Labgrid Console Logfile for main
Logfile started at 2025-10-29 15:44:17.963748
=== Log starts here ===
reading args
spl_load_image_fat_os: error reading image args, err - -1
reading u-boot.img
reading u-boot.img


U-Boot 2014.04-00014-g47880f5 (Apr 22 2014 - 13:23:54)

I2C:   ready
DRAM:  512 MiB
NAND:  0 MiB
MMC:   OMAP SD/MMC: 0, OMAP SD/MMC: 1
*** Warning - readenv() failed, using default environment

Net:   <ethaddr> not set. Validating first E-fuse MAC
cpsw, usb_ether
Hit any key to stop autoboot:  1  0 
gpio: pin 53 (gpio 53) value is 1
mmc0 is current device
gpio: pin 54 (gpio 54) value is 1
SD/MMC found on device 0
reading uEnv.txt
569 bytes read in 4 ms (138.7 KiB/s)
gpio: pin 55 (gpio 55) value is 1
Loaded environment from uEnv.txt
Importing environment from mmc ...
Checking if uenvcmd is set ...
gpio: pin 56 (gpio 56) value is 1
Running uenvcmd ...
cpsw Waiting for PHY auto negotiation to complete. done
link up on port 0, speed 100, full duplex
Using cpsw device
TFTP from server 192.168.255.126; our IP address is 192.168.255.1
Filename 'zImage'.
Load address: 0x81000000
Loading: *T #################################################################
	 #################################################################
	 #################################################################
	 #################################################################
	 #################################################################
	 ########
	 686.5 KiB/s
done
Bytes transferred = 4874184 (4a5fc8 hex)
link up on port 0, speed 100, full duplex
Using cpsw device
TFTP from server 192.168.255.126; our IP address is 192.168.255.1
Filename 'am335x-boneblack.dtb'.
Load address: 0x82000000
Loading: *#######
	 2.4 MiB/s
done
Bytes transferred = 94874 (1729a hex)
Kernel image @ 0x81000000 [ 0x000000 - 0x4a5fc8 ]
## Flattened Device Tree blob at 82000000
   Booting using the fdt blob at 0x82000000
   Using Device Tree in place at 82000000, end 8201a299

Starting kernel ...

[    0.000000] Booting Linux on physical CPU 0x0
[    0.000000] Linux version 5.15.196 (user01@drvtest01) (arm-none-eabi-gcc (Arm GNU Toolchain 14.2.Rel1 (Build arm-14.52)) 14.2.1 20241119, GNU ld (Arm GNU Toolchain 14.2.Rel1 (Build arm-14.52)) 2.43.1.20241119) #1 SMP Wed Oct 29 15:34:13 EET 2025
[    0.000000] CPU: ARMv7 Processor [413fc082] revision 2 (ARMv7), cr=10c5387d
[    0.000000] CPU: PIPT / VIPT nonaliasing data cache, VIPT aliasing instruction cache
[    0.000000] OF: fdt: Machine model: TI AM335x BeagleBone Black
[    0.000000] Memory policy: Data cache writeback
[    0.000000] cma: Reserved 16 MiB at 0x9e800000
[    0.000000] Zone ranges:
[    0.000000]   Normal   [mem 0x0000000080000000-0x000000009fdfffff]
[    0.000000]   HighMem  empty
[    0.000000] Movable zone start for each node
[    0.000000] Early memory node ranges
[    0.000000]   node   0: [mem 0x0000000080000000-0x000000009fdfffff]
[    0.000000] Initmem setup node 0 [mem 0x0000000080000000-0x000000009fdfffff]
[    0.000000] CPU: All CPU(s) started in SVC mode.
[    0.000000] AM335X ES2.1 (sgx neon)
[    0.000000] percpu: Embedded 16 pages/cpu s33804 r8192 d23540 u65536
[    0.000000] Built 1 zonelists, mobility grouping on.  Total pages: 129412
[    0.000000] Kernel command line: console=ttyO0,115200n8 root=/dev/nfs rw nfsroot=192.168.255.126:/home/user01/nfs,nfsvers=3 ip=192.168.255.1:192.168.255.126::255.255.255.0:bbb1:eth0 nfsrootdebug
[    0.000000] Unknown kernel command line parameters "nfsrootdebug", will be passed to user space.
[    0.000000] Dentry cache hash table entries: 65536 (order: 6, 262144 bytes, linear)
[    0.000000] Inode-cache hash table entries: 32768 (order: 5, 131072 bytes, linear)
[    0.000000] mem auto-init: stack:off, heap alloc:off, heap free:off
[    0.000000] Memory: 484752K/522240K available (10240K kernel code, 1080K rwdata, 2396K rodata, 1024K init, 246K bss, 21104K reserved, 16384K cma-reserved, 0K highmem)
[    0.000000] trace event string verifier disabled
[    0.000000] rcu: Hierarchical RCU implementation.
[    0.000000] rcu: 	RCU event tracing is enabled.
[    0.000000] rcu: 	RCU restricting CPUs from NR_CPUS=2 to nr_cpu_ids=1.
[    0.000000] rcu: RCU calculated value of scheduler-enlistment delay is 10 jiffies.
[    0.000000] rcu: Adjusting geometry for rcu_fanout_leaf=16, nr_cpu_ids=1
[    0.000000] NR_IRQS: 16, nr_irqs: 16, preallocated irqs: 16
[    0.000000] IRQ: Found an INTC at 0x(ptrval) (revision 5.0) with 128 interrupts
[    0.000000] TI gptimer clocksource: always-on /ocp/interconnect@44c00000/segment@200000/target-module@31000
[    0.000002] sched_clock: 32 bits at 24MHz, resolution 41ns, wraps every 89478484971ns
[    0.000028] clocksource: dmtimer: mask: 0xffffffff max_cycles: 0xffffffff, max_idle_ns: 79635851949 ns
[    0.000451] TI gptimer clockevent: 24000000 Hz at /ocp/interconnect@48000000/segment@0/target-module@40000
[    0.002278] Console: colour dummy device 80x30
[    0.002336] WARNING: Your 'console=ttyO0' has been replaced by 'ttyS0'
[    0.002348] This ensures that you still see kernel messages. Please
[    0.002356] update your kernel commandline.
[    0.002403] Calibrating delay loop... 996.14 BogoMIPS (lpj=4980736)
[    0.090569] CPU: Testing write buffer coherency: ok
[    0.090661] CPU0: Spectre v2: using BPIALL workaround
[    0.090676] pid_max: default: 32768 minimum: 301
[    0.090817] LSM: Security Framework initializing
[    0.090998] Mount-cache hash table entries: 1024 (order: 0, 4096 bytes, linear)
[    0.091026] Mountpoint-cache hash table entries: 1024 (order: 0, 4096 bytes, linear)
[    0.092602] CPU0: thread -1, cpu 0, socket -1, mpidr 0
[    0.093649] Setting up static identity map for 0x80100000 - 0x80100078
[    0.093881] rcu: Hierarchical SRCU implementation.
[    0.095086] smp: Bringing up secondary CPUs ...
[    0.095114] smp: Brought up 1 node, 1 CPU
[    0.095129] SMP: Total of 1 processors activated (996.14 BogoMIPS).
[    0.095143] CPU: All CPU(s) started in SVC mode.
[    0.095920] devtmpfs: initialized
[    0.110445] VFP support v0.3: implementor 41 architecture 3 part 30 variant c rev 3
[    0.110859] clocksource: jiffies: mask: 0xffffffff max_cycles: 0xffffffff, max_idle_ns: 19112604462750000 ns
[    0.110899] futex hash table entries: 256 (order: 2, 16384 bytes, linear)
[    0.112251] pinctrl core: initialized pinctrl subsystem
[    0.114194] NET: Registered PF_NETLINK/PF_ROUTE protocol family
[    0.116961] DMA: preallocated 256 KiB pool for atomic coherent allocations
[    0.117523] audit: initializing netlink subsys (disabled)
[    0.118729] thermal_sys: Registered thermal governor 'fair_share'
[    0.118751] thermal_sys: Registered thermal governor 'step_wise'
[    0.118766] thermal_sys: Registered thermal governor 'user_space'
[    0.119135] cpuidle: using governor menu
[    0.135428] No ATAGs?
[    0.135466] hw-breakpoint: debug architecture 0x4 unsupported.
[    0.143572] kprobes: kprobe jump-optimization is enabled. All kprobes are optimized if possible.
[    0.143921] audit: type=2000 audit(0.110:1): state=initialized audit_enabled=0 res=1
[    0.149976] iommu: Default domain type: Translated 
[    0.150001] iommu: DMA domain TLB invalidation policy: strict mode 
[    0.151399] vgaarb: loaded
[    0.151936] SCSI subsystem initialized
[    0.152676] pps_core: LinuxPPS API ver. 1 registered
[    0.152695] pps_core: Software ver. 5.3.6 - Copyright 2005-2007 Rodolfo Giometti <giometti@linux.it>
[    0.152725] PTP clock support registered
[    0.154065] clocksource: Switched to clocksource dmtimer
[    0.200575] VFS: Disk quotas dquot_6.6.0
[    0.200690] VFS: Dquot-cache hash table entries: 1024 (order 0, 4096 bytes)
[    0.268773] NET: Registered PF_INET protocol family
[    0.269107] IP idents hash table entries: 8192 (order: 4, 65536 bytes, linear)
[    0.270055] tcp_listen_portaddr_hash hash table entries: 512 (order: 0, 4096 bytes, linear)
[    0.270112] Table-perturb hash table entries: 65536 (order: 6, 262144 bytes, linear)
[    0.270142] TCP established hash table entries: 4096 (order: 2, 16384 bytes, linear)
[    0.270192] TCP bind hash table entries: 4096 (order: 3, 32768 bytes, linear)
[    0.270258] TCP: Hash tables configured (established 4096 bind 4096)
[    0.270397] UDP hash table entries: 256 (order: 1, 8192 bytes, linear)
[    0.270429] UDP-Lite hash table entries: 256 (order: 1, 8192 bytes, linear)
[    0.270624] NET: Registered PF_UNIX/PF_LOCAL protocol family
[    0.285499] RPC: Registered named UNIX socket transport module.
[    0.285534] RPC: Registered udp transport module.
[    0.285544] RPC: Registered tcp transport module.
[    0.285552] RPC: Registered tcp NFSv4.1 backchannel transport module.
[    0.285575] PCI: CLS 0 bytes, default 64
[    0.286951] Initialise system trusted keyrings
[    0.287847] workingset: timestamp_bits=14 max_order=17 bucket_order=3
[    0.289071] NFS: Registering the id_resolver key type
[    0.289184] Key type id_resolver registered
[    0.289197] Key type id_legacy registered
[    0.289253] jffs2: version 2.2. (NAND) (SUMMARY)  Â© 2001-2006 Red Hat, Inc.
[    0.289627] Key type asymmetric registered
[    0.289651] Asymmetric key parser 'x509' registered
[    0.289717] io scheduler mq-deadline registered
[    0.289732] io scheduler kyber registered
[    0.292315] hw perfevents: enabled with armv7_cortex_a8 PMU driver, 5 counters available
[    0.300501] l3-aon-clkctrl:0000:0: failed to disable
[    0.300820] Serial: 8250/16550 driver, 6 ports, IRQ sharing enabled
[    0.342301] brd: module loaded
[    0.349719] loop: module loaded
[    0.350621] mtdoops: mtd device (mtddev=name/number) must be supplied
[    0.352929] i2c_dev: i2c /dev entries driver
[    0.353830] cpuidle: enable-method property 'ti,am3352' found operations
[    0.354379] sdhci: Secure Digital Host Controller Interface driver
[    0.354398] sdhci: Copyright(c) Pierre Ossman
[    0.354576] sdhci-pltfm: SDHCI platform and OF driver helper
[    0.371165] ledtrig-cpu: registered to indicate activity on CPUs
[    0.371742] Initializing XFRM netlink socket
[    0.371964] NET: Registered PF_INET6 protocol family
[    0.373494] Segment Routing with IPv6
[    0.373579] In-situ OAM (IOAM) with IPv6
[    0.373677] sit: IPv6, IPv4 and MPLS over IPv4 tunneling driver
[    0.374622] NET: Registered PF_PACKET protocol family
[    0.374677] NET: Registered PF_KEY protocol family
[    0.374796] Key type dns_resolver registered
[    0.374898] ThumbEE CPU extension supported.
[    0.374922] Registering SWP/SWPB emulation handler
[    0.375429] omap_voltage_late_init: Voltage driver support not added
[    0.376064] SmartReflex Class3 initialized
[    0.376879] Loading compiled-in X.509 certificates
[    0.409622] pinctrl-single 44e10800.pinmux: 142 pins, size 568
[    0.413874] ti-sysc: probe of 44e31000.target-module failed with error -16
[    0.457322] ti-sysc: probe of 48040000.target-module failed with error -16
[    0.492741] OMAP GPIO hardware version 0.1
[    0.520692] omap_i2c 4819c000.i2c: bus 2 rev0.11 at 100 kHz
[    0.561367] sdhci-omap 481d8000.mmc: supply vqmmc not found, using dummy regulator
[    0.617171] davinci_mdio 4a101000.mdio: davinci mdio revision 1.6, bus freq 1000000
[    0.801419] davinci_mdio 4a101000.mdio: phy[0]: device 4a101000.mdio:00, driver SMSC LAN8710/LAN8720
[    0.802007] cpsw-switch 4a100000.switch: initialized cpsw ale version 1.4
[    0.802037] cpsw-switch 4a100000.switch: ALE Table size 1024
[    0.815727] cpsw-switch 4a100000.switch: cpts: overflow check period 500 (jiffies)
[    0.815761] cpsw-switch 4a100000.switch: CPTS: ref_clk_freq:250000000 calc_mult:2147483648 calc_shift:29 error:0 nsec/sec
[    0.815877] cpsw-switch 4a100000.switch: Detected MACID = 6c:ec:eb:68:de:78
[    0.817457] cpsw-switch 4a100000.switch: initialized (regs 0x4a100000, pool size 256) hw_ver:0019010C 1.12 (0)
[    0.826935] debugfs: Directory '49000000.dma' with parent 'dmaengine' already present!
[    0.826993] edma 49000000.dma: TI EDMA DMA engine driver
[    0.866436] 44e09000.serial: ttyS0 at MMIO 0x44e09000 (irq = 19, base_baud = 3000000) is a 8250
[    1.834701] printk: console [ttyS0] enabled
[    1.864813] tps65217-pmic: Failed to locate of_node [id: -1]
[    1.879987] tps65217-bl: Failed to locate of_node [id: -1]
[    1.888452] tps65217 0-0024: TPS65217 ID 0xe version 1.2
[    1.894456] i2c 0-0070: Fixing up cyclic dependency with 4830e000.lcdc
[    1.901313] omap_i2c 44e0b000.i2c: bus 0 rev0.11 at 400 kHz
[    1.908742] omap_gpio 44e07000.gpio: Could not set line 6 debounce to 200000 microseconds (-22)
[    1.917598] sdhci-omap 48060000.mmc: Got CD GPIO
[    1.922563] sdhci-omap 48060000.mmc: supply vqmmc not found, using dummy regulator
[    1.934853] sdhci-omap 481d8000.mmc: supply vqmmc not found, using dummy regulator
[    1.969822] mmc1: SDHCI controller on 481d8000.mmc [481d8000.mmc] using External DMA
[    1.978107] mmc0: SDHCI controller on 48060000.mmc [48060000.mmc] using External DMA
[    1.986742] cpsw-switch 4a100000.switch: starting ndev. mode: dual_mac
[    2.060491] mmc0: new high speed SDHC card at address aaaa
[    2.067466] mmcblk0: mmc0:aaaa SE32G 29.7 GiB 
[    2.076735]  mmcblk0: p1 p2
[    2.081617] mmc1: new high speed MMC card at address 0001
[    2.088249] mmcblk1: mmc1:0001 MMC04G 3.60 GiB 
[    2.095466]  mmcblk1: p1 p2
[    2.099467] mmcblk1boot0: mmc1:0001 MMC04G 2.00 MiB 
[    2.106608] mmcblk1boot1: mmc1:0001 MMC04G 2.00 MiB 
[    2.113374] mmcblk1rpmb: mmc1:0001 MMC04G 128 KiB, chardev (250:0)
[    2.145884] SMSC LAN8710/LAN8720 4a101000.mdio:00: attached PHY driver (mii_bus:phy_addr=4a101000.mdio:00, irq=POLL)
[    5.284788] cpsw-switch 4a100000.switch eth0: Link is Up - 100Mbps/Full - flow control off
[    5.304130] IPv6: ADDRCONF(NETDEV_CHANGE): eth0: link becomes ready
[    5.334070] IP-Config: Complete:
[    5.337330]      device=eth0, hwaddr=6c:ec:eb:68:de:78, ipaddr=192.168.255.1, mask=255.255.255.0, gw=255.255.255.255
[    5.347943]      host=bbb1, domain=, nis-domain=(none)
[    5.353106]      bootserver=192.168.255.126, rootserver=192.168.255.126, rootpath=
[    5.353478] clk: Disabling unused clocks
[    5.365322] TAP version 14
[    5.368047] 1..0
[    5.390876] VFS: Mounted root (nfs filesystem) on device 0:16.
[    5.397745] devtmpfs: mounted
[    5.402038] Freeing unused kernel image (initmem) memory: 1024K
[    5.408758] Run /sbin/init as init process
[    6.099687] systemd[1]: System time before build time, advancing clock.
[    6.300530] random: systemd: uninitialized urandom read (16 bytes read)
[    6.312446] random: systemd: uninitialized urandom read (16 bytes read)
[    6.322964] systemd[1]: systemd 232 running in system mode. (+PAM +AUDIT +SELINUX +IMA +APPARMOR +SMACK +SYSVINIT +UTMP +LIBCRYPTSETUP +GCRYPT +GNUTLS +ACL +XZ +LZ4 +SECCOMP +BLKID +ELFUTILS +KMOD +IDN)
[    6.342380] systemd[1]: Detected architecture arm.

Welcome to [1mDebian GNU/Linux 9 (stretch)[0m!

[    6.376934] systemd[1]: Set hostname to <arm>.
[    6.761726] random: systemd-cryptse: uninitialized urandom read (16 bytes read)
[    7.336764] random: systemd: uninitialized urandom read (16 bytes read)
[    7.343690] random: systemd: uninitialized urandom read (16 bytes read)
[    7.350989] random: systemd: uninitialized urandom read (16 bytes read)
[    7.364901] systemd[1]: Listening on /dev/initctl Compatibility Named Pipe.
[[0;32m  OK  [0m] Listening on /dev/initctl Compatibility Named Pipe.
[    7.405740] systemd[1]: Created slice User and Session Slice.
[[0;32m  OK  [0m] Created slice User and Session Slice.
[    7.446075] systemd[1]: Listening on Journal Socket.
[[0;32m  OK  [0m] Listening on Journal Socket.
[    7.484624] systemd[1]: Reached target Swap.
[[0;32m  OK  [0m] Reached target Swap.
[    7.514904] systemd[1]: Started Dispatch Password Requests to Console Directory Watch.
[[0;32m  OK  [0m] Started Dispatch Password Requests to Console Directory Watch.
[    7.555696] systemd[1]: Set up automount Arbitrary Executable File Formats File System Automount Point.
[[0;32m  OK  [0m] Set up automount Arbitrary Executabâ€¦rmats File System Automount Point.
[    7.594893] systemd[1]: Started Forward Password Requests to Wall Directory Watch.
[[0;32m  OK  [0m] Started Forward Password Requests to Wall Directory Watch.
[[0;32m  OK  [0m] Reached target Paths.
[[0;32m  OK  [0m] Reached target Remote File Systems.
[[0;32m  OK  [0m] Listening on Syslog Socket.
[[0;32m  OK  [0m] Created slice System Slice.
[[0;32m  OK  [0m] Created slice system-serial\x2dgetty.slice.
         Mounting POSIX Message Queue File System...
[[0;32m  OK  [0m] Reached target Slices.
[[0;32m  OK  [0m] Created slice system-getty.slice.
         Starting Load Kernel Modules...
         Mounting Debug File System...
         Starting Remount Root and Kernel File Systems...
         Starting Create list of required stâ€¦ce nodes for the current kernel...
[[0;32m  OK  [0m] Listening on Journal Audit Socket.
[[0;32m  OK  [0m] Listening on udev Kernel Socket.
[[0;32m  OK  [0m] Listening on udev Control Socket.
[[0;32m  OK  [0m] Listening on Journal Socket (/dev/log).
[[0;32m  OK  [0m] Reached target Encrypted Volumes.
         Starting Journal Service...
[[0;32m  OK  [0m] Mounted POSIX Message Queue File System.
[[0;32m  OK  [0m] Mounted Debug File System.
[[0;32m  OK  [0m] Started Load Kernel Modules.
[[0;32m  OK  [0m] Started Remount Root and Kernel File Systems.
[[0;32m  OK  [0m] Started Create list of required staâ€¦vice nodes for the current kernel.
         Starting Create Static Device Nodes in /dev...
[    8.350025] random: systemd: uninitialized urandom read (16 bytes read)
         Starting Load/Save Random Seed...
[    8.390256] random: systemd-journal: uninitialized urandom read (16 bytes read)
[    8.425642] random: systemd: uninitialized urandom read (16 bytes read)
         Starting udev Coldplug all Devices...
         Starting Apply Kernel Variables...
         Mounting Configuration File System...
[[0;32m  OK  [0m] Started Load/Save Random Seed.
[[0;32m  OK  [0m] Mounted Configuration File System.
[[0;32m  OK  [0m] Started Apply Kernel Variables.
[[0;32m  OK  [0m] Started Create Static Device Nodes in /dev.
         Starting udev Kernel Device Manager...
[[0;32m  OK  [0m] Reached target Local File Systems (Pre).
[[0;32m  OK  [0m] Reached target Local File Systems.
         Starting Raise network interfaces...
[    9.395184] random: systemd-journal: uninitialized urandom read (16 bytes read)
[[0;32m  OK  [0m] Started Journal Service.
         Starting Flush Journal to Persistent Storage...
[[0;32m  OK  [0m] Started udev Kernel Device Manager.
[   10.163202] systemd-journald[97]: Received request to flush runtime journal from PID 1
[[0;32m  OK  [0m] Started Flush Journal to Persistent Storage.
         Starting Create Volatile Files and Directories...
[[0;32m  OK  [0m] Started Create Volatile Files and Directories.
         Starting Network Time Synchronization...
         Starting Update UTMP about System Boot/Shutdown...
[   11.624202] random: crng init done
[   11.627663] random: 438 urandom warning(s) missed due to ratelimiting
[[0;32m  OK  [0m] Started Update UTMP about System Boot/Shutdown.
[[0;32m  OK  [0m] Started Network Time Synchronization.
[[0;32m  OK  [0m] Reached target System Time Synchronized.
[[0;32m  OK  [0m] Started udev Coldplug all Devices.
[[0;32m  OK  [0m] Reached target System Initialization.
[[0;32m  OK  [0m] Listening on D-Bus System Message Bus Socket.
[[0;32m  OK  [0m] Listening on Avahi mDNS/DNS-SD Stack Activation Socket.
[[0;32m  OK  [0m] Reached target Sockets.
[[0;32m  OK  [0m] Started Daily Cleanup of Temporary Directories.
[[0;32m  OK  [0m] Started Daily apt download activities.
[   12.687551] remoteproc remoteproc0: wkup_m3 is available
[[0;32m  OK  [0m] Started Daily apt upgrade and clean activities.
[[0;32m  OK  [0m] Reached target Timers.
[[0;32m  OK  [0m] Reached target Basic System.
         Starting System Logging Service...
         Starting Avahi mDNS/DNS-SD Stack...
[   12.926693] at24 2-0054: supply vcc not found, using dummy regulator
         Starting Login Service...
[   13.128461] at24 2-0055: supply vcc not found, using dummy regulator
         Starting Generic Board Startup...
         Starting LSB: Load kernel modules needed to enable cpufreq scaling...
[   13.252161] at24 2-0056: supply vcc not found, using dummy regulator
[[0;32m  OK  [0m] Started D-Bus System Message Bus.
[   13.359226] at24 2-0057: supply vcc not found, using dummy regulator
[   13.455737] tps6521x_pwrbutton tps65217-pwrbutton: DMA mask not set
[   13.465862] omap_wdt: OMAP Watchdog Timer Rev 0x01: initial timeout 60 sec
[   13.524631] at24 0-0050: supply vcc not found, using dummy regulator
[   13.630874] at24 0-0050: 32768 byte 24c256 EEPROM, writable, 1 bytes/write
[   13.640119] input: tps65217_pwrbutton as /devices/platform/ocp/44c00000.interconnect/44c00000.interconnect:segment@200000/44e0b000.target-module/44e0b000.i2c/i2c-0/0-0024/tps65217-pwrbutton/input/input0
[   13.724691] omap_rtc 44e3e000.rtc: registered as rtc0
[   13.729880] omap_rtc 44e3e000.rtc: setting system clock to 2000-01-01T00:00:00 UTC (946684800)
[   14.115476] am335x-phy-driver 47401300.usb-phy: supply vcc not found, using dummy regulator
[   14.426059] usbcore: registered new interface driver usbfs
[   14.431670] usbcore: registered new interface driver hub
[   14.437194] usbcore: registered new device driver usb
[   14.818313] am335x-phy-driver 47401b00.usb-phy: supply vcc not found, using dummy regulator
[   15.080279] tda998x 0-0070: found TDA19988
[   15.268643] omap-mailbox 480c8000.mailbox: omap mailbox rev 0x400
[   15.301509] remoteproc remoteproc0: powering up wkup_m3
[   15.320156] musb-hdrc musb-hdrc.1: MUSB HDRC host driver
[   15.325692] musb-hdrc musb-hdrc.1: new USB bus registered, assigned bus number 1
[   15.517867] remoteproc remoteproc0: Direct firmware load for am335x-pm-firmware.elf failed with error -2
[   15.528970] remoteproc remoteproc0: request_firmware failed: -2
[   15.535059] wkup_m3_ipc 44e11324.wkup_m3_ipc: rproc_boot failed
[   15.654829] usb usb1: New USB device found, idVendor=1d6b, idProduct=0002, bcdDevice= 5.15
[   15.663279] usb usb1: New USB device strings: Mfr=3, Product=2, SerialNumber=1
[   15.670620] usb usb1: Product: MUSB HDRC host driver
[   15.675633] usb usb1: Manufacturer: Linux 5.15.196 musb-hcd
[   15.681233] usb usb1: SerialNumber: musb-hdrc.1
[   16.217298] hub 1-0:1.0: USB hub found
[   16.299439] hub 1-0:1.0: 1 port detected
[[0;32m  OK  [0m] Started Avahi mDNS/DNS-SD Stack.
         Starting Connection service...
         Starting DUN service...
         Starting Telephony service...
         Starting Cape Manager Service...
         Starting LSB: Start busybox udhcpd at boot time...
[   17.107345] omap_rng 48310000.rng: Random Number Generator ver. 20
[   17.151563] tilcdc 4830e000.lcdc: bound 0-0070 (ops tda998x_driver_exit [tda998x])
[[0;32m  OK  [0m] Started Regular background program processing daemon.
[   17.343103] [drm] Initialized tilcdc 1.0.0 20121205 for 4830e000.lcdc on minor 0
[   17.533152] tilcdc 4830e000.lcdc: [drm] Cannot find any crtc or sizes
[   17.554643] tilcdc 4830e000.lcdc: [drm] Cannot find any crtc or sizes
[[0;32m  OK  [0m] Started System Logging Service.
[   18.416817] PM: Cannot get wkup_m3_ipc handle
[[0;32m  OK  [0m] Found device /dev/ttyS0.
[   18.534912] omap-sham 53100000.sham: hw accel on OMAP rev 4.3
[[0;32m  OK  [0m] Started Cape Manager Service.
[   18.662242] omap-aes 53500000.aes: OMAP AES hw accel rev: 3.2
[   18.679174] omap-sham 53100000.sham: will run requests pump with realtime priority
[   18.748946] omap-aes 53500000.aes: will run requests pump with realtime priority
[   18.895139] PM: Cannot get wkup_m3_ipc handle
[   18.938075] PM: Cannot get wkup_m3_ipc handle
[   19.641046] Bluetooth: Core ver 2.22
[   19.645030] NET: Registered PF_BLUETOOTH protocol family
[   19.650377] Bluetooth: HCI device and connection manager initialized
[   19.656859] Bluetooth: HCI socket layer initialized
[   19.661768] Bluetooth: L2CAP socket layer initialized
[   19.666898] Bluetooth: SCO socket layer initialized
[[0;32m  OK  [0m] Started Raise network interfaces.
[   22.088287] PM: Cannot get wkup_m3_ipc handle
[   22.223195] PM: Cannot get wkup_m3_ipc handle
[[0;32m  OK  [0m] Started LSB: Start busybox udhcpd at boot time.
[   22.892665] using random self ethernet address
[   22.897282] using random host ethernet address
[   23.167654] using random self ethernet address
[   23.172166] using random host ethernet address
[   23.722189] usb0: HOST MAC 1c:ba:8c:a2:ed:6c
[   23.726730] usb0: MAC 1c:ba:8c:a2:ed:70
[   23.731442] usb1: HOST MAC 1c:ba:8c:a2:ed:6c
[   23.735830] usb1: MAC 1c:ba:8c:a2:ed:6d
[[0;32m  OK  [0m] Started LSB: Load kernel modules needed to enable cpufreq scaling.
[[0;32m  OK  [0m] Started DUN service.
[[0;32m  OK  [0m] Started Telephony service.
[[0;32m  OK  [0m] Started Connection service.
[[0;32m  OK  [0m] Started Login Service.
         Starting Hostname Service...
         Starting WPA supplicant...
[[0;32m  OK  [0m] Reached target Sound Card.
         Starting LSB: set CPUFreq kernel parameters...
         Stopping LSB: Start busybox udhcpd at boot time...
[[0;32m  OK  [0m] Started WPA supplicant.
[[0;32m  OK  [0m] Reached target Network.
         Starting Permit User Sessions...
[[0;32m  OK  [0m] Reached target Network is Online.
         Starting LSB: Advanced IEEE 802.11 management daemon...
         Starting The Apache HTTP Server...
         Starting OpenBSD Secure Shell server...
[[0;32m  OK  [0m] Started Permit User Sessions.
[[0;32m  OK  [0m] Started LSB: Advanced IEEE 802.11 management daemon.
[[0;32m  OK  [0m] Started Hostname Service.
[[0;32m  OK  [0m] Stopped LSB: Start busybox udhcpd at boot time.
[[0;32m  OK  [0m] Started Serial Getty on ttyS0.
[[0;32m  OK  [0m] Started Getty on tty1.
[[0;32m  OK  [0m] Reached target Login Prompts.
[[0;32m  OK  [0m] Started LSB: set CPUFreq kernel parameters.
         Starting dnsmasq - A lightweight DHCP and caching DNS server...
[[0;32m  OK  [0m] Started OpenBSD Secure Shell server.
[[0;32m  OK  [0m] Started The Apache HTTP Server.
[[0;32m  OK  [0m] Started dnsmasq - A lightweight DHCP and caching DNS server.
[[0;32m  OK  [0m] Reached target Host and Network Name Lookups.
[[0;32m  OK  [0m] Started Serial Getty on ttyGS0.
[[0;32m  OK  [0m] Started Generic Board Startup.
[[0;32m  OK  [0m] Reached target Multi-User System.
[[0;32m  OK  [0m] Reached target Graphical Interface.
         Starting Update UTMP about System Runlevel Changes...
[[0;32m  OK  [0m] Started Update UTMP about System Runlevel Changes.

Debian GNU/Linux 9 arm ttyS0

default username:password is [debian:temppwd]

arm login: roo
Password: 
Last login: Sat Dec  9 19:10:30 UTC 2017 on ttyS0
root
Linux arm 5.15.196 #1 SMP Wed Oct 29 15:34:13 EET 2025 armv7l

The programs included with the Debian GNU/Linux system are free software;
the exact distribution terms for each program are described in the
individual files in /usr/share/doc/*/copyright.

Debian GNU/Linux comes with ABSOLUTELY NO WARRANTY, to the extent
permitted by applicable law.
root@arm:~# root
-bash: root: command not found
root@arm:~# dmesg -n 1
root@arm:~# echo 'WXKO''QBPTJP'
WXKOQBPTJP
root@arm:~# run() { echo -n "$MARKER"; sh -c "$@"; echo "$MARKER $?"; }
root@arm:~# echo 'UQLZ''UAHHPV'
UQLZUAHHPV
root@arm:~# MARKER='XTAJ''BYXFUP' run 'cat /proc/version'
XTAJBYXFUPLinux version 5.15.196 (user01@drvtest01) (arm-none-eabi-gcc (Arm GNU Toolchain 14.2.Rel1 (Build arm-14.52)) 14.2.1 20241119, GNU ld (Arm GNU Toolchain 14.2.Rel1 (Build arm-14.52)) 2.43.1.20241119) #1 SMP Wed Oct 29 15:34:13 EET 2025
XTAJBYXFUP 0
root@arm:~# echo 'AYEO''XUQKMP'
AYEOXUQKMP
root@arm:~# MARKER='SUYM''MAHLZA' run false
SUYMMAHLZASUYMMAHLZA 1
root@arm:~# Labgrid Console Logfile for main
Logfile started at 2025-10-29 15:45:13.580853
=== Log starts here ===

root@arm:~# run() { echo -n "$MARKER"; sh -c "$@"; echo "$MARKER $?"; }
root@arm:~# echo 'EAXW''XGQVAW'
EAXWXGQVAW
root@arm:~# MARKER='VUYN''TVAMGJ' run 'ls /iio_generic_buffer; echo $?'
VUYNTVAMGJ/iio_generic_buffer
0
VUYNTVAMGJ 0
root@arm:~# Labgrid Console Logfile for main
Logfile started at 2025-10-29 15:45:16.956037
=== Log starts here ===

root@arm:~# run() { echo -n "$MARKER"; sh -c "$@"; echo "$MARKER $?"; }
root@arm:~# echo 'TGZN''WVBTMA'
TGZNWVBTMA
root@arm:~# MARKER='BGMN''GOEBFG' run dmesg
BGMNGOEBFG[    0.000000] Booting Linux on physical CPU 0x0
[    0.000000] Linux version 5.15.196 (user01@drvtest01) (arm-none-eabi-gcc (Arm GNU Toolchain 14.2.Rel1 (Build arm-14.52)) 14.2.1 20241119, GNU ld (Arm GNU Toolchain 14.2.Rel1 (Build arm-14.52)) 2.43.1.20241119) #1 SMP Wed Oct 29 15:34:13 EET 2025
[    0.000000] CPU: ARMv7 Processor [413fc082] revision 2 (ARMv7), cr=10c5387d
[    0.000000] CPU: PIPT / VIPT nonaliasing data cache, VIPT aliasing instruction cache
[    0.000000] OF: fdt: Machine model: TI AM335x BeagleBone Black
[    0.000000] Memory policy: Data cache writeback
[    0.000000] cma: Reserved 16 MiB at 0x9e800000
[    0.000000] Zone ranges:
[    0.000000]   Normal   [mem 0x0000000080000000-0x000000009fdfffff]
[    0.000000]   HighMem  empty
[    0.000000] Movable zone start for each node
[    0.000000] Early memory node ranges
[    0.000000]   node   0: [mem 0x0000000080000000-0x000000009fdfffff]
[    0.000000] Initmem setup node 0 [mem 0x0000000080000000-0x000000009fdfffff]
[    0.000000] CPU: All CPU(s) started in SVC mode.
[    0.000000] AM335X ES2.1 (sgx neon)
[    0.000000] percpu: Embedded 16 pages/cpu s33804 r8192 d23540 u65536
[    0.000000] pcpu-alloc: s33804 r8192 d23540 u65536 alloc=16*4096
[    0.000000] pcpu-alloc: [0] 0 
[    0.000000] Built 1 zonelists, mobility grouping on.  Total pages: 129412
[    0.000000] Kernel command line: console=ttyO0,115200n8 root=/dev/nfs rw nfsroot=192.168.255.126:/home/user01/nfs,nfsvers=3 ip=192.168.255.1:192.168.255.126::255.255.255.0:bbb1:eth0 nfsrootdebug
[    0.000000] Unknown kernel command line parameters "nfsrootdebug", will be passed to user space.
[    0.000000] Dentry cache hash table entries: 65536 (order: 6, 262144 bytes, linear)
[    0.000000] Inode-cache hash table entries: 32768 (order: 5, 131072 bytes, linear)
[    0.000000] mem auto-init: stack:off, heap alloc:off, heap free:off
[    0.000000] Memory: 484752K/522240K available (10240K kernel code, 1080K rwdata, 2396K rodata, 1024K init, 246K bss, 21104K reserved, 16384K cma-reserved, 0K highmem)
[    0.000000] trace event string verifier disabled
[    0.000000] rcu: Hierarchical RCU implementation.
[    0.000000] rcu: 	RCU event tracing is enabled.
[    0.000000] rcu: 	RCU restricting CPUs from NR_CPUS=2 to nr_cpu_ids=1.
[    0.000000] rcu: RCU calculated value of scheduler-enlistment delay is 10 jiffies.
[    0.000000] rcu: Adjusting geometry for rcu_fanout_leaf=16, nr_cpu_ids=1
[    0.000000] NR_IRQS: 16, nr_irqs: 16, preallocated irqs: 16
[    0.000000] IRQ: Found an INTC at 0x(ptrval) (revision 5.0) with 128 interrupts
[    0.000000] TI gptimer clocksource: always-on /ocp/interconnect@44c00000/segment@200000/target-module@31000
[    0.000002] sched_clock: 32 bits at 24MHz, resolution 41ns, wraps every 89478484971ns
[    0.000028] clocksource: dmtimer: mask: 0xffffffff max_cycles: 0xffffffff, max_idle_ns: 79635851949 ns
[    0.000451] TI gptimer clockevent: 24000000 Hz at /ocp/interconnect@48000000/segment@0/target-module@40000
[    0.002278] Console: colour dummy device 80x30
[    0.002336] WARNING: Your 'console=ttyO0' has been replaced by 'ttyS0'
[    0.002348] This ensures that you still see kernel messages. Please
[    0.002356] update your kernel commandline.
[    0.002403] Calibrating delay loop... 996.14 BogoMIPS (lpj=4980736)
[    0.090569] CPU: Testing write buffer coherency: ok
[    0.090661] CPU0: Spectre v2: using BPIALL workaround
[    0.090676] pid_max: default: 32768 minimum: 301
[    0.090817] LSM: Security Framework initializing
[    0.090998] Mount-cache hash table entries: 1024 (order: 0, 4096 bytes, linear)
[    0.091026] Mountpoint-cache hash table entries: 1024 (order: 0, 4096 bytes, linear)
[    0.092602] CPU0: thread -1, cpu 0, socket -1, mpidr 0
[    0.093649] Setting up static identity map for 0x80100000 - 0x80100078
[    0.093881] rcu: Hierarchical SRCU implementation.
[    0.095086] smp: Bringing up secondary CPUs ...
[    0.095114] smp: Brought up 1 node, 1 CPU
[    0.095129] SMP: Total of 1 processors activated (996.14 BogoMIPS).
[    0.095143] CPU: All CPU(s) started in SVC mode.
[    0.095920] devtmpfs: initialized
[    0.110445] VFP support v0.3: implementor 41 architecture 3 part 30 variant c rev 3
[    0.110859] clocksource: jiffies: mask: 0xffffffff max_cycles: 0xffffffff, max_idle_ns: 19112604462750000 ns
[    0.110899] futex hash table entries: 256 (order: 2, 16384 bytes, linear)
[    0.112251] pinctrl core: initialized pinctrl subsystem
[    0.114194] NET: Registered PF_NETLINK/PF_ROUTE protocol family
[    0.116961] DMA: preallocated 256 KiB pool for atomic coherent allocations
[    0.117523] audit: initializing netlink subsys (disabled)
[    0.118729] thermal_sys: Registered thermal governor 'fair_share'
[    0.118751] thermal_sys: Registered thermal governor 'step_wise'
[    0.118766] thermal_sys: Registered thermal governor 'user_space'
[    0.119135] cpuidle: using governor menu
[    0.135428] No ATAGs?
[    0.135466] hw-breakpoint: debug architecture 0x4 unsupported.
[    0.143572] kprobes: kprobe jump-optimization is enabled. All kprobes are optimized if possible.
[    0.143921] audit: type=2000 audit(0.110:1): state=initialized audit_enabled=0 res=1
[    0.148730] reg-fixed-voltage fixedregulator0: GPIO lookup for consumer (null)
[    0.148757] reg-fixed-voltage fixedregulator0: using device tree for GPIO lookup
[    0.148781] of_get_named_gpiod_flags: can't parse 'gpios' property of node '/fixedregulator0[0]'
[    0.148822] of_get_named_gpiod_flags: can't parse 'gpio' property of node '/fixedregulator0[0]'
[    0.148845] reg-fixed-voltage fixedregulator0: using lookup tables for GPIO lookup
[    0.148857] reg-fixed-voltage fixedregulator0: No GPIO consumer (null) found
[    0.149976] iommu: Default domain type: Translated 
[    0.150001] iommu: DMA domain TLB invalidation policy: strict mode 
[    0.151399] vgaarb: loaded
[    0.151936] SCSI subsystem initialized
[    0.152349] libata version 3.00 loaded.
[    0.152676] pps_core: LinuxPPS API ver. 1 registered
[    0.152695] pps_core: Software ver. 5.3.6 - Copyright 2005-2007 Rodolfo Giometti <giometti@linux.it>
[    0.152725] PTP clock support registered
[    0.154065] clocksource: Switched to clocksource dmtimer
[    0.200575] VFS: Disk quotas dquot_6.6.0
[    0.200690] VFS: Dquot-cache hash table entries: 1024 (order 0, 4096 bytes)
[    0.268773] NET: Registered PF_INET protocol family
[    0.269107] IP idents hash table entries: 8192 (order: 4, 65536 bytes, linear)
[    0.270055] tcp_listen_portaddr_hash hash table entries: 512 (order: 0, 4096 bytes, linear)
[    0.270112] Table-perturb hash table entries: 65536 (order: 6, 262144 bytes, linear)
[    0.270142] TCP established hash table entries: 4096 (order: 2, 16384 bytes, linear)
[    0.270192] TCP bind hash table entries: 4096 (order: 3, 32768 bytes, linear)
[    0.270258] TCP: Hash tables configured (established 4096 bind 4096)
[    0.270397] UDP hash table entries: 256 (order: 1, 8192 bytes, linear)
[    0.270429] UDP-Lite hash table entries: 256 (order: 1, 8192 bytes, linear)
[    0.270624] NET: Registered PF_UNIX/PF_LOCAL protocol family
[    0.285499] RPC: Registered named UNIX socket transport module.
[    0.285534] RPC: Registered udp transport module.
[    0.285544] RPC: Registered tcp transport module.
[    0.285552] RPC: Registered tcp NFSv4.1 backchannel transport module.
[    0.285575] PCI: CLS 0 bytes, default 64
[    0.286951] Initialise system trusted keyrings
[    0.287847] workingset: timestamp_bits=14 max_order=17 bucket_order=3
[    0.289071] NFS: Registering the id_resolver key type
[    0.289184] Key type id_resolver registered
[    0.289197] Key type id_legacy registered
[    0.289253] jffs2: version 2.2. (NAND) (SUMMARY)  Â© 2001-2006 Red Hat, Inc.
[    0.289627] Key type asymmetric registered
[    0.289651] Asymmetric key parser 'x509' registered
[    0.289717] io scheduler mq-deadline registered
[    0.289732] io scheduler kyber registered
[    0.292315] hw perfevents: enabled with armv7_cortex_a8 PMU driver, 5 counters available
[    0.300501] l3-aon-clkctrl:0000:0: failed to disable
[    0.300820] Serial: 8250/16550 driver, 6 ports, IRQ sharing enabled
[    0.342301] brd: module loaded
[    0.349719] loop: module loaded
[    0.350621] mtdoops: mtd device (mtddev=name/number) must be supplied
[    0.351855] mdio_bus fixed-0: GPIO lookup for consumer reset
[    0.351879] mdio_bus fixed-0: using lookup tables for GPIO lookup
[    0.351890] mdio_bus fixed-0: No GPIO consumer reset found
[    0.352929] i2c_dev: i2c /dev entries driver
[    0.353830] cpuidle: enable-method property 'ti,am3352' found operations
[    0.354379] sdhci: Secure Digital Host Controller Interface driver
[    0.354398] sdhci: Copyright(c) Pierre Ossman
[    0.354576] sdhci-pltfm: SDHCI platform and OF driver helper
[    0.371165] ledtrig-cpu: registered to indicate activity on CPUs
[    0.371742] Initializing XFRM netlink socket
[    0.371964] NET: Registered PF_INET6 protocol family
[    0.373494] Segment Routing with IPv6
[    0.373579] In-situ OAM (IOAM) with IPv6
[    0.373677] sit: IPv6, IPv4 and MPLS over IPv4 tunneling driver
[    0.374622] NET: Registered PF_PACKET protocol family
[    0.374677] NET: Registered PF_KEY protocol family
[    0.374796] Key type dns_resolver registered
[    0.374898] ThumbEE CPU extension supported.
[    0.374922] Registering SWP/SWPB emulation handler
[    0.375429] omap_voltage_late_init: Voltage driver support not added
[    0.376064] SmartReflex Class3 initialized
[    0.376879] Loading compiled-in X.509 certificates
[    0.409622] pinctrl-single 44e10800.pinmux: 142 pins, size 568
[    0.413874] ti-sysc: probe of 44e31000.target-module failed with error -16
[    0.457322] ti-sysc: probe of 48040000.target-module failed with error -16
[    0.467432] gpio gpiochip0: (gpio-0-31): created GPIO range 0->7 ==> 44e10800.pinmux PIN 0->7
[    0.467477] gpio gpiochip0: (gpio-0-31): created GPIO range 8->11 ==> 44e10800.pinmux PIN 90->93
[    0.467496] gpio gpiochip0: (gpio-0-31): created GPIO range 12->27 ==> 44e10800.pinmux PIN 12->27
[    0.467514] gpio gpiochip0: (gpio-0-31): created GPIO range 28->31 ==> 44e10800.pinmux PIN 30->33
[    0.492476] gpio gpiochip0: (gpio-0-31): added GPIO chardev (254:0)
[    0.492648] gpio gpiochip0: registered GPIOs 0 to 31 on gpio-0-31
[    0.492741] OMAP GPIO hardware version 0.1
[    0.519715] i2c i2c-2: GPIO lookup for consumer scl
[    0.519750] i2c i2c-2: using device tree for GPIO lookup
[    0.519778] of_get_named_gpiod_flags: can't parse 'scl-gpios' property of node '/ocp/interconnect@48000000/segment@100000/target-module@9c000/i2c@0[0]'
[    0.519828] of_get_named_gpiod_flags: can't parse 'scl-gpio' property of node '/ocp/interconnect@48000000/segment@100000/target-module@9c000/i2c@0[0]'
[    0.519871] i2c i2c-2: using lookup tables for GPIO lookup
[    0.519883] i2c i2c-2: No GPIO consumer scl found
[    0.519906] i2c i2c-2: GPIO lookup for consumer sda
[    0.519916] i2c i2c-2: using device tree for GPIO lookup
[    0.519931] of_get_named_gpiod_flags: can't parse 'sda-gpios' property of node '/ocp/interconnect@48000000/segment@100000/target-module@9c000/i2c@0[0]'
[    0.519974] of_get_named_gpiod_flags: can't parse 'sda-gpio' property of node '/ocp/interconnect@48000000/segment@100000/target-module@9c000/i2c@0[0]'
[    0.520012] i2c i2c-2: using lookup tables for GPIO lookup
[    0.520021] i2c i2c-2: No GPIO consumer sda found
[    0.520692] omap_i2c 4819c000.i2c: bus 2 rev0.11 at 100 kHz
[    0.526141] gpio gpiochip1: (gpio-32-63): created GPIO range 0->17 ==> 44e10800.pinmux PIN 34->51
[    0.526183] gpio gpiochip1: (gpio-32-63): created GPIO range 18->21 ==> 44e10800.pinmux PIN 77->80
[    0.526202] gpio gpiochip1: (gpio-32-63): created GPIO range 22->31 ==> 44e10800.pinmux PIN 56->65
[    0.539361] gpio gpiochip1: (gpio-32-63): added GPIO chardev (254:1)
[    0.539501] gpio gpiochip1: registered GPIOs 32 to 63 on gpio-32-63
[    0.541607] gpio gpiochip2: (gpio-64-95): created GPIO range 0->4 ==> 44e10800.pinmux PIN 66->70
[    0.541642] gpio gpiochip2: (gpio-64-95): created GPIO range 5->6 ==> 44e10800.pinmux PIN 98->99
[    0.541660] gpio gpiochip2: (gpio-64-95): created GPIO range 7->8 ==> 44e10800.pinmux PIN 75->76
[    0.541678] gpio gpiochip2: (gpio-64-95): created GPIO range 13->13 ==> 44e10800.pinmux PIN 141->141
[    0.541697] gpio gpiochip2: (gpio-64-95): created GPIO range 14->21 ==> 44e10800.pinmux PIN 100->107
[    0.542115] gpio gpiochip2: (gpio-64-95): added GPIO chardev (254:2)
[    0.542241] gpio gpiochip2: registered GPIOs 64 to 95 on gpio-64-95
[    0.559874] mdio_bus 4a101000.mdio: GPIO lookup for consumer reset
[    0.559912] mdio_bus 4a101000.mdio: using device tree for GPIO lookup
[    0.559939] of_get_named_gpiod_flags: can't parse 'reset-gpios' property of node '/ocp/interconnect@4a000000/segment@0/target-module@100000/switch@0/mdio@1000[0]'
[    0.559994] of_get_named_gpiod_flags: can't parse 'reset-gpio' property of node '/ocp/interconnect@4a000000/segment@0/target-module@100000/switch@0/mdio@1000[0]'
[    0.560045] mdio_bus 4a101000.mdio: using lookup tables for GPIO lookup
[    0.560056] mdio_bus 4a101000.mdio: No GPIO consumer reset found
[    0.561031] sdhci-omap 481d8000.mmc: GPIO lookup for consumer wp
[    0.561057] sdhci-omap 481d8000.mmc: using device tree for GPIO lookup
[    0.561079] of_get_named_gpiod_flags: can't parse 'wp-gpios' property of node '/ocp/interconnect@48000000/segment@100000/target-module@d8000/mmc@0[0]'
[    0.561138] of_get_named_gpiod_flags: can't parse 'wp-gpio' property of node '/ocp/interconnect@48000000/segment@100000/target-module@d8000/mmc@0[0]'
[    0.561183] sdhci-omap 481d8000.mmc: using lookup tables for GPIO lookup
[    0.561194] sdhci-omap 481d8000.mmc: No GPIO consumer wp found
[    0.561367] sdhci-omap 481d8000.mmc: supply vqmmc not found, using dummy regulator
[    0.617171] davinci_mdio 4a101000.mdio: davinci mdio revision 1.6, bus freq 1000000
[    0.636868] mdio_bus 4a101000.mdio:00: GPIO lookup for consumer reset
[    0.636893] mdio_bus 4a101000.mdio:00: using device tree for GPIO lookup
[    0.636936] of_get_named_gpiod_flags: parsed 'reset-gpios' property of node '/ocp/interconnect@4a000000/segment@0/target-module@100000/switch@0/mdio@1000/ethernet-phy@0[0]' - status (0)
[    0.637105] gpio gpiochip0: Persistence not supported for GPIO 8
[    0.801419] davinci_mdio 4a101000.mdio: phy[0]: device 4a101000.mdio:00, driver SMSC LAN8710/LAN8720
[    0.802007] cpsw-switch 4a100000.switch: initialized cpsw ale version 1.4
[    0.802037] cpsw-switch 4a100000.switch: ALE Table size 1024
[    0.815727] cpsw-switch 4a100000.switch: cpts: overflow check period 500 (jiffies)
[    0.815761] cpsw-switch 4a100000.switch: CPTS: ref_clk_freq:250000000 calc_mult:2147483648 calc_shift:29 error:0 nsec/sec
[    0.815877] cpsw-switch 4a100000.switch: Detected MACID = 6c:ec:eb:68:de:78
[    0.817457] cpsw-switch 4a100000.switch: initialized (regs 0x4a100000, pool size 256) hw_ver:0019010C 1.12 (0)
[    0.826935] debugfs: Directory '49000000.dma' with parent 'dmaengine' already present!
[    0.826993] edma 49000000.dma: TI EDMA DMA engine driver
[    0.853712] gpio-clk clk_mcasp0: GPIO lookup for consumer enable
[    0.853750] gpio-clk clk_mcasp0: using device tree for GPIO lookup
[    0.853790] of_get_named_gpiod_flags: parsed 'enable-gpios' property of node '/clk_mcasp0[0]' - status (0)
[    0.853835] gpio gpiochip0: Persistence not supported for GPIO 27
[    0.854719] gpio gpiochip3: (gpio-96-127): created GPIO range 0->7 ==> 44e10800.pinmux PIN 82->89
[    0.854753] gpio gpiochip3: (gpio-96-127): created GPIO range 8->11 ==> 44e10800.pinmux PIN 52->55
[    0.854773] gpio gpiochip3: (gpio-96-127): created GPIO range 12->15 ==> 44e10800.pinmux PIN 94->97
[    0.854791] gpio gpiochip3: (gpio-96-127): created GPIO range 16->17 ==> 44e10800.pinmux PIN 71->72
[    0.854809] gpio gpiochip3: (gpio-96-127): created GPIO range 18->18 ==> 44e10800.pinmux PIN 135->135
[    0.854828] gpio gpiochip3: (gpio-96-127): created GPIO range 19->20 ==> 44e10800.pinmux PIN 108->109
[    0.854848] gpio gpiochip3: (gpio-96-127): created GPIO range 21->21 ==> 44e10800.pinmux PIN 73->73
[    0.854867] gpio gpiochip3: (gpio-96-127): created GPIO range 22->23 ==> 44e10800.pinmux PIN 8->9
[    0.854887] gpio gpiochip3: (gpio-96-127): created GPIO range 26->27 ==> 44e10800.pinmux PIN 10->11
[    0.854907] gpio gpiochip3: (gpio-96-127): created GPIO range 28->28 ==> 44e10800.pinmux PIN 74->74
[    0.854927] gpio gpiochip3: (gpio-96-127): created GPIO range 29->29 ==> 44e10800.pinmux PIN 81->81
[    0.854948] gpio gpiochip3: (gpio-96-127): created GPIO range 30->31 ==> 44e10800.pinmux PIN 28->29
[    0.864660] gpio gpiochip3: (gpio-96-127): added GPIO chardev (254:3)
[    0.864805] gpio gpiochip3: registered GPIOs 96 to 127 on gpio-96-127
[    0.866216] omap8250 44e09000.serial: GPIO lookup for consumer rs485-term
[    0.866247] omap8250 44e09000.serial: using device tree for GPIO lookup
[    0.866272] of_get_named_gpiod_flags: can't parse 'rs485-term-gpios' property of node '/ocp/interconnect@44c00000/segment@200000/target-module@9000/serial@0[0]'
[    0.866327] of_get_named_gpiod_flags: can't parse 'rs485-term-gpio' property of node '/ocp/interconnect@44c00000/segment@200000/target-module@9000/serial@0[0]'
[    0.866371] omap8250 44e09000.serial: using lookup tables for GPIO lookup
[    0.866383] omap8250 44e09000.serial: No GPIO consumer rs485-term found
[    0.866436] 44e09000.serial: ttyS0 at MMIO 0x44e09000 (irq = 19, base_baud = 3000000) is a 8250
[    1.834701] printk: console [ttyS0] enabled
[    1.841136] i2c i2c-0: GPIO lookup for consumer scl
[    1.841168] i2c i2c-0: using device tree for GPIO lookup
[    1.841196] of_get_named_gpiod_flags: can't parse 'scl-gpios' property of node '/ocp/interconnect@44c00000/segment@200000/target-module@b000/i2c@0[0]'
[    1.841247] of_get_named_gpiod_flags: can't parse 'scl-gpio' property of node '/ocp/interconnect@44c00000/segment@200000/target-module@b000/i2c@0[0]'
[    1.841290] i2c i2c-0: using lookup tables for GPIO lookup
[    1.841301] i2c i2c-0: No GPIO consumer scl found
[    1.841324] i2c i2c-0: GPIO lookup for consumer sda
[    1.841334] i2c i2c-0: using device tree for GPIO lookup
[    1.841349] of_get_named_gpiod_flags: can't parse 'sda-gpios' property of node '/ocp/interconnect@44c00000/segment@200000/target-module@b000/i2c@0[0]'
[    1.841392] of_get_named_gpiod_flags: can't parse 'sda-gpio' property of node '/ocp/interconnect@44c00000/segment@200000/target-module@b000/i2c@0[0]'
[    1.841429] i2c i2c-0: using lookup tables for GPIO lookup
[    1.841439] i2c i2c-0: No GPIO consumer sda found
[    1.864813] tps65217-pmic: Failed to locate of_node [id: -1]
[    1.879987] tps65217-bl: Failed to locate of_node [id: -1]
[    1.888452] tps65217 0-0024: TPS65217 ID 0xe version 1.2
[    1.894456] i2c 0-0070: Fixing up cyclic dependency with 4830e000.lcdc
[    1.901313] omap_i2c 44e0b000.i2c: bus 0 rev0.11 at 400 kHz
[    1.908527] sdhci-omap 48060000.mmc: GPIO lookup for consumer cd
[    1.908553] sdhci-omap 48060000.mmc: using device tree for GPIO lookup
[    1.908597] of_get_named_gpiod_flags: parsed 'cd-gpios' property of node '/ocp/interconnect@48000000/segment@0/target-module@60000/mmc@0[0]' - status (0)
[    1.908719] gpio gpiochip3: Persistence not supported for GPIO 6
[    1.908742] omap_gpio 44e07000.gpio: Could not set line 6 debounce to 200000 microseconds (-22)
[    1.917598] sdhci-omap 48060000.mmc: Got CD GPIO
[    1.922244] sdhci-omap 48060000.mmc: GPIO lookup for consumer wp
[    1.922256] sdhci-omap 48060000.mmc: using device tree for GPIO lookup
[    1.922274] of_get_named_gpiod_flags: can't parse 'wp-gpios' property of node '/ocp/interconnect@48000000/segment@0/target-module@60000/mmc@0[0]'
[    1.922323] of_get_named_gpiod_flags: can't parse 'wp-gpio' property of node '/ocp/interconnect@48000000/segment@0/target-module@60000/mmc@0[0]'
[    1.922364] sdhci-omap 48060000.mmc: using lookup tables for GPIO lookup
[    1.922376] sdhci-omap 48060000.mmc: No GPIO consumer wp found
[    1.922563] sdhci-omap 48060000.mmc: supply vqmmc not found, using dummy regulator
[    1.931237] sdhci-omap 481d8000.mmc: GPIO lookup for consumer wp
[    1.931263] sdhci-omap 481d8000.mmc: using device tree for GPIO lookup
[    1.931284] of_get_named_gpiod_flags: can't parse 'wp-gpios' property of node '/ocp/interconnect@48000000/segment@100000/target-module@d8000/mmc@0[0]'
[    1.931344] of_get_named_gpiod_flags: can't parse 'wp-gpio' property of node '/ocp/interconnect@48000000/segment@100000/target-module@d8000/mmc@0[0]'
[    1.931389] sdhci-omap 481d8000.mmc: using lookup tables for GPIO lookup
[    1.931402] sdhci-omap 481d8000.mmc: No GPIO consumer wp found
[    1.934853] sdhci-omap 481d8000.mmc: supply vqmmc not found, using dummy regulator
[    1.969822] mmc1: SDHCI controller on 481d8000.mmc [481d8000.mmc] using External DMA
[    1.978107] mmc0: SDHCI controller on 48060000.mmc [48060000.mmc] using External DMA
[    1.986742] cpsw-switch 4a100000.switch: starting ndev. mode: dual_mac
[    2.060491] mmc0: new high speed SDHC card at address aaaa
[    2.067466] mmcblk0: mmc0:aaaa SE32G 29.7 GiB 
[    2.076735]  mmcblk0: p1 p2
[    2.081617] mmc1: new high speed MMC card at address 0001
[    2.088249] mmcblk1: mmc1:0001 MMC04G 3.60 GiB 
[    2.095466]  mmcblk1: p1 p2
[    2.099467] mmcblk1boot0: mmc1:0001 MMC04G 2.00 MiB 
[    2.106608] mmcblk1boot1: mmc1:0001 MMC04G 2.00 MiB 
[    2.113374] mmcblk1rpmb: mmc1:0001 MMC04G 128 KiB, chardev (250:0)
[    2.145884] SMSC LAN8710/LAN8720 4a101000.mdio:00: attached PHY driver (mii_bus:phy_addr=4a101000.mdio:00, irq=POLL)
[    5.284788] cpsw-switch 4a100000.switch eth0: Link is Up - 100Mbps/Full - flow control off
[    5.304130] IPv6: ADDRCONF(NETDEV_CHANGE): eth0: link becomes ready
[    5.334070] IP-Config: Complete:
[    5.337330]      device=eth0, hwaddr=6c:ec:eb:68:de:78, ipaddr=192.168.255.1, mask=255.255.255.0, gw=255.255.255.255
[    5.347943]      host=bbb1, domain=, nis-domain=(none)
[    5.353106]      bootserver=192.168.255.126, rootserver=192.168.255.126, rootpath=
[    5.353478] clk: Disabling unused clocks
[    5.365322] TAP version 14
[    5.368047] 1..0
[    5.390876] VFS: Mounted root (nfs filesystem) on device 0:16.
[    5.397745] devtmpfs: mounted
[    5.402038] Freeing unused kernel image (initmem) memory: 1024K
[    5.408758] Run /sbin/init as init process
[    5.412886]   with arguments:
[    5.412896]     /sbin/init
[    5.412903]     nfsrootdebug
[    5.412911]   with environment:
[    5.412917]     HOME=/
[    5.412925]     TERM=linux
[    6.099687] systemd[1]: System time before build time, advancing clock.
[    6.300530] random: systemd: uninitialized urandom read (16 bytes read)
[    6.312446] random: systemd: uninitialized urandom read (16 bytes read)
[    6.322964] systemd[1]: systemd 232 running in system mode. (+PAM +AUDIT +SELINUX +IMA +APPARMOR +SMACK +SYSVINIT +UTMP +LIBCRYPTSETUP +GCRYPT +GNUTLS +ACL +XZ +LZ4 +SECCOMP +BLKID +ELFUTILS +KMOD +IDN)
[    6.342380] systemd[1]: Detected architecture arm.
[    6.376934] systemd[1]: Set hostname to <arm>.
[    6.761726] random: systemd-cryptse: uninitialized urandom read (16 bytes read)
[    7.336764] random: systemd: uninitialized urandom read (16 bytes read)
[    7.343690] random: systemd: uninitialized urandom read (16 bytes read)
[    7.350989] random: systemd: uninitialized urandom read (16 bytes read)
[    7.364901] systemd[1]: Listening on /dev/initctl Compatibility Named Pipe.
[    7.405740] systemd[1]: Created slice User and Session Slice.
[    7.446075] systemd[1]: Listening on Journal Socket.
[    7.484624] systemd[1]: Reached target Swap.
[    7.514904] systemd[1]: Started Dispatch Password Requests to Console Directory Watch.
[    7.555696] systemd[1]: Set up automount Arbitrary Executable File Formats File System Automount Point.
[    7.594893] systemd[1]: Started Forward Password Requests to Wall Directory Watch.
[    8.350025] random: systemd: uninitialized urandom read (16 bytes read)
[    8.390256] random: systemd-journal: uninitialized urandom read (16 bytes read)
[    8.425642] random: systemd: uninitialized urandom read (16 bytes read)
[    9.395184] random: systemd-journal: uninitialized urandom read (16 bytes read)
[   10.163202] systemd-journald[97]: Received request to flush runtime journal from PID 1
[   11.624202] random: crng init done
[   11.627663] random: 438 urandom warning(s) missed due to ratelimiting
[   12.336609] of_get_named_gpiod_flags: parsed 'gpios' property of node '/leds/led2[0]' - status (0)
[   12.336701] gpio gpiochip0: Persistence not supported for GPIO 21
[   12.336714] gpio-21 (?): no flags found for gpios
[   12.336946] of_get_named_gpiod_flags: parsed 'gpios' property of node '/leds/led3[0]' - status (0)
[   12.336988] gpio gpiochip0: Persistence not supported for GPIO 22
[   12.336999] gpio-22 (?): no flags found for gpios
[   12.337192] of_get_named_gpiod_flags: parsed 'gpios' property of node '/leds/led4[0]' - status (0)
[   12.337227] gpio gpiochip0: Persistence not supported for GPIO 23
[   12.337238] gpio-23 (?): no flags found for gpios
[   12.337399] of_get_named_gpiod_flags: parsed 'gpios' property of node '/leds/led5[0]' - status (0)
[   12.337433] gpio gpiochip0: Persistence not supported for GPIO 24
[   12.337444] gpio-24 (?): no flags found for gpios
[   12.687551] remoteproc remoteproc0: wkup_m3 is available
[   12.926693] at24 2-0054: supply vcc not found, using dummy regulator
[   13.128461] at24 2-0055: supply vcc not found, using dummy regulator
[   13.252161] at24 2-0056: supply vcc not found, using dummy regulator
[   13.359226] at24 2-0057: supply vcc not found, using dummy regulator
[   13.455737] tps6521x_pwrbutton tps65217-pwrbutton: DMA mask not set
[   13.465862] omap_wdt: OMAP Watchdog Timer Rev 0x01: initial timeout 60 sec
[   13.524631] at24 0-0050: supply vcc not found, using dummy regulator
[   13.630401] at24 0-0050: GPIO lookup for consumer wp
[   13.630442] at24 0-0050: using device tree for GPIO lookup
[   13.630473] of_get_named_gpiod_flags: can't parse 'wp-gpios' property of node '/ocp/interconnect@44c00000/segment@200000/target-module@b000/i2c@0/baseboard_eeprom@50[0]'
[   13.630551] of_get_named_gpiod_flags: can't parse 'wp-gpio' property of node '/ocp/interconnect@44c00000/segment@200000/target-module@b000/i2c@0/baseboard_eeprom@50[0]'
[   13.630603] at24 0-0050: using lookup tables for GPIO lookup
[   13.630616] at24 0-0050: No GPIO consumer wp found
[   13.630874] at24 0-0050: 32768 byte 24c256 EEPROM, writable, 1 bytes/write
[   13.640119] input: tps65217_pwrbutton as /devices/platform/ocp/44c00000.interconnect/44c00000.interconnect:segment@200000/44e0b000.target-module/44e0b000.i2c/i2c-0/0-0024/tps65217-pwrbutton/input/input0
[   13.724691] omap_rtc 44e3e000.rtc: registered as rtc0
[   13.729880] omap_rtc 44e3e000.rtc: setting system clock to 2000-01-01T00:00:00 UTC (946684800)
[   13.738639] omap_rtc 44e3e000.rtc: GPIO lookup for consumer wp
[   13.738654] omap_rtc 44e3e000.rtc: using device tree for GPIO lookup
[   13.738684] of_get_named_gpiod_flags: can't parse 'wp-gpios' property of node '/ocp/interconnect@44c00000/segment@200000/target-module@3e000/rtc@0[0]'
[   13.738748] of_get_named_gpiod_flags: can't parse 'wp-gpio' property of node '/ocp/interconnect@44c00000/segment@200000/target-module@3e000/rtc@0[0]'
[   13.738794] omap_rtc 44e3e000.rtc: using lookup tables for GPIO lookup
[   13.738806] omap_rtc 44e3e000.rtc: No GPIO consumer wp found
[   14.115068] am335x-phy-driver 47401300.usb-phy: GPIO lookup for consumer reset
[   14.115110] am335x-phy-driver 47401300.usb-phy: using device tree for GPIO lookup
[   14.115140] of_get_named_gpiod_flags: can't parse 'reset-gpios' property of node '/ocp/target-module@47400000/usb-phy@1300[0]'
[   14.115195] of_get_named_gpiod_flags: can't parse 'reset-gpio' property of node '/ocp/target-module@47400000/usb-phy@1300[0]'
[   14.115230] am335x-phy-driver 47401300.usb-phy: using lookup tables for GPIO lookup
[   14.115243] am335x-phy-driver 47401300.usb-phy: No GPIO consumer reset found
[   14.115255] am335x-phy-driver 47401300.usb-phy: GPIO lookup for consumer vbus-detect
[   14.115266] am335x-phy-driver 47401300.usb-phy: using device tree for GPIO lookup
[   14.115282] of_get_named_gpiod_flags: can't parse 'vbus-detect-gpios' property of node '/ocp/target-module@47400000/usb-phy@1300[0]'
[   14.115315] of_get_named_gpiod_flags: can't parse 'vbus-detect-gpio' property of node '/ocp/target-module@47400000/usb-phy@1300[0]'
[   14.115344] am335x-phy-driver 47401300.usb-phy: using lookup tables for GPIO lookup
[   14.115354] am335x-phy-driver 47401300.usb-phy: No GPIO consumer vbus-detect found
[   14.115476] am335x-phy-driver 47401300.usb-phy: supply vcc not found, using dummy regulator
[   14.426059] usbcore: registered new interface driver usbfs
[   14.431670] usbcore: registered new interface driver hub
[   14.437194] usbcore: registered new device driver usb
[   14.817909] am335x-phy-driver 47401b00.usb-phy: GPIO lookup for consumer reset
[   14.817950] am335x-phy-driver 47401b00.usb-phy: using device tree for GPIO lookup
[   14.817980] of_get_named_gpiod_flags: can't parse 'reset-gpios' property of node '/ocp/target-module@47400000/usb-phy@1b00[0]'
[   14.818029] of_get_named_gpiod_flags: can't parse 'reset-gpio' property of node '/ocp/target-module@47400000/usb-phy@1b00[0]'
[   14.818064] am335x-phy-driver 47401b00.usb-phy: using lookup tables for GPIO lookup
[   14.818077] am335x-phy-driver 47401b00.usb-phy: No GPIO consumer reset found
[   14.818089] am335x-phy-driver 47401b00.usb-phy: GPIO lookup for consumer vbus-detect
[   14.818100] am335x-phy-driver 47401b00.usb-phy: using device tree for GPIO lookup
[   14.818115] of_get_named_gpiod_flags: can't parse 'vbus-detect-gpios' property of node '/ocp/target-module@47400000/usb-phy@1b00[0]'
[   14.818149] of_get_named_gpiod_flags: can't parse 'vbus-detect-gpio' property of node '/ocp/target-module@47400000/usb-phy@1b00[0]'
[   14.818177] am335x-phy-driver 47401b00.usb-phy: using lookup tables for GPIO lookup
[   14.818188] am335x-phy-driver 47401b00.usb-phy: No GPIO consumer vbus-detect found
[   14.818313] am335x-phy-driver 47401b00.usb-phy: supply vcc not found, using dummy regulator
[   15.080279] tda998x 0-0070: found TDA19988
[   15.268643] omap-mailbox 480c8000.mailbox: omap mailbox rev 0x400
[   15.301509] remoteproc remoteproc0: powering up wkup_m3
[   15.320156] musb-hdrc musb-hdrc.1: MUSB HDRC host driver
[   15.325692] musb-hdrc musb-hdrc.1: new USB bus registered, assigned bus number 1
[   15.517867] remoteproc remoteproc0: Direct firmware load for am335x-pm-firmware.elf failed with error -2
[   15.528970] remoteproc remoteproc0: request_firmware failed: -2
[   15.535059] wkup_m3_ipc 44e11324.wkup_m3_ipc: rproc_boot failed
[   15.654829] usb usb1: New USB device found, idVendor=1d6b, idProduct=0002, bcdDevice= 5.15
[   15.663279] usb usb1: New USB device strings: Mfr=3, Product=2, SerialNumber=1
[   15.670620] usb usb1: Product: MUSB HDRC host driver
[   15.675633] usb usb1: Manufacturer: Linux 5.15.196 musb-hcd
[   15.681233] usb usb1: SerialNumber: musb-hdrc.1
[   16.217298] hub 1-0:1.0: USB hub found
[   16.299439] hub 1-0:1.0: 1 port detected
[   17.107345] omap_rng 48310000.rng: Random Number Generator ver. 20
[   17.151563] tilcdc 4830e000.lcdc: bound 0-0070 (ops tda998x_driver_exit [tda998x])
[   17.343103] [drm] Initialized tilcdc 1.0.0 20121205 for 4830e000.lcdc on minor 0
[   17.533152] tilcdc 4830e000.lcdc: [drm] Cannot find any crtc or sizes
[   17.554643] tilcdc 4830e000.lcdc: [drm] Cannot find any crtc or sizes
[   18.416817] PM: Cannot get wkup_m3_ipc handle
[   18.534912] omap-sham 53100000.sham: hw accel on OMAP rev 4.3
[   18.662242] omap-aes 53500000.aes: OMAP AES hw accel rev: 3.2
[   18.679174] omap-sham 53100000.sham: will run requests pump with realtime priority
[   18.748946] omap-aes 53500000.aes: will run requests pump with realtime priority
[   18.895139] PM: Cannot get wkup_m3_ipc handle
[   18.938075] PM: Cannot get wkup_m3_ipc handle
[   19.641046] Bluetooth: Core ver 2.22
[   19.645030] NET: Registered PF_BLUETOOTH protocol family
[   19.650377] Bluetooth: HCI device and connection manager initialized
[   19.656859] Bluetooth: HCI socket layer initialized
[   19.661768] Bluetooth: L2CAP socket layer initialized
[   19.666898] Bluetooth: SCO socket layer initialized
[   22.088287] PM: Cannot get wkup_m3_ipc handle
[   22.093925] of_get_named_gpiod_flags: can't parse 'simple-audio-card,hp-det-gpio' property of node '/sound[0]'
[   22.093986] of_get_named_gpiod_flags: can't parse 'simple-audio-card,mic-det-gpio' property of node '/sound[0]'
[   22.223195] PM: Cannot get wkup_m3_ipc handle
[   22.892665] using random self ethernet address
[   22.897282] using random host ethernet address
[   23.167654] using random self ethernet address
[   23.172166] using random host ethernet address
[   23.424890] userial_init: registered 8 ttyGS* devices
[   23.639752] rndis_register: configNr = 0
[   23.721096] udc musb-hdrc.0: registering UDC driver [g_multi]
[   23.721194] configfs-gadget gadget: adding 'rndis'/5e46461e to config 'c'/74d64529
[   23.722189] usb0: HOST MAC 1c:ba:8c:a2:ed:6c
[   23.726730] usb0: MAC 1c:ba:8c:a2:ed:70
[   23.730637] rndis_set_param_medium: 0 0
[   23.730653] configfs-gadget gadget: RNDIS: dual speed IN/ep1in OUT/ep1out NOTIFY/ep2in
[   23.730669] configfs-gadget gadget: adding 'cdc_ethernet'/c71323ec to config 'c'/74d64529
[   23.731442] usb1: HOST MAC 1c:ba:8c:a2:ed:6c
[   23.735830] usb1: MAC 1c:ba:8c:a2:ed:6d
[   23.739711] configfs-gadget gadget: CDC Ethernet: dual speed IN/ep3in OUT/ep2out NOTIFY/ep4in
[   23.739729] configfs-gadget gadget: adding 'acm'/be7761f6 to config 'c'/74d64529
[   23.739758] configfs-gadget gadget: acm ttyGS0: dual speed IN/ep5in OUT/ep3out NOTIFY/ep6in
[   24.869840] usb1: eth_open
[   29.542084] gs_open: ttyGS0 (f2fab847,fedf5c1b)
[   29.542226] gs_close: ttyGS0 (f2fab847,fedf5c1b) ...
[   29.542248] gs_close: ttyGS0 (f2fab847,fedf5c1b) done!
[   29.542399] gs_open: ttyGS0 (b4fba68a,94e04295)
[   29.542467] gs_close: ttyGS0 (b4fba68a,94e04295) ...
[   29.542482] gs_close: ttyGS0 (b4fba68a,94e04295) done!
[   29.723182] gs_open: ttyGS0 (f2fab847,ed0cccda)
[   29.729396] gs_close: ttyGS0 (f2fab847,ed0cccda) ...
[   29.729459] gs_close: ttyGS0 (f2fab847,ed0cccda) done!
[   29.740495] gs_open: ttyGS0 (f2fab847,fead1893)
BGMNGOEBFG 0
root@arm:~# echo 'SHQM''CYOJUK'
SHQMCYOJUK
root@arm:~# MARKER='EVTO''HBENQY' run 'modprobe test_linear_ranges'
EVTOHBENQYEVTOHBENQY 0
root@arm:~# echo 'EPYL''FOTLUJ'
EPYLFOTLUJ
root@arm:~# MARKER='FFBA''MZNKFJ' run dmesg
FFBAMZNKFJ[    0.000000] Booting Linux on physical CPU 0x0
[    0.000000] Linux version 5.15.196 (user01@drvtest01) (arm-none-eabi-gcc (Arm GNU Toolchain 14.2.Rel1 (Build arm-14.52)) 14.2.1 20241119, GNU ld (Arm GNU Toolchain 14.2.Rel1 (Build arm-14.52)) 2.43.1.20241119) #1 SMP Wed Oct 29 15:34:13 EET 2025
[    0.000000] CPU: ARMv7 Processor [413fc082] revision 2 (ARMv7), cr=10c5387d
[    0.000000] CPU: PIPT / VIPT nonaliasing data cache, VIPT aliasing instruction cache
[    0.000000] OF: fdt: Machine model: TI AM335x BeagleBone Black
[    0.000000] Memory policy: Data cache writeback
[    0.000000] cma: Reserved 16 MiB at 0x9e800000
[    0.000000] Zone ranges:
[    0.000000]   Normal   [mem 0x0000000080000000-0x000000009fdfffff]
[    0.000000]   HighMem  empty
[    0.000000] Movable zone start for each node
[    0.000000] Early memory node ranges
[    0.000000]   node   0: [mem 0x0000000080000000-0x000000009fdfffff]
[    0.000000] Initmem setup node 0 [mem 0x0000000080000000-0x000000009fdfffff]
[    0.000000] CPU: All CPU(s) started in SVC mode.
[    0.000000] AM335X ES2.1 (sgx neon)
[    0.000000] percpu: Embedded 16 pages/cpu s33804 r8192 d23540 u65536
[    0.000000] pcpu-alloc: s33804 r8192 d23540 u65536 alloc=16*4096
[    0.000000] pcpu-alloc: [0] 0 
[    0.000000] Built 1 zonelists, mobility grouping on.  Total pages: 129412
[    0.000000] Kernel command line: console=ttyO0,115200n8 root=/dev/nfs rw nfsroot=192.168.255.126:/home/user01/nfs,nfsvers=3 ip=192.168.255.1:192.168.255.126::255.255.255.0:bbb1:eth0 nfsrootdebug
[    0.000000] Unknown kernel command line parameters "nfsrootdebug", will be passed to user space.
[    0.000000] Dentry cache hash table entries: 65536 (order: 6, 262144 bytes, linear)
[    0.000000] Inode-cache hash table entries: 32768 (order: 5, 131072 bytes, linear)
[    0.000000] mem auto-init: stack:off, heap alloc:off, heap free:off
[    0.000000] Memory: 484752K/522240K available (10240K kernel code, 1080K rwdata, 2396K rodata, 1024K init, 246K bss, 21104K reserved, 16384K cma-reserved, 0K highmem)
[    0.000000] trace event string verifier disabled
[    0.000000] rcu: Hierarchical RCU implementation.
[    0.000000] rcu: 	RCU event tracing is enabled.
[    0.000000] rcu: 	RCU restricting CPUs from NR_CPUS=2 to nr_cpu_ids=1.
[    0.000000] rcu: RCU calculated value of scheduler-enlistment delay is 10 jiffies.
[    0.000000] rcu: Adjusting geometry for rcu_fanout_leaf=16, nr_cpu_ids=1
[    0.000000] NR_IRQS: 16, nr_irqs: 16, preallocated irqs: 16
[    0.000000] IRQ: Found an INTC at 0x(ptrval) (revision 5.0) with 128 interrupts
[    0.000000] TI gptimer clocksource: always-on /ocp/interconnect@44c00000/segment@200000/target-module@31000
[    0.000002] sched_clock: 32 bits at 24MHz, resolution 41ns, wraps every 89478484971ns
[    0.000028] clocksource: dmtimer: mask: 0xffffffff max_cycles: 0xffffffff, max_idle_ns: 79635851949 ns
[    0.000451] TI gptimer clockevent: 24000000 Hz at /ocp/interconnect@48000000/segment@0/target-module@40000
[    0.002278] Console: colour dummy device 80x30
[    0.002336] WARNING: Your 'console=ttyO0' has been replaced by 'ttyS0'
[    0.002348] This ensures that you still see kernel messages. Please
[    0.002356] update your kernel commandline.
[    0.002403] Calibrating delay loop... 996.14 BogoMIPS (lpj=4980736)
[    0.090569] CPU: Testing write buffer coherency: ok
[    0.090661] CPU0: Spectre v2: using BPIALL workaround
[    0.090676] pid_max: default: 32768 minimum: 301
[    0.090817] LSM: Security Framework initializing
[    0.090998] Mount-cache hash table entries: 1024 (order: 0, 4096 bytes, linear)
[    0.091026] Mountpoint-cache hash table entries: 1024 (order: 0, 4096 bytes, linear)
[    0.092602] CPU0: thread -1, cpu 0, socket -1, mpidr 0
[    0.093649] Setting up static identity map for 0x80100000 - 0x80100078
[    0.093881] rcu: Hierarchical SRCU implementation.
[    0.095086] smp: Bringing up secondary CPUs ...
[    0.095114] smp: Brought up 1 node, 1 CPU
[    0.095129] SMP: Total of 1 processors activated (996.14 BogoMIPS).
[    0.095143] CPU: All CPU(s) started in SVC mode.
[    0.095920] devtmpfs: initialized
[    0.110445] VFP support v0.3: implementor 41 architecture 3 part 30 variant c rev 3
[    0.110859] clocksource: jiffies: mask: 0xffffffff max_cycles: 0xffffffff, max_idle_ns: 19112604462750000 ns
[    0.110899] futex hash table entries: 256 (order: 2, 16384 bytes, linear)
[    0.112251] pinctrl core: initialized pinctrl subsystem
[    0.114194] NET: Registered PF_NETLINK/PF_ROUTE protocol family
[    0.116961] DMA: preallocated 256 KiB pool for atomic coherent allocations
[    0.117523] audit: initializing netlink subsys (disabled)
[    0.118729] thermal_sys: Registered thermal governor 'fair_share'
[    0.118751] thermal_sys: Registered thermal governor 'step_wise'
[    0.118766] thermal_sys: Registered thermal governor 'user_space'
[    0.119135] cpuidle: using governor menu
[    0.135428] No ATAGs?
[    0.135466] hw-breakpoint: debug architecture 0x4 unsupported.
[    0.143572] kprobes: kprobe jump-optimization is enabled. All kprobes are optimized if possible.
[    0.143921] audit: type=2000 audit(0.110:1): state=initialized audit_enabled=0 res=1
[    0.148730] reg-fixed-voltage fixedregulator0: GPIO lookup for consumer (null)
[    0.148757] reg-fixed-voltage fixedregulator0: using device tree for GPIO lookup
[    0.148781] of_get_named_gpiod_flags: can't parse 'gpios' property of node '/fixedregulator0[0]'
[    0.148822] of_get_named_gpiod_flags: can't parse 'gpio' property of node '/fixedregulator0[0]'
[    0.148845] reg-fixed-voltage fixedregulator0: using lookup tables for GPIO lookup
[    0.148857] reg-fixed-voltage fixedregulator0: No GPIO consumer (null) found
[    0.149976] iommu: Default domain type: Translated 
[    0.150001] iommu: DMA domain TLB invalidation policy: strict mode 
[    0.151399] vgaarb: loaded
[    0.151936] SCSI subsystem initialized
[    0.152349] libata version 3.00 loaded.
[    0.152676] pps_core: LinuxPPS API ver. 1 registered
[    0.152695] pps_core: Software ver. 5.3.6 - Copyright 2005-2007 Rodolfo Giometti <giometti@linux.it>
[    0.152725] PTP clock support registered
[    0.154065] clocksource: Switched to clocksource dmtimer
[    0.200575] VFS: Disk quotas dquot_6.6.0
[    0.200690] VFS: Dquot-cache hash table entries: 1024 (order 0, 4096 bytes)
[    0.268773] NET: Registered PF_INET protocol family
[    0.269107] IP idents hash table entries: 8192 (order: 4, 65536 bytes, linear)
[    0.270055] tcp_listen_portaddr_hash hash table entries: 512 (order: 0, 4096 bytes, linear)
[    0.270112] Table-perturb hash table entries: 65536 (order: 6, 262144 bytes, linear)
[    0.270142] TCP established hash table entries: 4096 (order: 2, 16384 bytes, linear)
[    0.270192] TCP bind hash table entries: 4096 (order: 3, 32768 bytes, linear)
[    0.270258] TCP: Hash tables configured (established 4096 bind 4096)
[    0.270397] UDP hash table entries: 256 (order: 1, 8192 bytes, linear)
[    0.270429] UDP-Lite hash table entries: 256 (order: 1, 8192 bytes, linear)
[    0.270624] NET: Registered PF_UNIX/PF_LOCAL protocol family
[    0.285499] RPC: Registered named UNIX socket transport module.
[    0.285534] RPC: Registered udp transport module.
[    0.285544] RPC: Registered tcp transport module.
[    0.285552] RPC: Registered tcp NFSv4.1 backchannel transport module.
[    0.285575] PCI: CLS 0 bytes, default 64
[    0.286951] Initialise system trusted keyrings
[    0.287847] workingset: timestamp_bits=14 max_order=17 bucket_order=3
[    0.289071] NFS: Registering the id_resolver key type
[    0.289184] Key type id_resolver registered
[    0.289197] Key type id_legacy registered
[    0.289253] jffs2: version 2.2. (NAND) (SUMMARY)  Â© 2001-2006 Red Hat, Inc.
[    0.289627] Key type asymmetric registered
[    0.289651] Asymmetric key parser 'x509' registered
[    0.289717] io scheduler mq-deadline registered
[    0.289732] io scheduler kyber registered
[    0.292315] hw perfevents: enabled with armv7_cortex_a8 PMU driver, 5 counters available
[    0.300501] l3-aon-clkctrl:0000:0: failed to disable
[    0.300820] Serial: 8250/16550 driver, 6 ports, IRQ sharing enabled
[    0.342301] brd: module loaded
[    0.349719] loop: module loaded
[    0.350621] mtdoops: mtd device (mtddev=name/number) must be supplied
[    0.351855] mdio_bus fixed-0: GPIO lookup for consumer reset
[    0.351879] mdio_bus fixed-0: using lookup tables for GPIO lookup
[    0.351890] mdio_bus fixed-0: No GPIO consumer reset found
[    0.352929] i2c_dev: i2c /dev entries driver
[    0.353830] cpuidle: enable-method property 'ti,am3352' found operations
[    0.354379] sdhci: Secure Digital Host Controller Interface driver
[    0.354398] sdhci: Copyright(c) Pierre Ossman
[    0.354576] sdhci-pltfm: SDHCI platform and OF driver helper
[    0.371165] ledtrig-cpu: registered to indicate activity on CPUs
[    0.371742] Initializing XFRM netlink socket
[    0.371964] NET: Registered PF_INET6 protocol family
[    0.373494] Segment Routing with IPv6
[    0.373579] In-situ OAM (IOAM) with IPv6
[    0.373677] sit: IPv6, IPv4 and MPLS over IPv4 tunneling driver
[    0.374622] NET: Registered PF_PACKET protocol family
[    0.374677] NET: Registered PF_KEY protocol family
[    0.374796] Key type dns_resolver registered
[    0.374898] ThumbEE CPU extension supported.
[    0.374922] Registering SWP/SWPB emulation handler
[    0.375429] omap_voltage_late_init: Voltage driver support not added
[    0.376064] SmartReflex Class3 initialized
[    0.376879] Loading compiled-in X.509 certificates
[    0.409622] pinctrl-single 44e10800.pinmux: 142 pins, size 568
[    0.413874] ti-sysc: probe of 44e31000.target-module failed with error -16
[    0.457322] ti-sysc: probe of 48040000.target-module failed with error -16
[    0.467432] gpio gpiochip0: (gpio-0-31): created GPIO range 0->7 ==> 44e10800.pinmux PIN 0->7
[    0.467477] gpio gpiochip0: (gpio-0-31): created GPIO range 8->11 ==> 44e10800.pinmux PIN 90->93
[    0.467496] gpio gpiochip0: (gpio-0-31): created GPIO range 12->27 ==> 44e10800.pinmux PIN 12->27
[    0.467514] gpio gpiochip0: (gpio-0-31): created GPIO range 28->31 ==> 44e10800.pinmux PIN 30->33
[    0.492476] gpio gpiochip0: (gpio-0-31): added GPIO chardev (254:0)
[    0.492648] gpio gpiochip0: registered GPIOs 0 to 31 on gpio-0-31
[    0.492741] OMAP GPIO hardware version 0.1
[    0.519715] i2c i2c-2: GPIO lookup for consumer scl
[    0.519750] i2c i2c-2: using device tree for GPIO lookup
[    0.519778] of_get_named_gpiod_flags: can't parse 'scl-gpios' property of node '/ocp/interconnect@48000000/segment@100000/target-module@9c000/i2c@0[0]'
[    0.519828] of_get_named_gpiod_flags: can't parse 'scl-gpio' property of node '/ocp/interconnect@48000000/segment@100000/target-module@9c000/i2c@0[0]'
[    0.519871] i2c i2c-2: using lookup tables for GPIO lookup
[    0.519883] i2c i2c-2: No GPIO consumer scl found
[    0.519906] i2c i2c-2: GPIO lookup for consumer sda
[    0.519916] i2c i2c-2: using device tree for GPIO lookup
[    0.519931] of_get_named_gpiod_flags: can't parse 'sda-gpios' property of node '/ocp/interconnect@48000000/segment@100000/target-module@9c000/i2c@0[0]'
[    0.519974] of_get_named_gpiod_flags: can't parse 'sda-gpio' property of node '/ocp/interconnect@48000000/segment@100000/target-module@9c000/i2c@0[0]'
[    0.520012] i2c i2c-2: using lookup tables for GPIO lookup
[    0.520021] i2c i2c-2: No GPIO consumer sda found
[    0.520692] omap_i2c 4819c000.i2c: bus 2 rev0.11 at 100 kHz
[    0.526141] gpio gpiochip1: (gpio-32-63): created GPIO range 0->17 ==> 44e10800.pinmux PIN 34->51
[    0.526183] gpio gpiochip1: (gpio-32-63): created GPIO range 18->21 ==> 44e10800.pinmux PIN 77->80
[    0.526202] gpio gpiochip1: (gpio-32-63): created GPIO range 22->31 ==> 44e10800.pinmux PIN 56->65
[    0.539361] gpio gpiochip1: (gpio-32-63): added GPIO chardev (254:1)
[    0.539501] gpio gpiochip1: registered GPIOs 32 to 63 on gpio-32-63
[    0.541607] gpio gpiochip2: (gpio-64-95): created GPIO range 0->4 ==> 44e10800.pinmux PIN 66->70
[    0.541642] gpio gpiochip2: (gpio-64-95): created GPIO range 5->6 ==> 44e10800.pinmux PIN 98->99
[    0.541660] gpio gpiochip2: (gpio-64-95): created GPIO range 7->8 ==> 44e10800.pinmux PIN 75->76
[    0.541678] gpio gpiochip2: (gpio-64-95): created GPIO range 13->13 ==> 44e10800.pinmux PIN 141->141
[    0.541697] gpio gpiochip2: (gpio-64-95): created GPIO range 14->21 ==> 44e10800.pinmux PIN 100->107
[    0.542115] gpio gpiochip2: (gpio-64-95): added GPIO chardev (254:2)
[    0.542241] gpio gpiochip2: registered GPIOs 64 to 95 on gpio-64-95
[    0.559874] mdio_bus 4a101000.mdio: GPIO lookup for consumer reset
[    0.559912] mdio_bus 4a101000.mdio: using device tree for GPIO lookup
[    0.559939] of_get_named_gpiod_flags: can't parse 'reset-gpios' property of node '/ocp/interconnect@4a000000/segment@0/target-module@100000/switch@0/mdio@1000[0]'
[    0.559994] of_get_named_gpiod_flags: can't parse 'reset-gpio' property of node '/ocp/interconnect@4a000000/segment@0/target-module@100000/switch@0/mdio@1000[0]'
[    0.560045] mdio_bus 4a101000.mdio: using lookup tables for GPIO lookup
[    0.560056] mdio_bus 4a101000.mdio: No GPIO consumer reset found
[    0.561031] sdhci-omap 481d8000.mmc: GPIO lookup for consumer wp
[    0.561057] sdhci-omap 481d8000.mmc: using device tree for GPIO lookup
[    0.561079] of_get_named_gpiod_flags: can't parse 'wp-gpios' property of node '/ocp/interconnect@48000000/segment@100000/target-module@d8000/mmc@0[0]'
[    0.561138] of_get_named_gpiod_flags: can't parse 'wp-gpio' property of node '/ocp/interconnect@48000000/segment@100000/target-module@d8000/mmc@0[0]'
[    0.561183] sdhci-omap 481d8000.mmc: using lookup tables for GPIO lookup
[    0.561194] sdhci-omap 481d8000.mmc: No GPIO consumer wp found
[    0.561367] sdhci-omap 481d8000.mmc: supply vqmmc not found, using dummy regulator
[    0.617171] davinci_mdio 4a101000.mdio: davinci mdio revision 1.6, bus freq 1000000
[    0.636868] mdio_bus 4a101000.mdio:00: GPIO lookup for consumer reset
[    0.636893] mdio_bus 4a101000.mdio:00: using device tree for GPIO lookup
[    0.636936] of_get_named_gpiod_flags: parsed 'reset-gpios' property of node '/ocp/interconnect@4a000000/segment@0/target-module@100000/switch@0/mdio@1000/ethernet-phy@0[0]' - status (0)
[    0.637105] gpio gpiochip0: Persistence not supported for GPIO 8
[    0.801419] davinci_mdio 4a101000.mdio: phy[0]: device 4a101000.mdio:00, driver SMSC LAN8710/LAN8720
[    0.802007] cpsw-switch 4a100000.switch: initialized cpsw ale version 1.4
[    0.802037] cpsw-switch 4a100000.switch: ALE Table size 1024
[    0.815727] cpsw-switch 4a100000.switch: cpts: overflow check period 500 (jiffies)
[    0.815761] cpsw-switch 4a100000.switch: CPTS: ref_clk_freq:250000000 calc_mult:2147483648 calc_shift:29 error:0 nsec/sec
[    0.815877] cpsw-switch 4a100000.switch: Detected MACID = 6c:ec:eb:68:de:78
[    0.817457] cpsw-switch 4a100000.switch: initialized (regs 0x4a100000, pool size 256) hw_ver:0019010C 1.12 (0)
[    0.826935] debugfs: Directory '49000000.dma' with parent 'dmaengine' already present!
[    0.826993] edma 49000000.dma: TI EDMA DMA engine driver
[    0.853712] gpio-clk clk_mcasp0: GPIO lookup for consumer enable
[    0.853750] gpio-clk clk_mcasp0: using device tree for GPIO lookup
[    0.853790] of_get_named_gpiod_flags: parsed 'enable-gpios' property of node '/clk_mcasp0[0]' - status (0)
[    0.853835] gpio gpiochip0: Persistence not supported for GPIO 27
[    0.854719] gpio gpiochip3: (gpio-96-127): created GPIO range 0->7 ==> 44e10800.pinmux PIN 82->89
[    0.854753] gpio gpiochip3: (gpio-96-127): created GPIO range 8->11 ==> 44e10800.pinmux PIN 52->55
[    0.854773] gpio gpiochip3: (gpio-96-127): created GPIO range 12->15 ==> 44e10800.pinmux PIN 94->97
[    0.854791] gpio gpiochip3: (gpio-96-127): created GPIO range 16->17 ==> 44e10800.pinmux PIN 71->72
[    0.854809] gpio gpiochip3: (gpio-96-127): created GPIO range 18->18 ==> 44e10800.pinmux PIN 135->135
[    0.854828] gpio gpiochip3: (gpio-96-127): created GPIO range 19->20 ==> 44e10800.pinmux PIN 108->109
[    0.854848] gpio gpiochip3: (gpio-96-127): created GPIO range 21->21 ==> 44e10800.pinmux PIN 73->73
[    0.854867] gpio gpiochip3: (gpio-96-127): created GPIO range 22->23 ==> 44e10800.pinmux PIN 8->9
[    0.854887] gpio gpiochip3: (gpio-96-127): created GPIO range 26->27 ==> 44e10800.pinmux PIN 10->11
[    0.854907] gpio gpiochip3: (gpio-96-127): created GPIO range 28->28 ==> 44e10800.pinmux PIN 74->74
[    0.854927] gpio gpiochip3: (gpio-96-127): created GPIO range 29->29 ==> 44e10800.pinmux PIN 81->81
[    0.854948] gpio gpiochip3: (gpio-96-127): created GPIO range 30->31 ==> 44e10800.pinmux PIN 28->29
[    0.864660] gpio gpiochip3: (gpio-96-127): added GPIO chardev (254:3)
[    0.864805] gpio gpiochip3: registered GPIOs 96 to 127 on gpio-96-127
[    0.866216] omap8250 44e09000.serial: GPIO lookup for consumer rs485-term
[    0.866247] omap8250 44e09000.serial: using device tree for GPIO lookup
[    0.866272] of_get_named_gpiod_flags: can't parse 'rs485-term-gpios' property of node '/ocp/interconnect@44c00000/segment@200000/target-module@9000/serial@0[0]'
[    0.866327] of_get_named_gpiod_flags: can't parse 'rs485-term-gpio' property of node '/ocp/interconnect@44c00000/segment@200000/target-module@9000/serial@0[0]'
[    0.866371] omap8250 44e09000.serial: using lookup tables for GPIO lookup
[    0.866383] omap8250 44e09000.serial: No GPIO consumer rs485-term found
[    0.866436] 44e09000.serial: ttyS0 at MMIO 0x44e09000 (irq = 19, base_baud = 3000000) is a 8250
[    1.834701] printk: console [ttyS0] enabled
[    1.841136] i2c i2c-0: GPIO lookup for consumer scl
[    1.841168] i2c i2c-0: using device tree for GPIO lookup
[    1.841196] of_get_named_gpiod_flags: can't parse 'scl-gpios' property of node '/ocp/interconnect@44c00000/segment@200000/target-module@b000/i2c@0[0]'
[    1.841247] of_get_named_gpiod_flags: can't parse 'scl-gpio' property of node '/ocp/interconnect@44c00000/segment@200000/target-module@b000/i2c@0[0]'
[    1.841290] i2c i2c-0: using lookup tables for GPIO lookup
[    1.841301] i2c i2c-0: No GPIO consumer scl found
[    1.841324] i2c i2c-0: GPIO lookup for consumer sda
[    1.841334] i2c i2c-0: using device tree for GPIO lookup
[    1.841349] of_get_named_gpiod_flags: can't parse 'sda-gpios' property of node '/ocp/interconnect@44c00000/segment@200000/target-module@b000/i2c@0[0]'
[    1.841392] of_get_named_gpiod_flags: can't parse 'sda-gpio' property of node '/ocp/interconnect@44c00000/segment@200000/target-module@b000/i2c@0[0]'
[    1.841429] i2c i2c-0: using lookup tables for GPIO lookup
[    1.841439] i2c i2c-0: No GPIO consumer sda found
[    1.864813] tps65217-pmic: Failed to locate of_node [id: -1]
[    1.879987] tps65217-bl: Failed to locate of_node [id: -1]
[    1.888452] tps65217 0-0024: TPS65217 ID 0xe version 1.2
[    1.894456] i2c 0-0070: Fixing up cyclic dependency with 4830e000.lcdc
[    1.901313] omap_i2c 44e0b000.i2c: bus 0 rev0.11 at 400 kHz
[    1.908527] sdhci-omap 48060000.mmc: GPIO lookup for consumer cd
[    1.908553] sdhci-omap 48060000.mmc: using device tree for GPIO lookup
[    1.908597] of_get_named_gpiod_flags: parsed 'cd-gpios' property of node '/ocp/interconnect@48000000/segment@0/target-module@60000/mmc@0[0]' - status (0)
[    1.908719] gpio gpiochip3: Persistence not supported for GPIO 6
[    1.908742] omap_gpio 44e07000.gpio: Could not set line 6 debounce to 200000 microseconds (-22)
[    1.917598] sdhci-omap 48060000.mmc: Got CD GPIO
[    1.922244] sdhci-omap 48060000.mmc: GPIO lookup for consumer wp
[    1.922256] sdhci-omap 48060000.mmc: using device tree for GPIO lookup
[    1.922274] of_get_named_gpiod_flags: can't parse 'wp-gpios' property of node '/ocp/interconnect@48000000/segment@0/target-module@60000/mmc@0[0]'
[    1.922323] of_get_named_gpiod_flags: can't parse 'wp-gpio' property of node '/ocp/interconnect@48000000/segment@0/target-module@60000/mmc@0[0]'
[    1.922364] sdhci-omap 48060000.mmc: using lookup tables for GPIO lookup
[    1.922376] sdhci-omap 48060000.mmc: No GPIO consumer wp found
[    1.922563] sdhci-omap 48060000.mmc: supply vqmmc not found, using dummy regulator
[    1.931237] sdhci-omap 481d8000.mmc: GPIO lookup for consumer wp
[    1.931263] sdhci-omap 481d8000.mmc: using device tree for GPIO lookup
[    1.931284] of_get_named_gpiod_flags: can't parse 'wp-gpios' property of node '/ocp/interconnect@48000000/segment@100000/target-module@d8000/mmc@0[0]'
[    1.931344] of_get_named_gpiod_flags: can't parse 'wp-gpio' property of node '/ocp/interconnect@48000000/segment@100000/target-module@d8000/mmc@0[0]'
[    1.931389] sdhci-omap 481d8000.mmc: using lookup tables for GPIO lookup
[    1.931402] sdhci-omap 481d8000.mmc: No GPIO consumer wp found
[    1.934853] sdhci-omap 481d8000.mmc: supply vqmmc not found, using dummy regulator
[    1.969822] mmc1: SDHCI controller on 481d8000.mmc [481d8000.mmc] using External DMA
[    1.978107] mmc0: SDHCI controller on 48060000.mmc [48060000.mmc] using External DMA
[    1.986742] cpsw-switch 4a100000.switch: starting ndev. mode: dual_mac
[    2.060491] mmc0: new high speed SDHC card at address aaaa
[    2.067466] mmcblk0: mmc0:aaaa SE32G 29.7 GiB 
[    2.076735]  mmcblk0: p1 p2
[    2.081617] mmc1: new high speed MMC card at address 0001
[    2.088249] mmcblk1: mmc1:0001 MMC04G 3.60 GiB 
[    2.095466]  mmcblk1: p1 p2
[    2.099467] mmcblk1boot0: mmc1:0001 MMC04G 2.00 MiB 
[    2.106608] mmcblk1boot1: mmc1:0001 MMC04G 2.00 MiB 
[    2.113374] mmcblk1rpmb: mmc1:0001 MMC04G 128 KiB, chardev (250:0)
[    2.145884] SMSC LAN8710/LAN8720 4a101000.mdio:00: attached PHY driver (mii_bus:phy_addr=4a101000.mdio:00, irq=POLL)
[    5.284788] cpsw-switch 4a100000.switch eth0: Link is Up - 100Mbps/Full - flow control off
[    5.304130] IPv6: ADDRCONF(NETDEV_CHANGE): eth0: link becomes ready
[    5.334070] IP-Config: Complete:
[    5.337330]      device=eth0, hwaddr=6c:ec:eb:68:de:78, ipaddr=192.168.255.1, mask=255.255.255.0, gw=255.255.255.255
[    5.347943]      host=bbb1, domain=, nis-domain=(none)
[    5.353106]      bootserver=192.168.255.126, rootserver=192.168.255.126, rootpath=
[    5.353478] clk: Disabling unused clocks
[    5.365322] TAP version 14
[    5.368047] 1..0
[    5.390876] VFS: Mounted root (nfs filesystem) on device 0:16.
[    5.397745] devtmpfs: mounted
[    5.402038] Freeing unused kernel image (initmem) memory: 1024K
[    5.408758] Run /sbin/init as init process
[    5.412886]   with arguments:
[    5.412896]     /sbin/init
[    5.412903]     nfsrootdebug
[    5.412911]   with environment:
[    5.412917]     HOME=/
[    5.412925]     TERM=linux
[    6.099687] systemd[1]: System time before build time, advancing clock.
[    6.300530] random: systemd: uninitialized urandom read (16 bytes read)
[    6.312446] random: systemd: uninitialized urandom read (16 bytes read)
[    6.322964] systemd[1]: systemd 232 running in system mode. (+PAM +AUDIT +SELINUX +IMA +APPARMOR +SMACK +SYSVINIT +UTMP +LIBCRYPTSETUP +GCRYPT +GNUTLS +ACL +XZ +LZ4 +SECCOMP +BLKID +ELFUTILS +KMOD +IDN)
[    6.342380] systemd[1]: Detected architecture arm.
[    6.376934] systemd[1]: Set hostname to <arm>.
[    6.761726] random: systemd-cryptse: uninitialized urandom read (16 bytes read)
[    7.336764] random: systemd: uninitialized urandom read (16 bytes read)
[    7.343690] random: systemd: uninitialized urandom read (16 bytes read)
[    7.350989] random: systemd: uninitialized urandom read (16 bytes read)
[    7.364901] systemd[1]: Listening on /dev/initctl Compatibility Named Pipe.
[    7.405740] systemd[1]: Created slice User and Session Slice.
[    7.446075] systemd[1]: Listening on Journal Socket.
[    7.484624] systemd[1]: Reached target Swap.
[    7.514904] systemd[1]: Started Dispatch Password Requests to Console Directory Watch.
[    7.555696] systemd[1]: Set up automount Arbitrary Executable File Formats File System Automount Point.
[    7.594893] systemd[1]: Started Forward Password Requests to Wall Directory Watch.
[    8.350025] random: systemd: uninitialized urandom read (16 bytes read)
[    8.390256] random: systemd-journal: uninitialized urandom read (16 bytes read)
[    8.425642] random: systemd: uninitialized urandom read (16 bytes read)
[    9.395184] random: systemd-journal: uninitialized urandom read (16 bytes read)
[   10.163202] systemd-journald[97]: Received request to flush runtime journal from PID 1
[   11.624202] random: crng init done
[   11.627663] random: 438 urandom warning(s) missed due to ratelimiting
[   12.336609] of_get_named_gpiod_flags: parsed 'gpios' property of node '/leds/led2[0]' - status (0)
[   12.336701] gpio gpiochip0: Persistence not supported for GPIO 21
[   12.336714] gpio-21 (?): no flags found for gpios
[   12.336946] of_get_named_gpiod_flags: parsed 'gpios' property of node '/leds/led3[0]' - status (0)
[   12.336988] gpio gpiochip0: Persistence not supported for GPIO 22
[   12.336999] gpio-22 (?): no flags found for gpios
[   12.337192] of_get_named_gpiod_flags: parsed 'gpios' property of node '/leds/led4[0]' - status (0)
[   12.337227] gpio gpiochip0: Persistence not supported for GPIO 23
[   12.337238] gpio-23 (?): no flags found for gpios
[   12.337399] of_get_named_gpiod_flags: parsed 'gpios' property of node '/leds/led5[0]' - status (0)
[   12.337433] gpio gpiochip0: Persistence not supported for GPIO 24
[   12.337444] gpio-24 (?): no flags found for gpios
[   12.687551] remoteproc remoteproc0: wkup_m3 is available
[   12.926693] at24 2-0054: supply vcc not found, using dummy regulator
[   13.128461] at24 2-0055: supply vcc not found, using dummy regulator
[   13.252161] at24 2-0056: supply vcc not found, using dummy regulator
[   13.359226] at24 2-0057: supply vcc not found, using dummy regulator
[   13.455737] tps6521x_pwrbutton tps65217-pwrbutton: DMA mask not set
[   13.465862] omap_wdt: OMAP Watchdog Timer Rev 0x01: initial timeout 60 sec
[   13.524631] at24 0-0050: supply vcc not found, using dummy regulator
[   13.630401] at24 0-0050: GPIO lookup for consumer wp
[   13.630442] at24 0-0050: using device tree for GPIO lookup
[   13.630473] of_get_named_gpiod_flags: can't parse 'wp-gpios' property of node '/ocp/interconnect@44c00000/segment@200000/target-module@b000/i2c@0/baseboard_eeprom@50[0]'
[   13.630551] of_get_named_gpiod_flags: can't parse 'wp-gpio' property of node '/ocp/interconnect@44c00000/segment@200000/target-module@b000/i2c@0/baseboard_eeprom@50[0]'
[   13.630603] at24 0-0050: using lookup tables for GPIO lookup
[   13.630616] at24 0-0050: No GPIO consumer wp found
[   13.630874] at24 0-0050: 32768 byte 24c256 EEPROM, writable, 1 bytes/write
[   13.640119] input: tps65217_pwrbutton as /devices/platform/ocp/44c00000.interconnect/44c00000.interconnect:segment@200000/44e0b000.target-module/44e0b000.i2c/i2c-0/0-0024/tps65217-pwrbutton/input/input0
[   13.724691] omap_rtc 44e3e000.rtc: registered as rtc0
[   13.729880] omap_rtc 44e3e000.rtc: setting system clock to 2000-01-01T00:00:00 UTC (946684800)
[   13.738639] omap_rtc 44e3e000.rtc: GPIO lookup for consumer wp
[   13.738654] omap_rtc 44e3e000.rtc: using device tree for GPIO lookup
[   13.738684] of_get_named_gpiod_flags: can't parse 'wp-gpios' property of node '/ocp/interconnect@44c00000/segment@200000/target-module@3e000/rtc@0[0]'
[   13.738748] of_get_named_gpiod_flags: can't parse 'wp-gpio' property of node '/ocp/interconnect@44c00000/segment@200000/target-module@3e000/rtc@0[0]'
[   13.738794] omap_rtc 44e3e000.rtc: using lookup tables for GPIO lookup
[   13.738806] omap_rtc 44e3e000.rtc: No GPIO consumer wp found
[   14.115068] am335x-phy-driver 47401300.usb-phy: GPIO lookup for consumer reset
[   14.115110] am335x-phy-driver 47401300.usb-phy: using device tree for GPIO lookup
[   14.115140] of_get_named_gpiod_flags: can't parse 'reset-gpios' property of node '/ocp/target-module@47400000/usb-phy@1300[0]'
[   14.115195] of_get_named_gpiod_flags: can't parse 'reset-gpio' property of node '/ocp/target-module@47400000/usb-phy@1300[0]'
[   14.115230] am335x-phy-driver 47401300.usb-phy: using lookup tables for GPIO lookup
[   14.115243] am335x-phy-driver 47401300.usb-phy: No GPIO consumer reset found
[   14.115255] am335x-phy-driver 47401300.usb-phy: GPIO lookup for consumer vbus-detect
[   14.115266] am335x-phy-driver 47401300.usb-phy: using device tree for GPIO lookup
[   14.115282] of_get_named_gpiod_flags: can't parse 'vbus-detect-gpios' property of node '/ocp/target-module@47400000/usb-phy@1300[0]'
[   14.115315] of_get_named_gpiod_flags: can't parse 'vbus-detect-gpio' property of node '/ocp/target-module@47400000/usb-phy@1300[0]'
[   14.115344] am335x-phy-driver 47401300.usb-phy: using lookup tables for GPIO lookup
[   14.115354] am335x-phy-driver 47401300.usb-phy: No GPIO consumer vbus-detect found
[   14.115476] am335x-phy-driver 47401300.usb-phy: supply vcc not found, using dummy regulator
[   14.426059] usbcore: registered new interface driver usbfs
[   14.431670] usbcore: registered new interface driver hub
[   14.437194] usbcore: registered new device driver usb
[   14.817909] am335x-phy-driver 47401b00.usb-phy: GPIO lookup for consumer reset
[   14.817950] am335x-phy-driver 47401b00.usb-phy: using device tree for GPIO lookup
[   14.817980] of_get_named_gpiod_flags: can't parse 'reset-gpios' property of node '/ocp/target-module@47400000/usb-phy@1b00[0]'
[   14.818029] of_get_named_gpiod_flags: can't parse 'reset-gpio' property of node '/ocp/target-module@47400000/usb-phy@1b00[0]'
[   14.818064] am335x-phy-driver 47401b00.usb-phy: using lookup tables for GPIO lookup
[   14.818077] am335x-phy-driver 47401b00.usb-phy: No GPIO consumer reset found
[   14.818089] am335x-phy-driver 47401b00.usb-phy: GPIO lookup for consumer vbus-detect
[   14.818100] am335x-phy-driver 47401b00.usb-phy: using device tree for GPIO lookup
[   14.818115] of_get_named_gpiod_flags: can't parse 'vbus-detect-gpios' property of node '/ocp/target-module@47400000/usb-phy@1b00[0]'
[   14.818149] of_get_named_gpiod_flags: can't parse 'vbus-detect-gpio' property of node '/ocp/target-module@47400000/usb-phy@1b00[0]'
[   14.818177] am335x-phy-driver 47401b00.usb-phy: using lookup tables for GPIO lookup
[   14.818188] am335x-phy-driver 47401b00.usb-phy: No GPIO consumer vbus-detect found
[   14.818313] am335x-phy-driver 47401b00.usb-phy: supply vcc not found, using dummy regulator
[   15.080279] tda998x 0-0070: found TDA19988
[   15.268643] omap-mailbox 480c8000.mailbox: omap mailbox rev 0x400
[   15.301509] remoteproc remoteproc0: powering up wkup_m3
[   15.320156] musb-hdrc musb-hdrc.1: MUSB HDRC host driver
[   15.325692] musb-hdrc musb-hdrc.1: new USB bus registered, assigned bus number 1
[   15.517867] remoteproc remoteproc0: Direct firmware load for am335x-pm-firmware.elf failed with error -2
[   15.528970] remoteproc remoteproc0: request_firmware failed: -2
[   15.535059] wkup_m3_ipc 44e11324.wkup_m3_ipc: rproc_boot failed
[   15.654829] usb usb1: New USB device found, idVendor=1d6b, idProduct=0002, bcdDevice= 5.15
[   15.663279] usb usb1: New USB device strings: Mfr=3, Product=2, SerialNumber=1
[   15.670620] usb usb1: Product: MUSB HDRC host driver
[   15.675633] usb usb1: Manufacturer: Linux 5.15.196 musb-hcd
[   15.681233] usb usb1: SerialNumber: musb-hdrc.1
[   16.217298] hub 1-0:1.0: USB hub found
[   16.299439] hub 1-0:1.0: 1 port detected
[   17.107345] omap_rng 48310000.rng: Random Number Generator ver. 20
[   17.151563] tilcdc 4830e000.lcdc: bound 0-0070 (ops tda998x_driver_exit [tda998x])
[   17.343103] [drm] Initialized tilcdc 1.0.0 20121205 for 4830e000.lcdc on minor 0
[   17.533152] tilcdc 4830e000.lcdc: [drm] Cannot find any crtc or sizes
[   17.554643] tilcdc 4830e000.lcdc: [drm] Cannot find any crtc or sizes
[   18.416817] PM: Cannot get wkup_m3_ipc handle
[   18.534912] omap-sham 53100000.sham: hw accel on OMAP rev 4.3
[   18.662242] omap-aes 53500000.aes: OMAP AES hw accel rev: 3.2
[   18.679174] omap-sham 53100000.sham: will run requests pump with realtime priority
[   18.748946] omap-aes 53500000.aes: will run requests pump with realtime priority
[   18.895139] PM: Cannot get wkup_m3_ipc handle
[   18.938075] PM: Cannot get wkup_m3_ipc handle
[   19.641046] Bluetooth: Core ver 2.22
[   19.645030] NET: Registered PF_BLUETOOTH protocol family
[   19.650377] Bluetooth: HCI device and connection manager initialized
[   19.656859] Bluetooth: HCI socket layer initialized
[   19.661768] Bluetooth: L2CAP socket layer initialized
[   19.666898] Bluetooth: SCO socket layer initialized
[   22.088287] PM: Cannot get wkup_m3_ipc handle
[   22.093925] of_get_named_gpiod_flags: can't parse 'simple-audio-card,hp-det-gpio' property of node '/sound[0]'
[   22.093986] of_get_named_gpiod_flags: can't parse 'simple-audio-card,mic-det-gpio' property of node '/sound[0]'
[   22.223195] PM: Cannot get wkup_m3_ipc handle
[   22.892665] using random self ethernet address
[   22.897282] using random host ethernet address
[   23.167654] using random self ethernet address
[   23.172166] using random host ethernet address
[   23.424890] userial_init: registered 8 ttyGS* devices
[   23.639752] rndis_register: configNr = 0
[   23.721096] udc musb-hdrc.0: registering UDC driver [g_multi]
[   23.721194] configfs-gadget gadget: adding 'rndis'/5e46461e to config 'c'/74d64529
[   23.722189] usb0: HOST MAC 1c:ba:8c:a2:ed:6c
[   23.726730] usb0: MAC 1c:ba:8c:a2:ed:70
[   23.730637] rndis_set_param_medium: 0 0
[   23.730653] configfs-gadget gadget: RNDIS: dual speed IN/ep1in OUT/ep1out NOTIFY/ep2in
[   23.730669] configfs-gadget gadget: adding 'cdc_ethernet'/c71323ec to config 'c'/74d64529
[   23.731442] usb1: HOST MAC 1c:ba:8c:a2:ed:6c
[   23.735830] usb1: MAC 1c:ba:8c:a2:ed:6d
[   23.739711] configfs-gadget gadget: CDC Ethernet: dual speed IN/ep3in OUT/ep2out NOTIFY/ep4in
[   23.739729] configfs-gadget gadget: adding 'acm'/be7761f6 to config 'c'/74d64529
[   23.739758] configfs-gadget gadget: acm ttyGS0: dual speed IN/ep5in OUT/ep3out NOTIFY/ep6in
[   24.869840] usb1: eth_open
[   29.542084] gs_open: ttyGS0 (f2fab847,fedf5c1b)
[   29.542226] gs_close: ttyGS0 (f2fab847,fedf5c1b) ...
[   29.542248] gs_close: ttyGS0 (f2fab847,fedf5c1b) done!
[   29.542399] gs_open: ttyGS0 (b4fba68a,94e04295)
[   29.542467] gs_close: ttyGS0 (b4fba68a,94e04295) ...
[   29.542482] gs_close: ttyGS0 (b4fba68a,94e04295) done!
[   29.723182] gs_open: ttyGS0 (f2fab847,ed0cccda)
[   29.729396] gs_close: ttyGS0 (f2fab847,ed0cccda) ...
[   29.729459] gs_close: ttyGS0 (f2fab847,ed0cccda) done!
[   29.740495] gs_open: ttyGS0 (f2fab847,fead1893)
[   49.797235]     # Subtest: linear-ranges-test
[   49.797277]     1..4
[   49.798032]     ok 1 - range_test_get_value_amount
