Labgrid Console Logfile for main
Logfile started at 2024-12-13 09:40:34.716082
=== Log starts here ===

** Unable to use mmc 0:1 for loading the env **


U-Boot 2019.04-00002-g31a8ae0206 (May 13 2020 - 09:26:17 -0500), Build: jenkins-github_Bootloader-Builder-139

CPU  : AM335X-GP rev 2.1
I2C:   ready
DRAM:  512 MiB
No match for driver 'omap_hsmmc'
No match for driver 'omap_hsmmc'
Some drivers were not found
Reset Source: Power-on reset has occurred.
RTC 32KCLK Source: External.
MMC:   OMAP SD/MMC: 0, OMAP SD/MMC: 1
Loading Environment from EXT4... 
** Unable to use mmc 0:1 for loading the env **
Board: BeagleBone Black
<ethaddr> not set. Validating first E-fuse MAC
BeagleBone Black:
BeagleBone: cape eeprom: i2c_probe: 0x54:
BeagleBone: cape eeprom: i2c_probe: 0x55:
BeagleBone: cape eeprom: i2c_probe: 0x56:
BeagleBone: cape eeprom: i2c_probe: 0x57:
Net:   eth0: MII MODE
cpsw, usb_ether
Press SPACE to abort autoboot in 0 seconds
board_name=[A335BNLT] ...
board_rev=[00C0] ...
switch to partitions #0, OK
mmc0 is current device
SD/MMC found on device 0
switch to partitions #0, OK
mmc0 is current device
Scanning mmc 0:1...
gpio: pin 56 (gpio 56) value is 0
gpio: pin 55 (gpio 55) value is 0
gpio: pin 54 (gpio 54) value is 0
gpio: pin 53 (gpio 53) value is 1
switch to partitions #0, OK
mmc0 is current device
gpio: pin 54 (gpio 54) value is 1
Checking for: /uEnv.txt ...
584 bytes read in 2 ms (285.2 KiB/s)
gpio: pin 55 (gpio 55) value is 1
Loaded environment from /uEnv.txt
Importing environment from mmc ...
Checking if uenvcmd is set ...
gpio: pin 56 (gpio 56) value is 1
Running uenvcmd ...
cpsw Waiting for PHY auto negotiation to complete.. done
link up on port 0, speed 100, full duplex
Using cpsw device
TFTP from server 192.168.255.126; our IP address is 192.168.255.4
Filename 'zImage'.
Load address: 0x81000000
Loading: *#################################################################
	 #################################################################
	 #################################################################
	 #################################################################
	 #################################################################
	 #####################################################
	 3 MiB/s
done
Bytes transferred = 5542168 (549118 hex)
link up on port 0, speed 100, full duplex
Using cpsw device
TFTP from server 192.168.255.126; our IP address is 192.168.255.4
Filename 'am335x-boneblack.dtb'.
Load address: 0x82000000
Loading: *#######
	 2.8 MiB/s
done
Bytes transferred = 98244 (17fc4 hex)
## Flattened Device Tree blob at 82000000
   Booting using the fdt blob at 0x82000000
   Loading Device Tree to 8ffe5000, end 8fffffc3 ... OK

Starting kernel ...

[    0.000000] Booting Linux on physical CPU 0x0
[    0.000000] Linux version 6.13.0-rc2-next-20241213 (user01@drvtest01) (arm-linux-gnueabihf-gcc (Linaro GCC 6.4-2017.11) 6.4.1 20171012, GNU ld (Linaro_Binutils-2017.11) 2.27.0.20161229) #156 SMP Fri Dec 13 07:18:58 EET 2024
[    0.000000] CPU: ARMv7 Processor [413fc082] revision 2 (ARMv7), cr=10c5387d
[    0.000000] CPU: PIPT / VIPT nonaliasing data cache, VIPT aliasing instruction cache
[    0.000000] OF: fdt: Machine model: TI AM335x BeagleBone Black
[    0.000000] earlycon: omap8250 at MMIO 0x44e09000 (options '')
[    0.000000] printk: legacy bootconsole [omap8250] enabled
[    0.000000] Memory policy: Data cache writeback
[    0.000000] cma: Reserved 16 MiB at 0x9e800000 on node -1
[    0.000000] Zone ranges:
[    0.000000]   Normal   [mem 0x0000000080000000-0x000000009fdfffff]
[    0.000000]   HighMem  empty
[    0.000000] Movable zone start for each node
[    0.000000] Early memory node ranges
[    0.000000]   node   0: [mem 0x0000000080000000-0x000000009fdfffff]
[    0.000000] Initmem setup node 0 [mem 0x0000000080000000-0x000000009fdfffff]
[    0.000000] OF: reserved mem: Reserved memory: No reserved-memory node in the DT
[    0.000000] CPU: All CPU(s) started in SVC mode.
[    0.000000] AM335X ES2.1 (sgx neon)
[    0.000000] percpu: Embedded 17 pages/cpu s39628 r8192 d21812 u69632
[    0.000000] pcpu-alloc: s39628 r8192 d21812 u69632 alloc=17*4096
[    0.000000] pcpu-alloc: [0] 0 
[    0.000000] Kernel command line: console=ttyO0,115200n8 debug earlycon root=/dev/nfs rw nfsroot=192.168.255.126:/home/user01/nfs,nfsvers=3 ip=192.168.255.4:192.168.255.126::255.255.255.0:bbb1:eth0 nfsrootdebug
[    0.000000] Unknown kernel command line parameters "nfsrootdebug", will be passed to user space.
[    0.000000] printk: log buffer data + meta data: 65536 + 204800 = 270336 bytes
[    0.000000] Dentry cache hash table entries: 65536 (order: 6, 262144 bytes, linear)
[    0.000000] Inode-cache hash table entries: 32768 (order: 5, 131072 bytes, linear)
[    0.000000] Built 1 zonelists, mobility grouping on.  Total pages: 130560
[    0.000000] mem auto-init: stack:off, heap alloc:off, heap free:off
[    0.000000] SLUB: HWalign=64, Order=0-3, MinObjects=0, CPUs=1, Nodes=1
[    0.000000] trace event string verifier disabled
[    0.000000] rcu: Hierarchical RCU implementation.
[    0.000000] rcu: 	RCU event tracing is enabled.
[    0.000000] rcu: 	RCU restricting CPUs from NR_CPUS=2 to nr_cpu_ids=1.
[    0.000000] 	Tracing variant of Tasks RCU enabled.
[    0.000000] rcu: RCU calculated value of scheduler-enlistment delay is 10 jiffies.
[    0.000000] rcu: Adjusting geometry for rcu_fanout_leaf=16, nr_cpu_ids=1
[    0.000000] RCU Tasks Trace: Setting shift to 0 and lim to 1 rcu_task_cb_adjust=1 rcu_task_cpu_ids=1.
[    0.000000] NR_IRQS: 16, nr_irqs: 16, preallocated irqs: 16
[    0.000000] IRQ: Found an INTC at 0x(ptrval) (revision 5.0) with 128 interrupts
[    0.000000] rcu: srcu_init: Setting srcu_struct sizes based on contention.
[    0.000000] TI gptimer clocksource: always-on /ocp/interconnect@44c00000/segment@200000/target-module@31000
[    0.000002] sched_clock: 32 bits at 24MHz, resolution 41ns, wraps every 89478484971ns
[    0.008076] clocksource: dmtimer: mask: 0xffffffff max_cycles: 0xffffffff, max_idle_ns: 79635851949 ns
[    0.018133] TI gptimer clockevent: 24000000 Hz at /ocp/interconnect@48000000/segment@0/target-module@40000
[    0.029725] Console: colour dummy device 80x30
[    0.034368] WARNING: Your 'console=ttyO0' has been replaced by 'ttyS0'
[    0.041176] This ensures that you still see kernel messages. Please
[    0.047629] update your kernel commandline.
[    0.051983] Calibrating delay loop... 996.14 BogoMIPS (lpj=4980736)
[    0.094622] CPU: Testing write buffer coherency: ok
[    0.099752] CPU0: Spectre v2: using BPIALL workaround
[    0.104955] pid_max: default: 32768 minimum: 301
[    0.109828] LSM: initializing lsm=capability
[    0.114400] Mount-cache hash table entries: 1024 (order: 0, 4096 bytes, linear)
[    0.121968] Mountpoint-cache hash table entries: 1024 (order: 0, 4096 bytes, linear)
[    0.131655] CPU0: thread -1, cpu 0, socket -1, mpidr 0
[    0.139302] Setting up static identity map for 0x80100000 - 0x80100078
[    0.146369] rcu: Hierarchical SRCU implementation.
[    0.151367] rcu: 	Max phase no-delay instances is 1000.
[    0.158714] smp: Bringing up secondary CPUs ...
[    0.163445] smp: Brought up 1 node, 1 CPU
[    0.167577] SMP: Total of 1 processors activated (996.14 BogoMIPS).
[    0.174125] CPU: All CPU(s) started in SVC mode.
[    0.179078] Memory: 480840K/522240K available (11264K kernel code, 1215K rwdata, 2904K rodata, 1024K init, 295K bss, 23388K reserved, 16384K cma-reserved, 0K highmem)
[    0.195385] devtmpfs: initialized
[    0.215606] VFP support v0.3: implementor 41 architecture 3 part 30 variant c rev 3
[    0.223982] clocksource: jiffies: mask: 0xffffffff max_cycles: 0xffffffff, max_idle_ns: 19112604462750000 ns
[    0.234191] futex hash table entries: 256 (order: 2, 16384 bytes, linear)
[    0.242461] pinctrl core: initialized pinctrl subsystem
[    0.250806] NET: Registered PF_NETLINK/PF_ROUTE protocol family
[    0.259872] DMA: preallocated 256 KiB pool for atomic coherent allocations
[    0.267878] audit: initializing netlink subsys (disabled)
[    0.274988] thermal_sys: Registered thermal governor 'fair_share'
[    0.275018] thermal_sys: Registered thermal governor 'step_wise'
[    0.281399] thermal_sys: Registered thermal governor 'user_space'
[    0.287705] audit: type=2000 audit(0.240:1): state=initialized audit_enabled=0 res=1
[    0.302095] cpuidle: using governor menu
[    0.324564] /ocp/interconnect@44c00000/segment@200000/target-module@b000/i2c@0/tda19988@70: Fixed dependency cycle(s) with /ocp/interconnect@48000000/segment@300000/target-module@e000/lcdc@0
[    0.343320] /ocp/interconnect@48000000/segment@300000/target-module@e000/lcdc@0: Fixed dependency cycle(s) with /ocp/interconnect@44c00000/segment@200000/target-module@b000/i2c@0/tda19988@70
[    0.363146] No ATAGs?
[    0.365512] hw-breakpoint: debug architecture 0x4 unsupported.
[    0.374499] kprobes: kprobe jump-optimization is enabled. All kprobes are optimized if possible.
[    0.402024] iommu: Default domain type: Translated
[    0.406982] iommu: DMA domain TLB invalidation policy: strict mode
[    0.415169] reg-fixed-voltage fixedregulator0: using DT '/fixedregulator0' for '(default)' GPIO lookup
[    0.424907] of_get_named_gpiod_flags: can't parse 'gpios' property of node '/fixedregulator0[0]'
[    0.434003] of_get_named_gpiod_flags: can't parse 'gpio' property of node '/fixedregulator0[0]'
[    0.443003] reg-fixed-voltage fixedregulator0: using lookup tables for GPIO lookup
[    0.450821] reg-fixed-voltage fixedregulator0: No GPIO consumer (default) found
[    0.479054] SCSI subsystem initialized
[    0.488932] libata version 3.00 loaded.
[    0.493266] pps_core: LinuxPPS API ver. 1 registered
[    0.498439] pps_core: Software ver. 5.3.6 - Copyright 2005-2007 Rodolfo Giometti <giometti@linux.it>
[    0.507867] PTP clock support registered
[    0.538261] vgaarb: loaded
[    0.548242] clocksource: Switched to clocksource dmtimer
[    0.554438] VFS: Disk quotas dquot_6.6.0
[    0.558652] VFS: Dquot-cache hash table entries: 1024 (order 0, 4096 bytes)
[    0.601638] NET: Registered PF_INET protocol family
[    0.607031] IP idents hash table entries: 8192 (order: 4, 65536 bytes, linear)
[    0.615938] tcp_listen_portaddr_hash hash table entries: 512 (order: 0, 4096 bytes, linear)
[    0.624646] Table-perturb hash table entries: 65536 (order: 6, 262144 bytes, linear)
[    0.632657] TCP established hash table entries: 4096 (order: 2, 16384 bytes, linear)
[    0.640667] TCP bind hash table entries: 4096 (order: 4, 65536 bytes, linear)
[    0.648128] TCP: Hash tables configured (established 4096 bind 4096)
[    0.654811] UDP hash table entries: 256 (order: 1, 14336 bytes, linear)
[    0.661689] UDP-Lite hash table entries: 256 (order: 1, 14336 bytes, linear)
[    0.669135] NET: Registered PF_UNIX/PF_LOCAL protocol family
[    0.753432] RPC: Registered named UNIX socket transport module.
[    0.759567] RPC: Registered udp transport module.
[    0.764484] RPC: Registered tcp transport module.
[    0.769328] RPC: Registered tcp-with-tls transport module.
[    0.774996] RPC: Registered tcp NFSv4.1 backchannel transport module.
[    0.781676] PCI: CLS 0 bytes, default 64
[    0.787249] Initialise system trusted keyrings
[    0.854126] workingset: timestamp_bits=14 max_order=17 bucket_order=3
[    0.862322] NFS: Registering the id_resolver key type
[    0.867609] Key type id_resolver registered
[    0.871994] Key type id_legacy registered
[    0.876177] jffs2: version 2.2. (NAND) (SUMMARY)  © 2001-2006 Red Hat, Inc.
[    0.911178] Key type asymmetric registered
[    0.915546] Asymmetric key parser 'x509' registered
[    0.920643] io scheduler mq-deadline registered
[    0.925353] io scheduler kyber registered
[    0.929552] io scheduler bfq registered
[    0.959821] ledtrig-cpu: registered to indicate activity on CPUs
[    0.969057] Serial: 8250/16550 driver, 6 ports, IRQ sharing enabled
[    1.056365] brd: module loaded
[    1.076880] loop: module loaded
[    1.081090] mtdoops: mtd device (mtddev=name/number) must be supplied
[    1.097995] mdio_bus fixed-0: using lookup tables for GPIO lookup
[    1.104399] mdio_bus fixed-0: No GPIO consumer reset found
[    1.111456] i2c_dev: i2c /dev entries driver
[    1.116949] cpuidle: enable-method property 'ti,am3352' found operations
[    1.124416] sdhci: Secure Digital Host Controller Interface driver
[    1.130789] sdhci: Copyright(c) Pierre Ossman
[    1.135520] sdhci-pltfm: SDHCI platform and OF driver helper
[    1.142471] Initializing XFRM netlink socket
[    1.147029] NET: Registered PF_INET6 protocol family
[    1.228492] Segment Routing with IPv6
[    1.232477] In-situ OAM (IOAM) with IPv6
[    1.236617] sit: IPv6, IPv4 and MPLS over IPv4 tunneling driver
[    1.243745] NET: Registered PF_PACKET protocol family
[    1.248987] NET: Registered PF_KEY protocol family
[    1.254128] Key type dns_resolver registered
[    1.258823] ThumbEE CPU extension supported.
[    1.263310] Registering SWP/SWPB emulation handler
[    1.268783] omap_voltage_late_init: Voltage driver support not added
[    1.275812] SmartReflex Class3 initialized
[    1.352602] Loading compiled-in X.509 certificates
[    1.404217] /ocp/interconnect@44c00000/segment@200000/target-module@b000/i2c@0/tda19988@70: Fixed dependency cycle(s) with /ocp/interconnect@48000000/segment@300000/target-module@e000/lcdc@0
[    1.428283] /ocp/interconnect@44c00000/segment@200000/target-module@b000/i2c@0/tda19988@70: Fixed dependency cycle(s) with /ocp/interconnect@48000000/segment@300000/target-module@e000/lcdc@0
[    1.451713] gpiochip_find_base_unlocked: found new base at 512
[    1.518497] /ocp/interconnect@44c00000/segment@200000/target-module@b000/i2c@0/tda19988@70: Fixed dependency cycle(s) with /ocp/interconnect@48000000/segment@300000/target-module@e000/lcdc@0
[    1.537149] /ocp/interconnect@44c00000/segment@200000/target-module@b000/i2c@0/tda19988@70: Fixed dependency cycle(s) with /ocp/interconnect@48000000/segment@300000/target-module@e000/lcdc@0
[    1.558263] /ocp/interconnect@44c00000/segment@200000/target-module@10000/scm@0/pinmux@800: Fixed dependency cycle(s) with /ocp/interconnect@44c00000/segment@200000/target-module@10000/scm@0/pinmux@800/clkout2-pins
[    1.578614] pinctrl-single 44e10800.pinmux: 142 pins, size 568
[    1.589994] ti-sysc 44e31000.target-module: probe with driver ti-sysc failed with error -16
[    1.688049] /ocp/interconnect@48000000/segment@300000/target-module@e000/lcdc@0: Fixed dependency cycle(s) with /ocp/interconnect@44c00000/segment@200000/target-module@b000/i2c@0/tda19988@70
[    1.713995] ti-sysc 48040000.target-module: probe with driver ti-sysc failed with error -16
[    1.734343] gpiochip_find_base_unlocked: found new base at 512
[    1.740466] gpio gpiochip0: (gpio-0-31): created GPIO range 0->7 ==> 44e10800.pinmux PIN 0->7
[    1.749378] gpio gpiochip0: (gpio-0-31): created GPIO range 8->11 ==> 44e10800.pinmux PIN 90->93
[    1.758483] gpio gpiochip0: (gpio-0-31): created GPIO range 12->27 ==> 44e10800.pinmux PIN 12->27
[    1.767651] gpio gpiochip0: (gpio-0-31): created GPIO range 28->31 ==> 44e10800.pinmux PIN 30->33
[    1.872226] gpio gpiochip0: (gpio-0-31): added GPIO chardev (254:0)
[    1.878849] gpio gpiochip0: registered GPIOs 512 to 543 on gpio-0-31
[    1.885562] OMAP GPIO hardware version 0.1
[    1.918846] i2c i2c-2: using DT '/ocp/interconnect@48000000/segment@100000/target-module@9c000/i2c@0' for 'scl' GPIO lookup
[    1.930639] of_get_named_gpiod_flags: can't parse 'scl-gpios' property of node '/ocp/interconnect@48000000/segment@100000/target-module@9c000/i2c@0[0]'
[    1.944708] of_get_named_gpiod_flags: can't parse 'scl-gpio' property of node '/ocp/interconnect@48000000/segment@100000/target-module@9c000/i2c@0[0]'
[    1.958644] i2c i2c-2: using lookup tables for GPIO lookup
[    1.964360] i2c i2c-2: No GPIO consumer scl found
[    1.969221] i2c i2c-2: using DT '/ocp/interconnect@48000000/segment@100000/target-module@9c000/i2c@0' for 'sda' GPIO lookup
[    1.980746] of_get_named_gpiod_flags: can't parse 'sda-gpios' property of node '/ocp/interconnect@48000000/segment@100000/target-module@9c000/i2c@0[0]'
[    1.994766] of_get_named_gpiod_flags: can't parse 'sda-gpio' property of node '/ocp/interconnect@48000000/segment@100000/target-module@9c000/i2c@0[0]'
[    2.008687] i2c i2c-2: using lookup tables for GPIO lookup
[    2.014362] i2c i2c-2: No GPIO consumer sda found
[    2.019949] omap_i2c 4819c000.i2c: bus 2 rev0.11 at 100 kHz
[    2.031307] gpiochip_find_base_unlocked: found new base at 544
[    2.037621] gpio gpiochip1: (gpio-32-63): created GPIO range 0->17 ==> 44e10800.pinmux PIN 34->51
[    2.046825] gpio gpiochip1: (gpio-32-63): created GPIO range 18->21 ==> 44e10800.pinmux PIN 77->80
[    2.056102] gpio gpiochip1: (gpio-32-63): created GPIO range 22->31 ==> 44e10800.pinmux PIN 56->65
[    2.066263] gpio gpiochip1: (gpio-32-63): added GPIO chardev (254:1)
[    2.073078] gpio gpiochip1: registered GPIOs 544 to 575 on gpio-32-63
[    2.082136] gpiochip_find_base_unlocked: found new base at 576
[    2.088247] gpio gpiochip2: (gpio-64-95): created GPIO range 0->4 ==> 44e10800.pinmux PIN 66->70
[    2.097388] gpio gpiochip2: (gpio-64-95): created GPIO range 5->6 ==> 44e10800.pinmux PIN 98->99
[    2.106474] gpio gpiochip2: (gpio-64-95): created GPIO range 7->8 ==> 44e10800.pinmux PIN 75->76
[    2.115565] gpio gpiochip2: (gpio-64-95): created GPIO range 13->13 ==> 44e10800.pinmux PIN 141->141
[    2.125000] gpio gpiochip2: (gpio-64-95): created GPIO range 14->21 ==> 44e10800.pinmux PIN 100->107
[    2.135199] gpio gpiochip2: (gpio-64-95): added GPIO chardev (254:2)
[    2.142040] gpio gpiochip2: registered GPIOs 576 to 607 on gpio-64-95
[    2.154515] 48000000.interconnect:segment@200000:target-module@0:mpu@0:fck:  device ID is greater than 24
[    2.165365] /ocp/interconnect @48000000/segment@300000/target-module@e000/lcdc@0: Fixed dependency cycle(s) with /ocp/interconnect@44c00000/segment@200000/target-module@b000/i2c@0/tda19988@70
[    2.185858] /ocp/interconnecMSC LAN8710/LAN8720
[    2.494206] cpsw-switch 4a100000.switch: initialized cpsw ale version 1.4
[    2.501226] cpsw-switch 4a100000.switch: ALE Table size 1024, Policers 0
[    2.508568] cpsw-switch 4a100000.switch: cpts: overflow check period 500 (jiffies)
[    2.516487] cpsw-switch 4a100000.switch: CPTS: ref_clk_freq:250000000 calc_mult:2147483648 calc_shift:29 error:0 nsec/sec
[    2.527916] cpsw-switch 4a100000.switch: Detected MACID = 18:2c:65:25:1d:6e
[    2.536942] cpsw-switch 4a100000.switch: initialized (regs 0x4a100000, pool size 256) hw_ver:0019010C 1.12 (0)
[    2.558474] debugfs: Directory '49000000.dma' with parent 'dmaengine' already present!
[    2.566843] edma 49000000.dma: TI EDMA DMA engine driver
[    2.592741] target-module@4b000000:target-module@140000:pmu@0:fck: device ID is greater than 24
[    2.604004] hw perfevents: enabled with armv7_cortex_a8 PMU driver, 5 (8000000f) counters available
[    2.614389] gpio-clk clk_mcasp0: using DT '/clk_mcasp0' for 'enable' GPIO lookup
[    2.622227] of_get_named_gpiod_flags: parsed 'enable-gpios' property of node '/clk_mcasp0[0]' - status (0)
[    2.632265] gpio gpiochip0: Persistence not supported for GPIO 27
[    2.639039] ------------[ cut here ]------------
[    2.643810] WARNING: CPU: 0 PID: 34 at drivers/clk/clk.c:1254 clk_core_enable+0xb4/0x1b0
[    2.652169] Enabling unprepared l4-wkup-clkctrl:0008:18
[    2.657544] Modules linked in:
[    2.660700] CPU: 0 UID: 0 PID: 34 Comm: kworker/u4:3 Not tainted 6.13.0-rc2-next-20241213 #156
[    2.669569] Hardware name: Generic AM33XX (Flattened Device Tree)
[    2.675846] Workqueue: events_unbound deferred_probe_work_func
[    2.681864] Call trace: 
[    2.681882]  unwind_backtrace from show_stack+0x10/0x14
[    2.689891]  show_stack from dump_stack_lvl+0x50/0x64
[    2.695101]  dump_stack_lvl from __warn+0xc0/0x130
[    2.700047]  __warn from warn_slowpath_fmt+0x80/0x1a0
[    2.705257]  warn_slowpath_fmt from clk_core_enable+0xb4/0x1b0
[    2.711274]  clk_core_enable from clk_core_enable_lock+0x18/0x2c
[    2.717467]  clk_core_enable_lock from sysc_enable_opt_clocks.part.9+0x28/0x84
[    2.724913]  sysc_enable_opt_clocks.part.9 from sysc_enable_module+0x254/0x2dc
[    2.732351]  sysc_enable_module from sysc_runtime_resume+0x17c/0x1c0
[    2.738895]  sysc_runtime_resume from __rpm_callback+0x4c/0x130
[    2.744998]  __rpm_callback from rpm_callback+0x50/0x54
[    2.750382]  rpm_callback from rpm_resume+0x614/0x660
[    2.755586]  rpm_resume from __pm_runtime_resume+0x4c/0x64
[    2.761238]  __pm_runtime_resume from __device_attach+0xd0/0x1b4
[    2.767429]  __device_attach from bus_probe_device+0x88/0x8c
[    2.773259]  bus_probe_device from deferred_probe_work_func+0x3c/0xdc
[    2.779893]  deferred_probe_work_func from process_scheduled_works+0xec/0x430
[    2.787246]  process_scheduled_works from worker_thread+0x130/0x2f8
[    2.793701]  worker_thread from kthread+0x188/0x24c
[    2.798740]  kthread from ret_from_fork+0x14/0x20
[    2.803592] Exception stack(0xe0091fb0 to 0xe0091ff8)
[    2.808792] 1fa0:                                     00000000 00000000 00000000 00000000
[    2.817210] 1fc0: 00000000 00000000 00000000 00000000 00000000 00000000 00000000 00000000
[    2.825627] 1fe0: 00000000 00000000 00000000 00000000 00000013 00000000
[    2.832433] ---[ end trace 0000000000000000 ]---
[    2.837363] ti-sysc 44e07000.target-module: Optional clocks failed for enable: -108
[    2.845313] ------------[ cut here ]------------
[    2.850068] WARNING: CPU: 0 PID: 34 at drivers/clk/clk.c:1194 clk_core_disable+0xdc/0x190
[    2.858500] l4-wkup-clkctrl:0008:0 already disabled
[    2.863517] Modules linked in:
[    2.866668] CPU: 0 UID: 0 PID: 34 Comm: kworker/u4:3 Tainted: G        W          6.13.0-rc2-next-20241213 #156
[    2.877058] Tainted: [W]=WARN
[    2.880109] Hardware name: Generic AM33XX (Flattened Device Tree)
[    2.886380] Workqueue: events_unbound deferred_probe_work_func
[    2.892393] Call trace: 
[    2.892404]  unwind_backtrace from show_stack+0x10/0x14
[    2.900395]  show_stack from dump_stack_lvl+0x50/0x64
[    2.905604]  dump_stack_lvl fro m __warn+0xc0/0x130
[    2.910544]  __warn from warn_slowpath _fmt+0x80/0x1a0
[    2.915753]  warn_slowpath_fmt from clk_co re_disable+0xdc/0x190
[    2.921857]  clk_core_disable from c lk_core_disable_lock+0x18/0x24
[    2.928229]  clk_core_disab le_lock 
Labgrid Console Logfile for main
Logfile started at 2024-12-13 09:41:56.715957
=== Log starts here ===

U-Boot SPL 2019.04-00002-g31a8ae0206 (May 13 2020 - 09:26:17 -0500)
Trying to boot from MMC2
Loading Environment from EXT4... 
** Unable to use mmc 0:1 for loading the env **


U-Boot 2019.04-00002-g31a8ae0206 (May 13 2020 - 09:26:17 -0500), Build: jenkins-github_Bootloader-Builder-139

CPU  : AM335X-GP rev 2.1
I2C:   ready
DRAM:  512 MiB
No match for driver 'omap_hsmmc'
No match for driver 'omap_hsmmc'
Some drivers were not found
Reset Source: Power-on reset has occurred.
RTC 32KCLK Source: External.
MMC:   OMAP SD/MMC: 0, OMAP SD/MMC: 1
Loading Environment from EXT4... 
** Unable to use mmc 0:1 for loading the env **
Board: BeagleBone Black
<ethaddr> not set. Validating first E-fuse MAC
BeagleBone Black:
BeagleBone: cape eeprom: i2c_probe: 0x54:
BeagleBone: cape eeprom: i2c_probe: 0x55:
BeagleBone: cape eeprom: i2c_probe: 0x56:
BeagleBone: cape eeprom: i2c_probe: 0x57:
Net:   eth0: MII MODE
cpsw, usb_ether
Press SPACE to abort autoboot in 0 seconds
board_name=[A335BNLT] ...
board_rev=[00C0] ...
switch to partitions #0, OK
mmc0 is current device
SD/MMC found on device 0
switch to partitions #0, OK
mmc0 is current device
Scanning mmc 0:1...
gpio: pin 56 (gpio 56) value is 0
gpio: pin 55 (gpio 55) value is 0
gpio: pin 54 (gpio 54) value is 0
gpio: pin 53 (gpio 53) value is 1
switch to partitions #0, OK
mmc0 is current device
gpio: pin 54 (gpio 54) value is 1
Checking for: /uEnv.txt ...
584 bytes read in 2 ms (285.2 KiB/s)
gpio: pin 55 (gpio 55) value is 1
Loaded environment from /uEnv.txt
Importing environment from mmc ...
Checking if uenvcmd is set ...
gpio: pin 56 (gpio 56) value is 1
Running uenvcmd ...
cpsw Waiting for PHY auto negotiation to complete.. done
link up on port 0, speed 100, full duplex
Using cpsw device
TFTP from server 192.168.255.126; our IP address is 192.168.255.4
Filename 'zImage'.
Load address: 0x81000000
Loading: *#################################################################
	 #################################################################
	 #################################################################
	 #################################################################
	 #################################################################
	 #####################################################
	 3.2 MiB/s
done
Bytes transferred = 5542168 (549118 hex)
link up on port 0, speed 100, full duplex
Using cpsw device
TFTP from server 192.168.255.126; our IP address is 192.168.255.4
Filename 'am335x-boneblack.dtb'.
Load address: 0x82000000
Loading: *#######
	 2.7 MiB/s
done
Bytes transferred = 98244 (17fc4 hex)
## Flattened Device Tree blob at 82000000
   Booting using the fdt blob at 0x82000000
   Loading Device Tree to 8ffe5000, end 8fffffc3 ... OK

Starting kernel ...

[    0.000000] Booting Linux on physical CPU 0x0
[    0.000000] Linux version 6.13.0-rc2-next-20241213 (user01@drvtest01) (arm-linux-gnueabihf-gcc (Linaro GCC 6.4-2017.11) 6.4.1 20171012, GNU ld (Linaro_Binutils-2017.11) 2.27.0.20161229) #156 SMP Fri Dec 13 07:18:58 EET 2024
[    0.000000] CPU: ARMv7 Processor [413fc082] revision 2 (ARMv7), cr=10c5387d
[    0.000000] CPU: PIPT / VIPT nonaliasing data cache, VIPT aliasing instruction cache
[    0.000000] OF: fdt: Machine model: TI AM335x BeagleBone Black
[    0.000000] earlycon: omap8250 at MMIO 0x44e09000 (options '')
[    0.000000] printk: legacy bootconsole [omap8250] enabled
[    0.000000] Memory policy: Data cache writeback
[    0.000000] cma: Reserved 16 MiB at 0x9e800000 on node -1
[    0.000000] Zone ranges:
[    0.000000]   Normal   [mem 0x0000000080000000-0x000000009fdfffff]
[    0.000000]   HighMem  empty
[    0.000000] Movable zone start for each node
[    0.000000] Early memory node ranges
[    0.000000]   node   0: [mem 0x0000000080000000-0x000000009fdfffff]
[    0.000000] Initmem setup node 0 [mem 0x0000000080000000-0x000000009fdfffff]
[    0.000000] OF: reserved mem: Reserved memory: No reserved-memory node in the DT
[    0.000000] CPU: All CPU(s) started in SVC mode.
[    0.000000] AM335X ES2.1 (sgx neon)
[    0.000000] percpu: Embedded 17 pages/cpu s39628 r8192 d21812 u69632
[    0.000000] pcpu-alloc: s39628 r8192 d21812 u69632 alloc=17*4096
[    0.000000] pcpu-alloc: [0] 0 
[    0.000000] Kernel command line: console=ttyO0,115200n8 debug earlycon root=/dev/nfs rw nfsroot=192.168.255.126:/home/user01/nfs,nfsvers=3 ip=192.168.255.4:192.168.255.126::255.255.255.0:bbb1:eth0 nfsrootdebug
[    0.000000] Unknown kernel command line parameters "nfsrootdebug", will be passed to user space.
[    0.000000] printk: log buffer data + meta data: 65536 + 204800 = 270336 bytes
[    0.000000] Dentry cache hash table entries: 65536 (order: 6, 262144 bytes, linear)
[    0.000000] Inode-cache hash table entries: 32768 (order: 5, 131072 bytes, linear)
[    0.000000] Built 1 zonelists, mobility grouping on.  Total pages: 130560
[    0.000000] mem auto-init: stack:off, heap alloc:off, heap free:off
[    0.000000] SLUB: HWalign=64, Order=0-3, MinObjects=0, CPUs=1, Nodes=1
[    0.000000] trace event string verifier disabled
[    0.000000] rcu: Hierarchical RCU implementation.
[    0.000000] rcu: 	RCU event tracing is enabled.
[    0.000000] rcu: 	RCU restricting CPUs from NR_CPUS=2 to nr_cpu_ids=1.
[    0.000000] 	Tracing variant of Tasks RCU enabled.
[    0.000000] rcu: RCU calculated value of scheduler-enlistment delay is 10 jiffies.
[    0.000000] rcu: Adjusting geometry for rcu_fanout_leaf=16, nr_cpu_ids=1
[    0.000000] RCU Tasks Trace: Setting shift to 0 and lim to 1 rcu_task_cb_adjust=1 rcu_task_cpu_ids=1.
[    0.000000] NR_IRQS: 16, nr_irqs: 16, preallocated irqs: 16
[    0.000000] IRQ: Found an INTC at 0x(ptrval) (revision 5.0) with 128 interrupts
[    0.000000] rcu: srcu_init: Setting srcu_struct sizes based on contention.
[    0.000000] TI gptimer clocksource: always-on /ocp/interconnect@44c00000/segment@200000/target-module@31000
[    0.000003] sched_clock: 32 bits at 24MHz, resolution 41ns, wraps every 89478484971ns
[    0.008076] clocksource: dmtimer: mask: 0xffffffff max_cycles: 0xffffffff, max_idle_ns: 79635851949 ns
[    0.018134] TI gptimer clockevent: 24000000 Hz at /ocp/interconnect@48000000/segment@0/target-module@40000
[    0.029725] Console: colour dummy device 80x30
[    0.034367] WARNING: Your 'console=ttyO0' has been replaced by 'ttyS0'
[    0.041174] This ensures that you still see kernel messages. Please
[    0.047625] update your kernel commandline.
[    0.051979] Calibrating delay loop... 996.14 BogoMIPS (lpj=4980736)
[    0.094625] CPU: Testing write buffer coherency: ok
[    0.099760] CPU0: Spectre v2: using BPIALL workaround
[    0.104965] pid_max: default: 32768 minimum: 301
[    0.109839] LSM: initializing lsm=capability
[    0.114414] Mount-cache hash table entries: 1024 (order: 0, 4096 bytes, linear)
[    0.121981] Mountpoint-cache hash table entries: 1024 (order: 0, 4096 bytes, linear)
[    0.131676] CPU0: thread -1, cpu 0, socket -1, mpidr 0
[    0.139330] Setting up static identity map for 0x80100000 - 0x80100078
[    0.146391] rcu: Hierarchical SRCU implementation.
[    0.151390] rcu: 	Max phase no-delay instances is 1000.
[    0.158706] smp: Bringing up secondary CPUs ...
[    0.163444] smp: Brought up 1 node, 1 CPU
[    0.167577] SMP: Total of 1 processors activated (996.14 BogoMIPS).
[    0.174134] CPU: All CPU(s) started in SVC mode.
[    0.179088] Memory: 480840K/522240K available (11264K kernel code, 1215K rwdata, 2904K rodata, 1024K init, 295K bss, 23388K reserved, 16384K cma-reserved, 0K highmem)
[    0.195397] devtmpfs: initialized
[    0.215598] VFP support v0.3: implementor 41 architecture 3 part 30 variant c rev 3
[    0.223973] clocksource: jiffies: mask: 0xffffffff max_cycles: 0xffffffff, max_idle_ns: 19112604462750000 ns
[    0.234184] futex hash table entries: 256 (order: 2, 16384 bytes, linear)
[    0.242469] pinctrl core: initialized pinctrl subsystem
[    0.250834] NET: Registered PF_NETLINK/PF_ROUTE protocol family
[    0.259867] DMA: preallocated 256 KiB pool for atomic coherent allocations
[    0.267866] audit: initializing netlink subsys (disabled)
[    0.274971] thermal_sys: Registered thermal governor 'fair_share'
[    0.275000] thermal_sys: Registered thermal governor 'step_wise'
[    0.281375] thermal_sys: Registered thermal governor 'user_space'
[    0.287676] audit: type=2000 audit(0.240:1): state=initialized audit_enabled=0 res=1
[    0.302057] cpuidle: using governor menu
[    0.324483] /ocp/interconnect@44c00000/segment@200000/target-module@b000/i2c@0/tda19988@70: Fixed dependency cycle(s) with /ocp/interconnect@48000000/segment@300000/target-module@e000/lcdc@0
[    0.343253] /ocp/interconnect@48000000/segment@300000/target-module@e000/lcdc@0: Fixed dependency cycle(s) with /ocp/interconnect@44c00000/segment@200000/target-module@b000/i2c@0/tda19988@70
[    0.363072] No ATAGs?
[    0.365439] hw-breakpoint: debug architecture 0x4 unsupported.
[    0.374391] kprobes: kprobe jump-optimization is enabled. All kprobes are optimized if possible.
[    0.401913] iommu: Default domain type: Translated
[    0.406875] iommu: DMA domain TLB invalidation policy: strict mode
[    0.415058] reg-fixed-voltage fixedregulator0: using DT '/fixedregulator0' for '(default)' GPIO lookup
[    0.424791] of_get_named_gpiod_flags: can't parse 'gpios' property of node '/fixedregulator0[0]'
[    0.433889] of_get_named_gpiod_flags: can't parse 'gpio' property of node '/fixedregulator0[0]'
[    0.442889] reg-fixed-voltage fixedregulator0: using lookup tables for GPIO lookup
[    0.450705] reg-fixed-voltage fixedregulator0: No GPIO consumer (default) found
[    0.478924] SCSI subsystem initialized
[    0.488799] libata version 3.00 loaded.
[    0.493135] pps_core: LinuxPPS API ver. 1 registered
[    0.498313] pps_core: Software ver. 5.3.6 - Copyright 2005-2007 Rodolfo Giometti <giometti@linux.it>
[    0.507743] PTP clock support registered
[    0.538260] vgaarb: loaded
[    0.548213] clocksource: Switched to clocksource dmtimer
[    0.554414] VFS: Disk quotas dquot_6.6.0
[    0.558635] VFS: Dquot-cache hash table entries: 1024 (order 0, 4096 bytes)
[    0.601421] NET: Registered PF_INET protocol family
[    0.606933] IP idents hash table entries: 8192 (order: 4, 65536 bytes, linear)
[    0.615847] tcp_listen_portaddr_hash hash table entries: 512 (order: 0, 4096 bytes, linear)
[    0.624548] Table-perturb hash table entries: 65536 (order: 6, 262144 bytes, linear)
[    0.632561] TCP established hash table entries: 4096 (order: 2, 16384 bytes, linear)
[    0.640570] TCP bind hash table entries: 4096 (order: 4, 65536 bytes, linear)
[    0.648029] TCP: Hash tables configured (established 4096 bind 4096)
[    0.654714] UDP hash table entries: 256 (order: 1, 14336 bytes, linear)
[    0.661590] UDP-Lite hash table entries: 256 (order: 1, 14336 bytes, linear)
[    0.669035] NET: Registered PF_UNIX/PF_LOCAL protocol family
[    0.753298] RPC: Registered named UNIX socket transport module.
[    0.759432] RPC: Registered udp transport module.
[    0.764344] RPC: Registered tcp transport module.
[    0.769188] RPC: Registered tcp-with-tls transport module.
[    0.774856] RPC: Registered tcp NFSv4.1 backchannel transport module.
[    0.781535] PCI: CLS 0 bytes, default 64
[    0.787118] Initialise system trusted keyrings
[    0.853992] workingset: timestamp_bits=14 max_order=17 bucket_order=3
[    0.862174] NFS: Registering the id_resolver key type
[    0.867462] Key type id_resolver registered
[    0.871846] Key type id_legacy registered
[    0.876028] jffs2: version 2.2. (NAND) (SUMMARY)  © 2001-2006 Red Hat, Inc.
[    0.911028] Key type asymmetric registered
[    0.915391] Asymmetric key parser 'x509' registered
[    0.920488] io scheduler mq-deadline registered
[    0.925196] io scheduler kyber registered
[    0.929398] io scheduler bfq registered
[    0.959646] ledtrig-cpu: registered to indicate activity on CPUs
[    0.968940] Serial: 8250/16550 driver, 6 ports, IRQ sharing enabled
[    1.032489] brd: module loaded
[    1.056770] loop: module loaded
[    1.060975] mtdoops: mtd device (mtddev=name/number) must be supplied
[    1.081090] mdio_bus fixed-0: using lookup tables for GPIO lookup
[    1.087490] mdio_bus fixed-0: No GPIO consumer reset found
[    1.094561] i2c_dev: i2c /dev entries driver
[    1.099970] cpuidle: enable-method property 'ti,am3352' found operations
[    1.107478] sdhci: Secure Digital Host Controller Interface driver
[    1.113911] sdhci: Copyright(c) Pierre Ossman
[    1.118586] sdhci-pltfm: SDHCI platform and OF driver helper
[    1.125519] Initializing XFRM netlink socket
[    1.130078] NET: Registered PF_INET6 protocol family
[    1.206861] Segment Routing with IPv6
[    1.210746] In-situ OAM (IOAM) with IPv6
[    1.214991] sit: IPv6, IPv4 and MPLS over IPv4 tunneling driver
[    1.222156] NET: Registered PF_PACKET protocol family
[    1.227399] NET: Registered PF_KEY protocol family
[    1.232513] Key type dns_resolver registered
[    1.237208] ThumbEE CPU extension supported.
[    1.241681] Registering SWP/SWPB emulation handler
[    1.247152] omap_voltage_late_init: Voltage driver support not added
[    1.254148] SmartReflex Class3 initialized
[    1.332614] Loading compiled-in X.509 certificates
[    1.388014] /ocp/interconnect@44c00000/segment@200000/target-module@b000/i2c@0/tda19988@70: Fixed dependency cycle(s) with /ocp/interconnect@48000000/segment@300000/target-module@e000/lcdc@0
[    1.412277] /ocp/interconnect@44c00000/segment@200000/target-module@b000/i2c@0/tda19988@70: Fixed dependency cycle(s) with /ocp/interconnect@48000000/segment@300000/target-module@e000/lcdc@0
[    1.435601] gpiochip_find_base_unlocked: found new base at 512
[    1.505842] /ocp/interconnect@44c00000/segment@200000/target-module@b000/i2c@0/tda19988@70: Fixed dependency cycle(s) with /ocp/interconnect@48000000/segment@300000/target-module@e000/lcdc@0
[    1.524476] /ocp/interconnect@44c00000/segment@200000/target-module@b000/i2c@0/tda19988@70: Fixed dependency cycle(s) with /ocp/interconnect@48000000/segment@300000/target-module@e000/lcdc@0
[    1.545609] /ocp/interconnect@44c00000/segment@200000/target-module@10000/scm@0/pinmux@800: Fixed dependency cycle(s) with /ocp/interconnect@44c00000/segment@200000/target-module@10000/scm@0/pinmux@800/clkout2-pins
[    1.565956] pinctrl-single 44e10800.pinmux: 142 pins, size 568
[    1.577292] ti-sysc 44e31000.target-module: probe with driver ti-sysc failed with error -16
[    1.680622] /ocp/interconnect@48000000/segment@300000/target-module@e000/lcdc@0: Fixed dependency cycle(s) with /ocp/interconnect@44c00000/segment@200000/target-module@b000/i2c@0/tda19988@70
[    1.706565] ti-sysc 48040000.target-module: probe with driver ti-sysc failed with error -16
[    1.727027] gpiochip_find_base_unlocked: found new base at 512
[    1.733298] gpio gpiochip0: (gpio-0-31): created GPIO range 0->7 ==> 44e10800.pinmux PIN 0->7
[    1.742137] gpio gpiochip0: (gpio-0-31): created GPIO range 8->11 ==> 44e10800.pinmux PIN 90->93
[    1.751191] gpio gpiochip0: (gpio-0-31): created GPIO range 12->27 ==> 44e10800.pinmux PIN 12->27
[    1.760357] gpio gpiochip0: (gpio-0-31): created GPIO range 28->31 ==> 44e10800.pinmux PIN 30->33
[    1.874264] gpio gpiochip0: (gpio-0-31): added GPIO chardev (254:0)
[    1.880890] gpio gpiochip0: registered GPIOs 512 to 543 on gpio-0-31
[    1.887604] OMAP GPIO hardware version 0.1
[    1.918018] i2c i2c-2: using DT '/ocp/interconnect@48000000/segment@100000/target-module@9c000/i2c@0' for 'scl' GPIO lookup
[    1.929796] of_get_named_gpiod_flags: can't parse 'scl-gpios' property of node '/ocp/interconnect@48000000/segment@100000/target-module@9c000/i2c@0[0]'
[    1.943890] of_get_named_gpiod_flags: can't parse 'scl-gpio' property of node '/ocp/interconnect@48000000/segment@100000/target-module@9c000/i2c@0[0]'
[    1.957868] i2c i2c-2: using lookup tables for GPIO lookup
[    1.963563] i2c i2c-2: No GPIO consumer scl found
[    1.968424] i2c i2c-2: using DT '/ocp/interconnect@48000000/segment@100000/target-module@9c000/i2c@0' for 'sda' GPIO lookup
[    1.979970] of_get_named_gpiod_flags: can't parse 'sda-gpios' property of node '/ocp/interconnect@48000000/segment@100000/target-module@9c000/i2c@0[0]'
[    1.994010] of_get_named_gpiod_flags: can't parse 'sda-gpio' property of node '/ocp/interconnect@48000000/segment@100000/target-module@9c000/i2c@0[0]'
[    2.007947] i2c i2c-2: using lookup tables for GPIO lookup
[    2.013631] i2c i2c-2: No GPIO consumer sda found
[    2.019207] omap_i2c 4819c000.i2c: bus 2 rev0.11 at 100 kHz
[    2.030559] gpiochip_find_base_unlocked: found new base at 544
[    2.036845] gpio gpiochip1: (gpio-32-63): created GPIO range 0->17 ==> 44e10800.pinmux PIN 34->51
[    2.046044] gpio gpiochip1: (gpio-32-63): created GPIO range 18->21 ==> 44e10800.pinmux PIN 77->80
[    2.055323] gpio gpiochip1: (gpio-32-63): created GPIO range 22->31 ==> 44e10800.pinmux PIN 56->65
[    2.065519] gpio gpiochip1: (gpio-32-63): added GPIO chardev (254:1)
[    2.072348] gpio gpiochip1: registered GPIOs 544 to 575 on gpio-32-63
[    2.081275] gpiochip_find_base_unlocked: found new base at 576
[    2.087535] gpio gpiochip2: (gpio-64-95): created GPIO range 0->4 ==> 44e10800.pinmux PIN 66->70
[    2.096638] gpio gpiochip2: (gpio-64-95): created GPIO range 5->6 ==> 44e10800.pinmux PIN 98->99
[    2.105719] gpio gpiochip2: (gpio-64-95): created GPIO range 7->8 ==> 44e10800.pinmux PIN 75->76
[    2.114795] gpio gpiochip2: (gpio-64-95): created GPIO range 13->13 ==> 44e10800.pinmux PIN 141->141
[    2.124228] gpio gpiochip2: (gpio-64-95): created GPIO range 14->21 ==> 44e10800.pinmux PIN 100->107
[    2.134419] gpio gpiochip2: (gpio-64-95): added GPIO chardev (254:2)
[    2.141112] gpio gpiochip2: registered GPIOs 576 to 607 on gpio-64-95
[    2.153706] 48000000.interconnect:segment@200000:target-module@0:mpu@0:fck: device ID is greater than 24
[    2.164549] /ocp/interconnect@48000000/segment@300000/target-module@e000/lcdc@0: Fixed dependency cycle(s) with /ocp/interconnect@44c00000/segment@200000/target-module@b000/i2c@0/tda19988@70
[    2.185009] /ocp/interconnect@48000000/segment@300000/target-module@e000/lcdc@0: Fixed dependency cycle(s) with /ocp/interconnect@44c00000/segment@200000/target-module@b000/i2c@0/tda19988@70
[    2.203326] /ocp/interconnect@44c00000/segment@200000/target-module@b000/i2c@0/tda19988@70: Fixed dependency cycle(s) with /ocp/interconnect@48000000/segment@300000/target-module@e000/lcdc@0
[    2.221047] /ocp/interconnect@48000000/segment@300000/target-module@e000/lcdc@0: Fixed dependency cycle(s) with /ocp/interconnect@44c00000/segment@200000/target-module@b000/i2c@0/tda19988@70
[    2.248342] mdio_bus 4a101000.mdio: using DT '/ocp/interconnect@4a000000/segment@0/target-module@100000/switch@0/mdio@1000' for 'reset' GPIO lookup
[    2.262189] of_get_named_gpi od_flags: can't parse 'reset-gpios' property of node '/ocp/int erconnect@4a000000/segment@0/target-module@100000/switch@0/mdi o@1000[0]'
[    2.277251] of_get_named_gpiod_flags: can't par se 'reset-gpio' property of node '/ocp/interconnect@4a000000/s egment@0
Labgrid Console Logfile for main
Logfile started at 2024-12-13 09:43:18.628705
=== Log starts here ===

U-Boot SPL 2019.04-00002-g31a8ae0206 (May 13 2020 - 09:26:17 -0500)
Trying to boot from MMC2
Loading Environment from EXT4... 
** Unable to use mmc 0:1 for loading the env **


U-Boot 2019.04-00002-g31a8ae0206 (May 13 2020 - 09:26:17 -0500), Build: jenkins-github_Bootloader-Builder-139

CPU  : AM335X-GP rev 2.1
I2C:   ready
DRAM:  512 MiB
No match for driver 'omap_hsmmc'
No match for driver 'omap_hsmmc'
Some drivers were not found
Reset Source: Power-on reset has occurred.
RTC 32KCLK Source: External.
MMC:   OMAP SD/MMC: 0, OMAP SD/MMC: 1
Loading Environment from EXT4... 
** Unable to use mmc 0:1 for loading the env **
Board: BeagleBone Black
<ethaddr> not set. Validating first E-fuse MAC
BeagleBone Black:
BeagleBone: cape eeprom: i2c_probe: 0x54:
BeagleBone: cape eeprom: i2c_probe: 0x55:
BeagleBone: cape eeprom: i2c_probe: 0x56:
BeagleBone: cape eeprom: i2c_probe: 0x57:
Net:   eth0: MII MODE
cpsw, usb_ether
Press SPACE to abort autoboot in 0 seconds
board_name=[A335BNLT] ...
board_rev=[00C0] ...
switch to partitions #0, OK
mmc0 is current device
SD/MMC found on device 0
switch to partitions #0, OK
mmc0 is current device
Scanning mmc 0:1...
gpio: pin 56 (gpio 56) value is 0
gpio: pin 55 (gpio 55) value is 0
gpio: pin 54 (gpio 54) value is 0
gpio: pin 53 (gpio 53) value is 1
switch to partitions #0, OK
mmc0 is current device
gpio: pin 54 (gpio 54) value is 1
Checking for: /uEnv.txt ...
584 bytes read in 2 ms (285.2 KiB/s)
gpio: pin 55 (gpio 55) value is 1
Loaded environment from /uEnv.txt
Importing environment from mmc ...
Checking if uenvcmd is set ...
gpio: pin 56 (gpio 56) value is 1
Running uenvcmd ...
cpsw Waiting for PHY auto negotiation to complete.. done
link up on port 0, speed 100, full duplex
Using cpsw device
TFTP from server 192.168.255.126; our IP address is 192.168.255.4
Filename 'zImage'.
Load address: 0x81000000
Loading: *#################################################################
	 #################################################################
	 #################################################################
	 #################################################################
	 #################################################################
	 #####################################################
	 796.9 KiB/s
done
Bytes transferred = 5542168 (549118 hex)
link up on port 0, speed 100, full duplex
Using cpsw device
TFTP from server 192.168.255.126; our IP address is 192.168.255.4
Filename 'am335x-boneblack.dtb'.
Load address: 0x82000000
Loading: *#######
	 2.7 MiB/s
done
Bytes transferred = 98244 (17fc4 hex)
## Flattened Device Tree blob at 82000000
   Booting using the fdt blob at 0x82000000
   Loading Device Tree to 8ffe5000, end 8fffffc3 ... OK

Starting kernel ...

[    0.000000] Booting Linux on physical CPU 0x0
[    0.000000] Linux version 6.13.0-rc2-next-20241213 (user01@drvtest01) (arm-linux-gnueabihf-gcc (Linaro GCC 6.4-2017.11) 6.4.1 20171012, GNU ld (Linaro_Binutils-2017.11) 2.27.0.20161229) #156 SMP Fri Dec 13 07:18:58 EET 2024
[    0.000000] CPU: ARMv7 Processor [413fc082] revision 2 (ARMv7), cr=10c5387d
[    0.000000] CPU: PIPT / VIPT nonaliasing data cache, VIPT aliasing instruction cache
[    0.000000] OF: fdt: Machine model: TI AM335x BeagleBone Black
[    0.000000] earlycon: omap8250 at MMIO 0x44e09000 (options '')
[    0.000000] printk: legacy bootconsole [omap8250] enabled
[    0.000000] Memory policy: Data cache writeback
[    0.000000] cma: Reserved 16 MiB at 0x9e800000 on node -1
[    0.000000] Zone ranges:
[    0.000000]   Normal   [mem 0x0000000080000000-0x000000009fdfffff]
[    0.000000]   HighMem  empty
[    0.000000] Movable zone start for each node
[    0.000000] Early memory node ranges
[    0.000000]   node   0: [mem 0x0000000080000000-0x000000009fdfffff]
[    0.000000] Initmem setup node 0 [mem 0x0000000080000000-0x000000009fdfffff]
[    0.000000] OF: reserved mem: Reserved memory: No reserved-memory node in the DT
[    0.000000] CPU: All CPU(s) started in SVC mode.
[    0.000000] AM335X ES2.1 (sgx neon)
[    0.000000] percpu: Embedded 17 pages/cpu s39628 r8192 d21812 u69632
[    0.000000] pcpu-alloc: s39628 r8192 d21812 u69632 alloc=17*4096
[    0.000000] pcpu-alloc: [0] 0 
[    0.000000] Kernel command line: console=ttyO0,115200n8 debug earlycon root=/dev/nfs rw nfsroot=192.168.255.126:/home/user01/nfs,nfsvers=3 ip=192.168.255.4:192.168.255.126::255.255.255.0:bbb1:eth0 nfsrootdebug
[    0.000000] Unknown kernel command line parameters "nfsrootdebug", will be passed to user space.
[    0.000000] printk: log buffer data + meta data: 65536 + 204800 = 270336 bytes
[    0.000000] Dentry cache hash table entries: 65536 (order: 6, 262144 bytes, linear)
[    0.000000] Inode-cache hash table entries: 32768 (order: 5, 131072 bytes, linear)
[    0.000000] Built 1 zonelists, mobility grouping on.  Total pages: 130560
[    0.000000] mem auto-init: stack:off, heap alloc:off, heap free:off
[    0.000000] SLUB: HWalign=64, Order=0-3, MinObjects=0, CPUs=1, Nodes=1
[    0.000000] trace event string verifier disabled
[    0.000000] rcu: Hierarchical RCU implementation.
[    0.000000] rcu: 	RCU event tracing is enabled.
[    0.000000] rcu: 	RCU restricting CPUs from NR_CPUS=2 to nr_cpu_ids=1.
[    0.000000] 	Tracing variant of Tasks RCU enabled.
[    0.000000] rcu: RCU calculated value of scheduler-enlistment delay is 10 jiffies.
[    0.000000] rcu: Adjusting geometry for rcu_fanout_leaf=16, nr_cpu_ids=1
[    0.000000] RCU Tasks Trace: Setting shift to 0 and lim to 1 rcu_task_cb_adjust=1 rcu_task_cpu_ids=1.
[    0.000000] NR_IRQS: 16, nr_irqs: 16, preallocated irqs: 16
[    0.000000] IRQ: Found an INTC at 0x(ptrval) (revision 5.0) with 128 interrupts
[    0.000000] rcu: srcu_init: Setting srcu_struct sizes based on contention.
[    0.000000] TI gptimer clocksource: always-on /ocp/interconnect@44c00000/segment@200000/target-module@31000
[    0.000003] sched_clock: 32 bits at 24MHz, resolution 41ns, wraps every 89478484971ns
[    0.008076] clocksource: dmtimer: mask: 0xffffffff max_cycles: 0xffffffff, max_idle_ns: 79635851949 ns
[    0.018135] TI gptimer clockevent: 24000000 Hz at /ocp/interconnect@48000000/segment@0/target-module@40000
[    0.029732] Console: colour dummy device 80x30
[    0.034376] WARNING: Your 'console=ttyO0' has been replaced by 'ttyS0'
[    0.041184] This ensures that you still see kernel messages. Please
[    0.047634] update your kernel commandline.
[    0.051992] Calibrating delay loop... 996.14 BogoMIPS (lpj=4980736)
[    0.094627] CPU: Testing write buffer coherency: ok
[    0.099760] CPU0: Spectre v2: using BPIALL workaround
[    0.104963] pid_max: default: 32768 minimum: 301
[    0.109836] LSM: initializing lsm=capability
[    0.114411] Mount-cache hash table entries: 1024 (order: 0, 4096 bytes, linear)
[    0.121979] Mountpoint-cache hash table entries: 1024 (order: 0, 4096 bytes, linear)
[    0.131664] CPU0: thread -1, cpu 0, socket -1, mpidr 0
[    0.139324] Setting up static identity map for 0x80100000 - 0x80100078
[    0.146384] rcu: Hierarchical SRCU implementation.
[    0.151387] rcu: 	Max phase no-delay instances is 1000.
[    0.158749] smp: Bringing up secondary CPUs ...
[    0.163481] smp: Brought up 1 node, 1 CPU
[    0.167614] SMP: Total of 1 processors activated (996.14 BogoMIPS).
[    0.174168] CPU: All CPU(s) started in SVC mode.
[    0.179117] Memory: 480840K/522240K available (11264K kernel code, 1215K rwdata, 2904K rodata, 1024K init, 295K bss, 23388K reserved, 16384K cma-reserved, 0K highmem)
[    0.195417] devtmpfs: initialized
[    0.215677] VFP support v0.3: implementor 41 architecture 3 part 30 variant c rev 3
[    0.224063] clocksource: jiffies: mask: 0xffffffff max_cycles: 0xffffffff, max_idle_ns: 19112604462750000 ns
[    0.234274] futex hash table entries: 256 (order: 2, 16384 bytes, linear)
[    0.242584] pinctrl core: initialized pinctrl subsystem
[    0.250943] NET: Registered PF_NETLINK/PF_ROUTE protocol family
[    0.259997] DMA: preallocated 256 KiB pool for atomic coherent allocations
[    0.268000] audit: initializing netlink subsys (disabled)
[    0.275106] thermal_sys: Registered thermal governor 'fair_share'
[    0.275137] thermal_sys: Registered thermal governor 'step_wise'
[    0.281511] thermal_sys: Registered thermal governor 'user_space'
[    0.287817] audit: type=2000 audit(0.240:1): state=initialized audit_enabled=0 res=1
[    0.302201] cpuidle: using governor menu
[    0.324650] /ocp/interconnect@44c00000/segment@200000/target-module@b000/i2c@0/tda19988@70: Fixed dependency cycle(s) with /ocp/interconnect@48000000/segment@300000/target-module@e000/lcdc@0
[    0.343419] /ocp/interconnect@48000000/segment@300000/target-module@e000/lcdc@0: Fixed dependency cycle(s) with /ocp/interconnect@44c00000/segment@200000/target-module@b000/i2c@0/tda19988@70
[    0.363257] No ATAGs?
[    0.365625] hw-breakpoint: debug architecture 0x4 unsupported.
[    0.374610] kprobes: kprobe jump-optimization is enabled. All kprobes are optimized if possible.
[    0.402174] iommu: Default domain type: Translated
[    0.407134] iommu: DMA domain TLB invalidation policy: strict mode
[    0.415331] reg-fixed-voltage fixedregulator0: using DT '/fixedregulator0' for '(default)' GPIO lookup
[    0.425067] of_get_named_gpiod_flags: can't parse 'gpios' property of node '/fixedregulator0[0]'
[    0.434163] of_get_named_gpiod_flags: can't parse 'gpio' property of node '/fixedregulator0[0]'
[    0.443161] reg-fixed-voltage fixedregulator0: using lookup tables for GPIO lookup
[    0.450975] reg-fixed-voltage fixedregulator0: No GPIO consumer (default) found
[    0.479193] SCSI subsystem initialized
[    0.498826] libata version 3.00 loaded.
[    0.503169] pps_core: LinuxPPS API ver. 1 registered
[    0.508340] pps_core: Software ver. 5.3.6 - Copyright 2005-2007 Rodolfo Giometti <giometti@linux.it>
[    0.517768] PTP clock support registered
[    0.558788] vgaarb: loaded
[    0.562071] clocksource: Switched to clocksource dmtimer
[    0.568363] VFS: Disk quotas dquot_6.6.0
[    0.572527] VFS: Dquot-cache hash table entries: 1024 (order 0, 4096 bytes)
[    0.609625] NET: Registered PF_INET protocol family
[    0.615114] IP idents hash table entries: 8192 (order: 4, 65536 bytes, linear)
[    0.624027] tcp_listen_portaddr_hash hash table entries: 512 (order: 0, 4096 bytes, linear)
[    0.632722] Table-perturb hash table entries: 65536 (order: 6, 262144 bytes, linear)
[    0.640708] TCP established hash table entries: 4096 (order: 2, 16384 bytes, linear)
[    0.648741] TCP bind hash table entries: 4096 (order: 4, 65536 bytes, linear)
[    0.656202] TCP: Hash tables configured (established 4096 bind 4096)
[    0.662889] UDP hash table entries: 256 (order: 1, 14336 bytes, linear)
[    0.669732] UDP-Lite hash table entries: 256 (order: 1, 14336 bytes, linear)
[    0.677218] NET: Registered PF_UNIX/PF_LOCAL protocol family
[    0.753759] RPC: Registered named UNIX socket transport module.
[    0.759891] RPC: Registered udp transport module.
[    0.764803] RPC: Registered tcp transport module.
[    0.769646] RPC: Registered tcp-with-tls transport module.
[    0.775316] RPC: Registered tcp NFSv4.1 backchannel transport module.
[    0.781965] PCI: CLS 0 bytes, default 64
[    0.787590] Initialise system trusted keyrings
[    0.854478] workingset: timestamp_bits=14 max_order=17 bucket_order=3
[    0.862670] NFS: Registering the id_resolver key type
[    0.867969] Key type id_resolver registered
[    0.872349] Key type id_legacy registered
[    0.876533] jffs2: version 2.2. (NAND) (SUMMARY)  © 2001-2006 Red Hat, Inc.
[    0.911523] Key type asymmetric registered
[    0.915881] Asymmetric key parser 'x509' registered
[    0.920978] io scheduler mq-deadline registered
[    0.925687] io scheduler kyber registered
[    0.929887] io scheduler bfq registered
[    0.960149] ledtrig-cpu: registered to indicate activity on CPUs
[    0.969430] Serial: 8250/16550 driver, 6 ports, IRQ sharing enabled
[    1.033131] brd: module loaded
[    1.057422] loop: module loaded
[    1.061621] mtdoops: mtd device (mtddev=name/number) must be supplied
[    1.081773] mdio_bus fixed-0: using lookup tables for GPIO lookup
[    1.088175] mdio_bus fixed-0: No GPIO consumer reset found
[    1.095252] i2c_dev: i2c /dev entries driver
[    1.100658] cpuidle: enable-method property 'ti,am3352' found operations
[    1.108176] sdhci: Secure Digital Host Controller Interface driver
[    1.114611] sdhci: Copyright(c) Pierre Ossman
[    1.119287] sdhci-pltfm: SDHCI platform and OF driver helper
[    1.126225] Initializing XFRM netlink socket
[    1.130781] NET: Registered PF_INET6 protocol family
[    1.207535] Segment Routing with IPv6
[    1.211422] In-situ OAM (IOAM) with IPv6
[    1.215669] sit: IPv6, IPv4 and MPLS over IPv4 tunneling driver
[    1.222836] NET: Registered PF_PACKET protocol family
[    1.228080] NET: Registered PF_KEY protocol family
[    1.233297] Key type dns_resolver registered
[    1.237995] ThumbEE CPU extension supported.
[    1.242469] Registering SWP/SWPB emulation handler
[    1.247946] omap_voltage_late_init: Voltage driver support not added
[    1.254952] SmartReflex Class3 initialized
[    1.333455] Loading compiled-in X.509 certificates
[    1.377850] /ocp/interconnect@44c00000/segment@200000/target-module@b000/i2c@0/tda19988@70: Fixed dependency cycle(s) with /ocp/interconnect@48000000/segment@300000/target-module@e000/lcdc@0
[    1.402004] /ocp/interconnect@44c00000/segment@200000/target-module@b000/i2c@0/tda19988@70: Fixed dependency cycle(s) with /ocp/interconnect@48000000/segment@300000/target-module@e000/lcdc@0
[    1.425539] gpiochip_find_base_unlocked: found new base at 512
[    1.483099] /ocp/interconnect@44c00000/segment@200000/target-module@b000/i2c@0/tda19988@70: Fixed dependency cycle(s) with /ocp/interconnect@48000000/segment@300000/target-module@e000/lcdc@0
[    1.501647] /ocp/interconnect@44c00000/segment@200000/target-module@b000/i2c@0/tda19988@70: Fixed dependency cycle(s) with /ocp/interconnect@48000000/segment@300000/target-module@e000/lcdc@0
[    1.522952] /ocp/interconnect@44c00000/segment@200000/target-module@10000/scm@0/pinmux@800: Fixed dependency cycle(s) with /ocp/interconnect@44c00000/segment@200000/target-module@10000/scm@0/pinmux@800/clkout2-pins
[    1.543274] pinctrl-single 44e10800.pinmux: 142 pins, size 568
[    1.554780] ti-sysc 44e31000.target-module: probe with driver ti-sysc failed with error -16
[    1.655040] /ocp/interconnect@48000000/segment@300000/target-module@e000/lcdc@0: Fixed dependency cycle(s) with /ocp/interconnect@44c00000/segment@200000/target-module@b000/i2c@0/tda19988@70
[    1.680645] ti-sysc 48040000.target-module: probe with driver ti-sysc failed with error -16
[    1.700989] gpiochip_find_base_unlocked: found new base at 512
[    1.707279] gpio gpiochip0: (gpio-0-31): created GPIO range 0->7 ==> 44e10800.pinmux PIN 0->7
[    1.716118] gpio gpiochip0: (gpio-0-31): created GPIO range 8->11 ==> 44e10800.pinmux PIN 90->93
[    1.725198] gpio gpiochip0: (gpio-0-31): created GPIO range 12->27 ==> 44e10800.pinmux PIN 12->27
[    1.734382] gpio gpiochip0: (gpio-0-31): created GPIO range 28->31 ==> 44e10800.pinmux PIN 30->33
[    1.853826] gpio gpiochip0: (gpio-0-31): added GPIO chardev (254:0)
[    1.860450] gpio gpiochip0: registered GPIOs 512 to 543 on gpio-0-31
[    1.867178] OMAP GPIO hardware version 0.1
[    1.913664] i2c i2c-2: using DT '/ocp/interconnect@48000000/segment@100000/target-module@9c000/i2c@0' for 'scl' GPIO lookup
[    1.925333] of_get_named_gpiod_flags: can't parse 'scl-gpios' property of node '/ocp/interconnect@48000000/segment@100000/target-module@9c000/i2c@0[0]'
[    1.939374] of_get_named_gpiod_flags: can't parse 'scl-gpio' property of node '/ocp/interconnect@48000000/segment@100000/target-module@9c000/i2c@0[0]'
[    1.953342] i2c i2c-2: using lookup tables for GPIO lookup
[    1.958994] i2c i2c-2: No GPIO consumer scl found
[    1.963882] i2c i2c-2: using DT '/ocp/interconnect@48000000/segment@100000/target-module@9c000/i2c@0' for 'sda' GPIO lookup
[    1.975406] of_get_named_gpiod_flags: can't parse 'sda-gpios' property of node '/ocp/interconnect@48000000/segment@100000/target-module@9c000/i2c@0[0]'
[    1.989427] of_get_named_gpiod_flags: can't parse 'sda-gpio' property of node '/ocp/interconnect@48000000/segment@100000/target-module@9c000/i2c@0[0]'
[    2.003349] i2c i2c-2: using lookup tables for GPIO lookup
[    2.008996] i2c i2c-2: No GPIO consumer sda found
[    2.014608] omap_i2c 4819c000.i2c: bus 2 rev0.11 at 100 kHz
[    2.026199] gpiochip_find_base_unlocked: found new base at 544
[    2.032465] gpio gpiochip1: (gpio-32-63): created GPIO range 0->17 ==> 44e10800.pinmux PIN 34->51
[    2.041621] gpio gpiochip1: (gpio-32-63): created GPIO range 18->21 ==> 44e10800.pinmux PIN 77->80
[    2.050893] gpio gpiochip1: (gpio-32-63): created GPIO range 22->31 ==> 44e10800.pinmux  PIN 56->65
[    2.067028] gpio gpiochip1: (gpio-32-63): added GPIO chardev (254:1)
[    2.073940] gpio gpiochip1: registered GPIOs 544 to 575 on gpio-32-63
[    2.083159] gpiochip_find_base_unlocked: found new base at 576
[    2.089279] gpio gpiochip2/0x64
[    2.695738]  dump_stack_lvl from __warn+0xc0/0x130
[    2.700685]  __warn from warn_slowpath_fmt+0x80/0x1a0
[    2.705895]  warn_slowpath_fmt from clk_core_enable+0xb4/0x1b0
[    2.711912]  clk_core_enable from clk_core_enable_lock+0x18/0x2c
[    2.718104]  clk_core_enable_lock from sysc_enable_opt_clocks.part.9+0x28/0x84
[    2.725550]  sysc_enable_opt_clocks.part.9 from sysc_enable_module+0x254/0x2dc
[    2.732988]  sysc_enable_module from sysc_runtime_resume+0x17c/0x1c0
[    2.739532]  sysc_runtime_resume from __rpm_callback+0x4c/0x130
[    2.745636]  __rpm_callback from rpm_callback+0x50/0x54
[    2.751019]  rpm_callback from rpm_resume+0x614/0x660
[    2.756225]  rpm_resume from __pm_runtime_resume+0x4c/0x64
[    2.761876]  __pm_runtime_resume from __device_attach+0xd0/0x1b4
[    2.768068]  __device_attach from bus_probe_device+0x88/0x8c
[    2.773898]  bus_probe_device from deferred_probe_work_func+0x3c/0xdc
[    2.780533]  deferred_probe_work_func from process_scheduled_works+0xec/0x430
[    2.787886]  process_scheduled_works from worker_thread+0x130/0x2f8
[    2.794342]  worker_thread from kthread+0x188/0x24c
[    2.799381]  kthread from ret_from_fork+0x14/0x20
[    2.804232] Exception stack(0xe0091fb0 to 0xe0091ff8)
[    2.809433] 1fa0:                                     00000000 00000000 00000000 00000000
[    2.817852] 1fc0: 00000000 00000000 00000000 00000000 00000000 00000000 00000000 00000000
[    2.826269] 1fe0: 00000000 00000000 00000000 00000000 00000013 00000000
[    2.833075] ---[ end trace 0000000000000000 ]---
[    2.838002] ti-sysc 44e07000.target-module: Optional clocks failed for enable: -108
[    2.845947] ------------[ cut here ]------------
[    2.850701] WARNING: CPU: 0 PID: 34 at drivers/clk/clk.c:1194 clk_core_disable+0xdc/0x190
[    2.859131] l4-wkup-clkctrl:0008:0 already disabled
[    2.864148] Modules linked in:
[    2.867300] CPU: 0 UID: 0 PID: 34 Comm: kworker/u4:3 Tainted: G        W          6.13.0-rc2-next-20241213 #156
[    2.877690] Tainted: [W]=WARN
[    2.880741] Hardware name: Generic AM33XX (Flattened Device Tree)
[    2.887012] Workqueue: events_unbound deferred_probe_work_func
[    2.893024] Call trace: 
[    2.893036]  unwind_backtrace from show_stack+0x10/0x14
[    2.901028]  show_stack from dump_stack_lvl+0x50/0x64
[    2.906235]  dump_stack_lvl from __warn+0xc0/0x130
[    2.911176]  __warn from warn_slowpath_fmt+0x80/0x1a0
[    2.916385]  warn_slowpath_fmt from clk_core_disable+0xdc/0x190
[    2.922490]  clk_core_disable from clk_core_disable_lock+0x18/0x24
[    2.928861]  clk_core_disable_lock from sysc_disable_main_clocks+0x30/0x68
[    2.935960]  sysc_disable_main_clocks from sysc_runtime_resume+0x194/0x1c0
[    2.943045]  sysc_runtime_resume from __rpm_callback+0x4c/0x130
[    2.949145]  __rpm_callback from rpm_callback+0x50/0x54
[    2.954528]  rpm_callback from rpm_resume+0x614/0x660
[    2.959733]  rpm_resume from __pm_runtime_resume+0x4c/0x64
[    2.965384]  __pm_runtime_resume from __device_attach+0xd0/0x1b4
[    2.971574]  __device_attach from bus_probe_device+0x88/0x8c
[    2.977404]  bus_probe_device from deferred_probe_work_func+0x3c/0xdc
[    2.984039]  deferred_probe_work_func from process_scheduled_works+0xec/0x430
[    2.991388]  process_scheduled_works from worker_thread+0x130/0x2f8
[    2.997843]  worker_thread from kthread+0x188/0x24c
[    3.002875]  kthread from ret_from_fork+0x14/0x20
[    3.007725] Exception stack(0xe0091fb0 to 0xe0091ff8)
[    3.012925] 1fa0:                                     00000000 00000000 00000000 00000000
[    3.021343] 1fc0: 00000000 00000000 00000000 00000000 00000000 00000000 000 00000 00000000
[    3.029760] 1fe0: 00000000 00000000 0000000 0 00000000 00000013 00000000
[    3.036566] ---[ end trace 00 00000000000000 ]---
[    3.041708] 8<--- cut here ---
[    3 .044869] Unhandled fault: external abort on non-linefetch (0x1 028) at 
Labgrid Console Logfile for main
Logfile started at 2024-12-13 09:44:41.009817
=== Log starts here ===

U-Boot SPL 2019.04-00002-g31a8ae0206 (May 13 2020 - 09:26:17 -0500)
Trying to boot from MMC2
Loading Environment from EXT4... 
** Unable to use mmc 0:1 for loading the env **


U-Boot 2019.04-00002-g31a8ae0206 (May 13 2020 - 09:26:17 -0500), Build: jenkins-github_Bootloader-Builder-139

CPU  : AM335X-GP rev 2.1
I2C:   ready
DRAM:  512 MiB
No match for driver 'omap_hsmmc'
No match for driver 'omap_hsmmc'
Some drivers were not found
Reset Source: Power-on reset has occurred.
RTC 32KCLK Source: External.
MMC:   OMAP SD/MMC: 0, OMAP SD/MMC: 1
Loading Environment from EXT4... 
** Unable to use mmc 0:1 for loading the env **
Board: BeagleBone Black
<ethaddr> not set. Validating first E-fuse MAC
BeagleBone Black:
BeagleBone: cape eeprom: i2c_probe: 0x54:
BeagleBone: cape eeprom: i2c_probe: 0x55:
BeagleBone: cape eeprom: i2c_probe: 0x56:
BeagleBone: cape eeprom: i2c_probe: 0x57:
Net:   eth0: MII MODE
cpsw, usb_ether
Press SPACE to abort autoboot in 0 seconds
board_name=[A335BNLT] ...
board_rev=[00C0] ...
switch to partitions #0, OK
mmc0 is current device
SD/MMC found on device 0
switch to partitions #0, OK
mmc0 is current device
Scanning mmc 0:1...
gpio: pin 56 (gpio 56) value is 0
gpio: pin 55 (gpio 55) value is 0
gpio: pin 54 (gpio 54) value is 0
gpio: pin 53 (gpio 53) value is 1
switch to partitions #0, OK
mmc0 is current device
gpio: pin 54 (gpio 54) value is 1
Checking for: /uEnv.txt ...
584 bytes read in 2 ms (285.2 KiB/s)
gpio: pin 55 (gpio 55) value is 1
Loaded environment from /uEnv.txt
Importing environment from mmc ...
Checking if uenvcmd is set ...
gpio: pin 56 (gpio 56) value is 1
Running uenvcmd ...
cpsw Waiting for PHY auto negotiation to complete.. done
link up on port 0, speed 100, full duplex
Using cpsw device
TFTP from server 192.168.255.126; our IP address is 192.168.255.4
Filename 'zImage'.
Load address: 0x81000000
Loading: *#################################################################
	 #################################################################
	 #################################################################
	 #################################################################
	 #################################################################
	 #####################################################
	 3 MiB/s
done
Bytes transferred = 5542168 (549118 hex)
link up on port 0, speed 100, full duplex
Using cpsw device
TFTP from server 192.168.255.126; our IP address is 192.168.255.4
Filename 'am335x-boneblack.dtb'.
Load address: 0x82000000
Loading: *#######
	 2.8 MiB/s
done
Bytes transferred = 98244 (17fc4 hex)
## Flattened Device Tree blob at 82000000
   Booting using the fdt blob at 0x82000000
   Loading Device Tree to 8ffe5000, end 8fffffc3 ... OK

Starting kernel ...

[    0.000000] Booting Linux on physical CPU 0x0
[    0.000000] Linux version 6.13.0-rc2-next-20241213 (user01@drvtest01) (arm-linux-gnueabihf-gcc (Linaro GCC 6.4-2017.11) 6.4.1 20171012, GNU ld (Linaro_Binutils-2017.11) 2.27.0.20161229) #156 SMP Fri Dec 13 07:18:58 EET 2024
[    0.000000] CPU: ARMv7 Processor [413fc082] revision 2 (ARMv7), cr=10c5387d
[    0.000000] CPU: PIPT / VIPT nonaliasing data cache, VIPT aliasing instruction cache
[    0.000000] OF: fdt: Machine model: TI AM335x BeagleBone Black
[    0.000000] earlycon: omap8250 at MMIO 0x44e09000 (options '')
[    0.000000] printk: legacy bootconsole [omap8250] enabled
[    0.000000] Memory policy: Data cache writeback
[    0.000000] cma: Reserved 16 MiB at 0x9e800000 on node -1
[    0.000000] Zone ranges:
[    0.000000]   Normal   [mem 0x0000000080000000-0x000000009fdfffff]
[    0.000000]   HighMem  empty
[    0.000000] Movable zone start for each node
[    0.000000] Early memory node ranges
[    0.000000]   node   0: [mem 0x0000000080000000-0x000000009fdfffff]
[    0.000000] Initmem setup node 0 [mem 0x0000000080000000-0x000000009fdfffff]
[    0.000000] OF: reserved mem: Reserved memory: No reserved-memory node in the DT
[    0.000000] CPU: All CPU(s) started in SVC mode.
[    0.000000] AM335X ES2.1 (sgx neon)
[    0.000000] percpu: Embedded 17 pages/cpu s39628 r8192 d21812 u69632
[    0.000000] pcpu-alloc: s39628 r8192 d21812 u69632 alloc=17*4096
[    0.000000] pcpu-alloc: [0] 0 
[    0.000000] Kernel command line: console=ttyO0,115200n8 debug earlycon root=/dev/nfs rw nfsroot=192.168.255.126:/home/user01/nfs,nfsvers=3 ip=192.168.255.4:192.168.255.126::255.255.255.0:bbb1:eth0 nfsrootdebug
[    0.000000] Unknown kernel command line parameters "nfsrootdebug", will be passed to user space.
[    0.000000] printk: log buffer data + meta data: 65536 + 204800 = 270336 bytes
[    0.000000] Dentry cache hash table entries: 65536 (order: 6, 262144 bytes, linear)
[    0.000000] Inode-cache hash table entries: 32768 (order: 5, 131072 bytes, linear)
[    0.000000] Built 1 zonelists, mobility grouping on.  Total pages: 130560
[    0.000000] mem auto-init: stack:off, heap alloc:off, heap free:off
[    0.000000] SLUB: HWalign=64, Order=0-3, MinObjects=0, CPUs=1, Nodes=1
[    0.000000] trace event string verifier disabled
[    0.000000] rcu: Hierarchical RCU implementation.
[    0.000000] rcu: 	RCU event tracing is enabled.
[    0.000000] rcu: 	RCU restricting CPUs from NR_CPUS=2 to nr_cpu_ids=1.
[    0.000000] 	Tracing variant of Tasks RCU enabled.
[    0.000000] rcu: RCU calculated value of scheduler-enlistment delay is 10 jiffies.
[    0.000000] rcu: Adjusting geometry for rcu_fanout_leaf=16, nr_cpu_ids=1
[    0.000000] RCU Tasks Trace: Setting shift to 0 and lim to 1 rcu_task_cb_adjust=1 rcu_task_cpu_ids=1.
[    0.000000] NR_IRQS: 16, nr_irqs: 16, preallocated irqs: 16
[    0.000000] IRQ: Found an INTC at 0x(ptrval) (revision 5.0) with 128 interrupts
[    0.000000] rcu: srcu_init: Setting srcu_struct sizes based on contention.
[    0.000000] TI gptimer clocksource: always-on /ocp/interconnect@44c00000/segment@200000/target-module@31000
[    0.000002] sched_clock: 32 bits at 24MHz, resolution 41ns, wraps every 89478484971ns
[    0.008077] clocksource: dmtimer: mask: 0xffffffff max_cycles: 0xffffffff, max_idle_ns: 79635851949 ns
[    0.018133] TI gptimer clockevent: 24000000 Hz at /ocp/interconnect@48000000/segment@0/target-module@40000
[    0.029728] Console: colour dummy device 80x30
[    0.034370] WARNING: Your 'console=ttyO0' has been replaced by 'ttyS0'
[    0.041178] This ensures that you still see kernel messages. Please
[    0.047629] update your kernel commandline.
[    0.051985] Calibrating delay loop... 996.14 BogoMIPS (lpj=4980736)
[    0.094620] CPU: Testing write buffer coherency: ok
[    0.099751] CPU0: Spectre v2: using BPIALL workaround
[    0.104955] pid_max: default: 32768 minimum: 301
[    0.109827] LSM: initializing lsm=capability
[    0.114401] Mount-cache hash table entries: 1024 (order: 0, 4096 bytes, linear)
[    0.121969] Mountpoint-cache hash table entries: 1024 (order: 0, 4096 bytes, linear)
[    0.131648] CPU0: thread -1, cpu 0, socket -1, mpidr 0
[    0.139313] Setting up static identity map for 0x80100000 - 0x80100078
[    0.146373] rcu: Hierarchical SRCU implementation.
[    0.151366] rcu: 	Max phase no-delay instances is 1000.
[    0.158671] smp: Bringing up secondary CPUs ...
[    0.163402] smp: Brought up 1 node, 1 CPU
[    0.167536] SMP: Total of 1 processors activated (996.14 BogoMIPS).
[    0.174090] CPU: All CPU(s) started in SVC mode.
[    0.179043] Memory: 480840K/522240K available (11264K kernel code, 1215K rwdata, 2904K rodata, 1024K init, 295K bss, 23388K reserved, 16384K cma-reserved, 0K highmem)
[    0.195355] devtmpfs: initialized
[    0.215574] VFP support v0.3: implementor 41 architecture 3 part 30 variant c rev 3
[    0.223959] clocksource: jiffies: mask: 0xffffffff max_cycles: 0xffffffff, max_idle_ns: 19112604462750000 ns
[    0.234173] futex hash table entries: 256 (order: 2, 16384 bytes, linear)
[    0.242455] pinctrl core: initialized pinctrl subsystem
[    0.250823] NET: Registered PF_NETLINK/PF_ROUTE protocol family
[    0.259886] DMA: preallocated 256 KiB pool for atomic coherent allocations
[    0.267889] audit: initializing netlink subsys (disabled)
[    0.275001] thermal_sys: Registered thermal governor 'fair_share'
[    0.275031] thermal_sys: Registered thermal governor 'step_wise'
[    0.281405] thermal_sys: Registered thermal governor 'user_space'
[    0.287707] audit: type=2000 audit(0.240:1): state=initialized audit_enabled=0 res=1
[    0.302088] cpuidle: using governor menu
[    0.324531] /ocp/interconnect@44c00000/segment@200000/target-module@b000/i2c@0/tda19988@70: Fixed dependency cycle(s) with /ocp/interconnect@48000000/segment@300000/target-module@e000/lcdc@0
[    0.343292] /ocp/interconnect@48000000/segment@300000/target-module@e000/lcdc@0: Fixed dependency cycle(s) with /ocp/interconnect@44c00000/segment@200000/target-module@b000/i2c@0/tda19988@70
[    0.363100] No ATAGs?
[    0.365469] hw-breakpoint: debug architecture 0x4 unsupported.
[    0.374420] kprobes: kprobe jump-optimization is enabled. All kprobes are optimized if possible.
[    0.401950] iommu: Default domain type: Translated
[    0.406911] iommu: DMA domain TLB invalidation policy: strict mode
[    0.415097] reg-fixed-voltage fixedregulator0: using DT '/fixedregulator0' for '(default)' GPIO lookup
[    0.424831] of_get_named_gpiod_flags: can't parse 'gpios' property of node '/fixedregulator0[0]'
[    0.433926] of_get_named_gpiod_flags: can't parse 'gpio' property of node '/fixedregulator0[0]'
[    0.442924] reg-fixed-voltage fixedregulator0: using lookup tables for GPIO lookup
[    0.450741] reg-fixed-voltage fixedregulator0: No GPIO consumer (default) found
[    0.478950] SCSI subsystem initialized
[    0.488832] libata version 3.00 loaded.
[    0.493168] pps_core: LinuxPPS API ver. 1 registered
[    0.498344] pps_core: Software ver. 5.3.6 - Copyright 2005-2007 Rodolfo Giometti <giometti@linux.it>
[    0.507773] PTP clock support registered
[    0.538259] vgaarb: loaded
[    0.548220] clocksource: Switched to clocksource dmtimer
[    0.554412] VFS: Disk quotas dquot_6.6.0
[    0.558624] VFS: Dquot-cache hash table entries: 1024 (order 0, 4096 bytes)
[    0.601466] NET: Registered PF_INET protocol family
[    0.606981] IP idents hash table entries: 8192 (order: 4, 65536 bytes, linear)
[    0.615875] tcp_listen_portaddr_hash hash table entries: 512 (order: 0, 4096 bytes, linear)
[    0.624581] Table-perturb hash table entries: 65536 (order: 6, 262144 bytes, linear)
[    0.632594] TCP established hash table entries: 4096 (order: 2, 16384 bytes, linear)
[    0.640602] TCP bind hash table entries: 4096 (order: 4, 65536 bytes, linear)
[    0.648065] TCP: Hash tables configured (established 4096 bind 4096)
[    0.654751] UDP hash table entries: 256 (order: 1, 14336 bytes, linear)
[    0.661623] UDP-Lite hash table entries: 256 (order: 1, 14336 bytes, linear)
[    0.669068] NET: Registered PF_UNIX/PF_LOCAL protocol family
[    0.753302] RPC: Registered named UNIX socket transport module.
[    0.759435] RPC: Registered udp transport module.
[    0.764348] RPC: Registered tcp transport module.
[    0.769192] RPC: Registered tcp-with-tls transport module.
[    0.774860] RPC: Registered tcp NFSv4.1 backchannel transport module.
[    0.781540] PCI: CLS 0 bytes, default 64
[    0.787126] Initialise system trusted keyrings
[    0.854028] workingset: timestamp_bits=14 max_order=17 bucket_order=3
[    0.862228] NFS: Registering the id_resolver key type
[    0.867524] Key type id_resolver registered
[    0.871911] Key type id_legacy registered
[    0.876090] jffs2: version 2.2. (NAND) (SUMMARY)  © 2001-2006 Red Hat, Inc.
[    0.911077] Key type asymmetric registered
[    0.915433] Asymmetric key parser 'x509' registered
[    0.920531] io scheduler mq-deadline registered
[    0.925241] io scheduler kyber registered
[    0.929440] io scheduler bfq registered
[    0.959706] ledtrig-cpu: registered to indicate activity on CPUs
[    0.968968] Serial: 8250/16550 driver, 6 ports, IRQ sharing enabled
[    1.056325] brd: module loaded
[    1.076795] loop: module loaded
[    1.081005] mtdoops: mtd device (mtddev=name/number) must be supplied
[    1.097923] mdio_bus fixed-0: using lookup tables for GPIO lookup
[    1.104325] mdio_bus fixed-0: No GPIO consumer reset found
[    1.111378] i2c_dev: i2c /dev entries driver
[    1.116878] cpuidle: enable-method property 'ti,am3352' found operations
[    1.124345] sdhci: Secure Digital Host Controller Interface driver
[    1.130717] sdhci: Copyright(c) Pierre Ossman
[    1.135440] sdhci-pltfm: SDHCI platform and OF driver helper
[    1.142406] Initializing XFRM netlink socket
[    1.146968] NET: Registered PF_INET6 protocol family
[    1.228414] Segment Routing with IPv6
[    1.232396] In-situ OAM (IOAM) with IPv6
[    1.236538] sit: IPv6, IPv4 and MPLS over IPv4 tunneling driver
[    1.243653] NET: Registered PF_PACKET protocol family
[    1.248896] NET: Registered PF_KEY protocol family
[    1.254040] Key type dns_resolver registered
[    1.258735] ThumbEE CPU extension supported.
[    1.263223] Registering SWP/SWPB emulation handler
[    1.268698] omap_voltage_late_init: Voltage driver support not added
[    1.275720] SmartReflex Class3 initialized
[    1.352485] Loading compiled-in X.509 certificates
[    1.396283] /ocp/interconnect@44c00000/segment@200000/target-module@b000/i2c@0/tda19988@70: Fixed dependency cycle(s) with /ocp/interconnect@48000000/segment@300000/target-module@e000/lcdc@0
[    1.420413] /ocp/interconnect@44c00000/segment@200000/target-module@b000/i2c@0/tda19988@70: Fixed dependency cycle(s) with /ocp/interconnect@48000000/segment@300000/target-module@e000/lcdc@0
[    1.443878] gpiochip_find_base_unlocked: found new base at 512
[    1.506274] /ocp/interconnect@44c00000/segment@200000/target-module@b000/i2c@0/tda19988@70: Fixed dependency cycle(s) with /ocp/interconnect@48000000/segment@300000/target-module@e000/lcdc@0
[    1.524930] /ocp/interconnect@44c00000/segment@200000/target-module@b000/i2c@0/tda19988@70: Fixed dependency cycle(s) with /ocp/interconnect@48000000/segment@300000/target-module@e000/lcdc@0
[    1.546078] /ocp/interconnect@44c00000/segment@200000/target-module@10000/scm@0/pinmux@800: Fixed dependency cycle(s) with /ocp/interconnect@44c00000/segment@200000/target-module@10000/scm@0/pinmux@800/clkout2-pins
[    1.566433] pinctrl-single 44e10800.pinmux: 142 pins, size 568
[    1.577787] ti-sysc 44e31000.target-module: probe with driver ti-sysc failed with error -16
[    1.681078] /ocp/interconnect@48000000/segment@300000/target-module@e000/lcdc@0: Fixed dependency cycle(s) with /ocp/interconnect@44c00000/segment@200000/target-module@b000/i2c@0/tda19988@70
[    1.706997] ti-sysc 48040000.target-module: probe with driver ti-sysc failed with error -16
[    1.727446] gpiochip_find_base_unlocked: found new base at 512
[    1.733719] gpio gpiochip0: (gpio-0-31): created GPIO range 0->7 ==> 44e10800.pinmux PIN 0->7
[    1.742560] gpio gpiochip0: (gpio-0-31): created GPIO range 8->11 ==> 44e10800.pinmux PIN 90->93
[    1.751640] gpio gpiochip0: (gpio-0-31): created GPIO range 12->27 ==> 44e10800.pinmux PIN 12->27
[    1.760783] gpio gpiochip0: (gpio-0-31): created GPIO range 28->31 ==> 44e10800.pinmux PIN 30->33
[    1.872304] gpio gpiochip0: (gpio-0-31): added GPIO chardev (254:0)
[    1.878931] gpio gpiochip0: registered GPIOs 512 to 543 on gpio-0-31
[    1.885646] OMAP GPIO hardware version 0.1
[    1.918599] i2c i2c-2: using DT '/ocp/interconnect@48000000/segment@100000/target-module@9c000/i2c@0' for 'scl' GPIO lookup
[    1.930398] of_get_named_gpiod_flags: can't parse 'scl-gpios' property of node '/ocp/interconnect@48000000/segment@100000/target-module@9c000/i2c@0[0]'
[    1.944467] of_get_named_gpiod_flags: can't parse 'scl-gpio' property of node '/ocp/interconnect@48000000/segment@100000/target-module@9c000/i2c@0[0]'
[    1.958434] i2c i2c-2: using lookup tables for GPIO lookup
[    1.964117] i2c i2c-2: No GPIO consumer scl found
[    1.968976] i2c i2c-2: using DT '/ocp/interconnect@48000000/segment@100000/target-module@9c000/i2c@0' for 'sda' GPIO lookup
[    1.980498] of_get_named_gpiod_flags: can't parse 'sda-gpios' property of node '/ocp/interconnect@48000000/segment@100000/target-module@9c000/i2c@0[0]'
[    1.994518] of_get_named_gpiod_flags: can't parse 'sda-gpio' property of node '/ocp/interconnect@48000000/segment@100000/target-module@9c000/i2c@0[0]'
[    2.008438] i2c i2c-2: using lookup tables for GPIO lookup
[    2.014109] i2c i2c-2: No GPIO consumer sda found
[    2.019694] omap_i2c 4819c000.i2c: bus 2 rev0.11 at 100 kHz
[    2.031039] gpiochip_find_base_unlocked: found new base at 544
[    2.037357] gpio gpiochip1: (gpio-32-63): created GPIO range 0->17 ==> 44e10800.pinmux PIN 34->51
[    2.046558] gpio gpiochip1: (gpio-32-63): created GPIO range 18->21 ==> 44e10800.pinmux PIN 77->80
[    2.055841] gpio gpiochip1: (gpio-32-63): created GPIO range 22->31 ==> 44e10800.pinmux PIN 56->65
[    2.065993] gpio gpiochip1: (gpio-32-63): added GPIO chardev (254:1)
[    2.072803] gpio gpiochip1: registered GPIOs 544 to 575 on gpio-32-63
[    2.081853] gpiochip_find_base_unlocked: found new base at 576
[    2.087966] gpio gpiochip2: (gpio-64-95): created GPIO range 0->4 ==> 44e10800.pinmux PIN 66->70
[    2.097108] gpio gpiochip2: (gpio-64-95): created GPIO range 5->6 ==> 44e10800.pinmux PIN 98->99
[    2.106194] gpio gpiochip2: (gpio-64-95): created GPIO range 7->8 ==> 44e10800.pinmux PIN 75->76
[    2.115274] gpio gpiochip2: (gpio-64-95): created GPIO range 13->13 ==> 44e10800.pinmux PIN 141->141
[    2.124707] gpio gpiochip2: (gpio-64-95): created GPIO range 14->21 ==> 44e10800.pinmux PIN 100->107
[    2.134897] gpio gpiochip2: (gpio-64-95): added GPIO chardev (254:2)
[    2.141730] gpio gpiochip2: registered GPIOs 576 to 607 on gpio-64-95
[    2.154233] 48000000.interconnect:segment@200000:target-module@0:mpu@0:fck: device ID is greater than 24
[    2.165092] /ocp/interconnect@48000000/segment@300000/target-module@e000/lcdc@0: Fixed dependency cycle(s) with /ocp/interconnect@44c00000/segment@200000/target-module@b000/i2c@0/tda19988@70
[    2.185557] /ocp/interconnect@48000000/segment@300000/target-module@e000/lcdc@0: Fixed dependency cycle(s) with /ocp/interconnect@44c00000/segment@200000/target-module@b000/i2c@0/tda19988@70
[    2.203889] /ocp/interconnect@44c00000/segment@200000/target-module@b000/i2c@0/tda19988@70: Fixed dependency cycle(s) with /ocp/interconnect@48000000/segment@300000/target-module@e000/lcdc@0
[    2.221628] /ocp/interconnect@48000000/segment@300000/target-module@e000/lcdc@0: Fixed dependency cycle(s) with /ocp/interconnect@44c00000/segment@200000/target-module@b000/i2c@0/tda19988@70
[    2.248907] mdio_bus 4a101000.mdio: using DT '/ocp/interconnect@4a000000/segment@0/target-module@100000/switch@0/mdio@1000' for 'reset' GPIO lookup
[    2.262753] of_get_name d_gpiod_flags: can't parse 'reset-gpios' property of node '/oc p/interconnect@4a000000/segment@0/target-module@100000/switch@ 0/mdio@1000[0]'
[    2.277803] of_get_named_gpiod_flags: can' t parse 'reset-gpio' property of node '/ocp/interconnect@4a000 000/segm
Labgrid Console Logfile for main
Logfile started at 2024-12-13 09:46:03.119290
=== Log starts here ===
Trying to boot from MMC2
Loading Environment from EXT4... 
** Unable to use mmc 0:1 for loading the env **


U-Boot 2019.04-00002-g31a8ae0206 (May 13 2020 - 09:26:17 -0500), Build: jenkins-github_Bootloader-Builder-139

CPU  : AM335X-GP rev 2.1
I2C:   ready
DRAM:  512 MiB
No match for driver 'omap_hsmmc'
No match for driver 'omap_hsmmc'
Some drivers were not found
Reset Source: Power-on reset has occurred.
RTC 32KCLK Source: External.
MMC:   OMAP SD/MMC: 0, OMAP SD/MMC: 1
Loading Environment from EXT4... 
** Unable to use mmc 0:1 for loading the env **
Board: BeagleBone Black
<ethaddr> not set. Validating first E-fuse MAC
BeagleBone Black:
BeagleBone: cape eeprom: i2c_probe: 0x54:
BeagleBone: cape eeprom: i2c_probe: 0x55:
BeagleBone: cape eeprom: i2c_probe: 0x56:
BeagleBone: cape eeprom: i2c_probe: 0x57:
Net:   eth0: MII MODE
cpsw, usb_ether
Press SPACE to abort autoboot in 0 seconds
board_name=[A335BNLT] ...
board_rev=[00C0] ...
switch to partitions #0, OK
mmc0 is current device
SD/MMC found on device 0
switch to partitions #0, OK
mmc0 is current device
Scanning mmc 0:1...
gpio: pin 56 (gpio 56) value is 0
gpio: pin 55 (gpio 55) value is 0
gpio: pin 54 (gpio 54) value is 0
gpio: pin 53 (gpio 53) value is 1
switch to partitions #0, OK
mmc0 is current device
gpio: pin 54 (gpio 54) value is 1
Checking for: /uEnv.txt ...
584 bytes read in 2 ms (285.2 KiB/s)
gpio: pin 55 (gpio 55) value is 1
Loaded environment from /uEnv.txt
Importing environment from mmc ...
Checking if uenvcmd is set ...
gpio: pin 56 (gpio 56) value is 1
Running uenvcmd ...
cpsw Waiting for PHY auto negotiation to complete.. done
link up on port 0, speed 100, full duplex
Using cpsw device
TFTP from server 192.168.255.126; our IP address is 192.168.255.4
Filename 'zImage'.
Load address: 0x81000000
Loading: *#################################################################
	 #################################################################
	 #################################################################
	 #################################################################
	 #################################################################
	 #####################################################
	 3 MiB/s
done
Bytes transferred = 5542168 (549118 hex)
link up on port 0, speed 100, full duplex
Using cpsw device
TFTP from server 192.168.255.126; our IP address is 192.168.255.4
Filename 'am335x-boneblack.dtb'.
Load address: 0x82000000
Loading: *#######
	 2.7 MiB/s
done
Bytes transferred = 98244 (17fc4 hex)
## Flattened Device Tree blob at 82000000
   Booting using the fdt blob at 0x82000000
   Loading Device Tree to 8ffe5000, end 8fffffc3 ... OK

Starting kernel ...

[    0.000000] Booting Linux on physical CPU 0x0
[    0.000000] Linux version 6.13.0-rc2-next-20241213 (user01@drvtest01) (arm-linux-gnueabihf-gcc (Linaro GCC 6.4-2017.11) 6.4.1 20171012, GNU ld (Linaro_Binutils-2017.11) 2.27.0.20161229) #156 SMP Fri Dec 13 07:18:58 EET 2024
[    0.000000] CPU: ARMv7 Processor [413fc082] revision 2 (ARMv7), cr=10c5387d
[    0.000000] CPU: PIPT / VIPT nonaliasing data cache, VIPT aliasing instruction cache
[    0.000000] OF: fdt: Machine model: TI AM335x BeagleBone Black
[    0.000000] earlycon: omap8250 at MMIO 0x44e09000 (options '')
[    0.000000] printk: legacy bootconsole [omap8250] enabled
[    0.000000] Memory policy: Data cache writeback
[    0.000000] cma: Reserved 16 MiB at 0x9e800000 on node -1
[    0.000000] Zone ranges:
[    0.000000]   Normal   [mem 0x0000000080000000-0x000000009fdfffff]
[    0.000000]   HighMem  empty
[    0.000000] Movable zone start for each node
[    0.000000] Early memory node ranges
[    0.000000]   node   0: [mem 0x0000000080000000-0x000000009fdfffff]
[    0.000000] Initmem setup node 0 [mem 0x0000000080000000-0x000000009fdfffff]
[    0.000000] OF: reserved mem: Reserved memory: No reserved-memory node in the DT
[    0.000000] CPU: All CPU(s) started in SVC mode.
[    0.000000] AM335X ES2.1 (sgx neon)
[    0.000000] percpu: Embedded 17 pages/cpu s39628 r8192 d21812 u69632
[    0.000000] pcpu-alloc: s39628 r8192 d21812 u69632 alloc=17*4096
[    0.000000] pcpu-alloc: [0] 0 
[    0.000000] Kernel command line: console=ttyO0,115200n8 debug earlycon root=/dev/nfs rw nfsroot=192.168.255.126:/home/user01/nfs,nfsvers=3 ip=192.168.255.4:192.168.255.126::255.255.255.0:bbb1:eth0 nfsrootdebug
[    0.000000] Unknown kernel command line parameters "nfsrootdebug", will be passed to user space.
[    0.000000] printk: log buffer data + meta data: 65536 + 204800 = 270336 bytes
[    0.000000] Dentry cache hash table entries: 65536 (order: 6, 262144 bytes, linear)
[    0.000000] Inode-cache hash table entries: 32768 (order: 5, 131072 bytes, linear)
[    0.000000] Built 1 zonelists, mobility grouping on.  Total pages: 130560
[    0.000000] mem auto-init: stack:off, heap alloc:off, heap free:off
[    0.000000] SLUB: HWalign=64, Order=0-3, MinObjects=0, CPUs=1, Nodes=1
[    0.000000] trace event string verifier disabled
[    0.000000] rcu: Hierarchical RCU implementation.
[    0.000000] rcu: 	RCU event tracing is enabled.
[    0.000000] rcu: 	RCU restricting CPUs from NR_CPUS=2 to nr_cpu_ids=1.
[    0.000000] 	Tracing variant of Tasks RCU enabled.
[    0.000000] rcu: RCU calculated value of scheduler-enlistment delay is 10 jiffies.
[    0.000000] rcu: Adjusting geometry for rcu_fanout_leaf=16, nr_cpu_ids=1
[    0.000000] RCU Tasks Trace: Setting shift to 0 and lim to 1 rcu_task_cb_adjust=1 rcu_task_cpu_ids=1.
[    0.000000] NR_IRQS: 16, nr_irqs: 16, preallocated irqs: 16
[    0.000000] IRQ: Found an INTC at 0x(ptrval) (revision 5.0) with 128 interrupts
[    0.000000] rcu: srcu_init: Setting srcu_struct sizes based on contention.
[    0.000000] TI gptimer clocksource: always-on /ocp/interconnect@44c00000/segment@200000/target-module@31000
[    0.000003] sched_clock: 32 bits at 24MHz, resolution 41ns, wraps every 89478484971ns
[    0.008077] clocksource: dmtimer: mask: 0xffffffff max_cycles: 0xffffffff, max_idle_ns: 79635851949 ns
[    0.018134] TI gptimer clockevent: 24000000 Hz at /ocp/interconnect@48000000/segment@0/target-module@40000
[    0.029733] Console: colour dummy device 80x30
[    0.034377] WARNING: Your 'console=ttyO0' has been replaced by 'ttyS0'
[    0.041186] This ensures that you still see kernel messages. Please
[    0.047637] update your kernel commandline.
[    0.051992] Calibrating delay loop... 996.14 BogoMIPS (lpj=4980736)
[    0.094623] CPU: Testing write buffer coherency: ok
[    0.099757] CPU0: Spectre v2: using BPIALL workaround
[    0.104961] pid_max: default: 32768 minimum: 301
[    0.109833] LSM: initializing lsm=capability
[    0.114405] Mount-cache hash table entries: 1024 (order: 0, 4096 bytes, linear)
[    0.121970] Mountpoint-cache hash table entries: 1024 (order: 0, 4096 bytes, linear)
[    0.131661] CPU0: thread -1, cpu 0, socket -1, mpidr 0
[    0.139326] Setting up static identity map for 0x80100000 - 0x80100078
[    0.146384] rcu: Hierarchical SRCU implementation.
[    0.151385] rcu: 	Max phase no-delay instances is 1000.
[    0.158734] smp: Bringing up secondary CPUs ...
[    0.163466] smp: Brought up 1 node, 1 CPU
[    0.167599] SMP: Total of 1 processors activated (996.14 BogoMIPS).
[    0.174157] CPU: All CPU(s) started in SVC mode.
[    0.179106] Memory: 480840K/522240K available (11264K kernel code, 1215K rwdata, 2904K rodata, 1024K init, 295K bss, 23388K reserved, 16384K cma-reserved, 0K highmem)
[    0.195407] devtmpfs: initialized
[    0.215645] VFP support v0.3: implementor 41 architecture 3 part 30 variant c rev 3
[    0.224024] clocksource: jiffies: mask: 0xffffffff max_cycles: 0xffffffff, max_idle_ns: 19112604462750000 ns
[    0.234234] futex hash table entries: 256 (order: 2, 16384 bytes, linear)
[    0.242527] pinctrl core: initialized pinctrl subsystem
[    0.250884] NET: Registered PF_NETLINK/PF_ROUTE protocol family
[    0.259943] DMA: preallocated 256 KiB pool for atomic coherent allocations
[    0.267947] audit: initializing netlink subsys (disabled)
[    0.275061] thermal_sys: Registered thermal governor 'fair_share'
[    0.275091] thermal_sys: Registered thermal governor 'step_wise'
[    0.281469] thermal_sys: Registered thermal governor 'user_space'
[    0.287775] audit: type=2000 audit(0.240:1): state=initialized audit_enabled=0 res=1
[    0.302153] cpuidle: using governor menu
[    0.324564] /ocp/interconnect@44c00000/segment@200000/target-module@b000/i2c@0/tda19988@70: Fixed dependency cycle(s) with /ocp/interconnect@48000000/segment@300000/target-module@e000/lcdc@0
[    0.343325] /ocp/interconnect@48000000/segment@300000/target-module@e000/lcdc@0: Fixed dependency cycle(s) with /ocp/interconnect@44c00000/segment@200000/target-module@b000/i2c@0/tda19988@70
[    0.363134] No ATAGs?
[    0.365504] hw-breakpoint: debug architecture 0x4 unsupported.
[    0.374484] kprobes: kprobe jump-optimization is enabled. All kprobes are optimized if possible.
[    0.402013] iommu: Default domain type: Translated
[    0.406973] iommu: DMA domain TLB invalidation policy: strict mode
[    0.415148] reg-fixed-voltage fixedregulator0: using DT '/fixedregulator0' for '(default)' GPIO lookup
[    0.424877] of_get_named_gpiod_flags: can't parse 'gpios' property of node '/fixedregulator0[0]'
[    0.433973] of_get_named_gpiod_flags: can't parse 'gpio' property of node '/fixedregulator0[0]'
[    0.442972] reg-fixed-voltage fixedregulator0: using lookup tables for GPIO lookup
[    0.450788] reg-fixed-voltage fixedregulator0: No GPIO consumer (default) found
[    0.479000] SCSI subsystem initialized
[    0.488858] libata version 3.00 loaded.
[    0.493196] pps_core: LinuxPPS API ver. 1 registered
[    0.498370] pps_core: Software ver. 5.3.6 - Copyright 2005-2007 Rodolfo Giometti <giometti@linux.it>
[    0.507801] PTP clock support registered
[    0.538265] vgaarb: loaded
[    0.548228] clocksource: Switched to clocksource dmtimer
[    0.554414] VFS: Disk quotas dquot_6.6.0
[    0.558629] VFS: Dquot-cache hash table entries: 1024 (order 0, 4096 bytes)
[    0.601415] NET: Registered PF_INET protocol family
[    0.606934] IP idents hash table entries: 8192 (order: 4, 65536 bytes, linear)
[    0.615828] tcp_listen_portaddr_hash hash table entries: 512 (order: 0, 4096 bytes, linear)
[    0.624535] Table-perturb hash table entries: 65536 (order: 6, 262144 bytes, linear)
[    0.632550] TCP established hash table entries: 4096 (order: 2, 16384 bytes, linear)
[    0.640558] TCP bind hash table entries: 4096 (order: 4, 65536 bytes, linear)
[    0.648022] TCP: Hash tables configured (established 4096 bind 4096)
[    0.654705] UDP hash table entries: 256 (order: 1, 14336 bytes, linear)
[    0.661585] UDP-Lite hash table entries: 256 (order: 1, 14336 bytes, linear)
[    0.669031] NET: Registered PF_UNIX/PF_LOCAL protocol family
[    0.753324] RPC: Registered named UNIX socket transport module.
[    0.759459] RPC: Registered udp transport module.
[    0.764375] RPC: Registered tcp transport module.
[    0.769219] RPC: Registered tcp-with-tls transport module.
[    0.774888] RPC: Registered tcp NFSv4.1 backchannel transport module.
[    0.781568] PCI: CLS 0 bytes, default 64
[    0.787165] Initialise system trusted keyrings
[    0.854026] workingset: timestamp_bits=14 max_order=17 bucket_order=3
[    0.862214] NFS: Registering the id_resolver key type
[    0.867497] Key type id_resolver registered
[    0.871888] Key type id_legacy registered
[    0.876071] jffs2: version 2.2. (NAND) (SUMMARY)  © 2001-2006 Red Hat, Inc.
[    0.911068] Key type asymmetric registered
[    0.915425] Asymmetric key parser 'x509' registered
[    0.920523] io scheduler mq-deadline registered
[    0.925231] io scheduler kyber registered
[    0.929431] io scheduler bfq registered
[    0.959709] ledtrig-cpu: registered to indicate activity on CPUs
[    0.968980] Serial: 8250/16550 driver, 6 ports, IRQ sharing enabled
[    1.032638] brd: module loaded
[    1.056942] loop: module loaded
[    1.061132] mtdoops: mtd device (mtddev=name/number) must be supplied
[    1.081245] mdio_bus fixed-0: using lookup tables for GPIO lookup
[    1.087646] mdio_bus fixed-0: No GPIO consumer reset found
[    1.094725] i2c_dev: i2c /dev entries driver
[    1.100129] cpuidle: enable-method property 'ti,am3352' found operations
[    1.107634] sdhci: Secure Digital Host Controller Interface driver
[    1.114069] sdhci: Copyright(c) Pierre Ossman
[    1.118749] sdhci-pltfm: SDHCI platform and OF driver helper
[    1.125681] Initializing XFRM netlink socket
[    1.130237] NET: Registered PF_INET6 protocol family
[    1.206984] Segment Routing with IPv6
[    1.210865] In-situ OAM (IOAM) with IPv6
[    1.215110] sit: IPv6, IPv4 and MPLS over IPv4 tunneling driver
[    1.222273] NET: Registered PF_PACKET protocol family
[    1.227516] NET: Registered PF_KEY protocol family
[    1.232637] Key type dns_resolver registered
[    1.237330] ThumbEE CPU extension supported.
[    1.241809] Registering SWP/SWPB emulation handler
[    1.247281] omap_voltage_late_init: Voltage driver support not added
[    1.254280] SmartReflex Class3 initialized
[    1.332727] Loading compiled-in X.509 certificates
[    1.388131] /ocp/interconnect@44c00000/segment@200000/target-module@b000/i2c@0/tda19988@70: Fixed dependency cycle(s) with /ocp/interconnect@48000000/segment@300000/target-module@e000/lcdc@0
[    1.412427] /ocp/interconnect@44c00000/segment@200000/target-module@b000/i2c@0/tda19988@70: Fixed dependency cycle(s) with /ocp/interconnect@48000000/segment@300000/target-module@e000/lcdc@0
[    1.435723] gpiochip_find_base_unlocked: found new base at 512
[    1.505927] /ocp/interconnect@44c00000/segment@200000/target-module@b000/i2c@0/tda19988@70: Fixed dependency cycle(s) with /ocp/interconnect@48000000/segment@300000/target-module@e000/lcdc@0
[    1.524568] /ocp/interconnect@44c00000/segment@200000/target-module@b000/i2c@0/tda19988@70: Fixed dependency cycle(s) with /ocp/interconnect@48000000/segment@300000/target-module@e000/lcdc@0
[    1.545700] /ocp/interconnect@44c00000/segment@200000/target-module@10000/scm@0/pinmux@800: Fixed dependency cycle(s) with /ocp/interconnect@44c00000/segment@200000/target-module@10000/scm@0/pinmux@800/clkout2-pins
[    1.566053] pinctrl-single 44e10800.pinmux: 142 pins, size 568
[    1.577426] ti-sysc 44e31000.target-module: probe with driver ti-sysc failed with error -16
[    1.680748] /ocp/interconnect@48000000/segment@300000/target-module@e000/lcdc@0: Fixed dependency cycle(s) with /ocp/interconnect@44c00000/segment@200000/target-module@b000/i2c@0/tda19988@70
[    1.706649] ti-sysc 48040000.target-module: probe with driver ti-sysc failed with error -16
[    1.727069] gpiochip_find_base_unlocked: found new base at 512
[    1.733340] gpio gpiochip0: (gpio-0-31): created GPIO range 0->7 ==> 44e10800.pinmux PIN 0->7
[    1.742178] gpio gpiochip0: (gpio-0-31): created GPIO range 8->11 ==> 44e10800.pinmux PIN 90->93
[    1.751232] gpio gpiochip0: (gpio-0-31): created GPIO range 12->27 ==> 44e10800.pinmux PIN 12->27
[    1.760398] gpio gpiochip0: (gpio-0-31): created GPIO range 28->31 ==> 44e10800.pinmux PIN 30->33
[    1.874317] gpio gpiochip0: (gpio-0-31): added GPIO chardev (254:0)
[    1.880939] gpio gpiochip0: registered GPIOs 512 to 543 on gpio-0-31
[    1.887655] OMAP GPIO hardware version 0.1
[    1.918153] i2c i2c-2: using DT '/ocp/interconnect@48000000/segment@100000/target-module@9c000/i2c@0' for 'scl' GPIO lookup
[    1.929934] of_get_named_gpiod_flags: can't parse 'scl-gpios' property of node '/ocp/interconnect@48000000/segment@100000/target-module@9c000/i2c@0[0]'
[    1.944030] of_get_named_gpiod_flags: can't parse 'scl-gpio' property of node '/ocp/interconnect@48000000/segment@100000/target-module@9c000/i2c@0[0]'
[    1.958002] i2c i2c-2: using lookup tables for GPIO lookup
[    1.963694] i2c i2c-2: No GPIO consumer scl found
[    1.968554] i2c i2c-2: using DT '/ocp/interconnect@48000000/segment@100000/target-module@9c000/i2c@0' for 'sda' GPIO lookup
[    1.980101] of_get_named_gpiod_flags: can't parse 'sda-gpios' property of node '/ocp/interconnect@48000000/segment@100000/target-module@9c000/i2c@0[0]'
