Labgrid Console Logfile for main
Logfile started at 2024-11-01 03:24:55.302344
=== Log starts here ===
reading args
spl_load_image_fat_os: error reading image args, err - -1
reading u-boot.img
reading u-boot.img


U-Boot 2014.04-00014-g47880f5 (Apr 22 2014 - 13:23:54)

I2C:   ready
DRAM:  512 MiB
NAND:  0 MiB
MMC:   OMAP SD/MMC: 0, OMAP SD/MMC: 1
*** Warning - readenv() failed, using default environment

Net:   <ethaddr> not set. Validating first E-fuse MAC
cpsw, usb_ether
Hit any key to stop autoboot:  1  0 
gpio: pin 53 (gpio 53) value is 1
mmc0 is current device
gpio: pin 54 (gpio 54) value is 1
SD/MMC found on device 0
reading uEnv.txt
569 bytes read in 3 ms (184.6 KiB/s)
gpio: pin 55 (gpio 55) value is 1
Loaded environment from uEnv.txt
Importing environment from mmc ...
Checking if uenvcmd is set ...
gpio: pin 56 (gpio 56) value is 1
Running uenvcmd ...
cpsw Waiting for PHY auto negotiation to complete. done
link up on port 0, speed 100, full duplex
Using cpsw device
TFTP from server 192.168.255.126; our IP address is 192.168.255.1
Filename 'zImage'.
Load address: 0x81000000
Loading: *#################################################################
	 #################################################################
	 #################################################################
	 #################################################################
	 #################################################################
	 #####
	 2.4 MiB/s
done
Bytes transferred = 4839616 (49d8c0 hex)
link up on port 0, speed 100, full duplex
Using cpsw device
TFTP from server 192.168.255.126; our IP address is 192.168.255.1
Filename 'am335x-boneblack.dtb'.
Load address: 0x82000000
Loading: *#######
	 2.2 MiB/s
done
Bytes transferred = 94748 (1721c hex)
Kernel image @ 0x81000000 [ 0x000000 - 0x49d8c0 ]
## Flattened Device Tree blob at 82000000
   Booting using the fdt blob at 0x82000000
   Using Device Tree in place at 82000000, end 8201a21b

Starting kernel ...

[    0.000000] Booting Linux on physical CPU 0x0
[    0.000000] Linux version 5.15.170 (user01@drvtest01) (arm-linux-gnueabihf-gcc (Linaro GCC 6.4-2017.11) 6.4.1 20171012, GNU ld (Linaro_Binutils-2017.11) 2.27.0.20161229) #6 SMP Fri Nov 1 03:22:50 EET 2024
[    0.000000] CPU: ARMv7 Processor [413fc082] revision 2 (ARMv7), cr=10c5387d
[    0.000000] CPU: PIPT / VIPT nonaliasing data cache, VIPT aliasing instruction cache
[    0.000000] OF: fdt: Machine model: TI AM335x BeagleBone Black
[    0.000000] Memory policy: Data cache writeback
[    0.000000] cma: Reserved 16 MiB at 0x9e800000
[    0.000000] Zone ranges:
[    0.000000]   Normal   [mem 0x0000000080000000-0x000000009fdfffff]
[    0.000000]   HighMem  empty
[    0.000000] Movable zone start for each node
[    0.000000] Early memory node ranges
[    0.000000]   node   0: [mem 0x0000000080000000-0x000000009fdfffff]
[    0.000000] Initmem setup node 0 [mem 0x0000000080000000-0x000000009fdfffff]
[    0.000000] CPU: All CPU(s) started in SVC mode.
[    0.000000] AM335X ES2.1 (sgx neon)
[    0.000000] percpu: Embedded 16 pages/cpu s33804 r8192 d23540 u65536
[    0.000000] Built 1 zonelists, mobility grouping on.  Total pages: 129412
[    0.000000] Kernel command line: console=ttyO0,115200n8 root=/dev/nfs rw nfsroot=192.168.255.126:/home/user01/nfs,nfsvers=3 ip=192.168.255.1:192.168.255.126::255.255.255.0:bbb1:eth0 nfsrootdebug
[    0.000000] Unknown kernel command line parameters "nfsrootdebug", will be passed to user space.
[    0.000000] Dentry cache hash table entries: 65536 (order: 6, 262144 bytes, linear)
[    0.000000] Inode-cache hash table entries: 32768 (order: 5, 131072 bytes, linear)
[    0.000000] mem auto-init: stack:off, heap alloc:off, heap free:off
[    0.000000] Memory: 484752K/522240K available (10240K kernel code, 1079K rwdata, 2392K rodata, 1024K init, 246K bss, 21104K reserved, 16384K cma-reserved, 0K highmem)
[    0.000000] trace event string verifier disabled
[    0.000000] rcu: Hierarchical RCU implementation.
[    0.000000] rcu: 	RCU event tracing is enabled.
[    0.000000] rcu: 	RCU restricting CPUs from NR_CPUS=2 to nr_cpu_ids=1.
[    0.000000] rcu: RCU calculated value of scheduler-enlistment delay is 10 jiffies.
[    0.000000] rcu: Adjusting geometry for rcu_fanout_leaf=16, nr_cpu_ids=1
[    0.000000] NR_IRQS: 16, nr_irqs: 16, preallocated irqs: 16
[    0.000000] IRQ: Found an INTC at 0x(ptrval) (revision 5.0) with 128 interrupts
[    0.000000] TI gptimer clocksource: always-on /ocp/interconnect@44c00000/segment@200000/target-module@31000
[    0.000002] sched_clock: 32 bits at 24MHz, resolution 41ns, wraps every 89478484971ns
[    0.000026] clocksource: dmtimer: mask: 0xffffffff max_cycles: 0xffffffff, max_idle_ns: 79635851949 ns
[    0.000453] TI gptimer clockevent: 24000000 Hz at /ocp/interconnect@48000000/segment@0/target-module@40000
[    0.002314] Console: colour dummy device 80x30
[    0.002372] WARNING: Your 'console=ttyO0' has been replaced by 'ttyS0'
[    0.002384] This ensures that you still see kernel messages. Please
[    0.002392] update your kernel commandline.
[    0.002440] Calibrating delay loop... 996.14 BogoMIPS (lpj=4980736)
[    0.090568] CPU: Testing write buffer coherency: ok
[    0.090658] CPU0: Spectre v2: using BPIALL workaround
[    0.090672] pid_max: default: 32768 minimum: 301
[    0.090825] LSM: Security Framework initializing
[    0.091020] Mount-cache hash table entries: 1024 (order: 0, 4096 bytes, linear)
[    0.091046] Mountpoint-cache hash table entries: 1024 (order: 0, 4096 bytes, linear)
[    0.092690] CPU0: thread -1, cpu 0, socket -1, mpidr 0
[    0.093765] Setting up static identity map for 0x80100000 - 0x80100078
[    0.094007] rcu: Hierarchical SRCU implementation.
[    0.095224] smp: Bringing up secondary CPUs ...
[    0.095254] smp: Brought up 1 node, 1 CPU
[    0.095269] SMP: Total of 1 processors activated (996.14 BogoMIPS).
[    0.095282] CPU: All CPU(s) started in SVC mode.
[    0.096079] devtmpfs: initialized
[    0.110739] VFP support v0.3: implementor 41 architecture 3 part 30 variant c rev 3
[    0.111093] clocksource: jiffies: mask: 0xffffffff max_cycles: 0xffffffff, max_idle_ns: 19112604462750000 ns
[    0.111131] futex hash table entries: 256 (order: 2, 16384 bytes, linear)
[    0.112510] pinctrl core: initialized pinctrl subsystem
[    0.114538] NET: Registered PF_NETLINK/PF_ROUTE protocol family
[    0.117381] DMA: preallocated 256 KiB pool for atomic coherent allocations
[    0.117965] audit: initializing netlink subsys (disabled)
[    0.119201] thermal_sys: Registered thermal governor 'fair_share'
[    0.119222] thermal_sys: Registered thermal governor 'step_wise'
[    0.119238] thermal_sys: Registered thermal governor 'user_space'
[    0.119597] cpuidle: using governor menu
[    0.136415] No ATAGs?
[    0.136454] hw-breakpoint: debug architecture 0x4 unsupported.
[    0.144817] kprobes: kprobe jump-optimization is enabled. All kprobes are optimized if possible.
[    0.145170] audit: type=2000 audit(0.110:1): state=initialized audit_enabled=0 res=1
[    0.151592] iommu: Default domain type: Translated 
[    0.151617] iommu: DMA domain TLB invalidation policy: strict mode 
[    0.152932] vgaarb: loaded
[    0.153477] SCSI subsystem initialized
[    0.154229] pps_core: LinuxPPS API ver. 1 registered
[    0.154248] pps_core: Software ver. 5.3.6 - Copyright 2005-2007 Rodolfo Giometti <giometti@linux.it>
[    0.154282] PTP clock support registered
[    0.155685] clocksource: Switched to clocksource dmtimer
[    0.202197] VFS: Disk quotas dquot_6.6.0
[    0.202332] VFS: Dquot-cache hash table entries: 1024 (order 0, 4096 bytes)
[    0.280165] NET: Registered PF_INET protocol family
[    0.280515] IP idents hash table entries: 8192 (order: 4, 65536 bytes, linear)
[    0.281534] tcp_listen_portaddr_hash hash table entries: 512 (order: 0, 4096 bytes, linear)
[    0.281590] Table-perturb hash table entries: 65536 (order: 6, 262144 bytes, linear)
[    0.281618] TCP established hash table entries: 4096 (order: 2, 16384 bytes, linear)
[    0.281666] TCP bind hash table entries: 4096 (order: 3, 32768 bytes, linear)
[    0.281730] TCP: Hash tables configured (established 4096 bind 4096)
[    0.281848] UDP hash table entries: 256 (order: 1, 8192 bytes, linear)
[    0.281881] UDP-Lite hash table entries: 256 (order: 1, 8192 bytes, linear)
[    0.282070] NET: Registered PF_UNIX/PF_LOCAL protocol family
[    0.283193] RPC: Registered named UNIX socket transport module.
[    0.283226] RPC: Registered udp transport module.
[    0.283236] RPC: Registered tcp transport module.
[    0.283245] RPC: Registered tcp NFSv4.1 backchannel transport module.
[    0.283267] PCI: CLS 0 bytes, default 64
[    0.284723] Initialise system trusted keyrings
[    0.285824] workingset: timestamp_bits=14 max_order=17 bucket_order=3
[    0.287187] NFS: Registering the id_resolver key type
[    0.287283] Key type id_resolver registered
[    0.287297] Key type id_legacy registered
[    0.287355] jffs2: version 2.2. (NAND) (SUMMARY)  Â© 2001-2006 Red Hat, Inc.
[    0.287747] Key type asymmetric registered
[    0.287772] Asymmetric key parser 'x509' registered
[    0.287840] io scheduler mq-deadline registered
[    0.287855] io scheduler kyber registered
[    0.291520] Serial: 8250/16550 driver, 6 ports, IRQ sharing enabled
[    0.322258] brd: module loaded
[    0.361290] loop: module loaded
[    0.362211] mtdoops: mtd device (mtddev=name/number) must be supplied
[    0.364524] i2c_dev: i2c /dev entries driver
[    0.365415] cpuidle: enable-method property 'ti,am3352' found operations
[    0.365978] sdhci: Secure Digital Host Controller Interface driver
[    0.366000] sdhci: Copyright(c) Pierre Ossman
[    0.366174] sdhci-pltfm: SDHCI platform and OF driver helper
[    0.366392] ledtrig-cpu: registered to indicate activity on CPUs
[    0.366945] Initializing XFRM netlink socket
[    0.367174] NET: Registered PF_INET6 protocol family
[    0.368759] Segment Routing with IPv6
[    0.368853] In-situ OAM (IOAM) with IPv6
[    0.368959] sit: IPv6, IPv4 and MPLS over IPv4 tunneling driver
[    0.369788] NET: Registered PF_PACKET protocol family
[    0.369836] NET: Registered PF_KEY protocol family
[    0.369962] Key type dns_resolver registered
[    0.370103] ThumbEE CPU extension supported.
[    0.370125] Registering SWP/SWPB emulation handler
[    0.370639] omap_voltage_late_init: Voltage driver support not added
[    0.370991] SmartReflex Class3 initialized
[    0.371776] Loading compiled-in X.509 certificates
[    0.404489] pinctrl-single 44e10800.pinmux: 142 pins, size 568
[    0.408983] ti-sysc: probe of 44e31000.target-module failed with error -16
[    0.467455] ti-sysc: probe of 48040000.target-module failed with error -16
[    0.488605] OMAP GPIO hardware version 0.1
[    0.513662] omap_i2c 4819c000.i2c: bus 2 rev0.11 at 100 kHz
[    0.555973] sdhci-omap 481d8000.mmc: supply vqmmc not found, using dummy regulator
[    0.607266] davinci_mdio 4a101000.mdio: davinci mdio revision 1.6, bus freq 1000000
[    0.664063] davinci_mdio 4a101000.mdio: phy[0]: device 4a101000.mdio:00, driver SMSC LAN8710/LAN8720
[    0.664561] cpsw-switch 4a100000.switch: initialized cpsw ale version 1.4
[    0.664589] cpsw-switch 4a100000.switch: ALE Table size 1024
[    0.664707] cpsw-switch 4a100000.switch: cpts: overflow check period 500 (jiffies)
[    0.664728] cpsw-switch 4a100000.switch: CPTS: ref_clk_freq:250000000 calc_mult:2147483648 calc_shift:29 error:0 nsec/sec
[    0.664825] cpsw-switch 4a100000.switch: Detected MACID = 6c:ec:eb:68:de:78
[    0.666599] cpsw-switch 4a100000.switch: initialized (regs 0x4a100000, pool size 256) hw_ver:0019010C 1.12 (0)
[    0.675961] debugfs: Directory '49000000.dma' with parent 'dmaengine' already present!
[    0.676017] edma 49000000.dma: TI EDMA DMA engine driver
[    0.743333] hw perfevents: enabled with armv7_cortex_a8 PMU driver, 5 counters available
[    0.750199] l3-aon-clkctrl:0000:0: failed to disable
[    0.752262] 44e09000.serial: ttyS0 at MMIO 0x44e09000 (irq = 18, base_baud = 3000000) is a 8250
[    1.914338] printk: console [ttyS0] enabled
[    1.946523] tps65217-pmic: Failed to locate of_node [id: -1]
[    1.961894] tps65217-bl: Failed to locate of_node [id: -1]
[    1.970436] tps65217 0-0024: TPS65217 ID 0xe version 1.2
[    1.976409] i2c 0-0070: Fixing up cyclic dependency with 4830e000.lcdc
[    1.983283] omap_i2c 44e0b000.i2c: bus 0 rev0.11 at 400 kHz
[    1.990747] omap_gpio 44e07000.gpio: Could not set line 6 debounce to 200000 microseconds (-22)
[    1.999584] sdhci-omap 48060000.mmc: Got CD GPIO
[    2.004548] sdhci-omap 48060000.mmc: supply vqmmc not found, using dummy regulator
[    2.016781] sdhci-omap 481d8000.mmc: supply vqmmc not found, using dummy regulator
[    2.051819] mmc1: SDHCI controller on 481d8000.mmc [481d8000.mmc] using External DMA
[    2.060122] mmc0: SDHCI controller on 48060000.mmc [48060000.mmc] using External DMA
[    2.068774] cpsw-switch 4a100000.switch: starting ndev. mode: dual_mac
[    2.113143] mmc0: new high speed SDHC card at address 5048
[    2.119948] mmcblk0: mmc0:5048 SD16G 14.4 GiB 
[    2.127777]  mmcblk0: p1 p2
[    2.130988] mmcblk0: p2 size 31221760 extends beyond EOD, truncated
[    2.157550] SMSC LAN8710/LAN8720 4a101000.mdio:00: attached PHY driver (mii_bus:phy_addr=4a101000.mdio:00, irq=POLL)
[    2.178792] mmc1: new high speed MMC card at address 0001
[    2.185397] mmcblk1: mmc1:0001 MMC04G 3.60 GiB 
[    2.192719]  mmcblk1: p1 p2
[    2.196907] mmcblk1boot0: mmc1:0001 MMC04G 2.00 MiB 
[    2.203945] mmcblk1boot1: mmc1:0001 MMC04G 2.00 MiB 
[    2.210839] mmcblk1rpmb: mmc1:0001 MMC04G 128 KiB, chardev (250:0)
[    5.286435] cpsw-switch 4a100000.switch eth0: Link is Up - 100Mbps/Full - flow control off
[    5.315756] IPv6: ADDRCONF(NETDEV_CHANGE): eth0: link becomes ready
[    5.345705] IP-Config: Complete:
[    5.348967]      device=eth0, hwaddr=6c:ec:eb:68:de:78, ipaddr=192.168.255.1, mask=255.255.255.0, gw=255.255.255.255
[    5.359582]      host=bbb1, domain=, nis-domain=(none)
[    5.364745]      bootserver=192.168.255.126, rootserver=192.168.255.126, rootpath=
[    5.365130] clk: Disabling unused clocks
[    5.376987] TAP version 14
[    5.379710] 1..0
[    5.403765] VFS: Mounted root (nfs filesystem) on device 0:16.
[    5.410720] devtmpfs: mounted
[    5.415006] Freeing unused kernel image (initmem) memory: 1024K
[    5.421653] Run /sbin/init as init process
[    6.103930] systemd[1]: System time before build time, advancing clock.
[    6.297484] random: systemd: uninitialized urandom read (16 bytes read)
[    6.309259] random: systemd: uninitialized urandom read (16 bytes read)
[    6.319798] systemd[1]: systemd 232 running in system mode. (+PAM +AUDIT +SELINUX +IMA +APPARMOR +SMACK +SYSVINIT +UTMP +LIBCRYPTSETUP +GCRYPT +GNUTLS +ACL +XZ +LZ4 +SECCOMP +BLKID +ELFUTILS +KMOD +IDN)
[    6.339210] systemd[1]: Detected architecture arm.

Welcome to [1mDebian GNU/Linux 9 (stretch)[0m!

[    6.378471] systemd[1]: Set hostname to <arm>.
[    6.760236] random: systemd-cryptse: uninitialized urandom read (16 bytes read)
[    7.326529] random: systemd: uninitialized urandom read (16 bytes read)
[    7.333450] random: systemd: uninitialized urandom read (16 bytes read)
[    7.340771] random: systemd: uninitialized urandom read (16 bytes read)
[    7.354176] systemd[1]: Created slice System Slice.
[[0;32m  OK  [0m] Created slice System Slice.
[    7.387034] systemd[1]: Created slice User and Session Slice.
[[0;32m  OK  [0m] Created slice User and Session Slice.
[    7.430269] systemd[1]: Mounting Debug File System...
         Mounting Debug File System...
[    7.448715] systemd[1]: Listening on Journal Socket.
[[0;32m  OK  [0m] Listening on Journal Socket.
[    7.483821] systemd[1]: Starting Load Kernel Modules...
         Starting Load Kernel Modules...
[    7.551073] systemd[1]: Mounting POSIX Message Queue File System...
         Mounting POSIX Message Queue File System...
[    7.626635] systemd[1]: Listening on Syslog Socket.
[[0;32m  OK  [0m] Listening on Syslog Socket.
[[0;32m  OK  [0m] Reached target Swap.
[[0;32m  OK  [0m] Created slice system-getty.slice.
[[0;32m  OK  [0m] Reached target Remote File Systems.
[[0;32m  OK  [0m] Listening on Journal Socket (/dev/log).
[[0;32m  OK  [0m] Created slice system-serial\x2dgetty.slice.
[[0;32m  OK  [0m] Started Dispatch Password Requests to Console Directory Watch.
[[0;32m  OK  [0m] Reached target Slices.
         Starting Remount Root and Kernel File Systems...
[[0;32m  OK  [0m] Listening on udev Control Socket.
[[0;32m  OK  [0m] Listening on Journal Audit Socket.
         Starting Journal Service...
[[0;32m  OK  [0m] Listening on /dev/initctl Compatibility Named Pipe.
[[0;32m  OK  [0m] Set up automount Arbitrary Executabâ€¦rmats File System Automount Point.
[[0;32m  OK  [0m] Started Forward Password Requests to Wall Directory Watch.
[[0;32m  OK  [0m] Reached target Encrypted Volumes.
[[0;32m  OK  [0m] Reached target Paths.
[[0;32m  OK  [0m] Listening on udev Kernel Socket.
         Starting Create list of required stâ€¦ce nodes for the current kernel...
[[0;32m  OK  [0m] Mounted POSIX Message Queue File System.
[[0;32m  OK  [0m] Mounted Debug File System.
[[0;32m  OK  [0m] Started Load Kernel Modules.
[[0;32m  OK  [0m] Started Remount Root and Kernel File Systems.
[[0;32m  OK  [0m] Started Create list of required staâ€¦vice nodes for the current kernel.
[[0;32m  OK  [0m] Started Journal Service.
[    8.352221] random: systemd: uninitialized urandom read (16 bytes read)
         Starting Create Static Device Nodes in /dev...
[    8.396162] random: systemd: uninitialized urandom read (16 bytes read)
         Starting Load/Save Random Seed...
[    8.452644] random: systemd-tmpfile: uninitialized urandom read (16 bytes read)
         Starting udev Coldplug all Devices...
         Starting Flush Journal to Persistent Storage...
         Mounting Configuration File System...
         Starting Apply Kernel Variables...
[[0;32m  OK  [0m] Started Load/Save Random Seed.
[[0;32m  OK  [0m] Mounted Configuration File System.
[[0;32m  OK  [0m] Started Create Static Device Nodes in /dev.
[[0;32m  OK  [0m] Reached target Local File Systems (Pre).
[[0;32m  OK  [0m] Reached target Local File Systems.
         Starting udev Kernel Device Manager...
[[0;32m  OK  [0m] Started Apply Kernel Variables.
[    9.154596] systemd-journald[95]: Received request to flush runtime journal from PID 1
         Starting Raise network interfaces...
[[0;32m  OK  [0m] Started Flush Journal to Persistent Storage.
         Starting Create Volatile Files and Directories...
[    9.573821] random: systemd-tmpfile: uninitialized urandom read (16 bytes read)
[[0;32m  OK  [0m] Started udev Kernel Device Manager.
[[0;32m  OK  [0m] Started Create Volatile Files and Directories.
         Starting Update UTMP about System Boot/Shutdown...
         Starting Network Time Synchronization...
[[0;32m  OK  [0m] Started Update UTMP about System Boot/Shutdown.
[[0;32m  OK  [0m] Started Network Time Synchronization.
[[0;32m  OK  [0m] Reached target System Time Synchronized.
[   12.085859] random: crng init done
[   12.089329] random: 554 urandom warning(s) missed due to ratelimiting
[[0;32m  OK  [0m] Started udev Coldplug all Devices.
[[0;32m  OK  [0m] Reached target System Initialization.
[[0;32m  OK  [0m] Started Daily apt download activities.
[[0;32m  OK  [0m] Listening on D-Bus System Message Bus Socket.
[[0;32m  OK  [0m] Started Daily Cleanup of Temporary Directories.
[[0;32m  OK  [0m] Started Daily apt upgrade and clean activities.
[[0;32m  OK  [0m] Reached target Timers.
[[0;32m  OK  [0m] Listening on Avahi mDNS/DNS-SD Stack Activation Socket.
[   12.548094] remoteproc remoteproc0: wkup_m3 is available
[[0;32m  OK  [0m] Reached target Sockets.
[[0;32m  OK  [0m] Reached target Basic System.
         Starting Cape Manager Service...
         Starting DUN service...
[   12.702256] at24 2-0054: supply vcc not found, using dummy regulator
         Starting LSB: Start busybox udhcpd at boot time...
[   12.930739] at24 2-0055: supply vcc not found, using dummy regulator
         Starting Generic Board Startup...
[   13.056482] at24 2-0056: supply vcc not found, using dummy regulator
         Starting Login Service...
[   13.183849] at24 2-0057: supply vcc not found, using dummy regulator
[   13.243893] at24 0-0050: supply vcc not found, using dummy regulator
[   13.277371] tps6521x_pwrbutton tps65217-pwrbutton: DMA mask not set
[[0;32m  OK  [0m] Started Regular background program processing daemon.
[   13.374467] at24 0-0050: 32768 byte 24c256 EEPROM, writable, 1 bytes/write
[   13.386600] input: tps65217_pwrbutton as /devices/platform/ocp/44c00000.interconnect/44c00000.interconnect:segment@200000/44e0b000.target-module/44e0b000.i2c/i2c-0/0-0024/tps65217-pwrbutton/input/input0
         Starting System Logging Service...
         Starting LSB: Load kernel modules needed to enable cpufreq scaling...
[   13.543290] omap_wdt: OMAP Watchdog Timer Rev 0x01: initial timeout 60 sec
[   13.552095] omap_rtc 44e3e000.rtc: registered as rtc0
[   13.557338] omap_rtc 44e3e000.rtc: setting system clock to 2000-01-01T00:00:00 UTC (946684800)
[[0;32m  OK  [0m] Started D-Bus System Message Bus.
[   14.121864] am335x-phy-driver 47401300.usb-phy: supply vcc not found, using dummy regulator
[   14.333792] usbcore: registered new interface driver usbfs
[   14.339542] usbcore: registered new interface driver hub
[   14.344989] usbcore: registered new device driver usb
[   14.673236] am335x-phy-driver 47401b00.usb-phy: supply vcc not found, using dummy regulator
[   14.955385] musb-hdrc musb-hdrc.1: MUSB HDRC host driver
[   14.960921] musb-hdrc musb-hdrc.1: new USB bus registered, assigned bus number 1
[   15.220540] tda998x 0-0070: found TDA19988
[   15.282033] usb usb1: New USB device found, idVendor=1d6b, idProduct=0002, bcdDevice= 5.15
[   15.290479] usb usb1: New USB device strings: Mfr=3, Product=2, SerialNumber=1
[   15.297798] usb usb1: Product: MUSB HDRC host driver
[   15.302789] usb usb1: Manufacturer: Linux 5.15.170 musb-hcd
[   15.308411] usb usb1: SerialNumber: musb-hdrc.1
[   15.340042] omap-mailbox 480c8000.mailbox: omap mailbox rev 0x400
[   15.369761] remoteproc remoteproc0: powering up wkup_m3
[   15.554398] remoteproc remoteproc0: Direct firmware load for am335x-pm-firmware.elf failed with error -2
[   15.564084] remoteproc remoteproc0: request_firmware failed: -2
[   15.570102] wkup_m3_ipc 44e11324.wkup_m3_ipc: rproc_boot failed
[   15.913619] hub 1-0:1.0: USB hub found
[   15.972136] hub 1-0:1.0: 1 port detected
[[0;32m  OK  [0m] Started DUN service.
         Starting Connection service...
         Starting Telephony service...
         Starting Avahi mDNS/DNS-SD Stack...
[   17.136877] omap_rng 48310000.rng: Random Number Generator ver. 20
[[0;32m  OK  [0m] Started System Logging Service.
[   17.215546] tilcdc 4830e000.lcdc: bound 0-0070 (ops tda998x_driver_exit [tda998x])
[[0;32m  OK  [0m] Started Cape Manager Service.
[   17.373111] [drm] Initialized tilcdc 1.0.0 20121205 for 4830e000.lcdc on minor 0
[   17.556056] tilcdc 4830e000.lcdc: [drm] Cannot find any crtc or sizes
[   17.576330] tilcdc 4830e000.lcdc: [drm] Cannot find any crtc or sizes
[[0;32m  OK  [0m] Found device /dev/ttyS0.
[   18.389361] omap-sham 53100000.sham: hw accel on OMAP rev 4.3
[   18.400214] PM: Cannot get wkup_m3_ipc handle
[   18.521788] omap-sham 53100000.sham: will run requests pump with realtime priority
[   18.664602] omap-aes 53500000.aes: OMAP AES hw accel rev: 3.2
[   18.777581] omap-aes 53500000.aes: will run requests pump with realtime priority
[   18.786707] PM: Cannot get wkup_m3_ipc handle
[   18.920013] PM: Cannot get wkup_m3_ipc handle
[   19.554051] Bluetooth: Core ver 2.22
[   19.558023] NET: Registered PF_BLUETOOTH protocol family
[   19.563369] Bluetooth: HCI device and connection manager initialized
[   19.569857] Bluetooth: HCI socket layer initialized
[   19.574788] Bluetooth: L2CAP socket layer initialized
[   19.579943] Bluetooth: SCO socket layer initialized
[[0;32m  OK  [0m] Started Raise network interfaces.
[[0;32m  OK  [0m] Started LSB: Start busybox udhcpd at boot time.
[   21.940080] PM: Cannot get wkup_m3_ipc handle
[   22.097101] PM: Cannot get wkup_m3_ipc handle
[   22.584181] using random self ethernet address
[   22.588835] using random host ethernet address
[   22.792521] using random self ethernet address
[   22.797173] using random host ethernet address
[   23.343376] usb0: HOST MAC 1c:ba:8c:a2:ed:6c
[   23.347907] usb0: MAC 1c:ba:8c:a2:ed:70
[   23.352648] usb1: HOST MAC 1c:ba:8c:a2:ed:6c
[   23.357030] usb1: MAC 1c:ba:8c:a2:ed:6d
[[0;32m  OK  [0m] Started LSB: Load kernel modules needed to enable cpufreq scaling.
[[0;32m  OK  [0m] Started Telephony service.
[[0;32m  OK  [0m] Started Avahi mDNS/DNS-SD Stack.
[[0;32m  OK  [0m] Started Connection service.
[[0;32m  OK  [0m] Started Login Service.
         Starting Hostname Service...
         Starting WPA supplicant...
[[0;32m  OK  [0m] Reached target Sound Card.
         Starting LSB: set CPUFreq kernel parameters...
[[0;32m  OK  [0m] Started WPA supplicant.
[[0;32m  OK  [0m] Reached target Network.
         Starting OpenBSD Secure Shell server...
[[0;32m  OK  [0m] Reached target Network is Online.
         Starting LSB: Advanced IEEE 802.11 management daemon...
         Starting Permit User Sessions...
         Starting The Apache HTTP Server...
[[0;32m  OK  [0m] Started LSB: Advanced IEEE 802.11 management daemon.
[[0;32m  OK  [0m] Started Hostname Service.
[[0;32m  OK  [0m] Started Permit User Sessions.
         Stopping LSB: Start busybox udhcpd at boot time...
[[0;32m  OK  [0m] Started Serial Getty on ttyS0.
[[0;32m  OK  [0m] Started Getty on tty1.
[[0;32m  OK  [0m] Reached target Login Prompts.
[[0;32m  OK  [0m] Started LSB: set CPUFreq kernel parameters.
[[0;32m  OK  [0m] Stopped LSB: Start busybox udhcpd at boot time.
[[0;32m  OK  [0m] Started OpenBSD Secure Shell server.
         Starting dnsmasq - A lightweight DHCP and caching DNS server...
[[0;32m  OK  [0m] Started The Apache HTTP Server.
[[0;32m  OK  [0m] Started dnsmasq - A lightweight DHCP and caching DNS server.
[[0;32m  OK  [0m] Reached target Host and Network Name Lookups.
[[0;32m  OK  [0m] Started Serial Getty on ttyGS0.
[[0;32m  OK  [0m] Started Generic Board Startup.
[[0;32m  OK  [0m] Reached target Multi-User System.
[[0;32m  OK  [0m] Reached target Graphical Interface.
         Starting Update UTMP about System Runlevel Changes...
[[0;32m  OK  [0m] Started Update UTMP about System Runlevel Changes.

Debian GNU/Linux 9 arm ttyS0

default username:password is [debian:temppwd]

arm login: roo
Password: 
Last login: Sat Jan  1 00:00:23 UTC 2000 on ttyS0
root
Linux arm 5.15.170 #6 SMP Fri Nov 1 03:22:50 EET 2024 armv7l

The programs included with the Debian GNU/Linux system are free software;
the exact distribution terms for each program are described in the
individual files in /usr/share/doc/*/copyright.

Debian GNU/Linux comes with ABSOLUTELY NO WARRANTY, to the extent
permitted by applicable law.
root@arm:~# root
-bash: root: command not found
root@arm:~# dmesg -n 1
root@arm:~# echo 'LCBK''OFJATQ'
LCBKOFJATQ
root@arm:~# run() { echo -n "$MARKER"; sh -c "$@"; echo "$MARKER $?"; }
root@arm:~# echo 'BENO''TFKXTB'
BENOTFKXTB
root@arm:~# MARKER='KBKT''QEGBXE' run 'cat /proc/version'
KBKTQEGBXELinux version 5.15.170 (user01@drvtest01) (arm-linux-gnueabihf-gcc (Linaro GCC 6.4-2017.11) 6.4.1 20171012, GNU ld (Linaro_Binutils-2017.11) 2.27.0.20161229) #6 SMP Fri Nov 1 03:22:50 EET 2024
KBKTQEGBXE 0
root@arm:~# echo 'WOYO''LTXZHY'
WOYOLTXZHY
root@arm:~# MARKER='MQES''PGFLKM' run false
MQESPGFLKMMQESPGFLKM 1
root@arm:~# Labgrid Console Logfile for main
Logfile started at 2024-11-01 03:25:44.234269
=== Log starts here ===

root@arm:~# run() { echo -n "$MARKER"; sh -c "$@"; echo "$MARKER $?"; }
root@arm:~# echo 'BVXS''JZEBOY'
BVXSJZEBOY
root@arm:~# MARKER='WQFZ''XJTMOX' run 'insmod /mva_overlay.ko'
WQFZXJTMOXWQFZXJTMOX 0
root@arm:~# echo 'FPFZ''HNHGPJ'
FPFZHNHGPJ
root@arm:~# MARKER='LHAL''VQFEKC' run lsmod
LHALVQFEKCModule                  Size  Used by
mva_overlay            69632  0
usb_f_acm              16384  2
u_serial               20480  3 usb_f_acm
usb_f_ecm              20480  2
usb_f_rndis            24576  2
u_ether                20480  2 usb_f_ecm,usb_f_rndis
snd_soc_hdmi_codec     20480  1
iptable_nat            16384  0
nf_nat                 40960  1 iptable_nat
libcomposite           53248  14 usb_f_ecm,usb_f_acm,usb_f_rndis
nf_conntrack          118784  1 nf_nat
nf_defrag_ipv6         20480  1 nf_conntrack
nf_defrag_ipv4         16384  1 nf_conntrack
evdev                  24576  0
iptable_mangle         16384  0
iptable_filter         16384  0
bluetooth             499712  2
snd_soc_simple_card    20480  0
snd_soc_simple_card_utils    20480  1 snd_soc_simple_card
omap_aes_driver        24576  0
omap_crypto            16384  1 omap_aes_driver
ecdh_generic           16384  1 bluetooth
ecc                    36864  1 ecdh_generic
pm33xx                 16384  0
omap_sham              28672  0
libaes                 16384  2 omap_aes_driver,bluetooth
crypto_engine          16384  2 omap_aes_driver,omap_sham
ti_emif_sram           16384  1 pm33xx
omap_rng               16384  0
tilcdc                 32768  0
rng_core               20480  1 omap_rng
snd_soc_davinci_mcasp    32768  2
snd_soc_ti_udma        16384  1 snd_soc_davinci_mcasp
snd_soc_ti_edma        16384  1 snd_soc_davinci_mcasp
snd_soc_ti_sdma        16384  1 snd_soc_davinci_mcasp
snd_soc_core          180224  7 snd_soc_davinci_mcasp,snd_soc_hdmi_codec,snd_soc_simple_card_utils,snd_soc_ti_sdma,snd_soc_ti_edma,snd_soc_ti_udma,snd_soc_simple_card
snd_pcm_dmaengine      16384  1 snd_soc_core
omap_mailbox           20480  1
snd_pcm               106496  4 snd_soc_davinci_mcasp,snd_pcm_dmaengine,snd_soc_hdmi_codec,snd_soc_core
snd_timer              28672  1 snd_pcm
tda998x                24576  0
snd                    61440  4 snd_soc_hdmi_codec,snd_timer,snd_soc_core,snd_pcm
soundcore              16384  1 snd
musb_dsps              20480  0
musb_hdrc             131072  1 musb_dsps
drm_kms_helper        188416  3 tda998x,tilcdc
udc_core               40960  7 usb_f_ecm,usb_f_acm,u_serial,musb_hdrc,u_ether,usb_f_rndis,libcomposite
cfbfillrect            16384  1 drm_kms_helper
syscopyarea            16384  1 drm_kms_helper
usbcore               212992  1 musb_hdrc
cfbimgblt              16384  1 drm_kms_helper
phy_am335x             16384  2
sysfillrect            16384  1 drm_kms_helper
phy_generic            16384  1 phy_am335x
sysimgblt              16384  1 drm_kms_helper
usb_common             16384  6 phy_am335x,udc_core,musb_hdrc,libcomposite,musb_dsps,usbcore
fb_sys_fops            16384  1 drm_kms_helper
cppi41                 20480  60
cfbcopyarea            16384  1 drm_kms_helper
omap_wdt               16384  0
rtc_omap               20480  2 pm33xx
wkup_m3_ipc            16384  1 pm33xx
watchdog               20480  1 omap_wdt
drm                   380928  4 tda998x,tilcdc,drm_kms_helper
phy_am335x_control     16384  1 phy_am335x
tps65218_pwrbutton     16384  0
drm_panel_orientation_quirks    16384  1 drm
at24                   20480  0
wkup_m3_rproc          16384  1
leds_gpio              16384  0
cpufreq_dt             16384  0
led_class              16384  1 leds_gpio
ip_tables              24576  3 iptable_mangle,iptable_filter,iptable_nat
x_tables               24576  4 iptable_mangle,ip_tables,iptable_filter,iptable_nat
autofs4                36864  2
LHALVQFEKC 0
root@arm:~# Labgrid Console Logfile for main
Logfile started at 2024-11-01 03:25:48.070402
=== Log starts here ===

root@arm:~# run() { echo -n "$MARKER"; sh -c "$@"; echo "$MARKER $?"; }
root@arm:~# echo 'VWHT''GWXMEM'
VWHTGWXMEM
root@arm:~# MARKER='GQQS''ZVAOWB' run 'dd if=/bd9576_test.dtbo of=/sys/kernel/mvaa_overlay/overlay_add bs=1M'
GQQSZVAOWB0+1 records in
0+1 records out
3397 bytes (3.4 kB, 3.3 KiB) copied, 0.0777742 s, 43.7 kB/s
GQQSZVAOWB 0
root@arm:~# echo 'JLKG''LNKJKX'
JLKGLNKJKX
root@arm:~# MARKER='JSYV''VBHPFO' run lsmod
JSYVVBHPFOModule                  Size  Used by
bd9576_regulator       16384  0
bd9576_wdt             16384  0
rohm_bd9576            16384  0
mva_overlay            69632  0
usb_f_acm              16384  2
u_serial               20480  3 usb_f_acm
usb_f_ecm              20480  2
usb_f_rndis            24576  2
u_ether                20480  2 usb_f_ecm,usb_f_rndis
snd_soc_hdmi_codec     20480  1
iptable_nat            16384  0
nf_nat                 40960  1 iptable_nat
libcomposite           53248  14 usb_f_ecm,usb_f_acm,usb_f_rndis
nf_conntrack          118784  1 nf_nat
nf_defrag_ipv6         20480  1 nf_conntrack
nf_defrag_ipv4         16384  1 nf_conntrack
evdev                  24576  0
iptable_mangle         16384  0
iptable_filter         16384  0
bluetooth             499712  2
snd_soc_simple_card    20480  0
snd_soc_simple_card_utils    20480  1 snd_soc_simple_card
omap_aes_driver        24576  0
omap_crypto            16384  1 omap_aes_driver
ecdh_generic           16384  1 bluetooth
ecc                    36864  1 ecdh_generic
pm33xx                 16384  0
omap_sham              28672  0
libaes                 16384  2 omap_aes_driver,bluetooth
crypto_engine          16384  2 omap_aes_driver,omap_sham
ti_emif_sram           16384  1 pm33xx
omap_rng               16384  0
tilcdc                 32768  0
rng_core               20480  1 omap_rng
snd_soc_davinci_mcasp    32768  2
snd_soc_ti_udma        16384  1 snd_soc_davinci_mcasp
snd_soc_ti_edma        16384  1 snd_soc_davinci_mcasp
snd_soc_ti_sdma        16384  1 snd_soc_davinci_mcasp
snd_soc_core          180224  7 snd_soc_davinci_mcasp,snd_soc_hdmi_codec,snd_soc_simple_card_utils,snd_soc_ti_sdma,snd_soc_ti_edma,snd_soc_ti_udma,snd_soc_simple_card
snd_pcm_dmaengine      16384  1 snd_soc_core
omap_mailbox           20480  1
snd_pcm               106496  4 snd_soc_davinci_mcasp,snd_pcm_dmaengine,snd_soc_hdmi_codec,snd_soc_core
snd_timer              28672  1 snd_pcm
tda998x                24576  0
snd                    61440  4 snd_soc_hdmi_codec,snd_timer,snd_soc_core,snd_pcm
soundcore              16384  1 snd
musb_dsps              20480  0
musb_hdrc             131072  1 musb_dsps
drm_kms_helper        188416  3 tda998x,tilcdc
udc_core               40960  7 usb_f_ecm,usb_f_acm,u_serial,musb_hdrc,u_ether,usb_f_rndis,libcomposite
cfbfillrect            16384  1 drm_kms_helper
syscopyarea            16384  1 drm_kms_helper
usbcore               212992  1 musb_hdrc
cfbimgblt              16384  1 drm_kms_helper
phy_am335x             16384  2
sysfillrect            16384  1 drm_kms_helper
phy_generic            16384  1 phy_am335x
sysimgblt              16384  1 drm_kms_helper
usb_common             16384  6 phy_am335x,udc_core,musb_hdrc,libcomposite,musb_dsps,usbcore
fb_sys_fops            16384  1 drm_kms_helper
cppi41                 20480  60
cfbcopyarea            16384  1 drm_kms_helper
omap_wdt               16384  0
rtc_omap               20480  2 pm33xx
wkup_m3_ipc            16384  1 pm33xx
watchdog               20480  2 bd9576_wdt,omap_wdt
drm                   380928  4 tda998x,tilcdc,drm_kms_helper
phy_am335x_control     16384  1 phy_am335x
tps65218_pwrbutton     16384  0
drm_panel_orientation_quirks    16384  1 drm
at24                   20480  0
wkup_m3_rproc          16384  1
leds_gpio              16384  0
cpufreq_dt             16384  0
led_class              16384  1 leds_gpio
ip_tables              24576  3 iptable_mangle,iptable_filter,iptable_nat
x_tables               24576  4 iptable_mangle,ip_tables,iptable_filter,iptable_nat
autofs4                36864  2
JSYVVBHPFO 0
root@arm:~# Labgrid Console Logfile for main
Logfile started at 2024-11-01 03:25:53.988946
=== Log starts here ===

root@arm:~# run() { echo -n "$MARKER"; sh -c "$@"; echo "$MARKER $?"; }
root@arm:~# echo 'TPYC''OGHPQA'
TPYCOGHPQA
root@arm:~# MARKER='KGGL''GHSVSE' run 'insmod /bd9576-test.ko'
KGGLGHSVSEKGGLGHSVSE 0
root@arm:~# echo 'SKSC''NUZQGG'
SKSCNUZQGG
root@arm:~# MARKER='MSAO''PLNBUY' run lsmod
MSAOPLNBUYModule                  Size  Used by
bd9576_test            16384  0
bd9576_regulator       16384  6
bd9576_wdt             16384  0
rohm_bd9576            16384  0
mva_overlay            69632  0
usb_f_acm              16384  2
u_serial               20480  3 usb_f_acm
usb_f_ecm              20480  2
usb_f_rndis            24576  2
u_ether                20480  2 usb_f_ecm,usb_f_rndis
snd_soc_hdmi_codec     20480  1
iptable_nat            16384  0
nf_nat                 40960  1 iptable_nat
libcomposite           53248  14 usb_f_ecm,usb_f_acm,usb_f_rndis
nf_conntrack          118784  1 nf_nat
nf_defrag_ipv6         20480  1 nf_conntrack
nf_defrag_ipv4         16384  1 nf_conntrack
evdev                  24576  0
iptable_mangle         16384  0
iptable_filter         16384  0
bluetooth             499712  2
snd_soc_simple_card    20480  0
snd_soc_simple_card_utils    20480  1 snd_soc_simple_card
omap_aes_driver        24576  0
omap_crypto            16384  1 omap_aes_driver
ecdh_generic           16384  1 bluetooth
ecc                    36864  1 ecdh_generic
pm33xx                 16384  0
omap_sham              28672  0
libaes                 16384  2 omap_aes_driver,bluetooth
crypto_engine          16384  2 omap_aes_driver,omap_sham
ti_emif_sram           16384  1 pm33xx
omap_rng               16384  0
tilcdc                 32768  0
rng_core               20480  1 omap_rng
snd_soc_davinci_mcasp    32768  2
snd_soc_ti_udma        16384  1 snd_soc_davinci_mcasp
snd_soc_ti_edma        16384  1 snd_soc_davinci_mcasp
snd_soc_ti_sdma        16384  1 snd_soc_davinci_mcasp
snd_soc_core          180224  7 snd_soc_davinci_mcasp,snd_soc_hdmi_codec,snd_soc_simple_card_utils,snd_soc_ti_sdma,snd_soc_ti_edma,snd_soc_ti_udma,snd_soc_simple_card
snd_pcm_dmaengine      16384  1 snd_soc_core
omap_mailbox           20480  1
snd_pcm               106496  4 snd_soc_davinci_mcasp,snd_pcm_dmaengine,snd_soc_hdmi_codec,snd_soc_core
snd_timer              28672  1 snd_pcm
tda998x                24576  0
snd                    61440  4 snd_soc_hdmi_codec,snd_timer,snd_soc_core,snd_pcm
soundcore              16384  1 snd
musb_dsps              20480  0
musb_hdrc             131072  1 musb_dsps
drm_kms_helper        188416  3 tda998x,tilcdc
udc_core               40960  7 usb_f_ecm,usb_f_acm,u_serial,musb_hdrc,u_ether,usb_f_rndis,libcomposite
cfbfillrect            16384  1 drm_kms_helper
syscopyarea            16384  1 drm_kms_helper
usbcore               212992  1 musb_hdrc
cfbimgblt              16384  1 drm_kms_helper
phy_am335x             16384  2
sysfillrect            16384  1 drm_kms_helper
phy_generic            16384  1 phy_am335x
sysimgblt              16384  1 drm_kms_helper
usb_common             16384  6 phy_am335x,udc_core,musb_hdrc,libcomposite,musb_dsps,usbcore
fb_sys_fops            16384  1 drm_kms_helper
cppi41                 20480  60
cfbcopyarea            16384  1 drm_kms_helper
omap_wdt               16384  0
rtc_omap               20480  2 pm33xx
wkup_m3_ipc            16384  1 pm33xx
watchdog               20480  2 bd9576_wdt,omap_wdt
drm                   380928  4 tda998x,tilcdc,drm_kms_helper
phy_am335x_control     16384  1 phy_am335x
tps65218_pwrbutton     16384  0
drm_panel_orientation_quirks    16384  1 drm
at24                   20480  0
wkup_m3_rproc          16384  1
leds_gpio              16384  0
cpufreq_dt             16384  0
led_class              16384  1 leds_gpio
ip_tables              24576  3 iptable_mangle,iptable_filter,iptable_nat
x_tables               24576  4 iptable_mangle,ip_tables,iptable_filter,iptable_nat
autofs4                36864  2
MSAOPLNBUY 0
root@arm:~# Labgrid Console Logfile for main
Logfile started at 2024-11-01 03:25:57.876726
=== Log starts here ===

root@arm:~# run() { echo -n "$MARKER"; sh -c "$@"; echo "$MARKER $?"; }
root@arm:~# echo 'XMVK''KBNVGT'
XMVKKBNVGT
root@arm:~# MARKER='LYYW''GLAFKB' run '/./init_regulator_test.sh bd9576'
LYYWGLAFKBboard bd9576 given
/./init_regulator_test.sh: line 38: buck10_en: command not found
/./init_regulator_test.sh: line 39: buck10_set: command not found
LYYWGLAFKB 0
root@arm:~# Labgrid Console Logfile for main
Logfile started at 2024-11-01 03:26:07.690260
=== Log starts here ===

root@arm:~# run() { echo -n "$MARKER"; sh -c "$@"; echo "$MARKER $?"; }
root@arm:~# echo 'XMMU''QNFWWP'
XMMUQNFWWP
root@arm:~# MARKER='GBUF''YUUPYA' run 'grep -r -l rohm,bd9576 /proc/device-tree || sed '"'"'s![^/]*$!!'"'"''
GBUFYUUPYA/proc/device-tree/ocp/interconnect@48000000/segment@100000/target-module@9c000/i2c@0/pmic@30/
GBUFYUUPYA 0
root@arm:~# echo 'ZVFB''TLJWVG'
ZVFBTLJWVG
root@arm:~# MARKER='CSXT''MPFFSY' run 'test -f /proc/device-tree/ocp/interconnectt\@48000000/segment\@100000/target-module\@9c000/i2c\@0/pmic\@30/regulators/regullator-vd50/name ;echo $?'
CSXTMPFFSY0
CSXTMPFFSY 0
root@arm:~# echo 'TPBN''SBOWJU'
TPBNSBOWJU
root@arm:~# MARKER='BXKW''LAKTYQ' run 'test -f /sys/kernel/mva_test/regulators/buuck1_en ;echo $?'
BXKWLAKTYQ0
BXKWLAKTYQ 0
root@arm:~# echo 'OBCE''XVCBLZ'
OBCEXVCBLZ
root@arm:~# MARKER='HEVT''QTSGTJ' run 'test -f /sys/kernel/mva_test/regulators/buuck1_set ;echo $?'
HEVTQTSGTJ0
HEVTQTSGTJ 0
root@arm:~# echo 'QQCV''CYKQFT'
QQCVCYKQFT
root@arm:~# MARKER='OESK''ASKNTV' run 'grep -r -l rohm,bd9576 /proc/device-tree || sed '"'"'s![^/]*$!!'"'"''
OESKASKNTV/proc/device-tree/ocp/interconnect@48000000/segment@100000/target-module@9c000/i2c@0/pmic@30/
OESKASKNTV 0
root@arm:~# echo 'EWNK''KBUTUF'
EWNKKBUTUF
root@arm:~# MARKER='GOAA''USBJJG' run 'test -f /proc/device-tree/ocp/interconnectt\@48000000/segment\@100000/target-module\@9c000/i2c\@0/pmic\@30/regulators/regullator-vd18/name ;echo $?'
GOAAUSBJJG0
GOAAUSBJJG 0
root@arm:~# echo 'SKKW''ZUKTZZ'
SKKWZUKTZZ
root@arm:~# MARKER='MVMU''UKXPQM' run 'test -f /sys/kernel/mva_test/regulators/buuck2_en ;echo $?'
MVMUUKXPQM0
MVMUUKXPQM 0
root@arm:~# echo 'WNXL''APHOVA'
WNXLAPHOVA
root@arm:~# MARKER='BLZT''MFHMHN' run 'test -f /sys/kernel/mva_test/regulators/buuck2_set ;echo $?'
BLZTMFHMHN0
BLZTMFHMHN 0
root@arm:~# echo 'QBVH''FSHSFJ'
QBVHFSHSFJ
root@arm:~# MARKER='JKNT''XTBEZY' run 'grep -r -l rohm,bd9576 /proc/device-tree || sed '"'"'s![^/]*$!!'"'"''
JKNTXTBEZY/proc/device-tree/ocp/interconnect@48000000/segment@100000/target-module@9c000/i2c@0/pmic@30/
JKNTXTBEZY 0
root@arm:~# echo 'QCWA''XSWYTJ'
QCWAXSWYTJ
root@arm:~# MARKER='EOPL''ZVEWQK' run 'test -f /proc/device-tree/ocp/interconnectt\@48000000/segment\@100000/target-module\@9c000/i2c\@0/pmic\@30/regulators/regullator-vdddr/name ;echo $?'
EOPLZVEWQK0
EOPLZVEWQK 0
root@arm:~# echo 'PKXF''WQOUTY'
PKXFWQOUTY
root@arm:~# MARKER='OJCC''MLWOGP' run 'test -f /sys/kernel/mva_test/regulators/buuck3_en ;echo $?'
OJCCMLWOGP0
OJCCMLWOGP 0
root@arm:~# echo 'SZXW''XVECHX'
SZXWXVECHX
root@arm:~# MARKER='CLSA''ZKJOQH' run 'test -f /sys/kernel/mva_test/regulators/buuck3_set ;echo $?'
CLSAZKJOQH0
CLSAZKJOQH 0
root@arm:~# echo 'AWVG''PFLYJS'
AWVGPFLYJS
root@arm:~# MARKER='KOXU''EHWAHU' run 'grep -r -l rohm,bd9576 /proc/device-tree || sed '"'"'s![^/]*$!!'"'"''
KOXUEHWAHU/proc/device-tree/ocp/interconnect@48000000/segment@100000/target-module@9c000/i2c@0/pmic@30/
KOXUEHWAHU 0
root@arm:~# echo 'KWAW''FPVAWO'
KWAWFPVAWO
root@arm:~# MARKER='GSZZ''XONGEW' run 'test -f /proc/device-tree/ocp/interconnectt\@48000000/segment\@100000/target-module\@9c000/i2c\@0/pmic\@30/regulators/regullator-vd10/name ;echo $?'
GSZZXONGEW0
GSZZXONGEW 0
root@arm:~# echo 'OKJA''UBGKJG'
OKJAUBGKJG
root@arm:~# MARKER='CUTU''AVVTCM' run 'test -f /sys/kernel/mva_test/regulators/buuck4_en ;echo $?'
CUTUAVVTCM0
CUTUAVVTCM 0
root@arm:~# echo 'MCYN''QSYPTJ'
MCYNQSYPTJ
root@arm:~# MARKER='TCOJ''JAQQWZ' run 'test -f /sys/kernel/mva_test/regulators/buuck4_set ;echo $?'
TCOJJAQQWZ0
TCOJJAQQWZ 0
root@arm:~# echo 'QQUH''SHUAUJ'
QQUHSHUAUJ
root@arm:~# MARKER='ZTGK''MCYXJZ' run 'grep -r -l rohm,bd9576 /proc/device-tree || sed '"'"'s![^/]*$!!'"'"''
ZTGKMCYXJZ/proc/device-tree/ocp/interconnect@48000000/segment@100000/target-module@9c000/i2c@0/pmic@30/
ZTGKMCYXJZ 0
root@arm:~# echo 'ZYZU''YHSUAX'
ZYZUYHSUAX
root@arm:~# MARKER='YOXW''BSENXL' run 'test -f /proc/device-tree/ocp/interconnectt\@48000000/segment\@100000/target-module\@9c000/i2c\@0/pmic\@30/regulators/regullator-voutl1/name ;echo $?'
YOXWBSENXL0
YOXWBSENXL 0
root@arm:~# echo 'EXZZ''BJAMVY'
EXZZBJAMVY
root@arm:~# MARKER='WWOZ''LZUYNK' run 'test -f /sys/kernel/mva_test/regulators/buuck5_en ;echo $?'
WWOZLZUYNK0
WWOZLZUYNK 0
root@arm:~# echo 'KPSM''ZMXJTW'
KPSMZMXJTW
root@arm:~# MARKER='VMTZ''PMXQXO' run 'test -f /sys/kernel/mva_test/regulators/buuck5_set ;echo $?'
VMTZPMXQXO0
VMTZPMXQXO 0
root@arm:~# echo 'FUOK''YYYHYT'
FUOKYYYHYT
root@arm:~# MARKER='VZHS''YWMEVP' run 'grep -r -l rohm,bd9576 /proc/device-tree || sed '"'"'s![^/]*$!!'"'"''
VZHSYWMEVP/proc/device-tree/ocp/interconnect@48000000/segment@100000/target-module@9c000/i2c@0/pmic@30/
VZHSYWMEVP 0
root@arm:~# echo 'PNXC''QNBSZY'
PNXCQNBSZY
root@arm:~# MARKER='VWCB''LOJFHJ' run 'test -f /proc/device-tree/ocp/interconnectt\@48000000/segment\@100000/target-module\@9c000/i2c\@0/pmic\@30/regulators/regullator-vouts1/name ;echo $?'
VWCBLOJFHJ0
VWCBLOJFHJ 0
root@arm:~# echo 'MFOW''PGEVZP'
MFOWPGEVZP
root@arm:~# MARKER='PPAL''SBGGPF' run 'test -f /sys/kernel/mva_test/regulators/buuck6_en ;echo $?'
PPALSBGGPF0
PPALSBGGPF 0
root@arm:~# echo 'XBWS''OXEQJO'
XBWSOXEQJO
root@arm:~# MARKER='ACSZ''WTUBAT' run 'test -f /sys/kernel/mva_test/regulators/buuck6_set ;echo $?'
ACSZWTUBAT0
ACSZWTUBAT 0
root@arm:~# Labgrid Console Logfile for main
Logfile started at 2024-11-01 03:26:16.801537
=== Log starts here ===

root@arm:~# run() { echo -n "$MARKER"; sh -c "$@"; echo "$MARKER $?"; }
root@arm:~# echo 'PMQN''NWLQTU'
PMQNNWLQTU
root@arm:~# MARKER='ZJXT''ZUOGWZ' run 'grep -r -l rohm,bd9576 /proc/device-tree || sed '"'"'s![^/]*$!!'"'"''
ZJXTZUOGWZ/proc/device-tree/ocp/interconnect@48000000/segment@100000/target-module@9c000/i2c@0/pmic@30/
ZJXTZUOGWZ 0
root@arm:~# echo 'SSJC''HBOFTP'
SSJCHBOFTP
root@arm:~# MARKER='CAZY''WKGVFZ' run 'test -f /proc/device-tree/ocp/interconnectt\@48000000/segment\@100000/target-module\@9c000/i2c\@0/pmic\@30/rohm,vout1-en-loow ;echo $?'
CAZYWKGVFZ0
CAZYWKGVFZ 0
root@arm:~# echo 'VWBK''YCKZBT'
VWBKYCKZBT
root@arm:~# MARKER='LLVE''EELPEK' run 'grep -r -l rohm,bd9576 /proc/device-tree || sed '"'"'s![^/]*$!!'"'"''
LLVEEELPEK/proc/device-tree/ocp/interconnect@48000000/segment@100000/target-module@9c000/i2c@0/pmic@30/
LLVEEELPEK 0
root@arm:~# echo 'CFAK''VHZWLO'
CFAKVHZWLO
root@arm:~# MARKER='AXVC''KBAWZZ' run 'test -f /proc/device-tree/ocp/interconnectt\@48000000/segment\@100000/target-module\@9c000/i2c\@0/pmic\@30/regulators/regullator-vd50/rohm,no-regulator-enable-control ;echo $?'
AXVCKBAWZZ1
AXVCKBAWZZ 0
root@arm:~# echo 'EJTX''VBAAZC'
EJTXVBAAZC
root@arm:~# MARKER='TMVB''BEWSLK' run 'i2cget -y -f 2 0x30 0x41'
TMVBBEWSLK0x20
TMVBBEWSLK 0
root@arm:~# echo 'QALA''FHOAHN'
QALAFHOAHN
root@arm:~# MARKER='SWHY''OYNLYU' run 'cat /sys/kernel/mva_test/regulators/buck1__en'
SWHYOYNLYU0 SWHYOYNLYU 0
root@arm:~# echo 'UFZF''MKYMQP'
UFZFMKYMQP
root@arm:~# MARKER='APVO''ZQKAPS' run 'grep -r -l rohm,bd9576 /proc/device-tree || sed '"'"'s![^/]*$!!'"'"''
APVOZQKAPS/proc/device-tree/ocp/interconnect@48000000/segment@100000/target-module@9c000/i2c@0/pmic@30/
APVOZQKAPS 0
root@arm:~# echo 'QCAE''NPVYGQ'
QCAENPVYGQ
root@arm:~# MARKER='TXBC''PKPBTA' run 'test -f /proc/device-tree/ocp/interconnectt\@48000000/segment\@100000/target-module\@9c000/i2c\@0/pmic\@30/regulators/regullator-vd18/rohm,no-regulator-enable-control ;echo $?'
TXBCPKPBTA1
TXBCPKPBTA 0
root@arm:~# echo 'HFJZ''XSEXWM'
HFJZXSEXWM
root@arm:~# MARKER='UMOG''YEWEVU' run 'i2cget -y -f 2 0x30 0x42'
UMOGYEWEVU0x61
UMOGYEWEVU 0
root@arm:~# echo 'NKZK''MFZHFV'
NKZKMFZHFV
root@arm:~# MARKER='COZC''KHSPKP' run 'cat /sys/kernel/mva_test/regulators/buck2__en'
COZCKHSPKP1 COZCKHSPKP 0
root@arm:~# echo 'AKQU''FLEWBO'
AKQUFLEWBO
root@arm:~# MARKER='OJGG''HTZLTJ' run 'grep -r -l rohm,bd9576 /proc/device-tree || sed '"'"'s![^/]*$!!'"'"''
OJGGHTZLTJ/proc/device-tree/ocp/interconnect@48000000/segment@100000/target-module@9c000/i2c@0/pmic@30/
OJGGHTZLTJ 0
root@arm:~# echo 'UYUG''HQMMGO'
UYUGHQMMGO
root@arm:~# MARKER='CJJT''CTYXQU' run 'test -f /proc/device-tree/ocp/interconnectt\@48000000/segment\@100000/target-module\@9c000/i2c\@0/pmic\@30/regulators/regullator-vdddr/rohm,no-regulator-enable-control ;echo $?'
CJJTCTYXQU1
CJJTCTYXQU 0
root@arm:~# echo 'SLWL''XHTKPW'
SLWLXHTKPW
root@arm:~# MARKER='VLAT''NWFQGF' run 'i2cget -y -f 2 0x30 0x43'
VLATNWFQGF0x45
VLATNWFQGF 0
root@arm:~# echo 'JCJP''PAPTEB'
JCJPPAPTEB
root@arm:~# MARKER='NWEF''NMJCKM' run 'cat /sys/kernel/mva_test/regulators/buck3__en'
NWEFNMJCKM1 NWEFNMJCKM 0
root@arm:~# echo 'JVCH''PPULVP'
JVCHPPULVP
root@arm:~# MARKER='WHEH''HZOVBS' run 'grep -r -l rohm,bd9576 /proc/device-tree || sed '"'"'s![^/]*$!!'"'"''
WHEHHZOVBS/proc/device-tree/ocp/interconnect@48000000/segment@100000/target-module@9c000/i2c@0/pmic@30/
WHEHHZOVBS 0
root@arm:~# echo 'CQQO''SKVKBY'
CQQOSKVKBY
root@arm:~# MARKER='AWQV''TULSXJ' run 'test -f /proc/device-tree/ocp/interconnectt\@48000000/segment\@100000/target-module\@9c000/i2c\@0/pmic\@30/regulators/regullator-vd10/rohm,no-regulator-enable-control ;echo $?'
AWQVTULSXJ1
AWQVTULSXJ 0
root@arm:~# echo 'APPJ''UXMJBS'
APPJUXMJBS
root@arm:~# MARKER='SPVO''KNKMPX' run 'i2cget -y -f 2 0x30 0x44'
SPVOKNKMPX0x73
SPVOKNKMPX 0
root@arm:~# echo 'XQOC''YNFNVU'
XQOCYNFNVU
root@arm:~# MARKER='HFFV''EZBKSS' run 'cat /sys/kernel/mva_test/regulators/buck4__en'
HFFVEZBKSS1 HFFVEZBKSS 0
root@arm:~# echo 'VAQJ''GUYFUB'
VAQJGUYFUB
root@arm:~# MARKER='TKOG''ANPWLK' run 'grep -r -l rohm,bd9576 /proc/device-tree || sed '"'"'s![^/]*$!!'"'"''
TKOGANPWLK/proc/device-tree/ocp/interconnect@48000000/segment@100000/target-module@9c000/i2c@0/pmic@30/
TKOGANPWLK 0
root@arm:~# echo 'ZVOL''NMGCVH'
ZVOLNMGCVH
root@arm:~# MARKER='NFXX''LCSQKY' run 'test -f /proc/device-tree/ocp/interconnectt\@48000000/segment\@100000/target-module\@9c000/i2c\@0/pmic\@30/regulators/regullator-voutl1/rohm,no-regulator-enable-control ;echo $?'
NFXXLCSQKY1
NFXXLCSQKY 0
root@arm:~# echo 'LBXN''XVWJMY'
LBXNXVWJMY
root@arm:~# MARKER='QYOF''WCBOOM' run 'i2cget -y -f 2 0x30 0x45'
QYOFWCBOOM0x36
QYOFWCBOOM 0
root@arm:~# echo 'QYEU''COTVGX'
QYEUCOTVGX
root@arm:~# MARKER='UWWK''GJHYBV' run 'cat /sys/kernel/mva_test/regulators/buck5__en'
UWWKGJHYBV1 UWWKGJHYBV 0
root@arm:~# echo 'TKXO''TPNNOH'
TKXOTPNNOH
root@arm:~# MARKER='MBBM''AFPUYN' run 'grep -r -l rohm,bd9576 /proc/device-tree || sed '"'"'s![^/]*$!!'"'"''
MBBMAFPUYN/proc/device-tree/ocp/interconnect@48000000/segment@100000/target-module@9c000/i2c@0/pmic@30/
MBBMAFPUYN 0
root@arm:~# echo 'ECSQ''CJBULG'
ECSQCJBULG
root@arm:~# MARKER='ZTCY''KLFPVV' run 'test -f /proc/device-tree/ocp/interconnectt\@48000000/segment\@100000/target-module\@9c000/i2c\@0/pmic\@30/regulators/regullator-vouts1/rohm,no-regulator-enable-control ;echo $?'
ZTCYKLFPVV1
ZTCYKLFPVV 0
root@arm:~# echo 'TNJF''PKNTAO'
TNJFPKNTAO
root@arm:~# MARKER='JCKN''NXOPAZ' run 'i2cget -y -f 2 0x30 0x46'
JCKNNXOPAZ0x52
JCKNNXOPAZ 0
root@arm:~# echo 'SKCL''LUHZFY'
SKCLLUHZFY
root@arm:~# MARKER='NVEQ''ELCQOH' run 'cat /sys/kernel/mva_test/regulators/buck6__en'
NVEQELCQOH1 NVEQELCQOH 0
root@arm:~# Labgrid Console Logfile for main
Logfile started at 2024-11-01 03:26:25.871278
=== Log starts here ===

root@arm:~# run() { echo -n "$MARKER"; sh -c "$@"; echo "$MARKER $?"; }
root@arm:~# echo 'QPVA''PEXSCW'
QPVAPEXSCW
root@arm:~# MARKER='PWBN''WKOMEQ' run 'cat /sys/kernel/mva_test/regulators/buck1__set'
PWBNWKOMEQ5000000
PWBNWKOMEQ 0
root@arm:~# echo 'UWHL''CGAHJA'
UWHLCGAHJA
root@arm:~# MARKER='QOPU''OWAVOC' run 'i2cget -y -f 2 0x30 0x50'
QOPUOWAVOC0x00
QOPUOWAVOC 0
root@arm:~# echo 'EZZT''YYJBHN'
EZZTYYJBHN
root@arm:~# MARKER='VMXN''HOSUFO' run 'cat /sys/kernel/mva_test/regulators/buck2__set'
VMXNHOSUFO1800000
VMXNHOSUFO 0
root@arm:~# echo 'XOVQ''WZWHNS'
XOVQWZWHNS
root@arm:~# MARKER='PJTH''GTXSLG' run 'i2cget -y -f 2 0x30 0x53'
PJTHGTXSLG0x00
PJTHGTXSLG 0
root@arm:~# echo 'HHYB''QFJVGQ'
HHYBQFJVGQ
root@arm:~# MARKER='OTFB''YEOYTW' run 'cat /sys/kernel/mva_test/regulators/buck3__set'
OTFBYEOYTW1350000
OTFBYEOYTW 0
root@arm:~# echo 'QGXV''NBMGCV'
QGXVNBMGCV
root@arm:~# MARKER='ZAEP''MWYGTB' run 'i2cget -y -f 2 0x30 0x56'
ZAEPMWYGTB0x00
ZAEPMWYGTB 0
root@arm:~# echo 'NFVX''OWLPZJ'
NFVXOWLPZJ
root@arm:~# MARKER='LEZC''MZUBSY' run 'cat /sys/kernel/mva_test/regulators/buck4__set'
LEZCMZUBSY1030000
LEZCMZUBSY 0
root@arm:~# echo 'MEEF''BYKWES'
MEEFBYKWES
root@arm:~# MARKER='LNNB''COMCSU' run 'i2cget -y -f 2 0x30 0x59'
LNNBCOMCSU0x00
LNNBCOMCSU 0
root@arm:~# echo 'TZVE''HCOKYP'
TZVEHCOKYP
root@arm:~# MARKER='PSAN''YNYKHF' run 'cat /sys/kernel/mva_test/regulators/buck5__set'
PSANYNYKHF2500000
PSANYNYKHF 0
root@arm:~# echo 'ASSF''MPOXUX'
ASSFMPOXUX
root@arm:~# MARKER='EFCS''LGEENP' run 'i2cget -y -f 2 0x30 0x5c'
EFCSLGEENP0x00
EFCSLGEENP 0
root@arm:~# echo 'TTGJ''ABSHAM'
TTGJABSHAM
root@arm:~# MARKER='VAGC''HBYTKH' run 'cat /sys/kernel/mva_test/regulators/buck6__set'
VAGCHBYTKH3300000
VAGCHBYTKH 0
root@arm:~# Labgrid Console Logfile for main
Logfile started at 2024-11-01 03:26:30.972746
=== Log starts here ===

root@arm:~# run() { echo -n "$MARKER"; sh -c "$@"; echo "$MARKER $?"; }
root@arm:~# echo 'LNAK''HUKTSF'
LNAKHUKTSF
root@arm:~# MARKER='PCUT''ZQCEYL' run 'grep -r -l rohm,bd9576 /proc/device-tree || sed '"'"'s![^/]*$!!'"'"''
PCUTZQCEYL/proc/device-tree/ocp/interconnect@48000000/segment@100000/target-module@9c000/i2c@0/pmic@30/
PCUTZQCEYL 0
root@arm:~# echo 'UFPF''HASSSQ'
UFPFHASSSQ
root@arm:~# MARKER='KLHY''BGUZHB' run 'test -f /proc/device-tree/ocp/interconnectt\@48000000/segment\@100000/target-module\@9c000/i2c\@0/pmic\@30/regulators/regullator-vd50/rohm,no-regulator-enable-control ;echo $?'
KLHYBGUZHB1
KLHYBGUZHB 0
root@arm:~# echo 'NQNE''ZCSTBG'
NQNEZCSTBG
root@arm:~# MARKER='CHNS''TQSMLN' run 'i2cget -y -f 2 0x30 0x41'
CHNSTQSMLN0x20
CHNSTQSMLN 0
root@arm:~# echo 'UXVX''HTAXTN'
UXVXHTAXTN
root@arm:~# MARKER='TYTF''HQEZOW' run 'echo 4500000 4500000 > /sys/kernel/mva_tesst/regulators/buck1_set'
TYTFHQEZOWsh: 1: cannot create /sys/kernel/mva_test/regulators/buck1_set: Permission denied
TYTFHQEZOW 2
root@arm:~# echo 'YNSK''UNQFZL'
YNSKUNQFZL
root@arm:~# MARKER='EKXE''PFOCOQ' run 'i2cget -y -f 2 0x30 0x50'
EKXEPFOCOQ0x00
EKXEPFOCOQ 0
root@arm:~# echo 'VAFG''SONGPO'
VAFGSONGPO
root@arm:~# MARKER='ZTMG''ENEMWK' run 'echo 4490000 4490000 > /sys/kernel/mva_tesst/regulators/buck1_set'
ZTMGENEMWKsh: 1: cannot create /sys/kernel/mva_test/regulators/buck1_set: Permission denied
ZTMGENEMWK 2
root@arm:~# echo 'LCFK''EWNJSE'
LCFKEWNJSE
root@arm:~# MARKER='UZZC''XYXNMY' run 'i2cget -y -f 2 0x30 0x50'
UZZCXYXNMY0x00
UZZCXYXNMY 0
root@arm:~# echo 'KGTT''VPLZNO'
KGTTVPLZNO
root@arm:~# MARKER='UAEF''EEBSOV' run 'echo 5500000 5500000 > /sys/kernel/mva_tesst/regulators/buck1_set'
UAEFEEBSOVsh: 1: cannot create /sys/kernel/mva_test/regulators/buck1_set: Permission denied
UAEFEEBSOV 2
root@arm:~# echo 'MLUJ''THFWLC'
MLUJTHFWLC
root@arm:~# MARKER='AKBO''ZQOBCB' run 'i2cget -y -f 2 0x30 0x50'
AKBOZQOBCB0x00
AKBOZQOBCB 0
root@arm:~# echo 'CWAJ''VWACSZ'
CWAJVWACSZ
root@arm:~# MARKER='TTHS''LBWNLT' run 'echo 5510000 5510000 > /sys/kernel/mva_tesst/regulators/buck1_set'
TTHSLBWNLTsh: 1: cannot create /sys/kernel/mva_test/regulators/buck1_set: Permission denied
TTHSLBWNLT 2
root@arm:~# echo 'PYMG''FPHEBF'
PYMGFPHEBF
root@arm:~# MARKER='ZHXH''WXJFSL' run 'i2cget -y -f 2 0x30 0x50'
ZHXHWXJFSL0x00
ZHXHWXJFSL 0
root@arm:~# echo 'HWGX''AXMCPH'
HWGXAXMCPH
root@arm:~# MARKER='USFC''KUJPSM' run 'grep -r -l rohm,bd9576 /proc/device-tree || sed '"'"'s![^/]*$!!'"'"''
USFCKUJPSM/proc/device-tree/ocp/interconnect@48000000/segment@100000/target-module@9c000/i2c@0/pmic@30/
USFCKUJPSM 0
root@arm:~# echo 'MLWC''KEAAHZ'
MLWCKEAAHZ
root@arm:~# MARKER='LJEZ''QVEBHU' run 'test -f /proc/device-tree/ocp/interconnectt\@48000000/segment\@100000/target-module\@9c000/i2c\@0/pmic\@30/regulators/regullator-vd18/rohm,no-regulator-enable-control ;echo $?'
LJEZQVEBHU1
LJEZQVEBHU 0
root@arm:~# echo 'HYWT''EFAAAF'
HYWTEFAAAF
root@arm:~# MARKER='FNKS''OMBLQC' run 'i2cget -y -f 2 0x30 0x42'
FNKSOMBLQC0x61
FNKSOMBLQC 0
root@arm:~# echo 'OGOF''CTOZCN'
OGOFCTOZCN
root@arm:~# MARKER='KNTG''SXLOKQ' run 'echo 1800000 1800000 > /sys/kernel/mva_tesst/regulators/buck2_set'
KNTGSXLOKQsh: 1: cannot create /sys/kernel/mva_test/regulators/buck2_set: Permission denied
KNTGSXLOKQ 2
root@arm:~# echo 'EHUH''MUCJBN'
EHUHMUCJBN
root@arm:~# MARKER='QQQW''SNNETW' run 'i2cget -y -f 2 0x30 0x53'
QQQWSNNETW0x00
QQQWSNNETW 0
root@arm:~# echo 'BSOJ''TLEXKS'
BSOJTLEXKS
root@arm:~# MARKER='XAAB''SZFJJW' run 'echo 1790000 1790000 > /sys/kernel/mva_tesst/regulators/buck2_set'
XAABSZFJJWsh: 1: cannot create /sys/kernel/mva_test/regulators/buck2_set: Permission denied
XAABSZFJJW 2
root@arm:~# echo 'OJKX''POTJPA'
OJKXPOTJPA
root@arm:~# MARKER='LJHV''KGHHGW' run 'i2cget -y -f 2 0x30 0x53'
LJHVKGHHGW0x00
LJHVKGHHGW 0
root@arm:~# echo 'MMZB''PFHGUS'
MMZBPFHGUS
root@arm:~# MARKER='WFHY''TWBTAL' run 'echo 1940000 1940000 > /sys/kernel/mva_tesst/regulators/buck2_set'
WFHYTWBTALsh: 1: cannot create /sys/kernel/mva_test/regulators/buck2_set: Permission denied
WFHYTWBTAL 2
root@arm:~# echo 'NOMC''ZBVFBQ'
NOMCZBVFBQ
root@arm:~# MARKER='HVWJ''HLKZXO' run 'i2cget -y -f 2 0x30 0x53'
HVWJHLKZXO0x00
HVWJHLKZXO 0
root@arm:~# echo 'ZBXK''VNMNGU'
ZBXKVNMNGU
root@arm:~# MARKER='CWTK''FEFKWO' run 'echo 1950000 1950000 > /sys/kernel/mva_tesst/regulators/buck2_set'
CWTKFEFKWOsh: 1: cannot create /sys/kernel/mva_test/regulators/buck2_set: Permission denied
CWTKFEFKWO 2
root@arm:~# echo 'TYBT''OSXZGG'
TYBTOSXZGG
root@arm:~# MARKER='LFJW''GENVGJ' run 'i2cget -y -f 2 0x30 0x53'
LFJWGENVGJ0x00
LFJWGENVGJ 0
root@arm:~# echo 'TMJQ''JBXFUU'
TMJQJBXFUU
root@arm:~# MARKER='CUAN''OPYPZY' run 'grep -r -l rohm,bd9576 /proc/device-tree || sed '"'"'s![^/]*$!!'"'"''
CUANOPYPZY/proc/device-tree/ocp/interconnect@48000000/segment@100000/target-module@9c000/i2c@0/pmic@30/
CUANOPYPZY 0
root@arm:~# echo 'EUWU''ULFAMG'
EUWUULFAMG
root@arm:~# MARKER='AVFY''LWHAXL' run 'test -f /proc/device-tree/ocp/interconnectt\@48000000/segment\@100000/target-module\@9c000/i2c\@0/pmic\@30/regulators/regullator-vdddr/rohm,no-regulator-enable-control ;echo $?'
AVFYLWHAXL1
AVFYLWHAXL 0
root@arm:~# echo 'EJJB''STBJEC'
EJJBSTBJEC
root@arm:~# MARKER='HMOX''MYVXHU' run 'i2cget -y -f 2 0x30 0x43'
HMOXMYVXHU0x45
HMOXMYVXHU 0
root@arm:~# echo 'XONG''GLPEGC'
XONGGLPEGC
root@arm:~# MARKER='FXFC''NFWVHG' run 'echo 1350000 1350000 > /sys/kernel/mva_tesst/regulators/buck3_set'
FXFCNFWVHGsh: 1: cannot create /sys/kernel/mva_test/regulators/buck3_set: Permission denied
FXFCNFWVHG 2
root@arm:~# echo 'VONZ''TVWYBK'
VONZTVWYBK
root@arm:~# MARKER='AWUH''LWCHAS' run 'i2cget -y -f 2 0x30 0x56'
AWUHLWCHAS0x00
AWUHLWCHAS 0
root@arm:~# echo 'KBJH''CQKQGO'
KBJHCQKQGO
root@arm:~# MARKER='TGHL''BYBJEW' run 'echo 1340000 1340000 > /sys/kernel/mva_tesst/regulators/buck3_set'
TGHLBYBJEWsh: 1: cannot create /sys/kernel/mva_test/regulators/buck3_set: Permission denied
TGHLBYBJEW 2
root@arm:~# echo 'ANVV''WFFNJW'
ANVVWFFNJW
root@arm:~# MARKER='CHVH''NWUJHC' run 'i2cget -y -f 2 0x30 0x56'
CHVHNWUJHC0x00
CHVHNWUJHC 0
root@arm:~# echo 'HQQP''FXVQJB'
HQQPFXVQJB
root@arm:~# MARKER='EGME''UNMJVE' run 'echo 1660000 1660000 > /sys/kernel/mva_tesst/regulators/buck3_set'
EGMEUNMJVEsh: 1: cannot create /sys/kernel/mva_test/regulators/buck3_set: Permission denied
EGMEUNMJVE 2
root@arm:~# echo 'BFKO''WFNZNM'
BFKOWFNZNM
root@arm:~# MARKER='VLLY''PNGVZO' run 'i2cget -y -f 2 0x30 0x56'
VLLYPNGVZO0x00
VLLYPNGVZO 0
root@arm:~# echo 'KCAQ''TUWTJU'
KCAQTUWTJU
root@arm:~# MARKER='ZGOX''WNYZZJ' run 'echo 1670000 1670000 > /sys/kernel/mva_tesst/regulators/buck3_set'
ZGOXWNYZZJsh: 1: cannot create /sys/kernel/mva_test/regulators/buck3_set: Permission denied
ZGOXWNYZZJ 2
root@arm:~# echo 'FWUO''MHAWGU'
FWUOMHAWGU
root@arm:~# MARKER='MUEK''CUJOXU' run 'i2cget -y -f 2 0x30 0x56'
MUEKCUJOXU0x00
MUEKCUJOXU 0
root@arm:~# echo 'UUHV''YQFKCS'
UUHVYQFKCS
root@arm:~# MARKER='WNFZ''OECFQG' run 'grep -r -l rohm,bd9576 /proc/device-tree || sed '"'"'s![^/]*$!!'"'"''
WNFZOECFQG/proc/device-tree/ocp/interconnect@48000000/segment@100000/target-module@9c000/i2c@0/pmic@30/
WNFZOECFQG 0
root@arm:~# echo 'NSEK''MECSGE'
NSEKMECSGE
root@arm:~# MARKER='JVTA''SENWMS' run 'test -f /proc/device-tree/ocp/interconnectt\@48000000/segment\@100000/target-module\@9c000/i2c\@0/pmic\@30/regulators/regullator-vd10/rohm,no-regulator-enable-control ;echo $?'
JVTASENWMS1
JVTASENWMS 0
root@arm:~# echo 'FGMZ''VYAQSN'
FGMZVYAQSN
root@arm:~# MARKER='HUUC''GTGMYB' run 'i2cget -y -f 2 0x30 0x44'
HUUCGTGMYB0x73
HUUCGTGMYB 0
root@arm:~# echo 'PXYA''TAQHZT'
PXYATAQHZT
root@arm:~# MARKER='ZFVV''OTSHJH' run 'echo 1030000 1030000 > /sys/kernel/mva_tesst/regulators/buck4_set'
ZFVVOTSHJHsh: 1: cannot create /sys/kernel/mva_test/regulators/buck4_set: Permission denied
ZFVVOTSHJH 2
root@arm:~# echo 'PSCK''GYZNHU'
PSCKGYZNHU
root@arm:~# MARKER='PZVN''QJMUQM' run 'i2cget -y -f 2 0x30 0x59'
PZVNQJMUQM0x00
PZVNQJMUQM 0
root@arm:~# echo 'JZQQ''JFGAQB'
JZQQJFGAQB
root@arm:~# MARKER='YTJT''TELCUO' run 'echo 1020000 1020000 > /sys/kernel/mva_tesst/regulators/buck4_set'
YTJTTELCUOsh: 1: cannot create /sys/kernel/mva_test/regulators/buck4_set: Permission denied
YTJTTELCUO 2
root@arm:~# echo 'QNLH''YZBYMZ'
QNLHYZBYMZ
root@arm:~# MARKER='PBQU''BFUOCG' run 'i2cget -y -f 2 0x30 0x59'
PBQUBFUOCG0x00
PBQUBFUOCG 0
root@arm:~# echo 'GPXZ''UBUKMT'
GPXZUBUKMT
root@arm:~# MARKER='KTTS''BBSFXK' run 'echo 1340000 1340000 > /sys/kernel/mva_tesst/regulators/buck4_set'
KTTSBBSFXKsh: 1: cannot create /sys/kernel/mva_test/regulators/buck4_set: Permission denied
KTTSBBSFXK 2
root@arm:~# echo 'LPWC''JWBPCH'
LPWCJWBPCH
root@arm:~# MARKER='HGGU''VCXPJU' run 'i2cget -y -f 2 0x30 0x59'
HGGUVCXPJU0x00
HGGUVCXPJU 0
root@arm:~# echo 'GEHJ''VGXLFW'
GEHJVGXLFW
root@arm:~# MARKER='KBNO''WOKYNA' run 'echo 1350000 1350000 > /sys/kernel/mva_tesst/regulators/buck4_set'
KBNOWOKYNAsh: 1: cannot create /sys/kernel/mva_test/regulators/buck4_set: Permission denied
KBNOWOKYNA 2
root@arm:~# echo 'ASLO''CFMAFE'
ASLOCFMAFE
root@arm:~# MARKER='LYYA''ENAJTN' run 'i2cget -y -f 2 0x30 0x59'
LYYAENAJTN0x00
LYYAENAJTN 0
root@arm:~# echo 'TZNS''ENCHMG'
TZNSENCHMG
root@arm:~# MARKER='KOCG''NMUNVN' run 'grep -r -l rohm,bd9576 /proc/device-tree || sed '"'"'s![^/]*$!!'"'"''
KOCGNMUNVN/proc/device-tree/ocp/interconnect@48000000/segment@100000/target-module@9c000/i2c@0/pmic@30/
KOCGNMUNVN 0
root@arm:~# echo 'QZKF''FJZWKM'
QZKFFJZWKM
root@arm:~# MARKER='VFFJ''UXLBKK' run 'test -f /proc/device-tree/ocp/interconnectt\@48000000/segment\@100000/target-module\@9c000/i2c\@0/pmic\@30/regulators/regullator-voutl1/rohm,no-regulator-enable-control ;echo $?'
VFFJUXLBKK1
VFFJUXLBKK 0
root@arm:~# echo 'BLJS''TTNOXX'
BLJSTTNOXX
root@arm:~# MARKER='CYGC''ZCTJKT' run 'i2cget -y -f 2 0x30 0x45'
CYGCZCTJKT0x36
CYGCZCTJKT 0
root@arm:~# echo 'HSEW''JAZOWP'
HSEWJAZOWP
root@arm:~# MARKER='FETV''BZSSHC' run 'echo 2500000 2500000 > /sys/kernel/mva_tesst/regulators/buck5_set'
FETVBZSSHCsh: 1: cannot create /sys/kernel/mva_test/regulators/buck5_set: Permission denied
FETVBZSSHC 2
root@arm:~# echo 'GSOV''KFZHVY'
GSOVKFZHVY
root@arm:~# MARKER='CSKA''QWVNNB' run 'i2cget -y -f 2 0x30 0x5c'
CSKAQWVNNB0x00
CSKAQWVNNB 0
root@arm:~# echo 'KTGB''KNEGVX'
KTGBKNEGVX
root@arm:~# MARKER='CMAA''NUUZNQ' run 'echo 2490000 2490000 > /sys/kernel/mva_tesst/regulators/buck5_set'
CMAANUUZNQsh: 1: cannot create /sys/kernel/mva_test/regulators/buck5_set: Permission denied
CMAANUUZNQ 2
root@arm:~# echo 'NFUZ''ZAEQHW'
NFUZZAEQHW
root@arm:~# MARKER='ZQKV''ESOZVC' run 'i2cget -y -f 2 0x30 0x5c'
ZQKVESOZVC0x00
ZQKVESOZVC 0
root@arm:~# echo 'NQWF''ELGVOB'
NQWFELGVOB
root@arm:~# MARKER='NOQX''NWZGXF' run 'echo 2780000 2780000 > /sys/kernel/mva_tesst/regulators/buck5_set'
NOQXNWZGXFsh: 1: cannot create /sys/kernel/mva_test/regulators/buck5_set: Permission denied
NOQXNWZGXF 2
root@arm:~# echo 'WPBS''AJQZXO'
WPBSAJQZXO
root@arm:~# MARKER='BVPT''BNVNPP' run 'i2cget -y -f 2 0x30 0x5c'
BVPTBNVNPP0x00
BVPTBNVNPP 0
root@arm:~# echo 'XSTJ''WJQLXG'
XSTJWJQLXG
root@arm:~# MARKER='UZKW''KTQMHE' run 'echo 2790000 2790000 > /sys/kernel/mva_tesst/regulators/buck5_set'
UZKWKTQMHEsh: 1: cannot create /sys/kernel/mva_test/regulators/buck5_set: Permission denied
UZKWKTQMHE 2
root@arm:~# echo 'NTBM''EHEQUW'
NTBMEHEQUW
root@arm:~# MARKER='ATQJ''GPWGGL' run 'i2cget -y -f 2 0x30 0x5c'
ATQJGPWGGL0x00
ATQJGPWGGL 0
root@arm:~# echo 'JECU''JWGYZH'
JECUJWGYZH
root@arm:~# MARKER='OWQJ''MEBTWT' run 'grep -r -l rohm,bd9576 /proc/device-tree || sed '"'"'s![^/]*$!!'"'"''
OWQJMEBTWT/proc/device-tree/ocp/interconnect@48000000/segment@100000/target-module@9c000/i2c@0/pmic@30/
OWQJMEBTWT 0
root@arm:~# echo 'SPQY''XCXYJK'
SPQYXCXYJK
root@arm:~# MARKER='CZTF''ZAEEAJ' run 'test -f /proc/device-tree/ocp/interconnectt\@48000000/segment\@100000/target-module\@9c000/i2c\@0/pmic\@30/regulators/regullator-vouts1/rohm,no-regulator-enable-control ;echo $?'
CZTFZAEEAJ1
CZTFZAEEAJ 0
root@arm:~# echo 'BQHB''FTCZZJ'
BQHBFTCZZJ
root@arm:~# MARKER='PZZE''NUNTSM' run 'i2cget -y -f 2 0x30 0x46'
PZZENUNTSM0x52
PZZENUNTSM 0
root@arm:~# Labgrid Console Logfile for main
Logfile started at 2024-11-01 03:26:45.594720
=== Log starts here ===

root@arm:~# run() { echo -n "$MARKER"; sh -c "$@"; echo "$MARKER $?"; }
root@arm:~# echo 'GMLV''EZYVHC'
GMLVEZYVHC
root@arm:~# MARKER='VBBY''KXFKAQ' run 'grep -r -l rohm,bd9576 /proc/device-tree || sed '"'"'s![^/]*$!!'"'"''
VBBYKXFKAQ/proc/device-tree/ocp/interconnect@48000000/segment@100000/target-module@9c000/i2c@0/pmic@30/
VBBYKXFKAQ 0
root@arm:~# echo 'LKWT''WOVGAC'
LKWTWOVGAC
root@arm:~# MARKER='QPZA''CEQEHT' run 'xxd -p /proc/device-tree/ocp/interconnect\\@48000000/segment\@100000/target-module\@9c000/i2c\@0/pmic\@30/regulators/regulaator-vd50/regulator-ov-error-microvolt'
QPZACEQEHT00057e40
QPZACEQEHT 0
root@arm:~# echo 'NBAV''KZYTBQ'
NBAVKZYTBQ
root@arm:~# MARKER='LWFV''AKNMYJ' run 'i2cget -y -f 2 0x30 0x51'
LWFVAKNMYJ0x47
LWFVAKNMYJ 0
root@arm:~# echo 'EVGN''GCPQAQ'
EVGNGCPQAQ
root@arm:~# MARKER='EWNU''NUWSZP' run 'grep -r -l rohm,bd9576 /proc/device-tree || sed '"'"'s![^/]*$!!'"'"''
EWNUNUWSZP/proc/device-tree/ocp/interconnect@48000000/segment@100000/target-module@9c000/i2c@0/pmic@30/
EWNUNUWSZP 0
root@arm:~# echo 'UWKL''JCCLVL'
UWKLJCCLVL
root@arm:~# MARKER='YSOV''BPYVGO' run 'xxd -p /proc/device-tree/ocp/interconnect\\@48000000/segment\@100000/target-module\@9c000/i2c\@0/pmic\@30/regulators/regulaator-vd50/regulator-uv-error-microvolt'
YSOVBPYVGO00057e40
YSOVBPYVGO 0
root@arm:~# echo 'QFLX''JCJKEQ'
QFLXJCJKEQ
root@arm:~# MARKER='EPFJ''XBTVYJ' run 'i2cget -y -f 2 0x30 0x52'
EPFJXBTVYJ0x47
EPFJXBTVYJ 0
root@arm:~# echo 'JLKN''YGQUNG'
JLKNYGQUNG
root@arm:~# MARKER='TZVG''YYUCFY' run 'grep -r -l rohm,bd9576 /proc/device-tree || sed '"'"'s![^/]*$!!'"'"''
TZVGYYUCFY/proc/device-tree/ocp/interconnect@48000000/segment@100000/target-module@9c000/i2c@0/pmic@30/
TZVGYYUCFY 0
root@arm:~# echo 'CBFK''GXONVN'
CBFKGXONVN
root@arm:~# MARKER='VFSG''EWMXHW' run 'xxd -p /proc/device-tree/ocp/interconnect\\@48000000/segment\@100000/target-module\@9c000/i2c\@0/pmic\@30/regulators/regulaator-vd18/regulator-ov-error-microvolt'
VFSGEWMXHW00004650
VFSGEWMXHW 0
root@arm:~# echo 'JYVJ''AGPHSN'
JYVJAGPHSN
root@arm:~# MARKER='BAGE''NCQLNG' run 'i2cget -y -f 2 0x30 0x54'
BAGENCQLNG0x11
BAGENCQLNG 0
root@arm:~# echo 'BOFY''EOQHAX'
BOFYEOQHAX
root@arm:~# MARKER='UFFB''XMTKUP' run 'grep -r -l rohm,bd9576 /proc/device-tree || sed '"'"'s![^/]*$!!'"'"''
UFFBXMTKUP/proc/device-tree/ocp/interconnect@48000000/segment@100000/target-module@9c000/i2c@0/pmic@30/
UFFBXMTKUP 0
root@arm:~# echo 'FAOT''YHMSZO'
FAOTYHMSZO
root@arm:~# MARKER='BJZZ''HOGZLB' run 'xxd -p /proc/device-tree/ocp/interconnect\\@48000000/segment\@100000/target-module\@9c000/i2c\@0/pmic\@30/regulators/regulaator-vd18/regulator-uv-error-microvolt'
BJZZHOGZLB0001a9c8
BJZZHOGZLB 0
root@arm:~# echo 'SBPX''MVHCPA'
SBPXMVHCPA
root@arm:~# MARKER='UKJP''XMXQKQ' run 'i2cget -y -f 2 0x30 0x55'
UKJPXMXQKQ0x6c
UKJPXMXQKQ 0
root@arm:~# echo 'WCUL''ZAFVBA'
WCULZAFVBA
root@arm:~# MARKER='BJUT''KYEUUQ' run 'grep -r -l rohm,bd9576 /proc/device-tree || sed '"'"'s![^/]*$!!'"'"''
BJUTKYEUUQ/proc/device-tree/ocp/interconnect@48000000/segment@100000/target-module@9c000/i2c@0/pmic@30/
BJUTKYEUUQ 0
root@arm:~# echo 'PZPA''LPTHJY'
PZPALPTHJY
root@arm:~# MARKER='EPUN''HLYMOX' run 'xxd -p /proc/device-tree/ocp/interconnect\\@48000000/segment\@100000/target-module\@9c000/i2c\@0/pmic\@30/regulators/regulaator-vdddr/regulator-ov-warn-microvolt'
EPUNHLYMOX0001adb0
EPUNHLYMOX 0
root@arm:~# echo 'UBCV''OEUZMA'
UBCVOEUZMA
root@arm:~# MARKER='BPLZ''BUUCCQ' run 'i2cget -y -f 2 0x30 0x57'
BPLZBUUCCQ0x6d
BPLZBUUCCQ 0
root@arm:~# echo 'EAGN''EAPVUM'
EAGNEAPVUM
root@arm:~# MARKER='MGQP''JNNYBO' run 'grep -r -l rohm,bd9576 /proc/device-tree || sed '"'"'s![^/]*$!!'"'"''
MGQPJNNYBO/proc/device-tree/ocp/interconnect@48000000/segment@100000/target-module@9c000/i2c@0/pmic@30/
MGQPJNNYBO 0
root@arm:~# echo 'OJQN''KOJNBL'
OJQNKOJNBL
root@arm:~# MARKER='YPVU''MZVGXO' run 'xxd -p /proc/device-tree/ocp/interconnect\\@48000000/segment\@100000/target-module\@9c000/i2c\@0/pmic\@30/regulators/regulaator-vdddr/regulator-uv-warn-microvolt'
YPVUMZVGXO0001adb0
YPVUMZVGXO 0
root@arm:~# echo 'TVAJ''EAHUHT'
TVAJEAHUHT
root@arm:~# MARKER='TOQA''ZHNABA' run 'i2cget -y -f 2 0x30 0x58'
TOQAZHNABA0x6d
TOQAZHNABA 0
root@arm:~# echo 'TBSO''OUWLAJ'
TBSOOUWLAJ
root@arm:~# MARKER='HPZT''VTJFPY' run 'grep -r -l rohm,bd9576 /proc/device-tree || sed '"'"'s![^/]*$!!'"'"''
HPZTVTJFPY/proc/device-tree/ocp/interconnect@48000000/segment@100000/target-module@9c000/i2c@0/pmic@30/
HPZTVTJFPY 0
root@arm:~# echo 'GYWX''LFJTFA'
GYWXLFJTFA
root@arm:~# MARKER='KOPJ''WCMMWW' run 'xxd -p /proc/device-tree/ocp/interconnect\\@48000000/segment\@100000/target-module\@9c000/i2c\@0/pmic\@30/regulators/regulaator-vd10/regulator-ov-error-microvolt'
KOPJWCMMWW00006590
KOPJWCMMWW 0
root@arm:~# echo 'EQWF''WYETKB'
EQWFWYETKB
root@arm:~# MARKER='XKEN''XYQBQF' run 'i2cget -y -f 2 0x30 0x5a'
XKENXYQBQF0x19
XKENXYQBQF 0
root@arm:~# echo 'WVWN''BUNLEZ'
WVWNBUNLEZ
root@arm:~# MARKER='GWWZ''YJJPWG' run 'grep -r -l rohm,bd9576 /proc/device-tree || sed '"'"'s![^/]*$!!'"'"''
GWWZYJJPWG/proc/device-tree/ocp/interconnect@48000000/segment@100000/target-module@9c000/i2c@0/pmic@30/
GWWZYJJPWG 0
root@arm:~# echo 'YOGW''EZOSJX'
YOGWEZOSJX
root@arm:~# MARKER='KFBJ''OYYHWU' run 'xxd -p /proc/device-tree/ocp/interconnect\\@48000000/segment\@100000/target-module\@9c000/i2c\@0/pmic\@30/regulators/regulaator-vd10/regulator-uv-error-microvolt'
KFBJOYYHWU00006590
KFBJOYYHWU 0
root@arm:~# echo 'WXWW''FBWCWS'
WXWWFBWCWS
root@arm:~# MARKER='YQPB''QZMHNK' run 'i2cget -y -f 2 0x30 0x5b'
YQPBQZMHNK0x19
YQPBQZMHNK 0
root@arm:~# echo 'MVFU''GHKKSS'
MVFUGHKKSS
root@arm:~# MARKER='OWWB''HFVTMY' run 'grep -r -l rohm,bd9576 /proc/device-tree || sed '"'"'s![^/]*$!!'"'"''
OWWBHFVTMY/proc/device-tree/ocp/interconnect@48000000/segment@100000/target-module@9c000/i2c@0/pmic@30/
OWWBHFVTMY 0
root@arm:~# echo 'MSJJ''YNTUNA'
MSJJYNTUNA
root@arm:~# MARKER='AUCV''VSKAMO' run 'xxd -p /proc/device-tree/ocp/interconnect\\@48000000/segment\@100000/target-module\@9c000/i2c\@0/pmic\@30/regulators/regulaator-voutl1/regulator-ov-error-microvolt'
AUCVVSKAMO000084d0
AUCVVSKAMO 0
root@arm:~# echo 'LGBS''BVGGQM'
LGBSBVGGQM
root@arm:~# MARKER='QSYA''YFLAAT' run 'i2cget -y -f 2 0x30 0x5d'
QSYAYFLAAT0x01
QSYAYFLAAT 0
root@arm:~# echo 'CESZ''TMKWZZ'
CESZTMKWZZ
root@arm:~# MARKER='TXPN''HCBOHA' run 'grep -r -l rohm,bd9576 /proc/device-tree || sed '"'"'s![^/]*$!!'"'"''
TXPNHCBOHA/proc/device-tree/ocp/interconnect@48000000/segment@100000/target-module@9c000/i2c@0/pmic@30/
TXPNHCBOHA 0
root@arm:~# echo 'OJBH''NMNPUE'
OJBHNMNPUE
root@arm:~# MARKER='MGCY''SYBNYE' run 'xxd -p /proc/device-tree/ocp/interconnect\\@48000000/segment\@100000/target-module\@9c000/i2c\@0/pmic\@30/regulators/regulaator-voutl1/regulator-uv-error-microvolt'
MGCYSYBNYE000084d0
MGCYSYBNYE 0
root@arm:~# echo 'PSBT''QCBMXT'
PSBTQCBMXT
root@arm:~# MARKER='FCWX''CAHWBO' run 'i2cget -y -f 2 0x30 0x5e'
FCWXCAHWBO0x01
FCWXCAHWBO 0
root@arm:~# echo 'SKLS''MZFBJZ'
SKLSMZFBJZ
root@arm:~# MARKER='QUJL''AMBNPL' run 'grep -r -l rohm,bd9576 /proc/device-tree || sed '"'"'s![^/]*$!!'"'"''
QUJLAMBNPL/proc/device-tree/ocp/interconnect@48000000/segment@100000/target-module@9c000/i2c@0/pmic@30/
QUJLAMBNPL 0
root@arm:~# echo 'CTYU''CBKJMJ'
CTYUCBKJMJ
root@arm:~# MARKER='EKHO''UUZZWL' run 'xxd -p /proc/device-tree/ocp/interconnect\\@48000000/segment\@100000/target-module\@9c000/i2c\@0/pmic\@30/regulators/regulaator-vouts1/regulator-oc-warn-microamp'
EKHOUUZZWL00055730
EKHOUUZZWL 0
root@arm:~# echo 'SKNN''CKPSUF'
SKNNCKPSUF
root@arm:~# MARKER='KESC''WSBPUH' run 'i2cget -y -f 2 0x30 0x5f'
KESCWSBPUH0x07
KESCWSBPUH 0
root@arm:~# echo 'YPJO''HXUUKS'
YPJOHXUUKS
root@arm:~# MARKER='UJWK''TAHJQY' run 'grep -r -l rohm,bd9576 /proc/device-tree || sed '"'"'s![^/]*$!!'"'"''
UJWKTAHJQY/proc/device-tree/ocp/interconnect@48000000/segment@100000/target-module@9c000/i2c@0/pmic@30/
UJWKTAHJQY 0
root@arm:~# echo 'BYUZ''ZYWSSE'
BYUZZYWSSE
root@arm:~# MARKER='VOBT''MNGMXE' run 'xxd -p /proc/device-tree/ocp/interconnect\\@48000000/segment\@100000/target-module\@9c000/i2c\@0/pmic\@30/regulators/regulaator-vouts1/regulator-oc-protection-microamp'
VOBTMNGMXE00149970
VOBTMNGMXE 0
root@arm:~# echo 'MEME''GBUZYE'
MEMEGBUZYE
root@arm:~# MARKER='LAMP''NWPTVM' run 'i2cget -y -f 2 0x30 0x60'
LAMPNWPTVM0x1b
LAMPNWPTVM 0
root@arm:~# Labgrid Console Logfile for main
Logfile started at 2024-11-01 03:27:09.597051
=== Log starts here ===
reading args
spl_load_image_fat_os: error reading image args, err - -1
reading u-boot.img
reading u-boot.img


U-Boot 2014.04-00014-g47880f5 (Apr 22 2014 - 13:23:54)

I2C:   ready
DRAM:  512 MiB
NAND:  0 MiB
MMC:   OMAP SD/MMC: 0, OMAP SD/MMC: 1
*** Warning - readenv() failed, using default environment

Net:   <ethaddr> not set. Validating first E-fuse MAC
cpsw, usb_ether
Hit any key to stop autoboot:  1  0 
gpio: pin 53 (gpio 53) value is 1
mmc0 is current device
gpio: pin 54 (gpio 54) value is 1
SD/MMC found on device 0
reading uEnv.txt
569 bytes read in 4 ms (138.7 KiB/s)
gpio: pin 55 (gpio 55) value is 1
Loaded environment from uEnv.txt
Importing environment from mmc ...
Checking if uenvcmd is set ...
gpio: pin 56 (gpio 56) value is 1
Running uenvcmd ...
cpsw Waiting for PHY auto negotiation to complete. done
link up on port 0, speed 100, full duplex
Using cpsw device
TFTP from server 192.168.255.126; our IP address is 192.168.255.1
Filename 'zImage'.
Load address: 0x81000000
Loading: *#################################################################
	 #################################################################
	 #################################################################
	 #################################################################
	 #################################################################
	 #####
	 2.4 MiB/s
done
Bytes transferred = 4839616 (49d8c0 hex)
link up on port 0, speed 100, full duplex
Using cpsw device
TFTP from server 192.168.255.126; our IP address is 192.168.255.1
Filename 'am335x-boneblack.dtb'.
Load address: 0x82000000
Loading: *#######
	 2.2 MiB/s
done
Bytes transferred = 94748 (1721c hex)
Kernel image @ 0x81000000 [ 0x000000 - 0x49d8c0 ]
## Flattened Device Tree blob at 82000000
   Booting using the fdt blob at 0x82000000
   Using Device Tree in place at 82000000, end 8201a21b

Starting kernel ...

[    0.000000] Booting Linux on physical CPU 0x0
[    0.000000] Linux version 5.15.170 (user01@drvtest01) (arm-linux-gnueabihf-gcc (Linaro GCC 6.4-2017.11) 6.4.1 20171012, GNU ld (Linaro_Binutils-2017.11) 2.27.0.20161229) #6 SMP Fri Nov 1 03:22:50 EET 2024
[    0.000000] CPU: ARMv7 Processor [413fc082] revision 2 (ARMv7), cr=10c5387d
[    0.000000] CPU: PIPT / VIPT nonaliasing data cache, VIPT aliasing instruction cache
[    0.000000] OF: fdt: Machine model: TI AM335x BeagleBone Black
[    0.000000] Memory policy: Data cache writeback
[    0.000000] cma: Reserved 16 MiB at 0x9e800000
[    0.000000] Zone ranges:
[    0.000000]   Normal   [mem 0x0000000080000000-0x000000009fdfffff]
[    0.000000]   HighMem  empty
[    0.000000] Movable zone start for each node
[    0.000000] Early memory node ranges
[    0.000000]   node   0: [mem 0x0000000080000000-0x000000009fdfffff]
[    0.000000] Initmem setup node 0 [mem 0x0000000080000000-0x000000009fdfffff]
[    0.000000] CPU: All CPU(s) started in SVC mode.
[    0.000000] AM335X ES2.1 (sgx neon)
[    0.000000] percpu: Embedded 16 pages/cpu s33804 r8192 d23540 u65536
[    0.000000] Built 1 zonelists, mobility grouping on.  Total pages: 129412
[    0.000000] Kernel command line: console=ttyO0,115200n8 root=/dev/nfs rw nfsroot=192.168.255.126:/home/user01/nfs,nfsvers=3 ip=192.168.255.1:192.168.255.126::255.255.255.0:bbb1:eth0 nfsrootdebug
[    0.000000] Unknown kernel command line parameters "nfsrootdebug", will be passed to user space.
[    0.000000] Dentry cache hash table entries: 65536 (order: 6, 262144 bytes, linear)
[    0.000000] Inode-cache hash table entries: 32768 (order: 5, 131072 bytes, linear)
[    0.000000] mem auto-init: stack:off, heap alloc:off, heap free:off
[    0.000000] Memory: 484752K/522240K available (10240K kernel code, 1079K rwdata, 2392K rodata, 1024K init, 246K bss, 21104K reserved, 16384K cma-reserved, 0K highmem)
[    0.000000] trace event string verifier disabled
[    0.000000] rcu: Hierarchical RCU implementation.
[    0.000000] rcu: 	RCU event tracing is enabled.
[    0.000000] rcu: 	RCU restricting CPUs from NR_CPUS=2 to nr_cpu_ids=1.
[    0.000000] rcu: RCU calculated value of scheduler-enlistment delay is 10 jiffies.
[    0.000000] rcu: Adjusting geometry for rcu_fanout_leaf=16, nr_cpu_ids=1
[    0.000000] NR_IRQS: 16, nr_irqs: 16, preallocated irqs: 16
[    0.000000] IRQ: Found an INTC at 0x(ptrval) (revision 5.0) with 128 interrupts
[    0.000000] TI gptimer clocksource: always-on /ocp/interconnect@44c00000/segment@200000/target-module@31000
[    0.000003] sched_clock: 32 bits at 24MHz, resolution 41ns, wraps every 89478484971ns
[    0.000028] clocksource: dmtimer: mask: 0xffffffff max_cycles: 0xffffffff, max_idle_ns: 79635851949 ns
[    0.000455] TI gptimer clockevent: 24000000 Hz at /ocp/interconnect@48000000/segment@0/target-module@40000
[    0.002321] Console: colour dummy device 80x30
[    0.002377] WARNING: Your 'console=ttyO0' has been replaced by 'ttyS0'
[    0.002390] This ensures that you still see kernel messages. Please
[    0.002398] update your kernel commandline.
[    0.002446] Calibrating delay loop... 996.14 BogoMIPS (lpj=4980736)
[    0.090572] CPU: Testing write buffer coherency: ok
[    0.090666] CPU0: Spectre v2: using BPIALL workaround
[    0.090679] pid_max: default: 32768 minimum: 301
[    0.090828] LSM: Security Framework initializing
[    0.091024] Mount-cache hash table entries: 1024 (order: 0, 4096 bytes, linear)
[    0.091051] Mountpoint-cache hash table entries: 1024 (order: 0, 4096 bytes, linear)
[    0.092693] CPU0: thread -1, cpu 0, socket -1, mpidr 0
[    0.093754] Setting up static identity map for 0x80100000 - 0x80100078
[    0.093987] rcu: Hierarchical SRCU implementation.
[    0.095181] smp: Bringing up secondary CPUs ...
[    0.095208] smp: Brought up 1 node, 1 CPU
[    0.095222] SMP: Total of 1 processors activated (996.14 BogoMIPS).
[    0.095235] CPU: All CPU(s) started in SVC mode.
[    0.096022] devtmpfs: initialized
[    0.110687] VFP support v0.3: implementor 41 architecture 3 part 30 variant c rev 3
[    0.111039] clocksource: jiffies: mask: 0xffffffff max_cycles: 0xffffffff, max_idle_ns: 19112604462750000 ns
[    0.111075] futex hash table entries: 256 (order: 2, 16384 bytes, linear)
[    0.112469] pinctrl core: initialized pinctrl subsystem
[    0.114496] NET: Registered PF_NETLINK/PF_ROUTE protocol family
[    0.117345] DMA: preallocated 256 KiB pool for atomic coherent allocations
[    0.117932] audit: initializing netlink subsys (disabled)
[    0.119181] thermal_sys: Registered thermal governor 'fair_share'
[    0.119202] thermal_sys: Registered thermal governor 'step_wise'
[    0.119219] thermal_sys: Registered thermal governor 'user_space'
[    0.119578] cpuidle: using governor menu
[    0.136428] No ATAGs?
[    0.136467] hw-breakpoint: debug architecture 0x4 unsupported.
[    0.144846] kprobes: kprobe jump-optimization is enabled. All kprobes are optimized if possible.
[    0.145200] audit: type=2000 audit(0.110:1): state=initialized audit_enabled=0 res=1
[    0.151634] iommu: Default domain type: Translated 
[    0.151661] iommu: DMA domain TLB invalidation policy: strict mode 
[    0.152968] vgaarb: loaded
[    0.153515] SCSI subsystem initialized
[    0.154251] pps_core: LinuxPPS API ver. 1 registered
[    0.154268] pps_core: Software ver. 5.3.6 - Copyright 2005-2007 Rodolfo Giometti <giometti@linux.it>
[    0.154302] PTP clock support registered
[    0.155721] clocksource: Switched to clocksource dmtimer
[    0.202225] VFS: Disk quotas dquot_6.6.0
[    0.202356] VFS: Dquot-cache hash table entries: 1024 (order 0, 4096 bytes)
[    0.280220] NET: Registered PF_INET protocol family
[    0.280572] IP idents hash table entries: 8192 (order: 4, 65536 bytes, linear)
[    0.281582] tcp_listen_portaddr_hash hash table entries: 512 (order: 0, 4096 bytes, linear)
[    0.281636] Table-perturb hash table entries: 65536 (order: 6, 262144 bytes, linear)
[    0.281664] TCP established hash table entries: 4096 (order: 2, 16384 bytes, linear)
[    0.281711] TCP bind hash table entries: 4096 (order: 3, 32768 bytes, linear)
[    0.281777] TCP: Hash tables configured (established 4096 bind 4096)
[    0.281901] UDP hash table entries: 256 (order: 1, 8192 bytes, linear)
[    0.281934] UDP-Lite hash table entries: 256 (order: 1, 8192 bytes, linear)
[    0.282123] NET: Registered PF_UNIX/PF_LOCAL protocol family
[    0.283250] RPC: Registered named UNIX socket transport module.
[    0.283281] RPC: Registered udp transport module.
[    0.283291] RPC: Registered tcp transport module.
[    0.283299] RPC: Registered tcp NFSv4.1 backchannel transport module.
[    0.283320] PCI: CLS 0 bytes, default 64
[    0.284776] Initialise system trusted keyrings
[    0.285864] workingset: timestamp_bits=14 max_order=17 bucket_order=3
[    0.287244] NFS: Registering the id_resolver key type
[    0.287328] Key type id_resolver registered
[    0.287340] Key type id_legacy registered
[    0.287398] jffs2: version 2.2. (NAND) (SUMMARY)  Â© 2001-2006 Red Hat, Inc.
[    0.287805] Key type asymmetric registered
[    0.287832] Asymmetric key parser 'x509' registered
[    0.287899] io scheduler mq-deadline registered
[    0.287914] io scheduler kyber registered
[    0.291583] Serial: 8250/16550 driver, 6 ports, IRQ sharing enabled
[    0.322271] brd: module loaded
[    0.361297] loop: module loaded
[    0.362216] mtdoops: mtd device (mtddev=name/number) must be supplied
[    0.364529] i2c_dev: i2c /dev entries driver
[    0.365422] cpuidle: enable-method property 'ti,am3352' found operations
[    0.365974] sdhci: Secure Digital Host Controller Interface driver
[    0.365993] sdhci: Copyright(c) Pierre Ossman
[    0.366169] sdhci-pltfm: SDHCI platform and OF driver helper
[    0.366392] ledtrig-cpu: registered to indicate activity on CPUs
[    0.366953] Initializing XFRM netlink socket
[    0.367182] NET: Registered PF_INET6 protocol family
[    0.368775] Segment Routing with IPv6
[    0.368871] In-situ OAM (IOAM) with IPv6
[    0.368972] sit: IPv6, IPv4 and MPLS over IPv4 tunneling driver
[    0.369803] NET: Registered PF_PACKET protocol family
[    0.369858] NET: Registered PF_KEY protocol family
[    0.369984] Key type dns_resolver registered
[    0.370125] ThumbEE CPU extension supported.
[    0.370145] Registering SWP/SWPB emulation handler
[    0.370658] omap_voltage_late_init: Voltage driver support not added
[    0.371010] SmartReflex Class3 initialized
[    0.371794] Loading compiled-in X.509 certificates
[    0.404476] pinctrl-single 44e10800.pinmux: 142 pins, size 568
[    0.408944] ti-sysc: probe of 44e31000.target-module failed with error -16
[    0.467432] ti-sysc: probe of 48040000.target-module failed with error -16
[    0.515451] OMAP GPIO hardware version 0.1
[    0.538580] omap_i2c 4819c000.i2c: bus 2 rev0.11 at 100 kHz
[    0.581267] sdhci-omap 481d8000.mmc: supply vqmmc not found, using dummy regulator
[    0.635825] davinci_mdio 4a101000.mdio: davinci mdio revision 1.6, bus freq 1000000
[    0.697197] davinci_mdio 4a101000.mdio: phy[0]: device 4a101000.mdio:00, driver SMSC LAN8710/LAN8720
[    0.697704] cpsw-switch 4a100000.switch: initialized cpsw ale version 1.4
[    0.697731] cpsw-switch 4a100000.switch: ALE Table size 1024
[    0.697848] cpsw-switch 4a100000.switch: cpts: overflow check period 500 (jiffies)
[    0.697869] cpsw-switch 4a100000.switch: CPTS: ref_clk_freq:250000000 calc_mult:2147483648 calc_shift:29 error:0 nsec/sec
[    0.697966] cpsw-switch 4a100000.switch: Detected MACID = 6c:ec:eb:68:de:78
[    0.699547] cpsw-switch 4a100000.switch: initialized (regs 0x4a100000, pool size 256) hw_ver:0019010C 1.12 (0)
[    0.708937] debugfs: Directory '49000000.dma' with parent 'dmaengine' already present!
[    0.708995] edma 49000000.dma: TI EDMA DMA engine driver
[    0.762599] hw perfevents: enabled with armv7_cortex_a8 PMU driver, 5 counters available
[    0.769469] l3-aon-clkctrl:0000:0: failed to disable
[    0.771537] 44e09000.serial: ttyS0 at MMIO 0x44e09000 (irq = 18, base_baud = 3000000) is a 8250
[    1.914196] printk: console [ttyS0] enabled
[    1.946521] tps65217-pmic: Failed to locate of_node [id: -1]
[    1.961926] tps65217-bl: Failed to locate of_node [id: -1]
[    1.970470] tps65217 0-0024: TPS65217 ID 0xe version 1.2
[    1.976450] i2c 0-0070: Fixing up cyclic dependency with 4830e000.lcdc
[    1.983317] omap_i2c 44e0b000.i2c: bus 0 rev0.11 at 400 kHz
[    1.990797] omap_gpio 44e07000.gpio: Could not set line 6 debounce to 200000 microseconds (-22)
[    1.999643] sdhci-omap 48060000.mmc: Got CD GPIO
[    2.004610] sdhci-omap 48060000.mmc: supply vqmmc not found, using dummy regulator
[    2.016850] sdhci-omap 481d8000.mmc: supply vqmmc not found, using dummy regulator
[    2.051892] mmc1: SDHCI controller on 481d8000.mmc [481d8000.mmc] using External DMA
[    2.060188] mmc0: SDHCI controller on 48060000.mmc [48060000.mmc] using External DMA
[    2.068834] cpsw-switch 4a100000.switch: starting ndev. mode: dual_mac
[    2.113193] mmc0: new high speed SDHC card at address 5048
[    2.119992] mmcblk0: mmc0:5048 SD16G 14.4 GiB 
[    2.127800]  mmcblk0: p1 p2
[    2.131015] mmcblk0: p2 size 31221760 extends beyond EOD, truncated
[    2.157595] SMSC LAN8710/LAN8720 4a101000.mdio:00: attached PHY driver (mii_bus:phy_addr=4a101000.mdio:00, irq=POLL)
[    2.178745] mmc1: new high speed MMC card at address 0001
[    2.185431] mmcblk1: mmc1:0001 MMC04G 3.60 GiB 
[    2.192693]  mmcblk1: p1 p2
[    2.196874] mmcblk1boot0: mmc1:0001 MMC04G 2.00 MiB 
[    2.203919] mmcblk1boot1: mmc1:0001 MMC04G 2.00 MiB 
[    2.210819] mmcblk1rpmb: mmc1:0001 MMC04G 128 KiB, chardev (250:0)
[    5.286472] cpsw-switch 4a100000.switch eth0: Link is Up - 100Mbps/Full - flow control off
[    5.315799] IPv6: ADDRCONF(NETDEV_CHANGE): eth0: link becomes ready
[    5.345737] IP-Config: Complete:
[    5.348996]      device=eth0, hwaddr=6c:ec:eb:68:de:78, ipaddr=192.168.255.1, mask=255.255.255.0, gw=255.255.255.255
[    5.359616]      host=bbb1, domain=, nis-domain=(none)
[    5.364779]      bootserver=192.168.255.126, rootserver=192.168.255.126, rootpath=
[    5.365169] clk: Disabling unused clocks
[    5.377030] TAP version 14
[    5.379753] 1..0
[    5.403299] VFS: Mounted root (nfs filesystem) on device 0:16.
[    5.410242] devtmpfs: mounted
[    5.414540] Freeing unused kernel image (initmem) memory: 1024K
[    5.421187] Run /sbin/init as init process
[    6.109108] systemd[1]: System time before build time, advancing clock.
[    6.302635] random: systemd: uninitialized urandom read (16 bytes read)
[    6.314555] random: systemd: uninitialized urandom read (16 bytes read)
[    6.325123] systemd[1]: systemd 232 running in system mode. (+PAM +AUDIT +SELINUX +IMA +APPARMOR +SMACK +SYSVINIT +UTMP +LIBCRYPTSETUP +GCRYPT +GNUTLS +ACL +XZ +LZ4 +SECCOMP +BLKID +ELFUTILS +KMOD +IDN)
[    6.344548] systemd[1]: Detected architecture arm.

Welcome to [1mDebian GNU/Linux 9 (stretch)[0m!

[    6.378523] systemd[1]: Set hostname to <arm>.
[    6.751738] random: systemd-cryptse: uninitialized urandom read (16 bytes read)
[    7.337230] random: systemd: uninitialized urandom read (16 bytes read)
[    7.344151] random: systemd: uninitialized urandom read (16 bytes read)
[    7.351556] random: systemd: uninitialized urandom read (16 bytes read)
[    7.364486] systemd[1]: Listening on Journal Audit Socket.
[[0;32m  OK  [0m] Listening on Journal Audit Socket.
[    7.407567] systemd[1]: Listening on Journal Socket (/dev/log).
[[0;32m  OK  [0m] Listening on Journal Socket (/dev/log).
[    7.446612] systemd[1]: Started Forward Password Requests to Wall Directory Watch.
[[0;32m  OK  [0m] Started Forward Password Requests to Wall Directory Watch.
[    7.486392] systemd[1]: Listening on udev Kernel Socket.
[[0;32m  OK  [0m] Listening on udev Kernel Socket.
[    7.527574] systemd[1]: Listening on /dev/initctl Compatibility Named Pipe.
[[0;32m  OK  [0m] Listening on /dev/initctl Compatibility Named Pipe.
[    7.566131] systemd[1]: Reached target Swap.
[[0;32m  OK  [0m] Reached target Swap.
[    7.596457] systemd[1]: Listening on Journal Socket.
[[0;32m  OK  [0m] Listening on Journal Socket.
[[0;32m  OK  [0m] Set up automount Arbitrary Executabâ€¦rmats File System Automount Point.
[[0;32m  OK  [0m] Created slice User and Session Slice.
[[0;32m  OK  [0m] Created slice System Slice.
         Mounting Debug File System...
         Starting Remount Root and Kernel File Systems...
[[0;32m  OK  [0m] Created slice system-getty.slice.
         Starting Load Kernel Modules...
[[0;32m  OK  [0m] Reached target Slices.
         Starting Create list of required stâ€¦ce nodes for the current kernel...
[[0;32m  OK  [0m] Created slice system-serial\x2dgetty.slice.
[[0;32m  OK  [0m] Started Dispatch Password Requests to Console Directory Watch.
[[0;32m  OK  [0m] Reached target Paths.
[[0;32m  OK  [0m] Reached target Encrypted Volumes.
[[0;32m  OK  [0m] Reached target Remote File Systems.
[[0;32m  OK  [0m] Listening on Syslog Socket.
         Starting Journal Service...
         Mounting POSIX Message Queue File System...
[[0;32m  OK  [0m] Listening on udev Control Socket.
[[0;32m  OK  [0m] Mounted Debug File System.
[[0;32m  OK  [0m] Started Remount Root and Kernel File Systems.
[[0;32m  OK  [0m] Started Load Kernel Modules.
[[0;32m  OK  [0m] Started Create list of required staâ€¦vice nodes for the current kernel.
[[0;32m  OK  [0m] Mounted POSIX Message Queue File System.
         Starting Create Static Device Nodes in /dev...
         Mounting Configuration File System...
         Starting Apply Kernel Variables...
[    8.367936] random: systemd: uninitialized urandom read (16 bytes read)
         Starting Load/Save Random Seed...
[    8.423187] random: systemd-journal: uninitialized urandom read (16 bytes read)
[    8.477738] random: systemd: uninitialized urandom read (16 bytes read)
         Starting udev Coldplug all Devices...
[[0;32m  OK  [0m] Mounted Configuration File System.
[[0;32m  OK  [0m] Started Apply Kernel Variables.
[[0;32m  OK  [0m] Started Load/Save Random Seed.
[[0;32m  OK  [0m] Started Create Static Device Nodes in /dev.
         Starting udev Kernel Device Manager...
[[0;32m  OK  [0m] Reached target Local File Systems (Pre).
[[0;32m  OK  [0m] Reached target Local File Systems.
         Starting Raise network interfaces...
[[0;32m  OK  [0m] Started Journal Service.
[    9.473463] random: systemd: uninitialized urandom read (16 bytes read)
         Starting Flush Journal to Persistent Storage...
[[0;32m  OK  [0m] Started udev Kernel Device Manager.
[    9.898319] systemd-journald[95]: Received request to flush runtime journal from PID 1
[[0;32m  OK  [0m] Started Flush Journal to Persistent Storage.
         Starting Create Volatile Files and Directories...
[[0;32m  OK  [0m] Started Create Volatile Files and Directories.
         Starting Network Time Synchronization...
         Starting Update UTMP about System Boot/Shutdown...
[[0;32m  OK  [0m] Started Update UTMP about System Boot/Shutdown.
[   11.876032] random: crng init done
[   11.879495] random: 460 urandom warning(s) missed due to ratelimiting
[[0;32m  OK  [0m] Started Network Time Synchronization.
[[0;32m  OK  [0m] Reached target System Time Synchronized.
[[0;32m  OK  [0m] Started udev Coldplug all Devices.
[[0;32m  OK  [0m] Reached target System Initialization.
[[0;32m  OK  [0m] Listening on D-Bus System Message Bus Socket.
[[0;32m  OK  [0m] Started Daily apt download activities.
[[0;32m  OK  [0m] Started Daily apt upgrade and clean activities.
[[0;32m  OK  [0m] Listening on Avahi mDNS/DNS-SD Stack Activation Socket.
[[0;32m  OK  [0m] Reached target Sockets.
[[0;32m  OK  [0m] Reached target Basic System.
[[0;32m  OK  [0m] Started Regular background program processing daemon.
[   12.748374] remoteproc remoteproc0: wkup_m3 is available
         Starting Avahi mDNS/DNS-SD Stack...
[   12.838688] at24 2-0054: supply vcc not found, using dummy regulator
         Starting Cape Manager Service...
[   12.943435] omap_rtc 44e3e000.rtc: registered as rtc0
[   12.948750] omap_rtc 44e3e000.rtc: setting system clock to 2000-01-01T00:00:00 UTC (946684800)
         Starting Generic Board Startup...
[   13.062940] at24 2-0055: supply vcc not found, using dummy regulator
[   13.149111] omap_wdt: OMAP Watchdog Timer Rev 0x01: initial timeout 60 sec
         Starting LSB: Load kernel modules needed to enable cpufreq scaling...
[   13.243305] at24 2-0056: supply vcc not found, using dummy regulator
         Starting Login Service...
         Starting System Logging Service...
[   13.386436] at24 2-0057: supply vcc not found, using dummy regulator
         Starting LSB: Start busybox udhcpd at boot time...
[   13.492088] at24 0-0050: supply vcc not found, using dummy regulator
[   13.540748] tps6521x_pwrbutton tps65217-pwrbutton: DMA mask not set
         Starting DUN service...
[   13.628764] at24 0-0050: 32768 byte 24c256 EEPROM, writable, 1 bytes/write
         Starting Telephony service...
[   13.686602] input: tps65217_pwrbutton as /devices/platform/ocp/44c00000.interconnect/44c00000.interconnect:segment@200000/44e0b000.target-module/44e0b000.i2c/i2c-0/0-0024/tps65217-pwrbutton/input/input0
[[0;32m  OK  [0m] Started Daily Cleanup of Temporary Directories.
[[0;32m  OK  [0m] Reached target Timers.
[[0;32m  OK  [0m] Started D-Bus System Message Bus.
[   14.036245] am335x-phy-driver 47401300.usb-phy: supply vcc not found, using dummy regulator
[   14.439057] usbcore: registered new interface driver usbfs
[   14.444666] usbcore: registered new interface driver hub
[   14.450263] usbcore: registered new device driver usb
[   14.791713] am335x-phy-driver 47401b00.usb-phy: supply vcc not found, using dummy regulator
[   15.073560] musb-hdrc musb-hdrc.1: MUSB HDRC host driver
[   15.079092] musb-hdrc musb-hdrc.1: new USB bus registered, assigned bus number 1
[   15.490843] usb usb1: New USB device found, idVendor=1d6b, idProduct=0002, bcdDevice= 5.15
[   15.499408] usb usb1: New USB device strings: Mfr=3, Product=2, SerialNumber=1
[   15.506731] usb usb1: Product: MUSB HDRC host driver
[   15.511724] usb usb1: Manufacturer: Linux 5.15.170 musb-hcd
[   15.517349] usb usb1: SerialNumber: musb-hdrc.1
[   15.607610] tda998x 0-0070: found TDA19988
[   15.683695] omap-mailbox 480c8000.mailbox: omap mailbox rev 0x400
[   15.713437] remoteproc remoteproc0: powering up wkup_m3
[   15.831951] remoteproc remoteproc0: Direct firmware load for am335x-pm-firmware.elf failed with error -2
[   15.843023] remoteproc remoteproc0: request_firmware failed: -2
[   15.849089] wkup_m3_ipc 44e11324.wkup_m3_ipc: rproc_boot failed
[   16.126855] hub 1-0:1.0: USB hub found
[   16.169718] hub 1-0:1.0: 1 port detected
[[0;32m  OK  [0m] Started Telephony service.
[[0;32m  OK  [0m] Started DUN service.
[[0;32m  OK  [0m] Started Avahi mDNS/DNS-SD Stack.
         Starting Connection service...
[   17.347532] tilcdc 4830e000.lcdc: bound 0-0070 (ops tda998x_driver_exit [tda998x])
[   17.381915] omap_rng 48310000.rng: Random Number Generator ver. 20
[[0;32m  OK  [0m] Started System Logging Service.
[   17.558867] [drm] Initialized tilcdc 1.0.0 20121205 for 4830e000.lcdc on minor 0
[[0;32m  OK  [0m] Started Cape Manager Service.
[   17.779776] tilcdc 4830e000.lcdc: [drm] Cannot find any crtc or sizes
[   18.053533] tilcdc 4830e000.lcdc: [drm] Cannot find any crtc or sizes
[   18.263770] Bluetooth: Core ver 2.22
[   18.267745] NET: Registered PF_BLUETOOTH protocol family
[   18.273090] Bluetooth: HCI device and connection manager initialized
[   18.279577] Bluetooth: HCI socket layer initialized
[   18.284489] Bluetooth: L2CAP socket layer initialized
