Labgrid Console Logfile for main
Logfile started at 2025-03-19 12:54:00.538659
=== Log starts here ===

U-Boot SPL 2014.04-00014-g47880f5 (Apr 22 2014 - 13:23:54)
reading args
spl_load_image_fat_os: error reading image args, err - -1
reading u-boot.img
reading u-boot.img


U-Boot 2014.04-00014-g47880f5 (Apr 22 2014 - 13:23:54)

I2C:   ready
DRAM:  512 MiB
NAND:  0 MiB
MMC:   OMAP SD/MMC: 0, OMAP SD/MMC: 1
*** Warning - readenv() failed, using default environment

Net:   <ethaddr> not set. Validating first E-fuse MAC
cpsw, usb_ether
Hit any key to stop autoboot:  1  0 
gpio: pin 53 (gpio 53) value is 1
mmc0 is current device
gpio: pin 54 (gpio 54) value is 1
SD/MMC found on device 0
reading uEnv.txt
569 bytes read in 4 ms (138.7 KiB/s)
gpio: pin 55 (gpio 55) value is 1
Loaded environment from uEnv.txt
Importing environment from mmc ...
Checking if uenvcmd is set ...
gpio: pin 56 (gpio 56) value is 1
Running uenvcmd ...
cpsw Waiting for PHY auto negotiation to complete. done
link up on port 0, speed 100, full duplex
Using cpsw device
TFTP from server 192.168.255.126; our IP address is 192.168.255.1
Filename 'zImage'.
Load address: 0x81000000
Loading: *#################################################################
	 #################################################################
	 #################################################################
	 #################################################################
	 #################################################################
	 ###########################################################
	 2.4 MiB/s
done
Bytes transferred = 5631392 (55eda0 hex)
link up on port 0, speed 100, full duplex
Using cpsw device
TFTP from server 192.168.255.126; our IP address is 192.168.255.1
Filename 'am335x-boneblack.dtb'.
Load address: 0x82000000
Loading: *#######
	 2.2 MiB/s
done
Bytes transferred = 98244 (17fc4 hex)
Kernel image @ 0x81000000 [ 0x000000 - 0x55eda0 ]
## Flattened Device Tree blob at 82000000
   Booting using the fdt blob at 0x82000000
   Using Device Tree in place at 82000000, end 8201afc3

Starting kernel ...

[    0.000000] Booting Linux on physical CPU 0x0
[    0.000000] Linux version 6.14.0-rc7-next-20250319 (user01@drvtest01) (arm-none-eabi-gcc (Arm GNU Toolchain 14.2.Rel1 (Build arm-14.52)) 14.2.1 20241119, GNU ld (Arm GNU Toolchain 14.2.Rel1 (Build arm-14.52)) 2.43.1.20241119) #1 SMP Wed Mar 19 12:52:39 EET 2025
[    0.000000] CPU: ARMv7 Processor [413fc082] revision 2 (ARMv7), cr=10c5387d
[    0.000000] CPU: PIPT / VIPT nonaliasing data cache, VIPT aliasing instruction cache
[    0.000000] OF: fdt: Machine model: TI AM335x BeagleBone Black
[    0.000000] Memory policy: Data cache writeback
[    0.000000] cma: Reserved 16 MiB at 0x00000000
[    0.000000] Zone ranges:
[    0.000000]   Normal   [mem 0x0000000080000000-0x000000009fdfffff]
[    0.000000]   HighMem  empty
[    0.000000] Movable zone start for each node
[    0.000000] Early memory node ranges
[    0.000000]   node   0: [mem 0x0000000080000000-0x000000009fdfffff]
[    0.000000] Initmem setup node 0 [mem 0x0000000080000000-0x000000009fdfffff]
[    0.000000] OF: reserved mem: Reserved memory: No reserved-memory node in the DT
[    0.000000] CPU: All CPU(s) started in SVC mode.
[    0.000000] AM335X ES2.1 (sgx neon)
[    0.000000] percpu: Embedded 17 pages/cpu s39692 r8192 d21748 u69632
[    0.000000] Kernel command line: console=ttyO0,115200n8 root=/dev/nfs rw nfsroot=192.168.255.126:/home/user01/nfs,nfsvers=3 ip=192.168.255.1:192.168.255.126::255.255.255.0:bbb1:eth0 nfsrootdebug
[    0.000000] Unknown kernel command line parameters "nfsrootdebug", will be passed to user space.
[    0.000000] printk: log buffer data + meta data: 65536 + 204800 = 270336 bytes
[    0.000000] Dentry cache hash table entries: 65536 (order: 6, 262144 bytes, linear)
[    0.000000] Inode-cache hash table entries: 32768 (order: 5, 131072 bytes, linear)
[    0.000000] Built 1 zonelists, mobility grouping on.  Total pages: 130560
[    0.000000] mem auto-init: stack:off, heap alloc:off, heap free:off
[    0.000000] SLUB: HWalign=16, Order=0-3, MinObjects=0, CPUs=1, Nodes=1
[    0.000000] rcu: Hierarchical RCU implementation.
[    0.000000] rcu: 	RCU event tracing is enabled.
[    0.000000] rcu: 	RCU restricting CPUs from NR_CPUS=2 to nr_cpu_ids=1.
[    0.000000] 	Tracing variant of Tasks RCU enabled.
[    0.000000] rcu: RCU calculated value of scheduler-enlistment delay is 10 jiffies.
[    0.000000] rcu: Adjusting geometry for rcu_fanout_leaf=16, nr_cpu_ids=1
[    0.000000] RCU Tasks Trace: Setting shift to 0 and lim to 1 rcu_task_cb_adjust=1 rcu_task_cpu_ids=1.
[    0.000000] NR_IRQS: 16, nr_irqs: 16, preallocated irqs: 16
[    0.000000] IRQ: Found an INTC at 0x(ptrval) (revision 5.0) with 128 interrupts
[    0.000000] rcu: srcu_init: Setting srcu_struct sizes based on contention.
[    0.000000] TI gptimer clocksource: always-on /ocp/interconnect@44c00000/segment@200000/target-module@31000
[    0.000003] sched_clock: 32 bits at 24MHz, resolution 41ns, wraps every 89478484971ns
[    0.000027] clocksource: dmtimer: mask: 0xffffffff max_cycles: 0xffffffff, max_idle_ns: 79635851949 ns
[    0.000509] TI gptimer clockevent: 24000000 Hz at /ocp/interconnect@48000000/segment@0/target-module@40000
[    0.002153] Console: colour dummy device 80x30
[    0.002218] WARNING: Your 'console=ttyO0' has been replaced by 'ttyS0'
[    0.002225] This ensures that you still see kernel messages. Please
[    0.002229] update your kernel commandline.
[    0.002271] Calibrating delay loop... 996.14 BogoMIPS (lpj=4980736)
[    0.090558] CPU: Testing write buffer coherency: ok
[    0.090673] CPU0: Spectre v2: using BPIALL workaround
[    0.090684] pid_max: default: 32768 minimum: 301
[    0.090841] LSM: initializing lsm=capability
[    0.091020] Mount-cache hash table entries: 1024 (order: 0, 4096 bytes, linear)
[    0.091042] Mountpoint-cache hash table entries: 1024 (order: 0, 4096 bytes, linear)
[    0.092660] CPU0: thread -1, cpu 0, socket -1, mpidr 0
[    0.092719] cacheinfo: Unable to detect cache hierarchy for CPU 0
[    0.150744] Setting up static identity map for 0x80100000 - 0x80100078
[    0.160704] rcu: Hierarchical SRCU implementation.
[    0.160716] rcu: 	Max phase no-delay instances is 1000.
[    0.162478] smp: Bringing up secondary CPUs ...
[    0.162531] smp: Brought up 1 node, 1 CPU
[    0.162544] SMP: Total of 1 processors activated (996.14 BogoMIPS).
[    0.162555] CPU: All CPU(s) started in SVC mode.
[    0.162747] Memory: 480824K/522240K available (11264K kernel code, 1218K rwdata, 2972K rodata, 1024K init, 286K bss, 23384K reserved, 16384K cma-reserved, 0K highmem)
[    0.163580] devtmpfs: initialized
[    0.180900] VFP support v0.3: implementor 41 architecture 3 part 30 variant c rev 3
[    0.181592] clocksource: jiffies: mask: 0xffffffff max_cycles: 0xffffffff, max_idle_ns: 19112604462750000 ns
[    0.181632] posixtimers hash table entries: 512 (order: 0, 4096 bytes, linear)
[    0.181652] futex hash table entries: 256 (order: 2, 16384 bytes, linear)
[    0.182782] pinctrl core: initialized pinctrl subsystem
[    0.184880] NET: Registered PF_NETLINK/PF_ROUTE protocol family
[    0.187670] DMA: preallocated 256 KiB pool for atomic coherent allocations
[    0.188616] audit: initializing netlink subsys (disabled)
[    0.190013] thermal_sys: Registered thermal governor 'fair_share'
[    0.190029] thermal_sys: Registered thermal governor 'step_wise'
[    0.190038] thermal_sys: Registered thermal governor 'user_space'
[    0.190153] audit: type=2000 audit(0.000:1): state=initialized audit_enabled=0 res=1
[    0.190223] cpuidle: using governor menu
[    0.208389] /ocp/interconnect@44c00000/segment@200000/target-module@b000/i2c@0/tda19988@70: Fixed dependency cycle(s) with /ocp/interconnect@48000000/segment@300000/target-module@e000/lcdc@0
[    0.209505] /ocp/interconnect@48000000/segment@300000/target-module@e000/lcdc@0: Fixed dependency cycle(s) with /ocp/interconnect@44c00000/segment@200000/target-module@b000/i2c@0/tda19988@70
[    0.211937] No ATAGs?
[    0.211980] hw-breakpoint: debug architecture 0x4 unsupported.
[    0.214698] kprobes: kprobe jump-optimization is enabled. All kprobes are optimized if possible.
[    0.223978] iommu: Default domain type: Translated
[    0.224001] iommu: DMA domain TLB invalidation policy: strict mode
[    0.231608] SCSI subsystem initialized
[    0.232481] pps_core: LinuxPPS API ver. 1 registered
[    0.232492] pps_core: Software ver. 5.3.6 - Copyright 2005-2007 Rodolfo Giometti <giometti@linux.it>
[    0.232518] PTP clock support registered
[    0.240917] vgaarb: loaded
[    0.241291] clocksource: Switched to clocksource dmtimer
[    0.241966] VFS: Disk quotas dquot_6.6.0
[    0.242026] VFS: Dquot-cache hash table entries: 1024 (order 0, 4096 bytes)
[    0.266509] NET: Registered PF_INET protocol family
[    0.266853] IP idents hash table entries: 8192 (order: 4, 65536 bytes, linear)
[    0.268278] tcp_listen_portaddr_hash hash table entries: 512 (order: 0, 4096 bytes, linear)
[    0.268313] Table-perturb hash table entries: 65536 (order: 6, 262144 bytes, linear)
[    0.268332] TCP established hash table entries: 4096 (order: 2, 16384 bytes, linear)
[    0.268378] TCP bind hash table entries: 4096 (order: 4, 65536 bytes, linear)
[    0.268478] TCP: Hash tables configured (established 4096 bind 4096)
[    0.268597] UDP hash table entries: 256 (order: 1, 14336 bytes, linear)
[    0.268632] UDP-Lite hash table entries: 256 (order: 1, 14336 bytes, linear)
[    0.268817] NET: Registered PF_UNIX/PF_LOCAL protocol family
[    0.270108] RPC: Registered named UNIX socket transport module.
[    0.270127] RPC: Registered udp transport module.
[    0.270132] RPC: Registered tcp transport module.
[    0.270137] RPC: Registered tcp-with-tls transport module.
[    0.270142] RPC: Registered tcp NFSv4.1 backchannel transport module.
[    0.270167] PCI: CLS 0 bytes, default 64
[    0.271705] Initialise system trusted keyrings
[    0.281551] workingset: timestamp_bits=14 max_order=17 bucket_order=3
[    0.282917] NFS: Registering the id_resolver key type
[    0.282998] Key type id_resolver registered
[    0.283007] Key type id_legacy registered
[    0.283118] jffs2: version 2.2. (NAND) (SUMMARY)  Â© 2001-2006 Red Hat, Inc.
[    0.283541] Key type asymmetric registered
[    0.283558] Asymmetric key parser 'x509' registered
[    0.283620] io scheduler mq-deadline registered
[    0.283630] io scheduler kyber registered
[    0.283700] io scheduler bfq registered
[    0.285302] ledtrig-cpu: registered to indicate activity on CPUs
[    0.292282] Serial: 8250/16550 driver, 6 ports, IRQ sharing enabled
[    0.332304] brd: module loaded
[    0.349362] loop: module loaded
[    0.350290] mtdoops: mtd device (mtddev=name/number) must be supplied
[    0.364448] i2c_dev: i2c /dev entries driver
[    0.365427] cpuidle: enable-method property 'ti,am3352' found operations
[    0.365871] sdhci: Secure Digital Host Controller Interface driver
[    0.365880] sdhci: Copyright(c) Pierre Ossman
[    0.366047] sdhci-pltfm: SDHCI platform and OF driver helper
[    0.367071] Initializing XFRM netlink socket
[    0.367248] NET: Registered PF_INET6 protocol family
[    0.376133] Segment Routing with IPv6
[    0.376228] In-situ OAM (IOAM) with IPv6
[    0.376328] sit: IPv6, IPv4 and MPLS over IPv4 tunneling driver
[    0.377303] NET: Registered PF_PACKET protocol family
[    0.377338] NET: Registered PF_KEY protocol family
[    0.377452] Key type dns_resolver registered
[    0.377677] ThumbEE CPU extension supported.
[    0.377696] Registering SWP/SWPB emulation handler
[    0.378233] omap_voltage_late_init: Voltage driver support not added
[    0.378576] SmartReflex Class3 initialized
[    0.402246] Loading compiled-in X.509 certificates
[    0.449390] /ocp/interconnect@44c00000/segment@200000/target-module@b000/i2c@0/tda19988@70: Fixed dependency cycle(s) with /ocp/interconnect@48000000/segment@300000/target-module@e000/lcdc@0
[    0.456055] /ocp/interconnect@44c00000/segment@200000/target-module@b000/i2c@0/tda19988@70: Fixed dependency cycle(s) with /ocp/interconnect@48000000/segment@300000/target-module@e000/lcdc@0
[    0.495850] /ocp/interconnect@44c00000/segment@200000/target-module@b000/i2c@0/tda19988@70: Fixed dependency cycle(s) with /ocp/interconnect@4800 0000/segment@300000/target-module@e000/lcdc@0
[    0.496723]  /ocp/interconnect@44c00000/segment@200000/target-module@b000/i2c@0/tda19988@70: Fixed dependency cycle(s) with /ocp/interconnect@48000000/segment@300000/target-module@e000/lcdc@0
[    0.500156]@0/tda19988@70
[    0.645104] sdhci-omap 481d8000.mmc: supply pbias not found, using dummy regulator
[    0.645595] sdhci-omap 481d8000.mmc: supply vqmmc not found, using dummy regulator
[    0.695015] davinci_mdio 4a101000.mdio: davinci mdio revision 1.6, bus freq 1000000
[    0.863255] davinci_mdio 4a101000.mdio: phy[0]: device 4a101000.mdio:00, driver SMSC LAN8710/LAN8720
[    0.864031] cpsw-switch 4a100000.switch: initialized cpsw ale version 1.4
[    0.864051] cpsw-switch 4a100000.switch: ALE Table size 1024, Policers 0
[    0.864206] cpsw-switch 4a100000.switch: cpts: overflow check period 500 (jiffies)
[    0.864223] cpsw-switch 4a100000.switch: CPTS: ref_clk_freq:250000000 calc_mult:2147483648 calc_shift:29 error:0 nsec/sec
[    0.864335] cpsw-switch 4a100000.switch: Detected MACID = 6c:ec:eb:68:de:78
[    0.866162] cpsw-switch 4a100000.switch: initialized (regs 0x4a100000, pool size 256) hw_ver:0019010C 1.12 (0)
[    0.877197] debugfs: Directory '49000000.dma' with parent 'dmaengine' already present!
[    0.877239] edma 49000000.dma: TI EDMA DMA engine driver
[    0.896704] target-module@4b000000:target-module@140000:pmu@0:fck: device ID is greater than 24
[    0.918267] hw perfevents: enabled with armv7_cortex_a8 PMU driver, 5 (8000000f) counters available
[    0.925994] l3-aon-clkctrl:0000:0: failed to disable
[    0.949465] 44e09000.serial: ttyS0 at MMIO 0x44e09000 (irq = 34, base_baud = 3000000) is a 8250
[    0.949555] printk: legacy console [ttyS0] enabled
[    2.442266] tps65217-pmic: Failed to locate of_node [id: -1]
[    2.448318] tps65217-bl: Failed to locate of_node [id: -1]
[    2.455816] platform tps65217-charger: DMA mask not set
[    2.463143] platform tps65217-pwrbutton: DMA mask not set
[    2.470932] tps65217 0-0024: TPS65217 ID 0xe version 1.2
[    2.477047] /ocp/interconnect@48000000/segment@300000/target-module@e000/lcdc@0: Fixed dependency cycle(s) with /ocp/interconnect@44c00000/segment@200000/target-module@b000/i2c@0/tda19988@70
[    2.494417] /ocp/interconnect@44c00000/segment@200000/target-module@b000/i2c@0/tda19988@70: Fixed dependency cycle(s) with /ocp/interconnect@48000000/segment@300000/target-module@e000/lcdc@0
[    2.511784] omap_i2c 44e0b000.i2c: bus 0 rev0.11 at 400 kHz
[    2.519698] omap_gpio 44e07000.gpio: Could not set line 6 debounce to 200000 microseconds (-22)
[    2.528566] sdhci-omap 48060000.mmc: Got CD GPIO
[    2.533601] sdhci-omap 48060000.mmc: supply pbias not found, using dummy regulator
[    2.543609] sdhci-omap 48060000.mmc: supply vqmmc not found, using dummy regulator
[    2.552583] sdhci-omap 481d8000.mmc: supply pbias not found, using dummy regulator
[    2.560574] sdhci-omap 481d8000.mmc: supply vqmmc not found, using dummy regulator
 [    2.598896] mmc1: SDHCI controller on 481d8000.mmc [481d800 0.mmc] using External DMA
[    2.607376] mmc0: SDHCI controll er on 48060000.mmc [48060000.mmc] using External DMA
[    2.6 16229] cpsw-switch 4a100000.switch: starting ndev. mode: dual_ mac
[  
[    5.842055] cpsw-switch 4a100000.switch eth0: Link is Up - 100Mbps/Full - flow control off
[    5.871313] IP-Config: Complete:
[    5.874585]      device=eth0, hwaddr=6c:ec:eb:68:de:78, ipaddr=192.168.255.1, mask=255.255.255.0, gw=255.255.255.255
[    5.885225]      host=bbb1, domain=, nis-domain=(none)
[    5.890393]      bootserver=192.168.255.126, rootserver=192.168.255.126, rootpath=
[    5.890829] clk: Disabling unused clocks
[    5.902699] PM: genpd: Disabling unused power domains
[    5.907820] KTAP version 1
[    5.910541] 1..0
[    5.935652] VFS: Mounted root (nfs filesystem) on device 0:17.
[    5.942723] devtmpfs: mounted
[    5.947208] Freeing unused kernel image (initmem) memory: 1024K
[    5.954060] Run /sbin/init as init process
[    6.653865] systemd[1]: System time before build time, advancing clock.
[    8.141313] random: crng init done
[    8.183927] systemd[1]: systemd 232 running in system mode. (+PAM +AUDIT +SELINUX +IMA +APPARMOR +SMACK +SYSVINIT +UTMP +LIBCRYPTSETUP +GCRYPT +GNUTLS +ACL +XZ +LZ4 +SECCOMP +BLKID +ELFUTILS +KMOD +IDN)
[    8.202934] systemd[1]: Detected architecture arm.

Welcome to [1mDebian GNU/Linux 9 (stretch)[0m!

[    8.234634] systemd[1]: Set hostname to <arm>.
[    9.326906] systemd[1]: Started Forward Password Requests to Wall Directory Watch.
[[0;32m  OK  [0m] Started Forward Password Requests to Wall Directory Watch.
[    9.363576] systemd[1]: Listening on Journal Socket (/dev/log).
[[0;32m  OK  [0m] Listening on Journal Socket (/dev/log).
[    9.391710] systemd[1]: Reached target Remote File Systems.
[[0;32m  OK  [0m] Reached target Remote File Systems.
[    9.421644] systemd[1]: Reached target Swap.
[[0;32m  OK  [0m] Reached target Swap.
[    9.442365] systemd[1]: Listening on Journal Audit Socket.
[[0;32m  OK  [0m] Listening on Journal Audit Socket.
[    9.471913] systemd[1]: Listening on udev Kernel Socket.
[[0;32m  OK  [0m] Listening on udev Kernel Socket.
[    9.501935] systemd[1]: Listening on Syslog Socket.
[[0;32m  OK  [0m] Listening on Syslog Socket.
[[0;32m  OK  [0m] Set up automount Arbitrary Executabâ€¦rmats File System Automount Point.
[[0;32m  OK  [0m] Listening on udev Control Socket.
[[0;32m  OK  [0m] Listening on /dev/initctl Compatibility Named Pipe.
[[0;32m  OK  [0m] Listening on Journal Socket.
[[0;32m  OK  [0m] Created slice User and Session Slice.
[[0;32m  OK  [0m] Started Dispatch Password Requests to Console Directory Watch.
[[0;32m  OK  [0m] Reached target Paths.
[[0;32m  OK  [0m] Reached target Encrypted Volumes.
[[0;32m  OK  [0m] Created slice System Slice.
         Mounting Debug File System...
         Starting Remount Root and Kernel File Systems...
         Starting Journal Service...
[[0;32m  OK  [0m] Created slice system-serial\x2dgetty.slice.
[[0;32m  OK  [0m] Created slice system-getty.slice.
         Starting Load Kernel Modules...
         Mounting POSIX Message Queue File System...
         Starting Create list of required stâ€¦ce nodes for the current kernel...
[[0;32m  OK  [0m] Reached target Slices.
[[0;32m  OK  [0m] Mounted POSIX Message Queue File System.
[[0;32m  OK  [0m] Mounted Debug File System.
[[0;32m  OK  [0m] Started Remount Root and Kernel File Systems.
         Starting Load/Save Random Seed...
         Starting udev Coldplug all Devices...
[[0;32m  OK  [0m] Started Load Kernel Modules.
[[0;32m  OK  [0m] Started Create list of required staâ€¦vice nodes for the current kernel.
         Starting Create Static Device Nodes in /dev...
         Starting Apply Kernel Variables...
         Mounting Configuration File System...
[[0;32m  OK  [0m] Started Load/Save Random Seed.
[[0;32m  OK  [0m] Mounted Configuration File System.
[[0;32m  OK  [0m] Started Apply Kernel Variables.
[[0;32m  OK  [0m] Started Journal Service.
         Starting Flush Journal to Persistent Storage...
[[0;32m  OK  [0m] Started Create Static Device Nodes in /dev.
[[0;32m  OK  [0m] Reached target Local File Systems (Pre).
[[0;32m  OK  [0m] Reached target Local File Systems.
         Starting Raise network interfaces...
         Starting udev Kernel Device Manager...
[   11.561245] systemd-journald[87]: Received request to flush runtime journal from PID 1
[[0;32m  OK  [0m] Started Flush Journal to Persistent Storage.
         Starting Create Volatile Files and Directories...
[[0;32m  OK  [0m] Started udev Kernel Device Manager.
[[0;32m  OK  [0m] Started Create Volatile Files and Directories.
         Starting Update UTMP about System Boot/Shutdown...
         Starting Network Time Synchronization...
[[0;32m  OK  [0m] Started udev Coldplug all Devices.
[[0;32m  OK  [0m] Started Update UTMP about System Boot/Shutdown.
[   14.891724] remoteproc remoteproc0: wkup_m3 is available
[   14.947570] at24 2-0054: supply vcc not found, using dummy regulator
[   14.986041] omap_wdt: OMAP Watchdog Timer Rev 0x01: initial timeout 60 sec
[   15.079521] at24 2-0055: supply vcc not found, using dummy regulator
[   15.200009] at24 2-0056: supply vcc not found, using dummy regulator
[   15.254129] at24 2-0057: supply vcc not found, using dummy regulator
[[0;32m  OK  [0m] Found device /dev/ttyS0.
[   15.343593] input: tps65217_pwrbutton as /devices/platform/ocp/44c00000.interconnect/44c00000.interconnect:segment@200000/44e0b000.target-module/44e0b000.i2c/i2c-0/0-0024/tps65217-pwrbutton/input/input0
[   15.417831] at24 0-0050: 32768 byte 24c256 EEPROM, writable, 1 bytes/write
[   15.442311] omap_rtc 44e3e000.rtc: registered as rtc0
[   15.447490] omap_rtc 44e3e000.rtc: setting system clock to 2000-01-01T00:00:00 UTC (946684800)
[   15.459425] wkup_m3_ipc 44e11324.wkup_m3_ipc: IPC Request for A8->M3 Channel failed! -517
[   15.935176] wkup_m3_ipc 44e11324.wkup_m3_ipc: IPC Request for A8->M3 Channel failed! -517
[   15.961113] am335x-phy-driver 47401300.usb-phy: dummy supplies not allowed for exclusive requests (id=vbus)
[[0;32m  OK  [0m] Started Network Time Synchronization.
[   16.204734] am335x-phy-driver 47401b00.usb-phy: dummy supplies not allowed for exclusive requests (id=vbus)
[   16.216115] wkup_m3_ipc 44e11324.wkup_m3_ipc: IPC Request for A8->M3 Channel failed! -517
[   16.358478] wkup_m3_ipc 44e11324.wkup_m3_ipc: IPC Request for A8->M3 Channel failed! -517
[[0;32m  OK  [0m] Reached target System Time Synchronized.
[[0;32m  OK  [0m] Reached target System Initialization.
[   16.534226] usbcore: registered new interface driver usbfs
[   16.539865] usbcore: registered new interface driver hub
[   16.545551] usbcore: registered new device driver usb
[[0;32m  OK  [0m] Started Daily Cleanup of Temporary Directories.
[[0;32m  OK  [0m] Listening on D-Bus System Message Bus Socket.
[[0;32m  OK  [0m] Started Daily apt download activities.
[[0;32m  OK  [0m] Started Daily apt upgrade and clean activities.
[[0;32m  OK  [0m] Reached target Timers.
[[0;32m  OK  [0m] Listening on Avahi mDNS/DNS-SD Stack Activation Socket.
[   16.930416] tda998x 0-0070: found TDA19988
[[0;32m  OK  [0m] Reached target Sockets.
[[0;32m  OK  [0m] Reached target Basic System.
[   17.050024] wkup_m3_ipc 44e11324.wkup_m3_ipc: IPC Request for A8->M3 Channel failed! -517
         Starting Cape Manager Service...
[   17.205620] wkup_m3_ipc 44e11324.wkup_m3_ipc: IPC Request for A8->M3 Channel failed! -517
[   17.266614] musb-hdrc musb-hdrc.1: MUSB HDRC host driver
[   17.272187] musb-hdrc musb-hdrc.1: new USB bus registered, assigned bus number 1
[[0;32m  OK  [0m] Started D-Bus System Message Bus.
[   17.344010] omap-mailbox 480c8000.mailbox: omap mailbox rev 0x400
[   17.458176] remoteproc remoteproc0: powering up wkup_m3
[   17.581832] usb usb1: New USB device found, idVendor=1d6b, idProduct=0002, bcdDevice= 6.14
[   17.590315] usb usb1: New USB device strings: Mfr=3, Product=2, SerialNumber=1
[   17.597695] usb usb1: Product: MUSB HDRC host driver
[   17.602730] usb usb1: Manufacturer: Linux 6.14.0-rc7-next-20250319 musb-hcd
[   17.609731] usb usb1: SerialNumber: musb-hdrc.1
[   17.647140] remoteproc remoteproc0: Direct firmware load for am335x-pm-firmware.elf failed with error -2
[   17.656846] remoteproc remoteproc0: request_firmware failed: -2
[   17.662853] wkup_m3_ipc 44e11324.wkup_m3_ipc: rproc_boot failed
[   18.047707] hub 1-0:1.0: USB hub found
[   18.069437] hub 1-0:1.0: 1 port detected
[   19.613958] omap_rng 48310000.rng: Random Number Generator ver. 20
[   19.875704] tilcdc 4830e000.lcdc: bound 0-0070 (ops tda998x_audio_codec_init [tda998x])
[   19.937664] [drm] Initialized tilcdc 1.0.0 for 4830e000.lcdc on minor 0
[   19.984158] tilcdc 4830e000.lcdc: [drm] Cannot find any crtc or sizes
[   19.992390] tilcdc 4830e000.lcdc: [drm] Cannot find any crtc or sizes
[   20.499871] PM: Cannot get wkup_m3_ipc handle
         Starting Connection service...
[   20.671527] omap-sham 53100000.sham: hw accel on OMAP rev 4.3
[   20.747326] omap-sham 53100000.sham: will run requests pump with realtime priority
[   20.756089] PM: Cannot get wkup_m3_ipc handle
[   20.865147] omap-aes 53500000.aes: OMAP AES hw accel rev: 3.2
[[0;32m  OK  [0m] Started Regular background program processing daemon.
[   20.954906] omap-aes 53500000.aes: will run requests pump with realtime priority
[   20.977483] PM: Cannot get wkup_m3_ipc handle
         Starting Login Service...
         Starting System Logging Service...
         Starting LSB: Load kernel modules needed to enable cpufreq scaling...
         Starting Generic Board Startup...
         Starting Avahi mDNS/DNS-SD Stack...
         Starting DUN service...
         Starting LSB: Start busybox udhcpd at boot time...
         Starting Telephony service...
[[0;32m  OK  [0m] Started Cape Manager Service.
[[0;32m  OK  [0m] Started System Logging Service.
[   24.676286] gpio-537 (nxp,calib): gpiod_direction_output_nonotify: tried to set a GPIO tied to an IRQ as output
[   24.702248] PM: Cannot get wkup_m3_ipc handle
[   24.853472] PM: Cannot get wkup_m3_ipc handle
[   24.994861] tda9950 0-0034: TDA9950 CEC interface, hardware version 3.3
[   25.048018] Bluetooth: Core ver 2.22
[   25.052047] NET: Registered PF_BLUETOOTH protocol family
[   25.057400] Bluetooth: HCI device and connection manager initialized
[   25.063925] Bluetooth: HCI socket layer initialized
[   25.068842] Bluetooth: L2CAP socket layer initialized
[   25.074005] Bluetooth: SCO socket layer initialized
[   25.153031] PM: Cannot get wkup_m3_ipc handle
[[0;32m  OK  [0m] Started Raise network interfaces.
[[0;32m  OK  [0m] Started LSB: Start busybox udhcpd at boot time.
[[0;32m  OK  [0m] Started LSB: Load kernel modules needed to enable cpufreq scaling.
[   28.890231] configfs-gadget.g_multi gadget.0: HOST MAC 1c:ba:8c:a2:ed:6c
[   28.897271] configfs-gadget.g_multi gadget.0: MAC 1c:ba:8c:a2:ed:70
[   28.904783] configfs-gadget.g_multi gadget.0: HOST MAC 1c:ba:8c:a2:ed:6c
[   28.911641] configfs-gadget.g_multi gadget.0: MAC 1c:ba:8c:a2:ed:6d
[   28.942002] PM: Cannot get wkup_m3_ipc handle
[[0;32m  OK  [0m] Started DUN service.
[[0;32m  OK  [0m] Started Telephony service.
[[0;32m  OK  [0m] Started Connection service.
[[0;32m  OK  [0m] Started Avahi mDNS/DNS-SD Stack.
[[0;32m  OK  [0m] Started Login Service.
[[0;32m  OK  [0m] Reached target Sound Card.
         Starting LSB: set CPUFreq kernel parameters...
[[0;32m  OK  [0m] Reached target Network.
         Starting The Apache HTTP Server...
         Starting Permit User Sessions...
         Starting OpenBSD Secure Shell server...
[[0;32m  OK  [0m] Reached target Network is Online.
         Starting LSB: Advanced IEEE 802.11 management daemon...
[[0;32m  OK  [0m] Started Permit User Sessions.
[[0;32m  OK  [0m] Started LSB: Advanced IEEE 802.11 management daemon.
         Starting Hostname Service...
         Starting WPA supplicant...
[[0;32m  OK  [0m] Started Serial Getty on ttyS0.
[[0;32m  OK  [0m] Started Getty on tty1.
[[0;32m  OK  [0m] Reached target Login Prompts.
[[0;32m  OK  [0m] Started LSB: set CPUFreq kernel parameters.
[[0;32m  OK  [0m] Started WPA supplicant.
[[0;32m  OK  [0m] Started Hostname Service.
[[0;32m  OK  [0m] Started OpenBSD Secure Shell server.
         Stopping LSB: Start busybox udhcpd at boot time...
[[0;32m  OK  [0m] Stopped LSB: Start busybox udhcpd at boot time.
[[0;32m  OK  [0m] Started The Apache HTTP Server.
         Starting dnsmasq - A lightweight DHCP and caching DNS server...
[[0;32m  OK  [0m] Started dnsmasq - A lightweight DHCP and caching DNS server.
[[0;32m  OK  [0m] Reached target Host and Network Name Lookups.
[[0;32m  OK  [0m] Started Serial Getty on ttyGS0.
[[0;32m  OK  [0m] Started Generic Board Startup.
[[0;32m  OK  [0m] Reached target Multi-User System.
[[0;32m  OK  [0m] Reached target Graphical Interface.
         Starting Update UTMP about System Runlevel Changes...
[[0;32m  OK  [0m] Started Update UTMP about System Runlevel Changes.

Debian GNU/Linux 9 arm ttyS0

default username:password is [debian:temppwd]

arm login: root
Password: 
Last login: Sat Jan  1 00:00:30 UTC 2000 on ttyS0
root
Linux arm 6.14.0-rc7-next-20250319 #1 SMP Wed Mar 19 12:52:39 EET 2025 armv7l

The programs included with the Debian GNU/Linux system are free software;
the exact distribution terms for each program are described in the
individual files in /usr/share/doc/*/copyright.

Debian GNU/Linux comes with ABSOLUTELY NO WARRANTY, to the extent
permitted by applicable law.
root@arm:~# root
-bash: root: command not found
root@arm:~# dmesg -n 1
root@arm:~# echo 'ANLJ''JZNTVO'
ANLJJZNTVO
root@arm:~# run() { echo -n "$MARKER"; sh -c "$@"; echo "$MARKER $?"; }
root@arm:~# echo 'CKLQ''ZVEWCS'
CKLQZVEWCS
root@arm:~# MARKER='OPEO''EHVSJX' run 'cat /proc/version'
OPEOEHVSJXLinux version 6.14.0-rc7-next-20250319 (user01@drvtest01) (arm-none-eabi-gcc (Arm GNU Toolchain 14.2.Rel1 (Build arm-14.52)) 14.2.1 20241119, GNU ld (Arm GNU Toolchain 14.2.Rel1 (Build arm-14.52)) 2.43.1.20241119) #1 SMP Wed Mar 19 12:52:39 EET 2025
OPEOEHVSJX 0
root@arm:~# echo 'KXNJ''PYQGOA'
KXNJPYQGOA
root@arm:~# MARKER='ZFZA''WYPCUW' run false
ZFZAWYPCUWZFZAWYPCUW 1
root@arm:~# Labgrid Console Logfile for main
Logfile started at 2025-03-19 12:55:06.368294
=== Log starts here ===

root@arm:~# run() { echo -n "$MARKER"; sh -c "$@"; echo "$MARKER $?"; }
root@arm:~# echo 'MLQE''THOFBX'
MLQETHOFBX
root@arm:~# MARKER='YPYY''XNYWWA' run 'ls /iio_generic_buffer; echo $?'
YPYYXNYWWA/iio_generic_buffer
0
YPYYXNYWWA 0
root@arm:~# Labgrid Console Logfile for main
Logfile started at 2025-03-19 12:55:09.742774
=== Log starts here ===

root@arm:~# run() { echo -n "$MARKER"; sh -c "$@"; echo "$MARKER $?"; }
root@arm:~# echo 'XKWN''HAQGNG'
XKWNHAQGNG
root@arm:~# MARKER='CQJE''PUWWAO' run dmesg
CQJEPUWWAO[    0.000000] Booting Linux on physical CPU 0x0
[    0.000000] Linux version 6.14.0-rc7-next-20250319 (user01@drvtest01) (arm-none-eabi-gcc (Arm GNU Toolchain 14.2.Rel1 (Build arm-14.52)) 14.2.1 20241119, GNU ld (Arm GNU Toolchain 14.2.Rel1 (Build arm-14.52)) 2.43.1.20241119) #1 SMP Wed Mar 19 12:52:39 EET 2025
[    0.000000] CPU: ARMv7 Processor [413fc082] revision 2 (ARMv7), cr=10c5387d
[    0.000000] CPU: PIPT / VIPT nonaliasing data cache, VIPT aliasing instruction cache
[    0.000000] OF: fdt: Machine model: TI AM335x BeagleBone Black
[    0.000000] Memory policy: Data cache writeback
[    0.000000] cma: Reserved 16 MiB at 0x00000000
[    0.000000] Zone ranges:
[    0.000000]   Normal   [mem 0x0000000080000000-0x000000009fdfffff]
[    0.000000]   HighMem  empty
[    0.000000] Movable zone start for each node
[    0.000000] Early memory node ranges
[    0.000000]   node   0: [mem 0x0000000080000000-0x000000009fdfffff]
[    0.000000] Initmem setup node 0 [mem 0x0000000080000000-0x000000009fdfffff]
[    0.000000] OF: reserved mem: Reserved memory: No reserved-memory node in the DT
[    0.000000] CPU: All CPU(s) started in SVC mode.
[    0.000000] AM335X ES2.1 (sgx neon)
[    0.000000] percpu: Embedded 17 pages/cpu s39692 r8192 d21748 u69632
[    0.000000] pcpu-alloc: s39692 r8192 d21748 u69632 alloc=17*4096
[    0.000000] pcpu-alloc: [0] 0 
[    0.000000] Kernel command line: console=ttyO0,115200n8 root=/dev/nfs rw nfsroot=192.168.255.126:/home/user01/nfs,nfsvers=3 ip=192.168.255.1:192.168.255.126::255.255.255.0:bbb1:eth0 nfsrootdebug
[    0.000000] Unknown kernel command line parameters "nfsrootdebug", will be passed to user space.
[    0.000000] printk: log buffer data + meta data: 65536 + 204800 = 270336 bytes
[    0.000000] Dentry cache hash table entries: 65536 (order: 6, 262144 bytes, linear)
[    0.000000] Inode-cache hash table entries: 32768 (order: 5, 131072 bytes, linear)
[    0.000000] Built 1 zonelists, mobility grouping on.  Total pages: 130560
[    0.000000] mem auto-init: stack:off, heap alloc:off, heap free:off
[    0.000000] SLUB: HWalign=16, Order=0-3, MinObjects=0, CPUs=1, Nodes=1
[    0.000000] rcu: Hierarchical RCU implementation.
[    0.000000] rcu: 	RCU event tracing is enabled.
[    0.000000] rcu: 	RCU restricting CPUs from NR_CPUS=2 to nr_cpu_ids=1.
[    0.000000] 	Tracing variant of Tasks RCU enabled.
[    0.000000] rcu: RCU calculated value of scheduler-enlistment delay is 10 jiffies.
[    0.000000] rcu: Adjusting geometry for rcu_fanout_leaf=16, nr_cpu_ids=1
[    0.000000] RCU Tasks Trace: Setting shift to 0 and lim to 1 rcu_task_cb_adjust=1 rcu_task_cpu_ids=1.
[    0.000000] NR_IRQS: 16, nr_irqs: 16, preallocated irqs: 16
[    0.000000] IRQ: Found an INTC at 0x(ptrval) (revision 5.0) with 128 interrupts
[    0.000000] rcu: srcu_init: Setting srcu_struct sizes based on contention.
[    0.000000] TI gptimer clocksource: always-on /ocp/interconnect@44c00000/segment@200000/target-module@31000
[    0.000003] sched_clock: 32 bits at 24MHz, resolution 41ns, wraps every 89478484971ns
[    0.000027] clocksource: dmtimer: mask: 0xffffffff max_cycles: 0xffffffff, max_idle_ns: 79635851949 ns
[    0.000509] TI gptimer clockevent: 24000000 Hz at /ocp/interconnect@48000000/segment@0/target-module@40000
[    0.002153] Console: colour dummy device 80x30
[    0.002218] WARNING: Your 'console=ttyO0' has been replaced by 'ttyS0'
[    0.002225] This ensures that you still see kernel messages. Please
[    0.002229] update your kernel commandline.
[    0.002271] Calibrating delay loop... 996.14 BogoMIPS (lpj=4980736)
[    0.090558] CPU: Testing write buffer coherency: ok
[    0.090673] CPU0: Spectre v2: using BPIALL workaround
[    0.090684] pid_max: default: 32768 minimum: 301
[    0.090841] LSM: initializing lsm=capability
[    0.091020] Mount-cache hash table entries: 1024 (order: 0, 4096 bytes, linear)
[    0.091042] Mountpoint-cache hash table entries: 1024 (order: 0, 4096 bytes, linear)
[    0.092660] CPU0: thread -1, cpu 0, socket -1, mpidr 0
[    0.092719] cacheinfo: Unable to detect cache hierarchy for CPU 0
[    0.150744] Setting up static identity map for 0x80100000 - 0x80100078
[    0.160704] rcu: Hierarchical SRCU implementation.
[    0.160716] rcu: 	Max phase no-delay instances is 1000.
[    0.162478] smp: Bringing up secondary CPUs ...
[    0.162531] smp: Brought up 1 node, 1 CPU
[    0.162544] SMP: Total of 1 processors activated (996.14 BogoMIPS).
[    0.162555] CPU: All CPU(s) started in SVC mode.
[    0.162747] Memory: 480824K/522240K available (11264K kernel code, 1218K rwdata, 2972K rodata, 1024K init, 286K bss, 23384K reserved, 16384K cma-reserved, 0K highmem)
[    0.163580] devtmpfs: initialized
[    0.180900] VFP support v0.3: implementor 41 architecture 3 part 30 variant c rev 3
[    0.181592] clocksource: jiffies: mask: 0xffffffff max_cycles: 0xffffffff, max_idle_ns: 19112604462750000 ns
[    0.181632] posixtimers hash table entries: 512 (order: 0, 4096 bytes, linear)
[    0.181652] futex hash table entries: 256 (order: 2, 16384 bytes, linear)
[    0.182782] pinctrl core: initialized pinctrl subsystem
[    0.184880] NET: Registered PF_NETLINK/PF_ROUTE protocol family
[    0.187670] DMA: preallocated 256 KiB pool for atomic coherent allocations
[    0.188616] audit: initializing netlink subsys (disabled)
[    0.190013] thermal_sys: Registered thermal governor 'fair_share'
[    0.190029] thermal_sys: Registered thermal governor 'step_wise'
[    0.190038] thermal_sys: Registered thermal governor 'user_space'
[    0.190153] audit: type=2000 audit(0.000:1): state=initialized audit_enabled=0 res=1
[    0.190223] cpuidle: using governor menu
[    0.208389] /ocp/interconnect@44c00000/segment@200000/target-module@b000/i2c@0/tda19988@70: Fixed dependency cycle(s) with /ocp/interconnect@48000000/segment@300000/target-module@e000/lcdc@0
[    0.209505] /ocp/interconnect@48000000/segment@300000/target-module@e000/lcdc@0: Fixed dependency cycle(s) with /ocp/interconnect@44c00000/segment@200000/target-module@b000/i2c@0/tda19988@70
[    0.211937] No ATAGs?
[    0.211980] hw-breakpoint: debug architecture 0x4 unsupported.
[    0.214698] kprobes: kprobe jump-optimization is enabled. All kprobes are optimized if possible.
[    0.223978] iommu: Default domain type: Translated
[    0.224001] iommu: DMA domain TLB invalidation policy: strict mode
[    0.225577] reg-fixed-voltage fixedregulator0: using DT '/fixedregulator0' for '(default)' GPIO lookup
[    0.225631] of_get_named_gpiod_flags: can't parse 'gpios' property of node '/fixedregulator0[0]'
[    0.225660] of_get_named_gpiod_flags: can't parse 'gpio' property of node '/fixedregulator0[0]'
[    0.225677] reg-fixed-voltage fixedregulator0: using lookup tables for GPIO lookup
[    0.225688] reg-fixed-voltage fixedregulator0: No GPIO consumer (default) found
[    0.231608] SCSI subsystem initialized
[    0.232093] libata version 3.00 loaded.
[    0.232481] pps_core: LinuxPPS API ver. 1 registered
[    0.232492] pps_core: Software ver. 5.3.6 - Copyright 2005-2007 Rodolfo Giometti <giometti@linux.it>
[    0.232518] PTP clock support registered
[    0.240917] vgaarb: loaded
[    0.241291] clocksource: Switched to clocksource dmtimer
[    0.241966] VFS: Disk quotas dquot_6.6.0
[    0.242026] VFS: Dquot-cache hash table entries: 1024 (order 0, 4096 bytes)
[    0.266509] NET: Registered PF_INET protocol family
[    0.266853] IP idents hash table entries: 8192 (order: 4, 65536 bytes, linear)
[    0.268278] tcp_listen_portaddr_hash hash table entries: 512 (order: 0, 4096 bytes, linear)
[    0.268313] Table-perturb hash table entries: 65536 (order: 6, 262144 bytes, linear)
[    0.268332] TCP established hash table entries: 4096 (order: 2, 16384 bytes, linear)
[    0.268378] TCP bind hash table entries: 4096 (order: 4, 65536 bytes, linear)
[    0.268478] TCP: Hash tables configured (established 4096 bind 4096)
[    0.268597] UDP hash table entries: 256 (order: 1, 14336 bytes, linear)
[    0.268632] UDP-Lite hash table entries: 256 (order: 1, 14336 bytes, linear)
[    0.268817] NET: Registered PF_UNIX/PF_LOCAL protocol family
[    0.270108] RPC: Registered named UNIX socket transport module.
[    0.270127] RPC: Registered udp transport module.
[    0.270132] RPC: Registered tcp transport module.
[    0.270137] RPC: Registered tcp-with-tls transport module.
[    0.270142] RPC: Registered tcp NFSv4.1 backchannel transport module.
[    0.270167] PCI: CLS 0 bytes, default 64
[    0.271705] Initialise system trusted keyrings
[    0.281551] workingset: timestamp_bits=14 max_order=17 bucket_order=3
[    0.282917] NFS: Registering the id_resolver key type
[    0.282998] Key type id_resolver registered
[    0.283007] Key type id_legacy registered
[    0.283118] jffs2: version 2.2. (NAND) (SUMMARY)  Â© 2001-2006 Red Hat, Inc.
[    0.283541] Key type asymmetric registered
[    0.283558] Asymmetric key parser 'x509' registered
[    0.283620] io scheduler mq-deadline registered
[    0.283630] io scheduler kyber registered
[    0.283700] io scheduler bfq registered
[    0.285302] ledtrig-cpu: registered to indicate activity on CPUs
[    0.292282] Serial: 8250/16550 driver, 6 ports, IRQ sharing enabled
[    0.332304] brd: module loaded
[    0.349362] loop: module loaded
[    0.350290] mtdoops: mtd device (mtddev=name/number) must be supplied
[    0.363060] mdio_bus fixed-0: using lookup tables for GPIO lookup
[    0.363084] mdio_bus fixed-0: No GPIO consumer reset found
[    0.364448] i2c_dev: i2c /dev entries driver
[    0.365427] cpuidle: enable-method property 'ti,am3352' found operations
[    0.365871] sdhci: Secure Digital Host Controller Interface driver
[    0.365880] sdhci: Copyright(c) Pierre Ossman
[    0.366047] sdhci-pltfm: SDHCI platform and OF driver helper
[    0.367071] Initializing XFRM netlink socket
[    0.367248] NET: Registered PF_INET6 protocol family
[    0.376133] Segment Routing with IPv6
[    0.376228] In-situ OAM (IOAM) with IPv6
[    0.376328] sit: IPv6, IPv4 and MPLS over IPv4 tunneling driver
[    0.377303] NET: Registered PF_PACKET protocol family
[    0.377338] NET: Registered PF_KEY protocol family
[    0.377452] Key type dns_resolver registered
[    0.377677] ThumbEE CPU extension supported.
[    0.377696] Registering SWP/SWPB emulation handler
[    0.378233] omap_voltage_late_init: Voltage driver support not added
[    0.378576] SmartReflex Class3 initialized
[    0.402246] Loading compiled-in X.509 certificates
[    0.449390] /ocp/interconnect@44c00000/segment@200000/target-module@b000/i2c@0/tda19988@70: Fixed dependency cycle(s) with /ocp/interconnect@48000000/segment@300000/target-module@e000/lcdc@0
[    0.456055] /ocp/interconnect@44c00000/segment@200000/target-module@b000/i2c@0/tda19988@70: Fixed dependency cycle(s) with /ocp/interconnect@48000000/segment@300000/target-module@e000/lcdc@0
[    0.461673] gpiochip_find_base_unlocked: found new base at 512
[    0.495850] /ocp/interconnect@44c00000/segment@200000/target-module@b000/i2c@0/tda19988@70: Fixed dependency cycle(s) with /ocp/interconnect@48000000/segment@300000/target-module@e000/lcdc@0
[    0.496723] /ocp/interconnect@44c00000/segment@200000/target-module@b000/i2c@0/tda19988@70: Fixed dependency cycle(s) with /ocp/interconnect@48000000/segment@300000/target-module@e000/lcdc@0
[    0.500156] /ocp/interconnect@44c00000/segment@200000/target-module@10000/scm@0/pinmux@800: Fixed dependency cycle(s) with /ocp/interconnect@44c00000/segment@200000/target-module@10000/scm@0/pinmux@800/clkout2-pins
[    0.500747] pinctrl-single 44e10800.pinmux: 142 pins, size 568
[    0.506387] ti-sysc 44e31000.target-module: probe with driver ti-sysc failed with error -16
[    0.522491] /ocp/interconnect@48000000/segment@300000/target-module@e000/lcdc@0: Fixed dependency cycle(s) with /ocp/interconnect@44c00000/segment@200000/target-module@b000/i2c@0/tda19988@70
[    0.530498] ti-sysc 48040000.target-module: probe with driver ti-sysc failed with error -16
[    0.542020] gpiochip_find_base_unlocked: found new base at 512
[    0.542125] gpio gpiochip0: (gpio-0-31): created GPIO range 0->7 ==> 44e10800.pinmux PIN 0->7
[    0.542143] gpio gpiochip0: (gpio-0-31): created GPIO range 8->11 ==> 44e10800.pinmux PIN 90->93
[    0.542160] gpio gpiochip0: (gpio-0-31): created GPIO range 12->27 ==> 44e10800.pinmux PIN 12->27
[    0.542175] gpio gpiochip0: (gpio-0-31): created GPIO range 28->31 ==> 44e10800.pinmux PIN 30->33
[    0.566100] gpio gpiochip0: (gpio-0-31): added GPIO chardev (254:0)
[    0.566255] gpio gpiochip0: registered GPIOs 512 to 543 on gpio-0-31
[    0.566339] OMAP GPIO hardware version 0.1
[    0.612144] i2c i2c-2: using DT '/ocp/interconnect@48000000/segment@100000/target-module@9c000/i2c@0' for 'scl' GPIO lookup
[    0.612215] of_get_named_gpiod_flags: can't parse 'scl-gpios' property of node '/ocp/interconnect@48000000/segment@100000/target-module@9c000/i2c@0[0]'
[    0.612257] of_get_named_gpiod_flags: can't parse 'scl-gpio' property of node '/ocp/interconnect@48000000/segment@100000/target-module@9c000/i2c@0[0]'
[    0.612294] i2c i2c-2: using lookup tables for GPIO lookup
[    0.612303] i2c i2c-2: No GPIO consumer scl found
[    0.612324] i2c i2c-2: using DT '/ocp/interconnect@48000000/segment@100000/target-module@9c000/i2c@0' for 'sda' GPIO lookup
[    0.612360] of_get_named_gpiod_flags: can't parse 'sda-gpios' property of node '/ocp/interconnect@48000000/segment@100000/target-module@9c000/i2c@0[0]'
[    0.612396] of_get_named_gpiod_flags: can't parse 'sda-gpio' property of node '/ocp/interconnect@48000000/segment@100000/target-module@9c000/i2c@0[0]'
[    0.612426] i2c i2c-2: using lookup tables for GPIO lookup
[    0.612434] i2c i2c-2: No GPIO consumer sda found
[    0.613144] omap_i2c 4819c000.i2c: bus 2 rev0.11 at 100 kHz
[    0.618650] gpiochip_find_base_unlocked: found new base at 544
[    0.618753] gpio gpiochip1: (gpio-32-63): created GPIO range 0->17 ==> 44e10800.pinmux PIN 34->51
[    0.618772] gpio gpiochip1: (gpio-32-63): created GPIO range 18->21 ==> 44e10800.pinmux PIN 77->80
[    0.618789] gpio gpiochip1: (gpio-32-63): created GPIO range 22->31 ==> 44e10800.pinmux PIN 56->65
[    0.619563] gpio gpiochip1: (gpio-32-63): added GPIO chardev (254:1)
[    0.619708] gpio gpiochip1: registered GPIOs 544 to 575 on gpio-32-63
[    0.622122] gpiochip_find_base_unlocked: found new base at 576
[    0.622216] gpio gpiochip2: (gpio-64-95): created GPIO range 0->4 ==> 44e10800.pinmux PIN 66->70
[    0.622235] gpio gpiochip2: (gpio-64-95): created GPIO range 5->6 ==> 44e10800.pinmux PIN 98->99
[    0.622251] gpio gpiochip2: (gpio-64-95): created GPIO range 7->8 ==> 44e10800.pinmux PIN 75->76
[    0.622266] gpio gpiochip2: (gpio-64-95): created GPIO range 13->13 ==> 44e10800.pinmux PIN 141->141
[    0.622282] gpio gpiochip2: (gpio-64-95): created GPIO range 14->21 ==> 44e10800.pinmux PIN 100->107
[    0.622979] gpio gpiochip2: (gpio-64-95): added GPIO chardev (254:2)
[    0.623118] gpio gpiochip2: registered GPIOs 576 to 607 on gpio-64-95
[    0.628735] 48000000.interconnect:segment@200000:target-module@0:mpu@0:fck: device ID is greater than 24
[    0.629626] /ocp/interconnect@48000000/segment@300000/target-module@e000/lcdc@0: Fixed dependency cycle(s) with /ocp/interconnect@44c00000/segment@200000/target-module@b000/i2c@0/tda19988@70
[    0.632743] /ocp/interconnect@48000000/segment@300000/target-module@e000/lcdc@0: Fixed dependency cycle(s) with /ocp/interconnect@44c00000/segment@200000/target-module@b000/i2c@0/tda19988@70
[    0.633490] /ocp/interconnect@44c00000/segment@200000/target-module@b000/i2c@0/tda19988@70: Fixed dependency cycle(s) with /ocp/interconnect@48000000/segment@300000/target-module@e000/lcdc@0
[    0.633663] /ocp/interconnect@48000000/segment@300000/target-module@e000/lcdc@0: Fixed dependency cycle(s) with /ocp/interconnect@44c00000/segment@200000/target-module@b000/i2c@0/tda19988@70
[    0.643384] mdio_bus 4a101000.mdio: using DT '/ocp/interconnect@4a000000/segment@0/target-module@100000/switch@0/mdio@1000' for 'reset' GPIO lookup
[    0.643457] of_get_named_gpiod_flags: can't parse 'reset-gpios' property of node '/ocp/interconnect@4a000000/segment@0/target-module@100000/switch@0/mdio@1000[0]'
[    0.643504] of_get_named_gpiod_flags: can't parse 'reset-gpio' property of node '/ocp/interconnect@4a000000/segment@0/target-module@100000/switch@0/mdio@1000[0]'
[    0.643550] mdio_bus 4a101000.mdio: using lookup tables for GPIO lookup
[    0.643559] mdio_bus 4a101000.mdio: No GPIO consumer reset found
[    0.644759] sdhci-omap 481d8000.mmc: using DT '/ocp/interconnect@48000000/segment@100000/target-module@d8000/mmc@0' for 'wp' GPIO lookup
[    0.644822] of_get_named_gpiod_flags: can't parse 'wp-gpios' property of node '/ocp/interconnect@48000000/segment@100000/target-module@d8000/mmc@0[0]'
[    0.644864] of_get_named_gpiod_flags: can't parse 'wp-gpio' property of node '/ocp/interconnect@48000000/segment@100000/target-module@d8000/mmc@0[0]'
[    0.644899] sdhci-omap 481d8000.mmc: using lookup tables for GPIO lookup
[    0.644908] sdhci-omap 481d8000.mmc: No GPIO consumer wp found
[    0.645104] sdhci-omap 481d8000.mmc: supply pbias not found, using dummy regulator
[    0.645595] sdhci-omap 481d8000.mmc: supply vqmmc not found, using dummy regulator
[    0.695015] davinci_mdio 4a101000.mdio: davinci mdio revision 1.6, bus freq 1000000
[    0.727160] mdio_bus 4a101000.mdio:00: using DT '/ocp/interconnect@4a000000/segment@0/target-module@100000/switch@0/mdio@1000/ethernet-phy@0' for 'reset' GPIO lookup
[    0.727263] of_get_named_gpiod_flags: parsed 'reset-gpios' property of node '/ocp/interconnect@4a000000/segment@0/target-module@100000/switch@0/mdio@1000/ethernet-phy@0[0]' - status (0)
[    0.727421] gpio gpiochip0: Persistence not supported for GPIO 8
[    0.863255] davinci_mdio 4a101000.mdio: phy[0]: device 4a101000.mdio:00, driver SMSC LAN8710/LAN8720
[    0.864031] cpsw-switch 4a100000.switch: initialized cpsw ale version 1.4
[    0.864051] cpsw-switch 4a100000.switch: ALE Table size 1024, Policers 0
[    0.864206] cpsw-switch 4a100000.switch: cpts: overflow check period 500 (jiffies)
[    0.864223] cpsw-switch 4a100000.switch: CPTS: ref_clk_freq:250000000 calc_mult:2147483648 calc_shift:29 error:0 nsec/sec
[    0.864335] cpsw-switch 4a100000.switch: Detected MACID = 6c:ec:eb:68:de:78
[    0.866162] cpsw-switch 4a100000.switch: initialized (regs 0x4a100000, pool size 256) hw_ver:0019010C 1.12 (0)
[    0.877197] debugfs: Directory '49000000.dma' with parent 'dmaengine' already present!
[    0.877239] edma 49000000.dma: TI EDMA DMA engine driver
[    0.896704] target-module@4b000000:target-module@140000:pmu@0:fck: device ID is greater than 24
[    0.918267] hw perfevents: enabled with armv7_cortex_a8 PMU driver, 5 (8000000f) counters available
[    0.919187] gpio-clk clk_mcasp0: using DT '/clk_mcasp0' for 'enable' GPIO lookup
[    0.919254] of_get_named_gpiod_flags: parsed 'enable-gpios' property of node '/clk_mcasp0[0]' - status (0)
[    0.919298] gpio gpiochip0: Persistence not supported for GPIO 27
[    0.920108] gpiochip_find_base_unlocked: found new base at 608
[    0.920218] gpio gpiochip3: (gpio-96-127): created GPIO range 0->7 ==> 44e10800.pinmux PIN 82->89
[    0.920238] gpio gpiochip3: (gpio-96-127): created GPIO range 8->11 ==> 44e10800.pinmux PIN 52->55
[    0.920253] gpio gpiochip3: (gpio-96-127): created GPIO range 12->15 ==> 44e10800.pinmux PIN 94->97
[    0.920269] gpio gpiochip3: (gpio-96-127): created GPIO range 16->17 ==> 44e10800.pinmux PIN 71->72
[    0.920286] gpio gpiochip3: (gpio-96-127): created GPIO range 18->18 ==> 44e10800.pinmux PIN 135->135
[    0.920303] gpio gpiochip3: (gpio-96-127): created GPIO range 19->20 ==> 44e10800.pinmux PIN 108->109
[    0.920320] gpio gpiochip3: (gpio-96-127): created GPIO range 21->21 ==> 44e10800.pinmux PIN 73->73
[    0.920338] gpio gpiochip3: (gpio-96-127): created GPIO range 22->23 ==> 44e10800.pinmux PIN 8->9
[    0.920355] gpio gpiochip3: (gpio-96-127): created GPIO range 26->27 ==> 44e10800.pinmux PIN 10->11
[    0.920372] gpio gpiochip3: (gpio-96-127): created GPIO range 28->28 ==> 44e10800.pinmux PIN 74->74
[    0.920390] gpio gpiochip3: (gpio-96-127): created GPIO range 29->29 ==> 44e10800.pinmux PIN 81->81
[    0.920408] gpio gpiochip3: (gpio-96-127): created GPIO range 30->31 ==> 44e10800.pinmux PIN 28->29
[    0.925994] l3-aon-clkctrl:0000:0: failed to disable
[    0.946702] gpio gpiochip3: (gpio-96-127): added GPIO chardev (254:3)
[    0.946857] gpio gpiochip3: registered GPIOs 608 to 639 on gpio-96-127
[    0.948775] omap8250 44e09000.serial: using DT '/ocp/interconnect@44c00000/segment@200000/target-module@9000/serial@0' for 'rs485-term' GPIO lookup
[    0.948845] of_get_named_gpiod_flags: can't parse 'rs485-term-gpios' property of node '/ocp/interconnect@44c00000/segment@200000/target-module@9000/serial@0[0]'
[    0.948889] of_get_named_gpiod_flags: can't parse 'rs485-term-gpio' property of node '/ocp/interconnect@44c00000/segment@200000/target-module@9000/serial@0[0]'
[    0.948926] omap8250 44e09000.serial: using lookup tables for GPIO lookup
[    0.948935] omap8250 44e09000.serial: No GPIO consumer rs485-term found
[    0.948944] omap8250 44e09000.serial: using DT '/ocp/interconnect@44c00000/segment@200000/target-module@9000/serial@0' for 'rs485-rx-during-tx' GPIO lookup
[    0.948980] of_get_named_gpiod_flags: can't parse 'rs485-rx-during-tx-gpios' property of node '/ocp/interconnect@44c00000/segment@200000/target-module@9000/serial@0[0]'
[    0.949017] of_get_named_gpiod_flags: can't parse 'rs485-rx-during-tx-gpio' property of node '/ocp/interconnect@44c00000/segment@200000/target-module@9000/serial@0[0]'
[    0.949048] omap8250 44e09000.serial: using lookup tables for GPIO lookup
[    0.949055] omap8250 44e09000.serial: No GPIO consumer rs485-rx-during-tx found
[    0.949465] 44e09000.serial: ttyS0 at MMIO 0x44e09000 (irq = 34, base_baud = 3000000) is a 8250
[    0.949555] printk: legacy console [ttyS0] enabled
[    2.422630] i2c i2c-0: using DT '/ocp/interconnect@44c00000/segment@200000/target-module@b000/i2c@0' for 'scl' GPIO lookup
[    2.422719] of_get_named_gpiod_flags: can't parse 'scl-gpios' property of node '/ocp/interconnect@44c00000/segment@200000/target-module@b000/i2c@0[0]'
[    2.422767] of_get_named_gpiod_flags: can't parse 'scl-gpio' property of node '/ocp/interconnect@44c00000/segment@200000/target-module@b000/i2c@0[0]'
[    2.422808] i2c i2c-0: using lookup tables for GPIO lookup
[    2.422822] i2c i2c-0: No GPIO consumer scl found
[    2.422848] i2c i2c-0: using DT '/ocp/interconnect@44c00000/segment@200000/target-module@b000/i2c@0' for 'sda' GPIO lookup
[    2.422888] of_get_named_gpiod_flags: can't parse 'sda-gpios' property of node '/ocp/interconnect@44c00000/segment@200000/target-module@b000/i2c@0[0]'
[    2.422929] of_get_named_gpiod_flags: can't parse 'sda-gpio' property of node '/ocp/interconnect@44c00000/segment@200000/target-module@b000/i2c@0[0]'
[    2.422964] i2c i2c-0: using lookup tables for GPIO lookup
[    2.422975] i2c i2c-0: No GPIO consumer sda found
[    2.442266] tps65217-pmic: Failed to locate of_node [id: -1]
[    2.448318] tps65217-bl: Failed to locate of_node [id: -1]
[    2.455816] platform tps65217-charger: DMA mask not set
[    2.463143] platform tps65217-pwrbutton: DMA mask not set
[    2.470932] tps65217 0-0024: TPS65217 ID 0xe version 1.2
[    2.477047] /ocp/interconnect@48000000/segment@300000/target-module@e000/lcdc@0: Fixed dependency cycle(s) with /ocp/interconnect@44c00000/segment@200000/target-module@b000/i2c@0/tda19988@70
[    2.494417] /ocp/interconnect@44c00000/segment@200000/target-module@b000/i2c@0/tda19988@70: Fixed dependency cycle(s) with /ocp/interconnect@48000000/segment@300000/target-module@e000/lcdc@0
[    2.511784] omap_i2c 44e0b000.i2c: bus 0 rev0.11 at 400 kHz
[    2.519494] sdhci-omap 48060000.mmc: using DT '/ocp/interconnect@48000000/segment@0/target-module@60000/mmc@0' for 'cd' GPIO lookup
[    2.519602] of_get_named_gpiod_flags: parsed 'cd-gpios' property of node '/ocp/interconnect@48000000/segment@0/target-module@60000/mmc@0[0]' - status (0)
[    2.519672] gpio gpiochip3: Persistence not supported for GPIO 6
[    2.519698] omap_gpio 44e07000.gpio: Could not set line 6 debounce to 200000 microseconds (-22)
[    2.528566] sdhci-omap 48060000.mmc: Got CD GPIO
[    2.533246] sdhci-omap 48060000.mmc: using DT '/ocp/interconnect@48000000/segment@0/target-module@60000/mmc@0' for 'wp' GPIO lookup
[    2.533294] of_get_named_gpiod_flags: can't parse 'wp-gpios' property of node '/ocp/interconnect@48000000/segment@0/target-module@60000/mmc@0[0]'
[    2.533337] of_get_named_gpiod_flags: can't parse 'wp-gpio' property of node '/ocp/interconnect@48000000/segment@0/target-module@60000/mmc@0[0]'
[    2.533376] sdhci-omap 48060000.mmc: using lookup tables for GPIO lookup
[    2.533390] sdhci-omap 48060000.mmc: No GPIO consumer wp found
[    2.533601] sdhci-omap 48060000.mmc: supply pbias not found, using dummy regulator
[    2.542410] sdhci-omap 481d8000.mmc: using DT '/ocp/interconnect@48000000/segment@100000/target-module@d8000/mmc@0' for 'wp' GPIO lookup
[    2.542500] of_get_named_gpiod_flags: can't parse 'wp-gpios' property of node '/ocp/interconnect@48000000/segment@100000/target-module@d8000/mmc@0[0]'
[    2.542548] of_get_named_gpiod_flags: can't parse 'wp-gpio' property of node '/ocp/interconnect@48000000/segment@100000/target-module@d8000/mmc@0[0]'
[    2.542588] sdhci-omap 481d8000.mmc: using lookup tables for GPIO lookup
[    2.542602] sdhci-omap 481d8000.mmc: No GPIO consumer wp found
[    2.543609] sdhci-omap 48060000.mmc: supply vqmmc not found, using dummy regulator
[    2.552583] sdhci-omap 481d8000.mmc: supply pbias not found, using dummy regulator
[    2.560574] sdhci-omap 481d8000.mmc: supply vqmmc not found, using dummy regulator
[    2.598896] mmc1: SDHCI controller on 481d8000.mmc [481d8000.mmc] using External DMA
[    2.607376] mmc0: SDHCI controller on 48060000.mmc [48060000.mmc] using External DMA
[    2.616229] cpsw-switch 4a100000.switch: starting ndev. mode: dual_mac
[    2.660457] mmc0: new high speed SDHC card at address 5048
[    2.667517] mmcblk0: mmc0:5048 SD16G 14.4 GiB
[    2.675549]  mmcblk0: p1 p2
[    2.678947] mmcblk0: p2 size 31221760 extends beyond EOD, truncated
[    2.692584] SMSC LAN8710/LAN8720 4a101000.mdio:00: attached PHY driver (mii_bus:phy_addr=4a101000.mdio:00, irq=POLL)
[    2.704685] mmc1: new high speed MMC card at address 0001
[    2.711643] mmcblk1: mmc1:0001 MMC04G 3.60 GiB
[    2.723635]  mmcblk1: p1 p2
[    2.727892] mmcblk1boot0: mmc1:0001 MMC04G 2.00 MiB
[    2.735172] mmcblk1boot1: mmc1:0001 MMC04G 2.00 MiB
[    2.742516] mmcblk1rpmb: mmc1:0001 MMC04G 128 KiB, chardev (250:0)
[    5.842055] cpsw-switch 4a100000.switch eth0: Link is Up - 100Mbps/Full - flow control off
[    5.871313] IP-Config: Complete:
[    5.874585]      device=eth0, hwaddr=6c:ec:eb:68:de:78, ipaddr=192.168.255.1, mask=255.255.255.0, gw=255.255.255.255
[    5.885225]      host=bbb1, domain=, nis-domain=(none)
[    5.890393]      bootserver=192.168.255.126, rootserver=192.168.255.126, rootpath=
[    5.890829] clk: Disabling unused clocks
[    5.902699] PM: genpd: Disabling unused power domains
[    5.907820] KTAP version 1
[    5.910541] 1..0
[    5.935652] VFS: Mounted root (nfs filesystem) on device 0:17.
[    5.942723] devtmpfs: mounted
[    5.947208] Freeing unused kernel image (initmem) memory: 1024K
[    5.954060] Run /sbin/init as init process
[    5.958194]   with arguments:
[    5.958206]     /sbin/init
[    5.958216]     nfsrootdebug
[    5.958225]   with environment:
[    5.958233]     HOME=/
[    5.958241]     TERM=linux
[    6.653865] systemd[1]: System time before build time, advancing clock.
[    8.141313] random: crng init done
[    8.183927] systemd[1]: systemd 232 running in system mode. (+PAM +AUDIT +SELINUX +IMA +APPARMOR +SMACK +SYSVINIT +UTMP +LIBCRYPTSETUP +GCRYPT +GNUTLS +ACL +XZ +LZ4 +SECCOMP +BLKID +ELFUTILS +KMOD +IDN)
[    8.202934] systemd[1]: Detected architecture arm.
[    8.234634] systemd[1]: Set hostname to <arm>.
[    9.326906] systemd[1]: Started Forward Password Requests to Wall Directory Watch.
[    9.363576] systemd[1]: Listening on Journal Socket (/dev/log).
[    9.391710] systemd[1]: Reached target Remote File Systems.
[    9.421644] systemd[1]: Reached target Swap.
[    9.442365] systemd[1]: Listening on Journal Audit Socket.
[    9.471913] systemd[1]: Listening on udev Kernel Socket.
[    9.501935] systemd[1]: Listening on Syslog Socket.
[   11.561245] systemd-journald[87]: Received request to flush runtime journal from PID 1
[   14.391670] leds-gpio leds: using DT '/leds/led2' for '(default)' GPIO lookup
[   14.391779] of_get_named_gpiod_flags: parsed 'gpios' property of node '/leds/led2[0]' - status (0)
[   14.391839] gpio gpiochip0: Persistence not supported for GPIO 21
[   14.391856] gpio-533 (?): no flags found for GPIO (default)
[   14.453892] leds-gpio leds: using DT '/leds/led3' for '(default)' GPIO lookup
[   14.454136] of_get_named_gpiod_flags: parsed 'gpios' property of node '/leds/led3[0]' - status (0)
[   14.454208] gpio gpiochip0: Persistence not supported for GPIO 22
[   14.454224] gpio-534 (?): no flags found for GPIO (default)
[   14.492502] leds-gpio leds: using DT '/leds/led4' for '(default)' GPIO lookup
[   14.492796] of_get_named_gpiod_flags: parsed 'gpios' property of node '/leds/led4[0]' - status (0)
[   14.492858] gpio gpiochip0: Persistence not supported for GPIO 23
[   14.492874] gpio-535 (?): no flags found for GPIO (default)
[   14.571770] leds-gpio leds: using DT '/leds/led5' for '(default)' GPIO lookup
[   14.571876] of_get_named_gpiod_flags: parsed 'gpios' property of node '/leds/led5[0]' - status (0)
[   14.571931] gpio gpiochip0: Persistence not supported for GPIO 24
[   14.571947] gpio-536 (?): no flags found for GPIO (default)
[   14.891724] remoteproc remoteproc0: wkup_m3 is available
[   14.947570] at24 2-0054: supply vcc not found, using dummy regulator
[   14.986041] omap_wdt: OMAP Watchdog Timer Rev 0x01: initial timeout 60 sec
[   15.079521] at24 2-0055: supply vcc not found, using dummy regulator
[   15.200009] at24 2-0056: supply vcc not found, using dummy regulator
[   15.254129] at24 2-0057: supply vcc not found, using dummy regulator
[   15.343593] input: tps65217_pwrbutton as /devices/platform/ocp/44c00000.interconnect/44c00000.interconnect:segment@200000/44e0b000.target-module/44e0b000.i2c/i2c-0/0-0024/tps65217-pwrbutton/input/input0
[   15.416627] at24 0-0050: using DT '/ocp/interconnect@44c00000/segment@200000/target-module@b000/i2c@0/eeprom@50' for 'wp' GPIO lookup
[   15.416984] of_get_named_gpiod_flags: can't parse 'wp-gpios' property of node '/ocp/interconnect@44c00000/segment@200000/target-module@b000/i2c@0/eeprom@50[0]'
[   15.417115] of_get_named_gpiod_flags: can't parse 'wp-gpio' property of node '/ocp/interconnect@44c00000/segment@200000/target-module@b000/i2c@0/eeprom@50[0]'
[   15.417209] at24 0-0050: using lookup tables for GPIO lookup
[   15.417226] at24 0-0050: No GPIO consumer wp found
[   15.417831] at24 0-0050: 32768 byte 24c256 EEPROM, writable, 1 bytes/write
[   15.442311] omap_rtc 44e3e000.rtc: registered as rtc0
[   15.447490] omap_rtc 44e3e000.rtc: setting system clock to 2000-01-01T00:00:00 UTC (946684800)
[   15.456290] omap_rtc 44e3e000.rtc: using DT '/ocp/interconnect@44c00000/segment@200000/target-module@3e000/rtc@0' for 'wp' GPIO lookup
[   15.456361] of_get_named_gpiod_flags: can't parse 'wp-gpios' property of node '/ocp/interconnect@44c00000/segment@200000/target-module@3e000/rtc@0[0]'
[   15.456411] of_get_named_gpiod_flags: can't parse 'wp-gpio' property of node '/ocp/interconnect@44c00000/segment@200000/target-module@3e000/rtc@0[0]'
[   15.456452] omap_rtc 44e3e000.rtc: using lookup tables for GPIO lookup
[   15.456466] omap_rtc 44e3e000.rtc: No GPIO consumer wp found
[   15.459425] wkup_m3_ipc 44e11324.wkup_m3_ipc: IPC Request for A8->M3 Channel failed! -517
[   15.935176] wkup_m3_ipc 44e11324.wkup_m3_ipc: IPC Request for A8->M3 Channel failed! -517
[   15.960652] am335x-phy-driver 47401300.usb-phy: using DT '/ocp/target-module@47400000/usb-phy@1300' for 'reset' GPIO lookup
[   15.960750] of_get_named_gpiod_flags: can't parse 'reset-gpios' property of node '/ocp/target-module@47400000/usb-phy@1300[0]'
[   15.960797] of_get_named_gpiod_flags: can't parse 'reset-gpio' property of node '/ocp/target-module@47400000/usb-phy@1300[0]'
[   15.960836] am335x-phy-driver 47401300.usb-phy: using lookup tables for GPIO lookup
[   15.960850] am335x-phy-driver 47401300.usb-phy: No GPIO consumer reset found
[   15.960864] am335x-phy-driver 47401300.usb-phy: using DT '/ocp/target-module@47400000/usb-phy@1300' for 'vbus-detect' GPIO lookup
[   15.960897] of_get_named_gpiod_flags: can't parse 'vbus-detect-gpios' property of node '/ocp/target-module@47400000/usb-phy@1300[0]'
[   15.960929] of_get_named_gpiod_flags: can't parse 'vbus-detect-gpio' property of node '/ocp/target-module@47400000/usb-phy@1300[0]'
[   15.960956] am335x-phy-driver 47401300.usb-phy: using lookup tables for GPIO lookup
[   15.960968] am335x-phy-driver 47401300.usb-phy: No GPIO consumer vbus-detect found
[   15.961113] am335x-phy-driver 47401300.usb-phy: dummy supplies not allowed for exclusive requests (id=vbus)
[   16.204277] am335x-phy-driver 47401b00.usb-phy: using DT '/ocp/target-module@47400000/usb-phy@1b00' for 'reset' GPIO lookup
[   16.204372] of_get_named_gpiod_flags: can't parse 'reset-gpios' property of node '/ocp/target-module@47400000/usb-phy@1b00[0]'
[   16.204417] of_get_named_gpiod_flags: can't parse 'reset-gpio' property of node '/ocp/target-module@47400000/usb-phy@1b00[0]'
[   16.204455] am335x-phy-driver 47401b00.usb-phy: using lookup tables for GPIO lookup
[   16.204469] am335x-phy-driver 47401b00.usb-phy: No GPIO consumer reset found
[   16.204484] am335x-phy-driver 47401b00.usb-phy: using DT '/ocp/target-module@47400000/usb-phy@1b00' for 'vbus-detect' GPIO lookup
[   16.204515] of_get_named_gpiod_flags: can't parse 'vbus-detect-gpios' property of node '/ocp/target-module@47400000/usb-phy@1b00[0]'
[   16.204547] of_get_named_gpiod_flags: can't parse 'vbus-detect-gpio' property of node '/ocp/target-module@47400000/usb-phy@1b00[0]'
[   16.204574] am335x-phy-driver 47401b00.usb-phy: using lookup tables for GPIO lookup
[   16.204586] am335x-phy-driver 47401b00.usb-phy: No GPIO consumer vbus-detect found
[   16.204734] am335x-phy-driver 47401b00.usb-phy: dummy supplies not allowed for exclusive requests (id=vbus)
[   16.216115] wkup_m3_ipc 44e11324.wkup_m3_ipc: IPC Request for A8->M3 Channel failed! -517
[   16.358478] wkup_m3_ipc 44e11324.wkup_m3_ipc: IPC Request for A8->M3 Channel failed! -517
[   16.534226] usbcore: registered new interface driver usbfs
[   16.539865] usbcore: registered new interface driver hub
[   16.545551] usbcore: registered new device driver usb
[   16.930416] tda998x 0-0070: found TDA19988
[   17.050024] wkup_m3_ipc 44e11324.wkup_m3_ipc: IPC Request for A8->M3 Channel failed! -517
[   17.205620] wkup_m3_ipc 44e11324.wkup_m3_ipc: IPC Request for A8->M3 Channel failed! -517
[   17.266614] musb-hdrc musb-hdrc.1: MUSB HDRC host driver
[   17.272187] musb-hdrc musb-hdrc.1: new USB bus registered, assigned bus number 1
[   17.344010] omap-mailbox 480c8000.mailbox: omap mailbox rev 0x400
[   17.458176] remoteproc remoteproc0: powering up wkup_m3
[   17.581832] usb usb1: New USB device found, idVendor=1d6b, idProduct=0002, bcdDevice= 6.14
[   17.590315] usb usb1: New USB device strings: Mfr=3, Product=2, SerialNumber=1
[   17.597695] usb usb1: Product: MUSB HDRC host driver
[   17.602730] usb usb1: Manufacturer: Linux 6.14.0-rc7-next-20250319 musb-hcd
[   17.609731] usb usb1: SerialNumber: musb-hdrc.1
[   17.647140] remoteproc remoteproc0: Direct firmware load for am335x-pm-firmware.elf failed with error -2
[   17.656846] remoteproc remoteproc0: request_firmware failed: -2
[   17.662853] wkup_m3_ipc 44e11324.wkup_m3_ipc: rproc_boot failed
[   18.047707] hub 1-0:1.0: USB hub found
[   18.069437] hub 1-0:1.0: 1 port detected
[   19.613958] omap_rng 48310000.rng: Random Number Generator ver. 20
[   19.875704] tilcdc 4830e000.lcdc: bound 0-0070 (ops tda998x_audio_codec_init [tda998x])
[   19.937664] [drm] Initialized tilcdc 1.0.0 for 4830e000.lcdc on minor 0
[   19.984158] tilcdc 4830e000.lcdc: [drm] Cannot find any crtc or sizes
[   19.992390] tilcdc 4830e000.lcdc: [drm] Cannot find any crtc or sizes
[   20.499871] PM: Cannot get wkup_m3_ipc handle
[   20.671527] omap-sham 53100000.sham: hw accel on OMAP rev 4.3
[   20.747326] omap-sham 53100000.sham: will run requests pump with realtime priority
[   20.756089] PM: Cannot get wkup_m3_ipc handle
[   20.865147] omap-aes 53500000.aes: OMAP AES hw accel rev: 3.2
[   20.954906] omap-aes 53500000.aes: will run requests pump with realtime priority
[   20.977483] PM: Cannot get wkup_m3_ipc handle
[   24.655006] tda998x 0-0070: using DT '/ocp/interconnect@44c00000/segment@200000/target-module@b000/i2c@0/tda19988@70' for 'nxp,calib' GPIO lookup
[   24.655149] of_get_named_gpiod_flags: parsed 'nxp,calib-gpios' property of node '/ocp/interconnect@44c00000/segment@200000/target-module@b000/i2c@0/tda19988@70[0]' - status (0)
[   24.655237] gpio gpiochip0: Persistence not supported for GPIO 25
[   24.655252] gpio-537 (nxp,calib): no flags found for GPIO nxp,calib
[   24.676286] gpio-537 (nxp,calib): gpiod_direction_output_nonotify: tried to set a GPIO tied to an IRQ as output
[   24.702248] PM: Cannot get wkup_m3_ipc handle
[   24.708020] asoc-simple-card sound: using DT '/sound' for 'simple-audio-card,hp-det' GPIO lookup
[   24.708091] of_get_named_gpiod_flags: can't parse 'simple-audio-card,hp-det-gpios' property of node '/sound[0]'
[   24.708127] of_get_named_gpiod_flags: can't parse 'simple-audio-card,hp-det-gpio' property of node '/sound[0]'
[   24.708152] asoc-simple-card sound: using lookup tables for GPIO lookup
[   24.708166] asoc-simple-card sound: No GPIO consumer simple-audio-card,hp-det found
[   24.708181] asoc-simple-card sound: using DT '/sound' for 'simple-audio-card,mic-det' GPIO lookup
[   24.708206] of_get_named_gpiod_flags: can't parse 'simple-audio-card,mic-det-gpios' property of node '/sound[0]'
[   24.708232] of_get_named_gpiod_flags: can't parse 'simple-audio-card,mic-det-gpio' property of node '/sound[0]'
[   24.708251] asoc-simple-card sound: using lookup tables for GPIO lookup
[   24.708263] asoc-simple-card sound: No GPIO consumer simple-audio-card,mic-det found
[   24.853472] PM: Cannot get wkup_m3_ipc handle
[   24.994861] tda9950 0-0034: TDA9950 CEC interface, hardware version 3.3
[   25.048018] Bluetooth: Core ver 2.22
[   25.052047] NET: Registered PF_BLUETOOTH protocol family
[   25.057400] Bluetooth: HCI device and connection manager initialized
[   25.063925] Bluetooth: HCI socket layer initialized
[   25.068842] Bluetooth: L2CAP socket layer initialized
[   25.074005] Bluetooth: SCO socket layer initialized
[   25.153031] PM: Cannot get wkup_m3_ipc handle
[   28.630600] userial_init: registered 8 ttyGS* devices
[   28.823406] rndis_register: configNr = 0
[   28.888981] udc musb-hdrc.0: binding gadget driver [g_multi]
[   28.889090] configfs-gadget.g_multi gadget.0: adding 'rndis'/6a299a5d to config 'c'/6b1d4176
[   28.890231] configfs-gadget.g_multi gadget.0: HOST MAC 1c:ba:8c:a2:ed:6c
[   28.897271] configfs-gadget.g_multi gadget.0: MAC 1c:ba:8c:a2:ed:70
[   28.903814] rndis_set_param_medium: 0 0
[   28.903842] configfs-gadget.g_multi gadget.0: RNDIS: IN/ep1in OUT/ep1out NOTIFY/ep2in
[   28.903860] configfs-gadget.g_multi gadget.0: adding 'cdc_ethernet'/807cbc81 to config 'c'/6b1d4176
[   28.904783] configfs-gadget.g_multi gadget.0: HOST MAC 1c:ba:8c:a2:ed:6c
[   28.911641] configfs-gadget.g_multi gadget.0: MAC 1c:ba:8c:a2:ed:6d
[   28.917978] configfs-gadget.g_multi gadget.0: CDC Ethernet: IN/ep3in OUT/ep2out NOTIFY/ep4in
[   28.917996] configfs-gadget.g_multi gadget.0: adding 'acm'/a2a911fa to config 'c'/6b1d4176
[   28.918028] configfs-gadget.g_multi gadget.0: acm ttyGS0: IN/ep5in OUT/ep3out NOTIFY/ep6in
[   28.942002] PM: Cannot get wkup_m3_ipc handle
[   31.206694] configfs-gadget.g_multi gadget.0: eth_open
[   35.061900] gs_open: ttyGS0 (dac3dcd4,bfee5637)
[   35.062053] gs_close: ttyGS0 (dac3dcd4,bfee5637) ...
[   35.062077] gs_close: ttyGS0 (dac3dcd4,bfee5637) done!
[   35.069769] gs_open: ttyGS0 (dac3dcd4,561e767c)
[   35.069927] gs_close: ttyGS0 (dac3dcd4,561e767c) ...
[   35.069950] gs_close: ttyGS0 (dac3dcd4,561e767c) done!
[   35.257206] gs_open: ttyGS0 (dac3dcd4,bb411fa1)
[   35.257473] gs_close: ttyGS0 (dac3dcd4,bb411fa1) ...
[   35.257506] gs_close: ttyGS0 (dac3dcd4,bb411fa1) done!
[   35.272323] gs_open: ttyGS0 (dac3dcd4,bb411fa1)
CQJEPUWWAO 0
root@arm:~# echo 'NUZH''HNBWBF'
NUZHHNBWBF
root@arm:~# MARKER='NJXU''SMXXXK' run 'modprobe test_linear_ranges'
NJXUSMXXXKNJXUSMXXXK 0
root@arm:~# echo 'CJNE''EPVAQY'
CJNEEPVAQY
root@arm:~# MARKER='NAAP''KPUNHF' run dmesg
NAAPKPUNHF[    0.000000] Booting Linux on physical CPU 0x0
[    0.000000] Linux version 6.14.0-rc7-next-20250319 (user01@drvtest01) (arm-none-eabi-gcc (Arm GNU Toolchain 14.2.Rel1 (Build arm-14.52)) 14.2.1 20241119, GNU ld (Arm GNU Toolchain 14.2.Rel1 (Build arm-14.52)) 2.43.1.20241119) #1 SMP Wed Mar 19 12:52:39 EET 2025
[    0.000000] CPU: ARMv7 Processor [413fc082] revision 2 (ARMv7), cr=10c5387d
[    0.000000] CPU: PIPT / VIPT nonaliasing data cache, VIPT aliasing instruction cache
[    0.000000] OF: fdt: Machine model: TI AM335x BeagleBone Black
[    0.000000] Memory policy: Data cache writeback
[    0.000000] cma: Reserved 16 MiB at 0x00000000
[    0.000000] Zone ranges:
[    0.000000]   Normal   [mem 0x0000000080000000-0x000000009fdfffff]
[    0.000000]   HighMem  empty
[    0.000000] Movable zone start for each node
[    0.000000] Early memory node ranges
[    0.000000]   node   0: [mem 0x0000000080000000-0x000000009fdfffff]
[    0.000000] Initmem setup node 0 [mem 0x0000000080000000-0x000000009fdfffff]
[    0.000000] OF: reserved mem: Reserved memory: No reserved-memory node in the DT
[    0.000000] CPU: All CPU(s) started in SVC mode.
[    0.000000] AM335X ES2.1 (sgx neon)
[    0.000000] percpu: Embedded 17 pages/cpu s39692 r8192 d21748 u69632
[    0.000000] pcpu-alloc: s39692 r8192 d21748 u69632 alloc=17*4096
[    0.000000] pcpu-alloc: [0] 0 
[    0.000000] Kernel command line: console=ttyO0,115200n8 root=/dev/nfs rw nfsroot=192.168.255.126:/home/user01/nfs,nfsvers=3 ip=192.168.255.1:192.168.255.126::255.255.255.0:bbb1:eth0 nfsrootdebug
[    0.000000] Unknown kernel command line parameters "nfsrootdebug", will be passed to user space.
[    0.000000] printk: log buffer data + meta data: 65536 + 204800 = 270336 bytes
[    0.000000] Dentry cache hash table entries: 65536 (order: 6, 262144 bytes, linear)
[    0.000000] Inode-cache hash table entries: 32768 (order: 5, 131072 bytes, linear)
[    0.000000] Built 1 zonelists, mobility grouping on.  Total pages: 130560
[    0.000000] mem auto-init: stack:off, heap alloc:off, heap free:off
[    0.000000] SLUB: HWalign=16, Order=0-3, MinObjects=0, CPUs=1, Nodes=1
[    0.000000] rcu: Hierarchical RCU implementation.
[    0.000000] rcu: 	RCU event tracing is enabled.
[    0.000000] rcu: 	RCU restricting CPUs from NR_CPUS=2 to nr_cpu_ids=1.
[    0.000000] 	Tracing variant of Tasks RCU enabled.
[    0.000000] rcu: RCU calculated value of scheduler-enlistment delay is 10 jiffies.
[    0.000000] rcu: Adjusting geometry for rcu_fanout_leaf=16, nr_cpu_ids=1
[    0.000000] RCU Tasks Trace: Setting shift to 0 and lim to 1 rcu_task_cb_adjust=1 rcu_task_cpu_ids=1.
[    0.000000] NR_IRQS: 16, nr_irqs: 16, preallocated irqs: 16
[    0.000000] IRQ: Found an INTC at 0x(ptrval) (revision 5.0) with 128 interrupts
[    0.000000] rcu: srcu_init: Setting srcu_struct sizes based on contention.
[    0.000000] TI gptimer clocksource: always-on /ocp/interconnect@44c00000/segment@200000/target-module@31000
[    0.000003] sched_clock: 32 bits at 24MHz, resolution 41ns, wraps every 89478484971ns
[    0.000027] clocksource: dmtimer: mask: 0xffffffff max_cycles: 0xffffffff, max_idle_ns: 79635851949 ns
[    0.000509] TI gptimer clockevent: 24000000 Hz at /ocp/interconnect@48000000/segment@0/target-module@40000
[    0.002153] Console: colour dummy device 80x30
[    0.002218] WARNING: Your 'console=ttyO0' has been replaced by 'ttyS0'
[    0.002225] This ensures that you still see kernel messages. Please
[    0.002229] update your kernel commandline.
[    0.002271] Calibrating delay loop... 996.14 BogoMIPS (lpj=4980736)
[    0.090558] CPU: Testing write buffer coherency: ok
[    0.090673] CPU0: Spectre v2: using BPIALL workaround
[    0.090684] pid_max: default: 32768 minimum: 301
[    0.090841] LSM: initializing lsm=capability
[    0.091020] Mount-cache hash table entries: 1024 (order: 0, 4096 bytes, linear)
[    0.091042] Mountpoint-cache hash table entries: 1024 (order: 0, 4096 bytes, linear)
[    0.092660] CPU0: thread -1, cpu 0, socket -1, mpidr 0
[    0.092719] cacheinfo: Unable to detect cache hierarchy for CPU 0
[    0.150744] Setting up static identity map for 0x80100000 - 0x80100078
[    0.160704] rcu: Hierarchical SRCU implementation.
[    0.160716] rcu: 	Max phase no-delay instances is 1000.
[    0.162478] smp: Bringing up secondary CPUs ...
[    0.162531] smp: Brought up 1 node, 1 CPU
[    0.162544] SMP: Total of 1 processors activated (996.14 BogoMIPS).
[    0.162555] CPU: All CPU(s) started in SVC mode.
[    0.162747] Memory: 480824K/522240K available (11264K kernel code, 1218K rwdata, 2972K rodata, 1024K init, 286K bss, 23384K reserved, 16384K cma-reserved, 0K highmem)
[    0.163580] devtmpfs: initialized
[    0.180900] VFP support v0.3: implementor 41 architecture 3 part 30 variant c rev 3
[    0.181592] clocksource: jiffies: mask: 0xffffffff max_cycles: 0xffffffff, max_idle_ns: 19112604462750000 ns
[    0.181632] posixtimers hash table entries: 512 (order: 0, 4096 bytes, linear)
[    0.181652] futex hash table entries: 256 (order: 2, 16384 bytes, linear)
[    0.182782] pinctrl core: initialized pinctrl subsystem
[    0.184880] NET: Registered PF_NETLINK/PF_ROUTE protocol family
[    0.187670] DMA: preallocated 256 KiB pool for atomic coherent allocations
[    0.188616] audit: initializing netlink subsys (disabled)
[    0.190013] thermal_sys: Registered thermal governor 'fair_share'
[    0.190029] thermal_sys: Registered thermal governor 'step_wise'
[    0.190038] thermal_sys: Registered thermal governor 'user_space'
[    0.190153] audit: type=2000 audit(0.000:1): state=initialized audit_enabled=0 res=1
[    0.190223] cpuidle: using governor menu
[    0.208389] /ocp/interconnect@44c00000/segment@200000/target-module@b000/i2c@0/tda19988@70: Fixed dependency cycle(s) with /ocp/interconnect@48000000/segment@300000/target-module@e000/lcdc@0
[    0.209505] /ocp/interconnect@48000000/segment@300000/target-module@e000/lcdc@0: Fixed dependency cycle(s) with /ocp/interconnect@44c00000/segment@200000/target-module@b000/i2c@0/tda19988@70
[    0.211937] No ATAGs?
[    0.211980] hw-breakpoint: debug architecture 0x4 unsupported.
[    0.214698] kprobes: kprobe jump-optimization is enabled. All kprobes are optimized if possible.
[    0.223978] iommu: Default domain type: Translated
[    0.224001] iommu: DMA domain TLB invalidation policy: strict mode
[    0.225577] reg-fixed-voltage fixedregulator0: using DT '/fixedregulator0' for '(default)' GPIO lookup
[    0.225631] of_get_named_gpiod_flags: can't parse 'gpios' property of node '/fixedregulator0[0]'
[    0.225660] of_get_named_gpiod_flags: can't parse 'gpio' property of node '/fixedregulator0[0]'
[    0.225677] reg-fixed-voltage fixedregulator0: using lookup tables for GPIO lookup
[    0.225688] reg-fixed-voltage fixedregulator0: No GPIO consumer (default) found
[    0.231608] SCSI subsystem initialized
[    0.232093] libata version 3.00 loaded.
[    0.232481] pps_core: LinuxPPS API ver. 1 registered
[    0.232492] pps_core: Software ver. 5.3.6 - Copyright 2005-2007 Rodolfo Giometti <giometti@linux.it>
[    0.232518] PTP clock support registered
[    0.240917] vgaarb: loaded
[    0.241291] clocksource: Switched to clocksource dmtimer
[    0.241966] VFS: Disk quotas dquot_6.6.0
[    0.242026] VFS: Dquot-cache hash table entries: 1024 (order 0, 4096 bytes)
[    0.266509] NET: Registered PF_INET protocol family
[    0.266853] IP idents hash table entries: 8192 (order: 4, 65536 bytes, linear)
[    0.268278] tcp_listen_portaddr_hash hash table entries: 512 (order: 0, 4096 bytes, linear)
[    0.268313] Table-perturb hash table entries: 65536 (order: 6, 262144 bytes, linear)
[    0.268332] TCP established hash table entries: 4096 (order: 2, 16384 bytes, linear)
[    0.268378] TCP bind hash table entries: 4096 (order: 4, 65536 bytes, linear)
[    0.268478] TCP: Hash tables configured (established 4096 bind 4096)
[    0.268597] UDP hash table entries: 256 (order: 1, 14336 bytes, linear)
[    0.268632] UDP-Lite hash table entries: 256 (order: 1, 14336 bytes, linear)
[    0.268817] NET: Registered PF_UNIX/PF_LOCAL protocol family
[    0.270108] RPC: Registered named UNIX socket transport module.
[    0.270127] RPC: Registered udp transport module.
[    0.270132] RPC: Registered tcp transport module.
[    0.270137] RPC: Registered tcp-with-tls transport module.
[    0.270142] RPC: Registered tcp NFSv4.1 backchannel transport module.
[    0.270167] PCI: CLS 0 bytes, default 64
[    0.271705] Initialise system trusted keyrings
[    0.281551] workingset: timestamp_bits=14 max_order=17 bucket_order=3
[    0.282917] NFS: Registering the id_resolver key type
[    0.282998] Key type id_resolver registered
[    0.283007] Key type id_legacy registered
[    0.283118] jffs2: version 2.2. (NAND) (SUMMARY)  Â© 2001-2006 Red Hat, Inc.
[    0.283541] Key type asymmetric registered
[    0.283558] Asymmetric key parser 'x509' registered
[    0.283620] io scheduler mq-deadline registered
[    0.283630] io scheduler kyber registered
[    0.283700] io scheduler bfq registered
[    0.285302] ledtrig-cpu: registered to indicate activity on CPUs
[    0.292282] Serial: 8250/16550 driver, 6 ports, IRQ sharing enabled
[    0.332304] brd: module loaded
[    0.349362] loop: module loaded
[    0.350290] mtdoops: mtd device (mtddev=name/number) must be supplied
[    0.363060] mdio_bus fixed-0: using lookup tables for GPIO lookup
[    0.363084] mdio_bus fixed-0: No GPIO consumer reset found
[    0.364448] i2c_dev: i2c /dev entries driver
[    0.365427] cpuidle: enable-method property 'ti,am3352' found operations
[    0.365871] sdhci: Secure Digital Host Controller Interface driver
[    0.365880] sdhci: Copyright(c) Pierre Ossman
[    0.366047] sdhci-pltfm: SDHCI platform and OF driver helper
[    0.367071] Initializing XFRM netlink socket
[    0.367248] NET: Registered PF_INET6 protocol family
[    0.376133] Segment Routing with IPv6
[    0.376228] In-situ OAM (IOAM) with IPv6
[    0.376328] sit: IPv6, IPv4 and MPLS over IPv4 tunneling driver
[    0.377303] NET: Registered PF_PACKET protocol family
[    0.377338] NET: Registered PF_KEY protocol family
[    0.377452] Key type dns_resolver registered
[    0.377677] ThumbEE CPU extension supported.
[    0.377696] Registering SWP/SWPB emulation handler
[    0.378233] omap_voltage_late_init: Voltage driver support not added
[    0.378576] SmartReflex Class3 initialized
[    0.402246] Loading compiled-in X.509 certificates
[    0.449390] /ocp/interconnect@44c00000/segment@200000/target-module@b000/i2c@0/tda19988@70: Fixed dependency cycle(s) with /ocp/interconnect@48000000/segment@300000/target-module@e000/lcdc@0
[    0.456055] /ocp/interconnect@44c00000/segment@200000/target-module@b000/i2c@0/tda19988@70: Fixed dependency cycle(s) with /ocp/interconnect@48000000/segment@300000/target-module@e000/lcdc@0
[    0.461673] gpiochip_find_base_unlocked: found new base at 512
[    0.495850] /ocp/interconnect@44c00000/segment@200000/target-module@b000/i2c@0/tda19988@70: Fixed dependency cycle(s) with /ocp/interconnect@48000000/segment@300000/target-module@e000/lcdc@0
[    0.496723] /ocp/interconnect@44c00000/segment@200000/target-module@b000/i2c@0/tda19988@70: Fixed dependency cycle(s) with /ocp/interconnect@48000000/segment@300000/target-module@e000/lcdc@0
[    0.500156] /ocp/interconnect@44c00000/segment@200000/target-module@10000/scm@0/pinmux@800: Fixed dependency cycle(s) with /ocp/interconnect@44c00000/segment@200000/target-module@10000/scm@0/pinmux@800/clkout2-pins
[    0.500747] pinctrl-single 44e10800.pinmux: 142 pins, size 568
[    0.506387] ti-sysc 44e31000.target-module: probe with driver ti-sysc failed with error -16
[    0.522491] /ocp/interconnect@48000000/segment@300000/target-module@e000/lcdc@0: Fixed dependency cycle(s) with /ocp/interconnect@44c00000/segment@200000/target-module@b000/i2c@0/tda19988@70
[    0.530498] ti-sysc 48040000.target-module: probe with driver ti-sysc failed with error -16
[    0.542020] gpiochip_find_base_unlocked: found new base at 512
[    0.542125] gpio gpiochip0: (gpio-0-31): created GPIO range 0->7 ==> 44e10800.pinmux PIN 0->7
[    0.542143] gpio gpiochip0: (gpio-0-31): created GPIO range 8->11 ==> 44e10800.pinmux PIN 90->93
[    0.542160] gpio gpiochip0: (gpio-0-31): created GPIO range 12->27 ==> 44e10800.pinmux PIN 12->27
[    0.542175] gpio gpiochip0: (gpio-0-31): created GPIO range 28->31 ==> 44e10800.pinmux PIN 30->33
[    0.566100] gpio gpiochip0: (gpio-0-31): added GPIO chardev (254:0)
[    0.566255] gpio gpiochip0: registered GPIOs 512 to 543 on gpio-0-31
[    0.566339] OMAP GPIO hardware version 0.1
[    0.612144] i2c i2c-2: using DT '/ocp/interconnect@48000000/segment@100000/target-module@9c000/i2c@0' for 'scl' GPIO lookup
[    0.612215] of_get_named_gpiod_flags: can't parse 'scl-gpios' property of node '/ocp/interconnect@48000000/segment@100000/target-module@9c000/i2c@0[0]'
[    0.612257] of_get_named_gpiod_flags: can't parse 'scl-gpio' property of node '/ocp/interconnect@48000000/segment@100000/target-module@9c000/i2c@0[0]'
[    0.612294] i2c i2c-2: using lookup tables for GPIO lookup
[    0.612303] i2c i2c-2: No GPIO consumer scl found
[    0.612324] i2c i2c-2: using DT '/ocp/interconnect@48000000/segment@100000/target-module@9c000/i2c@0' for 'sda' GPIO lookup
[    0.612360] of_get_named_gpiod_flags: can't parse 'sda-gpios' property of node '/ocp/interconnect@48000000/segment@100000/target-module@9c000/i2c@0[0]'
[    0.612396] of_get_named_gpiod_flags: can't parse 'sda-gpio' property of node '/ocp/interconnect@48000000/segment@100000/target-module@9c000/i2c@0[0]'
[    0.612426] i2c i2c-2: using lookup tables for GPIO lookup
[    0.612434] i2c i2c-2: No GPIO consumer sda found
[    0.613144] omap_i2c 4819c000.i2c: bus 2 rev0.11 at 100 kHz
[    0.618650] gpiochip_find_base_unlocked: found new base at 544
[    0.618753] gpio gpiochip1: (gpio-32-63): created GPIO range 0->17 ==> 44e10800.pinmux PIN 34->51
[    0.618772] gpio gpiochip1: (gpio-32-63): created GPIO range 18->21 ==> 44e10800.pinmux PIN 77->80
[    0.618789] gpio gpiochip1: (gpio-32-63): created GPIO range 22->31 ==> 44e10800.pinmux PIN 56->65
[    0.619563] gpio gpiochip1: (gpio-32-63): added GPIO chardev (254:1)
[    0.619708] gpio gpiochip1: registered GPIOs 544 to 575 on gpio-32-63
[    0.622122] gpiochip_find_base_unlocked: found new base at 576
[    0.622216] gpio gpiochip2: (gpio-64-95): created GPIO range 0->4 ==> 44e10800.pinmux PIN 66->70
[    0.622235] gpio gpiochip2: (gpio-64-95): created GPIO range 5->6 ==> 44e10800.pinmux PIN 98->99
[    0.622251] gpio gpiochip2: (gpio-64-95): created GPIO range 7->8 ==> 44e10800.pinmux PIN 75->76
[    0.622266] gpio gpiochip2: (gpio-64-95): created GPIO range 13->13 ==> 44e10800.pinmux PIN 141->141
[    0.622282] gpio gpiochip2: (gpio-64-95): created GPIO range 14->21 ==> 44e10800.pinmux PIN 100->107
[    0.622979] gpio gpiochip2: (gpio-64-95): added GPIO chardev (254:2)
[    0.623118] gpio gpiochip2: registered GPIOs 576 to 607 on gpio-64-95
[    0.628735] 48000000.interconnect:segment@200000:target-module@0:mpu@0:fck: device ID is greater than 24
[    0.629626] /ocp/interconnect@48000000/segment@300000/target-module@e000/lcdc@0: Fixed dependency cycle(s) with /ocp/interconnect@44c00000/segment@200000/target-module@b000/i2c@0/tda19988@70
[    0.632743] /ocp/interconnect@48000000/segment@300000/target-module@e000/lcdc@0: Fixed dependency cycle(s) with /ocp/interconnect@44c00000/segment@200000/target-module@b000/i2c@0/tda19988@70
[    0.633490] /ocp/interconnect@44c00000/segment@200000/target-module@b000/i2c@0/tda19988@70: Fixed dependency cycle(s) with /ocp/interconnect@48000000/segment@300000/target-module@e000/lcdc@0
[    0.633663] /ocp/interconnect@48000000/segment@300000/target-module@e000/lcdc@0: Fixed dependency cycle(s) with /ocp/interconnect@44c00000/segment@200000/target-module@b000/i2c@0/tda19988@70
[    0.643384] mdio_bus 4a101000.mdio: using DT '/ocp/interconnect@4a000000/segment@0/target-module@100000/switch@0/mdio@1000' for 'reset' GPIO lookup
[    0.643457] of_get_named_gpiod_flags: can't parse 'reset-gpios' property of node '/ocp/interconnect@4a000000/segment@0/target-module@100000/switch@0/mdio@1000[0]'
[    0.643504] of_get_named_gpiod_flags: can't parse 'reset-gpio' property of node '/ocp/interconnect@4a000000/segment@0/target-module@100000/switch@0/mdio@1000[0]'
[    0.643550] mdio_bus 4a101000.mdio: using lookup tables for GPIO lookup
[    0.643559] mdio_bus 4a101000.mdio: No GPIO consumer reset found
[    0.644759] sdhci-omap 481d8000.mmc: using DT '/ocp/interconnect@48000000/segment@100000/target-module@d8000/mmc@0' for 'wp' GPIO lookup
[    0.644822] of_get_named_gpiod_flags: can't parse 'wp-gpios' property of node '/ocp/interconnect@48000000/segment@100000/target-module@d8000/mmc@0[0]'
[    0.644864] of_get_named_gpiod_flags: can't parse 'wp-gpio' property of node '/ocp/interconnect@48000000/segment@100000/target-module@d8000/mmc@0[0]'
[    0.644899] sdhci-omap 481d8000.mmc: using lookup tables for GPIO lookup
[    0.644908] sdhci-omap 481d8000.mmc: No GPIO consumer wp found
[    0.645104] sdhci-omap 481d8000.mmc: supply pbias not found, using dummy regulator
[    0.645595] sdhci-omap 481d8000.mmc: supply vqmmc not found, using dummy regulator
[    0.695015] davinci_mdio 4a101000.mdio: davinci mdio revision 1.6, bus freq 1000000
[    0.727160] mdio_bus 4a101000.mdio:00: using DT '/ocp/interconnect@4a000000/segment@0/target-module@100000/switch@0/mdio@1000/ethernet-phy@0' for 'reset' GPIO lookup
[    0.727263] of_get_named_gpiod_flags: parsed 'reset-gpios' property of node '/ocp/interconnect@4a000000/segment@0/target-module@100000/switch@0/mdio@1000/ethernet-phy@0[0]' - status (0)
[    0.727421] gpio gpiochip0: Persistence not supported for GPIO 8
[    0.863255] davinci_mdio 4a101000.mdio: phy[0]: device 4a101000.mdio:00, driver SMSC LAN8710/LAN8720
[    0.864031] cpsw-switch 4a100000.switch: initialized cpsw ale version 1.4
[    0.864051] cpsw-switch 4a100000.switch: ALE Table size 1024, Policers 0
[    0.864206] cpsw-switch 4a100000.switch: cpts: overflow check period 500 (jiffies)
[    0.864223] cpsw-switch 4a100000.switch: CPTS: ref_clk_freq:250000000 calc_mult:2147483648 calc_shift:29 error:0 nsec/sec
[    0.864335] cpsw-switch 4a100000.switch: Detected MACID = 6c:ec:eb:68:de:78
[    0.866162] cpsw-switch 4a100000.switch: initialized (regs 0x4a100000, pool size 256) hw_ver:0019010C 1.12 (0)
[    0.877197] debugfs: Directory '49000000.dma' with parent 'dmaengine' already present!
[    0.877239] edma 49000000.dma: TI EDMA DMA engine driver
[    0.896704] target-module@4b000000:target-module@140000:pmu@0:fck: device ID is greater than 24
[    0.918267] hw perfevents: enabled with armv7_cortex_a8 PMU driver, 5 (8000000f) counters available
[    0.919187] gpio-clk clk_mcasp0: using DT '/clk_mcasp0' for 'enable' GPIO lookup
[    0.919254] of_get_named_gpiod_flags: parsed 'enable-gpios' property of node '/clk_mcasp0[0]' - status (0)
[    0.919298] gpio gpiochip0: Persistence not supported for GPIO 27
[    0.920108] gpiochip_find_base_unlocked: found new base at 608
[    0.920218] gpio gpiochip3: (gpio-96-127): created GPIO range 0->7 ==> 44e10800.pinmux PIN 82->89
[    0.920238] gpio gpiochip3: (gpio-96-127): created GPIO range 8->11 ==> 44e10800.pinmux PIN 52->55
[    0.920253] gpio gpiochip3: (gpio-96-127): created GPIO range 12->15 ==> 44e10800.pinmux PIN 94->97
[    0.920269] gpio gpiochip3: (gpio-96-127): created GPIO range 16->17 ==> 44e10800.pinmux PIN 71->72
[    0.920286] gpio gpiochip3: (gpio-96-127): created GPIO range 18->18 ==> 44e10800.pinmux PIN 135->135
[    0.920303] gpio gpiochip3: (gpio-96-127): created GPIO range 19->20 ==> 44e10800.pinmux PIN 108->109
[    0.920320] gpio gpiochip3: (gpio-96-127): created GPIO range 21->21 ==> 44e10800.pinmux PIN 73->73
[    0.920338] gpio gpiochip3: (gpio-96-127): created GPIO range 22->23 ==> 44e10800.pinmux PIN 8->9
[    0.920355] gpio gpiochip3: (gpio-96-127): created GPIO range 26->27 ==> 44e10800.pinmux PIN 10->11
[    0.920372] gpio gpiochip3: (gpio-96-127): created GPIO range 28->28 ==> 44e10800.pinmux PIN 74->74
[    0.920390] gpio gpiochip3: (gpio-96-127): created GPIO range 29->29 ==> 44e10800.pinmux PIN 81->81
[    0.920408] gpio gpiochip3: (gpio-96-127): created GPIO range 30->31 ==> 44e10800.pinmux PIN 28->29
[    0.925994] l3-aon-clkctrl:0000:0: failed to disable
[    0.946702] gpio gpiochip3: (gpio-96-127): added GPIO chardev (254:3)
[    0.946857] gpio gpiochip3: registered GPIOs 608 to 639 on gpio-96-127
[    0.948775] omap8250 44e09000.serial: using DT '/ocp/interconnect@44c00000/segment@200000/target-module@9000/serial@0' for 'rs485-term' GPIO lookup
[    0.948845] of_get_named_gpiod_flags: can't parse 'rs485-term-gpios' property of node '/ocp/interconnect@44c00000/segment@200000/target-module@9000/serial@0[0]'
[    0.948889] of_get_named_gpiod_flags: can't parse 'rs485-term-gpio' property of node '/ocp/interconnect@44c00000/segment@200000/target-module@9000/serial@0[0]'
[    0.948926] omap8250 44e09000.serial: using lookup tables for GPIO lookup
[    0.948935] omap8250 44e09000.serial: No GPIO consumer rs485-term found
[    0.948944] omap8250 44e09000.serial: using DT '/ocp/interconnect@44c00000/segment@200000/target-module@9000/serial@0' for 'rs485-rx-during-tx' GPIO lookup
[    0.948980] of_get_named_gpiod_flags: can't parse 'rs485-rx-during-tx-gpios' property of node '/ocp/interconnect@44c00000/segment@200000/target-module@9000/serial@0[0]'
[    0.949017] of_get_named_gpiod_flags: can't parse 'rs485-rx-during-tx-gpio' property of node '/ocp/interconnect@44c00000/segment@200000/target-module@9000/serial@0[0]'
[    0.949048] omap8250 44e09000.serial: using lookup tables for GPIO lookup
[    0.949055] omap8250 44e09000.serial: No GPIO consumer rs485-rx-during-tx found
[    0.949465] 44e09000.serial: ttyS0 at MMIO 0x44e09000 (irq = 34, base_baud = 3000000) is a 8250
[    0.949555] printk: legacy console [ttyS0] enabled
[    2.422630] i2c i2c-0: using DT '/ocp/interconnect@44c00000/segment@200000/target-module@b000/i2c@0' for 'scl' GPIO lookup
[    2.422719] of_get_named_gpiod_flags: can't parse 'scl-gpios' property of node '/ocp/interconnect@44c00000/segment@200000/target-module@b000/i2c@0[0]'
[    2.422767] of_get_named_gpiod_flags: can't parse 'scl-gpio' property of node '/ocp/interconnect@44c00000/segment@200000/target-module@b000/i2c@0[0]'
[    2.422808] i2c i2c-0: using lookup tables for GPIO lookup
[    2.422822] i2c i2c-0: No GPIO consumer scl found
[    2.422848] i2c i2c-0: using DT '/ocp/interconnect@44c00000/segment@200000/target-module@b000/i2c@0' for 'sda' GPIO lookup
[    2.422888] of_get_named_gpiod_flags: can't parse 'sda-gpios' property of node '/ocp/interconnect@44c00000/segment@200000/target-module@b000/i2c@0[0]'
[    2.422929] of_get_named_gpiod_flags: can't parse 'sda-gpio' property of node '/ocp/interconnect@44c00000/segment@200000/target-module@b000/i2c@0[0]'
[    2.422964] i2c i2c-0: using lookup tables for GPIO lookup
[    2.422975] i2c i2c-0: No GPIO consumer sda found
[    2.442266] tps65217-pmic: Failed to locate of_node [id: -1]
[    2.448318] tps65217-bl: Failed to locate of_node [id: -1]
[    2.455816] platform tps65217-charger: DMA mask not set
[    2.463143] platform tps65217-pwrbutton: DMA mask not set
[    2.470932] tps65217 0-0024: TPS65217 ID 0xe version 1.2
[    2.477047] /ocp/interconnect@48000000/segment@300000/target-module@e000/lcdc@0: Fixed dependency cycle(s) with /ocp/interconnect@44c00000/segment@200000/target-module@b000/i2c@0/tda19988@70
[    2.494417] /ocp/interconnect@44c00000/segment@200000/target-module@b000/i2c@0/tda19988@70: Fixed dependency cycle(s) with /ocp/interconnect@48000000/segment@300000/target-module@e000/lcdc@0
[    2.511784] omap_i2c 44e0b000.i2c: bus 0 rev0.11 at 400 kHz
[    2.519494] sdhci-omap 48060000.mmc: using DT '/ocp/interconnect@48000000/segment@0/target-module@60000/mmc@0' for 'cd' GPIO lookup
[    2.519602] of_get_named_gpiod_flags: parsed 'cd-gpios' property of node '/ocp/interconnect@48000000/segment@0/target-module@60000/mmc@0[0]' - status (0)
[    2.519672] gpio gpiochip3: Persistence not supported for GPIO 6
[    2.519698] omap_gpio 44e07000.gpio: Could not set line 6 debounce to 200000 microseconds (-22)
[    2.528566] sdhci-omap 48060000.mmc: Got CD GPIO
[    2.533246] sdhci-omap 48060000.mmc: using DT '/ocp/interconnect@48000000/segment@0/target-module@60000/mmc@0' for 'wp' GPIO lookup
[    2.533294] of_get_named_gpiod_flags: can't parse 'wp-gpios' property of node '/ocp/interconnect@48000000/segment@0/target-module@60000/mmc@0[0]'
[    2.533337] of_get_named_gpiod_flags: can't parse 'wp-gpio' property of node '/ocp/interconnect@48000000/segment@0/target-module@60000/mmc@0[0]'
[    2.533376] sdhci-omap 48060000.mmc: using lookup tables for GPIO lookup
[    2.533390] sdhci-omap 48060000.mmc: No GPIO consumer wp found
[    2.533601] sdhci-omap 48060000.mmc: supply pbias not found, using dummy regulator
[    2.542410] sdhci-omap 481d8000.mmc: using DT '/ocp/interconnect@48000000/segment@100000/target-module@d8000/mmc@0' for 'wp' GPIO lookup
[    2.542500] of_get_named_gpiod_flags: can't parse 'wp-gpios' property of node '/ocp/interconnect@48000000/segment@100000/target-module@d8000/mmc@0[0]'
[    2.542548] of_get_named_gpiod_flags: can't parse 'wp-gpio' property of node '/ocp/interconnect@48000000/segment@100000/target-module@d8000/mmc@0[0]'
[    2.542588] sdhci-omap 481d8000.mmc: using lookup tables for GPIO lookup
[    2.542602] sdhci-omap 481d8000.mmc: No GPIO consumer wp found
[    2.543609] sdhci-omap 48060000.mmc: supply vqmmc not found, using dummy regulator
[    2.552583] sdhci-omap 481d8000.mmc: supply pbias not found, using dummy regulator
[    2.560574] sdhci-omap 481d8000.mmc: supply vqmmc not found, using dummy regulator
[    2.598896] mmc1: SDHCI controller on 481d8000.mmc [481d8000.mmc] using External DMA
[    2.607376] mmc0: SDHCI controller on 48060000.mmc [48060000.mmc] using External DMA
[    2.616229] cpsw-switch 4a100000.switch: starting ndev. mode: dual_mac
[    2.660457] mmc0: new high speed SDHC card at address 5048
[    2.667517] mmcblk0: mmc0:5048 SD16G 14.4 GiB
[    2.675549]  mmcblk0: p1 p2
[    2.678947] mmcblk0: p2 size 31221760 extends beyond EOD, truncated
[    2.692584] SMSC LAN8710/LAN8720 4a101000.mdio:00: attached PHY driver (mii_bus:phy_addr=4a101000.mdio:00, irq=POLL)
[    2.704685] mmc1: new high speed MMC card at address 0001
[    2.711643] mmcblk1: mmc1:0001 MMC04G 3.60 GiB
[    2.723635]  mmcblk1: p1 p2
[    2.727892] mmcblk1boot0: mmc1:0001 MMC04G 2.00 MiB
[    2.735172] mmcblk1boot1: mmc1:0001 MMC04G 2.00 MiB
[    2.742516] mmcblk1rpmb: mmc1:0001 MMC04G 128 KiB, chardev (250:0)
[    5.842055] cpsw-switch 4a100000.switch eth0: Link is Up - 100Mbps/Full - flow control off
[    5.871313] IP-Config: Complete:
[    5.874585]      device=eth0, hwaddr=6c:ec:eb:68:de:78, ipaddr=192.168.255.1, mask=255.255.255.0, gw=255.255.255.255
