Labgrid Console Logfile for main
Logfile started at 2025-02-21 15:33:49.875719
=== Log starts here ===
reading args
spl_load_image_fat_os: error reading image args, err - -1
reading u-boot.img
reading u-boot.img


U-Boot 2014.04-00014-g47880f5 (Apr 22 2014 - 13:23:54)

I2C:   ready
DRAM:  512 MiB
NAND:  0 MiB
MMC:   OMAP SD/MMC: 0, OMAP SD/MMC: 1
*** Warning - readenv() failed, using default environment

Net:   <ethaddr> not set. Validating first E-fuse MAC
cpsw, usb_ether
Hit any key to stop autoboot:  1  0 
gpio: pin 53 (gpio 53) value is 1
mmc0 is current device
gpio: pin 54 (gpio 54) value is 1
SD/MMC found on device 0
reading uEnv.txt
569 bytes read in 4 ms (138.7 KiB/s)
gpio: pin 55 (gpio 55) value is 1
Loaded environment from uEnv.txt
Importing environment from mmc ...
Checking if uenvcmd is set ...
gpio: pin 56 (gpio 56) value is 1
Running uenvcmd ...
cpsw Waiting for PHY auto negotiation to complete. done
link up on port 0, speed 100, full duplex
Using cpsw device
TFTP from server 192.168.255.126; our IP address is 192.168.255.1
Filename 'zImage'.
Load address: 0x81000000
Loading: *#################################################################
	 #################################################################
	 #################################################################
	 #################################################################
	 #################################################################
	 ############################
	 2.4 MiB/s
done
Bytes transferred = 5181408 (4f0fe0 hex)
link up on port 0, speed 100, full duplex
Using cpsw device
TFTP from server 192.168.255.126; our IP address is 192.168.255.1
Filename 'am335x-boneblack.dtb'.
Load address: 0x82000000
Loading: *#######
	 1.5 MiB/s
done
Bytes transferred = 97630 (17d5e hex)
Kernel image @ 0x81000000 [ 0x000000 - 0x4f0fe0 ]
## Flattened Device Tree blob at 82000000
   Booting using the fdt blob at 0x82000000
   Using Device Tree in place at 82000000, end 8201ad5d

Starting kernel ...

[    0.000000] Booting Linux on physical CPU 0x0
[    0.000000] Linux version 6.1.129 (user01@drvtest01) (arm-none-eabi-gcc (Arm GNU Toolchain 14.2.Rel1 (Build arm-14.52)) 14.2.1 20241119, GNU ld (Arm GNU Toolchain 14.2.Rel1 (Build arm-14.52)) 2.43.1.20241119) #1 SMP Fri Feb 21 15:32:29 EET 2025
[    0.000000] CPU: ARMv7 Processor [413fc082] revision 2 (ARMv7), cr=10c5387d
[    0.000000] CPU: PIPT / VIPT nonaliasing data cache, VIPT aliasing instruction cache
[    0.000000] OF: fdt: Machine model: TI AM335x BeagleBone Black
[    0.000000] Memory policy: Data cache writeback
[    0.000000] cma: Reserved 16 MiB at 0x9ec00000
[    0.000000] Zone ranges:
[    0.000000]   Normal   [mem 0x0000000080000000-0x000000009fdfffff]
[    0.000000]   HighMem  empty
[    0.000000] Movable zone start for each node
[    0.000000] Early memory node ranges
[    0.000000]   node   0: [mem 0x0000000080000000-0x000000009fdfffff]
[    0.000000] Initmem setup node 0 [mem 0x0000000080000000-0x000000009fdfffff]
[    0.000000] CPU: All CPU(s) started in SVC mode.
[    0.000000] AM335X ES2.1 (sgx neon)
[    0.000000] percpu: Embedded 16 pages/cpu s34132 r8192 d23212 u65536
[    0.000000] Built 1 zonelists, mobility grouping on.  Total pages: 129412
[    0.000000] Kernel command line: console=ttyO0,115200n8 root=/dev/nfs rw nfsroot=192.168.255.126:/home/user01/nfs,nfsvers=3 ip=192.168.255.1:192.168.255.126::255.255.255.0:bbb1:eth0 nfsrootdebug
[    0.000000] Unknown kernel command line parameters "nfsrootdebug", will be passed to user space.
[    0.000000] Dentry cache hash table entries: 65536 (order: 6, 262144 bytes, linear)
[    0.000000] Inode-cache hash table entries: 32768 (order: 5, 131072 bytes, linear)
[    0.000000] mem auto-init: stack:off, heap alloc:off, heap free:off
[    0.000000] Memory: 484644K/522240K available (10240K kernel code, 1144K rwdata, 2604K rodata, 1024K init, 287K bss, 21212K reserved, 16384K cma-reserved, 0K highmem)
[    0.000000] SLUB: HWalign=64, Order=0-3, MinObjects=0, CPUs=1, Nodes=1
[    0.000000] trace event string verifier disabled
[    0.000000] rcu: Hierarchical RCU implementation.
[    0.000000] rcu: 	RCU event tracing is enabled.
[    0.000000] rcu: 	RCU restricting CPUs from NR_CPUS=2 to nr_cpu_ids=1.
[    0.000000] rcu: RCU calculated value of scheduler-enlistment delay is 10 jiffies.
[    0.000000] rcu: Adjusting geometry for rcu_fanout_leaf=16, nr_cpu_ids=1
[    0.000000] NR_IRQS: 16, nr_irqs: 16, preallocated irqs: 16
[    0.000000] IRQ: Found an INTC at 0x(ptrval) (revision 5.0) with 128 interrupts
[    0.000000] rcu: srcu_init: Setting srcu_struct sizes based on contention.
[    0.000000] TI gptimer clocksource: always-on /ocp/interconnect@44c00000/segment@200000/target-module@31000
[    0.000002] sched_clock: 32 bits at 24MHz, resolution 41ns, wraps every 89478484971ns
[    0.000027] clocksource: dmtimer: mask: 0xffffffff max_cycles: 0xffffffff, max_idle_ns: 79635851949 ns
[    0.000439] TI gptimer clockevent: 24000000 Hz at /ocp/interconnect@48000000/segment@0/target-module@40000
[    0.001955] Console: colour dummy device 80x30
[    0.002002] WARNING: Your 'console=ttyO0' has been replaced by 'ttyS0'
[    0.002009] This ensures that you still see kernel messages. Please
[    0.002014] update your kernel commandline.
[    0.002055] Calibrating delay loop... 996.14 BogoMIPS (lpj=4980736)
[    0.090484] CPU: Testing write buffer coherency: ok
[    0.090581] CPU0: Spectre v2: using BPIALL workaround
[    0.090591] pid_max: default: 32768 minimum: 301
[    0.090718] LSM: Security Framework initializing
[    0.090885] Mount-cache hash table entries: 1024 (order: 0, 4096 bytes, linear)
[    0.090907] Mountpoint-cache hash table entries: 1024 (order: 0, 4096 bytes, linear)
[    0.092411] CPU0: thread -1, cpu 0, socket -1, mpidr 0
[    0.093678] Setting up static identity map for 0x80100000 - 0x80100078
[    0.093906] rcu: Hierarchical SRCU implementation.
[    0.093916] rcu: 	Max phase no-delay instances is 1000.
[    0.095226] smp: Bringing up secondary CPUs ...
[    0.095244] smp: Brought up 1 node, 1 CPU
[    0.095255] SMP: Total of 1 processors activated (996.14 BogoMIPS).
[    0.095267] CPU: All CPU(s) started in SVC mode.
[    0.096179] devtmpfs: initialized
[    0.111067] VFP support v0.3: implementor 41 architecture 3 part 30 variant c rev 3
[    0.111377] clocksource: jiffies: mask: 0xffffffff max_cycles: 0xffffffff, max_idle_ns: 19112604462750000 ns
[    0.111414] futex hash table entries: 256 (order: 2, 16384 bytes, linear)
[    0.112750] pinctrl core: initialized pinctrl subsystem
[    0.114658] NET: Registered PF_NETLINK/PF_ROUTE protocol family
[    0.116679] DMA: preallocated 256 KiB pool for atomic coherent allocations
[    0.117231] audit: initializing netlink subsys (disabled)
[    0.118433] thermal_sys: Registered thermal governor 'fair_share'
[    0.118450] thermal_sys: Registered thermal governor 'step_wise'
[    0.118456] thermal_sys: Registered thermal governor 'user_space'
[    0.118580] cpuidle: using governor menu
[    0.135124] /ocp/interconnect@44c00000/segment@200000/target-module@b000/i2c@0/tda19988@70: Fixed dependency cycle(s) with /ocp/interconnect@48000000/segment@300000/target-module@e000/lcdc@0
[    0.136152] /ocp/interconnect@48000000/segment@300000/target-module@e000/lcdc@0: Fixed dependency cycle(s) with /ocp/interconnect@44c00000/segment@200000/target-module@b000/i2c@0/tda19988@70
[    0.138154] No ATAGs?
[    0.138169] hw-breakpoint: debug architecture 0x4 unsupported.
[    0.146778] audit: type=2000 audit(0.110:1): state=initialized audit_enabled=0 res=1
[    0.147075] kprobes: kprobe jump-optimization is enabled. All kprobes are optimized if possible.
[    0.164836] iommu: Default domain type: Translated 
[    0.164850] iommu: DMA domain TLB invalidation policy: strict mode 
[    0.166280] SCSI subsystem initialized
[    0.167134] pps_core: LinuxPPS API ver. 1 registered
[    0.167143] pps_core: Software ver. 5.3.6 - Copyright 2005-2007 Rodolfo Giometti <giometti@linux.it>
[    0.167167] PTP clock support registered
[    0.168607] vgaarb: loaded
[    0.180803] clocksource: Switched to clocksource dmtimer
[    0.181446] VFS: Disk quotas dquot_6.6.0
[    0.181526] VFS: Dquot-cache hash table entries: 1024 (order 0, 4096 bytes)
[    0.193357] NET: Registered PF_INET protocol family
[    0.193681] IP idents hash table entries: 8192 (order: 4, 65536 bytes, linear)
[    0.195027] tcp_listen_portaddr_hash hash table entries: 512 (order: 0, 4096 bytes, linear)
[    0.195073] Table-perturb hash table entries: 65536 (order: 6, 262144 bytes, linear)
[    0.195093] TCP established hash table entries: 4096 (order: 2, 16384 bytes, linear)
[    0.195139] TCP bind hash table entries: 4096 (order: 4, 65536 bytes, linear)
[    0.195238] TCP: Hash tables configured (established 4096 bind 4096)
[    0.195356] UDP hash table entries: 256 (order: 1, 8192 bytes, linear)
[    0.195384] UDP-Lite hash table entries: 256 (order: 1, 8192 bytes, linear)
[    0.195566] NET: Registered PF_UNIX/PF_LOCAL protocol family
[    0.196770] RPC: Registered named UNIX socket transport module.
[    0.196791] RPC: Registered udp transport module.
[    0.196797] RPC: Registered tcp transport module.
[    0.196802] RPC: Registered tcp NFSv4.1 backchannel transport module.
[    0.196819] PCI: CLS 0 bytes, default 64
[    0.198231] Initialise system trusted keyrings
[    0.217745] workingset: timestamp_bits=14 max_order=17 bucket_order=3
[    0.226883] NFS: Registering the id_resolver key type
[    0.226958] Key type id_resolver registered
[    0.226966] Key type id_legacy registered
[    0.227022] jffs2: version 2.2. (NAND) (SUMMARY)  Â© 2001-2006 Red Hat, Inc.
[    0.227739] Key type asymmetric registered
[    0.227755] Asymmetric key parser 'x509' registered
[    0.227895] io scheduler mq-deadline registered
[    0.227907] io scheduler kyber registered
[    0.228126] io scheduler bfq registered
[    0.232993] Serial: 8250/16550 driver, 6 ports, IRQ sharing enabled
[    0.255438] brd: module loaded
[    0.275318] loop: module loaded
[    0.276188] mtdoops: mtd device (mtddev=name/number) must be supplied
[    0.278583] i2c_dev: i2c /dev entries driver
[    0.279667] cpuidle: enable-method property 'ti,am3352' found operations
[    0.280109] sdhci: Secure Digital Host Controller Interface driver
[    0.280118] sdhci: Copyright(c) Pierre Ossman
[    0.280279] sdhci-pltfm: SDHCI platform and OF driver helper
[    0.294156] ledtrig-cpu: registered to indicate activity on CPUs
[    0.294922] Initializing XFRM netlink socket
[    0.295461] NET: Registered PF_INET6 protocol family
[    0.297234] Segment Routing with IPv6
[    0.297304] In-situ OAM (IOAM) with IPv6
[    0.297407] sit: IPv6, IPv4 and MPLS over IPv4 tunneling driver
[    0.298253] NET: Registered PF_PACKET protocol family
[    0.298281] NET: Registered PF_KEY protocol family
[    0.298388] Key type dns_resolver registered
[    0.298499] ThumbEE CPU extension supported.
[    0.298542] Registering SWP/SWPB emulation handler
[    0.299177] omap_voltage_late_init: Voltage driver support not added
[    0.299519] SmartReflex Class3 initialized
[    0.300451] Loading compiled-in X.509 certificates
[    0.369834] /ocp/interconnect@44c00000/segment@200000/target-module@b000/i2c@0/tda19988@70: Fixed dependency cycle(s) with /ocp/interconnect@48000000/segment@300000/target-module@e000/lcdc@0
[    0.375742] /ocp/interconnect@44c00000/segment@200000/target-module@b000/i2c@0/tda19988@70: Fixed dependency cycle(s) with /ocp/interconnect@48000000/segment@300000/target-module@e000/lcdc@0
[    0.383383] /ocp/interconnect@44c00000/segment@200000/target-module@b000/i2c@0/tda19988@70: Fixed dependency cycle(s) with /ocp/interconnect@48000000/segment@300000/target-module@e000/lcdc@0
[    0.384183] /ocp/interconnect@44c00000/segment@200000/target-module@b000/i2c@0/tda19988@70: Fixed dependency cycle(s) with /ocp/interconnect@48000000/segment@300000/target-module@e000/lcdc@0
[    0.387188] /ocp/interconnect@44c00000/segment@200000/target-module@10000/scm@0/pinmux@800: Fixed dependency cycle(s) with /ocp/interconnect@44c00000/segment@200000/target-module@10000/scm@0/pinmux@800/pinmux_clkout2_pin
[    0.387761] pinctrl-single 44e10800.pinmux: 142 pins, size 568
[    0.392578] ti-sysc: probe of 44e31000.target-module failed with error -16
[    0.441681] /ocp/interconnect@48000000/segment@300000/target-module@e000/lcdc@0: Fixed dependency cycle(s) with /ocp/interconnect@44c00000/segment@200000/target-module@b000/i2c@0/tda19988@70
[    0.448778] ti-sysc: probe of 48040000.target-module failed with error -16
[    0.459318] gpio gpiochip0: (gpio-0-31): not an immutable chip, please consider fixing it!
[    0.493702] OMAP GPIO hardware version 0.1
[    0.506374] omap_i2c 4819c000.i2c: bus 2 rev0.11 at 100 kHz
[    0.511798] gpio gpiochip1: (gpio-32-63): not an immutable chip, please consider fixing it!
[    0.527345] gpio gpiochip2: (gpio-64-95): not an immutable chip, please consider fixing it!
[    0.533860] /ocp/interconnect@48000000/segment@300000/target-module@e000/lcdc@0: Fixed dependency cycle(s) with /ocp/interconnect@44c00000/segment@200000/target-module@b000/i2c@0/tda19988@70
[    0.536444] /ocp/interconnect@48000000/segment@300000/target-module@e000/lcdc@0: Fixed dependency cycle(s) with /ocp/interconnect@44c00000/segment@200000/target-module@b000/i2c@0/tda19988@70
[    0.537116] /ocp/interconnect@44c00000/segment@200000/target-module@b000/i2c@0/tda19988@70: Fixed dependency cycle(s) with /ocp/interconnect@48000000/segment@300000/target-module@e000/lcdc@0
[    0.537265] /ocp/interconnect@48000000/segment@300000/target-module@e000/lcdc@0: Fixed dependency cycle(s) with /ocp/interconnect@44c00000/segment@200000 /target-module@b000/i2c@0/tda19988@70
[    0.546957] sdhci-om ap 481d8000.mmc: supply pbias not found, using dummy regulator 
[    0.547397] sdhci-omap 481d8000.mmc: supply vqmmc not fou nd, using dummy regulator
[    0.603599] davinci_mdio 4a10100 0.mdio: 
[    5.609654] cpsw-switch 4a100000.switch eth0: Link is Up - 100Mbps/Full - flow control off
[    5.618036] IPv6: ADDRCONF(NETDEV_CHANGE): eth0: link becomes ready
[    5.658970] IP-Config: Complete:
[    5.662238]      device=eth0, hwaddr=6c:ec:eb:68:de:78, ipaddr=192.168.255.1, mask=255.255.255.0, gw=255.255.255.255
[    5.672870]      host=bbb1, domain=, nis-domain=(none)
[    5.678033]      bootserver=192.168.255.126, rootserver=192.168.255.126, rootpath=
[    5.678442] clk: Disabling unused clocks
[    5.690300] KTAP version 1
[    5.693026] 1..0
[    5.716326] VFS: Mounted root (nfs filesystem) on device 0:16.
[    5.723311] devtmpfs: mounted
[    5.727902] Freeing unused kernel image (initmem) memory: 1024K
[    5.734659] Run /sbin/init as init process
[    6.398676] systemd[1]: System time before build time, advancing clock.
[    7.858913] random: crng init done
[    7.929377] systemd[1]: systemd 232 running in system mode. (+PAM +AUDIT +SELINUX +IMA +APPARMOR +SMACK +SYSVINIT +UTMP +LIBCRYPTSETUP +GCRYPT +GNUTLS +ACL +XZ +LZ4 +SECCOMP +BLKID +ELFUTILS +KMOD +IDN)
[    7.948430] systemd[1]: Detected architecture arm.

Welcome to [1mDebian GNU/Linux 9 (stretch)[0m!

[    7.996120] systemd[1]: Set hostname to <arm>.
[    9.052980] systemd[1]: Listening on Journal Audit Socket.
[[0;32m  OK  [0m] Listening on Journal Audit Socket.
[    9.090972] systemd[1]: Listening on Journal Socket (/dev/log).
[[0;32m  OK  [0m] Listening on Journal Socket (/dev/log).
[    9.130674] systemd[1]: Set up automount Arbitrary Executable File Formats File System Automount Point.
[[0;32m  OK  [0m] Set up automount Arbitrary Executabâ€¦rmats File System Automount Point.
[    9.169318] systemd[1]: Reached target Remote File Systems.
[[0;32m  OK  [0m] Reached target Remote File Systems.
[    9.210724] systemd[1]: Listening on /dev/initctl Compatibility Named Pipe.
[[0;32m  OK  [0m] Listening on /dev/initctl Compatibility Named Pipe.
[    9.249262] systemd[1]: Reached target Swap.
[[0;32m  OK  [0m] Reached target Swap.
[    9.280413] systemd[1]: Created slice System Slice.
[[0;32m  OK  [0m] Created slice System Slice.
[[0;32m  OK  [0m] Created slice system-serial\x2dgetty.slice.
[[0;32m  OK  [0m] Created slice system-getty.slice.
[[0;32m  OK  [0m] Listening on Syslog Socket.
[[0;32m  OK  [0m] Listening on udev Kernel Socket.
[[0;32m  OK  [0m] Listening on Journal Socket.
         Starting Journal Service...
         Starting Load Kernel Modules...
         Starting Remount Root and Kernel File Systems...
         Starting Create list of required stâ€¦ce nodes for the current kernel...
[[0;32m  OK  [0m] Created slice User and Session Slice.
[[0;32m  OK  [0m] Reached target Slices.
[[0;32m  OK  [0m] Started Forward Password Requests to Wall Directory Watch.
         Mounting POSIX Message Queue File System...
         Mounting Debug File System...
[[0;32m  OK  [0m] Listening on udev Control Socket.
[[0;32m  OK  [0m] Started Dispatch Password Requests to Console Directory Watch.
[[0;32m  OK  [0m] Reached target Encrypted Volumes.
[[0;32m  OK  [0m] Reached target Paths.
[[0;32m  OK  [0m] Started Load Kernel Modules.
[[0;32m  OK  [0m] Started Remount Root and Kernel File Systems.
[[0;32m  OK  [0m] Started Create list of required staâ€¦vice nodes for the current kernel.
[[0;32m  OK  [0m] Mounted POSIX Message Queue File System.
[[0;32m  OK  [0m] Mounted Debug File System.
         Starting Create Static Device Nodes in /dev...
         Starting Load/Save Random Seed...
         Starting udev Coldplug all Devices...
         Starting Apply Kernel Variables...
         Mounting Configuration File System...
[[0;32m  OK  [0m] Started Load/Save Random Seed.
[[0;32m  OK  [0m] Mounted Configuration File System.
[[0;32m  OK  [0m] Started Apply Kernel Variables.
[[0;32m  OK  [0m] Started Create Static Device Nodes in /dev.
         Starting udev Kernel Device Manager...
[[0;32m  OK  [0m] Reached target Local File Systems (Pre).
[[0;32m  OK  [0m] Reached target Local File Systems.
         Starting Raise network interfaces...
[[0;32m  OK  [0m] Started Journal Service.
         Starting Flush Journal to Persistent Storage...
[   11.576829] systemd-journald[90]: Received request to flush runtime journal from PID 1
[[0;32m  OK  [0m] Started Flush Journal to Persistent Storage.
         Starting Create Volatile Files and Directories...
[[0;32m  OK  [0m] Started udev Kernel Device Manager.
[[0;32m  OK  [0m] Started Create Volatile Files and Directories.
         Starting Network Time Synchronization...
         Starting Update UTMP about System Boot/Shutdown...
[[0;32m  OK  [0m] Started Update UTMP about System Boot/Shutdown.
[[0;32m  OK  [0m] Started Network Time Synchronization.
[[0;32m  OK  [0m] Reached target System Time Synchronized.
[[0;32m  OK  [0m] Started udev Coldplug all Devices.
[[0;32m  OK  [0m] Reached target System Initialization.
[[0;32m  OK  [0m] Started Daily Cleanup of Temporary Directories.
[[0;32m  OK  [0m] Listening on Avahi mDNS/DNS-SD Stack Activation Socket.
[[0;32m  OK  [0m] Listening on D-Bus System Message Bus Socket.
[[0;32m  OK  [0m] Reached target Sockets.
[[0;32m  OK  [0m] Started Daily apt download activities.
[[0;32m  OK  [0m] Reached target Basic System.
         Starting Generic Board Startup...
[   14.855602] remoteproc remoteproc0: wkup_m3 is available
         Starting DUN service...
[   15.022560] omap_wdt: OMAP Watchdog Timer Rev 0x01: initial timeout 60 sec
         Starting Cape Manager Service...
[   15.241163] wkup_m3_ipc 44e11324.wkup_m3_ipc: IPC Request for A8->M3 Channel failed! -517
         Starting Login Service...
         Starting Telephony service...
[   15.421880] wkup_m3_ipc 44e11324.wkup_m3_ipc: IPC Request for A8->M3 Channel failed! -517
         Starting Avahi mDNS/DNS-SD Stack...
[   15.598003] at24 2-0054: supply vcc not found, using dummy regulator
         Starting LSB: Load kernel modules needed to enable cpufreq scaling...
         Starting System Logging Service...
[   15.777297] at24 2-0055: supply vcc not found, using dummy regulator
[   15.810553] am335x-phy-driver 47401300.usb-phy: supply vcc not found, using dummy regulator
[   15.819428] am335x-phy-driver 47401300.usb-phy: dummy supplies not allowed for exclusive requests
[   15.969806] at24 2-0056: supply vcc not found, using dummy regulator
         Starting LSB: Start busybox udhcpd at boot time...
[   16.015911] am335x-phy-driver 47401b00.usb-phy: supply vcc not found, using dummy regulator
[   16.025344] am335x-phy-driver 47401b00.usb-phy: dummy supplies not allowed for exclusive requests
[   16.035440] wkup_m3_ipc 44e11324.wkup_m3_ipc: IPC Request for A8->M3 Channel failed! -517
[   16.110665] tps6521x_pwrbutton tps65217-pwrbutton: DMA mask not set
[   16.170409] at24 2-0057: supply vcc not found, using dummy regulator
[[0;32m  OK  [0m] Started D-Bus System Message Bus.
[   16.223887] input: tps65217_pwrbutton as /devices/platform/ocp/44c00000.interconnect/44c00000.interconnect:segment@200000/44e0b000.target-module/44e0b000.i2c/i2c-0/0-0024/tps65217-pwrbutton/input/input0
[   16.243892] wkup_m3_ipc 44e11324.wkup_m3_ipc: IPC Request for A8->M3 Channel failed! -517
[   16.300739] omap_rtc 44e3e000.rtc: registered as rtc0
[   16.305963] omap_rtc 44e3e000.rtc: setting system clock to 2000-01-01T00:00:00 UTC (946684800)
[   16.349926] at24 0-0050: 32768 byte 24c256 EEPROM, writable, 1 bytes/write
[   16.389852] wkup_m3_ipc 44e11324.wkup_m3_ipc: IPC Request for A8->M3 Channel failed! -517
[   16.508732] wkup_m3_ipc 44e11324.wkup_m3_ipc: IPC Request for A8->M3 Channel failed! -517
[   17.460587] usbcore: registered new interface driver usbfs
[   17.466201] usbcore: registered new interface driver hub
[   17.471876] usbcore: registered new device driver usb
[   18.064745] wkup_m3_ipc 44e11324.wkup_m3_ipc: IPC Request for A8->M3 Channel failed! -517
[   18.172579] omap-mailbox 480c8000.mailbox: omap mailbox rev 0x400
[   18.191631] musb-hdrc musb-hdrc.1: MUSB HDRC host driver
[   18.197052] musb-hdrc musb-hdrc.1: new USB bus registered, assigned bus number 1
[   18.270907] remoteproc remoteproc0: powering up wkup_m3
[   18.526486] remoteproc remoteproc0: Direct firmware load for am335x-pm-firmware.elf failed with error -2
[   18.536348] remoteproc remoteproc0: request_firmware failed: -2
[   18.542356] wkup_m3_ipc 44e11324.wkup_m3_ipc: rproc_boot failed
[   18.595418] usb usb1: New USB device found, idVendor=1d6b, idProduct=0002, bcdDevice= 6.01
[   18.603870] usb usb1: New USB device strings: Mfr=3, Product=2, SerialNumber=1
[   18.611173] usb usb1: Product: MUSB HDRC host driver
[   18.616163] usb usb1: Manufacturer: Linux 6.1.129 musb-hcd
[   18.621709] usb usb1: SerialNumber: musb-hdrc.1
[   19.052055] hub 1-0:1.0: USB hub found
[   19.104620] hub 1-0:1.0: 1 port detected
[   19.514364] tda998x 0-0070: found TDA19988
[   20.410409] tilcdc 4830e000.lcdc: bound 0-0070 (ops tda998x_audio_codec_init [tda998x])
[   20.421353] omap_rng 48310000.rng: Random Number Generator ver. 20
[   20.579735] [drm] Initialized tilcdc 1.0.0 20121205 for 4830e000.lcdc on minor 0
[   20.739841] tilcdc 4830e000.lcdc: [drm] Cannot find any crtc or sizes
[   20.750468] tilcdc 4830e000.lcdc: [drm] Cannot find any crtc or sizes
[[0;32m  OK  [0m] Started Telephony service.
[[0;32m  OK  [0m] Started DUN service.
[[0;32m  OK  [0m] Started Avahi mDNS/DNS-SD Stack.
         Starting Connection service...
[[0;32m  OK  [0m] Started Daily apt upgrade and clean activities.
[[0;32m  OK  [0m] Reached target Timers.
[   21.673412] omap-aes 53500000.aes: OMAP AES hw accel rev: 3.2
[[0;32m  OK  [0m] Started Regular background program processing daemon.
[   21.708055] PM: Cannot get wkup_m3_ipc handle
[   21.743907] omap-sham 53100000.sham: hw accel on OMAP rev 4.3
[   21.866802] omap-aes 53500000.aes: will run requests pump with realtime priority
[   21.877834] omap-sham 53100000.sham: will run requests pump with realtime priority
[[0;32m  OK  [0m] Started System Logging Service.
[[0;32m  OK  [0m] Started Cape Manager Service.
[   22.100965] PM: Cannot get wkup_m3_ipc handle
[   22.185526] PM: Cannot get wkup_m3_ipc handle
[[0;32m  OK  [0m] Found device /dev/ttyS0.
[   23.112961] Bluetooth: Core ver 2.22
[   23.116752] NET: Registered PF_BLUETOOTH protocol family
[   23.122315] Bluetooth: HCI device and connection manager initialized
[   23.128734] Bluetooth: HCI socket layer initialized
[   23.133692] Bluetooth: L2CAP socket layer initialized
[   23.138803] Bluetooth: SCO socket layer initialized
[[0;32m  OK  [0m] Started Raise network interfaces.
[   26.040008] PM: Cannot get wkup_m3_ipc handle
[   26.179948] PM: Cannot get wkup_m3_ipc handle
[[0;32m  OK  [0m] Started LSB: Start busybox udhcpd at boot time.
[   26.881998] using random self ethernet address
[   26.886513] using random host ethernet address
[   27.170118] using random self ethernet address
[   27.174632] using random host ethernet address
[   27.823311] usb0: HOST MAC 1c:ba:8c:a2:ed:6c
[   27.827784] usb0: MAC 1c:ba:8c:a2:ed:70
[   27.832772] usb1: HOST MAC 1c:ba:8c:a2:ed:6c
[   27.837081] usb1: MAC 1c:ba:8c:a2:ed:6d
[   27.859558] PM: Cannot get wkup_m3_ipc handle
[[0;32m  OK  [0m] Started LSB: Load kernel modules needed to enable cpufreq scaling.
[[0;32m  OK  [0m] Started Connection service.
[[0;32m  OK  [0m] Started Login Service.
         Starting Hostname Service...
         Starting WPA supplicant...
[[0;32m  OK  [0m] Reached target Sound Card.
         Starting LSB: set CPUFreq kernel parameters...
[[0;32m  OK  [0m] Started WPA supplicant.
[[0;32m  OK  [0m] Reached target Network.
         Starting Permit User Sessions...
         Starting OpenBSD Secure Shell server...
[[0;32m  OK  [0m] Reached target Network is Online.
         Starting LSB: Advanced IEEE 802.11 management daemon...
         Starting The Apache HTTP Server...
[[0;32m  OK  [0m] Started Permit User Sessions.
[[0;32m  OK  [0m] Started LSB: Advanced IEEE 802.11 management daemon.
[[0;32m  OK  [0m] Started Hostname Service.
[[0;32m  OK  [0m] Started Serial Getty on ttyS0.
[[0;32m  OK  [0m] Started Getty on tty1.
[[0;32m  OK  [0m] Reached target Login Prompts.
[[0;32m  OK  [0m] Started LSB: set CPUFreq kernel parameters.
         Stopping LSB: Start busybox udhcpd at boot time...
[[0;32m  OK  [0m] Started OpenBSD Secure Shell server.
[[0;32m  OK  [0m] Stopped LSB: Start busybox udhcpd at boot time.
         Starting dnsmasq - A lightweight DHCP and caching DNS server...
[[0;32m  OK  [0m] Started The Apache HTTP Server.
[[0;32m  OK  [0m] Started dnsmasq - A lightweight DHCP and caching DNS server.
[[0;32m  OK  [0m] Reached target Host and Network Name Lookups.
[[0;32m  OK  [0m] Started Serial Getty on ttyGS0.
[[0;32m  OK  [0m] Started Generic Board Startup.
[[0;32m  OK  [0m] Reached target Multi-User System.
[[0;32m  OK  [0m] Reached target Graphical Interface.
         Starting Update UTMP about System Runlevel Changes...
[[0;32m  OK  [0m] Started Update UTMP about System Runlevel Changes.

Debian GNU/Linux 9 arm ttyS0

default username:password is [debian:temppwd]

arm login: rooÿ
Password: 
Last login: Sat Jan  1 00:00:29 UTC 2000 on ttyS0
root
Linux arm 6.1.129 #1 SMP Fri Feb 21 15:32:29 EET 2025 armv7l

The programs included with the Debian GNU/Linux system are free software;
the exact distribution terms for each program are described in the
individual files in /usr/share/doc/*/copyright.

Debian GNU/Linux comes with ABSOLUTELY NO WARRANTY, to the extent
permitted by applicable law.
root@arm:~# root
-bash: root: command not found
root@arm:~# dmesg -n 1
root@arm:~# echo 'TYFO''LGQENT'
TYFOLGQENT
root@arm:~# run() { echo -n "$MARKER"; sh -c "$@"; echo "$MARKER $?"; }
root@arm:~# echo 'TTLT''QCJNLL'
TTLTQCJNLL
root@arm:~# MARKER='MKAM''BPEEFM' run 'cat /proc/version'
MKAMBPEEFMLinux version 6.1.129 (user01@drvtest01) (arm-none-eabi-gcc (Arm GNU Toolchain 14.2.Rel1 (Build arm-14.52)) 14.2.1 20241119, GNU ld (Arm GNU Toolchain 14.2.Rel1 (Build arm-14.52)) 2.43.1.20241119) #1 SMP Fri Feb 21 15:32:29 EET 2025
MKAMBPEEFM 0
root@arm:~# echo 'VSZJ''MPPXZP'
VSZJMPPXZP
root@arm:~# MARKER='AMJB''TBWXXJ' run false
AMJBTBWXXJAMJBTBWXXJ 1
root@arm:~# Labgrid Console Logfile for main
Logfile started at 2025-02-21 15:34:49.890761
=== Log starts here ===

root@arm:~# run() { echo -n "$MARKER"; sh -c "$@"; echo "$MARKER $?"; }
root@arm:~# echo 'FJFP''VMQGOA'
FJFPVMQGOA
root@arm:~# MARKER='QZPV''CFGJCG' run 'ls /iio_generic_buffer; echo $?'
QZPVCFGJCG/iio_generic_buffer
0
QZPVCFGJCG 0
root@arm:Labgrid Console Logfile for main
Logfile started at 2025-02-21 15:34:53.377021
=== Log starts here ===

root@arm:~# run() { echo -n "$MARKER"; sh -c "$@"; echo "$MARKER $?"; }
root@arm:~# echo 'UKWC''FNNEFS'
UKWCFNNEFS
root@arm:~# MARKER='NXFW''KMXXAF' run dmesg
NXFWKMXXAF[    0.000000] Booting Linux on physical CPU 0x0
[    0.000000] Linux version 6.1.129 (user01@drvtest01) (arm-none-eabi-gcc (Arm GNU Toolchain 14.2.Rel1 (Build arm-14.52)) 14.2.1 20241119, GNU ld (Arm GNU Toolchain 14.2.Rel1 (Build arm-14.52)) 2.43.1.20241119) #1 SMP Fri Feb 21 15:32:29 EET 2025
[    0.000000] CPU: ARMv7 Processor [413fc082] revision 2 (ARMv7), cr=10c5387d
[    0.000000] CPU: PIPT / VIPT nonaliasing data cache, VIPT aliasing instruction cache
[    0.000000] OF: fdt: Machine model: TI AM335x BeagleBone Black
[    0.000000] Memory policy: Data cache writeback
[    0.000000] cma: Reserved 16 MiB at 0x9ec00000
[    0.000000] Zone ranges:
[    0.000000]   Normal   [mem 0x0000000080000000-0x000000009fdfffff]
[    0.000000]   HighMem  empty
[    0.000000] Movable zone start for each node
[    0.000000] Early memory node ranges
[    0.000000]   node   0: [mem 0x0000000080000000-0x000000009fdfffff]
[    0.000000] Initmem setup node 0 [mem 0x0000000080000000-0x000000009fdfffff]
[    0.000000] CPU: All CPU(s) started in SVC mode.
[    0.000000] AM335X ES2.1 (sgx neon)
[    0.000000] percpu: Embedded 16 pages/cpu s34132 r8192 d23212 u65536
[    0.000000] pcpu-alloc: s34132 r8192 d23212 u65536 alloc=16*4096
[    0.000000] pcpu-alloc: [0] 0 
[    0.000000] Built 1 zonelists, mobility grouping on.  Total pages: 129412
[    0.000000] Kernel command line: console=ttyO0,115200n8 root=/dev/nfs rw nfsroot=192.168.255.126:/home/user01/nfs,nfsvers=3 ip=192.168.255.1:192.168.255.126::255.255.255.0:bbb1:eth0 nfsrootdebug
[    0.000000] Unknown kernel command line parameters "nfsrootdebug", will be passed to user space.
[    0.000000] Dentry cache hash table entries: 65536 (order: 6, 262144 bytes, linear)
[    0.000000] Inode-cache hash table entries: 32768 (order: 5, 131072 bytes, linear)
[    0.000000] mem auto-init: stack:off, heap alloc:off, heap free:off
[    0.000000] Memory: 484644K/522240K available (10240K kernel code, 1144K rwdata, 2604K rodata, 1024K init, 287K bss, 21212K reserved, 16384K cma-reserved, 0K highmem)
[    0.000000] SLUB: HWalign=64, Order=0-3, MinObjects=0, CPUs=1, Nodes=1
[    0.000000] trace event string verifier disabled
[    0.000000] rcu: Hierarchical RCU implementation.
[    0.000000] rcu: 	RCU event tracing is enabled.
[    0.000000] rcu: 	RCU restricting CPUs from NR_CPUS=2 to nr_cpu_ids=1.
[    0.000000] rcu: RCU calculated value of scheduler-enlistment delay is 10 jiffies.
[    0.000000] rcu: Adjusting geometry for rcu_fanout_leaf=16, nr_cpu_ids=1
[    0.000000] NR_IRQS: 16, nr_irqs: 16, preallocated irqs: 16
[    0.000000] IRQ: Found an INTC at 0x(ptrval) (revision 5.0) with 128 interrupts
[    0.000000] rcu: srcu_init: Setting srcu_struct sizes based on contention.
[    0.000000] TI gptimer clocksource: always-on /ocp/interconnect@44c00000/segment@200000/target-module@31000
[    0.000002] sched_clock: 32 bits at 24MHz, resolution 41ns, wraps every 89478484971ns
[    0.000027] clocksource: dmtimer: mask: 0xffffffff max_cycles: 0xffffffff, max_idle_ns: 79635851949 ns
[    0.000439] TI gptimer clockevent: 24000000 Hz at /ocp/interconnect@48000000/segment@0/target-module@40000
[    0.001955] Console: colour dummy device 80x30
[    0.002002] WARNING: Your 'console=ttyO0' has been replaced by 'ttyS0'
[    0.002009] This ensures that you still see kernel messages. Please
[    0.002014] update your kernel commandline.
[    0.002055] Calibrating delay loop... 996.14 BogoMIPS (lpj=4980736)
[    0.090484] CPU: Testing write buffer coherency: ok
[    0.090581] CPU0: Spectre v2: using BPIALL workaround
[    0.090591] pid_max: default: 32768 minimum: 301
[    0.090718] LSM: Security Framework initializing
[    0.090885] Mount-cache hash table entries: 1024 (order: 0, 4096 bytes, linear)
[    0.090907] Mountpoint-cache hash table entries: 1024 (order: 0, 4096 bytes, linear)
[    0.092411] CPU0: thread -1, cpu 0, socket -1, mpidr 0
[    0.093678] Setting up static identity map for 0x80100000 - 0x80100078
[    0.093906] rcu: Hierarchical SRCU implementation.
[    0.093916] rcu: 	Max phase no-delay instances is 1000.
[    0.095226] smp: Bringing up secondary CPUs ...
[    0.095244] smp: Brought up 1 node, 1 CPU
[    0.095255] SMP: Total of 1 processors activated (996.14 BogoMIPS).
[    0.095267] CPU: All CPU(s) started in SVC mode.
[    0.096179] devtmpfs: initialized
[    0.111067] VFP support v0.3: implementor 41 architecture 3 part 30 variant c rev 3
[    0.111377] clocksource: jiffies: mask: 0xffffffff max_cycles: 0xffffffff, max_idle_ns: 19112604462750000 ns
[    0.111414] futex hash table entries: 256 (order: 2, 16384 bytes, linear)
[    0.112750] pinctrl core: initialized pinctrl subsystem
[    0.114658] NET: Registered PF_NETLINK/PF_ROUTE protocol family
[    0.116679] DMA: preallocated 256 KiB pool for atomic coherent allocations
[    0.117231] audit: initializing netlink subsys (disabled)
[    0.118433] thermal_sys: Registered thermal governor 'fair_share'
[    0.118450] thermal_sys: Registered thermal governor 'step_wise'
[    0.118456] thermal_sys: Registered thermal governor 'user_space'
[    0.118580] cpuidle: using governor menu
[    0.135124] /ocp/interconnect@44c00000/segment@200000/target-module@b000/i2c@0/tda19988@70: Fixed dependency cycle(s) with /ocp/interconnect@48000000/segment@300000/target-module@e000/lcdc@0
[    0.136152] /ocp/interconnect@48000000/segment@300000/target-module@e000/lcdc@0: Fixed dependency cycle(s) with /ocp/interconnect@44c00000/segment@200000/target-module@b000/i2c@0/tda19988@70
[    0.138154] No ATAGs?
[    0.138169] hw-breakpoint: debug architecture 0x4 unsupported.
[    0.146778] audit: type=2000 audit(0.110:1): state=initialized audit_enabled=0 res=1
[    0.147075] kprobes: kprobe jump-optimization is enabled. All kprobes are optimized if possible.
[    0.163579] reg-fixed-voltage fixedregulator0: GPIO lookup for consumer (null)
[    0.163605] reg-fixed-voltage fixedregulator0: using device tree for GPIO lookup
[    0.163624] of_get_named_gpiod_flags: can't parse 'gpios' property of node '/fixedregulator0[0]'
[    0.163659] of_get_named_gpiod_flags: can't parse 'gpio' property of node '/fixedregulator0[0]'
[    0.163681] reg-fixed-voltage fixedregulator0: using lookup tables for GPIO lookup
[    0.163692] reg-fixed-voltage fixedregulator0: No GPIO consumer (null) found
[    0.164836] iommu: Default domain type: Translated 
[    0.164850] iommu: DMA domain TLB invalidation policy: strict mode 
[    0.166280] SCSI subsystem initialized
[    0.166800] libata version 3.00 loaded.
[    0.167134] pps_core: LinuxPPS API ver. 1 registered
[    0.167143] pps_core: Software ver. 5.3.6 - Copyright 2005-2007 Rodolfo Giometti <giometti@linux.it>
[    0.167167] PTP clock support registered
[    0.168607] vgaarb: loaded
[    0.180803] clocksource: Switched to clocksource dmtimer
[    0.181446] VFS: Disk quotas dquot_6.6.0
[    0.181526] VFS: Dquot-cache hash table entries: 1024 (order 0, 4096 bytes)
[    0.193357] NET: Registered PF_INET protocol family
[    0.193681] IP idents hash table entries: 8192 (order: 4, 65536 bytes, linear)
[    0.195027] tcp_listen_portaddr_hash hash table entries: 512 (order: 0, 4096 bytes, linear)
[    0.195073] Table-perturb hash table entries: 65536 (order: 6, 262144 bytes, linear)
[    0.195093] TCP established hash table entries: 4096 (order: 2, 16384 bytes, linear)
[    0.195139] TCP bind hash table entries: 4096 (order: 4, 65536 bytes, linear)
[    0.195238] TCP: Hash tables configured (established 4096 bind 4096)
[    0.195356] UDP hash table entries: 256 (order: 1, 8192 bytes, linear)
[    0.195384] UDP-Lite hash table entries: 256 (order: 1, 8192 bytes, linear)
[    0.195566] NET: Registered PF_UNIX/PF_LOCAL protocol family
[    0.196770] RPC: Registered named UNIX socket transport module.
[    0.196791] RPC: Registered udp transport module.
[    0.196797] RPC: Registered tcp transport module.
[    0.196802] RPC: Registered tcp NFSv4.1 backchannel transport module.
[    0.196819] PCI: CLS 0 bytes, default 64
[    0.198231] Initialise system trusted keyrings
[    0.217745] workingset: timestamp_bits=14 max_order=17 bucket_order=3
[    0.226883] NFS: Registering the id_resolver key type
[    0.226958] Key type id_resolver registered
[    0.226966] Key type id_legacy registered
[    0.227022] jffs2: version 2.2. (NAND) (SUMMARY)  Â© 2001-2006 Red Hat, Inc.
[    0.227739] Key type asymmetric registered
[    0.227755] Asymmetric key parser 'x509' registered
[    0.227895] io scheduler mq-deadline registered
[    0.227907] io scheduler kyber registered
[    0.228126] io scheduler bfq registered
[    0.232993] Serial: 8250/16550 driver, 6 ports, IRQ sharing enabled
[    0.255438] brd: module loaded
[    0.275318] loop: module loaded
[    0.276188] mtdoops: mtd device (mtddev=name/number) must be supplied
[    0.277505] mdio_bus fixed-0: GPIO lookup for consumer reset
[    0.277525] mdio_bus fixed-0: using lookup tables for GPIO lookup
[    0.277535] mdio_bus fixed-0: No GPIO consumer reset found
[    0.278583] i2c_dev: i2c /dev entries driver
[    0.279667] cpuidle: enable-method property 'ti,am3352' found operations
[    0.280109] sdhci: Secure Digital Host Controller Interface driver
[    0.280118] sdhci: Copyright(c) Pierre Ossman
[    0.280279] sdhci-pltfm: SDHCI platform and OF driver helper
[    0.294156] ledtrig-cpu: registered to indicate activity on CPUs
[    0.294922] Initializing XFRM netlink socket
[    0.295461] NET: Registered PF_INET6 protocol family
[    0.297234] Segment Routing with IPv6
[    0.297304] In-situ OAM (IOAM) with IPv6
[    0.297407] sit: IPv6, IPv4 and MPLS over IPv4 tunneling driver
[    0.298253] NET: Registered PF_PACKET protocol family
[    0.298281] NET: Registered PF_KEY protocol family
[    0.298388] Key type dns_resolver registered
[    0.298499] ThumbEE CPU extension supported.
[    0.298542] Registering SWP/SWPB emulation handler
[    0.299177] omap_voltage_late_init: Voltage driver support not added
[    0.299519] SmartReflex Class3 initialized
[    0.300451] Loading compiled-in X.509 certificates
[    0.369834] /ocp/interconnect@44c00000/segment@200000/target-module@b000/i2c@0/tda19988@70: Fixed dependency cycle(s) with /ocp/interconnect@48000000/segment@300000/target-module@e000/lcdc@0
[    0.375742] /ocp/interconnect@44c00000/segment@200000/target-module@b000/i2c@0/tda19988@70: Fixed dependency cycle(s) with /ocp/interconnect@48000000/segment@300000/target-module@e000/lcdc@0
[    0.383383] /ocp/interconnect@44c00000/segment@200000/target-module@b000/i2c@0/tda19988@70: Fixed dependency cycle(s) with /ocp/interconnect@48000000/segment@300000/target-module@e000/lcdc@0
[    0.384183] /ocp/interconnect@44c00000/segment@200000/target-module@b000/i2c@0/tda19988@70: Fixed dependency cycle(s) with /ocp/interconnect@48000000/segment@300000/target-module@e000/lcdc@0
[    0.387188] /ocp/interconnect@44c00000/segment@200000/target-module@10000/scm@0/pinmux@800: Fixed dependency cycle(s) with /ocp/interconnect@44c00000/segment@200000/target-module@10000/scm@0/pinmux@800/pinmux_clkout2_pin
[    0.387761] pinctrl-single 44e10800.pinmux: 142 pins, size 568
[    0.392578] ti-sysc: probe of 44e31000.target-module failed with error -16
[    0.441681] /ocp/interconnect@48000000/segment@300000/target-module@e000/lcdc@0: Fixed dependency cycle(s) with /ocp/interconnect@44c00000/segment@200000/target-module@b000/i2c@0/tda19988@70
[    0.448778] ti-sysc: probe of 48040000.target-module failed with error -16
[    0.459188] gpio gpiochip0: (gpio-0-31): created GPIO range 0->7 ==> 44e10800.pinmux PIN 0->7
[    0.459223] gpio gpiochip0: (gpio-0-31): created GPIO range 8->11 ==> 44e10800.pinmux PIN 90->93
[    0.459239] gpio gpiochip0: (gpio-0-31): created GPIO range 12->27 ==> 44e10800.pinmux PIN 12->27
[    0.459254] gpio gpiochip0: (gpio-0-31): created GPIO range 28->31 ==> 44e10800.pinmux PIN 30->33
[    0.459318] gpio gpiochip0: (gpio-0-31): not an immutable chip, please consider fixing it!
[    0.493480] gpio gpiochip0: (gpio-0-31): added GPIO chardev (254:0)
[    0.493628] gpio gpiochip0: registered GPIOs 0 to 31 on gpio-0-31
[    0.493702] OMAP GPIO hardware version 0.1
[    0.505464] i2c i2c-2: GPIO lookup for consumer scl
[    0.505492] i2c i2c-2: using device tree for GPIO lookup
[    0.505517] of_get_named_gpiod_flags: can't parse 'scl-gpios' property of node '/ocp/interconnect@48000000/segment@100000/target-module@9c000/i2c@0[0]'
[    0.505563] of_get_named_gpiod_flags: can't parse 'scl-gpio' property of node '/ocp/interconnect@48000000/segment@100000/target-module@9c000/i2c@0[0]'
[    0.505603] i2c i2c-2: using lookup tables for GPIO lookup
[    0.505612] i2c i2c-2: No GPIO consumer scl found
[    0.505632] i2c i2c-2: GPIO lookup for consumer sda
[    0.505640] i2c i2c-2: using device tree for GPIO lookup
[    0.505653] of_get_named_gpiod_flags: can't parse 'sda-gpios' property of node '/ocp/interconnect@48000000/segment@100000/target-module@9c000/i2c@0[0]'
[    0.505689] of_get_named_gpiod_flags: can't parse 'sda-gpio' property of node '/ocp/interconnect@48000000/segment@100000/target-module@9c000/i2c@0[0]'
[    0.505722] i2c i2c-2: using lookup tables for GPIO lookup
[    0.505729] i2c i2c-2: No GPIO consumer sda found
[    0.506374] omap_i2c 4819c000.i2c: bus 2 rev0.11 at 100 kHz
[    0.511685] gpio gpiochip1: (gpio-32-63): created GPIO range 0->17 ==> 44e10800.pinmux PIN 34->51
[    0.511718] gpio gpiochip1: (gpio-32-63): created GPIO range 18->21 ==> 44e10800.pinmux PIN 77->80
[    0.511735] gpio gpiochip1: (gpio-32-63): created GPIO range 22->31 ==> 44e10800.pinmux PIN 56->65
[    0.511798] gpio gpiochip1: (gpio-32-63): not an immutable chip, please consider fixing it!
[    0.525004] gpio gpiochip1: (gpio-32-63): added GPIO chardev (254:1)
[    0.525148] gpio gpiochip1: registered GPIOs 32 to 63 on gpio-32-63
[    0.527208] gpio gpiochip2: (gpio-64-95): created GPIO range 0->4 ==> 44e10800.pinmux PIN 66->70
[    0.527237] gpio gpiochip2: (gpio-64-95): created GPIO range 5->6 ==> 44e10800.pinmux PIN 98->99
[    0.527253] gpio gpiochip2: (gpio-64-95): created GPIO range 7->8 ==> 44e10800.pinmux PIN 75->76
[    0.527268] gpio gpiochip2: (gpio-64-95): created GPIO range 13->13 ==> 44e10800.pinmux PIN 141->141
[    0.527284] gpio gpiochip2: (gpio-64-95): created GPIO range 14->21 ==> 44e10800.pinmux PIN 100->107
[    0.527345] gpio gpiochip2: (gpio-64-95): not an immutable chip, please consider fixing it!
[    0.527784] gpio gpiochip2: (gpio-64-95): added GPIO chardev (254:2)
[    0.527893] gpio gpiochip2: registered GPIOs 64 to 95 on gpio-64-95
[    0.533860] /ocp/interconnect@48000000/segment@300000/target-module@e000/lcdc@0: Fixed dependency cycle(s) with /ocp/interconnect@44c00000/segment@200000/target-module@b000/i2c@0/tda19988@70
[    0.536444] /ocp/interconnect@48000000/segment@300000/target-module@e000/lcdc@0: Fixed dependency cycle(s) with /ocp/interconnect@44c00000/segment@200000/target-module@b000/i2c@0/tda19988@70
[    0.537116] /ocp/interconnect@44c00000/segment@200000/target-module@b000/i2c@0/tda19988@70: Fixed dependency cycle(s) with /ocp/interconnect@48000000/segment@300000/target-module@e000/lcdc@0
[    0.537265] /ocp/interconnect@48000000/segment@300000/target-module@e000/lcdc@0: Fixed dependency cycle(s) with /ocp/interconnect@44c00000/segment@200000/target-module@b000/i2c@0/tda19988@70
[    0.545471] mdio_bus 4a101000.mdio: GPIO lookup for consumer reset
[    0.545497] mdio_bus 4a101000.mdio: using device tree for GPIO lookup
[    0.545520] of_get_named_gpiod_flags: can't parse 'reset-gpios' property of node '/ocp/interconnect@4a000000/segment@0/target-module@100000/switch@0/mdio@1000[0]'
[    0.545566] of_get_named_gpiod_flags: can't parse 'reset-gpio' property of node '/ocp/interconnect@4a000000/segment@0/target-module@100000/switch@0/mdio@1000[0]'
[    0.545612] mdio_bus 4a101000.mdio: using lookup tables for GPIO lookup
[    0.545621] mdio_bus 4a101000.mdio: No GPIO consumer reset found
[    0.546648] sdhci-omap 481d8000.mmc: GPIO lookup for consumer wp
[    0.546668] sdhci-omap 481d8000.mmc: using device tree for GPIO lookup
[    0.546687] of_get_named_gpiod_flags: can't parse 'wp-gpios' property of node '/ocp/interconnect@48000000/segment@100000/target-module@d8000/mmc@0[0]'
[    0.546734] of_get_named_gpiod_flags: can't parse 'wp-gpio' property of node '/ocp/interconnect@48000000/segment@100000/target-module@d8000/mmc@0[0]'
[    0.546770] sdhci-omap 481d8000.mmc: using lookup tables for GPIO lookup
[    0.546780] sdhci-omap 481d8000.mmc: No GPIO consumer wp found
[    0.546957] sdhci-omap 481d8000.mmc: supply pbias not found, using dummy regulator
[    0.547397] sdhci-omap 481d8000.mmc: supply vqmmc not found, using dummy regulator
[    0.603599] davinci_mdio 4a101000.mdio: davinci mdio revision 1.6, bus freq 1000000
[    0.632850] mdio_bus 4a101000.mdio:00: GPIO lookup for consumer reset
[    0.632872] mdio_bus 4a101000.mdio:00: using device tree for GPIO lookup
[    0.632896] of_get_named_gpiod_flags: can't parse 'reset-gpios' property of node '/ocp/interconnect@4a000000/segment@0/target-module@100000/switch@0/mdio@1000/ethernet-phy@0[0]'
[    0.632965] of_get_named_gpiod_flags: can't parse 'reset-gpio' property of node '/ocp/interconnect@4a000000/segment@0/target-module@100000/switch@0/mdio@1000/ethernet-phy@0[0]'
[    0.633016] mdio_bus 4a101000.mdio:00: using lookup tables for GPIO lookup
[    0.633026] mdio_bus 4a101000.mdio:00: No GPIO consumer reset found
[    0.663193] davinci_mdio 4a101000.mdio: phy[0]: device 4a101000.mdio:00, driver SMSC LAN8710/LAN8720
[    0.663686] cpsw-switch 4a100000.switch: initialized cpsw ale version 1.4
[    0.663703] cpsw-switch 4a100000.switch: ALE Table size 1024
[    0.663840] cpsw-switch 4a100000.switch: cpts: overflow check period 500 (jiffies)
[    0.663857] cpsw-switch 4a100000.switch: CPTS: ref_clk_freq:250000000 calc_mult:2147483648 calc_shift:29 error:0 nsec/sec
[    0.663944] cpsw-switch 4a100000.switch: Detected MACID = 6c:ec:eb:68:de:78
[    0.665537] cpsw-switch 4a100000.switch: initialized (regs 0x4a100000, pool size 256) hw_ver:0019010C 1.12 (0)
[    0.675300] debugfs: Directory '49000000.dma' with parent 'dmaengine' already present!
[    0.675340] edma 49000000.dma: TI EDMA DMA engine driver
[    0.726640] hw perfevents: enabled with armv7_cortex_a8 PMU driver, 5 counters available
[    0.727465] gpio-clk clk_mcasp0: GPIO lookup for consumer enable
[    0.727485] gpio-clk clk_mcasp0: using device tree for GPIO lookup
[    0.727522] of_get_named_gpiod_flags: parsed 'enable-gpios' property of node '/clk_mcasp0[0]' - status (0)
[    0.727635] gpio gpiochip0: Persistence not supported for GPIO 27
[    0.728434] gpio gpiochip3: (gpio-96-127): created GPIO range 0->7 ==> 44e10800.pinmux PIN 82->89
[    0.728462] gpio gpiochip3: (gpio-96-127): created GPIO range 8->11 ==> 44e10800.pinmux PIN 52->55
[    0.728477] gpio gpiochip3: (gpio-96-127): created GPIO range 12->15 ==> 44e10800.pinmux PIN 94->97
[    0.728493] gpio gpiochip3: (gpio-96-127): created GPIO range 16->17 ==> 44e10800.pinmux PIN 71->72
[    0.728508] gpio gpiochip3: (gpio-96-127): created GPIO range 18->18 ==> 44e10800.pinmux PIN 135->135
[    0.728524] gpio gpiochip3: (gpio-96-127): created GPIO range 19->20 ==> 44e10800.pinmux PIN 108->109
[    0.728540] gpio gpiochip3: (gpio-96-127): created GPIO range 21->21 ==> 44e10800.pinmux PIN 73->73
[    0.728556] gpio gpiochip3: (gpio-96-127): created GPIO range 22->23 ==> 44e10800.pinmux PIN 8->9
[    0.728573] gpio gpiochip3: (gpio-96-127): created GPIO range 26->27 ==> 44e10800.pinmux PIN 10->11
[    0.728590] gpio gpiochip3: (gpio-96-127): created GPIO range 28->28 ==> 44e10800.pinmux PIN 74->74
[    0.728607] gpio gpiochip3: (gpio-96-127): created GPIO range 29->29 ==> 44e10800.pinmux PIN 81->81
[    0.728625] gpio gpiochip3: (gpio-96-127): created GPIO range 30->31 ==> 44e10800.pinmux PIN 28->29
[    0.728691] gpio gpiochip3: (gpio-96-127): not an immutable chip, please consider fixing it!
[    0.733991] l3-aon-clkctrl:0000:0: failed to disable
[    0.734443] gpio gpiochip3: (gpio-96-127): added GPIO chardev (254:3)
[    0.734570] gpio gpiochip3: registered GPIOs 96 to 127 on gpio-96-127
[    0.736111] omap8250 44e09000.serial: GPIO lookup for consumer rs485-term
[    0.736134] omap8250 44e09000.serial: using device tree for GPIO lookup
[    0.736156] of_get_named_gpiod_flags: can't parse 'rs485-term-gpios' property of node '/ocp/interconnect@44c00000/segment@200000/target-module@9000/serial@0[0]'
[    0.736204] of_get_named_gpiod_flags: can't parse 'rs485-term-gpio' property of node '/ocp/interconnect@44c00000/segment@200000/target-module@9000/serial@0[0]'
[    0.736243] omap8250 44e09000.serial: using lookup tables for GPIO lookup
[    0.736253] omap8250 44e09000.serial: No GPIO consumer rs485-term found
[    0.736300] 44e09000.serial: ttyS0 at MMIO 0x44e09000 (irq = 34, base_baud = 3000000) is a 8250
[    2.166280] printk: console [ttyS0] enabled
[    2.173124] i2c i2c-0: GPIO lookup for consumer scl
[    2.173158] i2c i2c-0: using device tree for GPIO lookup
[    2.173185] of_get_named_gpiod_flags: can't parse 'scl-gpios' property of node '/ocp/interconnect@44c00000/segment@200000/target-module@b000/i2c@0[0]'
[    2.173233] of_get_named_gpiod_flags: can't parse 'scl-gpio' property of node '/ocp/interconnect@44c00000/segment@200000/target-module@b000/i2c@0[0]'
[    2.173275] i2c i2c-0: using lookup tables for GPIO lookup
[    2.173286] i2c i2c-0: No GPIO consumer scl found
[    2.173308] i2c i2c-0: GPIO lookup for consumer sda
[    2.173317] i2c i2c-0: using device tree for GPIO lookup
[    2.173331] of_get_named_gpiod_flags: can't parse 'sda-gpios' property of node '/ocp/interconnect@44c00000/segment@200000/target-module@b000/i2c@0[0]'
[    2.173370] of_get_named_gpiod_flags: can't parse 'sda-gpio' property of node '/ocp/interconnect@44c00000/segment@200000/target-module@b000/i2c@0[0]'
[    2.173405] i2c i2c-0: using lookup tables for GPIO lookup
[    2.173413] i2c i2c-0: No GPIO consumer sda found
[    2.199777] tps65217-pmic: Failed to locate of_node [id: -1]
[    2.215549] tps65217-bl: Failed to locate of_node [id: -1]
[    2.224131] tps65217 0-0024: TPS65217 ID 0xe version 1.2
[    2.230170] /ocp/interconnect@48000000/segment@300000/target-module@e000/lcdc@0: Fixed dependency cycle(s) with /ocp/interconnect@44c00000/segment@200000/target-module@b000/i2c@0/tda19988@70
[    2.247478] /ocp/interconnect@44c00000/segment@200000/target-module@b000/i2c@0/tda19988@70: Fixed dependency cycle(s) with /ocp/interconnect@48000000/segment@300000/target-module@e000/lcdc@0
[    2.264861] omap_i2c 44e0b000.i2c: bus 0 rev0.11 at 400 kHz
[    2.272212] sdhci-omap 48060000.mmc: GPIO lookup for consumer cd
[    2.272243] sdhci-omap 48060000.mmc: using device tree for GPIO lookup
[    2.272286] of_get_named_gpiod_flags: parsed 'cd-gpios' property of node '/ocp/interconnect@48000000/segment@0/target-module@60000/mmc@0[0]' - status (0)
[    2.272406] gpio gpiochip3: Persistence not supported for GPIO 6
[    2.272433] omap_gpio 44e07000.gpio: Could not set line 6 debounce to 200000 microseconds (-22)
[    2.281286] sdhci-omap 48060000.mmc: Got CD GPIO
[    2.285933] sdhci-omap 48060000.mmc: GPIO lookup for consumer wp
[    2.285944] sdhci-omap 48060000.mmc: using device tree for GPIO lookup
[    2.285964] of_get_named_gpiod_flags: can't parse 'wp-gpios' property of node '/ocp/interconnect@48000000/segment@0/target-module@60000/mmc@0[0]'
[    2.286010] of_get_named_gpiod_flags: can't parse 'wp-gpio' property of node '/ocp/interconnect@48000000/segment@0/target-module@60000/mmc@0[0]'
[    2.286051] sdhci-omap 48060000.mmc: using lookup tables for GPIO lookup
[    2.286062] sdhci-omap 48060000.mmc: No GPIO consumer wp found
[    2.286258] sdhci-omap 48060000.mmc: supply pbias not found, using dummy regulator
[    2.294989] sdhci-omap 481d8000.mmc: GPIO lookup for consumer wp
[    2.295016] sdhci-omap 481d8000.mmc: using device tree for GPIO lookup
[    2.295036] of_get_named_gpiod_flags: can't parse 'wp-gpios' property of node '/ocp/interconnect@48000000/segment@100000/target-module@d8000/mmc@0[0]'
[    2.295086] of_get_named_gpiod_flags: can't parse 'wp-gpio' property of node '/ocp/interconnect@48000000/segment@100000/target-module@d8000/mmc@0[0]'
[    2.295124] sdhci-omap 481d8000.mmc: using lookup tables for GPIO lookup
[    2.295135] sdhci-omap 481d8000.mmc: No GPIO consumer wp found
[    2.295723] sdhci-omap 48060000.mmc: supply vqmmc not found, using dummy regulator
[    2.304148] sdhci-omap 481d8000.mmc: supply pbias not found, using dummy regulator
[    2.312323] sdhci-omap 481d8000.mmc: supply vqmmc not found, using dummy regulator
[    2.349308] mmc1: SDHCI controller on 481d8000.mmc [481d8000.mmc] using External DMA
[    2.357634] mmc0: SDHCI controller on 48060000.mmc [48060000.mmc] using External DMA
[    2.366353] cpsw-switch 4a100000.switch: starting ndev. mode: dual_mac
[    2.407902] mmc0: new high speed SDHC card at address 5048
[    2.414704] mmcblk0: mmc0:5048 SD16G 14.4 GiB 
[    2.422620]  mmcblk0: p1 p2
[    2.425856] mmcblk0: p2 size 31221760 extends beyond EOD, truncated
[    2.440822] mmc1: new high speed MMC card at address 0001
[    2.447400] mmcblk1: mmc1:0001 MMC04G 3.60 GiB 
[    2.454720]  mmcblk1: p1 p2
[    2.458144] SMSC LAN8710/LAN8720 4a101000.mdio:00: attached PHY driver (mii_bus:phy_addr=4a101000.mdio:00, irq=POLL)
[    2.469718] mmcblk1boot0: mmc1:0001 MMC04G 2.00 MiB 
[    2.476641] mmcblk1boot1: mmc1:0001 MMC04G 2.00 MiB 
[    2.489192] mmcblk1rpmb: mmc1:0001 MMC04G 128 KiB, chardev (250:0)
[    5.609654] cpsw-switch 4a100000.switch eth0: Link is Up - 100Mbps/Full - flow control off
[    5.618036] IPv6: ADDRCONF(NETDEV_CHANGE): eth0: link becomes ready
[    5.658970] IP-Config: Complete:
[    5.662238]      device=eth0, hwaddr=6c:ec:eb:68:de:78, ipaddr=192.168.255.1, mask=255.255.255.0, gw=255.255.255.255
[    5.672870]      host=bbb1, domain=, nis-domain=(none)
[    5.678033]      bootserver=192.168.255.126, rootserver=192.168.255.126, rootpath=
[    5.678442] clk: Disabling unused clocks
[    5.690300] KTAP version 1
[    5.693026] 1..0
[    5.716326] VFS: Mounted root (nfs filesystem) on device 0:16.
[    5.723311] devtmpfs: mounted
[    5.727902] Freeing unused kernel image (initmem) memory: 1024K
[    5.734659] Run /sbin/init as init process
[    5.738787]   with arguments:
[    5.738797]     /sbin/init
[    5.738804]     nfsrootdebug
[    5.738811]   with environment:
[    5.738817]     HOME=/
[    5.738824]     TERM=linux
[    6.398676] systemd[1]: System time before build time, advancing clock.
[    7.858913] random: crng init done
[    7.929377] systemd[1]: systemd 232 running in system mode. (+PAM +AUDIT +SELINUX +IMA +APPARMOR +SMACK +SYSVINIT +UTMP +LIBCRYPTSETUP +GCRYPT +GNUTLS +ACL +XZ +LZ4 +SECCOMP +BLKID +ELFUTILS +KMOD +IDN)
[    7.948430] systemd[1]: Detected architecture arm.
[    7.996120] systemd[1]: Set hostname to <arm>.
[    9.052980] systemd[1]: Listening on Journal Audit Socket.
[    9.090972] systemd[1]: Listening on Journal Socket (/dev/log).
[    9.130674] systemd[1]: Set up automount Arbitrary Executable File Formats File System Automount Point.
[    9.169318] systemd[1]: Reached target Remote File Systems.
[    9.210724] systemd[1]: Listening on /dev/initctl Compatibility Named Pipe.
[    9.249262] systemd[1]: Reached target Swap.
[    9.280413] systemd[1]: Created slice System Slice.
[   11.576829] systemd-journald[90]: Received request to flush runtime journal from PID 1
[   14.478437] of_get_named_gpiod_flags: parsed 'gpios' property of node '/leds/led2[0]' - status (0)
[   14.478529] gpio gpiochip0: Persistence not supported for GPIO 21
[   14.478541] gpio-21 (?): no flags found for gpios
[   14.478784] of_get_named_gpiod_flags: parsed 'gpios' property of node '/leds/led3[0]' - status (0)
[   14.478828] gpio gpiochip0: Persistence not supported for GPIO 22
[   14.478839] gpio-22 (?): no flags found for gpios
[   14.529496] of_get_named_gpiod_flags: parsed 'gpios' property of node '/leds/led4[0]' - status (0)
[   14.529575] gpio gpiochip0: Persistence not supported for GPIO 23
[   14.529588] gpio-23 (?): no flags found for gpios
[   14.552715] of_get_named_gpiod_flags: parsed 'gpios' property of node '/leds/led5[0]' - status (0)
[   14.552793] gpio gpiochip0: Persistence not supported for GPIO 24
[   14.552807] gpio-24 (?): no flags found for gpios
[   14.855602] remoteproc remoteproc0: wkup_m3 is available
[   15.022560] omap_wdt: OMAP Watchdog Timer Rev 0x01: initial timeout 60 sec
[   15.241163] wkup_m3_ipc 44e11324.wkup_m3_ipc: IPC Request for A8->M3 Channel failed! -517
[   15.421880] wkup_m3_ipc 44e11324.wkup_m3_ipc: IPC Request for A8->M3 Channel failed! -517
[   15.598003] at24 2-0054: supply vcc not found, using dummy regulator
[   15.777297] at24 2-0055: supply vcc not found, using dummy regulator
[   15.810137] am335x-phy-driver 47401300.usb-phy: GPIO lookup for consumer reset
[   15.810184] am335x-phy-driver 47401300.usb-phy: using device tree for GPIO lookup
[   15.810217] of_get_named_gpiod_flags: can't parse 'reset-gpios' property of node '/ocp/target-module@47400000/usb-phy@1300[0]'
[   15.810271] of_get_named_gpiod_flags: can't parse 'reset-gpio' property of node '/ocp/target-module@47400000/usb-phy@1300[0]'
[   15.810305] am335x-phy-driver 47401300.usb-phy: using lookup tables for GPIO lookup
[   15.810317] am335x-phy-driver 47401300.usb-phy: No GPIO consumer reset found
[   15.810329] am335x-phy-driver 47401300.usb-phy: GPIO lookup for consumer vbus-detect
[   15.810338] am335x-phy-driver 47401300.usb-phy: using device tree for GPIO lookup
[   15.810355] of_get_named_gpiod_flags: can't parse 'vbus-detect-gpios' property of node '/ocp/target-module@47400000/usb-phy@1300[0]'
[   15.810387] of_get_named_gpiod_flags: can't parse 'vbus-detect-gpio' property of node '/ocp/target-module@47400000/usb-phy@1300[0]'
[   15.810413] am335x-phy-driver 47401300.usb-phy: using lookup tables for GPIO lookup
[   15.810423] am335x-phy-driver 47401300.usb-phy: No GPIO consumer vbus-detect found
[   15.810553] am335x-phy-driver 47401300.usb-phy: supply vcc not found, using dummy regulator
[   15.819428] am335x-phy-driver 47401300.usb-phy: dummy supplies not allowed for exclusive requests
[   15.969806] at24 2-0056: supply vcc not found, using dummy regulator
[   16.015095] am335x-phy-driver 47401b00.usb-phy: GPIO lookup for consumer reset
[   16.015189] am335x-phy-driver 47401b00.usb-phy: using device tree for GPIO lookup
[   16.015275] of_get_named_gpiod_flags: can't parse 'reset-gpios' property of node '/ocp/target-module@47400000/usb-phy@1b00[0]'
[   16.015332] of_get_named_gpiod_flags: can't parse 'reset-gpio' property of node '/ocp/target-module@47400000/usb-phy@1b00[0]'
[   16.015455] am335x-phy-driver 47401b00.usb-phy: using lookup tables for GPIO lookup
[   16.015516] am335x-phy-driver 47401b00.usb-phy: No GPIO consumer reset found
[   16.015528] am335x-phy-driver 47401b00.usb-phy: GPIO lookup for consumer vbus-detect
[   16.015538] am335x-phy-driver 47401b00.usb-phy: using device tree for GPIO lookup
[   16.015556] of_get_named_gpiod_flags: can't parse 'vbus-detect-gpios' property of node '/ocp/target-module@47400000/usb-phy@1b00[0]'
[   16.015637] of_get_named_gpiod_flags: can't parse 'vbus-detect-gpio' property of node '/ocp/target-module@47400000/usb-phy@1b00[0]'
[   16.015669] am335x-phy-driver 47401b00.usb-phy: using lookup tables for GPIO lookup
[   16.015679] am335x-phy-driver 47401b00.usb-phy: No GPIO consumer vbus-detect found
[   16.015911] am335x-phy-driver 47401b00.usb-phy: supply vcc not found, using dummy regulator
[   16.025344] am335x-phy-driver 47401b00.usb-phy: dummy supplies not allowed for exclusive requests
[   16.035440] wkup_m3_ipc 44e11324.wkup_m3_ipc: IPC Request for A8->M3 Channel failed! -517
[   16.110665] tps6521x_pwrbutton tps65217-pwrbutton: DMA mask not set
[   16.170409] at24 2-0057: supply vcc not found, using dummy regulator
[   16.223887] input: tps65217_pwrbutton as /devices/platform/ocp/44c00000.interconnect/44c00000.interconnect:segment@200000/44e0b000.target-module/44e0b000.i2c/i2c-0/0-0024/tps65217-pwrbutton/input/input0
[   16.243892] wkup_m3_ipc 44e11324.wkup_m3_ipc: IPC Request for A8->M3 Channel failed! -517
[   16.300739] omap_rtc 44e3e000.rtc: registered as rtc0
[   16.305963] omap_rtc 44e3e000.rtc: setting system clock to 2000-01-01T00:00:00 UTC (946684800)
[   16.314770] omap_rtc 44e3e000.rtc: GPIO lookup for consumer wp
[   16.314785] omap_rtc 44e3e000.rtc: using device tree for GPIO lookup
[   16.314813] of_get_named_gpiod_flags: can't parse 'wp-gpios' property of node '/ocp/interconnect@44c00000/segment@200000/target-module@3e000/rtc@0[0]'
[   16.314869] of_get_named_gpiod_flags: can't parse 'wp-gpio' property of node '/ocp/interconnect@44c00000/segment@200000/target-module@3e000/rtc@0[0]'
[   16.314912] omap_rtc 44e3e000.rtc: using lookup tables for GPIO lookup
[   16.314925] omap_rtc 44e3e000.rtc: No GPIO consumer wp found
[   16.349448] at24 0-0050: GPIO lookup for consumer wp
[   16.349493] at24 0-0050: using device tree for GPIO lookup
[   16.349532] of_get_named_gpiod_flags: can't parse 'wp-gpios' property of node '/ocp/interconnect@44c00000/segment@200000/target-module@b000/i2c@0/baseboard_eeprom@50[0]'
[   16.349604] of_get_named_gpiod_flags: can't parse 'wp-gpio' property of node '/ocp/interconnect@44c00000/segment@200000/target-module@b000/i2c@0/baseboard_eeprom@50[0]'
[   16.349655] at24 0-0050: using lookup tables for GPIO lookup
[   16.349667] at24 0-0050: No GPIO consumer wp found
[   16.349926] at24 0-0050: 32768 byte 24c256 EEPROM, writable, 1 bytes/write
[   16.389852] wkup_m3_ipc 44e11324.wkup_m3_ipc: IPC Request for A8->M3 Channel failed! -517
[   16.508732] wkup_m3_ipc 44e11324.wkup_m3_ipc: IPC Request for A8->M3 Channel failed! -517
[   17.460587] usbcore: registered new interface driver usbfs
[   17.466201] usbcore: registered new interface driver hub
[   17.471876] usbcore: registered new device driver usb
[   18.064745] wkup_m3_ipc 44e11324.wkup_m3_ipc: IPC Request for A8->M3 Channel failed! -517
[   18.172579] omap-mailbox 480c8000.mailbox: omap mailbox rev 0x400
[   18.191631] musb-hdrc musb-hdrc.1: MUSB HDRC host driver
[   18.197052] musb-hdrc musb-hdrc.1: new USB bus registered, assigned bus number 1
[   18.270907] remoteproc remoteproc0: powering up wkup_m3
[   18.526486] remoteproc remoteproc0: Direct firmware load for am335x-pm-firmware.elf failed with error -2
[   18.536348] remoteproc remoteproc0: request_firmware failed: -2
[   18.542356] wkup_m3_ipc 44e11324.wkup_m3_ipc: rproc_boot failed
[   18.595418] usb usb1: New USB device found, idVendor=1d6b, idProduct=0002, bcdDevice= 6.01
[   18.603870] usb usb1: New USB device strings: Mfr=3, Product=2, SerialNumber=1
[   18.611173] usb usb1: Product: MUSB HDRC host driver
[   18.616163] usb usb1: Manufacturer: Linux 6.1.129 musb-hcd
[   18.621709] usb usb1: SerialNumber: musb-hdrc.1
[   19.052055] hub 1-0:1.0: USB hub found
[   19.104620] hub 1-0:1.0: 1 port detected
[   19.514364] tda998x 0-0070: found TDA19988
[   20.410409] tilcdc 4830e000.lcdc: bound 0-0070 (ops tda998x_audio_codec_init [tda998x])
[   20.421353] omap_rng 48310000.rng: Random Number Generator ver. 20
[   20.579735] [drm] Initialized tilcdc 1.0.0 20121205 for 4830e000.lcdc on minor 0
[   20.739841] tilcdc 4830e000.lcdc: [drm] Cannot find any crtc or sizes
[   20.750468] tilcdc 4830e000.lcdc: [drm] Cannot find any crtc or sizes
[   21.673412] omap-aes 53500000.aes: OMAP AES hw accel rev: 3.2
[   21.708055] PM: Cannot get wkup_m3_ipc handle
[   21.743907] omap-sham 53100000.sham: hw accel on OMAP rev 4.3
[   21.866802] omap-aes 53500000.aes: will run requests pump with realtime priority
[   21.877834] omap-sham 53100000.sham: will run requests pump with realtime priority
[   22.100965] PM: Cannot get wkup_m3_ipc handle
[   22.185526] PM: Cannot get wkup_m3_ipc handle
[   23.112961] Bluetooth: Core ver 2.22
[   23.116752] NET: Registered PF_BLUETOOTH protocol family
[   23.122315] Bluetooth: HCI device and connection manager initialized
[   23.128734] Bluetooth: HCI socket layer initialized
[   23.133692] Bluetooth: L2CAP socket layer initialized
[   23.138803] Bluetooth: SCO socket layer initialized
[   26.040008] PM: Cannot get wkup_m3_ipc handle
[   26.045706] asoc-simple-card sound: GPIO lookup for consumer simple-audio-card,hp-det
[   26.045740] asoc-simple-card sound: using device tree for GPIO lookup
[   26.045767] of_get_named_gpiod_flags: can't parse 'simple-audio-card,hp-det-gpios' property of node '/sound[0]'
[   26.045811] of_get_named_gpiod_flags: can't parse 'simple-audio-card,hp-det-gpio' property of node '/sound[0]'
[   26.045838] asoc-simple-card sound: using lookup tables for GPIO lookup
[   26.045850] asoc-simple-card sound: No GPIO consumer simple-audio-card,hp-det found
[   26.045862] asoc-simple-card sound: GPIO lookup for consumer simple-audio-card,mic-det
[   26.045871] asoc-simple-card sound: using device tree for GPIO lookup
[   26.045887] of_get_named_gpiod_flags: can't parse 'simple-audio-card,mic-det-gpios' property of node '/sound[0]'
[   26.045911] of_get_named_gpiod_flags: can't parse 'simple-audio-card,mic-det-gpio' property of node '/sound[0]'
[   26.045930] asoc-simple-card sound: using lookup tables for GPIO lookup
[   26.045940] asoc-simple-card sound: No GPIO consumer simple-audio-card,mic-det found
[   26.179948] PM: Cannot get wkup_m3_ipc handle
[   26.881998] using random self ethernet address
[   26.886513] using random host ethernet address
[   27.170118] using random self ethernet address
[   27.174632] using random host ethernet address
[   27.478008] userial_init: registered 8 ttyGS* devices
[   27.724428] rndis_register: configNr = 0
[   27.822167] udc musb-hdrc.0: binding gadget driver [g_multi]
[   27.822251] configfs-gadget.g_multi gadget.0: adding 'rndis'/de306671 to config 'c'/15d12fd6
[   27.823311] usb0: HOST MAC 1c:ba:8c:a2:ed:6c
[   27.827784] usb0: MAC 1c:ba:8c:a2:ed:70
[   27.831881] rndis_set_param_medium: 0 0
[   27.831906] configfs-gadget.g_multi gadget.0: RNDIS: dual speed IN/ep1in OUT/ep1out NOTIFY/ep2in
[   27.831922] configfs-gadget.g_multi gadget.0: adding 'cdc_ethernet'/698ab1f8 to config 'c'/15d12fd6
[   27.832772] usb1: HOST MAC 1c:ba:8c:a2:ed:6c
[   27.837081] usb1: MAC 1c:ba:8c:a2:ed:6d
[   27.841084] configfs-gadget.g_multi gadget.0: CDC Ethernet: dual speed IN/ep3in OUT/ep2out NOTIFY/ep4in
[   27.841104] configfs-gadget.g_multi gadget.0: adding 'acm'/4b9f8883 to config 'c'/15d12fd6
[   27.841136] configfs-gadget.g_multi gadget.0: acm ttyGS0: dual speed IN/ep5in OUT/ep3out NOTIFY/ep6in
[   27.859558] PM: Cannot get wkup_m3_ipc handle
[   29.191057] usb1: eth_open
[   34.284601] gs_open: ttyGS0 (b9a21311,dbf1991b)
[   34.284762] gs_close: ttyGS0 (b9a21311,dbf1991b) ...
[   34.284786] gs_close: ttyGS0 (b9a21311,dbf1991b) done!
[   34.298306] gs_open: ttyGS0 (b9a21311,43483a99)
[   34.298417] gs_close: ttyGS0 (b9a21311,43483a99) ...
[   34.298436] gs_close: ttyGS0 (b9a21311,43483a99) done!
[   34.447113] gs_open: ttyGS0 (fea6f114,b95c24db)
[   34.447326] gs_close: ttyGS0 (fea6f114,b95c24db) ...
[   34.447351] gs_close: ttyGS0 (fea6f114,b95c24db) done!
[   34.452071] gs_open: ttyGS0 (fea6f114,90fb6c69)
NXFWKMXXAF 0
root@arm:~# echo 'BMQH''OZPPTO'
BMQHOZPPTO
root@arm:~# MARKER='UFEE''NLGPAZ' run 'modprobe test_linear_ranges'
UFEENLGPAZUFEENLGPAZ 0
root@arm:~# echo 'UCSS''MKAGZT'
UCSSMKAGZT
root@arm:~# MARKER='ZLOV''VWPULW' run dmesg
ZLOVVWPULW[    0.000000] Booting Linux on physical CPU 0x0
[    0.000000] Linux version 6.1.129 (user01@drvtest01) (arm-none-eabi-gcc (Arm GNU Toolchain 14.2.Rel1 (Build arm-14.52)) 14.2.1 20241119, GNU ld (Arm GNU Toolchain 14.2.Rel1 (Build arm-14.52)) 2.43.1.20241119) #1 SMP Fri Feb 21 15:32:29 EET 2025
[    0.000000] CPU: ARMv7 Processor [413fc082] revision 2 (ARMv7), cr=10c5387d
[    0.000000] CPU: PIPT / VIPT nonaliasing data cache, VIPT aliasing instruction cache
[    0.000000] OF: fdt: Machine model: TI AM335x BeagleBone Black
[    0.000000] Memory policy: Data cache writeback
[    0.000000] cma: Reserved 16 MiB at 0x9ec00000
[    0.000000] Zone ranges:
[    0.000000]   Normal   [mem 0x0000000080000000-0x000000009fdfffff]
[    0.000000]   HighMem  empty
[    0.000000] Movable zone start for each node
[    0.000000] Early memory node ranges
[    0.000000]   node   0: [mem 0x0000000080000000-0x000000009fdfffff]
[    0.000000] Initmem setup node 0 [mem 0x0000000080000000-0x000000009fdfffff]
[    0.000000] CPU: All CPU(s) started in SVC mode.
[    0.000000] AM335X ES2.1 (sgx neon)
[    0.000000] percpu: Embedded 16 pages/cpu s34132 r8192 d23212 u65536
[    0.000000] pcpu-alloc: s34132 r8192 d23212 u65536 alloc=16*4096
[    0.000000] pcpu-alloc: [0] 0 
[    0.000000] Built 1 zonelists, mobility grouping on.  Total pages: 129412
[    0.000000] Kernel command line: console=ttyO0,115200n8 root=/dev/nfs rw nfsroot=192.168.255.126:/home/user01/nfs,nfsvers=3 ip=192.168.255.1:192.168.255.126::255.255.255.0:bbb1:eth0 nfsrootdebug
[    0.000000] Unknown kernel command line parameters "nfsrootdebug", will be passed to user space.
[    0.000000] Dentry cache hash table entries: 65536 (order: 6, 262144 bytes, linear)
[    0.000000] Inode-cache hash table entries: 32768 (order: 5, 131072 bytes, linear)
[    0.000000] mem auto-init: stack:off, heap alloc:off, heap free:off
[    0.000000] Memory: 484644K/522240K available (10240K kernel code, 1144K rwdata, 2604K rodata, 1024K init, 287K bss, 21212K reserved, 16384K cma-reserved, 0K highmem)
[    0.000000] SLUB: HWalign=64, Order=0-3, MinObjects=0, CPUs=1, Nodes=1
[    0.000000] trace event string verifier disabled
[    0.000000] rcu: Hierarchical RCU implementation.
[    0.000000] rcu: 	RCU event tracing is enabled.
[    0.000000] rcu: 	RCU restricting CPUs from NR_CPUS=2 to nr_cpu_ids=1.
[    0.000000] rcu: RCU calculated value of scheduler-enlistment delay is 10 jiffies.
[    0.000000] rcu: Adjusting geometry for rcu_fanout_leaf=16, nr_cpu_ids=1
[    0.000000] NR_IRQS: 16, nr_irqs: 16, preallocated irqs: 16
[    0.000000] IRQ: Found an INTC at 0x(ptrval) (revision 5.0) with 128 interrupts
[    0.000000] rcu: srcu_init: Setting srcu_struct sizes based on contention.
[    0.000000] TI gptimer clocksource: always-on /ocp/interconnect@44c00000/segment@200000/target-module@31000
[    0.000002] sched_clock: 32 bits at 24MHz, resolution 41ns, wraps every 89478484971ns
[    0.000027] clocksource: dmtimer: mask: 0xffffffff max_cycles: 0xffffffff, max_idle_ns: 79635851949 ns
[    0.000439] TI gptimer clockevent: 24000000 Hz at /ocp/interconnect@48000000/segment@0/target-module@40000
[    0.001955] Console: colour dummy device 80x30
[    0.002002] WARNING: Your 'console=ttyO0' has been replaced by 'ttyS0'
[    0.002009] This ensures that you still see kernel messages. Please
[    0.002014] update your kernel commandline.
[    0.002055] Calibrating delay loop... 996.14 BogoMIPS (lpj=4980736)
[    0.090484] CPU: Testing write buffer coherency: ok
[    0.090581] CPU0: Spectre v2: using BPIALL workaround
[    0.090591] pid_max: default: 32768 minimum: 301
[    0.090718] LSM: Security Framework initializing
[    0.090885] Mount-cache hash table entries: 1024 (order: 0, 4096 bytes, linear)
[    0.090907] Mountpoint-cache hash table entries: 1024 (order: 0, 4096 bytes, linear)
[    0.092411] CPU0: thread -1, cpu 0, socket -1, mpidr 0
[    0.093678] Setting up static identity map for 0x80100000 - 0x80100078
[    0.093906] rcu: Hierarchical SRCU implementation.
[    0.093916] rcu: 	Max phase no-delay instances is 1000.
[    0.095226] smp: Bringing up secondary CPUs ...
[    0.095244] smp: Brought up 1 node, 1 CPU
[    0.095255] SMP: Total of 1 processors activated (996.14 BogoMIPS).
[    0.095267] CPU: All CPU(s) started in SVC mode.
[    0.096179] devtmpfs: initialized
[    0.111067] VFP support v0.3: implementor 41 architecture 3 part 30 variant c rev 3
[    0.111377] clocksource: jiffies: mask: 0xffffffff max_cycles: 0xffffffff, max_idle_ns: 19112604462750000 ns
[    0.111414] futex hash table entries: 256 (order: 2, 16384 bytes, linear)
[    0.112750] pinctrl core: initialized pinctrl subsystem
[    0.114658] NET: Registered PF_NETLINK/PF_ROUTE protocol family
[    0.116679] DMA: preallocated 256 KiB pool for atomic coherent allocations
[    0.117231] audit: initializing netlink subsys (disabled)
[    0.118433] thermal_sys: Registered thermal governor 'fair_share'
[    0.118450] thermal_sys: Registered thermal governor 'step_wise'
[    0.118456] thermal_sys: Registered thermal governor 'user_space'
[    0.118580] cpuidle: using governor menu
[    0.135124] /ocp/interconnect@44c00000/segment@200000/target-module@b000/i2c@0/tda19988@70: Fixed dependency cycle(s) with /ocp/interconnect@48000000/segment@300000/target-module@e000/lcdc@0
[    0.136152] /ocp/interconnect@48000000/segment@300000/target-module@e000/lcdc@0: Fixed dependency cycle(s) with /ocp/interconnect@44c00000/segment@200000/target-module@b000/i2c@0/tda19988@70
[    0.138154] No ATAGs?
[    0.138169] hw-breakpoint: debug architecture 0x4 unsupported.
[    0.146778] audit: type=2000 audit(0.110:1): state=initialized audit_enabled=0 res=1
[    0.147075] kprobes: kprobe jump-optimization is enabled. All kprobes are optimized if possible.
[    0.163579] reg-fixed-voltage fixedregulator0: GPIO lookup for consumer (null)
[    0.163605] reg-fixed-voltage fixedregulator0: using device tree for GPIO lookup
[    0.163624] of_get_named_gpiod_flags: can't parse 'gpios' property of node '/fixedregulator0[0]'
[    0.163659] of_get_named_gpiod_flags: can't parse 'gpio' property of node '/fixedregulator0[0]'
[    0.163681] reg-fixed-voltage fixedregulator0: using lookup tables for GPIO lookup
[    0.163692] reg-fixed-voltage fixedregulator0: No GPIO consumer (null) found
[    0.164836] iommu: Default domain type: Translated 
[    0.164850] iommu: DMA domain TLB invalidation policy: strict mode 
[    0.166280] SCSI subsystem initialized
[    0.166800] libata version 3.00 loaded.
[    0.167134] pps_core: LinuxPPS API ver. 1 registered
[    0.167143] pps_core: Software ver. 5.3.6 - Copyright 2005-2007 Rodolfo Giometti <giometti@linux.it>
[    0.167167] PTP clock support registered
[    0.168607] vgaarb: loaded
[    0.180803] clocksource: Switched to clocksource dmtimer
[    0.181446] VFS: Disk quotas dquot_6.6.0
[    0.181526] VFS: Dquot-cache hash table entries: 1024 (order 0, 4096 bytes)
[    0.193357] NET: Registered PF_INET protocol family
[    0.193681] IP idents hash table entries: 8192 (order: 4, 65536 bytes, linear)
[    0.195027] tcp_listen_portaddr_hash hash table entries: 512 (order: 0, 4096 bytes, linear)
[    0.195073] Table-perturb hash table entries: 65536 (order: 6, 262144 bytes, linear)
[    0.195093] TCP established hash table entries: 4096 (order: 2, 16384 bytes, linear)
[    0.195139] TCP bind hash table entries: 4096 (order: 4, 65536 bytes, linear)
[    0.195238] TCP: Hash tables configured (established 4096 bind 4096)
[    0.195356] UDP hash table entries: 256 (order: 1, 8192 bytes, linear)
[    0.195384] UDP-Lite hash table entries: 256 (order: 1, 8192 bytes, linear)
[    0.195566] NET: Registered PF_UNIX/PF_LOCAL protocol family
[    0.196770] RPC: Registered named UNIX socket transport module.
[    0.196791] RPC: Registered udp transport module.
[    0.196797] RPC: Registered tcp transport module.
[    0.196802] RPC: Registered tcp NFSv4.1 backchannel transport module.
[    0.196819] PCI: CLS 0 bytes, default 64
[    0.198231] Initialise system trusted keyrings
[    0.217745] workingset: timestamp_bits=14 max_order=17 bucket_order=3
[    0.226883] NFS: Registering the id_resolver key type
[    0.226958] Key type id_resolver registered
[    0.226966] Key type id_legacy registered
[    0.227022] jffs2: version 2.2. (NAND) (SUMMARY)  Â© 2001-2006 Red Hat, Inc.
[    0.227739] Key type asymmetric registered
[    0.227755] Asymmetric key parser 'x509' registered
[    0.227895] io scheduler mq-deadline registered
[    0.227907] io scheduler kyber registered
[    0.228126] io scheduler bfq registered
[    0.232993] Serial: 8250/16550 driver, 6 ports, IRQ sharing enabled
[    0.255438] brd: module loaded
[    0.275318] loop: module loaded
[    0.276188] mtdoops: mtd device (mtddev=name/number) must be supplied
[    0.277505] mdio_bus fixed-0: GPIO lookup for consumer reset
[    0.277525] mdio_bus fixed-0: using lookup tables for GPIO lookup
[    0.277535] mdio_bus fixed-0: No GPIO consumer reset found
[    0.278583] i2c_dev: i2c /dev entries driver
[    0.279667] cpuidle: enable-method property 'ti,am3352' found operations
[    0.280109] sdhci: Secure Digital Host Controller Interface driver
[    0.280118] sdhci: Copyright(c) Pierre Ossman
[    0.280279] sdhci-pltfm: SDHCI platform and OF driver helper
[    0.294156] ledtrig-cpu: registered to indicate activity on CPUs
[    0.294922] Initializing XFRM netlink socket
[    0.295461] NET: Registered PF_INET6 protocol family
[    0.297234] Segment Routing with IPv6
[    0.297304] In-situ OAM (IOAM) with IPv6
[    0.297407] sit: IPv6, IPv4 and MPLS over IPv4 tunneling driver
[    0.298253] NET: Registered PF_PACKET protocol family
[    0.298281] NET: Registered PF_KEY protocol family
[    0.298388] Key type dns_resolver registered
[    0.298499] ThumbEE CPU extension supported.
[    0.298542] Registering SWP/SWPB emulation handler
[    0.299177] omap_voltage_late_init: Voltage driver support not added
[    0.299519] SmartReflex Class3 initialized
[    0.300451] Loading compiled-in X.509 certificates
[    0.369834] /ocp/interconnect@44c00000/segment@200000/target-module@b000/i2c@0/tda19988@70: Fixed dependency cycle(s) with /ocp/interconnect@48000000/segment@300000/target-module@e000/lcdc@0
[    0.375742] /ocp/interconnect@44c00000/segment@200000/target-module@b000/i2c@0/tda19988@70: Fixed dependency cycle(s) with /ocp/interconnect@48000000/segment@300000/target-module@e000/lcdc@0
[    0.383383] /ocp/interconnect@44c00000/segment@200000/target-module@b000/i2c@0/tda19988@70: Fixed dependency cycle(s) with /ocp/interconnect@48000000/segment@300000/target-module@e000/lcdc@0
[    0.384183] /ocp/interconnect@44c00000/segment@200000/target-module@b000/i2c@0/tda19988@70: Fixed dependency cycle(s) with /ocp/interconnect@48000000/segment@300000/target-module@e000/lcdc@0
[    0.387188] /ocp/interconnect@44c00000/segment@200000/target-module@10000/scm@0/pinmux@800: Fixed dependency cycle(s) with /ocp/interconnect@44c00000/segment@200000/target-module@10000/scm@0/pinmux@800/pinmux_clkout2_pin
[    0.387761] pinctrl-single 44e10800.pinmux: 142 pins, size 568
[    0.392578] ti-sysc: probe of 44e31000.target-module failed with error -16
[    0.441681] /ocp/interconnect@48000000/segment@300000/target-module@e000/lcdc@0: Fixed dependency cycle(s) with /ocp/interconnect@44c00000/segment@200000/target-module@b000/i2c@0/tda19988@70
[    0.448778] ti-sysc: probe of 48040000.target-module failed with error -16
[    0.459188] gpio gpiochip0: (gpio-0-31): created GPIO range 0->7 ==> 44e10800.pinmux PIN 0->7
[    0.459223] gpio gpiochip0: (gpio-0-31): created GPIO range 8->11 ==> 44e10800.pinmux PIN 90->93
[    0.459239] gpio gpiochip0: (gpio-0-31): created GPIO range 12->27 ==> 44e10800.pinmux PIN 12->27
[    0.459254] gpio gpiochip0: (gpio-0-31): created GPIO range 28->31 ==> 44e10800.pinmux PIN 30->33
[    0.459318] gpio gpiochip0: (gpio-0-31): not an immutable chip, please consider fixing it!
[    0.493480] gpio gpiochip0: (gpio-0-31): added GPIO chardev (254:0)
[    0.493628] gpio gpiochip0: registered GPIOs 0 to 31 on gpio-0-31
[    0.493702] OMAP GPIO hardware version 0.1
[    0.505464] i2c i2c-2: GPIO lookup for consumer scl
[    0.505492] i2c i2c-2: using device tree for GPIO lookup
[    0.505517] of_get_named_gpiod_flags: can't parse 'scl-gpios' property of node '/ocp/interconnect@48000000/segment@100000/target-module@9c000/i2c@0[0]'
[    0.505563] of_get_named_gpiod_flags: can't parse 'scl-gpio' property of node '/ocp/interconnect@48000000/segment@100000/target-module@9c000/i2c@0[0]'
[    0.505603] i2c i2c-2: using lookup tables for GPIO lookup
[    0.505612] i2c i2c-2: No GPIO consumer scl found
[    0.505632] i2c i2c-2: GPIO lookup for consumer sda
[    0.505640] i2c i2c-2: using device tree for GPIO lookup
[    0.505653] of_get_named_gpiod_flags: can't parse 'sda-gpios' property of node '/ocp/interconnect@48000000/segment@100000/target-module@9c000/i2c@0[0]'
[    0.505689] of_get_named_gpiod_flags: can't parse 'sda-gpio' property of node '/ocp/interconnect@48000000/segment@100000/target-module@9c000/i2c@0[0]'
[    0.505722] i2c i2c-2: using lookup tables for GPIO lookup
[    0.505729] i2c i2c-2: No GPIO consumer sda found
[    0.506374] omap_i2c 4819c000.i2c: bus 2 rev0.11 at 100 kHz
[    0.511685] gpio gpiochip1: (gpio-32-63): created GPIO range 0->17 ==> 44e10800.pinmux PIN 34->51
[    0.511718] gpio gpiochip1: (gpio-32-63): created GPIO range 18->21 ==> 44e10800.pinmux PIN 77->80
[    0.511735] gpio gpiochip1: (gpio-32-63): created GPIO range 22->31 ==> 44e10800.pinmux PIN 56->65
[    0.511798] gpio gpiochip1: (gpio-32-63): not an immutable chip, please consider fixing it!
[    0.525004] gpio gpiochip1: (gpio-32-63): added GPIO chardev (254:1)
[    0.525148] gpio gpiochip1: registered GPIOs 32 to 63 on gpio-32-63
[    0.527208] gpio gpiochip2: (gpio-64-95): created GPIO range 0->4 ==> 44e10800.pinmux PIN 66->70
[    0.527237] gpio gpiochip2: (gpio-64-95): created GPIO range 5->6 ==> 44e10800.pinmux PIN 98->99
[    0.527253] gpio gpiochip2: (gpio-64-95): created GPIO range 7->8 ==> 44e10800.pinmux PIN 75->76
[    0.527268] gpio gpiochip2: (gpio-64-95): created GPIO range 13->13 ==> 44e10800.pinmux PIN 141->141
[    0.527284] gpio gpiochip2: (gpio-64-95): created GPIO range 14->21 ==> 44e10800.pinmux PIN 100->107
[    0.527345] gpio gpiochip2: (gpio-64-95): not an immutable chip, please consider fixing it!
[    0.527784] gpio gpiochip2: (gpio-64-95): added GPIO chardev (254:2)
[    0.527893] gpio gpiochip2: registered GPIOs 64 to 95 on gpio-64-95
[    0.533860] /ocp/interconnect@48000000/segment@300000/target-module@e000/lcdc@0: Fixed dependency cycle(s) with /ocp/interconnect@44c00000/segment@200000/target-module@b000/i2c@0/tda19988@70
[    0.536444] /ocp/interconnect@48000000/segment@300000/target-module@e000/lcdc@0: Fixed dependency cycle(s) with /ocp/interconnect@44c00000/segment@200000/target-module@b000/i2c@0/tda19988@70
[    0.537116] /ocp/interconnect@44c00000/segment@200000/target-module@b000/i2c@0/tda19988@70: Fixed dependency cycle(s) with /ocp/interconnect@48000000/segment@300000/target-module@e000/lcdc@0
[    0.537265] /ocp/interconnect@48000000/segment@300000/target-module@e000/lcdc@0: Fixed dependency cycle(s) with /ocp/interconnect@44c00000/segment@200000/target-module@b000/i2c@0/tda19988@70
[    0.545471] mdio_bus 4a101000.mdio: GPIO lookup for consumer reset
[    0.545497] mdio_bus 4a101000.mdio: using device tree for GPIO lookup
[    0.545520] of_get_named_gpiod_flags: can't parse 'reset-gpios' property of node '/ocp/interconnect@4a000000/segment@0/target-module@100000/switch@0/mdio@1000[0]'
[    0.545566] of_get_named_gpiod_flags: can't parse 'reset-gpio' property of node '/ocp/interconnect@4a000000/segment@0/target-module@100000/switch@0/mdio@1000[0]'
[    0.545612] mdio_bus 4a101000.mdio: using lookup tables for GPIO lookup
[    0.545621] mdio_bus 4a101000.mdio: No GPIO consumer reset found
[    0.546648] sdhci-omap 481d8000.mmc: GPIO lookup for consumer wp
[    0.546668] sdhci-omap 481d8000.mmc: using device tree for GPIO lookup
[    0.546687] of_get_named_gpiod_flags: can't parse 'wp-gpios' property of node '/ocp/interconnect@48000000/segment@100000/target-module@d8000/mmc@0[0]'
[    0.546734] of_get_named_gpiod_flags: can't parse 'wp-gpio' property of node '/ocp/interconnect@48000000/segment@100000/target-module@d8000/mmc@0[0]'
[    0.546770] sdhci-omap 481d8000.mmc: using lookup tables for GPIO lookup
[    0.546780] sdhci-omap 481d8000.mmc: No GPIO consumer wp found
[    0.546957] sdhci-omap 481d8000.mmc: supply pbias not found, using dummy regulator
[    0.547397] sdhci-omap 481d8000.mmc: supply vqmmc not found, using dummy regulator
[    0.603599] davinci_mdio 4a101000.mdio: davinci mdio revision 1.6, bus freq 1000000
[    0.632850] mdio_bus 4a101000.mdio:00: GPIO lookup for consumer reset
[    0.632872] mdio_bus 4a101000.mdio:00: using device tree for GPIO lookup
[    0.632896] of_get_named_gpiod_flags: can't parse 'reset-gpios' property of node '/ocp/interconnect@4a000000/segment@0/target-module@100000/switch@0/mdio@1000/ethernet-phy@0[0]'
[    0.632965] of_get_named_gpiod_flags: can't parse 'reset-gpio' property of node '/ocp/interconnect@4a000000/segment@0/target-module@100000/switch@0/mdio@1000/ethernet-phy@0[0]'
[    0.633016] mdio_bus 4a101000.mdio:00: using lookup tables for GPIO lookup
[    0.633026] mdio_bus 4a101000.mdio:00: No GPIO consumer reset found
[    0.663193] davinci_mdio 4a101000.mdio: phy[0]: device 4a101000.mdio:00, driver SMSC LAN8710/LAN8720
[    0.663686] cpsw-switch 4a100000.switch: initialized cpsw ale version 1.4
[    0.663703] cpsw-switch 4a100000.switch: ALE Table size 1024
[    0.663840] cpsw-switch 4a100000.switch: cpts: overflow check period 500 (jiffies)
[    0.663857] cpsw-switch 4a100000.switch: CPTS: ref_clk_freq:250000000 calc_mult:2147483648 calc_shift:29 error:0 nsec/sec
[    0.663944] cpsw-switch 4a100000.switch: Detected MACID = 6c:ec:eb:68:de:78
[    0.665537] cpsw-switch 4a100000.switch: initialized (regs 0x4a100000, pool size 256) hw_ver:0019010C 1.12 (0)
[    0.675300] debugfs: Directory '49000000.dma' with parent 'dmaengine' already present!
[    0.675340] edma 49000000.dma: TI EDMA DMA engine driver
[    0.726640] hw perfevents: enabled with armv7_cortex_a8 PMU driver, 5 counters available
[    0.727465] gpio-clk clk_mcasp0: GPIO lookup for consumer enable
[    0.727485] gpio-clk clk_mcasp0: using device tree for GPIO lookup
[    0.727522] of_get_named_gpiod_flags: parsed 'enable-gpios' property of node '/clk_mcasp0[0]' - status (0)
[    0.727635] gpio gpiochip0: Persistence not supported for GPIO 27
[    0.728434] gpio gpiochip3: (gpio-96-127): created GPIO range 0->7 ==> 44e10800.pinmux PIN 82->89
[    0.728462] gpio gpiochip3: (gpio-96-127): created GPIO range 8->11 ==> 44e10800.pinmux PIN 52->55
[    0.728477] gpio gpiochip3: (gpio-96-127): created GPIO range 12->15 ==> 44e10800.pinmux PIN 94->97
[    0.728493] gpio gpiochip3: (gpio-96-127): created GPIO range 16->17 ==> 44e10800.pinmux PIN 71->72
[    0.728508] gpio gpiochip3: (gpio-96-127): created GPIO range 18->18 ==> 44e10800.pinmux PIN 135->135
[    0.728524] gpio gpiochip3: (gpio-96-127): created GPIO range 19->20 ==> 44e10800.pinmux PIN 108->109
[    0.728540] gpio gpiochip3: (gpio-96-127): created GPIO range 21->21 ==> 44e10800.pinmux PIN 73->73
[    0.728556] gpio gpiochip3: (gpio-96-127): created GPIO range 22->23 ==> 44e10800.pinmux PIN 8->9
[    0.728573] gpio gpiochip3: (gpio-96-127): created GPIO range 26->27 ==> 44e10800.pinmux PIN 10->11
[    0.728590] gpio gpiochip3: (gpio-96-127): created GPIO range 28->28 ==> 44e10800.pinmux PIN 74->74
[    0.728607] gpio gpiochip3: (gpio-96-127): created GPIO range 29->29 ==> 44e10800.pinmux PIN 81->81
[    0.728625] gpio gpiochip3: (gpio-96-127): created GPIO range 30->31 ==> 44e10800.pinmux PIN 28->29
[    0.728691] gpio gpiochip3: (gpio-96-127): not an immutable chip, please consider fixing it!
[    0.733991] l3-aon-clkctrl:0000:0: failed to disable
[    0.734443] gpio gpiochip3: (gpio-96-127): added GPIO chardev (254:3)
[    0.734570] gpio gpiochip3: registered GPIOs 96 to 127 on gpio-96-127
[    0.736111] omap8250 44e09000.serial: GPIO lookup for consumer rs485-term
[    0.736134] omap8250 44e09000.serial: using device tree for GPIO lookup
[    0.736156] of_get_named_gpiod_flags: can't parse 'rs485-term-gpios' property of node '/ocp/interconnect@44c00000/segment@200000/target-module@9000/serial@0[0]'
[    0.736204] of_get_named_gpiod_flags: can't parse 'rs485-term-gpio' property of node '/ocp/interconnect@44c00000/segment@200000/target-module@9000/serial@0[0]'
[    0.736243] omap8250 44e09000.serial: using lookup tables for GPIO lookup
[    0.736253] omap8250 44e09000.serial: No GPIO consumer rs485-term found
[    0.736300] 44e09000.serial: ttyS0 at MMIO 0x44e09000 (irq = 34, base_baud = 3000000) is a 8250
[    2.166280] printk: console [ttyS0] enabled
[    2.173124] i2c i2c-0: GPIO lookup for consumer scl
[    2.173158] i2c i2c-0: using device tree for GPIO lookup
[    2.173185] of_get_named_gpiod_flags: can't parse 'scl-gpios' property of node '/ocp/interconnect@44c00000/segment@200000/target-module@b000/i2c@0[0]'
[    2.173233] of_get_named_gpiod_flags: can't parse 'scl-gpio' property of node '/ocp/interconnect@44c00000/segment@200000/target-module@b000/i2c@0[0]'
[    2.173275] i2c i2c-0: using lookup tables for GPIO lookup
[    2.173286] i2c i2c-0: No GPIO consumer scl found
[    2.173308] i2c i2c-0: GPIO lookup for consumer sda
[    2.173317] i2c i2c-0: using device tree for GPIO lookup
[    2.173331] of_get_named_gpiod_flags: can't parse 'sda-gpios' property of node '/ocp/interconnect@44c00000/segment@200000/target-module@b000/i2c@0[0]'
[    2.173370] of_get_named_gpiod_flags: can't parse 'sda-gpio' property of node '/ocp/interconnect@44c00000/segment@200000/target-module@b000/i2c@0[0]'
[    2.173405] i2c i2c-0: using lookup tables for GPIO lookup
[    2.173413] i2c i2c-0: No GPIO consumer sda found
[    2.199777] tps65217-pmic: Failed to locate of_node [id: -1]
[    2.215549] tps65217-bl: Failed to locate of_node [id: -1]
[    2.224131] tps65217 0-0024: TPS65217 ID 0xe version 1.2
[    2.230170] /ocp/interconnect@48000000/segment@300000/target-module@e000/lcdc@0: Fixed dependency cycle(s) with /ocp/interconnect@44c00000/segment@200000/target-module@b000/i2c@0/tda19988@70
[    2.247478] /ocp/interconnect@44c00000/segment@200000/target-module@b000/i2c@0/tda19988@70: Fixed dependency cycle(s) with /ocp/interconnect@48000000/segment@300000/target-module@e000/lcdc@0
[    2.264861] omap_i2c 44e0b000.i2c: bus 0 rev0.11 at 400 kHz
[    2.272212] sdhci-omap 48060000.mmc: GPIO lookup for consumer cd
[    2.272243] sdhci-omap 48060000.mmc: using device tree for GPIO lookup
[    2.272286] of_get_named_gpiod_flags: parsed 'cd-gpios' property of node '/ocp/interconnect@48000000/segment@0/target-module@60000/mmc@0[0]' - status (0)
[    2.272406] gpio gpiochip3: Persistence not supported for GPIO 6
[    2.272433] omap_gpio 44e07000.gpio: Could not set line 6 debounce to 200000 microseconds (-22)
[    2.281286] sdhci-omap 48060000.mmc: Got CD GPIO
[    2.285933] sdhci-omap 48060000.mmc: GPIO lookup for consumer wp
[    2.285944] sdhci-omap 48060000.mmc: using device tree for GPIO lookup
[    2.285964] of_get_named_gpiod_flags: can't parse 'wp-gpios' property of node '/ocp/interconnect@48000000/segment@0/target-module@60000/mmc@0[0]'
[    2.286010] of_get_named_gpiod_flags: can't parse 'wp-gpio' property of node '/ocp/interconnect@48000000/segment@0/target-module@60000/mmc@0[0]'
[    2.286051] sdhci-omap 48060000.mmc: using lookup tables for GPIO lookup
[    2.286062] sdhci-omap 48060000.mmc: No GPIO consumer wp found
[    2.286258] sdhci-omap 48060000.mmc: supply pbias not found, using dummy regulator
[    2.294989] sdhci-omap 481d8000.mmc: GPIO lookup for consumer wp
[    2.295016] sdhci-omap 481d8000.mmc: using device tree for GPIO lookup
[    2.295036] of_get_named_gpiod_flags: can't parse 'wp-gpios' property of node '/ocp/interconnect@48000000/segment@100000/target-module@d8000/mmc@0[0]'
[    2.295086] of_get_named_gpiod_flags: can't parse 'wp-gpio' property of node '/ocp/interconnect@48000000/segment@100000/target-module@d8000/mmc@0[0]'
[    2.295124] sdhci-omap 481d8000.mmc: using lookup tables for GPIO lookup
[    2.295135] sdhci-omap 481d8000.mmc: No GPIO consumer wp found
[    2.295723] sdhci-omap 48060000.mmc: supply vqmmc not found, using dummy regulator
[    2.304148] sdhci-omap 481d8000.mmc: supply pbias not found, using dummy regulator
[    2.312323] sdhci-omap 481d8000.mmc: supply vqmmc not found, using dummy regulator
[    2.349308] mmc1: SDHCI controller on 481d8000.mmc [481d8000.mmc] using External DMA
[    2.357634] mmc0: SDHCI controller on 48060000.mmc [48060000.mmc] using External DMA
[    2.366353] cpsw-switch 4a100000.switch: starting ndev. mode: dual_mac
[    2.407902] mmc0: new high speed SDHC card at address 5048
[    2.414704] mmcblk0: mmc0:5048 SD16G 14.4 GiB 
[    2.422620]  mmcblk0: p1 p2
[    2.425856] mmcblk0: p2 size 31221760 extends beyond EOD, truncated
[    2.440822] mmc1: new high speed MMC card at address 0001
[    2.447400] mmcblk1: mmc1:0001 MMC04G 3.60 GiB 
[    2.454720]  mmcblk1: p1 p2
[    2.458144] SMSC LAN8710/LAN8720 4a101000.mdio:00: attached PHY driver (mii_bus:phy_addr=4a101000.mdio:00, irq=POLL)
[    2.469718] mmcblk1boot0: mmc1:0001 MMC04G 2.00 MiB 
[    2.476641] mmcblk1boot1: mmc1:0001 MMC04G 2.00 MiB 
[    2.489192] mmcblk1rpmb: mmc1:0001 MMC04G 128 KiB, chardev (250:0)
[    5.609654] cpsw-switch 4a100000.switch eth0: Link is Up - 100Mbps/Full - flow control off
[    5.618036] IPv6: ADDRCONF(NETDEV_CHANGE): eth0: link becomes ready
[    5.658970] IP-Config: Complete:
[    5.662238]      device=eth0, hwaddr=6c:ec:eb:68:de:78, ipaddr=192.168.255.1, mask=255.255.255.0, gw=255.255.255.255
[    5.672870]      host=bbb1, domain=, nis-domain=(none)
[    5.678033]      bootserver=192.168.255.126, rootserver=192.168.255.126, rootpath=
[    5.678442] clk: Disabling unused clocks
[    5.690300] KTAP version 1
[    5.693026] 1..0
[    5.716326] VFS: Mounted root (nfs filesystem) on device 0:16.
[    5.723311] devtmpfs: mounted
[    5.727902] Freeing unused kernel image (initmem) memory: 1024K
[    5.734659] Run /sbin/init as init process
[    5.738787]   with arguments:
[    5.738797]     /sbin/init
[    5.738804]     nfsrootdebug
[    5.738811]   with environment:
[    5.738817]     HOME=/
[    5.738824]     TERM=linux
[    6.398676] systemd[1]: System time before build time, advancing clock.
[    7.858913] random: crng init done
[    7.929377] systemd[1]: systemd 232 running in system mode. (+PAM +AUDIT +SELINUX +IMA +APPARMOR +SMACK +SYSVINIT +UTMP +LIBCRYPTSETUP +GCRYPT +GNUTLS +ACL +XZ +LZ4 +SECCOMP +BLKID +ELFUTILS +KMOD +IDN)
[    7.948430] systemd[1]: Detected architecture arm.
[    7.996120] systemd[1]: Set hostname to <arm>.
[    9.052980] systemd[1]: Listening on Journal Audit Socket.
[    9.090972] systemd[1]: Listening on Journal Socket (/dev/log).
[    9.130674] systemd[1]: Set up automount Arbitrary Executable File Formats File System Automount Point.
[    9.169318] systemd[1]: Reached target Remote File Systems.
[    9.210724] systemd[1]: Listening on /dev/initctl Compatibility Named Pipe.
[    9.249262] systemd[1]: Reached target Swap.
[    9.280413] systemd[1]: Created slice System Slice.
[   11.576829] systemd-journald[90]: Received request to flush runtime journal from PID 1
[   14.478437] of_get_named_gpiod_flags: parsed 'gpios' property of node '/leds/led2[0]' - status (0)
[   14.478529] gpio gpiochip0: Persistence not supported for GPIO 21
[   14.478541] gpio-21 (?): no flags found for gpios
[   14.478784] of_get_named_gpiod_flags: parsed 'gpios' property of node '/leds/led3[0]' - status (0)
[   14.478828] gpio gpiochip0: Persistence not supported for GPIO 22
[   14.478839] gpio-22 (?): no flags found for gpios
[   14.529496] of_get_named_gpiod_flags: parsed 'gpios' property of node '/leds/led4[0]' - status (0)
[   14.529575] gpio gpiochip0: Persistence not supported for GPIO 23
[   14.529588] gpio-23 (?): no flags found for gpios
[   14.552715] of_get_named_gpiod_flags: parsed 'gpios' property of node '/leds/led5[0]' - status (0)
[   14.552793] gpio gpiochip0: Persistence not supported for GPIO 24
[   14.552807] gpio-24 (?): no flags found for gpios
[   14.855602] remoteproc remoteproc0: wkup_m3 is available
[   15.022560] omap_wdt: OMAP Watchdog Timer Rev 0x01: initial timeout 60 sec
[   15.241163] wkup_m3_ipc 44e11324.wkup_m3_ipc: IPC Request for A8->M3 Channel failed! -517
[   15.421880] wkup_m3_ipc 44e11324.wkup_m3_ipc: IPC Request for A8->M3 Channel failed! -517
[   15.598003] at24 2-0054: supply vcc not found, using dummy regulator
[   15.777297] at24 2-0055: supply vcc not found, using dummy regulator
[   15.810137] am335x-phy-driver 47401300.usb-phy: GPIO lookup for consumer reset
[   15.810184] am335x-phy-driver 47401300.usb-phy: using device tree for GPIO lookup
[   15.810217] of_get_named_gpiod_flags: can't parse 'reset-gpios' property of node '/ocp/target-module@47400000/usb-phy@1300[0]'
[   15.810271] of_get_named_gpiod_flags: can't parse 'reset-gpio' property of node '/ocp/target-module@47400000/usb-phy@1300[0]'
[   15.810305] am335x-phy-driver 47401300.usb-phy: using lookup tables for GPIO lookup
[   15.810317] am335x-phy-driver 47401300.usb-phy: No GPIO consumer reset found
[   15.810329] am335x-phy-driver 47401300.usb-phy: GPIO lookup for consumer vbus-detect
[   15.810338] am335x-phy-driver 47401300.usb-phy: using device tree for GPIO lookup
