Labgrid Console Logfile for main
Logfile started at 2024-11-17 17:46:58.308615
=== Log starts here ===
reading args
spl_load_image_fat_os: error reading image args, err - -1
reading u-boot.img
reading u-boot.img


U-Boot 2014.04-00014-g47880f5 (Apr 22 2014 - 13:23:54)

I2C:   ready
DRAM:  512 MiB
NAND:  0 MiB
MMC:   OMAP SD/MMC: 0, OMAP SD/MMC: 1
*** Warning - readenv() failed, using default environment

Net:   <ethaddr> not set. Validating first E-fuse MAC
cpsw, usb_ether
Hit any key to stop autoboot:  1  0 
gpio: pin 53 (gpio 53) value is 1
mmc0 is current device
gpio: pin 54 (gpio 54) value is 1
SD/MMC found on device 0
reading uEnv.txt
569 bytes read in 3 ms (184.6 KiB/s)
gpio: pin 55 (gpio 55) value is 1
Loaded environment from uEnv.txt
Importing environment from mmc ...
Checking if uenvcmd is set ...
gpio: pin 56 (gpio 56) value is 1
Running uenvcmd ...
cpsw Waiting for PHY auto negotiation to complete. done
link up on port 0, speed 100, full duplex
Using cpsw device
TFTP from server 192.168.255.126; our IP address is 192.168.255.1
Filename 'zImage'.
Load address: 0x81000000
Loading: *#################################################################
	 #################################################################
	 #################################################################
	 #################################################################
	 #################################################################
	 ###############################################
	 2.4 MiB/s
done
Bytes transferred = 5451760 (532ff0 hex)
link up on port 0, speed 100, full duplex
Using cpsw device
TFTP from server 192.168.255.126; our IP address is 192.168.255.1
Filename 'am335x-boneblack.dtb'.
Load address: 0x82000000
Loading: *#######
	 2.2 MiB/s
done
Bytes transferred = 97996 (17ecc hex)
Kernel image @ 0x81000000 [ 0x000000 - 0x532ff0 ]
## Flattened Device Tree blob at 82000000
   Booting using the fdt blob at 0x82000000
   Using Device Tree in place at 82000000, end 8201aecb

Starting kernel ...

[    0.000000] Booting Linux on physical CPU 0x0
[    0.000000] Linux version 6.11.9 (user01@drvtest01) (arm-linux-gnueabihf-gcc (Linaro GCC 6.4-2017.11) 6.4.1 20171012, GNU ld (Linaro_Binutils-2017.11) 2.27.0.20161229) #8 SMP Sun Nov 17 17:44:28 EET 2024
[    0.000000] CPU: ARMv7 Processor [413fc082] revision 2 (ARMv7), cr=10c5387d
[    0.000000] CPU: PIPT / VIPT nonaliasing data cache, VIPT aliasing instruction cache
[    0.000000] OF: fdt: Machine model: TI AM335x BeagleBone Black
[    0.000000] Memory policy: Data cache writeback
[    0.000000] cma: Reserved 16 MiB at 0x9e800000 on node -1
[    0.000000] Zone ranges:
[    0.000000]   Normal   [mem 0x0000000080000000-0x000000009fdfffff]
[    0.000000]   HighMem  empty
[    0.000000] Movable zone start for each node
[    0.000000] Early memory node ranges
[    0.000000]   node   0: [mem 0x0000000080000000-0x000000009fdfffff]
[    0.000000] Initmem setup node 0 [mem 0x0000000080000000-0x000000009fdfffff]
[    0.000000] CPU: All CPU(s) started in SVC mode.
[    0.000000] AM335X ES2.1 (sgx neon)
[    0.000000] percpu: Embedded 17 pages/cpu s39628 r8192 d21812 u69632
[    0.000000] Kernel command line: console=ttyO0,115200n8 root=/dev/nfs rw nfsroot=192.168.255.126:/home/user01/nfs,nfsvers=3 ip=192.168.255.1:192.168.255.126::255.255.255.0:bbb1:eth0 nfsrootdebug
[    0.000000] Unknown kernel command line parameters "nfsrootdebug", will be passed to user space.
[    0.000000] Dentry cache hash table entries: 65536 (order: 6, 262144 bytes, linear)
[    0.000000] Inode-cache hash table entries: 32768 (order: 5, 131072 bytes, linear)
[    0.000000] Built 1 zonelists, mobility grouping on.  Total pages: 130560
[    0.000000] mem auto-init: stack:off, heap alloc:off, heap free:off
[    0.000000] SLUB: HWalign=64, Order=0-3, MinObjects=0, CPUs=1, Nodes=1
[    0.000000] trace event string verifier disabled
[    0.000000] rcu: Hierarchical RCU implementation.
[    0.000000] rcu: 	RCU event tracing is enabled.
[    0.000000] rcu: 	RCU restricting CPUs from NR_CPUS=2 to nr_cpu_ids=1.
[    0.000000] rcu: RCU calculated value of scheduler-enlistment delay is 10 jiffies.
[    0.000000] rcu: Adjusting geometry for rcu_fanout_leaf=16, nr_cpu_ids=1
[    0.000000] NR_IRQS: 16, nr_irqs: 16, preallocated irqs: 16
[    0.000000] IRQ: Found an INTC at 0x(ptrval) (revision 5.0) with 128 interrupts
[    0.000000] rcu: srcu_init: Setting srcu_struct sizes based on contention.
[    0.000000] TI gptimer clocksource: always-on /ocp/interconnect@44c00000/segment@200000/target-module@31000
[    0.000002] sched_clock: 32 bits at 24MHz, resolution 41ns, wraps every 89478484971ns
[    0.000027] clocksource: dmtimer: mask: 0xffffffff max_cycles: 0xffffffff, max_idle_ns: 79635851949 ns
[    0.000503] TI gptimer clockevent: 24000000 Hz at /ocp/interconnect@48000000/segment@0/target-module@40000
[    0.002117] Console: colour dummy device 80x30
[    0.002187] WARNING: Your 'console=ttyO0' has been replaced by 'ttyS0'
[    0.002196] This ensures that you still see kernel messages. Please
[    0.002202] update your kernel commandline.
[    0.002246] Calibrating delay loop... 996.14 BogoMIPS (lpj=4980736)
[    0.090559] CPU: Testing write buffer coherency: ok
[    0.090662] CPU0: Spectre v2: using BPIALL workaround
[    0.090675] pid_max: default: 32768 minimum: 301
[    0.090807] LSM: initializing lsm=capability
[    0.090979] Mount-cache hash table entries: 1024 (order: 0, 4096 bytes, linear)
[    0.091001] Mountpoint-cache hash table entries: 1024 (order: 0, 4096 bytes, linear)
[    0.092548] CPU0: thread -1, cpu 0, socket -1, mpidr 0
[    0.094264] Setting up static identity map for 0x80100000 - 0x80100078
[    0.094581] rcu: Hierarchical SRCU implementation.
[    0.094594] rcu: 	Max phase no-delay instances is 1000.
[    0.096257] smp: Bringing up secondary CPUs ...
[    0.096316] smp: Brought up 1 node, 1 CPU
[    0.096332] SMP: Total of 1 processors activated (996.14 BogoMIPS).
[    0.096345] CPU: All CPU(s) started in SVC mode.
[    0.096537] Memory: 480876K/522240K available (11264K kernel code, 1197K rwdata, 2856K rodata, 1024K init, 297K bss, 23344K reserved, 16384K cma-reserved, 0K highmem)
[    0.097344] devtmpfs: initialized
[    0.113806] VFP support v0.3: implementor 41 architecture 3 part 30 variant c rev 3
[    0.114166] clocksource: jiffies: mask: 0xffffffff max_cycles: 0xffffffff, max_idle_ns: 19112604462750000 ns
[    0.114204] futex hash table entries: 256 (order: 2, 16384 bytes, linear)
[    0.115470] pinctrl core: initialized pinctrl subsystem
[    0.118204] NET: Registered PF_NETLINK/PF_ROUTE protocol family
[    0.121192] DMA: preallocated 256 KiB pool for atomic coherent allocations
[    0.122159] audit: initializing netlink subsys (disabled)
[    0.123536] thermal_sys: Registered thermal governor 'fair_share'
[    0.123557] thermal_sys: Registered thermal governor 'step_wise'
[    0.123568] thermal_sys: Registered thermal governor 'user_space'
[    0.123683] audit: type=2000 audit(0.120:1): state=initialized audit_enabled=0 res=1
[    0.123757] cpuidle: using governor menu
[    0.142643] No ATAGs?
[    0.142675] hw-breakpoint: debug architecture 0x4 unsupported.
[    0.145584] kprobes: kprobe jump-optimization is enabled. All kprobes are optimized if possible.
[    0.163868] iommu: Default domain type: Translated
[    0.163894] iommu: DMA domain TLB invalidation policy: strict mode
[    0.171447] SCSI subsystem initialized
[    0.181224] pps_core: LinuxPPS API ver. 1 registered
[    0.181238] pps_core: Software ver. 5.3.6 - Copyright 2005-2007 Rodolfo Giometti <giometti@linux.it>
[    0.181263] PTP clock support registered
[    0.183230] vgaarb: loaded
[    0.183635] clocksource: Switched to clocksource dmtimer
[    0.184227] VFS: Disk quotas dquot_6.6.0
[    0.184274] VFS: Dquot-cache hash table entries: 1024 (order 0, 4096 bytes)
[    0.210518] NET: Registered PF_INET protocol family
[    0.210880] IP idents hash table entries: 8192 (order: 4, 65536 bytes, linear)
[    0.212277] tcp_listen_portaddr_hash hash table entries: 512 (order: 0, 4096 bytes, linear)
[    0.212319] Table-perturb hash table entries: 65536 (order: 6, 262144 bytes, linear)
[    0.212338] TCP established hash table entries: 4096 (order: 2, 16384 bytes, linear)
[    0.212382] TCP bind hash table entries: 4096 (order: 4, 65536 bytes, linear)
[    0.212484] TCP: Hash tables configured (established 4096 bind 4096)
[    0.212607] UDP hash table entries: 256 (order: 1, 8192 bytes, linear)
[    0.212637] UDP-Lite hash table entries: 256 (order: 1, 8192 bytes, linear)
[    0.212814] NET: Registered PF_UNIX/PF_LOCAL protocol family
[    0.224640] RPC: Registered named UNIX socket transport module.
[    0.224667] RPC: Registered udp transport module.
[    0.224674] RPC: Registered tcp transport module.
[    0.224680] RPC: Registered tcp-with-tls transport module.
[    0.224687] RPC: Registered tcp NFSv4.1 backchannel transport module.
[    0.224714] PCI: CLS 0 bytes, default 64
[    0.226179] Initialise system trusted keyrings
[    0.226886] workingset: timestamp_bits=14 max_order=17 bucket_order=3
[    0.228516] NFS: Registering the id_resolver key type
[    0.228600] Key type id_resolver registered
[    0.228610] Key type id_legacy registered
[    0.228664] jffs2: version 2.2. (NAND) (SUMMARY)  Â© 2001-2006 Red Hat, Inc.
[    0.229068] Key type asymmetric registered
[    0.229085] Asymmetric key parser 'x509' registered
[    0.229156] io scheduler mq-deadline registered
[    0.229170] io scheduler kyber registered
[    0.229242] io scheduler bfq registered
[    0.244153] Serial: 8250/16550 driver, 6 ports, IRQ sharing enabled
[    0.290415] brd: module loaded
[    0.306864] loop: module loaded
[    0.307798] mtdoops: mtd device (mtddev=name/number) must be supplied
[    0.319038] i2c_dev: i2c /dev entries driver
[    0.320011] cpuidle: enable-method property 'ti,am3352' found operations
[    0.320454] sdhci: Secure Digital Host Controller Interface driver
[    0.320467] sdhci: Copyright(c) Pierre Ossman
[    0.320641] sdhci-pltfm: SDHCI platform and OF driver helper
[    0.320918] ledtrig-cpu: registered to indicate activity on CPUs
[    0.321848] Initializing XFRM netlink socket
[    0.321977] NET: Registered PF_INET6 protocol family
[    0.341093] Segment Routing with IPv6
[    0.341191] In-situ OAM (IOAM) with IPv6
[    0.341294] sit: IPv6, IPv4 and MPLS over IPv4 tunneling driver
[    0.342247] NET: Registered PF_PACKET protocol family
[    0.342293] NET: Registered PF_KEY protocol family
[    0.342415] Key type dns_resolver registered
[    0.342689] ThumbEE CPU extension supported.
[    0.342712] Registering SWP/SWPB emulation handler
[    0.343237] omap_voltage_late_init: Voltage driver support not added
[    0.343585] SmartReflex Class3 initialized
[    0.364496] Loading compiled-in X.509 certificates
[    0.453864] platform 44e10800.pinmux: Fixed dependency cycle(s) with /ocp/interconnect@44c00000/segment@200000/target-module@10000/scm@0/pinmux@800/clkout2-pins
[    0.454472] pinctrl-single 44e10800.pinmux: 142 pins, size 568
[    0.459510] ti-sysc 44e31000.target-module: probe with driver ti-sysc failed with error -16
[    0.500776] ti-sysc 48040000.target-module: probe with driver ti-sysc failed with error -16
[    0.524595] OMAP GPIO hardware version 0.1
[    0.557001] omap_i2c 4819c000.i2c: bus 2 rev0.11 at 100 kHz
[    0.583443] 48000000.interconnect:segment@200000:target-module@0:mpu@0:fck: device ID is greater than 24
[    0.587878] platform 4830e000.lcdc: Fixed dependency cycle(s) with /ocp/interconnect@44c00000/segment@200000/target-module@b000/i2c@0/tda19988@70
[    0.598689] sdhci-omap 481d8000.mmc: supply pbias not found, using dummy regulator
[    0.599162] sdhci-omap 481d8000.mmc: supply vqmmc not found, using dummy regulator
[    0.687382] davinci_mdio 4a101000.mdio: davinci mdio revision 1.6, bus freq 1000000
[    0.792720] davinci_mdio 4a101000.mdio: phy[0]: device 4a101000.mdio:00, driver SMSC LAN8710/LAN8720
[    0.793364] cpsw-switch 4a100000.switch: initialized cpsw ale version 1.4
[    0.793391] cpsw-switch 4a100000.switch: ALE Table size 1024
[    0.812818] cpsw-switch 4a100000.switch: cpts: overflow check period 500 (jiffies)
[    0.812848] cpsw-switch 4a100000.switch: CPTS: ref_clk_freq:250000000 calc_mult:2147483648 calc_shift:29 error:0 nsec/sec
[    0.812967] cpsw-switch 4a100000.switch: Detected MACID = 6c:ec:eb:68:de:78
[    0.814963] cpsw-switch 4a100000.switch: initialized (regs 0x4a100000, pool size 256) hw_ver:0019010C 1.12 (0)
[    0.825942] debugfs: Directory '49000000.dma' with parent 'dmaengine' already present!
[    0.825989] edma 49000000.dma: TI EDMA DMA engine driver
[    0.878255] target-module@4b000000:target-module@140000:pmu@0:fck: device ID is greater than 24
[    0.907245] hw perfevents: enabled with armv7_cortex_a8 PMU driver, 5 counters available
[    0.914859] l3-aon-clkctrl:0000:0: failed to disable
[    0.926288] 44e09000.serial: ttyS0 at MMIO 0x44e09000 (irq = 34, base_baud = 3000000) is a 8250
[    0.926375] printk: legacy console [ttyS0] enabled
 [    2.142147] tps65217-pmic: Failed to locate of_node [id: -1 ]
[    2.148385] tps65217-bl: Failed to locate of_node [id: - 1]
[    2.159638] tps65217 0-0024: TPS65217 ID 0xe version 1. 2
[    2.165808] platform 4830e000.lcdc: Fixed dependency cyc le(s) wi
[    5.524380] cpsw-switch 4a100000.switch eth0: Link is Up - 100Mbps/Full - flow control off
[    5.563650] IP-Config: Complete:
[    5.566920]      device=eth0, hwaddr=6c:ec:eb:68:de:78, ipaddr=192.168.255.1, mask=255.255.255.0, gw=255.255.255.255
[    5.577541]      host=bbb1, domain=, nis-domain=(none)
[    5.582705]      bootserver=192.168.255.126, rootserver=192.168.255.126, rootpath=
[    5.583141] clk: Disabling unused clocks
[    5.595009] PM: genpd: Disabling unused power domains
[    5.600126] KTAP version 1
[    5.602848] 1..0
[    5.627936] VFS: Mounted root (nfs filesystem) on device 0:17.
[    5.635032] devtmpfs: mounted
[    5.639683] Freeing unused kernel image (initmem) memory: 1024K
[    5.646599] Run /sbin/init as init process
[    6.338549] systemd[1]: System time before build time, advancing clock.
[    7.823652] random: crng init done
[    7.895003] systemd[1]: systemd 232 running in system mode. (+PAM +AUDIT +SELINUX +IMA +APPARMOR +SMACK +SYSVINIT +UTMP +LIBCRYPTSETUP +GCRYPT +GNUTLS +ACL +XZ +LZ4 +SECCOMP +BLKID +ELFUTILS +KMOD +IDN)
[    7.914075] systemd[1]: Detected architecture arm.

Welcome to [1mDebian GNU/Linux 9 (stretch)[0m!

[    7.956693] systemd[1]: Set hostname to <arm>.
[    9.033220] systemd[1]: Reached target Remote File Systems.
[[0;32m  OK  [0m] Reached target Remote File Systems.
[    9.065565] systemd[1]: Listening on udev Control Socket.
[[0;32m  OK  [0m] Listening on udev Control Socket.
[    9.105390] systemd[1]: Set up automount Arbitrary Executable File Formats File System Automount Point.
[[0;32m  OK  [0m] Set up automount Arbitrary Executabâ€¦rmats File System Automount Point.
[    9.145584] systemd[1]: Listening on Syslog Socket.
[[0;32m  OK  [0m] Listening on Syslog Socket.
[    9.185445] systemd[1]: Listening on /dev/initctl Compatibility Named Pipe.
[[0;32m  OK  [0m] Listening on /dev/initctl Compatibility Named Pipe.
[    9.224660] systemd[1]: Listening on Journal Audit Socket.
[[0;32m  OK  [0m] Listening on Journal Audit Socket.
[    9.264450] systemd[1]: Started Forward Password Requests to Wall Directory Watch.
[[0;32m  OK  [0m] Started Forward Password Requests to Wall Directory Watch.
[[0;32m  OK  [0m] Reached target Swap.
[[0;32m  OK  [0m] Listening on udev Kernel Socket.
[[0;32m  OK  [0m] Created slice User and Session Slice.
[[0;32m  OK  [0m] Listening on Journal Socket.
[[0;32m  OK  [0m] Started Dispatch Password Requests to Console Directory Watch.
[[0;32m  OK  [0m] Reached target Paths.
[[0;32m  OK  [0m] Reached target Encrypted Volumes.
[[0;32m  OK  [0m] Listening on Journal Socket (/dev/log).
[[0;32m  OK  [0m] Created slice System Slice.
         Starting Remount Root and Kernel File Systems...
         Starting Create list of required stâ€¦ce nodes for the current kernel...
         Starting Journal Service...
         Mounting POSIX Message Queue File System...
[[0;32m  OK  [0m] Created slice system-serial\x2dgetty.slice.
         Starting Load Kernel Modules...
[[0;32m  OK  [0m] Created slice system-getty.slice.
         Mounting Debug File System...
[[0;32m  OK  [0m] Reached target Slices.
[[0;32m  OK  [0m] Started Remount Root and Kernel File Systems.
[[0;32m  OK  [0m] Started Create list of required staâ€¦vice nodes for the current kernel.
[[0;32m  OK  [0m] Mounted POSIX Message Queue File System.
         Starting Create Static Device Nodes in /dev...
         Starting udev Coldplug all Devices...
         Starting Load/Save Random Seed...
[[0;32m  OK  [0m] Mounted Debug File System.
[[0;32m  OK  [0m] Started Load Kernel Modules.
         Starting Apply Kernel Variables...
         Mounting Configuration File System...
[[0;32m  OK  [0m] Started Load/Save Random Seed.
[[0;32m  OK  [0m] Mounted Configuration File System.
[[0;32m  OK  [0m] Started Apply Kernel Variables.
[[0;32m  OK  [0m] Started Create Static Device Nodes in /dev.
         Starting udev Kernel Device Manager...
[[0;32m  OK  [0m] Reached target Local File Systems (Pre).
[[0;32m  OK  [0m] Reached target Local File Systems.
         Starting Raise network interfaces...
[[0;32m  OK  [0m] Started Journal Service.
         Starting Flush Journal to Persistent Storage...
[   11.710105] systemd-journald[80]: Received request to flush runtime journal from PID 1
[[0;32m  OK  [0m] Started Flush Journal to Persistent Storage.
         Starting Create Volatile Files and Directories...
[[0;32m  OK  [0m] Started udev Kernel Device Manager.
[[0;32m  OK  [0m] Started Create Volatile Files and Directories.
         Starting Update UTMP about System Boot/Shutdown...
         Starting Network Time Synchronization...
[[0;32m  OK  [0m] Started Update UTMP about System Boot/Shutdown.
[[0;32m  OK  [0m] Started udev Coldplug all Devices.
[   14.652441] remoteproc remoteproc0: wkup_m3 is available
[   14.907751] wkup_m3_ipc 44e11324.wkup_m3_ipc: IPC Request for A8->M3 Channel failed! -517
[   15.035181] omap_rtc 44e3e000.rtc: registered as rtc0
[   15.040358] omap_rtc 44e3e000.rtc: setting system clock to 2000-01-01T00:00:00 UTC (946684800)
[   15.058332] wkup_m3_ipc 44e11324.wkup_m3_ipc: IPC Request for A8->M3 Channel failed! -517
[[0;32m  OK  [0m] Found device /dev/ttyS0.
[   15.153110] at24 2-0054: supply vcc not found, using dummy regulator
[   15.304190] omap_wdt: OMAP Watchdog Timer Rev 0x01: initial timeout 60 sec
[   15.320521] at24 2-0055: supply vcc not found, using dummy regulator
[   15.336491] wkup_m3_ipc 44e11324.wkup_m3_ipc: IPC Request for A8->M3 Channel failed! -517
[   15.424928] at24 2-0056: supply vcc not found, using dummy regulator
[   15.528729] at24 2-0057: supply vcc not found, using dummy regulator
[   15.616409] at24 0-0050: 32768 byte 24c256 EEPROM, writable, 1 bytes/write
[   15.624875] wkup_m3_ipc 44e11324.wkup_m3_ipc: IPC Request for A8->M3 Channel failed! -517
[   15.762126] wkup_m3_ipc 44e11324.wkup_m3_ipc: IPC Request for A8->M3 Channel failed! -517
[   15.775447] tps6521x_pwrbutton tps65217-pwrbutton: DMA mask not set
[   15.892020] input: tps65217_pwrbutton as /devices/platform/ocp/44c00000.interconnect/44c00000.interconnect:segment@200000/44e0b000.target-module/44e0b000.i2c/i2c-0/0-0024/tps65217-pwrbutton/input/input0
[[0;32m  OK  [0m] Started Network Time Synchronization.
[   15.976363] wkup_m3_ipc 44e11324.wkup_m3_ipc: IPC Request for A8->M3 Channel failed! -517
[[0;32m  OK  [0m] Reached target System Initialization.
[   16.018674] am335x-phy-driver 47401300.usb-phy: dummy supplies not allowed for exclusive requests (id=vbus)
[[0;32m  OK  [0m] Listening on D-Bus System Message Bus Socket.
[[0;32m  OK  [0m] Started Daily Cleanup of Temporary Directories.
[[0;32m  OK  [0m] Listening on Avahi mDNS/DNS-SD Stack Activation Socket.
[[0;32m  OK  [0m] Reached target Sockets.
[[0;32m  OK  [0m] Reached target Basic System.
[   16.254442] usbcore: registered new interface driver usbfs
[   16.260099] usbcore: registered new interface driver hub
[   16.265900] usbcore: registered new device driver usb
         Starting Generic Board Startup...
         Starting LSB: Start busybox udhcpd at boot time...
[   16.480097] am335x-phy-driver 47401b00.usb-phy: dummy supplies not allowed for exclusive requests (id=vbus)
[   16.494842] wkup_m3_ipc 44e11324.wkup_m3_ipc: IPC Request for A8->M3 Channel failed! -517
         Starting Telephony service...
[   16.797605] tda998x 0-0070: found TDA19988
[[0;32m  OK  [0m] Started Regular background program processing daemon.
[   16.894688] wkup_m3_ipc 44e11324.wkup_m3_ipc: IPC Request for A8->M3 Channel failed! -517
         Starting DUN service...
[   17.021192] wkup_m3_ipc 44e11324.wkup_m3_ipc: IPC Request for A8->M3 Channel failed! -517
         Starting LSB: Load kernel modules needed to enable cpufreq scaling...
[   17.182774] wkup_m3_ipc 44e11324.wkup_m3_ipc: IPC Request for A8->M3 Channel failed! -517
[   17.195579] musb-hdrc musb-hdrc.1: MUSB HDRC host driver
[   17.200985] musb-hdrc musb-hdrc.1: new USB bus registered, assigned bus number 1
[   17.397508] usb usb1: New USB device found, idVendor=1d6b, idProduct=0002, bcdDevice= 6.11
[   17.406038] usb usb1: New USB device strings: Mfr=3, Product=2, SerialNumber=1
[   17.413305] usb usb1: Product: MUSB HDRC host driver
[   17.418375] usb usb1: Manufacturer: Linux 6.11.9 musb-hcd
[   17.423850] usb usb1: SerialNumber: musb-hdrc.1
         Starting Login Service...
[   17.661479] omap-mailbox 480c8000.mailbox: omap mailbox rev 0x400
[   17.678201] hub 1-0:1.0: USB hub found
         Starting System Logging Service...
[   17.801367] hub 1-0:1.0: 1 port detected
         Starting Cape Manager Service...
[   18.063364] remoteproc remoteproc0: powering up wkup_m3
         Starting Avahi mDNS/DNS-SD Stack...
[[0;32m  OK  [0m] Started D-Bus System Message Bus.
[   18.406017] remoteproc remoteproc0: Direct firmware load for am335x-pm-firmware.elf failed with error -2
[   18.415871] remoteproc remoteproc0: request_firmware failed: -2
[   18.421833] wkup_m3_ipc 44e11324.wkup_m3_ipc: rproc_boot failed
[   20.731396] omap_rng 48310000.rng: Random Number Generator ver. 20
[   20.845304] tilcdc 4830e000.lcdc: bound 0-0070 (ops tda998x_driver_exit [tda998x])
[   20.948985] [drm] Initialized tilcdc 1.0.0 for 4830e000.lcdc on minor 0
[   20.993320] tilcdc 4830e000.lcdc: [drm] Cannot find any crtc or sizes
[   21.005237] tilcdc 4830e000.lcdc: [drm] Cannot find any crtc or sizes
[   21.728504] PM: Cannot get wkup_m3_ipc handle
[   21.892389] omap-sham 53100000.sham: hw accel on OMAP rev 4.3
[   22.031569] omap-aes 53500000.aes: OMAP AES hw accel rev: 3.2
[[0;32m  OK  [0m] Started Avahi mDNS/DNS-SD Stack.
[   22.078013] omap-sham 53100000.sham: will run requests pump with realtime priority
[   22.089353] PM: Cannot get wkup_m3_ipc handle
[[0;32m  OK  [0m] Started Telephony service.
[[0;32m  OK  [0m] Started DUN service.
[   22.223544] omap-aes 53500000.aes: will run requests pump with realtime priority
[   22.235198] PM: Cannot get wkup_m3_ipc handle
         Starting Connection service...
[[0;32m  OK  [0m] Reached target System Time Synchronized.
[[0;32m  OK  [0m] Started Daily apt download activities.
[[0;32m  OK  [0m] Started Daily apt upgrade and clean activities.
[[0;32m  OK  [0m] Reached target Timers.
[[0;32m  OK  [0m] Started System Logging Service.
[[0;32m  OK  [0m] Started Cape Manager Service.
[   23.336012] Bluetooth: Core ver 2.22
[   23.339837] NET: Registered PF_BLUETOOTH protocol family
[   23.345374] Bluetooth: HCI device and connection manager initialized
[   23.351788] Bluetooth: HCI socket layer initialized
[   23.356770] Bluetooth: L2CAP socket layer initialized
[   23.361886] Bluetooth: SCO socket layer initialized
[   25.731518] PM: Cannot get wkup_m3_ipc handle
[   25.839698] PM: Cannot get wkup_m3_ipc handle
[[0;32m  OK  [0m] Started LSB: Start busybox udhcpd at boot time.
[[0;32m  OK  [0m] Started Raise network interfaces.
[[0;32m  OK  [0m] Started LSB: Load kernel modules needed to enable cpufreq scaling.
[   28.398249] configfs-gadget.g_multi gadget.0: HOST MAC 1c:ba:8c:a2:ed:6c
[   28.405427] configfs-gadget.g_multi gadget.0: MAC 1c:ba:8c:a2:ed:70
[   28.412899] configfs-gadget.g_multi gadget.0: HOST MAC 1c:ba:8c:a2:ed:6c
[   28.419795] configfs-gadget.g_multi gadget.0: MAC 1c:ba:8c:a2:ed:6d
[   28.427701] PM: Cannot get wkup_m3_ipc handle
[[0;32m  OK  [0m] Started Connection service.
[[0;32m  OK  [0m] Started Login Service.
[[0;32m  OK  [0m] Reached target Sound Card.
         Starting LSB: set CPUFreq kernel parameters...
[[0;32m  OK  [0m] Reached target Network.
         Starting OpenBSD Secure Shell server...
         Starting Permit User Sessions...
         Starting The Apache HTTP Server...
[[0;32m  OK  [0m] Reached target Network is Online.
         Starting LSB: Advanced IEEE 802.11 management daemon...
[[0;32m  OK  [0m] Started Permit User Sessions.
[[0;32m  OK  [0m] Started LSB: Advanced IEEE 802.11 management daemon.
         Starting Hostname Service...
         Starting WPA supplicant...
[[0;32m  OK  [0m] Started Serial Getty on ttyS0.
[[0;32m  OK  [0m] Started Getty on tty1.
[[0;32m  OK  [0m] Reached target Login Prompts.
[[0;32m  OK  [0m] Started LSB: set CPUFreq kernel parameters.
[[0;32m  OK  [0m] Started Hostname Service.
[[0;32m  OK  [0m] Started WPA supplicant.
[[0;32m  OK  [0m] Started OpenBSD Secure Shell server.
         Stopping LSB: Start busybox udhcpd at boot time...
[[0;32m  OK  [0m] Stopped LSB: Start busybox udhcpd at boot time.
[[0;32m  OK  [0m] Started The Apache HTTP Server.
         Starting dnsmasq - A lightweight DHCP and caching DNS server...
[[0;32m  OK  [0m] Started dnsmasq - A lightweight DHCP and caching DNS server.
[[0;32m  OK  [0m] Reached target Host and Network Name Lookups.
[[0;32m  OK  [0m] Started Serial Getty on ttyGS0.
[[0;32m  OK  [0m] Started Generic Board Startup.
[[0;32m  OK  [0m] Reached target Multi-User System.
[[0;32m  OK  [0m] Reached target Graphical Interface.
         Starting Update UTMP about System Runlevel Changes...
[[0;32m  OK  [0m] Started Update UTMP about System Runlevel Changes.

Debian GNU/Linux 9 arm ttyS0

default username:password is [debian:temppwd]

arm login: root
Password: 
Last login: Sat Jan  1 00:00:35 UTC 2000 on ttyS0
root
Linux arm 6.11.9 #8 SMP Sun Nov 17 17:44:28 EET 2024 armv7l

The programs included with the Debian GNU/Linux system are free software;
the exact distribution terms for each program are described in the
individual files in /usr/share/doc/*/copyright.

Debian GNU/Linux comes with ABSOLUTELY NO WARRANTY, to the extent
permitted by applicable law.
root@arm:~# root
-bash: root: command not found
root@arm:~# dmesg -n 1
root@arm:~# echo 'OUJT''NHHCYG'
OUJTNHHCYG
root@arm:~# run() { echo -n "$MARKER"; sh -c "$@"; echo "$MARKER $?"; }
root@arm:~# echo 'OTEX''BUWWQU'
OTEXBUWWQU
root@arm:~# MARKER='VHYX''HZQLEJ' run 'cat /proc/version'
VHYXHZQLEJLinux version 6.11.9 (user01@drvtest01) (arm-linux-gnueabihf-gcc (Linaro GCC 6.4-2017.11) 6.4.1 20171012, GNU ld (Linaro_Binutils-2017.11) 2.27.0.20161229) #8 SMP Sun Nov 17 17:44:28 EET 2024
VHYXHZQLEJ 0
root@arm:~# echo 'ZCBM''FYJJQP'
ZCBMFYJJQP
root@arm:~# MARKER='GFYP''LMYHOS' run false
GFYPLMYHOSGFYPLMYHOS 1
root@arm:~# Labgrid Console Logfile for main
Logfile started at 2024-11-17 17:48:01.202501
=== Log starts here ===

root@arm:~# run() { echo -n "$MARKER"; sh -c "$@"; echo "$MARKER $?"; }
root@arm:~# echo 'NOEH''JFACCT'
NOEHJFACCT
root@arm:~# MARKER='VGKE''OQJNQB' run 'insmod /mva_overlay.ko'
VGKEOQJNQBVGKEOQJNQB 0
root@arm:~# echo 'TSJU''GEVJLW'
TSJUGEVJLW
root@arm:~# MARKER='EEEJ''XBCGCW' run lsmod
EEEJXBCGCWModule                  Size  Used by
mva_overlay            65536  0
usb_f_acm              12288  2
u_serial               16384  3 usb_f_acm
usb_f_ecm              16384  2
usb_f_rndis            24576  2
u_ether                16384  2 usb_f_ecm,usb_f_rndis
iptable_nat            12288  0
nf_nat                 36864  1 iptable_nat
nf_conntrack          110592  1 nf_nat
nf_defrag_ipv6         16384  1 nf_conntrack
nf_defrag_ipv4         12288  1 nf_conntrack
libcomposite           57344  15 usb_f_ecm,usb_f_acm,u_ether,usb_f_rndis
iptable_mangle         12288  0
iptable_filter         12288  0
snd_soc_hdmi_codec     16384  1
evdev                  20480  0
bluetooth             614400  2
ecdh_generic           12288  1 bluetooth
ecc                    36864  1 ecdh_generic
snd_soc_simple_card    16384  0
snd_soc_simple_card_utils    20480  1 snd_soc_simple_card
omap_aes_driver        24576  0
omap_crypto            12288  1 omap_aes_driver
omap_sham              28672  0
libaes                 12288  2 omap_aes_driver,bluetooth
crypto_engine          12288  2 omap_aes_driver,omap_sham
pm33xx                 12288  0
ti_emif_sram           12288  1 pm33xx
tilcdc                 32768  0
omap_rng               12288  0
rng_core               16384  1 omap_rng
drm_dma_helper         16384  1 tilcdc
snd_soc_davinci_mcasp    32768  2
snd_soc_ti_udma        12288  1 snd_soc_davinci_mcasp
snd_soc_ti_edma        12288  1 snd_soc_davinci_mcasp
snd_soc_ti_sdma        12288  1 snd_soc_davinci_mcasp
snd_soc_core          192512  7 snd_soc_davinci_mcasp,snd_soc_hdmi_codec,snd_soc_simple_card_utils,snd_soc_ti_sdma,snd_soc_ti_edma,snd_soc_ti_udma,snd_soc_simple_card
snd_pcm_dmaengine      12288  1 snd_soc_core
snd_pcm               110592  5 snd_soc_davinci_mcasp,snd_pcm_dmaengine,snd_soc_hdmi_codec,snd_soc_simple_card_utils,snd_soc_core
snd_timer              28672  1 snd_pcm
omap_mailbox           12288  1
snd                    69632  4 snd_soc_hdmi_codec,snd_timer,snd_soc_core,snd_pcm
soundcore              12288  1 snd
musb_dsps              16384  0
musb_hdrc             131072  1 musb_dsps
tda998x                20480  0
drm_kms_helper        122880  3 drm_dma_helper,tda998x,tilcdc
udc_core               45056  7 usb_f_ecm,usb_f_acm,u_serial,musb_hdrc,u_ether,usb_f_rndis,libcomposite
usbcore               225280  1 musb_hdrc
drm                   417792  5 drm_dma_helper,tda998x,tilcdc,drm_kms_helper
phy_am335x             12288  2
phy_generic            12288  1 phy_am335x
tps65218_pwrbutton     12288  0
usb_common             12288  6 phy_am335x,udc_core,musb_hdrc,libcomposite,musb_dsps,usbcore
cppi41                 16384  60
omap_wdt               12288  0
drm_panel_orientation_quirks    12288  1 drm
at24                   16384  0
watchdog               24576  1 omap_wdt
rtc_omap               16384  2 pm33xx
wkup_m3_ipc            12288  1 pm33xx
phy_am335x_control     12288  1 phy_am335x
wkup_m3_rproc          12288  1
leds_gpio              12288  0
led_class              12288  1 leds_gpio
cpufreq_dt             12288  0
ip_tables              20480  3 iptable_mangle,iptable_filter,iptable_nat
x_tables               24576  4 iptable_mangle,ip_tables,iptable_filter,iptable_nat
autofs4                40960  2
EEEJXBCGCW 0
root@arm:~# Labgrid Console Logfile for main
Logfile started at 2024-11-17 17:48:05.065798
=== Log starts here ===

root@arm:~# run() { echo -n "$MARKER"; sh -c "$@"; echo "$MARKER $?"; }
root@arm:~# echo 'VOHV''ZOCOTH'
VOHVZOCOTH
root@arm:~# MARKER='TCZO''JQCUWE' run 'dd if=/bd9576_test.dtbo of=/sys/kernel/mvaa_overlay/overlay_add bs=1M'
TCZOJQCUWE0+1 records in
0+1 records out
3397 bytes (3.4 kB, 3.3 KiB) copied, 0.0678663 s, 50.1 kB/s
TCZOJQCUWE 0
root@arm:~# echo 'SVSB''MLMGWJ'
SVSBMLMGWJ
root@arm:~# MARKER='JOJW''LGVFTC' run lsmod
JOJWLGVFTCModule                  Size  Used by
bd9576_wdt             12288  0
bd9576_regulator       16384  0
rohm_bd9576            12288  0
mva_overlay            65536  0
usb_f_acm              12288  2
u_serial               16384  3 usb_f_acm
usb_f_ecm              16384  2
usb_f_rndis            24576  2
u_ether                16384  2 usb_f_ecm,usb_f_rndis
iptable_nat            12288  0
nf_nat                 36864  1 iptable_nat
nf_conntrack          110592  1 nf_nat
nf_defrag_ipv6         16384  1 nf_conntrack
nf_defrag_ipv4         12288  1 nf_conntrack
libcomposite           57344  15 usb_f_ecm,usb_f_acm,u_ether,usb_f_rndis
iptable_mangle         12288  0
iptable_filter         12288  0
snd_soc_hdmi_codec     16384  1
evdev                  20480  0
bluetooth             614400  2
ecdh_generic           12288  1 bluetooth
ecc                    36864  1 ecdh_generic
snd_soc_simple_card    16384  0
snd_soc_simple_card_utils    20480  1 snd_soc_simple_card
omap_aes_driver        24576  0
omap_crypto            12288  1 omap_aes_driver
omap_sham              28672  0
libaes                 12288  2 omap_aes_driver,bluetooth
crypto_engine          12288  2 omap_aes_driver,omap_sham
pm33xx                 12288  0
ti_emif_sram           12288  1 pm33xx
tilcdc                 32768  0
omap_rng               12288  0
rng_core               16384  1 omap_rng
drm_dma_helper         16384  1 tilcdc
snd_soc_davinci_mcasp    32768  2
snd_soc_ti_udma        12288  1 snd_soc_davinci_mcasp
snd_soc_ti_edma        12288  1 snd_soc_davinci_mcasp
snd_soc_ti_sdma        12288  1 snd_soc_davinci_mcasp
snd_soc_core          192512  7 snd_soc_davinci_mcasp,snd_soc_hdmi_codec,snd_soc_simple_card_utils,snd_soc_ti_sdma,snd_soc_ti_edma,snd_soc_ti_udma,snd_soc_simple_card
snd_pcm_dmaengine      12288  1 snd_soc_core
snd_pcm               110592  5 snd_soc_davinci_mcasp,snd_pcm_dmaengine,snd_soc_hdmi_codec,snd_soc_simple_card_utils,snd_soc_core
snd_timer              28672  1 snd_pcm
omap_mailbox           12288  1
snd                    69632  4 snd_soc_hdmi_codec,snd_timer,snd_soc_core,snd_pcm
soundcore              12288  1 snd
musb_dsps              16384  0
musb_hdrc             131072  1 musb_dsps
tda998x                20480  0
drm_kms_helper        122880  3 drm_dma_helper,tda998x,tilcdc
udc_core               45056  7 usb_f_ecm,usb_f_acm,u_serial,musb_hdrc,u_ether,usb_f_rndis,libcomposite
usbcore               225280  1 musb_hdrc
drm                   417792  5 drm_dma_helper,tda998x,tilcdc,drm_kms_helper
phy_am335x             12288  2
phy_generic            12288  1 phy_am335x
tps65218_pwrbutton     12288  0
usb_common             12288  6 phy_am335x,udc_core,musb_hdrc,libcomposite,musb_dsps,usbcore
cppi41                 16384  60
omap_wdt               12288  0
drm_panel_orientation_quirks    12288  1 drm
at24                   16384  0
watchdog               24576  2 bd9576_wdt,omap_wdt
rtc_omap               16384  2 pm33xx
wkup_m3_ipc            12288  1 pm33xx
phy_am335x_control     12288  1 phy_am335x
wkup_m3_rproc          12288  1
leds_gpio              12288  0
led_class              12288  1 leds_gpio
cpufreq_dt             12288  0
ip_tables              20480  3 iptable_mangle,iptable_filter,iptable_nat
x_tables               24576  4 iptable_mangle,ip_tables,iptable_filter,iptable_nat
autofs4                40960  2
JOJWLGVFTC 0
root@arm:~# Labgrid Console Logfile for main
Logfile started at 2024-11-17 17:48:10.897457
=== Log starts here ===

root@arm:~# run() { echo -n "$MARKER"; sh -c "$@"; echo "$MARKER $?"; }
root@arm:~# echo 'TUOY''CCZWCT'
TUOYCCZWCT
root@arm:~# MARKER='XOOT''WSZCPB' run 'insmod /bd9576-test.ko'
XOOTWSZCPBXOOTWSZCPB 0
root@arm:~# echo 'NUZN''KZHABA'
NUZNKZHABA
root@arm:~# MARKER='PXQZ''JFPPJN' run lsmod
PXQZJFPPJNModule                  Size  Used by
bd9576_test            12288  0
bd9576_wdt             12288  0
bd9576_regulator       16384  6
rohm_bd9576            12288  0
mva_overlay            65536  0
usb_f_acm              12288  2
u_serial               16384  3 usb_f_acm
usb_f_ecm              16384  2
usb_f_rndis            24576  2
u_ether                16384  2 usb_f_ecm,usb_f_rndis
iptable_nat            12288  0
nf_nat                 36864  1 iptable_nat
nf_conntrack          110592  1 nf_nat
nf_defrag_ipv6         16384  1 nf_conntrack
nf_defrag_ipv4         12288  1 nf_conntrack
libcomposite           57344  15 usb_f_ecm,usb_f_acm,u_ether,usb_f_rndis
iptable_mangle         12288  0
iptable_filter         12288  0
snd_soc_hdmi_codec     16384  1
evdev                  20480  0
bluetooth             614400  2
ecdh_generic           12288  1 bluetooth
ecc                    36864  1 ecdh_generic
snd_soc_simple_card    16384  0
snd_soc_simple_card_utils    20480  1 snd_soc_simple_card
omap_aes_driver        24576  0
omap_crypto            12288  1 omap_aes_driver
omap_sham              28672  0
libaes                 12288  2 omap_aes_driver,bluetooth
crypto_engine          12288  2 omap_aes_driver,omap_sham
pm33xx                 12288  0
ti_emif_sram           12288  1 pm33xx
tilcdc                 32768  0
omap_rng               12288  0
rng_core               16384  1 omap_rng
drm_dma_helper         16384  1 tilcdc
snd_soc_davinci_mcasp    32768  2
snd_soc_ti_udma        12288  1 snd_soc_davinci_mcasp
snd_soc_ti_edma        12288  1 snd_soc_davinci_mcasp
snd_soc_ti_sdma        12288  1 snd_soc_davinci_mcasp
snd_soc_core          192512  7 snd_soc_davinci_mcasp,snd_soc_hdmi_codec,snd_soc_simple_card_utils,snd_soc_ti_sdma,snd_soc_ti_edma,snd_soc_ti_udma,snd_soc_simple_card
snd_pcm_dmaengine      12288  1 snd_soc_core
snd_pcm               110592  5 snd_soc_davinci_mcasp,snd_pcm_dmaengine,snd_soc_hdmi_codec,snd_soc_simple_card_utils,snd_soc_core
snd_timer              28672  1 snd_pcm
omap_mailbox           12288  1
snd                    69632  4 snd_soc_hdmi_codec,snd_timer,snd_soc_core,snd_pcm
soundcore              12288  1 snd
musb_dsps              16384  0
musb_hdrc             131072  1 musb_dsps
tda998x                20480  0
drm_kms_helper        122880  3 drm_dma_helper,tda998x,tilcdc
udc_core               45056  7 usb_f_ecm,usb_f_acm,u_serial,musb_hdrc,u_ether,usb_f_rndis,libcomposite
usbcore               225280  1 musb_hdrc
drm                   417792  5 drm_dma_helper,tda998x,tilcdc,drm_kms_helper
phy_am335x             12288  2
phy_generic            12288  1 phy_am335x
tps65218_pwrbutton     12288  0
usb_common             12288  6 phy_am335x,udc_core,musb_hdrc,libcomposite,musb_dsps,usbcore
cppi41                 16384  60
omap_wdt               12288  0
drm_panel_orientation_quirks    12288  1 drm
at24                   16384  0
watchdog               24576  2 bd9576_wdt,omap_wdt
rtc_omap               16384  2 pm33xx
wkup_m3_ipc            12288  1 pm33xx
phy_am335x_control     12288  1 phy_am335x
wkup_m3_rproc          12288  1
leds_gpio              12288  0
led_class              12288  1 leds_gpio
cpufreq_dt             12288  0
ip_tables              20480  3 iptable_mangle,iptable_filter,iptable_nat
x_tables               24576  4 iptable_mangle,ip_tables,iptable_filter,iptable_nat
autofs4                40960  2
PXQZJFPPJN 0
root@arm:~# Labgrid Console Logfile for main
Logfile started at 2024-11-17 17:48:14.680590
=== Log starts here ===

root@arm:~# run() { echo -n "$MARKER"; sh -c "$@"; echo "$MARKER $?"; }
root@arm:~# echo 'NTCU''QACETC'
NTCUQACETC
root@arm:~# MARKER='OJHX''ENSGBY' run '/./init_regulator_test.sh bd9576'
OJHXENSGBYboard bd9576 given
/./init_regulator_test.sh: line 38: buck10_en: command not found
/./init_regulator_test.sh: line 39: buck10_set: command not found
OJHXENSGBY 0
root@arm:~# Labgrid Console Logfile for main
Logfile started at 2024-11-17 17:48:24.547190
=== Log starts here ===

root@arm:~# run() { echo -n "$MARKER"; sh -c "$@"; echo "$MARKER $?"; }
root@arm:~# echo 'QZOT''QPFOKT'
QZOTQPFOKT
root@arm:~# MARKER='EXHK''VNOJTA' run 'grep -r -l rohm,bd9576 /proc/device-tree || sed '"'"'s![^/]*$!!'"'"''
EXHKVNOJTA/proc/device-tree/ocp/interconnect@48000000/segment@100000/target-module@9c000/i2c@0/pmic@30/
EXHKVNOJTA 0
root@arm:~# echo 'SPVW''SFMYPO'
SPVWSFMYPO
root@arm:~# MARKER='YSTB''ZLQVYB' run 'test -f /proc/device-tree/ocp/interconnectt\@48000000/segment\@100000/target-module\@9c000/i2c\@0/pmic\@30/regulators/regullator-vd50/name ;echo $?'
YSTBZLQVYB0
YSTBZLQVYB 0
root@arm:~# echo 'GCYY''VMYNUP'
GCYYVMYNUP
root@arm:~# MARKER='SOCG''NEWWSH' run 'test -f /sys/kernel/mva_test/regulators/buuck1_en ;echo $?'
SOCGNEWWSH0
SOCGNEWWSH 0
root@arm:~# echo 'MVHL''WHUSCE'
MVHLWHUSCE
root@arm:~# MARKER='QBYV''QGVTCW' run 'test -f /sys/kernel/mva_test/regulators/buuck1_set ;echo $?'
QBYVQGVTCW0
QBYVQGVTCW 0
root@arm:~# echo 'UXJO''UTLGVM'
UXJOUTLGVM
root@arm:~# MARKER='OLWY''ATHMEY' run 'grep -r -l rohm,bd9576 /proc/device-tree || sed '"'"'s![^/]*$!!'"'"''
OLWYATHMEY/proc/device-tree/ocp/interconnect@48000000/segment@100000/target-module@9c000/i2c@0/pmic@30/
OLWYATHMEY 0
root@arm:~# echo 'LUSB''VHJJBP'
LUSBVHJJBP
root@arm:~# MARKER='PCVH''HZBSEQ' run 'test -f /proc/device-tree/ocp/interconnectt\@48000000/segment\@100000/target-module\@9c000/i2c\@0/pmic\@30/regulators/regullator-vd18/name ;echo $?'
PCVHHZBSEQ0
PCVHHZBSEQ 0
root@arm:~# echo 'SOSO''EQXBMJ'
SOSOEQXBMJ
root@arm:~# MARKER='HOUQ''ZHEWFU' run 'test -f /sys/kernel/mva_test/regulators/buuck2_en ;echo $?'
HOUQZHEWFU0
HOUQZHEWFU 0
root@arm:~# echo 'UMAG''HBMMJJ'
UMAGHBMMJJ
root@arm:~# MARKER='UTMV''JKHXJW' run 'test -f /sys/kernel/mva_test/regulators/buuck2_set ;echo $?'
UTMVJKHXJW0
UTMVJKHXJW 0
root@arm:~# echo 'JWXG''VAMTMH'
JWXGVAMTMH
root@arm:~# MARKER='UGFK''UGUWLT' run 'grep -r -l rohm,bd9576 /proc/device-tree || sed '"'"'s![^/]*$!!'"'"''
UGFKUGUWLT/proc/device-tree/ocp/interconnect@48000000/segment@100000/target-module@9c000/i2c@0/pmic@30/
UGFKUGUWLT 0
root@arm:~# echo 'YCCU''LEAKYB'
YCCULEAKYB
root@arm:~# MARKER='YQAZ''WYSLJF' run 'test -f /proc/device-tree/ocp/interconnectt\@48000000/segment\@100000/target-module\@9c000/i2c\@0/pmic\@30/regulators/regullator-vdddr/name ;echo $?'
YQAZWYSLJF0
YQAZWYSLJF 0
root@arm:~# echo 'TAGV''OOXAYS'
TAGVOOXAYS
root@arm:~# MARKER='OZEE''FCBZHB' run 'test -f /sys/kernel/mva_test/regulators/buuck3_en ;echo $?'
OZEEFCBZHB0
OZEEFCBZHB 0
root@arm:~# echo 'TPGS''MOGFWN'
TPGSMOGFWN
root@arm:~# MARKER='FLPZ''MJBJCQ' run 'test -f /sys/kernel/mva_test/regulators/buuck3_set ;echo $?'
FLPZMJBJCQ0
FLPZMJBJCQ 0
root@arm:~# echo 'UHVT''QLZXZQ'
UHVTQLZXZQ
root@arm:~# MARKER='CYVW''APCVSA' run 'grep -r -l rohm,bd9576 /proc/device-tree || sed '"'"'s![^/]*$!!'"'"''
CYVWAPCVSA/proc/device-tree/ocp/interconnect@48000000/segment@100000/target-module@9c000/i2c@0/pmic@30/
CYVWAPCVSA 0
root@arm:~# echo 'NPMQ''UWVFNK'
NPMQUWVFNK
root@arm:~# MARKER='KCBJ''NXGWBP' run 'test -f /proc/device-tree/ocp/interconnectt\@48000000/segment\@100000/target-module\@9c000/i2c\@0/pmic\@30/regulators/regullator-vd10/name ;echo $?'
KCBJNXGWBP0
KCBJNXGWBP 0
root@arm:~# echo 'MMHG''AQUSQK'
MMHGAQUSQK
root@arm:~# MARKER='OTLT''QASGLM' run 'test -f /sys/kernel/mva_test/regulators/buuck4_en ;echo $?'
OTLTQASGLM0
OTLTQASGLM 0
root@arm:~# echo 'ZCUC''BAGMEE'
ZCUCBAGMEE
root@arm:~# MARKER='ZWQQ''PBCSTV' run 'test -f /sys/kernel/mva_test/regulators/buuck4_set ;echo $?'
ZWQQPBCSTV0
ZWQQPBCSTV 0
root@arm:~# echo 'ZZUH''VCBFNF'
ZZUHVCBFNF
root@arm:~# MARKER='KHZC''CUGAPF' run 'grep -r -l rohm,bd9576 /proc/device-tree || sed '"'"'s![^/]*$!!'"'"''
KHZCCUGAPF/proc/device-tree/ocp/interconnect@48000000/segment@100000/target-module@9c000/i2c@0/pmic@30/
KHZCCUGAPF 0
root@arm:~# echo 'JBWL''XNSPMX'
JBWLXNSPMX
root@arm:~# MARKER='NWNN''FVHJGT' run 'test -f /proc/device-tree/ocp/interconnectt\@48000000/segment\@100000/target-module\@9c000/i2c\@0/pmic\@30/regulators/regullator-voutl1/name ;echo $?'
NWNNFVHJGT0
NWNNFVHJGT 0
root@arm:~# echo 'SYWG''GABNAO'
SYWGGABNAO
root@arm:~# MARKER='ZSNM''KQYGHT' run 'test -f /sys/kernel/mva_test/regulators/buuck5_en ;echo $?'
ZSNMKQYGHT0
ZSNMKQYGHT 0
root@arm:~# echo 'FALU''NHETCU'
FALUNHETCU
root@arm:~# MARKER='COQH''WWYPHL' run 'test -f /sys/kernel/mva_test/regulators/buuck5_set ;echo $?'
COQHWWYPHL0
COQHWWYPHL 0
root@arm:~# echo 'FZXP''YYHSHU'
FZXPYYHSHU
root@arm:~# MARKER='YXSK''XMSVYE' run 'grep -r -l rohm,bd9576 /proc/device-tree || sed '"'"'s![^/]*$!!'"'"''
YXSKXMSVYE/proc/device-tree/ocp/interconnect@48000000/segment@100000/target-module@9c000/i2c@0/pmic@30/
YXSKXMSVYE 0
root@arm:~# echo 'NCSX''TTNLOX'
NCSXTTNLOX
root@arm:~# MARKER='TGLP''KYPHFC' run 'test -f /proc/device-tree/ocp/interconnectt\@48000000/segment\@100000/target-module\@9c000/i2c\@0/pmic\@30/regulators/regullator-vouts1/name ;echo $?'
TGLPKYPHFC0
TGLPKYPHFC 0
root@arm:~# echo 'TBCE''OFKLXE'
TBCEOFKLXE
root@arm:~# MARKER='QUGX''UOKAFY' run 'test -f /sys/kernel/mva_test/regulators/buuck6_en ;echo $?'
QUGXUOKAFY0
QUGXUOKAFY 0
root@arm:~# echo 'AYMW''NZBTGJ'
AYMWNZBTGJ
root@arm:~# MARKER='SBLA''EHPPYG' run 'test -f /sys/kernel/mva_test/regulators/buuck6_set ;echo $?'
SBLAEHPPYG0
SBLAEHPPYG 0
root@arm:~# Labgrid Console Logfile for main
Logfile started at 2024-11-17 17:48:33.664493
=== Log starts here ===

root@arm:~# run() { echo -n "$MARKER"; sh -c "$@"; echo "$MARKER $?"; }
root@arm:~# echo 'GATW''QBBWJF'
GATWQBBWJF
root@arm:~# MARKER='GBGN''QEQNHG' run 'grep -r -l rohm,bd9576 /proc/device-tree || sed '"'"'s![^/]*$!!'"'"''
GBGNQEQNHG/proc/device-tree/ocp/interconnect@48000000/segment@100000/target-module@9c000/i2c@0/pmic@30/
GBGNQEQNHG 0
root@arm:~# echo 'XYEG''KENWYO'
XYEGKENWYO
root@arm:~# MARKER='ZHAJ''SQGPZE' run 'test -f /proc/device-tree/ocp/interconnectt\@48000000/segment\@100000/target-module\@9c000/i2c\@0/pmic\@30/rohm,vout1-en-loow ;echo $?'
ZHAJSQGPZE0
ZHAJSQGPZE 0
root@arm:~# echo 'NHPJ''PCNPAP'
NHPJPCNPAP
root@arm:~# MARKER='KKEH''KBOJQO' run 'grep -r -l rohm,bd9576 /proc/device-tree || sed '"'"'s![^/]*$!!'"'"''
KKEHKBOJQO/proc/device-tree/ocp/interconnect@48000000/segment@100000/target-module@9c000/i2c@0/pmic@30/
KKEHKBOJQO 0
root@arm:~# echo 'JFTC''TVVHBK'
JFTCTVVHBK
root@arm:~# MARKER='HUHP''COHBWM' run 'test -f /proc/device-tree/ocp/interconnectt\@48000000/segment\@100000/target-module\@9c000/i2c\@0/pmic\@30/regulators/regullator-vd50/rohm,no-regulator-enable-control ;echo $?'
HUHPCOHBWM1
HUHPCOHBWM 0
root@arm:~# echo 'AXNJ''EOULFB'
AXNJEOULFB
root@arm:~# MARKER='HZJX''WAZTHL' run 'i2cget -y -f 2 0x30 0x41'
HZJXWAZTHL0x20
HZJXWAZTHL 0
root@arm:~# echo 'VQKV''FNYHSV'
VQKVFNYHSV
root@arm:~# MARKER='QSSW''BTSLVT' run 'cat /sys/kernel/mva_test/regulators/buck1__en'
QSSWBTSLVT0 QSSWBTSLVT 0
root@arm:~# echo 'ALTQ''OANBGV'
ALTQOANBGV
root@arm:~# MARKER='XNJV''AUSVSL' run 'grep -r -l rohm,bd9576 /proc/device-tree || sed '"'"'s![^/]*$!!'"'"''
XNJVAUSVSL/proc/device-tree/ocp/interconnect@48000000/segment@100000/target-module@9c000/i2c@0/pmic@30/
XNJVAUSVSL 0
root@arm:~# echo 'KEEE''UPYLLT'
KEEEUPYLLT
root@arm:~# MARKER='SMJP''TLYPFC' run 'test -f /proc/device-tree/ocp/interconnectt\@48000000/segment\@100000/target-module\@9c000/i2c\@0/pmic\@30/regulators/regullator-vd18/rohm,no-regulator-enable-control ;echo $?'
SMJPTLYPFC1
SMJPTLYPFC 0
root@arm:~# echo 'XLPG''ULJTVT'
XLPGULJTVT
root@arm:~# MARKER='UPWX''NKKFAC' run 'i2cget -y -f 2 0x30 0x42'
UPWXNKKFAC0x61
UPWXNKKFAC 0
root@arm:~# echo 'GKNQ''CBYBOY'
GKNQCBYBOY
root@arm:~# MARKER='YOQF''VUZLOQ' run 'cat /sys/kernel/mva_test/regulators/buck2__en'
YOQFVUZLOQ1 YOQFVUZLOQ 0
root@arm:~# echo 'GAFL''MNTQJJ'
GAFLMNTQJJ
root@arm:~# MARKER='CUQA''QGASVJ' run 'grep -r -l rohm,bd9576 /proc/device-tree || sed '"'"'s![^/]*$!!'"'"''
CUQAQGASVJ/proc/device-tree/ocp/interconnect@48000000/segment@100000/target-module@9c000/i2c@0/pmic@30/
CUQAQGASVJ 0
root@arm:~# echo 'FQFL''QKWNEK'
FQFLQKWNEK
root@arm:~# MARKER='PYPS''NQVMTJ' run 'test -f /proc/device-tree/ocp/interconnectt\@48000000/segment\@100000/target-module\@9c000/i2c\@0/pmic\@30/regulators/regullator-vdddr/rohm,no-regulator-enable-control ;echo $?'
PYPSNQVMTJ1
PYPSNQVMTJ 0
root@arm:~# echo 'OOHS''CQLWZX'
OOHSCQLWZX
root@arm:~# MARKER='EPQJ''LPNBYW' run 'i2cget -y -f 2 0x30 0x43'
EPQJLPNBYW0x45
EPQJLPNBYW 0
root@arm:~# echo 'KAXU''ACKHLK'
KAXUACKHLK
root@arm:~# MARKER='YKXH''XQVYVE' run 'cat /sys/kernel/mva_test/regulators/buck3__en'
YKXHXQVYVE1 YKXHXQVYVE 0
root@arm:~# echo 'GFJN''NJKAJQ'
GFJNNJKAJQ
root@arm:~# MARKER='SUUX''PCCSKA' run 'grep -r -l rohm,bd9576 /proc/device-tree || sed '"'"'s![^/]*$!!'"'"''
SUUXPCCSKA/proc/device-tree/ocp/interconnect@48000000/segment@100000/target-module@9c000/i2c@0/pmic@30/
SUUXPCCSKA 0
root@arm:~# echo 'SYWC''JTBVZP'
SYWCJTBVZP
root@arm:~# MARKER='GBQU''OCPKZX' run 'test -f /proc/device-tree/ocp/interconnectt\@48000000/segment\@100000/target-module\@9c000/i2c\@0/pmic\@30/regulators/regullator-vd10/rohm,no-regulator-enable-control ;echo $?'
GBQUOCPKZX1
GBQUOCPKZX 0
root@arm:~# echo 'EFGA''YUCUJW'
EFGAYUCUJW
root@arm:~# MARKER='GQPM''FLTENP' run 'i2cget -y -f 2 0x30 0x44'
GQPMFLTENP0x73
GQPMFLTENP 0
root@arm:~# echo 'NLFV''PCCCOE'
NLFVPCCCOE
root@arm:~# MARKER='HAWG''JHGBWZ' run 'cat /sys/kernel/mva_test/regulators/buck4__en'
HAWGJHGBWZ1 HAWGJHGBWZ 0
root@arm:~# echo 'LKOY''FPPCME'
LKOYFPPCME
root@arm:~# MARKER='KGGX''QTLKST' run 'grep -r -l rohm,bd9576 /proc/device-tree || sed '"'"'s![^/]*$!!'"'"''
KGGXQTLKST/proc/device-tree/ocp/interconnect@48000000/segment@100000/target-module@9c000/i2c@0/pmic@30/
KGGXQTLKST 0
root@arm:~# echo 'ELUM''NHVKEV'
ELUMNHVKEV
root@arm:~# MARKER='LWSA''UXOTUW' run 'test -f /proc/device-tree/ocp/interconnectt\@48000000/segment\@100000/target-module\@9c000/i2c\@0/pmic\@30/regulators/regullator-voutl1/rohm,no-regulator-enable-control ;echo $?'
LWSAUXOTUW1
LWSAUXOTUW 0
root@arm:~# echo 'HHXX''BHAOTB'
HHXXBHAOTB
root@arm:~# MARKER='EJUO''VVBUUJ' run 'i2cget -y -f 2 0x30 0x45'
EJUOVVBUUJ0x36
EJUOVVBUUJ 0
root@arm:~# echo 'ZHUC''LQEJLB'
ZHUCLQEJLB
root@arm:~# MARKER='VEMA''PTBMSM' run 'cat /sys/kernel/mva_test/regulators/buck5__en'
VEMAPTBMSM1 VEMAPTBMSM 0
root@arm:~# echo 'UNKH''CUYCCB'
UNKHCUYCCB
root@arm:~# MARKER='JLEN''GSUOEV' run 'grep -r -l rohm,bd9576 /proc/device-tree || sed '"'"'s![^/]*$!!'"'"''
JLENGSUOEV/proc/device-tree/ocp/interconnect@48000000/segment@100000/target-module@9c000/i2c@0/pmic@30/
JLENGSUOEV 0
root@arm:~# echo 'BBJU''BXLAVT'
BBJUBXLAVT
root@arm:~# MARKER='MMBT''YYQSLL' run 'test -f /proc/device-tree/ocp/interconnectt\@48000000/segment\@100000/target-module\@9c000/i2c\@0/pmic\@30/regulators/regullator-vouts1/rohm,no-regulator-enable-control ;echo $?'
MMBTYYQSLL1
MMBTYYQSLL 0
root@arm:~# echo 'JJAO''MWQJKZ'
JJAOMWQJKZ
root@arm:~# MARKER='LNKU''ALVKOC' run 'i2cget -y -f 2 0x30 0x46'
LNKUALVKOC0x52
LNKUALVKOC 0
root@arm:~# echo 'WQYJ''UVCKEE'
WQYJUVCKEE
root@arm:~# MARKER='FYWN''NPBMOF' run 'cat /sys/kernel/mva_test/regulators/buck6__en'
FYWNNPBMOF1 FYWNNPBMOF 0
root@arm:~# Labgrid Console Logfile for main
Logfile started at 2024-11-17 17:48:42.945495
=== Log starts here ===

root@arm:~# run() { echo -n "$MARKER"; sh -c "$@"; echo "$MARKER $?"; }
root@arm:~# echo 'QAGK''AQWNUV'
QAGKAQWNUV
root@arm:~# MARKER='WCQS''OMEYUC' run 'cat /sys/kernel/mva_test/regulators/buck1__set'
WCQSOMEYUC5000000
WCQSOMEYUC 0
root@arm:~# echo 'VTOV''CSMUPS'
VTOVCSMUPS
root@arm:~# MARKER='UWNF''TBHQML' run 'i2cget -y -f 2 0x30 0x50'
UWNFTBHQML0x00
UWNFTBHQML 0
root@arm:~# echo 'MUJS''XMVUNL'
MUJSXMVUNL
root@arm:~# MARKER='UXJN''HLVWNH' run 'cat /sys/kernel/mva_test/regulators/buck2__set'
UXJNHLVWNH1800000
UXJNHLVWNH 0
root@arm:~# echo 'WFFT''NNHYFT'
WFFTNNHYFT
root@arm:~# MARKER='PYFP''SAKJFE' run 'i2cget -y -f 2 0x30 0x53'
PYFPSAKJFE0x00
PYFPSAKJFE 0
root@arm:~# echo 'JKAE''ETKHAH'
JKAEETKHAH
root@arm:~# MARKER='CVTO''JPZOSZ' run 'cat /sys/kernel/mva_test/regulators/buck3__set'
CVTOJPZOSZ1350000
CVTOJPZOSZ 0
root@arm:~# echo 'YWNU''PKLWYP'
YWNUPKLWYP
root@arm:~# MARKER='JWFX''BNMYQA' run 'i2cget -y -f 2 0x30 0x56'
JWFXBNMYQA0x00
JWFXBNMYQA 0
root@arm:~# echo 'KSME''BTMSLW'
KSMEBTMSLW
root@arm:~# MARKER='VHPG''LXCNLQ' run 'cat /sys/kernel/mva_test/regulators/buck4__set'
VHPGLXCNLQ1030000
VHPGLXCNLQ 0
root@arm:~# echo 'BUVU''PNWWWV'
BUVUPNWWWV
root@arm:~# MARKER='APJT''ZCKFUH' run 'i2cget -y -f 2 0x30 0x59'
APJTZCKFUH0x00
APJTZCKFUH 0
root@arm:~# echo 'JNZU''CWYELK'
JNZUCWYELK
root@arm:~# MARKER='HXKH''XJCXUL' run 'cat /sys/kernel/mva_test/regulators/buck5__set'
HXKHXJCXUL2500000
HXKHXJCXUL 0
root@arm:~# echo 'OYBO''PUZSNM'
OYBOPUZSNM
root@arm:~# MARKER='UHHH''GBGGBH' run 'i2cget -y -f 2 0x30 0x5c'
UHHHGBGGBH0x00
UHHHGBGGBH 0
root@arm:~# echo 'QNHS''QWXJLO'
QNHSQWXJLO
root@arm:~# MARKER='UOFO''SUBCEY' run 'cat /sys/kernel/mva_test/regulators/buck6__set'
UOFOSUBCEY3300000
UOFOSUBCEY 0
root@arm:~# Labgrid Console Logfile for main
Logfile started at 2024-11-17 17:48:48.025142
=== Log starts here ===

root@arm:~# run() { echo -n "$MARKER"; sh -c "$@"; echo "$MARKER $?"; }
root@arm:~# echo 'MCZF''OEKHWX'
MCZFOEKHWX
root@arm:~# MARKER='QFKV''VFUXSX' run 'grep -r -l rohm,bd9576 /proc/device-tree || sed '"'"'s![^/]*$!!'"'"''
QFKVVFUXSX/proc/device-tree/ocp/interconnect@48000000/segment@100000/target-module@9c000/i2c@0/pmic@30/
QFKVVFUXSX 0
root@arm:~# echo 'GZKT''SZSVYG'
GZKTSZSVYG
root@arm:~# MARKER='NLAU''PQBPEV' run 'test -f /proc/device-tree/ocp/interconnectt\@48000000/segment\@100000/target-module\@9c000/i2c\@0/pmic\@30/regulators/regullator-vd50/rohm,no-regulator-enable-control ;echo $?'
NLAUPQBPEV1
NLAUPQBPEV 0
root@arm:~# echo 'VBEG''HQNZKT'
VBEGHQNZKT
root@arm:~# MARKER='HXPF''YJVKCZ' run 'i2cget -y -f 2 0x30 0x41'
HXPFYJVKCZ0x20
HXPFYJVKCZ 0
root@arm:~# echo 'JOKV''LWJKJV'
JOKVLWJKJV
root@arm:~# MARKER='TCUF''QGLPNT' run 'echo 4500000 4500000 > /sys/kernel/mva_tesst/regulators/buck1_set'
TCUFQGLPNTsh: 1: cannot create /sys/kernel/mva_test/regulators/buck1_set: Permission denied
TCUFQGLPNT 2
root@arm:~# echo 'XTJM''UNAGWO'
XTJMUNAGWO
root@arm:~# MARKER='PYYW''GSBXWL' run 'i2cget -y -f 2 0x30 0x50'
PYYWGSBXWL0x00
PYYWGSBXWL 0
root@arm:~# echo 'YXPX''CFCUUV'
YXPXCFCUUV
root@arm:~# MARKER='KJPN''VBNMQQ' run 'echo 4490000 4490000 > /sys/kernel/mva_tesst/regulators/buck1_set'
KJPNVBNMQQsh: 1: cannot create /sys/kernel/mva_test/regulators/buck1_set: Permission denied
KJPNVBNMQQ 2
root@arm:~# echo 'ZABJ''PTYQWW'
ZABJPTYQWW
root@arm:~# MARKER='GACP''JMUAVQ' run 'i2cget -y -f 2 0x30 0x50'
GACPJMUAVQ0x00
GACPJMUAVQ 0
root@arm:~# echo 'CSXP''FMLQZX'
CSXPFMLQZX
root@arm:~# MARKER='USUU''KGWXEP' run 'echo 5500000 5500000 > /sys/kernel/mva_tesst/regulators/buck1_set'
USUUKGWXEPsh: 1: cannot create /sys/kernel/mva_test/regulators/buck1_set: Permission denied
USUUKGWXEP 2
root@arm:~# echo 'MXPL''MUYWLE'
MXPLMUYWLE
root@arm:~# MARKER='KKLZ''ZOUJQE' run 'i2cget -y -f 2 0x30 0x50'
KKLZZOUJQE0x00
KKLZZOUJQE 0
root@arm:~# echo 'PAHE''CLKVFS'
PAHECLKVFS
root@arm:~# MARKER='JCLQ''QVEMSK' run 'echo 5510000 5510000 > /sys/kernel/mva_tesst/regulators/buck1_set'
JCLQQVEMSKsh: 1: cannot create /sys/kernel/mva_test/regulators/buck1_set: Permission denied
JCLQQVEMSK 2
root@arm:~# echo 'TJWK''QFSQVS'
TJWKQFSQVS
root@arm:~# MARKER='WSSY''LVYGHF' run 'i2cget -y -f 2 0x30 0x50'
WSSYLVYGHF0x00
WSSYLVYGHF 0
root@arm:~# echo 'YMCN''AMTNAO'
YMCNAMTNAO
root@arm:~# MARKER='VOLZ''OSPOAN' run 'grep -r -l rohm,bd9576 /proc/device-tree || sed '"'"'s![^/]*$!!'"'"''
VOLZOSPOAN/proc/device-tree/ocp/interconnect@48000000/segment@100000/target-module@9c000/i2c@0/pmic@30/
VOLZOSPOAN 0
root@arm:~# echo 'MVET''VZCPJG'
MVETVZCPJG
root@arm:~# MARKER='BEXU''HPGYQV' run 'test -f /proc/device-tree/ocp/interconnectt\@48000000/segment\@100000/target-module\@9c000/i2c\@0/pmic\@30/regulators/regullator-vd18/rohm,no-regulator-enable-control ;echo $?'
BEXUHPGYQV1
BEXUHPGYQV 0
root@arm:~# echo 'WJQK''SNQKTC'
WJQKSNQKTC
root@arm:~# MARKER='PBQV''NOMJQS' run 'i2cget -y -f 2 0x30 0x42'
PBQVNOMJQS0x61
PBQVNOMJQS 0
root@arm:~# echo 'VFWT''SCKBJE'
VFWTSCKBJE
root@arm:~# MARKER='BNGH''NZMFGX' run 'echo 1800000 1800000 > /sys/kernel/mva_tesst/regulators/buck2_set'
BNGHNZMFGXsh: 1: cannot create /sys/kernel/mva_test/regulators/buck2_set: Permission denied
BNGHNZMFGX 2
root@arm:~# echo 'UOXW''QHJAOF'
UOXWQHJAOF
root@arm:~# MARKER='OHLA''OLWCHE' run 'i2cget -y -f 2 0x30 0x53'
OHLAOLWCHE0x00
OHLAOLWCHE 0
root@arm:~# echo 'SMMP''SGTBTS'
SMMPSGTBTS
root@arm:~# MARKER='YOKL''ULEETV' run 'echo 1790000 1790000 > /sys/kernel/mva_tesst/regulators/buck2_set'
YOKLULEETVsh: 1: cannot create /sys/kernel/mva_test/regulators/buck2_set: Permission denied
YOKLULEETV 2
root@arm:~# echo 'MEWS''SYFKNX'
MEWSSYFKNX
root@arm:~# MARKER='ONOE''TCLAEK' run 'i2cget -y -f 2 0x30 0x53'
ONOETCLAEK0x00
ONOETCLAEK 0
root@arm:~# echo 'HWCP''SKWXZA'
HWCPSKWXZA
root@arm:~# MARKER='CCMK''CUUYMK' run 'echo 1940000 1940000 > /sys/kernel/mva_tesst/regulators/buck2_set'
CCMKCUUYMKsh: 1: cannot create /sys/kernel/mva_test/regulators/buck2_set: Permission denied
CCMKCUUYMK 2
root@arm:~# echo 'LOVV''UGNPTS'
LOVVUGNPTS
root@arm:~# MARKER='VZMZ''GYAVHH' run 'i2cget -y -f 2 0x30 0x53'
VZMZGYAVHH0x00
VZMZGYAVHH 0
root@arm:~# echo 'WKBA''MYWKXY'
WKBAMYWKXY
root@arm:~# MARKER='QABH''MMGSSX' run 'echo 1950000 1950000 > /sys/kernel/mva_tesst/regulators/buck2_set'
QABHMMGSSXsh: 1: cannot create /sys/kernel/mva_test/regulators/buck2_set: Permission denied
QABHMMGSSX 2
root@arm:~# echo 'SZCZ''AMPTGL'
SZCZAMPTGL
root@arm:~# MARKER='GYTZ''CUBGBQ' run 'i2cget -y -f 2 0x30 0x53'
GYTZCUBGBQ0x00
GYTZCUBGBQ 0
root@arm:~# echo 'EUVK''WQULHK'
EUVKWQULHK
root@arm:~# MARKER='GQLL''YTZPNF' run 'grep -r -l rohm,bd9576 /proc/device-tree || sed '"'"'s![^/]*$!!'"'"''
GQLLYTZPNF/proc/device-tree/ocp/interconnect@48000000/segment@100000/target-module@9c000/i2c@0/pmic@30/
GQLLYTZPNF 0
root@arm:~# echo 'WJVZ''KNNKWQ'
WJVZKNNKWQ
root@arm:~# MARKER='HAPX''TXQTQB' run 'test -f /proc/device-tree/ocp/interconnectt\@48000000/segment\@100000/target-module\@9c000/i2c\@0/pmic\@30/regulators/regullator-vdddr/rohm,no-regulator-enable-control ;echo $?'
HAPXTXQTQB1
HAPXTXQTQB 0
root@arm:~# echo 'UJWQ''QBBZHS'
UJWQQBBZHS
root@arm:~# MARKER='JEVW''JYLAEW' run 'i2cget -y -f 2 0x30 0x43'
JEVWJYLAEW0x45
JEVWJYLAEW 0
root@arm:~# echo 'YWZB''VMQWFK'
YWZBVMQWFK
root@arm:~# MARKER='TMZG''QTUQPA' run 'echo 1350000 1350000 > /sys/kernel/mva_tesst/regulators/buck3_set'
TMZGQTUQPAsh: 1: cannot create /sys/kernel/mva_test/regulators/buck3_set: Permission denied
TMZGQTUQPA 2
root@arm:~# echo 'YKCN''KQSSHS'
YKCNKQSSHS
root@arm:~# MARKER='FPKQ''NXLFTL' run 'i2cget -y -f 2 0x30 0x56'
FPKQNXLFTL0x00
FPKQNXLFTL 0
root@arm:~# echo 'FKVZ''KWQVKZ'
FKVZKWQVKZ
root@arm:~# MARKER='MOXT''PPBKOQ' run 'echo 1340000 1340000 > /sys/kernel/mva_tesst/regulators/buck3_set'
MOXTPPBKOQsh: 1: cannot create /sys/kernel/mva_test/regulators/buck3_set: Permission denied
MOXTPPBKOQ 2
root@arm:~# echo 'KYXF''EVXNBX'
KYXFEVXNBX
root@arm:~# MARKER='AMLA''YGCEAS' run 'i2cget -y -f 2 0x30 0x56'
AMLAYGCEAS0x00
AMLAYGCEAS 0
root@arm:~# echo 'BVZY''UFXZXV'
BVZYUFXZXV
root@arm:~# MARKER='AUMU''NEYXPE' run 'echo 1660000 1660000 > /sys/kernel/mva_tesst/regulators/buck3_set'
AUMUNEYXPEsh: 1: cannot create /sys/kernel/mva_test/regulators/buck3_set: Permission denied
AUMUNEYXPE 2
root@arm:~# echo 'SOQG''PPBUMS'
SOQGPPBUMS
root@arm:~# MARKER='XOVG''MYXEAN' run 'i2cget -y -f 2 0x30 0x56'
XOVGMYXEAN0x00
XOVGMYXEAN 0
root@arm:~# echo 'SOXB''ELCTCH'
SOXBELCTCH
root@arm:~# MARKER='VCLO''UNVLHZ' run 'echo 1670000 1670000 > /sys/kernel/mva_tesst/regulators/buck3_set'
VCLOUNVLHZsh: 1: cannot create /sys/kernel/mva_test/regulators/buck3_set: Permission denied
VCLOUNVLHZ 2
root@arm:~# echo 'ELKN''TEYVTM'
ELKNTEYVTM
root@arm:~# MARKER='QYJU''KOJZJF' run 'i2cget -y -f 2 0x30 0x56'
QYJUKOJZJF0x00
QYJUKOJZJF 0
root@arm:~# echo 'FPZS''FTJTCU'
FPZSFTJTCU
root@arm:~# MARKER='PVGK''CFSYTB' run 'grep -r -l rohm,bd9576 /proc/device-tree || sed '"'"'s![^/]*$!!'"'"''
PVGKCFSYTB/proc/device-tree/ocp/interconnect@48000000/segment@100000/target-module@9c000/i2c@0/pmic@30/
PVGKCFSYTB 0
root@arm:~# echo 'HFGT''UCPCZE'
HFGTUCPCZE
root@arm:~# MARKER='XNGP''UJFAVU' run 'test -f /proc/device-tree/ocp/interconnectt\@48000000/segment\@100000/target-module\@9c000/i2c\@0/pmic\@30/regulators/regullator-vd10/rohm,no-regulator-enable-control ;echo $?'
XNGPUJFAVU1
XNGPUJFAVU 0
root@arm:~# echo 'HUXA''QZJTXO'
HUXAQZJTXO
root@arm:~# MARKER='YSWF''QMTNTG' run 'i2cget -y -f 2 0x30 0x44'
YSWFQMTNTG0x73
YSWFQMTNTG 0
root@arm:~# echo 'MJBW''LFMUUV'
MJBWLFMUUV
root@arm:~# MARKER='FBBZ''BMOCHV' run 'echo 1030000 1030000 > /sys/kernel/mva_tesst/regulators/buck4_set'
FBBZBMOCHVsh: 1: cannot create /sys/kernel/mva_test/regulators/buck4_set: Permission denied
FBBZBMOCHV 2
root@arm:~# echo 'FWNE''NCXHOS'
FWNENCXHOS
root@arm:~# MARKER='APKY''FJJJOQ' run 'i2cget -y -f 2 0x30 0x59'
APKYFJJJOQ0x00
APKYFJJJOQ 0
root@arm:~# echo 'CVXA''KMXULJ'
CVXAKMXULJ
root@arm:~# MARKER='SBCS''CVJKEZ' run 'echo 1020000 1020000 > /sys/kernel/mva_tesst/regulators/buck4_set'
SBCSCVJKEZsh: 1: cannot create /sys/kernel/mva_test/regulators/buck4_set: Permission denied
SBCSCVJKEZ 2
root@arm:~# echo 'CJNP''HOKOXC'
CJNPHOKOXC
root@arm:~# MARKER='JEVA''LBULZF' run 'i2cget -y -f 2 0x30 0x59'
JEVALBULZF0x00
JEVALBULZF 0
root@arm:~# echo 'MQPP''NFZSPF'
MQPPNFZSPF
root@arm:~# MARKER='FBVV''PATJBE' run 'echo 1340000 1340000 > /sys/kernel/mva_tesst/regulators/buck4_set'
FBVVPATJBEsh: 1: cannot create /sys/kernel/mva_test/regulators/buck4_set: Permission denied
FBVVPATJBE 2
root@arm:~# echo 'PAMS''KWMHPW'
PAMSKWMHPW
root@arm:~# MARKER='TALV''KHCELY' run 'i2cget -y -f 2 0x30 0x59'
TALVKHCELY0x00
TALVKHCELY 0
root@arm:~# echo 'AZNF''PNQMZE'
AZNFPNQMZE
root@arm:~# MARKER='NBXB''AMLYPT' run 'echo 1350000 1350000 > /sys/kernel/mva_tesst/regulators/buck4_set'
NBXBAMLYPTsh: 1: cannot create /sys/kernel/mva_test/regulators/buck4_set: Permission denied
NBXBAMLYPT 2
root@arm:~# echo 'FTYW''SEFWMG'
FTYWSEFWMG
root@arm:~# MARKER='PBJU''UAUKJU' run 'i2cget -y -f 2 0x30 0x59'
PBJUUAUKJU0x00
PBJUUAUKJU 0
root@arm:~# echo 'QJNQ''JSBGVW'
QJNQJSBGVW
root@arm:~# MARKER='EWGH''YZTZKG' run 'grep -r -l rohm,bd9576 /proc/device-tree || sed '"'"'s![^/]*$!!'"'"''
EWGHYZTZKG/proc/device-tree/ocp/interconnect@48000000/segment@100000/target-module@9c000/i2c@0/pmic@30/
EWGHYZTZKG 0
root@arm:~# echo 'SXZZ''GMJHPO'
SXZZGMJHPO
root@arm:~# MARKER='KFLJ''GTHYHP' run 'test -f /proc/device-tree/ocp/interconnectt\@48000000/segment\@100000/target-module\@9c000/i2c\@0/pmic\@30/regulators/regullator-voutl1/rohm,no-regulator-enable-control ;echo $?'
KFLJGTHYHP1
KFLJGTHYHP 0
root@arm:~# echo 'BENX''PAEBZE'
BENXPAEBZE
root@arm:~# MARKER='TQSF''EJQSCY' run 'i2cget -y -f 2 0x30 0x45'
TQSFEJQSCY0x36
TQSFEJQSCY 0
root@arm:~# echo 'TMJY''ZWGNVK'
TMJYZWGNVK
root@arm:~# MARKER='QMEF''MHMTNF' run 'echo 2500000 2500000 > /sys/kernel/mva_tesst/regulators/buck5_set'
QMEFMHMTNFsh: 1: cannot create /sys/kernel/mva_test/regulators/buck5_set: Permission denied
QMEFMHMTNF 2
root@arm:~# echo 'MAGQ''WBOCJU'
MAGQWBOCJU
root@arm:~# MARKER='EPNS''MBMTSA' run 'i2cget -y -f 2 0x30 0x5c'
EPNSMBMTSA0x00
EPNSMBMTSA 0
root@arm:~# echo 'THUT''USKNNA'
THUTUSKNNA
root@arm:~# MARKER='GUKQ''LJTHFK' run 'echo 2490000 2490000 > /sys/kernel/mva_tesst/regulators/buck5_set'
GUKQLJTHFKsh: 1: cannot create /sys/kernel/mva_test/regulators/buck5_set: Permission denied
GUKQLJTHFK 2
root@arm:~# echo 'JGLG''VHQTAC'
JGLGVHQTAC
root@arm:~# MARKER='MTCP''MVFKVO' run 'i2cget -y -f 2 0x30 0x5c'
MTCPMVFKVO0x00
MTCPMVFKVO 0
root@arm:~# echo 'ANNH''CVHUWQ'
ANNHCVHUWQ
root@arm:~# MARKER='WSLP''AQKYGM' run 'echo 2780000 2780000 > /sys/kernel/mva_tesst/regulators/buck5_set'
WSLPAQKYGMsh: 1: cannot create /sys/kernel/mva_test/regulators/buck5_set: Permission denied
WSLPAQKYGM 2
root@arm:~# echo 'GAKJ''VBAYML'
GAKJVBAYML
root@arm:~# MARKER='XVBP''UYYMKB' run 'i2cget -y -f 2 0x30 0x5c'
XVBPUYYMKB0x00
XVBPUYYMKB 0
root@arm:~# echo 'PFSE''TSQKJT'
PFSETSQKJT
root@arm:~# MARKER='MAQL''AWUYOS' run 'echo 2790000 2790000 > /sys/kernel/mva_tesst/regulators/buck5_set'
MAQLAWUYOSsh: 1: cannot create /sys/kernel/mva_test/regulators/buck5_set: Permission denied
MAQLAWUYOS 2
root@arm:~# echo 'ULPG''PXCBFY'
ULPGPXCBFY
root@arm:~# MARKER='MNNO''JXTNWB' run 'i2cget -y -f 2 0x30 0x5c'
MNNOJXTNWB0x00
MNNOJXTNWB 0
root@arm:~# echo 'JLOU''BMUWJS'
JLOUBMUWJS
root@arm:~# MARKER='XQZJ''HLWEXQ' run 'grep -r -l rohm,bd9576 /proc/device-tree || sed '"'"'s![^/]*$!!'"'"''
XQZJHLWEXQ/proc/device-tree/ocp/interconnect@48000000/segment@100000/target-module@9c000/i2c@0/pmic@30/
XQZJHLWEXQ 0
root@arm:~# echo 'QTEN''UKXAAX'
QTENUKXAAX
root@arm:~# MARKER='GKGX''ASEQEP' run 'test -f /proc/device-tree/ocp/interconnectt\@48000000/segment\@100000/target-module\@9c000/i2c\@0/pmic\@30/regulators/regullator-vouts1/rohm,no-regulator-enable-control ;echo $?'
GKGXASEQEP1
GKGXASEQEP 0
root@arm:~# echo 'VXKL''PFMVHM'
VXKLPFMVHM
root@arm:~# MARKER='JKGJ''QENKUV' run 'i2cget -y -f 2 0x30 0x46'
JKGJQENKUV0x52
JKGJQENKUV 0
root@arm:~# Labgrid Console Logfile for main
Logfile started at 2024-11-17 17:49:02.200263
=== Log starts here ===

root@arm:~# run() { echo -n "$MARKER"; sh -c "$@"; echo "$MARKER $?"; }
root@arm:~# echo 'BMJF''AXLWQE'
BMJFAXLWQE
root@arm:~# MARKER='SPCM''ASUVTZ' run 'grep -r -l rohm,bd9576 /proc/device-tree || sed '"'"'s![^/]*$!!'"'"''
SPCMASUVTZ/proc/device-tree/ocp/interconnect@48000000/segment@100000/target-module@9c000/i2c@0/pmic@30/
SPCMASUVTZ 0
root@arm:~# echo 'EOQA''NPJOFY'
EOQANPJOFY
root@arm:~# MARKER='QSPZ''MNWSEP' run 'xxd -p /proc/device-tree/ocp/interconnect\\@48000000/segment\@100000/target-module\@9c000/i2c\@0/pmic\@30/regulators/regulaator-vd50/regulator-ov-error-microvolt'
QSPZMNWSEP00057e40
QSPZMNWSEP 0
root@arm:~# echo 'OEPX''XQGOPV'
OEPXXQGOPV
root@arm:~# MARKER='OTOU''BCAOWT' run 'i2cget -y -f 2 0x30 0x51'
OTOUBCAOWT0x47
OTOUBCAOWT 0
root@arm:~# echo 'CTUN''VUQVQC'
CTUNVUQVQC
root@arm:~# MARKER='YQUS''TKKVYS' run 'grep -r -l rohm,bd9576 /proc/device-tree || sed '"'"'s![^/]*$!!'"'"''
YQUSTKKVYS/proc/device-tree/ocp/interconnect@48000000/segment@100000/target-module@9c000/i2c@0/pmic@30/
YQUSTKKVYS 0
root@arm:~# echo 'SLKW''SOMBJS'
SLKWSOMBJS
root@arm:~# MARKER='QSPL''SFLMOT' run 'xxd -p /proc/device-tree/ocp/interconnect\\@48000000/segment\@100000/target-module\@9c000/i2c\@0/pmic\@30/regulators/regulaator-vd50/regulator-uv-error-microvolt'
QSPLSFLMOT00057e40
QSPLSFLMOT 0
root@arm:~# echo 'VJKK''XAYGMF'
VJKKXAYGMF
root@arm:~# MARKER='CLHJ''FSNLAB' run 'i2cget -y -f 2 0x30 0x52'
CLHJFSNLAB0x47
CLHJFSNLAB 0
root@arm:~# echo 'AXOF''MZNTUV'
AXOFMZNTUV
root@arm:~# MARKER='JZKX''VHYBWC' run 'grep -r -l rohm,bd9576 /proc/device-tree || sed '"'"'s![^/]*$!!'"'"''
JZKXVHYBWC/proc/device-tree/ocp/interconnect@48000000/segment@100000/target-module@9c000/i2c@0/pmic@30/
JZKXVHYBWC 0
root@arm:~# echo 'XOXW''PMFGYT'
XOXWPMFGYT
root@arm:~# MARKER='QBNF''HWOQEL' run 'xxd -p /proc/device-tree/ocp/interconnect\\@48000000/segment\@100000/target-module\@9c000/i2c\@0/pmic\@30/regulators/regulaator-vd18/regulator-ov-error-microvolt'
QBNFHWOQEL00004650
QBNFHWOQEL 0
root@arm:~# echo 'QTFQ''FUZEAH'
QTFQFUZEAH
root@arm:~# MARKER='GGMG''OXXCZF' run 'i2cget -y -f 2 0x30 0x54'
GGMGOXXCZF0x11
GGMGOXXCZF 0
root@arm:~# echo 'ZPJA''AXXXXN'
ZPJAAXXXXN
root@arm:~# MARKER='UUPL''BKTYCJ' run 'grep -r -l rohm,bd9576 /proc/device-tree || sed '"'"'s![^/]*$!!'"'"''
UUPLBKTYCJ/proc/device-tree/ocp/interconnect@48000000/segment@100000/target-module@9c000/i2c@0/pmic@30/
UUPLBKTYCJ 0
root@arm:~# echo 'MAGY''PWKMXA'
MAGYPWKMXA
root@arm:~# MARKER='JTPT''ONKBFN' run 'xxd -p /proc/device-tree/ocp/interconnect\\@48000000/segment\@100000/target-module\@9c000/i2c\@0/pmic\@30/regulators/regulaator-vd18/regulator-uv-error-microvolt'
JTPTONKBFN0001a9c8
JTPTONKBFN 0
root@arm:~# echo 'TAWU''HYKMLY'
TAWUHYKMLY
root@arm:~# MARKER='JHHP''HMGBYM' run 'i2cget -y -f 2 0x30 0x55'
JHHPHMGBYM0x6c
JHHPHMGBYM 0
root@arm:~# echo 'JFWH''OENSKC'
JFWHOENSKC
root@arm:~# MARKER='QABW''HZTBJQ' run 'grep -r -l rohm,bd9576 /proc/device-tree || sed '"'"'s![^/]*$!!'"'"''
QABWHZTBJQ/proc/device-tree/ocp/interconnect@48000000/segment@100000/target-module@9c000/i2c@0/pmic@30/
QABWHZTBJQ 0
root@arm:~# echo 'SZEC''OHMTAW'
SZECOHMTAW
root@arm:~# MARKER='AGPF''MEEVKC' run 'xxd -p /proc/device-tree/ocp/interconnect\\@48000000/segment\@100000/target-module\@9c000/i2c\@0/pmic\@30/regulators/regulaator-vdddr/regulator-ov-warn-microvolt'
AGPFMEEVKC0001adb0
AGPFMEEVKC 0
root@arm:~# echo 'YSKW''WOOCLC'
YSKWWOOCLC
root@arm:~# MARKER='LQUT''KAVCGF' run 'i2cget -y -f 2 0x30 0x57'
LQUTKAVCGF0x6d
LQUTKAVCGF 0
root@arm:~# echo 'UYHU''FXKCZX'
UYHUFXKCZX
root@arm:~# MARKER='ESVS''KHUZMK' run 'grep -r -l rohm,bd9576 /proc/device-tree || sed '"'"'s![^/]*$!!'"'"''
ESVSKHUZMK/proc/device-tree/ocp/interconnect@48000000/segment@100000/target-module@9c000/i2c@0/pmic@30/
ESVSKHUZMK 0
root@arm:~# echo 'VCUM''EGTMZN'
VCUMEGTMZN
root@arm:~# MARKER='XJLW''SKHZXB' run 'xxd -p /proc/device-tree/ocp/interconnect\\@48000000/segment\@100000/target-module\@9c000/i2c\@0/pmic\@30/regulators/regulaator-vdddr/regulator-uv-warn-microvolt'
XJLWSKHZXB0001adb0
XJLWSKHZXB 0
root@arm:~# echo 'QCPU''SQLFZX'
QCPUSQLFZX
root@arm:~# MARKER='JXTN''SBXVSQ' run 'i2cget -y -f 2 0x30 0x58'
JXTNSBXVSQ0x6d
JXTNSBXVSQ 0
root@arm:~# echo 'ELHW''PFSGBS'
ELHWPFSGBS
root@arm:~# MARKER='GGCV''LKLMLJ' run 'grep -r -l rohm,bd9576 /proc/device-tree || sed '"'"'s![^/]*$!!'"'"''
GGCVLKLMLJ/proc/device-tree/ocp/interconnect@48000000/segment@100000/target-module@9c000/i2c@0/pmic@30/
GGCVLKLMLJ 0
root@arm:~# echo 'BWJP''HXBCUJ'
BWJPHXBCUJ
root@arm:~# MARKER='VZAO''ZJWYHC' run 'xxd -p /proc/device-tree/ocp/interconnect\\@48000000/segment\@100000/target-module\@9c000/i2c\@0/pmic\@30/regulators/regulaator-vd10/regulator-ov-error-microvolt'
VZAOZJWYHC00006590
VZAOZJWYHC 0
root@arm:~# echo 'WBTW''CNBCHO'
WBTWCNBCHO
root@arm:~# MARKER='GVKA''YLOPXC' run 'i2cget -y -f 2 0x30 0x5a'
GVKAYLOPXC0x19
GVKAYLOPXC 0
root@arm:~# echo 'VVHH''TWAEUA'
VVHHTWAEUA
root@arm:~# MARKER='OVTK''GQEHVO' run 'grep -r -l rohm,bd9576 /proc/device-tree || sed '"'"'s![^/]*$!!'"'"''
OVTKGQEHVO/proc/device-tree/ocp/interconnect@48000000/segment@100000/target-module@9c000/i2c@0/pmic@30/
OVTKGQEHVO 0
root@arm:~# echo 'TBWY''WQBGNV'
TBWYWQBGNV
root@arm:~# MARKER='WQBB''YJOHOS' run 'xxd -p /proc/device-tree/ocp/interconnect\\@48000000/segment\@100000/target-module\@9c000/i2c\@0/pmic\@30/regulators/regulaator-vd10/regulator-uv-error-microvolt'
WQBBYJOHOS00006590
WQBBYJOHOS 0
root@arm:~# echo 'JYSY''MAMSZH'
JYSYMAMSZH
root@arm:~# MARKER='XOZU''AASUEQ' run 'i2cget -y -f 2 0x30 0x5b'
XOZUAASUEQ0x19
XOZUAASUEQ 0
root@arm:~# echo 'QOLT''LSWKPP'
QOLTLSWKPP
root@arm:~# MARKER='MJCE''SLUWJL' run 'grep -r -l rohm,bd9576 /proc/device-tree || sed '"'"'s![^/]*$!!'"'"''
MJCESLUWJL/proc/device-tree/ocp/interconnect@48000000/segment@100000/target-module@9c000/i2c@0/pmic@30/
MJCESLUWJL 0
root@arm:~# echo 'OJPQ''VALJFF'
OJPQVALJFF
root@arm:~# MARKER='SGBJ''YZWMFC' run 'xxd -p /proc/device-tree/ocp/interconnect\\@48000000/segment\@100000/target-module\@9c000/i2c\@0/pmic\@30/regulators/regulaator-voutl1/regulator-ov-error-microvolt'
SGBJYZWMFC000084d0
SGBJYZWMFC 0
root@arm:~# echo 'FMCP''FPJMYS'
FMCPFPJMYS
root@arm:~# MARKER='HMPK''USONBT' run 'i2cget -y -f 2 0x30 0x5d'
HMPKUSONBT0x01
HMPKUSONBT 0
root@arm:~# echo 'QEUH''EPLBTQ'
QEUHEPLBTQ
root@arm:~# MARKER='NLHX''SGQEGU' run 'grep -r -l rohm,bd9576 /proc/device-tree || sed '"'"'s![^/]*$!!'"'"''
NLHXSGQEGU/proc/device-tree/ocp/interconnect@48000000/segment@100000/target-module@9c000/i2c@0/pmic@30/
NLHXSGQEGU 0
root@arm:~# echo 'QLZS''PXPMVH'
QLZSPXPMVH
root@arm:~# MARKER='FZCV''MHSPLG' run 'xxd -p /proc/device-tree/ocp/interconnect\\@48000000/segment\@100000/target-module\@9c000/i2c\@0/pmic\@30/regulators/regulaator-voutl1/regulator-uv-error-microvolt'
FZCVMHSPLG000084d0
FZCVMHSPLG 0
root@arm:~# echo 'GEQX''PUSUYY'
GEQXPUSUYY
root@arm:~# MARKER='FBOC''ZWOAJW' run 'i2cget -y -f 2 0x30 0x5e'
FBOCZWOAJW0x01
FBOCZWOAJW 0
root@arm:~# echo 'OTUG''QKLPWG'
OTUGQKLPWG
root@arm:~# MARKER='OZOS''OQPYAE' run 'grep -r -l rohm,bd9576 /proc/device-tree || sed '"'"'s![^/]*$!!'"'"''
OZOSOQPYAE/proc/device-tree/ocp/interconnect@48000000/segment@100000/target-module@9c000/i2c@0/pmic@30/
OZOSOQPYAE 0
root@arm:~# echo 'YPJQ''EBFGST'
YPJQEBFGST
root@arm:~# MARKER='ZXQX''JYVQHU' run 'xxd -p /proc/device-tree/ocp/interconnect\\@48000000/segment\@100000/target-module\@9c000/i2c\@0/pmic\@30/regulators/regulaator-vouts1/regulator-oc-warn-microamp'
ZXQXJYVQHU00055730
ZXQXJYVQHU 0
root@arm:~# echo 'ECVX''MLYLYB'
ECVXMLYLYB
root@arm:~# MARKER='TXMG''HVEJVW' run 'i2cget -y -f 2 0x30 0x5f'
TXMGHVEJVW0x07
TXMGHVEJVW 0
root@arm:~# echo 'NOVQ''MKALVP'
NOVQMKALVP
root@arm:~# MARKER='TOXE''WGBSAH' run 'grep -r -l rohm,bd9576 /proc/device-tree || sed '"'"'s![^/]*$!!'"'"''
TOXEWGBSAH/proc/device-tree/ocp/interconnect@48000000/segment@100000/target-module@9c000/i2c@0/pmic@30/
TOXEWGBSAH 0
root@arm:~# echo 'CJHX''WNQPOU'
CJHXWNQPOU
root@arm:~# MARKER='CSUQ''GEEFEM' run 'xxd -p /proc/device-tree/ocp/interconnect\\@48000000/segment\@100000/target-module\@9c000/i2c\@0/pmic\@30/regulators/regulaator-vouts1/regulator-oc-protection-microamp'
CSUQGEEFEM00149970
CSUQGEEFEM 0
root@arm:~# echo 'NXVQ''UKSOGN'
NXVQUKSOGN
root@arm:~# MARKER='KVFV''JLLGBW' run 'i2cget -y -f 2 0x30 0x60'
KVFVJLLGBW0x1b
KVFVJLLGBW 0
root@arm:~# Labgrid Console Logfile for main
Logfile started at 2024-11-17 17:49:24.576791
=== Log starts here ===
reading args
spl_load_image_fat_os: error reading image args, err - -1
reading u-boot.img
reading u-boot.img


U-Boot 2014.04-00014-g47880f5 (Apr 22 2014 - 13:23:54)

I2C:   ready
DRAM:  512 MiB
NAND:  0 MiB
MMC:   OMAP SD/MMC: 0, OMAP SD/MMC: 1
*** Warning - readenv() failed, using default environment

Net:   <ethaddr> not set. Validating first E-fuse MAC
cpsw, usb_ether
Hit any key to stop autoboot:  1  0 
gpio: pin 53 (gpio 53) value is 1
mmc0 is current device
gpio: pin 54 (gpio 54) value is 1
SD/MMC found on device 0
reading uEnv.txt
569 bytes read in 4 ms (138.7 KiB/s)
gpio: pin 55 (gpio 55) value is 1
Loaded environment from uEnv.txt
Importing environment from mmc ...
Checking if uenvcmd is set ...
gpio: pin 56 (gpio 56) value is 1
Running uenvcmd ...
cpsw Waiting for PHY auto negotiation to complete. done
link up on port 0, speed 100, full duplex
Using cpsw device
TFTP from server 192.168.255.126; our IP address is 192.168.255.1
Filename 'zImage'.
Load address: 0x81000000
Loading: *#################################################################
	 #################################################################
	 #################################################################
	 #################################################################
	 #################################################################
	 ###############################################
	 2.4 MiB/s
done
Bytes transferred = 5451760 (532ff0 hex)
link up on port 0, speed 100, full duplex
Using cpsw device
TFTP from server 192.168.255.126; our IP address is 192.168.255.1
Filename 'am335x-boneblack.dtb'.
Load address: 0x82000000
Loading: *#######
	 2.2 MiB/s
done
Bytes transferred = 97996 (17ecc hex)
Kernel image @ 0x81000000 [ 0x000000 - 0x532ff0 ]
## Flattened Device Tree blob at 82000000
   Booting using the fdt blob at 0x82000000
   Using Device Tree in place at 82000000, end 8201aecb

Starting kernel ...

[    0.000000] Booting Linux on physical CPU 0x0
[    0.000000] Linux version 6.11.9 (user01@drvtest01) (arm-linux-gnueabihf-gcc (Linaro GCC 6.4-2017.11) 6.4.1 20171012, GNU ld (Linaro_Binutils-2017.11) 2.27.0.20161229) #8 SMP Sun Nov 17 17:44:28 EET 2024
[    0.000000] CPU: ARMv7 Processor [413fc082] revision 2 (ARMv7), cr=10c5387d
[    0.000000] CPU: PIPT / VIPT nonaliasing data cache, VIPT aliasing instruction cache
[    0.000000] OF: fdt: Machine model: TI AM335x BeagleBone Black
[    0.000000] Memory policy: Data cache writeback
[    0.000000] cma: Reserved 16 MiB at 0x9e800000 on node -1
[    0.000000] Zone ranges:
[    0.000000]   Normal   [mem 0x0000000080000000-0x000000009fdfffff]
[    0.000000]   HighMem  empty
[    0.000000] Movable zone start for each node
[    0.000000] Early memory node ranges
[    0.000000]   node   0: [mem 0x0000000080000000-0x000000009fdfffff]
[    0.000000] Initmem setup node 0 [mem 0x0000000080000000-0x000000009fdfffff]
[    0.000000] CPU: All CPU(s) started in SVC mode.
[    0.000000] AM335X ES2.1 (sgx neon)
[    0.000000] percpu: Embedded 17 pages/cpu s39628 r8192 d21812 u69632
[    0.000000] Kernel command line: console=ttyO0,115200n8 root=/dev/nfs rw nfsroot=192.168.255.126:/home/user01/nfs,nfsvers=3 ip=192.168.255.1:192.168.255.126::255.255.255.0:bbb1:eth0 nfsrootdebug
[    0.000000] Unknown kernel command line parameters "nfsrootdebug", will be passed to user space.
[    0.000000] Dentry cache hash table entries: 65536 (order: 6, 262144 bytes, linear)
[    0.000000] Inode-cache hash table entries: 32768 (order: 5, 131072 bytes, linear)
[    0.000000] Built 1 zonelists, mobility grouping on.  Total pages: 130560
[    0.000000] mem auto-init: stack:off, heap alloc:off, heap free:off
[    0.000000] SLUB: HWalign=64, Order=0-3, MinObjects=0, CPUs=1, Nodes=1
[    0.000000] trace event string verifier disabled
[    0.000000] rcu: Hierarchical RCU implementation.
[    0.000000] rcu: 	RCU event tracing is enabled.
[    0.000000] rcu: 	RCU restricting CPUs from NR_CPUS=2 to nr_cpu_ids=1.
[    0.000000] rcu: RCU calculated value of scheduler-enlistment delay is 10 jiffies.
[    0.000000] rcu: Adjusting geometry for rcu_fanout_leaf=16, nr_cpu_ids=1
[    0.000000] NR_IRQS: 16, nr_irqs: 16, preallocated irqs: 16
[    0.000000] IRQ: Found an INTC at 0x(ptrval) (revision 5.0) with 128 interrupts
[    0.000000] rcu: srcu_init: Setting srcu_struct sizes based on contention.
[    0.000000] TI gptimer clocksource: always-on /ocp/interconnect@44c00000/segment@200000/target-module@31000
[    0.000002] sched_clock: 32 bits at 24MHz, resolution 41ns, wraps every 89478484971ns
[    0.000027] clocksource: dmtimer: mask: 0xffffffff max_cycles: 0xffffffff, max_idle_ns: 79635851949 ns
[    0.000504] TI gptimer clockevent: 24000000 Hz at /ocp/interconnect@48000000/segment@0/target-module@40000
[    0.002126] Console: colour dummy device 80x30
[    0.002195] WARNING: Your 'console=ttyO0' has been replaced by 'ttyS0'
[    0.002205] This ensures that you still see kernel messages. Please
[    0.002211] update your kernel commandline.
[    0.002254] Calibrating delay loop... 996.14 BogoMIPS (lpj=4980736)
[    0.090562] CPU: Testing write buffer coherency: ok
[    0.090665] CPU0: Spectre v2: using BPIALL workaround
[    0.090678] pid_max: default: 32768 minimum: 301
[    0.090808] LSM: initializing lsm=capability
[    0.090980] Mount-cache hash table entries: 1024 (order: 0, 4096 bytes, linear)
[    0.091003] Mountpoint-cache hash table entries: 1024 (order: 0, 4096 bytes, linear)
[    0.092527] CPU0: thread -1, cpu 0, socket -1, mpidr 0
[    0.094231] Setting up static identity map for 0x80100000 - 0x80100078
[    0.094547] rcu: Hierarchical SRCU implementation.
[    0.094559] rcu: 	Max phase no-delay instances is 1000.
[    0.096241] smp: Bringing up secondary CPUs ...
[    0.096301] smp: Brought up 1 node, 1 CPU
[    0.096316] SMP: Total of 1 processors activated (996.14 BogoMIPS).
[    0.096329] CPU: All CPU(s) started in SVC mode.
[    0.096523] Memory: 480876K/522240K available (11264K kernel code, 1197K rwdata, 2856K rodata, 1024K init, 297K bss, 23344K reserved, 16384K cma-reserved, 0K highmem)
[    0.097321] devtmpfs: initialized
[    0.113761] VFP support v0.3: implementor 41 architecture 3 part 30 variant c rev 3
[    0.114125] clocksource: jiffies: mask: 0xffffffff max_cycles: 0xffffffff, max_idle_ns: 19112604462750000 ns
[    0.114162] futex hash table entries: 256 (order: 2, 16384 bytes, linear)
[    0.115489] pinctrl core: initialized pinctrl subsystem
[    0.118233] NET: Registered PF_NETLINK/PF_ROUTE protocol family
[    0.121234] DMA: preallocated 256 KiB pool for atomic coherent allocations
[    0.122198] audit: initializing netlink subsys (disabled)
[    0.123570] thermal_sys: Registered thermal governor 'fair_share'
[    0.123592] thermal_sys: Registered thermal governor 'step_wise'
[    0.123604] thermal_sys: Registered thermal governor 'user_space'
[    0.123721] audit: type=2000 audit(0.120:1): state=initialized audit_enabled=0 res=1
[    0.123799] cpuidle: using governor menu
[    0.142661] No ATAGs?
[    0.142692] hw-breakpoint: debug architecture 0x4 unsupported.
[    0.145593] kprobes: kprobe jump-optimization is enabled. All kprobes are optimized if possible.
[    0.163852] iommu: Default domain type: Translated
[    0.163879] iommu: DMA domain TLB invalidation policy: strict mode
[    0.171416] SCSI subsystem initialized
[    0.181182] pps_core: LinuxPPS API ver. 1 registered
[    0.181196] pps_core: Software ver. 5.3.6 - Copyright 2005-2007 Rodolfo Giometti <giometti@linux.it>
[    0.181222] PTP clock support registered
[    0.183170] vgaarb: loaded
[    0.183571] clocksource: Switched to clocksource dmtimer
[    0.184167] VFS: Disk quotas dquot_6.6.0
[    0.184215] VFS: Dquot-cache hash table entries: 1024 (order 0, 4096 bytes)
[    0.209707] NET: Registered PF_INET protocol family
[    0.210068] IP idents hash table entries: 8192 (order: 4, 65536 bytes, linear)
[    0.211473] tcp_listen_portaddr_hash hash table entries: 512 (order: 0, 4096 bytes, linear)
[    0.211515] Table-perturb hash table entries: 65536 (order: 6, 262144 bytes, linear)
[    0.211533] TCP established hash table entries: 4096 (order: 2, 16384 bytes, linear)
[    0.211578] TCP bind hash table entries: 4096 (order: 4, 65536 bytes, linear)
[    0.211679] TCP: Hash tables configured (established 4096 bind 4096)
[    0.211801] UDP hash table entries: 256 (order: 1, 8192 bytes, linear)
[    0.211832] UDP-Lite hash table entries: 256 (order: 1, 8192 bytes, linear)
[    0.212005] NET: Registered PF_UNIX/PF_LOCAL protocol family
[    0.224554] RPC: Registered named UNIX socket transport module.
[    0.224582] RPC: Registered udp transport module.
[    0.224589] RPC: Registered tcp transport module.
[    0.224595] RPC: Registered tcp-with-tls transport module.
[    0.224602] RPC: Registered tcp NFSv4.1 backchannel transport module.
[    0.224628] PCI: CLS 0 bytes, default 64
[    0.226082] Initialise system trusted keyrings
[    0.226782] workingset: timestamp_bits=14 max_order=17 bucket_order=3
[    0.228424] NFS: Registering the id_resolver key type
[    0.228505] Key type id_resolver registered
[    0.228514] Key type id_legacy registered
[    0.228566] jffs2: version 2.2. (NAND) (SUMMARY)  Â© 2001-2006 Red Hat, Inc.
[    0.228976] Key type asymmetric registered
[    0.228995] Asymmetric key parser 'x509' registered
[    0.229063] io scheduler mq-deadline registered
[    0.229077] io scheduler kyber registered
[    0.229148] io scheduler bfq registered
[    0.244093] Serial: 8250/16550 driver, 6 ports, IRQ sharing enabled
[    0.306363] brd: module loaded
[    0.331926] loop: module loaded
[    0.332862] mtdoops: mtd device (mtddev=name/number) must be supplied
[    0.336168] i2c_dev: i2c /dev entries driver
[    0.337139] cpuidle: enable-method property 'ti,am3352' found operations
[    0.337579] sdhci: Secure Digital Host Controller Interface driver
[    0.337592] sdhci: Copyright(c) Pierre Ossman
[    0.337764] sdhci-pltfm: SDHCI platform and OF driver helper
[    0.338077] ledtrig-cpu: registered to indicate activity on CPUs
[    0.339017] Initializing XFRM netlink socket
[    0.339143] NET: Registered PF_INET6 protocol family
[    0.340960] Segment Routing with IPv6
[    0.341059] In-situ OAM (IOAM) with IPv6
[    0.341161] sit: IPv6, IPv4 and MPLS over IPv4 tunneling driver
[    0.342103] NET: Registered PF_PACKET protocol family
[    0.342145] NET: Registered PF_KEY protocol family
[    0.342267] Key type dns_resolver registered
[    0.342539] ThumbEE CPU extension supported.
[    0.342564] Registering SWP/SWPB emulation handler
[    0.343088] omap_voltage_late_init: Voltage driver support not added
[    0.343428] SmartReflex Class3 initialized
[    0.386878] Loading compiled-in X.509 certificates
[    0.442518] platform 44e10800.pinmux: Fixed dependency cycle(s) with /ocp/interconnect@44c00000/segment@200000/target-module@10000/scm@0/pinmux@800/clkout2-pins
[    0.443075] pinctrl-single 44e10800.pinmux: 142 pins, size 568
[    0.448430] ti-sysc 44e31000.target-module: probe with driver ti-sysc failed with error -16
[    0.500367] ti-sysc 48040000.target-module: probe with driver ti-sysc failed with error -16
[    0.537658] OMAP GPIO hardware version 0.1
[    0.568071] omap_i2c 4819c000.i2c: bus 2 rev0.11 at 100 kHz
[    0.594999] 48000000.interconnect:segment@200000:target-module@0:mpu@0:fck: device ID is greater than 24
[    0.599169] platform 4830e000.lcdc: Fixed dependency cycle(s) with /ocp/interconnect@44c00000/segment@200000/target-module@b000/i2c@0/tda19988@70
[    0.609948] sdhci-omap 481d8000.mmc: supply pbias not found, using dummy regulator
[    0.610417] sdhci-omap 481d8000.mmc: supply vqmmc not found, using dummy regulator
[    0.687376] davinci_mdio 4a101000.mdio: davinci mdio revision 1.6, bus freq 1000000
[    0.792685] davinci_mdio 4a101000.mdio: phy[0]: device 4a101000.mdio:00, driver SMSC LAN8710/LAN8720
[    0.793328] cpsw-switch 4a100000.switch: initialized cpsw ale version 1.4
[    0.793353] cpsw-switch 4a100000.switch: ALE Table size 1024
[    0.793793] cpsw-switch 4a100000.switch: cpts: overflow check period 500 (jiffies)
[    0.793821] cpsw-switch 4a100000.switch: CPTS: ref_clk_freq:250000000 calc_mult:2147483648 calc_shift:29 error:0 nsec/sec
[    0.793940] cpsw-switch 4a100000.switch: Detected MACID = 6c:ec:eb:68:de:78
[    0.795762] cpsw-switch 4a100000.switch: initialized (regs 0x4a100000, pool size 256) hw_ver:0019010C 1.12 (0)
[    0.806747] debugfs: Directory '49000000.dma' with parent 'dmaengine' already present!
[    0.806795] edma 49000000.dma: TI EDMA DMA engine driver
[    0.857043] target-module@4b000000:target-module@140000:pmu@0:fck: device ID is greater than 24
[    0.872660] hw perfevents: enabled with armv7_cortex_a8 PMU driver, 5 counters available
[    0.880573] l3-aon-clkctrl:0000:0: failed to disable
[    0.903996] 44e09000.serial: ttyS0 at MMIO 0x44e09000 (irq = 34, base_baud = 3000000) is a 8250
[    0.904082] printk: legacy console [ttyS0] enabled
[    2.125539] tps65217-pmic: Failed to locate of_node [id: -1]
[    2.131612] tps65217-bl: Failed to locate of_node [id: -1]
[    2.160886] tps65217 0-0024: TPS65217 ID 0xe version 1.2
[    2.167085] platform 4830e000.lcdc: Fixed dependency cycle(s) with /ocp/interconnect@44c00000/segment@200000/target-module@b000/i2c@0/tda19988@70
[    2.180497] i2c 0-0070: Fixed dependency cycle(s) with /ocp/interconnect@48000000/segment@300000/target-module@e000/lcdc@0
[    2.191912] omap_i2c 44e0b000.i2c: bus 0 rev0.11 at 400 kHz
[    2.200120] omap_gpio 44e07000.gpio: Could not set line 6 debounce to 200000 microseconds (-22)
[    2.209029] sdhci-omap 48060000.mmc: Got CD GPIO
[    2.214085] sdhci-omap 48060000.mmc: supply pbias not found, using dummy regulator
[    2.224994] sdhci-omap 48060000.mmc: supply vqmmc not found, using dummy regulator
[    2.233474] sdhci-omap 481d8000.mmc: supply pbias not found, using dummy regulator
[    2.242822] sdhci-omap 481d8000.mmc: supply vqmmc not found, using dummy regulator
[    2.280445] mmc1: SDHCI controller on 481d8000.mmc [481d8000.mmc] using External DMA
[    2.289622] mmc0: SDHCI controller on 48060000.mmc [48060000.mmc] using External DMA
[    2.298429] cpsw-switch 4a100000.switch: starting ndev. mode: dual_mac
[    2.342758] mmc0: new high speed SDHC card at address 5048
[    2.349777] mmcblk0: mmc0:5048 SD16G 14.4 GiB
[    2.357835]  mmcblk0: p1 p2
[    2.361205] mmcblk0: p2 size 31221760 extends beyond EOD, truncated
[    2.375629] mmc1: new high speed MMC card at address 0001
[    2.382350] mmcblk1: mmc1:0001 MMC04G 3.60 GiB
[    2.389968]  mmcblk1: p1 p2
[    2.393711] SMSC LAN8710/LAN8720 4a101000.mdio:00: attached PHY driver (mii_bus:phy_addr=4a101000.mdio:00, irq=POLL)
[    2.405141] mmcblk1boot0: mmc1:0001 MMC04G 2.00 MiB
[    2.417991] mmcblk1boot1: mmc1:0001 MMC04G 2.00 MiB
[    2.425413] mmcblk1rpmb: mmc1:0001 MMC04G 128 KiB, chardev (250:0)
[    5.524317] cpsw-switch 4a100000.switch eth0: Link is Up - 100Mbps/Full - flow control off
[    5.563580] IP-Config: Complete:
[    5.566848]      device=eth0, hwaddr=6c:ec:eb:68:de:78, ipaddr=192.168.255.1, mask=255.255.255.0, gw=255.255.255.255
[    5.577469]      host=bbb1, domain=, nis-domain=(none)
[    5.582636]      bootserver=192.168.255.126, rootserver=192.168.255.126, rootpath=
[    5.583061] clk: Disabling unused clocks
[    5.594930] PM: genpd: Disabling unused power domains
[    5.600045] KTAP version 1
[    5.602766] 1..0
[    5.627810] VFS: Mounted root (nfs filesystem) on device 0:17.
[    5.634843] devtmpfs: mounted
[    5.639499] Freeing unused kernel image (initmem) memory: 1024K
[    5.646405] Run /sbin/init as init process
[    6.341198] systemd[1]: System time before build time, advancing clock.
[    7.803587] random: crng init done
[    7.875584] systemd[1]: systemd 232 running in system mode. (+PAM +AUDIT +SELINUX +IMA +APPARMOR +SMACK +SYSVINIT +UTMP +LIBCRYPTSETUP +GCRYPT +GNUTLS +ACL +XZ +LZ4 +SECCOMP +BLKID +ELFUTILS +KMOD +IDN)
[    7.894573] systemd[1]: Detected architecture arm.

Welcome to [1mDebian GNU/Linux 9 (stretch)[0m!

[    7.936546] systemd[1]: Set hostname to <arm>.
[    9.022401] systemd[1]: Listening on Journal Socket.
[[0;32m  OK  [0m] Listening on Journal Socket.
[    9.055155] systemd[1]: Created slice User and Session Slice.
[[0;32m  OK  [0m] Created slice User and Session Slice.
[    9.095525] systemd[1]: Listening on /dev/initctl Compatibility Named Pipe.
[[0;32m  OK  [0m] Listening on /dev/initctl Compatibility Named Pipe.
[    9.134426] systemd[1]: Started Forward Password Requests to Wall Directory Watch.
[[0;32m  OK  [0m] Started Forward Password Requests to Wall Directory Watch.
[    9.173870] systemd[1]: Reached target Swap.
[[0;32m  OK  [0m] Reached target Swap.
[    9.205181] systemd[1]: Set up automount Arbitrary Executable File Formats File System Automount Point.
[[0;32m  OK  [0m] Set up automount Arbitrary Executabâ€¦rmats File System Automount Point.
[    9.244861] systemd[1]: Created slice System Slice.
[[0;32m  OK  [0m] Created slice System Slice.
         Starting Remount Root and Kernel File Systems...
         Mounting POSIX Message Queue File System...
[[0;32m  OK  [0m] Listening on Syslog Socket.
[[0;32m  OK  [0m] Reached target Slices.
[[0;32m  OK  [0m] Listening on Journal Audit Socket.
[[0;32m  OK  [0m] Reached target Remote File Systems.
[[0;32m  OK  [0m] Created slice system-serial\x2dgetty.slice.
[[0;32m  OK  [0m] Created slice system-getty.slice.
[[0;32m  OK  [0m] Listening on udev Control Socket.
[[0;32m  OK  [0m] Listening on udev Kernel Socket.
         Mounting Debug File System...
         Starting Load Kernel Modules...
[[0;32m  OK  [0m] Listening on Journal Socket (/dev/log).
         Starting Journal Service...
[[0;32m  OK  [0m] Started Dispatch Password Requests to Console Directory Watch.
[[0;32m  OK  [0m] Reached target Paths.
[[0;32m  OK  [0m] Reached target Encrypted Volumes.
         Starting Create list of required stâ€¦ce nodes for the current kernel...
[[0;32m  OK  [0m] Mounted POSIX Message Queue File System.
[[0;32m  OK  [0m] Mounted Debug File System.
[[0;32m  OK  [0m] Started Remount Root and Kernel File Systems.
[[0;32m  OK  [0m] Started Load Kernel Modules.
[[0;32m  OK  [0m] Started Create list of required staâ€¦vice nodes for the current kernel.
         Starting Create Static Device Nodes in /dev...
         Mounting Configuration File System...
         Starting Apply Kernel Variables...
         Starting udev Coldplug all Devices...
         Starting Load/Save Random Seed...
[[0;32m  OK  [0m] Mounted Configuration File System.
[[0;32m  OK  [0m] Started Apply Kernel Variables.
[[0;32m  OK  [0m] Started Load/Save Random Seed.
[[0;32m  OK  [0m] Started Create Static Device Nodes in /dev.
         Starting udev Kernel Device Manager...
[[0;32m  OK  [0m] Reached target Local File Systems (Pre).
[[0;32m  OK  [0m] Reached target Local File Systems.
         Starting Raise network interfaces...
[[0;32m  OK  [0m] Started Journal Service.
         Starting Flush Journal to Persistent Storage...
[   11.447761] systemd-journald[89]: Received request to flush runtime journal from PID 1
[[0;32m  OK  [0m] Started Flush Journal to Persistent Storage.
         Starting Create Volatile Files and Directories...
[[0;32m  OK  [0m] Started udev Kernel Device Manager.
[[0;32m  OK  [0m] Started Create Volatile Files and Directories.
         Starting Network Time Synchronization...
         Starting Update UTMP about System Boot/Shutdown...
[[0;32m  OK  [0m] Started Update UTMP about System Boot/Shutdown.
[[0;32m  OK  [0m] Started udev Coldplug all Devices.
[   14.420694] remoteproc remoteproc0: wkup_m3 is available
[[0;32m  OK  [0m] Started Network Time Synchronization.
[[0;32m  OK  [0m] Reached target System Initialization.
[[0;32m  OK  [0m] Started Daily Cleanup of Temporary Directories.
[[0;32m  OK  [0m] Listening on Avahi mDNS/DNS-SD Stack Activation Socket.
[[0;32m  OK  [0m] Listening on D-Bus System Message Bus Socket.
[[0;32m  OK  [0m] Reached target Sockets.
[[0;32m  OK  [0m] Reached target Basic System.
         Starting LSB: Load kernel modules needed to enable cpufreq scaling...
[   14.922455] wkup_m3_ipc 44e11324.wkup_m3_ipc: IPC Request for A8->M3 Channel failed! -517
[   14.982597] at24 2-0054: supply vcc not found, using dummy regulator
[   15.028928] omap_rtc 44e3e000.rtc: registered as rtc0
[   15.034241] omap_rtc 44e3e000.rtc: setting system clock to 2000-01-01T00:00:00 UTC (946684800)
[   15.045922] wkup_m3_ipc 44e11324.wkup_m3_ipc: IPC Request for A8->M3 Channel failed! -517
[[0;32m  OK  [0m] Started Regular background program processing daemon.
[   15.154326] omap_wdt: OMAP Watchdog Timer Rev 0x01: initial timeout 60 sec
         Starting Cape Manager Service...[   15.188618] at24 2-0055: supply vcc not found, using dummy regulator

[   15.207391] wkup_m3_ipc 44e11324.wkup_m3_ipc: IPC Request for A8->M3 Channel failed! -517
[   15.337860] at24 2-0056: supply vcc not found, using dummy regulator
         Starting Generic Board Startup...
[   15.459989] at24 2-0057: supply vcc not found, using dummy regulator
         Starting System Logging Service...
[   15.617821] at24 0-0050: 32768 byte 24c256 EEPROM, writable, 1 bytes/write
[   15.626749] wkup_m3_ipc 44e11324.wkup_m3_ipc: IPC Request for A8->M3 Channel failed! -517
         Starting LSB: Start busybox udhcpd at boot time...
[[0;32m  OK  [0m] Started D-Bus System Message Bus.
[   15.854209] tps6521x_pwrbutton tps65217-pwrbutton: DMA mask not set
[   16.000985] input: tps65217_pwrbutton as /devices/platform/ocp/44c00000.interconnect/44c00000.interconnect:segment@200000/44e0b000.target-module/44e0b000.i2c/i2c-0/0-0024/tps65217-pwrbutton/input/input0
[   16.025108] wkup_m3_ipc 44e11324.wkup_m3_ipc: IPC Request for A8->M3 Channel failed! -517
[   16.233097] am335x-phy-driver 47401300.usb-phy: dummy supplies not allowed for exclusive requests (id=vbus)
[   16.432713] usbcore: registered new interface driver usbfs
[   16.438593] usbcore: registered new interface driver hub
[   16.444143] usbcore: registered new device driver usb
[   16.528205] am335x-phy-driver 47401b00.usb-phy: dummy supplies not allowed for exclusive requests (id=vbus)
[   16.539336] wkup_m3_ipc 44e11324.wkup_m3_ipc: IPC Request for A8->M3 Channel failed! -517
[   16.885131] wkup_m3_ipc 44e11324.wkup_m3_ipc: IPC Request for A8->M3 Channel failed! -517
[   17.165444] wkup_m3_ipc 44e11324.wkup_m3_ipc: IPC Request for A8->M3 Channel failed! -517
[   17.295876] musb-hdrc musb-hdrc.1: MUSB HDRC host driver
[   17.301291] musb-hdrc musb-hdrc.1: new USB bus registered, assigned bus number 1
[   17.313325] wkup_m3_ipc 44e11324.wkup_m3_ipc: IPC Request for A8->M3 Channel failed! -517
[   17.340350] tda998x 0-0070: found TDA19988
[   17.473977] wkup_m3_ipc 44e11324.wkup_m3_ipc: IPC Request for A8->M3 Channel failed! -517
[   17.502037] usb usb1: New USB device found, idVendor=1d6b, idProduct=0002, bcdDevice= 6.11
[   17.510511] usb usb1: New USB device strings: Mfr=3, Product=2, SerialNumber=1
[   17.517810] usb usb1: Product: MUSB HDRC host driver
[   17.522805] usb usb1: Manufacturer: Linux 6.11.9 musb-hcd
[   17.528283] usb usb1: SerialNumber: musb-hdrc.1
[   17.701990] hub 1-0:1.0: USB hub found
[   17.744090] hub 1-0:1.0: 1 port detected
[   17.794743] wkup_m3_ipc 44e11324.wkup_m3_ipc: IPC Request for A8->M3 Channel failed! -517
[   17.941413] omap-mailbox 480c8000.mailbox: omap mailbox rev 0x400
[   17.987620] remoteproc remoteproc0: powering up wkup_m3
[   18.224503] remoteproc remoteproc0: Direct firmware load for am335x-pm-firmware.elf failed with error -2
[   18.234967] remoteproc remoteproc0: request_firmware failed: -2
[   18.241134] wkup_m3_ipc 44e11324.wkup_m3_ipc: rproc_boot failed
[   19.727287] tilcdc 4830e000.lcdc: bound 0-0070 (ops tda998x_driver_exit [tda998x])
[   19.852447] omap_rng 48310000.rng: Random Number Generator ver. 20
[   19.860531] [drm] Initialized tilcdc 1.0.0 for 4830e000.lcdc on minor 0
[   19.954589] tilcdc 4830e000.lcdc: [drm] Cannot find any crtc or sizes
[   19.972773] tilcdc 4830e000.lcdc: [drm] Cannot find any crtc or sizes
         Starting Connection service...
         Starting DUN service...
         Starting Telephony service...
         Starting Login Service...
         Starting Avahi mDNS/DNS-SD Stack...
[[0;32m  OK  [0m] Reached target System Time Synchronized.
[[0;32m  OK  [0m] Started Daily apt download activities.
[[0;32m  OK  [0m] Started Daily apt upgrade and clean activities.
