Labgrid Console Logfile for main
Logfile started at 2025-04-17 11:19:48.105836
=== Log starts here ===

U-Boot SPL 2014.04-00014-g47880f5 (Apr 22 2014 - 13:23:54)
reading args
spl_load_image_fat_os: error reading image args, err - -1
reading u-boot.img
reading u-boot.img


U-Boot 2014.04-00014-g47880f5 (Apr 22 2014 - 13:23:54)

I2C:   ready
DRAM:  512 MiB
NAND:  0 MiB
MMC:   OMAP SD/MMC: 0, OMAP SD/MMC: 1
*** Warning - readenv() failed, using default environment

Net:   <ethaddr> not set. Validating first E-fuse MAC
cpsw, usb_ether
Hit any key to stop autoboot:  1  0 
gpio: pin 53 (gpio 53) value is 1
mmc0 is current device
gpio: pin 54 (gpio 54) value is 1
SD/MMC found on device 0
reading uEnv.txt
569 bytes read in 4 ms (138.7 KiB/s)
gpio: pin 55 (gpio 55) value is 1
Loaded environment from uEnv.txt
Importing environment from mmc ...
Checking if uenvcmd is set ...
gpio: pin 56 (gpio 56) value is 1
Running uenvcmd ...
cpsw Waiting for PHY auto negotiation to complete. done
link up on port 0, speed 100, full duplex
Using cpsw device
TFTP from server 192.168.255.126; our IP address is 192.168.255.1
Filename 'zImage'.
Load address: 0x81000000
Loading: *#################################################################
	 #################################################################
	 #################################################################
	 #################################################################
	 #################################################################
	 ############################################################
	 2.4 MiB/s
done
Bytes transferred = 5644696 (562198 hex)
link up on port 0, speed 100, full duplex
Using cpsw device
TFTP from server 192.168.255.126; our IP address is 192.168.255.1
Filename 'am335x-boneblack.dtb'.
Load address: 0x82000000
Loading: *#######
	 2.3 MiB/s
done
Bytes transferred = 98244 (17fc4 hex)
Kernel image @ 0x81000000 [ 0x000000 - 0x562198 ]
## Flattened Device Tree blob at 82000000
   Booting using the fdt blob at 0x82000000
   Using Device Tree in place at 82000000, end 8201afc3

Starting kernel ...

[    0.000000] Booting Linux on physical CPU 0x0
[    0.000000] Linux version 6.15.0-rc2-next-20250417 (user01@drvtest01) (arm-none-eabi-gcc (Arm GNU Toolchain 14.2.Rel1 (Build arm-14.52)) 14.2.1 20241119, GNU ld (Arm GNU Toolchain 14.2.Rel1 (Build arm-14.52)) 2.43.1.20241119) #1 SMP Thu Apr 17 11:17:41 EEST 2025
[    0.000000] CPU: ARMv7 Processor [413fc082] revision 2 (ARMv7), cr=10c5387d
[    0.000000] CPU: PIPT / VIPT nonaliasing data cache, VIPT aliasing instruction cache
[    0.000000] OF: fdt: Machine model: TI AM335x BeagleBone Black
[    0.000000] Memory policy: Data cache writeback
[    0.000000] cma: Reserved 16 MiB at 0x9e800000
[    0.000000] Zone ranges:
[    0.000000]   Normal   [mem 0x0000000080000000-0x000000009fdfffff]
[    0.000000]   HighMem  empty
[    0.000000] Movable zone start for each node
[    0.000000] Early memory node ranges
[    0.000000]   node   0: [mem 0x0000000080000000-0x000000009fdfffff]
[    0.000000] Initmem setup node 0 [mem 0x0000000080000000-0x000000009fdfffff]
[    0.000000] On node 0, zone Normal: 512 pages in unavailable ranges
[    0.000000] OF: reserved mem: Reserved memory: No reserved-memory node in the DT
[    0.000000] CPU: All CPU(s) started in SVC mode.
[    0.000000] AM335X ES2.1 (sgx neon)
[    0.000000] percpu: Embedded 17 pages/cpu s39692 r8192 d21748 u69632
[    0.000000] Kernel command line: console=ttyO0,115200n8 root=/dev/nfs rw nfsroot=192.168.255.126:/home/user01/nfs,nfsvers=3 ip=192.168.255.1:192.168.255.126::255.255.255.0:bbb1:eth0 nfsrootdebug
[    0.000000] Unknown kernel command line parameters "nfsrootdebug", will be passed to user space.
[    0.000000] printk: log buffer data + meta data: 65536 + 204800 = 270336 bytes
[    0.000000] Dentry cache hash table entries: 65536 (order: 6, 262144 bytes, linear)
[    0.000000] Inode-cache hash table entries: 32768 (order: 5, 131072 bytes, linear)
[    0.000000] Built 1 zonelists, mobility grouping on.  Total pages: 130560
[    0.000000] mem auto-init: stack:off, heap alloc:off, heap free:off
[    0.000000] SLUB: HWalign=16, Order=0-3, MinObjects=0, CPUs=1, Nodes=1
[    0.000000] rcu: Hierarchical RCU implementation.
[    0.000000] rcu: 	RCU event tracing is enabled.
[    0.000000] rcu: 	RCU restricting CPUs from NR_CPUS=2 to nr_cpu_ids=1.
[    0.000000] 	Tracing variant of Tasks RCU enabled.
[    0.000000] rcu: RCU calculated value of scheduler-enlistment delay is 10 jiffies.
[    0.000000] rcu: Adjusting geometry for rcu_fanout_leaf=16, nr_cpu_ids=1
[    0.000000] RCU Tasks Trace: Setting shift to 0 and lim to 1 rcu_task_cb_adjust=1 rcu_task_cpu_ids=1.
[    0.000000] NR_IRQS: 16, nr_irqs: 16, preallocated irqs: 16
[    0.000000] IRQ: Found an INTC at 0x(ptrval) (revision 5.0) with 128 interrupts
[    0.000000] rcu: srcu_init: Setting srcu_struct sizes based on contention.
[    0.000000] TI gptimer clocksource: always-on /ocp/interconnect@44c00000/segment@200000/target-module@31000
[    0.000003] sched_clock: 32 bits at 24MHz, resolution 41ns, wraps every 89478484971ns
[    0.000025] clocksource: dmtimer: mask: 0xffffffff max_cycles: 0xffffffff, max_idle_ns: 79635851949 ns
[    0.000510] TI gptimer clockevent: 24000000 Hz at /ocp/interconnect@48000000/segment@0/target-module@40000
[    0.002136] Console: colour dummy device 80x30
[    0.002205] WARNING: Your 'console=ttyO0' has been replaced by 'ttyS0'
[    0.002213] This ensures that you still see kernel messages. Please
[    0.002218] update your kernel commandline.
[    0.002260] Calibrating delay loop... 996.14 BogoMIPS (lpj=4980736)
[    0.090559] CPU: Testing write buffer coherency: ok
[    0.090671] CPU0: Spectre v2: using BPIALL workaround
[    0.090682] pid_max: default: 32768 minimum: 301
[    0.090845] LSM: initializing lsm=capability
[    0.091028] Mount-cache hash table entries: 1024 (order: 0, 4096 bytes, linear)
[    0.091049] Mountpoint-cache hash table entries: 1024 (order: 0, 4096 bytes, linear)
[    0.092631] CPU0: thread -1, cpu 0, socket -1, mpidr 0
[    0.092688] cacheinfo: Unable to detect cache hierarchy for CPU 0
[    0.160739] Setting up static identity map for 0x80100000 - 0x80100078
[    0.170702] rcu: Hierarchical SRCU implementation.
[    0.170715] rcu: 	Max phase no-delay instances is 1000.
[    0.190754] smp: Bringing up secondary CPUs ...
[    0.190810] smp: Brought up 1 node, 1 CPU
[    0.190824] SMP: Total of 1 processors activated (996.14 BogoMIPS).
[    0.190836] CPU: All CPU(s) started in SVC mode.
[    0.191030] Memory: 480824K/522240K available (11264K kernel code, 1217K rwdata, 2976K rodata, 1024K init, 287K bss, 23384K reserved, 16384K cma-reserved, 0K highmem)
[    0.191853] devtmpfs: initialized
[    0.208962] VFP support v0.3: implementor 41 architecture 3 part 30 variant c rev 3
[    0.209596] clocksource: jiffies: mask: 0xffffffff max_cycles: 0xffffffff, max_idle_ns: 19112604462750000 ns
[    0.209656] posixtimers hash table entries: 512 (order: 0, 4096 bytes, linear)
[    0.209674] futex hash table entries: 256 (order: 2, 16384 bytes, linear)
[    0.211007] pinctrl core: initialized pinctrl subsystem
[    0.213126] NET: Registered PF_NETLINK/PF_ROUTE protocol family
[    0.215936] DMA: preallocated 256 KiB pool for atomic coherent allocations
[    0.216894] audit: initializing netlink subsys (disabled)
[    0.218288] thermal_sys: Registered thermal governor 'fair_share'
[    0.218305] thermal_sys: Registered thermal governor 'step_wise'
[    0.218313] thermal_sys: Registered thermal governor 'user_space'
[    0.218453] audit: type=2000 audit(0.210:1): state=initialized audit_enabled=0 res=1
[    0.218486] cpuidle: using governor menu
[    0.236530] /ocp/interconnect@44c00000/segment@200000/target-module@b000/i2c@0/tda19988@70: Fixed dependency cycle(s) with /ocp/interconnect@48000000/segment@300000/target-module@e000/lcdc@0
[    0.237660] /ocp/interconnect@48000000/segment@300000/target-module@e000/lcdc@0: Fixed dependency cycle(s) with /ocp/interconnect@44c00000/segment@200000/target-module@b000/i2c@0/tda19988@70
[    0.239830] No ATAGs?
[    0.239872] hw-breakpoint: debug architecture 0x4 unsupported.
[    0.242732] kprobes: kprobe jump-optimization is enabled. All kprobes are optimized if possible.
[    0.254339] iommu: Default domain type: Translated
[    0.254362] iommu: DMA domain TLB invalidation policy: strict mode
[    0.261872] SCSI subsystem initialized
[    0.262707] pps_core: LinuxPPS API ver. 1 registered
[    0.262718] pps_core: Software ver. 5.3.6 - Copyright 2005-2007 Rodolfo Giometti <giometti@linux.it>
[    0.262742] PTP clock support registered
[    0.270909] vgaarb: loaded
[    0.271276] clocksource: Switched to clocksource dmtimer
[    0.271930] VFS: Disk quotas dquot_6.6.0
[    0.271986] VFS: Dquot-cache hash table entries: 1024 (order 0, 4096 bytes)
[    0.296664] NET: Registered PF_INET protocol family
[    0.297005] IP idents hash table entries: 8192 (order: 4, 65536 bytes, linear)
[    0.298432] tcp_listen_portaddr_hash hash table entries: 512 (order: 0, 4096 bytes, linear)
[    0.298471] Table-perturb hash table entries: 65536 (order: 6, 262144 bytes, linear)
[    0.298490] TCP established hash table entries: 4096 (order: 2, 16384 bytes, linear)
[    0.298536] TCP bind hash table entries: 4096 (order: 4, 65536 bytes, linear)
[    0.298636] TCP: Hash tables configured (established 4096 bind 4096)
[    0.298762] UDP hash table entries: 256 (order: 1, 14336 bytes, linear)
[    0.298798] UDP-Lite hash table entries: 256 (order: 1, 14336 bytes, linear)
[    0.298979] NET: Registered PF_UNIX/PF_LOCAL protocol family
[    0.300248] RPC: Registered named UNIX socket transport module.
[    0.300267] RPC: Registered udp transport module.
[    0.300272] RPC: Registered tcp transport module.
[    0.300277] RPC: Registered tcp-with-tls transport module.
[    0.300282] RPC: Registered tcp NFSv4.1 backchannel transport module.
[    0.300306] PCI: CLS 0 bytes, default 64
[    0.301855] Initialise system trusted keyrings
[    0.311955] workingset: timestamp_bits=14 max_order=17 bucket_order=3
[    0.313338] NFS: Registering the id_resolver key type
[    0.313406] Key type id_resolver registered
[    0.313414] Key type id_legacy registered
[    0.313521] jffs2: version 2.2. (NAND) (SUMMARY)  Â© 2001-2006 Red Hat, Inc.
[    0.313947] Key type asymmetric registered
[    0.313964] Asymmetric key parser 'x509' registered
[    0.314026] io scheduler mq-deadline registered
[    0.314036] io scheduler kyber registered
[    0.314112] io scheduler bfq registered
[    0.315986] target-module@4b000000:target-module@140000:pmu@0:fck: device ID is greater than 24
[    0.322142] l3-aon-clkctrl:0000:0: failed to disable
[    0.331691] ledtrig-cpu: registered to indicate activity on CPUs
[    0.334573] Serial: 8250/16550 driver, 6 ports, IRQ sharing enabled
[    0.396235] brd: module loaded
[    0.404897] loop: module loaded
[    0.405828] mtdoops: mtd device (mtddev=name/number) must be supplied
[    0.408956] i2c_dev: i2c /dev entries driver
[    0.409953] cpuidle: enable-method property 'ti,am3352' found operations
[    0.410399] sdhci: Secure Digital Host Controller Interface driver
[    0.410409] sdhci: Copyright(c) Pierre Ossman
[    0.410581] sdhci-pltfm: SDHCI platform and OF driver helper
[    0.433449] hw perfevents: enabled with armv7_cortex_a8 PMU driver, 5 (8000000f) counters available
[    0.433973] Initializing XFRM netlink socket
[    0.434163] NET: Registered PF_INET6 protocol family
[    0.439813] l3-aon-clkctrl:0000:0: failed to disable
[    0.441193] Segment Routing with IPv6
[    0.441437] In-situ OAM (IOAM) with IPv6
[    0.441548] sit: IPv6, IPv4 and MPLS over IPv4 tunneling driver
[    0.442513] NET: Registered PF_PACKET protocol family
[    0.442541] NET: Registered PF_KEY protocol family
[    0.442678] Key type dns_resolver registered
[    0.442904] ThumbEE CPU extension supported.
[    0.442923] Registering SWP/SWPB emulation handler
[    0.443463] omap_voltage_late_init: Voltage driver support not added
[    0.444132] SmartReflex Class3 initialized
[    0.464015] Loading compiled-in X.509 certificates
[    0.502712] /ocp/interconnect@44c00000/segment@200000/target-module@b000/i2c@0/tda19988@70: Fixed dependency cycle(s) with /ocp/interconnect@48000000/segment@300000/target-module@e000/lcdc@0
[    0.509134] /ocp/interconnect@44c00000/segment@200000/target-module@b000/i2c@0/tda19988@70: Fixed dependency cycle(s) with /ocp/interconnect@48000000/segment@300000/target-module@e000/lcdc@0
[    0.550017] /ocp/interconnect@44c00000/segment@200000/target-module@b000/i2c@0/tda19988@70: Fixed dependency cycle(s) with /ocp/interconnect@48000000/segment@300000/target-module@e000/lcdc@0
[    0.550908] /ocp/interconnect@44c00000/segment@200000/target-module@b000/i2c@0/tda19988@70: Fixed dependency cycle(s) with /ocp/interconnect@48000000/segment@300000/target-module@e000/lcdc@0
[    0.554714] /ocp/interconnect@44c00000/segment@200000/target-module@10000/scm@0/pinmux@800: Fixed dependency cycle(s) with /ocp/interconnect@44c00000/segment@200000/target-module@10000/scm@0/pinmux@800/clkout2-pins
[    0.555319] pinctrl-single 44e10800.pinmux: 142 pins, size 568
[    0.560609] ti-sysc 44e31000.target-module: probe with driver ti-sysc failed with error -16
[    0.599217] /ocp/interconnect@48000000/segment@300000/target-module@e000/lcdc@0: Fixed dependency cycle(s) with /ocp/interconnect@44c00000/segment@200000/target-module@b000/i2c@0/tda19988@70
[    0.607547] ti-sysc 48040000.target-module: probe with driver ti-sysc failed with error -16
[    0.647639] OMAP GPIO hardware version 0.1
[    0.686271] omap_i2c 4819c000.i2c: bus 2 rev0.11 at 100 kHz
[    0.729977] 48000000.interconnect:segment@200000:target-module@0:mpu@0:fck: device ID is greater than 24
[    0.730888] /ocp/interconnect@48000000/segment@300000/target-module@e000/lcdc@0: Fixed dependency cycle(s) with /ocp/interconnect@44c00000/segment@200000/target-module@b000/i2c@0/tda19988@70
[    0.734053] /ocp/interconnect@48000000/segment@300000/target-module@e000/lcdc@0: Fixed dependency cycle(s) with /ocp/interconnect@44c00000/segment@200000/target-module@b000/i2c@0/tda19988@70
[    0.734772] /ocp/interconnect@44c00000/segment@200000/target-module@b000/i2c@0/tda19988@70: Fixed dependency cycle(s) with /ocp/interconnect@48000000/segment@300000/target-module@e000/lcdc@0
[    0.734942] /ocp/interconnect@48000000/segment@300000/target-module@e000/lcdc@0: Fixed dependency cycle(s) with /ocp/interconnect@44c00000/segment@200000/target-module@b000/i2c@0/tda19988@70
[    0.746173] sdhci-omap 481d8000.mmc: supply pbias not found, using dummy regulator
[    0.746671] sdhci-omap 481d8000.mmc: supply vqmmc not found, using dummy regulator
[    0.801421] davinci_mdio 4a101000.mdio: davinci mdio revision 1.6, bus freq 1000000
[    0.940947] davinci_mdio 4a101000.mdio: phy[0]: device 4a101000.mdio:00, driver SMSC LAN8710/LAN8720
[    0.941782] cpsw-switch 4a100000.switch: initialized cpsw ale version 1.4
[    0.941806] cpsw-switch 4a100000.switch: ALE Table size 1024, Policers 0
[    0.942033] cpsw-switch 4a100000.switch: cpts: overflow check period 500 (jiffies)
[    0.942052] cpsw-switch 4a100000.switch: CPTS: ref_clk_freq:250000000 calc_mult:2147483648 calc_shift:29 error:0 nsec/sec
[    0.942167] cpsw-switch 4a100000.switch: Detected MACID = 6c:ec:eb:68:de:78
[    0.944023] cpsw-switch 4a100000.switch: initialized (regs 0x4a100000, pool size 256) hw_ver:0019010C 1.12 (0)
[    0.955163] debugfs: Directory '49000000.dma' with parent 'dmaengine' already present!
[    0.955205] edma 49000000.dma: TI EDMA DMA engine driver
[    1.022851] 44e09000.serial: ttyS0 at MMIO 0x44e09000 (irq = 34, base_baud = 3000 000) is a 8250
[    1.022940] printk: legacy console [ttyS0]  enabled
[    2.472237] tps65217-pmic: Failed to locate of_node [id: -1]
[    2.478296] tps65217-bl: Failed to locate of_node [id: -1]
[    2.485752] platform tps65217-charger: DMA mask not se/interconnect@44c00000/segment@200000/target-module@b000/i2c@0/tda19988@70: Fixed dependency cycle(s) with /ocp/interconnect@48000000/segment@300000/target-module@e000/lcdc@0
[    2.541774] omap_i2c 44e0b000.i2c: bus 0 rev0.11 at 400 kHz
[    2.549736] omap_gpio 44e07000.gpio: Could not set line 6 debounce to 200000 microseconds (-22)
[    2.558599] sdhci-omap 48060000.mmc: Got CD GPIO
[    2.563630] sdhci-omap 48060000.mmc: supply pbias not found, using dummy regulator
[    2.573697] sdhci-omap 48060000.mmc: supply vqmmc not found, using dummy regulator
[    2.582828] sdhci-omap 481d8000.mmc: supply pbias not found, using dummy regulator
[    2.590812] sdhci-omap 481d8000.mmc: supply vqmmc not found, using dummy regulator
[    2.629345] mmc1: SDHCI controller on 481d8000.mmc [481d8000.mmc] using External DMA
[    2.638534] mmc0: SDHCI controller on 48060000.mmc [48060000.mmc] using External DMA
[    2.647351] cpsw-switch 4a100000.switch: starting ndev. mode: dual_mac
[    2.693564] mmc0: new high speed SDHC card at address 5048
[    2.700583] mmcblk0: mmc0:5048 SD16G 14.4 GiB
[    2.708695]  mmcblk0: p1 p2
[    2.712178] mmcblk0: p2 size 31221760 extends beyond EOD, truncated
[    2.722475] SMSC LAN8710/LAN8720 4a101000.mdio:00: attached PHY driver (mii_bus:phy_addr=4a101000.mdio:00, irq=POLL)
[    2.742698] mmc1: new high speed MMC card at address 0001
[    2.749483] mmcblk1: mmc1:0001 MMC04G 3.60 GiB
[    2.756959]  mmcblk1: p1 p2
[    2.761481] mmcblk1boot0: mmc1:0001 MMC04G 2.00 MiB
[    2.768464] mmcblk1boot1: mmc1:0001 MMC04G 2.00 MiB
[    2.775679] mmcblk1rpmb: mmc1:0001 MMC04G 128 KiB, chardev (250:0)
[    5.842042] cpsw-switch 4a100000.switch eth0: Link is Up - 100Mbps/Full - flow control off
[    5.871293] IP-Config: Complete:
[    5.874568]      device=eth0, hwaddr=6c:ec:eb:68:de:78, ipaddr=192.168.255.1, mask=255.255.255.0, gw=255.255.255.255
[    5.885211]      host=bbb1, domain=, nis-domain=(none)
[    5.890378]      bootserver=192.168.255.126, rootserver=192.168.255.126, rootpath=
[    5.890814] clk: Disabling unused clocks
[    5.902667] PM: genpd: Disabling unused power domains
[    5.907784] KTAP version 1
[    5.910505] 1..0
[    5.935578] VFS: Mounted root (nfs filesystem) on device 0:17.
[    5.942708] devtmpfs: mounted
[    5.947189] Freeing unused kernel image (initmem) memory: 1024K
[    5.954012] Run /sbin/init as init process
[    6.652198] systemd[1]: System time before build time, advancing clock.
[    8.101301] random: crng init done
[    8.142584] systemd[1]: systemd 232 running in system mode. (+PAM +AUDIT +SELINUX +IMA +APPARMOR +SMACK +SYSVINIT +UTMP +LIBCRYPTSETUP +GCRYPT +GNUTLS +ACL +XZ +LZ4 +SECCOMP +BLKID +ELFUTILS +KMOD +IDN)
[    8.161717] systemd[1]: Detected architecture arm.

Welcome to [1mDebian GNU/Linux 9 (stretch)[0m!

[    8.194448] systemd[1]: Set hostname to <arm>.
[    9.290672] systemd[1]: Created slice System Slice.
[[0;32m  OK  [0m] Created slice System Slice.
[    9.313290] systemd[1]: Listening on Syslog Socket.
[[0;32m  OK  [0m] Listening on Syslog Socket.
[    9.342213] systemd[1]: Started Dispatch Password Requests to Console Directory Watch.
[[0;32m  OK  [0m] Started Dispatch Password Requests to Console Directory Watch.
[    9.372845] systemd[1]: Created slice system-getty.slice.
[[0;32m  OK  [0m] Created slice system-getty.slice.
[    9.402282] systemd[1]: Listening on Journal Audit Socket.
[[0;32m  OK  [0m] Listening on Journal Audit Socket.
[    9.461895] systemd[1]: Mounting Debug File System...
         Mounting Debug File System...
[    9.474218] systemd[1]: Listening on /dev/initctl Compatibility Named Pipe.
[[0;32m  OK  [0m] Listening on /dev/initctl Compatibility Named Pipe.
[[0;32m  OK  [0m] Listening on udev Control Socket.
[[0;32m  OK  [0m] Set up automount Arbitrary Executabâ€¦rmats File System Automount Point.
[[0;32m  OK  [0m] Started Forward Password Requests to Wall Directory Watch.
[[0;32m  OK  [0m] Reached target Encrypted Volumes.
[[0;32m  OK  [0m] Reached target Paths.
         Mounting POSIX Message Queue File System...
[[0;32m  OK  [0m] Listening on Journal Socket.
         Starting Remount Root and Kernel File Systems...
         Starting Create list of required stâ€¦ce nodes for the current kernel...
[[0;32m  OK  [0m] Created slice User and Session Slice.
         Starting Load Kernel Modules...
[[0;32m  OK  [0m] Created slice system-serial\x2dgetty.slice.
[[0;32m  OK  [0m] Reached target Slices.
[[0;32m  OK  [0m] Reached target Remote File Systems.
[[0;32m  OK  [0m] Listening on udev Kernel Socket.
[[0;32m  OK  [0m] Reached target Swap.
[[0;32m  OK  [0m] Listening on Journal Socket (/dev/log).
         Starting Journal Service...
[[0;32m  OK  [0m] Mounted POSIX Message Queue File System.
[[0;32m  OK  [0m] Mounted Debug File System.
[[0;32m  OK  [0m] Started Remount Root and Kernel File Systems.
[[0;32m  OK  [0m] Started Create list of required staâ€¦vice nodes for the current kernel.
[[0;32m  OK  [0m] Started Load Kernel Modules.
         Mounting Configuration File System...
         Starting Apply Kernel Variables...
         Starting Create Static Device Nodes in /dev...
         Starting udev Coldplug all Devices...
         Starting Load/Save Random Seed...
[[0;32m  OK  [0m] Mounted Configuration File System.
[[0;32m  OK  [0m] Started Apply Kernel Variables.
[[0;32m  OK  [0m] Started Load/Save Random Seed.
[[0;32m  OK  [0m] Started Create Static Device Nodes in /dev.
         Starting udev Kernel Device Manager...
[[0;32m  OK  [0m] Reached target Local File Systems (Pre).
[[0;32m  OK  [0m] Reached target Local File Systems.
         Starting Raise network interfaces...
[[0;32m  OK  [0m] Started Journal Service.
         Starting Flush Journal to Persistent Storage...
[   11.608754] systemd-journald[90]: Received request to flush runtime journal from PID 1
[[0;32m  OK  [0m] Started Flush Journal to Persistent Storage.
         Starting Create Volatile Files and Directories...
[[0;32m  OK  [0m] Started udev Kernel Device Manager.
[[0;32m  OK  [0m] Started Create Volatile Files and Directories.
         Starting Update UTMP about System Boot/Shutdown...
         Starting Network Time Synchronization...
[[0;32m  OK  [0m] Started udev Coldplug all Devices.
[[0;32m  OK  [0m] Started Update UTMP about System Boot/Shutdown.
[   14.653046] remoteproc remoteproc0: wkup_m3 is available
[   14.849971] at24 2-0054: supply vcc not found, using dummy regulator
[   14.864819] omap_rtc 44e3e000.rtc: registered as rtc0
[   14.870296] omap_rtc 44e3e000.rtc: setting system clock to 2000-01-01T00:00:00 UTC (946684800)
[   15.004943] at24 2-0055: supply vcc not found, using dummy regulator
[   15.072821] am335x-phy-driver 47401300.usb-phy: dummy supplies not allowed for exclusive requests (id=vbus)
[   15.115906] at24 2-0056: supply vcc not found, using dummy regulator
[   15.232075] at24 2-0057: supply vcc not found, using dummy regulator
[   15.314093] am335x-phy-driver 47401b00.usb-phy: dummy supplies not allowed for exclusive requests (id=vbus)
[   15.432264] at24 0-0050: 32768 byte 24c256 EEPROM, writable, 1 bytes/write
[   15.667758] input: tps65217_pwrbutton as /devices/platform/ocp/44c00000.interconnect/44c00000.interconnect:segment@200000/44e0b000.target-module/44e0b000.i2c/i2c-0/0-0024/tps65217-pwrbutton/input/input0
[[0;32m  OK  [0m] Found device /dev/ttyS0.
[   15.848810] wkup_m3_ipc 44e11324.wkup_m3_ipc: IPC Request for A8->M3 Channel failed! -517
[   16.108295] omap_wdt: OMAP Watchdog Timer Rev 0x01: initial timeout 60 sec
[   16.117131] wkup_m3_ipc 44e11324.wkup_m3_ipc: IPC Request for A8->M3 Channel failed! -517
[[0;32m  OK  [0m] Started Network Time Synchronization.
[[0;32m  OK  [0m] Reached target System Time Synchronized.
[   16.370656] usbcore: registered new interface driver usbfs
[   16.376536] usbcore: registered new interface driver hub
[   16.382114] usbcore: registered new device driver usb
[[0;32m  OK  [0m] Reached target System Initialization.
[[0;32m  OK  [0m] Listening on D-Bus System Message Bus Socket.
[[0;32m  OK  [0m] Started Daily Cleanup of Temporary Directories.
[[0;32m  OK  [0m] Listening on Avahi mDNS/DNS-SD Stack Activation Socket.
[[0;32m  OK  [0m] Reached target Sockets.
[[0;32m  OK  [0m] Reached target Basic System.
         Starting LSB: Start busybox udhcpd at boot time...
         Starting Telephony service...
         Starting LSB: Load kernel modules needed to enable cpufreq scaling...
[   17.127421] wkup_m3_ipc 44e11324.wkup_m3_ipc: IPC Request for A8->M3 Channel failed! -517
[   17.252617] musb-hdrc musb-hdrc.1: MUSB HDRC host driver
[   17.258038] musb-hdrc musb-hdrc.1: new USB bus registered, assigned bus number 1
[   17.278570] wkup_m3_ipc 44e11324.wkup_m3_ipc: IPC Request for A8->M3 Channel failed! -517
[   17.288623] tda998x 0-0070: found TDA19988
         Starting System Logging Service...
[   17.434603] omap-mailbox 480c8000.mailbox: omap mailbox rev 0x400
         Starting Cape Manager Service...
[   17.531462] remoteproc remoteproc0: powering up wkup_m3
[   17.598516] usb usb1: New USB device found, idVendor=1d6b, idProduct=0002, bcdDevice= 6.15
[   17.607077] usb usb1: New USB device strings: Mfr=3, Product=2, SerialNumber=1
[   17.614410] usb usb1: Product: MUSB HDRC host driver
[   17.619405] usb usb1: Manufacturer: Linux 6.15.0-rc2-next-20250417 musb-hcd
[   17.626434] usb usb1: SerialNumber: musb-hdrc.1
         Starting Avahi mDNS/DNS-SD Stack...
[   17.949716] remoteproc remoteproc0: Direct firmware load for am335x-pm-firmware.elf failed with error -2
[   17.959455] remoteproc remoteproc0: request_firmware failed: -2
[   17.965486] wkup_m3_ipc 44e11324.wkup_m3_ipc: rproc_boot failed
[[0;32m  OK  [0m] Started D-Bus System Message Bus.
[   18.176388] hub 1-0:1.0: USB hub found
[   18.269690] hub 1-0:1.0: 1 port detected
[   20.057733] tilcdc 4830e000.lcdc: bound 0-0070 (ops tda998x_audio_codec_init [tda998x])
[   20.228640] [drm] Initialized tilcdc 1.0.0 for 4830e000.lcdc on minor 0
[   20.313578] tilcdc 4830e000.lcdc: [drm] Cannot find any crtc or sizes
[   20.375158] omap_rng 48310000.rng: Random Number Generator ver. 20
[   20.505269] tilcdc 4830e000.lcdc: [drm] Cannot find any crtc or sizes
[   21.058436] PM: Cannot get wkup_m3_ipc handle
[   21.139332] omap-sham 53100000.sham: hw accel on OMAP rev 4.3
[   21.245052] omap-sham 53100000.sham: will run requests pump with realtime priority
[   21.254018] PM: Cannot get wkup_m3_ipc handle
[   21.380471] omap-aes 53500000.aes: OMAP AES hw accel rev: 3.2
[   21.476771] omap-aes 53500000.aes: will run requests pump with realtime priority
[   21.490643] PM: Cannot get wkup_m3_ipc handle
[[0;32m  OK  [0m] Started Avahi mDNS/DNS-SD Stack.
[[0;32m  OK  [0m] Started Telephony service.
         Starting Connection service...
         Starting Login Service...
[[0;32m  OK  [0m] Started Regular background program processing daemon.
         Starting Generic Board Startup...
[[0;32m  OK  [0m] Started Daily apt download activities.
[[0;32m  OK  [0m] Started Daily apt upgrade and clean activities.
[[0;32m  OK  [0m] Reached target Timers.
         Starting DUN service...
[[0;32m  OK  [0m] Started System Logging Service.
[[0;32m  OK  [0m] Started Cape Manager Service.
[   23.529058] Bluetooth: Core ver 2.22
[   23.533000] NET: Registered PF_BLUETOOTH protocol family
[   23.538352] Bluetooth: HCI device and connection manager initialized
[   23.544868] Bluetooth: HCI socket layer initialized
[   23.549786] Bluetooth: L2CAP socket layer initialized
[   23.554973] Bluetooth: SCO socket layer initialized
[   24.849217] gpio-537 (nxp,calib): gpiod_direction_output_nonotify: tried to set a GPIO tied to an IRQ as output
[   24.926192] PM: Cannot get wkup_m3_ipc handle
[   25.075519] PM: Cannot get wkup_m3_ipc handle
[   25.130424] tda9950 0-0034: TDA9950 CEC interface, hardware version 3.3
[   25.219536] PM: Cannot get wkup_m3_ipc handle
[[0;32m  OK  [0m] Started LSB: Start busybox udhcpd at boot time.
[[0;32m  OK  [0m] Started Raise network interfaces.
[[0;32m  OK  [0m] Started LSB: Load kernel modules needed to enable cpufreq scaling.
[[0;32m  OK  [0m] Started DUN service.
[[0;32m  OK  [0m] Started Connection service.
[[0;32m  OK  [0m] Started Login Service.
[[0;32m  OK  [0m] Reached target Sound Card.
[   29.094603] configfs-gadget.g_multi gadget.0: HOST MAC 1c:ba:8c:a2:ed:6c
[   29.101584] configfs-gadget.g_multi gadget.0: MAC 1c:ba:8c:a2:ed:70
[   29.108862] configfs-gadget.g_multi gadget.0: HOST MAC 1c:ba:8c:a2:ed:6c
[   29.115751] configfs-gadget.g_multi gadget.0: MAC 1c:ba:8c:a2:ed:6d
[   29.123016] PM: Cannot get wkup_m3_ipc handle
         Starting LSB: set CPUFreq kernel parameters...
[[0;32m  OK  [0m] Reached target Network.
         Starting OpenBSD Secure Shell server...
         Starting Permit User Sessions...
         Starting The Apache HTTP Server...
[[0;32m  OK  [0m] Reached target Network is Online.
         Starting LSB: Advanced IEEE 802.11 management daemon...
[[0;32m  OK  [0m] Started LSB: Advanced IEEE 802.11 management daemon.
[[0;32m  OK  [0m] Started Permit User Sessions.
[[0;32m  OK  [0m] Started Serial Getty on ttyS0.
[[0;32m  OK  [0m] Started Getty on tty1.
[[0;32m  OK  [0m] Reached target Login Prompts.
         Starting Hostname Service...
         Starting WPA supplicant...
[[0;32m  OK  [0m] Started LSB: set CPUFreq kernel parameters.
[[0;32m  OK  [0m] Started WPA supplicant.
[[0;32m  OK  [0m] Started Hostname Service.
[[0;32m  OK  [0m] Started OpenBSD Secure Shell server.
         Stopping LSB: Start busybox udhcpd at boot time...
[[0;32m  OK  [0m] Stopped LSB: Start busybox udhcpd at boot time.
[[0;32m  OK  [0m] Started The Apache HTTP Server.
         Starting dnsmasq - A lightweight DHCP and caching DNS server...
[[0;32m  OK  [0m] Started dnsmasq - A lightweight DHCP and caching DNS server.
[[0;32m  OK  [0m] Reached target Host and Network Name Lookups.
[[0;32m  OK  [0m] Started Serial Getty on ttyGS0.
[[0;32m  OK  [0m] Started Generic Board Startup.
[[0;32m  OK  [0m] Reached target Multi-User System.
[[0;32m  OK  [0m] Reached target Graphical Interface.
         Starting Update UTMP about System Runlevel Changes...

Debian GNU/Linux 9 arm ttyS0

default username:password is [debian:temppwd]

arm login: root
Password: 
Last login: Sat Dec  9 19:10:26 UTC 2017 on ttyS0
root
Linux arm 6.15.0-rc2-next-20250417 #1 SMP Thu Apr 17 11:17:41 EEST 2025 armv7l

The programs included with the Debian GNU/Linux system are free software;
the exact distribution terms for each program are described in the
individual files in /usr/share/doc/*/copyright.

Debian GNU/Linux comes with ABSOLUTELY NO WARRANTY, to the extent
permitted by applicable law.
root@arm:~# root
-bash: root: command not found
root@arm:~# dmesg -n 1
root@arm:~# echo 'MVKM''MTNYFW'
MVKMMTNYFW
root@arm:~# run() { echo -n "$MARKER"; sh -c "$@"; echo "$MARKER $?"; }
root@arm:~# echo 'NBFB''TTGKEU'
NBFBTTGKEU
root@arm:~# MARKER='JUAP''VOJYFM' run 'cat /proc/version'
JUAPVOJYFMLinux version 6.15.0-rc2-next-20250417 (user01@drvtest01) (arm-none-eabi-gcc (Arm GNU Toolchain 14.2.Rel1 (Build arm-14.52)) 14.2.1 20241119, GNU ld (Arm GNU Toolchain 14.2.Rel1 (Build arm-14.52)) 2.43.1.20241119) #1 SMP Thu Apr 17 11:17:41 EEST 2025
JUAPVOJYFM 0
root@arm:~# echo 'TVMV''QEXZYV'
TVMVQEXZYV
root@arm:~# MARKER='HNUF''UFOSLK' run false
HNUFUFOSLKHNUFUFOSLK 1
root@arm:~# Labgrid Console Logfile for main
Logfile started at 2025-04-17 11:20:54.554230
=== Log starts here ===

root@arm:~# run() { echo -n "$MARKER"; sh -c "$@"; echo "$MARKER $?"; }
root@arm:~# echo 'NSHF''SMVQYT'
NSHFSMVQYT
root@arm:~# MARKER='PBNU''XTSPAE' run 'ls /iio_generic_buffer; echo $?'
PBNUXTSPAE/iio_generic_buffer
0
PBNUXTSPAE 0
root@arm:~# Labgrid Console Logfile for main
Logfile started at 2025-04-17 11:20:57.961257
=== Log starts here ===

root@arm:~# run() { echo -n "$MARKER"; sh -c "$@"; echo "$MARKER $?"; }
root@arm:~# echo 'JMEH''JNCSMP'
JMEHJNCSMP
root@arm:~# MARKER='WTUE''AHOOBH' run dmesg
WTUEAHOOBH[    0.000000] Booting Linux on physical CPU 0x0
[    0.000000] Linux version 6.15.0-rc2-next-20250417 (user01@drvtest01) (arm-none-eabi-gcc (Arm GNU Toolchain 14.2.Rel1 (Build arm-14.52)) 14.2.1 20241119, GNU ld (Arm GNU Toolchain 14.2.Rel1 (Build arm-14.52)) 2.43.1.20241119) #1 SMP Thu Apr 17 11:17:41 EEST 2025
[    0.000000] CPU: ARMv7 Processor [413fc082] revision 2 (ARMv7), cr=10c5387d
[    0.000000] CPU: PIPT / VIPT nonaliasing data cache, VIPT aliasing instruction cache
[    0.000000] OF: fdt: Machine model: TI AM335x BeagleBone Black
[    0.000000] Memory policy: Data cache writeback
[    0.000000] cma: Reserved 16 MiB at 0x9e800000
[    0.000000] Zone ranges:
[    0.000000]   Normal   [mem 0x0000000080000000-0x000000009fdfffff]
[    0.000000]   HighMem  empty
[    0.000000] Movable zone start for each node
[    0.000000] Early memory node ranges
[    0.000000]   node   0: [mem 0x0000000080000000-0x000000009fdfffff]
[    0.000000] Initmem setup node 0 [mem 0x0000000080000000-0x000000009fdfffff]
[    0.000000] On node 0, zone Normal: 512 pages in unavailable ranges
[    0.000000] OF: reserved mem: Reserved memory: No reserved-memory node in the DT
[    0.000000] CPU: All CPU(s) started in SVC mode.
[    0.000000] AM335X ES2.1 (sgx neon)
[    0.000000] percpu: Embedded 17 pages/cpu s39692 r8192 d21748 u69632
[    0.000000] pcpu-alloc: s39692 r8192 d21748 u69632 alloc=17*4096
[    0.000000] pcpu-alloc: [0] 0 
[    0.000000] Kernel command line: console=ttyO0,115200n8 root=/dev/nfs rw nfsroot=192.168.255.126:/home/user01/nfs,nfsvers=3 ip=192.168.255.1:192.168.255.126::255.255.255.0:bbb1:eth0 nfsrootdebug
[    0.000000] Unknown kernel command line parameters "nfsrootdebug", will be passed to user space.
[    0.000000] printk: log buffer data + meta data: 65536 + 204800 = 270336 bytes
[    0.000000] Dentry cache hash table entries: 65536 (order: 6, 262144 bytes, linear)
[    0.000000] Inode-cache hash table entries: 32768 (order: 5, 131072 bytes, linear)
[    0.000000] Built 1 zonelists, mobility grouping on.  Total pages: 130560
[    0.000000] mem auto-init: stack:off, heap alloc:off, heap free:off
[    0.000000] SLUB: HWalign=16, Order=0-3, MinObjects=0, CPUs=1, Nodes=1
[    0.000000] rcu: Hierarchical RCU implementation.
[    0.000000] rcu: 	RCU event tracing is enabled.
[    0.000000] rcu: 	RCU restricting CPUs from NR_CPUS=2 to nr_cpu_ids=1.
[    0.000000] 	Tracing variant of Tasks RCU enabled.
[    0.000000] rcu: RCU calculated value of scheduler-enlistment delay is 10 jiffies.
[    0.000000] rcu: Adjusting geometry for rcu_fanout_leaf=16, nr_cpu_ids=1
[    0.000000] RCU Tasks Trace: Setting shift to 0 and lim to 1 rcu_task_cb_adjust=1 rcu_task_cpu_ids=1.
[    0.000000] NR_IRQS: 16, nr_irqs: 16, preallocated irqs: 16
[    0.000000] IRQ: Found an INTC at 0x(ptrval) (revision 5.0) with 128 interrupts
[    0.000000] rcu: srcu_init: Setting srcu_struct sizes based on contention.
[    0.000000] TI gptimer clocksource: always-on /ocp/interconnect@44c00000/segment@200000/target-module@31000
[    0.000003] sched_clock: 32 bits at 24MHz, resolution 41ns, wraps every 89478484971ns
[    0.000025] clocksource: dmtimer: mask: 0xffffffff max_cycles: 0xffffffff, max_idle_ns: 79635851949 ns
[    0.000510] TI gptimer clockevent: 24000000 Hz at /ocp/interconnect@48000000/segment@0/target-module@40000
[    0.002136] Console: colour dummy device 80x30
[    0.002205] WARNING: Your 'console=ttyO0' has been replaced by 'ttyS0'
[    0.002213] This ensures that you still see kernel messages. Please
[    0.002218] update your kernel commandline.
[    0.002260] Calibrating delay loop... 996.14 BogoMIPS (lpj=4980736)
[    0.090559] CPU: Testing write buffer coherency: ok
[    0.090671] CPU0: Spectre v2: using BPIALL workaround
[    0.090682] pid_max: default: 32768 minimum: 301
[    0.090845] LSM: initializing lsm=capability
[    0.091028] Mount-cache hash table entries: 1024 (order: 0, 4096 bytes, linear)
[    0.091049] Mountpoint-cache hash table entries: 1024 (order: 0, 4096 bytes, linear)
[    0.092631] CPU0: thread -1, cpu 0, socket -1, mpidr 0
[    0.092688] cacheinfo: Unable to detect cache hierarchy for CPU 0
[    0.160739] Setting up static identity map for 0x80100000 - 0x80100078
[    0.170702] rcu: Hierarchical SRCU implementation.
[    0.170715] rcu: 	Max phase no-delay instances is 1000.
[    0.190754] smp: Bringing up secondary CPUs ...
[    0.190810] smp: Brought up 1 node, 1 CPU
[    0.190824] SMP: Total of 1 processors activated (996.14 BogoMIPS).
[    0.190836] CPU: All CPU(s) started in SVC mode.
[    0.191030] Memory: 480824K/522240K available (11264K kernel code, 1217K rwdata, 2976K rodata, 1024K init, 287K bss, 23384K reserved, 16384K cma-reserved, 0K highmem)
[    0.191853] devtmpfs: initialized
[    0.208962] VFP support v0.3: implementor 41 architecture 3 part 30 variant c rev 3
[    0.209596] clocksource: jiffies: mask: 0xffffffff max_cycles: 0xffffffff, max_idle_ns: 19112604462750000 ns
[    0.209656] posixtimers hash table entries: 512 (order: 0, 4096 bytes, linear)
[    0.209674] futex hash table entries: 256 (order: 2, 16384 bytes, linear)
[    0.211007] pinctrl core: initialized pinctrl subsystem
[    0.213126] NET: Registered PF_NETLINK/PF_ROUTE protocol family
[    0.215936] DMA: preallocated 256 KiB pool for atomic coherent allocations
[    0.216894] audit: initializing netlink subsys (disabled)
[    0.218288] thermal_sys: Registered thermal governor 'fair_share'
[    0.218305] thermal_sys: Registered thermal governor 'step_wise'
[    0.218313] thermal_sys: Registered thermal governor 'user_space'
[    0.218453] audit: type=2000 audit(0.210:1): state=initialized audit_enabled=0 res=1
[    0.218486] cpuidle: using governor menu
[    0.236530] /ocp/interconnect@44c00000/segment@200000/target-module@b000/i2c@0/tda19988@70: Fixed dependency cycle(s) with /ocp/interconnect@48000000/segment@300000/target-module@e000/lcdc@0
[    0.237660] /ocp/interconnect@48000000/segment@300000/target-module@e000/lcdc@0: Fixed dependency cycle(s) with /ocp/interconnect@44c00000/segment@200000/target-module@b000/i2c@0/tda19988@70
[    0.239830] No ATAGs?
[    0.239872] hw-breakpoint: debug architecture 0x4 unsupported.
[    0.242732] kprobes: kprobe jump-optimization is enabled. All kprobes are optimized if possible.
[    0.254339] iommu: Default domain type: Translated
[    0.254362] iommu: DMA domain TLB invalidation policy: strict mode
[    0.255982] reg-fixed-voltage fixedregulator0: using DT '/fixedregulator0' for '(default)' GPIO lookup
[    0.256036] of_get_named_gpiod_flags: can't parse 'gpios' property of node '/fixedregulator0[0]'
[    0.256065] of_get_named_gpiod_flags: can't parse 'gpio' property of node '/fixedregulator0[0]'
[    0.256082] reg-fixed-voltage fixedregulator0: using lookup tables for GPIO lookup
[    0.256092] reg-fixed-voltage fixedregulator0: No GPIO consumer (default) found
[    0.261872] SCSI subsystem initialized
[    0.262340] libata version 3.00 loaded.
[    0.262707] pps_core: LinuxPPS API ver. 1 registered
[    0.262718] pps_core: Software ver. 5.3.6 - Copyright 2005-2007 Rodolfo Giometti <giometti@linux.it>
[    0.262742] PTP clock support registered
[    0.270909] vgaarb: loaded
[    0.271276] clocksource: Switched to clocksource dmtimer
[    0.271930] VFS: Disk quotas dquot_6.6.0
[    0.271986] VFS: Dquot-cache hash table entries: 1024 (order 0, 4096 bytes)
[    0.296664] NET: Registered PF_INET protocol family
[    0.297005] IP idents hash table entries: 8192 (order: 4, 65536 bytes, linear)
[    0.298432] tcp_listen_portaddr_hash hash table entries: 512 (order: 0, 4096 bytes, linear)
[    0.298471] Table-perturb hash table entries: 65536 (order: 6, 262144 bytes, linear)
[    0.298490] TCP established hash table entries: 4096 (order: 2, 16384 bytes, linear)
[    0.298536] TCP bind hash table entries: 4096 (order: 4, 65536 bytes, linear)
[    0.298636] TCP: Hash tables configured (established 4096 bind 4096)
[    0.298762] UDP hash table entries: 256 (order: 1, 14336 bytes, linear)
[    0.298798] UDP-Lite hash table entries: 256 (order: 1, 14336 bytes, linear)
[    0.298979] NET: Registered PF_UNIX/PF_LOCAL protocol family
[    0.300248] RPC: Registered named UNIX socket transport module.
[    0.300267] RPC: Registered udp transport module.
[    0.300272] RPC: Registered tcp transport module.
[    0.300277] RPC: Registered tcp-with-tls transport module.
[    0.300282] RPC: Registered tcp NFSv4.1 backchannel transport module.
[    0.300306] PCI: CLS 0 bytes, default 64
[    0.301855] Initialise system trusted keyrings
[    0.311955] workingset: timestamp_bits=14 max_order=17 bucket_order=3
[    0.313338] NFS: Registering the id_resolver key type
[    0.313406] Key type id_resolver registered
[    0.313414] Key type id_legacy registered
[    0.313521] jffs2: version 2.2. (NAND) (SUMMARY)  Â© 2001-2006 Red Hat, Inc.
[    0.313947] Key type asymmetric registered
[    0.313964] Asymmetric key parser 'x509' registered
[    0.314026] io scheduler mq-deadline registered
[    0.314036] io scheduler kyber registered
[    0.314112] io scheduler bfq registered
[    0.315986] target-module@4b000000:target-module@140000:pmu@0:fck: device ID is greater than 24
[    0.322142] l3-aon-clkctrl:0000:0: failed to disable
[    0.331691] ledtrig-cpu: registered to indicate activity on CPUs
[    0.334573] Serial: 8250/16550 driver, 6 ports, IRQ sharing enabled
[    0.396235] brd: module loaded
[    0.404897] loop: module loaded
[    0.405828] mtdoops: mtd device (mtddev=name/number) must be supplied
[    0.407547] mdio_bus fixed-0: using lookup tables for GPIO lookup
[    0.407571] mdio_bus fixed-0: No GPIO consumer reset found
[    0.408956] i2c_dev: i2c /dev entries driver
[    0.409953] cpuidle: enable-method property 'ti,am3352' found operations
[    0.410399] sdhci: Secure Digital Host Controller Interface driver
[    0.410409] sdhci: Copyright(c) Pierre Ossman
[    0.410581] sdhci-pltfm: SDHCI platform and OF driver helper
[    0.433449] hw perfevents: enabled with armv7_cortex_a8 PMU driver, 5 (8000000f) counters available
[    0.433973] Initializing XFRM netlink socket
[    0.434163] NET: Registered PF_INET6 protocol family
[    0.439813] l3-aon-clkctrl:0000:0: failed to disable
[    0.441193] Segment Routing with IPv6
[    0.441437] In-situ OAM (IOAM) with IPv6
[    0.441548] sit: IPv6, IPv4 and MPLS over IPv4 tunneling driver
[    0.442513] NET: Registered PF_PACKET protocol family
[    0.442541] NET: Registered PF_KEY protocol family
[    0.442678] Key type dns_resolver registered
[    0.442904] ThumbEE CPU extension supported.
[    0.442923] Registering SWP/SWPB emulation handler
[    0.443463] omap_voltage_late_init: Voltage driver support not added
[    0.444132] SmartReflex Class3 initialized
[    0.464015] Loading compiled-in X.509 certificates
[    0.502712] /ocp/interconnect@44c00000/segment@200000/target-module@b000/i2c@0/tda19988@70: Fixed dependency cycle(s) with /ocp/interconnect@48000000/segment@300000/target-module@e000/lcdc@0
[    0.509134] /ocp/interconnect@44c00000/segment@200000/target-module@b000/i2c@0/tda19988@70: Fixed dependency cycle(s) with /ocp/interconnect@48000000/segment@300000/target-module@e000/lcdc@0
[    0.514871] gpiochip_find_base_unlocked: found new base at 512
[    0.550017] /ocp/interconnect@44c00000/segment@200000/target-module@b000/i2c@0/tda19988@70: Fixed dependency cycle(s) with /ocp/interconnect@48000000/segment@300000/target-module@e000/lcdc@0
[    0.550908] /ocp/interconnect@44c00000/segment@200000/target-module@b000/i2c@0/tda19988@70: Fixed dependency cycle(s) with /ocp/interconnect@48000000/segment@300000/target-module@e000/lcdc@0
[    0.554714] /ocp/interconnect@44c00000/segment@200000/target-module@10000/scm@0/pinmux@800: Fixed dependency cycle(s) with /ocp/interconnect@44c00000/segment@200000/target-module@10000/scm@0/pinmux@800/clkout2-pins
[    0.555319] pinctrl-single 44e10800.pinmux: 142 pins, size 568
[    0.560609] ti-sysc 44e31000.target-module: probe with driver ti-sysc failed with error -16
[    0.599217] /ocp/interconnect@48000000/segment@300000/target-module@e000/lcdc@0: Fixed dependency cycle(s) with /ocp/interconnect@44c00000/segment@200000/target-module@b000/i2c@0/tda19988@70
[    0.607547] ti-sysc 48040000.target-module: probe with driver ti-sysc failed with error -16
[    0.619015] gpiochip_find_base_unlocked: found new base at 512
[    0.619122] gpio gpiochip0: (gpio-0-31): created GPIO range 0->7 ==> 44e10800.pinmux PIN 0->7
[    0.619140] gpio gpiochip0: (gpio-0-31): created GPIO range 8->11 ==> 44e10800.pinmux PIN 90->93
[    0.619156] gpio gpiochip0: (gpio-0-31): created GPIO range 12->27 ==> 44e10800.pinmux PIN 12->27
[    0.619171] gpio gpiochip0: (gpio-0-31): created GPIO range 28->31 ==> 44e10800.pinmux PIN 30->33
[    0.647393] gpio gpiochip0: (gpio-0-31): added GPIO chardev (254:0)
[    0.647551] gpio gpiochip0: registered GPIOs 512 to 543 on gpio-0-31
[    0.647639] OMAP GPIO hardware version 0.1
[    0.685239] i2c i2c-2: using DT '/ocp/interconnect@48000000/segment@100000/target-module@9c000/i2c@0' for 'scl' GPIO lookup
[    0.685312] of_get_named_gpiod_flags: can't parse 'scl-gpios' property of node '/ocp/interconnect@48000000/segment@100000/target-module@9c000/i2c@0[0]'
[    0.685354] of_get_named_gpiod_flags: can't parse 'scl-gpio' property of node '/ocp/interconnect@48000000/segment@100000/target-module@9c000/i2c@0[0]'
[    0.685389] i2c i2c-2: using lookup tables for GPIO lookup
[    0.685399] i2c i2c-2: No GPIO consumer scl found
[    0.685421] i2c i2c-2: using DT '/ocp/interconnect@48000000/segment@100000/target-module@9c000/i2c@0' for 'sda' GPIO lookup
[    0.685457] of_get_named_gpiod_flags: can't parse 'sda-gpios' property of node '/ocp/interconnect@48000000/segment@100000/target-module@9c000/i2c@0[0]'
[    0.685493] of_get_named_gpiod_flags: can't parse 'sda-gpio' property of node '/ocp/interconnect@48000000/segment@100000/target-module@9c000/i2c@0[0]'
[    0.685524] i2c i2c-2: using lookup tables for GPIO lookup
[    0.685532] i2c i2c-2: No GPIO consumer sda found
[    0.686271] omap_i2c 4819c000.i2c: bus 2 rev0.11 at 100 kHz
[    0.692205] gpiochip_find_base_unlocked: found new base at 544
[    0.692312] gpio gpiochip1: (gpio-32-63): created GPIO range 0->17 ==> 44e10800.pinmux PIN 34->51
[    0.692331] gpio gpiochip1: (gpio-32-63): created GPIO range 18->21 ==> 44e10800.pinmux PIN 77->80
[    0.692347] gpio gpiochip1: (gpio-32-63): created GPIO range 22->31 ==> 44e10800.pinmux PIN 56->65
[    0.706962] gpio gpiochip1: (gpio-32-63): added GPIO chardev (254:1)
[    0.707138] gpio gpiochip1: registered GPIOs 544 to 575 on gpio-32-63
[    0.709380] gpiochip_find_base_unlocked: found new base at 576
[    0.709473] gpio gpiochip2: (gpio-64-95): created GPIO range 0->4 ==> 44e10800.pinmux PIN 66->70
[    0.709493] gpio gpiochip2: (gpio-64-95): created GPIO range 5->6 ==> 44e10800.pinmux PIN 98->99
[    0.709508] gpio gpiochip2: (gpio-64-95): created GPIO range 7->8 ==> 44e10800.pinmux PIN 75->76
[    0.709523] gpio gpiochip2: (gpio-64-95): created GPIO range 13->13 ==> 44e10800.pinmux PIN 141->141
[    0.709539] gpio gpiochip2: (gpio-64-95): created GPIO range 14->21 ==> 44e10800.pinmux PIN 100->107
[    0.724078] gpio gpiochip2: (gpio-64-95): added GPIO chardev (254:2)
[    0.724237] gpio gpiochip2: registered GPIOs 576 to 607 on gpio-64-95
[    0.729977] 48000000.interconnect:segment@200000:target-module@0:mpu@0:fck: device ID is greater than 24
[    0.730888] /ocp/interconnect@48000000/segment@300000/target-module@e000/lcdc@0: Fixed dependency cycle(s) with /ocp/interconnect@44c00000/segment@200000/target-module@b000/i2c@0/tda19988@70
[    0.734053] /ocp/interconnect@48000000/segment@300000/target-module@e000/lcdc@0: Fixed dependency cycle(s) with /ocp/interconnect@44c00000/segment@200000/target-module@b000/i2c@0/tda19988@70
[    0.734772] /ocp/interconnect@44c00000/segment@200000/target-module@b000/i2c@0/tda19988@70: Fixed dependency cycle(s) with /ocp/interconnect@48000000/segment@300000/target-module@e000/lcdc@0
[    0.734942] /ocp/interconnect@48000000/segment@300000/target-module@e000/lcdc@0: Fixed dependency cycle(s) with /ocp/interconnect@44c00000/segment@200000/target-module@b000/i2c@0/tda19988@70
[    0.744731] mdio_bus 4a101000.mdio: using DT '/ocp/interconnect@4a000000/segment@0/target-module@100000/switch@0/mdio@1000' for 'reset' GPIO lookup
[    0.744805] of_get_named_gpiod_flags: can't parse 'reset-gpios' property of node '/ocp/interconnect@4a000000/segment@0/target-module@100000/switch@0/mdio@1000[0]'
[    0.744850] of_get_named_gpiod_flags: can't parse 'reset-gpio' property of node '/ocp/interconnect@4a000000/segment@0/target-module@100000/switch@0/mdio@1000[0]'
[    0.744896] mdio_bus 4a101000.mdio: using lookup tables for GPIO lookup
[    0.744906] mdio_bus 4a101000.mdio: No GPIO consumer reset found
[    0.745838] sdhci-omap 481d8000.mmc: using DT '/ocp/interconnect@48000000/segment@100000/target-module@d8000/mmc@0' for 'wp' GPIO lookup
[    0.745897] of_get_named_gpiod_flags: can't parse 'wp-gpios' property of node '/ocp/interconnect@48000000/segment@100000/target-module@d8000/mmc@0[0]'
[    0.745938] of_get_named_gpiod_flags: can't parse 'wp-gpio' property of node '/ocp/interconnect@48000000/segment@100000/target-module@d8000/mmc@0[0]'
[    0.745971] sdhci-omap 481d8000.mmc: using lookup tables for GPIO lookup
[    0.745980] sdhci-omap 481d8000.mmc: No GPIO consumer wp found
[    0.746173] sdhci-omap 481d8000.mmc: supply pbias not found, using dummy regulator
[    0.746671] sdhci-omap 481d8000.mmc: supply vqmmc not found, using dummy regulator
[    0.801421] davinci_mdio 4a101000.mdio: davinci mdio revision 1.6, bus freq 1000000
[    0.819105] mdio_bus 4a101000.mdio:00: using DT '/ocp/interconnect@4a000000/segment@0/target-module@100000/switch@0/mdio@1000/ethernet-phy@0' for 'reset' GPIO lookup
[    0.819207] of_get_named_gpiod_flags: parsed 'reset-gpios' property of node '/ocp/interconnect@4a000000/segment@0/target-module@100000/switch@0/mdio@1000/ethernet-phy@0[0]' - status (0)
[    0.819372] gpio gpiochip0: Persistence not supported for GPIO 8
[    0.940947] davinci_mdio 4a101000.mdio: phy[0]: device 4a101000.mdio:00, driver SMSC LAN8710/LAN8720
[    0.941782] cpsw-switch 4a100000.switch: initialized cpsw ale version 1.4
[    0.941806] cpsw-switch 4a100000.switch: ALE Table size 1024, Policers 0
[    0.942033] cpsw-switch 4a100000.switch: cpts: overflow check period 500 (jiffies)
[    0.942052] cpsw-switch 4a100000.switch: CPTS: ref_clk_freq:250000000 calc_mult:2147483648 calc_shift:29 error:0 nsec/sec
[    0.942167] cpsw-switch 4a100000.switch: Detected MACID = 6c:ec:eb:68:de:78
[    0.944023] cpsw-switch 4a100000.switch: initialized (regs 0x4a100000, pool size 256) hw_ver:0019010C 1.12 (0)
[    0.955163] debugfs: Directory '49000000.dma' with parent 'dmaengine' already present!
[    0.955205] edma 49000000.dma: TI EDMA DMA engine driver
[    0.996705] gpio-clk clk_mcasp0: using DT '/clk_mcasp0' for 'enable' GPIO lookup
[    0.996784] of_get_named_gpiod_flags: parsed 'enable-gpios' property of node '/clk_mcasp0[0]' - status (0)
[    0.996827] gpio gpiochip0: Persistence not supported for GPIO 27
[    0.997695] gpiochip_find_base_unlocked: found new base at 608
[    0.997811] gpio gpiochip3: (gpio-96-127): created GPIO range 0->7 ==> 44e10800.pinmux PIN 82->89
[    0.997831] gpio gpiochip3: (gpio-96-127): created GPIO range 8->11 ==> 44e10800.pinmux PIN 52->55
[    0.997846] gpio gpiochip3: (gpio-96-127): created GPIO range 12->15 ==> 44e10800.pinmux PIN 94->97
[    0.997862] gpio gpiochip3: (gpio-96-127): created GPIO range 16->17 ==> 44e10800.pinmux PIN 71->72
[    0.997878] gpio gpiochip3: (gpio-96-127): created GPIO range 18->18 ==> 44e10800.pinmux PIN 135->135
[    0.997894] gpio gpiochip3: (gpio-96-127): created GPIO range 19->20 ==> 44e10800.pinmux PIN 108->109
[    0.997910] gpio gpiochip3: (gpio-96-127): created GPIO range 21->21 ==> 44e10800.pinmux PIN 73->73
[    0.997929] gpio gpiochip3: (gpio-96-127): created GPIO range 22->23 ==> 44e10800.pinmux PIN 8->9
[    0.997951] gpio gpiochip3: (gpio-96-127): created GPIO range 26->27 ==> 44e10800.pinmux PIN 10->11
[    0.997970] gpio gpiochip3: (gpio-96-127): created GPIO range 28->28 ==> 44e10800.pinmux PIN 74->74
[    0.997987] gpio gpiochip3: (gpio-96-127): created GPIO range 29->29 ==> 44e10800.pinmux PIN 81->81
[    0.998006] gpio gpiochip3: (gpio-96-127): created GPIO range 30->31 ==> 44e10800.pinmux PIN 28->29
[    1.014710] gpio gpiochip3: (gpio-96-127): added GPIO chardev (254:3)
[    1.014885] gpio gpiochip3: registered GPIOs 608 to 639 on gpio-96-127
[    1.022188] omap8250 44e09000.serial: using DT '/ocp/interconnect@44c00000/segment@200000/target-module@9000/serial@0' for 'rs485-term' GPIO lookup
[    1.022263] of_get_named_gpiod_flags: can't parse 'rs485-term-gpios' property of node '/ocp/interconnect@44c00000/segment@200000/target-module@9000/serial@0[0]'
[    1.022308] of_get_named_gpiod_flags: can't parse 'rs485-term-gpio' property of node '/ocp/interconnect@44c00000/segment@200000/target-module@9000/serial@0[0]'
[    1.022344] omap8250 44e09000.serial: using lookup tables for GPIO lookup
[    1.022353] omap8250 44e09000.serial: No GPIO consumer rs485-term found
[    1.022363] omap8250 44e09000.serial: using DT '/ocp/interconnect@44c00000/segment@200000/target-module@9000/serial@0' for 'rs485-rx-during-tx' GPIO lookup
[    1.022398] of_get_named_gpiod_flags: can't parse 'rs485-rx-during-tx-gpios' property of node '/ocp/interconnect@44c00000/segment@200000/target-module@9000/serial@0[0]'
[    1.022435] of_get_named_gpiod_flags: can't parse 'rs485-rx-during-tx-gpio' property of node '/ocp/interconnect@44c00000/segment@200000/target-module@9000/serial@0[0]'
[    1.022466] omap8250 44e09000.serial: using lookup tables for GPIO lookup
[    1.022474] omap8250 44e09000.serial: No GPIO consumer rs485-rx-during-tx found
[    1.022851] 44e09000.serial: ttyS0 at MMIO 0x44e09000 (irq = 34, base_baud = 3000000) is a 8250
[    1.022940] printk: legacy console [ttyS0] enabled
[    2.452567] i2c i2c-0: using DT '/ocp/interconnect@44c00000/segment@200000/target-module@b000/i2c@0' for 'scl' GPIO lookup
[    2.452668] of_get_named_gpiod_flags: can't parse 'scl-gpios' property of node '/ocp/interconnect@44c00000/segment@200000/target-module@b000/i2c@0[0]'
[    2.452716] of_get_named_gpiod_flags: can't parse 'scl-gpio' property of node '/ocp/interconnect@44c00000/segment@200000/target-module@b000/i2c@0[0]'
[    2.452756] i2c i2c-0: using lookup tables for GPIO lookup
[    2.452770] i2c i2c-0: No GPIO consumer scl found
[    2.452795] i2c i2c-0: using DT '/ocp/interconnect@44c00000/segment@200000/target-module@b000/i2c@0' for 'sda' GPIO lookup
[    2.452834] of_get_named_gpiod_flags: can't parse 'sda-gpios' property of node '/ocp/interconnect@44c00000/segment@200000/target-module@b000/i2c@0[0]'
[    2.452874] of_get_named_gpiod_flags: can't parse 'sda-gpio' property of node '/ocp/interconnect@44c00000/segment@200000/target-module@b000/i2c@0[0]'
[    2.452909] i2c i2c-0: using lookup tables for GPIO lookup
[    2.452920] i2c i2c-0: No GPIO consumer sda found
[    2.472237] tps65217-pmic: Failed to locate of_node [id: -1]
[    2.478296] tps65217-bl: Failed to locate of_node [id: -1]
[    2.485752] platform tps65217-charger: DMA mask not set
[    2.493085] platform tps65217-pwrbutton: DMA mask not set
[    2.500900] tps65217 0-0024: TPS65217 ID 0xe version 1.2
[    2.507053] /ocp/interconnect@48000000/segment@300000/target-module@e000/lcdc@0: Fixed dependency cycle(s) with /ocp/interconnect@44c00000/segment@200000/target-module@b000/i2c@0/tda19988@70
[    2.524403] /ocp/interconnect@44c00000/segment@200000/target-module@b000/i2c@0/tda19988@70: Fixed dependency cycle(s) with /ocp/interconnect@48000000/segment@300000/target-module@e000/lcdc@0
[    2.541774] omap_i2c 44e0b000.i2c: bus 0 rev0.11 at 400 kHz
[    2.549528] sdhci-omap 48060000.mmc: using DT '/ocp/interconnect@48000000/segment@0/target-module@60000/mmc@0' for 'cd' GPIO lookup
[    2.549640] of_get_named_gpiod_flags: parsed 'cd-gpios' property of node '/ocp/interconnect@48000000/segment@0/target-module@60000/mmc@0[0]' - status (0)
[    2.549708] gpio gpiochip3: Persistence not supported for GPIO 6
[    2.549736] omap_gpio 44e07000.gpio: Could not set line 6 debounce to 200000 microseconds (-22)
[    2.558599] sdhci-omap 48060000.mmc: Got CD GPIO
[    2.563276] sdhci-omap 48060000.mmc: using DT '/ocp/interconnect@48000000/segment@0/target-module@60000/mmc@0' for 'wp' GPIO lookup
[    2.563325] of_get_named_gpiod_flags: can't parse 'wp-gpios' property of node '/ocp/interconnect@48000000/segment@0/target-module@60000/mmc@0[0]'
[    2.563369] of_get_named_gpiod_flags: can't parse 'wp-gpio' property of node '/ocp/interconnect@48000000/segment@0/target-module@60000/mmc@0[0]'
[    2.563407] sdhci-omap 48060000.mmc: using lookup tables for GPIO lookup
[    2.563421] sdhci-omap 48060000.mmc: No GPIO consumer wp found
[    2.563630] sdhci-omap 48060000.mmc: supply pbias not found, using dummy regulator
[    2.572433] sdhci-omap 481d8000.mmc: using DT '/ocp/interconnect@48000000/segment@100000/target-module@d8000/mmc@0' for 'wp' GPIO lookup
[    2.572516] of_get_named_gpiod_flags: can't parse 'wp-gpios' property of node '/ocp/interconnect@48000000/segment@100000/target-module@d8000/mmc@0[0]'
[    2.572567] of_get_named_gpiod_flags: can't parse 'wp-gpio' property of node '/ocp/interconnect@48000000/segment@100000/target-module@d8000/mmc@0[0]'
[    2.572606] sdhci-omap 481d8000.mmc: using lookup tables for GPIO lookup
[    2.572620] sdhci-omap 481d8000.mmc: No GPIO consumer wp found
[    2.573697] sdhci-omap 48060000.mmc: supply vqmmc not found, using dummy regulator
[    2.582828] sdhci-omap 481d8000.mmc: supply pbias not found, using dummy regulator
[    2.590812] sdhci-omap 481d8000.mmc: supply vqmmc not found, using dummy regulator
[    2.629345] mmc1: SDHCI controller on 481d8000.mmc [481d8000.mmc] using External DMA
[    2.638534] mmc0: SDHCI controller on 48060000.mmc [48060000.mmc] using External DMA
[    2.647351] cpsw-switch 4a100000.switch: starting ndev. mode: dual_mac
[    2.693564] mmc0: new high speed SDHC card at address 5048
[    2.700583] mmcblk0: mmc0:5048 SD16G 14.4 GiB
[    2.708695]  mmcblk0: p1 p2
[    2.712178] mmcblk0: p2 size 31221760 extends beyond EOD, truncated
[    2.722475] SMSC LAN8710/LAN8720 4a101000.mdio:00: attached PHY driver (mii_bus:phy_addr=4a101000.mdio:00, irq=POLL)
[    2.742698] mmc1: new high speed MMC card at address 0001
[    2.749483] mmcblk1: mmc1:0001 MMC04G 3.60 GiB
[    2.756959]  mmcblk1: p1 p2
[    2.761481] mmcblk1boot0: mmc1:0001 MMC04G 2.00 MiB
[    2.768464] mmcblk1boot1: mmc1:0001 MMC04G 2.00 MiB
[    2.775679] mmcblk1rpmb: mmc1:0001 MMC04G 128 KiB, chardev (250:0)
[    5.842042] cpsw-switch 4a100000.switch eth0: Link is Up - 100Mbps/Full - flow control off
[    5.871293] IP-Config: Complete:
[    5.874568]      device=eth0, hwaddr=6c:ec:eb:68:de:78, ipaddr=192.168.255.1, mask=255.255.255.0, gw=255.255.255.255
[    5.885211]      host=bbb1, domain=, nis-domain=(none)
[    5.890378]      bootserver=192.168.255.126, rootserver=192.168.255.126, rootpath=
[    5.890814] clk: Disabling unused clocks
[    5.902667] PM: genpd: Disabling unused power domains
[    5.907784] KTAP version 1
[    5.910505] 1..0
[    5.935578] VFS: Mounted root (nfs filesystem) on device 0:17.
[    5.942708] devtmpfs: mounted
[    5.947189] Freeing unused kernel image (initmem) memory: 1024K
[    5.954012] Run /sbin/init as init process
[    5.958143]   with arguments:
[    5.958156]     /sbin/init
[    5.958165]     nfsrootdebug
[    5.958174]   with environment:
[    5.958183]     HOME=/
[    5.958191]     TERM=linux
[    6.652198] systemd[1]: System time before build time, advancing clock.
[    8.101301] random: crng init done
[    8.142584] systemd[1]: systemd 232 running in system mode. (+PAM +AUDIT +SELINUX +IMA +APPARMOR +SMACK +SYSVINIT +UTMP +LIBCRYPTSETUP +GCRYPT +GNUTLS +ACL +XZ +LZ4 +SECCOMP +BLKID +ELFUTILS +KMOD +IDN)
[    8.161717] systemd[1]: Detected architecture arm.
[    8.194448] systemd[1]: Set hostname to <arm>.
[    9.290672] systemd[1]: Created slice System Slice.
[    9.313290] systemd[1]: Listening on Syslog Socket.
[    9.342213] systemd[1]: Started Dispatch Password Requests to Console Directory Watch.
[    9.372845] systemd[1]: Created slice system-getty.slice.
[    9.402282] systemd[1]: Listening on Journal Audit Socket.
[    9.461895] systemd[1]: Mounting Debug File System...
[    9.474218] systemd[1]: Listening on /dev/initctl Compatibility Named Pipe.
[   11.608754] systemd-journald[90]: Received request to flush runtime journal from PID 1
[   14.208646] leds-gpio leds: using DT '/leds/led2' for '(default)' GPIO lookup
[   14.208754] of_get_named_gpiod_flags: parsed 'gpios' property of node '/leds/led2[0]' - status (0)
[   14.208813] gpio gpiochip0: Persistence not supported for GPIO 21
[   14.208828] gpio-533 (?): no flags found for GPIO (default)
[   14.285468] leds-gpio leds: using DT '/leds/led3' for '(default)' GPIO lookup
[   14.285585] of_get_named_gpiod_flags: parsed 'gpios' property of node '/leds/led3[0]' - status (0)
[   14.285644] gpio gpiochip0: Persistence not supported for GPIO 22
[   14.285658] gpio-534 (?): no flags found for GPIO (default)
[   14.321984] leds-gpio leds: using DT '/leds/led4' for '(default)' GPIO lookup
[   14.322087] of_get_named_gpiod_flags: parsed 'gpios' property of node '/leds/led4[0]' - status (0)
[   14.322140] gpio gpiochip0: Persistence not supported for GPIO 23
[   14.322155] gpio-535 (?): no flags found for GPIO (default)
[   14.342334] leds-gpio leds: using DT '/leds/led5' for '(default)' GPIO lookup
[   14.342438] of_get_named_gpiod_flags: parsed 'gpios' property of node '/leds/led5[0]' - status (0)
[   14.342491] gpio gpiochip0: Persistence not supported for GPIO 24
[   14.342505] gpio-536 (?): no flags found for GPIO (default)
[   14.653046] remoteproc remoteproc0: wkup_m3 is available
[   14.849971] at24 2-0054: supply vcc not found, using dummy regulator
[   14.864819] omap_rtc 44e3e000.rtc: registered as rtc0
[   14.870296] omap_rtc 44e3e000.rtc: setting system clock to 2000-01-01T00:00:00 UTC (946684800)
[   14.879186] omap_rtc 44e3e000.rtc: using DT '/ocp/interconnect@44c00000/segment@200000/target-module@3e000/rtc@0' for 'wp' GPIO lookup
[   14.879261] of_get_named_gpiod_flags: can't parse 'wp-gpios' property of node '/ocp/interconnect@44c00000/segment@200000/target-module@3e000/rtc@0[0]'
[   14.879312] of_get_named_gpiod_flags: can't parse 'wp-gpio' property of node '/ocp/interconnect@44c00000/segment@200000/target-module@3e000/rtc@0[0]'
[   14.879352] omap_rtc 44e3e000.rtc: using lookup tables for GPIO lookup
[   14.879365] omap_rtc 44e3e000.rtc: No GPIO consumer wp found
[   15.004943] at24 2-0055: supply vcc not found, using dummy regulator
[   15.072365] am335x-phy-driver 47401300.usb-phy: using DT '/ocp/target-module@47400000/usb-phy@1300' for 'reset' GPIO lookup
[   15.072462] of_get_named_gpiod_flags: can't parse 'reset-gpios' property of node '/ocp/target-module@47400000/usb-phy@1300[0]'
[   15.072506] of_get_named_gpiod_flags: can't parse 'reset-gpio' property of node '/ocp/target-module@47400000/usb-phy@1300[0]'
[   15.072543] am335x-phy-driver 47401300.usb-phy: using lookup tables for GPIO lookup
[   15.072558] am335x-phy-driver 47401300.usb-phy: No GPIO consumer reset found
[   15.072573] am335x-phy-driver 47401300.usb-phy: using DT '/ocp/target-module@47400000/usb-phy@1300' for 'vbus-detect' GPIO lookup
[   15.072604] of_get_named_gpiod_flags: can't parse 'vbus-detect-gpios' property of node '/ocp/target-module@47400000/usb-phy@1300[0]'
[   15.072636] of_get_named_gpiod_flags: can't parse 'vbus-detect-gpio' property of node '/ocp/target-module@47400000/usb-phy@1300[0]'
[   15.072662] am335x-phy-driver 47401300.usb-phy: using lookup tables for GPIO lookup
[   15.072675] am335x-phy-driver 47401300.usb-phy: No GPIO consumer vbus-detect found
[   15.072821] am335x-phy-driver 47401300.usb-phy: dummy supplies not allowed for exclusive requests (id=vbus)
[   15.115906] at24 2-0056: supply vcc not found, using dummy regulator
[   15.232075] at24 2-0057: supply vcc not found, using dummy regulator
[   15.313639] am335x-phy-driver 47401b00.usb-phy: using DT '/ocp/target-module@47400000/usb-phy@1b00' for 'reset' GPIO lookup
[   15.313735] of_get_named_gpiod_flags: can't parse 'reset-gpios' property of node '/ocp/target-module@47400000/usb-phy@1b00[0]'
[   15.313777] of_get_named_gpiod_flags: can't parse 'reset-gpio' property of node '/ocp/target-module@47400000/usb-phy@1b00[0]'
[   15.313815] am335x-phy-driver 47401b00.usb-phy: using lookup tables for GPIO lookup
[   15.313830] am335x-phy-driver 47401b00.usb-phy: No GPIO consumer reset found
[   15.313845] am335x-phy-driver 47401b00.usb-phy: using DT '/ocp/target-module@47400000/usb-phy@1b00' for 'vbus-detect' GPIO lookup
[   15.313875] of_get_named_gpiod_flags: can't parse 'vbus-detect-gpios' property of node '/ocp/target-module@47400000/usb-phy@1b00[0]'
[   15.313907] of_get_named_gpiod_flags: can't parse 'vbus-detect-gpio' property of node '/ocp/target-module@47400000/usb-phy@1b00[0]'
[   15.313933] am335x-phy-driver 47401b00.usb-phy: using lookup tables for GPIO lookup
[   15.313945] am335x-phy-driver 47401b00.usb-phy: No GPIO consumer vbus-detect found
[   15.314093] am335x-phy-driver 47401b00.usb-phy: dummy supplies not allowed for exclusive requests (id=vbus)
[   15.431664] at24 0-0050: using DT '/ocp/interconnect@44c00000/segment@200000/target-module@b000/i2c@0/eeprom@50' for 'wp' GPIO lookup
[   15.431787] of_get_named_gpiod_flags: can't parse 'wp-gpios' property of node '/ocp/interconnect@44c00000/segment@200000/target-module@b000/i2c@0/eeprom@50[0]'
[   15.431847] of_get_named_gpiod_flags: can't parse 'wp-gpio' property of node '/ocp/interconnect@44c00000/segment@200000/target-module@b000/i2c@0/eeprom@50[0]'
[   15.431893] at24 0-0050: using lookup tables for GPIO lookup
[   15.431907] at24 0-0050: No GPIO consumer wp found
[   15.432264] at24 0-0050: 32768 byte 24c256 EEPROM, writable, 1 bytes/write
[   15.667758] input: tps65217_pwrbutton as /devices/platform/ocp/44c00000.interconnect/44c00000.interconnect:segment@200000/44e0b000.target-module/44e0b000.i2c/i2c-0/0-0024/tps65217-pwrbutton/input/input0
[   15.848810] wkup_m3_ipc 44e11324.wkup_m3_ipc: IPC Request for A8->M3 Channel failed! -517
[   16.108295] omap_wdt: OMAP Watchdog Timer Rev 0x01: initial timeout 60 sec
[   16.117131] wkup_m3_ipc 44e11324.wkup_m3_ipc: IPC Request for A8->M3 Channel failed! -517
[   16.370656] usbcore: registered new interface driver usbfs
[   16.376536] usbcore: registered new interface driver hub
[   16.382114] usbcore: registered new device driver usb
[   17.127421] wkup_m3_ipc 44e11324.wkup_m3_ipc: IPC Request for A8->M3 Channel failed! -517
[   17.252617] musb-hdrc musb-hdrc.1: MUSB HDRC host driver
[   17.258038] musb-hdrc musb-hdrc.1: new USB bus registered, assigned bus number 1
[   17.278570] wkup_m3_ipc 44e11324.wkup_m3_ipc: IPC Request for A8->M3 Channel failed! -517
[   17.288623] tda998x 0-0070: found TDA19988
[   17.434603] omap-mailbox 480c8000.mailbox: omap mailbox rev 0x400
[   17.531462] remoteproc remoteproc0: powering up wkup_m3
[   17.598516] usb usb1: New USB device found, idVendor=1d6b, idProduct=0002, bcdDevice= 6.15
[   17.607077] usb usb1: New USB device strings: Mfr=3, Product=2, SerialNumber=1
[   17.614410] usb usb1: Product: MUSB HDRC host driver
[   17.619405] usb usb1: Manufacturer: Linux 6.15.0-rc2-next-20250417 musb-hcd
[   17.626434] usb usb1: SerialNumber: musb-hdrc.1
[   17.949716] remoteproc remoteproc0: Direct firmware load for am335x-pm-firmware.elf failed with error -2
[   17.959455] remoteproc remoteproc0: request_firmware failed: -2
[   17.965486] wkup_m3_ipc 44e11324.wkup_m3_ipc: rproc_boot failed
[   18.176388] hub 1-0:1.0: USB hub found
[   18.269690] hub 1-0:1.0: 1 port detected
[   20.057733] tilcdc 4830e000.lcdc: bound 0-0070 (ops tda998x_audio_codec_init [tda998x])
[   20.228640] [drm] Initialized tilcdc 1.0.0 for 4830e000.lcdc on minor 0
[   20.313578] tilcdc 4830e000.lcdc: [drm] Cannot find any crtc or sizes
[   20.375158] omap_rng 48310000.rng: Random Number Generator ver. 20
[   20.505269] tilcdc 4830e000.lcdc: [drm] Cannot find any crtc or sizes
[   21.058436] PM: Cannot get wkup_m3_ipc handle
[   21.139332] omap-sham 53100000.sham: hw accel on OMAP rev 4.3
[   21.245052] omap-sham 53100000.sham: will run requests pump with realtime priority
[   21.254018] PM: Cannot get wkup_m3_ipc handle
[   21.380471] omap-aes 53500000.aes: OMAP AES hw accel rev: 3.2
[   21.476771] omap-aes 53500000.aes: will run requests pump with realtime priority
[   21.490643] PM: Cannot get wkup_m3_ipc handle
[   23.529058] Bluetooth: Core ver 2.22
[   23.533000] NET: Registered PF_BLUETOOTH protocol family
[   23.538352] Bluetooth: HCI device and connection manager initialized
[   23.544868] Bluetooth: HCI socket layer initialized
[   23.549786] Bluetooth: L2CAP socket layer initialized
[   23.554973] Bluetooth: SCO socket layer initialized
[   24.830757] tda998x 0-0070: using DT '/ocp/interconnect@44c00000/segment@200000/target-module@b000/i2c@0/tda19988@70' for 'nxp,calib' GPIO lookup
[   24.831177] of_get_named_gpiod_flags: parsed 'nxp,calib-gpios' property of node '/ocp/interconnect@44c00000/segment@200000/target-module@b000/i2c@0/tda19988@70[0]' - status (0)
[   24.831524] gpio gpiochip0: Persistence not supported for GPIO 25
[   24.831544] gpio-537 (nxp,calib): no flags found for GPIO nxp,calib
[   24.849217] gpio-537 (nxp,calib): gpiod_direction_output_nonotify: tried to set a GPIO tied to an IRQ as output
[   24.926192] PM: Cannot get wkup_m3_ipc handle
[   24.932257] asoc-simple-card sound: using DT '/sound' for 'simple-audio-card,hp-det' GPIO lookup
[   24.932341] of_get_named_gpiod_flags: can't parse 'simple-audio-card,hp-det-gpios' property of node '/sound[0]'
[   24.932377] of_get_named_gpiod_flags: can't parse 'simple-audio-card,hp-det-gpio' property of node '/sound[0]'
[   24.932403] asoc-simple-card sound: using lookup tables for GPIO lookup
[   24.932417] asoc-simple-card sound: No GPIO consumer simple-audio-card,hp-det found
[   24.932432] asoc-simple-card sound: using DT '/sound' for 'simple-audio-card,mic-det' GPIO lookup
[   24.932457] of_get_named_gpiod_flags: can't parse 'simple-audio-card,mic-det-gpios' property of node '/sound[0]'
[   24.932483] of_get_named_gpiod_flags: can't parse 'simple-audio-card,mic-det-gpio' property of node '/sound[0]'
[   24.932502] asoc-simple-card sound: using lookup tables for GPIO lookup
[   24.932513] asoc-simple-card sound: No GPIO consumer simple-audio-card,mic-det found
[   25.075519] PM: Cannot get wkup_m3_ipc handle
[   25.130424] tda9950 0-0034: TDA9950 CEC interface, hardware version 3.3
[   25.219536] PM: Cannot get wkup_m3_ipc handle
[   28.739571] userial_init: registered 8 ttyGS* devices
[   28.920422] rndis_register: configNr = 0
[   29.093387] udc musb-hdrc.0: binding gadget driver [g_multi]
[   29.093485] configfs-gadget.g_multi gadget.0: adding 'rndis'/4297c02f to config 'c'/ea10c54b
[   29.094603] configfs-gadget.g_multi gadget.0: HOST MAC 1c:ba:8c:a2:ed:6c
[   29.101584] configfs-gadget.g_multi gadget.0: MAC 1c:ba:8c:a2:ed:70
[   29.107945] rndis_set_param_medium: 0 0
[   29.107963] configfs-gadget.g_multi gadget.0: RNDIS: IN/ep1in OUT/ep1out NOTIFY/ep2in
[   29.107979] configfs-gadget.g_multi gadget.0: adding 'cdc_ethernet'/b9d5a07e to config 'c'/ea10c54b
[   29.108862] configfs-gadget.g_multi gadget.0: HOST MAC 1c:ba:8c:a2:ed:6c
[   29.115751] configfs-gadget.g_multi gadget.0: MAC 1c:ba:8c:a2:ed:6d
[   29.122164] configfs-gadget.g_multi gadget.0: CDC Ethernet: IN/ep3in OUT/ep2out NOTIFY/ep4in
[   29.122186] configfs-gadget.g_multi gadget.0: adding 'acm'/faba04d2 to config 'c'/ea10c54b
[   29.122231] configfs-gadget.g_multi gadget.0: acm ttyGS0: IN/ep5in OUT/ep3out NOTIFY/ep6in
[   29.123016] PM: Cannot get wkup_m3_ipc handle
[   31.426656] configfs-gadget.g_multi gadget.0: eth_open
[   34.976287] gs_open: ttyGS0 (df91b271,d3d31bec)
[   34.976836] gs_close: ttyGS0 (df91b271,d3d31bec) ...
[   34.976876] gs_close: ttyGS0 (df91b271,d3d31bec) done!
[   34.980051] gs_open: ttyGS0 (465bc116,d3d31bec)
[   34.980146] gs_close: ttyGS0 (465bc116,d3d31bec) ...
[   34.980167] gs_close: ttyGS0 (465bc116,d3d31bec) done!
[   35.207798] gs_open: ttyGS0 (6777f5eb,3c98d842)
[   35.208046] gs_close: ttyGS0 (6777f5eb,3c98d842) ...
[   35.208077] gs_close: ttyGS0 (6777f5eb,3c98d842) done!
[   35.209232] gs_open: ttyGS0 (6777f5eb,d3d31bec)
WTUEAHOOBH 0
root@arm:~# echo 'LLUZ''MLNNWF'
LLUZMLNNWF
root@arm:~# MARKER='AWPS''GHNBWJ' run 'modprobe test_linear_ranges'
AWPSGHNBWJAWPSGHNBWJ 0
root@arm:~# echo 'VUPN''SLKPKH'
VUPNSLKPKH
root@arm:~# MARKER='NVMJ''BMCSTZ' run dmesg
NVMJBMCSTZ[    0.000000] Booting Linux on physical CPU 0x0
[    0.000000] Linux version 6.15.0-rc2-next-20250417 (user01@drvtest01) (arm-none-eabi-gcc (Arm GNU Toolchain 14.2.Rel1 (Build arm-14.52)) 14.2.1 20241119, GNU ld (Arm GNU Toolchain 14.2.Rel1 (Build arm-14.52)) 2.43.1.20241119) #1 SMP Thu Apr 17 11:17:41 EEST 2025
[    0.000000] CPU: ARMv7 Processor [413fc082] revision 2 (ARMv7), cr=10c5387d
[    0.000000] CPU: PIPT / VIPT nonaliasing data cache, VIPT aliasing instruction cache
[    0.000000] OF: fdt: Machine model: TI AM335x BeagleBone Black
[    0.000000] Memory policy: Data cache writeback
[    0.000000] cma: Reserved 16 MiB at 0x9e800000
[    0.000000] Zone ranges:
[    0.000000]   Normal   [mem 0x0000000080000000-0x000000009fdfffff]
[    0.000000]   HighMem  empty
[    0.000000] Movable zone start for each node
[    0.000000] Early memory node ranges
[    0.000000]   node   0: [mem 0x0000000080000000-0x000000009fdfffff]
[    0.000000] Initmem setup node 0 [mem 0x0000000080000000-0x000000009fdfffff]
[    0.000000] On node 0, zone Normal: 512 pages in unavailable ranges
[    0.000000] OF: reserved mem: Reserved memory: No reserved-memory node in the DT
[    0.000000] CPU: All CPU(s) started in SVC mode.
[    0.000000] AM335X ES2.1 (sgx neon)
[    0.000000] percpu: Embedded 17 pages/cpu s39692 r8192 d21748 u69632
[    0.000000] pcpu-alloc: s39692 r8192 d21748 u69632 alloc=17*4096
[    0.000000] pcpu-alloc: [0] 0 
[    0.000000] Kernel command line: console=ttyO0,115200n8 root=/dev/nfs rw nfsroot=192.168.255.126:/home/user01/nfs,nfsvers=3 ip=192.168.255.1:192.168.255.126::255.255.255.0:bbb1:eth0 nfsrootdebug
[    0.000000] Unknown kernel command line parameters "nfsrootdebug", will be passed to user space.
[    0.000000] printk: log buffer data + meta data: 65536 + 204800 = 270336 bytes
[    0.000000] Dentry cache hash table entries: 65536 (order: 6, 262144 bytes, linear)
[    0.000000] Inode-cache hash table entries: 32768 (order: 5, 131072 bytes, linear)
[    0.000000] Built 1 zonelists, mobility grouping on.  Total pages: 130560
[    0.000000] mem auto-init: stack:off, heap alloc:off, heap free:off
[    0.000000] SLUB: HWalign=16, Order=0-3, MinObjects=0, CPUs=1, Nodes=1
[    0.000000] rcu: Hierarchical RCU implementation.
[    0.000000] rcu: 	RCU event tracing is enabled.
[    0.000000] rcu: 	RCU restricting CPUs from NR_CPUS=2 to nr_cpu_ids=1.
[    0.000000] 	Tracing variant of Tasks RCU enabled.
[    0.000000] rcu: RCU calculated value of scheduler-enlistment delay is 10 jiffies.
[    0.000000] rcu: Adjusting geometry for rcu_fanout_leaf=16, nr_cpu_ids=1
[    0.000000] RCU Tasks Trace: Setting shift to 0 and lim to 1 rcu_task_cb_adjust=1 rcu_task_cpu_ids=1.
[    0.000000] NR_IRQS: 16, nr_irqs: 16, preallocated irqs: 16
[    0.000000] IRQ: Found an INTC at 0x(ptrval) (revision 5.0) with 128 interrupts
[    0.000000] rcu: srcu_init: Setting srcu_struct sizes based on contention.
[    0.000000] TI gptimer clocksource: always-on /ocp/interconnect@44c00000/segment@200000/target-module@31000
[    0.000003] sched_clock: 32 bits at 24MHz, resolution 41ns, wraps every 89478484971ns
[    0.000025] clocksource: dmtimer: mask: 0xffffffff max_cycles: 0xffffffff, max_idle_ns: 79635851949 ns
[    0.000510] TI gptimer clockevent: 24000000 Hz at /ocp/interconnect@48000000/segment@0/target-module@40000
[    0.002136] Console: colour dummy device 80x30
[    0.002205] WARNING: Your 'console=ttyO0' has been replaced by 'ttyS0'
[    0.002213] This ensures that you still see kernel messages. Please
[    0.002218] update your kernel commandline.
[    0.002260] Calibrating delay loop... 996.14 BogoMIPS (lpj=4980736)
[    0.090559] CPU: Testing write buffer coherency: ok
[    0.090671] CPU0: Spectre v2: using BPIALL workaround
[    0.090682] pid_max: default: 32768 minimum: 301
[    0.090845] LSM: initializing lsm=capability
[    0.091028] Mount-cache hash table entries: 1024 (order: 0, 4096 bytes, linear)
[    0.091049] Mountpoint-cache hash table entries: 1024 (order: 0, 4096 bytes, linear)
[    0.092631] CPU0: thread -1, cpu 0, socket -1, mpidr 0
[    0.092688] cacheinfo: Unable to detect cache hierarchy for CPU 0
[    0.160739] Setting up static identity map for 0x80100000 - 0x80100078
[    0.170702] rcu: Hierarchical SRCU implementation.
[    0.170715] rcu: 	Max phase no-delay instances is 1000.
[    0.190754] smp: Bringing up secondary CPUs ...
[    0.190810] smp: Brought up 1 node, 1 CPU
[    0.190824] SMP: Total of 1 processors activated (996.14 BogoMIPS).
[    0.190836] CPU: All CPU(s) started in SVC mode.
[    0.191030] Memory: 480824K/522240K available (11264K kernel code, 1217K rwdata, 2976K rodata, 1024K init, 287K bss, 23384K reserved, 16384K cma-reserved, 0K highmem)
[    0.191853] devtmpfs: initialized
[    0.208962] VFP support v0.3: implementor 41 architecture 3 part 30 variant c rev 3
[    0.209596] clocksource: jiffies: mask: 0xffffffff max_cycles: 0xffffffff, max_idle_ns: 19112604462750000 ns
[    0.209656] posixtimers hash table entries: 512 (order: 0, 4096 bytes, linear)
[    0.209674] futex hash table entries: 256 (order: 2, 16384 bytes, linear)
[    0.211007] pinctrl core: initialized pinctrl subsystem
[    0.213126] NET: Registered PF_NETLINK/PF_ROUTE protocol family
[    0.215936] DMA: preallocated 256 KiB pool for atomic coherent allocations
[    0.216894] audit: initializing netlink subsys (disabled)
[    0.218288] thermal_sys: Registered thermal governor 'fair_share'
[    0.218305] thermal_sys: Registered thermal governor 'step_wise'
[    0.218313] thermal_sys: Registered thermal governor 'user_space'
[    0.218453] audit: type=2000 audit(0.210:1): state=initialized audit_enabled=0 res=1
[    0.218486] cpuidle: using governor menu
[    0.236530] /ocp/interconnect@44c00000/segment@200000/target-module@b000/i2c@0/tda19988@70: Fixed dependency cycle(s) with /ocp/interconnect@48000000/segment@300000/target-module@e000/lcdc@0
[    0.237660] /ocp/interconnect@48000000/segment@300000/target-module@e000/lcdc@0: Fixed dependency cycle(s) with /ocp/interconnect@44c00000/segment@200000/target-module@b000/i2c@0/tda19988@70
[    0.239830] No ATAGs?
[    0.239872] hw-breakpoint: debug architecture 0x4 unsupported.
[    0.242732] kprobes: kprobe jump-optimization is enabled. All kprobes are optimized if possible.
[    0.254339] iommu: Default domain type: Translated
[    0.254362] iommu: DMA domain TLB invalidation policy: strict mode
[    0.255982] reg-fixed-voltage fixedregulator0: using DT '/fixedregulator0' for '(default)' GPIO lookup
[    0.256036] of_get_named_gpiod_flags: can't parse 'gpios' property of node '/fixedregulator0[0]'
[    0.256065] of_get_named_gpiod_flags: can't parse 'gpio' property of node '/fixedregulator0[0]'
[    0.256082] reg-fixed-voltage fixedregulator0: using lookup tables for GPIO lookup
[    0.256092] reg-fixed-voltage fixedregulator0: No GPIO consumer (default) found
[    0.261872] SCSI subsystem initialized
[    0.262340] libata version 3.00 loaded.
[    0.262707] pps_core: LinuxPPS API ver. 1 registered
[    0.262718] pps_core: Software ver. 5.3.6 - Copyright 2005-2007 Rodolfo Giometti <giometti@linux.it>
[    0.262742] PTP clock support registered
[    0.270909] vgaarb: loaded
[    0.271276] clocksource: Switched to clocksource dmtimer
[    0.271930] VFS: Disk quotas dquot_6.6.0
[    0.271986] VFS: Dquot-cache hash table entries: 1024 (order 0, 4096 bytes)
[    0.296664] NET: Registered PF_INET protocol family
[    0.297005] IP idents hash table entries: 8192 (order: 4, 65536 bytes, linear)
[    0.298432] tcp_listen_portaddr_hash hash table entries: 512 (order: 0, 4096 bytes, linear)
[    0.298471] Table-perturb hash table entries: 65536 (order: 6, 262144 bytes, linear)
[    0.298490] TCP established hash table entries: 4096 (order: 2, 16384 bytes, linear)
[    0.298536] TCP bind hash table entries: 4096 (order: 4, 65536 bytes, linear)
[    0.298636] TCP: Hash tables configured (established 4096 bind 4096)
[    0.298762] UDP hash table entries: 256 (order: 1, 14336 bytes, linear)
[    0.298798] UDP-Lite hash table entries: 256 (order: 1, 14336 bytes, linear)
[    0.298979] NET: Registered PF_UNIX/PF_LOCAL protocol family
[    0.300248] RPC: Registered named UNIX socket transport module.
[    0.300267] RPC: Registered udp transport module.
[    0.300272] RPC: Registered tcp transport module.
[    0.300277] RPC: Registered tcp-with-tls transport module.
[    0.300282] RPC: Registered tcp NFSv4.1 backchannel transport module.
[    0.300306] PCI: CLS 0 bytes, default 64
[    0.301855] Initialise system trusted keyrings
[    0.311955] workingset: timestamp_bits=14 max_order=17 bucket_order=3
[    0.313338] NFS: Registering the id_resolver key type
[    0.313406] Key type id_resolver registered
[    0.313414] Key type id_legacy registered
[    0.313521] jffs2: version 2.2. (NAND) (SUMMARY)  Â© 2001-2006 Red Hat, Inc.
[    0.313947] Key type asymmetric registered
[    0.313964] Asymmetric key parser 'x509' registered
[    0.314026] io scheduler mq-deadline registered
[    0.314036] io scheduler kyber registered
[    0.314112] io scheduler bfq registered
[    0.315986] target-module@4b000000:target-module@140000:pmu@0:fck: device ID is greater than 24
[    0.322142] l3-aon-clkctrl:0000:0: failed to disable
[    0.331691] ledtrig-cpu: registered to indicate activity on CPUs
[    0.334573] Serial: 8250/16550 driver, 6 ports, IRQ sharing enabled
[    0.396235] brd: module loaded
[    0.404897] loop: module loaded
[    0.405828] mtdoops: mtd device (mtddev=name/number) must be supplied
[    0.407547] mdio_bus fixed-0: using lookup tables for GPIO lookup
[    0.407571] mdio_bus fixed-0: No GPIO consumer reset found
[    0.408956] i2c_dev: i2c /dev entries driver
[    0.409953] cpuidle: enable-method property 'ti,am3352' found operations
[    0.410399] sdhci: Secure Digital Host Controller Interface driver
[    0.410409] sdhci: Copyright(c) Pierre Ossman
[    0.410581] sdhci-pltfm: SDHCI platform and OF driver helper
[    0.433449] hw perfevents: enabled with armv7_cortex_a8 PMU driver, 5 (8000000f) counters available
[    0.433973] Initializing XFRM netlink socket
[    0.434163] NET: Registered PF_INET6 protocol family
[    0.439813] l3-aon-clkctrl:0000:0: failed to disable
[    0.441193] Segment Routing with IPv6
[    0.441437] In-situ OAM (IOAM) with IPv6
[    0.441548] sit: IPv6, IPv4 and MPLS over IPv4 tunneling driver
[    0.442513] NET: Registered PF_PACKET protocol family
[    0.442541] NET: Registered PF_KEY protocol family
[    0.442678] Key type dns_resolver registered
[    0.442904] ThumbEE CPU extension supported.
[    0.442923] Registering SWP/SWPB emulation handler
[    0.443463] omap_voltage_late_init: Voltage driver support not added
[    0.444132] SmartReflex Class3 initialized
[    0.464015] Loading compiled-in X.509 certificates
[    0.502712] /ocp/interconnect@44c00000/segment@200000/target-module@b000/i2c@0/tda19988@70: Fixed dependency cycle(s) with /ocp/interconnect@48000000/segment@300000/target-module@e000/lcdc@0
[    0.509134] /ocp/interconnect@44c00000/segment@200000/target-module@b000/i2c@0/tda19988@70: Fixed dependency cycle(s) with /ocp/interconnect@48000000/segment@300000/target-module@e000/lcdc@0
[    0.514871] gpiochip_find_base_unlocked: found new base at 512
[    0.550017] /ocp/interconnect@44c00000/segment@200000/target-module@b000/i2c@0/tda19988@70: Fixed dependency cycle(s) with /ocp/interconnect@48000000/segment@300000/target-module@e000/lcdc@0
[    0.550908] /ocp/interconnect@44c00000/segment@200000/target-module@b000/i2c@0/tda19988@70: Fixed dependency cycle(s) with /ocp/interconnect@48000000/segment@300000/target-module@e000/lcdc@0
[    0.554714] /ocp/interconnect@44c00000/segment@200000/target-module@10000/scm@0/pinmux@800: Fixed dependency cycle(s) with /ocp/interconnect@44c00000/segment@200000/target-module@10000/scm@0/pinmux@800/clkout2-pins
[    0.555319] pinctrl-single 44e10800.pinmux: 142 pins, size 568
[    0.560609] ti-sysc 44e31000.target-module: probe with driver ti-sysc failed with error -16
[    0.599217] /ocp/interconnect@48000000/segment@300000/target-module@e000/lcdc@0: Fixed dependency cycle(s) with /ocp/interconnect@44c00000/segment@200000/target-module@b000/i2c@0/tda19988@70
[    0.607547] ti-sysc 48040000.target-module: probe with driver ti-sysc failed with error -16
[    0.619015] gpiochip_find_base_unlocked: found new base at 512
[    0.619122] gpio gpiochip0: (gpio-0-31): created GPIO range 0->7 ==> 44e10800.pinmux PIN 0->7
[    0.619140] gpio gpiochip0: (gpio-0-31): created GPIO range 8->11 ==> 44e10800.pinmux PIN 90->93
[    0.619156] gpio gpiochip0: (gpio-0-31): created GPIO range 12->27 ==> 44e10800.pinmux PIN 12->27
[    0.619171] gpio gpiochip0: (gpio-0-31): created GPIO range 28->31 ==> 44e10800.pinmux PIN 30->33
[    0.647393] gpio gpiochip0: (gpio-0-31): added GPIO chardev (254:0)
[    0.647551] gpio gpiochip0: registered GPIOs 512 to 543 on gpio-0-31
[    0.647639] OMAP GPIO hardware version 0.1
[    0.685239] i2c i2c-2: using DT '/ocp/interconnect@48000000/segment@100000/target-module@9c000/i2c@0' for 'scl' GPIO lookup
[    0.685312] of_get_named_gpiod_flags: can't parse 'scl-gpios' property of node '/ocp/interconnect@48000000/segment@100000/target-module@9c000/i2c@0[0]'
[    0.685354] of_get_named_gpiod_flags: can't parse 'scl-gpio' property of node '/ocp/interconnect@48000000/segment@100000/target-module@9c000/i2c@0[0]'
[    0.685389] i2c i2c-2: using lookup tables for GPIO lookup
[    0.685399] i2c i2c-2: No GPIO consumer scl found
[    0.685421] i2c i2c-2: using DT '/ocp/interconnect@48000000/segment@100000/target-module@9c000/i2c@0' for 'sda' GPIO lookup
[    0.685457] of_get_named_gpiod_flags: can't parse 'sda-gpios' property of node '/ocp/interconnect@48000000/segment@100000/target-module@9c000/i2c@0[0]'
[    0.685493] of_get_named_gpiod_flags: can't parse 'sda-gpio' property of node '/ocp/interconnect@48000000/segment@100000/target-module@9c000/i2c@0[0]'
[    0.685524] i2c i2c-2: using lookup tables for GPIO lookup
[    0.685532] i2c i2c-2: No GPIO consumer sda found
[    0.686271] omap_i2c 4819c000.i2c: bus 2 rev0.11 at 100 kHz
[    0.692205] gpiochip_find_base_unlocked: found new base at 544
[    0.692312] gpio gpiochip1: (gpio-32-63): created GPIO range 0->17 ==> 44e10800.pinmux PIN 34->51
[    0.692331] gpio gpiochip1: (gpio-32-63): created GPIO range 18->21 ==> 44e10800.pinmux PIN 77->80
[    0.692347] gpio gpiochip1: (gpio-32-63): created GPIO range 22->31 ==> 44e10800.pinmux PIN 56->65
[    0.706962] gpio gpiochip1: (gpio-32-63): added GPIO chardev (254:1)
[    0.707138] gpio gpiochip1: registered GPIOs 544 to 575 on gpio-32-63
[    0.709380] gpiochip_find_base_unlocked: found new base at 576
[    0.709473] gpio gpiochip2: (gpio-64-95): created GPIO range 0->4 ==> 44e10800.pinmux PIN 66->70
[    0.709493] gpio gpiochip2: (gpio-64-95): created GPIO range 5->6 ==> 44e10800.pinmux PIN 98->99
[    0.709508] gpio gpiochip2: (gpio-64-95): created GPIO range 7->8 ==> 44e10800.pinmux PIN 75->76
[    0.709523] gpio gpiochip2: (gpio-64-95): created GPIO range 13->13 ==> 44e10800.pinmux PIN 141->141
[    0.709539] gpio gpiochip2: (gpio-64-95): created GPIO range 14->21 ==> 44e10800.pinmux PIN 100->107
[    0.724078] gpio gpiochip2: (gpio-64-95): added GPIO chardev (254:2)
[    0.724237] gpio gpiochip2: registered GPIOs 576 to 607 on gpio-64-95
[    0.729977] 48000000.interconnect:segment@200000:target-module@0:mpu@0:fck: device ID is greater than 24
[    0.730888] /ocp/interconnect@48000000/segment@300000/target-module@e000/lcdc@0: Fixed dependency cycle(s) with /ocp/interconnect@44c00000/segment@200000/target-module@b000/i2c@0/tda19988@70
[    0.734053] /ocp/interconnect@48000000/segment@300000/target-module@e000/lcdc@0: Fixed dependency cycle(s) with /ocp/interconnect@44c00000/segment@200000/target-module@b000/i2c@0/tda19988@70
[    0.734772] /ocp/interconnect@44c00000/segment@200000/target-module@b000/i2c@0/tda19988@70: Fixed dependency cycle(s) with /ocp/interconnect@48000000/segment@300000/target-module@e000/lcdc@0
[    0.734942] /ocp/interconnect@48000000/segment@300000/target-module@e000/lcdc@0: Fixed dependency cycle(s) with /ocp/interconnect@44c00000/segment@200000/target-module@b000/i2c@0/tda19988@70
[    0.744731] mdio_bus 4a101000.mdio: using DT '/ocp/interconnect@4a000000/segment@0/target-module@100000/switch@0/mdio@1000' for 'reset' GPIO lookup
[    0.744805] of_get_named_gpiod_flags: can't parse 'reset-gpios' property of node '/ocp/interconnect@4a000000/segment@0/target-module@100000/switch@0/mdio@1000[0]'
[    0.744850] of_get_named_gpiod_flags: can't parse 'reset-gpio' property of node '/ocp/interconnect@4a000000/segment@0/target-module@100000/switch@0/mdio@1000[0]'
[    0.744896] mdio_bus 4a101000.mdio: using lookup tables for GPIO lookup
[    0.744906] mdio_bus 4a101000.mdio: No GPIO consumer reset found
[    0.745838] sdhci-omap 481d8000.mmc: using DT '/ocp/interconnect@48000000/segment@100000/target-module@d8000/mmc@0' for 'wp' GPIO lookup
[    0.745897] of_get_named_gpiod_flags: can't parse 'wp-gpios' property of node '/ocp/interconnect@48000000/segment@100000/target-module@d8000/mmc@0[0]'
[    0.745938] of_get_named_gpiod_flags: can't parse 'wp-gpio' property of node '/ocp/interconnect@48000000/segment@100000/target-module@d8000/mmc@0[0]'
[    0.745971] sdhci-omap 481d8000.mmc: using lookup tables for GPIO lookup
[    0.745980] sdhci-omap 481d8000.mmc: No GPIO consumer wp found
[    0.746173] sdhci-omap 481d8000.mmc: supply pbias not found, using dummy regulator
[    0.746671] sdhci-omap 481d8000.mmc: supply vqmmc not found, using dummy regulator
[    0.801421] davinci_mdio 4a101000.mdio: davinci mdio revision 1.6, bus freq 1000000
[    0.819105] mdio_bus 4a101000.mdio:00: using DT '/ocp/interconnect@4a000000/segment@0/target-module@100000/switch@0/mdio@1000/ethernet-phy@0' for 'reset' GPIO lookup
[    0.819207] of_get_named_gpiod_flags: parsed 'reset-gpios' property of node '/ocp/interconnect@4a000000/segment@0/target-module@100000/switch@0/mdio@1000/ethernet-phy@0[0]' - status (0)
[    0.819372] gpio gpiochip0: Persistence not supported for GPIO 8
[    0.940947] davinci_mdio 4a101000.mdio: phy[0]: device 4a101000.mdio:00, driver SMSC LAN8710/LAN8720
[    0.941782] cpsw-switch 4a100000.switch: initialized cpsw ale version 1.4
[    0.941806] cpsw-switch 4a100000.switch: ALE Table size 1024, Policers 0
[    0.942033] cpsw-switch 4a100000.switch: cpts: overflow check period 500 (jiffies)
[    0.942052] cpsw-switch 4a100000.switch: CPTS: ref_clk_freq:250000000 calc_mult:2147483648 calc_shift:29 error:0 nsec/sec
[    0.942167] cpsw-switch 4a100000.switch: Detected MACID = 6c:ec:eb:68:de:78
[    0.944023] cpsw-switch 4a100000.switch: initialized (regs 0x4a100000, pool size 256) hw_ver:0019010C 1.12 (0)
[    0.955163] debugfs: Directory '49000000.dma' with parent 'dmaengine' already present!
[    0.955205] edma 49000000.dma: TI EDMA DMA engine driver
[    0.996705] gpio-clk clk_mcasp0: using DT '/clk_mcasp0' for 'enable' GPIO lookup
[    0.996784] of_get_named_gpiod_flags: parsed 'enable-gpios' property of node '/clk_mcasp0[0]' - status (0)
[    0.996827] gpio gpiochip0: Persistence not supported for GPIO 27
[    0.997695] gpiochip_find_base_unlocked: found new base at 608
[    0.997811] gpio gpiochip3: (gpio-96-127): created GPIO range 0->7 ==> 44e10800.pinmux PIN 82->89
[    0.997831] gpio gpiochip3: (gpio-96-127): created GPIO range 8->11 ==> 44e10800.pinmux PIN 52->55
[    0.997846] gpio gpiochip3: (gpio-96-127): created GPIO range 12->15 ==> 44e10800.pinmux PIN 94->97
[    0.997862] gpio gpiochip3: (gpio-96-127): created GPIO range 16->17 ==> 44e10800.pinmux PIN 71->72
[    0.997878] gpio gpiochip3: (gpio-96-127): created GPIO range 18->18 ==> 44e10800.pinmux PIN 135->135
[    0.997894] gpio gpiochip3: (gpio-96-127): created GPIO range 19->20 ==> 44e10800.pinmux PIN 108->109
[    0.997910] gpio gpiochip3: (gpio-96-127): created GPIO range 21->21 ==> 44e10800.pinmux PIN 73->73
[    0.997929] gpio gpiochip3: (gpio-96-127): created GPIO range 22->23 ==> 44e10800.pinmux PIN 8->9
[    0.997951] gpio gpiochip3: (gpio-96-127): created GPIO range 26->27 ==> 44e10800.pinmux PIN 10->11
[    0.997970] gpio gpiochip3: (gpio-96-127): created GPIO range 28->28 ==> 44e10800.pinmux PIN 74->74
[    0.997987] gpio gpiochip3: (gpio-96-127): created GPIO range 29->29 ==> 44e10800.pinmux PIN 81->81
[    0.998006] gpio gpiochip3: (gpio-96-127): created GPIO range 30->31 ==> 44e10800.pinmux PIN 28->29
[    1.014710] gpio gpiochip3: (gpio-96-127): added GPIO chardev (254:3)
[    1.014885] gpio gpiochip3: registered GPIOs 608 to 639 on gpio-96-127
[    1.022188] omap8250 44e09000.serial: using DT '/ocp/interconnect@44c00000/segment@200000/target-module@9000/serial@0' for 'rs485-term' GPIO lookup
[    1.022263] of_get_named_gpiod_flags: can't parse 'rs485-term-gpios' property of node '/ocp/interconnect@44c00000/segment@200000/target-module@9000/serial@0[0]'
[    1.022308] of_get_named_gpiod_flags: can't parse 'rs485-term-gpio' property of node '/ocp/interconnect@44c00000/segment@200000/target-module@9000/serial@0[0]'
[    1.022344] omap8250 44e09000.serial: using lookup tables for GPIO lookup
[    1.022353] omap8250 44e09000.serial: No GPIO consumer rs485-term found
[    1.022363] omap8250 44e09000.serial: using DT '/ocp/interconnect@44c00000/segment@200000/target-module@9000/serial@0' for 'rs485-rx-during-tx' GPIO lookup
[    1.022398] of_get_named_gpiod_flags: can't parse 'rs485-rx-during-tx-gpios' property of node '/ocp/interconnect@44c00000/segment@200000/target-module@9000/serial@0[0]'
[    1.022435] of_get_named_gpiod_flags: can't parse 'rs485-rx-during-tx-gpio' property of node '/ocp/interconnect@44c00000/segment@200000/target-module@9000/serial@0[0]'
[    1.022466] omap8250 44e09000.serial: using lookup tables for GPIO lookup
[    1.022474] omap8250 44e09000.serial: No GPIO consumer rs485-rx-during-tx found
[    1.022851] 44e09000.serial: ttyS0 at MMIO 0x44e09000 (irq = 34, base_baud = 3000000) is a 8250
[    1.022940] printk: legacy console [ttyS0] enabled
[    2.452567] i2c i2c-0: using DT '/ocp/interconnect@44c00000/segment@200000/target-module@b000/i2c@0' for 'scl' GPIO lookup
[    2.452668] of_get_named_gpiod_flags: can't parse 'scl-gpios' property of node '/ocp/interconnect@44c00000/segment@200000/target-module@b000/i2c@0[0]'
[    2.452716] of_get_named_gpiod_flags: can't parse 'scl-gpio' property of node '/ocp/interconnect@44c00000/segment@200000/target-module@b000/i2c@0[0]'
[    2.452756] i2c i2c-0: using lookup tables for GPIO lookup
[    2.452770] i2c i2c-0: No GPIO consumer scl found
[    2.452795] i2c i2c-0: using DT '/ocp/interconnect@44c00000/segment@200000/target-module@b000/i2c@0' for 'sda' GPIO lookup
[    2.452834] of_get_named_gpiod_flags: can't parse 'sda-gpios' property of node '/ocp/interconnect@44c00000/segment@200000/target-module@b000/i2c@0[0]'
[    2.452874] of_get_named_gpiod_flags: can't parse 'sda-gpio' property of node '/ocp/interconnect@44c00000/segment@200000/target-module@b000/i2c@0[0]'
[    2.452909] i2c i2c-0: using lookup tables for GPIO lookup
[    2.452920] i2c i2c-0: No GPIO consumer sda found
[    2.472237] tps65217-pmic: Failed to locate of_node [id: -1]
[    2.478296] tps65217-bl: Failed to locate of_node [id: -1]
[    2.485752] platform tps65217-charger: DMA mask not set
[    2.493085] platform tps65217-pwrbutton: DMA mask not set
[    2.500900] tps65217 0-0024: TPS65217 ID 0xe version 1.2
[    2.507053] /ocp/interconnect@48000000/segment@300000/target-module@e000/lcdc@0: Fixed dependency cycle(s) with /ocp/interconnect@44c00000/segment@200000/target-module@b000/i2c@0/tda19988@70
[    2.524403] /ocp/interconnect@44c00000/segment@200000/target-module@b000/i2c@0/tda19988@70: Fixed dependency cycle(s) with /ocp/interconnect@48000000/segment@300000/target-module@e000/lcdc@0
[    2.541774] omap_i2c 44e0b000.i2c: bus 0 rev0.11 at 400 kHz
[    2.549528] sdhci-omap 48060000.mmc: using DT '/ocp/interconnect@48000000/segment@0/target-module@60000/mmc@0' for 'cd' GPIO lookup
[    2.549640] of_get_named_gpiod_flags: parsed 'cd-gpios' property of node '/ocp/interconnect@48000000/segment@0/target-module@60000/mmc@0[0]' - status (0)
[    2.549708] gpio gpiochip3: Persistence not supported for GPIO 6
[    2.549736] omap_gpio 44e07000.gpio: Could not set line 6 debounce to 200000 microseconds (-22)
[    2.558599] sdhci-omap 48060000.mmc: Got CD GPIO
[    2.563276] sdhci-omap 48060000.mmc: using DT '/ocp/interconnect@48000000/segment@0/target-module@60000/mmc@0' for 'wp' GPIO lookup
[    2.563325] of_get_named_gpiod_flags: can't parse 'wp-gpios' property of node '/ocp/interconnect@48000000/segment@0/target-module@60000/mmc@0[0]'
[    2.563369] of_get_named_gpiod_flags: can't parse 'wp-gpio' property of node '/ocp/interconnect@48000000/segment@0/target-module@60000/mmc@0[0]'
[    2.563407] sdhci-omap 48060000.mmc: using lookup tables for GPIO lookup
[    2.563421] sdhci-omap 48060000.mmc: No GPIO consumer wp found
[    2.563630] sdhci-omap 48060000.mmc: supply pbias not found, using dummy regulator
