Labgrid Console Logfile for main
Logfile started at 2025-08-10 20:28:12.264209
=== Log starts here ===
reading args
spl_load_image_fat_os: error reading image args, err - -1
reading u-boot.img
reading u-boot.img


U-Boot 2014.04-00014-g47880f5 (Apr 22 2014 - 13:23:54)

I2C:   ready
DRAM:  512 MiB
NAND:  0 MiB
MMC:   OMAP SD/MMC: 0, OMAP SD/MMC: 1
*** Warning - readenv() failed, using default environment

Net:   <ethaddr> not set. Validating first E-fuse MAC
Could not get PHY for cpsw: addr 0
cpsw, usb_ether
Hit any key to stop autoboot:  1  0 
gpio: pin 53 (gpio 53) value is 1
mmc0 is current device
gpio: pin 54 (gpio 54) value is 1
SD/MMC found on device 0
reading uEnv.txt
569 bytes read in 4 ms (138.7 KiB/s)
gpio: pin 55 (gpio 55) value is 1
Loaded environment from uEnv.txt
Importing environment from mmc ...
Checking if uenvcmd is set ...
gpio: pin 56 (gpio 56) value is 1
Running uenvcmd ...
Using cpsw device
TFTP from server 192.168.255.126; our IP address is 192.168.255.1
Filename 'zImage'.
Load address: 0x81000000
Loading: *T T T T T T T T T T T T T T T T T T T Labgrid Console Logfile for main
Logfile started at 2025-08-10 20:29:53.472832
=== Log starts here ===
reading args
spl_load_image_fat_os: error reading image args, err - -1
reading u-boot.img
reading u-boot.img


U-Boot 2014.04-00014-g47880f5 (Apr 22 2014 - 13:23:54)

I2C:   ready
DRAM:  512 MiB
NAND:  0 MiB
MMC:   OMAP SD/MMC: 0, OMAP SD/MMC: 1
*** Warning - readenv() failed, using default environment

Net:   <ethaddr> not set. Validating first E-fuse MAC
cpsw, usb_ether
Hit any key to stop autoboot:  1  0 
gpio: pin 53 (gpio 53) value is 1
mmc0 is current device
gpio: pin 54 (gpio 54) value is 1
SD/MMC found on device 0
reading uEnv.txt
569 bytes read in 4 ms (138.7 KiB/s)
gpio: pin 55 (gpio 55) value is 1
Loaded environment from uEnv.txt
Importing environment from mmc ...
Checking if uenvcmd is set ...
gpio: pin 56 (gpio 56) value is 1
Running uenvcmd ...
cpsw Waiting for PHY auto negotiation to complete. done
link up on port 0, speed 100, full duplex
Using cpsw device
TFTP from server 192.168.255.126; our IP address is 192.168.255.1
Filename 'zImage'.
Load address: 0x81000000
Loading: *T #################################################################
	 #################################################################
	 #################################################################
	 #################################################################
	 #################################################################
	 ############################################################
	 760.7 KiB/s
done
Bytes transferred = 5649256 (563368 hex)
link up on port 0, speed 100, full duplex
Using cpsw device
TFTP from server 192.168.255.126; our IP address is 192.168.255.1
Filename 'am335x-boneblack.dtb'.
Load address: 0x82000000
Loading: *#######
	 2.3 MiB/s
done
Bytes transferred = 98244 (17fc4 hex)
Kernel image @ 0x81000000 [ 0x000000 - 0x563368 ]
## Flattened Device Tree blob at 82000000
   Booting using the fdt blob at 0x82000000
   Using Device Tree in place at 82000000, end 8201afc3

Starting kernel ...

[    0.000000] Booting Linux on physical CPU 0x0
[    0.000000] Linux version 6.17.0-rc1 (user01@drvtest01) (arm-none-eabi-gcc (Arm GNU Toolchain 14.2.Rel1 (Build arm-14.52)) 14.2.1 20241119, GNU ld (Arm GNU Toolchain 14.2.Rel1 (Build arm-14.52)) 2.43.1.20241119) #1 SMP Sun Aug 10 20:24:41 EEST 2025
[    0.000000] CPU: ARMv7 Processor [413fc082] revision 2 (ARMv7), cr=10c5387d
[    0.000000] CPU: PIPT / VIPT nonaliasing data cache, VIPT aliasing instruction cache
[    0.000000] OF: fdt: Machine model: TI AM335x BeagleBone Black
[    0.000000] Memory policy: Data cache writeback
[    0.000000] cma: Reserved 16 MiB at 0x9e800000
[    0.000000] Zone ranges:
[    0.000000]   Normal   [mem 0x0000000080000000-0x000000009fdfffff]
[    0.000000]   HighMem  empty
[    0.000000] Movable zone start for each node
[    0.000000] Early memory node ranges
[    0.000000]   node   0: [mem 0x0000000080000000-0x000000009fdfffff]
[    0.000000] Initmem setup node 0 [mem 0x0000000080000000-0x000000009fdfffff]
[    0.000000] On node 0, zone Normal: 512 pages in unavailable ranges
[    0.000000] OF: reserved mem: Reserved memory: No reserved-memory node in the DT
[    0.000000] CPU: All CPU(s) started in SVC mode.
[    0.000000] AM335X ES2.1 (sgx neon)
[    0.000000] percpu: Embedded 17 pages/cpu s39820 r8192 d21620 u69632
[    0.000000] Kernel command line: console=ttyO0,115200n8 root=/dev/nfs rw nfsroot=192.168.255.126:/home/user01/nfs,nfsvers=3 ip=192.168.255.1:192.168.255.126::255.255.255.0:bbb1:eth0 nfsrootdebug
[    0.000000] Unknown kernel command line parameters "nfsrootdebug", will be passed to user space.
[    0.000000] printk: log buffer data + meta data: 65536 + 204800 = 270336 bytes
[    0.000000] Dentry cache hash table entries: 65536 (order: 6, 262144 bytes, linear)
[    0.000000] Inode-cache hash table entries: 32768 (order: 5, 131072 bytes, linear)
[    0.000000] Built 1 zonelists, mobility grouping on.  Total pages: 130560
[    0.000000] mem auto-init: stack:off, heap alloc:off, heap free:off
[    0.000000] SLUB: HWalign=16, Order=0-3, MinObjects=0, CPUs=1, Nodes=1
[    0.000000] rcu: Hierarchical RCU implementation.
[    0.000000] rcu: 	RCU event tracing is enabled.
[    0.000000] rcu: 	RCU restricting CPUs from NR_CPUS=2 to nr_cpu_ids=1.
[    0.000000] 	Tracing variant of Tasks RCU enabled.
[    0.000000] rcu: RCU calculated value of scheduler-enlistment delay is 10 jiffies.
[    0.000000] rcu: Adjusting geometry for rcu_fanout_leaf=16, nr_cpu_ids=1
[    0.000000] RCU Tasks Trace: Setting shift to 0 and lim to 1 rcu_task_cb_adjust=1 rcu_task_cpu_ids=1.
[    0.000000] NR_IRQS: 16, nr_irqs: 16, preallocated irqs: 16
[    0.000000] IRQ: Found an INTC at 0x(ptrval) (revision 5.0) with 128 interrupts
[    0.000000] rcu: srcu_init: Setting srcu_struct sizes based on contention.
[    0.000000] TI gptimer clocksource: always-on /ocp/interconnect@44c00000/segment@200000/target-module@31000
[    0.000003] sched_clock: 32 bits at 24MHz, resolution 41ns, wraps every 89478484971ns
[    0.000026] clocksource: dmtimer: mask: 0xffffffff max_cycles: 0xffffffff, max_idle_ns: 79635851949 ns
[    0.000528] TI gptimer clockevent: 24000000 Hz at /ocp/interconnect@48000000/segment@0/target-module@40000
[    0.002133] Console: colour dummy device 80x30
[    0.002198] WARNING: Your 'console=ttyO0' has been replaced by 'ttyS0'
[    0.002206] This ensures that you still see kernel messages. Please
[    0.002210] update your kernel commandline.
[    0.002254] Calibrating delay loop... 996.14 BogoMIPS (lpj=4980736)
[    0.090575] CPU: Testing write buffer coherency: ok
[    0.090684] CPU0: Spectre v2: using BPIALL workaround
[    0.090695] pid_max: default: 32768 minimum: 301
[    0.090852] LSM: initializing lsm=capability
[    0.091016] Mount-cache hash table entries: 1024 (order: 0, 4096 bytes, linear)
[    0.091034] Mountpoint-cache hash table entries: 1024 (order: 0, 4096 bytes, linear)
[    0.092591] CPU0: thread -1, cpu 0, socket -1, mpidr 0
[    0.092650] cacheinfo: Unable to detect cache hierarchy for CPU 0
[    0.094632] Setting up static identity map for 0x80100000 - 0x80100078
[    0.094963] rcu: Hierarchical SRCU implementation.
[    0.094973] rcu: 	Max phase no-delay instances is 1000.
[    0.096676] smp: Bringing up secondary CPUs ...
[    0.096733] smp: Brought up 1 node, 1 CPU
[    0.096746] SMP: Total of 1 processors activated (996.14 BogoMIPS).
[    0.096757] CPU: All CPU(s) started in SVC mode.
[    0.096954] Memory: 480856K/522240K available (11264K kernel code, 1218K rwdata, 2936K rodata, 1024K init, 254K bss, 23352K reserved, 16384K cma-reserved, 0K highmem)
[    0.097757] devtmpfs: initialized
[    0.114752] VFP support v0.3: implementor 41 architecture 3 part 30 variant c rev 3
[    0.115386] clocksource: jiffies: mask: 0xffffffff max_cycles: 0xffffffff, max_idle_ns: 19112604462750000 ns
[    0.115440] posixtimers hash table entries: 512 (order: 0, 4096 bytes, linear)
[    0.115467] futex hash table entries: 256 (16384 bytes on 1 NUMA nodes, total 16 KiB, linear).
[    0.116591] pinctrl core: initialized pinctrl subsystem
[    0.118713] NET: Registered PF_NETLINK/PF_ROUTE protocol family
[    0.121863] DMA: preallocated 256 KiB pool for atomic coherent allocations
[    0.122473] audit: initializing netlink subsys (disabled)
[    0.123770] thermal_sys: Registered thermal governor 'fair_share'
[    0.123784] thermal_sys: Registered thermal governor 'step_wise'
[    0.123794] thermal_sys: Registered thermal governor 'user_space'
[    0.123902] audit: type=2000 audit(0.120:1): state=initialized audit_enabled=0 res=1
[    0.123975] cpuidle: using governor menu
[    0.141869] /ocp/interconnect@44c00000/segment@200000/target-module@b000/i2c@0/tda19988@70: Fixed dependency cycle(s) with /ocp/interconnect@48000000/segment@300000/target-module@e000/lcdc@0
[    0.143003] /ocp/interconnect@48000000/segment@300000/target-module@e000/lcdc@0: Fixed dependency cycle(s) with /ocp/interconnect@44c00000/segment@200000/target-module@b000/i2c@0/tda19988@70
[    0.145223] No ATAGs?
[    0.145267] hw-breakpoint: debug architecture 0x4 unsupported.
[    0.148345] kprobes: kprobe jump-optimization is enabled. All kprobes are optimized if possible.
[    0.154001] iommu: Default domain type: Translated
[    0.154023] iommu: DMA domain TLB invalidation policy: strict mode
[    0.161773] SCSI subsystem initialized
[    0.162626] pps_core: LinuxPPS API ver. 1 registered
[    0.162636] pps_core: Software ver. 5.3.6 - Copyright 2005-2007 Rodolfo Giometti <giometti@linux.it>
[    0.162660] PTP clock support registered
[    0.171227] vgaarb: loaded
[    0.171601] clocksource: Switched to clocksource dmtimer
[    0.172287] VFS: Disk quotas dquot_6.6.0
[    0.172345] VFS: Dquot-cache hash table entries: 1024 (order 0, 4096 bytes)
[    0.197435] NET: Registered PF_INET protocol family
[    0.197777] IP idents hash table entries: 8192 (order: 4, 65536 bytes, linear)
[    0.199207] tcp_listen_portaddr_hash hash table entries: 512 (order: 0, 4096 bytes, linear)
[    0.199245] Table-perturb hash table entries: 65536 (order: 6, 262144 bytes, linear)
[    0.199264] TCP established hash table entries: 4096 (order: 2, 16384 bytes, linear)
[    0.199310] TCP bind hash table entries: 4096 (order: 4, 65536 bytes, linear)
[    0.199410] TCP: Hash tables configured (established 4096 bind 4096)
[    0.199529] UDP hash table entries: 256 (order: 1, 14336 bytes, linear)
[    0.199562] UDP-Lite hash table entries: 256 (order: 1, 14336 bytes, linear)
[    0.199750] NET: Registered PF_UNIX/PF_LOCAL protocol family
[    0.201007] RPC: Registered named UNIX socket transport module.
[    0.201025] RPC: Registered udp transport module.
[    0.201031] RPC: Registered tcp transport module.
[    0.201036] RPC: Registered tcp-with-tls transport module.
[    0.201041] RPC: Registered tcp NFSv4.1 backchannel transport module.
[    0.201066] PCI: CLS 0 bytes, default 64
[    0.202596] Initialise system trusted keyrings
[    0.212281] workingset: timestamp_bits=14 max_order=17 bucket_order=3
[    0.213688] NFS: Registering the id_resolver key type
[    0.213750] Key type id_resolver registered
[    0.213757] Key type id_legacy registered
[    0.213865] jffs2: version 2.2. (NAND) (SUMMARY)  Â© 2001-2006 Red Hat, Inc.
[    0.214316] Key type asymmetric registered
[    0.214332] Asymmetric key parser 'x509' registered
[    0.214403] io scheduler mq-deadline registered
[    0.214413] io scheduler kyber registered
[    0.214486] io scheduler bfq registered
[    0.216353] target-module@4b000000:target-module@140000:pmu@0:fck: device ID is greater than 24
[    0.222536] l3-aon-clkctrl:0000:0: failed to disable
[    0.232150] ledtrig-cpu: registered to indicate activity on CPUs
[    0.235901] Serial: 8250/16550 driver, 6 ports, IRQ sharing enabled
[    0.280722] brd: module loaded
[    0.289187] loop: module loaded
[    0.290115] mtdoops: mtd device (mtddev=name/number) must be supplied
[    0.293403] i2c_dev: i2c /dev entries driver
[    0.294413] cpuidle: enable-method property 'ti,am3352' found operations
[    0.294860] sdhci: Secure Digital Host Controller Interface driver
[    0.294870] sdhci: Copyright(c) Pierre Ossman
[    0.295047] sdhci-pltfm: SDHCI platform and OF driver helper
[    0.302369] hw perfevents: enabled with armv7_cortex_a8 PMU driver, 5 (8000000f) counters available
[    0.302896] Initializing XFRM netlink socket
[    0.303078] NET: Registered PF_INET6 protocol family
[    0.308741] l3-aon-clkctrl:0000:0: failed to disable
[    0.310116] Segment Routing with IPv6
[    0.310200] In-situ OAM (IOAM) with IPv6
[    0.310295] sit: IPv6, IPv4 and MPLS over IPv4 tunneling driver
[    0.311244] NET: Registered PF_PACKET protocol family
[    0.311269] NET: Registered PF_KEY protocol family
[    0.311422] Key type dns_resolver registered
[    0.311828] ThumbEE CPU extension supported.
[    0.311853] Registering SWP/SWPB emulation handler
[    0.312390] omap_voltage_late_init: Voltage driver support not added
[    0.313071] SmartReflex Class3 initialized
[    0.343688] Loading compiled-in X.509 certificates
[    0.380041] /ocp/interconnect@44c00000/segment@200000/target-module@b000/i2c@0/tda19988@70: Fixed dependency cycle(s) with /ocp/interconnect@48000000/segment@300000/target-module@e000/lcdc@0
[    0.386681] /ocp/interconnect@44c00000/segment@200000/target-module@b000/i2c@0/tda19988@70: Fixed dependency cycle(s) with /ocp/interconnect@48000000/segment@300000/target-module@e000/lcdc@0
[    0.418763] /ocp/interconnect@44c00000/segment@200000/target-module@b000/i2c@0/tda19988@70: Fixed dependency cycle(s) with /ocp/interconnect@48000000/segment@300000/target-module@e000/lcdc@0
[    0.419640] /ocp/interconnect@44c00000/segment@200000/target-module@b000/i2c@0/tda19988@70: Fixed dependency cycle(s) with /ocp/interconnect@48000000/segment@300000/target-module@e000/lcdc@0
[    0.423477] /ocp/interconnect@44c00000/segment@200000/target-module@10000/scm@0/pinmux@800: Fixed dependency cycle(s) with /ocp/interconnect@44c00000/segment@200000/target-module@10000/scm@0/pinmux@800/clkout2-pins
[    0.424075] pinctrl-single 44e10800.pinmux: 142 pins, size 568
[    0.429367] ti-sysc 44e31000.target-module: probe with driver ti-sysc failed with error -16
[    0.453599] /ocp/interconnect@48000000/segment@300000/target-module@e000/lcdc@0: Fixed dependency cycle(s) with /ocp/interconnect@44c00000/segment@200000/target-module@b000/i2c@0/tda19988@70
[    0.461811] ti-sysc 48040000.target-module: probe with driver ti-sysc failed with error -16
[    0.499019] OMAP GPIO hardware version 0.1
[    0.535630] omap_i2c 4819c000.i2c: bus 2 rev0.11 at 100 kHz
[    0.563990] 48000000.interconnect:segment@200000:target-module@0:mpu@0:fck: device ID is greater than 24
[    0.564898] /ocp/interconnect@48000000/segment@300000/target-module@e000/lcdc@0: Fixed dependency cycle(s) with /ocp/interconnect@44c00000/segment@200000/target-module@b000/i2c@0/tda19988@70
[    0.567774] /ocp/interconnect@48000000/segment@300000/target-module@e000/lcdc@0: Fixed dependency cycle(s) with /ocp/interconnect@44c00000/segment@200000/target-module@b000/i2c@0/tda19988@70
[    0.568490] /ocp/interconnect@44c00000/segment@200000/target-module@b000/i2c@0/tda19988@70: Fixed dependency cycle(s) with /ocp/interconnect@48000000/segment@300000/target-module@e000/lcdc@0
[    0.568652] /ocp/interconnect@48000000/segment@300000/target-module@e000/lcdc@0: Fixed dependency cycle(s) with /ocp/interconnect@44c00000/segment@200000/target-module@b000/i2c@0/tda19988@70
[    0.579894] sdhci-omap 481d8000.mmc: supply pbias not found, using dummy regulator
[    0.580388] sdhci-omap 481d8000.mmc: supply vqmmc not found, using dummy regulator
[    0.622640] davinci_mdio 4a101000.mdio: davinci mdio revision 1.6, bus freq 1000000
[    0.761454] davinci_mdio 4a101000.mdio: phy[0]: device 4a101000.mdio:00, driver SMSC LAN8710/LAN8720
[    0.762306] cpsw-switch 4a100000.switch: initialized cpsw ale version 1.4
[    0.762329] cpsw-switch 4a100000.switch: ALE Table size 1024, Policers 0
[    0.777135] cpsw-switch 4a100000.switch: cpts: overflow check period 500 (jiffies)
[    0.777158] cpsw-switch 4a100000.switch: CPTS: ref_clk_freq:250000000 calc_mult:2147483648 calc_shift:29 error:0 nsec/sec
[    0.777266] cpsw-switch 4a100000.switch: Detected MACID = 6c:ec:eb:68:de:78
[    0.779135] cpsw-switch 4a100000.switch: initialized (regs 0x4a100000, pool size 256) hw_ver:0019010C 1.12 (0)
[    0.790321] debugfs: '49000000.dma' already exists in 'dmaengine'
[    0.790363] edma 49000000.dma: TI EDMA DMA engine driver
[    0.845378] 44e09000.serial: ttyS0 at MMIO 0x44e09000 (irq = 34, base_baud = 3000000) is a 8250
[    0.845470] printk: legacy console [ttyS0] enabled
[    2.432552] tps65217-pmic: Failed to locate of_node [id: -1]
[    2.438619] tps65217-bl: Failed to locate of_node [id: -1]
[    2.444700] platform tps65217-charger: DMA mask not set
[    2.450748] platform tps65217-pwrbutton: DMA mask not set
[    2.458035] tps65217 0-0024: TPS65217 ID 0xe version 1.2
[    2.464182] /ocp/interconnect@48000000/segment@300000/target-module@e000/lcdc@0: Fixed dependency cycle(s) with /ocp/interconnect@44c00000/segment@200000/target-module@b000/i2c@0/tda19988@70
[    2.481561] /ocp/interconnect@44c00000/segment@200000/target-module@b000/i2c@0/tda19988@70: Fixed dependency cycle(s) with /ocp/interconnect@48000000/segment@300000/target-module@e000/lcdc@0
[    2.498945] omap_i2c 44e0b000.i2c: bus 0 rev0.11 at 400 kHz
[    2.506839] omap_gpio 44e07000.gpio: Could not set line 6 debounce to 200000 microseconds (-22)
[    2.515766] sdhci-omap 48060000.mmc: Got CD GPIO
[    2.520781] sdhci-omap 48060000.mmc: supply pbias not found, using dummy regulator
[    2.530744] sdhci-omap 48060000.mmc: supply vqmmc not found, using dummy regulator
[    2.540078] sdhci-omap 481d8000.mmc: supply pbias not found, using dummy regulator
[    2.549773] sdhci-omap 481d8000.mmc: supply vqmmc not found, using dummy regulator
[    2.585304] mmc0: SDHCI controller on 48060000.mmc [48060000.mmc] using External DMA
[    2.593620] mmc1: SDHCI controller on 481d8000.mmc [481d8000.mmc] using External DMA
[    2.602381] cpsw-switch 4a100000.switch: starting ndev. mode: dual_mac
[    2.671944] mmc1: new high speed MMC card at address 0001
[    2.678755] mmcblk1: mmc1:0001 MMC04G 3.60 GiB
[    2.686725]  mmcblk1: p1 p2
[    2.690471] SMSC LAN8710/LAN8720 4a101000.mdio:00: attached PHY driver (mii_bus:phy_addr=4a101000.mdio:00, irq=POLL)
[    2.702013] mmcblk1boot0: mmc1:0001 MMC04G 2.00 MiB
[    2.716265] mmcblk1boot1: mmc1:0001 MMC04G 2.00 MiB
[    2.725131] mmcblk1rpmb: mmc1:0001 MMC04G 128 KiB, chardev (249:0)
[    2.774663] mmc0: new high speed SDHC card at address aaaa
[    2.781469] mmcblk0: mmc0:aaaa SE32G 29.7 GiB
[    2.790639]  mmcblk0: p1 p2
[    5.842358] cpsw-switch 4a100000.switch eth0: Link is Up - 100Mbps/Full - flow control off
[    5.871616] IP-Config: Complete:
[    5.874892]      device=eth0, hwaddr=6c:ec:eb:68:de:78, ipaddr=192.168.255.1, mask=255.255.255.0, gw=255.255.255.255
[    5.885539]      host=bbb1, domain=, nis-domain=(none)
[    5.890706]      bootserver=192.168.255.126, rootserver=192.168.255.126, rootpath=
[    5.891112] clk: Disabling unused clocks
[    5.903021] KTAP version 1
[    5.905750] 1..0
[    5.908442] check access for rdinit=/init failed: -2, ignoring
[    5.936953] VFS: Mounted root (nfs filesystem) on device 0:17.
[    5.944022] devtmpfs: mounted
[    5.948489] Freeing unused kernel image (initmem) memory: 1024K
[    5.955334] Run /sbin/init as init process
[    6.631198] systemd[1]: System time before build time, advancing clock.
[    8.161624] random: crng init done
[    8.174440] systemd[1]: systemd 232 running in system mode. (+PAM +AUDIT +SELINUX +IMA +APPARMOR +SMACK +SYSVINIT +UTMP +LIBCRYPTSETUP +GCRYPT +GNUTLS +ACL +XZ +LZ4 +SECCOMP +BLKID +ELFUTILS +KMOD +IDN)
[    8.193545] systemd[1]: Detected architecture arm.

Welcome to [1mDebian GNU/Linux 9 (stretch)[0m!

[    8.224754] systemd[1]: Set hostname to <arm>.
[    9.339005] systemd[1]: Created slice User and Session Slice.
[[0;32m  OK  [0m] Created slice User and Session Slice.
[    9.365581] systemd[1]: syslog.socket: SO_PASSSEC failed: Operation not supported
[    9.373569] systemd[1]: Listening on Syslog Socket.
[[0;32m  OK  [0m] Listening on Syslog Socket.
[    9.402512] systemd[1]: Started Dispatch Password Requests to Console Directory Watch.
[[0;32m  OK  [0m] Started Dispatch Password Requests to Console Directory Watch.
[    9.432221] systemd[1]: systemd-journald-dev-log.socket: SO_PASSSEC failed: Operation not supported
[    9.441843] systemd[1]: Listening on Journal Socket (/dev/log).
[[0;32m  OK  [0m] Listening on Journal Socket (/dev/log).
[    9.473608] systemd[1]: Listening on /dev/initctl Compatibility Named Pipe.
[[0;32m  OK  [0m] Listening on /dev/initctl Compatibility Named Pipe.
[[0;32m  OK  [0m] Listening on udev Kernel Socket.
[[0;32m  OK  [0m] Reached target Swap.
[[0;32m  OK  [0m] Listening on udev Control Socket.
[[0;32m  OK  [0m] Set up automount Arbitrary Executabâ€¦rmats File System Automount Point.
[[0;32m  OK  [0m] Listening on Journal Socket.
[[0;32m  OK  [0m] Listening on Journal Audit Socket.
[[0;32m  OK  [0m] Started Forward Password Requests to Wall Directory Watch.
[[0;32m  OK  [0m] Reached target Remote File Systems.
[[0;32m  OK  [0m] Reached target Paths.
[[0;32m  OK  [0m] Reached target Encrypted Volumes.
[[0;32m  OK  [0m] Created slice System Slice.
         Starting Create list of required stâ€¦ce nodes for the current kernel...
         Starting Journal Service...
         Mounting POSIX Message Queue File System...
[[0;32m  OK  [0m] Reached target Slices.
[[0;32m  OK  [0m] Created slice system-serial\x2dgetty.slice.
         Starting Load Kernel Modules...
         Starting Remount Root and Kernel File Systems...
[[0;32m  OK  [0m] Created slice system-getty.slice.
         Mounting Debug File System...
[[0;32m  OK  [0m] Mounted POSIX Message Queue File System.
[[0;32m  OK  [0m] Started Create list of required staâ€¦vice nodes for the current kernel.
         Starting Create Static Device Nodes in /dev...
[[0;32m  OK  [0m] Mounted Debug File System.
[[0;32m  OK  [0m] Started Remount Root and Kernel File Systems.
         Starting udev Coldplug all Devices...
         Starting Load/Save Random Seed...
[[0;32m  OK  [0m] Started Load Kernel Modules.
         Starting Apply Kernel Variables...
         Mounting Configuration File System...
[[0;32m  OK  [0m] Mounted Configuration File System.
[[0;32m  OK  [0m] Started Load/Save Random Seed.
[[0;32m  OK  [0m] Started Apply Kernel Variables.
[[0;32m  OK  [0m] Started Create Static Device Nodes in /dev.
         Starting udev Kernel Device Manager...
[[0;32m  OK  [0m] Reached target Local File Systems (Pre).
[[0;32m  OK  [0m] Reached target Local File Systems.
         Starting Raise network interfaces...
[[0;32m  OK  [0m] Started Journal Service.
         Starting Flush Journal to Persistent Storage...
[   11.827308] systemd-journald[80]: Received request to flush runtime journal from PID 1
[[0;32m  OK  [0m] Started Flush Journal to Persistent Storage.
         Starting Create Volatile Files and Directories...
[[0;32m  OK  [0m] Started udev Kernel Device Manager.
[   12.646949] omap_prm 44e00d00.prm: sync_state() pending due to 44d00000.cpu
[[0;32m  OK  [0m] Started Create Volatile Files and Directories.
         Starting Network Time Synchronization...
         Starting Update UTMP about System Boot/Shutdown...
[[0;32m  OK  [0m] Started Update UTMP about System Boot/Shutdown.
[[0;32m  OK  [0m] Started udev Coldplug all Devices.
[[0;32m  OK  [0m] Started Network Time Synchronization.
[   15.051040] remoteproc remoteproc0: wkup_m3 is available
[   15.238568] omap_rtc 44e3e000.rtc: registered as rtc0
[   15.243868] omap_rtc 44e3e000.rtc: setting system clock to 2000-01-01T00:00:00 UTC (946684800)
[   15.292401] omap_wdt: OMAP Watchdog Timer Rev 0x01: initial timeout 60 sec
[   15.355928] at24 2-0054: supply vcc not found, using dummy regulator
[   15.498624] at24 2-0055: supply vcc not found, using dummy regulator
[   15.624268] at24 2-0056: supply vcc not found, using dummy regulator
[   15.705829] at24 2-0057: supply vcc not found, using dummy regulator
[   15.824613] at24 0-0050: 32768 byte 24c256 EEPROM, writable, 1 bytes/write
[[0;32m  OK  [0m] Found device /dev/ttyS0.
[   16.029933] input: tps65217_pwrbutton as /devices/platform/ocp/44c00000.interconnect/44c00000.interconnect:segment@200000/44e0b000.target-module/44e0b000.i2c/i2c-0/0-0024/tps65217-pwrbutton/input/input0
[[0;32m  OK  [0m] Reached target System Initialization.
[[0;32m  OK  [0m] Started Daily Cleanup of Temporary Directories.
[[0;32m  OK  [0m] Listening on Avahi mDNS/DNS-SD Stack Activation Socket.
[[0;32m  OK  [0m] Listening on D-Bus System Message Bus Socket.
[[0;32m  OK  [0m] Reached target Sockets.
[[0;32m  OK  [0m] Reached target Basic System.
[   16.459666] am335x-phy-driver 47401300.usb-phy: dummy supplies not allowed for exclusive requests (id=vbus)
[   16.665845] am335x-phy-driver 47401b00.usb-phy: dummy supplies not allowed for exclusive requests (id=vbus)
[   16.742427] usbcore: registered new interface driver usbfs
[   16.748064] usbcore: registered new interface driver hub
[   16.753684] usbcore: registered new device driver usb
[[0;32m  OK  [0m] Started Regular background program processing daemon.
         Starting Login Service...
         Starting Cape Manager Service...
         Starting Telephony service...
         Starting LSB: Load kernel modules needed to enable cpufreq scaling...
         Starting LSB: Start busybox udhcpd at boot time...
         Starting Avahi mDNS/DNS-SD Stack...
[   17.612094] musb-hdrc musb-hdrc.1: MUSB HDRC host driver
[   17.617514] musb-hdrc musb-hdrc.1: new USB bus registered, assigned bus number 1
[[0;32m  OK  [0m] Started D-Bus System Message Bus.
[   17.757269] tda998x 0-0070: found TDA19988
[   17.964083] usb usb1: New USB device found, idVendor=1d6b, idProduct=0002, bcdDevice= 6.17
[   17.972700] usb usb1: New USB device strings: Mfr=3, Product=2, SerialNumber=1
[   17.979971] usb usb1: Product: MUSB HDRC host driver
[   17.985093] usb usb1: Manufacturer: Linux 6.17.0-rc1 musb-hcd
[   17.990875] usb usb1: SerialNumber: musb-hdrc.1
[   18.081529] omap-mailbox 480c8000.mailbox: omap mailbox rev 0x400
[   18.179006] remoteproc remoteproc0: powering up wkup_m3
[   18.282112] remoteproc remoteproc0: Direct firmware load for am335x-pm-firmware.elf failed with error -2
[   18.291826] remoteproc remoteproc0: request_firmware failed: -2
[   18.297786] wkup_m3_ipc 44e11324.wkup_m3_ipc: rproc_boot failed
[   18.471410] hub 1-0:1.0: USB hub found
[   18.511770] hub 1-0:1.0: 1 port detected
[   20.877073] omap_rng 48310000.rng: Random Number Generator ver. 20
[   21.143124] tilcdc 4830e000.lcdc: bound 0-0070 (ops tda998x_audio_codec_init [tda998x])
[   21.234370] [drm] Initialized tilcdc 1.0.0 for 4830e000.lcdc on minor 0
[   21.294268] tilcdc 4830e000.lcdc: [drm] Cannot find any crtc or sizes
[   21.302593] tilcdc 4830e000.lcdc: [drm] Cannot find any crtc or sizes
[[0;32m  OK  [0m] Started Telephony service.
[   21.574239] ------------[ cut here ]------------
[   21.578933] WARNING: CPU: 0 PID: 203 at net/8021q/vlan_core.c:236 vlan_for_each+0x114/0x134
[   21.587502] RTNL: assertion failed at net/8021q/vlan_core.c (236)
[   21.593657] Modules linked in: tilcdc drm_dma_helper drm_client_lib omap_rng rng_core snd_soc_davinci_mcasp snd_soc_ti_udma snd_soc_ti_edma snd_soc_ti_sdma snd_soc_core snd_pcm_dmaengine snd_pcm snd_timer snd omap_mailbox soundcore tda998x musb_dsps cec musb_hdrc udc_core drm_kms_helper usbcore phy_am335x phy_generic drm usb_common cppi41 wkup_m3_ipc phy_am335x_control tps65218_pwrbutton drm_panel_orientation_quirks at24 omap_wdt rtc_omap watchdog wkup_m3_rproc leds_gpio cpufreq_dt led_class autofs4
[   21.638385] CPU: 0 UID: 107 PID: 203 Comm: avahi-daemon Not tainted 6.17.0-rc1 #1 NONE 
[   21.638404] Hardware name: Generic AM33XX (Flattened Device Tree)
[   21.638413] Call trace: 
[   21.638429]  unwind_backtrace from show_stack+0x10/0x14
[   21.638467]  show_stack from dump_stack_lvl+0x50/0x64
[   21.638493]  dump_stack_lvl from __warn+0x74/0x12c
[   21.638512]  __warn from warn_slowpath_fmt+0x19c/0x1b0
[   21.638525]  warn_slowpath_fmt from vlan_for_each+0x114/0x134
[   21.638548]  vlan_for_each from cpsw_add_mc_addr+0x40/0xa4
[   21.638576]  cpsw_add_mc_addr from __hw_addr_ref_sync_dev+0x108/0x140
[   21.638609]  __hw_addr_ref_sync_dev from __dev_mc_add+0x7c/0x80
[   21.638633]  __dev_mc_add from igmp6_group_added+0xc8/0xe0
[   21.638662]  igmp6_group_added from __ipv6_dev_mc_inc+0x218/0x364
[   21.638681]  __ipv6_dev_mc_inc from __ipv6_sock_mc_join+0x11c/0x214
[   21.638699]  __ipv6_sock_mc_join from do_ipv6_setsockopt+0x1214/0x1310
[   21.638731]  do_ipv6_setsockopt from ipv6_setsockopt+0x60/0xcc
[   21.638754]  ipv6_setsockopt from udpv6_setsockopt+0x2c/0x6c
[   21.638772]  udpv6_setsockopt from sock_common_setsockopt+0x30/0x40
[   21.638802]  sock_common_setsockopt from do_sock_setsockopt+0x50/0x9c
[   21.638824]  do_sock_setsockopt from __sys_setsockopt+0x70/0xbc
[   21.638844]  __sys_setsockopt from ret_fast_syscall+0x0/0x58
[   21.638862] Exception stack(0xe016dfa8 to 0xe016dff0)
[   21.638876] dfa0:                   00000014 b6f6bce8 0000000d 00000029 00000014 beb499ec
[   21.638887] dfc0: 00000014 b6f6bce8 00000014 00000126 0000000d b6f14ff4 0051e990 00506558
[   21.638896] dfe0: b6f2a088 beb499d8 b6f07309 b6dde41a
[   21.638904] ---[ end trace 0000000000000000 ]---
[[0;32m  OK  [0m] Started Avahi mDNS/DNS-SD Stack.
         Starting Generic Board Startup...
         Starting System Logging Service...
         Starting DUN service...
         Starting Connection service...
[[0;32m  OK  [0m] Reached target System Time Synchronized.
[[0;32m  OK  [0m] Started Daily apt download activities.
[[0;32m  OK  [0m] Started Daily apt upgrade and clean activities.
[   22.514623] PM: Cannot get wkup_m3_ipc handle
[   22.530667] omap-sham 53100000.sham: hw accel on OMAP rev 4.3
[[0;32m  OK  [0m] Reached target Timers.
[[0;32m  OK  [0m] Started Cape Manager Service.
[   22.721983] omap-sham 53100000.sham: will run requests pump with realtime priority
[   22.730763] PM: Cannot get wkup_m3_ipc handle
[   22.877363] omap-aes 53500000.aes: OMAP AES hw accel rev: 3.2
[   22.997230] omap-aes 53500000.aes: will run requests pump with realtime priority
[   23.005795] PM: Cannot get wkup_m3_ipc handle
[   24.150162] Bluetooth: Core ver 2.22
[   24.154199] NET: Registered PF_BLUETOOTH protocol family
[   24.159552] Bluetooth: HCI device and connection manager initialized
[   24.166069] Bluetooth: HCI socket layer initialized
[   24.170985] Bluetooth: L2CAP socket layer initialized
[   24.176167] Bluetooth: SCO socket layer initialized
[[0;32m  OK  [0m] Started System Logging Service.
[   26.096051] gpio-537 (nxp,calib): gpiod_direction_output_nonotify: tried to set a GPIO tied to an IRQ as output
[   26.180086] PM: Cannot get wkup_m3_ipc handle
[   26.293398] PM: Cannot get wkup_m3_ipc handle
[   26.346660] tda9950 0-0034: TDA9950 CEC interface, hardware version 3.3
[   26.455013] PM: Cannot get wkup_m3_ipc handle
[[0;32m  OK  [0m] Started LSB: Start busybox udhcpd at boot time.
[[0;32m  OK  [0m] Started Raise network interfaces.
[[0;32m  OK  [0m] Started LSB: Load kernel modules needed to enable cpufreq scaling.
[[0;32m  OK  [0m] Started DUN service.
[[0;32m  OK  [0m] Started Connection service.
[   29.708299] configfs-gadget.g_multi gadget.0: HOST MAC 1c:ba:8c:a2:ed:6c
[   29.715340] configfs-gadget.g_multi gadget.0: MAC 1c:ba:8c:a2:ed:70
[   29.722702] configfs-gadget.g_multi gadget.0: HOST MAC 1c:ba:8c:a2:ed:6c
[   29.729466] configfs-gadget.g_multi gadget.0: MAC 1c:ba:8c:a2:ed:6d
[   29.736671] PM: Cannot get wkup_m3_ipc handle
[[0;32m  OK  [0m] Started Login Service.
         Starting Hostname Service...
         Starting WPA supplicant...
[[0;32m  OK  [0m] Reached target Sound Card.
         Starting LSB: set CPUFreq kernel parameters...
[[0;32m  OK  [0m] Started WPA supplicant.
[[0;32m  OK  [0m] Reached target Network.
         Starting Permit User Sessions...
[[0;32m  OK  [0m] Reached target Network is Online.
         Starting LSB: Advanced IEEE 802.11 management daemon...
         Starting The Apache HTTP Server...
         Starting OpenBSD Secure Shell server...
[[0;32m  OK  [0m] Started Permit User Sessions.
[[0;32m  OK  [0m] Started LSB: set CPUFreq kernel parameters.
[[0;32m  OK  [0m] Started LSB: Advanced IEEE 802.11 management daemon.
[[0;32m  OK  [0m] Started Hostname Service.
[[0;32m  OK  [0m] Started Serial Getty on ttyS0.
[[0;32m  OK  [0m] Started Getty on tty1.
[[0;32m  OK  [0m] Reached target Login Prompts.
[[0;32m  OK  [0m] Started OpenBSD Secure Shell server.
         Stopping LSB: Start busybox udhcpd at boot time...
[[0;32m  OK  [0m] Stopped LSB: Start busybox udhcpd at boot time.
         Starting dnsmasq - A lightweight DHCP and caching DNS server...
[[0;32m  OK  [0m] Started The Apache HTTP Server.
[[0;32m  OK  [0m] Started dnsmasq - A lightweight DHCP and caching DNS server.
[[0;32m  OK  [0m] Reached target Host and Network Name Lookups.
[[0;32m  OK  [0m] Started Serial Getty on ttyGS0.
[[0;32m  OK  [0m] Started Generic Board Startup.
[[0;32m  OK  [0m] Reached target Multi-User System.
[[0;32m  OK  [0m] Reached target Graphical Interface.
         Starting Update UTMP about System Runlevel Changes...
[[0;32m  OK  [0m] Started Update UTMP about System Runlevel Changes.

Debian GNU/Linux 9 arm ttyS0

default username:password is [debian:temppwd]

arm login: root
Password: 
Last login: Sat Jan  1 00:00:38 UTC 2000 on ttyS0
root
Linux arm 6.17.0-rc1 #1 SMP Sun Aug 10 20:24:41 EEST 2025 armv7l

The programs included with the Debian GNU/Linux system are free software;
the exact distribution terms for each program are described in the
individual files in /usr/share/doc/*/copyright.

Debian GNU/Linux comes with ABSOLUTELY NO WARRANTY, to the extent
permitted by applicable law.
root@arm:~# root
dmesg -n 1
-bash: root: command not found
root@arm:~# dmesg -n 1
root@arm:~# echo 'UOOC''XZSHEN'
UOOCXZSHEN
root@arm:~# run() { echo -n "$MARKER"; sh -c "$@"; echo "$MARKER $?"; }
root@arm:~# echo 'GNPJ''GXJZYQ'
GNPJGXJZYQ
root@arm:~# MARKER='OXAW''XCEASK' run 'cat /proc/version'
OXAWXCEASKLinux version 6.17.0-rc1 (user01@drvtest01) (arm-none-eabi-gcc (Arm GNU Toolchain 14.2.Rel1 (Build arm-14.52)) 14.2.1 20241119, GNU ld (Arm GNU Toolchain 14.2.Rel1 (Build arm-14.52)) 2.43.1.20241119) #1 SMP Sun Aug 10 20:24:41 EEST 2025
OXAWXCEASK 0
root@arm:~# echo 'XZFU''MOWFVE'
XZFUMOWFVE
root@arm:~# MARKER='HSUH''ZOFNVF' run false
HSUHZOFNVFHSUHZOFNVF 1
root@arm:~# Labgrid Console Logfile for main
Logfile started at 2025-08-10 20:31:01.869831
=== Log starts here ===

root@arm:~# run() { echo -n "$MARKER"; sh -c "$@"; echo "$MARKER $?"; }
root@arm:~# echo 'VHZJ''HVVYNO'
VHZJHVVYNO
root@arm:~# MARKER='KCLG''OAZZZL' run 'ls /iio_generic_buffer; echo $?'
KCLGOAZZZL/iio_generic_buffer
0
KCLGOAZZZL 0
root@arm:~# Labgrid Console Logfile for main
Logfile started at 2025-08-10 20:31:05.222772
=== Log starts here ===

root@arm:~# run() { echo -n "$MARKER"; sh -c "$@"; echo "$MARKER $?"; }
root@arm:~# echo 'GVXQ''ZYWHEA'
GVXQZYWHEA
root@arm:~# MARKER='HUUQ''OKBKZP' run dmesg
HUUQOKBKZP[    0.000000] Booting Linux on physical CPU 0x0
[    0.000000] Linux version 6.17.0-rc1 (user01@drvtest01) (arm-none-eabi-gcc (Arm GNU Toolchain 14.2.Rel1 (Build arm-14.52)) 14.2.1 20241119, GNU ld (Arm GNU Toolchain 14.2.Rel1 (Build arm-14.52)) 2.43.1.20241119) #1 SMP Sun Aug 10 20:24:41 EEST 2025
[    0.000000] CPU: ARMv7 Processor [413fc082] revision 2 (ARMv7), cr=10c5387d
[    0.000000] CPU: PIPT / VIPT nonaliasing data cache, VIPT aliasing instruction cache
[    0.000000] OF: fdt: Machine model: TI AM335x BeagleBone Black
[    0.000000] Memory policy: Data cache writeback
[    0.000000] cma: Reserved 16 MiB at 0x9e800000
[    0.000000] Zone ranges:
[    0.000000]   Normal   [mem 0x0000000080000000-0x000000009fdfffff]
[    0.000000]   HighMem  empty
[    0.000000] Movable zone start for each node
[    0.000000] Early memory node ranges
[    0.000000]   node   0: [mem 0x0000000080000000-0x000000009fdfffff]
[    0.000000] Initmem setup node 0 [mem 0x0000000080000000-0x000000009fdfffff]
[    0.000000] On node 0, zone Normal: 512 pages in unavailable ranges
[    0.000000] OF: reserved mem: Reserved memory: No reserved-memory node in the DT
[    0.000000] CPU: All CPU(s) started in SVC mode.
[    0.000000] AM335X ES2.1 (sgx neon)
[    0.000000] percpu: Embedded 17 pages/cpu s39820 r8192 d21620 u69632
[    0.000000] pcpu-alloc: s39820 r8192 d21620 u69632 alloc=17*4096
[    0.000000] pcpu-alloc: [0] 0 
[    0.000000] Kernel command line: console=ttyO0,115200n8 root=/dev/nfs rw nfsroot=192.168.255.126:/home/user01/nfs,nfsvers=3 ip=192.168.255.1:192.168.255.126::255.255.255.0:bbb1:eth0 nfsrootdebug
[    0.000000] Unknown kernel command line parameters "nfsrootdebug", will be passed to user space.
[    0.000000] printk: log buffer data + meta data: 65536 + 204800 = 270336 bytes
[    0.000000] Dentry cache hash table entries: 65536 (order: 6, 262144 bytes, linear)
[    0.000000] Inode-cache hash table entries: 32768 (order: 5, 131072 bytes, linear)
[    0.000000] Built 1 zonelists, mobility grouping on.  Total pages: 130560
[    0.000000] mem auto-init: stack:off, heap alloc:off, heap free:off
[    0.000000] SLUB: HWalign=16, Order=0-3, MinObjects=0, CPUs=1, Nodes=1
[    0.000000] rcu: Hierarchical RCU implementation.
[    0.000000] rcu: 	RCU event tracing is enabled.
[    0.000000] rcu: 	RCU restricting CPUs from NR_CPUS=2 to nr_cpu_ids=1.
[    0.000000] 	Tracing variant of Tasks RCU enabled.
[    0.000000] rcu: RCU calculated value of scheduler-enlistment delay is 10 jiffies.
[    0.000000] rcu: Adjusting geometry for rcu_fanout_leaf=16, nr_cpu_ids=1
[    0.000000] RCU Tasks Trace: Setting shift to 0 and lim to 1 rcu_task_cb_adjust=1 rcu_task_cpu_ids=1.
[    0.000000] NR_IRQS: 16, nr_irqs: 16, preallocated irqs: 16
[    0.000000] IRQ: Found an INTC at 0x(ptrval) (revision 5.0) with 128 interrupts
[    0.000000] rcu: srcu_init: Setting srcu_struct sizes based on contention.
[    0.000000] TI gptimer clocksource: always-on /ocp/interconnect@44c00000/segment@200000/target-module@31000
[    0.000003] sched_clock: 32 bits at 24MHz, resolution 41ns, wraps every 89478484971ns
[    0.000026] clocksource: dmtimer: mask: 0xffffffff max_cycles: 0xffffffff, max_idle_ns: 79635851949 ns
[    0.000528] TI gptimer clockevent: 24000000 Hz at /ocp/interconnect@48000000/segment@0/target-module@40000
[    0.002133] Console: colour dummy device 80x30
[    0.002198] WARNING: Your 'console=ttyO0' has been replaced by 'ttyS0'
[    0.002206] This ensures that you still see kernel messages. Please
[    0.002210] update your kernel commandline.
[    0.002254] Calibrating delay loop... 996.14 BogoMIPS (lpj=4980736)
[    0.090575] CPU: Testing write buffer coherency: ok
[    0.090684] CPU0: Spectre v2: using BPIALL workaround
[    0.090695] pid_max: default: 32768 minimum: 301
[    0.090852] LSM: initializing lsm=capability
[    0.091016] Mount-cache hash table entries: 1024 (order: 0, 4096 bytes, linear)
[    0.091034] Mountpoint-cache hash table entries: 1024 (order: 0, 4096 bytes, linear)
[    0.092591] CPU0: thread -1, cpu 0, socket -1, mpidr 0
[    0.092650] cacheinfo: Unable to detect cache hierarchy for CPU 0
[    0.094632] Setting up static identity map for 0x80100000 - 0x80100078
[    0.094963] rcu: Hierarchical SRCU implementation.
[    0.094973] rcu: 	Max phase no-delay instances is 1000.
[    0.096676] smp: Bringing up secondary CPUs ...
[    0.096733] smp: Brought up 1 node, 1 CPU
[    0.096746] SMP: Total of 1 processors activated (996.14 BogoMIPS).
[    0.096757] CPU: All CPU(s) started in SVC mode.
[    0.096954] Memory: 480856K/522240K available (11264K kernel code, 1218K rwdata, 2936K rodata, 1024K init, 254K bss, 23352K reserved, 16384K cma-reserved, 0K highmem)
[    0.097757] devtmpfs: initialized
[    0.114752] VFP support v0.3: implementor 41 architecture 3 part 30 variant c rev 3
[    0.115386] clocksource: jiffies: mask: 0xffffffff max_cycles: 0xffffffff, max_idle_ns: 19112604462750000 ns
[    0.115440] posixtimers hash table entries: 512 (order: 0, 4096 bytes, linear)
[    0.115467] futex hash table entries: 256 (16384 bytes on 1 NUMA nodes, total 16 KiB, linear).
[    0.116591] pinctrl core: initialized pinctrl subsystem
[    0.118713] NET: Registered PF_NETLINK/PF_ROUTE protocol family
[    0.121863] DMA: preallocated 256 KiB pool for atomic coherent allocations
[    0.122473] audit: initializing netlink subsys (disabled)
[    0.123770] thermal_sys: Registered thermal governor 'fair_share'
[    0.123784] thermal_sys: Registered thermal governor 'step_wise'
[    0.123794] thermal_sys: Registered thermal governor 'user_space'
[    0.123902] audit: type=2000 audit(0.120:1): state=initialized audit_enabled=0 res=1
[    0.123975] cpuidle: using governor menu
[    0.141869] /ocp/interconnect@44c00000/segment@200000/target-module@b000/i2c@0/tda19988@70: Fixed dependency cycle(s) with /ocp/interconnect@48000000/segment@300000/target-module@e000/lcdc@0
[    0.143003] /ocp/interconnect@48000000/segment@300000/target-module@e000/lcdc@0: Fixed dependency cycle(s) with /ocp/interconnect@44c00000/segment@200000/target-module@b000/i2c@0/tda19988@70
[    0.145223] No ATAGs?
[    0.145267] hw-breakpoint: debug architecture 0x4 unsupported.
[    0.148345] kprobes: kprobe jump-optimization is enabled. All kprobes are optimized if possible.
[    0.154001] iommu: Default domain type: Translated
[    0.154023] iommu: DMA domain TLB invalidation policy: strict mode
[    0.155587] reg-fixed-voltage fixedregulator0: using DT '/fixedregulator0' for '(default)' GPIO lookup
[    0.155642] of_get_named_gpiod_flags: can't parse 'gpios' property of node '/fixedregulator0[0]'
[    0.155669] of_get_named_gpiod_flags: can't parse 'gpio' property of node '/fixedregulator0[0]'
[    0.155687] reg-fixed-voltage fixedregulator0: using lookup tables for GPIO lookup
[    0.155698] reg-fixed-voltage fixedregulator0: No GPIO consumer (default) found
[    0.161773] SCSI subsystem initialized
[    0.162251] libata version 3.00 loaded.
[    0.162626] pps_core: LinuxPPS API ver. 1 registered
[    0.162636] pps_core: Software ver. 5.3.6 - Copyright 2005-2007 Rodolfo Giometti <giometti@linux.it>
[    0.162660] PTP clock support registered
[    0.171227] vgaarb: loaded
[    0.171601] clocksource: Switched to clocksource dmtimer
[    0.172287] VFS: Disk quotas dquot_6.6.0
[    0.172345] VFS: Dquot-cache hash table entries: 1024 (order 0, 4096 bytes)
[    0.197435] NET: Registered PF_INET protocol family
[    0.197777] IP idents hash table entries: 8192 (order: 4, 65536 bytes, linear)
[    0.199207] tcp_listen_portaddr_hash hash table entries: 512 (order: 0, 4096 bytes, linear)
[    0.199245] Table-perturb hash table entries: 65536 (order: 6, 262144 bytes, linear)
[    0.199264] TCP established hash table entries: 4096 (order: 2, 16384 bytes, linear)
[    0.199310] TCP bind hash table entries: 4096 (order: 4, 65536 bytes, linear)
[    0.199410] TCP: Hash tables configured (established 4096 bind 4096)
[    0.199529] UDP hash table entries: 256 (order: 1, 14336 bytes, linear)
[    0.199562] UDP-Lite hash table entries: 256 (order: 1, 14336 bytes, linear)
[    0.199750] NET: Registered PF_UNIX/PF_LOCAL protocol family
[    0.201007] RPC: Registered named UNIX socket transport module.
[    0.201025] RPC: Registered udp transport module.
[    0.201031] RPC: Registered tcp transport module.
[    0.201036] RPC: Registered tcp-with-tls transport module.
[    0.201041] RPC: Registered tcp NFSv4.1 backchannel transport module.
[    0.201066] PCI: CLS 0 bytes, default 64
[    0.202596] Initialise system trusted keyrings
[    0.212281] workingset: timestamp_bits=14 max_order=17 bucket_order=3
[    0.213688] NFS: Registering the id_resolver key type
[    0.213750] Key type id_resolver registered
[    0.213757] Key type id_legacy registered
[    0.213865] jffs2: version 2.2. (NAND) (SUMMARY)  Â© 2001-2006 Red Hat, Inc.
[    0.214316] Key type asymmetric registered
[    0.214332] Asymmetric key parser 'x509' registered
[    0.214403] io scheduler mq-deadline registered
[    0.214413] io scheduler kyber registered
[    0.214486] io scheduler bfq registered
[    0.216353] target-module@4b000000:target-module@140000:pmu@0:fck: device ID is greater than 24
[    0.222536] l3-aon-clkctrl:0000:0: failed to disable
[    0.232150] ledtrig-cpu: registered to indicate activity on CPUs
[    0.235901] Serial: 8250/16550 driver, 6 ports, IRQ sharing enabled
[    0.280722] brd: module loaded
[    0.289187] loop: module loaded
[    0.290115] mtdoops: mtd device (mtddev=name/number) must be supplied
[    0.291966] mdio_bus fixed-0: using lookup tables for GPIO lookup
[    0.291991] mdio_bus fixed-0: No GPIO consumer reset found
[    0.293403] i2c_dev: i2c /dev entries driver
[    0.294413] cpuidle: enable-method property 'ti,am3352' found operations
[    0.294860] sdhci: Secure Digital Host Controller Interface driver
[    0.294870] sdhci: Copyright(c) Pierre Ossman
[    0.295047] sdhci-pltfm: SDHCI platform and OF driver helper
[    0.302369] hw perfevents: enabled with armv7_cortex_a8 PMU driver, 5 (8000000f) counters available
[    0.302896] Initializing XFRM netlink socket
[    0.303078] NET: Registered PF_INET6 protocol family
[    0.308741] l3-aon-clkctrl:0000:0: failed to disable
[    0.310116] Segment Routing with IPv6
[    0.310200] In-situ OAM (IOAM) with IPv6
[    0.310295] sit: IPv6, IPv4 and MPLS over IPv4 tunneling driver
[    0.311244] NET: Registered PF_PACKET protocol family
[    0.311269] NET: Registered PF_KEY protocol family
[    0.311422] Key type dns_resolver registered
[    0.311828] ThumbEE CPU extension supported.
[    0.311853] Registering SWP/SWPB emulation handler
[    0.312390] omap_voltage_late_init: Voltage driver support not added
[    0.313071] SmartReflex Class3 initialized
[    0.343688] Loading compiled-in X.509 certificates
[    0.380041] /ocp/interconnect@44c00000/segment@200000/target-module@b000/i2c@0/tda19988@70: Fixed dependency cycle(s) with /ocp/interconnect@48000000/segment@300000/target-module@e000/lcdc@0
[    0.386681] /ocp/interconnect@44c00000/segment@200000/target-module@b000/i2c@0/tda19988@70: Fixed dependency cycle(s) with /ocp/interconnect@48000000/segment@300000/target-module@e000/lcdc@0
[    0.392375] gpiochip_find_base_unlocked: found new base at 512
[    0.418763] /ocp/interconnect@44c00000/segment@200000/target-module@b000/i2c@0/tda19988@70: Fixed dependency cycle(s) with /ocp/interconnect@48000000/segment@300000/target-module@e000/lcdc@0
[    0.419640] /ocp/interconnect@44c00000/segment@200000/target-module@b000/i2c@0/tda19988@70: Fixed dependency cycle(s) with /ocp/interconnect@48000000/segment@300000/target-module@e000/lcdc@0
[    0.423477] /ocp/interconnect@44c00000/segment@200000/target-module@10000/scm@0/pinmux@800: Fixed dependency cycle(s) with /ocp/interconnect@44c00000/segment@200000/target-module@10000/scm@0/pinmux@800/clkout2-pins
[    0.424075] pinctrl-single 44e10800.pinmux: 142 pins, size 568
[    0.429367] ti-sysc 44e31000.target-module: probe with driver ti-sysc failed with error -16
[    0.453599] /ocp/interconnect@48000000/segment@300000/target-module@e000/lcdc@0: Fixed dependency cycle(s) with /ocp/interconnect@44c00000/segment@200000/target-module@b000/i2c@0/tda19988@70
[    0.461811] ti-sysc 48040000.target-module: probe with driver ti-sysc failed with error -16
[    0.473493] gpiochip_find_base_unlocked: found new base at 512
[    0.473595] gpio gpiochip0: (gpio-0-31): created GPIO range 0->7 ==> 44e10800.pinmux PIN 0->7
[    0.473614] gpio gpiochip0: (gpio-0-31): created GPIO range 8->11 ==> 44e10800.pinmux PIN 90->93
[    0.473630] gpio gpiochip0: (gpio-0-31): created GPIO range 12->27 ==> 44e10800.pinmux PIN 12->27
[    0.473645] gpio gpiochip0: (gpio-0-31): created GPIO range 28->31 ==> 44e10800.pinmux PIN 30->33
[    0.498706] gpio gpiochip0: (gpio-0-31): added GPIO chardev (254:0)
[    0.498935] gpio gpiochip0: registered GPIOs 512 to 543 on gpio-0-31
[    0.499019] OMAP GPIO hardware version 0.1
[    0.534588] i2c i2c-2: using DT '/ocp/interconnect@48000000/segment@100000/target-module@9c000/i2c@0' for 'scl' GPIO lookup
[    0.534667] of_get_named_gpiod_flags: can't parse 'scl-gpios' property of node '/ocp/interconnect@48000000/segment@100000/target-module@9c000/i2c@0[0]'
[    0.534710] of_get_named_gpiod_flags: can't parse 'scl-gpio' property of node '/ocp/interconnect@48000000/segment@100000/target-module@9c000/i2c@0[0]'
[    0.534747] i2c i2c-2: using lookup tables for GPIO lookup
[    0.534757] i2c i2c-2: No GPIO consumer scl found
[    0.534778] i2c i2c-2: using DT '/ocp/interconnect@48000000/segment@100000/target-module@9c000/i2c@0' for 'sda' GPIO lookup
[    0.534815] of_get_named_gpiod_flags: can't parse 'sda-gpios' property of node '/ocp/interconnect@48000000/segment@100000/target-module@9c000/i2c@0[0]'
[    0.534853] of_get_named_gpiod_flags: can't parse 'sda-gpio' property of node '/ocp/interconnect@48000000/segment@100000/target-module@9c000/i2c@0[0]'
[    0.534885] i2c i2c-2: using lookup tables for GPIO lookup
[    0.534892] i2c i2c-2: No GPIO consumer sda found
[    0.535630] omap_i2c 4819c000.i2c: bus 2 rev0.11 at 100 kHz
[    0.541239] gpiochip_find_base_unlocked: found new base at 544
[    0.541342] gpio gpiochip1: (gpio-32-63): created GPIO range 0->17 ==> 44e10800.pinmux PIN 34->51
[    0.541361] gpio gpiochip1: (gpio-32-63): created GPIO range 18->21 ==> 44e10800.pinmux PIN 77->80
[    0.541377] gpio gpiochip1: (gpio-32-63): created GPIO range 22->31 ==> 44e10800.pinmux PIN 56->65
[    0.542486] gpio gpiochip1: (gpio-32-63): added GPIO chardev (254:1)
[    0.542705] gpio gpiochip1: registered GPIOs 544 to 575 on gpio-32-63
[    0.544986] gpiochip_find_base_unlocked: found new base at 576
[    0.545078] gpio gpiochip2: (gpio-64-95): created GPIO range 0->4 ==> 44e10800.pinmux PIN 66->70
[    0.545105] gpio gpiochip2: (gpio-64-95): created GPIO range 5->6 ==> 44e10800.pinmux PIN 98->99
[    0.545122] gpio gpiochip2: (gpio-64-95): created GPIO range 7->8 ==> 44e10800.pinmux PIN 75->76
[    0.545137] gpio gpiochip2: (gpio-64-95): created GPIO range 13->13 ==> 44e10800.pinmux PIN 141->141
[    0.545153] gpio gpiochip2: (gpio-64-95): created GPIO range 14->21 ==> 44e10800.pinmux PIN 100->107
[    0.557789] gpio gpiochip2: (gpio-64-95): added GPIO chardev (254:2)
[    0.558010] gpio gpiochip2: registered GPIOs 576 to 607 on gpio-64-95
[    0.563990] 48000000.interconnect:segment@200000:target-module@0:mpu@0:fck: device ID is greater than 24
[    0.564898] /ocp/interconnect@48000000/segment@300000/target-module@e000/lcdc@0: Fixed dependency cycle(s) with /ocp/interconnect@44c00000/segment@200000/target-module@b000/i2c@0/tda19988@70
[    0.567774] /ocp/interconnect@48000000/segment@300000/target-module@e000/lcdc@0: Fixed dependency cycle(s) with /ocp/interconnect@44c00000/segment@200000/target-module@b000/i2c@0/tda19988@70
[    0.568490] /ocp/interconnect@44c00000/segment@200000/target-module@b000/i2c@0/tda19988@70: Fixed dependency cycle(s) with /ocp/interconnect@48000000/segment@300000/target-module@e000/lcdc@0
[    0.568652] /ocp/interconnect@48000000/segment@300000/target-module@e000/lcdc@0: Fixed dependency cycle(s) with /ocp/interconnect@44c00000/segment@200000/target-module@b000/i2c@0/tda19988@70
[    0.578451] mdio_bus 4a101000.mdio: using DT '/ocp/interconnect@4a000000/segment@0/target-module@100000/switch@0/mdio@1000' for 'reset' GPIO lookup
[    0.578522] of_get_named_gpiod_flags: can't parse 'reset-gpios' property of node '/ocp/interconnect@4a000000/segment@0/target-module@100000/switch@0/mdio@1000[0]'
[    0.578569] of_get_named_gpiod_flags: can't parse 'reset-gpio' property of node '/ocp/interconnect@4a000000/segment@0/target-module@100000/switch@0/mdio@1000[0]'
[    0.578616] mdio_bus 4a101000.mdio: using lookup tables for GPIO lookup
[    0.578626] mdio_bus 4a101000.mdio: No GPIO consumer reset found
[    0.579548] sdhci-omap 481d8000.mmc: using DT '/ocp/interconnect@48000000/segment@100000/target-module@d8000/mmc@0' for 'wp' GPIO lookup
[    0.579610] of_get_named_gpiod_flags: can't parse 'wp-gpios' property of node '/ocp/interconnect@48000000/segment@100000/target-module@d8000/mmc@0[0]'
[    0.579652] of_get_named_gpiod_flags: can't parse 'wp-gpio' property of node '/ocp/interconnect@48000000/segment@100000/target-module@d8000/mmc@0[0]'
[    0.579687] sdhci-omap 481d8000.mmc: using lookup tables for GPIO lookup
[    0.579696] sdhci-omap 481d8000.mmc: No GPIO consumer wp found
[    0.579894] sdhci-omap 481d8000.mmc: supply pbias not found, using dummy regulator
[    0.580388] sdhci-omap 481d8000.mmc: supply vqmmc not found, using dummy regulator
[    0.622640] davinci_mdio 4a101000.mdio: davinci mdio revision 1.6, bus freq 1000000
[    0.640740] mdio_bus 4a101000.mdio:00: using DT '/ocp/interconnect@4a000000/segment@0/target-module@100000/switch@0/mdio@1000/ethernet-phy@0' for 'reset' GPIO lookup
[    0.640841] of_get_named_gpiod_flags: parsed 'reset-gpios' property of node '/ocp/interconnect@4a000000/segment@0/target-module@100000/switch@0/mdio@1000/ethernet-phy@0[0]' - status (0)
[    0.641004] gpio gpiochip0: Persistence not supported for GPIO 8
[    0.761454] davinci_mdio 4a101000.mdio: phy[0]: device 4a101000.mdio:00, driver SMSC LAN8710/LAN8720
[    0.762306] cpsw-switch 4a100000.switch: initialized cpsw ale version 1.4
[    0.762329] cpsw-switch 4a100000.switch: ALE Table size 1024, Policers 0
[    0.777135] cpsw-switch 4a100000.switch: cpts: overflow check period 500 (jiffies)
[    0.777158] cpsw-switch 4a100000.switch: CPTS: ref_clk_freq:250000000 calc_mult:2147483648 calc_shift:29 error:0 nsec/sec
[    0.777266] cpsw-switch 4a100000.switch: Detected MACID = 6c:ec:eb:68:de:78
[    0.779135] cpsw-switch 4a100000.switch: initialized (regs 0x4a100000, pool size 256) hw_ver:0019010C 1.12 (0)
[    0.790321] debugfs: '49000000.dma' already exists in 'dmaengine'
[    0.790363] edma 49000000.dma: TI EDMA DMA engine driver
[    0.822171] gpio-clk clk_mcasp0: using DT '/clk_mcasp0' for 'enable' GPIO lookup
[    0.822252] of_get_named_gpiod_flags: parsed 'enable-gpios' property of node '/clk_mcasp0[0]' - status (0)
[    0.822299] gpio gpiochip0: Persistence not supported for GPIO 27
[    0.823181] gpiochip_find_base_unlocked: found new base at 608
[    0.823292] gpio gpiochip3: (gpio-96-127): created GPIO range 0->7 ==> 44e10800.pinmux PIN 82->89
[    0.823312] gpio gpiochip3: (gpio-96-127): created GPIO range 8->11 ==> 44e10800.pinmux PIN 52->55
[    0.823328] gpio gpiochip3: (gpio-96-127): created GPIO range 12->15 ==> 44e10800.pinmux PIN 94->97
[    0.823343] gpio gpiochip3: (gpio-96-127): created GPIO range 16->17 ==> 44e10800.pinmux PIN 71->72
[    0.823359] gpio gpiochip3: (gpio-96-127): created GPIO range 18->18 ==> 44e10800.pinmux PIN 135->135
[    0.823375] gpio gpiochip3: (gpio-96-127): created GPIO range 19->20 ==> 44e10800.pinmux PIN 108->109
[    0.823391] gpio gpiochip3: (gpio-96-127): created GPIO range 21->21 ==> 44e10800.pinmux PIN 73->73
[    0.823408] gpio gpiochip3: (gpio-96-127): created GPIO range 22->23 ==> 44e10800.pinmux PIN 8->9
[    0.823425] gpio gpiochip3: (gpio-96-127): created GPIO range 26->27 ==> 44e10800.pinmux PIN 10->11
[    0.823443] gpio gpiochip3: (gpio-96-127): created GPIO range 28->28 ==> 44e10800.pinmux PIN 74->74
[    0.823461] gpio gpiochip3: (gpio-96-127): created GPIO range 29->29 ==> 44e10800.pinmux PIN 81->81
[    0.823479] gpio gpiochip3: (gpio-96-127): created GPIO range 30->31 ==> 44e10800.pinmux PIN 28->29
[    0.833743] gpio gpiochip3: (gpio-96-127): added GPIO chardev (254:3)
[    0.833982] gpio gpiochip3: registered GPIOs 608 to 639 on gpio-96-127
[    0.844620] omap8250 44e09000.serial: using DT '/ocp/interconnect@44c00000/segment@200000/target-module@9000/serial@0' for 'rs485-term' GPIO lookup
[    0.844694] of_get_named_gpiod_flags: can't parse 'rs485-term-gpios' property of node '/ocp/interconnect@44c00000/segment@200000/target-module@9000/serial@0[0]'
[    0.844739] of_get_named_gpiod_flags: can't parse 'rs485-term-gpio' property of node '/ocp/interconnect@44c00000/segment@200000/target-module@9000/serial@0[0]'
[    0.844776] omap8250 44e09000.serial: using lookup tables for GPIO lookup
[    0.844786] omap8250 44e09000.serial: No GPIO consumer rs485-term found
[    0.844796] omap8250 44e09000.serial: using DT '/ocp/interconnect@44c00000/segment@200000/target-module@9000/serial@0' for 'rs485-rx-during-tx' GPIO lookup
[    0.844832] of_get_named_gpiod_flags: can't parse 'rs485-rx-during-tx-gpios' property of node '/ocp/interconnect@44c00000/segment@200000/target-module@9000/serial@0[0]'
[    0.844869] of_get_named_gpiod_flags: can't parse 'rs485-rx-during-tx-gpio' property of node '/ocp/interconnect@44c00000/segment@200000/target-module@9000/serial@0[0]'
[    0.844900] omap8250 44e09000.serial: using lookup tables for GPIO lookup
[    0.844908] omap8250 44e09000.serial: No GPIO consumer rs485-rx-during-tx found
[    0.845378] 44e09000.serial: ttyS0 at MMIO 0x44e09000 (irq = 34, base_baud = 3000000) is a 8250
[    0.845470] printk: legacy console [ttyS0] enabled
[    2.418842] i2c i2c-0: using DT '/ocp/interconnect@44c00000/segment@200000/target-module@b000/i2c@0' for 'scl' GPIO lookup
[    2.418932] of_get_named_gpiod_flags: can't parse 'scl-gpios' property of node '/ocp/interconnect@44c00000/segment@200000/target-module@b000/i2c@0[0]'
[    2.418980] of_get_named_gpiod_flags: can't parse 'scl-gpio' property of node '/ocp/interconnect@44c00000/segment@200000/target-module@b000/i2c@0[0]'
[    2.419022] i2c i2c-0: using lookup tables for GPIO lookup
[    2.419035] i2c i2c-0: No GPIO consumer scl found
[    2.419060] i2c i2c-0: using DT '/ocp/interconnect@44c00000/segment@200000/target-module@b000/i2c@0' for 'sda' GPIO lookup
[    2.419101] of_get_named_gpiod_flags: can't parse 'sda-gpios' property of node '/ocp/interconnect@44c00000/segment@200000/target-module@b000/i2c@0[0]'
[    2.419142] of_get_named_gpiod_flags: can't parse 'sda-gpio' property of node '/ocp/interconnect@44c00000/segment@200000/target-module@b000/i2c@0[0]'
[    2.419178] i2c i2c-0: using lookup tables for GPIO lookup
[    2.419189] i2c i2c-0: No GPIO consumer sda found
[    2.432552] tps65217-pmic: Failed to locate of_node [id: -1]
[    2.438619] tps65217-bl: Failed to locate of_node [id: -1]
[    2.444700] platform tps65217-charger: DMA mask not set
[    2.450748] platform tps65217-pwrbutton: DMA mask not set
[    2.458035] tps65217 0-0024: TPS65217 ID 0xe version 1.2
[    2.464182] /ocp/interconnect@48000000/segment@300000/target-module@e000/lcdc@0: Fixed dependency cycle(s) with /ocp/interconnect@44c00000/segment@200000/target-module@b000/i2c@0/tda19988@70
[    2.481561] /ocp/interconnect@44c00000/segment@200000/target-module@b000/i2c@0/tda19988@70: Fixed dependency cycle(s) with /ocp/interconnect@48000000/segment@300000/target-module@e000/lcdc@0
[    2.498945] omap_i2c 44e0b000.i2c: bus 0 rev0.11 at 400 kHz
[    2.506636] sdhci-omap 48060000.mmc: using DT '/ocp/interconnect@48000000/segment@0/target-module@60000/mmc@0' for 'cd' GPIO lookup
[    2.506745] of_get_named_gpiod_flags: parsed 'cd-gpios' property of node '/ocp/interconnect@48000000/segment@0/target-module@60000/mmc@0[0]' - status (0)
[    2.506813] gpio gpiochip3: Persistence not supported for GPIO 6
[    2.506839] omap_gpio 44e07000.gpio: Could not set line 6 debounce to 200000 microseconds (-22)
[    2.515766] sdhci-omap 48060000.mmc: Got CD GPIO
[    2.520421] sdhci-omap 48060000.mmc: using DT '/ocp/interconnect@48000000/segment@0/target-module@60000/mmc@0' for 'wp' GPIO lookup
[    2.520472] of_get_named_gpiod_flags: can't parse 'wp-gpios' property of node '/ocp/interconnect@48000000/segment@0/target-module@60000/mmc@0[0]'
[    2.520516] of_get_named_gpiod_flags: can't parse 'wp-gpio' property of node '/ocp/interconnect@48000000/segment@0/target-module@60000/mmc@0[0]'
[    2.520556] sdhci-omap 48060000.mmc: using lookup tables for GPIO lookup
[    2.520570] sdhci-omap 48060000.mmc: No GPIO consumer wp found
[    2.520781] sdhci-omap 48060000.mmc: supply pbias not found, using dummy regulator
[    2.529591] sdhci-omap 481d8000.mmc: using DT '/ocp/interconnect@48000000/segment@100000/target-module@d8000/mmc@0' for 'wp' GPIO lookup
[    2.529667] of_get_named_gpiod_flags: can't parse 'wp-gpios' property of node '/ocp/interconnect@48000000/segment@100000/target-module@d8000/mmc@0[0]'
[    2.529715] of_get_named_gpiod_flags: can't parse 'wp-gpio' property of node '/ocp/interconnect@48000000/segment@100000/target-module@d8000/mmc@0[0]'
[    2.529754] sdhci-omap 481d8000.mmc: using lookup tables for GPIO lookup
[    2.529767] sdhci-omap 481d8000.mmc: No GPIO consumer wp found
[    2.530744] sdhci-omap 48060000.mmc: supply vqmmc not found, using dummy regulator
[    2.540078] sdhci-omap 481d8000.mmc: supply pbias not found, using dummy regulator
[    2.549773] sdhci-omap 481d8000.mmc: supply vqmmc not found, using dummy regulator
[    2.585304] mmc0: SDHCI controller on 48060000.mmc [48060000.mmc] using External DMA
[    2.593620] mmc1: SDHCI controller on 481d8000.mmc [481d8000.mmc] using External DMA
[    2.602381] cpsw-switch 4a100000.switch: starting ndev. mode: dual_mac
[    2.671944] mmc1: new high speed MMC card at address 0001
[    2.678755] mmcblk1: mmc1:0001 MMC04G 3.60 GiB
[    2.686725]  mmcblk1: p1 p2
[    2.690471] SMSC LAN8710/LAN8720 4a101000.mdio:00: attached PHY driver (mii_bus:phy_addr=4a101000.mdio:00, irq=POLL)
[    2.702013] mmcblk1boot0: mmc1:0001 MMC04G 2.00 MiB
[    2.716265] mmcblk1boot1: mmc1:0001 MMC04G 2.00 MiB
[    2.725131] mmcblk1rpmb: mmc1:0001 MMC04G 128 KiB, chardev (249:0)
[    2.774663] mmc0: new high speed SDHC card at address aaaa
[    2.781469] mmcblk0: mmc0:aaaa SE32G 29.7 GiB
[    2.790639]  mmcblk0: p1 p2
[    5.842358] cpsw-switch 4a100000.switch eth0: Link is Up - 100Mbps/Full - flow control off
[    5.871616] IP-Config: Complete:
[    5.874892]      device=eth0, hwaddr=6c:ec:eb:68:de:78, ipaddr=192.168.255.1, mask=255.255.255.0, gw=255.255.255.255
[    5.885539]      host=bbb1, domain=, nis-domain=(none)
[    5.890706]      bootserver=192.168.255.126, rootserver=192.168.255.126, rootpath=
[    5.891112] clk: Disabling unused clocks
[    5.903021] KTAP version 1
[    5.905750] 1..0
[    5.908442] check access for rdinit=/init failed: -2, ignoring
[    5.936953] VFS: Mounted root (nfs filesystem) on device 0:17.
[    5.944022] devtmpfs: mounted
[    5.948489] Freeing unused kernel image (initmem) memory: 1024K
[    5.955334] Run /sbin/init as init process
[    5.959472]   with arguments:
[    5.959485]     /sbin/init
[    5.959495]     nfsrootdebug
[    5.959504]   with environment:
[    5.959513]     HOME=/
[    5.959522]     TERM=linux
[    6.631198] systemd[1]: System time before build time, advancing clock.
[    8.161624] random: crng init done
[    8.174440] systemd[1]: systemd 232 running in system mode. (+PAM +AUDIT +SELINUX +IMA +APPARMOR +SMACK +SYSVINIT +UTMP +LIBCRYPTSETUP +GCRYPT +GNUTLS +ACL +XZ +LZ4 +SECCOMP +BLKID +ELFUTILS +KMOD +IDN)
[    8.193545] systemd[1]: Detected architecture arm.
[    8.224754] systemd[1]: Set hostname to <arm>.
[    9.339005] systemd[1]: Created slice User and Session Slice.
[    9.365581] systemd[1]: syslog.socket: SO_PASSSEC failed: Operation not supported
[    9.373569] systemd[1]: Listening on Syslog Socket.
[    9.402512] systemd[1]: Started Dispatch Password Requests to Console Directory Watch.
[    9.432221] systemd[1]: systemd-journald-dev-log.socket: SO_PASSSEC failed: Operation not supported
[    9.441843] systemd[1]: Listening on Journal Socket (/dev/log).
[    9.473608] systemd[1]: Listening on /dev/initctl Compatibility Named Pipe.
[   11.827308] systemd-journald[80]: Received request to flush runtime journal from PID 1
[   12.646949] omap_prm 44e00d00.prm: sync_state() pending due to 44d00000.cpu
[   14.599605] leds-gpio leds: using DT '/leds/led2' for '(default)' GPIO lookup
[   14.599710] of_get_named_gpiod_flags: parsed 'gpios' property of node '/leds/led2[0]' - status (0)
[   14.599768] gpio gpiochip0: Persistence not supported for GPIO 21
[   14.599784] gpio-533 (?): no flags found for GPIO (default)
[   14.662404] leds-gpio leds: using DT '/leds/led3' for '(default)' GPIO lookup
[   14.662515] of_get_named_gpiod_flags: parsed 'gpios' property of node '/leds/led3[0]' - status (0)
[   14.662756] gpio gpiochip0: Persistence not supported for GPIO 22
[   14.662778] gpio-534 (?): no flags found for GPIO (default)
[   14.686889] leds-gpio leds: using DT '/leds/led4' for '(default)' GPIO lookup
[   14.686988] of_get_named_gpiod_flags: parsed 'gpios' property of node '/leds/led4[0]' - status (0)
[   14.687042] gpio gpiochip0: Persistence not supported for GPIO 23
[   14.687057] gpio-535 (?): no flags found for GPIO (default)
[   14.703592] leds-gpio leds: using DT '/leds/led5' for '(default)' GPIO lookup
[   14.703701] of_get_named_gpiod_flags: parsed 'gpios' property of node '/leds/led5[0]' - status (0)
[   14.703759] gpio gpiochip0: Persistence not supported for GPIO 24
[   14.703774] gpio-536 (?): no flags found for GPIO (default)
[   15.051040] remoteproc remoteproc0: wkup_m3 is available
[   15.238568] omap_rtc 44e3e000.rtc: registered as rtc0
[   15.243868] omap_rtc 44e3e000.rtc: setting system clock to 2000-01-01T00:00:00 UTC (946684800)
[   15.252635] omap_rtc 44e3e000.rtc: using DT '/ocp/interconnect@44c00000/segment@200000/target-module@3e000/rtc@0' for 'wp' GPIO lookup
[   15.252706] of_get_named_gpiod_flags: can't parse 'wp-gpios' property of node '/ocp/interconnect@44c00000/segment@200000/target-module@3e000/rtc@0[0]'
[   15.252754] of_get_named_gpiod_flags: can't parse 'wp-gpio' property of node '/ocp/interconnect@44c00000/segment@200000/target-module@3e000/rtc@0[0]'
[   15.252796] omap_rtc 44e3e000.rtc: using lookup tables for GPIO lookup
[   15.252811] omap_rtc 44e3e000.rtc: No GPIO consumer wp found
[   15.292401] omap_wdt: OMAP Watchdog Timer Rev 0x01: initial timeout 60 sec
[   15.355928] at24 2-0054: supply vcc not found, using dummy regulator
[   15.498624] at24 2-0055: supply vcc not found, using dummy regulator
[   15.624268] at24 2-0056: supply vcc not found, using dummy regulator
[   15.705829] at24 2-0057: supply vcc not found, using dummy regulator
[   15.824014] at24 0-0050: using DT '/ocp/interconnect@44c00000/segment@200000/target-module@b000/i2c@0/eeprom@50' for 'wp' GPIO lookup
[   15.824131] of_get_named_gpiod_flags: can't parse 'wp-gpios' property of node '/ocp/interconnect@44c00000/segment@200000/target-module@b000/i2c@0/eeprom@50[0]'
[   15.824192] of_get_named_gpiod_flags: can't parse 'wp-gpio' property of node '/ocp/interconnect@44c00000/segment@200000/target-module@b000/i2c@0/eeprom@50[0]'
[   15.824240] at24 0-0050: using lookup tables for GPIO lookup
[   15.824255] at24 0-0050: No GPIO consumer wp found
[   15.824613] at24 0-0050: 32768 byte 24c256 EEPROM, writable, 1 bytes/write
[   16.029933] input: tps65217_pwrbutton as /devices/platform/ocp/44c00000.interconnect/44c00000.interconnect:segment@200000/44e0b000.target-module/44e0b000.i2c/i2c-0/0-0024/tps65217-pwrbutton/input/input0
[   16.459208] am335x-phy-driver 47401300.usb-phy: using DT '/ocp/target-module@47400000/usb-phy@1300' for 'reset' GPIO lookup
[   16.459305] of_get_named_gpiod_flags: can't parse 'reset-gpios' property of node '/ocp/target-module@47400000/usb-phy@1300[0]'
[   16.459349] of_get_named_gpiod_flags: can't parse 'reset-gpio' property of node '/ocp/target-module@47400000/usb-phy@1300[0]'
[   16.459386] am335x-phy-driver 47401300.usb-phy: using lookup tables for GPIO lookup
[   16.459401] am335x-phy-driver 47401300.usb-phy: No GPIO consumer reset found
[   16.459415] am335x-phy-driver 47401300.usb-phy: using DT '/ocp/target-module@47400000/usb-phy@1300' for 'vbus-detect' GPIO lookup
[   16.459446] of_get_named_gpiod_flags: can't parse 'vbus-detect-gpios' property of node '/ocp/target-module@47400000/usb-phy@1300[0]'
[   16.459478] of_get_named_gpiod_flags: can't parse 'vbus-detect-gpio' property of node '/ocp/target-module@47400000/usb-phy@1300[0]'
[   16.459505] am335x-phy-driver 47401300.usb-phy: using lookup tables for GPIO lookup
[   16.459516] am335x-phy-driver 47401300.usb-phy: No GPIO consumer vbus-detect found
[   16.459666] am335x-phy-driver 47401300.usb-phy: dummy supplies not allowed for exclusive requests (id=vbus)
[   16.665389] am335x-phy-driver 47401b00.usb-phy: using DT '/ocp/target-module@47400000/usb-phy@1b00' for 'reset' GPIO lookup
[   16.665480] of_get_named_gpiod_flags: can't parse 'reset-gpios' property of node '/ocp/target-module@47400000/usb-phy@1b00[0]'
[   16.665524] of_get_named_gpiod_flags: can't parse 'reset-gpio' property of node '/ocp/target-module@47400000/usb-phy@1b00[0]'
[   16.665561] am335x-phy-driver 47401b00.usb-phy: using lookup tables for GPIO lookup
[   16.665577] am335x-phy-driver 47401b00.usb-phy: No GPIO consumer reset found
[   16.665591] am335x-phy-driver 47401b00.usb-phy: using DT '/ocp/target-module@47400000/usb-phy@1b00' for 'vbus-detect' GPIO lookup
[   16.665623] of_get_named_gpiod_flags: can't parse 'vbus-detect-gpios' property of node '/ocp/target-module@47400000/usb-phy@1b00[0]'
[   16.665656] of_get_named_gpiod_flags: can't parse 'vbus-detect-gpio' property of node '/ocp/target-module@47400000/usb-phy@1b00[0]'
[   16.665683] am335x-phy-driver 47401b00.usb-phy: using lookup tables for GPIO lookup
[   16.665695] am335x-phy-driver 47401b00.usb-phy: No GPIO consumer vbus-detect found
[   16.665845] am335x-phy-driver 47401b00.usb-phy: dummy supplies not allowed for exclusive requests (id=vbus)
[   16.742427] usbcore: registered new interface driver usbfs
[   16.748064] usbcore: registered new interface driver hub
[   16.753684] usbcore: registered new device driver usb
[   17.612094] musb-hdrc musb-hdrc.1: MUSB HDRC host driver
[   17.617514] musb-hdrc musb-hdrc.1: new USB bus registered, assigned bus number 1
[   17.757269] tda998x 0-0070: found TDA19988
[   17.964083] usb usb1: New USB device found, idVendor=1d6b, idProduct=0002, bcdDevice= 6.17
[   17.972700] usb usb1: New USB device strings: Mfr=3, Product=2, SerialNumber=1
[   17.979971] usb usb1: Product: MUSB HDRC host driver
[   17.985093] usb usb1: Manufacturer: Linux 6.17.0-rc1 musb-hcd
[   17.990875] usb usb1: SerialNumber: musb-hdrc.1
[   18.081529] omap-mailbox 480c8000.mailbox: omap mailbox rev 0x400
[   18.179006] remoteproc remoteproc0: powering up wkup_m3
[   18.282112] remoteproc remoteproc0: Direct firmware load for am335x-pm-firmware.elf failed with error -2
[   18.291826] remoteproc remoteproc0: request_firmware failed: -2
[   18.297786] wkup_m3_ipc 44e11324.wkup_m3_ipc: rproc_boot failed
[   18.471410] hub 1-0:1.0: USB hub found
[   18.511770] hub 1-0:1.0: 1 port detected
[   20.877073] omap_rng 48310000.rng: Random Number Generator ver. 20
[   21.143124] tilcdc 4830e000.lcdc: bound 0-0070 (ops tda998x_audio_codec_init [tda998x])
[   21.234370] [drm] Initialized tilcdc 1.0.0 for 4830e000.lcdc on minor 0
[   21.294268] tilcdc 4830e000.lcdc: [drm] Cannot find any crtc or sizes
[   21.302593] tilcdc 4830e000.lcdc: [drm] Cannot find any crtc or sizes
[   21.574239] ------------[ cut here ]------------
[   21.578933] WARNING: CPU: 0 PID: 203 at net/8021q/vlan_core.c:236 vlan_for_each+0x114/0x134
[   21.587502] RTNL: assertion failed at net/8021q/vlan_core.c (236)
[   21.593657] Modules linked in: tilcdc drm_dma_helper drm_client_lib omap_rng rng_core snd_soc_davinci_mcasp snd_soc_ti_udma snd_soc_ti_edma snd_soc_ti_sdma snd_soc_core snd_pcm_dmaengine snd_pcm snd_timer snd omap_mailbox soundcore tda998x musb_dsps cec musb_hdrc udc_core drm_kms_helper usbcore phy_am335x phy_generic drm usb_common cppi41 wkup_m3_ipc phy_am335x_control tps65218_pwrbutton drm_panel_orientation_quirks at24 omap_wdt rtc_omap watchdog wkup_m3_rproc leds_gpio cpufreq_dt led_class autofs4
[   21.638385] CPU: 0 UID: 107 PID: 203 Comm: avahi-daemon Not tainted 6.17.0-rc1 #1 NONE 
[   21.638404] Hardware name: Generic AM33XX (Flattened Device Tree)
[   21.638413] Call trace: 
[   21.638429]  unwind_backtrace from show_stack+0x10/0x14
[   21.638467]  show_stack from dump_stack_lvl+0x50/0x64
[   21.638493]  dump_stack_lvl from __warn+0x74/0x12c
[   21.638512]  __warn from warn_slowpath_fmt+0x19c/0x1b0
[   21.638525]  warn_slowpath_fmt from vlan_for_each+0x114/0x134
[   21.638548]  vlan_for_each from cpsw_add_mc_addr+0x40/0xa4
[   21.638576]  cpsw_add_mc_addr from __hw_addr_ref_sync_dev+0x108/0x140
[   21.638609]  __hw_addr_ref_sync_dev from __dev_mc_add+0x7c/0x80
[   21.638633]  __dev_mc_add from igmp6_group_added+0xc8/0xe0
[   21.638662]  igmp6_group_added from __ipv6_dev_mc_inc+0x218/0x364
[   21.638681]  __ipv6_dev_mc_inc from __ipv6_sock_mc_join+0x11c/0x214
[   21.638699]  __ipv6_sock_mc_join from do_ipv6_setsockopt+0x1214/0x1310
[   21.638731]  do_ipv6_setsockopt from ipv6_setsockopt+0x60/0xcc
[   21.638754]  ipv6_setsockopt from udpv6_setsockopt+0x2c/0x6c
[   21.638772]  udpv6_setsockopt from sock_common_setsockopt+0x30/0x40
[   21.638802]  sock_common_setsockopt from do_sock_setsockopt+0x50/0x9c
[   21.638824]  do_sock_setsockopt from __sys_setsockopt+0x70/0xbc
[   21.638844]  __sys_setsockopt from ret_fast_syscall+0x0/0x58
[   21.638862] Exception stack(0xe016dfa8 to 0xe016dff0)
[   21.638876] dfa0:                   00000014 b6f6bce8 0000000d 00000029 00000014 beb499ec
[   21.638887] dfc0: 00000014 b6f6bce8 00000014 00000126 0000000d b6f14ff4 0051e990 00506558
[   21.638896] dfe0: b6f2a088 beb499d8 b6f07309 b6dde41a
[   21.638904] ---[ end trace 0000000000000000 ]---
[   22.514623] PM: Cannot get wkup_m3_ipc handle
[   22.530667] omap-sham 53100000.sham: hw accel on OMAP rev 4.3
[   22.721983] omap-sham 53100000.sham: will run requests pump with realtime priority
[   22.730763] PM: Cannot get wkup_m3_ipc handle
[   22.877363] omap-aes 53500000.aes: OMAP AES hw accel rev: 3.2
[   22.997230] omap-aes 53500000.aes: will run requests pump with realtime priority
[   23.005795] PM: Cannot get wkup_m3_ipc handle
[   24.150162] Bluetooth: Core ver 2.22
[   24.154199] NET: Registered PF_BLUETOOTH protocol family
[   24.159552] Bluetooth: HCI device and connection manager initialized
[   24.166069] Bluetooth: HCI socket layer initialized
[   24.170985] Bluetooth: L2CAP socket layer initialized
[   24.176167] Bluetooth: SCO socket layer initialized
[   26.090462] tda998x 0-0070: using DT '/ocp/interconnect@44c00000/segment@200000/target-module@b000/i2c@0/tda19988@70' for 'nxp,calib' GPIO lookup
[   26.090606] of_get_named_gpiod_flags: parsed 'nxp,calib-gpios' property of node '/ocp/interconnect@44c00000/segment@200000/target-module@b000/i2c@0/tda19988@70[0]' - status (0)
[   26.090692] gpio gpiochip0: Persistence not supported for GPIO 25
[   26.090707] gpio-537 (nxp,calib): no flags found for GPIO nxp,calib
[   26.096051] gpio-537 (nxp,calib): gpiod_direction_output_nonotify: tried to set a GPIO tied to an IRQ as output
[   26.180086] PM: Cannot get wkup_m3_ipc handle
[   26.186097] asoc-simple-card sound: using DT '/sound' for 'simple-audio-card,hp-det' GPIO lookup
[   26.186170] of_get_named_gpiod_flags: can't parse 'simple-audio-card,hp-det-gpios' property of node '/sound[0]'
[   26.186204] of_get_named_gpiod_flags: can't parse 'simple-audio-card,hp-det-gpio' property of node '/sound[0]'
[   26.186229] asoc-simple-card sound: using lookup tables for GPIO lookup
[   26.186242] asoc-simple-card sound: No GPIO consumer simple-audio-card,hp-det found
[   26.186258] asoc-simple-card sound: using DT '/sound' for 'simple-audio-card,mic-det' GPIO lookup
[   26.186283] of_get_named_gpiod_flags: can't parse 'simple-audio-card,mic-det-gpios' property of node '/sound[0]'
[   26.186308] of_get_named_gpiod_flags: can't parse 'simple-audio-card,mic-det-gpio' property of node '/sound[0]'
[   26.186328] asoc-simple-card sound: using lookup tables for GPIO lookup
[   26.186340] asoc-simple-card sound: No GPIO consumer simple-audio-card,mic-det found
[   26.293398] PM: Cannot get wkup_m3_ipc handle
[   26.346660] tda9950 0-0034: TDA9950 CEC interface, hardware version 3.3
[   26.455013] PM: Cannot get wkup_m3_ipc handle
[   29.396852] userial_init: registered 8 ttyGS* devices
[   29.625996] rndis_register: configNr = 0
[   29.707066] udc musb-hdrc.0: binding gadget driver [g_multi]
[   29.707163] configfs-gadget.g_multi gadget.0: adding 'rndis'/59a3eb2a to config 'c'/bc74e32f
[   29.708299] configfs-gadget.g_multi gadget.0: HOST MAC 1c:ba:8c:a2:ed:6c
[   29.715340] configfs-gadget.g_multi gadget.0: MAC 1c:ba:8c:a2:ed:70
[   29.721755] rndis_set_param_medium: 0 0
[   29.721777] configfs-gadget.g_multi gadget.0: RNDIS: IN/ep1in OUT/ep1out NOTIFY/ep2in
[   29.721794] configfs-gadget.g_multi gadget.0: adding 'cdc_ethernet'/52037c76 to config 'c'/bc74e32f
[   29.722702] configfs-gadget.g_multi gadget.0: HOST MAC 1c:ba:8c:a2:ed:6c
[   29.729466] configfs-gadget.g_multi gadget.0: MAC 1c:ba:8c:a2:ed:6d
[   29.735891] configfs-gadget.g_multi gadget.0: CDC Ethernet: IN/ep3in OUT/ep2out NOTIFY/ep4in
[   29.735912] configfs-gadget.g_multi gadget.0: adding 'acm'/0e4d3a99 to config 'c'/bc74e32f
[   29.735948] configfs-gadget.g_multi gadget.0: acm ttyGS0: IN/ep5in OUT/ep3out NOTIFY/ep6in
[   29.736671] PM: Cannot get wkup_m3_ipc handle
[   31.813020] configfs-gadget.g_multi gadget.0: eth_open
[   35.405621] gs_open: ttyGS0 (b0194e93,d4d13c40)
[   35.405780] gs_close: ttyGS0 (b0194e93,d4d13c40) ...
[   35.405802] gs_close: ttyGS0 (b0194e93,d4d13c40) done!
[   35.426876] gs_open: ttyGS0 (4230ea41,76c65bd1)
[   35.427023] gs_close: ttyGS0 (4230ea41,76c65bd1) ...
[   35.427047] gs_close: ttyGS0 (4230ea41,76c65bd1) done!
[   35.622519] gs_open: ttyGS0 (194fd205,b896dc25)
[   35.623834] gs_close: ttyGS0 (194fd205,b896dc25) ...
[   35.623886] gs_close: ttyGS0 (194fd205,b896dc25) done!
[   35.626286] gs_open: ttyGS0 (194fd205,b896dc25)
HUUQOKBKZP 0
root@arm:~# echo 'HBQU''OYXAZF'
HBQUOYXAZF
root@arm:~# MARKER='LPTJ''MVSZKH' run 'modprobe test_linear_ranges'
LPTJMVSZKHLPTJMVSZKH 0
root@arm:~# echo 'XKKP''CFWNXJ'
XKKPCFWNXJ
root@arm:~# MARKER='HYWX''LHNEOS' run dmesg
HYWXLHNEOS[    0.000000] Booting Linux on physical CPU 0x0
[    0.000000] Linux version 6.17.0-rc1 (user01@drvtest01) (arm-none-eabi-gcc (Arm GNU Toolchain 14.2.Rel1 (Build arm-14.52)) 14.2.1 20241119, GNU ld (Arm GNU Toolchain 14.2.Rel1 (Build arm-14.52)) 2.43.1.20241119) #1 SMP Sun Aug 10 20:24:41 EEST 2025
[    0.000000] CPU: ARMv7 Processor [413fc082] revision 2 (ARMv7), cr=10c5387d
[    0.000000] CPU: PIPT / VIPT nonaliasing data cache, VIPT aliasing instruction cache
[    0.000000] OF: fdt: Machine model: TI AM335x BeagleBone Black
[    0.000000] Memory policy: Data cache writeback
[    0.000000] cma: Reserved 16 MiB at 0x9e800000
[    0.000000] Zone ranges:
[    0.000000]   Normal   [mem 0x0000000080000000-0x000000009fdfffff]
[    0.000000]   HighMem  empty
[    0.000000] Movable zone start for each node
[    0.000000] Early memory node ranges
[    0.000000]   node   0: [mem 0x0000000080000000-0x000000009fdfffff]
[    0.000000] Initmem setup node 0 [mem 0x0000000080000000-0x000000009fdfffff]
[    0.000000] On node 0, zone Normal: 512 pages in unavailable ranges
[    0.000000] OF: reserved mem: Reserved memory: No reserved-memory node in the DT
[    0.000000] CPU: All CPU(s) started in SVC mode.
[    0.000000] AM335X ES2.1 (sgx neon)
[    0.000000] percpu: Embedded 17 pages/cpu s39820 r8192 d21620 u69632
[    0.000000] pcpu-alloc: s39820 r8192 d21620 u69632 alloc=17*4096
[    0.000000] pcpu-alloc: [0] 0 
[    0.000000] Kernel command line: console=ttyO0,115200n8 root=/dev/nfs rw nfsroot=192.168.255.126:/home/user01/nfs,nfsvers=3 ip=192.168.255.1:192.168.255.126::255.255.255.0:bbb1:eth0 nfsrootdebug
[    0.000000] Unknown kernel command line parameters "nfsrootdebug", will be passed to user space.
[    0.000000] printk: log buffer data + meta data: 65536 + 204800 = 270336 bytes
[    0.000000] Dentry cache hash table entries: 65536 (order: 6, 262144 bytes, linear)
[    0.000000] Inode-cache hash table entries: 32768 (order: 5, 131072 bytes, linear)
[    0.000000] Built 1 zonelists, mobility grouping on.  Total pages: 130560
[    0.000000] mem auto-init: stack:off, heap alloc:off, heap free:off
[    0.000000] SLUB: HWalign=16, Order=0-3, MinObjects=0, CPUs=1, Nodes=1
[    0.000000] rcu: Hierarchical RCU implementation.
[    0.000000] rcu: 	RCU event tracing is enabled.
[    0.000000] rcu: 	RCU restricting CPUs from NR_CPUS=2 to nr_cpu_ids=1.
[    0.000000] 	Tracing variant of Tasks RCU enabled.
[    0.000000] rcu: RCU calculated value of scheduler-enlistment delay is 10 jiffies.
[    0.000000] rcu: Adjusting geometry for rcu_fanout_leaf=16, nr_cpu_ids=1
[    0.000000] RCU Tasks Trace: Setting shift to 0 and lim to 1 rcu_task_cb_adjust=1 rcu_task_cpu_ids=1.
[    0.000000] NR_IRQS: 16, nr_irqs: 16, preallocated irqs: 16
[    0.000000] IRQ: Found an INTC at 0x(ptrval) (revision 5.0) with 128 interrupts
[    0.000000] rcu: srcu_init: Setting srcu_struct sizes based on contention.
[    0.000000] TI gptimer clocksource: always-on /ocp/interconnect@44c00000/segment@200000/target-module@31000
[    0.000003] sched_clock: 32 bits at 24MHz, resolution 41ns, wraps every 89478484971ns
[    0.000026] clocksource: dmtimer: mask: 0xffffffff max_cycles: 0xffffffff, max_idle_ns: 79635851949 ns
[    0.000528] TI gptimer clockevent: 24000000 Hz at /ocp/interconnect@48000000/segment@0/target-module@40000
[    0.002133] Console: colour dummy device 80x30
[    0.002198] WARNING: Your 'console=ttyO0' has been replaced by 'ttyS0'
[    0.002206] This ensures that you still see kernel messages. Please
[    0.002210] update your kernel commandline.
[    0.002254] Calibrating delay loop... 996.14 BogoMIPS (lpj=4980736)
[    0.090575] CPU: Testing write buffer coherency: ok
[    0.090684] CPU0: Spectre v2: using BPIALL workaround
[    0.090695] pid_max: default: 32768 minimum: 301
[    0.090852] LSM: initializing lsm=capability
[    0.091016] Mount-cache hash table entries: 1024 (order: 0, 4096 bytes, linear)
[    0.091034] Mountpoint-cache hash table entries: 1024 (order: 0, 4096 bytes, linear)
[    0.092591] CPU0: thread -1, cpu 0, socket -1, mpidr 0
[    0.092650] cacheinfo: Unable to detect cache hierarchy for CPU 0
[    0.094632] Setting up static identity map for 0x80100000 - 0x80100078
[    0.094963] rcu: Hierarchical SRCU implementation.
[    0.094973] rcu: 	Max phase no-delay instances is 1000.
[    0.096676] smp: Bringing up secondary CPUs ...
[    0.096733] smp: Brought up 1 node, 1 CPU
[    0.096746] SMP: Total of 1 processors activated (996.14 BogoMIPS).
[    0.096757] CPU: All CPU(s) started in SVC mode.
[    0.096954] Memory: 480856K/522240K available (11264K kernel code, 1218K rwdata, 2936K rodata, 1024K init, 254K bss, 23352K reserved, 16384K cma-reserved, 0K highmem)
[    0.097757] devtmpfs: initialized
[    0.114752] VFP support v0.3: implementor 41 architecture 3 part 30 variant c rev 3
[    0.115386] clocksource: jiffies: mask: 0xffffffff max_cycles: 0xffffffff, max_idle_ns: 19112604462750000 ns
[    0.115440] posixtimers hash table entries: 512 (order: 0, 4096 bytes, linear)
[    0.115467] futex hash table entries: 256 (16384 bytes on 1 NUMA nodes, total 16 KiB, linear).
[    0.116591] pinctrl core: initialized pinctrl subsystem
[    0.118713] NET: Registered PF_NETLINK/PF_ROUTE protocol family
[    0.121863] DMA: preallocated 256 KiB pool for atomic coherent allocations
[    0.122473] audit: initializing netlink subsys (disabled)
[    0.123770] thermal_sys: Registered thermal governor 'fair_share'
[    0.123784] thermal_sys: Registered thermal governor 'step_wise'
[    0.123794] thermal_sys: Registered thermal governor 'user_space'
[    0.123902] audit: type=2000 audit(0.120:1): state=initialized audit_enabled=0 res=1
[    0.123975] cpuidle: using governor menu
[    0.141869] /ocp/interconnect@44c00000/segment@200000/target-module@b000/i2c@0/tda19988@70: Fixed dependency cycle(s) with /ocp/interconnect@48000000/segment@300000/target-module@e000/lcdc@0
[    0.143003] /ocp/interconnect@48000000/segment@300000/target-module@e000/lcdc@0: Fixed dependency cycle(s) with /ocp/interconnect@44c00000/segment@200000/target-module@b000/i2c@0/tda19988@70
[    0.145223] No ATAGs?
[    0.145267] hw-breakpoint: debug architecture 0x4 unsupported.
[    0.148345] kprobes: kprobe jump-optimization is enabled. All kprobes are optimized if possible.
[    0.154001] iommu: Default domain type: Translated
[    0.154023] iommu: DMA domain TLB invalidation policy: strict mode
[    0.155587] reg-fixed-voltage fixedregulator0: using DT '/fixedregulator0' for '(default)' GPIO lookup
[    0.155642] of_get_named_gpiod_flags: can't parse 'gpios' property of node '/fixedregulator0[0]'
[    0.155669] of_get_named_gpiod_flags: can't parse 'gpio' property of node '/fixedregulator0[0]'
[    0.155687] reg-fixed-voltage fixedregulator0: using lookup tables for GPIO lookup
[    0.155698] reg-fixed-voltage fixedregulator0: No GPIO consumer (default) found
[    0.161773] SCSI subsystem initialized
[    0.162251] libata version 3.00 loaded.
[    0.162626] pps_core: LinuxPPS API ver. 1 registered
[    0.162636] pps_core: Software ver. 5.3.6 - Copyright 2005-2007 Rodolfo Giometti <giometti@linux.it>
[    0.162660] PTP clock support registered
[    0.171227] vgaarb: loaded
[    0.171601] clocksource: Switched to clocksource dmtimer
[    0.172287] VFS: Disk quotas dquot_6.6.0
[    0.172345] VFS: Dquot-cache hash table entries: 1024 (order 0, 4096 bytes)
[    0.197435] NET: Registered PF_INET protocol family
[    0.197777] IP idents hash table entries: 8192 (order: 4, 65536 bytes, linear)
[    0.199207] tcp_listen_portaddr_hash hash table entries: 512 (order: 0, 4096 bytes, linear)
[    0.199245] Table-perturb hash table entries: 65536 (order: 6, 262144 bytes, linear)
[    0.199264] TCP established hash table entries: 4096 (order: 2, 16384 bytes, linear)
[    0.199310] TCP bind hash table entries: 4096 (order: 4, 65536 bytes, linear)
[    0.199410] TCP: Hash tables configured (established 4096 bind 4096)
[    0.199529] UDP hash table entries: 256 (order: 1, 14336 bytes, linear)
[    0.199562] UDP-Lite hash table entries: 256 (order: 1, 14336 bytes, linear)
[    0.199750] NET: Registered PF_UNIX/PF_LOCAL protocol family
[    0.201007] RPC: Registered named UNIX socket transport module.
[    0.201025] RPC: Registered udp transport module.
[    0.201031] RPC: Registered tcp transport module.
[    0.201036] RPC: Registered tcp-with-tls transport module.
[    0.201041] RPC: Registered tcp NFSv4.1 backchannel transport module.
[    0.201066] PCI: CLS 0 bytes, default 64
[    0.202596] Initialise system trusted keyrings
[    0.212281] workingset: timestamp_bits=14 max_order=17 bucket_order=3
[    0.213688] NFS: Registering the id_resolver key type
[    0.213750] Key type id_resolver registered
[    0.213757] Key type id_legacy registered
[    0.213865] jffs2: version 2.2. (NAND) (SUMMARY)  Â© 2001-2006 Red Hat, Inc.
[    0.214316] Key type asymmetric registered
[    0.214332] Asymmetric key parser 'x509' registered
[    0.214403] io scheduler mq-deadline registered
[    0.214413] io scheduler kyber registered
[    0.214486] io scheduler bfq registered
[    0.216353] target-module@4b000000:target-module@140000:pmu@0:fck: device ID is greater than 24
[    0.222536] l3-aon-clkctrl:0000:0: failed to disable
[    0.232150] ledtrig-cpu: registered to indicate activity on CPUs
[    0.235901] Serial: 8250/16550 driver, 6 ports, IRQ sharing enabled
[    0.280722] brd: module loaded
[    0.289187] loop: module loaded
[    0.290115] mtdoops: mtd device (mtddev=name/number) must be supplied
[    0.291966] mdio_bus fixed-0: using lookup tables for GPIO lookup
[    0.291991] mdio_bus fixed-0: No GPIO consumer reset found
[    0.293403] i2c_dev: i2c /dev entries driver
[    0.294413] cpuidle: enable-method property 'ti,am3352' found operations
[    0.294860] sdhci: Secure Digital Host Controller Interface driver
[    0.294870] sdhci: Copyright(c) Pierre Ossman
[    0.295047] sdhci-pltfm: SDHCI platform and OF driver helper
[    0.302369] hw perfevents: enabled with armv7_cortex_a8 PMU driver, 5 (8000000f) counters available
[    0.302896] Initializing XFRM netlink socket
[    0.303078] NET: Registered PF_INET6 protocol family
[    0.308741] l3-aon-clkctrl:0000:0: failed to disable
[    0.310116] Segment Routing with IPv6
[    0.310200] In-situ OAM (IOAM) with IPv6
[    0.310295] sit: IPv6, IPv4 and MPLS over IPv4 tunneling driver
[    0.311244] NET: Registered PF_PACKET protocol family
[    0.311269] NET: Registered PF_KEY protocol family
[    0.311422] Key type dns_resolver registered
[    0.311828] ThumbEE CPU extension supported.
[    0.311853] Registering SWP/SWPB emulation handler
[    0.312390] omap_voltage_late_init: Voltage driver support not added
[    0.313071] SmartReflex Class3 initialized
[    0.343688] Loading compiled-in X.509 certificates
[    0.380041] /ocp/interconnect@44c00000/segment@200000/target-module@b000/i2c@0/tda19988@70: Fixed dependency cycle(s) with /ocp/interconnect@48000000/segment@300000/target-module@e000/lcdc@0
[    0.386681] /ocp/interconnect@44c00000/segment@200000/target-module@b000/i2c@0/tda19988@70: Fixed dependency cycle(s) with /ocp/interconnect@48000000/segment@300000/target-module@e000/lcdc@0
[    0.392375] gpiochip_find_base_unlocked: found new base at 512
[    0.418763] /ocp/interconnect@44c00000/segment@200000/target-module@b000/i2c@0/tda19988@70: Fixed dependency cycle(s) with /ocp/interconnect@48000000/segment@300000/target-module@e000/lcdc@0
[    0.419640] /ocp/interconnect@44c00000/segment@200000/target-module@b000/i2c@0/tda19988@70: Fixed dependency cycle(s) with /ocp/interconnect@48000000/segment@300000/target-module@e000/lcdc@0
[    0.423477] /ocp/interconnect@44c00000/segment@200000/target-module@10000/scm@0/pinmux@800: Fixed dependency cycle(s) with /ocp/interconnect@44c00000/segment@200000/target-module@10000/scm@0/pinmux@800/clkout2-pins
[    0.424075] pinctrl-single 44e10800.pinmux: 142 pins, size 568
[    0.429367] ti-sysc 44e31000.target-module: probe with driver ti-sysc failed with error -16
[    0.453599] /ocp/interconnect@48000000/segment@300000/target-module@e000/lcdc@0: Fixed dependency cycle(s) with /ocp/interconnect@44c00000/segment@200000/target-module@b000/i2c@0/tda19988@70
[    0.461811] ti-sysc 48040000.target-module: probe with driver ti-sysc failed with error -16
[    0.473493] gpiochip_find_base_unlocked: found new base at 512
[    0.473595] gpio gpiochip0: (gpio-0-31): created GPIO range 0->7 ==> 44e10800.pinmux PIN 0->7
[    0.473614] gpio gpiochip0: (gpio-0-31): created GPIO range 8->11 ==> 44e10800.pinmux PIN 90->93
[    0.473630] gpio gpiochip0: (gpio-0-31): created GPIO range 12->27 ==> 44e10800.pinmux PIN 12->27
[    0.473645] gpio gpiochip0: (gpio-0-31): created GPIO range 28->31 ==> 44e10800.pinmux PIN 30->33
[    0.498706] gpio gpiochip0: (gpio-0-31): added GPIO chardev (254:0)
[    0.498935] gpio gpiochip0: registered GPIOs 512 to 543 on gpio-0-31
[    0.499019] OMAP GPIO hardware version 0.1
[    0.534588] i2c i2c-2: using DT '/ocp/interconnect@48000000/segment@100000/target-module@9c000/i2c@0' for 'scl' GPIO lookup
[    0.534667] of_get_named_gpiod_flags: can't parse 'scl-gpios' property of node '/ocp/interconnect@48000000/segment@100000/target-module@9c000/i2c@0[0]'
[    0.534710] of_get_named_gpiod_flags: can't parse 'scl-gpio' property of node '/ocp/interconnect@48000000/segment@100000/target-module@9c000/i2c@0[0]'
[    0.534747] i2c i2c-2: using lookup tables for GPIO lookup
[    0.534757] i2c i2c-2: No GPIO consumer scl found
[    0.534778] i2c i2c-2: using DT '/ocp/interconnect@48000000/segment@100000/target-module@9c000/i2c@0' for 'sda' GPIO lookup
[    0.534815] of_get_named_gpiod_flags: can't parse 'sda-gpios' property of node '/ocp/interconnect@48000000/segment@100000/target-module@9c000/i2c@0[0]'
[    0.534853] of_get_named_gpiod_flags: can't parse 'sda-gpio' property of node '/ocp/interconnect@48000000/segment@100000/target-module@9c000/i2c@0[0]'
[    0.534885] i2c i2c-2: using lookup tables for GPIO lookup
[    0.534892] i2c i2c-2: No GPIO consumer sda found
[    0.535630] omap_i2c 4819c000.i2c: bus 2 rev0.11 at 100 kHz
[    0.541239] gpiochip_find_base_unlocked: found new base at 544
[    0.541342] gpio gpiochip1: (gpio-32-63): created GPIO range 0->17 ==> 44e10800.pinmux PIN 34->51
[    0.541361] gpio gpiochip1: (gpio-32-63): created GPIO range 18->21 ==> 44e10800.pinmux PIN 77->80
[    0.541377] gpio gpiochip1: (gpio-32-63): created GPIO range 22->31 ==> 44e10800.pinmux PIN 56->65
[    0.542486] gpio gpiochip1: (gpio-32-63): added GPIO chardev (254:1)
[    0.542705] gpio gpiochip1: registered GPIOs 544 to 575 on gpio-32-63
[    0.544986] gpiochip_find_base_unlocked: found new base at 576
[    0.545078] gpio gpiochip2: (gpio-64-95): created GPIO range 0->4 ==> 44e10800.pinmux PIN 66->70
[    0.545105] gpio gpiochip2: (gpio-64-95): created GPIO range 5->6 ==> 44e10800.pinmux PIN 98->99
[    0.545122] gpio gpiochip2: (gpio-64-95): created GPIO range 7->8 ==> 44e10800.pinmux PIN 75->76
[    0.545137] gpio gpiochip2: (gpio-64-95): created GPIO range 13->13 ==> 44e10800.pinmux PIN 141->141
[    0.545153] gpio gpiochip2: (gpio-64-95): created GPIO range 14->21 ==> 44e10800.pinmux PIN 100->107
[    0.557789] gpio gpiochip2: (gpio-64-95): added GPIO chardev (254:2)
[    0.558010] gpio gpiochip2: registered GPIOs 576 to 607 on gpio-64-95
[    0.563990] 48000000.interconnect:segment@200000:target-module@0:mpu@0:fck: device ID is greater than 24
[    0.564898] /ocp/interconnect@48000000/segment@300000/target-module@e000/lcdc@0: Fixed dependency cycle(s) with /ocp/interconnect@44c00000/segment@200000/target-module@b000/i2c@0/tda19988@70
[    0.567774] /ocp/interconnect@48000000/segment@300000/target-module@e000/lcdc@0: Fixed dependency cycle(s) with /ocp/interconnect@44c00000/segment@200000/target-module@b000/i2c@0/tda19988@70
[    0.568490] /ocp/interconnect@44c00000/segment@200000/target-module@b000/i2c@0/tda19988@70: Fixed dependency cycle(s) with /ocp/interconnect@48000000/segment@300000/target-module@e000/lcdc@0
[    0.568652] /ocp/interconnect@48000000/segment@300000/target-module@e000/lcdc@0: Fixed dependency cycle(s) with /ocp/interconnect@44c00000/segment@200000/target-module@b000/i2c@0/tda19988@70
[    0.578451] mdio_bus 4a101000.mdio: using DT '/ocp/interconnect@4a000000/segment@0/target-module@100000/switch@0/mdio@1000' for 'reset' GPIO lookup
[    0.578522] of_get_named_gpiod_flags: can't parse 'reset-gpios' property of node '/ocp/interconnect@4a000000/segment@0/target-module@100000/switch@0/mdio@1000[0]'
[    0.578569] of_get_named_gpiod_flags: can't parse 'reset-gpio' property of node '/ocp/interconnect@4a000000/segment@0/target-module@100000/switch@0/mdio@1000[0]'
[    0.578616] mdio_bus 4a101000.mdio: using lookup tables for GPIO lookup
[    0.578626] mdio_bus 4a101000.mdio: No GPIO consumer reset found
[    0.579548] sdhci-omap 481d8000.mmc: using DT '/ocp/interconnect@48000000/segment@100000/target-module@d8000/mmc@0' for 'wp' GPIO lookup
[    0.579610] of_get_named_gpiod_flags: can't parse 'wp-gpios' property of node '/ocp/interconnect@48000000/segment@100000/target-module@d8000/mmc@0[0]'
[    0.579652] of_get_named_gpiod_flags: can't parse 'wp-gpio' property of node '/ocp/interconnect@48000000/segment@100000/target-module@d8000/mmc@0[0]'
[    0.579687] sdhci-omap 481d8000.mmc: using lookup tables for GPIO lookup
[    0.579696] sdhci-omap 481d8000.mmc: No GPIO consumer wp found
[    0.579894] sdhci-omap 481d8000.mmc: supply pbias not found, using dummy regulator
[    0.580388] sdhci-omap 481d8000.mmc: supply vqmmc not found, using dummy regulator
[    0.622640] davinci_mdio 4a101000.mdio: davinci mdio revision 1.6, bus freq 1000000
[    0.640740] mdio_bus 4a101000.mdio:00: using DT '/ocp/interconnect@4a000000/segment@0/target-module@100000/switch@0/mdio@1000/ethernet-phy@0' for 'reset' GPIO lookup
[    0.640841] of_get_named_gpiod_flags: parsed 'reset-gpios' property of node '/ocp/interconnect@4a000000/segment@0/target-module@100000/switch@0/mdio@1000/ethernet-phy@0[0]' - status (0)
[    0.641004] gpio gpiochip0: Persistence not supported for GPIO 8
[    0.761454] davinci_mdio 4a101000.mdio: phy[0]: device 4a101000.mdio:00, driver SMSC LAN8710/LAN8720
[    0.762306] cpsw-switch 4a100000.switch: initialized cpsw ale version 1.4
[    0.762329] cpsw-switch 4a100000.switch: ALE Table size 1024, Policers 0
[    0.777135] cpsw-switch 4a100000.switch: cpts: overflow check period 500 (jiffies)
[    0.777158] cpsw-switch 4a100000.switch: CPTS: ref_clk_freq:250000000 calc_mult:2147483648 calc_shift:29 error:0 nsec/sec
[    0.777266] cpsw-switch 4a100000.switch: Detected MACID = 6c:ec:eb:68:de:78
[    0.779135] cpsw-switch 4a100000.switch: initialized (regs 0x4a100000, pool size 256) hw_ver:0019010C 1.12 (0)
[    0.790321] debugfs: '49000000.dma' already exists in 'dmaengine'
[    0.790363] edma 49000000.dma: TI EDMA DMA engine driver
[    0.822171] gpio-clk clk_mcasp0: using DT '/clk_mcasp0' for 'enable' GPIO lookup
[    0.822252] of_get_named_gpiod_flags: parsed 'enable-gpios' property of node '/clk_mcasp0[0]' - status (0)
[    0.822299] gpio gpiochip0: Persistence not supported for GPIO 27
[    0.823181] gpiochip_find_base_unlocked: found new base at 608
[    0.823292] gpio gpiochip3: (gpio-96-127): created GPIO range 0->7 ==> 44e10800.pinmux PIN 82->89
[    0.823312] gpio gpiochip3: (gpio-96-127): created GPIO range 8->11 ==> 44e10800.pinmux PIN 52->55
