Labgrid Console Logfile for main
Logfile started at 2025-10-13 00:19:42.614260
=== Log starts here ===
reading args
spl_load_image_fat_os: error reading image args, err - -1
reading u-boot.img
reading u-boot.img


U-Boot 2014.04-00014-g47880f5 (Apr 22 2014 - 13:23:54)

I2C:   ready
DRAM:  512 MiB
NAND:  0 MiB
MMC:   OMAP SD/MMC: 0, OMAP SD/MMC: 1
*** Warning - readenv() failed, using default environment

Net:   <ethaddr> not set. Validating first E-fuse MAC
cpsw, usb_ether
Hit any key to stop autoboot:  1  0 
gpio: pin 53 (gpio 53) value is 1
mmc0 is current device
gpio: pin 54 (gpio 54) value is 1
SD/MMC found on device 0
reading uEnv.txt
569 bytes read in 4 ms (138.7 KiB/s)
gpio: pin 55 (gpio 55) value is 1
Loaded environment from uEnv.txt
Importing environment from mmc ...
Checking if uenvcmd is set ...
gpio: pin 56 (gpio 56) value is 1
Running uenvcmd ...
cpsw Waiting for PHY auto negotiation to complete. done
link up on port 0, speed 100, full duplex
Using cpsw device
TFTP from server 192.168.255.126; our IP address is 192.168.255.1
Filename 'zImage'.
Load address: 0x81000000
Loading: *T #################################################################
	 #################################################################
	 #################################################################
	 #################################################################
	 #################################################################
	 ###############################################################
	 764.6 KiB/s
done
Bytes transferred = 5684152 (56bbb8 hex)
link up on port 0, speed 100, full duplex
Using cpsw device
TFTP from server 192.168.255.126; our IP address is 192.168.255.1
Filename 'am335x-boneblack.dtb'.
Load address: 0x82000000
Loading: *#######
	 2.4 MiB/s
done
Bytes transferred = 98148 (17f64 hex)
Kernel image @ 0x81000000 [ 0x000000 - 0x56bbb8 ]
## Flattened Device Tree blob at 82000000
   Booting using the fdt blob at 0x82000000
   Using Device Tree in place at 82000000, end 8201af63

Starting kernel ...

[    0.000000] Booting Linux on physical CPU 0x0
[    0.000000] Linux version 6.18.0-rc1 (user01@drvtest01) (arm-none-eabi-gcc (Arm GNU Toolchain 14.2.Rel1 (Build arm-14.52)) 14.2.1 20241119, GNU ld (Arm GNU Toolchain 14.2.Rel1 (Build arm-14.52)) 2.43.1.20241119) #1 SMP Mon Oct 13 00:18:13 EEST 2025
[    0.000000] CPU: ARMv7 Processor [413fc082] revision 2 (ARMv7), cr=10c5387d
[    0.000000] CPU: PIPT / VIPT nonaliasing data cache, VIPT aliasing instruction cache
[    0.000000] OF: fdt: Machine model: TI AM335x BeagleBone Black
[    0.000000] Memory policy: Data cache writeback
[    0.000000] cma: Reserved 16 MiB at 0x9e800000
[    0.000000] Zone ranges:
[    0.000000]   Normal   [mem 0x0000000080000000-0x000000009fdfffff]
[    0.000000]   HighMem  empty
[    0.000000] Movable zone start for each node
[    0.000000] Early memory node ranges
[    0.000000]   node   0: [mem 0x0000000080000000-0x000000009fdfffff]
[    0.000000] Initmem setup node 0 [mem 0x0000000080000000-0x000000009fdfffff]
[    0.000000] On node 0, zone Normal: 512 pages in unavailable ranges
[    0.000000] OF: reserved mem: Reserved memory: No reserved-memory node in the DT
[    0.000000] CPU: All CPU(s) started in SVC mode.
[    0.000000] AM335X ES2.1 (sgx neon)
[    0.000000] percpu: Embedded 17 pages/cpu s39884 r8192 d21556 u69632
[    0.000000] Kernel command line: console=ttyO0,115200n8 root=/dev/nfs rw nfsroot=192.168.255.126:/home/user01/nfs,nfsvers=3 ip=192.168.255.1:192.168.255.126::255.255.255.0:bbb1:eth0 nfsrootdebug
[    0.000000] Unknown kernel command line parameters "nfsrootdebug", will be passed to user space.
[    0.000000] printk: log buffer data + meta data: 65536 + 204800 = 270336 bytes
[    0.000000] Dentry cache hash table entries: 65536 (order: 6, 262144 bytes, linear)
[    0.000000] Inode-cache hash table entries: 32768 (order: 5, 131072 bytes, linear)
[    0.000000] Built 1 zonelists, mobility grouping on.  Total pages: 130560
[    0.000000] mem auto-init: stack:off, heap alloc:off, heap free:off
[    0.000000] SLUB: HWalign=16, Order=0-3, MinObjects=0, CPUs=1, Nodes=1
[    0.000000] rcu: Hierarchical RCU implementation.
[    0.000000] rcu: 	RCU event tracing is enabled.
[    0.000000] rcu: 	RCU restricting CPUs from NR_CPUS=2 to nr_cpu_ids=1.
[    0.000000] 	Tracing variant of Tasks RCU enabled.
[    0.000000] rcu: RCU calculated value of scheduler-enlistment delay is 10 jiffies.
[    0.000000] rcu: Adjusting geometry for rcu_fanout_leaf=16, nr_cpu_ids=1
[    0.000000] RCU Tasks Trace: Setting shift to 0 and lim to 1 rcu_task_cb_adjust=1 rcu_task_cpu_ids=1.
[    0.000000] NR_IRQS: 16, nr_irqs: 16, preallocated irqs: 16
[    0.000000] IRQ: Found an INTC at 0x(ptrval) (revision 5.0) with 128 interrupts
[    0.000000] rcu: srcu_init: Setting srcu_struct sizes based on contention.
[    0.000000] TI gptimer clocksource: always-on /ocp/interconnect@44c00000/segment@200000/target-module@31000
[    0.000003] sched_clock: 32 bits at 24MHz, resolution 41ns, wraps every 89478484971ns
[    0.000025] clocksource: dmtimer: mask: 0xffffffff max_cycles: 0xffffffff, max_idle_ns: 79635851949 ns
[    0.000489] TI gptimer clockevent: 24000000 Hz at /ocp/interconnect@48000000/segment@0/target-module@40000
[    0.002062] Console: colour dummy device 80x30
[    0.002127] WARNING: Your 'console=ttyO0' has been replaced by 'ttyS0'
[    0.002136] This ensures that you still see kernel messages. Please
[    0.002141] update your kernel commandline.
[    0.002185] Calibrating delay loop... 996.14 BogoMIPS (lpj=4980736)
[    0.090601] CPU: Testing write buffer coherency: ok
[    0.090682] CPU0: Spectre v2: using BPIALL workaround
[    0.090691] pid_max: default: 32768 minimum: 301
[    0.090869] LSM: initializing lsm=capability
[    0.091031] Mount-cache hash table entries: 1024 (order: 0, 4096 bytes, linear)
[    0.091050] Mountpoint-cache hash table entries: 1024 (order: 0, 4096 bytes, linear)
[    0.092634] CPU0: thread -1, cpu 0, socket -1, mpidr 0
[    0.092693] cacheinfo: Unable to detect cache hierarchy for CPU 0
[    0.094718] Setting up static identity map for 0x80100000 - 0x80100078
[    0.095029] rcu: Hierarchical SRCU implementation.
[    0.095039] rcu: 	Max phase no-delay instances is 1000.
[    0.096729] smp: Bringing up secondary CPUs ...
[    0.096784] smp: Brought up 1 node, 1 CPU
[    0.096798] SMP: Total of 1 processors activated (996.14 BogoMIPS).
[    0.096809] CPU: All CPU(s) started in SVC mode.
[    0.097009] Memory: 480864K/522240K available (11264K kernel code, 1226K rwdata, 2952K rodata, 1024K init, 256K bss, 23336K reserved, 16384K cma-reserved, 0K highmem)
[    0.097821] devtmpfs: initialized
[    0.115335] VFP support v0.3: implementor 41 architecture 3 part 30 variant c rev 3
[    0.115992] clocksource: jiffies: mask: 0xffffffff max_cycles: 0xffffffff, max_idle_ns: 19112604462750000 ns
[    0.116048] posixtimers hash table entries: 512 (order: 0, 4096 bytes, linear)
[    0.116074] futex hash table entries: 256 (16384 bytes on 1 NUMA nodes, total 16 KiB, linear).
[    0.117212] pinctrl core: initialized pinctrl subsystem
[    0.119306] NET: Registered PF_NETLINK/PF_ROUTE protocol family
[    0.122371] DMA: preallocated 256 KiB pool for atomic coherent allocations
[    0.122971] audit: initializing netlink subsys (disabled)
[    0.124305] thermal_sys: Registered thermal governor 'fair_share'
[    0.124319] thermal_sys: Registered thermal governor 'step_wise'
[    0.124329] thermal_sys: Registered thermal governor 'user_space'
[    0.124439] audit: type=2000 audit(0.120:1): state=initialized audit_enabled=0 res=1
[    0.124510] cpuidle: using governor menu
[    0.142298] /ocp/interconnect@44c00000/segment@200000/target-module@b000/i2c@0/tda19988@70: Fixed dependency cycle(s) with /ocp/interconnect@48000000/segment@300000/target-module@e000/lcdc@0
[    0.143414] /ocp/interconnect@48000000/segment@300000/target-module@e000/lcdc@0: Fixed dependency cycle(s) with /ocp/interconnect@44c00000/segment@200000/target-module@b000/i2c@0/tda19988@70
[    0.145601] No ATAGs?
[    0.145639] hw-breakpoint: debug architecture 0x4 unsupported.
[    0.148719] kprobes: kprobe jump-optimization is enabled. All kprobes are optimized if possible.
[    0.154485] iommu: Default domain type: Translated
[    0.154507] iommu: DMA domain TLB invalidation policy: strict mode
[    0.161642] SCSI subsystem initialized
[    0.162498] pps_core: LinuxPPS API ver. 1 registered
[    0.162509] pps_core: Software ver. 5.3.6 - Copyright 2005-2007 Rodolfo Giometti <giometti@linux.it>
[    0.162532] PTP clock support registered
[    0.171027] vgaarb: loaded
[    0.171401] clocksource: Switched to clocksource dmtimer
[    0.172070] VFS: Disk quotas dquot_6.6.0
[    0.172130] VFS: Dquot-cache hash table entries: 1024 (order 0, 4096 bytes)
[    0.196583] NET: Registered PF_INET protocol family
[    0.196925] IP idents hash table entries: 8192 (order: 4, 65536 bytes, linear)
[    0.198358] tcp_listen_portaddr_hash hash table entries: 512 (order: 0, 4096 bytes, linear)
[    0.198392] Table-perturb hash table entries: 65536 (order: 6, 262144 bytes, linear)
[    0.198410] TCP established hash table entries: 4096 (order: 2, 16384 bytes, linear)
[    0.198455] TCP bind hash table entries: 4096 (order: 4, 65536 bytes, linear)
[    0.198554] TCP: Hash tables configured (established 4096 bind 4096)
[    0.198677] UDP hash table entries: 256 (order: 1, 14336 bytes, linear)
[    0.198710] UDP-Lite hash table entries: 256 (order: 1, 14336 bytes, linear)
[    0.198912] NET: Registered PF_UNIX/PF_LOCAL protocol family
[    0.202596] RPC: Registered named UNIX socket transport module.
[    0.202618] RPC: Registered udp transport module.
[    0.202623] RPC: Registered tcp transport module.
[    0.202628] RPC: Registered tcp-with-tls transport module.
[    0.202633] RPC: Registered tcp NFSv4.1 backchannel transport module.
[    0.202659] PCI: CLS 0 bytes, default 64
[    0.204070] Initialise system trusted keyrings
[    0.212083] workingset: timestamp_bits=14 max_order=17 bucket_order=3
[    0.213561] NFS: Registering the id_resolver key type
[    0.213622] Key type id_resolver registered
[    0.213628] Key type id_legacy registered
[    0.213744] jffs2: version 2.2. (NAND) (SUMMARY)  Â© 2001-2006 Red Hat, Inc.
[    0.214214] Key type asymmetric registered
[    0.214230] Asymmetric key parser 'x509' registered
[    0.214301] io scheduler mq-deadline registered
[    0.214311] io scheduler kyber registered
[    0.214399] io scheduler bfq registered
[    0.216257] target-module@4b000000:target-module@140000:pmu@0:fck: device ID is greater than 24
[    0.221643] ledtrig-cpu: registered to indicate activity on CPUs
[    0.232032] Serial: 8250/16550 driver, 6 ports, IRQ sharing enabled
[    0.278566] brd: module loaded
[    0.287401] loop: module loaded
[    0.288334] mtdoops: mtd device (mtddev=name/number) must be supplied
[    0.291321] i2c_dev: i2c /dev entries driver
[    0.292511] cpuidle: enable-method property 'ti,am3352' found operations
[    0.292969] sdhci: Secure Digital Host Controller Interface driver
[    0.292979] sdhci: Copyright(c) Pierre Ossman
[    0.293160] sdhci-pltfm: SDHCI platform and OF driver helper
[    0.301821] hw perfevents: enabled with armv7_cortex_a8 PMU driver, 5 (8000000f) counters available
[    0.302370] Initializing XFRM netlink socket
[    0.302541] NET: Registered PF_INET6 protocol family
[    0.304549] Segment Routing with IPv6
[    0.304632] In-situ OAM (IOAM) with IPv6
[    0.304728] sit: IPv6, IPv4 and MPLS over IPv4 tunneling driver
[    0.305692] NET: Registered PF_PACKET protocol family
[    0.305717] NET: Registered PF_KEY protocol family
[    0.305865] Key type dns_resolver registered
[    0.306099] ThumbEE CPU extension supported.
[    0.306120] Registering SWP/SWPB emulation handler
[    0.306646] omap_voltage_late_init: Voltage driver support not added
[    0.307307] SmartReflex Class3 initialized
[    0.343155] Loading compiled-in X.509 certificates
[    0.380467] /ocp/interconnect@44c00000/segment@200000/target-module@b000/i2c@0/tda19988@70: Fixed dependency cycle(s) with /ocp/interconnect@48000000/segment@300000/target-module@e000/lcdc@0
[    0.386988] /ocp/interconnect@44c00000/segment@200000/target-module@b000/i2c@0/tda19988@70: Fixed dependency cycle(s) with /ocp/interconnect@48000000/segment@300000/target-module@e000/lcdc@0
[    0.429650] /ocp/interconnect@44c00000/segment@200000/target-module@b000/i2c@0/tda19988@70: Fixed dependency cycle(s) with /ocp/interconnect@48000000/segment@300000/target-module@e000/lcdc@0
[    0.430547] /ocp/interconnect@44c00000/segment@200000/target-module@b000/i2c@0/tda19988@70: Fixed dependency cycle(s) with /ocp/interconnect@48000000/segment@300000/target-module@e000/lcdc@0
[    0.434326] /ocp/interconnect@44c00000/segment@200000/target-module@10000/scm@0/pinmux@800: Fixed dependency cycle(s) with /ocp/interconnect@44c00000/segment@200000/target-module@10000/scm@0/pinmux@800/clkout2-pins
[    0.434922] pinctrl-single 44e10800.pinmux: 142 pins, size 568
[    0.440239] ti-sysc 44e31000.target-module: probe with driver ti-sysc failed with error -16
[    0.479063] /ocp/interconnect@48000000/segment@300000/target-module@e000/lcdc@0: Fixed dependency cycle(s) with /ocp/interconnect@44c00000/segment@200000/target-module@b000/i2c@0/tda19988@70
[    0.487372] ti-sysc 48040000.target-module: probe with driver ti-sysc failed with error -16
[    0.526795] OMAP GPIO hardware version 0.1
[    0.562595] omap_i2c 4819c000.i2c: bus 2 rev0.11 at 100 kHz
[    0.596558] 48000000.interconnect:segment@200000:target-module@0:mpu@0:fck: device ID is greater than 24
[    0.597463] /ocp/interconnect@48000000/segment@300000/target-module@e000/lcdc@0: Fixed dependency cycle(s) with /ocp/interconnect@44c00000/segment@200000/target-module@b000/i2c@0/tda19988@70
[    0.600285] /ocp/interconnect@48000000/segment@300000/target-module@e000/lcdc@0: Fixed dependency cycle(s) with /ocp/interconnect@44c00000/segment@200000/target-module@b000/i2c@0/tda19988@70
[    0.600985] /ocp/interconnect@44c00000/segment@200000/target-module@b000/i2c@0/tda19988@70: Fixed dependency cycle(s) with /ocp/interconnect@48000000/segment@300000/target-module@e000/lcdc@0
[    0.601159] /ocp/interconnect@48000000/segment@300000/target-module@e000/lcdc@0: Fixed dependency cycle(s) with /ocp/interconnect@44c00000/segment@200000/target-module@b000/i2c@0/tda19988@70
[    0.609079] sdhci-omap 481d8000.mmc: supply pbias not found, using dummy regulator
[    0.609559] sdhci-omap 481d8000.mmc: supply vqmmc not found, using dummy regulator
[    0.671433] davinci_mdio 4a101000.mdio: davinci mdio revision 1.6, bus freq 1000000
[    0.829579] davinci_mdio 4a101000.mdio: phy[0]: device 4a101000.mdio:00, driver SMSC LAN8710/LAN8720
[    0.830354] cpsw-switch 4a100000.switch: initialized cpsw ale version 1.4
[    0.830375] cpsw-switch 4a100000.switch: ALE Table size 1024, Policers 0
[    0.830563] cpsw-switch 4a100000.switch: cpts: overflow check period 500 (jiffies)
[    0.830582] cpsw-switch 4a100000.switch: CPTS: ref_clk_freq:250000000 calc_mult:2147483648 calc_shift:29 error:0 nsec/sec
[    0.830689] cpsw-switch 4a100000.switch: Detected MACID = 6c:ec:eb:68:de:78
[    0.832757] cpsw-switch 4a100000.switch: initialized (regs 0x4a100000, pool size 256) hw_ver:0019010C 1.12 (0)
[    0.844071] debugfs: '49000000.dma' already exists in 'dmaengine'
[    0.844114] edma 49000000.dma: TI EDMA DMA engine driver
[    0.885986] 44e09000.serial: ttyS0 at MMIO 0x44e09000 (irq = 34, base_baud = 3000000) is a 8250
[    0.886078] printk: legacy console [ttyS0] enabled
[    2.442359] tps65217-pmic: Failed to locate of_node [id: -1]
[    2.448429] tps65217-bl: Failed to locate of_node [id: -1]
[    2.454491] platform tps65217-charger: DMA mask not set
[    2.460522] platform tps65217-pwrbutton: DMA mask not set
[    2.467796] tps65217 0-0024: TPS65217 ID 0xe version 1.2
[    2.473888] /ocp/interconnect@48000000/segment@300000/target-module@e000/lcdc@0: Fixed dependency cycle(s) with /ocp/interconnect@44c00000/segment@200000/target-module@b000/i2c@0/tda19988@70
[    2.491292] /ocp/interconnect@44c00000/segment@200000/target-module@b000/i2c@0/tda19988@70: Fixed dependency cycle(s) with /ocp/interconnect@48000000/segment@300000/target-module@e000/lcdc@0
[    2.508679] omap_i2c 44e0b000.i2c: bus 0 rev0.11 at 400 kHz
[    2.516656] omap_gpio 44e07000.gpio: Could not set line 6 debounce to 200000 microseconds (-22)
[    2.525537] sdhci-omap 48060000.mmc: Got CD GPIO
[    2.530561] sdhci-omap 48060000.mmc: supply pbias not found, using dummy regulator
[    2.540713] sdhci-omap 48060000.mmc: supply vqmmc not found, using dummy regulator
[    2.549509] sdhci-omap 481d8000.mmc: supply pbias not found, using dummy regulator
[    2.559374] sdhci-omap 481d8000.mmc: supply vqmmc not found, using dummy regulator
[    2.595141] mmc0: SDHCI controller on 48060000.mmc [48060000.mmc] using External DMA
[    2.603386] mmc1: SDHCI controller on 481d8000.mmc [481d8000.mmc] using External DMA
[    2.612237] cpsw-switch 4a100000.switch: starting ndev. mode: dual_mac
[    2.681665] mmc1: new high speed MMC card at address 0001
[    2.688483] mmcblk1: mmc1:0001 MMC04G 3.60 GiB
[    2.696448]  mmcblk1: p1 p2
[    2.700764] mmcblk1boot0: mmc1:0001 MMC04G 2.00 MiB
[    2.707325] SMSC LAN8710/LAN8720 4a101000.mdio:00: attached PHY driver (mii_bus:phy_addr=4a101000.mdio:00, irq=POLL)
[    2.725940] mmcblk1boot1: mmc1:0001 MMC04G 2.00 MiB
[    2.734820] mmcblk1rpmb: mmc1:0001 MMC04G 128 KiB, chardev (249:0)
[    2.784922] mmc0: new high speed SDHC card at address aaaa
[    2.791884] mmcblk0: mmc0:aaaa SE32G 29.7 GiB
[    2.801006]  mmcblk0: p1 p2
[    5.842174] cpsw-switch 4a100000.switch eth0: Link is Up - 100Mbps/Full - flow control off
[    5.881642] IP-Config: Complete:
[    5.884918]      device=eth0, hwaddr=6c:ec:eb:68:de:78, ipaddr=192.168.255.1, mask=255.255.255.0, gw=255.255.255.255
[    5.895594]      host=bbb1, domain=, nis-domain=(none)
[    5.900765]      bootserver=192.168.255.126, rootserver=192.168.255.126, rootpath=
[    5.901204] clk: Disabling unused clocks
[    5.913049] PM: genpd: Disabling unused power domains
[    5.918200] KTAP version 1
[    5.920922] 1..0
[    5.923420] check access for rdinit=/init failed: -2, ignoring
[    5.951573] VFS: Mounted root (nfs filesystem) on device 0:17.
[    5.958420] devtmpfs: mounted
[    5.963249] Freeing unused kernel image (initmem) memory: 1024K
[    5.969849] Run /sbin/init as init process
[    6.639070] systemd[1]: System time before build time, advancing clock.
[    8.181419] random: crng init done
[    8.204150] systemd[1]: systemd 232 running in system mode. (+PAM +AUDIT +SELINUX +IMA +APPARMOR +SMACK +SYSVINIT +UTMP +LIBCRYPTSETUP +GCRYPT +GNUTLS +ACL +XZ +LZ4 +SECCOMP +BLKID +ELFUTILS +KMOD +IDN)
[    8.223255] systemd[1]: Detected architecture arm.

Welcome to [1mDebian GNU/Linux 9 (stretch)[0m!

[    8.254510] systemd[1]: Set hostname to <arm>.
[    9.365318] systemd[1]: Created slice User and Session Slice.
[[0;32m  OK  [0m] Created slice User and Session Slice.
[    9.392338] systemd[1]: Started Dispatch Password Requests to Console Directory Watch.
[[0;32m  OK  [0m] Started Dispatch Password Requests to Console Directory Watch.
[    9.423173] systemd[1]: Set up automount Arbitrary Executable File Formats File System Automount Point.
[[0;32m  OK  [0m] Set up automount Arbitrary Executabâ€¦rmats File System Automount Point.
[    9.452801] systemd[1]: Created slice System Slice.
[[0;32m  OK  [0m] Created slice System Slice.
[    9.484483] systemd[1]: Listening on udev Kernel Socket.
[[0;32m  OK  [0m] Listening on udev Kernel Socket.
[    9.512921] systemd[1]: Created slice system-getty.slice.
[[0;32m  OK  [0m] Created slice system-getty.slice.
[    9.541800] systemd[1]: Reached target Swap.
[[0;32m  OK  [0m] Reached target Swap.
         Mounting POSIX Message Queue File System...
[[0;32m  OK  [0m] Listening on Journal Socket.
         Starting Remount Root and Kernel File Systems...
[[0;32m  OK  [0m] Reached target Remote File Systems.
         Starting Load Kernel Modules...
[[0;32m  OK  [0m] Listening on Journal Socket (/dev/log).
[[0;32m  OK  [0m] Listening on udev Control Socket.
         Mounting Debug File System...
[[0;32m  OK  [0m] Created slice system-serial\x2dgetty.slice.
[[0;32m  OK  [0m] Listening on Journal Audit Socket.
[[0;32m  OK  [0m] Started Forward Password Requests to Wall Directory Watch.
[[0;32m  OK  [0m] Reached target Encrypted Volumes.
[[0;32m  OK  [0m] Reached target Paths.
[[0;32m  OK  [0m] Listening on /dev/initctl Compatibility Named Pipe.
         Starting Create list of required stâ€¦ce nodes for the current kernel...
[[0;32m  OK  [0m] Listening on Syslog Socket.
         Starting Journal Service...
[[0;32m  OK  [0m] Reached target Slices.
[[0;32m  OK  [0m] Mounted POSIX Message Queue File System.
[[0;32m  OK  [0m] Mounted Debug File System.
[[0;32m  OK  [0m] Started Remount Root and Kernel File Systems.
[[0;32m  OK  [0m] Started Load Kernel Modules.
[[0;32m  OK  [0m] Started Create list of required staâ€¦vice nodes for the current kernel.
         Starting Create Static Device Nodes in /dev...
         Mounting Configuration File System...
         Starting Apply Kernel Variables...
         Starting Load/Save Random Seed...
         Starting udev Coldplug all Devices...
[[0;32m  OK  [0m] Mounted Configuration File System.
[[0;32m  OK  [0m] Started Apply Kernel Variables.
[[0;32m  OK  [0m] Started Load/Save Random Seed.
[[0;32m  OK  [0m] Started Create Static Device Nodes in /dev.
         Starting udev Kernel Device Manager...
[[0;32m  OK  [0m] Reached target Local File Systems (Pre).
[[0;32m  OK  [0m] Reached target Local File Systems.
         Starting Raise network interfaces...
[[0;32m  OK  [0m] Started Journal Service.
         Starting Flush Journal to Persistent Storage...
[   11.760344] systemd-journald[94]: Received request to flush runtime journal from PID 1
[[0;32m  OK  [0m] Started Flush Journal to Persistent Storage.
         Starting Create Volatile Files and Directories...
[[0;32m  OK  [0m] Started udev Kernel Device Manager.
[   12.642540] omap_prm 44e00d00.prm: sync_state() pending due to 44d00000.cpu
[[0;32m  OK  [0m] Started Create Volatile Files and Directories.
         Starting Network Time Synchronization...
         Starting Update UTMP about System Boot/Shutdown...
[[0;32m  OK  [0m] Started Update UTMP about System Boot/Shutdown.
[[0;32m  OK  [0m] Started udev Coldplug all Devices.
[   14.823135] remoteproc remoteproc0: wkup_m3 is available
[[0;32m  OK  [0m] Started Network Time Synchronization.
[[0;32m  OK  [0m] Reached target System Time Synchronized.
[[0;32m  OK  [0m] Reached target System Initialization.
[   15.114810] at24 2-0054: supply vcc not found, using dummy regulator
[[0;32m  OK  [0m] Started Daily apt download activities.
[[0;32m  OK  [0m] Listening on Avahi mDNS/DNS-SD Stack Activation Socket.
[   15.231812] omap_wdt: OMAP Watchdog Timer Rev 0x01: initial timeout 60 sec
[   15.250786] at24 2-0055: supply vcc not found, using dummy regulator
[[0;32m  OK  [0m] Started Daily apt upgrade and clean activities.
[[0;32m  OK  [0m] Started Daily Cleanup of Temporary Directories.
[[0;32m  OK  [0m] Reached target Timers.
[   15.403436] at24 2-0056: supply vcc not found, using dummy regulator
[[0;32m  OK  [0m] Listening on D-Bus System Message Bus Socket.
[[0;32m  OK  [0m] Reached target Sockets.
[   15.530169] at24 2-0057: supply vcc not found, using dummy regulator
[[0;32m  OK  [0m] Reached target Basic System.
         Starting LSB: Start busybox udhcpd at boot time...[   15.658619] at24 0-0050: 32768 byte 24c256 EEPROM, writable, 1 bytes/write

[   15.727128] input: tps65217_pwrbutton as /devices/platform/ocp/44c00000.interconnect/44c00000.interconnect:segment@200000/44e0b000.target-module/44e0b000.i2c/i2c-0/0-0024/tps65217-pwrbutton/input/input0
         Starting Cape Manager Service...
         Starting Generic Board Startup...
         Starting LSB: Load kernel modules needed to enable cpufreq scaling...
[   16.316739] omap_rtc 44e3e000.rtc: registered as rtc0
[   16.322081] omap_rtc 44e3e000.rtc: setting system clock to 2000-01-01T00:00:00 UTC (946684800)
[[0;32m  OK  [0m] Started Regular background program processing daemon.
         Starting Telephony service...
[[0;32m  OK  [0m] Started D-Bus System Message Bus.
[   16.717498] am335x-phy-driver 47401300.usb-phy: dummy supplies not allowed for exclusive requests (id=vbus)
[   16.847669] usbcore: registered new interface driver usbfs
[   16.853515] usbcore: registered new interface driver hub
[   16.858986] usbcore: registered new device driver usb
[   17.052145] am335x-phy-driver 47401b00.usb-phy: dummy supplies not allowed for exclusive requests (id=vbus)
[   17.812747] musb-hdrc musb-hdrc.1: MUSB HDRC host driver
[   17.818171] musb-hdrc musb-hdrc.1: new USB bus registered, assigned bus number 1
[   17.954318] tda998x 0-0070: found TDA19988
[   18.147744] usb usb1: New USB device found, idVendor=1d6b, idProduct=0002, bcdDevice= 6.18
[   18.156299] usb usb1: New USB device strings: Mfr=3, Product=2, SerialNumber=1
[   18.163662] usb usb1: Product: MUSB HDRC host driver
[   18.168659] usb usb1: Manufacturer: Linux 6.18.0-rc1 musb-hcd
[   18.174485] usb usb1: SerialNumber: musb-hdrc.1
[   18.554258] omap-mailbox 480c8000.mailbox: omap mailbox rev 0x400
[   18.649589] hub 1-0:1.0: USB hub found
[   18.680619] remoteproc remoteproc0: powering up wkup_m3
[   18.714934] hub 1-0:1.0: 1 port detected
[   18.825094] remoteproc remoteproc0: Direct firmware load for am335x-pm-firmware.elf failed with error -2
[   18.835063] remoteproc remoteproc0: request_firmware failed: -2
[   18.841030] wkup_m3_ipc 44e11324.wkup_m3_ipc: rproc_boot failed
[[0;32m  OK  [0m] Started Telephony service.
         Starting DUN service...
[   20.950648] omap_rng 48310000.rng: Random Number Generator ver. 20
         Starting Connection service...
         Starting Login Service...
         Starting Avahi mDNS/DNS-SD Stack...
[   21.360446] tilcdc 4830e000.lcdc: bound 0-0070 (ops 0xbf1140f8)
         Starting System Logging Service...
[   21.492460] [drm] Initialized tilcdc 1.0.0 for 4830e000.lcdc on minor 0
[   21.613104] tilcdc 4830e000.lcdc: [drm] Cannot find any crtc or sizes
[   21.622567] tilcdc 4830e000.lcdc: [drm] Cannot find any crtc or sizes
[[0;32m  OK  [0m] Started Cape Manager Service.
[[0;32m  OK  [0m] Found device /dev/ttyS0.
[   23.170892] PM: Cannot get wkup_m3_ipc handle
[   23.265521] omap-sham 53100000.sham: hw accel on OMAP rev 4.3
[   23.393982] omap-sham 53100000.sham: will run requests pump with realtime priority
[   23.403970] PM: Cannot get wkup_m3_ipc handle
[   23.453422] omap-aes 53500000.aes: OMAP AES hw accel rev: 3.2
[   23.555893] omap-aes 53500000.aes: will run requests pump with realtime priority
[   23.565316] PM: Cannot get wkup_m3_ipc handle
[   23.633092] Bluetooth: Core ver 2.22
[   23.636928] NET: Registered PF_BLUETOOTH protocol family
[   23.642482] Bluetooth: HCI device and connection manager initialized
[   23.648902] Bluetooth: HCI socket layer initialized
[   23.653864] Bluetooth: L2CAP socket layer initialized
[   23.658977] Bluetooth: SCO socket layer initialized
[[0;32m  OK  [0m] Started System Logging Service.
[   24.377197] ------------[ cut here ]------------
[   24.382019] WARNING: CPU: 0 PID: 327 at net/8021q/vlan_core.c:236 vlan_for_each+0x114/0x134
[   24.390454] RTNL: assertion failed at net/8021q/vlan_core.c (236)
[   24.396644] Modules linked in: snd_soc_simple_card omap_aes_driver bluetooth snd_soc_simple_card_utils omap_crypto omap_sham pm33xx crypto_engine ti_emif_sram ecdh_generic ecc libaes tilcdc drm_dma_helper omap_rng drm_client_lib rng_core snd_soc_davinci_mcasp snd_soc_ti_udma snd_soc_ti_edma snd_soc_ti_sdma snd_soc_core snd_pcm_dmaengine snd_pcm omap_mailbox snd_timer snd soundcore musb_dsps tda998x musb_hdrc cec udc_core drm_kms_helper usbcore phy_am335x phy_generic usb_common rtc_omap drm cppi41 wkup_m3_ipc phy_am335x_control tps65218_pwrbutton drm_panel_orientation_quirks omap_wdt at24 watchdog wkup_m3_rproc leds_gpio led_class cpufreq_dt autofs4
[   24.454697] CPU: 0 UID: 107 PID: 327 Comm: avahi-daemon Not tainted 6.18.0-rc1 #1 NONE 
[   24.454716] Hardware name: Generic AM33XX (Flattened Device Tree)
[   24.454725] Call trace: 
[   24.454741]  unwind_backtrace from show_stack+0x10/0x14
[   24.454779]  show_stack from dump_stack_lvl+0x50/0x64
[   24.454804]  dump_stack_lvl from __warn+0x74/0x12c
[   24.454822]  __warn from warn_slowpath_fmt+0x19c/0x1b0
[   24.454835]  warn_slowpath_fmt from vlan_for_each+0x114/0x134
[   24.454856]  vlan_for_each from cpsw_add_mc_addr+0x40/0xa4
[   24.454881]  cpsw_add_mc_addr from __hw_addr_ref_sync_dev+0x108/0x140
[   24.454912]  __hw_addr_ref_sync_dev from __dev_mc_add+0x7c/0x80
[   24.454934]  __dev_mc_add from igmp6_group_added+0xc8/0xe0
[   24.454962]  igmp6_group_added from __ipv6_dev_mc_inc+0x218/0x364
[   24.454982]  __ipv6_dev_mc_inc from __ipv6_sock_mc_join+0x11c/0x1c0
[   24.455000]  __ipv6_sock_mc_join from do_ipv6_setsockopt+0x1214/0x1310
[   24.455031]  do_ipv6_setsockopt from ipv6_setsockopt+0x60/0xcc
[   24.455053]  ipv6_setsockopt from udpv6_setsockopt+0x2c/0x6c
[   24.455070]  udpv6_setsockopt from sock_common_setsockopt+0x30/0x40
[   24.455099]  sock_common_setsockopt from do_sock_setsockopt+0x50/0x9c
[   24.455121]  do_sock_setsockopt from __sys_setsockopt+0x70/0xbc
[   24.455139]  __sys_setsockopt from ret_fast_syscall+0x0/0x58
[   24.455156] Exception stack(0xe019dfa8 to 0xe019dff0)
[   24.455171] dfa0:                   00000014 b6f3cce8 0000000d 00000029 00000014 bedb99ec
[   24.455182] dfc0: 00000014 b6f3cce8 00000014 00000126 0000000d b6ee5ff4 004ce988 004b6558
[   24.455191] dfe0: b6efb088 bedb99d8 b6ed8309 b6daf41a
[   24.455199] ---[ end trace 0000000000000000 ]---
[   26.777232] PM: Cannot get wkup_m3_ipc handle
[   26.806070] gpio-537 (nxp,calib): gpiod_direction_output_nonotify: tried to set a GPIO tied to an IRQ as output
[   26.931690] PM: Cannot get wkup_m3_ipc handle
[[0;32m  OK  [0m] Started LSB: Start busybox udhcpd at boot time.
[   27.124901] tda9950 0-0034: TDA9950 CEC interface, hardware version 3.3
[   27.246143] PM: Cannot get wkup_m3_ipc handle
[[0;32m  OK  [0m] Started Raise network interfaces.
[[0;32m  OK  [0m] Started LSB: Load kernel modules needed to enable cpufreq scaling.
[   29.039558] configfs-gadget.g_multi gadget.0: HOST MAC 1c:ba:8c:a2:ed:6c
[   29.046579] configfs-gadget.g_multi gadget.0: MAC 1c:ba:8c:a2:ed:70
[   29.053995] configfs-gadget.g_multi gadget.0: HOST MAC 1c:ba:8c:a2:ed:6c
[   29.060757] configfs-gadget.g_multi gadget.0: MAC 1c:ba:8c:a2:ed:6d
[   29.071600] PM: Cannot get wkup_m3_ipc handle
[[0;32m  OK  [0m] Started DUN service.
[[0;32m  OK  [0m] Started Avahi mDNS/DNS-SD Stack.
[[0;32m  OK  [0m] Started Connection service.
[[0;32m  OK  [0m] Started Login Service.
         Starting Hostname Service...
         Starting WPA supplicant...
[[0;32m  OK  [0m] Reached target Sound Card.
         Starting LSB: set CPUFreq kernel parameters...
[[0;32m  OK  [0m] Started WPA supplicant.
[[0;32m  OK  [0m] Started Hostname Service.
[[0;32m  OK  [0m] Reached target Network.
         Starting OpenBSD Secure Shell server...
         Starting Permit User Sessions...
         Starting The Apache HTTP Server...
[[0;32m  OK  [0m] Reached target Network is Online.
         Starting LSB: Advanced IEEE 802.11 management daemon...
[[0;32m  OK  [0m] Started LSB: set CPUFreq kernel parameters.
[[0;32m  OK  [0m] Started Permit User Sessions.
[[0;32m  OK  [0m] Started LSB: Advanced IEEE 802.11 management daemon.
         Stopping LSB: Start busybox udhcpd at boot time...
[[0;32m  OK  [0m] Started Getty on tty1.
[[0;32m  OK  [0m] Started Serial Getty on ttyS0.
[[0;32m  OK  [0m] Reached target Login Prompts.
[[0;32m  OK  [0m] Stopped LSB: Start busybox udhcpd at boot time.
[[0;32m  OK  [0m] Started OpenBSD Secure Shell server.
         Starting dnsmasq - A lightweight DHCP and caching DNS server...
[[0;32m  OK  [0m] Started The Apache HTTP Server.
[[0;32m  OK  [0m] Started dnsmasq - A lightweight DHCP and caching DNS server.
[[0;32m  OK  [0m] Reached target Host and Network Name Lookups.
[[0;32m  OK  [0m] Started Serial Getty on ttyGS0.
[[0;32m  OK  [0m] Started Generic Board Startup.
[[0;32m  OK  [0m] Reached target Multi-User System.
[[0;32m  OK  [0m] Reached target Graphical Interface.
         Starting Update UTMP about System Runlevel Changes...
[[0;32m  OK  [0m] Started Update UTMP about System Runlevel Changes.

Debian GNU/Linux 9 arm ttyS0

default username:password is [debian:temppwd]

arm login: root
Password: 
Last login: Sat Dec  9 19:10:33 UTC 2017 on ttyS0
root
Linux arm 6.18.0-rc1 #1 SMP Mon Oct 13 00:18:13 EEST 2025 armv7l

The programs included with the Debian GNU/Linux system are free software;
the exact distribution terms for each program are described in the
individual files in /usr/share/doc/*/copyright.

Debian GNU/Linux comes with ABSOLUTELY NO WARRANTY, to the extent
permitted by applicable law.
root@arm:~# root
-bash: root: command not found
root@arm:~# dmesg -n 1
root@arm:~# echo 'YTEF''XBSXML'
YTEFXBSXML
root@arm:~# run() { echo -n "$MARKER"; sh -c "$@"; echo "$MARKER $?"; }
root@arm:~# echo 'NLTK''PVJALP'
NLTKPVJALP
root@arm:~# MARKER='BCBF''KNOBLC' run 'cat /proc/version'
BCBFKNOBLCLinux version 6.18.0-rc1 (user01@drvtest01) (arm-none-eabi-gcc (Arm GNU Toolchain 14.2.Rel1 (Build arm-14.52)) 14.2.1 20241119, GNU ld (Arm GNU Toolchain 14.2.Rel1 (Build arm-14.52)) 2.43.1.20241119) #1 SMP Mon Oct 13 00:18:13 EEST 2025
BCBFKNOBLC 0
root@arm:~# echo 'GFLE''SZTBCM'
GFLESZTBCM
root@arm:~# MARKER='MWUY''CEPEYV' run false
MWUYCEPEYVMWUYCEPEYV 1
root@arm:~# Labgrid Console Logfile for main
Logfile started at 2025-10-13 00:21:02.157019
=== Log starts here ===

root@arm:~# run() { echo -n "$MARKER"; sh -c "$@"; echo "$MARKER $?"; }
root@arm:~# echo 'YANJ''JGTOCM'
YANJJGTOCM
root@arm:~# MARKER='PGMK''MEVEGX' run 'ls /iio_generic_buffer; echo $?'
PGMKMEVEGX/iio_generic_buffer
0
PGMKMEVEGX 0
root@arm:~# Labgrid Console Logfile for main
Logfile started at 2025-10-13 00:21:05.526143
=== Log starts here ===

root@arm:~# run() { echo -n "$MARKER"; sh -c "$@"; echo "$MARKER $?"; }
root@arm:~# echo 'LOOK''TUPXPO'
LOOKTUPXPO
root@arm:~# MARKER='TOBO''SFMEKL' run dmesg
TOBOSFMEKL[    0.000000] Booting Linux on physical CPU 0x0
[    0.000000] Linux version 6.18.0-rc1 (user01@drvtest01) (arm-none-eabi-gcc (Arm GNU Toolchain 14.2.Rel1 (Build arm-14.52)) 14.2.1 20241119, GNU ld (Arm GNU Toolchain 14.2.Rel1 (Build arm-14.52)) 2.43.1.20241119) #1 SMP Mon Oct 13 00:18:13 EEST 2025
[    0.000000] CPU: ARMv7 Processor [413fc082] revision 2 (ARMv7), cr=10c5387d
[    0.000000] CPU: PIPT / VIPT nonaliasing data cache, VIPT aliasing instruction cache
[    0.000000] OF: fdt: Machine model: TI AM335x BeagleBone Black
[    0.000000] Memory policy: Data cache writeback
[    0.000000] cma: Reserved 16 MiB at 0x9e800000
[    0.000000] Zone ranges:
[    0.000000]   Normal   [mem 0x0000000080000000-0x000000009fdfffff]
[    0.000000]   HighMem  empty
[    0.000000] Movable zone start for each node
[    0.000000] Early memory node ranges
[    0.000000]   node   0: [mem 0x0000000080000000-0x000000009fdfffff]
[    0.000000] Initmem setup node 0 [mem 0x0000000080000000-0x000000009fdfffff]
[    0.000000] On node 0, zone Normal: 512 pages in unavailable ranges
[    0.000000] OF: reserved mem: Reserved memory: No reserved-memory node in the DT
[    0.000000] CPU: All CPU(s) started in SVC mode.
[    0.000000] AM335X ES2.1 (sgx neon)
[    0.000000] percpu: Embedded 17 pages/cpu s39884 r8192 d21556 u69632
[    0.000000] pcpu-alloc: s39884 r8192 d21556 u69632 alloc=17*4096
[    0.000000] pcpu-alloc: [0] 0 
[    0.000000] Kernel command line: console=ttyO0,115200n8 root=/dev/nfs rw nfsroot=192.168.255.126:/home/user01/nfs,nfsvers=3 ip=192.168.255.1:192.168.255.126::255.255.255.0:bbb1:eth0 nfsrootdebug
[    0.000000] Unknown kernel command line parameters "nfsrootdebug", will be passed to user space.
[    0.000000] printk: log buffer data + meta data: 65536 + 204800 = 270336 bytes
[    0.000000] Dentry cache hash table entries: 65536 (order: 6, 262144 bytes, linear)
[    0.000000] Inode-cache hash table entries: 32768 (order: 5, 131072 bytes, linear)
[    0.000000] Built 1 zonelists, mobility grouping on.  Total pages: 130560
[    0.000000] mem auto-init: stack:off, heap alloc:off, heap free:off
[    0.000000] SLUB: HWalign=16, Order=0-3, MinObjects=0, CPUs=1, Nodes=1
[    0.000000] rcu: Hierarchical RCU implementation.
[    0.000000] rcu: 	RCU event tracing is enabled.
[    0.000000] rcu: 	RCU restricting CPUs from NR_CPUS=2 to nr_cpu_ids=1.
[    0.000000] 	Tracing variant of Tasks RCU enabled.
[    0.000000] rcu: RCU calculated value of scheduler-enlistment delay is 10 jiffies.
[    0.000000] rcu: Adjusting geometry for rcu_fanout_leaf=16, nr_cpu_ids=1
[    0.000000] RCU Tasks Trace: Setting shift to 0 and lim to 1 rcu_task_cb_adjust=1 rcu_task_cpu_ids=1.
[    0.000000] NR_IRQS: 16, nr_irqs: 16, preallocated irqs: 16
[    0.000000] IRQ: Found an INTC at 0x(ptrval) (revision 5.0) with 128 interrupts
[    0.000000] rcu: srcu_init: Setting srcu_struct sizes based on contention.
[    0.000000] TI gptimer clocksource: always-on /ocp/interconnect@44c00000/segment@200000/target-module@31000
[    0.000003] sched_clock: 32 bits at 24MHz, resolution 41ns, wraps every 89478484971ns
[    0.000025] clocksource: dmtimer: mask: 0xffffffff max_cycles: 0xffffffff, max_idle_ns: 79635851949 ns
[    0.000489] TI gptimer clockevent: 24000000 Hz at /ocp/interconnect@48000000/segment@0/target-module@40000
[    0.002062] Console: colour dummy device 80x30
[    0.002127] WARNING: Your 'console=ttyO0' has been replaced by 'ttyS0'
[    0.002136] This ensures that you still see kernel messages. Please
[    0.002141] update your kernel commandline.
[    0.002185] Calibrating delay loop... 996.14 BogoMIPS (lpj=4980736)
[    0.090601] CPU: Testing write buffer coherency: ok
[    0.090682] CPU0: Spectre v2: using BPIALL workaround
[    0.090691] pid_max: default: 32768 minimum: 301
[    0.090869] LSM: initializing lsm=capability
[    0.091031] Mount-cache hash table entries: 1024 (order: 0, 4096 bytes, linear)
[    0.091050] Mountpoint-cache hash table entries: 1024 (order: 0, 4096 bytes, linear)
[    0.092634] CPU0: thread -1, cpu 0, socket -1, mpidr 0
[    0.092693] cacheinfo: Unable to detect cache hierarchy for CPU 0
[    0.094718] Setting up static identity map for 0x80100000 - 0x80100078
[    0.095029] rcu: Hierarchical SRCU implementation.
[    0.095039] rcu: 	Max phase no-delay instances is 1000.
[    0.096729] smp: Bringing up secondary CPUs ...
[    0.096784] smp: Brought up 1 node, 1 CPU
[    0.096798] SMP: Total of 1 processors activated (996.14 BogoMIPS).
[    0.096809] CPU: All CPU(s) started in SVC mode.
[    0.097009] Memory: 480864K/522240K available (11264K kernel code, 1226K rwdata, 2952K rodata, 1024K init, 256K bss, 23336K reserved, 16384K cma-reserved, 0K highmem)
[    0.097821] devtmpfs: initialized
[    0.115335] VFP support v0.3: implementor 41 architecture 3 part 30 variant c rev 3
[    0.115992] clocksource: jiffies: mask: 0xffffffff max_cycles: 0xffffffff, max_idle_ns: 19112604462750000 ns
[    0.116048] posixtimers hash table entries: 512 (order: 0, 4096 bytes, linear)
[    0.116074] futex hash table entries: 256 (16384 bytes on 1 NUMA nodes, total 16 KiB, linear).
[    0.117212] pinctrl core: initialized pinctrl subsystem
[    0.119306] NET: Registered PF_NETLINK/PF_ROUTE protocol family
[    0.122371] DMA: preallocated 256 KiB pool for atomic coherent allocations
[    0.122971] audit: initializing netlink subsys (disabled)
[    0.124305] thermal_sys: Registered thermal governor 'fair_share'
[    0.124319] thermal_sys: Registered thermal governor 'step_wise'
[    0.124329] thermal_sys: Registered thermal governor 'user_space'
[    0.124439] audit: type=2000 audit(0.120:1): state=initialized audit_enabled=0 res=1
[    0.124510] cpuidle: using governor menu
[    0.142298] /ocp/interconnect@44c00000/segment@200000/target-module@b000/i2c@0/tda19988@70: Fixed dependency cycle(s) with /ocp/interconnect@48000000/segment@300000/target-module@e000/lcdc@0
[    0.143414] /ocp/interconnect@48000000/segment@300000/target-module@e000/lcdc@0: Fixed dependency cycle(s) with /ocp/interconnect@44c00000/segment@200000/target-module@b000/i2c@0/tda19988@70
[    0.145601] No ATAGs?
[    0.145639] hw-breakpoint: debug architecture 0x4 unsupported.
[    0.148719] kprobes: kprobe jump-optimization is enabled. All kprobes are optimized if possible.
[    0.154485] iommu: Default domain type: Translated
[    0.154507] iommu: DMA domain TLB invalidation policy: strict mode
[    0.156055] reg-fixed-voltage fixedregulator0: using DT '/fixedregulator0' for '(default)' GPIO lookup
[    0.156108] of_get_named_gpiod_flags: can't parse 'gpios' property of node '/fixedregulator0[0]'
[    0.156136] of_get_named_gpiod_flags: can't parse 'gpio' property of node '/fixedregulator0[0]'
[    0.156156] reg-fixed-voltage fixedregulator0: using lookup tables for GPIO lookup
[    0.156167] reg-fixed-voltage fixedregulator0: No GPIO consumer (default) found
[    0.161642] SCSI subsystem initialized
[    0.162117] libata version 3.00 loaded.
[    0.162498] pps_core: LinuxPPS API ver. 1 registered
[    0.162509] pps_core: Software ver. 5.3.6 - Copyright 2005-2007 Rodolfo Giometti <giometti@linux.it>
[    0.162532] PTP clock support registered
[    0.171027] vgaarb: loaded
[    0.171401] clocksource: Switched to clocksource dmtimer
[    0.172070] VFS: Disk quotas dquot_6.6.0
[    0.172130] VFS: Dquot-cache hash table entries: 1024 (order 0, 4096 bytes)
[    0.196583] NET: Registered PF_INET protocol family
[    0.196925] IP idents hash table entries: 8192 (order: 4, 65536 bytes, linear)
[    0.198358] tcp_listen_portaddr_hash hash table entries: 512 (order: 0, 4096 bytes, linear)
[    0.198392] Table-perturb hash table entries: 65536 (order: 6, 262144 bytes, linear)
[    0.198410] TCP established hash table entries: 4096 (order: 2, 16384 bytes, linear)
[    0.198455] TCP bind hash table entries: 4096 (order: 4, 65536 bytes, linear)
[    0.198554] TCP: Hash tables configured (established 4096 bind 4096)
[    0.198677] UDP hash table entries: 256 (order: 1, 14336 bytes, linear)
[    0.198710] UDP-Lite hash table entries: 256 (order: 1, 14336 bytes, linear)
[    0.198912] NET: Registered PF_UNIX/PF_LOCAL protocol family
[    0.202596] RPC: Registered named UNIX socket transport module.
[    0.202618] RPC: Registered udp transport module.
[    0.202623] RPC: Registered tcp transport module.
[    0.202628] RPC: Registered tcp-with-tls transport module.
[    0.202633] RPC: Registered tcp NFSv4.1 backchannel transport module.
[    0.202659] PCI: CLS 0 bytes, default 64
[    0.204070] Initialise system trusted keyrings
[    0.212083] workingset: timestamp_bits=14 max_order=17 bucket_order=3
[    0.213561] NFS: Registering the id_resolver key type
[    0.213622] Key type id_resolver registered
[    0.213628] Key type id_legacy registered
[    0.213744] jffs2: version 2.2. (NAND) (SUMMARY)  Â© 2001-2006 Red Hat, Inc.
[    0.214214] Key type asymmetric registered
[    0.214230] Asymmetric key parser 'x509' registered
[    0.214301] io scheduler mq-deadline registered
[    0.214311] io scheduler kyber registered
[    0.214399] io scheduler bfq registered
[    0.216257] target-module@4b000000:target-module@140000:pmu@0:fck: device ID is greater than 24
[    0.221643] ledtrig-cpu: registered to indicate activity on CPUs
[    0.232032] Serial: 8250/16550 driver, 6 ports, IRQ sharing enabled
[    0.278566] brd: module loaded
[    0.287401] loop: module loaded
[    0.288334] mtdoops: mtd device (mtddev=name/number) must be supplied
[    0.289886] mdio_bus fixed-0: using lookup tables for GPIO lookup
[    0.289910] mdio_bus fixed-0: No GPIO consumer reset found
[    0.291321] i2c_dev: i2c /dev entries driver
[    0.292511] cpuidle: enable-method property 'ti,am3352' found operations
[    0.292969] sdhci: Secure Digital Host Controller Interface driver
[    0.292979] sdhci: Copyright(c) Pierre Ossman
[    0.293160] sdhci-pltfm: SDHCI platform and OF driver helper
[    0.301821] hw perfevents: enabled with armv7_cortex_a8 PMU driver, 5 (8000000f) counters available
[    0.302370] Initializing XFRM netlink socket
[    0.302541] NET: Registered PF_INET6 protocol family
[    0.304549] Segment Routing with IPv6
[    0.304632] In-situ OAM (IOAM) with IPv6
[    0.304728] sit: IPv6, IPv4 and MPLS over IPv4 tunneling driver
[    0.305692] NET: Registered PF_PACKET protocol family
[    0.305717] NET: Registered PF_KEY protocol family
[    0.305865] Key type dns_resolver registered
[    0.306099] ThumbEE CPU extension supported.
[    0.306120] Registering SWP/SWPB emulation handler
[    0.306646] omap_voltage_late_init: Voltage driver support not added
[    0.307307] SmartReflex Class3 initialized
[    0.343155] Loading compiled-in X.509 certificates
[    0.380467] /ocp/interconnect@44c00000/segment@200000/target-module@b000/i2c@0/tda19988@70: Fixed dependency cycle(s) with /ocp/interconnect@48000000/segment@300000/target-module@e000/lcdc@0
[    0.386988] /ocp/interconnect@44c00000/segment@200000/target-module@b000/i2c@0/tda19988@70: Fixed dependency cycle(s) with /ocp/interconnect@48000000/segment@300000/target-module@e000/lcdc@0
[    0.392621] gpiochip_find_base_unlocked: found new base at 512
[    0.429650] /ocp/interconnect@44c00000/segment@200000/target-module@b000/i2c@0/tda19988@70: Fixed dependency cycle(s) with /ocp/interconnect@48000000/segment@300000/target-module@e000/lcdc@0
[    0.430547] /ocp/interconnect@44c00000/segment@200000/target-module@b000/i2c@0/tda19988@70: Fixed dependency cycle(s) with /ocp/interconnect@48000000/segment@300000/target-module@e000/lcdc@0
[    0.434326] /ocp/interconnect@44c00000/segment@200000/target-module@10000/scm@0/pinmux@800: Fixed dependency cycle(s) with /ocp/interconnect@44c00000/segment@200000/target-module@10000/scm@0/pinmux@800/clkout2-pins
[    0.434922] pinctrl-single 44e10800.pinmux: 142 pins, size 568
[    0.440239] ti-sysc 44e31000.target-module: probe with driver ti-sysc failed with error -16
[    0.479063] /ocp/interconnect@48000000/segment@300000/target-module@e000/lcdc@0: Fixed dependency cycle(s) with /ocp/interconnect@44c00000/segment@200000/target-module@b000/i2c@0/tda19988@70
[    0.487372] ti-sysc 48040000.target-module: probe with driver ti-sysc failed with error -16
[    0.499022] gpiochip_find_base_unlocked: found new base at 512
[    0.499126] gpio gpiochip0: (gpio-0-31): created GPIO range 0->7 ==> 44e10800.pinmux PIN 0->7
[    0.499154] gpio gpiochip0: (gpio-0-31): created GPIO range 8->11 ==> 44e10800.pinmux PIN 90->93
[    0.499172] gpio gpiochip0: (gpio-0-31): created GPIO range 12->27 ==> 44e10800.pinmux PIN 12->27
[    0.499188] gpio gpiochip0: (gpio-0-31): created GPIO range 28->31 ==> 44e10800.pinmux PIN 30->33
[    0.526458] gpio gpiochip0: (gpio-0-31): added GPIO chardev (254:0)
[    0.526710] gpio gpiochip0: registered GPIOs 512 to 543 on gpio-0-31
[    0.526795] OMAP GPIO hardware version 0.1
[    0.561543] i2c i2c-2: using DT '/ocp/interconnect@48000000/segment@100000/target-module@9c000/i2c@0' for 'scl' GPIO lookup
[    0.561619] of_get_named_gpiod_flags: can't parse 'scl-gpios' property of node '/ocp/interconnect@48000000/segment@100000/target-module@9c000/i2c@0[0]'
[    0.561660] of_get_named_gpiod_flags: can't parse 'scl-gpio' property of node '/ocp/interconnect@48000000/segment@100000/target-module@9c000/i2c@0[0]'
[    0.561698] i2c i2c-2: using lookup tables for GPIO lookup
[    0.561708] i2c i2c-2: No GPIO consumer scl found
[    0.561730] i2c i2c-2: using DT '/ocp/interconnect@48000000/segment@100000/target-module@9c000/i2c@0' for 'sda' GPIO lookup
[    0.561766] of_get_named_gpiod_flags: can't parse 'sda-gpios' property of node '/ocp/interconnect@48000000/segment@100000/target-module@9c000/i2c@0[0]'
[    0.561802] of_get_named_gpiod_flags: can't parse 'sda-gpio' property of node '/ocp/interconnect@48000000/segment@100000/target-module@9c000/i2c@0[0]'
[    0.561833] i2c i2c-2: using lookup tables for GPIO lookup
[    0.561841] i2c i2c-2: No GPIO consumer sda found
[    0.562595] omap_i2c 4819c000.i2c: bus 2 rev0.11 at 100 kHz
[    0.568152] gpiochip_find_base_unlocked: found new base at 544
[    0.568267] gpio gpiochip1: (gpio-32-63): created GPIO range 0->17 ==> 44e10800.pinmux PIN 34->51
[    0.568287] gpio gpiochip1: (gpio-32-63): created GPIO range 18->21 ==> 44e10800.pinmux PIN 77->80
[    0.568302] gpio gpiochip1: (gpio-32-63): created GPIO range 22->31 ==> 44e10800.pinmux PIN 56->65
[    0.587133] gpio gpiochip1: (gpio-32-63): added GPIO chardev (254:1)
[    0.587368] gpio gpiochip1: registered GPIOs 544 to 575 on gpio-32-63
[    0.589692] gpiochip_find_base_unlocked: found new base at 576
[    0.589781] gpio gpiochip2: (gpio-64-95): created GPIO range 0->4 ==> 44e10800.pinmux PIN 66->70
[    0.589802] gpio gpiochip2: (gpio-64-95): created GPIO range 5->6 ==> 44e10800.pinmux PIN 98->99
[    0.589818] gpio gpiochip2: (gpio-64-95): created GPIO range 7->8 ==> 44e10800.pinmux PIN 75->76
[    0.589834] gpio gpiochip2: (gpio-64-95): created GPIO range 13->13 ==> 44e10800.pinmux PIN 141->141
[    0.589850] gpio gpiochip2: (gpio-64-95): created GPIO range 14->21 ==> 44e10800.pinmux PIN 100->107
[    0.590510] gpio gpiochip2: (gpio-64-95): added GPIO chardev (254:2)
[    0.590704] gpio gpiochip2: registered GPIOs 576 to 607 on gpio-64-95
[    0.596558] 48000000.interconnect:segment@200000:target-module@0:mpu@0:fck: device ID is greater than 24
[    0.597463] /ocp/interconnect@48000000/segment@300000/target-module@e000/lcdc@0: Fixed dependency cycle(s) with /ocp/interconnect@44c00000/segment@200000/target-module@b000/i2c@0/tda19988@70
[    0.600285] /ocp/interconnect@48000000/segment@300000/target-module@e000/lcdc@0: Fixed dependency cycle(s) with /ocp/interconnect@44c00000/segment@200000/target-module@b000/i2c@0/tda19988@70
[    0.600985] /ocp/interconnect@44c00000/segment@200000/target-module@b000/i2c@0/tda19988@70: Fixed dependency cycle(s) with /ocp/interconnect@48000000/segment@300000/target-module@e000/lcdc@0
[    0.601159] /ocp/interconnect@48000000/segment@300000/target-module@e000/lcdc@0: Fixed dependency cycle(s) with /ocp/interconnect@44c00000/segment@200000/target-module@b000/i2c@0/tda19988@70
[    0.608723] sdhci-omap 481d8000.mmc: using DT '/ocp/interconnect@48000000/segment@100000/target-module@d8000/mmc@0' for 'wp' GPIO lookup
[    0.608793] of_get_named_gpiod_flags: can't parse 'wp-gpios' property of node '/ocp/interconnect@48000000/segment@100000/target-module@d8000/mmc@0[0]'
[    0.608838] of_get_named_gpiod_flags: can't parse 'wp-gpio' property of node '/ocp/interconnect@48000000/segment@100000/target-module@d8000/mmc@0[0]'
[    0.608875] sdhci-omap 481d8000.mmc: using lookup tables for GPIO lookup
[    0.608886] sdhci-omap 481d8000.mmc: No GPIO consumer wp found
[    0.609079] sdhci-omap 481d8000.mmc: supply pbias not found, using dummy regulator
[    0.609559] sdhci-omap 481d8000.mmc: supply vqmmc not found, using dummy regulator
[    0.626486] mdio_bus 4a101000.mdio: using DT '/ocp/interconnect@4a000000/segment@0/target-module@100000/switch@0/mdio@1000' for 'reset' GPIO lookup
[    0.626567] of_get_named_gpiod_flags: can't parse 'reset-gpios' property of node '/ocp/interconnect@4a000000/segment@0/target-module@100000/switch@0/mdio@1000[0]'
[    0.626614] of_get_named_gpiod_flags: can't parse 'reset-gpio' property of node '/ocp/interconnect@4a000000/segment@0/target-module@100000/switch@0/mdio@1000[0]'
[    0.626661] mdio_bus 4a101000.mdio: using lookup tables for GPIO lookup
[    0.626671] mdio_bus 4a101000.mdio: No GPIO consumer reset found
[    0.671433] davinci_mdio 4a101000.mdio: davinci mdio revision 1.6, bus freq 1000000
[    0.693251] mdio_bus 4a101000.mdio:00: using DT '/ocp/interconnect@4a000000/segment@0/target-module@100000/switch@0/mdio@1000/ethernet-phy@0' for 'reset' GPIO lookup
[    0.693353] of_get_named_gpiod_flags: parsed 'reset-gpios' property of node '/ocp/interconnect@4a000000/segment@0/target-module@100000/switch@0/mdio@1000/ethernet-phy@0[0]' - status (0)
[    0.693521] gpio gpiochip0: Persistence not supported for GPIO 8
[    0.829579] davinci_mdio 4a101000.mdio: phy[0]: device 4a101000.mdio:00, driver SMSC LAN8710/LAN8720
[    0.830354] cpsw-switch 4a100000.switch: initialized cpsw ale version 1.4
[    0.830375] cpsw-switch 4a100000.switch: ALE Table size 1024, Policers 0
[    0.830563] cpsw-switch 4a100000.switch: cpts: overflow check period 500 (jiffies)
[    0.830582] cpsw-switch 4a100000.switch: CPTS: ref_clk_freq:250000000 calc_mult:2147483648 calc_shift:29 error:0 nsec/sec
[    0.830689] cpsw-switch 4a100000.switch: Detected MACID = 6c:ec:eb:68:de:78
[    0.832757] cpsw-switch 4a100000.switch: initialized (regs 0x4a100000, pool size 256) hw_ver:0019010C 1.12 (0)
[    0.844071] debugfs: '49000000.dma' already exists in 'dmaengine'
[    0.844114] edma 49000000.dma: TI EDMA DMA engine driver
[    0.878736] gpio-clk clk_mcasp0: using DT '/clk_mcasp0' for 'enable' GPIO lookup
[    0.878820] of_get_named_gpiod_flags: parsed 'enable-gpios' property of node '/clk_mcasp0[0]' - status (0)
[    0.878865] gpio gpiochip0: Persistence not supported for GPIO 27
[    0.879617] gpiochip_find_base_unlocked: found new base at 608
[    0.879732] gpio gpiochip3: (gpio-96-127): created GPIO range 0->7 ==> 44e10800.pinmux PIN 82->89
[    0.879759] gpio gpiochip3: (gpio-96-127): created GPIO range 8->11 ==> 44e10800.pinmux PIN 52->55
[    0.879775] gpio gpiochip3: (gpio-96-127): created GPIO range 12->15 ==> 44e10800.pinmux PIN 94->97
[    0.879791] gpio gpiochip3: (gpio-96-127): created GPIO range 16->17 ==> 44e10800.pinmux PIN 71->72
[    0.879806] gpio gpiochip3: (gpio-96-127): created GPIO range 18->18 ==> 44e10800.pinmux PIN 135->135
[    0.879823] gpio gpiochip3: (gpio-96-127): created GPIO range 19->20 ==> 44e10800.pinmux PIN 108->109
[    0.879839] gpio gpiochip3: (gpio-96-127): created GPIO range 21->21 ==> 44e10800.pinmux PIN 73->73
[    0.879857] gpio gpiochip3: (gpio-96-127): created GPIO range 22->23 ==> 44e10800.pinmux PIN 8->9
[    0.879874] gpio gpiochip3: (gpio-96-127): created GPIO range 26->27 ==> 44e10800.pinmux PIN 10->11
[    0.879891] gpio gpiochip3: (gpio-96-127): created GPIO range 28->28 ==> 44e10800.pinmux PIN 74->74
[    0.879909] gpio gpiochip3: (gpio-96-127): created GPIO range 29->29 ==> 44e10800.pinmux PIN 81->81
[    0.879928] gpio gpiochip3: (gpio-96-127): created GPIO range 30->31 ==> 44e10800.pinmux PIN 28->29
[    0.881285] gpio gpiochip3: (gpio-96-127): added GPIO chardev (254:3)
[    0.881707] gpio gpiochip3: registered GPIOs 608 to 639 on gpio-96-127
[    0.885209] omap8250 44e09000.serial: using DT '/ocp/interconnect@44c00000/segment@200000/target-module@9000/serial@0' for 'rs485-term' GPIO lookup
[    0.885288] of_get_named_gpiod_flags: can't parse 'rs485-term-gpios' property of node '/ocp/interconnect@44c00000/segment@200000/target-module@9000/serial@0[0]'
[    0.885334] of_get_named_gpiod_flags: can't parse 'rs485-term-gpio' property of node '/ocp/interconnect@44c00000/segment@200000/target-module@9000/serial@0[0]'
[    0.885370] omap8250 44e09000.serial: using lookup tables for GPIO lookup
[    0.885381] omap8250 44e09000.serial: No GPIO consumer rs485-term found
[    0.885392] omap8250 44e09000.serial: using DT '/ocp/interconnect@44c00000/segment@200000/target-module@9000/serial@0' for 'rs485-rx-during-tx' GPIO lookup
[    0.885427] of_get_named_gpiod_flags: can't parse 'rs485-rx-during-tx-gpios' property of node '/ocp/interconnect@44c00000/segment@200000/target-module@9000/serial@0[0]'
[    0.885464] of_get_named_gpiod_flags: can't parse 'rs485-rx-during-tx-gpio' property of node '/ocp/interconnect@44c00000/segment@200000/target-module@9000/serial@0[0]'
[    0.885496] omap8250 44e09000.serial: using lookup tables for GPIO lookup
[    0.885504] omap8250 44e09000.serial: No GPIO consumer rs485-rx-during-tx found
[    0.885986] 44e09000.serial: ttyS0 at MMIO 0x44e09000 (irq = 34, base_baud = 3000000) is a 8250
[    0.886078] printk: legacy console [ttyS0] enabled
[    2.422321] i2c i2c-0: using DT '/ocp/interconnect@44c00000/segment@200000/target-module@b000/i2c@0' for 'scl' GPIO lookup
[    2.422411] of_get_named_gpiod_flags: can't parse 'scl-gpios' property of node '/ocp/interconnect@44c00000/segment@200000/target-module@b000/i2c@0[0]'
[    2.422459] of_get_named_gpiod_flags: can't parse 'scl-gpio' property of node '/ocp/interconnect@44c00000/segment@200000/target-module@b000/i2c@0[0]'
[    2.422500] i2c i2c-0: using lookup tables for GPIO lookup
[    2.422514] i2c i2c-0: No GPIO consumer scl found
[    2.422539] i2c i2c-0: using DT '/ocp/interconnect@44c00000/segment@200000/target-module@b000/i2c@0' for 'sda' GPIO lookup
[    2.422578] of_get_named_gpiod_flags: can't parse 'sda-gpios' property of node '/ocp/interconnect@44c00000/segment@200000/target-module@b000/i2c@0[0]'
[    2.422620] of_get_named_gpiod_flags: can't parse 'sda-gpio' property of node '/ocp/interconnect@44c00000/segment@200000/target-module@b000/i2c@0[0]'
[    2.422656] i2c i2c-0: using lookup tables for GPIO lookup
[    2.422667] i2c i2c-0: No GPIO consumer sda found
[    2.442359] tps65217-pmic: Failed to locate of_node [id: -1]
[    2.448429] tps65217-bl: Failed to locate of_node [id: -1]
[    2.454491] platform tps65217-charger: DMA mask not set
[    2.460522] platform tps65217-pwrbutton: DMA mask not set
[    2.467796] tps65217 0-0024: TPS65217 ID 0xe version 1.2
[    2.473888] /ocp/interconnect@48000000/segment@300000/target-module@e000/lcdc@0: Fixed dependency cycle(s) with /ocp/interconnect@44c00000/segment@200000/target-module@b000/i2c@0/tda19988@70
[    2.491292] /ocp/interconnect@44c00000/segment@200000/target-module@b000/i2c@0/tda19988@70: Fixed dependency cycle(s) with /ocp/interconnect@48000000/segment@300000/target-module@e000/lcdc@0
[    2.508679] omap_i2c 44e0b000.i2c: bus 0 rev0.11 at 400 kHz
[    2.516439] sdhci-omap 48060000.mmc: using DT '/ocp/interconnect@48000000/segment@0/target-module@60000/mmc@0' for 'cd' GPIO lookup
[    2.516561] of_get_named_gpiod_flags: parsed 'cd-gpios' property of node '/ocp/interconnect@48000000/segment@0/target-module@60000/mmc@0[0]' - status (0)
[    2.516630] gpio gpiochip3: Persistence not supported for GPIO 6
[    2.516656] omap_gpio 44e07000.gpio: Could not set line 6 debounce to 200000 microseconds (-22)
[    2.525537] sdhci-omap 48060000.mmc: Got CD GPIO
[    2.530190] sdhci-omap 48060000.mmc: using DT '/ocp/interconnect@48000000/segment@0/target-module@60000/mmc@0' for 'wp' GPIO lookup
[    2.530247] of_get_named_gpiod_flags: can't parse 'wp-gpios' property of node '/ocp/interconnect@48000000/segment@0/target-module@60000/mmc@0[0]'
[    2.530295] of_get_named_gpiod_flags: can't parse 'wp-gpio' property of node '/ocp/interconnect@48000000/segment@0/target-module@60000/mmc@0[0]'
[    2.530336] sdhci-omap 48060000.mmc: using lookup tables for GPIO lookup
[    2.530351] sdhci-omap 48060000.mmc: No GPIO consumer wp found
[    2.530561] sdhci-omap 48060000.mmc: supply pbias not found, using dummy regulator
[    2.539383] sdhci-omap 481d8000.mmc: using DT '/ocp/interconnect@48000000/segment@100000/target-module@d8000/mmc@0' for 'wp' GPIO lookup
[    2.539458] of_get_named_gpiod_flags: can't parse 'wp-gpios' property of node '/ocp/interconnect@48000000/segment@100000/target-module@d8000/mmc@0[0]'
[    2.539506] of_get_named_gpiod_flags: can't parse 'wp-gpio' property of node '/ocp/interconnect@48000000/segment@100000/target-module@d8000/mmc@0[0]'
[    2.539544] sdhci-omap 481d8000.mmc: using lookup tables for GPIO lookup
[    2.539558] sdhci-omap 481d8000.mmc: No GPIO consumer wp found
[    2.540713] sdhci-omap 48060000.mmc: supply vqmmc not found, using dummy regulator
[    2.549509] sdhci-omap 481d8000.mmc: supply pbias not found, using dummy regulator
[    2.559374] sdhci-omap 481d8000.mmc: supply vqmmc not found, using dummy regulator
[    2.595141] mmc0: SDHCI controller on 48060000.mmc [48060000.mmc] using External DMA
[    2.603386] mmc1: SDHCI controller on 481d8000.mmc [481d8000.mmc] using External DMA
[    2.612237] cpsw-switch 4a100000.switch: starting ndev. mode: dual_mac
[    2.681665] mmc1: new high speed MMC card at address 0001
[    2.688483] mmcblk1: mmc1:0001 MMC04G 3.60 GiB
[    2.696448]  mmcblk1: p1 p2
[    2.700764] mmcblk1boot0: mmc1:0001 MMC04G 2.00 MiB
[    2.707325] SMSC LAN8710/LAN8720 4a101000.mdio:00: attached PHY driver (mii_bus:phy_addr=4a101000.mdio:00, irq=POLL)
[    2.725940] mmcblk1boot1: mmc1:0001 MMC04G 2.00 MiB
[    2.734820] mmcblk1rpmb: mmc1:0001 MMC04G 128 KiB, chardev (249:0)
[    2.784922] mmc0: new high speed SDHC card at address aaaa
[    2.791884] mmcblk0: mmc0:aaaa SE32G 29.7 GiB
[    2.801006]  mmcblk0: p1 p2
[    5.842174] cpsw-switch 4a100000.switch eth0: Link is Up - 100Mbps/Full - flow control off
[    5.881642] IP-Config: Complete:
[    5.884918]      device=eth0, hwaddr=6c:ec:eb:68:de:78, ipaddr=192.168.255.1, mask=255.255.255.0, gw=255.255.255.255
[    5.895594]      host=bbb1, domain=, nis-domain=(none)
[    5.900765]      bootserver=192.168.255.126, rootserver=192.168.255.126, rootpath=
[    5.901204] clk: Disabling unused clocks
[    5.913049] PM: genpd: Disabling unused power domains
[    5.918200] KTAP version 1
[    5.920922] 1..0
[    5.923420] check access for rdinit=/init failed: -2, ignoring
[    5.951573] VFS: Mounted root (nfs filesystem) on device 0:17.
[    5.958420] devtmpfs: mounted
[    5.963249] Freeing unused kernel image (initmem) memory: 1024K
[    5.969849] Run /sbin/init as init process
[    5.974040]   with arguments:
[    5.974053]     /sbin/init
[    5.974063]     nfsrootdebug
[    5.974072]   with environment:
[    5.974081]     HOME=/
[    5.974090]     TERM=linux
[    6.639070] systemd[1]: System time before build time, advancing clock.
[    8.181419] random: crng init done
[    8.204150] systemd[1]: systemd 232 running in system mode. (+PAM +AUDIT +SELINUX +IMA +APPARMOR +SMACK +SYSVINIT +UTMP +LIBCRYPTSETUP +GCRYPT +GNUTLS +ACL +XZ +LZ4 +SECCOMP +BLKID +ELFUTILS +KMOD +IDN)
[    8.223255] systemd[1]: Detected architecture arm.
[    8.254510] systemd[1]: Set hostname to <arm>.
[    9.365318] systemd[1]: Created slice User and Session Slice.
[    9.392338] systemd[1]: Started Dispatch Password Requests to Console Directory Watch.
[    9.423173] systemd[1]: Set up automount Arbitrary Executable File Formats File System Automount Point.
[    9.452801] systemd[1]: Created slice System Slice.
[    9.484483] systemd[1]: Listening on udev Kernel Socket.
[    9.512921] systemd[1]: Created slice system-getty.slice.
[    9.541800] systemd[1]: Reached target Swap.
[   11.760344] systemd-journald[94]: Received request to flush runtime journal from PID 1
[   12.642540] omap_prm 44e00d00.prm: sync_state() pending due to 44d00000.cpu
[   14.449576] leds-gpio leds: using DT '/leds/led2' for '(default)' GPIO lookup
[   14.449684] of_get_named_gpiod_flags: parsed 'gpios' property of node '/leds/led2[0]' - status (0)
[   14.449746] gpio gpiochip0: Persistence not supported for GPIO 21
[   14.449763] gpio-533 (?): no flags found for GPIO (default)
[   14.492893] leds-gpio leds: using DT '/leds/led3' for '(default)' GPIO lookup
[   14.493216] of_get_named_gpiod_flags: parsed 'gpios' property of node '/leds/led3[0]' - status (0)
[   14.493291] gpio gpiochip0: Persistence not supported for GPIO 22
[   14.493307] gpio-534 (?): no flags found for GPIO (default)
[   14.563992] leds-gpio leds: using DT '/leds/led4' for '(default)' GPIO lookup
[   14.564097] of_get_named_gpiod_flags: parsed 'gpios' property of node '/leds/led4[0]' - status (0)
[   14.564152] gpio gpiochip0: Persistence not supported for GPIO 23
[   14.564167] gpio-535 (?): no flags found for GPIO (default)
[   14.582504] leds-gpio leds: using DT '/leds/led5' for '(default)' GPIO lookup
[   14.582601] of_get_named_gpiod_flags: parsed 'gpios' property of node '/leds/led5[0]' - status (0)
[   14.582653] gpio gpiochip0: Persistence not supported for GPIO 24
[   14.582667] gpio-536 (?): no flags found for GPIO (default)
[   14.823135] remoteproc remoteproc0: wkup_m3 is available
[   15.114810] at24 2-0054: supply vcc not found, using dummy regulator
[   15.231812] omap_wdt: OMAP Watchdog Timer Rev 0x01: initial timeout 60 sec
[   15.250786] at24 2-0055: supply vcc not found, using dummy regulator
[   15.403436] at24 2-0056: supply vcc not found, using dummy regulator
[   15.530169] at24 2-0057: supply vcc not found, using dummy regulator
[   15.658056] at24 0-0050: using DT '/ocp/interconnect@44c00000/segment@200000/target-module@b000/i2c@0/eeprom@50' for 'wp' GPIO lookup
[   15.658178] of_get_named_gpiod_flags: can't parse 'wp-gpios' property of node '/ocp/interconnect@44c00000/segment@200000/target-module@b000/i2c@0/eeprom@50[0]'
[   15.658238] of_get_named_gpiod_flags: can't parse 'wp-gpio' property of node '/ocp/interconnect@44c00000/segment@200000/target-module@b000/i2c@0/eeprom@50[0]'
[   15.658286] at24 0-0050: using lookup tables for GPIO lookup
[   15.658300] at24 0-0050: No GPIO consumer wp found
[   15.658619] at24 0-0050: 32768 byte 24c256 EEPROM, writable, 1 bytes/write
[   15.727128] input: tps65217_pwrbutton as /devices/platform/ocp/44c00000.interconnect/44c00000.interconnect:segment@200000/44e0b000.target-module/44e0b000.i2c/i2c-0/0-0024/tps65217-pwrbutton/input/input0
[   16.316739] omap_rtc 44e3e000.rtc: registered as rtc0
[   16.322081] omap_rtc 44e3e000.rtc: setting system clock to 2000-01-01T00:00:00 UTC (946684800)
[   16.330782] omap_rtc 44e3e000.rtc: using DT '/ocp/interconnect@44c00000/segment@200000/target-module@3e000/rtc@0' for 'wp' GPIO lookup
[   16.330854] of_get_named_gpiod_flags: can't parse 'wp-gpios' property of node '/ocp/interconnect@44c00000/segment@200000/target-module@3e000/rtc@0[0]'
[   16.330904] of_get_named_gpiod_flags: can't parse 'wp-gpio' property of node '/ocp/interconnect@44c00000/segment@200000/target-module@3e000/rtc@0[0]'
[   16.330945] omap_rtc 44e3e000.rtc: using lookup tables for GPIO lookup
[   16.330959] omap_rtc 44e3e000.rtc: No GPIO consumer wp found
[   16.716547] am335x-phy-driver 47401300.usb-phy: using DT '/ocp/target-module@47400000/usb-phy@1300' for 'reset' GPIO lookup
[   16.716807] of_get_named_gpiod_flags: can't parse 'reset-gpios' property of node '/ocp/target-module@47400000/usb-phy@1300[0]'
[   16.716917] of_get_named_gpiod_flags: can't parse 'reset-gpio' property of node '/ocp/target-module@47400000/usb-phy@1300[0]'
[   16.717004] am335x-phy-driver 47401300.usb-phy: using lookup tables for GPIO lookup
[   16.717023] am335x-phy-driver 47401300.usb-phy: No GPIO consumer reset found
[   16.717040] am335x-phy-driver 47401300.usb-phy: using DT '/ocp/target-module@47400000/usb-phy@1300' for 'vbus-detect' GPIO lookup
[   16.717120] of_get_named_gpiod_flags: can't parse 'vbus-detect-gpios' property of node '/ocp/target-module@47400000/usb-phy@1300[0]'
[   16.717157] of_get_named_gpiod_flags: can't parse 'vbus-detect-gpio' property of node '/ocp/target-module@47400000/usb-phy@1300[0]'
[   16.717185] am335x-phy-driver 47401300.usb-phy: using lookup tables for GPIO lookup
[   16.717239] am335x-phy-driver 47401300.usb-phy: No GPIO consumer vbus-detect found
[   16.717498] am335x-phy-driver 47401300.usb-phy: dummy supplies not allowed for exclusive requests (id=vbus)
[   16.847669] usbcore: registered new interface driver usbfs
[   16.853515] usbcore: registered new interface driver hub
[   16.858986] usbcore: registered new device driver usb
[   17.051687] am335x-phy-driver 47401b00.usb-phy: using DT '/ocp/target-module@47400000/usb-phy@1b00' for 'reset' GPIO lookup
[   17.051778] of_get_named_gpiod_flags: can't parse 'reset-gpios' property of node '/ocp/target-module@47400000/usb-phy@1b00[0]'
[   17.051824] of_get_named_gpiod_flags: can't parse 'reset-gpio' property of node '/ocp/target-module@47400000/usb-phy@1b00[0]'
[   17.051862] am335x-phy-driver 47401b00.usb-phy: using lookup tables for GPIO lookup
[   17.051878] am335x-phy-driver 47401b00.usb-phy: No GPIO consumer reset found
[   17.051892] am335x-phy-driver 47401b00.usb-phy: using DT '/ocp/target-module@47400000/usb-phy@1b00' for 'vbus-detect' GPIO lookup
[   17.051924] of_get_named_gpiod_flags: can't parse 'vbus-detect-gpios' property of node '/ocp/target-module@47400000/usb-phy@1b00[0]'
[   17.051956] of_get_named_gpiod_flags: can't parse 'vbus-detect-gpio' property of node '/ocp/target-module@47400000/usb-phy@1b00[0]'
[   17.051983] am335x-phy-driver 47401b00.usb-phy: using lookup tables for GPIO lookup
[   17.051995] am335x-phy-driver 47401b00.usb-phy: No GPIO consumer vbus-detect found
[   17.052145] am335x-phy-driver 47401b00.usb-phy: dummy supplies not allowed for exclusive requests (id=vbus)
[   17.812747] musb-hdrc musb-hdrc.1: MUSB HDRC host driver
[   17.818171] musb-hdrc musb-hdrc.1: new USB bus registered, assigned bus number 1
[   17.954318] tda998x 0-0070: found TDA19988
[   18.147744] usb usb1: New USB device found, idVendor=1d6b, idProduct=0002, bcdDevice= 6.18
[   18.156299] usb usb1: New USB device strings: Mfr=3, Product=2, SerialNumber=1
[   18.163662] usb usb1: Product: MUSB HDRC host driver
[   18.168659] usb usb1: Manufacturer: Linux 6.18.0-rc1 musb-hcd
[   18.174485] usb usb1: SerialNumber: musb-hdrc.1
[   18.554258] omap-mailbox 480c8000.mailbox: omap mailbox rev 0x400
[   18.649589] hub 1-0:1.0: USB hub found
[   18.680619] remoteproc remoteproc0: powering up wkup_m3
[   18.714934] hub 1-0:1.0: 1 port detected
[   18.825094] remoteproc remoteproc0: Direct firmware load for am335x-pm-firmware.elf failed with error -2
[   18.835063] remoteproc remoteproc0: request_firmware failed: -2
[   18.841030] wkup_m3_ipc 44e11324.wkup_m3_ipc: rproc_boot failed
[   20.950648] omap_rng 48310000.rng: Random Number Generator ver. 20
[   21.360446] tilcdc 4830e000.lcdc: bound 0-0070 (ops 0xbf1140f8)
[   21.492460] [drm] Initialized tilcdc 1.0.0 for 4830e000.lcdc on minor 0
[   21.613104] tilcdc 4830e000.lcdc: [drm] Cannot find any crtc or sizes
[   21.622567] tilcdc 4830e000.lcdc: [drm] Cannot find any crtc or sizes
[   23.170892] PM: Cannot get wkup_m3_ipc handle
[   23.265521] omap-sham 53100000.sham: hw accel on OMAP rev 4.3
[   23.393982] omap-sham 53100000.sham: will run requests pump with realtime priority
[   23.403970] PM: Cannot get wkup_m3_ipc handle
[   23.453422] omap-aes 53500000.aes: OMAP AES hw accel rev: 3.2
[   23.555893] omap-aes 53500000.aes: will run requests pump with realtime priority
[   23.565316] PM: Cannot get wkup_m3_ipc handle
[   23.633092] Bluetooth: Core ver 2.22
[   23.636928] NET: Registered PF_BLUETOOTH protocol family
[   23.642482] Bluetooth: HCI device and connection manager initialized
[   23.648902] Bluetooth: HCI socket layer initialized
[   23.653864] Bluetooth: L2CAP socket layer initialized
[   23.658977] Bluetooth: SCO socket layer initialized
[   24.377197] ------------[ cut here ]------------
[   24.382019] WARNING: CPU: 0 PID: 327 at net/8021q/vlan_core.c:236 vlan_for_each+0x114/0x134
[   24.390454] RTNL: assertion failed at net/8021q/vlan_core.c (236)
[   24.396644] Modules linked in: snd_soc_simple_card omap_aes_driver bluetooth snd_soc_simple_card_utils omap_crypto omap_sham pm33xx crypto_engine ti_emif_sram ecdh_generic ecc libaes tilcdc drm_dma_helper omap_rng drm_client_lib rng_core snd_soc_davinci_mcasp snd_soc_ti_udma snd_soc_ti_edma snd_soc_ti_sdma snd_soc_core snd_pcm_dmaengine snd_pcm omap_mailbox snd_timer snd soundcore musb_dsps tda998x musb_hdrc cec udc_core drm_kms_helper usbcore phy_am335x phy_generic usb_common rtc_omap drm cppi41 wkup_m3_ipc phy_am335x_control tps65218_pwrbutton drm_panel_orientation_quirks omap_wdt at24 watchdog wkup_m3_rproc leds_gpio led_class cpufreq_dt autofs4
[   24.454697] CPU: 0 UID: 107 PID: 327 Comm: avahi-daemon Not tainted 6.18.0-rc1 #1 NONE 
[   24.454716] Hardware name: Generic AM33XX (Flattened Device Tree)
[   24.454725] Call trace: 
[   24.454741]  unwind_backtrace from show_stack+0x10/0x14
[   24.454779]  show_stack from dump_stack_lvl+0x50/0x64
[   24.454804]  dump_stack_lvl from __warn+0x74/0x12c
[   24.454822]  __warn from warn_slowpath_fmt+0x19c/0x1b0
[   24.454835]  warn_slowpath_fmt from vlan_for_each+0x114/0x134
[   24.454856]  vlan_for_each from cpsw_add_mc_addr+0x40/0xa4
[   24.454881]  cpsw_add_mc_addr from __hw_addr_ref_sync_dev+0x108/0x140
[   24.454912]  __hw_addr_ref_sync_dev from __dev_mc_add+0x7c/0x80
[   24.454934]  __dev_mc_add from igmp6_group_added+0xc8/0xe0
[   24.454962]  igmp6_group_added from __ipv6_dev_mc_inc+0x218/0x364
[   24.454982]  __ipv6_dev_mc_inc from __ipv6_sock_mc_join+0x11c/0x1c0
[   24.455000]  __ipv6_sock_mc_join from do_ipv6_setsockopt+0x1214/0x1310
[   24.455031]  do_ipv6_setsockopt from ipv6_setsockopt+0x60/0xcc
[   24.455053]  ipv6_setsockopt from udpv6_setsockopt+0x2c/0x6c
[   24.455070]  udpv6_setsockopt from sock_common_setsockopt+0x30/0x40
[   24.455099]  sock_common_setsockopt from do_sock_setsockopt+0x50/0x9c
[   24.455121]  do_sock_setsockopt from __sys_setsockopt+0x70/0xbc
[   24.455139]  __sys_setsockopt from ret_fast_syscall+0x0/0x58
[   24.455156] Exception stack(0xe019dfa8 to 0xe019dff0)
[   24.455171] dfa0:                   00000014 b6f3cce8 0000000d 00000029 00000014 bedb99ec
[   24.455182] dfc0: 00000014 b6f3cce8 00000014 00000126 0000000d b6ee5ff4 004ce988 004b6558
[   24.455191] dfe0: b6efb088 bedb99d8 b6ed8309 b6daf41a
[   24.455199] ---[ end trace 0000000000000000 ]---
[   26.771282] tda998x 0-0070: using DT '/ocp/interconnect@44c00000/segment@200000/target-module@b000/i2c@0/tda19988@70' for 'nxp,calib' GPIO lookup
[   26.771675] of_get_named_gpiod_flags: parsed 'nxp,calib-gpios' property of node '/ocp/interconnect@44c00000/segment@200000/target-module@b000/i2c@0/tda19988@70[0]' - status (0)
[   26.771766] gpio gpiochip0: Persistence not supported for GPIO 25
[   26.771782] gpio-537 (nxp,calib): no flags found for GPIO nxp,calib
[   26.777232] PM: Cannot get wkup_m3_ipc handle
[   26.783265] asoc-simple-card sound: using DT '/sound' for 'simple-audio-card,hp-det' GPIO lookup
[   26.783348] of_get_named_gpiod_flags: can't parse 'simple-audio-card,hp-det-gpios' property of node '/sound[0]'
[   26.783385] of_get_named_gpiod_flags: can't parse 'simple-audio-card,hp-det-gpio' property of node '/sound[0]'
[   26.783411] asoc-simple-card sound: using lookup tables for GPIO lookup
[   26.783425] asoc-simple-card sound: No GPIO consumer simple-audio-card,hp-det found
[   26.783440] asoc-simple-card sound: using DT '/sound' for 'simple-audio-card,mic-det' GPIO lookup
[   26.783464] of_get_named_gpiod_flags: can't parse 'simple-audio-card,mic-det-gpios' property of node '/sound[0]'
[   26.783490] of_get_named_gpiod_flags: can't parse 'simple-audio-card,mic-det-gpio' property of node '/sound[0]'
[   26.783510] asoc-simple-card sound: using lookup tables for GPIO lookup
[   26.783522] asoc-simple-card sound: No GPIO consumer simple-audio-card,mic-det found
[   26.806070] gpio-537 (nxp,calib): gpiod_direction_output_nonotify: tried to set a GPIO tied to an IRQ as output
[   26.931690] PM: Cannot get wkup_m3_ipc handle
[   27.124901] tda9950 0-0034: TDA9950 CEC interface, hardware version 3.3
[   27.246143] PM: Cannot get wkup_m3_ipc handle
[   28.736334] userial_init: registered 8 ttyGS* devices
[   28.966675] rndis_register: configNr = 0
[   29.038260] udc musb-hdrc.0: binding gadget driver [g_multi]
[   29.038359] configfs-gadget.g_multi gadget.0: adding 'rndis'/2bbbc015 to config 'c'/13b876c2
[   29.039558] configfs-gadget.g_multi gadget.0: HOST MAC 1c:ba:8c:a2:ed:6c
[   29.046579] configfs-gadget.g_multi gadget.0: MAC 1c:ba:8c:a2:ed:70
[   29.053053] rndis_set_param_medium: 0 0
[   29.053076] configfs-gadget.g_multi gadget.0: RNDIS: IN/ep1in OUT/ep1out NOTIFY/ep2in
[   29.053093] configfs-gadget.g_multi gadget.0: adding 'cdc_ethernet'/f9f2cb37 to config 'c'/13b876c2
[   29.053995] configfs-gadget.g_multi gadget.0: HOST MAC 1c:ba:8c:a2:ed:6c
[   29.060757] configfs-gadget.g_multi gadget.0: MAC 1c:ba:8c:a2:ed:6d
[   29.067176] configfs-gadget.g_multi gadget.0: CDC Ethernet: IN/ep3in OUT/ep2out NOTIFY/ep4in
[   29.067196] configfs-gadget.g_multi gadget.0: adding 'acm'/c4e5cc7f to config 'c'/13b876c2
[   29.067233] configfs-gadget.g_multi gadget.0: acm ttyGS0: IN/ep5in OUT/ep3out NOTIFY/ep6in
[   29.071600] PM: Cannot get wkup_m3_ipc handle
[   30.312029] configfs-gadget.g_multi gadget.0: eth_open
[   35.287834] gs_open: ttyGS0 (2a9345cc,6c7da3fd)
[   35.287990] gs_close: ttyGS0 (2a9345cc,6c7da3fd) ...
[   35.288011] gs_close: ttyGS0 (2a9345cc,6c7da3fd) done!
[   35.311937] gs_open: ttyGS0 (57bff496,dda13e38)
[   35.312080] gs_close: ttyGS0 (57bff496,dda13e38) ...
[   35.312103] gs_close: ttyGS0 (57bff496,dda13e38) done!
[   35.503528] gs_open: ttyGS0 (51925f0f,5797a3ba)
[   35.503757] gs_close: ttyGS0 (51925f0f,5797a3ba) ...
[   35.503782] gs_close: ttyGS0 (51925f0f,5797a3ba) done!
[   35.505406] gs_open: ttyGS0 (51925f0f,c5159b80)
TOBOSFMEKL 0
root@arm:~# echo 'JBCT''AZZFBH'
JBCTAZZFBH
root@arm:~# MARKER='YTFH''AYQMNO' run 'modprobe test_linear_ranges'
YTFHAYQMNOYTFHAYQMNO 0
root@arm:~# echo 'QHOL''UOUFSY'
QHOLUOUFSY
root@arm:~# MARKER='FQYG''NLYAPG' run dmesg
FQYGNLYAPG[    0.000000] Booting Linux on physical CPU 0x0
[    0.000000] Linux version 6.18.0-rc1 (user01@drvtest01) (arm-none-eabi-gcc (Arm GNU Toolchain 14.2.Rel1 (Build arm-14.52)) 14.2.1 20241119, GNU ld (Arm GNU Toolchain 14.2.Rel1 (Build arm-14.52)) 2.43.1.20241119) #1 SMP Mon Oct 13 00:18:13 EEST 2025
[    0.000000] CPU: ARMv7 Processor [413fc082] revision 2 (ARMv7), cr=10c5387d
[    0.000000] CPU: PIPT / VIPT nonaliasing data cache, VIPT aliasing instruction cache
[    0.000000] OF: fdt: Machine model: TI AM335x BeagleBone Black
[    0.000000] Memory policy: Data cache writeback
[    0.000000] cma: Reserved 16 MiB at 0x9e800000
[    0.000000] Zone ranges:
[    0.000000]   Normal   [mem 0x0000000080000000-0x000000009fdfffff]
[    0.000000]   HighMem  empty
[    0.000000] Movable zone start for each node
[    0.000000] Early memory node ranges
[    0.000000]   node   0: [mem 0x0000000080000000-0x000000009fdfffff]
[    0.000000] Initmem setup node 0 [mem 0x0000000080000000-0x000000009fdfffff]
[    0.000000] On node 0, zone Normal: 512 pages in unavailable ranges
[    0.000000] OF: reserved mem: Reserved memory: No reserved-memory node in the DT
[    0.000000] CPU: All CPU(s) started in SVC mode.
[    0.000000] AM335X ES2.1 (sgx neon)
[    0.000000] percpu: Embedded 17 pages/cpu s39884 r8192 d21556 u69632
[    0.000000] pcpu-alloc: s39884 r8192 d21556 u69632 alloc=17*4096
[    0.000000] pcpu-alloc: [0] 0 
[    0.000000] Kernel command line: console=ttyO0,115200n8 root=/dev/nfs rw nfsroot=192.168.255.126:/home/user01/nfs,nfsvers=3 ip=192.168.255.1:192.168.255.126::255.255.255.0:bbb1:eth0 nfsrootdebug
[    0.000000] Unknown kernel command line parameters "nfsrootdebug", will be passed to user space.
[    0.000000] printk: log buffer data + meta data: 65536 + 204800 = 270336 bytes
[    0.000000] Dentry cache hash table entries: 65536 (order: 6, 262144 bytes, linear)
[    0.000000] Inode-cache hash table entries: 32768 (order: 5, 131072 bytes, linear)
[    0.000000] Built 1 zonelists, mobility grouping on.  Total pages: 130560
[    0.000000] mem auto-init: stack:off, heap alloc:off, heap free:off
[    0.000000] SLUB: HWalign=16, Order=0-3, MinObjects=0, CPUs=1, Nodes=1
[    0.000000] rcu: Hierarchical RCU implementation.
[    0.000000] rcu: 	RCU event tracing is enabled.
[    0.000000] rcu: 	RCU restricting CPUs from NR_CPUS=2 to nr_cpu_ids=1.
[    0.000000] 	Tracing variant of Tasks RCU enabled.
[    0.000000] rcu: RCU calculated value of scheduler-enlistment delay is 10 jiffies.
[    0.000000] rcu: Adjusting geometry for rcu_fanout_leaf=16, nr_cpu_ids=1
[    0.000000] RCU Tasks Trace: Setting shift to 0 and lim to 1 rcu_task_cb_adjust=1 rcu_task_cpu_ids=1.
[    0.000000] NR_IRQS: 16, nr_irqs: 16, preallocated irqs: 16
[    0.000000] IRQ: Found an INTC at 0x(ptrval) (revision 5.0) with 128 interrupts
[    0.000000] rcu: srcu_init: Setting srcu_struct sizes based on contention.
[    0.000000] TI gptimer clocksource: always-on /ocp/interconnect@44c00000/segment@200000/target-module@31000
[    0.000003] sched_clock: 32 bits at 24MHz, resolution 41ns, wraps every 89478484971ns
[    0.000025] clocksource: dmtimer: mask: 0xffffffff max_cycles: 0xffffffff, max_idle_ns: 79635851949 ns
[    0.000489] TI gptimer clockevent: 24000000 Hz at /ocp/interconnect@48000000/segment@0/target-module@40000
[    0.002062] Console: colour dummy device 80x30
[    0.002127] WARNING: Your 'console=ttyO0' has been replaced by 'ttyS0'
[    0.002136] This ensures that you still see kernel messages. Please
[    0.002141] update your kernel commandline.
[    0.002185] Calibrating delay loop... 996.14 BogoMIPS (lpj=4980736)
[    0.090601] CPU: Testing write buffer coherency: ok
[    0.090682] CPU0: Spectre v2: using BPIALL workaround
[    0.090691] pid_max: default: 32768 minimum: 301
[    0.090869] LSM: initializing lsm=capability
[    0.091031] Mount-cache hash table entries: 1024 (order: 0, 4096 bytes, linear)
[    0.091050] Mountpoint-cache hash table entries: 1024 (order: 0, 4096 bytes, linear)
[    0.092634] CPU0: thread -1, cpu 0, socket -1, mpidr 0
[    0.092693] cacheinfo: Unable to detect cache hierarchy for CPU 0
[    0.094718] Setting up static identity map for 0x80100000 - 0x80100078
[    0.095029] rcu: Hierarchical SRCU implementation.
[    0.095039] rcu: 	Max phase no-delay instances is 1000.
[    0.096729] smp: Bringing up secondary CPUs ...
[    0.096784] smp: Brought up 1 node, 1 CPU
[    0.096798] SMP: Total of 1 processors activated (996.14 BogoMIPS).
[    0.096809] CPU: All CPU(s) started in SVC mode.
[    0.097009] Memory: 480864K/522240K available (11264K kernel code, 1226K rwdata, 2952K rodata, 1024K init, 256K bss, 23336K reserved, 16384K cma-reserved, 0K highmem)
[    0.097821] devtmpfs: initialized
[    0.115335] VFP support v0.3: implementor 41 architecture 3 part 30 variant c rev 3
[    0.115992] clocksource: jiffies: mask: 0xffffffff max_cycles: 0xffffffff, max_idle_ns: 19112604462750000 ns
[    0.116048] posixtimers hash table entries: 512 (order: 0, 4096 bytes, linear)
[    0.116074] futex hash table entries: 256 (16384 bytes on 1 NUMA nodes, total 16 KiB, linear).
[    0.117212] pinctrl core: initialized pinctrl subsystem
[    0.119306] NET: Registered PF_NETLINK/PF_ROUTE protocol family
[    0.122371] DMA: preallocated 256 KiB pool for atomic coherent allocations
[    0.122971] audit: initializing netlink subsys (disabled)
[    0.124305] thermal_sys: Registered thermal governor 'fair_share'
[    0.124319] thermal_sys: Registered thermal governor 'step_wise'
[    0.124329] thermal_sys: Registered thermal governor 'user_space'
[    0.124439] audit: type=2000 audit(0.120:1): state=initialized audit_enabled=0 res=1
[    0.124510] cpuidle: using governor menu
[    0.142298] /ocp/interconnect@44c00000/segment@200000/target-module@b000/i2c@0/tda19988@70: Fixed dependency cycle(s) with /ocp/interconnect@48000000/segment@300000/target-module@e000/lcdc@0
[    0.143414] /ocp/interconnect@48000000/segment@300000/target-module@e000/lcdc@0: Fixed dependency cycle(s) with /ocp/interconnect@44c00000/segment@200000/target-module@b000/i2c@0/tda19988@70
[    0.145601] No ATAGs?
[    0.145639] hw-breakpoint: debug architecture 0x4 unsupported.
[    0.148719] kprobes: kprobe jump-optimization is enabled. All kprobes are optimized if possible.
[    0.154485] iommu: Default domain type: Translated
[    0.154507] iommu: DMA domain TLB invalidation policy: strict mode
[    0.156055] reg-fixed-voltage fixedregulator0: using DT '/fixedregulator0' for '(default)' GPIO lookup
[    0.156108] of_get_named_gpiod_flags: can't parse 'gpios' property of node '/fixedregulator0[0]'
[    0.156136] of_get_named_gpiod_flags: can't parse 'gpio' property of node '/fixedregulator0[0]'
[    0.156156] reg-fixed-voltage fixedregulator0: using lookup tables for GPIO lookup
[    0.156167] reg-fixed-voltage fixedregulator0: No GPIO consumer (default) found
[    0.161642] SCSI subsystem initialized
[    0.162117] libata version 3.00 loaded.
[    0.162498] pps_core: LinuxPPS API ver. 1 registered
[    0.162509] pps_core: Software ver. 5.3.6 - Copyright 2005-2007 Rodolfo Giometti <giometti@linux.it>
[    0.162532] PTP clock support registered
[    0.171027] vgaarb: loaded
[    0.171401] clocksource: Switched to clocksource dmtimer
[    0.172070] VFS: Disk quotas dquot_6.6.0
[    0.172130] VFS: Dquot-cache hash table entries: 1024 (order 0, 4096 bytes)
[    0.196583] NET: Registered PF_INET protocol family
[    0.196925] IP idents hash table entries: 8192 (order: 4, 65536 bytes, linear)
[    0.198358] tcp_listen_portaddr_hash hash table entries: 512 (order: 0, 4096 bytes, linear)
[    0.198392] Table-perturb hash table entries: 65536 (order: 6, 262144 bytes, linear)
[    0.198410] TCP established hash table entries: 4096 (order: 2, 16384 bytes, linear)
[    0.198455] TCP bind hash table entries: 4096 (order: 4, 65536 bytes, linear)
[    0.198554] TCP: Hash tables configured (established 4096 bind 4096)
[    0.198677] UDP hash table entries: 256 (order: 1, 14336 bytes, linear)
[    0.198710] UDP-Lite hash table entries: 256 (order: 1, 14336 bytes, linear)
[    0.198912] NET: Registered PF_UNIX/PF_LOCAL protocol family
[    0.202596] RPC: Registered named UNIX socket transport module.
[    0.202618] RPC: Registered udp transport module.
[    0.202623] RPC: Registered tcp transport module.
[    0.202628] RPC: Registered tcp-with-tls transport module.
[    0.202633] RPC: Registered tcp NFSv4.1 backchannel transport module.
[    0.202659] PCI: CLS 0 bytes, default 64
[    0.204070] Initialise system trusted keyrings
[    0.212083] workingset: timestamp_bits=14 max_order=17 bucket_order=3
[    0.213561] NFS: Registering the id_resolver key type
[    0.213622] Key type id_resolver registered
[    0.213628] Key type id_legacy registered
[    0.213744] jffs2: version 2.2. (NAND) (SUMMARY)  Â© 2001-2006 Red Hat, Inc.
[    0.214214] Key type asymmetric registered
[    0.214230] Asymmetric key parser 'x509' registered
[    0.214301] io scheduler mq-deadline registered
[    0.214311] io scheduler kyber registered
[    0.214399] io scheduler bfq registered
[    0.216257] target-module@4b000000:target-module@140000:pmu@0:fck: device ID is greater than 24
[    0.221643] ledtrig-cpu: registered to indicate activity on CPUs
[    0.232032] Serial: 8250/16550 driver, 6 ports, IRQ sharing enabled
[    0.278566] brd: module loaded
[    0.287401] loop: module loaded
[    0.288334] mtdoops: mtd device (mtddev=name/number) must be supplied
[    0.289886] mdio_bus fixed-0: using lookup tables for GPIO lookup
[    0.289910] mdio_bus fixed-0: No GPIO consumer reset found
[    0.291321] i2c_dev: i2c /dev entries driver
[    0.292511] cpuidle: enable-method property 'ti,am3352' found operations
[    0.292969] sdhci: Secure Digital Host Controller Interface driver
[    0.292979] sdhci: Copyright(c) Pierre Ossman
[    0.293160] sdhci-pltfm: SDHCI platform and OF driver helper
[    0.301821] hw perfevents: enabled with armv7_cortex_a8 PMU driver, 5 (8000000f) counters available
[    0.302370] Initializing XFRM netlink socket
[    0.302541] NET: Registered PF_INET6 protocol family
[    0.304549] Segment Routing with IPv6
[    0.304632] In-situ OAM (IOAM) with IPv6
[    0.304728] sit: IPv6, IPv4 and MPLS over IPv4 tunneling driver
[    0.305692] NET: Registered PF_PACKET protocol family
[    0.305717] NET: Registered PF_KEY protocol family
[    0.305865] Key type dns_resolver registered
[    0.306099] ThumbEE CPU extension supported.
[    0.306120] Registering SWP/SWPB emulation handler
[    0.306646] omap_voltage_late_init: Voltage driver support not added
[    0.307307] SmartReflex Class3 initialized
[    0.343155] Loading compiled-in X.509 certificates
[    0.380467] /ocp/interconnect@44c00000/segment@200000/target-module@b000/i2c@0/tda19988@70: Fixed dependency cycle(s) with /ocp/interconnect@48000000/segment@300000/target-module@e000/lcdc@0
[    0.386988] /ocp/interconnect@44c00000/segment@200000/target-module@b000/i2c@0/tda19988@70: Fixed dependency cycle(s) with /ocp/interconnect@48000000/segment@300000/target-module@e000/lcdc@0
[    0.392621] gpiochip_find_base_unlocked: found new base at 512
[    0.429650] /ocp/interconnect@44c00000/segment@200000/target-module@b000/i2c@0/tda19988@70: Fixed dependency cycle(s) with /ocp/interconnect@48000000/segment@300000/target-module@e000/lcdc@0
[    0.430547] /ocp/interconnect@44c00000/segment@200000/target-module@b000/i2c@0/tda19988@70: Fixed dependency cycle(s) with /ocp/interconnect@48000000/segment@300000/target-module@e000/lcdc@0
[    0.434326] /ocp/interconnect@44c00000/segment@200000/target-module@10000/scm@0/pinmux@800: Fixed dependency cycle(s) with /ocp/interconnect@44c00000/segment@200000/target-module@10000/scm@0/pinmux@800/clkout2-pins
[    0.434922] pinctrl-single 44e10800.pinmux: 142 pins, size 568
[    0.440239] ti-sysc 44e31000.target-module: probe with driver ti-sysc failed with error -16
[    0.479063] /ocp/interconnect@48000000/segment@300000/target-module@e000/lcdc@0: Fixed dependency cycle(s) with /ocp/interconnect@44c00000/segment@200000/target-module@b000/i2c@0/tda19988@70
[    0.487372] ti-sysc 48040000.target-module: probe with driver ti-sysc failed with error -16
[    0.499022] gpiochip_find_base_unlocked: found new base at 512
[    0.499126] gpio gpiochip0: (gpio-0-31): created GPIO range 0->7 ==> 44e10800.pinmux PIN 0->7
[    0.499154] gpio gpiochip0: (gpio-0-31): created GPIO range 8->11 ==> 44e10800.pinmux PIN 90->93
[    0.499172] gpio gpiochip0: (gpio-0-31): created GPIO range 12->27 ==> 44e10800.pinmux PIN 12->27
[    0.499188] gpio gpiochip0: (gpio-0-31): created GPIO range 28->31 ==> 44e10800.pinmux PIN 30->33
[    0.526458] gpio gpiochip0: (gpio-0-31): added GPIO chardev (254:0)
[    0.526710] gpio gpiochip0: registered GPIOs 512 to 543 on gpio-0-31
[    0.526795] OMAP GPIO hardware version 0.1
[    0.561543] i2c i2c-2: using DT '/ocp/interconnect@48000000/segment@100000/target-module@9c000/i2c@0' for 'scl' GPIO lookup
[    0.561619] of_get_named_gpiod_flags: can't parse 'scl-gpios' property of node '/ocp/interconnect@48000000/segment@100000/target-module@9c000/i2c@0[0]'
[    0.561660] of_get_named_gpiod_flags: can't parse 'scl-gpio' property of node '/ocp/interconnect@48000000/segment@100000/target-module@9c000/i2c@0[0]'
[    0.561698] i2c i2c-2: using lookup tables for GPIO lookup
[    0.561708] i2c i2c-2: No GPIO consumer scl found
[    0.561730] i2c i2c-2: using DT '/ocp/interconnect@48000000/segment@100000/target-module@9c000/i2c@0' for 'sda' GPIO lookup
[    0.561766] of_get_named_gpiod_flags: can't parse 'sda-gpios' property of node '/ocp/interconnect@48000000/segment@100000/target-module@9c000/i2c@0[0]'
[    0.561802] of_get_named_gpiod_flags: can't parse 'sda-gpio' property of node '/ocp/interconnect@48000000/segment@100000/target-module@9c000/i2c@0[0]'
[    0.561833] i2c i2c-2: using lookup tables for GPIO lookup
[    0.561841] i2c i2c-2: No GPIO consumer sda found
[    0.562595] omap_i2c 4819c000.i2c: bus 2 rev0.11 at 100 kHz
[    0.568152] gpiochip_find_base_unlocked: found new base at 544
[    0.568267] gpio gpiochip1: (gpio-32-63): created GPIO range 0->17 ==> 44e10800.pinmux PIN 34->51
[    0.568287] gpio gpiochip1: (gpio-32-63): created GPIO range 18->21 ==> 44e10800.pinmux PIN 77->80
[    0.568302] gpio gpiochip1: (gpio-32-63): created GPIO range 22->31 ==> 44e10800.pinmux PIN 56->65
[    0.587133] gpio gpiochip1: (gpio-32-63): added GPIO chardev (254:1)
[    0.587368] gpio gpiochip1: registered GPIOs 544 to 575 on gpio-32-63
[    0.589692] gpiochip_find_base_unlocked: found new base at 576
[    0.589781] gpio gpiochip2: (gpio-64-95): created GPIO range 0->4 ==> 44e10800.pinmux PIN 66->70
[    0.589802] gpio gpiochip2: (gpio-64-95): created GPIO range 5->6 ==> 44e10800.pinmux PIN 98->99
[    0.589818] gpio gpiochip2: (gpio-64-95): created GPIO range 7->8 ==> 44e10800.pinmux PIN 75->76
[    0.589834] gpio gpiochip2: (gpio-64-95): created GPIO range 13->13 ==> 44e10800.pinmux PIN 141->141
[    0.589850] gpio gpiochip2: (gpio-64-95): created GPIO range 14->21 ==> 44e10800.pinmux PIN 100->107
[    0.590510] gpio gpiochip2: (gpio-64-95): added GPIO chardev (254:2)
[    0.590704] gpio gpiochip2: registered GPIOs 576 to 607 on gpio-64-95
[    0.596558] 48000000.interconnect:segment@200000:target-module@0:mpu@0:fck: device ID is greater than 24
[    0.597463] /ocp/interconnect@48000000/segment@300000/target-module@e000/lcdc@0: Fixed dependency cycle(s) with /ocp/interconnect@44c00000/segment@200000/target-module@b000/i2c@0/tda19988@70
[    0.600285] /ocp/interconnect@48000000/segment@300000/target-module@e000/lcdc@0: Fixed dependency cycle(s) with /ocp/interconnect@44c00000/segment@200000/target-module@b000/i2c@0/tda19988@70
[    0.600985] /ocp/interconnect@44c00000/segment@200000/target-module@b000/i2c@0/tda19988@70: Fixed dependency cycle(s) with /ocp/interconnect@48000000/segment@300000/target-module@e000/lcdc@0
[    0.601159] /ocp/interconnect@48000000/segment@300000/target-module@e000/lcdc@0: Fixed dependency cycle(s) with /ocp/interconnect@44c00000/segment@200000/target-module@b000/i2c@0/tda19988@70
[    0.608723] sdhci-omap 481d8000.mmc: using DT '/ocp/interconnect@48000000/segment@100000/target-module@d8000/mmc@0' for 'wp' GPIO lookup
[    0.608793] of_get_named_gpiod_flags: can't parse 'wp-gpios' property of node '/ocp/interconnect@48000000/segment@100000/target-module@d8000/mmc@0[0]'
[    0.608838] of_get_named_gpiod_flags: can't parse 'wp-gpio' property of node '/ocp/interconnect@48000000/segment@100000/target-module@d8000/mmc@0[0]'
[    0.608875] sdhci-omap 481d8000.mmc: using lookup tables for GPIO lookup
[    0.608886] sdhci-omap 481d8000.mmc: No GPIO consumer wp found
[    0.609079] sdhci-omap 481d8000.mmc: supply pbias not found, using dummy regulator
[    0.609559] sdhci-omap 481d8000.mmc: supply vqmmc not found, using dummy regulator
[    0.626486] mdio_bus 4a101000.mdio: using DT '/ocp/interconnect@4a000000/segment@0/target-module@100000/switch@0/mdio@1000' for 'reset' GPIO lookup
[    0.626567] of_get_named_gpiod_flags: can't parse 'reset-gpios' property of node '/ocp/interconnect@4a000000/segment@0/target-module@100000/switch@0/mdio@1000[0]'
[    0.626614] of_get_named_gpiod_flags: can't parse 'reset-gpio' property of node '/ocp/interconnect@4a000000/segment@0/target-module@100000/switch@0/mdio@1000[0]'
[    0.626661] mdio_bus 4a101000.mdio: using lookup tables for GPIO lookup
[    0.626671] mdio_bus 4a101000.mdio: No GPIO consumer reset found
[    0.671433] davinci_mdio 4a101000.mdio: davinci mdio revision 1.6, bus freq 1000000
[    0.693251] mdio_bus 4a101000.mdio:00: using DT '/ocp/interconnect@4a000000/segment@0/target-module@100000/switch@0/mdio@1000/ethernet-phy@0' for 'reset' GPIO lookup
[    0.693353] of_get_named_gpiod_flags: parsed 'reset-gpios' property of node '/ocp/interconnect@4a000000/segment@0/target-module@100000/switch@0/mdio@1000/ethernet-phy@0[0]' - status (0)
[    0.693521] gpio gpiochip0: Persistence not supported for GPIO 8
[    0.829579] davinci_mdio 4a101000.mdio: phy[0]: device 4a101000.mdio:00, driver SMSC LAN8710/LAN8720
[    0.830354] cpsw-switch 4a100000.switch: initialized cpsw ale version 1.4
[    0.830375] cpsw-switch 4a100000.switch: ALE Table size 1024, Policers 0
[    0.830563] cpsw-switch 4a100000.switch: cpts: overflow check period 500 (jiffies)
[    0.830582] cpsw-switch 4a100000.switch: CPTS: ref_clk_freq:250000000 calc_mult:2147483648 calc_shift:29 error:0 nsec/sec
[    0.830689] cpsw-switch 4a100000.switch: Detected MACID = 6c:ec:eb:68:de:78
[    0.832757] cpsw-switch 4a100000.switch: initialized (regs 0x4a100000, pool size 256) hw_ver:0019010C 1.12 (0)
[    0.844071] debugfs: '49000000.dma' already exists in 'dmaengine'
[    0.844114] edma 49000000.dma: TI EDMA DMA engine driver
[    0.878736] gpio-clk clk_mcasp0: using DT '/clk_mcasp0' for 'enable' GPIO lookup
[    0.878820] of_get_named_gpiod_flags: parsed 'enable-gpios' property of node '/clk_mcasp0[0]' - status (0)
[    0.878865] gpio gpiochip0: Persistence not supported for GPIO 27
[    0.879617] gpiochip_find_base_unlocked: found new base at 608
[    0.879732] gpio gpiochip3: (gpio-96-127): created GPIO range 0->7 ==> 44e10800.pinmux PIN 82->89
[    0.879759] gpio gpiochip3: (gpio-96-127): created GPIO range 8->11 ==> 44e10800.pinmux PIN 52->55
[    0.879775] gpio gpiochip3: (gpio-96-127): created GPIO range 12->15 ==> 44e10800.pinmux PIN 94->97
[    0.879791] gpio gpiochip3: (gpio-96-127): created GPIO range 16->17 ==> 44e10800.pinmux PIN 71->72
[    0.879806] gpio gpiochip3: (gpio-96-127): created GPIO range 18->18 ==> 44e10800.pinmux PIN 135->135
[    0.879823] gpio gpiochip3: (gpio-96-127): created GPIO range 19->20 ==> 44e10800.pinmux PIN 108->109
[    0.879839] gpio gpiochip3: (gpio-96-127): created GPIO range 21->21 ==> 44e10800.pinmux PIN 73->73
[    0.879857] gpio gpiochip3: (gpio-96-127): created GPIO range 22->23 ==> 44e10800.pinmux PIN 8->9
[    0.879874] gpio gpiochip3: (gpio-96-127): created GPIO range 26->27 ==> 44e10800.pinmux PIN 10->11
[    0.879891] gpio gpiochip3: (gpio-96-127): created GPIO range 28->28 ==> 44e10800.pinmux PIN 74->74
[    0.879909] gpio gpiochip3: (gpio-96-127): created GPIO range 29->29 ==> 44e10800.pinmux PIN 81->81
[    0.879928] gpio gpiochip3: (gpio-96-127): created GPIO range 30->31 ==> 44e10800.pinmux PIN 28->29
[    0.881285] gpio gpiochip3: (gpio-96-127): added GPIO chardev (254:3)
[    0.881707] gpio gpiochip3: registered GPIOs 608 to 639 on gpio-96-127
