Labgrid Console Logfile for main
Logfile started at 2025-01-13 08:01:47.049185
=== Log starts here ===
reading args
spl_load_image_fat_os: error reading image args, err - -1
reading u-boot.img
reading u-boot.img


U-Boot 2014.04-00014-g47880f5 (Apr 22 2014 - 13:23:54)

I2C:   ready
DRAM:  512 MiB
NAND:  0 MiB
MMC:   OMAP SD/MMC: 0, OMAP SD/MMC: 1
*** Warning - readenv() failed, using default environment

Net:   <ethaddr> not set. Validating first E-fuse MAC
cpsw, usb_ether
Hit any key to stop autoboot:  1  0 
gpio: pin 53 (gpio 53) value is 1
mmc0 is current device
gpio: pin 54 (gpio 54) value is 1
SD/MMC found on device 0
reading uEnv.txt
569 bytes read in 3 ms (184.6 KiB/s)
gpio: pin 55 (gpio 55) value is 1
Loaded environment from uEnv.txt
Importing environment from mmc ...
Checking if uenvcmd is set ...
gpio: pin 56 (gpio 56) value is 1
Running uenvcmd ...
cpsw Waiting for PHY auto negotiation to complete. done
link up on port 0, speed 100, full duplex
Using cpsw device
TFTP from server 192.168.255.126; our IP address is 192.168.255.1
Filename 'zImage'.
Load address: 0x81000000
Loading: *#################################################################
	 #################################################################
	 #################################################################
	 #################################################################
	 #################################################################
	 #####################################################
	 2.4 MiB/s
done
Bytes transferred = 5548544 (54aa00 hex)
link up on port 0, speed 100, full duplex
Using cpsw device
TFTP from server 192.168.255.126; our IP address is 192.168.255.1
Filename 'am335x-boneblack.dtb'.
Load address: 0x82000000
Loading: *#######
	 2 MiB/s
done
Bytes transferred = 98244 (17fc4 hex)
Kernel image @ 0x81000000 [ 0x000000 - 0x54aa00 ]
## Flattened Device Tree blob at 82000000
   Booting using the fdt blob at 0x82000000
   Using Device Tree in place at 82000000, end 8201afc3

Starting kernel ...

[    0.000000] Booting Linux on physical CPU 0x0
[    0.000000] Linux version 6.13.0-rc6-next-20250113 (user01@drvtest01) (arm-linux-gnueabihf-gcc (Linaro GCC 6.4-2017.11) 6.4.1 20171012, GNU ld (Linaro_Binutils-2017.11) 2.27.0.20161229) #8 SMP Mon Jan 13 08:00:55 EET 2025
[    0.000000] CPU: ARMv7 Processor [413fc082] revision 2 (ARMv7), cr=10c5387d
[    0.000000] CPU: PIPT / VIPT nonaliasing data cache, VIPT aliasing instruction cache
[    0.000000] OF: fdt: Machine model: TI AM335x BeagleBone Black
[    0.000000] Memory policy: Data cache writeback
[    0.000000] cma: Reserved 16 MiB at 0x9e800000 on node -1
[    0.000000] Zone ranges:
[    0.000000]   Normal   [mem 0x0000000080000000-0x000000009fdfffff]
[    0.000000]   HighMem  empty
[    0.000000] Movable zone start for each node
[    0.000000] Early memory node ranges
[    0.000000]   node   0: [mem 0x0000000080000000-0x000000009fdfffff]
[    0.000000] Initmem setup node 0 [mem 0x0000000080000000-0x000000009fdfffff]
[    0.000000] OF: reserved mem: Reserved memory: No reserved-memory node in the DT
[    0.000000] CPU: All CPU(s) started in SVC mode.
[    0.000000] AM335X ES2.1 (sgx neon)
[    0.000000] percpu: Embedded 17 pages/cpu s39628 r8192 d21812 u69632
[    0.000000] Kernel command line: console=ttyO0,115200n8 root=/dev/nfs rw nfsroot=192.168.255.126:/home/user01/nfs,nfsvers=3 ip=192.168.255.1:192.168.255.126::255.255.255.0:bbb1:eth0 nfsrootdebug
[    0.000000] Unknown kernel command line parameters "nfsrootdebug", will be passed to user space.
[    0.000000] printk: log buffer data + meta data: 65536 + 204800 = 270336 bytes
[    0.000000] Dentry cache hash table entries: 65536 (order: 6, 262144 bytes, linear)
[    0.000000] Inode-cache hash table entries: 32768 (order: 5, 131072 bytes, linear)
[    0.000000] Built 1 zonelists, mobility grouping on.  Total pages: 130560
[    0.000000] mem auto-init: stack:off, heap alloc:off, heap free:off
[    0.000000] SLUB: HWalign=64, Order=0-3, MinObjects=0, CPUs=1, Nodes=1
[    0.000000] rcu: Hierarchical RCU implementation.
[    0.000000] rcu: 	RCU event tracing is enabled.
[    0.000000] rcu: 	RCU restricting CPUs from NR_CPUS=2 to nr_cpu_ids=1.
[    0.000000] 	Tracing variant of Tasks RCU enabled.
[    0.000000] rcu: RCU calculated value of scheduler-enlistment delay is 10 jiffies.
[    0.000000] rcu: Adjusting geometry for rcu_fanout_leaf=16, nr_cpu_ids=1
[    0.000000] RCU Tasks Trace: Setting shift to 0 and lim to 1 rcu_task_cb_adjust=1 rcu_task_cpu_ids=1.
[    0.000000] NR_IRQS: 16, nr_irqs: 16, preallocated irqs: 16
[    0.000000] IRQ: Found an INTC at 0x(ptrval) (revision 5.0) with 128 interrupts
[    0.000000] rcu: srcu_init: Setting srcu_struct sizes based on contention.
[    0.000000] TI gptimer clocksource: always-on /ocp/interconnect@44c00000/segment@200000/target-module@31000
[    0.000002] sched_clock: 32 bits at 24MHz, resolution 41ns, wraps every 89478484971ns
[    0.000025] clocksource: dmtimer: mask: 0xffffffff max_cycles: 0xffffffff, max_idle_ns: 79635851949 ns
[    0.000517] TI gptimer clockevent: 24000000 Hz at /ocp/interconnect@48000000/segment@0/target-module@40000
[    0.002190] Console: colour dummy device 80x30
[    0.002266] WARNING: Your 'console=ttyO0' has been replaced by 'ttyS0'
[    0.002275] This ensures that you still see kernel messages. Please
[    0.002280] update your kernel commandline.
[    0.002322] Calibrating delay loop... 996.14 BogoMIPS (lpj=4980736)
[    0.090567] CPU: Testing write buffer coherency: ok
[    0.090679] CPU0: Spectre v2: using BPIALL workaround
[    0.090690] pid_max: default: 32768 minimum: 301
[    0.090811] LSM: initializing lsm=capability
[    0.090988] Mount-cache hash table entries: 1024 (order: 0, 4096 bytes, linear)
[    0.091008] Mountpoint-cache hash table entries: 1024 (order: 0, 4096 bytes, linear)
[    0.092679] CPU0: thread -1, cpu 0, socket -1, mpidr 0
[    0.160935] Setting up static identity map for 0x80100000 - 0x80100078
[    0.170721] rcu: Hierarchical SRCU implementation.
[    0.170732] rcu: 	Max phase no-delay instances is 1000.
[    0.190763] smp: Bringing up secondary CPUs ...
[    0.190819] smp: Brought up 1 node, 1 CPU
[    0.190834] SMP: Total of 1 processors activated (996.14 BogoMIPS).
[    0.190844] CPU: All CPU(s) started in SVC mode.
[    0.191019] Memory: 480804K/522240K available (11264K kernel code, 1214K rwdata, 2908K rodata, 1024K init, 297K bss, 23388K reserved, 16384K cma-reserved, 0K highmem)
[    0.191908] devtmpfs: initialized
[    0.209482] VFP support v0.3: implementor 41 architecture 3 part 30 variant c rev 3
[    0.209826] clocksource: jiffies: mask: 0xffffffff max_cycles: 0xffffffff, max_idle_ns: 19112604462750000 ns
[    0.209864] futex hash table entries: 256 (order: 2, 16384 bytes, linear)
[    0.211393] pinctrl core: initialized pinctrl subsystem
[    0.214230] NET: Registered PF_NETLINK/PF_ROUTE protocol family
[    0.217026] DMA: preallocated 256 KiB pool for atomic coherent allocations
[    0.217941] audit: initializing netlink subsys (disabled)
[    0.219392] thermal_sys: Registered thermal governor 'fair_share'
[    0.219410] thermal_sys: Registered thermal governor 'step_wise'
[    0.219420] thermal_sys: Registered thermal governor 'user_space'
[    0.219575] audit: type=2000 audit(0.210:1): state=initialized audit_enabled=0 res=1
[    0.219611] cpuidle: using governor menu
[    0.238215] /ocp/interconnect@44c00000/segment@200000/target-module@b000/i2c@0/tda19988@70: Fixed dependency cycle(s) with /ocp/interconnect@48000000/segment@300000/target-module@e000/lcdc@0
[    0.239370] /ocp/interconnect@48000000/segment@300000/target-module@e000/lcdc@0: Fixed dependency cycle(s) with /ocp/interconnect@44c00000/segment@200000/target-module@b000/i2c@0/tda19988@70
[    0.241750] No ATAGs?
[    0.241769] hw-breakpoint: debug architecture 0x4 unsupported.
[    0.244587] kprobes: kprobe jump-optimization is enabled. All kprobes are optimized if possible.
[    0.254113] iommu: Default domain type: Translated
[    0.254138] iommu: DMA domain TLB invalidation policy: strict mode
[    0.262860] SCSI subsystem initialized
[    0.263734] pps_core: LinuxPPS API ver. 1 registered
[    0.263745] pps_core: Software ver. 5.3.6 - Copyright 2005-2007 Rodolfo Giometti <giometti@linux.it>
[    0.263770] PTP clock support registered
[    0.271360] vgaarb: loaded
[    0.271783] clocksource: Switched to clocksource dmtimer
[    0.272452] VFS: Disk quotas dquot_6.6.0
[    0.272495] VFS: Dquot-cache hash table entries: 1024 (order 0, 4096 bytes)
[    0.297016] NET: Registered PF_INET protocol family
[    0.297374] IP idents hash table entries: 8192 (order: 4, 65536 bytes, linear)
[    0.298802] tcp_listen_portaddr_hash hash table entries: 512 (order: 0, 4096 bytes, linear)
[    0.298839] Table-perturb hash table entries: 65536 (order: 6, 262144 bytes, linear)
[    0.298857] TCP established hash table entries: 4096 (order: 2, 16384 bytes, linear)
[    0.298900] TCP bind hash table entries: 4096 (order: 4, 65536 bytes, linear)
[    0.299001] TCP: Hash tables configured (established 4096 bind 4096)
[    0.299120] UDP hash table entries: 256 (order: 1, 14336 bytes, linear)
[    0.299156] UDP-Lite hash table entries: 256 (order: 1, 14336 bytes, linear)
[    0.299333] NET: Registered PF_UNIX/PF_LOCAL protocol family
[    0.302701] RPC: Registered named UNIX socket transport module.
[    0.302724] RPC: Registered udp transport module.
[    0.302730] RPC: Registered tcp transport module.
[    0.302735] RPC: Registered tcp-with-tls transport module.
[    0.302741] RPC: Registered tcp NFSv4.1 backchannel transport module.
[    0.302767] PCI: CLS 0 bytes, default 64
[    0.304251] Initialise system trusted keyrings
[    0.312092] workingset: timestamp_bits=14 max_order=17 bucket_order=3
[    0.313435] NFS: Registering the id_resolver key type
[    0.313555] Key type id_resolver registered
[    0.313563] Key type id_legacy registered
[    0.313611] jffs2: version 2.2. (NAND) (SUMMARY)  Â© 2001-2006 Red Hat, Inc.
[    0.314017] Key type asymmetric registered
[    0.314035] Asymmetric key parser 'x509' registered
[    0.314100] io scheduler mq-deadline registered
[    0.314112] io scheduler kyber registered
[    0.314182] io scheduler bfq registered
[    0.315808] ledtrig-cpu: registered to indicate activity on CPUs
[    0.322322] Serial: 8250/16550 driver, 6 ports, IRQ sharing enabled
[    0.360978] brd: module loaded
[    0.377834] loop: module loaded
[    0.378765] mtdoops: mtd device (mtddev=name/number) must be supplied
[    0.382135] i2c_dev: i2c /dev entries driver
[    0.383138] cpuidle: enable-method property 'ti,am3352' found operations
[    0.383591] sdhci: Secure Digital Host Controller Interface driver
[    0.383601] sdhci: Copyright(c) Pierre Ossman
[    0.383774] sdhci-pltfm: SDHCI platform and OF driver helper
[    0.384798] Initializing XFRM netlink socket
[    0.384949] NET: Registered PF_INET6 protocol family
[    0.393426] Segment Routing with IPv6
[    0.393517] In-situ OAM (IOAM) with IPv6
[    0.393615] sit: IPv6, IPv4 and MPLS over IPv4 tunneling driver
[    0.394591] NET: Registered PF_PACKET protocol family
[    0.394624] NET: Registered PF_KEY protocol family
[    0.394741] Key type dns_resolver registered
[    0.395014] ThumbEE CPU extension supported.
[    0.395034] Registering SWP/SWPB emulation handler
[    0.395576] omap_voltage_late_init: Voltage driver support not added
[    0.395950] SmartReflex Class3 initialized
[    0.436898] Loading compiled-in X.509 certificates
[    0.475644] /ocp/interconnect@44c00000/segment@200000/target-module@b000/i2c@0/tda19988@70: Fixed dependency cycle(s) with /ocp/interconnect@48000000/segment@300000/target-module@e000/lcdc@0
[    0.482256] /ocp/interconnect@44c00000/segment@200000/target-module@b000/i2c@0/tda19988@70: Fixed dependency cycle(s) with /ocp/interconnect@48000000/segment@300000/target-module@e000/lcdc@0
[    0.509241] /ocp/interconnect@44c00000/segment@200000/target-module@b000/i2c@0/tda19988@70: Fixed dependency cycle(s) with /ocp/interconnect@48000000/segment@300000/target-module@e000/lcdc@0
[    0.510134] /ocp/interconnect@44c00000/segment@200000/target-module@b000/i2c@0/tda19988@70: Fixed dependency cycle(s) with /ocp/interconnect@48000000/segment@300000/target-module@e000/lcdc@0
[    0.513935] /ocp/interconnect@44c00000/segment@200000/target-module@10000/scm@0/pinmux@800: Fixed dependency cycle(s) with /ocp/interconnect@44c00000/segment@200000/target-module@10000/scm@0/pinmux@800/clkout2-pins
[    0.514534] pinctrl-single 44e10800.pinmux: 142 pins, size 568
[    0.519793] ti-sysc 44e31000.target-module: probe with driver ti-sysc failed with error -16
[    0.546220] /ocp/interconnect@48000000/segment@300000/target-module@e000/lcdc@0: Fixed dependency cycle(s) with /ocp/interconnect@44c00000/segment@200000/target-module@b000/i2c@0/tda19988@70
[    0.554462] ti-sysc 48040000.target-module: probe with driver ti-sysc failed with error -16
[    0.605087] OMAP GPIO hardware version 0.1
[    0.647106] omap_i2c 4819c000.i2c: bus 2 rev0.11 at 100 kHz
[    0.673289] 48000000.interconnect:segment@200000:target-module@0:mpu@0:fck: device ID is greater than 24
[    0.674212] /ocp/interconnect@48000000/segment@300000/target-module@e000/lcdc@0: Fixed dependency cycle(s) with /ocp/interconnect@44c00000/segment@200000/target-module@b000/i2c@0/tda19988@70
[    0.677042] /ocp/interconnect@48000000/segment@300000/target-module@e000/lcdc@0: Fixed dependency cycle(s) with /ocp/interconnect@44c00000/segment@200000/target-module@b000/i2c@0/tda19988@70
[    0.677763] /ocp/interconnect@44c00000/segment@200000/target-module@b000/i2c@0/tda19988@70: Fixed dependency cycle(s) with /ocp/interconnect@48000000/segment@300000/target-module@e000/lcdc@0
[    0.677924] /ocp/interconnect@48000000/segment@300000/target-module@e000/lcdc@0: Fixed dependency cycle(s) with /ocp/interconnect@44c00000/segment@200000/target-module@b000/i2c@0/tda19988@70
[    0.689180] sdhci-omap 481d8000.mmc: supply pbias not found, using dummy regulator
[    0.689685] sdhci-omap 481d8000.mmc: supply vqmmc not found, using dummy regulator
[    0.742695] davinci_mdio 4a101000.mdio: davinci mdio revision 1.6, bus fre q 1000000
[    0.911290] davinci_mdio 4a101000.mdio: phy[0]: device 4a101000.mdio:00, driver SMSC LAN8710/LAN8720
[    0.912207] cpsw-switch 4a100000.switch: initialized cpsw ale version 1.4
[    0.912234] cpsw-switch 4a100000.switch: ALE Table size 102ting ndev. mode: dual_mac
[    2.700884] mmc0: new high speed SDHC card at address 5048
[    2.708137] mmcblk0: mmc0:5048 SD16G 14.4 GiB
[    2.716424]  mmcblk0: p1 p2
[    2.717146] mmcblk0: p2 size 31221760 extends beyond EOD, truncated
[    2.721246] mmc1: new high speed MMC card at address 0001
[    2.737712] mmcblk1: mmc1:0001 MMC04G 3.60 GiB
[    2.740179] SMSC LAN8710/LAN8720 4a101000.mdio:00: attached PHY driver (mii_bus:phy_addr=4a101000.mdio:00, irq=POLL)
[    2.761827]  mmcblk1: p1 p2
[    2.763315] mmcblk1boot0: mmc1:0001 MMC04G 2.00 MiB
[    2.765430] mmcblk1boot1: mmc1:0001 MMC04G 2.00 MiB
[    2.767431] mmcblk1rpmb: mmc1:0001 MMC04G 128 KiB, chardev (250:0)
[    5.922572] cpsw-switch 4a100000.switch eth0: Link is Up - 100Mbps/Full - flow control off
[    5.961877] IP-Config: Complete:
[    5.961899]      device=eth0, hwaddr=6c:ec:eb:68:de:78, ipaddr=192.168.255.1, mask=255.255.255.0, gw=255.255.255.255
[    5.961924]      host=bbb1, domain=, nis-domain=(none)
[    5.961932]      bootserver=192.168.255.126, rootserver=192.168.255.126, rootpath=
[    5.962364] clk: Disabling unused clocks
[    5.962572] PM: genpd: Disabling unused power domains
[    5.962614] KTAP version 1
[    5.962619] 1..0
[    6.024730] VFS: Mounted root (nfs filesystem) on device 0:17.
[    6.025662] devtmpfs: mounted
[    6.027366] Freeing unused kernel image (initmem) memory: 1024K
[    6.028030] Run /sbin/init as init process
[    6.758992] systemd[1]: System time before build time, advancing clock.
[    8.241802] random: crng init done

Welcome to [1mDebian GNU/Linux 9 (stretch)[0m!

[    8.274068] systemd[1]: systemd 232 running in system mode. (+PAM +AUDIT +SELINUX +IMA +APPARMOR +SMACK +SYSVINIT +UTMP +LIBCRYPTSETUP +GCRYPT +GNUTLS +ACL +XZ +LZ4 +SECCOMP +BLKID +ELFUTILS +KMOD +IDN)
[    8.274805] systemd[1]: Detected architecture arm.
[    8.312216] systemd[1]: Set hostname to <arm>.
[[0;32m  OK  [0m] Reached target Swap.
[    9.437823] systemd[1]: Reached target Swap.
[[0;32m  OK  [0m] Listening on /dev/initctl Compatibility Named Pipe.
[    9.453816] systemd[1]: Listening on /dev/initctl Compatibility Named Pipe.
[[0;32m  OK  [0m] Created slice System Slice.
[    9.473502] systemd[1]: Created slice System Slice.
[[0;32m  OK  [0m] Created slice system-serial\x2dgetty.slice.
[    9.493315] systemd[1]: Created slice system-serial\x2dgetty.slice.
[[0;32m  OK  [0m] Reached target Remote File Systems.
[    9.512264] systemd[1]: Reached target Remote File Systems.
         Mounting POSIX Message Queue File System...
[    9.562392] systemd[1]: Mounting POSIX Message Queue File System...
[[0;32m  OK  [0m] Listening on udev Control Socket.
[    9.585736] systemd[1]: Listening on udev Control Socket.
[[0;32m  OK  [0m] Listening on Journal Socket (/dev/log).
         Mounting Debug File System...
[[0;32m  OK  [0m] Started Dispatch Password Requests to Console Directory Watch.
[[0;32m  OK  [0m] Set up automount Arbitrary Executabâ€¦rmats File System Automount Point.
[[0;32m  OK  [0m] Created slice system-getty.slice.
[[0;32m  OK  [0m] Listening on Syslog Socket.
[[0;32m  OK  [0m] Listening on udev Kernel Socket.
[[0;32m  OK  [0m] Listening on Journal Audit Socket.
[[0;32m  OK  [0m] Created slice User and Session Slice.
[[0;32m  OK  [0m] Reached target Slices.
[[0;32m  OK  [0m] Listening on Journal Socket.
         Starting Load Kernel Modules...
         Starting Remount Root and Kernel File Systems...
[[0;32m  OK  [0m] Started Forward Password Requests to Wall Directory Watch.
[[0;32m  OK  [0m] Reached target Encrypted Volumes.
[[0;32m  OK  [0m] Reached target Paths.
         Starting Journal Service...
         Starting Create list of required stâ€¦ce nodes for the current kernel...
[[0;32m  OK  [0m] Mounted POSIX Message Queue File System.
[[0;32m  OK  [0m] Mounted Debug File System.
[[0;32m  OK  [0m] Started Remount Root and Kernel File Systems.
[[0;32m  OK  [0m] Started Load Kernel Modules.
         Starting Apply Kernel Variables...
         Mounting Configuration File System...
         Starting udev Coldplug all Devices...
         Starting Load/Save Random Seed...
[[0;32m  OK  [0m] Mounted Configuration File System.
[[0;32m  OK  [0m] Started Create list of required staâ€¦vice nodes for the current kernel.
[[0;32m  OK  [0m] Started Apply Kernel Variables.
         Starting Create Static Device Nodes in /dev...
[[0;32m  OK  [0m] Started Load/Save Random Seed.
[[0;32m  OK  [0m] Started Journal Service.
         Starting Flush Journal to Persistent Storage...
[[0;32m  OK  [0m] Started Create Static Device Nodes in /dev.
[[0;32m  OK  [0m] Reached target Local File Systems (Pre).
[   11.349195] systemd-journald[87]: Received request to flush runtime journal from PID 1
[[0;32m  OK  [0m] Reached target Local File Systems.
         Starting Raise network interfaces...
         Starting udev Kernel Device Manager...
[[0;32m  OK  [0m] Started Flush Journal to Persistent Storage.
         Starting Create Volatile Files and Directories...
[[0;32m  OK  [0m] Started udev Kernel Device Manager.
[[0;32m  OK  [0m] Started Create Volatile Files and Directories.
         Starting Network Time Synchronization...
         Starting Update UTMP about System Boot/Shutdown...
[[0;32m  OK  [0m] Started udev Coldplug all Devices.
[[0;32m  OK  [0m] Started Update UTMP about System Boot/Shutdown.
[[0;32m  OK  [0m] Started Network Time Synchronization.
[[0;32m  OK  [0m] Reached target System Time Synchronized.
[[0;32m  OK  [0m] Reached target System Initialization.
[[0;32m  OK  [0m] Listening on Avahi mDNS/DNS-SD Stack Activation Socket.
[[0;32m  OK  [0m] Started Daily Cleanup of Temporary Directories.
[[0;32m  OK  [0m] Started Daily apt download activities.
[[0;32m  OK  [0m] Started Daily apt upgrade and clean activities.
[[0;32m  OK  [0m] Reached target Timers.
[   14.782674] remoteproc remoteproc0: wkup_m3 is available
[[0;32m  OK  [0m] Listening on D-Bus System Message Bus Socket.
[[0;32m  OK  [0m] Reached target Sockets.
[[0;32m  OK  [0m] Reached target Basic System.
         Starting System Logging Service...
[   15.096009] at24 2-0054: supply vcc not found, using dummy regulator
[   15.162088] at24 2-0055: supply vcc not found, using dummy regulator
         Starting Cape Manager Service...[   15.212409] at24 2-0056: supply vcc not found, using dummy regulator

[   15.278282] at24 2-0057: supply vcc not found, using dummy regulator
         Starting LSB: Start busybox udhcpd at boot time...[   15.348685] at24 0-0050: 32768 byte 24c256 EEPROM, writable, 1 bytes/write

         Starting Login Service...
[   15.722091] wkup_m3_ipc 44e11324.wkup_m3_ipc: IPC Request for A8->M3 Channel failed! -517
         Starting Avahi mDNS/DNS-SD Stack...
[   15.802352] tps6521x_pwrbutton tps65217-pwrbutton: DMA mask not set
[   15.848593] input: tps65217_pwrbutton as /devices/platform/ocp/44c00000.interconnect/44c00000.interconnect:segment@200000/44e0b000.target-module/44e0b000.i2c/i2c-0/0-0024/tps65217-pwrbutton/input/input0
[   15.850294] wkup_m3_ipc 44e11324.wkup_m3_ipc: IPC Request for A8->M3 Channel failed! -517
[[0;32m  OK  [0m] Started D-Bus System Message Bus.
[   15.943789] omap_rtc 44e3e000.rtc: registered as rtc0
[   15.943880] omap_rtc 44e3e000.rtc: setting system clock to 2000-01-01T00:00:00 UTC (946684800)
[   15.946461] wkup_m3_ipc 44e11324.wkup_m3_ipc: IPC Request for A8->M3 Channel failed! -517
[   16.308850] omap_wdt: OMAP Watchdog Timer Rev 0x01: initial timeout 60 sec
[   16.324123] wkup_m3_ipc 44e11324.wkup_m3_ipc: IPC Request for A8->M3 Channel failed! -517
[   16.496255] am335x-phy-driver 47401300.usb-phy: dummy supplies not allowed for exclusive requests (id=vbus)
[   16.567113] am335x-phy-driver 47401b00.usb-phy: dummy supplies not allowed for exclusive requests (id=vbus)
[   16.568363] wkup_m3_ipc 44e11324.wkup_m3_ipc: IPC Request for A8->M3 Channel failed! -517
[   16.639735] wkup_m3_ipc 44e11324.wkup_m3_ipc: IPC Request for A8->M3 Channel failed! -517
[   16.742703] usbcore: registered new interface driver usbfs
[   16.742810] usbcore: registered new interface driver hub
[   16.742907] usbcore: registered new device driver usb
[   17.436059] tda998x 0-0070: found TDA19988
[   17.462004] wkup_m3_ipc 44e11324.wkup_m3_ipc: IPC Request for A8->M3 Channel failed! -517
[   17.536553] wkup_m3_ipc 44e11324.wkup_m3_ipc: IPC Request for A8->M3 Channel failed! -517
[   17.646411] musb-hdrc musb-hdrc.1: MUSB HDRC host driver
[   17.646489] musb-hdrc musb-hdrc.1: new USB bus registered, assigned bus number 1
[   17.647439] wkup_m3_ipc 44e11324.wkup_m3_ipc: IPC Request for A8->M3 Channel failed! -517
[   17.703286] usb usb1: New USB device found, idVendor=1d6b, idProduct=0002, bcdDevice= 6.13
[   17.703491] usb usb1: New USB device strings: Mfr=3, Product=2, SerialNumber=1
[   17.703508] usb usb1: Product: MUSB HDRC host driver
[   17.703517] usb usb1: Manufacturer: Linux 6.13.0-rc6-next-20250113 musb-hcd
[   17.703526] usb usb1: SerialNumber: musb-hdrc.1
[   17.753636] hub 1-0:1.0: USB hub found
[   17.754133] hub 1-0:1.0: 1 port detected
[   17.756694] wkup_m3_ipc 44e11324.wkup_m3_ipc: IPC Request for A8->M3 Channel failed! -517
[   17.780434] wkup_m3_ipc 44e11324.wkup_m3_ipc: IPC Request for A8->M3 Channel failed! -517
[   17.886772] omap-mailbox 480c8000.mailbox: omap mailbox rev 0x400
[   17.962698] remoteproc remoteproc0: powering up wkup_m3
[   18.102715] remoteproc remoteproc0: Direct firmware load for am335x-pm-firmware.elf failed with error -2
[   18.102775] remoteproc remoteproc0: request_firmware failed: -2
[   18.102788] wkup_m3_ipc 44e11324.wkup_m3_ipc: rproc_boot failed
[   20.134979] omap_rng 48310000.rng: Random Number Generator ver. 20
[   20.189367] tilcdc 4830e000.lcdc: bound 0-0070 (ops 0xbf136030)
[   20.204558] [drm] Initialized tilcdc 1.0.0 for 4830e000.lcdc on minor 0
[   20.209831] tilcdc 4830e000.lcdc: [drm] Cannot find any crtc or sizes
[   20.245453] tilcdc 4830e000.lcdc: [drm] Cannot find any crtc or sizes
[[0;32m  OK  [0m] Started Avahi mDNS/DNS-SD Stack.
         Starting Connection service...
         Starting LSB: Load kernel modules needed to enable cpufreq scaling...
[[0;32m  OK  [0m] Started Regular background program processing daemon.
         Starting Generic Board Startup...
[   20.996626] PM: Cannot get wkup_m3_ipc handle
         Starting DUN service...
[   21.094498] omap-sham 53100000.sham: hw accel on OMAP rev 4.3
[   21.143213] omap-sham 53100000.sham: will run requests pump with realtime priority
[   21.145186] PM: Cannot get wkup_m3_ipc handle
         Starting Telephony service...
[   21.495046] omap-aes 53500000.aes: OMAP AES hw accel rev: 3.2
[[0;32m  OK  [0m] Started System Logging Service.
[   21.544612] omap-aes 53500000.aes: will run requests pump with realtime priority
[   21.547594] PM: Cannot get wkup_m3_ipc handle
[[0;32m  OK  [0m] Started Cape Manager Service.
[[0;32m  OK  [0m] Found device /dev/ttyS0.
[   24.136627] Bluetooth: Core ver 2.22
[   24.136836] NET: Registered PF_BLUETOOTH protocol family
[   24.136849] Bluetooth: HCI device and connection manager initialized
[   24.136878] Bluetooth: HCI socket layer initialized
[   24.136893] Bluetooth: L2CAP socket layer initialized
[   24.136929] Bluetooth: SCO socket layer initialized
[   24.797042] PM: Cannot get wkup_m3_ipc handle
[   24.929245] PM: Cannot get wkup_m3_ipc handle
[[0;32m  OK  [0m] Started LSB: Start busybox udhcpd at boot time.
[[0;32m  OK  [0m] Started Raise network interfaces.
[[0;32m  OK  [0m] Started LSB: Load kernel modules needed to enable cpufreq scaling.
[   28.905827] configfs-gadget.g_multi gadget.0: HOST MAC 1c:ba:8c:a2:ed:6c
[   28.905856] configfs-gadget.g_multi gadget.0: MAC 1c:ba:8c:a2:ed:70
[   28.906812] configfs-gadget.g_multi gadget.0: HOST MAC 1c:ba:8c:a2:ed:6c
[   28.906834] configfs-gadget.g_multi gadget.0: MAC 1c:ba:8c:a2:ed:6d
[   28.907578] PM: Cannot get wkup_m3_ipc handle
[[0;32m  OK  [0m] Started DUN service.
[[0;32m  OK  [0m] Started Telephony service.
[[0;32m  OK  [0m] Started Connection service.
[[0;32m  OK  [0m] Started Login Service.
[[0;32m  OK  [0m] Reached target Sound Card.
         Starting LSB: set CPUFreq kernel parameters...
[[0;32m  OK  [0m] Reached target Network.
         Starting OpenBSD Secure Shell server...
[[0;32m  OK  [0m] Reached target Network is Online.
         Starting LSB: Advanced IEEE 802.11 management daemon...
         Starting Permit User Sessions...
         Starting The Apache HTTP Server...
[[0;32m  OK  [0m] Started LSB: Advanced IEEE 802.11 management daemon.
[[0;32m  OK  [0m] Started Permit User Sessions.
         Starting Hostname Service...
         Starting WPA supplicant...
[[0;32m  OK  [0m] Started Getty on tty1.
[[0;32m  OK  [0m] Started Serial Getty on ttyS0.
[[0;32m  OK  [0m] Reached target Login Prompts.
[[0;32m  OK  [0m] Started LSB: set CPUFreq kernel parameters.
[[0;32m  OK  [0m] Started Hostname Service.
[[0;32m  OK  [0m] Started WPA supplicant.
[[0;32m  OK  [0m] Started OpenBSD Secure Shell server.
         Stopping LSB: Start busybox udhcpd at boot time...
[[0;32m  OK  [0m] Stopped LSB: Start busybox udhcpd at boot time.
[[0;32m  OK  [0m] Started The Apache HTTP Server.
         Starting dnsmasq - A lightweight DHCP and caching DNS server...
[[0;32m  OK  [0m] Started dnsmasq - A lightweight DHCP and caching DNS server.
[[0;32m  OK  [0m] Reached target Host and Network Name Lookups.
[[0;32m  OK  [0m] Started Serial Getty on ttyGS0.
[[0;32m  OK  [0m] Started Generic Board Startup.
[[0;32m  OK  [0m] Reached target Multi-User System.
[[0;32m  OK  [0m] Reached target Graphical Interface.
         Starting Update UTMP about System Runlevel Changes...
[[0;32m  OK  [0m] Started Update UTMP about System Runlevel Changes.

Debian GNU/Linux 9 arm ttyS0

default username:password is [debian:temppwd]

arm login: root
Password: 
Last login: Sat Jan  1 00:00:31 UTC 2000 on ttyS0
root
Linux arm 6.13.0-rc6-next-20250113 #8 SMP Mon Jan 13 08:00:55 EET 2025 armv7l

The programs included with the Debian GNU/Linux system are free software;
the exact distribution terms for each program are described in the
individual files in /usr/share/doc/*/copyright.

Debian GNU/Linux comes with ABSOLUTELY NO WARRANTY, to the extent
permitted by applicable law.
root@arm:~# root
dmesg -n 1
-bash: root: command not found
root@arm:~# dmesg -n 1
root@arm:~# echo 'WPKH''NPNMET'
WPKHNPNMET
root@arm:~# run() { echo -n "$MARKER"; sh -c "$@"; echo "$MARKER $?"; }
root@arm:~# echo 'EAKA''MYTTAM'
EAKAMYTTAM
root@arm:~# MARKER='JOTW''XHAZFX' run 'cat /proc/version'
JOTWXHAZFXLinux version 6.13.0-rc6-next-20250113 (user01@drvtest01) (arm-linux-gnueabihf-gcc (Linaro GCC 6.4-2017.11) 6.4.1 20171012, GNU ld (Linaro_Binutils-2017.11) 2.27.0.20161229) #8 SMP Mon Jan 13 08:00:55 EET 2025
JOTWXHAZFX 0
root@arm:~# echo 'EXLE''YNZABT'
EXLEYNZABT
root@arm:~# MARKER='FGLT''TXXTYL' run false
FGLTTXXTYLFGLTTXXTYL 1
root@arm:~# Labgrid Console Logfile for main
Logfile started at 2025-01-13 08:02:44.811410
=== Log starts here ===

root@arm:~# run() { echo -n "$MARKER"; sh -c "$@"; echo "$MARKER $?"; }
root@arm:~# echo 'AAPC''ALULNQ'
AAPCALULNQ
root@arm:~# MARKER='NEFX''ZVVGCH' run 'ls /iio_generic_buffer; echo $?'
NEFXZVVGCH/iio_generic_buffer
0
NEFXZVVGCH 0
root@arm:~# Labgrid Console Logfile for main
Logfile started at 2025-01-13 08:02:48.234267
=== Log starts here ===

root@arm:~# run() { echo -n "$MARKER"; sh -c "$@"; echo "$MARKER $?"; }
root@arm:~# echo 'CCTA''YGXCFZ'
CCTAYGXCFZ
root@arm:~# MARKER='EMQP''KYKYOY' run dmesg
EMQPKYKYOY[    0.000000] Booting Linux on physical CPU 0x0
[    0.000000] Linux version 6.13.0-rc6-next-20250113 (user01@drvtest01) (arm-linux-gnueabihf-gcc (Linaro GCC 6.4-2017.11) 6.4.1 20171012, GNU ld (Linaro_Binutils-2017.11) 2.27.0.20161229) #8 SMP Mon Jan 13 08:00:55 EET 2025
[    0.000000] CPU: ARMv7 Processor [413fc082] revision 2 (ARMv7), cr=10c5387d
[    0.000000] CPU: PIPT / VIPT nonaliasing data cache, VIPT aliasing instruction cache
[    0.000000] OF: fdt: Machine model: TI AM335x BeagleBone Black
[    0.000000] Memory policy: Data cache writeback
[    0.000000] cma: Reserved 16 MiB at 0x9e800000 on node -1
[    0.000000] Zone ranges:
[    0.000000]   Normal   [mem 0x0000000080000000-0x000000009fdfffff]
[    0.000000]   HighMem  empty
[    0.000000] Movable zone start for each node
[    0.000000] Early memory node ranges
[    0.000000]   node   0: [mem 0x0000000080000000-0x000000009fdfffff]
[    0.000000] Initmem setup node 0 [mem 0x0000000080000000-0x000000009fdfffff]
[    0.000000] OF: reserved mem: Reserved memory: No reserved-memory node in the DT
[    0.000000] CPU: All CPU(s) started in SVC mode.
[    0.000000] AM335X ES2.1 (sgx neon)
[    0.000000] percpu: Embedded 17 pages/cpu s39628 r8192 d21812 u69632
[    0.000000] pcpu-alloc: s39628 r8192 d21812 u69632 alloc=17*4096
[    0.000000] pcpu-alloc: [0] 0 
[    0.000000] Kernel command line: console=ttyO0,115200n8 root=/dev/nfs rw nfsroot=192.168.255.126:/home/user01/nfs,nfsvers=3 ip=192.168.255.1:192.168.255.126::255.255.255.0:bbb1:eth0 nfsrootdebug
[    0.000000] Unknown kernel command line parameters "nfsrootdebug", will be passed to user space.
[    0.000000] printk: log buffer data + meta data: 65536 + 204800 = 270336 bytes
[    0.000000] Dentry cache hash table entries: 65536 (order: 6, 262144 bytes, linear)
[    0.000000] Inode-cache hash table entries: 32768 (order: 5, 131072 bytes, linear)
[    0.000000] Built 1 zonelists, mobility grouping on.  Total pages: 130560
[    0.000000] mem auto-init: stack:off, heap alloc:off, heap free:off
[    0.000000] SLUB: HWalign=64, Order=0-3, MinObjects=0, CPUs=1, Nodes=1
[    0.000000] rcu: Hierarchical RCU implementation.
[    0.000000] rcu: 	RCU event tracing is enabled.
[    0.000000] rcu: 	RCU restricting CPUs from NR_CPUS=2 to nr_cpu_ids=1.
[    0.000000] 	Tracing variant of Tasks RCU enabled.
[    0.000000] rcu: RCU calculated value of scheduler-enlistment delay is 10 jiffies.
[    0.000000] rcu: Adjusting geometry for rcu_fanout_leaf=16, nr_cpu_ids=1
[    0.000000] RCU Tasks Trace: Setting shift to 0 and lim to 1 rcu_task_cb_adjust=1 rcu_task_cpu_ids=1.
[    0.000000] NR_IRQS: 16, nr_irqs: 16, preallocated irqs: 16
[    0.000000] IRQ: Found an INTC at 0x(ptrval) (revision 5.0) with 128 interrupts
[    0.000000] rcu: srcu_init: Setting srcu_struct sizes based on contention.
[    0.000000] TI gptimer clocksource: always-on /ocp/interconnect@44c00000/segment@200000/target-module@31000
[    0.000002] sched_clock: 32 bits at 24MHz, resolution 41ns, wraps every 89478484971ns
[    0.000025] clocksource: dmtimer: mask: 0xffffffff max_cycles: 0xffffffff, max_idle_ns: 79635851949 ns
[    0.000517] TI gptimer clockevent: 24000000 Hz at /ocp/interconnect@48000000/segment@0/target-module@40000
[    0.002190] Console: colour dummy device 80x30
[    0.002266] WARNING: Your 'console=ttyO0' has been replaced by 'ttyS0'
[    0.002275] This ensures that you still see kernel messages. Please
[    0.002280] update your kernel commandline.
[    0.002322] Calibrating delay loop... 996.14 BogoMIPS (lpj=4980736)
[    0.090567] CPU: Testing write buffer coherency: ok
[    0.090679] CPU0: Spectre v2: using BPIALL workaround
[    0.090690] pid_max: default: 32768 minimum: 301
[    0.090811] LSM: initializing lsm=capability
[    0.090988] Mount-cache hash table entries: 1024 (order: 0, 4096 bytes, linear)
[    0.091008] Mountpoint-cache hash table entries: 1024 (order: 0, 4096 bytes, linear)
[    0.092679] CPU0: thread -1, cpu 0, socket -1, mpidr 0
[    0.160935] Setting up static identity map for 0x80100000 - 0x80100078
[    0.170721] rcu: Hierarchical SRCU implementation.
[    0.170732] rcu: 	Max phase no-delay instances is 1000.
[    0.190763] smp: Bringing up secondary CPUs ...
[    0.190819] smp: Brought up 1 node, 1 CPU
[    0.190834] SMP: Total of 1 processors activated (996.14 BogoMIPS).
[    0.190844] CPU: All CPU(s) started in SVC mode.
[    0.191019] Memory: 480804K/522240K available (11264K kernel code, 1214K rwdata, 2908K rodata, 1024K init, 297K bss, 23388K reserved, 16384K cma-reserved, 0K highmem)
[    0.191908] devtmpfs: initialized
[    0.209482] VFP support v0.3: implementor 41 architecture 3 part 30 variant c rev 3
[    0.209826] clocksource: jiffies: mask: 0xffffffff max_cycles: 0xffffffff, max_idle_ns: 19112604462750000 ns
[    0.209864] futex hash table entries: 256 (order: 2, 16384 bytes, linear)
[    0.211393] pinctrl core: initialized pinctrl subsystem
[    0.214230] NET: Registered PF_NETLINK/PF_ROUTE protocol family
[    0.217026] DMA: preallocated 256 KiB pool for atomic coherent allocations
[    0.217941] audit: initializing netlink subsys (disabled)
[    0.219392] thermal_sys: Registered thermal governor 'fair_share'
[    0.219410] thermal_sys: Registered thermal governor 'step_wise'
[    0.219420] thermal_sys: Registered thermal governor 'user_space'
[    0.219575] audit: type=2000 audit(0.210:1): state=initialized audit_enabled=0 res=1
[    0.219611] cpuidle: using governor menu
[    0.238215] /ocp/interconnect@44c00000/segment@200000/target-module@b000/i2c@0/tda19988@70: Fixed dependency cycle(s) with /ocp/interconnect@48000000/segment@300000/target-module@e000/lcdc@0
[    0.239370] /ocp/interconnect@48000000/segment@300000/target-module@e000/lcdc@0: Fixed dependency cycle(s) with /ocp/interconnect@44c00000/segment@200000/target-module@b000/i2c@0/tda19988@70
[    0.241750] No ATAGs?
[    0.241769] hw-breakpoint: debug architecture 0x4 unsupported.
[    0.244587] kprobes: kprobe jump-optimization is enabled. All kprobes are optimized if possible.
[    0.254113] iommu: Default domain type: Translated
[    0.254138] iommu: DMA domain TLB invalidation policy: strict mode
[    0.261672] reg-fixed-voltage fixedregulator0: using DT '/fixedregulator0' for '(default)' GPIO lookup
[    0.261729] of_get_named_gpiod_flags: can't parse 'gpios' property of node '/fixedregulator0[0]'
[    0.261760] of_get_named_gpiod_flags: can't parse 'gpio' property of node '/fixedregulator0[0]'
[    0.261779] reg-fixed-voltage fixedregulator0: using lookup tables for GPIO lookup
[    0.261790] reg-fixed-voltage fixedregulator0: No GPIO consumer (default) found
[    0.262860] SCSI subsystem initialized
[    0.263359] libata version 3.00 loaded.
[    0.263734] pps_core: LinuxPPS API ver. 1 registered
[    0.263745] pps_core: Software ver. 5.3.6 - Copyright 2005-2007 Rodolfo Giometti <giometti@linux.it>
[    0.263770] PTP clock support registered
[    0.271360] vgaarb: loaded
[    0.271783] clocksource: Switched to clocksource dmtimer
[    0.272452] VFS: Disk quotas dquot_6.6.0
[    0.272495] VFS: Dquot-cache hash table entries: 1024 (order 0, 4096 bytes)
[    0.297016] NET: Registered PF_INET protocol family
[    0.297374] IP idents hash table entries: 8192 (order: 4, 65536 bytes, linear)
[    0.298802] tcp_listen_portaddr_hash hash table entries: 512 (order: 0, 4096 bytes, linear)
[    0.298839] Table-perturb hash table entries: 65536 (order: 6, 262144 bytes, linear)
[    0.298857] TCP established hash table entries: 4096 (order: 2, 16384 bytes, linear)
[    0.298900] TCP bind hash table entries: 4096 (order: 4, 65536 bytes, linear)
[    0.299001] TCP: Hash tables configured (established 4096 bind 4096)
[    0.299120] UDP hash table entries: 256 (order: 1, 14336 bytes, linear)
[    0.299156] UDP-Lite hash table entries: 256 (order: 1, 14336 bytes, linear)
[    0.299333] NET: Registered PF_UNIX/PF_LOCAL protocol family
[    0.302701] RPC: Registered named UNIX socket transport module.
[    0.302724] RPC: Registered udp transport module.
[    0.302730] RPC: Registered tcp transport module.
[    0.302735] RPC: Registered tcp-with-tls transport module.
[    0.302741] RPC: Registered tcp NFSv4.1 backchannel transport module.
[    0.302767] PCI: CLS 0 bytes, default 64
[    0.304251] Initialise system trusted keyrings
[    0.312092] workingset: timestamp_bits=14 max_order=17 bucket_order=3
[    0.313435] NFS: Registering the id_resolver key type
[    0.313555] Key type id_resolver registered
[    0.313563] Key type id_legacy registered
[    0.313611] jffs2: version 2.2. (NAND) (SUMMARY)  Â© 2001-2006 Red Hat, Inc.
[    0.314017] Key type asymmetric registered
[    0.314035] Asymmetric key parser 'x509' registered
[    0.314100] io scheduler mq-deadline registered
[    0.314112] io scheduler kyber registered
[    0.314182] io scheduler bfq registered
[    0.315808] ledtrig-cpu: registered to indicate activity on CPUs
[    0.322322] Serial: 8250/16550 driver, 6 ports, IRQ sharing enabled
[    0.360978] brd: module loaded
[    0.377834] loop: module loaded
[    0.378765] mtdoops: mtd device (mtddev=name/number) must be supplied
[    0.380537] mdio_bus fixed-0: using lookup tables for GPIO lookup
[    0.380561] mdio_bus fixed-0: No GPIO consumer reset found
[    0.382135] i2c_dev: i2c /dev entries driver
[    0.383138] cpuidle: enable-method property 'ti,am3352' found operations
[    0.383591] sdhci: Secure Digital Host Controller Interface driver
[    0.383601] sdhci: Copyright(c) Pierre Ossman
[    0.383774] sdhci-pltfm: SDHCI platform and OF driver helper
[    0.384798] Initializing XFRM netlink socket
[    0.384949] NET: Registered PF_INET6 protocol family
[    0.393426] Segment Routing with IPv6
[    0.393517] In-situ OAM (IOAM) with IPv6
[    0.393615] sit: IPv6, IPv4 and MPLS over IPv4 tunneling driver
[    0.394591] NET: Registered PF_PACKET protocol family
[    0.394624] NET: Registered PF_KEY protocol family
[    0.394741] Key type dns_resolver registered
[    0.395014] ThumbEE CPU extension supported.
[    0.395034] Registering SWP/SWPB emulation handler
[    0.395576] omap_voltage_late_init: Voltage driver support not added
[    0.395950] SmartReflex Class3 initialized
[    0.436898] Loading compiled-in X.509 certificates
[    0.475644] /ocp/interconnect@44c00000/segment@200000/target-module@b000/i2c@0/tda19988@70: Fixed dependency cycle(s) with /ocp/interconnect@48000000/segment@300000/target-module@e000/lcdc@0
[    0.482256] /ocp/interconnect@44c00000/segment@200000/target-module@b000/i2c@0/tda19988@70: Fixed dependency cycle(s) with /ocp/interconnect@48000000/segment@300000/target-module@e000/lcdc@0
[    0.487840] gpiochip_find_base_unlocked: found new base at 512
[    0.509241] /ocp/interconnect@44c00000/segment@200000/target-module@b000/i2c@0/tda19988@70: Fixed dependency cycle(s) with /ocp/interconnect@48000000/segment@300000/target-module@e000/lcdc@0
[    0.510134] /ocp/interconnect@44c00000/segment@200000/target-module@b000/i2c@0/tda19988@70: Fixed dependency cycle(s) with /ocp/interconnect@48000000/segment@300000/target-module@e000/lcdc@0
[    0.513935] /ocp/interconnect@44c00000/segment@200000/target-module@10000/scm@0/pinmux@800: Fixed dependency cycle(s) with /ocp/interconnect@44c00000/segment@200000/target-module@10000/scm@0/pinmux@800/clkout2-pins
[    0.514534] pinctrl-single 44e10800.pinmux: 142 pins, size 568
[    0.519793] ti-sysc 44e31000.target-module: probe with driver ti-sysc failed with error -16
[    0.546220] /ocp/interconnect@48000000/segment@300000/target-module@e000/lcdc@0: Fixed dependency cycle(s) with /ocp/interconnect@44c00000/segment@200000/target-module@b000/i2c@0/tda19988@70
[    0.554462] ti-sysc 48040000.target-module: probe with driver ti-sysc failed with error -16
[    0.565942] gpiochip_find_base_unlocked: found new base at 512
[    0.566041] gpio gpiochip0: (gpio-0-31): created GPIO range 0->7 ==> 44e10800.pinmux PIN 0->7
[    0.566061] gpio gpiochip0: (gpio-0-31): created GPIO range 8->11 ==> 44e10800.pinmux PIN 90->93
[    0.566076] gpio gpiochip0: (gpio-0-31): created GPIO range 12->27 ==> 44e10800.pinmux PIN 12->27
[    0.566092] gpio gpiochip0: (gpio-0-31): created GPIO range 28->31 ==> 44e10800.pinmux PIN 30->33
[    0.604842] gpio gpiochip0: (gpio-0-31): added GPIO chardev (254:0)
[    0.605001] gpio gpiochip0: registered GPIOs 512 to 543 on gpio-0-31
[    0.605087] OMAP GPIO hardware version 0.1
[    0.646063] i2c i2c-2: using DT '/ocp/interconnect@48000000/segment@100000/target-module@9c000/i2c@0' for 'scl' GPIO lookup
[    0.646139] of_get_named_gpiod_flags: can't parse 'scl-gpios' property of node '/ocp/interconnect@48000000/segment@100000/target-module@9c000/i2c@0[0]'
[    0.646184] of_get_named_gpiod_flags: can't parse 'scl-gpio' property of node '/ocp/interconnect@48000000/segment@100000/target-module@9c000/i2c@0[0]'
[    0.646222] i2c i2c-2: using lookup tables for GPIO lookup
[    0.646233] i2c i2c-2: No GPIO consumer scl found
[    0.646255] i2c i2c-2: using DT '/ocp/interconnect@48000000/segment@100000/target-module@9c000/i2c@0' for 'sda' GPIO lookup
[    0.646293] of_get_named_gpiod_flags: can't parse 'sda-gpios' property of node '/ocp/interconnect@48000000/segment@100000/target-module@9c000/i2c@0[0]'
[    0.646331] of_get_named_gpiod_flags: can't parse 'sda-gpio' property of node '/ocp/interconnect@48000000/segment@100000/target-module@9c000/i2c@0[0]'
[    0.646364] i2c i2c-2: using lookup tables for GPIO lookup
[    0.646372] i2c i2c-2: No GPIO consumer sda found
[    0.647106] omap_i2c 4819c000.i2c: bus 2 rev0.11 at 100 kHz
[    0.652869] gpiochip_find_base_unlocked: found new base at 544
[    0.652970] gpio gpiochip1: (gpio-32-63): created GPIO range 0->17 ==> 44e10800.pinmux PIN 34->51
[    0.652990] gpio gpiochip1: (gpio-32-63): created GPIO range 18->21 ==> 44e10800.pinmux PIN 77->80
[    0.653006] gpio gpiochip1: (gpio-32-63): created GPIO range 22->31 ==> 44e10800.pinmux PIN 56->65
[    0.653998] gpio gpiochip1: (gpio-32-63): added GPIO chardev (254:1)
[    0.654143] gpio gpiochip1: registered GPIOs 544 to 575 on gpio-32-63
[    0.656387] gpiochip_find_base_unlocked: found new base at 576
[    0.656477] gpio gpiochip2: (gpio-64-95): created GPIO range 0->4 ==> 44e10800.pinmux PIN 66->70
[    0.656497] gpio gpiochip2: (gpio-64-95): created GPIO range 5->6 ==> 44e10800.pinmux PIN 98->99
[    0.656513] gpio gpiochip2: (gpio-64-95): created GPIO range 7->8 ==> 44e10800.pinmux PIN 75->76
[    0.656528] gpio gpiochip2: (gpio-64-95): created GPIO range 13->13 ==> 44e10800.pinmux PIN 141->141
[    0.656544] gpio gpiochip2: (gpio-64-95): created GPIO range 14->21 ==> 44e10800.pinmux PIN 100->107
[    0.667302] gpio gpiochip2: (gpio-64-95): added GPIO chardev (254:2)
[    0.667451] gpio gpiochip2: registered GPIOs 576 to 607 on gpio-64-95
[    0.673289] 48000000.interconnect:segment@200000:target-module@0:mpu@0:fck: device ID is greater than 24
[    0.674212] /ocp/interconnect@48000000/segment@300000/target-module@e000/lcdc@0: Fixed dependency cycle(s) with /ocp/interconnect@44c00000/segment@200000/target-module@b000/i2c@0/tda19988@70
[    0.677042] /ocp/interconnect@48000000/segment@300000/target-module@e000/lcdc@0: Fixed dependency cycle(s) with /ocp/interconnect@44c00000/segment@200000/target-module@b000/i2c@0/tda19988@70
[    0.677763] /ocp/interconnect@44c00000/segment@200000/target-module@b000/i2c@0/tda19988@70: Fixed dependency cycle(s) with /ocp/interconnect@48000000/segment@300000/target-module@e000/lcdc@0
[    0.677924] /ocp/interconnect@48000000/segment@300000/target-module@e000/lcdc@0: Fixed dependency cycle(s) with /ocp/interconnect@44c00000/segment@200000/target-module@b000/i2c@0/tda19988@70
[    0.687715] mdio_bus 4a101000.mdio: using DT '/ocp/interconnect@4a000000/segment@0/target-module@100000/switch@0/mdio@1000' for 'reset' GPIO lookup
[    0.687798] of_get_named_gpiod_flags: can't parse 'reset-gpios' property of node '/ocp/interconnect@4a000000/segment@0/target-module@100000/switch@0/mdio@1000[0]'
[    0.687851] of_get_named_gpiod_flags: can't parse 'reset-gpio' property of node '/ocp/interconnect@4a000000/segment@0/target-module@100000/switch@0/mdio@1000[0]'
[    0.687902] mdio_bus 4a101000.mdio: using lookup tables for GPIO lookup
[    0.687912] mdio_bus 4a101000.mdio: No GPIO consumer reset found
[    0.688846] sdhci-omap 481d8000.mmc: using DT '/ocp/interconnect@48000000/segment@100000/target-module@d8000/mmc@0' for 'wp' GPIO lookup
[    0.688905] of_get_named_gpiod_flags: can't parse 'wp-gpios' property of node '/ocp/interconnect@48000000/segment@100000/target-module@d8000/mmc@0[0]'
[    0.688947] of_get_named_gpiod_flags: can't parse 'wp-gpio' property of node '/ocp/interconnect@48000000/segment@100000/target-module@d8000/mmc@0[0]'
[    0.688983] sdhci-omap 481d8000.mmc: using lookup tables for GPIO lookup
[    0.688992] sdhci-omap 481d8000.mmc: No GPIO consumer wp found
[    0.689180] sdhci-omap 481d8000.mmc: supply pbias not found, using dummy regulator
[    0.689685] sdhci-omap 481d8000.mmc: supply vqmmc not found, using dummy regulator
[    0.742695] davinci_mdio 4a101000.mdio: davinci mdio revision 1.6, bus freq 1000000
[    0.776414] mdio_bus 4a101000.mdio:00: using DT '/ocp/interconnect@4a000000/segment@0/target-module@100000/switch@0/mdio@1000/ethernet-phy@0' for 'reset' GPIO lookup
[    0.776522] of_get_named_gpiod_flags: parsed 'reset-gpios' property of node '/ocp/interconnect@4a000000/segment@0/target-module@100000/switch@0/mdio@1000/ethernet-phy@0[0]' - status (0)
[    0.776690] gpio gpiochip0: Persistence not supported for GPIO 8
[    0.911290] davinci_mdio 4a101000.mdio: phy[0]: device 4a101000.mdio:00, driver SMSC LAN8710/LAN8720
[    0.912207] cpsw-switch 4a100000.switch: initialized cpsw ale version 1.4
[    0.912234] cpsw-switch 4a100000.switch: ALE Table size 1024, Policers 0
[    0.912388] cpsw-switch 4a100000.switch: cpts: overflow check period 500 (jiffies)
[    0.912405] cpsw-switch 4a100000.switch: CPTS: ref_clk_freq:250000000 calc_mult:2147483648 calc_shift:29 error:0 nsec/sec
[    0.912513] cpsw-switch 4a100000.switch: Detected MACID = 6c:ec:eb:68:de:78
[    0.914360] cpsw-switch 4a100000.switch: initialized (regs 0x4a100000, pool size 256) hw_ver:0019010C 1.12 (0)
[    0.925444] debugfs: Directory '49000000.dma' with parent 'dmaengine' already present!
[    0.925485] edma 49000000.dma: TI EDMA DMA engine driver
[    0.977576] target-module@4b000000:target-module@140000:pmu@0:fck: device ID is greater than 24
[    0.991355] hw perfevents: enabled with armv7_cortex_a8 PMU driver, 5 (8000000f) counters available
[    0.992425] gpio-clk clk_mcasp0: using DT '/clk_mcasp0' for 'enable' GPIO lookup
[    0.992496] of_get_named_gpiod_flags: parsed 'enable-gpios' property of node '/clk_mcasp0[0]' - status (0)
[    0.992538] gpio gpiochip0: Persistence not supported for GPIO 27
[    0.993338] gpiochip_find_base_unlocked: found new base at 608
[    0.993448] gpio gpiochip3: (gpio-96-127): created GPIO range 0->7 ==> 44e10800.pinmux PIN 82->89
[    0.993469] gpio gpiochip3: (gpio-96-127): created GPIO range 8->11 ==> 44e10800.pinmux PIN 52->55
[    0.993485] gpio gpiochip3: (gpio-96-127): created GPIO range 12->15 ==> 44e10800.pinmux PIN 94->97
[    0.993501] gpio gpiochip3: (gpio-96-127): created GPIO range 16->17 ==> 44e10800.pinmux PIN 71->72
[    0.993517] gpio gpiochip3: (gpio-96-127): created GPIO range 18->18 ==> 44e10800.pinmux PIN 135->135
[    0.993533] gpio gpiochip3: (gpio-96-127): created GPIO range 19->20 ==> 44e10800.pinmux PIN 108->109
[    0.993550] gpio gpiochip3: (gpio-96-127): created GPIO range 21->21 ==> 44e10800.pinmux PIN 73->73
[    0.993568] gpio gpiochip3: (gpio-96-127): created GPIO range 22->23 ==> 44e10800.pinmux PIN 8->9
[    0.993585] gpio gpiochip3: (gpio-96-127): created GPIO range 26->27 ==> 44e10800.pinmux PIN 10->11
[    0.993603] gpio gpiochip3: (gpio-96-127): created GPIO range 28->28 ==> 44e10800.pinmux PIN 74->74
[    0.993621] gpio gpiochip3: (gpio-96-127): created GPIO range 29->29 ==> 44e10800.pinmux PIN 81->81
[    0.993640] gpio gpiochip3: (gpio-96-127): created GPIO range 30->31 ==> 44e10800.pinmux PIN 28->29
[    0.999227] l3-aon-clkctrl:0000:0: failed to disable
[    1.008342] gpio gpiochip3: (gpio-96-127): added GPIO chardev (254:3)
[    1.008503] gpio gpiochip3: registered GPIOs 608 to 639 on gpio-96-127
[    1.010434] omap8250 44e09000.serial: using DT '/ocp/interconnect@44c00000/segment@200000/target-module@9000/serial@0' for 'rs485-term' GPIO lookup
[    1.010504] of_get_named_gpiod_flags: can't parse 'rs485-term-gpios' property of node '/ocp/interconnect@44c00000/segment@200000/target-module@9000/serial@0[0]'
[    1.010551] of_get_named_gpiod_flags: can't parse 'rs485-term-gpio' property of node '/ocp/interconnect@44c00000/segment@200000/target-module@9000/serial@0[0]'
[    1.010589] omap8250 44e09000.serial: using lookup tables for GPIO lookup
[    1.010600] omap8250 44e09000.serial: No GPIO consumer rs485-term found
[    1.010611] omap8250 44e09000.serial: using DT '/ocp/interconnect@44c00000/segment@200000/target-module@9000/serial@0' for 'rs485-rx-during-tx' GPIO lookup
[    1.010648] of_get_named_gpiod_flags: can't parse 'rs485-rx-during-tx-gpios' property of node '/ocp/interconnect@44c00000/segment@200000/target-module@9000/serial@0[0]'
[    1.010687] of_get_named_gpiod_flags: can't parse 'rs485-rx-during-tx-gpio' property of node '/ocp/interconnect@44c00000/segment@200000/target-module@9000/serial@0[0]'
[    1.010720] omap8250 44e09000.serial: using lookup tables for GPIO lookup
[    1.010728] omap8250 44e09000.serial: No GPIO consumer rs485-rx-during-tx found
[    1.011093] 44e09000.serial: ttyS0 at MMIO 0x44e09000 (irq = 34, base_baud = 3000000) is a 8250
[    1.011188] printk: console [ttyS0] enabled
[    2.476388] i2c i2c-0: using DT '/ocp/interconnect@44c00000/segment@200000/target-module@b000/i2c@0' for 'scl' GPIO lookup
[    2.476468] of_get_named_gpiod_flags: can't parse 'scl-gpios' property of node '/ocp/interconnect@44c00000/segment@200000/target-module@b000/i2c@0[0]'
[    2.476513] of_get_named_gpiod_flags: can't parse 'scl-gpio' property of node '/ocp/interconnect@44c00000/segment@200000/target-module@b000/i2c@0[0]'
[    2.476552] i2c i2c-0: using lookup tables for GPIO lookup
[    2.476562] i2c i2c-0: No GPIO consumer scl found
[    2.476585] i2c i2c-0: using DT '/ocp/interconnect@44c00000/segment@200000/target-module@b000/i2c@0' for 'sda' GPIO lookup
[    2.476623] of_get_named_gpiod_flags: can't parse 'sda-gpios' property of node '/ocp/interconnect@44c00000/segment@200000/target-module@b000/i2c@0[0]'
[    2.476662] of_get_named_gpiod_flags: can't parse 'sda-gpio' property of node '/ocp/interconnect@44c00000/segment@200000/target-module@b000/i2c@0[0]'
[    2.476696] i2c i2c-0: using lookup tables for GPIO lookup
[    2.476704] i2c i2c-0: No GPIO consumer sda found
[    2.492809] tps65217-pmic: Failed to locate of_node [id: -1]
[    2.493173] tps65217-bl: Failed to locate of_node [id: -1]
[    2.498932] tps65217 0-0024: TPS65217 ID 0xe version 1.2
[    2.499578] /ocp/interconnect@48000000/segment@300000/target-module@e000/lcdc@0: Fixed dependency cycle(s) with /ocp/interconnect@44c00000/segment@200000/target-module@b000/i2c@0/tda19988@70
[    2.499819] /ocp/interconnect@44c00000/segment@200000/target-module@b000/i2c@0/tda19988@70: Fixed dependency cycle(s) with /ocp/interconnect@48000000/segment@300000/target-module@e000/lcdc@0
[    2.500105] omap_i2c 44e0b000.i2c: bus 0 rev0.11 at 400 kHz
[    2.502311] sdhci-omap 48060000.mmc: using DT '/ocp/interconnect@48000000/segment@0/target-module@60000/mmc@0' for 'cd' GPIO lookup
[    2.502419] of_get_named_gpiod_flags: parsed 'cd-gpios' property of node '/ocp/interconnect@48000000/segment@0/target-module@60000/mmc@0[0]' - status (0)
[    2.502484] gpio gpiochip3: Persistence not supported for GPIO 6
[    2.502506] omap_gpio 44e07000.gpio: Could not set line 6 debounce to 200000 microseconds (-22)
[    2.502520] sdhci-omap 48060000.mmc: Got CD GPIO
[    2.502529] sdhci-omap 48060000.mmc: using DT '/ocp/interconnect@48000000/segment@0/target-module@60000/mmc@0' for 'wp' GPIO lookup
[    2.502573] of_get_named_gpiod_flags: can't parse 'wp-gpios' property of node '/ocp/interconnect@48000000/segment@0/target-module@60000/mmc@0[0]'
[    2.502615] of_get_named_gpiod_flags: can't parse 'wp-gpio' property of node '/ocp/interconnect@48000000/segment@0/target-module@60000/mmc@0[0]'
[    2.502652] sdhci-omap 48060000.mmc: using lookup tables for GPIO lookup
[    2.502663] sdhci-omap 48060000.mmc: No GPIO consumer wp found
[    2.502864] sdhci-omap 48060000.mmc: supply pbias not found, using dummy regulator
[    2.504037] sdhci-omap 481d8000.mmc: using DT '/ocp/interconnect@48000000/segment@100000/target-module@d8000/mmc@0' for 'wp' GPIO lookup
[    2.504105] of_get_named_gpiod_flags: can't parse 'wp-gpios' property of node '/ocp/interconnect@48000000/segment@100000/target-module@d8000/mmc@0[0]'
[    2.504151] of_get_named_gpiod_flags: can't parse 'wp-gpio' property of node '/ocp/interconnect@48000000/segment@100000/target-module@d8000/mmc@0[0]'
[    2.504187] sdhci-omap 481d8000.mmc: using lookup tables for GPIO lookup
[    2.504197] sdhci-omap 481d8000.mmc: No GPIO consumer wp found
[    2.504703] sdhci-omap 48060000.mmc: supply vqmmc not found, using dummy regulator
[    2.505943] sdhci-omap 481d8000.mmc: supply pbias not found, using dummy regulator
[    2.506374] sdhci-omap 481d8000.mmc: supply vqmmc not found, using dummy regulator
[    2.634688] mmc1: SDHCI controller on 481d8000.mmc [481d8000.mmc] using External DMA
[    2.635945] mmc0: SDHCI controller on 48060000.mmc [48060000.mmc] using External DMA
[    2.636953] cpsw-switch 4a100000.switch: starting ndev. mode: dual_mac
[    2.700884] mmc0: new high speed SDHC card at address 5048
[    2.708137] mmcblk0: mmc0:5048 SD16G 14.4 GiB
[    2.716424]  mmcblk0: p1 p2
[    2.717146] mmcblk0: p2 size 31221760 extends beyond EOD, truncated
[    2.721246] mmc1: new high speed MMC card at address 0001
[    2.737712] mmcblk1: mmc1:0001 MMC04G 3.60 GiB
[    2.740179] SMSC LAN8710/LAN8720 4a101000.mdio:00: attached PHY driver (mii_bus:phy_addr=4a101000.mdio:00, irq=POLL)
[    2.761827]  mmcblk1: p1 p2
[    2.763315] mmcblk1boot0: mmc1:0001 MMC04G 2.00 MiB
[    2.765430] mmcblk1boot1: mmc1:0001 MMC04G 2.00 MiB
[    2.767431] mmcblk1rpmb: mmc1:0001 MMC04G 128 KiB, chardev (250:0)
[    5.922572] cpsw-switch 4a100000.switch eth0: Link is Up - 100Mbps/Full - flow control off
[    5.961877] IP-Config: Complete:
[    5.961899]      device=eth0, hwaddr=6c:ec:eb:68:de:78, ipaddr=192.168.255.1, mask=255.255.255.0, gw=255.255.255.255
[    5.961924]      host=bbb1, domain=, nis-domain=(none)
[    5.961932]      bootserver=192.168.255.126, rootserver=192.168.255.126, rootpath=
[    5.962364] clk: Disabling unused clocks
[    5.962572] PM: genpd: Disabling unused power domains
[    5.962614] KTAP version 1
[    5.962619] 1..0
[    6.024730] VFS: Mounted root (nfs filesystem) on device 0:17.
[    6.025662] devtmpfs: mounted
[    6.027366] Freeing unused kernel image (initmem) memory: 1024K
[    6.028030] Run /sbin/init as init process
[    6.028044]   with arguments:
[    6.028054]     /sbin/init
[    6.028060]     nfsrootdebug
[    6.028066]   with environment:
[    6.028072]     HOME=/
[    6.028078]     TERM=linux
[    6.758992] systemd[1]: System time before build time, advancing clock.
[    8.241802] random: crng init done
[    8.274068] systemd[1]: systemd 232 running in system mode. (+PAM +AUDIT +SELINUX +IMA +APPARMOR +SMACK +SYSVINIT +UTMP +LIBCRYPTSETUP +GCRYPT +GNUTLS +ACL +XZ +LZ4 +SECCOMP +BLKID +ELFUTILS +KMOD +IDN)
[    8.274805] systemd[1]: Detected architecture arm.
[    8.312216] systemd[1]: Set hostname to <arm>.
[    9.437823] systemd[1]: Reached target Swap.
[    9.453816] systemd[1]: Listening on /dev/initctl Compatibility Named Pipe.
[    9.473502] systemd[1]: Created slice System Slice.
[    9.493315] systemd[1]: Created slice system-serial\x2dgetty.slice.
[    9.512264] systemd[1]: Reached target Remote File Systems.
[    9.562392] systemd[1]: Mounting POSIX Message Queue File System...
[    9.585736] systemd[1]: Listening on udev Control Socket.
[   11.349195] systemd-journald[87]: Received request to flush runtime journal from PID 1
[   14.403673] leds-gpio leds: using DT '/leds/led2' for '(default)' GPIO lookup
[   14.403769] of_get_named_gpiod_flags: parsed 'gpios' property of node '/leds/led2[0]' - status (0)
[   14.403823] gpio gpiochip0: Persistence not supported for GPIO 21
[   14.403835] gpio-533 (?): no flags found for GPIO (default)
[   14.500941] leds-gpio leds: using DT '/leds/led3' for '(default)' GPIO lookup
[   14.501041] of_get_named_gpiod_flags: parsed 'gpios' property of node '/leds/led3[0]' - status (0)
[   14.501297] gpio gpiochip0: Persistence not supported for GPIO 22
[   14.501316] gpio-534 (?): no flags found for GPIO (default)
[   14.522252] leds-gpio leds: using DT '/leds/led4' for '(default)' GPIO lookup
[   14.522342] of_get_named_gpiod_flags: parsed 'gpios' property of node '/leds/led4[0]' - status (0)
[   14.522391] gpio gpiochip0: Persistence not supported for GPIO 23
[   14.522404] gpio-535 (?): no flags found for GPIO (default)
[   14.571093] leds-gpio leds: using DT '/leds/led5' for '(default)' GPIO lookup
[   14.571181] of_get_named_gpiod_flags: parsed 'gpios' property of node '/leds/led5[0]' - status (0)
[   14.571228] gpio gpiochip0: Persistence not supported for GPIO 24
[   14.571240] gpio-536 (?): no flags found for GPIO (default)
[   14.782674] remoteproc remoteproc0: wkup_m3 is available
[   15.096009] at24 2-0054: supply vcc not found, using dummy regulator
[   15.162088] at24 2-0055: supply vcc not found, using dummy regulator
[   15.212409] at24 2-0056: supply vcc not found, using dummy regulator
[   15.278282] at24 2-0057: supply vcc not found, using dummy regulator
[   15.347916] at24 0-0050: using DT '/ocp/interconnect@44c00000/segment@200000/target-module@b000/i2c@0/eeprom@50' for 'wp' GPIO lookup
[   15.348025] of_get_named_gpiod_flags: can't parse 'wp-gpios' property of node '/ocp/interconnect@44c00000/segment@200000/target-module@b000/i2c@0/eeprom@50[0]'
[   15.348260] of_get_named_gpiod_flags: can't parse 'wp-gpio' property of node '/ocp/interconnect@44c00000/segment@200000/target-module@b000/i2c@0/eeprom@50[0]'
[   15.348314] at24 0-0050: using lookup tables for GPIO lookup
[   15.348326] at24 0-0050: No GPIO consumer wp found
[   15.348685] at24 0-0050: 32768 byte 24c256 EEPROM, writable, 1 bytes/write
[   15.722091] wkup_m3_ipc 44e11324.wkup_m3_ipc: IPC Request for A8->M3 Channel failed! -517
[   15.802352] tps6521x_pwrbutton tps65217-pwrbutton: DMA mask not set
[   15.848593] input: tps65217_pwrbutton as /devices/platform/ocp/44c00000.interconnect/44c00000.interconnect:segment@200000/44e0b000.target-module/44e0b000.i2c/i2c-0/0-0024/tps65217-pwrbutton/input/input0
[   15.850294] wkup_m3_ipc 44e11324.wkup_m3_ipc: IPC Request for A8->M3 Channel failed! -517
[   15.943789] omap_rtc 44e3e000.rtc: registered as rtc0
[   15.943880] omap_rtc 44e3e000.rtc: setting system clock to 2000-01-01T00:00:00 UTC (946684800)
[   15.943921] omap_rtc 44e3e000.rtc: using DT '/ocp/interconnect@44c00000/segment@200000/target-module@3e000/rtc@0' for 'wp' GPIO lookup
[   15.943987] of_get_named_gpiod_flags: can't parse 'wp-gpios' property of node '/ocp/interconnect@44c00000/segment@200000/target-module@3e000/rtc@0[0]'
[   15.944034] of_get_named_gpiod_flags: can't parse 'wp-gpio' property of node '/ocp/interconnect@44c00000/segment@200000/target-module@3e000/rtc@0[0]'
[   15.944073] omap_rtc 44e3e000.rtc: using lookup tables for GPIO lookup
[   15.944084] omap_rtc 44e3e000.rtc: No GPIO consumer wp found
[   15.946461] wkup_m3_ipc 44e11324.wkup_m3_ipc: IPC Request for A8->M3 Channel failed! -517
[   16.308850] omap_wdt: OMAP Watchdog Timer Rev 0x01: initial timeout 60 sec
[   16.324123] wkup_m3_ipc 44e11324.wkup_m3_ipc: IPC Request for A8->M3 Channel failed! -517
[   16.495827] am335x-phy-driver 47401300.usb-phy: using DT '/ocp/target-module@47400000/usb-phy@1300' for 'reset' GPIO lookup
[   16.495913] of_get_named_gpiod_flags: can't parse 'reset-gpios' property of node '/ocp/target-module@47400000/usb-phy@1300[0]'
[   16.495956] of_get_named_gpiod_flags: can't parse 'reset-gpio' property of node '/ocp/target-module@47400000/usb-phy@1300[0]'
[   16.495993] am335x-phy-driver 47401300.usb-phy: using lookup tables for GPIO lookup
[   16.496004] am335x-phy-driver 47401300.usb-phy: No GPIO consumer reset found
[   16.496017] am335x-phy-driver 47401300.usb-phy: using DT '/ocp/target-module@47400000/usb-phy@1300' for 'vbus-detect' GPIO lookup
[   16.496047] of_get_named_gpiod_flags: can't parse 'vbus-detect-gpios' property of node '/ocp/target-module@47400000/usb-phy@1300[0]'
[   16.496076] of_get_named_gpiod_flags: can't parse 'vbus-detect-gpio' property of node '/ocp/target-module@47400000/usb-phy@1300[0]'
[   16.496100] am335x-phy-driver 47401300.usb-phy: using lookup tables for GPIO lookup
[   16.496109] am335x-phy-driver 47401300.usb-phy: No GPIO consumer vbus-detect found
[   16.496255] am335x-phy-driver 47401300.usb-phy: dummy supplies not allowed for exclusive requests (id=vbus)
[   16.566690] am335x-phy-driver 47401b00.usb-phy: using DT '/ocp/target-module@47400000/usb-phy@1b00' for 'reset' GPIO lookup
[   16.566773] of_get_named_gpiod_flags: can't parse 'reset-gpios' property of node '/ocp/target-module@47400000/usb-phy@1b00[0]'
[   16.566815] of_get_named_gpiod_flags: can't parse 'reset-gpio' property of node '/ocp/target-module@47400000/usb-phy@1b00[0]'
[   16.566850] am335x-phy-driver 47401b00.usb-phy: using lookup tables for GPIO lookup
[   16.566863] am335x-phy-driver 47401b00.usb-phy: No GPIO consumer reset found
[   16.566876] am335x-phy-driver 47401b00.usb-phy: using DT '/ocp/target-module@47400000/usb-phy@1b00' for 'vbus-detect' GPIO lookup
[   16.566905] of_get_named_gpiod_flags: can't parse 'vbus-detect-gpios' property of node '/ocp/target-module@47400000/usb-phy@1b00[0]'
[   16.566935] of_get_named_gpiod_flags: can't parse 'vbus-detect-gpio' property of node '/ocp/target-module@47400000/usb-phy@1b00[0]'
[   16.566959] am335x-phy-driver 47401b00.usb-phy: using lookup tables for GPIO lookup
[   16.566968] am335x-phy-driver 47401b00.usb-phy: No GPIO consumer vbus-detect found
[   16.567113] am335x-phy-driver 47401b00.usb-phy: dummy supplies not allowed for exclusive requests (id=vbus)
[   16.568363] wkup_m3_ipc 44e11324.wkup_m3_ipc: IPC Request for A8->M3 Channel failed! -517
[   16.639735] wkup_m3_ipc 44e11324.wkup_m3_ipc: IPC Request for A8->M3 Channel failed! -517
[   16.742703] usbcore: registered new interface driver usbfs
[   16.742810] usbcore: registered new interface driver hub
[   16.742907] usbcore: registered new device driver usb
[   17.436059] tda998x 0-0070: found TDA19988
[   17.462004] wkup_m3_ipc 44e11324.wkup_m3_ipc: IPC Request for A8->M3 Channel failed! -517
[   17.536553] wkup_m3_ipc 44e11324.wkup_m3_ipc: IPC Request for A8->M3 Channel failed! -517
[   17.646411] musb-hdrc musb-hdrc.1: MUSB HDRC host driver
[   17.646489] musb-hdrc musb-hdrc.1: new USB bus registered, assigned bus number 1
[   17.647439] wkup_m3_ipc 44e11324.wkup_m3_ipc: IPC Request for A8->M3 Channel failed! -517
[   17.703286] usb usb1: New USB device found, idVendor=1d6b, idProduct=0002, bcdDevice= 6.13
[   17.703491] usb usb1: New USB device strings: Mfr=3, Product=2, SerialNumber=1
[   17.703508] usb usb1: Product: MUSB HDRC host driver
[   17.703517] usb usb1: Manufacturer: Linux 6.13.0-rc6-next-20250113 musb-hcd
[   17.703526] usb usb1: SerialNumber: musb-hdrc.1
[   17.753636] hub 1-0:1.0: USB hub found
[   17.754133] hub 1-0:1.0: 1 port detected
[   17.756694] wkup_m3_ipc 44e11324.wkup_m3_ipc: IPC Request for A8->M3 Channel failed! -517
[   17.780434] wkup_m3_ipc 44e11324.wkup_m3_ipc: IPC Request for A8->M3 Channel failed! -517
[   17.886772] omap-mailbox 480c8000.mailbox: omap mailbox rev 0x400
[   17.962698] remoteproc remoteproc0: powering up wkup_m3
[   18.102715] remoteproc remoteproc0: Direct firmware load for am335x-pm-firmware.elf failed with error -2
[   18.102775] remoteproc remoteproc0: request_firmware failed: -2
[   18.102788] wkup_m3_ipc 44e11324.wkup_m3_ipc: rproc_boot failed
[   20.134979] omap_rng 48310000.rng: Random Number Generator ver. 20
[   20.189367] tilcdc 4830e000.lcdc: bound 0-0070 (ops 0xbf136030)
[   20.204558] [drm] Initialized tilcdc 1.0.0 for 4830e000.lcdc on minor 0
[   20.209831] tilcdc 4830e000.lcdc: [drm] Cannot find any crtc or sizes
[   20.245453] tilcdc 4830e000.lcdc: [drm] Cannot find any crtc or sizes
[   20.996626] PM: Cannot get wkup_m3_ipc handle
[   21.094498] omap-sham 53100000.sham: hw accel on OMAP rev 4.3
[   21.143213] omap-sham 53100000.sham: will run requests pump with realtime priority
[   21.145186] PM: Cannot get wkup_m3_ipc handle
[   21.495046] omap-aes 53500000.aes: OMAP AES hw accel rev: 3.2
[   21.544612] omap-aes 53500000.aes: will run requests pump with realtime priority
[   21.547594] PM: Cannot get wkup_m3_ipc handle
[   24.136627] Bluetooth: Core ver 2.22
[   24.136836] NET: Registered PF_BLUETOOTH protocol family
[   24.136849] Bluetooth: HCI device and connection manager initialized
[   24.136878] Bluetooth: HCI socket layer initialized
[   24.136893] Bluetooth: L2CAP socket layer initialized
[   24.136929] Bluetooth: SCO socket layer initialized
[   24.797042] PM: Cannot get wkup_m3_ipc handle
[   24.798458] asoc-simple-card sound: using DT '/sound' for 'simple-audio-card,hp-det' GPIO lookup
[   24.798521] of_get_named_gpiod_flags: can't parse 'simple-audio-card,hp-det-gpios' property of node '/sound[0]'
[   24.798555] of_get_named_gpiod_flags: can't parse 'simple-audio-card,hp-det-gpio' property of node '/sound[0]'
[   24.798576] asoc-simple-card sound: using lookup tables for GPIO lookup
[   24.798588] asoc-simple-card sound: No GPIO consumer simple-audio-card,hp-det found
[   24.798601] asoc-simple-card sound: using DT '/sound' for 'simple-audio-card,mic-det' GPIO lookup
[   24.798623] of_get_named_gpiod_flags: can't parse 'simple-audio-card,mic-det-gpios' property of node '/sound[0]'
[   24.798645] of_get_named_gpiod_flags: can't parse 'simple-audio-card,mic-det-gpio' property of node '/sound[0]'
[   24.798662] asoc-simple-card sound: using lookup tables for GPIO lookup
[   24.798671] asoc-simple-card sound: No GPIO consumer simple-audio-card,mic-det found
[   24.929245] PM: Cannot get wkup_m3_ipc handle
[   28.641150] userial_init: registered 8 ttyGS* devices
[   28.836932] rndis_register: configNr = 0
[   28.904583] udc musb-hdrc.0: binding gadget driver [g_multi]
[   28.904666] configfs-gadget.g_multi gadget.0: adding 'rndis'/58cfbbae to config 'c'/d05f5e73
[   28.905827] configfs-gadget.g_multi gadget.0: HOST MAC 1c:ba:8c:a2:ed:6c
[   28.905856] configfs-gadget.g_multi gadget.0: MAC 1c:ba:8c:a2:ed:70
[   28.905926] rndis_set_param_medium: 0 0
[   28.905944] configfs-gadget.g_multi gadget.0: RNDIS: IN/ep1in OUT/ep1out NOTIFY/ep2in
[   28.905957] configfs-gadget.g_multi gadget.0: adding 'cdc_ethernet'/a09f1fec to config 'c'/d05f5e73
[   28.906812] configfs-gadget.g_multi gadget.0: HOST MAC 1c:ba:8c:a2:ed:6c
[   28.906834] configfs-gadget.g_multi gadget.0: MAC 1c:ba:8c:a2:ed:6d
[   28.906870] configfs-gadget.g_multi gadget.0: CDC Ethernet: IN/ep3in OUT/ep2out NOTIFY/ep4in
[   28.906884] configfs-gadget.g_multi gadget.0: adding 'acm'/0af2bda7 to config 'c'/d05f5e73
[   28.906919] configfs-gadget.g_multi gadget.0: acm ttyGS0: IN/ep5in OUT/ep3out NOTIFY/ep6in
[   28.907578] PM: Cannot get wkup_m3_ipc handle
[   31.073483] configfs-gadget.g_multi gadget.0: eth_open
[   35.189069] gs_open: ttyGS0 (8869d6c1,41d61f23)
[   35.189217] gs_close: ttyGS0 (8869d6c1,41d61f23) ...
[   35.189237] gs_close: ttyGS0 (8869d6c1,41d61f23) done!
[   35.203847] gs_open: ttyGS0 (848cd688,544f64e4)
[   35.203992] gs_close: ttyGS0 (848cd688,544f64e4) ...
[   35.204012] gs_close: ttyGS0 (848cd688,544f64e4) done!
[   35.359235] gs_open: ttyGS0 (4328894b,f5e28192)
[   35.359477] gs_close: ttyGS0 (4328894b,f5e28192) ...
[   35.359498] gs_close: ttyGS0 (4328894b,f5e28192) done!
[   35.365730] gs_open: ttyGS0 (4328894b,544f64e4)
EMQPKYKYOY 0
root@arm:~# echo 'MXAS''KFUJFJ'
MXASKFUJFJ
root@arm:~# MARKER='LFSG''NZFOHK' run 'modprobe test_linear_ranges'
LFSGNZFOHKLFSGNZFOHK 0
root@arm:~# echo 'OSPJ''VCYNMX'
OSPJVCYNMX
root@arm:~# MARKER='QKQH''JMJEPL' run dmesg
QKQHJMJEPL[    0.000000] Booting Linux on physical CPU 0x0
[    0.000000] Linux version 6.13.0-rc6-next-20250113 (user01@drvtest01) (arm-linux-gnueabihf-gcc (Linaro GCC 6.4-2017.11) 6.4.1 20171012, GNU ld (Linaro_Binutils-2017.11) 2.27.0.20161229) #8 SMP Mon Jan 13 08:00:55 EET 2025
[    0.000000] CPU: ARMv7 Processor [413fc082] revision 2 (ARMv7), cr=10c5387d
[    0.000000] CPU: PIPT / VIPT nonaliasing data cache, VIPT aliasing instruction cache
[    0.000000] OF: fdt: Machine model: TI AM335x BeagleBone Black
[    0.000000] Memory policy: Data cache writeback
[    0.000000] cma: Reserved 16 MiB at 0x9e800000 on node -1
[    0.000000] Zone ranges:
[    0.000000]   Normal   [mem 0x0000000080000000-0x000000009fdfffff]
[    0.000000]   HighMem  empty
[    0.000000] Movable zone start for each node
[    0.000000] Early memory node ranges
[    0.000000]   node   0: [mem 0x0000000080000000-0x000000009fdfffff]
[    0.000000] Initmem setup node 0 [mem 0x0000000080000000-0x000000009fdfffff]
[    0.000000] OF: reserved mem: Reserved memory: No reserved-memory node in the DT
[    0.000000] CPU: All CPU(s) started in SVC mode.
[    0.000000] AM335X ES2.1 (sgx neon)
[    0.000000] percpu: Embedded 17 pages/cpu s39628 r8192 d21812 u69632
[    0.000000] pcpu-alloc: s39628 r8192 d21812 u69632 alloc=17*4096
[    0.000000] pcpu-alloc: [0] 0 
[    0.000000] Kernel command line: console=ttyO0,115200n8 root=/dev/nfs rw nfsroot=192.168.255.126:/home/user01/nfs,nfsvers=3 ip=192.168.255.1:192.168.255.126::255.255.255.0:bbb1:eth0 nfsrootdebug
[    0.000000] Unknown kernel command line parameters "nfsrootdebug", will be passed to user space.
[    0.000000] printk: log buffer data + meta data: 65536 + 204800 = 270336 bytes
[    0.000000] Dentry cache hash table entries: 65536 (order: 6, 262144 bytes, linear)
[    0.000000] Inode-cache hash table entries: 32768 (order: 5, 131072 bytes, linear)
[    0.000000] Built 1 zonelists, mobility grouping on.  Total pages: 130560
[    0.000000] mem auto-init: stack:off, heap alloc:off, heap free:off
[    0.000000] SLUB: HWalign=64, Order=0-3, MinObjects=0, CPUs=1, Nodes=1
[    0.000000] rcu: Hierarchical RCU implementation.
[    0.000000] rcu: 	RCU event tracing is enabled.
[    0.000000] rcu: 	RCU restricting CPUs from NR_CPUS=2 to nr_cpu_ids=1.
[    0.000000] 	Tracing variant of Tasks RCU enabled.
[    0.000000] rcu: RCU calculated value of scheduler-enlistment delay is 10 jiffies.
[    0.000000] rcu: Adjusting geometry for rcu_fanout_leaf=16, nr_cpu_ids=1
[    0.000000] RCU Tasks Trace: Setting shift to 0 and lim to 1 rcu_task_cb_adjust=1 rcu_task_cpu_ids=1.
[    0.000000] NR_IRQS: 16, nr_irqs: 16, preallocated irqs: 16
[    0.000000] IRQ: Found an INTC at 0x(ptrval) (revision 5.0) with 128 interrupts
[    0.000000] rcu: srcu_init: Setting srcu_struct sizes based on contention.
[    0.000000] TI gptimer clocksource: always-on /ocp/interconnect@44c00000/segment@200000/target-module@31000
[    0.000002] sched_clock: 32 bits at 24MHz, resolution 41ns, wraps every 89478484971ns
[    0.000025] clocksource: dmtimer: mask: 0xffffffff max_cycles: 0xffffffff, max_idle_ns: 79635851949 ns
[    0.000517] TI gptimer clockevent: 24000000 Hz at /ocp/interconnect@48000000/segment@0/target-module@40000
[    0.002190] Console: colour dummy device 80x30
[    0.002266] WARNING: Your 'console=ttyO0' has been replaced by 'ttyS0'
[    0.002275] This ensures that you still see kernel messages. Please
[    0.002280] update your kernel commandline.
[    0.002322] Calibrating delay loop... 996.14 BogoMIPS (lpj=4980736)
[    0.090567] CPU: Testing write buffer coherency: ok
[    0.090679] CPU0: Spectre v2: using BPIALL workaround
[    0.090690] pid_max: default: 32768 minimum: 301
[    0.090811] LSM: initializing lsm=capability
[    0.090988] Mount-cache hash table entries: 1024 (order: 0, 4096 bytes, linear)
[    0.091008] Mountpoint-cache hash table entries: 1024 (order: 0, 4096 bytes, linear)
[    0.092679] CPU0: thread -1, cpu 0, socket -1, mpidr 0
[    0.160935] Setting up static identity map for 0x80100000 - 0x80100078
[    0.170721] rcu: Hierarchical SRCU implementation.
[    0.170732] rcu: 	Max phase no-delay instances is 1000.
[    0.190763] smp: Bringing up secondary CPUs ...
[    0.190819] smp: Brought up 1 node, 1 CPU
[    0.190834] SMP: Total of 1 processors activated (996.14 BogoMIPS).
[    0.190844] CPU: All CPU(s) started in SVC mode.
[    0.191019] Memory: 480804K/522240K available (11264K kernel code, 1214K rwdata, 2908K rodata, 1024K init, 297K bss, 23388K reserved, 16384K cma-reserved, 0K highmem)
[    0.191908] devtmpfs: initialized
[    0.209482] VFP support v0.3: implementor 41 architecture 3 part 30 variant c rev 3
[    0.209826] clocksource: jiffies: mask: 0xffffffff max_cycles: 0xffffffff, max_idle_ns: 19112604462750000 ns
[    0.209864] futex hash table entries: 256 (order: 2, 16384 bytes, linear)
[    0.211393] pinctrl core: initialized pinctrl subsystem
[    0.214230] NET: Registered PF_NETLINK/PF_ROUTE protocol family
[    0.217026] DMA: preallocated 256 KiB pool for atomic coherent allocations
[    0.217941] audit: initializing netlink subsys (disabled)
[    0.219392] thermal_sys: Registered thermal governor 'fair_share'
[    0.219410] thermal_sys: Registered thermal governor 'step_wise'
[    0.219420] thermal_sys: Registered thermal governor 'user_space'
[    0.219575] audit: type=2000 audit(0.210:1): state=initialized audit_enabled=0 res=1
[    0.219611] cpuidle: using governor menu
[    0.238215] /ocp/interconnect@44c00000/segment@200000/target-module@b000/i2c@0/tda19988@70: Fixed dependency cycle(s) with /ocp/interconnect@48000000/segment@300000/target-module@e000/lcdc@0
[    0.239370] /ocp/interconnect@48000000/segment@300000/target-module@e000/lcdc@0: Fixed dependency cycle(s) with /ocp/interconnect@44c00000/segment@200000/target-module@b000/i2c@0/tda19988@70
[    0.241750] No ATAGs?
[    0.241769] hw-breakpoint: debug architecture 0x4 unsupported.
[    0.244587] kprobes: kprobe jump-optimization is enabled. All kprobes are optimized if possible.
[    0.254113] iommu: Default domain type: Translated
[    0.254138] iommu: DMA domain TLB invalidation policy: strict mode
[    0.261672] reg-fixed-voltage fixedregulator0: using DT '/fixedregulator0' for '(default)' GPIO lookup
[    0.261729] of_get_named_gpiod_flags: can't parse 'gpios' property of node '/fixedregulator0[0]'
[    0.261760] of_get_named_gpiod_flags: can't parse 'gpio' property of node '/fixedregulator0[0]'
[    0.261779] reg-fixed-voltage fixedregulator0: using lookup tables for GPIO lookup
[    0.261790] reg-fixed-voltage fixedregulator0: No GPIO consumer (default) found
[    0.262860] SCSI subsystem initialized
[    0.263359] libata version 3.00 loaded.
[    0.263734] pps_core: LinuxPPS API ver. 1 registered
[    0.263745] pps_core: Software ver. 5.3.6 - Copyright 2005-2007 Rodolfo Giometti <giometti@linux.it>
[    0.263770] PTP clock support registered
[    0.271360] vgaarb: loaded
[    0.271783] clocksource: Switched to clocksource dmtimer
[    0.272452] VFS: Disk quotas dquot_6.6.0
[    0.272495] VFS: Dquot-cache hash table entries: 1024 (order 0, 4096 bytes)
[    0.297016] NET: Registered PF_INET protocol family
[    0.297374] IP idents hash table entries: 8192 (order: 4, 65536 bytes, linear)
[    0.298802] tcp_listen_portaddr_hash hash table entries: 512 (order: 0, 4096 bytes, linear)
[    0.298839] Table-perturb hash table entries: 65536 (order: 6, 262144 bytes, linear)
[    0.298857] TCP established hash table entries: 4096 (order: 2, 16384 bytes, linear)
[    0.298900] TCP bind hash table entries: 4096 (order: 4, 65536 bytes, linear)
[    0.299001] TCP: Hash tables configured (established 4096 bind 4096)
[    0.299120] UDP hash table entries: 256 (order: 1, 14336 bytes, linear)
[    0.299156] UDP-Lite hash table entries: 256 (order: 1, 14336 bytes, linear)
[    0.299333] NET: Registered PF_UNIX/PF_LOCAL protocol family
[    0.302701] RPC: Registered named UNIX socket transport module.
[    0.302724] RPC: Registered udp transport module.
[    0.302730] RPC: Registered tcp transport module.
[    0.302735] RPC: Registered tcp-with-tls transport module.
[    0.302741] RPC: Registered tcp NFSv4.1 backchannel transport module.
[    0.302767] PCI: CLS 0 bytes, default 64
[    0.304251] Initialise system trusted keyrings
[    0.312092] workingset: timestamp_bits=14 max_order=17 bucket_order=3
[    0.313435] NFS: Registering the id_resolver key type
[    0.313555] Key type id_resolver registered
[    0.313563] Key type id_legacy registered
[    0.313611] jffs2: version 2.2. (NAND) (SUMMARY)  Â© 2001-2006 Red Hat, Inc.
[    0.314017] Key type asymmetric registered
[    0.314035] Asymmetric key parser 'x509' registered
[    0.314100] io scheduler mq-deadline registered
[    0.314112] io scheduler kyber registered
[    0.314182] io scheduler bfq registered
[    0.315808] ledtrig-cpu: registered to indicate activity on CPUs
[    0.322322] Serial: 8250/16550 driver, 6 ports, IRQ sharing enabled
[    0.360978] brd: module loaded
[    0.377834] loop: module loaded
[    0.378765] mtdoops: mtd device (mtddev=name/number) must be supplied
[    0.380537] mdio_bus fixed-0: using lookup tables for GPIO lookup
[    0.380561] mdio_bus fixed-0: No GPIO consumer reset found
[    0.382135] i2c_dev: i2c /dev entries driver
[    0.383138] cpuidle: enable-method property 'ti,am3352' found operations
[    0.383591] sdhci: Secure Digital Host Controller Interface driver
[    0.383601] sdhci: Copyright(c) Pierre Ossman
[    0.383774] sdhci-pltfm: SDHCI platform and OF driver helper
[    0.384798] Initializing XFRM netlink socket
[    0.384949] NET: Registered PF_INET6 protocol family
[    0.393426] Segment Routing with IPv6
[    0.393517] In-situ OAM (IOAM) with IPv6
[    0.393615] sit: IPv6, IPv4 and MPLS over IPv4 tunneling driver
[    0.394591] NET: Registered PF_PACKET protocol family
[    0.394624] NET: Registered PF_KEY protocol family
[    0.394741] Key type dns_resolver registered
[    0.395014] ThumbEE CPU extension supported.
[    0.395034] Registering SWP/SWPB emulation handler
[    0.395576] omap_voltage_late_init: Voltage driver support not added
[    0.395950] SmartReflex Class3 initialized
[    0.436898] Loading compiled-in X.509 certificates
[    0.475644] /ocp/interconnect@44c00000/segment@200000/target-module@b000/i2c@0/tda19988@70: Fixed dependency cycle(s) with /ocp/interconnect@48000000/segment@300000/target-module@e000/lcdc@0
[    0.482256] /ocp/interconnect@44c00000/segment@200000/target-module@b000/i2c@0/tda19988@70: Fixed dependency cycle(s) with /ocp/interconnect@48000000/segment@300000/target-module@e000/lcdc@0
[    0.487840] gpiochip_find_base_unlocked: found new base at 512
[    0.509241] /ocp/interconnect@44c00000/segment@200000/target-module@b000/i2c@0/tda19988@70: Fixed dependency cycle(s) with /ocp/interconnect@48000000/segment@300000/target-module@e000/lcdc@0
[    0.510134] /ocp/interconnect@44c00000/segment@200000/target-module@b000/i2c@0/tda19988@70: Fixed dependency cycle(s) with /ocp/interconnect@48000000/segment@300000/target-module@e000/lcdc@0
[    0.513935] /ocp/interconnect@44c00000/segment@200000/target-module@10000/scm@0/pinmux@800: Fixed dependency cycle(s) with /ocp/interconnect@44c00000/segment@200000/target-module@10000/scm@0/pinmux@800/clkout2-pins
[    0.514534] pinctrl-single 44e10800.pinmux: 142 pins, size 568
[    0.519793] ti-sysc 44e31000.target-module: probe with driver ti-sysc failed with error -16
[    0.546220] /ocp/interconnect@48000000/segment@300000/target-module@e000/lcdc@0: Fixed dependency cycle(s) with /ocp/interconnect@44c00000/segment@200000/target-module@b000/i2c@0/tda19988@70
[    0.554462] ti-sysc 48040000.target-module: probe with driver ti-sysc failed with error -16
[    0.565942] gpiochip_find_base_unlocked: found new base at 512
[    0.566041] gpio gpiochip0: (gpio-0-31): created GPIO range 0->7 ==> 44e10800.pinmux PIN 0->7
[    0.566061] gpio gpiochip0: (gpio-0-31): created GPIO range 8->11 ==> 44e10800.pinmux PIN 90->93
[    0.566076] gpio gpiochip0: (gpio-0-31): created GPIO range 12->27 ==> 44e10800.pinmux PIN 12->27
[    0.566092] gpio gpiochip0: (gpio-0-31): created GPIO range 28->31 ==> 44e10800.pinmux PIN 30->33
[    0.604842] gpio gpiochip0: (gpio-0-31): added GPIO chardev (254:0)
[    0.605001] gpio gpiochip0: registered GPIOs 512 to 543 on gpio-0-31
[    0.605087] OMAP GPIO hardware version 0.1
[    0.646063] i2c i2c-2: using DT '/ocp/interconnect@48000000/segment@100000/target-module@9c000/i2c@0' for 'scl' GPIO lookup
[    0.646139] of_get_named_gpiod_flags: can't parse 'scl-gpios' property of node '/ocp/interconnect@48000000/segment@100000/target-module@9c000/i2c@0[0]'
[    0.646184] of_get_named_gpiod_flags: can't parse 'scl-gpio' property of node '/ocp/interconnect@48000000/segment@100000/target-module@9c000/i2c@0[0]'
[    0.646222] i2c i2c-2: using lookup tables for GPIO lookup
[    0.646233] i2c i2c-2: No GPIO consumer scl found
[    0.646255] i2c i2c-2: using DT '/ocp/interconnect@48000000/segment@100000/target-module@9c000/i2c@0' for 'sda' GPIO lookup
[    0.646293] of_get_named_gpiod_flags: can't parse 'sda-gpios' property of node '/ocp/interconnect@48000000/segment@100000/target-module@9c000/i2c@0[0]'
[    0.646331] of_get_named_gpiod_flags: can't parse 'sda-gpio' property of node '/ocp/interconnect@48000000/segment@100000/target-module@9c000/i2c@0[0]'
[    0.646364] i2c i2c-2: using lookup tables for GPIO lookup
[    0.646372] i2c i2c-2: No GPIO consumer sda found
[    0.647106] omap_i2c 4819c000.i2c: bus 2 rev0.11 at 100 kHz
[    0.652869] gpiochip_find_base_unlocked: found new base at 544
[    0.652970] gpio gpiochip1: (gpio-32-63): created GPIO range 0->17 ==> 44e10800.pinmux PIN 34->51
[    0.652990] gpio gpiochip1: (gpio-32-63): created GPIO range 18->21 ==> 44e10800.pinmux PIN 77->80
[    0.653006] gpio gpiochip1: (gpio-32-63): created GPIO range 22->31 ==> 44e10800.pinmux PIN 56->65
[    0.653998] gpio gpiochip1: (gpio-32-63): added GPIO chardev (254:1)
[    0.654143] gpio gpiochip1: registered GPIOs 544 to 575 on gpio-32-63
[    0.656387] gpiochip_find_base_unlocked: found new base at 576
[    0.656477] gpio gpiochip2: (gpio-64-95): created GPIO range 0->4 ==> 44e10800.pinmux PIN 66->70
[    0.656497] gpio gpiochip2: (gpio-64-95): created GPIO range 5->6 ==> 44e10800.pinmux PIN 98->99
[    0.656513] gpio gpiochip2: (gpio-64-95): created GPIO range 7->8 ==> 44e10800.pinmux PIN 75->76
[    0.656528] gpio gpiochip2: (gpio-64-95): created GPIO range 13->13 ==> 44e10800.pinmux PIN 141->141
[    0.656544] gpio gpiochip2: (gpio-64-95): created GPIO range 14->21 ==> 44e10800.pinmux PIN 100->107
[    0.667302] gpio gpiochip2: (gpio-64-95): added GPIO chardev (254:2)
[    0.667451] gpio gpiochip2: registered GPIOs 576 to 607 on gpio-64-95
[    0.673289] 48000000.interconnect:segment@200000:target-module@0:mpu@0:fck: device ID is greater than 24
[    0.674212] /ocp/interconnect@48000000/segment@300000/target-module@e000/lcdc@0: Fixed dependency cycle(s) with /ocp/interconnect@44c00000/segment@200000/target-module@b000/i2c@0/tda19988@70
[    0.677042] /ocp/interconnect@48000000/segment@300000/target-module@e000/lcdc@0: Fixed dependency cycle(s) with /ocp/interconnect@44c00000/segment@200000/target-module@b000/i2c@0/tda19988@70
[    0.677763] /ocp/interconnect@44c00000/segment@200000/target-module@b000/i2c@0/tda19988@70: Fixed dependency cycle(s) with /ocp/interconnect@48000000/segment@300000/target-module@e000/lcdc@0
[    0.677924] /ocp/interconnect@48000000/segment@300000/target-module@e000/lcdc@0: Fixed dependency cycle(s) with /ocp/interconnect@44c00000/segment@200000/target-module@b000/i2c@0/tda19988@70
[    0.687715] mdio_bus 4a101000.mdio: using DT '/ocp/interconnect@4a000000/segment@0/target-module@100000/switch@0/mdio@1000' for 'reset' GPIO lookup
[    0.687798] of_get_named_gpiod_flags: can't parse 'reset-gpios' property of node '/ocp/interconnect@4a000000/segment@0/target-module@100000/switch@0/mdio@1000[0]'
[    0.687851] of_get_named_gpiod_flags: can't parse 'reset-gpio' property of node '/ocp/interconnect@4a000000/segment@0/target-module@100000/switch@0/mdio@1000[0]'
[    0.687902] mdio_bus 4a101000.mdio: using lookup tables for GPIO lookup
[    0.687912] mdio_bus 4a101000.mdio: No GPIO consumer reset found
[    0.688846] sdhci-omap 481d8000.mmc: using DT '/ocp/interconnect@48000000/segment@100000/target-module@d8000/mmc@0' for 'wp' GPIO lookup
[    0.688905] of_get_named_gpiod_flags: can't parse 'wp-gpios' property of node '/ocp/interconnect@48000000/segment@100000/target-module@d8000/mmc@0[0]'
[    0.688947] of_get_named_gpiod_flags: can't parse 'wp-gpio' property of node '/ocp/interconnect@48000000/segment@100000/target-module@d8000/mmc@0[0]'
[    0.688983] sdhci-omap 481d8000.mmc: using lookup tables for GPIO lookup
[    0.688992] sdhci-omap 481d8000.mmc: No GPIO consumer wp found
[    0.689180] sdhci-omap 481d8000.mmc: supply pbias not found, using dummy regulator
[    0.689685] sdhci-omap 481d8000.mmc: supply vqmmc not found, using dummy regulator
[    0.742695] davinci_mdio 4a101000.mdio: davinci mdio revision 1.6, bus freq 1000000
[    0.776414] mdio_bus 4a101000.mdio:00: using DT '/ocp/interconnect@4a000000/segment@0/target-module@100000/switch@0/mdio@1000/ethernet-phy@0' for 'reset' GPIO lookup
[    0.776522] of_get_named_gpiod_flags: parsed 'reset-gpios' property of node '/ocp/interconnect@4a000000/segment@0/target-module@100000/switch@0/mdio@1000/ethernet-phy@0[0]' - status (0)
[    0.776690] gpio gpiochip0: Persistence not supported for GPIO 8
[    0.911290] davinci_mdio 4a101000.mdio: phy[0]: device 4a101000.mdio:00, driver SMSC LAN8710/LAN8720
[    0.912207] cpsw-switch 4a100000.switch: initialized cpsw ale version 1.4
[    0.912234] cpsw-switch 4a100000.switch: ALE Table size 1024, Policers 0
[    0.912388] cpsw-switch 4a100000.switch: cpts: overflow check period 500 (jiffies)
[    0.912405] cpsw-switch 4a100000.switch: CPTS: ref_clk_freq:250000000 calc_mult:2147483648 calc_shift:29 error:0 nsec/sec
[    0.912513] cpsw-switch 4a100000.switch: Detected MACID = 6c:ec:eb:68:de:78
[    0.914360] cpsw-switch 4a100000.switch: initialized (regs 0x4a100000, pool size 256) hw_ver:0019010C 1.12 (0)
[    0.925444] debugfs: Directory '49000000.dma' with parent 'dmaengine' already present!
[    0.925485] edma 49000000.dma: TI EDMA DMA engine driver
[    0.977576] target-module@4b000000:target-module@140000:pmu@0:fck: device ID is greater than 24
[    0.991355] hw perfevents: enabled with armv7_cortex_a8 PMU driver, 5 (8000000f) counters available
[    0.992425] gpio-clk clk_mcasp0: using DT '/clk_mcasp0' for 'enable' GPIO lookup
[    0.992496] of_get_named_gpiod_flags: parsed 'enable-gpios' property of node '/clk_mcasp0[0]' - status (0)
[    0.992538] gpio gpiochip0: Persistence not supported for GPIO 27
[    0.993338] gpiochip_find_base_unlocked: found new base at 608
[    0.993448] gpio gpiochip3: (gpio-96-127): created GPIO range 0->7 ==> 44e10800.pinmux PIN 82->89
[    0.993469] gpio gpiochip3: (gpio-96-127): created GPIO range 8->11 ==> 44e10800.pinmux PIN 52->55
[    0.993485] gpio gpiochip3: (gpio-96-127): created GPIO range 12->15 ==> 44e10800.pinmux PIN 94->97
[    0.993501] gpio gpiochip3: (gpio-96-127): created GPIO range 16->17 ==> 44e10800.pinmux PIN 71->72
[    0.993517] gpio gpiochip3: (gpio-96-127): created GPIO range 18->18 ==> 44e10800.pinmux PIN 135->135
[    0.993533] gpio gpiochip3: (gpio-96-127): created GPIO range 19->20 ==> 44e10800.pinmux PIN 108->109
[    0.993550] gpio gpiochip3: (gpio-96-127): created GPIO range 21->21 ==> 44e10800.pinmux PIN 73->73
[    0.993568] gpio gpiochip3: (gpio-96-127): created GPIO range 22->23 ==> 44e10800.pinmux PIN 8->9
[    0.993585] gpio gpiochip3: (gpio-96-127): created GPIO range 26->27 ==> 44e10800.pinmux PIN 10->11
[    0.993603] gpio gpiochip3: (gpio-96-127): created GPIO range 28->28 ==> 44e10800.pinmux PIN 74->74
[    0.993621] gpio gpiochip3: (gpio-96-127): created GPIO range 29->29 ==> 44e10800.pinmux PIN 81->81
[    0.993640] gpio gpiochip3: (gpio-96-127): created GPIO range 30->31 ==> 44e10800.pinmux PIN 28->29
[    0.999227] l3-aon-clkctrl:0000:0: failed to disable
[    1.008342] gpio gpiochip3: (gpio-96-127): added GPIO chardev (254:3)
[    1.008503] gpio gpiochip3: registered GPIOs 608 to 639 on gpio-96-127
[    1.010434] omap8250 44e09000.serial: using DT '/ocp/interconnect@44c00000/segment@200000/target-module@9000/serial@0' for 'rs485-term' GPIO lookup
[    1.010504] of_get_named_gpiod_flags: can't parse 'rs485-term-gpios' property of node '/ocp/interconnect@44c00000/segment@200000/target-module@9000/serial@0[0]'
[    1.010551] of_get_named_gpiod_flags: can't parse 'rs485-term-gpio' property of node '/ocp/interconnect@44c00000/segment@200000/target-module@9000/serial@0[0]'
[    1.010589] omap8250 44e09000.serial: using lookup tables for GPIO lookup
[    1.010600] omap8250 44e09000.serial: No GPIO consumer rs485-term found
[    1.010611] omap8250 44e09000.serial: using DT '/ocp/interconnect@44c00000/segment@200000/target-module@9000/serial@0' for 'rs485-rx-during-tx' GPIO lookup
[    1.010648] of_get_named_gpiod_flags: can't parse 'rs485-rx-during-tx-gpios' property of node '/ocp/interconnect@44c00000/segment@200000/target-module@9000/serial@0[0]'
[    1.010687] of_get_named_gpiod_flags: can't parse 'rs485-rx-during-tx-gpio' property of node '/ocp/interconnect@44c00000/segment@200000/target-module@9000/serial@0[0]'
[    1.010720] omap8250 44e09000.serial: using lookup tables for GPIO lookup
[    1.010728] omap8250 44e09000.serial: No GPIO consumer rs485-rx-during-tx found
[    1.011093] 44e09000.serial: ttyS0 at MMIO 0x44e09000 (irq = 34, base_baud = 3000000) is a 8250
[    1.011188] printk: console [ttyS0] enabled
[    2.476388] i2c i2c-0: using DT '/ocp/interconnect@44c00000/segment@200000/target-module@b000/i2c@0' for 'scl' GPIO lookup
[    2.476468] of_get_named_gpiod_flags: can't parse 'scl-gpios' property of node '/ocp/interconnect@44c00000/segment@200000/target-module@b000/i2c@0[0]'
[    2.476513] of_get_named_gpiod_flags: can't parse 'scl-gpio' property of node '/ocp/interconnect@44c00000/segment@200000/target-module@b000/i2c@0[0]'
[    2.476552] i2c i2c-0: using lookup tables for GPIO lookup
[    2.476562] i2c i2c-0: No GPIO consumer scl found
[    2.476585] i2c i2c-0: using DT '/ocp/interconnect@44c00000/segment@200000/target-module@b000/i2c@0' for 'sda' GPIO lookup
[    2.476623] of_get_named_gpiod_flags: can't parse 'sda-gpios' property of node '/ocp/interconnect@44c00000/segment@200000/target-module@b000/i2c@0[0]'
[    2.476662] of_get_named_gpiod_flags: can't parse 'sda-gpio' property of node '/ocp/interconnect@44c00000/segment@200000/target-module@b000/i2c@0[0]'
[    2.476696] i2c i2c-0: using lookup tables for GPIO lookup
[    2.476704] i2c i2c-0: No GPIO consumer sda found
[    2.492809] tps65217-pmic: Failed to locate of_node [id: -1]
[    2.493173] tps65217-bl: Failed to locate of_node [id: -1]
[    2.498932] tps65217 0-0024: TPS65217 ID 0xe version 1.2
[    2.499578] /ocp/interconnect@48000000/segment@300000/target-module@e000/lcdc@0: Fixed dependency cycle(s) with /ocp/interconnect@44c00000/segment@200000/target-module@b000/i2c@0/tda19988@70
[    2.499819] /ocp/interconnect@44c00000/segment@200000/target-module@b000/i2c@0/tda19988@70: Fixed dependency cycle(s) with /ocp/interconnect@48000000/segment@300000/target-module@e000/lcdc@0
[    2.500105] omap_i2c 44e0b000.i2c: bus 0 rev0.11 at 400 kHz
[    2.502311] sdhci-omap 48060000.mmc: using DT '/ocp/interconnect@48000000/segment@0/target-module@60000/mmc@0' for 'cd' GPIO lookup
[    2.502419] of_get_named_gpiod_flags: parsed 'cd-gpios' property of node '/ocp/interconnect@48000000/segment@0/target-module@60000/mmc@0[0]' - status (0)
[    2.502484] gpio gpiochip3: Persistence not supported for GPIO 6
[    2.502506] omap_gpio 44e07000.gpio: Could not set line 6 debounce to 200000 microseconds (-22)
[    2.502520] sdhci-omap 48060000.mmc: Got CD GPIO
[    2.502529] sdhci-omap 48060000.mmc: using DT '/ocp/interconnect@48000000/segment@0/target-module@60000/mmc@0' for 'wp' GPIO lookup
[    2.502573] of_get_named_gpiod_flags: can't parse 'wp-gpios' property of node '/ocp/interconnect@48000000/segment@0/target-module@60000/mmc@0[0]'
[    2.502615] of_get_named_gpiod_flags: can't parse 'wp-gpio' property of node '/ocp/interconnect@48000000/segment@0/target-module@60000/mmc@0[0]'
[    2.502652] sdhci-omap 48060000.mmc: using lookup tables for GPIO lookup
[    2.502663] sdhci-omap 48060000.mmc: No GPIO consumer wp found
[    2.502864] sdhci-omap 48060000.mmc: supply pbias not found, using dummy regulator
[    2.504037] sdhci-omap 481d8000.mmc: using DT '/ocp/interconnect@48000000/segment@100000/target-module@d8000/mmc@0' for 'wp' GPIO lookup
[    2.504105] of_get_named_gpiod_flags: can't parse 'wp-gpios' property of node '/ocp/interconnect@48000000/segment@100000/target-module@d8000/mmc@0[0]'
[    2.504151] of_get_named_gpiod_flags: can't parse 'wp-gpio' property of node '/ocp/interconnect@48000000/segment@100000/target-module@d8000/mmc@0[0]'
[    2.504187] sdhci-omap 481d8000.mmc: using lookup tables for GPIO lookup
[    2.504197] sdhci-omap 481d8000.mmc: No GPIO consumer wp found
[    2.504703] sdhci-omap 48060000.mmc: supply vqmmc not found, using dummy regulator
[    2.505943] sdhci-omap 481d8000.mmc: supply pbias not found, using dummy regulator
[    2.506374] sdhci-omap 481d8000.mmc: supply vqmmc not found, using dummy regulator
[    2.634688] mmc1: SDHCI controller on 481d8000.mmc [481d8000.mmc] using External DMA
[    2.635945] mmc0: SDHCI controller on 48060000.mmc [48060000.mmc] using External DMA
[    2.636953] cpsw-switch 4a100000.switch: starting ndev. mode: dual_mac
[    2.700884] mmc0: new high speed SDHC card at address 5048
[    2.708137] mmcblk0: mmc0:5048 SD16G 14.4 GiB
[    2.716424]  mmcblk0: p1 p2
[    2.717146] mmcblk0: p2 size 31221760 extends beyond EOD, truncated
[    2.721246] mmc1: new high speed MMC card at address 0001
[    2.737712] mmcblk1: mmc1:0001 MMC04G 3.60 GiB
[    2.740179] SMSC LAN8710/LAN8720 4a101000.mdio:00: attached PHY driver (mii_bus:phy_addr=4a101000.mdio:00, irq=POLL)
[    2.761827]  mmcblk1: p1 p2
[    2.763315] mmcblk1boot0: mmc1:0001 MMC04G 2.00 MiB
[    2.765430] mmcblk1boot1: mmc1:0001 MMC04G 2.00 MiB
[    2.767431] mmcblk1rpmb: mmc1:0001 MMC04G 128 KiB, chardev (250:0)
[    5.922572] cpsw-switch 4a100000.switch eth0: Link is Up - 100Mbps/Full - flow control off
[    5.961877] IP-Config: Complete:
[    5.961899]      device=eth0, hwaddr=6c:ec:eb:68:de:78, ipaddr=192.168.255.1, mask=255.255.255.0, gw=255.255.255.255
[    5.961924]      host=bbb1, domain=, nis-domain=(none)
[    5.961932]      bootserver=192.168.255.126, rootserver=192.168.255.126, rootpath=
[    5.962364] clk: Disabling unused clocks
[    5.962572] PM: genpd: Disabling unused power domains
[    5.962614] KTAP version 1
[    5.962619] 1..0
[    6.024730] VFS: Mounted root (nfs filesystem) on device 0:17.
[    6.025662] devtmpfs: mounted
[    6.027366] Freeing unused kernel image (initmem) memory: 1024K
[    6.028030] Run /sbin/init as init process
[    6.028044]   with arguments:
[    6.028054]     /sbin/init
[    6.028060]     nfsrootdebug
[    6.028066]   with environment:
[    6.028072]     HOME=/
[    6.028078]     TERM=linux
[    6.758992] systemd[1]: System time before build time, advancing clock.
[    8.241802] random: crng init done
