Labgrid Console Logfile for main
Logfile started at 2024-10-29 08:26:51.737549
=== Log starts here ===

U-Boot SPL 2014.04-00014-g47880f5 (Apr 22 2014 - 13:23:54)
reading args
spl_load_image_fat_os: error reading image args, err - -1
reading u-boot.img
reading u-boot.img


U-Boot 2014.04-00014-g47880f5 (Apr 22 2014 - 13:23:54)

I2C:   ready
DRAM:  512 MiB
NAND:  0 MiB
MMC:   OMAP SD/MMC: 0, OMAP SD/MMC: 1
*** Warning - readenv() failed, using default environment

Net:   <ethaddr> not set. Validating first E-fuse MAC
cpsw, usb_ether
Hit any key to stop autoboot:  1  0 
gpio: pin 53 (gpio 53) value is 1
mmc0 is current device
gpio: pin 54 (gpio 54) value is 1
SD/MMC found on device 0
reading uEnv.txt
569 bytes read in 3 ms (184.6 KiB/s)
gpio: pin 55 (gpio 55) value is 1
Loaded environment from uEnv.txt
Importing environment from mmc ...
Checking if uenvcmd is set ...
gpio: pin 56 (gpio 56) value is 1
Running uenvcmd ...
cpsw Waiting for PHY auto negotiation to complete. done
link up on port 0, speed 100, full duplex
Using cpsw device
TFTP from server 192.168.255.126; our IP address is 192.168.255.1
Filename 'zImage'.
Load address: 0x81000000
Loading: *#################################################################
	 #################################################################
	 #################################################################
	 #################################################################
	 #################################################################
	 ####################################################
	 2.4 MiB/s
done
Bytes transferred = 5522736 (544530 hex)
link up on port 0, speed 100, full duplex
Using cpsw device
TFTP from server 192.168.255.126; our IP address is 192.168.255.1
Filename 'am335x-boneblack.dtb'.
Load address: 0x82000000
Loading: *#######
	 2.2 MiB/s
done
Bytes transferred = 98244 (17fc4 hex)
Kernel image @ 0x81000000 [ 0x000000 - 0x544530 ]
## Flattened Device Tree blob at 82000000
   Booting using the fdt blob at 0x82000000
   Using Device Tree in place at 82000000, end 8201afc3

Starting kernel ...

[    0.000000] Booting Linux on physical CPU 0x0
[    0.000000] Linux version 6.12.0-rc5-next-20241029 (user01@drvtest01) (arm-linux-gnueabihf-gcc (Linaro GCC 6.4-2017.11) 6.4.1 20171012, GNU ld (Linaro_Binutils-2017.11) 2.27.0.20161229) #125 SMP Tue Oct 29 08:26:20 EET 2024
[    0.000000] CPU: ARMv7 Processor [413fc082] revision 2 (ARMv7), cr=10c5387d
[    0.000000] CPU: PIPT / VIPT nonaliasing data cache, VIPT aliasing instruction cache
[    0.000000] OF: fdt: Machine model: TI AM335x BeagleBone Black
[    0.000000] Memory policy: Data cache writeback
[    0.000000] cma: Reserved 16 MiB at 0x9e800000 on node -1
[    0.000000] Zone ranges:
[    0.000000]   Normal   [mem 0x0000000080000000-0x000000009fdfffff]
[    0.000000]   HighMem  empty
[    0.000000] Movable zone start for each node
[    0.000000] Early memory node ranges
[    0.000000]   node   0: [mem 0x0000000080000000-0x000000009fdfffff]
[    0.000000] Initmem setup node 0 [mem 0x0000000080000000-0x000000009fdfffff]
[    0.000000] OF: reserved mem: Reserved memory: No reserved-memory node in the DT
[    0.000000] CPU: All CPU(s) started in SVC mode.
[    0.000000] AM335X ES2.1 (sgx neon)
[    0.000000] percpu: Embedded 17 pages/cpu s39756 r8192 d21684 u69632
[    0.000000] Kernel command line: console=ttyO0,115200n8 root=/dev/nfs rw nfsroot=192.168.255.126:/home/user01/nfs,nfsvers=3 ip=192.168.255.1:192.168.255.126::255.255.255.0:bbb1:eth0 nfsrootdebug
[    0.000000] Unknown kernel command line parameters "nfsrootdebug", will be passed to user space.
[    0.000000] printk: log buffer data + meta data: 65536 + 204800 = 270336 bytes
[    0.000000] Dentry cache hash table entries: 65536 (order: 6, 262144 bytes, linear)
[    0.000000] Inode-cache hash table entries: 32768 (order: 5, 131072 bytes, linear)
[    0.000000] Built 1 zonelists, mobility grouping on.  Total pages: 130560
[    0.000000] mem auto-init: stack:off, heap alloc:off, heap free:off
[    0.000000] SLUB: HWalign=64, Order=0-3, MinObjects=0, CPUs=1, Nodes=1
[    0.000000] trace event string verifier disabled
[    0.000000] rcu: Hierarchical RCU implementation.
[    0.000000] rcu: 	RCU event tracing is enabled.
[    0.000000] rcu: 	RCU restricting CPUs from NR_CPUS=2 to nr_cpu_ids=1.
[    0.000000] 	Tracing variant of Tasks RCU enabled.
[    0.000000] rcu: RCU calculated value of scheduler-enlistment delay is 10 jiffies.
[    0.000000] rcu: Adjusting geometry for rcu_fanout_leaf=16, nr_cpu_ids=1
[    0.000000] RCU Tasks Trace: Setting shift to 0 and lim to 1 rcu_task_cb_adjust=1 rcu_task_cpu_ids=1.
[    0.000000] NR_IRQS: 16, nr_irqs: 16, preallocated irqs: 16
[    0.000000] IRQ: Found an INTC at 0x(ptrval) (revision 5.0) with 128 interrupts
[    0.000000] rcu: srcu_init: Setting srcu_struct sizes based on contention.
[    0.000000] TI gptimer clocksource: always-on /ocp/interconnect@44c00000/segment@200000/target-module@31000
[    0.000003] sched_clock: 32 bits at 24MHz, resolution 41ns, wraps every 89478484971ns
[    0.000026] clocksource: dmtimer: mask: 0xffffffff max_cycles: 0xffffffff, max_idle_ns: 79635851949 ns
[    0.000503] TI gptimer clockevent: 24000000 Hz at /ocp/interconnect@48000000/segment@0/target-module@40000
[    0.002157] Console: colour dummy device 80x30
[    0.002220] WARNING: Your 'console=ttyO0' has been replaced by 'ttyS0'
[    0.002230] This ensures that you still see kernel messages. Please
[    0.002234] update your kernel commandline.
[    0.002275] Calibrating delay loop... 996.14 BogoMIPS (lpj=4980736)
[    0.090553] CPU: Testing write buffer coherency: ok
[    0.090673] CPU0: Spectre v2: using BPIALL workaround
[    0.090684] pid_max: default: 32768 minimum: 301
[    0.090814] LSM: initializing lsm=capability
[    0.090996] Mount-cache hash table entries: 1024 (order: 0, 4096 bytes, linear)
[    0.091017] Mountpoint-cache hash table entries: 1024 (order: 0, 4096 bytes, linear)
[    0.092661] CPU0: thread -1, cpu 0, socket -1, mpidr 0
[    0.160942] Setting up static identity map for 0x80100000 - 0x80100078
[    0.170711] rcu: Hierarchical SRCU implementation.
[    0.170723] rcu: 	Max phase no-delay instances is 1000.
[    0.190774] smp: Bringing up secondary CPUs ...
[    0.190834] smp: Brought up 1 node, 1 CPU
[    0.190849] SMP: Total of 1 processors activated (996.14 BogoMIPS).
[    0.190861] CPU: All CPU(s) started in SVC mode.
[    0.191058] Memory: 480868K/522240K available (11264K kernel code, 1208K rwdata, 2892K rodata, 1024K init, 298K bss, 23360K reserved, 16384K cma-reserved, 0K highmem)
[    0.191921] devtmpfs: initialized
[    0.208902] VFP support v0.3: implementor 41 architecture 3 part 30 variant c rev 3
[    0.209255] clocksource: jiffies: mask: 0xffffffff max_cycles: 0xffffffff, max_idle_ns: 19112604462750000 ns
[    0.209290] futex hash table entries: 256 (order: 2, 16384 bytes, linear)
[    0.210531] pinctrl core: initialized pinctrl subsystem
[    0.213557] NET: Registered PF_NETLINK/PF_ROUTE protocol family
[    0.216411] DMA: preallocated 256 KiB pool for atomic coherent allocations
[    0.217336] audit: initializing netlink subsys (disabled)
[    0.218779] thermal_sys: Registered thermal governor 'fair_share'
[    0.218796] thermal_sys: Registered thermal governor 'step_wise'
[    0.218807] thermal_sys: Registered thermal governor 'user_space'
[    0.218962] audit: type=2000 audit(0.210:1): state=initialized audit_enabled=0 res=1
[    0.219001] cpuidle: using governor menu
[    0.238173] No ATAGs?
[    0.238199] hw-breakpoint: debug architecture 0x4 unsupported.
[    0.241074] kprobes: kprobe jump-optimization is enabled. All kprobes are optimized if possible.
[    0.254055] iommu: Default domain type: Translated
[    0.254079] iommu: DMA domain TLB invalidation policy: strict mode
[    0.261658] SCSI subsystem initialized
[    0.262515] pps_core: LinuxPPS API ver. 1 registered
[    0.262526] pps_core: Software ver. 5.3.6 - Copyright 2005-2007 Rodolfo Giometti <giometti@linux.it>
[    0.262551] PTP clock support registered
[    0.271001] vgaarb: loaded
[    0.271417] clocksource: Switched to clocksource dmtimer
[    0.272080] VFS: Disk quotas dquot_6.6.0
[    0.272123] VFS: Dquot-cache hash table entries: 1024 (order 0, 4096 bytes)
[    0.297336] NET: Registered PF_INET protocol family
[    0.297690] IP idents hash table entries: 8192 (order: 4, 65536 bytes, linear)
[    0.299085] tcp_listen_portaddr_hash hash table entries: 512 (order: 0, 4096 bytes, linear)
[    0.299123] Table-perturb hash table entries: 65536 (order: 6, 262144 bytes, linear)
[    0.299145] TCP established hash table entries: 4096 (order: 2, 16384 bytes, linear)
[    0.299189] TCP bind hash table entries: 4096 (order: 4, 65536 bytes, linear)
[    0.299289] TCP: Hash tables configured (established 4096 bind 4096)
[    0.299410] UDP hash table entries: 256 (order: 1, 8192 bytes, linear)
[    0.299440] UDP-Lite hash table entries: 256 (order: 1, 8192 bytes, linear)
[    0.299618] NET: Registered PF_UNIX/PF_LOCAL protocol family
[    0.312277] RPC: Registered named UNIX socket transport module.
[    0.312302] RPC: Registered udp transport module.
[    0.312308] RPC: Registered tcp transport module.
[    0.312313] RPC: Registered tcp-with-tls transport module.
[    0.312319] RPC: Registered tcp NFSv4.1 backchannel transport module.
[    0.312344] PCI: CLS 0 bytes, default 64
[    0.313836] Initialise system trusted keyrings
[    0.314643] workingset: timestamp_bits=14 max_order=17 bucket_order=3
[    0.316325] NFS: Registering the id_resolver key type
[    0.316405] Key type id_resolver registered
[    0.316415] Key type id_legacy registered
[    0.316465] jffs2: version 2.2. (NAND) (SUMMARY)  Â© 2001-2006 Red Hat, Inc.
[    0.316870] Key type asymmetric registered
[    0.316885] Asymmetric key parser 'x509' registered
[    0.316954] io scheduler mq-deadline registered
[    0.316966] io scheduler kyber registered
[    0.317036] io scheduler bfq registered
[    0.318694] ledtrig-cpu: registered to indicate activity on CPUs
[    0.332151] Serial: 8250/16550 driver, 6 ports, IRQ sharing enabled
[    0.372183] brd: module loaded
[    0.392970] loop: module loaded
[    0.393892] mtdoops: mtd device (mtddev=name/number) must be supplied
[    0.396999] i2c_dev: i2c /dev entries driver
[    0.397993] cpuidle: enable-method property 'ti,am3352' found operations
[    0.398439] sdhci: Secure Digital Host Controller Interface driver
[    0.398449] sdhci: Copyright(c) Pierre Ossman
[    0.398621] sdhci-pltfm: SDHCI platform and OF driver helper
[    0.399636] Initializing XFRM netlink socket
[    0.399788] NET: Registered PF_INET6 protocol family
[    0.401996] Segment Routing with IPv6
[    0.402089] In-situ OAM (IOAM) with IPv6
[    0.402189] sit: IPv6, IPv4 and MPLS over IPv4 tunneling driver
[    0.403152] NET: Registered PF_PACKET protocol family
[    0.403189] NET: Registered PF_KEY protocol family
[    0.403325] Key type dns_resolver registered
[    0.403603] ThumbEE CPU extension supported.
[    0.403624] Registering SWP/SWPB emulation handler
[    0.404156] omap_voltage_late_init: Voltage driver support not added
[    0.404505] SmartReflex Class3 initialized
[    0.439325] Loading compiled-in X.509 certificates
[    0.513729] platform 44e10800.pinmux: Fixed dependency cycle(s) with /ocp/interconnect@44c00000/segment@200000/target-module@10000/scm@0/pinmux@800/clkout2-pins
[    0.514284] pinctrl-single 44e10800.pinmux: 142 pins, size 568
[    0.519284] ti-sysc 44e31000.target-module: probe with driver ti-sysc failed with error -16
[    0.566747] ti-sysc 48040000.target-module: probe with driver ti-sysc failed with error -16
[    0.593096] OMAP GPIO hardware version 0.1
[    0.633220] omap_i2c 4819c000.i2c: bus 2 rev0.11 at 100 kHz
[    0.673047] 48000000.interconnect:segment@200000:target-module@0:mpu@0:fck: device ID is greater than 24
[    0.677170] platform 4830e000.lcdc: Fixed dependency cycle(s) with /ocp/interconnect@44c00000/segment@200000/target-module@b000/i2c@0/tda19988@70
[    0.688396] sdhci-omap 481d8000.mmc: supply pbias not found, using dummy regulator
[    0.688905] sdhci-omap 481d8000.mmc: supply vqmmc not found, using dummy regulator
[    0.736690] davinci_mdio 4a101000.mdio: davinci mdio revision 1.6, bus freq 1000000
[    0.851253] davinci_mdio 4a101000.mdio: phy[0]: device 4a101000.mdio:00, driver SMSC LAN8710/LAN8720
[    0.852143] cpsw-switch 4a100000.switch: initialized cpsw ale version 1.4
[    0.852166] cpsw-switch 4a100000.switch: ALE Table size 1024, Policers 0
[    0.869280] cpsw-switch 4a100000.switch: cpts: overflow check period 500 (jiffies)
[    0.869308] cpsw-switch 4a100000.switch: CPTS: ref_clk_freq:250000000 calc_mult:2147483648 calc_shift:29 error:0 nsec/sec
[    0.869420] cpsw-switch 4a100000.switch: Detected MACID = 6c:ec:eb:68:de:78
[    0.871243] cpsw-switch 4a100000.switch: initialized (regs 0x4a100000, pool size 256) hw_ver:0019010C 1.12 (0)
[    0.882394] debugfs: Directory '49000000.dma' with parent 'dmaengine' already present!
[    0.882435] edma 49000000.dma: TI EDMA DMA engine driver
[    0.930753] target-module@4b000000:target-module@140000:pmu@0:fck: device ID is greater than 24
[    0.934943] hw perfevents: enabled with armv7_cortex_a8 PMU driver, 5 (8000000f) counters available
[    0.942691] l3-aon-clkctrl:0000:0: failed to disable
[    0.955388] 44e09000.serial: ttyS0 at MMIO 0x44e09000 (irq = 34, base_baud = 3000000) is a 8250
[    0.955473] printk: legacy console [ttyS0] enabled
[    2.302428] tps65217-pmic: Failed to locate of_node [id: -1]
[    2.308515] tps65217-bl: Failed to locate of_node [id: -1]
[    2.319999] tps65217 0-0024: TPS65217 ID 0xe version 1.2
[    2.326149] platform 4830e000.lcdc: Fixed dependency cycle(s) with /ocp/interconnect@44c00000/segment@200000/target-module@b000/i2c@0/tda19988@70
[    2.339586] i2c 0-0070: Fixed dependency cycle(s) with /ocp/interconnect@48000000/segment@300000/target-module@e000/lcdc@0
[    2.350993] omap_i2c 44e0b000.i2c: bus 0 rev0.11 at 400 kHz
[    2.358820] omap_gpio 44e07000.gpio: Could not set line 6 debounce to 200000 microseconds (-22)
[    2.367701] sdhci-omap 48060000.mmc: Got CD GPIO
[    2.372746] sdhci-omap 48060000.mmc: supply pbias not found, using dummy regulator
[    2.383166] sdhci-omap 48060000.mmc: supply vqmmc not found, using dummy regulator
[    2.392304] sdhci-omap 481d8000.mmc: supply pbias not found, using dummy regulator
[    2.400308] sdhci-omap 481d8000.mmc: supply vqmmc not found, using dummy regulator
[    2.437674] mmc 1: SDHCI controller on 481d8000.mmc [481d8000.mmc] using Exter nal DMA
[    2.446191] mmc0: SDHCI controller on 48060000.mmc  [48060000.mmc] using External DMA
[    2.455038] cpsw-switch  4a100000.switch: starting ndev. mode: dual_mac
[    2.500657 ] mmc0: 
[    5.682187] cpsw-switch 4a100000.switch eth0: Link is Up - 100Mbps/Full - flow control off
[    5.711433] IP-Config: Complete:
[    5.714707]      device=eth0, hwaddr=6c:ec:eb:68:de:78, ipaddr=192.168.255.1, mask=255.255.255.0, gw=255.255.255.255
[    5.725351]      host=bbb1, domain=, nis-domain=(none)
[    5.730519]      bootserver=192.168.255.126, rootserver=192.168.255.126, rootpath=
[    5.730933] clk: Disabling unused clocks
[    5.742797] PM: genpd: Disabling unused power domains
[    5.747915] KTAP version 1
[    5.750636] 1..0
[    5.782773] VFS: Mounted root (nfs filesystem) on device 0:17.
[    5.789597] devtmpfs: mounted
[    5.794520] Freeing unused kernel image (initmem) memory: 1024K
[    5.801155] Run /sbin/init as init process
[    6.512341] systemd[1]: System time before build time, advancing clock.
[    7.991438] random: crng init done
[    8.032994] systemd[1]: systemd 232 running in system mode. (+PAM +AUDIT +SELINUX +IMA +APPARMOR +SMACK +SYSVINIT +UTMP +LIBCRYPTSETUP +GCRYPT +GNUTLS +ACL +XZ +LZ4 +SECCOMP +BLKID +ELFUTILS +KMOD +IDN)
[    8.052181] systemd[1]: Detected architecture arm.

Welcome to [1mDebian GNU/Linux 9 (stretch)[0m!

[    8.088784] systemd[1]: Set hostname to <arm>.
[    9.240459] systemd[1]: Listening on Journal Socket.
[[0;32m  OK  [0m] Listening on Journal Socket.
[    9.262438] systemd[1]: Started Dispatch Password Requests to Console Directory Watch.
[[0;32m  OK  [0m] Started Dispatch Password Requests to Console Directory Watch.
[    9.293235] systemd[1]: Set up automount Arbitrary Executable File Formats File System Automount Point.
[[0;32m  OK  [0m] Set up automount Arbitrary Executabâ€¦rmats File System Automount Point.
[    9.323561] systemd[1]: Listening on udev Control Socket.
[[0;32m  OK  [0m] Listening on udev Control Socket.
[    9.353008] systemd[1]: Created slice User and Session Slice.
[[0;32m  OK  [0m] Created slice User and Session Slice.
[    9.382765] systemd[1]: Created slice System Slice.
[[0;32m  OK  [0m] Created slice System Slice.
[    9.412850] systemd[1]: Created slice system-serial\x2dgetty.slice.
[[0;32m  OK  [0m] Created slice system-serial\x2dgetty.slice.
         Starting Load Kernel Modules...
         Starting Create list of required stâ€¦ce nodes for the current kernel...
[[0;32m  OK  [0m] Reached target Swap.
[[0;32m  OK  [0m] Listening on /dev/initctl Compatibility Named Pipe.
[[0;32m  OK  [0m] Reached target Remote File Systems.
[[0;32m  OK  [0m] Started Forward Password Requests to Wall Directory Watch.
[[0;32m  OK  [0m] Reached target Encrypted Volumes.
[[0;32m  OK  [0m] Listening on udev Kernel Socket.
[[0;32m  OK  [0m] Reached target Paths.
         Starting Remount Root and Kernel File Systems...
[[0;32m  OK  [0m] Listening on Journal Socket (/dev/log).
[[0;32m  OK  [0m] Listening on Syslog Socket.
         Mounting POSIX Message Queue File System...
[[0;32m  OK  [0m] Reached target Slices.
         Mounting Debug File System...
[[0;32m  OK  [0m] Listening on Journal Audit Socket.
         Starting Journal Service...
[[0;32m  OK  [0m] Created slice system-getty.slice.
[[0;32m  OK  [0m] Started Load Kernel Modules.
[[0;32m  OK  [0m] Started Create list of required staâ€¦vice nodes for the current kernel.
[[0;32m  OK  [0m] Started Remount Root and Kernel File Systems.
[[0;32m  OK  [0m] Mounted POSIX Message Queue File System.
[[0;32m  OK  [0m] Mounted Debug File System.
         Starting udev Coldplug all Devices...
         Starting Load/Save Random Seed...
         Starting Create Static Device Nodes in /dev...
         Mounting Configuration File System...
         Starting Apply Kernel Variables...
[[0;32m  OK  [0m] Mounted Configuration File System.
[[0;32m  OK  [0m] Started Load/Save Random Seed.
[[0;32m  OK  [0m] Started Apply Kernel Variables.
[[0;32m  OK  [0m] Started Create Static Device Nodes in /dev.
         Starting udev Kernel Device Manager...
[[0;32m  OK  [0m] Reached target Local File Systems (Pre).
[[0;32m  OK  [0m] Reached target Local File Systems.
         Starting Raise network interfaces...
[[0;32m  OK  [0m] Started Journal Service.
         Starting Flush Journal to Persistent Storage...
[   11.649215] systemd-journald[90]: Received request to flush runtime journal from PID 1
[[0;32m  OK  [0m] Started Flush Journal to Persistent Storage.
         Starting Create Volatile Files and Directories...
[[0;32m  OK  [0m] Started udev Kernel Device Manager.
[[0;32m  OK  [0m] Started Create Volatile Files and Directories.
         Starting Network Time Synchronization...
         Starting Update UTMP about System Boot/Shutdown...
[[0;32m  OK  [0m] Started udev Coldplug all Devices.
[   14.576017] remoteproc remoteproc0: wkup_m3 is available
[[0;32m  OK  [0m] Started Update UTMP about System Boot/Shutdown.
[   14.698308] at24 2-0054: supply vcc not found, using dummy regulator
[   14.849051] at24 2-0055: supply vcc not found, using dummy regulator
[   14.952080] at24 2-0056: supply vcc not found, using dummy regulator
[   15.034631] at24 2-0057: supply vcc not found, using dummy regulator
[   15.083011] tps6521x_pwrbutton tps65217-pwrbutton: DMA mask not set
[[0;32m  OK  [0m] Found device /dev/ttyS0.
[   15.172849] input: tps65217_pwrbutton as /devices/platform/ocp/44c00000.interconnect/44c00000.interconnect:segment@200000/44e0b000.target-module/44e0b000.i2c/i2c-0/0-0024/tps65217-pwrbutton/input/input0
[   15.200378] at24 0-0050: 32768 byte 24c256 EEPROM, writable, 1 bytes/write
[   15.248328] wkup_m3_ipc 44e11324.wkup_m3_ipc: IPC Request for A8->M3 Channel failed! -517
[   15.336314] wkup_m3_ipc 44e11324.wkup_m3_ipc: IPC Request for A8->M3 Channel failed! -517
[   15.449335] omap_rtc 44e3e000.rtc: registered as rtc0
[   15.455317] omap_rtc 44e3e000.rtc: setting system clock to 2000-01-01T00:00:00 UTC (946684800)
[   15.483531] wkup_m3_ipc 44e11324.wkup_m3_ipc: IPC Request for A8->M3 Channel failed! -517
[   15.657483] am335x-phy-driver 47401300.usb-phy: dummy supplies not allowed for exclusive requests (id=vbus)
[   15.703456] omap_wdt: OMAP Watchdog Timer Rev 0x01: initial timeout 60 sec
[   15.712606] wkup_m3_ipc 44e11324.wkup_m3_ipc: IPC Request for A8->M3 Channel failed! -517
[   15.865474] am335x-phy-driver 47401b00.usb-phy: dummy supplies not allowed for exclusive requests (id=vbus)
[   15.876859] wkup_m3_ipc 44e11324.wkup_m3_ipc: IPC Request for A8->M3 Channel failed! -517
[   15.987817] wkup_m3_ipc 44e11324.wkup_m3_ipc: IPC Request for A8->M3 Channel failed! -517
[   16.212880] usbcore: registered new interface driver usbfs
[   16.218596] usbcore: registered new interface driver hub
[   16.224249] usbcore: registered new device driver usb
[[0;32m  OK  [0m] Started Network Time Synchronization.
[[0;32m  OK  [0m] Reached target System Time Synchronized.
[[0;32m  OK  [0m] Reached target System Initialization.
[[0;32m  OK  [0m] Started Daily Cleanup of Temporary Directories.
[[0;32m  OK  [0m] Started Daily apt download activities.
[[0;32m  OK  [0m] Started Daily apt upgrade and clean activities.
[[0;32m  OK  [0m] Reached target Timers.
[   16.735716] tda998x 0-0070: found TDA19988
[[0;32m  OK  [0m] Listening on D-Bus System Message Bus Socket.
[   16.831953] wkup_m3_ipc 44e11324.wkup_m3_ipc: IPC Request for A8->M3 Channel failed! -517
[   16.875094] wkup_m3_ipc 44e11324.wkup_m3_ipc: IPC Request for A8->M3 Channel failed! -517
[[0;32m  OK  [0m] Listening on Avahi mDNS/DNS-SD Stack Activation Socket.
[[0;32m  OK  [0m] Reached target Sockets.
[[0;32m  OK  [0m] Reached target Basic System.
[   16.996806] musb-hdrc musb-hdrc.1: MUSB HDRC host driver
[   17.002477] musb-hdrc musb-hdrc.1: new USB bus registered, assigned bus number 1
[   17.031931] wkup_m3_ipc 44e11324.wkup_m3_ipc: IPC Request for A8->M3 Channel failed! -517
         Starting Telephony service...
[   17.148866] omap-mailbox 480c8000.mailbox: omap mailbox rev 0x400
         Starting Login Service...
[   17.185112] usb usb1: New USB device found, idVendor=1d6b, idProduct=0002, bcdDevice= 6.12
[   17.193782] usb usb1: New USB device strings: Mfr=3, Product=2, SerialNumber=1
[   17.201244] usb usb1: Product: MUSB HDRC host driver
[   17.206343] usb usb1: Manufacturer: Linux 6.12.0-rc5-next-20241029 musb-hcd
[   17.213419] usb usb1: SerialNumber: musb-hdrc.1
[   17.311870] remoteproc remoteproc0: powering up wkup_m3
          Starting LSB: Load kernel modules needed to enable cp ufreq scaling...
[   17.516871] remoteproc remoteproc0: Direc t firmware load for am335x-pm-firmware.elf failed with error - 2
[   17.526690] remoteproc remoteproc0: request_firmware fai led: -2
[   17.721043] hub 1-0:1.0: USB hub found
[   17.790698] hub 1-0:1.0: 1 port detected
[   19.555573] tilcdc 4830e000.lcdc: bound 0-0070 (ops tda998x_driver_exit [tda998x])
[   19.663846] omap_rng 48310000.rng: Random Number Generator ver. 20
[   19.673948] [drm] Initialized tilcdc 1.0.0 for 4830e000.lcdc on minor 0
[   19.772218] tilcdc 4830e000.lcdc: [drm] Cannot find any crtc or sizes
[   19.787283] tilcdc 4830e000.lcdc: [drm] Cannot find any crtc or sizes
[   20.353516] PM: Cannot get wkup_m3_ipc handle
[   20.516170] omap-sham 53100000.sham: hw accel on OMAP rev 4.3
[   20.648786] omap-sham 53100000.sham: will run requests pump with realtime priority
[   20.659573] PM: Cannot get wkup_m3_ipc handle
[   20.828294] omap-aes 53500000.aes: OMAP AES hw accel rev: 3.2
[   20.905444] omap-aes 53500000.aes: will run requests pump with realtime priority
[   20.914099] PM: Cannot get wkup_m3_ipc handle
[[0;32m  OK  [0m] Started Telephony service.
         Starting Connection service...
         Starting Generic Board Startup...
         Starting DUN service...
[[0;32m  OK  [0m] Started Regular background program processing daemon.
         Starting Avahi mDNS/DNS-SD Stack...
         Starting LSB: Start busybox udhcpd at boot time...
         Starting System Logging Service...
         Starting Cape Manager Service...
[   22.406412] Bluetooth: Core ver 2.22
[   22.410239] NET: Registered PF_BLUETOOTH protocol family
[   22.415815] Bluetooth: HCI device and connection manager initialized
[   22.422297] Bluetooth: HCI socket layer initialized
[   22.427214] Bluetooth: L2CAP socket layer initialized
[   22.432416] Bluetooth: SCO socket layer initialized
[[0;32m  OK  [0m] Started System Logging Service.
[   24.579413] PM: Cannot get wkup_m3_ipc handle
[[0;32m  OK  [0m] Started Cape Manager Service.
[   24.815679] PM: Cannot get wkup_m3_ipc handle
[[0;32m  OK  [0m] Started LSB: Start busybox udhcpd at boot time.
[[0;32m  OK  [0m] Started Raise network interfaces.
[[0;32m  OK  [0m] Started LSB: Load kernel modules needed to enable cpufreq scaling.
[   29.011688] configfs-gadget.g_multi gadget.0: HOST MAC 1c:ba:8c:a2:ed:6c
[   29.018464] configfs-gadget.g_multi gadget.0: MAC 1c:ba:8c:a2:ed:70
[   29.025948] configfs-gadget.g_multi gadget.0: HOST MAC 1c:ba:8c:a2:ed:6c
[   29.032848] configfs-gadget.g_multi gadget.0: MAC 1c:ba:8c:a2:ed:6d
[   29.052078] PM: Cannot get wkup_m3_ipc handle
[[0;32m  OK  [0m] Started DUN service.
[[0;32m  OK  [0m] Started Connection service.
[[0;32m  OK  [0m] Started Avahi mDNS/DNS-SD Stack.
[[0;32m  OK  [0m] Started Login Service.
[[0;32m  OK  [0m] Reached target Sound Card.
         Starting LSB: set CPUFreq kernel parameters...
[[0;32m  OK  [0m] Reached target Network.
         Starting Permit User Sessions...
         Starting The Apache HTTP Server...
         Starting OpenBSD Secure Shell server...
[[0;32m  OK  [0m] Reached target Network is Online.
         Starting LSB: Advanced IEEE 802.11 management daemon...
[[0;32m  OK  [0m] Started Permit User Sessions.
[[0;32m  OK  [0m] Started LSB: Advanced IEEE 802.11 management daemon.
         Starting Hostname Service...
         Starting WPA supplicant...
[[0;32m  OK  [0m] Started Serial Getty on ttyS0.
[[0;32m  OK  [0m] Started Getty on tty1.
[[0;32m  OK  [0m] Reached target Login Prompts.
[[0;32m  OK  [0m] Started LSB: set CPUFreq kernel parameters.
[[0;32m  OK  [0m] Started WPA supplicant.
[[0;32m  OK  [0m] Started Hostname Service.
[[0;32m  OK  [0m] Started OpenBSD Secure Shell server.
         Stopping LSB: Start busybox udhcpd at boot time...
[[0;32m  OK  [0m] Stopped LSB: Start busybox udhcpd at boot time.
[[0;32m  OK  [0m] Started The Apache HTTP Server.
         Starting dnsmasq - A lightweight DHCP and caching DNS server...
[[0;32m  OK  [0m] Started dnsmasq - A lightweight DHCP and caching DNS server.
[[0;32m  OK  [0m] Reached target Host and Network Name Lookups.
[[0;32m  OK  [0m] Started Serial Getty on ttyGS0.
[[0;32m  OK  [0m] Started Generic Board Startup.
[[0;32m  OK  [0m] Reached target Multi-User System.
[[0;32m  OK  [0m] Reached target Graphical Interface.
         Starting Update UTMP about System Runlevel Changes...
[[0;32m  OK  [0m] Started Update UTMP about System Runlevel Changes.

Debian GNU/Linux 9 arm ttyS0

default username:password is [debian:temppwd]

arm login: root
Password: 
Last login: Sat Jan  1 00:00:34 UTC 2000 on ttyS0
root
Linux arm 6.12.0-rc5-next-20241029 #125 SMP Tue Oct 29 08:26:20 EET 2024 armv7l

The programs included with the Debian GNU/Linux system are free software;
the exact distribution terms for each program are described in the
individual files in /usr/share/doc/*/copyright.

Debian GNU/Linux comes with ABSOLUTELY NO WARRANTY, to the extent
permitted by applicable law.
root@arm:~# root
dmesg -n 1
-bash: root: command not found
root@arm:~# dmesg -n 1
root@arm:~# echo 'YXCY''WZWNBS'
YXCYWZWNBS
root@arm:~# run() { echo -n "$MARKER"; sh -c "$@"; echo "$MARKER $?"; }
root@arm:~# echo 'SBBL''TGHTML'
SBBLTGHTML
root@arm:~# MARKER='CCGY''WVXTNK' run 'cat /proc/version'
CCGYWVXTNKLinux version 6.12.0-rc5-next-20241029 (user01@drvtest01) (arm-linux-gnueabihf-gcc (Linaro GCC 6.4-2017.11) 6.4.1 20171012, GNU ld (Linaro_Binutils-2017.11) 2.27.0.20161229) #125 SMP Tue Oct 29 08:26:20 EET 2024
CCGYWVXTNK 0
root@arm:~# echo 'OTXX''VYEYYY'
OTXXVYEYYY
root@arm:~# MARKER='PWZK''XZHZVK' run false
PWZKXZHZVKPWZKXZHZVK 1
root@arm:~# Labgrid Console Logfile for main
Logfile started at 2024-10-29 08:27:53.737258
=== Log starts here ===

root@arm:~# run() { echo -n "$MARKER"; sh -c "$@"; echo "$MARKER $?"; }
root@arm:~# echo 'YUWG''MZKWOQ'
YUWGMZKWOQ
root@arm:~# MARKER='CYJB''GCGTET' run dmesg
CYJBGCGTET[    0.000000] Booting Linux on physical CPU 0x0
[    0.000000] Linux version 6.12.0-rc5-next-20241029 (user01@drvtest01) (arm-linux-gnueabihf-gcc (Linaro GCC 6.4-2017.11) 6.4.1 20171012, GNU ld (Linaro_Binutils-2017.11) 2.27.0.20161229) #125 SMP Tue Oct 29 08:26:20 EET 2024
[    0.000000] CPU: ARMv7 Processor [413fc082] revision 2 (ARMv7), cr=10c5387d
[    0.000000] CPU: PIPT / VIPT nonaliasing data cache, VIPT aliasing instruction cache
[    0.000000] OF: fdt: Machine model: TI AM335x BeagleBone Black
[    0.000000] Memory policy: Data cache writeback
[    0.000000] cma: Reserved 16 MiB at 0x9e800000 on node -1
[    0.000000] Zone ranges:
[    0.000000]   Normal   [mem 0x0000000080000000-0x000000009fdfffff]
[    0.000000]   HighMem  empty
[    0.000000] Movable zone start for each node
[    0.000000] Early memory node ranges
[    0.000000]   node   0: [mem 0x0000000080000000-0x000000009fdfffff]
[    0.000000] Initmem setup node 0 [mem 0x0000000080000000-0x000000009fdfffff]
[    0.000000] OF: reserved mem: Reserved memory: No reserved-memory node in the DT
[    0.000000] CPU: All CPU(s) started in SVC mode.
[    0.000000] AM335X ES2.1 (sgx neon)
[    0.000000] percpu: Embedded 17 pages/cpu s39756 r8192 d21684 u69632
[    0.000000] pcpu-alloc: s39756 r8192 d21684 u69632 alloc=17*4096
[    0.000000] pcpu-alloc: [0] 0 
[    0.000000] Kernel command line: console=ttyO0,115200n8 root=/dev/nfs rw nfsroot=192.168.255.126:/home/user01/nfs,nfsvers=3 ip=192.168.255.1:192.168.255.126::255.255.255.0:bbb1:eth0 nfsrootdebug
[    0.000000] Unknown kernel command line parameters "nfsrootdebug", will be passed to user space.
[    0.000000] printk: log buffer data + meta data: 65536 + 204800 = 270336 bytes
[    0.000000] Dentry cache hash table entries: 65536 (order: 6, 262144 bytes, linear)
[    0.000000] Inode-cache hash table entries: 32768 (order: 5, 131072 bytes, linear)
[    0.000000] Built 1 zonelists, mobility grouping on.  Total pages: 130560
[    0.000000] mem auto-init: stack:off, heap alloc:off, heap free:off
[    0.000000] SLUB: HWalign=64, Order=0-3, MinObjects=0, CPUs=1, Nodes=1
[    0.000000] trace event string verifier disabled
[    0.000000] rcu: Hierarchical RCU implementation.
[    0.000000] rcu: 	RCU event tracing is enabled.
[    0.000000] rcu: 	RCU restricting CPUs from NR_CPUS=2 to nr_cpu_ids=1.
[    0.000000] 	Tracing variant of Tasks RCU enabled.
[    0.000000] rcu: RCU calculated value of scheduler-enlistment delay is 10 jiffies.
[    0.000000] rcu: Adjusting geometry for rcu_fanout_leaf=16, nr_cpu_ids=1
[    0.000000] RCU Tasks Trace: Setting shift to 0 and lim to 1 rcu_task_cb_adjust=1 rcu_task_cpu_ids=1.
[    0.000000] NR_IRQS: 16, nr_irqs: 16, preallocated irqs: 16
[    0.000000] IRQ: Found an INTC at 0x(ptrval) (revision 5.0) with 128 interrupts
[    0.000000] rcu: srcu_init: Setting srcu_struct sizes based on contention.
[    0.000000] TI gptimer clocksource: always-on /ocp/interconnect@44c00000/segment@200000/target-module@31000
[    0.000003] sched_clock: 32 bits at 24MHz, resolution 41ns, wraps every 89478484971ns
[    0.000026] clocksource: dmtimer: mask: 0xffffffff max_cycles: 0xffffffff, max_idle_ns: 79635851949 ns
[    0.000503] TI gptimer clockevent: 24000000 Hz at /ocp/interconnect@48000000/segment@0/target-module@40000
[    0.002157] Console: colour dummy device 80x30
[    0.002220] WARNING: Your 'console=ttyO0' has been replaced by 'ttyS0'
[    0.002230] This ensures that you still see kernel messages. Please
[    0.002234] update your kernel commandline.
[    0.002275] Calibrating delay loop... 996.14 BogoMIPS (lpj=4980736)
[    0.090553] CPU: Testing write buffer coherency: ok
[    0.090673] CPU0: Spectre v2: using BPIALL workaround
[    0.090684] pid_max: default: 32768 minimum: 301
[    0.090814] LSM: initializing lsm=capability
[    0.090996] Mount-cache hash table entries: 1024 (order: 0, 4096 bytes, linear)
[    0.091017] Mountpoint-cache hash table entries: 1024 (order: 0, 4096 bytes, linear)
[    0.092661] CPU0: thread -1, cpu 0, socket -1, mpidr 0
[    0.160942] Setting up static identity map for 0x80100000 - 0x80100078
[    0.170711] rcu: Hierarchical SRCU implementation.
[    0.170723] rcu: 	Max phase no-delay instances is 1000.
[    0.190774] smp: Bringing up secondary CPUs ...
[    0.190834] smp: Brought up 1 node, 1 CPU
[    0.190849] SMP: Total of 1 processors activated (996.14 BogoMIPS).
[    0.190861] CPU: All CPU(s) started in SVC mode.
[    0.191058] Memory: 480868K/522240K available (11264K kernel code, 1208K rwdata, 2892K rodata, 1024K init, 298K bss, 23360K reserved, 16384K cma-reserved, 0K highmem)
[    0.191921] devtmpfs: initialized
[    0.208902] VFP support v0.3: implementor 41 architecture 3 part 30 variant c rev 3
[    0.209255] clocksource: jiffies: mask: 0xffffffff max_cycles: 0xffffffff, max_idle_ns: 19112604462750000 ns
[    0.209290] futex hash table entries: 256 (order: 2, 16384 bytes, linear)
[    0.210531] pinctrl core: initialized pinctrl subsystem
[    0.213557] NET: Registered PF_NETLINK/PF_ROUTE protocol family
[    0.216411] DMA: preallocated 256 KiB pool for atomic coherent allocations
[    0.217336] audit: initializing netlink subsys (disabled)
[    0.218779] thermal_sys: Registered thermal governor 'fair_share'
[    0.218796] thermal_sys: Registered thermal governor 'step_wise'
[    0.218807] thermal_sys: Registered thermal governor 'user_space'
[    0.218962] audit: type=2000 audit(0.210:1): state=initialized audit_enabled=0 res=1
[    0.219001] cpuidle: using governor menu
[    0.238173] No ATAGs?
[    0.238199] hw-breakpoint: debug architecture 0x4 unsupported.
[    0.241074] kprobes: kprobe jump-optimization is enabled. All kprobes are optimized if possible.
[    0.254055] iommu: Default domain type: Translated
[    0.254079] iommu: DMA domain TLB invalidation policy: strict mode
[    0.255766] reg-fixed-voltage fixedregulator0: using DT '/fixedregulator0' for '(default)' GPIO lookup
[    0.255819] of_get_named_gpiod_flags: can't parse 'gpios' property of node '/fixedregulator0[0]'
[    0.255848] of_get_named_gpiod_flags: can't parse 'gpio' property of node '/fixedregulator0[0]'
[    0.255866] reg-fixed-voltage fixedregulator0: using lookup tables for GPIO lookup
[    0.255877] reg-fixed-voltage fixedregulator0: No GPIO consumer (default) found
[    0.261658] SCSI subsystem initialized
[    0.262153] libata version 3.00 loaded.
[    0.262515] pps_core: LinuxPPS API ver. 1 registered
[    0.262526] pps_core: Software ver. 5.3.6 - Copyright 2005-2007 Rodolfo Giometti <giometti@linux.it>
[    0.262551] PTP clock support registered
[    0.271001] vgaarb: loaded
[    0.271417] clocksource: Switched to clocksource dmtimer
[    0.272080] VFS: Disk quotas dquot_6.6.0
[    0.272123] VFS: Dquot-cache hash table entries: 1024 (order 0, 4096 bytes)
[    0.297336] NET: Registered PF_INET protocol family
[    0.297690] IP idents hash table entries: 8192 (order: 4, 65536 bytes, linear)
[    0.299085] tcp_listen_portaddr_hash hash table entries: 512 (order: 0, 4096 bytes, linear)
[    0.299123] Table-perturb hash table entries: 65536 (order: 6, 262144 bytes, linear)
[    0.299145] TCP established hash table entries: 4096 (order: 2, 16384 bytes, linear)
[    0.299189] TCP bind hash table entries: 4096 (order: 4, 65536 bytes, linear)
[    0.299289] TCP: Hash tables configured (established 4096 bind 4096)
[    0.299410] UDP hash table entries: 256 (order: 1, 8192 bytes, linear)
[    0.299440] UDP-Lite hash table entries: 256 (order: 1, 8192 bytes, linear)
[    0.299618] NET: Registered PF_UNIX/PF_LOCAL protocol family
[    0.312277] RPC: Registered named UNIX socket transport module.
[    0.312302] RPC: Registered udp transport module.
[    0.312308] RPC: Registered tcp transport module.
[    0.312313] RPC: Registered tcp-with-tls transport module.
[    0.312319] RPC: Registered tcp NFSv4.1 backchannel transport module.
[    0.312344] PCI: CLS 0 bytes, default 64
[    0.313836] Initialise system trusted keyrings
[    0.314643] workingset: timestamp_bits=14 max_order=17 bucket_order=3
[    0.316325] NFS: Registering the id_resolver key type
[    0.316405] Key type id_resolver registered
[    0.316415] Key type id_legacy registered
[    0.316465] jffs2: version 2.2. (NAND) (SUMMARY)  Â© 2001-2006 Red Hat, Inc.
[    0.316870] Key type asymmetric registered
[    0.316885] Asymmetric key parser 'x509' registered
[    0.316954] io scheduler mq-deadline registered
[    0.316966] io scheduler kyber registered
[    0.317036] io scheduler bfq registered
[    0.318694] ledtrig-cpu: registered to indicate activity on CPUs
[    0.332151] Serial: 8250/16550 driver, 6 ports, IRQ sharing enabled
[    0.372183] brd: module loaded
[    0.392970] loop: module loaded
[    0.393892] mtdoops: mtd device (mtddev=name/number) must be supplied
[    0.395601] mdio_bus fixed-0: using lookup tables for GPIO lookup
[    0.395625] mdio_bus fixed-0: No GPIO consumer reset found
[    0.396999] i2c_dev: i2c /dev entries driver
[    0.397993] cpuidle: enable-method property 'ti,am3352' found operations
[    0.398439] sdhci: Secure Digital Host Controller Interface driver
[    0.398449] sdhci: Copyright(c) Pierre Ossman
[    0.398621] sdhci-pltfm: SDHCI platform and OF driver helper
[    0.399636] Initializing XFRM netlink socket
[    0.399788] NET: Registered PF_INET6 protocol family
[    0.401996] Segment Routing with IPv6
[    0.402089] In-situ OAM (IOAM) with IPv6
[    0.402189] sit: IPv6, IPv4 and MPLS over IPv4 tunneling driver
[    0.403152] NET: Registered PF_PACKET protocol family
[    0.403189] NET: Registered PF_KEY protocol family
[    0.403325] Key type dns_resolver registered
[    0.403603] ThumbEE CPU extension supported.
[    0.403624] Registering SWP/SWPB emulation handler
[    0.404156] omap_voltage_late_init: Voltage driver support not added
[    0.404505] SmartReflex Class3 initialized
[    0.439325] Loading compiled-in X.509 certificates
[    0.493741] gpiochip_find_base_unlocked: found new base at 512
[    0.513729] platform 44e10800.pinmux: Fixed dependency cycle(s) with /ocp/interconnect@44c00000/segment@200000/target-module@10000/scm@0/pinmux@800/clkout2-pins
[    0.514284] pinctrl-single 44e10800.pinmux: 142 pins, size 568
[    0.519284] ti-sysc 44e31000.target-module: probe with driver ti-sysc failed with error -16
[    0.566747] ti-sysc 48040000.target-module: probe with driver ti-sysc failed with error -16
[    0.577940] gpiochip_find_base_unlocked: found new base at 512
[    0.578042] gpio gpiochip0: (gpio-0-31): created GPIO range 0->7 ==> 44e10800.pinmux PIN 0->7
[    0.578062] gpio gpiochip0: (gpio-0-31): created GPIO range 8->11 ==> 44e10800.pinmux PIN 90->93
[    0.578078] gpio gpiochip0: (gpio-0-31): created GPIO range 12->27 ==> 44e10800.pinmux PIN 12->27
[    0.578093] gpio gpiochip0: (gpio-0-31): created GPIO range 28->31 ==> 44e10800.pinmux PIN 30->33
[    0.592861] gpio gpiochip0: (gpio-0-31): added GPIO chardev (254:0)
[    0.593011] gpio gpiochip0: registered GPIOs 512 to 543 on gpio-0-31
[    0.593096] OMAP GPIO hardware version 0.1
[    0.632193] i2c i2c-2: using DT '/ocp/interconnect@48000000/segment@100000/target-module@9c000/i2c@0' for 'scl' GPIO lookup
[    0.632270] of_get_named_gpiod_flags: can't parse 'scl-gpios' property of node '/ocp/interconnect@48000000/segment@100000/target-module@9c000/i2c@0[0]'
[    0.632314] of_get_named_gpiod_flags: can't parse 'scl-gpio' property of node '/ocp/interconnect@48000000/segment@100000/target-module@9c000/i2c@0[0]'
[    0.632351] i2c i2c-2: using lookup tables for GPIO lookup
[    0.632361] i2c i2c-2: No GPIO consumer scl found
[    0.632382] i2c i2c-2: using DT '/ocp/interconnect@48000000/segment@100000/target-module@9c000/i2c@0' for 'sda' GPIO lookup
[    0.632418] of_get_named_gpiod_flags: can't parse 'sda-gpios' property of node '/ocp/interconnect@48000000/segment@100000/target-module@9c000/i2c@0[0]'
[    0.632456] of_get_named_gpiod_flags: can't parse 'sda-gpio' property of node '/ocp/interconnect@48000000/segment@100000/target-module@9c000/i2c@0[0]'
[    0.632489] i2c i2c-2: using lookup tables for GPIO lookup
[    0.632496] i2c i2c-2: No GPIO consumer sda found
[    0.633220] omap_i2c 4819c000.i2c: bus 2 rev0.11 at 100 kHz
[    0.638484] gpiochip_find_base_unlocked: found new base at 544
[    0.638590] gpio gpiochip1: (gpio-32-63): created GPIO range 0->17 ==> 44e10800.pinmux PIN 34->51
[    0.638613] gpio gpiochip1: (gpio-32-63): created GPIO range 18->21 ==> 44e10800.pinmux PIN 77->80
[    0.638631] gpio gpiochip1: (gpio-32-63): created GPIO range 22->31 ==> 44e10800.pinmux PIN 56->65
[    0.663865] gpio gpiochip1: (gpio-32-63): added GPIO chardev (254:1)
[    0.664059] gpio gpiochip1: registered GPIOs 544 to 575 on gpio-32-63
[    0.666300] gpiochip_find_base_unlocked: found new base at 576
[    0.666392] gpio gpiochip2: (gpio-64-95): created GPIO range 0->4 ==> 44e10800.pinmux PIN 66->70
[    0.666411] gpio gpiochip2: (gpio-64-95): created GPIO range 5->6 ==> 44e10800.pinmux PIN 98->99
[    0.666426] gpio gpiochip2: (gpio-64-95): created GPIO range 7->8 ==> 44e10800.pinmux PIN 75->76
[    0.666441] gpio gpiochip2: (gpio-64-95): created GPIO range 13->13 ==> 44e10800.pinmux PIN 141->141
[    0.666458] gpio gpiochip2: (gpio-64-95): created GPIO range 14->21 ==> 44e10800.pinmux PIN 100->107
[    0.667196] gpio gpiochip2: (gpio-64-95): added GPIO chardev (254:2)
[    0.667335] gpio gpiochip2: registered GPIOs 576 to 607 on gpio-64-95
[    0.673047] 48000000.interconnect:segment@200000:target-module@0:mpu@0:fck: device ID is greater than 24
[    0.677170] platform 4830e000.lcdc: Fixed dependency cycle(s) with /ocp/interconnect@44c00000/segment@200000/target-module@b000/i2c@0/tda19988@70
[    0.686596] mdio_bus 4a101000.mdio: using DT '/ocp/interconnect@4a000000/segment@0/target-module@100000/switch@0/mdio@1000' for 'reset' GPIO lookup
[    0.686672] of_get_named_gpiod_flags: can't parse 'reset-gpios' property of node '/ocp/interconnect@4a000000/segment@0/target-module@100000/switch@0/mdio@1000[0]'
[    0.686721] of_get_named_gpiod_flags: can't parse 'reset-gpio' property of node '/ocp/interconnect@4a000000/segment@0/target-module@100000/switch@0/mdio@1000[0]'
[    0.686770] mdio_bus 4a101000.mdio: using lookup tables for GPIO lookup
[    0.686780] mdio_bus 4a101000.mdio: No GPIO consumer reset found
[    0.688035] sdhci-omap 481d8000.mmc: using DT '/ocp/interconnect@48000000/segment@100000/target-module@d8000/mmc@0' for 'wp' GPIO lookup
[    0.688111] of_get_named_gpiod_flags: can't parse 'wp-gpios' property of node '/ocp/interconnect@48000000/segment@100000/target-module@d8000/mmc@0[0]'
[    0.688155] of_get_named_gpiod_flags: can't parse 'wp-gpio' property of node '/ocp/interconnect@48000000/segment@100000/target-module@d8000/mmc@0[0]'
[    0.688190] sdhci-omap 481d8000.mmc: using lookup tables for GPIO lookup
[    0.688200] sdhci-omap 481d8000.mmc: No GPIO consumer wp found
[    0.688396] sdhci-omap 481d8000.mmc: supply pbias not found, using dummy regulator
[    0.688905] sdhci-omap 481d8000.mmc: supply vqmmc not found, using dummy regulator
[    0.736690] davinci_mdio 4a101000.mdio: davinci mdio revision 1.6, bus freq 1000000
[    0.754032] mdio_bus 4a101000.mdio:00: using DT '/ocp/interconnect@4a000000/segment@0/target-module@100000/switch@0/mdio@1000/ethernet-phy@0' for 'reset' GPIO lookup
[    0.754132] of_get_named_gpiod_flags: parsed 'reset-gpios' property of node '/ocp/interconnect@4a000000/segment@0/target-module@100000/switch@0/mdio@1000/ethernet-phy@0[0]' - status (0)
[    0.754291] gpio gpiochip0: Persistence not supported for GPIO 8
[    0.851253] davinci_mdio 4a101000.mdio: phy[0]: device 4a101000.mdio:00, driver SMSC LAN8710/LAN8720
[    0.852143] cpsw-switch 4a100000.switch: initialized cpsw ale version 1.4
[    0.852166] cpsw-switch 4a100000.switch: ALE Table size 1024, Policers 0
[    0.869280] cpsw-switch 4a100000.switch: cpts: overflow check period 500 (jiffies)
[    0.869308] cpsw-switch 4a100000.switch: CPTS: ref_clk_freq:250000000 calc_mult:2147483648 calc_shift:29 error:0 nsec/sec
[    0.869420] cpsw-switch 4a100000.switch: Detected MACID = 6c:ec:eb:68:de:78
[    0.871243] cpsw-switch 4a100000.switch: initialized (regs 0x4a100000, pool size 256) hw_ver:0019010C 1.12 (0)
[    0.882394] debugfs: Directory '49000000.dma' with parent 'dmaengine' already present!
[    0.882435] edma 49000000.dma: TI EDMA DMA engine driver
[    0.930753] target-module@4b000000:target-module@140000:pmu@0:fck: device ID is greater than 24
[    0.934943] hw perfevents: enabled with armv7_cortex_a8 PMU driver, 5 (8000000f) counters available
[    0.935883] gpio-clk clk_mcasp0: using DT '/clk_mcasp0' for 'enable' GPIO lookup
[    0.935951] of_get_named_gpiod_flags: parsed 'enable-gpios' property of node '/clk_mcasp0[0]' - status (0)
[    0.935995] gpio gpiochip0: Persistence not supported for GPIO 27
[    0.936801] gpiochip_find_base_unlocked: found new base at 608
[    0.936927] gpio gpiochip3: (gpio-96-127): created GPIO range 0->7 ==> 44e10800.pinmux PIN 82->89
[    0.936945] gpio gpiochip3: (gpio-96-127): created GPIO range 8->11 ==> 44e10800.pinmux PIN 52->55
[    0.936960] gpio gpiochip3: (gpio-96-127): created GPIO range 12->15 ==> 44e10800.pinmux PIN 94->97
[    0.936976] gpio gpiochip3: (gpio-96-127): created GPIO range 16->17 ==> 44e10800.pinmux PIN 71->72
[    0.936992] gpio gpiochip3: (gpio-96-127): created GPIO range 18->18 ==> 44e10800.pinmux PIN 135->135
[    0.937008] gpio gpiochip3: (gpio-96-127): created GPIO range 19->20 ==> 44e10800.pinmux PIN 108->109
[    0.937024] gpio gpiochip3: (gpio-96-127): created GPIO range 21->21 ==> 44e10800.pinmux PIN 73->73
[    0.937041] gpio gpiochip3: (gpio-96-127): created GPIO range 22->23 ==> 44e10800.pinmux PIN 8->9
[    0.937058] gpio gpiochip3: (gpio-96-127): created GPIO range 26->27 ==> 44e10800.pinmux PIN 10->11
[    0.937076] gpio gpiochip3: (gpio-96-127): created GPIO range 28->28 ==> 44e10800.pinmux PIN 74->74
[    0.937093] gpio gpiochip3: (gpio-96-127): created GPIO range 29->29 ==> 44e10800.pinmux PIN 81->81
[    0.937111] gpio gpiochip3: (gpio-96-127): created GPIO range 30->31 ==> 44e10800.pinmux PIN 28->29
[    0.942691] l3-aon-clkctrl:0000:0: failed to disable
[    0.952778] gpio gpiochip3: (gpio-96-127): added GPIO chardev (254:3)
[    0.952932] gpio gpiochip3: registered GPIOs 608 to 639 on gpio-96-127
[    0.954722] omap8250 44e09000.serial: using DT '/ocp/interconnect@44c00000/segment@200000/target-module@9000/serial@0' for 'rs485-term' GPIO lookup
[    0.954795] of_get_named_gpiod_flags: can't parse 'rs485-term-gpios' property of node '/ocp/interconnect@44c00000/segment@200000/target-module@9000/serial@0[0]'
[    0.954841] of_get_named_gpiod_flags: can't parse 'rs485-term-gpio' property of node '/ocp/interconnect@44c00000/segment@200000/target-module@9000/serial@0[0]'
[    0.954878] omap8250 44e09000.serial: using lookup tables for GPIO lookup
[    0.954888] omap8250 44e09000.serial: No GPIO consumer rs485-term found
[    0.954898] omap8250 44e09000.serial: using DT '/ocp/interconnect@44c00000/segment@200000/target-module@9000/serial@0' for 'rs485-rx-during-tx' GPIO lookup
[    0.954935] of_get_named_gpiod_flags: can't parse 'rs485-rx-during-tx-gpios' property of node '/ocp/interconnect@44c00000/segment@200000/target-module@9000/serial@0[0]'
[    0.954973] of_get_named_gpiod_flags: can't parse 'rs485-rx-during-tx-gpio' property of node '/ocp/interconnect@44c00000/segment@200000/target-module@9000/serial@0[0]'
[    0.955006] omap8250 44e09000.serial: using lookup tables for GPIO lookup
[    0.955014] omap8250 44e09000.serial: No GPIO consumer rs485-rx-during-tx found
[    0.955388] 44e09000.serial: ttyS0 at MMIO 0x44e09000 (irq = 34, base_baud = 3000000) is a 8250
[    0.955473] printk: legacy console [ttyS0] enabled
[    2.283487] i2c i2c-0: using DT '/ocp/interconnect@44c00000/segment@200000/target-module@b000/i2c@0' for 'scl' GPIO lookup
[    2.283577] of_get_named_gpiod_flags: can't parse 'scl-gpios' property of node '/ocp/interconnect@44c00000/segment@200000/target-module@b000/i2c@0[0]'
[    2.283625] of_get_named_gpiod_flags: can't parse 'scl-gpio' property of node '/ocp/interconnect@44c00000/segment@200000/target-module@b000/i2c@0[0]'
[    2.283667] i2c i2c-0: using lookup tables for GPIO lookup
[    2.283681] i2c i2c-0: No GPIO consumer scl found
[    2.283707] i2c i2c-0: using DT '/ocp/interconnect@44c00000/segment@200000/target-module@b000/i2c@0' for 'sda' GPIO lookup
[    2.283747] of_get_named_gpiod_flags: can't parse 'sda-gpios' property of node '/ocp/interconnect@44c00000/segment@200000/target-module@b000/i2c@0[0]'
[    2.283790] of_get_named_gpiod_flags: can't parse 'sda-gpio' property of node '/ocp/interconnect@44c00000/segment@200000/target-module@b000/i2c@0[0]'
[    2.283827] i2c i2c-0: using lookup tables for GPIO lookup
[    2.283839] i2c i2c-0: No GPIO consumer sda found
[    2.302428] tps65217-pmic: Failed to locate of_node [id: -1]
[    2.308515] tps65217-bl: Failed to locate of_node [id: -1]
[    2.319999] tps65217 0-0024: TPS65217 ID 0xe version 1.2
[    2.326149] platform 4830e000.lcdc: Fixed dependency cycle(s) with /ocp/interconnect@44c00000/segment@200000/target-module@b000/i2c@0/tda19988@70
[    2.339586] i2c 0-0070: Fixed dependency cycle(s) with /ocp/interconnect@48000000/segment@300000/target-module@e000/lcdc@0
[    2.350993] omap_i2c 44e0b000.i2c: bus 0 rev0.11 at 400 kHz
[    2.358617] sdhci-omap 48060000.mmc: using DT '/ocp/interconnect@48000000/segment@0/target-module@60000/mmc@0' for 'cd' GPIO lookup
[    2.358727] of_get_named_gpiod_flags: parsed 'cd-gpios' property of node '/ocp/interconnect@48000000/segment@0/target-module@60000/mmc@0[0]' - status (0)
[    2.358794] gpio gpiochip3: Persistence not supported for GPIO 6
[    2.358820] omap_gpio 44e07000.gpio: Could not set line 6 debounce to 200000 microseconds (-22)
[    2.367701] sdhci-omap 48060000.mmc: Got CD GPIO
[    2.372388] sdhci-omap 48060000.mmc: using DT '/ocp/interconnect@48000000/segment@0/target-module@60000/mmc@0' for 'wp' GPIO lookup
[    2.372438] of_get_named_gpiod_flags: can't parse 'wp-gpios' property of node '/ocp/interconnect@48000000/segment@0/target-module@60000/mmc@0[0]'
[    2.372483] of_get_named_gpiod_flags: can't parse 'wp-gpio' property of node '/ocp/interconnect@48000000/segment@0/target-module@60000/mmc@0[0]'
[    2.372524] sdhci-omap 48060000.mmc: using lookup tables for GPIO lookup
[    2.372539] sdhci-omap 48060000.mmc: No GPIO consumer wp found
[    2.372746] sdhci-omap 48060000.mmc: supply pbias not found, using dummy regulator
[    2.381585] sdhci-omap 481d8000.mmc: using DT '/ocp/interconnect@48000000/segment@100000/target-module@d8000/mmc@0' for 'wp' GPIO lookup
[    2.381664] of_get_named_gpiod_flags: can't parse 'wp-gpios' property of node '/ocp/interconnect@48000000/segment@100000/target-module@d8000/mmc@0[0]'
[    2.381715] of_get_named_gpiod_flags: can't parse 'wp-gpio' property of node '/ocp/interconnect@48000000/segment@100000/target-module@d8000/mmc@0[0]'
[    2.381755] sdhci-omap 481d8000.mmc: using lookup tables for GPIO lookup
[    2.381770] sdhci-omap 481d8000.mmc: No GPIO consumer wp found
[    2.383166] sdhci-omap 48060000.mmc: supply vqmmc not found, using dummy regulator
[    2.392304] sdhci-omap 481d8000.mmc: supply pbias not found, using dummy regulator
[    2.400308] sdhci-omap 481d8000.mmc: supply vqmmc not found, using dummy regulator
[    2.437674] mmc1: SDHCI controller on 481d8000.mmc [481d8000.mmc] using External DMA
[    2.446191] mmc0: SDHCI controller on 48060000.mmc [48060000.mmc] using External DMA
[    2.455038] cpsw-switch 4a100000.switch: starting ndev. mode: dual_mac
[    2.500657] mmc0: new high speed SDHC card at address 5048
[    2.507768] mmcblk0: mmc0:5048 SD16G 14.4 GiB
[    2.515958]  mmcblk0: p1 p2
[    2.519345] mmcblk0: p2 size 31221760 extends beyond EOD, truncated
[    2.532661] SMSC LAN8710/LAN8720 4a101000.mdio:00: attached PHY driver (mii_bus:phy_addr=4a101000.mdio:00, irq=POLL)
[    2.545403] mmc1: new high speed MMC card at address 0001
[    2.556460] mmcblk1: mmc1:0001 MMC04G 3.60 GiB
[    2.563937]  mmcblk1: p1 p2
[    2.568149] mmcblk1boot0: mmc1:0001 MMC04G 2.00 MiB
[    2.575548] mmcblk1boot1: mmc1:0001 MMC04G 2.00 MiB
[    2.582945] mmcblk1rpmb: mmc1:0001 MMC04G 128 KiB, chardev (250:0)
[    5.682187] cpsw-switch 4a100000.switch eth0: Link is Up - 100Mbps/Full - flow control off
[    5.711433] IP-Config: Complete:
[    5.714707]      device=eth0, hwaddr=6c:ec:eb:68:de:78, ipaddr=192.168.255.1, mask=255.255.255.0, gw=255.255.255.255
[    5.725351]      host=bbb1, domain=, nis-domain=(none)
[    5.730519]      bootserver=192.168.255.126, rootserver=192.168.255.126, rootpath=
[    5.730933] clk: Disabling unused clocks
[    5.742797] PM: genpd: Disabling unused power domains
[    5.747915] KTAP version 1
[    5.750636] 1..0
[    5.782773] VFS: Mounted root (nfs filesystem) on device 0:17.
[    5.789597] devtmpfs: mounted
[    5.794520] Freeing unused kernel image (initmem) memory: 1024K
[    5.801155] Run /sbin/init as init process
[    5.805433]   with arguments:
[    5.805450]     /sbin/init
[    5.805460]     nfsrootdebug
[    5.805470]   with environment:
[    5.805480]     HOME=/
[    5.805490]     TERM=linux
[    6.512341] systemd[1]: System time before build time, advancing clock.
[    7.991438] random: crng init done
[    8.032994] systemd[1]: systemd 232 running in system mode. (+PAM +AUDIT +SELINUX +IMA +APPARMOR +SMACK +SYSVINIT +UTMP +LIBCRYPTSETUP +GCRYPT +GNUTLS +ACL +XZ +LZ4 +SECCOMP +BLKID +ELFUTILS +KMOD +IDN)
[    8.052181] systemd[1]: Detected architecture arm.
[    8.088784] systemd[1]: Set hostname to <arm>.
[    9.240459] systemd[1]: Listening on Journal Socket.
[    9.262438] systemd[1]: Started Dispatch Password Requests to Console Directory Watch.
[    9.293235] systemd[1]: Set up automount Arbitrary Executable File Formats File System Automount Point.
[    9.323561] systemd[1]: Listening on udev Control Socket.
[    9.353008] systemd[1]: Created slice User and Session Slice.
[    9.382765] systemd[1]: Created slice System Slice.
[    9.412850] systemd[1]: Created slice system-serial\x2dgetty.slice.
[   11.649215] systemd-journald[90]: Received request to flush runtime journal from PID 1
[   14.083893] leds-gpio leds: using DT '/leds/led2' for '(default)' GPIO lookup
[   14.084001] of_get_named_gpiod_flags: parsed 'gpios' property of node '/leds/led2[0]' - status (0)
[   14.084060] gpio gpiochip0: Persistence not supported for GPIO 21
[   14.084076] gpio-533 (?): no flags found for GPIO (default)
[   14.215808] leds-gpio leds: using DT '/leds/led3' for '(default)' GPIO lookup
[   14.215920] of_get_named_gpiod_flags: parsed 'gpios' property of node '/leds/led3[0]' - status (0)
[   14.215977] gpio gpiochip0: Persistence not supported for GPIO 22
[   14.215993] gpio-534 (?): no flags found for GPIO (default)
[   14.241930] leds-gpio leds: using DT '/leds/led4' for '(default)' GPIO lookup
[   14.242032] of_get_named_gpiod_flags: parsed 'gpios' property of node '/leds/led4[0]' - status (0)
[   14.242084] gpio gpiochip0: Persistence not supported for GPIO 23
[   14.242099] gpio-535 (?): no flags found for GPIO (default)
[   14.271903] leds-gpio leds: using DT '/leds/led5' for '(default)' GPIO lookup
[   14.272001] of_get_named_gpiod_flags: parsed 'gpios' property of node '/leds/led5[0]' - status (0)
[   14.272053] gpio gpiochip0: Persistence not supported for GPIO 24
[   14.272069] gpio-536 (?): no flags found for GPIO (default)
[   14.576017] remoteproc remoteproc0: wkup_m3 is available
[   14.698308] at24 2-0054: supply vcc not found, using dummy regulator
[   14.849051] at24 2-0055: supply vcc not found, using dummy regulator
[   14.952080] at24 2-0056: supply vcc not found, using dummy regulator
[   15.034631] at24 2-0057: supply vcc not found, using dummy regulator
[   15.083011] tps6521x_pwrbutton tps65217-pwrbutton: DMA mask not set
[   15.172849] input: tps65217_pwrbutton as /devices/platform/ocp/44c00000.interconnect/44c00000.interconnect:segment@200000/44e0b000.target-module/44e0b000.i2c/i2c-0/0-0024/tps65217-pwrbutton/input/input0
[   15.199856] at24 0-0050: using DT '/ocp/interconnect@44c00000/segment@200000/target-module@b000/i2c@0/eeprom@50' for 'wp' GPIO lookup
[   15.199970] of_get_named_gpiod_flags: can't parse 'wp-gpios' property of node '/ocp/interconnect@44c00000/segment@200000/target-module@b000/i2c@0/eeprom@50[0]'
[   15.200032] of_get_named_gpiod_flags: can't parse 'wp-gpio' property of node '/ocp/interconnect@44c00000/segment@200000/target-module@b000/i2c@0/eeprom@50[0]'
[   15.200080] at24 0-0050: using lookup tables for GPIO lookup
[   15.200095] at24 0-0050: No GPIO consumer wp found
[   15.200378] at24 0-0050: 32768 byte 24c256 EEPROM, writable, 1 bytes/write
[   15.248328] wkup_m3_ipc 44e11324.wkup_m3_ipc: IPC Request for A8->M3 Channel failed! -517
[   15.336314] wkup_m3_ipc 44e11324.wkup_m3_ipc: IPC Request for A8->M3 Channel failed! -517
[   15.449335] omap_rtc 44e3e000.rtc: registered as rtc0
[   15.455317] omap_rtc 44e3e000.rtc: setting system clock to 2000-01-01T00:00:00 UTC (946684800)
[   15.464316] omap_rtc 44e3e000.rtc: using DT '/ocp/interconnect@44c00000/segment@200000/target-module@3e000/rtc@0' for 'wp' GPIO lookup
[   15.464397] of_get_named_gpiod_flags: can't parse 'wp-gpios' property of node '/ocp/interconnect@44c00000/segment@200000/target-module@3e000/rtc@0[0]'
[   15.464452] of_get_named_gpiod_flags: can't parse 'wp-gpio' property of node '/ocp/interconnect@44c00000/segment@200000/target-module@3e000/rtc@0[0]'
[   15.464495] omap_rtc 44e3e000.rtc: using lookup tables for GPIO lookup
[   15.464510] omap_rtc 44e3e000.rtc: No GPIO consumer wp found
[   15.483531] wkup_m3_ipc 44e11324.wkup_m3_ipc: IPC Request for A8->M3 Channel failed! -517
[   15.657012] am335x-phy-driver 47401300.usb-phy: using DT '/ocp/target-module@47400000/usb-phy@1300' for 'reset' GPIO lookup
[   15.657107] of_get_named_gpiod_flags: can't parse 'reset-gpios' property of node '/ocp/target-module@47400000/usb-phy@1300[0]'
[   15.657155] of_get_named_gpiod_flags: can't parse 'reset-gpio' property of node '/ocp/target-module@47400000/usb-phy@1300[0]'
[   15.657194] am335x-phy-driver 47401300.usb-phy: using lookup tables for GPIO lookup
[   15.657209] am335x-phy-driver 47401300.usb-phy: No GPIO consumer reset found
[   15.657226] am335x-phy-driver 47401300.usb-phy: using DT '/ocp/target-module@47400000/usb-phy@1300' for 'vbus-detect' GPIO lookup
[   15.657258] of_get_named_gpiod_flags: can't parse 'vbus-detect-gpios' property of node '/ocp/target-module@47400000/usb-phy@1300[0]'
[   15.657292] of_get_named_gpiod_flags: can't parse 'vbus-detect-gpio' property of node '/ocp/target-module@47400000/usb-phy@1300[0]'
[   15.657319] am335x-phy-driver 47401300.usb-phy: using lookup tables for GPIO lookup
[   15.657332] am335x-phy-driver 47401300.usb-phy: No GPIO consumer vbus-detect found
[   15.657483] am335x-phy-driver 47401300.usb-phy: dummy supplies not allowed for exclusive requests (id=vbus)
[   15.703456] omap_wdt: OMAP Watchdog Timer Rev 0x01: initial timeout 60 sec
[   15.712606] wkup_m3_ipc 44e11324.wkup_m3_ipc: IPC Request for A8->M3 Channel failed! -517
[   15.865008] am335x-phy-driver 47401b00.usb-phy: using DT '/ocp/target-module@47400000/usb-phy@1b00' for 'reset' GPIO lookup
[   15.865100] of_get_named_gpiod_flags: can't parse 'reset-gpios' property of node '/ocp/target-module@47400000/usb-phy@1b00[0]'
[   15.865147] of_get_named_gpiod_flags: can't parse 'reset-gpio' property of node '/ocp/target-module@47400000/usb-phy@1b00[0]'
[   15.865186] am335x-phy-driver 47401b00.usb-phy: using lookup tables for GPIO lookup
[   15.865202] am335x-phy-driver 47401b00.usb-phy: No GPIO consumer reset found
[   15.865218] am335x-phy-driver 47401b00.usb-phy: using DT '/ocp/target-module@47400000/usb-phy@1b00' for 'vbus-detect' GPIO lookup
[   15.865250] of_get_named_gpiod_flags: can't parse 'vbus-detect-gpios' property of node '/ocp/target-module@47400000/usb-phy@1b00[0]'
[   15.865283] of_get_named_gpiod_flags: can't parse 'vbus-detect-gpio' property of node '/ocp/target-module@47400000/usb-phy@1b00[0]'
[   15.865311] am335x-phy-driver 47401b00.usb-phy: using lookup tables for GPIO lookup
[   15.865324] am335x-phy-driver 47401b00.usb-phy: No GPIO consumer vbus-detect found
[   15.865474] am335x-phy-driver 47401b00.usb-phy: dummy supplies not allowed for exclusive requests (id=vbus)
[   15.876859] wkup_m3_ipc 44e11324.wkup_m3_ipc: IPC Request for A8->M3 Channel failed! -517
[   15.987817] wkup_m3_ipc 44e11324.wkup_m3_ipc: IPC Request for A8->M3 Channel failed! -517
[   16.212880] usbcore: registered new interface driver usbfs
[   16.218596] usbcore: registered new interface driver hub
[   16.224249] usbcore: registered new device driver usb
[   16.735716] tda998x 0-0070: found TDA19988
[   16.831953] wkup_m3_ipc 44e11324.wkup_m3_ipc: IPC Request for A8->M3 Channel failed! -517
[   16.875094] wkup_m3_ipc 44e11324.wkup_m3_ipc: IPC Request for A8->M3 Channel failed! -517
[   16.996806] musb-hdrc musb-hdrc.1: MUSB HDRC host driver
[   17.002477] musb-hdrc musb-hdrc.1: new USB bus registered, assigned bus number 1
[   17.031931] wkup_m3_ipc 44e11324.wkup_m3_ipc: IPC Request for A8->M3 Channel failed! -517
[   17.148866] omap-mailbox 480c8000.mailbox: omap mailbox rev 0x400
[   17.185112] usb usb1: New USB device found, idVendor=1d6b, idProduct=0002, bcdDevice= 6.12
[   17.193782] usb usb1: New USB device strings: Mfr=3, Product=2, SerialNumber=1
[   17.201244] usb usb1: Product: MUSB HDRC host driver
[   17.206343] usb usb1: Manufacturer: Linux 6.12.0-rc5-next-20241029 musb-hcd
[   17.213419] usb usb1: SerialNumber: musb-hdrc.1
[   17.311870] remoteproc remoteproc0: powering up wkup_m3
[   17.516871] remoteproc remoteproc0: Direct firmware load for am335x-pm-firmware.elf failed with error -2
[   17.526690] remoteproc remoteproc0: request_firmware failed: -2
[   17.532733] wkup_m3_ipc 44e11324.wkup_m3_ipc: rproc_boot failed
[   17.721043] hub 1-0:1.0: USB hub found
[   17.790698] hub 1-0:1.0: 1 port detected
[   19.555573] tilcdc 4830e000.lcdc: bound 0-0070 (ops tda998x_driver_exit [tda998x])
[   19.663846] omap_rng 48310000.rng: Random Number Generator ver. 20
[   19.673948] [drm] Initialized tilcdc 1.0.0 for 4830e000.lcdc on minor 0
[   19.772218] tilcdc 4830e000.lcdc: [drm] Cannot find any crtc or sizes
[   19.787283] tilcdc 4830e000.lcdc: [drm] Cannot find any crtc or sizes
[   20.353516] PM: Cannot get wkup_m3_ipc handle
[   20.516170] omap-sham 53100000.sham: hw accel on OMAP rev 4.3
[   20.648786] omap-sham 53100000.sham: will run requests pump with realtime priority
[   20.659573] PM: Cannot get wkup_m3_ipc handle
[   20.828294] omap-aes 53500000.aes: OMAP AES hw accel rev: 3.2
[   20.905444] omap-aes 53500000.aes: will run requests pump with realtime priority
[   20.914099] PM: Cannot get wkup_m3_ipc handle
[   22.406412] Bluetooth: Core ver 2.22
[   22.410239] NET: Registered PF_BLUETOOTH protocol family
[   22.415815] Bluetooth: HCI device and connection manager initialized
[   22.422297] Bluetooth: HCI socket layer initialized
[   22.427214] Bluetooth: L2CAP socket layer initialized
[   22.432416] Bluetooth: SCO socket layer initialized
[   24.579413] PM: Cannot get wkup_m3_ipc handle
[   24.586933] asoc-simple-card sound: using DT '/sound' for 'simple-audio-card,hp-det' GPIO lookup
[   24.587012] of_get_named_gpiod_flags: can't parse 'simple-audio-card,hp-det-gpios' property of node '/sound[0]'
[   24.587049] of_get_named_gpiod_flags: can't parse 'simple-audio-card,hp-det-gpio' property of node '/sound[0]'
[   24.587076] asoc-simple-card sound: using lookup tables for GPIO lookup
[   24.587092] asoc-simple-card sound: No GPIO consumer simple-audio-card,hp-det found
[   24.587108] asoc-simple-card sound: using DT '/sound' for 'simple-audio-card,mic-det' GPIO lookup
[   24.587133] of_get_named_gpiod_flags: can't parse 'simple-audio-card,mic-det-gpios' property of node '/sound[0]'
[   24.587159] of_get_named_gpiod_flags: can't parse 'simple-audio-card,mic-det-gpio' property of node '/sound[0]'
[   24.587180] asoc-simple-card sound: using lookup tables for GPIO lookup
[   24.587193] asoc-simple-card sound: No GPIO consumer simple-audio-card,mic-det found
[   24.815679] PM: Cannot get wkup_m3_ipc handle
[   28.750204] userial_init: registered 8 ttyGS* devices
[   28.938660] rndis_register: configNr = 0
[   29.010213] udc musb-hdrc.0: binding gadget driver [g_multi]
[   29.010311] configfs-gadget.g_multi gadget.0: adding 'rndis'/7b78e097 to config 'c'/612ce884
[   29.011688] configfs-gadget.g_multi gadget.0: HOST MAC 1c:ba:8c:a2:ed:6c
[   29.018464] configfs-gadget.g_multi gadget.0: MAC 1c:ba:8c:a2:ed:70
[   29.024922] rndis_set_param_medium: 0 0
[   29.024947] configfs-gadget.g_multi gadget.0: RNDIS: IN/ep1in OUT/ep1out NOTIFY/ep2in
[   29.024966] configfs-gadget.g_multi gadget.0: adding 'cdc_ethernet'/7233a0d5 to config 'c'/612ce884
[   29.025948] configfs-gadget.g_multi gadget.0: HOST MAC 1c:ba:8c:a2:ed:6c
[   29.032848] configfs-gadget.g_multi gadget.0: MAC 1c:ba:8c:a2:ed:6d
[   29.039186] configfs-gadget.g_multi gadget.0: CDC Ethernet: IN/ep3in OUT/ep2out NOTIFY/ep4in
[   29.039205] configfs-gadget.g_multi gadget.0: adding 'acm'/608a7bba to config 'c'/612ce884
[   29.039241] configfs-gadget.g_multi gadget.0: acm ttyGS0: IN/ep5in OUT/ep3out NOTIFY/ep6in
[   29.052078] PM: Cannot get wkup_m3_ipc handle
[   31.396378] configfs-gadget.g_multi gadget.0: eth_open
[   35.300503] gs_open: ttyGS0 (9e9cc7ae,df41b958)
[   35.300660] gs_close: ttyGS0 (9e9cc7ae,df41b958) ...
[   35.300687] gs_close: ttyGS0 (9e9cc7ae,df41b958) done!
[   35.315288] gs_open: ttyGS0 (9e9cc7ae,df41b958)
[   35.315407] gs_close: ttyGS0 (9e9cc7ae,df41b958) ...
[   35.315430] gs_close: ttyGS0 (9e9cc7ae,df41b958) done!
[   35.480846] gs_open: ttyGS0 (43a61035,b5300279)
[   35.481089] gs_close: ttyGS0 (43a61035,b5300279) ...
[   35.481120] gs_close: ttyGS0 (43a61035,b5300279) done!
[   35.486308] gs_open: ttyGS0 (43a61035,df41b958)
CYJBGCGTET 0
root@arm:~# echo 'JPWU''EQZONT'
JPWUEQZONT
root@arm:~# MARKER='EHUZ''NWHCBO' run 'modprobe test_linear_ranges'
EHUZNWHCBOEHUZNWHCBO 0
root@arm:~# echo 'BSPG''ALLEZY'
BSPGALLEZY
root@arm:~# MARKER='CEVZ''CKPSWL' run dmesg
CEVZCKPSWL[    0.000000] Booting Linux on physical CPU 0x0
[    0.000000] Linux version 6.12.0-rc5-next-20241029 (user01@drvtest01) (arm-linux-gnueabihf-gcc (Linaro GCC 6.4-2017.11) 6.4.1 20171012, GNU ld (Linaro_Binutils-2017.11) 2.27.0.20161229) #125 SMP Tue Oct 29 08:26:20 EET 2024
[    0.000000] CPU: ARMv7 Processor [413fc082] revision 2 (ARMv7), cr=10c5387d
[    0.000000] CPU: PIPT / VIPT nonaliasing data cache, VIPT aliasing instruction cache
[    0.000000] OF: fdt: Machine model: TI AM335x BeagleBone Black
[    0.000000] Memory policy: Data cache writeback
[    0.000000] cma: Reserved 16 MiB at 0x9e800000 on node -1
[    0.000000] Zone ranges:
[    0.000000]   Normal   [mem 0x0000000080000000-0x000000009fdfffff]
[    0.000000]   HighMem  empty
[    0.000000] Movable zone start for each node
[    0.000000] Early memory node ranges
[    0.000000]   node   0: [mem 0x0000000080000000-0x000000009fdfffff]
[    0.000000] Initmem setup node 0 [mem 0x0000000080000000-0x000000009fdfffff]
[    0.000000] OF: reserved mem: Reserved memory: No reserved-memory node in the DT
[    0.000000] CPU: All CPU(s) started in SVC mode.
[    0.000000] AM335X ES2.1 (sgx neon)
[    0.000000] percpu: Embedded 17 pages/cpu s39756 r8192 d21684 u69632
[    0.000000] pcpu-alloc: s39756 r8192 d21684 u69632 alloc=17*4096
[    0.000000] pcpu-alloc: [0] 0 
[    0.000000] Kernel command line: console=ttyO0,115200n8 root=/dev/nfs rw nfsroot=192.168.255.126:/home/user01/nfs,nfsvers=3 ip=192.168.255.1:192.168.255.126::255.255.255.0:bbb1:eth0 nfsrootdebug
[    0.000000] Unknown kernel command line parameters "nfsrootdebug", will be passed to user space.
[    0.000000] printk: log buffer data + meta data: 65536 + 204800 = 270336 bytes
[    0.000000] Dentry cache hash table entries: 65536 (order: 6, 262144 bytes, linear)
[    0.000000] Inode-cache hash table entries: 32768 (order: 5, 131072 bytes, linear)
[    0.000000] Built 1 zonelists, mobility grouping on.  Total pages: 130560
[    0.000000] mem auto-init: stack:off, heap alloc:off, heap free:off
[    0.000000] SLUB: HWalign=64, Order=0-3, MinObjects=0, CPUs=1, Nodes=1
[    0.000000] trace event string verifier disabled
[    0.000000] rcu: Hierarchical RCU implementation.
[    0.000000] rcu: 	RCU event tracing is enabled.
[    0.000000] rcu: 	RCU restricting CPUs from NR_CPUS=2 to nr_cpu_ids=1.
[    0.000000] 	Tracing variant of Tasks RCU enabled.
[    0.000000] rcu: RCU calculated value of scheduler-enlistment delay is 10 jiffies.
[    0.000000] rcu: Adjusting geometry for rcu_fanout_leaf=16, nr_cpu_ids=1
[    0.000000] RCU Tasks Trace: Setting shift to 0 and lim to 1 rcu_task_cb_adjust=1 rcu_task_cpu_ids=1.
[    0.000000] NR_IRQS: 16, nr_irqs: 16, preallocated irqs: 16
[    0.000000] IRQ: Found an INTC at 0x(ptrval) (revision 5.0) with 128 interrupts
[    0.000000] rcu: srcu_init: Setting srcu_struct sizes based on contention.
[    0.000000] TI gptimer clocksource: always-on /ocp/interconnect@44c00000/segment@200000/target-module@31000
[    0.000003] sched_clock: 32 bits at 24MHz, resolution 41ns, wraps every 89478484971ns
[    0.000026] clocksource: dmtimer: mask: 0xffffffff max_cycles: 0xffffffff, max_idle_ns: 79635851949 ns
[    0.000503] TI gptimer clockevent: 24000000 Hz at /ocp/interconnect@48000000/segment@0/target-module@40000
[    0.002157] Console: colour dummy device 80x30
[    0.002220] WARNING: Your 'console=ttyO0' has been replaced by 'ttyS0'
[    0.002230] This ensures that you still see kernel messages. Please
[    0.002234] update your kernel commandline.
[    0.002275] Calibrating delay loop... 996.14 BogoMIPS (lpj=4980736)
[    0.090553] CPU: Testing write buffer coherency: ok
[    0.090673] CPU0: Spectre v2: using BPIALL workaround
[    0.090684] pid_max: default: 32768 minimum: 301
[    0.090814] LSM: initializing lsm=capability
[    0.090996] Mount-cache hash table entries: 1024 (order: 0, 4096 bytes, linear)
[    0.091017] Mountpoint-cache hash table entries: 1024 (order: 0, 4096 bytes, linear)
[    0.092661] CPU0: thread -1, cpu 0, socket -1, mpidr 0
[    0.160942] Setting up static identity map for 0x80100000 - 0x80100078
[    0.170711] rcu: Hierarchical SRCU implementation.
[    0.170723] rcu: 	Max phase no-delay instances is 1000.
[    0.190774] smp: Bringing up secondary CPUs ...
[    0.190834] smp: Brought up 1 node, 1 CPU
[    0.190849] SMP: Total of 1 processors activated (996.14 BogoMIPS).
[    0.190861] CPU: All CPU(s) started in SVC mode.
[    0.191058] Memory: 480868K/522240K available (11264K kernel code, 1208K rwdata, 2892K rodata, 1024K init, 298K bss, 23360K reserved, 16384K cma-reserved, 0K highmem)
[    0.191921] devtmpfs: initialized
[    0.208902] VFP support v0.3: implementor 41 architecture 3 part 30 variant c rev 3
[    0.209255] clocksource: jiffies: mask: 0xffffffff max_cycles: 0xffffffff, max_idle_ns: 19112604462750000 ns
[    0.209290] futex hash table entries: 256 (order: 2, 16384 bytes, linear)
[    0.210531] pinctrl core: initialized pinctrl subsystem
[    0.213557] NET: Registered PF_NETLINK/PF_ROUTE protocol family
[    0.216411] DMA: preallocated 256 KiB pool for atomic coherent allocations
[    0.217336] audit: initializing netlink subsys (disabled)
[    0.218779] thermal_sys: Registered thermal governor 'fair_share'
[    0.218796] thermal_sys: Registered thermal governor 'step_wise'
[    0.218807] thermal_sys: Registered thermal governor 'user_space'
[    0.218962] audit: type=2000 audit(0.210:1): state=initialized audit_enabled=0 res=1
[    0.219001] cpuidle: using governor menu
[    0.238173] No ATAGs?
[    0.238199] hw-breakpoint: debug architecture 0x4 unsupported.
[    0.241074] kprobes: kprobe jump-optimization is enabled. All kprobes are optimized if possible.
[    0.254055] iommu: Default domain type: Translated
[    0.254079] iommu: DMA domain TLB invalidation policy: strict mode
[    0.255766] reg-fixed-voltage fixedregulator0: using DT '/fixedregulator0' for '(default)' GPIO lookup
[    0.255819] of_get_named_gpiod_flags: can't parse 'gpios' property of node '/fixedregulator0[0]'
[    0.255848] of_get_named_gpiod_flags: can't parse 'gpio' property of node '/fixedregulator0[0]'
[    0.255866] reg-fixed-voltage fixedregulator0: using lookup tables for GPIO lookup
[    0.255877] reg-fixed-voltage fixedregulator0: No GPIO consumer (default) found
[    0.261658] SCSI subsystem initialized
[    0.262153] libata version 3.00 loaded.
[    0.262515] pps_core: LinuxPPS API ver. 1 registered
[    0.262526] pps_core: Software ver. 5.3.6 - Copyright 2005-2007 Rodolfo Giometti <giometti@linux.it>
[    0.262551] PTP clock support registered
[    0.271001] vgaarb: loaded
[    0.271417] clocksource: Switched to clocksource dmtimer
[    0.272080] VFS: Disk quotas dquot_6.6.0
[    0.272123] VFS: Dquot-cache hash table entries: 1024 (order 0, 4096 bytes)
[    0.297336] NET: Registered PF_INET protocol family
[    0.297690] IP idents hash table entries: 8192 (order: 4, 65536 bytes, linear)
[    0.299085] tcp_listen_portaddr_hash hash table entries: 512 (order: 0, 4096 bytes, linear)
[    0.299123] Table-perturb hash table entries: 65536 (order: 6, 262144 bytes, linear)
[    0.299145] TCP established hash table entries: 4096 (order: 2, 16384 bytes, linear)
[    0.299189] TCP bind hash table entries: 4096 (order: 4, 65536 bytes, linear)
[    0.299289] TCP: Hash tables configured (established 4096 bind 4096)
[    0.299410] UDP hash table entries: 256 (order: 1, 8192 bytes, linear)
[    0.299440] UDP-Lite hash table entries: 256 (order: 1, 8192 bytes, linear)
[    0.299618] NET: Registered PF_UNIX/PF_LOCAL protocol family
[    0.312277] RPC: Registered named UNIX socket transport module.
[    0.312302] RPC: Registered udp transport module.
[    0.312308] RPC: Registered tcp transport module.
[    0.312313] RPC: Registered tcp-with-tls transport module.
[    0.312319] RPC: Registered tcp NFSv4.1 backchannel transport module.
[    0.312344] PCI: CLS 0 bytes, default 64
[    0.313836] Initialise system trusted keyrings
[    0.314643] workingset: timestamp_bits=14 max_order=17 bucket_order=3
[    0.316325] NFS: Registering the id_resolver key type
[    0.316405] Key type id_resolver registered
[    0.316415] Key type id_legacy registered
[    0.316465] jffs2: version 2.2. (NAND) (SUMMARY)  Â© 2001-2006 Red Hat, Inc.
[    0.316870] Key type asymmetric registered
[    0.316885] Asymmetric key parser 'x509' registered
[    0.316954] io scheduler mq-deadline registered
[    0.316966] io scheduler kyber registered
[    0.317036] io scheduler bfq registered
[    0.318694] ledtrig-cpu: registered to indicate activity on CPUs
[    0.332151] Serial: 8250/16550 driver, 6 ports, IRQ sharing enabled
[    0.372183] brd: module loaded
[    0.392970] loop: module loaded
[    0.393892] mtdoops: mtd device (mtddev=name/number) must be supplied
[    0.395601] mdio_bus fixed-0: using lookup tables for GPIO lookup
[    0.395625] mdio_bus fixed-0: No GPIO consumer reset found
[    0.396999] i2c_dev: i2c /dev entries driver
[    0.397993] cpuidle: enable-method property 'ti,am3352' found operations
[    0.398439] sdhci: Secure Digital Host Controller Interface driver
[    0.398449] sdhci: Copyright(c) Pierre Ossman
[    0.398621] sdhci-pltfm: SDHCI platform and OF driver helper
[    0.399636] Initializing XFRM netlink socket
[    0.399788] NET: Registered PF_INET6 protocol family
[    0.401996] Segment Routing with IPv6
[    0.402089] In-situ OAM (IOAM) with IPv6
[    0.402189] sit: IPv6, IPv4 and MPLS over IPv4 tunneling driver
[    0.403152] NET: Registered PF_PACKET protocol family
[    0.403189] NET: Registered PF_KEY protocol family
[    0.403325] Key type dns_resolver registered
[    0.403603] ThumbEE CPU extension supported.
[    0.403624] Registering SWP/SWPB emulation handler
[    0.404156] omap_voltage_late_init: Voltage driver support not added
[    0.404505] SmartReflex Class3 initialized
[    0.439325] Loading compiled-in X.509 certificates
[    0.493741] gpiochip_find_base_unlocked: found new base at 512
[    0.513729] platform 44e10800.pinmux: Fixed dependency cycle(s) with /ocp/interconnect@44c00000/segment@200000/target-module@10000/scm@0/pinmux@800/clkout2-pins
[    0.514284] pinctrl-single 44e10800.pinmux: 142 pins, size 568
[    0.519284] ti-sysc 44e31000.target-module: probe with driver ti-sysc failed with error -16
[    0.566747] ti-sysc 48040000.target-module: probe with driver ti-sysc failed with error -16
[    0.577940] gpiochip_find_base_unlocked: found new base at 512
[    0.578042] gpio gpiochip0: (gpio-0-31): created GPIO range 0->7 ==> 44e10800.pinmux PIN 0->7
[    0.578062] gpio gpiochip0: (gpio-0-31): created GPIO range 8->11 ==> 44e10800.pinmux PIN 90->93
[    0.578078] gpio gpiochip0: (gpio-0-31): created GPIO range 12->27 ==> 44e10800.pinmux PIN 12->27
[    0.578093] gpio gpiochip0: (gpio-0-31): created GPIO range 28->31 ==> 44e10800.pinmux PIN 30->33
[    0.592861] gpio gpiochip0: (gpio-0-31): added GPIO chardev (254:0)
[    0.593011] gpio gpiochip0: registered GPIOs 512 to 543 on gpio-0-31
[    0.593096] OMAP GPIO hardware version 0.1
[    0.632193] i2c i2c-2: using DT '/ocp/interconnect@48000000/segment@100000/target-module@9c000/i2c@0' for 'scl' GPIO lookup
[    0.632270] of_get_named_gpiod_flags: can't parse 'scl-gpios' property of node '/ocp/interconnect@48000000/segment@100000/target-module@9c000/i2c@0[0]'
[    0.632314] of_get_named_gpiod_flags: can't parse 'scl-gpio' property of node '/ocp/interconnect@48000000/segment@100000/target-module@9c000/i2c@0[0]'
[    0.632351] i2c i2c-2: using lookup tables for GPIO lookup
[    0.632361] i2c i2c-2: No GPIO consumer scl found
[    0.632382] i2c i2c-2: using DT '/ocp/interconnect@48000000/segment@100000/target-module@9c000/i2c@0' for 'sda' GPIO lookup
[    0.632418] of_get_named_gpiod_flags: can't parse 'sda-gpios' property of node '/ocp/interconnect@48000000/segment@100000/target-module@9c000/i2c@0[0]'
[    0.632456] of_get_named_gpiod_flags: can't parse 'sda-gpio' property of node '/ocp/interconnect@48000000/segment@100000/target-module@9c000/i2c@0[0]'
[    0.632489] i2c i2c-2: using lookup tables for GPIO lookup
[    0.632496] i2c i2c-2: No GPIO consumer sda found
[    0.633220] omap_i2c 4819c000.i2c: bus 2 rev0.11 at 100 kHz
[    0.638484] gpiochip_find_base_unlocked: found new base at 544
[    0.638590] gpio gpiochip1: (gpio-32-63): created GPIO range 0->17 ==> 44e10800.pinmux PIN 34->51
[    0.638613] gpio gpiochip1: (gpio-32-63): created GPIO range 18->21 ==> 44e10800.pinmux PIN 77->80
[    0.638631] gpio gpiochip1: (gpio-32-63): created GPIO range 22->31 ==> 44e10800.pinmux PIN 56->65
[    0.663865] gpio gpiochip1: (gpio-32-63): added GPIO chardev (254:1)
[    0.664059] gpio gpiochip1: registered GPIOs 544 to 575 on gpio-32-63
[    0.666300] gpiochip_find_base_unlocked: found new base at 576
[    0.666392] gpio gpiochip2: (gpio-64-95): created GPIO range 0->4 ==> 44e10800.pinmux PIN 66->70
[    0.666411] gpio gpiochip2: (gpio-64-95): created GPIO range 5->6 ==> 44e10800.pinmux PIN 98->99
[    0.666426] gpio gpiochip2: (gpio-64-95): created GPIO range 7->8 ==> 44e10800.pinmux PIN 75->76
[    0.666441] gpio gpiochip2: (gpio-64-95): created GPIO range 13->13 ==> 44e10800.pinmux PIN 141->141
[    0.666458] gpio gpiochip2: (gpio-64-95): created GPIO range 14->21 ==> 44e10800.pinmux PIN 100->107
[    0.667196] gpio gpiochip2: (gpio-64-95): added GPIO chardev (254:2)
[    0.667335] gpio gpiochip2: registered GPIOs 576 to 607 on gpio-64-95
[    0.673047] 48000000.interconnect:segment@200000:target-module@0:mpu@0:fck: device ID is greater than 24
[    0.677170] platform 4830e000.lcdc: Fixed dependency cycle(s) with /ocp/interconnect@44c00000/segment@200000/target-module@b000/i2c@0/tda19988@70
[    0.686596] mdio_bus 4a101000.mdio: using DT '/ocp/interconnect@4a000000/segment@0/target-module@100000/switch@0/mdio@1000' for 'reset' GPIO lookup
[    0.686672] of_get_named_gpiod_flags: can't parse 'reset-gpios' property of node '/ocp/interconnect@4a000000/segment@0/target-module@100000/switch@0/mdio@1000[0]'
[    0.686721] of_get_named_gpiod_flags: can't parse 'reset-gpio' property of node '/ocp/interconnect@4a000000/segment@0/target-module@100000/switch@0/mdio@1000[0]'
[    0.686770] mdio_bus 4a101000.mdio: using lookup tables for GPIO lookup
[    0.686780] mdio_bus 4a101000.mdio: No GPIO consumer reset found
[    0.688035] sdhci-omap 481d8000.mmc: using DT '/ocp/interconnect@48000000/segment@100000/target-module@d8000/mmc@0' for 'wp' GPIO lookup
[    0.688111] of_get_named_gpiod_flags: can't parse 'wp-gpios' property of node '/ocp/interconnect@48000000/segment@100000/target-module@d8000/mmc@0[0]'
[    0.688155] of_get_named_gpiod_flags: can't parse 'wp-gpio' property of node '/ocp/interconnect@48000000/segment@100000/target-module@d8000/mmc@0[0]'
[    0.688190] sdhci-omap 481d8000.mmc: using lookup tables for GPIO lookup
[    0.688200] sdhci-omap 481d8000.mmc: No GPIO consumer wp found
[    0.688396] sdhci-omap 481d8000.mmc: supply pbias not found, using dummy regulator
[    0.688905] sdhci-omap 481d8000.mmc: supply vqmmc not found, using dummy regulator
[    0.736690] davinci_mdio 4a101000.mdio: davinci mdio revision 1.6, bus freq 1000000
[    0.754032] mdio_bus 4a101000.mdio:00: using DT '/ocp/interconnect@4a000000/segment@0/target-module@100000/switch@0/mdio@1000/ethernet-phy@0' for 'reset' GPIO lookup
[    0.754132] of_get_named_gpiod_flags: parsed 'reset-gpios' property of node '/ocp/interconnect@4a000000/segment@0/target-module@100000/switch@0/mdio@1000/ethernet-phy@0[0]' - status (0)
[    0.754291] gpio gpiochip0: Persistence not supported for GPIO 8
[    0.851253] davinci_mdio 4a101000.mdio: phy[0]: device 4a101000.mdio:00, driver SMSC LAN8710/LAN8720
[    0.852143] cpsw-switch 4a100000.switch: initialized cpsw ale version 1.4
[    0.852166] cpsw-switch 4a100000.switch: ALE Table size 1024, Policers 0
[    0.869280] cpsw-switch 4a100000.switch: cpts: overflow check period 500 (jiffies)
[    0.869308] cpsw-switch 4a100000.switch: CPTS: ref_clk_freq:250000000 calc_mult:2147483648 calc_shift:29 error:0 nsec/sec
[    0.869420] cpsw-switch 4a100000.switch: Detected MACID = 6c:ec:eb:68:de:78
[    0.871243] cpsw-switch 4a100000.switch: initialized (regs 0x4a100000, pool size 256) hw_ver:0019010C 1.12 (0)
[    0.882394] debugfs: Directory '49000000.dma' with parent 'dmaengine' already present!
[    0.882435] edma 49000000.dma: TI EDMA DMA engine driver
[    0.930753] target-module@4b000000:target-module@140000:pmu@0:fck: device ID is greater than 24
[    0.934943] hw perfevents: enabled with armv7_cortex_a8 PMU driver, 5 (8000000f) counters available
[    0.935883] gpio-clk clk_mcasp0: using DT '/clk_mcasp0' for 'enable' GPIO lookup
[    0.935951] of_get_named_gpiod_flags: parsed 'enable-gpios' property of node '/clk_mcasp0[0]' - status (0)
[    0.935995] gpio gpiochip0: Persistence not supported for GPIO 27
[    0.936801] gpiochip_find_base_unlocked: found new base at 608
[    0.936927] gpio gpiochip3: (gpio-96-127): created GPIO range 0->7 ==> 44e10800.pinmux PIN 82->89
[    0.936945] gpio gpiochip3: (gpio-96-127): created GPIO range 8->11 ==> 44e10800.pinmux PIN 52->55
[    0.936960] gpio gpiochip3: (gpio-96-127): created GPIO range 12->15 ==> 44e10800.pinmux PIN 94->97
[    0.936976] gpio gpiochip3: (gpio-96-127): created GPIO range 16->17 ==> 44e10800.pinmux PIN 71->72
[    0.936992] gpio gpiochip3: (gpio-96-127): created GPIO range 18->18 ==> 44e10800.pinmux PIN 135->135
[    0.937008] gpio gpiochip3: (gpio-96-127): created GPIO range 19->20 ==> 44e10800.pinmux PIN 108->109
[    0.937024] gpio gpiochip3: (gpio-96-127): created GPIO range 21->21 ==> 44e10800.pinmux PIN 73->73
[    0.937041] gpio gpiochip3: (gpio-96-127): created GPIO range 22->23 ==> 44e10800.pinmux PIN 8->9
[    0.937058] gpio gpiochip3: (gpio-96-127): created GPIO range 26->27 ==> 44e10800.pinmux PIN 10->11
[    0.937076] gpio gpiochip3: (gpio-96-127): created GPIO range 28->28 ==> 44e10800.pinmux PIN 74->74
[    0.937093] gpio gpiochip3: (gpio-96-127): created GPIO range 29->29 ==> 44e10800.pinmux PIN 81->81
[    0.937111] gpio gpiochip3: (gpio-96-127): created GPIO range 30->31 ==> 44e10800.pinmux PIN 28->29
[    0.942691] l3-aon-clkctrl:0000:0: failed to disable
[    0.952778] gpio gpiochip3: (gpio-96-127): added GPIO chardev (254:3)
[    0.952932] gpio gpiochip3: registered GPIOs 608 to 639 on gpio-96-127
[    0.954722] omap8250 44e09000.serial: using DT '/ocp/interconnect@44c00000/segment@200000/target-module@9000/serial@0' for 'rs485-term' GPIO lookup
[    0.954795] of_get_named_gpiod_flags: can't parse 'rs485-term-gpios' property of node '/ocp/interconnect@44c00000/segment@200000/target-module@9000/serial@0[0]'
[    0.954841] of_get_named_gpiod_flags: can't parse 'rs485-term-gpio' property of node '/ocp/interconnect@44c00000/segment@200000/target-module@9000/serial@0[0]'
[    0.954878] omap8250 44e09000.serial: using lookup tables for GPIO lookup
[    0.954888] omap8250 44e09000.serial: No GPIO consumer rs485-term found
[    0.954898] omap8250 44e09000.serial: using DT '/ocp/interconnect@44c00000/segment@200000/target-module@9000/serial@0' for 'rs485-rx-during-tx' GPIO lookup
[    0.954935] of_get_named_gpiod_flags: can't parse 'rs485-rx-during-tx-gpios' property of node '/ocp/interconnect@44c00000/segment@200000/target-module@9000/serial@0[0]'
[    0.954973] of_get_named_gpiod_flags: can't parse 'rs485-rx-during-tx-gpio' property of node '/ocp/interconnect@44c00000/segment@200000/target-module@9000/serial@0[0]'
[    0.955006] omap8250 44e09000.serial: using lookup tables for GPIO lookup
[    0.955014] omap8250 44e09000.serial: No GPIO consumer rs485-rx-during-tx found
[    0.955388] 44e09000.serial: ttyS0 at MMIO 0x44e09000 (irq = 34, base_baud = 3000000) is a 8250
[    0.955473] printk: legacy console [ttyS0] enabled
[    2.283487] i2c i2c-0: using DT '/ocp/interconnect@44c00000/segment@200000/target-module@b000/i2c@0' for 'scl' GPIO lookup
[    2.283577] of_get_named_gpiod_flags: can't parse 'scl-gpios' property of node '/ocp/interconnect@44c00000/segment@200000/target-module@b000/i2c@0[0]'
[    2.283625] of_get_named_gpiod_flags: can't parse 'scl-gpio' property of node '/ocp/interconnect@44c00000/segment@200000/target-module@b000/i2c@0[0]'
[    2.283667] i2c i2c-0: using lookup tables for GPIO lookup
[    2.283681] i2c i2c-0: No GPIO consumer scl found
[    2.283707] i2c i2c-0: using DT '/ocp/interconnect@44c00000/segment@200000/target-module@b000/i2c@0' for 'sda' GPIO lookup
[    2.283747] of_get_named_gpiod_flags: can't parse 'sda-gpios' property of node '/ocp/interconnect@44c00000/segment@200000/target-module@b000/i2c@0[0]'
[    2.283790] of_get_named_gpiod_flags: can't parse 'sda-gpio' property of node '/ocp/interconnect@44c00000/segment@200000/target-module@b000/i2c@0[0]'
[    2.283827] i2c i2c-0: using lookup tables for GPIO lookup
[    2.283839] i2c i2c-0: No GPIO consumer sda found
[    2.302428] tps65217-pmic: Failed to locate of_node [id: -1]
[    2.308515] tps65217-bl: Failed to locate of_node [id: -1]
[    2.319999] tps65217 0-0024: TPS65217 ID 0xe version 1.2
[    2.326149] platform 4830e000.lcdc: Fixed dependency cycle(s) with /ocp/interconnect@44c00000/segment@200000/target-module@b000/i2c@0/tda19988@70
[    2.339586] i2c 0-0070: Fixed dependency cycle(s) with /ocp/interconnect@48000000/segment@300000/target-module@e000/lcdc@0
[    2.350993] omap_i2c 44e0b000.i2c: bus 0 rev0.11 at 400 kHz
[    2.358617] sdhci-omap 48060000.mmc: using DT '/ocp/interconnect@48000000/segment@0/target-module@60000/mmc@0' for 'cd' GPIO lookup
[    2.358727] of_get_named_gpiod_flags: parsed 'cd-gpios' property of node '/ocp/interconnect@48000000/segment@0/target-module@60000/mmc@0[0]' - status (0)
[    2.358794] gpio gpiochip3: Persistence not supported for GPIO 6
[    2.358820] omap_gpio 44e07000.gpio: Could not set line 6 debounce to 200000 microseconds (-22)
[    2.367701] sdhci-omap 48060000.mmc: Got CD GPIO
[    2.372388] sdhci-omap 48060000.mmc: using DT '/ocp/interconnect@48000000/segment@0/target-module@60000/mmc@0' for 'wp' GPIO lookup
[    2.372438] of_get_named_gpiod_flags: can't parse 'wp-gpios' property of node '/ocp/interconnect@48000000/segment@0/target-module@60000/mmc@0[0]'
[    2.372483] of_get_named_gpiod_flags: can't parse 'wp-gpio' property of node '/ocp/interconnect@48000000/segment@0/target-module@60000/mmc@0[0]'
[    2.372524] sdhci-omap 48060000.mmc: using lookup tables for GPIO lookup
[    2.372539] sdhci-omap 48060000.mmc: No GPIO consumer wp found
[    2.372746] sdhci-omap 48060000.mmc: supply pbias not found, using dummy regulator
[    2.381585] sdhci-omap 481d8000.mmc: using DT '/ocp/interconnect@48000000/segment@100000/target-module@d8000/mmc@0' for 'wp' GPIO lookup
[    2.381664] of_get_named_gpiod_flags: can't parse 'wp-gpios' property of node '/ocp/interconnect@48000000/segment@100000/target-module@d8000/mmc@0[0]'
[    2.381715] of_get_named_gpiod_flags: can't parse 'wp-gpio' property of node '/ocp/interconnect@48000000/segment@100000/target-module@d8000/mmc@0[0]'
[    2.381755] sdhci-omap 481d8000.mmc: using lookup tables for GPIO lookup
[    2.381770] sdhci-omap 481d8000.mmc: No GPIO consumer wp found
[    2.383166] sdhci-omap 48060000.mmc: supply vqmmc not found, using dummy regulator
[    2.392304] sdhci-omap 481d8000.mmc: supply pbias not found, using dummy regulator
[    2.400308] sdhci-omap 481d8000.mmc: supply vqmmc not found, using dummy regulator
[    2.437674] mmc1: SDHCI controller on 481d8000.mmc [481d8000.mmc] using External DMA
[    2.446191] mmc0: SDHCI controller on 48060000.mmc [48060000.mmc] using External DMA
[    2.455038] cpsw-switch 4a100000.switch: starting ndev. mode: dual_mac
[    2.500657] mmc0: new high speed SDHC card at address 5048
[    2.507768] mmcblk0: mmc0:5048 SD16G 14.4 GiB
[    2.515958]  mmcblk0: p1 p2
[    2.519345] mmcblk0: p2 size 31221760 extends beyond EOD, truncated
[    2.532661] SMSC LAN8710/LAN8720 4a101000.mdio:00: attached PHY driver (mii_bus:phy_addr=4a101000.mdio:00, irq=POLL)
[    2.545403] mmc1: new high speed MMC card at address 0001
[    2.556460] mmcblk1: mmc1:0001 MMC04G 3.60 GiB
[    2.563937]  mmcblk1: p1 p2
[    2.568149] mmcblk1boot0: mmc1:0001 MMC04G 2.00 MiB
[    2.575548] mmcblk1boot1: mmc1:0001 MMC04G 2.00 MiB
[    2.582945] mmcblk1rpmb: mmc1:0001 MMC04G 128 KiB, chardev (250:0)
[    5.682187] cpsw-switch 4a100000.switch eth0: Link is Up - 100Mbps/Full - flow control off
[    5.711433] IP-Config: Complete:
[    5.714707]      device=eth0, hwaddr=6c:ec:eb:68:de:78, ipaddr=192.168.255.1, mask=255.255.255.0, gw=255.255.255.255
[    5.725351]      host=bbb1, domain=, nis-domain=(none)
[    5.730519]      bootserver=192.168.255.126, rootserver=192.168.255.126, rootpath=
[    5.730933] clk: Disabling unused clocks
[    5.742797] PM: genpd: Disabling unused power domains
[    5.747915] KTAP version 1
[    5.750636] 1..0
[    5.782773] VFS: Mounted root (nfs filesystem) on device 0:17.
[    5.789597] devtmpfs: mounted
[    5.794520] Freeing unused kernel image (initmem) memory: 1024K
[    5.801155] Run /sbin/init as init process
[    5.805433]   with arguments:
[    5.805450]     /sbin/init
[    5.805460]     nfsrootdebug
[    5.805470]   with environment:
[    5.805480]     HOME=/
[    5.805490]     TERM=linux
[    6.512341] systemd[1]: System time before build time, advancing clock.
[    7.991438] random: crng init done
[    8.032994] systemd[1]: systemd 232 running in system mode. (+PAM +AUDIT +SELINUX +IMA +APPARMOR +SMACK +SYSVINIT +UTMP +LIBCRYPTSETUP +GCRYPT +GNUTLS +ACL +XZ +LZ4 +SECCOMP +BLKID +ELFUTILS +KMOD +IDN)
[    8.052181] systemd[1]: Detected architecture arm.
[    8.088784] systemd[1]: Set hostname to <arm>.
[    9.240459] systemd[1]: Listening on Journal Socket.
[    9.262438] systemd[1]: Started Dispatch Password Requests to Console Directory Watch.
[    9.293235] systemd[1]: Set up automount Arbitrary Executable File Formats File System Automount Point.
[    9.323561] systemd[1]: Listening on udev Control Socket.
[    9.353008] systemd[1]: Created slice User and Session Slice.
[    9.382765] systemd[1]: Created slice System Slice.
[    9.412850] systemd[1]: Created slice system-serial\x2dgetty.slice.
[   11.649215] systemd-journald[90]: Received request to flush runtime journal from PID 1
[   14.083893] leds-gpio leds: using DT '/leds/led2' for '(default)' GPIO lookup
[   14.084001] of_get_named_gpiod_flags: parsed 'gpios' property of node '/leds/led2[0]' - status (0)
[   14.084060] gpio gpiochip0: Persistence not supported for GPIO 21
[   14.084076] gpio-533 (?): no flags found for GPIO (default)
[   14.215808] leds-gpio leds: using DT '/leds/led3' for '(default)' GPIO lookup
[   14.215920] of_get_named_gpiod_flags: parsed 'gpios' property of node '/leds/led3[0]' - status (0)
[   14.215977] gpio gpiochip0: Persistence not supported for GPIO 22
[   14.215993] gpio-534 (?): no flags found for GPIO (default)
[   14.241930] leds-gpio leds: using DT '/leds/led4' for '(default)' GPIO lookup
[   14.242032] of_get_named_gpiod_flags: parsed 'gpios' property of node '/leds/led4[0]' - status (0)
[   14.242084] gpio gpiochip0: Persistence not supported for GPIO 23
[   14.242099] gpio-535 (?): no flags found for GPIO (default)
[   14.271903] leds-gpio leds: using DT '/leds/led5' for '(default)' GPIO lookup
[   14.272001] of_get_named_gpiod_flags: parsed 'gpios' property of node '/leds/led5[0]' - status (0)
[   14.272053] gpio gpiochip0: Persistence not supported for GPIO 24
[   14.272069] gpio-536 (?): no flags found for GPIO (default)
[   14.576017] remoteproc remoteproc0: wkup_m3 is available
[   14.698308] at24 2-0054: supply vcc not found, using dummy regulator
[   14.849051] at24 2-0055: supply vcc not found, using dummy regulator
[   14.952080] at24 2-0056: supply vcc not found, using dummy regulator
[   15.034631] at24 2-0057: supply vcc not found, using dummy regulator
[   15.083011] tps6521x_pwrbutton tps65217-pwrbutton: DMA mask not set
[   15.172849] input: tps65217_pwrbutton as /devices/platform/ocp/44c00000.interconnect/44c00000.interconnect:segment@200000/44e0b000.target-module/44e0b000.i2c/i2c-0/0-0024/tps65217-pwrbutton/input/input0
[   15.199856] at24 0-0050: using DT '/ocp/interconnect@44c00000/segment@200000/target-module@b000/i2c@0/eeprom@50' for 'wp' GPIO lookup
[   15.199970] of_get_named_gpiod_flags: can't parse 'wp-gpios' property of node '/ocp/interconnect@44c00000/segment@200000/target-module@b000/i2c@0/eeprom@50[0]'
[   15.200032] of_get_named_gpiod_flags: can't parse 'wp-gpio' property of node '/ocp/interconnect@44c00000/segment@200000/target-module@b000/i2c@0/eeprom@50[0]'
[   15.200080] at24 0-0050: using lookup tables for GPIO lookup
[   15.200095] at24 0-0050: No GPIO consumer wp found
[   15.200378] at24 0-0050: 32768 byte 24c256 EEPROM, writable, 1 bytes/write
[   15.248328] wkup_m3_ipc 44e11324.wkup_m3_ipc: IPC Request for A8->M3 Channel failed! -517
[   15.336314] wkup_m3_ipc 44e11324.wkup_m3_ipc: IPC Request for A8->M3 Channel failed! -517
[   15.449335] omap_rtc 44e3e000.rtc: registered as rtc0
[   15.455317] omap_rtc 44e3e000.rtc: setting system clock to 2000-01-01T00:00:00 UTC (946684800)
[   15.464316] omap_rtc 44e3e000.rtc: using DT '/ocp/interconnect@44c00000/segment@200000/target-module@3e000/rtc@0' for 'wp' GPIO lookup
[   15.464397] of_get_named_gpiod_flags: can't parse 'wp-gpios' property of node '/ocp/interconnect@44c00000/segment@200000/target-module@3e000/rtc@0[0]'
[   15.464452] of_get_named_gpiod_flags: can't parse 'wp-gpio' property of node '/ocp/interconnect@44c00000/segment@200000/target-module@3e000/rtc@0[0]'
[   15.464495] omap_rtc 44e3e000.rtc: using lookup tables for GPIO lookup
[   15.464510] omap_rtc 44e3e000.rtc: No GPIO consumer wp found
[   15.483531] wkup_m3_ipc 44e11324.wkup_m3_ipc: IPC Request for A8->M3 Channel failed! -517
[   15.657012] am335x-phy-driver 47401300.usb-phy: using DT '/ocp/target-module@47400000/usb-phy@1300' for 'reset' GPIO lookup
[   15.657107] of_get_named_gpiod_flags: can't parse 'reset-gpios' property of node '/ocp/target-module@47400000/usb-phy@1300[0]'
[   15.657155] of_get_named_gpiod_flags: can't parse 'reset-gpio' property of node '/ocp/target-module@47400000/usb-phy@1300[0]'
[   15.657194] am335x-phy-driver 47401300.usb-phy: using lookup tables for GPIO lookup
[   15.657209] am335x-phy-driver 47401300.usb-phy: No GPIO consumer reset found
[   15.657226] am335x-phy-driver 47401300.usb-phy: using DT '/ocp/target-module@47400000/usb-phy@1300' for 'vbus-detect' GPIO lookup
[   15.657258] of_get_named_gpiod_flags: can't parse 'vbus-detect-gpios' property of node '/ocp/target-module@47400000/usb-phy@1300[0]'
