Labgrid Console Logfile for main
Logfile started at 2025-08-12 08:23:45.057426
=== Log starts here ===
reading args
spl_load_image_fat_os: error reading image args, err - -1
reading u-boot.img
reading u-boot.img


U-Boot 2014.04-00014-g47880f5 (Apr 22 2014 - 13:23:54)

I2C:   ready
DRAM:  512 MiB
NAND:  0 MiB
MMC:   OMAP SD/MMC: 0, OMAP SD/MMC: 1
*** Warning - readenv() failed, using default environment

Net:   <ethaddr> not set. Validating first E-fuse MAC
cpsw, usb_ether
Hit any key to stop autoboot:  1  0 
gpio: pin 53 (gpio 53) value is 1
mmc0 is current device
gpio: pin 54 (gpio 54) value is 1
SD/MMC found on device 0
reading uEnv.txt
569 bytes read in 3 ms (184.6 KiB/s)
gpio: pin 55 (gpio 55) value is 1
Loaded environment from uEnv.txt
Importing environment from mmc ...
Checking if uenvcmd is set ...
gpio: pin 56 (gpio 56) value is 1
Running uenvcmd ...
cpsw Waiting for PHY auto negotiation to complete. done
link up on port 0, speed 100, full duplex
Using cpsw device
TFTP from server 192.168.255.126; our IP address is 192.168.255.1
Filename 'zImage'.
Load address: 0x81000000
Loading: *#################################################################
	 #################################################################
	 #################################################################
	 #################################################################
	 #################################################################
	 ############################################################
	 2.4 MiB/s
done
Bytes transferred = 5647600 (562cf0 hex)
link up on port 0, speed 100, full duplex
Using cpsw device
TFTP from server 192.168.255.126; our IP address is 192.168.255.1
Filename 'am335x-boneblack.dtb'.
Load address: 0x82000000
Loading: *#######
	 2.4 MiB/s
done
Bytes transferred = 98244 (17fc4 hex)
Kernel image @ 0x81000000 [ 0x000000 - 0x562cf0 ]
## Flattened Device Tree blob at 82000000
   Booting using the fdt blob at 0x82000000
   Using Device Tree in place at 82000000, end 8201afc3

Starting kernel ...

[    0.000000] Booting Linux on physical CPU 0x0
[    0.000000] Linux version 6.17.0-rc1-next-20250812 (user01@drvtest01) (arm-none-eabi-gcc (Arm GNU Toolchain 14.2.Rel1 (Build arm-14.52)) 14.2.1 20241119, GNU ld (Arm GNU Toolchain 14.2.Rel1 (Build arm-14.52)) 2.43.1.20241119) #1 SMP Tue Aug 12 08:19:45 EEST 2025
[    0.000000] CPU: ARMv7 Processor [413fc082] revision 2 (ARMv7), cr=10c5387d
[    0.000000] CPU: PIPT / VIPT nonaliasing data cache, VIPT aliasing instruction cache
[    0.000000] OF: fdt: Machine model: TI AM335x BeagleBone Black
[    0.000000] Memory policy: Data cache writeback
[    0.000000] cma: Reserved 16 MiB at 0x9e800000
[    0.000000] Zone ranges:
[    0.000000]   Normal   [mem 0x0000000080000000-0x000000009fdfffff]
[    0.000000]   HighMem  empty
[    0.000000] Movable zone start for each node
[    0.000000] Early memory node ranges
[    0.000000]   node   0: [mem 0x0000000080000000-0x000000009fdfffff]
[    0.000000] Initmem setup node 0 [mem 0x0000000080000000-0x000000009fdfffff]
[    0.000000] On node 0, zone Normal: 512 pages in unavailable ranges
[    0.000000] OF: reserved mem: Reserved memory: No reserved-memory node in the DT
[    0.000000] CPU: All CPU(s) started in SVC mode.
[    0.000000] AM335X ES2.1 (sgx neon)
[    0.000000] percpu: Embedded 17 pages/cpu s39820 r8192 d21620 u69632
[    0.000000] Kernel command line: console=ttyO0,115200n8 root=/dev/nfs rw nfsroot=192.168.255.126:/home/user01/nfs,nfsvers=3 ip=192.168.255.1:192.168.255.126::255.255.255.0:bbb1:eth0 nfsrootdebug
[    0.000000] Unknown kernel command line parameters "nfsrootdebug", will be passed to user space.
[    0.000000] printk: log buffer data + meta data: 65536 + 204800 = 270336 bytes
[    0.000000] Dentry cache hash table entries: 65536 (order: 6, 262144 bytes, linear)
[    0.000000] Inode-cache hash table entries: 32768 (order: 5, 131072 bytes, linear)
[    0.000000] Built 1 zonelists, mobility grouping on.  Total pages: 130560
[    0.000000] mem auto-init: stack:off, heap alloc:off, heap free:off
[    0.000000] SLUB: HWalign=16, Order=0-3, MinObjects=0, CPUs=1, Nodes=1
[    0.000000] rcu: Hierarchical RCU implementation.
[    0.000000] rcu: 	RCU event tracing is enabled.
[    0.000000] rcu: 	RCU restricting CPUs from NR_CPUS=2 to nr_cpu_ids=1.
[    0.000000] 	Tracing variant of Tasks RCU enabled.
[    0.000000] rcu: RCU calculated value of scheduler-enlistment delay is 10 jiffies.
[    0.000000] rcu: Adjusting geometry for rcu_fanout_leaf=16, nr_cpu_ids=1
[    0.000000] RCU Tasks Trace: Setting shift to 0 and lim to 1 rcu_task_cb_adjust=1 rcu_task_cpu_ids=1.
[    0.000000] NR_IRQS: 16, nr_irqs: 16, preallocated irqs: 16
[    0.000000] IRQ: Found an INTC at 0x(ptrval) (revision 5.0) with 128 interrupts
[    0.000000] rcu: srcu_init: Setting srcu_struct sizes based on contention.
[    0.000000] TI gptimer clocksource: always-on /ocp/interconnect@44c00000/segment@200000/target-module@31000
[    0.000002] sched_clock: 32 bits at 24MHz, resolution 41ns, wraps every 89478484971ns
[    0.000027] clocksource: dmtimer: mask: 0xffffffff max_cycles: 0xffffffff, max_idle_ns: 79635851949 ns
[    0.000537] TI gptimer clockevent: 24000000 Hz at /ocp/interconnect@48000000/segment@0/target-module@40000
[    0.002156] Console: colour dummy device 80x30
[    0.002220] WARNING: Your 'console=ttyO0' has been replaced by 'ttyS0'
[    0.002228] This ensures that you still see kernel messages. Please
[    0.002232] update your kernel commandline.
[    0.002276] Calibrating delay loop... 996.14 BogoMIPS (lpj=4980736)
[    0.090586] CPU: Testing write buffer coherency: ok
[    0.090697] CPU0: Spectre v2: using BPIALL workaround
[    0.090707] pid_max: default: 32768 minimum: 301
[    0.090862] LSM: initializing lsm=capability
[    0.091025] Mount-cache hash table entries: 1024 (order: 0, 4096 bytes, linear)
[    0.091043] Mountpoint-cache hash table entries: 1024 (order: 0, 4096 bytes, linear)
[    0.092616] CPU0: thread -1, cpu 0, socket -1, mpidr 0
[    0.092675] cacheinfo: Unable to detect cache hierarchy for CPU 0
[    0.094694] Setting up static identity map for 0x80100000 - 0x80100078
[    0.095028] rcu: Hierarchical SRCU implementation.
[    0.095038] rcu: 	Max phase no-delay instances is 1000.
[    0.096742] smp: Bringing up secondary CPUs ...
[    0.096794] smp: Brought up 1 node, 1 CPU
[    0.096806] SMP: Total of 1 processors activated (996.14 BogoMIPS).
[    0.096816] CPU: All CPU(s) started in SVC mode.
[    0.097013] Memory: 480856K/522240K available (11264K kernel code, 1218K rwdata, 2936K rodata, 1024K init, 254K bss, 23352K reserved, 16384K cma-reserved, 0K highmem)
[    0.097827] devtmpfs: initialized
[    0.114852] VFP support v0.3: implementor 41 architecture 3 part 30 variant c rev 3
[    0.115487] clocksource: jiffies: mask: 0xffffffff max_cycles: 0xffffffff, max_idle_ns: 19112604462750000 ns
[    0.115543] posixtimers hash table entries: 512 (order: 0, 4096 bytes, linear)
[    0.115571] futex hash table entries: 256 (16384 bytes on 1 NUMA nodes, total 16 KiB, linear).
[    0.116700] pinctrl core: initialized pinctrl subsystem
[    0.118847] NET: Registered PF_NETLINK/PF_ROUTE protocol family
[    0.122035] DMA: preallocated 256 KiB pool for atomic coherent allocations
[    0.122642] audit: initializing netlink subsys (disabled)
[    0.123974] thermal_sys: Registered thermal governor 'fair_share'
[    0.123990] thermal_sys: Registered thermal governor 'step_wise'
[    0.124001] thermal_sys: Registered thermal governor 'user_space'
[    0.124113] audit: type=2000 audit(0.120:1): state=initialized audit_enabled=0 res=1
[    0.124188] cpuidle: using governor menu
[    0.142198] /ocp/interconnect@44c00000/segment@200000/target-module@b000/i2c@0/tda19988@70: Fixed dependency cycle(s) with /ocp/interconnect@48000000/segment@300000/target-module@e000/lcdc@0
[    0.143340] /ocp/interconnect@48000000/segment@300000/target-module@e000/lcdc@0: Fixed dependency cycle(s) with /ocp/interconnect@44c00000/segment@200000/target-module@b000/i2c@0/tda19988@70
[    0.145547] No ATAGs?
[    0.145587] hw-breakpoint: debug architecture 0x4 unsupported.
[    0.148720] kprobes: kprobe jump-optimization is enabled. All kprobes are optimized if possible.
[    0.154530] iommu: Default domain type: Translated
[    0.154552] iommu: DMA domain TLB invalidation policy: strict mode
[    0.161723] SCSI subsystem initialized
[    0.162594] pps_core: LinuxPPS API ver. 1 registered
[    0.162605] pps_core: Software ver. 5.3.6 - Copyright 2005-2007 Rodolfo Giometti <giometti@linux.it>
[    0.162630] PTP clock support registered
[    0.171184] vgaarb: loaded
[    0.171560] clocksource: Switched to clocksource dmtimer
[    0.172238] VFS: Disk quotas dquot_6.6.0
[    0.172293] VFS: Dquot-cache hash table entries: 1024 (order 0, 4096 bytes)
[    0.196672] NET: Registered PF_INET protocol family
[    0.197009] IP idents hash table entries: 8192 (order: 4, 65536 bytes, linear)
[    0.198436] tcp_listen_portaddr_hash hash table entries: 512 (order: 0, 4096 bytes, linear)
[    0.198473] Table-perturb hash table entries: 65536 (order: 6, 262144 bytes, linear)
[    0.198492] TCP established hash table entries: 4096 (order: 2, 16384 bytes, linear)
[    0.198538] TCP bind hash table entries: 4096 (order: 4, 65536 bytes, linear)
[    0.198638] TCP: Hash tables configured (established 4096 bind 4096)
[    0.198752] UDP hash table entries: 256 (order: 1, 14336 bytes, linear)
[    0.198787] UDP-Lite hash table entries: 256 (order: 1, 14336 bytes, linear)
[    0.198979] NET: Registered PF_UNIX/PF_LOCAL protocol family
[    0.200241] RPC: Registered named UNIX socket transport module.
[    0.200261] RPC: Registered udp transport module.
[    0.200266] RPC: Registered tcp transport module.
[    0.200271] RPC: Registered tcp-with-tls transport module.
[    0.200276] RPC: Registered tcp NFSv4.1 backchannel transport module.
[    0.200300] PCI: CLS 0 bytes, default 64
[    0.201849] Initialise system trusted keyrings
[    0.212295] workingset: timestamp_bits=14 max_order=17 bucket_order=3
[    0.213711] NFS: Registering the id_resolver key type
[    0.213786] Key type id_resolver registered
[    0.213793] Key type id_legacy registered
[    0.213899] jffs2: version 2.2. (NAND) (SUMMARY)  Â© 2001-2006 Red Hat, Inc.
[    0.214355] Key type asymmetric registered
[    0.214373] Asymmetric key parser 'x509' registered
[    0.214444] io scheduler mq-deadline registered
[    0.214455] io scheduler kyber registered
[    0.214532] io scheduler bfq registered
[    0.216425] target-module@4b000000:target-module@140000:pmu@0:fck: device ID is greater than 24
[    0.222621] l3-aon-clkctrl:0000:0: failed to disable
[    0.231933] ledtrig-cpu: registered to indicate activity on CPUs
[    0.235673] Serial: 8250/16550 driver, 6 ports, IRQ sharing enabled
[    0.282821] brd: module loaded
[    0.291268] loop: module loaded
[    0.292382] mtdoops: mtd device (mtddev=name/number) must be supplied
[    0.295531] i2c_dev: i2c /dev entries driver
[    0.296541] cpuidle: enable-method property 'ti,am3352' found operations
[    0.296990] sdhci: Secure Digital Host Controller Interface driver
[    0.297000] sdhci: Copyright(c) Pierre Ossman
[    0.297180] sdhci-pltfm: SDHCI platform and OF driver helper
[    0.318126] hw perfevents: enabled with armv7_cortex_a8 PMU driver, 5 (8000000f) counters available
[    0.318668] Initializing XFRM netlink socket
[    0.318859] NET: Registered PF_INET6 protocol family
[    0.324531] l3-aon-clkctrl:0000:0: failed to disable
[    0.326133] Segment Routing with IPv6
[    0.326216] In-situ OAM (IOAM) with IPv6
[    0.326311] sit: IPv6, IPv4 and MPLS over IPv4 tunneling driver
[    0.327280] NET: Registered PF_PACKET protocol family
[    0.327306] NET: Registered PF_KEY protocol family
[    0.327428] Key type dns_resolver registered
[    0.327659] ThumbEE CPU extension supported.
[    0.327678] Registering SWP/SWPB emulation handler
[    0.328216] omap_voltage_late_init: Voltage driver support not added
[    0.328881] SmartReflex Class3 initialized
[    0.352614] Loading compiled-in X.509 certificates
[    0.390059] /ocp/interconnect@44c00000/segment@200000/targe t-module@b000/i2c@0/tda19988@70: Fixed dependency cycle(s) with /ocp/interconnect@48000000/segment@300000/target-module@e000/lcdc@0
[    0.396670] /ocp/interconnect@44c00000/segment@200000/target-module@b000/i2c@0/tda19988@70: Fixed dependency cycle(s) with /ocp/interconnect@48000000/segment@300000/target-module@e000/lcdc@0
[    0.440086] /ocp/interconnect@44c00000/segment@200000/target-module@b000/i2c@0/tda19988@70: Fixed dependency cycle(s) with /ocp/interconnect@48000000/segment@300000/target-module@ e000/lcdc@0
[    0.440974] /ocp/interconnect@44c00000/segment@200000/target-module@b000/i2c@0/tda19988@70: Fixed dependency cycle(s) with /ocp/interconnect@48000000/segment@300000/target-module@e000/lcdc@0
[    0.444784] /ocp/interconnect@44c00000/segment@200000/target-module@10000/scm@0/pinmux@800: Fixed dependency cycle(s) with /ocp/interconnect@44c00000/segment@200000/target-module@10000/scm@0/pinmux@800/clkout2-pins
[    0.445380] pinctrl-single 44e10800.pinmux: 142 pins, size 568
[    0.450647] ti-sysc 44e31000.target-module: probe with driver ti-sysc failed with error -16
[    0.489814] /ocp/interconnect@48000000/segment@300000/target-module@e000/lcdc@0: Fixed dependency cycle(s) with /ocp/interconnect@44c00000/segment@200000/target-module@b000/i2c@0/tda19988@70
[    0.498193] ti-sysc 48040000.target-module: probe with driver ti-sysc failed with error -16
[    0.546741] OMAP GPIO hardware version 0.1
[    0.573955] omap_i2c 4819c000.i2c: bus 2 rev0.11 at 100 kHz
[    0.597851] 48000000.interconnect:segment@200000:target-module@0:mpu@0:fck: device ID is greater than 24
[    0.598757] /ocp/interconnect@48000000/segment@300000/target-module@e000/lcdc@0: Fixed dependency cycle(s) with /ocp/interconnect@44c00000/segment@200000/target-module@b000/i2c@0/tda19988@70
[    0.601868] /ocp/interconnect@48000000/segment@300000/target-module@e000/lcdc@0: Fixed dependency cycle(s) with /ocp/interconnect@44c00000/segment@200000/target-module@b000/i2c@0/tda19988@70
[    0.602664] /ocp/interconnect@44c00000/segme
[    2.452501] tps65217-pmic: Failed to locate of_node [id: -1]
[    2.458587] tps65217-bl: Failed to locate of_node [id: -1]
[    2.464669] platform tps65217-charger: DMA mask not set
[    2.470712] platform tps65217-pwrbutton: DMA mask not set
[    2.478009] tps65217 0-0024: TPS65217 ID 0xe version 1.2
[    2.484140] /ocp/interconnect@48000000/segment@300000/target-module@e000/lcdc@0: Fixed dependency cycle(s) with /ocp/interconnect@44c00000/segment@200000/target-module@b000/i2c@0/tda19988@70
[    2.501578] /ocp/interconnect@44c00000/segment@200000/target-module@b000/i2c@0/tda19988@70: Fixed dependency cycle(s) with /ocp/interconnect@48000000/segment@300000/target-module@e000/lcdc@0
[    2.518928] omap_i2c 44e0b000.i2c: bus 0 rev0.11 at 400 kHz
[    2.526799] omap_gpio 44e07000.gpio: Could not set line 6 debounce to 200000 microseconds (-22)
[    2.535726] sdhci-omap 48060000.mmc: Got CD GPIO
[    2.540743] sdhci-omap 48060000.mmc: supply pbias not found, using dummy regulator
[    2.550719] sdhci-omap 48060000.mmc: supply vqmmc not found, using dummy regulator
[    2.559837] sdhci-omap 481d8000.mmc: supply pbias not found, using dummy regulator
[    2.569480] sdhci-omap 481d8000.mmc: supply vqmmc not found, using dummy regulator
[    2.605355] mmc0: SDHCI controller on 48060000.mmc [48060000.mmc] using External DMA
[    2.613681] mmc1: SDHCI controller on 481d8000.mmc [481d8000.mmc] using External DMA
[    2.622446] cpsw-switch 4a100000.switch: starting ndev. mode: dual_mac
[    2.691865] mmc1: new high speed MMC card at address 0001
[    2.698702] mmcblk1: mmc1:0001 MMC04G 3.60 GiB
[    2.706584]  mmcblk1: p1 p2
[    2.710307] SMSC LAN8710/LAN8720 4a101000.mdio:00: attached PHY driver (mii_bus:phy_addr=4a101000.mdio:00, irq=POLL)
[    2.722912] mmcblk1boot0: mmc1:0001 MMC04G 2.00 MiB
[    2.736744] mmcblk1boot1: mmc1:0001 MMC04G 2.00 MiB
[    2.745740] mmcblk1rpmb: mmc1:0001 MMC04G 128 KiB, chardev (249:0)
[    2.794631] mmc0: new high speed SDHC card at address aaaa
[    2.801479] mmcblk0: mmc0:aaaa SE32G 29.7 GiB
[    2.810775]  mmcblk0: p1 p2
[    5.842312] cpsw-switch 4a100000.switch eth0: Link is Up - 100Mbps/Full - flow control off
[    5.871569] IP-Config: Complete:
[    5.874842]      device=eth0, hwaddr=6c:ec:eb:68:de:78, ipaddr=192.168.255.1, mask=255.255.255.0, gw=255.255.255.255
[    5.885476]      host=bbb1, domain=, nis-domain=(none)
[    5.890643]      bootserver=192.168.255.126, rootserver=192.168.255.126, rootpath=
[    5.891047] clk: Disabling unused clocks
[    5.902965] KTAP version 1
[    5.905697] 1..0
[    5.908393] check access for rdinit=/init failed: -2, ignoring
[    5.942459] VFS: Mounted root (nfs filesystem) on device 0:17.
[    5.949295] devtmpfs: mounted
[    5.954038] Freeing unused kernel image (initmem) memory: 1024K
[    5.960657] Run /sbin/init as init process
[    6.648114] systemd[1]: System time before build time, advancing clock.
[    8.171579] random: crng init done
[    8.188159] systemd[1]: systemd 232 running in system mode. (+PAM +AUDIT +SELINUX +IMA +APPARMOR +SMACK +SYSVINIT +UTMP +LIBCRYPTSETUP +GCRYPT +GNUTLS +ACL +XZ +LZ4 +SECCOMP +BLKID +ELFUTILS +KMOD +IDN)
[    8.207173] systemd[1]: Detected architecture arm.

Welcome to [1mDebian GNU/Linux 9 (stretch)[0m!

[    8.234883] systemd[1]: Set hostname to <arm>.
[    9.334796] systemd[1]: Started Dispatch Password Requests to Console Directory Watch.
[[0;32m  OK  [0m] Started Dispatch Password Requests to Console Directory Watch.
[    9.365564] systemd[1]: systemd-journald-dev-log.socket: SO_PASSSEC failed: Operation not supported
[    9.375215] systemd[1]: Listening on Journal Socket (/dev/log).
[[0;32m  OK  [0m] Listening on Journal Socket (/dev/log).
[    9.401963] systemd[1]: Reached target Swap.
[[0;32m  OK  [0m] Reached target Swap.
[    9.423287] systemd[1]: Set up automount Arbitrary Executable File Formats File System Automount Point.
[[0;32m  OK  [0m] Set up automount Arbitrary Executabâ€¦rmats File System Automount Point.
[    9.452203] systemd[1]: syslog.socket: SO_PASSSEC failed: Operation not supported
[    9.459905] systemd[1]: Listening on Syslog Socket.
[[0;32m  OK  [0m] Listening on Syslog Socket.
[[0;32m  OK  [0m] Reached target Remote File Systems.
[[0;32m  OK  [0m] Listening on Journal Audit Socket.
[[0;32m  OK  [0m] Created slice User and Session Slice.
[[0;32m  OK  [0m] Created slice System Slice.
[[0;32m  OK  [0m] Created slice system-serial\x2dgetty.slice.
[[0;32m  OK  [0m] Reached target Slices.
         Mounting POSIX Message Queue File System...
[[0;32m  OK  [0m] Created slice system-getty.slice.
[[0;32m  OK  [0m] Listening on udev Control Socket.
[[0;32m  OK  [0m] Listening on udev Kernel Socket.
         Mounting Debug File System...
[[0;32m  OK  [0m] Listening on Journal Socket.
         Starting Journal Service...
         Starting Create list of required stâ€¦ce nodes for the current kernel...
         Starting Remount Root and Kernel File Systems...
[[0;32m  OK  [0m] Started Forward Password Requests to Wall Directory Watch.
[[0;32m  OK  [0m] Reached target Paths.
[[0;32m  OK  [0m] Reached target Encrypted Volumes.
[[0;32m  OK  [0m] Listening on /dev/initctl Compatibility Named Pipe.
         Starting Load Kernel Modules...
[[0;32m  OK  [0m] Mounted POSIX Message Queue File System.
[[0;32m  OK  [0m] Mounted Debug File System.
[[0;32m  OK  [0m] Started Create list of required staâ€¦vice nodes for the current kernel.
[[0;32m  OK  [0m] Started Remount Root and Kernel File Systems.
         Starting udev Coldplug all Devices...
         Starting Load/Save Random Seed...
         Starting Create Static Device Nodes in /dev...
[[0;32m  OK  [0m] Started Load Kernel Modules.
         Mounting Configuration File System...
         Starting Apply Kernel Variables...
[[0;32m  OK  [0m] Mounted Configuration File System.
[[0;32m  OK  [0m] Started Load/Save Random Seed.
[[0;32m  OK  [0m] Started Apply Kernel Variables.
[[0;32m  OK  [0m] Started Journal Service.
[[0;32m  OK  [0m] Started Create Static Device Nodes in /dev.
[[0;32m  OK  [0m] Reached target Local File Systems (Pre).
[[0;32m  OK  [0m] Reached target Local File Systems.
         Starting Raise network interfaces...
         Starting udev Kernel Device Manager...
         Starting Flush Journal to Persistent Storage...
[   11.734653] systemd-journald[87]: Received request to flush runtime journal from PID 1
[[0;32m  OK  [0m] Started Flush Journal to Persistent Storage.
         Starting Create Volatile Files and Directories...
[[0;32m  OK  [0m] Started udev Kernel Device Manager.
[   12.644187] omap_prm 44e00d00.prm: sync_state() pending due to 44d00000.cpu
[[0;32m  OK  [0m] Started Create Volatile Files and Directories.
         Starting Update UTMP about System Boot/Shutdown...
         Starting Network Time Synchronization...
[[0;32m  OK  [0m] Started Update UTMP about System Boot/Shutdown.
[[0;32m  OK  [0m] Started udev Coldplug all Devices.
[   14.735646] remoteproc remoteproc0: wkup_m3 is available
[   14.838649] at24 2-0054: supply vcc not found, using dummy regulator
[   14.962161] at24 2-0055: supply vcc not found, using dummy regulator
[   15.096888] at24 2-0056: supply vcc not found, using dummy regulator
[   15.174235] at24 2-0057: supply vcc not found, using dummy regulator
[   15.297587] at24 0-0050: 32768 byte 24c256 EEPROM, writable, 1 bytes/write
[   15.485441] omap_rtc 44e3e000.rtc: registered as rtc0
[   15.490795] omap_rtc 44e3e000.rtc: setting system clock to 2000-01-01T00:00:01 UTC (946684801)
[   15.563492] input: tps65217_pwrbutton as /devices/platform/ocp/44c00000.interconnect/44c00000.interconnect:segment@200000/44e0b000.target-module/44e0b000.i2c/i2c-0/0-0024/tps65217-pwrbutton/input/input0
[[0;32m  OK  [0m] Found device /dev/ttyS0.
[   15.773829] omap_wdt: OMAP Watchdog Timer Rev 0x01: initial timeout 60 sec
[[0;32m  OK  [0m] Started Network Time Synchronization.
[[0;32m  OK  [0m] Reached target System Initialization.
[[0;32m  OK  [0m] Listening on D-Bus System Message Bus Socket.
[   15.960399] am335x-phy-driver 47401300.usb-phy: dummy supplies not allowed for exclusive requests (id=vbus)
[[0;32m  OK  [0m] Started Daily Cleanup of Temporary Directories.
[   16.122976] am335x-phy-driver 47401b00.usb-phy: dummy supplies not allowed for exclusive requests (id=vbus)
[[0;32m  OK  [0m] Listening on Avahi mDNS/DNS-SD Stack Activation Socket.
[[0;32m  OK  [0m] Reached target Sockets.
[[0;32m  OK  [0m] Reached target Basic System.
         Starting Avahi mDNS/DNS-SD Stack...
         Starting Telephony service...
[   16.583280] usbcore: registered new interface driver usbfs
[   16.588923] usbcore: registered new interface driver hub
[   16.594577] usbcore: registered new device driver usb
         Starting Generic Board Startup...
         Starting Login Service...
         Starting Cape Manager Service...
         Starting LSB: Load kernel modules needed to enable cpufreq scaling...
[[0;32m  OK  [0m] Started D-Bus System Message Bus.
[   17.438853] musb-hdrc musb-hdrc.1: MUSB HDRC host driver
[   17.444453] musb-hdrc musb-hdrc.1: new USB bus registered, assigned bus number 1
[   17.521819] tda998x 0-0070: found TDA19988
[   17.740058] usb usb1: New USB device found, idVendor=1d6b, idProduct=0002, bcdDevice= 6.17
[   17.748543] usb usb1: New USB device strings: Mfr=3, Product=2, SerialNumber=1
[   17.755960] usb usb1: Product: MUSB HDRC host driver
[   17.760957] usb usb1: Manufacturer: Linux 6.17.0-rc1-next-20250812 musb-hcd
[   17.768037] usb usb1: SerialNumber: musb-hdrc.1
[   18.087768] omap-mailbox 480c8000.mailbox: omap mailbox rev 0x400
[   18.174833] remoteproc remoteproc0: powering up wkup_m3
[   18.232254] hub 1-0:1.0: USB hub found
[   18.283191] hub 1-0:1.0: 1 port detected
[   18.568432] remoteproc remoteproc0: Direct firmware load for am335x-pm-firmware.elf failed with error -2
[   18.578302] remoteproc remoteproc0: request_firmware failed: -2
[   18.584394] wkup_m3_ipc 44e11324.wkup_m3_ipc: rproc_boot failed
[   20.764816] omap_rng 48310000.rng: Random Number Generator ver. 20
[   20.829774] tilcdc 4830e000.lcdc: bound 0-0070 (ops tda998x_audio_codec_init [tda998x])
[   20.934095] [drm] Initialized tilcdc 1.0.0 for 4830e000.lcdc on minor 0
[   21.023482] tilcdc 4830e000.lcdc: [drm] Cannot find any crtc or sizes
[   21.032593] tilcdc 4830e000.lcdc: [drm] Cannot find any crtc or sizes
[   21.279688] ------------[ cut here ]------------
[   21.284528] WARNING: net/8021q/vlan_core.c:236 at vlan_for_each+0x114/0x134, CPU#0: avahi-daemon/183
[   21.293855] RTNL: assertion failed at net/8021q/vlan_core.c (236)
[   21.299984] Modules linked in: tilcdc omap_rng rng_core drm_dma_helper drm_client_lib snd_soc_davinci_mcasp snd_soc_ti_udma snd_soc_ti_edma snd_soc_ti_sdma snd_soc_core snd_pcm_dmaengine snd_pcm omap_mailbox snd_timer snd soundcore musb_dsps tda998x musb_hdrc cec udc_core drm_kms_helper usbcore phy_am335x cppi41 phy_generic drm usb_common omap_wdt tps65218_pwrbutton watchdog rtc_omap drm_panel_orientation_quirks at24 wkup_m3_ipc wkup_m3_rproc phy_am335x_control leds_gpio led_class cpufreq_dt autofs4
[   21.344717] CPU: 0 UID: 107 PID: 183 Comm: avahi-daemon Not tainted 6.17.0-rc1-next-20250812 #1 NONE 
[   21.344737] Hardware name: Generic AM33XX (Flattened Device Tree)
[   21.344746] Call trace: 
[   21.344762]  unwind_backtrace from show_stack+0x10/0x14
[   21.344798]  show_stack from dump_stack_lvl+0x50/0x64
[   21.344823]  dump_stack_lvl from __warn+0x88/0x148
[   21.344842]  __warn from warn_slowpath_fmt+0x19c/0x1b0
[   21.344855]  warn_slowpath_fmt from vlan_for_each+0x114/0x134
[   21.344876]  vlan_for_each from cpsw_add_mc_addr+0x40/0xa4
[   21.344903]  cpsw_add_mc_addr from __hw_addr_ref_sync_dev+0x108/0x140
[   21.344935]  __hw_addr_ref_sync_dev from __dev_mc_add+0x7c/0x80
[   21.344959]  __dev_mc_add from igmp6_group_added+0xc8/0xe0
[   21.344988]  igmp6_group_added from __ipv6_dev_mc_inc+0x218/0x364
[   21.345006]  __ipv6_dev_mc_inc from __ipv6_sock_mc_join+0x11c/0x214
[   21.345024]  __ipv6_sock_mc_join from do_ipv6_setsockopt+0x1214/0x1310
[   21.345057]  do_ipv6_setsockopt from ipv6_setsockopt+0x60/0xcc
[   21.345079]  ipv6_setsockopt from udpv6_setsockopt+0x2c/0x6c
[   21.345098]  udpv6_setsockopt from sock_common_setsockopt+0x30/0x40
[   21.345128]  sock_common_setsockopt from do_sock_setsockopt+0x50/0x9c
[   21.345150]  do_sock_setsockopt from __sys_setsockopt+0x70/0xbc
[   21.345169]  __sys_setsockopt from ret_fast_syscall+0x0/0x58
[   21.345187] Exception stack(0xe0129fa8 to 0xe0129ff0)
[   21.345202] 9fa0:                   00000014 b6f78ce8 0000000d 00000029 00000014 beab49ec
[   21.345214] 9fc0: 00000014 b6f78ce8 00000014 00000126 0000000d b6f21ff4 0046e988 00456558
[   21.345222] 9fe0: b6f37088 beab49d8 b6f14309 b6deb41a
[   21.345230] ---[ end trace 0000000000000000 ]---
[[0;32m  OK  [0m] Started Avahi mDNS/DNS-SD Stack.
[[0;32m  OK  [0m] Started Telephony service.
         Starting Connection service...
         Starting System Logging Service...
[[0;32m  OK  [0m] Started Regular background program processing daemon.
         Starting DUN service...
         Starting LSB: Start busybox udhcpd at boot time...
[[0;32m  OK  [0m] Reached target System Time Synchronized.
[[0;32m  OK  [0m] Started Daily apt download activities.
[   22.434541] PM: Cannot get wkup_m3_ipc handle
[[0;32m  OK  [0m] Started Daily apt upgrade and clean activities.
[[0;32m  OK  [0m] Reached target Timers.
[[0;32m  OK  [0m] Started Cape Manager Service.
[   23.009623] omap-sham 53100000.sham: hw accel on OMAP rev 4.3
[   23.099676] omap-sham 53100000.sham: will run requests pump with realtime priority
[   23.113917] PM: Cannot get wkup_m3_ipc handle
[   23.225078] omap-aes 53500000.aes: OMAP AES hw accel rev: 3.2
[   23.337416] omap-aes 53500000.aes: will run requests pump with realtime priority
[   23.350383] PM: Cannot get wkup_m3_ipc handle
[   23.603820] Bluetooth: Core ver 2.22
[   23.607691] NET: Registered PF_BLUETOOTH protocol family
[   23.613208] Bluetooth: HCI device and connection manager initialized
[   23.619776] Bluetooth: HCI socket layer initialized
[   23.624759] Bluetooth: L2CAP socket layer initialized
[   23.629881] Bluetooth: SCO socket layer initialized
[[0;32m  OK  [0m] Started System Logging Service.
[   26.656072] PM: Cannot get wkup_m3_ipc handle
[   26.672765] gpio-537 (nxp,calib): gpiod_direction_output_nonotify: tried to set a GPIO tied to an IRQ as output
[   26.787263] PM: Cannot get wkup_m3_ipc handle
[   26.977796] tda9950 0-0034: TDA9950 CEC interface, hardware version 3.3
[   27.072205] PM: Cannot get wkup_m3_ipc handle
[[0;32m  OK  [0m] Started LSB: Start busybox udhcpd at boot time.
[[0;32m  OK  [0m] Started LSB: Load kernel modules needed to enable cpufreq scaling.
[[0;32m  OK  [0m] Started Raise network interfaces.
[   29.036938] configfs-gadget.g_multi gadget.0: HOST MAC 1c:ba:8c:a2:ed:6c
[   29.043973] configfs-gadget.g_multi gadget.0: MAC 1c:ba:8c:a2:ed:70
[   29.051992] configfs-gadget.g_multi gadget.0: HOST MAC 1c:ba:8c:a2:ed:6c
[   29.058765] configfs-gadget.g_multi gadget.0: MAC 1c:ba:8c:a2:ed:6d
[   29.069913] PM: Cannot get wkup_m3_ipc handle
[[0;32m  OK  [0m] Started DUN service.
[[0;32m  OK  [0m] Started Connection service.
[[0;32m  OK  [0m] Started Login Service.
         Starting Hostname Service...
         Starting WPA supplicant...
[[0;32m  OK  [0m] Reached target Sound Card.
         Starting LSB: set CPUFreq kernel parameters...
[[0;32m  OK  [0m] Started WPA supplicant.
[[0;32m  OK  [0m] Started Hostname Service.
[[0;32m  OK  [0m] Reached target Network.
         Starting OpenBSD Secure Shell server...
         Starting Permit User Sessions...
[[0;32m  OK  [0m] Reached target Network is Online.
         Starting LSB: Advanced IEEE 802.11 management daemon...
         Starting The Apache HTTP Server...
[[0;32m  OK  [0m] Started LSB: Advanced IEEE 802.11 management daemon.
[[0;32m  OK  [0m] Started LSB: set CPUFreq kernel parameters.
[[0;32m  OK  [0m] Started Permit User Sessions.
[[0;32m  OK  [0m] Started Serial Getty on ttyS0.
[[0;32m  OK  [0m] Started Getty on tty1.
[[0;32m  OK  [0m] Reached target Login Prompts.
         Stopping LSB: Start busybox udhcpd at boot time...
[[0;32m  OK  [0m] Stopped LSB: Start busybox udhcpd at boot time.
[[0;32m  OK  [0m] Started OpenBSD Secure Shell server.
         Starting dnsmasq - A lightweight DHCP and caching DNS server...
[[0;32m  OK  [0m] Started The Apache HTTP Server.
[[0;32m  OK  [0m] Started dnsmasq - A lightweight DHCP and caching DNS server.
[[0;32m  OK  [0m] Reached target Host and Network Name Lookups.
[[0;32m  OK  [0m] Started Serial Getty on ttyGS0.
[[0;32m  OK  [0m] Started Generic Board Startup.
[[0;32m  OK  [0m] Reached target Multi-User System.
[[0;32m  OK  [0m] Reached target Graphical Interface.
         Starting Update UTMP about System Runlevel Changes...
[[0;32m  OK  [0m] Started Update UTMP about System Runlevel Changes.

Debian GNU/Linux 9 arm ttyS0

default username:password is [debian:temppwd]

arm login: root
Password: 
Last login: Sat Jan  1 00:00:34 UTC 2000 on ttyS0
root
Linux arm 6.17.0-rc1-next-20250812 #1 SMP Tue Aug 12 08:19:45 EEST 2025 armv7l

The programs included with the Debian GNU/Linux system are free software;
the exact distribution terms for each program are described in the
individual files in /usr/share/doc/*/copyright.

Debian GNU/Linux comes with ABSOLUTELY NO WARRANTY, to the extent
permitted by applicable law.
root@arm:~# root
dmesg -n 1
-bash: root: command not found
root@arm:~# dmesg -n 1
root@arm:~# echo 'SHLG''FXAVUO'
SHLGFXAVUO
root@arm:~# run() { echo -n "$MARKER"; sh -c "$@"; echo "$MARKER $?"; }
root@arm:~# echo 'UNCM''VZTMEN'
UNCMVZTMEN
root@arm:~# MARKER='LCGN''XZXPGE' run 'cat /proc/version'
LCGNXZXPGELinux version 6.17.0-rc1-next-20250812 (user01@drvtest01) (arm-none-eabi-gcc (Arm GNU Toolchain 14.2.Rel1 (Build arm-14.52)) 14.2.1 20241119, GNU ld (Arm GNU Toolchain 14.2.Rel1 (Build arm-14.52)) 2.43.1.20241119) #1 SMP Tue Aug 12 08:19:45 EEST 2025
LCGNXZXPGE 0
root@arm:~# echo 'JBXM''XYEBGK'
JBXMXYEBGK
root@arm:~# MARKER='JYCC''PJSGYE' run false
JYCCPJSGYEJYCCPJSGYE 1
root@arm:~# Labgrid Console Logfile for main
Logfile started at 2025-08-12 08:24:53.677855
=== Log starts here ===

root@arm:~# run() { echo -n "$MARKER"; sh -c "$@"; echo "$MARKER $?"; }
root@arm:~# echo 'HQVG''CSMNTO'
HQVGCSMNTO
root@arm:~# MARKER='SOHM''STCZJM' run 'ls /iio_generic_buffer; echo $?'
SOHMSTCZJM/iio_generic_buffer
0
SOHMSTCZJM 0
root@arm:~# Labgrid Console Logfile for main
Logfile started at 2025-08-12 08:24:57.204090
=== Log starts here ===

root@arm:~# run() { echo -n "$MARKER"; sh -c "$@"; echo "$MARKER $?"; }
root@arm:~# echo 'OAZW''BUAGEE'
OAZWBUAGEE
root@arm:~# MARKER='NZUQ''WEAUNA' run dmesg
NZUQWEAUNA[    0.000000] Booting Linux on physical CPU 0x0
[    0.000000] Linux version 6.17.0-rc1-next-20250812 (user01@drvtest01) (arm-none-eabi-gcc (Arm GNU Toolchain 14.2.Rel1 (Build arm-14.52)) 14.2.1 20241119, GNU ld (Arm GNU Toolchain 14.2.Rel1 (Build arm-14.52)) 2.43.1.20241119) #1 SMP Tue Aug 12 08:19:45 EEST 2025
[    0.000000] CPU: ARMv7 Processor [413fc082] revision 2 (ARMv7), cr=10c5387d
[    0.000000] CPU: PIPT / VIPT nonaliasing data cache, VIPT aliasing instruction cache
[    0.000000] OF: fdt: Machine model: TI AM335x BeagleBone Black
[    0.000000] Memory policy: Data cache writeback
[    0.000000] cma: Reserved 16 MiB at 0x9e800000
[    0.000000] Zone ranges:
[    0.000000]   Normal   [mem 0x0000000080000000-0x000000009fdfffff]
[    0.000000]   HighMem  empty
[    0.000000] Movable zone start for each node
[    0.000000] Early memory node ranges
[    0.000000]   node   0: [mem 0x0000000080000000-0x000000009fdfffff]
[    0.000000] Initmem setup node 0 [mem 0x0000000080000000-0x000000009fdfffff]
[    0.000000] On node 0, zone Normal: 512 pages in unavailable ranges
[    0.000000] OF: reserved mem: Reserved memory: No reserved-memory node in the DT
[    0.000000] CPU: All CPU(s) started in SVC mode.
[    0.000000] AM335X ES2.1 (sgx neon)
[    0.000000] percpu: Embedded 17 pages/cpu s39820 r8192 d21620 u69632
[    0.000000] pcpu-alloc: s39820 r8192 d21620 u69632 alloc=17*4096
[    0.000000] pcpu-alloc: [0] 0 
[    0.000000] Kernel command line: console=ttyO0,115200n8 root=/dev/nfs rw nfsroot=192.168.255.126:/home/user01/nfs,nfsvers=3 ip=192.168.255.1:192.168.255.126::255.255.255.0:bbb1:eth0 nfsrootdebug
[    0.000000] Unknown kernel command line parameters "nfsrootdebug", will be passed to user space.
[    0.000000] printk: log buffer data + meta data: 65536 + 204800 = 270336 bytes
[    0.000000] Dentry cache hash table entries: 65536 (order: 6, 262144 bytes, linear)
[    0.000000] Inode-cache hash table entries: 32768 (order: 5, 131072 bytes, linear)
[    0.000000] Built 1 zonelists, mobility grouping on.  Total pages: 130560
[    0.000000] mem auto-init: stack:off, heap alloc:off, heap free:off
[    0.000000] SLUB: HWalign=16, Order=0-3, MinObjects=0, CPUs=1, Nodes=1
[    0.000000] rcu: Hierarchical RCU implementation.
[    0.000000] rcu: 	RCU event tracing is enabled.
[    0.000000] rcu: 	RCU restricting CPUs from NR_CPUS=2 to nr_cpu_ids=1.
[    0.000000] 	Tracing variant of Tasks RCU enabled.
[    0.000000] rcu: RCU calculated value of scheduler-enlistment delay is 10 jiffies.
[    0.000000] rcu: Adjusting geometry for rcu_fanout_leaf=16, nr_cpu_ids=1
[    0.000000] RCU Tasks Trace: Setting shift to 0 and lim to 1 rcu_task_cb_adjust=1 rcu_task_cpu_ids=1.
[    0.000000] NR_IRQS: 16, nr_irqs: 16, preallocated irqs: 16
[    0.000000] IRQ: Found an INTC at 0x(ptrval) (revision 5.0) with 128 interrupts
[    0.000000] rcu: srcu_init: Setting srcu_struct sizes based on contention.
[    0.000000] TI gptimer clocksource: always-on /ocp/interconnect@44c00000/segment@200000/target-module@31000
[    0.000002] sched_clock: 32 bits at 24MHz, resolution 41ns, wraps every 89478484971ns
[    0.000027] clocksource: dmtimer: mask: 0xffffffff max_cycles: 0xffffffff, max_idle_ns: 79635851949 ns
[    0.000537] TI gptimer clockevent: 24000000 Hz at /ocp/interconnect@48000000/segment@0/target-module@40000
[    0.002156] Console: colour dummy device 80x30
[    0.002220] WARNING: Your 'console=ttyO0' has been replaced by 'ttyS0'
[    0.002228] This ensures that you still see kernel messages. Please
[    0.002232] update your kernel commandline.
[    0.002276] Calibrating delay loop... 996.14 BogoMIPS (lpj=4980736)
[    0.090586] CPU: Testing write buffer coherency: ok
[    0.090697] CPU0: Spectre v2: using BPIALL workaround
[    0.090707] pid_max: default: 32768 minimum: 301
[    0.090862] LSM: initializing lsm=capability
[    0.091025] Mount-cache hash table entries: 1024 (order: 0, 4096 bytes, linear)
[    0.091043] Mountpoint-cache hash table entries: 1024 (order: 0, 4096 bytes, linear)
[    0.092616] CPU0: thread -1, cpu 0, socket -1, mpidr 0
[    0.092675] cacheinfo: Unable to detect cache hierarchy for CPU 0
[    0.094694] Setting up static identity map for 0x80100000 - 0x80100078
[    0.095028] rcu: Hierarchical SRCU implementation.
[    0.095038] rcu: 	Max phase no-delay instances is 1000.
[    0.096742] smp: Bringing up secondary CPUs ...
[    0.096794] smp: Brought up 1 node, 1 CPU
[    0.096806] SMP: Total of 1 processors activated (996.14 BogoMIPS).
[    0.096816] CPU: All CPU(s) started in SVC mode.
[    0.097013] Memory: 480856K/522240K available (11264K kernel code, 1218K rwdata, 2936K rodata, 1024K init, 254K bss, 23352K reserved, 16384K cma-reserved, 0K highmem)
[    0.097827] devtmpfs: initialized
[    0.114852] VFP support v0.3: implementor 41 architecture 3 part 30 variant c rev 3
[    0.115487] clocksource: jiffies: mask: 0xffffffff max_cycles: 0xffffffff, max_idle_ns: 19112604462750000 ns
[    0.115543] posixtimers hash table entries: 512 (order: 0, 4096 bytes, linear)
[    0.115571] futex hash table entries: 256 (16384 bytes on 1 NUMA nodes, total 16 KiB, linear).
[    0.116700] pinctrl core: initialized pinctrl subsystem
[    0.118847] NET: Registered PF_NETLINK/PF_ROUTE protocol family
[    0.122035] DMA: preallocated 256 KiB pool for atomic coherent allocations
[    0.122642] audit: initializing netlink subsys (disabled)
[    0.123974] thermal_sys: Registered thermal governor 'fair_share'
[    0.123990] thermal_sys: Registered thermal governor 'step_wise'
[    0.124001] thermal_sys: Registered thermal governor 'user_space'
[    0.124113] audit: type=2000 audit(0.120:1): state=initialized audit_enabled=0 res=1
[    0.124188] cpuidle: using governor menu
[    0.142198] /ocp/interconnect@44c00000/segment@200000/target-module@b000/i2c@0/tda19988@70: Fixed dependency cycle(s) with /ocp/interconnect@48000000/segment@300000/target-module@e000/lcdc@0
[    0.143340] /ocp/interconnect@48000000/segment@300000/target-module@e000/lcdc@0: Fixed dependency cycle(s) with /ocp/interconnect@44c00000/segment@200000/target-module@b000/i2c@0/tda19988@70
[    0.145547] No ATAGs?
[    0.145587] hw-breakpoint: debug architecture 0x4 unsupported.
[    0.148720] kprobes: kprobe jump-optimization is enabled. All kprobes are optimized if possible.
[    0.154530] iommu: Default domain type: Translated
[    0.154552] iommu: DMA domain TLB invalidation policy: strict mode
[    0.156136] reg-fixed-voltage fixedregulator0: using DT '/fixedregulator0' for '(default)' GPIO lookup
[    0.156188] of_get_named_gpiod_flags: can't parse 'gpios' property of node '/fixedregulator0[0]'
[    0.156215] of_get_named_gpiod_flags: can't parse 'gpio' property of node '/fixedregulator0[0]'
[    0.156233] reg-fixed-voltage fixedregulator0: using lookup tables for GPIO lookup
[    0.156243] reg-fixed-voltage fixedregulator0: No GPIO consumer (default) found
[    0.161723] SCSI subsystem initialized
[    0.162214] libata version 3.00 loaded.
[    0.162594] pps_core: LinuxPPS API ver. 1 registered
[    0.162605] pps_core: Software ver. 5.3.6 - Copyright 2005-2007 Rodolfo Giometti <giometti@linux.it>
[    0.162630] PTP clock support registered
[    0.171184] vgaarb: loaded
[    0.171560] clocksource: Switched to clocksource dmtimer
[    0.172238] VFS: Disk quotas dquot_6.6.0
[    0.172293] VFS: Dquot-cache hash table entries: 1024 (order 0, 4096 bytes)
[    0.196672] NET: Registered PF_INET protocol family
[    0.197009] IP idents hash table entries: 8192 (order: 4, 65536 bytes, linear)
[    0.198436] tcp_listen_portaddr_hash hash table entries: 512 (order: 0, 4096 bytes, linear)
[    0.198473] Table-perturb hash table entries: 65536 (order: 6, 262144 bytes, linear)
[    0.198492] TCP established hash table entries: 4096 (order: 2, 16384 bytes, linear)
[    0.198538] TCP bind hash table entries: 4096 (order: 4, 65536 bytes, linear)
[    0.198638] TCP: Hash tables configured (established 4096 bind 4096)
[    0.198752] UDP hash table entries: 256 (order: 1, 14336 bytes, linear)
[    0.198787] UDP-Lite hash table entries: 256 (order: 1, 14336 bytes, linear)
[    0.198979] NET: Registered PF_UNIX/PF_LOCAL protocol family
[    0.200241] RPC: Registered named UNIX socket transport module.
[    0.200261] RPC: Registered udp transport module.
[    0.200266] RPC: Registered tcp transport module.
[    0.200271] RPC: Registered tcp-with-tls transport module.
[    0.200276] RPC: Registered tcp NFSv4.1 backchannel transport module.
[    0.200300] PCI: CLS 0 bytes, default 64
[    0.201849] Initialise system trusted keyrings
[    0.212295] workingset: timestamp_bits=14 max_order=17 bucket_order=3
[    0.213711] NFS: Registering the id_resolver key type
[    0.213786] Key type id_resolver registered
[    0.213793] Key type id_legacy registered
[    0.213899] jffs2: version 2.2. (NAND) (SUMMARY)  Â© 2001-2006 Red Hat, Inc.
[    0.214355] Key type asymmetric registered
[    0.214373] Asymmetric key parser 'x509' registered
[    0.214444] io scheduler mq-deadline registered
[    0.214455] io scheduler kyber registered
[    0.214532] io scheduler bfq registered
[    0.216425] target-module@4b000000:target-module@140000:pmu@0:fck: device ID is greater than 24
[    0.222621] l3-aon-clkctrl:0000:0: failed to disable
[    0.231933] ledtrig-cpu: registered to indicate activity on CPUs
[    0.235673] Serial: 8250/16550 driver, 6 ports, IRQ sharing enabled
[    0.282821] brd: module loaded
[    0.291268] loop: module loaded
[    0.292382] mtdoops: mtd device (mtddev=name/number) must be supplied
[    0.294100] mdio_bus fixed-0: using lookup tables for GPIO lookup
[    0.294124] mdio_bus fixed-0: No GPIO consumer reset found
[    0.295531] i2c_dev: i2c /dev entries driver
[    0.296541] cpuidle: enable-method property 'ti,am3352' found operations
[    0.296990] sdhci: Secure Digital Host Controller Interface driver
[    0.297000] sdhci: Copyright(c) Pierre Ossman
[    0.297180] sdhci-pltfm: SDHCI platform and OF driver helper
[    0.318126] hw perfevents: enabled with armv7_cortex_a8 PMU driver, 5 (8000000f) counters available
[    0.318668] Initializing XFRM netlink socket
[    0.318859] NET: Registered PF_INET6 protocol family
[    0.324531] l3-aon-clkctrl:0000:0: failed to disable
[    0.326133] Segment Routing with IPv6
[    0.326216] In-situ OAM (IOAM) with IPv6
[    0.326311] sit: IPv6, IPv4 and MPLS over IPv4 tunneling driver
[    0.327280] NET: Registered PF_PACKET protocol family
[    0.327306] NET: Registered PF_KEY protocol family
[    0.327428] Key type dns_resolver registered
[    0.327659] ThumbEE CPU extension supported.
[    0.327678] Registering SWP/SWPB emulation handler
[    0.328216] omap_voltage_late_init: Voltage driver support not added
[    0.328881] SmartReflex Class3 initialized
[    0.352614] Loading compiled-in X.509 certificates
[    0.390059] /ocp/interconnect@44c00000/segment@200000/target-module@b000/i2c@0/tda19988@70: Fixed dependency cycle(s) with /ocp/interconnect@48000000/segment@300000/target-module@e000/lcdc@0
[    0.396670] /ocp/interconnect@44c00000/segment@200000/target-module@b000/i2c@0/tda19988@70: Fixed dependency cycle(s) with /ocp/interconnect@48000000/segment@300000/target-module@e000/lcdc@0
[    0.402347] gpiochip_find_base_unlocked: found new base at 512
[    0.440086] /ocp/interconnect@44c00000/segment@200000/target-module@b000/i2c@0/tda19988@70: Fixed dependency cycle(s) with /ocp/interconnect@48000000/segment@300000/target-module@e000/lcdc@0
[    0.440974] /ocp/interconnect@44c00000/segment@200000/target-module@b000/i2c@0/tda19988@70: Fixed dependency cycle(s) with /ocp/interconnect@48000000/segment@300000/target-module@e000/lcdc@0
[    0.444784] /ocp/interconnect@44c00000/segment@200000/target-module@10000/scm@0/pinmux@800: Fixed dependency cycle(s) with /ocp/interconnect@44c00000/segment@200000/target-module@10000/scm@0/pinmux@800/clkout2-pins
[    0.445380] pinctrl-single 44e10800.pinmux: 142 pins, size 568
[    0.450647] ti-sysc 44e31000.target-module: probe with driver ti-sysc failed with error -16
[    0.489814] /ocp/interconnect@48000000/segment@300000/target-module@e000/lcdc@0: Fixed dependency cycle(s) with /ocp/interconnect@44c00000/segment@200000/target-module@b000/i2c@0/tda19988@70
[    0.498193] ti-sysc 48040000.target-module: probe with driver ti-sysc failed with error -16
[    0.509875] gpiochip_find_base_unlocked: found new base at 512
[    0.509973] gpio gpiochip0: (gpio-0-31): created GPIO range 0->7 ==> 44e10800.pinmux PIN 0->7
[    0.509993] gpio gpiochip0: (gpio-0-31): created GPIO range 8->11 ==> 44e10800.pinmux PIN 90->93
[    0.510009] gpio gpiochip0: (gpio-0-31): created GPIO range 12->27 ==> 44e10800.pinmux PIN 12->27
[    0.510025] gpio gpiochip0: (gpio-0-31): created GPIO range 28->31 ==> 44e10800.pinmux PIN 30->33
[    0.546421] gpio gpiochip0: (gpio-0-31): added GPIO chardev (254:0)
[    0.546658] gpio gpiochip0: registered GPIOs 512 to 543 on gpio-0-31
[    0.546741] OMAP GPIO hardware version 0.1
[    0.572928] i2c i2c-2: using DT '/ocp/interconnect@48000000/segment@100000/target-module@9c000/i2c@0' for 'scl' GPIO lookup
[    0.573007] of_get_named_gpiod_flags: can't parse 'scl-gpios' property of node '/ocp/interconnect@48000000/segment@100000/target-module@9c000/i2c@0[0]'
[    0.573052] of_get_named_gpiod_flags: can't parse 'scl-gpio' property of node '/ocp/interconnect@48000000/segment@100000/target-module@9c000/i2c@0[0]'
[    0.573088] i2c i2c-2: using lookup tables for GPIO lookup
[    0.573097] i2c i2c-2: No GPIO consumer scl found
[    0.573118] i2c i2c-2: using DT '/ocp/interconnect@48000000/segment@100000/target-module@9c000/i2c@0' for 'sda' GPIO lookup
[    0.573156] of_get_named_gpiod_flags: can't parse 'sda-gpios' property of node '/ocp/interconnect@48000000/segment@100000/target-module@9c000/i2c@0[0]'
[    0.573195] of_get_named_gpiod_flags: can't parse 'sda-gpio' property of node '/ocp/interconnect@48000000/segment@100000/target-module@9c000/i2c@0[0]'
[    0.573226] i2c i2c-2: using lookup tables for GPIO lookup
[    0.573234] i2c i2c-2: No GPIO consumer sda found
[    0.573955] omap_i2c 4819c000.i2c: bus 2 rev0.11 at 100 kHz
[    0.579529] gpiochip_find_base_unlocked: found new base at 544
[    0.579633] gpio gpiochip1: (gpio-32-63): created GPIO range 0->17 ==> 44e10800.pinmux PIN 34->51
[    0.579655] gpio gpiochip1: (gpio-32-63): created GPIO range 18->21 ==> 44e10800.pinmux PIN 77->80
[    0.579671] gpio gpiochip1: (gpio-32-63): created GPIO range 22->31 ==> 44e10800.pinmux PIN 56->65
[    0.580502] gpio gpiochip1: (gpio-32-63): added GPIO chardev (254:1)
[    0.580711] gpio gpiochip1: registered GPIOs 544 to 575 on gpio-32-63
[    0.583214] gpiochip_find_base_unlocked: found new base at 576
[    0.583309] gpio gpiochip2: (gpio-64-95): created GPIO range 0->4 ==> 44e10800.pinmux PIN 66->70
[    0.583331] gpio gpiochip2: (gpio-64-95): created GPIO range 5->6 ==> 44e10800.pinmux PIN 98->99
[    0.583346] gpio gpiochip2: (gpio-64-95): created GPIO range 7->8 ==> 44e10800.pinmux PIN 75->76
[    0.583361] gpio gpiochip2: (gpio-64-95): created GPIO range 13->13 ==> 44e10800.pinmux PIN 141->141
[    0.583377] gpio gpiochip2: (gpio-64-95): created GPIO range 14->21 ==> 44e10800.pinmux PIN 100->107
[    0.591901] gpio gpiochip2: (gpio-64-95): added GPIO chardev (254:2)
[    0.592115] gpio gpiochip2: registered GPIOs 576 to 607 on gpio-64-95
[    0.597851] 48000000.interconnect:segment@200000:target-module@0:mpu@0:fck: device ID is greater than 24
[    0.598757] /ocp/interconnect@48000000/segment@300000/target-module@e000/lcdc@0: Fixed dependency cycle(s) with /ocp/interconnect@44c00000/segment@200000/target-module@b000/i2c@0/tda19988@70
[    0.601868] /ocp/interconnect@48000000/segment@300000/target-module@e000/lcdc@0: Fixed dependency cycle(s) with /ocp/interconnect@44c00000/segment@200000/target-module@b000/i2c@0/tda19988@70
[    0.602664] /ocp/interconnect@44c00000/segment@200000/target-module@b000/i2c@0/tda19988@70: Fixed dependency cycle(s) with /ocp/interconnect@48000000/segment@300000/target-module@e000/lcdc@0
[    0.602829] /ocp/interconnect@48000000/segment@300000/target-module@e000/lcdc@0: Fixed dependency cycle(s) with /ocp/interconnect@44c00000/segment@200000/target-module@b000/i2c@0/tda19988@70
[    0.612721] mdio_bus 4a101000.mdio: using DT '/ocp/interconnect@4a000000/segment@0/target-module@100000/switch@0/mdio@1000' for 'reset' GPIO lookup
[    0.612794] of_get_named_gpiod_flags: can't parse 'reset-gpios' property of node '/ocp/interconnect@4a000000/segment@0/target-module@100000/switch@0/mdio@1000[0]'
[    0.612841] of_get_named_gpiod_flags: can't parse 'reset-gpio' property of node '/ocp/interconnect@4a000000/segment@0/target-module@100000/switch@0/mdio@1000[0]'
[    0.612887] mdio_bus 4a101000.mdio: using lookup tables for GPIO lookup
[    0.612896] mdio_bus 4a101000.mdio: No GPIO consumer reset found
[    0.614172] sdhci-omap 481d8000.mmc: using DT '/ocp/interconnect@48000000/segment@100000/target-module@d8000/mmc@0' for 'wp' GPIO lookup
[    0.614237] of_get_named_gpiod_flags: can't parse 'wp-gpios' property of node '/ocp/interconnect@48000000/segment@100000/target-module@d8000/mmc@0[0]'
[    0.614278] of_get_named_gpiod_flags: can't parse 'wp-gpio' property of node '/ocp/interconnect@48000000/segment@100000/target-module@d8000/mmc@0[0]'
[    0.614312] sdhci-omap 481d8000.mmc: using lookup tables for GPIO lookup
[    0.614321] sdhci-omap 481d8000.mmc: No GPIO consumer wp found
[    0.614523] sdhci-omap 481d8000.mmc: supply pbias not found, using dummy regulator
[    0.615011] sdhci-omap 481d8000.mmc: supply vqmmc not found, using dummy regulator
[    0.668600] davinci_mdio 4a101000.mdio: davinci mdio revision 1.6, bus freq 1000000
[    0.683716] mdio_bus 4a101000.mdio:00: using DT '/ocp/interconnect@4a000000/segment@0/target-module@100000/switch@0/mdio@1000/ethernet-phy@0' for 'reset' GPIO lookup
[    0.683818] of_get_named_gpiod_flags: parsed 'reset-gpios' property of node '/ocp/interconnect@4a000000/segment@0/target-module@100000/switch@0/mdio@1000/ethernet-phy@0[0]' - status (0)
[    0.683979] gpio gpiochip0: Persistence not supported for GPIO 8
[    0.814005] davinci_mdio 4a101000.mdio: phy[0]: device 4a101000.mdio:00, driver SMSC LAN8710/LAN8720
[    0.814781] cpsw-switch 4a100000.switch: initialized cpsw ale version 1.4
[    0.814803] cpsw-switch 4a100000.switch: ALE Table size 1024, Policers 0
[    0.814953] cpsw-switch 4a100000.switch: cpts: overflow check period 500 (jiffies)
[    0.814970] cpsw-switch 4a100000.switch: CPTS: ref_clk_freq:250000000 calc_mult:2147483648 calc_shift:29 error:0 nsec/sec
[    0.815076] cpsw-switch 4a100000.switch: Detected MACID = 6c:ec:eb:68:de:78
[    0.816921] cpsw-switch 4a100000.switch: initialized (regs 0x4a100000, pool size 256) hw_ver:0019010C 1.12 (0)
[    0.828015] debugfs: '49000000.dma' already exists in 'dmaengine'
[    0.828058] edma 49000000.dma: TI EDMA DMA engine driver
[    0.880902] gpio-clk clk_mcasp0: using DT '/clk_mcasp0' for 'enable' GPIO lookup
[    0.880980] of_get_named_gpiod_flags: parsed 'enable-gpios' property of node '/clk_mcasp0[0]' - status (0)
[    0.881025] gpio gpiochip0: Persistence not supported for GPIO 27
[    0.882163] gpiochip_find_base_unlocked: found new base at 608
[    0.882278] gpio gpiochip3: (gpio-96-127): created GPIO range 0->7 ==> 44e10800.pinmux PIN 82->89
[    0.882298] gpio gpiochip3: (gpio-96-127): created GPIO range 8->11 ==> 44e10800.pinmux PIN 52->55
[    0.882313] gpio gpiochip3: (gpio-96-127): created GPIO range 12->15 ==> 44e10800.pinmux PIN 94->97
[    0.882330] gpio gpiochip3: (gpio-96-127): created GPIO range 16->17 ==> 44e10800.pinmux PIN 71->72
[    0.882345] gpio gpiochip3: (gpio-96-127): created GPIO range 18->18 ==> 44e10800.pinmux PIN 135->135
[    0.882362] gpio gpiochip3: (gpio-96-127): created GPIO range 19->20 ==> 44e10800.pinmux PIN 108->109
[    0.882379] gpio gpiochip3: (gpio-96-127): created GPIO range 21->21 ==> 44e10800.pinmux PIN 73->73
[    0.882396] gpio gpiochip3: (gpio-96-127): created GPIO range 22->23 ==> 44e10800.pinmux PIN 8->9
[    0.882413] gpio gpiochip3: (gpio-96-127): created GPIO range 26->27 ==> 44e10800.pinmux PIN 10->11
[    0.882430] gpio gpiochip3: (gpio-96-127): created GPIO range 28->28 ==> 44e10800.pinmux PIN 74->74
[    0.882448] gpio gpiochip3: (gpio-96-127): created GPIO range 29->29 ==> 44e10800.pinmux PIN 81->81
[    0.882466] gpio gpiochip3: (gpio-96-127): created GPIO range 30->31 ==> 44e10800.pinmux PIN 28->29
[    0.895416] gpio gpiochip3: (gpio-96-127): added GPIO chardev (254:3)
[    0.895667] gpio gpiochip3: registered GPIOs 608 to 639 on gpio-96-127
[    0.897527] omap8250 44e09000.serial: using DT '/ocp/interconnect@44c00000/segment@200000/target-module@9000/serial@0' for 'rs485-term' GPIO lookup
[    0.897593] of_get_named_gpiod_flags: can't parse 'rs485-term-gpios' property of node '/ocp/interconnect@44c00000/segment@200000/target-module@9000/serial@0[0]'
[    0.897638] of_get_named_gpiod_flags: can't parse 'rs485-term-gpio' property of node '/ocp/interconnect@44c00000/segment@200000/target-module@9000/serial@0[0]'
[    0.897674] omap8250 44e09000.serial: using lookup tables for GPIO lookup
[    0.897683] omap8250 44e09000.serial: No GPIO consumer rs485-term found
[    0.897694] omap8250 44e09000.serial: using DT '/ocp/interconnect@44c00000/segment@200000/target-module@9000/serial@0' for 'rs485-rx-during-tx' GPIO lookup
[    0.897730] of_get_named_gpiod_flags: can't parse 'rs485-rx-during-tx-gpios' property of node '/ocp/interconnect@44c00000/segment@200000/target-module@9000/serial@0[0]'
[    0.897767] of_get_named_gpiod_flags: can't parse 'rs485-rx-during-tx-gpio' property of node '/ocp/interconnect@44c00000/segment@200000/target-module@9000/serial@0[0]'
[    0.897798] omap8250 44e09000.serial: using lookup tables for GPIO lookup
[    0.897806] omap8250 44e09000.serial: No GPIO consumer rs485-rx-during-tx found
[    0.898257] 44e09000.serial: ttyS0 at MMIO 0x44e09000 (irq = 34, base_baud = 3000000) is a 8250
[    0.898351] printk: legacy console [ttyS0] enabled
[    2.433414] i2c i2c-0: using DT '/ocp/interconnect@44c00000/segment@200000/target-module@b000/i2c@0' for 'scl' GPIO lookup
[    2.433508] of_get_named_gpiod_flags: can't parse 'scl-gpios' property of node '/ocp/interconnect@44c00000/segment@200000/target-module@b000/i2c@0[0]'
[    2.433555] of_get_named_gpiod_flags: can't parse 'scl-gpio' property of node '/ocp/interconnect@44c00000/segment@200000/target-module@b000/i2c@0[0]'
[    2.433594] i2c i2c-0: using lookup tables for GPIO lookup
[    2.433609] i2c i2c-0: No GPIO consumer scl found
[    2.433634] i2c i2c-0: using DT '/ocp/interconnect@44c00000/segment@200000/target-module@b000/i2c@0' for 'sda' GPIO lookup
[    2.433675] of_get_named_gpiod_flags: can't parse 'sda-gpios' property of node '/ocp/interconnect@44c00000/segment@200000/target-module@b000/i2c@0[0]'
[    2.433716] of_get_named_gpiod_flags: can't parse 'sda-gpio' property of node '/ocp/interconnect@44c00000/segment@200000/target-module@b000/i2c@0[0]'
[    2.433751] i2c i2c-0: using lookup tables for GPIO lookup
[    2.433762] i2c i2c-0: No GPIO consumer sda found
[    2.452501] tps65217-pmic: Failed to locate of_node [id: -1]
[    2.458587] tps65217-bl: Failed to locate of_node [id: -1]
[    2.464669] platform tps65217-charger: DMA mask not set
[    2.470712] platform tps65217-pwrbutton: DMA mask not set
[    2.478009] tps65217 0-0024: TPS65217 ID 0xe version 1.2
[    2.484140] /ocp/interconnect@48000000/segment@300000/target-module@e000/lcdc@0: Fixed dependency cycle(s) with /ocp/interconnect@44c00000/segment@200000/target-module@b000/i2c@0/tda19988@70
[    2.501578] /ocp/interconnect@44c00000/segment@200000/target-module@b000/i2c@0/tda19988@70: Fixed dependency cycle(s) with /ocp/interconnect@48000000/segment@300000/target-module@e000/lcdc@0
[    2.518928] omap_i2c 44e0b000.i2c: bus 0 rev0.11 at 400 kHz
[    2.526598] sdhci-omap 48060000.mmc: using DT '/ocp/interconnect@48000000/segment@0/target-module@60000/mmc@0' for 'cd' GPIO lookup
[    2.526704] of_get_named_gpiod_flags: parsed 'cd-gpios' property of node '/ocp/interconnect@48000000/segment@0/target-module@60000/mmc@0[0]' - status (0)
[    2.526772] gpio gpiochip3: Persistence not supported for GPIO 6
[    2.526799] omap_gpio 44e07000.gpio: Could not set line 6 debounce to 200000 microseconds (-22)
[    2.535726] sdhci-omap 48060000.mmc: Got CD GPIO
[    2.540377] sdhci-omap 48060000.mmc: using DT '/ocp/interconnect@48000000/segment@0/target-module@60000/mmc@0' for 'wp' GPIO lookup
[    2.540426] of_get_named_gpiod_flags: can't parse 'wp-gpios' property of node '/ocp/interconnect@48000000/segment@0/target-module@60000/mmc@0[0]'
[    2.540470] of_get_named_gpiod_flags: can't parse 'wp-gpio' property of node '/ocp/interconnect@48000000/segment@0/target-module@60000/mmc@0[0]'
[    2.540509] sdhci-omap 48060000.mmc: using lookup tables for GPIO lookup
[    2.540524] sdhci-omap 48060000.mmc: No GPIO consumer wp found
[    2.540743] sdhci-omap 48060000.mmc: supply pbias not found, using dummy regulator
[    2.549570] sdhci-omap 481d8000.mmc: using DT '/ocp/interconnect@48000000/segment@100000/target-module@d8000/mmc@0' for 'wp' GPIO lookup
[    2.549645] of_get_named_gpiod_flags: can't parse 'wp-gpios' property of node '/ocp/interconnect@48000000/segment@100000/target-module@d8000/mmc@0[0]'
[    2.549692] of_get_named_gpiod_flags: can't parse 'wp-gpio' property of node '/ocp/interconnect@48000000/segment@100000/target-module@d8000/mmc@0[0]'
[    2.549731] sdhci-omap 481d8000.mmc: using lookup tables for GPIO lookup
[    2.549745] sdhci-omap 481d8000.mmc: No GPIO consumer wp found
[    2.550719] sdhci-omap 48060000.mmc: supply vqmmc not found, using dummy regulator
[    2.559837] sdhci-omap 481d8000.mmc: supply pbias not found, using dummy regulator
[    2.569480] sdhci-omap 481d8000.mmc: supply vqmmc not found, using dummy regulator
[    2.605355] mmc0: SDHCI controller on 48060000.mmc [48060000.mmc] using External DMA
[    2.613681] mmc1: SDHCI controller on 481d8000.mmc [481d8000.mmc] using External DMA
[    2.622446] cpsw-switch 4a100000.switch: starting ndev. mode: dual_mac
[    2.691865] mmc1: new high speed MMC card at address 0001
[    2.698702] mmcblk1: mmc1:0001 MMC04G 3.60 GiB
[    2.706584]  mmcblk1: p1 p2
[    2.710307] SMSC LAN8710/LAN8720 4a101000.mdio:00: attached PHY driver (mii_bus:phy_addr=4a101000.mdio:00, irq=POLL)
[    2.722912] mmcblk1boot0: mmc1:0001 MMC04G 2.00 MiB
[    2.736744] mmcblk1boot1: mmc1:0001 MMC04G 2.00 MiB
[    2.745740] mmcblk1rpmb: mmc1:0001 MMC04G 128 KiB, chardev (249:0)
[    2.794631] mmc0: new high speed SDHC card at address aaaa
[    2.801479] mmcblk0: mmc0:aaaa SE32G 29.7 GiB
[    2.810775]  mmcblk0: p1 p2
[    5.842312] cpsw-switch 4a100000.switch eth0: Link is Up - 100Mbps/Full - flow control off
[    5.871569] IP-Config: Complete:
[    5.874842]      device=eth0, hwaddr=6c:ec:eb:68:de:78, ipaddr=192.168.255.1, mask=255.255.255.0, gw=255.255.255.255
[    5.885476]      host=bbb1, domain=, nis-domain=(none)
[    5.890643]      bootserver=192.168.255.126, rootserver=192.168.255.126, rootpath=
[    5.891047] clk: Disabling unused clocks
[    5.902965] KTAP version 1
[    5.905697] 1..0
[    5.908393] check access for rdinit=/init failed: -2, ignoring
[    5.942459] VFS: Mounted root (nfs filesystem) on device 0:17.
[    5.949295] devtmpfs: mounted
[    5.954038] Freeing unused kernel image (initmem) memory: 1024K
[    5.960657] Run /sbin/init as init process
[    5.964886]   with arguments:
[    5.964902]     /sbin/init
[    5.964912]     nfsrootdebug
[    5.964921]   with environment:
[    5.964930]     HOME=/
[    5.964939]     TERM=linux
[    6.648114] systemd[1]: System time before build time, advancing clock.
[    8.171579] random: crng init done
[    8.188159] systemd[1]: systemd 232 running in system mode. (+PAM +AUDIT +SELINUX +IMA +APPARMOR +SMACK +SYSVINIT +UTMP +LIBCRYPTSETUP +GCRYPT +GNUTLS +ACL +XZ +LZ4 +SECCOMP +BLKID +ELFUTILS +KMOD +IDN)
[    8.207173] systemd[1]: Detected architecture arm.
[    8.234883] systemd[1]: Set hostname to <arm>.
[    9.334796] systemd[1]: Started Dispatch Password Requests to Console Directory Watch.
[    9.365564] systemd[1]: systemd-journald-dev-log.socket: SO_PASSSEC failed: Operation not supported
[    9.375215] systemd[1]: Listening on Journal Socket (/dev/log).
[    9.401963] systemd[1]: Reached target Swap.
[    9.423287] systemd[1]: Set up automount Arbitrary Executable File Formats File System Automount Point.
[    9.452203] systemd[1]: syslog.socket: SO_PASSSEC failed: Operation not supported
[    9.459905] systemd[1]: Listening on Syslog Socket.
[   11.734653] systemd-journald[87]: Received request to flush runtime journal from PID 1
[   12.644187] omap_prm 44e00d00.prm: sync_state() pending due to 44d00000.cpu
[   14.288255] leds-gpio leds: using DT '/leds/led2' for '(default)' GPIO lookup
[   14.288361] of_get_named_gpiod_flags: parsed 'gpios' property of node '/leds/led2[0]' - status (0)
[   14.288418] gpio gpiochip0: Persistence not supported for GPIO 21
[   14.288435] gpio-533 (?): no flags found for GPIO (default)
[   14.361901] leds-gpio leds: using DT '/leds/led3' for '(default)' GPIO lookup
[   14.362013] of_get_named_gpiod_flags: parsed 'gpios' property of node '/leds/led3[0]' - status (0)
[   14.362073] gpio gpiochip0: Persistence not supported for GPIO 22
[   14.362088] gpio-534 (?): no flags found for GPIO (default)
[   14.418169] leds-gpio leds: using DT '/leds/led4' for '(default)' GPIO lookup
[   14.418419] of_get_named_gpiod_flags: parsed 'gpios' property of node '/leds/led4[0]' - status (0)
[   14.418479] gpio gpiochip0: Persistence not supported for GPIO 23
[   14.418494] gpio-535 (?): no flags found for GPIO (default)
[   14.451845] leds-gpio leds: using DT '/leds/led5' for '(default)' GPIO lookup
[   14.451948] of_get_named_gpiod_flags: parsed 'gpios' property of node '/leds/led5[0]' - status (0)
[   14.452002] gpio gpiochip0: Persistence not supported for GPIO 24
[   14.452017] gpio-536 (?): no flags found for GPIO (default)
[   14.735646] remoteproc remoteproc0: wkup_m3 is available
[   14.838649] at24 2-0054: supply vcc not found, using dummy regulator
[   14.962161] at24 2-0055: supply vcc not found, using dummy regulator
[   15.096888] at24 2-0056: supply vcc not found, using dummy regulator
[   15.174235] at24 2-0057: supply vcc not found, using dummy regulator
[   15.297003] at24 0-0050: using DT '/ocp/interconnect@44c00000/segment@200000/target-module@b000/i2c@0/eeprom@50' for 'wp' GPIO lookup
[   15.297121] of_get_named_gpiod_flags: can't parse 'wp-gpios' property of node '/ocp/interconnect@44c00000/segment@200000/target-module@b000/i2c@0/eeprom@50[0]'
[   15.297181] of_get_named_gpiod_flags: can't parse 'wp-gpio' property of node '/ocp/interconnect@44c00000/segment@200000/target-module@b000/i2c@0/eeprom@50[0]'
[   15.297227] at24 0-0050: using lookup tables for GPIO lookup
[   15.297242] at24 0-0050: No GPIO consumer wp found
[   15.297587] at24 0-0050: 32768 byte 24c256 EEPROM, writable, 1 bytes/write
[   15.485441] omap_rtc 44e3e000.rtc: registered as rtc0
[   15.490795] omap_rtc 44e3e000.rtc: setting system clock to 2000-01-01T00:00:01 UTC (946684801)
[   15.499687] omap_rtc 44e3e000.rtc: using DT '/ocp/interconnect@44c00000/segment@200000/target-module@3e000/rtc@0' for 'wp' GPIO lookup
[   15.499763] of_get_named_gpiod_flags: can't parse 'wp-gpios' property of node '/ocp/interconnect@44c00000/segment@200000/target-module@3e000/rtc@0[0]'
[   15.499815] of_get_named_gpiod_flags: can't parse 'wp-gpio' property of node '/ocp/interconnect@44c00000/segment@200000/target-module@3e000/rtc@0[0]'
[   15.499856] omap_rtc 44e3e000.rtc: using lookup tables for GPIO lookup
[   15.499872] omap_rtc 44e3e000.rtc: No GPIO consumer wp found
[   15.563492] input: tps65217_pwrbutton as /devices/platform/ocp/44c00000.interconnect/44c00000.interconnect:segment@200000/44e0b000.target-module/44e0b000.i2c/i2c-0/0-0024/tps65217-pwrbutton/input/input0
[   15.773829] omap_wdt: OMAP Watchdog Timer Rev 0x01: initial timeout 60 sec
[   15.959940] am335x-phy-driver 47401300.usb-phy: using DT '/ocp/target-module@47400000/usb-phy@1300' for 'reset' GPIO lookup
[   15.960032] of_get_named_gpiod_flags: can't parse 'reset-gpios' property of node '/ocp/target-module@47400000/usb-phy@1300[0]'
[   15.960078] of_get_named_gpiod_flags: can't parse 'reset-gpio' property of node '/ocp/target-module@47400000/usb-phy@1300[0]'
[   15.960115] am335x-phy-driver 47401300.usb-phy: using lookup tables for GPIO lookup
[   15.960130] am335x-phy-driver 47401300.usb-phy: No GPIO consumer reset found
[   15.960144] am335x-phy-driver 47401300.usb-phy: using DT '/ocp/target-module@47400000/usb-phy@1300' for 'vbus-detect' GPIO lookup
[   15.960176] of_get_named_gpiod_flags: can't parse 'vbus-detect-gpios' property of node '/ocp/target-module@47400000/usb-phy@1300[0]'
[   15.960208] of_get_named_gpiod_flags: can't parse 'vbus-detect-gpio' property of node '/ocp/target-module@47400000/usb-phy@1300[0]'
[   15.960234] am335x-phy-driver 47401300.usb-phy: using lookup tables for GPIO lookup
[   15.960246] am335x-phy-driver 47401300.usb-phy: No GPIO consumer vbus-detect found
[   15.960399] am335x-phy-driver 47401300.usb-phy: dummy supplies not allowed for exclusive requests (id=vbus)
[   16.122523] am335x-phy-driver 47401b00.usb-phy: using DT '/ocp/target-module@47400000/usb-phy@1b00' for 'reset' GPIO lookup
[   16.122615] of_get_named_gpiod_flags: can't parse 'reset-gpios' property of node '/ocp/target-module@47400000/usb-phy@1b00[0]'
[   16.122658] of_get_named_gpiod_flags: can't parse 'reset-gpio' property of node '/ocp/target-module@47400000/usb-phy@1b00[0]'
[   16.122695] am335x-phy-driver 47401b00.usb-phy: using lookup tables for GPIO lookup
[   16.122710] am335x-phy-driver 47401b00.usb-phy: No GPIO consumer reset found
[   16.122724] am335x-phy-driver 47401b00.usb-phy: using DT '/ocp/target-module@47400000/usb-phy@1b00' for 'vbus-detect' GPIO lookup
[   16.122755] of_get_named_gpiod_flags: can't parse 'vbus-detect-gpios' property of node '/ocp/target-module@47400000/usb-phy@1b00[0]'
[   16.122788] of_get_named_gpiod_flags: can't parse 'vbus-detect-gpio' property of node '/ocp/target-module@47400000/usb-phy@1b00[0]'
[   16.122814] am335x-phy-driver 47401b00.usb-phy: using lookup tables for GPIO lookup
[   16.122825] am335x-phy-driver 47401b00.usb-phy: No GPIO consumer vbus-detect found
[   16.122976] am335x-phy-driver 47401b00.usb-phy: dummy supplies not allowed for exclusive requests (id=vbus)
[   16.583280] usbcore: registered new interface driver usbfs
[   16.588923] usbcore: registered new interface driver hub
[   16.594577] usbcore: registered new device driver usb
[   17.438853] musb-hdrc musb-hdrc.1: MUSB HDRC host driver
[   17.444453] musb-hdrc musb-hdrc.1: new USB bus registered, assigned bus number 1
[   17.521819] tda998x 0-0070: found TDA19988
[   17.740058] usb usb1: New USB device found, idVendor=1d6b, idProduct=0002, bcdDevice= 6.17
[   17.748543] usb usb1: New USB device strings: Mfr=3, Product=2, SerialNumber=1
[   17.755960] usb usb1: Product: MUSB HDRC host driver
[   17.760957] usb usb1: Manufacturer: Linux 6.17.0-rc1-next-20250812 musb-hcd
[   17.768037] usb usb1: SerialNumber: musb-hdrc.1
[   18.087768] omap-mailbox 480c8000.mailbox: omap mailbox rev 0x400
[   18.174833] remoteproc remoteproc0: powering up wkup_m3
[   18.232254] hub 1-0:1.0: USB hub found
[   18.283191] hub 1-0:1.0: 1 port detected
[   18.568432] remoteproc remoteproc0: Direct firmware load for am335x-pm-firmware.elf failed with error -2
[   18.578302] remoteproc remoteproc0: request_firmware failed: -2
[   18.584394] wkup_m3_ipc 44e11324.wkup_m3_ipc: rproc_boot failed
[   20.764816] omap_rng 48310000.rng: Random Number Generator ver. 20
[   20.829774] tilcdc 4830e000.lcdc: bound 0-0070 (ops tda998x_audio_codec_init [tda998x])
[   20.934095] [drm] Initialized tilcdc 1.0.0 for 4830e000.lcdc on minor 0
[   21.023482] tilcdc 4830e000.lcdc: [drm] Cannot find any crtc or sizes
[   21.032593] tilcdc 4830e000.lcdc: [drm] Cannot find any crtc or sizes
[   21.279688] ------------[ cut here ]------------
[   21.284528] WARNING: net/8021q/vlan_core.c:236 at vlan_for_each+0x114/0x134, CPU#0: avahi-daemon/183
[   21.293855] RTNL: assertion failed at net/8021q/vlan_core.c (236)
[   21.299984] Modules linked in: tilcdc omap_rng rng_core drm_dma_helper drm_client_lib snd_soc_davinci_mcasp snd_soc_ti_udma snd_soc_ti_edma snd_soc_ti_sdma snd_soc_core snd_pcm_dmaengine snd_pcm omap_mailbox snd_timer snd soundcore musb_dsps tda998x musb_hdrc cec udc_core drm_kms_helper usbcore phy_am335x cppi41 phy_generic drm usb_common omap_wdt tps65218_pwrbutton watchdog rtc_omap drm_panel_orientation_quirks at24 wkup_m3_ipc wkup_m3_rproc phy_am335x_control leds_gpio led_class cpufreq_dt autofs4
[   21.344717] CPU: 0 UID: 107 PID: 183 Comm: avahi-daemon Not tainted 6.17.0-rc1-next-20250812 #1 NONE 
[   21.344737] Hardware name: Generic AM33XX (Flattened Device Tree)
[   21.344746] Call trace: 
[   21.344762]  unwind_backtrace from show_stack+0x10/0x14
[   21.344798]  show_stack from dump_stack_lvl+0x50/0x64
[   21.344823]  dump_stack_lvl from __warn+0x88/0x148
[   21.344842]  __warn from warn_slowpath_fmt+0x19c/0x1b0
[   21.344855]  warn_slowpath_fmt from vlan_for_each+0x114/0x134
[   21.344876]  vlan_for_each from cpsw_add_mc_addr+0x40/0xa4
[   21.344903]  cpsw_add_mc_addr from __hw_addr_ref_sync_dev+0x108/0x140
[   21.344935]  __hw_addr_ref_sync_dev from __dev_mc_add+0x7c/0x80
[   21.344959]  __dev_mc_add from igmp6_group_added+0xc8/0xe0
[   21.344988]  igmp6_group_added from __ipv6_dev_mc_inc+0x218/0x364
[   21.345006]  __ipv6_dev_mc_inc from __ipv6_sock_mc_join+0x11c/0x214
[   21.345024]  __ipv6_sock_mc_join from do_ipv6_setsockopt+0x1214/0x1310
[   21.345057]  do_ipv6_setsockopt from ipv6_setsockopt+0x60/0xcc
[   21.345079]  ipv6_setsockopt from udpv6_setsockopt+0x2c/0x6c
[   21.345098]  udpv6_setsockopt from sock_common_setsockopt+0x30/0x40
[   21.345128]  sock_common_setsockopt from do_sock_setsockopt+0x50/0x9c
[   21.345150]  do_sock_setsockopt from __sys_setsockopt+0x70/0xbc
[   21.345169]  __sys_setsockopt from ret_fast_syscall+0x0/0x58
[   21.345187] Exception stack(0xe0129fa8 to 0xe0129ff0)
[   21.345202] 9fa0:                   00000014 b6f78ce8 0000000d 00000029 00000014 beab49ec
[   21.345214] 9fc0: 00000014 b6f78ce8 00000014 00000126 0000000d b6f21ff4 0046e988 00456558
[   21.345222] 9fe0: b6f37088 beab49d8 b6f14309 b6deb41a
[   21.345230] ---[ end trace 0000000000000000 ]---
[   22.434541] PM: Cannot get wkup_m3_ipc handle
[   23.009623] omap-sham 53100000.sham: hw accel on OMAP rev 4.3
[   23.099676] omap-sham 53100000.sham: will run requests pump with realtime priority
[   23.113917] PM: Cannot get wkup_m3_ipc handle
[   23.225078] omap-aes 53500000.aes: OMAP AES hw accel rev: 3.2
[   23.337416] omap-aes 53500000.aes: will run requests pump with realtime priority
[   23.350383] PM: Cannot get wkup_m3_ipc handle
[   23.603820] Bluetooth: Core ver 2.22
[   23.607691] NET: Registered PF_BLUETOOTH protocol family
[   23.613208] Bluetooth: HCI device and connection manager initialized
[   23.619776] Bluetooth: HCI socket layer initialized
[   23.624759] Bluetooth: L2CAP socket layer initialized
[   23.629881] Bluetooth: SCO socket layer initialized
[   26.655274] tda998x 0-0070: using DT '/ocp/interconnect@44c00000/segment@200000/target-module@b000/i2c@0/tda19988@70' for 'nxp,calib' GPIO lookup
[   26.655413] of_get_named_gpiod_flags: parsed 'nxp,calib-gpios' property of node '/ocp/interconnect@44c00000/segment@200000/target-module@b000/i2c@0/tda19988@70[0]' - status (0)
[   26.655497] gpio gpiochip0: Persistence not supported for GPIO 25
[   26.655511] gpio-537 (nxp,calib): no flags found for GPIO nxp,calib
[   26.656072] PM: Cannot get wkup_m3_ipc handle
[   26.662122] asoc-simple-card sound: using DT '/sound' for 'simple-audio-card,hp-det' GPIO lookup
[   26.662197] of_get_named_gpiod_flags: can't parse 'simple-audio-card,hp-det-gpios' property of node '/sound[0]'
[   26.662232] of_get_named_gpiod_flags: can't parse 'simple-audio-card,hp-det-gpio' property of node '/sound[0]'
[   26.662257] asoc-simple-card sound: using lookup tables for GPIO lookup
[   26.662271] asoc-simple-card sound: No GPIO consumer simple-audio-card,hp-det found
[   26.662286] asoc-simple-card sound: using DT '/sound' for 'simple-audio-card,mic-det' GPIO lookup
[   26.662312] of_get_named_gpiod_flags: can't parse 'simple-audio-card,mic-det-gpios' property of node '/sound[0]'
[   26.662337] of_get_named_gpiod_flags: can't parse 'simple-audio-card,mic-det-gpio' property of node '/sound[0]'
[   26.662356] asoc-simple-card sound: using lookup tables for GPIO lookup
[   26.662368] asoc-simple-card sound: No GPIO consumer simple-audio-card,mic-det found
[   26.672765] gpio-537 (nxp,calib): gpiod_direction_output_nonotify: tried to set a GPIO tied to an IRQ as output
[   26.787263] PM: Cannot get wkup_m3_ipc handle
[   26.977796] tda9950 0-0034: TDA9950 CEC interface, hardware version 3.3
[   27.072205] PM: Cannot get wkup_m3_ipc handle
[   28.638758] userial_init: registered 8 ttyGS* devices
[   28.938835] rndis_register: configNr = 0
[   29.035700] udc musb-hdrc.0: binding gadget driver [g_multi]
[   29.035801] configfs-gadget.g_multi gadget.0: adding 'rndis'/2fd581da to config 'c'/852af583
[   29.036938] configfs-gadget.g_multi gadget.0: HOST MAC 1c:ba:8c:a2:ed:6c
[   29.043973] configfs-gadget.g_multi gadget.0: MAC 1c:ba:8c:a2:ed:70
[   29.050588] rndis_set_param_medium: 0 0
[   29.050612] configfs-gadget.g_multi gadget.0: RNDIS: IN/ep1in OUT/ep1out NOTIFY/ep2in
[   29.050630] configfs-gadget.g_multi gadget.0: adding 'cdc_ethernet'/857c4536 to config 'c'/852af583
[   29.051992] configfs-gadget.g_multi gadget.0: HOST MAC 1c:ba:8c:a2:ed:6c
[   29.058765] configfs-gadget.g_multi gadget.0: MAC 1c:ba:8c:a2:ed:6d
[   29.065159] configfs-gadget.g_multi gadget.0: CDC Ethernet: IN/ep3in OUT/ep2out NOTIFY/ep4in
[   29.065179] configfs-gadget.g_multi gadget.0: adding 'acm'/1aede3b1 to config 'c'/852af583
[   29.065230] configfs-gadget.g_multi gadget.0: acm ttyGS0: IN/ep5in OUT/ep3out NOTIFY/ep6in
[   29.069913] PM: Cannot get wkup_m3_ipc handle
[   30.302513] configfs-gadget.g_multi gadget.0: eth_open
[   35.289758] gs_open: ttyGS0 (3c7ef4cd,5c07b3d4)
[   35.289903] gs_close: ttyGS0 (3c7ef4cd,5c07b3d4) ...
[   35.289927] gs_close: ttyGS0 (3c7ef4cd,5c07b3d4) done!
[   35.304982] gs_open: ttyGS0 (3c7ef4cd,06e6e9c9)
[   35.305121] gs_close: ttyGS0 (3c7ef4cd,06e6e9c9) ...
[   35.305142] gs_close: ttyGS0 (3c7ef4cd,06e6e9c9) done!
[   35.447919] gs_open: ttyGS0 (4bb9ac49,54b90b55)
[   35.448164] gs_close: ttyGS0 (4bb9ac49,54b90b55) ...
[   35.448190] gs_close: ttyGS0 (4bb9ac49,54b90b55) done!
[   35.454224] gs_open: ttyGS0 (4bb9ac49,54b90b55)
NZUQWEAUNA 0
root@arm:~# echo 'HZYC''LQLENZ'
HZYCLQLENZ
root@arm:~# MARKER='BKXG''QKUPOP' run 'modprobe test_linear_ranges'
BKXGQKUPOPBKXGQKUPOP 0
root@arm:~# echo 'UXKV''ZPYEYP'
UXKVZPYEYP
root@arm:~# MARKER='KKCY''ASNOOE' run dmesg
KKCYASNOOE[    0.000000] Booting Linux on physical CPU 0x0
[    0.000000] Linux version 6.17.0-rc1-next-20250812 (user01@drvtest01) (arm-none-eabi-gcc (Arm GNU Toolchain 14.2.Rel1 (Build arm-14.52)) 14.2.1 20241119, GNU ld (Arm GNU Toolchain 14.2.Rel1 (Build arm-14.52)) 2.43.1.20241119) #1 SMP Tue Aug 12 08:19:45 EEST 2025
[    0.000000] CPU: ARMv7 Processor [413fc082] revision 2 (ARMv7), cr=10c5387d
[    0.000000] CPU: PIPT / VIPT nonaliasing data cache, VIPT aliasing instruction cache
[    0.000000] OF: fdt: Machine model: TI AM335x BeagleBone Black
[    0.000000] Memory policy: Data cache writeback
[    0.000000] cma: Reserved 16 MiB at 0x9e800000
[    0.000000] Zone ranges:
[    0.000000]   Normal   [mem 0x0000000080000000-0x000000009fdfffff]
[    0.000000]   HighMem  empty
[    0.000000] Movable zone start for each node
[    0.000000] Early memory node ranges
[    0.000000]   node   0: [mem 0x0000000080000000-0x000000009fdfffff]
[    0.000000] Initmem setup node 0 [mem 0x0000000080000000-0x000000009fdfffff]
[    0.000000] On node 0, zone Normal: 512 pages in unavailable ranges
[    0.000000] OF: reserved mem: Reserved memory: No reserved-memory node in the DT
[    0.000000] CPU: All CPU(s) started in SVC mode.
[    0.000000] AM335X ES2.1 (sgx neon)
[    0.000000] percpu: Embedded 17 pages/cpu s39820 r8192 d21620 u69632
[    0.000000] pcpu-alloc: s39820 r8192 d21620 u69632 alloc=17*4096
[    0.000000] pcpu-alloc: [0] 0 
[    0.000000] Kernel command line: console=ttyO0,115200n8 root=/dev/nfs rw nfsroot=192.168.255.126:/home/user01/nfs,nfsvers=3 ip=192.168.255.1:192.168.255.126::255.255.255.0:bbb1:eth0 nfsrootdebug
[    0.000000] Unknown kernel command line parameters "nfsrootdebug", will be passed to user space.
[    0.000000] printk: log buffer data + meta data: 65536 + 204800 = 270336 bytes
[    0.000000] Dentry cache hash table entries: 65536 (order: 6, 262144 bytes, linear)
[    0.000000] Inode-cache hash table entries: 32768 (order: 5, 131072 bytes, linear)
[    0.000000] Built 1 zonelists, mobility grouping on.  Total pages: 130560
[    0.000000] mem auto-init: stack:off, heap alloc:off, heap free:off
[    0.000000] SLUB: HWalign=16, Order=0-3, MinObjects=0, CPUs=1, Nodes=1
[    0.000000] rcu: Hierarchical RCU implementation.
[    0.000000] rcu: 	RCU event tracing is enabled.
[    0.000000] rcu: 	RCU restricting CPUs from NR_CPUS=2 to nr_cpu_ids=1.
[    0.000000] 	Tracing variant of Tasks RCU enabled.
[    0.000000] rcu: RCU calculated value of scheduler-enlistment delay is 10 jiffies.
[    0.000000] rcu: Adjusting geometry for rcu_fanout_leaf=16, nr_cpu_ids=1
[    0.000000] RCU Tasks Trace: Setting shift to 0 and lim to 1 rcu_task_cb_adjust=1 rcu_task_cpu_ids=1.
[    0.000000] NR_IRQS: 16, nr_irqs: 16, preallocated irqs: 16
[    0.000000] IRQ: Found an INTC at 0x(ptrval) (revision 5.0) with 128 interrupts
[    0.000000] rcu: srcu_init: Setting srcu_struct sizes based on contention.
[    0.000000] TI gptimer clocksource: always-on /ocp/interconnect@44c00000/segment@200000/target-module@31000
[    0.000002] sched_clock: 32 bits at 24MHz, resolution 41ns, wraps every 89478484971ns
[    0.000027] clocksource: dmtimer: mask: 0xffffffff max_cycles: 0xffffffff, max_idle_ns: 79635851949 ns
[    0.000537] TI gptimer clockevent: 24000000 Hz at /ocp/interconnect@48000000/segment@0/target-module@40000
[    0.002156] Console: colour dummy device 80x30
[    0.002220] WARNING: Your 'console=ttyO0' has been replaced by 'ttyS0'
[    0.002228] This ensures that you still see kernel messages. Please
[    0.002232] update your kernel commandline.
[    0.002276] Calibrating delay loop... 996.14 BogoMIPS (lpj=4980736)
[    0.090586] CPU: Testing write buffer coherency: ok
[    0.090697] CPU0: Spectre v2: using BPIALL workaround
[    0.090707] pid_max: default: 32768 minimum: 301
[    0.090862] LSM: initializing lsm=capability
[    0.091025] Mount-cache hash table entries: 1024 (order: 0, 4096 bytes, linear)
[    0.091043] Mountpoint-cache hash table entries: 1024 (order: 0, 4096 bytes, linear)
[    0.092616] CPU0: thread -1, cpu 0, socket -1, mpidr 0
[    0.092675] cacheinfo: Unable to detect cache hierarchy for CPU 0
[    0.094694] Setting up static identity map for 0x80100000 - 0x80100078
[    0.095028] rcu: Hierarchical SRCU implementation.
[    0.095038] rcu: 	Max phase no-delay instances is 1000.
[    0.096742] smp: Bringing up secondary CPUs ...
[    0.096794] smp: Brought up 1 node, 1 CPU
[    0.096806] SMP: Total of 1 processors activated (996.14 BogoMIPS).
[    0.096816] CPU: All CPU(s) started in SVC mode.
[    0.097013] Memory: 480856K/522240K available (11264K kernel code, 1218K rwdata, 2936K rodata, 1024K init, 254K bss, 23352K reserved, 16384K cma-reserved, 0K highmem)
[    0.097827] devtmpfs: initialized
[    0.114852] VFP support v0.3: implementor 41 architecture 3 part 30 variant c rev 3
[    0.115487] clocksource: jiffies: mask: 0xffffffff max_cycles: 0xffffffff, max_idle_ns: 19112604462750000 ns
[    0.115543] posixtimers hash table entries: 512 (order: 0, 4096 bytes, linear)
[    0.115571] futex hash table entries: 256 (16384 bytes on 1 NUMA nodes, total 16 KiB, linear).
[    0.116700] pinctrl core: initialized pinctrl subsystem
[    0.118847] NET: Registered PF_NETLINK/PF_ROUTE protocol family
[    0.122035] DMA: preallocated 256 KiB pool for atomic coherent allocations
[    0.122642] audit: initializing netlink subsys (disabled)
[    0.123974] thermal_sys: Registered thermal governor 'fair_share'
[    0.123990] thermal_sys: Registered thermal governor 'step_wise'
[    0.124001] thermal_sys: Registered thermal governor 'user_space'
[    0.124113] audit: type=2000 audit(0.120:1): state=initialized audit_enabled=0 res=1
[    0.124188] cpuidle: using governor menu
[    0.142198] /ocp/interconnect@44c00000/segment@200000/target-module@b000/i2c@0/tda19988@70: Fixed dependency cycle(s) with /ocp/interconnect@48000000/segment@300000/target-module@e000/lcdc@0
[    0.143340] /ocp/interconnect@48000000/segment@300000/target-module@e000/lcdc@0: Fixed dependency cycle(s) with /ocp/interconnect@44c00000/segment@200000/target-module@b000/i2c@0/tda19988@70
[    0.145547] No ATAGs?
[    0.145587] hw-breakpoint: debug architecture 0x4 unsupported.
[    0.148720] kprobes: kprobe jump-optimization is enabled. All kprobes are optimized if possible.
[    0.154530] iommu: Default domain type: Translated
[    0.154552] iommu: DMA domain TLB invalidation policy: strict mode
[    0.156136] reg-fixed-voltage fixedregulator0: using DT '/fixedregulator0' for '(default)' GPIO lookup
[    0.156188] of_get_named_gpiod_flags: can't parse 'gpios' property of node '/fixedregulator0[0]'
[    0.156215] of_get_named_gpiod_flags: can't parse 'gpio' property of node '/fixedregulator0[0]'
[    0.156233] reg-fixed-voltage fixedregulator0: using lookup tables for GPIO lookup
[    0.156243] reg-fixed-voltage fixedregulator0: No GPIO consumer (default) found
[    0.161723] SCSI subsystem initialized
[    0.162214] libata version 3.00 loaded.
[    0.162594] pps_core: LinuxPPS API ver. 1 registered
[    0.162605] pps_core: Software ver. 5.3.6 - Copyright 2005-2007 Rodolfo Giometti <giometti@linux.it>
[    0.162630] PTP clock support registered
[    0.171184] vgaarb: loaded
[    0.171560] clocksource: Switched to clocksource dmtimer
[    0.172238] VFS: Disk quotas dquot_6.6.0
[    0.172293] VFS: Dquot-cache hash table entries: 1024 (order 0, 4096 bytes)
[    0.196672] NET: Registered PF_INET protocol family
[    0.197009] IP idents hash table entries: 8192 (order: 4, 65536 bytes, linear)
[    0.198436] tcp_listen_portaddr_hash hash table entries: 512 (order: 0, 4096 bytes, linear)
[    0.198473] Table-perturb hash table entries: 65536 (order: 6, 262144 bytes, linear)
[    0.198492] TCP established hash table entries: 4096 (order: 2, 16384 bytes, linear)
[    0.198538] TCP bind hash table entries: 4096 (order: 4, 65536 bytes, linear)
[    0.198638] TCP: Hash tables configured (established 4096 bind 4096)
[    0.198752] UDP hash table entries: 256 (order: 1, 14336 bytes, linear)
[    0.198787] UDP-Lite hash table entries: 256 (order: 1, 14336 bytes, linear)
[    0.198979] NET: Registered PF_UNIX/PF_LOCAL protocol family
[    0.200241] RPC: Registered named UNIX socket transport module.
[    0.200261] RPC: Registered udp transport module.
[    0.200266] RPC: Registered tcp transport module.
[    0.200271] RPC: Registered tcp-with-tls transport module.
[    0.200276] RPC: Registered tcp NFSv4.1 backchannel transport module.
[    0.200300] PCI: CLS 0 bytes, default 64
[    0.201849] Initialise system trusted keyrings
[    0.212295] workingset: timestamp_bits=14 max_order=17 bucket_order=3
[    0.213711] NFS: Registering the id_resolver key type
[    0.213786] Key type id_resolver registered
[    0.213793] Key type id_legacy registered
[    0.213899] jffs2: version 2.2. (NAND) (SUMMARY)  Â© 2001-2006 Red Hat, Inc.
[    0.214355] Key type asymmetric registered
[    0.214373] Asymmetric key parser 'x509' registered
[    0.214444] io scheduler mq-deadline registered
[    0.214455] io scheduler kyber registered
[    0.214532] io scheduler bfq registered
[    0.216425] target-module@4b000000:target-module@140000:pmu@0:fck: device ID is greater than 24
[    0.222621] l3-aon-clkctrl:0000:0: failed to disable
[    0.231933] ledtrig-cpu: registered to indicate activity on CPUs
[    0.235673] Serial: 8250/16550 driver, 6 ports, IRQ sharing enabled
[    0.282821] brd: module loaded
[    0.291268] loop: module loaded
[    0.292382] mtdoops: mtd device (mtddev=name/number) must be supplied
[    0.294100] mdio_bus fixed-0: using lookup tables for GPIO lookup
[    0.294124] mdio_bus fixed-0: No GPIO consumer reset found
[    0.295531] i2c_dev: i2c /dev entries driver
[    0.296541] cpuidle: enable-method property 'ti,am3352' found operations
[    0.296990] sdhci: Secure Digital Host Controller Interface driver
[    0.297000] sdhci: Copyright(c) Pierre Ossman
[    0.297180] sdhci-pltfm: SDHCI platform and OF driver helper
[    0.318126] hw perfevents: enabled with armv7_cortex_a8 PMU driver, 5 (8000000f) counters available
[    0.318668] Initializing XFRM netlink socket
[    0.318859] NET: Registered PF_INET6 protocol family
[    0.324531] l3-aon-clkctrl:0000:0: failed to disable
[    0.326133] Segment Routing with IPv6
[    0.326216] In-situ OAM (IOAM) with IPv6
[    0.326311] sit: IPv6, IPv4 and MPLS over IPv4 tunneling driver
[    0.327280] NET: Registered PF_PACKET protocol family
[    0.327306] NET: Registered PF_KEY protocol family
[    0.327428] Key type dns_resolver registered
[    0.327659] ThumbEE CPU extension supported.
[    0.327678] Registering SWP/SWPB emulation handler
[    0.328216] omap_voltage_late_init: Voltage driver support not added
[    0.328881] SmartReflex Class3 initialized
[    0.352614] Loading compiled-in X.509 certificates
[    0.390059] /ocp/interconnect@44c00000/segment@200000/target-module@b000/i2c@0/tda19988@70: Fixed dependency cycle(s) with /ocp/interconnect@48000000/segment@300000/target-module@e000/lcdc@0
[    0.396670] /ocp/interconnect@44c00000/segment@200000/target-module@b000/i2c@0/tda19988@70: Fixed dependency cycle(s) with /ocp/interconnect@48000000/segment@300000/target-module@e000/lcdc@0
[    0.402347] gpiochip_find_base_unlocked: found new base at 512
[    0.440086] /ocp/interconnect@44c00000/segment@200000/target-module@b000/i2c@0/tda19988@70: Fixed dependency cycle(s) with /ocp/interconnect@48000000/segment@300000/target-module@e000/lcdc@0
[    0.440974] /ocp/interconnect@44c00000/segment@200000/target-module@b000/i2c@0/tda19988@70: Fixed dependency cycle(s) with /ocp/interconnect@48000000/segment@300000/target-module@e000/lcdc@0
[    0.444784] /ocp/interconnect@44c00000/segment@200000/target-module@10000/scm@0/pinmux@800: Fixed dependency cycle(s) with /ocp/interconnect@44c00000/segment@200000/target-module@10000/scm@0/pinmux@800/clkout2-pins
[    0.445380] pinctrl-single 44e10800.pinmux: 142 pins, size 568
[    0.450647] ti-sysc 44e31000.target-module: probe with driver ti-sysc failed with error -16
[    0.489814] /ocp/interconnect@48000000/segment@300000/target-module@e000/lcdc@0: Fixed dependency cycle(s) with /ocp/interconnect@44c00000/segment@200000/target-module@b000/i2c@0/tda19988@70
[    0.498193] ti-sysc 48040000.target-module: probe with driver ti-sysc failed with error -16
[    0.509875] gpiochip_find_base_unlocked: found new base at 512
[    0.509973] gpio gpiochip0: (gpio-0-31): created GPIO range 0->7 ==> 44e10800.pinmux PIN 0->7
[    0.509993] gpio gpiochip0: (gpio-0-31): created GPIO range 8->11 ==> 44e10800.pinmux PIN 90->93
[    0.510009] gpio gpiochip0: (gpio-0-31): created GPIO range 12->27 ==> 44e10800.pinmux PIN 12->27
[    0.510025] gpio gpiochip0: (gpio-0-31): created GPIO range 28->31 ==> 44e10800.pinmux PIN 30->33
[    0.546421] gpio gpiochip0: (gpio-0-31): added GPIO chardev (254:0)
[    0.546658] gpio gpiochip0: registered GPIOs 512 to 543 on gpio-0-31
[    0.546741] OMAP GPIO hardware version 0.1
[    0.572928] i2c i2c-2: using DT '/ocp/interconnect@48000000/segment@100000/target-module@9c000/i2c@0' for 'scl' GPIO lookup
[    0.573007] of_get_named_gpiod_flags: can't parse 'scl-gpios' property of node '/ocp/interconnect@48000000/segment@100000/target-module@9c000/i2c@0[0]'
[    0.573052] of_get_named_gpiod_flags: can't parse 'scl-gpio' property of node '/ocp/interconnect@48000000/segment@100000/target-module@9c000/i2c@0[0]'
[    0.573088] i2c i2c-2: using lookup tables for GPIO lookup
[    0.573097] i2c i2c-2: No GPIO consumer scl found
[    0.573118] i2c i2c-2: using DT '/ocp/interconnect@48000000/segment@100000/target-module@9c000/i2c@0' for 'sda' GPIO lookup
[    0.573156] of_get_named_gpiod_flags: can't parse 'sda-gpios' property of node '/ocp/interconnect@48000000/segment@100000/target-module@9c000/i2c@0[0]'
[    0.573195] of_get_named_gpiod_flags: can't parse 'sda-gpio' property of node '/ocp/interconnect@48000000/segment@100000/target-module@9c000/i2c@0[0]'
[    0.573226] i2c i2c-2: using lookup tables for GPIO lookup
[    0.573234] i2c i2c-2: No GPIO consumer sda found
[    0.573955] omap_i2c 4819c000.i2c: bus 2 rev0.11 at 100 kHz
[    0.579529] gpiochip_find_base_unlocked: found new base at 544
[    0.579633] gpio gpiochip1: (gpio-32-63): created GPIO range 0->17 ==> 44e10800.pinmux PIN 34->51
[    0.579655] gpio gpiochip1: (gpio-32-63): created GPIO range 18->21 ==> 44e10800.pinmux PIN 77->80
[    0.579671] gpio gpiochip1: (gpio-32-63): created GPIO range 22->31 ==> 44e10800.pinmux PIN 56->65
[    0.580502] gpio gpiochip1: (gpio-32-63): added GPIO chardev (254:1)
[    0.580711] gpio gpiochip1: registered GPIOs 544 to 575 on gpio-32-63
[    0.583214] gpiochip_find_base_unlocked: found new base at 576
[    0.583309] gpio gpiochip2: (gpio-64-95): created GPIO range 0->4 ==> 44e10800.pinmux PIN 66->70
[    0.583331] gpio gpiochip2: (gpio-64-95): created GPIO range 5->6 ==> 44e10800.pinmux PIN 98->99
[    0.583346] gpio gpiochip2: (gpio-64-95): created GPIO range 7->8 ==> 44e10800.pinmux PIN 75->76
[    0.583361] gpio gpiochip2: (gpio-64-95): created GPIO range 13->13 ==> 44e10800.pinmux PIN 141->141
[    0.583377] gpio gpiochip2: (gpio-64-95): created GPIO range 14->21 ==> 44e10800.pinmux PIN 100->107
[    0.591901] gpio gpiochip2: (gpio-64-95): added GPIO chardev (254:2)
[    0.592115] gpio gpiochip2: registered GPIOs 576 to 607 on gpio-64-95
[    0.597851] 48000000.interconnect:segment@200000:target-module@0:mpu@0:fck: device ID is greater than 24
[    0.598757] /ocp/interconnect@48000000/segment@300000/target-module@e000/lcdc@0: Fixed dependency cycle(s) with /ocp/interconnect@44c00000/segment@200000/target-module@b000/i2c@0/tda19988@70
[    0.601868] /ocp/interconnect@48000000/segment@300000/target-module@e000/lcdc@0: Fixed dependency cycle(s) with /ocp/interconnect@44c00000/segment@200000/target-module@b000/i2c@0/tda19988@70
[    0.602664] /ocp/interconnect@44c00000/segment@200000/target-module@b000/i2c@0/tda19988@70: Fixed dependency cycle(s) with /ocp/interconnect@48000000/segment@300000/target-module@e000/lcdc@0
[    0.602829] /ocp/interconnect@48000000/segment@300000/target-module@e000/lcdc@0: Fixed dependency cycle(s) with /ocp/interconnect@44c00000/segment@200000/target-module@b000/i2c@0/tda19988@70
[    0.612721] mdio_bus 4a101000.mdio: using DT '/ocp/interconnect@4a000000/segment@0/target-module@100000/switch@0/mdio@1000' for 'reset' GPIO lookup
[    0.612794] of_get_named_gpiod_flags: can't parse 'reset-gpios' property of node '/ocp/interconnect@4a000000/segment@0/target-module@100000/switch@0/mdio@1000[0]'
[    0.612841] of_get_named_gpiod_flags: can't parse 'reset-gpio' property of node '/ocp/interconnect@4a000000/segment@0/target-module@100000/switch@0/mdio@1000[0]'
[    0.612887] mdio_bus 4a101000.mdio: using lookup tables for GPIO lookup
[    0.612896] mdio_bus 4a101000.mdio: No GPIO consumer reset found
[    0.614172] sdhci-omap 481d8000.mmc: using DT '/ocp/interconnect@48000000/segment@100000/target-module@d8000/mmc@0' for 'wp' GPIO lookup
[    0.614237] of_get_named_gpiod_flags: can't parse 'wp-gpios' property of node '/ocp/interconnect@48000000/segment@100000/target-module@d8000/mmc@0[0]'
[    0.614278] of_get_named_gpiod_flags: can't parse 'wp-gpio' property of node '/ocp/interconnect@48000000/segment@100000/target-module@d8000/mmc@0[0]'
[    0.614312] sdhci-omap 481d8000.mmc: using lookup tables for GPIO lookup
[    0.614321] sdhci-omap 481d8000.mmc: No GPIO consumer wp found
[    0.614523] sdhci-omap 481d8000.mmc: supply pbias not found, using dummy regulator
[    0.615011] sdhci-omap 481d8000.mmc: supply vqmmc not found, using dummy regulator
[    0.668600] davinci_mdio 4a101000.mdio: davinci mdio revision 1.6, bus freq 1000000
[    0.683716] mdio_bus 4a101000.mdio:00: using DT '/ocp/interconnect@4a000000/segment@0/target-module@100000/switch@0/mdio@1000/ethernet-phy@0' for 'reset' GPIO lookup
[    0.683818] of_get_named_gpiod_flags: parsed 'reset-gpios' property of node '/ocp/interconnect@4a000000/segment@0/target-module@100000/switch@0/mdio@1000/ethernet-phy@0[0]' - status (0)
[    0.683979] gpio gpiochip0: Persistence not supported for GPIO 8
[    0.814005] davinci_mdio 4a101000.mdio: phy[0]: device 4a101000.mdio:00, driver SMSC LAN8710/LAN8720
[    0.814781] cpsw-switch 4a100000.switch: initialized cpsw ale version 1.4
[    0.814803] cpsw-switch 4a100000.switch: ALE Table size 1024, Policers 0
[    0.814953] cpsw-switch 4a100000.switch: cpts: overflow check period 500 (jiffies)
[    0.814970] cpsw-switch 4a100000.switch: CPTS: ref_clk_freq:250000000 calc_mult:2147483648 calc_shift:29 error:0 nsec/sec
[    0.815076] cpsw-switch 4a100000.switch: Detected MACID = 6c:ec:eb:68:de:78
[    0.816921] cpsw-switch 4a100000.switch: initialized (regs 0x4a100000, pool size 256) hw_ver:0019010C 1.12 (0)
[    0.828015] debugfs: '49000000.dma' already exists in 'dmaengine'
[    0.828058] edma 49000000.dma: TI EDMA DMA engine driver
[    0.880902] gpio-clk clk_mcasp0: using DT '/clk_mcasp0' for 'enable' GPIO lookup
[    0.880980] of_get_named_gpiod_flags: parsed 'enable-gpios' property of node '/clk_mcasp0[0]' - status (0)
[    0.881025] gpio gpiochip0: Persistence not supported for GPIO 27
[    0.882163] gpiochip_find_base_unlocked: found new base at 608
[    0.882278] gpio gpiochip3: (gpio-96-127): created GPIO range 0->7 ==> 44e10800.pinmux PIN 82->89
[    0.882298] gpio gpiochip3: (gpio-96-127): created GPIO range 8->11 ==> 44e10800.pinmux PIN 52->55
[    0.882313] gpio gpiochip3: (gpio-96-127): created GPIO range 12->15 ==> 44e10800.pinmux PIN 94->97
[    0.882330] gpio gpiochip3: (gpio-96-127): created GPIO range 16->17 ==> 44e10800.pinmux PIN 71->72
[    0.882345] gpio gpiochip3: (gpio-96-127): created GPIO range 18->18 ==> 44e10800.pinmux PIN 135->135
[    0.882362] gpio gpiochip3: (gpio-96-127): created GPIO range 19->20 ==> 44e10800.pinmux PIN 108->109
[    0.882379] gpio gpiochip3: (gpio-96-127): created GPIO range 21->21 ==> 44e10800.pinmux PIN 73->73
[    0.882396] gpio gpiochip3: (gpio-96-127): created GPIO range 22->23 ==> 44e10800.pinmux PIN 8->9
[    0.882413] gpio gpiochip3: (gpio-96-127): created GPIO range 26->27 ==> 44e10800.pinmux PIN 10->11
[    0.882430] gpio gpiochip3: (gpio-96-127): created GPIO range 28->28 ==> 44e10800.pinmux PIN 74->74
[    0.882448] gpio gpiochip3: (gpio-96-127): created GPIO range 29->29 ==> 44e10800.pinmux PIN 81->81
[    0.882466] gpio gpiochip3: (gpio-96-127): created GPIO range 30->31 ==> 44e10800.pinmux PIN 28->29
[    0.895416] gpio gpiochip3: (gpio-96-127): added GPIO chardev (254:3)
[    0.895667] gpio gpiochip3: registered GPIOs 608 to 639 on gpio-96-127
[    0.897527] omap8250 44e09000.serial: using DT '/ocp/interconnect@44c00000/segment@200000/target-module@9000/serial@0' for 'rs485-term' GPIO lookup
[    0.897593] of_get_named_gpiod_flags: can't parse 'rs485-term-gpios' property of node '/ocp/interconnect@44c00000/segment@200000/target-module@9000/serial@0[0]'
[    0.897638] of_get_named_gpiod_flags: can't parse 'rs485-term-gpio' property of node '/ocp/interconnect@44c00000/segment@200000/target-module@9000/serial@0[0]'
[    0.897674] omap8250 44e09000.serial: using lookup tables for GPIO lookup
[    0.897683] omap8250 44e09000.serial: No GPIO consumer rs485-term found
[    0.897694] omap8250 44e09000.serial: using DT '/ocp/interconnect@44c00000/segment@200000/target-module@9000/serial@0' for 'rs485-rx-during-tx' GPIO lookup
[    0.897730] of_get_named_gpiod_flags: can't parse 'rs485-rx-during-tx-gpios' property of node '/ocp/interconnect@44c00000/segment@200000/target-module@9000/serial@0[0]'
[    0.897767] of_get_named_gpiod_flags: can't parse 'rs485-rx-during-tx-gpio' property of node '/ocp/interconnect@44c00000/segment@200000/target-module@9000/serial@0[0]'
[    0.897798] omap8250 44e09000.serial: using lookup tables for GPIO lookup
[    0.897806] omap8250 44e09000.serial: No GPIO consumer rs485-rx-during-tx found
