Labgrid Console Logfile for main
Logfile started at 2025-08-24 19:41:58.025114
=== Log starts here ===
reading args
spl_load_image_fat_os: error reading image args, err - -1
reading u-boot.img
reading u-boot.img


U-Boot 2014.04-00014-g47880f5 (Apr 22 2014 - 13:23:54)

I2C:   ready
DRAM:  512 MiB
NAND:  0 MiB
MMC:   OMAP SD/MMC: 0, OMAP SD/MMC: 1
*** Warning - readenv() failed, using default environment

Net:   <ethaddr> not set. Validating first E-fuse MAC
cpsw, usb_ether
Hit any key to stop autoboot:  1  0 
gpio: pin 53 (gpio 53) value is 1
mmc0 is current device
gpio: pin 54 (gpio 54) value is 1
SD/MMC found on device 0
reading uEnv.txt
569 bytes read in 3 ms (184.6 KiB/s)
gpio: pin 55 (gpio 55) value is 1
Loaded environment from uEnv.txt
Importing environment from mmc ...
Checking if uenvcmd is set ...
gpio: pin 56 (gpio 56) value is 1
Running uenvcmd ...
cpsw Waiting for PHY auto negotiation to complete. done
link up on port 0, speed 100, full duplex
Using cpsw device
TFTP from server 192.168.255.126; our IP address is 192.168.255.1
Filename 'zImage'.
Load address: 0x81000000
Loading: *#################################################################
	 #################################################################
	 #################################################################
	 #################################################################
	 #################################################################
	 ############################################################
	 2.4 MiB/s
done
Bytes transferred = 5647376 (562c10 hex)
link up on port 0, speed 100, full duplex
Using cpsw device
TFTP from server 192.168.255.126; our IP address is 192.168.255.1
Filename 'am335x-boneblack.dtb'.
Load address: 0x82000000
Loading: *#######
	 2.4 MiB/s
done
Bytes transferred = 98244 (17fc4 hex)
Kernel image @ 0x81000000 [ 0x000000 - 0x562c10 ]
## Flattened Device Tree blob at 82000000
   Booting using the fdt blob at 0x82000000
   Using Device Tree in place at 82000000, end 8201afc3

Starting kernel ...

[    0.000000] Booting Linux on physical CPU 0x0
[    0.000000] Linux version 6.17.0-rc3 (user01@drvtest01) (arm-none-eabi-gcc (Arm GNU Toolchain 14.2.Rel1 (Build arm-14.52)) 14.2.1 20241119, GNU ld (Arm GNU Toolchain 14.2.Rel1 (Build arm-14.52)) 2.43.1.20241119) #1 SMP Sun Aug 24 19:38:37 EEST 2025
[    0.000000] CPU: ARMv7 Processor [413fc082] revision 2 (ARMv7), cr=10c5387d
[    0.000000] CPU: PIPT / VIPT nonaliasing data cache, VIPT aliasing instruction cache
[    0.000000] OF: fdt: Machine model: TI AM335x BeagleBone Black
[    0.000000] Memory policy: Data cache writeback
[    0.000000] cma: Reserved 16 MiB at 0x9e800000
[    0.000000] Zone ranges:
[    0.000000]   Normal   [mem 0x0000000080000000-0x000000009fdfffff]
[    0.000000]   HighMem  empty
[    0.000000] Movable zone start for each node
[    0.000000] Early memory node ranges
[    0.000000]   node   0: [mem 0x0000000080000000-0x000000009fdfffff]
[    0.000000] Initmem setup node 0 [mem 0x0000000080000000-0x000000009fdfffff]
[    0.000000] On node 0, zone Normal: 512 pages in unavailable ranges
[    0.000000] OF: reserved mem: Reserved memory: No reserved-memory node in the DT
[    0.000000] CPU: All CPU(s) started in SVC mode.
[    0.000000] AM335X ES2.1 (sgx neon)
[    0.000000] percpu: Embedded 17 pages/cpu s39820 r8192 d21620 u69632
[    0.000000] Kernel command line: console=ttyO0,115200n8 root=/dev/nfs rw nfsroot=192.168.255.126:/home/user01/nfs,nfsvers=3 ip=192.168.255.1:192.168.255.126::255.255.255.0:bbb1:eth0 nfsrootdebug
[    0.000000] Unknown kernel command line parameters "nfsrootdebug", will be passed to user space.
[    0.000000] printk: log buffer data + meta data: 65536 + 204800 = 270336 bytes
[    0.000000] Dentry cache hash table entries: 65536 (order: 6, 262144 bytes, linear)
[    0.000000] Inode-cache hash table entries: 32768 (order: 5, 131072 bytes, linear)
[    0.000000] Built 1 zonelists, mobility grouping on.  Total pages: 130560
[    0.000000] mem auto-init: stack:off, heap alloc:off, heap free:off
[    0.000000] SLUB: HWalign=16, Order=0-3, MinObjects=0, CPUs=1, Nodes=1
[    0.000000] rcu: Hierarchical RCU implementation.
[    0.000000] rcu: 	RCU event tracing is enabled.
[    0.000000] rcu: 	RCU restricting CPUs from NR_CPUS=2 to nr_cpu_ids=1.
[    0.000000] 	Tracing variant of Tasks RCU enabled.
[    0.000000] rcu: RCU calculated value of scheduler-enlistment delay is 10 jiffies.
[    0.000000] rcu: Adjusting geometry for rcu_fanout_leaf=16, nr_cpu_ids=1
[    0.000000] RCU Tasks Trace: Setting shift to 0 and lim to 1 rcu_task_cb_adjust=1 rcu_task_cpu_ids=1.
[    0.000000] NR_IRQS: 16, nr_irqs: 16, preallocated irqs: 16
[    0.000000] IRQ: Found an INTC at 0x(ptrval) (revision 5.0) with 128 interrupts
[    0.000000] rcu: srcu_init: Setting srcu_struct sizes based on contention.
[    0.000000] TI gptimer clocksource: always-on /ocp/interconnect@44c00000/segment@200000/target-module@31000
[    0.000003] sched_clock: 32 bits at 24MHz, resolution 41ns, wraps every 89478484971ns
[    0.000027] clocksource: dmtimer: mask: 0xffffffff max_cycles: 0xffffffff, max_idle_ns: 79635851949 ns
[    0.000532] TI gptimer clockevent: 24000000 Hz at /ocp/interconnect@48000000/segment@0/target-module@40000
[    0.002139] Console: colour dummy device 80x30
[    0.002203] WARNING: Your 'console=ttyO0' has been replaced by 'ttyS0'
[    0.002211] This ensures that you still see kernel messages. Please
[    0.002215] update your kernel commandline.
[    0.002260] Calibrating delay loop... 996.14 BogoMIPS (lpj=4980736)
[    0.090576] CPU: Testing write buffer coherency: ok
[    0.090688] CPU0: Spectre v2: using BPIALL workaround
[    0.090699] pid_max: default: 32768 minimum: 301
[    0.090853] LSM: initializing lsm=capability
[    0.091015] Mount-cache hash table entries: 1024 (order: 0, 4096 bytes, linear)
[    0.091036] Mountpoint-cache hash table entries: 1024 (order: 0, 4096 bytes, linear)
[    0.092595] CPU0: thread -1, cpu 0, socket -1, mpidr 0
[    0.092655] cacheinfo: Unable to detect cache hierarchy for CPU 0
[    0.094652] Setting up static identity map for 0x80100000 - 0x80100078
[    0.094991] rcu: Hierarchical SRCU implementation.
[    0.095002] rcu: 	Max phase no-delay instances is 1000.
[    0.096719] smp: Bringing up secondary CPUs ...
[    0.096770] smp: Brought up 1 node, 1 CPU
[    0.096782] SMP: Total of 1 processors activated (996.14 BogoMIPS).
[    0.096793] CPU: All CPU(s) started in SVC mode.
[    0.096990] Memory: 480856K/522240K available (11264K kernel code, 1218K rwdata, 2936K rodata, 1024K init, 254K bss, 23352K reserved, 16384K cma-reserved, 0K highmem)
[    0.097827] devtmpfs: initialized
[    0.114650] VFP support v0.3: implementor 41 architecture 3 part 30 variant c rev 3
[    0.115278] clocksource: jiffies: mask: 0xffffffff max_cycles: 0xffffffff, max_idle_ns: 19112604462750000 ns
[    0.115333] posixtimers hash table entries: 512 (order: 0, 4096 bytes, linear)
[    0.115361] futex hash table entries: 256 (16384 bytes on 1 NUMA nodes, total 16 KiB, linear).
[    0.116477] pinctrl core: initialized pinctrl subsystem
[    0.118608] NET: Registered PF_NETLINK/PF_ROUTE protocol family
[    0.121779] DMA: preallocated 256 KiB pool for atomic coherent allocations
[    0.122385] audit: initializing netlink subsys (disabled)
[    0.123707] thermal_sys: Registered thermal governor 'fair_share'
[    0.123721] thermal_sys: Registered thermal governor 'step_wise'
[    0.123732] thermal_sys: Registered thermal governor 'user_space'
[    0.123840] audit: type=2000 audit(0.120:1): state=initialized audit_enabled=0 res=1
[    0.123908] cpuidle: using governor menu
[    0.142180] /ocp/interconnect@44c00000/segment@200000/target-module@b000/i2c@0/tda19988@70: Fixed dependency cycle(s) with /ocp/interconnect@48000000/segment@300000/target-module@e000/lcdc@0
[    0.143313] /ocp/interconnect@48000000/segment@300000/target-module@e000/lcdc@0: Fixed dependency cycle(s) with /ocp/interconnect@44c00000/segment@200000/target-module@b000/i2c@0/tda19988@70
[    0.145528] No ATAGs?
[    0.145572] hw-breakpoint: debug architecture 0x4 unsupported.
[    0.148656] kprobes: kprobe jump-optimization is enabled. All kprobes are optimized if possible.
[    0.154359] iommu: Default domain type: Translated
[    0.154382] iommu: DMA domain TLB invalidation policy: strict mode
[    0.161498] SCSI subsystem initialized
[    0.162365] pps_core: LinuxPPS API ver. 1 registered
[    0.162376] pps_core: Software ver. 5.3.6 - Copyright 2005-2007 Rodolfo Giometti <giometti@linux.it>
[    0.162401] PTP clock support registered
[    0.170851] vgaarb: loaded
[    0.171229] clocksource: Switched to clocksource dmtimer
[    0.171904] VFS: Disk quotas dquot_6.6.0
[    0.171962] VFS: Dquot-cache hash table entries: 1024 (order 0, 4096 bytes)
[    0.194665] NET: Registered PF_INET protocol family
[    0.195005] IP idents hash table entries: 8192 (order: 4, 65536 bytes, linear)
[    0.196419] tcp_listen_portaddr_hash hash table entries: 512 (order: 0, 4096 bytes, linear)
[    0.196455] Table-perturb hash table entries: 65536 (order: 6, 262144 bytes, linear)
[    0.196474] TCP established hash table entries: 4096 (order: 2, 16384 bytes, linear)
[    0.196519] TCP bind hash table entries: 4096 (order: 4, 65536 bytes, linear)
[    0.196618] TCP: Hash tables configured (established 4096 bind 4096)
[    0.196735] UDP hash table entries: 256 (order: 1, 14336 bytes, linear)
[    0.196770] UDP-Lite hash table entries: 256 (order: 1, 14336 bytes, linear)
[    0.196962] NET: Registered PF_UNIX/PF_LOCAL protocol family
[    0.198218] RPC: Registered named UNIX socket transport module.
[    0.198238] RPC: Registered udp transport module.
[    0.198243] RPC: Registered tcp transport module.
[    0.198248] RPC: Registered tcp-with-tls transport module.
[    0.198253] RPC: Registered tcp NFSv4.1 backchannel transport module.
[    0.198277] PCI: CLS 0 bytes, default 64
[    0.199665] Initialise system trusted keyrings
[    0.211610] workingset: timestamp_bits=14 max_order=17 bucket_order=3
[    0.212997] NFS: Registering the id_resolver key type
[    0.213061] Key type id_resolver registered
[    0.213068] Key type id_legacy registered
[    0.213178] jffs2: version 2.2. (NAND) (SUMMARY)  Â© 2001-2006 Red Hat, Inc.
[    0.213633] Key type asymmetric registered
[    0.213649] Asymmetric key parser 'x509' registered
[    0.213722] io scheduler mq-deadline registered
[    0.213732] io scheduler kyber registered
[    0.213810] io scheduler bfq registered
[    0.215644] target-module@4b000000:target-module@140000:pmu@0:fck: device ID is greater than 24
[    0.221891] l3-aon-clkctrl:0000:0: failed to disable
[    0.222157] ledtrig-cpu: registered to indicate activity on CPUs
[    0.231922] Serial: 8250/16550 driver, 6 ports, IRQ sharing enabled
[    0.266506] brd: module loaded
[    0.289879] loop: module loaded
[    0.290811] mtdoops: mtd device (mtddev=name/number) must be supplied
[    0.294073] i2c_dev: i2c /dev entries driver
[    0.295078] cpuidle: enable-method property 'ti,am3352' found operations
[    0.295524] sdhc i: Secure Digital Host Controller Interface driver
[    0.295533] sdhci: Copyright(c) Pierre Ossman
[    0.295712] sdhci-pltfm: SDHCI platform and OF driver helper
[    0.297156] hw perfevents: enabled with armv7_cortex_a8 PMU driver, 5 (8000000f) counters available
[    0.297671] Initializing XFRM netlink socket
[    0.297851] NET: Registered PF_INET6 protocol family
[    0.303548] l3-aon-clkctrl:0000:0: failed to disable
[    0.312777] Segment Routing with IPv6
[    0.312864] In-situ OAM (IOAM)  with IPv6
[    0.312961] sit: IPv6, IPv4 and MPLS over IPv4 tunneling driver
[    0.313924] NET: Registered PF_PACKET protocol family
[    0.313954] NET: Registered PF_KEY protocol family
[    0.314100] Key type dns_resolver registered
[    0.314328] ThumbEE CPU extension supported.
[    0.314347] Registering SWP/SWPB emulation handler
[    0.314886] omap_voltage_late_init: Voltage driver support not added
[    0.315545] SmartReflex Class3 initialized
[    0.344261] Loading compiled-in X.509 certificates
[    0.387100] /ocp/interconnect@44c00000/segment@200000/target-module@b000/i2c@0/tda19988@70: Fixed dependency cycle(s) with /ocp/interconnect@48000000/segment@300000/target-module@e000/lcdc@0
[    0.393765] /ocp/interconnect@44c00000/segment@200000/target-module@b000/i2c@0/tda19988@70: Fixed dependency cycle(s) with /ocp/interconnect@48000000/segment@300000/target-module@e000/lcdc@0
[    0.429656] /ocp/interconnect@44c00000/segment@200000/target-module@b000/i2c@0/tda19988@70: Fixed dependency cycle(s) with /ocp/interconnect@48000000/segment@300000/target-module@e000/lcdc@0
[    0.430540] /ocp/interconnect@44c00000/segment@200000/target-module@b000/i2c@0/tda19988@70: Fixed dependency cycle(s) with /ocp/interconnect@48000000/segment@300000/target-module@e000/lcdc@0
[    0.434341] /ocp/interconnect@44c00000/segment@200000/target-module@10000/scm@0/pinmux@800: Fixed dependency cycle(s) with /ocp/interconnect@44c00000/segment@200000/target-module@10000/scm@0/pinmux@800/clkout2-pins
[    0.434940] pincz
[    0.585506] 48000000.interconnect:segment@200000:target-module@0:mpu@0:fck: device ID is greater than 24
[    0.586405] /ocp/interconnect@48000000/segment@300000/target-module@e000/lcdc@0: Fixed dependency cycle(s) with /ocp/interconnect@44c00000/segment@200000/target-module@b000/i2c@0/tda19988@70
[    0.589236] /ocp/interconnect@48000000/segment@300000/target-module@e000/lcdc@0: Fixed dependency cycle(s) with /ocp/interconnect@44c00000/segment@200000/target-module@b000/i2c@0/tda19988@70
[    0.589940] /ocp/interconnect@44c00000/segment@200000/target-module@b000/i2c@0/tda19988@70: Fixed dependency cycle(s) with /ocp/interconnect@48000000/segment@300000/target-module@e000/lcdc@0
[    0.590099] /ocp/interconnect@48000000/segment@300000/target-module@e000/lcdc@0: Fixed dependency cycle(s) with /ocp/interconnect@44c00000/segment@200000/target-module@b000/i2c@0/tda19988@70
[    0.601783] sdhci-omap 481d8000.mmc: supply pbias not found, using dummy regulator
[    0.602295] sdhci-omap 481d8000.mmc: supply vqmmc not found, using dummy regulator
[    0.655555] davinci_mdio 4a101000.mdio: davinci mdio revision 1.6, bus freq 1000000
[    0.806783] davinci_mdio 4a101000.mdio: phy[0]: device 4a101000.mdio:00, driver SMSC LAN8710/LAN8720
[    0.807580] cpsw-switch 4a100000.switch: initialized cpsw ale version 1.4
[    0.807602] cpsw-switch 4a100000.switch: ALE Table size 1024, Policers 0
[    0.807746] cpsw-switch 4a100000.switch: cpts: overflow check period 500 (jiffies)
[    0.807762] cpsw-switch 4a100000.switch: CPTS: ref_clk_freq:250000000 calc_mult:2147483648 calc_shift:29 error:0 nsec/sec
[    0.807868] cpsw-switch 4a100000.switch: Detected MACID = 6c:ec:eb:68:de:78
[    0.809715] cpsw-switch 4a100000.switch: initialized (regs 0x4a100000, pool size 256) hw_ver:0019010C 1.12 (0)
[    0.820770] debugfs: '49000000.dma' already exists in 'dmaengine'
[    0.820815] edma 49000000.dma: TI EDMA DMA engine driver
[    0.875580] 44e09000.serial: ttyS0 at MMIO 0x44e09000 (irq = 34, base_baud = 3000000) is a 8250
[    0.875674] printk: legacy console [ttyS0] enabled
[    2.442153] tps65217-pmic: Failed to locate of_node [id: -1]
[    2.448230] tps65217-bl: Failed to locate of_node [id: -1]
[    2.454271] platform tps65217-charger: DMA mask not set
[    2.460306] platform tps65217-pwrbutton: DMA mask not set
[    2.467603] tps65217 0-0024: TPS65217 ID 0xe version 1.2
[    2.473756] /ocp/interconnect@48000000/segment@300000/target-module@e000/lcdc@0: Fixed dependency cycle(s) with /ocp/interconnect@44c00000/segment@200000/target-module@b000/i2c@0/tda19988@70
[    2.491141] /ocp/interconnect@44c00000/segment@200000/target-module@b000/i2c@0/tda19988@70: Fixed dependency cycle(s) with /ocp/interconnect@48000000/segment@300000/target-module@e000/lcdc@0
[    2.508540] omap_i2c 44e0b000.i2c: bus 0 rev0.11 at 400 kHz
[    2.516418] omap_gpio 44e07000.gpio: Could not set line 6 debounce to 200000 microseconds (-22)
[    2.525341] sdhci-omap 48060000.mmc: Got CD GPIO
[    2.530364] sdhci-omap 48060000.mmc: supply pbias not found, using dummy regulator
[    2.540370] sdhci-omap 48060000.mmc: supply vqmmc not found, using dummy regulator
[    2.549480] sdhci-omap 481d8000.mmc: supply pbias not found, using dummy regulator
[    2.558901] sdhci-omap 481d8000.mmc: supply vqmmc not found, using dummy regulator
[    2.594968] mmc0: SDHCI controller on 48060000.mmc [48060000.mmc] using External DMA
[    2.603279] mmc1: SDHCI controller on 481d8000.mmc [481d8000.mmc] using External DMA
[    2.612084] cpsw-switch 4a100000.switch: starting ndev. mode: dual_mac
[    2.681492] mmc1: new high speed MMC card at address 0001
[    2.688314] mmcblk1: mmc1:0001 MMC04G 3.60 GiB
[    2.696269]  mmcblk1: p1 p2
[    2.700571] mmcblk1boot0: mmc1:0001 MMC04G 2.00 MiB
[    2.707151] SMSC LAN8710/LAN8720 4a101000.mdio:00: attached PHY driver (mii_bus:phy_addr=4a101000.mdio:00, irq=POLL)
[    2.725765] mmcblk1boot1: mmc1:0001 MMC04G 2.00 MiB
[    2.734570] mmcblk1rpmb: mmc1:0001 MMC04G 128 KiB, chardev (249:0)
[    2.784316] mmc0: new high speed SDHC card at address aaaa
[    2.791167] mmcblk0: mmc0:aaaa SE32G 29.7 GiB
[    2.800313]  mmcblk0: p1 p2
[    5.842009] cpsw-switch 4a100000.switch eth0: Link is Up - 100Mbps/Full - flow control off
[    5.881483] IP-Config: Complete:
[    5.884759]      device=eth0, hwaddr=6c:ec:eb:68:de:78, ipaddr=192.168.255.1, mask=255.255.255.0, gw=255.255.255.255
[    5.895432]      host=bbb1, domain=, nis-domain=(none)
[    5.900601]      bootserver=192.168.255.126, rootserver=192.168.255.126, rootpath=
[    5.901030] clk: Disabling unused clocks
[    5.912930] KTAP version 1
[    5.915662] 1..0
[    5.918088] check access for rdinit=/init failed: -2, ignoring
[    5.954276] VFS: Mounted root (nfs filesystem) on device 0:17.
[    5.961800] devtmpfs: mounted
[    5.966281] Freeing unused kernel image (initmem) memory: 1024K
[    5.973062] Run /sbin/init as init process
[    6.736949] systemd[1]: System time before build time, advancing clock.
[    8.221251] random: crng init done
[    8.237577] systemd[1]: systemd 232 running in system mode. (+PAM +AUDIT +SELINUX +IMA +APPARMOR +SMACK +SYSVINIT +UTMP +LIBCRYPTSETUP +GCRYPT +GNUTLS +ACL +XZ +LZ4 +SECCOMP +BLKID +ELFUTILS +KMOD +IDN)
[    8.256815] systemd[1]: Detected architecture arm.

Welcome to [1mDebian GNU/Linux 9 (stretch)[0m!

[    8.284716] systemd[1]: Set hostname to <arm>.
[    9.482784] systemd[1]: systemd-journald.socket: SO_PASSSEC failed: Operation not supported
[    9.491765] systemd[1]: systemd-journald.socket: SO_PASSSEC failed: Operation not supported
[    9.500350] systemd[1]: Listening on Journal Socket.
[[0;32m  OK  [0m] Listening on Journal Socket.
[    9.521991] systemd[1]: systemd-journald-dev-log.socket: SO_PASSSEC failed: Operation not supported
[    9.531618] systemd[1]: Listening on Journal Socket (/dev/log).
[[0;32m  OK  [0m] Listening on Journal Socket (/dev/log).
[    9.561596] systemd[1]: Reached target Remote File Systems.
[[0;32m  OK  [0m] Reached target Remote File Systems.
[    9.591829] systemd[1]: Listening on udev Kernel Socket.
[[0;32m  OK  [0m] Listening on udev Kernel Socket.
[[0;32m  OK  [0m] Created slice User and Session Slice.
[[0;32m  OK  [0m] Listening on udev Control Socket.
[[0;32m  OK  [0m] Reached target Swap.
[[0;32m  OK  [0m] Created slice System Slice.
[[0;32m  OK  [0m] Created slice system-serial\x2dgetty.slice.
         Mounting POSIX Message Queue File System...
         Starting Create list of required stâ€¦ce nodes for the current kernel...
         Starting Remount Root and Kernel File Systems...
         Starting Load Kernel Modules...
[[0;32m  OK  [0m] Created slice system-getty.slice.
[[0;32m  OK  [0m] Set up automount Arbitrary Executabâ€¦rmats File System Automount Point.
[[0;32m  OK  [0m] Reached target Slices.
         Mounting Debug File System...
[[0;32m  OK  [0m] Listening on Syslog Socket.
[[0;32m  OK  [0m] Listening on /dev/initctl Compatibility Named Pipe.
[[0;32m  OK  [0m] Started Dispatch Password Requests to Console Directory Watch.
[[0;32m  OK  [0m] Listening on Journal Audit Socket.
         Starting Journal Service...
[[0;32m  OK  [0m] Started Forward Password Requests to Wall Directory Watch.
[[0;32m  OK  [0m] Reached target Paths.
[[0;32m  OK  [0m] Reached target Encrypted Volumes.
[[0;32m  OK  [0m] Mounted POSIX Message Queue File System.
[[0;32m  OK  [0m] Mounted Debug File System.
[[0;32m  OK  [0m] Started Create list of required staâ€¦vice nodes for the current kernel.
[[0;32m  OK  [0m] Started Remount Root and Kernel File Systems.
[[0;32m  OK  [0m] Started Load Kernel Modules.
         Starting Apply Kernel Variables...
         Mounting Configuration File System...
         Starting Load/Save Random Seed...
         Starting udev Coldplug all Devices...
         Starting Create Static Device Nodes in /dev...
[[0;32m  OK  [0m] Mounted Configuration File System.
[[0;32m  OK  [0m] Started Apply Kernel Variables.
[[0;32m  OK  [0m] Started Load/Save Random Seed.
[[0;32m  OK  [0m] Started Create Static Device Nodes in /dev.
         Starting udev Kernel Device Manager...
[[0;32m  OK  [0m] Reached target Local File Systems (Pre).
[[0;32m  OK  [0m] Reached target Local File Systems.
         Starting Raise network interfaces...
[[0;32m  OK  [0m] Started Journal Service.
         Starting Flush Journal to Persistent Storage...
[   11.851005] systemd-journald[93]: Received request to flush runtime journal from PID 1
[[0;32m  OK  [0m] Started Flush Journal to Persistent Storage.
         Starting Create Volatile Files and Directories...
[[0;32m  OK  [0m] Started udev Kernel Device Manager.
[   12.641694] omap_prm 44e00d00.prm: sync_state() pending due to 44d00000.cpu
[[0;32m  OK  [0m] Started Create Volatile Files and Directories.
         Starting Update UTMP about System Boot/Shutdown...
         Starting Network Time Synchronization...
[[0;32m  OK  [0m] Started Update UTMP about System Boot/Shutdown.
[[0;32m  OK  [0m] Started udev Coldplug all Devices.
[   14.808286] remoteproc remoteproc0: wkup_m3 is available
[   15.032185] omap_wdt: OMAP Watchdog Timer Rev 0x01: initial timeout 60 sec
[   15.121540] at24 2-0054: supply vcc not found, using dummy regulator
[   15.164386] at24 2-0055: supply vcc not found, using dummy regulator
[   15.294119] at24 2-0056: supply vcc not found, using dummy regulator
[   15.408664] at24 2-0057: supply vcc not found, using dummy regulator
[[0;32m  OK  [0m] Found device /dev/ttyS0.
[[0;32m  OK  [0m] Started Network Time Synchronization.
[[0;32m  OK  [0m] Reached target System Initialization.
[   15.543519] at24 0-0050: 32768 byte 24c256 EEPROM, writable, 1 bytes/write
[[0;32m  OK  [0m] Listening on Avahi mDNS/DNS-SD Stack Activation Socket.
[[0;32m  OK  [0m] Started Daily Cleanup of Temporary Directories.
[[0;32m  OK  [0m] Listening on D-Bus System Message Bus Socket.
[   15.753354] input: tps65217_pwrbutton as /devices/platform/ocp/44c00000.interconnect/44c00000.interconnect:segment@200000/44e0b000.target-module/44e0b000.i2c/i2c-0/0-0024/tps65217-pwrbutton/input/input0
[[0;32m  OK  [0m] Reached target Sockets.
[[0;32m  OK  [0m] Reached target Basic System.
[   15.827749] omap_rtc 44e3e000.rtc: registered as rtc0
[   15.833088] omap_rtc 44e3e000.rtc: setting system clock to 2000-01-01T00:00:00 UTC (946684800)
         Starting LSB: Load kernel modules needed to enable cpufreq scaling...
         Starting Avahi mDNS/DNS-SD Stack...
         Starting System Logging Service...
         Starting DUN service...
         Starting Telephony service...
[   16.440275] am335x-phy-driver 47401300.usb-phy: dummy supplies not allowed for exclusive requests (id=vbus)
         Starting LSB: Start busybox udhcpd at boot time...
         Starting Login Service...
[   16.710853] am335x-phy-driver 47401b00.usb-phy: dummy supplies not allowed for exclusive requests (id=vbus)
[[0;32m  OK  [0m] Started D-Bus System Message Bus.
[   17.027288] usbcore: registered new interface driver usbfs
[   17.033160] usbcore: registered new interface driver hub
[   17.038608] usbcore: registered new device driver usb
[   17.625051] tda998x 0-0070: found TDA19988
[   18.116753] musb-hdrc musb-hdrc.1: MUSB HDRC host driver
[   18.122414] musb-hdrc musb-hdrc.1: new USB bus registered, assigned bus number 1
[   18.185716] omap-mailbox 480c8000.mailbox: omap mailbox rev 0x400
[   18.275380] remoteproc remoteproc0: powering up wkup_m3
[   18.285463] usb usb1: New USB device found, idVendor=1d6b, idProduct=0002, bcdDevice= 6.17
[   18.294141] usb usb1: New USB device strings: Mfr=3, Product=2, SerialNumber=1
[   18.301480] usb usb1: Product: MUSB HDRC host driver
[   18.306476] usb usb1: Manufacturer: Linux 6.17.0-rc3 musb-hcd
[   18.312300] usb usb1: SerialNumber: musb-hdrc.1
[   18.613535] remoteproc remoteproc0: Direct firmware load for am335x-pm-firmware.elf failed with error -2
[   18.623274] remoteproc remoteproc0: request_firmware failed: -2
[   18.629238] wkup_m3_ipc 44e11324.wkup_m3_ipc: rproc_boot failed
[   18.703551] hub 1-0:1.0: USB hub found
[   18.768566] hub 1-0:1.0: 1 port detected
[   20.803322] omap_rng 48310000.rng: Random Number Generator ver. 20
[[0;32m  OK  [0m] Started Telephony service.
[[0;32m  OK  [0m] Started Avahi mDNS/DNS-SD Stack.
[   21.121542] ------------[ cut here ]------------
[   21.126248] WARNING: CPU: 0 PID: 177 at net/8021q/vlan_core.c:236 vlan_for_each+0x114/0x134
[   21.134789] RTNL: assertion failed at net/8021q/vlan_core.c (236)
[   21.140917] Modules linked in: tilcdc(+) drm_dma_helper drm_client_lib omap_rng rng_core snd_soc_davinci_mcasp snd_soc_ti_udma snd_soc_ti_edma snd_soc_ti_sdma snd_soc_core snd_pcm_dmaengine snd_pcm snd_timer omap_mailbox snd musb_dsps musb_hdrc soundcore tda998x udc_core cec usbcore drm_kms_helper phy_am335x phy_generic drm usb_common cppi41 phy_am335x_control rtc_omap wkup_m3_ipc tps65218_pwrbutton drm_panel_orientation_quirks at24 omap_wdt watchdog wkup_m3_rproc leds_gpio led_class cpufreq_dt autofs4
[   21.185955] CPU: 0 UID: 107 PID: 177 Comm: avahi-daemon Not tainted 6.17.0-rc3 #1 NONE 
[   21.185974] Hardware name: Generic AM33XX (Flattened Device Tree)
[   21.185982] Call trace: 
[   21.185998]  unwind_backtrace from show_stack+0x10/0x14
[   21.186037]  show_stack from dump_stack_lvl+0x50/0x64
[   21.186062]  dump_stack_lvl from __warn+0x74/0x12c
[   21.186080]  __warn from warn_slowpath_fmt+0x19c/0x1b0
[   21.186093]  warn_slowpath_fmt from vlan_for_each+0x114/0x134
[   21.186116]  vlan_for_each from cpsw_add_mc_addr+0x40/0xa4
[   21.186145]  cpsw_add_mc_addr from __hw_addr_ref_sync_dev+0x108/0x140
[   21.186177]  __hw_addr_ref_sync_dev from __dev_mc_add+0x7c/0x80
[   21.186200]  __dev_mc_add from igmp6_group_added+0xc8/0xe0
[   21.186229]  igmp6_group_added from __ipv6_dev_mc_inc+0x218/0x364
[   21.186247]  __ipv6_dev_mc_inc from __ipv6_sock_mc_join+0x11c/0x214
[   21.186266]  __ipv6_sock_mc_join from do_ipv6_setsockopt+0x1214/0x1310
[   21.186300]  do_ipv6_setsockopt from ipv6_setsockopt+0x60/0xcc
[   21.186323]  ipv6_setsockopt from udpv6_setsockopt+0x2c/0x6c
[   21.186342]  udpv6_setsockopt from sock_common_setsockopt+0x30/0x40
[   21.186373]  sock_common_setsockopt from do_sock_setsockopt+0x50/0x9c
[   21.186396]  do_sock_setsockopt from __sys_setsockopt+0x70/0xbc
[   21.186416]  __sys_setsockopt from ret_fast_syscall+0x0/0x58
[   21.186433] Exception stack(0xe0129fa8 to 0xe0129ff0)
[   21.186447] 9fa0:                   00000014 b6fb3ce8 0000000d 00000029 00000014 befff9ec
[   21.186458] 9fc0: 00000014 b6fb3ce8 00000014 00000126 0000000d b6f5cff4 004fe988 004e6558
[   21.186467] 9fe0: b6f72088 befff9d8 b6f4f309 b6e2441a
[   21.186474] ---[ end trace 0000000000000000 ]---
[[0;32m  OK  [0m] Started DUN service.
[   21.354091] tilcdc 4830e000.lcdc: bound 0-0070 (ops 0xbf1570f8)
[   21.471580] [drm] Initialized tilcdc 1.0.0 for 4830e000.lcdc on minor 0
         Starting Connection service...
         Starting Generic Board Startup...
[   21.530825] tilcdc 4830e000.lcdc: [drm] Cannot find any crtc or sizes
         Starting Cape Manager Service...[   21.572872] tilcdc 4830e000.lcdc: [drm] Cannot find any crtc or sizes

[[0;32m  OK  [0m] Started Regular background program processing daemon.
[[0;32m  OK  [0m] Reached target System Time Synchronized.
[[0;32m  OK  [0m] Started Daily apt download activities.
[[0;32m  OK  [0m] Started Daily apt upgrade and clean activities.
[[0;32m  OK  [0m] Reached target Timers.
[[0;32m  OK  [0m] Started System Logging Service.
[   22.905124] PM: Cannot get wkup_m3_ipc handle
[   23.157108] omap-sham 53100000.sham: hw accel on OMAP rev 4.3
[   23.262202] omap-sham 53100000.sham: will run requests pump with realtime priority
[   23.276540] PM: Cannot get wkup_m3_ipc handle
[   23.440460] omap-aes 53500000.aes: OMAP AES hw accel rev: 3.2
[   23.563011] omap-aes 53500000.aes: will run requests pump with realtime priority
[   23.573229] PM: Cannot get wkup_m3_ipc handle
[   23.684462] Bluetooth: Core ver 2.22
[   23.688303] NET: Registered PF_BLUETOOTH protocol family
[   23.693870] Bluetooth: HCI device and connection manager initialized
[   23.700287] Bluetooth: HCI socket layer initialized
[   23.705267] Bluetooth: L2CAP socket layer initialized
[   23.710383] Bluetooth: SCO socket layer initialized
[[0;32m  OK  [0m] Started Cape Manager Service.
[   26.768390] PM: Cannot get wkup_m3_ipc handle
[   26.799365] gpio-537 (nxp,calib): gpiod_direction_output_nonotify: tried to set a GPIO tied to an IRQ as output
[   26.906736] PM: Cannot get wkup_m3_ipc handle
[   27.046615] tda9950 0-0034: TDA9950 CEC interface, hardware version 3.3
[   27.143676] PM: Cannot get wkup_m3_ipc handle
[[0;32m  OK  [0m] Started LSB: Start busybox udhcpd at boot time.
[[0;32m  OK  [0m] Started Raise network interfaces.
[[0;32m  OK  [0m] Started LSB: Load kernel modules needed to enable cpufreq scaling.
[   29.956665] configfs-gadget.g_multi gadget.0: HOST MAC 1c:ba:8c:a2:ed:6c
[   29.963704] configfs-gadget.g_multi gadget.0: MAC 1c:ba:8c:a2:ed:70
[   29.971059] configfs-gadget.g_multi gadget.0: HOST MAC 1c:ba:8c:a2:ed:6c
[   29.977933] configfs-gadget.g_multi gadget.0: MAC 1c:ba:8c:a2:ed:6d
[   29.985148] PM: Cannot get wkup_m3_ipc handle
[[0;32m  OK  [0m] Started Connection service.
[[0;32m  OK  [0m] Started Login Service.
         Starting Hostname Service...
         Starting WPA supplicant...
[[0;32m  OK  [0m] Reached target Sound Card.
         Starting LSB: set CPUFreq kernel parameters...
[[0;32m  OK  [0m] Started Hostname Service.
[[0;32m  OK  [0m] Started WPA supplicant.
[[0;32m  OK  [0m] Reached target Network.
         Starting Permit User Sessions...
         Starting OpenBSD Secure Shell server...
         Starting The Apache HTTP Server...
[[0;32m  OK  [0m] Reached target Network is Online.
         Starting LSB: Advanced IEEE 802.11 management daemon...
[[0;32m  OK  [0m] Started LSB: set CPUFreq kernel parameters.
[[0;32m  OK  [0m] Started Permit User Sessions.
[[0;32m  OK  [0m] Started Serial Getty on ttyS0.
[[0;32m  OK  [0m] Started Getty on tty1.
[[0;32m  OK  [0m] Reached target Login Prompts.
[[0;32m  OK  [0m] Started LSB: Advanced IEEE 802.11 management daemon.
         Stopping LSB: Start busybox udhcpd at boot time...
[[0;32m  OK  [0m] Started OpenBSD Secure Shell server.
[[0;32m  OK  [0m] Stopped LSB: Start busybox udhcpd at boot time.
         Starting dnsmasq - A lightweight DHCP and caching DNS server...
[[0;32m  OK  [0m] Started The Apache HTTP Server.
[[0;32m  OK  [0m] Started dnsmasq - A lightweight DHCP and caching DNS server.
[[0;32m  OK  [0m] Reached target Host and Network Name Lookups.
[[0;32m  OK  [0m] Started Serial Getty on ttyGS0.
[[0;32m  OK  [0m] Started Generic Board Startup.
[[0;32m  OK  [0m] Reached target Multi-User System.
[[0;32m  OK  [0m] Reached target Graphical Interface.
         Starting Update UTMP about System Runlevel Changes...
[[0;32m  OK  [0m] Started Update UTMP about System Runlevel Changes.

Debian GNU/Linux 9 arm ttyS0

default username:password is [debian:temppwd]

arm login: root
Password: 
Last login: Sat Jan  1 00:00:36 UTC 2000 on ttyS0
root
Linux arm 6.17.0-rc3 #1 SMP Sun Aug 24 19:38:37 EEST 2025 armv7l

The programs included with the Debian GNU/Linux system are free software;
the exact distribution terms for each program are described in the
individual files in /usr/share/doc/*/copyright.

Debian GNU/Linux comes with ABSOLUTELY NO WARRANTY, to the extent
permitted by applicable law.
root@arm:~# root
dmesg -n 1
-bash: root: command not found
root@arm:~# dmesg -n 1
root@arm:~# echo 'WPNP''BQMGQP'
WPNPBQMGQP
root@arm:~# run() { echo -n "$MARKER"; sh -c "$@"; echo "$MARKER $?"; }
root@arm:~# echo 'QJJG''KQPLOP'
QJJGKQPLOP
root@arm:~# MARKER='LPBM''SPMXBZ' run 'cat /proc/version'
LPBMSPMXBZLinux version 6.17.0-rc3 (user01@drvtest01) (arm-none-eabi-gcc (Arm GNU Toolchain 14.2.Rel1 (Build arm-14.52)) 14.2.1 20241119, GNU ld (Arm GNU Toolchain 14.2.Rel1 (Build arm-14.52)) 2.43.1.20241119) #1 SMP Sun Aug 24 19:38:37 EEST 2025
LPBMSPMXBZ 0
root@arm:~# echo 'PLLS''NGQSBF'
PLLSNGQSBF
root@arm:~# MARKER='QZMV''XWPWUB' run false
QZMVXWPWUBQZMVXWPWUB 1
root@arm:~# Labgrid Console Logfile for main
Logfile started at 2025-08-24 19:43:01.908989
=== Log starts here ===

root@arm:~# run() { echo -n "$MARKER"; sh -c "$@"; echo "$MARKER $?"; }
root@arm:~# echo 'HFFJ''SGQOLA'
HFFJSGQOLA
root@arm:~# MARKER='ZETO''HNBQLM' run 'ls /iio_generic_buffer; echo $?'
ZETOHNBQLM/iio_generic_buffer
0
ZETOHNBQLM 0
root@arm:~# Labgrid Console Logfile for main
Logfile started at 2025-08-24 19:43:05.294505
=== Log starts here ===

root@arm:~# run() { echo -n "$MARKER"; sh -c "$@"; echo "$MARKER $?"; }
root@arm:~# echo 'WJOH''UOBMFT'
WJOHUOBMFT
root@arm:~# MARKER='PNNM''PCEGXA' run dmesg
PNNMPCEGXA[    0.000000] Booting Linux on physical CPU 0x0
[    0.000000] Linux version 6.17.0-rc3 (user01@drvtest01) (arm-none-eabi-gcc (Arm GNU Toolchain 14.2.Rel1 (Build arm-14.52)) 14.2.1 20241119, GNU ld (Arm GNU Toolchain 14.2.Rel1 (Build arm-14.52)) 2.43.1.20241119) #1 SMP Sun Aug 24 19:38:37 EEST 2025
[    0.000000] CPU: ARMv7 Processor [413fc082] revision 2 (ARMv7), cr=10c5387d
[    0.000000] CPU: PIPT / VIPT nonaliasing data cache, VIPT aliasing instruction cache
[    0.000000] OF: fdt: Machine model: TI AM335x BeagleBone Black
[    0.000000] Memory policy: Data cache writeback
[    0.000000] cma: Reserved 16 MiB at 0x9e800000
[    0.000000] Zone ranges:
[    0.000000]   Normal   [mem 0x0000000080000000-0x000000009fdfffff]
[    0.000000]   HighMem  empty
[    0.000000] Movable zone start for each node
[    0.000000] Early memory node ranges
[    0.000000]   node   0: [mem 0x0000000080000000-0x000000009fdfffff]
[    0.000000] Initmem setup node 0 [mem 0x0000000080000000-0x000000009fdfffff]
[    0.000000] On node 0, zone Normal: 512 pages in unavailable ranges
[    0.000000] OF: reserved mem: Reserved memory: No reserved-memory node in the DT
[    0.000000] CPU: All CPU(s) started in SVC mode.
[    0.000000] AM335X ES2.1 (sgx neon)
[    0.000000] percpu: Embedded 17 pages/cpu s39820 r8192 d21620 u69632
[    0.000000] pcpu-alloc: s39820 r8192 d21620 u69632 alloc=17*4096
[    0.000000] pcpu-alloc: [0] 0 
[    0.000000] Kernel command line: console=ttyO0,115200n8 root=/dev/nfs rw nfsroot=192.168.255.126:/home/user01/nfs,nfsvers=3 ip=192.168.255.1:192.168.255.126::255.255.255.0:bbb1:eth0 nfsrootdebug
[    0.000000] Unknown kernel command line parameters "nfsrootdebug", will be passed to user space.
[    0.000000] printk: log buffer data + meta data: 65536 + 204800 = 270336 bytes
[    0.000000] Dentry cache hash table entries: 65536 (order: 6, 262144 bytes, linear)
[    0.000000] Inode-cache hash table entries: 32768 (order: 5, 131072 bytes, linear)
[    0.000000] Built 1 zonelists, mobility grouping on.  Total pages: 130560
[    0.000000] mem auto-init: stack:off, heap alloc:off, heap free:off
[    0.000000] SLUB: HWalign=16, Order=0-3, MinObjects=0, CPUs=1, Nodes=1
[    0.000000] rcu: Hierarchical RCU implementation.
[    0.000000] rcu: 	RCU event tracing is enabled.
[    0.000000] rcu: 	RCU restricting CPUs from NR_CPUS=2 to nr_cpu_ids=1.
[    0.000000] 	Tracing variant of Tasks RCU enabled.
[    0.000000] rcu: RCU calculated value of scheduler-enlistment delay is 10 jiffies.
[    0.000000] rcu: Adjusting geometry for rcu_fanout_leaf=16, nr_cpu_ids=1
[    0.000000] RCU Tasks Trace: Setting shift to 0 and lim to 1 rcu_task_cb_adjust=1 rcu_task_cpu_ids=1.
[    0.000000] NR_IRQS: 16, nr_irqs: 16, preallocated irqs: 16
[    0.000000] IRQ: Found an INTC at 0x(ptrval) (revision 5.0) with 128 interrupts
[    0.000000] rcu: srcu_init: Setting srcu_struct sizes based on contention.
[    0.000000] TI gptimer clocksource: always-on /ocp/interconnect@44c00000/segment@200000/target-module@31000
[    0.000003] sched_clock: 32 bits at 24MHz, resolution 41ns, wraps every 89478484971ns
[    0.000027] clocksource: dmtimer: mask: 0xffffffff max_cycles: 0xffffffff, max_idle_ns: 79635851949 ns
[    0.000532] TI gptimer clockevent: 24000000 Hz at /ocp/interconnect@48000000/segment@0/target-module@40000
[    0.002139] Console: colour dummy device 80x30
[    0.002203] WARNING: Your 'console=ttyO0' has been replaced by 'ttyS0'
[    0.002211] This ensures that you still see kernel messages. Please
[    0.002215] update your kernel commandline.
[    0.002260] Calibrating delay loop... 996.14 BogoMIPS (lpj=4980736)
[    0.090576] CPU: Testing write buffer coherency: ok
[    0.090688] CPU0: Spectre v2: using BPIALL workaround
[    0.090699] pid_max: default: 32768 minimum: 301
[    0.090853] LSM: initializing lsm=capability
[    0.091015] Mount-cache hash table entries: 1024 (order: 0, 4096 bytes, linear)
[    0.091036] Mountpoint-cache hash table entries: 1024 (order: 0, 4096 bytes, linear)
[    0.092595] CPU0: thread -1, cpu 0, socket -1, mpidr 0
[    0.092655] cacheinfo: Unable to detect cache hierarchy for CPU 0
[    0.094652] Setting up static identity map for 0x80100000 - 0x80100078
[    0.094991] rcu: Hierarchical SRCU implementation.
[    0.095002] rcu: 	Max phase no-delay instances is 1000.
[    0.096719] smp: Bringing up secondary CPUs ...
[    0.096770] smp: Brought up 1 node, 1 CPU
[    0.096782] SMP: Total of 1 processors activated (996.14 BogoMIPS).
[    0.096793] CPU: All CPU(s) started in SVC mode.
[    0.096990] Memory: 480856K/522240K available (11264K kernel code, 1218K rwdata, 2936K rodata, 1024K init, 254K bss, 23352K reserved, 16384K cma-reserved, 0K highmem)
[    0.097827] devtmpfs: initialized
[    0.114650] VFP support v0.3: implementor 41 architecture 3 part 30 variant c rev 3
[    0.115278] clocksource: jiffies: mask: 0xffffffff max_cycles: 0xffffffff, max_idle_ns: 19112604462750000 ns
[    0.115333] posixtimers hash table entries: 512 (order: 0, 4096 bytes, linear)
[    0.115361] futex hash table entries: 256 (16384 bytes on 1 NUMA nodes, total 16 KiB, linear).
[    0.116477] pinctrl core: initialized pinctrl subsystem
[    0.118608] NET: Registered PF_NETLINK/PF_ROUTE protocol family
[    0.121779] DMA: preallocated 256 KiB pool for atomic coherent allocations
[    0.122385] audit: initializing netlink subsys (disabled)
[    0.123707] thermal_sys: Registered thermal governor 'fair_share'
[    0.123721] thermal_sys: Registered thermal governor 'step_wise'
[    0.123732] thermal_sys: Registered thermal governor 'user_space'
[    0.123840] audit: type=2000 audit(0.120:1): state=initialized audit_enabled=0 res=1
[    0.123908] cpuidle: using governor menu
[    0.142180] /ocp/interconnect@44c00000/segment@200000/target-module@b000/i2c@0/tda19988@70: Fixed dependency cycle(s) with /ocp/interconnect@48000000/segment@300000/target-module@e000/lcdc@0
[    0.143313] /ocp/interconnect@48000000/segment@300000/target-module@e000/lcdc@0: Fixed dependency cycle(s) with /ocp/interconnect@44c00000/segment@200000/target-module@b000/i2c@0/tda19988@70
[    0.145528] No ATAGs?
[    0.145572] hw-breakpoint: debug architecture 0x4 unsupported.
[    0.148656] kprobes: kprobe jump-optimization is enabled. All kprobes are optimized if possible.
[    0.154359] iommu: Default domain type: Translated
[    0.154382] iommu: DMA domain TLB invalidation policy: strict mode
[    0.155948] reg-fixed-voltage fixedregulator0: using DT '/fixedregulator0' for '(default)' GPIO lookup
[    0.156003] of_get_named_gpiod_flags: can't parse 'gpios' property of node '/fixedregulator0[0]'
[    0.156030] of_get_named_gpiod_flags: can't parse 'gpio' property of node '/fixedregulator0[0]'
[    0.156048] reg-fixed-voltage fixedregulator0: using lookup tables for GPIO lookup
[    0.156059] reg-fixed-voltage fixedregulator0: No GPIO consumer (default) found
[    0.161498] SCSI subsystem initialized
[    0.161979] libata version 3.00 loaded.
[    0.162365] pps_core: LinuxPPS API ver. 1 registered
[    0.162376] pps_core: Software ver. 5.3.6 - Copyright 2005-2007 Rodolfo Giometti <giometti@linux.it>
[    0.162401] PTP clock support registered
[    0.170851] vgaarb: loaded
[    0.171229] clocksource: Switched to clocksource dmtimer
[    0.171904] VFS: Disk quotas dquot_6.6.0
[    0.171962] VFS: Dquot-cache hash table entries: 1024 (order 0, 4096 bytes)
[    0.194665] NET: Registered PF_INET protocol family
[    0.195005] IP idents hash table entries: 8192 (order: 4, 65536 bytes, linear)
[    0.196419] tcp_listen_portaddr_hash hash table entries: 512 (order: 0, 4096 bytes, linear)
[    0.196455] Table-perturb hash table entries: 65536 (order: 6, 262144 bytes, linear)
[    0.196474] TCP established hash table entries: 4096 (order: 2, 16384 bytes, linear)
[    0.196519] TCP bind hash table entries: 4096 (order: 4, 65536 bytes, linear)
[    0.196618] TCP: Hash tables configured (established 4096 bind 4096)
[    0.196735] UDP hash table entries: 256 (order: 1, 14336 bytes, linear)
[    0.196770] UDP-Lite hash table entries: 256 (order: 1, 14336 bytes, linear)
[    0.196962] NET: Registered PF_UNIX/PF_LOCAL protocol family
[    0.198218] RPC: Registered named UNIX socket transport module.
[    0.198238] RPC: Registered udp transport module.
[    0.198243] RPC: Registered tcp transport module.
[    0.198248] RPC: Registered tcp-with-tls transport module.
[    0.198253] RPC: Registered tcp NFSv4.1 backchannel transport module.
[    0.198277] PCI: CLS 0 bytes, default 64
[    0.199665] Initialise system trusted keyrings
[    0.211610] workingset: timestamp_bits=14 max_order=17 bucket_order=3
[    0.212997] NFS: Registering the id_resolver key type
[    0.213061] Key type id_resolver registered
[    0.213068] Key type id_legacy registered
[    0.213178] jffs2: version 2.2. (NAND) (SUMMARY)  Â© 2001-2006 Red Hat, Inc.
[    0.213633] Key type asymmetric registered
[    0.213649] Asymmetric key parser 'x509' registered
[    0.213722] io scheduler mq-deadline registered
[    0.213732] io scheduler kyber registered
[    0.213810] io scheduler bfq registered
[    0.215644] target-module@4b000000:target-module@140000:pmu@0:fck: device ID is greater than 24
[    0.221891] l3-aon-clkctrl:0000:0: failed to disable
[    0.222157] ledtrig-cpu: registered to indicate activity on CPUs
[    0.231922] Serial: 8250/16550 driver, 6 ports, IRQ sharing enabled
[    0.266506] brd: module loaded
[    0.289879] loop: module loaded
[    0.290811] mtdoops: mtd device (mtddev=name/number) must be supplied
[    0.292643] mdio_bus fixed-0: using lookup tables for GPIO lookup
[    0.292670] mdio_bus fixed-0: No GPIO consumer reset found
[    0.294073] i2c_dev: i2c /dev entries driver
[    0.295078] cpuidle: enable-method property 'ti,am3352' found operations
[    0.295524] sdhci: Secure Digital Host Controller Interface driver
[    0.295533] sdhci: Copyright(c) Pierre Ossman
[    0.295712] sdhci-pltfm: SDHCI platform and OF driver helper
[    0.297156] hw perfevents: enabled with armv7_cortex_a8 PMU driver, 5 (8000000f) counters available
[    0.297671] Initializing XFRM netlink socket
[    0.297851] NET: Registered PF_INET6 protocol family
[    0.303548] l3-aon-clkctrl:0000:0: failed to disable
[    0.312777] Segment Routing with IPv6
[    0.312864] In-situ OAM (IOAM) with IPv6
[    0.312961] sit: IPv6, IPv4 and MPLS over IPv4 tunneling driver
[    0.313924] NET: Registered PF_PACKET protocol family
[    0.313954] NET: Registered PF_KEY protocol family
[    0.314100] Key type dns_resolver registered
[    0.314328] ThumbEE CPU extension supported.
[    0.314347] Registering SWP/SWPB emulation handler
[    0.314886] omap_voltage_late_init: Voltage driver support not added
[    0.315545] SmartReflex Class3 initialized
[    0.344261] Loading compiled-in X.509 certificates
[    0.387100] /ocp/interconnect@44c00000/segment@200000/target-module@b000/i2c@0/tda19988@70: Fixed dependency cycle(s) with /ocp/interconnect@48000000/segment@300000/target-module@e000/lcdc@0
[    0.393765] /ocp/interconnect@44c00000/segment@200000/target-module@b000/i2c@0/tda19988@70: Fixed dependency cycle(s) with /ocp/interconnect@48000000/segment@300000/target-module@e000/lcdc@0
[    0.399275] gpiochip_find_base_unlocked: found new base at 512
[    0.429656] /ocp/interconnect@44c00000/segment@200000/target-module@b000/i2c@0/tda19988@70: Fixed dependency cycle(s) with /ocp/interconnect@48000000/segment@300000/target-module@e000/lcdc@0
[    0.430540] /ocp/interconnect@44c00000/segment@200000/target-module@b000/i2c@0/tda19988@70: Fixed dependency cycle(s) with /ocp/interconnect@48000000/segment@300000/target-module@e000/lcdc@0
[    0.434341] /ocp/interconnect@44c00000/segment@200000/target-module@10000/scm@0/pinmux@800: Fixed dependency cycle(s) with /ocp/interconnect@44c00000/segment@200000/target-module@10000/scm@0/pinmux@800/clkout2-pins
[    0.434940] pinctrl-single 44e10800.pinmux: 142 pins, size 568
[    0.440204] ti-sysc 44e31000.target-module: probe with driver ti-sysc failed with error -16
[    0.476577] /ocp/interconnect@48000000/segment@300000/target-module@e000/lcdc@0: Fixed dependency cycle(s) with /ocp/interconnect@44c00000/segment@200000/target-module@b000/i2c@0/tda19988@70
[    0.484933] ti-sysc 48040000.target-module: probe with driver ti-sysc failed with error -16
[    0.496526] gpiochip_find_base_unlocked: found new base at 512
[    0.496625] gpio gpiochip0: (gpio-0-31): created GPIO range 0->7 ==> 44e10800.pinmux PIN 0->7
[    0.496644] gpio gpiochip0: (gpio-0-31): created GPIO range 8->11 ==> 44e10800.pinmux PIN 90->93
[    0.496660] gpio gpiochip0: (gpio-0-31): created GPIO range 12->27 ==> 44e10800.pinmux PIN 12->27
[    0.496676] gpio gpiochip0: (gpio-0-31): created GPIO range 28->31 ==> 44e10800.pinmux PIN 30->33
[    0.533283] gpio gpiochip0: (gpio-0-31): added GPIO chardev (254:0)
[    0.533503] gpio gpiochip0: registered GPIOs 512 to 543 on gpio-0-31
[    0.533586] OMAP GPIO hardware version 0.1
[    0.547056] i2c i2c-2: using DT '/ocp/interconnect@48000000/segment@100000/target-module@9c000/i2c@0' for 'scl' GPIO lookup
[    0.547136] of_get_named_gpiod_flags: can't parse 'scl-gpios' property of node '/ocp/interconnect@48000000/segment@100000/target-module@9c000/i2c@0[0]'
[    0.547180] of_get_named_gpiod_flags: can't parse 'scl-gpio' property of node '/ocp/interconnect@48000000/segment@100000/target-module@9c000/i2c@0[0]'
[    0.547215] i2c i2c-2: using lookup tables for GPIO lookup
[    0.547225] i2c i2c-2: No GPIO consumer scl found
[    0.547246] i2c i2c-2: using DT '/ocp/interconnect@48000000/segment@100000/target-module@9c000/i2c@0' for 'sda' GPIO lookup
[    0.547284] of_get_named_gpiod_flags: can't parse 'sda-gpios' property of node '/ocp/interconnect@48000000/segment@100000/target-module@9c000/i2c@0[0]'
[    0.547323] of_get_named_gpiod_flags: can't parse 'sda-gpio' property of node '/ocp/interconnect@48000000/segment@100000/target-module@9c000/i2c@0[0]'
[    0.547354] i2c i2c-2: using lookup tables for GPIO lookup
[    0.547362] i2c i2c-2: No GPIO consumer sda found
[    0.548077] omap_i2c 4819c000.i2c: bus 2 rev0.11 at 100 kHz
[    0.553958] gpiochip_find_base_unlocked: found new base at 544
[    0.554060] gpio gpiochip1: (gpio-32-63): created GPIO range 0->17 ==> 44e10800.pinmux PIN 34->51
[    0.554079] gpio gpiochip1: (gpio-32-63): created GPIO range 18->21 ==> 44e10800.pinmux PIN 77->80
[    0.554094] gpio gpiochip1: (gpio-32-63): created GPIO range 22->31 ==> 44e10800.pinmux PIN 56->65
[    0.576049] gpio gpiochip1: (gpio-32-63): added GPIO chardev (254:1)
[    0.576275] gpio gpiochip1: registered GPIOs 544 to 575 on gpio-32-63
[    0.578575] gpiochip_find_base_unlocked: found new base at 576
[    0.578668] gpio gpiochip2: (gpio-64-95): created GPIO range 0->4 ==> 44e10800.pinmux PIN 66->70
[    0.578688] gpio gpiochip2: (gpio-64-95): created GPIO range 5->6 ==> 44e10800.pinmux PIN 98->99
[    0.578704] gpio gpiochip2: (gpio-64-95): created GPIO range 7->8 ==> 44e10800.pinmux PIN 75->76
[    0.578719] gpio gpiochip2: (gpio-64-95): created GPIO range 13->13 ==> 44e10800.pinmux PIN 141->141
[    0.578735] gpio gpiochip2: (gpio-64-95): created GPIO range 14->21 ==> 44e10800.pinmux PIN 100->107
[    0.579394] gpio gpiochip2: (gpio-64-95): added GPIO chardev (254:2)
[    0.579600] gpio gpiochip2: registered GPIOs 576 to 607 on gpio-64-95
[    0.585506] 48000000.interconnect:segment@200000:target-module@0:mpu@0:fck: device ID is greater than 24
[    0.586405] /ocp/interconnect@48000000/segment@300000/target-module@e000/lcdc@0: Fixed dependency cycle(s) with /ocp/interconnect@44c00000/segment@200000/target-module@b000/i2c@0/tda19988@70
[    0.589236] /ocp/interconnect@48000000/segment@300000/target-module@e000/lcdc@0: Fixed dependency cycle(s) with /ocp/interconnect@44c00000/segment@200000/target-module@b000/i2c@0/tda19988@70
[    0.589940] /ocp/interconnect@44c00000/segment@200000/target-module@b000/i2c@0/tda19988@70: Fixed dependency cycle(s) with /ocp/interconnect@48000000/segment@300000/target-module@e000/lcdc@0
[    0.590099] /ocp/interconnect@48000000/segment@300000/target-module@e000/lcdc@0: Fixed dependency cycle(s) with /ocp/interconnect@44c00000/segment@200000/target-module@b000/i2c@0/tda19988@70
[    0.599859] mdio_bus 4a101000.mdio: using DT '/ocp/interconnect@4a000000/segment@0/target-module@100000/switch@0/mdio@1000' for 'reset' GPIO lookup
[    0.599930] of_get_named_gpiod_flags: can't parse 'reset-gpios' property of node '/ocp/interconnect@4a000000/segment@0/target-module@100000/switch@0/mdio@1000[0]'
[    0.599975] of_get_named_gpiod_flags: can't parse 'reset-gpio' property of node '/ocp/interconnect@4a000000/segment@0/target-module@100000/switch@0/mdio@1000[0]'
[    0.600023] mdio_bus 4a101000.mdio: using lookup tables for GPIO lookup
[    0.600033] mdio_bus 4a101000.mdio: No GPIO consumer reset found
[    0.601431] sdhci-omap 481d8000.mmc: using DT '/ocp/interconnect@48000000/segment@100000/target-module@d8000/mmc@0' for 'wp' GPIO lookup
[    0.601494] of_get_named_gpiod_flags: can't parse 'wp-gpios' property of node '/ocp/interconnect@48000000/segment@100000/target-module@d8000/mmc@0[0]'
[    0.601537] of_get_named_gpiod_flags: can't parse 'wp-gpio' property of node '/ocp/interconnect@48000000/segment@100000/target-module@d8000/mmc@0[0]'
[    0.601571] sdhci-omap 481d8000.mmc: using lookup tables for GPIO lookup
[    0.601581] sdhci-omap 481d8000.mmc: No GPIO consumer wp found
[    0.601783] sdhci-omap 481d8000.mmc: supply pbias not found, using dummy regulator
[    0.602295] sdhci-omap 481d8000.mmc: supply vqmmc not found, using dummy regulator
[    0.655555] davinci_mdio 4a101000.mdio: davinci mdio revision 1.6, bus freq 1000000
[    0.670660] mdio_bus 4a101000.mdio:00: using DT '/ocp/interconnect@4a000000/segment@0/target-module@100000/switch@0/mdio@1000/ethernet-phy@0' for 'reset' GPIO lookup
[    0.670759] of_get_named_gpiod_flags: parsed 'reset-gpios' property of node '/ocp/interconnect@4a000000/segment@0/target-module@100000/switch@0/mdio@1000/ethernet-phy@0[0]' - status (0)
[    0.670917] gpio gpiochip0: Persistence not supported for GPIO 8
[    0.806783] davinci_mdio 4a101000.mdio: phy[0]: device 4a101000.mdio:00, driver SMSC LAN8710/LAN8720
[    0.807580] cpsw-switch 4a100000.switch: initialized cpsw ale version 1.4
[    0.807602] cpsw-switch 4a100000.switch: ALE Table size 1024, Policers 0
[    0.807746] cpsw-switch 4a100000.switch: cpts: overflow check period 500 (jiffies)
[    0.807762] cpsw-switch 4a100000.switch: CPTS: ref_clk_freq:250000000 calc_mult:2147483648 calc_shift:29 error:0 nsec/sec
[    0.807868] cpsw-switch 4a100000.switch: Detected MACID = 6c:ec:eb:68:de:78
[    0.809715] cpsw-switch 4a100000.switch: initialized (regs 0x4a100000, pool size 256) hw_ver:0019010C 1.12 (0)
[    0.820770] debugfs: '49000000.dma' already exists in 'dmaengine'
[    0.820815] edma 49000000.dma: TI EDMA DMA engine driver
[    0.859437] gpio-clk clk_mcasp0: using DT '/clk_mcasp0' for 'enable' GPIO lookup
[    0.859514] of_get_named_gpiod_flags: parsed 'enable-gpios' property of node '/clk_mcasp0[0]' - status (0)
[    0.859557] gpio gpiochip0: Persistence not supported for GPIO 27
[    0.860449] gpiochip_find_base_unlocked: found new base at 608
[    0.860556] gpio gpiochip3: (gpio-96-127): created GPIO range 0->7 ==> 44e10800.pinmux PIN 82->89
[    0.860576] gpio gpiochip3: (gpio-96-127): created GPIO range 8->11 ==> 44e10800.pinmux PIN 52->55
[    0.860592] gpio gpiochip3: (gpio-96-127): created GPIO range 12->15 ==> 44e10800.pinmux PIN 94->97
[    0.860608] gpio gpiochip3: (gpio-96-127): created GPIO range 16->17 ==> 44e10800.pinmux PIN 71->72
[    0.860624] gpio gpiochip3: (gpio-96-127): created GPIO range 18->18 ==> 44e10800.pinmux PIN 135->135
[    0.860640] gpio gpiochip3: (gpio-96-127): created GPIO range 19->20 ==> 44e10800.pinmux PIN 108->109
[    0.860657] gpio gpiochip3: (gpio-96-127): created GPIO range 21->21 ==> 44e10800.pinmux PIN 73->73
[    0.860674] gpio gpiochip3: (gpio-96-127): created GPIO range 22->23 ==> 44e10800.pinmux PIN 8->9
[    0.860691] gpio gpiochip3: (gpio-96-127): created GPIO range 26->27 ==> 44e10800.pinmux PIN 10->11
[    0.860708] gpio gpiochip3: (gpio-96-127): created GPIO range 28->28 ==> 44e10800.pinmux PIN 74->74
[    0.860726] gpio gpiochip3: (gpio-96-127): created GPIO range 29->29 ==> 44e10800.pinmux PIN 81->81
[    0.860744] gpio gpiochip3: (gpio-96-127): created GPIO range 30->31 ==> 44e10800.pinmux PIN 28->29
[    0.864984] gpio gpiochip3: (gpio-96-127): added GPIO chardev (254:3)
[    0.865230] gpio gpiochip3: registered GPIOs 608 to 639 on gpio-96-127
[    0.874832] omap8250 44e09000.serial: using DT '/ocp/interconnect@44c00000/segment@200000/target-module@9000/serial@0' for 'rs485-term' GPIO lookup
[    0.874911] of_get_named_gpiod_flags: can't parse 'rs485-term-gpios' property of node '/ocp/interconnect@44c00000/segment@200000/target-module@9000/serial@0[0]'
[    0.874954] of_get_named_gpiod_flags: can't parse 'rs485-term-gpio' property of node '/ocp/interconnect@44c00000/segment@200000/target-module@9000/serial@0[0]'
[    0.874990] omap8250 44e09000.serial: using lookup tables for GPIO lookup
[    0.875001] omap8250 44e09000.serial: No GPIO consumer rs485-term found
[    0.875011] omap8250 44e09000.serial: using DT '/ocp/interconnect@44c00000/segment@200000/target-module@9000/serial@0' for 'rs485-rx-during-tx' GPIO lookup
[    0.875047] of_get_named_gpiod_flags: can't parse 'rs485-rx-during-tx-gpios' property of node '/ocp/interconnect@44c00000/segment@200000/target-module@9000/serial@0[0]'
[    0.875084] of_get_named_gpiod_flags: can't parse 'rs485-rx-during-tx-gpio' property of node '/ocp/interconnect@44c00000/segment@200000/target-module@9000/serial@0[0]'
[    0.875116] omap8250 44e09000.serial: using lookup tables for GPIO lookup
[    0.875124] omap8250 44e09000.serial: No GPIO consumer rs485-rx-during-tx found
[    0.875580] 44e09000.serial: ttyS0 at MMIO 0x44e09000 (irq = 34, base_baud = 3000000) is a 8250
[    0.875674] printk: legacy console [ttyS0] enabled
[    2.421082] i2c i2c-0: using DT '/ocp/interconnect@44c00000/segment@200000/target-module@b000/i2c@0' for 'scl' GPIO lookup
[    2.421179] of_get_named_gpiod_flags: can't parse 'scl-gpios' property of node '/ocp/interconnect@44c00000/segment@200000/target-module@b000/i2c@0[0]'
[    2.421425] of_get_named_gpiod_flags: can't parse 'scl-gpio' property of node '/ocp/interconnect@44c00000/segment@200000/target-module@b000/i2c@0[0]'
[    2.421475] i2c i2c-0: using lookup tables for GPIO lookup
[    2.421490] i2c i2c-0: No GPIO consumer scl found
[    2.421517] i2c i2c-0: using DT '/ocp/interconnect@44c00000/segment@200000/target-module@b000/i2c@0' for 'sda' GPIO lookup
[    2.421558] of_get_named_gpiod_flags: can't parse 'sda-gpios' property of node '/ocp/interconnect@44c00000/segment@200000/target-module@b000/i2c@0[0]'
[    2.421598] of_get_named_gpiod_flags: can't parse 'sda-gpio' property of node '/ocp/interconnect@44c00000/segment@200000/target-module@b000/i2c@0[0]'
[    2.421634] i2c i2c-0: using lookup tables for GPIO lookup
[    2.421646] i2c i2c-0: No GPIO consumer sda found
[    2.442153] tps65217-pmic: Failed to locate of_node [id: -1]
[    2.448230] tps65217-bl: Failed to locate of_node [id: -1]
[    2.454271] platform tps65217-charger: DMA mask not set
[    2.460306] platform tps65217-pwrbutton: DMA mask not set
[    2.467603] tps65217 0-0024: TPS65217 ID 0xe version 1.2
[    2.473756] /ocp/interconnect@48000000/segment@300000/target-module@e000/lcdc@0: Fixed dependency cycle(s) with /ocp/interconnect@44c00000/segment@200000/target-module@b000/i2c@0/tda19988@70
[    2.491141] /ocp/interconnect@44c00000/segment@200000/target-module@b000/i2c@0/tda19988@70: Fixed dependency cycle(s) with /ocp/interconnect@48000000/segment@300000/target-module@e000/lcdc@0
[    2.508540] omap_i2c 44e0b000.i2c: bus 0 rev0.11 at 400 kHz
[    2.516213] sdhci-omap 48060000.mmc: using DT '/ocp/interconnect@48000000/segment@0/target-module@60000/mmc@0' for 'cd' GPIO lookup
[    2.516321] of_get_named_gpiod_flags: parsed 'cd-gpios' property of node '/ocp/interconnect@48000000/segment@0/target-module@60000/mmc@0[0]' - status (0)
[    2.516388] gpio gpiochip3: Persistence not supported for GPIO 6
[    2.516418] omap_gpio 44e07000.gpio: Could not set line 6 debounce to 200000 microseconds (-22)
[    2.525341] sdhci-omap 48060000.mmc: Got CD GPIO
[    2.529993] sdhci-omap 48060000.mmc: using DT '/ocp/interconnect@48000000/segment@0/target-module@60000/mmc@0' for 'wp' GPIO lookup
[    2.530045] of_get_named_gpiod_flags: can't parse 'wp-gpios' property of node '/ocp/interconnect@48000000/segment@0/target-module@60000/mmc@0[0]'
[    2.530089] of_get_named_gpiod_flags: can't parse 'wp-gpio' property of node '/ocp/interconnect@48000000/segment@0/target-module@60000/mmc@0[0]'
[    2.530127] sdhci-omap 48060000.mmc: using lookup tables for GPIO lookup
[    2.530142] sdhci-omap 48060000.mmc: No GPIO consumer wp found
[    2.530364] sdhci-omap 48060000.mmc: supply pbias not found, using dummy regulator
[    2.539175] sdhci-omap 481d8000.mmc: using DT '/ocp/interconnect@48000000/segment@100000/target-module@d8000/mmc@0' for 'wp' GPIO lookup
[    2.539251] of_get_named_gpiod_flags: can't parse 'wp-gpios' property of node '/ocp/interconnect@48000000/segment@100000/target-module@d8000/mmc@0[0]'
[    2.539297] of_get_named_gpiod_flags: can't parse 'wp-gpio' property of node '/ocp/interconnect@48000000/segment@100000/target-module@d8000/mmc@0[0]'
[    2.539336] sdhci-omap 481d8000.mmc: using lookup tables for GPIO lookup
[    2.539350] sdhci-omap 481d8000.mmc: No GPIO consumer wp found
[    2.540370] sdhci-omap 48060000.mmc: supply vqmmc not found, using dummy regulator
[    2.549480] sdhci-omap 481d8000.mmc: supply pbias not found, using dummy regulator
[    2.558901] sdhci-omap 481d8000.mmc: supply vqmmc not found, using dummy regulator
[    2.594968] mmc0: SDHCI controller on 48060000.mmc [48060000.mmc] using External DMA
[    2.603279] mmc1: SDHCI controller on 481d8000.mmc [481d8000.mmc] using External DMA
[    2.612084] cpsw-switch 4a100000.switch: starting ndev. mode: dual_mac
[    2.681492] mmc1: new high speed MMC card at address 0001
[    2.688314] mmcblk1: mmc1:0001 MMC04G 3.60 GiB
[    2.696269]  mmcblk1: p1 p2
[    2.700571] mmcblk1boot0: mmc1:0001 MMC04G 2.00 MiB
[    2.707151] SMSC LAN8710/LAN8720 4a101000.mdio:00: attached PHY driver (mii_bus:phy_addr=4a101000.mdio:00, irq=POLL)
[    2.725765] mmcblk1boot1: mmc1:0001 MMC04G 2.00 MiB
[    2.734570] mmcblk1rpmb: mmc1:0001 MMC04G 128 KiB, chardev (249:0)
[    2.784316] mmc0: new high speed SDHC card at address aaaa
[    2.791167] mmcblk0: mmc0:aaaa SE32G 29.7 GiB
[    2.800313]  mmcblk0: p1 p2
[    5.842009] cpsw-switch 4a100000.switch eth0: Link is Up - 100Mbps/Full - flow control off
[    5.881483] IP-Config: Complete:
[    5.884759]      device=eth0, hwaddr=6c:ec:eb:68:de:78, ipaddr=192.168.255.1, mask=255.255.255.0, gw=255.255.255.255
[    5.895432]      host=bbb1, domain=, nis-domain=(none)
[    5.900601]      bootserver=192.168.255.126, rootserver=192.168.255.126, rootpath=
[    5.901030] clk: Disabling unused clocks
[    5.912930] KTAP version 1
[    5.915662] 1..0
[    5.918088] check access for rdinit=/init failed: -2, ignoring
[    5.954276] VFS: Mounted root (nfs filesystem) on device 0:17.
[    5.961800] devtmpfs: mounted
[    5.966281] Freeing unused kernel image (initmem) memory: 1024K
[    5.973062] Run /sbin/init as init process
[    5.977191]   with arguments:
[    5.977204]     /sbin/init
[    5.977214]     nfsrootdebug
[    5.977223]   with environment:
[    5.977232]     HOME=/
[    5.977240]     TERM=linux
[    6.736949] systemd[1]: System time before build time, advancing clock.
[    8.221251] random: crng init done
[    8.237577] systemd[1]: systemd 232 running in system mode. (+PAM +AUDIT +SELINUX +IMA +APPARMOR +SMACK +SYSVINIT +UTMP +LIBCRYPTSETUP +GCRYPT +GNUTLS +ACL +XZ +LZ4 +SECCOMP +BLKID +ELFUTILS +KMOD +IDN)
[    8.256815] systemd[1]: Detected architecture arm.
[    8.284716] systemd[1]: Set hostname to <arm>.
[    9.482784] systemd[1]: systemd-journald.socket: SO_PASSSEC failed: Operation not supported
[    9.491765] systemd[1]: systemd-journald.socket: SO_PASSSEC failed: Operation not supported
[    9.500350] systemd[1]: Listening on Journal Socket.
[    9.521991] systemd[1]: systemd-journald-dev-log.socket: SO_PASSSEC failed: Operation not supported
[    9.531618] systemd[1]: Listening on Journal Socket (/dev/log).
[    9.561596] systemd[1]: Reached target Remote File Systems.
[    9.591829] systemd[1]: Listening on udev Kernel Socket.
[   11.851005] systemd-journald[93]: Received request to flush runtime journal from PID 1
[   12.641694] omap_prm 44e00d00.prm: sync_state() pending due to 44d00000.cpu
[   14.433550] leds-gpio leds: using DT '/leds/led2' for '(default)' GPIO lookup
[   14.433657] of_get_named_gpiod_flags: parsed 'gpios' property of node '/leds/led2[0]' - status (0)
[   14.433717] gpio gpiochip0: Persistence not supported for GPIO 21
[   14.433734] gpio-533 (?): no flags found for GPIO (default)
[   14.475468] leds-gpio leds: using DT '/leds/led3' for '(default)' GPIO lookup
[   14.475579] of_get_named_gpiod_flags: parsed 'gpios' property of node '/leds/led3[0]' - status (0)
[   14.475784] gpio gpiochip0: Persistence not supported for GPIO 22
[   14.475804] gpio-534 (?): no flags found for GPIO (default)
[   14.529582] leds-gpio leds: using DT '/leds/led4' for '(default)' GPIO lookup
[   14.529681] of_get_named_gpiod_flags: parsed 'gpios' property of node '/leds/led4[0]' - status (0)
[   14.529733] gpio gpiochip0: Persistence not supported for GPIO 23
[   14.529749] gpio-535 (?): no flags found for GPIO (default)
[   14.551716] leds-gpio leds: using DT '/leds/led5' for '(default)' GPIO lookup
[   14.551824] of_get_named_gpiod_flags: parsed 'gpios' property of node '/leds/led5[0]' - status (0)
[   14.551875] gpio gpiochip0: Persistence not supported for GPIO 24
[   14.551890] gpio-536 (?): no flags found for GPIO (default)
[   14.808286] remoteproc remoteproc0: wkup_m3 is available
[   15.032185] omap_wdt: OMAP Watchdog Timer Rev 0x01: initial timeout 60 sec
[   15.121540] at24 2-0054: supply vcc not found, using dummy regulator
[   15.164386] at24 2-0055: supply vcc not found, using dummy regulator
[   15.294119] at24 2-0056: supply vcc not found, using dummy regulator
[   15.408664] at24 2-0057: supply vcc not found, using dummy regulator
[   15.542493] at24 0-0050: using DT '/ocp/interconnect@44c00000/segment@200000/target-module@b000/i2c@0/eeprom@50' for 'wp' GPIO lookup
[   15.542718] of_get_named_gpiod_flags: can't parse 'wp-gpios' property of node '/ocp/interconnect@44c00000/segment@200000/target-module@b000/i2c@0/eeprom@50[0]'
[   15.542786] of_get_named_gpiod_flags: can't parse 'wp-gpio' property of node '/ocp/interconnect@44c00000/segment@200000/target-module@b000/i2c@0/eeprom@50[0]'
[   15.542890] at24 0-0050: using lookup tables for GPIO lookup
[   15.542907] at24 0-0050: No GPIO consumer wp found
[   15.543519] at24 0-0050: 32768 byte 24c256 EEPROM, writable, 1 bytes/write
[   15.753354] input: tps65217_pwrbutton as /devices/platform/ocp/44c00000.interconnect/44c00000.interconnect:segment@200000/44e0b000.target-module/44e0b000.i2c/i2c-0/0-0024/tps65217-pwrbutton/input/input0
[   15.827749] omap_rtc 44e3e000.rtc: registered as rtc0
[   15.833088] omap_rtc 44e3e000.rtc: setting system clock to 2000-01-01T00:00:00 UTC (946684800)
[   15.841870] omap_rtc 44e3e000.rtc: using DT '/ocp/interconnect@44c00000/segment@200000/target-module@3e000/rtc@0' for 'wp' GPIO lookup
[   15.841944] of_get_named_gpiod_flags: can't parse 'wp-gpios' property of node '/ocp/interconnect@44c00000/segment@200000/target-module@3e000/rtc@0[0]'
[   15.841994] of_get_named_gpiod_flags: can't parse 'wp-gpio' property of node '/ocp/interconnect@44c00000/segment@200000/target-module@3e000/rtc@0[0]'
[   15.842034] omap_rtc 44e3e000.rtc: using lookup tables for GPIO lookup
[   15.842049] omap_rtc 44e3e000.rtc: No GPIO consumer wp found
[   16.439817] am335x-phy-driver 47401300.usb-phy: using DT '/ocp/target-module@47400000/usb-phy@1300' for 'reset' GPIO lookup
[   16.439911] of_get_named_gpiod_flags: can't parse 'reset-gpios' property of node '/ocp/target-module@47400000/usb-phy@1300[0]'
[   16.439953] of_get_named_gpiod_flags: can't parse 'reset-gpio' property of node '/ocp/target-module@47400000/usb-phy@1300[0]'
[   16.439992] am335x-phy-driver 47401300.usb-phy: using lookup tables for GPIO lookup
[   16.440007] am335x-phy-driver 47401300.usb-phy: No GPIO consumer reset found
[   16.440023] am335x-phy-driver 47401300.usb-phy: using DT '/ocp/target-module@47400000/usb-phy@1300' for 'vbus-detect' GPIO lookup
[   16.440054] of_get_named_gpiod_flags: can't parse 'vbus-detect-gpios' property of node '/ocp/target-module@47400000/usb-phy@1300[0]'
[   16.440086] of_get_named_gpiod_flags: can't parse 'vbus-detect-gpio' property of node '/ocp/target-module@47400000/usb-phy@1300[0]'
[   16.440112] am335x-phy-driver 47401300.usb-phy: using lookup tables for GPIO lookup
[   16.440125] am335x-phy-driver 47401300.usb-phy: No GPIO consumer vbus-detect found
[   16.440275] am335x-phy-driver 47401300.usb-phy: dummy supplies not allowed for exclusive requests (id=vbus)
[   16.710401] am335x-phy-driver 47401b00.usb-phy: using DT '/ocp/target-module@47400000/usb-phy@1b00' for 'reset' GPIO lookup
[   16.710492] of_get_named_gpiod_flags: can't parse 'reset-gpios' property of node '/ocp/target-module@47400000/usb-phy@1b00[0]'
[   16.710534] of_get_named_gpiod_flags: can't parse 'reset-gpio' property of node '/ocp/target-module@47400000/usb-phy@1b00[0]'
[   16.710572] am335x-phy-driver 47401b00.usb-phy: using lookup tables for GPIO lookup
[   16.710587] am335x-phy-driver 47401b00.usb-phy: No GPIO consumer reset found
[   16.710601] am335x-phy-driver 47401b00.usb-phy: using DT '/ocp/target-module@47400000/usb-phy@1b00' for 'vbus-detect' GPIO lookup
[   16.710632] of_get_named_gpiod_flags: can't parse 'vbus-detect-gpios' property of node '/ocp/target-module@47400000/usb-phy@1b00[0]'
[   16.710664] of_get_named_gpiod_flags: can't parse 'vbus-detect-gpio' property of node '/ocp/target-module@47400000/usb-phy@1b00[0]'
[   16.710691] am335x-phy-driver 47401b00.usb-phy: using lookup tables for GPIO lookup
[   16.710703] am335x-phy-driver 47401b00.usb-phy: No GPIO consumer vbus-detect found
[   16.710853] am335x-phy-driver 47401b00.usb-phy: dummy supplies not allowed for exclusive requests (id=vbus)
[   17.027288] usbcore: registered new interface driver usbfs
[   17.033160] usbcore: registered new interface driver hub
[   17.038608] usbcore: registered new device driver usb
[   17.625051] tda998x 0-0070: found TDA19988
[   18.116753] musb-hdrc musb-hdrc.1: MUSB HDRC host driver
[   18.122414] musb-hdrc musb-hdrc.1: new USB bus registered, assigned bus number 1
[   18.185716] omap-mailbox 480c8000.mailbox: omap mailbox rev 0x400
[   18.275380] remoteproc remoteproc0: powering up wkup_m3
[   18.285463] usb usb1: New USB device found, idVendor=1d6b, idProduct=0002, bcdDevice= 6.17
[   18.294141] usb usb1: New USB device strings: Mfr=3, Product=2, SerialNumber=1
[   18.301480] usb usb1: Product: MUSB HDRC host driver
[   18.306476] usb usb1: Manufacturer: Linux 6.17.0-rc3 musb-hcd
[   18.312300] usb usb1: SerialNumber: musb-hdrc.1
[   18.613535] remoteproc remoteproc0: Direct firmware load for am335x-pm-firmware.elf failed with error -2
[   18.623274] remoteproc remoteproc0: request_firmware failed: -2
[   18.629238] wkup_m3_ipc 44e11324.wkup_m3_ipc: rproc_boot failed
[   18.703551] hub 1-0:1.0: USB hub found
[   18.768566] hub 1-0:1.0: 1 port detected
[   20.803322] omap_rng 48310000.rng: Random Number Generator ver. 20
[   21.121542] ------------[ cut here ]------------
[   21.126248] WARNING: CPU: 0 PID: 177 at net/8021q/vlan_core.c:236 vlan_for_each+0x114/0x134
[   21.134789] RTNL: assertion failed at net/8021q/vlan_core.c (236)
[   21.140917] Modules linked in: tilcdc(+) drm_dma_helper drm_client_lib omap_rng rng_core snd_soc_davinci_mcasp snd_soc_ti_udma snd_soc_ti_edma snd_soc_ti_sdma snd_soc_core snd_pcm_dmaengine snd_pcm snd_timer omap_mailbox snd musb_dsps musb_hdrc soundcore tda998x udc_core cec usbcore drm_kms_helper phy_am335x phy_generic drm usb_common cppi41 phy_am335x_control rtc_omap wkup_m3_ipc tps65218_pwrbutton drm_panel_orientation_quirks at24 omap_wdt watchdog wkup_m3_rproc leds_gpio led_class cpufreq_dt autofs4
[   21.185955] CPU: 0 UID: 107 PID: 177 Comm: avahi-daemon Not tainted 6.17.0-rc3 #1 NONE 
[   21.185974] Hardware name: Generic AM33XX (Flattened Device Tree)
[   21.185982] Call trace: 
[   21.185998]  unwind_backtrace from show_stack+0x10/0x14
[   21.186037]  show_stack from dump_stack_lvl+0x50/0x64
[   21.186062]  dump_stack_lvl from __warn+0x74/0x12c
[   21.186080]  __warn from warn_slowpath_fmt+0x19c/0x1b0
[   21.186093]  warn_slowpath_fmt from vlan_for_each+0x114/0x134
[   21.186116]  vlan_for_each from cpsw_add_mc_addr+0x40/0xa4
[   21.186145]  cpsw_add_mc_addr from __hw_addr_ref_sync_dev+0x108/0x140
[   21.186177]  __hw_addr_ref_sync_dev from __dev_mc_add+0x7c/0x80
[   21.186200]  __dev_mc_add from igmp6_group_added+0xc8/0xe0
[   21.186229]  igmp6_group_added from __ipv6_dev_mc_inc+0x218/0x364
[   21.186247]  __ipv6_dev_mc_inc from __ipv6_sock_mc_join+0x11c/0x214
[   21.186266]  __ipv6_sock_mc_join from do_ipv6_setsockopt+0x1214/0x1310
[   21.186300]  do_ipv6_setsockopt from ipv6_setsockopt+0x60/0xcc
[   21.186323]  ipv6_setsockopt from udpv6_setsockopt+0x2c/0x6c
[   21.186342]  udpv6_setsockopt from sock_common_setsockopt+0x30/0x40
[   21.186373]  sock_common_setsockopt from do_sock_setsockopt+0x50/0x9c
[   21.186396]  do_sock_setsockopt from __sys_setsockopt+0x70/0xbc
[   21.186416]  __sys_setsockopt from ret_fast_syscall+0x0/0x58
[   21.186433] Exception stack(0xe0129fa8 to 0xe0129ff0)
[   21.186447] 9fa0:                   00000014 b6fb3ce8 0000000d 00000029 00000014 befff9ec
[   21.186458] 9fc0: 00000014 b6fb3ce8 00000014 00000126 0000000d b6f5cff4 004fe988 004e6558
[   21.186467] 9fe0: b6f72088 befff9d8 b6f4f309 b6e2441a
[   21.186474] ---[ end trace 0000000000000000 ]---
[   21.354091] tilcdc 4830e000.lcdc: bound 0-0070 (ops 0xbf1570f8)
[   21.471580] [drm] Initialized tilcdc 1.0.0 for 4830e000.lcdc on minor 0
[   21.530825] tilcdc 4830e000.lcdc: [drm] Cannot find any crtc or sizes
[   21.572872] tilcdc 4830e000.lcdc: [drm] Cannot find any crtc or sizes
[   22.905124] PM: Cannot get wkup_m3_ipc handle
[   23.157108] omap-sham 53100000.sham: hw accel on OMAP rev 4.3
[   23.262202] omap-sham 53100000.sham: will run requests pump with realtime priority
[   23.276540] PM: Cannot get wkup_m3_ipc handle
[   23.440460] omap-aes 53500000.aes: OMAP AES hw accel rev: 3.2
[   23.563011] omap-aes 53500000.aes: will run requests pump with realtime priority
[   23.573229] PM: Cannot get wkup_m3_ipc handle
[   23.684462] Bluetooth: Core ver 2.22
[   23.688303] NET: Registered PF_BLUETOOTH protocol family
[   23.693870] Bluetooth: HCI device and connection manager initialized
[   23.700287] Bluetooth: HCI socket layer initialized
[   23.705267] Bluetooth: L2CAP socket layer initialized
[   23.710383] Bluetooth: SCO socket layer initialized
[   26.759516] tda998x 0-0070: using DT '/ocp/interconnect@44c00000/segment@200000/target-module@b000/i2c@0/tda19988@70' for 'nxp,calib' GPIO lookup
[   26.759659] of_get_named_gpiod_flags: parsed 'nxp,calib-gpios' property of node '/ocp/interconnect@44c00000/segment@200000/target-module@b000/i2c@0/tda19988@70[0]' - status (0)
[   26.759763] gpio gpiochip0: Persistence not supported for GPIO 25
[   26.759780] gpio-537 (nxp,calib): no flags found for GPIO nxp,calib
[   26.768390] PM: Cannot get wkup_m3_ipc handle
[   26.774402] asoc-simple-card sound: using DT '/sound' for 'simple-audio-card,hp-det' GPIO lookup
[   26.774473] of_get_named_gpiod_flags: can't parse 'simple-audio-card,hp-det-gpios' property of node '/sound[0]'
[   26.774508] of_get_named_gpiod_flags: can't parse 'simple-audio-card,hp-det-gpio' property of node '/sound[0]'
[   26.774533] asoc-simple-card sound: using lookup tables for GPIO lookup
[   26.774547] asoc-simple-card sound: No GPIO consumer simple-audio-card,hp-det found
[   26.774562] asoc-simple-card sound: using DT '/sound' for 'simple-audio-card,mic-det' GPIO lookup
[   26.774586] of_get_named_gpiod_flags: can't parse 'simple-audio-card,mic-det-gpios' property of node '/sound[0]'
[   26.774613] of_get_named_gpiod_flags: can't parse 'simple-audio-card,mic-det-gpio' property of node '/sound[0]'
[   26.774633] asoc-simple-card sound: using lookup tables for GPIO lookup
[   26.774645] asoc-simple-card sound: No GPIO consumer simple-audio-card,mic-det found
[   26.799365] gpio-537 (nxp,calib): gpiod_direction_output_nonotify: tried to set a GPIO tied to an IRQ as output
[   26.906736] PM: Cannot get wkup_m3_ipc handle
[   27.046615] tda9950 0-0034: TDA9950 CEC interface, hardware version 3.3
[   27.143676] PM: Cannot get wkup_m3_ipc handle
[   29.655770] userial_init: registered 8 ttyGS* devices
[   29.898848] rndis_register: configNr = 0
[   29.955409] udc musb-hdrc.0: binding gadget driver [g_multi]
[   29.955514] configfs-gadget.g_multi gadget.0: adding 'rndis'/4014011c to config 'c'/2147deee
[   29.956665] configfs-gadget.g_multi gadget.0: HOST MAC 1c:ba:8c:a2:ed:6c
[   29.963704] configfs-gadget.g_multi gadget.0: MAC 1c:ba:8c:a2:ed:70
[   29.970057] rndis_set_param_medium: 0 0
[   29.970075] configfs-gadget.g_multi gadget.0: RNDIS: IN/ep1in OUT/ep1out NOTIFY/ep2in
[   29.970092] configfs-gadget.g_multi gadget.0: adding 'cdc_ethernet'/ae9f1c90 to config 'c'/2147deee
[   29.971059] configfs-gadget.g_multi gadget.0: HOST MAC 1c:ba:8c:a2:ed:6c
[   29.977933] configfs-gadget.g_multi gadget.0: MAC 1c:ba:8c:a2:ed:6d
[   29.984304] configfs-gadget.g_multi gadget.0: CDC Ethernet: IN/ep3in OUT/ep2out NOTIFY/ep4in
[   29.984325] configfs-gadget.g_multi gadget.0: adding 'acm'/2f362761 to config 'c'/2147deee
[   29.984362] configfs-gadget.g_multi gadget.0: acm ttyGS0: IN/ep5in OUT/ep3out NOTIFY/ep6in
[   29.985148] PM: Cannot get wkup_m3_ipc handle
[   31.947320] configfs-gadget.g_multi gadget.0: eth_open
[   35.625216] gs_open: ttyGS0 (eb9fe122,d5e3f4c3)
[   35.625371] gs_close: ttyGS0 (eb9fe122,d5e3f4c3) ...
[   35.625393] gs_close: ttyGS0 (eb9fe122,d5e3f4c3) done!
[   35.645632] gs_open: ttyGS0 (fbef6377,0b690886)
[   35.645758] gs_close: ttyGS0 (fbef6377,0b690886) ...
[   35.645779] gs_close: ttyGS0 (fbef6377,0b690886) done!
[   35.828825] gs_open: ttyGS0 (d7f2a51f,14f12937)
[   35.829051] gs_close: ttyGS0 (d7f2a51f,14f12937) ...
[   35.829077] gs_close: ttyGS0 (d7f2a51f,14f12937) done!
[   35.829440] gs_open: ttyGS0 (d7f2a51f,14f12937)
PNNMPCEGXA 0
root@arm:~# echo 'VSQV''NCGOVU'
VSQVNCGOVU
root@arm:~# MARKER='EBPW''POYQZF' run 'modprobe test_linear_ranges'
EBPWPOYQZFEBPWPOYQZF 0
root@arm:~# echo 'AGKY''UVWASW'
AGKYUVWASW
root@arm:~# MARKER='HLWW''FVNBPX' run dmesg
HLWWFVNBPX[    0.000000] Booting Linux on physical CPU 0x0
[    0.000000] Linux version 6.17.0-rc3 (user01@drvtest01) (arm-none-eabi-gcc (Arm GNU Toolchain 14.2.Rel1 (Build arm-14.52)) 14.2.1 20241119, GNU ld (Arm GNU Toolchain 14.2.Rel1 (Build arm-14.52)) 2.43.1.20241119) #1 SMP Sun Aug 24 19:38:37 EEST 2025
[    0.000000] CPU: ARMv7 Processor [413fc082] revision 2 (ARMv7), cr=10c5387d
[    0.000000] CPU: PIPT / VIPT nonaliasing data cache, VIPT aliasing instruction cache
[    0.000000] OF: fdt: Machine model: TI AM335x BeagleBone Black
[    0.000000] Memory policy: Data cache writeback
[    0.000000] cma: Reserved 16 MiB at 0x9e800000
[    0.000000] Zone ranges:
[    0.000000]   Normal   [mem 0x0000000080000000-0x000000009fdfffff]
[    0.000000]   HighMem  empty
[    0.000000] Movable zone start for each node
[    0.000000] Early memory node ranges
[    0.000000]   node   0: [mem 0x0000000080000000-0x000000009fdfffff]
[    0.000000] Initmem setup node 0 [mem 0x0000000080000000-0x000000009fdfffff]
[    0.000000] On node 0, zone Normal: 512 pages in unavailable ranges
[    0.000000] OF: reserved mem: Reserved memory: No reserved-memory node in the DT
[    0.000000] CPU: All CPU(s) started in SVC mode.
[    0.000000] AM335X ES2.1 (sgx neon)
[    0.000000] percpu: Embedded 17 pages/cpu s39820 r8192 d21620 u69632
[    0.000000] pcpu-alloc: s39820 r8192 d21620 u69632 alloc=17*4096
[    0.000000] pcpu-alloc: [0] 0 
[    0.000000] Kernel command line: console=ttyO0,115200n8 root=/dev/nfs rw nfsroot=192.168.255.126:/home/user01/nfs,nfsvers=3 ip=192.168.255.1:192.168.255.126::255.255.255.0:bbb1:eth0 nfsrootdebug
[    0.000000] Unknown kernel command line parameters "nfsrootdebug", will be passed to user space.
[    0.000000] printk: log buffer data + meta data: 65536 + 204800 = 270336 bytes
[    0.000000] Dentry cache hash table entries: 65536 (order: 6, 262144 bytes, linear)
[    0.000000] Inode-cache hash table entries: 32768 (order: 5, 131072 bytes, linear)
[    0.000000] Built 1 zonelists, mobility grouping on.  Total pages: 130560
[    0.000000] mem auto-init: stack:off, heap alloc:off, heap free:off
[    0.000000] SLUB: HWalign=16, Order=0-3, MinObjects=0, CPUs=1, Nodes=1
[    0.000000] rcu: Hierarchical RCU implementation.
[    0.000000] rcu: 	RCU event tracing is enabled.
[    0.000000] rcu: 	RCU restricting CPUs from NR_CPUS=2 to nr_cpu_ids=1.
[    0.000000] 	Tracing variant of Tasks RCU enabled.
[    0.000000] rcu: RCU calculated value of scheduler-enlistment delay is 10 jiffies.
[    0.000000] rcu: Adjusting geometry for rcu_fanout_leaf=16, nr_cpu_ids=1
[    0.000000] RCU Tasks Trace: Setting shift to 0 and lim to 1 rcu_task_cb_adjust=1 rcu_task_cpu_ids=1.
[    0.000000] NR_IRQS: 16, nr_irqs: 16, preallocated irqs: 16
[    0.000000] IRQ: Found an INTC at 0x(ptrval) (revision 5.0) with 128 interrupts
[    0.000000] rcu: srcu_init: Setting srcu_struct sizes based on contention.
[    0.000000] TI gptimer clocksource: always-on /ocp/interconnect@44c00000/segment@200000/target-module@31000
[    0.000003] sched_clock: 32 bits at 24MHz, resolution 41ns, wraps every 89478484971ns
[    0.000027] clocksource: dmtimer: mask: 0xffffffff max_cycles: 0xffffffff, max_idle_ns: 79635851949 ns
[    0.000532] TI gptimer clockevent: 24000000 Hz at /ocp/interconnect@48000000/segment@0/target-module@40000
[    0.002139] Console: colour dummy device 80x30
[    0.002203] WARNING: Your 'console=ttyO0' has been replaced by 'ttyS0'
[    0.002211] This ensures that you still see kernel messages. Please
[    0.002215] update your kernel commandline.
[    0.002260] Calibrating delay loop... 996.14 BogoMIPS (lpj=4980736)
[    0.090576] CPU: Testing write buffer coherency: ok
[    0.090688] CPU0: Spectre v2: using BPIALL workaround
[    0.090699] pid_max: default: 32768 minimum: 301
[    0.090853] LSM: initializing lsm=capability
[    0.091015] Mount-cache hash table entries: 1024 (order: 0, 4096 bytes, linear)
[    0.091036] Mountpoint-cache hash table entries: 1024 (order: 0, 4096 bytes, linear)
[    0.092595] CPU0: thread -1, cpu 0, socket -1, mpidr 0
[    0.092655] cacheinfo: Unable to detect cache hierarchy for CPU 0
[    0.094652] Setting up static identity map for 0x80100000 - 0x80100078
[    0.094991] rcu: Hierarchical SRCU implementation.
[    0.095002] rcu: 	Max phase no-delay instances is 1000.
[    0.096719] smp: Bringing up secondary CPUs ...
[    0.096770] smp: Brought up 1 node, 1 CPU
[    0.096782] SMP: Total of 1 processors activated (996.14 BogoMIPS).
[    0.096793] CPU: All CPU(s) started in SVC mode.
[    0.096990] Memory: 480856K/522240K available (11264K kernel code, 1218K rwdata, 2936K rodata, 1024K init, 254K bss, 23352K reserved, 16384K cma-reserved, 0K highmem)
[    0.097827] devtmpfs: initialized
[    0.114650] VFP support v0.3: implementor 41 architecture 3 part 30 variant c rev 3
[    0.115278] clocksource: jiffies: mask: 0xffffffff max_cycles: 0xffffffff, max_idle_ns: 19112604462750000 ns
[    0.115333] posixtimers hash table entries: 512 (order: 0, 4096 bytes, linear)
[    0.115361] futex hash table entries: 256 (16384 bytes on 1 NUMA nodes, total 16 KiB, linear).
[    0.116477] pinctrl core: initialized pinctrl subsystem
[    0.118608] NET: Registered PF_NETLINK/PF_ROUTE protocol family
[    0.121779] DMA: preallocated 256 KiB pool for atomic coherent allocations
[    0.122385] audit: initializing netlink subsys (disabled)
[    0.123707] thermal_sys: Registered thermal governor 'fair_share'
[    0.123721] thermal_sys: Registered thermal governor 'step_wise'
[    0.123732] thermal_sys: Registered thermal governor 'user_space'
[    0.123840] audit: type=2000 audit(0.120:1): state=initialized audit_enabled=0 res=1
[    0.123908] cpuidle: using governor menu
[    0.142180] /ocp/interconnect@44c00000/segment@200000/target-module@b000/i2c@0/tda19988@70: Fixed dependency cycle(s) with /ocp/interconnect@48000000/segment@300000/target-module@e000/lcdc@0
[    0.143313] /ocp/interconnect@48000000/segment@300000/target-module@e000/lcdc@0: Fixed dependency cycle(s) with /ocp/interconnect@44c00000/segment@200000/target-module@b000/i2c@0/tda19988@70
[    0.145528] No ATAGs?
[    0.145572] hw-breakpoint: debug architecture 0x4 unsupported.
[    0.148656] kprobes: kprobe jump-optimization is enabled. All kprobes are optimized if possible.
[    0.154359] iommu: Default domain type: Translated
[    0.154382] iommu: DMA domain TLB invalidation policy: strict mode
[    0.155948] reg-fixed-voltage fixedregulator0: using DT '/fixedregulator0' for '(default)' GPIO lookup
[    0.156003] of_get_named_gpiod_flags: can't parse 'gpios' property of node '/fixedregulator0[0]'
[    0.156030] of_get_named_gpiod_flags: can't parse 'gpio' property of node '/fixedregulator0[0]'
[    0.156048] reg-fixed-voltage fixedregulator0: using lookup tables for GPIO lookup
[    0.156059] reg-fixed-voltage fixedregulator0: No GPIO consumer (default) found
[    0.161498] SCSI subsystem initialized
[    0.161979] libata version 3.00 loaded.
[    0.162365] pps_core: LinuxPPS API ver. 1 registered
[    0.162376] pps_core: Software ver. 5.3.6 - Copyright 2005-2007 Rodolfo Giometti <giometti@linux.it>
[    0.162401] PTP clock support registered
[    0.170851] vgaarb: loaded
[    0.171229] clocksource: Switched to clocksource dmtimer
[    0.171904] VFS: Disk quotas dquot_6.6.0
[    0.171962] VFS: Dquot-cache hash table entries: 1024 (order 0, 4096 bytes)
[    0.194665] NET: Registered PF_INET protocol family
[    0.195005] IP idents hash table entries: 8192 (order: 4, 65536 bytes, linear)
[    0.196419] tcp_listen_portaddr_hash hash table entries: 512 (order: 0, 4096 bytes, linear)
[    0.196455] Table-perturb hash table entries: 65536 (order: 6, 262144 bytes, linear)
[    0.196474] TCP established hash table entries: 4096 (order: 2, 16384 bytes, linear)
[    0.196519] TCP bind hash table entries: 4096 (order: 4, 65536 bytes, linear)
[    0.196618] TCP: Hash tables configured (established 4096 bind 4096)
[    0.196735] UDP hash table entries: 256 (order: 1, 14336 bytes, linear)
[    0.196770] UDP-Lite hash table entries: 256 (order: 1, 14336 bytes, linear)
[    0.196962] NET: Registered PF_UNIX/PF_LOCAL protocol family
[    0.198218] RPC: Registered named UNIX socket transport module.
[    0.198238] RPC: Registered udp transport module.
[    0.198243] RPC: Registered tcp transport module.
[    0.198248] RPC: Registered tcp-with-tls transport module.
[    0.198253] RPC: Registered tcp NFSv4.1 backchannel transport module.
[    0.198277] PCI: CLS 0 bytes, default 64
[    0.199665] Initialise system trusted keyrings
[    0.211610] workingset: timestamp_bits=14 max_order=17 bucket_order=3
[    0.212997] NFS: Registering the id_resolver key type
[    0.213061] Key type id_resolver registered
[    0.213068] Key type id_legacy registered
[    0.213178] jffs2: version 2.2. (NAND) (SUMMARY)  Â© 2001-2006 Red Hat, Inc.
[    0.213633] Key type asymmetric registered
[    0.213649] Asymmetric key parser 'x509' registered
[    0.213722] io scheduler mq-deadline registered
[    0.213732] io scheduler kyber registered
[    0.213810] io scheduler bfq registered
[    0.215644] target-module@4b000000:target-module@140000:pmu@0:fck: device ID is greater than 24
[    0.221891] l3-aon-clkctrl:0000:0: failed to disable
[    0.222157] ledtrig-cpu: registered to indicate activity on CPUs
[    0.231922] Serial: 8250/16550 driver, 6 ports, IRQ sharing enabled
[    0.266506] brd: module loaded
[    0.289879] loop: module loaded
[    0.290811] mtdoops: mtd device (mtddev=name/number) must be supplied
[    0.292643] mdio_bus fixed-0: using lookup tables for GPIO lookup
[    0.292670] mdio_bus fixed-0: No GPIO consumer reset found
[    0.294073] i2c_dev: i2c /dev entries driver
[    0.295078] cpuidle: enable-method property 'ti,am3352' found operations
[    0.295524] sdhci: Secure Digital Host Controller Interface driver
[    0.295533] sdhci: Copyright(c) Pierre Ossman
[    0.295712] sdhci-pltfm: SDHCI platform and OF driver helper
[    0.297156] hw perfevents: enabled with armv7_cortex_a8 PMU driver, 5 (8000000f) counters available
[    0.297671] Initializing XFRM netlink socket
[    0.297851] NET: Registered PF_INET6 protocol family
[    0.303548] l3-aon-clkctrl:0000:0: failed to disable
[    0.312777] Segment Routing with IPv6
[    0.312864] In-situ OAM (IOAM) with IPv6
[    0.312961] sit: IPv6, IPv4 and MPLS over IPv4 tunneling driver
[    0.313924] NET: Registered PF_PACKET protocol family
[    0.313954] NET: Registered PF_KEY protocol family
[    0.314100] Key type dns_resolver registered
[    0.314328] ThumbEE CPU extension supported.
[    0.314347] Registering SWP/SWPB emulation handler
[    0.314886] omap_voltage_late_init: Voltage driver support not added
[    0.315545] SmartReflex Class3 initialized
[    0.344261] Loading compiled-in X.509 certificates
[    0.387100] /ocp/interconnect@44c00000/segment@200000/target-module@b000/i2c@0/tda19988@70: Fixed dependency cycle(s) with /ocp/interconnect@48000000/segment@300000/target-module@e000/lcdc@0
[    0.393765] /ocp/interconnect@44c00000/segment@200000/target-module@b000/i2c@0/tda19988@70: Fixed dependency cycle(s) with /ocp/interconnect@48000000/segment@300000/target-module@e000/lcdc@0
[    0.399275] gpiochip_find_base_unlocked: found new base at 512
[    0.429656] /ocp/interconnect@44c00000/segment@200000/target-module@b000/i2c@0/tda19988@70: Fixed dependency cycle(s) with /ocp/interconnect@48000000/segment@300000/target-module@e000/lcdc@0
[    0.430540] /ocp/interconnect@44c00000/segment@200000/target-module@b000/i2c@0/tda19988@70: Fixed dependency cycle(s) with /ocp/interconnect@48000000/segment@300000/target-module@e000/lcdc@0
[    0.434341] /ocp/interconnect@44c00000/segment@200000/target-module@10000/scm@0/pinmux@800: Fixed dependency cycle(s) with /ocp/interconnect@44c00000/segment@200000/target-module@10000/scm@0/pinmux@800/clkout2-pins
[    0.434940] pinctrl-single 44e10800.pinmux: 142 pins, size 568
[    0.440204] ti-sysc 44e31000.target-module: probe with driver ti-sysc failed with error -16
[    0.476577] /ocp/interconnect@48000000/segment@300000/target-module@e000/lcdc@0: Fixed dependency cycle(s) with /ocp/interconnect@44c00000/segment@200000/target-module@b000/i2c@0/tda19988@70
[    0.484933] ti-sysc 48040000.target-module: probe with driver ti-sysc failed with error -16
[    0.496526] gpiochip_find_base_unlocked: found new base at 512
[    0.496625] gpio gpiochip0: (gpio-0-31): created GPIO range 0->7 ==> 44e10800.pinmux PIN 0->7
[    0.496644] gpio gpiochip0: (gpio-0-31): created GPIO range 8->11 ==> 44e10800.pinmux PIN 90->93
[    0.496660] gpio gpiochip0: (gpio-0-31): created GPIO range 12->27 ==> 44e10800.pinmux PIN 12->27
[    0.496676] gpio gpiochip0: (gpio-0-31): created GPIO range 28->31 ==> 44e10800.pinmux PIN 30->33
[    0.533283] gpio gpiochip0: (gpio-0-31): added GPIO chardev (254:0)
[    0.533503] gpio gpiochip0: registered GPIOs 512 to 543 on gpio-0-31
[    0.533586] OMAP GPIO hardware version 0.1
[    0.547056] i2c i2c-2: using DT '/ocp/interconnect@48000000/segment@100000/target-module@9c000/i2c@0' for 'scl' GPIO lookup
[    0.547136] of_get_named_gpiod_flags: can't parse 'scl-gpios' property of node '/ocp/interconnect@48000000/segment@100000/target-module@9c000/i2c@0[0]'
[    0.547180] of_get_named_gpiod_flags: can't parse 'scl-gpio' property of node '/ocp/interconnect@48000000/segment@100000/target-module@9c000/i2c@0[0]'
[    0.547215] i2c i2c-2: using lookup tables for GPIO lookup
[    0.547225] i2c i2c-2: No GPIO consumer scl found
[    0.547246] i2c i2c-2: using DT '/ocp/interconnect@48000000/segment@100000/target-module@9c000/i2c@0' for 'sda' GPIO lookup
[    0.547284] of_get_named_gpiod_flags: can't parse 'sda-gpios' property of node '/ocp/interconnect@48000000/segment@100000/target-module@9c000/i2c@0[0]'
[    0.547323] of_get_named_gpiod_flags: can't parse 'sda-gpio' property of node '/ocp/interconnect@48000000/segment@100000/target-module@9c000/i2c@0[0]'
[    0.547354] i2c i2c-2: using lookup tables for GPIO lookup
[    0.547362] i2c i2c-2: No GPIO consumer sda found
[    0.548077] omap_i2c 4819c000.i2c: bus 2 rev0.11 at 100 kHz
[    0.553958] gpiochip_find_base_unlocked: found new base at 544
[    0.554060] gpio gpiochip1: (gpio-32-63): created GPIO range 0->17 ==> 44e10800.pinmux PIN 34->51
[    0.554079] gpio gpiochip1: (gpio-32-63): created GPIO range 18->21 ==> 44e10800.pinmux PIN 77->80
[    0.554094] gpio gpiochip1: (gpio-32-63): created GPIO range 22->31 ==> 44e10800.pinmux PIN 56->65
[    0.576049] gpio gpiochip1: (gpio-32-63): added GPIO chardev (254:1)
[    0.576275] gpio gpiochip1: registered GPIOs 544 to 575 on gpio-32-63
[    0.578575] gpiochip_find_base_unlocked: found new base at 576
[    0.578668] gpio gpiochip2: (gpio-64-95): created GPIO range 0->4 ==> 44e10800.pinmux PIN 66->70
[    0.578688] gpio gpiochip2: (gpio-64-95): created GPIO range 5->6 ==> 44e10800.pinmux PIN 98->99
[    0.578704] gpio gpiochip2: (gpio-64-95): created GPIO range 7->8 ==> 44e10800.pinmux PIN 75->76
[    0.578719] gpio gpiochip2: (gpio-64-95): created GPIO range 13->13 ==> 44e10800.pinmux PIN 141->141
[    0.578735] gpio gpiochip2: (gpio-64-95): created GPIO range 14->21 ==> 44e10800.pinmux PIN 100->107
[    0.579394] gpio gpiochip2: (gpio-64-95): added GPIO chardev (254:2)
[    0.579600] gpio gpiochip2: registered GPIOs 576 to 607 on gpio-64-95
[    0.585506] 48000000.interconnect:segment@200000:target-module@0:mpu@0:fck: device ID is greater than 24
[    0.586405] /ocp/interconnect@48000000/segment@300000/target-module@e000/lcdc@0: Fixed dependency cycle(s) with /ocp/interconnect@44c00000/segment@200000/target-module@b000/i2c@0/tda19988@70
[    0.589236] /ocp/interconnect@48000000/segment@300000/target-module@e000/lcdc@0: Fixed dependency cycle(s) with /ocp/interconnect@44c00000/segment@200000/target-module@b000/i2c@0/tda19988@70
[    0.589940] /ocp/interconnect@44c00000/segment@200000/target-module@b000/i2c@0/tda19988@70: Fixed dependency cycle(s) with /ocp/interconnect@48000000/segment@300000/target-module@e000/lcdc@0
[    0.590099] /ocp/interconnect@48000000/segment@300000/target-module@e000/lcdc@0: Fixed dependency cycle(s) with /ocp/interconnect@44c00000/segment@200000/target-module@b000/i2c@0/tda19988@70
[    0.599859] mdio_bus 4a101000.mdio: using DT '/ocp/interconnect@4a000000/segment@0/target-module@100000/switch@0/mdio@1000' for 'reset' GPIO lookup
[    0.599930] of_get_named_gpiod_flags: can't parse 'reset-gpios' property of node '/ocp/interconnect@4a000000/segment@0/target-module@100000/switch@0/mdio@1000[0]'
[    0.599975] of_get_named_gpiod_flags: can't parse 'reset-gpio' property of node '/ocp/interconnect@4a000000/segment@0/target-module@100000/switch@0/mdio@1000[0]'
[    0.600023] mdio_bus 4a101000.mdio: using lookup tables for GPIO lookup
[    0.600033] mdio_bus 4a101000.mdio: No GPIO consumer reset found
[    0.601431] sdhci-omap 481d8000.mmc: using DT '/ocp/interconnect@48000000/segment@100000/target-module@d8000/mmc@0' for 'wp' GPIO lookup
[    0.601494] of_get_named_gpiod_flags: can't parse 'wp-gpios' property of node '/ocp/interconnect@48000000/segment@100000/target-module@d8000/mmc@0[0]'
[    0.601537] of_get_named_gpiod_flags: can't parse 'wp-gpio' property of node '/ocp/interconnect@48000000/segment@100000/target-module@d8000/mmc@0[0]'
[    0.601571] sdhci-omap 481d8000.mmc: using lookup tables for GPIO lookup
[    0.601581] sdhci-omap 481d8000.mmc: No GPIO consumer wp found
[    0.601783] sdhci-omap 481d8000.mmc: supply pbias not found, using dummy regulator
[    0.602295] sdhci-omap 481d8000.mmc: supply vqmmc not found, using dummy regulator
[    0.655555] davinci_mdio 4a101000.mdio: davinci mdio revision 1.6, bus freq 1000000
[    0.670660] mdio_bus 4a101000.mdio:00: using DT '/ocp/interconnect@4a000000/segment@0/target-module@100000/switch@0/mdio@1000/ethernet-phy@0' for 'reset' GPIO lookup
[    0.670759] of_get_named_gpiod_flags: parsed 'reset-gpios' property of node '/ocp/interconnect@4a000000/segment@0/target-module@100000/switch@0/mdio@1000/ethernet-phy@0[0]' - status (0)
[    0.670917] gpio gpiochip0: Persistence not supported for GPIO 8
[    0.806783] davinci_mdio 4a101000.mdio: phy[0]: device 4a101000.mdio:00, driver SMSC LAN8710/LAN8720
[    0.807580] cpsw-switch 4a100000.switch: initialized cpsw ale version 1.4
[    0.807602] cpsw-switch 4a100000.switch: ALE Table size 1024, Policers 0
[    0.807746] cpsw-switch 4a100000.switch: cpts: overflow check period 500 (jiffies)
[    0.807762] cpsw-switch 4a100000.switch: CPTS: ref_clk_freq:250000000 calc_mult:2147483648 calc_shift:29 error:0 nsec/sec
[    0.807868] cpsw-switch 4a100000.switch: Detected MACID = 6c:ec:eb:68:de:78
[    0.809715] cpsw-switch 4a100000.switch: initialized (regs 0x4a100000, pool size 256) hw_ver:0019010C 1.12 (0)
[    0.820770] debugfs: '49000000.dma' already exists in 'dmaengine'
[    0.820815] edma 49000000.dma: TI EDMA DMA engine driver
[    0.859437] gpio-clk clk_mcasp0: using DT '/clk_mcasp0' for 'enable' GPIO lookup
[    0.859514] of_get_named_gpiod_flags: parsed 'enable-gpios' property of node '/clk_mcasp0[0]' - status (0)
[    0.859557] gpio gpiochip0: Persistence not supported for GPIO 27
[    0.860449] gpiochip_find_base_unlocked: found new base at 608
[    0.860556] gpio gpiochip3: (gpio-96-127): created GPIO range 0->7 ==> 44e10800.pinmux PIN 82->89
[    0.860576] gpio gpiochip3: (gpio-96-127): created GPIO range 8->11 ==> 44e10800.pinmux PIN 52->55
[    0.860592] gpio gpiochip3: (gpio-96-127): created GPIO range 12->15 ==> 44e10800.pinmux PIN 94->97
[    0.860608] gpio gpiochip3: (gpio-96-127): created GPIO range 16->17 ==> 44e10800.pinmux PIN 71->72
[    0.860624] gpio gpiochip3: (gpio-96-127): created GPIO range 18->18 ==> 44e10800.pinmux PIN 135->135
[    0.860640] gpio gpiochip3: (gpio-96-127): created GPIO range 19->20 ==> 44e10800.pinmux PIN 108->109
[    0.860657] gpio gpiochip3: (gpio-96-127): created GPIO range 21->21 ==> 44e10800.pinmux PIN 73->73
[    0.860674] gpio gpiochip3: (gpio-96-127): created GPIO range 22->23 ==> 44e10800.pinmux PIN 8->9
[    0.860691] gpio gpiochip3: (gpio-96-127): created GPIO range 26->27 ==> 44e10800.pinmux PIN 10->11
[    0.860708] gpio gpiochip3: (gpio-96-127): created GPIO range 28->28 ==> 44e10800.pinmux PIN 74->74
[    0.860726] gpio gpiochip3: (gpio-96-127): created GPIO range 29->29 ==> 44e10800.pinmux PIN 81->81
[    0.860744] gpio gpiochip3: (gpio-96-127): created GPIO range 30->31 ==> 44e10800.pinmux PIN 28->29
[    0.864984] gpio gpiochip3: (gpio-96-127): added GPIO chardev (254:3)
[    0.865230] gpio gpiochip3: registered GPIOs 608 to 639 on gpio-96-127
[    0.874832] omap8250 44e09000.serial: using DT '/ocp/interconnect@44c00000/segment@200000/target-module@9000/serial@0' for 'rs485-term' GPIO lookup
[    0.874911] of_get_named_gpiod_flags: can't parse 'rs485-term-gpios' property of node '/ocp/interconnect@44c00000/segment@200000/target-module@9000/serial@0[0]'
[    0.874954] of_get_named_gpiod_flags: can't parse 'rs485-term-gpio' property of node '/ocp/interconnect@44c00000/segment@200000/target-module@9000/serial@0[0]'
