Labgrid Console Logfile for main
Logfile started at 2024-11-14 16:12:58.972414
=== Log starts here ===
reading args
spl_load_image_fat_os: error reading image args, err - -1
reading u-boot.img
reading u-boot.img


U-Boot 2014.04-00014-g47880f5 (Apr 22 2014 - 13:23:54)

I2C:   ready
DRAM:  512 MiB
NAND:  0 MiB
MMC:   OMAP SD/MMC: 0, OMAP SD/MMC: 1
*** Warning - readenv() failed, using default environment

Net:   <ethaddr> not set. Validating first E-fuse MAC
cpsw, usb_ether
Hit any key to stop autoboot:  1  0 
gpio: pin 53 (gpio 53) value is 1
mmc0 is current device
gpio: pin 54 (gpio 54) value is 1
SD/MMC found on device 0
reading uEnv.txt
569 bytes read in 4 ms (138.7 KiB/s)
gpio: pin 55 (gpio 55) value is 1
Loaded environment from uEnv.txt
Importing environment from mmc ...
Checking if uenvcmd is set ...
gpio: pin 56 (gpio 56) value is 1
Running uenvcmd ...
cpsw Waiting for PHY auto negotiation to complete. done
link up on port 0, speed 100, full duplex
Using cpsw device
TFTP from server 192.168.255.126; our IP address is 192.168.255.1
Filename 'zImage'.
Load address: 0x81000000
Loading: *#################################################################
	 #################################################################
	 #################################################################
	 #################################################################
	 #################################################################
	 ###############################################
	 2.4 MiB/s
done
Bytes transferred = 5449808 (532850 hex)
link up on port 0, speed 100, full duplex
Using cpsw device
TFTP from server 192.168.255.126; our IP address is 192.168.255.1
Filename 'am335x-boneblack.dtb'.
Load address: 0x82000000
Loading: *#######
	 2.2 MiB/s
done
Bytes transferred = 97996 (17ecc hex)
Kernel image @ 0x81000000 [ 0x000000 - 0x532850 ]
## Flattened Device Tree blob at 82000000
   Booting using the fdt blob at 0x82000000
   Using Device Tree in place at 82000000, end 8201aecb

Starting kernel ...

[    0.000000] Booting Linux on physical CPU 0x0
[    0.000000] Linux version 6.11.8 (user01@drvtest01) (arm-linux-gnueabihf-gcc (Linaro GCC 6.4-2017.11) 6.4.1 20171012, GNU ld (Linaro_Binutils-2017.11) 2.27.0.20161229) #7 SMP Thu Nov 14 16:10:34 EET 2024
[    0.000000] CPU: ARMv7 Processor [413fc082] revision 2 (ARMv7), cr=10c5387d
[    0.000000] CPU: PIPT / VIPT nonaliasing data cache, VIPT aliasing instruction cache
[    0.000000] OF: fdt: Machine model: TI AM335x BeagleBone Black
[    0.000000] Memory policy: Data cache writeback
[    0.000000] cma: Reserved 16 MiB at 0x9e800000 on node -1
[    0.000000] Zone ranges:
[    0.000000]   Normal   [mem 0x0000000080000000-0x000000009fdfffff]
[    0.000000]   HighMem  empty
[    0.000000] Movable zone start for each node
[    0.000000] Early memory node ranges
[    0.000000]   node   0: [mem 0x0000000080000000-0x000000009fdfffff]
[    0.000000] Initmem setup node 0 [mem 0x0000000080000000-0x000000009fdfffff]
[    0.000000] CPU: All CPU(s) started in SVC mode.
[    0.000000] AM335X ES2.1 (sgx neon)
[    0.000000] percpu: Embedded 17 pages/cpu s39628 r8192 d21812 u69632
[    0.000000] Kernel command line: console=ttyO0,115200n8 root=/dev/nfs rw nfsroot=192.168.255.126:/home/user01/nfs,nfsvers=3 ip=192.168.255.1:192.168.255.126::255.255.255.0:bbb1:eth0 nfsrootdebug
[    0.000000] Unknown kernel command line parameters "nfsrootdebug", will be passed to user space.
[    0.000000] Dentry cache hash table entries: 65536 (order: 6, 262144 bytes, linear)
[    0.000000] Inode-cache hash table entries: 32768 (order: 5, 131072 bytes, linear)
[    0.000000] Built 1 zonelists, mobility grouping on.  Total pages: 130560
[    0.000000] mem auto-init: stack:off, heap alloc:off, heap free:off
[    0.000000] SLUB: HWalign=64, Order=0-3, MinObjects=0, CPUs=1, Nodes=1
[    0.000000] trace event string verifier disabled
[    0.000000] rcu: Hierarchical RCU implementation.
[    0.000000] rcu: 	RCU event tracing is enabled.
[    0.000000] rcu: 	RCU restricting CPUs from NR_CPUS=2 to nr_cpu_ids=1.
[    0.000000] rcu: RCU calculated value of scheduler-enlistment delay is 10 jiffies.
[    0.000000] rcu: Adjusting geometry for rcu_fanout_leaf=16, nr_cpu_ids=1
[    0.000000] NR_IRQS: 16, nr_irqs: 16, preallocated irqs: 16
[    0.000000] IRQ: Found an INTC at 0x(ptrval) (revision 5.0) with 128 interrupts
[    0.000000] rcu: srcu_init: Setting srcu_struct sizes based on contention.
[    0.000000] TI gptimer clocksource: always-on /ocp/interconnect@44c00000/segment@200000/target-module@31000
[    0.000002] sched_clock: 32 bits at 24MHz, resolution 41ns, wraps every 89478484971ns
[    0.000028] clocksource: dmtimer: mask: 0xffffffff max_cycles: 0xffffffff, max_idle_ns: 79635851949 ns
[    0.000505] TI gptimer clockevent: 24000000 Hz at /ocp/interconnect@48000000/segment@0/target-module@40000
[    0.002127] Console: colour dummy device 80x30
[    0.002198] WARNING: Your 'console=ttyO0' has been replaced by 'ttyS0'
[    0.002207] This ensures that you still see kernel messages. Please
[    0.002213] update your kernel commandline.
[    0.002257] Calibrating delay loop... 996.14 BogoMIPS (lpj=4980736)
[    0.090563] CPU: Testing write buffer coherency: ok
[    0.090667] CPU0: Spectre v2: using BPIALL workaround
[    0.090680] pid_max: default: 32768 minimum: 301
[    0.090807] LSM: initializing lsm=capability
[    0.090977] Mount-cache hash table entries: 1024 (order: 0, 4096 bytes, linear)
[    0.090999] Mountpoint-cache hash table entries: 1024 (order: 0, 4096 bytes, linear)
[    0.092542] CPU0: thread -1, cpu 0, socket -1, mpidr 0
[    0.094277] Setting up static identity map for 0x80100000 - 0x80100078
[    0.094589] rcu: Hierarchical SRCU implementation.
[    0.094601] rcu: 	Max phase no-delay instances is 1000.
[    0.096270] smp: Bringing up secondary CPUs ...
[    0.096329] smp: Brought up 1 node, 1 CPU
[    0.096345] SMP: Total of 1 processors activated (996.14 BogoMIPS).
[    0.096357] CPU: All CPU(s) started in SVC mode.
[    0.096549] Memory: 480876K/522240K available (11264K kernel code, 1197K rwdata, 2856K rodata, 1024K init, 297K bss, 23344K reserved, 16384K cma-reserved, 0K highmem)
[    0.097345] devtmpfs: initialized
[    0.113987] VFP support v0.3: implementor 41 architecture 3 part 30 variant c rev 3
[    0.114349] clocksource: jiffies: mask: 0xffffffff max_cycles: 0xffffffff, max_idle_ns: 19112604462750000 ns
[    0.114387] futex hash table entries: 256 (order: 2, 16384 bytes, linear)
[    0.115669] pinctrl core: initialized pinctrl subsystem
[    0.118406] NET: Registered PF_NETLINK/PF_ROUTE protocol family
[    0.121408] DMA: preallocated 256 KiB pool for atomic coherent allocations
[    0.122385] audit: initializing netlink subsys (disabled)
[    0.123774] thermal_sys: Registered thermal governor 'fair_share'
[    0.123797] thermal_sys: Registered thermal governor 'step_wise'
[    0.123808] thermal_sys: Registered thermal governor 'user_space'
[    0.123924] audit: type=2000 audit(0.120:1): state=initialized audit_enabled=0 res=1
[    0.123997] cpuidle: using governor menu
[    0.142912] No ATAGs?
[    0.142945] hw-breakpoint: debug architecture 0x4 unsupported.
[    0.145844] kprobes: kprobe jump-optimization is enabled. All kprobes are optimized if possible.
[    0.164104] iommu: Default domain type: Translated
[    0.164131] iommu: DMA domain TLB invalidation policy: strict mode
[    0.171479] SCSI subsystem initialized
[    0.181467] pps_core: LinuxPPS API ver. 1 registered
[    0.181481] pps_core: Software ver. 5.3.6 - Copyright 2005-2007 Rodolfo Giometti <giometti@linux.it>
[    0.181507] PTP clock support registered
[    0.183465] vgaarb: loaded
[    0.183868] clocksource: Switched to clocksource dmtimer
[    0.184466] VFS: Disk quotas dquot_6.6.0
[    0.184516] VFS: Dquot-cache hash table entries: 1024 (order 0, 4096 bytes)
[    0.210726] NET: Registered PF_INET protocol family
[    0.211089] IP idents hash table entries: 8192 (order: 4, 65536 bytes, linear)
[    0.212475] tcp_listen_portaddr_hash hash table entries: 512 (order: 0, 4096 bytes, linear)
[    0.212516] Table-perturb hash table entries: 65536 (order: 6, 262144 bytes, linear)
[    0.212534] TCP established hash table entries: 4096 (order: 2, 16384 bytes, linear)
[    0.212579] TCP bind hash table entries: 4096 (order: 4, 65536 bytes, linear)
[    0.212681] TCP: Hash tables configured (established 4096 bind 4096)
[    0.212804] UDP hash table entries: 256 (order: 1, 8192 bytes, linear)
[    0.212837] UDP-Lite hash table entries: 256 (order: 1, 8192 bytes, linear)
[    0.213010] NET: Registered PF_UNIX/PF_LOCAL protocol family
[    0.224834] RPC: Registered named UNIX socket transport module.
[    0.224860] RPC: Registered udp transport module.
[    0.224868] RPC: Registered tcp transport module.
[    0.224874] RPC: Registered tcp-with-tls transport module.
[    0.224881] RPC: Registered tcp NFSv4.1 backchannel transport module.
[    0.224907] PCI: CLS 0 bytes, default 64
[    0.226366] Initialise system trusted keyrings
[    0.227076] workingset: timestamp_bits=14 max_order=17 bucket_order=3
[    0.228729] NFS: Registering the id_resolver key type
[    0.228823] Key type id_resolver registered
[    0.228833] Key type id_legacy registered
[    0.228885] jffs2: version 2.2. (NAND) (SUMMARY)  Â© 2001-2006 Red Hat, Inc.
[    0.229294] Key type asymmetric registered
[    0.229314] Asymmetric key parser 'x509' registered
[    0.229382] io scheduler mq-deadline registered
[    0.229395] io scheduler kyber registered
[    0.229466] io scheduler bfq registered
[    0.244385] Serial: 8250/16550 driver, 6 ports, IRQ sharing enabled
[    0.290537] brd: module loaded
[    0.307049] loop: module loaded
[    0.307990] mtdoops: mtd device (mtddev=name/number) must be supplied
[    0.319204] i2c_dev: i2c /dev entries driver
[    0.320181] cpuidle: enable-method property 'ti,am3352' found operations
[    0.320631] sdhci: Secure Digital Host Controller Interface driver
[    0.320643] sdhci: Copyright(c) Pierre Ossman
[    0.320817] sdhci-pltfm: SDHCI platform and OF driver helper
[    0.321100] ledtrig-cpu: registered to indicate activity on CPUs
[    0.322029] Initializing XFRM netlink socket
[    0.322156] NET: Registered PF_INET6 protocol family
[    0.341258] Segment Routing with IPv6
[    0.341355] In-situ OAM (IOAM) with IPv6
[    0.341457] sit: IPv6, IPv4 and MPLS over IPv4 tunneling driver
[    0.342420] NET: Registered PF_PACKET protocol family
[    0.342464] NET: Registered PF_KEY protocol family
[    0.342597] Key type dns_resolver registered
[    0.342871] ThumbEE CPU extension supported.
[    0.342898] Registering SWP/SWPB emulation handler
[    0.343422] omap_voltage_late_init: Voltage driver support not added
[    0.343770] SmartReflex Class3 initialized
[    0.364672] Loading compiled-in X.509 certificates
[    0.454367] platform 44e10800.pinmux: Fixed dependency cycle(s) with /ocp/interconnect@44c00000/segment@200000/target-module@10000/scm@0/pinmux@800/clkout2-pins
[    0.454980] pinctrl-single 44e10800.pinmux: 142 pins, size 568
[    0.460029] ti-sysc 44e31000.target-module: probe with driver ti-sysc failed with error -16
[    0.501264] ti-sysc 48040000.target-module: probe with driver ti-sysc failed with error -16
[    0.525181] OMAP GPIO hardware version 0.1
[    0.557235] omap_i2c 4819c000.i2c: bus 2 rev0.11 at 100 kHz
[    0.584698] 48000000.interconnect:segment@200000:target-module@0:mpu@0:fck: device ID is greater than 24
[    0.588875] platform 4830e000.lcdc: Fixed dependency cycle(s) with /ocp/interconnect@44c00000/segment@200000/target-module@b000/i2c@0/tda19988@70
[    0.599758] sdhci-omap 481d8000.mmc: supply pbias not found, using dummy regulator
[    0.600231] sdhci-omap 481d8000.mmc: supply vqmmc not found, using dummy regulator
[    0.676225] davinci_mdio 4a101000.mdio: davinci mdio revision 1.6, bus freq 1000000
[    0.793571] davinci_mdio 4a101000.mdio: phy[0]: device 4a101000.mdio:00, driver SMSC LAN8710/LAN8720
[    0.794299] cpsw-switch 4a100000.switch: initialized cpsw ale version 1.4
[    0.794323] cpsw-switch 4a100000.switch: ALE Table size 1024
[    0.804259] cpsw-switch 4a100000.switch: cpts: overflow check period 500 (jiffies)
[    0.804287] cpsw-switch 4a100000.switch: CPTS: ref_clk_freq:250000000 calc_mult:2147483648 calc_shift:29 error:0 nsec/sec
[    0.804410] cpsw-switch 4a100000.switch: Detected MACID = 6c:ec:eb:68:de:78
[    0.806251] cpsw-switch 4a100000.switch: initialized (regs 0x4a100000, pool size 256) hw_ver:0019010C 1.12 (0)
[    0.817318] debugfs: Directory '49000000.dma' with parent 'dmaengine' already present!
[    0.817366] edma 49000000.dma: TI EDMA DMA engine driver
[    0.858990] target-module@4b000000:target-module@140000:pmu@0:fck: device ID is greater than 24
[    0.892466] hw perfevents: enabled with armv7_cortex_a8 PMU driver, 5 counters available
[    0.900452] l3-aon-clkctrl:0000:0: failed to disable
[    0.903565] 44e09000.serial: ttyS0 at MMIO 0x44e09000 (irq = 34, base_baud = 3000000) is a 8250
[    0.903653] printk: legacy console [ttyS0] enabled
 [    2.074357] tps65217-pmic: Failed to locate of_node [id: -1 ]
[    2.080420] tps65217-bl: Failed to locate of_node [id: -1]
[    2.115067] tps65217 0-0024: TPS65217 ID 0xe version 1.2
[    2.121101] platform 4830e000.lcdc: Fixed dependency cycle(s) wi00: attached PHY driver (mii_bus:phy_addr=4a101000.mdio:00, irq=POLL)
[    2.412833]  mmcblk1: p1 p2
[    2.417073] mmcblk1boot0: mmc1:0001 MMC04G 2.00 MiB
[    2.424157] mmcblk1boot1: mmc1:0001 MMC04G 2.00 MiB
[    2.437188] mmcblk1rpmb: mmc1:0001 MMC04G 128 KiB, chardev (250:0)
[    5.604615] cpsw-switch 4a100000.switch eth0: Link is Up - 100Mbps/Full - flow control off
[    5.644096] IP-Config: Complete:
[    5.647370]      device=eth0, hwaddr=6c:ec:eb:68:de:78, ipaddr=192.168.255.1, mask=255.255.255.0, gw=255.255.255.255
[    5.658033]      host=bbb1, domain=, nis-domain=(none)
[    5.663202]      bootserver=192.168.255.126, rootserver=192.168.255.126, rootpath=
[    5.663627] clk: Disabling unused clocks
[    5.675463] PM: genpd: Disabling unused power domains
[    5.680580] KTAP version 1
[    5.683300] 1..0
[    5.707555] VFS: Mounted root (nfs filesystem) on device 0:17.
[    5.714442] devtmpfs: mounted
[    5.719091] Freeing unused kernel image (initmem) memory: 1024K
[    5.725989] Run /sbin/init as init process
[    6.421484] systemd[1]: System time before build time, advancing clock.
[    7.893888] random: crng init done
[    7.956030] systemd[1]: systemd 232 running in system mode. (+PAM +AUDIT +SELINUX +IMA +APPARMOR +SMACK +SYSVINIT +UTMP +LIBCRYPTSETUP +GCRYPT +GNUTLS +ACL +XZ +LZ4 +SECCOMP +BLKID +ELFUTILS +KMOD +IDN)
[    7.975031] systemd[1]: Detected architecture arm.

Welcome to [1mDebian GNU/Linux 9 (stretch)[0m!

[    8.016905] systemd[1]: Set hostname to <arm>.
[    9.108515] systemd[1]: Listening on Syslog Socket.
[[0;32m  OK  [0m] Listening on Syslog Socket.
[    9.144242] systemd[1]: Reached target Swap.
[[0;32m  OK  [0m] Reached target Swap.
[    9.174644] systemd[1]: Listening on Journal Socket (/dev/log).
[[0;32m  OK  [0m] Listening on Journal Socket (/dev/log).
[    9.215405] systemd[1]: Created slice User and Session Slice.
[[0;32m  OK  [0m] Created slice User and Session Slice.
[    9.255068] systemd[1]: Created slice System Slice.
[[0;32m  OK  [0m] Created slice System Slice.
[    9.327699] systemd[1]: Mounting POSIX Message Queue File System...
         Mounting POSIX Message Queue File System...
[    9.366311] systemd[1]: Created slice system-getty.slice.
[[0;32m  OK  [0m] Created slice system-getty.slice.
[[0;32m  OK  [0m] Created slice system-serial\x2dgetty.slice.
[[0;32m  OK  [0m] Reached target Slices.
[[0;32m  OK  [0m] Set up automount Arbitrary Executabâ€¦rmats File System Automount Point.
[[0;32m  OK  [0m] Listening on Journal Audit Socket.
[[0;32m  OK  [0m] Listening on /dev/initctl Compatibility Named Pipe.
[[0;32m  OK  [0m] Reached target Remote File Systems.
[[0;32m  OK  [0m] Listening on Journal Socket.
         Starting Load Kernel Modules...
         Starting Journal Service...
         Starting Remount Root and Kernel File Systems...
[[0;32m  OK  [0m] Started Forward Password Requests to Wall Directory Watch.
[[0;32m  OK  [0m] Listening on udev Kernel Socket.
         Starting Create list of required stâ€¦ce nodes for the current kernel...
[[0;32m  OK  [0m] Started Dispatch Password Requests to Console Directory Watch.
[[0;32m  OK  [0m] Reached target Paths.
[[0;32m  OK  [0m] Reached target Encrypted Volumes.
[[0;32m  OK  [0m] Listening on udev Control Socket.
         Mounting Debug File System...
[[0;32m  OK  [0m] Mounted POSIX Message Queue File System.
[[0;32m  OK  [0m] Started Load Kernel Modules.
[[0;32m  OK  [0m] Started Remount Root and Kernel File Systems.
[[0;32m  OK  [0m] Started Create list of required staâ€¦vice nodes for the current kernel.
[[0;32m  OK  [0m] Mounted Debug File System.
         Starting Create Static Device Nodes in /dev...
         Starting Load/Save Random Seed...
         Starting udev Coldplug all Devices...
         Mounting Configuration File System...
         Starting Apply Kernel Variables...
[[0;32m  OK  [0m] Mounted Configuration File System.
[[0;32m  OK  [0m] Started Load/Save Random Seed.
[[0;32m  OK  [0m] Started Apply Kernel Variables.
[[0;32m  OK  [0m] Started Journal Service.
         Starting Flush Journal to Persistent Storage...
[[0;32m  OK  [0m] Started Create Static Device Nodes in /dev.
         Starting udev Kernel Device Manager...
[[0;32m  OK  [0m] Reached target Local File Systems (Pre).
[[0;32m  OK  [0m] Reached target Local File Systems.
         Starting Raise network interfaces...
[   11.236896] systemd-journald[83]: Received request to flush runtime journal from PID 1
[[0;32m  OK  [0m] Started Flush Journal to Persistent Storage.
         Starting Create Volatile Files and Directories...
[[0;32m  OK  [0m] Started udev Kernel Device Manager.
[[0;32m  OK  [0m] Started Create Volatile Files and Directories.
         Starting Update UTMP about System Boot/Shutdown...
         Starting Network Time Synchronization...
[[0;32m  OK  [0m] Started Update UTMP about System Boot/Shutdown.
[[0;32m  OK  [0m] Started udev Coldplug all Devices.
[[0;32m  OK  [0m] Started Network Time Synchronization.
[[0;32m  OK  [0m] Reached target System Time Synchronized.
[[0;32m  OK  [0m] Reached target System Initialization.
[[0;32m  OK  [0m] Listening on D-Bus System Message Bus Socket.
[[0;32m  OK  [0m] Started Daily Cleanup of Temporary Directories.
[[0;32m  OK  [0m] Listening on Avahi mDNS/DNS-SD Stack Activation Socket.
[[0;32m  OK  [0m] Reached target Sockets.
[[0;32m  OK  [0m] Reached target Basic System.
         Starting LSB: Start busybox udhcpd at boot time...
         Starting LSB: Load kernel modules needed to enable cpufreq scaling...
         Starting Generic Board Startup...
[   14.914427] remoteproc remoteproc0: wkup_m3 is available
[   14.953473] omap_rtc 44e3e000.rtc: registered as rtc0
[   14.958787] omap_rtc 44e3e000.rtc: setting system clock to 2000-01-01T00:00:00 UTC (946684800)
[   15.055645] omap_wdt: OMAP Watchdog Timer Rev 0x01: initial timeout 60 sec
[   15.141520] am335x-phy-driver 47401300.usb-phy: dummy supplies not allowed for exclusive requests (id=vbus)
         Starting Telephony service...
[   15.244551] at24 2-0054: supply vcc not found, using dummy regulator
[   15.332932] am335x-phy-driver 47401b00.usb-phy: dummy supplies not allowed for exclusive requests (id=vbus)
[   15.426507] at24 2-0055: supply vcc not found, using dummy regulator
         Starting DUN service...
[   15.543243] at24 2-0056: supply vcc not found, using dummy regulator
[   15.649449] at24 2-0057: supply vcc not found, using dummy regulator
[[0;32m  OK  [0m] Started Regular background program processing daemon.
[   15.801486] at24 0-0050: 32768 byte 24c256 EEPROM, writable, 1 bytes/write
[[0;32m  OK  [0m] Started D-Bus System Message Bus.
[   15.977952] wkup_m3_ipc 44e11324.wkup_m3_ipc: IPC Request for A8->M3 Channel failed! -517
[   15.988851] tps6521x_pwrbutton tps65217-pwrbutton: DMA mask not set
[   16.074327] input: tps65217_pwrbutton as /devices/platform/ocp/44c00000.interconnect/44c00000.interconnect:segment@200000/44e0b000.target-module/44e0b000.i2c/i2c-0/0-0024/tps65217-pwrbutton/input/input0
[   16.094060] wkup_m3_ipc 44e11324.wkup_m3_ipc: IPC Request for A8->M3 Channel failed! -517
[   16.692379] usbcore: registered new interface driver usbfs
[   16.698254] usbcore: registered new interface driver hub
[   16.703699] usbcore: registered new device driver usb
[   17.302798] tda998x 0-0070: found TDA19988
[   17.367087] wkup_m3_ipc 44e11324.wkup_m3_ipc: IPC Request for A8->M3 Channel failed! -517
[   17.469818] musb-hdrc musb-hdrc.1: MUSB HDRC host driver
[   17.475450] musb-hdrc musb-hdrc.1: new USB bus registered, assigned bus number 1
[   17.483964] wkup_m3_ipc 44e11324.wkup_m3_ipc: IPC Request for A8->M3 Channel failed! -517
[   17.547712] wkup_m3_ipc 44e11324.wkup_m3_ipc: IPC Request for A8->M3 Channel failed! -517
[   17.615897] usb usb1: New USB device found, idVendor=1d6b, idProduct=0002, bcdDevice= 6.11
[   17.624467] usb usb1: New USB device strings: Mfr=3, Product=2, SerialNumber=1
[   17.631736] usb usb1: Product: MUSB HDRC host driver
[   17.636808] usb usb1: Manufacturer: Linux 6.11.8 musb-hcd
[   17.642237] usb usb1: SerialNumber: musb-hdrc.1
[   17.677096] omap-mailbox 480c8000.mailbox: omap mailbox rev 0x400
[   17.736167] remoteproc remoteproc0: powering up wkup_m3
[   17.748616] hub 1-0:1.0: USB hub found
[   17.808357] hub 1-0:1.0: 1 port detected
[   17.850108] remoteproc remoteproc0: Direct firmware load for am335x-pm-firmware.elf failed with error -2
[   17.860125] remoteproc remoteproc0: request_firmware failed: -2
[   17.866327] wkup_m3_ipc 44e11324.wkup_m3_ipc: rproc_boot failed
[   19.683577] tilcdc 4830e000.lcdc: bound 0-0070 (ops tda998x_driver_exit [tda998x])
[   19.829863] [drm] Initialized tilcdc 1.0.0 for 4830e000.lcdc on minor 0
[   19.903512] omap_rng 48310000.rng: Random Number Generator ver. 20
[   19.934693] tilcdc 4830e000.lcdc: [drm] Cannot find any crtc or sizes
[   20.015225] tilcdc 4830e000.lcdc: [drm] Cannot find any crtc or sizes
[[0;32m  OK  [0m] Started DUN service.
[[0;32m  OK  [0m] Started Telephony service.
         Starting Connection service...
         Starting Login Service...
         Starting System Logging Service...
         Starting Cape Manager Service...
         Starting Avahi mDNS/DNS-SD Stack...
[[0;32m  OK  [0m] Started Daily apt download activities.
[[0;32m  OK  [0m] Started Daily apt upgrade and clean activities.
[[0;32m  OK  [0m] Reached target Timers.
[   21.179442] omap-sham 53100000.sham: hw accel on OMAP rev 4.3
[   21.236561] PM: Cannot get wkup_m3_ipc handle
[   21.356342] omap-sham 53100000.sham: will run requests pump with realtime priority
[   21.365351] PM: Cannot get wkup_m3_ipc handle
[   21.698180] omap-aes 53500000.aes: OMAP AES hw accel rev: 3.2
[   21.802167] omap-aes 53500000.aes: will run requests pump with realtime priority
[   21.818580] PM: Cannot get wkup_m3_ipc handle
[[0;32m  OK  [0m] Found device /dev/ttyS0.
[   22.380042] Bluetooth: Core ver 2.22
[   22.384076] NET: Registered PF_BLUETOOTH protocol family
[   22.389431] Bluetooth: HCI device and connection manager initialized
[   22.395898] Bluetooth: HCI socket layer initialized
[   22.400811] Bluetooth: L2CAP socket layer initialized
[   22.405990] Bluetooth: SCO socket layer initialized
[[0;32m  OK  [0m] Started Cape Manager Service.
[[0;32m  OK  [0m] Started System Logging Service.
[   25.347850] PM: Cannot get wkup_m3_ipc handle
[   25.436140] PM: Cannot get wkup_m3_ipc handle
[[0;32m  OK  [0m] Started LSB: Start busybox udhcpd at boot time.
[   27.815075] configfs-gadget.g_multi gadget.0: HOST MAC 1c:ba:8c:a2:ed:6c
[   27.821856] configfs-gadget.g_multi gadget.0: MAC 1c:ba:8c:a2:ed:70
[   27.829269] configfs-gadget.g_multi gadget.0: HOST MAC 1c:ba:8c:a2:ed:6c
[   27.836162] configfs-gadget.g_multi gadget.0: MAC 1c:ba:8c:a2:ed:6d
[   27.844423] PM: Cannot get wkup_m3_ipc handle
[[0;32m  OK  [0m] Started Raise network interfaces.
[[0;32m  OK  [0m] Started LSB: Load kernel modules needed to enable cpufreq scaling.
[[0;32m  OK  [0m] Started Connection service.
[[0;32m  OK  [0m] Started Avahi mDNS/DNS-SD Stack.
[[0;32m  OK  [0m] Started Login Service.
[[0;32m  OK  [0m] Reached target Sound Card.
         Starting LSB: set CPUFreq kernel parameters...
[[0;32m  OK  [0m] Reached target Network.
         Starting The Apache HTTP Server...
         Starting OpenBSD Secure Shell server...
         Starting Permit User Sessions...
[[0;32m  OK  [0m] Reached target Network is Online.
         Starting LSB: Advanced IEEE 802.11 management daemon...
[[0;32m  OK  [0m] Started LSB: Advanced IEEE 802.11 management daemon.
[[0;32m  OK  [0m] Started Permit User Sessions.
         Starting Hostname Service...
         Starting WPA supplicant...
[[0;32m  OK  [0m] Started Serial Getty on ttyS0.
[[0;32m  OK  [0m] Started Getty on tty1.
[[0;32m  OK  [0m] Reached target Login Prompts.
[[0;32m  OK  [0m] Started LSB: set CPUFreq kernel parameters.
[[0;32m  OK  [0m] Started WPA supplicant.
[[0;32m  OK  [0m] Started Hostname Service.
         Stopping LSB: Start busybox udhcpd at boot time...
[[0;32m  OK  [0m] Started OpenBSD Secure Shell server.
[[0;32m  OK  [0m] Stopped LSB: Start busybox udhcpd at boot time.
[[0;32m  OK  [0m] Started The Apache HTTP Server.
         Starting dnsmasq - A lightweight DHCP and caching DNS server...
[[0;32m  OK  [0m] Started dnsmasq - A lightweight DHCP and caching DNS server.
[[0;32m  OK  [0m] Reached target Host and Network Name Lookups.
[[0;32m  OK  [0m] Started Serial Getty on ttyGS0.
[[0;32m  OK  [0m] Started Generic Board Startup.
[[0;32m  OK  [0m] Reached target Multi-User System.
[[0;32m  OK  [0m] Reached target Graphical Interface.
         Starting Update UTMP about System Runlevel Changes...
[[0;32m  OK  [0m] Started Update UTMP about System Runlevel Changes.

Debian GNU/Linux 9 arm ttyS0

default username:password is [debian:temppwd]

arm login: root
Password: 
Last login: Sat Jan  1 00:00:33 UTC 2000 on ttyS0
root
Linux arm 6.11.8 #7 SMP Thu Nov 14 16:10:34 EET 2024 armv7l

The programs included with the Debian GNU/Linux system are free software;
the exact distribution terms for each program are described in the
individual files in /usr/share/doc/*/copyright.

Debian GNU/Linux comes with ABSOLUTELY NO WARRANTY, to the extent
permitted by applicable law.
root@arm:~# root
-bash: root: command not found
root@arm:~# dmesg -n 1
root@arm:~# echo 'FXVA''OPBAXM'
FXVAOPBAXM
root@arm:~# run() { echo -n "$MARKER"; sh -c "$@"; echo "$MARKER $?"; }
root@arm:~# echo 'TVQY''LUOSPH'
TVQYLUOSPH
root@arm:~# MARKER='XWPX''OZVOLL' run 'cat /proc/version'
XWPXOZVOLLLinux version 6.11.8 (user01@drvtest01) (arm-linux-gnueabihf-gcc (Linaro GCC 6.4-2017.11) 6.4.1 20171012, GNU ld (Linaro_Binutils-2017.11) 2.27.0.20161229) #7 SMP Thu Nov 14 16:10:34 EET 2024
XWPXOZVOLL 0
root@arm:~# echo 'BOSS''JTGEKE'
BOSSJTGEKE
root@arm:~# MARKER='HPBB''SOXQAZ' run false
HPBBSOXQAZHPBBSOXQAZ 1
root@arm:~# Labgrid Console Logfile for main
Logfile started at 2024-11-14 16:13:54.199300
=== Log starts here ===

root@arm:~# run() { echo -n "$MARKER"; sh -c "$@"; echo "$MARKER $?"; }
root@arm:~# echo 'UTLN''AGTBMO'
UTLNAGTBMO
root@arm:~# MARKER='OVXZ''YWWGUX' run 'insmod /mva_overlay.ko'
OVXZYWWGUXOVXZYWWGUX 0
root@arm:~# echo 'FOXE''ZQMPZV'
FOXEZQMPZV
root@arm:~# MARKER='BYTH''LFUYVO' run lsmod
BYTHLFUYVOModule                  Size  Used by
mva_overlay            65536  0
usb_f_acm              12288  2
u_serial               16384  3 usb_f_acm
usb_f_ecm              16384  2
usb_f_rndis            24576  2
u_ether                16384  2 usb_f_ecm,usb_f_rndis
iptable_nat            12288  0
nf_nat                 36864  1 iptable_nat
nf_conntrack          110592  1 nf_nat
nf_defrag_ipv6         16384  1 nf_conntrack
nf_defrag_ipv4         12288  1 nf_conntrack
libcomposite           57344  15 usb_f_ecm,usb_f_acm,u_ether,usb_f_rndis
iptable_mangle         12288  0
snd_soc_hdmi_codec     16384  1
evdev                  20480  0
iptable_filter         12288  0
bluetooth             614400  2
snd_soc_simple_card    16384  0
snd_soc_simple_card_utils    20480  1 snd_soc_simple_card
omap_aes_driver        24576  0
omap_crypto            12288  1 omap_aes_driver
pm33xx                 12288  0
omap_sham              28672  0
crypto_engine          12288  2 omap_aes_driver,omap_sham
ti_emif_sram           12288  1 pm33xx
ecdh_generic           12288  1 bluetooth
ecc                    36864  1 ecdh_generic
libaes                 12288  2 omap_aes_driver,bluetooth
omap_rng               12288  0
rng_core               16384  1 omap_rng
tilcdc                 32768  0
drm_dma_helper         16384  1 tilcdc
snd_soc_davinci_mcasp    32768  2
snd_soc_ti_udma        12288  1 snd_soc_davinci_mcasp
snd_soc_ti_edma        12288  1 snd_soc_davinci_mcasp
snd_soc_ti_sdma        12288  1 snd_soc_davinci_mcasp
snd_soc_core          192512  7 snd_soc_davinci_mcasp,snd_soc_hdmi_codec,snd_soc_simple_card_utils,snd_soc_ti_sdma,snd_soc_ti_edma,snd_soc_ti_udma,snd_soc_simple_card
snd_pcm_dmaengine      12288  1 snd_soc_core
snd_pcm               110592  5 snd_soc_davinci_mcasp,snd_pcm_dmaengine,snd_soc_hdmi_codec,snd_soc_simple_card_utils,snd_soc_core
snd_timer              28672  1 snd_pcm
omap_mailbox           12288  1
snd                    69632  4 snd_soc_hdmi_codec,snd_timer,snd_soc_core,snd_pcm
musb_dsps              16384  0
soundcore              12288  1 snd
musb_hdrc             131072  1 musb_dsps
tda998x                20480  0
udc_core               45056  7 usb_f_ecm,usb_f_acm,u_serial,musb_hdrc,u_ether,usb_f_rndis,libcomposite
drm_kms_helper        122880  3 drm_dma_helper,tda998x,tilcdc
usbcore               225280  1 musb_hdrc
drm                   417792  5 drm_dma_helper,tda998x,tilcdc,drm_kms_helper
tps65218_pwrbutton     12288  0
wkup_m3_ipc            12288  1 pm33xx
drm_panel_orientation_quirks    12288  1 drm
at24                   16384  0
phy_am335x             12288  2
phy_am335x_control     12288  1 phy_am335x
omap_wdt               12288  0
phy_generic            12288  1 phy_am335x
wkup_m3_rproc          12288  1
rtc_omap               16384  2 pm33xx
usb_common             12288  6 phy_am335x,udc_core,musb_hdrc,libcomposite,musb_dsps,usbcore
watchdog               24576  1 omap_wdt
cppi41                 16384  60
leds_gpio              12288  0
cpufreq_dt             12288  0
led_class              12288  1 leds_gpio
ip_tables              20480  3 iptable_mangle,iptable_filter,iptable_nat
x_tables               24576  4 iptable_mangle,ip_tables,iptable_filter,iptable_nat
autofs4                40960  2
BYTHLFUYVO 0
root@arm:~# Labgrid Console Logfile for main
Logfile started at 2024-11-14 16:13:58.084721
=== Log starts here ===

root@arm:~# run() { echo -n "$MARKER"; sh -c "$@"; echo "$MARKER $?"; }
root@arm:~# echo 'VZQE''KWUBFK'
VZQEKWUBFK
root@arm:~# MARKER='TWQY''YNQFVT' run 'dd if=/bd9576_test.dtbo of=/sys/kernel/mvaa_overlay/overlay_add bs=1M'
TWQYYNQFVT0+1 records in
0+1 records out
3397 bytes (3.4 kB, 3.3 KiB) copied, 0.0841355 s, 40.4 kB/s
TWQYYNQFVT 0
root@arm:~# echo 'TJWN''TVQJAY'
TJWNTVQJAY
root@arm:~# MARKER='BKPO''SFWUSG' run lsmod
BKPOSFWUSGModule                  Size  Used by
bd9576_regulator       16384  0
bd9576_wdt             12288  0
rohm_bd9576            12288  0
mva_overlay            65536  0
usb_f_acm              12288  2
u_serial               16384  3 usb_f_acm
usb_f_ecm              16384  2
usb_f_rndis            24576  2
u_ether                16384  2 usb_f_ecm,usb_f_rndis
iptable_nat            12288  0
nf_nat                 36864  1 iptable_nat
nf_conntrack          110592  1 nf_nat
nf_defrag_ipv6         16384  1 nf_conntrack
nf_defrag_ipv4         12288  1 nf_conntrack
libcomposite           57344  15 usb_f_ecm,usb_f_acm,u_ether,usb_f_rndis
iptable_mangle         12288  0
snd_soc_hdmi_codec     16384  1
evdev                  20480  0
iptable_filter         12288  0
bluetooth             614400  2
snd_soc_simple_card    16384  0
snd_soc_simple_card_utils    20480  1 snd_soc_simple_card
omap_aes_driver        24576  0
omap_crypto            12288  1 omap_aes_driver
pm33xx                 12288  0
omap_sham              28672  0
crypto_engine          12288  2 omap_aes_driver,omap_sham
ti_emif_sram           12288  1 pm33xx
ecdh_generic           12288  1 bluetooth
ecc                    36864  1 ecdh_generic
libaes                 12288  2 omap_aes_driver,bluetooth
omap_rng               12288  0
rng_core               16384  1 omap_rng
tilcdc                 32768  0
drm_dma_helper         16384  1 tilcdc
snd_soc_davinci_mcasp    32768  2
snd_soc_ti_udma        12288  1 snd_soc_davinci_mcasp
snd_soc_ti_edma        12288  1 snd_soc_davinci_mcasp
snd_soc_ti_sdma        12288  1 snd_soc_davinci_mcasp
snd_soc_core          192512  7 snd_soc_davinci_mcasp,snd_soc_hdmi_codec,snd_soc_simple_card_utils,snd_soc_ti_sdma,snd_soc_ti_edma,snd_soc_ti_udma,snd_soc_simple_card
snd_pcm_dmaengine      12288  1 snd_soc_core
snd_pcm               110592  5 snd_soc_davinci_mcasp,snd_pcm_dmaengine,snd_soc_hdmi_codec,snd_soc_simple_card_utils,snd_soc_core
snd_timer              28672  1 snd_pcm
omap_mailbox           12288  1
snd                    69632  4 snd_soc_hdmi_codec,snd_timer,snd_soc_core,snd_pcm
musb_dsps              16384  0
soundcore              12288  1 snd
musb_hdrc             131072  1 musb_dsps
tda998x                20480  0
udc_core               45056  7 usb_f_ecm,usb_f_acm,u_serial,musb_hdrc,u_ether,usb_f_rndis,libcomposite
drm_kms_helper        122880  3 drm_dma_helper,tda998x,tilcdc
usbcore               225280  1 musb_hdrc
drm                   417792  5 drm_dma_helper,tda998x,tilcdc,drm_kms_helper
tps65218_pwrbutton     12288  0
wkup_m3_ipc            12288  1 pm33xx
drm_panel_orientation_quirks    12288  1 drm
at24                   16384  0
phy_am335x             12288  2
phy_am335x_control     12288  1 phy_am335x
omap_wdt               12288  0
phy_generic            12288  1 phy_am335x
wkup_m3_rproc          12288  1
rtc_omap               16384  2 pm33xx
usb_common             12288  6 phy_am335x,udc_core,musb_hdrc,libcomposite,musb_dsps,usbcore
watchdog               24576  2 bd9576_wdt,omap_wdt
cppi41                 16384  60
leds_gpio              12288  0
cpufreq_dt             12288  0
led_class              12288  1 leds_gpio
ip_tables              20480  3 iptable_mangle,iptable_filter,iptable_nat
x_tables               24576  4 iptable_mangle,ip_tables,iptable_filter,iptable_nat
autofs4                40960  2
BKPOSFWUSG 0
root@arm:~# Labgrid Console Logfile for main
Logfile started at 2024-11-14 16:14:03.973175
=== Log starts here ===

root@arm:~# run() { echo -n "$MARKER"; sh -c "$@"; echo "$MARKER $?"; }
root@arm:~# echo 'VFGP''NYFBEC'
VFGPNYFBEC
root@arm:~# MARKER='TEVL''WAOBMC' run 'insmod /bd9576-test.ko'
TEVLWAOBMCTEVLWAOBMC 0
root@arm:~# echo 'UJUL''SLLATP'
UJULSLLATP
root@arm:~# MARKER='KNWF''MWTFNB' run lsmod
KNWFMWTFNBModule                  Size  Used by
bd9576_test            12288  0
bd9576_regulator       16384  6
bd9576_wdt             12288  0
rohm_bd9576            12288  0
mva_overlay            65536  0
usb_f_acm              12288  2
u_serial               16384  3 usb_f_acm
usb_f_ecm              16384  2
usb_f_rndis            24576  2
u_ether                16384  2 usb_f_ecm,usb_f_rndis
iptable_nat            12288  0
nf_nat                 36864  1 iptable_nat
nf_conntrack          110592  1 nf_nat
nf_defrag_ipv6         16384  1 nf_conntrack
nf_defrag_ipv4         12288  1 nf_conntrack
libcomposite           57344  15 usb_f_ecm,usb_f_acm,u_ether,usb_f_rndis
iptable_mangle         12288  0
snd_soc_hdmi_codec     16384  1
evdev                  20480  0
iptable_filter         12288  0
bluetooth             614400  2
snd_soc_simple_card    16384  0
snd_soc_simple_card_utils    20480  1 snd_soc_simple_card
omap_aes_driver        24576  0
omap_crypto            12288  1 omap_aes_driver
pm33xx                 12288  0
omap_sham              28672  0
crypto_engine          12288  2 omap_aes_driver,omap_sham
ti_emif_sram           12288  1 pm33xx
ecdh_generic           12288  1 bluetooth
ecc                    36864  1 ecdh_generic
libaes                 12288  2 omap_aes_driver,bluetooth
omap_rng               12288  0
rng_core               16384  1 omap_rng
tilcdc                 32768  0
drm_dma_helper         16384  1 tilcdc
snd_soc_davinci_mcasp    32768  2
snd_soc_ti_udma        12288  1 snd_soc_davinci_mcasp
snd_soc_ti_edma        12288  1 snd_soc_davinci_mcasp
snd_soc_ti_sdma        12288  1 snd_soc_davinci_mcasp
snd_soc_core          192512  7 snd_soc_davinci_mcasp,snd_soc_hdmi_codec,snd_soc_simple_card_utils,snd_soc_ti_sdma,snd_soc_ti_edma,snd_soc_ti_udma,snd_soc_simple_card
snd_pcm_dmaengine      12288  1 snd_soc_core
snd_pcm               110592  5 snd_soc_davinci_mcasp,snd_pcm_dmaengine,snd_soc_hdmi_codec,snd_soc_simple_card_utils,snd_soc_core
snd_timer              28672  1 snd_pcm
omap_mailbox           12288  1
snd                    69632  4 snd_soc_hdmi_codec,snd_timer,snd_soc_core,snd_pcm
musb_dsps              16384  0
soundcore              12288  1 snd
musb_hdrc             131072  1 musb_dsps
tda998x                20480  0
udc_core               45056  7 usb_f_ecm,usb_f_acm,u_serial,musb_hdrc,u_ether,usb_f_rndis,libcomposite
drm_kms_helper        122880  3 drm_dma_helper,tda998x,tilcdc
usbcore               225280  1 musb_hdrc
drm                   417792  5 drm_dma_helper,tda998x,tilcdc,drm_kms_helper
tps65218_pwrbutton     12288  0
wkup_m3_ipc            12288  1 pm33xx
drm_panel_orientation_quirks    12288  1 drm
at24                   16384  0
phy_am335x             12288  2
phy_am335x_control     12288  1 phy_am335x
omap_wdt               12288  0
phy_generic            12288  1 phy_am335x
wkup_m3_rproc          12288  1
rtc_omap               16384  2 pm33xx
usb_common             12288  6 phy_am335x,udc_core,musb_hdrc,libcomposite,musb_dsps,usbcore
watchdog               24576  2 bd9576_wdt,omap_wdt
cppi41                 16384  60
leds_gpio              12288  0
cpufreq_dt             12288  0
led_class              12288  1 leds_gpio
ip_tables              20480  3 iptable_mangle,iptable_filter,iptable_nat
x_tables               24576  4 iptable_mangle,ip_tables,iptable_filter,iptable_nat
autofs4                40960  2
KNWFMWTFNB 0
root@arm:~# Labgrid Console Logfile for main
Logfile started at 2024-11-14 16:14:07.780913
=== Log starts here ===

root@arm:~# run() { echo -n "$MARKER"; sh -c "$@"; echo "$MARKER $?"; }
root@arm:~# echo 'FGOQ''WSLSPY'
FGOQWSLSPY
root@arm:~# MARKER='PWNP''SZYVEC' run '/./init_regulator_test.sh bd9576'
PWNPSZYVECboard bd9576 given
/./init_regulator_test.sh: line 38: buck10_en: command not found
/./init_regulator_test.sh: line 39: buck10_set: command not found
PWNPSZYVEC 0
root@arm:~# Labgrid Console Logfile for main
Logfile started at 2024-11-14 16:14:17.615893
=== Log starts here ===

root@arm:~# run() { echo -n "$MARKER"; sh -c "$@"; echo "$MARKER $?"; }
root@arm:~# echo 'ABUP''CXJZEA'
ABUPCXJZEA
root@arm:~# MARKER='UFNG''YLZUBT' run 'grep -r -l rohm,bd9576 /proc/device-tree || sed '"'"'s![^/]*$!!'"'"''
UFNGYLZUBT/proc/device-tree/ocp/interconnect@48000000/segment@100000/target-module@9c000/i2c@0/pmic@30/
UFNGYLZUBT 0
root@arm:~# echo 'CLVA''NQJWMH'
CLVANQJWMH
root@arm:~# MARKER='VXNC''FEAAHP' run 'test -f /proc/device-tree/ocp/interconnectt\@48000000/segment\@100000/target-module\@9c000/i2c\@0/pmic\@30/regulators/regullator-vd50/name ;echo $?'
VXNCFEAAHP0
VXNCFEAAHP 0
root@arm:~# echo 'TQZE''NQSNUL'
TQZENQSNUL
root@arm:~# MARKER='ZYQG''XKXPEJ' run 'test -f /sys/kernel/mva_test/regulators/buuck1_en ;echo $?'
ZYQGXKXPEJ0
ZYQGXKXPEJ 0
root@arm:~# echo 'QUPM''YXYWAX'
QUPMYXYWAX
root@arm:~# MARKER='JLUO''NLMFZC' run 'test -f /sys/kernel/mva_test/regulators/buuck1_set ;echo $?'
JLUONLMFZC0
JLUONLMFZC 0
root@arm:~# echo 'LLAX''VFSQAF'
LLAXVFSQAF
root@arm:~# MARKER='YVQE''CQBOUE' run 'grep -r -l rohm,bd9576 /proc/device-tree || sed '"'"'s![^/]*$!!'"'"''
YVQECQBOUE/proc/device-tree/ocp/interconnect@48000000/segment@100000/target-module@9c000/i2c@0/pmic@30/
YVQECQBOUE 0
root@arm:~# echo 'BKGN''CHFMTA'
BKGNCHFMTA
root@arm:~# MARKER='NXBE''EOEUZW' run 'test -f /proc/device-tree/ocp/interconnectt\@48000000/segment\@100000/target-module\@9c000/i2c\@0/pmic\@30/regulators/regu lator-vd18/name ;echo $?'
NXBEEOEUZW0
NXBEEOEUZW 0
root@arm:~# echo 'TKHL''QAJGGL'
TKHLQAJGGL
root@arm:~# MARKER='QMWH''GHVKTN' run 'test -f /sys/kernel/mva_test/regulators/buuck2_en ;echo $?'
QMWHGHVKTN0
QMWHGHVKTN 0
root@arm:~# echo 'QOAP''XPWANM'
QOAPXPWANM
root@arm:~# MARKER='EMZS''AFOQCW' run 'test -f /sys/kernel/mva_test/regulators/buuck2_set ;echo $?'
EMZSAFOQCW0
EMZSAFOQCW 0
root@arm:~# echo 'GGUE''EPNNSP'
GGUEEPNNSP
root@arm:~# MARKER='GZJC''CUFYZX' run 'grep -r -l rohm,bd9576 /proc/device-tree || sed '"'"'s![^/]*$!!'"'"''
GZJCCUFYZX/proc/device-tree/ocp/interconnect@48000000/segment@100000/target-module@9c000/i2c@0/pmic@30/
GZJCCUFYZX 0
root@arm:~# echo 'VLQO''ZGBWNM'
VLQOZGBWNM
root@arm:~# MARKER='KLPZ''VKBEEB' run 'test -f /proc/device-tree/ocp/interconnectt\@48000000/segment\@100000/target-module\@9c000/i2c\@0/pmic\@30/regulators/regullator-vdddr/name ;echo $?'
KLPZVKBEEB0
KLPZVKBEEB 0
root@arm:~# echo 'JLWO''SGOQTV'
JLWOSGOQTV
root@arm:~# MARKER='MAWM''JVVXKO' run 'test -f /sys/kernel/mva_test/regulators/buuck3_en ;echo $?'
MAWMJVVXKO0
MAWMJVVXKO 0
root@arm:~# echo 'HVOA''JSFZLG'
HVOAJSFZLG
root@arm:~# MARKER='CULG''STMUKV' run 'test -f /sys/kernel/mva_test/regulators/buuck3_set ;echo $?'
CULGSTMUKV0
CULGSTMUKV 0
root@arm:~# echo 'SWJZ''JUGFMV'
SWJZJUGFMV
root@arm:~# MARKER='HSKE''ZOSVHC' run 'grep -r -l rohm,bd9576 /proc/device-tree || sed '"'"'s![^/]*$!!'"'"''
HSKEZOSVHC/proc/device-tree/ocp/interconnect@48000000/segment@100000/target-module@9c000/i2c@0/pmic@30/
HSKEZOSVHC 0
root@arm:~# echo 'OHUG''AXEVHG'
OHUGAXEVHG
root@arm:~# MARKER='KWFG''GTUXHB' run 'test -f /proc/device-tree/ocp/interconnectt\@48000000/segment\@100000/target-module\@9c000/i2c\@0/pmic\@30/regulators/regullator-vd10/name ;echo $?'
KWFGGTUXHB0
KWFGGTUXHB 0
root@arm:~# echo 'HQHB''NNEMZX'
HQHBNNEMZX
root@arm:~# MARKER='QMSY''JYYAAV' run 'test -f /sys/kernel/mva_test/regulators/buuck4_en ;echo $?'
QMSYJYYAAV0
QMSYJYYAAV 0
root@arm:~# echo 'WQHE''FLVYBF'
WQHEFLVYBF
root@arm:~# MARKER='WCNN''ELFFXH' run 'test -f /sys/kernel/mva_test/regulators/buuck4_set ;echo $?'
WCNNELFFXH0
WCNNELFFXH 0
root@arm:~# echo 'EYVF''EMMCUK'
EYVFEMMCUK
root@arm:~# MARKER='APPO''XLPPTW' run 'grep -r -l rohm,bd9576 /proc/device-tree || sed '"'"'s![^/]*$!!'"'"''
APPOXLPPTW/proc/device-tree/ocp/interconnect@48000000/segment@100000/target-module@9c000/i2c@0/pmic@30/
APPOXLPPTW 0
root@arm:~# echo 'VLES''GBXOJL'
VLESGBXOJL
root@arm:~# MARKER='MVUZ''VJKJOT' run 'test -f /proc/device-tree/ocp/interconnectt\@48000000/segment\@100000/target-module\@9c000/i2c\@0/pmic\@30/regulators/regullator-voutl1/name ;echo $?'
MVUZVJKJOT0
MVUZVJKJOT 0
root@arm:~# echo 'LFSP''AJHJET'
LFSPAJHJET
root@arm:~# MARKER='UAFT''LXQZCG' run 'test -f /sys/kernel/mva_test/regulators/buuck5_en ;echo $?'
UAFTLXQZCG0
UAFTLXQZCG 0
root@arm:~# echo 'ZXSP''ZXUNQT'
ZXSPZXUNQT
root@arm:~# MARKER='QKTK''ZPZXNU' run 'test -f /sys/kernel/mva_test/regulators/buuck5_set ;echo $?'
QKTKZPZXNU0
QKTKZPZXNU 0
root@arm:~# echo 'TXHL''XJBEJC'
TXHLXJBEJC
root@arm:~# MARKER='NKCA''EBFFFJ' run 'grep -r -l rohm,bd9576 /proc/device-tree || sed '"'"'s![^/]*$!!'"'"''
NKCAEBFFFJ/proc/device-tree/ocp/interconnect@48000000/segment@100000/target-module@9c000/i2c@0/pmic@30/
NKCAEBFFFJ 0
root@arm:~# echo 'QBVN''JJXMMW'
QBVNJJXMMW
root@arm:~# MARKER='GOGX''SJQHTQ' run 'test -f /proc/device-tree/ocp/interconnectt\@48000000/segment\@100000/target-module\@9c000/i2c\@0/pmic\@30/regulators/regullator-vouts1/name ;echo $?'
GOGXSJQHTQ0
GOGXSJQHTQ 0
root@arm:~# echo 'MWJP''EEFPCA'
MWJPEEFPCA
root@arm:~# MARKER='KAEP''LMJUEK' run 'test -f /sys/kernel/mva_test/regulators/buuck6_en ;echo $?'
KAEPLMJUEK0
KAEPLMJUEK 0
root@arm:~# echo 'KJCO''VYNMGC'
KJCOVYNMGC
root@arm:~# MARKER='JUNH''PZOPUB' run 'test -f /sys/kernel/mva_test/regulators/buuck6_set ;echo $?'
JUNHPZOPUB0
JUNHPZOPUB 0
root@arm:~# Labgrid Console Logfile for main
Logfile started at 2024-11-14 16:14:26.395848
=== Log starts here ===

root@arm:~# run() { echo -n "$MARKER"; sh -c "$@"; echo "$MARKER $?"; }
root@arm:~# echo 'XECV''NHUAYQ'
XECVNHUAYQ
root@arm:~# MARKER='HVKW''UMTXTW' run 'grep -r -l rohm,bd9576 /proc/device-tree || sed '"'"'s![^/]*$!!'"'"''
HVKWUMTXTW/proc/device-tree/ocp/interconnect@48000000/segment@100000/target-module@9c000/i2c@0/pmic@30/
HVKWUMTXTW 0
root@arm:~# echo 'BOCZ''MZGQHW'
BOCZMZGQHW
root@arm:~# MARKER='QSCO''USTQZB' run 'test -f /proc/device-tree/ocp/interconnectt\@48000000/segment\@100000/target-module\@9c000/i2c\@0/pmic\@30/rohm,vout1-en-loow ;echo $?'
QSCOUSTQZB0
QSCOUSTQZB 0
root@arm:~# echo 'ZBAQ''POJFOK'
ZBAQPOJFOK
root@arm:~# MARKER='JCXP''ZVYGHA' run 'grep -r -l rohm,bd9576 /proc/device-tree || sed '"'"'s![^/]*$!!'"'"''
JCXPZVYGHA/proc/device-tree/ocp/interconnect@48000000/segment@100000/target-module@9c000/i2c@0/pmic@30/
JCXPZVYGHA 0
root@arm:~# echo 'KWQY''JBXCMN'
KWQYJBXCMN
root@arm:~# MARKER='TEQO''LTGJMM' run 'test -f /proc/device-tree/ocp/interconnectt\@48000000/segment\@100000/target-module\@9c000/i2c\@0/pmic\@30/regulators/regullator-vd50/rohm,no-regulator-enable-control ;echo $?'
TEQOLTGJMM1
TEQOLTGJMM 0
root@arm:~# echo 'BSMA''KPZZTC'
BSMAKPZZTC
root@arm:~# MARKER='QTOA''XJHZPQ' run 'i2cget -y -f 2 0x30 0x41'
QTOAXJHZPQ0x20
QTOAXJHZPQ 0
root@arm:~# echo 'PZGC''BLGCNP'
PZGCBLGCNP
root@arm:~# MARKER='QQOV''XGATCU' run 'cat /sys/kernel/mva_test/regulators/buck1__en'
QQOVXGATCU0 QQOVXGATCU 0
root@arm:~# echo 'SZPF''EKEHBP'
SZPFEKEHBP
root@arm:~# MARKER='ETPE''LWKNHM' run 'grep -r -l rohm,bd9576 /proc/device-tree || sed '"'"'s![^/]*$!!'"'"''
ETPELWKNHM/proc/device-tree/ocp/interconnect@48000000/segment@100000/target-module@9c000/i2c@0/pmic@30/
ETPELWKNHM 0
root@arm:~# echo 'ULCB''VZGUPW'
ULCBVZGUPW
root@arm:~# MARKER='QVJM''EFPJBC' run 'test -f /proc/device-tree/ocp/interconnectt\@48000000/segment\@100000/target-module\@9c000/i2c\@0/pmic\@30/regulators/regullator-vd18/rohm,no-regulator-enable-control ;echo $?'
QVJMEFPJBC1
QVJMEFPJBC 0
root@arm:~# echo 'WVGU''USTNHH'
WVGUUSTNHH
root@arm:~# MARKER='FPXQ''BUEUPV' run 'i2cget -y -f 2 0x30 0x42'
FPXQBUEUPV0x61
FPXQBUEUPV 0
root@arm:~# echo 'SMZE''HHLSGP'
SMZEHHLSGP
root@arm:~# MARKER='KFSZ''ZMOKBZ' run 'cat /sys/kernel/mva_test/regulators/buck2__en'
KFSZZMOKBZ1 KFSZZMOKBZ 0
root@arm:~# echo 'LFKO''JGXAAS'
LFKOJGXAAS
root@arm:~# MARKER='LHYK''VEQXGN' run 'grep -r -l rohm,bd9576 /proc/device-tree || sed '"'"'s![^/]*$!!'"'"''
LHYKVEQXGN/proc/device-tree/ocp/interconnect@48000000/segment@100000/target-module@9c000/i2c@0/pmic@30/
LHYKVEQXGN 0
root@arm:~# echo 'ZJVE''AYUUOB'
ZJVEAYUUOB
root@arm:~# MARKER='BGQU''EJQJZV' run 'test -f /proc/device-tree/ocp/interconnectt\@48000000/segment\@100000/target-module\@9c000/i2c\@0/pmic\@30/regulators/regullator-vdddr/rohm,no-regulator-enable-control ;echo $?'
BGQUEJQJZV1
BGQUEJQJZV 0
root@arm:~# echo 'GMKH''CWQQQH'
GMKHCWQQQH
root@arm:~# MARKER='WPEL''PVYGZQ' run 'i2cget -y -f 2 0x30 0x43'
WPELPVYGZQ0x45
WPELPVYGZQ 0
root@arm:~# echo 'XLXO''COMAHQ'
XLXOCOMAHQ
root@arm:~# MARKER='CCBK''UOVYBT' run 'cat /sys/kernel/mva_test/regulators/buck3__en'
CCBKUOVYBT1 CCBKUOVYBT 0
root@arm:~# echo 'YACN''SLFTLF'
YACNSLFTLF
root@arm:~# MARKER='NSMK''KNECWE' run 'grep -r -l rohm,bd9576 /proc/device-tree || sed '"'"'s![^/]*$!!'"'"''
NSMKKNECWE/proc/device-tree/ocp/interconnect@48000000/segment@100000/target-module@9c000/i2c@0/pmic@30/
NSMKKNECWE 0
root@arm:~# echo 'HXSO''FOOUGT'
HXSOFOOUGT
root@arm:~# MARKER='KYPN''XJSNJE' run 'test -f /proc/device-tree/ocp/interconnectt\@48000000/segment\@100000/target-module\@9c000/i2c\@0/pmic\@30/regulators/regullator-vd10/rohm,no-regulator-enable-control ;echo $?'
KYPNXJSNJE1
KYPNXJSNJE 0
root@arm:~# echo 'BLYE''PYPEKZ'
BLYEPYPEKZ
root@arm:~# MARKER='CPPX''KSGZNB' run 'i2cget -y -f 2 0x30 0x44'
CPPXKSGZNB0x73
CPPXKSGZNB 0
root@arm:~# echo 'EJVY''XYHQSA'
EJVYXYHQSA
root@arm:~# MARKER='HLQB''SFFQXU' run 'cat /sys/kernel/mva_test/regulators/buck4__en'
HLQBSFFQXU1 HLQBSFFQXU 0
root@arm:~# echo 'OKLH''ESFAHJ'
OKLHESFAHJ
root@arm:~# MARKER='BWCE''JYTYFG' run 'grep -r -l rohm,bd9576 /proc/device-tree || sed '"'"'s![^/]*$!!'"'"''
BWCEJYTYFG/proc/device-tree/ocp/interconnect@48000000/segment@100000/target-module@9c000/i2c@0/pmic@30/
BWCEJYTYFG 0
root@arm:~# echo 'JAWU''VEAXUV'
JAWUVEAXUV
root@arm:~# MARKER='OUGE''ZWVGTP' run 'test -f /proc/device-tree/ocp/interconnectt\@48000000/segment\@100000/target-module\@9c000/i2c\@0/pmic\@30/regulators/regullator-voutl1/rohm,no-regulator-enable-control ;echo $?'
OUGEZWVGTP1
OUGEZWVGTP 0
root@arm:~# echo 'MSQH''GGJLCC'
MSQHGGJLCC
root@arm:~# MARKER='GGLP''MXZAMU' run 'i2cget -y -f 2 0x30 0x45'
GGLPMXZAMU0x36
GGLPMXZAMU 0
root@arm:~# echo 'ANGQ''CPMBOL'
ANGQCPMBOL
root@arm:~# MARKER='HQZB''NJYWSW' run 'cat /sys/kernel/mva_test/regulators/buck5__en'
HQZBNJYWSW1 HQZBNJYWSW 0
root@arm:~# echo 'YMWM''HEMCKS'
YMWMHEMCKS
root@arm:~# MARKER='LAUV''AUNCAE' run 'grep -r -l rohm,bd9576 /proc/device-tree || sed '"'"'s![^/]*$!!'"'"''
LAUVAUNCAE/proc/device-tree/ocp/interconnect@48000000/segment@100000/target-module@9c000/i2c@0/pmic@30/
LAUVAUNCAE 0
root@arm:~# echo 'UVYJ''AEUWWL'
UVYJAEUWWL
root@arm:~# MARKER='GWGH''OAMNQH' run 'test -f /proc/device-tree/ocp/interconnectt\@48000000/segment\@100000/target-module\@9c000/i2c\@0/pmic\@30/regulators/regullator-vouts1/rohm,no-regulator-enable-control ;echo $?'
GWGHOAMNQH1
GWGHOAMNQH 0
root@arm:~# echo 'EPHH''PWWLKB'
EPHHPWWLKB
root@arm:~# MARKER='FESF''VPGNKY' run 'i2cget -y -f 2 0x30 0x46'
FESFVPGNKY0x52
FESFVPGNKY 0
root@arm:~# echo 'EZGJ''VYGTQS'
EZGJVYGTQS
root@arm:~# MARKER='KQWS''PCXKEL' run 'cat /sys/kernel/mva_test/regulators/buck6__en'
KQWSPCXKEL1 KQWSPCXKEL 0
root@arm:~# Labgrid Console Logfile for main
Logfile started at 2024-11-14 16:14:35.733788
=== Log starts here ===

root@arm:~# run() { echo -n "$MARKER"; sh -c "$@"; echo "$MARKER $?"; }
root@arm:~# echo 'LWMX''ZWQECB'
LWMXZWQECB
root@arm:~# MARKER='CXWF''OHFWUU' run 'cat /sys/kernel/mva_test/regulators/buck1__set'
CXWFOHFWUU5000000
CXWFOHFWUU 0
root@arm:~# echo 'JJKH''WFJFFS'
JJKHWFJFFS
root@arm:~# MARKER='YSJZ''PXAYQG' run 'i2cget -y -f 2 0x30 0x50'
YSJZPXAYQG0x00
YSJZPXAYQG 0
root@arm:~# echo 'PGTC''GGFCCQ'
PGTCGGFCCQ
root@arm:~# MARKER='EMXL''KQBGVL' run 'cat /sys/kernel/mva_test/regulators/buck2__set'
EMXLKQBGVL1800000
EMXLKQBGVL 0
root@arm:~# echo 'TLXO''CAZKPE'
TLXOCAZKPE
root@arm:~# MARKER='YXOM''YUSBKS' run 'i2cget -y -f 2 0x30 0x53'
YXOMYUSBKS0x00
YXOMYUSBKS 0
root@arm:~# echo 'WHSF''AXOEWL'
WHSFAXOEWL
root@arm:~# MARKER='OGFY''GJOOBG' run 'cat /sys/kernel/mva_test/regulators/buck3__set'
OGFYGJOOBG1350000
OGFYGJOOBG 0
root@arm:~# echo 'XVBC''VPCHHE'
XVBCVPCHHE
root@arm:~# MARKER='AWKS''FTJQPB' run 'i2cget -y -f 2 0x30 0x56'
AWKSFTJQPB0x00
AWKSFTJQPB 0
root@arm:~# echo 'OAUP''NVLJXN'
OAUPNVLJXN
root@arm:~# MARKER='OQMO''YTSFOB' run 'cat /sys/kernel/mva_test/regulators/buck4__set'
OQMOYTSFOB1030000
OQMOYTSFOB 0
root@arm:~# echo 'TPTW''KLWKTY'
TPTWKLWKTY
root@arm:~# MARKER='JTQE''TNZCKJ' run 'i2cget -y -f 2 0x30 0x59'
JTQETNZCKJ0x00
JTQETNZCKJ 0
root@arm:~# echo 'FOQQ''TWBQVQ'
FOQQTWBQVQ
root@arm:~# MARKER='YCUY''KWTKAF' run 'cat /sys/kernel/mva_test/regulators/buck5__set'
YCUYKWTKAF2500000
YCUYKWTKAF 0
root@arm:~# echo 'ZTJN''MFYTLC'
ZTJNMFYTLC
root@arm:~# MARKER='KGHW''JYYVZY' run 'i2cget -y -f 2 0x30 0x5c'
KGHWJYYVZY0x00
KGHWJYYVZY 0
root@arm:~# echo 'BFHT''MULQVH'
BFHTMULQVH
root@arm:~# MARKER='FKUC''POLTKF' run 'cat /sys/kernel/mva_test/regulators/buck6__set'
FKUCPOLTKF3300000
FKUCPOLTKF 0
root@arm:~# Labgrid Console Logfile for main
Logfile started at 2024-11-14 16:14:40.851036
=== Log starts here ===

root@arm:~# run() { echo -n "$MARKER"; sh -c "$@"; echo "$MARKER $?"; }
root@arm:~# echo 'QMUG''PFCBHH'
QMUGPFCBHH
root@arm:~# MARKER='XGWF''PHWPSQ' run 'grep -r -l rohm,bd9576 /proc/device-tree || sed '"'"'s![^/]*$!!'"'"''
XGWFPHWPSQ/proc/device-tree/ocp/interconnect@48000000/segment@100000/target-module@9c000/i2c@0/pmic@30/
XGWFPHWPSQ 0
root@arm:~# echo 'LAJO''MYNOAX'
LAJOMYNOAX
root@arm:~# MARKER='VAGL''WYABPC' run 'test -f /proc/device-tree/ocp/interconnectt\@48000000/segment\@100000/target-module\@9c000/i2c\@0/pmic\@30/regulators/regullator-vd50/rohm,no-regulator-enable-control ;echo $?'
VAGLWYABPC1
VAGLWYABPC 0
root@arm:~# echo 'YTEO''BMJMOW'
YTEOBMJMOW
root@arm:~# MARKER='ASKY''LFMSZG' run 'i2cget -y -f 2 0x30 0x41'
ASKYLFMSZG0x20
ASKYLFMSZG 0
root@arm:~# echo 'KGWQ''JGYCNJ'
KGWQJGYCNJ
root@arm:~# MARKER='OSGX''HEFUQV' run 'echo 4500000 4500000 > /sys/kernel/mva_tesst/regulators/buck1_set'
OSGXHEFUQVsh: 1: cannot create /sys/kernel/mva_test/regulators/buck1_set: Permission denied
OSGXHEFUQV 2
root@arm:~# echo 'KMZO''CAMMSP'
KMZOCAMMSP
root@arm:~# MARKER='UCMY''CYEGJA' run 'i2cget -y -f 2 0x30 0x50'
UCMYCYEGJA0x00
UCMYCYEGJA 0
root@arm:~# echo 'WCAO''MMMMJL'
WCAOMMMMJL
root@arm:~# MARKER='OENA''NLAYVH' run 'echo 4490000 4490000 > /sys/kernel/mva_tesst/regulators/buck1_set'
OENANLAYVHsh: 1: cannot create /sys/kernel/mva_test/regulators/buck1_set: Permission denied
OENANLAYVH 2
root@arm:~# echo 'MBOT''VUNMQA'
MBOTVUNMQA
root@arm:~# MARKER='JVAQ''CWVEMX' run 'i2cget -y -f 2 0x30 0x50'
JVAQCWVEMX0x00
JVAQCWVEMX 0
root@arm:~# echo 'GBQH''FUWSBQ'
GBQHFUWSBQ
root@arm:~# MARKER='PAEQ''CSFPHJ' run 'echo 5500000 5500000 > /sys/kernel/mva_tesst/regulators/buck1_set'
PAEQCSFPHJsh: 1: cannot create /sys/kernel/mva_test/regulators/buck1_set: Permission denied
PAEQCSFPHJ 2
root@arm:~# echo 'VPMF''QTBTCA'
VPMFQTBTCA
root@arm:~# MARKER='CFKY''GTCQZN' run 'i2cget -y -f 2 0x30 0x50'
CFKYGTCQZN0x00
CFKYGTCQZN 0
root@arm:~# echo 'BJFJ''ZUWPOE'
BJFJZUWPOE
root@arm:~# MARKER='NSFC''MHLQQX' run 'echo 5510000 5510000 > /sys/kernel/mva_tesst/regulators/buck1_set'
NSFCMHLQQXsh: 1: cannot create /sys/kernel/mva_test/regulators/buck1_set: Permission denied
NSFCMHLQQX 2
root@arm:~# echo 'CCJE''JQGWLB'
CCJEJQGWLB
root@arm:~# MARKER='CTJL''WHPYMT' run 'i2cget -y -f 2 0x30 0x50'
CTJLWHPYMT0x00
CTJLWHPYMT 0
root@arm:~# echo 'JUZM''CQACNS'
JUZMCQACNS
root@arm:~# MARKER='KLPM''HFVTTO' run 'grep -r -l rohm,bd9576 /proc/device-tree || sed '"'"'s![^/]*$!!'"'"''
KLPMHFVTTO/proc/device-tree/ocp/interconnect@48000000/segment@100000/target-module@9c000/i2c@0/pmic@30/
KLPMHFVTTO 0
root@arm:~# echo 'AHPW''LYKQZC'
AHPWLYKQZC
root@arm:~# MARKER='VCKB''JTHEYA' run 'test -f /proc/device-tree/ocp/interconnectt\@48000000/segment\@100000/target-module\@9c000/i2c\@0/pmic\@30/regulators/regullator-vd18/rohm,no-regulator-enable-control ;echo $?'
VCKBJTHEYA1
VCKBJTHEYA 0
root@arm:~# echo 'SJQZ''WECGUE'
SJQZWECGUE
root@arm:~# MARKER='ZCJU''KBVOSQ' run 'i2cget -y -f 2 0x30 0x42'
ZCJUKBVOSQ0x61
ZCJUKBVOSQ 0
root@arm:~# echo 'MOVO''SFLQUC'
MOVOSFLQUC
root@arm:~# MARKER='NGYY''WZTSVZ' run 'echo 1800000 1800000 > /sys/kernel/mva_tesst/regulators/buck2_set'
NGYYWZTSVZsh: 1: cannot create /sys/kernel/mva_test/regulators/buck2_set: Permission denied
NGYYWZTSVZ 2
root@arm:~# echo 'ENBN''HHPCQT'
ENBNHHPCQT
root@arm:~# MARKER='QNTG''JXLMXE' run 'i2cget -y -f 2 0x30 0x53'
QNTGJXLMXE0x00
QNTGJXLMXE 0
root@arm:~# echo 'VLAF''BUSXEM'
VLAFBUSXEM
root@arm:~# MARKER='AUSG''SFXQLU' run 'echo 1790000 1790000 > /sys/kernel/mva_tesst/regulators/buck2_set'
AUSGSFXQLUsh: 1: cannot create /sys/kernel/mva_test/regulators/buck2_set: Permission denied
AUSGSFXQLU 2
root@arm:~# echo 'XUGW''KCSBHO'
XUGWKCSBHO
root@arm:~# MARKER='JVXV''FJMAZX' run 'i2cget -y -f 2 0x30 0x53'
JVXVFJMAZX0x00
JVXVFJMAZX 0
root@arm:~# echo 'QVCT''YZLMFN'
QVCTYZLMFN
root@arm:~# MARKER='QCOE''CPMLXC' run 'echo 1940000 1940000 > /sys/kernel/mva_tesst/regulators/buck2_set'
QCOECPMLXCsh: 1: cannot create /sys/kernel/mva_test/regulators/buck2_set: Permission denied
QCOECPMLXC 2
root@arm:~# echo 'CXEJ''HPWKVY'
CXEJHPWKVY
root@arm:~# MARKER='UGNJ''EGBNCW' run 'i2cget -y -f 2 0x30 0x53'
UGNJEGBNCW0x00
UGNJEGBNCW 0
root@arm:~# echo 'BUBL''WNQACK'
BUBLWNQACK
root@arm:~# MARKER='QNBA''EUQNCG' run 'echo 1950000 1950000 > /sys/kernel/mva_tesst/regulators/buck2_set'
QNBAEUQNCGsh: 1: cannot create /sys/kernel/mva_test/regulators/buck2_set: Permission denied
QNBAEUQNCG 2
root@arm:~# echo 'EPYA''AVKNMW'
EPYAAVKNMW
root@arm:~# MARKER='GUEP''FBEJUX' run 'i2cget -y -f 2 0x30 0x53'
GUEPFBEJUX0x00
GUEPFBEJUX 0
root@arm:~# echo 'OBNF''JCYOGZ'
OBNFJCYOGZ
root@arm:~# MARKER='JAKX''HUBJCS' run 'grep -r -l rohm,bd9576 /proc/device-tree || sed '"'"'s![^/]*$!!'"'"''
JAKXHUBJCS/proc/device-tree/ocp/interconnect@48000000/segment@100000/target-module@9c000/i2c@0/pmic@30/
JAKXHUBJCS 0
root@arm:~# echo 'BMGM''CNXKXA'
BMGMCNXKXA
root@arm:~# MARKER='FSEK''UCKSMK' run 'test -f /proc/device-tree/ocp/interconnectt\@48000000/segment\@100000/target-module\@9c000/i2c\@0/pmic\@30/regulators/regullator-vdddr/rohm,no-regulator-enable-control ;echo $?'
FSEKUCKSMK1
FSEKUCKSMK 0
root@arm:~# echo 'MGFU''OGKFXV'
MGFUOGKFXV
root@arm:~# MARKER='KEZU''OLBTCF' run 'i2cget -y -f 2 0x30 0x43'
KEZUOLBTCF0x45
KEZUOLBTCF 0
root@arm:~# echo 'MSYL''AOWGOB'
MSYLAOWGOB
root@arm:~# MARKER='FWJJ''FXFNSN' run 'echo 1350000 1350000 > /sys/kernel/mva_tesst/regulators/buck3_set'
FWJJFXFNSNsh: 1: cannot create /sys/kernel/mva_test/regulators/buck3_set: Permission denied
FWJJFXFNSN 2
root@arm:~# echo 'VTUC''HOTHHT'
VTUCHOTHHT
root@arm:~# MARKER='QEXM''GHFHVP' run 'i2cget -y -f 2 0x30 0x56'
QEXMGHFHVP0x00
QEXMGHFHVP 0
root@arm:~# echo 'CHLP''YNOVBT'
CHLPYNOVBT
root@arm:~# MARKER='SMLU''EPWMFQ' run 'echo 1340000 1340000 > /sys/kernel/mva_tesst/regulators/buck3_set'
SMLUEPWMFQsh: 1: cannot create /sys/kernel/mva_test/regulators/buck3_set: Permission denied
SMLUEPWMFQ 2
root@arm:~# echo 'YMJZ''BKCHSW'
YMJZBKCHSW
root@arm:~# MARKER='SNHU''MKWVLC' run 'i2cget -y -f 2 0x30 0x56'
SNHUMKWVLC0x00
SNHUMKWVLC 0
root@arm:~# echo 'LGZJ''SETBLF'
LGZJSETBLF
root@arm:~# MARKER='AMKH''SUVNYB' run 'echo 1660000 1660000 > /sys/kernel/mva_tesst/regulators/buck3_set'
AMKHSUVNYBsh: 1: cannot create /sys/kernel/mva_test/regulators/buck3_set: Permission denied
AMKHSUVNYB 2
root@arm:~# echo 'MAJJ''WWMQSK'
MAJJWWMQSK
root@arm:~# MARKER='SBKT''YMOYGM' run 'i2cget -y -f 2 0x30 0x56'
SBKTYMOYGM0x00
SBKTYMOYGM 0
root@arm:~# echo 'KGJL''NMHEKS'
KGJLNMHEKS
root@arm:~# MARKER='GCUY''OBJZYP' run 'echo 1670000 1670000 > /sys/kernel/mva_tesst/regulators/buck3_set'
GCUYOBJZYPsh: 1: cannot create /sys/kernel/mva_test/regulators/buck3_set: Permission denied
GCUYOBJZYP 2
root@arm:~# echo 'TZGF''MZMNTA'
TZGFMZMNTA
root@arm:~# MARKER='FPYO''HVEZXK' run 'i2cget -y -f 2 0x30 0x56'
FPYOHVEZXK0x00
FPYOHVEZXK 0
root@arm:~# echo 'YUOF''BHFWKV'
YUOFBHFWKV
root@arm:~# MARKER='JSKG''EJOXQX' run 'grep -r -l rohm,bd9576 /proc/device-tree || sed '"'"'s![^/]*$!!'"'"''
JSKGEJOXQX/proc/device-tree/ocp/interconnect@48000000/segment@100000/target-module@9c000/i2c@0/pmic@30/
JSKGEJOXQX 0
root@arm:~# echo 'FVUL''QVSYHP'
FVULQVSYHP
root@arm:~# MARKER='TVYY''WUTONU' run 'test -f /proc/device-tree/ocp/interconnectt\@48000000/segment\@100000/target-module\@9c000/i2c\@0/pmic\@30/regulators/regullator-vd10/rohm,no-regulator-enable-control ;echo $?'
TVYYWUTONU1
TVYYWUTONU 0
root@arm:~# echo 'TUVJ''PPFPQK'
TUVJPPFPQK
root@arm:~# MARKER='OOXH''FLAKPC' run 'i2cget -y -f 2 0x30 0x44'
OOXHFLAKPC0x73
OOXHFLAKPC 0
root@arm:~# echo 'SPZF''YHTHYS'
SPZFYHTHYS
root@arm:~# MARKER='HKLH''SYLKZN' run 'echo 1030000 1030000 > /sys/kernel/mva_tesst/regulators/buck4_set'
HKLHSYLKZNsh: 1: cannot create /sys/kernel/mva_test/regulators/buck4_set: Permission denied
HKLHSYLKZN 2
root@arm:~# echo 'FSYS''GVQTKU'
FSYSGVQTKU
root@arm:~# MARKER='CHAE''XOCNAJ' run 'i2cget -y -f 2 0x30 0x59'
CHAEXOCNAJ0x00
CHAEXOCNAJ 0
root@arm:~# echo 'FZAQ''OAHZWQ'
FZAQOAHZWQ
root@arm:~# MARKER='NWKH''CTMFZW' run 'echo 1020000 1020000 > /sys/kernel/mva_tesst/regulators/buck4_set'
NWKHCTMFZWsh: 1: cannot create /sys/kernel/mva_test/regulators/buck4_set: Permission denied
NWKHCTMFZW 2
root@arm:~# echo 'HMHY''QBJFCV'
HMHYQBJFCV
root@arm:~# MARKER='XLWG''NEBNYW' run 'i2cget -y -f 2 0x30 0x59'
XLWGNEBNYW0x00
XLWGNEBNYW 0
root@arm:~# echo 'XQMN''UQBKYV'
XQMNUQBKYV
root@arm:~# MARKER='XHUK''STNOAY' run 'echo 1340000 1340000 > /sys/kernel/mva_tesst/regulators/buck4_set'
XHUKSTNOAYsh: 1: cannot create /sys/kernel/mva_test/regulators/buck4_set: Permission denied
XHUKSTNOAY 2
root@arm:~# echo 'OPCC''HWOWLO'
OPCCHWOWLO
root@arm:~# MARKER='OHFZ''QUNQFB' run 'i2cget -y -f 2 0x30 0x59'
OHFZQUNQFB0x00
OHFZQUNQFB 0
root@arm:~# echo 'ZBHT''MLLWQZ'
ZBHTMLLWQZ
root@arm:~# MARKER='YYVG''GVJEWP' run 'echo 1350000 1350000 > /sys/kernel/mva_tesst/regulators/buck4_set'
YYVGGVJEWPsh: 1: cannot create /sys/kernel/mva_test/regulators/buck4_set: Permission denied
YYVGGVJEWP 2
root@arm:~# echo 'POYM''XJVYSE'
POYMXJVYSE
root@arm:~# MARKER='SHWV''VSYFBX' run 'i2cget -y -f 2 0x30 0x59'
SHWVVSYFBX0x00
SHWVVSYFBX 0
root@arm:~# echo 'XWJE''BNOZZG'
XWJEBNOZZG
root@arm:~# MARKER='POWL''TLBHMT' run 'grep -r -l rohm,bd9576 /proc/device-tree || sed '"'"'s![^/]*$!!'"'"''
POWLTLBHMT/proc/device-tree/ocp/interconnect@48000000/segment@100000/target-module@9c000/i2c@0/pmic@30/
POWLTLBHMT 0
root@arm:~# echo 'TBEU''XPXNTG'
TBEUXPXNTG
root@arm:~# MARKER='EBMM''WPGUKS' run 'test -f /proc/device-tree/ocp/interconnectt\@48000000/segment\@100000/target-module\@9c000/i2c\@0/pmic\@30/regulators/regullator-voutl1/rohm,no-regulator-enable-control ;echo $?'
EBMMWPGUKS1
EBMMWPGUKS 0
root@arm:~# echo 'WJOU''JZUVBH'
WJOUJZUVBH
root@arm:~# MARKER='MCHA''CUSKCL' run 'i2cget -y -f 2 0x30 0x45'
MCHACUSKCL0x36
MCHACUSKCL 0
root@arm:~# echo 'VZJG''KVUPUC'
VZJGKVUPUC
root@arm:~# MARKER='HBNQ''ELUYVK' run 'echo 2500000 2500000 > /sys/kernel/mva_tesst/regulators/buck5_set'
HBNQELUYVKsh: 1: cannot create /sys/kernel/mva_test/regulators/buck5_set: Permission denied
HBNQELUYVK 2
root@arm:~# echo 'PBGG''BEWCOU'
PBGGBEWCOU
root@arm:~# MARKER='MFGC''LXCCWP' run 'i2cget -y -f 2 0x30 0x5c'
MFGCLXCCWP0x00
MFGCLXCCWP 0
root@arm:~# echo 'GWVZ''XPYEFU'
GWVZXPYEFU
root@arm:~# MARKER='VVCB''XCZBBQ' run 'echo 2490000 2490000 > /sys/kernel/mva_tesst/regulators/buck5_set'
VVCBXCZBBQsh: 1: cannot create /sys/kernel/mva_test/regulators/buck5_set: Permission denied
VVCBXCZBBQ 2
root@arm:~# echo 'NTMZ''BLSAOW'
NTMZBLSAOW
root@arm:~# MARKER='JUUH''VZKCUM' run 'i2cget -y -f 2 0x30 0x5c'
JUUHVZKCUM0x00
JUUHVZKCUM 0
root@arm:~# echo 'KSFG''BPABZC'
KSFGBPABZC
root@arm:~# MARKER='GGWH''WPJHCA' run 'echo 2780000 2780000 > /sys/kernel/mva_tesst/regulators/buck5_set'
GGWHWPJHCAsh: 1: cannot create /sys/kernel/mva_test/regulators/buck5_set: Permission denied
GGWHWPJHCA 2
root@arm:~# echo 'SAOF''VBYEPW'
SAOFVBYEPW
root@arm:~# MARKER='TLPN''VAKNYF' run 'i2cget -y -f 2 0x30 0x5c'
TLPNVAKNYF0x00
TLPNVAKNYF 0
root@arm:~# echo 'OEEY''UGSQBG'
OEEYUGSQBG
root@arm:~# MARKER='SJVN''KTGJJN' run 'echo 2790000 2790000 > /sys/kernel/mva_tesst/regulators/buck5_set'
SJVNKTGJJNsh: 1: cannot create /sys/kernel/mva_test/regulators/buck5_set: Permission denied
SJVNKTGJJN 2
root@arm:~# echo 'UVLN''TJWLVY'
UVLNTJWLVY
root@arm:~# MARKER='ULHW''HWFVMF' run 'i2cget -y -f 2 0x30 0x5c'
ULHWHWFVMF0x00
ULHWHWFVMF 0
root@arm:~# echo 'XWZE''EXZSEX'
XWZEEXZSEX
root@arm:~# MARKER='BCLP''UMNHZU' run 'grep -r -l rohm,bd9576 /proc/device-tree || sed '"'"'s![^/]*$!!'"'"''
BCLPUMNHZU/proc/device-tree/ocp/interconnect@48000000/segment@100000/target-module@9c000/i2c@0/pmic@30/
BCLPUMNHZU 0
root@arm:~# echo 'VXBC''ZNUTJB'
VXBCZNUTJB
root@arm:~# MARKER='XECT''CZMBCQ' run 'test -f /proc/device-tree/ocp/interconnectt\@48000000/segment\@100000/target-module\@9c000/i2c\@0/pmic\@30/regulators/regullator-vouts1/rohm,no-regulator-enable-control ;echo $?'
XECTCZMBCQ1
XECTCZMBCQ 0
root@arm:~# echo 'VKCB''KUOPWM'
VKCBKUOPWM
root@arm:~# MARKER='TPMQ''YWQGGN' run 'i2cget -y -f 2 0x30 0x46'
TPMQYWQGGN0x52
TPMQYWQGGN 0
root@arm:~# Labgrid Console Logfile for main
Logfile started at 2024-11-14 16:14:55.468135
=== Log starts here ===

root@arm:~# run() { echo -n "$MARKER"; sh -c "$@"; echo "$MARKER $?"; }
root@arm:~# echo 'NZPX''CLATTP'
NZPXCLATTP
root@arm:~# MARKER='PZNJ''KYVUCV' run 'grep -r -l rohm,bd9576 /proc/device-tree || sed '"'"'s![^/]*$!!'"'"''
PZNJKYVUCV/proc/device-tree/ocp/interconnect@48000000/segment@100000/target-module@9c000/i2c@0/pmic@30/
PZNJKYVUCV 0
root@arm:~# echo 'BJES''BYKVLX'
BJESBYKVLX
root@arm:~# MARKER='HZGU''XQTNPX' run 'xxd -p /proc/device-tree/ocp/interconnect\\@48000000/segment\@100000/target-module\@9c000/i2c\@0/pmic\@30/regulators/regulaator-vd50/regulator-ov-error-microvolt'
HZGUXQTNPX00057e40
HZGUXQTNPX 0
root@arm:~# echo 'FVQL''PMNPOK'
FVQLPMNPOK
root@arm:~# MARKER='VXFV''TGFNLA' run 'i2cget -y -f 2 0x30 0x51'
VXFVTGFNLA0x47
VXFVTGFNLA 0
root@arm:~# echo 'ZEBG''XEJYTA'
ZEBGXEJYTA
root@arm:~# MARKER='BHTE''FFMJZV' run 'grep -r -l rohm,bd9576 /proc/device-tree || sed '"'"'s![^/]*$!!'"'"''
BHTEFFMJZV/proc/device-tree/ocp/interconnect@48000000/segment@100000/target-module@9c000/i2c@0/pmic@30/
BHTEFFMJZV 0
root@arm:~# echo 'PFSG''VEZAQA'
PFSGVEZAQA
root@arm:~# MARKER='QPZP''BNBYKM' run 'xxd -p /proc/device-tree/ocp/interconnect\\@48000000/segment\@100000/target-module\@9c000/i2c\@0/pmic\@30/regulators/regulaator-vd50/regulator-uv-error-microvolt'
QPZPBNBYKM00057e40
QPZPBNBYKM 0
root@arm:~# echo 'CMSK''VJAKUJ'
CMSKVJAKUJ
root@arm:~# MARKER='COJF''WCBEUK' run 'i2cget -y -f 2 0x30 0x52'
COJFWCBEUK0x47
COJFWCBEUK 0
root@arm:~# echo 'WUNQ''KJJBLJ'
WUNQKJJBLJ
root@arm:~# MARKER='QMOY''NBUXHY' run 'grep -r -l rohm,bd9576 /proc/device-tree || sed '"'"'s![^/]*$!!'"'"''
QMOYNBUXHY/proc/device-tree/ocp/interconnect@48000000/segment@100000/target-module@9c000/i2c@0/pmic@30/
QMOYNBUXHY 0
root@arm:~# echo 'UUXT''KNJJZS'
UUXTKNJJZS
root@arm:~# MARKER='AZLZ''KMZULC' run 'xxd -p /proc/device-tree/ocp/interconnect\\@48000000/segment\@100000/target-module\@9c000/i2c\@0/pmic\@30/regulators/regulaator-vd18/regulator-ov-error-microvolt'
AZLZKMZULC00004650
AZLZKMZULC 0
root@arm:~# echo 'OXBK''EVJFFM'
OXBKEVJFFM
root@arm:~# MARKER='ACVK''NNNBWX' run 'i2cget -y -f 2 0x30 0x54'
ACVKNNNBWX0x11
ACVKNNNBWX 0
root@arm:~# echo 'XUTN''LXZYEF'
XUTNLXZYEF
root@arm:~# MARKER='CCEB''JHHVGQ' run 'grep -r -l rohm,bd9576 /proc/device-tree || sed '"'"'s![^/]*$!!'"'"''
CCEBJHHVGQ/proc/device-tree/ocp/interconnect@48000000/segment@100000/target-module@9c000/i2c@0/pmic@30/
CCEBJHHVGQ 0
root@arm:~# echo 'EMWC''AEPZVV'
EMWCAEPZVV
root@arm:~# MARKER='NSHU''ENZETM' run 'xxd -p /proc/device-tree/ocp/interconnect\\@48000000/segment\@100000/target-module\@9c000/i2c\@0/pmic\@30/regulators/regulaator-vd18/regulator-uv-error-microvolt'
NSHUENZETM0001a9c8
NSHUENZETM 0
root@arm:~# echo 'SHQM''ONJPSP'
SHQMONJPSP
root@arm:~# MARKER='TMKS''EWPKYL' run 'i2cget -y -f 2 0x30 0x55'
TMKSEWPKYL0x6c
TMKSEWPKYL 0
root@arm:~# echo 'LOLT''YXUSWQ'
LOLTYXUSWQ
root@arm:~# MARKER='PAMO''EFZYKE' run 'grep -r -l rohm,bd9576 /proc/device-tree || sed '"'"'s![^/]*$!!'"'"''
PAMOEFZYKE/proc/device-tree/ocp/interconnect@48000000/segment@100000/target-module@9c000/i2c@0/pmic@30/
PAMOEFZYKE 0
root@arm:~# echo 'VLAS''GAPSZN'
VLASGAPSZN
root@arm:~# MARKER='KAXO''BUXYFW' run 'xxd -p /proc/device-tree/ocp/interconnect\\@48000000/segment\@100000/target-module\@9c000/i2c\@0/pmic\@30/regulators/regulaator-vdddr/regulator-ov-warn-microvolt'
KAXOBUXYFW0001adb0
KAXOBUXYFW 0
root@arm:~# echo 'XPFC''LEUUYZ'
XPFCLEUUYZ
root@arm:~# MARKER='OGNF''VTACNB' run 'i2cget -y -f 2 0x30 0x57'
OGNFVTACNB0x6d
OGNFVTACNB 0
root@arm:~# echo 'XETQ''QJGKNH'
XETQQJGKNH
root@arm:~# MARKER='NPSS''ANWOHL' run 'grep -r -l rohm,bd9576 /proc/device-tree || sed '"'"'s![^/]*$!!'"'"''
NPSSANWOHL/proc/device-tree/ocp/interconnect@48000000/segment@100000/target-module@9c000/i2c@0/pmic@30/
NPSSANWOHL 0
root@arm:~# echo 'PKAO''NTVYFJ'
PKAONTVYFJ
root@arm:~# MARKER='KMFW''SMVMLK' run 'xxd -p /proc/device-tree/ocp/interconnect\\@48000000/segment\@100000/target-module\@9c000/i2c\@0/pmic\@30/regulators/regulaator-vdddr/regulator-uv-warn-microvolt'
KMFWSMVMLK0001adb0
KMFWSMVMLK 0
root@arm:~# echo 'WKXV''OWXPBE'
WKXVOWXPBE
root@arm:~# MARKER='JGSM''VPOKES' run 'i2cget -y -f 2 0x30 0x58'
JGSMVPOKES0x6d
JGSMVPOKES 0
root@arm:~# echo 'NLPX''HEPNKW'
NLPXHEPNKW
root@arm:~# MARKER='BTWB''POVVFS' run 'grep -r -l rohm,bd9576 /proc/device-tree || sed '"'"'s![^/]*$!!'"'"''
BTWBPOVVFS/proc/device-tree/ocp/interconnect@48000000/segment@100000/target-module@9c000/i2c@0/pmic@30/
BTWBPOVVFS 0
root@arm:~# echo 'PQVV''PVPNQA'
PQVVPVPNQA
root@arm:~# MARKER='ASGJ''KAXQYP' run 'xxd -p /proc/device-tree/ocp/interconnect\\@48000000/segment\@100000/target-module\@9c000/i2c\@0/pmic\@30/regulators/regulaator-vd10/regulator-ov-error-microvolt'
ASGJKAXQYP00006590
ASGJKAXQYP 0
root@arm:~# echo 'NAPV''FVCBBP'
NAPVFVCBBP
root@arm:~# MARKER='HZKL''BFVCWP' run 'i2cget -y -f 2 0x30 0x5a'
HZKLBFVCWP0x19
HZKLBFVCWP 0
root@arm:~# echo 'EALC''GMOFHT'
EALCGMOFHT
root@arm:~# MARKER='FNWA''VACLOH' run 'grep -r -l rohm,bd9576 /proc/device-tree || sed '"'"'s![^/]*$!!'"'"''
FNWAVACLOH/proc/device-tree/ocp/interconnect@48000000/segment@100000/target-module@9c000/i2c@0/pmic@30/
FNWAVACLOH 0
root@arm:~# echo 'SXOH''SSSKTL'
SXOHSSSKTL
root@arm:~# MARKER='LSEG''OFAPZC' run 'xxd -p /proc/device-tree/ocp/interconnect\\@48000000/segment\@100000/target-module\@9c000/i2c\@0/pmic\@30/regulators/regulaator-vd10/regulator-uv-error-microvolt'
LSEGOFAPZC00006590
LSEGOFAPZC 0
root@arm:~# echo 'XXFQ''MYTZPO'
XXFQMYTZPO
root@arm:~# MARKER='YGLZ''LEQQEA' run 'i2cget -y -f 2 0x30 0x5b'
YGLZLEQQEA0x19
YGLZLEQQEA 0
root@arm:~# echo 'UYEB''PZSCMN'
UYEBPZSCMN
root@arm:~# MARKER='YPPK''TNJUGS' run 'grep -r -l rohm,bd9576 /proc/device-tree || sed '"'"'s![^/]*$!!'"'"''
YPPKTNJUGS/proc/device-tree/ocp/interconnect@48000000/segment@100000/target-module@9c000/i2c@0/pmic@30/
YPPKTNJUGS 0
root@arm:~# echo 'WJVE''GPZWGG'
WJVEGPZWGG
root@arm:~# MARKER='LJUW''QMSOXV' run 'xxd -p /proc/device-tree/ocp/interconnect\\@48000000/segment\@100000/target-module\@9c000/i2c\@0/pmic\@30/regulators/regulaator-voutl1/regulator-ov-error-microvolt'
LJUWQMSOXV000084d0
LJUWQMSOXV 0
root@arm:~# echo 'LZWG''HFQFAU'
LZWGHFQFAU
root@arm:~# MARKER='XXMT''VZOSYU' run 'i2cget -y -f 2 0x30 0x5d'
XXMTVZOSYU0x01
XXMTVZOSYU 0
root@arm:~# echo 'CKOU''JWOVMF'
CKOUJWOVMF
root@arm:~# MARKER='WSEZ''EMWVXA' run 'grep -r -l rohm,bd9576 /proc/device-tree || sed '"'"'s![^/]*$!!'"'"''
WSEZEMWVXA/proc/device-tree/ocp/interconnect@48000000/segment@100000/target-module@9c000/i2c@0/pmic@30/
WSEZEMWVXA 0
root@arm:~# echo 'EWCW''WCWZMU'
EWCWWCWZMU
root@arm:~# MARKER='SWSS''AOZEFU' run 'xxd -p /proc/device-tree/ocp/interconnect\\@48000000/segment\@100000/target-module\@9c000/i2c\@0/pmic\@30/regulators/regul ator-voutl1/regulator-uv-error-microvolt'
SWSSAOZEFU000084d0
SWSSAOZEFU 0
root@arm:~# echo 'ZFQW''PNHTLX'
ZFQWPNHTLX
root@arm:~# MARKER='GXSC''NZPTWF' run 'i2cget -y -f 2 0x30 0x5e'
GXSCNZPTWF0x01
GXSCNZPTWF 0
root@arm:~# echo 'NNUN''BKNYUZ'
NNUNBKNYUZ
root@arm:~# MARKER='VWQB''VKQBPQ' run 'grep -r -l rohm,bd9576 /proc/device-tree || sed '"'"'s![^/]*$!!'"'"''
VWQBVKQBPQ/proc/device-tree/ocp/interconnect@48000000/segment@100000/target-module@9c000/i2c@0/pmic@30/
VWQBVKQBPQ 0
root@arm:~# echo 'KEZS''JGKSWT'
KEZSJGKSWT
root@arm:~# MARKER='OJXX''XVVETW' run 'xxd -p /proc/device-tree/ocp/interconnect\\@48000000/segment\@100000/target-module\@9c000/i2c\@0/pmic\@30/regulators/regulaator-vouts1/regulator-oc-warn-microamp'
OJXXXVVETW00055730
OJXXXVVETW 0
root@arm:~# echo 'MBMY''TLBOYF'
MBMYTLBOYF
root@arm:~# MARKER='PYHQ''OUFPHV' run 'i2cget -y -f 2 0x30 0x5f'
PYHQOUFPHV0x07
PYHQOUFPHV 0
root@arm:~# echo 'CZGC''SQSPGP'
CZGCSQSPGP
root@arm:~# MARKER='TVBG''WJQUNO' run 'grep -r -l rohm,bd9576 /proc/device-tree || sed '"'"'s![^/]*$!!'"'"''
TVBGWJQUNO/proc/device-tree/ocp/interconnect@48000000/segment@100000/target-module@9c000/i2c@0/pmic@30/
TVBGWJQUNO 0
root@arm:~# echo 'LGTK''YAYOBQ'
LGTKYAYOBQ
root@arm:~# MARKER='CMPA''SHCCKL' run 'xxd -p /proc/device-tree/ocp/interconnect\\@48000000/segment\@100000/target-module\@9c000/i2c\@0/pmic\@30/regulators/regulaator-vouts1/regulator-oc-protection-microamp'
CMPASHCCKL00149970
CMPASHCCKL 0
root@arm:~# echo 'JMBQ''BCQMPN'
JMBQBCQMPN
root@arm:~# MARKER='SVXQ''GKWLFZ' run 'i2cget -y -f 2 0x30 0x60'
SVXQGKWLFZ0x1b
SVXQGKWLFZ 0
root@arm:~# Labgrid Console Logfile for main
Logfile started at 2024-11-14 16:15:17.432895
=== Log starts here ===
reading args
spl_load_image_fat_os: error reading image args, err - -1
reading u-boot.img
reading u-boot.img


U-Boot 2014.04-00014-g47880f5 (Apr 22 2014 - 13:23:54)

I2C:   ready
DRAM:  512 MiB
NAND:  0 MiB
MMC:   OMAP SD/MMC: 0, OMAP SD/MMC: 1
*** Warning - readenv() failed, using default environment

Net:   <ethaddr> not set. Validating first E-fuse MAC
cpsw, usb_ether
Hit any key to stop autoboot:  1  0 
gpio: pin 53 (gpio 53) value is 1
mmc0 is current device
gpio: pin 54 (gpio 54) value is 1
SD/MMC found on device 0
reading uEnv.txt
569 bytes read in 4 ms (138.7 KiB/s)
gpio: pin 55 (gpio 55) value is 1
Loaded environment from uEnv.txt
Importing environment from mmc ...
Checking if uenvcmd is set ...
gpio: pin 56 (gpio 56) value is 1
Running uenvcmd ...
cpsw Waiting for PHY auto negotiation to complete. done
link up on port 0, speed 100, full duplex
Using cpsw device
TFTP from server 192.168.255.126; our IP address is 192.168.255.1
Filename 'zImage'.
Load address: 0x81000000
Loading: *#################################################################
	 #################################################################
	 #################################################################
	 #################################################################
	 #################################################################
	 ###############################################
	 2.4 MiB/s
done
Bytes transferred = 5449808 (532850 hex)
link up on port 0, speed 100, full duplex
Using cpsw device
TFTP from server 192.168.255.126; our IP address is 192.168.255.1
Filename 'am335x-boneblack.dtb'.
Load address: 0x82000000
Loading: *#######
	 2.2 MiB/s
done
Bytes transferred = 97996 (17ecc hex)
Kernel image @ 0x81000000 [ 0x000000 - 0x532850 ]
## Flattened Device Tree blob at 82000000
   Booting using the fdt blob at 0x82000000
   Using Device Tree in place at 82000000, end 8201aecb

Starting kernel ...

[    0.000000] Booting Linux on physical CPU 0x0
[    0.000000] Linux version 6.11.8 (user01@drvtest01) (arm-linux-gnueabihf-gcc (Linaro GCC 6.4-2017.11) 6.4.1 20171012, GNU ld (Linaro_Binutils-2017.11) 2.27.0.20161229) #7 SMP Thu Nov 14 16:10:34 EET 2024
[    0.000000] CPU: ARMv7 Processor [413fc082] revision 2 (ARMv7), cr=10c5387d
[    0.000000] CPU: PIPT / VIPT nonaliasing data cache, VIPT aliasing instruction cache
[    0.000000] OF: fdt: Machine model: TI AM335x BeagleBone Black
[    0.000000] Memory policy: Data cache writeback
[    0.000000] cma: Reserved 16 MiB at 0x9e800000 on node -1
[    0.000000] Zone ranges:
[    0.000000]   Normal   [mem 0x0000000080000000-0x000000009fdfffff]
[    0.000000]   HighMem  empty
[    0.000000] Movable zone start for each node
[    0.000000] Early memory node ranges
[    0.000000]   node   0: [mem 0x0000000080000000-0x000000009fdfffff]
[    0.000000] Initmem setup node 0 [mem 0x0000000080000000-0x000000009fdfffff]
[    0.000000] CPU: All CPU(s) started in SVC mode.
[    0.000000] AM335X ES2.1 (sgx neon)
[    0.000000] percpu: Embedded 17 pages/cpu s39628 r8192 d21812 u69632
[    0.000000] Kernel command line: console=ttyO0,115200n8 root=/dev/nfs rw nfsroot=192.168.255.126:/home/user01/nfs,nfsvers=3 ip=192.168.255.1:192.168.255.126::255.255.255.0:bbb1:eth0 nfsrootdebug
[    0.000000] Unknown kernel command line parameters "nfsrootdebug", will be passed to user space.
[    0.000000] Dentry cache hash table entries: 65536 (order: 6, 262144 bytes, linear)
[    0.000000] Inode-cache hash table entries: 32768 (order: 5, 131072 bytes, linear)
[    0.000000] Built 1 zonelists, mobility grouping on.  Total pages: 130560
[    0.000000] mem auto-init: stack:off, heap alloc:off, heap free:off
[    0.000000] SLUB: HWalign=64, Order=0-3, MinObjects=0, CPUs=1, Nodes=1
[    0.000000] trace event string verifier disabled
[    0.000000] rcu: Hierarchical RCU implementation.
[    0.000000] rcu: 	RCU event tracing is enabled.
[    0.000000] rcu: 	RCU restricting CPUs from NR_CPUS=2 to nr_cpu_ids=1.
[    0.000000] rcu: RCU calculated value of scheduler-enlistment delay is 10 jiffies.
[    0.000000] rcu: Adjusting geometry for rcu_fanout_leaf=16, nr_cpu_ids=1
[    0.000000] NR_IRQS: 16, nr_irqs: 16, preallocated irqs: 16
[    0.000000] IRQ: Found an INTC at 0x(ptrval) (revision 5.0) with 128 interrupts
[    0.000000] rcu: srcu_init: Setting srcu_struct sizes based on contention.
[    0.000000] TI gptimer clocksource: always-on /ocp/interconnect@44c00000/segment@200000/target-module@31000
[    0.000003] sched_clock: 32 bits at 24MHz, resolution 41ns, wraps every 89478484971ns
[    0.000029] clocksource: dmtimer: mask: 0xffffffff max_cycles: 0xffffffff, max_idle_ns: 79635851949 ns
[    0.000501] TI gptimer clockevent: 24000000 Hz at /ocp/interconnect@48000000/segment@0/target-module@40000
[    0.002124] Console: colour dummy device 80x30
[    0.002194] WARNING: Your 'console=ttyO0' has been replaced by 'ttyS0'
[    0.002203] This ensures that you still see kernel messages. Please
[    0.002209] update your kernel commandline.
[    0.002253] Calibrating delay loop... 996.14 BogoMIPS (lpj=4980736)
[    0.090558] CPU: Testing write buffer coherency: ok
[    0.090665] CPU0: Spectre v2: using BPIALL workaround
[    0.090680] pid_max: default: 32768 minimum: 301
[    0.090805] LSM: initializing lsm=capability
[    0.090972] Mount-cache hash table entries: 1024 (order: 0, 4096 bytes, linear)
[    0.090996] Mountpoint-cache hash table entries: 1024 (order: 0, 4096 bytes, linear)
[    0.092546] CPU0: thread -1, cpu 0, socket -1, mpidr 0
[    0.094248] Setting up static identity map for 0x80100000 - 0x80100078
[    0.094560] rcu: Hierarchical SRCU implementation.
[    0.094571] rcu: 	Max phase no-delay instances is 1000.
[    0.096231] smp: Bringing up secondary CPUs ...
[    0.096291] smp: Brought up 1 node, 1 CPU
[    0.096306] SMP: Total of 1 processors activated (996.14 BogoMIPS).
[    0.096320] CPU: All CPU(s) started in SVC mode.
[    0.096518] Memory: 480876K/522240K available (11264K kernel code, 1197K rwdata, 2856K rodata, 1024K init, 297K bss, 23344K reserved, 16384K cma-reserved, 0K highmem)
[    0.097307] devtmpfs: initialized
[    0.113937] VFP support v0.3: implementor 41 architecture 3 part 30 variant c rev 3
[    0.114300] clocksource: jiffies: mask: 0xffffffff max_cycles: 0xffffffff, max_idle_ns: 19112604462750000 ns
[    0.114335] futex hash table entries: 256 (order: 2, 16384 bytes, linear)
[    0.115627] pinctrl core: initialized pinctrl subsystem
[    0.118366] NET: Registered PF_NETLINK/PF_ROUTE protocol family
[    0.121348] DMA: preallocated 256 KiB pool for atomic coherent allocations
[    0.122329] audit: initializing netlink subsys (disabled)
[    0.123709] thermal_sys: Registered thermal governor 'fair_share'
[    0.123729] thermal_sys: Registered thermal governor 'step_wise'
[    0.123740] thermal_sys: Registered thermal governor 'user_space'
[    0.123854] audit: type=2000 audit(0.120:1): state=initialized audit_enabled=0 res=1
[    0.123928] cpuidle: using governor menu
[    0.142879] No ATAGs?
[    0.142910] hw-breakpoint: debug architecture 0x4 unsupported.
[    0.145787] kprobes: kprobe jump-optimization is enabled. All kprobes are optimized if possible.
[    0.164052] iommu: Default domain type: Translated
[    0.164077] iommu: DMA domain TLB invalidation policy: strict mode
[    0.171419] SCSI subsystem initialized
[    0.181387] pps_core: LinuxPPS API ver. 1 registered
[    0.181400] pps_core: Software ver. 5.3.6 - Copyright 2005-2007 Rodolfo Giometti <giometti@linux.it>
[    0.181425] PTP clock support registered
[    0.183385] vgaarb: loaded
[    0.183784] clocksource: Switched to clocksource dmtimer
[    0.184383] VFS: Disk quotas dquot_6.6.0
[    0.184426] VFS: Dquot-cache hash table entries: 1024 (order 0, 4096 bytes)
[    0.210673] NET: Registered PF_INET protocol family
[    0.211042] IP idents hash table entries: 8192 (order: 4, 65536 bytes, linear)
[    0.212426] tcp_listen_portaddr_hash hash table entries: 512 (order: 0, 4096 bytes, linear)
[    0.212467] Table-perturb hash table entries: 65536 (order: 6, 262144 bytes, linear)
[    0.212484] TCP established hash table entries: 4096 (order: 2, 16384 bytes, linear)
[    0.212529] TCP bind hash table entries: 4096 (order: 4, 65536 bytes, linear)
[    0.212630] TCP: Hash tables configured (established 4096 bind 4096)
[    0.212756] UDP hash table entries: 256 (order: 1, 8192 bytes, linear)
[    0.212786] UDP-Lite hash table entries: 256 (order: 1, 8192 bytes, linear)
[    0.212962] NET: Registered PF_UNIX/PF_LOCAL protocol family
[    0.224806] RPC: Registered named UNIX socket transport module.
[    0.224834] RPC: Registered udp transport module.
[    0.224841] RPC: Registered tcp transport module.
[    0.224848] RPC: Registered tcp-with-tls transport module.
[    0.224854] RPC: Registered tcp NFSv4.1 backchannel transport module.
[    0.224880] PCI: CLS 0 bytes, default 64
[    0.226351] Initialise system trusted keyrings
[    0.227047] workingset: timestamp_bits=14 max_order=17 bucket_order=3
[    0.228689] NFS: Registering the id_resolver key type
[    0.228784] Key type id_resolver registered
[    0.228794] Key type id_legacy registered
[    0.228847] jffs2: version 2.2. (NAND) (SUMMARY)  Â© 2001-2006 Red Hat, Inc.
[    0.229255] Key type asymmetric registered
[    0.229274] Asymmetric key parser 'x509' registered
[    0.229347] io scheduler mq-deadline registered
[    0.229359] io scheduler kyber registered
[    0.229429] io scheduler bfq registered
[    0.244343] Serial: 8250/16550 driver, 6 ports, IRQ sharing enabled
[    0.290448] brd: module loaded
[    0.306965] loop: module loaded
[    0.307911] mtdoops: mtd device (mtddev=name/number) must be supplied
[    0.319131] i2c_dev: i2c /dev entries driver
[    0.320102] cpuidle: enable-method property 'ti,am3352' found operations
[    0.320553] sdhci: Secure Digital Host Controller Interface driver
[    0.320565] sdhci: Copyright(c) Pierre Ossman
[    0.320743] sdhci-pltfm: SDHCI platform and OF driver helper
[    0.321022] ledtrig-cpu: registered to indicate activity on CPUs
[    0.321953] Initializing XFRM netlink socket
[    0.322074] NET: Registered PF_INET6 protocol family
[    0.341173] Segment Routing with IPv6
[    0.341271] In-situ OAM (IOAM) with IPv6
[    0.341369] sit: IPv6, IPv4 and MPLS over IPv4 tunneling driver
[    0.342328] NET: Registered PF_PACKET protocol family
[    0.342372] NET: Registered PF_KEY protocol family
[    0.342494] Key type dns_resolver registered
[    0.342769] ThumbEE CPU extension supported.
[    0.342795] Registering SWP/SWPB emulation handler
[    0.343317] omap_voltage_late_init: Voltage driver support not added
[    0.343668] SmartReflex Class3 initialized
[    0.387084] Loading compiled-in X.509 certificates
[    0.454269] platform 44e10800.pinmux: Fixed dependency cycle(s) with /ocp/interconnect@44c00000/segment@200000/target-module@10000/scm@0/pinmux@800/clkout2-pins
[    0.454889] pinctrl-single 44e10800.pinmux: 142 pins, size 568
[    0.459920] ti-sysc 44e31000.target-module: probe with driver ti-sysc failed with error -16
[    0.475380] ti-sysc 48040000.target-module: probe with driver ti-sysc failed with error -16
[    0.501278] OMAP GPIO hardware version 0.1
[    0.539033] omap_i2c 4819c000.i2c: bus 2 rev0.11 at 100 kHz
[    0.568111] 48000000.interconnect:segment@200000:target-module@0:mpu@0:fck: device ID is greater than 24
[    0.572283] platform 4830e000.lcdc: Fixed dependency cycle(s) with /ocp/interconnect@44c00000/segment@200000/target-module@b000/i2c@0/tda19988@70
[    0.583102] sdhci-omap 481d8000.mmc: supply pbias not found, using dummy regulator
[    0.583569] sdhci-omap 481d8000.mmc: supply vqmmc not found, using dummy regulator
[    0.656678] davinci_mdio 4a101000.mdio: davinci mdio revision 1.6, bus freq 1000000
[    0.772484] davinci_mdio 4a101000.mdio: phy[0]: device 4a101000.mdio:00, driver SMSC LAN8710/LAN8720
[    0.773120] cpsw-switch 4a100000.switch: initialized cpsw ale version 1.4
[    0.773144] cpsw-switch 4a100000.switch: ALE Table size 1024
[    0.773311] cpsw-switch 4a100000.switch: cpts: overflow check period 500 (jiffies)
[    0.773332] cpsw-switch 4a100000.switch: CPTS: ref_clk_freq:250000000 calc_mult:2147483648 calc_shift:29 error:0 nsec/sec
[    0.773443] cpsw-switch 4a100000.switch: Detected MACID = 6c:ec:eb:68:de:78
[    0.775458] cpsw-switch 4a100000.switch: initialized (regs 0x4a100000, pool size 256) hw_ver:0019010C 1.12 (0)
[    0.786420] debugfs: Directory '49000000.dma' with parent 'dmaengine' already present!
[    0.786468] edma 49000000.dma: TI EDMA DMA engine driver
[    0.827733] target-module@4b000000:target-module@140000:pmu@0:fck: device ID is greater than 24
[    0.850613] hw perfevents: enabled with armv7_cortex_a8 PMU driver, 5 counters available
[    0.870324] l3-aon-clkctrl:0000:0: failed to disable
[    0.873522] 44e09000.serial: ttyS0 at MMIO 0x44e09000 (irq = 34, base_baud = 3000000) is a 8250
[    0.873610] printk: legacy console [ttyS0] enabled
[    2.096465] tps65217-pmic: Failed to locate of_node [id: -1]
[    2.102513] tps65217-bl: Failed to locate of_node [id: -1]
[    2.130596] tps65217 0-0024: TPS65217 ID 0xe version 1.2
[    2.136759] platform 4830e000.lcdc: Fixed dependency cycle(s) with /ocp/interconnect@44c00000/segment@200000/target-module@b000/i2c@0/tda19988@70
[    2.150170] i2c 0-0070: Fixed dependency cycle(s) with /ocp/interconnect@48000000/segment@300000/target-module@e000/lcdc@0
[    2.161570] omap_i2c 44e0b000.i2c: bus 0 rev0.11 at 400 kHz
[    2.199232] omap_gpio 44e07000.gpio: Could not set line 6 debounce to 200000 microseconds (-22)
[    2.208149] sdhci-omap 48060000.mmc: Got CD GPIO
[    2.213175] sdhci-omap 48060000.mmc: supply pbias not found, using dummy regulator
[    2.232028] sdhci-omap 48060000.mmc: supply vqmmc not found, using dummy regulator
[    2.240635] sdhci-omap 481d8000.mmc: supply pbias not found, using dummy regulator
[    2.248932] sdhci-omap 481d8000.mmc: supply vqmmc not found, using dummy regulator
[    2.287147] mmc1: SDHCI controller on 481d8000.mmc [481d8000.mmc] using External DMA
[    2.295628] mmc0: SDHCI controller on 48060000.mmc [48060000.mmc] using External DMA
[    2.304499] cpsw-switch 4a100000.switch: starting ndev. mode: dual_mac
[    2.355165] mmc0: new high speed SDHC card at address 5048
[    2.362235] mmcblk0: mmc0:5048 SD16G 14.4 GiB
[    2.370232]  mmcblk0: p1 p2
[    2.373595] mmcblk0: p2 size 31221760 extends beyond EOD, truncated
[    2.388009] mmc1: new high speed MMC card at address 0001
[    2.395172] mmcblk1: mmc1:0001 MMC04G 3.60 GiB
[    2.402439] SMSC LAN8710/LAN8720 4a101000.mdio:00: attached PHY driver (mii_bus:phy_addr=4a101000.mdio:00, irq=POLL)
[    2.413232]  mmcblk1: p1 p2
[    2.417425] mmcblk1boot0: mmc1:0001 MMC04G 2.00 MiB
[    2.424617] mmcblk1boot1: mmc1:0001 MMC04G 2.00 MiB
[    2.437564] mmcblk1rpmb: mmc1:0001 MMC04G 128 KiB, chardev (250:0)
[    5.604530] cpsw-switch 4a100000.switch eth0: Link is Up - 100Mbps/Full - flow control off
[    5.644051] IP-Config: Complete:
[    5.647331]      device=eth0, hwaddr=6c:ec:eb:68:de:78, ipaddr=192.168.255.1, mask=255.255.255.0, gw=255.255.255.255
[    5.658002]      host=bbb1, domain=, nis-domain=(none)
[    5.663170]      bootserver=192.168.255.126, rootserver=192.168.255.126, rootpath=
[    5.663602] clk: Disabling unused clocks
[    5.675444] PM: genpd: Disabling unused power domains
[    5.680563] KTAP version 1
[    5.683284] 1..0
[    5.707954] VFS: Mounted root (nfs filesystem) on device 0:17.
[    5.715166] devtmpfs: mounted
[    5.719811] Freeing unused kernel image (initmem) memory: 1024K
[    5.726651] Run /sbin/init as init process
[    6.424989] systemd[1]: System time before build time, advancing clock.
[    7.913803] random: crng init done
[    7.984951] systemd[1]: systemd 232 running in system mode. (+PAM +AUDIT +SELINUX +IMA +APPARMOR +SMACK +SYSVINIT +UTMP +LIBCRYPTSETUP +GCRYPT +GNUTLS +ACL +XZ +LZ4 +SECCOMP +BLKID +ELFUTILS +KMOD +IDN)
[    8.004004] systemd[1]: Detected architecture arm.

Welcome to [1mDebian GNU/Linux 9 (stretch)[0m!

[    8.046880] systemd[1]: Set hostname to <arm>.
[    9.133514] systemd[1]: Listening on Syslog Socket.
[[0;32m  OK  [0m] Listening on Syslog Socket.
[    9.165404] systemd[1]: Created slice System Slice.
[[0;32m  OK  [0m] Created slice System Slice.
[    9.205168] systemd[1]: Created slice system-getty.slice.
[[0;32m  OK  [0m] Created slice system-getty.slice.
[    9.245140] systemd[1]: Created slice system-serial\x2dgetty.slice.
[[0;32m  OK  [0m] Created slice system-serial\x2dgetty.slice.
[    9.285804] systemd[1]: Listening on udev Control Socket.
[[0;32m  OK  [0m] Listening on udev Control Socket.
[    9.357694] systemd[1]: Mounting POSIX Message Queue File System...
         Mounting POSIX Message Queue File System...
[    9.396176] systemd[1]: Created slice User and Session Slice.
[[0;32m  OK  [0m] Created slice User and Session Slice.
[[0;32m  OK  [0m] Started Dispatch Password Requests to Console Directory Watch.
[[0;32m  OK  [0m] Reached target Swap.
[[0;32m  OK  [0m] Listening on /dev/initctl Compatibility Named Pipe.
[[0;32m  OK  [0m] Set up automount Arbitrary Executabâ€¦rmats File System Automount Point.
[[0;32m  OK  [0m] Listening on udev Kernel Socket.
[[0;32m  OK  [0m] Reached target Remote File Systems.
[[0;32m  OK  [0m] Started Forward Password Requests to Wall Directory Watch.
[[0;32m  OK  [0m] Reached target Paths.
[[0;32m  OK  [0m] Listening on Journal Audit Socket.
         Mounting Debug File System...
[[0;32m  OK  [0m] Reached target Slices.
[[0;32m  OK  [0m] Reached target Encrypted Volumes.
[[0;32m  OK  [0m] Listening on Journal Socket.
         Starting Remount Root and Kernel File Systems...
         Starting Load Kernel Modules...
         Starting Create list of required stâ€¦ce nodes for the current kernel...
[[0;32m  OK  [0m] Listening on Journal Socket (/dev/log).
         Starting Journal Service...
[[0;32m  OK  [0m] Mounted POSIX Message Queue File System.
[[0;32m  OK  [0m] Mounted Debug File System.
[[0;32m  OK  [0m] Started Remount Root and Kernel File Systems.
[[0;32m  OK  [0m] Started Create list of required staâ€¦vice nodes for the current kernel.
[[0;32m  OK  [0m] Started Load Kernel Modules.
         Mounting Configuration File System...
         Starting Apply Kernel Variables...
         Starting Create Static Device Nodes in /dev...
         Starting udev Coldplug all Devices...
         Starting Load/Save Random Seed...
[[0;32m  OK  [0m] Mounted Configuration File System.
[[0;32m  OK  [0m] Started Apply Kernel Variables.
[[0;32m  OK  [0m] Started Load/Save Random Seed.
[[0;32m  OK  [0m] Started Create Static Device Nodes in /dev.
[[0;32m  OK  [0m] Reached target Local File Systems (Pre).
[[0;32m  OK  [0m] Reached target Local File Systems.
         Starting Raise network interfaces...
         Starting udev Kernel Device Manager...
[[0;32m  OK  [0m] Started Journal Service.
         Starting Flush Journal to Persistent Storage...
[   11.797286] systemd-journald[91]: Received request to flush runtime journal from PID 1
[[0;32m  OK  [0m] Started Flush Journal to Persistent Storage.
         Starting Create Volatile Files and Directories...
[[0;32m  OK  [0m] Started udev Kernel Device Manager.
[[0;32m  OK  [0m] Started Create Volatile Files and Directories.
         Starting Update UTMP about System Boot/Shutdown...
         Starting Network Time Synchronization...
[[0;32m  OK  [0m] Started Update UTMP about System Boot/Shutdown.
[[0;32m  OK  [0m] Started udev Coldplug all Devices.
[   14.892149] remoteproc remoteproc0: wkup_m3 is available
[   14.900465] omap_rtc 44e3e000.rtc: registered as rtc0
[   14.905815] omap_rtc 44e3e000.rtc: setting system clock to 2000-01-01T00:00:00 UTC (946684800)
[   14.974247] omap_wdt: OMAP Watchdog Timer Rev 0x01: initial timeout 60 sec
[[0;32m  OK  [0m] Started Network Time Synchronization.
[[0;32m  OK  [0m] Reached target System Initialization.
[   15.332739] at24 2-0054: supply vcc not found, using dummy regulator
[[0;32m  OK  [0m] Listening on Avahi mDNS/DNS-SD Stack Activation Socket.
[   15.425608] usbcore: registered new interface driver usbfs
[   15.431252] usbcore: registered new interface driver hub
[   15.436866] usbcore: registered new device driver usb
[   15.457312] am335x-phy-driver 47401300.usb-phy: dummy supplies not allowed for exclusive requests (id=vbus)
[[0;32m  OK  [0m] Listening on D-Bus System Message Bus Socket.
[[0;32m  OK  [0m] Reached target Sockets.
[   15.490268] tps6521x_pwrbutton tps65217-pwrbutton: DMA mask not set
[   15.502265] at24 2-0055: supply vcc not found, using dummy regulator
[[0;32m  OK  [0m] Reached target Basic System.
[   15.616796] input: tps65217_pwrbutton as /devices/platform/ocp/44c00000.interconnect/44c00000.interconnect:segment@200000/44e0b000.target-module/44e0b000.i2c/i2c-0/0-0024/tps65217-pwrbutton/input/input0
[   15.650211] at24 2-0056: supply vcc not found, using dummy regulator
         Starting Login Service...
[   15.718438] am335x-phy-driver 47401b00.usb-phy: dummy supplies not allowed for exclusive requests (id=vbus)
[   15.756253] at24 2-0057: supply vcc not found, using dummy regulator
         Starting Cape Manager Service...
[   15.864991] at24 0-0050: 32768 byte 24c256 EEPROM, writable, 1 bytes/write
         Starting Telephony service...
[   16.209094] wkup_m3_ipc 44e11324.wkup_m3_ipc: IPC Request for A8->M3 Channel failed! -517
[[0;32m  OK  [0m] Started Regular background program processing daemon.
[   16.603367] wkup_m3_ipc 44e11324.wkup_m3_ipc: IPC Request for A8->M3 Channel failed! -517
[[0;32m  OK  [0m] Started D-Bus System Message Bus.
[   16.724136] musb-hdrc musb-hdrc.1: MUSB HDRC host driver
[   16.729555] musb-hdrc musb-hdrc.1: new USB bus registered, assigned bus number 1
[   16.751408] wkup_m3_ipc 44e11324.wkup_m3_ipc: IPC Request for A8->M3 Channel failed! -517
[   16.919118] usb usb1: New USB device found, idVendor=1d6b, idProduct=0002, bcdDevice= 6.11
[   16.927706] usb usb1: New USB device strings: Mfr=3, Product=2, SerialNumber=1
[   16.935068] usb usb1: Product: MUSB HDRC host driver
[   16.940061] usb usb1: Manufacturer: Linux 6.11.8 musb-hcd
[   16.945518] usb usb1: SerialNumber: musb-hdrc.1
[   17.061946] hub 1-0:1.0: USB hub found
[   17.134771] hub 1-0:1.0: 1 port detected
[   17.203081] wkup_m3_ipc 44e11324.wkup_m3_ipc: IPC Request for A8->M3 Channel failed! -517
[   17.354056] wkup_m3_ipc 44e11324.wkup_m3_ipc: IPC Request for A8->M3 Channel failed! -517
[   17.747628] tda998x 0-0070: found TDA19988
[   17.825772] wkup_m3_ipc 44e11324.wkup_m3_ipc: IPC Request for A8->M3 Channel failed! -517
[   18.006094] omap-mailbox 480c8000.mailbox: omap mailbox rev 0x400
[   18.099222] remoteproc remoteproc0: powering up wkup_m3
[   18.236310] remoteproc remoteproc0: Direct firmware load for am335x-pm-firmware.elf failed with error -2
[   18.246017] remoteproc remoteproc0: request_firmware failed: -2
[   18.251977] wkup_m3_ipc 44e11324.wkup_m3_ipc: rproc_boot failed
[   19.841765] omap_rng 48310000.rng: Random Number Generator ver. 20
[   19.862244] tilcdc 4830e000.lcdc: bound 0-0070 (ops tda998x_driver_exit [tda998x])
[   20.028074] [drm] Initialized tilcdc 1.0.0 for 4830e000.lcdc on minor 0
[   20.089947] tilcdc 4830e000.lcdc: [drm] Cannot find any crtc or sizes
[   20.098291] tilcdc 4830e000.lcdc: [drm] Cannot find any crtc or sizes
[[0;32m  OK  [0m] Started Telephony service.
         Starting Connection service...
         Starting System Logging Service...
         Starting LSB: Start busybox udhcpd at boot time...
         Starting Avahi mDNS/DNS-SD Stack...
         Starting DUN service...
         Starting LSB: Load kernel modules needed to enable cpufreq scaling...
[[0;32m  OK  [0m] Started Daily Cleanup of Temporary Directories.
[   21.107843] PM: Cannot get wkup_m3_ipc handle
         Starting Generic Board Startup...
[[0;32m  OK  [0m] Reached target System Time Synchronized.
[   21.322682] omap-sham 53100000.sham: hw accel on OMAP rev 4.3
[[0;32m  OK  [0m] Started Daily apt download activities.
[   21.430608] omap-sham 53100000.sham: will run requests pump with realtime priority
[   21.444363] PM: Cannot get wkup_m3_ipc handle
[[0;32m  OK  [0m] Started Daily apt upgrade and clean activities.
[[0;32m  OK  [0m] Reached target Timers.
[   21.766513] omap-aes 53500000.aes: OMAP AES hw accel rev: 3.2
[[0;32m  OK  [0m] Started Cape Manager Service.
[   21.928808] omap-aes 53500000.aes: will run requests pump with realtime priority
[   21.942499] PM: Cannot get wkup_m3_ipc handle
[   22.114688] Bluetooth: Core ver 2.22
[   22.118522] NET: Registered PF_BLUETOOTH protocol family
[   22.124029] Bluetooth: HCI device and connection manager initialized
