Labgrid Console Logfile for main
Logfile started at 2025-06-19 18:05:40.308777
=== Log starts here ===
reading args
spl_load_image_fat_os: error reading image args, err - -1
reading u-boot.img
reading u-boot.img


U-Boot 2014.04-00014-g47880f5 (Apr 22 2014 - 13:23:54)

I2C:   ready
DRAM:  512 MiB
NAND:  0 MiB
MMC:   OMAP SD/MMC: 0, OMAP SD/MMC: 1
*** Warning - readenv() failed, using default environment

Net:   <ethaddr> not set. Validating first E-fuse MAC
cpsw, usb_ether
Hit any key to stop autoboot:  1  0 
gpio: pin 53 (gpio 53) value is 1
mmc0 is current device
gpio: pin 54 (gpio 54) value is 1
SD/MMC found on device 0
reading uEnv.txt
569 bytes read in 4 ms (138.7 KiB/s)
gpio: pin 55 (gpio 55) value is 1
Loaded environment from uEnv.txt
Importing environment from mmc ...
Checking if uenvcmd is set ...
gpio: pin 56 (gpio 56) value is 1
Running uenvcmd ...
cpsw Waiting for PHY auto negotiation to complete. done
link up on port 0, speed 100, full duplex
Using cpsw device
TFTP from server 192.168.255.126; our IP address is 192.168.255.1
Filename 'zImage'.
Load address: 0x81000000
Loading: *#################################################################
	 #################################################################
	 #################################################################
	 #################################################################
	 #################################################################
	 ####################################################
	 2.4 MiB/s
done
Bytes transferred = 5524800 (544d40 hex)
link up on port 0, speed 100, full duplex
Using cpsw device
TFTP from server 192.168.255.126; our IP address is 192.168.255.1
Filename 'am335x-boneblack.dtb'.
Load address: 0x82000000
Loading: *#######
	 2.3 MiB/s
done
Bytes transferred = 98336 (18020 hex)
Kernel image @ 0x81000000 [ 0x000000 - 0x544d40 ]
## Flattened Device Tree blob at 82000000
   Booting using the fdt blob at 0x82000000
   Using Device Tree in place at 82000000, end 8201b01f

Starting kernel ...

[    0.000000] Booting Linux on physical CPU 0x0
[    0.000000] Linux version 6.12.34 (user01@drvtest01) (arm-none-eabi-gcc (Arm GNU Toolchain 14.2.Rel1 (Build arm-14.52)) 14.2.1 20241119, GNU ld (Arm GNU Toolchain 14.2.Rel1 (Build arm-14.52)) 2.43.1.20241119) #1 SMP Thu Jun 19 18:00:57 EEST 2025
[    0.000000] CPU: ARMv7 Processor [413fc082] revision 2 (ARMv7), cr=10c5387d
[    0.000000] CPU: PIPT / VIPT nonaliasing data cache, VIPT aliasing instruction cache
[    0.000000] OF: fdt: Machine model: TI AM335x BeagleBone Black
[    0.000000] Memory policy: Data cache writeback
[    0.000000] cma: Reserved 16 MiB at 0x9e800000 on node -1
[    0.000000] Zone ranges:
[    0.000000]   Normal   [mem 0x0000000080000000-0x000000009fdfffff]
[    0.000000]   HighMem  empty
[    0.000000] Movable zone start for each node
[    0.000000] Early memory node ranges
[    0.000000]   node   0: [mem 0x0000000080000000-0x000000009fdfffff]
[    0.000000] Initmem setup node 0 [mem 0x0000000080000000-0x000000009fdfffff]
[    0.000000] OF: reserved mem: Reserved memory: No reserved-memory node in the DT
[    0.000000] CPU: All CPU(s) started in SVC mode.
[    0.000000] AM335X ES2.1 (sgx neon)
[    0.000000] percpu: Embedded 17 pages/cpu s40396 r8192 d21044 u69632
[    0.000000] Kernel command line: console=ttyO0,115200n8 root=/dev/nfs rw nfsroot=192.168.255.126:/home/user01/nfs,nfsvers=3 ip=192.168.255.1:192.168.255.126::255.255.255.0:bbb1:eth0 nfsrootdebug
[    0.000000] Unknown kernel command line parameters "nfsrootdebug", will be passed to user space.
[    0.000000] Dentry cache hash table entries: 65536 (order: 6, 262144 bytes, linear)
[    0.000000] Inode-cache hash table entries: 32768 (order: 5, 131072 bytes, linear)
[    0.000000] Built 1 zonelists, mobility grouping on.  Total pages: 130560
[    0.000000] mem auto-init: stack:off, heap alloc:off, heap free:off
[    0.000000] SLUB: HWalign=64, Order=0-3, MinObjects=0, CPUs=1, Nodes=1
[    0.000000] rcu: Hierarchical RCU implementation.
[    0.000000] rcu: 	RCU event tracing is enabled.
[    0.000000] rcu: 	RCU restricting CPUs from NR_CPUS=2 to nr_cpu_ids=1.
[    0.000000] rcu: RCU calculated value of scheduler-enlistment delay is 10 jiffies.
[    0.000000] rcu: Adjusting geometry for rcu_fanout_leaf=16, nr_cpu_ids=1
[    0.000000] NR_IRQS: 16, nr_irqs: 16, preallocated irqs: 16
[    0.000000] IRQ: Found an INTC at 0x(ptrval) (revision 5.0) with 128 interrupts
[    0.000000] rcu: srcu_init: Setting srcu_struct sizes based on contention.
[    0.000000] TI gptimer clocksource: always-on /ocp/interconnect@44c00000/segment@200000/target-module@31000
[    0.000003] sched_clock: 32 bits at 24MHz, resolution 41ns, wraps every 89478484971ns
[    0.000028] clocksource: dmtimer: mask: 0xffffffff max_cycles: 0xffffffff, max_idle_ns: 79635851949 ns
[    0.000488] TI gptimer clockevent: 24000000 Hz at /ocp/interconnect@48000000/segment@0/target-module@40000
[    0.002095] Console: colour dummy device 80x30
[    0.002158] WARNING: Your 'console=ttyO0' has been replaced by 'ttyS0'
[    0.002165] This ensures that you still see kernel messages. Please
[    0.002170] update your kernel commandline.
[    0.002213] Calibrating delay loop... 996.14 BogoMIPS (lpj=4980736)
[    0.090537] CPU: Testing write buffer coherency: ok
[    0.090649] CPU0: Spectre v2: using BPIALL workaround
[    0.090659] pid_max: default: 32768 minimum: 301
[    0.090789] LSM: initializing lsm=capability
[    0.090963] Mount-cache hash table entries: 1024 (order: 0, 4096 bytes, linear)
[    0.090985] Mountpoint-cache hash table entries: 1024 (order: 0, 4096 bytes, linear)
[    0.092549] CPU0: thread -1, cpu 0, socket -1, mpidr 0
[    0.094553] Setting up static identity map for 0x80100000 - 0x80100078
[    0.094883] rcu: Hierarchical SRCU implementation.
[    0.094893] rcu: 	Max phase no-delay instances is 1000.
[    0.096634] smp: Bringing up secondary CPUs ...
[    0.096689] smp: Brought up 1 node, 1 CPU
[    0.096701] SMP: Total of 1 processors activated (996.14 BogoMIPS).
[    0.096714] CPU: All CPU(s) started in SVC mode.
[    0.096900] Memory: 480868K/522240K available (11264K kernel code, 1211K rwdata, 2876K rodata, 1024K init, 295K bss, 23360K reserved, 16384K cma-reserved, 0K highmem)
[    0.097703] devtmpfs: initialized
[    0.114263] VFP support v0.3: implementor 41 architecture 3 part 30 variant c rev 3
[    0.114608] clocksource: jiffies: mask: 0xffffffff max_cycles: 0xffffffff, max_idle_ns: 19112604462750000 ns
[    0.114644] futex hash table entries: 256 (order: 2, 16384 bytes, linear)
[    0.115988] pinctrl core: initialized pinctrl subsystem
[    0.118103] NET: Registered PF_NETLINK/PF_ROUTE protocol family
[    0.121120] DMA: preallocated 256 KiB pool for atomic coherent allocations
[    0.122040] audit: initializing netlink subsys (disabled)
[    0.123395] thermal_sys: Registered thermal governor 'fair_share'
[    0.123410] thermal_sys: Registered thermal governor 'step_wise'
[    0.123419] thermal_sys: Registered thermal governor 'user_space'
[    0.123531] audit: type=2000 audit(0.120:1): state=initialized audit_enabled=0 res=1
[    0.123602] cpuidle: using governor menu
[    0.141585] /ocp/interconnect@44c00000/segment@200000/target-module@b000/i2c@0/tda19988@70: Fixed dependency cycle(s) with /ocp/interconnect@48000000/segment@300000/target-module@e000/lcdc@0
[    0.142715] /ocp/interconnect@48000000/segment@300000/target-module@e000/lcdc@0: Fixed dependency cycle(s) with /ocp/interconnect@44c00000/segment@200000/target-module@b000/i2c@0/tda19988@70
[    0.144896] No ATAGs?
[    0.144913] hw-breakpoint: debug architecture 0x4 unsupported.
[    0.147544] kprobes: kprobe jump-optimization is enabled. All kprobes are optimized if possible.
[    0.154170] iommu: Default domain type: Translated
[    0.154192] iommu: DMA domain TLB invalidation policy: strict mode
[    0.161389] SCSI subsystem initialized
[    0.162228] pps_core: LinuxPPS API ver. 1 registered
[    0.162239] pps_core: Software ver. 5.3.6 - Copyright 2005-2007 Rodolfo Giometti <giometti@linux.it>
[    0.162262] PTP clock support registered
[    0.171259] vgaarb: loaded
[    0.171611] clocksource: Switched to clocksource dmtimer
[    0.172264] VFS: Disk quotas dquot_6.6.0
[    0.172306] VFS: Dquot-cache hash table entries: 1024 (order 0, 4096 bytes)
[    0.196164] NET: Registered PF_INET protocol family
[    0.196501] IP idents hash table entries: 8192 (order: 4, 65536 bytes, linear)
[    0.197879] tcp_listen_portaddr_hash hash table entries: 512 (order: 0, 4096 bytes, linear)
[    0.197914] Table-perturb hash table entries: 65536 (order: 6, 262144 bytes, linear)
[    0.197931] TCP established hash table entries: 4096 (order: 2, 16384 bytes, linear)
[    0.197976] TCP bind hash table entries: 4096 (order: 4, 65536 bytes, linear)
[    0.198077] TCP: Hash tables configured (established 4096 bind 4096)
[    0.198195] UDP hash table entries: 256 (order: 1, 8192 bytes, linear)
[    0.198224] UDP-Lite hash table entries: 256 (order: 1, 8192 bytes, linear)
[    0.198394] NET: Registered PF_UNIX/PF_LOCAL protocol family
[    0.202283] RPC: Registered named UNIX socket transport module.
[    0.202304] RPC: Registered udp transport module.
[    0.202310] RPC: Registered tcp transport module.
[    0.202315] RPC: Registered tcp-with-tls transport module.
[    0.202320] RPC: Registered tcp NFSv4.1 backchannel transport module.
[    0.202345] PCI: CLS 0 bytes, default 64
[    0.203740] Initialise system trusted keyrings
[    0.212007] workingset: timestamp_bits=14 max_order=17 bucket_order=3
[    0.213273] NFS: Registering the id_resolver key type
[    0.213339] Key type id_resolver registered
[    0.213346] Key type id_legacy registered
[    0.213394] jffs2: version 2.2. (NAND) (SUMMARY)  Â© 2001-2006 Red Hat, Inc.
[    0.213803] Key type asymmetric registered
[    0.213817] Asymmetric key parser 'x509' registered
[    0.213884] io scheduler mq-deadline registered
[    0.213893] io scheduler kyber registered
[    0.213956] io scheduler bfq registered
[    0.215547] ledtrig-cpu: registered to indicate activity on CPUs
[    0.222480] Serial: 8250/16550 driver, 6 ports, IRQ sharing enabled
[    0.258883] brd: module loaded
[    0.277390] loop: module loaded
[    0.278297] mtdoops: mtd device (mtddev=name/number) must be supplied
[    0.281321] i2c_dev: i2c /dev entries driver
[    0.282475] cpuidle: enable-method property 'ti,am3352' found operations
[    0.282909] sdhci: Secure Digital Host Controller Interface driver
[    0.282917] sdhci: Copyright(c) Pierre Ossman
[    0.283087] sdhci-pltfm: SDHCI platform and OF driver helper
[    0.284074] Initializing XFRM netlink socket
[    0.284209] NET: Registered PF_INET6 protocol family
[    0.296277] Segment Routing with IPv6
[    0.296363] In-situ OAM (IOAM) with IPv6
[    0.296460] sit: IPv6, IPv4 and MPLS over IPv4 tunneling driver
[    0.297388] NET: Registered PF_PACKET protocol family
[    0.297423] NET: Registered PF_KEY protocol family
[    0.297546] Key type dns_resolver registered
[    0.297768] ThumbEE CPU extension supported.
[    0.297787] Registering SWP/SWPB emulation handler
[    0.298306] omap_voltage_late_init: Voltage driver support not added
[    0.298650] SmartReflex Class3 initialized
[    0.328601] Loading compiled-in X.509 certificates
[    0.372930] /ocp/interconnect@44c00000/segment@200000/target-module@b000/i2c@0/tda19988@70: Fixed dependency cycle(s) with /ocp/interconnect@48000000/segment@300000/target-module@e000/lcdc@0
[    0.379159] /ocp/interconnect@44c00000/segment@200000/target-module@b000/i2c@0/tda19988@70: Fixed dependency cycle(s) with /ocp/interconnect@48000000/segment@300000/target-module@e000/lcdc@0
[    0.405996] /ocp/interconnect@44c00000/segment@200000/target-module@b000/i2c@0/tda19988@70: Fixed dependency cycle(s) with /ocp/interconnect@48000000/segment@300000/target-module@e000/lcdc@0
[    0.406848] /ocp/interconnect@44c00000/segment@200000/target-module@b000/i2c@0/tda19988@70: Fixed dependency cycle(s) with /ocp/interconnect@48000000/segment@300000/target-module@e000/lcdc@0
[    0.410079] /ocp/interconnect@44c00000/segment@200000/target-module@10000/scm@0/pinmux@800: Fixed dependency cycle(s) with /ocp/interconnect@44c00000/segment@200000/target-module@10000/scm@0/pinmux@800/clkout2-pins
[    0.410675] pinctrl-single 44e10800.pinmux: 142 pins, size 568
[    0.415993] ti-sysc 44e31000.target-module: probe with driver ti-sysc failed with error -16
[    0.444593] /ocp/interconnect@48000000/segment@300000/target-module@e000/lcdc@0: Fixed dependency cycle(s) with /ocp/interconnect@44c00000/segment@200000/target-module@b000/i2c@0/tda19988@70
[    0.452235] ti-sysc 48040000.target-module: probe with driver ti-sysc failed with error -16
[    0.507048] OMAP GPIO hardware version 0.1
[    0.547364] omap_i2c 4819c000.i2c: bus 2 rev0.11 at 100 kHz
[    0.562275] 48000000.interconnect:segment@200000:target-module@0:mpu@0:fck: device ID is greater than 24
[    0.563205] /ocp/interconnect@48000000/segment@300000/target-module@e000/lcdc@0: Fixed dependency cycle(s) with /ocp/interconnect@44c00000/segment@200000/target-module@b000/i2c@0/tda19988@70
[    0.565850] /ocp/interconnect@48000000/segment@300000/target-module@e000/lcdc@0: Fixed dependency cycle(s) with /ocp/interconnect@44c00000/segment@200000/target-module@b000/i2c@0/tda19988@70
[    0.566519] /ocp/interconnect@44c00000/segment@200000/target-module@b000/i2c@0/tda19988@70: Fixed dependency cycle(s) with /ocp/interconnect@48000000/segment@300000/target-module@e000/lcdc@0
[    0.566685] /ocp/int erconnect@48000000/segment@300000/target-module@e000/lcdc@0: Fixed dependency cycle(s) with /ocp/interconnect@44c00000/segment@200000/target-module@b000/i2c@0/tda19988@70
[    0.577930] sdhci-omap 481d8000.mmc: supply pbias not found, using dummy regulator
[    0.578426] sdhci-omap 481d8000.mmc: supply vqmmc not found, using dummy regulator
[    0.634511] davinci_mdio 4a101000.mdio: davinci mdio revision 1.6, bus freq 1000000
[    0.753232] davinci_mdio 4a101000.mdio: phy[0]: device 4a101000.mdio:00,  driver SMSC LAN8710/LAN8720
[    0.753995] cpsw-switch 4a100000.switch: initialized cpsw ale version 1.4
[    0.754019] cpsw-switch 4a100000.switch: ALE Table size 1024, Policers 0
[    0.754170] cpsw-switch 4a100000.switch: cpts: overflow check period 500 (jiffies)
[    0.754185] cpsw-switch 4a100000.switch: CPTS: ref_clk_freq:250000000 calc_mult:2147483648 calc_shift:29 error:0 nsec/sec
[    0.754295] cpsw-switch 4a100000.switch: Detected MACID = 6c:ec:eb:68:de:78
[    0.756115] cpsw-switch 4a100000.switch: initialized (regs 0x4a100000, pool size 256) hw_ver:0019010C 1.12 (0)
[    0.766867] debugfs: Directory '49000000.dma' with parent 'dmaengine' already present!
[    0.766909] edma 49000000.dma: TI EDMA DMA engine driver
[    0.794924] target-module@4b000000:target-module@140000:pmu@0:fck: device ID is greater than 24
[    0.817786] hw perfevents: enabled with armv7_cortex_a8 PMU driver, 5 (8000000f) counters available
[    0.825426] l3-aon-clkctrl:0000:0: failed to disable
[    0.828281] 44e09000.serial: ttyS0 at MMIO 0x44e09000 (irq = 34, base_baud = 3000000) is a 8250
[    0.828365] printk: legacy console [ttyS0] enabled
[    2.302582] tps65217-pmic: Failed to locate of_node [id: -1]
[    2.308628] tps65217-bl: Failed to locate of_node [id: -1]
[    2.319891] tps65217 0-0024: TPS65217 ID 0xe version 1.2
[    2.326025] /ocp/interconnect@48000000/segment@300000/target-module@e000/lcdc@0: Fixed dependency cycle(s) with /ocp/interconnect@44c00000/segment@200000/target-module@b000/i2c@0/tda1998
[    2.562451] mmcblk1: mmc1:0001 MMC04G 3.60 GiB
[    2.573875]  mmcblk1: p1 p2
[    2.578109] mmcblk1boot0: mmc1:0001 MMC04G 2.00 MiB
[    2.585260] mmcblk1boot1: mmc1:0001 MMC04G 2.00 MiB
[    2.592551] mmcblk1rpmb: mmc1:0001 MMC04G 128 KiB, chardev (250:0)
[    5.682395] cpsw-switch 4a100000.switch eth0: Link is Up - 100Mbps/Full - flow control off
[    5.721844] IP-Config: Complete:
[    5.725119]      device=eth0, hwaddr=6c:ec:eb:68:de:78, ipaddr=192.168.255.1, mask=255.255.255.0, gw=255.255.255.255
[    5.735790]      host=bbb1, domain=, nis-domain=(none)
[    5.740960]      bootserver=192.168.255.126, rootserver=192.168.255.126, rootpath=
[    5.741404] clk: Disabling unused clocks
[    5.753246] PM: genpd: Disabling unused power domains
[    5.758361] KTAP version 1
[    5.761083] 1..0
[    5.785255] VFS: Mounted root (nfs filesystem) on device 0:17.
[    5.792149] devtmpfs: mounted
[    5.796550] Freeing unused kernel image (initmem) memory: 1024K
[    5.803362] Run /sbin/init as init process
[    6.492623] systemd[1]: System time before build time, advancing clock.
[    7.941635] random: crng init done
[    7.982670] systemd[1]: systemd 232 running in system mode. (+PAM +AUDIT +SELINUX +IMA +APPARMOR +SMACK +SYSVINIT +UTMP +LIBCRYPTSETUP +GCRYPT +GNUTLS +ACL +XZ +LZ4 +SECCOMP +BLKID +ELFUTILS +KMOD +IDN)
[    8.001810] systemd[1]: Detected architecture arm.

Welcome to [1mDebian GNU/Linux 9 (stretch)[0m!

[    8.034587] systemd[1]: Set hostname to <arm>.
[    9.104545] systemd[1]: Reached target Remote File Systems.
[[0;32m  OK  [0m] Reached target Remote File Systems.
[    9.122568] systemd[1]: Started Forward Password Requests to Wall Directory Watch.
[[0;32m  OK  [0m] Started Forward Password Requests to Wall Directory Watch.
[    9.153543] systemd[1]: Listening on Syslog Socket.
[[0;32m  OK  [0m] Listening on Syslog Socket.
[    9.183466] systemd[1]: Listening on /dev/initctl Compatibility Named Pipe.
[[0;32m  OK  [0m] Listening on /dev/initctl Compatibility Named Pipe.
[    9.212676] systemd[1]: Listening on Journal Audit Socket.
[[0;32m  OK  [0m] Listening on Journal Audit Socket.
[    9.243291] systemd[1]: Created slice System Slice.
[[0;32m  OK  [0m] Created slice System Slice.
[    9.273071] systemd[1]: Created slice system-getty.slice.
[[0;32m  OK  [0m] Created slice system-getty.slice.
         Mounting POSIX Message Queue File System...
[[0;32m  OK  [0m] Listening on Journal Socket (/dev/log).
[[0;32m  OK  [0m] Listening on udev Kernel Socket.
         Mounting Debug File System...
[[0;32m  OK  [0m] Reached target Swap.
[[0;32m  OK  [0m] Created slice system-serial\x2dgetty.slice.
[[0;32m  OK  [0m] Started Dispatch Password Requests to Console Directory Watch.
[[0;32m  OK  [0m] Reached target Encrypted Volumes.
[[0;32m  OK  [0m] Reached target Paths.
[[0;32m  OK  [0m] Listening on udev Control Socket.
[[0;32m  OK  [0m] Set up automount Arbitrary Executabâ€¦rmats File System Automount Point.
[[0;32m  OK  [0m] Listening on Journal Socket.
         Starting Create list of required stâ€¦ce nodes for the current kernel...
         Starting Journal Service...
         Starting Remount Root and Kernel File Systems...
         Starting Load Kernel Modules...
[[0;32m  OK  [0m] Created slice User and Session Slice.
[[0;32m  OK  [0m] Reached target Slices.
[[0;32m  OK  [0m] Mounted POSIX Message Queue File System.
[[0;32m  OK  [0m] Mounted Debug File System.
[[0;32m  OK  [0m] Started Create list of required staâ€¦vice nodes for the current kernel.
[[0;32m  OK  [0m] Started Remount Root and Kernel File Systems.
         Starting Load/Save Random Seed...
         Starting udev Coldplug all Devices...
         Starting Create Static Device Nodes in /dev...
[[0;32m  OK  [0m] Started Load Kernel Modules.
         Mounting Configuration File System...
         Starting Apply Kernel Variables...
[[0;32m  OK  [0m] Started Load/Save Random Seed.
[[0;32m  OK  [0m] Mounted Configuration File System.
[[0;32m  OK  [0m] Started Apply Kernel Variables.
[[0;32m  OK  [0m] Started Journal Service.
         Starting Flush Journal to Persistent Storage...
[[0;32m  OK  [0m] Started Create Static Device Nodes in /dev.
         Starting udev Kernel Device Manager...
[[0;32m  OK  [0m] Reached target Local File Systems (Pre).
[[0;32m  OK  [0m] Reached target Local File Systems.
         Starting Raise network interfaces...
[   11.223868] systemd-journald[85]: Received request to flush runtime journal from PID 1
[[0;32m  OK  [0m] Started Flush Journal to Persistent Storage.
         Starting Create Volatile Files and Directories...
[[0;32m  OK  [0m] Started udev Kernel Device Manager.
[[0;32m  OK  [0m] Started Create Volatile Files and Directories.
         Starting Network Time Synchronization...
         Starting Update UTMP about System Boot/Shutdown...
[[0;32m  OK  [0m] Started Update UTMP about System Boot/Shutdown.
[[0;32m  OK  [0m] Started udev Coldplug all Devices.
[   14.507529] omap_rtc 44e3e000.rtc: registered as rtc0
[   14.512935] omap_rtc 44e3e000.rtc: setting system clock to 2000-01-01T00:00:00 UTC (946684800)
[   14.595175] remoteproc remoteproc0: wkup_m3 is available
[   14.860638] omap_wdt: OMAP Watchdog Timer Rev 0x01: initial timeout 60 sec
[   15.000280] am335x-phy-driver 47401300.usb-phy: dummy supplies not allowed for exclusive requests (id=vbus)
[   15.035166] tps6521x_pwrbutton tps65217-pwrbutton: DMA mask not set
[   15.065025] at24 2-0054: supply vcc not found, using dummy regulator
[[0;32m  OK  [0m] Found device /dev/ttyS0.
[[0;32m  OK  [0m] Started Network Time Synchronization.
[[0;32m  OK  [0m] Reached target System Time Synchronized.
[   15.200568] input: tps65217_pwrbutton as /devices/platform/ocp/44c00000.interconnect/44c00000.interconnect:segment@200000/44e0b000.target-module/44e0b000.i2c/i2c-0/0-0024/tps65217-pwrbutton/input/input0
[   15.226780] am335x-phy-driver 47401b00.usb-phy: dummy supplies not allowed for exclusive requests (id=vbus)
[[0;32m  OK  [0m] Reached target System Initialization.[   15.242477] at24 2-0055: supply vcc not found, using dummy regulator

[[0;32m  OK  [0m] Started Daily Cleanup of Temporary Directories.
[   15.374643] at24 2-0056: supply vcc not found, using dummy regulator
[[0;32m  OK  [0m] Started Daily apt download activities.
[   15.467299] wkup_m3_ipc 44e11324.wkup_m3_ipc: IPC Request for A8->M3 Channel failed! -517
[   15.478914] at24 2-0057: supply vcc not found, using dummy regulator
[[0;32m  OK  [0m] Started Daily apt upgrade and clean activities.
[[0;32m  OK  [0m] Reached target Timers.
[   15.613326] at24 0-0050: 32768 byte 24c256 EEPROM, writable, 1 bytes/write
[   15.622586] wkup_m3_ipc 44e11324.wkup_m3_ipc: IPC Request for A8->M3 Channel failed! -517
[   15.680531] wkup_m3_ipc 44e11324.wkup_m3_ipc: IPC Request for A8->M3 Channel failed! -517
[[0;32m  OK  [0m] Listening on Avahi mDNS/DNS-SD Stack Activation Socket.
[[0;32m  OK  [0m] Listening on D-Bus System Message Bus Socket.
[[0;32m  OK  [0m] Reached target Sockets.
[[0;32m  OK  [0m] Reached target Basic System.
         Starting System Logging Service...
         Starting Generic Board Startup...
[   16.222540] usbcore: registered new interface driver usbfs
[   16.228177] usbcore: registered new interface driver hub
[   16.233829] usbcore: registered new device driver usb
[[0;32m  OK  [0m] Started Regular background program processing daemon.
[[0;32m  OK  [0m] Started D-Bus System Message Bus.
[   16.878295] wkup_m3_ipc 44e11324.wkup_m3_ipc: IPC Request for A8->M3 Channel failed! -517
[   16.982550] musb-hdrc musb-hdrc.1: MUSB HDRC host driver
[   16.988073] musb-hdrc musb-hdrc.1: new USB bus registered, assigned bus number 1
[   17.023355] wkup_m3_ipc 44e11324.wkup_m3_ipc: IPC Request for A8->M3 Channel failed! -517
[   17.056841] tda998x 0-0070: found TDA19988
[   17.205028] wkup_m3_ipc 44e11324.wkup_m3_ipc: IPC Request for A8->M3 Channel failed! -517
[   17.264698] usb usb1: New USB device found, idVendor=1d6b, idProduct=0002, bcdDevice= 6.12
[   17.273229] usb usb1: New USB device strings: Mfr=3, Product=2, SerialNumber=1
[   17.280499] usb usb1: Product: MUSB HDRC host driver
[   17.285594] usb usb1: Manufacturer: Linux 6.12.34 musb-hcd
[   17.291115] usb usb1: SerialNumber: musb-hdrc.1
[   17.565310] omap-mailbox 480c8000.mailbox: omap mailbox rev 0x400
[   17.644203] remoteproc remoteproc0: powering up wkup_m3
[   17.694138] hub 1-0:1.0: USB hub found
[   17.776843] hub 1-0:1.0: 1 port detected
[   17.803912] remoteproc remoteproc0: Direct firmware load for am335x-pm-firmware.elf failed with error -2
[   17.813631] remoteproc remoteproc0: request_firmware failed: -2
[   17.819595] wkup_m3_ipc 44e11324.wkup_m3_ipc: rproc_boot failed
[   19.353926] tilcdc 4830e000.lcdc: bound 0-0070 (ops 0xbf0770fc)
[   19.452155] [drm] Initialized tilcdc 1.0.0 for 4830e000.lcdc on minor 0
[   19.464281] omap_rng 48310000.rng: Random Number Generator ver. 20
[   19.564897] tilcdc 4830e000.lcdc: [drm] Cannot find any crtc or sizes
[   19.576421] tilcdc 4830e000.lcdc: [drm] Cannot find any crtc or sizes
         Starting Connection service...
         Starting Avahi mDNS/DNS-SD Stack...
         Starting DUN service...
         Starting Telephony service...
         Starting LSB: Start busybox udhcpd at boot time...
         Starting Cape Manager Service...
         Starting Login Service...
         Starting LSB: Load kernel modules needed to enable cpufreq scaling...
[   20.853481] PM: Cannot get wkup_m3_ipc handle
[   20.903050] omap-sham 53100000.sham: hw accel on OMAP rev 4.3
[   21.043008] omap-sham 53100000.sham: will run requests pump with realtime priority
[   21.052285] PM: Cannot get wkup_m3_ipc handle
[[0;32m  OK  [0m] Started System Logging Service.
[   21.252081] omap-aes 53500000.aes: OMAP AES hw accel rev: 3.2
[   21.369932] omap-aes 53500000.aes: will run requests pump with realtime priority
[   21.383166] PM: Cannot get wkup_m3_ipc handle
[[0;32m  OK  [0m] Started Cape Manager Service.
[   24.334109] Bluetooth: Core ver 2.22
[   24.337931] NET: Registered PF_BLUETOOTH protocol family
[   24.343478] Bluetooth: HCI device and connection manager initialized
[   24.349896] Bluetooth: HCI socket layer initialized
[   24.354887] Bluetooth: L2CAP socket layer initialized
[   24.360008] Bluetooth: SCO socket layer initialized
[   25.123727] PM: Cannot get wkup_m3_ipc handle
[   25.242025] PM: Cannot get wkup_m3_ipc handle
[[0;32m  OK  [0m] Started LSB: Start busybox udhcpd at boot time.
[[0;32m  OK  [0m] Started Raise network interfaces.
[   27.941497] configfs-gadget.g_multi gadget.0: HOST MAC 1c:ba:8c:a2:ed:6c
[   27.948488] configfs-gadget.g_multi gadget.0: MAC 1c:ba:8c:a2:ed:70
[   27.955894] configfs-gadget.g_multi gadget.0: HOST MAC 1c:ba:8c:a2:ed:6c
[   27.962772] configfs-gadget.g_multi gadget.0: MAC 1c:ba:8c:a2:ed:6d
[   27.978420] PM: Cannot get wkup_m3_ipc handle
[[0;32m  OK  [0m] Started LSB: Load kernel modules needed to enable cpufreq scaling.
[[0;32m  OK  [0m] Started DUN service.
[[0;32m  OK  [0m] Started Telephony service.
[[0;32m  OK  [0m] Started Avahi mDNS/DNS-SD Stack.
[[0;32m  OK  [0m] Started Connection service.
[[0;32m  OK  [0m] Started Login Service.
[[0;32m  OK  [0m] Reached target Sound Card.
         Starting LSB: set CPUFreq kernel parameters...
[[0;32m  OK  [0m] Reached target Network.
         Starting OpenBSD Secure Shell server...
         Starting Permit User Sessions...
         Starting The Apache HTTP Server...
[[0;32m  OK  [0m] Reached target Network is Online.
         Starting LSB: Advanced IEEE 802.11 management daemon...
[[0;32m  OK  [0m] Started Permit User Sessions.
[[0;32m  OK  [0m] Started LSB: Advanced IEEE 802.11 management daemon.
         Starting Hostname Service...
         Starting WPA supplicant...
[[0;32m  OK  [0m] Started Serial Getty on ttyS0.
[[0;32m  OK  [0m] Started Getty on tty1.
[[0;32m  OK  [0m] Reached target Login Prompts.
[[0;32m  OK  [0m] Started LSB: set CPUFreq kernel parameters.
[[0;32m  OK  [0m] Started WPA supplicant.
[[0;32m  OK  [0m] Started Hostname Service.
         Stopping LSB: Start busybox udhcpd at boot time...
[[0;32m  OK  [0m] Started OpenBSD Secure Shell server.
[[0;32m  OK  [0m] Stopped LSB: Start busybox udhcpd at boot time.
         Starting dnsmasq - A lightweight DHCP and caching DNS server...
[[0;32m  OK  [0m] Started The Apache HTTP Server.
[[0;32m  OK  [0m] Started dnsmasq - A lightweight DHCP and caching DNS server.
[[0;32m  OK  [0m] Reached target Host and Network Name Lookups.
[[0;32m  OK  [0m] Started Serial Getty on ttyGS0.
[[0;32m  OK  [0m] Started Generic Board Startup.
[[0;32m  OK  [0m] Reached target Multi-User System.
[[0;32m  OK  [0m] Reached target Graphical Interface.
         Starting Update UTMP about System Runlevel Changes...
[[0;32m  OK  [0m] Started Update UTMP about System Runlevel Changes.

Debian GNU/Linux 9 arm ttyS0

default username:password is [debian:temppwd]

arm login: root
Password: 
Last login: Sat Jan  1 00:00:30 UTC 2000 on ttyS0
root
Linux arm 6.12.34 #1 SMP Thu Jun 19 18:00:57 EEST 2025 armv7l

The programs included with the Debian GNU/Linux system are free software;
the exact distribution terms for each program are described in the
individual files in /usr/share/doc/*/copyright.

Debian GNU/Linux comes with ABSOLUTELY NO WARRANTY, to the extent
permitted by applicable law.
root@arm:~# root
dmesg -n 1
-bash: root: command not found
root@arm:~# dmesg -n 1
root@arm:~# echo 'KFGN''SWFYJX'
KFGNSWFYJX
root@arm:~# run() { echo -n "$MARKER"; sh -c "$@"; echo "$MARKER $?"; }
root@arm:~# echo 'EHLU''MLZNKS'
EHLUMLZNKS
root@arm:~# MARKER='UKET''CNPVPS' run 'cat /proc/version'
UKETCNPVPSLinux version 6.12.34 (user01@drvtest01) (arm-none-eabi-gcc (Arm GNU Toolchain 14.2.Rel1 (Build arm-14.52)) 14.2.1 20241119, GNU ld (Arm GNU Toolchain 14.2.Rel1 (Build arm-14.52)) 2.43.1.20241119) #1 SMP Thu Jun 19 18:00:57 EEST 2025
UKETCNPVPS 0
root@arm:~# echo 'EWGE''SFYGTP'
EWGESFYGTP
root@arm:~# MARKER='JGUY''CBFXQN' run false
JGUYCBFXQNJGUYCBFXQN 1
root@arm:~# Labgrid Console Logfile for main
Logfile started at 2025-06-19 18:06:40.893489
=== Log starts here ===

root@arm:~# run() { echo -n "$MARKER"; sh -c "$@"; echo "$MARKER $?"; }
root@arm:~# echo 'FUCB''EUSCHX'
FUCBEUSCHX
root@arm:~# MARKER='AELC''MWJQZB' run 'ls /iio_generic_buffer; echo $?'
AELCMWJQZB/iio_generic_buffer
0
AELCMWJQZB 0
root@arm:~# Labgrid Console Logfile for main
Logfile started at 2025-06-19 18:06:44.290809
=== Log starts here ===

root@arm:~# run() { echo -n "$MARKER"; sh -c "$@"; echo "$MARKER $?"; }
root@arm:~# echo 'UFCO''LKPAEZ'
UFCOLKPAEZ
root@arm:~# MARKER='POZB''NNYWXP' run dmesg
POZBNNYWXP[    0.000000] Booting Linux on physical CPU 0x0
[    0.000000] Linux version 6.12.34 (user01@drvtest01) (arm-none-eabi-gcc (Arm GNU Toolchain 14.2.Rel1 (Build arm-14.52)) 14.2.1 20241119, GNU ld (Arm GNU Toolchain 14.2.Rel1 (Build arm-14.52)) 2.43.1.20241119) #1 SMP Thu Jun 19 18:00:57 EEST 2025
[    0.000000] CPU: ARMv7 Processor [413fc082] revision 2 (ARMv7), cr=10c5387d
[    0.000000] CPU: PIPT / VIPT nonaliasing data cache, VIPT aliasing instruction cache
[    0.000000] OF: fdt: Machine model: TI AM335x BeagleBone Black
[    0.000000] Memory policy: Data cache writeback
[    0.000000] cma: Reserved 16 MiB at 0x9e800000 on node -1
[    0.000000] Zone ranges:
[    0.000000]   Normal   [mem 0x0000000080000000-0x000000009fdfffff]
[    0.000000]   HighMem  empty
[    0.000000] Movable zone start for each node
[    0.000000] Early memory node ranges
[    0.000000]   node   0: [mem 0x0000000080000000-0x000000009fdfffff]
[    0.000000] Initmem setup node 0 [mem 0x0000000080000000-0x000000009fdfffff]
[    0.000000] OF: reserved mem: Reserved memory: No reserved-memory node in the DT
[    0.000000] CPU: All CPU(s) started in SVC mode.
[    0.000000] AM335X ES2.1 (sgx neon)
[    0.000000] percpu: Embedded 17 pages/cpu s40396 r8192 d21044 u69632
[    0.000000] pcpu-alloc: s40396 r8192 d21044 u69632 alloc=17*4096
[    0.000000] pcpu-alloc: [0] 0 
[    0.000000] Kernel command line: console=ttyO0,115200n8 root=/dev/nfs rw nfsroot=192.168.255.126:/home/user01/nfs,nfsvers=3 ip=192.168.255.1:192.168.255.126::255.255.255.0:bbb1:eth0 nfsrootdebug
[    0.000000] Unknown kernel command line parameters "nfsrootdebug", will be passed to user space.
[    0.000000] Dentry cache hash table entries: 65536 (order: 6, 262144 bytes, linear)
[    0.000000] Inode-cache hash table entries: 32768 (order: 5, 131072 bytes, linear)
[    0.000000] Built 1 zonelists, mobility grouping on.  Total pages: 130560
[    0.000000] mem auto-init: stack:off, heap alloc:off, heap free:off
[    0.000000] SLUB: HWalign=64, Order=0-3, MinObjects=0, CPUs=1, Nodes=1
[    0.000000] rcu: Hierarchical RCU implementation.
[    0.000000] rcu: 	RCU event tracing is enabled.
[    0.000000] rcu: 	RCU restricting CPUs from NR_CPUS=2 to nr_cpu_ids=1.
[    0.000000] rcu: RCU calculated value of scheduler-enlistment delay is 10 jiffies.
[    0.000000] rcu: Adjusting geometry for rcu_fanout_leaf=16, nr_cpu_ids=1
[    0.000000] NR_IRQS: 16, nr_irqs: 16, preallocated irqs: 16
[    0.000000] IRQ: Found an INTC at 0x(ptrval) (revision 5.0) with 128 interrupts
[    0.000000] rcu: srcu_init: Setting srcu_struct sizes based on contention.
[    0.000000] TI gptimer clocksource: always-on /ocp/interconnect@44c00000/segment@200000/target-module@31000
[    0.000003] sched_clock: 32 bits at 24MHz, resolution 41ns, wraps every 89478484971ns
[    0.000028] clocksource: dmtimer: mask: 0xffffffff max_cycles: 0xffffffff, max_idle_ns: 79635851949 ns
[    0.000488] TI gptimer clockevent: 24000000 Hz at /ocp/interconnect@48000000/segment@0/target-module@40000
[    0.002095] Console: colour dummy device 80x30
[    0.002158] WARNING: Your 'console=ttyO0' has been replaced by 'ttyS0'
[    0.002165] This ensures that you still see kernel messages. Please
[    0.002170] update your kernel commandline.
[    0.002213] Calibrating delay loop... 996.14 BogoMIPS (lpj=4980736)
[    0.090537] CPU: Testing write buffer coherency: ok
[    0.090649] CPU0: Spectre v2: using BPIALL workaround
[    0.090659] pid_max: default: 32768 minimum: 301
[    0.090789] LSM: initializing lsm=capability
[    0.090963] Mount-cache hash table entries: 1024 (order: 0, 4096 bytes, linear)
[    0.090985] Mountpoint-cache hash table entries: 1024 (order: 0, 4096 bytes, linear)
[    0.092549] CPU0: thread -1, cpu 0, socket -1, mpidr 0
[    0.094553] Setting up static identity map for 0x80100000 - 0x80100078
[    0.094883] rcu: Hierarchical SRCU implementation.
[    0.094893] rcu: 	Max phase no-delay instances is 1000.
[    0.096634] smp: Bringing up secondary CPUs ...
[    0.096689] smp: Brought up 1 node, 1 CPU
[    0.096701] SMP: Total of 1 processors activated (996.14 BogoMIPS).
[    0.096714] CPU: All CPU(s) started in SVC mode.
[    0.096900] Memory: 480868K/522240K available (11264K kernel code, 1211K rwdata, 2876K rodata, 1024K init, 295K bss, 23360K reserved, 16384K cma-reserved, 0K highmem)
[    0.097703] devtmpfs: initialized
[    0.114263] VFP support v0.3: implementor 41 architecture 3 part 30 variant c rev 3
[    0.114608] clocksource: jiffies: mask: 0xffffffff max_cycles: 0xffffffff, max_idle_ns: 19112604462750000 ns
[    0.114644] futex hash table entries: 256 (order: 2, 16384 bytes, linear)
[    0.115988] pinctrl core: initialized pinctrl subsystem
[    0.118103] NET: Registered PF_NETLINK/PF_ROUTE protocol family
[    0.121120] DMA: preallocated 256 KiB pool for atomic coherent allocations
[    0.122040] audit: initializing netlink subsys (disabled)
[    0.123395] thermal_sys: Registered thermal governor 'fair_share'
[    0.123410] thermal_sys: Registered thermal governor 'step_wise'
[    0.123419] thermal_sys: Registered thermal governor 'user_space'
[    0.123531] audit: type=2000 audit(0.120:1): state=initialized audit_enabled=0 res=1
[    0.123602] cpuidle: using governor menu
[    0.141585] /ocp/interconnect@44c00000/segment@200000/target-module@b000/i2c@0/tda19988@70: Fixed dependency cycle(s) with /ocp/interconnect@48000000/segment@300000/target-module@e000/lcdc@0
[    0.142715] /ocp/interconnect@48000000/segment@300000/target-module@e000/lcdc@0: Fixed dependency cycle(s) with /ocp/interconnect@44c00000/segment@200000/target-module@b000/i2c@0/tda19988@70
[    0.144896] No ATAGs?
[    0.144913] hw-breakpoint: debug architecture 0x4 unsupported.
[    0.147544] kprobes: kprobe jump-optimization is enabled. All kprobes are optimized if possible.
[    0.154170] iommu: Default domain type: Translated
[    0.154192] iommu: DMA domain TLB invalidation policy: strict mode
[    0.155755] reg-fixed-voltage fixedregulator0: using DT '/fixedregulator0' for '(default)' GPIO lookup
[    0.155807] of_get_named_gpiod_flags: can't parse 'gpios' property of node '/fixedregulator0[0]'
[    0.155836] of_get_named_gpiod_flags: can't parse 'gpio' property of node '/fixedregulator0[0]'
[    0.155853] reg-fixed-voltage fixedregulator0: using lookup tables for GPIO lookup
[    0.155862] reg-fixed-voltage fixedregulator0: No GPIO consumer (default) found
[    0.161389] SCSI subsystem initialized
[    0.161868] libata version 3.00 loaded.
[    0.162228] pps_core: LinuxPPS API ver. 1 registered
[    0.162239] pps_core: Software ver. 5.3.6 - Copyright 2005-2007 Rodolfo Giometti <giometti@linux.it>
[    0.162262] PTP clock support registered
[    0.171259] vgaarb: loaded
[    0.171611] clocksource: Switched to clocksource dmtimer
[    0.172264] VFS: Disk quotas dquot_6.6.0
[    0.172306] VFS: Dquot-cache hash table entries: 1024 (order 0, 4096 bytes)
[    0.196164] NET: Registered PF_INET protocol family
[    0.196501] IP idents hash table entries: 8192 (order: 4, 65536 bytes, linear)
[    0.197879] tcp_listen_portaddr_hash hash table entries: 512 (order: 0, 4096 bytes, linear)
[    0.197914] Table-perturb hash table entries: 65536 (order: 6, 262144 bytes, linear)
[    0.197931] TCP established hash table entries: 4096 (order: 2, 16384 bytes, linear)
[    0.197976] TCP bind hash table entries: 4096 (order: 4, 65536 bytes, linear)
[    0.198077] TCP: Hash tables configured (established 4096 bind 4096)
[    0.198195] UDP hash table entries: 256 (order: 1, 8192 bytes, linear)
[    0.198224] UDP-Lite hash table entries: 256 (order: 1, 8192 bytes, linear)
[    0.198394] NET: Registered PF_UNIX/PF_LOCAL protocol family
[    0.202283] RPC: Registered named UNIX socket transport module.
[    0.202304] RPC: Registered udp transport module.
[    0.202310] RPC: Registered tcp transport module.
[    0.202315] RPC: Registered tcp-with-tls transport module.
[    0.202320] RPC: Registered tcp NFSv4.1 backchannel transport module.
[    0.202345] PCI: CLS 0 bytes, default 64
[    0.203740] Initialise system trusted keyrings
[    0.212007] workingset: timestamp_bits=14 max_order=17 bucket_order=3
[    0.213273] NFS: Registering the id_resolver key type
[    0.213339] Key type id_resolver registered
[    0.213346] Key type id_legacy registered
[    0.213394] jffs2: version 2.2. (NAND) (SUMMARY)  Â© 2001-2006 Red Hat, Inc.
[    0.213803] Key type asymmetric registered
[    0.213817] Asymmetric key parser 'x509' registered
[    0.213884] io scheduler mq-deadline registered
[    0.213893] io scheduler kyber registered
[    0.213956] io scheduler bfq registered
[    0.215547] ledtrig-cpu: registered to indicate activity on CPUs
[    0.222480] Serial: 8250/16550 driver, 6 ports, IRQ sharing enabled
[    0.258883] brd: module loaded
[    0.277390] loop: module loaded
[    0.278297] mtdoops: mtd device (mtddev=name/number) must be supplied
[    0.279957] mdio_bus fixed-0: using lookup tables for GPIO lookup
[    0.279979] mdio_bus fixed-0: No GPIO consumer reset found
[    0.281321] i2c_dev: i2c /dev entries driver
[    0.282475] cpuidle: enable-method property 'ti,am3352' found operations
[    0.282909] sdhci: Secure Digital Host Controller Interface driver
[    0.282917] sdhci: Copyright(c) Pierre Ossman
[    0.283087] sdhci-pltfm: SDHCI platform and OF driver helper
[    0.284074] Initializing XFRM netlink socket
[    0.284209] NET: Registered PF_INET6 protocol family
[    0.296277] Segment Routing with IPv6
[    0.296363] In-situ OAM (IOAM) with IPv6
[    0.296460] sit: IPv6, IPv4 and MPLS over IPv4 tunneling driver
[    0.297388] NET: Registered PF_PACKET protocol family
[    0.297423] NET: Registered PF_KEY protocol family
[    0.297546] Key type dns_resolver registered
[    0.297768] ThumbEE CPU extension supported.
[    0.297787] Registering SWP/SWPB emulation handler
[    0.298306] omap_voltage_late_init: Voltage driver support not added
[    0.298650] SmartReflex Class3 initialized
[    0.328601] Loading compiled-in X.509 certificates
[    0.372930] /ocp/interconnect@44c00000/segment@200000/target-module@b000/i2c@0/tda19988@70: Fixed dependency cycle(s) with /ocp/interconnect@48000000/segment@300000/target-module@e000/lcdc@0
[    0.379159] /ocp/interconnect@44c00000/segment@200000/target-module@b000/i2c@0/tda19988@70: Fixed dependency cycle(s) with /ocp/interconnect@48000000/segment@300000/target-module@e000/lcdc@0
[    0.384677] gpiochip_find_base_unlocked: found new base at 512
[    0.405996] /ocp/interconnect@44c00000/segment@200000/target-module@b000/i2c@0/tda19988@70: Fixed dependency cycle(s) with /ocp/interconnect@48000000/segment@300000/target-module@e000/lcdc@0
[    0.406848] /ocp/interconnect@44c00000/segment@200000/target-module@b000/i2c@0/tda19988@70: Fixed dependency cycle(s) with /ocp/interconnect@48000000/segment@300000/target-module@e000/lcdc@0
[    0.410079] /ocp/interconnect@44c00000/segment@200000/target-module@10000/scm@0/pinmux@800: Fixed dependency cycle(s) with /ocp/interconnect@44c00000/segment@200000/target-module@10000/scm@0/pinmux@800/clkout2-pins
[    0.410675] pinctrl-single 44e10800.pinmux: 142 pins, size 568
[    0.415993] ti-sysc 44e31000.target-module: probe with driver ti-sysc failed with error -16
[    0.444593] /ocp/interconnect@48000000/segment@300000/target-module@e000/lcdc@0: Fixed dependency cycle(s) with /ocp/interconnect@44c00000/segment@200000/target-module@b000/i2c@0/tda19988@70
[    0.452235] ti-sysc 48040000.target-module: probe with driver ti-sysc failed with error -16
[    0.462944] gpiochip_find_base_unlocked: found new base at 512
[    0.463043] gpio gpiochip0: (gpio-0-31): created GPIO range 0->7 ==> 44e10800.pinmux PIN 0->7
[    0.463062] gpio gpiochip0: (gpio-0-31): created GPIO range 8->11 ==> 44e10800.pinmux PIN 90->93
[    0.463078] gpio gpiochip0: (gpio-0-31): created GPIO range 12->27 ==> 44e10800.pinmux PIN 12->27
[    0.463094] gpio gpiochip0: (gpio-0-31): created GPIO range 28->31 ==> 44e10800.pinmux PIN 30->33
[    0.506801] gpio gpiochip0: (gpio-0-31): added GPIO chardev (254:0)
[    0.506961] gpio gpiochip0: registered GPIOs 512 to 543 on gpio-0-31
[    0.507048] OMAP GPIO hardware version 0.1
[    0.546347] i2c i2c-2: using DT '/ocp/interconnect@48000000/segment@100000/target-module@9c000/i2c@0' for 'scl' GPIO lookup
[    0.546418] of_get_named_gpiod_flags: can't parse 'scl-gpios' property of node '/ocp/interconnect@48000000/segment@100000/target-module@9c000/i2c@0[0]'
[    0.546460] of_get_named_gpiod_flags: can't parse 'scl-gpio' property of node '/ocp/interconnect@48000000/segment@100000/target-module@9c000/i2c@0[0]'
[    0.546496] i2c i2c-2: using lookup tables for GPIO lookup
[    0.546504] i2c i2c-2: No GPIO consumer scl found
[    0.546527] i2c i2c-2: using DT '/ocp/interconnect@48000000/segment@100000/target-module@9c000/i2c@0' for 'sda' GPIO lookup
[    0.546561] of_get_named_gpiod_flags: can't parse 'sda-gpios' property of node '/ocp/interconnect@48000000/segment@100000/target-module@9c000/i2c@0[0]'
[    0.546597] of_get_named_gpiod_flags: can't parse 'sda-gpio' property of node '/ocp/interconnect@48000000/segment@100000/target-module@9c000/i2c@0[0]'
[    0.546627] i2c i2c-2: using lookup tables for GPIO lookup
[    0.546635] i2c i2c-2: No GPIO consumer sda found
[    0.547364] omap_i2c 4819c000.i2c: bus 2 rev0.11 at 100 kHz
[    0.552635] gpiochip_find_base_unlocked: found new base at 544
[    0.552739] gpio gpiochip1: (gpio-32-63): created GPIO range 0->17 ==> 44e10800.pinmux PIN 34->51
[    0.552759] gpio gpiochip1: (gpio-32-63): created GPIO range 18->21 ==> 44e10800.pinmux PIN 77->80
[    0.552775] gpio gpiochip1: (gpio-32-63): created GPIO range 22->31 ==> 44e10800.pinmux PIN 56->65
[    0.553557] gpio gpiochip1: (gpio-32-63): added GPIO chardev (254:1)
[    0.553695] gpio gpiochip1: registered GPIOs 544 to 575 on gpio-32-63
[    0.555811] gpiochip_find_base_unlocked: found new base at 576
[    0.555903] gpio gpiochip2: (gpio-64-95): created GPIO range 0->4 ==> 44e10800.pinmux PIN 66->70
[    0.555921] gpio gpiochip2: (gpio-64-95): created GPIO range 5->6 ==> 44e10800.pinmux PIN 98->99
[    0.555937] gpio gpiochip2: (gpio-64-95): created GPIO range 7->8 ==> 44e10800.pinmux PIN 75->76
[    0.555952] gpio gpiochip2: (gpio-64-95): created GPIO range 13->13 ==> 44e10800.pinmux PIN 141->141
[    0.555969] gpio gpiochip2: (gpio-64-95): created GPIO range 14->21 ==> 44e10800.pinmux PIN 100->107
[    0.556561] gpio gpiochip2: (gpio-64-95): added GPIO chardev (254:2)
[    0.556698] gpio gpiochip2: registered GPIOs 576 to 607 on gpio-64-95
[    0.562275] 48000000.interconnect:segment@200000:target-module@0:mpu@0:fck: device ID is greater than 24
[    0.563205] /ocp/interconnect@48000000/segment@300000/target-module@e000/lcdc@0: Fixed dependency cycle(s) with /ocp/interconnect@44c00000/segment@200000/target-module@b000/i2c@0/tda19988@70
[    0.565850] /ocp/interconnect@48000000/segment@300000/target-module@e000/lcdc@0: Fixed dependency cycle(s) with /ocp/interconnect@44c00000/segment@200000/target-module@b000/i2c@0/tda19988@70
[    0.566519] /ocp/interconnect@44c00000/segment@200000/target-module@b000/i2c@0/tda19988@70: Fixed dependency cycle(s) with /ocp/interconnect@48000000/segment@300000/target-module@e000/lcdc@0
[    0.566685] /ocp/interconnect@48000000/segment@300000/target-module@e000/lcdc@0: Fixed dependency cycle(s) with /ocp/interconnect@44c00000/segment@200000/target-module@b000/i2c@0/tda19988@70
[    0.576117] mdio_bus 4a101000.mdio: using DT '/ocp/interconnect@4a000000/segment@0/target-module@100000/switch@0/mdio@1000' for 'reset' GPIO lookup
[    0.576191] of_get_named_gpiod_flags: can't parse 'reset-gpios' property of node '/ocp/interconnect@4a000000/segment@0/target-module@100000/switch@0/mdio@1000[0]'
[    0.576239] of_get_named_gpiod_flags: can't parse 'reset-gpio' property of node '/ocp/interconnect@4a000000/segment@0/target-module@100000/switch@0/mdio@1000[0]'
[    0.576288] mdio_bus 4a101000.mdio: using lookup tables for GPIO lookup
[    0.576297] mdio_bus 4a101000.mdio: No GPIO consumer reset found
[    0.577580] sdhci-omap 481d8000.mmc: using DT '/ocp/interconnect@48000000/segment@100000/target-module@d8000/mmc@0' for 'wp' GPIO lookup
[    0.577646] of_get_named_gpiod_flags: can't parse 'wp-gpios' property of node '/ocp/interconnect@48000000/segment@100000/target-module@d8000/mmc@0[0]'
[    0.577692] of_get_named_gpiod_flags: can't parse 'wp-gpio' property of node '/ocp/interconnect@48000000/segment@100000/target-module@d8000/mmc@0[0]'
[    0.577727] sdhci-omap 481d8000.mmc: using lookup tables for GPIO lookup
[    0.577735] sdhci-omap 481d8000.mmc: No GPIO consumer wp found
[    0.577930] sdhci-omap 481d8000.mmc: supply pbias not found, using dummy regulator
[    0.578426] sdhci-omap 481d8000.mmc: supply vqmmc not found, using dummy regulator
[    0.634511] davinci_mdio 4a101000.mdio: davinci mdio revision 1.6, bus freq 1000000
[    0.655918] mdio_bus 4a101000.mdio:00: using DT '/ocp/interconnect@4a000000/segment@0/target-module@100000/switch@0/mdio@1000/ethernet-phy@0' for 'reset' GPIO lookup
[    0.656020] of_get_named_gpiod_flags: parsed 'reset-gpios' property of node '/ocp/interconnect@4a000000/segment@0/target-module@100000/switch@0/mdio@1000/ethernet-phy@0[0]' - status (0)
[    0.656182] gpio gpiochip0: Persistence not supported for GPIO 8
[    0.753232] davinci_mdio 4a101000.mdio: phy[0]: device 4a101000.mdio:00, driver SMSC LAN8710/LAN8720
[    0.753995] cpsw-switch 4a100000.switch: initialized cpsw ale version 1.4
[    0.754019] cpsw-switch 4a100000.switch: ALE Table size 1024, Policers 0
[    0.754170] cpsw-switch 4a100000.switch: cpts: overflow check period 500 (jiffies)
[    0.754185] cpsw-switch 4a100000.switch: CPTS: ref_clk_freq:250000000 calc_mult:2147483648 calc_shift:29 error:0 nsec/sec
[    0.754295] cpsw-switch 4a100000.switch: Detected MACID = 6c:ec:eb:68:de:78
[    0.756115] cpsw-switch 4a100000.switch: initialized (regs 0x4a100000, pool size 256) hw_ver:0019010C 1.12 (0)
[    0.766867] debugfs: Directory '49000000.dma' with parent 'dmaengine' already present!
[    0.766909] edma 49000000.dma: TI EDMA DMA engine driver
[    0.794924] target-module@4b000000:target-module@140000:pmu@0:fck: device ID is greater than 24
[    0.817786] hw perfevents: enabled with armv7_cortex_a8 PMU driver, 5 (8000000f) counters available
[    0.818702] gpio-clk clk_mcasp0: using DT '/clk_mcasp0' for 'enable' GPIO lookup
[    0.818770] of_get_named_gpiod_flags: parsed 'enable-gpios' property of node '/clk_mcasp0[0]' - status (0)
[    0.818813] gpio gpiochip0: Persistence not supported for GPIO 27
[    0.819608] gpiochip_find_base_unlocked: found new base at 608
[    0.819733] gpio gpiochip3: (gpio-96-127): created GPIO range 0->7 ==> 44e10800.pinmux PIN 82->89
[    0.819755] gpio gpiochip3: (gpio-96-127): created GPIO range 8->11 ==> 44e10800.pinmux PIN 52->55
[    0.819776] gpio gpiochip3: (gpio-96-127): created GPIO range 12->15 ==> 44e10800.pinmux PIN 94->97
[    0.819792] gpio gpiochip3: (gpio-96-127): created GPIO range 16->17 ==> 44e10800.pinmux PIN 71->72
[    0.819807] gpio gpiochip3: (gpio-96-127): created GPIO range 18->18 ==> 44e10800.pinmux PIN 135->135
[    0.819824] gpio gpiochip3: (gpio-96-127): created GPIO range 19->20 ==> 44e10800.pinmux PIN 108->109
[    0.819840] gpio gpiochip3: (gpio-96-127): created GPIO range 21->21 ==> 44e10800.pinmux PIN 73->73
[    0.819857] gpio gpiochip3: (gpio-96-127): created GPIO range 22->23 ==> 44e10800.pinmux PIN 8->9
[    0.819874] gpio gpiochip3: (gpio-96-127): created GPIO range 26->27 ==> 44e10800.pinmux PIN 10->11
[    0.819891] gpio gpiochip3: (gpio-96-127): created GPIO range 28->28 ==> 44e10800.pinmux PIN 74->74
[    0.819908] gpio gpiochip3: (gpio-96-127): created GPIO range 29->29 ==> 44e10800.pinmux PIN 81->81
[    0.819926] gpio gpiochip3: (gpio-96-127): created GPIO range 30->31 ==> 44e10800.pinmux PIN 28->29
[    0.825426] l3-aon-clkctrl:0000:0: failed to disable
[    0.825781] gpio gpiochip3: (gpio-96-127): added GPIO chardev (254:3)
[    0.825927] gpio gpiochip3: registered GPIOs 608 to 639 on gpio-96-127
[    0.827634] omap8250 44e09000.serial: using DT '/ocp/interconnect@44c00000/segment@200000/target-module@9000/serial@0' for 'rs485-term' GPIO lookup
[    0.827704] of_get_named_gpiod_flags: can't parse 'rs485-term-gpios' property of node '/ocp/interconnect@44c00000/segment@200000/target-module@9000/serial@0[0]'
[    0.827748] of_get_named_gpiod_flags: can't parse 'rs485-term-gpio' property of node '/ocp/interconnect@44c00000/segment@200000/target-module@9000/serial@0[0]'
[    0.827783] omap8250 44e09000.serial: using lookup tables for GPIO lookup
[    0.827792] omap8250 44e09000.serial: No GPIO consumer rs485-term found
[    0.827803] omap8250 44e09000.serial: using DT '/ocp/interconnect@44c00000/segment@200000/target-module@9000/serial@0' for 'rs485-rx-during-tx' GPIO lookup
[    0.827837] of_get_named_gpiod_flags: can't parse 'rs485-rx-during-tx-gpios' property of node '/ocp/interconnect@44c00000/segment@200000/target-module@9000/serial@0[0]'
[    0.827874] of_get_named_gpiod_flags: can't parse 'rs485-rx-during-tx-gpio' property of node '/ocp/interconnect@44c00000/segment@200000/target-module@9000/serial@0[0]'
[    0.827904] omap8250 44e09000.serial: using lookup tables for GPIO lookup
[    0.827912] omap8250 44e09000.serial: No GPIO consumer rs485-rx-during-tx found
[    0.828281] 44e09000.serial: ttyS0 at MMIO 0x44e09000 (irq = 34, base_baud = 3000000) is a 8250
[    0.828365] printk: legacy console [ttyS0] enabled
[    2.284286] i2c i2c-0: using DT '/ocp/interconnect@44c00000/segment@200000/target-module@b000/i2c@0' for 'scl' GPIO lookup
[    2.284373] of_get_named_gpiod_flags: can't parse 'scl-gpios' property of node '/ocp/interconnect@44c00000/segment@200000/target-module@b000/i2c@0[0]'
[    2.284419] of_get_named_gpiod_flags: can't parse 'scl-gpio' property of node '/ocp/interconnect@44c00000/segment@200000/target-module@b000/i2c@0[0]'
[    2.284460] i2c i2c-0: using lookup tables for GPIO lookup
[    2.284472] i2c i2c-0: No GPIO consumer scl found
[    2.284497] i2c i2c-0: using DT '/ocp/interconnect@44c00000/segment@200000/target-module@b000/i2c@0' for 'sda' GPIO lookup
[    2.284535] of_get_named_gpiod_flags: can't parse 'sda-gpios' property of node '/ocp/interconnect@44c00000/segment@200000/target-module@b000/i2c@0[0]'
[    2.284575] of_get_named_gpiod_flags: can't parse 'sda-gpio' property of node '/ocp/interconnect@44c00000/segment@200000/target-module@b000/i2c@0[0]'
[    2.284610] i2c i2c-0: using lookup tables for GPIO lookup
[    2.284622] i2c i2c-0: No GPIO consumer sda found
[    2.302582] tps65217-pmic: Failed to locate of_node [id: -1]
[    2.308628] tps65217-bl: Failed to locate of_node [id: -1]
[    2.319891] tps65217 0-0024: TPS65217 ID 0xe version 1.2
[    2.326025] /ocp/interconnect@48000000/segment@300000/target-module@e000/lcdc@0: Fixed dependency cycle(s) with /ocp/interconnect@44c00000/segment@200000/target-module@b000/i2c@0/tda19988@70
[    2.343385] /ocp/interconnect@44c00000/segment@200000/target-module@b000/i2c@0/tda19988@70: Fixed dependency cycle(s) with /ocp/interconnect@48000000/segment@300000/target-module@e000/lcdc@0
[    2.360752] omap_i2c 44e0b000.i2c: bus 0 rev0.11 at 400 kHz
[    2.368526] sdhci-omap 48060000.mmc: using DT '/ocp/interconnect@48000000/segment@0/target-module@60000/mmc@0' for 'cd' GPIO lookup
[    2.368635] of_get_named_gpiod_flags: parsed 'cd-gpios' property of node '/ocp/interconnect@48000000/segment@0/target-module@60000/mmc@0[0]' - status (0)
[    2.368703] gpio gpiochip3: Persistence not supported for GPIO 6
[    2.368728] omap_gpio 44e07000.gpio: Could not set line 6 debounce to 200000 microseconds (-22)
[    2.377606] sdhci-omap 48060000.mmc: Got CD GPIO
[    2.382288] sdhci-omap 48060000.mmc: using DT '/ocp/interconnect@48000000/segment@0/target-module@60000/mmc@0' for 'wp' GPIO lookup
[    2.382336] of_get_named_gpiod_flags: can't parse 'wp-gpios' property of node '/ocp/interconnect@48000000/segment@0/target-module@60000/mmc@0[0]'
[    2.382379] of_get_named_gpiod_flags: can't parse 'wp-gpio' property of node '/ocp/interconnect@48000000/segment@0/target-module@60000/mmc@0[0]'
[    2.382417] sdhci-omap 48060000.mmc: using lookup tables for GPIO lookup
[    2.382431] sdhci-omap 48060000.mmc: No GPIO consumer wp found
[    2.382640] sdhci-omap 48060000.mmc: supply pbias not found, using dummy regulator
[    2.391294] sdhci-omap 481d8000.mmc: using DT '/ocp/interconnect@48000000/segment@100000/target-module@d8000/mmc@0' for 'wp' GPIO lookup
[    2.391369] of_get_named_gpiod_flags: can't parse 'wp-gpios' property of node '/ocp/interconnect@48000000/segment@100000/target-module@d8000/mmc@0[0]'
[    2.391418] of_get_named_gpiod_flags: can't parse 'wp-gpio' property of node '/ocp/interconnect@48000000/segment@100000/target-module@d8000/mmc@0[0]'
[    2.391455] sdhci-omap 481d8000.mmc: using lookup tables for GPIO lookup
[    2.391467] sdhci-omap 481d8000.mmc: No GPIO consumer wp found
[    2.392826] sdhci-omap 48060000.mmc: supply vqmmc not found, using dummy regulator
[    2.401774] sdhci-omap 481d8000.mmc: supply pbias not found, using dummy regulator
[    2.409771] sdhci-omap 481d8000.mmc: supply vqmmc not found, using dummy regulator
[    2.448999] mmc1: SDHCI controller on 481d8000.mmc [481d8000.mmc] using External DMA
[    2.457482] mmc0: SDHCI controller on 48060000.mmc [48060000.mmc] using External DMA
[    2.466291] cpsw-switch 4a100000.switch: starting ndev. mode: dual_mac
[    2.510773] mmc0: new high speed SDHC card at address 5048
[    2.517837] mmcblk0: mmc0:5048 SD16G 14.4 GiB
[    2.525871]  mmcblk0: p1 p2
[    2.529254] mmcblk0: p2 size 31221760 extends beyond EOD, truncated
[    2.542877] SMSC LAN8710/LAN8720 4a101000.mdio:00: attached PHY driver (mii_bus:phy_addr=4a101000.mdio:00, irq=POLL)
[    2.555530] mmc1: new high speed MMC card at address 0001
[    2.562451] mmcblk1: mmc1:0001 MMC04G 3.60 GiB
[    2.573875]  mmcblk1: p1 p2
[    2.578109] mmcblk1boot0: mmc1:0001 MMC04G 2.00 MiB
[    2.585260] mmcblk1boot1: mmc1:0001 MMC04G 2.00 MiB
[    2.592551] mmcblk1rpmb: mmc1:0001 MMC04G 128 KiB, chardev (250:0)
[    5.682395] cpsw-switch 4a100000.switch eth0: Link is Up - 100Mbps/Full - flow control off
[    5.721844] IP-Config: Complete:
[    5.725119]      device=eth0, hwaddr=6c:ec:eb:68:de:78, ipaddr=192.168.255.1, mask=255.255.255.0, gw=255.255.255.255
[    5.735790]      host=bbb1, domain=, nis-domain=(none)
[    5.740960]      bootserver=192.168.255.126, rootserver=192.168.255.126, rootpath=
[    5.741404] clk: Disabling unused clocks
[    5.753246] PM: genpd: Disabling unused power domains
[    5.758361] KTAP version 1
[    5.761083] 1..0
[    5.785255] VFS: Mounted root (nfs filesystem) on device 0:17.
[    5.792149] devtmpfs: mounted
[    5.796550] Freeing unused kernel image (initmem) memory: 1024K
[    5.803362] Run /sbin/init as init process
[    5.807495]   with arguments:
[    5.807508]     /sbin/init
[    5.807517]     nfsrootdebug
[    5.807526]   with environment:
[    5.807534]     HOME=/
[    5.807543]     TERM=linux
[    6.492623] systemd[1]: System time before build time, advancing clock.
[    7.941635] random: crng init done
[    7.982670] systemd[1]: systemd 232 running in system mode. (+PAM +AUDIT +SELINUX +IMA +APPARMOR +SMACK +SYSVINIT +UTMP +LIBCRYPTSETUP +GCRYPT +GNUTLS +ACL +XZ +LZ4 +SECCOMP +BLKID +ELFUTILS +KMOD +IDN)
[    8.001810] systemd[1]: Detected architecture arm.
[    8.034587] systemd[1]: Set hostname to <arm>.
[    9.104545] systemd[1]: Reached target Remote File Systems.
[    9.122568] systemd[1]: Started Forward Password Requests to Wall Directory Watch.
[    9.153543] systemd[1]: Listening on Syslog Socket.
[    9.183466] systemd[1]: Listening on /dev/initctl Compatibility Named Pipe.
[    9.212676] systemd[1]: Listening on Journal Audit Socket.
[    9.243291] systemd[1]: Created slice System Slice.
[    9.273071] systemd[1]: Created slice system-getty.slice.
[   11.223868] systemd-journald[85]: Received request to flush runtime journal from PID 1
[   14.037181] leds-gpio leds: using DT '/leds/led2' for '(default)' GPIO lookup
[   14.037283] of_get_named_gpiod_flags: parsed 'gpios' property of node '/leds/led2[0]' - status (0)
[   14.037340] gpio gpiochip0: Persistence not supported for GPIO 21
[   14.037355] gpio-533 (?): no flags found for GPIO (default)
[   14.099540] leds-gpio leds: using DT '/leds/led3' for '(default)' GPIO lookup
[   14.099648] of_get_named_gpiod_flags: parsed 'gpios' property of node '/leds/led3[0]' - status (0)
[   14.099705] gpio gpiochip0: Persistence not supported for GPIO 22
[   14.099720] gpio-534 (?): no flags found for GPIO (default)
[   14.164734] leds-gpio leds: using DT '/leds/led4' for '(default)' GPIO lookup
[   14.164836] of_get_named_gpiod_flags: parsed 'gpios' property of node '/leds/led4[0]' - status (0)
[   14.164889] gpio gpiochip0: Persistence not supported for GPIO 23
[   14.164905] gpio-535 (?): no flags found for GPIO (default)
[   14.212251] leds-gpio leds: using DT '/leds/led5' for '(default)' GPIO lookup
[   14.212352] of_get_named_gpiod_flags: parsed 'gpios' property of node '/leds/led5[0]' - status (0)
[   14.212402] gpio gpiochip0: Persistence not supported for GPIO 24
[   14.212418] gpio-536 (?): no flags found for GPIO (default)
[   14.507529] omap_rtc 44e3e000.rtc: registered as rtc0
[   14.512935] omap_rtc 44e3e000.rtc: setting system clock to 2000-01-01T00:00:00 UTC (946684800)
[   14.521687] omap_rtc 44e3e000.rtc: using DT '/ocp/interconnect@44c00000/segment@200000/target-module@3e000/rtc@0' for 'wp' GPIO lookup
[   14.521777] of_get_named_gpiod_flags: can't parse 'wp-gpios' property of node '/ocp/interconnect@44c00000/segment@200000/target-module@3e000/rtc@0[0]'
[   14.521827] of_get_named_gpiod_flags: can't parse 'wp-gpio' property of node '/ocp/interconnect@44c00000/segment@200000/target-module@3e000/rtc@0[0]'
[   14.521867] omap_rtc 44e3e000.rtc: using lookup tables for GPIO lookup
[   14.521881] omap_rtc 44e3e000.rtc: No GPIO consumer wp found
[   14.595175] remoteproc remoteproc0: wkup_m3 is available
[   14.860638] omap_wdt: OMAP Watchdog Timer Rev 0x01: initial timeout 60 sec
[   14.999828] am335x-phy-driver 47401300.usb-phy: using DT '/ocp/target-module@47400000/usb-phy@1300' for 'reset' GPIO lookup
[   14.999923] of_get_named_gpiod_flags: can't parse 'reset-gpios' property of node '/ocp/target-module@47400000/usb-phy@1300[0]'
[   14.999967] of_get_named_gpiod_flags: can't parse 'reset-gpio' property of node '/ocp/target-module@47400000/usb-phy@1300[0]'
[   15.000004] am335x-phy-driver 47401300.usb-phy: using lookup tables for GPIO lookup
[   15.000018] am335x-phy-driver 47401300.usb-phy: No GPIO consumer reset found
[   15.000032] am335x-phy-driver 47401300.usb-phy: using DT '/ocp/target-module@47400000/usb-phy@1300' for 'vbus-detect' GPIO lookup
[   15.000063] of_get_named_gpiod_flags: can't parse 'vbus-detect-gpios' property of node '/ocp/target-module@47400000/usb-phy@1300[0]'
[   15.000095] of_get_named_gpiod_flags: can't parse 'vbus-detect-gpio' property of node '/ocp/target-module@47400000/usb-phy@1300[0]'
[   15.000121] am335x-phy-driver 47401300.usb-phy: using lookup tables for GPIO lookup
[   15.000132] am335x-phy-driver 47401300.usb-phy: No GPIO consumer vbus-detect found
[   15.000280] am335x-phy-driver 47401300.usb-phy: dummy supplies not allowed for exclusive requests (id=vbus)
[   15.035166] tps6521x_pwrbutton tps65217-pwrbutton: DMA mask not set
[   15.065025] at24 2-0054: supply vcc not found, using dummy regulator
[   15.200568] input: tps65217_pwrbutton as /devices/platform/ocp/44c00000.interconnect/44c00000.interconnect:segment@200000/44e0b000.target-module/44e0b000.i2c/i2c-0/0-0024/tps65217-pwrbutton/input/input0
[   15.226332] am335x-phy-driver 47401b00.usb-phy: using DT '/ocp/target-module@47400000/usb-phy@1b00' for 'reset' GPIO lookup
[   15.226423] of_get_named_gpiod_flags: can't parse 'reset-gpios' property of node '/ocp/target-module@47400000/usb-phy@1b00[0]'
[   15.226465] of_get_named_gpiod_flags: can't parse 'reset-gpio' property of node '/ocp/target-module@47400000/usb-phy@1b00[0]'
[   15.226502] am335x-phy-driver 47401b00.usb-phy: using lookup tables for GPIO lookup
[   15.226515] am335x-phy-driver 47401b00.usb-phy: No GPIO consumer reset found
[   15.226529] am335x-phy-driver 47401b00.usb-phy: using DT '/ocp/target-module@47400000/usb-phy@1b00' for 'vbus-detect' GPIO lookup
[   15.226560] of_get_named_gpiod_flags: can't parse 'vbus-detect-gpios' property of node '/ocp/target-module@47400000/usb-phy@1b00[0]'
[   15.226592] of_get_named_gpiod_flags: can't parse 'vbus-detect-gpio' property of node '/ocp/target-module@47400000/usb-phy@1b00[0]'
[   15.226618] am335x-phy-driver 47401b00.usb-phy: using lookup tables for GPIO lookup
[   15.226629] am335x-phy-driver 47401b00.usb-phy: No GPIO consumer vbus-detect found
[   15.226780] am335x-phy-driver 47401b00.usb-phy: dummy supplies not allowed for exclusive requests (id=vbus)
[   15.242477] at24 2-0055: supply vcc not found, using dummy regulator
[   15.374643] at24 2-0056: supply vcc not found, using dummy regulator
[   15.467299] wkup_m3_ipc 44e11324.wkup_m3_ipc: IPC Request for A8->M3 Channel failed! -517
[   15.478914] at24 2-0057: supply vcc not found, using dummy regulator
[   15.612818] at24 0-0050: using DT '/ocp/interconnect@44c00000/segment@200000/target-module@b000/i2c@0/baseboard_eeprom@50' for 'wp' GPIO lookup
[   15.612927] of_get_named_gpiod_flags: can't parse 'wp-gpios' property of node '/ocp/interconnect@44c00000/segment@200000/target-module@b000/i2c@0/baseboard_eeprom@50[0]'
[   15.612984] of_get_named_gpiod_flags: can't parse 'wp-gpio' property of node '/ocp/interconnect@44c00000/segment@200000/target-module@b000/i2c@0/baseboard_eeprom@50[0]'
[   15.613031] at24 0-0050: using lookup tables for GPIO lookup
[   15.613044] at24 0-0050: No GPIO consumer wp found
[   15.613326] at24 0-0050: 32768 byte 24c256 EEPROM, writable, 1 bytes/write
[   15.622586] wkup_m3_ipc 44e11324.wkup_m3_ipc: IPC Request for A8->M3 Channel failed! -517
[   15.680531] wkup_m3_ipc 44e11324.wkup_m3_ipc: IPC Request for A8->M3 Channel failed! -517
[   16.222540] usbcore: registered new interface driver usbfs
[   16.228177] usbcore: registered new interface driver hub
[   16.233829] usbcore: registered new device driver usb
[   16.878295] wkup_m3_ipc 44e11324.wkup_m3_ipc: IPC Request for A8->M3 Channel failed! -517
[   16.982550] musb-hdrc musb-hdrc.1: MUSB HDRC host driver
[   16.988073] musb-hdrc musb-hdrc.1: new USB bus registered, assigned bus number 1
[   17.023355] wkup_m3_ipc 44e11324.wkup_m3_ipc: IPC Request for A8->M3 Channel failed! -517
[   17.056841] tda998x 0-0070: found TDA19988
[   17.205028] wkup_m3_ipc 44e11324.wkup_m3_ipc: IPC Request for A8->M3 Channel failed! -517
[   17.264698] usb usb1: New USB device found, idVendor=1d6b, idProduct=0002, bcdDevice= 6.12
[   17.273229] usb usb1: New USB device strings: Mfr=3, Product=2, SerialNumber=1
[   17.280499] usb usb1: Product: MUSB HDRC host driver
[   17.285594] usb usb1: Manufacturer: Linux 6.12.34 musb-hcd
[   17.291115] usb usb1: SerialNumber: musb-hdrc.1
[   17.565310] omap-mailbox 480c8000.mailbox: omap mailbox rev 0x400
[   17.644203] remoteproc remoteproc0: powering up wkup_m3
[   17.694138] hub 1-0:1.0: USB hub found
[   17.776843] hub 1-0:1.0: 1 port detected
[   17.803912] remoteproc remoteproc0: Direct firmware load for am335x-pm-firmware.elf failed with error -2
[   17.813631] remoteproc remoteproc0: request_firmware failed: -2
[   17.819595] wkup_m3_ipc 44e11324.wkup_m3_ipc: rproc_boot failed
[   19.353926] tilcdc 4830e000.lcdc: bound 0-0070 (ops 0xbf0770fc)
[   19.452155] [drm] Initialized tilcdc 1.0.0 for 4830e000.lcdc on minor 0
[   19.464281] omap_rng 48310000.rng: Random Number Generator ver. 20
[   19.564897] tilcdc 4830e000.lcdc: [drm] Cannot find any crtc or sizes
[   19.576421] tilcdc 4830e000.lcdc: [drm] Cannot find any crtc or sizes
[   20.853481] PM: Cannot get wkup_m3_ipc handle
[   20.903050] omap-sham 53100000.sham: hw accel on OMAP rev 4.3
[   21.043008] omap-sham 53100000.sham: will run requests pump with realtime priority
[   21.052285] PM: Cannot get wkup_m3_ipc handle
[   21.252081] omap-aes 53500000.aes: OMAP AES hw accel rev: 3.2
[   21.369932] omap-aes 53500000.aes: will run requests pump with realtime priority
[   21.383166] PM: Cannot get wkup_m3_ipc handle
[   24.334109] Bluetooth: Core ver 2.22
[   24.337931] NET: Registered PF_BLUETOOTH protocol family
[   24.343478] Bluetooth: HCI device and connection manager initialized
[   24.349896] Bluetooth: HCI socket layer initialized
[   24.354887] Bluetooth: L2CAP socket layer initialized
[   24.360008] Bluetooth: SCO socket layer initialized
[   25.123727] PM: Cannot get wkup_m3_ipc handle
[   25.129490] asoc-simple-card sound: using DT '/sound' for 'simple-audio-card,hp-det' GPIO lookup
[   25.129560] of_get_named_gpiod_flags: can't parse 'simple-audio-card,hp-det-gpios' property of node '/sound[0]'
[   25.129595] of_get_named_gpiod_flags: can't parse 'simple-audio-card,hp-det-gpio' property of node '/sound[0]'
[   25.129619] asoc-simple-card sound: using lookup tables for GPIO lookup
[   25.129632] asoc-simple-card sound: No GPIO consumer simple-audio-card,hp-det found
[   25.129646] asoc-simple-card sound: using DT '/sound' for 'simple-audio-card,mic-det' GPIO lookup
[   25.129669] of_get_named_gpiod_flags: can't parse 'simple-audio-card,mic-det-gpios' property of node '/sound[0]'
[   25.129694] of_get_named_gpiod_flags: can't parse 'simple-audio-card,mic-det-gpio' property of node '/sound[0]'
[   25.129713] asoc-simple-card sound: using lookup tables for GPIO lookup
[   25.129724] asoc-simple-card sound: No GPIO consumer simple-audio-card,mic-det found
[   25.242025] PM: Cannot get wkup_m3_ipc handle
[   27.478266] userial_init: registered 8 ttyGS* devices
[   27.802700] rndis_register: configNr = 0
[   27.940219] udc musb-hdrc.0: binding gadget driver [g_multi]
[   27.940329] configfs-gadget.g_multi gadget.0: adding 'rndis'/269a8f72 to config 'c'/f9cfd516
[   27.941497] configfs-gadget.g_multi gadget.0: HOST MAC 1c:ba:8c:a2:ed:6c
[   27.948488] configfs-gadget.g_multi gadget.0: MAC 1c:ba:8c:a2:ed:70
[   27.954919] rndis_set_param_medium: 0 0
[   27.954941] configfs-gadget.g_multi gadget.0: RNDIS: IN/ep1in OUT/ep1out NOTIFY/ep2in
[   27.954958] configfs-gadget.g_multi gadget.0: adding 'cdc_ethernet'/97a3fb67 to config 'c'/f9cfd516
[   27.955894] configfs-gadget.g_multi gadget.0: HOST MAC 1c:ba:8c:a2:ed:6c
[   27.962772] configfs-gadget.g_multi gadget.0: MAC 1c:ba:8c:a2:ed:6d
[   27.969121] configfs-gadget.g_multi gadget.0: CDC Ethernet: IN/ep3in OUT/ep2out NOTIFY/ep4in
[   27.969139] configfs-gadget.g_multi gadget.0: adding 'acm'/0bf9c77d to config 'c'/f9cfd516
[   27.969175] configfs-gadget.g_multi gadget.0: acm ttyGS0: IN/ep5in OUT/ep3out NOTIFY/ep6in
[   27.978420] PM: Cannot get wkup_m3_ipc handle
[   29.277853] configfs-gadget.g_multi gadget.0: eth_open
[   29.972008] configfs-gadget.g_multi gadget.0: stop stats: rx/tx 0/0, errs 0/0
[   34.503849] gs_open: ttyGS0 (3bdc997d,622ba206)
[   34.504008] gs_close: ttyGS0 (3bdc997d,622ba206) ...
[   34.504031] gs_close: ttyGS0 (3bdc997d,622ba206) done!
[   34.518260] gs_open: ttyGS0 (5ab15179,e731d22f)
[   34.518386] gs_close: ttyGS0 (5ab15179,e731d22f) ...
[   34.518405] gs_close: ttyGS0 (5ab15179,e731d22f) done!
[   34.682907] gs_open: ttyGS0 (5ab15179,c581161c)
[   34.683102] gs_close: ttyGS0 (5ab15179,c581161c) ...
[   34.683129] gs_close: ttyGS0 (5ab15179,c581161c) done!
[   34.686329] gs_open: ttyGS0 (99a47f2a,e731d22f)
POZBNNYWXP 0
root@arm:~# echo 'ZQXQ''KGMKLP'
ZQXQKGMKLP
root@arm:~# MARKER='UAZB''QHBUTM' run 'modprobe test_linear_ranges'
UAZBQHBUTMUAZBQHBUTM 0
root@arm:~# echo 'LWCX''SBAUVV'
LWCXSBAUVV
root@arm:~# MARKER='JFNO''GKKWLZ' run dmesg
JFNOGKKWLZ[    0.000000] Booting Linux on physical CPU 0x0
[    0.000000] Linux version 6.12.34 (user01@drvtest01) (arm-none-eabi-gcc (Arm GNU Toolchain 14.2.Rel1 (Build arm-14.52)) 14.2.1 20241119, GNU ld (Arm GNU Toolchain 14.2.Rel1 (Build arm-14.52)) 2.43.1.20241119) #1 SMP Thu Jun 19 18:00:57 EEST 2025
[    0.000000] CPU: ARMv7 Processor [413fc082] revision 2 (ARMv7), cr=10c5387d
[    0.000000] CPU: PIPT / VIPT nonaliasing data cache, VIPT aliasing instruction cache
[    0.000000] OF: fdt: Machine model: TI AM335x BeagleBone Black
[    0.000000] Memory policy: Data cache writeback
[    0.000000] cma: Reserved 16 MiB at 0x9e800000 on node -1
[    0.000000] Zone ranges:
[    0.000000]   Normal   [mem 0x0000000080000000-0x000000009fdfffff]
[    0.000000]   HighMem  empty
[    0.000000] Movable zone start for each node
[    0.000000] Early memory node ranges
[    0.000000]   node   0: [mem 0x0000000080000000-0x000000009fdfffff]
[    0.000000] Initmem setup node 0 [mem 0x0000000080000000-0x000000009fdfffff]
[    0.000000] OF: reserved mem: Reserved memory: No reserved-memory node in the DT
[    0.000000] CPU: All CPU(s) started in SVC mode.
[    0.000000] AM335X ES2.1 (sgx neon)
[    0.000000] percpu: Embedded 17 pages/cpu s40396 r8192 d21044 u69632
[    0.000000] pcpu-alloc: s40396 r8192 d21044 u69632 alloc=17*4096
[    0.000000] pcpu-alloc: [0] 0 
[    0.000000] Kernel command line: console=ttyO0,115200n8 root=/dev/nfs rw nfsroot=192.168.255.126:/home/user01/nfs,nfsvers=3 ip=192.168.255.1:192.168.255.126::255.255.255.0:bbb1:eth0 nfsrootdebug
[    0.000000] Unknown kernel command line parameters "nfsrootdebug", will be passed to user space.
[    0.000000] Dentry cache hash table entries: 65536 (order: 6, 262144 bytes, linear)
[    0.000000] Inode-cache hash table entries: 32768 (order: 5, 131072 bytes, linear)
[    0.000000] Built 1 zonelists, mobility grouping on.  Total pages: 130560
[    0.000000] mem auto-init: stack:off, heap alloc:off, heap free:off
[    0.000000] SLUB: HWalign=64, Order=0-3, MinObjects=0, CPUs=1, Nodes=1
[    0.000000] rcu: Hierarchical RCU implementation.
[    0.000000] rcu: 	RCU event tracing is enabled.
[    0.000000] rcu: 	RCU restricting CPUs from NR_CPUS=2 to nr_cpu_ids=1.
[    0.000000] rcu: RCU calculated value of scheduler-enlistment delay is 10 jiffies.
[    0.000000] rcu: Adjusting geometry for rcu_fanout_leaf=16, nr_cpu_ids=1
[    0.000000] NR_IRQS: 16, nr_irqs: 16, preallocated irqs: 16
[    0.000000] IRQ: Found an INTC at 0x(ptrval) (revision 5.0) with 128 interrupts
[    0.000000] rcu: srcu_init: Setting srcu_struct sizes based on contention.
[    0.000000] TI gptimer clocksource: always-on /ocp/interconnect@44c00000/segment@200000/target-module@31000
[    0.000003] sched_clock: 32 bits at 24MHz, resolution 41ns, wraps every 89478484971ns
[    0.000028] clocksource: dmtimer: mask: 0xffffffff max_cycles: 0xffffffff, max_idle_ns: 79635851949 ns
[    0.000488] TI gptimer clockevent: 24000000 Hz at /ocp/interconnect@48000000/segment@0/target-module@40000
[    0.002095] Console: colour dummy device 80x30
[    0.002158] WARNING: Your 'console=ttyO0' has been replaced by 'ttyS0'
[    0.002165] This ensures that you still see kernel messages. Please
[    0.002170] update your kernel commandline.
[    0.002213] Calibrating delay loop... 996.14 BogoMIPS (lpj=4980736)
[    0.090537] CPU: Testing write buffer coherency: ok
[    0.090649] CPU0: Spectre v2: using BPIALL workaround
[    0.090659] pid_max: default: 32768 minimum: 301
[    0.090789] LSM: initializing lsm=capability
[    0.090963] Mount-cache hash table entries: 1024 (order: 0, 4096 bytes, linear)
[    0.090985] Mountpoint-cache hash table entries: 1024 (order: 0, 4096 bytes, linear)
[    0.092549] CPU0: thread -1, cpu 0, socket -1, mpidr 0
[    0.094553] Setting up static identity map for 0x80100000 - 0x80100078
[    0.094883] rcu: Hierarchical SRCU implementation.
[    0.094893] rcu: 	Max phase no-delay instances is 1000.
[    0.096634] smp: Bringing up secondary CPUs ...
[    0.096689] smp: Brought up 1 node, 1 CPU
[    0.096701] SMP: Total of 1 processors activated (996.14 BogoMIPS).
[    0.096714] CPU: All CPU(s) started in SVC mode.
[    0.096900] Memory: 480868K/522240K available (11264K kernel code, 1211K rwdata, 2876K rodata, 1024K init, 295K bss, 23360K reserved, 16384K cma-reserved, 0K highmem)
[    0.097703] devtmpfs: initialized
[    0.114263] VFP support v0.3: implementor 41 architecture 3 part 30 variant c rev 3
[    0.114608] clocksource: jiffies: mask: 0xffffffff max_cycles: 0xffffffff, max_idle_ns: 19112604462750000 ns
[    0.114644] futex hash table entries: 256 (order: 2, 16384 bytes, linear)
[    0.115988] pinctrl core: initialized pinctrl subsystem
[    0.118103] NET: Registered PF_NETLINK/PF_ROUTE protocol family
[    0.121120] DMA: preallocated 256 KiB pool for atomic coherent allocations
[    0.122040] audit: initializing netlink subsys (disabled)
[    0.123395] thermal_sys: Registered thermal governor 'fair_share'
[    0.123410] thermal_sys: Registered thermal governor 'step_wise'
[    0.123419] thermal_sys: Registered thermal governor 'user_space'
[    0.123531] audit: type=2000 audit(0.120:1): state=initialized audit_enabled=0 res=1
[    0.123602] cpuidle: using governor menu
[    0.141585] /ocp/interconnect@44c00000/segment@200000/target-module@b000/i2c@0/tda19988@70: Fixed dependency cycle(s) with /ocp/interconnect@48000000/segment@300000/target-module@e000/lcdc@0
[    0.142715] /ocp/interconnect@48000000/segment@300000/target-module@e000/lcdc@0: Fixed dependency cycle(s) with /ocp/interconnect@44c00000/segment@200000/target-module@b000/i2c@0/tda19988@70
[    0.144896] No ATAGs?
[    0.144913] hw-breakpoint: debug architecture 0x4 unsupported.
[    0.147544] kprobes: kprobe jump-optimization is enabled. All kprobes are optimized if possible.
[    0.154170] iommu: Default domain type: Translated
[    0.154192] iommu: DMA domain TLB invalidation policy: strict mode
[    0.155755] reg-fixed-voltage fixedregulator0: using DT '/fixedregulator0' for '(default)' GPIO lookup
[    0.155807] of_get_named_gpiod_flags: can't parse 'gpios' property of node '/fixedregulator0[0]'
[    0.155836] of_get_named_gpiod_flags: can't parse 'gpio' property of node '/fixedregulator0[0]'
[    0.155853] reg-fixed-voltage fixedregulator0: using lookup tables for GPIO lookup
[    0.155862] reg-fixed-voltage fixedregulator0: No GPIO consumer (default) found
[    0.161389] SCSI subsystem initialized
[    0.161868] libata version 3.00 loaded.
[    0.162228] pps_core: LinuxPPS API ver. 1 registered
[    0.162239] pps_core: Software ver. 5.3.6 - Copyright 2005-2007 Rodolfo Giometti <giometti@linux.it>
[    0.162262] PTP clock support registered
[    0.171259] vgaarb: loaded
[    0.171611] clocksource: Switched to clocksource dmtimer
[    0.172264] VFS: Disk quotas dquot_6.6.0
[    0.172306] VFS: Dquot-cache hash table entries: 1024 (order 0, 4096 bytes)
[    0.196164] NET: Registered PF_INET protocol family
[    0.196501] IP idents hash table entries: 8192 (order: 4, 65536 bytes, linear)
[    0.197879] tcp_listen_portaddr_hash hash table entries: 512 (order: 0, 4096 bytes, linear)
[    0.197914] Table-perturb hash table entries: 65536 (order: 6, 262144 bytes, linear)
[    0.197931] TCP established hash table entries: 4096 (order: 2, 16384 bytes, linear)
[    0.197976] TCP bind hash table entries: 4096 (order: 4, 65536 bytes, linear)
[    0.198077] TCP: Hash tables configured (established 4096 bind 4096)
[    0.198195] UDP hash table entries: 256 (order: 1, 8192 bytes, linear)
[    0.198224] UDP-Lite hash table entries: 256 (order: 1, 8192 bytes, linear)
[    0.198394] NET: Registered PF_UNIX/PF_LOCAL protocol family
[    0.202283] RPC: Registered named UNIX socket transport module.
[    0.202304] RPC: Registered udp transport module.
[    0.202310] RPC: Registered tcp transport module.
[    0.202315] RPC: Registered tcp-with-tls transport module.
[    0.202320] RPC: Registered tcp NFSv4.1 backchannel transport module.
[    0.202345] PCI: CLS 0 bytes, default 64
[    0.203740] Initialise system trusted keyrings
[    0.212007] workingset: timestamp_bits=14 max_order=17 bucket_order=3
[    0.213273] NFS: Registering the id_resolver key type
[    0.213339] Key type id_resolver registered
[    0.213346] Key type id_legacy registered
[    0.213394] jffs2: version 2.2. (NAND) (SUMMARY)  Â© 2001-2006 Red Hat, Inc.
[    0.213803] Key type asymmetric registered
[    0.213817] Asymmetric key parser 'x509' registered
[    0.213884] io scheduler mq-deadline registered
[    0.213893] io scheduler kyber registered
[    0.213956] io scheduler bfq registered
[    0.215547] ledtrig-cpu: registered to indicate activity on CPUs
[    0.222480] Serial: 8250/16550 driver, 6 ports, IRQ sharing enabled
[    0.258883] brd: module loaded
[    0.277390] loop: module loaded
[    0.278297] mtdoops: mtd device (mtddev=name/number) must be supplied
[    0.279957] mdio_bus fixed-0: using lookup tables for GPIO lookup
[    0.279979] mdio_bus fixed-0: No GPIO consumer reset found
[    0.281321] i2c_dev: i2c /dev entries driver
[    0.282475] cpuidle: enable-method property 'ti,am3352' found operations
[    0.282909] sdhci: Secure Digital Host Controller Interface driver
[    0.282917] sdhci: Copyright(c) Pierre Ossman
[    0.283087] sdhci-pltfm: SDHCI platform and OF driver helper
[    0.284074] Initializing XFRM netlink socket
[    0.284209] NET: Registered PF_INET6 protocol family
[    0.296277] Segment Routing with IPv6
[    0.296363] In-situ OAM (IOAM) with IPv6
[    0.296460] sit: IPv6, IPv4 and MPLS over IPv4 tunneling driver
[    0.297388] NET: Registered PF_PACKET protocol family
[    0.297423] NET: Registered PF_KEY protocol family
[    0.297546] Key type dns_resolver registered
[    0.297768] ThumbEE CPU extension supported.
[    0.297787] Registering SWP/SWPB emulation handler
[    0.298306] omap_voltage_late_init: Voltage driver support not added
[    0.298650] SmartReflex Class3 initialized
[    0.328601] Loading compiled-in X.509 certificates
[    0.372930] /ocp/interconnect@44c00000/segment@200000/target-module@b000/i2c@0/tda19988@70: Fixed dependency cycle(s) with /ocp/interconnect@48000000/segment@300000/target-module@e000/lcdc@0
[    0.379159] /ocp/interconnect@44c00000/segment@200000/target-module@b000/i2c@0/tda19988@70: Fixed dependency cycle(s) with /ocp/interconnect@48000000/segment@300000/target-module@e000/lcdc@0
[    0.384677] gpiochip_find_base_unlocked: found new base at 512
[    0.405996] /ocp/interconnect@44c00000/segment@200000/target-module@b000/i2c@0/tda19988@70: Fixed dependency cycle(s) with /ocp/interconnect@48000000/segment@300000/target-module@e000/lcdc@0
[    0.406848] /ocp/interconnect@44c00000/segment@200000/target-module@b000/i2c@0/tda19988@70: Fixed dependency cycle(s) with /ocp/interconnect@48000000/segment@300000/target-module@e000/lcdc@0
[    0.410079] /ocp/interconnect@44c00000/segment@200000/target-module@10000/scm@0/pinmux@800: Fixed dependency cycle(s) with /ocp/interconnect@44c00000/segment@200000/target-module@10000/scm@0/pinmux@800/clkout2-pins
[    0.410675] pinctrl-single 44e10800.pinmux: 142 pins, size 568
[    0.415993] ti-sysc 44e31000.target-module: probe with driver ti-sysc failed with error -16
[    0.444593] /ocp/interconnect@48000000/segment@300000/target-module@e000/lcdc@0: Fixed dependency cycle(s) with /ocp/interconnect@44c00000/segment@200000/target-module@b000/i2c@0/tda19988@70
[    0.452235] ti-sysc 48040000.target-module: probe with driver ti-sysc failed with error -16
[    0.462944] gpiochip_find_base_unlocked: found new base at 512
[    0.463043] gpio gpiochip0: (gpio-0-31): created GPIO range 0->7 ==> 44e10800.pinmux PIN 0->7
[    0.463062] gpio gpiochip0: (gpio-0-31): created GPIO range 8->11 ==> 44e10800.pinmux PIN 90->93
[    0.463078] gpio gpiochip0: (gpio-0-31): created GPIO range 12->27 ==> 44e10800.pinmux PIN 12->27
[    0.463094] gpio gpiochip0: (gpio-0-31): created GPIO range 28->31 ==> 44e10800.pinmux PIN 30->33
[    0.506801] gpio gpiochip0: (gpio-0-31): added GPIO chardev (254:0)
[    0.506961] gpio gpiochip0: registered GPIOs 512 to 543 on gpio-0-31
[    0.507048] OMAP GPIO hardware version 0.1
[    0.546347] i2c i2c-2: using DT '/ocp/interconnect@48000000/segment@100000/target-module@9c000/i2c@0' for 'scl' GPIO lookup
[    0.546418] of_get_named_gpiod_flags: can't parse 'scl-gpios' property of node '/ocp/interconnect@48000000/segment@100000/target-module@9c000/i2c@0[0]'
[    0.546460] of_get_named_gpiod_flags: can't parse 'scl-gpio' property of node '/ocp/interconnect@48000000/segment@100000/target-module@9c000/i2c@0[0]'
[    0.546496] i2c i2c-2: using lookup tables for GPIO lookup
[    0.546504] i2c i2c-2: No GPIO consumer scl found
[    0.546527] i2c i2c-2: using DT '/ocp/interconnect@48000000/segment@100000/target-module@9c000/i2c@0' for 'sda' GPIO lookup
[    0.546561] of_get_named_gpiod_flags: can't parse 'sda-gpios' property of node '/ocp/interconnect@48000000/segment@100000/target-module@9c000/i2c@0[0]'
[    0.546597] of_get_named_gpiod_flags: can't parse 'sda-gpio' property of node '/ocp/interconnect@48000000/segment@100000/target-module@9c000/i2c@0[0]'
[    0.546627] i2c i2c-2: using lookup tables for GPIO lookup
[    0.546635] i2c i2c-2: No GPIO consumer sda found
[    0.547364] omap_i2c 4819c000.i2c: bus 2 rev0.11 at 100 kHz
[    0.552635] gpiochip_find_base_unlocked: found new base at 544
[    0.552739] gpio gpiochip1: (gpio-32-63): created GPIO range 0->17 ==> 44e10800.pinmux PIN 34->51
[    0.552759] gpio gpiochip1: (gpio-32-63): created GPIO range 18->21 ==> 44e10800.pinmux PIN 77->80
[    0.552775] gpio gpiochip1: (gpio-32-63): created GPIO range 22->31 ==> 44e10800.pinmux PIN 56->65
[    0.553557] gpio gpiochip1: (gpio-32-63): added GPIO chardev (254:1)
[    0.553695] gpio gpiochip1: registered GPIOs 544 to 575 on gpio-32-63
[    0.555811] gpiochip_find_base_unlocked: found new base at 576
[    0.555903] gpio gpiochip2: (gpio-64-95): created GPIO range 0->4 ==> 44e10800.pinmux PIN 66->70
[    0.555921] gpio gpiochip2: (gpio-64-95): created GPIO range 5->6 ==> 44e10800.pinmux PIN 98->99
[    0.555937] gpio gpiochip2: (gpio-64-95): created GPIO range 7->8 ==> 44e10800.pinmux PIN 75->76
[    0.555952] gpio gpiochip2: (gpio-64-95): created GPIO range 13->13 ==> 44e10800.pinmux PIN 141->141
[    0.555969] gpio gpiochip2: (gpio-64-95): created GPIO range 14->21 ==> 44e10800.pinmux PIN 100->107
[    0.556561] gpio gpiochip2: (gpio-64-95): added GPIO chardev (254:2)
[    0.556698] gpio gpiochip2: registered GPIOs 576 to 607 on gpio-64-95
[    0.562275] 48000000.interconnect:segment@200000:target-module@0:mpu@0:fck: device ID is greater than 24
[    0.563205] /ocp/interconnect@48000000/segment@300000/target-module@e000/lcdc@0: Fixed dependency cycle(s) with /ocp/interconnect@44c00000/segment@200000/target-module@b000/i2c@0/tda19988@70
[    0.565850] /ocp/interconnect@48000000/segment@300000/target-module@e000/lcdc@0: Fixed dependency cycle(s) with /ocp/interconnect@44c00000/segment@200000/target-module@b000/i2c@0/tda19988@70
[    0.566519] /ocp/interconnect@44c00000/segment@200000/target-module@b000/i2c@0/tda19988@70: Fixed dependency cycle(s) with /ocp/interconnect@48000000/segment@300000/target-module@e000/lcdc@0
[    0.566685] /ocp/interconnect@48000000/segment@300000/target-module@e000/lcdc@0: Fixed dependency cycle(s) with /ocp/interconnect@44c00000/segment@200000/target-module@b000/i2c@0/tda19988@70
[    0.576117] mdio_bus 4a101000.mdio: using DT '/ocp/interconnect@4a000000/segment@0/target-module@100000/switch@0/mdio@1000' for 'reset' GPIO lookup
[    0.576191] of_get_named_gpiod_flags: can't parse 'reset-gpios' property of node '/ocp/interconnect@4a000000/segment@0/target-module@100000/switch@0/mdio@1000[0]'
[    0.576239] of_get_named_gpiod_flags: can't parse 'reset-gpio' property of node '/ocp/interconnect@4a000000/segment@0/target-module@100000/switch@0/mdio@1000[0]'
[    0.576288] mdio_bus 4a101000.mdio: using lookup tables for GPIO lookup
[    0.576297] mdio_bus 4a101000.mdio: No GPIO consumer reset found
[    0.577580] sdhci-omap 481d8000.mmc: using DT '/ocp/interconnect@48000000/segment@100000/target-module@d8000/mmc@0' for 'wp' GPIO lookup
[    0.577646] of_get_named_gpiod_flags: can't parse 'wp-gpios' property of node '/ocp/interconnect@48000000/segment@100000/target-module@d8000/mmc@0[0]'
[    0.577692] of_get_named_gpiod_flags: can't parse 'wp-gpio' property of node '/ocp/interconnect@48000000/segment@100000/target-module@d8000/mmc@0[0]'
[    0.577727] sdhci-omap 481d8000.mmc: using lookup tables for GPIO lookup
[    0.577735] sdhci-omap 481d8000.mmc: No GPIO consumer wp found
[    0.577930] sdhci-omap 481d8000.mmc: supply pbias not found, using dummy regulator
[    0.578426] sdhci-omap 481d8000.mmc: supply vqmmc not found, using dummy regulator
[    0.634511] davinci_mdio 4a101000.mdio: davinci mdio revision 1.6, bus freq 1000000
[    0.655918] mdio_bus 4a101000.mdio:00: using DT '/ocp/interconnect@4a000000/segment@0/target-module@100000/switch@0/mdio@1000/ethernet-phy@0' for 'reset' GPIO lookup
[    0.656020] of_get_named_gpiod_flags: parsed 'reset-gpios' property of node '/ocp/interconnect@4a000000/segment@0/target-module@100000/switch@0/mdio@1000/ethernet-phy@0[0]' - status (0)
[    0.656182] gpio gpiochip0: Persistence not supported for GPIO 8
[    0.753232] davinci_mdio 4a101000.mdio: phy[0]: device 4a101000.mdio:00, driver SMSC LAN8710/LAN8720
[    0.753995] cpsw-switch 4a100000.switch: initialized cpsw ale version 1.4
[    0.754019] cpsw-switch 4a100000.switch: ALE Table size 1024, Policers 0
[    0.754170] cpsw-switch 4a100000.switch: cpts: overflow check period 500 (jiffies)
[    0.754185] cpsw-switch 4a100000.switch: CPTS: ref_clk_freq:250000000 calc_mult:2147483648 calc_shift:29 error:0 nsec/sec
[    0.754295] cpsw-switch 4a100000.switch: Detected MACID = 6c:ec:eb:68:de:78
[    0.756115] cpsw-switch 4a100000.switch: initialized (regs 0x4a100000, pool size 256) hw_ver:0019010C 1.12 (0)
[    0.766867] debugfs: Directory '49000000.dma' with parent 'dmaengine' already present!
[    0.766909] edma 49000000.dma: TI EDMA DMA engine driver
[    0.794924] target-module@4b000000:target-module@140000:pmu@0:fck: device ID is greater than 24
[    0.817786] hw perfevents: enabled with armv7_cortex_a8 PMU driver, 5 (8000000f) counters available
[    0.818702] gpio-clk clk_mcasp0: using DT '/clk_mcasp0' for 'enable' GPIO lookup
[    0.818770] of_get_named_gpiod_flags: parsed 'enable-gpios' property of node '/clk_mcasp0[0]' - status (0)
[    0.818813] gpio gpiochip0: Persistence not supported for GPIO 27
[    0.819608] gpiochip_find_base_unlocked: found new base at 608
[    0.819733] gpio gpiochip3: (gpio-96-127): created GPIO range 0->7 ==> 44e10800.pinmux PIN 82->89
[    0.819755] gpio gpiochip3: (gpio-96-127): created GPIO range 8->11 ==> 44e10800.pinmux PIN 52->55
[    0.819776] gpio gpiochip3: (gpio-96-127): created GPIO range 12->15 ==> 44e10800.pinmux PIN 94->97
[    0.819792] gpio gpiochip3: (gpio-96-127): created GPIO range 16->17 ==> 44e10800.pinmux PIN 71->72
[    0.819807] gpio gpiochip3: (gpio-96-127): created GPIO range 18->18 ==> 44e10800.pinmux PIN 135->135
[    0.819824] gpio gpiochip3: (gpio-96-127): created GPIO range 19->20 ==> 44e10800.pinmux PIN 108->109
[    0.819840] gpio gpiochip3: (gpio-96-127): created GPIO range 21->21 ==> 44e10800.pinmux PIN 73->73
[    0.819857] gpio gpiochip3: (gpio-96-127): created GPIO range 22->23 ==> 44e10800.pinmux PIN 8->9
[    0.819874] gpio gpiochip3: (gpio-96-127): created GPIO range 26->27 ==> 44e10800.pinmux PIN 10->11
[    0.819891] gpio gpiochip3: (gpio-96-127): created GPIO range 28->28 ==> 44e10800.pinmux PIN 74->74
[    0.819908] gpio gpiochip3: (gpio-96-127): created GPIO range 29->29 ==> 44e10800.pinmux PIN 81->81
[    0.819926] gpio gpiochip3: (gpio-96-127): created GPIO range 30->31 ==> 44e10800.pinmux PIN 28->29
[    0.825426] l3-aon-clkctrl:0000:0: failed to disable
[    0.825781] gpio gpiochip3: (gpio-96-127): added GPIO chardev (254:3)
[    0.825927] gpio gpiochip3: registered GPIOs 608 to 639 on gpio-96-127
[    0.827634] omap8250 44e09000.serial: using DT '/ocp/interconnect@44c00000/segment@200000/target-module@9000/serial@0' for 'rs485-term' GPIO lookup
[    0.827704] of_get_named_gpiod_flags: can't parse 'rs485-term-gpios' property of node '/ocp/interconnect@44c00000/segment@200000/target-module@9000/serial@0[0]'
[    0.827748] of_get_named_gpiod_flags: can't parse 'rs485-term-gpio' property of node '/ocp/interconnect@44c00000/segment@200000/target-module@9000/serial@0[0]'
[    0.827783] omap8250 44e09000.serial: using lookup tables for GPIO lookup
[    0.827792] omap8250 44e09000.serial: No GPIO consumer rs485-term found
[    0.827803] omap8250 44e09000.serial: using DT '/ocp/interconnect@44c00000/segment@200000/target-module@9000/serial@0' for 'rs485-rx-during-tx' GPIO lookup
[    0.827837] of_get_named_gpiod_flags: can't parse 'rs485-rx-during-tx-gpios' property of node '/ocp/interconnect@44c00000/segment@200000/target-module@9000/serial@0[0]'
[    0.827874] of_get_named_gpiod_flags: can't parse 'rs485-rx-during-tx-gpio' property of node '/ocp/interconnect@44c00000/segment@200000/target-module@9000/serial@0[0]'
[    0.827904] omap8250 44e09000.serial: using lookup tables for GPIO lookup
[    0.827912] omap8250 44e09000.serial: No GPIO consumer rs485-rx-during-tx found
[    0.828281] 44e09000.serial: ttyS0 at MMIO 0x44e09000 (irq = 34, base_baud = 3000000) is a 8250
[    0.828365] printk: legacy console [ttyS0] enabled
[    2.284286] i2c i2c-0: using DT '/ocp/interconnect@44c00000/segment@200000/target-module@b000/i2c@0' for 'scl' GPIO lookup
[    2.284373] of_get_named_gpiod_flags: can't parse 'scl-gpios' property of node '/ocp/interconnect@44c00000/segment@200000/target-module@b000/i2c@0[0]'
[    2.284419] of_get_named_gpiod_flags: can't parse 'scl-gpio' property of node '/ocp/interconnect@44c00000/segment@200000/target-module@b000/i2c@0[0]'
[    2.284460] i2c i2c-0: using lookup tables for GPIO lookup
[    2.284472] i2c i2c-0: No GPIO consumer scl found
[    2.284497] i2c i2c-0: using DT '/ocp/interconnect@44c00000/segment@200000/target-module@b000/i2c@0' for 'sda' GPIO lookup
[    2.284535] of_get_named_gpiod_flags: can't parse 'sda-gpios' property of node '/ocp/interconnect@44c00000/segment@200000/target-module@b000/i2c@0[0]'
[    2.284575] of_get_named_gpiod_flags: can't parse 'sda-gpio' property of node '/ocp/interconnect@44c00000/segment@200000/target-module@b000/i2c@0[0]'
[    2.284610] i2c i2c-0: using lookup tables for GPIO lookup
[    2.284622] i2c i2c-0: No GPIO consumer sda found
[    2.302582] tps65217-pmic: Failed to locate of_node [id: -1]
[    2.308628] tps65217-bl: Failed to locate of_node [id: -1]
[    2.319891] tps65217 0-0024: TPS65217 ID 0xe version 1.2
[    2.326025] /ocp/interconnect@48000000/segment@300000/target-module@e000/lcdc@0: Fixed dependency cycle(s) with /ocp/interconnect@44c00000/segment@200000/target-module@b000/i2c@0/tda19988@70
[    2.343385] /ocp/interconnect@44c00000/segment@200000/target-module@b000/i2c@0/tda19988@70: Fixed dependency cycle(s) with /ocp/interconnect@48000000/segment@300000/target-module@e000/lcdc@0
[    2.360752] omap_i2c 44e0b000.i2c: bus 0 rev0.11 at 400 kHz
[    2.368526] sdhci-omap 48060000.mmc: using DT '/ocp/interconnect@48000000/segment@0/target-module@60000/mmc@0' for 'cd' GPIO lookup
[    2.368635] of_get_named_gpiod_flags: parsed 'cd-gpios' property of node '/ocp/interconnect@48000000/segment@0/target-module@60000/mmc@0[0]' - status (0)
[    2.368703] gpio gpiochip3: Persistence not supported for GPIO 6
[    2.368728] omap_gpio 44e07000.gpio: Could not set line 6 debounce to 200000 microseconds (-22)
[    2.377606] sdhci-omap 48060000.mmc: Got CD GPIO
[    2.382288] sdhci-omap 48060000.mmc: using DT '/ocp/interconnect@48000000/segment@0/target-module@60000/mmc@0' for 'wp' GPIO lookup
[    2.382336] of_get_named_gpiod_flags: can't parse 'wp-gpios' property of node '/ocp/interconnect@48000000/segment@0/target-module@60000/mmc@0[0]'
[    2.382379] of_get_named_gpiod_flags: can't parse 'wp-gpio' property of node '/ocp/interconnect@48000000/segment@0/target-module@60000/mmc@0[0]'
[    2.382417] sdhci-omap 48060000.mmc: using lookup tables for GPIO lookup
[    2.382431] sdhci-omap 48060000.mmc: No GPIO consumer wp found
[    2.382640] sdhci-omap 48060000.mmc: supply pbias not found, using dummy regulator
[    2.391294] sdhci-omap 481d8000.mmc: using DT '/ocp/interconnect@48000000/segment@100000/target-module@d8000/mmc@0' for 'wp' GPIO lookup
[    2.391369] of_get_named_gpiod_flags: can't parse 'wp-gpios' property of node '/ocp/interconnect@48000000/segment@100000/target-module@d8000/mmc@0[0]'
[    2.391418] of_get_named_gpiod_flags: can't parse 'wp-gpio' property of node '/ocp/interconnect@48000000/segment@100000/target-module@d8000/mmc@0[0]'
[    2.391455] sdhci-omap 481d8000.mmc: using lookup tables for GPIO lookup
[    2.391467] sdhci-omap 481d8000.mmc: No GPIO consumer wp found
[    2.392826] sdhci-omap 48060000.mmc: supply vqmmc not found, using dummy regulator
[    2.401774] sdhci-omap 481d8000.mmc: supply pbias not found, using dummy regulator
[    2.409771] sdhci-omap 481d8000.mmc: supply vqmmc not found, using dummy regulator
[    2.448999] mmc1: SDHCI controller on 481d8000.mmc [481d8000.mmc] using External DMA
[    2.457482] mmc0: SDHCI controller on 48060000.mmc [48060000.mmc] using External DMA
[    2.466291] cpsw-switch 4a100000.switch: starting ndev. mode: dual_mac
[    2.510773] mmc0: new high speed SDHC card at address 5048
[    2.517837] mmcblk0: mmc0:5048 SD16G 14.4 GiB
[    2.525871]  mmcblk0: p1 p2
[    2.529254] mmcblk0: p2 size 31221760 extends beyond EOD, truncated
[    2.542877] SMSC LAN8710/LAN8720 4a101000.mdio:00: attached PHY driver (mii_bus:phy_addr=4a101000.mdio:00, irq=POLL)
[    2.555530] mmc1: new high speed MMC card at address 0001
[    2.562451] mmcblk1: mmc1:0001 MMC04G 3.60 GiB
[    2.573875]  mmcblk1: p1 p2
[    2.578109] mmcblk1boot0: mmc1:0001 MMC04G 2.00 MiB
[    2.585260] mmcblk1boot1: mmc1:0001 MMC04G 2.00 MiB
[    2.592551] mmcblk1rpmb: mmc1:0001 MMC04G 128 KiB, chardev (250:0)
[    5.682395] cpsw-switch 4a100000.switch eth0: Link is Up - 100Mbps/Full - flow control off
[    5.721844] IP-Config: Complete:
[    5.725119]      device=eth0, hwaddr=6c:ec:eb:68:de:78, ipaddr=192.168.255.1, mask=255.255.255.0, gw=255.255.255.255
[    5.735790]      host=bbb1, domain=, nis-domain=(none)
[    5.740960]      bootserver=192.168.255.126, rootserver=192.168.255.126, rootpath=
[    5.741404] clk: Disabling unused clocks
[    5.753246] PM: genpd: Disabling unused power domains
[    5.758361] KTAP version 1
[    5.761083] 1..0
[    5.785255] VFS: Mounted root (nfs filesystem) on device 0:17.
[    5.792149] devtmpfs: mounted
[    5.796550] Freeing unused kernel image (initmem) memory: 1024K
[    5.803362] Run /sbin/init as init process
[    5.807495]   with arguments:
[    5.807508]     /sbin/init
[    5.807517]     nfsrootdebug
[    5.807526]   with environment:
[    5.807534]     HOME=/
[    5.807543]     TERM=linux
[    6.492623] systemd[1]: System time before build time, advancing clock.
[    7.941635] random: crng init done
[    7.982670] systemd[1]: systemd 232 running in system mode. (+PAM +AUDIT +SELINUX +IMA +APPARMOR +SMACK +SYSVINIT +UTMP +LIBCRYPTSETUP +GCRYPT +GNUTLS +ACL +XZ +LZ4 +SECCOMP +BLKID +ELFUTILS +KMOD +IDN)
[    8.001810] systemd[1]: Detected architecture arm.
[    8.034587] systemd[1]: Set hostname to <arm>.
[    9.104545] systemd[1]: Reached target Remote File Systems.
[    9.122568] systemd[1]: Started Forward Password Requests to Wall Directory Watch.
[    9.153543] systemd[1]: Listening on Syslog Socket.
[    9.183466] systemd[1]: Listening on /dev/initctl Compatibility Named Pipe.
[    9.212676] systemd[1]: Listening on Journal Audit Socket.
[    9.243291] systemd[1]: Created slice System Slice.
