Labgrid Console Logfile for main
Logfile started at 2025-09-09 21:14:08.627306
=== Log starts here ===
reading args
spl_load_image_fat_os: error reading image args, err - -1
reading u-boot.img
reading u-boot.img


U-Boot 2014.04-00014-g47880f5 (Apr 22 2014 - 13:23:54)

I2C:   ready
DRAM:  512 MiB
NAND:  0 MiB
MMC:   OMAP SD/MMC: 0, OMAP SD/MMC: 1
*** Warning - readenv() failed, using default environment

Net:   <ethaddr> not set. Validating first E-fuse MAC
cpsw, usb_ether
Hit any key to stop autoboot:  1  0 
gpio: pin 53 (gpio 53) value is 1
mmc0 is current device
gpio: pin 54 (gpio 54) value is 1
SD/MMC found on device 0
reading uEnv.txt
569 bytes read in 3 ms (184.6 KiB/s)
gpio: pin 55 (gpio 55) value is 1
Loaded environment from uEnv.txt
Importing environment from mmc ...
Checking if uenvcmd is set ...
gpio: pin 56 (gpio 56) value is 1
Running uenvcmd ...
cpsw Waiting for PHY auto negotiation to complete. done
link up on port 0, speed 100, full duplex
Using cpsw device
TFTP from server 192.168.255.126; our IP address is 192.168.255.1
Filename 'zImage'.
Load address: 0x81000000
Loading: *#################################################################
	 #################################################################
	 #################################################################
	 #################################################################
	 #################################################################
	 #############################
	 2.4 MiB/s
done
Bytes transferred = 5189752 (4f3078 hex)
link up on port 0, speed 100, full duplex
Using cpsw device
TFTP from server 192.168.255.126; our IP address is 192.168.255.1
Filename 'am335x-boneblack.dtb'.
Load address: 0x82000000
Loading: *#######
	 1.8 MiB/s
done
Bytes transferred = 97756 (17ddc hex)
Kernel image @ 0x81000000 [ 0x000000 - 0x4f3078 ]
## Flattened Device Tree blob at 82000000
   Booting using the fdt blob at 0x82000000
   Using Device Tree in place at 82000000, end 8201addb

Starting kernel ...

[    0.000000] Booting Linux on physical CPU 0x0
[    0.000000] Linux version 6.1.151 (user01@drvtest01) (arm-none-eabi-gcc (Arm GNU Toolchain 14.2.Rel1 (Build arm-14.52)) 14.2.1 20241119, GNU ld (Arm GNU Toolchain 14.2.Rel1 (Build arm-14.52)) 2.43.1.20241119) #1 SMP Tue Sep  9 21:12:46 EEST 2025
[    0.000000] CPU: ARMv7 Processor [413fc082] revision 2 (ARMv7), cr=10c5387d
[    0.000000] CPU: PIPT / VIPT nonaliasing data cache, VIPT aliasing instruction cache
[    0.000000] OF: fdt: Machine model: TI AM335x BeagleBone Black
[    0.000000] Memory policy: Data cache writeback
[    0.000000] cma: Reserved 16 MiB at 0x9ec00000
[    0.000000] Zone ranges:
[    0.000000]   Normal   [mem 0x0000000080000000-0x000000009fdfffff]
[    0.000000]   HighMem  empty
[    0.000000] Movable zone start for each node
[    0.000000] Early memory node ranges
[    0.000000]   node   0: [mem 0x0000000080000000-0x000000009fdfffff]
[    0.000000] Initmem setup node 0 [mem 0x0000000080000000-0x000000009fdfffff]
[    0.000000] CPU: All CPU(s) started in SVC mode.
[    0.000000] AM335X ES2.1 (sgx neon)
[    0.000000] percpu: Embedded 16 pages/cpu s34196 r8192 d23148 u65536
[    0.000000] Built 1 zonelists, mobility grouping on.  Total pages: 129412
[    0.000000] Kernel command line: console=ttyO0,115200n8 root=/dev/nfs rw nfsroot=192.168.255.126:/home/user01/nfs,nfsvers=3 ip=192.168.255.1:192.168.255.126::255.255.255.0:bbb1:eth0 nfsrootdebug
[    0.000000] Unknown kernel command line parameters "nfsrootdebug", will be passed to user space.
[    0.000000] Dentry cache hash table entries: 65536 (order: 6, 262144 bytes, linear)
[    0.000000] Inode-cache hash table entries: 32768 (order: 5, 131072 bytes, linear)
[    0.000000] mem auto-init: stack:off, heap alloc:off, heap free:off
[    0.000000] Memory: 484644K/522240K available (10240K kernel code, 1145K rwdata, 2604K rodata, 1024K init, 286K bss, 21212K reserved, 16384K cma-reserved, 0K highmem)
[    0.000000] SLUB: HWalign=64, Order=0-3, MinObjects=0, CPUs=1, Nodes=1
[    0.000000] trace event string verifier disabled
[    0.000000] rcu: Hierarchical RCU implementation.
[    0.000000] rcu: 	RCU event tracing is enabled.
[    0.000000] rcu: 	RCU restricting CPUs from NR_CPUS=2 to nr_cpu_ids=1.
[    0.000000] rcu: RCU calculated value of scheduler-enlistment delay is 10 jiffies.
[    0.000000] rcu: Adjusting geometry for rcu_fanout_leaf=16, nr_cpu_ids=1
[    0.000000] NR_IRQS: 16, nr_irqs: 16, preallocated irqs: 16
[    0.000000] IRQ: Found an INTC at 0x(ptrval) (revision 5.0) with 128 interrupts
[    0.000000] rcu: srcu_init: Setting srcu_struct sizes based on contention.
[    0.000000] TI gptimer clocksource: always-on /ocp/interconnect@44c00000/segment@200000/target-module@31000
[    0.000003] sched_clock: 32 bits at 24MHz, resolution 41ns, wraps every 89478484971ns
[    0.000027] clocksource: dmtimer: mask: 0xffffffff max_cycles: 0xffffffff, max_idle_ns: 79635851949 ns
[    0.000446] TI gptimer clockevent: 24000000 Hz at /ocp/interconnect@48000000/segment@0/target-module@40000
[    0.001998] Console: colour dummy device 80x30
[    0.002046] WARNING: Your 'console=ttyO0' has been replaced by 'ttyS0'
[    0.002053] This ensures that you still see kernel messages. Please
[    0.002058] update your kernel commandline.
[    0.002099] Calibrating delay loop... 996.14 BogoMIPS (lpj=4980736)
[    0.090489] CPU: Testing write buffer coherency: ok
[    0.090585] CPU0: Spectre v2: using BPIALL workaround
[    0.090596] pid_max: default: 32768 minimum: 301
[    0.090724] LSM: Security Framework initializing
[    0.090898] Mount-cache hash table entries: 1024 (order: 0, 4096 bytes, linear)
[    0.090919] Mountpoint-cache hash table entries: 1024 (order: 0, 4096 bytes, linear)
[    0.092399] CPU0: thread -1, cpu 0, socket -1, mpidr 0
[    0.093673] Setting up static identity map for 0x80100000 - 0x80100078
[    0.093907] rcu: Hierarchical SRCU implementation.
[    0.093915] rcu: 	Max phase no-delay instances is 1000.
[    0.095219] smp: Bringing up secondary CPUs ...
[    0.095236] smp: Brought up 1 node, 1 CPU
[    0.095247] SMP: Total of 1 processors activated (996.14 BogoMIPS).
[    0.095258] CPU: All CPU(s) started in SVC mode.
[    0.096160] devtmpfs: initialized
[    0.111499] VFP support v0.3: implementor 41 architecture 3 part 30 variant c rev 3
[    0.111806] clocksource: jiffies: mask: 0xffffffff max_cycles: 0xffffffff, max_idle_ns: 19112604462750000 ns
[    0.111838] futex hash table entries: 256 (order: 2, 16384 bytes, linear)
[    0.113131] pinctrl core: initialized pinctrl subsystem
[    0.115030] NET: Registered PF_NETLINK/PF_ROUTE protocol family
[    0.117031] DMA: preallocated 256 KiB pool for atomic coherent allocations
[    0.117605] audit: initializing netlink subsys (disabled)
[    0.118805] thermal_sys: Registered thermal governor 'fair_share'
[    0.118823] thermal_sys: Registered thermal governor 'step_wise'
[    0.118829] thermal_sys: Registered thermal governor 'user_space'
[    0.118951] cpuidle: using governor menu
[    0.135647] /ocp/interconnect@44c00000/segment@200000/target-module@b000/i2c@0/tda19988@70: Fixed dependency cycle(s) with /ocp/interconnect@48000000/segment@300000/target-module@e000/lcdc@0
[    0.136684] /ocp/interconnect@48000000/segment@300000/target-module@e000/lcdc@0: Fixed dependency cycle(s) with /ocp/interconnect@44c00000/segment@200000/target-module@b000/i2c@0/tda19988@70
[    0.138671] No ATAGs?
[    0.138688] hw-breakpoint: debug architecture 0x4 unsupported.
[    0.147308] audit: type=2000 audit(0.110:1): state=initialized audit_enabled=0 res=1
[    0.147599] kprobes: kprobe jump-optimization is enabled. All kprobes are optimized if possible.
[    0.164606] iommu: Default domain type: Translated 
[    0.164618] iommu: DMA domain TLB invalidation policy: strict mode 
[    0.166066] SCSI subsystem initialized
[    0.166903] pps_core: LinuxPPS API ver. 1 registered
[    0.166913] pps_core: Software ver. 5.3.6 - Copyright 2005-2007 Rodolfo Giometti <giometti@linux.it>
[    0.166943] PTP clock support registered
[    0.180759] vgaarb: loaded
[    0.181080] clocksource: Switched to clocksource dmtimer
[    0.181681] VFS: Disk quotas dquot_6.6.0
[    0.181751] VFS: Dquot-cache hash table entries: 1024 (order 0, 4096 bytes)
[    0.198309] NET: Registered PF_INET protocol family
[    0.198650] IP idents hash table entries: 8192 (order: 4, 65536 bytes, linear)
[    0.200010] tcp_listen_portaddr_hash hash table entries: 512 (order: 0, 4096 bytes, linear)
[    0.200056] Table-perturb hash table entries: 65536 (order: 6, 262144 bytes, linear)
[    0.200077] TCP established hash table entries: 4096 (order: 2, 16384 bytes, linear)
[    0.200125] TCP bind hash table entries: 4096 (order: 4, 65536 bytes, linear)
[    0.200224] TCP: Hash tables configured (established 4096 bind 4096)
[    0.200344] UDP hash table entries: 256 (order: 1, 8192 bytes, linear)
[    0.200370] UDP-Lite hash table entries: 256 (order: 1, 8192 bytes, linear)
[    0.200547] NET: Registered PF_UNIX/PF_LOCAL protocol family
[    0.217340] RPC: Registered named UNIX socket transport module.
[    0.217360] RPC: Registered udp transport module.
[    0.217366] RPC: Registered tcp transport module.
[    0.217371] RPC: Registered tcp NFSv4.1 backchannel transport module.
[    0.217390] PCI: CLS 0 bytes, default 64
[    0.218846] Initialise system trusted keyrings
[    0.219828] workingset: timestamp_bits=14 max_order=17 bucket_order=3
[    0.229116] NFS: Registering the id_resolver key type
[    0.229194] Key type id_resolver registered
[    0.229203] Key type id_legacy registered
[    0.229255] jffs2: version 2.2. (NAND) (SUMMARY)  Â© 2001-2006 Red Hat, Inc.
[    0.229967] Key type asymmetric registered
[    0.229983] Asymmetric key parser 'x509' registered
[    0.230133] io scheduler mq-deadline registered
[    0.230144] io scheduler kyber registered
[    0.230383] io scheduler bfq registered
[    0.234016] hw perfevents: enabled with armv7_cortex_a8 PMU driver, 5 counters available
[    0.242249] l3-aon-clkctrl:0000:0: failed to disable
[    0.242597] Serial: 8250/16550 driver, 6 ports, IRQ sharing enabled
[    0.277642] brd: module loaded
[    0.299045] loop: module loaded
[    0.299943] mtdoops: mtd device (mtddev=name/number) must be supplied
[    0.302589] i2c_dev: i2c /dev entries driver
[    0.303497] cpuidle: enable-method property 'ti,am3352' found operations
[    0.303924] sdhci: Secure Digital Host Controller Interface driver
[    0.303933] sdhci: Copyright(c) Pierre Ossman
[    0.304114] sdhci-pltfm: SDHCI platform and OF driver helper
[    0.304364] ledtrig-cpu: registered to indicate activity on CPUs
[    0.305099] Initializing XFRM netlink socket
[    0.305660] NET: Registered PF_INET6 protocol family
[    0.316912] Segment Routing with IPv6
[    0.316986] In-situ OAM (IOAM) with IPv6
[    0.317080] sit: IPv6, IPv4 and MPLS over IPv4 tunneling driver
[    0.317965] NET: Registered PF_PACKET protocol family
[    0.317994] NET: Registered PF_KEY protocol family
[    0.318104] Key type dns_resolver registered
[    0.318220] ThumbEE CPU extension supported.
[    0.318238] Registering SWP/SWPB emulation handler
[    0.318750] omap_voltage_late_init: Voltage driver support not added
[    0.319382] SmartReflex Class3 initialized
[    0.320320] Loading compiled-in X.509 certificates
[    0.380817] /ocp/interconnect@44c00000/segment@200000/target-module@b000/i2c@0/tda19988@70: Fixed dependency cycle(s) with /ocp/interconnect@48000000/segment@300000/target-module@e000/lcdc@0
[    0.386883] /ocp/interconnect@44c00000/segment@200000/target-module@b000/i2c@0/tda19988@70: Fixed dependency cycle(s) with /ocp/interconnect@48000000/segment@300000/target-module@e000/lcdc@0
[    0.394579] /ocp/interconnect@44c00000/segment@200000/target-module@b000/i2c@0/tda19988@70: Fixed dependency cycle(s) with /ocp/interconnect@48000000/segment@300000/target-module@e000/lcdc@0
[    0.395376] /ocp/interconnect@44c00000/segment@200000/target-module@b000/i2c@0/tda19988@70: Fixed dependency cycle(s) with /ocp/interconnect@48000000/segment@300000/target-module@e000/lcdc@0
[    0.398423] /ocp/interconnect@44c00000/segment@200000/target-module@10000/scm@0/pinmux@800: Fixed dependency cycle(s) with /ocp/interconnect@44c00000/segment@200000/target-module@10000/scm@0/pinmux@800/pinmux_clkout2_pin
[    0.399022] pinctrl-single 44e10800.pinmux: 142 pins, size 568
[    0.403947] ti-sysc: probe of 44e31000.target-module failed with error -16
[    0.453830] /ocp/interconnect@48000000/segment@300000/target-module@e000/lcdc@0: Fixed dependency cycle(s) with /ocp/interconnect@44c00000/segment@200000/target-module@b000/i2c@0/tda19988@70
[    0.460976] ti-sysc: probe of 48040000.target-module failed with error -16
[    0.471645] gpio gpiochip0: (gpio-0-31): not an immutable chip, please consider fixing it!
[    0.506798] OMAP GPIO hardware version 0.1
[    0.519484] omap_i2c 4819c000.i2c: bus 2 rev0.11 at 100 kHz
[    0.524893] gpio gpiochip1: (gpio-32-63): not an immutable chip, please consider fixing it!
[    0.534471] gpio gpiochip2: (gpio-64-95): not an immutable chip, please consider fixing it!
[    0.547469] /ocp/interconnect@48000000/segment@300000/target-module@e000/lcdc@0: Fixed dependency cycle(s) with /ocp/interconnect@44c00000/segment@200000/target-module@b000/i2c@0/tda19988@70
[    0.550059] /ocp/interconnect@48000000/segment@300000/target-module@e000/lcdc@0: Fixed dependency cycle(s) with /ocp/interconnect@44c00000/segment@200000/target-module@b000/i2c@0/tda19988@70
[    0.550700] /ocp/interconnect@44c00000/segment@200000/target-module@b000/i2c@0/tda19988@70: Fixed dependency cycle(s) with /ocp/interconnect@48000000/segment@300000/target-module@e000/lcdc@0
[    0.550855] /ocp/interconnect@48000000/segment@300000/target-module@e000/lcdc@0: Fixed dependency cycle(s) with /ocp/interconnect@44c00000/segment@200000/target-module@b000/i2c@0/tda19988@70
[    0.561204] sdhci-omap 481d8000.mmc: supply pbias not found, using dummy regulator
[    0.561653] sdhci-omap 481d8000.mmc: supply vqmmc not found, using dummy regulator
[    0.612574] davinci_mdio 4a101000.mdio: davinci mdio revision 1.6, bus freq 1000000
[    0.792017] davinci_mdio 4a101000.mdio: phy[0]: device 4a101000.mdio:00, driver SMSC LAN8710/LAN8720
[    0.792609] cpsw-switch 4a100000.switch: initialized cpsw ale version 1.4
[    0.792628] cpsw-switch 4a100000.switch: ALE Table size 1024
[    0.792912] cpsw-switch 4a100000.switch: cpts: overflow check period 500 (jiffies)
[    0.792933] cpsw-switch 4a100000.switch: CPTS: ref_clk_freq:250000000 calc_mult:2147483648 calc_shift:29 error:0 nsec/sec
[    0.793027] cpsw-switch 4a100000.switch: Detected MACID = 6c:ec:eb:68:de:78
[    0.794711] cpsw-switch 4a100000.switch: initialized (regs 0x4a100000, pool size 256) hw_ver:0019010C 1.12 (0)
[    0.804707] debugfs: Directory '49000000.dma' with parent 'dmaengine' already present!
[    0.804747] edma 49000000.dma: TI EDMA DMA engine driver
[    0.840864] gpio gpiochip3: (gpio -96-127): not an immutable chip, please consider fixing it!
[    0.857016] 44e09000.serial: ttyS0 at MMIO 0x44e09000 (irq = 34, base_baud = 3000000) is a 8250
[    2.182167] printk: console [ttyS0] enabled
[    2.211900] tps65217-pmic: Failed to locate of_node [id: -1]
[    2.227666] tps65217-bl: Failed to locate of_node [id: -1]
[    2.236271] tps65217 0-0024: TPS65217 ID 0xe version 1.2
[    2.242325] /ocp/interconnect@48000000/segment@300000/target-module@e000/lcdc@0: Fixed dependency cycle(s) wi th /ocp/interconnect@44c00000/segment@200000/target-module@b000/i2c@0/tda19988@70
[    2.259637] /ocp/interconnect@44c00000/segment@200000/target-module@b000/i2c@0/tda19988@70: Fixed dependency cycle(s) with /ocp/interconnect@48000000/segment@300000/target-module@e000/lcdc@0
[    2.276968] omap_i2c 44e0b000.i2c: bus 0 rev0.11 at 400 kHz
[    2.284524] omap_gpio 44e07000.gpio: Could not set line 6 debounce to 200000 microseconds (-22)
[    2.293391] sdhci-omap 48060000.mmc: Got CD GPIO
[    2.298362] sdhci-omap 48060000.mmc: supply pbias not found, using dummy regulator
[    2.307825] sdhci-omap 48060000.mmc: supply vqmmc not found, using dummy regulator
[    2.316172] sdhci-omap 481d8000.mmc: supply pbias not found, using dummy regulator
[    2.324308] sdhci-omap 481d8000.mmc: supply vqmmc not found, using dummy regulator
[    2.361116] mmc1: SDHCI controller on 481d8000.mmc [481d8000.mmc] using External DMA
[    2.369935] mmc0: SDHCI controller on 48060000.mmc [48060000.mmc] using External DMA
[    2.378652] cpsw-switch 4a100000.switch: starting ndev. mode: dual_mac
[    2.441362] mmc1: new high speed MMC card at address 0001
[    2.448153] mmcblk1: mmc1:0001 MMC04G 3.60 GiB 
[    2.455689]  mmcblk1: p1 p2
[    2.459137] mmc0: new high speed SDHC card at address aaaa
[    2.466330] mmcblk1boot0: mmc1:0001 MMC04G 2.00 MiB 
[    2.472719] mmcblk0: mmc0:aaaa SE32G 29.7 GiB 
[    2.479068] mmcblk1boot1: mmc1:0001 MMC04G 2.00 MiB 
[    2.487164] mmcblk1rpmb: mmc1:0001 MMC04G 128 KiB, chardev (250:0
[    5.681807] cpsw-switch 4a100000.switch eth0: Link is Up - 100Mbps/Full - flow control off
[    5.690197] IPv6: ADDRCONF(NETDEV_CHANGE): eth0: link becomes ready
[    5.721093] IP-Config: Complete:
[    5.724356]      device=eth0, hwaddr=6c:ec:eb:68:de:78, ipaddr=192.168.255.1, mask=255.255.255.0, gw=255.255.255.255
[    5.734972]      host=bbb1, domain=, nis-domain=(none)
[    5.740135]      bootserver=192.168.255.126, rootserver=192.168.255.126, rootpath=
[    5.740545] clk: Disabling unused clocks
[    5.752419] KTAP version 1
[    5.755147] 1..0
[    5.778697] VFS: Mounted root (nfs filesystem) on device 0:16.
[    5.785701] devtmpfs: mounted
[    5.790045] Freeing unused kernel image (initmem) memory: 1024K
[    5.796689] Run /sbin/init as init process
[    6.473344] systemd[1]: System time before build time, advancing clock.
[    7.951085] random: crng init done
[    8.022223] systemd[1]: systemd 232 running in system mode. (+PAM +AUDIT +SELINUX +IMA +APPARMOR +SMACK +SYSVINIT +UTMP +LIBCRYPTSETUP +GCRYPT +GNUTLS +ACL +XZ +LZ4 +SECCOMP +BLKID +ELFUTILS +KMOD +IDN)
[    8.041400] systemd[1]: Detected architecture arm.

Welcome to [1mDebian GNU/Linux 9 (stretch)[0m!

[    8.084000] systemd[1]: Set hostname to <arm>.
[    9.132802] systemd[1]: Set up automount Arbitrary Executable File Formats File System Automount Point.
[[0;32m  OK  [0m] Set up automount Arbitrary Executabâ€¦rmats File System Automount Point.
[    9.172209] systemd[1]: Started Dispatch Password Requests to Console Directory Watch.
[[0;32m  OK  [0m] Started Dispatch Password Requests to Console Directory Watch.
[    9.212910] systemd[1]: Listening on udev Control Socket.
[[0;32m  OK  [0m] Listening on udev Control Socket.
[    9.252650] systemd[1]: Created slice System Slice.
[[0;32m  OK  [0m] Created slice System Slice.
[    9.321691] systemd[1]: Mounting POSIX Message Queue File System...
         Mounting POSIX Message Queue File System...
[    9.363128] systemd[1]: Listening on Journal Socket.
[[0;32m  OK  [0m] Listening on Journal Socket.
[    9.424601] systemd[1]: Started Forward Password Requests to Wall Directory Watch.
[[0;32m  OK  [0m] Started Forward Password Requests to Wall Directory Watch.
[[0;32m  OK  [0m] Reached target Encrypted Volumes.
[[0;32m  OK  [0m] Created slice system-getty.slice.
[[0;32m  OK  [0m] Listening on Syslog Socket.
[[0;32m  OK  [0m] Listening on Journal Socket (/dev/log).
[[0;32m  OK  [0m] Reached target Paths.
[[0;32m  OK  [0m] Created slice system-serial\x2dgetty.slice.
         Starting Load Kernel Modules...
[[0;32m  OK  [0m] Listening on /dev/initctl Compatibility Named Pipe.
[[0;32m  OK  [0m] Reached target Swap.
[[0;32m  OK  [0m] Created slice User and Session Slice.
[[0;32m  OK  [0m] Reached target Slices.
         Starting Remount Root and Kernel File Systems...
         Starting Create list of required stâ€¦ce nodes for the current kernel...
[[0;32m  OK  [0m] Listening on Journal Audit Socket.
         Starting Journal Service...
[[0;32m  OK  [0m] Listening on udev Kernel Socket.
         Mounting Debug File System...
[[0;32m  OK  [0m] Reached target Remote File Systems.
[[0;32m  OK  [0m] Mounted POSIX Message Queue File System.
[[0;32m  OK  [0m] Started Load Kernel Modules.
[[0;32m  OK  [0m] Started Remount Root and Kernel File Systems.
[[0;32m  OK  [0m] Started Create list of required staâ€¦vice nodes for the current kernel.
[[0;32m  OK  [0m] Mounted Debug File System.
         Starting Create Static Device Nodes in /dev...
         Starting udev Coldplug all Devices...
         Starting Load/Save Random Seed...
         Starting Apply Kernel Variables...
         Mounting Configuration File System...
[[0;32m  OK  [0m] Mounted Configuration File System.
[[0;32m  OK  [0m] Started Load/Save Random Seed.
[[0;32m  OK  [0m] Started Apply Kernel Variables.
[[0;32m  OK  [0m] Started Create Static Device Nodes in /dev.
[[0;32m  OK  [0m] Reached target Local File Systems (Pre).
[[0;32m  OK  [0m] Reached target Local File Systems.
         Starting Raise network interfaces...
         Starting udev Kernel Device Manager...
[[0;32m  OK  [0m] Started Journal Service.
         Starting Flush Journal to Persistent Storage...
[   11.743304] systemd-journald[102]: Received request to flush runtime journal from PID 1
[[0;32m  OK  [0m] Started Flush Journal to Persistent Storage.
         Starting Create Volatile Files and Directories...
[[0;32m  OK  [0m] Started udev Kernel Device Manager.
[[0;32m  OK  [0m] Started Create Volatile Files and Directories.
         Starting Network Time Synchronization...
         Starting Update UTMP about System Boot/Shutdown...
[[0;32m  OK  [0m] Started Update UTMP about System Boot/Shutdown.
[[0;32m  OK  [0m] Started Network Time Synchronization.
[[0;32m  OK  [0m] Reached target System Time Synchronized.
[[0;32m  OK  [0m] Started udev Coldplug all Devices.
[[0;32m  OK  [0m] Reached target System Initialization.
[[0;32m  OK  [0m] Listening on D-Bus System Message Bus Socket.
[[0;32m  OK  [0m] Listening on Avahi mDNS/DNS-SD Stack Activat[   14.749722] remoteproc remoteproc0: wkup_m3 is available
ion Socket.
[[0;32m  OK  [0m] Reached target Sockets.
[[0;32m  OK  [0m] Started Daily Cleanup of Temporary Directories.
[[0;32m  OK  [0m] Started Daily apt download activities.
[[0;32m  OK  [0m] Started Daily apt upgrade and clean activities.
[[0;32m  OK  [0m] Reached target Timers.
[[0;32m  OK  [0m] Reached target Basic System.
         Starting DUN service...
         Starting LSB: Load kernel modules needed to enable cpufreq scaling...
[   15.203781] wkup_m3_ipc 44e11324.wkup_m3_ipc: IPC Request for A8->M3 Channel failed! -517
[   15.218990] at24 2-0054: supply vcc not found, using dummy regulator
[   15.291571] omap_wdt: OMAP Watchdog Timer Rev 0x01: initial timeout 60 sec
[   15.299911] wkup_m3_ipc 44e11324.wkup_m3_ipc: IPC Request for A8->M3 Channel failed! -517
         Starting LSB: Start busybox udhcpd at boot time...
[   15.383376] omap_rtc 44e3e000.rtc: registered as rtc0
[   15.388604] omap_rtc 44e3e000.rtc: setting system clock to 2000-01-01T00:00:00 UTC (946684800)
[   15.398924] at24 2-0055: supply vcc not found, using dummy regulator
[[0;32m  OK  [0m] Started D-Bus System Message Bus.
[   15.472430] wkup_m3_ipc 44e11324.wkup_m3_ipc: IPC Request for A8->M3 Channel failed! -517
[   15.561869] at24 2-0056: supply vcc not found, using dummy regulator
[   15.672057] at24 2-0057: supply vcc not found, using dummy regulator
[   15.734198] tps6521x_pwrbutton tps65217-pwrbutton: DMA mask not set
[   15.788296] input: tps65217_pwrbutton as /devices/platform/ocp/44c00000.interconnect/44c00000.interconnect:segment@200000/44e0b000.target-module/44e0b000.i2c/i2c-0/0-0024/tps65217-pwrbutton/input/input0
[   15.807852] wkup_m3_ipc 44e11324.wkup_m3_ipc: IPC Request for A8->M3 Channel failed! -517
[   15.817700] at24 0-0050: 32768 byte 24c256 EEPROM, writable, 1 bytes/write
[   15.935591] wkup_m3_ipc 44e11324.wkup_m3_ipc: IPC Request for A8->M3 Channel failed! -517
[   16.103591] am335x-phy-driver 47401300.usb-phy: supply vcc not found, using dummy regulator
[   16.112510] am335x-phy-driver 47401300.usb-phy: dummy supplies not allowed for exclusive requests
[   16.316934] am335x-phy-driver 47401b00.usb-phy: supply vcc not found, using dummy regulator
[   16.325897] am335x-phy-driver 47401b00.usb-phy: dummy supplies not allowed for exclusive requests
[   16.342057] wkup_m3_ipc 44e11324.wkup_m3_ipc: IPC Request for A8->M3 Channel failed! -517
[   16.594224] wkup_m3_ipc 44e11324.wkup_m3_ipc: IPC Request for A8->M3 Channel failed! -517
[   16.656385] usbcore: registered new interface driver usbfs
[   16.662217] usbcore: registered new interface driver hub
[   16.667652] usbcore: registered new device driver usb
[   17.494453] omap-mailbox 480c8000.mailbox: omap mailbox rev 0x400
[   17.515908] remoteproc remoteproc0: powering up wkup_m3
[   17.671850] remoteproc remoteproc0: Direct firmware load for am335x-pm-firmware.elf failed with error -2
[   17.681645] remoteproc remoteproc0: request_firmware failed: -2
[   17.687603] wkup_m3_ipc 44e11324.wkup_m3_ipc: rproc_boot failed
[   17.723837] musb-hdrc musb-hdrc.1: MUSB HDRC host driver
[   17.729249] musb-hdrc musb-hdrc.1: new USB bus registered, assigned bus number 1
[   18.016726] usb usb1: New USB device found, idVendor=1d6b, idProduct=0002, bcdDevice= 6.01
[   18.025219] usb usb1: New USB device strings: Mfr=3, Product=2, SerialNumber=1
[   18.032523] usb usb1: Product: MUSB HDRC host driver
[   18.037514] usb usb1: Manufacturer: Linux 6.1.151 musb-hcd
[   18.043065] usb usb1: SerialNumber: musb-hdrc.1
[   18.363351] hub 1-0:1.0: USB hub found
[   18.448758] hub 1-0:1.0: 1 port detected
[   18.607827] tda998x 0-0070: found TDA19988
[   19.484481] tilcdc 4830e000.lcdc: bound 0-0070 (ops tda998x_audio_codec_init [tda998x])
[   19.502762] omap_rng 48310000.rng: Random Number Generator ver. 20
[[0;32m  OK  [0m] Started DUN service.
[   19.629027] [drm] Initialized tilcdc 1.0.0 20121205 for 4830e000.lcdc on minor 0
         Starting Connection service...
[   19.791267] tilcdc 4830e000.lcdc: [drm] Cannot find any crtc or sizes
[   19.801799] tilcdc 4830e000.lcdc: [drm] Cannot find any crtc or sizes
         Starting Generic Board Startup...
         Starting System Logging Service...
         Starting Avahi mDNS/DNS-SD Stack...
[[0;32m  OK  [0m] Started Regular background program processing daemon.
         Starting Cape Manager Service...
         Starting Login Service...
         Starting Telephony service...
[   20.834070] PM: Cannot get wkup_m3_ipc handle
[   20.890566] omap-sham 53100000.sham: hw accel on OMAP rev 4.3
[   21.028878] omap-sham 53100000.sham: will run requests pump with realtime priority
[   21.319448] PM: Cannot get wkup_m3_ipc handle
[   21.488440] omap-aes 53500000.aes: OMAP AES hw accel rev: 3.2
[   21.640578] omap-aes 53500000.aes: will run requests pump with realtime priority
[[0;32m  OK  [0m] Found device /dev/ttyS0.
[   21.886594] PM: Cannot get wkup_m3_ipc handle
[[0;32m  OK  [0m] Started System Logging Service.
[[0;32m  OK  [0m] Started Cape Manager Service.
[   23.751841] Bluetooth: Core ver 2.22
[   23.755641] NET: Registered PF_BLUETOOTH protocol family
[   23.760985] Bluetooth: HCI device and connection manager initialized
[   23.767575] Bluetooth: HCI socket layer initialized
[   23.772539] Bluetooth: L2CAP socket layer initialized
[   23.777680] Bluetooth: SCO socket layer initialized
[   25.224913] PM: Cannot get wkup_m3_ipc handle
[   25.343756] PM: Cannot get wkup_m3_ipc handle
[[0;32m  OK  [0m] Started Raise network interfaces.
[[0;32m  OK  [0m] Started LSB: Start busybox udhcpd at boot time.
[[0;32m  OK  [0m] Started LSB: Load kernel modules needed to enable cpufreq scaling.
[   27.927340] using random self ethernet address
[   27.932006] using random host ethernet address
[   28.149356] using random self ethernet address
[   28.154053] using random host ethernet address
[[0;32m  OK  [0m] Started Telephony service.
[   28.605946] usb0: HOST MAC 1c:ba:8c:a2:ed:6c
[   28.610267] usb0: MAC 1c:ba:8c:a2:ed:70
[   28.615255] usb1: HOST MAC 1c:ba:8c:a2:ed:6c
[   28.619568] usb1: MAC 1c:ba:8c:a2:ed:6d
[   28.641960] PM: Cannot get wkup_m3_ipc handle
[[0;32m  OK  [0m] Started Avahi mDNS/DNS-SD Stack.
[[0;32m  OK  [0m] Started Connection service.
[[0;32m  OK  [0m] Started Login Service.
         Starting Hostname Service...
         Starting WPA supplicant...
[[0;32m  OK  [0m] Reached target Sound Card.
         Starting LSB: set CPUFreq kernel parameters...
[[0;32m  OK  [0m] Started WPA supplicant.
[[0;32m  OK  [0m] Started Hostname Service.
[[0;32m  OK  [0m] Reached target Network.
         Starting OpenBSD Secure Shell server...
         Starting Permit User Sessions...
[[0;32m  OK  [0m] Reached target Network is Online.
         Starting LSB: Advanced IEEE 802.11 management daemon...
         Starting The Apache HTTP Server...
[[0;32m  OK  [0m] Started LSB: Advanced IEEE 802.11 management daemon.
[[0;32m  OK  [0m] Started LSB: set CPUFreq kernel parameters.
[[0;32m  OK  [0m] Started Permit User Sessions.
[[0;32m  OK  [0m] Started Getty on tty1.
[[0;32m  OK  [0m] Started Serial Getty on ttyS0.
[[0;32m  OK  [0m] Reached target Login Prompts.
[[0;32m  OK  [0m] Started OpenBSD Secure Shell server.
         Stopping LSB: Start busybox udhcpd at boot time...
[[0;32m  OK  [0m] Stopped LSB: Start busybox udhcpd at boot time.
[[0;32m  OK  [0m] Started The Apache HTTP Server.
         Starting dnsmasq - A lightweight DHCP and caching DNS server...
[[0;32m  OK  [0m] Started dnsmasq - A lightweight DHCP and caching DNS server.
[[0;32m  OK  [0m] Reached target Host and Network Name Lookups.
[[0;32m  OK  [0m] Started Serial Getty on ttyGS0.
[[0;32m  OK  [0m] Started Generic Board Startup.
[[0;32m  OK  [0m] Reached target Multi-User System.
[[0;32m  OK  [0m] Reached target Graphical Interface.
         Starting Update UTMP about System Runlevel Changes...
[[0;32m  OK  [0m] Started Update UTMP about System Runlevel Changes.

Debian GNU/Linux 9 arm ttyS0

default username:password is [debian:temppwd]

arm login: roo
Password: 
Last login: Sat Jan  1 00:00:32 UTC 2000 on ttyS0
root
Linux arm 6.1.151 #1 SMP Tue Sep  9 21:12:46 EEST 2025 armv7l

The programs included with the Debian GNU/Linux system are free software;
the exact distribution terms for each program are described in the
individual files in /usr/share/doc/*/copyright.

Debian GNU/Linux comes with ABSOLUTELY NO WARRANTY, to the extent
permitted by applicable law.
root@arm:~# root
-bash: root: command not found
root@arm:~# dmesg -n 1
root@arm:~# echo 'CBTO''TQEBNF'
CBTOTQEBNF
root@arm:~# run() { echo -n "$MARKER"; sh -c "$@"; echo "$MARKER $?"; }
root@arm:~# echo 'KWXP''ZFPPAA'
KWXPZFPPAA
root@arm:~# MARKER='GHQO''KGMUXB' run 'cat /proc/version'
GHQOKGMUXBLinux version 6.1.151 (user01@drvtest01) (arm-none-eabi-gcc (Arm GNU Toolchain 14.2.Rel1 (Build arm-14.52)) 14.2.1 20241119, GNU ld (Arm GNU Toolchain 14.2.Rel1 (Build arm-14.52)) 2.43.1.20241119) #1 SMP Tue Sep  9 21:12:46 EEST 2025
GHQOKGMUXB 0
root@arm:~# echo 'QLWH''HSJMNT'
QLWHHSJMNT
root@arm:~# MARKER='WLVF''ETQWPA' run false
WLVFETQWPAWLVFETQWPA 1
root@arm:~# Labgrid Console Logfile for main
Logfile started at 2025-09-09 21:15:15.283020
=== Log starts here ===

root@arm:~# run() { echo -n "$MARKER"; sh -c "$@"; echo "$MARKER $?"; }
root@arm:~# echo 'BHWB''VWXTOG'
BHWBVWXTOG
root@arm:~# MARKER='FJMW''NJHPFC' run 'ls /iio_generic_buffer; echo $?'
FJMWNJHPFC/iio_generic_buffer
0
FJMWNJHPFC 0
root@arm:~# Labgrid Console Logfile for main
Logfile started at 2025-09-09 21:15:18.640976
=== Log starts here ===

root@arm:~# run() { echo -n "$MARKER"; sh -c "$@"; echo "$MARKER $?"; }
root@arm:~# echo 'UKCA''TWTHWO'
UKCATWTHWO
root@arm:~# MARKER='GESM''MJUGLY' run dmesg
GESMMJUGLY[    0.000000] Booting Linux on physical CPU 0x0
[    0.000000] Linux version 6.1.151 (user01@drvtest01) (arm-none-eabi-gcc (Arm GNU Toolchain 14.2.Rel1 (Build arm-14.52)) 14.2.1 20241119, GNU ld (Arm GNU Toolchain 14.2.Rel1 (Build arm-14.52)) 2.43.1.20241119) #1 SMP Tue Sep  9 21:12:46 EEST 2025
[    0.000000] CPU: ARMv7 Processor [413fc082] revision 2 (ARMv7), cr=10c5387d
[    0.000000] CPU: PIPT / VIPT nonaliasing data cache, VIPT aliasing instruction cache
[    0.000000] OF: fdt: Machine model: TI AM335x BeagleBone Black
[    0.000000] Memory policy: Data cache writeback
[    0.000000] cma: Reserved 16 MiB at 0x9ec00000
[    0.000000] Zone ranges:
[    0.000000]   Normal   [mem 0x0000000080000000-0x000000009fdfffff]
[    0.000000]   HighMem  empty
[    0.000000] Movable zone start for each node
[    0.000000] Early memory node ranges
[    0.000000]   node   0: [mem 0x0000000080000000-0x000000009fdfffff]
[    0.000000] Initmem setup node 0 [mem 0x0000000080000000-0x000000009fdfffff]
[    0.000000] CPU: All CPU(s) started in SVC mode.
[    0.000000] AM335X ES2.1 (sgx neon)
[    0.000000] percpu: Embedded 16 pages/cpu s34196 r8192 d23148 u65536
[    0.000000] pcpu-alloc: s34196 r8192 d23148 u65536 alloc=16*4096
[    0.000000] pcpu-alloc: [0] 0 
[    0.000000] Built 1 zonelists, mobility grouping on.  Total pages: 129412
[    0.000000] Kernel command line: console=ttyO0,115200n8 root=/dev/nfs rw nfsroot=192.168.255.126:/home/user01/nfs,nfsvers=3 ip=192.168.255.1:192.168.255.126::255.255.255.0:bbb1:eth0 nfsrootdebug
[    0.000000] Unknown kernel command line parameters "nfsrootdebug", will be passed to user space.
[    0.000000] Dentry cache hash table entries: 65536 (order: 6, 262144 bytes, linear)
[    0.000000] Inode-cache hash table entries: 32768 (order: 5, 131072 bytes, linear)
[    0.000000] mem auto-init: stack:off, heap alloc:off, heap free:off
[    0.000000] Memory: 484644K/522240K available (10240K kernel code, 1145K rwdata, 2604K rodata, 1024K init, 286K bss, 21212K reserved, 16384K cma-reserved, 0K highmem)
[    0.000000] SLUB: HWalign=64, Order=0-3, MinObjects=0, CPUs=1, Nodes=1
[    0.000000] trace event string verifier disabled
[    0.000000] rcu: Hierarchical RCU implementation.
[    0.000000] rcu: 	RCU event tracing is enabled.
[    0.000000] rcu: 	RCU restricting CPUs from NR_CPUS=2 to nr_cpu_ids=1.
[    0.000000] rcu: RCU calculated value of scheduler-enlistment delay is 10 jiffies.
[    0.000000] rcu: Adjusting geometry for rcu_fanout_leaf=16, nr_cpu_ids=1
[    0.000000] NR_IRQS: 16, nr_irqs: 16, preallocated irqs: 16
[    0.000000] IRQ: Found an INTC at 0x(ptrval) (revision 5.0) with 128 interrupts
[    0.000000] rcu: srcu_init: Setting srcu_struct sizes based on contention.
[    0.000000] TI gptimer clocksource: always-on /ocp/interconnect@44c00000/segment@200000/target-module@31000
[    0.000003] sched_clock: 32 bits at 24MHz, resolution 41ns, wraps every 89478484971ns
[    0.000027] clocksource: dmtimer: mask: 0xffffffff max_cycles: 0xffffffff, max_idle_ns: 79635851949 ns
[    0.000446] TI gptimer clockevent: 24000000 Hz at /ocp/interconnect@48000000/segment@0/target-module@40000
[    0.001998] Console: colour dummy device 80x30
[    0.002046] WARNING: Your 'console=ttyO0' has been replaced by 'ttyS0'
[    0.002053] This ensures that you still see kernel messages. Please
[    0.002058] update your kernel commandline.
[    0.002099] Calibrating delay loop... 996.14 BogoMIPS (lpj=4980736)
[    0.090489] CPU: Testing write buffer coherency: ok
[    0.090585] CPU0: Spectre v2: using BPIALL workaround
[    0.090596] pid_max: default: 32768 minimum: 301
[    0.090724] LSM: Security Framework initializing
[    0.090898] Mount-cache hash table entries: 1024 (order: 0, 4096 bytes, linear)
[    0.090919] Mountpoint-cache hash table entries: 1024 (order: 0, 4096 bytes, linear)
[    0.092399] CPU0: thread -1, cpu 0, socket -1, mpidr 0
[    0.093673] Setting up static identity map for 0x80100000 - 0x80100078
[    0.093907] rcu: Hierarchical SRCU implementation.
[    0.093915] rcu: 	Max phase no-delay instances is 1000.
[    0.095219] smp: Bringing up secondary CPUs ...
[    0.095236] smp: Brought up 1 node, 1 CPU
[    0.095247] SMP: Total of 1 processors activated (996.14 BogoMIPS).
[    0.095258] CPU: All CPU(s) started in SVC mode.
[    0.096160] devtmpfs: initialized
[    0.111499] VFP support v0.3: implementor 41 architecture 3 part 30 variant c rev 3
[    0.111806] clocksource: jiffies: mask: 0xffffffff max_cycles: 0xffffffff, max_idle_ns: 19112604462750000 ns
[    0.111838] futex hash table entries: 256 (order: 2, 16384 bytes, linear)
[    0.113131] pinctrl core: initialized pinctrl subsystem
[    0.115030] NET: Registered PF_NETLINK/PF_ROUTE protocol family
[    0.117031] DMA: preallocated 256 KiB pool for atomic coherent allocations
[    0.117605] audit: initializing netlink subsys (disabled)
[    0.118805] thermal_sys: Registered thermal governor 'fair_share'
[    0.118823] thermal_sys: Registered thermal governor 'step_wise'
[    0.118829] thermal_sys: Registered thermal governor 'user_space'
[    0.118951] cpuidle: using governor menu
[    0.135647] /ocp/interconnect@44c00000/segment@200000/target-module@b000/i2c@0/tda19988@70: Fixed dependency cycle(s) with /ocp/interconnect@48000000/segment@300000/target-module@e000/lcdc@0
[    0.136684] /ocp/interconnect@48000000/segment@300000/target-module@e000/lcdc@0: Fixed dependency cycle(s) with /ocp/interconnect@44c00000/segment@200000/target-module@b000/i2c@0/tda19988@70
[    0.138671] No ATAGs?
[    0.138688] hw-breakpoint: debug architecture 0x4 unsupported.
[    0.147308] audit: type=2000 audit(0.110:1): state=initialized audit_enabled=0 res=1
[    0.147599] kprobes: kprobe jump-optimization is enabled. All kprobes are optimized if possible.
[    0.163337] reg-fixed-voltage fixedregulator0: GPIO lookup for consumer (null)
[    0.163363] reg-fixed-voltage fixedregulator0: using device tree for GPIO lookup
[    0.163385] of_get_named_gpiod_flags: can't parse 'gpios' property of node '/fixedregulator0[0]'
[    0.163421] of_get_named_gpiod_flags: can't parse 'gpio' property of node '/fixedregulator0[0]'
[    0.163443] reg-fixed-voltage fixedregulator0: using lookup tables for GPIO lookup
[    0.163453] reg-fixed-voltage fixedregulator0: No GPIO consumer (null) found
[    0.164606] iommu: Default domain type: Translated 
[    0.164618] iommu: DMA domain TLB invalidation policy: strict mode 
[    0.166066] SCSI subsystem initialized
[    0.166575] libata version 3.00 loaded.
[    0.166903] pps_core: LinuxPPS API ver. 1 registered
[    0.166913] pps_core: Software ver. 5.3.6 - Copyright 2005-2007 Rodolfo Giometti <giometti@linux.it>
[    0.166943] PTP clock support registered
[    0.180759] vgaarb: loaded
[    0.181080] clocksource: Switched to clocksource dmtimer
[    0.181681] VFS: Disk quotas dquot_6.6.0
[    0.181751] VFS: Dquot-cache hash table entries: 1024 (order 0, 4096 bytes)
[    0.198309] NET: Registered PF_INET protocol family
[    0.198650] IP idents hash table entries: 8192 (order: 4, 65536 bytes, linear)
[    0.200010] tcp_listen_portaddr_hash hash table entries: 512 (order: 0, 4096 bytes, linear)
[    0.200056] Table-perturb hash table entries: 65536 (order: 6, 262144 bytes, linear)
[    0.200077] TCP established hash table entries: 4096 (order: 2, 16384 bytes, linear)
[    0.200125] TCP bind hash table entries: 4096 (order: 4, 65536 bytes, linear)
[    0.200224] TCP: Hash tables configured (established 4096 bind 4096)
[    0.200344] UDP hash table entries: 256 (order: 1, 8192 bytes, linear)
[    0.200370] UDP-Lite hash table entries: 256 (order: 1, 8192 bytes, linear)
[    0.200547] NET: Registered PF_UNIX/PF_LOCAL protocol family
[    0.217340] RPC: Registered named UNIX socket transport module.
[    0.217360] RPC: Registered udp transport module.
[    0.217366] RPC: Registered tcp transport module.
[    0.217371] RPC: Registered tcp NFSv4.1 backchannel transport module.
[    0.217390] PCI: CLS 0 bytes, default 64
[    0.218846] Initialise system trusted keyrings
[    0.219828] workingset: timestamp_bits=14 max_order=17 bucket_order=3
[    0.229116] NFS: Registering the id_resolver key type
[    0.229194] Key type id_resolver registered
[    0.229203] Key type id_legacy registered
[    0.229255] jffs2: version 2.2. (NAND) (SUMMARY)  Â© 2001-2006 Red Hat, Inc.
[    0.229967] Key type asymmetric registered
[    0.229983] Asymmetric key parser 'x509' registered
[    0.230133] io scheduler mq-deadline registered
[    0.230144] io scheduler kyber registered
[    0.230383] io scheduler bfq registered
[    0.234016] hw perfevents: enabled with armv7_cortex_a8 PMU driver, 5 counters available
[    0.242249] l3-aon-clkctrl:0000:0: failed to disable
[    0.242597] Serial: 8250/16550 driver, 6 ports, IRQ sharing enabled
[    0.277642] brd: module loaded
[    0.299045] loop: module loaded
[    0.299943] mtdoops: mtd device (mtddev=name/number) must be supplied
[    0.301439] mdio_bus fixed-0: GPIO lookup for consumer reset
[    0.301462] mdio_bus fixed-0: using lookup tables for GPIO lookup
[    0.301471] mdio_bus fixed-0: No GPIO consumer reset found
[    0.302589] i2c_dev: i2c /dev entries driver
[    0.303497] cpuidle: enable-method property 'ti,am3352' found operations
[    0.303924] sdhci: Secure Digital Host Controller Interface driver
[    0.303933] sdhci: Copyright(c) Pierre Ossman
[    0.304114] sdhci-pltfm: SDHCI platform and OF driver helper
[    0.304364] ledtrig-cpu: registered to indicate activity on CPUs
[    0.305099] Initializing XFRM netlink socket
[    0.305660] NET: Registered PF_INET6 protocol family
[    0.316912] Segment Routing with IPv6
[    0.316986] In-situ OAM (IOAM) with IPv6
[    0.317080] sit: IPv6, IPv4 and MPLS over IPv4 tunneling driver
[    0.317965] NET: Registered PF_PACKET protocol family
[    0.317994] NET: Registered PF_KEY protocol family
[    0.318104] Key type dns_resolver registered
[    0.318220] ThumbEE CPU extension supported.
[    0.318238] Registering SWP/SWPB emulation handler
[    0.318750] omap_voltage_late_init: Voltage driver support not added
[    0.319382] SmartReflex Class3 initialized
[    0.320320] Loading compiled-in X.509 certificates
[    0.380817] /ocp/interconnect@44c00000/segment@200000/target-module@b000/i2c@0/tda19988@70: Fixed dependency cycle(s) with /ocp/interconnect@48000000/segment@300000/target-module@e000/lcdc@0
[    0.386883] /ocp/interconnect@44c00000/segment@200000/target-module@b000/i2c@0/tda19988@70: Fixed dependency cycle(s) with /ocp/interconnect@48000000/segment@300000/target-module@e000/lcdc@0
[    0.394579] /ocp/interconnect@44c00000/segment@200000/target-module@b000/i2c@0/tda19988@70: Fixed dependency cycle(s) with /ocp/interconnect@48000000/segment@300000/target-module@e000/lcdc@0
[    0.395376] /ocp/interconnect@44c00000/segment@200000/target-module@b000/i2c@0/tda19988@70: Fixed dependency cycle(s) with /ocp/interconnect@48000000/segment@300000/target-module@e000/lcdc@0
[    0.398423] /ocp/interconnect@44c00000/segment@200000/target-module@10000/scm@0/pinmux@800: Fixed dependency cycle(s) with /ocp/interconnect@44c00000/segment@200000/target-module@10000/scm@0/pinmux@800/pinmux_clkout2_pin
[    0.399022] pinctrl-single 44e10800.pinmux: 142 pins, size 568
[    0.403947] ti-sysc: probe of 44e31000.target-module failed with error -16
[    0.453830] /ocp/interconnect@48000000/segment@300000/target-module@e000/lcdc@0: Fixed dependency cycle(s) with /ocp/interconnect@44c00000/segment@200000/target-module@b000/i2c@0/tda19988@70
[    0.460976] ti-sysc: probe of 48040000.target-module failed with error -16
[    0.471512] gpio gpiochip0: (gpio-0-31): created GPIO range 0->7 ==> 44e10800.pinmux PIN 0->7
[    0.471549] gpio gpiochip0: (gpio-0-31): created GPIO range 8->11 ==> 44e10800.pinmux PIN 90->93
[    0.471564] gpio gpiochip0: (gpio-0-31): created GPIO range 12->27 ==> 44e10800.pinmux PIN 12->27
[    0.471579] gpio gpiochip0: (gpio-0-31): created GPIO range 28->31 ==> 44e10800.pinmux PIN 30->33
[    0.471645] gpio gpiochip0: (gpio-0-31): not an immutable chip, please consider fixing it!
[    0.506545] gpio gpiochip0: (gpio-0-31): added GPIO chardev (254:0)
[    0.506710] gpio gpiochip0: registered GPIOs 0 to 31 on gpio-0-31
[    0.506798] OMAP GPIO hardware version 0.1
[    0.518567] i2c i2c-2: GPIO lookup for consumer scl
[    0.518594] i2c i2c-2: using device tree for GPIO lookup
[    0.518620] of_get_named_gpiod_flags: can't parse 'scl-gpios' property of node '/ocp/interconnect@48000000/segment@100000/target-module@9c000/i2c@0[0]'
[    0.518665] of_get_named_gpiod_flags: can't parse 'scl-gpio' property of node '/ocp/interconnect@48000000/segment@100000/target-module@9c000/i2c@0[0]'
[    0.518705] i2c i2c-2: using lookup tables for GPIO lookup
[    0.518715] i2c i2c-2: No GPIO consumer scl found
[    0.518736] i2c i2c-2: GPIO lookup for consumer sda
[    0.518743] i2c i2c-2: using device tree for GPIO lookup
[    0.518756] of_get_named_gpiod_flags: can't parse 'sda-gpios' property of node '/ocp/interconnect@48000000/segment@100000/target-module@9c000/i2c@0[0]'
[    0.518795] of_get_named_gpiod_flags: can't parse 'sda-gpio' property of node '/ocp/interconnect@48000000/segment@100000/target-module@9c000/i2c@0[0]'
[    0.518828] i2c i2c-2: using lookup tables for GPIO lookup
[    0.518836] i2c i2c-2: No GPIO consumer sda found
[    0.519484] omap_i2c 4819c000.i2c: bus 2 rev0.11 at 100 kHz
[    0.524781] gpio gpiochip1: (gpio-32-63): created GPIO range 0->17 ==> 44e10800.pinmux PIN 34->51
[    0.524814] gpio gpiochip1: (gpio-32-63): created GPIO range 18->21 ==> 44e10800.pinmux PIN 77->80
[    0.524830] gpio gpiochip1: (gpio-32-63): created GPIO range 22->31 ==> 44e10800.pinmux PIN 56->65
[    0.524893] gpio gpiochip1: (gpio-32-63): not an immutable chip, please consider fixing it!
[    0.532098] gpio gpiochip1: (gpio-32-63): added GPIO chardev (254:1)
[    0.532233] gpio gpiochip1: registered GPIOs 32 to 63 on gpio-32-63
[    0.534332] gpio gpiochip2: (gpio-64-95): created GPIO range 0->4 ==> 44e10800.pinmux PIN 66->70
[    0.534362] gpio gpiochip2: (gpio-64-95): created GPIO range 5->6 ==> 44e10800.pinmux PIN 98->99
[    0.534378] gpio gpiochip2: (gpio-64-95): created GPIO range 7->8 ==> 44e10800.pinmux PIN 75->76
[    0.534394] gpio gpiochip2: (gpio-64-95): created GPIO range 13->13 ==> 44e10800.pinmux PIN 141->141
[    0.534410] gpio gpiochip2: (gpio-64-95): created GPIO range 14->21 ==> 44e10800.pinmux PIN 100->107
[    0.534471] gpio gpiochip2: (gpio-64-95): not an immutable chip, please consider fixing it!
[    0.541526] gpio gpiochip2: (gpio-64-95): added GPIO chardev (254:2)
[    0.541644] gpio gpiochip2: registered GPIOs 64 to 95 on gpio-64-95
[    0.547469] /ocp/interconnect@48000000/segment@300000/target-module@e000/lcdc@0: Fixed dependency cycle(s) with /ocp/interconnect@44c00000/segment@200000/target-module@b000/i2c@0/tda19988@70
[    0.550059] /ocp/interconnect@48000000/segment@300000/target-module@e000/lcdc@0: Fixed dependency cycle(s) with /ocp/interconnect@44c00000/segment@200000/target-module@b000/i2c@0/tda19988@70
[    0.550700] /ocp/interconnect@44c00000/segment@200000/target-module@b000/i2c@0/tda19988@70: Fixed dependency cycle(s) with /ocp/interconnect@48000000/segment@300000/target-module@e000/lcdc@0
[    0.550855] /ocp/interconnect@48000000/segment@300000/target-module@e000/lcdc@0: Fixed dependency cycle(s) with /ocp/interconnect@44c00000/segment@200000/target-module@b000/i2c@0/tda19988@70
[    0.559556] mdio_bus 4a101000.mdio: GPIO lookup for consumer reset
[    0.559584] mdio_bus 4a101000.mdio: using device tree for GPIO lookup
[    0.559605] of_get_named_gpiod_flags: can't parse 'reset-gpios' property of node '/ocp/interconnect@4a000000/segment@0/target-module@100000/switch@0/mdio@1000[0]'
[    0.559653] of_get_named_gpiod_flags: can't parse 'reset-gpio' property of node '/ocp/interconnect@4a000000/segment@0/target-module@100000/switch@0/mdio@1000[0]'
[    0.559699] mdio_bus 4a101000.mdio: using lookup tables for GPIO lookup
[    0.559708] mdio_bus 4a101000.mdio: No GPIO consumer reset found
[    0.560754] sdhci-omap 481d8000.mmc: GPIO lookup for consumer wp
[    0.560774] sdhci-omap 481d8000.mmc: using device tree for GPIO lookup
[    0.560794] of_get_named_gpiod_flags: can't parse 'wp-gpios' property of node '/ocp/interconnect@48000000/segment@100000/target-module@d8000/mmc@0[0]'
[    0.560844] of_get_named_gpiod_flags: can't parse 'wp-gpio' property of node '/ocp/interconnect@48000000/segment@100000/target-module@d8000/mmc@0[0]'
[    0.560882] sdhci-omap 481d8000.mmc: using lookup tables for GPIO lookup
[    0.560891] sdhci-omap 481d8000.mmc: No GPIO consumer wp found
[    0.561204] sdhci-omap 481d8000.mmc: supply pbias not found, using dummy regulator
[    0.561653] sdhci-omap 481d8000.mmc: supply vqmmc not found, using dummy regulator
[    0.612574] davinci_mdio 4a101000.mdio: davinci mdio revision 1.6, bus freq 1000000
[    0.633011] mdio_bus 4a101000.mdio:00: GPIO lookup for consumer reset
[    0.633033] mdio_bus 4a101000.mdio:00: using device tree for GPIO lookup
[    0.633072] of_get_named_gpiod_flags: parsed 'reset-gpios' property of node '/ocp/interconnect@4a000000/segment@0/target-module@100000/switch@0/mdio@1000/ethernet-phy@0[0]' - status (0)
[    0.633233] gpio gpiochip0: Persistence not supported for GPIO 8
[    0.792017] davinci_mdio 4a101000.mdio: phy[0]: device 4a101000.mdio:00, driver SMSC LAN8710/LAN8720
[    0.792609] cpsw-switch 4a100000.switch: initialized cpsw ale version 1.4
[    0.792628] cpsw-switch 4a100000.switch: ALE Table size 1024
[    0.792912] cpsw-switch 4a100000.switch: cpts: overflow check period 500 (jiffies)
[    0.792933] cpsw-switch 4a100000.switch: CPTS: ref_clk_freq:250000000 calc_mult:2147483648 calc_shift:29 error:0 nsec/sec
[    0.793027] cpsw-switch 4a100000.switch: Detected MACID = 6c:ec:eb:68:de:78
[    0.794711] cpsw-switch 4a100000.switch: initialized (regs 0x4a100000, pool size 256) hw_ver:0019010C 1.12 (0)
[    0.804707] debugfs: Directory '49000000.dma' with parent 'dmaengine' already present!
[    0.804747] edma 49000000.dma: TI EDMA DMA engine driver
[    0.839571] gpio-clk clk_mcasp0: GPIO lookup for consumer enable
[    0.839602] gpio-clk clk_mcasp0: using device tree for GPIO lookup
[    0.839642] of_get_named_gpiod_flags: parsed 'enable-gpios' property of node '/clk_mcasp0[0]' - status (0)
[    0.839688] gpio gpiochip0: Persistence not supported for GPIO 27
[    0.840592] gpio gpiochip3: (gpio-96-127): created GPIO range 0->7 ==> 44e10800.pinmux PIN 82->89
[    0.840628] gpio gpiochip3: (gpio-96-127): created GPIO range 8->11 ==> 44e10800.pinmux PIN 52->55
[    0.840644] gpio gpiochip3: (gpio-96-127): created GPIO range 12->15 ==> 44e10800.pinmux PIN 94->97
[    0.840660] gpio gpiochip3: (gpio-96-127): created GPIO range 16->17 ==> 44e10800.pinmux PIN 71->72
[    0.840675] gpio gpiochip3: (gpio-96-127): created GPIO range 18->18 ==> 44e10800.pinmux PIN 135->135
[    0.840691] gpio gpiochip3: (gpio-96-127): created GPIO range 19->20 ==> 44e10800.pinmux PIN 108->109
[    0.840708] gpio gpiochip3: (gpio-96-127): created GPIO range 21->21 ==> 44e10800.pinmux PIN 73->73
[    0.840725] gpio gpiochip3: (gpio-96-127): created GPIO range 22->23 ==> 44e10800.pinmux PIN 8->9
[    0.840741] gpio gpiochip3: (gpio-96-127): created GPIO range 26->27 ==> 44e10800.pinmux PIN 10->11
[    0.840759] gpio gpiochip3: (gpio-96-127): created GPIO range 28->28 ==> 44e10800.pinmux PIN 74->74
[    0.840776] gpio gpiochip3: (gpio-96-127): created GPIO range 29->29 ==> 44e10800.pinmux PIN 81->81
[    0.840794] gpio gpiochip3: (gpio-96-127): created GPIO range 30->31 ==> 44e10800.pinmux PIN 28->29
[    0.840864] gpio gpiochip3: (gpio-96-127): not an immutable chip, please consider fixing it!
[    0.855110] gpio gpiochip3: (gpio-96-127): added GPIO chardev (254:3)
[    0.855253] gpio gpiochip3: registered GPIOs 96 to 127 on gpio-96-127
[    0.856823] omap8250 44e09000.serial: GPIO lookup for consumer rs485-term
[    0.856845] omap8250 44e09000.serial: using device tree for GPIO lookup
[    0.856867] of_get_named_gpiod_flags: can't parse 'rs485-term-gpios' property of node '/ocp/interconnect@44c00000/segment@200000/target-module@9000/serial@0[0]'
[    0.856918] of_get_named_gpiod_flags: can't parse 'rs485-term-gpio' property of node '/ocp/interconnect@44c00000/segment@200000/target-module@9000/serial@0[0]'
[    0.856959] omap8250 44e09000.serial: using lookup tables for GPIO lookup
[    0.856969] omap8250 44e09000.serial: No GPIO consumer rs485-term found
[    0.857016] 44e09000.serial: ttyS0 at MMIO 0x44e09000 (irq = 34, base_baud = 3000000) is a 8250
[    2.182167] printk: console [ttyS0] enabled
[    2.188990] i2c i2c-0: GPIO lookup for consumer scl
[    2.189026] i2c i2c-0: using device tree for GPIO lookup
[    2.189052] of_get_named_gpiod_flags: can't parse 'scl-gpios' property of node '/ocp/interconnect@44c00000/segment@200000/target-module@b000/i2c@0[0]'
[    2.189099] of_get_named_gpiod_flags: can't parse 'scl-gpio' property of node '/ocp/interconnect@44c00000/segment@200000/target-module@b000/i2c@0[0]'
[    2.189141] i2c i2c-0: using lookup tables for GPIO lookup
[    2.189153] i2c i2c-0: No GPIO consumer scl found
[    2.189175] i2c i2c-0: GPIO lookup for consumer sda
[    2.189183] i2c i2c-0: using device tree for GPIO lookup
[    2.189198] of_get_named_gpiod_flags: can't parse 'sda-gpios' property of node '/ocp/interconnect@44c00000/segment@200000/target-module@b000/i2c@0[0]'
[    2.189239] of_get_named_gpiod_flags: can't parse 'sda-gpio' property of node '/ocp/interconnect@44c00000/segment@200000/target-module@b000/i2c@0[0]'
[    2.189273] i2c i2c-0: using lookup tables for GPIO lookup
[    2.189283] i2c i2c-0: No GPIO consumer sda found
[    2.211900] tps65217-pmic: Failed to locate of_node [id: -1]
[    2.227666] tps65217-bl: Failed to locate of_node [id: -1]
[    2.236271] tps65217 0-0024: TPS65217 ID 0xe version 1.2
[    2.242325] /ocp/interconnect@48000000/segment@300000/target-module@e000/lcdc@0: Fixed dependency cycle(s) with /ocp/interconnect@44c00000/segment@200000/target-module@b000/i2c@0/tda19988@70
[    2.259637] /ocp/interconnect@44c00000/segment@200000/target-module@b000/i2c@0/tda19988@70: Fixed dependency cycle(s) with /ocp/interconnect@48000000/segment@300000/target-module@e000/lcdc@0
[    2.276968] omap_i2c 44e0b000.i2c: bus 0 rev0.11 at 400 kHz
[    2.284307] sdhci-omap 48060000.mmc: GPIO lookup for consumer cd
[    2.284337] sdhci-omap 48060000.mmc: using device tree for GPIO lookup
[    2.284378] of_get_named_gpiod_flags: parsed 'cd-gpios' property of node '/ocp/interconnect@48000000/segment@0/target-module@60000/mmc@0[0]' - status (0)
[    2.284500] gpio gpiochip3: Persistence not supported for GPIO 6
[    2.284524] omap_gpio 44e07000.gpio: Could not set line 6 debounce to 200000 microseconds (-22)
[    2.293391] sdhci-omap 48060000.mmc: Got CD GPIO
[    2.298038] sdhci-omap 48060000.mmc: GPIO lookup for consumer wp
[    2.298048] sdhci-omap 48060000.mmc: using device tree for GPIO lookup
[    2.298069] of_get_named_gpiod_flags: can't parse 'wp-gpios' property of node '/ocp/interconnect@48000000/segment@0/target-module@60000/mmc@0[0]'
[    2.298114] of_get_named_gpiod_flags: can't parse 'wp-gpio' property of node '/ocp/interconnect@48000000/segment@0/target-module@60000/mmc@0[0]'
[    2.298154] sdhci-omap 48060000.mmc: using lookup tables for GPIO lookup
[    2.298165] sdhci-omap 48060000.mmc: No GPIO consumer wp found
[    2.298362] sdhci-omap 48060000.mmc: supply pbias not found, using dummy regulator
[    2.307092] sdhci-omap 481d8000.mmc: GPIO lookup for consumer wp
[    2.307123] sdhci-omap 481d8000.mmc: using device tree for GPIO lookup
[    2.307144] of_get_named_gpiod_flags: can't parse 'wp-gpios' property of node '/ocp/interconnect@48000000/segment@100000/target-module@d8000/mmc@0[0]'
[    2.307194] of_get_named_gpiod_flags: can't parse 'wp-gpio' property of node '/ocp/interconnect@48000000/segment@100000/target-module@d8000/mmc@0[0]'
[    2.307234] sdhci-omap 481d8000.mmc: using lookup tables for GPIO lookup
[    2.307245] sdhci-omap 481d8000.mmc: No GPIO consumer wp found
[    2.307825] sdhci-omap 48060000.mmc: supply vqmmc not found, using dummy regulator
[    2.316172] sdhci-omap 481d8000.mmc: supply pbias not found, using dummy regulator
[    2.324308] sdhci-omap 481d8000.mmc: supply vqmmc not found, using dummy regulator
[    2.361116] mmc1: SDHCI controller on 481d8000.mmc [481d8000.mmc] using External DMA
[    2.369935] mmc0: SDHCI controller on 48060000.mmc [48060000.mmc] using External DMA
[    2.378652] cpsw-switch 4a100000.switch: starting ndev. mode: dual_mac
[    2.441362] mmc1: new high speed MMC card at address 0001
[    2.448153] mmcblk1: mmc1:0001 MMC04G 3.60 GiB 
[    2.455689]  mmcblk1: p1 p2
[    2.459137] mmc0: new high speed SDHC card at address aaaa
[    2.466330] mmcblk1boot0: mmc1:0001 MMC04G 2.00 MiB 
[    2.472719] mmcblk0: mmc0:aaaa SE32G 29.7 GiB 
[    2.479068] mmcblk1boot1: mmc1:0001 MMC04G 2.00 MiB 
[    2.487164] mmcblk1rpmb: mmc1:0001 MMC04G 128 KiB, chardev (250:0)
[    2.493868]  mmcblk0: p1 p2
[    2.532239] SMSC LAN8710/LAN8720 4a101000.mdio:00: attached PHY driver (mii_bus:phy_addr=4a101000.mdio:00, irq=POLL)
[    5.681807] cpsw-switch 4a100000.switch eth0: Link is Up - 100Mbps/Full - flow control off
[    5.690197] IPv6: ADDRCONF(NETDEV_CHANGE): eth0: link becomes ready
[    5.721093] IP-Config: Complete:
[    5.724356]      device=eth0, hwaddr=6c:ec:eb:68:de:78, ipaddr=192.168.255.1, mask=255.255.255.0, gw=255.255.255.255
[    5.734972]      host=bbb1, domain=, nis-domain=(none)
[    5.740135]      bootserver=192.168.255.126, rootserver=192.168.255.126, rootpath=
[    5.740545] clk: Disabling unused clocks
[    5.752419] KTAP version 1
[    5.755147] 1..0
[    5.778697] VFS: Mounted root (nfs filesystem) on device 0:16.
[    5.785701] devtmpfs: mounted
[    5.790045] Freeing unused kernel image (initmem) memory: 1024K
[    5.796689] Run /sbin/init as init process
[    5.800817]   with arguments:
[    5.800828]     /sbin/init
[    5.800835]     nfsrootdebug
[    5.800842]   with environment:
[    5.800848]     HOME=/
[    5.800855]     TERM=linux
[    6.473344] systemd[1]: System time before build time, advancing clock.
[    7.951085] random: crng init done
[    8.022223] systemd[1]: systemd 232 running in system mode. (+PAM +AUDIT +SELINUX +IMA +APPARMOR +SMACK +SYSVINIT +UTMP +LIBCRYPTSETUP +GCRYPT +GNUTLS +ACL +XZ +LZ4 +SECCOMP +BLKID +ELFUTILS +KMOD +IDN)
[    8.041400] systemd[1]: Detected architecture arm.
[    8.084000] systemd[1]: Set hostname to <arm>.
[    9.132802] systemd[1]: Set up automount Arbitrary Executable File Formats File System Automount Point.
[    9.172209] systemd[1]: Started Dispatch Password Requests to Console Directory Watch.
[    9.212910] systemd[1]: Listening on udev Control Socket.
[    9.252650] systemd[1]: Created slice System Slice.
[    9.321691] systemd[1]: Mounting POSIX Message Queue File System...
[    9.363128] systemd[1]: Listening on Journal Socket.
[    9.424601] systemd[1]: Started Forward Password Requests to Wall Directory Watch.
[   11.743304] systemd-journald[102]: Received request to flush runtime journal from PID 1
[   14.590948] of_get_named_gpiod_flags: parsed 'gpios' property of node '/leds/led2[0]' - status (0)
[   14.591040] gpio gpiochip0: Persistence not supported for GPIO 21
[   14.591251] gpio-21 (?): no flags found for gpios
[   14.591514] of_get_named_gpiod_flags: parsed 'gpios' property of node '/leds/led3[0]' - status (0)
[   14.591560] gpio gpiochip0: Persistence not supported for GPIO 22
[   14.591571] gpio-22 (?): no flags found for gpios
[   14.601669] of_get_named_gpiod_flags: parsed 'gpios' property of node '/leds/led4[0]' - status (0)
[   14.601746] gpio gpiochip0: Persistence not supported for GPIO 23
[   14.601757] gpio-23 (?): no flags found for gpios
[   14.621717] of_get_named_gpiod_flags: parsed 'gpios' property of node '/leds/led5[0]' - status (0)
[   14.621793] gpio gpiochip0: Persistence not supported for GPIO 24
[   14.621806] gpio-24 (?): no flags found for gpios
[   14.749722] remoteproc remoteproc0: wkup_m3 is available
[   15.203781] wkup_m3_ipc 44e11324.wkup_m3_ipc: IPC Request for A8->M3 Channel failed! -517
[   15.218990] at24 2-0054: supply vcc not found, using dummy regulator
[   15.291571] omap_wdt: OMAP Watchdog Timer Rev 0x01: initial timeout 60 sec
[   15.299911] wkup_m3_ipc 44e11324.wkup_m3_ipc: IPC Request for A8->M3 Channel failed! -517
[   15.383376] omap_rtc 44e3e000.rtc: registered as rtc0
[   15.388604] omap_rtc 44e3e000.rtc: setting system clock to 2000-01-01T00:00:00 UTC (946684800)
[   15.397357] omap_rtc 44e3e000.rtc: GPIO lookup for consumer wp
[   15.397370] omap_rtc 44e3e000.rtc: using device tree for GPIO lookup
[   15.397401] of_get_named_gpiod_flags: can't parse 'wp-gpios' property of node '/ocp/interconnect@44c00000/segment@200000/target-module@3e000/rtc@0[0]'
[   15.397460] of_get_named_gpiod_flags: can't parse 'wp-gpio' property of node '/ocp/interconnect@44c00000/segment@200000/target-module@3e000/rtc@0[0]'
[   15.397505] omap_rtc 44e3e000.rtc: using lookup tables for GPIO lookup
[   15.397517] omap_rtc 44e3e000.rtc: No GPIO consumer wp found
[   15.398924] at24 2-0055: supply vcc not found, using dummy regulator
[   15.472430] wkup_m3_ipc 44e11324.wkup_m3_ipc: IPC Request for A8->M3 Channel failed! -517
[   15.561869] at24 2-0056: supply vcc not found, using dummy regulator
[   15.672057] at24 2-0057: supply vcc not found, using dummy regulator
[   15.734198] tps6521x_pwrbutton tps65217-pwrbutton: DMA mask not set
[   15.788296] input: tps65217_pwrbutton as /devices/platform/ocp/44c00000.interconnect/44c00000.interconnect:segment@200000/44e0b000.target-module/44e0b000.i2c/i2c-0/0-0024/tps65217-pwrbutton/input/input0
[   15.807852] wkup_m3_ipc 44e11324.wkup_m3_ipc: IPC Request for A8->M3 Channel failed! -517
[   15.817286] at24 0-0050: GPIO lookup for consumer wp
[   15.817320] at24 0-0050: using device tree for GPIO lookup
[   15.817348] of_get_named_gpiod_flags: can't parse 'wp-gpios' property of node '/ocp/interconnect@44c00000/segment@200000/target-module@b000/i2c@0/baseboard_eeprom@50[0]'
[   15.817416] of_get_named_gpiod_flags: can't parse 'wp-gpio' property of node '/ocp/interconnect@44c00000/segment@200000/target-module@b000/i2c@0/baseboard_eeprom@50[0]'
[   15.817465] at24 0-0050: using lookup tables for GPIO lookup
[   15.817478] at24 0-0050: No GPIO consumer wp found
[   15.817700] at24 0-0050: 32768 byte 24c256 EEPROM, writable, 1 bytes/write
[   15.935591] wkup_m3_ipc 44e11324.wkup_m3_ipc: IPC Request for A8->M3 Channel failed! -517
[   16.103183] am335x-phy-driver 47401300.usb-phy: GPIO lookup for consumer reset
[   16.103229] am335x-phy-driver 47401300.usb-phy: using device tree for GPIO lookup
[   16.103257] of_get_named_gpiod_flags: can't parse 'reset-gpios' property of node '/ocp/target-module@47400000/usb-phy@1300[0]'
[   16.103312] of_get_named_gpiod_flags: can't parse 'reset-gpio' property of node '/ocp/target-module@47400000/usb-phy@1300[0]'
[   16.103345] am335x-phy-driver 47401300.usb-phy: using lookup tables for GPIO lookup
[   16.103357] am335x-phy-driver 47401300.usb-phy: No GPIO consumer reset found
[   16.103369] am335x-phy-driver 47401300.usb-phy: GPIO lookup for consumer vbus-detect
[   16.103379] am335x-phy-driver 47401300.usb-phy: using device tree for GPIO lookup
[   16.103394] of_get_named_gpiod_flags: can't parse 'vbus-detect-gpios' property of node '/ocp/target-module@47400000/usb-phy@1300[0]'
[   16.103425] of_get_named_gpiod_flags: can't parse 'vbus-detect-gpio' property of node '/ocp/target-module@47400000/usb-phy@1300[0]'
[   16.103450] am335x-phy-driver 47401300.usb-phy: using lookup tables for GPIO lookup
[   16.103460] am335x-phy-driver 47401300.usb-phy: No GPIO consumer vbus-detect found
[   16.103591] am335x-phy-driver 47401300.usb-phy: supply vcc not found, using dummy regulator
[   16.112510] am335x-phy-driver 47401300.usb-phy: dummy supplies not allowed for exclusive requests
[   16.316527] am335x-phy-driver 47401b00.usb-phy: GPIO lookup for consumer reset
[   16.316572] am335x-phy-driver 47401b00.usb-phy: using device tree for GPIO lookup
[   16.316603] of_get_named_gpiod_flags: can't parse 'reset-gpios' property of node '/ocp/target-module@47400000/usb-phy@1b00[0]'
[   16.316651] of_get_named_gpiod_flags: can't parse 'reset-gpio' property of node '/ocp/target-module@47400000/usb-phy@1b00[0]'
[   16.316685] am335x-phy-driver 47401b00.usb-phy: using lookup tables for GPIO lookup
[   16.316697] am335x-phy-driver 47401b00.usb-phy: No GPIO consumer reset found
[   16.316708] am335x-phy-driver 47401b00.usb-phy: GPIO lookup for consumer vbus-detect
[   16.316718] am335x-phy-driver 47401b00.usb-phy: using device tree for GPIO lookup
[   16.316734] of_get_named_gpiod_flags: can't parse 'vbus-detect-gpios' property of node '/ocp/target-module@47400000/usb-phy@1b00[0]'
[   16.316765] of_get_named_gpiod_flags: can't parse 'vbus-detect-gpio' property of node '/ocp/target-module@47400000/usb-phy@1b00[0]'
[   16.316791] am335x-phy-driver 47401b00.usb-phy: using lookup tables for GPIO lookup
[   16.316801] am335x-phy-driver 47401b00.usb-phy: No GPIO consumer vbus-detect found
[   16.316934] am335x-phy-driver 47401b00.usb-phy: supply vcc not found, using dummy regulator
[   16.325897] am335x-phy-driver 47401b00.usb-phy: dummy supplies not allowed for exclusive requests
[   16.342057] wkup_m3_ipc 44e11324.wkup_m3_ipc: IPC Request for A8->M3 Channel failed! -517
[   16.594224] wkup_m3_ipc 44e11324.wkup_m3_ipc: IPC Request for A8->M3 Channel failed! -517
[   16.656385] usbcore: registered new interface driver usbfs
[   16.662217] usbcore: registered new interface driver hub
[   16.667652] usbcore: registered new device driver usb
[   17.494453] omap-mailbox 480c8000.mailbox: omap mailbox rev 0x400
[   17.515908] remoteproc remoteproc0: powering up wkup_m3
[   17.671850] remoteproc remoteproc0: Direct firmware load for am335x-pm-firmware.elf failed with error -2
[   17.681645] remoteproc remoteproc0: request_firmware failed: -2
[   17.687603] wkup_m3_ipc 44e11324.wkup_m3_ipc: rproc_boot failed
[   17.723837] musb-hdrc musb-hdrc.1: MUSB HDRC host driver
[   17.729249] musb-hdrc musb-hdrc.1: new USB bus registered, assigned bus number 1
[   18.016726] usb usb1: New USB device found, idVendor=1d6b, idProduct=0002, bcdDevice= 6.01
[   18.025219] usb usb1: New USB device strings: Mfr=3, Product=2, SerialNumber=1
[   18.032523] usb usb1: Product: MUSB HDRC host driver
[   18.037514] usb usb1: Manufacturer: Linux 6.1.151 musb-hcd
[   18.043065] usb usb1: SerialNumber: musb-hdrc.1
[   18.363351] hub 1-0:1.0: USB hub found
[   18.448758] hub 1-0:1.0: 1 port detected
[   18.607827] tda998x 0-0070: found TDA19988
[   19.484481] tilcdc 4830e000.lcdc: bound 0-0070 (ops tda998x_audio_codec_init [tda998x])
[   19.502762] omap_rng 48310000.rng: Random Number Generator ver. 20
[   19.629027] [drm] Initialized tilcdc 1.0.0 20121205 for 4830e000.lcdc on minor 0
[   19.791267] tilcdc 4830e000.lcdc: [drm] Cannot find any crtc or sizes
[   19.801799] tilcdc 4830e000.lcdc: [drm] Cannot find any crtc or sizes
[   20.834070] PM: Cannot get wkup_m3_ipc handle
[   20.890566] omap-sham 53100000.sham: hw accel on OMAP rev 4.3
[   21.028878] omap-sham 53100000.sham: will run requests pump with realtime priority
[   21.319448] PM: Cannot get wkup_m3_ipc handle
[   21.488440] omap-aes 53500000.aes: OMAP AES hw accel rev: 3.2
[   21.640578] omap-aes 53500000.aes: will run requests pump with realtime priority
[   21.886594] PM: Cannot get wkup_m3_ipc handle
[   23.751841] Bluetooth: Core ver 2.22
[   23.755641] NET: Registered PF_BLUETOOTH protocol family
[   23.760985] Bluetooth: HCI device and connection manager initialized
[   23.767575] Bluetooth: HCI socket layer initialized
[   23.772539] Bluetooth: L2CAP socket layer initialized
[   23.777680] Bluetooth: SCO socket layer initialized
[   25.224913] PM: Cannot get wkup_m3_ipc handle
[   25.230662] asoc-simple-card sound: GPIO lookup for consumer simple-audio-card,hp-det
[   25.230695] asoc-simple-card sound: using device tree for GPIO lookup
[   25.230729] of_get_named_gpiod_flags: can't parse 'simple-audio-card,hp-det-gpios' property of node '/sound[0]'
[   25.230774] of_get_named_gpiod_flags: can't parse 'simple-audio-card,hp-det-gpio' property of node '/sound[0]'
[   25.230800] asoc-simple-card sound: using lookup tables for GPIO lookup
[   25.230812] asoc-simple-card sound: No GPIO consumer simple-audio-card,hp-det found
[   25.230825] asoc-simple-card sound: GPIO lookup for consumer simple-audio-card,mic-det
[   25.230834] asoc-simple-card sound: using device tree for GPIO lookup
[   25.230851] of_get_named_gpiod_flags: can't parse 'simple-audio-card,mic-det-gpios' property of node '/sound[0]'
[   25.230875] of_get_named_gpiod_flags: can't parse 'simple-audio-card,mic-det-gpio' property of node '/sound[0]'
[   25.230896] asoc-simple-card sound: using lookup tables for GPIO lookup
[   25.230906] asoc-simple-card sound: No GPIO consumer simple-audio-card,mic-det found
[   25.343756] PM: Cannot get wkup_m3_ipc handle
[   27.927340] using random self ethernet address
[   27.932006] using random host ethernet address
[   28.149356] using random self ethernet address
[   28.154053] using random host ethernet address
[   28.375290] userial_init: registered 8 ttyGS* devices
[   28.551725] rndis_register: configNr = 0
[   28.604807] udc musb-hdrc.0: binding gadget driver [g_multi]
[   28.604893] configfs-gadget.g_multi gadget.0: adding 'rndis'/fbdf3b71 to config 'c'/408f52ad
[   28.605946] usb0: HOST MAC 1c:ba:8c:a2:ed:6c
[   28.610267] usb0: MAC 1c:ba:8c:a2:ed:70
[   28.614373] rndis_set_param_medium: 0 0
[   28.614399] configfs-gadget.g_multi gadget.0: RNDIS: dual speed IN/ep1in OUT/ep1out NOTIFY/ep2in
[   28.614415] configfs-gadget.g_multi gadget.0: adding 'cdc_ethernet'/1654a5da to config 'c'/408f52ad
[   28.615255] usb1: HOST MAC 1c:ba:8c:a2:ed:6c
[   28.619568] usb1: MAC 1c:ba:8c:a2:ed:6d
[   28.623551] configfs-gadget.g_multi gadget.0: CDC Ethernet: dual speed IN/ep3in OUT/ep2out NOTIFY/ep4in
[   28.623569] configfs-gadget.g_multi gadget.0: adding 'acm'/73c5a86f to config 'c'/408f52ad
[   28.623603] configfs-gadget.g_multi gadget.0: acm ttyGS0: dual speed IN/ep5in OUT/ep3out NOTIFY/ep6in
[   28.641960] PM: Cannot get wkup_m3_ipc handle
[   30.376946] usb1: eth_open
[   34.367835] gs_open: ttyGS0 (4909c863,cc53d9cf)
[   34.367986] gs_close: ttyGS0 (4909c863,cc53d9cf) ...
[   34.368007] gs_close: ttyGS0 (4909c863,cc53d9cf) done!
[   34.368165] gs_open: ttyGS0 (8116a90f,82654d0e)
[   34.368233] gs_close: ttyGS0 (8116a90f,82654d0e) ...
[   34.368249] gs_close: ttyGS0 (8116a90f,82654d0e) done!
[   34.556775] gs_open: ttyGS0 (af57affd,fc788be6)
[   34.556999] gs_close: ttyGS0 (af57affd,fc788be6) ...
[   34.557023] gs_close: ttyGS0 (af57affd,fc788be6) done!
[   34.557861] gs_open: ttyGS0 (af57affd,ffb7af10)
GESMMJUGLY 0
root@arm:~# echo 'ABGK''AOPSVA'
ABGKAOPSVA
root@arm:~# MARKER='FXBW''ACALZN' run 'modprobe test_linear_ranges'
FXBWACALZNFXBWACALZN 0
root@arm:~# echo 'WUUB''XQGGNQ'
WUUBXQGGNQ
root@arm:~# MARKER='GYGC''PZEMNY' run dmesg
GYGCPZEMNY[    0.000000] Booting Linux on physical CPU 0x0
[    0.000000] Linux version 6.1.151 (user01@drvtest01) (arm-none-eabi-gcc (Arm GNU Toolchain 14.2.Rel1 (Build arm-14.52)) 14.2.1 20241119, GNU ld (Arm GNU Toolchain 14.2.Rel1 (Build arm-14.52)) 2.43.1.20241119) #1 SMP Tue Sep  9 21:12:46 EEST 2025
[    0.000000] CPU: ARMv7 Processor [413fc082] revision 2 (ARMv7), cr=10c5387d
[    0.000000] CPU: PIPT / VIPT nonaliasing data cache, VIPT aliasing instruction cache
[    0.000000] OF: fdt: Machine model: TI AM335x BeagleBone Black
[    0.000000] Memory policy: Data cache writeback
[    0.000000] cma: Reserved 16 MiB at 0x9ec00000
[    0.000000] Zone ranges:
[    0.000000]   Normal   [mem 0x0000000080000000-0x000000009fdfffff]
[    0.000000]   HighMem  empty
[    0.000000] Movable zone start for each node
[    0.000000] Early memory node ranges
[    0.000000]   node   0: [mem 0x0000000080000000-0x000000009fdfffff]
[    0.000000] Initmem setup node 0 [mem 0x0000000080000000-0x000000009fdfffff]
[    0.000000] CPU: All CPU(s) started in SVC mode.
[    0.000000] AM335X ES2.1 (sgx neon)
[    0.000000] percpu: Embedded 16 pages/cpu s34196 r8192 d23148 u65536
[    0.000000] pcpu-alloc: s34196 r8192 d23148 u65536 alloc=16*4096
[    0.000000] pcpu-alloc: [0] 0 
[    0.000000] Built 1 zonelists, mobility grouping on.  Total pages: 129412
[    0.000000] Kernel command line: console=ttyO0,115200n8 root=/dev/nfs rw nfsroot=192.168.255.126:/home/user01/nfs,nfsvers=3 ip=192.168.255.1:192.168.255.126::255.255.255.0:bbb1:eth0 nfsrootdebug
[    0.000000] Unknown kernel command line parameters "nfsrootdebug", will be passed to user space.
[    0.000000] Dentry cache hash table entries: 65536 (order: 6, 262144 bytes, linear)
[    0.000000] Inode-cache hash table entries: 32768 (order: 5, 131072 bytes, linear)
[    0.000000] mem auto-init: stack:off, heap alloc:off, heap free:off
[    0.000000] Memory: 484644K/522240K available (10240K kernel code, 1145K rwdata, 2604K rodata, 1024K init, 286K bss, 21212K reserved, 16384K cma-reserved, 0K highmem)
[    0.000000] SLUB: HWalign=64, Order=0-3, MinObjects=0, CPUs=1, Nodes=1
[    0.000000] trace event string verifier disabled
[    0.000000] rcu: Hierarchical RCU implementation.
[    0.000000] rcu: 	RCU event tracing is enabled.
[    0.000000] rcu: 	RCU restricting CPUs from NR_CPUS=2 to nr_cpu_ids=1.
[    0.000000] rcu: RCU calculated value of scheduler-enlistment delay is 10 jiffies.
[    0.000000] rcu: Adjusting geometry for rcu_fanout_leaf=16, nr_cpu_ids=1
[    0.000000] NR_IRQS: 16, nr_irqs: 16, preallocated irqs: 16
[    0.000000] IRQ: Found an INTC at 0x(ptrval) (revision 5.0) with 128 interrupts
[    0.000000] rcu: srcu_init: Setting srcu_struct sizes based on contention.
[    0.000000] TI gptimer clocksource: always-on /ocp/interconnect@44c00000/segment@200000/target-module@31000
[    0.000003] sched_clock: 32 bits at 24MHz, resolution 41ns, wraps every 89478484971ns
[    0.000027] clocksource: dmtimer: mask: 0xffffffff max_cycles: 0xffffffff, max_idle_ns: 79635851949 ns
[    0.000446] TI gptimer clockevent: 24000000 Hz at /ocp/interconnect@48000000/segment@0/target-module@40000
[    0.001998] Console: colour dummy device 80x30
[    0.002046] WARNING: Your 'console=ttyO0' has been replaced by 'ttyS0'
[    0.002053] This ensures that you still see kernel messages. Please
[    0.002058] update your kernel commandline.
[    0.002099] Calibrating delay loop... 996.14 BogoMIPS (lpj=4980736)
[    0.090489] CPU: Testing write buffer coherency: ok
[    0.090585] CPU0: Spectre v2: using BPIALL workaround
[    0.090596] pid_max: default: 32768 minimum: 301
[    0.090724] LSM: Security Framework initializing
[    0.090898] Mount-cache hash table entries: 1024 (order: 0, 4096 bytes, linear)
[    0.090919] Mountpoint-cache hash table entries: 1024 (order: 0, 4096 bytes, linear)
[    0.092399] CPU0: thread -1, cpu 0, socket -1, mpidr 0
[    0.093673] Setting up static identity map for 0x80100000 - 0x80100078
[    0.093907] rcu: Hierarchical SRCU implementation.
[    0.093915] rcu: 	Max phase no-delay instances is 1000.
[    0.095219] smp: Bringing up secondary CPUs ...
[    0.095236] smp: Brought up 1 node, 1 CPU
[    0.095247] SMP: Total of 1 processors activated (996.14 BogoMIPS).
[    0.095258] CPU: All CPU(s) started in SVC mode.
[    0.096160] devtmpfs: initialized
[    0.111499] VFP support v0.3: implementor 41 architecture 3 part 30 variant c rev 3
[    0.111806] clocksource: jiffies: mask: 0xffffffff max_cycles: 0xffffffff, max_idle_ns: 19112604462750000 ns
[    0.111838] futex hash table entries: 256 (order: 2, 16384 bytes, linear)
[    0.113131] pinctrl core: initialized pinctrl subsystem
[    0.115030] NET: Registered PF_NETLINK/PF_ROUTE protocol family
[    0.117031] DMA: preallocated 256 KiB pool for atomic coherent allocations
[    0.117605] audit: initializing netlink subsys (disabled)
[    0.118805] thermal_sys: Registered thermal governor 'fair_share'
[    0.118823] thermal_sys: Registered thermal governor 'step_wise'
[    0.118829] thermal_sys: Registered thermal governor 'user_space'
[    0.118951] cpuidle: using governor menu
[    0.135647] /ocp/interconnect@44c00000/segment@200000/target-module@b000/i2c@0/tda19988@70: Fixed dependency cycle(s) with /ocp/interconnect@48000000/segment@300000/target-module@e000/lcdc@0
[    0.136684] /ocp/interconnect@48000000/segment@300000/target-module@e000/lcdc@0: Fixed dependency cycle(s) with /ocp/interconnect@44c00000/segment@200000/target-module@b000/i2c@0/tda19988@70
[    0.138671] No ATAGs?
[    0.138688] hw-breakpoint: debug architecture 0x4 unsupported.
[    0.147308] audit: type=2000 audit(0.110:1): state=initialized audit_enabled=0 res=1
[    0.147599] kprobes: kprobe jump-optimization is enabled. All kprobes are optimized if possible.
[    0.163337] reg-fixed-voltage fixedregulator0: GPIO lookup for consumer (null)
[    0.163363] reg-fixed-voltage fixedregulator0: using device tree for GPIO lookup
[    0.163385] of_get_named_gpiod_flags: can't parse 'gpios' property of node '/fixedregulator0[0]'
[    0.163421] of_get_named_gpiod_flags: can't parse 'gpio' property of node '/fixedregulator0[0]'
[    0.163443] reg-fixed-voltage fixedregulator0: using lookup tables for GPIO lookup
[    0.163453] reg-fixed-voltage fixedregulator0: No GPIO consumer (null) found
[    0.164606] iommu: Default domain type: Translated 
[    0.164618] iommu: DMA domain TLB invalidation policy: strict mode 
[    0.166066] SCSI subsystem initialized
[    0.166575] libata version 3.00 loaded.
[    0.166903] pps_core: LinuxPPS API ver. 1 registered
[    0.166913] pps_core: Software ver. 5.3.6 - Copyright 2005-2007 Rodolfo Giometti <giometti@linux.it>
[    0.166943] PTP clock support registered
[    0.180759] vgaarb: loaded
[    0.181080] clocksource: Switched to clocksource dmtimer
[    0.181681] VFS: Disk quotas dquot_6.6.0
[    0.181751] VFS: Dquot-cache hash table entries: 1024 (order 0, 4096 bytes)
[    0.198309] NET: Registered PF_INET protocol family
[    0.198650] IP idents hash table entries: 8192 (order: 4, 65536 bytes, linear)
[    0.200010] tcp_listen_portaddr_hash hash table entries: 512 (order: 0, 4096 bytes, linear)
[    0.200056] Table-perturb hash table entries: 65536 (order: 6, 262144 bytes, linear)
[    0.200077] TCP established hash table entries: 4096 (order: 2, 16384 bytes, linear)
[    0.200125] TCP bind hash table entries: 4096 (order: 4, 65536 bytes, linear)
[    0.200224] TCP: Hash tables configured (established 4096 bind 4096)
[    0.200344] UDP hash table entries: 256 (order: 1, 8192 bytes, linear)
[    0.200370] UDP-Lite hash table entries: 256 (order: 1, 8192 bytes, linear)
[    0.200547] NET: Registered PF_UNIX/PF_LOCAL protocol family
[    0.217340] RPC: Registered named UNIX socket transport module.
[    0.217360] RPC: Registered udp transport module.
[    0.217366] RPC: Registered tcp transport module.
[    0.217371] RPC: Registered tcp NFSv4.1 backchannel transport module.
[    0.217390] PCI: CLS 0 bytes, default 64
[    0.218846] Initialise system trusted keyrings
[    0.219828] workingset: timestamp_bits=14 max_order=17 bucket_order=3
[    0.229116] NFS: Registering the id_resolver key type
[    0.229194] Key type id_resolver registered
[    0.229203] Key type id_legacy registered
[    0.229255] jffs2: version 2.2. (NAND) (SUMMARY)  Â© 2001-2006 Red Hat, Inc.
[    0.229967] Key type asymmetric registered
[    0.229983] Asymmetric key parser 'x509' registered
[    0.230133] io scheduler mq-deadline registered
[    0.230144] io scheduler kyber registered
[    0.230383] io scheduler bfq registered
[    0.234016] hw perfevents: enabled with armv7_cortex_a8 PMU driver, 5 counters available
[    0.242249] l3-aon-clkctrl:0000:0: failed to disable
[    0.242597] Serial: 8250/16550 driver, 6 ports, IRQ sharing enabled
[    0.277642] brd: module loaded
[    0.299045] loop: module loaded
[    0.299943] mtdoops: mtd device (mtddev=name/number) must be supplied
[    0.301439] mdio_bus fixed-0: GPIO lookup for consumer reset
[    0.301462] mdio_bus fixed-0: using lookup tables for GPIO lookup
[    0.301471] mdio_bus fixed-0: No GPIO consumer reset found
[    0.302589] i2c_dev: i2c /dev entries driver
[    0.303497] cpuidle: enable-method property 'ti,am3352' found operations
[    0.303924] sdhci: Secure Digital Host Controller Interface driver
[    0.303933] sdhci: Copyright(c) Pierre Ossman
[    0.304114] sdhci-pltfm: SDHCI platform and OF driver helper
[    0.304364] ledtrig-cpu: registered to indicate activity on CPUs
[    0.305099] Initializing XFRM netlink socket
[    0.305660] NET: Registered PF_INET6 protocol family
[    0.316912] Segment Routing with IPv6
[    0.316986] In-situ OAM (IOAM) with IPv6
[    0.317080] sit: IPv6, IPv4 and MPLS over IPv4 tunneling driver
[    0.317965] NET: Registered PF_PACKET protocol family
[    0.317994] NET: Registered PF_KEY protocol family
[    0.318104] Key type dns_resolver registered
[    0.318220] ThumbEE CPU extension supported.
[    0.318238] Registering SWP/SWPB emulation handler
[    0.318750] omap_voltage_late_init: Voltage driver support not added
[    0.319382] SmartReflex Class3 initialized
[    0.320320] Loading compiled-in X.509 certificates
[    0.380817] /ocp/interconnect@44c00000/segment@200000/target-module@b000/i2c@0/tda19988@70: Fixed dependency cycle(s) with /ocp/interconnect@48000000/segment@300000/target-module@e000/lcdc@0
[    0.386883] /ocp/interconnect@44c00000/segment@200000/target-module@b000/i2c@0/tda19988@70: Fixed dependency cycle(s) with /ocp/interconnect@48000000/segment@300000/target-module@e000/lcdc@0
[    0.394579] /ocp/interconnect@44c00000/segment@200000/target-module@b000/i2c@0/tda19988@70: Fixed dependency cycle(s) with /ocp/interconnect@48000000/segment@300000/target-module@e000/lcdc@0
[    0.395376] /ocp/interconnect@44c00000/segment@200000/target-module@b000/i2c@0/tda19988@70: Fixed dependency cycle(s) with /ocp/interconnect@48000000/segment@300000/target-module@e000/lcdc@0
[    0.398423] /ocp/interconnect@44c00000/segment@200000/target-module@10000/scm@0/pinmux@800: Fixed dependency cycle(s) with /ocp/interconnect@44c00000/segment@200000/target-module@10000/scm@0/pinmux@800/pinmux_clkout2_pin
[    0.399022] pinctrl-single 44e10800.pinmux: 142 pins, size 568
[    0.403947] ti-sysc: probe of 44e31000.target-module failed with error -16
[    0.453830] /ocp/interconnect@48000000/segment@300000/target-module@e000/lcdc@0: Fixed dependency cycle(s) with /ocp/interconnect@44c00000/segment@200000/target-module@b000/i2c@0/tda19988@70
[    0.460976] ti-sysc: probe of 48040000.target-module failed with error -16
[    0.471512] gpio gpiochip0: (gpio-0-31): created GPIO range 0->7 ==> 44e10800.pinmux PIN 0->7
[    0.471549] gpio gpiochip0: (gpio-0-31): created GPIO range 8->11 ==> 44e10800.pinmux PIN 90->93
[    0.471564] gpio gpiochip0: (gpio-0-31): created GPIO range 12->27 ==> 44e10800.pinmux PIN 12->27
[    0.471579] gpio gpiochip0: (gpio-0-31): created GPIO range 28->31 ==> 44e10800.pinmux PIN 30->33
[    0.471645] gpio gpiochip0: (gpio-0-31): not an immutable chip, please consider fixing it!
[    0.506545] gpio gpiochip0: (gpio-0-31): added GPIO chardev (254:0)
[    0.506710] gpio gpiochip0: registered GPIOs 0 to 31 on gpio-0-31
[    0.506798] OMAP GPIO hardware version 0.1
[    0.518567] i2c i2c-2: GPIO lookup for consumer scl
[    0.518594] i2c i2c-2: using device tree for GPIO lookup
[    0.518620] of_get_named_gpiod_flags: can't parse 'scl-gpios' property of node '/ocp/interconnect@48000000/segment@100000/target-module@9c000/i2c@0[0]'
[    0.518665] of_get_named_gpiod_flags: can't parse 'scl-gpio' property of node '/ocp/interconnect@48000000/segment@100000/target-module@9c000/i2c@0[0]'
[    0.518705] i2c i2c-2: using lookup tables for GPIO lookup
[    0.518715] i2c i2c-2: No GPIO consumer scl found
[    0.518736] i2c i2c-2: GPIO lookup for consumer sda
[    0.518743] i2c i2c-2: using device tree for GPIO lookup
[    0.518756] of_get_named_gpiod_flags: can't parse 'sda-gpios' property of node '/ocp/interconnect@48000000/segment@100000/target-module@9c000/i2c@0[0]'
[    0.518795] of_get_named_gpiod_flags: can't parse 'sda-gpio' property of node '/ocp/interconnect@48000000/segment@100000/target-module@9c000/i2c@0[0]'
[    0.518828] i2c i2c-2: using lookup tables for GPIO lookup
[    0.518836] i2c i2c-2: No GPIO consumer sda found
[    0.519484] omap_i2c 4819c000.i2c: bus 2 rev0.11 at 100 kHz
[    0.524781] gpio gpiochip1: (gpio-32-63): created GPIO range 0->17 ==> 44e10800.pinmux PIN 34->51
[    0.524814] gpio gpiochip1: (gpio-32-63): created GPIO range 18->21 ==> 44e10800.pinmux PIN 77->80
[    0.524830] gpio gpiochip1: (gpio-32-63): created GPIO range 22->31 ==> 44e10800.pinmux PIN 56->65
[    0.524893] gpio gpiochip1: (gpio-32-63): not an immutable chip, please consider fixing it!
[    0.532098] gpio gpiochip1: (gpio-32-63): added GPIO chardev (254:1)
[    0.532233] gpio gpiochip1: registered GPIOs 32 to 63 on gpio-32-63
[    0.534332] gpio gpiochip2: (gpio-64-95): created GPIO range 0->4 ==> 44e10800.pinmux PIN 66->70
[    0.534362] gpio gpiochip2: (gpio-64-95): created GPIO range 5->6 ==> 44e10800.pinmux PIN 98->99
[    0.534378] gpio gpiochip2: (gpio-64-95): created GPIO range 7->8 ==> 44e10800.pinmux PIN 75->76
[    0.534394] gpio gpiochip2: (gpio-64-95): created GPIO range 13->13 ==> 44e10800.pinmux PIN 141->141
[    0.534410] gpio gpiochip2: (gpio-64-95): created GPIO range 14->21 ==> 44e10800.pinmux PIN 100->107
[    0.534471] gpio gpiochip2: (gpio-64-95): not an immutable chip, please consider fixing it!
[    0.541526] gpio gpiochip2: (gpio-64-95): added GPIO chardev (254:2)
[    0.541644] gpio gpiochip2: registered GPIOs 64 to 95 on gpio-64-95
[    0.547469] /ocp/interconnect@48000000/segment@300000/target-module@e000/lcdc@0: Fixed dependency cycle(s) with /ocp/interconnect@44c00000/segment@200000/target-module@b000/i2c@0/tda19988@70
[    0.550059] /ocp/interconnect@48000000/segment@300000/target-module@e000/lcdc@0: Fixed dependency cycle(s) with /ocp/interconnect@44c00000/segment@200000/target-module@b000/i2c@0/tda19988@70
[    0.550700] /ocp/interconnect@44c00000/segment@200000/target-module@b000/i2c@0/tda19988@70: Fixed dependency cycle(s) with /ocp/interconnect@48000000/segment@300000/target-module@e000/lcdc@0
[    0.550855] /ocp/interconnect@48000000/segment@300000/target-module@e000/lcdc@0: Fixed dependency cycle(s) with /ocp/interconnect@44c00000/segment@200000/target-module@b000/i2c@0/tda19988@70
[    0.559556] mdio_bus 4a101000.mdio: GPIO lookup for consumer reset
[    0.559584] mdio_bus 4a101000.mdio: using device tree for GPIO lookup
[    0.559605] of_get_named_gpiod_flags: can't parse 'reset-gpios' property of node '/ocp/interconnect@4a000000/segment@0/target-module@100000/switch@0/mdio@1000[0]'
[    0.559653] of_get_named_gpiod_flags: can't parse 'reset-gpio' property of node '/ocp/interconnect@4a000000/segment@0/target-module@100000/switch@0/mdio@1000[0]'
[    0.559699] mdio_bus 4a101000.mdio: using lookup tables for GPIO lookup
[    0.559708] mdio_bus 4a101000.mdio: No GPIO consumer reset found
[    0.560754] sdhci-omap 481d8000.mmc: GPIO lookup for consumer wp
[    0.560774] sdhci-omap 481d8000.mmc: using device tree for GPIO lookup
[    0.560794] of_get_named_gpiod_flags: can't parse 'wp-gpios' property of node '/ocp/interconnect@48000000/segment@100000/target-module@d8000/mmc@0[0]'
[    0.560844] of_get_named_gpiod_flags: can't parse 'wp-gpio' property of node '/ocp/interconnect@48000000/segment@100000/target-module@d8000/mmc@0[0]'
[    0.560882] sdhci-omap 481d8000.mmc: using lookup tables for GPIO lookup
[    0.560891] sdhci-omap 481d8000.mmc: No GPIO consumer wp found
[    0.561204] sdhci-omap 481d8000.mmc: supply pbias not found, using dummy regulator
[    0.561653] sdhci-omap 481d8000.mmc: supply vqmmc not found, using dummy regulator
[    0.612574] davinci_mdio 4a101000.mdio: davinci mdio revision 1.6, bus freq 1000000
[    0.633011] mdio_bus 4a101000.mdio:00: GPIO lookup for consumer reset
[    0.633033] mdio_bus 4a101000.mdio:00: using device tree for GPIO lookup
[    0.633072] of_get_named_gpiod_flags: parsed 'reset-gpios' property of node '/ocp/interconnect@4a000000/segment@0/target-module@100000/switch@0/mdio@1000/ethernet-phy@0[0]' - status (0)
[    0.633233] gpio gpiochip0: Persistence not supported for GPIO 8
[    0.792017] davinci_mdio 4a101000.mdio: phy[0]: device 4a101000.mdio:00, driver SMSC LAN8710/LAN8720
[    0.792609] cpsw-switch 4a100000.switch: initialized cpsw ale version 1.4
[    0.792628] cpsw-switch 4a100000.switch: ALE Table size 1024
[    0.792912] cpsw-switch 4a100000.switch: cpts: overflow check period 500 (jiffies)
[    0.792933] cpsw-switch 4a100000.switch: CPTS: ref_clk_freq:250000000 calc_mult:2147483648 calc_shift:29 error:0 nsec/sec
[    0.793027] cpsw-switch 4a100000.switch: Detected MACID = 6c:ec:eb:68:de:78
[    0.794711] cpsw-switch 4a100000.switch: initialized (regs 0x4a100000, pool size 256) hw_ver:0019010C 1.12 (0)
[    0.804707] debugfs: Directory '49000000.dma' with parent 'dmaengine' already present!
[    0.804747] edma 49000000.dma: TI EDMA DMA engine driver
[    0.839571] gpio-clk clk_mcasp0: GPIO lookup for consumer enable
[    0.839602] gpio-clk clk_mcasp0: using device tree for GPIO lookup
[    0.839642] of_get_named_gpiod_flags: parsed 'enable-gpios' property of node '/clk_mcasp0[0]' - status (0)
[    0.839688] gpio gpiochip0: Persistence not supported for GPIO 27
[    0.840592] gpio gpiochip3: (gpio-96-127): created GPIO range 0->7 ==> 44e10800.pinmux PIN 82->89
[    0.840628] gpio gpiochip3: (gpio-96-127): created GPIO range 8->11 ==> 44e10800.pinmux PIN 52->55
[    0.840644] gpio gpiochip3: (gpio-96-127): created GPIO range 12->15 ==> 44e10800.pinmux PIN 94->97
[    0.840660] gpio gpiochip3: (gpio-96-127): created GPIO range 16->17 ==> 44e10800.pinmux PIN 71->72
[    0.840675] gpio gpiochip3: (gpio-96-127): created GPIO range 18->18 ==> 44e10800.pinmux PIN 135->135
[    0.840691] gpio gpiochip3: (gpio-96-127): created GPIO range 19->20 ==> 44e10800.pinmux PIN 108->109
[    0.840708] gpio gpiochip3: (gpio-96-127): created GPIO range 21->21 ==> 44e10800.pinmux PIN 73->73
[    0.840725] gpio gpiochip3: (gpio-96-127): created GPIO range 22->23 ==> 44e10800.pinmux PIN 8->9
[    0.840741] gpio gpiochip3: (gpio-96-127): created GPIO range 26->27 ==> 44e10800.pinmux PIN 10->11
[    0.840759] gpio gpiochip3: (gpio-96-127): created GPIO range 28->28 ==> 44e10800.pinmux PIN 74->74
[    0.840776] gpio gpiochip3: (gpio-96-127): created GPIO range 29->29 ==> 44e10800.pinmux PIN 81->81
[    0.840794] gpio gpiochip3: (gpio-96-127): created GPIO range 30->31 ==> 44e10800.pinmux PIN 28->29
[    0.840864] gpio gpiochip3: (gpio-96-127): not an immutable chip, please consider fixing it!
[    0.855110] gpio gpiochip3: (gpio-96-127): added GPIO chardev (254:3)
[    0.855253] gpio gpiochip3: registered GPIOs 96 to 127 on gpio-96-127
[    0.856823] omap8250 44e09000.serial: GPIO lookup for consumer rs485-term
[    0.856845] omap8250 44e09000.serial: using device tree for GPIO lookup
[    0.856867] of_get_named_gpiod_flags: can't parse 'rs485-term-gpios' property of node '/ocp/interconnect@44c00000/segment@200000/target-module@9000/serial@0[0]'
[    0.856918] of_get_named_gpiod_flags: can't parse 'rs485-term-gpio' property of node '/ocp/interconnect@44c00000/segment@200000/target-module@9000/serial@0[0]'
[    0.856959] omap8250 44e09000.serial: using lookup tables for GPIO lookup
[    0.856969] omap8250 44e09000.serial: No GPIO consumer rs485-term found
[    0.857016] 44e09000.serial: ttyS0 at MMIO 0x44e09000 (irq = 34, base_baud = 3000000) is a 8250
[    2.182167] printk: console [ttyS0] enabled
[    2.188990] i2c i2c-0: GPIO lookup for consumer scl
[    2.189026] i2c i2c-0: using device tree for GPIO lookup
[    2.189052] of_get_named_gpiod_flags: can't parse 'scl-gpios' property of node '/ocp/interconnect@44c00000/segment@200000/target-module@b000/i2c@0[0]'
[    2.189099] of_get_named_gpiod_flags: can't parse 'scl-gpio' property of node '/ocp/interconnect@44c00000/segment@200000/target-module@b000/i2c@0[0]'
[    2.189141] i2c i2c-0: using lookup tables for GPIO lookup
[    2.189153] i2c i2c-0: No GPIO consumer scl found
[    2.189175] i2c i2c-0: GPIO lookup for consumer sda
[    2.189183] i2c i2c-0: using device tree for GPIO lookup
[    2.189198] of_get_named_gpiod_flags: can't parse 'sda-gpios' property of node '/ocp/interconnect@44c00000/segment@200000/target-module@b000/i2c@0[0]'
[    2.189239] of_get_named_gpiod_flags: can't parse 'sda-gpio' property of node '/ocp/interconnect@44c00000/segment@200000/target-module@b000/i2c@0[0]'
[    2.189273] i2c i2c-0: using lookup tables for GPIO lookup
[    2.189283] i2c i2c-0: No GPIO consumer sda found
[    2.211900] tps65217-pmic: Failed to locate of_node [id: -1]
[    2.227666] tps65217-bl: Failed to locate of_node [id: -1]
[    2.236271] tps65217 0-0024: TPS65217 ID 0xe version 1.2
[    2.242325] /ocp/interconnect@48000000/segment@300000/target-module@e000/lcdc@0: Fixed dependency cycle(s) with /ocp/interconnect@44c00000/segment@200000/target-module@b000/i2c@0/tda19988@70
[    2.259637] /ocp/interconnect@44c00000/segment@200000/target-module@b000/i2c@0/tda19988@70: Fixed dependency cycle(s) with /ocp/interconnect@48000000/segment@300000/target-module@e000/lcdc@0
[    2.276968] omap_i2c 44e0b000.i2c: bus 0 rev0.11 at 400 kHz
[    2.284307] sdhci-omap 48060000.mmc: GPIO lookup for consumer cd
[    2.284337] sdhci-omap 48060000.mmc: using device tree for GPIO lookup
[    2.284378] of_get_named_gpiod_flags: parsed 'cd-gpios' property of node '/ocp/interconnect@48000000/segment@0/target-module@60000/mmc@0[0]' - status (0)
[    2.284500] gpio gpiochip3: Persistence not supported for GPIO 6
[    2.284524] omap_gpio 44e07000.gpio: Could not set line 6 debounce to 200000 microseconds (-22)
[    2.293391] sdhci-omap 48060000.mmc: Got CD GPIO
[    2.298038] sdhci-omap 48060000.mmc: GPIO lookup for consumer wp
[    2.298048] sdhci-omap 48060000.mmc: using device tree for GPIO lookup
[    2.298069] of_get_named_gpiod_flags: can't parse 'wp-gpios' property of node '/ocp/interconnect@48000000/segment@0/target-module@60000/mmc@0[0]'
[    2.298114] of_get_named_gpiod_flags: can't parse 'wp-gpio' property of node '/ocp/interconnect@48000000/segment@0/target-module@60000/mmc@0[0]'
[    2.298154] sdhci-omap 48060000.mmc: using lookup tables for GPIO lookup
[    2.298165] sdhci-omap 48060000.mmc: No GPIO consumer wp found
[    2.298362] sdhci-omap 48060000.mmc: supply pbias not found, using dummy regulator
[    2.307092] sdhci-omap 481d8000.mmc: GPIO lookup for consumer wp
[    2.307123] sdhci-omap 481d8000.mmc: using device tree for GPIO lookup
[    2.307144] of_get_named_gpiod_flags: can't parse 'wp-gpios' property of node '/ocp/interconnect@48000000/segment@100000/target-module@d8000/mmc@0[0]'
[    2.307194] of_get_named_gpiod_flags: can't parse 'wp-gpio' property of node '/ocp/interconnect@48000000/segment@100000/target-module@d8000/mmc@0[0]'
[    2.307234] sdhci-omap 481d8000.mmc: using lookup tables for GPIO lookup
[    2.307245] sdhci-omap 481d8000.mmc: No GPIO consumer wp found
[    2.307825] sdhci-omap 48060000.mmc: supply vqmmc not found, using dummy regulator
[    2.316172] sdhci-omap 481d8000.mmc: supply pbias not found, using dummy regulator
[    2.324308] sdhci-omap 481d8000.mmc: supply vqmmc not found, using dummy regulator
[    2.361116] mmc1: SDHCI controller on 481d8000.mmc [481d8000.mmc] using External DMA
[    2.369935] mmc0: SDHCI controller on 48060000.mmc [48060000.mmc] using External DMA
[    2.378652] cpsw-switch 4a100000.switch: starting ndev. mode: dual_mac
[    2.441362] mmc1: new high speed MMC card at address 0001
[    2.448153] mmcblk1: mmc1:0001 MMC04G 3.60 GiB 
[    2.455689]  mmcblk1: p1 p2
[    2.459137] mmc0: new high speed SDHC card at address aaaa
[    2.466330] mmcblk1boot0: mmc1:0001 MMC04G 2.00 MiB 
[    2.472719] mmcblk0: mmc0:aaaa SE32G 29.7 GiB 
[    2.479068] mmcblk1boot1: mmc1:0001 MMC04G 2.00 MiB 
[    2.487164] mmcblk1rpmb: mmc1:0001 MMC04G 128 KiB, chardev (250:0)
[    2.493868]  mmcblk0: p1 p2
[    2.532239] SMSC LAN8710/LAN8720 4a101000.mdio:00: attached PHY driver (mii_bus:phy_addr=4a101000.mdio:00, irq=POLL)
[    5.681807] cpsw-switch 4a100000.switch eth0: Link is Up - 100Mbps/Full - flow control off
[    5.690197] IPv6: ADDRCONF(NETDEV_CHANGE): eth0: link becomes ready
[    5.721093] IP-Config: Complete:
[    5.724356]      device=eth0, hwaddr=6c:ec:eb:68:de:78, ipaddr=192.168.255.1, mask=255.255.255.0, gw=255.255.255.255
[    5.734972]      host=bbb1, domain=, nis-domain=(none)
[    5.740135]      bootserver=192.168.255.126, rootserver=192.168.255.126, rootpath=
[    5.740545] clk: Disabling unused clocks
[    5.752419] KTAP version 1
[    5.755147] 1..0
[    5.778697] VFS: Mounted root (nfs filesystem) on device 0:16.
[    5.785701] devtmpfs: mounted
[    5.790045] Freeing unused kernel image (initmem) memory: 1024K
[    5.796689] Run /sbin/init as init process
[    5.800817]   with arguments:
[    5.800828]     /sbin/init
[    5.800835]     nfsrootdebug
[    5.800842]   with environment:
[    5.800848]     HOME=/
[    5.800855]     TERM=linux
[    6.473344] systemd[1]: System time before build time, advancing clock.
[    7.951085] random: crng init done
[    8.022223] systemd[1]: systemd 232 running in system mode. (+PAM +AUDIT +SELINUX +IMA +APPARMOR +SMACK +SYSVINIT +UTMP +LIBCRYPTSETUP +GCRYPT +GNUTLS +ACL +XZ +LZ4 +SECCOMP +BLKID +ELFUTILS +KMOD +IDN)
[    8.041400] systemd[1]: Detected architecture arm.
[    8.084000] systemd[1]: Set hostname to <arm>.
[    9.132802] systemd[1]: Set up automount Arbitrary Executable File Formats File System Automount Point.
[    9.172209] systemd[1]: Started Dispatch Password Requests to Console Directory Watch.
[    9.212910] systemd[1]: Listening on udev Control Socket.
