Labgrid Console Logfile for main
Logfile started at 2025-10-22 07:10:42.200883
=== Log starts here ===
reading args
spl_load_image_fat_os: error reading image args, err - -1
reading u-boot.img
reading u-boot.img


U-Boot 2014.04-00014-g47880f5 (Apr 22 2014 - 13:23:54)

I2C:   ready
DRAM:  512 MiB
NAND:  0 MiB
MMC:   OMAP SD/MMC: 0, OMAP SD/MMC: 1
*** Warning - readenv() failed, using default environment

Net:   <ethaddr> not set. Validating first E-fuse MAC
cpsw, usb_ether
Hit any key to stop autoboot:  1  0 
gpio: pin 53 (gpio 53) value is 1
mmc0 is current device
gpio: pin 54 (gpio 54) value is 1
SD/MMC found on device 0
reading uEnv.txt
569 bytes read in 4 ms (138.7 KiB/s)
gpio: pin 55 (gpio 55) value is 1
Loaded environment from uEnv.txt
Importing environment from mmc ...
Checking if uenvcmd is set ...
gpio: pin 56 (gpio 56) value is 1
Running uenvcmd ...
cpsw Waiting for PHY auto negotiation to complete. done
link up on port 0, speed 100, full duplex
Using cpsw device
TFTP from server 192.168.255.126; our IP address is 192.168.255.1
Filename 'zImage'.
Load address: 0x81000000
Loading: *#################################################################
	 #################################################################
	 #################################################################
	 #################################################################
	 #################################################################
	 ##############################################################
	 2.4 MiB/s
done
Bytes transferred = 5680496 (56ad70 hex)
link up on port 0, speed 100, full duplex
Using cpsw device
TFTP from server 192.168.255.126; our IP address is 192.168.255.1
Filename 'am335x-boneblack.dtb'.
Load address: 0x82000000
Loading: *#######
	 2.4 MiB/s
done
Bytes transferred = 98148 (17f64 hex)
Kernel image @ 0x81000000 [ 0x000000 - 0x56ad70 ]
## Flattened Device Tree blob at 82000000
   Booting using the fdt blob at 0x82000000
   Using Device Tree in place at 82000000, end 8201af63

Starting kernel ...

[    0.000000] Booting Linux on physical CPU 0x0
[    0.000000] Linux version 6.18.0-rc2-next-20251022 (user01@drvtest01) (arm-none-eabi-gcc (Arm GNU Toolchain 14.2.Rel1 (Build arm-14.52)) 14.2.1 20241119, GNU ld (Arm GNU Toolchain 14.2.Rel1 (Build arm-14.52)) 2.43.1.20241119) #1 SMP Wed Oct 22 07:09:06 EEST 2025
[    0.000000] CPU: ARMv7 Processor [413fc082] revision 2 (ARMv7), cr=10c5387d
[    0.000000] CPU: PIPT / VIPT nonaliasing data cache, VIPT aliasing instruction cache
[    0.000000] OF: fdt: Machine model: TI AM335x BeagleBone Black
[    0.000000] Memory policy: Data cache writeback
[    0.000000] cma: Reserved 16 MiB at 0x9e800000
[    0.000000] Zone ranges:
[    0.000000]   Normal   [mem 0x0000000080000000-0x000000009fdfffff]
[    0.000000]   HighMem  empty
[    0.000000] Movable zone start for each node
[    0.000000] Early memory node ranges
[    0.000000]   node   0: [mem 0x0000000080000000-0x000000009fdfffff]
[    0.000000] Initmem setup node 0 [mem 0x0000000080000000-0x000000009fdfffff]
[    0.000000] On node 0, zone Normal: 512 pages in unavailable ranges
[    0.000000] OF: reserved mem: Reserved memory: No reserved-memory node in the DT
[    0.000000] CPU: All CPU(s) started in SVC mode.
[    0.000000] AM335X ES2.1 (sgx neon)
[    0.000000] percpu: Embedded 17 pages/cpu s40012 r8192 d21428 u69632
[    0.000000] Kernel command line: console=ttyO0,115200n8 root=/dev/nfs rw nfsroot=192.168.255.126:/home/user01/nfs,nfsvers=3 ip=192.168.255.1:192.168.255.126::255.255.255.0:bbb1:eth0 nfsrootdebug
[    0.000000] Unknown kernel command line parameters "nfsrootdebug", will be passed to user space.
[    0.000000] printk: log buffer data + meta data: 65536 + 204800 = 270336 bytes
[    0.000000] Dentry cache hash table entries: 65536 (order: 6, 262144 bytes, linear)
[    0.000000] Inode-cache hash table entries: 32768 (order: 5, 131072 bytes, linear)
[    0.000000] Built 1 zonelists, mobility grouping on.  Total pages: 130560
[    0.000000] mem auto-init: stack:off, heap alloc:off, heap free:off
[    0.000000] SLUB: HWalign=16, Order=0-3, MinObjects=0, CPUs=1, Nodes=1
[    0.000000] rcu: Hierarchical RCU implementation.
[    0.000000] rcu: 	RCU event tracing is enabled.
[    0.000000] rcu: 	RCU restricting CPUs from NR_CPUS=2 to nr_cpu_ids=1.
[    0.000000] 	Tracing variant of Tasks RCU enabled.
[    0.000000] rcu: RCU calculated value of scheduler-enlistment delay is 10 jiffies.
[    0.000000] rcu: Adjusting geometry for rcu_fanout_leaf=16, nr_cpu_ids=1
[    0.000000] RCU Tasks Trace: Setting shift to 0 and lim to 1 rcu_task_cb_adjust=1 rcu_task_cpu_ids=1.
[    0.000000] NR_IRQS: 16, nr_irqs: 16, preallocated irqs: 16
[    0.000000] IRQ: Found an INTC at 0x(ptrval) (revision 5.0) with 128 interrupts
[    0.000000] rcu: srcu_init: Setting srcu_struct sizes based on contention.
[    0.000000] TI gptimer clocksource: always-on /ocp/interconnect@44c00000/segment@200000/target-module@31000
[    0.000002] sched_clock: 32 bits at 24MHz, resolution 41ns, wraps every 89478484971ns
[    0.000026] clocksource: dmtimer: mask: 0xffffffff max_cycles: 0xffffffff, max_idle_ns: 79635851949 ns
[    0.000495] TI gptimer clockevent: 24000000 Hz at /ocp/interconnect@48000000/segment@0/target-module@40000
[    0.002079] Console: colour dummy device 80x30
[    0.002148] WARNING: Your 'console=ttyO0' has been replaced by 'ttyS0'
[    0.002157] This ensures that you still see kernel messages. Please
[    0.002161] update your kernel commandline.
[    0.002203] Calibrating delay loop... 996.14 BogoMIPS (lpj=4980736)
[    0.090607] CPU: Testing write buffer coherency: ok
[    0.090693] CPU0: Spectre v2: using BPIALL workaround
[    0.090705] pid_max: default: 32768 minimum: 301
[    0.090879] LSM: initializing lsm=capability
[    0.091038] Mount-cache hash table entries: 1024 (order: 0, 4096 bytes, linear)
[    0.091058] Mountpoint-cache hash table entries: 1024 (order: 0, 4096 bytes, linear)
[    0.092640] CPU0: thread -1, cpu 0, socket -1, mpidr 0
[    0.092696] cacheinfo: Unable to detect cache hierarchy for CPU 0
[    0.094744] Setting up static identity map for 0x80100000 - 0x80100078
[    0.095059] rcu: Hierarchical SRCU implementation.
[    0.095069] rcu: 	Max phase no-delay instances is 1000.
[    0.096771] smp: Bringing up secondary CPUs ...
[    0.096825] smp: Brought up 1 node, 1 CPU
[    0.096839] SMP: Total of 1 processors activated (996.14 BogoMIPS).
[    0.096849] CPU: All CPU(s) started in SVC mode.
[    0.097047] Memory: 480864K/522240K available (11264K kernel code, 1226K rwdata, 2952K rodata, 1024K init, 256K bss, 23336K reserved, 16384K cma-reserved, 0K highmem)
[    0.097869] devtmpfs: initialized
[    0.115368] VFP support v0.3: implementor 41 architecture 3 part 30 variant c rev 3
[    0.116038] clocksource: jiffies: mask: 0xffffffff max_cycles: 0xffffffff, max_idle_ns: 19112604462750000 ns
[    0.116098] posixtimers hash table entries: 512 (order: 0, 4096 bytes, linear)
[    0.116125] futex hash table entries: 256 (16384 bytes on 1 NUMA nodes, total 16 KiB, linear).
[    0.119333] NET: Registered PF_NETLINK/PF_ROUTE protocol family
[    0.122435] DMA: preallocated 256 KiB pool for atomic coherent allocations
[    0.123044] audit: initializing netlink subsys (disabled)
[    0.124403] thermal_sys: Registered thermal governor 'fair_share'
[    0.124417] thermal_sys: Registered thermal governor 'step_wise'
[    0.124425] thermal_sys: Registered thermal governor 'user_space'
[    0.124532] audit: type=2000 audit(0.120:1): state=initialized audit_enabled=0 res=1
[    0.124601] cpuidle: using governor menu
[    0.142669] /ocp/interconnect@44c00000/segment@200000/target-module@b000/i2c@0/tda19988@70: Fixed dependency cycle(s) with /ocp/interconnect@48000000/segment@300000/target-module@e000/lcdc@0
[    0.143760] /ocp/interconnect@48000000/segment@300000/target-module@e000/lcdc@0: Fixed dependency cycle(s) with /ocp/interconnect@44c00000/segment@200000/target-module@b000/i2c@0/tda19988@70
[    0.145950] No ATAGs?
[    0.145987] hw-breakpoint: debug architecture 0x4 unsupported.
[    0.149076] kprobes: kprobe jump-optimization is enabled. All kprobes are optimized if possible.
[    0.153809] iommu: Default domain type: Translated
[    0.153833] iommu: DMA domain TLB invalidation policy: strict mode
[    0.161671] SCSI subsystem initialized
[    0.162547] pps_core: LinuxPPS API ver. 1 registered
[    0.162558] pps_core: Software ver. 5.3.6 - Copyright 2005-2007 Rodolfo Giometti <giometti@linux.it>
[    0.162581] PTP clock support registered
[    0.170845] vgaarb: loaded
[    0.171222] clocksource: Switched to clocksource dmtimer
[    0.171905] VFS: Disk quotas dquot_6.6.0
[    0.171967] VFS: Dquot-cache hash table entries: 1024 (order 0, 4096 bytes)
[    0.195782] NET: Registered PF_INET protocol family
[    0.196119] IP idents hash table entries: 8192 (order: 4, 65536 bytes, linear)
[    0.197561] tcp_listen_portaddr_hash hash table entries: 512 (order: 0, 4096 bytes, linear)
[    0.197597] Table-perturb hash table entries: 65536 (order: 6, 262144 bytes, linear)
[    0.197616] TCP established hash table entries: 4096 (order: 2, 16384 bytes, linear)
[    0.197660] TCP bind hash table entries: 4096 (order: 4, 65536 bytes, linear)
[    0.197760] TCP: Hash tables configured (established 4096 bind 4096)
[    0.197876] UDP hash table entries: 256 (order: 1, 14336 bytes, linear)
[    0.197910] UDP-Lite hash table entries: 256 (order: 1, 14336 bytes, linear)
[    0.198105] NET: Registered PF_UNIX/PF_LOCAL protocol family
[    0.202238] RPC: Registered named UNIX socket transport module.
[    0.202261] RPC: Registered udp transport module.
[    0.202266] RPC: Registered tcp transport module.
[    0.202271] RPC: Registered tcp-with-tls transport module.
[    0.202276] RPC: Registered tcp NFSv4.1 backchannel transport module.
[    0.202300] PCI: CLS 0 bytes, default 64
[    0.203713] Initialise system trusted keyrings
[    0.211925] workingset: timestamp_bits=14 max_order=17 bucket_order=3
[    0.213370] NFS: Registering the id_resolver key type
[    0.213426] Key type id_resolver registered
[    0.213434] Key type id_legacy registered
[    0.213548] jffs2: version 2.2. (NAND) (SUMMARY)  Â© 2001-2006 Red Hat, Inc.
[    0.214015] Key type asymmetric registered
[    0.214030] Asymmetric key parser 'x509' registered
[    0.214106] io scheduler mq-deadline registered
[    0.214117] io scheduler kyber registered
[    0.214199] io scheduler bfq registered
[    0.216071] target-module@4b000000:target-module@140000:pmu@0:fck: device ID is greater than 24
[    0.221453] ledtrig-cpu: registered to indicate activity on CPUs
[    0.231699] Serial: 8250/16550 driver, 6 ports, IRQ sharing enabled
[    0.279026] brd: module loaded
[    0.287860] loop: module loaded
[    0.288800] mtdoops: mtd device (mtddev=name/number) must be supplied
[    0.291966] i2c_dev: i2c /dev entries driver
[    0.292994] cpuidle: enable-method property 'ti,am3352' found operations
[    0.293435] sdhci: Secure Digital Host Controller Interface driver
[    0.293445] sdhci: Copyright(c) Pierre Ossman
[    0.293633] sdhci-pltfm: SDHCI platform and OF driver helper
[    0.301579] hw perfevents: enabled with armv7_cortex_a8 PMU driver, 5 (8000000f) counters available
[    0.302132] Initializing XFRM netlink socket
[    0.302301] NET: Registered PF_INET6 protocol family
[    0.304331] Segment Routing with IPv6
[    0.304412] In-situ OAM (IOAM) with IPv6
[    0.304510] sit: IPv6, IPv4 and MPLS over IPv4 tunneling driver
[    0.305483] NET: Registered PF_PACKET protocol family
[    0.305512] NET: Registered PF_KEY protocol family
[    0.305642] Key type dns_resolver registered
[    0.305865] ThumbEE CPU extension supported.
[    0.305885] Registering SWP/SWPB emulation handler
[    0.306413] omap_voltage_late_init: Voltage driver support not added
[    0.307069] SmartReflex Class3 initialized
[    0.344177] Loading compiled-in X.509 certificates
[    0.397300] /ocp/interconnect@44c00000/segment@200000/target-module@b000/i2c@0/tda19988@70: Fixed dependency cycle(s) with /ocp/interconnect@48000000/segment@300000/target-module@e000/lcdc@0
[    0.403865] /ocp/interconnect@44c00000/segment@200000/target-module@b000/i2c@0/tda19988@70: Fixed dependency cycle(s) with /ocp/interconnect@48000000/segment@300000/target-module@e000/lcdc@0
[    0.424324] /ocp/interconnect@44c00000/segment@200000/target-module@b000/i2c@0/tda19988@70: Fixed dependency cycle(s) with /ocp/interconnect@48000000/segment@300000/target-module@e000/lcdc@0
[    0.425205] /ocp/interconnect@44c00000/segment@200000/target-module@b000/i2c@0/tda19988@70: Fixed dependency cycle(s) with /ocp/interconnect@48000000/segment@300000/target-module@e000/lcdc@0
[    0.428698] /ocp/interconnect@44c00000/segment@200000/target-module@10000/scm@0/pinmux@800: Fixed dependency cycle(s) with /ocp/interconnect@44c00000/segment@200000/target-module@10000/scm@0/pinmux@800/clkout2-pins
[    0.429296] pinctrl-single 44e10800.pinmux: 142 pins, size 568
[    0.435063] ti-sysc 44e31000.target-module: probe with driver ti-sysc failed with error -16
[    0.449025] /ocp/interconnect@48000000/segment@300000/target-module@e000/lcdc@0: Fixed dependency cycle(s) with /ocp/interconnect@44c00000/segment@200000/target-module@b000/i2c@0/tda19988@70
[    0.457465] ti-sysc 48040000.target-module: probe with driver ti-sysc failed with error -16
[    0.504977] OMAP GPIO hardware version 0.1
[    0.532563] omap_i2c 4819c000.i2c: bus 2 rev0.11 at 100 kHz
[    0.560885] 48000000.interconnect:segment@200000:target-module@0:mpu@0:fck: device ID is greater than 24
[    0.562051] /ocp/interconnect@48000000/segment@300000/target-module@e000/lcdc@0: Fixed dependency cycle(s) with /ocp/interconnect@44c00000/segment@200000/target-module@b000/i2c@0/tda19988@70
[    0.564958] /ocp/interconnect@48000000/segment@300000/target-module@e000/lcdc@0: Fixed dependency cycle(s) with /ocp/interconnect@44c00000/segment@200000/target-module@b000/i2c@0/tda19988@70
[    0.565682] /ocp/interconnect@44c00000/segment@200000/target-module@b000/i2c@0/tda19988@70: Fixed dependency cycle(s) with /ocp/interconnect@48000000/segment@300000/target-module@e000/lcdc@0
[    0.565849] /ocp/interconnect@48000000/segment@300000/target-module@e000/lcdc@0: Fixed dependency cycle(s) with /ocp/interconnect@44c00000/segment@200000/target-module@b000/i2c@0/tda19988@70
[    0.573797] sdhci-omap 481d8000.mmc: supply pbias not found, using dummy regulator
[    0.574285] sdhci-omap 481d8000.mmc: supply vqmmc not found, using dummy regulator
[    0.674688] davinci_mdio 4a101000.mdio: davinci mdio revision 1.6, bus freq 1000000
[    0.836414] davinci_mdio 4a101000.mdio: phy[0]: device 4a101000.mdio:00, driver SMSC LAN8710/LAN8720
[    0.837209] cpsw-switch 4a100000.switch: initialized cpsw ale version 1.4
[    0.837231] cpsw-switch 4a100000.switch: ALE Table size 1024, Policers 0
[    0.837580] cpsw-switch 4a100000.switch: cpts: overflow check period 500 (jiffies)
[    0.837599] cpsw-switch 4a100000.switch: CPTS: ref_clk_freq:250000000 calc_mult:2147483648 calc_shift:29 error:0 nsec/sec
[    0.837700] cpsw-switch 4a100000.switch: Detected MACID = 6c:ec:eb:68:de:78
[    0.839560] cpsw-switch 4a100000.switch: initialized (regs 0x4a100000, pool size 256) hw_ver:0019010C 1.12 (0)
[    0.864902] debugfs: '49000000.dma' already exists in 'dmaengine'
[    0.864947] edma 49000000.dma: TI EDMA DMA engine driver
[    0.921042] 44e09000.serial: ttyS0 at MMIO 0x44e09000 (irq = 34, base_baud = 3000000) is a 8250
[    0.921162] printk: legacy console [ttyS0] enabled
[    2.442178] tps65217-pmic: Failed to locate of_node [id: -1]
[    2.448226] tps65217-bl: Failed to locate of_node [id: -1]
[    2.454293] platform tps65217-charger: DMA mask not set
[    2.460321] platform tps65217-pwrbutton: DMA mask not set
[    2.467594] tps65217 0-0024: TPS65217 ID 0xe version 1.2
[    2.473718] /ocp/interconnect@48000000/segment@300000/target-module@e000/lcdc@0: Fixed dependency cycle(s) with /ocp/interconnect@44c00000/segment@200000/target-module@b000/i2c@0/tda19988@70
[    2.491109] /ocp/interconnect@44c00000/segment@200000/target-module@b000/i2c@0/tda19988@70: Fixed dependency cycle(s) with /ocp/interconnect@48000000/segment@300000/target-module@e000/lcdc@0
[    2.508495] omap_i2c 44e0b000.i2c: bus 0 rev0.11 at 400 kHz
[    2.516390] omap_gpio 44e07000.gpio: Could not set line 6 debounce to 200000 microseconds (-22)
[    2.525303] sdhci-omap 48060000.mmc: Got CD GPIO
[    2.530325] sdhci-omap 48060000.mmc: supply pbias not found, using dummy regulator
[    2.540532] sdhci-omap 48060000.mmc: supply vqmmc not found, using dummy regulator
[    2.549693] sdhci-omap 481d8000.mmc: supply pbias not found, using dummy regulator
[    2.559553] sdhci-omap 481d8000.mmc: supply vqmmc not found, using dummy regulator
[    2.594926] mmc0: SDHCI controller on 48060000.mmc [48060000.mmc] using External DMA
[    2.603161] mmc1: SDHCI controller on 481d8000.mmc [481d8000.mmc] using External DMA
[    2.611995] cpsw-switch 4a100000.switch: starting ndev. mode: dual_mac
[    2.681497] mmc1: new high speed MMC card at address 0001
[    2.688330] mmcblk1: mmc1:0001 MMC04G 3.60 GiB
[    2.696215]  mmcblk1: p1 p2
[    2.699945] SMSC LAN8710/LAN8720 4a101000.mdio:00: attached PHY driver (mii_bus:phy_addr=4a101000.mdio:00, irq=POLL)
[    2.712539] mmcblk1boot0: mmc1:0001 MMC04G 2.00 MiB
[    2.726390] mmcblk1boot1: mmc1:0001 MMC04G 2.00 MiB
[    2.735076] mmcblk1rpmb: mmc1:0001 MMC04G 128 KiB, chardev (249:0)
[    2.784726] mmc0: new high speed SDHC card at address aaaa
[    2.791689] mmcblk0: mmc0:aaaa SE32G 29.7 GiB
[    2.800761]  mmcblk0: p1 p2
[    5.841994] cpsw-switch 4a100000.switch eth0: Link is Up - 100Mbps/Full - flow control off
[    5.881455] IP-Config: Complete:
[    5.884731]      device=eth0, hwaddr=6c:ec:eb:68:de:78, ipaddr=192.168.255.1, mask=255.255.255.0, gw=255.255.255.255
[    5.895402]      host=bbb1, domain=, nis-domain=(none)
[    5.900571]      bootserver=192.168.255.126, rootserver=192.168.255.126, rootpath=
[    5.901005] clk: Disabling unused clocks
[    5.912844] PM: genpd: Disabling unused power domains
[    5.918010] KTAP version 1
[    5.920734] 1..0
[    5.923277] check access for rdinit=/init failed: -2, ignoring
[    5.955927] VFS: Mounted root (nfs filesystem) on device 0:17.
[    5.963137] devtmpfs: mounted
[    5.967610] Freeing unused kernel image (initmem) memory: 1024K
[    5.974449] Run /sbin/init as init process
[    6.660963] systemd[1]: System time before build time, advancing clock.
[    8.191240] random: crng init done
[    8.204058] systemd[1]: systemd 232 running in system mode. (+PAM +AUDIT +SELINUX +IMA +APPARMOR +SMACK +SYSVINIT +UTMP +LIBCRYPTSETUP +GCRYPT +GNUTLS +ACL +XZ +LZ4 +SECCOMP +BLKID +ELFUTILS +KMOD +IDN)
[    8.223203] systemd[1]: Detected architecture arm.

Welcome to [1mDebian GNU/Linux 9 (stretch)[0m!

[    8.254366] systemd[1]: Set hostname to <arm>.
[    9.389446] systemd[1]: syslog.socket: SO_PASSSEC failed: Operation not supported
[    9.397474] systemd[1]: Listening on Syslog Socket.
[[0;32m  OK  [0m] Listening on Syslog Socket.
[    9.423165] systemd[1]: Listening on /dev/initctl Compatibility Named Pipe.
[[0;32m  OK  [0m] Listening on /dev/initctl Compatibility Named Pipe.
[    9.451895] systemd[1]: systemd-journald-dev-log.socket: SO_PASSSEC failed: Operation not supported
[    9.461444] systemd[1]: Listening on Journal Socket (/dev/log).
[[0;32m  OK  [0m] Listening on Journal Socket (/dev/log).
[    9.492659] systemd[1]: Created slice User and Session Slice.
[[0;32m  OK  [0m] Created slice User and Session Slice.
[    9.521877] systemd[1]: systemd-journald.socket: SO_PASSSEC failed: Operation not supported
[[0;32m  OK  [0m] Listening on Journal Socket.
[[0;32m  OK  [0m] Listening on udev Kernel Socket.
[[0;32m  OK  [0m] Reached target Swap.
[[0;32m  OK  [0m] Reached target Remote File Systems.
[[0;32m  OK  [0m] Started Forward Password Requests to Wall Directory Watch.
[[0;32m  OK  [0m] Started Dispatch Password Requests to Console Directory Watch.
[[0;32m  OK  [0m] Reached target Encrypted Volumes.
[[0;32m  OK  [0m] Reached target Paths.
[[0;32m  OK  [0m] Created slice System Slice.
[[0;32m  OK  [0m] Created slice system-getty.slice.
         Mounting POSIX Message Queue File System...
[[0;32m  OK  [0m] Created slice system-serial\x2dgetty.slice.
         Mounting Debug File System...
[[0;32m  OK  [0m] Reached target Slices.
         Starting Create list of required stâ€¦ce nodes for the current kernel...
         Starting Load Kernel Modules...
[[0;32m  OK  [0m] Set up automount Arbitrary Executabâ€¦rmats File System Automount Point.
[[0;32m  OK  [0m] Listening on udev Control Socket.
[[0;32m  OK  [0m] Listening on Journal Audit Socket.
         Starting Journal Service...
         Starting Remount Root and Kernel File Systems...
[[0;32m  OK  [0m] Mounted POSIX Message Queue File System.
[[0;32m  OK  [0m] Mounted Debug File System.
[[0;32m  OK  [0m] Started Create list of required staâ€¦vice nodes for the current kernel.
         Starting Create Static Device Nodes in /dev...
[[0;32m  OK  [0m] Started Load Kernel Modules.
         Starting Apply Kernel Variables...
         Mounting Configuration File System...
[[0;32m  OK  [0m] Started Remount Root and Kernel File Systems.
         Starting udev Coldplug all Devices...
         Starting Load/Save Random Seed...
[[0;32m  OK  [0m] Mounted Configuration File System.
[[0;32m  OK  [0m] Started Apply Kernel Variables.
[[0;32m  OK  [0m] Started Load/Save Random Seed.
[[0;32m  OK  [0m] Started Create Static Device Nodes in /dev.
         Starting udev Kernel Device Manager...
[[0;32m  OK  [0m] Reached target Local File Systems (Pre).
[[0;32m  OK  [0m] Reached target Local File Systems.
         Starting Raise network interfaces...
[[0;32m  OK  [0m] Started Journal Service.
         Starting Flush Journal to Persistent Storage...
[   11.834619] systemd-journald[85]: Received request to flush runtime journal from PID 1
[[0;32m  OK  [0m] Started Flush Journal to Persistent Storage.
         Starting Create Volatile Files and Directories...
[[0;32m  OK  [0m] Started udev Kernel Device Manager.
[   12.641724] omap_prm 44e00d00.prm: sync_state() pending due to 44d00000.cpu
[[0;32m  OK  [0m] Started Create Volatile Files and Directories.
         Starting Update UTMP about System Boot/Shutdown...
         Starting Network Time Synchronization...
[[0;32m  OK  [0m] Started Update UTMP about System Boot/Shutdown.
[[0;32m  OK  [0m] Started udev Coldplug all Devices.
[[0;32m  OK  [0m] Found device /dev/ttyS0.
[[0;32m  OK  [0m] Started Network Time Synchronization.
[[0;32m  OK  [0m] Reached target System Time Synchronized.
[[0;32m  OK  [0m] Reached target System Initialization.
[[0;32m  OK  [0m] Listening on Avahi mDNS/DNS-SD Stack Activation Socket.
[[0;32m  OK  [0m] Started Daily Cleanup of Temporary Directories.
[[0;32m  OK  [0m] Listening on D-Bus System Message Bus Socket.
[[0;32m  OK  [0m] Reached target Sockets.
[[0;32m  OK  [0m] Reached target Basic System.
         Starting Login Service...
         Starting DUN service...
         Starting Cape Manager Service...
         Starting System Logging Service...
         Starting LSB: Load kernel modules needed to enable cpufreq scaling...
         Starting Generic Board Startup...
         Starting Telephony service...
         Starting LSB: Start busybox udhcpd at boot time...
[[0;32m  OK  [0m] Started Regular background program processing daemon.
[[0;32m  OK  [0m] Started D-Bus System Message Bus.
[   19.341059] omap_rtc 44e3e000.rtc: registered as rtc0
[   19.346421] omap_rtc 44e3e000.rtc: setting system clock to 2000-01-01T00:00:00 UTC (946684800)
[   19.597360] PM: Cannot get wkup_m3_ipc handle
[[0;32m  OK  [0m] Started DUN service.
[[0;32m  OK  [0m] Started Telephony service.
         Starting Connection service...
         Starting Avahi mDNS/DNS-SD Stack...
[[0;32m  OK  [0m] Started Daily apt download activities.
[[0;32m  OK  [0m] Started Daily apt upgrade and clean activities.
[[0;32m  OK  [0m] Reached target Timers.
[[0;32m  OK  [0m] Started System Logging Service.
[[0;32m  OK  [0m] Started Cape Manager Service.
[   21.498280] Bluetooth: Core ver 2.22
[   21.502339] NET: Registered PF_BLUETOOTH protocol family
[   21.507691] Bluetooth: HCI device and connection manager initialized
[   21.514206] Bluetooth: HCI socket layer initialized
[   21.519122] Bluetooth: L2CAP socket layer initialized
[   21.524269] Bluetooth: SCO socket layer initialized
[   22.212434] ------------[ cut here ]------------
[   22.217129] WARNING: net/8021q/vlan_core.c:236 at vlan_for_each+0x114/0x134, CPU#0: avahi-daemon/312
[   22.226441] RTNL: assertion failed at net/8021q/vlan_core.c (236)
[   22.232638] Modules linked in: bluetooth ecdh_generic ecc libaes pm33xx rtc_omap wkup_m3_ipc ti_emif_sram cpufreq_dt autofs4
[   22.244022] CPU: 0 UID: 107 PID: 312 Comm: avahi-daemon Not tainted 6.18.0-rc2-next-20251022 #1 NONE 
[   22.244039] Hardware name: Generic AM33XX (Flattened Device Tree)
[   22.244048] Call trace: 
[   22.244064]  unwind_backtrace from show_stack+0x10/0x14
[   22.244101]  show_stack from dump_stack_lvl+0x50/0x64
[   22.244126]  dump_stack_lvl from __warn+0x88/0x148
[   22.244144]  __warn from warn_slowpath_fmt+0x19c/0x1b0
[   22.244157]  warn_slowpath_fmt from vlan_for_each+0x114/0x134
[   22.244179]  vlan_for_each from cpsw_add_mc_addr+0x40/0xa4
[   22.244203]  cpsw_add_mc_addr from __hw_addr_ref_sync_dev+0x108/0x140
[   22.244233]  __hw_addr_ref_sync_dev from __dev_mc_add+0x7c/0x80
[   22.244256]  __dev_mc_add from igmp6_group_added+0xc8/0xe0
[   22.244284]  igmp6_group_added from __ipv6_dev_mc_inc+0x218/0x364
[   22.244303]  __ipv6_dev_mc_inc from __ipv6_sock_mc_join+0x11c/0x1c0
[   22.244321]  __ipv6_sock_mc_join from do_ipv6_setsockopt+0x1214/0x1310
[   22.244352]  do_ipv6_setsockopt from ipv6_setsockopt+0x60/0xcc
[   22.244374]  ipv6_setsockopt from udpv6_setsockopt+0x2c/0x6c
[   22.244397]  udpv6_setsockopt from sock_common_setsockopt+0x30/0x40
[   22.244431]  sock_common_setsockopt from do_sock_setsockopt+0x50/0x9c
[   22.244453]  do_sock_setsockopt from __sys_setsockopt+0x70/0xbc
[   22.244471]  __sys_setsockopt from ret_fast_syscall+0x0/0x58
[   22.244488] Exception stack(0xe014dfa8 to 0xe014dff0)
[   22.244502] dfa0:                   00000014 b6fa5ce8 0000000d 00000029 00000014 beeb29ec
[   22.244514] dfc0: 00000014 b6fa5ce8 00000014 00000126 0000000d b6f4eff4 004ee988 004d6558
[   22.244523] dfe0: b6f64088 beeb29d8 b6f41309 b6e1841a
[   22.244531] ---[ end trace 0000000000000000 ]---
[[0;32m  OK  [0m] Started LSB: Start busybox udhcpd at boot time.
[[0;32m  OK  [0m] Started Raise network interfaces.
[[0;32m  OK  [0m] Started LSB: Load kernel modules needed to enable cpufreq scaling.
[[0;32m  OK  [0m] Started Avahi mDNS/DNS-SD Stack.
[[0;32m  OK  [0m] Started Connection service.
[[0;32m  OK  [0m] Started Login Service.
         Starting Hostname Service...
         Starting WPA supplicant...
         Starting LSB: set CPUFreq kernel parameters...
[[0;32m  OK  [0m] Started WPA supplicant.
[[0;32m  OK  [0m] Reached target Network.
         Starting OpenBSD Secure Shell server...
         Starting Permit User Sessions...
         Starting The Apache HTTP Server...
[[0;32m  OK  [0m] Reached target Network is Online.
         Starting LSB: Advanced IEEE 802.11 management daemon...
[[0;32m  OK  [0m] Started LSB: set CPUFreq kernel parameters.
[[0;32m  OK  [0m] Started Permit User Sessions.
[[0;32m  OK  [0m] Started LSB: Advanced IEEE 802.11 management daemon.
[[0;32m  OK  [0m] Started Hostname Service.
[[0;32m  OK  [0m] Started Serial Getty on ttyS0.
[[0;32m  OK  [0m] Started Getty on tty1.
[[0;32m  OK  [0m] Reached target Login Prompts.
[[0;32m  OK  [0m] Started OpenBSD Secure Shell server.
[[0;32m  OK  [0m] Started The Apache HTTP Server.

Debian GNU/Linux 9 arm ttyS0

default username:password is [debian:temppwd]

arm login: root
Password: 
Last login: Sat Jan  1 00:00:30 UTC 2000 on ttyS0
root
Linux arm 6.18.0-rc2-next-20251022 #1 SMP Wed Oct 22 07:09:06 EEST 2025 armv7l

The programs included with the Debian GNU/Linux system are free software;
the exact distribution terms for each program are described in the
individual files in /usr/share/doc/*/copyright.

Debian GNU/Linux comes with ABSOLUTELY NO WARRANTY, to the extent
permitted by applicable law.
root@arm:~# root
-bash: root: command not found
root@arm:~# dmesg -n 1
root@arm:~# echo 'ZJYX''BXBBWW'
ZJYXBXBBWW
root@arm:~# run() { echo -n "$MARKER"; sh -c "$@"; echo "$MARKER $?"; }
root@arm:~# echo 'EWWN''BTVTVJ'
EWWNBTVTVJ
root@arm:~# MARKER='TZTP''ZPKMWF' run 'cat /proc/version'
TZTPZPKMWFLinux version 6.18.0-rc2-next-20251022 (user01@drvtest01) (arm-none-eabi-gcc (Arm GNU Toolchain 14.2.Rel1 (Build arm-14.52)) 14.2.1 20241119, GNU ld (Arm GNU Toolchain 14.2.Rel1 (Build arm-14.52)) 2.43.1.20241119) #1 SMP Wed Oct 22 07:09:06 EEST 2025
TZTPZPKMWF 0
root@arm:~# echo 'HWNX''NMJHPE'
HWNXNMJHPE
root@arm:~# MARKER='FNUB''FXTHCB' run false
FNUBFXTHCBFNUBFXTHCB 1
root@arm:~# Labgrid Console Logfile for main
Logfile started at 2025-10-22 07:11:46.018180
=== Log starts here ===

root@arm:~# run() { echo -n "$MARKER"; sh -c "$@"; echo "$MARKER $?"; }
root@arm:~# echo 'MKXK''KPXGKQ'
MKXKKPXGKQ
root@arm:~# MARKER='OQOH''WBOASO' run 'ls /iio_generic_buffer; echo $?'
OQOHWBOASO/iio_generic_buffer
0
OQOHWBOASO 0
root@arm:~# Labgrid Console Logfile for main
Logfile started at 2025-10-22 07:11:49.370078
=== Log starts here ===

root@arm:~# run() { echo -n "$MARKER"; sh -c "$@"; echo "$MARKER $?"; }
root@arm:~# echo 'FYXS''EFGSNQ'
FYXSEFGSNQ
root@arm:~# MARKER='BJZZ''VKGMKJ' run dmesg
BJZZVKGMKJ[    0.000000] Booting Linux on physical CPU 0x0
[    0.000000] Linux version 6.18.0-rc2-next-20251022 (user01@drvtest01) (arm-none-eabi-gcc (Arm GNU Toolchain 14.2.Rel1 (Build arm-14.52)) 14.2.1 20241119, GNU ld (Arm GNU Toolchain 14.2.Rel1 (Build arm-14.52)) 2.43.1.20241119) #1 SMP Wed Oct 22 07:09:06 EEST 2025
[    0.000000] CPU: ARMv7 Processor [413fc082] revision 2 (ARMv7), cr=10c5387d
[    0.000000] CPU: PIPT / VIPT nonaliasing data cache, VIPT aliasing instruction cache
[    0.000000] OF: fdt: Machine model: TI AM335x BeagleBone Black
[    0.000000] Memory policy: Data cache writeback
[    0.000000] cma: Reserved 16 MiB at 0x9e800000
[    0.000000] Zone ranges:
[    0.000000]   Normal   [mem 0x0000000080000000-0x000000009fdfffff]
[    0.000000]   HighMem  empty
[    0.000000] Movable zone start for each node
[    0.000000] Early memory node ranges
[    0.000000]   node   0: [mem 0x0000000080000000-0x000000009fdfffff]
[    0.000000] Initmem setup node 0 [mem 0x0000000080000000-0x000000009fdfffff]
[    0.000000] On node 0, zone Normal: 512 pages in unavailable ranges
[    0.000000] OF: reserved mem: Reserved memory: No reserved-memory node in the DT
[    0.000000] CPU: All CPU(s) started in SVC mode.
[    0.000000] AM335X ES2.1 (sgx neon)
[    0.000000] percpu: Embedded 17 pages/cpu s40012 r8192 d21428 u69632
[    0.000000] pcpu-alloc: s40012 r8192 d21428 u69632 alloc=17*4096
[    0.000000] pcpu-alloc: [0] 0 
[    0.000000] Kernel command line: console=ttyO0,115200n8 root=/dev/nfs rw nfsroot=192.168.255.126:/home/user01/nfs,nfsvers=3 ip=192.168.255.1:192.168.255.126::255.255.255.0:bbb1:eth0 nfsrootdebug
[    0.000000] Unknown kernel command line parameters "nfsrootdebug", will be passed to user space.
[    0.000000] printk: log buffer data + meta data: 65536 + 204800 = 270336 bytes
[    0.000000] Dentry cache hash table entries: 65536 (order: 6, 262144 bytes, linear)
[    0.000000] Inode-cache hash table entries: 32768 (order: 5, 131072 bytes, linear)
[    0.000000] Built 1 zonelists, mobility grouping on.  Total pages: 130560
[    0.000000] mem auto-init: stack:off, heap alloc:off, heap free:off
[    0.000000] SLUB: HWalign=16, Order=0-3, MinObjects=0, CPUs=1, Nodes=1
[    0.000000] rcu: Hierarchical RCU implementation.
[    0.000000] rcu: 	RCU event tracing is enabled.
[    0.000000] rcu: 	RCU restricting CPUs from NR_CPUS=2 to nr_cpu_ids=1.
[    0.000000] 	Tracing variant of Tasks RCU enabled.
[    0.000000] rcu: RCU calculated value of scheduler-enlistment delay is 10 jiffies.
[    0.000000] rcu: Adjusting geometry for rcu_fanout_leaf=16, nr_cpu_ids=1
[    0.000000] RCU Tasks Trace: Setting shift to 0 and lim to 1 rcu_task_cb_adjust=1 rcu_task_cpu_ids=1.
[    0.000000] NR_IRQS: 16, nr_irqs: 16, preallocated irqs: 16
[    0.000000] IRQ: Found an INTC at 0x(ptrval) (revision 5.0) with 128 interrupts
[    0.000000] rcu: srcu_init: Setting srcu_struct sizes based on contention.
[    0.000000] TI gptimer clocksource: always-on /ocp/interconnect@44c00000/segment@200000/target-module@31000
[    0.000002] sched_clock: 32 bits at 24MHz, resolution 41ns, wraps every 89478484971ns
[    0.000026] clocksource: dmtimer: mask: 0xffffffff max_cycles: 0xffffffff, max_idle_ns: 79635851949 ns
[    0.000495] TI gptimer clockevent: 24000000 Hz at /ocp/interconnect@48000000/segment@0/target-module@40000
[    0.002079] Console: colour dummy device 80x30
[    0.002148] WARNING: Your 'console=ttyO0' has been replaced by 'ttyS0'
[    0.002157] This ensures that you still see kernel messages. Please
[    0.002161] update your kernel commandline.
[    0.002203] Calibrating delay loop... 996.14 BogoMIPS (lpj=4980736)
[    0.090607] CPU: Testing write buffer coherency: ok
[    0.090693] CPU0: Spectre v2: using BPIALL workaround
[    0.090705] pid_max: default: 32768 minimum: 301
[    0.090879] LSM: initializing lsm=capability
[    0.091038] Mount-cache hash table entries: 1024 (order: 0, 4096 bytes, linear)
[    0.091058] Mountpoint-cache hash table entries: 1024 (order: 0, 4096 bytes, linear)
[    0.092640] CPU0: thread -1, cpu 0, socket -1, mpidr 0
[    0.092696] cacheinfo: Unable to detect cache hierarchy for CPU 0
[    0.094744] Setting up static identity map for 0x80100000 - 0x80100078
[    0.095059] rcu: Hierarchical SRCU implementation.
[    0.095069] rcu: 	Max phase no-delay instances is 1000.
[    0.096771] smp: Bringing up secondary CPUs ...
[    0.096825] smp: Brought up 1 node, 1 CPU
[    0.096839] SMP: Total of 1 processors activated (996.14 BogoMIPS).
[    0.096849] CPU: All CPU(s) started in SVC mode.
[    0.097047] Memory: 480864K/522240K available (11264K kernel code, 1226K rwdata, 2952K rodata, 1024K init, 256K bss, 23336K reserved, 16384K cma-reserved, 0K highmem)
[    0.097869] devtmpfs: initialized
[    0.115368] VFP support v0.3: implementor 41 architecture 3 part 30 variant c rev 3
[    0.116038] clocksource: jiffies: mask: 0xffffffff max_cycles: 0xffffffff, max_idle_ns: 19112604462750000 ns
[    0.116098] posixtimers hash table entries: 512 (order: 0, 4096 bytes, linear)
[    0.116125] futex hash table entries: 256 (16384 bytes on 1 NUMA nodes, total 16 KiB, linear).
[    0.119333] NET: Registered PF_NETLINK/PF_ROUTE protocol family
[    0.122435] DMA: preallocated 256 KiB pool for atomic coherent allocations
[    0.123044] audit: initializing netlink subsys (disabled)
[    0.124403] thermal_sys: Registered thermal governor 'fair_share'
[    0.124417] thermal_sys: Registered thermal governor 'step_wise'
[    0.124425] thermal_sys: Registered thermal governor 'user_space'
[    0.124532] audit: type=2000 audit(0.120:1): state=initialized audit_enabled=0 res=1
[    0.124601] cpuidle: using governor menu
[    0.142669] /ocp/interconnect@44c00000/segment@200000/target-module@b000/i2c@0/tda19988@70: Fixed dependency cycle(s) with /ocp/interconnect@48000000/segment@300000/target-module@e000/lcdc@0
[    0.143760] /ocp/interconnect@48000000/segment@300000/target-module@e000/lcdc@0: Fixed dependency cycle(s) with /ocp/interconnect@44c00000/segment@200000/target-module@b000/i2c@0/tda19988@70
[    0.145950] No ATAGs?
[    0.145987] hw-breakpoint: debug architecture 0x4 unsupported.
[    0.149076] kprobes: kprobe jump-optimization is enabled. All kprobes are optimized if possible.
[    0.153809] iommu: Default domain type: Translated
[    0.153833] iommu: DMA domain TLB invalidation policy: strict mode
[    0.155402] reg-fixed-voltage fixedregulator0: using DT '/fixedregulator0' for '(default)' GPIO lookup
[    0.155455] of_get_named_gpiod_flags: can't parse 'gpios' property of node '/fixedregulator0[0]'
[    0.155484] of_get_named_gpiod_flags: can't parse 'gpio' property of node '/fixedregulator0[0]'
[    0.155503] reg-fixed-voltage fixedregulator0: using lookup tables for GPIO lookup
[    0.155514] reg-fixed-voltage fixedregulator0: No GPIO consumer (default) found
[    0.161671] SCSI subsystem initialized
[    0.162159] libata version 3.00 loaded.
[    0.162547] pps_core: LinuxPPS API ver. 1 registered
[    0.162558] pps_core: Software ver. 5.3.6 - Copyright 2005-2007 Rodolfo Giometti <giometti@linux.it>
[    0.162581] PTP clock support registered
[    0.170845] vgaarb: loaded
[    0.171222] clocksource: Switched to clocksource dmtimer
[    0.171905] VFS: Disk quotas dquot_6.6.0
[    0.171967] VFS: Dquot-cache hash table entries: 1024 (order 0, 4096 bytes)
[    0.195782] NET: Registered PF_INET protocol family
[    0.196119] IP idents hash table entries: 8192 (order: 4, 65536 bytes, linear)
[    0.197561] tcp_listen_portaddr_hash hash table entries: 512 (order: 0, 4096 bytes, linear)
[    0.197597] Table-perturb hash table entries: 65536 (order: 6, 262144 bytes, linear)
[    0.197616] TCP established hash table entries: 4096 (order: 2, 16384 bytes, linear)
[    0.197660] TCP bind hash table entries: 4096 (order: 4, 65536 bytes, linear)
[    0.197760] TCP: Hash tables configured (established 4096 bind 4096)
[    0.197876] UDP hash table entries: 256 (order: 1, 14336 bytes, linear)
[    0.197910] UDP-Lite hash table entries: 256 (order: 1, 14336 bytes, linear)
[    0.198105] NET: Registered PF_UNIX/PF_LOCAL protocol family
[    0.202238] RPC: Registered named UNIX socket transport module.
[    0.202261] RPC: Registered udp transport module.
[    0.202266] RPC: Registered tcp transport module.
[    0.202271] RPC: Registered tcp-with-tls transport module.
[    0.202276] RPC: Registered tcp NFSv4.1 backchannel transport module.
[    0.202300] PCI: CLS 0 bytes, default 64
[    0.203713] Initialise system trusted keyrings
[    0.211925] workingset: timestamp_bits=14 max_order=17 bucket_order=3
[    0.213370] NFS: Registering the id_resolver key type
[    0.213426] Key type id_resolver registered
[    0.213434] Key type id_legacy registered
[    0.213548] jffs2: version 2.2. (NAND) (SUMMARY)  Â© 2001-2006 Red Hat, Inc.
[    0.214015] Key type asymmetric registered
[    0.214030] Asymmetric key parser 'x509' registered
[    0.214106] io scheduler mq-deadline registered
[    0.214117] io scheduler kyber registered
[    0.214199] io scheduler bfq registered
[    0.216071] target-module@4b000000:target-module@140000:pmu@0:fck: device ID is greater than 24
[    0.221453] ledtrig-cpu: registered to indicate activity on CPUs
[    0.231699] Serial: 8250/16550 driver, 6 ports, IRQ sharing enabled
[    0.279026] brd: module loaded
[    0.287860] loop: module loaded
[    0.288800] mtdoops: mtd device (mtddev=name/number) must be supplied
[    0.290349] mdio_bus fixed-0: using lookup tables for GPIO lookup
[    0.290372] mdio_bus fixed-0: No GPIO consumer reset found
[    0.291966] i2c_dev: i2c /dev entries driver
[    0.292994] cpuidle: enable-method property 'ti,am3352' found operations
[    0.293435] sdhci: Secure Digital Host Controller Interface driver
[    0.293445] sdhci: Copyright(c) Pierre Ossman
[    0.293633] sdhci-pltfm: SDHCI platform and OF driver helper
[    0.301579] hw perfevents: enabled with armv7_cortex_a8 PMU driver, 5 (8000000f) counters available
[    0.302132] Initializing XFRM netlink socket
[    0.302301] NET: Registered PF_INET6 protocol family
[    0.304331] Segment Routing with IPv6
[    0.304412] In-situ OAM (IOAM) with IPv6
[    0.304510] sit: IPv6, IPv4 and MPLS over IPv4 tunneling driver
[    0.305483] NET: Registered PF_PACKET protocol family
[    0.305512] NET: Registered PF_KEY protocol family
[    0.305642] Key type dns_resolver registered
[    0.305865] ThumbEE CPU extension supported.
[    0.305885] Registering SWP/SWPB emulation handler
[    0.306413] omap_voltage_late_init: Voltage driver support not added
[    0.307069] SmartReflex Class3 initialized
[    0.344177] Loading compiled-in X.509 certificates
[    0.397300] /ocp/interconnect@44c00000/segment@200000/target-module@b000/i2c@0/tda19988@70: Fixed dependency cycle(s) with /ocp/interconnect@48000000/segment@300000/target-module@e000/lcdc@0
[    0.403865] /ocp/interconnect@44c00000/segment@200000/target-module@b000/i2c@0/tda19988@70: Fixed dependency cycle(s) with /ocp/interconnect@48000000/segment@300000/target-module@e000/lcdc@0
[    0.409338] gpiochip_find_base_unlocked: found new base at 512
[    0.424324] /ocp/interconnect@44c00000/segment@200000/target-module@b000/i2c@0/tda19988@70: Fixed dependency cycle(s) with /ocp/interconnect@48000000/segment@300000/target-module@e000/lcdc@0
[    0.425205] /ocp/interconnect@44c00000/segment@200000/target-module@b000/i2c@0/tda19988@70: Fixed dependency cycle(s) with /ocp/interconnect@48000000/segment@300000/target-module@e000/lcdc@0
[    0.428698] /ocp/interconnect@44c00000/segment@200000/target-module@10000/scm@0/pinmux@800: Fixed dependency cycle(s) with /ocp/interconnect@44c00000/segment@200000/target-module@10000/scm@0/pinmux@800/clkout2-pins
[    0.429296] pinctrl-single 44e10800.pinmux: 142 pins, size 568
[    0.435063] ti-sysc 44e31000.target-module: probe with driver ti-sysc failed with error -16
[    0.449025] /ocp/interconnect@48000000/segment@300000/target-module@e000/lcdc@0: Fixed dependency cycle(s) with /ocp/interconnect@44c00000/segment@200000/target-module@b000/i2c@0/tda19988@70
[    0.457465] ti-sysc 48040000.target-module: probe with driver ti-sysc failed with error -16
[    0.469200] gpiochip_find_base_unlocked: found new base at 512
[    0.469312] gpio gpiochip0: (gpio-0-31): created GPIO range 0->7 ==> 44e10800.pinmux PIN 0->7
[    0.469332] gpio gpiochip0: (gpio-0-31): created GPIO range 8->11 ==> 44e10800.pinmux PIN 90->93
[    0.469348] gpio gpiochip0: (gpio-0-31): created GPIO range 12->27 ==> 44e10800.pinmux PIN 12->27
[    0.469363] gpio gpiochip0: (gpio-0-31): created GPIO range 28->31 ==> 44e10800.pinmux PIN 30->33
[    0.504637] gpio gpiochip0: (gpio-0-31): added GPIO chardev (254:0)
[    0.504891] gpio gpiochip0: registered GPIOs 512 to 543 on gpio-0-31
[    0.504977] OMAP GPIO hardware version 0.1
[    0.531538] i2c i2c-2: using DT '/ocp/interconnect@48000000/segment@100000/target-module@9c000/i2c@0' for 'scl' GPIO lookup
[    0.531612] of_get_named_gpiod_flags: can't parse 'scl-gpios' property of node '/ocp/interconnect@48000000/segment@100000/target-module@9c000/i2c@0[0]'
[    0.531654] of_get_named_gpiod_flags: can't parse 'scl-gpio' property of node '/ocp/interconnect@48000000/segment@100000/target-module@9c000/i2c@0[0]'
[    0.531691] i2c i2c-2: using lookup tables for GPIO lookup
[    0.531701] i2c i2c-2: No GPIO consumer scl found
[    0.531722] i2c i2c-2: using DT '/ocp/interconnect@48000000/segment@100000/target-module@9c000/i2c@0' for 'sda' GPIO lookup
[    0.531758] of_get_named_gpiod_flags: can't parse 'sda-gpios' property of node '/ocp/interconnect@48000000/segment@100000/target-module@9c000/i2c@0[0]'
[    0.531794] of_get_named_gpiod_flags: can't parse 'sda-gpio' property of node '/ocp/interconnect@48000000/segment@100000/target-module@9c000/i2c@0[0]'
[    0.531826] i2c i2c-2: using lookup tables for GPIO lookup
[    0.531834] i2c i2c-2: No GPIO consumer sda found
[    0.532563] omap_i2c 4819c000.i2c: bus 2 rev0.11 at 100 kHz
[    0.538202] gpiochip_find_base_unlocked: found new base at 544
[    0.538313] gpio gpiochip1: (gpio-32-63): created GPIO range 0->17 ==> 44e10800.pinmux PIN 34->51
[    0.538334] gpio gpiochip1: (gpio-32-63): created GPIO range 18->21 ==> 44e10800.pinmux PIN 77->80
[    0.538350] gpio gpiochip1: (gpio-32-63): created GPIO range 22->31 ==> 44e10800.pinmux PIN 56->65
[    0.551672] gpio gpiochip1: (gpio-32-63): added GPIO chardev (254:1)
[    0.551890] gpio gpiochip1: registered GPIOs 544 to 575 on gpio-32-63
[    0.554183] gpiochip_find_base_unlocked: found new base at 576
[    0.554274] gpio gpiochip2: (gpio-64-95): created GPIO range 0->4 ==> 44e10800.pinmux PIN 66->70
[    0.554293] gpio gpiochip2: (gpio-64-95): created GPIO range 5->6 ==> 44e10800.pinmux PIN 98->99
[    0.554309] gpio gpiochip2: (gpio-64-95): created GPIO range 7->8 ==> 44e10800.pinmux PIN 75->76
[    0.554325] gpio gpiochip2: (gpio-64-95): created GPIO range 13->13 ==> 44e10800.pinmux PIN 141->141
[    0.554341] gpio gpiochip2: (gpio-64-95): created GPIO range 14->21 ==> 44e10800.pinmux PIN 100->107
[    0.555007] gpio gpiochip2: (gpio-64-95): added GPIO chardev (254:2)
[    0.555221] gpio gpiochip2: registered GPIOs 576 to 607 on gpio-64-95
[    0.560885] 48000000.interconnect:segment@200000:target-module@0:mpu@0:fck: device ID is greater than 24
[    0.562051] /ocp/interconnect@48000000/segment@300000/target-module@e000/lcdc@0: Fixed dependency cycle(s) with /ocp/interconnect@44c00000/segment@200000/target-module@b000/i2c@0/tda19988@70
[    0.564958] /ocp/interconnect@48000000/segment@300000/target-module@e000/lcdc@0: Fixed dependency cycle(s) with /ocp/interconnect@44c00000/segment@200000/target-module@b000/i2c@0/tda19988@70
[    0.565682] /ocp/interconnect@44c00000/segment@200000/target-module@b000/i2c@0/tda19988@70: Fixed dependency cycle(s) with /ocp/interconnect@48000000/segment@300000/target-module@e000/lcdc@0
[    0.565849] /ocp/interconnect@48000000/segment@300000/target-module@e000/lcdc@0: Fixed dependency cycle(s) with /ocp/interconnect@44c00000/segment@200000/target-module@b000/i2c@0/tda19988@70
[    0.573439] sdhci-omap 481d8000.mmc: using DT '/ocp/interconnect@48000000/segment@100000/target-module@d8000/mmc@0' for 'wp' GPIO lookup
[    0.573506] of_get_named_gpiod_flags: can't parse 'wp-gpios' property of node '/ocp/interconnect@48000000/segment@100000/target-module@d8000/mmc@0[0]'
[    0.573550] of_get_named_gpiod_flags: can't parse 'wp-gpio' property of node '/ocp/interconnect@48000000/segment@100000/target-module@d8000/mmc@0[0]'
[    0.573586] sdhci-omap 481d8000.mmc: using lookup tables for GPIO lookup
[    0.573597] sdhci-omap 481d8000.mmc: No GPIO consumer wp found
[    0.573797] sdhci-omap 481d8000.mmc: supply pbias not found, using dummy regulator
[    0.574285] sdhci-omap 481d8000.mmc: supply vqmmc not found, using dummy regulator
[    0.621150] mdio_bus 4a101000.mdio: using DT '/ocp/interconnect@4a000000/segment@0/target-module@100000/switch@0/mdio@1000' for 'reset' GPIO lookup
[    0.621422] of_get_named_gpiod_flags: can't parse 'reset-gpios' property of node '/ocp/interconnect@4a000000/segment@0/target-module@100000/switch@0/mdio@1000[0]'
[    0.621477] of_get_named_gpiod_flags: can't parse 'reset-gpio' property of node '/ocp/interconnect@4a000000/segment@0/target-module@100000/switch@0/mdio@1000[0]'
[    0.621525] mdio_bus 4a101000.mdio: using lookup tables for GPIO lookup
[    0.621536] mdio_bus 4a101000.mdio: No GPIO consumer reset found
[    0.674688] davinci_mdio 4a101000.mdio: davinci mdio revision 1.6, bus freq 1000000
[    0.696849] mdio_bus 4a101000.mdio:00: using DT '/ocp/interconnect@4a000000/segment@0/target-module@100000/switch@0/mdio@1000/ethernet-phy@0' for 'reset' GPIO lookup
[    0.696942] of_get_named_gpiod_flags: parsed 'reset-gpios' property of node '/ocp/interconnect@4a000000/segment@0/target-module@100000/switch@0/mdio@1000/ethernet-phy@0[0]' - status (0)
[    0.697106] gpio gpiochip0: Persistence not supported for GPIO 8
[    0.836414] davinci_mdio 4a101000.mdio: phy[0]: device 4a101000.mdio:00, driver SMSC LAN8710/LAN8720
[    0.837209] cpsw-switch 4a100000.switch: initialized cpsw ale version 1.4
[    0.837231] cpsw-switch 4a100000.switch: ALE Table size 1024, Policers 0
[    0.837580] cpsw-switch 4a100000.switch: cpts: overflow check period 500 (jiffies)
[    0.837599] cpsw-switch 4a100000.switch: CPTS: ref_clk_freq:250000000 calc_mult:2147483648 calc_shift:29 error:0 nsec/sec
[    0.837700] cpsw-switch 4a100000.switch: Detected MACID = 6c:ec:eb:68:de:78
[    0.839560] cpsw-switch 4a100000.switch: initialized (regs 0x4a100000, pool size 256) hw_ver:0019010C 1.12 (0)
[    0.864902] debugfs: '49000000.dma' already exists in 'dmaengine'
[    0.864947] edma 49000000.dma: TI EDMA DMA engine driver
[    0.915998] gpio-clk clk_mcasp0: using DT '/clk_mcasp0' for 'enable' GPIO lookup
[    0.916080] of_get_named_gpiod_flags: parsed 'enable-gpios' property of node '/clk_mcasp0[0]' - status (0)
[    0.916126] gpio gpiochip0: Persistence not supported for GPIO 27
[    0.916879] gpiochip_find_base_unlocked: found new base at 608
[    0.916993] gpio gpiochip3: (gpio-96-127): created GPIO range 0->7 ==> 44e10800.pinmux PIN 82->89
[    0.917015] gpio gpiochip3: (gpio-96-127): created GPIO range 8->11 ==> 44e10800.pinmux PIN 52->55
[    0.917031] gpio gpiochip3: (gpio-96-127): created GPIO range 12->15 ==> 44e10800.pinmux PIN 94->97
[    0.917046] gpio gpiochip3: (gpio-96-127): created GPIO range 16->17 ==> 44e10800.pinmux PIN 71->72
[    0.917062] gpio gpiochip3: (gpio-96-127): created GPIO range 18->18 ==> 44e10800.pinmux PIN 135->135
[    0.917078] gpio gpiochip3: (gpio-96-127): created GPIO range 19->20 ==> 44e10800.pinmux PIN 108->109
[    0.917095] gpio gpiochip3: (gpio-96-127): created GPIO range 21->21 ==> 44e10800.pinmux PIN 73->73
[    0.917117] gpio gpiochip3: (gpio-96-127): created GPIO range 22->23 ==> 44e10800.pinmux PIN 8->9
[    0.917136] gpio gpiochip3: (gpio-96-127): created GPIO range 26->27 ==> 44e10800.pinmux PIN 10->11
[    0.917154] gpio gpiochip3: (gpio-96-127): created GPIO range 28->28 ==> 44e10800.pinmux PIN 74->74
[    0.917171] gpio gpiochip3: (gpio-96-127): created GPIO range 29->29 ==> 44e10800.pinmux PIN 81->81
[    0.917190] gpio gpiochip3: (gpio-96-127): created GPIO range 30->31 ==> 44e10800.pinmux PIN 28->29
[    0.918214] gpio gpiochip3: (gpio-96-127): added GPIO chardev (254:3)
[    0.918443] gpio gpiochip3: registered GPIOs 608 to 639 on gpio-96-127
[    0.920316] omap8250 44e09000.serial: using DT '/ocp/interconnect@44c00000/segment@200000/target-module@9000/serial@0' for 'rs485-term' GPIO lookup
[    0.920385] of_get_named_gpiod_flags: can't parse 'rs485-term-gpios' property of node '/ocp/interconnect@44c00000/segment@200000/target-module@9000/serial@0[0]'
[    0.920430] of_get_named_gpiod_flags: can't parse 'rs485-term-gpio' property of node '/ocp/interconnect@44c00000/segment@200000/target-module@9000/serial@0[0]'
[    0.920466] omap8250 44e09000.serial: using lookup tables for GPIO lookup
[    0.920476] omap8250 44e09000.serial: No GPIO consumer rs485-term found
[    0.920487] omap8250 44e09000.serial: using DT '/ocp/interconnect@44c00000/segment@200000/target-module@9000/serial@0' for 'rs485-rx-during-tx' GPIO lookup
[    0.920522] of_get_named_gpiod_flags: can't parse 'rs485-rx-during-tx-gpios' property of node '/ocp/interconnect@44c00000/segment@200000/target-module@9000/serial@0[0]'
[    0.920559] of_get_named_gpiod_flags: can't parse 'rs485-rx-during-tx-gpio' property of node '/ocp/interconnect@44c00000/segment@200000/target-module@9000/serial@0[0]'
[    0.920591] omap8250 44e09000.serial: using lookup tables for GPIO lookup
[    0.920599] omap8250 44e09000.serial: No GPIO consumer rs485-rx-during-tx found
[    0.921042] 44e09000.serial: ttyS0 at MMIO 0x44e09000 (irq = 34, base_baud = 3000000) is a 8250
[    0.921162] printk: legacy console [ttyS0] enabled
[    2.423274] i2c i2c-0: using DT '/ocp/interconnect@44c00000/segment@200000/target-module@b000/i2c@0' for 'scl' GPIO lookup
[    2.423360] of_get_named_gpiod_flags: can't parse 'scl-gpios' property of node '/ocp/interconnect@44c00000/segment@200000/target-module@b000/i2c@0[0]'
[    2.423406] of_get_named_gpiod_flags: can't parse 'scl-gpio' property of node '/ocp/interconnect@44c00000/segment@200000/target-module@b000/i2c@0[0]'
[    2.423447] i2c i2c-0: using lookup tables for GPIO lookup
[    2.423461] i2c i2c-0: No GPIO consumer scl found
[    2.423487] i2c i2c-0: using DT '/ocp/interconnect@44c00000/segment@200000/target-module@b000/i2c@0' for 'sda' GPIO lookup
[    2.423528] of_get_named_gpiod_flags: can't parse 'sda-gpios' property of node '/ocp/interconnect@44c00000/segment@200000/target-module@b000/i2c@0[0]'
[    2.423570] of_get_named_gpiod_flags: can't parse 'sda-gpio' property of node '/ocp/interconnect@44c00000/segment@200000/target-module@b000/i2c@0[0]'
[    2.423605] i2c i2c-0: using lookup tables for GPIO lookup
[    2.423617] i2c i2c-0: No GPIO consumer sda found
[    2.442178] tps65217-pmic: Failed to locate of_node [id: -1]
[    2.448226] tps65217-bl: Failed to locate of_node [id: -1]
[    2.454293] platform tps65217-charger: DMA mask not set
[    2.460321] platform tps65217-pwrbutton: DMA mask not set
[    2.467594] tps65217 0-0024: TPS65217 ID 0xe version 1.2
[    2.473718] /ocp/interconnect@48000000/segment@300000/target-module@e000/lcdc@0: Fixed dependency cycle(s) with /ocp/interconnect@44c00000/segment@200000/target-module@b000/i2c@0/tda19988@70
[    2.491109] /ocp/interconnect@44c00000/segment@200000/target-module@b000/i2c@0/tda19988@70: Fixed dependency cycle(s) with /ocp/interconnect@48000000/segment@300000/target-module@e000/lcdc@0
[    2.508495] omap_i2c 44e0b000.i2c: bus 0 rev0.11 at 400 kHz
[    2.516183] sdhci-omap 48060000.mmc: using DT '/ocp/interconnect@48000000/segment@0/target-module@60000/mmc@0' for 'cd' GPIO lookup
[    2.516289] of_get_named_gpiod_flags: parsed 'cd-gpios' property of node '/ocp/interconnect@48000000/segment@0/target-module@60000/mmc@0[0]' - status (0)
[    2.516358] gpio gpiochip3: Persistence not supported for GPIO 6
[    2.516390] omap_gpio 44e07000.gpio: Could not set line 6 debounce to 200000 microseconds (-22)
[    2.525303] sdhci-omap 48060000.mmc: Got CD GPIO
[    2.529956] sdhci-omap 48060000.mmc: using DT '/ocp/interconnect@48000000/segment@0/target-module@60000/mmc@0' for 'wp' GPIO lookup
[    2.530008] of_get_named_gpiod_flags: can't parse 'wp-gpios' property of node '/ocp/interconnect@48000000/segment@0/target-module@60000/mmc@0[0]'
[    2.530054] of_get_named_gpiod_flags: can't parse 'wp-gpio' property of node '/ocp/interconnect@48000000/segment@0/target-module@60000/mmc@0[0]'
[    2.530093] sdhci-omap 48060000.mmc: using lookup tables for GPIO lookup
[    2.530109] sdhci-omap 48060000.mmc: No GPIO consumer wp found
[    2.530325] sdhci-omap 48060000.mmc: supply pbias not found, using dummy regulator
[    2.539261] sdhci-omap 481d8000.mmc: using DT '/ocp/interconnect@48000000/segment@100000/target-module@d8000/mmc@0' for 'wp' GPIO lookup
[    2.539337] of_get_named_gpiod_flags: can't parse 'wp-gpios' property of node '/ocp/interconnect@48000000/segment@100000/target-module@d8000/mmc@0[0]'
[    2.539386] of_get_named_gpiod_flags: can't parse 'wp-gpio' property of node '/ocp/interconnect@48000000/segment@100000/target-module@d8000/mmc@0[0]'
[    2.539425] sdhci-omap 481d8000.mmc: using lookup tables for GPIO lookup
[    2.539440] sdhci-omap 481d8000.mmc: No GPIO consumer wp found
[    2.540532] sdhci-omap 48060000.mmc: supply vqmmc not found, using dummy regulator
[    2.549693] sdhci-omap 481d8000.mmc: supply pbias not found, using dummy regulator
[    2.559553] sdhci-omap 481d8000.mmc: supply vqmmc not found, using dummy regulator
[    2.594926] mmc0: SDHCI controller on 48060000.mmc [48060000.mmc] using External DMA
[    2.603161] mmc1: SDHCI controller on 481d8000.mmc [481d8000.mmc] using External DMA
[    2.611995] cpsw-switch 4a100000.switch: starting ndev. mode: dual_mac
[    2.681497] mmc1: new high speed MMC card at address 0001
[    2.688330] mmcblk1: mmc1:0001 MMC04G 3.60 GiB
[    2.696215]  mmcblk1: p1 p2
[    2.699945] SMSC LAN8710/LAN8720 4a101000.mdio:00: attached PHY driver (mii_bus:phy_addr=4a101000.mdio:00, irq=POLL)
[    2.712539] mmcblk1boot0: mmc1:0001 MMC04G 2.00 MiB
[    2.726390] mmcblk1boot1: mmc1:0001 MMC04G 2.00 MiB
[    2.735076] mmcblk1rpmb: mmc1:0001 MMC04G 128 KiB, chardev (249:0)
[    2.784726] mmc0: new high speed SDHC card at address aaaa
[    2.791689] mmcblk0: mmc0:aaaa SE32G 29.7 GiB
[    2.800761]  mmcblk0: p1 p2
[    5.841994] cpsw-switch 4a100000.switch eth0: Link is Up - 100Mbps/Full - flow control off
[    5.881455] IP-Config: Complete:
[    5.884731]      device=eth0, hwaddr=6c:ec:eb:68:de:78, ipaddr=192.168.255.1, mask=255.255.255.0, gw=255.255.255.255
[    5.895402]      host=bbb1, domain=, nis-domain=(none)
[    5.900571]      bootserver=192.168.255.126, rootserver=192.168.255.126, rootpath=
[    5.901005] clk: Disabling unused clocks
[    5.912844] PM: genpd: Disabling unused power domains
[    5.918010] KTAP version 1
[    5.920734] 1..0
[    5.923277] check access for rdinit=/init failed: -2, ignoring
[    5.955927] VFS: Mounted root (nfs filesystem) on device 0:17.
[    5.963137] devtmpfs: mounted
[    5.967610] Freeing unused kernel image (initmem) memory: 1024K
[    5.974449] Run /sbin/init as init process
[    5.978580]   with arguments:
[    5.978592]     /sbin/init
[    5.978601]     nfsrootdebug
[    5.978611]   with environment:
[    5.978619]     HOME=/
[    5.978628]     TERM=linux
[    6.660963] systemd[1]: System time before build time, advancing clock.
[    8.191240] random: crng init done
[    8.204058] systemd[1]: systemd 232 running in system mode. (+PAM +AUDIT +SELINUX +IMA +APPARMOR +SMACK +SYSVINIT +UTMP +LIBCRYPTSETUP +GCRYPT +GNUTLS +ACL +XZ +LZ4 +SECCOMP +BLKID +ELFUTILS +KMOD +IDN)
[    8.223203] systemd[1]: Detected architecture arm.
[    8.254366] systemd[1]: Set hostname to <arm>.
[    9.389446] systemd[1]: syslog.socket: SO_PASSSEC failed: Operation not supported
[    9.397474] systemd[1]: Listening on Syslog Socket.
[    9.423165] systemd[1]: Listening on /dev/initctl Compatibility Named Pipe.
[    9.451895] systemd[1]: systemd-journald-dev-log.socket: SO_PASSSEC failed: Operation not supported
[    9.461444] systemd[1]: Listening on Journal Socket (/dev/log).
[    9.492659] systemd[1]: Created slice User and Session Slice.
[    9.521877] systemd[1]: systemd-journald.socket: SO_PASSSEC failed: Operation not supported
[   11.834619] systemd-journald[85]: Received request to flush runtime journal from PID 1
[   12.641724] omap_prm 44e00d00.prm: sync_state() pending due to 44d00000.cpu
[   19.341059] omap_rtc 44e3e000.rtc: registered as rtc0
[   19.346421] omap_rtc 44e3e000.rtc: setting system clock to 2000-01-01T00:00:00 UTC (946684800)
[   19.355203] omap_rtc 44e3e000.rtc: using DT '/ocp/interconnect@44c00000/segment@200000/target-module@3e000/rtc@0' for 'wp' GPIO lookup
[   19.355281] of_get_named_gpiod_flags: can't parse 'wp-gpios' property of node '/ocp/interconnect@44c00000/segment@200000/target-module@3e000/rtc@0[0]'
[   19.355333] of_get_named_gpiod_flags: can't parse 'wp-gpio' property of node '/ocp/interconnect@44c00000/segment@200000/target-module@3e000/rtc@0[0]'
[   19.355373] omap_rtc 44e3e000.rtc: using lookup tables for GPIO lookup
[   19.355388] omap_rtc 44e3e000.rtc: No GPIO consumer wp found
[   19.597360] PM: Cannot get wkup_m3_ipc handle
[   21.498280] Bluetooth: Core ver 2.22
[   21.502339] NET: Registered PF_BLUETOOTH protocol family
[   21.507691] Bluetooth: HCI device and connection manager initialized
[   21.514206] Bluetooth: HCI socket layer initialized
[   21.519122] Bluetooth: L2CAP socket layer initialized
[   21.524269] Bluetooth: SCO socket layer initialized
[   22.212434] ------------[ cut here ]------------
[   22.217129] WARNING: net/8021q/vlan_core.c:236 at vlan_for_each+0x114/0x134, CPU#0: avahi-daemon/312
[   22.226441] RTNL: assertion failed at net/8021q/vlan_core.c (236)
[   22.232638] Modules linked in: bluetooth ecdh_generic ecc libaes pm33xx rtc_omap wkup_m3_ipc ti_emif_sram cpufreq_dt autofs4
[   22.244022] CPU: 0 UID: 107 PID: 312 Comm: avahi-daemon Not tainted 6.18.0-rc2-next-20251022 #1 NONE 
[   22.244039] Hardware name: Generic AM33XX (Flattened Device Tree)
[   22.244048] Call trace: 
[   22.244064]  unwind_backtrace from show_stack+0x10/0x14
[   22.244101]  show_stack from dump_stack_lvl+0x50/0x64
[   22.244126]  dump_stack_lvl from __warn+0x88/0x148
[   22.244144]  __warn from warn_slowpath_fmt+0x19c/0x1b0
[   22.244157]  warn_slowpath_fmt from vlan_for_each+0x114/0x134
[   22.244179]  vlan_for_each from cpsw_add_mc_addr+0x40/0xa4
[   22.244203]  cpsw_add_mc_addr from __hw_addr_ref_sync_dev+0x108/0x140
[   22.244233]  __hw_addr_ref_sync_dev from __dev_mc_add+0x7c/0x80
[   22.244256]  __dev_mc_add from igmp6_group_added+0xc8/0xe0
[   22.244284]  igmp6_group_added from __ipv6_dev_mc_inc+0x218/0x364
[   22.244303]  __ipv6_dev_mc_inc from __ipv6_sock_mc_join+0x11c/0x1c0
[   22.244321]  __ipv6_sock_mc_join from do_ipv6_setsockopt+0x1214/0x1310
[   22.244352]  do_ipv6_setsockopt from ipv6_setsockopt+0x60/0xcc
[   22.244374]  ipv6_setsockopt from udpv6_setsockopt+0x2c/0x6c
[   22.244397]  udpv6_setsockopt from sock_common_setsockopt+0x30/0x40
[   22.244431]  sock_common_setsockopt from do_sock_setsockopt+0x50/0x9c
[   22.244453]  do_sock_setsockopt from __sys_setsockopt+0x70/0xbc
[   22.244471]  __sys_setsockopt from ret_fast_syscall+0x0/0x58
[   22.244488] Exception stack(0xe014dfa8 to 0xe014dff0)
[   22.244502] dfa0:                   00000014 b6fa5ce8 0000000d 00000029 00000014 beeb29ec
[   22.244514] dfc0: 00000014 b6fa5ce8 00000014 00000126 0000000d b6f4eff4 004ee988 004d6558
[   22.244523] dfe0: b6f64088 beeb29d8 b6f41309 b6e1841a
[   22.244531] ---[ end trace 0000000000000000 ]---
[   23.964524] userial_init: registered 8 ttyGS* devices
[   24.227072] rndis_register: configNr = 0
BJZZVKGMKJ 0
root@arm:~# echo 'VZMB''GFPWHY'
VZMBGFPWHY
root@arm:~# MARKER='AGGF''OYCNZQ' run 'modprobe test_linear_ranges'
AGGFOYCNZQAGGFOYCNZQ 0
root@arm:~# echo 'LOZX''OGHCWV'
LOZXOGHCWV
root@arm:~# MARKER='QKSA''BHFEGO' run dmesg
QKSABHFEGO[    0.000000] Booting Linux on physical CPU 0x0
[    0.000000] Linux version 6.18.0-rc2-next-20251022 (user01@drvtest01) (arm-none-eabi-gcc (Arm GNU Toolchain 14.2.Rel1 (Build arm-14.52)) 14.2.1 20241119, GNU ld (Arm GNU Toolchain 14.2.Rel1 (Build arm-14.52)) 2.43.1.20241119) #1 SMP Wed Oct 22 07:09:06 EEST 2025
[    0.000000] CPU: ARMv7 Processor [413fc082] revision 2 (ARMv7), cr=10c5387d
[    0.000000] CPU: PIPT / VIPT nonaliasing data cache, VIPT aliasing instruction cache
[    0.000000] OF: fdt: Machine model: TI AM335x BeagleBone Black
[    0.000000] Memory policy: Data cache writeback
[    0.000000] cma: Reserved 16 MiB at 0x9e800000
[    0.000000] Zone ranges:
[    0.000000]   Normal   [mem 0x0000000080000000-0x000000009fdfffff]
[    0.000000]   HighMem  empty
[    0.000000] Movable zone start for each node
[    0.000000] Early memory node ranges
[    0.000000]   node   0: [mem 0x0000000080000000-0x000000009fdfffff]
[    0.000000] Initmem setup node 0 [mem 0x0000000080000000-0x000000009fdfffff]
[    0.000000] On node 0, zone Normal: 512 pages in unavailable ranges
[    0.000000] OF: reserved mem: Reserved memory: No reserved-memory node in the DT
[    0.000000] CPU: All CPU(s) started in SVC mode.
[    0.000000] AM335X ES2.1 (sgx neon)
[    0.000000] percpu: Embedded 17 pages/cpu s40012 r8192 d21428 u69632
[    0.000000] pcpu-alloc: s40012 r8192 d21428 u69632 alloc=17*4096
[    0.000000] pcpu-alloc: [0] 0 
[    0.000000] Kernel command line: console=ttyO0,115200n8 root=/dev/nfs rw nfsroot=192.168.255.126:/home/user01/nfs,nfsvers=3 ip=192.168.255.1:192.168.255.126::255.255.255.0:bbb1:eth0 nfsrootdebug
[    0.000000] Unknown kernel command line parameters "nfsrootdebug", will be passed to user space.
[    0.000000] printk: log buffer data + meta data: 65536 + 204800 = 270336 bytes
[    0.000000] Dentry cache hash table entries: 65536 (order: 6, 262144 bytes, linear)
[    0.000000] Inode-cache hash table entries: 32768 (order: 5, 131072 bytes, linear)
[    0.000000] Built 1 zonelists, mobility grouping on.  Total pages: 130560
[    0.000000] mem auto-init: stack:off, heap alloc:off, heap free:off
[    0.000000] SLUB: HWalign=16, Order=0-3, MinObjects=0, CPUs=1, Nodes=1
[    0.000000] rcu: Hierarchical RCU implementation.
[    0.000000] rcu: 	RCU event tracing is enabled.
[    0.000000] rcu: 	RCU restricting CPUs from NR_CPUS=2 to nr_cpu_ids=1.
[    0.000000] 	Tracing variant of Tasks RCU enabled.
[    0.000000] rcu: RCU calculated value of scheduler-enlistment delay is 10 jiffies.
[    0.000000] rcu: Adjusting geometry for rcu_fanout_leaf=16, nr_cpu_ids=1
[    0.000000] RCU Tasks Trace: Setting shift to 0 and lim to 1 rcu_task_cb_adjust=1 rcu_task_cpu_ids=1.
[    0.000000] NR_IRQS: 16, nr_irqs: 16, preallocated irqs: 16
[    0.000000] IRQ: Found an INTC at 0x(ptrval) (revision 5.0) with 128 interrupts
[    0.000000] rcu: srcu_init: Setting srcu_struct sizes based on contention.
[    0.000000] TI gptimer clocksource: always-on /ocp/interconnect@44c00000/segment@200000/target-module@31000
[    0.000002] sched_clock: 32 bits at 24MHz, resolution 41ns, wraps every 89478484971ns
[    0.000026] clocksource: dmtimer: mask: 0xffffffff max_cycles: 0xffffffff, max_idle_ns: 79635851949 ns
[    0.000495] TI gptimer clockevent: 24000000 Hz at /ocp/interconnect@48000000/segment@0/target-module@40000
[    0.002079] Console: colour dummy device 80x30
[    0.002148] WARNING: Your 'console=ttyO0' has been replaced by 'ttyS0'
[    0.002157] This ensures that you still see kernel messages. Please
[    0.002161] update your kernel commandline.
[    0.002203] Calibrating delay loop... 996.14 BogoMIPS (lpj=4980736)
[    0.090607] CPU: Testing write buffer coherency: ok
[    0.090693] CPU0: Spectre v2: using BPIALL workaround
[    0.090705] pid_max: default: 32768 minimum: 301
[    0.090879] LSM: initializing lsm=capability
[    0.091038] Mount-cache hash table entries: 1024 (order: 0, 4096 bytes, linear)
[    0.091058] Mountpoint-cache hash table entries: 1024 (order: 0, 4096 bytes, linear)
[    0.092640] CPU0: thread -1, cpu 0, socket -1, mpidr 0
[    0.092696] cacheinfo: Unable to detect cache hierarchy for CPU 0
[    0.094744] Setting up static identity map for 0x80100000 - 0x80100078
[    0.095059] rcu: Hierarchical SRCU implementation.
[    0.095069] rcu: 	Max phase no-delay instances is 1000.
[    0.096771] smp: Bringing up secondary CPUs ...
[    0.096825] smp: Brought up 1 node, 1 CPU
[    0.096839] SMP: Total of 1 processors activated (996.14 BogoMIPS).
[    0.096849] CPU: All CPU(s) started in SVC mode.
[    0.097047] Memory: 480864K/522240K available (11264K kernel code, 1226K rwdata, 2952K rodata, 1024K init, 256K bss, 23336K reserved, 16384K cma-reserved, 0K highmem)
[    0.097869] devtmpfs: initialized
[    0.115368] VFP support v0.3: implementor 41 architecture 3 part 30 variant c rev 3
[    0.116038] clocksource: jiffies: mask: 0xffffffff max_cycles: 0xffffffff, max_idle_ns: 19112604462750000 ns
[    0.116098] posixtimers hash table entries: 512 (order: 0, 4096 bytes, linear)
[    0.116125] futex hash table entries: 256 (16384 bytes on 1 NUMA nodes, total 16 KiB, linear).
[    0.119333] NET: Registered PF_NETLINK/PF_ROUTE protocol family
[    0.122435] DMA: preallocated 256 KiB pool for atomic coherent allocations
[    0.123044] audit: initializing netlink subsys (disabled)
[    0.124403] thermal_sys: Registered thermal governor 'fair_share'
[    0.124417] thermal_sys: Registered thermal governor 'step_wise'
[    0.124425] thermal_sys: Registered thermal governor 'user_space'
[    0.124532] audit: type=2000 audit(0.120:1): state=initialized audit_enabled=0 res=1
[    0.124601] cpuidle: using governor menu
[    0.142669] /ocp/interconnect@44c00000/segment@200000/target-module@b000/i2c@0/tda19988@70: Fixed dependency cycle(s) with /ocp/interconnect@48000000/segment@300000/target-module@e000/lcdc@0
[    0.143760] /ocp/interconnect@48000000/segment@300000/target-module@e000/lcdc@0: Fixed dependency cycle(s) with /ocp/interconnect@44c00000/segment@200000/target-module@b000/i2c@0/tda19988@70
[    0.145950] No ATAGs?
[    0.145987] hw-breakpoint: debug architecture 0x4 unsupported.
[    0.149076] kprobes: kprobe jump-optimization is enabled. All kprobes are optimized if possible.
[    0.153809] iommu: Default domain type: Translated
[    0.153833] iommu: DMA domain TLB invalidation policy: strict mode
[    0.155402] reg-fixed-voltage fixedregulator0: using DT '/fixedregulator0' for '(default)' GPIO lookup
[    0.155455] of_get_named_gpiod_flags: can't parse 'gpios' property of node '/fixedregulator0[0]'
[    0.155484] of_get_named_gpiod_flags: can't parse 'gpio' property of node '/fixedregulator0[0]'
[    0.155503] reg-fixed-voltage fixedregulator0: using lookup tables for GPIO lookup
[    0.155514] reg-fixed-voltage fixedregulator0: No GPIO consumer (default) found
[    0.161671] SCSI subsystem initialized
[    0.162159] libata version 3.00 loaded.
[    0.162547] pps_core: LinuxPPS API ver. 1 registered
[    0.162558] pps_core: Software ver. 5.3.6 - Copyright 2005-2007 Rodolfo Giometti <giometti@linux.it>
[    0.162581] PTP clock support registered
[    0.170845] vgaarb: loaded
[    0.171222] clocksource: Switched to clocksource dmtimer
[    0.171905] VFS: Disk quotas dquot_6.6.0
[    0.171967] VFS: Dquot-cache hash table entries: 1024 (order 0, 4096 bytes)
[    0.195782] NET: Registered PF_INET protocol family
[    0.196119] IP idents hash table entries: 8192 (order: 4, 65536 bytes, linear)
[    0.197561] tcp_listen_portaddr_hash hash table entries: 512 (order: 0, 4096 bytes, linear)
[    0.197597] Table-perturb hash table entries: 65536 (order: 6, 262144 bytes, linear)
[    0.197616] TCP established hash table entries: 4096 (order: 2, 16384 bytes, linear)
[    0.197660] TCP bind hash table entries: 4096 (order: 4, 65536 bytes, linear)
[    0.197760] TCP: Hash tables configured (established 4096 bind 4096)
[    0.197876] UDP hash table entries: 256 (order: 1, 14336 bytes, linear)
[    0.197910] UDP-Lite hash table entries: 256 (order: 1, 14336 bytes, linear)
[    0.198105] NET: Registered PF_UNIX/PF_LOCAL protocol family
[    0.202238] RPC: Registered named UNIX socket transport module.
[    0.202261] RPC: Registered udp transport module.
[    0.202266] RPC: Registered tcp transport module.
[    0.202271] RPC: Registered tcp-with-tls transport module.
[    0.202276] RPC: Registered tcp NFSv4.1 backchannel transport module.
[    0.202300] PCI: CLS 0 bytes, default 64
[    0.203713] Initialise system trusted keyrings
[    0.211925] workingset: timestamp_bits=14 max_order=17 bucket_order=3
[    0.213370] NFS: Registering the id_resolver key type
[    0.213426] Key type id_resolver registered
[    0.213434] Key type id_legacy registered
[    0.213548] jffs2: version 2.2. (NAND) (SUMMARY)  Â© 2001-2006 Red Hat, Inc.
[    0.214015] Key type asymmetric registered
[    0.214030] Asymmetric key parser 'x509' registered
[    0.214106] io scheduler mq-deadline registered
[    0.214117] io scheduler kyber registered
[    0.214199] io scheduler bfq registered
[    0.216071] target-module@4b000000:target-module@140000:pmu@0:fck: device ID is greater than 24
[    0.221453] ledtrig-cpu: registered to indicate activity on CPUs
[    0.231699] Serial: 8250/16550 driver, 6 ports, IRQ sharing enabled
[    0.279026] brd: module loaded
[    0.287860] loop: module loaded
[    0.288800] mtdoops: mtd device (mtddev=name/number) must be supplied
[    0.290349] mdio_bus fixed-0: using lookup tables for GPIO lookup
[    0.290372] mdio_bus fixed-0: No GPIO consumer reset found
[    0.291966] i2c_dev: i2c /dev entries driver
[    0.292994] cpuidle: enable-method property 'ti,am3352' found operations
[    0.293435] sdhci: Secure Digital Host Controller Interface driver
[    0.293445] sdhci: Copyright(c) Pierre Ossman
[    0.293633] sdhci-pltfm: SDHCI platform and OF driver helper
[    0.301579] hw perfevents: enabled with armv7_cortex_a8 PMU driver, 5 (8000000f) counters available
[    0.302132] Initializing XFRM netlink socket
[    0.302301] NET: Registered PF_INET6 protocol family
[    0.304331] Segment Routing with IPv6
[    0.304412] In-situ OAM (IOAM) with IPv6
[    0.304510] sit: IPv6, IPv4 and MPLS over IPv4 tunneling driver
[    0.305483] NET: Registered PF_PACKET protocol family
[    0.305512] NET: Registered PF_KEY protocol family
[    0.305642] Key type dns_resolver registered
[    0.305865] ThumbEE CPU extension supported.
[    0.305885] Registering SWP/SWPB emulation handler
[    0.306413] omap_voltage_late_init: Voltage driver support not added
[    0.307069] SmartReflex Class3 initialized
[    0.344177] Loading compiled-in X.509 certificates
[    0.397300] /ocp/interconnect@44c00000/segment@200000/target-module@b000/i2c@0/tda19988@70: Fixed dependency cycle(s) with /ocp/interconnect@48000000/segment@300000/target-module@e000/lcdc@0
[    0.403865] /ocp/interconnect@44c00000/segment@200000/target-module@b000/i2c@0/tda19988@70: Fixed dependency cycle(s) with /ocp/interconnect@48000000/segment@300000/target-module@e000/lcdc@0
[    0.409338] gpiochip_find_base_unlocked: found new base at 512
[    0.424324] /ocp/interconnect@44c00000/segment@200000/target-module@b000/i2c@0/tda19988@70: Fixed dependency cycle(s) with /ocp/interconnect@48000000/segment@300000/target-module@e000/lcdc@0
[    0.425205] /ocp/interconnect@44c00000/segment@200000/target-module@b000/i2c@0/tda19988@70: Fixed dependency cycle(s) with /ocp/interconnect@48000000/segment@300000/target-module@e000/lcdc@0
[    0.428698] /ocp/interconnect@44c00000/segment@200000/target-module@10000/scm@0/pinmux@800: Fixed dependency cycle(s) with /ocp/interconnect@44c00000/segment@200000/target-module@10000/scm@0/pinmux@800/clkout2-pins
[    0.429296] pinctrl-single 44e10800.pinmux: 142 pins, size 568
[    0.435063] ti-sysc 44e31000.target-module: probe with driver ti-sysc failed with error -16
[    0.449025] /ocp/interconnect@48000000/segment@300000/target-module@e000/lcdc@0: Fixed dependency cycle(s) with /ocp/interconnect@44c00000/segment@200000/target-module@b000/i2c@0/tda19988@70
[    0.457465] ti-sysc 48040000.target-module: probe with driver ti-sysc failed with error -16
[    0.469200] gpiochip_find_base_unlocked: found new base at 512
[    0.469312] gpio gpiochip0: (gpio-0-31): created GPIO range 0->7 ==> 44e10800.pinmux PIN 0->7
[    0.469332] gpio gpiochip0: (gpio-0-31): created GPIO range 8->11 ==> 44e10800.pinmux PIN 90->93
[    0.469348] gpio gpiochip0: (gpio-0-31): created GPIO range 12->27 ==> 44e10800.pinmux PIN 12->27
[    0.469363] gpio gpiochip0: (gpio-0-31): created GPIO range 28->31 ==> 44e10800.pinmux PIN 30->33
[    0.504637] gpio gpiochip0: (gpio-0-31): added GPIO chardev (254:0)
[    0.504891] gpio gpiochip0: registered GPIOs 512 to 543 on gpio-0-31
[    0.504977] OMAP GPIO hardware version 0.1
[    0.531538] i2c i2c-2: using DT '/ocp/interconnect@48000000/segment@100000/target-module@9c000/i2c@0' for 'scl' GPIO lookup
[    0.531612] of_get_named_gpiod_flags: can't parse 'scl-gpios' property of node '/ocp/interconnect@48000000/segment@100000/target-module@9c000/i2c@0[0]'
[    0.531654] of_get_named_gpiod_flags: can't parse 'scl-gpio' property of node '/ocp/interconnect@48000000/segment@100000/target-module@9c000/i2c@0[0]'
[    0.531691] i2c i2c-2: using lookup tables for GPIO lookup
[    0.531701] i2c i2c-2: No GPIO consumer scl found
[    0.531722] i2c i2c-2: using DT '/ocp/interconnect@48000000/segment@100000/target-module@9c000/i2c@0' for 'sda' GPIO lookup
[    0.531758] of_get_named_gpiod_flags: can't parse 'sda-gpios' property of node '/ocp/interconnect@48000000/segment@100000/target-module@9c000/i2c@0[0]'
[    0.531794] of_get_named_gpiod_flags: can't parse 'sda-gpio' property of node '/ocp/interconnect@48000000/segment@100000/target-module@9c000/i2c@0[0]'
[    0.531826] i2c i2c-2: using lookup tables for GPIO lookup
[    0.531834] i2c i2c-2: No GPIO consumer sda found
[    0.532563] omap_i2c 4819c000.i2c: bus 2 rev0.11 at 100 kHz
[    0.538202] gpiochip_find_base_unlocked: found new base at 544
[    0.538313] gpio gpiochip1: (gpio-32-63): created GPIO range 0->17 ==> 44e10800.pinmux PIN 34->51
[    0.538334] gpio gpiochip1: (gpio-32-63): created GPIO range 18->21 ==> 44e10800.pinmux PIN 77->80
[    0.538350] gpio gpiochip1: (gpio-32-63): created GPIO range 22->31 ==> 44e10800.pinmux PIN 56->65
[    0.551672] gpio gpiochip1: (gpio-32-63): added GPIO chardev (254:1)
[    0.551890] gpio gpiochip1: registered GPIOs 544 to 575 on gpio-32-63
[    0.554183] gpiochip_find_base_unlocked: found new base at 576
[    0.554274] gpio gpiochip2: (gpio-64-95): created GPIO range 0->4 ==> 44e10800.pinmux PIN 66->70
[    0.554293] gpio gpiochip2: (gpio-64-95): created GPIO range 5->6 ==> 44e10800.pinmux PIN 98->99
[    0.554309] gpio gpiochip2: (gpio-64-95): created GPIO range 7->8 ==> 44e10800.pinmux PIN 75->76
[    0.554325] gpio gpiochip2: (gpio-64-95): created GPIO range 13->13 ==> 44e10800.pinmux PIN 141->141
[    0.554341] gpio gpiochip2: (gpio-64-95): created GPIO range 14->21 ==> 44e10800.pinmux PIN 100->107
[    0.555007] gpio gpiochip2: (gpio-64-95): added GPIO chardev (254:2)
[    0.555221] gpio gpiochip2: registered GPIOs 576 to 607 on gpio-64-95
[    0.560885] 48000000.interconnect:segment@200000:target-module@0:mpu@0:fck: device ID is greater than 24
[    0.562051] /ocp/interconnect@48000000/segment@300000/target-module@e000/lcdc@0: Fixed dependency cycle(s) with /ocp/interconnect@44c00000/segment@200000/target-module@b000/i2c@0/tda19988@70
[    0.564958] /ocp/interconnect@48000000/segment@300000/target-module@e000/lcdc@0: Fixed dependency cycle(s) with /ocp/interconnect@44c00000/segment@200000/target-module@b000/i2c@0/tda19988@70
[    0.565682] /ocp/interconnect@44c00000/segment@200000/target-module@b000/i2c@0/tda19988@70: Fixed dependency cycle(s) with /ocp/interconnect@48000000/segment@300000/target-module@e000/lcdc@0
[    0.565849] /ocp/interconnect@48000000/segment@300000/target-module@e000/lcdc@0: Fixed dependency cycle(s) with /ocp/interconnect@44c00000/segment@200000/target-module@b000/i2c@0/tda19988@70
[    0.573439] sdhci-omap 481d8000.mmc: using DT '/ocp/interconnect@48000000/segment@100000/target-module@d8000/mmc@0' for 'wp' GPIO lookup
[    0.573506] of_get_named_gpiod_flags: can't parse 'wp-gpios' property of node '/ocp/interconnect@48000000/segment@100000/target-module@d8000/mmc@0[0]'
[    0.573550] of_get_named_gpiod_flags: can't parse 'wp-gpio' property of node '/ocp/interconnect@48000000/segment@100000/target-module@d8000/mmc@0[0]'
[    0.573586] sdhci-omap 481d8000.mmc: using lookup tables for GPIO lookup
[    0.573597] sdhci-omap 481d8000.mmc: No GPIO consumer wp found
[    0.573797] sdhci-omap 481d8000.mmc: supply pbias not found, using dummy regulator
[    0.574285] sdhci-omap 481d8000.mmc: supply vqmmc not found, using dummy regulator
[    0.621150] mdio_bus 4a101000.mdio: using DT '/ocp/interconnect@4a000000/segment@0/target-module@100000/switch@0/mdio@1000' for 'reset' GPIO lookup
[    0.621422] of_get_named_gpiod_flags: can't parse 'reset-gpios' property of node '/ocp/interconnect@4a000000/segment@0/target-module@100000/switch@0/mdio@1000[0]'
[    0.621477] of_get_named_gpiod_flags: can't parse 'reset-gpio' property of node '/ocp/interconnect@4a000000/segment@0/target-module@100000/switch@0/mdio@1000[0]'
[    0.621525] mdio_bus 4a101000.mdio: using lookup tables for GPIO lookup
[    0.621536] mdio_bus 4a101000.mdio: No GPIO consumer reset found
[    0.674688] davinci_mdio 4a101000.mdio: davinci mdio revision 1.6, bus freq 1000000
[    0.696849] mdio_bus 4a101000.mdio:00: using DT '/ocp/interconnect@4a000000/segment@0/target-module@100000/switch@0/mdio@1000/ethernet-phy@0' for 'reset' GPIO lookup
[    0.696942] of_get_named_gpiod_flags: parsed 'reset-gpios' property of node '/ocp/interconnect@4a000000/segment@0/target-module@100000/switch@0/mdio@1000/ethernet-phy@0[0]' - status (0)
[    0.697106] gpio gpiochip0: Persistence not supported for GPIO 8
[    0.836414] davinci_mdio 4a101000.mdio: phy[0]: device 4a101000.mdio:00, driver SMSC LAN8710/LAN8720
[    0.837209] cpsw-switch 4a100000.switch: initialized cpsw ale version 1.4
[    0.837231] cpsw-switch 4a100000.switch: ALE Table size 1024, Policers 0
[    0.837580] cpsw-switch 4a100000.switch: cpts: overflow check period 500 (jiffies)
[    0.837599] cpsw-switch 4a100000.switch: CPTS: ref_clk_freq:250000000 calc_mult:2147483648 calc_shift:29 error:0 nsec/sec
[    0.837700] cpsw-switch 4a100000.switch: Detected MACID = 6c:ec:eb:68:de:78
[    0.839560] cpsw-switch 4a100000.switch: initialized (regs 0x4a100000, pool size 256) hw_ver:0019010C 1.12 (0)
[    0.864902] debugfs: '49000000.dma' already exists in 'dmaengine'
[    0.864947] edma 49000000.dma: TI EDMA DMA engine driver
[    0.915998] gpio-clk clk_mcasp0: using DT '/clk_mcasp0' for 'enable' GPIO lookup
[    0.916080] of_get_named_gpiod_flags: parsed 'enable-gpios' property of node '/clk_mcasp0[0]' - status (0)
[    0.916126] gpio gpiochip0: Persistence not supported for GPIO 27
[    0.916879] gpiochip_find_base_unlocked: found new base at 608
[    0.916993] gpio gpiochip3: (gpio-96-127): created GPIO range 0->7 ==> 44e10800.pinmux PIN 82->89
[    0.917015] gpio gpiochip3: (gpio-96-127): created GPIO range 8->11 ==> 44e10800.pinmux PIN 52->55
[    0.917031] gpio gpiochip3: (gpio-96-127): created GPIO range 12->15 ==> 44e10800.pinmux PIN 94->97
[    0.917046] gpio gpiochip3: (gpio-96-127): created GPIO range 16->17 ==> 44e10800.pinmux PIN 71->72
[    0.917062] gpio gpiochip3: (gpio-96-127): created GPIO range 18->18 ==> 44e10800.pinmux PIN 135->135
[    0.917078] gpio gpiochip3: (gpio-96-127): created GPIO range 19->20 ==> 44e10800.pinmux PIN 108->109
[    0.917095] gpio gpiochip3: (gpio-96-127): created GPIO range 21->21 ==> 44e10800.pinmux PIN 73->73
[    0.917117] gpio gpiochip3: (gpio-96-127): created GPIO range 22->23 ==> 44e10800.pinmux PIN 8->9
[    0.917136] gpio gpiochip3: (gpio-96-127): created GPIO range 26->27 ==> 44e10800.pinmux PIN 10->11
[    0.917154] gpio gpiochip3: (gpio-96-127): created GPIO range 28->28 ==> 44e10800.pinmux PIN 74->74
[    0.917171] gpio gpiochip3: (gpio-96-127): created GPIO range 29->29 ==> 44e10800.pinmux PIN 81->81
[    0.917190] gpio gpiochip3: (gpio-96-127): created GPIO range 30->31 ==> 44e10800.pinmux PIN 28->29
[    0.918214] gpio gpiochip3: (gpio-96-127): added GPIO chardev (254:3)
[    0.918443] gpio gpiochip3: registered GPIOs 608 to 639 on gpio-96-127
[    0.920316] omap8250 44e09000.serial: using DT '/ocp/interconnect@44c00000/segment@200000/target-module@9000/serial@0' for 'rs485-term' GPIO lookup
[    0.920385] of_get_named_gpiod_flags: can't parse 'rs485-term-gpios' property of node '/ocp/interconnect@44c00000/segment@200000/target-module@9000/serial@0[0]'
[    0.920430] of_get_named_gpiod_flags: can't parse 'rs485-term-gpio' property of node '/ocp/interconnect@44c00000/segment@200000/target-module@9000/serial@0[0]'
[    0.920466] omap8250 44e09000.serial: using lookup tables for GPIO lookup
[    0.920476] omap8250 44e09000.serial: No GPIO consumer rs485-term found
[    0.920487] omap8250 44e09000.serial: using DT '/ocp/interconnect@44c00000/segment@200000/target-module@9000/serial@0' for 'rs485-rx-during-tx' GPIO lookup
[    0.920522] of_get_named_gpiod_flags: can't parse 'rs485-rx-during-tx-gpios' property of node '/ocp/interconnect@44c00000/segment@200000/target-module@9000/serial@0[0]'
[    0.920559] of_get_named_gpiod_flags: can't parse 'rs485-rx-during-tx-gpio' property of node '/ocp/interconnect@44c00000/segment@200000/target-module@9000/serial@0[0]'
[    0.920591] omap8250 44e09000.serial: using lookup tables for GPIO lookup
[    0.920599] omap8250 44e09000.serial: No GPIO consumer rs485-rx-during-tx found
[    0.921042] 44e09000.serial: ttyS0 at MMIO 0x44e09000 (irq = 34, base_baud = 3000000) is a 8250
[    0.921162] printk: legacy console [ttyS0] enabled
[    2.423274] i2c i2c-0: using DT '/ocp/interconnect@44c00000/segment@200000/target-module@b000/i2c@0' for 'scl' GPIO lookup
[    2.423360] of_get_named_gpiod_flags: can't parse 'scl-gpios' property of node '/ocp/interconnect@44c00000/segment@200000/target-module@b000/i2c@0[0]'
[    2.423406] of_get_named_gpiod_flags: can't parse 'scl-gpio' property of node '/ocp/interconnect@44c00000/segment@200000/target-module@b000/i2c@0[0]'
[    2.423447] i2c i2c-0: using lookup tables for GPIO lookup
[    2.423461] i2c i2c-0: No GPIO consumer scl found
[    2.423487] i2c i2c-0: using DT '/ocp/interconnect@44c00000/segment@200000/target-module@b000/i2c@0' for 'sda' GPIO lookup
[    2.423528] of_get_named_gpiod_flags: can't parse 'sda-gpios' property of node '/ocp/interconnect@44c00000/segment@200000/target-module@b000/i2c@0[0]'
[    2.423570] of_get_named_gpiod_flags: can't parse 'sda-gpio' property of node '/ocp/interconnect@44c00000/segment@200000/target-module@b000/i2c@0[0]'
[    2.423605] i2c i2c-0: using lookup tables for GPIO lookup
[    2.423617] i2c i2c-0: No GPIO consumer sda found
[    2.442178] tps65217-pmic: Failed to locate of_node [id: -1]
[    2.448226] tps65217-bl: Failed to locate of_node [id: -1]
[    2.454293] platform tps65217-charger: DMA mask not set
[    2.460321] platform tps65217-pwrbutton: DMA mask not set
[    2.467594] tps65217 0-0024: TPS65217 ID 0xe version 1.2
[    2.473718] /ocp/interconnect@48000000/segment@300000/target-module@e000/lcdc@0: Fixed dependency cycle(s) with /ocp/interconnect@44c00000/segment@200000/target-module@b000/i2c@0/tda19988@70
[    2.491109] /ocp/interconnect@44c00000/segment@200000/target-module@b000/i2c@0/tda19988@70: Fixed dependency cycle(s) with /ocp/interconnect@48000000/segment@300000/target-module@e000/lcdc@0
[    2.508495] omap_i2c 44e0b000.i2c: bus 0 rev0.11 at 400 kHz
[    2.516183] sdhci-omap 48060000.mmc: using DT '/ocp/interconnect@48000000/segment@0/target-module@60000/mmc@0' for 'cd' GPIO lookup
[    2.516289] of_get_named_gpiod_flags: parsed 'cd-gpios' property of node '/ocp/interconnect@48000000/segment@0/target-module@60000/mmc@0[0]' - status (0)
[    2.516358] gpio gpiochip3: Persistence not supported for GPIO 6
[    2.516390] omap_gpio 44e07000.gpio: Could not set line 6 debounce to 200000 microseconds (-22)
[    2.525303] sdhci-omap 48060000.mmc: Got CD GPIO
[    2.529956] sdhci-omap 48060000.mmc: using DT '/ocp/interconnect@48000000/segment@0/target-module@60000/mmc@0' for 'wp' GPIO lookup
[    2.530008] of_get_named_gpiod_flags: can't parse 'wp-gpios' property of node '/ocp/interconnect@48000000/segment@0/target-module@60000/mmc@0[0]'
[    2.530054] of_get_named_gpiod_flags: can't parse 'wp-gpio' property of node '/ocp/interconnect@48000000/segment@0/target-module@60000/mmc@0[0]'
[    2.530093] sdhci-omap 48060000.mmc: using lookup tables for GPIO lookup
[    2.530109] sdhci-omap 48060000.mmc: No GPIO consumer wp found
[    2.530325] sdhci-omap 48060000.mmc: supply pbias not found, using dummy regulator
[    2.539261] sdhci-omap 481d8000.mmc: using DT '/ocp/interconnect@48000000/segment@100000/target-module@d8000/mmc@0' for 'wp' GPIO lookup
[    2.539337] of_get_named_gpiod_flags: can't parse 'wp-gpios' property of node '/ocp/interconnect@48000000/segment@100000/target-module@d8000/mmc@0[0]'
[    2.539386] of_get_named_gpiod_flags: can't parse 'wp-gpio' property of node '/ocp/interconnect@48000000/segment@100000/target-module@d8000/mmc@0[0]'
[    2.539425] sdhci-omap 481d8000.mmc: using lookup tables for GPIO lookup
[    2.539440] sdhci-omap 481d8000.mmc: No GPIO consumer wp found
[    2.540532] sdhci-omap 48060000.mmc: supply vqmmc not found, using dummy regulator
[    2.549693] sdhci-omap 481d8000.mmc: supply pbias not found, using dummy regulator
[    2.559553] sdhci-omap 481d8000.mmc: supply vqmmc not found, using dummy regulator
[    2.594926] mmc0: SDHCI controller on 48060000.mmc [48060000.mmc] using External DMA
[    2.603161] mmc1: SDHCI controller on 481d8000.mmc [481d8000.mmc] using External DMA
[    2.611995] cpsw-switch 4a100000.switch: starting ndev. mode: dual_mac
[    2.681497] mmc1: new high speed MMC card at address 0001
[    2.688330] mmcblk1: mmc1:0001 MMC04G 3.60 GiB
[    2.696215]  mmcblk1: p1 p2
[    2.699945] SMSC LAN8710/LAN8720 4a101000.mdio:00: attached PHY driver (mii_bus:phy_addr=4a101000.mdio:00, irq=POLL)
[    2.712539] mmcblk1boot0: mmc1:0001 MMC04G 2.00 MiB
[    2.726390] mmcblk1boot1: mmc1:0001 MMC04G 2.00 MiB
[    2.735076] mmcblk1rpmb: mmc1:0001 MMC04G 128 KiB, chardev (249:0)
[    2.784726] mmc0: new high speed SDHC card at address aaaa
[    2.791689] mmcblk0: mmc0:aaaa SE32G 29.7 GiB
[    2.800761]  mmcblk0: p1 p2
[    5.841994] cpsw-switch 4a100000.switch eth0: Link is Up - 100Mbps/Full - flow control off
[    5.881455] IP-Config: Complete:
[    5.884731]      device=eth0, hwaddr=6c:ec:eb:68:de:78, ipaddr=192.168.255.1, mask=255.255.255.0, gw=255.255.255.255
[    5.895402]      host=bbb1, domain=, nis-domain=(none)
[    5.900571]      bootserver=192.168.255.126, rootserver=192.168.255.126, rootpath=
[    5.901005] clk: Disabling unused clocks
[    5.912844] PM: genpd: Disabling unused power domains
[    5.918010] KTAP version 1
[    5.920734] 1..0
[    5.923277] check access for rdinit=/init failed: -2, ignoring
[    5.955927] VFS: Mounted root (nfs filesystem) on device 0:17.
[    5.963137] devtmpfs: mounted
[    5.967610] Freeing unused kernel image (initmem) memory: 1024K
[    5.974449] Run /sbin/init as init process
[    5.978580]   with arguments:
[    5.978592]     /sbin/init
[    5.978601]     nfsrootdebug
[    5.978611]   with environment:
[    5.978619]     HOME=/
[    5.978628]     TERM=linux
[    6.660963] systemd[1]: System time before build time, advancing clock.
[    8.191240] random: crng init done
[    8.204058] systemd[1]: systemd 232 running in system mode. (+PAM +AUDIT +SELINUX +IMA +APPARMOR +SMACK +SYSVINIT +UTMP +LIBCRYPTSETUP +GCRYPT +GNUTLS +ACL +XZ +LZ4 +SECCOMP +BLKID +ELFUTILS +KMOD +IDN)
[    8.223203] systemd[1]: Detected architecture arm.
[    8.254366] systemd[1]: Set hostname to <arm>.
[    9.389446] systemd[1]: syslog.socket: SO_PASSSEC failed: Operation not supported
[    9.397474] systemd[1]: Listening on Syslog Socket.
[    9.423165] systemd[1]: Listening on /dev/initctl Compatibility Named Pipe.
[    9.451895] systemd[1]: systemd-journald-dev-log.socket: SO_PASSSEC failed: Operation not supported
[    9.461444] systemd[1]: Listening on Journal Socket (/dev/log).
[    9.492659] systemd[1]: Created slice User and Session Slice.
[    9.521877] systemd[1]: systemd-journald.socket: SO_PASSSEC failed: Operation not supported
[   11.834619] systemd-journald[85]: Received request to flush runtime journal from PID 1
[   12.641724] omap_prm 44e00d00.prm: sync_state() pending due to 44d00000.cpu
[   19.341059] omap_rtc 44e3e000.rtc: registered as rtc0
[   19.346421] omap_rtc 44e3e000.rtc: setting system clock to 2000-01-01T00:00:00 UTC (946684800)
[   19.355203] omap_rtc 44e3e000.rtc: using DT '/ocp/interconnect@44c00000/segment@200000/target-module@3e000/rtc@0' for 'wp' GPIO lookup
[   19.355281] of_get_named_gpiod_flags: can't parse 'wp-gpios' property of node '/ocp/interconnect@44c00000/segment@200000/target-module@3e000/rtc@0[0]'
[   19.355333] of_get_named_gpiod_flags: can't parse 'wp-gpio' property of node '/ocp/interconnect@44c00000/segment@200000/target-module@3e000/rtc@0[0]'
[   19.355373] omap_rtc 44e3e000.rtc: using lookup tables for GPIO lookup
[   19.355388] omap_rtc 44e3e000.rtc: No GPIO consumer wp found
[   19.597360] PM: Cannot get wkup_m3_ipc handle
[   21.498280] Bluetooth: Core ver 2.22
[   21.502339] NET: Registered PF_BLUETOOTH protocol family
[   21.507691] Bluetooth: HCI device and connection manager initialized
[   21.514206] Bluetooth: HCI socket layer initialized
[   21.519122] Bluetooth: L2CAP socket layer initialized
[   21.524269] Bluetooth: SCO socket layer initialized
[   22.212434] ------------[ cut here ]------------
[   22.217129] WARNING: net/8021q/vlan_core.c:236 at vlan_for_each+0x114/0x134, CPU#0: avahi-daemon/312
[   22.226441] RTNL: assertion failed at net/8021q/vlan_core.c (236)
[   22.232638] Modules linked in: bluetooth ecdh_generic ecc libaes pm33xx rtc_omap wkup_m3_ipc ti_emif_sram cpufreq_dt autofs4
[   22.244022] CPU: 0 UID: 107 PID: 312 Comm: avahi-daemon Not tainted 6.18.0-rc2-next-20251022 #1 NONE 
[   22.244039] Hardware name: Generic AM33XX (Flattened Device Tree)
[   22.244048] Call trace: 
[   22.244064]  unwind_backtrace from show_stack+0x10/0x14
[   22.244101]  show_stack from dump_stack_lvl+0x50/0x64
[   22.244126]  dump_stack_lvl from __warn+0x88/0x148
[   22.244144]  __warn from warn_slowpath_fmt+0x19c/0x1b0
[   22.244157]  warn_slowpath_fmt from vlan_for_each+0x114/0x134
[   22.244179]  vlan_for_each from cpsw_add_mc_addr+0x40/0xa4
[   22.244203]  cpsw_add_mc_addr from __hw_addr_ref_sync_dev+0x108/0x140
[   22.244233]  __hw_addr_ref_sync_dev from __dev_mc_add+0x7c/0x80
[   22.244256]  __dev_mc_add from igmp6_group_added+0xc8/0xe0
[   22.244284]  igmp6_group_added from __ipv6_dev_mc_inc+0x218/0x364
[   22.244303]  __ipv6_dev_mc_inc from __ipv6_sock_mc_join+0x11c/0x1c0
[   22.244321]  __ipv6_sock_mc_join from do_ipv6_setsockopt+0x1214/0x1310
[   22.244352]  do_ipv6_setsockopt from ipv6_setsockopt+0x60/0xcc
[   22.244374]  ipv6_setsockopt from udpv6_setsockopt+0x2c/0x6c
[   22.244397]  udpv6_setsockopt from sock_common_setsockopt+0x30/0x40
[   22.244431]  sock_common_setsockopt from do_sock_setsockopt+0x50/0x9c
[   22.244453]  do_sock_setsockopt from __sys_setsockopt+0x70/0xbc
[   22.244471]  __sys_setsockopt from ret_fast_syscall+0x0/0x58
[   22.244488] Exception stack(0xe014dfa8 to 0xe014dff0)
[   22.244502] dfa0:                   00000014 b6fa5ce8 0000000d 00000029 00000014 beeb29ec
[   22.244514] dfc0: 00000014 b6fa5ce8 00000014 00000126 0000000d b6f4eff4 004ee988 004d6558
[   22.244523] dfe0: b6f64088 beeb29d8 b6f41309 b6e1841a
[   22.244531] ---[ end trace 0000000000000000 ]---
[   23.964524] userial_init: registered 8 ttyGS* devices
[   24.227072] rndis_register: configNr = 0
[   61.897983] KTAP version 1
[   61.898027] 1..1
[   61.898046]     KTAP version 1
[   61.898056]     # Subtest: linear-ranges-test
[   61.898070]     # module: test_linear_ranges
[   61.898082]     1..4
[   61.898896]     ok 1 range_test_get_value_amount
[   61.899311]     ok 2 range_test_get_selector_high
[   61.899703]     ok 3 range_test_get_selector_low
[   61.900442]     ok 4 range_test_get_value
[   61.900471] # linear-ranges-test: pass:4 fail:0 skip:0 total:4
[   61.900485] # Totals: pass:4 fail:0 skip:0 total:4
[   61.900498] ok 1 linear-ranges-test
QKSABHFEGO 0
root@arm:~# Labgrid Console Logfile for main
Logfile started at 2025-10-22 07:11:58.791927
=== Log starts here ===

root@arm:~# run() { echo -n "$MARKER"; sh -c "$@"; echo "$MARKER $?"; }
root@arm:~# echo 'GTSF''PGOCGC'
GTSFPGOCGC
root@arm:~# MARKER='VGXJ''VTSGVE' run dmesg
VGXJVTSGVE[    0.000000] Booting Linux on physical CPU 0x0
[    0.000000] Linux version 6.18.0-rc2-next-20251022 (user01@drvtest01) (arm-none-eabi-gcc (Arm GNU Toolchain 14.2.Rel1 (Build arm-14.52)) 14.2.1 20241119, GNU ld (Arm GNU Toolchain 14.2.Rel1 (Build arm-14.52)) 2.43.1.20241119) #1 SMP Wed Oct 22 07:09:06 EEST 2025
[    0.000000] CPU: ARMv7 Processor [413fc082] revision 2 (ARMv7), cr=10c5387d
[    0.000000] CPU: PIPT / VIPT nonaliasing data cache, VIPT aliasing instruction cache
[    0.000000] OF: fdt: Machine model: TI AM335x BeagleBone Black
[    0.000000] Memory policy: Data cache writeback
[    0.000000] cma: Reserved 16 MiB at 0x9e800000
[    0.000000] Zone ranges:
[    0.000000]   Normal   [mem 0x0000000080000000-0x000000009fdfffff]
[    0.000000]   HighMem  empty
[    0.000000] Movable zone start for each node
[    0.000000] Early memory node ranges
[    0.000000]   node   0: [mem 0x0000000080000000-0x000000009fdfffff]
[    0.000000] Initmem setup node 0 [mem 0x0000000080000000-0x000000009fdfffff]
[    0.000000] On node 0, zone Normal: 512 pages in unavailable ranges
[    0.000000] OF: reserved mem: Reserved memory: No reserved-memory node in the DT
[    0.000000] CPU: All CPU(s) started in SVC mode.
[    0.000000] AM335X ES2.1 (sgx neon)
[    0.000000] percpu: Embedded 17 pages/cpu s40012 r8192 d21428 u69632
[    0.000000] pcpu-alloc: s40012 r8192 d21428 u69632 alloc=17*4096
[    0.000000] pcpu-alloc: [0] 0 
[    0.000000] Kernel command line: console=ttyO0,115200n8 root=/dev/nfs rw nfsroot=192.168.255.126:/home/user01/nfs,nfsvers=3 ip=192.168.255.1:192.168.255.126::255.255.255.0:bbb1:eth0 nfsrootdebug
[    0.000000] Unknown kernel command line parameters "nfsrootdebug", will be passed to user space.
[    0.000000] printk: log buffer data + meta data: 65536 + 204800 = 270336 bytes
[    0.000000] Dentry cache hash table entries: 65536 (order: 6, 262144 bytes, linear)
[    0.000000] Inode-cache hash table entries: 32768 (order: 5, 131072 bytes, linear)
[    0.000000] Built 1 zonelists, mobility grouping on.  Total pages: 130560
[    0.000000] mem auto-init: stack:off, heap alloc:off, heap free:off
[    0.000000] SLUB: HWalign=16, Order=0-3, MinObjects=0, CPUs=1, Nodes=1
[    0.000000] rcu: Hierarchical RCU implementation.
[    0.000000] rcu: 	RCU event tracing is enabled.
[    0.000000] rcu: 	RCU restricting CPUs from NR_CPUS=2 to nr_cpu_ids=1.
[    0.000000] 	Tracing variant of Tasks RCU enabled.
[    0.000000] rcu: RCU calculated value of scheduler-enlistment delay is 10 jiffies.
[    0.000000] rcu: Adjusting geometry for rcu_fanout_leaf=16, nr_cpu_ids=1
[    0.000000] RCU Tasks Trace: Setting shift to 0 and lim to 1 rcu_task_cb_adjust=1 rcu_task_cpu_ids=1.
[    0.000000] NR_IRQS: 16, nr_irqs: 16, preallocated irqs: 16
[    0.000000] IRQ: Found an INTC at 0x(ptrval) (revision 5.0) with 128 interrupts
[    0.000000] rcu: srcu_init: Setting srcu_struct sizes based on contention.
[    0.000000] TI gptimer clocksource: always-on /ocp/interconnect@44c00000/segment@200000/target-module@31000
[    0.000002] sched_clock: 32 bits at 24MHz, resolution 41ns, wraps every 89478484971ns
