Labgrid Console Logfile for main
Logfile started at 2024-12-14 21:55:00.520654
=== Log starts here ===

** Unable to use mmc 0:1 for loading the env **


U-Boot 2019.04-00002-g31a8ae0206 (May 13 2020 - 09:26:17 -0500), Build: jenkins-github_Bootloader-Builder-139

CPU  : AM335X-GP rev 2.1
I2C:   ready
DRAM:  512 MiB
No match for driver 'omap_hsmmc'
No match for driver 'omap_hsmmc'
Some drivers were not found
Reset Source: Power-on reset has occurred.
RTC 32KCLK Source: External.
MMC:   OMAP SD/MMC: 0, OMAP SD/MMC: 1
Loading Environment from EXT4... 
** Unable to use mmc 0:1 for loading the env **
Board: BeagleBone Black
<ethaddr> not set. Validating first E-fuse MAC
BeagleBone Black:
BeagleBone: cape eeprom: i2c_probe: 0x54:
BeagleBone: cape eeprom: i2c_probe: 0x55:
BeagleBone: cape eeprom: i2c_probe: 0x56:
BeagleBone: cape eeprom: i2c_probe: 0x57:
Net:   eth0: MII MODE
cpsw, usb_ether
Press SPACE to abort autoboot in 0 seconds
board_name=[A335BNLT] ...
board_rev=[00C0] ...
switch to partitions #0, OK
mmc0 is current device
SD/MMC found on device 0
switch to partitions #0, OK
mmc0 is current device
Scanning mmc 0:1...
gpio: pin 56 (gpio 56) value is 0
gpio: pin 55 (gpio 55) value is 0
gpio: pin 54 (gpio 54) value is 0
gpio: pin 53 (gpio 53) value is 1
switch to partitions #0, OK
mmc0 is current device
gpio: pin 54 (gpio 54) value is 1
Checking for: /uEnv.txt ...
584 bytes read in 2 ms (285.2 KiB/s)
gpio: pin 55 (gpio 55) value is 1
Loaded environment from /uEnv.txt
Importing environment from mmc ...
Checking if uenvcmd is set ...
gpio: pin 56 (gpio 56) value is 1
Running uenvcmd ...
cpsw Waiting for PHY auto negotiation to complete.. done
link up on port 0, speed 100, full duplex
Using cpsw device
TFTP from server 192.168.255.126; our IP address is 192.168.255.4
Filename 'zImage'.
Load address: 0x81000000
Loading: *#################################################################
	 #################################################################
	 #################################################################
	 #################################################################
	 #################################################################
	 #####
	 720.7 KiB/s
done
Bytes transferred = 4841328 (49df70 hex)
link up on port 0, speed 100, full duplex
Using cpsw device
TFTP from server 192.168.255.126; our IP address is 192.168.255.4
Filename 'am335x-boneblack.dtb'.
Load address: 0x82000000
Loading: *#######
	 2.7 MiB/s
done
Bytes transferred = 94748 (1721c hex)
## Flattened Device Tree blob at 82000000
   Booting using the fdt blob at 0x82000000
   Loading Device Tree to 8ffe5000, end 8ffff21b ... OK

Starting kernel ...

[    0.000000] Booting Linux on physical CPU 0x0
[    0.000000] Linux version 5.15.174 (user01@drvtest01) (arm-linux-gnueabihf-gcc (Linaro GCC 6.4-2017.11) 6.4.1 20171012, GNU ld (Linaro_Binutils-2017.11) 2.27.0.20161229) #10 SMP Sat Dec 14 21:25:12 EET 2024
[    0.000000] CPU: ARMv7 Processor [413fc082] revision 2 (ARMv7), cr=10c5387d
[    0.000000] CPU: PIPT / VIPT nonaliasing data cache, VIPT aliasing instruction cache
[    0.000000] OF: fdt: Machine model: TI AM335x BeagleBone Black
[    0.000000] earlycon: omap8250 at MMIO 0x44e09000 (options '')
[    0.000000] printk: bootconsole [omap8250] enabled
[    0.000000] Memory policy: Data cache writeback
[    0.000000] cma: Reserved 16 MiB at 0x9e800000
[    0.000000] Zone ranges:
[    0.000000]   Normal   [mem 0x0000000080000000-0x000000009fdfffff]
[    0.000000]   HighMem  empty
[    0.000000] Movable zone start for each node
[    0.000000] Early memory node ranges
[    0.000000]   node   0: [mem 0x0000000080000000-0x000000009fdfffff]
[    0.000000] Initmem setup node 0 [mem 0x0000000080000000-0x000000009fdfffff]
[    0.000000] CPU: All CPU(s) started in SVC mode.
[    0.000000] AM335X ES2.1 (sgx neon)
[    0.000000] percpu: Embedded 16 pages/cpu s33804 r8192 d23540 u65536
[    0.000000] pcpu-alloc: s33804 r8192 d23540 u65536 alloc=16*4096
[    0.000000] pcpu-alloc: [0] 0 
[    0.000000] Built 1 zonelists, mobility grouping on.  Total pages: 129412
[    0.000000] Kernel command line: console=ttyO0,115200n8 debug earlycon root=/dev/nfs rw nfsroot=192.168.255.126:/home/user01/nfs,nfsvers=3 ip=192.168.255.4:192.168.255.126::255.255.255.0:bbb1:eth0 nfsrootdebug
[    0.000000] Unknown kernel command line parameters "nfsrootdebug", will be passed to user space.
[    0.000000] Dentry cache hash table entries: 65536 (order: 6, 262144 bytes, linear)
[    0.000000] Inode-cache hash table entries: 32768 (order: 5, 131072 bytes, linear)
[    0.000000] mem auto-init: stack:off, heap alloc:off, heap free:off
[    0.000000] Memory: 484752K/522240K available (10240K kernel code, 1079K rwdata, 2392K rodata, 1024K init, 246K bss, 21104K reserved, 16384K cma-reserved, 0K highmem)
[    0.000000] trace event string verifier disabled
[    0.000000] rcu: Hierarchical RCU implementation.
[    0.000000] rcu: 	RCU event tracing is enabled.
[    0.000000] rcu: 	RCU restricting CPUs from NR_CPUS=2 to nr_cpu_ids=1.
[    0.000000] rcu: RCU calculated value of scheduler-enlistment delay is 10 jiffies.
[    0.000000] rcu: Adjusting geometry for rcu_fanout_leaf=16, nr_cpu_ids=1
[    0.000000] NR_IRQS: 16, nr_irqs: 16, preallocated irqs: 16
[    0.000000] IRQ: Found an INTC at 0x(ptrval) (revision 5.0) with 128 interrupts
[    0.000000] TI gptimer clocksource: always-on /ocp/interconnect@44c00000/segment@200000/target-module@31000
[    0.000002] sched_clock: 32 bits at 24MHz, resolution 41ns, wraps every 89478484971ns
[    0.008070] clocksource: dmtimer: mask: 0xffffffff max_cycles: 0xffffffff, max_idle_ns: 79635851949 ns
[    0.018060] TI gptimer clockevent: 24000000 Hz at /ocp/interconnect@48000000/segment@0/target-module@40000
[    0.029845] Console: colour dummy device 80x30
[    0.034467] WARNING: Your 'console=ttyO0' has been replaced by 'ttyS0'
[    0.041257] This ensures that you still see kernel messages. Please
[    0.047703] update your kernel commandline.
[    0.052056] Calibrating delay loop... 996.14 BogoMIPS (lpj=4980736)
[    0.094535] CPU: Testing write buffer coherency: ok
[    0.099649] CPU0: Spectre v2: using BPIALL workaround
[    0.104849] pid_max: default: 32768 minimum: 301
[    0.109754] LSM: Security Framework initializing
[    0.114688] Mount-cache hash table entries: 1024 (order: 0, 4096 bytes, linear)
[    0.122251] Mountpoint-cache hash table entries: 1024 (order: 0, 4096 bytes, linear)
[    0.131879] CPU0: thread -1, cpu 0, socket -1, mpidr 0
[    0.138325] Setting up static identity map for 0x80100000 - 0x80100078
[    0.145289] rcu: Hierarchical SRCU implementation.
[    0.151467] smp: Bringing up secondary CPUs ...
[    0.156145] smp: Brought up 1 node, 1 CPU
[    0.160327] SMP: Total of 1 processors activated (996.14 BogoMIPS).
[    0.166778] CPU: All CPU(s) started in SVC mode.
[    0.172358] devtmpfs: initialized
[    0.190349] VFP support v0.3: implementor 41 architecture 3 part 30 variant c rev 3
[    0.198642] clocksource: jiffies: mask: 0xffffffff max_cycles: 0xffffffff, max_idle_ns: 19112604462750000 ns
[    0.208817] futex hash table entries: 256 (order: 2, 16384 bytes, linear)
[    0.217181] pinctrl core: initialized pinctrl subsystem
[    0.224768] NET: Registered PF_NETLINK/PF_ROUTE protocol family
[    0.233751] DMA: preallocated 256 KiB pool for atomic coherent allocations
[    0.241470] audit: initializing netlink subsys (disabled)
[    0.248374] thermal_sys: Registered thermal governor 'fair_share'
[    0.248398] thermal_sys: Registered thermal governor 'step_wise'
[    0.254672] thermal_sys: Registered thermal governor 'user_space'
[    0.261250] cpuidle: using governor menu
[    0.288217] No ATAGs?
[    0.290580] hw-breakpoint: debug architecture 0x4 unsupported.
[    0.304868] kprobes: kprobe jump-optimization is enabled. All kprobes are optimized if possible.
[    0.314112] audit: type=2000 audit(0.210:1): state=initialized audit_enabled=0 res=1
[    0.327480] reg-fixed-voltage fixedregulator0: GPIO lookup for consumer (null)
[    0.335068] reg-fixed-voltage fixedregulator0: using device tree for GPIO lookup
[    0.342735] of_get_named_gpiod_flags: can't parse 'gpios' property of node '/fixedregulator0[0]'
[    0.351826] of_get_named_gpiod_flags: can't parse 'gpio' property of node '/fixedregulator0[0]'
[    0.360808] reg-fixed-voltage fixedregulator0: using lookup tables for GPIO lookup
[    0.368613] reg-fixed-voltage fixedregulator0: No GPIO consumer (null) found
[    0.377039] iommu: Default domain type: Translated 
[    0.382118] iommu: DMA domain TLB invalidation policy: strict mode 
[    0.389893] vgaarb: loaded
[    0.393206] SCSI subsystem initialized
[    0.397469] libata version 3.00 loaded.
[    0.401867] pps_core: LinuxPPS API ver. 1 registered
[    0.406980] pps_core: Software ver. 5.3.6 - Copyright 2005-2007 Rodolfo Giometti <giometti@linux.it>
[    0.416441] PTP clock support registered
[    0.422237] clocksource: Switched to clocksource dmtimer
[    0.473683] VFS: Disk quotas dquot_6.6.0
[    0.477841] VFS: Dquot-cache hash table entries: 1024 (order 0, 4096 bytes)
[    0.562688] NET: Registered PF_INET protocol family
[    0.568045] IP idents hash table entries: 8192 (order: 4, 65536 bytes, linear)
[    0.576535] tcp_listen_portaddr_hash hash table entries: 512 (order: 0, 4096 bytes, linear)
[    0.585215] Table-perturb hash table entries: 65536 (order: 6, 262144 bytes, linear)
[    0.593223] TCP established hash table entries: 4096 (order: 2, 16384 bytes, linear)
[    0.601229] TCP bind hash table entries: 4096 (order: 3, 32768 bytes, linear)
[    0.608645] TCP: Hash tables configured (established 4096 bind 4096)
[    0.615333] UDP hash table entries: 256 (order: 1, 8192 bytes, linear)
[    0.622100] UDP-Lite hash table entries: 256 (order: 1, 8192 bytes, linear)
[    0.629458] NET: Registered PF_UNIX/PF_LOCAL protocol family
[    0.727740] RPC: Registered named UNIX socket transport module.
[    0.733919] RPC: Registered udp transport module.
[    0.738758] RPC: Registered tcp transport module.
[    0.743613] RPC: Registered tcp NFSv4.1 backchannel transport module.
[    0.750252] PCI: CLS 0 bytes, default 64
[    0.755829] Initialise system trusted keyrings
[    0.797431] workingset: timestamp_bits=14 max_order=17 bucket_order=3
[    0.816070] NFS: Registering the id_resolver key type
[    0.821358] Key type id_resolver registered
[    0.825740] Key type id_legacy registered
[    0.829924] jffs2: version 2.2. (NAND) (SUMMARY)  Â© 2001-2006 Red Hat, Inc.
[    0.868088] Key type asymmetric registered
[    0.872394] Asymmetric key parser 'x509' registered
[    0.877485] io scheduler mq-deadline registered
[    0.882180] io scheduler kyber registered
[    0.905408] Serial: 8250/16550 driver, 6 ports, IRQ sharing enabled
[    0.948382] brd: module loaded
[    0.969525] loop: module loaded
[    0.973813] mtdoops: mtd device (mtddev=name/number) must be supplied
[    0.981681] mdio_bus fixed-0: GPIO lookup for consumer reset
[    0.987609] mdio_bus fixed-0: using lookup tables for GPIO lookup
[    0.993902] mdio_bus fixed-0: No GPIO consumer reset found
[    1.000612] i2c_dev: i2c /dev entries driver
[    1.005985] cpuidle: enable-method property 'ti,am3352' found operations
[    1.013405] sdhci: Secure Digital Host Controller Interface driver
[    1.019771] sdhci: Copyright(c) Pierre Ossman
[    1.024471] sdhci-pltfm: SDHCI platform and OF driver helper
[    1.086835] ledtrig-cpu: registered to indicate activity on CPUs
[    1.093628] Initializing XFRM netlink socket
[    1.098242] NET: Registered PF_INET6 protocol family
[    1.140960] Segment Routing with IPv6
[    1.144892] In-situ OAM (IOAM) with IPv6
[    1.149022] sit: IPv6, IPv4 and MPLS over IPv4 tunneling driver
[    1.156000] NET: Registered PF_PACKET protocol family
[    1.161238] NET: Registered PF_KEY protocol family
[    1.166397] Key type dns_resolver registered
[    1.170938] ThumbEE CPU extension supported.
[    1.175379] Registering SWP/SWPB emulation handler
[    1.180812] omap_voltage_late_init: Voltage driver support not added
[    1.187767] SmartReflex Class3 initialized
[    1.241111] Loading compiled-in X.509 certificates
[    1.278700] pinctrl-single 44e10800.pinmux: 142 pins, size 568
[    1.289163] ti-sysc: probe of 44e31000.target-module failed with error -16
[    1.354361] ti-sysc: probe of 48040000.target-module failed with error -16
[    1.371539] gpio gpiochip0: (gpio-0-31): created GPIO range 0->7 ==> 44e10800.pinmux PIN 0->7
[    1.380465] gpio gpiochip0: (gpio-0-31): created GPIO range 8->11 ==> 44e10800.pinmux PIN 90->93
[    1.389543] gpio gpiochip0: (gpio-0-31): created GPIO range 12->27 ==> 44e10800.pinmux PIN 12->27
[    1.398702] gpio gpiochip0: (gpio-0-31): created GPIO range 28->31 ==> 44e10800.pinmux PIN 30->33
[    1.463487] gpio gpiochip0: (gpio-0-31): added GPIO chardev (254:0)
[    1.470083] gpio gpiochip0: registered GPIOs 0 to 31 on gpio-0-31
[    1.476474] OMAP GPIO hardware version 0.1
[    1.524412] i2c i2c-2: GPIO lookup for consumer scl
[    1.529467] i2c i2c-2: using device tree for GPIO lookup
[    1.535023] of_get_named_gpiod_flags: can't parse 'scl-gpios' property of node '/ocp/interconnect@48000000/segment@100000/target-module@9c000/i2c@0[0]'
[    1.549044] of_get_named_gpiod_flags: can't parse 'scl-gpio' property of node '/ocp/interconnect@48000000/segment@100000/target-module@9c000/i2c@0[0]'
[    1.562987] i2c i2c-2: using lookup tables for GPIO lookup
[    1.568634] i2c i2c-2: No GPIO consumer scl found
[    1.573507] i2c i2c-2: GPIO lookup for consumer sda
[    1.578525] i2c i2c-2: using device tree for GPIO lookup
[    1.584014] of_get_named_gpiod_flags: can't parse 'sda-gpios' property of node '/ocp/interconnect@48000000/segment@100000/target-module@9c000/i2c@0[0]'
[    1.598023] of_get_named_gpiod_flags: can't parse 'sda-gpio' property of node '/ocp/interconnect@48000000/segment@100000/target-module@9c000/i2c@0[0]'
[    1.611938] i2c i2c-2: using lookup tables for GPIO lookup
[    1.617582] i2c i2c-2: No GPIO consumer sda found
[    1.623117] omap_i2c 4819c000.i2c: bus 2 rev0.11 at 100 kHz
[    1.634170] gpio gpiochip1: (gpio-32-63): created GPIO range 0->17 ==> 44e10800.pinmux PIN 34->51
[    1.643427] gpio gpiochip1: (gpio-32-63): created GPIO range 18->21 ==> 44e10800.pinmux PIN 77->80
[    1.652679] gpio gpiochip1: (gpio-32-63): created GPIO range 22->31 ==> 44e10800.pinmux PIN 56->65
[    1.725551] gpio gpiochip1: (gpio-32-63): added GPIO chardev (254:1)
[    1.732304] gpio gpiochip1: registered GPIOs 32 to 63 on gpio-32-63
[    1.741012] gpio gpiochip2: (gpio-64-95): created GPIO range 0->4 ==> 44e10800.pinmux PIN 66->70
[    1.750182] gpio gpiochip2: (gpio-64-95): created GPIO range 5->6 ==> 44e10800.pinmux PIN 98->99
[    1.759259] gpio gpiochip2: (gpio-64-95): created GPIO range 7->8 ==> 44e10800.pinmux PIN 75->76
[    1.768327] gpio gpiochip2: (gpio-64-95): created GPIO range 13->13 ==> 44e10800.pinmux PIN 141->141
[    1.777751] gpio gpiochip2: (gpio-64-95): created GPIO range 14->21 ==> 44e10800.pinmux PIN 100->107
[    1.787648] gpio gpiochip2: (gpio-64-95): added GPIO chardev (254:2)
[    1.794350] gpio gpiochip2: registered GPIOs 64 to 95 on gpio-64-95
[    1.818230] mdio_bus 4a101000.mdio: GPIO lookup for consumer reset
[    1.824736] mdio_bus 4a101000.mdio: using device tree for GPIO lookup
[    1.831384] of_get_named_gpiod_flags: can't parse 'reset-gpios' property of node '/ocp/interconnect@4a000000/segment@0/target-module@100000/switch@0/mdio@1000[0]'
[    1.846400] of_get_named_gpiod_flags: can't parse 'reset-gpio' property of node '/ocp/interconnect@4a000000/segment@0/target-module@100000/switch@0/mdio@1000[0]'
[    1.861311] mdio_bus 4a101000.mdio: using lookup tables for GPIO lookup
[    1.868136] mdio_bus 4a101000.mdio: No GPIO consumer reset found
[    1.875268] sdhci-omap 481d8000.mmc: GPIO lookup for consumer wp
[    1.881469] sdhci-omap 481d8000.mmc: using device tree for GPIO lookup
[    1.888273] of_get_named_gpiod_flags: can't parse 'wp-gpios' property of node '/ocp/interconnect@48000000/segment@100000/target-module@d8000/mmc@0[0]'
[    1.902233] of_get_named_gpiod_flags: can't parse 'wp-gpio' property of node '/ocp/interconnect@48000000/segment@100000/target-module@d8000/mmc@0[0]'
[    1.916092] sdhci-omap 481d8000.mmc: using lookup tables for GPIO lookup
[    1.923010] sdhci-omap 481d8000.mmc: No GPIO consumer wp found
[    1.929182] sdhci-omap 481d8000.mmc: supply vqmmc not found, using dummy regulator
[    1.939495] davinci_mdio 4a101000.mdio: davinci mdio revision 1.6, bus freq 1000000
[    1.948895] mdio_bus 4a101000.mdio:00: GPIO lookup for consumer reset
[    1.955652] mdio _bus 4a101000.mdio:00: using device tree for GPIO lookup
[     1.962611] of_get_named_gpiod_flags: can't parse 'reset-gpios' property of node '/ocp/interconnect@4a000000/segment@0/target-module@100000/switch@0/mdio@1000/ethernet-phy@0[0]'
[    1.978983] o5] cpsw-switch 4a100000.switch: CPTS: ref_clk_freq:250000000 calc_mult:2147483648 calc_shift:29 error:0 nsec/sec
[    2.052361] cpsw-switch 4a100000.switch: Detected MACID = 18:2c:65:25:1d:6e
[    2.061101] cpsw-switch 4a100000.switch: initialized (regs 0x4a100000, pool size 256) hw_ver:0019010C 1.12 (0)
[    2.080782] debugfs: Directory '49000000.dma' with parent 'dmaengine' already present!
[    2.089103] edma 49000000.dma: TI EDMA DMA engine driver
[    2.112902] hw perfevents: enabled with armv7_cortex_a8 PMU driver, 5 counters available
[    2.121771] gpio-clk clk_mcasp0: GPIO lookup for consumer enable
[    2.128084] gpio-clk clk_mcasp0: using device tree for GPIO lookup
[    2.134513] of_get_named_gpiod_flags: parsed 'enable-gpios' property of node '/clk_mcasp0[0]' - status (0)
[    2.144582] gpio gpiochip0: Persistence not supported for GPIO 27
[    2.151627] gpio gpiochip3: (gpio-96-127): created GPIO range 0->7 ==> 44e10800.pinmux PIN 82->89
[    2.160867] gpio gpiochip3: (gpio-96-127): created GPIO range 8->11 ==> 44e10800.pinmux PIN 52->55
[    2.170118] gpio gpiochip3: (gpio-96-127): created GPIO range 12->15 ==> 44e10800.pinmux PIN 94->97
[    2.179453] gpio gpiochip3: (gpio-96-127): created GPIO range 16->17 ==> 44e10800.pinmux PIN 71->72
[    2.188787] gpio gpiochip3: (gpio-96-127): created GPIO range 18->18 ==> 44e10800.pinmux PIN 135->135
[    2.198335] gpio gpiochip3: (gpio-96-127): created GPIO range 19->20 ==> 44e10800.pinmux PIN 108->109
[    2.207855] gpio gpiochip3: (gpio-96-127): created GPIO range 21->21 ==> 44e10800.pinmux PIN 73->73
[    2.217190] gpio gpiochip3: (gpio-96-127): created GPIO range 22->23 ==> 44e10800.pinmux PIN 8->9
[    2.226347] gpio gpiochip3: (gpio-96-127): created GPIO range 26->27 ==> 44e10800.pinmux PIN 10->11
[    2.235692] gpio gpiochip3: (gpio-96-127): created GPIO range 28->28 ==> 44e10800.pinmux PIN 74->74
[    2.245029] gpio gpiochip3: (gpio-96-127): created GPIO range 29->29 ==> 44e10800.pinmux PIN 81->81
[    2.254366] gpio gpiochip3: (gpio-96-127): created GPIO range 30->31 ==> 44e10800.pinmux PIN 28->29
[    2.268915] l3-aon-clkctrl:0000:0: failed to disable
[    2.274443] gpio gpiochip3: (gpio-96-127): added GPIO chardev (254:3)
[    2.281182] gpio gpiochip3: registered GPIOs 96 to 127 on gpio-96-127
[    2.289302] omap8250 44e09000.serial: GPIO lookup for consumer rs485-term
[    2.296429] omap8250 44e09000.serial: using device tree for GPIO lookup
[    2.303280] of_get_named_gpiod_flags: can't parse 'rs485-term-gpios' property of node '/ocp/interconnect@44c00000/segment@200000/target-module@9000/serial@0[0]'
[    2.318106] of_get_named_gpiod_flags: can't parse 'rs485-term-gpio' property of node '/ocp/interconnect@44c00000/segment@200000/target-module@9000/serial@0[0]'
[    2.332832] omap8250 44e09000.serial: using lookup tables for GPIO lookup
[    2.339819] omap8250 44e09000.serial: No GPIO consumer rs485-term found
[    2.346701] 44e09000.serial: ttyS0 at MMIO 0x44e09000 (irq = 18, base_baud = 3000000) is a 8250
[    2.355755] printk: console [ttyS0] enabled
[    2.355755] printk: console [ttyS0] enabled
[    2.364279] printk: bootconsole [omap8250] disabled
[    2.364279] printk: bootconsole [omap8250] disabled
[    2.376274] i2c i2c-0: GPIO lookup for consumer scl
[    2.381203] i2c i2c-0: using device tree for GPIO lookup
[    2.386677] of_get_named_gpiod_flags: can't parse 'scl-gpios' property of node '/ocp/interconnect@44c00000/segment@200000/target-module@b000/i2c@0[0]'
[    2.400295] of_get_named_gpiod_flags: can't parse 'scl-gpio' property of node '/ocp/interconnect@44c00000/segment@200000/target-module@b000/i2c@0[0]'
[    2.413802] i2c i2c-0: using lookup tables for GPIO lookup
[    2.419316] i2c i2c-0: No GPIO consumer scl found
[    2.424073] i2c i2c-0: GPIO lookup for consumer sda
[    2.428973] i2c i2c-0: using device tree for GPIO lookup
[     2.434333] of_get_named_gpiod_flags: can't parse 'sda-gpios ' property of node '/ocp/interconnect@44c00000/segment@200000/ target-module@b000/i2c@0[0]'
[    2.447933] of_get_named_gpio d_flags: can't parse 'sda-gpio' property of node '/ocp/interco nnect@44
[    6.032664] cpsw-switch 4a100000.switch eth0: Link is Up - 100Mbps/Full - flow control off
[    6.061980] IPv6: ADDRCONF(NETDEV_CHANGE): eth0: link becomes ready
[    6.091995] IP-Config: Complete:
[    6.095253]      device=eth0, hwaddr=18:2c:65:25:1d:6e, ipaddr=192.168.255.4, mask=255.255.255.0, gw=255.255.255.255
[    6.105865]      host=bbb1, domain=, nis-domain=(none)
[    6.111027]      bootserver=192.168.255.126, rootserver=192.168.255.126, rootpath=
[    6.111412] clk: Disabling unused clocks
[    6.123286] TAP version 14
[    6.126008] 1..0
[    6.149778] VFS: Mounted root (nfs filesystem) on device 0:16.
[    6.156714] devtmpfs: mounted
[    6.161006] Freeing unused kernel image (initmem) memory: 1024K
[    6.167654] Run /sbin/init as init process
[    6.171779]   with arguments:
[    6.174823]     /sbin/init
[    6.177543]     nfsrootdebug
[    6.180435]   with environment:
[    6.183612]     HOME=/
[    6.185982]     TERM=linux
[    6.874169] systemd[1]: System time before build time, advancing clock.
[    7.066311] random: systemd: uninitialized urandom read (16 bytes read)
[    7.078533] random: systemd: uninitialized urandom read (16 bytes read)
[    7.085913] systemd[1]: Mounting cgroup to /sys/fs/cgroup/memory of type cgroup with options memory.
[    7.096086] systemd[1]: Mounting cgroup to /sys/fs/cgroup/cpu,cpuacct of type cgroup with options cpu,cpuacct.
[    7.107136] systemd[1]: Mounting cgroup to /sys/fs/cgroup/net_cls of type cgroup with options net_cls.
[    7.117120] systemd[1]: Mounting cgroup to /sys/fs/cgroup/perf_event of type cgroup with options perf_event.
[    7.127552] systemd[1]: Mounting cgroup to /sys/fs/cgroup/devices of type cgroup with options devices.
[    7.137453] systemd[1]: Mounting cgroup to /sys/fs/cgroup/cpuset of type cgroup with options cpuset.
[    7.147265] systemd[1]: Mounting cgroup to /sys/fs/cgroup/freezer of type cgroup with options freezer.
[    7.157276] systemd[1]: Mounting cgroup to /sys/fs/cgroup/blkio of type cgroup with options blkio.
[    7.166828] systemd[1]: systemd 232 running in system mode. (+PAM +AUDIT +SELINUX +IMA +APPARMOR +SMACK +SYSVINIT +UTMP +LIBCRYPTSETUP +GCRYPT +GNUTLS +ACL +XZ +LZ4 +SECCOMP +BLKID +ELFUTILS +KMOD +IDN)
[    7.185222] systemd[1]: No virtualization found in DMI

Welcome to [1mDebian GNU/Linux 9 (stretch)[0m!

[    7.551760] systemd-fstab-generator[80]: Parsing /etc/fstab
[    7.628157] random: systemd-cryptse: uninitialized urandom read (16 bytes read)
[    7.637017] systemd-getty-generator[82]: Automatically adding serial getty for /dev/ttyS0.
[    7.645916] systemd-gpt-auto-generator[77]: Neither root nor /usr file system are on a (single) block device.
[    7.674209] systemd-sysv-generator[85]: Native unit for sudo.service already exists, skipping.
[    7.691656] systemd-sysv-generator[85]: Native unit for apache-htcacheclean.service already exists, skipping.
[    7.706132] systemd-sysv-generator[85]: Native unit for kmod.service already exists, skipping.
[    7.717063] systemd-sysv-generator[85]: Native unit for dbus.service already exists, skipping.
[    7.728332] systemd-sysv-generator[85]: Cannot find unit hostapd.service.
[    7.737082] systemd-sysv-generator[85]: Cannot find unit loadcpufreq.service.
[    7.746209] systemd-sysv-generator[85]: Native unit for ofono.service already exists, skipping.
[    7.756922] systemd-sysv-generator[85]: Native unit for avahi-daemon.service already exists, skipping.
[    7.768241] systemd-sysv-generator[85]: Native unit for cron.service already exists, skipping.
[    7.779569] systemd-sysv-generator[85]: Native unit for hwclock.service already exists, skipping.
 [    7.848294] printk: systemd-sysv-ge: 61 output lines suppre ssed due to ratelimiting
[    8.072370] random: systemd: unin itialized urandom read (16 bytes read)
[    8.079227] random:  systemd: uninitialized urandom read (16 bytes read)
[    8.0 93821] r
[[0;32m  OK  [0m] Started Flush Journal to Persistent Storage.
         Starting Create Volatile Files and Directories...
[[0;32m  OK  [0m] Started udev Kernel Device Manager.
[   12.262202] systemd[1]: Accepted new private connection.
[   12.312236] systemd[1]: upstart.service: Failed to load configuration: No such file or directory
[   12.382214] systemd[1]: Sent message type=method_return sender=n/a destination=n/a object=n/a interface=n/a member=n/a cookie=1 reply_cookie=1 error=n/a
[   12.462236] systemd[1]: upstart.service: Collecting.
[   12.482363] systemd[1]: upstart.service: Failed to send unit change signal for upstart.service: Connection reset by peer
[   12.542282] systemd[1]: upstart.service: Failed to send unit remove signal for upstart.service: Transport endpoint is not connected
[   12.602215] systemd[1]: Received SIGCHLD from PID 116 (udevadm).
[   12.622700] systemd[1]: Child 116 (udevadm) died (code=exited, status=0/SUCCESS)
[   12.655404] systemd[1]: systemd-udev-trigger.service: Child 116 belongs to systemd-udev-trigger.service
[   12.742209] systemd[1]: systemd-udev-trigger.service: Changed start -> exited
[[0;32m  OK  [0m] Started udev Coldplug all Devices.
[[0;32m  OK  [0m] Started Raise network interfaces.
[[0;32m  OK  [0m] Started Create Volatile Files and Directories.
[   14.650780] systemd-journald[90]: Successfully sent stream file descriptor to service manager.
         Starting Update UTMP about System Boot/Shutdown...
[   14.850545] systemd-journald[90]: Successfully sent stream file descriptor to service manager.
         Starting Network Time Synchronization...
[   15.142082] random: crng init done
[   15.145545] random: 467 urandom warning(s) missed due to ratelimiting
[   15.223018] systemd-journald[90]: /run/log/journal/c2029cc3b8b4efd6445bffc4386d43a0/system.journal: Journal header limits reached or header out-of-date, rotating.
[   15.244157] systemd-journald[90]: Rotating...
[   15.254431] systemd-journald[90]: Reserving 5582 entries in hash table.
[   15.261805] systemd-journald[90]: Vacuuming...
[   15.267488] systemd-journald[90]: Vacuuming done, freed 0B of archived journals from /run/log/journal/c2029cc3b8b4efd6445bffc4386d43a0.
[   15.283751] systemd-journald[90]: /run/log/journal/c2029cc3b8b4efd6445bffc4386d43a0/system.journal: Journal header limits reached or header out-of-date, rotating.
[   15.298881] systemd-journald[90]: Rotating...
[   15.307653] systemd-journald[90]: Reserving 5582 entries in hash table.
[[0;32m  OK  [0m] Started Update UTMP about System Boot/Shutdown.
[[0;32m  OK  [0m] Started Network Time Synchronization.
[[0;32m  OK  [0m] Reached target System Time Synchronized.
[[0;32m  OK  [0m] Reached target System  Initialization.
[[0;32m  OK  [0m] Listening on Avahi mDNS/ DNS-SD Stack Activation Socket.
[[0;32m  OK  [0m] Started D aily apt download activities.
[[0;32m  OK  [0m] Started Dai ly apt upgrade and clean activities.
[[0;32m  OK  [0m] List ening on
[   18.302380] systemd[1]: Sent message type=method_call sender=n/a destination=org.freedesktop.DBus object=/org/freedesktop/DBus interface=org.freedesktop.DBus member=AddMatch cookie=3 reply_cookie=0 error=n/a
[   18.402203] systemd[1]: Got message type=method_return sender=org.freedesktop.DBus destination=:1.1 object=n/a interface=n/a member=n/a cookie=4 reply_cookie=3 error=n/a
[   18.473379] systemd[1]: Sent message type=method_call sender=n/a destination=org.freedesktop.DBus object=/org/freedesktop/DBus interface=org.freedesktop.DBus member=AddMatch cookie=4 reply_cookie=0 error=n/a
[   18.552164] systemd[1]: Got message type=method_return sender=org.freedesktop.DBus destination=:1.1 object=n/a interface=n/a member=n/a cookie=5 reply_cookie=4 error=n/a
[   18.611269] using random self ethernet address
[   18.615930] using random host ethernet address
[   18.702229] systemd[1]: Sent message type=method_call sender=n/a destination=org.freedesktop.DBus object=/org/freedesktop/DBus interface=org.freedesktop.DBus member=AddMatch cookie=5 reply_cookie=0 error=n/a
[   18.772866] systemd[1]: Got message type=method_return sender=org.freedesktop.DBus destination=:1.1 object=n/a interface=n/a member=n/a cookie=6 reply_cookie=5 error=n/a
[   18.806032] using random self ethernet address
[   18.810538] using random host ethernet address
[   18.934731] userial_init: registered 8 ttyGS* devices
[   19.027239] of_get_named_gpiod_flags: parsed 'gpios' property of node '/leds/led2[0]' - status (0)
[   19.036517] gpio gpiochip0: Persistence not supported for GPIO 21
[   19.042705] gpio-21 (?): no flags found for gpios
[   19.047695] of_get_named_gpiod_flags: parsed 'gpios' property of node '/leds/led3[0]' - status (0)
[   19.056798] gpio gpiochip0: Persistence not supported for GPIO 22
[   19.062946] gpio-22 (?): no flags found for gpios
[   19.067871] of_get_named_gpiod_flags: parsed 'gpios' property of node '/leds/led4[0]' - status (0)
[   19.077051] gpio gpiochip0: Persistence not supported for GPIO 23
[   19.083210] gpio-23 (?): no flags found for gpios
[   19.088118] of_get_named_gpiod_flags: parsed 'gpios' property of node '/leds/led5[0]' - status (0)
[   19.097182] gpio gpiochip0: Persistence not supported for GPIO 24
[   19.103325] gpio-24 (?): no flags found for gpios
[   19.181211] rndis_register: configNr = 0
[[0;32m  OK  [0m] Started DUN service.
         Starting Connection service...
         Starting LSB: Start busybox udhcpd at boot time...
         Starting Telephony service...
         Starting Cape Manager Service...
[   19.730137] systemd-journald[90]: Successfully sent stream file descriptor to service manager.
         Starting Avahi mDNS/DNS-SD Stack...
[   19.966469] systemd-journald[90]: Successfully sent stream file descriptor to service manager.
[[0;32m  OK  [0m] Started Daily Cleanup of Temporary Directories.
[[0;32m  OK  [0m] Reached target Timers.
[[0;32m  OK  [0m] Started System Logging Service.
[[0;32m  OK  [0m] Started Cape Manager Service.
[   20.882814] Bluetooth: Core ver 2.22
[   20.886620] NET: Registered PF_BLUETOOTH protocol family
[   20.892112] Bluetooth: HCI device and connection manager initialized
[   20.898523] Bluetooth: HCI socket layer initialized
[   20.903466] Bluetooth: L2CAP socket layer initialized
[   20.908577] Bluetooth: SCO socket layer initialized
[[0;32m  OK  [0m] Started LSB: Start busybox udhcpd at boot time.
[[0;32m  OK  [0m] Started Telephony service.
[[0;32m  OK  [0m] Started Connection service.
[[0;32m  OK  [0m] Started Avahi mDNS/DNS-SD Stack.
[   22.470136] remoteproc remoteproc0: wkup_m3 is available
[[0;32m  OK  [0m] Started Login Service.
 [[0;32m  OK  [0m] Reached target Network.
[   22.833605] sy stemd-journald[90]: Successfully sent stream file descriptor t o service manager.
         Starting The Apache HTTP Server.. .
[   22.892214] systemd[1]: network-online.target changed de ad -> ac
[   28.989601] am335x-phy-driver 47401300.usb-phy: GPIO lookup for consumer reset
[   28.997127] am335x-phy-driver 47401300.usb-phy: using device tree for GPIO lookup
[   29.004741] of_get_named_gpiod_flags: can't parse 'reset-gpios' property of node '/ocp/target-module@47400000/usb-phy@1300[0]'
[   29.016266] of_get_named_gpiod_flags: can't parse 'reset-gpio' property of node '/ocp/target-module@47400000/usb-phy@1300[0]'
[   29.027673] am335x-phy-driver 47401300.usb-phy: using lookup tables for GPIO lookup
[   29.035411] am335x-phy-driver 47401300.usb-phy: No GPIO consumer reset found
[   29.042517] am335x-phy-driver 47401300.usb-phy: GPIO lookup for consumer vbus-detect
[   29.050297] am335x-phy-driver 47401300.usb-phy: using device tree for GPIO lookup
[   29.057840] of_get_named_gpiod_flags: can't parse 'vbus-detect-gpios' property of node '/ocp/target-module@47400000/usb-phy@1300[0]'
[   29.069852] of_get_named_gpiod_flags: can't parse 'vbus-detect-gpio' property of node '/ocp/target-module@47400000/usb-phy@1300[0]'
[   29.081770] am335x-phy-driver 47401300.usb-phy: using lookup tables for GPIO lookup
[   29.089498] am335x-phy-driver 47401300.usb-phy: No GPIO consumer vbus-detect found
[   29.097249] am335x-phy-driver 47401300.usb-phy: supply vcc not found, using dummy regulator
[   29.111846] am335x-phy-driver 47401b00.usb-phy: GPIO lookup for consumer reset
[   29.119355] am335x-phy-driver 47401b00.usb-phy: using device tree for GPIO lookup
[   29.126938] of_get_named_gpiod_flags: can't parse 'reset-gpios' property of node '/ocp/target-module@47400000/usb-phy@1b00[0]'
[   29.138452] of_get_named_gpiod_flags: can't parse 'reset-gpio' property of node '/ocp/target-module@47400000/usb-phy@1b00[0]'
[   29.149856] am335x-phy-driver 47401b00.usb-phy: using lookup tables for GPIO lookup
[   29.157569] am335x-phy-driver 47401b00.usb-phy: No GPIO consumer reset found
[   29.164673] am335x-phy-driver 47401b00.usb-phy: GPIO lookup for consumer vbus-detect
[   29.172472] am335x-phy-driver 47401b00.usb-phy: using device tree for GPIO lookup
[   29.179996] of_get_named_gpiod_flags: can't parse 'vbus-detect-gpios' property of node '/ocp/target-module@47400000/usb-phy@1b00[0]'
[   29.192007] of_get_named_gpiod_flags: can't parse 'vbus-detect-gpio' property of node '/ocp/target-module@47400000/usb-phy@1b00[0]'
[   29.203926] am335x-phy-driver 47401b00.usb-phy: using lookup tables for GPIO lookup
[   29.211645] am335x-phy-driver 47401b00.usb-phy: No GPIO consumer vbus-detect found
[   29.219391] am335x-phy-driver 47401b00.usb-phy: supply vcc not found, using dummy regulator
[   29.431396] usbcore: registered new interface driver usbfs
[   29.437239] usbcore: registered new interface driver hub
[   29.442747] usbcore: registered new device driver usb
[   29.613114] musb-hdrc musb-hdrc.1: MUSB HDRC host driver
[   29.618515] musb-hdrc musb-hdrc.1: new USB bus registered, assigned bus number 1
[   29.631326] usb usb1: New USB device found, idVendor=1d6b, idProduct=0002, bcdDevice= 5.15
[   29.639851] usb usb1: New USB device strings: Mfr=3, Product=2, SerialNumber=1
[   29.647160] usb usb1: Product: MUSB HDRC host driver
[   29.652172] usb usb1: Manufacturer: Linux 5.15.174 musb-hcd
[   29.657770] usb usb1: SerialNumber: musb-hdrc.1
[   29.664851] hub 1-0:1.0: USB hub found
[   29.668724] hub 1-0:1.0: 1 port detected
[[0;32m  OK  [0m] Started WPA supplicant.
[[0;32m  OK  [0m] Started Hostname Service.
[[0;32m  OK  [0m] Started LSB: set CPUFreq kernel parameters.
[   31.458911] omap-mailbox 480c8000.mailbox: omap mailbox rev 0x400
[   31.484463] remoteproc remoteproc0: powering up wkup_m3
[   31.508121] remoteproc remoteproc0: Direct firmware load for am335x-pm-firmware.elf failed with error -2
[   31.517853] remoteproc remoteproc0: request_firmware failed: -2
[   31.523870] wkup_m3_ipc 44e11324.wkup_m3_ipc: rproc_boot failed
 [   32.350572] systemd-journald[90]: Successfully sent stream  file descriptor to service manager.
[   32.363158] systemd-jo urnald[90]: Successfully sent stream file descriptor to servic e manager.
[   33.473217] tilcdc 4830e000.lcdc: bound 0-0070  (ops tda
[   43.523301] systemd[1]: sound.target: Enqueued job sound.target/start as 172
[   43.552616] systemd[1]: Sent message type=signal sender=n/a destination=n/a object=/org/freedesktop/systemd1 interface=org.freedesktop.systemd1.Manager member=UnitNew cookie=181 reply_cookie=0 error=n/a
[   43.612151] systemd[1]: Sent message type=signal sender=n/a destination=n/a object=/org/freedesktop/systemd1 interface=org.freedesktop.systemd1.Manager member=UnitNew cookie=182 reply_cookie=0 error=n/a
[   43.672307] systemd[1]: Sent message type=signal sender=n/a destination=n/a object=/org/freedesktop/systemd1 interface=org.freedesktop.systemd1.Manager member=JobNew cookie=183 reply_cookie=0 error=n/a
[   43.752210] systemd[1]: Sent message type=signal sender=n/a destination=n/a object=/org/freedesktop/systemd1 interface=org.freedesktop.systemd1.Manager member=JobRemoved cookie=184 reply_cookie=0 error=n/a
[   43.862242] systemd[1]: Sent message type=signal sender=n/a destination=n/a object=/org/freedesktop/systemd1/unit/sys_2ddevices_2dplatform_2dsound_2dsound_2dcard0_2edevice interface=org.freedesktop.DBus.Properties member=PropertiesChanged cookie=187 reply_cookie=0 error=n/a
Labgrid Console Logfile for main
Logfile started at 2024-12-14 21:56:27.100939
=== Log starts here ===

U-Boot SPL 2019.04-00002-g31a8ae0206 (May 13 2020 - 09:26:17 -0500)
Trying to boot from MMC2
Loading Environment from EXT4... 
** Unable to use mmc 0:1 for loading the env **


U-Boot 2019.04-00002-g31a8ae0206 (May 13 2020 - 09:26:17 -0500), Build: jenkins-github_Bootloader-Builder-139

CPU  : AM335X-GP rev 2.1
I2C:   ready
DRAM:  512 MiB
No match for driver 'omap_hsmmc'
No match for driver 'omap_hsmmc'
Some drivers were not found
Reset Source: Power-on reset has occurred.
RTC 32KCLK Source: External.
MMC:   OMAP SD/MMC: 0, OMAP SD/MMC: 1
Loading Environment from EXT4... 
** Unable to use mmc 0:1 for loading the env **
Board: BeagleBone Black
<ethaddr> not set. Validating first E-fuse MAC
BeagleBone Black:
BeagleBone: cape eeprom: i2c_probe: 0x54:
BeagleBone: cape eeprom: i2c_probe: 0x55:
BeagleBone: cape eeprom: i2c_probe: 0x56:
BeagleBone: cape eeprom: i2c_probe: 0x57:
Net:   eth0: MII MODE
cpsw, usb_ether
Press SPACE to abort autoboot in 0 seconds
board_name=[A335BNLT] ...
board_rev=[00C0] ...
switch to partitions #0, OK
mmc0 is current device
SD/MMC found on device 0
switch to partitions #0, OK
mmc0 is current device
Scanning mmc 0:1...
gpio: pin 56 (gpio 56) value is 0
gpio: pin 55 (gpio 55) value is 0
gpio: pin 54 (gpio 54) value is 0
gpio: pin 53 (gpio 53) value is 1
switch to partitions #0, OK
mmc0 is current device
gpio: pin 54 (gpio 54) value is 1
Checking for: /uEnv.txt ...
584 bytes read in 2 ms (285.2 KiB/s)
gpio: pin 55 (gpio 55) value is 1
Loaded environment from /uEnv.txt
Importing environment from mmc ...
Checking if uenvcmd is set ...
gpio: pin 56 (gpio 56) value is 1
Running uenvcmd ...
cpsw Waiting for PHY auto negotiation to complete.... done
link up on port 0, speed 100, full duplex
Using cpsw device
TFTP from server 192.168.255.126; our IP address is 192.168.255.4
Filename 'zImage'.
Load address: 0x81000000
Loading: *#################################################################
	 #################################################################
	 #################################################################
	 #################################################################
	 #################################################################
	 #####
	 3 MiB/s
done
Bytes transferred = 4841328 (49df70 hex)
link up on port 0, speed 100, full duplex
Using cpsw device
TFTP from server 192.168.255.126; our IP address is 192.168.255.4
Filename 'am335x-boneblack.dtb'.
Load address: 0x82000000
Loading: *#######
	 2.6 MiB/s
done
Bytes transferred = 94748 (1721c hex)
## Flattened Device Tree blob at 82000000
   Booting using the fdt blob at 0x82000000
   Loading Device Tree to 8ffe5000, end 8ffff21b ... OK

Starting kernel ...

[    0.000000] Booting Linux on physical CPU 0x0
[    0.000000] Linux version 5.15.174 (user01@drvtest01) (arm-linux-gnueabihf-gcc (Linaro GCC 6.4-2017.11) 6.4.1 20171012, GNU ld (Linaro_Binutils-2017.11) 2.27.0.20161229) #10 SMP Sat Dec 14 21:25:12 EET 2024
[    0.000000] CPU: ARMv7 Processor [413fc082] revision 2 (ARMv7), cr=10c5387d
[    0.000000] CPU: PIPT / VIPT nonaliasing data cache, VIPT aliasing instruction cache
[    0.000000] OF: fdt: Machine model: TI AM335x BeagleBone Black
[    0.000000] earlycon: omap8250 at MMIO 0x44e09000 (options '')
[    0.000000] printk: bootconsole [omap8250] enabled
[    0.000000] Memory policy: Data cache writeback
[    0.000000] cma: Reserved 16 MiB at 0x9e800000
[    0.000000] Zone ranges:
[    0.000000]   Normal   [mem 0x0000000080000000-0x000000009fdfffff]
[    0.000000]   HighMem  empty
[    0.000000] Movable zone start for each node
[    0.000000] Early memory node ranges
[    0.000000]   node   0: [mem 0x0000000080000000-0x000000009fdfffff]
[    0.000000] Initmem setup node 0 [mem 0x0000000080000000-0x000000009fdfffff]
[    0.000000] CPU: All CPU(s) started in SVC mode.
[    0.000000] AM335X ES2.1 (sgx neon)
[    0.000000] percpu: Embedded 16 pages/cpu s33804 r8192 d23540 u65536
[    0.000000] pcpu-alloc: s33804 r8192 d23540 u65536 alloc=16*4096
[    0.000000] pcpu-alloc: [0] 0 
[    0.000000] Built 1 zonelists, mobility grouping on.  Total pages: 129412
[    0.000000] Kernel command line: console=ttyO0,115200n8 debug earlycon root=/dev/nfs rw nfsroot=192.168.255.126:/home/user01/nfs,nfsvers=3 ip=192.168.255.4:192.168.255.126::255.255.255.0:bbb1:eth0 nfsrootdebug
[    0.000000] Unknown kernel command line parameters "nfsrootdebug", will be passed to user space.
[    0.000000] Dentry cache hash table entries: 65536 (order: 6, 262144 bytes, linear)
[    0.000000] Inode-cache hash table entries: 32768 (order: 5, 131072 bytes, linear)
[    0.000000] mem auto-init: stack:off, heap alloc:off, heap free:off
[    0.000000] Memory: 484752K/522240K available (10240K kernel code, 1079K rwdata, 2392K rodata, 1024K init, 246K bss, 21104K reserved, 16384K cma-reserved, 0K highmem)
[    0.000000] trace event string verifier disabled
[    0.000000] rcu: Hierarchical RCU implementation.
[    0.000000] rcu: 	RCU event tracing is enabled.
[    0.000000] rcu: 	RCU restricting CPUs from NR_CPUS=2 to nr_cpu_ids=1.
[    0.000000] rcu: RCU calculated value of scheduler-enlistment delay is 10 jiffies.
[    0.000000] rcu: Adjusting geometry for rcu_fanout_leaf=16, nr_cpu_ids=1
[    0.000000] NR_IRQS: 16, nr_irqs: 16, preallocated irqs: 16
[    0.000000] IRQ: Found an INTC at 0x(ptrval) (revision 5.0) with 128 interrupts
[    0.000000] TI gptimer clocksource: always-on /ocp/interconnect@44c00000/segment@200000/target-module@31000
[    0.000002] sched_clock: 32 bits at 24MHz, resolution 41ns, wraps every 89478484971ns
[    0.008069] clocksource: dmtimer: mask: 0xffffffff max_cycles: 0xffffffff, max_idle_ns: 79635851949 ns
[    0.018059] TI gptimer clockevent: 24000000 Hz at /ocp/interconnect@48000000/segment@0/target-module@40000
[    0.029835] Console: colour dummy device 80x30
[    0.034454] WARNING: Your 'console=ttyO0' has been replaced by 'ttyS0'
[    0.041242] This ensures that you still see kernel messages. Please
[    0.047690] update your kernel commandline.
[    0.052042] Calibrating delay loop... 996.14 BogoMIPS (lpj=4980736)
[    0.094533] CPU: Testing write buffer coherency: ok
[    0.099649] CPU0: Spectre v2: using BPIALL workaround
[    0.104849] pid_max: default: 32768 minimum: 301
[    0.109756] LSM: Security Framework initializing
[    0.114690] Mount-cache hash table entries: 1024 (order: 0, 4096 bytes, linear)
[    0.122248] Mountpoint-cache hash table entries: 1024 (order: 0, 4096 bytes, linear)
[    0.131867] CPU0: thread -1, cpu 0, socket -1, mpidr 0
[    0.138300] Setting up static identity map for 0x80100000 - 0x80100078
[    0.145263] rcu: Hierarchical SRCU implementation.
[    0.151429] smp: Bringing up secondary CPUs ...
[    0.156106] smp: Brought up 1 node, 1 CPU
[    0.160289] SMP: Total of 1 processors activated (996.14 BogoMIPS).
[    0.166740] CPU: All CPU(s) started in SVC mode.
[    0.172308] devtmpfs: initialized
[    0.190237] VFP support v0.3: implementor 41 architecture 3 part 30 variant c rev 3
[    0.198522] clocksource: jiffies: mask: 0xffffffff max_cycles: 0xffffffff, max_idle_ns: 19112604462750000 ns
[    0.208696] futex hash table entries: 256 (order: 2, 16384 bytes, linear)
[    0.217051] pinctrl core: initialized pinctrl subsystem
[    0.224624] NET: Registered PF_NETLINK/PF_ROUTE protocol family
[    0.233595] DMA: preallocated 256 KiB pool for atomic coherent allocations
[    0.241305] audit: initializing netlink subsys (disabled)
[    0.248178] thermal_sys: Registered thermal governor 'fair_share'
[    0.248199] thermal_sys: Registered thermal governor 'step_wise'
[    0.254473] thermal_sys: Registered thermal governor 'user_space'
[    0.261046] cpuidle: using governor menu
[    0.287910] No ATAGs?
[    0.290367] hw-breakpoint: debug architecture 0x4 unsupported.
[    0.304657] kprobes: kprobe jump-optimization is enabled. All kprobes are optimized if possible.
[    0.313903] audit: type=2000 audit(0.210:1): state=initialized audit_enabled=0 res=1
[    0.327254] reg-fixed-voltage fixedregulator0: GPIO lookup for consumer (null)
[    0.334835] reg-fixed-voltage fixedregulator0: using device tree for GPIO lookup
[    0.342507] of_get_named_gpiod_flags: can't parse 'gpios' property of node '/fixedregulator0[0]'
[    0.351596] of_get_named_gpiod_flags: can't parse 'gpio' property of node '/fixedregulator0[0]'
[    0.360576] reg-fixed-voltage fixedregulator0: using lookup tables for GPIO lookup
[    0.368381] reg-fixed-voltage fixedregulator0: No GPIO consumer (null) found
[    0.376804] iommu: Default domain type: Translated 
[    0.381887] iommu: DMA domain TLB invalidation policy: strict mode 
[    0.389649] vgaarb: loaded
[    0.392968] SCSI subsystem initialized
[    0.397235] libata version 3.00 loaded.
[    0.401643] pps_core: LinuxPPS API ver. 1 registered
[    0.406757] pps_core: Software ver. 5.3.6 - Copyright 2005-2007 Rodolfo Giometti <giometti@linux.it>
[    0.416222] PTP clock support registered
[    0.422008] clocksource: Switched to clocksource dmtimer
[    0.473381] VFS: Disk quotas dquot_6.6.0
[    0.477539] VFS: Dquot-cache hash table entries: 1024 (order 0, 4096 bytes)
[    0.578012] NET: Registered PF_INET protocol family
[    0.583482] IP idents hash table entries: 8192 (order: 4, 65536 bytes, linear)
[    0.591944] tcp_listen_portaddr_hash hash table entries: 512 (order: 0, 4096 bytes, linear)
[    0.600578] Table-perturb hash table entries: 65536 (order: 6, 262144 bytes, linear)
[    0.608600] TCP established hash table entries: 4096 (order: 2, 16384 bytes, linear)
[    0.616625] TCP bind hash table entries: 4096 (order: 3, 32768 bytes, linear)
[    0.624041] TCP: Hash tables configured (established 4096 bind 4096)
[    0.630711] UDP hash table entries: 256 (order: 1, 8192 bytes, linear)
[    0.637477] UDP-Lite hash table entries: 256 (order: 1, 8192 bytes, linear)
[    0.644853] NET: Registered PF_UNIX/PF_LOCAL protocol family
[    0.715184] RPC: Registered named UNIX socket transport module.
[    0.721299] RPC: Registered udp transport module.
[    0.726191] RPC: Registered tcp transport module.
[    0.731030] RPC: Registered tcp NFSv4.1 backchannel transport module.
[    0.737685] PCI: CLS 0 bytes, default 64
[    0.743245] Initialise system trusted keyrings
[    0.797026] workingset: timestamp_bits=14 max_order=17 bucket_order=3
[    0.805123] NFS: Registering the id_resolver key type
[    0.810395] Key type id_resolver registered
[    0.814791] Key type id_legacy registered
[    0.818975] jffs2: version 2.2. (NAND) (SUMMARY)  Â© 2001-2006 Red Hat, Inc.
[    0.852513] Key type asymmetric registered
[    0.856749] Asymmetric key parser 'x509' registered
[    0.861914] io scheduler mq-deadline registered
[    0.866579] io scheduler kyber registered
[    0.904915] Serial: 8250/16550 driver, 6 ports, IRQ sharing enabled
[    0.947720] brd: module loaded
[    0.968934] loop: module loaded
[    0.973186] mtdoops: mtd device (mtddev=name/number) must be supplied
[    0.981047] mdio_bus fixed-0: GPIO lookup for consumer reset
[    0.986976] mdio_bus fixed-0: using lookup tables for GPIO lookup
[    0.993269] mdio_bus fixed-0: No GPIO consumer reset found
[    0.999972] i2c_dev: i2c /dev entries driver
[    1.005329] cpuidle: enable-method property 'ti,am3352' found operations
[    1.012715] sdhci: Secure Digital Host Controller Interface driver
[    1.019078] sdhci: Copyright(c) Pierre Ossman
[    1.023776] sdhci-pltfm: SDHCI platform and OF driver helper
[    1.086173] ledtrig-cpu: registered to indicate activity on CPUs
[    1.092963] Initializing XFRM netlink socket
[    1.097577] NET: Registered PF_INET6 protocol family
[    1.140353] Segment Routing with IPv6
[    1.144289] In-situ OAM (IOAM) with IPv6
[    1.148419] sit: IPv6, IPv4 and MPLS over IPv4 tunneling driver
[    1.155382] NET: Registered PF_PACKET protocol family
[    1.160623] NET: Registered PF_KEY protocol family
[    1.165736] Key type dns_resolver registered
[    1.170276] ThumbEE CPU extension supported.
[    1.174718] Registering SWP/SWPB emulation handler
[    1.180146] omap_voltage_late_init: Voltage driver support not added
[    1.187094] SmartReflex Class3 initialized
[    1.240458] Loading compiled-in X.509 certificates
[    1.285280] pinctrl-single 44e10800.pinmux: 142 pins, size 568
[    1.295698] ti-sysc: probe of 44e31000.target-module failed with error -16
[    1.364551] ti-sysc: probe of 48040000.target-module failed with error -16
[    1.381674] gpio gpiochip0: (gpio-0-31): created GPIO range 0->7 ==> 44e10800.pinmux PIN 0->7
[    1.390604] gpio gpiochip0: (gpio-0-31): created GPIO range 8->11 ==> 44e10800.pinmux PIN 90->93
[    1.399678] gpio gpiochip0: (gpio-0-31): created GPIO range 12->27 ==> 44e10800.pinmux PIN 12->27
[    1.408836] gpio gpiochip0: (gpio-0-31): created GPIO range 28->31 ==> 44e10800.pinmux PIN 30->33
[    1.473729] gpio gpiochip0: (gpio-0-31): added GPIO chardev (254:0)
[    1.480321] gpio gpiochip0: registered GPIOs 0 to 31 on gpio-0-31
[    1.486709] OMAP GPIO hardware version 0.1
[    1.533770] i2c i2c-2: GPIO lookup for consumer scl
[    1.538824] i2c i2c-2: using device tree for GPIO lookup
[    1.544372] of_get_named_gpiod_flags: can't parse 'scl-gpios' property of node '/ocp/interconnect@48000000/segment@100000/target-module@9c000/i2c@0[0]'
[    1.558395] of_get_named_gpiod_flags: can't parse 'scl-gpio' property of node '/ocp/interconnect@48000000/segment@100000/target-module@9c000/i2c@0[0]'
[    1.572319] i2c i2c-2: using lookup tables for GPIO lookup
[    1.577965] i2c i2c-2: No GPIO consumer scl found
[    1.582852] i2c i2c-2: GPIO lookup for consumer sda
[    1.587871] i2c i2c-2: using device tree for GPIO lookup
[    1.593359] of_get_named_gpiod_flags: can't parse 'sda-gpios' property of node '/ocp/interconnect@48000000/segment@100000/target-module@9c000/i2c@0[0]'
[    1.607369] of_get_named_gpiod_flags: can't parse 'sda-gpio' property of node '/ocp/interconnect@48000000/segment@100000/target-module@9c000/i2c@0[0]'
[    1.621283] i2c i2c-2: using lookup tables for GPIO lookup
[    1.626944] i2c i2c-2: No GPIO consumer sda found
[    1.632461] omap_i2c 4819c000.i2c: bus 2 rev0.11 at 100 kHz
[    1.643488] gpio gpiochip1: (gpio-32-63): created GPIO range 0->17 ==> 44e10800.pinmux PIN 34->51
[    1.652733] gpio gpiochip1: (gpio-32-63): created GPIO range 18->21 ==> 44e10800.pinmux PIN 77->80
[    1.661988] gpio gpiochip1: (gpio-32-63): created GPIO range 22->31 ==> 44e10800.pinmux PIN 56->65
[    1.724654] gpio gpiochip1: (gpio-32-63): added GPIO chardev (254:1)
[    1.731347] gpio gpiochip1: registered GPIOs 32 to 63 on gpio-32-63
[    1.740117] gpio gpiochip2: (gpio-64-95): created GPIO range 0->4 ==> 44e10800.pinmux PIN 66->70
[    1.749289] gpio gpiochip2: (gpio-64-95): created GPIO range 5->6 ==> 44e10800.pinmux PIN 98->99
[    1.758363] gpio gpiochip2: (gpio-64-95): created GPIO range 7->8 ==> 44e10800.pinmux PIN 75->76
[    1.767430] gpio gpiochip2: (gpio-64-95): created GPIO range 13->13 ==> 44e10800.pinmux PIN 141->141
[    1.776855] gpio gpiochip2: (gpio-64-95): created GPIO range 14->21 ==> 44e10800.pinmux PIN 100->107
[    1.786720] gpio gpiochip2: (gpio-64-95): added GPIO chardev (254:2)
[    1.793418] gpio gpiochip2: registered GPIOs 64 to 95 on gpio-64-95
[    1.817337] mdio_bus 4a101000.mdio: GPIO lookup for consumer reset
[    1.823841] mdio_bus 4a101000.mdio: using device tree for GPIO lookup
[    1.830485] of_get_named_gpiod_flags: can't parse 'reset-gpios' property of node '/ocp/interconnect@4a000000/segment@0/target-module@100000/switch@0/mdio@1000[0]'
[    1.845498] of_get_named_gpiod_flags: can't parse 'reset-gpio' property of node '/ocp/interconnect@4a000000/segment@0/target-module@100000/switch@0/mdio@1000[0]'
[    1.860452] mdio_bus 4a101000.mdio: using lookup tables for GPIO lookup
[    1.867283] mdio_bus 4a101000.mdio: No GPIO consumer reset found
[    1.874402] sdhci-omap 481d8000.mmc: GPIO lookup for consumer wp
[    1.880603] sdhci-omap 481d8000.mmc: using device tree for GPIO lookup
[    1.887407] of_get_named_gpiod_flags: can't parse 'wp-gpios' property of node '/ocp/interconnect@48000000/segment@100000/target-module@d8000/mmc@0[0]'
[    1.901343] of_get_named_gpiod_flags: can't parse 'wp-gpio' property of node '/ocp/interconnect@48000000/segment@100000/target-module@d8000/mmc@0[0]'
[    1.915191] sdhci-omap 481d8000.mmc: using lookup tables for GPIO lookup
[    1.922107] sdhci-omap 481d8000.mmc: No GPIO consumer wp found
[    1.928276] sdhci-omap 481d8000.mmc: supply vqmmc not found, using dummy regulator
[    1.938571] davinci_mdio 4a101000.mdio: davinci mdio revision 1.6, bus freq 1000000
[    1.947968] mdio_bus 4a101000.mdio:00: GPIO lookup for consumer reset
[    1.954724] mdio_bus 4a101000.mdio:00: using device tree for GPIO lookup
[    1.961639] of_get_named_gpiod_flags: can't parse 'reset-gpios' property of node '/ocp/interconnect@4a000000/segment@0/target-module@100000/switch@0/mdio@1000/ethernet-phy@0[0]'
[    1.978056] of_get_named_gpiod_flags: can't parse 'reset-gpio' property of node '/ocp/interconnect@4a000000/segment@0/target-module@100000/switch@0/mdio@1000/ethernet-phy@0[0]'
[    1.994319] mdio_bus 4a101000.mdio:00: using lookup tables for GPIO lookup
[    2.001396] mdio_bus 4a101000.mdio:00: No GPIO consumer reset found
[    2.009050] davinci_mdio 4a101000.mdio: phy[0]: device 4a101000.mdio:00, driver SMSC LAN8710/LAN8720
[    2.019024] cpsw-switch 4a100000.switch: initialized cpsw ale version 1.4
[    2.026091] cpsw-switch 4a100000.switch: ALE Table size 1024
[    2.032209] cpsw-switch 4a100000.switch: cpts: overflow check period 500 (jiffies)
[    2.040013] cpsw-switch 4a100000.switch: CPTS: ref_clk_freq:250000000 calc_mult:2147483648 calc_shift:29 error:0 nsec/sec
[    2.051419] cpsw-switch 4a100000.switch: Detected MACID = 18:2c:65:25:1d:6e
[    2.060190] cpsw-switch 4a100000.switch: initialized (regs 0x4a100000, pool size 256) hw_ver:0019010C 1.12 (0)
[    2.079857] debugfs: Directory '49000000.dma' with parent 'dmaengine' already present!
[    2.088174] edma 49000000.dma: TI EDMA DMA engine driver
 [    2.111540] hw perfevents: enabled with armv7_cortex_a8 PMU  driver, 5 counters available
[    2.120525] gpio-clk clk_mca sp0: GPIO lookup for consumer enable
[    2.126789] gpio-clk  clk_mcasp0: using device tree for GPIO lookup
[    2.133214]  of_get_n
[    5.952457] cpsw-switch 4a100000.switch eth0: Link is Up - 100Mbps/Full - flow control off
[    5.971788] IPv6: ADDRCONF(NETDEV_CHANGE): eth0: link becomes ready
[    6.001734] IP-Config: Complete:
[    6.004992]      device=eth0, hwaddr=18:2c:65:25:1d:6e, ipaddr=192.168.255.4, mask=255.255.255.0, gw=255.255.255.255
[    6.015607]      host=bbb1, domain=, nis-domain=(none)
[    6.020769]      bootserver=192.168.255.126, rootserver=192.168.255.126, rootpath=
[    6.021160] clk: Disabling unused clocks
[    6.033026] TAP version 14
[    6.035749] 1..0
[    6.059106] VFS: Mounted root (nfs filesystem) on device 0:16.
[    6.065977] devtmpfs: mounted
[    6.070273] Freeing unused kernel image (initmem) memory: 1024K
[    6.077147] Run /sbin/init as init process
[    6.081280]   with arguments:
[    6.084341]     /sbin/init
[    6.087063]     nfsrootdebug
[    6.089954]   with environment:
[    6.093131]     HOME=/
[    6.095502]     TERM=linux
[    6.784078] systemd[1]: System time before build time, advancing clock.
[    6.975487] random: systemd: uninitialized urandom read (16 bytes read)
[    6.987485] random: systemd: uninitialized urandom read (16 bytes read)
[    6.995050] systemd[1]: Mounting cgroup to /sys/fs/cgroup/memory of type cgroup with options memory.
[    7.005214] systemd[1]: Mounting cgroup to /sys/fs/cgroup/freezer of type cgroup with options freezer.
[    7.015370] systemd[1]: Mounting cgroup to /sys/fs/cgroup/net_cls of type cgroup with options net_cls.
[    7.025386] systemd[1]: Mounting cgroup to /sys/fs/cgroup/devices of type cgroup with options devices.
[    7.035349] systemd[1]: Mounting cgroup to /sys/fs/cgroup/cpuset of type cgroup with options cpuset.
[    7.045197] systemd[1]: Mounting cgroup to /sys/fs/cgroup/cpu,cpuacct of type cgroup with options cpu,cpuacct.
[    7.056004] systemd[1]: Mounting cgroup to /sys/fs/cgroup/blkio of type cgroup with options blkio.
[    7.065633] systemd[1]: Mounting cgroup to /sys/fs/cgroup/perf_event of type cgroup with options perf_event.
[    7.076034] systemd[1]: systemd 232 running in system mode. (+PAM +AUDIT +SELINUX +IMA +APPARMOR +SMACK +SYSVINIT +UTMP +LIBCRYPTSETUP +GCRYPT +GNUTLS +ACL +XZ +LZ4 +SECCOMP +BLKID +ELFUTILS +KMOD +IDN)
[    7.094444] systemd[1]: No virtualization found in DMI

Welcome to [1mDebian GNU/Linux 9 (stretch)[0m!

[    7.420769] systemd-fstab-generator[79]: Parsing /etc/fstab
[    7.523156] systemd-gpt-auto-generator[76]: Neither root nor /usr file system are on a (single) block device.
[    7.542440] random: systemd-cryptse: uninitialized urandom read (16 bytes read)
[    7.550501] systemd-getty-generator[81]: Automatically adding serial getty for /dev/ttyS0.
[    7.583499] systemd-sysv-generator[84]: Native unit for sudo.service already exists, skipping.
[    7.594549] systemd-sysv-generator[84]: Native unit for apache-htcacheclean.service already exists, skipping.
[    7.608771] systemd-sysv-generator[84]: Native unit for kmod.service already exists, skipping.
[    7.619353] systemd-sysv-generator[84]: Native unit for dbus.service already exists, skipping.
[    7.630474] systemd-sysv-generator[84]: Cannot find unit hostapd.service.
[    7.639235] systemd-sysv-generator[84]: Cannot find unit loadcpufreq.service.
[    7.648304] systemd-sysv-generator[84]: Native unit for ofono.service already exists, skipping.
[    7.658952] systemd-sysv-generator[84]: Native unit for avahi-daemon.service already exists, skipping.
[    7.670169] systemd-sysv-generator[84]: Native unit for cron.service already exists, skipping.
[    7.681409] systemd-sysv-generator[84]: Native unit for hwclock.service already exists, skipping.
[    7.749794] printk: systemd-sysv-ge: 61 output lines suppressed due to ratelimiting
[    7.992964] random: systemd: uninitialized urandom read (16 bytes read)
[    8.003557] random: systemd: uninitialized urandom read (16 bytes read)
[    8.035898] random: systemd: uninitialized urandom read (16 bytes read)
[[0;32m  OK  [0m] Listening on Journal Socket (/dev/log).
[[0;32m  OK  [0m] Created slice User and Session Slice.
[[0;32m  OK  [0m] Started Dispatch Password Requests to Console Directory Watch.
[[0;32m  OK  [0m] Listening on Journal Audit Socket.
[[0;32m  OK  [0m] Listening on udev Kernel Socket.
[[0;32m  OK  [0m] Listening on /dev/initctl Compatibility Named Pipe.
[[0;32m  OK  [0m] Listening on Syslog Socket.
[[0;32m  OK  [0m] Set up automount Arbitrary Executabâ¦rmats File System Automount Point.
[[0;32m  OK  [0m] Started Forward Password Requests to Wall Directory Watch.
[[0;32m  OK  [0m] Reached target Paths.
[[0;32m  OK  [0m] Reached target Encrypted Volumes.
[[0;32m  OK  [0m] Listening on udev Control Socket.
[[0;32m  OK  [0m] Created slice System Slice.
[[0;32m  OK  [0m] Reached target Slices.
[[0;32m  OK  [0m] Created slice system-getty.slice.
         Mounting Debug File System...
[    8.702810] systemd[85]: sys-kernel-debug.mount: Executing: /bin/mount debugfs /sys/kernel/debug -t debugfs
[[0;32m  OK  [0m] Created slice system-serial\x2dgetty.slice.
[[0;32m  OK  [0m] Reached target Swap.
         Mounting POSIX Message Queue File System...
[    8.818798] systemd[86]: dev-mqueue.mount: Executing: /bin/mount mqueue /dev/mqueue -t mqueue
[[0;32m  OK  [0m] Listening on Journal Socket.
         Starting Load Kernel Modules...
         Starting Create list of required stâ¦ce nodes for the current kernel...
         Starting Remount Root and Kernel File Systems...
         Starting Journal Service...
[    9.032790] random: systemd: uninitialized urandom read (16 bytes read)
[[0;32m  OK  [0m] Reached target Remote File Systems.
[    9.074700] random: systemd: uninitialized urandom read (16 bytes read)
[    9.145084] random: systemd-modules: uninitialized urandom read (16 bytes read)
[[0;32m  OK  [0m] Mounted POSIX Message Queue File System.
[[0;32m  OK  [0m] Mounted Debug File System.
[[0;32m  OK  [0m] Started Load Kernel Modules.
[[0;32m  OK  [0m] Started Create list of required staâ¦vice nodes for the current kernel.
[[0;32m  OK  [0m] Started Remount Root and Kernel File Systems[    9.275799] systemd-journald[92]: Fixed min_use=1.0M max_use=24.5M max_size=3.0M min_size=512.0K keep_free=36.7M n_max_files=100
.
         Starting udev Coldplug all Devices...
[    9.357710] systemd-journald[92]: Reserving 5582 entries in hash table.
         Starting Load/Save Random Seed...
[    9.387118] systemd-journald[92]: Vacuuming...
          Starting Create Static Device Nodes in /dev...[    9. 408395] systemd-journald[92]: Vacuuming done, freed 0B of arch ived journals from /run/log/journal/c2029cc3b8b4efd6445bffc438 6d43a0.

         Mounting Configuration File System...
          St
[   15.211892] random: crng init done
[   15.215346] random: 453 urandom warning(s) missed due to ratelimiting
[[0;32m  OK  [0m] Started Create Volatile Files and Directories.
[   15.419233] systemd-journald[92]: Successfully sent stream file descriptor to service manager.
         Starting Network Time Synchronization...
[   15.523848] systemd-journald[92]: Successfully sent stream file descriptor to service manager.
         Starting Update UTMP about System Boot/Shutdown...
[   15.823940] systemd-journald[92]: /run/log/journal/c2029cc3b8b4efd6445bffc4386d43a0/system.journal: Journal header limits reached or header out-of-date, rotating.
[   15.839890] systemd-journald[92]: Rotating...
[   15.857775] systemd-journald[92]: Reserving 5582 entries in hash table.
[   15.872382] systemd-journald[92]: Vacuuming...
[   15.877482] systemd-journald[92]: Vacuuming done, freed 0B of archived journals from /run/log/journal/c2029cc3b8b4efd6445bffc4386d43a0.
[   15.902818] systemd-journald[92]: /run/log/journal/c2029cc3b8b4efd6445bffc4386d43a0/system.journal: Journal header limits reached or header out-of-date, rotating.
[   15.917880] systemd-journald[92]: Rotating...
[   15.926945] systemd-journald[92]: Reserving 5582 entries in hash table.
[[0;32m  OK  [0m] Started Update UTMP about System Boot/Shutdown.
[[0;32m  OK  [0m] Started Network Time Synchronization.
[[0;32m  OK  [0m] Reached target System Time Synchronized.
[[0;32m  OK  [0m] Reached target System Initialization.
[[0;32m  OK  [0m] Listening on D-Bus System Message Bus Socket.
[[0;32m  OK  [0m] Listening on Avahi mDNS/DNS-SD Stack Activation Socket.
[[0;32m  OK  [0m] Reached target Sockets.
[   16.786197] of_get_named_gpiod_flags: parsed 'gpios' property of node '/leds/led2[0]' - status (0)
[   16.795451] gpio gpiochip0: Persistence not supported for GPIO 21
[   16.801582] gpio-21 (?): no flags found for gpios
[   16.806609] of_get_named_gpiod_flags: parsed 'gpios' property of node '/leds/led3[0]' - status (0)
[   16.815690] gpio gpiochip0: Persistence not supported for GPIO 22
[   16.821840] gpio-22 (?): no flags found for gpios
[   16.826772] of_get_named_gpiod_flags: parsed 'gpios' property of node '/leds/led4[0]' - status (0)
[   16.835972] gpio gpiochip0: Persistence not supported for GPIO 23
[   16.842135] gpio-23 (?): no flags found for gpios
[   16.847065] of_get_named_gpiod_flags: parsed 'gpios' property of node '/leds/led5[0]' - status (0)
[   16.856133] gpio gpiochip0: Persistence not supported for GPIO 24
[   16.862279] gpio-24 (?): no flags found for gpios
[[0;32m  OK  [0m] Reached target Basic System.
         Starting Cape Manager Service...
[[0;32m  OK  [0m] Started D-Bus System Message Bus.
[   17.572008] systemd[1]: Got message type=method_return sender=org.freedesktop.DBus destination=:1.0 object=n/a interface=n/a member=n/a cookie=1 reply_cookie=1 error=n/a
[   17.631953] systemd[1]: Sent message type=method_call sender=n/a destination=org.freedesktop.DBus object=/org/freedesktop/DBus interface=org.freedesktop.DBus member=AddMatch cookie=2 reply_cookie=0 error=n/a
[   17.691970] systemd[1]: Got message type=method_return sender=org.freedesktop.DBus destination=:1.0 object=n/a interface=n/a member=n/a cookie=3 reply_cookie=2 error=n/a
[   17.741956] systemd[1]: Sent message type=method_call sender=n/a destination=org.freedesktop.DBus object=/org/freedesktop/DBus interface=org.freedesktop.DBus member=AddMatch cookie=3 reply_cookie=0 error=n/a
[   17.801898] remoteproc remoteproc0: wkup_m3 is available
[   17.808293] systemd[1]: Got message type=method_return sender=org.freedesktop.DBus destination=:1.0 object=n/a interface=n/a member=n/a cookie=4 reply_cookie=3 error=n/a
 [   17.902258] systemd[1]: Sent message type=method_call sende r=n/a destination=org.freedesktop.DBus object=/org/freedesktop /DBus interface=org.freedesktop.DBus member=AddMatch cookie=5  reply_cookie=0 error=n/a
[   17.961976] systemd[1]: Got messa ge type=
[[0;32m  OK  [0m] Started LSB: Start busybox udhcpd at boot time.
[[0;32m  OK  [0m] Started Telephony service.
[   22.582085] systemd[1]: Got message type=signal sender=org.freedesktop.DBus destination=n/a object=/org/freedesktop/DBus interface=org.freedesktop.DBus member=NameOwnerChanged cookie=13 reply_cookie=0 error=n/a
[   22.712152] systemd[1]: connman.service: D-Bus name net.connman changed owner from  to :1.2
[   22.772192] systemd[1]: connman.service: Changed start -> running
[   22.797772] systemd[1]: connman.service: Job connman.service/start finished, result=done
[[0;32m  OK  [0m] Started Connection service.
[   22.952075] systemd[1]: Got message type=signal sender=org.freedesktop.DBus destination=n/a object=/org/freedesktop/DBus interface=org.freedesktop.DBus member=NameOwnerChanged cookie=14 reply_cookie=0 error=n/a
[   23.102198] systemd[1]: dundee.service: D-Bus name org.ofono.dundee changed owner from  to :1.3
[   23.161327] systemd[1]: dundee.service: Changed start -> running
[   23.232091] systemd[1]: dundee.service: Job dundee.service/start finished, result=done
[[0;32m  OK  [0m] Started DUN service.
[   23.312091] systemd[1]: Got message type=signal sender=org.freedesktop.DBus destination=n/a object=/org/freedesktop/DBus interface=org.freedesktop.DBus member=NameOwnerChanged cookie=15 reply_cookie=0 error=n/a
[   23.459216] tps6521x_pwrbutton tps65217-pwrbutton: DMA mask not set
[   23.466662] systemd[1]: avahi-daemon.service: D-Bus name org.freedesktop.Avahi changed owner from  to :1.5
[   23.520277] input: tps65217_pwrbutton as /devices/platform/ocp/44c00000.interconnect/44c00000.interconnect:segment@200000/44e0b000.target-module/44e0b000.i2c/i2c-0/0-0024/tps65217-pwrbutton/input/input0
[[0;32m  OK  [0m] Started Avahi mDNS/DNS-SD Stack.
[[0;32m  OK  [0m] Started LSB: Load kernel modules needed to enable cpufreq scaling.
[   24.388135] using random self ethernet address
[   24.392800] using random host ethernet address
[   24.558969] using random self ethernet address
[   24.563641] using random host ethernet address
[   24.678409] userial_init: registered 8 ttyGS* devices
[   24.814130] rndis_register: configNr = 0
[[0;32m  OK  [0m] Started Login Service.
[   25.121029] systemd-journald[92]: Successfully sent stream file descriptor to service manager.
         Starting Hostname Service...
[   25.207446] systemd-journald[92]: Successfully sent stream file descriptor to service manager.
         Starting WPA supplicant...
         Starting LSB: set CPUFreq kernel parameters...
[   25.386797] systemd-journald[92]: Successfully sent stream file descriptor to service manager.
[   25.921540] omap_wdt: OMAP Watchdog Timer Rev 0x01: initial timeout 60 sec
[[0;32m  OK  [0m] Started WPA supplicant.
[   26.051875] omap_rtc 44e3e000.rtc: registered as rtc0
[   26.057030] omap_rtc 44e3e000.rtc: setting system clock to 2000-01-01T00:00:00 UTC (946684800)
[   26.065771] omap_rtc 44e3e000.rtc: GPIO lookup for consumer wp
[   26.071636] omap_rtc 44e3e000.rtc: using device tree for GPIO lookup
[   26.078085] of_get_named_gpiod_flags: can't parse 'wp-gpios' property of node '/ocp/interconnect@44c00000/segment@200000/target-module@3e000/rtc@0[0]'
[   26.091709] of_get_named_gpiod_flags: can't parse 'wp-gpio' property of node '/ocp/interconnect@44c00000/segment@200000/target-module@3e000/rtc@0[0]'
[   26.105216] omap_rtc 44e3e000.rtc: using lookup tables for GPIO lookup
[   26.111796] omap_rtc 44e3e000.rtc: No GPIO consumer wp found
[   26.137991] systemd-journald[92]: Time jumped backwards, rotating.
[   26.147867] systemd-journald[92]: Rotating...
[   26.176757] systemd-journald[92]: Reserving 5582 entries in hash table.
[   26.195546] systemd-journald[92]: Vacuuming...
[   26.200879] systemd-journald[92]: Vacuuming done, freed 0B of archived journals from /run/log/journal/c2029cc3b8b4efd6445bffc4386d43a0.
 [   26.438935] am335x-phy-driver 47401300.usb-phy: GPIO lookup  for consumer reset
[   26.446418] am335x-phy-driver 47401300 .usb-phy: using device tree for GPIO lookup
[   26.454035] of _get_named_gpiod_flags: can't parse 'reset-gpios' property of  node '/o
[   33.072113] systemd[1]: Sent message type=signal sender=n/a destination=n/a object=/org/freedesktop/systemd1 interface=org.freedesktop.systemd1.Manager member=UnitNew cookie=104 reply_cookie=0 error=n/a
[   33.182095] systemd[1]: Sent message type=signal sender=n/a destination=n/a object=/org/freedesktop/systemd1 interface=org.freedesktop.systemd1.Manager member=UnitNew cookie=105 reply_cookie=0 error=n/a
[   33.372010] systemd[1]: Sent message type=signal sender=n/a destination=n/a object=/org/freedesktop/systemd1 interface=org.freedesktop.systemd1.Manager member=UnitNew cookie=108 reply_cookie=0 error=n/a
[   33.682014] systemd[1]: Sent message type=signal sender=n/a destination=n/a object=/org/freedesktop/systemd1 interface=org.freedesktop.systemd1.Manager member=UnitNew cookie=116 reply_cookie=0 error=n/a
[   34.534880] omap-sham 53100000.sham: hw accel on OMAP rev 4.3
[   34.543389] omap-sham 53100000.sham: will run requests pump with realtime priority
[   34.673639] omap-aes 53500000.aes: OMAP AES hw accel rev: 3.2
[   34.683977] omap-aes 53500000.aes: will run requests pump with realtime priority
[   34.848048] PM: Cannot get wkup_m3_ipc handle
[   35.101999] systemd[1]: sys-subsystem-net-devices-eth0.device: Changed dead -> plugged
[   35.152189] systemd[1]: Sent message type=signal sender=n/a destination=n/a object=/org/freedesktop/systemd1 interface=org.freedesktop.systemd1.Manager member=UnitNew cookie=117 reply_cookie=0 error=n/a
[   35.310365] systemd[1]: dev-ttyS1.device: Changed dead -> plugged
[   35.385239] systemd-journald[92]: Successfully sent stream file descriptor to service manager.
[   35.405290] systemd-journald[92]: Successfully sent stream file descriptor to service manager.
[   35.422011] systemd[1]: dev-ttyS2.device: Changed dead -> plugged

Debian GNU/Linux 9 arm ttyS0

default username:password is [debian:temppwd]

arm login: [   39.483674] PM: Cannot get wkup_m3_ipc handle
[   39.489344] of_get_named_gpiod_flags: can't parse 'simple-audio-card,hp-det-gpio' property of node '/sound[0]'
[   39.499597] of_get_named_gpiod_flags: can't parse 'simple-audio-card,mic-det-gpio' property of node '/sound[0]'
[   39.592353] PM: Cannot get wkup_m3_ipc handle
[   41.972038] systemd[1]: sound.target: Job sound.target/start finished, result=done
roo
Password: 
Last login: Sat Jan  1 00:00:25 UTC 2000 on ttyS0
root
Linux arm 5.15.174 #10 SMP Sat Dec 14 21:25:12 EET 2024 armv7l

The programs included with the Debian GNU/Linux system are free software;
the exact distribution terms for each program are described in the
individual files in /usr/share/doc/*/copyright.

Debian GNU/Linux comes with ABSOLUTELY NO WARRANTY, to the extent
permitted by applicable law.
[   56.897858] systemd-journald[92]: Successfully sent stream file descriptor to service manager.
root@arm:~# root
-bash: root: command not found
root@arm:~# dmesg -n 1
echo 'JELA''ZCTOVU'
root@arm:~# echo 'JELA''ZCTOVU'
JELAZCTOVU
root@arm:~# run() { echo -n "$MARKER"; sh -c "$@"; echo "$MARKER $?"; }
root@arm:~# echo 'QJZO''UQYCWZ'
QJZOUQYCWZ
root@arm:~# MARKER='OVHQ''ABXKFQ' run 'cat /proc/version'
OVHQABXKFQLinux version 5.15.174 (user01@drvtest01) (arm-linux-gnueabihf-gcc (Linaro GCC 6.4-2017.11) 6.4.1 20171012, GNU ld (Linaro_Binutils-2017.11) 2.27.0.20161229) #10 SMP Sat Dec 14 21:25:12 EET 2024
OVHQABXKFQ 0
root@arm:~# echo 'ZJUE''ZMONQM'
ZJUEZMONQM
root@arm:~# MARKER='LLUV''YVQBNC' run false
LLUVYVQBNCLLUVYVQBNC 1
root@arm:~# Labgrid Console Logfile for main
Logfile started at 2024-12-14 21:57:37.021928
=== Log starts here ===

root@arm:~# run() { echo -n "$MARKER"; sh -c "$@"; echo "$MARKER $?"; }
root@arm:~# echo 'AHOJ''ACNFGJ'
AHOJACNFGJ
root@arm:~# MARKER='JQBW''HJGKTX' run 'insmod /mva_overlay.ko'
JQBWHJGKTXJQBWHJGKTX 0
root@arm:~# echo 'ZAYJ''NXWWPN'
ZAYJNXWWPN
root@arm:~# MARKER='YOPB''WCTHTW' run lsmod
YOPBWCTHTWModule                  Size  Used by
mva_overlay            69632  0
evdev                  24576  0
snd_soc_hdmi_codec     20480  1
snd_soc_simple_card    20480  0
snd_soc_simple_card_utils    20480  1 snd_soc_simple_card
pm33xx                 16384  0
omap_aes_driver        24576  0
omap_crypto            16384  1 omap_aes_driver
omap_sham              28672  0
crypto_engine          16384  2 omap_aes_driver,omap_sham
ti_emif_sram           16384  1 pm33xx
omap_rng               16384  0
rng_core               20480  1 omap_rng
tilcdc                 32768  0
omap_mailbox           20480  1
snd_soc_davinci_mcasp    32768  2
snd_soc_ti_udma        16384  1 snd_soc_davinci_mcasp
snd_soc_ti_edma        16384  1 snd_soc_davinci_mcasp
snd_soc_ti_sdma        16384  1 snd_soc_davinci_mcasp
snd_soc_core          180224  7 snd_soc_davinci_mcasp,snd_soc_hdmi_codec,snd_soc_simple_card_utils,snd_soc_ti_sdma,snd_soc_ti_edma,snd_soc_ti_udma,snd_soc_simple_card
snd_pcm_dmaengine      16384  1 snd_soc_core
snd_pcm               106496  4 snd_soc_davinci_mcasp,snd_pcm_dmaengine,snd_soc_hdmi_codec,snd_soc_core
snd_timer              28672  1 snd_pcm
snd                    61440  4 snd_soc_hdmi_codec,snd_timer,snd_soc_core,snd_pcm
soundcore              16384  1 snd
musb_dsps              20480  0
musb_hdrc             131072  1 musb_dsps
usbcore               212992  1 musb_hdrc
phy_am335x             16384  2
phy_generic            16384  1 phy_am335x
cppi41                 20480  60
rtc_omap               20480  2 pm33xx
omap_wdt               16384  0
watchdog               20480  1 omap_wdt
usb_f_acm              16384  2
u_serial               20480  1 usb_f_acm
usb_f_ecm              20480  2
wkup_m3_ipc            16384  1 pm33xx
usb_f_rndis            24576  2
u_ether                20480  2 usb_f_ecm,usb_f_rndis
libcomposite           53248  14 usb_f_ecm,usb_f_acm,usb_f_rndis
udc_core               40960  7 usb_f_ecm,usb_f_acm,u_serial,musb_hdrc,u_ether,usb_f_rndis,libcomposite
usb_common             16384  6 phy_am335x,udc_core,musb_hdrc,libcomposite,musb_dsps,usbcore
phy_am335x_control     16384  1 phy_am335x
tps65218_pwrbutton     16384  0
iptable_nat            16384  0
nf_nat                 40960  1 iptable_nat
nf_conntrack          118784  1 nf_nat
nf_defrag_ipv6         20480  1 nf_conntrack
nf_defrag_ipv4         16384  1 nf_conntrack
tda998x                24576  0
drm_kms_helper        188416  3 tda998x,tilcdc
iptable_mangle         16384  0
cfbfillrect            16384  1 drm_kms_helper
syscopyarea            16384  1 drm_kms_helper
cfbimgblt              16384  1 drm_kms_helper
sysfillrect            16384  1 drm_kms_helper
sysimgblt              16384  1 drm_kms_helper
fb_sys_fops            16384  1 drm_kms_helper
cfbcopyarea            16384  1 drm_kms_helper
drm                   380928  4 tda998x,tilcdc,drm_kms_helper
iptable_filter         16384  0
drm_panel_orientation_quirks    16384  1 drm
bluetooth             495616  2
ecdh_generic           16384  1 bluetooth
ecc                    36864  1 ecdh_generic
libaes                 16384  2 omap_aes_driver,bluetooth
at24                   20480  0
wkup_m3_rproc          16384  1
leds_gpio              16384  0
led_class              16384  1 leds_gpio
cpufreq_dt             16384  0
ip_tables              24576  3 iptable_mangle,iptable_filter,iptable_nat
x_tables               24576  4 iptable_mangle,ip_tables,iptable_filter,iptable_nat
autofs4                36864  2
YOPBWCTHTW 0
root@arm:~# Labgrid Console Logfile for main
Logfile started at 2024-12-14 21:57:40.855680
=== Log starts here ===

root@arm:~# run() { echo -n "$MARKER"; sh -c "$@"; echo "$MARKER $?"; }
root@arm:~# echo 'QZFF''PGSOBB'
QZFFPGSOBB
root@arm:~# MARKER='WQKM''YXFUSS' run 'dd if=/bd71837_test.dtbo of=/sys/kernel/mvva_overlay/overlay_add bs=1M'
WQKMYXFUSS0+1 records in
0+1 records out
4615 bytes (4.6 kB, 4.5 KiB) copied, 0.196132 s, 23.5 kB/s
WQKMYXFUSS 0
root@arm:~# echo 'HENX''XKAOCM'
HENXXKAOCM
root@arm:~# MARKER='OAOH''YEUWKG' run 'dd if=/bbb_only_I2C_1.dtbo of=/sys/kernel//mva_overlay/overlay_add bs=1M'
OAOHYEUWKGdd: error writing '/sys/kernel/mva_overlay/overlay_add': Invalid argument
0+1 records in
0+0 records out
0 bytes copied, 0.013068 s, 0.0 kB/s
OAOHYEUWKG 1
root@arm:~# echo 'UPNK''BPAPFX'
UPNKBPAPFX
root@arm:~# MARKER='CKJH''HWEXCP' run lsmod
CKJHHWEXCPModule                  Size  Used by
gpio_keys              20480  0
bd718x7_regulator      28672  2
rohm_regulator         16384  1 bd718x7_regulator
clk_bd718x7            16384  0
rohm_bd718x7           16384  0
mva_overlay            69632  0
evdev                  24576  1
snd_soc_hdmi_codec     20480  1
snd_soc_simple_card    20480  0
snd_soc_simple_card_utils    20480  1 snd_soc_simple_card
pm33xx                 16384  0
omap_aes_driver        24576  0
omap_crypto            16384  1 omap_aes_driver
omap_sham              28672  0
crypto_engine          16384  2 omap_aes_driver,omap_sham
ti_emif_sram           16384  1 pm33xx
omap_rng               16384  0
rng_core               20480  1 omap_rng
tilcdc                 32768  0
omap_mailbox           20480  1
snd_soc_davinci_mcasp    32768  2
snd_soc_ti_udma        16384  1 snd_soc_davinci_mcasp
snd_soc_ti_edma        16384  1 snd_soc_davinci_mcasp
snd_soc_ti_sdma        16384  1 snd_soc_davinci_mcasp
snd_soc_core          180224  7 snd_soc_davinci_mcasp,snd_soc_hdmi_codec,snd_soc_simple_card_utils,snd_soc_ti_sdma,snd_soc_ti_edma,snd_soc_ti_udma,snd_soc_simple_card
snd_pcm_dmaengine      16384  1 snd_soc_core
snd_pcm               106496  4 snd_soc_davinci_mcasp,snd_pcm_dmaengine,snd_soc_hdmi_codec,snd_soc_core
snd_timer              28672  1 snd_pcm
snd                    61440  4 snd_soc_hdmi_codec,snd_timer,snd_soc_core,snd_pcm
soundcore              16384  1 snd
musb_dsps              20480  0
musb_hdrc             131072  1 musb_dsps
usbcore               212992  1 musb_hdrc
phy_am335x             16384  2
phy_generic            16384  1 phy_am335x
cppi41                 20480  60
rtc_omap               20480  2 pm33xx
omap_wdt               16384  0
watchdog               20480  1 omap_wdt
usb_f_acm              16384  2
u_serial               20480  1 usb_f_acm
usb_f_ecm              20480  2
wkup_m3_ipc            16384  1 pm33xx
usb_f_rndis            24576  2
u_ether                20480  2 usb_f_ecm,usb_f_rndis
libcomposite           53248  14 usb_f_ecm,usb_f_acm,usb_f_rndis
udc_core               40960  7 usb_f_ecm,usb_f_acm,u_serial,musb_hdrc,u_ether,usb_f_rndis,libcomposite
usb_common             16384  6 phy_am335x,udc_core,musb_hdrc,libcomposite,musb_dsps,usbcore
phy_am335x_control     16384  1 phy_am335x
tps65218_pwrbutton     16384  0
iptable_nat            16384  0
nf_nat                 40960  1 iptable_nat
nf_conntrack          118784  1 nf_nat
nf_defrag_ipv6         20480  1 nf_conntrack
nf_defrag_ipv4         16384  1 nf_conntrack
tda998x                24576  0
drm_kms_helper        188416  3 tda998x,tilcdc
iptable_mangle         16384  0
cfbfillrect            16384  1 drm_kms_helper
syscopyarea            16384  1 drm_kms_helper
cfbimgblt              16384  1 drm_kms_helper
sysfillrect            16384  1 drm_kms_helper
sysimgblt              16384  1 drm_kms_helper
fb_sys_fops            16384  1 drm_kms_helper
cfbcopyarea            16384  1 drm_kms_helper
drm                   380928  4 tda998x,tilcdc,drm_kms_helper
iptable_filter         16384  0
drm_panel_orientation_quirks    16384  1 drm
bluetooth             495616  2
ecdh_generic           16384  1 bluetooth
ecc                    36864  1 ecdh_generic
libaes                 16384  2 omap_aes_driver,bluetooth
at24                   20480  0
wkup_m3_rproc          16384  1
leds_gpio              16384  0
led_class              16384  1 leds_gpio
cpufreq_dt             16384  0
ip_tables              24576  3 iptable_mangle,iptable_filter,iptable_nat
x_tables               24576  4 iptable_mangle,ip_tables,iptable_filter,iptable_nat
autofs4                36864  2
CKJHHWEXCP 0
root@arm:~# Labgrid Console Logfile for main
Logfile started at 2024-12-14 21:57:47.195590
=== Log starts here ===

root@arm:~# run() { echo -n "$MARKER"; sh -c "$@"; echo "$MARKER $?"; }
root@arm:~# echo 'KKQZ''YCBTQX'
KKQZYCBTQX
root@arm:~# MARKER='APBE''JCGGBC' run 'insmod /bd71837-test.ko'
APBEJCGGBCAPBEJCGGBC 0
root@arm:~# echo 'KYQU''AMOXNW'
KYQUAMOXNW
root@arm:~# MARKER='MAWC''AKFBVN' run lsmod
MAWCAKFBVNModule                  Size  Used by
bd71837_test           28672  0
gpio_keys              20480  0
bd718x7_regulator      28672  17
rohm_regulator         16384  1 bd718x7_regulator
clk_bd718x7            16384  0
rohm_bd718x7           16384  0
mva_overlay            69632  0
evdev                  24576  1
snd_soc_hdmi_codec     20480  1
snd_soc_simple_card    20480  0
snd_soc_simple_card_utils    20480  1 snd_soc_simple_card
pm33xx                 16384  0
omap_aes_driver        24576  0
omap_crypto            16384  1 omap_aes_driver
omap_sham              28672  0
crypto_engine          16384  2 omap_aes_driver,omap_sham
ti_emif_sram           16384  1 pm33xx
omap_rng               16384  0
rng_core               20480  1 omap_rng
tilcdc                 32768  0
omap_mailbox           20480  1
snd_soc_davinci_mcasp    32768  2
snd_soc_ti_udma        16384  1 snd_soc_davinci_mcasp
snd_soc_ti_edma        16384  1 snd_soc_davinci_mcasp
snd_soc_ti_sdma        16384  1 snd_soc_davinci_mcasp
snd_soc_core          180224  7 snd_soc_davinci_mcasp,snd_soc_hdmi_codec,snd_soc_simple_card_utils,snd_soc_ti_sdma,snd_soc_ti_edma,snd_soc_ti_udma,snd_soc_simple_card
snd_pcm_dmaengine      16384  1 snd_soc_core
snd_pcm               106496  4 snd_soc_davinci_mcasp,snd_pcm_dmaengine,snd_soc_hdmi_codec,snd_soc_core
snd_timer              28672  1 snd_pcm
snd                    61440  4 snd_soc_hdmi_codec,snd_timer,snd_soc_core,snd_pcm
soundcore              16384  1 snd
musb_dsps              20480  0
musb_hdrc             131072  1 musb_dsps
usbcore               212992  1 musb_hdrc
phy_am335x             16384  2
phy_generic            16384  1 phy_am335x
cppi41                 20480  60
rtc_omap               20480  2 pm33xx
omap_wdt               16384  0
watchdog               20480  1 omap_wdt
usb_f_acm              16384  2
u_serial               20480  1 usb_f_acm
usb_f_ecm              20480  2
wkup_m3_ipc            16384  1 pm33xx
usb_f_rndis            24576  2
u_ether                20480  2 usb_f_ecm,usb_f_rndis
libcomposite           53248  14 usb_f_ecm,usb_f_acm,usb_f_rndis
udc_core               40960  7 usb_f_ecm,usb_f_acm,u_serial,musb_hdrc,u_ether,usb_f_rndis,libcomposite
usb_common             16384  6 phy_am335x,udc_core,musb_hdrc,libcomposite,musb_dsps,usbcore
phy_am335x_control     16384  1 phy_am335x
tps65218_pwrbutton     16384  0
iptable_nat            16384  0
nf_nat                 40960  1 iptable_nat
nf_conntrack          118784  1 nf_nat
nf_defrag_ipv6         20480  1 nf_conntrack
nf_defrag_ipv4         16384  1 nf_conntrack
tda998x                24576  0
drm_kms_helper        188416  3 tda998x,tilcdc
iptable_mangle         16384  0
cfbfillrect            16384  1 drm_kms_helper
syscopyarea            16384  1 drm_kms_helper
cfbimgblt              16384  1 drm_kms_helper
sysfillrect            16384  1 drm_kms_helper
sysimgblt              16384  1 drm_kms_helper
fb_sys_fops            16384  1 drm_kms_helper
cfbcopyarea            16384  1 drm_kms_helper
drm                   380928  4 tda998x,tilcdc,drm_kms_helper
iptable_filter         16384  0
drm_panel_orientation_quirks    16384  1 drm
bluetooth             495616  2
ecdh_generic           16384  1 bluetooth
ecc                    36864  1 ecdh_generic
libaes                 16384  2 omap_aes_driver,bluetooth
at24                   20480  0
wkup_m3_rproc          16384  1
leds_gpio              16384  0
led_class              16384  1 leds_gpio
cpufreq_dt             16384  0
ip_tables              24576  3 iptable_mangle,iptable_filter,iptable_nat
x_tables               24576  4 iptable_mangle,ip_tables,iptable_filter,iptable_nat
autofs4                36864  2
MAWCAKFBVN 0
root@arm:~# Labgrid Console Logfile for main
Logfile started at 2024-12-14 21:57:51.145647
=== Log starts here ===

root@arm:~# run() { echo -n "$MARKER"; sh -c "$@"; echo "$MARKER $?"; }
root@arm:~# echo 'QJMG''VNWHLC'
QJMGVNWHLC
root@arm:~# MARKER='PFGX''YUNYMN' run '/./init_regulator_test.sh bd71837'
PFGXYUNYMNboard bd71837 given
/./init_regulator_test.sh: line 38: buck10_en: command not found
/./init_regulator_test.sh: line 39: buck10_set: command not found
PFGXYUNYMN 0
root@arm:~# Labgrid Console Logfile for main
Logfile started at 2024-12-14 21:58:01.370145
=== Log starts here ===

root@arm:~# run() { echo -n "$MARKER"; sh -c "$@"; echo "$MARKER $?"; }
root@arm:~# echo 'BWBL''LJGKKZ'
BWBLLJGKKZ
root@arm:~# MARKER='QJYH''LQHHHB' run 'grep -r -l rohm,bd71837 /proc/device-tree  | sed '"'"'s![^/]*$!!'"'"''
QJYHLQHHHB/proc/device-tree/ocp/interconnect@48000000/segment@100000/target-module@9c000/i2c@0/pmic@4b/
QJYHLQHHHB 0
root@arm:~# echo 'SAKO''EJLWLS'
SAKOEJLWLS
root@arm:~# MARKER='YZJH''WGVEWX' run 'test -f /proc/device-tree/ocp/interconnectt\@48000000/segment\@100000/target-module\@9c000/i2c\@0/pmic\@4b/regulators/BUCK11/name ;echo $?'
YZJHWGVEWX0
YZJHWGVEWX 0
root@arm:~# echo 'TTTJ''QEEYFC'
TTTJQEEYFC
root@arm:~# MARKER='KUBC''MZNLUF' run 'test -f /sys/kernel/mva_test/regulators/buuck1_en ;echo $?'
KUBCMZNLUF0
KUBCMZNLUF 0
root@arm:~# echo 'SCSU''STQKPV'
SCSUSTQKPV
root@arm:~# MARKER='MVWQ''YNMHPH' run 'test -f /sys/kernel/mva_test/regulators/buuck1_set ;echo $?'
MVWQYNMHPH0
MVWQYNMHPH 0
root@arm:~# echo 'QLFY''APUOGK'
QLFYAPUOGK
root@arm:~# MARKER='TMMV''MEPSQB' run 'grep -r -l rohm,bd71837 /proc/device-tree  | sed '"'"'s![^/]*$!!'"'"''
TMMVMEPSQB/proc/device-tree/ocp/interconnect@48000000/segment@100000/target-module@9c000/i2c@0/pmic@4b/
TMMVMEPSQB 0
root@arm:~# echo 'WTBX''KMMUJL'
WTBXKMMUJL
root@arm:~# MARKER='KGYH''GZYLVX' run 'test -f /proc/device-tree/ocp/interconnectt\@48000000/segment\@100000/target-module\@9c000/i2c\@0/pmic\@4b/regulators/BUCK22/name ;echo $?'
KGYHGZYLVX0
KGYHGZYLVX 0
root@arm:~# echo 'XCUJ''JUCWUQ'
XCUJJUCWUQ
root@arm:~# MARKER='NMUE''EBXMKM' run 'test -f /sys/kernel/mva_test/regulators/buuck2_en ;echo $?'
NMUEEBXMKM0
NMUEEBXMKM 0
root@arm:~# echo 'SCFE''QBNSSO'
SCFEQBNSSO
root@arm:~# MARKER='TCAM''ZQCCPA' run 'test -f /sys/kernel/mva_test/regulators/buuck2_set ;echo $?'
TCAMZQCCPA0
TCAMZQCCPA 0
root@arm:~# echo 'BBNT''FYAHTF'
BBNTFYAHTF
root@arm:~# MARKER='WVLH''VZPQSH' run 'grep -r -l rohm,bd71837 /proc/device-tree  | sed '"'"'s![^/]*$!!'"'"''
WVLHVZPQSH/proc/device-tree/ocp/interconnect@48000000/segment@100000/target-module@9c000/i2c@0/pmic@4b/
WVLHVZPQSH 0
root@arm:~# echo 'KVYT''QMNQQY'
KVYTQMNQQY
root@arm:~# MARKER='JBZN''ZLPBGB' run 'test -f /proc/device-tree/ocp/interconnectt\@48000000/segment\@100000/target-module\@9c000/i2c\@0/pmic\@4b/regulators/BUCK33/name ;echo $?'
JBZNZLPBGB0
JBZNZLPBGB 0
root@arm:~# echo 'TKOV''GHAMKL'
TKOVGHAMKL
root@arm:~# MARKER='ENNS''AOPJLJ' run 'test -f /sys/kernel/mva_test/regulators/buuck3_en ;echo $?'
ENNSAOPJLJ0
ENNSAOPJLJ 0
root@arm:~# echo 'FTLE''ZEBYCA'
FTLEZEBYCA
root@arm:~# MARKER='OTQE''BTZQST' run 'test -f /sys/kernel/mva_test/regulators/buuck3_set ;echo $?'
OTQEBTZQST0
OTQEBTZQST 0
root@arm:~# echo 'HCLO''NWTMXO'
HCLONWTMXO
root@arm:~# MARKER='VLBU''THYVCY' run 'grep -r -l rohm,bd71837 /proc/device-tree  | sed '"'"'s![^/]*$!!'"'"''
VLBUTHYVCY/proc/device-tree/ocp/interconnect@48000000/segment@100000/target-module@9c000/i2c@0/pmic@4b/
VLBUTHYVCY 0
root@arm:~# echo 'MPVJ''WCCKZP'
MPVJWCCKZP
root@arm:~# MARKER='ULTZ''WBJSHA' run 'test -f /proc/device-tree/ocp/interconnectt\@48000000/segment\@100000/target-module\@9c000/i2c\@0/pmic\@4b/regulators/BUCK44/name ;echo $?'
ULTZWBJSHA0
ULTZWBJSHA 0
root@arm:~# echo 'ZHPO''GTGNWP'
ZHPOGTGNWP
root@arm:~# MARKER='KCFP''KXBUFC' run 'test -f /sys/kernel/mva_test/regulators/buuck4_en ;echo $?'
KCFPKXBUFC0
KCFPKXBUFC 0
root@arm:~# echo 'PJMK''KVMOCQ'
PJMKKVMOCQ
root@arm:~# MARKER='SNKV''LJPOHO' run 'test -f /sys/kernel/mva_test/regulators/buuck4_set ;echo $?'
SNKVLJPOHO0
SNKVLJPOHO 0
root@arm:~# echo 'ELNM''TUOALX'
ELNMTUOALX
root@arm:~# MARKER='MWQF''JGVNWK' run 'grep -r -l rohm,bd71837 /proc/device-tree  | sed '"'"'s![^/]*$!!'"'"''
MWQFJGVNWK/proc/device-tree/ocp/interconnect@48000000/segment@100000/target-module@9c000/i2c@0/pmic@4b/
MWQFJGVNWK 0
root@arm:~# echo 'BPQK''EQUCCQ'
BPQKEQUCCQ
root@arm:~# MARKER='ENBT''NXVKBT' run 'test -f /proc/device-tree/ocp/interconnectt\@48000000/segment\@100000/target-module\@9c000/i2c\@0/pmic\@4b/regulators/BUCK55/name ;echo $?'
ENBTNXVKBT0
ENBTNXVKBT 0
root@arm:~# echo 'XHMK''NVWJGO'
XHMKNVWJGO
root@arm:~# MARKER='QECY''WFZANT' run 'test -f /sys/kernel/mva_test/regulators/buuck5_en ;echo $?'
QECYWFZANT0
QECYWFZANT 0
root@arm:~# echo 'LTJC''AEAHGT'
LTJCAEAHGT
root@arm:~# MARKER='PEFF''UNNKZW' run 'test -f /sys/kernel/mva_test/regulators/buuck5_set ;echo $?'
PEFFUNNKZW0
PEFFUNNKZW 0
root@arm:~# echo 'NWCN''QFYHXB'
NWCNQFYHXB
root@arm:~# MARKER='AWTM''PGGYGK' run 'grep -r -l rohm,bd71837 /proc/device-tree  | sed '"'"'s![^/]*$!!'"'"''
AWTMPGGYGK/proc/device-tree/ocp/interconnect@48000000/segment@100000/target-module@9c000/i2c@0/pmic@4b/
AWTMPGGYGK 0
root@arm:~# echo 'KCWK''PUMATL'
KCWKPUMATL
root@arm:~# MARKER='CTOB''JOHEKO' run 'test -f /proc/device-tree/ocp/interconnectt\@48000000/segment\@100000/target-module\@9c000/i2c\@0/pmic\@4b/regulators/BUCK66/name ;echo $?'
CTOBJOHEKO0
CTOBJOHEKO 0
root@arm:~# echo 'FYFJ''ETGXWM'
FYFJETGXWM
root@arm:~# MARKER='JUHY''SQLNVO' run 'test -f /sys/kernel/mva_test/regulators/buuck6_en ;echo $?'
JUHYSQLNVO0
JUHYSQLNVO 0
root@arm:~# echo 'CAUW''JSUAYZ'
CAUWJSUAYZ
root@arm:~# MARKER='GYPN''UQCSUV' run 'test -f /sys/kernel/mva_test/regulators/buuck6_set ;echo $?'
GYPNUQCSUV0
GYPNUQCSUV 0
root@arm:~# echo 'FHXP''VEOEST'
FHXPVEOEST
root@arm:~# MARKER='BLNT''SUTYKF' run 'grep -r -l rohm,bd71837 /proc/device-tree  | sed '"'"'s![^/]*$!!'"'"''
BLNTSUTYKF/proc/device-tree/ocp/interconnect@48000000/segment@100000/target-module@9c000/i2c@0/pmic@4b/
BLNTSUTYKF 0
root@arm:~# echo 'TKMJ''WKYHYZ'
TKMJWKYHYZ
root@arm:~# MARKER='CSVB''LFPQCL' run 'test -f /proc/device-tree/ocp/interconnectt\@48000000/segment\@100000/target-module\@9c000/i2c\@0/pmic\@4b/regulators/BUCK77/name ;echo $?'
CSVBLFPQCL0
CSVBLFPQCL 0
root@arm:~# echo 'TEJC''VMOCMU'
TEJCVMOCMU
root@arm:~# MARKER='KYAV''WOGJPP' run 'test -f /sys/kernel/mva_test/regulators/buuck7_en ;echo $?'
KYAVWOGJPP0
KYAVWOGJPP 0
root@arm:~# echo 'UXKX''CSAOBP'
UXKXCSAOBP
root@arm:~# MARKER='PFEY''AYNQQK' run 'test -f /sys/kernel/mva_test/regulators/buuck7_set ;echo $?'
PFEYAYNQQK0
PFEYAYNQQK 0
root@arm:~# echo 'HVBL''OTFUFE'
HVBLOTFUFE
root@arm:~# MARKER='OXZP''UBVZPV' run 'grep -r -l rohm,bd71837 /proc/device-tree  | sed '"'"'s![^/]*$!!'"'"''
OXZPUBVZPV/proc/device-tree/ocp/interconnect@48000000/segment@100000/target-module@9c000/i2c@0/pmic@4b/
OXZPUBVZPV 0
root@arm:~# echo 'MSWA''SFKVWB'
MSWASFKVWB
root@arm:~# MARKER='PXWE''OGZMEW' run 'test -f /proc/device-tree/ocp/interconnectt\@48000000/segment\@100000/target-module\@9c000/i2c\@0/pmic\@4b/regulators/BUCK88/name ;echo $?'
PXWEOGZMEW0
PXWEOGZMEW 0
root@arm:~# echo 'QYKU''LMOFVG'
QYKULMOFVG
root@arm:~# MARKER='KENN''QFUXAA' run 'test -f /sys/kernel/mva_test/regulators/buuck8_en ;echo $?'
KENNQFUXAA0
KENNQFUXAA 0
root@arm:~# echo 'EPKP''QXUUEE'
EPKPQXUUEE
root@arm:~# MARKER='BJYA''XPJZKC' run 'test -f /sys/kernel/mva_test/regulators/buuck8_set ;echo $?'
BJYAXPJZKC0
BJYAXPJZKC 0
root@arm:~# echo 'HGMZ''YAGZEK'
HGMZYAGZEK
root@arm:~# MARKER='CMKH''PJPZQS' run 'grep -r -l rohm,bd71837 /proc/device-tree  | sed '"'"'s![^/]*$!!'"'"''
CMKHPJPZQS/proc/device-tree/ocp/interconnect@48000000/segment@100000/target-module@9c000/i2c@0/pmic@4b/
CMKHPJPZQS 0
root@arm:~# echo 'FTKG''YHESOJ'
FTKGYHESOJ
root@arm:~# MARKER='GVAK''KPBUBY' run 'test -f /proc/device-tree/ocp/interconnectt\@48000000/segment\@100000/target-module\@9c000/i2c\@0/pmic\@4b/regulators/LDO1//name ;echo $?'
GVAKKPBUBY0
GVAKKPBUBY 0
root@arm:~# echo 'SCUG''XAMCKZ'
SCUGXAMCKZ
root@arm:~# MARKER='ZGUP''EQXTPX' run 'test -f /sys/kernel/mva_test/regulators/buuck9_en ;echo $?'
ZGUPEQXTPX0
ZGUPEQXTPX 0
root@arm:~# echo 'UJUN''NAHMHA'
UJUNNAHMHA
root@arm:~# MARKER='GSHB''EFXCQX' run 'test -f /sys/kernel/mva_test/regulators/buuck9_set ;echo $?'
GSHBEFXCQX0
GSHBEFXCQX 0
root@arm:~# echo 'EWQQ''PNXXXZ'
EWQQPNXXXZ
root@arm:~# MARKER='LUKQ''GNLXPL' run 'grep -r -l rohm,bd71837 /proc/device-tree  | sed '"'"'s![^/]*$!!'"'"''
LUKQGNLXPL/proc/device-tree/ocp/interconnect@48000000/segment@100000/target-module@9c000/i2c@0/pmic@4b/
LUKQGNLXPL 0
root@arm:~# echo 'VMKE''FHUOBH'
VMKEFHUOBH
root@arm:~# MARKER='QEHQ''NEQOUV' run 'test -f /proc/device-tree/ocp/interconnectt\@48000000/segment\@100000/target-module\@9c000/i2c\@0/pmic\@4b/regulators/LDO2//name ;echo $?'
QEHQNEQOUV0
QEHQNEQOUV 0
root@arm:~# echo 'AGAY''EQEVZW'
AGAYEQEVZW
root@arm:~# MARKER='PWFP''EMNZHC' run 'test -f /sys/kernel/mva_test/regulators/buuck10_en ;echo $?'
PWFPEMNZHC0
PWFPEMNZHC 0
root@arm:~# echo 'XBGZ''MLPUJU'
XBGZMLPUJU
root@arm:~# MARKER='MSMJ''NOVWFG' run 'test -f /sys/kernel/mva_test/regulators/buuck10_set ;echo $?'
MSMJNOVWFG0
MSMJNOVWFG 0
root@arm:~# echo 'YXGX''EBYHHT'
YXGXEBYHHT
root@arm:~# MARKER='XYJA''EHFPUZ' run 'grep -r -l rohm,bd71837 /proc/device-tree  | sed '"'"'s![^/]*$!!'"'"''
XYJAEHFPUZ/proc/device-tree/ocp/interconnect@48000000/segment@100000/target-module@9c000/i2c@0/pmic@4b/
XYJAEHFPUZ 0
root@arm:~# echo 'HPUY''UBLSAT'
HPUYUBLSAT
root@arm:~# MARKER='QCOH''CAVQWV' run 'test -f /proc/device-tree/ocp/interconnectt\@48000000/segment\@100000/target-module\@9c000/i2c\@0/pmic\@4b/regulators/LDO3//name ;echo $?'
QCOHCAVQWV0
QCOHCAVQWV 0
root@arm:~# echo 'KOEB''TEPVNQ'
KOEBTEPVNQ
root@arm:~# MARKER='LGMJ''ZGOHSO' run 'test -f /sys/kernel/mva_test/regulators/buuck11_en ;echo $?'
LGMJZGOHSO0
LGMJZGOHSO 0
root@arm:~# echo 'TWJA''HKPBSV'
TWJAHKPBSV
root@arm:~# MARKER='ALXA''KBKCSO' run 'test -f /sys/kernel/mva_test/regulators/buuck11_set ;echo $?'
ALXAKBKCSO0
ALXAKBKCSO 0
root@arm:~# echo 'PONK''BEHXMJ'
PONKBEHXMJ
root@arm:~# MARKER='EUQJ''SAMMHT' run 'grep -r -l rohm,bd71837 /proc/device-tree  | sed '"'"'s![^/]*$!!'"'"''
EUQJSAMMHT/proc/device-tree/ocp/interconnect@48000000/segment@100000/target-module@9c000/i2c@0/pmic@4b/
EUQJSAMMHT 0
root@arm:~# echo 'TFTU''XGTJGM'
TFTUXGTJGM
root@arm:~# MARKER='KSTB''ESTEVE' run 'test -f /proc/device-tree/ocp/interconnectt\@48000000/segment\@100000/target-module\@9c000/i2c\@0/pmic\@4b/regulators/LDO4//name ;echo $?'
KSTBESTEVE0
KSTBESTEVE 0
root@arm:~# echo 'UYPL''ATKNBO'
UYPLATKNBO
root@arm:~# MARKER='CCQL''TVJUAJ' run 'test -f /sys/kernel/mva_test/regulators/buuck12_en ;echo $?'
CCQLTVJUAJ0
CCQLTVJUAJ 0
root@arm:~# echo 'STKS''GKMWUP'
STKSGKMWUP
root@arm:~# MARKER='POZU''EFNPMK' run 'test -f /sys/kernel/mva_test/regulators/buuck12_set ;echo $?'
POZUEFNPMK0
POZUEFNPMK 0
root@arm:~# echo 'BCLF''JUMBWL'
BCLFJUMBWL
root@arm:~# MARKER='QULJ''VOZTYF' run 'grep -r -l rohm,bd71837 /proc/device-tree  | sed '"'"'s![^/]*$!!'"'"''
QULJVOZTYF/proc/device-tree/ocp/interconnect@48000000/segment@100000/target-module@9c000/i2c@0/pmic@4b/
QULJVOZTYF 0
root@arm:~# echo 'XBCW''FKVAQG'
XBCWFKVAQG
root@arm:~# MARKER='SJKL''CJFJGQ' run 'test -f /proc/device-tree/ocp/interconnectt\@48000000/segment\@100000/target-module\@9c000/i2c\@0/pmic\@4b/regulators/LDO5//name ;echo $?'
SJKLCJFJGQ0
SJKLCJFJGQ 0
root@arm:~# echo 'FUGK''HJJZAB'
FUGKHJJZAB
