Labgrid Console Logfile for main
Logfile started at 2025-09-22 14:05:06.399052
=== Log starts here ===
reading args
spl_load_image_fat_os: error reading image args, err - -1
reading u-boot.img
reading u-boot.img


U-Boot 2014.04-00014-g47880f5 (Apr 22 2014 - 13:23:54)

I2C:   ready
DRAM:  512 MiB
NAND:  0 MiB
MMC:   OMAP SD/MMC: 0, OMAP SD/MMC: 1
*** Warning - readenv() failed, using default environment

Net:   <ethaddr> not set. Validating first E-fuse MAC
cpsw, usb_ether
Hit any key to stop autoboot:  1  0 
gpio: pin 53 (gpio 53) value is 1
mmc0 is current device
gpio: pin 54 (gpio 54) value is 1
SD/MMC found on device 0
reading uEnv.txt
569 bytes read in 4 ms (138.7 KiB/s)
gpio: pin 55 (gpio 55) value is 1
Loaded environment from uEnv.txt
Importing environment from mmc ...
Checking if uenvcmd is set ...
gpio: pin 56 (gpio 56) value is 1
Running uenvcmd ...
cpsw Waiting for PHY auto negotiation to complete. done
link up on port 0, speed 100, full duplex
Using cpsw device
TFTP from server 192.168.255.126; our IP address is 192.168.255.1
Filename 'zImage'.
Load address: 0x81000000
Loading: *#################################################################
	 #################################################################
	 #################################################################
	 #################################################################
	 #################################################################
	 ##############################################################
	 2.4 MiB/s
done
Bytes transferred = 5677528 (56a1d8 hex)
link up on port 0, speed 100, full duplex
Using cpsw device
TFTP from server 192.168.255.126; our IP address is 192.168.255.1
Filename 'am335x-boneblack.dtb'.
Load address: 0x82000000
Loading: *#######
	 1.4 MiB/s
done
Bytes transferred = 98148 (17f64 hex)
Kernel image @ 0x81000000 [ 0x000000 - 0x56a1d8 ]
## Flattened Device Tree blob at 82000000
   Booting using the fdt blob at 0x82000000
   Using Device Tree in place at 82000000, end 8201af63

Starting kernel ...

[    0.000000] Booting Linux on physical CPU 0x0
[    0.000000] Linux version 6.17.0-rc7-next-20250922 (user01@drvtest01) (arm-none-eabi-gcc (Arm GNU Toolchain 14.2.Rel1 (Build arm-14.52)) 14.2.1 20241119, GNU ld (Arm GNU Toolchain 14.2.Rel1 (Build arm-14.52)) 2.43.1.20241119) #1 SMP Mon Sep 22 14:03:23 EEST 2025
[    0.000000] CPU: ARMv7 Processor [413fc082] revision 2 (ARMv7), cr=10c5387d
[    0.000000] CPU: PIPT / VIPT nonaliasing data cache, VIPT aliasing instruction cache
[    0.000000] OF: fdt: Machine model: TI AM335x BeagleBone Black
[    0.000000] Memory policy: Data cache writeback
[    0.000000] cma: Reserved 16 MiB at 0x9e800000
[    0.000000] Zone ranges:
[    0.000000]   Normal   [mem 0x0000000080000000-0x000000009fdfffff]
[    0.000000]   HighMem  empty
[    0.000000] Movable zone start for each node
[    0.000000] Early memory node ranges
[    0.000000]   node   0: [mem 0x0000000080000000-0x000000009fdfffff]
[    0.000000] Initmem setup node 0 [mem 0x0000000080000000-0x000000009fdfffff]
[    0.000000] On node 0, zone Normal: 512 pages in unavailable ranges
[    0.000000] OF: reserved mem: Reserved memory: No reserved-memory node in the DT
[    0.000000] CPU: All CPU(s) started in SVC mode.
[    0.000000] AM335X ES2.1 (sgx neon)
[    0.000000] percpu: Embedded 17 pages/cpu s39884 r8192 d21556 u69632
[    0.000000] Kernel command line: console=ttyO0,115200n8 root=/dev/nfs rw nfsroot=192.168.255.126:/home/user01/nfs,nfsvers=3 ip=192.168.255.1:192.168.255.126::255.255.255.0:bbb1:eth0 nfsrootdebug
[    0.000000] Unknown kernel command line parameters "nfsrootdebug", will be passed to user space.
[    0.000000] printk: log buffer data + meta data: 65536 + 204800 = 270336 bytes
[    0.000000] Dentry cache hash table entries: 65536 (order: 6, 262144 bytes, linear)
[    0.000000] Inode-cache hash table entries: 32768 (order: 5, 131072 bytes, linear)
[    0.000000] Built 1 zonelists, mobility grouping on.  Total pages: 130560
[    0.000000] mem auto-init: stack:off, heap alloc:off, heap free:off
[    0.000000] SLUB: HWalign=16, Order=0-3, MinObjects=0, CPUs=1, Nodes=1
[    0.000000] rcu: Hierarchical RCU implementation.
[    0.000000] rcu: 	RCU event tracing is enabled.
[    0.000000] rcu: 	RCU restricting CPUs from NR_CPUS=2 to nr_cpu_ids=1.
[    0.000000] 	Tracing variant of Tasks RCU enabled.
[    0.000000] rcu: RCU calculated value of scheduler-enlistment delay is 10 jiffies.
[    0.000000] rcu: Adjusting geometry for rcu_fanout_leaf=16, nr_cpu_ids=1
[    0.000000] RCU Tasks Trace: Setting shift to 0 and lim to 1 rcu_task_cb_adjust=1 rcu_task_cpu_ids=1.
[    0.000000] NR_IRQS: 16, nr_irqs: 16, preallocated irqs: 16
[    0.000000] IRQ: Found an INTC at 0x(ptrval) (revision 5.0) with 128 interrupts
[    0.000000] rcu: srcu_init: Setting srcu_struct sizes based on contention.
[    0.000000] TI gptimer clocksource: always-on /ocp/interconnect@44c00000/segment@200000/target-module@31000
[    0.000003] sched_clock: 32 bits at 24MHz, resolution 41ns, wraps every 89478484971ns
[    0.000026] clocksource: dmtimer: mask: 0xffffffff max_cycles: 0xffffffff, max_idle_ns: 79635851949 ns
[    0.000490] TI gptimer clockevent: 24000000 Hz at /ocp/interconnect@48000000/segment@0/target-module@40000
[    0.002047] Console: colour dummy device 80x30
[    0.002115] WARNING: Your 'console=ttyO0' has been replaced by 'ttyS0'
[    0.002123] This ensures that you still see kernel messages. Please
[    0.002127] update your kernel commandline.
[    0.002168] Calibrating delay loop... 996.14 BogoMIPS (lpj=4980736)
[    0.090603] CPU: Testing write buffer coherency: ok
[    0.090688] CPU0: Spectre v2: using BPIALL workaround
[    0.090698] pid_max: default: 32768 minimum: 301
[    0.090877] LSM: initializing lsm=capability
[    0.091044] Mount-cache hash table entries: 1024 (order: 0, 4096 bytes, linear)
[    0.091063] Mountpoint-cache hash table entries: 1024 (order: 0, 4096 bytes, linear)
[    0.092649] CPU0: thread -1, cpu 0, socket -1, mpidr 0
[    0.092707] cacheinfo: Unable to detect cache hierarchy for CPU 0
[    0.094723] Setting up static identity map for 0x80100000 - 0x80100078
[    0.095054] rcu: Hierarchical SRCU implementation.
[    0.095063] rcu: 	Max phase no-delay instances is 1000.
[    0.096757] smp: Bringing up secondary CPUs ...
[    0.096808] smp: Brought up 1 node, 1 CPU
[    0.096820] SMP: Total of 1 processors activated (996.14 BogoMIPS).
[    0.096831] CPU: All CPU(s) started in SVC mode.
[    0.097029] Memory: 480868K/522240K available (11264K kernel code, 1226K rwdata, 2948K rodata, 1024K init, 256K bss, 23336K reserved, 16384K cma-reserved, 0K highmem)
[    0.097850] devtmpfs: initialized
[    0.115573] VFP support v0.3: implementor 41 architecture 3 part 30 variant c rev 3
[    0.116197] clocksource: jiffies: mask: 0xffffffff max_cycles: 0xffffffff, max_idle_ns: 19112604462750000 ns
[    0.116252] posixtimers hash table entries: 512 (order: 0, 4096 bytes, linear)
[    0.116279] futex hash table entries: 256 (16384 bytes on 1 NUMA nodes, total 16 KiB, linear).
[    0.117420] pinctrl core: initialized pinctrl subsystem
[    0.119516] NET: Registered PF_NETLINK/PF_ROUTE protocol family
[    0.122604] DMA: preallocated 256 KiB pool for atomic coherent allocations
[    0.123210] audit: initializing netlink subsys (disabled)
[    0.124558] thermal_sys: Registered thermal governor 'fair_share'
[    0.124574] thermal_sys: Registered thermal governor 'step_wise'
[    0.124584] thermal_sys: Registered thermal governor 'user_space'
[    0.124699] audit: type=2000 audit(0.120:1): state=initialized audit_enabled=0 res=1
[    0.124771] cpuidle: using governor menu
[    0.142797] /ocp/interconnect@44c00000/segment@200000/target-module@b000/i2c@0/tda19988@70: Fixed dependency cycle(s) with /ocp/interconnect@48000000/segment@300000/target-module@e000/lcdc@0
[    0.143892] /ocp/interconnect@48000000/segment@300000/target-module@e000/lcdc@0: Fixed dependency cycle(s) with /ocp/interconnect@44c00000/segment@200000/target-module@b000/i2c@0/tda19988@70
[    0.146099] No ATAGs?
[    0.146137] hw-breakpoint: debug architecture 0x4 unsupported.
[    0.149229] kprobes: kprobe jump-optimization is enabled. All kprobes are optimized if possible.
[    0.164153] iommu: Default domain type: Translated
[    0.164176] iommu: DMA domain TLB invalidation policy: strict mode
[    0.171483] SCSI subsystem initialized
[    0.172332] pps_core: LinuxPPS API ver. 1 registered
[    0.172343] pps_core: Software ver. 5.3.6 - Copyright 2005-2007 Rodolfo Giometti <giometti@linux.it>
[    0.172367] PTP clock support registered
[    0.174374] vgaarb: loaded
[    0.180949] clocksource: Switched to clocksource dmtimer
[    0.181671] VFS: Disk quotas dquot_6.6.0
[    0.181728] VFS: Dquot-cache hash table entries: 1024 (order 0, 4096 bytes)
[    0.209661] NET: Registered PF_INET protocol family
[    0.209999] IP idents hash table entries: 8192 (order: 4, 65536 bytes, linear)
[    0.211422] tcp_listen_portaddr_hash hash table entries: 512 (order: 0, 4096 bytes, linear)
[    0.211460] Table-perturb hash table entries: 65536 (order: 6, 262144 bytes, linear)
[    0.211479] TCP established hash table entries: 4096 (order: 2, 16384 bytes, linear)
[    0.211524] TCP bind hash table entries: 4096 (order: 4, 65536 bytes, linear)
[    0.211624] TCP: Hash tables configured (established 4096 bind 4096)
[    0.211745] UDP hash table entries: 256 (order: 1, 14336 bytes, linear)
[    0.211780] UDP-Lite hash table entries: 256 (order: 1, 14336 bytes, linear)
[    0.211996] NET: Registered PF_UNIX/PF_LOCAL protocol family
[    0.213305] RPC: Registered named UNIX socket transport module.
[    0.213326] RPC: Registered udp transport module.
[    0.213331] RPC: Registered tcp transport module.
[    0.213335] RPC: Registered tcp-with-tls transport module.
[    0.213340] RPC: Registered tcp NFSv4.1 backchannel transport module.
[    0.213363] PCI: CLS 0 bytes, default 64
[    0.214922] Initialise system trusted keyrings
[    0.225555] workingset: timestamp_bits=14 max_order=17 bucket_order=3
[    0.227033] NFS: Registering the id_resolver key type
[    0.227114] Key type id_resolver registered
[    0.227122] Key type id_legacy registered
[    0.227231] jffs2: version 2.2. (NAND) (SUMMARY)  Â© 2001-2006 Red Hat, Inc.
[    0.227694] Key type asymmetric registered
[    0.227710] Asymmetric key parser 'x509' registered
[    0.227780] io scheduler mq-deadline registered
[    0.227791] io scheduler kyber registered
[    0.227873] io scheduler bfq registered
[    0.229725] target-module@4b000000:target-module@140000:pmu@0:fck: device ID is greater than 24
[    0.230929] ledtrig-cpu: registered to indicate activity on CPUs
[    0.245684] Serial: 8250/16550 driver, 6 ports, IRQ sharing enabled
[    0.287379] brd: module loaded
[    0.308517] loop: module loaded
[    0.309444] mtdoops: mtd device (mtddev=name/number) must be supplied
[    0.312450] i2c_dev: i2c /dev entries driver
[    0.313473] cpuidle: enable-method property 'ti,am3352' found operations
[    0.313927] sdhci: Secure Digital Host Controller Interface driver
[    0.313936] sdhci: Copyright(c) Pierre Ossman
[    0.314127] sdhci-pltfm: SDHCI platform and OF driver helper
[    0.315852] hw perfevents: enabled with armv7_cortex_a8 PMU driver, 5 (8000000f) counters available
[    0.316374] Initializing XFRM netlink socket
[    0.316541] NET: Registered PF_INET6 protocol family
[    0.325380] Segment Routing with IPv6
[     0.325462] In-situ OAM (IOAM) with IPv6
[    0.325556] sit: IPv6, IPv4 and MPLS over IPv4 tunneling driver
[    0.326539] NET: Registered PF_PACKET protocol family
[    0.326568] NET: Registered PF_KEY protocol family
[    0.326736] Key type dns_resolver registered
[    0.326968] ThumbEE CPU extension supported.
[    0.326988] Registering SWP/SWPB emulation handler
[    0.327516] omap_voltage_late_init: Voltage driver support not added
[    0.328186] SmartReflex Class3 initialized
[    0.351648] L oading compiled-in X.509 certificates
[    0.398950] /ocp/interconnect@44c00000/segment@200000/target-module@b000/i2c@0/tda19988@70: Fixed dependency cycle(s) with /ocp/interconnect@48000000/segment@300000/target-module@e000/lcdc@0
[    0.405621] /ocp/interconnect@44c00000/segment@200000/target-module@b000/i2c@0/tda19988@70: Fixed dependency cycle(s) with /ocp/interconnect@48000000/segment@300000/target-module@e000/lcdc@0
[    0.433622] /ocp/interconnect@44c00000/segment@200000/target-module@b000/i2c@0/tda19988@70: Fixed dependency cycle(s) with /ocp/interconnect@48000000/segment@300000/target-module@e000/lcdc@0
[    0.434498] /ocp/interconnect@44c00000/segment@200000/target-module@b000/i2c@0/tda19988@70: Fixed dependency cycle(s) with /ocp/interconnect@48000000/segment@300000/target-module@e000/lcdc@0
[    0.438321] /ocp/interconnect@44c00000/segment@200000/target-module@10000/scm@0/pinmux@800: Fixed dependency cycle(s) with /ocp/interconnect@44c00000/segment@200000/target-module@10000/scm@0/pinmux@800/clkout2-pins
[    0.438907] pinctrl-single 44e10800.pinmux: 142 pins, size 568
[    0.444207] ti-sysc 44e31000.target-module: probe with driver ti-sysc failed with error -16
[    0.483821] /ocp/interconnect@48000000/segment@300000/target-module@e000/lcdc@0: Fixed dependency cycle(s) with /ocp/interconnect@44c00000/segment@200000/target-module@b000/i2c@0/tda19988@70
[    0.492173] ti-sysc 48040000.target-module: probe with driver ti-sysc failed with error -16
[    0.541031] OMAP GPIO hardware version 0.1revision 1.6, bus freq 1000000
[    0.839112] davinci_mdio 4a101000.mdio: phy[0]: device 4a101000.mdio:00, driver SMSC LAN8710/LAN8720
[    0.839907] cpsw-switch 4a100000.switch: initialized cpsw ale version 1.4
[    0.839930] cpsw-switch 4a100000.switch: ALE Table size 1024, Policers 0
[    0.840108] cpsw-switch 4a100000.switch: cpts: overflow check period 500 (jiffies)
[    0.840126] cpsw-switch 4a100000.switch: CPTS: ref_clk_freq:250000000 calc_mult:2147483648 calc_shift:29 error:0 nsec/sec
[    0.840231] cpsw-switch 4a100000.switch: Detected MACID = 6c:ec:eb:68:de:78
[    0.842094] cpsw-switch 4a100000.switch: initialized (regs 0x4a100000, pool size 256) hw_ver:0019010C 1.12 (0)
[    0.853209] debugfs: '49000000.dma' already exists in 'dmaengine'
[    0.853251] edma 49000000.dma: TI EDMA DMA engine driver
[    0.914110] 44e09000.serial: ttyS0 at MMIO 0x44e09000 (irq = 34, base_baud = 3000000) is a 8250
[    0.914202] printk: legacy console [ttyS0] enabled
[    2.455675] tps65217-pmic: Failed to locate of_node [id: -1]
[    2.461739] tps65217-bl: Failed to locate of_node [id: -1]
[    2.467784] platform tps65217-charger: DMA mask not set
[    2.473815] platform tps65217-pwrbutton: DMA mask not set
[    2.481077] tps65217 0-0024: TPS65217 ID 0xe version 1.2
[    2.487198] /ocp/interconnect@48000000/segment@300000/target-module@e000/lcdc@0: Fixed dependency cycle(s) with /ocp/interconnect@44c00000/segment@200000/target-module@b000/i2c@0/tda19988@70
[    2.504603] /ocp/interconnect@44c00000/segment@200000/target-module@b000/i2c@0/tda19988@70: Fixed dependency cycle(s) with /ocp/interconnect@48000000/segment@300000/target-module@e000/lcdc@0
[    2.522003] omap_i2c 44e0b000.i2c: bus 0 rev0.11 at 400 kHz
[    2.529982] omap_gpio 44e07000.gpio: Could not set line 6 debounce to 200000 microseconds (-22)
[    2.538865] sdhci-omap 48060000.mmc: Got CD GPIO
[    2.543871] sdhci-omap 48060000.mmc: supply pbias not found, using dummy regulator
[    2.554144] sdhci-omap 48060000.mmc: supply vqmmc not found, using dummy regulator
[    2.563066] sdhci-omap 481d8000.mmc: supply pbias not found, using dummy regulator
[    2.571750] sdhci-omap 481d8000.mmc: supply vqmmc not found, using dummy regulator
[    2.610290] mmc1: SDHCI controller on 481d8000.mmc [481d8000.mmc] using External DMA
[    2.619494] mmc0: SDHCI controller on 48060000.mmc [48060000.mmc] using External DMA
[    2.628302] cpsw-switch 4a100000.switch: starting ndev. mode: dual_mac
[    2.694962] mmc1: new high speed MMC card at address 0001
[    2.701775] mmcblk1: mmc1:0001 MMC04G 3.60 GiB
[    2.709678]  mmcblk1: p1 p2
[    2.713968] mmcblk1boot0: mmc1:0001 MMC04G 2.00 MiB
[    2.721053] SMSC LAN8710/LAN8720 4a101000.mdio:00: attached PHY driver (mii_bus:phy_addr=4a101000.mdio:00, irq=POLL)
[    2.735138] mmcblk1boot1: mmc1:0001 MMC04G 2.00 MiB
[    2.748174] mmcblk1rpmb: mmc1:0001 MMC04G 128 KiB, chardev (249:0)
[    2.797770] mmc0: new high speed SDHC card at address aaaa
[    2.804606] mmcblk0: mmc0:aaaa SE32G 29.7 GiB
[    2.813968]  mmcblk0: p1 p2
[    5.925487] cpsw-switch 4a100000.switch eth0: Link is Up - 100Mbps/Full - flow control off
[    5.964971] IP-Config: Complete:
[    5.968247]      device=eth0, hwaddr=6c:ec:eb:68:de:78, ipaddr=192.168.255.1, mask=255.255.255.0, gw=255.255.255.255
[    5.978913]      host=bbb1, domain=, nis-domain=(none)
[    5.984081]      bootserver=192.168.255.126, rootserver=192.168.255.126, rootpath=
[    5.984517] clk: Disabling unused clocks
[    5.996356] PM: genpd: Disabling unused power domains
[    6.001508] KTAP version 1
[    6.004230] 1..0
[    6.006718] check access for rdinit=/init failed: -2, ignoring
[    6.043137] VFS: Mounted root (nfs filesystem) on device 0:17.
[    6.050294] devtmpfs: mounted
[    6.054930] Freeing unused kernel image (initmem) memory: 1024K
[    6.061636] Run /sbin/init as init process
[    6.741942] systemd[1]: System time before build time, advancing clock.
[    8.244732] random: crng init done
[    8.277427] systemd[1]: systemd 232 running in system mode. (+PAM +AUDIT +SELINUX +IMA +APPARMOR +SMACK +SYSVINIT +UTMP +LIBCRYPTSETUP +GCRYPT +GNUTLS +ACL +XZ +LZ4 +SECCOMP +BLKID +ELFUTILS +KMOD +IDN)
[    8.296533] systemd[1]: Detected architecture arm.

Welcome to [1mDebian GNU/Linux 9 (stretch)[0m!

[    8.328002] systemd[1]: Set hostname to <arm>.
[    9.439321] systemd[1]: Started Forward Password Requests to Wall Directory Watch.
[[0;32m  OK  [0m] Started Forward Password Requests to Wall Directory Watch.
[    9.468737] systemd[1]: systemd-journald.socket: SO_PASSSEC failed: Operation not supported
[    9.477666] systemd[1]: systemd-journald.socket: SO_PASSSEC failed: Operation not supported
[    9.486413] systemd[1]: Listening on Journal Socket.
[[0;32m  OK  [0m] Listening on Journal Socket.
[    9.515991] systemd[1]: Listening on Journal Audit Socket.
[[0;32m  OK  [0m] Listening on Journal Audit Socket.
[    9.545388] systemd[1]: Listening on udev Kernel Socket.
[[0;32m  OK  [0m] Listening on udev Kernel Socket.
[    9.576180] systemd[1]: Created slice System Slice.
[[0;32m  OK  [0m] Created slice System Slice.
         Starting Create list of required stâ€¦ce nodes for the current kernel...
[[0;32m  OK  [0m] Created slice system-getty.slice.
         Mounting POSIX Message Queue File System...
         Starting Load Kernel Modules...
[[0;32m  OK  [0m] Listening on /dev/initctl Compatibility Named Pipe.
[[0;32m  OK  [0m] Reached target Swap.
[[0;32m  OK  [0m] Created slice system-serial\x2dgetty.slice.
         Mounting Debug File System...
[[0;32m  OK  [0m] Created slice User and Session Slice.
[[0;32m  OK  [0m] Reached target Slices.
         Starting Remount Root and Kernel File Systems...
[[0;32m  OK  [0m] Listening on udev Control Socket.
[[0;32m  OK  [0m] Set up automount Arbitrary Executabâ€¦rmats File System Automount Point.
[[0;32m  OK  [0m] Started Dispatch Password Requests to Console Directory Watch.
[[0;32m  OK  [0m] Reached target Encrypted Volumes.
[[0;32m  OK  [0m] Reached target Paths.
[[0;32m  OK  [0m] Reached target Remote File Systems.
[[0;32m  OK  [0m] Listening on Journal Socket (/dev/log).
[[0;32m  OK  [0m] Listening on Syslog Socket.
         Starting Journal Service...
[[0;32m  OK  [0m] Mounted POSIX Message Queue File System.
[[0;32m  OK  [0m] Mounted Debug File System.
[[0;32m  OK  [0m] Started Create list of required staâ€¦vice nodes for the current kernel.
[[0;32m  OK  [0m] Started Load Kernel Modules.
[[0;32m  OK  [0m] Started Remount Root and Kernel File Systems.
         Starting udev Coldplug all Devices...
         Starting Load/Save Random Seed...
         Starting Apply Kernel Variables...
         Mounting Configuration File System...
         Starting Create Static Device Nodes in /dev...
[[0;32m  OK  [0m] Mounted Configuration File System.
[[0;32m  OK  [0m] Started Load/Save Random Seed.
[[0;32m  OK  [0m] Started Apply Kernel Variables.
[[0;32m  OK  [0m] Started Create Static Device Nodes in /dev.
         Starting udev Kernel Device Manager...
[[0;32m  OK  [0m] Reached target Local File Systems (Pre).
[[0;32m  OK  [0m] Reached target Local File Systems.
         Starting Raise network interfaces...
[[0;32m  OK  [0m] Started Journal Service.
         Starting Flush Journal to Persistent Storage...
[   11.747369] systemd-journald[89]: Received request to flush runtime journal from PID 1
[[0;32m  OK  [0m] Started Flush Journal to Persistent Storage.
         Starting Create Volatile Files and Directories...
[[0;32m  OK  [0m] Started udev Kernel Device Manager.
[   12.645447] omap_prm 44e00d00.prm: sync_state() pending due to 44d00000.cpu
[[0;32m  OK  [0m] Started Create Volatile Files and Directories.
         Starting Network Time Synchronization...
         Starting Update UTMP about System Boot/Shutdown...
[[0;32m  OK  [0m] Started udev Coldplug all Devices.
[[0;32m  OK  [0m] Started Update UTMP about System Boot/Shutdown.
[   14.812396] remoteproc remoteproc0: wkup_m3 is available
[   14.958286] omap_rtc 44e3e000.rtc: registered as rtc0
[   14.963468] omap_rtc 44e3e000.rtc: setting system clock to 2000-01-01T00:00:00 UTC (946684800)
[   15.118537] omap_wdt: OMAP Watchdog Timer Rev 0x01: initial timeout 60 sec
[   15.302025] input: tps65217_pwrbutton as /devices/platform/ocp/44c00000.interconnect/44c00000.interconnect:segment@200000/44e0b000.target-module/44e0b000.i2c/i2c-0/0-0024/tps65217-pwrbutton/input/input0
[   15.350513] at24 2-0054: supply vcc not found, using dummy regulator
[   15.425761] at24 2-0055: supply vcc not found, using dummy regulator
[[0;32m  OK  [0m] Found device /dev/ttyS0.
[[0;32m  OK  [0m] Started Network Time Synchronization.
[   15.545394] at24 2-0056: supply vcc not found, using dummy regulator
[   15.663503] at24 2-0057: supply vcc not found, using dummy regulator
[[0;32m  OK  [0m] Reached target System Initialization.
[   15.822065] at24 0-0050: 32768 byte 24c256 EEPROM, writable, 1 bytes/write
[[0;32m  OK  [0m] Listening on D-Bus System Message Bus Socket.
[[0;32m  OK  [0m] Listening on Avahi mDNS/DNS-SD Stack Activation Socket.
[[0;32m  OK  [0m] Reached target Sockets.
[[0;32m  OK  [0m] Reached target Basic System.
[   16.147909] am335x-phy-driver 47401300.usb-phy: dummy supplies not allowed for exclusive requests (id=vbus)
         Starting Login Service...
[[0;32m  OK  [0m] Started Regular background program processing daemon.
[   16.565915] usbcore: registered new interface driver usbfs
[   16.571559] usbcore: registered new interface driver hub
[   16.577143] usbcore: registered new device driver usb
[   16.610668] am335x-phy-driver 47401b00.usb-phy: dummy supplies not allowed for exclusive requests (id=vbus)
         Starting DUN service...
         Starting LSB: Load kernel modules needed to enable cpufreq scaling...
         Starting Avahi mDNS/DNS-SD Stack...
         Starting LSB: Start busybox udhcpd at boot time...
[[0;32m  OK  [0m] Started D-Bus System Message Bus.
[   17.451589] musb-hdrc musb-hdrc.1: MUSB HDRC host driver
[   17.457167] musb-hdrc musb-hdrc.1: new USB bus registered, assigned bus number 1
[   17.675051] usb usb1: New USB device found, idVendor=1d6b, idProduct=0002, bcdDevice= 6.17
[   17.683870] usb usb1: New USB device strings: Mfr=3, Product=2, SerialNumber=1
[   17.691313] usb usb1: Product: MUSB HDRC host driver
[   17.696360] usb usb1: Manufacturer: Linux 6.17.0-rc7-next-20250922 musb-hcd
[   17.703361] usb usb1: SerialNumber: musb-hdrc.1
[   17.739664] omap-mailbox 480c8000.mailbox: omap mailbox rev 0x400
[   17.801655] tda998x 0-0070: found TDA19988
[   17.871102] remoteproc remoteproc0: powering up wkup_m3
[   18.025125] remoteproc remoteproc0: Direct firmware load for am335x-pm-firmware.elf failed with error -2
[   18.035029] remoteproc remoteproc0: request_firmware failed: -2
[   18.040995] wkup_m3_ipc 44e11324.wkup_m3_ipc: rproc_boot failed
[   18.172836] hub 1-0:1.0: USB hub found
[   18.239654] hub 1-0:1.0: 1 port detected
[   20.502578] omap_rng 48310000.rng: Random Number Generator ver. 20
[   20.676162] tilcdc 4830e000.lcdc: bound 0-0070 (ops tda998x_audio_codec_init [tda998x])
[   20.734401] [drm] Initialized tilcdc 1.0.0 for 4830e000.lcdc on minor 0
[   20.812440] tilcdc 4830e000.lcdc: [drm] Cannot find any crtc or sizes
[   20.820739] tilcdc 4830e000.lcdc: [drm] Cannot find any crtc or sizes
[   21.014520] ------------[ cut here ]------------
[   21.019356] WARNING: net/8021q/vlan_core.c:236 at vlan_for_each+0x114/0x134, CPU#0: avahi-daemon/189
[   21.028674] RTNL: assertion failed at net/8021q/vlan_core.c (236)
[   21.034837] Modules linked in: tilcdc drm_dma_helper omap_rng rng_core drm_client_lib snd_soc_davinci_mcasp snd_soc_ti_udma snd_soc_ti_edma snd_soc_ti_sdma snd_soc_core snd_pcm_dmaengine snd_pcm snd_timer snd omap_mailbox tda998x soundcore cec musb_dsps musb_hdrc drm_kms_helper udc_core usbcore drm phy_am335x cppi41 phy_generic usb_common wkup_m3_ipc drm_panel_orientation_quirks at24 tps65218_pwrbutton phy_am335x_control omap_wdt watchdog rtc_omap wkup_m3_rproc leds_gpio led_class cpufreq_dt autofs4
[   21.079563] CPU: 0 UID: 107 PID: 189 Comm: avahi-daemon Not tainted 6.17.0-rc7-next-20250922 #1 NONE 
[   21.079581] Hardware name: Generic AM33XX (Flattened Device Tree)
[   21.079590] Call trace: 
[   21.079605]  unwind_backtrace from show_stack+0x10/0x14
[   21.079644]  show_stack from dump_stack_lvl+0x50/0x64
[   21.079669]  dump_stack_lvl from __warn+0x88/0x148
[   21.079688]  __warn from warn_slowpath_fmt+0x19c/0x1b0
[   21.079701]  warn_slowpath_fmt from vlan_for_each+0x114/0x134
[   21.079721]  vlan_for_each from cpsw_add_mc_addr+0x40/0xa4
[   21.079744]  cpsw_add_mc_addr from __hw_addr_ref_sync_dev+0x108/0x140
[   21.079773]  __hw_addr_ref_sync_dev from __dev_mc_add+0x7c/0x80
[   21.079794]  __dev_mc_add from igmp6_group_added+0xc8/0xe0
[   21.079821]  igmp6_group_added from __ipv6_dev_mc_inc+0x218/0x364
[   21.079839]  __ipv6_dev_mc_inc from __ipv6_sock_mc_join+0x11c/0x1c0
[   21.079856]  __ipv6_sock_mc_join from do_ipv6_setsockopt+0x1214/0x1310
[   21.079886]  do_ipv6_setsockopt from ipv6_setsockopt+0x60/0xcc
[   21.079907]  ipv6_setsockopt from udpv6_setsockopt+0x2c/0x6c
[   21.079931]  udpv6_setsockopt from sock_common_setsockopt+0x30/0x40
[   21.079963]  sock_common_setsockopt from do_sock_setsockopt+0x50/0x9c
[   21.079984]  do_sock_setsockopt from __sys_setsockopt+0x70/0xbc
[   21.080002]  __sys_setsockopt from ret_fast_syscall+0x0/0x58
[   21.080019] Exception stack(0xe0171fa8 to 0xe0171ff0)
[   21.080033] 1fa0:                   00000014 b6f0ece8 0000000d 00000029 00000014 beb709ec
[   21.080044] 1fc0: 00000014 b6f0ece8 00000014 00000126 0000000d b6eb7ff4 0047e988 00466558
[   21.080053] 1fe0: b6ecd088 beb709d8 b6eaa309 b6d8141a
[   21.080060] ---[ end trace 0000000000000000 ]---
[[0;32m  OK  [0m] Started Avahi mDNS/DNS-SD Stack.
[[0;32m  OK  [0m] Started DUN service.
         Starting Connection service...
         Starting Generic Board Startup...
[   21.668176] PM: Cannot get wkup_m3_ipc handle
         Starting Cape Manager Service...
         Starting Telephony service...
[   21.908306] omap-sham 53100000.sham: hw accel on OMAP rev 4.3
         Starting System Logging Service...
[[0;32m  OK  [0m] Started Daily Cleanup of Temporary Directories.
[   22.059644] omap-sham 53100000.sham: will run requests pump with realtime priority
[   22.068430] PM: Cannot get wkup_m3_ipc handle
[[0;32m  OK  [0m] Reached target System Time Synchronized.
[   22.141921] omap-aes 53500000.aes: OMAP AES hw accel rev: 3.2
[[0;32m  OK  [0m] Started Daily apt download activities.
[[0;32m  OK  [0m] Started Daily apt upgrade and clean activities.
[[0;32m  OK  [0m] Reached target Timers.
[   22.319255] omap-aes 53500000.aes: will run requests pump with realtime priority
[   22.328955] PM: Cannot get wkup_m3_ipc handle
[[0;32m  OK  [0m] Started Cape Manager Service.
[[0;32m  OK  [0m] Started System Logging Service.
[   24.869985] Bluetooth: Core ver 2.22
[   24.873812] NET: Registered PF_BLUETOOTH protocol family
[   24.879359] Bluetooth: HCI device and connection manager initialized
[   24.885987] Bluetooth: HCI socket layer initialized
[   24.890908] Bluetooth: L2CAP socket layer initialized
[   24.896075] Bluetooth: SCO socket layer initialized
[   26.015106] gpio-537 (nxp,calib): gpiod_direction_output_nonotify: tried to set a GPIO tied to an IRQ as output
[   26.037814] PM: Cannot get wkup_m3_ipc handle
[   26.129803] PM: Cannot get wkup_m3_ipc handle
[   26.293119] tda9950 0-0034: TDA9950 CEC interface, hardware version 3.3
[   26.374364] PM: Cannot get wkup_m3_ipc handle
[[0;32m  OK  [0m] Started LSB: Start busybox udhcpd at boot time.
[[0;32m  OK  [0m] Started Raise network interfaces.
[[0;32m  OK  [0m] Started LSB: Load kernel modules needed to enable cpufreq scaling.
[   29.586155] configfs-gadget.g_multi gadget.0: HOST MAC 1c:ba:8c:a2:ed:6c
[   29.592932] configfs-gadget.g_multi gadget.0: MAC 1c:ba:8c:a2:ed:70
[   29.600316] configfs-gadget.g_multi gadget.0: HOST MAC 1c:ba:8c:a2:ed:6c
[   29.607171] configfs-gadget.g_multi gadget.0: MAC 1c:ba:8c:a2:ed:6d
[   29.621963] PM: Cannot get wkup_m3_ipc handle
[[0;32m  OK  [0m] Started Telephony service.
[[0;32m  OK  [0m] Started Connection service.
[[0;32m  OK  [0m] Started Login Service.
         Starting Hostname Service...
         Starting WPA supplicant...
[[0;32m  OK  [0m] Reached target Sound Card.
         Starting LSB: set CPUFreq kernel parameters...
[[0;32m  OK  [0m] Started WPA supplicant.
[[0;32m  OK  [0m] Started Hostname Service.
[[0;32m  OK  [0m] Reached target Network.
         Starting The Apache HTTP Server...
[[0;32m  OK  [0m] Reached target Network is Online.
         Starting LSB: Advanced IEEE 802.11 management daemon...
         Starting OpenBSD Secure Shell server...
         Starting Permit User Sessions...
[[0;32m  OK  [0m] Started LSB: Advanced IEEE 802.11 management daemon.
[[0;32m  OK  [0m] Started LSB: set CPUFreq kernel parameters.
[[0;32m  OK  [0m] Started Permit User Sessions.
[[0;32m  OK  [0m] Started Getty on tty1.
[[0;32m  OK  [0m] Started Serial Getty on ttyS0.
[[0;32m  OK  [0m] Reached target Login Prompts.
         Stopping LSB: Start busybox udhcpd at boot time...
[[0;32m  OK  [0m] Started OpenBSD Secure Shell server.
[[0;32m  OK  [0m] Stopped LSB: Start busybox udhcpd at boot time.
         Starting dnsmasq - A lightweight DHCP and caching DNS server...
[[0;32m  OK  [0m] Started The Apache HTTP Server.
[[0;32m  OK  [0m] Started dnsmasq - A lightweight DHCP and caching DNS server.
[[0;32m  OK  [0m] Reached target Host and Network Name Lookups.
[[0;32m  OK  [0m] Started Serial Getty on ttyGS0.
[[0;32m  OK  [0m] Started Generic Board Startup.
[[0;32m  OK  [0m] Reached target Multi-User System.
[[0;32m  OK  [0m] Reached target Graphical Interface.
         Starting Update UTMP about System Runlevel Changes...
[[0;32m  OK  [0m] Started Update UTMP about System Runlevel Changes.

Debian GNU/Linux 9 arm ttyS0

default username:password is [debian:temppwd]

arm login: root
Password: 
Last login: Sat Jan  1 00:00:41 UTC 2000 on ttyS0
root
Linux arm 6.17.0-rc7-next-20250922 #1 SMP Mon Sep 22 14:03:23 EEST 2025 armv7l

The programs included with the Debian GNU/Linux system are free software;
the exact distribution terms for each program are described in the
individual files in /usr/share/doc/*/copyright.

Debian GNU/Linux comes with ABSOLUTELY NO WARRANTY, to the extent
permitted by applicable law.
root@arm:~# root
dmesg -n 1
-bash: root: command not found
root@arm:~# dmesg -n 1
root@arm:~# echo 'LTPY''GVLPKX'
LTPYGVLPKX
root@arm:~# run() { echo -n "$MARKER"; sh -c "$@"; echo "$MARKER $?"; }
root@arm:~# echo 'CYFF''VXWMVX'
CYFFVXWMVX
root@arm:~# MARKER='OMYJ''LMSNAT' run 'cat /proc/version'
OMYJLMSNATLinux version 6.17.0-rc7-next-20250922 (user01@drvtest01) (arm-none-eabi-gcc (Arm GNU Toolchain 14.2.Rel1 (Build arm-14.52)) 14.2.1 20241119, GNU ld (Arm GNU Toolchain 14.2.Rel1 (Build arm-14.52)) 2.43.1.20241119) #1 SMP Mon Sep 22 14:03:23 EEST 2025
OMYJLMSNAT 0
root@arm:~# echo 'AZGT''OMGJLN'
AZGTOMGJLN
root@arm:~# MARKER='CLHU''HPQCHY' run false
CLHUHPQCHYCLHUHPQCHY 1
root@arm:~# Labgrid Console Logfile for main
Logfile started at 2025-09-22 14:06:07.726161
=== Log starts here ===

root@arm:~# run() { echo -n "$MARKER"; sh -c "$@"; echo "$MARKER $?"; }
root@arm:~# echo 'MWCQ''AOHONA'
MWCQAOHONA
root@arm:~# MARKER='VEEC''LXASLW' run 'ls /iio_generic_buffer; echo $?'
VEECLXASLW/iio_generic_buffer
0
VEECLXASLW 0
root@arm:~# Labgrid Console Logfile for main
Logfile started at 2025-09-22 14:06:11.119545
=== Log starts here ===

root@arm:~# run() { echo -n "$MARKER"; sh -c "$@"; echo "$MARKER $?"; }
root@arm:~# echo 'GMHV''VENZGS'
GMHVVENZGS
root@arm:~# MARKER='HXEU''JMCANS' run dmesg
HXEUJMCANS[    0.000000] Booting Linux on physical CPU 0x0
[    0.000000] Linux version 6.17.0-rc7-next-20250922 (user01@drvtest01) (arm-none-eabi-gcc (Arm GNU Toolchain 14.2.Rel1 (Build arm-14.52)) 14.2.1 20241119, GNU ld (Arm GNU Toolchain 14.2.Rel1 (Build arm-14.52)) 2.43.1.20241119) #1 SMP Mon Sep 22 14:03:23 EEST 2025
[    0.000000] CPU: ARMv7 Processor [413fc082] revision 2 (ARMv7), cr=10c5387d
[    0.000000] CPU: PIPT / VIPT nonaliasing data cache, VIPT aliasing instruction cache
[    0.000000] OF: fdt: Machine model: TI AM335x BeagleBone Black
[    0.000000] Memory policy: Data cache writeback
[    0.000000] cma: Reserved 16 MiB at 0x9e800000
[    0.000000] Zone ranges:
[    0.000000]   Normal   [mem 0x0000000080000000-0x000000009fdfffff]
[    0.000000]   HighMem  empty
[    0.000000] Movable zone start for each node
[    0.000000] Early memory node ranges
[    0.000000]   node   0: [mem 0x0000000080000000-0x000000009fdfffff]
[    0.000000] Initmem setup node 0 [mem 0x0000000080000000-0x000000009fdfffff]
[    0.000000] On node 0, zone Normal: 512 pages in unavailable ranges
[    0.000000] OF: reserved mem: Reserved memory: No reserved-memory node in the DT
[    0.000000] CPU: All CPU(s) started in SVC mode.
[    0.000000] AM335X ES2.1 (sgx neon)
[    0.000000] percpu: Embedded 17 pages/cpu s39884 r8192 d21556 u69632
[    0.000000] pcpu-alloc: s39884 r8192 d21556 u69632 alloc=17*4096
[    0.000000] pcpu-alloc: [0] 0 
[    0.000000] Kernel command line: console=ttyO0,115200n8 root=/dev/nfs rw nfsroot=192.168.255.126:/home/user01/nfs,nfsvers=3 ip=192.168.255.1:192.168.255.126::255.255.255.0:bbb1:eth0 nfsrootdebug
[    0.000000] Unknown kernel command line parameters "nfsrootdebug", will be passed to user space.
[    0.000000] printk: log buffer data + meta data: 65536 + 204800 = 270336 bytes
[    0.000000] Dentry cache hash table entries: 65536 (order: 6, 262144 bytes, linear)
[    0.000000] Inode-cache hash table entries: 32768 (order: 5, 131072 bytes, linear)
[    0.000000] Built 1 zonelists, mobility grouping on.  Total pages: 130560
[    0.000000] mem auto-init: stack:off, heap alloc:off, heap free:off
[    0.000000] SLUB: HWalign=16, Order=0-3, MinObjects=0, CPUs=1, Nodes=1
[    0.000000] rcu: Hierarchical RCU implementation.
[    0.000000] rcu: 	RCU event tracing is enabled.
[    0.000000] rcu: 	RCU restricting CPUs from NR_CPUS=2 to nr_cpu_ids=1.
[    0.000000] 	Tracing variant of Tasks RCU enabled.
[    0.000000] rcu: RCU calculated value of scheduler-enlistment delay is 10 jiffies.
[    0.000000] rcu: Adjusting geometry for rcu_fanout_leaf=16, nr_cpu_ids=1
[    0.000000] RCU Tasks Trace: Setting shift to 0 and lim to 1 rcu_task_cb_adjust=1 rcu_task_cpu_ids=1.
[    0.000000] NR_IRQS: 16, nr_irqs: 16, preallocated irqs: 16
[    0.000000] IRQ: Found an INTC at 0x(ptrval) (revision 5.0) with 128 interrupts
[    0.000000] rcu: srcu_init: Setting srcu_struct sizes based on contention.
[    0.000000] TI gptimer clocksource: always-on /ocp/interconnect@44c00000/segment@200000/target-module@31000
[    0.000003] sched_clock: 32 bits at 24MHz, resolution 41ns, wraps every 89478484971ns
[    0.000026] clocksource: dmtimer: mask: 0xffffffff max_cycles: 0xffffffff, max_idle_ns: 79635851949 ns
[    0.000490] TI gptimer clockevent: 24000000 Hz at /ocp/interconnect@48000000/segment@0/target-module@40000
[    0.002047] Console: colour dummy device 80x30
[    0.002115] WARNING: Your 'console=ttyO0' has been replaced by 'ttyS0'
[    0.002123] This ensures that you still see kernel messages. Please
[    0.002127] update your kernel commandline.
[    0.002168] Calibrating delay loop... 996.14 BogoMIPS (lpj=4980736)
[    0.090603] CPU: Testing write buffer coherency: ok
[    0.090688] CPU0: Spectre v2: using BPIALL workaround
[    0.090698] pid_max: default: 32768 minimum: 301
[    0.090877] LSM: initializing lsm=capability
[    0.091044] Mount-cache hash table entries: 1024 (order: 0, 4096 bytes, linear)
[    0.091063] Mountpoint-cache hash table entries: 1024 (order: 0, 4096 bytes, linear)
[    0.092649] CPU0: thread -1, cpu 0, socket -1, mpidr 0
[    0.092707] cacheinfo: Unable to detect cache hierarchy for CPU 0
[    0.094723] Setting up static identity map for 0x80100000 - 0x80100078
[    0.095054] rcu: Hierarchical SRCU implementation.
[    0.095063] rcu: 	Max phase no-delay instances is 1000.
[    0.096757] smp: Bringing up secondary CPUs ...
[    0.096808] smp: Brought up 1 node, 1 CPU
[    0.096820] SMP: Total of 1 processors activated (996.14 BogoMIPS).
[    0.096831] CPU: All CPU(s) started in SVC mode.
[    0.097029] Memory: 480868K/522240K available (11264K kernel code, 1226K rwdata, 2948K rodata, 1024K init, 256K bss, 23336K reserved, 16384K cma-reserved, 0K highmem)
[    0.097850] devtmpfs: initialized
[    0.115573] VFP support v0.3: implementor 41 architecture 3 part 30 variant c rev 3
[    0.116197] clocksource: jiffies: mask: 0xffffffff max_cycles: 0xffffffff, max_idle_ns: 19112604462750000 ns
[    0.116252] posixtimers hash table entries: 512 (order: 0, 4096 bytes, linear)
[    0.116279] futex hash table entries: 256 (16384 bytes on 1 NUMA nodes, total 16 KiB, linear).
[    0.117420] pinctrl core: initialized pinctrl subsystem
[    0.119516] NET: Registered PF_NETLINK/PF_ROUTE protocol family
[    0.122604] DMA: preallocated 256 KiB pool for atomic coherent allocations
[    0.123210] audit: initializing netlink subsys (disabled)
[    0.124558] thermal_sys: Registered thermal governor 'fair_share'
[    0.124574] thermal_sys: Registered thermal governor 'step_wise'
[    0.124584] thermal_sys: Registered thermal governor 'user_space'
[    0.124699] audit: type=2000 audit(0.120:1): state=initialized audit_enabled=0 res=1
[    0.124771] cpuidle: using governor menu
[    0.142797] /ocp/interconnect@44c00000/segment@200000/target-module@b000/i2c@0/tda19988@70: Fixed dependency cycle(s) with /ocp/interconnect@48000000/segment@300000/target-module@e000/lcdc@0
[    0.143892] /ocp/interconnect@48000000/segment@300000/target-module@e000/lcdc@0: Fixed dependency cycle(s) with /ocp/interconnect@44c00000/segment@200000/target-module@b000/i2c@0/tda19988@70
[    0.146099] No ATAGs?
[    0.146137] hw-breakpoint: debug architecture 0x4 unsupported.
[    0.149229] kprobes: kprobe jump-optimization is enabled. All kprobes are optimized if possible.
[    0.164153] iommu: Default domain type: Translated
[    0.164176] iommu: DMA domain TLB invalidation policy: strict mode
[    0.165734] reg-fixed-voltage fixedregulator0: using DT '/fixedregulator0' for '(default)' GPIO lookup
[    0.165788] of_get_named_gpiod_flags: can't parse 'gpios' property of node '/fixedregulator0[0]'
[    0.165816] of_get_named_gpiod_flags: can't parse 'gpio' property of node '/fixedregulator0[0]'
[    0.165834] reg-fixed-voltage fixedregulator0: using lookup tables for GPIO lookup
[    0.165844] reg-fixed-voltage fixedregulator0: No GPIO consumer (default) found
[    0.171483] SCSI subsystem initialized
[    0.171947] libata version 3.00 loaded.
[    0.172332] pps_core: LinuxPPS API ver. 1 registered
[    0.172343] pps_core: Software ver. 5.3.6 - Copyright 2005-2007 Rodolfo Giometti <giometti@linux.it>
[    0.172367] PTP clock support registered
[    0.174374] vgaarb: loaded
[    0.180949] clocksource: Switched to clocksource dmtimer
[    0.181671] VFS: Disk quotas dquot_6.6.0
[    0.181728] VFS: Dquot-cache hash table entries: 1024 (order 0, 4096 bytes)
[    0.209661] NET: Registered PF_INET protocol family
[    0.209999] IP idents hash table entries: 8192 (order: 4, 65536 bytes, linear)
[    0.211422] tcp_listen_portaddr_hash hash table entries: 512 (order: 0, 4096 bytes, linear)
[    0.211460] Table-perturb hash table entries: 65536 (order: 6, 262144 bytes, linear)
[    0.211479] TCP established hash table entries: 4096 (order: 2, 16384 bytes, linear)
[    0.211524] TCP bind hash table entries: 4096 (order: 4, 65536 bytes, linear)
[    0.211624] TCP: Hash tables configured (established 4096 bind 4096)
[    0.211745] UDP hash table entries: 256 (order: 1, 14336 bytes, linear)
[    0.211780] UDP-Lite hash table entries: 256 (order: 1, 14336 bytes, linear)
[    0.211996] NET: Registered PF_UNIX/PF_LOCAL protocol family
[    0.213305] RPC: Registered named UNIX socket transport module.
[    0.213326] RPC: Registered udp transport module.
[    0.213331] RPC: Registered tcp transport module.
[    0.213335] RPC: Registered tcp-with-tls transport module.
[    0.213340] RPC: Registered tcp NFSv4.1 backchannel transport module.
[    0.213363] PCI: CLS 0 bytes, default 64
[    0.214922] Initialise system trusted keyrings
[    0.225555] workingset: timestamp_bits=14 max_order=17 bucket_order=3
[    0.227033] NFS: Registering the id_resolver key type
[    0.227114] Key type id_resolver registered
[    0.227122] Key type id_legacy registered
[    0.227231] jffs2: version 2.2. (NAND) (SUMMARY)  Â© 2001-2006 Red Hat, Inc.
[    0.227694] Key type asymmetric registered
[    0.227710] Asymmetric key parser 'x509' registered
[    0.227780] io scheduler mq-deadline registered
[    0.227791] io scheduler kyber registered
[    0.227873] io scheduler bfq registered
[    0.229725] target-module@4b000000:target-module@140000:pmu@0:fck: device ID is greater than 24
[    0.230929] ledtrig-cpu: registered to indicate activity on CPUs
[    0.245684] Serial: 8250/16550 driver, 6 ports, IRQ sharing enabled
[    0.287379] brd: module loaded
[    0.308517] loop: module loaded
[    0.309444] mtdoops: mtd device (mtddev=name/number) must be supplied
[    0.311000] mdio_bus fixed-0: using lookup tables for GPIO lookup
[    0.311024] mdio_bus fixed-0: No GPIO consumer reset found
[    0.312450] i2c_dev: i2c /dev entries driver
[    0.313473] cpuidle: enable-method property 'ti,am3352' found operations
[    0.313927] sdhci: Secure Digital Host Controller Interface driver
[    0.313936] sdhci: Copyright(c) Pierre Ossman
[    0.314127] sdhci-pltfm: SDHCI platform and OF driver helper
[    0.315852] hw perfevents: enabled with armv7_cortex_a8 PMU driver, 5 (8000000f) counters available
[    0.316374] Initializing XFRM netlink socket
[    0.316541] NET: Registered PF_INET6 protocol family
[    0.325380] Segment Routing with IPv6
[    0.325462] In-situ OAM (IOAM) with IPv6
[    0.325556] sit: IPv6, IPv4 and MPLS over IPv4 tunneling driver
[    0.326539] NET: Registered PF_PACKET protocol family
[    0.326568] NET: Registered PF_KEY protocol family
[    0.326736] Key type dns_resolver registered
[    0.326968] ThumbEE CPU extension supported.
[    0.326988] Registering SWP/SWPB emulation handler
[    0.327516] omap_voltage_late_init: Voltage driver support not added
[    0.328186] SmartReflex Class3 initialized
[    0.351648] Loading compiled-in X.509 certificates
[    0.398950] /ocp/interconnect@44c00000/segment@200000/target-module@b000/i2c@0/tda19988@70: Fixed dependency cycle(s) with /ocp/interconnect@48000000/segment@300000/target-module@e000/lcdc@0
[    0.405621] /ocp/interconnect@44c00000/segment@200000/target-module@b000/i2c@0/tda19988@70: Fixed dependency cycle(s) with /ocp/interconnect@48000000/segment@300000/target-module@e000/lcdc@0
[    0.411253] gpiochip_find_base_unlocked: found new base at 512
[    0.433622] /ocp/interconnect@44c00000/segment@200000/target-module@b000/i2c@0/tda19988@70: Fixed dependency cycle(s) with /ocp/interconnect@48000000/segment@300000/target-module@e000/lcdc@0
[    0.434498] /ocp/interconnect@44c00000/segment@200000/target-module@b000/i2c@0/tda19988@70: Fixed dependency cycle(s) with /ocp/interconnect@48000000/segment@300000/target-module@e000/lcdc@0
[    0.438321] /ocp/interconnect@44c00000/segment@200000/target-module@10000/scm@0/pinmux@800: Fixed dependency cycle(s) with /ocp/interconnect@44c00000/segment@200000/target-module@10000/scm@0/pinmux@800/clkout2-pins
[    0.438907] pinctrl-single 44e10800.pinmux: 142 pins, size 568
[    0.444207] ti-sysc 44e31000.target-module: probe with driver ti-sysc failed with error -16
[    0.483821] /ocp/interconnect@48000000/segment@300000/target-module@e000/lcdc@0: Fixed dependency cycle(s) with /ocp/interconnect@44c00000/segment@200000/target-module@b000/i2c@0/tda19988@70
[    0.492173] ti-sysc 48040000.target-module: probe with driver ti-sysc failed with error -16
[    0.503795] gpiochip_find_base_unlocked: found new base at 512
[    0.503892] gpio gpiochip0: (gpio-0-31): created GPIO range 0->7 ==> 44e10800.pinmux PIN 0->7
[    0.503912] gpio gpiochip0: (gpio-0-31): created GPIO range 8->11 ==> 44e10800.pinmux PIN 90->93
[    0.503928] gpio gpiochip0: (gpio-0-31): created GPIO range 12->27 ==> 44e10800.pinmux PIN 12->27
[    0.503944] gpio gpiochip0: (gpio-0-31): created GPIO range 28->31 ==> 44e10800.pinmux PIN 30->33
[    0.540718] gpio gpiochip0: (gpio-0-31): added GPIO chardev (254:0)
[    0.540943] gpio gpiochip0: registered GPIOs 512 to 543 on gpio-0-31
[    0.541031] OMAP GPIO hardware version 0.1
[    0.567491] i2c i2c-2: using DT '/ocp/interconnect@48000000/segment@100000/target-module@9c000/i2c@0' for 'scl' GPIO lookup
[    0.567563] of_get_named_gpiod_flags: can't parse 'scl-gpios' property of node '/ocp/interconnect@48000000/segment@100000/target-module@9c000/i2c@0[0]'
[    0.567606] of_get_named_gpiod_flags: can't parse 'scl-gpio' property of node '/ocp/interconnect@48000000/segment@100000/target-module@9c000/i2c@0[0]'
[    0.567641] i2c i2c-2: using lookup tables for GPIO lookup
[    0.567652] i2c i2c-2: No GPIO consumer scl found
[    0.567673] i2c i2c-2: using DT '/ocp/interconnect@48000000/segment@100000/target-module@9c000/i2c@0' for 'sda' GPIO lookup
[    0.567708] of_get_named_gpiod_flags: can't parse 'sda-gpios' property of node '/ocp/interconnect@48000000/segment@100000/target-module@9c000/i2c@0[0]'
[    0.567745] of_get_named_gpiod_flags: can't parse 'sda-gpio' property of node '/ocp/interconnect@48000000/segment@100000/target-module@9c000/i2c@0[0]'
[    0.567776] i2c i2c-2: using lookup tables for GPIO lookup
[    0.567783] i2c i2c-2: No GPIO consumer sda found
[    0.568512] omap_i2c 4819c000.i2c: bus 2 rev0.11 at 100 kHz
[    0.574043] gpiochip_find_base_unlocked: found new base at 544
[    0.574158] gpio gpiochip1: (gpio-32-63): created GPIO range 0->17 ==> 44e10800.pinmux PIN 34->51
[    0.574180] gpio gpiochip1: (gpio-32-63): created GPIO range 18->21 ==> 44e10800.pinmux PIN 77->80
[    0.574196] gpio gpiochip1: (gpio-32-63): created GPIO range 22->31 ==> 44e10800.pinmux PIN 56->65
[    0.593743] gpio gpiochip1: (gpio-32-63): added GPIO chardev (254:1)
[    0.593987] gpio gpiochip1: registered GPIOs 544 to 575 on gpio-32-63
[    0.596451] gpiochip_find_base_unlocked: found new base at 576
[    0.596544] gpio gpiochip2: (gpio-64-95): created GPIO range 0->4 ==> 44e10800.pinmux PIN 66->70
[    0.596564] gpio gpiochip2: (gpio-64-95): created GPIO range 5->6 ==> 44e10800.pinmux PIN 98->99
[    0.596579] gpio gpiochip2: (gpio-64-95): created GPIO range 7->8 ==> 44e10800.pinmux PIN 75->76
[    0.596595] gpio gpiochip2: (gpio-64-95): created GPIO range 13->13 ==> 44e10800.pinmux PIN 141->141
[    0.596612] gpio gpiochip2: (gpio-64-95): created GPIO range 14->21 ==> 44e10800.pinmux PIN 100->107
[    0.597312] gpio gpiochip2: (gpio-64-95): added GPIO chardev (254:2)
[    0.597509] gpio gpiochip2: registered GPIOs 576 to 607 on gpio-64-95
[    0.603158] 48000000.interconnect:segment@200000:target-module@0:mpu@0:fck: device ID is greater than 24
[    0.604057] /ocp/interconnect@48000000/segment@300000/target-module@e000/lcdc@0: Fixed dependency cycle(s) with /ocp/interconnect@44c00000/segment@200000/target-module@b000/i2c@0/tda19988@70
[    0.607205] /ocp/interconnect@48000000/segment@300000/target-module@e000/lcdc@0: Fixed dependency cycle(s) with /ocp/interconnect@44c00000/segment@200000/target-module@b000/i2c@0/tda19988@70
[    0.607926] /ocp/interconnect@44c00000/segment@200000/target-module@b000/i2c@0/tda19988@70: Fixed dependency cycle(s) with /ocp/interconnect@48000000/segment@300000/target-module@e000/lcdc@0
[    0.608106] /ocp/interconnect@48000000/segment@300000/target-module@e000/lcdc@0: Fixed dependency cycle(s) with /ocp/interconnect@44c00000/segment@200000/target-module@b000/i2c@0/tda19988@70
[    0.617953] mdio_bus 4a101000.mdio: using DT '/ocp/interconnect@4a000000/segment@0/target-module@100000/switch@0/mdio@1000' for 'reset' GPIO lookup
[    0.618025] of_get_named_gpiod_flags: can't parse 'reset-gpios' property of node '/ocp/interconnect@4a000000/segment@0/target-module@100000/switch@0/mdio@1000[0]'
[    0.618071] of_get_named_gpiod_flags: can't parse 'reset-gpio' property of node '/ocp/interconnect@4a000000/segment@0/target-module@100000/switch@0/mdio@1000[0]'
[    0.618118] mdio_bus 4a101000.mdio: using lookup tables for GPIO lookup
[    0.618128] mdio_bus 4a101000.mdio: No GPIO consumer reset found
[    0.619072] sdhci-omap 481d8000.mmc: using DT '/ocp/interconnect@48000000/segment@100000/target-module@d8000/mmc@0' for 'wp' GPIO lookup
[    0.619128] of_get_named_gpiod_flags: can't parse 'wp-gpios' property of node '/ocp/interconnect@48000000/segment@100000/target-module@d8000/mmc@0[0]'
[    0.619169] of_get_named_gpiod_flags: can't parse 'wp-gpio' property of node '/ocp/interconnect@48000000/segment@100000/target-module@d8000/mmc@0[0]'
[    0.619204] sdhci-omap 481d8000.mmc: using lookup tables for GPIO lookup
[    0.619214] sdhci-omap 481d8000.mmc: No GPIO consumer wp found
[    0.619408] sdhci-omap 481d8000.mmc: supply pbias not found, using dummy regulator
[    0.619901] sdhci-omap 481d8000.mmc: supply vqmmc not found, using dummy regulator
[    0.677508] davinci_mdio 4a101000.mdio: davinci mdio revision 1.6, bus freq 1000000
[    0.700233] mdio_bus 4a101000.mdio:00: using DT '/ocp/interconnect@4a000000/segment@0/target-module@100000/switch@0/mdio@1000/ethernet-phy@0' for 'reset' GPIO lookup
[    0.700333] of_get_named_gpiod_flags: parsed 'reset-gpios' property of node '/ocp/interconnect@4a000000/segment@0/target-module@100000/switch@0/mdio@1000/ethernet-phy@0[0]' - status (0)
[    0.700496] gpio gpiochip0: Persistence not supported for GPIO 8
[    0.839112] davinci_mdio 4a101000.mdio: phy[0]: device 4a101000.mdio:00, driver SMSC LAN8710/LAN8720
[    0.839907] cpsw-switch 4a100000.switch: initialized cpsw ale version 1.4
[    0.839930] cpsw-switch 4a100000.switch: ALE Table size 1024, Policers 0
[    0.840108] cpsw-switch 4a100000.switch: cpts: overflow check period 500 (jiffies)
[    0.840126] cpsw-switch 4a100000.switch: CPTS: ref_clk_freq:250000000 calc_mult:2147483648 calc_shift:29 error:0 nsec/sec
[    0.840231] cpsw-switch 4a100000.switch: Detected MACID = 6c:ec:eb:68:de:78
[    0.842094] cpsw-switch 4a100000.switch: initialized (regs 0x4a100000, pool size 256) hw_ver:0019010C 1.12 (0)
[    0.853209] debugfs: '49000000.dma' already exists in 'dmaengine'
[    0.853251] edma 49000000.dma: TI EDMA DMA engine driver
[    0.895403] gpio-clk clk_mcasp0: using DT '/clk_mcasp0' for 'enable' GPIO lookup
[    0.895479] of_get_named_gpiod_flags: parsed 'enable-gpios' property of node '/clk_mcasp0[0]' - status (0)
[    0.895523] gpio gpiochip0: Persistence not supported for GPIO 27
[    0.896265] gpiochip_find_base_unlocked: found new base at 608
[    0.896375] gpio gpiochip3: (gpio-96-127): created GPIO range 0->7 ==> 44e10800.pinmux PIN 82->89
[    0.896395] gpio gpiochip3: (gpio-96-127): created GPIO range 8->11 ==> 44e10800.pinmux PIN 52->55
[    0.896411] gpio gpiochip3: (gpio-96-127): created GPIO range 12->15 ==> 44e10800.pinmux PIN 94->97
[    0.896426] gpio gpiochip3: (gpio-96-127): created GPIO range 16->17 ==> 44e10800.pinmux PIN 71->72
[    0.896442] gpio gpiochip3: (gpio-96-127): created GPIO range 18->18 ==> 44e10800.pinmux PIN 135->135
[    0.896460] gpio gpiochip3: (gpio-96-127): created GPIO range 19->20 ==> 44e10800.pinmux PIN 108->109
[    0.896494] gpio gpiochip3: (gpio-96-127): created GPIO range 21->21 ==> 44e10800.pinmux PIN 73->73
[    0.896514] gpio gpiochip3: (gpio-96-127): created GPIO range 22->23 ==> 44e10800.pinmux PIN 8->9
[    0.896531] gpio gpiochip3: (gpio-96-127): created GPIO range 26->27 ==> 44e10800.pinmux PIN 10->11
[    0.896548] gpio gpiochip3: (gpio-96-127): created GPIO range 28->28 ==> 44e10800.pinmux PIN 74->74
[    0.896566] gpio gpiochip3: (gpio-96-127): created GPIO range 29->29 ==> 44e10800.pinmux PIN 81->81
[    0.896584] gpio gpiochip3: (gpio-96-127): created GPIO range 30->31 ==> 44e10800.pinmux PIN 28->29
[    0.911296] gpio gpiochip3: (gpio-96-127): added GPIO chardev (254:3)
[    0.911540] gpio gpiochip3: registered GPIOs 608 to 639 on gpio-96-127
[    0.913390] omap8250 44e09000.serial: using DT '/ocp/interconnect@44c00000/segment@200000/target-module@9000/serial@0' for 'rs485-term' GPIO lookup
[    0.913458] of_get_named_gpiod_flags: can't parse 'rs485-term-gpios' property of node '/ocp/interconnect@44c00000/segment@200000/target-module@9000/serial@0[0]'
[    0.913502] of_get_named_gpiod_flags: can't parse 'rs485-term-gpio' property of node '/ocp/interconnect@44c00000/segment@200000/target-module@9000/serial@0[0]'
[    0.913538] omap8250 44e09000.serial: using lookup tables for GPIO lookup
[    0.913548] omap8250 44e09000.serial: No GPIO consumer rs485-term found
[    0.913558] omap8250 44e09000.serial: using DT '/ocp/interconnect@44c00000/segment@200000/target-module@9000/serial@0' for 'rs485-rx-during-tx' GPIO lookup
[    0.913593] of_get_named_gpiod_flags: can't parse 'rs485-rx-during-tx-gpios' property of node '/ocp/interconnect@44c00000/segment@200000/target-module@9000/serial@0[0]'
[    0.913629] of_get_named_gpiod_flags: can't parse 'rs485-rx-during-tx-gpio' property of node '/ocp/interconnect@44c00000/segment@200000/target-module@9000/serial@0[0]'
[    0.913660] omap8250 44e09000.serial: using lookup tables for GPIO lookup
[    0.913668] omap8250 44e09000.serial: No GPIO consumer rs485-rx-during-tx found
[    0.914110] 44e09000.serial: ttyS0 at MMIO 0x44e09000 (irq = 34, base_baud = 3000000) is a 8250
[    0.914202] printk: legacy console [ttyS0] enabled
[    2.434225] i2c i2c-0: using DT '/ocp/interconnect@44c00000/segment@200000/target-module@b000/i2c@0' for 'scl' GPIO lookup
[    2.434314] of_get_named_gpiod_flags: can't parse 'scl-gpios' property of node '/ocp/interconnect@44c00000/segment@200000/target-module@b000/i2c@0[0]'
[    2.434361] of_get_named_gpiod_flags: can't parse 'scl-gpio' property of node '/ocp/interconnect@44c00000/segment@200000/target-module@b000/i2c@0[0]'
[    2.434400] i2c i2c-0: using lookup tables for GPIO lookup
[    2.434415] i2c i2c-0: No GPIO consumer scl found
[    2.434439] i2c i2c-0: using DT '/ocp/interconnect@44c00000/segment@200000/target-module@b000/i2c@0' for 'sda' GPIO lookup
[    2.434479] of_get_named_gpiod_flags: can't parse 'sda-gpios' property of node '/ocp/interconnect@44c00000/segment@200000/target-module@b000/i2c@0[0]'
[    2.434519] of_get_named_gpiod_flags: can't parse 'sda-gpio' property of node '/ocp/interconnect@44c00000/segment@200000/target-module@b000/i2c@0[0]'
[    2.434554] i2c i2c-0: using lookup tables for GPIO lookup
[    2.434565] i2c i2c-0: No GPIO consumer sda found
[    2.455675] tps65217-pmic: Failed to locate of_node [id: -1]
[    2.461739] tps65217-bl: Failed to locate of_node [id: -1]
[    2.467784] platform tps65217-charger: DMA mask not set
[    2.473815] platform tps65217-pwrbutton: DMA mask not set
[    2.481077] tps65217 0-0024: TPS65217 ID 0xe version 1.2
[    2.487198] /ocp/interconnect@48000000/segment@300000/target-module@e000/lcdc@0: Fixed dependency cycle(s) with /ocp/interconnect@44c00000/segment@200000/target-module@b000/i2c@0/tda19988@70
[    2.504603] /ocp/interconnect@44c00000/segment@200000/target-module@b000/i2c@0/tda19988@70: Fixed dependency cycle(s) with /ocp/interconnect@48000000/segment@300000/target-module@e000/lcdc@0
[    2.522003] omap_i2c 44e0b000.i2c: bus 0 rev0.11 at 400 kHz
[    2.529784] sdhci-omap 48060000.mmc: using DT '/ocp/interconnect@48000000/segment@0/target-module@60000/mmc@0' for 'cd' GPIO lookup
[    2.529890] of_get_named_gpiod_flags: parsed 'cd-gpios' property of node '/ocp/interconnect@48000000/segment@0/target-module@60000/mmc@0[0]' - status (0)
[    2.529957] gpio gpiochip3: Persistence not supported for GPIO 6
[    2.529982] omap_gpio 44e07000.gpio: Could not set line 6 debounce to 200000 microseconds (-22)
[    2.538865] sdhci-omap 48060000.mmc: Got CD GPIO
[    2.543516] sdhci-omap 48060000.mmc: using DT '/ocp/interconnect@48000000/segment@0/target-module@60000/mmc@0' for 'wp' GPIO lookup
[    2.543564] of_get_named_gpiod_flags: can't parse 'wp-gpios' property of node '/ocp/interconnect@48000000/segment@0/target-module@60000/mmc@0[0]'
[    2.543606] of_get_named_gpiod_flags: can't parse 'wp-gpio' property of node '/ocp/interconnect@48000000/segment@0/target-module@60000/mmc@0[0]'
[    2.543645] sdhci-omap 48060000.mmc: using lookup tables for GPIO lookup
[    2.543660] sdhci-omap 48060000.mmc: No GPIO consumer wp found
[    2.543871] sdhci-omap 48060000.mmc: supply pbias not found, using dummy regulator
[    2.552705] sdhci-omap 481d8000.mmc: using DT '/ocp/interconnect@48000000/segment@100000/target-module@d8000/mmc@0' for 'wp' GPIO lookup
[    2.552788] of_get_named_gpiod_flags: can't parse 'wp-gpios' property of node '/ocp/interconnect@48000000/segment@100000/target-module@d8000/mmc@0[0]'
[    2.552840] of_get_named_gpiod_flags: can't parse 'wp-gpio' property of node '/ocp/interconnect@48000000/segment@100000/target-module@d8000/mmc@0[0]'
[    2.552879] sdhci-omap 481d8000.mmc: using lookup tables for GPIO lookup
[    2.552892] sdhci-omap 481d8000.mmc: No GPIO consumer wp found
[    2.554144] sdhci-omap 48060000.mmc: supply vqmmc not found, using dummy regulator
[    2.563066] sdhci-omap 481d8000.mmc: supply pbias not found, using dummy regulator
[    2.571750] sdhci-omap 481d8000.mmc: supply vqmmc not found, using dummy regulator
[    2.610290] mmc1: SDHCI controller on 481d8000.mmc [481d8000.mmc] using External DMA
[    2.619494] mmc0: SDHCI controller on 48060000.mmc [48060000.mmc] using External DMA
[    2.628302] cpsw-switch 4a100000.switch: starting ndev. mode: dual_mac
[    2.694962] mmc1: new high speed MMC card at address 0001
[    2.701775] mmcblk1: mmc1:0001 MMC04G 3.60 GiB
[    2.709678]  mmcblk1: p1 p2
[    2.713968] mmcblk1boot0: mmc1:0001 MMC04G 2.00 MiB
[    2.721053] SMSC LAN8710/LAN8720 4a101000.mdio:00: attached PHY driver (mii_bus:phy_addr=4a101000.mdio:00, irq=POLL)
[    2.735138] mmcblk1boot1: mmc1:0001 MMC04G 2.00 MiB
[    2.748174] mmcblk1rpmb: mmc1:0001 MMC04G 128 KiB, chardev (249:0)
[    2.797770] mmc0: new high speed SDHC card at address aaaa
[    2.804606] mmcblk0: mmc0:aaaa SE32G 29.7 GiB
[    2.813968]  mmcblk0: p1 p2
[    5.925487] cpsw-switch 4a100000.switch eth0: Link is Up - 100Mbps/Full - flow control off
[    5.964971] IP-Config: Complete:
[    5.968247]      device=eth0, hwaddr=6c:ec:eb:68:de:78, ipaddr=192.168.255.1, mask=255.255.255.0, gw=255.255.255.255
[    5.978913]      host=bbb1, domain=, nis-domain=(none)
[    5.984081]      bootserver=192.168.255.126, rootserver=192.168.255.126, rootpath=
[    5.984517] clk: Disabling unused clocks
[    5.996356] PM: genpd: Disabling unused power domains
[    6.001508] KTAP version 1
[    6.004230] 1..0
[    6.006718] check access for rdinit=/init failed: -2, ignoring
[    6.043137] VFS: Mounted root (nfs filesystem) on device 0:17.
[    6.050294] devtmpfs: mounted
[    6.054930] Freeing unused kernel image (initmem) memory: 1024K
[    6.061636] Run /sbin/init as init process
[    6.065819]   with arguments:
[    6.065833]     /sbin/init
[    6.065843]     nfsrootdebug
[    6.065852]   with environment:
[    6.065861]     HOME=/
[    6.065869]     TERM=linux
[    6.741942] systemd[1]: System time before build time, advancing clock.
[    8.244732] random: crng init done
[    8.277427] systemd[1]: systemd 232 running in system mode. (+PAM +AUDIT +SELINUX +IMA +APPARMOR +SMACK +SYSVINIT +UTMP +LIBCRYPTSETUP +GCRYPT +GNUTLS +ACL +XZ +LZ4 +SECCOMP +BLKID +ELFUTILS +KMOD +IDN)
[    8.296533] systemd[1]: Detected architecture arm.
[    8.328002] systemd[1]: Set hostname to <arm>.
[    9.439321] systemd[1]: Started Forward Password Requests to Wall Directory Watch.
[    9.468737] systemd[1]: systemd-journald.socket: SO_PASSSEC failed: Operation not supported
[    9.477666] systemd[1]: systemd-journald.socket: SO_PASSSEC failed: Operation not supported
[    9.486413] systemd[1]: Listening on Journal Socket.
[    9.515991] systemd[1]: Listening on Journal Audit Socket.
[    9.545388] systemd[1]: Listening on udev Kernel Socket.
[    9.576180] systemd[1]: Created slice System Slice.
[   11.747369] systemd-journald[89]: Received request to flush runtime journal from PID 1
[   12.645447] omap_prm 44e00d00.prm: sync_state() pending due to 44d00000.cpu
[   14.346591] leds-gpio leds: using DT '/leds/led2' for '(default)' GPIO lookup
[   14.346690] of_get_named_gpiod_flags: parsed 'gpios' property of node '/leds/led2[0]' - status (0)
[   14.346748] gpio gpiochip0: Persistence not supported for GPIO 21
[   14.346763] gpio-533 (?): no flags found for GPIO (default)
[   14.475467] leds-gpio leds: using DT '/leds/led3' for '(default)' GPIO lookup
[   14.475575] of_get_named_gpiod_flags: parsed 'gpios' property of node '/leds/led3[0]' - status (0)
[   14.475632] gpio gpiochip0: Persistence not supported for GPIO 22
[   14.475648] gpio-534 (?): no flags found for GPIO (default)
[   14.497889] leds-gpio leds: using DT '/leds/led4' for '(default)' GPIO lookup
[   14.497986] of_get_named_gpiod_flags: parsed 'gpios' property of node '/leds/led4[0]' - status (0)
[   14.498039] gpio gpiochip0: Persistence not supported for GPIO 23
[   14.498055] gpio-535 (?): no flags found for GPIO (default)
[   14.516220] leds-gpio leds: using DT '/leds/led5' for '(default)' GPIO lookup
[   14.516316] of_get_named_gpiod_flags: parsed 'gpios' property of node '/leds/led5[0]' - status (0)
[   14.516368] gpio gpiochip0: Persistence not supported for GPIO 24
[   14.516383] gpio-536 (?): no flags found for GPIO (default)
[   14.812396] remoteproc remoteproc0: wkup_m3 is available
[   14.958286] omap_rtc 44e3e000.rtc: registered as rtc0
[   14.963468] omap_rtc 44e3e000.rtc: setting system clock to 2000-01-01T00:00:00 UTC (946684800)
[   14.972361] omap_rtc 44e3e000.rtc: using DT '/ocp/interconnect@44c00000/segment@200000/target-module@3e000/rtc@0' for 'wp' GPIO lookup
[   14.972433] of_get_named_gpiod_flags: can't parse 'wp-gpios' property of node '/ocp/interconnect@44c00000/segment@200000/target-module@3e000/rtc@0[0]'
[   14.972485] of_get_named_gpiod_flags: can't parse 'wp-gpio' property of node '/ocp/interconnect@44c00000/segment@200000/target-module@3e000/rtc@0[0]'
[   14.972525] omap_rtc 44e3e000.rtc: using lookup tables for GPIO lookup
[   14.972540] omap_rtc 44e3e000.rtc: No GPIO consumer wp found
[   15.118537] omap_wdt: OMAP Watchdog Timer Rev 0x01: initial timeout 60 sec
[   15.302025] input: tps65217_pwrbutton as /devices/platform/ocp/44c00000.interconnect/44c00000.interconnect:segment@200000/44e0b000.target-module/44e0b000.i2c/i2c-0/0-0024/tps65217-pwrbutton/input/input0
[   15.350513] at24 2-0054: supply vcc not found, using dummy regulator
[   15.425761] at24 2-0055: supply vcc not found, using dummy regulator
[   15.545394] at24 2-0056: supply vcc not found, using dummy regulator
[   15.663503] at24 2-0057: supply vcc not found, using dummy regulator
[   15.821457] at24 0-0050: using DT '/ocp/interconnect@44c00000/segment@200000/target-module@b000/i2c@0/eeprom@50' for 'wp' GPIO lookup
[   15.821580] of_get_named_gpiod_flags: can't parse 'wp-gpios' property of node '/ocp/interconnect@44c00000/segment@200000/target-module@b000/i2c@0/eeprom@50[0]'
[   15.821640] of_get_named_gpiod_flags: can't parse 'wp-gpio' property of node '/ocp/interconnect@44c00000/segment@200000/target-module@b000/i2c@0/eeprom@50[0]'
[   15.821686] at24 0-0050: using lookup tables for GPIO lookup
[   15.821701] at24 0-0050: No GPIO consumer wp found
[   15.822065] at24 0-0050: 32768 byte 24c256 EEPROM, writable, 1 bytes/write
[   16.147453] am335x-phy-driver 47401300.usb-phy: using DT '/ocp/target-module@47400000/usb-phy@1300' for 'reset' GPIO lookup
[   16.147546] of_get_named_gpiod_flags: can't parse 'reset-gpios' property of node '/ocp/target-module@47400000/usb-phy@1300[0]'
[   16.147591] of_get_named_gpiod_flags: can't parse 'reset-gpio' property of node '/ocp/target-module@47400000/usb-phy@1300[0]'
[   16.147629] am335x-phy-driver 47401300.usb-phy: using lookup tables for GPIO lookup
[   16.147644] am335x-phy-driver 47401300.usb-phy: No GPIO consumer reset found
[   16.147658] am335x-phy-driver 47401300.usb-phy: using DT '/ocp/target-module@47400000/usb-phy@1300' for 'vbus-detect' GPIO lookup
[   16.147688] of_get_named_gpiod_flags: can't parse 'vbus-detect-gpios' property of node '/ocp/target-module@47400000/usb-phy@1300[0]'
[   16.147720] of_get_named_gpiod_flags: can't parse 'vbus-detect-gpio' property of node '/ocp/target-module@47400000/usb-phy@1300[0]'
[   16.147746] am335x-phy-driver 47401300.usb-phy: using lookup tables for GPIO lookup
[   16.147758] am335x-phy-driver 47401300.usb-phy: No GPIO consumer vbus-detect found
[   16.147909] am335x-phy-driver 47401300.usb-phy: dummy supplies not allowed for exclusive requests (id=vbus)
[   16.565915] usbcore: registered new interface driver usbfs
[   16.571559] usbcore: registered new interface driver hub
[   16.577143] usbcore: registered new device driver usb
[   16.610206] am335x-phy-driver 47401b00.usb-phy: using DT '/ocp/target-module@47400000/usb-phy@1b00' for 'reset' GPIO lookup
[   16.610307] of_get_named_gpiod_flags: can't parse 'reset-gpios' property of node '/ocp/target-module@47400000/usb-phy@1b00[0]'
[   16.610351] of_get_named_gpiod_flags: can't parse 'reset-gpio' property of node '/ocp/target-module@47400000/usb-phy@1b00[0]'
[   16.610389] am335x-phy-driver 47401b00.usb-phy: using lookup tables for GPIO lookup
[   16.610404] am335x-phy-driver 47401b00.usb-phy: No GPIO consumer reset found
[   16.610418] am335x-phy-driver 47401b00.usb-phy: using DT '/ocp/target-module@47400000/usb-phy@1b00' for 'vbus-detect' GPIO lookup
[   16.610449] of_get_named_gpiod_flags: can't parse 'vbus-detect-gpios' property of node '/ocp/target-module@47400000/usb-phy@1b00[0]'
[   16.610481] of_get_named_gpiod_flags: can't parse 'vbus-detect-gpio' property of node '/ocp/target-module@47400000/usb-phy@1b00[0]'
[   16.610507] am335x-phy-driver 47401b00.usb-phy: using lookup tables for GPIO lookup
[   16.610520] am335x-phy-driver 47401b00.usb-phy: No GPIO consumer vbus-detect found
[   16.610668] am335x-phy-driver 47401b00.usb-phy: dummy supplies not allowed for exclusive requests (id=vbus)
[   17.451589] musb-hdrc musb-hdrc.1: MUSB HDRC host driver
[   17.457167] musb-hdrc musb-hdrc.1: new USB bus registered, assigned bus number 1
[   17.675051] usb usb1: New USB device found, idVendor=1d6b, idProduct=0002, bcdDevice= 6.17
[   17.683870] usb usb1: New USB device strings: Mfr=3, Product=2, SerialNumber=1
[   17.691313] usb usb1: Product: MUSB HDRC host driver
[   17.696360] usb usb1: Manufacturer: Linux 6.17.0-rc7-next-20250922 musb-hcd
[   17.703361] usb usb1: SerialNumber: musb-hdrc.1
[   17.739664] omap-mailbox 480c8000.mailbox: omap mailbox rev 0x400
[   17.801655] tda998x 0-0070: found TDA19988
[   17.871102] remoteproc remoteproc0: powering up wkup_m3
[   18.025125] remoteproc remoteproc0: Direct firmware load for am335x-pm-firmware.elf failed with error -2
[   18.035029] remoteproc remoteproc0: request_firmware failed: -2
[   18.040995] wkup_m3_ipc 44e11324.wkup_m3_ipc: rproc_boot failed
[   18.172836] hub 1-0:1.0: USB hub found
[   18.239654] hub 1-0:1.0: 1 port detected
[   20.502578] omap_rng 48310000.rng: Random Number Generator ver. 20
[   20.676162] tilcdc 4830e000.lcdc: bound 0-0070 (ops tda998x_audio_codec_init [tda998x])
[   20.734401] [drm] Initialized tilcdc 1.0.0 for 4830e000.lcdc on minor 0
[   20.812440] tilcdc 4830e000.lcdc: [drm] Cannot find any crtc or sizes
[   20.820739] tilcdc 4830e000.lcdc: [drm] Cannot find any crtc or sizes
[   21.014520] ------------[ cut here ]------------
[   21.019356] WARNING: net/8021q/vlan_core.c:236 at vlan_for_each+0x114/0x134, CPU#0: avahi-daemon/189
[   21.028674] RTNL: assertion failed at net/8021q/vlan_core.c (236)
[   21.034837] Modules linked in: tilcdc drm_dma_helper omap_rng rng_core drm_client_lib snd_soc_davinci_mcasp snd_soc_ti_udma snd_soc_ti_edma snd_soc_ti_sdma snd_soc_core snd_pcm_dmaengine snd_pcm snd_timer snd omap_mailbox tda998x soundcore cec musb_dsps musb_hdrc drm_kms_helper udc_core usbcore drm phy_am335x cppi41 phy_generic usb_common wkup_m3_ipc drm_panel_orientation_quirks at24 tps65218_pwrbutton phy_am335x_control omap_wdt watchdog rtc_omap wkup_m3_rproc leds_gpio led_class cpufreq_dt autofs4
[   21.079563] CPU: 0 UID: 107 PID: 189 Comm: avahi-daemon Not tainted 6.17.0-rc7-next-20250922 #1 NONE 
[   21.079581] Hardware name: Generic AM33XX (Flattened Device Tree)
[   21.079590] Call trace: 
[   21.079605]  unwind_backtrace from show_stack+0x10/0x14
[   21.079644]  show_stack from dump_stack_lvl+0x50/0x64
[   21.079669]  dump_stack_lvl from __warn+0x88/0x148
[   21.079688]  __warn from warn_slowpath_fmt+0x19c/0x1b0
[   21.079701]  warn_slowpath_fmt from vlan_for_each+0x114/0x134
[   21.079721]  vlan_for_each from cpsw_add_mc_addr+0x40/0xa4
[   21.079744]  cpsw_add_mc_addr from __hw_addr_ref_sync_dev+0x108/0x140
[   21.079773]  __hw_addr_ref_sync_dev from __dev_mc_add+0x7c/0x80
[   21.079794]  __dev_mc_add from igmp6_group_added+0xc8/0xe0
[   21.079821]  igmp6_group_added from __ipv6_dev_mc_inc+0x218/0x364
[   21.079839]  __ipv6_dev_mc_inc from __ipv6_sock_mc_join+0x11c/0x1c0
[   21.079856]  __ipv6_sock_mc_join from do_ipv6_setsockopt+0x1214/0x1310
[   21.079886]  do_ipv6_setsockopt from ipv6_setsockopt+0x60/0xcc
[   21.079907]  ipv6_setsockopt from udpv6_setsockopt+0x2c/0x6c
[   21.079931]  udpv6_setsockopt from sock_common_setsockopt+0x30/0x40
[   21.079963]  sock_common_setsockopt from do_sock_setsockopt+0x50/0x9c
[   21.079984]  do_sock_setsockopt from __sys_setsockopt+0x70/0xbc
[   21.080002]  __sys_setsockopt from ret_fast_syscall+0x0/0x58
[   21.080019] Exception stack(0xe0171fa8 to 0xe0171ff0)
[   21.080033] 1fa0:                   00000014 b6f0ece8 0000000d 00000029 00000014 beb709ec
[   21.080044] 1fc0: 00000014 b6f0ece8 00000014 00000126 0000000d b6eb7ff4 0047e988 00466558
[   21.080053] 1fe0: b6ecd088 beb709d8 b6eaa309 b6d8141a
[   21.080060] ---[ end trace 0000000000000000 ]---
[   21.668176] PM: Cannot get wkup_m3_ipc handle
[   21.908306] omap-sham 53100000.sham: hw accel on OMAP rev 4.3
[   22.059644] omap-sham 53100000.sham: will run requests pump with realtime priority
[   22.068430] PM: Cannot get wkup_m3_ipc handle
[   22.141921] omap-aes 53500000.aes: OMAP AES hw accel rev: 3.2
[   22.319255] omap-aes 53500000.aes: will run requests pump with realtime priority
[   22.328955] PM: Cannot get wkup_m3_ipc handle
[   24.869985] Bluetooth: Core ver 2.22
[   24.873812] NET: Registered PF_BLUETOOTH protocol family
[   24.879359] Bluetooth: HCI device and connection manager initialized
[   24.885987] Bluetooth: HCI socket layer initialized
[   24.890908] Bluetooth: L2CAP socket layer initialized
[   24.896075] Bluetooth: SCO socket layer initialized
[   25.972294] tda998x 0-0070: using DT '/ocp/interconnect@44c00000/segment@200000/target-module@b000/i2c@0/tda19988@70' for 'nxp,calib' GPIO lookup
[   25.972536] of_get_named_gpiod_flags: parsed 'nxp,calib-gpios' property of node '/ocp/interconnect@44c00000/segment@200000/target-module@b000/i2c@0/tda19988@70[0]' - status (0)
[   25.972740] gpio gpiochip0: Persistence not supported for GPIO 25
[   25.972759] gpio-537 (nxp,calib): no flags found for GPIO nxp,calib
[   26.015106] gpio-537 (nxp,calib): gpiod_direction_output_nonotify: tried to set a GPIO tied to an IRQ as output
[   26.037814] PM: Cannot get wkup_m3_ipc handle
[   26.043624] asoc-simple-card sound: using DT '/sound' for 'simple-audio-card,hp-det' GPIO lookup
[   26.043695] of_get_named_gpiod_flags: can't parse 'simple-audio-card,hp-det-gpios' property of node '/sound[0]'
[   26.043732] of_get_named_gpiod_flags: can't parse 'simple-audio-card,hp-det-gpio' property of node '/sound[0]'
[   26.043756] asoc-simple-card sound: using lookup tables for GPIO lookup
[   26.043770] asoc-simple-card sound: No GPIO consumer simple-audio-card,hp-det found
[   26.043784] asoc-simple-card sound: using DT '/sound' for 'simple-audio-card,mic-det' GPIO lookup
[   26.043808] of_get_named_gpiod_flags: can't parse 'simple-audio-card,mic-det-gpios' property of node '/sound[0]'
[   26.043834] of_get_named_gpiod_flags: can't parse 'simple-audio-card,mic-det-gpio' property of node '/sound[0]'
[   26.043853] asoc-simple-card sound: using lookup tables for GPIO lookup
[   26.043865] asoc-simple-card sound: No GPIO consumer simple-audio-card,mic-det found
[   26.129803] PM: Cannot get wkup_m3_ipc handle
[   26.293119] tda9950 0-0034: TDA9950 CEC interface, hardware version 3.3
[   26.374364] PM: Cannot get wkup_m3_ipc handle
[   29.274267] userial_init: registered 8 ttyGS* devices
[   29.486861] rndis_register: configNr = 0
[   29.584616] udc musb-hdrc.0: binding gadget driver [g_multi]
[   29.584973] configfs-gadget.g_multi gadget.0: adding 'rndis'/233fb88f to config 'c'/8717db2d
[   29.586155] configfs-gadget.g_multi gadget.0: HOST MAC 1c:ba:8c:a2:ed:6c
[   29.592932] configfs-gadget.g_multi gadget.0: MAC 1c:ba:8c:a2:ed:70
[   29.599405] rndis_set_param_medium: 0 0
[   29.599428] configfs-gadget.g_multi gadget.0: RNDIS: IN/ep1in OUT/ep1out NOTIFY/ep2in
[   29.599447] configfs-gadget.g_multi gadget.0: adding 'cdc_ethernet'/21e9bd40 to config 'c'/8717db2d
[   29.600316] configfs-gadget.g_multi gadget.0: HOST MAC 1c:ba:8c:a2:ed:6c
[   29.607171] configfs-gadget.g_multi gadget.0: MAC 1c:ba:8c:a2:ed:6d
[   29.613507] configfs-gadget.g_multi gadget.0: CDC Ethernet: IN/ep3in OUT/ep2out NOTIFY/ep4in
[   29.613527] configfs-gadget.g_multi gadget.0: adding 'acm'/21fe4ca2 to config 'c'/8717db2d
[   29.613572] configfs-gadget.g_multi gadget.0: acm ttyGS0: IN/ep5in OUT/ep3out NOTIFY/ep6in
[   29.621963] PM: Cannot get wkup_m3_ipc handle
[   31.255064] configfs-gadget.g_multi gadget.0: eth_open
[   35.310980] gs_open: ttyGS0 (99d3ea70,356ecca2)
[   35.311134] gs_close: ttyGS0 (99d3ea70,356ecca2) ...
[   35.311155] gs_close: ttyGS0 (99d3ea70,356ecca2) done!
[   35.332578] gs_open: ttyGS0 (703bb840,c9371ef6)
[   35.332720] gs_close: ttyGS0 (703bb840,c9371ef6) ...
[   35.332742] gs_close: ttyGS0 (703bb840,c9371ef6) done!
[   35.488538] gs_open: ttyGS0 (d6d4003d,0d1b7a09)
[   35.488793] gs_close: ttyGS0 (d6d4003d,0d1b7a09) ...
[   35.488824] gs_close: ttyGS0 (d6d4003d,0d1b7a09) done!
[   35.492821] gs_open: ttyGS0 (0c5540b4,fb830508)
HXEUJMCANS 0
root@arm:~# echo 'GZCY''AQUATH'
GZCYAQUATH
root@arm:~# MARKER='NMZC''TBWQFO' run 'modprobe test_linear_ranges'
NMZCTBWQFONMZCTBWQFO 0
root@arm:~# echo 'BSGO''VSEUXW'
BSGOVSEUXW
root@arm:~# MARKER='ZGXG''LSJKYL' run dmesg
ZGXGLSJKYL[    0.000000] Booting Linux on physical CPU 0x0
[    0.000000] Linux version 6.17.0-rc7-next-20250922 (user01@drvtest01) (arm-none-eabi-gcc (Arm GNU Toolchain 14.2.Rel1 (Build arm-14.52)) 14.2.1 20241119, GNU ld (Arm GNU Toolchain 14.2.Rel1 (Build arm-14.52)) 2.43.1.20241119) #1 SMP Mon Sep 22 14:03:23 EEST 2025
[    0.000000] CPU: ARMv7 Processor [413fc082] revision 2 (ARMv7), cr=10c5387d
[    0.000000] CPU: PIPT / VIPT nonaliasing data cache, VIPT aliasing instruction cache
[    0.000000] OF: fdt: Machine model: TI AM335x BeagleBone Black
[    0.000000] Memory policy: Data cache writeback
[    0.000000] cma: Reserved 16 MiB at 0x9e800000
[    0.000000] Zone ranges:
[    0.000000]   Normal   [mem 0x0000000080000000-0x000000009fdfffff]
[    0.000000]   HighMem  empty
[    0.000000] Movable zone start for each node
[    0.000000] Early memory node ranges
[    0.000000]   node   0: [mem 0x0000000080000000-0x000000009fdfffff]
[    0.000000] Initmem setup node 0 [mem 0x0000000080000000-0x000000009fdfffff]
[    0.000000] On node 0, zone Normal: 512 pages in unavailable ranges
[    0.000000] OF: reserved mem: Reserved memory: No reserved-memory node in the DT
[    0.000000] CPU: All CPU(s) started in SVC mode.
[    0.000000] AM335X ES2.1 (sgx neon)
[    0.000000] percpu: Embedded 17 pages/cpu s39884 r8192 d21556 u69632
[    0.000000] pcpu-alloc: s39884 r8192 d21556 u69632 alloc=17*4096
[    0.000000] pcpu-alloc: [0] 0 
[    0.000000] Kernel command line: console=ttyO0,115200n8 root=/dev/nfs rw nfsroot=192.168.255.126:/home/user01/nfs,nfsvers=3 ip=192.168.255.1:192.168.255.126::255.255.255.0:bbb1:eth0 nfsrootdebug
[    0.000000] Unknown kernel command line parameters "nfsrootdebug", will be passed to user space.
[    0.000000] printk: log buffer data + meta data: 65536 + 204800 = 270336 bytes
[    0.000000] Dentry cache hash table entries: 65536 (order: 6, 262144 bytes, linear)
[    0.000000] Inode-cache hash table entries: 32768 (order: 5, 131072 bytes, linear)
[    0.000000] Built 1 zonelists, mobility grouping on.  Total pages: 130560
[    0.000000] mem auto-init: stack:off, heap alloc:off, heap free:off
[    0.000000] SLUB: HWalign=16, Order=0-3, MinObjects=0, CPUs=1, Nodes=1
[    0.000000] rcu: Hierarchical RCU implementation.
[    0.000000] rcu: 	RCU event tracing is enabled.
[    0.000000] rcu: 	RCU restricting CPUs from NR_CPUS=2 to nr_cpu_ids=1.
[    0.000000] 	Tracing variant of Tasks RCU enabled.
[    0.000000] rcu: RCU calculated value of scheduler-enlistment delay is 10 jiffies.
[    0.000000] rcu: Adjusting geometry for rcu_fanout_leaf=16, nr_cpu_ids=1
[    0.000000] RCU Tasks Trace: Setting shift to 0 and lim to 1 rcu_task_cb_adjust=1 rcu_task_cpu_ids=1.
[    0.000000] NR_IRQS: 16, nr_irqs: 16, preallocated irqs: 16
[    0.000000] IRQ: Found an INTC at 0x(ptrval) (revision 5.0) with 128 interrupts
[    0.000000] rcu: srcu_init: Setting srcu_struct sizes based on contention.
[    0.000000] TI gptimer clocksource: always-on /ocp/interconnect@44c00000/segment@200000/target-module@31000
[    0.000003] sched_clock: 32 bits at 24MHz, resolution 41ns, wraps every 89478484971ns
[    0.000026] clocksource: dmtimer: mask: 0xffffffff max_cycles: 0xffffffff, max_idle_ns: 79635851949 ns
[    0.000490] TI gptimer clockevent: 24000000 Hz at /ocp/interconnect@48000000/segment@0/target-module@40000
[    0.002047] Console: colour dummy device 80x30
[    0.002115] WARNING: Your 'console=ttyO0' has been replaced by 'ttyS0'
[    0.002123] This ensures that you still see kernel messages. Please
[    0.002127] update your kernel commandline.
[    0.002168] Calibrating delay loop... 996.14 BogoMIPS (lpj=4980736)
[    0.090603] CPU: Testing write buffer coherency: ok
[    0.090688] CPU0: Spectre v2: using BPIALL workaround
[    0.090698] pid_max: default: 32768 minimum: 301
[    0.090877] LSM: initializing lsm=capability
[    0.091044] Mount-cache hash table entries: 1024 (order: 0, 4096 bytes, linear)
[    0.091063] Mountpoint-cache hash table entries: 1024 (order: 0, 4096 bytes, linear)
[    0.092649] CPU0: thread -1, cpu 0, socket -1, mpidr 0
[    0.092707] cacheinfo: Unable to detect cache hierarchy for CPU 0
[    0.094723] Setting up static identity map for 0x80100000 - 0x80100078
[    0.095054] rcu: Hierarchical SRCU implementation.
[    0.095063] rcu: 	Max phase no-delay instances is 1000.
[    0.096757] smp: Bringing up secondary CPUs ...
[    0.096808] smp: Brought up 1 node, 1 CPU
[    0.096820] SMP: Total of 1 processors activated (996.14 BogoMIPS).
[    0.096831] CPU: All CPU(s) started in SVC mode.
[    0.097029] Memory: 480868K/522240K available (11264K kernel code, 1226K rwdata, 2948K rodata, 1024K init, 256K bss, 23336K reserved, 16384K cma-reserved, 0K highmem)
[    0.097850] devtmpfs: initialized
[    0.115573] VFP support v0.3: implementor 41 architecture 3 part 30 variant c rev 3
[    0.116197] clocksource: jiffies: mask: 0xffffffff max_cycles: 0xffffffff, max_idle_ns: 19112604462750000 ns
[    0.116252] posixtimers hash table entries: 512 (order: 0, 4096 bytes, linear)
[    0.116279] futex hash table entries: 256 (16384 bytes on 1 NUMA nodes, total 16 KiB, linear).
[    0.117420] pinctrl core: initialized pinctrl subsystem
[    0.119516] NET: Registered PF_NETLINK/PF_ROUTE protocol family
[    0.122604] DMA: preallocated 256 KiB pool for atomic coherent allocations
[    0.123210] audit: initializing netlink subsys (disabled)
[    0.124558] thermal_sys: Registered thermal governor 'fair_share'
[    0.124574] thermal_sys: Registered thermal governor 'step_wise'
[    0.124584] thermal_sys: Registered thermal governor 'user_space'
[    0.124699] audit: type=2000 audit(0.120:1): state=initialized audit_enabled=0 res=1
[    0.124771] cpuidle: using governor menu
[    0.142797] /ocp/interconnect@44c00000/segment@200000/target-module@b000/i2c@0/tda19988@70: Fixed dependency cycle(s) with /ocp/interconnect@48000000/segment@300000/target-module@e000/lcdc@0
[    0.143892] /ocp/interconnect@48000000/segment@300000/target-module@e000/lcdc@0: Fixed dependency cycle(s) with /ocp/interconnect@44c00000/segment@200000/target-module@b000/i2c@0/tda19988@70
[    0.146099] No ATAGs?
[    0.146137] hw-breakpoint: debug architecture 0x4 unsupported.
[    0.149229] kprobes: kprobe jump-optimization is enabled. All kprobes are optimized if possible.
[    0.164153] iommu: Default domain type: Translated
[    0.164176] iommu: DMA domain TLB invalidation policy: strict mode
[    0.165734] reg-fixed-voltage fixedregulator0: using DT '/fixedregulator0' for '(default)' GPIO lookup
[    0.165788] of_get_named_gpiod_flags: can't parse 'gpios' property of node '/fixedregulator0[0]'
[    0.165816] of_get_named_gpiod_flags: can't parse 'gpio' property of node '/fixedregulator0[0]'
[    0.165834] reg-fixed-voltage fixedregulator0: using lookup tables for GPIO lookup
[    0.165844] reg-fixed-voltage fixedregulator0: No GPIO consumer (default) found
[    0.171483] SCSI subsystem initialized
[    0.171947] libata version 3.00 loaded.
[    0.172332] pps_core: LinuxPPS API ver. 1 registered
[    0.172343] pps_core: Software ver. 5.3.6 - Copyright 2005-2007 Rodolfo Giometti <giometti@linux.it>
[    0.172367] PTP clock support registered
[    0.174374] vgaarb: loaded
[    0.180949] clocksource: Switched to clocksource dmtimer
[    0.181671] VFS: Disk quotas dquot_6.6.0
[    0.181728] VFS: Dquot-cache hash table entries: 1024 (order 0, 4096 bytes)
[    0.209661] NET: Registered PF_INET protocol family
[    0.209999] IP idents hash table entries: 8192 (order: 4, 65536 bytes, linear)
[    0.211422] tcp_listen_portaddr_hash hash table entries: 512 (order: 0, 4096 bytes, linear)
[    0.211460] Table-perturb hash table entries: 65536 (order: 6, 262144 bytes, linear)
[    0.211479] TCP established hash table entries: 4096 (order: 2, 16384 bytes, linear)
[    0.211524] TCP bind hash table entries: 4096 (order: 4, 65536 bytes, linear)
[    0.211624] TCP: Hash tables configured (established 4096 bind 4096)
[    0.211745] UDP hash table entries: 256 (order: 1, 14336 bytes, linear)
[    0.211780] UDP-Lite hash table entries: 256 (order: 1, 14336 bytes, linear)
[    0.211996] NET: Registered PF_UNIX/PF_LOCAL protocol family
[    0.213305] RPC: Registered named UNIX socket transport module.
[    0.213326] RPC: Registered udp transport module.
[    0.213331] RPC: Registered tcp transport module.
[    0.213335] RPC: Registered tcp-with-tls transport module.
[    0.213340] RPC: Registered tcp NFSv4.1 backchannel transport module.
[    0.213363] PCI: CLS 0 bytes, default 64
[    0.214922] Initialise system trusted keyrings
[    0.225555] workingset: timestamp_bits=14 max_order=17 bucket_order=3
[    0.227033] NFS: Registering the id_resolver key type
[    0.227114] Key type id_resolver registered
[    0.227122] Key type id_legacy registered
[    0.227231] jffs2: version 2.2. (NAND) (SUMMARY)  Â© 2001-2006 Red Hat, Inc.
[    0.227694] Key type asymmetric registered
[    0.227710] Asymmetric key parser 'x509' registered
[    0.227780] io scheduler mq-deadline registered
[    0.227791] io scheduler kyber registered
[    0.227873] io scheduler bfq registered
[    0.229725] target-module@4b000000:target-module@140000:pmu@0:fck: device ID is greater than 24
[    0.230929] ledtrig-cpu: registered to indicate activity on CPUs
[    0.245684] Serial: 8250/16550 driver, 6 ports, IRQ sharing enabled
[    0.287379] brd: module loaded
[    0.308517] loop: module loaded
[    0.309444] mtdoops: mtd device (mtddev=name/number) must be supplied
[    0.311000] mdio_bus fixed-0: using lookup tables for GPIO lookup
[    0.311024] mdio_bus fixed-0: No GPIO consumer reset found
[    0.312450] i2c_dev: i2c /dev entries driver
[    0.313473] cpuidle: enable-method property 'ti,am3352' found operations
[    0.313927] sdhci: Secure Digital Host Controller Interface driver
[    0.313936] sdhci: Copyright(c) Pierre Ossman
[    0.314127] sdhci-pltfm: SDHCI platform and OF driver helper
[    0.315852] hw perfevents: enabled with armv7_cortex_a8 PMU driver, 5 (8000000f) counters available
[    0.316374] Initializing XFRM netlink socket
[    0.316541] NET: Registered PF_INET6 protocol family
[    0.325380] Segment Routing with IPv6
[    0.325462] In-situ OAM (IOAM) with IPv6
[    0.325556] sit: IPv6, IPv4 and MPLS over IPv4 tunneling driver
[    0.326539] NET: Registered PF_PACKET protocol family
[    0.326568] NET: Registered PF_KEY protocol family
[    0.326736] Key type dns_resolver registered
[    0.326968] ThumbEE CPU extension supported.
[    0.326988] Registering SWP/SWPB emulation handler
[    0.327516] omap_voltage_late_init: Voltage driver support not added
[    0.328186] SmartReflex Class3 initialized
[    0.351648] Loading compiled-in X.509 certificates
[    0.398950] /ocp/interconnect@44c00000/segment@200000/target-module@b000/i2c@0/tda19988@70: Fixed dependency cycle(s) with /ocp/interconnect@48000000/segment@300000/target-module@e000/lcdc@0
[    0.405621] /ocp/interconnect@44c00000/segment@200000/target-module@b000/i2c@0/tda19988@70: Fixed dependency cycle(s) with /ocp/interconnect@48000000/segment@300000/target-module@e000/lcdc@0
[    0.411253] gpiochip_find_base_unlocked: found new base at 512
[    0.433622] /ocp/interconnect@44c00000/segment@200000/target-module@b000/i2c@0/tda19988@70: Fixed dependency cycle(s) with /ocp/interconnect@48000000/segment@300000/target-module@e000/lcdc@0
[    0.434498] /ocp/interconnect@44c00000/segment@200000/target-module@b000/i2c@0/tda19988@70: Fixed dependency cycle(s) with /ocp/interconnect@48000000/segment@300000/target-module@e000/lcdc@0
[    0.438321] /ocp/interconnect@44c00000/segment@200000/target-module@10000/scm@0/pinmux@800: Fixed dependency cycle(s) with /ocp/interconnect@44c00000/segment@200000/target-module@10000/scm@0/pinmux@800/clkout2-pins
[    0.438907] pinctrl-single 44e10800.pinmux: 142 pins, size 568
[    0.444207] ti-sysc 44e31000.target-module: probe with driver ti-sysc failed with error -16
[    0.483821] /ocp/interconnect@48000000/segment@300000/target-module@e000/lcdc@0: Fixed dependency cycle(s) with /ocp/interconnect@44c00000/segment@200000/target-module@b000/i2c@0/tda19988@70
[    0.492173] ti-sysc 48040000.target-module: probe with driver ti-sysc failed with error -16
[    0.503795] gpiochip_find_base_unlocked: found new base at 512
[    0.503892] gpio gpiochip0: (gpio-0-31): created GPIO range 0->7 ==> 44e10800.pinmux PIN 0->7
[    0.503912] gpio gpiochip0: (gpio-0-31): created GPIO range 8->11 ==> 44e10800.pinmux PIN 90->93
[    0.503928] gpio gpiochip0: (gpio-0-31): created GPIO range 12->27 ==> 44e10800.pinmux PIN 12->27
[    0.503944] gpio gpiochip0: (gpio-0-31): created GPIO range 28->31 ==> 44e10800.pinmux PIN 30->33
[    0.540718] gpio gpiochip0: (gpio-0-31): added GPIO chardev (254:0)
[    0.540943] gpio gpiochip0: registered GPIOs 512 to 543 on gpio-0-31
[    0.541031] OMAP GPIO hardware version 0.1
[    0.567491] i2c i2c-2: using DT '/ocp/interconnect@48000000/segment@100000/target-module@9c000/i2c@0' for 'scl' GPIO lookup
[    0.567563] of_get_named_gpiod_flags: can't parse 'scl-gpios' property of node '/ocp/interconnect@48000000/segment@100000/target-module@9c000/i2c@0[0]'
[    0.567606] of_get_named_gpiod_flags: can't parse 'scl-gpio' property of node '/ocp/interconnect@48000000/segment@100000/target-module@9c000/i2c@0[0]'
[    0.567641] i2c i2c-2: using lookup tables for GPIO lookup
[    0.567652] i2c i2c-2: No GPIO consumer scl found
[    0.567673] i2c i2c-2: using DT '/ocp/interconnect@48000000/segment@100000/target-module@9c000/i2c@0' for 'sda' GPIO lookup
[    0.567708] of_get_named_gpiod_flags: can't parse 'sda-gpios' property of node '/ocp/interconnect@48000000/segment@100000/target-module@9c000/i2c@0[0]'
[    0.567745] of_get_named_gpiod_flags: can't parse 'sda-gpio' property of node '/ocp/interconnect@48000000/segment@100000/target-module@9c000/i2c@0[0]'
[    0.567776] i2c i2c-2: using lookup tables for GPIO lookup
[    0.567783] i2c i2c-2: No GPIO consumer sda found
[    0.568512] omap_i2c 4819c000.i2c: bus 2 rev0.11 at 100 kHz
[    0.574043] gpiochip_find_base_unlocked: found new base at 544
[    0.574158] gpio gpiochip1: (gpio-32-63): created GPIO range 0->17 ==> 44e10800.pinmux PIN 34->51
[    0.574180] gpio gpiochip1: (gpio-32-63): created GPIO range 18->21 ==> 44e10800.pinmux PIN 77->80
[    0.574196] gpio gpiochip1: (gpio-32-63): created GPIO range 22->31 ==> 44e10800.pinmux PIN 56->65
[    0.593743] gpio gpiochip1: (gpio-32-63): added GPIO chardev (254:1)
[    0.593987] gpio gpiochip1: registered GPIOs 544 to 575 on gpio-32-63
[    0.596451] gpiochip_find_base_unlocked: found new base at 576
[    0.596544] gpio gpiochip2: (gpio-64-95): created GPIO range 0->4 ==> 44e10800.pinmux PIN 66->70
[    0.596564] gpio gpiochip2: (gpio-64-95): created GPIO range 5->6 ==> 44e10800.pinmux PIN 98->99
[    0.596579] gpio gpiochip2: (gpio-64-95): created GPIO range 7->8 ==> 44e10800.pinmux PIN 75->76
[    0.596595] gpio gpiochip2: (gpio-64-95): created GPIO range 13->13 ==> 44e10800.pinmux PIN 141->141
[    0.596612] gpio gpiochip2: (gpio-64-95): created GPIO range 14->21 ==> 44e10800.pinmux PIN 100->107
[    0.597312] gpio gpiochip2: (gpio-64-95): added GPIO chardev (254:2)
[    0.597509] gpio gpiochip2: registered GPIOs 576 to 607 on gpio-64-95
[    0.603158] 48000000.interconnect:segment@200000:target-module@0:mpu@0:fck: device ID is greater than 24
[    0.604057] /ocp/interconnect@48000000/segment@300000/target-module@e000/lcdc@0: Fixed dependency cycle(s) with /ocp/interconnect@44c00000/segment@200000/target-module@b000/i2c@0/tda19988@70
[    0.607205] /ocp/interconnect@48000000/segment@300000/target-module@e000/lcdc@0: Fixed dependency cycle(s) with /ocp/interconnect@44c00000/segment@200000/target-module@b000/i2c@0/tda19988@70
[    0.607926] /ocp/interconnect@44c00000/segment@200000/target-module@b000/i2c@0/tda19988@70: Fixed dependency cycle(s) with /ocp/interconnect@48000000/segment@300000/target-module@e000/lcdc@0
[    0.608106] /ocp/interconnect@48000000/segment@300000/target-module@e000/lcdc@0: Fixed dependency cycle(s) with /ocp/interconnect@44c00000/segment@200000/target-module@b000/i2c@0/tda19988@70
[    0.617953] mdio_bus 4a101000.mdio: using DT '/ocp/interconnect@4a000000/segment@0/target-module@100000/switch@0/mdio@1000' for 'reset' GPIO lookup
[    0.618025] of_get_named_gpiod_flags: can't parse 'reset-gpios' property of node '/ocp/interconnect@4a000000/segment@0/target-module@100000/switch@0/mdio@1000[0]'
[    0.618071] of_get_named_gpiod_flags: can't parse 'reset-gpio' property of node '/ocp/interconnect@4a000000/segment@0/target-module@100000/switch@0/mdio@1000[0]'
[    0.618118] mdio_bus 4a101000.mdio: using lookup tables for GPIO lookup
[    0.618128] mdio_bus 4a101000.mdio: No GPIO consumer reset found
[    0.619072] sdhci-omap 481d8000.mmc: using DT '/ocp/interconnect@48000000/segment@100000/target-module@d8000/mmc@0' for 'wp' GPIO lookup
[    0.619128] of_get_named_gpiod_flags: can't parse 'wp-gpios' property of node '/ocp/interconnect@48000000/segment@100000/target-module@d8000/mmc@0[0]'
[    0.619169] of_get_named_gpiod_flags: can't parse 'wp-gpio' property of node '/ocp/interconnect@48000000/segment@100000/target-module@d8000/mmc@0[0]'
[    0.619204] sdhci-omap 481d8000.mmc: using lookup tables for GPIO lookup
[    0.619214] sdhci-omap 481d8000.mmc: No GPIO consumer wp found
[    0.619408] sdhci-omap 481d8000.mmc: supply pbias not found, using dummy regulator
[    0.619901] sdhci-omap 481d8000.mmc: supply vqmmc not found, using dummy regulator
[    0.677508] davinci_mdio 4a101000.mdio: davinci mdio revision 1.6, bus freq 1000000
[    0.700233] mdio_bus 4a101000.mdio:00: using DT '/ocp/interconnect@4a000000/segment@0/target-module@100000/switch@0/mdio@1000/ethernet-phy@0' for 'reset' GPIO lookup
[    0.700333] of_get_named_gpiod_flags: parsed 'reset-gpios' property of node '/ocp/interconnect@4a000000/segment@0/target-module@100000/switch@0/mdio@1000/ethernet-phy@0[0]' - status (0)
[    0.700496] gpio gpiochip0: Persistence not supported for GPIO 8
[    0.839112] davinci_mdio 4a101000.mdio: phy[0]: device 4a101000.mdio:00, driver SMSC LAN8710/LAN8720
[    0.839907] cpsw-switch 4a100000.switch: initialized cpsw ale version 1.4
[    0.839930] cpsw-switch 4a100000.switch: ALE Table size 1024, Policers 0
[    0.840108] cpsw-switch 4a100000.switch: cpts: overflow check period 500 (jiffies)
[    0.840126] cpsw-switch 4a100000.switch: CPTS: ref_clk_freq:250000000 calc_mult:2147483648 calc_shift:29 error:0 nsec/sec
[    0.840231] cpsw-switch 4a100000.switch: Detected MACID = 6c:ec:eb:68:de:78
[    0.842094] cpsw-switch 4a100000.switch: initialized (regs 0x4a100000, pool size 256) hw_ver:0019010C 1.12 (0)
[    0.853209] debugfs: '49000000.dma' already exists in 'dmaengine'
[    0.853251] edma 49000000.dma: TI EDMA DMA engine driver
[    0.895403] gpio-clk clk_mcasp0: using DT '/clk_mcasp0' for 'enable' GPIO lookup
[    0.895479] of_get_named_gpiod_flags: parsed 'enable-gpios' property of node '/clk_mcasp0[0]' - status (0)
[    0.895523] gpio gpiochip0: Persistence not supported for GPIO 27
[    0.896265] gpiochip_find_base_unlocked: found new base at 608
[    0.896375] gpio gpiochip3: (gpio-96-127): created GPIO range 0->7 ==> 44e10800.pinmux PIN 82->89
[    0.896395] gpio gpiochip3: (gpio-96-127): created GPIO range 8->11 ==> 44e10800.pinmux PIN 52->55
[    0.896411] gpio gpiochip3: (gpio-96-127): created GPIO range 12->15 ==> 44e10800.pinmux PIN 94->97
[    0.896426] gpio gpiochip3: (gpio-96-127): created GPIO range 16->17 ==> 44e10800.pinmux PIN 71->72
[    0.896442] gpio gpiochip3: (gpio-96-127): created GPIO range 18->18 ==> 44e10800.pinmux PIN 135->135
[    0.896460] gpio gpiochip3: (gpio-96-127): created GPIO range 19->20 ==> 44e10800.pinmux PIN 108->109
[    0.896494] gpio gpiochip3: (gpio-96-127): created GPIO range 21->21 ==> 44e10800.pinmux PIN 73->73
[    0.896514] gpio gpiochip3: (gpio-96-127): created GPIO range 22->23 ==> 44e10800.pinmux PIN 8->9
[    0.896531] gpio gpiochip3: (gpio-96-127): created GPIO range 26->27 ==> 44e10800.pinmux PIN 10->11
[    0.896548] gpio gpiochip3: (gpio-96-127): created GPIO range 28->28 ==> 44e10800.pinmux PIN 74->74
[    0.896566] gpio gpiochip3: (gpio-96-127): created GPIO range 29->29 ==> 44e10800.pinmux PIN 81->81
[    0.896584] gpio gpiochip3: (gpio-96-127): created GPIO range 30->31 ==> 44e10800.pinmux PIN 28->29
[    0.911296] gpio gpiochip3: (gpio-96-127): added GPIO chardev (254:3)
[    0.911540] gpio gpiochip3: registered GPIOs 608 to 639 on gpio-96-127
[    0.913390] omap8250 44e09000.serial: using DT '/ocp/interconnect@44c00000/segment@200000/target-module@9000/serial@0' for 'rs485-term' GPIO lookup
[    0.913458] of_get_named_gpiod_flags: can't parse 'rs485-term-gpios' property of node '/ocp/interconnect@44c00000/segment@200000/target-module@9000/serial@0[0]'
[    0.913502] of_get_named_gpiod_flags: can't parse 'rs485-term-gpio' property of node '/ocp/interconnect@44c00000/segment@200000/target-module@9000/serial@0[0]'
[    0.913538] omap8250 44e09000.serial: using lookup tables for GPIO lookup
[    0.913548] omap8250 44e09000.serial: No GPIO consumer rs485-term found
[    0.913558] omap8250 44e09000.serial: using DT '/ocp/interconnect@44c00000/segment@200000/target-module@9000/serial@0' for 'rs485-rx-during-tx' GPIO lookup
[    0.913593] of_get_named_gpiod_flags: can't parse 'rs485-rx-during-tx-gpios' property of node '/ocp/interconnect@44c00000/segment@200000/target-module@9000/serial@0[0]'
[    0.913629] of_get_named_gpiod_flags: can't parse 'rs485-rx-during-tx-gpio' property of node '/ocp/interconnect@44c00000/segment@200000/target-module@9000/serial@0[0]'
[    0.913660] omap8250 44e09000.serial: using lookup tables for GPIO lookup
