Labgrid Console Logfile for main
Logfile started at 2025-06-30 00:27:19.740750
=== Log starts here ===
reading args
spl_load_image_fat_os: error reading image args, err - -1
reading u-boot.img
reading u-boot.img


U-Boot 2014.04-00014-g47880f5 (Apr 22 2014 - 13:23:54)

I2C:   ready
DRAM:  512 MiB
NAND:  0 MiB
MMC:   OMAP SD/MMC: 0, OMAP SD/MMC: 1
*** Warning - readenv() failed, using default environment

Net:   <ethaddr> not set. Validating first E-fuse MAC
cpsw, usb_ether
Hit any key to stop autoboot:  1  0 
gpio: pin 53 (gpio 53) value is 1
mmc0 is current device
gpio: pin 54 (gpio 54) value is 1
SD/MMC found on device 0
reading uEnv.txt
569 bytes read in 3 ms (184.6 KiB/s)
gpio: pin 55 (gpio 55) value is 1
Loaded environment from uEnv.txt
Importing environment from mmc ...
Checking if uenvcmd is set ...
gpio: pin 56 (gpio 56) value is 1
Running uenvcmd ...
cpsw Waiting for PHY auto negotiation to complete. done
link up on port 0, speed 100, full duplex
Using cpsw device
TFTP from server 192.168.255.126; our IP address is 192.168.255.1
Filename 'zImage'.
Load address: 0x81000000
Loading: *#################################################################
	 #################################################################
	 #################################################################
	 #################################################################
	 #################################################################
	 ##########################################################
	 2.4 MiB/s
done
Bytes transferred = 5621608 (55c768 hex)
link up on port 0, speed 100, full duplex
Using cpsw device
TFTP from server 192.168.255.126; our IP address is 192.168.255.1
Filename 'am335x-boneblack.dtb'.
Load address: 0x82000000
Loading: *#######
	 2.3 MiB/s
done
Bytes transferred = 98244 (17fc4 hex)
Kernel image @ 0x81000000 [ 0x000000 - 0x55c768 ]
## Flattened Device Tree blob at 82000000
   Booting using the fdt blob at 0x82000000
   Using Device Tree in place at 82000000, end 8201afc3

Starting kernel ...

[    0.000000] Booting Linux on physical CPU 0x0
[    0.000000] Linux version 6.16.0-rc4 (user01@drvtest01) (arm-none-eabi-gcc (Arm GNU Toolchain 14.2.Rel1 (Build arm-14.52)) 14.2.1 20241119, GNU ld (Arm GNU Toolchain 14.2.Rel1 (Build arm-14.52)) 2.43.1.20241119) #1 SMP Mon Jun 30 00:24:22 EEST 2025
[    0.000000] CPU: ARMv7 Processor [413fc082] revision 2 (ARMv7), cr=10c5387d
[    0.000000] CPU: PIPT / VIPT nonaliasing data cache, VIPT aliasing instruction cache
[    0.000000] OF: fdt: Machine model: TI AM335x BeagleBone Black
[    0.000000] Memory policy: Data cache writeback
[    0.000000] cma: Reserved 16 MiB at 0x9e800000
[    0.000000] Zone ranges:
[    0.000000]   Normal   [mem 0x0000000080000000-0x000000009fdfffff]
[    0.000000]   HighMem  empty
[    0.000000] Movable zone start for each node
[    0.000000] Early memory node ranges
[    0.000000]   node   0: [mem 0x0000000080000000-0x000000009fdfffff]
[    0.000000] Initmem setup node 0 [mem 0x0000000080000000-0x000000009fdfffff]
[    0.000000] On node 0, zone Normal: 512 pages in unavailable ranges
[    0.000000] OF: reserved mem: Reserved memory: No reserved-memory node in the DT
[    0.000000] CPU: All CPU(s) started in SVC mode.
[    0.000000] AM335X ES2.1 (sgx neon)
[    0.000000] percpu: Embedded 17 pages/cpu s39820 r8192 d21620 u69632
[    0.000000] Kernel command line: console=ttyO0,115200n8 root=/dev/nfs rw nfsroot=192.168.255.126:/home/user01/nfs,nfsvers=3 ip=192.168.255.1:192.168.255.126::255.255.255.0:bbb1:eth0 nfsrootdebug
[    0.000000] Unknown kernel command line parameters "nfsrootdebug", will be passed to user space.
[    0.000000] printk: log buffer data + meta data: 65536 + 204800 = 270336 bytes
[    0.000000] Dentry cache hash table entries: 65536 (order: 6, 262144 bytes, linear)
[    0.000000] Inode-cache hash table entries: 32768 (order: 5, 131072 bytes, linear)
[    0.000000] Built 1 zonelists, mobility grouping on.  Total pages: 130560
[    0.000000] mem auto-init: stack:off, heap alloc:off, heap free:off
[    0.000000] SLUB: HWalign=16, Order=0-3, MinObjects=0, CPUs=1, Nodes=1
[    0.000000] rcu: Hierarchical RCU implementation.
[    0.000000] rcu: 	RCU event tracing is enabled.
[    0.000000] rcu: 	RCU restricting CPUs from NR_CPUS=2 to nr_cpu_ids=1.
[    0.000000] 	Tracing variant of Tasks RCU enabled.
[    0.000000] rcu: RCU calculated value of scheduler-enlistment delay is 10 jiffies.
[    0.000000] rcu: Adjusting geometry for rcu_fanout_leaf=16, nr_cpu_ids=1
[    0.000000] RCU Tasks Trace: Setting shift to 0 and lim to 1 rcu_task_cb_adjust=1 rcu_task_cpu_ids=1.
[    0.000000] NR_IRQS: 16, nr_irqs: 16, preallocated irqs: 16
[    0.000000] IRQ: Found an INTC at 0x(ptrval) (revision 5.0) with 128 interrupts
[    0.000000] rcu: srcu_init: Setting srcu_struct sizes based on contention.
[    0.000000] TI gptimer clocksource: always-on /ocp/interconnect@44c00000/segment@200000/target-module@31000
[    0.000002] sched_clock: 32 bits at 24MHz, resolution 41ns, wraps every 89478484971ns
[    0.000027] clocksource: dmtimer: mask: 0xffffffff max_cycles: 0xffffffff, max_idle_ns: 79635851949 ns
[    0.000513] TI gptimer clockevent: 24000000 Hz at /ocp/interconnect@48000000/segment@0/target-module@40000
[    0.002159] Console: colour dummy device 80x30
[    0.002228] WARNING: Your 'console=ttyO0' has been replaced by 'ttyS0'
[    0.002236] This ensures that you still see kernel messages. Please
[    0.002241] update your kernel commandline.
[    0.002283] Calibrating delay loop... 996.14 BogoMIPS (lpj=4980736)
[    0.090560] CPU: Testing write buffer coherency: ok
[    0.090674] CPU0: Spectre v2: using BPIALL workaround
[    0.090685] pid_max: default: 32768 minimum: 301
[    0.090842] LSM: initializing lsm=capability
[    0.091020] Mount-cache hash table entries: 1024 (order: 0, 4096 bytes, linear)
[    0.091039] Mountpoint-cache hash table entries: 1024 (order: 0, 4096 bytes, linear)
[    0.092665] CPU0: thread -1, cpu 0, socket -1, mpidr 0
[    0.092723] cacheinfo: Unable to detect cache hierarchy for CPU 0
[    0.094737] Setting up static identity map for 0x80100000 - 0x80100078
[    0.095082] rcu: Hierarchical SRCU implementation.
[    0.095095] rcu: 	Max phase no-delay instances is 1000.
[    0.096853] smp: Bringing up secondary CPUs ...
[    0.096906] smp: Brought up 1 node, 1 CPU
[    0.096918] SMP: Total of 1 processors activated (996.14 BogoMIPS).
[    0.096929] CPU: All CPU(s) started in SVC mode.
[    0.097114] Memory: 480820K/522240K available (11264K kernel code, 1220K rwdata, 2924K rodata, 1024K init, 288K bss, 23388K reserved, 16384K cma-reserved, 0K highmem)
[    0.097924] devtmpfs: initialized
[    0.115333] VFP support v0.3: implementor 41 architecture 3 part 30 variant c rev 3
[    0.115960] clocksource: jiffies: mask: 0xffffffff max_cycles: 0xffffffff, max_idle_ns: 19112604462750000 ns
[    0.116015] posixtimers hash table entries: 512 (order: 0, 4096 bytes, linear)
[    0.116042] futex hash table entries: 256 (16384 bytes on 1 NUMA nodes, total 16 KiB, linear).
[    0.117161] pinctrl core: initialized pinctrl subsystem
[    0.119221] NET: Registered PF_NETLINK/PF_ROUTE protocol family
[    0.122335] DMA: preallocated 256 KiB pool for atomic coherent allocations
[    0.123289] audit: initializing netlink subsys (disabled)
[    0.124659] thermal_sys: Registered thermal governor 'fair_share'
[    0.124674] thermal_sys: Registered thermal governor 'step_wise'
[    0.124684] thermal_sys: Registered thermal governor 'user_space'
[    0.124793] audit: type=2000 audit(0.120:1): state=initialized audit_enabled=0 res=1
[    0.124869] cpuidle: using governor menu
[    0.142738] /ocp/interconnect@44c00000/segment@200000/target-module@b000/i2c@0/tda19988@70: Fixed dependency cycle(s) with /ocp/interconnect@48000000/segment@300000/target-module@e000/lcdc@0
[    0.143867] /ocp/interconnect@48000000/segment@300000/target-module@e000/lcdc@0: Fixed dependency cycle(s) with /ocp/interconnect@44c00000/segment@200000/target-module@b000/i2c@0/tda19988@70
[    0.146058] No ATAGs?
[    0.146101] hw-breakpoint: debug architecture 0x4 unsupported.
[    0.148811] kprobes: kprobe jump-optimization is enabled. All kprobes are optimized if possible.
[    0.154138] iommu: Default domain type: Translated
[    0.154161] iommu: DMA domain TLB invalidation policy: strict mode
[    0.161534] SCSI subsystem initialized
[    0.162397] pps_core: LinuxPPS API ver. 1 registered
[    0.162407] pps_core: Software ver. 5.3.6 - Copyright 2005-2007 Rodolfo Giometti <giometti@linux.it>
[    0.162430] PTP clock support registered
[    0.171123] vgaarb: loaded
[    0.171500] clocksource: Switched to clocksource dmtimer
[    0.172165] VFS: Disk quotas dquot_6.6.0
[    0.172219] VFS: Dquot-cache hash table entries: 1024 (order 0, 4096 bytes)
[    0.197524] NET: Registered PF_INET protocol family
[    0.197871] IP idents hash table entries: 8192 (order: 4, 65536 bytes, linear)
[    0.199319] tcp_listen_portaddr_hash hash table entries: 512 (order: 0, 4096 bytes, linear)
[    0.199358] Table-perturb hash table entries: 65536 (order: 6, 262144 bytes, linear)
[    0.199378] TCP established hash table entries: 4096 (order: 2, 16384 bytes, linear)
[    0.199422] TCP bind hash table entries: 4096 (order: 4, 65536 bytes, linear)
[    0.199522] TCP: Hash tables configured (established 4096 bind 4096)
[    0.199646] UDP hash table entries: 256 (order: 1, 14336 bytes, linear)
[    0.199683] UDP-Lite hash table entries: 256 (order: 1, 14336 bytes, linear)
[    0.199871] NET: Registered PF_UNIX/PF_LOCAL protocol family
[    0.201159] RPC: Registered named UNIX socket transport module.
[    0.201177] RPC: Registered udp transport module.
[    0.201182] RPC: Registered tcp transport module.
[    0.201186] RPC: Registered tcp-with-tls transport module.
[    0.201192] RPC: Registered tcp NFSv4.1 backchannel transport module.
[    0.201216] PCI: CLS 0 bytes, default 64
[    0.202733] Initialise system trusted keyrings
[    0.212410] workingset: timestamp_bits=14 max_order=17 bucket_order=3
[    0.213755] NFS: Registering the id_resolver key type
[    0.213851] Key type id_resolver registered
[    0.213858] Key type id_legacy registered
[    0.213965] jffs2: version 2.2. (NAND) (SUMMARY)  Â© 2001-2006 Red Hat, Inc.
[    0.214422] Key type asymmetric registered
[    0.214437] Asymmetric key parser 'x509' registered
[    0.214511] io scheduler mq-deadline registered
[    0.214521] io scheduler kyber registered
[    0.214593] io scheduler bfq registered
[    0.216469] target-module@4b000000:target-module@140000:pmu@0:fck: device ID is greater than 24
[    0.222645] l3-aon-clkctrl:0000:0: failed to disable
[    0.231958] ledtrig-cpu: registered to indicate activity on CPUs
[    0.234791] Serial: 8250/16550 driver, 6 ports, IRQ sharing enabled
[    0.275813] brd: module loaded
[    0.298585] loop: module loaded
[    0.299502] mtdoops: mtd device (mtddev=name/number) must be supplied
[    0.302816] i2c_dev: i2c /dev entries driver
[    0.303816] cpuidle: enable-method property 'ti,am3352' found operations
[    0.304259] sdhci: Secure Digital Host Controlle r Interface driver
[    0.304269] sdhci: Copyright(c) Pierre Ossman
[    0.304444] sdhci-pltfm: SDHCI platform and OF driver helper
[    0.312458] hw perfevents: enabled with armv7_cortex_a8 PMU driver, 5 (8000000f) counters available
[    0.312984] Initializing XFRM netlink socket
[    0.313166] NET: Registered PF_INET6 protocol family
[    0.318826] l3-aon-clkctrl:0000:0: failed to disable
[    0.326964] Segment Routing with IPv6
[    0.327049] In-situ OAM (IOAM) with IPv6
[    0.327145] sit: I Pv6, IPv4 and MPLS over IPv4 tunneling driver
[    0.328091] NET: Registered PF_PACKET protocol family
[    0.328118] NET: Registered PF_KEY protocol family
[    0.328275] Key type dns_resolver registered
[    0.328500] ThumbEE CPU extension supported.
[    0.328521] Registering SWP/SWPB emulation handler
[    0.329058] omap_voltage_late_init: Voltage driver support not added
[    0.329741] SmartReflex Class3 initialized
[    0.360601] Loading compiled-in X.509 certificates
[    0.401889] /ocp/interconnect@44c00000/segment@200000/target-module@b000/i2c@0/tda19988@70: Fixed dependency cycle(s) with /ocp/interconnect@48000000/segment@300000/target-module@e000/lcdc@0
[    0.408250] /ocp/interconnect@44c00000/segment@200000/target-module@b000/i2c@0/tda19988@70: Fixed dependency cycle(s) with /ocp/interconnect@48000000/segment@300000/target-module@e000/lcdc@0
[    0.425900] /ocp/interconnect@44c00000/segment@200000/target-module@b000/i2c@0/tda19988@70: Fixed dependency cycle(s) with /ocp/interconnect@48000000/segment@300000/target-module@e000/lcdc@0
[    0.426776] /ocp/interconnect@44c00000/segment@200000/target-module@b000/i2c@0/tda19988@70: Fixed dependency cycle(s) with /ocp/interconnect@48000000/segment@300000/target-module@e000/lcdc@0
[    0.430208] /ocp/interconnect@44c00000/segment@200000/target-module@10000/scm@0/pinmux@800: Fixed dependency cycle(s) with /ocp/interconnect@44c00000/segment@200000/target-module@10000/scm@0/pinmux@800/clkout2-pins
[    0.430824] pinctrl-single 44e10800.pinmux: 142 odule@0:mpu@0:fck: device ID is greater than 24
[    0.586685] /ocp/interconnect@48000000/segment@300000/target-module@e000/lcdc@0: Fixed dependency cycle(s) with /ocp/interconnect@44c00000/segment@200000/target-module@b000/i2c@0/tda19988@70
[    0.589514] /ocp/interconnect@48000000/segment@300000/target-module@e000/lcdc@0: Fixed dependency cycle(s) with /ocp/interconnect@44c00000/segment@200000/target-module@b000/i2c@0/tda19988@70
[    0.590219] /ocp/interconnect@44c00000/segment@200000/target-module@b000/i2c@0/tda19988@70: Fixed dependency cycle(s) with /ocp/interconnect@48000000/segment@300000/target-module@e000/lcdc@0
[    0.590374] /ocp/interconnect@48000000/segment@300000/target-module@e000/lcdc@0: Fixed dependency cycle(s) with /ocp/interconnect@44c00000/segment@200000/target-module@b000/i2c@0/tda19988@70
[    0.601814] sdhci-omap 481d8000.mmc: supply pbias not found, using dummy regulator
[    0.613677] sdhci-omap 481d8000.mmc: supply vqmmc not found, using dummy regulator
[    0.657140] davinci_mdio 4a101000.mdio: davinci mdio revision 1.6, bus freq 1000000
[    0.807952] davinci_mdio 4a101000.mdio: phy[0]: device 4a101000.mdio:00, driver SMSC LAN8710/LAN8720
[    0.808725] cpsw-switch 4a100000.switch: initialized cpsw ale version 1.4
[    0.808749] cpsw-switch 4a100000.switch: ALE Table size 1024, Policers 0
[    0.818605] cpsw-switch 4a100000.switch: cpts: overflow check period 500 (jiffies)
[    0.818627] cpsw-switch 4a100000.switch: CPTS: ref_clk_freq:250000000 calc_mult:2147483648 calc_shift:29 error:0 nsec/sec
[    0.818744] cpsw-switch 4a100000.switch: Detected MACID = 6c:ec:eb:68:de:78
[    0.820592] cpsw-switch 4a100000.switch: initialized (regs 0x4a100000, pool size 256) hw_ver:0019010C 1.12 (0)
[    0.831655] debugfs: Directory '49000000.dma' with parent 'dmaengine' already present!
[    0.831700] edma 49000000.dma: TI EDMA DMA engine driver
[    0.897737] 44e09000.serial: ttyS0 at MMIO 0x44e09000 (irq = 34, base_baud = 3000000) is a 8250 
[    0.897829] printk: legacy console [ttyS0] enabled
[    2.372493] tps65217-pmic: Failed to locate of_node [id: -1]
[    2.378553] tps65217-bl: Failed to locate of_node [id: -1]
[    2.384615] platform tps65217-charger: DMA mask not set
[    2.390659] platform tps65217-pwrbutton: DMA mask not set
[    2.398015] tps65217 0-0024: TPS65217 ID 0xe version 1.2
[    2.404165] /ocp/interconnect@48000000/segment@300000/target-module@e000/lcdc@0: Fixed dependency cycle(s) with /ocp/interconnect@44c00000/ segment@200000/target-module@b000/i2c@0/tda19988@70
[    2.421589] /ocp/interconnect@44c00000/segment@200000/target-module@b000/i2c@0/tda19988@70: Fixed dependency cycle(s) with /ocp/interconnect@48000000/segment@300000/target-module@e000/lcdc@0
[    2.438948] omap_i2c 44e0b000.i2c: bus 0 rev0.11 at 400 kHz
[    2.446796] omap_gpio 44e07000.gpio: Could not set line 6 debounce to 200000 microseconds (-22)
[    2.455718] sdhci-omap 48060000.mmc: Got CD GPIO
[    2.460723] sdhci-omap 48060000.mmc: supply pbias not found, using dummy regulator
[    2.470713] sdhci-omap 48060000.mmc: supply vqmmc not found, using dummy regulator
[    2.480012] sdhci-omap 481d8000.mmc: supply pbias not found, using dummy regulator
[    2.489817] sdhci-omap 481d8000.mmc: supply vqmmc not found, using dummy regulator
[    2.525413] mmc0: SDHCI controller on 48060000.mmc [48060000.mmc] using External DMA
[    2.533733] mmc1: SDHCI controller on 481d8000.mmc [481d8000.mmc] using External DMA
[    2.542507] cpsw-switch 4a100000.switch: starting ndev. mode: dual_mac
[    2.590692] mmc0: new high speed SDHC card at address 5048
[    2.597735] mmcblk0: mmc0:5048 SD16G 14.4 GiB
[    2.606005]  mmcblk0: p1 p2
[    2.609385] mmcblk0: p2 size 31221760 extends beyond EOD, truncated
[    2.622868] SMSC LAN8710/LAN8720 4a101000.mdio:00: attached PHY driver (mii_bus:phy_addr=4a101000.mdio:00, irq=POLL)
[    2.633869] mmc1: new high speed MMC card at address 0001
[    2.646420] mmcblk1: mmc1:0001 MMC04G 3.60 GiB
[    2.654065]  mmcbl
[    5.762294] cpsw-switch 4a100000.switch eth0: Link is Up - 100Mbps/Full - flow control off
[    5.801753] IP-Config: Complete:
[    5.805028]      device=eth0, hwaddr=6c:ec:eb:68:de:78, ipaddr=192.168.255.1, mask=255.255.255.0, gw=255.255.255.255
[    5.815697]      host=bbb1, domain=, nis-domain=(none)
[    5.820865]      bootserver=192.168.255.126, rootserver=192.168.255.126, rootpath=
[    5.821304] clk: Disabling unused clocks
[    5.833160] PM: genpd: Disabling unused power domains
[    5.838279] KTAP version 1
[    5.841001] 1..0
[    5.871910] VFS: Mounted root (nfs filesystem) on device 0:17.
[    5.878891] devtmpfs: mounted
[    5.883699] Freeing unused kernel image (initmem) memory: 1024K
[    5.890322] Run /sbin/init as init process
[    6.596482] systemd[1]: System time before build time, advancing clock.
[    8.041525] random: crng init done
[    8.057938] systemd[1]: systemd 232 running in system mode. (+PAM +AUDIT +SELINUX +IMA +APPARMOR +SMACK +SYSVINIT +UTMP +LIBCRYPTSETUP +GCRYPT +GNUTLS +ACL +XZ +LZ4 +SECCOMP +BLKID +ELFUTILS +KMOD +IDN)
[    8.076974] systemd[1]: Detected architecture arm.

Welcome to [1mDebian GNU/Linux 9 (stretch)[0m!

[    8.105035] systemd[1]: Set hostname to <arm>.
[    9.221009] systemd[1]: Reached target Remote File Systems.
[[0;32m  OK  [0m] Reached target Remote File Systems.
[    9.242417] systemd[1]: Started Dispatch Password Requests to Console Directory Watch.
[[0;32m  OK  [0m] Started Dispatch Password Requests to Console Directory Watch.
[    9.273388] systemd[1]: Set up automount Arbitrary Executable File Formats File System Automount Point.
[[0;32m  OK  [0m] Set up automount Arbitrary Executabâ€¦rmats File System Automount Point.
[    9.303473] systemd[1]: systemd-journald.socket: SO_PASSSEC failed: Operation not supported
[    9.312434] systemd[1]: systemd-journald.socket: SO_PASSSEC failed: Operation not supported
[    9.321021] systemd[1]: Listening on Journal Socket.
[[0;32m  OK  [0m] Listening on Journal Socket.
[    9.343162] systemd[1]: Created slice System Slice.
[[0;32m  OK  [0m] Created slice System Slice.
         Starting Remount Root and Kernel File Systems...
[[0;32m  OK  [0m] Listening on Journal Audit Socket.
[[0;32m  OK  [0m] Listening on udev Kernel Socket.
[[0;32m  OK  [0m] Reached target Swap.
[[0;32m  OK  [0m] Created slice system-getty.slice.
[[0;32m  OK  [0m] Started Forward Password Requests to Wall Directory Watch.
[[0;32m  OK  [0m] Listening on /dev/initctl Compatibility Named Pipe.
         Mounting Debug File System...
[[0;32m  OK  [0m] Listening on Journal Socket (/dev/log).
         Starting Create list of required stâ€¦ce nodes for the current kernel...
         Starting Load Kernel Modules...
         Mounting POSIX Message Queue File System...
[[0;32m  OK  [0m] Created slice system-serial\x2dgetty.slice.
[[0;32m  OK  [0m] Listening on Syslog Socket.
         Starting Journal Service...
[[0;32m  OK  [0m] Listening on udev Control Socket.
[[0;32m  OK  [0m] Reached target Paths.
[[0;32m  OK  [0m] Created slice User and Session Slice.
[[0;32m  OK  [0m] Reached target Slices.
[[0;32m  OK  [0m] Reached target Encrypted Volumes.
[[0;32m  OK  [0m] Mounted POSIX Message Queue File System.
[[0;32m  OK  [0m] Mounted Debug File System.
[[0;32m  OK  [0m] Started Remount Root and Kernel File Systems.
[[0;32m  OK  [0m] Started Create list of required staâ€¦vice nodes for the current kernel.
         Starting Create Static Device Nodes in /dev...
         Starting Load/Save Random Seed...
         Starting udev Coldplug all Devices...
[[0;32m  OK  [0m] Started Load Kernel Modules.
         Starting Apply Kernel Variables...
         Mounting Configuration File System...
[[0;32m  OK  [0m] Started Load/Save Random Seed.
[[0;32m  OK  [0m] Mounted Configuration File System.
[[0;32m  OK  [0m] Started Apply Kernel Variables.
[[0;32m  OK  [0m] Started Create Static Device Nodes in /dev.
         Starting udev Kernel Device Manager...
[[0;32m  OK  [0m] Reached target Local File Systems (Pre).
[[0;32m  OK  [0m] Reached target Local File Systems.
         Starting Raise network interfaces...
[[0;32m  OK  [0m] Started Journal Service.
         Starting Flush Journal to Persistent Storage...
[   11.589425] systemd-journald[88]: Received request to flush runtime journal from PID 1
[[0;32m  OK  [0m] Started Flush Journal to Persistent Storage.
         Starting Create Volatile Files and Directories...
[[0;32m  OK  [0m] Started udev Kernel Device Manager.
[[0;32m  OK  [0m] Started Create Volatile Files and Directories.
         Starting Network Time Synchronization...
         Starting Update UTMP about System Boot/Shutdown...
[[0;32m  OK  [0m] Started udev Coldplug all Devices.
[[0;32m  OK  [0m] Started Update UTMP about System Boot/Shutdown.
[   14.558111] remoteproc remoteproc0: wkup_m3 is available
[   14.863389] at24 2-0054: supply vcc not found, using dummy regulator
[   14.968096] at24 2-0055: supply vcc not found, using dummy regulator
[   15.095727] at24 2-0056: supply vcc not found, using dummy regulator
[   15.132111] input: tps65217_pwrbutton as /devices/platform/ocp/44c00000.interconnect/44c00000.interconnect:segment@200000/44e0b000.target-module/44e0b000.i2c/i2c-0/0-0024/tps65217-pwrbutton/input/input0
[   15.209122] at24 2-0057: supply vcc not found, using dummy regulator
[   15.333386] at24 0-0050: 32768 byte 24c256 EEPROM, writable, 1 bytes/write
[[0;32m  OK  [0m] Found device /dev/ttyS0.
[[0;32m  OK  [0m] Started Network Time Synchronization.
[   15.636805] omap_rtc 44e3e000.rtc: registered as rtc0
[   15.642219] omap_rtc 44e3e000.rtc: setting system clock to 2000-01-01T00:00:00 UTC (946684800)
[[0;32m  OK  [0m] Reached target System Time Synchronized.
[[0;32m  OK  [0m] Reached target System Initialization.[   15.892291] omap_wdt: OMAP Watchdog Timer Rev 0x01: initial timeout 60 sec

[   16.110250] am335x-phy-driver 47401300.usb-phy: dummy supplies not allowed for exclusive requests (id=vbus)
[[0;32m  OK  [0m] Listening on Avahi mDNS/DNS-SD Stack Activation Socket.
[[0;32m  OK  [0m] Started Daily apt download activities.
[   16.342997] usbcore: registered new interface driver usbfs
[   16.348641] usbcore: registered new interface driver hub
[   16.354303] usbcore: registered new device driver usb
[[0;32m  OK  [0m] Started Daily apt upgrade and clean activities.
[[0;32m  OK  [0m] Started Daily Cleanup of Temporary Directories.
[[0;32m  OK  [0m] Reached target Timers.
[   16.456496] am335x-phy-driver 47401b00.usb-phy: dummy supplies not allowed for exclusive requests (id=vbus)
[[0;32m  OK  [0m] Listening on D-Bus System Message Bus Socket.
[[0;32m  OK  [0m] Reached target Sockets.
[[0;32m  OK  [0m] Reached target Basic System.
         Starting Telephony service...
[   16.722472] tda998x 0-0070: found TDA19988
[[0;32m  OK  [0m] Started Regular background program processing daemon.
         Starting Cape Manager Service...
         Starting System Logging Service...
[   17.318668] musb-hdrc musb-hdrc.1: MUSB HDRC host driver
[   17.324343] musb-hdrc musb-hdrc.1: new USB bus registered, assigned bus number 1
         Starting LSB: Start busybox udhcpd at boot time...
         Starting LSB: Load kernel modules needed to enable cpufreq scaling...
[   17.653422] usb usb1: New USB device found, idVendor=1d6b, idProduct=0002, bcdDevice= 6.16
[   17.662162] usb usb1: New USB device strings: Mfr=3, Product=2, SerialNumber=1
[   17.669433] usb usb1: Product: MUSB HDRC host driver
[   17.674536] usb usb1: Manufacturer: Linux 6.16.0-rc4 musb-hcd
[   17.680315] usb usb1: SerialNumber: musb-hdrc.1
         Starting Login Service...
[   17.792336] omap-mailbox 480c8000.mailbox: omap mailbox rev 0x400
         Starting Avahi mDNS/DNS-SD Stack...
         Starting Generic Board Startup...
[   17.981354] remoteproc remoteproc0: powering up wkup_m3
[[0;32m  OK  [0m] Started D-Bus System Message Bus.
[   18.221768] remoteproc remoteproc0: Direct firmware load for am335x-pm-firmware.elf failed with error -2
[   18.231368] remoteproc remoteproc0: request_firmware failed: -2
[   18.237412] wkup_m3_ipc 44e11324.wkup_m3_ipc: rproc_boot failed
[   18.264129] hub 1-0:1.0: USB hub found
[   18.352935] hub 1-0:1.0: 1 port detected
[   20.702421] tilcdc 4830e000.lcdc: bound 0-0070 (ops 0xbf1410f8)
[   20.712060] omap_rng 48310000.rng: Random Number Generator ver. 20
[   20.773340] [drm] Initialized tilcdc 1.0.0 for 4830e000.lcdc on minor 0
[   20.855079] tilcdc 4830e000.lcdc: [drm] Cannot find any crtc or sizes
[   20.867286] tilcdc 4830e000.lcdc: [drm] Cannot find any crtc or sizes
[   21.507676] omap-sham 53100000.sham: hw accel on OMAP rev 4.3
[   21.529493] PM: Cannot get wkup_m3_ipc handle
[   21.651866] omap-sham 53100000.sham: will run requests pump with realtime priority
[   21.672703] omap-aes 53500000.aes: OMAP AES hw accel rev: 3.2
[   21.680164] PM: Cannot get wkup_m3_ipc handle
[   21.780873] omap-aes 53500000.aes: will run requests pump with realtime priority
[   21.789594] PM: Cannot get wkup_m3_ipc handle
[[0;32m  OK  [0m] Started Telephony service.
[[0;32m  OK  [0m] Started Avahi mDNS/DNS-SD Stack.
         Starting Connection service...
         Starting DUN service...
[[0;32m  OK  [0m] Started System Logging Service.
[[0;32m  OK  [0m] Started Cape Manager Service.
[   23.719711] Bluetooth: Core ver 2.22
[   23.723784] NET: Registered PF_BLUETOOTH protocol family
[   23.729139] Bluetooth: HCI device and connection manager initialized
[   23.735639] Bluetooth: HCI socket layer initialized
[   23.740554] Bluetooth: L2CAP socket layer initialized
[   23.745699] Bluetooth: SCO socket layer initialized
[   25.275664] gpio-537 (nxp,calib): gpiod_direction_output_nonotify: tried to set a GPIO tied to an IRQ as output
[   25.292849] PM: Cannot get wkup_m3_ipc handle
[   25.497934] PM: Cannot get wkup_m3_ipc handle
[   25.558318] tda9950 0-0034: TDA9950 CEC interface, hardware version 3.3
[   25.666716] PM: Cannot get wkup_m3_ipc handle
[[0;32m  OK  [0m] Started LSB: Start busybox udhcpd at boot time.
[[0;32m  OK  [0m] Started Raise network interfaces.
[[0;32m  OK  [0m] Started LSB: Load kernel modules needed to enable cpufreq scaling.
[   28.440669] configfs-gadget.g_multi gadget.0: HOST MAC 1c:ba:8c:a2:ed:6c
[   28.447672] configfs-gadget.g_multi gadget.0: MAC 1c:ba:8c:a2:ed:70
[   28.455016] configfs-gadget.g_multi gadget.0: HOST MAC 1c:ba:8c:a2:ed:6c
[   28.461877] configfs-gadget.g_multi gadget.0: MAC 1c:ba:8c:a2:ed:6d
[   28.474761] PM: Cannot get wkup_m3_ipc handle
[[0;32m  OK  [0m] Started DUN service.
[[0;32m  OK  [0m] Started Connection service.
[[0;32m  OK  [0m] Started Login Service.
[[0;32m  OK  [0m] Reached target Sound Card.
         Starting LSB: set CPUFreq kernel parameters...
[[0;32m  OK  [0m] Reached target Network.
[[0;32m  OK  [0m] Reached target Network is Online.
         Starting LSB: Advanced IEEE 802.11 management daemon...
         Starting The Apache HTTP Server...
         Starting OpenBSD Secure Shell server...
         Starting Permit User Sessions...
[[0;32m  OK  [0m] Started LSB: Advanced IEEE 802.11 management daemon.
[[0;32m  OK  [0m] Started Permit User Sessions.
[[0;32m  OK  [0m] Started Serial Getty on ttyS0.
[[0;32m  OK  [0m] Started Getty on tty1.
[[0;32m  OK  [0m] Reached target Login Prompts.
[[0;32m  OK  [0m] Started LSB: set CPUFreq kernel parameters.
         Starting Hostname Service...
         Starting WPA supplicant...
[[0;32m  OK  [0m] Started WPA supplicant.
         Stopping LSB: Start busybox udhcpd at boot time...
[[0;32m  OK  [0m] Started Hostname Service.
[[0;32m  OK  [0m] Started OpenBSD Secure Shell server.
[[0;32m  OK  [0m] Stopped LSB: Start busybox udhcpd at boot time.
         Starting dnsmasq - A lightweight DHCP and caching DNS server...
[[0;32m  OK  [0m] Started The Apache HTTP Server.
[[0;32m  OK  [0m] Started dnsmasq - A lightweight DHCP and caching DNS server.
[[0;32m  OK  [0m] Reached target Host and Network Name Lookups.
[[0;32m  OK  [0m] Started Serial Getty on ttyGS0.
[[0;32m  OK  [0m] Started Generic Board Startup.
[[0;32m  OK  [0m] Reached target Multi-User System.
[[0;32m  OK  [0m] Reached target Graphical Interface.
         Starting Update UTMP about System Runlevel Changes...
[[0;32m  OK  [0m] Started Update UTMP about System Runlevel Changes.

Debian GNU/Linux 9 arm ttyS0

default username:password is [debian:temppwd]

arm login: root
Password: 
Last login: Sat Jan  1 00:00:39 UTC 2000 on ttyS0
root
Linux arm 6.16.0-rc4 #1 SMP Mon Jun 30 00:24:22 EEST 2025 armv7l

The programs included with the Debian GNU/Linux system are free software;
the exact distribution terms for each program are described in the
individual files in /usr/share/doc/*/copyright.

Debian GNU/Linux comes with ABSOLUTELY NO WARRANTY, to the extent
permitted by applicable law.
root@arm:~# root
-bash: root: command not found
root@arm:~# dmesg -n 1
echo 'HHES''HQXFUG'
root@arm:~# echo 'HHES''HQXFUG'
HHESHQXFUG
root@arm:~# run() { echo -n "$MARKER"; sh -c "$@"; echo "$MARKER $?"; }
root@arm:~# echo 'YAAH''BKEUTU'
YAAHBKEUTU
root@arm:~# MARKER='SNJS''EKJZSU' run 'cat /proc/version'
SNJSEKJZSULinux version 6.16.0-rc4 (user01@drvtest01) (arm-none-eabi-gcc (Arm GNU Toolchain 14.2.Rel1 (Build arm-14.52)) 14.2.1 20241119, GNU ld (Arm GNU Toolchain 14.2.Rel1 (Build arm-14.52)) 2.43.1.20241119) #1 SMP Mon Jun 30 00:24:22 EEST 2025
SNJSEKJZSU 0
root@arm:~# echo 'UXMM''FLUEWW'
UXMMFLUEWW
root@arm:~# MARKER='AYVC''CCVJWU' run false
AYVCCCVJWUAYVCCCVJWU 1
root@arm:~# Labgrid Console Logfile for main
Logfile started at 2025-06-30 00:28:19.684706
=== Log starts here ===

root@arm:~# run() { echo -n "$MARKER"; sh -c "$@"; echo "$MARKER $?"; }
root@arm:~# echo 'FLUL''KPCCUC'
FLULKPCCUC
root@arm:~# MARKER='TCOX''AFANQX' run 'ls /iio_generic_buffer; echo $?'
TCOXAFANQX/iio_generic_buffer
0
TCOXAFANQX 0
root@arm:~# Labgrid Console Logfile for main
Logfile started at 2025-06-30 00:28:23.095532
=== Log starts here ===

root@arm:~# run() { echo -n "$MARKER"; sh -c "$@"; echo "$MARKER $?"; }
root@arm:~# echo 'LKEZ''YNCQCN'
LKEZYNCQCN
root@arm:~# MARKER='XTEU''FSQGBX' run dmesg
XTEUFSQGBX[    0.000000] Booting Linux on physical CPU 0x0
[    0.000000] Linux version 6.16.0-rc4 (user01@drvtest01) (arm-none-eabi-gcc (Arm GNU Toolchain 14.2.Rel1 (Build arm-14.52)) 14.2.1 20241119, GNU ld (Arm GNU Toolchain 14.2.Rel1 (Build arm-14.52)) 2.43.1.20241119) #1 SMP Mon Jun 30 00:24:22 EEST 2025
[    0.000000] CPU: ARMv7 Processor [413fc082] revision 2 (ARMv7), cr=10c5387d
[    0.000000] CPU: PIPT / VIPT nonaliasing data cache, VIPT aliasing instruction cache
[    0.000000] OF: fdt: Machine model: TI AM335x BeagleBone Black
[    0.000000] Memory policy: Data cache writeback
[    0.000000] cma: Reserved 16 MiB at 0x9e800000
[    0.000000] Zone ranges:
[    0.000000]   Normal   [mem 0x0000000080000000-0x000000009fdfffff]
[    0.000000]   HighMem  empty
[    0.000000] Movable zone start for each node
[    0.000000] Early memory node ranges
[    0.000000]   node   0: [mem 0x0000000080000000-0x000000009fdfffff]
[    0.000000] Initmem setup node 0 [mem 0x0000000080000000-0x000000009fdfffff]
[    0.000000] On node 0, zone Normal: 512 pages in unavailable ranges
[    0.000000] OF: reserved mem: Reserved memory: No reserved-memory node in the DT
[    0.000000] CPU: All CPU(s) started in SVC mode.
[    0.000000] AM335X ES2.1 (sgx neon)
[    0.000000] percpu: Embedded 17 pages/cpu s39820 r8192 d21620 u69632
[    0.000000] pcpu-alloc: s39820 r8192 d21620 u69632 alloc=17*4096
[    0.000000] pcpu-alloc: [0] 0 
[    0.000000] Kernel command line: console=ttyO0,115200n8 root=/dev/nfs rw nfsroot=192.168.255.126:/home/user01/nfs,nfsvers=3 ip=192.168.255.1:192.168.255.126::255.255.255.0:bbb1:eth0 nfsrootdebug
[    0.000000] Unknown kernel command line parameters "nfsrootdebug", will be passed to user space.
[    0.000000] printk: log buffer data + meta data: 65536 + 204800 = 270336 bytes
[    0.000000] Dentry cache hash table entries: 65536 (order: 6, 262144 bytes, linear)
[    0.000000] Inode-cache hash table entries: 32768 (order: 5, 131072 bytes, linear)
[    0.000000] Built 1 zonelists, mobility grouping on.  Total pages: 130560
[    0.000000] mem auto-init: stack:off, heap alloc:off, heap free:off
[    0.000000] SLUB: HWalign=16, Order=0-3, MinObjects=0, CPUs=1, Nodes=1
[    0.000000] rcu: Hierarchical RCU implementation.
[    0.000000] rcu: 	RCU event tracing is enabled.
[    0.000000] rcu: 	RCU restricting CPUs from NR_CPUS=2 to nr_cpu_ids=1.
[    0.000000] 	Tracing variant of Tasks RCU enabled.
[    0.000000] rcu: RCU calculated value of scheduler-enlistment delay is 10 jiffies.
[    0.000000] rcu: Adjusting geometry for rcu_fanout_leaf=16, nr_cpu_ids=1
[    0.000000] RCU Tasks Trace: Setting shift to 0 and lim to 1 rcu_task_cb_adjust=1 rcu_task_cpu_ids=1.
[    0.000000] NR_IRQS: 16, nr_irqs: 16, preallocated irqs: 16
[    0.000000] IRQ: Found an INTC at 0x(ptrval) (revision 5.0) with 128 interrupts
[    0.000000] rcu: srcu_init: Setting srcu_struct sizes based on contention.
[    0.000000] TI gptimer clocksource: always-on /ocp/interconnect@44c00000/segment@200000/target-module@31000
[    0.000002] sched_clock: 32 bits at 24MHz, resolution 41ns, wraps every 89478484971ns
[    0.000027] clocksource: dmtimer: mask: 0xffffffff max_cycles: 0xffffffff, max_idle_ns: 79635851949 ns
[    0.000513] TI gptimer clockevent: 24000000 Hz at /ocp/interconnect@48000000/segment@0/target-module@40000
[    0.002159] Console: colour dummy device 80x30
[    0.002228] WARNING: Your 'console=ttyO0' has been replaced by 'ttyS0'
[    0.002236] This ensures that you still see kernel messages. Please
[    0.002241] update your kernel commandline.
[    0.002283] Calibrating delay loop... 996.14 BogoMIPS (lpj=4980736)
[    0.090560] CPU: Testing write buffer coherency: ok
[    0.090674] CPU0: Spectre v2: using BPIALL workaround
[    0.090685] pid_max: default: 32768 minimum: 301
[    0.090842] LSM: initializing lsm=capability
[    0.091020] Mount-cache hash table entries: 1024 (order: 0, 4096 bytes, linear)
[    0.091039] Mountpoint-cache hash table entries: 1024 (order: 0, 4096 bytes, linear)
[    0.092665] CPU0: thread -1, cpu 0, socket -1, mpidr 0
[    0.092723] cacheinfo: Unable to detect cache hierarchy for CPU 0
[    0.094737] Setting up static identity map for 0x80100000 - 0x80100078
[    0.095082] rcu: Hierarchical SRCU implementation.
[    0.095095] rcu: 	Max phase no-delay instances is 1000.
[    0.096853] smp: Bringing up secondary CPUs ...
[    0.096906] smp: Brought up 1 node, 1 CPU
[    0.096918] SMP: Total of 1 processors activated (996.14 BogoMIPS).
[    0.096929] CPU: All CPU(s) started in SVC mode.
[    0.097114] Memory: 480820K/522240K available (11264K kernel code, 1220K rwdata, 2924K rodata, 1024K init, 288K bss, 23388K reserved, 16384K cma-reserved, 0K highmem)
[    0.097924] devtmpfs: initialized
[    0.115333] VFP support v0.3: implementor 41 architecture 3 part 30 variant c rev 3
[    0.115960] clocksource: jiffies: mask: 0xffffffff max_cycles: 0xffffffff, max_idle_ns: 19112604462750000 ns
[    0.116015] posixtimers hash table entries: 512 (order: 0, 4096 bytes, linear)
[    0.116042] futex hash table entries: 256 (16384 bytes on 1 NUMA nodes, total 16 KiB, linear).
[    0.117161] pinctrl core: initialized pinctrl subsystem
[    0.119221] NET: Registered PF_NETLINK/PF_ROUTE protocol family
[    0.122335] DMA: preallocated 256 KiB pool for atomic coherent allocations
[    0.123289] audit: initializing netlink subsys (disabled)
[    0.124659] thermal_sys: Registered thermal governor 'fair_share'
[    0.124674] thermal_sys: Registered thermal governor 'step_wise'
[    0.124684] thermal_sys: Registered thermal governor 'user_space'
[    0.124793] audit: type=2000 audit(0.120:1): state=initialized audit_enabled=0 res=1
[    0.124869] cpuidle: using governor menu
[    0.142738] /ocp/interconnect@44c00000/segment@200000/target-module@b000/i2c@0/tda19988@70: Fixed dependency cycle(s) with /ocp/interconnect@48000000/segment@300000/target-module@e000/lcdc@0
[    0.143867] /ocp/interconnect@48000000/segment@300000/target-module@e000/lcdc@0: Fixed dependency cycle(s) with /ocp/interconnect@44c00000/segment@200000/target-module@b000/i2c@0/tda19988@70
[    0.146058] No ATAGs?
[    0.146101] hw-breakpoint: debug architecture 0x4 unsupported.
[    0.148811] kprobes: kprobe jump-optimization is enabled. All kprobes are optimized if possible.
[    0.154138] iommu: Default domain type: Translated
[    0.154161] iommu: DMA domain TLB invalidation policy: strict mode
[    0.155732] reg-fixed-voltage fixedregulator0: using DT '/fixedregulator0' for '(default)' GPIO lookup
[    0.155788] of_get_named_gpiod_flags: can't parse 'gpios' property of node '/fixedregulator0[0]'
[    0.155816] of_get_named_gpiod_flags: can't parse 'gpio' property of node '/fixedregulator0[0]'
[    0.155833] reg-fixed-voltage fixedregulator0: using lookup tables for GPIO lookup
[    0.155843] reg-fixed-voltage fixedregulator0: No GPIO consumer (default) found
[    0.161534] SCSI subsystem initialized
[    0.162023] libata version 3.00 loaded.
[    0.162397] pps_core: LinuxPPS API ver. 1 registered
[    0.162407] pps_core: Software ver. 5.3.6 - Copyright 2005-2007 Rodolfo Giometti <giometti@linux.it>
[    0.162430] PTP clock support registered
[    0.171123] vgaarb: loaded
[    0.171500] clocksource: Switched to clocksource dmtimer
[    0.172165] VFS: Disk quotas dquot_6.6.0
[    0.172219] VFS: Dquot-cache hash table entries: 1024 (order 0, 4096 bytes)
[    0.197524] NET: Registered PF_INET protocol family
[    0.197871] IP idents hash table entries: 8192 (order: 4, 65536 bytes, linear)
[    0.199319] tcp_listen_portaddr_hash hash table entries: 512 (order: 0, 4096 bytes, linear)
[    0.199358] Table-perturb hash table entries: 65536 (order: 6, 262144 bytes, linear)
[    0.199378] TCP established hash table entries: 4096 (order: 2, 16384 bytes, linear)
[    0.199422] TCP bind hash table entries: 4096 (order: 4, 65536 bytes, linear)
[    0.199522] TCP: Hash tables configured (established 4096 bind 4096)
[    0.199646] UDP hash table entries: 256 (order: 1, 14336 bytes, linear)
[    0.199683] UDP-Lite hash table entries: 256 (order: 1, 14336 bytes, linear)
[    0.199871] NET: Registered PF_UNIX/PF_LOCAL protocol family
[    0.201159] RPC: Registered named UNIX socket transport module.
[    0.201177] RPC: Registered udp transport module.
[    0.201182] RPC: Registered tcp transport module.
[    0.201186] RPC: Registered tcp-with-tls transport module.
[    0.201192] RPC: Registered tcp NFSv4.1 backchannel transport module.
[    0.201216] PCI: CLS 0 bytes, default 64
[    0.202733] Initialise system trusted keyrings
[    0.212410] workingset: timestamp_bits=14 max_order=17 bucket_order=3
[    0.213755] NFS: Registering the id_resolver key type
[    0.213851] Key type id_resolver registered
[    0.213858] Key type id_legacy registered
[    0.213965] jffs2: version 2.2. (NAND) (SUMMARY)  Â© 2001-2006 Red Hat, Inc.
[    0.214422] Key type asymmetric registered
[    0.214437] Asymmetric key parser 'x509' registered
[    0.214511] io scheduler mq-deadline registered
[    0.214521] io scheduler kyber registered
[    0.214593] io scheduler bfq registered
[    0.216469] target-module@4b000000:target-module@140000:pmu@0:fck: device ID is greater than 24
[    0.222645] l3-aon-clkctrl:0000:0: failed to disable
[    0.231958] ledtrig-cpu: registered to indicate activity on CPUs
[    0.234791] Serial: 8250/16550 driver, 6 ports, IRQ sharing enabled
[    0.275813] brd: module loaded
[    0.298585] loop: module loaded
[    0.299502] mtdoops: mtd device (mtddev=name/number) must be supplied
[    0.301228] mdio_bus fixed-0: using lookup tables for GPIO lookup
[    0.301252] mdio_bus fixed-0: No GPIO consumer reset found
[    0.302816] i2c_dev: i2c /dev entries driver
[    0.303816] cpuidle: enable-method property 'ti,am3352' found operations
[    0.304259] sdhci: Secure Digital Host Controller Interface driver
[    0.304269] sdhci: Copyright(c) Pierre Ossman
[    0.304444] sdhci-pltfm: SDHCI platform and OF driver helper
[    0.312458] hw perfevents: enabled with armv7_cortex_a8 PMU driver, 5 (8000000f) counters available
[    0.312984] Initializing XFRM netlink socket
[    0.313166] NET: Registered PF_INET6 protocol family
[    0.318826] l3-aon-clkctrl:0000:0: failed to disable
[    0.326964] Segment Routing with IPv6
[    0.327049] In-situ OAM (IOAM) with IPv6
[    0.327145] sit: IPv6, IPv4 and MPLS over IPv4 tunneling driver
[    0.328091] NET: Registered PF_PACKET protocol family
[    0.328118] NET: Registered PF_KEY protocol family
[    0.328275] Key type dns_resolver registered
[    0.328500] ThumbEE CPU extension supported.
[    0.328521] Registering SWP/SWPB emulation handler
[    0.329058] omap_voltage_late_init: Voltage driver support not added
[    0.329741] SmartReflex Class3 initialized
[    0.360601] Loading compiled-in X.509 certificates
[    0.401889] /ocp/interconnect@44c00000/segment@200000/target-module@b000/i2c@0/tda19988@70: Fixed dependency cycle(s) with /ocp/interconnect@48000000/segment@300000/target-module@e000/lcdc@0
[    0.408250] /ocp/interconnect@44c00000/segment@200000/target-module@b000/i2c@0/tda19988@70: Fixed dependency cycle(s) with /ocp/interconnect@48000000/segment@300000/target-module@e000/lcdc@0
[    0.413987] gpiochip_find_base_unlocked: found new base at 512
[    0.425900] /ocp/interconnect@44c00000/segment@200000/target-module@b000/i2c@0/tda19988@70: Fixed dependency cycle(s) with /ocp/interconnect@48000000/segment@300000/target-module@e000/lcdc@0
[    0.426776] /ocp/interconnect@44c00000/segment@200000/target-module@b000/i2c@0/tda19988@70: Fixed dependency cycle(s) with /ocp/interconnect@48000000/segment@300000/target-module@e000/lcdc@0
[    0.430208] /ocp/interconnect@44c00000/segment@200000/target-module@10000/scm@0/pinmux@800: Fixed dependency cycle(s) with /ocp/interconnect@44c00000/segment@200000/target-module@10000/scm@0/pinmux@800/clkout2-pins
[    0.430824] pinctrl-single 44e10800.pinmux: 142 pins, size 568
[    0.436405] ti-sysc 44e31000.target-module: probe with driver ti-sysc failed with error -16
[    0.473888] /ocp/interconnect@48000000/segment@300000/target-module@e000/lcdc@0: Fixed dependency cycle(s) with /ocp/interconnect@44c00000/segment@200000/target-module@b000/i2c@0/tda19988@70
[    0.482231] ti-sysc 48040000.target-module: probe with driver ti-sysc failed with error -16
[    0.493779] gpiochip_find_base_unlocked: found new base at 512
[    0.493881] gpio gpiochip0: (gpio-0-31): created GPIO range 0->7 ==> 44e10800.pinmux PIN 0->7
[    0.493902] gpio gpiochip0: (gpio-0-31): created GPIO range 8->11 ==> 44e10800.pinmux PIN 90->93
[    0.493918] gpio gpiochip0: (gpio-0-31): created GPIO range 12->27 ==> 44e10800.pinmux PIN 12->27
[    0.493933] gpio gpiochip0: (gpio-0-31): created GPIO range 28->31 ==> 44e10800.pinmux PIN 30->33
[    0.520273] gpio gpiochip0: (gpio-0-31): added GPIO chardev (254:0)
[    0.520415] gpio gpiochip0: registered GPIOs 512 to 543 on gpio-0-31
[    0.520503] OMAP GPIO hardware version 0.1
[    0.553737] i2c i2c-2: using DT '/ocp/interconnect@48000000/segment@100000/target-module@9c000/i2c@0' for 'scl' GPIO lookup
[    0.553811] of_get_named_gpiod_flags: can't parse 'scl-gpios' property of node '/ocp/interconnect@48000000/segment@100000/target-module@9c000/i2c@0[0]'
[    0.553852] of_get_named_gpiod_flags: can't parse 'scl-gpio' property of node '/ocp/interconnect@48000000/segment@100000/target-module@9c000/i2c@0[0]'
[    0.553888] i2c i2c-2: using lookup tables for GPIO lookup
[    0.553897] i2c i2c-2: No GPIO consumer scl found
[    0.553919] i2c i2c-2: using DT '/ocp/interconnect@48000000/segment@100000/target-module@9c000/i2c@0' for 'sda' GPIO lookup
[    0.553954] of_get_named_gpiod_flags: can't parse 'sda-gpios' property of node '/ocp/interconnect@48000000/segment@100000/target-module@9c000/i2c@0[0]'
[    0.553990] of_get_named_gpiod_flags: can't parse 'sda-gpio' property of node '/ocp/interconnect@48000000/segment@100000/target-module@9c000/i2c@0[0]'
[    0.554021] i2c i2c-2: using lookup tables for GPIO lookup
[    0.554028] i2c i2c-2: No GPIO consumer sda found
[    0.554760] omap_i2c 4819c000.i2c: bus 2 rev0.11 at 100 kHz
[    0.560267] gpiochip_find_base_unlocked: found new base at 544
[    0.560370] gpio gpiochip1: (gpio-32-63): created GPIO range 0->17 ==> 44e10800.pinmux PIN 34->51
[    0.560391] gpio gpiochip1: (gpio-32-63): created GPIO range 18->21 ==> 44e10800.pinmux PIN 77->80
[    0.560406] gpio gpiochip1: (gpio-32-63): created GPIO range 22->31 ==> 44e10800.pinmux PIN 56->65
[    0.562300] gpio gpiochip1: (gpio-32-63): added GPIO chardev (254:1)
[    0.562460] gpio gpiochip1: registered GPIOs 544 to 575 on gpio-32-63
[    0.564777] gpiochip_find_base_unlocked: found new base at 576
[    0.564883] gpio gpiochip2: (gpio-64-95): created GPIO range 0->4 ==> 44e10800.pinmux PIN 66->70
[    0.564903] gpio gpiochip2: (gpio-64-95): created GPIO range 5->6 ==> 44e10800.pinmux PIN 98->99
[    0.564918] gpio gpiochip2: (gpio-64-95): created GPIO range 7->8 ==> 44e10800.pinmux PIN 75->76
[    0.564933] gpio gpiochip2: (gpio-64-95): created GPIO range 13->13 ==> 44e10800.pinmux PIN 141->141
[    0.564949] gpio gpiochip2: (gpio-64-95): created GPIO range 14->21 ==> 44e10800.pinmux PIN 100->107
[    0.579735] gpio gpiochip2: (gpio-64-95): added GPIO chardev (254:2)
[    0.579884] gpio gpiochip2: registered GPIOs 576 to 607 on gpio-64-95
[    0.585792] 48000000.interconnect:segment@200000:target-module@0:mpu@0:fck: device ID is greater than 24
[    0.586685] /ocp/interconnect@48000000/segment@300000/target-module@e000/lcdc@0: Fixed dependency cycle(s) with /ocp/interconnect@44c00000/segment@200000/target-module@b000/i2c@0/tda19988@70
[    0.589514] /ocp/interconnect@48000000/segment@300000/target-module@e000/lcdc@0: Fixed dependency cycle(s) with /ocp/interconnect@44c00000/segment@200000/target-module@b000/i2c@0/tda19988@70
[    0.590219] /ocp/interconnect@44c00000/segment@200000/target-module@b000/i2c@0/tda19988@70: Fixed dependency cycle(s) with /ocp/interconnect@48000000/segment@300000/target-module@e000/lcdc@0
[    0.590374] /ocp/interconnect@48000000/segment@300000/target-module@e000/lcdc@0: Fixed dependency cycle(s) with /ocp/interconnect@44c00000/segment@200000/target-module@b000/i2c@0/tda19988@70
[    0.600149] mdio_bus 4a101000.mdio: using DT '/ocp/interconnect@4a000000/segment@0/target-module@100000/switch@0/mdio@1000' for 'reset' GPIO lookup
[    0.600232] of_get_named_gpiod_flags: can't parse 'reset-gpios' property of node '/ocp/interconnect@4a000000/segment@0/target-module@100000/switch@0/mdio@1000[0]'
[    0.600278] of_get_named_gpiod_flags: can't parse 'reset-gpio' property of node '/ocp/interconnect@4a000000/segment@0/target-module@100000/switch@0/mdio@1000[0]'
[    0.600324] mdio_bus 4a101000.mdio: using lookup tables for GPIO lookup
[    0.600334] mdio_bus 4a101000.mdio: No GPIO consumer reset found
[    0.601324] sdhci-omap 481d8000.mmc: using DT '/ocp/interconnect@48000000/segment@100000/target-module@d8000/mmc@0' for 'wp' GPIO lookup
[    0.601382] of_get_named_gpiod_flags: can't parse 'wp-gpios' property of node '/ocp/interconnect@48000000/segment@100000/target-module@d8000/mmc@0[0]'
[    0.601423] of_get_named_gpiod_flags: can't parse 'wp-gpio' property of node '/ocp/interconnect@48000000/segment@100000/target-module@d8000/mmc@0[0]'
[    0.601456] sdhci-omap 481d8000.mmc: using lookup tables for GPIO lookup
[    0.601606] sdhci-omap 481d8000.mmc: No GPIO consumer wp found
[    0.601814] sdhci-omap 481d8000.mmc: supply pbias not found, using dummy regulator
[    0.613677] sdhci-omap 481d8000.mmc: supply vqmmc not found, using dummy regulator
[    0.657140] davinci_mdio 4a101000.mdio: davinci mdio revision 1.6, bus freq 1000000
[    0.678316] mdio_bus 4a101000.mdio:00: using DT '/ocp/interconnect@4a000000/segment@0/target-module@100000/switch@0/mdio@1000/ethernet-phy@0' for 'reset' GPIO lookup
[    0.678416] of_get_named_gpiod_flags: parsed 'reset-gpios' property of node '/ocp/interconnect@4a000000/segment@0/target-module@100000/switch@0/mdio@1000/ethernet-phy@0[0]' - status (0)
[    0.678578] gpio gpiochip0: Persistence not supported for GPIO 8
[    0.807952] davinci_mdio 4a101000.mdio: phy[0]: device 4a101000.mdio:00, driver SMSC LAN8710/LAN8720
[    0.808725] cpsw-switch 4a100000.switch: initialized cpsw ale version 1.4
[    0.808749] cpsw-switch 4a100000.switch: ALE Table size 1024, Policers 0
[    0.818605] cpsw-switch 4a100000.switch: cpts: overflow check period 500 (jiffies)
[    0.818627] cpsw-switch 4a100000.switch: CPTS: ref_clk_freq:250000000 calc_mult:2147483648 calc_shift:29 error:0 nsec/sec
[    0.818744] cpsw-switch 4a100000.switch: Detected MACID = 6c:ec:eb:68:de:78
[    0.820592] cpsw-switch 4a100000.switch: initialized (regs 0x4a100000, pool size 256) hw_ver:0019010C 1.12 (0)
[    0.831655] debugfs: Directory '49000000.dma' with parent 'dmaengine' already present!
[    0.831700] edma 49000000.dma: TI EDMA DMA engine driver
[    0.881914] gpio-clk clk_mcasp0: using DT '/clk_mcasp0' for 'enable' GPIO lookup
[    0.881994] of_get_named_gpiod_flags: parsed 'enable-gpios' property of node '/clk_mcasp0[0]' - status (0)
[    0.882041] gpio gpiochip0: Persistence not supported for GPIO 27
[    0.882918] gpiochip_find_base_unlocked: found new base at 608
[    0.883028] gpio gpiochip3: (gpio-96-127): created GPIO range 0->7 ==> 44e10800.pinmux PIN 82->89
[    0.883048] gpio gpiochip3: (gpio-96-127): created GPIO range 8->11 ==> 44e10800.pinmux PIN 52->55
[    0.883063] gpio gpiochip3: (gpio-96-127): created GPIO range 12->15 ==> 44e10800.pinmux PIN 94->97
[    0.883078] gpio gpiochip3: (gpio-96-127): created GPIO range 16->17 ==> 44e10800.pinmux PIN 71->72
[    0.883094] gpio gpiochip3: (gpio-96-127): created GPIO range 18->18 ==> 44e10800.pinmux PIN 135->135
[    0.883110] gpio gpiochip3: (gpio-96-127): created GPIO range 19->20 ==> 44e10800.pinmux PIN 108->109
[    0.883126] gpio gpiochip3: (gpio-96-127): created GPIO range 21->21 ==> 44e10800.pinmux PIN 73->73
[    0.883143] gpio gpiochip3: (gpio-96-127): created GPIO range 22->23 ==> 44e10800.pinmux PIN 8->9
[    0.883160] gpio gpiochip3: (gpio-96-127): created GPIO range 26->27 ==> 44e10800.pinmux PIN 10->11
[    0.883177] gpio gpiochip3: (gpio-96-127): created GPIO range 28->28 ==> 44e10800.pinmux PIN 74->74
[    0.883194] gpio gpiochip3: (gpio-96-127): created GPIO range 29->29 ==> 44e10800.pinmux PIN 81->81
[    0.883212] gpio gpiochip3: (gpio-96-127): created GPIO range 30->31 ==> 44e10800.pinmux PIN 28->29
[    0.894957] gpio gpiochip3: (gpio-96-127): added GPIO chardev (254:3)
[    0.895118] gpio gpiochip3: registered GPIOs 608 to 639 on gpio-96-127
[    0.897024] omap8250 44e09000.serial: using DT '/ocp/interconnect@44c00000/segment@200000/target-module@9000/serial@0' for 'rs485-term' GPIO lookup
[    0.897094] of_get_named_gpiod_flags: can't parse 'rs485-term-gpios' property of node '/ocp/interconnect@44c00000/segment@200000/target-module@9000/serial@0[0]'
[    0.897138] of_get_named_gpiod_flags: can't parse 'rs485-term-gpio' property of node '/ocp/interconnect@44c00000/segment@200000/target-module@9000/serial@0[0]'
[    0.897173] omap8250 44e09000.serial: using lookup tables for GPIO lookup
[    0.897182] omap8250 44e09000.serial: No GPIO consumer rs485-term found
[    0.897192] omap8250 44e09000.serial: using DT '/ocp/interconnect@44c00000/segment@200000/target-module@9000/serial@0' for 'rs485-rx-during-tx' GPIO lookup
[    0.897228] of_get_named_gpiod_flags: can't parse 'rs485-rx-during-tx-gpios' property of node '/ocp/interconnect@44c00000/segment@200000/target-module@9000/serial@0[0]'
[    0.897265] of_get_named_gpiod_flags: can't parse 'rs485-rx-during-tx-gpio' property of node '/ocp/interconnect@44c00000/segment@200000/target-module@9000/serial@0[0]'
[    0.897296] omap8250 44e09000.serial: using lookup tables for GPIO lookup
[    0.897303] omap8250 44e09000.serial: No GPIO consumer rs485-rx-during-tx found
[    0.897737] 44e09000.serial: ttyS0 at MMIO 0x44e09000 (irq = 34, base_baud = 3000000) is a 8250
[    0.897829] printk: legacy console [ttyS0] enabled
[    2.359386] i2c i2c-0: using DT '/ocp/interconnect@44c00000/segment@200000/target-module@b000/i2c@0' for 'scl' GPIO lookup
[    2.359476] of_get_named_gpiod_flags: can't parse 'scl-gpios' property of node '/ocp/interconnect@44c00000/segment@200000/target-module@b000/i2c@0[0]'
[    2.359523] of_get_named_gpiod_flags: can't parse 'scl-gpio' property of node '/ocp/interconnect@44c00000/segment@200000/target-module@b000/i2c@0[0]'
[    2.359562] i2c i2c-0: using lookup tables for GPIO lookup
[    2.359576] i2c i2c-0: No GPIO consumer scl found
[    2.359601] i2c i2c-0: using DT '/ocp/interconnect@44c00000/segment@200000/target-module@b000/i2c@0' for 'sda' GPIO lookup
[    2.359640] of_get_named_gpiod_flags: can't parse 'sda-gpios' property of node '/ocp/interconnect@44c00000/segment@200000/target-module@b000/i2c@0[0]'
[    2.359681] of_get_named_gpiod_flags: can't parse 'sda-gpio' property of node '/ocp/interconnect@44c00000/segment@200000/target-module@b000/i2c@0[0]'
[    2.359715] i2c i2c-0: using lookup tables for GPIO lookup
[    2.359726] i2c i2c-0: No GPIO consumer sda found
[    2.372493] tps65217-pmic: Failed to locate of_node [id: -1]
[    2.378553] tps65217-bl: Failed to locate of_node [id: -1]
[    2.384615] platform tps65217-charger: DMA mask not set
[    2.390659] platform tps65217-pwrbutton: DMA mask not set
[    2.398015] tps65217 0-0024: TPS65217 ID 0xe version 1.2
[    2.404165] /ocp/interconnect@48000000/segment@300000/target-module@e000/lcdc@0: Fixed dependency cycle(s) with /ocp/interconnect@44c00000/segment@200000/target-module@b000/i2c@0/tda19988@70
[    2.421589] /ocp/interconnect@44c00000/segment@200000/target-module@b000/i2c@0/tda19988@70: Fixed dependency cycle(s) with /ocp/interconnect@48000000/segment@300000/target-module@e000/lcdc@0
[    2.438948] omap_i2c 44e0b000.i2c: bus 0 rev0.11 at 400 kHz
[    2.446598] sdhci-omap 48060000.mmc: using DT '/ocp/interconnect@48000000/segment@0/target-module@60000/mmc@0' for 'cd' GPIO lookup
[    2.446704] of_get_named_gpiod_flags: parsed 'cd-gpios' property of node '/ocp/interconnect@48000000/segment@0/target-module@60000/mmc@0[0]' - status (0)
[    2.446771] gpio gpiochip3: Persistence not supported for GPIO 6
[    2.446796] omap_gpio 44e07000.gpio: Could not set line 6 debounce to 200000 microseconds (-22)
[    2.455718] sdhci-omap 48060000.mmc: Got CD GPIO
[    2.460370] sdhci-omap 48060000.mmc: using DT '/ocp/interconnect@48000000/segment@0/target-module@60000/mmc@0' for 'wp' GPIO lookup
[    2.460420] of_get_named_gpiod_flags: can't parse 'wp-gpios' property of node '/ocp/interconnect@48000000/segment@0/target-module@60000/mmc@0[0]'
[    2.460463] of_get_named_gpiod_flags: can't parse 'wp-gpio' property of node '/ocp/interconnect@48000000/segment@0/target-module@60000/mmc@0[0]'
[    2.460500] sdhci-omap 48060000.mmc: using lookup tables for GPIO lookup
[    2.460514] sdhci-omap 48060000.mmc: No GPIO consumer wp found
[    2.460723] sdhci-omap 48060000.mmc: supply pbias not found, using dummy regulator
[    2.469520] sdhci-omap 481d8000.mmc: using DT '/ocp/interconnect@48000000/segment@100000/target-module@d8000/mmc@0' for 'wp' GPIO lookup
[    2.469599] of_get_named_gpiod_flags: can't parse 'wp-gpios' property of node '/ocp/interconnect@48000000/segment@100000/target-module@d8000/mmc@0[0]'
[    2.469646] of_get_named_gpiod_flags: can't parse 'wp-gpio' property of node '/ocp/interconnect@48000000/segment@100000/target-module@d8000/mmc@0[0]'
[    2.469685] sdhci-omap 481d8000.mmc: using lookup tables for GPIO lookup
[    2.469698] sdhci-omap 481d8000.mmc: No GPIO consumer wp found
[    2.470713] sdhci-omap 48060000.mmc: supply vqmmc not found, using dummy regulator
[    2.480012] sdhci-omap 481d8000.mmc: supply pbias not found, using dummy regulator
[    2.489817] sdhci-omap 481d8000.mmc: supply vqmmc not found, using dummy regulator
[    2.525413] mmc0: SDHCI controller on 48060000.mmc [48060000.mmc] using External DMA
[    2.533733] mmc1: SDHCI controller on 481d8000.mmc [481d8000.mmc] using External DMA
[    2.542507] cpsw-switch 4a100000.switch: starting ndev. mode: dual_mac
[    2.590692] mmc0: new high speed SDHC card at address 5048
[    2.597735] mmcblk0: mmc0:5048 SD16G 14.4 GiB
[    2.606005]  mmcblk0: p1 p2
[    2.609385] mmcblk0: p2 size 31221760 extends beyond EOD, truncated
[    2.622868] SMSC LAN8710/LAN8720 4a101000.mdio:00: attached PHY driver (mii_bus:phy_addr=4a101000.mdio:00, irq=POLL)
[    2.633869] mmc1: new high speed MMC card at address 0001
[    2.646420] mmcblk1: mmc1:0001 MMC04G 3.60 GiB
[    2.654065]  mmcblk1: p1 p2
[    2.658503] mmcblk1boot0: mmc1:0001 MMC04G 2.00 MiB
[    2.667481] mmcblk1boot1: mmc1:0001 MMC04G 2.00 MiB
[    2.676458] mmcblk1rpmb: mmc1:0001 MMC04G 128 KiB, chardev (250:0)
[    5.762294] cpsw-switch 4a100000.switch eth0: Link is Up - 100Mbps/Full - flow control off
[    5.801753] IP-Config: Complete:
[    5.805028]      device=eth0, hwaddr=6c:ec:eb:68:de:78, ipaddr=192.168.255.1, mask=255.255.255.0, gw=255.255.255.255
[    5.815697]      host=bbb1, domain=, nis-domain=(none)
[    5.820865]      bootserver=192.168.255.126, rootserver=192.168.255.126, rootpath=
[    5.821304] clk: Disabling unused clocks
[    5.833160] PM: genpd: Disabling unused power domains
[    5.838279] KTAP version 1
[    5.841001] 1..0
[    5.871910] VFS: Mounted root (nfs filesystem) on device 0:17.
[    5.878891] devtmpfs: mounted
[    5.883699] Freeing unused kernel image (initmem) memory: 1024K
[    5.890322] Run /sbin/init as init process
[    5.894559]   with arguments:
[    5.894575]     /sbin/init
[    5.894585]     nfsrootdebug
[    5.894594]   with environment:
[    5.894603]     HOME=/
[    5.894611]     TERM=linux
[    6.596482] systemd[1]: System time before build time, advancing clock.
[    8.041525] random: crng init done
[    8.057938] systemd[1]: systemd 232 running in system mode. (+PAM +AUDIT +SELINUX +IMA +APPARMOR +SMACK +SYSVINIT +UTMP +LIBCRYPTSETUP +GCRYPT +GNUTLS +ACL +XZ +LZ4 +SECCOMP +BLKID +ELFUTILS +KMOD +IDN)
[    8.076974] systemd[1]: Detected architecture arm.
[    8.105035] systemd[1]: Set hostname to <arm>.
[    9.221009] systemd[1]: Reached target Remote File Systems.
[    9.242417] systemd[1]: Started Dispatch Password Requests to Console Directory Watch.
[    9.273388] systemd[1]: Set up automount Arbitrary Executable File Formats File System Automount Point.
[    9.303473] systemd[1]: systemd-journald.socket: SO_PASSSEC failed: Operation not supported
[    9.312434] systemd[1]: systemd-journald.socket: SO_PASSSEC failed: Operation not supported
[    9.321021] systemd[1]: Listening on Journal Socket.
[    9.343162] systemd[1]: Created slice System Slice.
[   11.589425] systemd-journald[88]: Received request to flush runtime journal from PID 1
[   14.144712] leds-gpio leds: using DT '/leds/led2' for '(default)' GPIO lookup
[   14.144818] of_get_named_gpiod_flags: parsed 'gpios' property of node '/leds/led2[0]' - status (0)
[   14.144876] gpio gpiochip0: Persistence not supported for GPIO 21
[   14.144891] gpio-533 (?): no flags found for GPIO (default)
[   14.201075] leds-gpio leds: using DT '/leds/led3' for '(default)' GPIO lookup
[   14.201646] of_get_named_gpiod_flags: parsed 'gpios' property of node '/leds/led3[0]' - status (0)
[   14.201729] gpio gpiochip0: Persistence not supported for GPIO 22
[   14.201746] gpio-534 (?): no flags found for GPIO (default)
[   14.252011] leds-gpio leds: using DT '/leds/led4' for '(default)' GPIO lookup
[   14.252118] of_get_named_gpiod_flags: parsed 'gpios' property of node '/leds/led4[0]' - status (0)
[   14.252169] gpio gpiochip0: Persistence not supported for GPIO 23
[   14.252183] gpio-535 (?): no flags found for GPIO (default)
[   14.275332] leds-gpio leds: using DT '/leds/led5' for '(default)' GPIO lookup
[   14.275434] of_get_named_gpiod_flags: parsed 'gpios' property of node '/leds/led5[0]' - status (0)
[   14.275488] gpio gpiochip0: Persistence not supported for GPIO 24
[   14.275503] gpio-536 (?): no flags found for GPIO (default)
[   14.558111] remoteproc remoteproc0: wkup_m3 is available
[   14.863389] at24 2-0054: supply vcc not found, using dummy regulator
[   14.968096] at24 2-0055: supply vcc not found, using dummy regulator
[   15.095727] at24 2-0056: supply vcc not found, using dummy regulator
[   15.132111] input: tps65217_pwrbutton as /devices/platform/ocp/44c00000.interconnect/44c00000.interconnect:segment@200000/44e0b000.target-module/44e0b000.i2c/i2c-0/0-0024/tps65217-pwrbutton/input/input0
[   15.209122] at24 2-0057: supply vcc not found, using dummy regulator
[   15.332324] at24 0-0050: using DT '/ocp/interconnect@44c00000/segment@200000/target-module@b000/i2c@0/eeprom@50' for 'wp' GPIO lookup
[   15.332446] of_get_named_gpiod_flags: can't parse 'wp-gpios' property of node '/ocp/interconnect@44c00000/segment@200000/target-module@b000/i2c@0/eeprom@50[0]'
[   15.332507] of_get_named_gpiod_flags: can't parse 'wp-gpio' property of node '/ocp/interconnect@44c00000/segment@200000/target-module@b000/i2c@0/eeprom@50[0]'
[   15.332757] at24 0-0050: using lookup tables for GPIO lookup
[   15.332774] at24 0-0050: No GPIO consumer wp found
[   15.333386] at24 0-0050: 32768 byte 24c256 EEPROM, writable, 1 bytes/write
[   15.636805] omap_rtc 44e3e000.rtc: registered as rtc0
[   15.642219] omap_rtc 44e3e000.rtc: setting system clock to 2000-01-01T00:00:00 UTC (946684800)
[   15.651182] omap_rtc 44e3e000.rtc: using DT '/ocp/interconnect@44c00000/segment@200000/target-module@3e000/rtc@0' for 'wp' GPIO lookup
[   15.651258] of_get_named_gpiod_flags: can't parse 'wp-gpios' property of node '/ocp/interconnect@44c00000/segment@200000/target-module@3e000/rtc@0[0]'
[   15.651310] of_get_named_gpiod_flags: can't parse 'wp-gpio' property of node '/ocp/interconnect@44c00000/segment@200000/target-module@3e000/rtc@0[0]'
[   15.651351] omap_rtc 44e3e000.rtc: using lookup tables for GPIO lookup
[   15.651365] omap_rtc 44e3e000.rtc: No GPIO consumer wp found
[   15.892291] omap_wdt: OMAP Watchdog Timer Rev 0x01: initial timeout 60 sec
[   16.109783] am335x-phy-driver 47401300.usb-phy: using DT '/ocp/target-module@47400000/usb-phy@1300' for 'reset' GPIO lookup
[   16.109886] of_get_named_gpiod_flags: can't parse 'reset-gpios' property of node '/ocp/target-module@47400000/usb-phy@1300[0]'
[   16.109932] of_get_named_gpiod_flags: can't parse 'reset-gpio' property of node '/ocp/target-module@47400000/usb-phy@1300[0]'
[   16.109969] am335x-phy-driver 47401300.usb-phy: using lookup tables for GPIO lookup
[   16.109984] am335x-phy-driver 47401300.usb-phy: No GPIO consumer reset found
[   16.109998] am335x-phy-driver 47401300.usb-phy: using DT '/ocp/target-module@47400000/usb-phy@1300' for 'vbus-detect' GPIO lookup
[   16.110029] of_get_named_gpiod_flags: can't parse 'vbus-detect-gpios' property of node '/ocp/target-module@47400000/usb-phy@1300[0]'
[   16.110062] of_get_named_gpiod_flags: can't parse 'vbus-detect-gpio' property of node '/ocp/target-module@47400000/usb-phy@1300[0]'
[   16.110089] am335x-phy-driver 47401300.usb-phy: using lookup tables for GPIO lookup
[   16.110100] am335x-phy-driver 47401300.usb-phy: No GPIO consumer vbus-detect found
[   16.110250] am335x-phy-driver 47401300.usb-phy: dummy supplies not allowed for exclusive requests (id=vbus)
[   16.342997] usbcore: registered new interface driver usbfs
[   16.348641] usbcore: registered new interface driver hub
[   16.354303] usbcore: registered new device driver usb
[   16.456043] am335x-phy-driver 47401b00.usb-phy: using DT '/ocp/target-module@47400000/usb-phy@1b00' for 'reset' GPIO lookup
[   16.456137] of_get_named_gpiod_flags: can't parse 'reset-gpios' property of node '/ocp/target-module@47400000/usb-phy@1b00[0]'
[   16.456181] of_get_named_gpiod_flags: can't parse 'reset-gpio' property of node '/ocp/target-module@47400000/usb-phy@1b00[0]'
[   16.456217] am335x-phy-driver 47401b00.usb-phy: using lookup tables for GPIO lookup
[   16.456232] am335x-phy-driver 47401b00.usb-phy: No GPIO consumer reset found
[   16.456247] am335x-phy-driver 47401b00.usb-phy: using DT '/ocp/target-module@47400000/usb-phy@1b00' for 'vbus-detect' GPIO lookup
[   16.456278] of_get_named_gpiod_flags: can't parse 'vbus-detect-gpios' property of node '/ocp/target-module@47400000/usb-phy@1b00[0]'
[   16.456310] of_get_named_gpiod_flags: can't parse 'vbus-detect-gpio' property of node '/ocp/target-module@47400000/usb-phy@1b00[0]'
[   16.456336] am335x-phy-driver 47401b00.usb-phy: using lookup tables for GPIO lookup
[   16.456348] am335x-phy-driver 47401b00.usb-phy: No GPIO consumer vbus-detect found
[   16.456496] am335x-phy-driver 47401b00.usb-phy: dummy supplies not allowed for exclusive requests (id=vbus)
[   16.722472] tda998x 0-0070: found TDA19988
[   17.318668] musb-hdrc musb-hdrc.1: MUSB HDRC host driver
[   17.324343] musb-hdrc musb-hdrc.1: new USB bus registered, assigned bus number 1
[   17.653422] usb usb1: New USB device found, idVendor=1d6b, idProduct=0002, bcdDevice= 6.16
[   17.662162] usb usb1: New USB device strings: Mfr=3, Product=2, SerialNumber=1
[   17.669433] usb usb1: Product: MUSB HDRC host driver
[   17.674536] usb usb1: Manufacturer: Linux 6.16.0-rc4 musb-hcd
[   17.680315] usb usb1: SerialNumber: musb-hdrc.1
[   17.792336] omap-mailbox 480c8000.mailbox: omap mailbox rev 0x400
[   17.981354] remoteproc remoteproc0: powering up wkup_m3
[   18.221768] remoteproc remoteproc0: Direct firmware load for am335x-pm-firmware.elf failed with error -2
[   18.231368] remoteproc remoteproc0: request_firmware failed: -2
[   18.237412] wkup_m3_ipc 44e11324.wkup_m3_ipc: rproc_boot failed
[   18.264129] hub 1-0:1.0: USB hub found
[   18.352935] hub 1-0:1.0: 1 port detected
[   20.702421] tilcdc 4830e000.lcdc: bound 0-0070 (ops 0xbf1410f8)
[   20.712060] omap_rng 48310000.rng: Random Number Generator ver. 20
[   20.773340] [drm] Initialized tilcdc 1.0.0 for 4830e000.lcdc on minor 0
[   20.855079] tilcdc 4830e000.lcdc: [drm] Cannot find any crtc or sizes
[   20.867286] tilcdc 4830e000.lcdc: [drm] Cannot find any crtc or sizes
[   21.507676] omap-sham 53100000.sham: hw accel on OMAP rev 4.3
[   21.529493] PM: Cannot get wkup_m3_ipc handle
[   21.651866] omap-sham 53100000.sham: will run requests pump with realtime priority
[   21.672703] omap-aes 53500000.aes: OMAP AES hw accel rev: 3.2
[   21.680164] PM: Cannot get wkup_m3_ipc handle
[   21.780873] omap-aes 53500000.aes: will run requests pump with realtime priority
[   21.789594] PM: Cannot get wkup_m3_ipc handle
[   23.719711] Bluetooth: Core ver 2.22
[   23.723784] NET: Registered PF_BLUETOOTH protocol family
[   23.729139] Bluetooth: HCI device and connection manager initialized
[   23.735639] Bluetooth: HCI socket layer initialized
[   23.740554] Bluetooth: L2CAP socket layer initialized
[   23.745699] Bluetooth: SCO socket layer initialized
[   25.261707] tda998x 0-0070: using DT '/ocp/interconnect@44c00000/segment@200000/target-module@b000/i2c@0/tda19988@70' for 'nxp,calib' GPIO lookup
[   25.261845] of_get_named_gpiod_flags: parsed 'nxp,calib-gpios' property of node '/ocp/interconnect@44c00000/segment@200000/target-module@b000/i2c@0/tda19988@70[0]' - status (0)
[   25.261922] gpio gpiochip0: Persistence not supported for GPIO 25
[   25.261938] gpio-537 (nxp,calib): no flags found for GPIO nxp,calib
[   25.275664] gpio-537 (nxp,calib): gpiod_direction_output_nonotify: tried to set a GPIO tied to an IRQ as output
[   25.292849] PM: Cannot get wkup_m3_ipc handle
[   25.298627] asoc-simple-card sound: using DT '/sound' for 'simple-audio-card,hp-det' GPIO lookup
[   25.298699] of_get_named_gpiod_flags: can't parse 'simple-audio-card,hp-det-gpios' property of node '/sound[0]'
[   25.298732] of_get_named_gpiod_flags: can't parse 'simple-audio-card,hp-det-gpio' property of node '/sound[0]'
[   25.298757] asoc-simple-card sound: using lookup tables for GPIO lookup
[   25.298770] asoc-simple-card sound: No GPIO consumer simple-audio-card,hp-det found
[   25.298785] asoc-simple-card sound: using DT '/sound' for 'simple-audio-card,mic-det' GPIO lookup
[   25.298810] of_get_named_gpiod_flags: can't parse 'simple-audio-card,mic-det-gpios' property of node '/sound[0]'
[   25.298834] of_get_named_gpiod_flags: can't parse 'simple-audio-card,mic-det-gpio' property of node '/sound[0]'
[   25.298854] asoc-simple-card sound: using lookup tables for GPIO lookup
[   25.298865] asoc-simple-card sound: No GPIO consumer simple-audio-card,mic-det found
[   25.497934] PM: Cannot get wkup_m3_ipc handle
[   25.558318] tda9950 0-0034: TDA9950 CEC interface, hardware version 3.3
[   25.666716] PM: Cannot get wkup_m3_ipc handle
[   28.156734] userial_init: registered 8 ttyGS* devices
[   28.378207] rndis_register: configNr = 0
[   28.439413] udc musb-hdrc.0: binding gadget driver [g_multi]
[   28.439516] configfs-gadget.g_multi gadget.0: adding 'rndis'/de7e6bdc to config 'c'/551e9927
[   28.440669] configfs-gadget.g_multi gadget.0: HOST MAC 1c:ba:8c:a2:ed:6c
[   28.447672] configfs-gadget.g_multi gadget.0: MAC 1c:ba:8c:a2:ed:70
[   28.454092] rndis_set_param_medium: 0 0
[   28.454114] configfs-gadget.g_multi gadget.0: RNDIS: IN/ep1in OUT/ep1out NOTIFY/ep2in
[   28.454132] configfs-gadget.g_multi gadget.0: adding 'cdc_ethernet'/80deff92 to config 'c'/551e9927
[   28.455016] configfs-gadget.g_multi gadget.0: HOST MAC 1c:ba:8c:a2:ed:6c
[   28.461877] configfs-gadget.g_multi gadget.0: MAC 1c:ba:8c:a2:ed:6d
[   28.468215] configfs-gadget.g_multi gadget.0: CDC Ethernet: IN/ep3in OUT/ep2out NOTIFY/ep4in
[   28.468234] configfs-gadget.g_multi gadget.0: adding 'acm'/643372a6 to config 'c'/551e9927
[   28.468282] configfs-gadget.g_multi gadget.0: acm ttyGS0: IN/ep5in OUT/ep3out NOTIFY/ep6in
[   28.474761] PM: Cannot get wkup_m3_ipc handle
[   29.572126] configfs-gadget.g_multi gadget.0: eth_open
[   31.112301] configfs-gadget.g_multi gadget.0: stop stats: rx/tx 0/0, errs 0/0
[   34.974660] gs_open: ttyGS0 (e024ff71,29207fff)
[   34.974816] gs_close: ttyGS0 (e024ff71,29207fff) ...
[   34.974842] gs_close: ttyGS0 (e024ff71,29207fff) done!
[   34.995697] gs_open: ttyGS0 (aa7bc836,8dbfdfd1)
[   34.995830] gs_close: ttyGS0 (aa7bc836,8dbfdfd1) ...
[   34.995853] gs_close: ttyGS0 (aa7bc836,8dbfdfd1) done!
[   35.170825] gs_open: ttyGS0 (e024ff71,d4322e8f)
[   35.171054] gs_close: ttyGS0 (e024ff71,d4322e8f) ...
[   35.171082] gs_close: ttyGS0 (e024ff71,d4322e8f) done!
[   35.176754] gs_open: ttyGS0 (e024ff71,e8096091)
XTEUFSQGBX 0
root@arm:~# echo 'OYST''CEGKTX'
OYSTCEGKTX
root@arm:~# MARKER='ULKL''PHLXWE' run 'modprobe test_linear_ranges'
ULKLPHLXWEULKLPHLXWE 0
root@arm:~# echo 'ZNUJ''OWMYLX'
ZNUJOWMYLX
root@arm:~# MARKER='JPQP''CYNMEE' run dmesg
JPQPCYNMEE[    0.000000] Booting Linux on physical CPU 0x0
[    0.000000] Linux version 6.16.0-rc4 (user01@drvtest01) (arm-none-eabi-gcc (Arm GNU Toolchain 14.2.Rel1 (Build arm-14.52)) 14.2.1 20241119, GNU ld (Arm GNU Toolchain 14.2.Rel1 (Build arm-14.52)) 2.43.1.20241119) #1 SMP Mon Jun 30 00:24:22 EEST 2025
[    0.000000] CPU: ARMv7 Processor [413fc082] revision 2 (ARMv7), cr=10c5387d
[    0.000000] CPU: PIPT / VIPT nonaliasing data cache, VIPT aliasing instruction cache
[    0.000000] OF: fdt: Machine model: TI AM335x BeagleBone Black
[    0.000000] Memory policy: Data cache writeback
[    0.000000] cma: Reserved 16 MiB at 0x9e800000
[    0.000000] Zone ranges:
[    0.000000]   Normal   [mem 0x0000000080000000-0x000000009fdfffff]
[    0.000000]   HighMem  empty
[    0.000000] Movable zone start for each node
[    0.000000] Early memory node ranges
[    0.000000]   node   0: [mem 0x0000000080000000-0x000000009fdfffff]
[    0.000000] Initmem setup node 0 [mem 0x0000000080000000-0x000000009fdfffff]
[    0.000000] On node 0, zone Normal: 512 pages in unavailable ranges
[    0.000000] OF: reserved mem: Reserved memory: No reserved-memory node in the DT
[    0.000000] CPU: All CPU(s) started in SVC mode.
[    0.000000] AM335X ES2.1 (sgx neon)
[    0.000000] percpu: Embedded 17 pages/cpu s39820 r8192 d21620 u69632
[    0.000000] pcpu-alloc: s39820 r8192 d21620 u69632 alloc=17*4096
[    0.000000] pcpu-alloc: [0] 0 
[    0.000000] Kernel command line: console=ttyO0,115200n8 root=/dev/nfs rw nfsroot=192.168.255.126:/home/user01/nfs,nfsvers=3 ip=192.168.255.1:192.168.255.126::255.255.255.0:bbb1:eth0 nfsrootdebug
[    0.000000] Unknown kernel command line parameters "nfsrootdebug", will be passed to user space.
[    0.000000] printk: log buffer data + meta data: 65536 + 204800 = 270336 bytes
[    0.000000] Dentry cache hash table entries: 65536 (order: 6, 262144 bytes, linear)
[    0.000000] Inode-cache hash table entries: 32768 (order: 5, 131072 bytes, linear)
[    0.000000] Built 1 zonelists, mobility grouping on.  Total pages: 130560
[    0.000000] mem auto-init: stack:off, heap alloc:off, heap free:off
[    0.000000] SLUB: HWalign=16, Order=0-3, MinObjects=0, CPUs=1, Nodes=1
[    0.000000] rcu: Hierarchical RCU implementation.
[    0.000000] rcu: 	RCU event tracing is enabled.
[    0.000000] rcu: 	RCU restricting CPUs from NR_CPUS=2 to nr_cpu_ids=1.
[    0.000000] 	Tracing variant of Tasks RCU enabled.
[    0.000000] rcu: RCU calculated value of scheduler-enlistment delay is 10 jiffies.
[    0.000000] rcu: Adjusting geometry for rcu_fanout_leaf=16, nr_cpu_ids=1
[    0.000000] RCU Tasks Trace: Setting shift to 0 and lim to 1 rcu_task_cb_adjust=1 rcu_task_cpu_ids=1.
[    0.000000] NR_IRQS: 16, nr_irqs: 16, preallocated irqs: 16
[    0.000000] IRQ: Found an INTC at 0x(ptrval) (revision 5.0) with 128 interrupts
[    0.000000] rcu: srcu_init: Setting srcu_struct sizes based on contention.
[    0.000000] TI gptimer clocksource: always-on /ocp/interconnect@44c00000/segment@200000/target-module@31000
[    0.000002] sched_clock: 32 bits at 24MHz, resolution 41ns, wraps every 89478484971ns
[    0.000027] clocksource: dmtimer: mask: 0xffffffff max_cycles: 0xffffffff, max_idle_ns: 79635851949 ns
[    0.000513] TI gptimer clockevent: 24000000 Hz at /ocp/interconnect@48000000/segment@0/target-module@40000
[    0.002159] Console: colour dummy device 80x30
[    0.002228] WARNING: Your 'console=ttyO0' has been replaced by 'ttyS0'
[    0.002236] This ensures that you still see kernel messages. Please
[    0.002241] update your kernel commandline.
[    0.002283] Calibrating delay loop... 996.14 BogoMIPS (lpj=4980736)
[    0.090560] CPU: Testing write buffer coherency: ok
[    0.090674] CPU0: Spectre v2: using BPIALL workaround
[    0.090685] pid_max: default: 32768 minimum: 301
[    0.090842] LSM: initializing lsm=capability
[    0.091020] Mount-cache hash table entries: 1024 (order: 0, 4096 bytes, linear)
[    0.091039] Mountpoint-cache hash table entries: 1024 (order: 0, 4096 bytes, linear)
[    0.092665] CPU0: thread -1, cpu 0, socket -1, mpidr 0
[    0.092723] cacheinfo: Unable to detect cache hierarchy for CPU 0
[    0.094737] Setting up static identity map for 0x80100000 - 0x80100078
[    0.095082] rcu: Hierarchical SRCU implementation.
[    0.095095] rcu: 	Max phase no-delay instances is 1000.
[    0.096853] smp: Bringing up secondary CPUs ...
[    0.096906] smp: Brought up 1 node, 1 CPU
[    0.096918] SMP: Total of 1 processors activated (996.14 BogoMIPS).
[    0.096929] CPU: All CPU(s) started in SVC mode.
[    0.097114] Memory: 480820K/522240K available (11264K kernel code, 1220K rwdata, 2924K rodata, 1024K init, 288K bss, 23388K reserved, 16384K cma-reserved, 0K highmem)
[    0.097924] devtmpfs: initialized
[    0.115333] VFP support v0.3: implementor 41 architecture 3 part 30 variant c rev 3
[    0.115960] clocksource: jiffies: mask: 0xffffffff max_cycles: 0xffffffff, max_idle_ns: 19112604462750000 ns
[    0.116015] posixtimers hash table entries: 512 (order: 0, 4096 bytes, linear)
[    0.116042] futex hash table entries: 256 (16384 bytes on 1 NUMA nodes, total 16 KiB, linear).
[    0.117161] pinctrl core: initialized pinctrl subsystem
[    0.119221] NET: Registered PF_NETLINK/PF_ROUTE protocol family
[    0.122335] DMA: preallocated 256 KiB pool for atomic coherent allocations
[    0.123289] audit: initializing netlink subsys (disabled)
[    0.124659] thermal_sys: Registered thermal governor 'fair_share'
[    0.124674] thermal_sys: Registered thermal governor 'step_wise'
[    0.124684] thermal_sys: Registered thermal governor 'user_space'
[    0.124793] audit: type=2000 audit(0.120:1): state=initialized audit_enabled=0 res=1
[    0.124869] cpuidle: using governor menu
[    0.142738] /ocp/interconnect@44c00000/segment@200000/target-module@b000/i2c@0/tda19988@70: Fixed dependency cycle(s) with /ocp/interconnect@48000000/segment@300000/target-module@e000/lcdc@0
[    0.143867] /ocp/interconnect@48000000/segment@300000/target-module@e000/lcdc@0: Fixed dependency cycle(s) with /ocp/interconnect@44c00000/segment@200000/target-module@b000/i2c@0/tda19988@70
[    0.146058] No ATAGs?
[    0.146101] hw-breakpoint: debug architecture 0x4 unsupported.
[    0.148811] kprobes: kprobe jump-optimization is enabled. All kprobes are optimized if possible.
[    0.154138] iommu: Default domain type: Translated
[    0.154161] iommu: DMA domain TLB invalidation policy: strict mode
[    0.155732] reg-fixed-voltage fixedregulator0: using DT '/fixedregulator0' for '(default)' GPIO lookup
[    0.155788] of_get_named_gpiod_flags: can't parse 'gpios' property of node '/fixedregulator0[0]'
[    0.155816] of_get_named_gpiod_flags: can't parse 'gpio' property of node '/fixedregulator0[0]'
[    0.155833] reg-fixed-voltage fixedregulator0: using lookup tables for GPIO lookup
[    0.155843] reg-fixed-voltage fixedregulator0: No GPIO consumer (default) found
[    0.161534] SCSI subsystem initialized
[    0.162023] libata version 3.00 loaded.
[    0.162397] pps_core: LinuxPPS API ver. 1 registered
[    0.162407] pps_core: Software ver. 5.3.6 - Copyright 2005-2007 Rodolfo Giometti <giometti@linux.it>
[    0.162430] PTP clock support registered
[    0.171123] vgaarb: loaded
[    0.171500] clocksource: Switched to clocksource dmtimer
[    0.172165] VFS: Disk quotas dquot_6.6.0
[    0.172219] VFS: Dquot-cache hash table entries: 1024 (order 0, 4096 bytes)
[    0.197524] NET: Registered PF_INET protocol family
[    0.197871] IP idents hash table entries: 8192 (order: 4, 65536 bytes, linear)
[    0.199319] tcp_listen_portaddr_hash hash table entries: 512 (order: 0, 4096 bytes, linear)
[    0.199358] Table-perturb hash table entries: 65536 (order: 6, 262144 bytes, linear)
[    0.199378] TCP established hash table entries: 4096 (order: 2, 16384 bytes, linear)
[    0.199422] TCP bind hash table entries: 4096 (order: 4, 65536 bytes, linear)
[    0.199522] TCP: Hash tables configured (established 4096 bind 4096)
[    0.199646] UDP hash table entries: 256 (order: 1, 14336 bytes, linear)
[    0.199683] UDP-Lite hash table entries: 256 (order: 1, 14336 bytes, linear)
[    0.199871] NET: Registered PF_UNIX/PF_LOCAL protocol family
[    0.201159] RPC: Registered named UNIX socket transport module.
[    0.201177] RPC: Registered udp transport module.
[    0.201182] RPC: Registered tcp transport module.
[    0.201186] RPC: Registered tcp-with-tls transport module.
[    0.201192] RPC: Registered tcp NFSv4.1 backchannel transport module.
[    0.201216] PCI: CLS 0 bytes, default 64
[    0.202733] Initialise system trusted keyrings
[    0.212410] workingset: timestamp_bits=14 max_order=17 bucket_order=3
[    0.213755] NFS: Registering the id_resolver key type
[    0.213851] Key type id_resolver registered
[    0.213858] Key type id_legacy registered
[    0.213965] jffs2: version 2.2. (NAND) (SUMMARY)  Â© 2001-2006 Red Hat, Inc.
[    0.214422] Key type asymmetric registered
[    0.214437] Asymmetric key parser 'x509' registered
[    0.214511] io scheduler mq-deadline registered
[    0.214521] io scheduler kyber registered
[    0.214593] io scheduler bfq registered
[    0.216469] target-module@4b000000:target-module@140000:pmu@0:fck: device ID is greater than 24
[    0.222645] l3-aon-clkctrl:0000:0: failed to disable
[    0.231958] ledtrig-cpu: registered to indicate activity on CPUs
[    0.234791] Serial: 8250/16550 driver, 6 ports, IRQ sharing enabled
[    0.275813] brd: module loaded
[    0.298585] loop: module loaded
[    0.299502] mtdoops: mtd device (mtddev=name/number) must be supplied
[    0.301228] mdio_bus fixed-0: using lookup tables for GPIO lookup
[    0.301252] mdio_bus fixed-0: No GPIO consumer reset found
[    0.302816] i2c_dev: i2c /dev entries driver
[    0.303816] cpuidle: enable-method property 'ti,am3352' found operations
[    0.304259] sdhci: Secure Digital Host Controller Interface driver
[    0.304269] sdhci: Copyright(c) Pierre Ossman
[    0.304444] sdhci-pltfm: SDHCI platform and OF driver helper
[    0.312458] hw perfevents: enabled with armv7_cortex_a8 PMU driver, 5 (8000000f) counters available
[    0.312984] Initializing XFRM netlink socket
[    0.313166] NET: Registered PF_INET6 protocol family
[    0.318826] l3-aon-clkctrl:0000:0: failed to disable
[    0.326964] Segment Routing with IPv6
[    0.327049] In-situ OAM (IOAM) with IPv6
[    0.327145] sit: IPv6, IPv4 and MPLS over IPv4 tunneling driver
[    0.328091] NET: Registered PF_PACKET protocol family
[    0.328118] NET: Registered PF_KEY protocol family
[    0.328275] Key type dns_resolver registered
[    0.328500] ThumbEE CPU extension supported.
[    0.328521] Registering SWP/SWPB emulation handler
[    0.329058] omap_voltage_late_init: Voltage driver support not added
[    0.329741] SmartReflex Class3 initialized
[    0.360601] Loading compiled-in X.509 certificates
[    0.401889] /ocp/interconnect@44c00000/segment@200000/target-module@b000/i2c@0/tda19988@70: Fixed dependency cycle(s) with /ocp/interconnect@48000000/segment@300000/target-module@e000/lcdc@0
[    0.408250] /ocp/interconnect@44c00000/segment@200000/target-module@b000/i2c@0/tda19988@70: Fixed dependency cycle(s) with /ocp/interconnect@48000000/segment@300000/target-module@e000/lcdc@0
[    0.413987] gpiochip_find_base_unlocked: found new base at 512
[    0.425900] /ocp/interconnect@44c00000/segment@200000/target-module@b000/i2c@0/tda19988@70: Fixed dependency cycle(s) with /ocp/interconnect@48000000/segment@300000/target-module@e000/lcdc@0
[    0.426776] /ocp/interconnect@44c00000/segment@200000/target-module@b000/i2c@0/tda19988@70: Fixed dependency cycle(s) with /ocp/interconnect@48000000/segment@300000/target-module@e000/lcdc@0
[    0.430208] /ocp/interconnect@44c00000/segment@200000/target-module@10000/scm@0/pinmux@800: Fixed dependency cycle(s) with /ocp/interconnect@44c00000/segment@200000/target-module@10000/scm@0/pinmux@800/clkout2-pins
[    0.430824] pinctrl-single 44e10800.pinmux: 142 pins, size 568
[    0.436405] ti-sysc 44e31000.target-module: probe with driver ti-sysc failed with error -16
[    0.473888] /ocp/interconnect@48000000/segment@300000/target-module@e000/lcdc@0: Fixed dependency cycle(s) with /ocp/interconnect@44c00000/segment@200000/target-module@b000/i2c@0/tda19988@70
[    0.482231] ti-sysc 48040000.target-module: probe with driver ti-sysc failed with error -16
[    0.493779] gpiochip_find_base_unlocked: found new base at 512
[    0.493881] gpio gpiochip0: (gpio-0-31): created GPIO range 0->7 ==> 44e10800.pinmux PIN 0->7
[    0.493902] gpio gpiochip0: (gpio-0-31): created GPIO range 8->11 ==> 44e10800.pinmux PIN 90->93
[    0.493918] gpio gpiochip0: (gpio-0-31): created GPIO range 12->27 ==> 44e10800.pinmux PIN 12->27
[    0.493933] gpio gpiochip0: (gpio-0-31): created GPIO range 28->31 ==> 44e10800.pinmux PIN 30->33
[    0.520273] gpio gpiochip0: (gpio-0-31): added GPIO chardev (254:0)
[    0.520415] gpio gpiochip0: registered GPIOs 512 to 543 on gpio-0-31
[    0.520503] OMAP GPIO hardware version 0.1
[    0.553737] i2c i2c-2: using DT '/ocp/interconnect@48000000/segment@100000/target-module@9c000/i2c@0' for 'scl' GPIO lookup
[    0.553811] of_get_named_gpiod_flags: can't parse 'scl-gpios' property of node '/ocp/interconnect@48000000/segment@100000/target-module@9c000/i2c@0[0]'
[    0.553852] of_get_named_gpiod_flags: can't parse 'scl-gpio' property of node '/ocp/interconnect@48000000/segment@100000/target-module@9c000/i2c@0[0]'
[    0.553888] i2c i2c-2: using lookup tables for GPIO lookup
[    0.553897] i2c i2c-2: No GPIO consumer scl found
[    0.553919] i2c i2c-2: using DT '/ocp/interconnect@48000000/segment@100000/target-module@9c000/i2c@0' for 'sda' GPIO lookup
[    0.553954] of_get_named_gpiod_flags: can't parse 'sda-gpios' property of node '/ocp/interconnect@48000000/segment@100000/target-module@9c000/i2c@0[0]'
[    0.553990] of_get_named_gpiod_flags: can't parse 'sda-gpio' property of node '/ocp/interconnect@48000000/segment@100000/target-module@9c000/i2c@0[0]'
[    0.554021] i2c i2c-2: using lookup tables for GPIO lookup
[    0.554028] i2c i2c-2: No GPIO consumer sda found
[    0.554760] omap_i2c 4819c000.i2c: bus 2 rev0.11 at 100 kHz
[    0.560267] gpiochip_find_base_unlocked: found new base at 544
[    0.560370] gpio gpiochip1: (gpio-32-63): created GPIO range 0->17 ==> 44e10800.pinmux PIN 34->51
[    0.560391] gpio gpiochip1: (gpio-32-63): created GPIO range 18->21 ==> 44e10800.pinmux PIN 77->80
[    0.560406] gpio gpiochip1: (gpio-32-63): created GPIO range 22->31 ==> 44e10800.pinmux PIN 56->65
[    0.562300] gpio gpiochip1: (gpio-32-63): added GPIO chardev (254:1)
[    0.562460] gpio gpiochip1: registered GPIOs 544 to 575 on gpio-32-63
[    0.564777] gpiochip_find_base_unlocked: found new base at 576
[    0.564883] gpio gpiochip2: (gpio-64-95): created GPIO range 0->4 ==> 44e10800.pinmux PIN 66->70
[    0.564903] gpio gpiochip2: (gpio-64-95): created GPIO range 5->6 ==> 44e10800.pinmux PIN 98->99
[    0.564918] gpio gpiochip2: (gpio-64-95): created GPIO range 7->8 ==> 44e10800.pinmux PIN 75->76
[    0.564933] gpio gpiochip2: (gpio-64-95): created GPIO range 13->13 ==> 44e10800.pinmux PIN 141->141
[    0.564949] gpio gpiochip2: (gpio-64-95): created GPIO range 14->21 ==> 44e10800.pinmux PIN 100->107
[    0.579735] gpio gpiochip2: (gpio-64-95): added GPIO chardev (254:2)
[    0.579884] gpio gpiochip2: registered GPIOs 576 to 607 on gpio-64-95
[    0.585792] 48000000.interconnect:segment@200000:target-module@0:mpu@0:fck: device ID is greater than 24
[    0.586685] /ocp/interconnect@48000000/segment@300000/target-module@e000/lcdc@0: Fixed dependency cycle(s) with /ocp/interconnect@44c00000/segment@200000/target-module@b000/i2c@0/tda19988@70
[    0.589514] /ocp/interconnect@48000000/segment@300000/target-module@e000/lcdc@0: Fixed dependency cycle(s) with /ocp/interconnect@44c00000/segment@200000/target-module@b000/i2c@0/tda19988@70
[    0.590219] /ocp/interconnect@44c00000/segment@200000/target-module@b000/i2c@0/tda19988@70: Fixed dependency cycle(s) with /ocp/interconnect@48000000/segment@300000/target-module@e000/lcdc@0
[    0.590374] /ocp/interconnect@48000000/segment@300000/target-module@e000/lcdc@0: Fixed dependency cycle(s) with /ocp/interconnect@44c00000/segment@200000/target-module@b000/i2c@0/tda19988@70
[    0.600149] mdio_bus 4a101000.mdio: using DT '/ocp/interconnect@4a000000/segment@0/target-module@100000/switch@0/mdio@1000' for 'reset' GPIO lookup
[    0.600232] of_get_named_gpiod_flags: can't parse 'reset-gpios' property of node '/ocp/interconnect@4a000000/segment@0/target-module@100000/switch@0/mdio@1000[0]'
[    0.600278] of_get_named_gpiod_flags: can't parse 'reset-gpio' property of node '/ocp/interconnect@4a000000/segment@0/target-module@100000/switch@0/mdio@1000[0]'
[    0.600324] mdio_bus 4a101000.mdio: using lookup tables for GPIO lookup
[    0.600334] mdio_bus 4a101000.mdio: No GPIO consumer reset found
[    0.601324] sdhci-omap 481d8000.mmc: using DT '/ocp/interconnect@48000000/segment@100000/target-module@d8000/mmc@0' for 'wp' GPIO lookup
[    0.601382] of_get_named_gpiod_flags: can't parse 'wp-gpios' property of node '/ocp/interconnect@48000000/segment@100000/target-module@d8000/mmc@0[0]'
[    0.601423] of_get_named_gpiod_flags: can't parse 'wp-gpio' property of node '/ocp/interconnect@48000000/segment@100000/target-module@d8000/mmc@0[0]'
[    0.601456] sdhci-omap 481d8000.mmc: using lookup tables for GPIO lookup
[    0.601606] sdhci-omap 481d8000.mmc: No GPIO consumer wp found
[    0.601814] sdhci-omap 481d8000.mmc: supply pbias not found, using dummy regulator
[    0.613677] sdhci-omap 481d8000.mmc: supply vqmmc not found, using dummy regulator
[    0.657140] davinci_mdio 4a101000.mdio: davinci mdio revision 1.6, bus freq 1000000
[    0.678316] mdio_bus 4a101000.mdio:00: using DT '/ocp/interconnect@4a000000/segment@0/target-module@100000/switch@0/mdio@1000/ethernet-phy@0' for 'reset' GPIO lookup
[    0.678416] of_get_named_gpiod_flags: parsed 'reset-gpios' property of node '/ocp/interconnect@4a000000/segment@0/target-module@100000/switch@0/mdio@1000/ethernet-phy@0[0]' - status (0)
[    0.678578] gpio gpiochip0: Persistence not supported for GPIO 8
[    0.807952] davinci_mdio 4a101000.mdio: phy[0]: device 4a101000.mdio:00, driver SMSC LAN8710/LAN8720
[    0.808725] cpsw-switch 4a100000.switch: initialized cpsw ale version 1.4
[    0.808749] cpsw-switch 4a100000.switch: ALE Table size 1024, Policers 0
[    0.818605] cpsw-switch 4a100000.switch: cpts: overflow check period 500 (jiffies)
[    0.818627] cpsw-switch 4a100000.switch: CPTS: ref_clk_freq:250000000 calc_mult:2147483648 calc_shift:29 error:0 nsec/sec
[    0.818744] cpsw-switch 4a100000.switch: Detected MACID = 6c:ec:eb:68:de:78
[    0.820592] cpsw-switch 4a100000.switch: initialized (regs 0x4a100000, pool size 256) hw_ver:0019010C 1.12 (0)
[    0.831655] debugfs: Directory '49000000.dma' with parent 'dmaengine' already present!
[    0.831700] edma 49000000.dma: TI EDMA DMA engine driver
[    0.881914] gpio-clk clk_mcasp0: using DT '/clk_mcasp0' for 'enable' GPIO lookup
[    0.881994] of_get_named_gpiod_flags: parsed 'enable-gpios' property of node '/clk_mcasp0[0]' - status (0)
[    0.882041] gpio gpiochip0: Persistence not supported for GPIO 27
[    0.882918] gpiochip_find_base_unlocked: found new base at 608
[    0.883028] gpio gpiochip3: (gpio-96-127): created GPIO range 0->7 ==> 44e10800.pinmux PIN 82->89
[    0.883048] gpio gpiochip3: (gpio-96-127): created GPIO range 8->11 ==> 44e10800.pinmux PIN 52->55
[    0.883063] gpio gpiochip3: (gpio-96-127): created GPIO range 12->15 ==> 44e10800.pinmux PIN 94->97
[    0.883078] gpio gpiochip3: (gpio-96-127): created GPIO range 16->17 ==> 44e10800.pinmux PIN 71->72
[    0.883094] gpio gpiochip3: (gpio-96-127): created GPIO range 18->18 ==> 44e10800.pinmux PIN 135->135
[    0.883110] gpio gpiochip3: (gpio-96-127): created GPIO range 19->20 ==> 44e10800.pinmux PIN 108->109
[    0.883126] gpio gpiochip3: (gpio-96-127): created GPIO range 21->21 ==> 44e10800.pinmux PIN 73->73
[    0.883143] gpio gpiochip3: (gpio-96-127): created GPIO range 22->23 ==> 44e10800.pinmux PIN 8->9
[    0.883160] gpio gpiochip3: (gpio-96-127): created GPIO range 26->27 ==> 44e10800.pinmux PIN 10->11
[    0.883177] gpio gpiochip3: (gpio-96-127): created GPIO range 28->28 ==> 44e10800.pinmux PIN 74->74
[    0.883194] gpio gpiochip3: (gpio-96-127): created GPIO range 29->29 ==> 44e10800.pinmux PIN 81->81
[    0.883212] gpio gpiochip3: (gpio-96-127): created GPIO range 30->31 ==> 44e10800.pinmux PIN 28->29
[    0.894957] gpio gpiochip3: (gpio-96-127): added GPIO chardev (254:3)
[    0.895118] gpio gpiochip3: registered GPIOs 608 to 639 on gpio-96-127
[    0.897024] omap8250 44e09000.serial: using DT '/ocp/interconnect@44c00000/segment@200000/target-module@9000/serial@0' for 'rs485-term' GPIO lookup
[    0.897094] of_get_named_gpiod_flags: can't parse 'rs485-term-gpios' property of node '/ocp/interconnect@44c00000/segment@200000/target-module@9000/serial@0[0]'
[    0.897138] of_get_named_gpiod_flags: can't parse 'rs485-term-gpio' property of node '/ocp/interconnect@44c00000/segment@200000/target-module@9000/serial@0[0]'
[    0.897173] omap8250 44e09000.serial: using lookup tables for GPIO lookup
[    0.897182] omap8250 44e09000.serial: No GPIO consumer rs485-term found
[    0.897192] omap8250 44e09000.serial: using DT '/ocp/interconnect@44c00000/segment@200000/target-module@9000/serial@0' for 'rs485-rx-during-tx' GPIO lookup
[    0.897228] of_get_named_gpiod_flags: can't parse 'rs485-rx-during-tx-gpios' property of node '/ocp/interconnect@44c00000/segment@200000/target-module@9000/serial@0[0]'
[    0.897265] of_get_named_gpiod_flags: can't parse 'rs485-rx-during-tx-gpio' property of node '/ocp/interconnect@44c00000/segment@200000/target-module@9000/serial@0[0]'
[    0.897296] omap8250 44e09000.serial: using lookup tables for GPIO lookup
[    0.897303] omap8250 44e09000.serial: No GPIO consumer rs485-rx-during-tx found
[    0.897737] 44e09000.serial: ttyS0 at MMIO 0x44e09000 (irq = 34, base_baud = 3000000) is a 8250
[    0.897829] printk: legacy console [ttyS0] enabled
[    2.359386] i2c i2c-0: using DT '/ocp/interconnect@44c00000/segment@200000/target-module@b000/i2c@0' for 'scl' GPIO lookup
[    2.359476] of_get_named_gpiod_flags: can't parse 'scl-gpios' property of node '/ocp/interconnect@44c00000/segment@200000/target-module@b000/i2c@0[0]'
[    2.359523] of_get_named_gpiod_flags: can't parse 'scl-gpio' property of node '/ocp/interconnect@44c00000/segment@200000/target-module@b000/i2c@0[0]'
[    2.359562] i2c i2c-0: using lookup tables for GPIO lookup
[    2.359576] i2c i2c-0: No GPIO consumer scl found
[    2.359601] i2c i2c-0: using DT '/ocp/interconnect@44c00000/segment@200000/target-module@b000/i2c@0' for 'sda' GPIO lookup
[    2.359640] of_get_named_gpiod_flags: can't parse 'sda-gpios' property of node '/ocp/interconnect@44c00000/segment@200000/target-module@b000/i2c@0[0]'
[    2.359681] of_get_named_gpiod_flags: can't parse 'sda-gpio' property of node '/ocp/interconnect@44c00000/segment@200000/target-module@b000/i2c@0[0]'
[    2.359715] i2c i2c-0: using lookup tables for GPIO lookup
[    2.359726] i2c i2c-0: No GPIO consumer sda found
[    2.372493] tps65217-pmic: Failed to locate of_node [id: -1]
[    2.378553] tps65217-bl: Failed to locate of_node [id: -1]
[    2.384615] platform tps65217-charger: DMA mask not set
[    2.390659] platform tps65217-pwrbutton: DMA mask not set
[    2.398015] tps65217 0-0024: TPS65217 ID 0xe version 1.2
[    2.404165] /ocp/interconnect@48000000/segment@300000/target-module@e000/lcdc@0: Fixed dependency cycle(s) with /ocp/interconnect@44c00000/segment@200000/target-module@b000/i2c@0/tda19988@70
[    2.421589] /ocp/interconnect@44c00000/segment@200000/target-module@b000/i2c@0/tda19988@70: Fixed dependency cycle(s) with /ocp/interconnect@48000000/segment@300000/target-module@e000/lcdc@0
[    2.438948] omap_i2c 44e0b000.i2c: bus 0 rev0.11 at 400 kHz
[    2.446598] sdhci-omap 48060000.mmc: using DT '/ocp/interconnect@48000000/segment@0/target-module@60000/mmc@0' for 'cd' GPIO lookup
[    2.446704] of_get_named_gpiod_flags: parsed 'cd-gpios' property of node '/ocp/interconnect@48000000/segment@0/target-module@60000/mmc@0[0]' - status (0)
[    2.446771] gpio gpiochip3: Persistence not supported for GPIO 6
[    2.446796] omap_gpio 44e07000.gpio: Could not set line 6 debounce to 200000 microseconds (-22)
[    2.455718] sdhci-omap 48060000.mmc: Got CD GPIO
[    2.460370] sdhci-omap 48060000.mmc: using DT '/ocp/interconnect@48000000/segment@0/target-module@60000/mmc@0' for 'wp' GPIO lookup
[    2.460420] of_get_named_gpiod_flags: can't parse 'wp-gpios' property of node '/ocp/interconnect@48000000/segment@0/target-module@60000/mmc@0[0]'
[    2.460463] of_get_named_gpiod_flags: can't parse 'wp-gpio' property of node '/ocp/interconnect@48000000/segment@0/target-module@60000/mmc@0[0]'
[    2.460500] sdhci-omap 48060000.mmc: using lookup tables for GPIO lookup
[    2.460514] sdhci-omap 48060000.mmc: No GPIO consumer wp found
[    2.460723] sdhci-omap 48060000.mmc: supply pbias not found, using dummy regulator
[    2.469520] sdhci-omap 481d8000.mmc: using DT '/ocp/interconnect@48000000/segment@100000/target-module@d8000/mmc@0' for 'wp' GPIO lookup
[    2.469599] of_get_named_gpiod_flags: can't parse 'wp-gpios' property of node '/ocp/interconnect@48000000/segment@100000/target-module@d8000/mmc@0[0]'
[    2.469646] of_get_named_gpiod_flags: can't parse 'wp-gpio' property of node '/ocp/interconnect@48000000/segment@100000/target-module@d8000/mmc@0[0]'
[    2.469685] sdhci-omap 481d8000.mmc: using lookup tables for GPIO lookup
[    2.469698] sdhci-omap 481d8000.mmc: No GPIO consumer wp found
[    2.470713] sdhci-omap 48060000.mmc: supply vqmmc not found, using dummy regulator
[    2.480012] sdhci-omap 481d8000.mmc: supply pbias not found, using dummy regulator
[    2.489817] sdhci-omap 481d8000.mmc: supply vqmmc not found, using dummy regulator
[    2.525413] mmc0: SDHCI controller on 48060000.mmc [48060000.mmc] using External DMA
[    2.533733] mmc1: SDHCI controller on 481d8000.mmc [481d8000.mmc] using External DMA
