Labgrid Console Logfile for main
Logfile started at 2024-12-16 03:02:16.556318
=== Log starts here ===
ready
DRAM:  512 MiB
NAND:  0 MiB
MMC:   OMAP SD/MMC: 0, OMAP SD/MMC: 1
*** Warning - readenv() failed, using default environment

Net:   <ethaddr> not set. Validating first E-fuse MAC
cpsw, usb_ether
Hit any key to stop autoboot:  1  0 
gpio: pin 53 (gpio 53) value is 1
mmc0 is current device
gpio: pin 54 (gpio 54) value is 1
SD/MMC found on device 0
reading uEnv.txt
584 bytes read in 3 ms (189.5 KiB/s)
gpio: pin 55 (gpio 55) value is 1
Loaded environment from uEnv.txt
Importing environment from mmc ...
Checking if uenvcmd is set ...
gpio: pin 56 (gpio 56) value is 1
Running uenvcmd ...
cpsw Waiting for PHY auto negotiation to complete. done
link up on port 0, speed 100, full duplex
Using cpsw device
TFTP from server 192.168.255.126; our IP address is 192.168.255.1
Filename 'zImage'.
Load address: 0x81000000
Loading: *#################################################################
	 #################################################################
	 #################################################################
	 #################################################################
	 #################################################################
	 ####################################################
	 2.4 MiB/s
done
Bytes transferred = 5527112 (545648 hex)
link up on port 0, speed 100, full duplex
Using cpsw device
TFTP from server 192.168.255.126; our IP address is 192.168.255.1
Filename 'am335x-boneblack.dtb'.
Load address: 0x82000000
Loading: *#######
	 2.2 MiB/s
done
Bytes transferred = 98244 (17fc4 hex)
Kernel image @ 0x81000000 [ 0x000000 - 0x545648 ]
## Flattened Device Tree blob at 82000000
   Booting using the fdt blob at 0x82000000
   Using Device Tree in place at 82000000, end 8201afc3

Starting kernel ...

[    0.000000] Booting Linux on physical CPU 0x0
[    0.000000] Linux version 6.13.0-rc3 (user01@drvtest01) (arm-linux-gnueabihf-gcc (Linaro GCC 6.4-2017.11) 6.4.1 20171012, GNU ld (Linaro_Binutils-2017.11) 2.27.0.20161229) #81 SMP Mon Dec 16 02:44:15 EET 2024
[    0.000000] CPU: ARMv7 Processor [413fc082] revision 2 (ARMv7), cr=10c5387d
[    0.000000] CPU: PIPT / VIPT nonaliasing data cache, VIPT aliasing instruction cache
[    0.000000] OF: fdt: Machine model: TI AM335x BeagleBone Black
[    0.000000] earlycon: omap8250 at MMIO 0x44e09000 (options '')
[    0.000000] printk: legacy bootconsole [omap8250] enabled
[    0.000000] Memory policy: Data cache writeback
[    0.000000] cma: Reserved 16 MiB at 0x9e800000 on node -1
[    0.000000] Zone ranges:
[    0.000000]   Normal   [mem 0x0000000080000000-0x000000009fdfffff]
[    0.000000]   HighMem  empty
[    0.000000] Movable zone start for each node
[    0.000000] Early memory node ranges
[    0.000000]   node   0: [mem 0x0000000080000000-0x000000009fdfffff]
[    0.000000] Initmem setup node 0 [mem 0x0000000080000000-0x000000009fdfffff]
[    0.000000] OF: reserved mem: Reserved memory: No reserved-memory node in the DT
[    0.000000] CPU: All CPU(s) started in SVC mode.
[    0.000000] AM335X ES2.1 (sgx neon)
[    0.000000] percpu: Embedded 17 pages/cpu s39628 r8192 d21812 u69632
[    0.000000] pcpu-alloc: s39628 r8192 d21812 u69632 alloc=17*4096
[    0.000000] pcpu-alloc: [0] 0 
[    0.000000] Kernel command line: console=ttyO0,115200n8 debug earlycon root=/dev/nfs rw nfsroot=192.168.255.126:/home/user01/nfs,nfsvers=3 ip=192.168.255.1:192.168.255.126::255.255.255.0:bbb1:eth0 nfsrootdebug
[    0.000000] Unknown kernel command line parameters "nfsrootdebug", will be passed to user space.
[    0.000000] printk: log buffer data + meta data: 65536 + 204800 = 270336 bytes
[    0.000000] Dentry cache hash table entries: 65536 (order: 6, 262144 bytes, linear)
[    0.000000] Inode-cache hash table entries: 32768 (order: 5, 131072 bytes, linear)
[    0.000000] Built 1 zonelists, mobility grouping on.  Total pages: 130560
[    0.000000] mem auto-init: stack:off, heap alloc:off, heap free:off
[    0.000000] SLUB: HWalign=64, Order=0-3, MinObjects=0, CPUs=1, Nodes=1
[    0.000000] trace event string verifier disabled
[    0.000000] rcu: Hierarchical RCU implementation.
[    0.000000] rcu: 	RCU event tracing is enabled.
[    0.000000] rcu: 	RCU restricting CPUs from NR_CPUS=2 to nr_cpu_ids=1.
[    0.000000] 	Tracing variant of Tasks RCU enabled.
[    0.000000] rcu: RCU calculated value of scheduler-enlistment delay is 10 jiffies.
[    0.000000] rcu: Adjusting geometry for rcu_fanout_leaf=16, nr_cpu_ids=1
[    0.000000] RCU Tasks Trace: Setting shift to 0 and lim to 1 rcu_task_cb_adjust=1 rcu_task_cpu_ids=1.
[    0.000000] NR_IRQS: 16, nr_irqs: 16, preallocated irqs: 16
[    0.000000] IRQ: Found an INTC at 0x(ptrval) (revision 5.0) with 128 interrupts
[    0.000000] rcu: srcu_init: Setting srcu_struct sizes based on contention.
[    0.000000] TI gptimer clocksource: always-on /ocp/interconnect@44c00000/segment@200000/target-module@31000
[    0.000002] sched_clock: 32 bits at 24MHz, resolution 41ns, wraps every 89478484971ns
[    0.008075] clocksource: dmtimer: mask: 0xffffffff max_cycles: 0xffffffff, max_idle_ns: 79635851949 ns
[    0.018139] TI gptimer clockevent: 24000000 Hz at /ocp/interconnect@48000000/segment@0/target-module@40000
[    0.029751] Console: colour dummy device 80x30
[    0.034395] WARNING: Your 'console=ttyO0' has been replaced by 'ttyS0'
[    0.041207] This ensures that you still see kernel messages. Please
[    0.047658] update your kernel commandline.
[    0.052014] Calibrating delay loop... 996.14 BogoMIPS (lpj=4980736)
[    0.094626] CPU: Testing write buffer coherency: ok
[    0.099746] CPU0: Spectre v2: using BPIALL workaround
[    0.104949] pid_max: default: 32768 minimum: 301
[    0.109827] LSM: initializing lsm=capability
[    0.114398] Mount-cache hash table entries: 1024 (order: 0, 4096 bytes, linear)
[    0.121968] Mountpoint-cache hash table entries: 1024 (order: 0, 4096 bytes, linear)
[    0.131642] CPU0: thread -1, cpu 0, socket -1, mpidr 0
[    0.139291] Setting up static identity map for 0x80100000 - 0x80100078
[    0.146348] rcu: Hierarchical SRCU implementation.
[    0.151347] rcu: 	Max phase no-delay instances is 1000.
[    0.158716] smp: Bringing up secondary CPUs ...
[    0.163442] smp: Brought up 1 node, 1 CPU
[    0.167573] SMP: Total of 1 processors activated (996.14 BogoMIPS).
[    0.174125] CPU: All CPU(s) started in SVC mode.
[    0.179097] Memory: 480840K/522240K available (11264K kernel code, 1213K rwdata, 2896K rodata, 1024K init, 297K bss, 23388K reserved, 16384K cma-reserved, 0K highmem)
[    0.195419] devtmpfs: initialized
[    0.215750] VFP support v0.3: implementor 41 architecture 3 part 30 variant c rev 3
[    0.224119] clocksource: jiffies: mask: 0xffffffff max_cycles: 0xffffffff, max_idle_ns: 19112604462750000 ns
[    0.234326] futex hash table entries: 256 (order: 2, 16384 bytes, linear)
[    0.242632] pinctrl core: initialized pinctrl subsystem
[    0.250978] NET: Registered PF_NETLINK/PF_ROUTE protocol family
[    0.260052] DMA: preallocated 256 KiB pool for atomic coherent allocations
[    0.268046] audit: initializing netlink subsys (disabled)
[    0.275097] thermal_sys: Registered thermal governor 'fair_share'
[    0.275127] thermal_sys: Registered thermal governor 'step_wise'
[    0.281504] thermal_sys: Registered thermal governor 'user_space'
[    0.287809] audit: type=2000 audit(0.240:1): state=initialized audit_enabled=0 res=1
[    0.302191] cpuidle: using governor menu
[    0.324639] /ocp/interconnect@44c00000/segment@200000/target-module@b000/i2c@0/tda19988@70: Fixed dependency cycle(s) with /ocp/interconnect@48000000/segment@300000/target-module@e000/lcdc@0
[    0.343393] /ocp/interconnect@48000000/segment@300000/target-module@e000/lcdc@0: Fixed dependency cycle(s) with /ocp/interconnect@44c00000/segment@200000/target-module@b000/i2c@0/tda19988@70
[    0.363183] No ATAGs?
[    0.365548] hw-breakpoint: debug architecture 0x4 unsupported.
[    0.374513] kprobes: kprobe jump-optimization is enabled. All kprobes are optimized if possible.
[    0.402013] iommu: Default domain type: Translated
[    0.406973] iommu: DMA domain TLB invalidation policy: strict mode
[    0.415167] reg-fixed-voltage fixedregulator0: using DT '/fixedregulator0' for '(default)' GPIO lookup
[    0.424899] of_get_named_gpiod_flags: can't parse 'gpios' property of node '/fixedregulator0[0]'
[    0.433995] of_get_named_gpiod_flags: can't parse 'gpio' property of node '/fixedregulator0[0]'
[    0.442992] reg-fixed-voltage fixedregulator0: using lookup tables for GPIO lookup
[    0.450807] reg-fixed-voltage fixedregulator0: No GPIO consumer (default) found
[    0.478988] SCSI subsystem initialized
[    0.488773] libata version 3.00 loaded.
[    0.493105] pps_core: LinuxPPS API ver. 1 registered
[    0.498281] pps_core: Software ver. 5.3.6 - Copyright 2005-2007 Rodolfo Giometti <giometti@linux.it>
[    0.507711] PTP clock support registered
[    0.538376] vgaarb: loaded
[    0.548210] clocksource: Switched to clocksource dmtimer
[    0.554421] VFS: Disk quotas dquot_6.6.0
[    0.558642] VFS: Dquot-cache hash table entries: 1024 (order 0, 4096 bytes)
[    0.601290] NET: Registered PF_INET protocol family
[    0.606814] IP idents hash table entries: 8192 (order: 4, 65536 bytes, linear)
[    0.615719] tcp_listen_portaddr_hash hash table entries: 512 (order: 0, 4096 bytes, linear)
[    0.624421] Table-perturb hash table entries: 65536 (order: 6, 262144 bytes, linear)
[    0.632430] TCP established hash table entries: 4096 (order: 2, 16384 bytes, linear)
[    0.640438] TCP bind hash table entries: 4096 (order: 4, 65536 bytes, linear)
[    0.647899] TCP: Hash tables configured (established 4096 bind 4096)
[    0.654578] UDP hash table entries: 256 (order: 1, 14336 bytes, linear)
[    0.661418] UDP-Lite hash table entries: 256 (order: 1, 14336 bytes, linear)
[    0.668909] NET: Registered PF_UNIX/PF_LOCAL protocol family
[    0.753051] RPC: Registered named UNIX socket transport module.
[    0.759178] RPC: Registered udp transport module.
[    0.764088] RPC: Registered tcp transport module.
[    0.768932] RPC: Registered tcp-with-tls transport module.
[    0.774601] RPC: Registered tcp NFSv4.1 backchannel transport module.
[    0.781249] PCI: CLS 0 bytes, default 64
[    0.786838] Initialise system trusted keyrings
[    0.853623] workingset: timestamp_bits=14 max_order=17 bucket_order=3
[    0.861777] NFS: Registering the id_resolver key type
[    0.867076] Key type id_resolver registered
[    0.871384] Key type id_legacy registered
[    0.875616] jffs2: version 2.2. (NAND) (SUMMARY)  Â© 2001-2006 Red Hat, Inc.
[    0.910590] Key type asymmetric registered
[    0.914949] Asymmetric key parser 'x509' registered
[    0.920046] io scheduler mq-deadline registered
[    0.924756] io scheduler kyber registered
[    0.928953] io scheduler bfq registered
[    0.951049] ledtrig-cpu: registered to indicate activity on CPUs
[    0.985099] Serial: 8250/16550 driver, 6 ports, IRQ sharing enabled
[    1.031406] brd: module loaded
[    1.067558] loop: module loaded
[    1.071874] mtdoops: mtd device (mtddev=name/number) must be supplied
[    1.088621] mdio_bus fixed-0: using lookup tables for GPIO lookup
[    1.095021] mdio_bus fixed-0: No GPIO consumer reset found
[    1.102170] i2c_dev: i2c /dev entries driver
[    1.107557] cpuidle: enable-method property 'ti,am3352' found operations
[    1.115017] sdhci: Secure Digital Host Controller Interface driver
[    1.121391] sdhci: Copyright(c) Pierre Ossman
[    1.126118] sdhci-pltfm: SDHCI platform and OF driver helper
[    1.133029] Initializing XFRM netlink socket
[    1.137576] NET: Registered PF_INET6 protocol family
[    1.206081] Segment Routing with IPv6
[    1.209966] In-situ OAM (IOAM) with IPv6
[    1.214208] sit: IPv6, IPv4 and MPLS over IPv4 tunneling driver
[    1.221275] NET: Registered PF_PACKET protocol family
[    1.226611] NET: Registered PF_KEY protocol family
[    1.231714] Key type dns_resolver registered
[    1.236416] ThumbEE CPU extension supported.
[    1.240830] Registering SWP/SWPB emulation handler
[    1.246353] omap_voltage_late_init: Voltage driver support not added
[    1.253327] SmartReflex Class3 initialized
[    1.331874] Loading compiled-in X.509 certificates
[    1.387087] /ocp/interconnect@44c00000/segment@200000/target-module@b000/i2c@0/tda19988@70: Fixed dependency cycle(s) with /ocp/interconnect@48000000/segment@300000/target-module@e000/lcdc@0
[    1.411221] /ocp/interconnect@44c00000/segment@200000/target-module@b000/i2c@0/tda19988@70: Fixed dependency cycle(s) with /ocp/interconnect@48000000/segment@300000/target-module@e000/lcdc@0
[    1.434584] gpiochip_find_base_unlocked: found new base at 512
[    1.493012] /ocp/interconnect@44c00000/segment@200000/target-module@b000/i2c@0/tda19988@70: Fixed dependency cycle(s) with /ocp/interconnect@48000000/segment@300000/target-module@e000/lcdc@0
[    1.511508] /ocp/interconnect@44c00000/segment@200000/target-module@b000/i2c@0/tda19988@70: Fixed dependency cycle(s) with /ocp/interconnect@48000000/segment@300000/target-module@e000/lcdc@0
[    1.532764] /ocp/interconnect@44c00000/segment@200000/target-module@10000/scm@0/pinmux@800: Fixed dependency cycle(s) with /ocp/interconnect@44c00000/segment@200000/target-module@10000/scm@0/pinmux@800/clkout2-pins
[    1.553064] pinctrl-single 44e10800.pinmux: 142 pins, size 568
[    1.564458] ti-sysc 44e31000.target-module: probe with driver ti-sysc failed with error -16
[    1.658374] /ocp/interconnect@48000000/segment@300000/target-module@e000/lcdc@0: Fixed dependency cycle(s) with /ocp/interconnect@44c00000/segment@200000/target-module@b000/i2c@0/tda19988@70
[    1.684115] ti-sysc 48040000.target-module: probe with driver ti-sysc failed with error -16
[    1.704204] gpiochip_find_base_unlocked: found new base at 512
[    1.710325] gpio gpiochip0: (gpio-0-31): created GPIO range 0->7 ==> 44e10800.pinmux PIN 0->7
[    1.719253] gpio gpiochip0: (gpio-0-31): created GPIO range 8->11 ==> 44e10800.pinmux PIN 90->93
[    1.728346] gpio gpiochip0: (gpio-0-31): created GPIO range 12->27 ==> 44e10800.pinmux PIN 12->27
[    1.737513] gpio gpiochip0: (gpio-0-31): created GPIO range 28->31 ==> 44e10800.pinmux PIN 30->33
[    1.852396] gpio gpiochip0: (gpio-0-31): added GPIO chardev (254:0)
[    1.859015] gpio gpiochip0: registered GPIOs 512 to 543 on gpio-0-31
[    1.865728] OMAP GPIO hardware version 0.1
[    1.915465] i2c i2c-2: using DT '/ocp/interconnect@48000000/segment@100000/target-module@9c000/i2c@0' for 'scl' GPIO lookup
[    1.927122] of_get_named_gpiod_flags: can't parse 'scl-gpios' property of node '/ocp/interconnect@48000000/segment@100000/target-module@9c000/i2c@0[0]'
[    1.941174] of_get_named_gpiod_flags: can't parse 'scl-gpio' property of node '/ocp/interconnect@48000000/segment@100000/target-module@9c000/i2c@0[0]'
[    1.955117] i2c i2c-2: using lookup tables for GPIO lookup
[    1.960767] i2c i2c-2: No GPIO consumer scl found
[    1.965675] i2c i2c-2: using DT '/ocp/interconnect@48000000/segment@100000/target-module@9c000/i2c@0' for 'sda' GPIO lookup
[    1.977191] of_get_named_gpiod_flags: can't parse 'sda-gpios' property of node '/ocp/interconnect@48000000/segment@100000/target-module@9c000/i2c@0[0]'
[    1.991206] of_get_named_gpiod_flags: can't parse 'sda-gpio' property of node '/ocp/interconnect@48000000/segment@100000/target-module@9c000/i2c@0[0]'
[    2.005130] i2c i2c-2: using lookup tables for GPIO lookup
[    2.010778] i2c i2c-2: No GPIO consumer sda found
[    2.016369] omap_i2c 4819c000.i2c: bus 2 rev0.11 at 100 kHz
[    2.027643] gpiochip_find_base_unlocked: found new base at 544
[    2.033943] gpio gpiochip1: (gpio-32-63): created GPIO range 0->17 ==> 44e10800.pinmux PIN 34->51
[    2.043158] gpio gpiochip1: (gpio-32-63): created GPIO range 18->21 ==> 44e10800.pinmux PIN 77->80
[    2.052420] gpio gpiochip1: (gpio-32-63): created GPIO range 22->31 ==> 44e10800.pinmux PIN 56->65
[    2.062585] gpio gpiochip1: (gpio-32-63): added GPIO chardev (254:1)
[    2.069288] gpio gpiochip1: registered GPIOs 544 to 575 on gpio-32-63
[    2.078252] gpiochip_find_base_unlocked: found new base at 576
[    2.084491] gpio gpiochip2: (gpio-64-95): created GPIO range 0->4 ==> 44e10800.pinmux PIN 66->70
[    2.093595] gpio gpiochip2: (gpio-64-95): created GPIO range 5->6 ==> 44e10800.pinmux PIN 98->99
[    2.102675] gpio gpiochip2: (gpio-64-95): created GPIO range 7->8 ==> 44e10800.pinmux PIN 75->76
[    2.111761] gpio gpiochip2: (gpio-64-95): created GPIO range 13->13 ==> 44e10800.pinmux PIN 141->141
[    2.121172] gpio gpiochip2: (gpio-64-95): created GPIO range 14->21 ==> 44e10800.pinmux PIN 100->107
[    2.131328] gpio gpiochip2: (gpio-64-95): added GPIO chardev (254:2)
[    2.138202] gpio gpiochip2: registered GPIOs 576 to 607 on gpio-64-95
[    2.150350] 48000000.interconnect:segment@200000:tar get-module@0:mpu@0:fck: device ID is greater than 24
[    2.1 61211] /ocp/interconnect@48000000/segment@300000/target-module@e000/lcdc@0: Fixed dependency cycle(s) with /ocp/interconnect@44c00000/segment@200000/target-module@b000/i2c@0/tda19988@70
[    2.@200000/target-module@b000/i2c@0[0]'
[    2.973724] i2c i2c-0: using lookup tables for GPIO lookup
[    2.979242] i2c i2c-0: No GPIO consumer scl found
[    2.984010] i2c i2c-0: using DT '/ocp/interconnect@44c00000/segment@200000/target-module@b000/i2c@0' for 'sda' GPIO lookup
[    2.995162] of_get_named_gpiod_flags: can't parse 'sda-gpios' property of node '/ocp/interconnect@44c00000/segment@200000/target-module@b000/i2c@0[0]'
[    3.008763] of_get_named_gpiod_flags: can't parse 'sda-gpio' property of node '/ocp/interconnect@44c00000/segment@200000/target-module@b000/i2c@0[0]'
[    3.022264] i2c i2c-0: using lookup tables for GPIO lookup
[    3.027781] i2c i2c-0: No GPIO consumer sda found
[    3.052676] tps65217-pmic: Failed to locate of_node [id: -1]
[    3.058749] tps65217-bl: Failed to locate of_node [id: -1]
[    3.070260] tps65217 0-0024: TPS65217 ID 0xe version 1.2
[    3.076400] /ocp/interconnect@48000000/segment@300000/target-module@e000/lcdc@0: Fixed dependency cycle(s) with /ocp/interconnect@44c00000/segment@200000/target-module@b000/i2c@0/tda19988@70
[    3.093802] /ocp/interconnect@44c00000/segment@200000/target-module@b000/i2c@0/tda19988@70: Fixed dependency cycle(s) with /ocp/interconnect@48000000/segment@300000/target-module@e000/lcdc@0
[    3.111165] omap_i2c 44e0b000.i2c: bus 0 rev0.11 at 400 kHz
[    3.118855] sdhci-omap 48060000.mmc: using DT '/ocp/interconnect@48000000/segment@0/target-module@60000/mmc@0' for 'cd' GPIO lookup
[    3.130973] of_get_named_gpiod_flags: parsed 'cd-gpios' property of node '/ocp/interconnect@48000000/segment@0/target-module@60000/mmc@0[0]' - status (0)
[    3.144873] gpio gpiochip3: Persistence not supported for GPIO 6
[    3.150928] omap_gpio 44e07000.gpio: Could not set line 6 debounce to 200000 microseconds (-22)
[    3.159720] sdhci-omap 48060000.mmc: Got CD GPIO
[    3.164392] sdhci-omap 48060000.mmc: using DT '/ocp/interconnect@48000000/segment@0/target-module@60000/mmc@0' for 'wp' GPIO lookup
[    3.176344] of_get_named_gpiod_flags: can't parse 'wp-gpios' property of node '/ocp/interconnect@48000000/segment@0/target-module@60000/mmc@0[0]'
[    3.189506] of_get_named_gpiod_flags: can't parse 'wp-gpio' property of node '/ocp/interconnect@48000000/segment@0/target-module@60000/mmc@0[0]'
[    3.202575] sdhci-omap 48060000.mmc: using lookup tables for GPIO lookup
[    3.209314] sdhci-omap 48060000.mmc: No GPIO consumer wp found
[    3.215402] sdhci-omap 48060000.mmc: supply pbias not found, using dummy regulator
[    3.224123] sdhci-omap 481d8000.mmc: using DT '/ocp/interconnect@48000000/segment@100000/target-module@d8000/mmc@0' for 'wp' GPIO lookup
[    3.236651] of_get_named_gpiod_flags: can't parse 'wp-gpios' property of node '/ocp/interconnect@48000000/segment@100000/target-module@d8000/mmc@0[0]'
[    3.250267] of_get_named_gpiod_flags: can't parse 'wp-gpio' property of node '/ocp/interconnect@48000000/segment@100000/target-module@d8000/mmc@0[0]'
[    3.263797] sdhci-omap 481d8000.mmc: using lookup tables for GPIO lookup
[    3.270536] sdhci-omap 481d8000.mmc: No GPIO consumer wp found
[    3.279689] sdhci-omap 48060000.mmc: supply vqmmc not found, using dummy regulator
[    3.288918] sdhci-omap 481d8000.mmc: supply pbias not found, using dummy regulator
[    3.297630] sdhci-omap 481d8000.mmc: supply vqmmc not found, using dummy regulator
 [    3.334634] mmc1: SDHCI controller on 481d8000.mmc [481d800 0.mmc] using External DMA
[    3.343761] mmc0: SDHCI controll er on 48060000.mmc [48060000.mmc] using External DMA
[    3.3 52566] cpsw-switch 4a100000.switch: starting ndev. mode: dual_ mac
[  
[    6.612406] cpsw-switch 4a100000.switch eth0: Link is Up - 100Mbps/Full - flow control off
[    6.641657] IP-Config: Complete:
[    6.644929]      device=eth0, hwaddr=6c:ec:eb:68:de:78, ipaddr=192.168.255.1, mask=255.255.255.0, gw=255.255.255.255
[    6.655567]      host=bbb1, domain=, nis-domain=(none)
[    6.660734]      bootserver=192.168.255.126, rootserver=192.168.255.126, rootpath=
[    6.661159] clk: Disabling unused clocks
[    6.673041] PM: genpd: Disabling unused power domains
[    6.678162] KTAP version 1
[    6.680885] 1..0
[    6.706681] VFS: Mounted root (nfs filesystem) on device 0:17.
[    6.713753] devtmpfs: mounted
[    6.718419] Freeing unused kernel image (initmem) memory: 1024K
[    6.725280] Run /sbin/init as init process
[    6.729413]   with arguments:
[    6.732510]     /sbin/init
[    6.735238]     nfsrootdebug
[    6.738134]   with environment:
[    6.741289]     HOME=/
[    6.743695]     TERM=linux
[    7.442250] systemd[1]: System time before build time, advancing clock.
[    8.931659] random: crng init done
[    8.941365] systemd[1]: Mounting cgroup to /sys/fs/cgroup/blkio of type cgroup with options blkio.
[    8.972219] systemd[1]: Mounting cgroup to /sys/fs/cgroup/freezer of type cgroup with options freezer.
[    8.982323] systemd[1]: Mounting cgroup to /sys/fs/cgroup/perf_event of type cgroup with options perf_event.
[    8.992923] systemd[1]: Mounting cgroup to /sys/fs/cgroup/cpu,cpuacct of type cgroup with options cpu,cpuacct.
[    9.003919] systemd[1]: Mounting cgroup to /sys/fs/cgroup/devices of type cgroup with options devices.
[    9.014076] systemd[1]: Mounting cgroup to /sys/fs/cgroup/net_cls of type cgroup with options net_cls.
[    9.024091] systemd[1]: systemd 232 running in system mode. (+PAM +AUDIT +SELINUX +IMA +APPARMOR +SMACK +SYSVINIT +UTMP +LIBCRYPTSETUP +GCRYPT +GNUTLS +ACL +XZ +LZ4 +SECCOMP +BLKID +ELFUTILS +KMOD +IDN)
[    9.042576] systemd[1]: No virtualization found in DMI
[    9.047772] systemd[1]: No virtualization found in CPUID
[    9.053240] systemd[1]: Virtualization XEN not found, /proc/xen/capabilities does not exist

Welcome to [1mDebian GNU/Linux 9 (stretch)[0m!

[    9.518908] systemd-fstab-generator[74]: Parsing /etc/fstab
[    9.532165] systemd-gpt-auto-generator[71]: Neither root nor /usr file system are on a (single) block device.
[    9.563345] systemd-getty-generator[76]: Automatically adding serial getty for /dev/ttyS0.
[    9.614615] systemd-sysv-generator[79]: Native unit for sudo.service already exists, skipping.
[    9.625788] systemd-sysv-generator[79]: Native unit for apache-htcacheclean.service already exists, skipping.
[    9.641164] systemd-sysv-generator[79]: Native unit for kmod.service already exists, skipping.
[    9.652343] systemd-sysv-generator[79]: Native unit for dbus.service already exists, skipping.
[    9.664007] systemd-sysv-generator[79]: Cannot find unit hostapd.service.
[    9.673146] systemd-sysv-generator[79]: Cannot find unit loadcpufreq.service.
[    9.682609] systemd-sysv-generator[79]: Native unit for ofono.service already exists, skipping.
[    9.693853] systemd-sysv-generator[79]: Native unit for avahi-daemon.service already exists, skipping.
[    9.705575] systemd-sysv-generator[79]: Native unit for cron.service already exists, skipping.
[    9.717491] systemd-sysv-generator[79]: Native unit for hwclock.service already exists, skipping.
 [    9.798195] printk: systemd-sysv-ge: 61 output lines suppre ssed due to ratelimiting
[[0;32m  OK  [0m] Listening on ude v Control Socket.
[[0;32m  OK  [0m] Started Forward Passwor d Requests to Wall Directory Watch.
[[0;32m  OK  [0m] Creat ed slice
         Mounting Configuration File System...
         Starting Apply Kernel Variables...
[[0;32m  OK  [0m] Mounted Configuration File System.
[[0;32m  OK  [0m] Started Load/Save Random Seed.
[[0;32m  OK  [0m] Started Apply Kernel Variables.
[[0;32m  OK  [0m] Started Create Static Device Nodes in /dev.
         Starting udev Kernel Device Manager...
[[0;32m  OK  [0m] Reached target Local File Systems (Pre).
[[0;32m  OK  [0m] Reached target Local File Systems.
         Starting Raise network interfaces...
[   12.167806] systemd-journald[84]: systemd-journald running as pid 84
[[0;32m  OK  [0m] Started Journal Service.
[   12.273049] systemd-journald[84]: Sent READY=1 notification.
[   12.278975] systemd-journald[84]: Sent WATCHDOG=1 notification.
         Starting Flush Journal to Persistent Storage...
[   12.337272] systemd-journald[84]: Successfully sent stream file descriptor to service manager.
[   12.421467] systemd-journald[84]: Successfully sent stream file descriptor to service manager.
[[0;32m  OK  [0m] Started Flush Journal to Persistent Storage.
         Starting Create Volatile Files and Directories...
[[0;32m  OK  [0m] Started udev Kernel Device Manager.
[   14.632233] systemd[1]: Received SIGCHLD from PID 103 (udevadm).
[   14.664158] systemd[1]: Child 103 (udevadm) died (code=exited, status=0/SUCCESS)
[   14.715338] systemd[1]: systemd-udev-trigger.service: Child 103 belongs to systemd-udev-trigger.service
[   14.774288] systemd[1]: systemd-udev-trigger.service: Job systemd-udev-trigger.service/start finished, result=done
[[0;32m  OK  [0m] Started udev Coldplug all Devices.
[   14.854392] systemd[1]: systemd-udev-trigger.service: cgroup is empty
[   14.921984] systemd[1]: Accepted new private connection.
[   14.982039] systemd[1]: Sent message type=method_return sender=n/a destination=n/a object=n/a interface=n/a member=n/a cookie=1 reply_cookie=1 error=n/a
[   15.032973] systemd[1]: upstart.service: Collecting.
[   15.059821] systemd[1]: upstart.service: Failed to send unit change signal for upstart.service: Connection reset by peer
[   15.113625] systemd[1]: upstart.service: Failed to send unit remove signal for upstart.service: Transport endpoint is not connected
[[0;32m  OK  [0m] Started Raise network interfaces.
[[0;32m  OK  [0m] Started Create Volatile Files and Directories.
[   16.256002] systemd-journald[84]: Successfully sent stream file descriptor to service manager.
         Starting Update UTMP about System Boot/Shutdown...
[   16.481305] systemd-journald[84]: Successfully sent stream file descriptor to service manager.
         Starting Network Time Synchronization...
[[0;32m  OK  [0m] Started Update UTMP about System Boot/Shutdown.
[   16.942631] systemd-journald[84]: /run/log/journal/c2029cc3b8b4efd6445bffc4386d43a0/system.journal: Journal header limits reached or header out-of-date, rotating.
[   16.958562] systemd-journald[84]: Rotating...
[   16.968569] systemd-journald[84]: Reserving 5560 entries in hash table.
[   16.983087] systemd-journald[84]: Vacuuming...
[   16.988177] systemd-journald[84]: Vacuuming done, freed 0B of archived journals from /run/log/journal/c2029cc3b8b4efd6445bffc4386d43a0.
[   17.004374] systemd-journald[84]: /run/log/journal/c2029cc3b8b4efd6445bffc4386d43a0/system.journal: Journal header limits reached or header out-of-date, rotating.
[   17.019997] systemd-journald[84]: Rotating...
[   17.029745] systemd-journald[84]: Reserving 5560 entries in hash table.
 [[0;32m  OK  [0m] Started Network Time Synchronization.
[[ 0;32m  OK  [0m] Reached target System Time Synchronized.
[[ 0;32m  OK  [0m] Reached target System Initialization.
[[0;3 2m  OK  [0m] Started Daily Cleanup of Temporary Directories. 
[[0;32
[[0;32m  OK  [0m] Started Avahi mDNS/DNS-SD Stack.
[[0;32m  OK  [0m] Started DUN service.
         Starting Connection service...
[   19.704612] systemd[1]: cron.service: Changed dead -> running
[   19.740359] systemd[1]: cron.service: Job cron.service/start finished, result=done
[[0;32m  OK  [0m] Started Regular background program processing daemon.
[   19.913596] systemd[1]: capemgr.service: Changed dead -> start
         Starting Cape Manager Service...
[   19.976858] systemd[1]: generic-board-startup.service: Passing 0 fds to service
[   20.063236] systemd[1]: generic-board-startup.service: Forked /bin/sh as 188
[   20.123389] systemd[1]: generic-board-startup.service: Changed dead -> start
         Starting Generic Board Startup...
[   20.212051] systemd[1]: systemd-logind.service: ConditionPathExists=/lib/systemd/system/dbus.service succeeded.
[   20.358429] systemd[1]: systemd-logind.service: Forked /lib/systemd/systemd-logind as 194
[   20.478178] systemd[1]: systemd-logind.service: Changed dead -> start
         Starting Login Service...
[   20.588390] systemd[1]: rsync.service: ConditionPathExists=/etc/rsyncd.conf failed.
         Starting Telephony service...
[[0;32m  OK  [0m] Started System Logging Service.
[[0;32m  OK  [0m] Started Cape Manager Service.
[   22.234166] Bluetooth: Core ver 2.22
[   22.238002] NET: Registered PF_BLUETOOTH protocol family
[   22.243541] Bluetooth: HCI device and connection manager initialized
[   22.250226] Bluetooth: HCI socket layer initialized
[   22.255260] Bluetooth: L2CAP socket layer initialized
[   22.260386] Bluetooth: SCO socket layer initialized
[[0;32m  OK  [0m] Started LSB: Start busybox udhcpd at boot time.
[[0;32m  OK  [0m] Started Connection service.
[[0;32m  OK  [0m] Started Telephony service.
[[0;32m  OK  [0m] Reached target Network.
[   23.874722] systemd-journald[84]: Successfully sent stream file descriptor to service manager.
         Starting The Apache HTTP Server...
[   24.056193] systemd-journald[84]: Successfully sent stream file descriptor to service manager.
         Starting Permit User Sessions...
[[0;32m  OK  [0m] Reached target Network is Online.
[   24.339925] systemd-journald[84]: Successfully sent stream file descriptor to service manager.
         Starting LSB: Advanced IEEE 802.11 management daemon...
[   24.561483] systemd-journald[84]: Successfully sent stream file descriptor to service manager.
         Starting OpenBSD Secure Shell server...
[   24.713822] systemd[1]: Sent message type=signal sender=n/a destination=n/a object=/org/freedesktop/systemd1/unit/network_2donline_2etarget interface=org.freedesktop.DBus.Properties member=PropertiesChanged cookie=23 reply_cookie=0 error=n/a
[   24.948292] systemd[1]: Sent message type=signal sender=n/a destination=n/a object=/org/freedesktop/systemd1/unit/systemd_2duser_2dsessions_2eservice interface=org.freedesktop.DBus.Properties member=PropertiesChanged cookie=24 reply_cookie=0 error=n/a
[   25.178534] systemd[1]: Sent message type=signal sender=n/a destination=n/a object=/org/freedesktop/systemd1/unit/systemd_2duser_2dsessions_2eservice interface=org.freedesktop.DBus.Properties member=PropertiesChanged cookie=25 reply_cookie=0 error=n/a
[   25.382454] systemd[1]: Sent message type=signal sender=n/a destination=n/a object=/org/freedesktop/systemd1/unit/apache2_2eservice interface=org.freedesktop.DBus.Properties member=PropertiesChanged cookie=26 reply_cookie=0 error=n/a
[   25.532485] systemd[1]: Sent message type=signal sender=n/a destination=n/a object=/org/freedesktop/systemd1/unit/apache2_2eservice interface=org.freedesktop.DBus.Properties member=PropertiesChanged cookie=27 reply_cookie=0 error=n/a
 [   25.712815] systemd[1]: Sent message type=signal sender=n/a  destination=n/a object=/org/freedesktop/systemd1/unit/network _2etarget interface=org.freedesktop.DBus.Properties member=Pro pertiesChanged cookie=28 reply_cookie=0 error=n/a
[   25.8724 56] syst
[   29.732039] systemd[1]: Got disconnect on private connection.
[   29.852146] systemd[1]: systemd-hostnamed.service: Passing 0 fds to service
[   29.904458] systemd[1]: systemd-hostnamed.service: Forked /lib/systemd/systemd-hostnamed as 399
[   29.916368] systemd-journald[84]: Successfully sent stream file descriptor to service manager.
[   29.952150] systemd[1]: systemd-hostnamed.service: Changed dead -> start
         Starting Hostname Service...
[   30.024743] systemd[1]: wpa_supplicant.service: Passing 0 fds to service
[   30.082179] systemd[1]: wpa_supplicant.service: Forked /sbin/wpa_supplicant as 401
[   30.124247] systemd-journald[84]: Successfully sent stream file descriptor to service manager.
[   30.142456] systemd[1]: wpa_supplicant.service: Changed dead -> start
         Starting WPA supplicant...
[   30.202278] systemd[1]: Sent message type=signal sender=n/a destination=n/a object=/org/freedesktop/systemd1/unit/wpa_5fsupplicant_2eservice interface=org.freedesktop.DBus.Properties member=PropertiesChanged cookie=77 reply_cookie=0 error=n/a
[   30.347306] systemd[1]: Sent message type=signal sender=n/a destination=n/a object=/org/freedesktop/systemd1/unit/systemd_2dhostnamed_2eservice interface=org.freedesktop.DBus.Properties member=PropertiesChanged cookie=78 reply_cookie=0 error=n/a
[   30.492084] systemd[1]: Sent message type=signal sender=n/a destination=n/a object=/org/freedesktop/systemd1/unit/systemd_2dhostnamed_2eservice interface=org.freedesktop.DBus.Properties member=PropertiesChanged cookie=79 reply_cookie=0 error=n/a
[   30.808633] remoteproc remoteproc0: wkup_m3 is available
[[0;32m  OK  [0m] Started LSB: set CPUFreq kernel parameters.
[[0;32m  OK  [0m] Started Hostname Service.
[[0;32m  OK  [0m] Started WPA supplicant.
[   31.465251] at24 2-0054: supply vcc not found, using dummy regulator
[   31.505518] at24 2-0055: supply vcc not found, using dummy regulator
[   31.547174] at24 2-0056: supply vcc not found, using dummy regulator
[   31.585572] at24 2-0057: supply vcc not found, using dummy regulator
[   31.638875] at24 0-0050: using DT '/ocp/interconnect@44c00000/segment@200000/target-module@b000/i2c@0/eeprom@50' for 'wp' GPIO lookup
[   31.651490] of_get_named_gpiod_flags: can't parse 'wp-gpios' property of node '/ocp/interconnect@44c00000/segment@200000/target-module@b000/i2c@0/eeprom@50[0]'
[   31.666282] of_get_named_gpiod_flags: can't parse 'wp-gpio' property of node '/ocp/interconnect@44c00000/segment@200000/target-module@b000/i2c@0/eeprom@50[0]'
[   31.680773] at24 0-0050: using lookup tables for GPIO lookup
[   31.686587] at24 0-0050: No GPIO consumer wp found
[   31.692283] at24 0-0050: 32768 byte 24c256 EEPROM, writable, 1 bytes/write
[   32.527621] tda998x 0-0070: found TDA19988
[[0;32m  OK  [0m] Found device /dev/ttyS0.
[[0;32m  OK  [0m] Started Serial Getty on ttyS0.
[[0;32m  OK  [0m] Reached target Login Prompts.
[   33.004102] tps6521x_pwrbutton tps65217-pwrbutton: DMA mask not set
[   33.015554] input: tps65217_pwrbutton as /devices/platform/ocp/44c00000.interconnect/44c00000.interconnect:segment@200000/44e0b000.target-module/44e0b000.i2c/i2c-0/0-0024/tps65217-pwrbutton/input/input0
[   33.235383] systemd-journald[84]: Successfully sent stream file descriptor to service manager.
[   33.248687] systemd-journald[84]: Successfully sent stream file descriptor to service manager.
[   33.584633] wkup_m3_ipc 44e11324.wkup_m3_ipc: IPC Request for A8->M3 Channel failed! -517
[   33.796910] omap_wdt: OMAP Watchdog Timer Rev 0x01: initial timeout 60 sec
[   33.805611] wkup_m3_ipc 44e11324.wkup_m3_ipc: IPC Request for A8->M3 Channel failed! -517
[   33.940111] omap_rtc 44e3e000.rtc: registered as rtc0
[   33.945519] omap_rtc 44e3e000.rtc: setting system clock to 2000-01-01T00:00:00 UTC (946684800)
[   33.954300] omap_rtc 44e3e000.rtc: using DT '/ocp/interconnect@44c00000/segment@200000/target-module@3e000/rtc@0' for 'wp' GPIO lookup
[   33.966557] of_get_named_gpiod_flags: can't parse 'wp-gpios' property of node '/ocp/interconnect@44c00000/segment@200000/target-module@3e000/rtc@0[0]'
[   33.980206] of_get_named_gpiod_flags: can't parse 'wp-gpio' property of node '/ocp/interconnect@44c00000/segment@200000/target-module@3e000/rtc@0[0]'
[   33.993730] omap_rtc 44e3e000.rtc: using lookup tables for GPIO lookup
[   34.000297] omap_rtc 44e3e000.rtc: No GPIO consumer wp found
[   34.008464] wkup_m3_ipc 44e11324.wkup_m3_ipc: IPC Request for A8->M3 Channel failed! -517
[   34.020196] systemd-journald[84]: Time jumped backwards, rotating.
[   34.028030] systemd-journald[84]: Rotating...
[   34.038018] systemd-journald[84]: Reserving 5560 entries in hash table.
 [   34.057902] systemd-journald[84]: Vacuuming...
[   34.0637 89] systemd-journald[84]: Vacuuming done, freed 0B of archived  journals from /run/log/journal/c2029cc3b8b4efd6445bffc4386d43 a0.
[   34.226871] wkup_m3_ipc 44e11324.wkup_m3_ipc: IPC Requ est for 
[   43.198577] systemd[1]: sys-devices-virtual-block-ram11.device: Changed dead -> plugged
[   43.238575] systemd[1]: Sent message type=signal sender=n/a destination=n/a object=/org/freedesktop/systemd1 interface=org.freedesktop.systemd1.Manager member=UnitNew cookie=157 reply_cookie=0 error=n/a
[   43.392254] systemd[1]: Sent message type=signal sender=n/a destination=n/a object=/org/freedesktop/systemd1 interface=org.freedesktop.systemd1.Manager member=UnitNew cookie=160 reply_cookie=0 error=n/a
[   43.512192] systemd[1]: Sent message type=signal sender=n/a destination=n/a object=/org/freedesktop/systemd1 interface=org.freedesktop.systemd1.Manager member=UnitNew cookie=162 reply_cookie=0 error=n/a
[   43.702017] systemd[1]: Sent message type=signal sender=n/a destination=n/a object=/org/freedesktop/systemd1 interface=org.freedesktop.systemd1.Manager member=UnitNew cookie=165 reply_cookie=0 error=n/a
[   43.761965] systemd[1]: Sent message type=signal sender=n/a destination=n/a object=/org/freedesktop/systemd1 interface=org.freedesktop.systemd1.Manager member=UnitNew cookie=166 reply_cookie=0 error=n/a
[   43.961996] systemd[1]: Sent message type=signal sender=n/a destination=n/a object=/org/freedesktop/systemd1 interface=org.freedesktop.systemd1.Manager member=UnitNew cookie=169 reply_cookie=0 error=n/a
[   44.062010] systemd[1]: dev-ram14.device: Changed dead -> plugged
[   48.042437] systemd[1]: systemd-timesyncd.service: Got notification message from PID 166 (STATUS=Idle.)
[   48.092020] systemd[1]: systemd-timesyncd.service: Got notification message from PID 166 (STATUS=Idle.)
[   48.132080] systemd[1]: systemd-timesyncd.service: Got notification message from PID 166 (STATUS=Idle.)
[   48.212563] systemd[1]: systemd-timesyncd.service: Got notification message from PID 166 (STATUS=Idle.)
[   49.989627] systemd-journald[84]: Data hash table of /run/log/journal/c2029cc3b8b4efd6445bffc4386d43a0/system.journal has a fill level at 75.0 (4171 of 5560 items, 3203072 file size, 767 bytes per hash table item), suggesting rotation.
[   50.010958] systemd-journald[84]: /run/log/journal/c2029cc3b8b4efd6445bffc4386d43a0/system.journal: Journal header limits reached or header out-of-date, rotating.
[   50.026262] systemd-journald[84]: Rotating...
[   50.036290] systemd-journald[84]: Reserving 5560 entries in hash table.
[   50.044611] systemd-journald[84]: Vacuuming...
[   50.050058] systemd-journald[84]: Vacuuming done, freed 0B of archived journals from /run/log/journal/c2029cc3b8b4efd6445bffc4386d43a0.
[   50.374481] PM: Cannot get wkup_m3_ipc handle
[   50.380303] asoc-simple-card sound: using DT '/sound' for 'simple-audio-card,hp-det' GPIO lookup
[   50.389458] of_get_named_gpiod_flags: can't parse 'simple-audio-card,hp-det-gpios' property of node '/sound[0]'
[   50.399740] of_get_named_gpiod_flags: can't parse 'simple-audio-card,hp-det-gpio' property of node '/souLabgrid Console Logfile for main
Logfile started at 2024-12-16 03:03:41.612772
=== Log starts here ===
reading args
spl_load_image_fat_os: error reading image args, err - -1
reading u-boot.img
reading u-boot.img


U-Boot 2014.04-00014-g47880f5 (Apr 22 2014 - 13:23:54)

I2C:   ready
DRAM:  512 MiB
NAND:  0 MiB
MMC:   OMAP SD/MMC: 0, OMAP SD/MMC: 1
*** Warning - readenv() failed, using default environment

Net:   <ethaddr> not set. Validating first E-fuse MAC
cpsw, usb_ether
Hit any key to stop autoboot:  1  0 
gpio: pin 53 (gpio 53) value is 1
mmc0 is current device
gpio: pin 54 (gpio 54) value is 1
SD/MMC found on device 0
reading uEnv.txt
584 bytes read in 3 ms (189.5 KiB/s)
gpio: pin 55 (gpio 55) value is 1
Loaded environment from uEnv.txt
Importing environment from mmc ...
Checking if uenvcmd is set ...
gpio: pin 56 (gpio 56) value is 1
Running uenvcmd ...
cpsw Waiting for PHY auto negotiation to complete. done
link up on port 0, speed 100, full duplex
Using cpsw device
TFTP from server 192.168.255.126; our IP address is 192.168.255.1
Filename 'zImage'.
Load address: 0x81000000
Loading: *#################################################################
	 #################################################################
	 #################################################################
	 #################################################################
	 #################################################################
	 ####################################################
	 2.4 MiB/s
done
Bytes transferred = 5527112 (545648 hex)
link up on port 0, speed 100, full duplex
Using cpsw device
TFTP from server 192.168.255.126; our IP address is 192.168.255.1
Filename 'am335x-boneblack.dtb'.
Load address: 0x82000000
Loading: *#######
	 2.3 MiB/s
done
Bytes transferred = 98244 (17fc4 hex)
Kernel image @ 0x81000000 [ 0x000000 - 0x545648 ]
## Flattened Device Tree blob at 82000000
   Booting using the fdt blob at 0x82000000
   Using Device Tree in place at 82000000, end 8201afc3

Starting kernel ...

[    0.000000] Booting Linux on physical CPU 0x0
[    0.000000] Linux version 6.13.0-rc3 (user01@drvtest01) (arm-linux-gnueabihf-gcc (Linaro GCC 6.4-2017.11) 6.4.1 20171012, GNU ld (Linaro_Binutils-2017.11) 2.27.0.20161229) #81 SMP Mon Dec 16 02:44:15 EET 2024
[    0.000000] CPU: ARMv7 Processor [413fc082] revision 2 (ARMv7), cr=10c5387d
[    0.000000] CPU: PIPT / VIPT nonaliasing data cache, VIPT aliasing instruction cache
[    0.000000] OF: fdt: Machine model: TI AM335x BeagleBone Black
[    0.000000] earlycon: omap8250 at MMIO 0x44e09000 (options '')
[    0.000000] printk: legacy bootconsole [omap8250] enabled
[    0.000000] Memory policy: Data cache writeback
[    0.000000] cma: Reserved 16 MiB at 0x9e800000 on node -1
[    0.000000] Zone ranges:
[    0.000000]   Normal   [mem 0x0000000080000000-0x000000009fdfffff]
[    0.000000]   HighMem  empty
[    0.000000] Movable zone start for each node
[    0.000000] Early memory node ranges
[    0.000000]   node   0: [mem 0x0000000080000000-0x000000009fdfffff]
[    0.000000] Initmem setup node 0 [mem 0x0000000080000000-0x000000009fdfffff]
[    0.000000] OF: reserved mem: Reserved memory: No reserved-memory node in the DT
[    0.000000] CPU: All CPU(s) started in SVC mode.
[    0.000000] AM335X ES2.1 (sgx neon)
[    0.000000] percpu: Embedded 17 pages/cpu s39628 r8192 d21812 u69632
[    0.000000] pcpu-alloc: s39628 r8192 d21812 u69632 alloc=17*4096
[    0.000000] pcpu-alloc: [0] 0 
[    0.000000] Kernel command line: console=ttyO0,115200n8 debug earlycon root=/dev/nfs rw nfsroot=192.168.255.126:/home/user01/nfs,nfsvers=3 ip=192.168.255.1:192.168.255.126::255.255.255.0:bbb1:eth0 nfsrootdebug
[    0.000000] Unknown kernel command line parameters "nfsrootdebug", will be passed to user space.
[    0.000000] printk: log buffer data + meta data: 65536 + 204800 = 270336 bytes
[    0.000000] Dentry cache hash table entries: 65536 (order: 6, 262144 bytes, linear)
[    0.000000] Inode-cache hash table entries: 32768 (order: 5, 131072 bytes, linear)
[    0.000000] Built 1 zonelists, mobility grouping on.  Total pages: 130560
[    0.000000] mem auto-init: stack:off, heap alloc:off, heap free:off
[    0.000000] SLUB: HWalign=64, Order=0-3, MinObjects=0, CPUs=1, Nodes=1
[    0.000000] trace event string verifier disabled
[    0.000000] rcu: Hierarchical RCU implementation.
[    0.000000] rcu: 	RCU event tracing is enabled.
[    0.000000] rcu: 	RCU restricting CPUs from NR_CPUS=2 to nr_cpu_ids=1.
[    0.000000] 	Tracing variant of Tasks RCU enabled.
[    0.000000] rcu: RCU calculated value of scheduler-enlistment delay is 10 jiffies.
[    0.000000] rcu: Adjusting geometry for rcu_fanout_leaf=16, nr_cpu_ids=1
[    0.000000] RCU Tasks Trace: Setting shift to 0 and lim to 1 rcu_task_cb_adjust=1 rcu_task_cpu_ids=1.
[    0.000000] NR_IRQS: 16, nr_irqs: 16, preallocated irqs: 16
[    0.000000] IRQ: Found an INTC at 0x(ptrval) (revision 5.0) with 128 interrupts
[    0.000000] rcu: srcu_init: Setting srcu_struct sizes based on contention.
[    0.000000] TI gptimer clocksource: always-on /ocp/interconnect@44c00000/segment@200000/target-module@31000
[    0.000002] sched_clock: 32 bits at 24MHz, resolution 41ns, wraps every 89478484971ns
[    0.008075] clocksource: dmtimer: mask: 0xffffffff max_cycles: 0xffffffff, max_idle_ns: 79635851949 ns
[    0.018136] TI gptimer clockevent: 24000000 Hz at /ocp/interconnect@48000000/segment@0/target-module@40000
[    0.029748] Console: colour dummy device 80x30
[    0.034390] WARNING: Your 'console=ttyO0' has been replaced by 'ttyS0'
[    0.041201] This ensures that you still see kernel messages. Please
[    0.047652] update your kernel commandline.
[    0.052007] Calibrating delay loop... 996.14 BogoMIPS (lpj=4980736)
[    0.094628] CPU: Testing write buffer coherency: ok
[    0.099748] CPU0: Spectre v2: using BPIALL workaround
[    0.104952] pid_max: default: 32768 minimum: 301
[    0.109833] LSM: initializing lsm=capability
[    0.114403] Mount-cache hash table entries: 1024 (order: 0, 4096 bytes, linear)
[    0.121973] Mountpoint-cache hash table entries: 1024 (order: 0, 4096 bytes, linear)
[    0.131643] CPU0: thread -1, cpu 0, socket -1, mpidr 0
[    0.139299] Setting up static identity map for 0x80100000 - 0x80100078
[    0.146363] rcu: Hierarchical SRCU implementation.
[    0.151362] rcu: 	Max phase no-delay instances is 1000.
[    0.158744] smp: Bringing up secondary CPUs ...
[    0.163472] smp: Brought up 1 node, 1 CPU
[    0.167604] SMP: Total of 1 processors activated (996.14 BogoMIPS).
[    0.174161] CPU: All CPU(s) started in SVC mode.
[    0.179125] Memory: 480840K/522240K available (11264K kernel code, 1213K rwdata, 2896K rodata, 1024K init, 297K bss, 23388K reserved, 16384K cma-reserved, 0K highmem)
[    0.195444] devtmpfs: initialized
[    0.215734] VFP support v0.3: implementor 41 architecture 3 part 30 variant c rev 3
[    0.224110] clocksource: jiffies: mask: 0xffffffff max_cycles: 0xffffffff, max_idle_ns: 19112604462750000 ns
[    0.234317] futex hash table entries: 256 (order: 2, 16384 bytes, linear)
[    0.242638] pinctrl core: initialized pinctrl subsystem
[    0.250959] NET: Registered PF_NETLINK/PF_ROUTE protocol family
[    0.260031] DMA: preallocated 256 KiB pool for atomic coherent allocations
[    0.268019] audit: initializing netlink subsys (disabled)
[    0.275092] thermal_sys: Registered thermal governor 'fair_share'
[    0.275120] thermal_sys: Registered thermal governor 'step_wise'
[    0.281491] thermal_sys: Registered thermal governor 'user_space'
[    0.287789] audit: type=2000 audit(0.240:1): state=initialized audit_enabled=0 res=1
[    0.302167] cpuidle: using governor menu
[    0.324584] /ocp/interconnect@44c00000/segment@200000/target-module@b000/i2c@0/tda19988@70: Fixed dependency cycle(s) with /ocp/interconnect@48000000/segment@300000/target-module@e000/lcdc@0
[    0.343352] /ocp/interconnect@48000000/segment@300000/target-module@e000/lcdc@0: Fixed dependency cycle(s) with /ocp/interconnect@44c00000/segment@200000/target-module@b000/i2c@0/tda19988@70
[    0.363163] No ATAGs?
[    0.365532] hw-breakpoint: debug architecture 0x4 unsupported.
[    0.374471] kprobes: kprobe jump-optimization is enabled. All kprobes are optimized if possible.
[    0.401969] iommu: Default domain type: Translated
[    0.406928] iommu: DMA domain TLB invalidation policy: strict mode
[    0.415121] reg-fixed-voltage fixedregulator0: using DT '/fixedregulator0' for '(default)' GPIO lookup
[    0.424853] of_get_named_gpiod_flags: can't parse 'gpios' property of node '/fixedregulator0[0]'
[    0.433949] of_get_named_gpiod_flags: can't parse 'gpio' property of node '/fixedregulator0[0]'
[    0.442949] reg-fixed-voltage fixedregulator0: using lookup tables for GPIO lookup
[    0.450764] reg-fixed-voltage fixedregulator0: No GPIO consumer (default) found
[    0.478949] SCSI subsystem initialized
[    0.488743] libata version 3.00 loaded.
[    0.493077] pps_core: LinuxPPS API ver. 1 registered
[    0.498252] pps_core: Software ver. 5.3.6 - Copyright 2005-2007 Rodolfo Giometti <giometti@linux.it>
[    0.507679] PTP clock support registered
[    0.538364] vgaarb: loaded
[    0.548220] clocksource: Switched to clocksource dmtimer
[    0.554420] VFS: Disk quotas dquot_6.6.0
[    0.558644] VFS: Dquot-cache hash table entries: 1024 (order 0, 4096 bytes)
[    0.601256] NET: Registered PF_INET protocol family
[    0.606780] IP idents hash table entries: 8192 (order: 4, 65536 bytes, linear)
[    0.615679] tcp_listen_portaddr_hash hash table entries: 512 (order: 0, 4096 bytes, linear)
[    0.624379] Table-perturb hash table entries: 65536 (order: 6, 262144 bytes, linear)
[    0.632390] TCP established hash table entries: 4096 (order: 2, 16384 bytes, linear)
[    0.640398] TCP bind hash table entries: 4096 (order: 4, 65536 bytes, linear)
[    0.647862] TCP: Hash tables configured (established 4096 bind 4096)
[    0.654546] UDP hash table entries: 256 (order: 1, 14336 bytes, linear)
[    0.661384] UDP-Lite hash table entries: 256 (order: 1, 14336 bytes, linear)
[    0.668865] NET: Registered PF_UNIX/PF_LOCAL protocol family
[    0.753014] RPC: Registered named UNIX socket transport module.
[    0.759141] RPC: Registered udp transport module.
[    0.764051] RPC: Registered tcp transport module.
[    0.768895] RPC: Registered tcp-with-tls transport module.
[    0.774563] RPC: Registered tcp NFSv4.1 backchannel transport module.
[    0.781212] PCI: CLS 0 bytes, default 64
[    0.786788] Initialise system trusted keyrings
[    0.853571] workingset: timestamp_bits=14 max_order=17 bucket_order=3
[    0.861716] NFS: Registering the id_resolver key type
[    0.867003] Key type id_resolver registered
[    0.871311] Key type id_legacy registered
[    0.875536] jffs2: version 2.2. (NAND) (SUMMARY)  Â© 2001-2006 Red Hat, Inc.
[    0.910510] Key type asymmetric registered
[    0.914871] Asymmetric key parser 'x509' registered
[    0.919967] io scheduler mq-deadline registered
[    0.924671] io scheduler kyber registered
[    0.928869] io scheduler bfq registered
[    0.950969] ledtrig-cpu: registered to indicate activity on CPUs
[    0.985018] Serial: 8250/16550 driver, 6 ports, IRQ sharing enabled
[    1.031396] brd: module loaded
[    1.067632] loop: module loaded
[    1.071961] mtdoops: mtd device (mtddev=name/number) must be supplied
[    1.088696] mdio_bus fixed-0: using lookup tables for GPIO lookup
[    1.095110] mdio_bus fixed-0: No GPIO consumer reset found
[    1.102240] i2c_dev: i2c /dev entries driver
[    1.107621] cpuidle: enable-method property 'ti,am3352' found operations
[    1.115083] sdhci: Secure Digital Host Controller Interface driver
[    1.121458] sdhci: Copyright(c) Pierre Ossman
[    1.126185] sdhci-pltfm: SDHCI platform and OF driver helper
[    1.133088] Initializing XFRM netlink socket
[    1.137632] NET: Registered PF_INET6 protocol family
[    1.206158] Segment Routing with IPv6
[    1.210042] In-situ OAM (IOAM) with IPv6
[    1.214276] sit: IPv6, IPv4 and MPLS over IPv4 tunneling driver
[    1.221354] NET: Registered PF_PACKET protocol family
[    1.226693] NET: Registered PF_KEY protocol family
[    1.231839] Key type dns_resolver registered
[    1.236542] ThumbEE CPU extension supported.
[    1.240957] Registering SWP/SWPB emulation handler
[    1.246482] omap_voltage_late_init: Voltage driver support not added
[    1.253454] SmartReflex Class3 initialized
[    1.332015] Loading compiled-in X.509 certificates
[    1.387231] /ocp/interconnect@44c00000/segment@200000/target-module@b000/i2c@0/tda19988@70: Fixed dependency cycle(s) with /ocp/interconnect@48000000/segment@300000/target-module@e000/lcdc@0
[    1.411301] /ocp/interconnect@44c00000/segment@200000/target-module@b000/i2c@0/tda19988@70: Fixed dependency cycle(s) with /ocp/interconnect@48000000/segment@300000/target-module@e000/lcdc@0
[    1.434672] gpiochip_find_base_unlocked: found new base at 512
[    1.493090] /ocp/interconnect@44c00000/segment@200000/target-module@b000/i2c@0/tda19988@70: Fixed dependency cycle(s) with /ocp/interconnect@48000000/segment@300000/target-module@e000/lcdc@0
[    1.511676] /ocp/interconnect@44c00000/segment@200000/target-module@b000/i2c@0/tda19988@70: Fixed dependency cycle(s) with /ocp/interconnect@48000000/segment@300000/target-module@e000/lcdc@0
[    1.532884] /ocp/interconnect@44c00000/segment@200000/target-module@10000/scm@0/pinmux@800: Fixed dependency cycle(s) with /ocp/interconnect@44c00000/segment@200000/target-module@10000/scm@0/pinmux@800/clkout2-pins
[    1.553185] pinctrl-single 44e10800.pinmux: 142 pins, size 568
[    1.564567] ti-sysc 44e31000.target-module: probe with driver ti-sysc failed with error -16
[    1.658591] /ocp/interconnect@48000000/segment@300000/target-module@e000/lcdc@0: Fixed dependency cycle(s) with /ocp/interconnect@44c00000/segment@200000/target-module@b000/i2c@0/tda19988@70
[    1.684346] ti-sysc 48040000.target-module: probe with driver ti-sysc failed with error -16
[    1.704506] gpiochip_find_base_unlocked: found new base at 512
[    1.710628] gpio gpiochip0: (gpio-0-31): created GPIO range 0->7 ==> 44e10800.pinmux PIN 0->7
[    1.719564] gpio gpiochip0: (gpio-0-31): created GPIO range 8->11 ==> 44e10800.pinmux PIN 90->93
[    1.728656] gpio gpiochip0: (gpio-0-31): created GPIO range 12->27 ==> 44e10800.pinmux PIN 12->27
[    1.737824] gpio gpiochip0: (gpio-0-31): created GPIO range 28->31 ==> 44e10800.pinmux PIN 30->33
[    1.852608] gpio gpiochip0: (gpio-0-31): added GPIO chardev (254:0)
[    1.859218] gpio gpiochip0: registered GPIOs 512 to 543 on gpio-0-31
[    1.865935] OMAP GPIO hardware version 0.1
[    1.912616] i2c i2c-2: using DT '/ocp/interconnect@48000000/segment@100000/target-module@9c000/i2c@0' for 'scl' GPIO lookup
[    1.924252] of_get_named_gpiod_flags: can't parse 'scl-gpios' property of node '/ocp/interconnect@48000000/segment@100000/target-module@9c000/i2c@0[0]'
[    1.938308] of_get_named_gpiod_flags: can't parse 'scl-gpio' property of node '/ocp/interconnect@48000000/segment@100000/target-module@9c000/i2c@0[0]'
[    1.952241] i2c i2c-2: using lookup tables for GPIO lookup
[    1.957891] i2c i2c-2: No GPIO consumer scl found
[    1.962808] i2c i2c-2: using DT '/ocp/interconnect@48000000/segment@100000/target-module@9c000/i2c@0' for 'sda' GPIO lookup
[    1.974324] of_get_named_gpiod_flags: can't parse 'sda-gpios' property of node '/ocp/interconnect@48000000/segment@100000/target-module@9c000/i2c@0[0]'
[    1.988341] of_get_named_gpiod_flags: can't parse 'sda-gpio' property of node '/ocp/interconnect@48000000/segment@100000/target-module@9c000/i2c@0[0]'
[    2.002262] i2c i2c-2: using lookup tables for GPIO lookup
[    2.007910] i2c i2c-2: No GPIO consumer sda found
[    2.013499] omap_i2c 4819c000.i2c: bus 2 rev0.11 at 100 kHz
[    2.024974] gpiochip_find_base_unlocked: found new base at 544
[    2.031091] gpio gpiochip1: (gpio-32-63): created GPIO range 0->17 ==> 44e10800.pinmux PIN 34->51
[    2.040369] gpio gpiochip1: (gpio-32-63): created GPIO range 18->21 ==> 44e10800.pinmux PIN 77->80
[    2.049656] gpio gpiochip1: (gpio-32-63): created GPIO  range 22->31 ==> 44e10800.pinmux PIN 56->65
[    2.063164] g pio gpiochip1: (gpio-32-63): added GPIO chardev (254:1)
[    2.069921] gpio gpiochip1: registered GPIOs 544 to 575 on gpio-32-63
[    2.079053] gpiochip_find_base_unlocked: found new base at 5GPIO 27
[    2.639230] gpiochip_find_base_unlocked: found new base at 608
[    2.645450] gpio gpiochip3: (gpio-96-127): created GPIO range 0->7 ==> 44e10800.pinmux PIN 82->89
[    2.654638] gpio gpiochip3: (gpio-96-127): created GPIO range 8->11 ==> 44e10800.pinmux PIN 52->55
[    2.663897] gpio gpiochip3: (gpio-96-127): created GPIO range 12->15 ==> 44e10800.pinmux PIN 94->97
[    2.673255] gpio gpiochip3: (gpio-96-127): created GPIO range 16->17 ==> 44e10800.pinmux PIN 71->72
[    2.682599] gpio gpiochip3: (gpio-96-127): created GPIO range 18->18 ==> 44e10800.pinmux PIN 135->135
[    2.692122] gpio gpiochip3: (gpio-96-127): created GPIO range 19->20 ==> 44e10800.pinmux PIN 108->109
[    2.701645] gpio gpiochip3: (gpio-96-127): created GPIO range 21->21 ==> 44e10800.pinmux PIN 73->73
[    2.710967] gpio gpiochip3: (gpio-96-127): created GPIO range 22->23 ==> 44e10800.pinmux PIN 8->9
[    2.720149] gpio gpiochip3: (gpio-96-127): created GPIO range 26->27 ==> 44e10800.pinmux PIN 10->11
[    2.729501] gpio gpiochip3: (gpio-96-127): created GPIO range 28->28 ==> 44e10800.pinmux PIN 74->74
[    2.738848] gpio gpiochip3: (gpio-96-127): created GPIO range 29->29 ==> 44e10800.pinmux PIN 81->81
[    2.748193] gpio gpiochip3: (gpio-96-127): created GPIO range 30->31 ==> 44e10800.pinmux PIN 28->29
[    2.762849] l3-aon-clkctrl:0000:0: failed to disable
[    2.768670] gpio gpiochip3: (gpio-96-127): added GPIO chardev (254:3)
[    2.775587] gpio gpiochip3: registered GPIOs 608 to 639 on gpio-96-127
[    2.784477] omap8250 44e09000.serial: using DT '/ocp/interconnect@44c00000/segment@200000/target-module@9000/serial@0' for 'rs485-term' GPIO lookup
[    2.798315] of_get_named_gpiod_flags: can't parse 'rs485-term-gpios' property of node '/ocp/interconnect@44c00000/segment@200000/target-module@9000/serial@0[0]'
[    2.813185] of_get_named_gpiod_flags: can't parse 'rs485-term-gpio' property of node '/ocp/interconnect@44c00000/segment@200000/target-module@9000/serial@0[0]'
[    2.827942] omap8250 44e09000.serial: using lookup tables for GPIO lookup
[    2.834969] omap8250 44e09000.serial: No GPIO consumer rs485-term found
[    2.841807] omap8250 44e09000.serial: using DT '/ocp/interconnect@44c00000/segment@200000/target-module@9000/serial@0' for 'rs485-rx-during-tx' GPIO lookup
[    2.856180] of_get_named_gpiod_flags: can't parse 'rs485-rx-during-tx-gpios' property of node '/ocp/interconnect@44c00000/segment@200000/target-module@9000/serial@0[0]'
[    2.871717] of_get_named_gpiod_flags: can't parse 'rs485-rx-during-tx-gpio' property of node '/ocp/interconnect@44c00000/segment@200000/target-module@9000/serial@0[0]'
[    2.887158] omap8250 44e09000.serial: using lookup tables for GPIO lookup
[    2.894169] omap8250 44e09000.serial: No GPIO consumer rs485-rx-during-tx found
[    2.902113] 44e09000.serial: ttyS0 at MMIO 0x44e09000 (irq = 34, base_baud = 3000000) is a 8250
[    2.911155] printk: legacy console [ttyS0] enabled
[    2.911155] printk: legacy console [ttyS0] enabled
[    2.920972] printk: legacy bootconsole [omap8250] disabled
[    2.920972] printk: legacy bootconsole [omap8250] disabled
[    2.935194] i2c i2c-0: using DT '/ocp/interconnect@44c00000/segment@200000/target-module@b000/i2c@0' for 'scl' GPIO lookup
[    2.946573] of_get_named_gpiod_flags: can't parse 'scl-gpios' property of node '/ocp/interconnect@44c00000/segment@200000/target-module@b000/i2c@0[0]'
[    2.960226] of_get_named_gpiod_flags: can't parse 'scl-gpio' property of node '/ocp/interconnect@44c00000/segment@200000/target-module@b000/i2c@0[0]'
[    2.973744] i2c i2c-0: using lookup tables for GPIO lookup
[    2.979264] i2c i2c-0: No GPIO consumer scl found
[    2.984032] i2c i2c-0: using DT '/ocp/interconnect@44c00000/segment@200000/target-module@b000/i2c@0' for 'sda' GPIO lookup
[    2.995184] of_get_named_gpiod_flags: can't parse 'sda-gpios' property of node '/ocp/interconnect@44c00000/segment@200000/target-module@b000/i2c@0[0]'
[    3.008783] of_get_named_gpiod_flags: can't parse 'sda-gpio' property of node '/ocp/interconnect@44c00000/segment@200000/target-module@b000/i2c@0[0]'
[    3.022285] i2c i2c-0: using lookup tables for GP IO lookup
[    3.027801] i2c i2c-0: No GPIO consumer sda foun d
[    3.052670] tps65217-pmic: Failed to locate of_node [id:  -1]
[    3.058742] tps65217-bl: Failed to locate of_node [id : -1]
[    3.070181] tps65217 0-0024: TPS65217 ID 0xe version  1.2
[ 
[    6.612404] cpsw-switch 4a100000.switch eth0: Link is Up - 100Mbps/Full - flow control off
[    6.641650] IP-Config: Complete:
[    6.644923]      device=eth0, hwaddr=6c:ec:eb:68:de:78, ipaddr=192.168.255.1, mask=255.255.255.0, gw=255.255.255.255
[    6.655563]      host=bbb1, domain=, nis-domain=(none)
[    6.660731]      bootserver=192.168.255.126, rootserver=192.168.255.126, rootpath=
[    6.661150] clk: Disabling unused clocks
[    6.673032] PM: genpd: Disabling unused power domains
[    6.678153] KTAP version 1
[    6.680875] 1..0
[    6.706711] VFS: Mounted root (nfs filesystem) on device 0:17.
[    6.713783] devtmpfs: mounted
[    6.718444] Freeing unused kernel image (initmem) memory: 1024K
[    6.725306] Run /sbin/init as init process
[    6.729441]   with arguments:
[    6.732535]     /sbin/init
[    6.735264]     nfsrootdebug
[    6.738160]   with environment:
[    6.741316]     HOME=/
[    6.743721]     TERM=linux
[    7.442896] systemd[1]: System time before build time, advancing clock.
[    8.901649] random: crng init done
[    8.911152] systemd[1]: Mounting cgroup to /sys/fs/cgroup/blkio of type cgroup with options blkio.
[    8.942246] systemd[1]: Mounting cgroup to /sys/fs/cgroup/net_cls of type cgroup with options net_cls.
[    8.952383] systemd[1]: Mounting cgroup to /sys/fs/cgroup/freezer of type cgroup with options freezer.
[    8.962463] systemd[1]: Mounting cgroup to /sys/fs/cgroup/cpu,cpuacct of type cgroup with options cpu,cpuacct.
[    8.973460] systemd[1]: Mounting cgroup to /sys/fs/cgroup/perf_event of type cgroup with options perf_event.
[    8.984110] systemd[1]: Mounting cgroup to /sys/fs/cgroup/devices of type cgroup with options devices.
[    8.994121] systemd[1]: systemd 232 running in system mode. (+PAM +AUDIT +SELINUX +IMA +APPARMOR +SMACK +SYSVINIT +UTMP +LIBCRYPTSETUP +GCRYPT +GNUTLS +ACL +XZ +LZ4 +SECCOMP +BLKID +ELFUTILS +KMOD +IDN)
[    9.012603] systemd[1]: No virtualization found in DMI
[    9.017798] systemd[1]: No virtualization found in CPUID
[    9.023268] systemd[1]: Virtualization XEN not found, /proc/xen/capabilities does not exist

Welcome to [1mDebian GNU/Linux 9 (stretch)[0m!

[    9.491394] systemd-fstab-generator[72]: Parsing /etc/fstab
[    9.506211] systemd-gpt-auto-generator[69]: Neither root nor /usr file system are on a (single) block device.
[    9.538332] systemd-getty-generator[74]: Automatically adding serial getty for /dev/ttyS0.
 [    9.583888] systemd-sysv-generator[77]: Native unit for sud o.service already exists, skipping.
[    9.595304] systemd-sy sv-generator[77]: Native unit for apache-htcacheclean.service  already exists, skipping.
[    9.610574] systemd-sysv-generat or[77]: 
         Starting Journal Service...
[[0;32m  OK  [0m] Reached target Remote File Systems.
[[0;32m  OK  [0m] Reached target Slices.
[[0;32m  OK  [0m] Created slice system-serial\x2dgetty.slice.
         Starting Create list of required stâ¦ce nodes for the current kernel...
         Starting Load Kernel Modules...
[[0;32m  OK  [0m] Listening on udev Kernel Socket.
[[0;32m  OK  [0m] Listening on udev Control Socket.
[[0;32m  OK  [0m] Reached target Paths.
         Starting Remount Root and Kernel File Systems...
[[0;32m  OK  [0m] Created slice system-getty.slice.
[[0;32m  OK  [0m] Mounted POSIX Message Queue File System.
[[0;32m  OK  [0m] Mounted Debug File System.
[[0;32m  OK  [0m] Started Create list of required staâ¦vice n[   11.060235] systemd-journald[80]: Fixed min_use=1.0M max_use=24.4M max_size=3.0M min_size=512.0K keep_free=36.6M n_max_files=100
odes for the current kernel.
         Starting Create Static Device Nodes in /dev...
[   11.149333] systemd-journald[80]: Reserving 5560 entries in hash table.
[   11.185987] systemd-journald[80]: Vacuuming...
[   11.190684] systemd-journald[80]: Vacuuming done, freed 0B of archived journals from /run/log/journal/c2029cc3b8b4efd6445bffc4386d43a0.
[[0;32m  OK  [0m] Started Remount Root and Kernel File Systems.
[[0;32m  OK  [0m] Started Load Kernel Modules.
[   11.255403] systemd-journald[80]: Flushing /dev/kmsg...
         Starting Apply Kernel Variables...
         Mounting Configuration File System...
         Starting udev Coldplug all Devices...
         Starting Load/Save Random Seed...
[[0;32m  OK  [0m] Mounted Configuration File System.
[[0;32m  OK  [0m] Started Apply Kernel Variables.
[[0;32m  OK  [0m] Started Load/Save Random Seed.
[[0;32m  OK  [0m] Started Create Static Device Nodes in /dev.
[[0;32m  OK  [0m] Reached target Local File Systems (Pre).
[[0;32m  OK  [0m] Reached target Local File Systems.
         Starting Raise network interfaces...
         Starting udev Kernel Device Manager...
[   12.276663] systemd-journald[80]: systemd-journald running as pid 80
[   12.336956] systemd-journald[80]: Sent READY=1 notification.
[   12.381564] systemd-journald[80]: Sent WATCHDOG=1 notification.
[   12.408807] systemd-journald[80]: Successfully sent stream file descriptor to service manager.
[[0;32m  OK  [0m] Started Journal Service.
[   12.488899] systemd-journald[80]: Successfully sent stream file descriptor to service manager.
         Starting Flush Journal to Persistent Storage...
[[0;32m  OK  [0m] Started Flush Journal to Persistent Storage.
         Starting Create Volatile Files and Directories...
[[0;32m  OK  [0m] Started udev Kernel Device Manager.
[   14.773337] systemd[1]: systemd-journald.service: Received EPOLLHUP on stored fd 39 (stored), closing.
[   14.842430] systemd[1]: Received SIGCHLD from PID 101 (udevadm).
[   14.884469] systemd[1]: systemd-udev-trigger.service: Child 101 belongs to systemd-udev-trigger.service
[[0;32m  OK  [0m] Started udev Coldplug all Devices.
[   14.981915] systemd[1]: systemd-udev-trigger.service: cgroup is empty
[   15.001984] systemd[1]: Got cgroup empty notification for: /system.slice/systemd-udev-trigger.service
[   15.162056] systemd[1]: upstart.service: Failed to send unit change signal for upstart.service: Connection reset by peer
[   15.214376] systemd[1]: upstart.service: Failed to send unit remove signal for upstart.service: Transport endpoint is not connected
[   15.274363] systemd[1]: Got disconnect on private connection.
[   15.541999] systemd[1]: Got message type=method_call sender=n/a destination=org.freedesktop.systemd1 object=/org/freedesktop/systemd1/unit/upstart_2eservice interface=org.freedesktop.DBus.Properties member=GetAll cookie=1 reply_cookie=0 error=n/a
 [   15.641989] systemd[1]: Sent message type=method_return sen der=n/a destination=n/a object=n/a interface=n/a member=n/a co okie=1 reply_cookie=1 error=n/a
[[0;32m  OK  [0m] Started R aise network interfaces.
[[0;32m  OK  [0m] Started Create V olatile 
[[0;32m  OK  [0m] Listening on Avahi mDNS/DNS-SD Stack Activation Socket.
[[0;32m  OK  [0m] Listening on D-Bus System Message Bus Socket.
[[0;32m  OK  [0m] Reached target Sockets.
[[0;32m  OK  [0m] Reached target Basic System.
         Starting Avahi mDNS/DNS-SD Stack...
         Starting Cape Manager Service...
         Starting LSB: Load kernel modules needed to enable cpufreq scaling...
[[0;32m  OK  [0m] Started Regular background program processing daemon.
         Starting Login Service...
         Starting System Logging Service...
         Starting Telephony service...
         Starting Generic Board Startup...
[[0;32m  OK  [0m] Started D-Bus System Message Bus.
[   20.095166] systemd[1]: Sent message type=method_call sender=n/a destination=org.freedesktop.DBus object=/org/freedesktop/DBus interface=org.freedesktop.DBus member=Hello cookie=1 reply_cookie=0 error=n/a
[   20.212419] systemd[1]: Got message type=method_return sender=org.freedesktop.DBus destination=:1.2 object=n/a interface=n/a member=n/a cookie=1 reply_cookie=1 error=n/a
[   20.301963] systemd[1]: Sent message type=method_call sender=n/a destination=org.freedesktop.DBus object=/org/freedesktop/DBus interface=org.freedesktop.DBus member=AddMatch cookie=2 reply_cookie=0 error=n/a
[   20.422502] systemd[1]: Got message type=method_return sender=org.freedesktop.DBus destination=:1.2 object=n/a interface=n/a member=n/a cookie=3 reply_cookie=2 error=n/a
[   20.552194] systemd[1]: Sent message type=method_call sender=n/a destination=org.freedesktop.DBus object=/org/freedesktop/DBus interface=org.freedesktop.DBus member=AddMatch cookie=4 reply_cookie=0 error=n/a
[   20.689842] systemd[1]: Got message type=method_return sender=org.freedesktop.DBus destination=:1.2 object=n/a interface=n/a member=n/a cookie=5 reply_cookie=4 error=n/a
[   20.824080] systemd[1]: Sent message type=method_call sender=n/a destination=org.freedesktop.DBus object=/org/freedesktop/DBus interface=org.freedesktop.DBus member=AddMatch cookie=5 reply_cookie=0 error=n/a
[   20.884273] Bluetooth: Core ver 2.22
[   20.888110] NET: Registered PF_BLUETOOTH protocol family
[   20.893637] Bluetooth: HCI device and connection manager initialized
[   20.900059] Bluetooth: HCI socket layer initialized
[   20.905023] Bluetooth: L2CAP socket layer initialized
[   20.910200] Bluetooth: SCO socket layer initialized
[   20.952373] systemd[1]: Got message type=method_return sender=org.freedesktop.DBus destination=:1.2 object=n/a interface=n/a member=n/a cookie=6 reply_cookie=5 error=n/a
[   21.042303] systemd[1]: Sent message type=method_call sender=n/a destination=org.freedesktop.DBus object=/org/freedesktop/DBus interface=org.freedesktop.DBus member=AddMatch cookie=6 reply_cookie=0 error=n/a
[   21.144580] systemd[1]: Got message type=method_return sender=org.freedesktop.DBus destination=:1.2 object=n/a interface=n/a member=n/a cookie=7 reply_cookie=6 error=n/a
[[0;32m  OK  [0m] Started Telephony service.
[[0;32m  OK  [0m] Started Avahi mDNS/DNS-SD Stack.
         Starting Connection service...
[   21.889015] systemd-journald[80]: Successfully sent stream file descriptor to service manager.
         Starting DUN service...
[[0;32m  OK  [0m] Started Daily Cleanup of Temporary Directories.
[[0;32m  OK  [0m] Reached target Timers.
         Starting LSB: Start busybox udhcpd at boot time...[   22.224438] systemd-journald[80]: Successfully sent stream file descriptor to service manager.

[[0;32m  OK  [0m] Started System Logging Service.
[[0;32m  OK  [0m] Started Cape Manager Service.
[   23.197723] userial_init: registered 8 ttyGS* devices
[   23.490959] rndis_register: configNr = 0
 [[0;32m  OK  [0m] Started LSB: Start busybox udhcpd at boot  time.
[[0;32m  OK  [0m] Started DUN service.
[[0;32m  OK   [0m] Started Connection service.
[[0;32m  OK  [0m] Starte d Login Service.
[[0;32m  OK  [0m] Reached target Network. 
[   24.
[[0;32m  OK  [0m] Started Getty on tty1.
[   28.380853] systemd-journald[80]: Successfully sent stream file descriptor to service manager.
         Starting LSB: set CPUFreq kernel parameters...
[[0;32m  OK  [0m] Started OpenBSD Secure Shell server.
[   28.773237] leds-gpio leds: using DT '/leds/led2' for '(default)' GPIO lookup
[   28.780518] of_get_named_gpiod_flags: parsed 'gpios' property of node '/leds/led2[0]' - status (0)
[   28.789767] gpio gpiochip0: Persistence not supported for GPIO 21
[   28.795943] gpio-533 (?): no flags found for GPIO (default)
[   28.968488] leds-gpio leds: using DT '/leds/led3' for '(default)' GPIO lookup
[   28.976005] of_get_named_gpiod_flags: parsed 'gpios' property of node '/leds/led3[0]' - status (0)
[   28.985151] gpio gpiochip0: Persistence not supported for GPIO 22
[   28.991284] gpio-534 (?): no flags found for GPIO (default)
[   29.022238] leds-gpio leds: using DT '/leds/led4' for '(default)' GPIO lookup
[   29.029511] of_get_named_gpiod_flags: parsed 'gpios' property of node '/leds/led4[0]' - status (0)
[   29.038724] gpio gpiochip0: Persistence not supported for GPIO 23
[   29.044926] gpio-535 (?): no flags found for GPIO (default)
[   29.062213] leds-gpio leds: using DT '/leds/led5' for '(default)' GPIO lookup
[   29.069484] of_get_named_gpiod_flags: parsed 'gpios' property of node '/leds/led5[0]' - status (0)
[   29.078690] gpio gpiochip0: Persistence not supported for GPIO 24
[   29.084876] gpio-536 (?): no flags found for GPIO (default)
[[0;32m  OK  [0m] Started The Apache HTTP Server.
[   30.041490] systemd-journald[80]: Successfully sent stream file descriptor to service manager.
         Starting Hostname Service...
[   30.142090] systemd[1]: wpa_supplicant.service: Forked /sbin/wpa_supplicant as 401
[   30.180902] systemd-journald[80]: Successfully sent stream file descriptor to service manager.
[   30.192134] systemd[1]: wpa_supplicant.service: Changed dead -> start
         Starting WPA supplicant...
[   30.252249] systemd[1]: Sent message type=signal sender=n/a destination=n/a object=/org/freedesktop/systemd1/unit/systemd_2dhostnamed_2eservice interface=org.freedesktop.DBus.Properties member=PropertiesChanged cookie=84 reply_cookie=0 error=n/a
[   30.404095] systemd[1]: Sent message type=signal sender=n/a destination=n/a object=/org/freedesktop/systemd1/unit/systemd_2dhostnamed_2eservice interface=org.freedesktop.DBus.Properties member=PropertiesChanged cookie=85 reply_cookie=0 error=n/a
[   30.546530] systemd[1]: Sent message type=signal sender=n/a destination=n/a object=/org/freedesktop/systemd1/job/131 interface=org.freedesktop.DBus.Properties member=PropertiesChanged cookie=87 reply_cookie=0 error=n/a
[   30.605642] remoteproc remoteproc0: wkup_m3 is available
[   30.711960] systemd[1]: systemd-journald.service: Got notification message from PID 80 (FDSTORE=1)
[   30.768632] systemd[1]: systemd-journald.service: Added fd 54 (n/a) to fd store.
[   30.852435] systemd[1]: systemd-journald.service: Got notification message from PID 80 (FDSTORE=1)
[   30.927561] systemd[1]: systemd-journald.service: Added fd 55 (n/a) to fd store.
[   30.975488] systemd[1]: systemd-hostnamed.service: Got notification message from PID 398 (WATCHDOG=1)
[[0;32m  OK  [0m] Started LSB: set CPUFreq kernel parameters.
[   31.281187] at24 2-0054: supply vcc not found, using dummy regulator
[   31.316153] at24 2-0055: supply vcc not found, using dummy regulator
[   31.354952] at24 2-0056: supply vcc not found, using dummy regulator
[   31.394906] at24 2-0057: supply vcc not found, using dummy regulator
[[0;32m  OK  [0m] Started WPA supplicant.
[   31.445402] at24 0-0050: using DT '/ocp/interconnect@44c00000/segment@200000/target-module@b000/i2c@0/eeprom@50' for 'wp' GPIO lookup
[   31.457775] of_get_named_gpiod_flags: can't parse 'wp-gpios' property of node '/ocp/interconnect@44c00000/segment@200000/target-module@b000/i2c@0/eeprom@50[0]'
[   31.472318] of_get_named_gpiod_flags: can't parse 'wp-gpio' property of node '/ocp/interconnect@44c00000/segment@200000/target-module@b000/i2c@0/eeprom@50[0]'
[   31.486688] at24 0-0050: using lookup tables for GPIO lookup
[   31.492473] at24 0-0050: No GPIO consumer wp found
[   31.497772] at24 0-0050: 32768 byte 24c256 EEPROM, writable, 1 bytes/write
 [[0;32m  OK  [0m] Started Hostname Service.
[   32.356516]  tda998x 0-0070: found TDA19988
[[0;32m  OK  [0m] Found devi ce /dev/ttyS0.
[[0;32m  OK  [0m] Started Serial Getty on tt yS0.
[[0;32m  OK  [0m] Reached target Login Prompts.
[   3 2.839204
[   41.175990] PM: Cannot get wkup_m3_ipc handle
[   41.185337] omap-sham 53100000.sham: hw accel on OMAP rev 4.3
[   41.223088] omap-sham 53100000.sham: will run requests pump with realtime priority
[   41.232216] PM: Cannot get wkup_m3_ipc handle
[   41.267163] omap-aes 53500000.aes: OMAP AES hw accel rev: 3.2
[   41.293627] omap-aes 53500000.aes: will run requests pump with realtime priority
[   41.302708] PM: Cannot get wkup_m3_ipc handle
[   42.939237] systemd[1]: dev-ram10.device: Changed dead -> plugged
[   43.102298] systemd[1]: dev-ram12.device: Changed dead -> plugged
[   43.421991] systemd[1]: Sent message type=signal sender=n/a destination=n/a object=/org/freedesktop/systemd1 interface=org.freedesktop.systemd1.Manager member=UnitNew cookie=177 reply_cookie=0 error=n/a
[   43.482027] systemd[1]: Sent message type=signal sender=n/a destination=n/a object=/org/freedesktop/systemd1 interface=org.freedesktop.systemd1.Manager member=UnitNew cookie=178 reply_cookie=0 error=n/a
[   43.602505] systemd[1]: Sent message type=signal sender=n/a destination=n/a object=/org/freedesktop/systemd1 interface=org.freedesktop.systemd1.Manager member=UnitNew cookie=180 reply_cookie=0 error=n/a
[   43.702198] systemd[1]: dev-ram4.device: Changed dead -> plugged
[   43.721981] systemd[1]: sys-devices-virtual-block-ram4.device: Changed dead -> plugged
[   43.815375] systemd[1]: dev-ram5.device: Changed dead -> plugged
[   43.842231] systemd[1]: sys-devices-virtual-block-ram5.device: Changed dead -> plugged
[   44.012634] systemd[1]: dev-ram7.device: Changed dead -> plugged
[   47.989281] systemd[1]: systemd-timesyncd.service: Got notification message from PID 163 (STATUS=Idle.)
[   48.052039] systemd[1]: systemd-timesyncd.service: Got notification message from PID 163 (STATUS=Idle.)
[   48.091804] systemd[1]: systemd-timesyncd.service: Got notification message from PID 163 (STATUS=Idle.)
[   48.134905] systemd[1]: systemd-timesyncd.service: Got notification message from PID 163 (STATUS=Idle.)
[   48.172056] systemd[1]: systemd-timesyncd.service: Got notification message from PID 163 (STATUS=Idle.)
[   48.212152] systemd[1]: systemd-timesyncd.service: Got notification message from PID 163 (STATUS=Idle.)
[   48.251994] systemd[1]: systemd-timesyncd.service: Got notification message from PID 163 (STATUS=Idle.)
[   48.292020] systemd[1]: systemd-timesyncd.service: Got notification message from PID 163 (STATUS=Idle.)
[   48.342049] systemd[1]: systemd-timesyncd.service: Got notification message from PID 163 (STATUS=Idle.)
[   48.391965] systemd[1]: systemd-timesyncd.service: Got notification message from PID 163 (STATUS=Idle.)
[   49.813634] systemd-journald[80]: Data hash table of /run/log/journal/c2029cc3b8b4efd6445bffc4386d43a0/system.journal has a fill level at 75.0 (4172 of 5560 items, 3203072 file size, 767 bytes per hash table item), suggesting rotation.
[   49.840420] systemd-journald[80]: /run/log/journal/c2029cc3b8b4efd6445bffc4386d43a0/system.journal: Journal header limits reached or header out-of-date, rotating.
[   49.857021] systemd-journald[80]: Rotating...
[   49.876431] systemd-journald[80]: Reserving 5560 entries in hash table.
[   49.885913] systemd-journald[80]: Vacuuming...
[   49.891364] systemd-journald[80]: VacuumiLabgrid Console Logfile for main
Logfile started at 2024-12-16 03:05:03.662525
=== Log starts here ===
reading args
spl_load_image_fat_os: error reading image args, err - -1
reading u-boot.img
reading u-boot.img


U-Boot 2014.04-00014-g47880f5 (Apr 22 2014 - 13:23:54)

I2C:   ready
DRAM:  512 MiB
NAND:  0 MiB
MMC:   OMAP SD/MMC: 0, OMAP SD/MMC: 1
*** Warning - readenv() failed, using default environment

Net:   <ethaddr> not set. Validating first E-fuse MAC
cpsw, usb_ether
Hit any key to stop autoboot:  1  0 
gpio: pin 53 (gpio 53) value is 1
mmc0 is current device
gpio: pin 54 (gpio 54) value is 1
SD/MMC found on device 0
reading uEnv.txt
584 bytes read in 4 ms (142.6 KiB/s)
gpio: pin 55 (gpio 55) value is 1
Loaded environment from uEnv.txt
Importing environment from mmc ...
Checking if uenvcmd is set ...
gpio: pin 56 (gpio 56) value is 1
Running uenvcmd ...
cpsw Waiting for PHY auto negotiation to complete. done
link up on port 0, speed 100, full duplex
Using cpsw device
TFTP from server 192.168.255.126; our IP address is 192.168.255.1
Filename 'zImage'.
Load address: 0x81000000
Loading: *T #################################################################
	 #################################################################
	 #################################################################
	 #################################################################
	 #################################################################
	 ####################################################
	 751 KiB/s
done
Bytes transferred = 5527112 (545648 hex)
link up on port 0, speed 100, full duplex
Using cpsw device
TFTP from server 192.168.255.126; our IP address is 192.168.255.1
Filename 'am335x-boneblack.dtb'.
Load address: 0x82000000
Loading: *#######
	 2.2 MiB/s
done
Bytes transferred = 98244 (17fc4 hex)
Kernel image @ 0x81000000 [ 0x000000 - 0x545648 ]
## Flattened Device Tree blob at 82000000
   Booting using the fdt blob at 0x82000000
   Using Device Tree in place at 82000000, end 8201afc3

Starting kernel ...

[    0.000000] Booting Linux on physical CPU 0x0
[    0.000000] Linux version 6.13.0-rc3 (user01@drvtest01) (arm-linux-gnueabihf-gcc (Linaro GCC 6.4-2017.11) 6.4.1 20171012, GNU ld (Linaro_Binutils-2017.11) 2.27.0.20161229) #81 SMP Mon Dec 16 02:44:15 EET 2024
[    0.000000] CPU: ARMv7 Processor [413fc082] revision 2 (ARMv7), cr=10c5387d
[    0.000000] CPU: PIPT / VIPT nonaliasing data cache, VIPT aliasing instruction cache
[    0.000000] OF: fdt: Machine model: TI AM335x BeagleBone Black
[    0.000000] earlycon: omap8250 at MMIO 0x44e09000 (options '')
[    0.000000] printk: legacy bootconsole [omap8250] enabled
[    0.000000] Memory policy: Data cache writeback
[    0.000000] cma: Reserved 16 MiB at 0x9e800000 on node -1
[    0.000000] Zone ranges:
[    0.000000]   Normal   [mem 0x0000000080000000-0x000000009fdfffff]
[    0.000000]   HighMem  empty
[    0.000000] Movable zone start for each node
[    0.000000] Early memory node ranges
[    0.000000]   node   0: [mem 0x0000000080000000-0x000000009fdfffff]
[    0.000000] Initmem setup node 0 [mem 0x0000000080000000-0x000000009fdfffff]
[    0.000000] OF: reserved mem: Reserved memory: No reserved-memory node in the DT
[    0.000000] CPU: All CPU(s) started in SVC mode.
[    0.000000] AM335X ES2.1 (sgx neon)
[    0.000000] percpu: Embedded 17 pages/cpu s39628 r8192 d21812 u69632
[    0.000000] pcpu-alloc: s39628 r8192 d21812 u69632 alloc=17*4096
[    0.000000] pcpu-alloc: [0] 0 
[    0.000000] Kernel command line: console=ttyO0,115200n8 debug earlycon root=/dev/nfs rw nfsroot=192.168.255.126:/home/user01/nfs,nfsvers=3 ip=192.168.255.1:192.168.255.126::255.255.255.0:bbb1:eth0 nfsrootdebug
[    0.000000] Unknown kernel command line parameters "nfsrootdebug", will be passed to user space.
[    0.000000] printk: log buffer data + meta data: 65536 + 204800 = 270336 bytes
[    0.000000] Dentry cache hash table entries: 65536 (order: 6, 262144 bytes, linear)
[    0.000000] Inode-cache hash table entries: 32768 (order: 5, 131072 bytes, linear)
[    0.000000] Built 1 zonelists, mobility grouping on.  Total pages: 130560
[    0.000000] mem auto-init: stack:off, heap alloc:off, heap free:off
[    0.000000] SLUB: HWalign=64, Order=0-3, MinObjects=0, CPUs=1, Nodes=1
[    0.000000] trace event string verifier disabled
[    0.000000] rcu: Hierarchical RCU implementation.
[    0.000000] rcu: 	RCU event tracing is enabled.
[    0.000000] rcu: 	RCU restricting CPUs from NR_CPUS=2 to nr_cpu_ids=1.
[    0.000000] 	Tracing variant of Tasks RCU enabled.
[    0.000000] rcu: RCU calculated value of scheduler-enlistment delay is 10 jiffies.
[    0.000000] rcu: Adjusting geometry for rcu_fanout_leaf=16, nr_cpu_ids=1
[    0.000000] RCU Tasks Trace: Setting shift to 0 and lim to 1 rcu_task_cb_adjust=1 rcu_task_cpu_ids=1.
[    0.000000] NR_IRQS: 16, nr_irqs: 16, preallocated irqs: 16
[    0.000000] IRQ: Found an INTC at 0x(ptrval) (revision 5.0) with 128 interrupts
[    0.000000] rcu: srcu_init: Setting srcu_struct sizes based on contention.
[    0.000000] TI gptimer clocksource: always-on /ocp/interconnect@44c00000/segment@200000/target-module@31000
[    0.000002] sched_clock: 32 bits at 24MHz, resolution 41ns, wraps every 89478484971ns
[    0.008075] clocksource: dmtimer: mask: 0xffffffff max_cycles: 0xffffffff, max_idle_ns: 79635851949 ns
[    0.018141] TI gptimer clockevent: 24000000 Hz at /ocp/interconnect@48000000/segment@0/target-module@40000
[    0.029759] Console: colour dummy device 80x30
[    0.034400] WARNING: Your 'console=ttyO0' has been replaced by 'ttyS0'
[    0.041211] This ensures that you still see kernel messages. Please
[    0.047662] update your kernel commandline.
[    0.052020] Calibrating delay loop... 996.14 BogoMIPS (lpj=4980736)
[    0.094631] CPU: Testing write buffer coherency: ok
[    0.099749] CPU0: Spectre v2: using BPIALL workaround
[    0.104952] pid_max: default: 32768 minimum: 301
[    0.109833] LSM: initializing lsm=capability
[    0.114404] Mount-cache hash table entries: 1024 (order: 0, 4096 bytes, linear)
[    0.121971] Mountpoint-cache hash table entries: 1024 (order: 0, 4096 bytes, linear)
[    0.131633] CPU0: thread -1, cpu 0, socket -1, mpidr 0
[    0.139280] Setting up static identity map for 0x80100000 - 0x80100078
[    0.146345] rcu: Hierarchical SRCU implementation.
[    0.151340] rcu: 	Max phase no-delay instances is 1000.
[    0.158718] smp: Bringing up secondary CPUs ...
[    0.163446] smp: Brought up 1 node, 1 CPU
[    0.167579] SMP: Total of 1 processors activated (996.14 BogoMIPS).
[    0.174132] CPU: All CPU(s) started in SVC mode.
[    0.179102] Memory: 480840K/522240K available (11264K kernel code, 1213K rwdata, 2896K rodata, 1024K init, 297K bss, 23388K reserved, 16384K cma-reserved, 0K highmem)
[    0.195416] devtmpfs: initialized
[    0.215736] VFP support v0.3: implementor 41 architecture 3 part 30 variant c rev 3
[    0.224109] clocksource: jiffies: mask: 0xffffffff max_cycles: 0xffffffff, max_idle_ns: 19112604462750000 ns
[    0.234316] futex hash table entries: 256 (order: 2, 16384 bytes, linear)
[    0.242608] pinctrl core: initialized pinctrl subsystem
[    0.250908] NET: Registered PF_NETLINK/PF_ROUTE protocol family
[    0.260006] DMA: preallocated 256 KiB pool for atomic coherent allocations
[    0.267998] audit: initializing netlink subsys (disabled)
[    0.275055] thermal_sys: Registered thermal governor 'fair_share'
[    0.275085] thermal_sys: Registered thermal governor 'step_wise'
[    0.281454] thermal_sys: Registered thermal governor 'user_space'
[    0.287756] audit: type=2000 audit(0.240:1): state=initialized audit_enabled=0 res=1
[    0.302136] cpuidle: using governor menu
[    0.324554] /ocp/interconnect@44c00000/segment@200000/target-module@b000/i2c@0/tda19988@70: Fixed dependency cycle(s) with /ocp/interconnect@48000000/segment@300000/target-module@e000/lcdc@0
[    0.343308] /ocp/interconnect@48000000/segment@300000/target-module@e000/lcdc@0: Fixed dependency cycle(s) with /ocp/interconnect@44c00000/segment@200000/target-module@b000/i2c@0/tda19988@70
[    0.363112] No ATAGs?
[    0.365478] hw-breakpoint: debug architecture 0x4 unsupported.
[    0.374413] kprobes: kprobe jump-optimization is enabled. All kprobes are optimized if possible.
[    0.401905] iommu: Default domain type: Translated
[    0.406865] iommu: DMA domain TLB invalidation policy: strict mode
[    0.415062] reg-fixed-voltage fixedregulator0: using DT '/fixedregulator0' for '(default)' GPIO lookup
[    0.424795] of_get_named_gpiod_flags: can't parse 'gpios' property of node '/fixedregulator0[0]'
[    0.433894] of_get_named_gpiod_flags: can't parse 'gpio' property of node '/fixedregulator0[0]'
[    0.442895] reg-fixed-voltage fixedregulator0: using lookup tables for GPIO lookup
[    0.450712] reg-fixed-voltage fixedregulator0: No GPIO consumer (default) found
[    0.478893] SCSI subsystem initialized
[    0.488678] libata version 3.00 loaded.
[    0.493008] pps_core: LinuxPPS API ver. 1 registered
[    0.498127] pps_core: Software ver. 5.3.6 - Copyright 2005-2007 Rodolfo Giometti <giometti@linux.it>
[    0.507611] PTP clock support registered
[    0.538289] vgaarb: loaded
[    0.548228] clocksource: Switched to clocksource dmtimer
[    0.554427] VFS: Disk quotas dquot_6.6.0
[    0.558646] VFS: Dquot-cache hash table entries: 1024 (order 0, 4096 bytes)
[    0.609129] NET: Registered PF_INET protocol family
[    0.614616] IP idents hash table entries: 8192 (order: 4, 65536 bytes, linear)
[    0.623521] tcp_listen_portaddr_hash hash table entries: 512 (order: 0, 4096 bytes, linear)
[    0.632212] Table-perturb hash table entries: 65536 (order: 6, 262144 bytes, linear)
[    0.640194] TCP established hash table entries: 4096 (order: 2, 16384 bytes, linear)
[    0.648228] TCP bind hash table entries: 4096 (order: 4, 65536 bytes, linear)
[    0.655690] TCP: Hash tables configured (established 4096 bind 4096)
[    0.662369] UDP hash table entries: 256 (order: 1, 14336 bytes, linear)
[    0.669207] UDP-Lite hash table entries: 256 (order: 1, 14336 bytes, linear)
[    0.676699] NET: Registered PF_UNIX/PF_LOCAL protocol family
[    0.753069] RPC: Registered named UNIX socket transport module.
[    0.759198] RPC: Registered udp transport module.
[    0.764109] RPC: Registered tcp transport module.
[    0.768952] RPC: Registered tcp-with-tls transport module.
[    0.774621] RPC: Registered tcp NFSv4.1 backchannel transport module.
[    0.781270] PCI: CLS 0 bytes, default 64
[    0.786838] Initialise system trusted keyrings
[    0.853640] workingset: timestamp_bits=14 max_order=17 bucket_order=3
[    0.861812] NFS: Registering the id_resolver key type
[    0.867109] Key type id_resolver registered
[    0.871417] Key type id_legacy registered
[    0.875651] jffs2: version 2.2. (NAND) (SUMMARY)  Â© 2001-2006 Red Hat, Inc.
[    0.910630] Key type asymmetric registered
[    0.914987] Asymmetric key parser 'x509' registered
[    0.920086] io scheduler mq-deadline registered
[    0.924798] io scheduler kyber registered
[    0.928996] io scheduler bfq registered
[    0.951081] ledtrig-cpu: registered to indicate activity on CPUs
[    0.985143] Serial: 8250/16550 driver, 6 ports, IRQ sharing enabled
[    1.031493] brd: module loaded
[    1.067667] loop: module loaded
[    1.072017] mtdoops: mtd device (mtddev=name/number) must be supplied
[    1.088760] mdio_bus fixed-0: using lookup tables for GPIO lookup
[    1.095154] mdio_bus fixed-0: No GPIO consumer reset found
[    1.102285] i2c_dev: i2c /dev entries driver
[    1.107689] cpuidle: enable-method property 'ti,am3352' found operations
[    1.115151] sdhci: Secure Digital Host Controller Interface driver
[    1.121581] sdhci: Copyright(c) Pierre Ossman
[    1.126250] sdhci-pltfm: SDHCI platform and OF driver helper
[    1.133161] Initializing XFRM netlink socket
[    1.137710] NET: Registered PF_INET6 protocol family
[    1.206183] Segment Routing with IPv6
[    1.210066] In-situ OAM (IOAM) with IPv6
[    1.214297] sit: IPv6, IPv4 and MPLS over IPv4 tunneling driver
[    1.221367] NET: Registered PF_PACKET protocol family
[    1.226688] NET: Registered PF_KEY protocol family
[    1.231839] Key type dns_resolver registered
[    1.236540] ThumbEE CPU extension supported.
[    1.240952] Registering SWP/SWPB emulation handler
[    1.246481] omap_voltage_late_init: Voltage driver support not added
[    1.253455] SmartReflex Class3 initialized
[    1.351361] Loading compiled-in X.509 certificates
[    1.387143] /ocp/interconnect@44c00000/segment@200000/target-module@b000/i2c@0/tda19988@70: Fixed dependency cycle(s) with /ocp/interconnect@48000000/segment@300000/target-module@e000/lcdc@0
[    1.411272] /ocp/interconnect@44c00000/segment@200000/target-module@b000/i2c@0/tda19988@70: Fixed dependency cycle(s) with /ocp/interconnect@48000000/segment@300000/target-module@e000/lcdc@0
[    1.434640] gpiochip_find_base_unlocked: found new base at 512
[    1.493101] /ocp/interconnect@44c00000/segment@200000/target-module@b000/i2c@0/tda19988@70: Fixed dependency cycle(s) with /ocp/interconnect@48000000/segment@300000/target-module@e000/lcdc@0
[    1.511712] /ocp/interconnect@44c00000/segment@200000/target-module@b000/i2c@0/tda19988@70: Fixed dependency cycle(s) with /ocp/interconnect@48000000/segment@300000/target-module@e000/lcdc@0
[    1.532949] /ocp/interconnect@44c00000/segment@200000/target-module@10000/scm@0/pinmux@800: Fixed dependency cycle(s) with /ocp/interconnect@44c00000/segment@200000/target-module@10000/scm@0/pinmux@800/clkout2-pins
[    1.553257] pinctrl-single 44e10800.pinmux: 142 pins, size 568
[    1.564640] ti-sysc 44e31000.target-module: probe with driver ti-sysc failed with error -16
[    1.669429] /ocp/interconnect@48000000/segment@300000/target-module@e000/lcdc@0: Fixed dependency cycle(s) with /ocp/interconnect@44c00000/segment@200000/target-module@b000/i2c@0/tda19988@70
[    1.695238] ti-sysc 48040000.target-module: probe with driver ti-sysc failed with error -16
[    1.715407] gpiochip_find_base_unlocked: found new base at 512
[    1.721669] gpio gpiochip0: (gpio-0-31): created GPIO range 0->7 ==> 44e10800.pinmux PIN 0->7
[    1.730466] gpio gpiochip0: (gpio-0-31): created GPIO range 8->11 ==> 44e10800.pinmux PIN 90->93
[    1.739571] gpio gpiochip0: (gpio-0-31): created GPIO range 12->27 ==> 44e10800.pinmux PIN 12->27
[    1.748756] gpio gpiochip0: (gpio-0-31): created GPIO range 28->31 ==> 44e10800.pinmux PIN 30->33
[    1.852797] gpio gpiochip0: (gpio-0-31): added GPIO chardev (254:0)
[    1.859411] gpio gpiochip0: registered GPIOs 512 to 543 on gpio-0-31
[    1.866123] OMAP GPIO hardware version 0.1
[    1.912534] i2c i2c-2: using DT '/ocp/interconnect@48000000/segment@100000/target-module@9c000/i2c@0' for 'scl' GPIO lookup
[    1.924176] of_get_named_gpiod_flags: can't parse 'scl-gpios' property of node '/ocp/interconnect@48000000/segment@100000/target-module@9c000/i2c@0[0]'
[    1.938209] of_get_named_gpiod_flags: can't parse 'scl-gpio' property of node '/ocp/interconnect@48000000/segment@100000/target-module@9c000/i2c@0[0]'
[    1.952161] i2c i2c-2: using lookup tables for GPIO lookup
[    1.957813] i2c i2c-2: No GPIO consumer scl found
[    1.962723] i2c i2c-2: using DT '/ocp/interconnect@48000000/segment@100000/target-module@9c000/i2c@0' for 'sda' GPIO lookup
[    1.974242] of_get_named_gpiod_flags: can't parse 'sda-gpios' property of node '/ocp/interconnect@48000000/segment@100000/target-module@9c000/i2c@0[0]'
[    1.988257] of_get_named_gpiod_flags: can't parse 'sda-gpio' property of node '/ocp/interconnect@48000000/segment@100000/target-module@9c000/i2c@0[0]'
[    2.002182] i2c i2c-2: using lookup tables for GPIO lookup
[    2.007831] i2c i2c-2: No GPIO consumer sda found
[    2.013423] omap_i2c 4819c000.i2c: bus 2 rev0.11 at 100 kHz
[    2.024888] gpiochip_find_base_unlocked: found new base at 544
[    2.031001] gpio gpiochip1: (gpio-32-63): created GPIO range 0->17 ==> 44e10800.pinmux PIN 34->51
[    2.040277] gpio gpiochip1: (gpio-32-63): created GPIO range 18->21 ==> 44e10800.pinmux PIN 77->80
[    2.049549] gpio gpiochip1: (gpio-32-63): created GPIO range 22->31 ==> 44e10800.pinmux PIN 56->65
[    2.063429] gpio gpiochip1: (gpio-32-63): added GPIO chardev (254:1)
[    2.070184] gpio gpiochip1: registered GPIOs 544 to 575 on gpio-32-63
[    2.079335] gpiochip_find_base_unlocked: found new base at 576
[    2.085607] gpio gpiochip2: (gpio-64-95): created GPIO range 0->4 ==> 44e10800.pinmux PIN 66->70
[    2.094712] gpio gpiochip2: (gpio-64-95): created GPIO range 5->6 ==> 44e10800.pinmux PIN 98->99
[    2.103790] gpio gpiochip2: (gpio-64-95): created GPIO range 7->8 ==> 44e10800.pinmux PIN 75->76
[    2.112879] gpio gpiochip2: (gpio-64-95): created GPIO range 13->13 ==> 44e10800.pinmux PIN 141->141
[    2.122313] gpio gpiochip2: (gpio-64-95): created GPIO range 14->21 ==> 44e10800.pinmux PIN 100->107
[    2.132530] gpio gpiochip2: (gpio-64-95): added GPIO chardev (254:2)
[    2.139225] gpio gpiochip2: registered GPIOs 576 to 607 on gpio-64-95
[    2.151488] 48000000.interconnect:segment@200000:target-module@0:mpu@0:fck: device ID is greater than 24
[    2.162389] /ocp/interconnect@48000000/segment@300000/target-module@e000/lcdc@0: Fixed dependency cycle(s) with /ocp/interconnect@44c00000/segment@200000/target-module@b000/i2c@0/tda19988@70
[    2.182943] /ocp/interconnect@48000000/segment@300000/target-module@e000/lcdc@0: Fixed dependency cycle(s) with /ocp/interconnect@44c00000/segment@200000/target-module@b000/i2c@0/tda19988@70
[    2.201227] /ocp/interconnect@44c00000/segment@200000/target-module@b000/i2c@0/tda19988@70: Fixed dependency cycle(s) with /ocp/interconnect@48000000/segment@300000/target-module@e000/lcdc@0
[    2.218944] /ocp/interconnect@48000000/segment@300000/target-module@e000/lcdc@0: Fixed dependency cycle(s) with /ocp/interconnect@44c00000/segment@200000/target-module@b000/i2c@0/tda19988@70
[    2.246132] mdio_bus 4a101000.mdio: using DT '/ocp/interconnect@4a000000/segment@0/target-module@100000/switch@0/mdio@1000' for 'reset' GPIO lookup
[    2.259954] of_get_named_gpiod_flags: can't parse 'reset-gpios' property of node '/ocp/interconnect@4a000000/segment@0/target-module@100000/switch@0/mdio@1000[0]'
[    2.274978] of_get_named_gpiod_flags: can't parse 'reset-gpio' property of node '/ocp/interconnect@4a000000/segment@0/target-module@100000/switch@0/mdio@1000[0]'
[    2.289939] mdio_bus 4a101000.md io: using lookup tables for GPIO lookup
[    2.296780] mdio_b us 4a101000.mdio: No GPIO consumer reset found
[    2.303965]  sdhci-omap 481d8000.mmc: using DT '/ocp/interconnect@48000000 /segment@100000/target-module@d8000/mmc@0' for 'wp' GPIO looku p
[    
[    6.612317] cpsw-switch 4a100000.switch eth0: Link is Up - 100Mbps/Full - flow control off
[    6.641565] IP-Config: Complete:
[    6.644836]      device=eth0, hwaddr=6c:ec:eb:68:de:78, ipaddr=192.168.255.1, mask=255.255.255.0, gw=255.255.255.255
[    6.655479]      host=bbb1, domain=, nis-domain=(none)
[    6.660647]      bootserver=192.168.255.126, rootserver=192.168.255.126, rootpath=
[    6.661070] clk: Disabling unused clocks
