Labgrid Console Logfile for main
Logfile started at 2025-09-25 14:07:09.389362
=== Log starts here ===
reading args
spl_load_image_fat_os: error reading image args, err - -1
reading u-boot.img
reading u-boot.img


U-Boot 2014.04-00014-g47880f5 (Apr 22 2014 - 13:23:54)

I2C:   ready
DRAM:  512 MiB
NAND:  0 MiB
MMC:   OMAP SD/MMC: 0, OMAP SD/MMC: 1
*** Warning - readenv() failed, using default environment

Net:   <ethaddr> not set. Validating first E-fuse MAC
cpsw, usb_ether
Hit any key to stop autoboot:  1  0 
gpio: pin 53 (gpio 53) value is 1
mmc0 is current device
gpio: pin 54 (gpio 54) value is 1
SD/MMC found on device 0
reading uEnv.txt
569 bytes read in 3 ms (184.6 KiB/s)
gpio: pin 55 (gpio 55) value is 1
Loaded environment from uEnv.txt
Importing environment from mmc ...
Checking if uenvcmd is set ...
gpio: pin 56 (gpio 56) value is 1
Running uenvcmd ...
cpsw Waiting for PHY auto negotiation to complete. done
link up on port 0, speed 100, full duplex
Using cpsw device
TFTP from server 192.168.255.126; our IP address is 192.168.255.1
Filename 'zImage'.
Load address: 0x81000000
Loading: *#################################################################
	 #################################################################
	 #################################################################
	 #################################################################
	 #################################################################
	 ####################################################
	 2.4 MiB/s
done
Bytes transferred = 5527840 (545920 hex)
link up on port 0, speed 100, full duplex
Using cpsw device
TFTP from server 192.168.255.126; our IP address is 192.168.255.1
Filename 'am335x-boneblack.dtb'.
Load address: 0x82000000
Loading: *#######
	 2.4 MiB/s
done
Bytes transferred = 98336 (18020 hex)
Kernel image @ 0x81000000 [ 0x000000 - 0x545920 ]
## Flattened Device Tree blob at 82000000
   Booting using the fdt blob at 0x82000000
   Using Device Tree in place at 82000000, end 8201b01f

Starting kernel ...

[    0.000000] Booting Linux on physical CPU 0x0
[    0.000000] Linux version 6.12.49 (user01@drvtest01) (arm-none-eabi-gcc (Arm GNU Toolchain 14.2.Rel1 (Build arm-14.52)) 14.2.1 20241119, GNU ld (Arm GNU Toolchain 14.2.Rel1 (Build arm-14.52)) 2.43.1.20241119) #1 SMP Thu Sep 25 14:05:40 EEST 2025
[    0.000000] CPU: ARMv7 Processor [413fc082] revision 2 (ARMv7), cr=10c5387d
[    0.000000] CPU: PIPT / VIPT nonaliasing data cache, VIPT aliasing instruction cache
[    0.000000] OF: fdt: Machine model: TI AM335x BeagleBone Black
[    0.000000] Memory policy: Data cache writeback
[    0.000000] cma: Reserved 16 MiB at 0x9e800000 on node -1
[    0.000000] Zone ranges:
[    0.000000]   Normal   [mem 0x0000000080000000-0x000000009fdfffff]
[    0.000000]   HighMem  empty
[    0.000000] Movable zone start for each node
[    0.000000] Early memory node ranges
[    0.000000]   node   0: [mem 0x0000000080000000-0x000000009fdfffff]
[    0.000000] Initmem setup node 0 [mem 0x0000000080000000-0x000000009fdfffff]
[    0.000000] OF: reserved mem: Reserved memory: No reserved-memory node in the DT
[    0.000000] CPU: All CPU(s) started in SVC mode.
[    0.000000] AM335X ES2.1 (sgx neon)
[    0.000000] percpu: Embedded 17 pages/cpu s40396 r8192 d21044 u69632
[    0.000000] Kernel command line: console=ttyO0,115200n8 root=/dev/nfs rw nfsroot=192.168.255.126:/home/user01/nfs,nfsvers=3 ip=192.168.255.1:192.168.255.126::255.255.255.0:bbb1:eth0 nfsrootdebug
[    0.000000] Unknown kernel command line parameters "nfsrootdebug", will be passed to user space.
[    0.000000] Dentry cache hash table entries: 65536 (order: 6, 262144 bytes, linear)
[    0.000000] Inode-cache hash table entries: 32768 (order: 5, 131072 bytes, linear)
[    0.000000] Built 1 zonelists, mobility grouping on.  Total pages: 130560
[    0.000000] mem auto-init: stack:off, heap alloc:off, heap free:off
[    0.000000] SLUB: HWalign=64, Order=0-3, MinObjects=0, CPUs=1, Nodes=1
[    0.000000] rcu: Hierarchical RCU implementation.
[    0.000000] rcu: 	RCU event tracing is enabled.
[    0.000000] rcu: 	RCU restricting CPUs from NR_CPUS=2 to nr_cpu_ids=1.
[    0.000000] rcu: RCU calculated value of scheduler-enlistment delay is 10 jiffies.
[    0.000000] rcu: Adjusting geometry for rcu_fanout_leaf=16, nr_cpu_ids=1
[    0.000000] NR_IRQS: 16, nr_irqs: 16, preallocated irqs: 16
[    0.000000] IRQ: Found an INTC at 0x(ptrval) (revision 5.0) with 128 interrupts
[    0.000000] rcu: srcu_init: Setting srcu_struct sizes based on contention.
[    0.000000] TI gptimer clocksource: always-on /ocp/interconnect@44c00000/segment@200000/target-module@31000
[    0.000003] sched_clock: 32 bits at 24MHz, resolution 41ns, wraps every 89478484971ns
[    0.000028] clocksource: dmtimer: mask: 0xffffffff max_cycles: 0xffffffff, max_idle_ns: 79635851949 ns
[    0.000485] TI gptimer clockevent: 24000000 Hz at /ocp/interconnect@48000000/segment@0/target-module@40000
[    0.002076] Console: colour dummy device 80x30
[    0.002139] WARNING: Your 'console=ttyO0' has been replaced by 'ttyS0'
[    0.002147] This ensures that you still see kernel messages. Please
[    0.002152] update your kernel commandline.
[    0.002197] Calibrating delay loop... 996.14 BogoMIPS (lpj=4980736)
[    0.090532] CPU: Testing write buffer coherency: ok
[    0.090641] CPU0: Spectre v2: using BPIALL workaround
[    0.090653] pid_max: default: 32768 minimum: 301
[    0.090776] LSM: initializing lsm=capability
[    0.090950] Mount-cache hash table entries: 1024 (order: 0, 4096 bytes, linear)
[    0.090972] Mountpoint-cache hash table entries: 1024 (order: 0, 4096 bytes, linear)
[    0.092538] CPU0: thread -1, cpu 0, socket -1, mpidr 0
[    0.094630] Setting up static identity map for 0x80100000 - 0x80100078
[    0.094970] rcu: Hierarchical SRCU implementation.
[    0.094980] rcu: 	Max phase no-delay instances is 1000.
[    0.096758] smp: Bringing up secondary CPUs ...
[    0.096808] smp: Brought up 1 node, 1 CPU
[    0.096822] SMP: Total of 1 processors activated (996.14 BogoMIPS).
[    0.096833] CPU: All CPU(s) started in SVC mode.
[    0.097016] Memory: 480856K/522240K available (11264K kernel code, 1220K rwdata, 2880K rodata, 1024K init, 298K bss, 23372K reserved, 16384K cma-reserved, 0K highmem)
[    0.097838] devtmpfs: initialized
[    0.114126] VFP support v0.3: implementor 41 architecture 3 part 30 variant c rev 3
[    0.114471] clocksource: jiffies: mask: 0xffffffff max_cycles: 0xffffffff, max_idle_ns: 19112604462750000 ns
[    0.114507] futex hash table entries: 256 (order: 2, 16384 bytes, linear)
[    0.115775] pinctrl core: initialized pinctrl subsystem
[    0.117903] NET: Registered PF_NETLINK/PF_ROUTE protocol family
[    0.121005] DMA: preallocated 256 KiB pool for atomic coherent allocations
[    0.121919] audit: initializing netlink subsys (disabled)
[    0.123275] thermal_sys: Registered thermal governor 'fair_share'
[    0.123292] thermal_sys: Registered thermal governor 'step_wise'
[    0.123300] thermal_sys: Registered thermal governor 'user_space'
[    0.123417] audit: type=2000 audit(0.120:1): state=initialized audit_enabled=0 res=1
[    0.123490] cpuidle: using governor menu
[    0.141513] /ocp/interconnect@44c00000/segment@200000/target-module@b000/i2c@0/tda19988@70: Fixed dependency cycle(s) with /ocp/interconnect@48000000/segment@300000/target-module@e000/lcdc@0
[    0.142631] /ocp/interconnect@48000000/segment@300000/target-module@e000/lcdc@0: Fixed dependency cycle(s) with /ocp/interconnect@44c00000/segment@200000/target-module@b000/i2c@0/tda19988@70
[    0.144793] No ATAGs?
[    0.144811] hw-breakpoint: debug architecture 0x4 unsupported.
[    0.147441] kprobes: kprobe jump-optimization is enabled. All kprobes are optimized if possible.
[    0.154119] iommu: Default domain type: Translated
[    0.154140] iommu: DMA domain TLB invalidation policy: strict mode
[    0.161380] SCSI subsystem initialized
[    0.162247] pps_core: LinuxPPS API ver. 1 registered
[    0.162258] pps_core: Software ver. 5.3.6 - Copyright 2005-2007 Rodolfo Giometti <giometti@linux.it>
[    0.162282] PTP clock support registered
[    0.171328] vgaarb: loaded
[    0.171680] clocksource: Switched to clocksource dmtimer
[    0.172338] VFS: Disk quotas dquot_6.6.0
[    0.172379] VFS: Dquot-cache hash table entries: 1024 (order 0, 4096 bytes)
[    0.197867] NET: Registered PF_INET protocol family
[    0.198209] IP idents hash table entries: 8192 (order: 4, 65536 bytes, linear)
[    0.199586] tcp_listen_portaddr_hash hash table entries: 512 (order: 0, 4096 bytes, linear)
[    0.199625] Table-perturb hash table entries: 65536 (order: 6, 262144 bytes, linear)
[    0.199642] TCP established hash table entries: 4096 (order: 2, 16384 bytes, linear)
[    0.199688] TCP bind hash table entries: 4096 (order: 4, 65536 bytes, linear)
[    0.199788] TCP: Hash tables configured (established 4096 bind 4096)
[    0.199905] UDP hash table entries: 256 (order: 1, 8192 bytes, linear)
[    0.199934] UDP-Lite hash table entries: 256 (order: 1, 8192 bytes, linear)
[    0.200106] NET: Registered PF_UNIX/PF_LOCAL protocol family
[    0.212538] RPC: Registered named UNIX socket transport module.
[    0.212562] RPC: Registered udp transport module.
[    0.212568] RPC: Registered tcp transport module.
[    0.212573] RPC: Registered tcp-with-tls transport module.
[    0.212578] RPC: Registered tcp NFSv4.1 backchannel transport module.
[    0.212603] PCI: CLS 0 bytes, default 64
[    0.213994] Initialise system trusted keyrings
[    0.214783] workingset: timestamp_bits=14 max_order=17 bucket_order=3
[    0.216371] NFS: Registering the id_resolver key type
[    0.216446] Key type id_resolver registered
[    0.216455] Key type id_legacy registered
[    0.216507] jffs2: version 2.2. (NAND) (SUMMARY)  Â© 2001-2006 Red Hat, Inc.
[    0.216924] Key type asymmetric registered
[    0.216940] Asymmetric key parser 'x509' registered
[    0.217010] io scheduler mq-deadline registered
[    0.217020] io scheduler kyber registered
[    0.217088] io scheduler bfq registered
[    0.218958] target-module@4b000000:target-module@140000:pmu@0:fck: device ID is greater than 24
[    0.225101] l3-aon-clkctrl:0000:0: failed to disable
[    0.232237] ledtrig-cpu: registered to indicate activity on CPUs
[    0.235059] Serial: 8250/16550 driver, 6 ports, IRQ sharing enabled
[    0.276951] brd: module loaded
[    0.296967] loop: module loaded
[    0.297895] mtdoops: mtd device (mtddev=name/number) must be supplied
[    0.301014] i2c_dev: i2c /dev entries driver
[    0.302196] cpuidle: enable-method property 'ti,am3352' found operations
[    0.302670] sdhci: Secure Digital Host Controller Interface driver
[    0.302680] sdhci: Copyright(c) Pierre Ossman
[    0.302855] sdhci-pltfm: SDHCI platform and OF driver helper
[    0.317662] hw perfevents: enabled with armv7_cortex_a8 PMU driver, 5 (8000000f) counters available
[    0.318183] Initializing XFRM netlink socket
[    0.318330] NET: Registered PF_INET6 protocol family
[    0.324014] l3-aon-clkctrl:0000:0: failed to disable
[    0.325631] Segment Routing with IPv6
[    0.325714] In-situ OAM (IOAM) with IPv6
[    0.325811] sit: IPv6, IPv4 and MPLS over IPv4 tunneling driver
[    0.326736] NET: Registered PF_PACKET protocol family
[    0.326764] NET: Registered PF_KEY protocol family
[    0.326878] Key type dns_resolver registered
[    0.327099] ThumbEE CPU extension supported.
[    0.327120] Registering SWP/SWPB emulation handler
[    0.327639] omap_voltage_late_init: Voltage driver support not added
[    0.328322] SmartReflex Class3 initialized
[    0.360100] Loading compiled-in X.509 certificates
[    0.399635] /ocp/interconnect@44c00000/segment@200000/target-module@b000/i2c@0/tda19988@70: Fixed dependency cycle(s) with /ocp/interconnect@48000000/segment@300000/target-module@e000/lcdc@0
[    0.406078] /ocp/interconnect@44c00000/segment@200000/target-module@b000/i2c@0/tda19988@70: Fixed dependency cycle(s) with /ocp/interconnect@48000000/segment@300000/target-module@e000/lcdc@0
[    0.435262] /ocp/interconnect@44c00000/segment@200000/target-module@b000/i2c@0/tda19988@70: Fixed dependency cycle(s) with /ocp/interconnect@48000000/segment@300000/target-module@e000/lcdc@0
[    0.436085] /ocp/interconnect@44c00000/segment@200000/target-module@b000/i2c@0/tda19988@70: Fixed dependency cycle(s) with /ocp/interconnect@48000000/segment@300000/target-module@e000/lcdc@0
[    0.439305] /ocp/interconnect@44c00000/segment@200000/target-module@10000/scm@0/pinmux@800: Fixed dependency cycle(s) with /ocp/interconnect@44c00000/segment@200000/target-module@10000/scm@0/pinmux@800/clkout2-pins
[    0.439878] pinctrl-single 44e10800.pinmux: 142 pins, size 568
[    0.445212] ti-sysc 44e31000.target-module: probe with driver ti-sysc failed with error -16
[    0.471281] /ocp/interconnect@48000000/segment@300000/target-module@e000/lcdc@0: Fixed dependency cycle(s) with /ocp/interconnect@44c00000/segment@200000/target-module@b000/i 2c@0/tda19988@70
[    0.479011] ti-sysc 48040000.target-module: probe with driver ti-sysc failed with error -16
[    0.515648] OMAP GPIO hardware version 0.1
[    0.550859] omap_i2c 4819c000.i2c: bus 2 rev0.11 at 100 kHz
[    0.590579] 48000000.interconnect:segment@200000:target-module@0:mpu@0:fck: device ID is greater than 24
[    0.591451] /ocp/interconnect@48000000/segment@300000/target-module@e000/lcdc@0: Fixed dependency cycle(s) with /ocp/interconnect@44c00000/segment@200000/target-module@b000/ i2c@0/tda19988@70
[    0.594377] /ocp/interconnect@48000000/segment@300000/target-module@e000/lcdc@0: Fixed dependency cycle(s) with /ocp/interconnect@44c00000/segment@200000/target-module@b000/i2c@0/tda19988@70
[    0.595056] /ocp/interconnect@44c00000/segment@200000/target-module@b000/i2c@0/tda19988@70: Fixed dependency cycle(s) with /ocp/interconnect@48000000/segment@300000/target-module@e000/lcdc@0
[    0.595216] /ocp/interconnect@48000000/segment@300000/target-module@e000/lcdc@0: Fixed dependency cycle(s) with /ocp/interconnect@44c00000/segment@200000/target-module@b000/i2c@0/tda19988@70
[    0.605974] sdhci-omap 481d8000.mmc: supply pbias not found, using dummy regulator
[    0.606463] sdhci-omap 481d8000.mmc: supply vqmmc not found, using dummy regulator
[    0.662765] davinci_mdio 4a101000.mdio: davinci mdio revision 1.6, bus freq 1000000
[    0.772220] davinci_mdio 4a101000.mdio: phy[0]: device 4a101000.mdio:00, driver SMSC LAN8710/LAN8720
[    0.772996] cpsw-switch 4a100000.switch: initialized cpsw ale version 1.4
[    0.773018] cpsw-switch 4a100000.switch: ALE Table size 1024, Policers 0
[    0.773167] cpsw-switch 4a100000.switch: cpts: overflow check period 500 (jiffies)
[    0.773183] cpsw-switch 4a100000.switch: CPTS: ref_clk_freq:250000000 calc_mult:2147483648 calc_shift:29 error:0 nsec/sec
[    0.773285] cpsw-switch 4a100000.switch: Detected MACID = 6c:ec:eb:68:de:78
[    0.775133] cpsw-switch 4a100000.switch: initialized (regs 0x4a100000, pool size 256) hw_ver:0019010C 1.12 (0)
[   ply vqmmc not found, using dummy regulator
[    2.477646] mmc1: SDHCI controller on 481d8000.mmc [481d8000.mmc] using External DMA
[    2.486695] mmc0: SDHCI controller on 48060000.mmc [48060000.mmc] using External DMA
[    2.495565] cpsw-switch 4a100000.switch: starting ndev. mode: dual_mac
[    2.562080] mmc1: new high speed MMC card at address 0001
[    2.568875] mmcblk1: mmc1:0001 MMC04G 3.60 GiB
[    2.576563]  mmcblk1: p1 p2
[    2.580365] SMSC LAN8710/LAN8720 4a101000.mdio:00: attached PHY driver (mii_bus:phy_addr=4a101000.mdio:00, irq=POLL)
[    2.593017] mmcblk1boot0: mmc1:0001 MMC04G 2.00 MiB
[    2.605250] mmcblk1boot1: mmc1:0001 MMC04G 2.00 MiB
[    2.612381] mmcblk1rpmb: mmc1:0001 MMC04G 128 KiB, chardev (250:0)
[    2.664783] mmc0: new high speed SDHC card at address aaaa
[    2.671595] mmcblk0: mmc0:aaaa SE32G 29.7 GiB
[    2.680697]  mmcblk0: p1 p2
[    5.762472] cpsw-switch 4a100000.switch eth0: Link is Up - 100Mbps/Full - flow control off
[    5.801921] IP-Config: Complete:
[    5.805198]      device=eth0, hwaddr=6c:ec:eb:68:de:78, ipaddr=192.168.255.1, mask=255.255.255.0, gw=255.255.255.255
[    5.815862]      host=bbb1, domain=, nis-domain=(none)
[    5.821029]      bootserver=192.168.255.126, rootserver=192.168.255.126, rootpath=
[    5.821454] clk: Disabling unused clocks
[    5.833309] PM: genpd: Disabling unused power domains
[    5.838427] KTAP version 1
[    5.841151] 1..0
[    5.865804] VFS: Mounted root (nfs filesystem) on device 0:17.
[    5.872936] devtmpfs: mounted
[    5.877345] Freeing unused kernel image (initmem) memory: 1024K
[    5.884299] Run /sbin/init as init process
[    6.576723] systemd[1]: System time before build time, advancing clock.
[    8.031705] random: crng init done
[    8.072908] systemd[1]: systemd 232 running in system mode. (+PAM +AUDIT +SELINUX +IMA +APPARMOR +SMACK +SYSVINIT +UTMP +LIBCRYPTSETUP +GCRYPT +GNUTLS +ACL +XZ +LZ4 +SECCOMP +BLKID +ELFUTILS +KMOD +IDN)
[    8.092220] systemd[1]: Detected architecture arm.

Welcome to [1mDebian GNU/Linux 9 (stretch)[0m!

[    8.124751] systemd[1]: Set hostname to <arm>.
[    9.223358] systemd[1]: Listening on /dev/initctl Compatibility Named Pipe.
[[0;32m  OK  [0m] Listening on /dev/initctl Compatibility Named Pipe.
[    9.252780] systemd[1]: Listening on Journal Audit Socket.
[[0;32m  OK  [0m] Listening on Journal Audit Socket.
[    9.283662] systemd[1]: Listening on Syslog Socket.
[[0;32m  OK  [0m] Listening on Syslog Socket.
[    9.312660] systemd[1]: Started Dispatch Password Requests to Console Directory Watch.
[[0;32m  OK  [0m] Started Dispatch Password Requests to Console Directory Watch.
[    9.343407] systemd[1]: Set up automount Arbitrary Executable File Formats File System Automount Point.
[[0;32m  OK  [0m] Set up automount Arbitrary Executabâ€¦rmats File System Automount Point.
[    9.372105] systemd[1]: Reached target Remote File Systems.
[[0;32m  OK  [0m] Reached target Remote File Systems.
[    9.402520] systemd[1]: Listening on Journal Socket.
[[0;32m  OK  [0m] Listening on Journal Socket.
[[0;32m  OK  [0m] Started Forward Password Requests to Wall Directory Watch.
[[0;32m  OK  [0m] Reached target Encrypted Volumes.
[[0;32m  OK  [0m] Reached target Paths.
[[0;32m  OK  [0m] Created slice User and Session Slice.
[[0;32m  OK  [0m] Listening on Journal Socket (/dev/log).
[[0;32m  OK  [0m] Listening on udev Control Socket.
[[0;32m  OK  [0m] Listening on udev Kernel Socket.
[[0;32m  OK  [0m] Reached target Swap.
[[0;32m  OK  [0m] Created slice System Slice.
         Starting Create list of required stâ€¦ce nodes for the current kernel...
         Mounting Debug File System...
[[0;32m  OK  [0m] Created slice system-serial\x2dgetty.slice.
         Starting Journal Service...
         Starting Remount Root and Kernel File Systems...
[[0;32m  OK  [0m] Reached target Slices.
         Mounting POSIX Message Queue File System...
         Starting Load Kernel Modules...
[[0;32m  OK  [0m] Created slice system-getty.slice.
[[0;32m  OK  [0m] Mounted Debug File System.
[[0;32m  OK  [0m] Mounted POSIX Message Queue File System.
[[0;32m  OK  [0m] Started Create list of required staâ€¦vice nodes for the current kernel.
[[0;32m  OK  [0m] Started Remount Root and Kernel File Systems.
         Starting udev Coldplug all Devices...
         Starting Load/Save Random Seed...
         Starting Create Static Device Nodes in /dev...
[[0;32m  OK  [0m] Started Load Kernel Modules.
         Starting Apply Kernel Variables...
         Mounting Configuration File System...
[[0;32m  OK  [0m] Started Load/Save Random Seed.
[[0;32m  OK  [0m] Mounted Configuration File System.
[[0;32m  OK  [0m] Started Apply Kernel Variables.
[[0;32m  OK  [0m] Started Create Static Device Nodes in /dev.
[[0;32m  OK  [0m] Started Journal Service.
         Starting Flush Journal to Persistent Storage...
         Starting udev Kernel Device Manager...
[[0;32m  OK  [0m] Reached target Local File Systems (Pre).
[[0;32m  OK  [0m] Reached target Local File Systems.
         Starting Raise network interfaces...
[   11.543395] systemd-journald[87]: Received request to flush runtime journal from PID 1
[[0;32m  OK  [0m] Started Flush Journal to Persistent Storage.
         Starting Create Volatile Files and Directories...
[[0;32m  OK  [0m] Started udev Kernel Device Manager.
[[0;32m  OK  [0m] Started Create Volatile Files and Directories.
         Starting Update UTMP about System Boot/Shutdown...
         Starting Network Time Synchronization...
[[0;32m  OK  [0m] Started Update UTMP about System Boot/Shutdown.
[[0;32m  OK  [0m] Started udev Coldplug all Devices.
[   14.578932] remoteproc remoteproc0: wkup_m3 is available
[   14.745178] omap_rtc 44e3e000.rtc: registered as rtc0
[   14.750357] omap_rtc 44e3e000.rtc: setting system clock to 2000-01-01T00:00:00 UTC (946684800)
[   14.913587] omap_wdt: OMAP Watchdog Timer Rev 0x01: initial timeout 60 sec
[   15.017892] am335x-phy-driver 47401300.usb-phy: dummy supplies not allowed for exclusive requests (id=vbus)
[   15.150168] at24 2-0054: supply vcc not found, using dummy regulator
[   15.158936] tps6521x_pwrbutton tps65217-pwrbutton: DMA mask not set
[   15.275194] input: tps65217_pwrbutton as /devices/platform/ocp/44c00000.interconnect/44c00000.interconnect:segment@200000/44e0b000.target-module/44e0b000.i2c/i2c-0/0-0024/tps65217-pwrbutton/input/input0
[   15.314319] at24 2-0055: supply vcc not found, using dummy regulator
[   15.416108] at24 2-0056: supply vcc not found, using dummy regulator
[   15.496178] at24 2-0057: supply vcc not found, using dummy regulator
[[0;32m  OK  [0m] Found device /dev/ttyS0.
[   15.574276] am335x-phy-driver 47401b00.usb-phy: dummy supplies not allowed for exclusive requests (id=vbus)
[   15.640059] wkup_m3_ipc 44e11324.wkup_m3_ipc: IPC Request for A8->M3 Channel failed! -517
[   15.683856] at24 0-0050: 32768 byte 24c256 EEPROM, writable, 1 bytes/write
[   15.698205] wkup_m3_ipc 44e11324.wkup_m3_ipc: IPC Request for A8->M3 Channel failed! -517
[[0;32m  OK  [0m] Started Network Time Synchronization.
[[0;32m  OK  [0m] Reached target System Time Synchronized.
[   16.002817] wkup_m3_ipc 44e11324.wkup_m3_ipc: IPC Request for A8->M3 Channel failed! -517
[[0;32m  OK  [0m] Reached target System Initialization.
[[0;32m  OK  [0m] Started Daily apt download activities.
[[0;32m  OK  [0m] Started Daily Cleanup of Temporary Directories.
[   16.178500] usbcore: registered new interface driver usbfs
[   16.185894] usbcore: registered new interface driver hub
[   16.191349] usbcore: registered new device driver usb
[[0;32m  OK  [0m] Listening on Avahi mDNS/DNS-SD Stack Activation Socket.
[[0;32m  OK  [0m] Started Daily apt upgrade and clean activities.
[[0;32m  OK  [0m] Reached target Timers.
[[0;32m  OK  [0m] Listening on D-Bus System Message Bus Socket.
[[0;32m  OK  [0m] Reached target Sockets.
[[0;32m  OK  [0m] Reached target Basic System.
         Starting LSB: Start busybox udhcpd at boot time...
         Starting Telephony service...
[   16.760240] tda998x 0-0070: found TDA19988
[   16.840957] wkup_m3_ipc 44e11324.wkup_m3_ipc: IPC Request for A8->M3 Channel failed! -517
         Starting System Logging Service...
[   17.005357] musb-hdrc musb-hdrc.1: MUSB HDRC host driver
[   17.010773] musb-hdrc musb-hdrc.1: new USB bus registered, assigned bus number 1
[   17.026897] wkup_m3_ipc 44e11324.wkup_m3_ipc: IPC Request for A8->M3 Channel failed! -517
         Starting Cape Manager Service...
[   17.164192] wkup_m3_ipc 44e11324.wkup_m3_ipc: IPC Request for A8->M3 Channel failed! -517
[   17.260299] usb usb1: New USB device found, idVendor=1d6b, idProduct=0002, bcdDevice= 6.12
[   17.268796] usb usb1: New USB device strings: Mfr=3, Product=2, SerialNumber=1
[   17.276136] usb usb1: Product: MUSB HDRC host driver
[   17.281133] usb usb1: Manufacturer: Linux 6.12.49 musb-hcd
[   17.286686] usb usb1: SerialNumber: musb-hdrc.1
[[0;32m  OK  [0m] Started Regular background program processing daemon.
[   17.490995] omap-mailbox 480c8000.mailbox: omap mailbox rev 0x400
[   17.562877] remoteproc remoteproc0: powering up wkup_m3
         Starting Login Service...
         Starting LSB: Load kernel modules needed to enable cpufreq scaling...
[   17.744429] hub 1-0:1.0: USB hub found
[   17.835525] remoteproc remoteproc0: Direct firmware load for am335x-pm-firmware.elf failed with error -2
[   17.845207] remoteproc remoteproc0: request_firmware failed: -2
[   17.851168] wkup_m3_ipc 44e11324.wkup_m3_ipc: rproc_boot failed
[   17.869140] hub 1-0:1.0: 1 port detected
         Starting DUN service...
         Starting Generic Board Startup...
         Starting Avahi mDNS/DNS-SD Stack...
[[0;32m  OK  [0m] Started D-Bus System Message Bus.
[   20.470951] omap_rng 48310000.rng: Random Number Generator ver. 20
[   20.497621] tilcdc 4830e000.lcdc: bound 0-0070 (ops tda998x_audio_codec_init [tda998x])
[   20.586294] [drm] Initialized tilcdc 1.0.0 for 4830e000.lcdc on minor 0
[   20.672233] tilcdc 4830e000.lcdc: [drm] Cannot find any crtc or sizes
[   20.787638] tilcdc 4830e000.lcdc: [drm] Cannot find any crtc or sizes
[   21.301006] PM: Cannot get wkup_m3_ipc handle
[   21.406082] omap-sham 53100000.sham: hw accel on OMAP rev 4.3
[   21.499699] omap-sham 53100000.sham: will run requests pump with realtime priority
[   21.508505] PM: Cannot get wkup_m3_ipc handle
[   21.749768] omap-aes 53500000.aes: OMAP AES hw accel rev: 3.2
[   21.884271] omap-aes 53500000.aes: will run requests pump with realtime priority
[   21.897431] PM: Cannot get wkup_m3_ipc handle
[[0;32m  OK  [0m] Started Telephony service.
[[0;32m  OK  [0m] Started Avahi mDNS/DNS-SD Stack.
[[0;32m  OK  [0m] Started DUN service.
         Starting Connection service...
[[0;32m  OK  [0m] Started System Logging Service.
[[0;32m  OK  [0m] Started Cape Manager Service.
[   23.548706] Bluetooth: Core ver 2.22
[   23.552785] NET: Registered PF_BLUETOOTH protocol family
[   23.558138] Bluetooth: HCI device and connection manager initialized
[   23.564670] Bluetooth: HCI socket layer initialized
[   23.569588] Bluetooth: L2CAP socket layer initialized
[   23.574777] Bluetooth: SCO socket layer initialized
[   25.027533] PM: Cannot get wkup_m3_ipc handle
[   25.142803] PM: Cannot get wkup_m3_ipc handle
[[0;32m  OK  [0m] Started LSB: Start busybox udhcpd at boot time.
[[0;32m  OK  [0m] Started Raise network interfaces.
[[0;32m  OK  [0m] Started LSB: Load kernel modules needed to enable cpufreq scaling.
[   28.337051] configfs-gadget.g_multi gadget.0: HOST MAC 1c:ba:8c:a2:ed:6c
[   28.344264] configfs-gadget.g_multi gadget.0: MAC 1c:ba:8c:a2:ed:70
[   28.351819] configfs-gadget.g_multi gadget.0: HOST MAC 1c:ba:8c:a2:ed:6c
[   28.358590] configfs-gadget.g_multi gadget.0: MAC 1c:ba:8c:a2:ed:6d
[   28.365965] PM: Cannot get wkup_m3_ipc handle
[[0;32m  OK  [0m] Started Connection service.
[[0;32m  OK  [0m] Started Login Service.
[[0;32m  OK  [0m] Reached target Sound Card.
         Starting LSB: set CPUFreq kernel parameters...
[[0;32m  OK  [0m] Reached target Network.
         Starting The Apache HTTP Server...
         Starting OpenBSD Secure Shell server...
         Starting Permit User Sessions...
[[0;32m  OK  [0m] Reached target Network is Online.
         Starting LSB: Advanced IEEE 802.11 management daemon...
[[0;32m  OK  [0m] Started LSB: Advanced IEEE 802.11 management daemon.
[[0;32m  OK  [0m] Started Permit User Sessions.
         Starting Hostname Service...
[[0;32m  OK  [0m] Started Getty on tty1.
[[0;32m  OK  [0m] Started Serial Getty on ttyS0.
[[0;32m  OK  [0m] Reached target Login Prompts.
         Starting WPA supplicant...
[[0;32m  OK  [0m] Started LSB: set CPUFreq kernel parameters.
[[0;32m  OK  [0m] Started Hostname Service.
[[0;32m  OK  [0m] Started WPA supplicant.
[[0;32m  OK  [0m] Started OpenBSD Secure Shell server.
         Stopping LSB: Start busybox udhcpd at boot time...
[[0;32m  OK  [0m] Stopped LSB: Start busybox udhcpd at boot time.
[[0;32m  OK  [0m] Started The Apache HTTP Server.
         Starting dnsmasq - A lightweight DHCP and caching DNS server...
[[0;32m  OK  [0m] Started dnsmasq - A lightweight DHCP and caching DNS server.
[[0;32m  OK  [0m] Reached target Host and Network Name Lookups.
[[0;32m  OK  [0m] Started Serial Getty on ttyGS0.
[[0;32m  OK  [0m] Started Generic Board Startup.
[[0;32m  OK  [0m] Reached target Multi-User System.
[[0;32m  OK  [0m] Reached target Graphical Interface.
         Starting Update UTMP about System Runlevel Changes...
[[0;32m  OK  [0m] Started Update UTMP about System Runlevel Changes.

Debian GNU/Linux 9 arm ttyS0

default username:password is [debian:temppwd]

arm login: root
Password: 
Last login: Sat Jan  1 00:00:33 UTC 2000 on ttyS0
root
Linux arm 6.12.49 #1 SMP Thu Sep 25 14:05:40 EEST 2025 armv7l

The programs included with the Debian GNU/Linux system are free software;
the exact distribution terms for each program are described in the
individual files in /usr/share/doc/*/copyright.

Debian GNU/Linux comes with ABSOLUTELY NO WARRANTY, to the extent
permitted by applicable law.
root@arm:~# root
-bash: root: command not found
root@arm:~# dmesg -n 1
root@arm:~# echo 'EXNH''WEAGBK'
EXNHWEAGBK
root@arm:~# run() { echo -n "$MARKER"; sh -c "$@"; echo "$MARKER $?"; }
root@arm:~# echo 'HMFO''GZFTHA'
HMFOGZFTHA
root@arm:~# MARKER='UFTN''NPXWOC' run 'cat /proc/version'
UFTNNPXWOCLinux version 6.12.49 (user01@drvtest01) (arm-none-eabi-gcc (Arm GNU Toolchain 14.2.Rel1 (Build arm-14.52)) 14.2.1 20241119, GNU ld (Arm GNU Toolchain 14.2.Rel1 (Build arm-14.52)) 2.43.1.20241119) #1 SMP Thu Sep 25 14:05:40 EEST 2025
UFTNNPXWOC 0
root@arm:~# echo 'OZNU''GUEVNW'
OZNUGUEVNW
root@arm:~# MARKER='PSLT''WJMALW' run false
PSLTWJMALWPSLTWJMALW 1
root@arm:~# Labgrid Console Logfile for main
Logfile started at 2025-09-25 14:08:14.912298
=== Log starts here ===

root@arm:~# run() { echo -n "$MARKER"; sh -c "$@"; echo "$MARKER $?"; }
root@arm:~# echo 'CNMN''SLBOXG'
CNMNSLBOXG
root@arm:~# MARKER='TLFL''JXBCQW' run 'ls /iio_generic_buffer; echo $?'
TLFLJXBCQW/iio_generic_buffer
0
TLFLJXBCQW 0
root@arm:~# Labgrid Console Logfile for main
Logfile started at 2025-09-25 14:08:18.259046
=== Log starts here ===

root@arm:~# run() { echo -n "$MARKER"; sh -c "$@"; echo "$MARKER $?"; }
root@arm:~# echo 'NQAA''QTJKZM'
NQAAQTJKZM
root@arm:~# MARKER='HNYV''UQPXGG' run dmesg
HNYVUQPXGG[    0.000000] Booting Linux on physical CPU 0x0
[    0.000000] Linux version 6.12.49 (user01@drvtest01) (arm-none-eabi-gcc (Arm GNU Toolchain 14.2.Rel1 (Build arm-14.52)) 14.2.1 20241119, GNU ld (Arm GNU Toolchain 14.2.Rel1 (Build arm-14.52)) 2.43.1.20241119) #1 SMP Thu Sep 25 14:05:40 EEST 2025
[    0.000000] CPU: ARMv7 Processor [413fc082] revision 2 (ARMv7), cr=10c5387d
[    0.000000] CPU: PIPT / VIPT nonaliasing data cache, VIPT aliasing instruction cache
[    0.000000] OF: fdt: Machine model: TI AM335x BeagleBone Black
[    0.000000] Memory policy: Data cache writeback
[    0.000000] cma: Reserved 16 MiB at 0x9e800000 on node -1
[    0.000000] Zone ranges:
[    0.000000]   Normal   [mem 0x0000000080000000-0x000000009fdfffff]
[    0.000000]   HighMem  empty
[    0.000000] Movable zone start for each node
[    0.000000] Early memory node ranges
[    0.000000]   node   0: [mem 0x0000000080000000-0x000000009fdfffff]
[    0.000000] Initmem setup node 0 [mem 0x0000000080000000-0x000000009fdfffff]
[    0.000000] OF: reserved mem: Reserved memory: No reserved-memory node in the DT
[    0.000000] CPU: All CPU(s) started in SVC mode.
[    0.000000] AM335X ES2.1 (sgx neon)
[    0.000000] percpu: Embedded 17 pages/cpu s40396 r8192 d21044 u69632
[    0.000000] pcpu-alloc: s40396 r8192 d21044 u69632 alloc=17*4096
[    0.000000] pcpu-alloc: [0] 0 
[    0.000000] Kernel command line: console=ttyO0,115200n8 root=/dev/nfs rw nfsroot=192.168.255.126:/home/user01/nfs,nfsvers=3 ip=192.168.255.1:192.168.255.126::255.255.255.0:bbb1:eth0 nfsrootdebug
[    0.000000] Unknown kernel command line parameters "nfsrootdebug", will be passed to user space.
[    0.000000] Dentry cache hash table entries: 65536 (order: 6, 262144 bytes, linear)
[    0.000000] Inode-cache hash table entries: 32768 (order: 5, 131072 bytes, linear)
[    0.000000] Built 1 zonelists, mobility grouping on.  Total pages: 130560
[    0.000000] mem auto-init: stack:off, heap alloc:off, heap free:off
[    0.000000] SLUB: HWalign=64, Order=0-3, MinObjects=0, CPUs=1, Nodes=1
[    0.000000] rcu: Hierarchical RCU implementation.
[    0.000000] rcu: 	RCU event tracing is enabled.
[    0.000000] rcu: 	RCU restricting CPUs from NR_CPUS=2 to nr_cpu_ids=1.
[    0.000000] rcu: RCU calculated value of scheduler-enlistment delay is 10 jiffies.
[    0.000000] rcu: Adjusting geometry for rcu_fanout_leaf=16, nr_cpu_ids=1
[    0.000000] NR_IRQS: 16, nr_irqs: 16, preallocated irqs: 16
[    0.000000] IRQ: Found an INTC at 0x(ptrval) (revision 5.0) with 128 interrupts
[    0.000000] rcu: srcu_init: Setting srcu_struct sizes based on contention.
[    0.000000] TI gptimer clocksource: always-on /ocp/interconnect@44c00000/segment@200000/target-module@31000
[    0.000003] sched_clock: 32 bits at 24MHz, resolution 41ns, wraps every 89478484971ns
[    0.000028] clocksource: dmtimer: mask: 0xffffffff max_cycles: 0xffffffff, max_idle_ns: 79635851949 ns
[    0.000485] TI gptimer clockevent: 24000000 Hz at /ocp/interconnect@48000000/segment@0/target-module@40000
[    0.002076] Console: colour dummy device 80x30
[    0.002139] WARNING: Your 'console=ttyO0' has been replaced by 'ttyS0'
[    0.002147] This ensures that you still see kernel messages. Please
[    0.002152] update your kernel commandline.
[    0.002197] Calibrating delay loop... 996.14 BogoMIPS (lpj=4980736)
[    0.090532] CPU: Testing write buffer coherency: ok
[    0.090641] CPU0: Spectre v2: using BPIALL workaround
[    0.090653] pid_max: default: 32768 minimum: 301
[    0.090776] LSM: initializing lsm=capability
[    0.090950] Mount-cache hash table entries: 1024 (order: 0, 4096 bytes, linear)
[    0.090972] Mountpoint-cache hash table entries: 1024 (order: 0, 4096 bytes, linear)
[    0.092538] CPU0: thread -1, cpu 0, socket -1, mpidr 0
[    0.094630] Setting up static identity map for 0x80100000 - 0x80100078
[    0.094970] rcu: Hierarchical SRCU implementation.
[    0.094980] rcu: 	Max phase no-delay instances is 1000.
[    0.096758] smp: Bringing up secondary CPUs ...
[    0.096808] smp: Brought up 1 node, 1 CPU
[    0.096822] SMP: Total of 1 processors activated (996.14 BogoMIPS).
[    0.096833] CPU: All CPU(s) started in SVC mode.
[    0.097016] Memory: 480856K/522240K available (11264K kernel code, 1220K rwdata, 2880K rodata, 1024K init, 298K bss, 23372K reserved, 16384K cma-reserved, 0K highmem)
[    0.097838] devtmpfs: initialized
[    0.114126] VFP support v0.3: implementor 41 architecture 3 part 30 variant c rev 3
[    0.114471] clocksource: jiffies: mask: 0xffffffff max_cycles: 0xffffffff, max_idle_ns: 19112604462750000 ns
[    0.114507] futex hash table entries: 256 (order: 2, 16384 bytes, linear)
[    0.115775] pinctrl core: initialized pinctrl subsystem
[    0.117903] NET: Registered PF_NETLINK/PF_ROUTE protocol family
[    0.121005] DMA: preallocated 256 KiB pool for atomic coherent allocations
[    0.121919] audit: initializing netlink subsys (disabled)
[    0.123275] thermal_sys: Registered thermal governor 'fair_share'
[    0.123292] thermal_sys: Registered thermal governor 'step_wise'
[    0.123300] thermal_sys: Registered thermal governor 'user_space'
[    0.123417] audit: type=2000 audit(0.120:1): state=initialized audit_enabled=0 res=1
[    0.123490] cpuidle: using governor menu
[    0.141513] /ocp/interconnect@44c00000/segment@200000/target-module@b000/i2c@0/tda19988@70: Fixed dependency cycle(s) with /ocp/interconnect@48000000/segment@300000/target-module@e000/lcdc@0
[    0.142631] /ocp/interconnect@48000000/segment@300000/target-module@e000/lcdc@0: Fixed dependency cycle(s) with /ocp/interconnect@44c00000/segment@200000/target-module@b000/i2c@0/tda19988@70
[    0.144793] No ATAGs?
[    0.144811] hw-breakpoint: debug architecture 0x4 unsupported.
[    0.147441] kprobes: kprobe jump-optimization is enabled. All kprobes are optimized if possible.
[    0.154119] iommu: Default domain type: Translated
[    0.154140] iommu: DMA domain TLB invalidation policy: strict mode
[    0.155704] reg-fixed-voltage fixedregulator0: using DT '/fixedregulator0' for '(default)' GPIO lookup
[    0.155759] of_get_named_gpiod_flags: can't parse 'gpios' property of node '/fixedregulator0[0]'
[    0.155790] of_get_named_gpiod_flags: can't parse 'gpio' property of node '/fixedregulator0[0]'
[    0.155809] reg-fixed-voltage fixedregulator0: using lookup tables for GPIO lookup
[    0.155820] reg-fixed-voltage fixedregulator0: No GPIO consumer (default) found
[    0.161380] SCSI subsystem initialized
[    0.161884] libata version 3.00 loaded.
[    0.162247] pps_core: LinuxPPS API ver. 1 registered
[    0.162258] pps_core: Software ver. 5.3.6 - Copyright 2005-2007 Rodolfo Giometti <giometti@linux.it>
[    0.162282] PTP clock support registered
[    0.171328] vgaarb: loaded
[    0.171680] clocksource: Switched to clocksource dmtimer
[    0.172338] VFS: Disk quotas dquot_6.6.0
[    0.172379] VFS: Dquot-cache hash table entries: 1024 (order 0, 4096 bytes)
[    0.197867] NET: Registered PF_INET protocol family
[    0.198209] IP idents hash table entries: 8192 (order: 4, 65536 bytes, linear)
[    0.199586] tcp_listen_portaddr_hash hash table entries: 512 (order: 0, 4096 bytes, linear)
[    0.199625] Table-perturb hash table entries: 65536 (order: 6, 262144 bytes, linear)
[    0.199642] TCP established hash table entries: 4096 (order: 2, 16384 bytes, linear)
[    0.199688] TCP bind hash table entries: 4096 (order: 4, 65536 bytes, linear)
[    0.199788] TCP: Hash tables configured (established 4096 bind 4096)
[    0.199905] UDP hash table entries: 256 (order: 1, 8192 bytes, linear)
[    0.199934] UDP-Lite hash table entries: 256 (order: 1, 8192 bytes, linear)
[    0.200106] NET: Registered PF_UNIX/PF_LOCAL protocol family
[    0.212538] RPC: Registered named UNIX socket transport module.
[    0.212562] RPC: Registered udp transport module.
[    0.212568] RPC: Registered tcp transport module.
[    0.212573] RPC: Registered tcp-with-tls transport module.
[    0.212578] RPC: Registered tcp NFSv4.1 backchannel transport module.
[    0.212603] PCI: CLS 0 bytes, default 64
[    0.213994] Initialise system trusted keyrings
[    0.214783] workingset: timestamp_bits=14 max_order=17 bucket_order=3
[    0.216371] NFS: Registering the id_resolver key type
[    0.216446] Key type id_resolver registered
[    0.216455] Key type id_legacy registered
[    0.216507] jffs2: version 2.2. (NAND) (SUMMARY)  Â© 2001-2006 Red Hat, Inc.
[    0.216924] Key type asymmetric registered
[    0.216940] Asymmetric key parser 'x509' registered
[    0.217010] io scheduler mq-deadline registered
[    0.217020] io scheduler kyber registered
[    0.217088] io scheduler bfq registered
[    0.218958] target-module@4b000000:target-module@140000:pmu@0:fck: device ID is greater than 24
[    0.225101] l3-aon-clkctrl:0000:0: failed to disable
[    0.232237] ledtrig-cpu: registered to indicate activity on CPUs
[    0.235059] Serial: 8250/16550 driver, 6 ports, IRQ sharing enabled
[    0.276951] brd: module loaded
[    0.296967] loop: module loaded
[    0.297895] mtdoops: mtd device (mtddev=name/number) must be supplied
[    0.299613] mdio_bus fixed-0: using lookup tables for GPIO lookup
[    0.299635] mdio_bus fixed-0: No GPIO consumer reset found
[    0.301014] i2c_dev: i2c /dev entries driver
[    0.302196] cpuidle: enable-method property 'ti,am3352' found operations
[    0.302670] sdhci: Secure Digital Host Controller Interface driver
[    0.302680] sdhci: Copyright(c) Pierre Ossman
[    0.302855] sdhci-pltfm: SDHCI platform and OF driver helper
[    0.317662] hw perfevents: enabled with armv7_cortex_a8 PMU driver, 5 (8000000f) counters available
[    0.318183] Initializing XFRM netlink socket
[    0.318330] NET: Registered PF_INET6 protocol family
[    0.324014] l3-aon-clkctrl:0000:0: failed to disable
[    0.325631] Segment Routing with IPv6
[    0.325714] In-situ OAM (IOAM) with IPv6
[    0.325811] sit: IPv6, IPv4 and MPLS over IPv4 tunneling driver
[    0.326736] NET: Registered PF_PACKET protocol family
[    0.326764] NET: Registered PF_KEY protocol family
[    0.326878] Key type dns_resolver registered
[    0.327099] ThumbEE CPU extension supported.
[    0.327120] Registering SWP/SWPB emulation handler
[    0.327639] omap_voltage_late_init: Voltage driver support not added
[    0.328322] SmartReflex Class3 initialized
[    0.360100] Loading compiled-in X.509 certificates
[    0.399635] /ocp/interconnect@44c00000/segment@200000/target-module@b000/i2c@0/tda19988@70: Fixed dependency cycle(s) with /ocp/interconnect@48000000/segment@300000/target-module@e000/lcdc@0
[    0.406078] /ocp/interconnect@44c00000/segment@200000/target-module@b000/i2c@0/tda19988@70: Fixed dependency cycle(s) with /ocp/interconnect@48000000/segment@300000/target-module@e000/lcdc@0
[    0.411291] gpiochip_find_base_unlocked: found new base at 512
[    0.435262] /ocp/interconnect@44c00000/segment@200000/target-module@b000/i2c@0/tda19988@70: Fixed dependency cycle(s) with /ocp/interconnect@48000000/segment@300000/target-module@e000/lcdc@0
[    0.436085] /ocp/interconnect@44c00000/segment@200000/target-module@b000/i2c@0/tda19988@70: Fixed dependency cycle(s) with /ocp/interconnect@48000000/segment@300000/target-module@e000/lcdc@0
[    0.439305] /ocp/interconnect@44c00000/segment@200000/target-module@10000/scm@0/pinmux@800: Fixed dependency cycle(s) with /ocp/interconnect@44c00000/segment@200000/target-module@10000/scm@0/pinmux@800/clkout2-pins
[    0.439878] pinctrl-single 44e10800.pinmux: 142 pins, size 568
[    0.445212] ti-sysc 44e31000.target-module: probe with driver ti-sysc failed with error -16
[    0.471281] /ocp/interconnect@48000000/segment@300000/target-module@e000/lcdc@0: Fixed dependency cycle(s) with /ocp/interconnect@44c00000/segment@200000/target-module@b000/i2c@0/tda19988@70
[    0.479011] ti-sysc 48040000.target-module: probe with driver ti-sysc failed with error -16
[    0.489846] gpiochip_find_base_unlocked: found new base at 512
[    0.489947] gpio gpiochip0: (gpio-0-31): created GPIO range 0->7 ==> 44e10800.pinmux PIN 0->7
[    0.489965] gpio gpiochip0: (gpio-0-31): created GPIO range 8->11 ==> 44e10800.pinmux PIN 90->93
[    0.489980] gpio gpiochip0: (gpio-0-31): created GPIO range 12->27 ==> 44e10800.pinmux PIN 12->27
[    0.489995] gpio gpiochip0: (gpio-0-31): created GPIO range 28->31 ==> 44e10800.pinmux PIN 30->33
[    0.515387] gpio gpiochip0: (gpio-0-31): added GPIO chardev (254:0)
[    0.515553] gpio gpiochip0: registered GPIOs 512 to 543 on gpio-0-31
[    0.515648] OMAP GPIO hardware version 0.1
[    0.549844] i2c i2c-2: using DT '/ocp/interconnect@48000000/segment@100000/target-module@9c000/i2c@0' for 'scl' GPIO lookup
[    0.549917] of_get_named_gpiod_flags: can't parse 'scl-gpios' property of node '/ocp/interconnect@48000000/segment@100000/target-module@9c000/i2c@0[0]'
[    0.549961] of_get_named_gpiod_flags: can't parse 'scl-gpio' property of node '/ocp/interconnect@48000000/segment@100000/target-module@9c000/i2c@0[0]'
[    0.549996] i2c i2c-2: using lookup tables for GPIO lookup
[    0.550004] i2c i2c-2: No GPIO consumer scl found
[    0.550026] i2c i2c-2: using DT '/ocp/interconnect@48000000/segment@100000/target-module@9c000/i2c@0' for 'sda' GPIO lookup
[    0.550061] of_get_named_gpiod_flags: can't parse 'sda-gpios' property of node '/ocp/interconnect@48000000/segment@100000/target-module@9c000/i2c@0[0]'
[    0.550097] of_get_named_gpiod_flags: can't parse 'sda-gpio' property of node '/ocp/interconnect@48000000/segment@100000/target-module@9c000/i2c@0[0]'
[    0.550127] i2c i2c-2: using lookup tables for GPIO lookup
[    0.550134] i2c i2c-2: No GPIO consumer sda found
[    0.550859] omap_i2c 4819c000.i2c: bus 2 rev0.11 at 100 kHz
[    0.556294] gpiochip_find_base_unlocked: found new base at 544
[    0.556395] gpio gpiochip1: (gpio-32-63): created GPIO range 0->17 ==> 44e10800.pinmux PIN 34->51
[    0.556412] gpio gpiochip1: (gpio-32-63): created GPIO range 18->21 ==> 44e10800.pinmux PIN 77->80
[    0.556427] gpio gpiochip1: (gpio-32-63): created GPIO range 22->31 ==> 44e10800.pinmux PIN 56->65
[    0.582029] gpio gpiochip1: (gpio-32-63): added GPIO chardev (254:1)
[    0.582203] gpio gpiochip1: registered GPIOs 544 to 575 on gpio-32-63
[    0.584372] gpiochip_find_base_unlocked: found new base at 576
[    0.584466] gpio gpiochip2: (gpio-64-95): created GPIO range 0->4 ==> 44e10800.pinmux PIN 66->70
[    0.584485] gpio gpiochip2: (gpio-64-95): created GPIO range 5->6 ==> 44e10800.pinmux PIN 98->99
[    0.584500] gpio gpiochip2: (gpio-64-95): created GPIO range 7->8 ==> 44e10800.pinmux PIN 75->76
[    0.584515] gpio gpiochip2: (gpio-64-95): created GPIO range 13->13 ==> 44e10800.pinmux PIN 141->141
[    0.584530] gpio gpiochip2: (gpio-64-95): created GPIO range 14->21 ==> 44e10800.pinmux PIN 100->107
[    0.585152] gpio gpiochip2: (gpio-64-95): added GPIO chardev (254:2)
[    0.585283] gpio gpiochip2: registered GPIOs 576 to 607 on gpio-64-95
[    0.590579] 48000000.interconnect:segment@200000:target-module@0:mpu@0:fck: device ID is greater than 24
[    0.591451] /ocp/interconnect@48000000/segment@300000/target-module@e000/lcdc@0: Fixed dependency cycle(s) with /ocp/interconnect@44c00000/segment@200000/target-module@b000/i2c@0/tda19988@70
[    0.594377] /ocp/interconnect@48000000/segment@300000/target-module@e000/lcdc@0: Fixed dependency cycle(s) with /ocp/interconnect@44c00000/segment@200000/target-module@b000/i2c@0/tda19988@70
[    0.595056] /ocp/interconnect@44c00000/segment@200000/target-module@b000/i2c@0/tda19988@70: Fixed dependency cycle(s) with /ocp/interconnect@48000000/segment@300000/target-module@e000/lcdc@0
[    0.595216] /ocp/interconnect@48000000/segment@300000/target-module@e000/lcdc@0: Fixed dependency cycle(s) with /ocp/interconnect@44c00000/segment@200000/target-module@b000/i2c@0/tda19988@70
[    0.604460] mdio_bus 4a101000.mdio: using DT '/ocp/interconnect@4a000000/segment@0/target-module@100000/switch@0/mdio@1000' for 'reset' GPIO lookup
[    0.604532] of_get_named_gpiod_flags: can't parse 'reset-gpios' property of node '/ocp/interconnect@4a000000/segment@0/target-module@100000/switch@0/mdio@1000[0]'
[    0.604579] of_get_named_gpiod_flags: can't parse 'reset-gpio' property of node '/ocp/interconnect@4a000000/segment@0/target-module@100000/switch@0/mdio@1000[0]'
[    0.604624] mdio_bus 4a101000.mdio: using lookup tables for GPIO lookup
[    0.604633] mdio_bus 4a101000.mdio: No GPIO consumer reset found
[    0.605637] sdhci-omap 481d8000.mmc: using DT '/ocp/interconnect@48000000/segment@100000/target-module@d8000/mmc@0' for 'wp' GPIO lookup
[    0.605698] of_get_named_gpiod_flags: can't parse 'wp-gpios' property of node '/ocp/interconnect@48000000/segment@100000/target-module@d8000/mmc@0[0]'
[    0.605740] of_get_named_gpiod_flags: can't parse 'wp-gpio' property of node '/ocp/interconnect@48000000/segment@100000/target-module@d8000/mmc@0[0]'
[    0.605772] sdhci-omap 481d8000.mmc: using lookup tables for GPIO lookup
[    0.605781] sdhci-omap 481d8000.mmc: No GPIO consumer wp found
[    0.605974] sdhci-omap 481d8000.mmc: supply pbias not found, using dummy regulator
[    0.606463] sdhci-omap 481d8000.mmc: supply vqmmc not found, using dummy regulator
[    0.662765] davinci_mdio 4a101000.mdio: davinci mdio revision 1.6, bus freq 1000000
[    0.684589] mdio_bus 4a101000.mdio:00: using DT '/ocp/interconnect@4a000000/segment@0/target-module@100000/switch@0/mdio@1000/ethernet-phy@0' for 'reset' GPIO lookup
[    0.684690] of_get_named_gpiod_flags: parsed 'reset-gpios' property of node '/ocp/interconnect@4a000000/segment@0/target-module@100000/switch@0/mdio@1000/ethernet-phy@0[0]' - status (0)
[    0.684857] gpio gpiochip0: Persistence not supported for GPIO 8
[    0.772220] davinci_mdio 4a101000.mdio: phy[0]: device 4a101000.mdio:00, driver SMSC LAN8710/LAN8720
[    0.772996] cpsw-switch 4a100000.switch: initialized cpsw ale version 1.4
[    0.773018] cpsw-switch 4a100000.switch: ALE Table size 1024, Policers 0
[    0.773167] cpsw-switch 4a100000.switch: cpts: overflow check period 500 (jiffies)
[    0.773183] cpsw-switch 4a100000.switch: CPTS: ref_clk_freq:250000000 calc_mult:2147483648 calc_shift:29 error:0 nsec/sec
[    0.773285] cpsw-switch 4a100000.switch: Detected MACID = 6c:ec:eb:68:de:78
[    0.775133] cpsw-switch 4a100000.switch: initialized (regs 0x4a100000, pool size 256) hw_ver:0019010C 1.12 (0)
[    0.785669] debugfs: Directory '49000000.dma' with parent 'dmaengine' already present!
[    0.785710] edma 49000000.dma: TI EDMA DMA engine driver
[    0.803086] gpio-clk clk_mcasp0: using DT '/clk_mcasp0' for 'enable' GPIO lookup
[    0.803166] of_get_named_gpiod_flags: parsed 'enable-gpios' property of node '/clk_mcasp0[0]' - status (0)
[    0.803211] gpio gpiochip0: Persistence not supported for GPIO 27
[    0.804104] gpiochip_find_base_unlocked: found new base at 608
[    0.804220] gpio gpiochip3: (gpio-96-127): created GPIO range 0->7 ==> 44e10800.pinmux PIN 82->89
[    0.804240] gpio gpiochip3: (gpio-96-127): created GPIO range 8->11 ==> 44e10800.pinmux PIN 52->55
[    0.804256] gpio gpiochip3: (gpio-96-127): created GPIO range 12->15 ==> 44e10800.pinmux PIN 94->97
[    0.804271] gpio gpiochip3: (gpio-96-127): created GPIO range 16->17 ==> 44e10800.pinmux PIN 71->72
[    0.804286] gpio gpiochip3: (gpio-96-127): created GPIO range 18->18 ==> 44e10800.pinmux PIN 135->135
[    0.804301] gpio gpiochip3: (gpio-96-127): created GPIO range 19->20 ==> 44e10800.pinmux PIN 108->109
[    0.804317] gpio gpiochip3: (gpio-96-127): created GPIO range 21->21 ==> 44e10800.pinmux PIN 73->73
[    0.804333] gpio gpiochip3: (gpio-96-127): created GPIO range 22->23 ==> 44e10800.pinmux PIN 8->9
[    0.804349] gpio gpiochip3: (gpio-96-127): created GPIO range 26->27 ==> 44e10800.pinmux PIN 10->11
[    0.804366] gpio gpiochip3: (gpio-96-127): created GPIO range 28->28 ==> 44e10800.pinmux PIN 74->74
[    0.804383] gpio gpiochip3: (gpio-96-127): created GPIO range 29->29 ==> 44e10800.pinmux PIN 81->81
[    0.804401] gpio gpiochip3: (gpio-96-127): created GPIO range 30->31 ==> 44e10800.pinmux PIN 28->29
[    0.816385] gpio gpiochip3: (gpio-96-127): added GPIO chardev (254:3)
[    0.816558] gpio gpiochip3: registered GPIOs 608 to 639 on gpio-96-127
[    0.818455] omap8250 44e09000.serial: using DT '/ocp/interconnect@44c00000/segment@200000/target-module@9000/serial@0' for 'rs485-term' GPIO lookup
[    0.818526] of_get_named_gpiod_flags: can't parse 'rs485-term-gpios' property of node '/ocp/interconnect@44c00000/segment@200000/target-module@9000/serial@0[0]'
[    0.818570] of_get_named_gpiod_flags: can't parse 'rs485-term-gpio' property of node '/ocp/interconnect@44c00000/segment@200000/target-module@9000/serial@0[0]'
[    0.818606] omap8250 44e09000.serial: using lookup tables for GPIO lookup
[    0.818616] omap8250 44e09000.serial: No GPIO consumer rs485-term found
[    0.818626] omap8250 44e09000.serial: using DT '/ocp/interconnect@44c00000/segment@200000/target-module@9000/serial@0' for 'rs485-rx-during-tx' GPIO lookup
[    0.818660] of_get_named_gpiod_flags: can't parse 'rs485-rx-during-tx-gpios' property of node '/ocp/interconnect@44c00000/segment@200000/target-module@9000/serial@0[0]'
[    0.818697] of_get_named_gpiod_flags: can't parse 'rs485-rx-during-tx-gpio' property of node '/ocp/interconnect@44c00000/segment@200000/target-module@9000/serial@0[0]'
[    0.818728] omap8250 44e09000.serial: using lookup tables for GPIO lookup
[    0.818736] omap8250 44e09000.serial: No GPIO consumer rs485-rx-during-tx found
[    0.819206] 44e09000.serial: ttyS0 at MMIO 0x44e09000 (irq = 34, base_baud = 3000000) is a 8250
[    0.819295] printk: legacy console [ttyS0] enabled
[    2.315692] i2c i2c-0: using DT '/ocp/interconnect@44c00000/segment@200000/target-module@b000/i2c@0' for 'scl' GPIO lookup
[    2.315777] of_get_named_gpiod_flags: can't parse 'scl-gpios' property of node '/ocp/interconnect@44c00000/segment@200000/target-module@b000/i2c@0[0]'
[    2.315826] of_get_named_gpiod_flags: can't parse 'scl-gpio' property of node '/ocp/interconnect@44c00000/segment@200000/target-module@b000/i2c@0[0]'
[    2.315865] i2c i2c-0: using lookup tables for GPIO lookup
[    2.315878] i2c i2c-0: No GPIO consumer scl found
[    2.315904] i2c i2c-0: using DT '/ocp/interconnect@44c00000/segment@200000/target-module@b000/i2c@0' for 'sda' GPIO lookup
[    2.315944] of_get_named_gpiod_flags: can't parse 'sda-gpios' property of node '/ocp/interconnect@44c00000/segment@200000/target-module@b000/i2c@0[0]'
[    2.315984] of_get_named_gpiod_flags: can't parse 'sda-gpio' property of node '/ocp/interconnect@44c00000/segment@200000/target-module@b000/i2c@0[0]'
[    2.316019] i2c i2c-0: using lookup tables for GPIO lookup
[    2.316029] i2c i2c-0: No GPIO consumer sda found
[    2.332668] tps65217-pmic: Failed to locate of_node [id: -1]
[    2.338721] tps65217-bl: Failed to locate of_node [id: -1]
[    2.349949] tps65217 0-0024: TPS65217 ID 0xe version 1.2
[    2.356104] /ocp/interconnect@48000000/segment@300000/target-module@e000/lcdc@0: Fixed dependency cycle(s) with /ocp/interconnect@44c00000/segment@200000/target-module@b000/i2c@0/tda19988@70
[    2.373467] /ocp/interconnect@44c00000/segment@200000/target-module@b000/i2c@0/tda19988@70: Fixed dependency cycle(s) with /ocp/interconnect@48000000/segment@300000/target-module@e000/lcdc@0
[    2.390828] omap_i2c 44e0b000.i2c: bus 0 rev0.11 at 400 kHz
[    2.398605] sdhci-omap 48060000.mmc: using DT '/ocp/interconnect@48000000/segment@0/target-module@60000/mmc@0' for 'cd' GPIO lookup
[    2.398711] of_get_named_gpiod_flags: parsed 'cd-gpios' property of node '/ocp/interconnect@48000000/segment@0/target-module@60000/mmc@0[0]' - status (0)
[    2.398778] gpio gpiochip3: Persistence not supported for GPIO 6
[    2.398802] omap_gpio 44e07000.gpio: Could not set line 6 debounce to 200000 microseconds (-22)
[    2.407701] sdhci-omap 48060000.mmc: Got CD GPIO
[    2.412383] sdhci-omap 48060000.mmc: using DT '/ocp/interconnect@48000000/segment@0/target-module@60000/mmc@0' for 'wp' GPIO lookup
[    2.412432] of_get_named_gpiod_flags: can't parse 'wp-gpios' property of node '/ocp/interconnect@48000000/segment@0/target-module@60000/mmc@0[0]'
[    2.412477] of_get_named_gpiod_flags: can't parse 'wp-gpio' property of node '/ocp/interconnect@48000000/segment@0/target-module@60000/mmc@0[0]'
[    2.412515] sdhci-omap 48060000.mmc: using lookup tables for GPIO lookup
[    2.412529] sdhci-omap 48060000.mmc: No GPIO consumer wp found
[    2.412738] sdhci-omap 48060000.mmc: supply pbias not found, using dummy regulator
[    2.421397] sdhci-omap 481d8000.mmc: using DT '/ocp/interconnect@48000000/segment@100000/target-module@d8000/mmc@0' for 'wp' GPIO lookup
[    2.421482] of_get_named_gpiod_flags: can't parse 'wp-gpios' property of node '/ocp/interconnect@48000000/segment@100000/target-module@d8000/mmc@0[0]'
[    2.421534] of_get_named_gpiod_flags: can't parse 'wp-gpio' property of node '/ocp/interconnect@48000000/segment@100000/target-module@d8000/mmc@0[0]'
[    2.421573] sdhci-omap 481d8000.mmc: using lookup tables for GPIO lookup
[    2.421586] sdhci-omap 481d8000.mmc: No GPIO consumer wp found
[    2.422691] sdhci-omap 48060000.mmc: supply vqmmc not found, using dummy regulator
[    2.431260] sdhci-omap 481d8000.mmc: supply pbias not found, using dummy regulator
[    2.439839] sdhci-omap 481d8000.mmc: supply vqmmc not found, using dummy regulator
[    2.477646] mmc1: SDHCI controller on 481d8000.mmc [481d8000.mmc] using External DMA
[    2.486695] mmc0: SDHCI controller on 48060000.mmc [48060000.mmc] using External DMA
[    2.495565] cpsw-switch 4a100000.switch: starting ndev. mode: dual_mac
[    2.562080] mmc1: new high speed MMC card at address 0001
[    2.568875] mmcblk1: mmc1:0001 MMC04G 3.60 GiB
[    2.576563]  mmcblk1: p1 p2
[    2.580365] SMSC LAN8710/LAN8720 4a101000.mdio:00: attached PHY driver (mii_bus:phy_addr=4a101000.mdio:00, irq=POLL)
[    2.593017] mmcblk1boot0: mmc1:0001 MMC04G 2.00 MiB
[    2.605250] mmcblk1boot1: mmc1:0001 MMC04G 2.00 MiB
[    2.612381] mmcblk1rpmb: mmc1:0001 MMC04G 128 KiB, chardev (250:0)
[    2.664783] mmc0: new high speed SDHC card at address aaaa
[    2.671595] mmcblk0: mmc0:aaaa SE32G 29.7 GiB
[    2.680697]  mmcblk0: p1 p2
[    5.762472] cpsw-switch 4a100000.switch eth0: Link is Up - 100Mbps/Full - flow control off
[    5.801921] IP-Config: Complete:
[    5.805198]      device=eth0, hwaddr=6c:ec:eb:68:de:78, ipaddr=192.168.255.1, mask=255.255.255.0, gw=255.255.255.255
[    5.815862]      host=bbb1, domain=, nis-domain=(none)
[    5.821029]      bootserver=192.168.255.126, rootserver=192.168.255.126, rootpath=
[    5.821454] clk: Disabling unused clocks
[    5.833309] PM: genpd: Disabling unused power domains
[    5.838427] KTAP version 1
[    5.841151] 1..0
[    5.865804] VFS: Mounted root (nfs filesystem) on device 0:17.
[    5.872936] devtmpfs: mounted
[    5.877345] Freeing unused kernel image (initmem) memory: 1024K
[    5.884299] Run /sbin/init as init process
[    5.888432]   with arguments:
[    5.888445]     /sbin/init
[    5.888454]     nfsrootdebug
[    5.888463]   with environment:
[    5.888472]     HOME=/
[    5.888481]     TERM=linux
[    6.576723] systemd[1]: System time before build time, advancing clock.
[    8.031705] random: crng init done
[    8.072908] systemd[1]: systemd 232 running in system mode. (+PAM +AUDIT +SELINUX +IMA +APPARMOR +SMACK +SYSVINIT +UTMP +LIBCRYPTSETUP +GCRYPT +GNUTLS +ACL +XZ +LZ4 +SECCOMP +BLKID +ELFUTILS +KMOD +IDN)
[    8.092220] systemd[1]: Detected architecture arm.
[    8.124751] systemd[1]: Set hostname to <arm>.
[    9.223358] systemd[1]: Listening on /dev/initctl Compatibility Named Pipe.
[    9.252780] systemd[1]: Listening on Journal Audit Socket.
[    9.283662] systemd[1]: Listening on Syslog Socket.
[    9.312660] systemd[1]: Started Dispatch Password Requests to Console Directory Watch.
[    9.343407] systemd[1]: Set up automount Arbitrary Executable File Formats File System Automount Point.
[    9.372105] systemd[1]: Reached target Remote File Systems.
[    9.402520] systemd[1]: Listening on Journal Socket.
[   11.543395] systemd-journald[87]: Received request to flush runtime journal from PID 1
[   14.166022] leds-gpio leds: using DT '/leds/led2' for '(default)' GPIO lookup
[   14.166127] of_get_named_gpiod_flags: parsed 'gpios' property of node '/leds/led2[0]' - status (0)
[   14.166187] gpio gpiochip0: Persistence not supported for GPIO 21
[   14.166202] gpio-533 (?): no flags found for GPIO (default)
[   14.272477] leds-gpio leds: using DT '/leds/led3' for '(default)' GPIO lookup
[   14.272586] of_get_named_gpiod_flags: parsed 'gpios' property of node '/leds/led3[0]' - status (0)
[   14.272645] gpio gpiochip0: Persistence not supported for GPIO 22
[   14.272660] gpio-534 (?): no flags found for GPIO (default)
[   14.398811] leds-gpio leds: using DT '/leds/led4' for '(default)' GPIO lookup
[   14.398911] of_get_named_gpiod_flags: parsed 'gpios' property of node '/leds/led4[0]' - status (0)
[   14.398965] gpio gpiochip0: Persistence not supported for GPIO 23
[   14.398980] gpio-535 (?): no flags found for GPIO (default)
[   14.442725] leds-gpio leds: using DT '/leds/led5' for '(default)' GPIO lookup
[   14.442967] of_get_named_gpiod_flags: parsed 'gpios' property of node '/leds/led5[0]' - status (0)
[   14.443026] gpio gpiochip0: Persistence not supported for GPIO 24
[   14.443042] gpio-536 (?): no flags found for GPIO (default)
[   14.578932] remoteproc remoteproc0: wkup_m3 is available
[   14.745178] omap_rtc 44e3e000.rtc: registered as rtc0
[   14.750357] omap_rtc 44e3e000.rtc: setting system clock to 2000-01-01T00:00:00 UTC (946684800)
[   14.759202] omap_rtc 44e3e000.rtc: using DT '/ocp/interconnect@44c00000/segment@200000/target-module@3e000/rtc@0' for 'wp' GPIO lookup
[   14.759279] of_get_named_gpiod_flags: can't parse 'wp-gpios' property of node '/ocp/interconnect@44c00000/segment@200000/target-module@3e000/rtc@0[0]'
[   14.759329] of_get_named_gpiod_flags: can't parse 'wp-gpio' property of node '/ocp/interconnect@44c00000/segment@200000/target-module@3e000/rtc@0[0]'
[   14.759368] omap_rtc 44e3e000.rtc: using lookup tables for GPIO lookup
[   14.759382] omap_rtc 44e3e000.rtc: No GPIO consumer wp found
[   14.913587] omap_wdt: OMAP Watchdog Timer Rev 0x01: initial timeout 60 sec
[   15.017434] am335x-phy-driver 47401300.usb-phy: using DT '/ocp/target-module@47400000/usb-phy@1300' for 'reset' GPIO lookup
[   15.017528] of_get_named_gpiod_flags: can't parse 'reset-gpios' property of node '/ocp/target-module@47400000/usb-phy@1300[0]'
[   15.017575] of_get_named_gpiod_flags: can't parse 'reset-gpio' property of node '/ocp/target-module@47400000/usb-phy@1300[0]'
[   15.017613] am335x-phy-driver 47401300.usb-phy: using lookup tables for GPIO lookup
[   15.017628] am335x-phy-driver 47401300.usb-phy: No GPIO consumer reset found
[   15.017643] am335x-phy-driver 47401300.usb-phy: using DT '/ocp/target-module@47400000/usb-phy@1300' for 'vbus-detect' GPIO lookup
[   15.017674] of_get_named_gpiod_flags: can't parse 'vbus-detect-gpios' property of node '/ocp/target-module@47400000/usb-phy@1300[0]'
[   15.017705] of_get_named_gpiod_flags: can't parse 'vbus-detect-gpio' property of node '/ocp/target-module@47400000/usb-phy@1300[0]'
[   15.017731] am335x-phy-driver 47401300.usb-phy: using lookup tables for GPIO lookup
[   15.017743] am335x-phy-driver 47401300.usb-phy: No GPIO consumer vbus-detect found
[   15.017892] am335x-phy-driver 47401300.usb-phy: dummy supplies not allowed for exclusive requests (id=vbus)
[   15.150168] at24 2-0054: supply vcc not found, using dummy regulator
[   15.158936] tps6521x_pwrbutton tps65217-pwrbutton: DMA mask not set
[   15.275194] input: tps65217_pwrbutton as /devices/platform/ocp/44c00000.interconnect/44c00000.interconnect:segment@200000/44e0b000.target-module/44e0b000.i2c/i2c-0/0-0024/tps65217-pwrbutton/input/input0
[   15.314319] at24 2-0055: supply vcc not found, using dummy regulator
[   15.416108] at24 2-0056: supply vcc not found, using dummy regulator
[   15.496178] at24 2-0057: supply vcc not found, using dummy regulator
[   15.573812] am335x-phy-driver 47401b00.usb-phy: using DT '/ocp/target-module@47400000/usb-phy@1b00' for 'reset' GPIO lookup
[   15.573912] of_get_named_gpiod_flags: can't parse 'reset-gpios' property of node '/ocp/target-module@47400000/usb-phy@1b00[0]'
[   15.573959] of_get_named_gpiod_flags: can't parse 'reset-gpio' property of node '/ocp/target-module@47400000/usb-phy@1b00[0]'
[   15.573995] am335x-phy-driver 47401b00.usb-phy: using lookup tables for GPIO lookup
[   15.574009] am335x-phy-driver 47401b00.usb-phy: No GPIO consumer reset found
[   15.574024] am335x-phy-driver 47401b00.usb-phy: using DT '/ocp/target-module@47400000/usb-phy@1b00' for 'vbus-detect' GPIO lookup
[   15.574057] of_get_named_gpiod_flags: can't parse 'vbus-detect-gpios' property of node '/ocp/target-module@47400000/usb-phy@1b00[0]'
[   15.574090] of_get_named_gpiod_flags: can't parse 'vbus-detect-gpio' property of node '/ocp/target-module@47400000/usb-phy@1b00[0]'
[   15.574117] am335x-phy-driver 47401b00.usb-phy: using lookup tables for GPIO lookup
[   15.574128] am335x-phy-driver 47401b00.usb-phy: No GPIO consumer vbus-detect found
[   15.574276] am335x-phy-driver 47401b00.usb-phy: dummy supplies not allowed for exclusive requests (id=vbus)
[   15.640059] wkup_m3_ipc 44e11324.wkup_m3_ipc: IPC Request for A8->M3 Channel failed! -517
[   15.682846] at24 0-0050: using DT '/ocp/interconnect@44c00000/segment@200000/target-module@b000/i2c@0/baseboard_eeprom@50' for 'wp' GPIO lookup
[   15.683006] of_get_named_gpiod_flags: can't parse 'wp-gpios' property of node '/ocp/interconnect@44c00000/segment@200000/target-module@b000/i2c@0/baseboard_eeprom@50[0]'
[   15.683128] of_get_named_gpiod_flags: can't parse 'wp-gpio' property of node '/ocp/interconnect@44c00000/segment@200000/target-module@b000/i2c@0/baseboard_eeprom@50[0]'
[   15.683241] at24 0-0050: using lookup tables for GPIO lookup
[   15.683256] at24 0-0050: No GPIO consumer wp found
[   15.683856] at24 0-0050: 32768 byte 24c256 EEPROM, writable, 1 bytes/write
[   15.698205] wkup_m3_ipc 44e11324.wkup_m3_ipc: IPC Request for A8->M3 Channel failed! -517
[   16.002817] wkup_m3_ipc 44e11324.wkup_m3_ipc: IPC Request for A8->M3 Channel failed! -517
[   16.178500] usbcore: registered new interface driver usbfs
[   16.185894] usbcore: registered new interface driver hub
[   16.191349] usbcore: registered new device driver usb
[   16.760240] tda998x 0-0070: found TDA19988
[   16.840957] wkup_m3_ipc 44e11324.wkup_m3_ipc: IPC Request for A8->M3 Channel failed! -517
[   17.005357] musb-hdrc musb-hdrc.1: MUSB HDRC host driver
[   17.010773] musb-hdrc musb-hdrc.1: new USB bus registered, assigned bus number 1
[   17.026897] wkup_m3_ipc 44e11324.wkup_m3_ipc: IPC Request for A8->M3 Channel failed! -517
[   17.164192] wkup_m3_ipc 44e11324.wkup_m3_ipc: IPC Request for A8->M3 Channel failed! -517
[   17.260299] usb usb1: New USB device found, idVendor=1d6b, idProduct=0002, bcdDevice= 6.12
[   17.268796] usb usb1: New USB device strings: Mfr=3, Product=2, SerialNumber=1
[   17.276136] usb usb1: Product: MUSB HDRC host driver
[   17.281133] usb usb1: Manufacturer: Linux 6.12.49 musb-hcd
[   17.286686] usb usb1: SerialNumber: musb-hdrc.1
[   17.490995] omap-mailbox 480c8000.mailbox: omap mailbox rev 0x400
[   17.562877] remoteproc remoteproc0: powering up wkup_m3
[   17.744429] hub 1-0:1.0: USB hub found
[   17.835525] remoteproc remoteproc0: Direct firmware load for am335x-pm-firmware.elf failed with error -2
[   17.845207] remoteproc remoteproc0: request_firmware failed: -2
[   17.851168] wkup_m3_ipc 44e11324.wkup_m3_ipc: rproc_boot failed
[   17.869140] hub 1-0:1.0: 1 port detected
[   20.470951] omap_rng 48310000.rng: Random Number Generator ver. 20
[   20.497621] tilcdc 4830e000.lcdc: bound 0-0070 (ops tda998x_audio_codec_init [tda998x])
[   20.586294] [drm] Initialized tilcdc 1.0.0 for 4830e000.lcdc on minor 0
[   20.672233] tilcdc 4830e000.lcdc: [drm] Cannot find any crtc or sizes
[   20.787638] tilcdc 4830e000.lcdc: [drm] Cannot find any crtc or sizes
[   21.301006] PM: Cannot get wkup_m3_ipc handle
[   21.406082] omap-sham 53100000.sham: hw accel on OMAP rev 4.3
[   21.499699] omap-sham 53100000.sham: will run requests pump with realtime priority
[   21.508505] PM: Cannot get wkup_m3_ipc handle
[   21.749768] omap-aes 53500000.aes: OMAP AES hw accel rev: 3.2
[   21.884271] omap-aes 53500000.aes: will run requests pump with realtime priority
[   21.897431] PM: Cannot get wkup_m3_ipc handle
[   23.548706] Bluetooth: Core ver 2.22
[   23.552785] NET: Registered PF_BLUETOOTH protocol family
[   23.558138] Bluetooth: HCI device and connection manager initialized
[   23.564670] Bluetooth: HCI socket layer initialized
[   23.569588] Bluetooth: L2CAP socket layer initialized
[   23.574777] Bluetooth: SCO socket layer initialized
[   25.027533] PM: Cannot get wkup_m3_ipc handle
[   25.033605] asoc-simple-card sound: using DT '/sound' for 'simple-audio-card,hp-det' GPIO lookup
[   25.033673] of_get_named_gpiod_flags: can't parse 'simple-audio-card,hp-det-gpios' property of node '/sound[0]'
[   25.033708] of_get_named_gpiod_flags: can't parse 'simple-audio-card,hp-det-gpio' property of node '/sound[0]'
[   25.033732] asoc-simple-card sound: using lookup tables for GPIO lookup
[   25.033745] asoc-simple-card sound: No GPIO consumer simple-audio-card,hp-det found
[   25.033760] asoc-simple-card sound: using DT '/sound' for 'simple-audio-card,mic-det' GPIO lookup
[   25.033784] of_get_named_gpiod_flags: can't parse 'simple-audio-card,mic-det-gpios' property of node '/sound[0]'
[   25.033809] of_get_named_gpiod_flags: can't parse 'simple-audio-card,mic-det-gpio' property of node '/sound[0]'
[   25.033828] asoc-simple-card sound: using lookup tables for GPIO lookup
[   25.033840] asoc-simple-card sound: No GPIO consumer simple-audio-card,mic-det found
[   25.142803] PM: Cannot get wkup_m3_ipc handle
[   27.947694] userial_init: registered 8 ttyGS* devices
[   28.230905] rndis_register: configNr = 0
[   28.335807] udc musb-hdrc.0: binding gadget driver [g_multi]
[   28.335909] configfs-gadget.g_multi gadget.0: adding 'rndis'/2d7d8b05 to config 'c'/9014a328
[   28.337051] configfs-gadget.g_multi gadget.0: HOST MAC 1c:ba:8c:a2:ed:6c
[   28.344264] configfs-gadget.g_multi gadget.0: MAC 1c:ba:8c:a2:ed:70
[   28.350640] rndis_set_param_medium: 0 0
[   28.350662] configfs-gadget.g_multi gadget.0: RNDIS: IN/ep1in OUT/ep1out NOTIFY/ep2in
[   28.350678] configfs-gadget.g_multi gadget.0: adding 'cdc_ethernet'/86977033 to config 'c'/9014a328
[   28.351819] configfs-gadget.g_multi gadget.0: HOST MAC 1c:ba:8c:a2:ed:6c
[   28.358590] configfs-gadget.g_multi gadget.0: MAC 1c:ba:8c:a2:ed:6d
[   28.364986] configfs-gadget.g_multi gadget.0: CDC Ethernet: IN/ep3in OUT/ep2out NOTIFY/ep4in
[   28.365005] configfs-gadget.g_multi gadget.0: adding 'acm'/303ffdf0 to config 'c'/9014a328
[   28.365039] configfs-gadget.g_multi gadget.0: acm ttyGS0: IN/ep5in OUT/ep3out NOTIFY/ep6in
[   28.365965] PM: Cannot get wkup_m3_ipc handle
[   29.498676] configfs-gadget.g_multi gadget.0: eth_open
[   30.477808] configfs-gadget.g_multi gadget.0: stop stats: rx/tx 0/0, errs 0/0
[   34.836002] gs_open: ttyGS0 (01ed6476,ed34504b)
[   34.836156] gs_close: ttyGS0 (01ed6476,ed34504b) ...
[   34.836178] gs_close: ttyGS0 (01ed6476,ed34504b) done!
[   34.853012] gs_open: ttyGS0 (681bd757,954fd984)
[   34.853165] gs_close: ttyGS0 (681bd757,954fd984) ...
[   34.853187] gs_close: ttyGS0 (681bd757,954fd984) done!
[   35.028496] gs_open: ttyGS0 (be713a42,08582ead)
[   35.028977] gs_close: ttyGS0 (be713a42,08582ead) ...
[   35.029013] gs_close: ttyGS0 (be713a42,08582ead) done!
[   35.036899] gs_open: ttyGS0 (be713a42,08582ead)
HNYVUQPXGG 0
root@arm:~# echo 'ZJBZ''LKMNUQ'
ZJBZLKMNUQ
root@arm:~# MARKER='TZOX''QUPFOV' run 'modprobe test_linear_ranges'
TZOXQUPFOVTZOXQUPFOV 0
root@arm:~# echo 'SWYW''UGLKBW'
SWYWUGLKBW
root@arm:~# MARKER='NVWA''OQMBLQ' run dmesg
NVWAOQMBLQ[    0.000000] Booting Linux on physical CPU 0x0
[    0.000000] Linux version 6.12.49 (user01@drvtest01) (arm-none-eabi-gcc (Arm GNU Toolchain 14.2.Rel1 (Build arm-14.52)) 14.2.1 20241119, GNU ld (Arm GNU Toolchain 14.2.Rel1 (Build arm-14.52)) 2.43.1.20241119) #1 SMP Thu Sep 25 14:05:40 EEST 2025
[    0.000000] CPU: ARMv7 Processor [413fc082] revision 2 (ARMv7), cr=10c5387d
[    0.000000] CPU: PIPT / VIPT nonaliasing data cache, VIPT aliasing instruction cache
[    0.000000] OF: fdt: Machine model: TI AM335x BeagleBone Black
[    0.000000] Memory policy: Data cache writeback
[    0.000000] cma: Reserved 16 MiB at 0x9e800000 on node -1
[    0.000000] Zone ranges:
[    0.000000]   Normal   [mem 0x0000000080000000-0x000000009fdfffff]
[    0.000000]   HighMem  empty
[    0.000000] Movable zone start for each node
[    0.000000] Early memory node ranges
[    0.000000]   node   0: [mem 0x0000000080000000-0x000000009fdfffff]
[    0.000000] Initmem setup node 0 [mem 0x0000000080000000-0x000000009fdfffff]
[    0.000000] OF: reserved mem: Reserved memory: No reserved-memory node in the DT
[    0.000000] CPU: All CPU(s) started in SVC mode.
[    0.000000] AM335X ES2.1 (sgx neon)
[    0.000000] percpu: Embedded 17 pages/cpu s40396 r8192 d21044 u69632
[    0.000000] pcpu-alloc: s40396 r8192 d21044 u69632 alloc=17*4096
[    0.000000] pcpu-alloc: [0] 0 
[    0.000000] Kernel command line: console=ttyO0,115200n8 root=/dev/nfs rw nfsroot=192.168.255.126:/home/user01/nfs,nfsvers=3 ip=192.168.255.1:192.168.255.126::255.255.255.0:bbb1:eth0 nfsrootdebug
[    0.000000] Unknown kernel command line parameters "nfsrootdebug", will be passed to user space.
[    0.000000] Dentry cache hash table entries: 65536 (order: 6, 262144 bytes, linear)
[    0.000000] Inode-cache hash table entries: 32768 (order: 5, 131072 bytes, linear)
[    0.000000] Built 1 zonelists, mobility grouping on.  Total pages: 130560
[    0.000000] mem auto-init: stack:off, heap alloc:off, heap free:off
[    0.000000] SLUB: HWalign=64, Order=0-3, MinObjects=0, CPUs=1, Nodes=1
[    0.000000] rcu: Hierarchical RCU implementation.
[    0.000000] rcu: 	RCU event tracing is enabled.
[    0.000000] rcu: 	RCU restricting CPUs from NR_CPUS=2 to nr_cpu_ids=1.
[    0.000000] rcu: RCU calculated value of scheduler-enlistment delay is 10 jiffies.
[    0.000000] rcu: Adjusting geometry for rcu_fanout_leaf=16, nr_cpu_ids=1
[    0.000000] NR_IRQS: 16, nr_irqs: 16, preallocated irqs: 16
[    0.000000] IRQ: Found an INTC at 0x(ptrval) (revision 5.0) with 128 interrupts
[    0.000000] rcu: srcu_init: Setting srcu_struct sizes based on contention.
[    0.000000] TI gptimer clocksource: always-on /ocp/interconnect@44c00000/segment@200000/target-module@31000
[    0.000003] sched_clock: 32 bits at 24MHz, resolution 41ns, wraps every 89478484971ns
[    0.000028] clocksource: dmtimer: mask: 0xffffffff max_cycles: 0xffffffff, max_idle_ns: 79635851949 ns
[    0.000485] TI gptimer clockevent: 24000000 Hz at /ocp/interconnect@48000000/segment@0/target-module@40000
[    0.002076] Console: colour dummy device 80x30
[    0.002139] WARNING: Your 'console=ttyO0' has been replaced by 'ttyS0'
[    0.002147] This ensures that you still see kernel messages. Please
[    0.002152] update your kernel commandline.
[    0.002197] Calibrating delay loop... 996.14 BogoMIPS (lpj=4980736)
[    0.090532] CPU: Testing write buffer coherency: ok
[    0.090641] CPU0: Spectre v2: using BPIALL workaround
[    0.090653] pid_max: default: 32768 minimum: 301
[    0.090776] LSM: initializing lsm=capability
[    0.090950] Mount-cache hash table entries: 1024 (order: 0, 4096 bytes, linear)
[    0.090972] Mountpoint-cache hash table entries: 1024 (order: 0, 4096 bytes, linear)
[    0.092538] CPU0: thread -1, cpu 0, socket -1, mpidr 0
[    0.094630] Setting up static identity map for 0x80100000 - 0x80100078
[    0.094970] rcu: Hierarchical SRCU implementation.
[    0.094980] rcu: 	Max phase no-delay instances is 1000.
[    0.096758] smp: Bringing up secondary CPUs ...
[    0.096808] smp: Brought up 1 node, 1 CPU
[    0.096822] SMP: Total of 1 processors activated (996.14 BogoMIPS).
[    0.096833] CPU: All CPU(s) started in SVC mode.
[    0.097016] Memory: 480856K/522240K available (11264K kernel code, 1220K rwdata, 2880K rodata, 1024K init, 298K bss, 23372K reserved, 16384K cma-reserved, 0K highmem)
[    0.097838] devtmpfs: initialized
[    0.114126] VFP support v0.3: implementor 41 architecture 3 part 30 variant c rev 3
[    0.114471] clocksource: jiffies: mask: 0xffffffff max_cycles: 0xffffffff, max_idle_ns: 19112604462750000 ns
[    0.114507] futex hash table entries: 256 (order: 2, 16384 bytes, linear)
[    0.115775] pinctrl core: initialized pinctrl subsystem
[    0.117903] NET: Registered PF_NETLINK/PF_ROUTE protocol family
[    0.121005] DMA: preallocated 256 KiB pool for atomic coherent allocations
[    0.121919] audit: initializing netlink subsys (disabled)
[    0.123275] thermal_sys: Registered thermal governor 'fair_share'
[    0.123292] thermal_sys: Registered thermal governor 'step_wise'
[    0.123300] thermal_sys: Registered thermal governor 'user_space'
[    0.123417] audit: type=2000 audit(0.120:1): state=initialized audit_enabled=0 res=1
[    0.123490] cpuidle: using governor menu
[    0.141513] /ocp/interconnect@44c00000/segment@200000/target-module@b000/i2c@0/tda19988@70: Fixed dependency cycle(s) with /ocp/interconnect@48000000/segment@300000/target-module@e000/lcdc@0
[    0.142631] /ocp/interconnect@48000000/segment@300000/target-module@e000/lcdc@0: Fixed dependency cycle(s) with /ocp/interconnect@44c00000/segment@200000/target-module@b000/i2c@0/tda19988@70
[    0.144793] No ATAGs?
[    0.144811] hw-breakpoint: debug architecture 0x4 unsupported.
[    0.147441] kprobes: kprobe jump-optimization is enabled. All kprobes are optimized if possible.
[    0.154119] iommu: Default domain type: Translated
[    0.154140] iommu: DMA domain TLB invalidation policy: strict mode
[    0.155704] reg-fixed-voltage fixedregulator0: using DT '/fixedregulator0' for '(default)' GPIO lookup
[    0.155759] of_get_named_gpiod_flags: can't parse 'gpios' property of node '/fixedregulator0[0]'
[    0.155790] of_get_named_gpiod_flags: can't parse 'gpio' property of node '/fixedregulator0[0]'
[    0.155809] reg-fixed-voltage fixedregulator0: using lookup tables for GPIO lookup
[    0.155820] reg-fixed-voltage fixedregulator0: No GPIO consumer (default) found
[    0.161380] SCSI subsystem initialized
[    0.161884] libata version 3.00 loaded.
[    0.162247] pps_core: LinuxPPS API ver. 1 registered
[    0.162258] pps_core: Software ver. 5.3.6 - Copyright 2005-2007 Rodolfo Giometti <giometti@linux.it>
[    0.162282] PTP clock support registered
[    0.171328] vgaarb: loaded
[    0.171680] clocksource: Switched to clocksource dmtimer
[    0.172338] VFS: Disk quotas dquot_6.6.0
[    0.172379] VFS: Dquot-cache hash table entries: 1024 (order 0, 4096 bytes)
[    0.197867] NET: Registered PF_INET protocol family
[    0.198209] IP idents hash table entries: 8192 (order: 4, 65536 bytes, linear)
[    0.199586] tcp_listen_portaddr_hash hash table entries: 512 (order: 0, 4096 bytes, linear)
[    0.199625] Table-perturb hash table entries: 65536 (order: 6, 262144 bytes, linear)
[    0.199642] TCP established hash table entries: 4096 (order: 2, 16384 bytes, linear)
[    0.199688] TCP bind hash table entries: 4096 (order: 4, 65536 bytes, linear)
[    0.199788] TCP: Hash tables configured (established 4096 bind 4096)
[    0.199905] UDP hash table entries: 256 (order: 1, 8192 bytes, linear)
[    0.199934] UDP-Lite hash table entries: 256 (order: 1, 8192 bytes, linear)
[    0.200106] NET: Registered PF_UNIX/PF_LOCAL protocol family
[    0.212538] RPC: Registered named UNIX socket transport module.
[    0.212562] RPC: Registered udp transport module.
[    0.212568] RPC: Registered tcp transport module.
[    0.212573] RPC: Registered tcp-with-tls transport module.
[    0.212578] RPC: Registered tcp NFSv4.1 backchannel transport module.
[    0.212603] PCI: CLS 0 bytes, default 64
[    0.213994] Initialise system trusted keyrings
[    0.214783] workingset: timestamp_bits=14 max_order=17 bucket_order=3
[    0.216371] NFS: Registering the id_resolver key type
[    0.216446] Key type id_resolver registered
[    0.216455] Key type id_legacy registered
[    0.216507] jffs2: version 2.2. (NAND) (SUMMARY)  Â© 2001-2006 Red Hat, Inc.
[    0.216924] Key type asymmetric registered
[    0.216940] Asymmetric key parser 'x509' registered
[    0.217010] io scheduler mq-deadline registered
[    0.217020] io scheduler kyber registered
[    0.217088] io scheduler bfq registered
[    0.218958] target-module@4b000000:target-module@140000:pmu@0:fck: device ID is greater than 24
[    0.225101] l3-aon-clkctrl:0000:0: failed to disable
[    0.232237] ledtrig-cpu: registered to indicate activity on CPUs
[    0.235059] Serial: 8250/16550 driver, 6 ports, IRQ sharing enabled
[    0.276951] brd: module loaded
[    0.296967] loop: module loaded
[    0.297895] mtdoops: mtd device (mtddev=name/number) must be supplied
[    0.299613] mdio_bus fixed-0: using lookup tables for GPIO lookup
[    0.299635] mdio_bus fixed-0: No GPIO consumer reset found
[    0.301014] i2c_dev: i2c /dev entries driver
[    0.302196] cpuidle: enable-method property 'ti,am3352' found operations
[    0.302670] sdhci: Secure Digital Host Controller Interface driver
[    0.302680] sdhci: Copyright(c) Pierre Ossman
[    0.302855] sdhci-pltfm: SDHCI platform and OF driver helper
[    0.317662] hw perfevents: enabled with armv7_cortex_a8 PMU driver, 5 (8000000f) counters available
[    0.318183] Initializing XFRM netlink socket
[    0.318330] NET: Registered PF_INET6 protocol family
[    0.324014] l3-aon-clkctrl:0000:0: failed to disable
[    0.325631] Segment Routing with IPv6
[    0.325714] In-situ OAM (IOAM) with IPv6
[    0.325811] sit: IPv6, IPv4 and MPLS over IPv4 tunneling driver
[    0.326736] NET: Registered PF_PACKET protocol family
[    0.326764] NET: Registered PF_KEY protocol family
[    0.326878] Key type dns_resolver registered
[    0.327099] ThumbEE CPU extension supported.
[    0.327120] Registering SWP/SWPB emulation handler
[    0.327639] omap_voltage_late_init: Voltage driver support not added
[    0.328322] SmartReflex Class3 initialized
[    0.360100] Loading compiled-in X.509 certificates
[    0.399635] /ocp/interconnect@44c00000/segment@200000/target-module@b000/i2c@0/tda19988@70: Fixed dependency cycle(s) with /ocp/interconnect@48000000/segment@300000/target-module@e000/lcdc@0
[    0.406078] /ocp/interconnect@44c00000/segment@200000/target-module@b000/i2c@0/tda19988@70: Fixed dependency cycle(s) with /ocp/interconnect@48000000/segment@300000/target-module@e000/lcdc@0
[    0.411291] gpiochip_find_base_unlocked: found new base at 512
[    0.435262] /ocp/interconnect@44c00000/segment@200000/target-module@b000/i2c@0/tda19988@70: Fixed dependency cycle(s) with /ocp/interconnect@48000000/segment@300000/target-module@e000/lcdc@0
[    0.436085] /ocp/interconnect@44c00000/segment@200000/target-module@b000/i2c@0/tda19988@70: Fixed dependency cycle(s) with /ocp/interconnect@48000000/segment@300000/target-module@e000/lcdc@0
[    0.439305] /ocp/interconnect@44c00000/segment@200000/target-module@10000/scm@0/pinmux@800: Fixed dependency cycle(s) with /ocp/interconnect@44c00000/segment@200000/target-module@10000/scm@0/pinmux@800/clkout2-pins
[    0.439878] pinctrl-single 44e10800.pinmux: 142 pins, size 568
[    0.445212] ti-sysc 44e31000.target-module: probe with driver ti-sysc failed with error -16
[    0.471281] /ocp/interconnect@48000000/segment@300000/target-module@e000/lcdc@0: Fixed dependency cycle(s) with /ocp/interconnect@44c00000/segment@200000/target-module@b000/i2c@0/tda19988@70
[    0.479011] ti-sysc 48040000.target-module: probe with driver ti-sysc failed with error -16
[    0.489846] gpiochip_find_base_unlocked: found new base at 512
[    0.489947] gpio gpiochip0: (gpio-0-31): created GPIO range 0->7 ==> 44e10800.pinmux PIN 0->7
[    0.489965] gpio gpiochip0: (gpio-0-31): created GPIO range 8->11 ==> 44e10800.pinmux PIN 90->93
[    0.489980] gpio gpiochip0: (gpio-0-31): created GPIO range 12->27 ==> 44e10800.pinmux PIN 12->27
[    0.489995] gpio gpiochip0: (gpio-0-31): created GPIO range 28->31 ==> 44e10800.pinmux PIN 30->33
[    0.515387] gpio gpiochip0: (gpio-0-31): added GPIO chardev (254:0)
[    0.515553] gpio gpiochip0: registered GPIOs 512 to 543 on gpio-0-31
[    0.515648] OMAP GPIO hardware version 0.1
[    0.549844] i2c i2c-2: using DT '/ocp/interconnect@48000000/segment@100000/target-module@9c000/i2c@0' for 'scl' GPIO lookup
[    0.549917] of_get_named_gpiod_flags: can't parse 'scl-gpios' property of node '/ocp/interconnect@48000000/segment@100000/target-module@9c000/i2c@0[0]'
[    0.549961] of_get_named_gpiod_flags: can't parse 'scl-gpio' property of node '/ocp/interconnect@48000000/segment@100000/target-module@9c000/i2c@0[0]'
[    0.549996] i2c i2c-2: using lookup tables for GPIO lookup
[    0.550004] i2c i2c-2: No GPIO consumer scl found
[    0.550026] i2c i2c-2: using DT '/ocp/interconnect@48000000/segment@100000/target-module@9c000/i2c@0' for 'sda' GPIO lookup
[    0.550061] of_get_named_gpiod_flags: can't parse 'sda-gpios' property of node '/ocp/interconnect@48000000/segment@100000/target-module@9c000/i2c@0[0]'
[    0.550097] of_get_named_gpiod_flags: can't parse 'sda-gpio' property of node '/ocp/interconnect@48000000/segment@100000/target-module@9c000/i2c@0[0]'
[    0.550127] i2c i2c-2: using lookup tables for GPIO lookup
[    0.550134] i2c i2c-2: No GPIO consumer sda found
[    0.550859] omap_i2c 4819c000.i2c: bus 2 rev0.11 at 100 kHz
[    0.556294] gpiochip_find_base_unlocked: found new base at 544
[    0.556395] gpio gpiochip1: (gpio-32-63): created GPIO range 0->17 ==> 44e10800.pinmux PIN 34->51
[    0.556412] gpio gpiochip1: (gpio-32-63): created GPIO range 18->21 ==> 44e10800.pinmux PIN 77->80
[    0.556427] gpio gpiochip1: (gpio-32-63): created GPIO range 22->31 ==> 44e10800.pinmux PIN 56->65
[    0.582029] gpio gpiochip1: (gpio-32-63): added GPIO chardev (254:1)
[    0.582203] gpio gpiochip1: registered GPIOs 544 to 575 on gpio-32-63
[    0.584372] gpiochip_find_base_unlocked: found new base at 576
[    0.584466] gpio gpiochip2: (gpio-64-95): created GPIO range 0->4 ==> 44e10800.pinmux PIN 66->70
[    0.584485] gpio gpiochip2: (gpio-64-95): created GPIO range 5->6 ==> 44e10800.pinmux PIN 98->99
[    0.584500] gpio gpiochip2: (gpio-64-95): created GPIO range 7->8 ==> 44e10800.pinmux PIN 75->76
[    0.584515] gpio gpiochip2: (gpio-64-95): created GPIO range 13->13 ==> 44e10800.pinmux PIN 141->141
[    0.584530] gpio gpiochip2: (gpio-64-95): created GPIO range 14->21 ==> 44e10800.pinmux PIN 100->107
[    0.585152] gpio gpiochip2: (gpio-64-95): added GPIO chardev (254:2)
[    0.585283] gpio gpiochip2: registered GPIOs 576 to 607 on gpio-64-95
[    0.590579] 48000000.interconnect:segment@200000:target-module@0:mpu@0:fck: device ID is greater than 24
[    0.591451] /ocp/interconnect@48000000/segment@300000/target-module@e000/lcdc@0: Fixed dependency cycle(s) with /ocp/interconnect@44c00000/segment@200000/target-module@b000/i2c@0/tda19988@70
[    0.594377] /ocp/interconnect@48000000/segment@300000/target-module@e000/lcdc@0: Fixed dependency cycle(s) with /ocp/interconnect@44c00000/segment@200000/target-module@b000/i2c@0/tda19988@70
[    0.595056] /ocp/interconnect@44c00000/segment@200000/target-module@b000/i2c@0/tda19988@70: Fixed dependency cycle(s) with /ocp/interconnect@48000000/segment@300000/target-module@e000/lcdc@0
[    0.595216] /ocp/interconnect@48000000/segment@300000/target-module@e000/lcdc@0: Fixed dependency cycle(s) with /ocp/interconnect@44c00000/segment@200000/target-module@b000/i2c@0/tda19988@70
[    0.604460] mdio_bus 4a101000.mdio: using DT '/ocp/interconnect@4a000000/segment@0/target-module@100000/switch@0/mdio@1000' for 'reset' GPIO lookup
[    0.604532] of_get_named_gpiod_flags: can't parse 'reset-gpios' property of node '/ocp/interconnect@4a000000/segment@0/target-module@100000/switch@0/mdio@1000[0]'
[    0.604579] of_get_named_gpiod_flags: can't parse 'reset-gpio' property of node '/ocp/interconnect@4a000000/segment@0/target-module@100000/switch@0/mdio@1000[0]'
[    0.604624] mdio_bus 4a101000.mdio: using lookup tables for GPIO lookup
[    0.604633] mdio_bus 4a101000.mdio: No GPIO consumer reset found
[    0.605637] sdhci-omap 481d8000.mmc: using DT '/ocp/interconnect@48000000/segment@100000/target-module@d8000/mmc@0' for 'wp' GPIO lookup
[    0.605698] of_get_named_gpiod_flags: can't parse 'wp-gpios' property of node '/ocp/interconnect@48000000/segment@100000/target-module@d8000/mmc@0[0]'
[    0.605740] of_get_named_gpiod_flags: can't parse 'wp-gpio' property of node '/ocp/interconnect@48000000/segment@100000/target-module@d8000/mmc@0[0]'
[    0.605772] sdhci-omap 481d8000.mmc: using lookup tables for GPIO lookup
[    0.605781] sdhci-omap 481d8000.mmc: No GPIO consumer wp found
[    0.605974] sdhci-omap 481d8000.mmc: supply pbias not found, using dummy regulator
[    0.606463] sdhci-omap 481d8000.mmc: supply vqmmc not found, using dummy regulator
[    0.662765] davinci_mdio 4a101000.mdio: davinci mdio revision 1.6, bus freq 1000000
[    0.684589] mdio_bus 4a101000.mdio:00: using DT '/ocp/interconnect@4a000000/segment@0/target-module@100000/switch@0/mdio@1000/ethernet-phy@0' for 'reset' GPIO lookup
[    0.684690] of_get_named_gpiod_flags: parsed 'reset-gpios' property of node '/ocp/interconnect@4a000000/segment@0/target-module@100000/switch@0/mdio@1000/ethernet-phy@0[0]' - status (0)
[    0.684857] gpio gpiochip0: Persistence not supported for GPIO 8
[    0.772220] davinci_mdio 4a101000.mdio: phy[0]: device 4a101000.mdio:00, driver SMSC LAN8710/LAN8720
[    0.772996] cpsw-switch 4a100000.switch: initialized cpsw ale version 1.4
[    0.773018] cpsw-switch 4a100000.switch: ALE Table size 1024, Policers 0
[    0.773167] cpsw-switch 4a100000.switch: cpts: overflow check period 500 (jiffies)
[    0.773183] cpsw-switch 4a100000.switch: CPTS: ref_clk_freq:250000000 calc_mult:2147483648 calc_shift:29 error:0 nsec/sec
[    0.773285] cpsw-switch 4a100000.switch: Detected MACID = 6c:ec:eb:68:de:78
[    0.775133] cpsw-switch 4a100000.switch: initialized (regs 0x4a100000, pool size 256) hw_ver:0019010C 1.12 (0)
[    0.785669] debugfs: Directory '49000000.dma' with parent 'dmaengine' already present!
[    0.785710] edma 49000000.dma: TI EDMA DMA engine driver
[    0.803086] gpio-clk clk_mcasp0: using DT '/clk_mcasp0' for 'enable' GPIO lookup
[    0.803166] of_get_named_gpiod_flags: parsed 'enable-gpios' property of node '/clk_mcasp0[0]' - status (0)
[    0.803211] gpio gpiochip0: Persistence not supported for GPIO 27
[    0.804104] gpiochip_find_base_unlocked: found new base at 608
[    0.804220] gpio gpiochip3: (gpio-96-127): created GPIO range 0->7 ==> 44e10800.pinmux PIN 82->89
[    0.804240] gpio gpiochip3: (gpio-96-127): created GPIO range 8->11 ==> 44e10800.pinmux PIN 52->55
[    0.804256] gpio gpiochip3: (gpio-96-127): created GPIO range 12->15 ==> 44e10800.pinmux PIN 94->97
[    0.804271] gpio gpiochip3: (gpio-96-127): created GPIO range 16->17 ==> 44e10800.pinmux PIN 71->72
[    0.804286] gpio gpiochip3: (gpio-96-127): created GPIO range 18->18 ==> 44e10800.pinmux PIN 135->135
[    0.804301] gpio gpiochip3: (gpio-96-127): created GPIO range 19->20 ==> 44e10800.pinmux PIN 108->109
[    0.804317] gpio gpiochip3: (gpio-96-127): created GPIO range 21->21 ==> 44e10800.pinmux PIN 73->73
[    0.804333] gpio gpiochip3: (gpio-96-127): created GPIO range 22->23 ==> 44e10800.pinmux PIN 8->9
[    0.804349] gpio gpiochip3: (gpio-96-127): created GPIO range 26->27 ==> 44e10800.pinmux PIN 10->11
[    0.804366] gpio gpiochip3: (gpio-96-127): created GPIO range 28->28 ==> 44e10800.pinmux PIN 74->74
[    0.804383] gpio gpiochip3: (gpio-96-127): created GPIO range 29->29 ==> 44e10800.pinmux PIN 81->81
[    0.804401] gpio gpiochip3: (gpio-96-127): created GPIO range 30->31 ==> 44e10800.pinmux PIN 28->29
[    0.816385] gpio gpiochip3: (gpio-96-127): added GPIO chardev (254:3)
[    0.816558] gpio gpiochip3: registered GPIOs 608 to 639 on gpio-96-127
[    0.818455] omap8250 44e09000.serial: using DT '/ocp/interconnect@44c00000/segment@200000/target-module@9000/serial@0' for 'rs485-term' GPIO lookup
[    0.818526] of_get_named_gpiod_flags: can't parse 'rs485-term-gpios' property of node '/ocp/interconnect@44c00000/segment@200000/target-module@9000/serial@0[0]'
[    0.818570] of_get_named_gpiod_flags: can't parse 'rs485-term-gpio' property of node '/ocp/interconnect@44c00000/segment@200000/target-module@9000/serial@0[0]'
[    0.818606] omap8250 44e09000.serial: using lookup tables for GPIO lookup
[    0.818616] omap8250 44e09000.serial: No GPIO consumer rs485-term found
[    0.818626] omap8250 44e09000.serial: using DT '/ocp/interconnect@44c00000/segment@200000/target-module@9000/serial@0' for 'rs485-rx-during-tx' GPIO lookup
[    0.818660] of_get_named_gpiod_flags: can't parse 'rs485-rx-during-tx-gpios' property of node '/ocp/interconnect@44c00000/segment@200000/target-module@9000/serial@0[0]'
[    0.818697] of_get_named_gpiod_flags: can't parse 'rs485-rx-during-tx-gpio' property of node '/ocp/interconnect@44c00000/segment@200000/target-module@9000/serial@0[0]'
[    0.818728] omap8250 44e09000.serial: using lookup tables for GPIO lookup
[    0.818736] omap8250 44e09000.serial: No GPIO consumer rs485-rx-during-tx found
[    0.819206] 44e09000.serial: ttyS0 at MMIO 0x44e09000 (irq = 34, base_baud = 3000000) is a 8250
[    0.819295] printk: legacy console [ttyS0] enabled
[    2.315692] i2c i2c-0: using DT '/ocp/interconnect@44c00000/segment@200000/target-module@b000/i2c@0' for 'scl' GPIO lookup
[    2.315777] of_get_named_gpiod_flags: can't parse 'scl-gpios' property of node '/ocp/interconnect@44c00000/segment@200000/target-module@b000/i2c@0[0]'
[    2.315826] of_get_named_gpiod_flags: can't parse 'scl-gpio' property of node '/ocp/interconnect@44c00000/segment@200000/target-module@b000/i2c@0[0]'
[    2.315865] i2c i2c-0: using lookup tables for GPIO lookup
[    2.315878] i2c i2c-0: No GPIO consumer scl found
[    2.315904] i2c i2c-0: using DT '/ocp/interconnect@44c00000/segment@200000/target-module@b000/i2c@0' for 'sda' GPIO lookup
[    2.315944] of_get_named_gpiod_flags: can't parse 'sda-gpios' property of node '/ocp/interconnect@44c00000/segment@200000/target-module@b000/i2c@0[0]'
[    2.315984] of_get_named_gpiod_flags: can't parse 'sda-gpio' property of node '/ocp/interconnect@44c00000/segment@200000/target-module@b000/i2c@0[0]'
[    2.316019] i2c i2c-0: using lookup tables for GPIO lookup
[    2.316029] i2c i2c-0: No GPIO consumer sda found
[    2.332668] tps65217-pmic: Failed to locate of_node [id: -1]
[    2.338721] tps65217-bl: Failed to locate of_node [id: -1]
[    2.349949] tps65217 0-0024: TPS65217 ID 0xe version 1.2
[    2.356104] /ocp/interconnect@48000000/segment@300000/target-module@e000/lcdc@0: Fixed dependency cycle(s) with /ocp/interconnect@44c00000/segment@200000/target-module@b000/i2c@0/tda19988@70
[    2.373467] /ocp/interconnect@44c00000/segment@200000/target-module@b000/i2c@0/tda19988@70: Fixed dependency cycle(s) with /ocp/interconnect@48000000/segment@300000/target-module@e000/lcdc@0
[    2.390828] omap_i2c 44e0b000.i2c: bus 0 rev0.11 at 400 kHz
[    2.398605] sdhci-omap 48060000.mmc: using DT '/ocp/interconnect@48000000/segment@0/target-module@60000/mmc@0' for 'cd' GPIO lookup
[    2.398711] of_get_named_gpiod_flags: parsed 'cd-gpios' property of node '/ocp/interconnect@48000000/segment@0/target-module@60000/mmc@0[0]' - status (0)
[    2.398778] gpio gpiochip3: Persistence not supported for GPIO 6
[    2.398802] omap_gpio 44e07000.gpio: Could not set line 6 debounce to 200000 microseconds (-22)
[    2.407701] sdhci-omap 48060000.mmc: Got CD GPIO
[    2.412383] sdhci-omap 48060000.mmc: using DT '/ocp/interconnect@48000000/segment@0/target-module@60000/mmc@0' for 'wp' GPIO lookup
[    2.412432] of_get_named_gpiod_flags: can't parse 'wp-gpios' property of node '/ocp/interconnect@48000000/segment@0/target-module@60000/mmc@0[0]'
[    2.412477] of_get_named_gpiod_flags: can't parse 'wp-gpio' property of node '/ocp/interconnect@48000000/segment@0/target-module@60000/mmc@0[0]'
[    2.412515] sdhci-omap 48060000.mmc: using lookup tables for GPIO lookup
[    2.412529] sdhci-omap 48060000.mmc: No GPIO consumer wp found
[    2.412738] sdhci-omap 48060000.mmc: supply pbias not found, using dummy regulator
[    2.421397] sdhci-omap 481d8000.mmc: using DT '/ocp/interconnect@48000000/segment@100000/target-module@d8000/mmc@0' for 'wp' GPIO lookup
[    2.421482] of_get_named_gpiod_flags: can't parse 'wp-gpios' property of node '/ocp/interconnect@48000000/segment@100000/target-module@d8000/mmc@0[0]'
[    2.421534] of_get_named_gpiod_flags: can't parse 'wp-gpio' property of node '/ocp/interconnect@48000000/segment@100000/target-module@d8000/mmc@0[0]'
[    2.421573] sdhci-omap 481d8000.mmc: using lookup tables for GPIO lookup
[    2.421586] sdhci-omap 481d8000.mmc: No GPIO consumer wp found
[    2.422691] sdhci-omap 48060000.mmc: supply vqmmc not found, using dummy regulator
[    2.431260] sdhci-omap 481d8000.mmc: supply pbias not found, using dummy regulator
[    2.439839] sdhci-omap 481d8000.mmc: supply vqmmc not found, using dummy regulator
[    2.477646] mmc1: SDHCI controller on 481d8000.mmc [481d8000.mmc] using External DMA
[    2.486695] mmc0: SDHCI controller on 48060000.mmc [48060000.mmc] using External DMA
[    2.495565] cpsw-switch 4a100000.switch: starting ndev. mode: dual_mac
[    2.562080] mmc1: new high speed MMC card at address 0001
[    2.568875] mmcblk1: mmc1:0001 MMC04G 3.60 GiB
[    2.576563]  mmcblk1: p1 p2
[    2.580365] SMSC LAN8710/LAN8720 4a101000.mdio:00: attached PHY driver (mii_bus:phy_addr=4a101000.mdio:00, irq=POLL)
[    2.593017] mmcblk1boot0: mmc1:0001 MMC04G 2.00 MiB
[    2.605250] mmcblk1boot1: mmc1:0001 MMC04G 2.00 MiB
[    2.612381] mmcblk1rpmb: mmc1:0001 MMC04G 128 KiB, chardev (250:0)
[    2.664783] mmc0: new high speed SDHC card at address aaaa
[    2.671595] mmcblk0: mmc0:aaaa SE32G 29.7 GiB
[    2.680697]  mmcblk0: p1 p2
[    5.762472] cpsw-switch 4a100000.switch eth0: Link is Up - 100Mbps/Full - flow control off
[    5.801921] IP-Config: Complete:
[    5.805198]      device=eth0, hwaddr=6c:ec:eb:68:de:78, ipaddr=192.168.255.1, mask=255.255.255.0, gw=255.255.255.255
[    5.815862]      host=bbb1, domain=, nis-domain=(none)
[    5.821029]      bootserver=192.168.255.126, rootserver=192.168.255.126, rootpath=
[    5.821454] clk: Disabling unused clocks
[    5.833309] PM: genpd: Disabling unused power domains
[    5.838427] KTAP version 1
[    5.841151] 1..0
[    5.865804] VFS: Mounted root (nfs filesystem) on device 0:17.
[    5.872936] devtmpfs: mounted
[    5.877345] Freeing unused kernel image (initmem) memory: 1024K
[    5.884299] Run /sbin/init as init process
[    5.888432]   with arguments:
[    5.888445]     /sbin/init
[    5.888454]     nfsrootdebug
[    5.888463]   with environment:
[    5.888472]     HOME=/
[    5.888481]     TERM=linux
[    6.576723] systemd[1]: System time before build time, advancing clock.
[    8.031705] random: crng init done
[    8.072908] systemd[1]: systemd 232 running in system mode. (+PAM +AUDIT +SELINUX +IMA +APPARMOR +SMACK +SYSVINIT +UTMP +LIBCRYPTSETUP +GCRYPT +GNUTLS +ACL +XZ +LZ4 +SECCOMP +BLKID +ELFUTILS +KMOD +IDN)
[    8.092220] systemd[1]: Detected architecture arm.
[    8.124751] systemd[1]: Set hostname to <arm>.
[    9.223358] systemd[1]: Listening on /dev/initctl Compatibility Named Pipe.
[    9.252780] systemd[1]: Listening on Journal Audit Socket.
[    9.283662] systemd[1]: Listening on Syslog Socket.
[    9.312660] systemd[1]: Started Dispatch Password Requests to Console Directory Watch.
