Labgrid Console Logfile for main
Logfile started at 2025-03-27 11:43:34.496546
=== Log starts here ===

U-Boot SPL 2014.04-00014-g47880f5 (Apr 22 2014 - 13:23:54)
reading args
spl_load_image_fat_os: error reading image args, err - -1
reading u-boot.img
reading u-boot.img


U-Boot 2014.04-00014-g47880f5 (Apr 22 2014 - 13:23:54)

I2C:   ready
DRAM:  512 MiB
NAND:  0 MiB
MMC:   OMAP SD/MMC: 0, OMAP SD/MMC: 1
*** Warning - readenv() failed, using default environment

Net:   <ethaddr> not set. Validating first E-fuse MAC
cpsw, usb_ether
Hit any key to stop autoboot:  1  0 
gpio: pin 53 (gpio 53) value is 1
mmc0 is current device
gpio: pin 54 (gpio 54) value is 1
SD/MMC found on device 0
reading uEnv.txt
569 bytes read in 4 ms (138.7 KiB/s)
gpio: pin 55 (gpio 55) value is 1
Loaded environment from uEnv.txt
Importing environment from mmc ...
Checking if uenvcmd is set ...
gpio: pin 56 (gpio 56) value is 1
Running uenvcmd ...
cpsw Waiting for PHY auto negotiation to complete. done
link up on port 0, speed 100, full duplex
Using cpsw device
TFTP from server 192.168.255.126; our IP address is 192.168.255.1
Filename 'zImage'.
Load address: 0x81000000
Loading: *#################################################################
	 #################################################################
	 #################################################################
	 #################################################################
	 #################################################################
	 ############################################################
	 2.4 MiB/s
done
Bytes transferred = 5642968 (561ad8 hex)
link up on port 0, speed 100, full duplex
Using cpsw device
TFTP from server 192.168.255.126; our IP address is 192.168.255.1
Filename 'am335x-boneblack.dtb'.
Load address: 0x82000000
Loading: *#######
	 2.2 MiB/s
done
Bytes transferred = 98244 (17fc4 hex)
Kernel image @ 0x81000000 [ 0x000000 - 0x561ad8 ]
## Flattened Device Tree blob at 82000000
   Booting using the fdt blob at 0x82000000
   Using Device Tree in place at 82000000, end 8201afc3

Starting kernel ...

[    0.000000] Booting Linux on physical CPU 0x0
[    0.000000] Linux version 6.14.0-next-20250327 (user01@drvtest01) (arm-none-eabi-gcc (Arm GNU Toolchain 14.2.Rel1 (Build arm-14.52)) 14.2.1 20241119, GNU ld (Arm GNU Toolchain 14.2.Rel1 (Build arm-14.52)) 2.43.1.20241119) #1 SMP Thu Mar 27 11:42:12 EET 2025
[    0.000000] CPU: ARMv7 Processor [413fc082] revision 2 (ARMv7), cr=10c5387d
[    0.000000] CPU: PIPT / VIPT nonaliasing data cache, VIPT aliasing instruction cache
[    0.000000] OF: fdt: Machine model: TI AM335x BeagleBone Black
[    0.000000] Memory policy: Data cache writeback
[    0.000000] cma: Reserved 16 MiB at 0x00000000
[    0.000000] Zone ranges:
[    0.000000]   Normal   [mem 0x0000000080000000-0x000000009fdfffff]
[    0.000000]   HighMem  empty
[    0.000000] Movable zone start for each node
[    0.000000] Early memory node ranges
[    0.000000]   node   0: [mem 0x0000000080000000-0x000000009fdfffff]
[    0.000000] Initmem setup node 0 [mem 0x0000000080000000-0x000000009fdfffff]
[    0.000000] OF: reserved mem: Reserved memory: No reserved-memory node in the DT
[    0.000000] CPU: All CPU(s) started in SVC mode.
[    0.000000] AM335X ES2.1 (sgx neon)
[    0.000000] percpu: Embedded 17 pages/cpu s39692 r8192 d21748 u69632
[    0.000000] Kernel command line: console=ttyO0,115200n8 root=/dev/nfs rw nfsroot=192.168.255.126:/home/user01/nfs,nfsvers=3 ip=192.168.255.1:192.168.255.126::255.255.255.0:bbb1:eth0 nfsrootdebug
[    0.000000] Unknown kernel command line parameters "nfsrootdebug", will be passed to user space.
[    0.000000] printk: log buffer data + meta data: 65536 + 204800 = 270336 bytes
[    0.000000] Dentry cache hash table entries: 65536 (order: 6, 262144 bytes, linear)
[    0.000000] Inode-cache hash table entries: 32768 (order: 5, 131072 bytes, linear)
[    0.000000] Built 1 zonelists, mobility grouping on.  Total pages: 130560
[    0.000000] mem auto-init: stack:off, heap alloc:off, heap free:off
[    0.000000] SLUB: HWalign=16, Order=0-3, MinObjects=0, CPUs=1, Nodes=1
[    0.000000] rcu: Hierarchical RCU implementation.
[    0.000000] rcu: 	RCU event tracing is enabled.
[    0.000000] rcu: 	RCU restricting CPUs from NR_CPUS=2 to nr_cpu_ids=1.
[    0.000000] 	Tracing variant of Tasks RCU enabled.
[    0.000000] rcu: RCU calculated value of scheduler-enlistment delay is 10 jiffies.
[    0.000000] rcu: Adjusting geometry for rcu_fanout_leaf=16, nr_cpu_ids=1
[    0.000000] RCU Tasks Trace: Setting shift to 0 and lim to 1 rcu_task_cb_adjust=1 rcu_task_cpu_ids=1.
[    0.000000] NR_IRQS: 16, nr_irqs: 16, preallocated irqs: 16
[    0.000000] IRQ: Found an INTC at 0x(ptrval) (revision 5.0) with 128 interrupts
[    0.000000] rcu: srcu_init: Setting srcu_struct sizes based on contention.
[    0.000000] TI gptimer clocksource: always-on /ocp/interconnect@44c00000/segment@200000/target-module@31000
[    0.000003] sched_clock: 32 bits at 24MHz, resolution 41ns, wraps every 89478484971ns
[    0.000026] clocksource: dmtimer: mask: 0xffffffff max_cycles: 0xffffffff, max_idle_ns: 79635851949 ns
[    0.000506] TI gptimer clockevent: 24000000 Hz at /ocp/interconnect@48000000/segment@0/target-module@40000
[    0.002124] Console: colour dummy device 80x30
[    0.002191] WARNING: Your 'console=ttyO0' has been replaced by 'ttyS0'
[    0.002199] This ensures that you still see kernel messages. Please
[    0.002204] update your kernel commandline.
[    0.002247] Calibrating delay loop... 996.14 BogoMIPS (lpj=4980736)
[    0.090622] CPU: Testing write buffer coherency: ok
[    0.090706] CPU0: Spectre v2: using BPIALL workaround
[    0.090716] pid_max: default: 32768 minimum: 301
[    0.090877] LSM: initializing lsm=capability
[    0.091061] Mount-cache hash table entries: 1024 (order: 0, 4096 bytes, linear)
[    0.091080] Mountpoint-cache hash table entries: 1024 (order: 0, 4096 bytes, linear)
[    0.092687] CPU0: thread -1, cpu 0, socket -1, mpidr 0
[    0.092745] cacheinfo: Unable to detect cache hierarchy for CPU 0
[    0.150748] Setting up static identity map for 0x80100000 - 0x80100078
[    0.160701] rcu: Hierarchical SRCU implementation.
[    0.160713] rcu: 	Max phase no-delay instances is 1000.
[    0.180754] smp: Bringing up secondary CPUs ...
[    0.180811] smp: Brought up 1 node, 1 CPU
[    0.180825] SMP: Total of 1 processors activated (996.14 BogoMIPS).
[    0.180837] CPU: All CPU(s) started in SVC mode.
[    0.181027] Memory: 480824K/522240K available (11264K kernel code, 1216K rwdata, 2976K rodata, 1024K init, 288K bss, 23384K reserved, 16384K cma-reserved, 0K highmem)
[    0.181886] devtmpfs: initialized
[    0.198919] VFP support v0.3: implementor 41 architecture 3 part 30 variant c rev 3
[    0.199578] clocksource: jiffies: mask: 0xffffffff max_cycles: 0xffffffff, max_idle_ns: 19112604462750000 ns
[    0.199620] posixtimers hash table entries: 512 (order: 0, 4096 bytes, linear)
[    0.199639] futex hash table entries: 256 (order: 2, 16384 bytes, linear)
[    0.200993] pinctrl core: initialized pinctrl subsystem
[    0.203113] NET: Registered PF_NETLINK/PF_ROUTE protocol family
[    0.205918] DMA: preallocated 256 KiB pool for atomic coherent allocations
[    0.206870] audit: initializing netlink subsys (disabled)
[    0.208283] thermal_sys: Registered thermal governor 'fair_share'
[    0.208303] thermal_sys: Registered thermal governor 'step_wise'
[    0.208312] thermal_sys: Registered thermal governor 'user_space'
[    0.208456] audit: type=2000 audit(0.200:1): state=initialized audit_enabled=0 res=1
[    0.208491] cpuidle: using governor menu
[    0.226550] /ocp/interconnect@44c00000/segment@200000/target-module@b000/i2c@0/tda19988@70: Fixed dependency cycle(s) with /ocp/interconnect@48000000/segment@300000/target-module@e000/lcdc@0
[    0.227690] /ocp/interconnect@48000000/segment@300000/target-module@e000/lcdc@0: Fixed dependency cycle(s) with /ocp/interconnect@44c00000/segment@200000/target-module@b000/i2c@0/tda19988@70
[    0.229888] No ATAGs?
[    0.229933] hw-breakpoint: debug architecture 0x4 unsupported.
[    0.232765] kprobes: kprobe jump-optimization is enabled. All kprobes are optimized if possible.
[    0.244439] iommu: Default domain type: Translated
[    0.244463] iommu: DMA domain TLB invalidation policy: strict mode
[    0.251401] SCSI subsystem initialized
[    0.252276] pps_core: LinuxPPS API ver. 1 registered
[    0.252287] pps_core: Software ver. 5.3.6 - Copyright 2005-2007 Rodolfo Giometti <giometti@linux.it>
[    0.252311] PTP clock support registered
[    0.260929] vgaarb: loaded
[    0.261297] clocksource: Switched to clocksource dmtimer
[    0.261975] VFS: Disk quotas dquot_6.6.0
[    0.262039] VFS: Dquot-cache hash table entries: 1024 (order 0, 4096 bytes)
[    0.286382] NET: Registered PF_INET protocol family
[    0.286719] IP idents hash table entries: 8192 (order: 4, 65536 bytes, linear)
[    0.288147] tcp_listen_portaddr_hash hash table entries: 512 (order: 0, 4096 bytes, linear)
[    0.288186] Table-perturb hash table entries: 65536 (order: 6, 262144 bytes, linear)
[    0.288206] TCP established hash table entries: 4096 (order: 2, 16384 bytes, linear)
[    0.288250] TCP bind hash table entries: 4096 (order: 4, 65536 bytes, linear)
[    0.288350] TCP: Hash tables configured (established 4096 bind 4096)
[    0.288471] UDP hash table entries: 256 (order: 1, 14336 bytes, linear)
[    0.288507] UDP-Lite hash table entries: 256 (order: 1, 14336 bytes, linear)
[    0.288698] NET: Registered PF_UNIX/PF_LOCAL protocol family
[    0.292177] RPC: Registered named UNIX socket transport module.
[    0.292199] RPC: Registered udp transport module.
[    0.292204] RPC: Registered tcp transport module.
[    0.292208] RPC: Registered tcp-with-tls transport module.
[    0.292213] RPC: Registered tcp NFSv4.1 backchannel transport module.
[    0.292237] PCI: CLS 0 bytes, default 64
[    0.293646] Initialise system trusted keyrings
[    0.302040] workingset: timestamp_bits=14 max_order=17 bucket_order=3
[    0.303410] NFS: Registering the id_resolver key type
[    0.303505] Key type id_resolver registered
[    0.303513] Key type id_legacy registered
[    0.303623] jffs2: version 2.2. (NAND) (SUMMARY)  Â© 2001-2006 Red Hat, Inc.
[    0.304050] Key type asymmetric registered
[    0.304066] Asymmetric key parser 'x509' registered
[    0.304130] io scheduler mq-deadline registered
[    0.304140] io scheduler kyber registered
[    0.304218] io scheduler bfq registered
[    0.305819] ledtrig-cpu: registered to indicate activity on CPUs
[    0.312052] Serial: 8250/16550 driver, 6 ports, IRQ sharing enabled
[    0.357859] brd: module loaded
[    0.376805] loop: module loaded
[    0.377729] mtdoops: mtd device (mtddev=name/number) must be supplied
[    0.380840] i2c_dev: i2c /dev entries driver
[    0.381980] cpuidle: enable-method property 'ti,am3352' found operations
[    0.382442] sdhci: Secure Digital Host Controller Interface driver
[    0.382452] sdhci: Copyright(c) Pierre Ossman
[    0.382620] sdhci-pltfm: SDHCI platform and OF driver helper
[    0.383628] Initializing XFRM netlink socket
[    0.383805] NET: Registered PF_INET6 protocol family
[    0.398743] Segment Routing with IPv6
[    0.398836] In-situ OAM (IOAM) with IPv6
[    0.398937] sit: IPv6, IPv4 and MPLS over IPv4 tunneling driver
[    0.399899] NET: Registered PF_PACKET protocol family
[    0.399934] NET: Registered PF_KEY protocol family
[    0.400048] Key type dns_resolver registered
[    0.400273] ThumbEE CPU extension supported.
[    0.400291] Registering SWP/SWPB emulation handler
[    0.400828] omap_voltage_late_init: Voltage driver support not added
[    0.401177] SmartReflex Class3 initialized
[    0.432084] Loading compiled-in X.509 certificates
[    0.473985] /ocp/interconnect@44c00000/segment@200000/target-module@b000/i2c@0/tda19988@70: Fixed dependency cycle(s) with /ocp/interconnect@48000000/segment@300000/target-module@e000/lcdc@0
[    0.480441] /ocp/interconnect@44c00000/segment@200000/target-module@b000/i2c@0/tda19988@70: Fixed dependency cycle(s) with /ocp/interconnect@48000000/segment@300000/target-module@e000/lcdc@0
[    0.519880] /ocp/interconnect@44c00000/segment@200000/target-module@b000/i2c@0/tda19988@70: Fixed dependency cycle(s) with /ocp/interconnect@48000000/segment@300000/target-module@e000/lcdc@0
[    0.520777] /ocp/interconnect@44c00000/segment@200000/target-module@b000/i2c@0/tda19988@70: Fixed dependency cycle(s) with /ocp/interconnect@48000000/segment@300000/target-module@e000/lcdc@0
[    0.524555] /ocp/interconnect@44c00000/segment@200000/target-module@10000/scm@0/pinmux@800: Fixed dependency cycle(s) with /ocp/interconnect@44c00000/segment@200000/target-module@10000/scm@0/pinmux@800/clkout2-pins
[    0.525190] pinctrl-single 44e10800.pinmux: 142 pins, size 568
[    0.530473] ti-sysc 44e31000.target-module: probe with driver ti-sysc failed with error -16
[    0.569775] /ocp/interconnect@48000000/segment@300000/target-module@e000/lcdc@0: Fixed dependency cycle(s) with /ocp/interconnect@44c00000/segment@200000/target-module@b000/i2c@0/tda19988@70
[    0.578118] ti-sysc 48040000.target-module: probe with driver ti-sysc failed with error -16
[    0.612670] OMAP GPIO hardware version 0.1
[    0.641721] omap_i2c 4819c000.i2c: bus 2 rev0.11 at 100 kHz
[    0.681505] 48000000.interconnect:segment@200000:target-module@0:mpu@0:fck: device ID is greater than 24
[    0.682503] /ocp/interconnect@48000000/segment@300000/target-module@e000/lcdc@0: Fixed dependency cycle(s) with /ocp/interconnect@44c00000/segment@200000/target-module@b000/i2c@0/tda19988@70
[    0.685375] /ocp/interconnect@48000000/segment@300000/target-module@e000/lcdc@0: Fixed dependency cycle(s) with /ocp/interconnect@44c00000/segment@200000/target-module@b000/i2c@0/tda19988@70
[    0.686093] /ocp/interconnect@44c00000/segment@200000/target-module@b000/i2c@0/tda19988@70: Fixed dependency cycle(s) with /ocp/interconnect@48000000/segment@300000/target-module@e000/lcdc@0
[    0.686273] /ocp/interconnect@48000000/segment@300000/target-module@e000/lcdc@0: Fixed dependency cycle(s) with /ocp/interconnect@44c00000/segment@200000/target-module@b000/i2c@0/tda19988@70
[    0.697558] sdhci-omap 481d8000.mmc: supply pbias not found, using dummy regulator
[    0.698054] sdhci-omap 481d8000.mmc: supply vqmmc not found, using dummy regulator
[    0.749770] davinci_mdio 4a101000.mdio: davinci mdio revision 1.6, bus freq 1000000
[    0.919445] davinci_mdio 4a101000.mdio: phy[0]: device 4a101000.mdio:00, driver SMSC LAN8710/LAN8720
[    0.920224] cpsw-switch 4a100000.switch: initialized cpsw ale version 1.4
[    0.920247] cpsw-switch 4a100000.switch: ALE Table size 1024, Policers 0
[    0.920393] cpsw-switch 4a100000.switch: cpts: overflow check period 500 (jiffies)
[    0.920408] cpsw-switch 4a100000.switch: CPTS: ref_clk_freq:250000000 calc_mult:2147483648 calc_shift:29 error:0 nsec/sec
[    0.920517] cpsw-switch 4a100000.switch: Detected MACID = 6c:ec:eb:68:de:78
[    0.922556] cpsw-switch 4a100000.switch: initialized (regs 0x4a100000, pool size 256) hw_ver:0019010C 1.12 (0)
[    0.933562] debugfs: Directory '49000000.dma' with parent 'dmaengine' already present!
[    0.933604] edma 49000000.dma: TI EDMA DMA engine driver
[    0.975865] target-module@4b000000:target-module@140000:pmu@0:fck: device ID is greater than 24
[    0.993302] hw perfevents: enabled with armv7_cortex_a8 PMU driver, 5 (8000000f) counters available
[    1.000944] l3-aon-clkctrl:0000:0: failed to disable
[    1.013718] 44e09000.serial: ttyS0 at MMIO 0x44e09000 (irq = 34, base_baud = 3000000) is a 8250
[    1.013812] printk: legacy console [ttyS0] enabled
[    2.442276] tps65217-pmic: Failed to locate of_node [id: -1]
[    2.448331] tps65217-bl: Failed to locate of_node [id: -1]
[    2.455777] platform tps65217-charger: DMA mask not set
[    2.463103] platform tps65217-pwrbutton: DMA mask not set
[    2.470928] tps65217 0-0024: TPS65217 ID 0xe version 1.2
[    2.477084] /ocp/interconnect@48000000/segment@300000/target-module@e000/lcdc@0: Fixed dependency cycle(s) with /ocp/interconnect@44c00000/segment@200000/target-module@b000/i2c@0/tda19988@70
[    2.494476] /ocp/interconnect@44c00000/segment@200000/target-module@b000/i2c@0/tda19988@70: Fixed dependency cycle(s) with /ocp/interconnect@48000000/segment@300000/target-module@e000/lcdc@0
[    2.511861] omap_i2c 44e0b000.i2c: bus 0 rev0.11 at 400 kHz
[    2.519765] omap_gpio 44e07000.gpio: Could not set line 6 debounce to 200000 microseconds (-22)
[    2.528629] sdhci-omap 48060000.mmc: Got CD GPIO
[    2.533662] sdhci-omap 48060000.mmc: supply pbias not found, using dummy regulator
[    2.544355] sdhci-omap 48060000.mmc: supply vqmmc not found, using dummy regulator
[    2.552847] sdhci-omap 481d8000.mmc: supply pbias not found, using dummy regulator
[    2.560885] sdhci-omap 481d8000.mmc: supply vqmmc not found, using dummy regulator
 [    2.597750] mmc1: SDHCI controller on 481d8000.mmc [481d800 0.mmc] using External DMA
[    2.606784] mmc0: SDHCI controll er on 48060000.mmc [48060000.mmc] using External DMA
[    2.6 15713] cpsw-switch 4a100000.switch: starting ndev. mode: dual_ mac
[  
[    5.842058] cpsw-switch 4a100000.switch eth0: Link is Up - 100Mbps/Full - flow control off
[    5.881312] IP-Config: Complete:
[    5.884585]      device=eth0, hwaddr=6c:ec:eb:68:de:78, ipaddr=192.168.255.1, mask=255.255.255.0, gw=255.255.255.255
[    5.895208]      host=bbb1, domain=, nis-domain=(none)
[    5.900375]      bootserver=192.168.255.126, rootserver=192.168.255.126, rootpath=
[    5.900813] clk: Disabling unused clocks
[    5.912685] PM: genpd: Disabling unused power domains
[    5.917803] KTAP version 1
[    5.920523] 1..0
[    5.967557] VFS: Mounted root (nfs filesystem) on device 0:17.
[    5.974652] devtmpfs: mounted
[    5.979148] Freeing unused kernel image (initmem) memory: 1024K
[    5.986003] Run /sbin/init as init process
[    6.682240] systemd[1]: System time before build time, advancing clock.
[    8.151319] random: crng init done
[    8.192990] systemd[1]: systemd 232 running in system mode. (+PAM +AUDIT +SELINUX +IMA +APPARMOR +SMACK +SYSVINIT +UTMP +LIBCRYPTSETUP +GCRYPT +GNUTLS +ACL +XZ +LZ4 +SECCOMP +BLKID +ELFUTILS +KMOD +IDN)
[    8.212166] systemd[1]: Detected architecture arm.

Welcome to [1mDebian GNU/Linux 9 (stretch)[0m!

[    8.244682] systemd[1]: Set hostname to <arm>.
[    9.359391] systemd[1]: Reached target Swap.
[[0;32m  OK  [0m] Reached target Swap.
[    9.381981] systemd[1]: Listening on udev Kernel Socket.
[[0;32m  OK  [0m] Listening on udev Kernel Socket.
[    9.412385] systemd[1]: Listening on Journal Audit Socket.
[[0;32m  OK  [0m] Listening on Journal Audit Socket.
[    9.442328] systemd[1]: Started Dispatch Password Requests to Console Directory Watch.
[[0;32m  OK  [0m] Started Dispatch Password Requests to Console Directory Watch.
[    9.471663] systemd[1]: Reached target Remote File Systems.
[[0;32m  OK  [0m] Reached target Remote File Systems.
[    9.502805] systemd[1]: Created slice User and Session Slice.
[[0;32m  OK  [0m] Created slice User and Session Slice.
[    9.533380] systemd[1]: Listening on Journal Socket (/dev/log).
[[0;32m  OK  [0m] Listening on Journal Socket (/dev/log).
[[0;32m  OK  [0m] Set up automount Arbitrary Executabâ€¦rmats File System Automount Point.
[[0;32m  OK  [0m] Created slice System Slice.
[[0;32m  OK  [0m] Reached target Slices.
[[0;32m  OK  [0m] Created slice system-serial\x2dgetty.slice.
         Mounting Debug File System...
         Mounting POSIX Message Queue File System...
[[0;32m  OK  [0m] Listening on Syslog Socket.
[[0;32m  OK  [0m] Listening on Journal Socket.
         Starting Create list of required stâ€¦ce nodes for the current kernel...
         Starting Remount Root and Kernel File Systems...
[[0;32m  OK  [0m] Started Forward Password Requests to Wall Directory Watch.
[[0;32m  OK  [0m] Reached target Paths.
[[0;32m  OK  [0m] Created slice system-getty.slice.
         Starting Load Kernel Modules...
[[0;32m  OK  [0m] Listening on /dev/initctl Compatibility Named Pipe.
[[0;32m  OK  [0m] Listening on udev Control Socket.
[[0;32m  OK  [0m] Reached target Encrypted Volumes.
         Starting Journal Service...
[[0;32m  OK  [0m] Mounted POSIX Message Queue File System.
[[0;32m  OK  [0m] Mounted Debug File System.
[[0;32m  OK  [0m] Started Create list of required staâ€¦vice nodes for the current kernel.
[[0;32m  OK  [0m] Started Remount Root and Kernel File Systems.
         Starting udev Coldplug all Devices...
         Starting Load/Save Random Seed...
         Starting Create Static Device Nodes in /dev...
[[0;32m  OK  [0m] Started Load Kernel Modules.
         Mounting Configuration File System...
         Starting Apply Kernel Variables...
[[0;32m  OK  [0m] Mounted Configuration File System.
[[0;32m  OK  [0m] Started Load/Save Random Seed.
[[0;32m  OK  [0m] Started Apply Kernel Variables.
[[0;32m  OK  [0m] Started Create Static Device Nodes in /dev.
         Starting udev Kernel Device Manager...
[[0;32m  OK  [0m] Reached target Local File Systems (Pre).
[[0;32m  OK  [0m] Reached target Local File Systems.
         Starting Raise network interfaces...
[[0;32m  OK  [0m] Started Journal Service.
         Starting Flush Journal to Persistent Storage...
[   11.835355] systemd-journald[88]: Received request to flush runtime journal from PID 1
[[0;32m  OK  [0m] Started Flush Journal to Persistent Storage.
         Starting Create Volatile Files and Directories...
[[0;32m  OK  [0m] Started udev Kernel Device Manager.
[[0;32m  OK  [0m] Started Create Volatile Files and Directories.
         Starting Update UTMP about System Boot/Shutdown...
         Starting Network Time Synchronization...
[[0;32m  OK  [0m] Started udev Coldplug all Devices.
[[0;32m  OK  [0m] Started Update UTMP about System Boot/Shutdown.
[   14.649529] remoteproc remoteproc0: wkup_m3 is available
[   14.832199] at24 2-0054: supply vcc not found, using dummy regulator
[   14.942141] at24 2-0055: supply vcc not found, using dummy regulator
[   15.062586] input: tps65217_pwrbutton as /devices/platform/ocp/44c00000.interconnect/44c00000.interconnect:segment@200000/44e0b000.target-module/44e0b000.i2c/i2c-0/0-0024/tps65217-pwrbutton/input/input0
[   15.120420] at24 2-0056: supply vcc not found, using dummy regulator
[[0;32m  OK  [0m] Found device /dev/ttyS0.
[   15.220846] at24 2-0057: supply vcc not found, using dummy regulator
[   15.354844] at24 0-0050: 32768 byte 24c256 EEPROM, writable, 1 bytes/write
[   15.650912] wkup_m3_ipc 44e11324.wkup_m3_ipc: IPC Request for A8->M3 Channel failed! -517
[   15.777454] omap_rtc 44e3e000.rtc: registered as rtc0
[   15.784169] omap_rtc 44e3e000.rtc: setting system clock to 2000-01-01T00:00:00 UTC (946684800)
[   15.794832] wkup_m3_ipc 44e11324.wkup_m3_ipc: IPC Request for A8->M3 Channel failed! -517
[   15.921747] omap_wdt: OMAP Watchdog Timer Rev 0x01: initial timeout 60 sec
[   15.957853] wkup_m3_ipc 44e11324.wkup_m3_ipc: IPC Request for A8->M3 Channel failed! -517
[   16.152578] am335x-phy-driver 47401300.usb-phy: dummy supplies not allowed for exclusive requests (id=vbus)
[   16.262226] usbcore: registered new interface driver usbfs
[   16.267880] usbcore: registered new interface driver hub
[   16.273434] usbcore: registered new device driver usb
[   16.325962] am335x-phy-driver 47401b00.usb-phy: dummy supplies not allowed for exclusive requests (id=vbus)
[   16.347901] wkup_m3_ipc 44e11324.wkup_m3_ipc: IPC Request for A8->M3 Channel failed! -517
[   16.626966] wkup_m3_ipc 44e11324.wkup_m3_ipc: IPC Request for A8->M3 Channel failed! -517
[   16.864664] wkup_m3_ipc 44e11324.wkup_m3_ipc: IPC Request for A8->M3 Channel failed! -517
[   16.948066] musb-hdrc musb-hdrc.1: MUSB HDRC host driver
[   16.953733] musb-hdrc musb-hdrc.1: new USB bus registered, assigned bus number 1
[   16.983069] wkup_m3_ipc 44e11324.wkup_m3_ipc: IPC Request for A8->M3 Channel failed! -517
[   17.042511] tda998x 0-0070: found TDA19988
[   17.088937] usb usb1: New USB device found, idVendor=1d6b, idProduct=0002, bcdDevice= 6.14
[   17.097454] usb usb1: New USB device strings: Mfr=3, Product=2, SerialNumber=1
[   17.104788] usb usb1: Product: MUSB HDRC host driver
[   17.109782] usb usb1: Manufacturer: Linux 6.14.0-next-20250327 musb-hcd
[   17.116474] usb usb1: SerialNumber: musb-hdrc.1
[   17.203545] wkup_m3_ipc 44e11324.wkup_m3_ipc: IPC Request for A8->M3 Channel failed! -517
[[0;32m  OK  [0m] Started Network Time Synchronization.
[[0;32m  OK  [0m] Reached target System Time Synchronized.
[[0;32m  OK  [0m] Reached target System Initialization.
[   17.495757] hub 1-0:1.0: USB hub found
[   17.517681] hub 1-0:1.0: 1 port detected
[[0;32m  OK  [0m] Started Daily Cleanup of Temporary Directories.
[   17.588295] wkup_m3_ipc 44e11324.wkup_m3_ipc: IPC Request for A8->M3 Channel failed! -517
[[0;32m  OK  [0m] Started Daily apt download activities.[   17.700494] omap-mailbox 480c8000.mailbox: omap mailbox rev 0x400

[[0;32m  OK  [0m] Started Daily apt upgrade and clean activities.
[[0;32m  OK  [0m] Reached target Timers.
[[0;32m  OK  [0m] Listening on Avahi mDNS/DNS-SD Stack Activat[   17.833483] remoteproc remoteproc0: powering up wkup_m3
ion Socket.
[[0;32m  OK  [0m] Listening on D-Bus System Message Bus Socket.
[[0;32m  OK  [0m] Reached target Sockets.
[[0;32m  OK  [0m] Reached target Basic System.
[   18.021863] remoteproc remoteproc0: Direct firmware load for am335x-pm-firmware.elf failed with error -2
[   18.032361] remoteproc remoteproc0: request_firmware failed: -2
[   18.038333] wkup_m3_ipc 44e11324.wkup_m3_ipc: rproc_boot failed
         Starting Cape Manager Service...
[[0;32m  OK  [0m] Started Regular background program processing daemon.
         Starting LSB: Start busybox udhcpd at boot time...
         Starting DUN service...
         Starting Avahi mDNS/DNS-SD Stack...
         Starting System Logging Service...
         Starting Generic Board Startup...
         Starting Telephony service...
[[0;32m  OK  [0m] Started D-Bus System Message Bus.
[   20.534700] omap_rng 48310000.rng: Random Number Generator ver. 20
[   20.774312] tilcdc 4830e000.lcdc: bound 0-0070 (ops 0xbf06a0f8)
[   20.855318] [drm] Initialized tilcdc 1.0.0 for 4830e000.lcdc on minor 0
[   20.941057] tilcdc 4830e000.lcdc: [drm] Cannot find any crtc or sizes
[   20.949444] tilcdc 4830e000.lcdc: [drm] Cannot find any crtc or sizes
[   21.419217] PM: Cannot get wkup_m3_ipc handle
[   21.635685] omap-sham 53100000.sham: hw accel on OMAP rev 4.3
[   21.734815] omap-aes 53500000.aes: OMAP AES hw accel rev: 3.2
[   21.767952] omap-sham 53100000.sham: will run requests pump with realtime priority
[   21.776759] PM: Cannot get wkup_m3_ipc handle
[   21.845623] omap-aes 53500000.aes: will run requests pump with realtime priority
[   21.854391] PM: Cannot get wkup_m3_ipc handle
[[0;32m  OK  [0m] Started Avahi mDNS/DNS-SD Stack.
[[0;32m  OK  [0m] Started Telephony service.
[[0;32m  OK  [0m] Started DUN service.
         Starting Connection service...
         Starting Login Service...
         Starting LSB: Load kernel modules needed to enable cpufreq scaling...
[[0;32m  OK  [0m] Started System Logging Service.
[[0;32m  OK  [0m] Started Cape Manager Service.
[   24.701488] Bluetooth: Core ver 2.22
[   24.705581] NET: Registered PF_BLUETOOTH protocol family
[   24.710932] Bluetooth: HCI device and connection manager initialized
[   24.717488] Bluetooth: HCI socket layer initialized
[   24.722606] Bluetooth: L2CAP socket layer initialized
[   24.727732] Bluetooth: SCO socket layer initialized
[   25.105155] PM: Cannot get wkup_m3_ipc handle
[   25.155988] gpio-537 (nxp,calib): gpiod_direction_output_nonotify: tried to set a GPIO tied to an IRQ as output
[   25.245957] PM: Cannot get wkup_m3_ipc handle
[   25.418171] tda9950 0-0034: TDA9950 CEC interface, hardware version 3.3
[   25.506197] PM: Cannot get wkup_m3_ipc handle
[[0;32m  OK  [0m] Started Raise network interfaces.
[[0;32m  OK  [0m] Started LSB: Start busybox udhcpd at boot time.
[[0;32m  OK  [0m] Started LSB: Load kernel modules needed to enable cpufreq scaling.
[   28.834936] configfs-gadget.g_multi gadget.0: HOST MAC 1c:ba:8c:a2:ed:6c
[   28.842123] configfs-gadget.g_multi gadget.0: MAC 1c:ba:8c:a2:ed:70
[   28.849656] configfs-gadget.g_multi gadget.0: HOST MAC 1c:ba:8c:a2:ed:6c
[   28.856561] configfs-gadget.g_multi gadget.0: MAC 1c:ba:8c:a2:ed:6d
[   28.863821] PM: Cannot get wkup_m3_ipc handle
[[0;32m  OK  [0m] Started Connection service.
[[0;32m  OK  [0m] Reached target Sound Card.
         Starting LSB: set CPUFreq kernel parameters...
[[0;32m  OK  [0m] Reached target Network.
         Starting Permit User Sessions...
         Starting OpenBSD Secure Shell server...
         Starting The Apache HTTP Server...
[[0;32m  OK  [0m] Reached target Network is Online.
         Starting LSB: Advanced IEEE 802.11 management daemon...
[[0;32m  OK  [0m] Started Permit User Sessions.
[[0;32m  OK  [0m] Started Login Service.
[[0;32m  OK  [0m] Started LSB: Advanced IEEE 802.11 management daemon.
[[0;32m  OK  [0m] Started Getty on tty1.
[[0;32m  OK  [0m] Started Serial Getty on ttyS0.
[[0;32m  OK  [0m] Reached target Login Prompts.
[[0;32m  OK  [0m] Started LSB: set CPUFreq kernel parameters.
         Starting Hostname Service...
         Starting WPA supplicant...
[[0;32m  OK  [0m] Started OpenBSD Secure Shell server.
         Stopping LSB: Start busybox udhcpd at boot time...
[[0;32m  OK  [0m] Started WPA supplicant.
[[0;32m  OK  [0m] Started Hostname Service.
[[0;32m  OK  [0m] Stopped LSB: Start busybox udhcpd at boot time.
[[0;32m  OK  [0m] Started The Apache HTTP Server.
         Starting dnsmasq - A lightweight DHCP and caching DNS server...
[[0;32m  OK  [0m] Started dnsmasq - A lightweight DHCP and caching DNS server.
[[0;32m  OK  [0m] Reached target Host and Network Name Lookups.
[[0;32m  OK  [0m] Started Serial Getty on ttyGS0.
[[0;32m  OK  [0m] Started Generic Board Startup.
[[0;32m  OK  [0m] Reached target Multi-User System.
[[0;32m  OK  [0m] Reached target Graphical Interface.
         Starting Update UTMP about System Runlevel Changes...
[[0;32m  OK  [0m] Started Update UTMP about System Runlevel Changes.

Debian GNU/Linux 9 arm ttyS0

default username:password is [debian:temppwd]

arm login: root
Password: 
Last login: Sat Dec  9 19:10:26 UTC 2017 on ttyS0
root
Linux arm 6.14.0-next-20250327 #1 SMP Thu Mar 27 11:42:12 EET 2025 armv7l

The programs included with the Debian GNU/Linux system are free software;
the exact distribution terms for each program are described in the
individual files in /usr/share/doc/*/copyright.

Debian GNU/Linux comes with ABSOLUTELY NO WARRANTY, to the extent
permitted by applicable law.
root@arm:~# root
-bash: root: command not found
root@arm:~# dmesg -n 1
root@arm:~# echo 'SAKZ''MHYNQV'
SAKZMHYNQV
root@arm:~# run() { echo -n "$MARKER"; sh -c "$@"; echo "$MARKER $?"; }
root@arm:~# echo 'OMFP''MUXNZT'
OMFPMUXNZT
root@arm:~# MARKER='XTGO''QJKECB' run 'cat /proc/version'
XTGOQJKECBLinux version 6.14.0-next-20250327 (user01@drvtest01) (arm-none-eabi-gcc (Arm GNU Toolchain 14.2.Rel1 (Build arm-14.52)) 14.2.1 20241119, GNU ld (Arm GNU Toolchain 14.2.Rel1 (Build arm-14.52)) 2.43.1.20241119) #1 SMP Thu Mar 27 11:42:12 EET 2025
XTGOQJKECB 0
root@arm:~# echo 'WLHO''OSHQUG'
WLHOOSHQUG
root@arm:~# MARKER='BQPG''XKMKHJ' run false
BQPGXKMKHJBQPGXKMKHJ 1
root@arm:~# Labgrid Console Logfile for main
Logfile started at 2025-03-27 11:44:42.538975
=== Log starts here ===

root@arm:~# run() { echo -n "$MARKER"; sh -c "$@"; echo "$MARKER $?"; }
root@arm:~# echo 'KWMJ''HKABBZ'
KWMJHKABBZ
root@arm:~# MARKER='PFLE''MZQBMF' run 'ls /iio_generic_buffer; echo $?'
PFLEMZQBMF/iio_generic_buffer
0
PFLEMZQBMF 0
root@arm:~# Labgrid Console Logfile for main
Logfile started at 2025-03-27 11:44:45.945600
=== Log starts here ===

root@arm:~# run() { echo -n "$MARKER"; sh -c "$@"; echo "$MARKER $?"; }
root@arm:~# echo 'ANHT''PQAVMS'
ANHTPQAVMS
root@arm:~# MARKER='FKPT''FQUQHH' run dmesg
FKPTFQUQHH[    0.000000] Booting Linux on physical CPU 0x0
[    0.000000] Linux version 6.14.0-next-20250327 (user01@drvtest01) (arm-none-eabi-gcc (Arm GNU Toolchain 14.2.Rel1 (Build arm-14.52)) 14.2.1 20241119, GNU ld (Arm GNU Toolchain 14.2.Rel1 (Build arm-14.52)) 2.43.1.20241119) #1 SMP Thu Mar 27 11:42:12 EET 2025
[    0.000000] CPU: ARMv7 Processor [413fc082] revision 2 (ARMv7), cr=10c5387d
[    0.000000] CPU: PIPT / VIPT nonaliasing data cache, VIPT aliasing instruction cache
[    0.000000] OF: fdt: Machine model: TI AM335x BeagleBone Black
[    0.000000] Memory policy: Data cache writeback
[    0.000000] cma: Reserved 16 MiB at 0x00000000
[    0.000000] Zone ranges:
[    0.000000]   Normal   [mem 0x0000000080000000-0x000000009fdfffff]
[    0.000000]   HighMem  empty
[    0.000000] Movable zone start for each node
[    0.000000] Early memory node ranges
[    0.000000]   node   0: [mem 0x0000000080000000-0x000000009fdfffff]
[    0.000000] Initmem setup node 0 [mem 0x0000000080000000-0x000000009fdfffff]
[    0.000000] OF: reserved mem: Reserved memory: No reserved-memory node in the DT
[    0.000000] CPU: All CPU(s) started in SVC mode.
[    0.000000] AM335X ES2.1 (sgx neon)
[    0.000000] percpu: Embedded 17 pages/cpu s39692 r8192 d21748 u69632
[    0.000000] pcpu-alloc: s39692 r8192 d21748 u69632 alloc=17*4096
[    0.000000] pcpu-alloc: [0] 0 
[    0.000000] Kernel command line: console=ttyO0,115200n8 root=/dev/nfs rw nfsroot=192.168.255.126:/home/user01/nfs,nfsvers=3 ip=192.168.255.1:192.168.255.126::255.255.255.0:bbb1:eth0 nfsrootdebug
[    0.000000] Unknown kernel command line parameters "nfsrootdebug", will be passed to user space.
[    0.000000] printk: log buffer data + meta data: 65536 + 204800 = 270336 bytes
[    0.000000] Dentry cache hash table entries: 65536 (order: 6, 262144 bytes, linear)
[    0.000000] Inode-cache hash table entries: 32768 (order: 5, 131072 bytes, linear)
[    0.000000] Built 1 zonelists, mobility grouping on.  Total pages: 130560
[    0.000000] mem auto-init: stack:off, heap alloc:off, heap free:off
[    0.000000] SLUB: HWalign=16, Order=0-3, MinObjects=0, CPUs=1, Nodes=1
[    0.000000] rcu: Hierarchical RCU implementation.
[    0.000000] rcu: 	RCU event tracing is enabled.
[    0.000000] rcu: 	RCU restricting CPUs from NR_CPUS=2 to nr_cpu_ids=1.
[    0.000000] 	Tracing variant of Tasks RCU enabled.
[    0.000000] rcu: RCU calculated value of scheduler-enlistment delay is 10 jiffies.
[    0.000000] rcu: Adjusting geometry for rcu_fanout_leaf=16, nr_cpu_ids=1
[    0.000000] RCU Tasks Trace: Setting shift to 0 and lim to 1 rcu_task_cb_adjust=1 rcu_task_cpu_ids=1.
[    0.000000] NR_IRQS: 16, nr_irqs: 16, preallocated irqs: 16
[    0.000000] IRQ: Found an INTC at 0x(ptrval) (revision 5.0) with 128 interrupts
[    0.000000] rcu: srcu_init: Setting srcu_struct sizes based on contention.
[    0.000000] TI gptimer clocksource: always-on /ocp/interconnect@44c00000/segment@200000/target-module@31000
[    0.000003] sched_clock: 32 bits at 24MHz, resolution 41ns, wraps every 89478484971ns
[    0.000026] clocksource: dmtimer: mask: 0xffffffff max_cycles: 0xffffffff, max_idle_ns: 79635851949 ns
[    0.000506] TI gptimer clockevent: 24000000 Hz at /ocp/interconnect@48000000/segment@0/target-module@40000
[    0.002124] Console: colour dummy device 80x30
[    0.002191] WARNING: Your 'console=ttyO0' has been replaced by 'ttyS0'
[    0.002199] This ensures that you still see kernel messages. Please
[    0.002204] update your kernel commandline.
[    0.002247] Calibrating delay loop... 996.14 BogoMIPS (lpj=4980736)
[    0.090622] CPU: Testing write buffer coherency: ok
[    0.090706] CPU0: Spectre v2: using BPIALL workaround
[    0.090716] pid_max: default: 32768 minimum: 301
[    0.090877] LSM: initializing lsm=capability
[    0.091061] Mount-cache hash table entries: 1024 (order: 0, 4096 bytes, linear)
[    0.091080] Mountpoint-cache hash table entries: 1024 (order: 0, 4096 bytes, linear)
[    0.092687] CPU0: thread -1, cpu 0, socket -1, mpidr 0
[    0.092745] cacheinfo: Unable to detect cache hierarchy for CPU 0
[    0.150748] Setting up static identity map for 0x80100000 - 0x80100078
[    0.160701] rcu: Hierarchical SRCU implementation.
[    0.160713] rcu: 	Max phase no-delay instances is 1000.
[    0.180754] smp: Bringing up secondary CPUs ...
[    0.180811] smp: Brought up 1 node, 1 CPU
[    0.180825] SMP: Total of 1 processors activated (996.14 BogoMIPS).
[    0.180837] CPU: All CPU(s) started in SVC mode.
[    0.181027] Memory: 480824K/522240K available (11264K kernel code, 1216K rwdata, 2976K rodata, 1024K init, 288K bss, 23384K reserved, 16384K cma-reserved, 0K highmem)
[    0.181886] devtmpfs: initialized
[    0.198919] VFP support v0.3: implementor 41 architecture 3 part 30 variant c rev 3
[    0.199578] clocksource: jiffies: mask: 0xffffffff max_cycles: 0xffffffff, max_idle_ns: 19112604462750000 ns
[    0.199620] posixtimers hash table entries: 512 (order: 0, 4096 bytes, linear)
[    0.199639] futex hash table entries: 256 (order: 2, 16384 bytes, linear)
[    0.200993] pinctrl core: initialized pinctrl subsystem
[    0.203113] NET: Registered PF_NETLINK/PF_ROUTE protocol family
[    0.205918] DMA: preallocated 256 KiB pool for atomic coherent allocations
[    0.206870] audit: initializing netlink subsys (disabled)
[    0.208283] thermal_sys: Registered thermal governor 'fair_share'
[    0.208303] thermal_sys: Registered thermal governor 'step_wise'
[    0.208312] thermal_sys: Registered thermal governor 'user_space'
[    0.208456] audit: type=2000 audit(0.200:1): state=initialized audit_enabled=0 res=1
[    0.208491] cpuidle: using governor menu
[    0.226550] /ocp/interconnect@44c00000/segment@200000/target-module@b000/i2c@0/tda19988@70: Fixed dependency cycle(s) with /ocp/interconnect@48000000/segment@300000/target-module@e000/lcdc@0
[    0.227690] /ocp/interconnect@48000000/segment@300000/target-module@e000/lcdc@0: Fixed dependency cycle(s) with /ocp/interconnect@44c00000/segment@200000/target-module@b000/i2c@0/tda19988@70
[    0.229888] No ATAGs?
[    0.229933] hw-breakpoint: debug architecture 0x4 unsupported.
[    0.232765] kprobes: kprobe jump-optimization is enabled. All kprobes are optimized if possible.
[    0.244439] iommu: Default domain type: Translated
[    0.244463] iommu: DMA domain TLB invalidation policy: strict mode
[    0.246088] reg-fixed-voltage fixedregulator0: using DT '/fixedregulator0' for '(default)' GPIO lookup
[    0.246144] of_get_named_gpiod_flags: can't parse 'gpios' property of node '/fixedregulator0[0]'
[    0.246172] of_get_named_gpiod_flags: can't parse 'gpio' property of node '/fixedregulator0[0]'
[    0.246191] reg-fixed-voltage fixedregulator0: using lookup tables for GPIO lookup
[    0.246200] reg-fixed-voltage fixedregulator0: No GPIO consumer (default) found
[    0.251401] SCSI subsystem initialized
[    0.251897] libata version 3.00 loaded.
[    0.252276] pps_core: LinuxPPS API ver. 1 registered
[    0.252287] pps_core: Software ver. 5.3.6 - Copyright 2005-2007 Rodolfo Giometti <giometti@linux.it>
[    0.252311] PTP clock support registered
[    0.260929] vgaarb: loaded
[    0.261297] clocksource: Switched to clocksource dmtimer
[    0.261975] VFS: Disk quotas dquot_6.6.0
[    0.262039] VFS: Dquot-cache hash table entries: 1024 (order 0, 4096 bytes)
[    0.286382] NET: Registered PF_INET protocol family
[    0.286719] IP idents hash table entries: 8192 (order: 4, 65536 bytes, linear)
[    0.288147] tcp_listen_portaddr_hash hash table entries: 512 (order: 0, 4096 bytes, linear)
[    0.288186] Table-perturb hash table entries: 65536 (order: 6, 262144 bytes, linear)
[    0.288206] TCP established hash table entries: 4096 (order: 2, 16384 bytes, linear)
[    0.288250] TCP bind hash table entries: 4096 (order: 4, 65536 bytes, linear)
[    0.288350] TCP: Hash tables configured (established 4096 bind 4096)
[    0.288471] UDP hash table entries: 256 (order: 1, 14336 bytes, linear)
[    0.288507] UDP-Lite hash table entries: 256 (order: 1, 14336 bytes, linear)
[    0.288698] NET: Registered PF_UNIX/PF_LOCAL protocol family
[    0.292177] RPC: Registered named UNIX socket transport module.
[    0.292199] RPC: Registered udp transport module.
[    0.292204] RPC: Registered tcp transport module.
[    0.292208] RPC: Registered tcp-with-tls transport module.
[    0.292213] RPC: Registered tcp NFSv4.1 backchannel transport module.
[    0.292237] PCI: CLS 0 bytes, default 64
[    0.293646] Initialise system trusted keyrings
[    0.302040] workingset: timestamp_bits=14 max_order=17 bucket_order=3
[    0.303410] NFS: Registering the id_resolver key type
[    0.303505] Key type id_resolver registered
[    0.303513] Key type id_legacy registered
[    0.303623] jffs2: version 2.2. (NAND) (SUMMARY)  Â© 2001-2006 Red Hat, Inc.
[    0.304050] Key type asymmetric registered
[    0.304066] Asymmetric key parser 'x509' registered
[    0.304130] io scheduler mq-deadline registered
[    0.304140] io scheduler kyber registered
[    0.304218] io scheduler bfq registered
[    0.305819] ledtrig-cpu: registered to indicate activity on CPUs
[    0.312052] Serial: 8250/16550 driver, 6 ports, IRQ sharing enabled
[    0.357859] brd: module loaded
[    0.376805] loop: module loaded
[    0.377729] mtdoops: mtd device (mtddev=name/number) must be supplied
[    0.379443] mdio_bus fixed-0: using lookup tables for GPIO lookup
[    0.379470] mdio_bus fixed-0: No GPIO consumer reset found
[    0.380840] i2c_dev: i2c /dev entries driver
[    0.381980] cpuidle: enable-method property 'ti,am3352' found operations
[    0.382442] sdhci: Secure Digital Host Controller Interface driver
[    0.382452] sdhci: Copyright(c) Pierre Ossman
[    0.382620] sdhci-pltfm: SDHCI platform and OF driver helper
[    0.383628] Initializing XFRM netlink socket
[    0.383805] NET: Registered PF_INET6 protocol family
[    0.398743] Segment Routing with IPv6
[    0.398836] In-situ OAM (IOAM) with IPv6
[    0.398937] sit: IPv6, IPv4 and MPLS over IPv4 tunneling driver
[    0.399899] NET: Registered PF_PACKET protocol family
[    0.399934] NET: Registered PF_KEY protocol family
[    0.400048] Key type dns_resolver registered
[    0.400273] ThumbEE CPU extension supported.
[    0.400291] Registering SWP/SWPB emulation handler
[    0.400828] omap_voltage_late_init: Voltage driver support not added
[    0.401177] SmartReflex Class3 initialized
[    0.432084] Loading compiled-in X.509 certificates
[    0.473985] /ocp/interconnect@44c00000/segment@200000/target-module@b000/i2c@0/tda19988@70: Fixed dependency cycle(s) with /ocp/interconnect@48000000/segment@300000/target-module@e000/lcdc@0
[    0.480441] /ocp/interconnect@44c00000/segment@200000/target-module@b000/i2c@0/tda19988@70: Fixed dependency cycle(s) with /ocp/interconnect@48000000/segment@300000/target-module@e000/lcdc@0
[    0.486163] gpiochip_find_base_unlocked: found new base at 512
[    0.519880] /ocp/interconnect@44c00000/segment@200000/target-module@b000/i2c@0/tda19988@70: Fixed dependency cycle(s) with /ocp/interconnect@48000000/segment@300000/target-module@e000/lcdc@0
[    0.520777] /ocp/interconnect@44c00000/segment@200000/target-module@b000/i2c@0/tda19988@70: Fixed dependency cycle(s) with /ocp/interconnect@48000000/segment@300000/target-module@e000/lcdc@0
[    0.524555] /ocp/interconnect@44c00000/segment@200000/target-module@10000/scm@0/pinmux@800: Fixed dependency cycle(s) with /ocp/interconnect@44c00000/segment@200000/target-module@10000/scm@0/pinmux@800/clkout2-pins
[    0.525190] pinctrl-single 44e10800.pinmux: 142 pins, size 568
[    0.530473] ti-sysc 44e31000.target-module: probe with driver ti-sysc failed with error -16
[    0.569775] /ocp/interconnect@48000000/segment@300000/target-module@e000/lcdc@0: Fixed dependency cycle(s) with /ocp/interconnect@44c00000/segment@200000/target-module@b000/i2c@0/tda19988@70
[    0.578118] ti-sysc 48040000.target-module: probe with driver ti-sysc failed with error -16
[    0.589697] gpiochip_find_base_unlocked: found new base at 512
[    0.589803] gpio gpiochip0: (gpio-0-31): created GPIO range 0->7 ==> 44e10800.pinmux PIN 0->7
[    0.589822] gpio gpiochip0: (gpio-0-31): created GPIO range 8->11 ==> 44e10800.pinmux PIN 90->93
[    0.589837] gpio gpiochip0: (gpio-0-31): created GPIO range 12->27 ==> 44e10800.pinmux PIN 12->27
[    0.589853] gpio gpiochip0: (gpio-0-31): created GPIO range 28->31 ==> 44e10800.pinmux PIN 30->33
[    0.612441] gpio gpiochip0: (gpio-0-31): added GPIO chardev (254:0)
[    0.612586] gpio gpiochip0: registered GPIOs 512 to 543 on gpio-0-31
[    0.612670] OMAP GPIO hardware version 0.1
[    0.640565] i2c i2c-2: using DT '/ocp/interconnect@48000000/segment@100000/target-module@9c000/i2c@0' for 'scl' GPIO lookup
[    0.640639] of_get_named_gpiod_flags: can't parse 'scl-gpios' property of node '/ocp/interconnect@48000000/segment@100000/target-module@9c000/i2c@0[0]'
[    0.640680] of_get_named_gpiod_flags: can't parse 'scl-gpio' property of node '/ocp/interconnect@48000000/segment@100000/target-module@9c000/i2c@0[0]'
[    0.640716] i2c i2c-2: using lookup tables for GPIO lookup
[    0.640726] i2c i2c-2: No GPIO consumer scl found
[    0.640746] i2c i2c-2: using DT '/ocp/interconnect@48000000/segment@100000/target-module@9c000/i2c@0' for 'sda' GPIO lookup
[    0.640781] of_get_named_gpiod_flags: can't parse 'sda-gpios' property of node '/ocp/interconnect@48000000/segment@100000/target-module@9c000/i2c@0[0]'
[    0.640817] of_get_named_gpiod_flags: can't parse 'sda-gpio' property of node '/ocp/interconnect@48000000/segment@100000/target-module@9c000/i2c@0[0]'
[    0.640847] i2c i2c-2: using lookup tables for GPIO lookup
[    0.640855] i2c i2c-2: No GPIO consumer sda found
[    0.641721] omap_i2c 4819c000.i2c: bus 2 rev0.11 at 100 kHz
[    0.647318] gpiochip_find_base_unlocked: found new base at 544
[    0.647425] gpio gpiochip1: (gpio-32-63): created GPIO range 0->17 ==> 44e10800.pinmux PIN 34->51
[    0.647444] gpio gpiochip1: (gpio-32-63): created GPIO range 18->21 ==> 44e10800.pinmux PIN 77->80
[    0.647460] gpio gpiochip1: (gpio-32-63): created GPIO range 22->31 ==> 44e10800.pinmux PIN 56->65
[    0.665208] gpio gpiochip1: (gpio-32-63): added GPIO chardev (254:1)
[    0.665385] gpio gpiochip1: registered GPIOs 544 to 575 on gpio-32-63
[    0.667680] gpiochip_find_base_unlocked: found new base at 576
[    0.667775] gpio gpiochip2: (gpio-64-95): created GPIO range 0->4 ==> 44e10800.pinmux PIN 66->70
[    0.667795] gpio gpiochip2: (gpio-64-95): created GPIO range 5->6 ==> 44e10800.pinmux PIN 98->99
[    0.667810] gpio gpiochip2: (gpio-64-95): created GPIO range 7->8 ==> 44e10800.pinmux PIN 75->76
[    0.667825] gpio gpiochip2: (gpio-64-95): created GPIO range 13->13 ==> 44e10800.pinmux PIN 141->141
[    0.667841] gpio gpiochip2: (gpio-64-95): created GPIO range 14->21 ==> 44e10800.pinmux PIN 100->107
[    0.675499] gpio gpiochip2: (gpio-64-95): added GPIO chardev (254:2)
[    0.675644] gpio gpiochip2: registered GPIOs 576 to 607 on gpio-64-95
[    0.681505] 48000000.interconnect:segment@200000:target-module@0:mpu@0:fck: device ID is greater than 24
[    0.682503] /ocp/interconnect@48000000/segment@300000/target-module@e000/lcdc@0: Fixed dependency cycle(s) with /ocp/interconnect@44c00000/segment@200000/target-module@b000/i2c@0/tda19988@70
[    0.685375] /ocp/interconnect@48000000/segment@300000/target-module@e000/lcdc@0: Fixed dependency cycle(s) with /ocp/interconnect@44c00000/segment@200000/target-module@b000/i2c@0/tda19988@70
[    0.686093] /ocp/interconnect@44c00000/segment@200000/target-module@b000/i2c@0/tda19988@70: Fixed dependency cycle(s) with /ocp/interconnect@48000000/segment@300000/target-module@e000/lcdc@0
[    0.686273] /ocp/interconnect@48000000/segment@300000/target-module@e000/lcdc@0: Fixed dependency cycle(s) with /ocp/interconnect@44c00000/segment@200000/target-module@b000/i2c@0/tda19988@70
[    0.696106] mdio_bus 4a101000.mdio: using DT '/ocp/interconnect@4a000000/segment@0/target-module@100000/switch@0/mdio@1000' for 'reset' GPIO lookup
[    0.696179] of_get_named_gpiod_flags: can't parse 'reset-gpios' property of node '/ocp/interconnect@4a000000/segment@0/target-module@100000/switch@0/mdio@1000[0]'
[    0.696225] of_get_named_gpiod_flags: can't parse 'reset-gpio' property of node '/ocp/interconnect@4a000000/segment@0/target-module@100000/switch@0/mdio@1000[0]'
[    0.696270] mdio_bus 4a101000.mdio: using lookup tables for GPIO lookup
[    0.696280] mdio_bus 4a101000.mdio: No GPIO consumer reset found
[    0.697220] sdhci-omap 481d8000.mmc: using DT '/ocp/interconnect@48000000/segment@100000/target-module@d8000/mmc@0' for 'wp' GPIO lookup
[    0.697278] of_get_named_gpiod_flags: can't parse 'wp-gpios' property of node '/ocp/interconnect@48000000/segment@100000/target-module@d8000/mmc@0[0]'
[    0.697319] of_get_named_gpiod_flags: can't parse 'wp-gpio' property of node '/ocp/interconnect@48000000/segment@100000/target-module@d8000/mmc@0[0]'
[    0.697352] sdhci-omap 481d8000.mmc: using lookup tables for GPIO lookup
[    0.697361] sdhci-omap 481d8000.mmc: No GPIO consumer wp found
[    0.697558] sdhci-omap 481d8000.mmc: supply pbias not found, using dummy regulator
[    0.698054] sdhci-omap 481d8000.mmc: supply vqmmc not found, using dummy regulator
[    0.749770] davinci_mdio 4a101000.mdio: davinci mdio revision 1.6, bus freq 1000000
[    0.787753] mdio_bus 4a101000.mdio:00: using DT '/ocp/interconnect@4a000000/segment@0/target-module@100000/switch@0/mdio@1000/ethernet-phy@0' for 'reset' GPIO lookup
[    0.787861] of_get_named_gpiod_flags: parsed 'reset-gpios' property of node '/ocp/interconnect@4a000000/segment@0/target-module@100000/switch@0/mdio@1000/ethernet-phy@0[0]' - status (0)
[    0.788022] gpio gpiochip0: Persistence not supported for GPIO 8
[    0.919445] davinci_mdio 4a101000.mdio: phy[0]: device 4a101000.mdio:00, driver SMSC LAN8710/LAN8720
[    0.920224] cpsw-switch 4a100000.switch: initialized cpsw ale version 1.4
[    0.920247] cpsw-switch 4a100000.switch: ALE Table size 1024, Policers 0
[    0.920393] cpsw-switch 4a100000.switch: cpts: overflow check period 500 (jiffies)
[    0.920408] cpsw-switch 4a100000.switch: CPTS: ref_clk_freq:250000000 calc_mult:2147483648 calc_shift:29 error:0 nsec/sec
[    0.920517] cpsw-switch 4a100000.switch: Detected MACID = 6c:ec:eb:68:de:78
[    0.922556] cpsw-switch 4a100000.switch: initialized (regs 0x4a100000, pool size 256) hw_ver:0019010C 1.12 (0)
[    0.933562] debugfs: Directory '49000000.dma' with parent 'dmaengine' already present!
[    0.933604] edma 49000000.dma: TI EDMA DMA engine driver
[    0.975865] target-module@4b000000:target-module@140000:pmu@0:fck: device ID is greater than 24
[    0.993302] hw perfevents: enabled with armv7_cortex_a8 PMU driver, 5 (8000000f) counters available
[    0.994199] gpio-clk clk_mcasp0: using DT '/clk_mcasp0' for 'enable' GPIO lookup
[    0.994269] of_get_named_gpiod_flags: parsed 'enable-gpios' property of node '/clk_mcasp0[0]' - status (0)
[    0.994313] gpio gpiochip0: Persistence not supported for GPIO 27
[    0.995099] gpiochip_find_base_unlocked: found new base at 608
[    0.995206] gpio gpiochip3: (gpio-96-127): created GPIO range 0->7 ==> 44e10800.pinmux PIN 82->89
[    0.995226] gpio gpiochip3: (gpio-96-127): created GPIO range 8->11 ==> 44e10800.pinmux PIN 52->55
[    0.995241] gpio gpiochip3: (gpio-96-127): created GPIO range 12->15 ==> 44e10800.pinmux PIN 94->97
[    0.995257] gpio gpiochip3: (gpio-96-127): created GPIO range 16->17 ==> 44e10800.pinmux PIN 71->72
[    0.995272] gpio gpiochip3: (gpio-96-127): created GPIO range 18->18 ==> 44e10800.pinmux PIN 135->135
[    0.995289] gpio gpiochip3: (gpio-96-127): created GPIO range 19->20 ==> 44e10800.pinmux PIN 108->109
[    0.995305] gpio gpiochip3: (gpio-96-127): created GPIO range 21->21 ==> 44e10800.pinmux PIN 73->73
[    0.995321] gpio gpiochip3: (gpio-96-127): created GPIO range 22->23 ==> 44e10800.pinmux PIN 8->9
[    0.995338] gpio gpiochip3: (gpio-96-127): created GPIO range 26->27 ==> 44e10800.pinmux PIN 10->11
[    0.995359] gpio gpiochip3: (gpio-96-127): created GPIO range 28->28 ==> 44e10800.pinmux PIN 74->74
[    0.995377] gpio gpiochip3: (gpio-96-127): created GPIO range 29->29 ==> 44e10800.pinmux PIN 81->81
[    0.995396] gpio gpiochip3: (gpio-96-127): created GPIO range 30->31 ==> 44e10800.pinmux PIN 28->29
[    1.000944] l3-aon-clkctrl:0000:0: failed to disable
[    1.001246] gpio gpiochip3: (gpio-96-127): added GPIO chardev (254:3)
[    1.001571] gpio gpiochip3: registered GPIOs 608 to 639 on gpio-96-127
[    1.013063] omap8250 44e09000.serial: using DT '/ocp/interconnect@44c00000/segment@200000/target-module@9000/serial@0' for 'rs485-term' GPIO lookup
[    1.013140] of_get_named_gpiod_flags: can't parse 'rs485-term-gpios' property of node '/ocp/interconnect@44c00000/segment@200000/target-module@9000/serial@0[0]'
[    1.013185] of_get_named_gpiod_flags: can't parse 'rs485-term-gpio' property of node '/ocp/interconnect@44c00000/segment@200000/target-module@9000/serial@0[0]'
[    1.013221] omap8250 44e09000.serial: using lookup tables for GPIO lookup
[    1.013231] omap8250 44e09000.serial: No GPIO consumer rs485-term found
[    1.013241] omap8250 44e09000.serial: using DT '/ocp/interconnect@44c00000/segment@200000/target-module@9000/serial@0' for 'rs485-rx-during-tx' GPIO lookup
[    1.013276] of_get_named_gpiod_flags: can't parse 'rs485-rx-during-tx-gpios' property of node '/ocp/interconnect@44c00000/segment@200000/target-module@9000/serial@0[0]'
[    1.013312] of_get_named_gpiod_flags: can't parse 'rs485-rx-during-tx-gpio' property of node '/ocp/interconnect@44c00000/segment@200000/target-module@9000/serial@0[0]'
[    1.013342] omap8250 44e09000.serial: using lookup tables for GPIO lookup
[    1.013350] omap8250 44e09000.serial: No GPIO consumer rs485-rx-during-tx found
[    1.013718] 44e09000.serial: ttyS0 at MMIO 0x44e09000 (irq = 34, base_baud = 3000000) is a 8250
[    1.013812] printk: legacy console [ttyS0] enabled
[    2.427202] i2c i2c-0: using DT '/ocp/interconnect@44c00000/segment@200000/target-module@b000/i2c@0' for 'scl' GPIO lookup
[    2.427302] of_get_named_gpiod_flags: can't parse 'scl-gpios' property of node '/ocp/interconnect@44c00000/segment@200000/target-module@b000/i2c@0[0]'
[    2.427347] of_get_named_gpiod_flags: can't parse 'scl-gpio' property of node '/ocp/interconnect@44c00000/segment@200000/target-module@b000/i2c@0[0]'
[    2.427386] i2c i2c-0: using lookup tables for GPIO lookup
[    2.427399] i2c i2c-0: No GPIO consumer scl found
[    2.427424] i2c i2c-0: using DT '/ocp/interconnect@44c00000/segment@200000/target-module@b000/i2c@0' for 'sda' GPIO lookup
[    2.427463] of_get_named_gpiod_flags: can't parse 'sda-gpios' property of node '/ocp/interconnect@44c00000/segment@200000/target-module@b000/i2c@0[0]'
[    2.427502] of_get_named_gpiod_flags: can't parse 'sda-gpio' property of node '/ocp/interconnect@44c00000/segment@200000/target-module@b000/i2c@0[0]'
[    2.427538] i2c i2c-0: using lookup tables for GPIO lookup
[    2.427548] i2c i2c-0: No GPIO consumer sda found
[    2.442276] tps65217-pmic: Failed to locate of_node [id: -1]
[    2.448331] tps65217-bl: Failed to locate of_node [id: -1]
[    2.455777] platform tps65217-charger: DMA mask not set
[    2.463103] platform tps65217-pwrbutton: DMA mask not set
[    2.470928] tps65217 0-0024: TPS65217 ID 0xe version 1.2
[    2.477084] /ocp/interconnect@48000000/segment@300000/target-module@e000/lcdc@0: Fixed dependency cycle(s) with /ocp/interconnect@44c00000/segment@200000/target-module@b000/i2c@0/tda19988@70
[    2.494476] /ocp/interconnect@44c00000/segment@200000/target-module@b000/i2c@0/tda19988@70: Fixed dependency cycle(s) with /ocp/interconnect@48000000/segment@300000/target-module@e000/lcdc@0
[    2.511861] omap_i2c 44e0b000.i2c: bus 0 rev0.11 at 400 kHz
[    2.519563] sdhci-omap 48060000.mmc: using DT '/ocp/interconnect@48000000/segment@0/target-module@60000/mmc@0' for 'cd' GPIO lookup
[    2.519671] of_get_named_gpiod_flags: parsed 'cd-gpios' property of node '/ocp/interconnect@48000000/segment@0/target-module@60000/mmc@0[0]' - status (0)
[    2.519739] gpio gpiochip3: Persistence not supported for GPIO 6
[    2.519765] omap_gpio 44e07000.gpio: Could not set line 6 debounce to 200000 microseconds (-22)
[    2.528629] sdhci-omap 48060000.mmc: Got CD GPIO
[    2.533306] sdhci-omap 48060000.mmc: using DT '/ocp/interconnect@48000000/segment@0/target-module@60000/mmc@0' for 'wp' GPIO lookup
[    2.533358] of_get_named_gpiod_flags: can't parse 'wp-gpios' property of node '/ocp/interconnect@48000000/segment@0/target-module@60000/mmc@0[0]'
[    2.533401] of_get_named_gpiod_flags: can't parse 'wp-gpio' property of node '/ocp/interconnect@48000000/segment@0/target-module@60000/mmc@0[0]'
[    2.533440] sdhci-omap 48060000.mmc: using lookup tables for GPIO lookup
[    2.533453] sdhci-omap 48060000.mmc: No GPIO consumer wp found
[    2.533662] sdhci-omap 48060000.mmc: supply pbias not found, using dummy regulator
[    2.542464] sdhci-omap 481d8000.mmc: using DT '/ocp/interconnect@48000000/segment@100000/target-module@d8000/mmc@0' for 'wp' GPIO lookup
[    2.542541] of_get_named_gpiod_flags: can't parse 'wp-gpios' property of node '/ocp/interconnect@48000000/segment@100000/target-module@d8000/mmc@0[0]'
[    2.542587] of_get_named_gpiod_flags: can't parse 'wp-gpio' property of node '/ocp/interconnect@48000000/segment@100000/target-module@d8000/mmc@0[0]'
[    2.542625] sdhci-omap 481d8000.mmc: using lookup tables for GPIO lookup
[    2.542639] sdhci-omap 481d8000.mmc: No GPIO consumer wp found
[    2.544355] sdhci-omap 48060000.mmc: supply vqmmc not found, using dummy regulator
[    2.552847] sdhci-omap 481d8000.mmc: supply pbias not found, using dummy regulator
[    2.560885] sdhci-omap 481d8000.mmc: supply vqmmc not found, using dummy regulator
[    2.597750] mmc1: SDHCI controller on 481d8000.mmc [481d8000.mmc] using External DMA
[    2.606784] mmc0: SDHCI controller on 48060000.mmc [48060000.mmc] using External DMA
[    2.615713] cpsw-switch 4a100000.switch: starting ndev. mode: dual_mac
[    2.660421] mmc0: new high speed SDHC card at address 5048
[    2.667502] mmcblk0: mmc0:5048 SD16G 14.4 GiB
[    2.675533]  mmcblk0: p1 p2
[    2.678933] mmcblk0: p2 size 31221760 extends beyond EOD, truncated
[    2.692585] SMSC LAN8710/LAN8720 4a101000.mdio:00: attached PHY driver (mii_bus:phy_addr=4a101000.mdio:00, irq=POLL)
[    2.704762] mmc1: new high speed MMC card at address 0001
[    2.711732] mmcblk1: mmc1:0001 MMC04G 3.60 GiB
[    2.723693]  mmcblk1: p1 p2
[    2.727980] mmcblk1boot0: mmc1:0001 MMC04G 2.00 MiB
[    2.735150] mmcblk1boot1: mmc1:0001 MMC04G 2.00 MiB
[    2.742549] mmcblk1rpmb: mmc1:0001 MMC04G 128 KiB, chardev (250:0)
[    5.842058] cpsw-switch 4a100000.switch eth0: Link is Up - 100Mbps/Full - flow control off
[    5.881312] IP-Config: Complete:
[    5.884585]      device=eth0, hwaddr=6c:ec:eb:68:de:78, ipaddr=192.168.255.1, mask=255.255.255.0, gw=255.255.255.255
[    5.895208]      host=bbb1, domain=, nis-domain=(none)
[    5.900375]      bootserver=192.168.255.126, rootserver=192.168.255.126, rootpath=
[    5.900813] clk: Disabling unused clocks
[    5.912685] PM: genpd: Disabling unused power domains
[    5.917803] KTAP version 1
[    5.920523] 1..0
[    5.967557] VFS: Mounted root (nfs filesystem) on device 0:17.
[    5.974652] devtmpfs: mounted
[    5.979148] Freeing unused kernel image (initmem) memory: 1024K
[    5.986003] Run /sbin/init as init process
[    5.990135]   with arguments:
[    5.990148]     /sbin/init
[    5.990157]     nfsrootdebug
[    5.990166]   with environment:
[    5.990175]     HOME=/
[    5.990183]     TERM=linux
[    6.682240] systemd[1]: System time before build time, advancing clock.
[    8.151319] random: crng init done
[    8.192990] systemd[1]: systemd 232 running in system mode. (+PAM +AUDIT +SELINUX +IMA +APPARMOR +SMACK +SYSVINIT +UTMP +LIBCRYPTSETUP +GCRYPT +GNUTLS +ACL +XZ +LZ4 +SECCOMP +BLKID +ELFUTILS +KMOD +IDN)
[    8.212166] systemd[1]: Detected architecture arm.
[    8.244682] systemd[1]: Set hostname to <arm>.
[    9.359391] systemd[1]: Reached target Swap.
[    9.381981] systemd[1]: Listening on udev Kernel Socket.
[    9.412385] systemd[1]: Listening on Journal Audit Socket.
[    9.442328] systemd[1]: Started Dispatch Password Requests to Console Directory Watch.
[    9.471663] systemd[1]: Reached target Remote File Systems.
[    9.502805] systemd[1]: Created slice User and Session Slice.
[    9.533380] systemd[1]: Listening on Journal Socket (/dev/log).
[   11.835355] systemd-journald[88]: Received request to flush runtime journal from PID 1
[   14.294610] leds-gpio leds: using DT '/leds/led2' for '(default)' GPIO lookup
[   14.294718] of_get_named_gpiod_flags: parsed 'gpios' property of node '/leds/led2[0]' - status (0)
[   14.294775] gpio gpiochip0: Persistence not supported for GPIO 21
[   14.294790] gpio-533 (?): no flags found for GPIO (default)
[   14.361839] leds-gpio leds: using DT '/leds/led3' for '(default)' GPIO lookup
[   14.362107] of_get_named_gpiod_flags: parsed 'gpios' property of node '/leds/led3[0]' - status (0)
[   14.362173] gpio gpiochip0: Persistence not supported for GPIO 22
[   14.362188] gpio-534 (?): no flags found for GPIO (default)
[   14.395620] leds-gpio leds: using DT '/leds/led4' for '(default)' GPIO lookup
[   14.395720] of_get_named_gpiod_flags: parsed 'gpios' property of node '/leds/led4[0]' - status (0)
[   14.395774] gpio gpiochip0: Persistence not supported for GPIO 23
[   14.395789] gpio-535 (?): no flags found for GPIO (default)
[   14.411761] leds-gpio leds: using DT '/leds/led5' for '(default)' GPIO lookup
[   14.411862] of_get_named_gpiod_flags: parsed 'gpios' property of node '/leds/led5[0]' - status (0)
[   14.411917] gpio gpiochip0: Persistence not supported for GPIO 24
[   14.411932] gpio-536 (?): no flags found for GPIO (default)
[   14.649529] remoteproc remoteproc0: wkup_m3 is available
[   14.832199] at24 2-0054: supply vcc not found, using dummy regulator
[   14.942141] at24 2-0055: supply vcc not found, using dummy regulator
[   15.062586] input: tps65217_pwrbutton as /devices/platform/ocp/44c00000.interconnect/44c00000.interconnect:segment@200000/44e0b000.target-module/44e0b000.i2c/i2c-0/0-0024/tps65217-pwrbutton/input/input0
[   15.120420] at24 2-0056: supply vcc not found, using dummy regulator
[   15.220846] at24 2-0057: supply vcc not found, using dummy regulator
[   15.353870] at24 0-0050: using DT '/ocp/interconnect@44c00000/segment@200000/target-module@b000/i2c@0/eeprom@50' for 'wp' GPIO lookup
[   15.354084] of_get_named_gpiod_flags: can't parse 'wp-gpios' property of node '/ocp/interconnect@44c00000/segment@200000/target-module@b000/i2c@0/eeprom@50[0]'
[   15.354149] of_get_named_gpiod_flags: can't parse 'wp-gpio' property of node '/ocp/interconnect@44c00000/segment@200000/target-module@b000/i2c@0/eeprom@50[0]'
[   15.354244] at24 0-0050: using lookup tables for GPIO lookup
[   15.354261] at24 0-0050: No GPIO consumer wp found
[   15.354844] at24 0-0050: 32768 byte 24c256 EEPROM, writable, 1 bytes/write
[   15.650912] wkup_m3_ipc 44e11324.wkup_m3_ipc: IPC Request for A8->M3 Channel failed! -517
[   15.777454] omap_rtc 44e3e000.rtc: registered as rtc0
[   15.784169] omap_rtc 44e3e000.rtc: setting system clock to 2000-01-01T00:00:00 UTC (946684800)
[   15.793049] omap_rtc 44e3e000.rtc: using DT '/ocp/interconnect@44c00000/segment@200000/target-module@3e000/rtc@0' for 'wp' GPIO lookup
[   15.793127] of_get_named_gpiod_flags: can't parse 'wp-gpios' property of node '/ocp/interconnect@44c00000/segment@200000/target-module@3e000/rtc@0[0]'
[   15.793177] of_get_named_gpiod_flags: can't parse 'wp-gpio' property of node '/ocp/interconnect@44c00000/segment@200000/target-module@3e000/rtc@0[0]'
[   15.793217] omap_rtc 44e3e000.rtc: using lookup tables for GPIO lookup
[   15.793231] omap_rtc 44e3e000.rtc: No GPIO consumer wp found
[   15.794832] wkup_m3_ipc 44e11324.wkup_m3_ipc: IPC Request for A8->M3 Channel failed! -517
[   15.921747] omap_wdt: OMAP Watchdog Timer Rev 0x01: initial timeout 60 sec
[   15.957853] wkup_m3_ipc 44e11324.wkup_m3_ipc: IPC Request for A8->M3 Channel failed! -517
[   16.151731] am335x-phy-driver 47401300.usb-phy: using DT '/ocp/target-module@47400000/usb-phy@1300' for 'reset' GPIO lookup
[   16.151872] of_get_named_gpiod_flags: can't parse 'reset-gpios' property of node '/ocp/target-module@47400000/usb-phy@1300[0]'
[   16.151997] of_get_named_gpiod_flags: can't parse 'reset-gpio' property of node '/ocp/target-module@47400000/usb-phy@1300[0]'
[   16.152082] am335x-phy-driver 47401300.usb-phy: using lookup tables for GPIO lookup
[   16.152099] am335x-phy-driver 47401300.usb-phy: No GPIO consumer reset found
[   16.152114] am335x-phy-driver 47401300.usb-phy: using DT '/ocp/target-module@47400000/usb-phy@1300' for 'vbus-detect' GPIO lookup
[   16.152193] of_get_named_gpiod_flags: can't parse 'vbus-detect-gpios' property of node '/ocp/target-module@47400000/usb-phy@1300[0]'
[   16.152229] of_get_named_gpiod_flags: can't parse 'vbus-detect-gpio' property of node '/ocp/target-module@47400000/usb-phy@1300[0]'
[   16.152255] am335x-phy-driver 47401300.usb-phy: using lookup tables for GPIO lookup
[   16.152310] am335x-phy-driver 47401300.usb-phy: No GPIO consumer vbus-detect found
[   16.152578] am335x-phy-driver 47401300.usb-phy: dummy supplies not allowed for exclusive requests (id=vbus)
[   16.262226] usbcore: registered new interface driver usbfs
[   16.267880] usbcore: registered new interface driver hub
[   16.273434] usbcore: registered new device driver usb
[   16.325239] am335x-phy-driver 47401b00.usb-phy: using DT '/ocp/target-module@47400000/usb-phy@1b00' for 'reset' GPIO lookup
[   16.325418] of_get_named_gpiod_flags: can't parse 'reset-gpios' property of node '/ocp/target-module@47400000/usb-phy@1b00[0]'
[   16.325465] of_get_named_gpiod_flags: can't parse 'reset-gpio' property of node '/ocp/target-module@47400000/usb-phy@1b00[0]'
[   16.325543] am335x-phy-driver 47401b00.usb-phy: using lookup tables for GPIO lookup
[   16.325561] am335x-phy-driver 47401b00.usb-phy: No GPIO consumer reset found
[   16.325576] am335x-phy-driver 47401b00.usb-phy: using DT '/ocp/target-module@47400000/usb-phy@1b00' for 'vbus-detect' GPIO lookup
[   16.325609] of_get_named_gpiod_flags: can't parse 'vbus-detect-gpios' property of node '/ocp/target-module@47400000/usb-phy@1b00[0]'
[   16.325685] of_get_named_gpiod_flags: can't parse 'vbus-detect-gpio' property of node '/ocp/target-module@47400000/usb-phy@1b00[0]'
[   16.325715] am335x-phy-driver 47401b00.usb-phy: using lookup tables for GPIO lookup
[   16.325727] am335x-phy-driver 47401b00.usb-phy: No GPIO consumer vbus-detect found
[   16.325962] am335x-phy-driver 47401b00.usb-phy: dummy supplies not allowed for exclusive requests (id=vbus)
[   16.347901] wkup_m3_ipc 44e11324.wkup_m3_ipc: IPC Request for A8->M3 Channel failed! -517
[   16.626966] wkup_m3_ipc 44e11324.wkup_m3_ipc: IPC Request for A8->M3 Channel failed! -517
[   16.864664] wkup_m3_ipc 44e11324.wkup_m3_ipc: IPC Request for A8->M3 Channel failed! -517
[   16.948066] musb-hdrc musb-hdrc.1: MUSB HDRC host driver
[   16.953733] musb-hdrc musb-hdrc.1: new USB bus registered, assigned bus number 1
[   16.983069] wkup_m3_ipc 44e11324.wkup_m3_ipc: IPC Request for A8->M3 Channel failed! -517
[   17.042511] tda998x 0-0070: found TDA19988
[   17.088937] usb usb1: New USB device found, idVendor=1d6b, idProduct=0002, bcdDevice= 6.14
[   17.097454] usb usb1: New USB device strings: Mfr=3, Product=2, SerialNumber=1
[   17.104788] usb usb1: Product: MUSB HDRC host driver
[   17.109782] usb usb1: Manufacturer: Linux 6.14.0-next-20250327 musb-hcd
[   17.116474] usb usb1: SerialNumber: musb-hdrc.1
[   17.203545] wkup_m3_ipc 44e11324.wkup_m3_ipc: IPC Request for A8->M3 Channel failed! -517
[   17.495757] hub 1-0:1.0: USB hub found
[   17.517681] hub 1-0:1.0: 1 port detected
[   17.588295] wkup_m3_ipc 44e11324.wkup_m3_ipc: IPC Request for A8->M3 Channel failed! -517
[   17.700494] omap-mailbox 480c8000.mailbox: omap mailbox rev 0x400
[   17.833483] remoteproc remoteproc0: powering up wkup_m3
[   18.021863] remoteproc remoteproc0: Direct firmware load for am335x-pm-firmware.elf failed with error -2
[   18.032361] remoteproc remoteproc0: request_firmware failed: -2
[   18.038333] wkup_m3_ipc 44e11324.wkup_m3_ipc: rproc_boot failed
[   20.534700] omap_rng 48310000.rng: Random Number Generator ver. 20
[   20.774312] tilcdc 4830e000.lcdc: bound 0-0070 (ops 0xbf06a0f8)
[   20.855318] [drm] Initialized tilcdc 1.0.0 for 4830e000.lcdc on minor 0
[   20.941057] tilcdc 4830e000.lcdc: [drm] Cannot find any crtc or sizes
[   20.949444] tilcdc 4830e000.lcdc: [drm] Cannot find any crtc or sizes
[   21.419217] PM: Cannot get wkup_m3_ipc handle
[   21.635685] omap-sham 53100000.sham: hw accel on OMAP rev 4.3
[   21.734815] omap-aes 53500000.aes: OMAP AES hw accel rev: 3.2
[   21.767952] omap-sham 53100000.sham: will run requests pump with realtime priority
[   21.776759] PM: Cannot get wkup_m3_ipc handle
[   21.845623] omap-aes 53500000.aes: will run requests pump with realtime priority
[   21.854391] PM: Cannot get wkup_m3_ipc handle
[   24.701488] Bluetooth: Core ver 2.22
[   24.705581] NET: Registered PF_BLUETOOTH protocol family
[   24.710932] Bluetooth: HCI device and connection manager initialized
[   24.717488] Bluetooth: HCI socket layer initialized
[   24.722606] Bluetooth: L2CAP socket layer initialized
[   24.727732] Bluetooth: SCO socket layer initialized
[   25.105155] PM: Cannot get wkup_m3_ipc handle
[   25.110925] asoc-simple-card sound: using DT '/sound' for 'simple-audio-card,hp-det' GPIO lookup
[   25.110998] of_get_named_gpiod_flags: can't parse 'simple-audio-card,hp-det-gpios' property of node '/sound[0]'
[   25.111033] of_get_named_gpiod_flags: can't parse 'simple-audio-card,hp-det-gpio' property of node '/sound[0]'
[   25.111058] asoc-simple-card sound: using lookup tables for GPIO lookup
[   25.111072] asoc-simple-card sound: No GPIO consumer simple-audio-card,hp-det found
[   25.111087] asoc-simple-card sound: using DT '/sound' for 'simple-audio-card,mic-det' GPIO lookup
[   25.111111] of_get_named_gpiod_flags: can't parse 'simple-audio-card,mic-det-gpios' property of node '/sound[0]'
[   25.111137] of_get_named_gpiod_flags: can't parse 'simple-audio-card,mic-det-gpio' property of node '/sound[0]'
[   25.111156] asoc-simple-card sound: using lookup tables for GPIO lookup
[   25.111168] asoc-simple-card sound: No GPIO consumer simple-audio-card,mic-det found
[   25.115433] tda998x 0-0070: using DT '/ocp/interconnect@44c00000/segment@200000/target-module@b000/i2c@0/tda19988@70' for 'nxp,calib' GPIO lookup
[   25.115774] of_get_named_gpiod_flags: parsed 'nxp,calib-gpios' property of node '/ocp/interconnect@44c00000/segment@200000/target-module@b000/i2c@0/tda19988@70[0]' - status (0)
[   25.115861] gpio gpiochip0: Persistence not supported for GPIO 25
[   25.115875] gpio-537 (nxp,calib): no flags found for GPIO nxp,calib
[   25.155988] gpio-537 (nxp,calib): gpiod_direction_output_nonotify: tried to set a GPIO tied to an IRQ as output
[   25.245957] PM: Cannot get wkup_m3_ipc handle
[   25.418171] tda9950 0-0034: TDA9950 CEC interface, hardware version 3.3
[   25.506197] PM: Cannot get wkup_m3_ipc handle
[   28.494303] userial_init: registered 8 ttyGS* devices
[   28.745797] rndis_register: configNr = 0
[   28.833650] udc musb-hdrc.0: binding gadget driver [g_multi]
[   28.833757] configfs-gadget.g_multi gadget.0: adding 'rndis'/8e403287 to config 'c'/4a155789
[   28.834936] configfs-gadget.g_multi gadget.0: HOST MAC 1c:ba:8c:a2:ed:6c
[   28.842123] configfs-gadget.g_multi gadget.0: MAC 1c:ba:8c:a2:ed:70
[   28.848488] rndis_set_param_medium: 0 0
[   28.848507] configfs-gadget.g_multi gadget.0: RNDIS: IN/ep1in OUT/ep1out NOTIFY/ep2in
[   28.848524] configfs-gadget.g_multi gadget.0: adding 'cdc_ethernet'/27f0247d to config 'c'/4a155789
[   28.849656] configfs-gadget.g_multi gadget.0: HOST MAC 1c:ba:8c:a2:ed:6c
[   28.856561] configfs-gadget.g_multi gadget.0: MAC 1c:ba:8c:a2:ed:6d
[   28.862961] configfs-gadget.g_multi gadget.0: CDC Ethernet: IN/ep3in OUT/ep2out NOTIFY/ep4in
[   28.862982] configfs-gadget.g_multi gadget.0: adding 'acm'/18ff7cc2 to config 'c'/4a155789
[   28.863019] configfs-gadget.g_multi gadget.0: acm ttyGS0: IN/ep5in OUT/ep3out NOTIFY/ep6in
[   28.863821] PM: Cannot get wkup_m3_ipc handle
[   30.069085] configfs-gadget.g_multi gadget.0: eth_open
[   31.656212] configfs-gadget.g_multi gadget.0: stop stats: rx/tx 0/0, errs 0/0
[   35.317645] gs_open: ttyGS0 (0acd1afe,9731d921)
[   35.317805] gs_close: ttyGS0 (0acd1afe,9731d921) ...
[   35.317830] gs_close: ttyGS0 (0acd1afe,9731d921) done!
[   35.329382] gs_open: ttyGS0 (0acd1afe,9731d921)
[   35.329491] gs_close: ttyGS0 (0acd1afe,9731d921) ...
[   35.329513] gs_close: ttyGS0 (0acd1afe,9731d921) done!
[   35.482571] gs_open: ttyGS0 (0a17220c,6adc8538)
[   35.482814] gs_close: ttyGS0 (0a17220c,6adc8538) ...
[   35.482843] gs_close: ttyGS0 (0a17220c,6adc8538) done!
[   35.487597] gs_open: ttyGS0 (0a17220c,9731d921)
FKPTFQUQHH 0
root@arm:~# echo 'CCMM''ULVBWZ'
CCMMULVBWZ
root@arm:~# MARKER='UOYA''QEOGPW' run 'modprobe test_linear_ranges'
UOYAQEOGPWUOYAQEOGPW 0
root@arm:~# echo 'CYAL''KPZEAY'
CYALKPZEAY
root@arm:~# MARKER='XLWJ''TYXCYP' run dmesg
XLWJTYXCYP[    0.000000] Booting Linux on physical CPU 0x0
[    0.000000] Linux version 6.14.0-next-20250327 (user01@drvtest01) (arm-none-eabi-gcc (Arm GNU Toolchain 14.2.Rel1 (Build arm-14.52)) 14.2.1 20241119, GNU ld (Arm GNU Toolchain 14.2.Rel1 (Build arm-14.52)) 2.43.1.20241119) #1 SMP Thu Mar 27 11:42:12 EET 2025
[    0.000000] CPU: ARMv7 Processor [413fc082] revision 2 (ARMv7), cr=10c5387d
[    0.000000] CPU: PIPT / VIPT nonaliasing data cache, VIPT aliasing instruction cache
[    0.000000] OF: fdt: Machine model: TI AM335x BeagleBone Black
[    0.000000] Memory policy: Data cache writeback
[    0.000000] cma: Reserved 16 MiB at 0x00000000
[    0.000000] Zone ranges:
[    0.000000]   Normal   [mem 0x0000000080000000-0x000000009fdfffff]
[    0.000000]   HighMem  empty
[    0.000000] Movable zone start for each node
[    0.000000] Early memory node ranges
[    0.000000]   node   0: [mem 0x0000000080000000-0x000000009fdfffff]
[    0.000000] Initmem setup node 0 [mem 0x0000000080000000-0x000000009fdfffff]
[    0.000000] OF: reserved mem: Reserved memory: No reserved-memory node in the DT
[    0.000000] CPU: All CPU(s) started in SVC mode.
[    0.000000] AM335X ES2.1 (sgx neon)
[    0.000000] percpu: Embedded 17 pages/cpu s39692 r8192 d21748 u69632
[    0.000000] pcpu-alloc: s39692 r8192 d21748 u69632 alloc=17*4096
[    0.000000] pcpu-alloc: [0] 0 
[    0.000000] Kernel command line: console=ttyO0,115200n8 root=/dev/nfs rw nfsroot=192.168.255.126:/home/user01/nfs,nfsvers=3 ip=192.168.255.1:192.168.255.126::255.255.255.0:bbb1:eth0 nfsrootdebug
[    0.000000] Unknown kernel command line parameters "nfsrootdebug", will be passed to user space.
[    0.000000] printk: log buffer data + meta data: 65536 + 204800 = 270336 bytes
[    0.000000] Dentry cache hash table entries: 65536 (order: 6, 262144 bytes, linear)
[    0.000000] Inode-cache hash table entries: 32768 (order: 5, 131072 bytes, linear)
[    0.000000] Built 1 zonelists, mobility grouping on.  Total pages: 130560
[    0.000000] mem auto-init: stack:off, heap alloc:off, heap free:off
[    0.000000] SLUB: HWalign=16, Order=0-3, MinObjects=0, CPUs=1, Nodes=1
[    0.000000] rcu: Hierarchical RCU implementation.
[    0.000000] rcu: 	RCU event tracing is enabled.
[    0.000000] rcu: 	RCU restricting CPUs from NR_CPUS=2 to nr_cpu_ids=1.
[    0.000000] 	Tracing variant of Tasks RCU enabled.
[    0.000000] rcu: RCU calculated value of scheduler-enlistment delay is 10 jiffies.
[    0.000000] rcu: Adjusting geometry for rcu_fanout_leaf=16, nr_cpu_ids=1
[    0.000000] RCU Tasks Trace: Setting shift to 0 and lim to 1 rcu_task_cb_adjust=1 rcu_task_cpu_ids=1.
[    0.000000] NR_IRQS: 16, nr_irqs: 16, preallocated irqs: 16
[    0.000000] IRQ: Found an INTC at 0x(ptrval) (revision 5.0) with 128 interrupts
[    0.000000] rcu: srcu_init: Setting srcu_struct sizes based on contention.
[    0.000000] TI gptimer clocksource: always-on /ocp/interconnect@44c00000/segment@200000/target-module@31000
[    0.000003] sched_clock: 32 bits at 24MHz, resolution 41ns, wraps every 89478484971ns
[    0.000026] clocksource: dmtimer: mask: 0xffffffff max_cycles: 0xffffffff, max_idle_ns: 79635851949 ns
[    0.000506] TI gptimer clockevent: 24000000 Hz at /ocp/interconnect@48000000/segment@0/target-module@40000
[    0.002124] Console: colour dummy device 80x30
[    0.002191] WARNING: Your 'console=ttyO0' has been replaced by 'ttyS0'
[    0.002199] This ensures that you still see kernel messages. Please
[    0.002204] update your kernel commandline.
[    0.002247] Calibrating delay loop... 996.14 BogoMIPS (lpj=4980736)
[    0.090622] CPU: Testing write buffer coherency: ok
[    0.090706] CPU0: Spectre v2: using BPIALL workaround
[    0.090716] pid_max: default: 32768 minimum: 301
[    0.090877] LSM: initializing lsm=capability
[    0.091061] Mount-cache hash table entries: 1024 (order: 0, 4096 bytes, linear)
[    0.091080] Mountpoint-cache hash table entries: 1024 (order: 0, 4096 bytes, linear)
[    0.092687] CPU0: thread -1, cpu 0, socket -1, mpidr 0
[    0.092745] cacheinfo: Unable to detect cache hierarchy for CPU 0
[    0.150748] Setting up static identity map for 0x80100000 - 0x80100078
[    0.160701] rcu: Hierarchical SRCU implementation.
[    0.160713] rcu: 	Max phase no-delay instances is 1000.
[    0.180754] smp: Bringing up secondary CPUs ...
[    0.180811] smp: Brought up 1 node, 1 CPU
[    0.180825] SMP: Total of 1 processors activated (996.14 BogoMIPS).
[    0.180837] CPU: All CPU(s) started in SVC mode.
[    0.181027] Memory: 480824K/522240K available (11264K kernel code, 1216K rwdata, 2976K rodata, 1024K init, 288K bss, 23384K reserved, 16384K cma-reserved, 0K highmem)
[    0.181886] devtmpfs: initialized
[    0.198919] VFP support v0.3: implementor 41 architecture 3 part 30 variant c rev 3
[    0.199578] clocksource: jiffies: mask: 0xffffffff max_cycles: 0xffffffff, max_idle_ns: 19112604462750000 ns
[    0.199620] posixtimers hash table entries: 512 (order: 0, 4096 bytes, linear)
[    0.199639] futex hash table entries: 256 (order: 2, 16384 bytes, linear)
[    0.200993] pinctrl core: initialized pinctrl subsystem
[    0.203113] NET: Registered PF_NETLINK/PF_ROUTE protocol family
[    0.205918] DMA: preallocated 256 KiB pool for atomic coherent allocations
[    0.206870] audit: initializing netlink subsys (disabled)
[    0.208283] thermal_sys: Registered thermal governor 'fair_share'
[    0.208303] thermal_sys: Registered thermal governor 'step_wise'
[    0.208312] thermal_sys: Registered thermal governor 'user_space'
[    0.208456] audit: type=2000 audit(0.200:1): state=initialized audit_enabled=0 res=1
[    0.208491] cpuidle: using governor menu
[    0.226550] /ocp/interconnect@44c00000/segment@200000/target-module@b000/i2c@0/tda19988@70: Fixed dependency cycle(s) with /ocp/interconnect@48000000/segment@300000/target-module@e000/lcdc@0
[    0.227690] /ocp/interconnect@48000000/segment@300000/target-module@e000/lcdc@0: Fixed dependency cycle(s) with /ocp/interconnect@44c00000/segment@200000/target-module@b000/i2c@0/tda19988@70
[    0.229888] No ATAGs?
[    0.229933] hw-breakpoint: debug architecture 0x4 unsupported.
[    0.232765] kprobes: kprobe jump-optimization is enabled. All kprobes are optimized if possible.
[    0.244439] iommu: Default domain type: Translated
[    0.244463] iommu: DMA domain TLB invalidation policy: strict mode
[    0.246088] reg-fixed-voltage fixedregulator0: using DT '/fixedregulator0' for '(default)' GPIO lookup
[    0.246144] of_get_named_gpiod_flags: can't parse 'gpios' property of node '/fixedregulator0[0]'
[    0.246172] of_get_named_gpiod_flags: can't parse 'gpio' property of node '/fixedregulator0[0]'
[    0.246191] reg-fixed-voltage fixedregulator0: using lookup tables for GPIO lookup
[    0.246200] reg-fixed-voltage fixedregulator0: No GPIO consumer (default) found
[    0.251401] SCSI subsystem initialized
[    0.251897] libata version 3.00 loaded.
[    0.252276] pps_core: LinuxPPS API ver. 1 registered
[    0.252287] pps_core: Software ver. 5.3.6 - Copyright 2005-2007 Rodolfo Giometti <giometti@linux.it>
[    0.252311] PTP clock support registered
[    0.260929] vgaarb: loaded
[    0.261297] clocksource: Switched to clocksource dmtimer
[    0.261975] VFS: Disk quotas dquot_6.6.0
[    0.262039] VFS: Dquot-cache hash table entries: 1024 (order 0, 4096 bytes)
[    0.286382] NET: Registered PF_INET protocol family
[    0.286719] IP idents hash table entries: 8192 (order: 4, 65536 bytes, linear)
[    0.288147] tcp_listen_portaddr_hash hash table entries: 512 (order: 0, 4096 bytes, linear)
[    0.288186] Table-perturb hash table entries: 65536 (order: 6, 262144 bytes, linear)
[    0.288206] TCP established hash table entries: 4096 (order: 2, 16384 bytes, linear)
[    0.288250] TCP bind hash table entries: 4096 (order: 4, 65536 bytes, linear)
[    0.288350] TCP: Hash tables configured (established 4096 bind 4096)
[    0.288471] UDP hash table entries: 256 (order: 1, 14336 bytes, linear)
[    0.288507] UDP-Lite hash table entries: 256 (order: 1, 14336 bytes, linear)
[    0.288698] NET: Registered PF_UNIX/PF_LOCAL protocol family
[    0.292177] RPC: Registered named UNIX socket transport module.
[    0.292199] RPC: Registered udp transport module.
[    0.292204] RPC: Registered tcp transport module.
[    0.292208] RPC: Registered tcp-with-tls transport module.
[    0.292213] RPC: Registered tcp NFSv4.1 backchannel transport module.
[    0.292237] PCI: CLS 0 bytes, default 64
[    0.293646] Initialise system trusted keyrings
[    0.302040] workingset: timestamp_bits=14 max_order=17 bucket_order=3
[    0.303410] NFS: Registering the id_resolver key type
[    0.303505] Key type id_resolver registered
[    0.303513] Key type id_legacy registered
[    0.303623] jffs2: version 2.2. (NAND) (SUMMARY)  Â© 2001-2006 Red Hat, Inc.
[    0.304050] Key type asymmetric registered
[    0.304066] Asymmetric key parser 'x509' registered
[    0.304130] io scheduler mq-deadline registered
[    0.304140] io scheduler kyber registered
[    0.304218] io scheduler bfq registered
[    0.305819] ledtrig-cpu: registered to indicate activity on CPUs
[    0.312052] Serial: 8250/16550 driver, 6 ports, IRQ sharing enabled
[    0.357859] brd: module loaded
[    0.376805] loop: module loaded
[    0.377729] mtdoops: mtd device (mtddev=name/number) must be supplied
[    0.379443] mdio_bus fixed-0: using lookup tables for GPIO lookup
[    0.379470] mdio_bus fixed-0: No GPIO consumer reset found
[    0.380840] i2c_dev: i2c /dev entries driver
[    0.381980] cpuidle: enable-method property 'ti,am3352' found operations
[    0.382442] sdhci: Secure Digital Host Controller Interface driver
[    0.382452] sdhci: Copyright(c) Pierre Ossman
[    0.382620] sdhci-pltfm: SDHCI platform and OF driver helper
[    0.383628] Initializing XFRM netlink socket
[    0.383805] NET: Registered PF_INET6 protocol family
[    0.398743] Segment Routing with IPv6
[    0.398836] In-situ OAM (IOAM) with IPv6
[    0.398937] sit: IPv6, IPv4 and MPLS over IPv4 tunneling driver
[    0.399899] NET: Registered PF_PACKET protocol family
[    0.399934] NET: Registered PF_KEY protocol family
[    0.400048] Key type dns_resolver registered
[    0.400273] ThumbEE CPU extension supported.
[    0.400291] Registering SWP/SWPB emulation handler
[    0.400828] omap_voltage_late_init: Voltage driver support not added
[    0.401177] SmartReflex Class3 initialized
[    0.432084] Loading compiled-in X.509 certificates
[    0.473985] /ocp/interconnect@44c00000/segment@200000/target-module@b000/i2c@0/tda19988@70: Fixed dependency cycle(s) with /ocp/interconnect@48000000/segment@300000/target-module@e000/lcdc@0
[    0.480441] /ocp/interconnect@44c00000/segment@200000/target-module@b000/i2c@0/tda19988@70: Fixed dependency cycle(s) with /ocp/interconnect@48000000/segment@300000/target-module@e000/lcdc@0
[    0.486163] gpiochip_find_base_unlocked: found new base at 512
[    0.519880] /ocp/interconnect@44c00000/segment@200000/target-module@b000/i2c@0/tda19988@70: Fixed dependency cycle(s) with /ocp/interconnect@48000000/segment@300000/target-module@e000/lcdc@0
[    0.520777] /ocp/interconnect@44c00000/segment@200000/target-module@b000/i2c@0/tda19988@70: Fixed dependency cycle(s) with /ocp/interconnect@48000000/segment@300000/target-module@e000/lcdc@0
[    0.524555] /ocp/interconnect@44c00000/segment@200000/target-module@10000/scm@0/pinmux@800: Fixed dependency cycle(s) with /ocp/interconnect@44c00000/segment@200000/target-module@10000/scm@0/pinmux@800/clkout2-pins
[    0.525190] pinctrl-single 44e10800.pinmux: 142 pins, size 568
[    0.530473] ti-sysc 44e31000.target-module: probe with driver ti-sysc failed with error -16
[    0.569775] /ocp/interconnect@48000000/segment@300000/target-module@e000/lcdc@0: Fixed dependency cycle(s) with /ocp/interconnect@44c00000/segment@200000/target-module@b000/i2c@0/tda19988@70
[    0.578118] ti-sysc 48040000.target-module: probe with driver ti-sysc failed with error -16
[    0.589697] gpiochip_find_base_unlocked: found new base at 512
[    0.589803] gpio gpiochip0: (gpio-0-31): created GPIO range 0->7 ==> 44e10800.pinmux PIN 0->7
[    0.589822] gpio gpiochip0: (gpio-0-31): created GPIO range 8->11 ==> 44e10800.pinmux PIN 90->93
[    0.589837] gpio gpiochip0: (gpio-0-31): created GPIO range 12->27 ==> 44e10800.pinmux PIN 12->27
[    0.589853] gpio gpiochip0: (gpio-0-31): created GPIO range 28->31 ==> 44e10800.pinmux PIN 30->33
[    0.612441] gpio gpiochip0: (gpio-0-31): added GPIO chardev (254:0)
[    0.612586] gpio gpiochip0: registered GPIOs 512 to 543 on gpio-0-31
[    0.612670] OMAP GPIO hardware version 0.1
[    0.640565] i2c i2c-2: using DT '/ocp/interconnect@48000000/segment@100000/target-module@9c000/i2c@0' for 'scl' GPIO lookup
[    0.640639] of_get_named_gpiod_flags: can't parse 'scl-gpios' property of node '/ocp/interconnect@48000000/segment@100000/target-module@9c000/i2c@0[0]'
[    0.640680] of_get_named_gpiod_flags: can't parse 'scl-gpio' property of node '/ocp/interconnect@48000000/segment@100000/target-module@9c000/i2c@0[0]'
[    0.640716] i2c i2c-2: using lookup tables for GPIO lookup
[    0.640726] i2c i2c-2: No GPIO consumer scl found
[    0.640746] i2c i2c-2: using DT '/ocp/interconnect@48000000/segment@100000/target-module@9c000/i2c@0' for 'sda' GPIO lookup
[    0.640781] of_get_named_gpiod_flags: can't parse 'sda-gpios' property of node '/ocp/interconnect@48000000/segment@100000/target-module@9c000/i2c@0[0]'
[    0.640817] of_get_named_gpiod_flags: can't parse 'sda-gpio' property of node '/ocp/interconnect@48000000/segment@100000/target-module@9c000/i2c@0[0]'
[    0.640847] i2c i2c-2: using lookup tables for GPIO lookup
[    0.640855] i2c i2c-2: No GPIO consumer sda found
[    0.641721] omap_i2c 4819c000.i2c: bus 2 rev0.11 at 100 kHz
[    0.647318] gpiochip_find_base_unlocked: found new base at 544
[    0.647425] gpio gpiochip1: (gpio-32-63): created GPIO range 0->17 ==> 44e10800.pinmux PIN 34->51
[    0.647444] gpio gpiochip1: (gpio-32-63): created GPIO range 18->21 ==> 44e10800.pinmux PIN 77->80
[    0.647460] gpio gpiochip1: (gpio-32-63): created GPIO range 22->31 ==> 44e10800.pinmux PIN 56->65
[    0.665208] gpio gpiochip1: (gpio-32-63): added GPIO chardev (254:1)
[    0.665385] gpio gpiochip1: registered GPIOs 544 to 575 on gpio-32-63
[    0.667680] gpiochip_find_base_unlocked: found new base at 576
[    0.667775] gpio gpiochip2: (gpio-64-95): created GPIO range 0->4 ==> 44e10800.pinmux PIN 66->70
[    0.667795] gpio gpiochip2: (gpio-64-95): created GPIO range 5->6 ==> 44e10800.pinmux PIN 98->99
[    0.667810] gpio gpiochip2: (gpio-64-95): created GPIO range 7->8 ==> 44e10800.pinmux PIN 75->76
[    0.667825] gpio gpiochip2: (gpio-64-95): created GPIO range 13->13 ==> 44e10800.pinmux PIN 141->141
[    0.667841] gpio gpiochip2: (gpio-64-95): created GPIO range 14->21 ==> 44e10800.pinmux PIN 100->107
[    0.675499] gpio gpiochip2: (gpio-64-95): added GPIO chardev (254:2)
[    0.675644] gpio gpiochip2: registered GPIOs 576 to 607 on gpio-64-95
[    0.681505] 48000000.interconnect:segment@200000:target-module@0:mpu@0:fck: device ID is greater than 24
[    0.682503] /ocp/interconnect@48000000/segment@300000/target-module@e000/lcdc@0: Fixed dependency cycle(s) with /ocp/interconnect@44c00000/segment@200000/target-module@b000/i2c@0/tda19988@70
[    0.685375] /ocp/interconnect@48000000/segment@300000/target-module@e000/lcdc@0: Fixed dependency cycle(s) with /ocp/interconnect@44c00000/segment@200000/target-module@b000/i2c@0/tda19988@70
[    0.686093] /ocp/interconnect@44c00000/segment@200000/target-module@b000/i2c@0/tda19988@70: Fixed dependency cycle(s) with /ocp/interconnect@48000000/segment@300000/target-module@e000/lcdc@0
[    0.686273] /ocp/interconnect@48000000/segment@300000/target-module@e000/lcdc@0: Fixed dependency cycle(s) with /ocp/interconnect@44c00000/segment@200000/target-module@b000/i2c@0/tda19988@70
[    0.696106] mdio_bus 4a101000.mdio: using DT '/ocp/interconnect@4a000000/segment@0/target-module@100000/switch@0/mdio@1000' for 'reset' GPIO lookup
[    0.696179] of_get_named_gpiod_flags: can't parse 'reset-gpios' property of node '/ocp/interconnect@4a000000/segment@0/target-module@100000/switch@0/mdio@1000[0]'
[    0.696225] of_get_named_gpiod_flags: can't parse 'reset-gpio' property of node '/ocp/interconnect@4a000000/segment@0/target-module@100000/switch@0/mdio@1000[0]'
[    0.696270] mdio_bus 4a101000.mdio: using lookup tables for GPIO lookup
[    0.696280] mdio_bus 4a101000.mdio: No GPIO consumer reset found
[    0.697220] sdhci-omap 481d8000.mmc: using DT '/ocp/interconnect@48000000/segment@100000/target-module@d8000/mmc@0' for 'wp' GPIO lookup
[    0.697278] of_get_named_gpiod_flags: can't parse 'wp-gpios' property of node '/ocp/interconnect@48000000/segment@100000/target-module@d8000/mmc@0[0]'
[    0.697319] of_get_named_gpiod_flags: can't parse 'wp-gpio' property of node '/ocp/interconnect@48000000/segment@100000/target-module@d8000/mmc@0[0]'
[    0.697352] sdhci-omap 481d8000.mmc: using lookup tables for GPIO lookup
[    0.697361] sdhci-omap 481d8000.mmc: No GPIO consumer wp found
[    0.697558] sdhci-omap 481d8000.mmc: supply pbias not found, using dummy regulator
[    0.698054] sdhci-omap 481d8000.mmc: supply vqmmc not found, using dummy regulator
[    0.749770] davinci_mdio 4a101000.mdio: davinci mdio revision 1.6, bus freq 1000000
[    0.787753] mdio_bus 4a101000.mdio:00: using DT '/ocp/interconnect@4a000000/segment@0/target-module@100000/switch@0/mdio@1000/ethernet-phy@0' for 'reset' GPIO lookup
[    0.787861] of_get_named_gpiod_flags: parsed 'reset-gpios' property of node '/ocp/interconnect@4a000000/segment@0/target-module@100000/switch@0/mdio@1000/ethernet-phy@0[0]' - status (0)
[    0.788022] gpio gpiochip0: Persistence not supported for GPIO 8
[    0.919445] davinci_mdio 4a101000.mdio: phy[0]: device 4a101000.mdio:00, driver SMSC LAN8710/LAN8720
[    0.920224] cpsw-switch 4a100000.switch: initialized cpsw ale version 1.4
[    0.920247] cpsw-switch 4a100000.switch: ALE Table size 1024, Policers 0
[    0.920393] cpsw-switch 4a100000.switch: cpts: overflow check period 500 (jiffies)
[    0.920408] cpsw-switch 4a100000.switch: CPTS: ref_clk_freq:250000000 calc_mult:2147483648 calc_shift:29 error:0 nsec/sec
[    0.920517] cpsw-switch 4a100000.switch: Detected MACID = 6c:ec:eb:68:de:78
[    0.922556] cpsw-switch 4a100000.switch: initialized (regs 0x4a100000, pool size 256) hw_ver:0019010C 1.12 (0)
[    0.933562] debugfs: Directory '49000000.dma' with parent 'dmaengine' already present!
[    0.933604] edma 49000000.dma: TI EDMA DMA engine driver
[    0.975865] target-module@4b000000:target-module@140000:pmu@0:fck: device ID is greater than 24
[    0.993302] hw perfevents: enabled with armv7_cortex_a8 PMU driver, 5 (8000000f) counters available
[    0.994199] gpio-clk clk_mcasp0: using DT '/clk_mcasp0' for 'enable' GPIO lookup
[    0.994269] of_get_named_gpiod_flags: parsed 'enable-gpios' property of node '/clk_mcasp0[0]' - status (0)
[    0.994313] gpio gpiochip0: Persistence not supported for GPIO 27
[    0.995099] gpiochip_find_base_unlocked: found new base at 608
[    0.995206] gpio gpiochip3: (gpio-96-127): created GPIO range 0->7 ==> 44e10800.pinmux PIN 82->89
[    0.995226] gpio gpiochip3: (gpio-96-127): created GPIO range 8->11 ==> 44e10800.pinmux PIN 52->55
[    0.995241] gpio gpiochip3: (gpio-96-127): created GPIO range 12->15 ==> 44e10800.pinmux PIN 94->97
[    0.995257] gpio gpiochip3: (gpio-96-127): created GPIO range 16->17 ==> 44e10800.pinmux PIN 71->72
[    0.995272] gpio gpiochip3: (gpio-96-127): created GPIO range 18->18 ==> 44e10800.pinmux PIN 135->135
[    0.995289] gpio gpiochip3: (gpio-96-127): created GPIO range 19->20 ==> 44e10800.pinmux PIN 108->109
[    0.995305] gpio gpiochip3: (gpio-96-127): created GPIO range 21->21 ==> 44e10800.pinmux PIN 73->73
[    0.995321] gpio gpiochip3: (gpio-96-127): created GPIO range 22->23 ==> 44e10800.pinmux PIN 8->9
[    0.995338] gpio gpiochip3: (gpio-96-127): created GPIO range 26->27 ==> 44e10800.pinmux PIN 10->11
[    0.995359] gpio gpiochip3: (gpio-96-127): created GPIO range 28->28 ==> 44e10800.pinmux PIN 74->74
[    0.995377] gpio gpiochip3: (gpio-96-127): created GPIO range 29->29 ==> 44e10800.pinmux PIN 81->81
[    0.995396] gpio gpiochip3: (gpio-96-127): created GPIO range 30->31 ==> 44e10800.pinmux PIN 28->29
[    1.000944] l3-aon-clkctrl:0000:0: failed to disable
[    1.001246] gpio gpiochip3: (gpio-96-127): added GPIO chardev (254:3)
[    1.001571] gpio gpiochip3: registered GPIOs 608 to 639 on gpio-96-127
[    1.013063] omap8250 44e09000.serial: using DT '/ocp/interconnect@44c00000/segment@200000/target-module@9000/serial@0' for 'rs485-term' GPIO lookup
[    1.013140] of_get_named_gpiod_flags: can't parse 'rs485-term-gpios' property of node '/ocp/interconnect@44c00000/segment@200000/target-module@9000/serial@0[0]'
[    1.013185] of_get_named_gpiod_flags: can't parse 'rs485-term-gpio' property of node '/ocp/interconnect@44c00000/segment@200000/target-module@9000/serial@0[0]'
[    1.013221] omap8250 44e09000.serial: using lookup tables for GPIO lookup
[    1.013231] omap8250 44e09000.serial: No GPIO consumer rs485-term found
[    1.013241] omap8250 44e09000.serial: using DT '/ocp/interconnect@44c00000/segment@200000/target-module@9000/serial@0' for 'rs485-rx-during-tx' GPIO lookup
[    1.013276] of_get_named_gpiod_flags: can't parse 'rs485-rx-during-tx-gpios' property of node '/ocp/interconnect@44c00000/segment@200000/target-module@9000/serial@0[0]'
[    1.013312] of_get_named_gpiod_flags: can't parse 'rs485-rx-during-tx-gpio' property of node '/ocp/interconnect@44c00000/segment@200000/target-module@9000/serial@0[0]'
[    1.013342] omap8250 44e09000.serial: using lookup tables for GPIO lookup
[    1.013350] omap8250 44e09000.serial: No GPIO consumer rs485-rx-during-tx found
[    1.013718] 44e09000.serial: ttyS0 at MMIO 0x44e09000 (irq = 34, base_baud = 3000000) is a 8250
[    1.013812] printk: legacy console [ttyS0] enabled
[    2.427202] i2c i2c-0: using DT '/ocp/interconnect@44c00000/segment@200000/target-module@b000/i2c@0' for 'scl' GPIO lookup
[    2.427302] of_get_named_gpiod_flags: can't parse 'scl-gpios' property of node '/ocp/interconnect@44c00000/segment@200000/target-module@b000/i2c@0[0]'
[    2.427347] of_get_named_gpiod_flags: can't parse 'scl-gpio' property of node '/ocp/interconnect@44c00000/segment@200000/target-module@b000/i2c@0[0]'
[    2.427386] i2c i2c-0: using lookup tables for GPIO lookup
[    2.427399] i2c i2c-0: No GPIO consumer scl found
[    2.427424] i2c i2c-0: using DT '/ocp/interconnect@44c00000/segment@200000/target-module@b000/i2c@0' for 'sda' GPIO lookup
[    2.427463] of_get_named_gpiod_flags: can't parse 'sda-gpios' property of node '/ocp/interconnect@44c00000/segment@200000/target-module@b000/i2c@0[0]'
[    2.427502] of_get_named_gpiod_flags: can't parse 'sda-gpio' property of node '/ocp/interconnect@44c00000/segment@200000/target-module@b000/i2c@0[0]'
[    2.427538] i2c i2c-0: using lookup tables for GPIO lookup
[    2.427548] i2c i2c-0: No GPIO consumer sda found
[    2.442276] tps65217-pmic: Failed to locate of_node [id: -1]
[    2.448331] tps65217-bl: Failed to locate of_node [id: -1]
[    2.455777] platform tps65217-charger: DMA mask not set
[    2.463103] platform tps65217-pwrbutton: DMA mask not set
[    2.470928] tps65217 0-0024: TPS65217 ID 0xe version 1.2
[    2.477084] /ocp/interconnect@48000000/segment@300000/target-module@e000/lcdc@0: Fixed dependency cycle(s) with /ocp/interconnect@44c00000/segment@200000/target-module@b000/i2c@0/tda19988@70
[    2.494476] /ocp/interconnect@44c00000/segment@200000/target-module@b000/i2c@0/tda19988@70: Fixed dependency cycle(s) with /ocp/interconnect@48000000/segment@300000/target-module@e000/lcdc@0
[    2.511861] omap_i2c 44e0b000.i2c: bus 0 rev0.11 at 400 kHz
[    2.519563] sdhci-omap 48060000.mmc: using DT '/ocp/interconnect@48000000/segment@0/target-module@60000/mmc@0' for 'cd' GPIO lookup
[    2.519671] of_get_named_gpiod_flags: parsed 'cd-gpios' property of node '/ocp/interconnect@48000000/segment@0/target-module@60000/mmc@0[0]' - status (0)
[    2.519739] gpio gpiochip3: Persistence not supported for GPIO 6
[    2.519765] omap_gpio 44e07000.gpio: Could not set line 6 debounce to 200000 microseconds (-22)
[    2.528629] sdhci-omap 48060000.mmc: Got CD GPIO
[    2.533306] sdhci-omap 48060000.mmc: using DT '/ocp/interconnect@48000000/segment@0/target-module@60000/mmc@0' for 'wp' GPIO lookup
[    2.533358] of_get_named_gpiod_flags: can't parse 'wp-gpios' property of node '/ocp/interconnect@48000000/segment@0/target-module@60000/mmc@0[0]'
[    2.533401] of_get_named_gpiod_flags: can't parse 'wp-gpio' property of node '/ocp/interconnect@48000000/segment@0/target-module@60000/mmc@0[0]'
