Labgrid Console Logfile for main
Logfile started at 2025-02-14 12:38:36.469607
=== Log starts here ===

U-Boot SPL 2014.04-00014-g47880f5 (Apr 22 2014 - 13:23:54)
reading args
spl_load_image_fat_os: error reading image args, err - -1
reading u-boot.img
reading u-boot.img


U-Boot 2014.04-00014-g47880f5 (Apr 22 2014 - 13:23:54)

I2C:   ready
DRAM:  512 MiB
NAND:  0 MiB
MMC:   OMAP SD/MMC: 0, OMAP SD/MMC: 1
*** Warning - readenv() failed, using default environment

Net:   <ethaddr> not set. Validating first E-fuse MAC
cpsw, usb_ether
Hit any key to stop autoboot:  1  0 
gpio: pin 53 (gpio 53) value is 1
mmc0 is current device
gpio: pin 54 (gpio 54) value is 1
SD/MMC found on device 0
reading uEnv.txt
569 bytes read in 3 ms (184.6 KiB/s)
gpio: pin 55 (gpio 55) value is 1
Loaded environment from uEnv.txt
Importing environment from mmc ...
Checking if uenvcmd is set ...
gpio: pin 56 (gpio 56) value is 1
Running uenvcmd ...
cpsw Waiting for PHY auto negotiation to complete. done
link up on port 0, speed 100, full duplex
Using cpsw device
TFTP from server 192.168.255.126; our IP address is 192.168.255.1
Filename 'zImage'.
Load address: 0x81000000
Loading: *T #################################################################
	 #################################################################
	 #################################################################
	 #################################################################
	 #################################################################
	 #####################################################
	 754.9 KiB/s
done
Bytes transferred = 5548696 (54aa98 hex)
link up on port 0, speed 100, full duplex
Using cpsw device
TFTP from server 192.168.255.126; our IP address is 192.168.255.1
Filename 'am335x-boneblack.dtb'.
Load address: 0x82000000
Loading: *#######
	 1.3 MiB/s
done
Bytes transferred = 98244 (17fc4 hex)
Kernel image @ 0x81000000 [ 0x000000 - 0x54aa98 ]
## Flattened Device Tree blob at 82000000
   Booting using the fdt blob at 0x82000000
   Using Device Tree in place at 82000000, end 8201afc3

Starting kernel ...

[    0.000000] Booting Linux on physical CPU 0x0
[    0.000000] Linux version 6.14.0-rc2-next-20250214 (user01@drvtest01) (arm-none-eabi-gcc (Arm GNU Toolchain 14.2.Rel1 (Build arm-14.52)) 14.2.1 20241119, GNU ld (Arm GNU Toolchain 14.2.Rel1 (Build arm-14.52)) 2.43.1.20241119) #1 SMP Fri Feb 14 12:37:18 EET 2025
[    0.000000] CPU: ARMv7 Processor [413fc082] revision 2 (ARMv7), cr=10c5387d
[    0.000000] CPU: PIPT / VIPT nonaliasing data cache, VIPT aliasing instruction cache
[    0.000000] OF: fdt: Machine model: TI AM335x BeagleBone Black
[    0.000000] Memory policy: Data cache writeback
[    0.000000] cma: Reserved 16 MiB at 0x9e800000 on node -1
[    0.000000] Zone ranges:
[    0.000000]   Normal   [mem 0x0000000080000000-0x000000009fdfffff]
[    0.000000]   HighMem  empty
[    0.000000] Movable zone start for each node
[    0.000000] Early memory node ranges
[    0.000000]   node   0: [mem 0x0000000080000000-0x000000009fdfffff]
[    0.000000] Initmem setup node 0 [mem 0x0000000080000000-0x000000009fdfffff]
[    0.000000] OF: reserved mem: Reserved memory: No reserved-memory node in the DT
[    0.000000] CPU: All CPU(s) started in SVC mode.
[    0.000000] AM335X ES2.1 (sgx neon)
[    0.000000] percpu: Embedded 17 pages/cpu s39628 r8192 d21812 u69632
[    0.000000] Kernel command line: console=ttyO0,115200n8 root=/dev/nfs rw nfsroot=192.168.255.126:/home/user01/nfs,nfsvers=3 ip=192.168.255.1:192.168.255.126::255.255.255.0:bbb1:eth0 nfsrootdebug
[    0.000000] Unknown kernel command line parameters "nfsrootdebug", will be passed to user space.
[    0.000000] printk: log buffer data + meta data: 65536 + 204800 = 270336 bytes
[    0.000000] Dentry cache hash table entries: 65536 (order: 6, 262144 bytes, linear)
[    0.000000] Inode-cache hash table entries: 32768 (order: 5, 131072 bytes, linear)
[    0.000000] Built 1 zonelists, mobility grouping on.  Total pages: 130560
[    0.000000] mem auto-init: stack:off, heap alloc:off, heap free:off
[    0.000000] SLUB: HWalign=16, Order=0-3, MinObjects=0, CPUs=1, Nodes=1
[    0.000000] rcu: Hierarchical RCU implementation.
[    0.000000] rcu: 	RCU event tracing is enabled.
[    0.000000] rcu: 	RCU restricting CPUs from NR_CPUS=2 to nr_cpu_ids=1.
[    0.000000] 	Tracing variant of Tasks RCU enabled.
[    0.000000] rcu: RCU calculated value of scheduler-enlistment delay is 10 jiffies.
[    0.000000] rcu: Adjusting geometry for rcu_fanout_leaf=16, nr_cpu_ids=1
[    0.000000] RCU Tasks Trace: Setting shift to 0 and lim to 1 rcu_task_cb_adjust=1 rcu_task_cpu_ids=1.
[    0.000000] NR_IRQS: 16, nr_irqs: 16, preallocated irqs: 16
[    0.000000] IRQ: Found an INTC at 0x(ptrval) (revision 5.0) with 128 interrupts
[    0.000000] rcu: srcu_init: Setting srcu_struct sizes based on contention.
[    0.000000] TI gptimer clocksource: always-on /ocp/interconnect@44c00000/segment@200000/target-module@31000
[    0.000003] sched_clock: 32 bits at 24MHz, resolution 41ns, wraps every 89478484971ns
[    0.000026] clocksource: dmtimer: mask: 0xffffffff max_cycles: 0xffffffff, max_idle_ns: 79635851949 ns
[    0.000503] TI gptimer clockevent: 24000000 Hz at /ocp/interconnect@48000000/segment@0/target-module@40000
[    0.002134] Console: colour dummy device 80x30
[    0.002196] WARNING: Your 'console=ttyO0' has been replaced by 'ttyS0'
[    0.002204] This ensures that you still see kernel messages. Please
[    0.002208] update your kernel commandline.
[    0.002249] Calibrating delay loop... 996.14 BogoMIPS (lpj=4980736)
[    0.090614] CPU: Testing write buffer coherency: ok
[    0.090696] CPU0: Spectre v2: using BPIALL workaround
[    0.090706] pid_max: default: 32768 minimum: 301
[    0.090868] LSM: initializing lsm=capability
[    0.091043] Mount-cache hash table entries: 1024 (order: 0, 4096 bytes, linear)
[    0.091061] Mountpoint-cache hash table entries: 1024 (order: 0, 4096 bytes, linear)
[    0.092644] CPU0: thread -1, cpu 0, socket -1, mpidr 0
[    0.092701] cacheinfo: Unable to detect cache hierarchy for CPU 0
[    0.160738] Setting up static identity map for 0x80100000 - 0x80100078
[    0.170693] rcu: Hierarchical SRCU implementation.
[    0.170704] rcu: 	Max phase no-delay instances is 1000.
[    0.190745] smp: Bringing up secondary CPUs ...
[    0.190799] smp: Brought up 1 node, 1 CPU
[    0.190813] SMP: Total of 1 processors activated (996.14 BogoMIPS).
[    0.190824] CPU: All CPU(s) started in SVC mode.
[    0.190992] Memory: 480848K/522240K available (11264K kernel code, 1213K rwdata, 2896K rodata, 1024K init, 288K bss, 23380K reserved, 16384K cma-reserved, 0K highmem)
[    0.191834] devtmpfs: initialized
[    0.208286] VFP support v0.3: implementor 41 architecture 3 part 30 variant c rev 3
[    0.208914] clocksource: jiffies: mask: 0xffffffff max_cycles: 0xffffffff, max_idle_ns: 19112604462750000 ns
[    0.208954] futex hash table entries: 256 (order: 2, 16384 bytes, linear)
[    0.210281] pinctrl core: initialized pinctrl subsystem
[    0.213199] NET: Registered PF_NETLINK/PF_ROUTE protocol family
[    0.215977] DMA: preallocated 256 KiB pool for atomic coherent allocations
[    0.216870] audit: initializing netlink subsys (disabled)
[    0.218216] thermal_sys: Registered thermal governor 'fair_share'
[    0.218231] thermal_sys: Registered thermal governor 'step_wise'
[    0.218240] thermal_sys: Registered thermal governor 'user_space'
[    0.218380] audit: type=2000 audit(0.210:1): state=initialized audit_enabled=0 res=1
[    0.218413] cpuidle: using governor menu
[    0.236379] /ocp/interconnect@44c00000/segment@200000/target-module@b000/i2c@0/tda19988@70: Fixed dependency cycle(s) with /ocp/interconnect@48000000/segment@300000/target-module@e000/lcdc@0
[    0.237506] /ocp/interconnect@48000000/segment@300000/target-module@e000/lcdc@0: Fixed dependency cycle(s) with /ocp/interconnect@44c00000/segment@200000/target-module@b000/i2c@0/tda19988@70
[    0.239670] No ATAGs?
[    0.239714] hw-breakpoint: debug architecture 0x4 unsupported.
[    0.242639] kprobes: kprobe jump-optimization is enabled. All kprobes are optimized if possible.
[    0.254331] iommu: Default domain type: Translated
[    0.254354] iommu: DMA domain TLB invalidation policy: strict mode
[    0.262726] SCSI subsystem initialized
[    0.263550] pps_core: LinuxPPS API ver. 1 registered
[    0.263559] pps_core: Software ver. 5.3.6 - Copyright 2005-2007 Rodolfo Giometti <giometti@linux.it>
[    0.263583] PTP clock support registered
[    0.270875] vgaarb: loaded
[    0.271230] clocksource: Switched to clocksource dmtimer
[    0.271905] VFS: Disk quotas dquot_6.6.0
[    0.271964] VFS: Dquot-cache hash table entries: 1024 (order 0, 4096 bytes)
[    0.295054] NET: Registered PF_INET protocol family
[    0.295398] IP idents hash table entries: 8192 (order: 4, 65536 bytes, linear)
[    0.296816] tcp_listen_portaddr_hash hash table entries: 512 (order: 0, 4096 bytes, linear)
[    0.296852] Table-perturb hash table entries: 65536 (order: 6, 262144 bytes, linear)
[    0.296870] TCP established hash table entries: 4096 (order: 2, 16384 bytes, linear)
[    0.296912] TCP bind hash table entries: 4096 (order: 4, 65536 bytes, linear)
[    0.297013] TCP: Hash tables configured (established 4096 bind 4096)
[    0.297134] UDP hash table entries: 256 (order: 1, 14336 bytes, linear)
[    0.297171] UDP-Lite hash table entries: 256 (order: 1, 14336 bytes, linear)
[    0.297352] NET: Registered PF_UNIX/PF_LOCAL protocol family
[    0.301965] RPC: Registered named UNIX socket transport module.
[    0.301989] RPC: Registered udp transport module.
[    0.301994] RPC: Registered tcp transport module.
[    0.301999] RPC: Registered tcp-with-tls transport module.
[    0.302004] RPC: Registered tcp NFSv4.1 backchannel transport module.
[    0.302028] PCI: CLS 0 bytes, default 64
[    0.303419] Initialise system trusted keyrings
[    0.304572] workingset: timestamp_bits=14 max_order=17 bucket_order=3
[    0.305918] NFS: Registering the id_resolver key type
[    0.306050] Key type id_resolver registered
[    0.306058] Key type id_legacy registered
[    0.306168] jffs2: version 2.2. (NAND) (SUMMARY)  Â© 2001-2006 Red Hat, Inc.
[    0.306659] Key type asymmetric registered
[    0.306674] Asymmetric key parser 'x509' registered
[    0.306738] io scheduler mq-deadline registered
[    0.306749] io scheduler kyber registered
[    0.306817] io scheduler bfq registered
[    0.313061] ledtrig-cpu: registered to indicate activity on CPUs
[    0.321636] Serial: 8250/16550 driver, 6 ports, IRQ sharing enabled
[    0.364777] brd: module loaded
[    0.387143] loop: module loaded
[    0.388054] mtdoops: mtd device (mtddev=name/number) must be supplied
[    0.391099] i2c_dev: i2c /dev entries driver
[    0.392213] cpuidle: enable-method property 'ti,am3352' found operations
[    0.392656] sdhci: Secure Digital Host Controller Interface driver
[    0.392664] sdhci: Copyright(c) Pierre Ossman
[    0.392837] sdhci-pltfm: SDHCI platform and OF driver helper
[    0.393829] Initializing XFRM netlink socket
[    0.394000] NET: Registered PF_INET6 protocol family
[    0.395996] Segment Routing with IPv6
[    0.396081] In-situ OAM (IOAM) with IPv6
[    0.396183] sit: IPv6, IPv4 and MPLS over IPv4 tunneling driver
[    0.397122] NET: Registered PF_PACKET protocol family
[    0.397154] NET: Registered PF_KEY protocol family
[    0.397276] Key type dns_resolver registered
[    0.397504] ThumbEE CPU extension supported.
[    0.397524] Registering SWP/SWPB emulation handler
[    0.398069] omap_voltage_late_init: Voltage driver support not added
[    0.398428] SmartReflex Class3 initialized
[    0.442899] Loading compiled-in X.509 certificates
[    0.484843] /ocp/interconnect@44c00000/segment@200000/target-module@b000/i2c@0/tda19988@70: Fixed dependency cycle(s) with /ocp/interconnect@48000000/segment@300000/target-module@e000/lcdc@0
[    0.491071] /ocp/interconnect@44c00000/segment@200000/target-module@b000/i2c@0/tda19988@70: Fixed dependency cycle(s) with /ocp/interconnect@48000000/segment@300000/target-module@e000/lcdc@0
[    0.520976] /ocp/interconnect@44c00000/segment@200000/target-module@b000/i2c@0/tda19988@70: Fixed dependency cycle(s) with /ocp/interconnect@48000000/segment@300000/target-module@e000/lcdc@0
[    0.522120] /ocp/interconnect@44c00000/segment@200000/target-module@b000/i2c@0/tda19988@70: Fixed dependency cycle(s) with /ocp/interconnect@48000000/segment@300000/target-module@e000/lcdc@0
[    0.525527] /ocp/interconnect@44c00000/segment@200000/target-module@10000/scm@0/pinmux@800: Fixed dependency cycle(s) with /ocp/interconnect@44c00000/segment@200000/target-module@10000/scm@0/pinmux@800/clkout2-pins
[    0.526117] pinctrl-single 44e10800.pinmux: 142 pins, size 568
[    0.531189] ti-sysc 44e31000.target-module: probe with driver ti-sysc failed with error -16
[    0.557487] /ocp/interconnect@48000000/segment@300000/target-module@e000/lcdc@0: Fixed dependency cycle(s) with /ocp/interconnect@44c00000/segment@200000/target-module@b000/i2c@0/tda19988@70
[    0.565588] ti-sysc 48040000.target-module: probe with driver ti-sysc failed with error -16
[    0.622622] OMAP GPIO hardware version 0.1
[    0.651388] omap_i2c 4819c000.i2c: bus 2 rev0.11 at 100 kHz
[    0.691140] 48000000.interconnect:segment@200000:target-module@0:mpu@0:fck: device ID is greater than 24
[    0.692189] /ocp/interconnect@48000000/segment@300000/target-module@e000/lcdc@0: Fixed dependency cycle(s) with /ocp/interconnect@44c00000/segment@200000/target-module@b000/i2c@0/tda19988@70
[    0.694941] /ocp/interconnect@48000000/segment@300000/target-module@e000/lcdc@0: Fixed dependency cycle(s) with /ocp/interconnect@44c00000/segment@200000/target-module@b000/i2c@0/tda19988@70
[    0.695619] /ocp/interconnect@44c00000/segment@200000/target-module@b000/i2c@0/tda19988@70: Fixed dependency cycle(s) with /ocp/interconnect@48000000/segment@300000/target-module@e000/lcdc@0
[    0.695784] /ocp/interconnect@48000000/segment@300000/target-module@e000/lcdc@0: Fixed dependency cycle(s) with /ocp/interconnect@44c00000/segment@200000/target-module@b000/i2c@0/tda19988@70
[    0.706600] sdhci-omap 481d8000.mmc: supply pbias not found, using dummy regulator
[    0.707090] sdhci-omap 481d8000.mmc: supply vqmmc not found, using dummy regulator
[    0.769962] davinci_mdio 4a101000.mdio: davinci mdio revision 1.6, bus freq 1000000
[    0.916625] davinci_mdio 4a101000.mdio: phy[0]: device 4a101000.mdio:00, driver SMSC LAN8710/LAN8720
[    0.917417] cpsw-switch 4a100000.switch: initialized cpsw ale version 1.4
[    0.917440] cpsw-switch 4a100000.switch: ALE Table size 1024, Policers 0
[    0.917586] cpsw-switch 4a100000.switch: cpts: overflow check period 500 (jiffies)
[    0.917604] cpsw-switch 4a100000.switch: CPTS: ref_clk_freq:250000000 calc_mult:2147483648 calc_shift:29 error:0 nsec/sec
[    0.917713] cpsw-switch 4a100000.switch: Detected MACID = 6c:ec:eb:68:de:78
[    0.919457] cpsw-switch 4a100000.switch: initialized (regs 0x4a100000, pool size 256) hw_ver:0019010C 1.12 (0)
[    0.930091] debugfs: Directory '49000000.dma' with parent 'dmaengine' already present!
[    0.930131] edma 49000000.dma: TI EDMA DMA engine driver
[    0.978357] target-module@4b000000:target-module@140000:pmu@0:fck: device ID is greater than 24
[    0.992657] hw perfevents: enabled with armv7_cortex_a8 PMU driver, 5 (8000000f) counters available
[    1.000383] l3-aon-clkctrl:0000:0: failed to disable
[    1.003522] 44e09000.serial: ttyS0 at MMIO 0x44e09000 (irq = 34, base_baud = 3000000) is a 8250
[    1.003611] printk: legacy console [ttyS0] enabled
 [    2.452214] tps65217-pmic: Failed to locate of_node [id: -1 ]
[    2.458259] tps65217-bl: Failed to locate of_node [id: - 1]
[    2.469548] tps65217 0-0024: TPS65217 ID 0xe version 1. 2
[    2.475673] /ocp/interconnect@48000000/segment@300000/ta rget-mod
[    5.842001] cpsw-switch 4a100000.switch eth0: Link is Up - 100Mbps/Full - flow control off
[    5.871249] IP-Config: Complete:
[    5.874524]      device=eth0, hwaddr=6c:ec:eb:68:de:78, ipaddr=192.168.255.1, mask=255.255.255.0, gw=255.255.255.255
[    5.885167]      host=bbb1, domain=, nis-domain=(none)
[    5.890333]      bootserver=192.168.255.126, rootserver=192.168.255.126, rootpath=
[    5.890733] clk: Disabling unused clocks
[    5.902601] PM: genpd: Disabling unused power domains
[    5.907715] KTAP version 1
[    5.910435] 1..0
[    5.938973] VFS: Mounted root (nfs filesystem) on device 0:17.
[    5.946218] devtmpfs: mounted
[    5.950685] Freeing unused kernel image (initmem) memory: 1024K
[    5.957493] Run /sbin/init as init process
[    6.659151] systemd[1]: System time before build time, advancing clock.
[    8.141252] random: crng init done
[    8.183436] systemd[1]: systemd 232 running in system mode. (+PAM +AUDIT +SELINUX +IMA +APPARMOR +SMACK +SYSVINIT +UTMP +LIBCRYPTSETUP +GCRYPT +GNUTLS +ACL +XZ +LZ4 +SECCOMP +BLKID +ELFUTILS +KMOD +IDN)
[    8.202430] systemd[1]: Detected architecture arm.

Welcome to [1mDebian GNU/Linux 9 (stretch)[0m!

[    8.234549] systemd[1]: Set hostname to <arm>.
[    9.337141] systemd[1]: Set up automount Arbitrary Executable File Formats File System Automount Point.
[[0;32m  OK  [0m] Set up automount Arbitrary Executabâ€¦rmats File System Automount Point.
[    9.372329] systemd[1]: Started Dispatch Password Requests to Console Directory Watch.
[[0;32m  OK  [0m] Started Dispatch Password Requests to Console Directory Watch.
[    9.401607] systemd[1]: Reached target Swap.
[[0;32m  OK  [0m] Reached target Swap.
[    9.423364] systemd[1]: Listening on Journal Socket.
[[0;32m  OK  [0m] Listening on Journal Socket.
[    9.452363] systemd[1]: Listening on Journal Audit Socket.
[[0;32m  OK  [0m] Listening on Journal Audit Socket.
[    9.482025] systemd[1]: Listening on Journal Socket (/dev/log).
[[0;32m  OK  [0m] Listening on Journal Socket (/dev/log).
[    9.512802] systemd[1]: Created slice User and Session Slice.
[[0;32m  OK  [0m] Created slice User and Session Slice.
[[0;32m  OK  [0m] Listening on Syslog Socket.
[[0;32m  OK  [0m] Reached target Remote File Systems.
[[0;32m  OK  [0m] Listening on udev Kernel Socket.
[[0;32m  OK  [0m] Started Forward Password Requests to Wall Directory Watch.
[[0;32m  OK  [0m] Reached target Paths.
[[0;32m  OK  [0m] Reached target Encrypted Volumes.
[[0;32m  OK  [0m] Created slice System Slice.
         Starting Load Kernel Modules...
         Mounting Debug File System...
[[0;32m  OK  [0m] Created slice system-serial\x2dgetty.slice.
[[0;32m  OK  [0m] Created slice system-getty.slice.
[[0;32m  OK  [0m] Reached target Slices.
         Starting Remount Root and Kernel File Systems...
         Starting Create list of required stâ€¦ce nodes for the current kernel...
         Mounting POSIX Message Queue File System...
[[0;32m  OK  [0m] Listening on /dev/initctl Compatibility Named Pipe.
         Starting Journal Service...
[[0;32m  OK  [0m] Listening on udev Control Socket.
[[0;32m  OK  [0m] Mounted POSIX Message Queue File System.
[[0;32m  OK  [0m] Mounted Debug File System.
[[0;32m  OK  [0m] Started Load Kernel Modules.
[[0;32m  OK  [0m] Started Remount Root and Kernel File Systems.
[[0;32m  OK  [0m] Started Create list of required staâ€¦vice nodes for the current kernel.
         Starting Create Static Device Nodes in /dev...
         Starting udev Coldplug all Devices...
         Starting Load/Save Random Seed...
         Starting Apply Kernel Variables...
         Mounting Configuration File System...
[[0;32m  OK  [0m] Mounted Configuration File System.
[[0;32m  OK  [0m] Started Apply Kernel Variables.
[[0;32m  OK  [0m] Started Load/Save Random Seed.
[[0;32m  OK  [0m] Started Create Static Device Nodes in /dev.
         Starting udev Kernel Device Manager...
[[0;32m  OK  [0m] Reached target Local File Systems (Pre).
[[0;32m  OK  [0m] Reached target Local File Systems.
         Starting Raise network interfaces...
[[0;32m  OK  [0m] Started Journal Service.
         Starting Flush Journal to Persistent Storage...
[   11.806036] systemd-journald[90]: Received request to flush runtime journal from PID 1
[[0;32m  OK  [0m] Started Flush Journal to Persistent Storage.
         Starting Create Volatile Files and Directories...
[[0;32m  OK  [0m] Started udev Kernel Device Manager.
[[0;32m  OK  [0m] Started Create Volatile Files and Directories.
         Starting Network Time Synchronization...
         Starting Update UTMP about System Boot/Shutdown...
[[0;32m  OK  [0m] Started Update UTMP about System Boot/Shutdown.
[[0;32m  OK  [0m] Started udev Coldplug all Devices.
[   14.903262] remoteproc remoteproc0: wkup_m3 is available
[[0;32m  OK  [0m] Started Network Time Synchronization.
[   15.218961] omap_wdt: OMAP Watchdog Timer Rev 0x01: initial timeout 60 sec
[   15.275257] at24 2-0054: supply vcc not found, using dummy regulator
[   15.422232] at24 2-0055: supply vcc not found, using dummy regulator
[[0;32m  OK  [0m] Found device /dev/ttyS0.
[   15.513332] at24 2-0056: supply vcc not found, using dummy regulator
[   15.586372] tps6521x_pwrbutton tps65217-pwrbutton: DMA mask not set
[   15.631174] omap_rtc 44e3e000.rtc: registered as rtc0
[   15.636551] omap_rtc 44e3e000.rtc: setting system clock to 2000-01-01T00:00:01 UTC (946684801)
[   15.698545] at24 2-0057: supply vcc not found, using dummy regulator
[[0;32m  OK  [0m] Reached target System Initialization.
[   15.725195] input: tps65217_pwrbutton as /devices/platform/ocp/44c00000.interconnect/44c00000.interconnect:segment@200000/44e0b000.target-module/44e0b000.i2c/i2c-0/0-0024/tps65217-pwrbutton/input/input0
[   15.769098] wkup_m3_ipc 44e11324.wkup_m3_ipc: IPC Request for A8->M3 Channel failed! -517
[   15.828951] at24 0-0050: 32768 byte 24c256 EEPROM, writable, 1 bytes/write
[   15.839931] wkup_m3_ipc 44e11324.wkup_m3_ipc: IPC Request for A8->M3 Channel failed! -517
[[0;32m  OK  [0m] Listening on D-Bus System Message Bus Socket.
[   15.932903] wkup_m3_ipc 44e11324.wkup_m3_ipc: IPC Request for A8->M3 Channel failed! -517
[[0;32m  OK  [0m] Started Daily Cleanup of Temporary Directories.
[[0;32m  OK  [0m] Listening on Avahi mDNS/DNS-SD Stack Activation Socket.
[[0;32m  OK  [0m] Reached target Sockets.
[[0;32m  OK  [0m] Reached target Basic System.
[[0;32m  OK  [0m] Started D-Bus System Message Bus.
[   16.554530] am335x-phy-driver 47401300.usb-phy: dummy supplies not allowed for exclusive requests (id=vbus)
[   16.683491] am335x-phy-driver 47401b00.usb-phy: dummy supplies not allowed for exclusive requests (id=vbus)
[   16.694749] wkup_m3_ipc 44e11324.wkup_m3_ipc: IPC Request for A8->M3 Channel failed! -517
[   16.719934] usbcore: registered new interface driver usbfs
[   16.725778] usbcore: registered new interface driver hub
[   16.731337] usbcore: registered new device driver usb
[   16.843009] wkup_m3_ipc 44e11324.wkup_m3_ipc: IPC Request for A8->M3 Channel failed! -517
[   17.402262] wkup_m3_ipc 44e11324.wkup_m3_ipc: IPC Request for A8->M3 Channel failed! -517
[   17.497284] omap-mailbox 480c8000.mailbox: omap mailbox rev 0x400
[   17.513266] musb-hdrc musb-hdrc.1: MUSB HDRC host driver
[   17.518697] musb-hdrc musb-hdrc.1: new USB bus registered, assigned bus number 1
[   17.542964] tda998x 0-0070: found TDA19988
[   17.601895] remoteproc remoteproc0: powering up wkup_m3
[   17.755962] usb usb1: New USB device found, idVendor=1d6b, idProduct=0002, bcdDevice= 6.14
[   17.766120] usb usb1: New USB device strings: Mfr=3, Product=2, SerialNumber=1
[   17.774134] usb usb1: Product: MUSB HDRC host driver
[   17.779140] usb usb1: Manufacturer: Linux 6.14.0-rc2-next-20250214 musb-hcd
[   17.786412] usb usb1: SerialNumber: musb-hdrc.1
[   17.891831] remoteproc remoteproc0: Direct firmware load for am335x-pm-firmware.elf failed with error -2
[   17.901559] remoteproc remoteproc0: request_firmware failed: -2
[   17.907522] wkup_m3_ipc 44e11324.wkup_m3_ipc: rproc_boot failed
[   18.189677] hub 1-0:1.0: USB hub found
[   18.255373] hub 1-0:1.0: 1 port detected
[   19.645884] omap_rng 48310000.rng: Random Number Generator ver. 20
[   19.775294] tilcdc 4830e000.lcdc: bound 0-0070 (ops tda998x_audio_codec_init [tda998x])
[   19.860436] [drm] Initialized tilcdc 1.0.0 for 4830e000.lcdc on minor 0
[   19.908419] tilcdc 4830e000.lcdc: [drm] Cannot find any crtc or sizes
[   19.919818] tilcdc 4830e000.lcdc: [drm] Cannot find any crtc or sizes
         Starting Connection service...
         Starting Login Service...
[[0;32m  OK  [0m] Started Regular background program processing daemon.
         Starting Cape Manager Service...
         Starting LSB: Load kernel modules needed to enable cpufreq scaling...
         Starting System Logging Service...
         Starting Telephony service...
[   20.918819] PM: Cannot get wkup_m3_ipc handle
         Starting DUN service...
[   20.968572] omap-sham 53100000.sham: hw accel on OMAP rev 4.3
         Starting LSB: Start busybox udhcpd at boot time...[   21.104891] omap-sham 53100000.sham: will run requests pump with realtime priority

[   21.119409] PM: Cannot get wkup_m3_ipc handle
[   21.157698] omap-aes 53500000.aes: OMAP AES hw accel rev: 3.2
         Starting Avahi mDNS/DNS-SD Stack...
[   21.286468] omap-aes 53500000.aes: will run requests pump with realtime priority
[   21.306662] PM: Cannot get wkup_m3_ipc handle
         Starting Generic Board Startup...
[[0;32m  OK  [0m] Reached target System Time Synchronized.
[[0;32m  OK  [0m] Started Daily apt download activities.
[[0;32m  OK  [0m] Started Daily apt upgrade and clean activities.
[[0;32m  OK  [0m] Reached target Timers.
[[0;32m  OK  [0m] Started Cape Manager Service.
[[0;32m  OK  [0m] Started System Logging Service.
[   24.492243] Bluetooth: Core ver 2.22
[   24.496065] NET: Registered PF_BLUETOOTH protocol family
[   24.501616] Bluetooth: HCI device and connection manager initialized
[   24.508032] Bluetooth: HCI socket layer initialized
[   24.512992] Bluetooth: L2CAP socket layer initialized
[   24.518107] Bluetooth: SCO socket layer initialized
[   25.028446] gpio-537 (nxp,calib): gpiod_direction_output_nonotify: tried to set a GPIO tied to an IRQ as output
[   25.200932] PM: Cannot get wkup_m3_ipc handle
[   25.310820] tda9950 0-0034: TDA9950 CEC interface, hardware version 3.3
[   25.342312] PM: Cannot get wkup_m3_ipc handle
[   25.429104] PM: Cannot get wkup_m3_ipc handle
[[0;32m  OK  [0m] Started Raise network interfaces.
[[0;32m  OK  [0m] Started LSB: Start busybox udhcpd at boot time.
[[0;32m  OK  [0m] Started LSB: Load kernel modules needed to enable cpufreq scaling.
[[0;32m  OK  [0m] Started DUN service.
[[0;32m  OK  [0m] Started Telephony service.
[[0;32m  OK  [0m] Started Connection service.
[[0;32m  OK  [0m] Started Avahi mDNS/DNS-SD Stack.
[[0;32m  OK  [0m] Started Login Service.
[   29.250154] configfs-gadget.g_multi gadget.0: HOST MAC 1c:ba:8c:a2:ed:6c
[   29.257127] configfs-gadget.g_multi gadget.0: MAC 1c:ba:8c:a2:ed:70
[   29.264437] configfs-gadget.g_multi gadget.0: HOST MAC 1c:ba:8c:a2:ed:6c
[   29.271311] configfs-gadget.g_multi gadget.0: MAC 1c:ba:8c:a2:ed:6d
[   29.285245] PM: Cannot get wkup_m3_ipc handle
[[0;32m  OK  [0m] Reached target Sound Card.
         Starting LSB: set CPUFreq kernel parameters...
[[0;32m  OK  [0m] Reached target Network.
         Starting OpenBSD Secure Shell server...
[[0;32m  OK  [0m] Reached target Network is Online.
         Starting LSB: Advanced IEEE 802.11 management daemon...
         Starting The Apache HTTP Server...
         Starting Permit User Sessions...
[[0;32m  OK  [0m] Started LSB: Advanced IEEE 802.11 management daemon.
[[0;32m  OK  [0m] Started Permit User Sessions.
         Starting Hostname Service...
[[0;32m  OK  [0m] Started Serial Getty on ttyS0.
[[0;32m  OK  [0m] Started Getty on tty1.
[[0;32m  OK  [0m] Reached target Login Prompts.
         Starting WPA supplicant...
[[0;32m  OK  [0m] Started Hostname Service.
[[0;32m  OK  [0m] Started WPA supplicant.
[[0;32m  OK  [0m] Started LSB: set CPUFreq kernel parameters.
[[0;32m  OK  [0m] Started OpenBSD Secure Shell server.
         Stopping LSB: Start busybox udhcpd at boot time...
[[0;32m  OK  [0m] Stopped LSB: Start busybox udhcpd at boot time.
[[0;32m  OK  [0m] Started The Apache HTTP Server.
         Starting dnsmasq - A lightweight DHCP and caching DNS server...
[[0;32m  OK  [0m] Started dnsmasq - A lightweight DHCP and caching DNS server.
[[0;32m  OK  [0m] Reached target Host and Network Name Lookups.
[[0;32m  OK  [0m] Started Serial Getty on ttyGS0.
[[0;32m  OK  [0m] Started Generic Board Startup.
[[0;32m  OK  [0m] Reached target Multi-User System.
[[0;32m  OK  [0m] Reached target Graphical Interface.
         Starting Update UTMP about System Runlevel Changes...
[[0;32m  OK  [0m] Started Update UTMP about System Runlevel Changes.

Debian GNU/Linux 9 arm ttyS0

default username:password is [debian:temppwd]

arm login: root
Password: 
Last login: Sat Jan  1 00:00:32 UTC 2000 on ttyS0
root
Linux arm 6.14.0-rc2-next-20250214 #1 SMP Fri Feb 14 12:37:18 EET 2025 armv7l

The programs included with the Debian GNU/Linux system are free software;
the exact distribution terms for each program are described in the
individual files in /usr/share/doc/*/copyright.

Debian GNU/Linux comes with ABSOLUTELY NO WARRANTY, to the extent
permitted by applicable law.
root@arm:~# root
dmesg -n 1
-bash: root: command not found
root@arm:~# dmesg -n 1
root@arm:~# echo 'WYZK''XHJYYH'
WYZKXHJYYH
root@arm:~# run() { echo -n "$MARKER"; sh -c "$@"; echo "$MARKER $?"; }
root@arm:~# echo 'ZBEL''OWMBET'
ZBELOWMBET
root@arm:~# MARKER='KYMB''TTCZYH' run 'cat /proc/version'
KYMBTTCZYHLinux version 6.14.0-rc2-next-20250214 (user01@drvtest01) (arm-none-eabi-gcc (Arm GNU Toolchain 14.2.Rel1 (Build arm-14.52)) 14.2.1 20241119, GNU ld (Arm GNU Toolchain 14.2.Rel1 (Build arm-14.52)) 2.43.1.20241119) #1 SMP Fri Feb 14 12:37:18 EET 2025
KYMBTTCZYH 0
root@arm:~# echo 'HKHV''CCUFJW'
HKHVCCUFJW
root@arm:~# MARKER='UFCJ''YNNAEK' run false
UFCJYNNAEKUFCJYNNAEK 1
root@arm:~# Labgrid Console Logfile for main
Logfile started at 2025-02-14 12:39:39.335310
=== Log starts here ===

root@arm:~# run() { echo -n "$MARKER"; sh -c "$@"; echo "$MARKER $?"; }
root@arm:~# echo 'QESH''OFMOUQ'
QESHOFMOUQ
root@arm:~# MARKER='ZVWY''LLZFTK' run 'ls /iio_generic_buffer; echo $?'
ZVWYLLZFTK/iio_generic_buffer
0
ZVWYLLZFTK 0
root@arm:~# Labgrid Console Logfile for main
Logfile started at 2025-02-14 12:39:42.742962
=== Log starts here ===

root@arm:~# run() { echo -n "$MARKER"; sh -c "$@"; echo "$MARKER $?"; }
root@arm:~# echo 'TSVF''NGJFUK'
TSVFNGJFUK
root@arm:~# MARKER='YTHX''CHULVG' run dmesg
YTHXCHULVG[    0.000000] Booting Linux on physical CPU 0x0
[    0.000000] Linux version 6.14.0-rc2-next-20250214 (user01@drvtest01) (arm-none-eabi-gcc (Arm GNU Toolchain 14.2.Rel1 (Build arm-14.52)) 14.2.1 20241119, GNU ld (Arm GNU Toolchain 14.2.Rel1 (Build arm-14.52)) 2.43.1.20241119) #1 SMP Fri Feb 14 12:37:18 EET 2025
[    0.000000] CPU: ARMv7 Processor [413fc082] revision 2 (ARMv7), cr=10c5387d
[    0.000000] CPU: PIPT / VIPT nonaliasing data cache, VIPT aliasing instruction cache
[    0.000000] OF: fdt: Machine model: TI AM335x BeagleBone Black
[    0.000000] Memory policy: Data cache writeback
[    0.000000] cma: Reserved 16 MiB at 0x9e800000 on node -1
[    0.000000] Zone ranges:
[    0.000000]   Normal   [mem 0x0000000080000000-0x000000009fdfffff]
[    0.000000]   HighMem  empty
[    0.000000] Movable zone start for each node
[    0.000000] Early memory node ranges
[    0.000000]   node   0: [mem 0x0000000080000000-0x000000009fdfffff]
[    0.000000] Initmem setup node 0 [mem 0x0000000080000000-0x000000009fdfffff]
[    0.000000] OF: reserved mem: Reserved memory: No reserved-memory node in the DT
[    0.000000] CPU: All CPU(s) started in SVC mode.
[    0.000000] AM335X ES2.1 (sgx neon)
[    0.000000] percpu: Embedded 17 pages/cpu s39628 r8192 d21812 u69632
[    0.000000] pcpu-alloc: s39628 r8192 d21812 u69632 alloc=17*4096
[    0.000000] pcpu-alloc: [0] 0 
[    0.000000] Kernel command line: console=ttyO0,115200n8 root=/dev/nfs rw nfsroot=192.168.255.126:/home/user01/nfs,nfsvers=3 ip=192.168.255.1:192.168.255.126::255.255.255.0:bbb1:eth0 nfsrootdebug
[    0.000000] Unknown kernel command line parameters "nfsrootdebug", will be passed to user space.
[    0.000000] printk: log buffer data + meta data: 65536 + 204800 = 270336 bytes
[    0.000000] Dentry cache hash table entries: 65536 (order: 6, 262144 bytes, linear)
[    0.000000] Inode-cache hash table entries: 32768 (order: 5, 131072 bytes, linear)
[    0.000000] Built 1 zonelists, mobility grouping on.  Total pages: 130560
[    0.000000] mem auto-init: stack:off, heap alloc:off, heap free:off
[    0.000000] SLUB: HWalign=16, Order=0-3, MinObjects=0, CPUs=1, Nodes=1
[    0.000000] rcu: Hierarchical RCU implementation.
[    0.000000] rcu: 	RCU event tracing is enabled.
[    0.000000] rcu: 	RCU restricting CPUs from NR_CPUS=2 to nr_cpu_ids=1.
[    0.000000] 	Tracing variant of Tasks RCU enabled.
[    0.000000] rcu: RCU calculated value of scheduler-enlistment delay is 10 jiffies.
[    0.000000] rcu: Adjusting geometry for rcu_fanout_leaf=16, nr_cpu_ids=1
[    0.000000] RCU Tasks Trace: Setting shift to 0 and lim to 1 rcu_task_cb_adjust=1 rcu_task_cpu_ids=1.
[    0.000000] NR_IRQS: 16, nr_irqs: 16, preallocated irqs: 16
[    0.000000] IRQ: Found an INTC at 0x(ptrval) (revision 5.0) with 128 interrupts
[    0.000000] rcu: srcu_init: Setting srcu_struct sizes based on contention.
[    0.000000] TI gptimer clocksource: always-on /ocp/interconnect@44c00000/segment@200000/target-module@31000
[    0.000003] sched_clock: 32 bits at 24MHz, resolution 41ns, wraps every 89478484971ns
[    0.000026] clocksource: dmtimer: mask: 0xffffffff max_cycles: 0xffffffff, max_idle_ns: 79635851949 ns
[    0.000503] TI gptimer clockevent: 24000000 Hz at /ocp/interconnect@48000000/segment@0/target-module@40000
[    0.002134] Console: colour dummy device 80x30
[    0.002196] WARNING: Your 'console=ttyO0' has been replaced by 'ttyS0'
[    0.002204] This ensures that you still see kernel messages. Please
[    0.002208] update your kernel commandline.
[    0.002249] Calibrating delay loop... 996.14 BogoMIPS (lpj=4980736)
[    0.090614] CPU: Testing write buffer coherency: ok
[    0.090696] CPU0: Spectre v2: using BPIALL workaround
[    0.090706] pid_max: default: 32768 minimum: 301
[    0.090868] LSM: initializing lsm=capability
[    0.091043] Mount-cache hash table entries: 1024 (order: 0, 4096 bytes, linear)
[    0.091061] Mountpoint-cache hash table entries: 1024 (order: 0, 4096 bytes, linear)
[    0.092644] CPU0: thread -1, cpu 0, socket -1, mpidr 0
[    0.092701] cacheinfo: Unable to detect cache hierarchy for CPU 0
[    0.160738] Setting up static identity map for 0x80100000 - 0x80100078
[    0.170693] rcu: Hierarchical SRCU implementation.
[    0.170704] rcu: 	Max phase no-delay instances is 1000.
[    0.190745] smp: Bringing up secondary CPUs ...
[    0.190799] smp: Brought up 1 node, 1 CPU
[    0.190813] SMP: Total of 1 processors activated (996.14 BogoMIPS).
[    0.190824] CPU: All CPU(s) started in SVC mode.
[    0.190992] Memory: 480848K/522240K available (11264K kernel code, 1213K rwdata, 2896K rodata, 1024K init, 288K bss, 23380K reserved, 16384K cma-reserved, 0K highmem)
[    0.191834] devtmpfs: initialized
[    0.208286] VFP support v0.3: implementor 41 architecture 3 part 30 variant c rev 3
[    0.208914] clocksource: jiffies: mask: 0xffffffff max_cycles: 0xffffffff, max_idle_ns: 19112604462750000 ns
[    0.208954] futex hash table entries: 256 (order: 2, 16384 bytes, linear)
[    0.210281] pinctrl core: initialized pinctrl subsystem
[    0.213199] NET: Registered PF_NETLINK/PF_ROUTE protocol family
[    0.215977] DMA: preallocated 256 KiB pool for atomic coherent allocations
[    0.216870] audit: initializing netlink subsys (disabled)
[    0.218216] thermal_sys: Registered thermal governor 'fair_share'
[    0.218231] thermal_sys: Registered thermal governor 'step_wise'
[    0.218240] thermal_sys: Registered thermal governor 'user_space'
[    0.218380] audit: type=2000 audit(0.210:1): state=initialized audit_enabled=0 res=1
[    0.218413] cpuidle: using governor menu
[    0.236379] /ocp/interconnect@44c00000/segment@200000/target-module@b000/i2c@0/tda19988@70: Fixed dependency cycle(s) with /ocp/interconnect@48000000/segment@300000/target-module@e000/lcdc@0
[    0.237506] /ocp/interconnect@48000000/segment@300000/target-module@e000/lcdc@0: Fixed dependency cycle(s) with /ocp/interconnect@44c00000/segment@200000/target-module@b000/i2c@0/tda19988@70
[    0.239670] No ATAGs?
[    0.239714] hw-breakpoint: debug architecture 0x4 unsupported.
[    0.242639] kprobes: kprobe jump-optimization is enabled. All kprobes are optimized if possible.
[    0.254331] iommu: Default domain type: Translated
[    0.254354] iommu: DMA domain TLB invalidation policy: strict mode
[    0.261588] reg-fixed-voltage fixedregulator0: using DT '/fixedregulator0' for '(default)' GPIO lookup
[    0.261644] of_get_named_gpiod_flags: can't parse 'gpios' property of node '/fixedregulator0[0]'
[    0.261673] of_get_named_gpiod_flags: can't parse 'gpio' property of node '/fixedregulator0[0]'
[    0.261691] reg-fixed-voltage fixedregulator0: using lookup tables for GPIO lookup
[    0.261701] reg-fixed-voltage fixedregulator0: No GPIO consumer (default) found
[    0.262726] SCSI subsystem initialized
[    0.263193] libata version 3.00 loaded.
[    0.263550] pps_core: LinuxPPS API ver. 1 registered
[    0.263559] pps_core: Software ver. 5.3.6 - Copyright 2005-2007 Rodolfo Giometti <giometti@linux.it>
[    0.263583] PTP clock support registered
[    0.270875] vgaarb: loaded
[    0.271230] clocksource: Switched to clocksource dmtimer
[    0.271905] VFS: Disk quotas dquot_6.6.0
[    0.271964] VFS: Dquot-cache hash table entries: 1024 (order 0, 4096 bytes)
[    0.295054] NET: Registered PF_INET protocol family
[    0.295398] IP idents hash table entries: 8192 (order: 4, 65536 bytes, linear)
[    0.296816] tcp_listen_portaddr_hash hash table entries: 512 (order: 0, 4096 bytes, linear)
[    0.296852] Table-perturb hash table entries: 65536 (order: 6, 262144 bytes, linear)
[    0.296870] TCP established hash table entries: 4096 (order: 2, 16384 bytes, linear)
[    0.296912] TCP bind hash table entries: 4096 (order: 4, 65536 bytes, linear)
[    0.297013] TCP: Hash tables configured (established 4096 bind 4096)
[    0.297134] UDP hash table entries: 256 (order: 1, 14336 bytes, linear)
[    0.297171] UDP-Lite hash table entries: 256 (order: 1, 14336 bytes, linear)
[    0.297352] NET: Registered PF_UNIX/PF_LOCAL protocol family
[    0.301965] RPC: Registered named UNIX socket transport module.
[    0.301989] RPC: Registered udp transport module.
[    0.301994] RPC: Registered tcp transport module.
[    0.301999] RPC: Registered tcp-with-tls transport module.
[    0.302004] RPC: Registered tcp NFSv4.1 backchannel transport module.
[    0.302028] PCI: CLS 0 bytes, default 64
[    0.303419] Initialise system trusted keyrings
[    0.304572] workingset: timestamp_bits=14 max_order=17 bucket_order=3
[    0.305918] NFS: Registering the id_resolver key type
[    0.306050] Key type id_resolver registered
[    0.306058] Key type id_legacy registered
[    0.306168] jffs2: version 2.2. (NAND) (SUMMARY)  Â© 2001-2006 Red Hat, Inc.
[    0.306659] Key type asymmetric registered
[    0.306674] Asymmetric key parser 'x509' registered
[    0.306738] io scheduler mq-deadline registered
[    0.306749] io scheduler kyber registered
[    0.306817] io scheduler bfq registered
[    0.313061] ledtrig-cpu: registered to indicate activity on CPUs
[    0.321636] Serial: 8250/16550 driver, 6 ports, IRQ sharing enabled
[    0.364777] brd: module loaded
[    0.387143] loop: module loaded
[    0.388054] mtdoops: mtd device (mtddev=name/number) must be supplied
[    0.389751] mdio_bus fixed-0: using lookup tables for GPIO lookup
[    0.389776] mdio_bus fixed-0: No GPIO consumer reset found
[    0.391099] i2c_dev: i2c /dev entries driver
[    0.392213] cpuidle: enable-method property 'ti,am3352' found operations
[    0.392656] sdhci: Secure Digital Host Controller Interface driver
[    0.392664] sdhci: Copyright(c) Pierre Ossman
[    0.392837] sdhci-pltfm: SDHCI platform and OF driver helper
[    0.393829] Initializing XFRM netlink socket
[    0.394000] NET: Registered PF_INET6 protocol family
[    0.395996] Segment Routing with IPv6
[    0.396081] In-situ OAM (IOAM) with IPv6
[    0.396183] sit: IPv6, IPv4 and MPLS over IPv4 tunneling driver
[    0.397122] NET: Registered PF_PACKET protocol family
[    0.397154] NET: Registered PF_KEY protocol family
[    0.397276] Key type dns_resolver registered
[    0.397504] ThumbEE CPU extension supported.
[    0.397524] Registering SWP/SWPB emulation handler
[    0.398069] omap_voltage_late_init: Voltage driver support not added
[    0.398428] SmartReflex Class3 initialized
[    0.442899] Loading compiled-in X.509 certificates
[    0.484843] /ocp/interconnect@44c00000/segment@200000/target-module@b000/i2c@0/tda19988@70: Fixed dependency cycle(s) with /ocp/interconnect@48000000/segment@300000/target-module@e000/lcdc@0
[    0.491071] /ocp/interconnect@44c00000/segment@200000/target-module@b000/i2c@0/tda19988@70: Fixed dependency cycle(s) with /ocp/interconnect@48000000/segment@300000/target-module@e000/lcdc@0
[    0.496650] gpiochip_find_base_unlocked: found new base at 512
[    0.520976] /ocp/interconnect@44c00000/segment@200000/target-module@b000/i2c@0/tda19988@70: Fixed dependency cycle(s) with /ocp/interconnect@48000000/segment@300000/target-module@e000/lcdc@0
[    0.522120] /ocp/interconnect@44c00000/segment@200000/target-module@b000/i2c@0/tda19988@70: Fixed dependency cycle(s) with /ocp/interconnect@48000000/segment@300000/target-module@e000/lcdc@0
[    0.525527] /ocp/interconnect@44c00000/segment@200000/target-module@10000/scm@0/pinmux@800: Fixed dependency cycle(s) with /ocp/interconnect@44c00000/segment@200000/target-module@10000/scm@0/pinmux@800/clkout2-pins
[    0.526117] pinctrl-single 44e10800.pinmux: 142 pins, size 568
[    0.531189] ti-sysc 44e31000.target-module: probe with driver ti-sysc failed with error -16
[    0.557487] /ocp/interconnect@48000000/segment@300000/target-module@e000/lcdc@0: Fixed dependency cycle(s) with /ocp/interconnect@44c00000/segment@200000/target-module@b000/i2c@0/tda19988@70
[    0.565588] ti-sysc 48040000.target-module: probe with driver ti-sysc failed with error -16
[    0.576759] gpiochip_find_base_unlocked: found new base at 512
[    0.576861] gpio gpiochip0: (gpio-0-31): created GPIO range 0->7 ==> 44e10800.pinmux PIN 0->7
[    0.576883] gpio gpiochip0: (gpio-0-31): created GPIO range 8->11 ==> 44e10800.pinmux PIN 90->93
[    0.576899] gpio gpiochip0: (gpio-0-31): created GPIO range 12->27 ==> 44e10800.pinmux PIN 12->27
[    0.576915] gpio gpiochip0: (gpio-0-31): created GPIO range 28->31 ==> 44e10800.pinmux PIN 30->33
[    0.622379] gpio gpiochip0: (gpio-0-31): added GPIO chardev (254:0)
[    0.622539] gpio gpiochip0: registered GPIOs 512 to 543 on gpio-0-31
[    0.622622] OMAP GPIO hardware version 0.1
[    0.650222] i2c i2c-2: using DT '/ocp/interconnect@48000000/segment@100000/target-module@9c000/i2c@0' for 'scl' GPIO lookup
[    0.650296] of_get_named_gpiod_flags: can't parse 'scl-gpios' property of node '/ocp/interconnect@48000000/segment@100000/target-module@9c000/i2c@0[0]'
[    0.650337] of_get_named_gpiod_flags: can't parse 'scl-gpio' property of node '/ocp/interconnect@48000000/segment@100000/target-module@9c000/i2c@0[0]'
[    0.650373] i2c i2c-2: using lookup tables for GPIO lookup
[    0.650383] i2c i2c-2: No GPIO consumer scl found
[    0.650405] i2c i2c-2: using DT '/ocp/interconnect@48000000/segment@100000/target-module@9c000/i2c@0' for 'sda' GPIO lookup
[    0.650440] of_get_named_gpiod_flags: can't parse 'sda-gpios' property of node '/ocp/interconnect@48000000/segment@100000/target-module@9c000/i2c@0[0]'
[    0.650476] of_get_named_gpiod_flags: can't parse 'sda-gpio' property of node '/ocp/interconnect@48000000/segment@100000/target-module@9c000/i2c@0[0]'
[    0.650506] i2c i2c-2: using lookup tables for GPIO lookup
[    0.650514] i2c i2c-2: No GPIO consumer sda found
[    0.651388] omap_i2c 4819c000.i2c: bus 2 rev0.11 at 100 kHz
[    0.656793] gpiochip_find_base_unlocked: found new base at 544
[    0.656896] gpio gpiochip1: (gpio-32-63): created GPIO range 0->17 ==> 44e10800.pinmux PIN 34->51
[    0.656924] gpio gpiochip1: (gpio-32-63): created GPIO range 18->21 ==> 44e10800.pinmux PIN 77->80
[    0.656942] gpio gpiochip1: (gpio-32-63): created GPIO range 22->31 ==> 44e10800.pinmux PIN 56->65
[    0.675240] gpio gpiochip1: (gpio-32-63): added GPIO chardev (254:1)
[    0.675396] gpio gpiochip1: registered GPIOs 544 to 575 on gpio-32-63
[    0.677591] gpiochip_find_base_unlocked: found new base at 576
[    0.677683] gpio gpiochip2: (gpio-64-95): created GPIO range 0->4 ==> 44e10800.pinmux PIN 66->70
[    0.677703] gpio gpiochip2: (gpio-64-95): created GPIO range 5->6 ==> 44e10800.pinmux PIN 98->99
[    0.677720] gpio gpiochip2: (gpio-64-95): created GPIO range 7->8 ==> 44e10800.pinmux PIN 75->76
[    0.677736] gpio gpiochip2: (gpio-64-95): created GPIO range 13->13 ==> 44e10800.pinmux PIN 141->141
[    0.677753] gpio gpiochip2: (gpio-64-95): created GPIO range 14->21 ==> 44e10800.pinmux PIN 100->107
[    0.685542] gpio gpiochip2: (gpio-64-95): added GPIO chardev (254:2)
[    0.685694] gpio gpiochip2: registered GPIOs 576 to 607 on gpio-64-95
[    0.691140] 48000000.interconnect:segment@200000:target-module@0:mpu@0:fck: device ID is greater than 24
[    0.692189] /ocp/interconnect@48000000/segment@300000/target-module@e000/lcdc@0: Fixed dependency cycle(s) with /ocp/interconnect@44c00000/segment@200000/target-module@b000/i2c@0/tda19988@70
[    0.694941] /ocp/interconnect@48000000/segment@300000/target-module@e000/lcdc@0: Fixed dependency cycle(s) with /ocp/interconnect@44c00000/segment@200000/target-module@b000/i2c@0/tda19988@70
[    0.695619] /ocp/interconnect@44c00000/segment@200000/target-module@b000/i2c@0/tda19988@70: Fixed dependency cycle(s) with /ocp/interconnect@48000000/segment@300000/target-module@e000/lcdc@0
[    0.695784] /ocp/interconnect@48000000/segment@300000/target-module@e000/lcdc@0: Fixed dependency cycle(s) with /ocp/interconnect@44c00000/segment@200000/target-module@b000/i2c@0/tda19988@70
[    0.705186] mdio_bus 4a101000.mdio: using DT '/ocp/interconnect@4a000000/segment@0/target-module@100000/switch@0/mdio@1000' for 'reset' GPIO lookup
[    0.705259] of_get_named_gpiod_flags: can't parse 'reset-gpios' property of node '/ocp/interconnect@4a000000/segment@0/target-module@100000/switch@0/mdio@1000[0]'
[    0.705306] of_get_named_gpiod_flags: can't parse 'reset-gpio' property of node '/ocp/interconnect@4a000000/segment@0/target-module@100000/switch@0/mdio@1000[0]'
[    0.705353] mdio_bus 4a101000.mdio: using lookup tables for GPIO lookup
[    0.705362] mdio_bus 4a101000.mdio: No GPIO consumer reset found
[    0.706263] sdhci-omap 481d8000.mmc: using DT '/ocp/interconnect@48000000/segment@100000/target-module@d8000/mmc@0' for 'wp' GPIO lookup
[    0.706321] of_get_named_gpiod_flags: can't parse 'wp-gpios' property of node '/ocp/interconnect@48000000/segment@100000/target-module@d8000/mmc@0[0]'
[    0.706364] of_get_named_gpiod_flags: can't parse 'wp-gpio' property of node '/ocp/interconnect@48000000/segment@100000/target-module@d8000/mmc@0[0]'
[    0.706398] sdhci-omap 481d8000.mmc: using lookup tables for GPIO lookup
[    0.706407] sdhci-omap 481d8000.mmc: No GPIO consumer wp found
[    0.706600] sdhci-omap 481d8000.mmc: supply pbias not found, using dummy regulator
[    0.707090] sdhci-omap 481d8000.mmc: supply vqmmc not found, using dummy regulator
[    0.769962] davinci_mdio 4a101000.mdio: davinci mdio revision 1.6, bus freq 1000000
[    0.784882] mdio_bus 4a101000.mdio:00: using DT '/ocp/interconnect@4a000000/segment@0/target-module@100000/switch@0/mdio@1000/ethernet-phy@0' for 'reset' GPIO lookup
[    0.784986] of_get_named_gpiod_flags: parsed 'reset-gpios' property of node '/ocp/interconnect@4a000000/segment@0/target-module@100000/switch@0/mdio@1000/ethernet-phy@0[0]' - status (0)
[    0.785148] gpio gpiochip0: Persistence not supported for GPIO 8
[    0.916625] davinci_mdio 4a101000.mdio: phy[0]: device 4a101000.mdio:00, driver SMSC LAN8710/LAN8720
[    0.917417] cpsw-switch 4a100000.switch: initialized cpsw ale version 1.4
[    0.917440] cpsw-switch 4a100000.switch: ALE Table size 1024, Policers 0
[    0.917586] cpsw-switch 4a100000.switch: cpts: overflow check period 500 (jiffies)
[    0.917604] cpsw-switch 4a100000.switch: CPTS: ref_clk_freq:250000000 calc_mult:2147483648 calc_shift:29 error:0 nsec/sec
[    0.917713] cpsw-switch 4a100000.switch: Detected MACID = 6c:ec:eb:68:de:78
[    0.919457] cpsw-switch 4a100000.switch: initialized (regs 0x4a100000, pool size 256) hw_ver:0019010C 1.12 (0)
[    0.930091] debugfs: Directory '49000000.dma' with parent 'dmaengine' already present!
[    0.930131] edma 49000000.dma: TI EDMA DMA engine driver
[    0.978357] target-module@4b000000:target-module@140000:pmu@0:fck: device ID is greater than 24
[    0.992657] hw perfevents: enabled with armv7_cortex_a8 PMU driver, 5 (8000000f) counters available
[    0.993589] gpio-clk clk_mcasp0: using DT '/clk_mcasp0' for 'enable' GPIO lookup
[    0.993657] of_get_named_gpiod_flags: parsed 'enable-gpios' property of node '/clk_mcasp0[0]' - status (0)
[    0.993700] gpio gpiochip0: Persistence not supported for GPIO 27
[    0.994513] gpiochip_find_base_unlocked: found new base at 608
[    0.994620] gpio gpiochip3: (gpio-96-127): created GPIO range 0->7 ==> 44e10800.pinmux PIN 82->89
[    0.994640] gpio gpiochip3: (gpio-96-127): created GPIO range 8->11 ==> 44e10800.pinmux PIN 52->55
[    0.994656] gpio gpiochip3: (gpio-96-127): created GPIO range 12->15 ==> 44e10800.pinmux PIN 94->97
[    0.994673] gpio gpiochip3: (gpio-96-127): created GPIO range 16->17 ==> 44e10800.pinmux PIN 71->72
[    0.994689] gpio gpiochip3: (gpio-96-127): created GPIO range 18->18 ==> 44e10800.pinmux PIN 135->135
[    0.994722] gpio gpiochip3: (gpio-96-127): created GPIO range 19->20 ==> 44e10800.pinmux PIN 108->109
[    0.994740] gpio gpiochip3: (gpio-96-127): created GPIO range 21->21 ==> 44e10800.pinmux PIN 73->73
[    0.994757] gpio gpiochip3: (gpio-96-127): created GPIO range 22->23 ==> 44e10800.pinmux PIN 8->9
[    0.994775] gpio gpiochip3: (gpio-96-127): created GPIO range 26->27 ==> 44e10800.pinmux PIN 10->11
[    0.994793] gpio gpiochip3: (gpio-96-127): created GPIO range 28->28 ==> 44e10800.pinmux PIN 74->74
[    0.994811] gpio gpiochip3: (gpio-96-127): created GPIO range 29->29 ==> 44e10800.pinmux PIN 81->81
[    0.994830] gpio gpiochip3: (gpio-96-127): created GPIO range 30->31 ==> 44e10800.pinmux PIN 28->29
[    1.000383] l3-aon-clkctrl:0000:0: failed to disable
[    1.000582] gpio gpiochip3: (gpio-96-127): added GPIO chardev (254:3)
[    1.000707] gpio gpiochip3: registered GPIOs 608 to 639 on gpio-96-127
[    1.002859] omap8250 44e09000.serial: using DT '/ocp/interconnect@44c00000/segment@200000/target-module@9000/serial@0' for 'rs485-term' GPIO lookup
[    1.002932] of_get_named_gpiod_flags: can't parse 'rs485-term-gpios' property of node '/ocp/interconnect@44c00000/segment@200000/target-module@9000/serial@0[0]'
[    1.002975] of_get_named_gpiod_flags: can't parse 'rs485-term-gpio' property of node '/ocp/interconnect@44c00000/segment@200000/target-module@9000/serial@0[0]'
[    1.003011] omap8250 44e09000.serial: using lookup tables for GPIO lookup
[    1.003021] omap8250 44e09000.serial: No GPIO consumer rs485-term found
[    1.003030] omap8250 44e09000.serial: using DT '/ocp/interconnect@44c00000/segment@200000/target-module@9000/serial@0' for 'rs485-rx-during-tx' GPIO lookup
[    1.003064] of_get_named_gpiod_flags: can't parse 'rs485-rx-during-tx-gpios' property of node '/ocp/interconnect@44c00000/segment@200000/target-module@9000/serial@0[0]'
[    1.003101] of_get_named_gpiod_flags: can't parse 'rs485-rx-during-tx-gpio' property of node '/ocp/interconnect@44c00000/segment@200000/target-module@9000/serial@0[0]'
[    1.003132] omap8250 44e09000.serial: using lookup tables for GPIO lookup
[    1.003140] omap8250 44e09000.serial: No GPIO consumer rs485-rx-during-tx found
[    1.003522] 44e09000.serial: ttyS0 at MMIO 0x44e09000 (irq = 34, base_baud = 3000000) is a 8250
[    1.003611] printk: legacy console [ttyS0] enabled
[    2.438031] i2c i2c-0: using DT '/ocp/interconnect@44c00000/segment@200000/target-module@b000/i2c@0' for 'scl' GPIO lookup
[    2.438121] of_get_named_gpiod_flags: can't parse 'scl-gpios' property of node '/ocp/interconnect@44c00000/segment@200000/target-module@b000/i2c@0[0]'
[    2.438170] of_get_named_gpiod_flags: can't parse 'scl-gpio' property of node '/ocp/interconnect@44c00000/segment@200000/target-module@b000/i2c@0[0]'
[    2.438210] i2c i2c-0: using lookup tables for GPIO lookup
[    2.438222] i2c i2c-0: No GPIO consumer scl found
[    2.438247] i2c i2c-0: using DT '/ocp/interconnect@44c00000/segment@200000/target-module@b000/i2c@0' for 'sda' GPIO lookup
[    2.438287] of_get_named_gpiod_flags: can't parse 'sda-gpios' property of node '/ocp/interconnect@44c00000/segment@200000/target-module@b000/i2c@0[0]'
[    2.438327] of_get_named_gpiod_flags: can't parse 'sda-gpio' property of node '/ocp/interconnect@44c00000/segment@200000/target-module@b000/i2c@0[0]'
[    2.438362] i2c i2c-0: using lookup tables for GPIO lookup
[    2.438374] i2c i2c-0: No GPIO consumer sda found
[    2.452214] tps65217-pmic: Failed to locate of_node [id: -1]
[    2.458259] tps65217-bl: Failed to locate of_node [id: -1]
[    2.469548] tps65217 0-0024: TPS65217 ID 0xe version 1.2
[    2.475673] /ocp/interconnect@48000000/segment@300000/target-module@e000/lcdc@0: Fixed dependency cycle(s) with /ocp/interconnect@44c00000/segment@200000/target-module@b000/i2c@0/tda19988@70
[    2.493046] /ocp/interconnect@44c00000/segment@200000/target-module@b000/i2c@0/tda19988@70: Fixed dependency cycle(s) with /ocp/interconnect@48000000/segment@300000/target-module@e000/lcdc@0
[    2.510400] omap_i2c 44e0b000.i2c: bus 0 rev0.11 at 400 kHz
[    2.518164] sdhci-omap 48060000.mmc: using DT '/ocp/interconnect@48000000/segment@0/target-module@60000/mmc@0' for 'cd' GPIO lookup
[    2.518274] of_get_named_gpiod_flags: parsed 'cd-gpios' property of node '/ocp/interconnect@48000000/segment@0/target-module@60000/mmc@0[0]' - status (0)
[    2.518339] gpio gpiochip3: Persistence not supported for GPIO 6
[    2.518362] omap_gpio 44e07000.gpio: Could not set line 6 debounce to 200000 microseconds (-22)
[    2.527245] sdhci-omap 48060000.mmc: Got CD GPIO
[    2.531927] sdhci-omap 48060000.mmc: using DT '/ocp/interconnect@48000000/segment@0/target-module@60000/mmc@0' for 'wp' GPIO lookup
[    2.531976] of_get_named_gpiod_flags: can't parse 'wp-gpios' property of node '/ocp/interconnect@48000000/segment@0/target-module@60000/mmc@0[0]'
[    2.532019] of_get_named_gpiod_flags: can't parse 'wp-gpio' property of node '/ocp/interconnect@48000000/segment@0/target-module@60000/mmc@0[0]'
[    2.532058] sdhci-omap 48060000.mmc: using lookup tables for GPIO lookup
[    2.532071] sdhci-omap 48060000.mmc: No GPIO consumer wp found
[    2.532278] sdhci-omap 48060000.mmc: supply pbias not found, using dummy regulator
[    2.540961] sdhci-omap 481d8000.mmc: using DT '/ocp/interconnect@48000000/segment@100000/target-module@d8000/mmc@0' for 'wp' GPIO lookup
[    2.541035] of_get_named_gpiod_flags: can't parse 'wp-gpios' property of node '/ocp/interconnect@48000000/segment@100000/target-module@d8000/mmc@0[0]'
[    2.541085] of_get_named_gpiod_flags: can't parse 'wp-gpio' property of node '/ocp/interconnect@48000000/segment@100000/target-module@d8000/mmc@0[0]'
[    2.541122] sdhci-omap 481d8000.mmc: using lookup tables for GPIO lookup
[    2.541135] sdhci-omap 481d8000.mmc: No GPIO consumer wp found
[    2.542516] sdhci-omap 48060000.mmc: supply vqmmc not found, using dummy regulator
[    2.551461] sdhci-omap 481d8000.mmc: supply pbias not found, using dummy regulator
[    2.559474] sdhci-omap 481d8000.mmc: supply vqmmc not found, using dummy regulator
[    2.598704] mmc1: SDHCI controller on 481d8000.mmc [481d8000.mmc] using External DMA
[    2.607222] mmc0: SDHCI controller on 48060000.mmc [48060000.mmc] using External DMA
[    2.616046] cpsw-switch 4a100000.switch: starting ndev. mode: dual_mac
[    2.660445] mmc0: new high speed SDHC card at address 5048
[    2.667519] mmcblk0: mmc0:5048 SD16G 14.4 GiB
[    2.675551]  mmcblk0: p1 p2
[    2.678919] mmcblk0: p2 size 31221760 extends beyond EOD, truncated
[    2.692492] SMSC LAN8710/LAN8720 4a101000.mdio:00: attached PHY driver (mii_bus:phy_addr=4a101000.mdio:00, irq=POLL)
[    2.704601] mmc1: new high speed MMC card at address 0001
[    2.711575] mmcblk1: mmc1:0001 MMC04G 3.60 GiB
[    2.723441]  mmcblk1: p1 p2
[    2.727691] mmcblk1boot0: mmc1:0001 MMC04G 2.00 MiB
[    2.734901] mmcblk1boot1: mmc1:0001 MMC04G 2.00 MiB
[    2.742202] mmcblk1rpmb: mmc1:0001 MMC04G 128 KiB, chardev (250:0)
[    5.842001] cpsw-switch 4a100000.switch eth0: Link is Up - 100Mbps/Full - flow control off
[    5.871249] IP-Config: Complete:
[    5.874524]      device=eth0, hwaddr=6c:ec:eb:68:de:78, ipaddr=192.168.255.1, mask=255.255.255.0, gw=255.255.255.255
[    5.885167]      host=bbb1, domain=, nis-domain=(none)
[    5.890333]      bootserver=192.168.255.126, rootserver=192.168.255.126, rootpath=
[    5.890733] clk: Disabling unused clocks
[    5.902601] PM: genpd: Disabling unused power domains
[    5.907715] KTAP version 1
[    5.910435] 1..0
[    5.938973] VFS: Mounted root (nfs filesystem) on device 0:17.
[    5.946218] devtmpfs: mounted
[    5.950685] Freeing unused kernel image (initmem) memory: 1024K
[    5.957493] Run /sbin/init as init process
[    5.961706]   with arguments:
[    5.961722]     /sbin/init
[    5.961733]     nfsrootdebug
[    5.961741]   with environment:
[    5.961750]     HOME=/
[    5.961758]     TERM=linux
[    6.659151] systemd[1]: System time before build time, advancing clock.
[    8.141252] random: crng init done
[    8.183436] systemd[1]: systemd 232 running in system mode. (+PAM +AUDIT +SELINUX +IMA +APPARMOR +SMACK +SYSVINIT +UTMP +LIBCRYPTSETUP +GCRYPT +GNUTLS +ACL +XZ +LZ4 +SECCOMP +BLKID +ELFUTILS +KMOD +IDN)
[    8.202430] systemd[1]: Detected architecture arm.
[    8.234549] systemd[1]: Set hostname to <arm>.
[    9.337141] systemd[1]: Set up automount Arbitrary Executable File Formats File System Automount Point.
[    9.372329] systemd[1]: Started Dispatch Password Requests to Console Directory Watch.
[    9.401607] systemd[1]: Reached target Swap.
[    9.423364] systemd[1]: Listening on Journal Socket.
[    9.452363] systemd[1]: Listening on Journal Audit Socket.
[    9.482025] systemd[1]: Listening on Journal Socket (/dev/log).
[    9.512802] systemd[1]: Created slice User and Session Slice.
[   11.806036] systemd-journald[90]: Received request to flush runtime journal from PID 1
[   14.510463] leds-gpio leds: using DT '/leds/led2' for '(default)' GPIO lookup
[   14.510570] of_get_named_gpiod_flags: parsed 'gpios' property of node '/leds/led2[0]' - status (0)
[   14.510628] gpio gpiochip0: Persistence not supported for GPIO 21
[   14.510642] gpio-533 (?): no flags found for GPIO (default)
[   14.631718] leds-gpio leds: using DT '/leds/led3' for '(default)' GPIO lookup
[   14.631830] of_get_named_gpiod_flags: parsed 'gpios' property of node '/leds/led3[0]' - status (0)
[   14.631888] gpio gpiochip0: Persistence not supported for GPIO 22
[   14.631904] gpio-534 (?): no flags found for GPIO (default)
[   14.641886] leds-gpio leds: using DT '/leds/led4' for '(default)' GPIO lookup
[   14.641988] of_get_named_gpiod_flags: parsed 'gpios' property of node '/leds/led4[0]' - status (0)
[   14.642042] gpio gpiochip0: Persistence not supported for GPIO 23
[   14.642056] gpio-535 (?): no flags found for GPIO (default)
[   14.661738] leds-gpio leds: using DT '/leds/led5' for '(default)' GPIO lookup
[   14.661844] of_get_named_gpiod_flags: parsed 'gpios' property of node '/leds/led5[0]' - status (0)
[   14.661895] gpio gpiochip0: Persistence not supported for GPIO 24
[   14.661910] gpio-536 (?): no flags found for GPIO (default)
[   14.903262] remoteproc remoteproc0: wkup_m3 is available
[   15.218961] omap_wdt: OMAP Watchdog Timer Rev 0x01: initial timeout 60 sec
[   15.275257] at24 2-0054: supply vcc not found, using dummy regulator
[   15.422232] at24 2-0055: supply vcc not found, using dummy regulator
[   15.513332] at24 2-0056: supply vcc not found, using dummy regulator
[   15.586372] tps6521x_pwrbutton tps65217-pwrbutton: DMA mask not set
[   15.631174] omap_rtc 44e3e000.rtc: registered as rtc0
[   15.636551] omap_rtc 44e3e000.rtc: setting system clock to 2000-01-01T00:00:01 UTC (946684801)
[   15.647090] omap_rtc 44e3e000.rtc: using DT '/ocp/interconnect@44c00000/segment@200000/target-module@3e000/rtc@0' for 'wp' GPIO lookup
[   15.647175] of_get_named_gpiod_flags: can't parse 'wp-gpios' property of node '/ocp/interconnect@44c00000/segment@200000/target-module@3e000/rtc@0[0]'
[   15.647226] of_get_named_gpiod_flags: can't parse 'wp-gpio' property of node '/ocp/interconnect@44c00000/segment@200000/target-module@3e000/rtc@0[0]'
[   15.647265] omap_rtc 44e3e000.rtc: using lookup tables for GPIO lookup
[   15.647279] omap_rtc 44e3e000.rtc: No GPIO consumer wp found
[   15.698545] at24 2-0057: supply vcc not found, using dummy regulator
[   15.725195] input: tps65217_pwrbutton as /devices/platform/ocp/44c00000.interconnect/44c00000.interconnect:segment@200000/44e0b000.target-module/44e0b000.i2c/i2c-0/0-0024/tps65217-pwrbutton/input/input0
[   15.769098] wkup_m3_ipc 44e11324.wkup_m3_ipc: IPC Request for A8->M3 Channel failed! -517
[   15.827653] at24 0-0050: using DT '/ocp/interconnect@44c00000/segment@200000/target-module@b000/i2c@0/eeprom@50' for 'wp' GPIO lookup
[   15.828039] of_get_named_gpiod_flags: can't parse 'wp-gpios' property of node '/ocp/interconnect@44c00000/segment@200000/target-module@b000/i2c@0/eeprom@50[0]'
[   15.828162] of_get_named_gpiod_flags: can't parse 'wp-gpio' property of node '/ocp/interconnect@44c00000/segment@200000/target-module@b000/i2c@0/eeprom@50[0]'
[   15.828277] at24 0-0050: using lookup tables for GPIO lookup
[   15.828332] at24 0-0050: No GPIO consumer wp found
[   15.828951] at24 0-0050: 32768 byte 24c256 EEPROM, writable, 1 bytes/write
[   15.839931] wkup_m3_ipc 44e11324.wkup_m3_ipc: IPC Request for A8->M3 Channel failed! -517
[   15.932903] wkup_m3_ipc 44e11324.wkup_m3_ipc: IPC Request for A8->M3 Channel failed! -517
[   16.554076] am335x-phy-driver 47401300.usb-phy: using DT '/ocp/target-module@47400000/usb-phy@1300' for 'reset' GPIO lookup
[   16.554173] of_get_named_gpiod_flags: can't parse 'reset-gpios' property of node '/ocp/target-module@47400000/usb-phy@1300[0]'
[   16.554218] of_get_named_gpiod_flags: can't parse 'reset-gpio' property of node '/ocp/target-module@47400000/usb-phy@1300[0]'
[   16.554256] am335x-phy-driver 47401300.usb-phy: using lookup tables for GPIO lookup
[   16.554270] am335x-phy-driver 47401300.usb-phy: No GPIO consumer reset found
[   16.554284] am335x-phy-driver 47401300.usb-phy: using DT '/ocp/target-module@47400000/usb-phy@1300' for 'vbus-detect' GPIO lookup
[   16.554314] of_get_named_gpiod_flags: can't parse 'vbus-detect-gpios' property of node '/ocp/target-module@47400000/usb-phy@1300[0]'
[   16.554345] of_get_named_gpiod_flags: can't parse 'vbus-detect-gpio' property of node '/ocp/target-module@47400000/usb-phy@1300[0]'
[   16.554371] am335x-phy-driver 47401300.usb-phy: using lookup tables for GPIO lookup
[   16.554383] am335x-phy-driver 47401300.usb-phy: No GPIO consumer vbus-detect found
[   16.554530] am335x-phy-driver 47401300.usb-phy: dummy supplies not allowed for exclusive requests (id=vbus)
[   16.683038] am335x-phy-driver 47401b00.usb-phy: using DT '/ocp/target-module@47400000/usb-phy@1b00' for 'reset' GPIO lookup
[   16.683131] of_get_named_gpiod_flags: can't parse 'reset-gpios' property of node '/ocp/target-module@47400000/usb-phy@1b00[0]'
[   16.683174] of_get_named_gpiod_flags: can't parse 'reset-gpio' property of node '/ocp/target-module@47400000/usb-phy@1b00[0]'
[   16.683213] am335x-phy-driver 47401b00.usb-phy: using lookup tables for GPIO lookup
[   16.683226] am335x-phy-driver 47401b00.usb-phy: No GPIO consumer reset found
[   16.683240] am335x-phy-driver 47401b00.usb-phy: using DT '/ocp/target-module@47400000/usb-phy@1b00' for 'vbus-detect' GPIO lookup
[   16.683270] of_get_named_gpiod_flags: can't parse 'vbus-detect-gpios' property of node '/ocp/target-module@47400000/usb-phy@1b00[0]'
[   16.683302] of_get_named_gpiod_flags: can't parse 'vbus-detect-gpio' property of node '/ocp/target-module@47400000/usb-phy@1b00[0]'
[   16.683327] am335x-phy-driver 47401b00.usb-phy: using lookup tables for GPIO lookup
[   16.683340] am335x-phy-driver 47401b00.usb-phy: No GPIO consumer vbus-detect found
[   16.683491] am335x-phy-driver 47401b00.usb-phy: dummy supplies not allowed for exclusive requests (id=vbus)
[   16.694749] wkup_m3_ipc 44e11324.wkup_m3_ipc: IPC Request for A8->M3 Channel failed! -517
[   16.719934] usbcore: registered new interface driver usbfs
[   16.725778] usbcore: registered new interface driver hub
[   16.731337] usbcore: registered new device driver usb
[   16.843009] wkup_m3_ipc 44e11324.wkup_m3_ipc: IPC Request for A8->M3 Channel failed! -517
[   17.402262] wkup_m3_ipc 44e11324.wkup_m3_ipc: IPC Request for A8->M3 Channel failed! -517
[   17.497284] omap-mailbox 480c8000.mailbox: omap mailbox rev 0x400
[   17.513266] musb-hdrc musb-hdrc.1: MUSB HDRC host driver
[   17.518697] musb-hdrc musb-hdrc.1: new USB bus registered, assigned bus number 1
[   17.542964] tda998x 0-0070: found TDA19988
[   17.601895] remoteproc remoteproc0: powering up wkup_m3
[   17.755962] usb usb1: New USB device found, idVendor=1d6b, idProduct=0002, bcdDevice= 6.14
[   17.766120] usb usb1: New USB device strings: Mfr=3, Product=2, SerialNumber=1
[   17.774134] usb usb1: Product: MUSB HDRC host driver
[   17.779140] usb usb1: Manufacturer: Linux 6.14.0-rc2-next-20250214 musb-hcd
[   17.786412] usb usb1: SerialNumber: musb-hdrc.1
[   17.891831] remoteproc remoteproc0: Direct firmware load for am335x-pm-firmware.elf failed with error -2
[   17.901559] remoteproc remoteproc0: request_firmware failed: -2
[   17.907522] wkup_m3_ipc 44e11324.wkup_m3_ipc: rproc_boot failed
[   18.189677] hub 1-0:1.0: USB hub found
[   18.255373] hub 1-0:1.0: 1 port detected
[   19.645884] omap_rng 48310000.rng: Random Number Generator ver. 20
[   19.775294] tilcdc 4830e000.lcdc: bound 0-0070 (ops tda998x_audio_codec_init [tda998x])
[   19.860436] [drm] Initialized tilcdc 1.0.0 for 4830e000.lcdc on minor 0
[   19.908419] tilcdc 4830e000.lcdc: [drm] Cannot find any crtc or sizes
[   19.919818] tilcdc 4830e000.lcdc: [drm] Cannot find any crtc or sizes
[   20.918819] PM: Cannot get wkup_m3_ipc handle
[   20.968572] omap-sham 53100000.sham: hw accel on OMAP rev 4.3
[   21.104891] omap-sham 53100000.sham: will run requests pump with realtime priority
[   21.119409] PM: Cannot get wkup_m3_ipc handle
[   21.157698] omap-aes 53500000.aes: OMAP AES hw accel rev: 3.2
[   21.286468] omap-aes 53500000.aes: will run requests pump with realtime priority
[   21.306662] PM: Cannot get wkup_m3_ipc handle
[   24.492243] Bluetooth: Core ver 2.22
[   24.496065] NET: Registered PF_BLUETOOTH protocol family
[   24.501616] Bluetooth: HCI device and connection manager initialized
[   24.508032] Bluetooth: HCI socket layer initialized
[   24.512992] Bluetooth: L2CAP socket layer initialized
[   24.518107] Bluetooth: SCO socket layer initialized
[   25.018986] tda998x 0-0070: using DT '/ocp/interconnect@44c00000/segment@200000/target-module@b000/i2c@0/tda19988@70' for 'nxp,calib' GPIO lookup
[   25.019139] of_get_named_gpiod_flags: parsed 'nxp,calib-gpios' property of node '/ocp/interconnect@44c00000/segment@200000/target-module@b000/i2c@0/tda19988@70[0]' - status (0)
[   25.019225] gpio gpiochip0: Persistence not supported for GPIO 25
[   25.019240] gpio-537 (nxp,calib): no flags found for GPIO nxp,calib
[   25.028446] gpio-537 (nxp,calib): gpiod_direction_output_nonotify: tried to set a GPIO tied to an IRQ as output
[   25.200932] PM: Cannot get wkup_m3_ipc handle
[   25.206994] asoc-simple-card sound: using DT '/sound' for 'simple-audio-card,hp-det' GPIO lookup
[   25.207070] of_get_named_gpiod_flags: can't parse 'simple-audio-card,hp-det-gpios' property of node '/sound[0]'
[   25.207104] of_get_named_gpiod_flags: can't parse 'simple-audio-card,hp-det-gpio' property of node '/sound[0]'
[   25.207129] asoc-simple-card sound: using lookup tables for GPIO lookup
[   25.207142] asoc-simple-card sound: No GPIO consumer simple-audio-card,hp-det found
[   25.207156] asoc-simple-card sound: using DT '/sound' for 'simple-audio-card,mic-det' GPIO lookup
[   25.207180] of_get_named_gpiod_flags: can't parse 'simple-audio-card,mic-det-gpios' property of node '/sound[0]'
[   25.207205] of_get_named_gpiod_flags: can't parse 'simple-audio-card,mic-det-gpio' property of node '/sound[0]'
[   25.207225] asoc-simple-card sound: using lookup tables for GPIO lookup
[   25.207236] asoc-simple-card sound: No GPIO consumer simple-audio-card,mic-det found
[   25.310820] tda9950 0-0034: TDA9950 CEC interface, hardware version 3.3
[   25.342312] PM: Cannot get wkup_m3_ipc handle
[   25.429104] PM: Cannot get wkup_m3_ipc handle
[   28.864905] userial_init: registered 8 ttyGS* devices
[   29.059574] rndis_register: configNr = 0
[   29.248958] udc musb-hdrc.0: binding gadget driver [g_multi]
[   29.249052] configfs-gadget.g_multi gadget.0: adding 'rndis'/63cf2bab to config 'c'/88c165e2
[   29.250154] configfs-gadget.g_multi gadget.0: HOST MAC 1c:ba:8c:a2:ed:6c
[   29.257127] configfs-gadget.g_multi gadget.0: MAC 1c:ba:8c:a2:ed:70
[   29.263540] rndis_set_param_medium: 0 0
[   29.263560] configfs-gadget.g_multi gadget.0: RNDIS: IN/ep1in OUT/ep1out NOTIFY/ep2in
[   29.263577] configfs-gadget.g_multi gadget.0: adding 'cdc_ethernet'/193ebf7d to config 'c'/88c165e2
[   29.264437] configfs-gadget.g_multi gadget.0: HOST MAC 1c:ba:8c:a2:ed:6c
[   29.271311] configfs-gadget.g_multi gadget.0: MAC 1c:ba:8c:a2:ed:6d
[   29.277648] configfs-gadget.g_multi gadget.0: CDC Ethernet: IN/ep3in OUT/ep2out NOTIFY/ep4in
[   29.277666] configfs-gadget.g_multi gadget.0: adding 'acm'/1ddc1664 to config 'c'/88c165e2
[   29.277699] configfs-gadget.g_multi gadget.0: acm ttyGS0: IN/ep5in OUT/ep3out NOTIFY/ep6in
[   29.285245] PM: Cannot get wkup_m3_ipc handle
[   31.602556] configfs-gadget.g_multi gadget.0: eth_open
[   35.236195] gs_open: ttyGS0 (032c3abd,fe40a4d2)
[   35.236332] gs_close: ttyGS0 (032c3abd,fe40a4d2) ...
[   35.236352] gs_close: ttyGS0 (032c3abd,fe40a4d2) done!
[   35.255713] gs_open: ttyGS0 (032c3abd,29c86ed6)
[   35.255862] gs_close: ttyGS0 (032c3abd,29c86ed6) ...
[   35.255885] gs_close: ttyGS0 (032c3abd,29c86ed6) done!
[   35.412360] gs_open: ttyGS0 (a76774a3,a842e78e)
[   35.412602] gs_close: ttyGS0 (a76774a3,a842e78e) ...
[   35.412629] gs_close: ttyGS0 (a76774a3,a842e78e) done!
[   35.415756] gs_open: ttyGS0 (a76774a3,92438278)
YTHXCHULVG 0
root@arm:~# echo 'MHLH''LTLYKW'
MHLHLTLYKW
root@arm:~# MARKER='XKQB''JFCNWZ' run 'modprobe test_linear_ranges'
XKQBJFCNWZXKQBJFCNWZ 0
root@arm:~# echo 'AGLE''KKSOHY'
AGLEKKSOHY
root@arm:~# MARKER='GLAA''PZEQLS' run dmesg
GLAAPZEQLS[    0.000000] Booting Linux on physical CPU 0x0
[    0.000000] Linux version 6.14.0-rc2-next-20250214 (user01@drvtest01) (arm-none-eabi-gcc (Arm GNU Toolchain 14.2.Rel1 (Build arm-14.52)) 14.2.1 20241119, GNU ld (Arm GNU Toolchain 14.2.Rel1 (Build arm-14.52)) 2.43.1.20241119) #1 SMP Fri Feb 14 12:37:18 EET 2025
[    0.000000] CPU: ARMv7 Processor [413fc082] revision 2 (ARMv7), cr=10c5387d
[    0.000000] CPU: PIPT / VIPT nonaliasing data cache, VIPT aliasing instruction cache
[    0.000000] OF: fdt: Machine model: TI AM335x BeagleBone Black
[    0.000000] Memory policy: Data cache writeback
[    0.000000] cma: Reserved 16 MiB at 0x9e800000 on node -1
[    0.000000] Zone ranges:
[    0.000000]   Normal   [mem 0x0000000080000000-0x000000009fdfffff]
[    0.000000]   HighMem  empty
[    0.000000] Movable zone start for each node
[    0.000000] Early memory node ranges
[    0.000000]   node   0: [mem 0x0000000080000000-0x000000009fdfffff]
[    0.000000] Initmem setup node 0 [mem 0x0000000080000000-0x000000009fdfffff]
[    0.000000] OF: reserved mem: Reserved memory: No reserved-memory node in the DT
[    0.000000] CPU: All CPU(s) started in SVC mode.
[    0.000000] AM335X ES2.1 (sgx neon)
[    0.000000] percpu: Embedded 17 pages/cpu s39628 r8192 d21812 u69632
[    0.000000] pcpu-alloc: s39628 r8192 d21812 u69632 alloc=17*4096
[    0.000000] pcpu-alloc: [0] 0 
[    0.000000] Kernel command line: console=ttyO0,115200n8 root=/dev/nfs rw nfsroot=192.168.255.126:/home/user01/nfs,nfsvers=3 ip=192.168.255.1:192.168.255.126::255.255.255.0:bbb1:eth0 nfsrootdebug
[    0.000000] Unknown kernel command line parameters "nfsrootdebug", will be passed to user space.
[    0.000000] printk: log buffer data + meta data: 65536 + 204800 = 270336 bytes
[    0.000000] Dentry cache hash table entries: 65536 (order: 6, 262144 bytes, linear)
[    0.000000] Inode-cache hash table entries: 32768 (order: 5, 131072 bytes, linear)
[    0.000000] Built 1 zonelists, mobility grouping on.  Total pages: 130560
[    0.000000] mem auto-init: stack:off, heap alloc:off, heap free:off
[    0.000000] SLUB: HWalign=16, Order=0-3, MinObjects=0, CPUs=1, Nodes=1
[    0.000000] rcu: Hierarchical RCU implementation.
[    0.000000] rcu: 	RCU event tracing is enabled.
[    0.000000] rcu: 	RCU restricting CPUs from NR_CPUS=2 to nr_cpu_ids=1.
[    0.000000] 	Tracing variant of Tasks RCU enabled.
[    0.000000] rcu: RCU calculated value of scheduler-enlistment delay is 10 jiffies.
[    0.000000] rcu: Adjusting geometry for rcu_fanout_leaf=16, nr_cpu_ids=1
[    0.000000] RCU Tasks Trace: Setting shift to 0 and lim to 1 rcu_task_cb_adjust=1 rcu_task_cpu_ids=1.
[    0.000000] NR_IRQS: 16, nr_irqs: 16, preallocated irqs: 16
[    0.000000] IRQ: Found an INTC at 0x(ptrval) (revision 5.0) with 128 interrupts
[    0.000000] rcu: srcu_init: Setting srcu_struct sizes based on contention.
[    0.000000] TI gptimer clocksource: always-on /ocp/interconnect@44c00000/segment@200000/target-module@31000
[    0.000003] sched_clock: 32 bits at 24MHz, resolution 41ns, wraps every 89478484971ns
[    0.000026] clocksource: dmtimer: mask: 0xffffffff max_cycles: 0xffffffff, max_idle_ns: 79635851949 ns
[    0.000503] TI gptimer clockevent: 24000000 Hz at /ocp/interconnect@48000000/segment@0/target-module@40000
[    0.002134] Console: colour dummy device 80x30
[    0.002196] WARNING: Your 'console=ttyO0' has been replaced by 'ttyS0'
[    0.002204] This ensures that you still see kernel messages. Please
[    0.002208] update your kernel commandline.
[    0.002249] Calibrating delay loop... 996.14 BogoMIPS (lpj=4980736)
[    0.090614] CPU: Testing write buffer coherency: ok
[    0.090696] CPU0: Spectre v2: using BPIALL workaround
[    0.090706] pid_max: default: 32768 minimum: 301
[    0.090868] LSM: initializing lsm=capability
[    0.091043] Mount-cache hash table entries: 1024 (order: 0, 4096 bytes, linear)
[    0.091061] Mountpoint-cache hash table entries: 1024 (order: 0, 4096 bytes, linear)
[    0.092644] CPU0: thread -1, cpu 0, socket -1, mpidr 0
[    0.092701] cacheinfo: Unable to detect cache hierarchy for CPU 0
[    0.160738] Setting up static identity map for 0x80100000 - 0x80100078
[    0.170693] rcu: Hierarchical SRCU implementation.
[    0.170704] rcu: 	Max phase no-delay instances is 1000.
[    0.190745] smp: Bringing up secondary CPUs ...
[    0.190799] smp: Brought up 1 node, 1 CPU
[    0.190813] SMP: Total of 1 processors activated (996.14 BogoMIPS).
[    0.190824] CPU: All CPU(s) started in SVC mode.
[    0.190992] Memory: 480848K/522240K available (11264K kernel code, 1213K rwdata, 2896K rodata, 1024K init, 288K bss, 23380K reserved, 16384K cma-reserved, 0K highmem)
[    0.191834] devtmpfs: initialized
[    0.208286] VFP support v0.3: implementor 41 architecture 3 part 30 variant c rev 3
[    0.208914] clocksource: jiffies: mask: 0xffffffff max_cycles: 0xffffffff, max_idle_ns: 19112604462750000 ns
[    0.208954] futex hash table entries: 256 (order: 2, 16384 bytes, linear)
[    0.210281] pinctrl core: initialized pinctrl subsystem
[    0.213199] NET: Registered PF_NETLINK/PF_ROUTE protocol family
[    0.215977] DMA: preallocated 256 KiB pool for atomic coherent allocations
[    0.216870] audit: initializing netlink subsys (disabled)
[    0.218216] thermal_sys: Registered thermal governor 'fair_share'
[    0.218231] thermal_sys: Registered thermal governor 'step_wise'
[    0.218240] thermal_sys: Registered thermal governor 'user_space'
[    0.218380] audit: type=2000 audit(0.210:1): state=initialized audit_enabled=0 res=1
[    0.218413] cpuidle: using governor menu
[    0.236379] /ocp/interconnect@44c00000/segment@200000/target-module@b000/i2c@0/tda19988@70: Fixed dependency cycle(s) with /ocp/interconnect@48000000/segment@300000/target-module@e000/lcdc@0
[    0.237506] /ocp/interconnect@48000000/segment@300000/target-module@e000/lcdc@0: Fixed dependency cycle(s) with /ocp/interconnect@44c00000/segment@200000/target-module@b000/i2c@0/tda19988@70
[    0.239670] No ATAGs?
[    0.239714] hw-breakpoint: debug architecture 0x4 unsupported.
[    0.242639] kprobes: kprobe jump-optimization is enabled. All kprobes are optimized if possible.
[    0.254331] iommu: Default domain type: Translated
[    0.254354] iommu: DMA domain TLB invalidation policy: strict mode
[    0.261588] reg-fixed-voltage fixedregulator0: using DT '/fixedregulator0' for '(default)' GPIO lookup
[    0.261644] of_get_named_gpiod_flags: can't parse 'gpios' property of node '/fixedregulator0[0]'
[    0.261673] of_get_named_gpiod_flags: can't parse 'gpio' property of node '/fixedregulator0[0]'
[    0.261691] reg-fixed-voltage fixedregulator0: using lookup tables for GPIO lookup
[    0.261701] reg-fixed-voltage fixedregulator0: No GPIO consumer (default) found
[    0.262726] SCSI subsystem initialized
[    0.263193] libata version 3.00 loaded.
[    0.263550] pps_core: LinuxPPS API ver. 1 registered
[    0.263559] pps_core: Software ver. 5.3.6 - Copyright 2005-2007 Rodolfo Giometti <giometti@linux.it>
[    0.263583] PTP clock support registered
[    0.270875] vgaarb: loaded
[    0.271230] clocksource: Switched to clocksource dmtimer
[    0.271905] VFS: Disk quotas dquot_6.6.0
[    0.271964] VFS: Dquot-cache hash table entries: 1024 (order 0, 4096 bytes)
[    0.295054] NET: Registered PF_INET protocol family
[    0.295398] IP idents hash table entries: 8192 (order: 4, 65536 bytes, linear)
[    0.296816] tcp_listen_portaddr_hash hash table entries: 512 (order: 0, 4096 bytes, linear)
[    0.296852] Table-perturb hash table entries: 65536 (order: 6, 262144 bytes, linear)
[    0.296870] TCP established hash table entries: 4096 (order: 2, 16384 bytes, linear)
[    0.296912] TCP bind hash table entries: 4096 (order: 4, 65536 bytes, linear)
[    0.297013] TCP: Hash tables configured (established 4096 bind 4096)
[    0.297134] UDP hash table entries: 256 (order: 1, 14336 bytes, linear)
[    0.297171] UDP-Lite hash table entries: 256 (order: 1, 14336 bytes, linear)
[    0.297352] NET: Registered PF_UNIX/PF_LOCAL protocol family
[    0.301965] RPC: Registered named UNIX socket transport module.
[    0.301989] RPC: Registered udp transport module.
[    0.301994] RPC: Registered tcp transport module.
[    0.301999] RPC: Registered tcp-with-tls transport module.
[    0.302004] RPC: Registered tcp NFSv4.1 backchannel transport module.
[    0.302028] PCI: CLS 0 bytes, default 64
[    0.303419] Initialise system trusted keyrings
[    0.304572] workingset: timestamp_bits=14 max_order=17 bucket_order=3
[    0.305918] NFS: Registering the id_resolver key type
[    0.306050] Key type id_resolver registered
[    0.306058] Key type id_legacy registered
[    0.306168] jffs2: version 2.2. (NAND) (SUMMARY)  Â© 2001-2006 Red Hat, Inc.
[    0.306659] Key type asymmetric registered
[    0.306674] Asymmetric key parser 'x509' registered
[    0.306738] io scheduler mq-deadline registered
[    0.306749] io scheduler kyber registered
[    0.306817] io scheduler bfq registered
[    0.313061] ledtrig-cpu: registered to indicate activity on CPUs
[    0.321636] Serial: 8250/16550 driver, 6 ports, IRQ sharing enabled
[    0.364777] brd: module loaded
[    0.387143] loop: module loaded
[    0.388054] mtdoops: mtd device (mtddev=name/number) must be supplied
[    0.389751] mdio_bus fixed-0: using lookup tables for GPIO lookup
[    0.389776] mdio_bus fixed-0: No GPIO consumer reset found
[    0.391099] i2c_dev: i2c /dev entries driver
[    0.392213] cpuidle: enable-method property 'ti,am3352' found operations
[    0.392656] sdhci: Secure Digital Host Controller Interface driver
[    0.392664] sdhci: Copyright(c) Pierre Ossman
[    0.392837] sdhci-pltfm: SDHCI platform and OF driver helper
[    0.393829] Initializing XFRM netlink socket
[    0.394000] NET: Registered PF_INET6 protocol family
[    0.395996] Segment Routing with IPv6
[    0.396081] In-situ OAM (IOAM) with IPv6
[    0.396183] sit: IPv6, IPv4 and MPLS over IPv4 tunneling driver
[    0.397122] NET: Registered PF_PACKET protocol family
[    0.397154] NET: Registered PF_KEY protocol family
[    0.397276] Key type dns_resolver registered
[    0.397504] ThumbEE CPU extension supported.
[    0.397524] Registering SWP/SWPB emulation handler
[    0.398069] omap_voltage_late_init: Voltage driver support not added
[    0.398428] SmartReflex Class3 initialized
[    0.442899] Loading compiled-in X.509 certificates
[    0.484843] /ocp/interconnect@44c00000/segment@200000/target-module@b000/i2c@0/tda19988@70: Fixed dependency cycle(s) with /ocp/interconnect@48000000/segment@300000/target-module@e000/lcdc@0
[    0.491071] /ocp/interconnect@44c00000/segment@200000/target-module@b000/i2c@0/tda19988@70: Fixed dependency cycle(s) with /ocp/interconnect@48000000/segment@300000/target-module@e000/lcdc@0
[    0.496650] gpiochip_find_base_unlocked: found new base at 512
[    0.520976] /ocp/interconnect@44c00000/segment@200000/target-module@b000/i2c@0/tda19988@70: Fixed dependency cycle(s) with /ocp/interconnect@48000000/segment@300000/target-module@e000/lcdc@0
[    0.522120] /ocp/interconnect@44c00000/segment@200000/target-module@b000/i2c@0/tda19988@70: Fixed dependency cycle(s) with /ocp/interconnect@48000000/segment@300000/target-module@e000/lcdc@0
[    0.525527] /ocp/interconnect@44c00000/segment@200000/target-module@10000/scm@0/pinmux@800: Fixed dependency cycle(s) with /ocp/interconnect@44c00000/segment@200000/target-module@10000/scm@0/pinmux@800/clkout2-pins
[    0.526117] pinctrl-single 44e10800.pinmux: 142 pins, size 568
[    0.531189] ti-sysc 44e31000.target-module: probe with driver ti-sysc failed with error -16
[    0.557487] /ocp/interconnect@48000000/segment@300000/target-module@e000/lcdc@0: Fixed dependency cycle(s) with /ocp/interconnect@44c00000/segment@200000/target-module@b000/i2c@0/tda19988@70
[    0.565588] ti-sysc 48040000.target-module: probe with driver ti-sysc failed with error -16
[    0.576759] gpiochip_find_base_unlocked: found new base at 512
[    0.576861] gpio gpiochip0: (gpio-0-31): created GPIO range 0->7 ==> 44e10800.pinmux PIN 0->7
[    0.576883] gpio gpiochip0: (gpio-0-31): created GPIO range 8->11 ==> 44e10800.pinmux PIN 90->93
[    0.576899] gpio gpiochip0: (gpio-0-31): created GPIO range 12->27 ==> 44e10800.pinmux PIN 12->27
[    0.576915] gpio gpiochip0: (gpio-0-31): created GPIO range 28->31 ==> 44e10800.pinmux PIN 30->33
[    0.622379] gpio gpiochip0: (gpio-0-31): added GPIO chardev (254:0)
[    0.622539] gpio gpiochip0: registered GPIOs 512 to 543 on gpio-0-31
[    0.622622] OMAP GPIO hardware version 0.1
[    0.650222] i2c i2c-2: using DT '/ocp/interconnect@48000000/segment@100000/target-module@9c000/i2c@0' for 'scl' GPIO lookup
[    0.650296] of_get_named_gpiod_flags: can't parse 'scl-gpios' property of node '/ocp/interconnect@48000000/segment@100000/target-module@9c000/i2c@0[0]'
[    0.650337] of_get_named_gpiod_flags: can't parse 'scl-gpio' property of node '/ocp/interconnect@48000000/segment@100000/target-module@9c000/i2c@0[0]'
[    0.650373] i2c i2c-2: using lookup tables for GPIO lookup
[    0.650383] i2c i2c-2: No GPIO consumer scl found
[    0.650405] i2c i2c-2: using DT '/ocp/interconnect@48000000/segment@100000/target-module@9c000/i2c@0' for 'sda' GPIO lookup
[    0.650440] of_get_named_gpiod_flags: can't parse 'sda-gpios' property of node '/ocp/interconnect@48000000/segment@100000/target-module@9c000/i2c@0[0]'
[    0.650476] of_get_named_gpiod_flags: can't parse 'sda-gpio' property of node '/ocp/interconnect@48000000/segment@100000/target-module@9c000/i2c@0[0]'
[    0.650506] i2c i2c-2: using lookup tables for GPIO lookup
[    0.650514] i2c i2c-2: No GPIO consumer sda found
[    0.651388] omap_i2c 4819c000.i2c: bus 2 rev0.11 at 100 kHz
[    0.656793] gpiochip_find_base_unlocked: found new base at 544
[    0.656896] gpio gpiochip1: (gpio-32-63): created GPIO range 0->17 ==> 44e10800.pinmux PIN 34->51
[    0.656924] gpio gpiochip1: (gpio-32-63): created GPIO range 18->21 ==> 44e10800.pinmux PIN 77->80
[    0.656942] gpio gpiochip1: (gpio-32-63): created GPIO range 22->31 ==> 44e10800.pinmux PIN 56->65
[    0.675240] gpio gpiochip1: (gpio-32-63): added GPIO chardev (254:1)
[    0.675396] gpio gpiochip1: registered GPIOs 544 to 575 on gpio-32-63
[    0.677591] gpiochip_find_base_unlocked: found new base at 576
[    0.677683] gpio gpiochip2: (gpio-64-95): created GPIO range 0->4 ==> 44e10800.pinmux PIN 66->70
[    0.677703] gpio gpiochip2: (gpio-64-95): created GPIO range 5->6 ==> 44e10800.pinmux PIN 98->99
[    0.677720] gpio gpiochip2: (gpio-64-95): created GPIO range 7->8 ==> 44e10800.pinmux PIN 75->76
[    0.677736] gpio gpiochip2: (gpio-64-95): created GPIO range 13->13 ==> 44e10800.pinmux PIN 141->141
[    0.677753] gpio gpiochip2: (gpio-64-95): created GPIO range 14->21 ==> 44e10800.pinmux PIN 100->107
[    0.685542] gpio gpiochip2: (gpio-64-95): added GPIO chardev (254:2)
[    0.685694] gpio gpiochip2: registered GPIOs 576 to 607 on gpio-64-95
[    0.691140] 48000000.interconnect:segment@200000:target-module@0:mpu@0:fck: device ID is greater than 24
[    0.692189] /ocp/interconnect@48000000/segment@300000/target-module@e000/lcdc@0: Fixed dependency cycle(s) with /ocp/interconnect@44c00000/segment@200000/target-module@b000/i2c@0/tda19988@70
[    0.694941] /ocp/interconnect@48000000/segment@300000/target-module@e000/lcdc@0: Fixed dependency cycle(s) with /ocp/interconnect@44c00000/segment@200000/target-module@b000/i2c@0/tda19988@70
[    0.695619] /ocp/interconnect@44c00000/segment@200000/target-module@b000/i2c@0/tda19988@70: Fixed dependency cycle(s) with /ocp/interconnect@48000000/segment@300000/target-module@e000/lcdc@0
[    0.695784] /ocp/interconnect@48000000/segment@300000/target-module@e000/lcdc@0: Fixed dependency cycle(s) with /ocp/interconnect@44c00000/segment@200000/target-module@b000/i2c@0/tda19988@70
[    0.705186] mdio_bus 4a101000.mdio: using DT '/ocp/interconnect@4a000000/segment@0/target-module@100000/switch@0/mdio@1000' for 'reset' GPIO lookup
[    0.705259] of_get_named_gpiod_flags: can't parse 'reset-gpios' property of node '/ocp/interconnect@4a000000/segment@0/target-module@100000/switch@0/mdio@1000[0]'
[    0.705306] of_get_named_gpiod_flags: can't parse 'reset-gpio' property of node '/ocp/interconnect@4a000000/segment@0/target-module@100000/switch@0/mdio@1000[0]'
[    0.705353] mdio_bus 4a101000.mdio: using lookup tables for GPIO lookup
[    0.705362] mdio_bus 4a101000.mdio: No GPIO consumer reset found
[    0.706263] sdhci-omap 481d8000.mmc: using DT '/ocp/interconnect@48000000/segment@100000/target-module@d8000/mmc@0' for 'wp' GPIO lookup
[    0.706321] of_get_named_gpiod_flags: can't parse 'wp-gpios' property of node '/ocp/interconnect@48000000/segment@100000/target-module@d8000/mmc@0[0]'
[    0.706364] of_get_named_gpiod_flags: can't parse 'wp-gpio' property of node '/ocp/interconnect@48000000/segment@100000/target-module@d8000/mmc@0[0]'
[    0.706398] sdhci-omap 481d8000.mmc: using lookup tables for GPIO lookup
[    0.706407] sdhci-omap 481d8000.mmc: No GPIO consumer wp found
[    0.706600] sdhci-omap 481d8000.mmc: supply pbias not found, using dummy regulator
[    0.707090] sdhci-omap 481d8000.mmc: supply vqmmc not found, using dummy regulator
[    0.769962] davinci_mdio 4a101000.mdio: davinci mdio revision 1.6, bus freq 1000000
[    0.784882] mdio_bus 4a101000.mdio:00: using DT '/ocp/interconnect@4a000000/segment@0/target-module@100000/switch@0/mdio@1000/ethernet-phy@0' for 'reset' GPIO lookup
[    0.784986] of_get_named_gpiod_flags: parsed 'reset-gpios' property of node '/ocp/interconnect@4a000000/segment@0/target-module@100000/switch@0/mdio@1000/ethernet-phy@0[0]' - status (0)
[    0.785148] gpio gpiochip0: Persistence not supported for GPIO 8
[    0.916625] davinci_mdio 4a101000.mdio: phy[0]: device 4a101000.mdio:00, driver SMSC LAN8710/LAN8720
[    0.917417] cpsw-switch 4a100000.switch: initialized cpsw ale version 1.4
[    0.917440] cpsw-switch 4a100000.switch: ALE Table size 1024, Policers 0
[    0.917586] cpsw-switch 4a100000.switch: cpts: overflow check period 500 (jiffies)
[    0.917604] cpsw-switch 4a100000.switch: CPTS: ref_clk_freq:250000000 calc_mult:2147483648 calc_shift:29 error:0 nsec/sec
[    0.917713] cpsw-switch 4a100000.switch: Detected MACID = 6c:ec:eb:68:de:78
[    0.919457] cpsw-switch 4a100000.switch: initialized (regs 0x4a100000, pool size 256) hw_ver:0019010C 1.12 (0)
[    0.930091] debugfs: Directory '49000000.dma' with parent 'dmaengine' already present!
[    0.930131] edma 49000000.dma: TI EDMA DMA engine driver
[    0.978357] target-module@4b000000:target-module@140000:pmu@0:fck: device ID is greater than 24
[    0.992657] hw perfevents: enabled with armv7_cortex_a8 PMU driver, 5 (8000000f) counters available
[    0.993589] gpio-clk clk_mcasp0: using DT '/clk_mcasp0' for 'enable' GPIO lookup
[    0.993657] of_get_named_gpiod_flags: parsed 'enable-gpios' property of node '/clk_mcasp0[0]' - status (0)
[    0.993700] gpio gpiochip0: Persistence not supported for GPIO 27
[    0.994513] gpiochip_find_base_unlocked: found new base at 608
[    0.994620] gpio gpiochip3: (gpio-96-127): created GPIO range 0->7 ==> 44e10800.pinmux PIN 82->89
[    0.994640] gpio gpiochip3: (gpio-96-127): created GPIO range 8->11 ==> 44e10800.pinmux PIN 52->55
[    0.994656] gpio gpiochip3: (gpio-96-127): created GPIO range 12->15 ==> 44e10800.pinmux PIN 94->97
[    0.994673] gpio gpiochip3: (gpio-96-127): created GPIO range 16->17 ==> 44e10800.pinmux PIN 71->72
[    0.994689] gpio gpiochip3: (gpio-96-127): created GPIO range 18->18 ==> 44e10800.pinmux PIN 135->135
[    0.994722] gpio gpiochip3: (gpio-96-127): created GPIO range 19->20 ==> 44e10800.pinmux PIN 108->109
[    0.994740] gpio gpiochip3: (gpio-96-127): created GPIO range 21->21 ==> 44e10800.pinmux PIN 73->73
[    0.994757] gpio gpiochip3: (gpio-96-127): created GPIO range 22->23 ==> 44e10800.pinmux PIN 8->9
[    0.994775] gpio gpiochip3: (gpio-96-127): created GPIO range 26->27 ==> 44e10800.pinmux PIN 10->11
[    0.994793] gpio gpiochip3: (gpio-96-127): created GPIO range 28->28 ==> 44e10800.pinmux PIN 74->74
[    0.994811] gpio gpiochip3: (gpio-96-127): created GPIO range 29->29 ==> 44e10800.pinmux PIN 81->81
[    0.994830] gpio gpiochip3: (gpio-96-127): created GPIO range 30->31 ==> 44e10800.pinmux PIN 28->29
[    1.000383] l3-aon-clkctrl:0000:0: failed to disable
[    1.000582] gpio gpiochip3: (gpio-96-127): added GPIO chardev (254:3)
[    1.000707] gpio gpiochip3: registered GPIOs 608 to 639 on gpio-96-127
[    1.002859] omap8250 44e09000.serial: using DT '/ocp/interconnect@44c00000/segment@200000/target-module@9000/serial@0' for 'rs485-term' GPIO lookup
[    1.002932] of_get_named_gpiod_flags: can't parse 'rs485-term-gpios' property of node '/ocp/interconnect@44c00000/segment@200000/target-module@9000/serial@0[0]'
[    1.002975] of_get_named_gpiod_flags: can't parse 'rs485-term-gpio' property of node '/ocp/interconnect@44c00000/segment@200000/target-module@9000/serial@0[0]'
[    1.003011] omap8250 44e09000.serial: using lookup tables for GPIO lookup
[    1.003021] omap8250 44e09000.serial: No GPIO consumer rs485-term found
[    1.003030] omap8250 44e09000.serial: using DT '/ocp/interconnect@44c00000/segment@200000/target-module@9000/serial@0' for 'rs485-rx-during-tx' GPIO lookup
[    1.003064] of_get_named_gpiod_flags: can't parse 'rs485-rx-during-tx-gpios' property of node '/ocp/interconnect@44c00000/segment@200000/target-module@9000/serial@0[0]'
[    1.003101] of_get_named_gpiod_flags: can't parse 'rs485-rx-during-tx-gpio' property of node '/ocp/interconnect@44c00000/segment@200000/target-module@9000/serial@0[0]'
[    1.003132] omap8250 44e09000.serial: using lookup tables for GPIO lookup
[    1.003140] omap8250 44e09000.serial: No GPIO consumer rs485-rx-during-tx found
[    1.003522] 44e09000.serial: ttyS0 at MMIO 0x44e09000 (irq = 34, base_baud = 3000000) is a 8250
[    1.003611] printk: legacy console [ttyS0] enabled
[    2.438031] i2c i2c-0: using DT '/ocp/interconnect@44c00000/segment@200000/target-module@b000/i2c@0' for 'scl' GPIO lookup
[    2.438121] of_get_named_gpiod_flags: can't parse 'scl-gpios' property of node '/ocp/interconnect@44c00000/segment@200000/target-module@b000/i2c@0[0]'
[    2.438170] of_get_named_gpiod_flags: can't parse 'scl-gpio' property of node '/ocp/interconnect@44c00000/segment@200000/target-module@b000/i2c@0[0]'
[    2.438210] i2c i2c-0: using lookup tables for GPIO lookup
[    2.438222] i2c i2c-0: No GPIO consumer scl found
[    2.438247] i2c i2c-0: using DT '/ocp/interconnect@44c00000/segment@200000/target-module@b000/i2c@0' for 'sda' GPIO lookup
[    2.438287] of_get_named_gpiod_flags: can't parse 'sda-gpios' property of node '/ocp/interconnect@44c00000/segment@200000/target-module@b000/i2c@0[0]'
[    2.438327] of_get_named_gpiod_flags: can't parse 'sda-gpio' property of node '/ocp/interconnect@44c00000/segment@200000/target-module@b000/i2c@0[0]'
[    2.438362] i2c i2c-0: using lookup tables for GPIO lookup
[    2.438374] i2c i2c-0: No GPIO consumer sda found
[    2.452214] tps65217-pmic: Failed to locate of_node [id: -1]
[    2.458259] tps65217-bl: Failed to locate of_node [id: -1]
[    2.469548] tps65217 0-0024: TPS65217 ID 0xe version 1.2
[    2.475673] /ocp/interconnect@48000000/segment@300000/target-module@e000/lcdc@0: Fixed dependency cycle(s) with /ocp/interconnect@44c00000/segment@200000/target-module@b000/i2c@0/tda19988@70
[    2.493046] /ocp/interconnect@44c00000/segment@200000/target-module@b000/i2c@0/tda19988@70: Fixed dependency cycle(s) with /ocp/interconnect@48000000/segment@300000/target-module@e000/lcdc@0
[    2.510400] omap_i2c 44e0b000.i2c: bus 0 rev0.11 at 400 kHz
[    2.518164] sdhci-omap 48060000.mmc: using DT '/ocp/interconnect@48000000/segment@0/target-module@60000/mmc@0' for 'cd' GPIO lookup
[    2.518274] of_get_named_gpiod_flags: parsed 'cd-gpios' property of node '/ocp/interconnect@48000000/segment@0/target-module@60000/mmc@0[0]' - status (0)
[    2.518339] gpio gpiochip3: Persistence not supported for GPIO 6
[    2.518362] omap_gpio 44e07000.gpio: Could not set line 6 debounce to 200000 microseconds (-22)
[    2.527245] sdhci-omap 48060000.mmc: Got CD GPIO
[    2.531927] sdhci-omap 48060000.mmc: using DT '/ocp/interconnect@48000000/segment@0/target-module@60000/mmc@0' for 'wp' GPIO lookup
[    2.531976] of_get_named_gpiod_flags: can't parse 'wp-gpios' property of node '/ocp/interconnect@48000000/segment@0/target-module@60000/mmc@0[0]'
[    2.532019] of_get_named_gpiod_flags: can't parse 'wp-gpio' property of node '/ocp/interconnect@48000000/segment@0/target-module@60000/mmc@0[0]'
[    2.532058] sdhci-omap 48060000.mmc: using lookup tables for GPIO lookup
[    2.532071] sdhci-omap 48060000.mmc: No GPIO consumer wp found
[    2.532278] sdhci-omap 48060000.mmc: supply pbias not found, using dummy regulator
[    2.540961] sdhci-omap 481d8000.mmc: using DT '/ocp/interconnect@48000000/segment@100000/target-module@d8000/mmc@0' for 'wp' GPIO lookup
[    2.541035] of_get_named_gpiod_flags: can't parse 'wp-gpios' property of node '/ocp/interconnect@48000000/segment@100000/target-module@d8000/mmc@0[0]'
[    2.541085] of_get_named_gpiod_flags: can't parse 'wp-gpio' property of node '/ocp/interconnect@48000000/segment@100000/target-module@d8000/mmc@0[0]'
[    2.541122] sdhci-omap 481d8000.mmc: using lookup tables for GPIO lookup
[    2.541135] sdhci-omap 481d8000.mmc: No GPIO consumer wp found
[    2.542516] sdhci-omap 48060000.mmc: supply vqmmc not found, using dummy regulator
[    2.551461] sdhci-omap 481d8000.mmc: supply pbias not found, using dummy regulator
[    2.559474] sdhci-omap 481d8000.mmc: supply vqmmc not found, using dummy regulator
[    2.598704] mmc1: SDHCI controller on 481d8000.mmc [481d8000.mmc] using External DMA
[    2.607222] mmc0: SDHCI controller on 48060000.mmc [48060000.mmc] using External DMA
[    2.616046] cpsw-switch 4a100000.switch: starting ndev. mode: dual_mac
[    2.660445] mmc0: new high speed SDHC card at address 5048
[    2.667519] mmcblk0: mmc0:5048 SD16G 14.4 GiB
[    2.675551]  mmcblk0: p1 p2
[    2.678919] mmcblk0: p2 size 31221760 extends beyond EOD, truncated
[    2.692492] SMSC LAN8710/LAN8720 4a101000.mdio:00: attached PHY driver (mii_bus:phy_addr=4a101000.mdio:00, irq=POLL)
[    2.704601] mmc1: new high speed MMC card at address 0001
[    2.711575] mmcblk1: mmc1:0001 MMC04G 3.60 GiB
[    2.723441]  mmcblk1: p1 p2
[    2.727691] mmcblk1boot0: mmc1:0001 MMC04G 2.00 MiB
[    2.734901] mmcblk1boot1: mmc1:0001 MMC04G 2.00 MiB
[    2.742202] mmcblk1rpmb: mmc1:0001 MMC04G 128 KiB, chardev (250:0)
