Labgrid Console Logfile for main
Logfile started at 2025-10-29 05:30:03.070804
=== Log starts here ===
reading args
spl_load_image_fat_os: error reading image args, err - -1
reading u-boot.img
reading u-boot.img


U-Boot 2014.04-00014-g47880f5 (Apr 22 2014 - 13:23:54)

I2C:   ready
DRAM:  512 MiB
NAND:  0 MiB
MMC:   OMAP SD/MMC: 0, OMAP SD/MMC: 1
*** Warning - readenv() failed, using default environment

Net:   <ethaddr> not set. Validating first E-fuse MAC
cpsw, usb_ether
Hit any key to stop autoboot:  1  0 
gpio: pin 53 (gpio 53) value is 1
mmc0 is current device
gpio: pin 54 (gpio 54) value is 1
SD/MMC found on device 0
reading uEnv.txt
569 bytes read in 3 ms (184.6 KiB/s)
gpio: pin 55 (gpio 55) value is 1
Loaded environment from uEnv.txt
Importing environment from mmc ...
Checking if uenvcmd is set ...
gpio: pin 56 (gpio 56) value is 1
Running uenvcmd ...
cpsw Waiting for PHY auto negotiation to complete. done
link up on port 0, speed 100, full duplex
Using cpsw device
TFTP from server 192.168.255.126; our IP address is 192.168.255.1
Filename 'zImage'.
Load address: 0x81000000
Loading: *#################################################################
	 #################################################################
	 #################################################################
	 #################################################################
	 #################################################################
	 ################################################################
	 2.4 MiB/s
done
Bytes transferred = 5701512 (56ff88 hex)
link up on port 0, speed 100, full duplex
Using cpsw device
TFTP from server 192.168.255.126; our IP address is 192.168.255.1
Filename 'am335x-boneblack.dtb'.
Load address: 0x82000000
Loading: *#######
	 2.4 MiB/s
done
Bytes transferred = 98148 (17f64 hex)
Kernel image @ 0x81000000 [ 0x000000 - 0x56ff88 ]
## Flattened Device Tree blob at 82000000
   Booting using the fdt blob at 0x82000000
   Using Device Tree in place at 82000000, end 8201af63

Starting kernel ...

[    0.000000] Booting Linux on physical CPU 0x0
[    0.000000] Linux version 6.18.0-rc3-next-20251029 (user01@drvtest01) (arm-none-eabi-gcc (Arm GNU Toolchain 14.2.Rel1 (Build arm-14.52)) 14.2.1 20241119, GNU ld (Arm GNU Toolchain 14.2.Rel1 (Build arm-14.52)) 2.43.1.20241119) #1 SMP Wed Oct 29 05:28:25 EET 2025
[    0.000000] CPU: ARMv7 Processor [413fc082] revision 2 (ARMv7), cr=10c5387d
[    0.000000] CPU: PIPT / VIPT nonaliasing data cache, VIPT aliasing instruction cache
[    0.000000] OF: fdt: Machine model: TI AM335x BeagleBone Black
[    0.000000] Memory policy: Data cache writeback
[    0.000000] cma: Reserved 16 MiB at 0x9e800000
[    0.000000] Zone ranges:
[    0.000000]   Normal   [mem 0x0000000080000000-0x000000009fdfffff]
[    0.000000]   HighMem  empty
[    0.000000] Movable zone start for each node
[    0.000000] Early memory node ranges
[    0.000000]   node   0: [mem 0x0000000080000000-0x000000009fdfffff]
[    0.000000] Initmem setup node 0 [mem 0x0000000080000000-0x000000009fdfffff]
[    0.000000] On node 0, zone Normal: 512 pages in unavailable ranges
[    0.000000] OF: reserved mem: Reserved memory: No reserved-memory node in the DT
[    0.000000] CPU: All CPU(s) started in SVC mode.
[    0.000000] AM335X ES2.1 (sgx neon)
[    0.000000] percpu: Embedded 17 pages/cpu s40012 r8192 d21428 u69632
[    0.000000] Kernel command line: console=ttyO0,115200n8 root=/dev/nfs rw nfsroot=192.168.255.126:/home/user01/nfs,nfsvers=3 ip=192.168.255.1:192.168.255.126::255.255.255.0:bbb1:eth0 nfsrootdebug
[    0.000000] Unknown kernel command line parameters "nfsrootdebug", will be passed to user space.
[    0.000000] printk: log buffer data + meta data: 65536 + 204800 = 270336 bytes
[    0.000000] Dentry cache hash table entries: 65536 (order: 6, 262144 bytes, linear)
[    0.000000] Inode-cache hash table entries: 32768 (order: 5, 131072 bytes, linear)
[    0.000000] Built 1 zonelists, mobility grouping on.  Total pages: 130560
[    0.000000] mem auto-init: stack:off, heap alloc:off, heap free:off
[    0.000000] SLUB: HWalign=16, Order=0-3, MinObjects=0, CPUs=1, Nodes=1
[    0.000000] rcu: Hierarchical RCU implementation.
[    0.000000] rcu: 	RCU event tracing is enabled.
[    0.000000] rcu: 	RCU restricting CPUs from NR_CPUS=2 to nr_cpu_ids=1.
[    0.000000] 	Tracing variant of Tasks RCU enabled.
[    0.000000] rcu: RCU calculated value of scheduler-enlistment delay is 10 jiffies.
[    0.000000] rcu: Adjusting geometry for rcu_fanout_leaf=16, nr_cpu_ids=1
[    0.000000] RCU Tasks Trace: Setting shift to 0 and lim to 1 rcu_task_cb_adjust=1 rcu_task_cpu_ids=1.
[    0.000000] NR_IRQS: 16, nr_irqs: 16, preallocated irqs: 16
[    0.000000] IRQ: Found an INTC at 0x(ptrval) (revision 5.0) with 128 interrupts
[    0.000000] rcu: srcu_init: Setting srcu_struct sizes based on contention.
[    0.000000] TI gptimer clocksource: always-on /ocp/interconnect@44c00000/segment@200000/target-module@31000
[    0.000003] sched_clock: 32 bits at 24MHz, resolution 41ns, wraps every 89478484971ns
[    0.000026] clocksource: dmtimer: mask: 0xffffffff max_cycles: 0xffffffff, max_idle_ns: 79635851949 ns
[    0.000501] TI gptimer clockevent: 24000000 Hz at /ocp/interconnect@48000000/segment@0/target-module@40000
[    0.002074] Console: colour dummy device 80x30
[    0.002140] WARNING: Your 'console=ttyO0' has been replaced by 'ttyS0'
[    0.002148] This ensures that you still see kernel messages. Please
[    0.002153] update your kernel commandline.
[    0.002194] Calibrating delay loop... 996.14 BogoMIPS (lpj=4980736)
[    0.090615] CPU: Testing write buffer coherency: ok
[    0.090698] CPU0: Spectre v2: using BPIALL workaround
[    0.090708] pid_max: default: 32768 minimum: 301
[    0.091016] Mount-cache hash table entries: 1024 (order: 0, 4096 bytes, linear)
[    0.091037] Mountpoint-cache hash table entries: 1024 (order: 0, 4096 bytes, linear)
[    0.092626] CPU0: thread -1, cpu 0, socket -1, mpidr 0
[    0.092685] cacheinfo: Unable to detect cache hierarchy for CPU 0
[    0.094709] Setting up static identity map for 0x80100000 - 0x80100078
[    0.095024] rcu: Hierarchical SRCU implementation.
[    0.095034] rcu: 	Max phase no-delay instances is 1000.
[    0.096729] smp: Bringing up secondary CPUs ...
[    0.096785] smp: Brought up 1 node, 1 CPU
[    0.096798] SMP: Total of 1 processors activated (996.14 BogoMIPS).
[    0.096810] CPU: All CPU(s) started in SVC mode.
[    0.097007] Memory: 480992K/522240K available (11264K kernel code, 1227K rwdata, 2952K rodata, 1024K init, 255K bss, 23336K reserved, 16384K cma-reserved, 0K highmem)
[    0.097816] devtmpfs: initialized
[    0.114840] VFP support v0.3: implementor 41 architecture 3 part 30 variant c rev 3
[    0.115512] clocksource: jiffies: mask: 0xffffffff max_cycles: 0xffffffff, max_idle_ns: 19112604462750000 ns
[    0.115567] posixtimers hash table entries: 512 (order: 0, 4096 bytes, linear)
[    0.115593] futex hash table entries: 256 (16384 bytes on 1 NUMA nodes, total 16 KiB, linear).
[    0.118796] NET: Registered PF_NETLINK/PF_ROUTE protocol family
[    0.121964] DMA: preallocated 256 KiB pool for atomic coherent allocations
[    0.122565] audit: initializing netlink subsys (disabled)
[    0.123895] thermal_sys: Registered thermal governor 'fair_share'
[    0.123912] thermal_sys: Registered thermal governor 'step_wise'
[    0.123921] thermal_sys: Registered thermal governor 'user_space'
[    0.124034] audit: type=2000 audit(0.120:1): state=initialized audit_enabled=0 res=1
[    0.124106] cpuidle: using governor menu
[    0.142068] /ocp/interconnect@44c00000/segment@200000/target-module@b000/i2c@0/tda19988@70: Fixed dependency cycle(s) with /ocp/interconnect@48000000/segment@300000/target-module@e000/lcdc@0
[    0.143156] /ocp/interconnect@48000000/segment@300000/target-module@e000/lcdc@0: Fixed dependency cycle(s) with /ocp/interconnect@44c00000/segment@200000/target-module@b000/i2c@0/tda19988@70
[    0.145355] No ATAGs?
[    0.145393] hw-breakpoint: debug architecture 0x4 unsupported.
[    0.148457] kprobes: kprobe jump-optimization is enabled. All kprobes are optimized if possible.
[    0.154203] iommu: Default domain type: Translated
[    0.154227] iommu: DMA domain TLB invalidation policy: strict mode
[    0.161372] SCSI subsystem initialized
[    0.162237] pps_core: LinuxPPS API ver. 1 registered
[    0.162247] pps_core: Software ver. 5.3.6 - Copyright 2005-2007 Rodolfo Giometti <giometti@linux.it>
[    0.162272] PTP clock support registered
[    0.171493] vgaarb: loaded
[    0.171881] clocksource: Switched to clocksource dmtimer
[    0.172555] VFS: Disk quotas dquot_6.6.0
[    0.172619] VFS: Dquot-cache hash table entries: 1024 (order 0, 4096 bytes)
[    0.198091] NET: Registered PF_INET protocol family
[    0.198424] IP idents hash table entries: 8192 (order: 4, 65536 bytes, linear)
[    0.199853] tcp_listen_portaddr_hash hash table entries: 512 (order: 0, 4096 bytes, linear)
[    0.199887] Table-perturb hash table entries: 65536 (order: 6, 262144 bytes, linear)
[    0.199905] TCP established hash table entries: 4096 (order: 2, 16384 bytes, linear)
[    0.199952] TCP bind hash table entries: 4096 (order: 4, 65536 bytes, linear)
[    0.200052] TCP: Hash tables configured (established 4096 bind 4096)
[    0.200177] UDP hash table entries: 256 (order: 1, 14336 bytes, linear)
[    0.200211] UDP-Lite hash table entries: 256 (order: 1, 14336 bytes, linear)
[    0.200423] NET: Registered PF_UNIX/PF_LOCAL protocol family
[    0.202598] RPC: Registered named UNIX socket transport module.
[    0.202621] RPC: Registered udp transport module.
[    0.202627] RPC: Registered tcp transport module.
[    0.202632] RPC: Registered tcp-with-tls transport module.
[    0.202636] RPC: Registered tcp NFSv4.1 backchannel transport module.
[    0.202660] PCI: CLS 0 bytes, default 64
[    0.204063] Initialise system trusted keyrings
[    0.212497] workingset: timestamp_bits=14 max_order=17 bucket_order=3
[    0.213953] NFS: Registering the id_resolver key type
[    0.214047] Key type id_resolver registered
[    0.214054] Key type id_legacy registered
[    0.214171] jffs2: version 2.2. (NAND) (SUMMARY)  Â© 2001-2006 Red Hat, Inc.
[    0.214646] Key type asymmetric registered
[    0.214665] Asymmetric key parser 'x509' registered
[    0.214738] io scheduler mq-deadline registered
[    0.214747] io scheduler kyber registered
[    0.214831] io scheduler bfq registered
[    0.216693] target-module@4b000000:target-module@140000:pmu@0:fck: device ID is greater than 24
[    0.222250] ledtrig-cpu: registered to indicate activity on CPUs
[    0.225954] Serial: 8250/16550 driver, 6 ports, IRQ sharing enabled
[    0.265780] brd: module loaded
[    0.285982] loop: module loaded
[    0.286906] mtdoops: mtd device (mtddev=name/number) must be supplied
[    0.289859] i2c_dev: i2c /dev entries driver
[    0.290890] cpuidle: enable-method property 'ti,am3352' found operations
[    0.291332] sdhci: Secure Digital Host Controller Interface driver
[    0.291340] sdhci: Copyright(c) Pierre Ossman
[    0.291524] sdhci-pltfm: SDHCI platform and OF driver helper
[    0.302256] hw perfevents: enabled with armv7_cortex_a8 PMU driver, 5 (8000000f) counters available
[    0.302812] Initializing XFRM netlink socket
[    0.302981] NET: Registered PF_INET6 protocol family
[    0.304986] Segment Routing with IPv6
[    0.305069] In-situ OAM (IOAM) with IPv6
[    0.305169] sit: IPv6, IPv4 and MPLS over IPv4 tunneling driver
[    0.306140] NET: Registered PF_PACKET protocol family
[    0.306170] NET: Registered PF_KEY protocol family
[    0.306330] Key type dns_resolver registered
[    0.306553] ThumbEE CPU extension supported.
[    0.306574] Registering SWP/SWPB emulation handler
[    0.307102] omap_voltage_late_init: Voltage driver support not added
[    0.307764] SmartReflex Class3 initialized
[    0.348690] Loading compiled-in X.509 certificates
[    0.378772] /ocp/interconnect@44c00000/segment@200000/target-module@b000/i2c@0/tda19988@70: Fixed dependency cycle(s) with /ocp/interconnect@48000000/segment@300000/target-module@e000/lcdc@0
[    0.385370] /ocp/interconnect@44c00000/segment@200000/target-module@b000/i2c@0/tda19988@70: Fixed dependency cycle(s) with /ocp/interconnect@48000000/segment@300000/target-module@e000/lcdc@0
[    0.410678] /ocp/interconnect@44c00000/segment@200000/target-module@b000/i2c@0/tda19988@70: Fixed dependency cycle(s) with /ocp/interconnect@48000000/segment@300000/target-module@e000/lcdc@0
[    0.411596] /ocp/interconnect@44c00000/segment@200000/target-module@b000/i2c@0/tda19988 @70: Fixed dependency cycle(s) with /ocp/interconnect@48000000/segment@300000/target-module@e000/lcdc@0
[    0.415519] /ocp/interconnect@44c00000/segment@200000/target-module@10000/scm@0/pinmux@800: Fixed dependency cycle(s) with /ocp/interconnect@44c00000/segment@200000/target-module@10000/scm@0/pinmux@800/clkout2-pins
[    0.416112] pinctrl-single 44e10800.pinmux: 142 pins, size 568
[    0.421536] ti-sysc 44e31000.target-module: probe with driver ti-sysc failed with error -16
[    0.468857] /ocp/int erconnect@48000000/segment@300000/target-module@e000/lcdc@0: Fixed dependency cycle(s) with /ocp/interconnect@44c00000/segment@200000/target-module@b000/i2c@0/tda19988@70
[    0.477208] ti-sysc 48040000.target-module: probe with driver ti-sysc failed with error -16
[    0.513976] OMAP GPIO hardware version 0.1
[    0.549358] omap_i2c 4819c000.i2c: bus 2 rev0.11 at 100 kHz
[    0.595808] 48000000.interconnect:segment@200000:target-module@0:mpu@0:fck: device ID is greater than 24
[    0.596731] /ocp/interconnect@48000000/segment@300000/target-module@e000/lcdc@0: Fixed dependency cycle(s) with /ocp/interconnect@44c00000/segment@200000/target-module@b000/i2c@0/tda19988@70
[    0.599551] /ocp/interconnect@48000000/segment@300000/target-module@e000/lcdc@0: Fixed dependency cycle(s) with /ocp/interconnect@44c00000/segment@200000/target-module@b000/i2c@0/tda19988@70
[    0.600265] /ocp/interconnect@44c00000/segment@200000/target-module@b000/i2c@0/tda19988@70: Fixed dependency cycle(s) with /ocp/interconnect@48000000/segment@300000/target-module@e000/lcdc@0
[    0.600436] /ocp/interconnect@48000000/segment@300000/target-module@e000/lcdc@0: Fixed dependency cycle(s) with /ocp/interconnect@44c00000/segment@200000/target-module@b000/i2c@0/tda19988@70
[    0.608421] sdhci-omap 481d8000.mmc: supply pbias not found, using dummy regulator
[    0.608904] sdhci-omap 481d8000.mmc: supply vqmmc not found, using dummy regulator
[    0.663398] davinci_mdio 4a101000.mdio: davinci mdio revision 1.6, bus freq 1000000
[    0.8
[    2.432810] tps65217-pmic: Failed to locate of_node [id: -1]
[    2.438862] tps65217-bl: Failed to locate of_node [id: -1]
[    2.446299] platform tps65217-charger: DMA mask not set
[    2.453339] platform tps65217-pwrbutton: DMA mask not set
[    2.461138] tps65217 0-0024: TPS65217 ID 0xe version 1.2
[    2.467212] /ocp/interconnect@48000000/segment@300000/target-module@e000/lcdc@0: Fixed dependency cycle(s) with /ocp/interconnect@44c00000/segment@200000/target-module@b000/i2c@0/tda19988@70
[    2.484624] /ocp/interconnect@44c00000/segment@200000/target-module@b000/i2c@0/tda19988@70: Fixed dependency cycle(s) with /ocp/interconnect@48000000/segment@300000/target-module@e000/lcdc@0
[    2.502028] omap_i2c 44e0b000.i2c: bus 0 rev0.11 at 400 kHz
[    2.510047] omap_gpio 44e07000.gpio: Could not set line 6 debounce to 200000 microseconds (-22)
[    2.518932] sdhci-omap 48060000.mmc: Got CD GPIO
[    2.523986] sdhci-omap 48060000.mmc: supply pbias not found, using dummy regulator
[    2.534226] sdhci-omap 48060000.mmc: supply vqmmc not found, using dummy regulator
[    2.543408] sdhci-omap 481d8000.mmc: supply pbias not found, using dummy regulator
[    2.551450] sdhci-omap 481d8000.mmc: supply vqmmc not found, using dummy regulator
[    2.588537] mmc1: SDHCI controller on 481d8000.mmc [481d8000.mmc] using External DMA
[    2.596966] mmc0: SDHCI controller on 48060000.mmc [48060000.mmc] using External DMA
[    2.605824] cpsw-switch 4a100000.switch: starting ndev. mode: dual_mac
[    2.672189] mmc1: new high speed MMC card at address 0001
[    2.679013] mmcblk1: mmc1:0001 MMC04G 3.60 GiB
[    2.686929]  mmcblk1: p1 p2
[    2.690655] SMSC LAN8710/LAN8720 4a101000.mdio:00: attached PHY driver (mii_bus:phy_addr=4a101000.mdio:00, irq=POLL)
[    2.703252] mmcblk1boot0: mmc1:0001 MMC04G 2.00 MiB
[    2.717132] mmcblk1boot1: mmc1:0001 MMC04G 2.00 MiB
[    2.725787] mmcblk1rpmb: mmc1:0001 MMC04G 128 KiB, chardev (249:0)
[    2.775403] mmc0: new high speed SDHC card at address aaaa
[    2.782339] mmcblk0: mmc0:aaaa SE32G 29.7 GiB
[    2.791418]  mmcblk0: p1 p2
[    5.842643] cpsw-switch 4a100000.switch eth0: Link is Up - 100Mbps/Full - flow control off
[    5.871894] IP-Config: Complete:
[    5.875161]      device=eth0, hwaddr=6c:ec:eb:68:de:78, ipaddr=192.168.255.1, mask=255.255.255.0, gw=255.255.255.255
[    5.885814]      host=bbb1, domain=, nis-domain=(none)
[    5.890983]      bootserver=192.168.255.126, rootserver=192.168.255.126, rootpath=
[    5.891404] clk: Disabling unused clocks
[    5.903257] PM: genpd: Disabling unused power domains
[    5.908425] KTAP version 1
[    5.911151] 1..0
[    5.913939] check access for rdinit=/init failed: -2, ignoring
[    5.950295] VFS: Mounted root (nfs filesystem) on device 0:17.
[    5.957432] devtmpfs: mounted
[    5.962092] Freeing unused kernel image (initmem) memory: 1024K
[    5.968847] Run /sbin/init as init process
[    6.643834] systemd[1]: System time before build time, advancing clock.
[    8.151902] random: crng init done
[    8.184440] systemd[1]: systemd 232 running in system mode. (+PAM +AUDIT +SELINUX +IMA +APPARMOR +SMACK +SYSVINIT +UTMP +LIBCRYPTSETUP +GCRYPT +GNUTLS +ACL +XZ +LZ4 +SECCOMP +BLKID +ELFUTILS +KMOD +IDN)
[    8.203547] systemd[1]: Detected architecture arm.

Welcome to [1mDebian GNU/Linux 9 (stretch)[0m!

[    8.235020] systemd[1]: Set hostname to <arm>.
[    9.387667] systemd[1]: syslog.socket: SO_PASSSEC failed: Operation not supported
[    9.395721] systemd[1]: Listening on Syslog Socket.
[[0;32m  OK  [0m] Listening on Syslog Socket.
[    9.423379] systemd[1]: Created slice System Slice.
[[0;32m  OK  [0m] Created slice System Slice.
[    9.452438] systemd[1]: dev-hugepages.mount: Couldn't determine result for ConditionVirtualization=!private-users, assuming failed: No such file or directory
[    9.468609] systemd[1]: Listening on udev Control Socket.
[[0;32m  OK  [0m] Listening on udev Control Socket.
[    9.492579] systemd[1]: Listening on udev Kernel Socket.
[[0;32m  OK  [0m] Listening on udev Kernel Socket.
[    9.522453] systemd[1]: systemd-journald-dev-log.socket: SO_PASSSEC failed: Operation not supported
[[0;32m  OK  [0m] Listening on Journal Socket (/dev/log).
[[0;32m  OK  [0m] Created slice system-getty.slice.
[[0;32m  OK  [0m] Set up automount Arbitrary Executabâ€¦rmats File System Automount Point.
[[0;32m  OK  [0m] Reached target Swap.
[[0;32m  OK  [0m] Reached target Remote File Systems.
[[0;32m  OK  [0m] Listening on /dev/initctl Compatibility Named Pipe.
[[0;32m  OK  [0m] Listening on Journal Audit Socket.
[[0;32m  OK  [0m] Started Dispatch Password Requests to Console Directory Watch.
[[0;32m  OK  [0m] Created slice system-serial\x2dgetty.slice.
[[0;32m  OK  [0m] Started Forward Password Requests to Wall Directory Watch.
[[0;32m  OK  [0m] Reached target Paths.
[[0;32m  OK  [0m] Reached target Encrypted Volumes.
         Mounting Debug File System...
[[0;32m  OK  [0m] Created slice User and Session Slice.
[[0;32m  OK  [0m] Reached target Slices.
         Mounting POSIX Message Queue File System...
[[0;32m  OK  [0m] Listening on Journal Socket.
         Starting Load Kernel Modules...
         Starting Create list of required stâ€¦ce nodes for the current kernel...
         Starting Journal Service...
         Starting Remount Root and Kernel File Systems...
[[0;32m  OK  [0m] Mounted POSIX Message Queue File System.
[[0;32m  OK  [0m] Mounted Debug File System.
[[0;32m  OK  [0m] Started Create list of required staâ€¦vice nodes for the current kernel.
         Starting Create Static Device Nodes in /dev...
[[0;32m  OK  [0m] Started Load Kernel Modules.
[[0;32m  OK  [0m] Started Remount Root and Kernel File Systems.
         Starting udev Coldplug all Devices...
         Starting Load/Save Random Seed...
         Starting Apply Kernel Variables...
         Mounting Configuration File System...
[[0;32m  OK  [0m] Mounted Configuration File System.
[[0;32m  OK  [0m] Started Load/Save Random Seed.
[[0;32m  OK  [0m] Started Apply Kernel Variables.
[[0;32m  OK  [0m] Started Create Static Device Nodes in /dev.
         Starting udev Kernel Device Manager...
[[0;32m  OK  [0m] Reached target Local File Systems (Pre).
[[0;32m  OK  [0m] Reached target Local File Systems.
         Starting Raise network interfaces...
[[0;32m  OK  [0m] Started Journal Service.
         Starting Flush Journal to Persistent Storage...
[   11.882425] systemd-journald[84]: Received request to flush runtime journal from PID 1
[[0;32m  OK  [0m] Started Flush Journal to Persistent Storage.
         Starting Create Volatile Files and Directories...
[[0;32m  OK  [0m] Started udev Kernel Device Manager.
[   12.655448] omap_prm 44e00d00.prm: sync_state() pending due to 44d00000.cpu
[[0;32m  OK  [0m] Started Create Volatile Files and Directories.
         Starting Network Time Synchronization...
         Starting Update UTMP about System Boot/Shutdown...
[[0;32m  OK  [0m] Started Update UTMP about System Boot/Shutdown.
[[0;32m  OK  [0m] Started udev Coldplug all Devices.
[   15.092341] remoteproc remoteproc0: wkup_m3 is available
[[0;32m  OK  [0m] Started Network Time Synchronization.
[   15.207006] omap_rtc 44e3e000.rtc: registered as rtc0
[   15.212369] omap_rtc 44e3e000.rtc: setting system clock to 2000-01-01T00:00:00 UTC (946684800)
[[0;32m  OK  [0m] Reached target System Time Synchronized.
[[0;32m  OK  [0m] Reached target System Initialization.
[[0;32m  OK  [0m] Listening on Avahi mDNS/DNS-SD Stack Activation Socket.
[[0;32m  OK  [0m] Listening on D-Bus System Message Bus Socket.
[[0;32m  OK  [0m] Reached target Sockets.
[[0;32m  OK  [0m] Reached target Basic System.
[   15.645814] am335x-phy-driver 47401300.usb-phy: dummy supplies not allowed for exclusive requests (id=vbus)
         Starting System Logging Service...
[   15.762773] usbcore: registered new interface driver usbfs
[   15.768407] usbcore: registered new interface driver hub
[   15.773984] usbcore: registered new device driver usb
[   15.787350] am335x-phy-driver 47401b00.usb-phy: dummy supplies not allowed for exclusive requests (id=vbus)
[   15.814911] at24 2-0054: supply vcc not found, using dummy regulator
         Starting Login Service...
[   15.940125] input: tps65217_pwrbutton as /devices/platform/ocp/44c00000.interconnect/44c00000.interconnect:segment@200000/44e0b000.target-module/44e0b000.i2c/i2c-0/0-0024/tps65217-pwrbutton/input/input0
[   15.969607] at24 2-0055: supply vcc not found, using dummy regulator
         Starting LSB: Start busybox udhcpd at boot time...
[   16.098343] at24 2-0056: supply vcc not found, using dummy regulator
[   16.195308] at24 2-0057: supply vcc not found, using dummy regulator
[   16.273005] omap_wdt: OMAP Watchdog Timer Rev 0x01: initial timeout 60 sec
[[0;32m  OK  [0m] Started Regular background program processing daemon.
[   16.375841] at24 0-0050: 32768 byte 24c256 EEPROM, writable, 1 bytes/write
         Starting DUN service...
[[0;32m  OK  [0m] Started D-Bus System Message Bus.
[   17.114460] musb-hdrc musb-hdrc.1: MUSB HDRC host driver
[   17.119879] musb-hdrc musb-hdrc.1: new USB bus registered, assigned bus number 1
[   17.381055] usb usb1: New USB device found, idVendor=1d6b, idProduct=0002, bcdDevice= 6.18
[   17.389537] usb usb1: New USB device strings: Mfr=3, Product=2, SerialNumber=1
[   17.396835] usb usb1: Product: MUSB HDRC host driver
[   17.401829] usb usb1: Manufacturer: Linux 6.18.0-rc3-next-20251029 musb-hcd
[   17.408851] usb usb1: SerialNumber: musb-hdrc.1
[   17.861711] hub 1-0:1.0: USB hub found
[   17.910052] hub 1-0:1.0: 1 port detected
[   18.469038] tda998x 0-0070: found TDA19988
[   18.603891] omap-mailbox 480c8000.mailbox: omap mailbox rev 0x400
[   18.672731] remoteproc remoteproc0: powering up wkup_m3
[   18.937040] remoteproc remoteproc0: Direct firmware load for am335x-pm-firmware.elf failed with error -2
[   18.946805] remoteproc remoteproc0: request_firmware failed: -2
[   18.952837] wkup_m3_ipc 44e11324.wkup_m3_ipc: rproc_boot failed
[   20.667348] omap_rng 48310000.rng: Random Number Generator ver. 20
[   20.923160] tilcdc 4830e000.lcdc: bound 0-0070 (ops tda998x_driver_exit [tda998x])
[[0;32m  OK  [0m] Started DUN service.
[   20.989269] [drm] Initialized tilcdc 1.0.0 for 4830e000.lcdc on minor 0
         Starting Connection service...
[   21.062289] tilcdc 4830e000.lcdc: [drm] Cannot find any crtc or sizes
[   21.070149] tilcdc 4830e000.lcdc: [drm] Cannot find any crtc or sizes
         Starting LSB: Load kernel modules needed to enable cpufreq scaling...
         Starting Cape Manager Service...
         Starting Avahi mDNS/DNS-SD Stack...
[[0;32m  OK  [0m] Started Daily Cleanup of Temporary Directories.
[[0;32m  OK  [0m] Started Daily apt download activities.
[[0;32m  OK  [0m] Started Daily apt upgrade and clean activities.
[[0;32m  OK  [0m] Reached target Timers.
         Starting Generic Board Startup...
         Starting Telephony service...
[[0;32m  OK  [0m] Started System Logging Service.
[   21.936967] PM: Cannot get wkup_m3_ipc handle
[   22.027387] omap-sham 53100000.sham: hw accel on OMAP rev 4.3
[   22.144208] omap-sham 53100000.sham: will run requests pump with realtime priority
[   22.154877] PM: Cannot get wkup_m3_ipc handle
[   22.434600] omap-aes 53500000.aes: OMAP AES hw accel rev: 3.2
[   22.554216] omap-aes 53500000.aes: will run requests pump with realtime priority
[   22.562763] PM: Cannot get wkup_m3_ipc handle
[[0;32m  OK  [0m] Found device /dev/ttyS0.
[[0;32m  OK  [0m] Started Cape Manager Service.
[   24.174950] ------------[ cut here ]------------
[   24.179651] WARNING: net/8021q/vlan_core.c:236 at vlan_for_each+0x114/0x134, CPU#0: avahi-daemon/285
[   24.189000] RTNL: assertion failed at net/8021q/vlan_core.c (236)
[   24.195185] Modules linked in: ecdh_generic ecc snd_soc_simple_card omap_aes_driver snd_soc_simple_card_utils omap_crypto libaes omap_sham pm33xx crypto_engine ti_emif_sram tilcdc drm_dma_helper drm_client_lib omap_rng rng_core snd_soc_davinci_mcasp snd_soc_ti_udma snd_soc_ti_edma snd_soc_ti_sdma snd_soc_core snd_pcm_dmaengine omap_mailbox snd_pcm tda998x snd_timer cec snd drm_kms_helper soundcore drm wkup_m3_ipc musb_dsps musb_hdrc omap_wdt drm_panel_orientation_quirks udc_core watchdog tps65218_pwrbutton at24 usbcore phy_am335x phy_am335x_control phy_generic rtc_omap usb_common wkup_m3_rproc cppi41 leds_gpio cpufreq_dt led_class autofs4
[   24.252402] CPU: 0 UID: 107 PID: 285 Comm: avahi-daemon Not tainted 6.18.0-rc3-next-20251029 #1 NONE 
[   24.252423] Hardware name: Generic AM33XX (Flattened Device Tree)
[   24.252431] Call trace: 
[   24.252448]  unwind_backtrace from show_stack+0x10/0x14
[   24.252486]  show_stack from dump_stack_lvl+0x50/0x64
[   24.252511]  dump_stack_lvl from __warn+0x88/0x148
[   24.252529]  __warn from warn_slowpath_fmt+0x19c/0x1b0
[   24.252542]  warn_slowpath_fmt from vlan_for_each+0x114/0x134
[   24.252564]  vlan_for_each from cpsw_add_mc_addr+0x40/0xa4
[   24.252590]  cpsw_add_mc_addr from __hw_addr_ref_sync_dev+0x108/0x140
[   24.252622]  __hw_addr_ref_sync_dev from __dev_mc_add+0x7c/0x80
[   24.252645]  __dev_mc_add from igmp6_group_added+0xc8/0xe0
[   24.252675]  igmp6_group_added from __ipv6_dev_mc_inc+0x218/0x364
[   24.252695]  __ipv6_dev_mc_inc from __ipv6_sock_mc_join+0x11c/0x1c0
[   24.252713]  __ipv6_sock_mc_join from do_ipv6_setsockopt+0x1214/0x1310
[   24.252747]  do_ipv6_setsockopt from ipv6_setsockopt+0x60/0xcc
[   24.252769]  ipv6_setsockopt from udpv6_setsockopt+0x2c/0x6c
[   24.252788]  udpv6_setsockopt from sock_common_setsockopt+0x30/0x40
[   24.252818]  sock_common_setsockopt from do_sock_setsockopt+0x50/0x9c
[   24.252841]  do_sock_setsockopt from __sys_setsockopt+0x70/0xbc
[   24.252861]  __sys_setsockopt from ret_fast_syscall+0x0/0x58
[   24.252878] Exception stack(0xe018dfa8 to 0xe018dff0)
[   24.252893] dfa0:                   00000014 b6f71ce8 0000000d 00000029 00000014 be8419ec
[   24.252905] dfc0: 00000014 b6f71ce8 00000014 00000126 0000000d b6f1aff4 0051e988 00506558
[   24.252913] dfe0: b6f30088 be8419d8 b6f0d309 b6de441a
[   24.252921] ---[ end trace 0000000000000000 ]---
[   25.339969] Bluetooth: Core ver 2.22
[   25.344004] NET: Registered PF_BLUETOOTH protocol family
[   25.349359] Bluetooth: HCI device and connection manager initialized
[   25.355882] Bluetooth: HCI socket layer initialized
[   25.360797] Bluetooth: L2CAP socket layer initialized
[   25.365978] Bluetooth: SCO socket layer initialized
[   25.875931] PM: Cannot get wkup_m3_ipc handle
[   25.908841] gpio-537 (nxp,calib): gpiod_direction_output_nonotify: tried to set a GPIO tied to an IRQ as output
[   26.038621] PM: Cannot get wkup_m3_ipc handle
[   26.191158] tda9950 0-0034: TDA9950 CEC interface, hardware version 3.3
[   26.302770] PM: Cannot get wkup_m3_ipc handle
[[0;32m  OK  [0m] Started LSB: Start busybox udhcpd at boot time.
[[0;32m  OK  [0m] Started Raise network interfaces.
[[0;32m  OK  [0m] Started LSB: Load kernel modules needed to enable cpufreq scaling.
[   29.883230] configfs-gadget.g_multi gadget.0: HOST MAC 1c:ba:8c:a2:ed:6c
[   29.890004] configfs-gadget.g_multi gadget.0: MAC 1c:ba:8c:a2:ed:70
[   29.897393] configfs-gadget.g_multi gadget.0: HOST MAC 1c:ba:8c:a2:ed:6c
[   29.904296] configfs-gadget.g_multi gadget.0: MAC 1c:ba:8c:a2:ed:6d
[   29.913588] PM: Cannot get wkup_m3_ipc handle
[[0;32m  OK  [0m] Started Telephony service.
[[0;32m  OK  [0m] Started Avahi mDNS/DNS-SD Stack.
[[0;32m  OK  [0m] Started Connection service.
[[0;32m  OK  [0m] Started Login Service.
         Starting Hostname Service...
         Starting WPA supplicant...
[[0;32m  OK  [0m] Reached target Sound Card.
         Starting LSB: set CPUFreq kernel parameters...
[[0;32m  OK  [0m] Started WPA supplicant.
[[0;32m  OK  [0m] Started Hostname Service.
[[0;32m  OK  [0m] Reached target Network.
[[0;32m  OK  [0m] Reached target Network is Online.
         Starting LSB: Advanced IEEE 802.11 management daemon...
         Starting The Apache HTTP Server...
         Starting OpenBSD Secure Shell server...
         Starting Permit User Sessions...
[[0;32m  OK  [0m] Started LSB: Advanced IEEE 802.11 management daemon.
[[0;32m  OK  [0m] Started LSB: set CPUFreq kernel parameters.
[[0;32m  OK  [0m] Started Permit User Sessions.
[[0;32m  OK  [0m] Started Serial Getty on ttyS0.
[[0;32m  OK  [0m] Started Getty on tty1.
[[0;32m  OK  [0m] Reached target Login Prompts.
         Stopping LSB: Start busybox udhcpd at boot time...
[[0;32m  OK  [0m] Started OpenBSD Secure Shell server.
[[0;32m  OK  [0m] Stopped LSB: Start busybox udhcpd at boot time.
         Starting dnsmasq - A lightweight DHCP and caching DNS server...
[[0;32m  OK  [0m] Started The Apache HTTP Server.
[[0;32m  OK  [0m] Started dnsmasq - A lightweight DHCP and caching DNS server.
[[0;32m  OK  [0m] Reached target Host and Network Name Lookups.
[[0;32m  OK  [0m] Started Serial Getty on ttyGS0.
[[0;32m  OK  [0m] Started Generic Board Startup.
[[0;32m  OK  [0m] Reached target Multi-User System.
[[0;32m  OK  [0m] Reached target Graphical Interface.
         Starting Update UTMP about System Runlevel Changes...
[[0;32m  OK  [0m] Started Update UTMP about System Runlevel Changes.

Debian GNU/Linux 9 arm ttyS0

default username:password is [debian:temppwd]

arm login: root
Password: 
Last login: Sat Jan  1 00:00:35 UTC 2000 on ttyS0
root
Linux arm 6.18.0-rc3-next-20251029 #1 SMP Wed Oct 29 05:28:25 EET 2025 armv7l

The programs included with the Debian GNU/Linux system are free software;
the exact distribution terms for each program are described in the
individual files in /usr/share/doc/*/copyright.

Debian GNU/Linux comes with ABSOLUTELY NO WARRANTY, to the extent
permitted by applicable law.
root@arm:~# root
dmesg -n 1
-bash: root: command not found
root@arm:~# dmesg -n 1
root@arm:~# echo 'YMEU''GXNXJK'
YMEUGXNXJK
root@arm:~# run() { echo -n "$MARKER"; sh -c "$@"; echo "$MARKER $?"; }
root@arm:~# echo 'WOWO''XAZZLB'
WOWOXAZZLB
root@arm:~# MARKER='FNCJ''ULKZAJ' run 'cat /proc/version'
FNCJULKZAJLinux version 6.18.0-rc3-next-20251029 (user01@drvtest01) (arm-none-eabi-gcc (Arm GNU Toolchain 14.2.Rel1 (Build arm-14.52)) 14.2.1 20241119, GNU ld (Arm GNU Toolchain 14.2.Rel1 (Build arm-14.52)) 2.43.1.20241119) #1 SMP Wed Oct 29 05:28:25 EET 2025
FNCJULKZAJ 0
root@arm:~# echo 'BSFP''KEWMEY'
BSFPKEWMEY
root@arm:~# MARKER='SCPS''FQKUEO' run false
SCPSFQKUEOSCPSFQKUEO 1
root@arm:~# Labgrid Console Logfile for main
Logfile started at 2025-10-29 05:31:02.845346
=== Log starts here ===

root@arm:~# run() { echo -n "$MARKER"; sh -c "$@"; echo "$MARKER $?"; }
root@arm:~# echo 'FSMA''NEHFYE'
FSMANEHFYE
root@arm:~# MARKER='CSJX''SEGGXA' run 'ls /iio_generic_buffer; echo $?'
CSJXSEGGXA/iio_generic_buffer
0
CSJXSEGGXA 0
root@arm:~# Labgrid Console Logfile for main
Logfile started at 2025-10-29 05:31:06.205885
=== Log starts here ===

root@arm:~# run() { echo -n "$MARKER"; sh -c "$@"; echo "$MARKER $?"; }
root@arm:~# echo 'PNQN''BGOKVN'
PNQNBGOKVN
root@arm:~# MARKER='XFFS''ZHVZOQ' run dmesg
XFFSZHVZOQ[    0.000000] Booting Linux on physical CPU 0x0
[    0.000000] Linux version 6.18.0-rc3-next-20251029 (user01@drvtest01) (arm-none-eabi-gcc (Arm GNU Toolchain 14.2.Rel1 (Build arm-14.52)) 14.2.1 20241119, GNU ld (Arm GNU Toolchain 14.2.Rel1 (Build arm-14.52)) 2.43.1.20241119) #1 SMP Wed Oct 29 05:28:25 EET 2025
[    0.000000] CPU: ARMv7 Processor [413fc082] revision 2 (ARMv7), cr=10c5387d
[    0.000000] CPU: PIPT / VIPT nonaliasing data cache, VIPT aliasing instruction cache
[    0.000000] OF: fdt: Machine model: TI AM335x BeagleBone Black
[    0.000000] Memory policy: Data cache writeback
[    0.000000] cma: Reserved 16 MiB at 0x9e800000
[    0.000000] Zone ranges:
[    0.000000]   Normal   [mem 0x0000000080000000-0x000000009fdfffff]
[    0.000000]   HighMem  empty
[    0.000000] Movable zone start for each node
[    0.000000] Early memory node ranges
[    0.000000]   node   0: [mem 0x0000000080000000-0x000000009fdfffff]
[    0.000000] Initmem setup node 0 [mem 0x0000000080000000-0x000000009fdfffff]
[    0.000000] On node 0, zone Normal: 512 pages in unavailable ranges
[    0.000000] OF: reserved mem: Reserved memory: No reserved-memory node in the DT
[    0.000000] CPU: All CPU(s) started in SVC mode.
[    0.000000] AM335X ES2.1 (sgx neon)
[    0.000000] percpu: Embedded 17 pages/cpu s40012 r8192 d21428 u69632
[    0.000000] pcpu-alloc: s40012 r8192 d21428 u69632 alloc=17*4096
[    0.000000] pcpu-alloc: [0] 0 
[    0.000000] Kernel command line: console=ttyO0,115200n8 root=/dev/nfs rw nfsroot=192.168.255.126:/home/user01/nfs,nfsvers=3 ip=192.168.255.1:192.168.255.126::255.255.255.0:bbb1:eth0 nfsrootdebug
[    0.000000] Unknown kernel command line parameters "nfsrootdebug", will be passed to user space.
[    0.000000] printk: log buffer data + meta data: 65536 + 204800 = 270336 bytes
[    0.000000] Dentry cache hash table entries: 65536 (order: 6, 262144 bytes, linear)
[    0.000000] Inode-cache hash table entries: 32768 (order: 5, 131072 bytes, linear)
[    0.000000] Built 1 zonelists, mobility grouping on.  Total pages: 130560
[    0.000000] mem auto-init: stack:off, heap alloc:off, heap free:off
[    0.000000] SLUB: HWalign=16, Order=0-3, MinObjects=0, CPUs=1, Nodes=1
[    0.000000] rcu: Hierarchical RCU implementation.
[    0.000000] rcu: 	RCU event tracing is enabled.
[    0.000000] rcu: 	RCU restricting CPUs from NR_CPUS=2 to nr_cpu_ids=1.
[    0.000000] 	Tracing variant of Tasks RCU enabled.
[    0.000000] rcu: RCU calculated value of scheduler-enlistment delay is 10 jiffies.
[    0.000000] rcu: Adjusting geometry for rcu_fanout_leaf=16, nr_cpu_ids=1
[    0.000000] RCU Tasks Trace: Setting shift to 0 and lim to 1 rcu_task_cb_adjust=1 rcu_task_cpu_ids=1.
[    0.000000] NR_IRQS: 16, nr_irqs: 16, preallocated irqs: 16
[    0.000000] IRQ: Found an INTC at 0x(ptrval) (revision 5.0) with 128 interrupts
[    0.000000] rcu: srcu_init: Setting srcu_struct sizes based on contention.
[    0.000000] TI gptimer clocksource: always-on /ocp/interconnect@44c00000/segment@200000/target-module@31000
[    0.000003] sched_clock: 32 bits at 24MHz, resolution 41ns, wraps every 89478484971ns
[    0.000026] clocksource: dmtimer: mask: 0xffffffff max_cycles: 0xffffffff, max_idle_ns: 79635851949 ns
[    0.000501] TI gptimer clockevent: 24000000 Hz at /ocp/interconnect@48000000/segment@0/target-module@40000
[    0.002074] Console: colour dummy device 80x30
[    0.002140] WARNING: Your 'console=ttyO0' has been replaced by 'ttyS0'
[    0.002148] This ensures that you still see kernel messages. Please
[    0.002153] update your kernel commandline.
[    0.002194] Calibrating delay loop... 996.14 BogoMIPS (lpj=4980736)
[    0.090615] CPU: Testing write buffer coherency: ok
[    0.090698] CPU0: Spectre v2: using BPIALL workaround
[    0.090708] pid_max: default: 32768 minimum: 301
[    0.091016] Mount-cache hash table entries: 1024 (order: 0, 4096 bytes, linear)
[    0.091037] Mountpoint-cache hash table entries: 1024 (order: 0, 4096 bytes, linear)
[    0.092626] CPU0: thread -1, cpu 0, socket -1, mpidr 0
[    0.092685] cacheinfo: Unable to detect cache hierarchy for CPU 0
[    0.094709] Setting up static identity map for 0x80100000 - 0x80100078
[    0.095024] rcu: Hierarchical SRCU implementation.
[    0.095034] rcu: 	Max phase no-delay instances is 1000.
[    0.096729] smp: Bringing up secondary CPUs ...
[    0.096785] smp: Brought up 1 node, 1 CPU
[    0.096798] SMP: Total of 1 processors activated (996.14 BogoMIPS).
[    0.096810] CPU: All CPU(s) started in SVC mode.
[    0.097007] Memory: 480992K/522240K available (11264K kernel code, 1227K rwdata, 2952K rodata, 1024K init, 255K bss, 23336K reserved, 16384K cma-reserved, 0K highmem)
[    0.097816] devtmpfs: initialized
[    0.114840] VFP support v0.3: implementor 41 architecture 3 part 30 variant c rev 3
[    0.115512] clocksource: jiffies: mask: 0xffffffff max_cycles: 0xffffffff, max_idle_ns: 19112604462750000 ns
[    0.115567] posixtimers hash table entries: 512 (order: 0, 4096 bytes, linear)
[    0.115593] futex hash table entries: 256 (16384 bytes on 1 NUMA nodes, total 16 KiB, linear).
[    0.118796] NET: Registered PF_NETLINK/PF_ROUTE protocol family
[    0.121964] DMA: preallocated 256 KiB pool for atomic coherent allocations
[    0.122565] audit: initializing netlink subsys (disabled)
[    0.123895] thermal_sys: Registered thermal governor 'fair_share'
[    0.123912] thermal_sys: Registered thermal governor 'step_wise'
[    0.123921] thermal_sys: Registered thermal governor 'user_space'
[    0.124034] audit: type=2000 audit(0.120:1): state=initialized audit_enabled=0 res=1
[    0.124106] cpuidle: using governor menu
[    0.142068] /ocp/interconnect@44c00000/segment@200000/target-module@b000/i2c@0/tda19988@70: Fixed dependency cycle(s) with /ocp/interconnect@48000000/segment@300000/target-module@e000/lcdc@0
[    0.143156] /ocp/interconnect@48000000/segment@300000/target-module@e000/lcdc@0: Fixed dependency cycle(s) with /ocp/interconnect@44c00000/segment@200000/target-module@b000/i2c@0/tda19988@70
[    0.145355] No ATAGs?
[    0.145393] hw-breakpoint: debug architecture 0x4 unsupported.
[    0.148457] kprobes: kprobe jump-optimization is enabled. All kprobes are optimized if possible.
[    0.154203] iommu: Default domain type: Translated
[    0.154227] iommu: DMA domain TLB invalidation policy: strict mode
[    0.155790] reg-fixed-voltage fixedregulator0: using DT '/fixedregulator0' for '(default)' GPIO lookup
[    0.155843] of_get_named_gpiod_flags: can't parse 'gpios' property of node '/fixedregulator0[0]'
[    0.155872] of_get_named_gpiod_flags: can't parse 'gpio' property of node '/fixedregulator0[0]'
[    0.155890] reg-fixed-voltage fixedregulator0: using lookup tables for GPIO lookup
[    0.155900] reg-fixed-voltage fixedregulator0: No GPIO consumer (default) found
[    0.161372] SCSI subsystem initialized
[    0.161850] libata version 3.00 loaded.
[    0.162237] pps_core: LinuxPPS API ver. 1 registered
[    0.162247] pps_core: Software ver. 5.3.6 - Copyright 2005-2007 Rodolfo Giometti <giometti@linux.it>
[    0.162272] PTP clock support registered
[    0.171493] vgaarb: loaded
[    0.171881] clocksource: Switched to clocksource dmtimer
[    0.172555] VFS: Disk quotas dquot_6.6.0
[    0.172619] VFS: Dquot-cache hash table entries: 1024 (order 0, 4096 bytes)
[    0.198091] NET: Registered PF_INET protocol family
[    0.198424] IP idents hash table entries: 8192 (order: 4, 65536 bytes, linear)
[    0.199853] tcp_listen_portaddr_hash hash table entries: 512 (order: 0, 4096 bytes, linear)
[    0.199887] Table-perturb hash table entries: 65536 (order: 6, 262144 bytes, linear)
[    0.199905] TCP established hash table entries: 4096 (order: 2, 16384 bytes, linear)
[    0.199952] TCP bind hash table entries: 4096 (order: 4, 65536 bytes, linear)
[    0.200052] TCP: Hash tables configured (established 4096 bind 4096)
[    0.200177] UDP hash table entries: 256 (order: 1, 14336 bytes, linear)
[    0.200211] UDP-Lite hash table entries: 256 (order: 1, 14336 bytes, linear)
[    0.200423] NET: Registered PF_UNIX/PF_LOCAL protocol family
[    0.202598] RPC: Registered named UNIX socket transport module.
[    0.202621] RPC: Registered udp transport module.
[    0.202627] RPC: Registered tcp transport module.
[    0.202632] RPC: Registered tcp-with-tls transport module.
[    0.202636] RPC: Registered tcp NFSv4.1 backchannel transport module.
[    0.202660] PCI: CLS 0 bytes, default 64
[    0.204063] Initialise system trusted keyrings
[    0.212497] workingset: timestamp_bits=14 max_order=17 bucket_order=3
[    0.213953] NFS: Registering the id_resolver key type
[    0.214047] Key type id_resolver registered
[    0.214054] Key type id_legacy registered
[    0.214171] jffs2: version 2.2. (NAND) (SUMMARY)  Â© 2001-2006 Red Hat, Inc.
[    0.214646] Key type asymmetric registered
[    0.214665] Asymmetric key parser 'x509' registered
[    0.214738] io scheduler mq-deadline registered
[    0.214747] io scheduler kyber registered
[    0.214831] io scheduler bfq registered
[    0.216693] target-module@4b000000:target-module@140000:pmu@0:fck: device ID is greater than 24
[    0.222250] ledtrig-cpu: registered to indicate activity on CPUs
[    0.225954] Serial: 8250/16550 driver, 6 ports, IRQ sharing enabled
[    0.265780] brd: module loaded
[    0.285982] loop: module loaded
[    0.286906] mtdoops: mtd device (mtddev=name/number) must be supplied
[    0.288442] mdio_bus fixed-0: using lookup tables for GPIO lookup
[    0.288468] mdio_bus fixed-0: No GPIO consumer reset found
[    0.289859] i2c_dev: i2c /dev entries driver
[    0.290890] cpuidle: enable-method property 'ti,am3352' found operations
[    0.291332] sdhci: Secure Digital Host Controller Interface driver
[    0.291340] sdhci: Copyright(c) Pierre Ossman
[    0.291524] sdhci-pltfm: SDHCI platform and OF driver helper
[    0.302256] hw perfevents: enabled with armv7_cortex_a8 PMU driver, 5 (8000000f) counters available
[    0.302812] Initializing XFRM netlink socket
[    0.302981] NET: Registered PF_INET6 protocol family
[    0.304986] Segment Routing with IPv6
[    0.305069] In-situ OAM (IOAM) with IPv6
[    0.305169] sit: IPv6, IPv4 and MPLS over IPv4 tunneling driver
[    0.306140] NET: Registered PF_PACKET protocol family
[    0.306170] NET: Registered PF_KEY protocol family
[    0.306330] Key type dns_resolver registered
[    0.306553] ThumbEE CPU extension supported.
[    0.306574] Registering SWP/SWPB emulation handler
[    0.307102] omap_voltage_late_init: Voltage driver support not added
[    0.307764] SmartReflex Class3 initialized
[    0.348690] Loading compiled-in X.509 certificates
[    0.378772] /ocp/interconnect@44c00000/segment@200000/target-module@b000/i2c@0/tda19988@70: Fixed dependency cycle(s) with /ocp/interconnect@48000000/segment@300000/target-module@e000/lcdc@0
[    0.385370] /ocp/interconnect@44c00000/segment@200000/target-module@b000/i2c@0/tda19988@70: Fixed dependency cycle(s) with /ocp/interconnect@48000000/segment@300000/target-module@e000/lcdc@0
[    0.390820] gpiochip_find_base_unlocked: found new base at 512
[    0.410678] /ocp/interconnect@44c00000/segment@200000/target-module@b000/i2c@0/tda19988@70: Fixed dependency cycle(s) with /ocp/interconnect@48000000/segment@300000/target-module@e000/lcdc@0
[    0.411596] /ocp/interconnect@44c00000/segment@200000/target-module@b000/i2c@0/tda19988@70: Fixed dependency cycle(s) with /ocp/interconnect@48000000/segment@300000/target-module@e000/lcdc@0
[    0.415519] /ocp/interconnect@44c00000/segment@200000/target-module@10000/scm@0/pinmux@800: Fixed dependency cycle(s) with /ocp/interconnect@44c00000/segment@200000/target-module@10000/scm@0/pinmux@800/clkout2-pins
[    0.416112] pinctrl-single 44e10800.pinmux: 142 pins, size 568
[    0.421536] ti-sysc 44e31000.target-module: probe with driver ti-sysc failed with error -16
[    0.468857] /ocp/interconnect@48000000/segment@300000/target-module@e000/lcdc@0: Fixed dependency cycle(s) with /ocp/interconnect@44c00000/segment@200000/target-module@b000/i2c@0/tda19988@70
[    0.477208] ti-sysc 48040000.target-module: probe with driver ti-sysc failed with error -16
[    0.488903] gpiochip_find_base_unlocked: found new base at 512
[    0.489011] gpio gpiochip0: (gpio-0-31): created GPIO range 0->7 ==> 44e10800.pinmux PIN 0->7
[    0.489031] gpio gpiochip0: (gpio-0-31): created GPIO range 8->11 ==> 44e10800.pinmux PIN 90->93
[    0.489047] gpio gpiochip0: (gpio-0-31): created GPIO range 12->27 ==> 44e10800.pinmux PIN 12->27
[    0.489063] gpio gpiochip0: (gpio-0-31): created GPIO range 28->31 ==> 44e10800.pinmux PIN 30->33
[    0.513642] gpio gpiochip0: (gpio-0-31): added GPIO chardev (254:0)
[    0.513888] gpio gpiochip0: registered GPIOs 512 to 543 on gpio-0-31
[    0.513976] OMAP GPIO hardware version 0.1
[    0.548361] i2c i2c-2: using DT '/ocp/interconnect@48000000/segment@100000/target-module@9c000/i2c@0' for 'scl' GPIO lookup
[    0.548436] of_get_named_gpiod_flags: can't parse 'scl-gpios' property of node '/ocp/interconnect@48000000/segment@100000/target-module@9c000/i2c@0[0]'
[    0.548479] of_get_named_gpiod_flags: can't parse 'scl-gpio' property of node '/ocp/interconnect@48000000/segment@100000/target-module@9c000/i2c@0[0]'
[    0.548516] i2c i2c-2: using lookup tables for GPIO lookup
[    0.548527] i2c i2c-2: No GPIO consumer scl found
[    0.548547] i2c i2c-2: using DT '/ocp/interconnect@48000000/segment@100000/target-module@9c000/i2c@0' for 'sda' GPIO lookup
[    0.548583] of_get_named_gpiod_flags: can't parse 'sda-gpios' property of node '/ocp/interconnect@48000000/segment@100000/target-module@9c000/i2c@0[0]'
[    0.548620] of_get_named_gpiod_flags: can't parse 'sda-gpio' property of node '/ocp/interconnect@48000000/segment@100000/target-module@9c000/i2c@0[0]'
[    0.548651] i2c i2c-2: using lookup tables for GPIO lookup
[    0.548659] i2c i2c-2: No GPIO consumer sda found
[    0.549358] omap_i2c 4819c000.i2c: bus 2 rev0.11 at 100 kHz
[    0.555336] gpiochip_find_base_unlocked: found new base at 544
[    0.555436] gpio gpiochip1: (gpio-32-63): created GPIO range 0->17 ==> 44e10800.pinmux PIN 34->51
[    0.555457] gpio gpiochip1: (gpio-32-63): created GPIO range 18->21 ==> 44e10800.pinmux PIN 77->80
[    0.555473] gpio gpiochip1: (gpio-32-63): created GPIO range 22->31 ==> 44e10800.pinmux PIN 56->65
[    0.568516] gpio gpiochip1: (gpio-32-63): added GPIO chardev (254:1)
[    0.568749] gpio gpiochip1: registered GPIOs 544 to 575 on gpio-32-63
[    0.571036] gpiochip_find_base_unlocked: found new base at 576
[    0.571124] gpio gpiochip2: (gpio-64-95): created GPIO range 0->4 ==> 44e10800.pinmux PIN 66->70
[    0.571144] gpio gpiochip2: (gpio-64-95): created GPIO range 5->6 ==> 44e10800.pinmux PIN 98->99
[    0.571159] gpio gpiochip2: (gpio-64-95): created GPIO range 7->8 ==> 44e10800.pinmux PIN 75->76
[    0.571174] gpio gpiochip2: (gpio-64-95): created GPIO range 13->13 ==> 44e10800.pinmux PIN 141->141
[    0.571190] gpio gpiochip2: (gpio-64-95): created GPIO range 14->21 ==> 44e10800.pinmux PIN 100->107
[    0.589609] gpio gpiochip2: (gpio-64-95): added GPIO chardev (254:2)
[    0.589836] gpio gpiochip2: registered GPIOs 576 to 607 on gpio-64-95
[    0.595808] 48000000.interconnect:segment@200000:target-module@0:mpu@0:fck: device ID is greater than 24
[    0.596731] /ocp/interconnect@48000000/segment@300000/target-module@e000/lcdc@0: Fixed dependency cycle(s) with /ocp/interconnect@44c00000/segment@200000/target-module@b000/i2c@0/tda19988@70
[    0.599551] /ocp/interconnect@48000000/segment@300000/target-module@e000/lcdc@0: Fixed dependency cycle(s) with /ocp/interconnect@44c00000/segment@200000/target-module@b000/i2c@0/tda19988@70
[    0.600265] /ocp/interconnect@44c00000/segment@200000/target-module@b000/i2c@0/tda19988@70: Fixed dependency cycle(s) with /ocp/interconnect@48000000/segment@300000/target-module@e000/lcdc@0
[    0.600436] /ocp/interconnect@48000000/segment@300000/target-module@e000/lcdc@0: Fixed dependency cycle(s) with /ocp/interconnect@44c00000/segment@200000/target-module@b000/i2c@0/tda19988@70
[    0.608055] sdhci-omap 481d8000.mmc: using DT '/ocp/interconnect@48000000/segment@100000/target-module@d8000/mmc@0' for 'wp' GPIO lookup
[    0.608127] of_get_named_gpiod_flags: can't parse 'wp-gpios' property of node '/ocp/interconnect@48000000/segment@100000/target-module@d8000/mmc@0[0]'
[    0.608172] of_get_named_gpiod_flags: can't parse 'wp-gpio' property of node '/ocp/interconnect@48000000/segment@100000/target-module@d8000/mmc@0[0]'
[    0.608209] sdhci-omap 481d8000.mmc: using lookup tables for GPIO lookup
[    0.608219] sdhci-omap 481d8000.mmc: No GPIO consumer wp found
[    0.608421] sdhci-omap 481d8000.mmc: supply pbias not found, using dummy regulator
[    0.608904] sdhci-omap 481d8000.mmc: supply vqmmc not found, using dummy regulator
[    0.616855] mdio_bus 4a101000.mdio: using DT '/ocp/interconnect@4a000000/segment@0/target-module@100000/switch@0/mdio@1000' for 'reset' GPIO lookup
[    0.616927] of_get_named_gpiod_flags: can't parse 'reset-gpios' property of node '/ocp/interconnect@4a000000/segment@0/target-module@100000/switch@0/mdio@1000[0]'
[    0.616975] of_get_named_gpiod_flags: can't parse 'reset-gpio' property of node '/ocp/interconnect@4a000000/segment@0/target-module@100000/switch@0/mdio@1000[0]'
[    0.617023] mdio_bus 4a101000.mdio: using lookup tables for GPIO lookup
[    0.617033] mdio_bus 4a101000.mdio: No GPIO consumer reset found
[    0.663398] davinci_mdio 4a101000.mdio: davinci mdio revision 1.6, bus freq 1000000
[    0.681307] mdio_bus 4a101000.mdio:00: using DT '/ocp/interconnect@4a000000/segment@0/target-module@100000/switch@0/mdio@1000/ethernet-phy@0' for 'reset' GPIO lookup
[    0.681408] of_get_named_gpiod_flags: parsed 'reset-gpios' property of node '/ocp/interconnect@4a000000/segment@0/target-module@100000/switch@0/mdio@1000/ethernet-phy@0[0]' - status (0)
[    0.681574] gpio gpiochip0: Persistence not supported for GPIO 8
[    0.820669] davinci_mdio 4a101000.mdio: phy[0]: device 4a101000.mdio:00, driver SMSC LAN8710/LAN8720
[    0.821440] cpsw-switch 4a100000.switch: initialized cpsw ale version 1.4
[    0.821463] cpsw-switch 4a100000.switch: ALE Table size 1024, Policers 0
[    0.833661] cpsw-switch 4a100000.switch: cpts: overflow check period 500 (jiffies)
[    0.833686] cpsw-switch 4a100000.switch: CPTS: ref_clk_freq:250000000 calc_mult:2147483648 calc_shift:29 error:0 nsec/sec
[    0.833794] cpsw-switch 4a100000.switch: Detected MACID = 6c:ec:eb:68:de:78
[    0.835668] cpsw-switch 4a100000.switch: initialized (regs 0x4a100000, pool size 256) hw_ver:0019010C 1.12 (0)
[    0.858210] debugfs: '49000000.dma' already exists in 'dmaengine'
[    0.858253] edma 49000000.dma: TI EDMA DMA engine driver
[    0.908517] gpio-clk clk_mcasp0: using DT '/clk_mcasp0' for 'enable' GPIO lookup
[    0.908599] of_get_named_gpiod_flags: parsed 'enable-gpios' property of node '/clk_mcasp0[0]' - status (0)
[    0.908645] gpio gpiochip0: Persistence not supported for GPIO 27
[    0.909405] gpiochip_find_base_unlocked: found new base at 608
[    0.909520] gpio gpiochip3: (gpio-96-127): created GPIO range 0->7 ==> 44e10800.pinmux PIN 82->89
[    0.909540] gpio gpiochip3: (gpio-96-127): created GPIO range 8->11 ==> 44e10800.pinmux PIN 52->55
[    0.909556] gpio gpiochip3: (gpio-96-127): created GPIO range 12->15 ==> 44e10800.pinmux PIN 94->97
[    0.909571] gpio gpiochip3: (gpio-96-127): created GPIO range 16->17 ==> 44e10800.pinmux PIN 71->72
[    0.909587] gpio gpiochip3: (gpio-96-127): created GPIO range 18->18 ==> 44e10800.pinmux PIN 135->135
[    0.909603] gpio gpiochip3: (gpio-96-127): created GPIO range 19->20 ==> 44e10800.pinmux PIN 108->109
[    0.909621] gpio gpiochip3: (gpio-96-127): created GPIO range 21->21 ==> 44e10800.pinmux PIN 73->73
[    0.909643] gpio gpiochip3: (gpio-96-127): created GPIO range 22->23 ==> 44e10800.pinmux PIN 8->9
[    0.909661] gpio gpiochip3: (gpio-96-127): created GPIO range 26->27 ==> 44e10800.pinmux PIN 10->11
[    0.909679] gpio gpiochip3: (gpio-96-127): created GPIO range 28->28 ==> 44e10800.pinmux PIN 74->74
[    0.909697] gpio gpiochip3: (gpio-96-127): created GPIO range 29->29 ==> 44e10800.pinmux PIN 81->81
[    0.909716] gpio gpiochip3: (gpio-96-127): created GPIO range 30->31 ==> 44e10800.pinmux PIN 28->29
[    0.910741] gpio gpiochip3: (gpio-96-127): added GPIO chardev (254:3)
[    0.910967] gpio gpiochip3: registered GPIOs 608 to 639 on gpio-96-127
[    0.913121] omap8250 44e09000.serial: using DT '/ocp/interconnect@44c00000/segment@200000/target-module@9000/serial@0' for 'rs485-term' GPIO lookup
[    0.913193] of_get_named_gpiod_flags: can't parse 'rs485-term-gpios' property of node '/ocp/interconnect@44c00000/segment@200000/target-module@9000/serial@0[0]'
[    0.913238] of_get_named_gpiod_flags: can't parse 'rs485-term-gpio' property of node '/ocp/interconnect@44c00000/segment@200000/target-module@9000/serial@0[0]'
[    0.913275] omap8250 44e09000.serial: using lookup tables for GPIO lookup
[    0.913285] omap8250 44e09000.serial: No GPIO consumer rs485-term found
[    0.913295] omap8250 44e09000.serial: using DT '/ocp/interconnect@44c00000/segment@200000/target-module@9000/serial@0' for 'rs485-rx-during-tx' GPIO lookup
[    0.913331] of_get_named_gpiod_flags: can't parse 'rs485-rx-during-tx-gpios' property of node '/ocp/interconnect@44c00000/segment@200000/target-module@9000/serial@0[0]'
[    0.913368] of_get_named_gpiod_flags: can't parse 'rs485-rx-during-tx-gpio' property of node '/ocp/interconnect@44c00000/segment@200000/target-module@9000/serial@0[0]'
[    0.913400] omap8250 44e09000.serial: using lookup tables for GPIO lookup
[    0.913408] omap8250 44e09000.serial: No GPIO consumer rs485-rx-during-tx found
[    0.913869] 44e09000.serial: ttyS0 at MMIO 0x44e09000 (irq = 34, base_baud = 3000000) is a 8250
[    0.913993] printk: legacy console [ttyS0] enabled
[    2.411036] i2c i2c-0: using DT '/ocp/interconnect@44c00000/segment@200000/target-module@b000/i2c@0' for 'scl' GPIO lookup
[    2.411124] of_get_named_gpiod_flags: can't parse 'scl-gpios' property of node '/ocp/interconnect@44c00000/segment@200000/target-module@b000/i2c@0[0]'
[    2.411171] of_get_named_gpiod_flags: can't parse 'scl-gpio' property of node '/ocp/interconnect@44c00000/segment@200000/target-module@b000/i2c@0[0]'
[    2.411212] i2c i2c-0: using lookup tables for GPIO lookup
[    2.411226] i2c i2c-0: No GPIO consumer scl found
[    2.411250] i2c i2c-0: using DT '/ocp/interconnect@44c00000/segment@200000/target-module@b000/i2c@0' for 'sda' GPIO lookup
[    2.411290] of_get_named_gpiod_flags: can't parse 'sda-gpios' property of node '/ocp/interconnect@44c00000/segment@200000/target-module@b000/i2c@0[0]'
[    2.411332] of_get_named_gpiod_flags: can't parse 'sda-gpio' property of node '/ocp/interconnect@44c00000/segment@200000/target-module@b000/i2c@0[0]'
[    2.411368] i2c i2c-0: using lookup tables for GPIO lookup
[    2.411379] i2c i2c-0: No GPIO consumer sda found
[    2.432810] tps65217-pmic: Failed to locate of_node [id: -1]
[    2.438862] tps65217-bl: Failed to locate of_node [id: -1]
[    2.446299] platform tps65217-charger: DMA mask not set
[    2.453339] platform tps65217-pwrbutton: DMA mask not set
[    2.461138] tps65217 0-0024: TPS65217 ID 0xe version 1.2
[    2.467212] /ocp/interconnect@48000000/segment@300000/target-module@e000/lcdc@0: Fixed dependency cycle(s) with /ocp/interconnect@44c00000/segment@200000/target-module@b000/i2c@0/tda19988@70
[    2.484624] /ocp/interconnect@44c00000/segment@200000/target-module@b000/i2c@0/tda19988@70: Fixed dependency cycle(s) with /ocp/interconnect@48000000/segment@300000/target-module@e000/lcdc@0
[    2.502028] omap_i2c 44e0b000.i2c: bus 0 rev0.11 at 400 kHz
[    2.509846] sdhci-omap 48060000.mmc: using DT '/ocp/interconnect@48000000/segment@0/target-module@60000/mmc@0' for 'cd' GPIO lookup
[    2.509955] of_get_named_gpiod_flags: parsed 'cd-gpios' property of node '/ocp/interconnect@48000000/segment@0/target-module@60000/mmc@0[0]' - status (0)
[    2.510021] gpio gpiochip3: Persistence not supported for GPIO 6
[    2.510047] omap_gpio 44e07000.gpio: Could not set line 6 debounce to 200000 microseconds (-22)
[    2.518932] sdhci-omap 48060000.mmc: Got CD GPIO
[    2.523613] sdhci-omap 48060000.mmc: using DT '/ocp/interconnect@48000000/segment@0/target-module@60000/mmc@0' for 'wp' GPIO lookup
[    2.523664] of_get_named_gpiod_flags: can't parse 'wp-gpios' property of node '/ocp/interconnect@48000000/segment@0/target-module@60000/mmc@0[0]'
[    2.523710] of_get_named_gpiod_flags: can't parse 'wp-gpio' property of node '/ocp/interconnect@48000000/segment@0/target-module@60000/mmc@0[0]'
[    2.523750] sdhci-omap 48060000.mmc: using lookup tables for GPIO lookup
[    2.523764] sdhci-omap 48060000.mmc: No GPIO consumer wp found
[    2.523986] sdhci-omap 48060000.mmc: supply pbias not found, using dummy regulator
[    2.532836] sdhci-omap 481d8000.mmc: using DT '/ocp/interconnect@48000000/segment@100000/target-module@d8000/mmc@0' for 'wp' GPIO lookup
[    2.532933] of_get_named_gpiod_flags: can't parse 'wp-gpios' property of node '/ocp/interconnect@48000000/segment@100000/target-module@d8000/mmc@0[0]'
[    2.532982] of_get_named_gpiod_flags: can't parse 'wp-gpio' property of node '/ocp/interconnect@48000000/segment@100000/target-module@d8000/mmc@0[0]'
[    2.533022] sdhci-omap 481d8000.mmc: using lookup tables for GPIO lookup
[    2.533036] sdhci-omap 481d8000.mmc: No GPIO consumer wp found
[    2.534226] sdhci-omap 48060000.mmc: supply vqmmc not found, using dummy regulator
[    2.543408] sdhci-omap 481d8000.mmc: supply pbias not found, using dummy regulator
[    2.551450] sdhci-omap 481d8000.mmc: supply vqmmc not found, using dummy regulator
[    2.588537] mmc1: SDHCI controller on 481d8000.mmc [481d8000.mmc] using External DMA
[    2.596966] mmc0: SDHCI controller on 48060000.mmc [48060000.mmc] using External DMA
[    2.605824] cpsw-switch 4a100000.switch: starting ndev. mode: dual_mac
[    2.672189] mmc1: new high speed MMC card at address 0001
[    2.679013] mmcblk1: mmc1:0001 MMC04G 3.60 GiB
[    2.686929]  mmcblk1: p1 p2
[    2.690655] SMSC LAN8710/LAN8720 4a101000.mdio:00: attached PHY driver (mii_bus:phy_addr=4a101000.mdio:00, irq=POLL)
[    2.703252] mmcblk1boot0: mmc1:0001 MMC04G 2.00 MiB
[    2.717132] mmcblk1boot1: mmc1:0001 MMC04G 2.00 MiB
[    2.725787] mmcblk1rpmb: mmc1:0001 MMC04G 128 KiB, chardev (249:0)
[    2.775403] mmc0: new high speed SDHC card at address aaaa
[    2.782339] mmcblk0: mmc0:aaaa SE32G 29.7 GiB
[    2.791418]  mmcblk0: p1 p2
[    5.842643] cpsw-switch 4a100000.switch eth0: Link is Up - 100Mbps/Full - flow control off
[    5.871894] IP-Config: Complete:
[    5.875161]      device=eth0, hwaddr=6c:ec:eb:68:de:78, ipaddr=192.168.255.1, mask=255.255.255.0, gw=255.255.255.255
[    5.885814]      host=bbb1, domain=, nis-domain=(none)
[    5.890983]      bootserver=192.168.255.126, rootserver=192.168.255.126, rootpath=
[    5.891404] clk: Disabling unused clocks
[    5.903257] PM: genpd: Disabling unused power domains
[    5.908425] KTAP version 1
[    5.911151] 1..0
[    5.913939] check access for rdinit=/init failed: -2, ignoring
[    5.950295] VFS: Mounted root (nfs filesystem) on device 0:17.
[    5.957432] devtmpfs: mounted
[    5.962092] Freeing unused kernel image (initmem) memory: 1024K
[    5.968847] Run /sbin/init as init process
[    5.973033]   with arguments:
[    5.973049]     /sbin/init
[    5.973058]     nfsrootdebug
[    5.973068]   with environment:
[    5.973076]     HOME=/
[    5.973085]     TERM=linux
[    6.643834] systemd[1]: System time before build time, advancing clock.
[    8.151902] random: crng init done
[    8.184440] systemd[1]: systemd 232 running in system mode. (+PAM +AUDIT +SELINUX +IMA +APPARMOR +SMACK +SYSVINIT +UTMP +LIBCRYPTSETUP +GCRYPT +GNUTLS +ACL +XZ +LZ4 +SECCOMP +BLKID +ELFUTILS +KMOD +IDN)
[    8.203547] systemd[1]: Detected architecture arm.
[    8.235020] systemd[1]: Set hostname to <arm>.
[    9.387667] systemd[1]: syslog.socket: SO_PASSSEC failed: Operation not supported
[    9.395721] systemd[1]: Listening on Syslog Socket.
[    9.423379] systemd[1]: Created slice System Slice.
[    9.452438] systemd[1]: dev-hugepages.mount: Couldn't determine result for ConditionVirtualization=!private-users, assuming failed: No such file or directory
[    9.468609] systemd[1]: Listening on udev Control Socket.
[    9.492579] systemd[1]: Listening on udev Kernel Socket.
[    9.522453] systemd[1]: systemd-journald-dev-log.socket: SO_PASSSEC failed: Operation not supported
[   11.882425] systemd-journald[84]: Received request to flush runtime journal from PID 1
[   12.655448] omap_prm 44e00d00.prm: sync_state() pending due to 44d00000.cpu
[   14.554522] leds-gpio leds: using DT '/leds/led2' for '(default)' GPIO lookup
[   14.554629] of_get_named_gpiod_flags: parsed 'gpios' property of node '/leds/led2[0]' - status (0)
[   14.554688] gpio gpiochip0: Persistence not supported for GPIO 21
[   14.554704] gpio-533 (?): no flags found for GPIO (default)
[   14.592491] leds-gpio leds: using DT '/leds/led3' for '(default)' GPIO lookup
[   14.592601] of_get_named_gpiod_flags: parsed 'gpios' property of node '/leds/led3[0]' - status (0)
[   14.592661] gpio gpiochip0: Persistence not supported for GPIO 22
[   14.592676] gpio-534 (?): no flags found for GPIO (default)
[   14.640609] leds-gpio leds: using DT '/leds/led4' for '(default)' GPIO lookup
[   14.640722] of_get_named_gpiod_flags: parsed 'gpios' property of node '/leds/led4[0]' - status (0)
[   14.640779] gpio gpiochip0: Persistence not supported for GPIO 23
[   14.640794] gpio-535 (?): no flags found for GPIO (default)
[   14.652457] leds-gpio leds: using DT '/leds/led5' for '(default)' GPIO lookup
[   14.652555] of_get_named_gpiod_flags: parsed 'gpios' property of node '/leds/led5[0]' - status (0)
[   14.652609] gpio gpiochip0: Persistence not supported for GPIO 24
[   14.652624] gpio-536 (?): no flags found for GPIO (default)
[   15.092341] remoteproc remoteproc0: wkup_m3 is available
[   15.207006] omap_rtc 44e3e000.rtc: registered as rtc0
[   15.212369] omap_rtc 44e3e000.rtc: setting system clock to 2000-01-01T00:00:00 UTC (946684800)
[   15.221073] omap_rtc 44e3e000.rtc: using DT '/ocp/interconnect@44c00000/segment@200000/target-module@3e000/rtc@0' for 'wp' GPIO lookup
[   15.221145] of_get_named_gpiod_flags: can't parse 'wp-gpios' property of node '/ocp/interconnect@44c00000/segment@200000/target-module@3e000/rtc@0[0]'
[   15.221194] of_get_named_gpiod_flags: can't parse 'wp-gpio' property of node '/ocp/interconnect@44c00000/segment@200000/target-module@3e000/rtc@0[0]'
[   15.221237] omap_rtc 44e3e000.rtc: using lookup tables for GPIO lookup
[   15.221251] omap_rtc 44e3e000.rtc: No GPIO consumer wp found
[   15.645346] am335x-phy-driver 47401300.usb-phy: using DT '/ocp/target-module@47400000/usb-phy@1300' for 'reset' GPIO lookup
[   15.645442] of_get_named_gpiod_flags: can't parse 'reset-gpios' property of node '/ocp/target-module@47400000/usb-phy@1300[0]'
[   15.645489] of_get_named_gpiod_flags: can't parse 'reset-gpio' property of node '/ocp/target-module@47400000/usb-phy@1300[0]'
[   15.645530] am335x-phy-driver 47401300.usb-phy: using lookup tables for GPIO lookup
[   15.645545] am335x-phy-driver 47401300.usb-phy: No GPIO consumer reset found
[   15.645560] am335x-phy-driver 47401300.usb-phy: using DT '/ocp/target-module@47400000/usb-phy@1300' for 'vbus-detect' GPIO lookup
[   15.645592] of_get_named_gpiod_flags: can't parse 'vbus-detect-gpios' property of node '/ocp/target-module@47400000/usb-phy@1300[0]'
[   15.645626] of_get_named_gpiod_flags: can't parse 'vbus-detect-gpio' property of node '/ocp/target-module@47400000/usb-phy@1300[0]'
[   15.645653] am335x-phy-driver 47401300.usb-phy: using lookup tables for GPIO lookup
[   15.645666] am335x-phy-driver 47401300.usb-phy: No GPIO consumer vbus-detect found
[   15.645814] am335x-phy-driver 47401300.usb-phy: dummy supplies not allowed for exclusive requests (id=vbus)
[   15.762773] usbcore: registered new interface driver usbfs
[   15.768407] usbcore: registered new interface driver hub
[   15.773984] usbcore: registered new device driver usb
[   15.786899] am335x-phy-driver 47401b00.usb-phy: using DT '/ocp/target-module@47400000/usb-phy@1b00' for 'reset' GPIO lookup
[   15.786988] of_get_named_gpiod_flags: can't parse 'reset-gpios' property of node '/ocp/target-module@47400000/usb-phy@1b00[0]'
[   15.787032] of_get_named_gpiod_flags: can't parse 'reset-gpio' property of node '/ocp/target-module@47400000/usb-phy@1b00[0]'
[   15.787070] am335x-phy-driver 47401b00.usb-phy: using lookup tables for GPIO lookup
[   15.787085] am335x-phy-driver 47401b00.usb-phy: No GPIO consumer reset found
[   15.787100] am335x-phy-driver 47401b00.usb-phy: using DT '/ocp/target-module@47400000/usb-phy@1b00' for 'vbus-detect' GPIO lookup
[   15.787131] of_get_named_gpiod_flags: can't parse 'vbus-detect-gpios' property of node '/ocp/target-module@47400000/usb-phy@1b00[0]'
[   15.787164] of_get_named_gpiod_flags: can't parse 'vbus-detect-gpio' property of node '/ocp/target-module@47400000/usb-phy@1b00[0]'
[   15.787190] am335x-phy-driver 47401b00.usb-phy: using lookup tables for GPIO lookup
[   15.787202] am335x-phy-driver 47401b00.usb-phy: No GPIO consumer vbus-detect found
[   15.787350] am335x-phy-driver 47401b00.usb-phy: dummy supplies not allowed for exclusive requests (id=vbus)
[   15.814911] at24 2-0054: supply vcc not found, using dummy regulator
[   15.940125] input: tps65217_pwrbutton as /devices/platform/ocp/44c00000.interconnect/44c00000.interconnect:segment@200000/44e0b000.target-module/44e0b000.i2c/i2c-0/0-0024/tps65217-pwrbutton/input/input0
[   15.969607] at24 2-0055: supply vcc not found, using dummy regulator
[   16.098343] at24 2-0056: supply vcc not found, using dummy regulator
[   16.195308] at24 2-0057: supply vcc not found, using dummy regulator
[   16.273005] omap_wdt: OMAP Watchdog Timer Rev 0x01: initial timeout 60 sec
[   16.375231] at24 0-0050: using DT '/ocp/interconnect@44c00000/segment@200000/target-module@b000/i2c@0/eeprom@50' for 'wp' GPIO lookup
[   16.375351] of_get_named_gpiod_flags: can't parse 'wp-gpios' property of node '/ocp/interconnect@44c00000/segment@200000/target-module@b000/i2c@0/eeprom@50[0]'
[   16.375412] of_get_named_gpiod_flags: can't parse 'wp-gpio' property of node '/ocp/interconnect@44c00000/segment@200000/target-module@b000/i2c@0/eeprom@50[0]'
[   16.375460] at24 0-0050: using lookup tables for GPIO lookup
[   16.375475] at24 0-0050: No GPIO consumer wp found
[   16.375841] at24 0-0050: 32768 byte 24c256 EEPROM, writable, 1 bytes/write
[   17.114460] musb-hdrc musb-hdrc.1: MUSB HDRC host driver
[   17.119879] musb-hdrc musb-hdrc.1: new USB bus registered, assigned bus number 1
[   17.381055] usb usb1: New USB device found, idVendor=1d6b, idProduct=0002, bcdDevice= 6.18
[   17.389537] usb usb1: New USB device strings: Mfr=3, Product=2, SerialNumber=1
[   17.396835] usb usb1: Product: MUSB HDRC host driver
[   17.401829] usb usb1: Manufacturer: Linux 6.18.0-rc3-next-20251029 musb-hcd
[   17.408851] usb usb1: SerialNumber: musb-hdrc.1
[   17.861711] hub 1-0:1.0: USB hub found
[   17.910052] hub 1-0:1.0: 1 port detected
[   18.469038] tda998x 0-0070: found TDA19988
[   18.603891] omap-mailbox 480c8000.mailbox: omap mailbox rev 0x400
[   18.672731] remoteproc remoteproc0: powering up wkup_m3
[   18.937040] remoteproc remoteproc0: Direct firmware load for am335x-pm-firmware.elf failed with error -2
[   18.946805] remoteproc remoteproc0: request_firmware failed: -2
[   18.952837] wkup_m3_ipc 44e11324.wkup_m3_ipc: rproc_boot failed
[   20.667348] omap_rng 48310000.rng: Random Number Generator ver. 20
[   20.923160] tilcdc 4830e000.lcdc: bound 0-0070 (ops tda998x_driver_exit [tda998x])
[   20.989269] [drm] Initialized tilcdc 1.0.0 for 4830e000.lcdc on minor 0
[   21.062289] tilcdc 4830e000.lcdc: [drm] Cannot find any crtc or sizes
[   21.070149] tilcdc 4830e000.lcdc: [drm] Cannot find any crtc or sizes
[   21.936967] PM: Cannot get wkup_m3_ipc handle
[   22.027387] omap-sham 53100000.sham: hw accel on OMAP rev 4.3
[   22.144208] omap-sham 53100000.sham: will run requests pump with realtime priority
[   22.154877] PM: Cannot get wkup_m3_ipc handle
[   22.434600] omap-aes 53500000.aes: OMAP AES hw accel rev: 3.2
[   22.554216] omap-aes 53500000.aes: will run requests pump with realtime priority
[   22.562763] PM: Cannot get wkup_m3_ipc handle
[   24.174950] ------------[ cut here ]------------
[   24.179651] WARNING: net/8021q/vlan_core.c:236 at vlan_for_each+0x114/0x134, CPU#0: avahi-daemon/285
[   24.189000] RTNL: assertion failed at net/8021q/vlan_core.c (236)
[   24.195185] Modules linked in: ecdh_generic ecc snd_soc_simple_card omap_aes_driver snd_soc_simple_card_utils omap_crypto libaes omap_sham pm33xx crypto_engine ti_emif_sram tilcdc drm_dma_helper drm_client_lib omap_rng rng_core snd_soc_davinci_mcasp snd_soc_ti_udma snd_soc_ti_edma snd_soc_ti_sdma snd_soc_core snd_pcm_dmaengine omap_mailbox snd_pcm tda998x snd_timer cec snd drm_kms_helper soundcore drm wkup_m3_ipc musb_dsps musb_hdrc omap_wdt drm_panel_orientation_quirks udc_core watchdog tps65218_pwrbutton at24 usbcore phy_am335x phy_am335x_control phy_generic rtc_omap usb_common wkup_m3_rproc cppi41 leds_gpio cpufreq_dt led_class autofs4
[   24.252402] CPU: 0 UID: 107 PID: 285 Comm: avahi-daemon Not tainted 6.18.0-rc3-next-20251029 #1 NONE 
[   24.252423] Hardware name: Generic AM33XX (Flattened Device Tree)
[   24.252431] Call trace: 
[   24.252448]  unwind_backtrace from show_stack+0x10/0x14
[   24.252486]  show_stack from dump_stack_lvl+0x50/0x64
[   24.252511]  dump_stack_lvl from __warn+0x88/0x148
[   24.252529]  __warn from warn_slowpath_fmt+0x19c/0x1b0
[   24.252542]  warn_slowpath_fmt from vlan_for_each+0x114/0x134
[   24.252564]  vlan_for_each from cpsw_add_mc_addr+0x40/0xa4
[   24.252590]  cpsw_add_mc_addr from __hw_addr_ref_sync_dev+0x108/0x140
[   24.252622]  __hw_addr_ref_sync_dev from __dev_mc_add+0x7c/0x80
[   24.252645]  __dev_mc_add from igmp6_group_added+0xc8/0xe0
[   24.252675]  igmp6_group_added from __ipv6_dev_mc_inc+0x218/0x364
[   24.252695]  __ipv6_dev_mc_inc from __ipv6_sock_mc_join+0x11c/0x1c0
[   24.252713]  __ipv6_sock_mc_join from do_ipv6_setsockopt+0x1214/0x1310
[   24.252747]  do_ipv6_setsockopt from ipv6_setsockopt+0x60/0xcc
[   24.252769]  ipv6_setsockopt from udpv6_setsockopt+0x2c/0x6c
[   24.252788]  udpv6_setsockopt from sock_common_setsockopt+0x30/0x40
[   24.252818]  sock_common_setsockopt from do_sock_setsockopt+0x50/0x9c
[   24.252841]  do_sock_setsockopt from __sys_setsockopt+0x70/0xbc
[   24.252861]  __sys_setsockopt from ret_fast_syscall+0x0/0x58
[   24.252878] Exception stack(0xe018dfa8 to 0xe018dff0)
[   24.252893] dfa0:                   00000014 b6f71ce8 0000000d 00000029 00000014 be8419ec
[   24.252905] dfc0: 00000014 b6f71ce8 00000014 00000126 0000000d b6f1aff4 0051e988 00506558
[   24.252913] dfe0: b6f30088 be8419d8 b6f0d309 b6de441a
[   24.252921] ---[ end trace 0000000000000000 ]---
[   25.339969] Bluetooth: Core ver 2.22
[   25.344004] NET: Registered PF_BLUETOOTH protocol family
[   25.349359] Bluetooth: HCI device and connection manager initialized
[   25.355882] Bluetooth: HCI socket layer initialized
[   25.360797] Bluetooth: L2CAP socket layer initialized
[   25.365978] Bluetooth: SCO socket layer initialized
[   25.875931] PM: Cannot get wkup_m3_ipc handle
[   25.882275] asoc-simple-card sound: using DT '/sound' for 'simple-audio-card,hp-det' GPIO lookup
[   25.882350] of_get_named_gpiod_flags: can't parse 'simple-audio-card,hp-det-gpios' property of node '/sound[0]'
[   25.882387] of_get_named_gpiod_flags: can't parse 'simple-audio-card,hp-det-gpio' property of node '/sound[0]'
[   25.882415] asoc-simple-card sound: using lookup tables for GPIO lookup
[   25.882429] asoc-simple-card sound: No GPIO consumer simple-audio-card,hp-det found
[   25.882444] asoc-simple-card sound: using DT '/sound' for 'simple-audio-card,mic-det' GPIO lookup
[   25.882469] of_get_named_gpiod_flags: can't parse 'simple-audio-card,mic-det-gpios' property of node '/sound[0]'
[   25.882495] of_get_named_gpiod_flags: can't parse 'simple-audio-card,mic-det-gpio' property of node '/sound[0]'
[   25.882515] asoc-simple-card sound: using lookup tables for GPIO lookup
[   25.882527] asoc-simple-card sound: No GPIO consumer simple-audio-card,mic-det found
[   25.906737] tda998x 0-0070: using DT '/ocp/interconnect@44c00000/segment@200000/target-module@b000/i2c@0/tda19988@70' for 'nxp,calib' GPIO lookup
[   25.906880] of_get_named_gpiod_flags: parsed 'nxp,calib-gpios' property of node '/ocp/interconnect@44c00000/segment@200000/target-module@b000/i2c@0/tda19988@70[0]' - status (0)
[   25.906965] gpio gpiochip0: Persistence not supported for GPIO 25
[   25.906980] gpio-537 (nxp,calib): no flags found for GPIO nxp,calib
[   25.908841] gpio-537 (nxp,calib): gpiod_direction_output_nonotify: tried to set a GPIO tied to an IRQ as output
[   26.038621] PM: Cannot get wkup_m3_ipc handle
[   26.191158] tda9950 0-0034: TDA9950 CEC interface, hardware version 3.3
[   26.302770] PM: Cannot get wkup_m3_ipc handle
[   29.679660] userial_init: registered 8 ttyGS* devices
[   29.826862] rndis_register: configNr = 0
[   29.881788] udc musb-hdrc.0: binding gadget driver [g_multi]
[   29.882089] configfs-gadget.g_multi gadget.0: adding 'rndis'/684f1e53 to config 'c'/544c034f
[   29.883230] configfs-gadget.g_multi gadget.0: HOST MAC 1c:ba:8c:a2:ed:6c
[   29.890004] configfs-gadget.g_multi gadget.0: MAC 1c:ba:8c:a2:ed:70
[   29.896479] rndis_set_param_medium: 0 0
[   29.896505] configfs-gadget.g_multi gadget.0: RNDIS: IN/ep1in OUT/ep1out NOTIFY/ep2in
[   29.896522] configfs-gadget.g_multi gadget.0: adding 'cdc_ethernet'/91acfa1f to config 'c'/544c034f
[   29.897393] configfs-gadget.g_multi gadget.0: HOST MAC 1c:ba:8c:a2:ed:6c
[   29.904296] configfs-gadget.g_multi gadget.0: MAC 1c:ba:8c:a2:ed:6d
[   29.910646] configfs-gadget.g_multi gadget.0: CDC Ethernet: IN/ep3in OUT/ep2out NOTIFY/ep4in
[   29.910666] configfs-gadget.g_multi gadget.0: adding 'acm'/7a63f549 to config 'c'/544c034f
[   29.910702] configfs-gadget.g_multi gadget.0: acm ttyGS0: IN/ep5in OUT/ep3out NOTIFY/ep6in
[   29.913588] PM: Cannot get wkup_m3_ipc handle
[   31.666192] configfs-gadget.g_multi gadget.0: eth_open
[   35.635957] gs_open: ttyGS0 (4c8046cb,e273ba6c)
[   35.636088] gs_close: ttyGS0 (4c8046cb,e273ba6c) ...
[   35.636109] gs_close: ttyGS0 (4c8046cb,e273ba6c) done!
[   35.639190] gs_open: ttyGS0 (4c8046cb,ed9a5546)
[   35.639329] gs_close: ttyGS0 (4c8046cb,ed9a5546) ...
[   35.639351] gs_close: ttyGS0 (4c8046cb,ed9a5546) done!
[   35.850607] gs_open: ttyGS0 (09dd840a,470715a6)
[   35.850834] gs_close: ttyGS0 (09dd840a,470715a6) ...
[   35.850862] gs_close: ttyGS0 (09dd840a,470715a6) done!
[   35.851208] gs_open: ttyGS0 (09dd840a,470715a6)
XFFSZHVZOQ 0
root@arm:~# echo 'QBHV''YFQTLL'
QBHVYFQTLL
root@arm:~# MARKER='OVNV''GHETLP' run 'modprobe test_linear_ranges'
OVNVGHETLPOVNVGHETLP 0
root@arm:~# echo 'MPUX''YBOCNH'
MPUXYBOCNH
root@arm:~# MARKER='CFHX''BFCXSE' run dmesg
CFHXBFCXSE[    0.000000] Booting Linux on physical CPU 0x0
[    0.000000] Linux version 6.18.0-rc3-next-20251029 (user01@drvtest01) (arm-none-eabi-gcc (Arm GNU Toolchain 14.2.Rel1 (Build arm-14.52)) 14.2.1 20241119, GNU ld (Arm GNU Toolchain 14.2.Rel1 (Build arm-14.52)) 2.43.1.20241119) #1 SMP Wed Oct 29 05:28:25 EET 2025
[    0.000000] CPU: ARMv7 Processor [413fc082] revision 2 (ARMv7), cr=10c5387d
[    0.000000] CPU: PIPT / VIPT nonaliasing data cache, VIPT aliasing instruction cache
[    0.000000] OF: fdt: Machine model: TI AM335x BeagleBone Black
[    0.000000] Memory policy: Data cache writeback
[    0.000000] cma: Reserved 16 MiB at 0x9e800000
[    0.000000] Zone ranges:
[    0.000000]   Normal   [mem 0x0000000080000000-0x000000009fdfffff]
[    0.000000]   HighMem  empty
[    0.000000] Movable zone start for each node
[    0.000000] Early memory node ranges
[    0.000000]   node   0: [mem 0x0000000080000000-0x000000009fdfffff]
[    0.000000] Initmem setup node 0 [mem 0x0000000080000000-0x000000009fdfffff]
[    0.000000] On node 0, zone Normal: 512 pages in unavailable ranges
[    0.000000] OF: reserved mem: Reserved memory: No reserved-memory node in the DT
[    0.000000] CPU: All CPU(s) started in SVC mode.
[    0.000000] AM335X ES2.1 (sgx neon)
[    0.000000] percpu: Embedded 17 pages/cpu s40012 r8192 d21428 u69632
[    0.000000] pcpu-alloc: s40012 r8192 d21428 u69632 alloc=17*4096
[    0.000000] pcpu-alloc: [0] 0 
[    0.000000] Kernel command line: console=ttyO0,115200n8 root=/dev/nfs rw nfsroot=192.168.255.126:/home/user01/nfs,nfsvers=3 ip=192.168.255.1:192.168.255.126::255.255.255.0:bbb1:eth0 nfsrootdebug
[    0.000000] Unknown kernel command line parameters "nfsrootdebug", will be passed to user space.
[    0.000000] printk: log buffer data + meta data: 65536 + 204800 = 270336 bytes
[    0.000000] Dentry cache hash table entries: 65536 (order: 6, 262144 bytes, linear)
[    0.000000] Inode-cache hash table entries: 32768 (order: 5, 131072 bytes, linear)
[    0.000000] Built 1 zonelists, mobility grouping on.  Total pages: 130560
[    0.000000] mem auto-init: stack:off, heap alloc:off, heap free:off
[    0.000000] SLUB: HWalign=16, Order=0-3, MinObjects=0, CPUs=1, Nodes=1
[    0.000000] rcu: Hierarchical RCU implementation.
[    0.000000] rcu: 	RCU event tracing is enabled.
[    0.000000] rcu: 	RCU restricting CPUs from NR_CPUS=2 to nr_cpu_ids=1.
[    0.000000] 	Tracing variant of Tasks RCU enabled.
[    0.000000] rcu: RCU calculated value of scheduler-enlistment delay is 10 jiffies.
[    0.000000] rcu: Adjusting geometry for rcu_fanout_leaf=16, nr_cpu_ids=1
[    0.000000] RCU Tasks Trace: Setting shift to 0 and lim to 1 rcu_task_cb_adjust=1 rcu_task_cpu_ids=1.
[    0.000000] NR_IRQS: 16, nr_irqs: 16, preallocated irqs: 16
[    0.000000] IRQ: Found an INTC at 0x(ptrval) (revision 5.0) with 128 interrupts
[    0.000000] rcu: srcu_init: Setting srcu_struct sizes based on contention.
[    0.000000] TI gptimer clocksource: always-on /ocp/interconnect@44c00000/segment@200000/target-module@31000
[    0.000003] sched_clock: 32 bits at 24MHz, resolution 41ns, wraps every 89478484971ns
[    0.000026] clocksource: dmtimer: mask: 0xffffffff max_cycles: 0xffffffff, max_idle_ns: 79635851949 ns
[    0.000501] TI gptimer clockevent: 24000000 Hz at /ocp/interconnect@48000000/segment@0/target-module@40000
[    0.002074] Console: colour dummy device 80x30
[    0.002140] WARNING: Your 'console=ttyO0' has been replaced by 'ttyS0'
[    0.002148] This ensures that you still see kernel messages. Please
[    0.002153] update your kernel commandline.
[    0.002194] Calibrating delay loop... 996.14 BogoMIPS (lpj=4980736)
[    0.090615] CPU: Testing write buffer coherency: ok
[    0.090698] CPU0: Spectre v2: using BPIALL workaround
[    0.090708] pid_max: default: 32768 minimum: 301
[    0.091016] Mount-cache hash table entries: 1024 (order: 0, 4096 bytes, linear)
[    0.091037] Mountpoint-cache hash table entries: 1024 (order: 0, 4096 bytes, linear)
[    0.092626] CPU0: thread -1, cpu 0, socket -1, mpidr 0
[    0.092685] cacheinfo: Unable to detect cache hierarchy for CPU 0
[    0.094709] Setting up static identity map for 0x80100000 - 0x80100078
[    0.095024] rcu: Hierarchical SRCU implementation.
[    0.095034] rcu: 	Max phase no-delay instances is 1000.
[    0.096729] smp: Bringing up secondary CPUs ...
[    0.096785] smp: Brought up 1 node, 1 CPU
[    0.096798] SMP: Total of 1 processors activated (996.14 BogoMIPS).
[    0.096810] CPU: All CPU(s) started in SVC mode.
[    0.097007] Memory: 480992K/522240K available (11264K kernel code, 1227K rwdata, 2952K rodata, 1024K init, 255K bss, 23336K reserved, 16384K cma-reserved, 0K highmem)
[    0.097816] devtmpfs: initialized
[    0.114840] VFP support v0.3: implementor 41 architecture 3 part 30 variant c rev 3
[    0.115512] clocksource: jiffies: mask: 0xffffffff max_cycles: 0xffffffff, max_idle_ns: 19112604462750000 ns
[    0.115567] posixtimers hash table entries: 512 (order: 0, 4096 bytes, linear)
[    0.115593] futex hash table entries: 256 (16384 bytes on 1 NUMA nodes, total 16 KiB, linear).
[    0.118796] NET: Registered PF_NETLINK/PF_ROUTE protocol family
[    0.121964] DMA: preallocated 256 KiB pool for atomic coherent allocations
[    0.122565] audit: initializing netlink subsys (disabled)
[    0.123895] thermal_sys: Registered thermal governor 'fair_share'
[    0.123912] thermal_sys: Registered thermal governor 'step_wise'
[    0.123921] thermal_sys: Registered thermal governor 'user_space'
[    0.124034] audit: type=2000 audit(0.120:1): state=initialized audit_enabled=0 res=1
[    0.124106] cpuidle: using governor menu
[    0.142068] /ocp/interconnect@44c00000/segment@200000/target-module@b000/i2c@0/tda19988@70: Fixed dependency cycle(s) with /ocp/interconnect@48000000/segment@300000/target-module@e000/lcdc@0
[    0.143156] /ocp/interconnect@48000000/segment@300000/target-module@e000/lcdc@0: Fixed dependency cycle(s) with /ocp/interconnect@44c00000/segment@200000/target-module@b000/i2c@0/tda19988@70
[    0.145355] No ATAGs?
[    0.145393] hw-breakpoint: debug architecture 0x4 unsupported.
[    0.148457] kprobes: kprobe jump-optimization is enabled. All kprobes are optimized if possible.
[    0.154203] iommu: Default domain type: Translated
[    0.154227] iommu: DMA domain TLB invalidation policy: strict mode
[    0.155790] reg-fixed-voltage fixedregulator0: using DT '/fixedregulator0' for '(default)' GPIO lookup
[    0.155843] of_get_named_gpiod_flags: can't parse 'gpios' property of node '/fixedregulator0[0]'
[    0.155872] of_get_named_gpiod_flags: can't parse 'gpio' property of node '/fixedregulator0[0]'
[    0.155890] reg-fixed-voltage fixedregulator0: using lookup tables for GPIO lookup
[    0.155900] reg-fixed-voltage fixedregulator0: No GPIO consumer (default) found
[    0.161372] SCSI subsystem initialized
[    0.161850] libata version 3.00 loaded.
[    0.162237] pps_core: LinuxPPS API ver. 1 registered
[    0.162247] pps_core: Software ver. 5.3.6 - Copyright 2005-2007 Rodolfo Giometti <giometti@linux.it>
[    0.162272] PTP clock support registered
[    0.171493] vgaarb: loaded
[    0.171881] clocksource: Switched to clocksource dmtimer
[    0.172555] VFS: Disk quotas dquot_6.6.0
[    0.172619] VFS: Dquot-cache hash table entries: 1024 (order 0, 4096 bytes)
[    0.198091] NET: Registered PF_INET protocol family
[    0.198424] IP idents hash table entries: 8192 (order: 4, 65536 bytes, linear)
[    0.199853] tcp_listen_portaddr_hash hash table entries: 512 (order: 0, 4096 bytes, linear)
[    0.199887] Table-perturb hash table entries: 65536 (order: 6, 262144 bytes, linear)
[    0.199905] TCP established hash table entries: 4096 (order: 2, 16384 bytes, linear)
[    0.199952] TCP bind hash table entries: 4096 (order: 4, 65536 bytes, linear)
[    0.200052] TCP: Hash tables configured (established 4096 bind 4096)
[    0.200177] UDP hash table entries: 256 (order: 1, 14336 bytes, linear)
[    0.200211] UDP-Lite hash table entries: 256 (order: 1, 14336 bytes, linear)
[    0.200423] NET: Registered PF_UNIX/PF_LOCAL protocol family
[    0.202598] RPC: Registered named UNIX socket transport module.
[    0.202621] RPC: Registered udp transport module.
[    0.202627] RPC: Registered tcp transport module.
[    0.202632] RPC: Registered tcp-with-tls transport module.
[    0.202636] RPC: Registered tcp NFSv4.1 backchannel transport module.
[    0.202660] PCI: CLS 0 bytes, default 64
[    0.204063] Initialise system trusted keyrings
[    0.212497] workingset: timestamp_bits=14 max_order=17 bucket_order=3
[    0.213953] NFS: Registering the id_resolver key type
[    0.214047] Key type id_resolver registered
[    0.214054] Key type id_legacy registered
[    0.214171] jffs2: version 2.2. (NAND) (SUMMARY)  Â© 2001-2006 Red Hat, Inc.
[    0.214646] Key type asymmetric registered
[    0.214665] Asymmetric key parser 'x509' registered
[    0.214738] io scheduler mq-deadline registered
[    0.214747] io scheduler kyber registered
[    0.214831] io scheduler bfq registered
[    0.216693] target-module@4b000000:target-module@140000:pmu@0:fck: device ID is greater than 24
[    0.222250] ledtrig-cpu: registered to indicate activity on CPUs
[    0.225954] Serial: 8250/16550 driver, 6 ports, IRQ sharing enabled
[    0.265780] brd: module loaded
[    0.285982] loop: module loaded
[    0.286906] mtdoops: mtd device (mtddev=name/number) must be supplied
[    0.288442] mdio_bus fixed-0: using lookup tables for GPIO lookup
[    0.288468] mdio_bus fixed-0: No GPIO consumer reset found
[    0.289859] i2c_dev: i2c /dev entries driver
[    0.290890] cpuidle: enable-method property 'ti,am3352' found operations
[    0.291332] sdhci: Secure Digital Host Controller Interface driver
[    0.291340] sdhci: Copyright(c) Pierre Ossman
[    0.291524] sdhci-pltfm: SDHCI platform and OF driver helper
[    0.302256] hw perfevents: enabled with armv7_cortex_a8 PMU driver, 5 (8000000f) counters available
[    0.302812] Initializing XFRM netlink socket
[    0.302981] NET: Registered PF_INET6 protocol family
[    0.304986] Segment Routing with IPv6
[    0.305069] In-situ OAM (IOAM) with IPv6
[    0.305169] sit: IPv6, IPv4 and MPLS over IPv4 tunneling driver
[    0.306140] NET: Registered PF_PACKET protocol family
[    0.306170] NET: Registered PF_KEY protocol family
[    0.306330] Key type dns_resolver registered
[    0.306553] ThumbEE CPU extension supported.
[    0.306574] Registering SWP/SWPB emulation handler
[    0.307102] omap_voltage_late_init: Voltage driver support not added
[    0.307764] SmartReflex Class3 initialized
[    0.348690] Loading compiled-in X.509 certificates
[    0.378772] /ocp/interconnect@44c00000/segment@200000/target-module@b000/i2c@0/tda19988@70: Fixed dependency cycle(s) with /ocp/interconnect@48000000/segment@300000/target-module@e000/lcdc@0
[    0.385370] /ocp/interconnect@44c00000/segment@200000/target-module@b000/i2c@0/tda19988@70: Fixed dependency cycle(s) with /ocp/interconnect@48000000/segment@300000/target-module@e000/lcdc@0
[    0.390820] gpiochip_find_base_unlocked: found new base at 512
[    0.410678] /ocp/interconnect@44c00000/segment@200000/target-module@b000/i2c@0/tda19988@70: Fixed dependency cycle(s) with /ocp/interconnect@48000000/segment@300000/target-module@e000/lcdc@0
[    0.411596] /ocp/interconnect@44c00000/segment@200000/target-module@b000/i2c@0/tda19988@70: Fixed dependency cycle(s) with /ocp/interconnect@48000000/segment@300000/target-module@e000/lcdc@0
[    0.415519] /ocp/interconnect@44c00000/segment@200000/target-module@10000/scm@0/pinmux@800: Fixed dependency cycle(s) with /ocp/interconnect@44c00000/segment@200000/target-module@10000/scm@0/pinmux@800/clkout2-pins
[    0.416112] pinctrl-single 44e10800.pinmux: 142 pins, size 568
[    0.421536] ti-sysc 44e31000.target-module: probe with driver ti-sysc failed with error -16
[    0.468857] /ocp/interconnect@48000000/segment@300000/target-module@e000/lcdc@0: Fixed dependency cycle(s) with /ocp/interconnect@44c00000/segment@200000/target-module@b000/i2c@0/tda19988@70
[    0.477208] ti-sysc 48040000.target-module: probe with driver ti-sysc failed with error -16
[    0.488903] gpiochip_find_base_unlocked: found new base at 512
[    0.489011] gpio gpiochip0: (gpio-0-31): created GPIO range 0->7 ==> 44e10800.pinmux PIN 0->7
[    0.489031] gpio gpiochip0: (gpio-0-31): created GPIO range 8->11 ==> 44e10800.pinmux PIN 90->93
[    0.489047] gpio gpiochip0: (gpio-0-31): created GPIO range 12->27 ==> 44e10800.pinmux PIN 12->27
[    0.489063] gpio gpiochip0: (gpio-0-31): created GPIO range 28->31 ==> 44e10800.pinmux PIN 30->33
[    0.513642] gpio gpiochip0: (gpio-0-31): added GPIO chardev (254:0)
[    0.513888] gpio gpiochip0: registered GPIOs 512 to 543 on gpio-0-31
[    0.513976] OMAP GPIO hardware version 0.1
[    0.548361] i2c i2c-2: using DT '/ocp/interconnect@48000000/segment@100000/target-module@9c000/i2c@0' for 'scl' GPIO lookup
[    0.548436] of_get_named_gpiod_flags: can't parse 'scl-gpios' property of node '/ocp/interconnect@48000000/segment@100000/target-module@9c000/i2c@0[0]'
[    0.548479] of_get_named_gpiod_flags: can't parse 'scl-gpio' property of node '/ocp/interconnect@48000000/segment@100000/target-module@9c000/i2c@0[0]'
[    0.548516] i2c i2c-2: using lookup tables for GPIO lookup
[    0.548527] i2c i2c-2: No GPIO consumer scl found
[    0.548547] i2c i2c-2: using DT '/ocp/interconnect@48000000/segment@100000/target-module@9c000/i2c@0' for 'sda' GPIO lookup
[    0.548583] of_get_named_gpiod_flags: can't parse 'sda-gpios' property of node '/ocp/interconnect@48000000/segment@100000/target-module@9c000/i2c@0[0]'
[    0.548620] of_get_named_gpiod_flags: can't parse 'sda-gpio' property of node '/ocp/interconnect@48000000/segment@100000/target-module@9c000/i2c@0[0]'
[    0.548651] i2c i2c-2: using lookup tables for GPIO lookup
[    0.548659] i2c i2c-2: No GPIO consumer sda found
[    0.549358] omap_i2c 4819c000.i2c: bus 2 rev0.11 at 100 kHz
[    0.555336] gpiochip_find_base_unlocked: found new base at 544
[    0.555436] gpio gpiochip1: (gpio-32-63): created GPIO range 0->17 ==> 44e10800.pinmux PIN 34->51
[    0.555457] gpio gpiochip1: (gpio-32-63): created GPIO range 18->21 ==> 44e10800.pinmux PIN 77->80
[    0.555473] gpio gpiochip1: (gpio-32-63): created GPIO range 22->31 ==> 44e10800.pinmux PIN 56->65
[    0.568516] gpio gpiochip1: (gpio-32-63): added GPIO chardev (254:1)
[    0.568749] gpio gpiochip1: registered GPIOs 544 to 575 on gpio-32-63
[    0.571036] gpiochip_find_base_unlocked: found new base at 576
[    0.571124] gpio gpiochip2: (gpio-64-95): created GPIO range 0->4 ==> 44e10800.pinmux PIN 66->70
[    0.571144] gpio gpiochip2: (gpio-64-95): created GPIO range 5->6 ==> 44e10800.pinmux PIN 98->99
[    0.571159] gpio gpiochip2: (gpio-64-95): created GPIO range 7->8 ==> 44e10800.pinmux PIN 75->76
[    0.571174] gpio gpiochip2: (gpio-64-95): created GPIO range 13->13 ==> 44e10800.pinmux PIN 141->141
[    0.571190] gpio gpiochip2: (gpio-64-95): created GPIO range 14->21 ==> 44e10800.pinmux PIN 100->107
[    0.589609] gpio gpiochip2: (gpio-64-95): added GPIO chardev (254:2)
[    0.589836] gpio gpiochip2: registered GPIOs 576 to 607 on gpio-64-95
[    0.595808] 48000000.interconnect:segment@200000:target-module@0:mpu@0:fck: device ID is greater than 24
[    0.596731] /ocp/interconnect@48000000/segment@300000/target-module@e000/lcdc@0: Fixed dependency cycle(s) with /ocp/interconnect@44c00000/segment@200000/target-module@b000/i2c@0/tda19988@70
[    0.599551] /ocp/interconnect@48000000/segment@300000/target-module@e000/lcdc@0: Fixed dependency cycle(s) with /ocp/interconnect@44c00000/segment@200000/target-module@b000/i2c@0/tda19988@70
[    0.600265] /ocp/interconnect@44c00000/segment@200000/target-module@b000/i2c@0/tda19988@70: Fixed dependency cycle(s) with /ocp/interconnect@48000000/segment@300000/target-module@e000/lcdc@0
[    0.600436] /ocp/interconnect@48000000/segment@300000/target-module@e000/lcdc@0: Fixed dependency cycle(s) with /ocp/interconnect@44c00000/segment@200000/target-module@b000/i2c@0/tda19988@70
[    0.608055] sdhci-omap 481d8000.mmc: using DT '/ocp/interconnect@48000000/segment@100000/target-module@d8000/mmc@0' for 'wp' GPIO lookup
[    0.608127] of_get_named_gpiod_flags: can't parse 'wp-gpios' property of node '/ocp/interconnect@48000000/segment@100000/target-module@d8000/mmc@0[0]'
[    0.608172] of_get_named_gpiod_flags: can't parse 'wp-gpio' property of node '/ocp/interconnect@48000000/segment@100000/target-module@d8000/mmc@0[0]'
[    0.608209] sdhci-omap 481d8000.mmc: using lookup tables for GPIO lookup
[    0.608219] sdhci-omap 481d8000.mmc: No GPIO consumer wp found
[    0.608421] sdhci-omap 481d8000.mmc: supply pbias not found, using dummy regulator
[    0.608904] sdhci-omap 481d8000.mmc: supply vqmmc not found, using dummy regulator
[    0.616855] mdio_bus 4a101000.mdio: using DT '/ocp/interconnect@4a000000/segment@0/target-module@100000/switch@0/mdio@1000' for 'reset' GPIO lookup
[    0.616927] of_get_named_gpiod_flags: can't parse 'reset-gpios' property of node '/ocp/interconnect@4a000000/segment@0/target-module@100000/switch@0/mdio@1000[0]'
[    0.616975] of_get_named_gpiod_flags: can't parse 'reset-gpio' property of node '/ocp/interconnect@4a000000/segment@0/target-module@100000/switch@0/mdio@1000[0]'
[    0.617023] mdio_bus 4a101000.mdio: using lookup tables for GPIO lookup
[    0.617033] mdio_bus 4a101000.mdio: No GPIO consumer reset found
[    0.663398] davinci_mdio 4a101000.mdio: davinci mdio revision 1.6, bus freq 1000000
[    0.681307] mdio_bus 4a101000.mdio:00: using DT '/ocp/interconnect@4a000000/segment@0/target-module@100000/switch@0/mdio@1000/ethernet-phy@0' for 'reset' GPIO lookup
[    0.681408] of_get_named_gpiod_flags: parsed 'reset-gpios' property of node '/ocp/interconnect@4a000000/segment@0/target-module@100000/switch@0/mdio@1000/ethernet-phy@0[0]' - status (0)
[    0.681574] gpio gpiochip0: Persistence not supported for GPIO 8
[    0.820669] davinci_mdio 4a101000.mdio: phy[0]: device 4a101000.mdio:00, driver SMSC LAN8710/LAN8720
[    0.821440] cpsw-switch 4a100000.switch: initialized cpsw ale version 1.4
[    0.821463] cpsw-switch 4a100000.switch: ALE Table size 1024, Policers 0
[    0.833661] cpsw-switch 4a100000.switch: cpts: overflow check period 500 (jiffies)
[    0.833686] cpsw-switch 4a100000.switch: CPTS: ref_clk_freq:250000000 calc_mult:2147483648 calc_shift:29 error:0 nsec/sec
[    0.833794] cpsw-switch 4a100000.switch: Detected MACID = 6c:ec:eb:68:de:78
[    0.835668] cpsw-switch 4a100000.switch: initialized (regs 0x4a100000, pool size 256) hw_ver:0019010C 1.12 (0)
[    0.858210] debugfs: '49000000.dma' already exists in 'dmaengine'
[    0.858253] edma 49000000.dma: TI EDMA DMA engine driver
[    0.908517] gpio-clk clk_mcasp0: using DT '/clk_mcasp0' for 'enable' GPIO lookup
[    0.908599] of_get_named_gpiod_flags: parsed 'enable-gpios' property of node '/clk_mcasp0[0]' - status (0)
[    0.908645] gpio gpiochip0: Persistence not supported for GPIO 27
[    0.909405] gpiochip_find_base_unlocked: found new base at 608
[    0.909520] gpio gpiochip3: (gpio-96-127): created GPIO range 0->7 ==> 44e10800.pinmux PIN 82->89
[    0.909540] gpio gpiochip3: (gpio-96-127): created GPIO range 8->11 ==> 44e10800.pinmux PIN 52->55
[    0.909556] gpio gpiochip3: (gpio-96-127): created GPIO range 12->15 ==> 44e10800.pinmux PIN 94->97
[    0.909571] gpio gpiochip3: (gpio-96-127): created GPIO range 16->17 ==> 44e10800.pinmux PIN 71->72
[    0.909587] gpio gpiochip3: (gpio-96-127): created GPIO range 18->18 ==> 44e10800.pinmux PIN 135->135
[    0.909603] gpio gpiochip3: (gpio-96-127): created GPIO range 19->20 ==> 44e10800.pinmux PIN 108->109
[    0.909621] gpio gpiochip3: (gpio-96-127): created GPIO range 21->21 ==> 44e10800.pinmux PIN 73->73
[    0.909643] gpio gpiochip3: (gpio-96-127): created GPIO range 22->23 ==> 44e10800.pinmux PIN 8->9
[    0.909661] gpio gpiochip3: (gpio-96-127): created GPIO range 26->27 ==> 44e10800.pinmux PIN 10->11
[    0.909679] gpio gpiochip3: (gpio-96-127): created GPIO range 28->28 ==> 44e10800.pinmux PIN 74->74
[    0.909697] gpio gpiochip3: (gpio-96-127): created GPIO range 29->29 ==> 44e10800.pinmux PIN 81->81
[    0.909716] gpio gpiochip3: (gpio-96-127): created GPIO range 30->31 ==> 44e10800.pinmux PIN 28->29
[    0.910741] gpio gpiochip3: (gpio-96-127): added GPIO chardev (254:3)
[    0.910967] gpio gpiochip3: registered GPIOs 608 to 639 on gpio-96-127
[    0.913121] omap8250 44e09000.serial: using DT '/ocp/interconnect@44c00000/segment@200000/target-module@9000/serial@0' for 'rs485-term' GPIO lookup
[    0.913193] of_get_named_gpiod_flags: can't parse 'rs485-term-gpios' property of node '/ocp/interconnect@44c00000/segment@200000/target-module@9000/serial@0[0]'
[    0.913238] of_get_named_gpiod_flags: can't parse 'rs485-term-gpio' property of node '/ocp/interconnect@44c00000/segment@200000/target-module@9000/serial@0[0]'
[    0.913275] omap8250 44e09000.serial: using lookup tables for GPIO lookup
[    0.913285] omap8250 44e09000.serial: No GPIO consumer rs485-term found
[    0.913295] omap8250 44e09000.serial: using DT '/ocp/interconnect@44c00000/segment@200000/target-module@9000/serial@0' for 'rs485-rx-during-tx' GPIO lookup
