Labgrid Console Logfile for main
Logfile started at 2025-07-21 13:12:36.865561
=== Log starts here ===

root@arm:~# run() { echo -n "$MARKER"; sh -c "$@"; echo "$MARKER $?"; }
root@arm:~# echo 'TWAL''ECJHNV'
TWALECJHNV
root@arm:~# MARKER='KKNK''AACUCF' run 'grep -rH bd79104 /sys/bus/iio/devices/*/naame | sed '"'"'s![^/]*$!!'"'"''
KKNKAACUCF/sys/bus/iio/devices/iio:device1/
KKNKAACUCF 0
root@arm:~# echo 'TXNO''PYOHFL'
TXNOPYOHFL
root@arm:~# MARKER='FZWJ''GPABQG' run 'grep -rH bd79701 /sys/bus/iio/devices/*/naame | sed '"'"'s![^/]*$!!'"'"''
FZWJGPABQG/sys/bus/iio/devices/iio:device0/
FZWJGPABQG 0
root@arm:~# Labgrid Console Logfile for main
Logfile started at 2025-07-21 13:12:40.462821
=== Log starts here ===

root@arm:~# run() { echo -n "$MARKER"; sh -c "$@"; echo "$MARKER $?"; }
root@arm:~# echo 'NSGK''EYOMLH'
NSGKEYOMLH
root@arm:~# MARKER='WPSP''YGZCFF' run 'grep -rH bd79104 /sys/bus/iio/devices/*/naame | sed '"'"'s![^/]*$!!'"'"''
WPSPYGZCFF/sys/bus/iio/devices/iio:device1/
WPSPYGZCFF 0
root@arm:~# echo 'USSV''XHCNWV'
USSVXHCNWV
root@arm:~# MARKER='CGGB''NAFVPL' run 'cat /sys/bus/iio/devices/iio\:device1/in_vvoltage_scale'
CGGBNAFVPL0.805664062
CGGBNAFVPL 0
root@arm:~# echo 'PLWP''CVXXFV'
PLWPCVXXFV
root@arm:~# MARKER='JFTH''SOCWQW' run '/./read_adc10x.sh /sys/bus/iio/devices/iioo\:device1/ 5'
JFTHSOCWQW[   68.826261] Internal error: Oops: 5 [#1] SMP ARM
[   68.830925] Modules linked in: ti_adc128s052 rohm_bd79703 industrialio mva_overlay(O) usb_f_acm u_serial usb_f_ecm usb_f_rndis u_ether libcomposite iptable_nat nf_nat nf_conntrack nf_defrag_ipv6 nf_defrag_ipv4 iptable_mangle snd_soc_hdmi_codec tda9950 iptable_filter evdev bluetooth ecdh_generic ecc snd_soc_simple_card snd_soc_simple_card_utils omap_aes_driver omap_crypto libaes omap_sham pm33xx crypto_engine ti_emif_sram tilcdc drm_dma_helper omap_rng drm_client_lib rng_core snd_soc_davinci_mcasp snd_soc_ti_udma snd_soc_ti_edma snd_soc_ti_sdma snd_soc_core snd_pcm_dmaengine snd_pcm snd_timer omap_mailbox snd soundcore musb_dsps tda998x musb_hdrc cec udc_core drm_kms_helper usbcore phy_am335x phy_generic omap_wdt usb_common drm cppi41 rtc_omap watchdog wkup_m3_ipc tps65218_pwrbutton drm_panel_orientation_quirks at24 phy_am335x_control wkup_m3_rproc leds_gpio cpufreq_dt led_class ip_tables x_tables autofs4
[   68.911845] CPU: 0 UID: 0 PID: 673 Comm: cat Tainted: G        W  O        6.16.0-rc7-next-20250721 #1 NONE 
[   68.921732] Tainted: [W]=WARN, [O]=OOT_MODULE
[   68.926108] Hardware name: Generic AM33XX (Flattened Device Tree)
[   68.932231] PC is at __spi_pump_transfer_message+0xc8/0x590
[   68.937853] LR is at 0xc31e1780
[   68.941012] pc : [<c0895bb4>]    lr : [<c31e1780>]    psr: a0070013
[   68.947310] sp : e02edd08  ip : 00000000  fp : c3211383
[   68.952559] r10: 00000002  r9 : c3211384  r8 : c32113c0
[   68.957808] r7 : e02edd8c  r6 : 00000000  r5 : c31e1400  r4 : c1221540
[   68.964366] r3 : c08996a4  r2 : 006d7264  r1 : c2f6d210  r0 : 00000000
[   68.970925] Flags: NzCv  IRQs on  FIQs on  Mode SVC_32  ISA ARM  Segment none
[   68.978098] Control: 10c5387d  Table: 83570019  DAC: 00000051
[   68.983869] Register r0 information: NULL pointer
[   68.988608] Register r1 information: slab kmalloc-256 start c2f6d200 pointer offset 16 size 256
[   68.997381] Register r2 information: non-paged memory
[   69.002461] Register r3 information: non-slab/vmalloc memory
[   69.008154] Register r4 information: non-slab/vmalloc memory
[   69.013846] Register r5 information: slab kmalloc-1k start c31e1400 pointer offset 0 size 1024
[   69.022525] Register r6 information: NULL pointer
[   69.027256] Register r7 information: 2-page vmalloc region starting at 0xe02ec000 allocated at kernel_clone+0x90/0x3a4
[   69.038033] Register r8 information: slab kmalloc-1k start c3211000 pointer offset 960 size 1024
[   69.046887] Register r9 information: slab kmalloc-1k start c3211000 pointer offset 900 size 1024
[   69.055741] Register r10 information: non-paged memory
[   69.060908] Register r11 information: slab kmalloc-1k start c3211000 pointer offset 899 size 1024
[   69.069848] Register r12 information: NULL pointer
[   69.074666] Process cat (pid: 673, stack limit = 0x8d877ea2)
[   69.080360] Stack: (0xe02edd08 to 0xe02ee000)
[   69.084744] dd00:                   e02edd34 e49067ab c31e1400 e02edd8c c31cc400 c31e1400
[   69.092964] dd20: e02edd8c 00000000 c31e1610 c32113c0 c3211384 00000002 c3211383 c08962e4
[   69.101184] dd40: 00000000 00000000 e02edd48 e02edd48 c2fa1c00 e49067ab 00000000 c31cc400
[   69.109404] dd60: e02edd8c c31cc400 c3211380 c32113c0 c3211384 c089645c e02edde4 e02edd8c
[   69.117623] dd80: c31cc400 bf418178 b6d06000 e02ede3c e02ede3c c31cc400 00010100 ffffff8d
[   69.125842] dda0: 00000000 00000000 00000002 00000000 00000000 00000000 00000000 00000000
[   69.134062] ddc0: 00000000 e02eddc4 e02eddc4 e49067ab c31cc400 e02ede7c 00000000 bf418294
[   69.142281] dde0: 00000000 00000000 c32113c0 00000002 00000000 00000000 00000000 00000000
[   69.150500] de00: 00000000 00000000 00000000 00000000 00000000 08000080 00000000 00000000
[   69.158719] de20: 00000000 003d0900 00000000 00000000 00000000 00000000 00000000 e02edd8c
[   69.166939] de40: e02edd8c e49067ab c18d0000 bf4181a0 c28f9000 e02ede7c c28f9000 c3211008
[   69.175159] de60: c3240338 00000001 7ffff000 bf3ff6c8 00000000 b6d06000 00000002 00000001
[   69.183378] de80: c18d0000 00000000 c3561b90 e49067ab c3240320 c4ac7ac0 c49b3900 c07bfb28
[   69.191598] dea0: c3240320 c0c72044 c49b3900 c03fe09c c3240320 00000001 e02edf28 e02edf10
[   69.199818] dec0: 00000000 c038184c 00000000 c3240348 b6d06000 00000000 869c034f c03fc85c
[   69.208037] dee0: 00000000 e02edf80 c36f66c0 b6d07000 00000001 c0c22308 00000000 c034d2a0
[   69.216257] df00: c3572db0 c3572db0 00000000 00000000 00000000 00000000 b6d07000 00020000
[   69.224476] df20: 00000001 00000000 c36f66c0 00000000 00000000 00000000 00000000 00000000
[   69.232695] df40: 00000000 00000000 00000000 00000000 00000022 e49067ab 000b6d06 c36f66c0
[   69.240914] df60: c36f66c0 00000000 00000000 c01002ec c2df1480 00000003 00000000 c034dbe8
[   69.249133] df80: 00000000 00000000 00000000 e49067ab 000000c0 00020000 7fffe000 004361f0
[   69.257353] dfa0: 00000003 c0100080 00020000 7fffe000 00000003 b6d07000 00020000 b6d07000
[   69.265573] dfc0: 00020000 7fffe000 004361f0 00000003 00000003 00000000 00020000 00000000
[   69.273792] dfe0: 00000000 be806b0c 004236d5 b6f4cac6 00070030 00000003 00000000 00000000
[   69.282007] Call trace: 
[   69.282025]  __spi_pump_transfer_message from __spi_sync+0x268/0x3bc
[   69.290958]  __spi_sync from spi_sync+0x24/0x3c
[   69.295519]  spi_sync from spi_sync_transfer.constprop.0+0x6c/0x94 [ti_adc128s052]
[   69.303180]  spi_sync_transfer.constprop.0 [ti_adc128s052] from adc128_read_raw+0xf4/0x144 [ti_adc128s052]
[   69.312892]  adc128_read_raw [ti_adc128s052] from iio_read_channel_info+0xe8/0x10c [industrialio]
[   69.321883]  iio_read_channel_info [industrialio] from dev_attr_show+0x18/0x48
[   69.329177]  dev_attr_show from sysfs_kf_seq_show+0x8c/0x11c
[   69.334885]  sysfs_kf_seq_show from seq_read_iter+0xd8/0x4e0
[   69.340586]  seq_read_iter from vfs_read+0x20c/0x2c0
[   69.345594]  vfs_read from ksys_read+0x60/0xe4
[   69.350071]  ksys_read from ret_fast_syscall+0x0/0x58
[   69.355157] Exception stack(0xe02edfa8 to 0xe02edff0)
[   69.360238] dfa0:                   00020000 7fffe000 00000003 b6d07000 00020000 b6d07000
[   69.368458] dfc0: 00020000 7fffe000 004361f0 00000003 00000003 00000000 00020000 00000000
[   69.376675] dfe0: 00000000 be806b0c 004236d5 b6f4cac6
[   69.381758] Code: e3520000 0a000083 e5922000 e3510000 (e592b048) 
[   69.388365] ---[ end trace 0000000000000000 ]---

Message from syslogd@arm at Jan  1 00:00:54 ...
 kernel:[   68.826261] Internal error: Oops: 5 [#1] SMP ARM

Message from syslogd@arm at Jan  1 00:00:54 ...
 kernel:[   69.074666] Process cat (pid: 673, stack limit = 0x8d877ea2)

Message from syslogd@arm at Jan  1 00:00:54 ...
 kernel:[   69.080360] Stack: (0xe02edd08 to 0xe02ee000)

Message from syslogd@arm at Jan  1 00:00:54 ...
 kernel:[   69.084744] dd00:                   e02edd34 e49067ab c31e1400 e02edd8c c31cc400 c31e1400

Message from syslogd@arm at Jan  1 00:00:54 ...
 kernel:[   69.092964] dd20: e02edd8c 00000000 c31e1610 c32113c0 c3211384 00000002 c3211383 c08962e4

Message from syslogd@arm at Jan  1 00:00:54 ...
 kernel:[   69.101184] dd40: 00000000 00000000 e02edd48 e02edd48 c2fa1c00 e49067ab 00000000 c31cc400

Message from syslogd@arm at Jan  1 00:00:54 ...
 kernel:[   69.109404] dd60: e02edd8c c31cc400 c3211380 c32113c0 c3211384 c089645c e02edde4 e02edd8c

Message from syslogd@arm at Jan  1 00:00:54 ...
 kernel:[   69.117623] dd80: c31cc400 bf418178 b6d06000 e02ede3c e02ede3c c31cc400 00010100 ffffff8d

Message from syslogd@arm at Jan  1 00:00:54 ...
 kernel:[   69.125842] dda0: 00000000 00000000 00000002 00000000 00000000 00000000 00000000 00000000

Message from syslogd@arm at Jan  1 00:00:54 ...
 kernel:[   69.134062] ddc0: 00000000 e02eddc4 e02eddc4 e49067ab c31cc400 e02ede7c 00000000 bf418294

Message from syslogd@arm at Jan  1 00:00:54 ...
 kernel:[   69.142281] dde0: 00000000 00000000 c32113c0 00000002 00000000 00000000 00000000 00000000

Message from syslogd@arm at Jan  1 00:00:54 ...
 kernel:[   69.150500] de00: 00000000 00000000 00000000 00000000 00000000 08000080 00000000 00000000

Message from syslogd@arm at Jan  1 00:00:54 ...
 kernel:[   69.158719] de20: 00000000 003d0900 00000000 00000000 00000000 00000000 00000000 e02edd8c

Message from syslogd@arm at Jan  1 00:00:54 ...
 kernel:[   69.166939] de40: e02edd8c e49067ab c18d0000 bf4181a0 c28f9000 e02ede7c c28f9000 c3211008

Message from syslogd@arm at Jan  1 00:00:54 ...
 kernel:[   69.175159] de60: c3240338 00000001 7ffff000 bf3ff6c8 00000000 b6d06000 00000002 00000001

Message from syslogd@arm at Jan  1 00:00:54 ...
 kernel:[   69.183378] de80: c18d0000 00000000 c3561b90 e49067ab c3240320 c4ac7ac0 c49b3900 c07bfb28

Message from syslogd@arm at Jan  1 00:00:54 ...
 kernel:[   69.191598] dea0: c3240320 c0c72044 c49b3900 c03fe09c c3240320 00000001 e02edf28 e02edf10

Message from syslogd@arm at Jan  1 00:00:54 ...
 kernel:[   69.199818] dec0: 00000000 c038184c 00000000 c3240348 b6d06000 00000000 869c034f c03fc85c

Message from syslogd@arm at Jan  1 00:00:54 ...
 kernel:[   69.208037] dee0: 00000000 e02edf80 c36f66c0 b6d07000 00000001 c0c22308 00000000 c034d2a0

Message from syslogd@arm at Jan  1 00:00:54 ...
 kernel:[   69.216257] df00: c3572db0 c3572db0 00000000 00000000 00000000 00000000 b6d07000 00020000

Message from syslogd@arm at Jan  1 00:00:54 ...
 kernel:[   69.224476] df20: 00000001 00000000 c36f66c0 00000000 00000000 00000000 00000000 00000000

Message from syslogd@arm at Jan  1 00:00:54 ...
 kernel:[   69.232695] df40: 00000000 00000000 00000000 00000000 00000022 e49067ab 000b6d06 c36f66c0

Message from syslogd@arm at Jan  1 00:00:54 ...
 kernel:[   69.240914] df60: c36f66c0 00000000 00000000 c01002ec c2df1480 00000003 00000000 c034dbe8

Message from syslogd@arm at Jan  1 00:00:54 ...
 kernel:[   69.249133] df80: 00000000 00000000 00000000 e49067ab 000000c0 00020000 7fffe000 004361f0

Message from syslogd@arm at Jan  1 00:00:54 ...
 kernel:[   69.257353] dfa0: 00000003 c0100080 00020000 7fffe000 00000003 b6d07000 00020000 b6d07000

Message from syslogd@arm at Jan  1 00:00:54 ...
 kernel:[   69.265573] dfc0: 00020000 7fffe000 004361f0 00000003 00000003 00000000 00020000 00000000

Message from syslogd@arm at Jan  1 00:00:54 ...
 kernel:[   69.273792] dfe0: 00000000 be806b0c 004236d5 b6f4cac6 00070030 /./read_adc10x.sh: line 3:   673 Segmentation fault      cat $1in_voltage$2_raw
