Labgrid Console Logfile for main
Logfile started at 2024-11-14 14:45:22.237491
=== Log starts here ===
reading args
spl_load_image_fat_os: error reading image args, err - -1
reading u-boot.img
reading u-boot.img


U-Boot 2014.04-00014-g47880f5 (Apr 22 2014 - 13:23:54)

I2C:   ready
DRAM:  512 MiB
NAND:  0 MiB
MMC:   OMAP SD/MMC: 0, OMAP SD/MMC: 1
*** Warning - readenv() failed, using default environment

Net:   <ethaddr> not set. Validating first E-fuse MAC
cpsw, usb_ether
Hit any key to stop autoboot:  1  0 
gpio: pin 53 (gpio 53) value is 1
mmc0 is current device
gpio: pin 54 (gpio 54) value is 1
SD/MMC found on device 0
reading uEnv.txt
569 bytes read in 4 ms (138.7 KiB/s)
gpio: pin 55 (gpio 55) value is 1
Loaded environment from uEnv.txt
Importing environment from mmc ...
Checking if uenvcmd is set ...
gpio: pin 56 (gpio 56) value is 1
Running uenvcmd ...
cpsw Waiting for PHY auto negotiation to complete. done
link up on port 0, speed 100, full duplex
Using cpsw device
TFTP from server 192.168.255.126; our IP address is 192.168.255.1
Filename 'zImage'.
Load address: 0x81000000
Loading: *#################################################################
	 #################################################################
	 #################################################################
	 #################################################################
	 #################################################################
	 #####
	 2.4 MiB/s
done
Bytes transferred = 4836248 (49cb98 hex)
link up on port 0, speed 100, full duplex
Using cpsw device
TFTP from server 192.168.255.126; our IP address is 192.168.255.1
Filename 'am335x-boneblack.dtb'.
Load address: 0x82000000
Loading: *#######
	 2.2 MiB/s
done
Bytes transferred = 94748 (1721c hex)
Kernel image @ 0x81000000 [ 0x000000 - 0x49cb98 ]
## Flattened Device Tree blob at 82000000
   Booting using the fdt blob at 0x82000000
   Using Device Tree in place at 82000000, end 8201a21b

Starting kernel ...

[    0.000000] Booting Linux on physical CPU 0x0
[    0.000000] Linux version 5.15.172 (user01@drvtest01) (arm-linux-gnueabihf-gcc (Linaro GCC 6.4-2017.11) 6.4.1 20171012, GNU ld (Linaro_Binutils-2017.11) 2.27.0.20161229) #8 SMP Thu Nov 14 14:43:14 EET 2024
[    0.000000] CPU: ARMv7 Processor [413fc082] revision 2 (ARMv7), cr=10c5387d
[    0.000000] CPU: PIPT / VIPT nonaliasing data cache, VIPT aliasing instruction cache
[    0.000000] OF: fdt: Machine model: TI AM335x BeagleBone Black
[    0.000000] Memory policy: Data cache writeback
[    0.000000] cma: Reserved 16 MiB at 0x9e800000
[    0.000000] Zone ranges:
[    0.000000]   Normal   [mem 0x0000000080000000-0x000000009fdfffff]
[    0.000000]   HighMem  empty
[    0.000000] Movable zone start for each node
[    0.000000] Early memory node ranges
[    0.000000]   node   0: [mem 0x0000000080000000-0x000000009fdfffff]
[    0.000000] Initmem setup node 0 [mem 0x0000000080000000-0x000000009fdfffff]
[    0.000000] CPU: All CPU(s) started in SVC mode.
[    0.000000] AM335X ES2.1 (sgx neon)
[    0.000000] percpu: Embedded 16 pages/cpu s33804 r8192 d23540 u65536
[    0.000000] Built 1 zonelists, mobility grouping on.  Total pages: 129412
[    0.000000] Kernel command line: console=ttyO0,115200n8 root=/dev/nfs rw nfsroot=192.168.255.126:/home/user01/nfs,nfsvers=3 ip=192.168.255.1:192.168.255.126::255.255.255.0:bbb1:eth0 nfsrootdebug
[    0.000000] Unknown kernel command line parameters "nfsrootdebug", will be passed to user space.
[    0.000000] Dentry cache hash table entries: 65536 (order: 6, 262144 bytes, linear)
[    0.000000] Inode-cache hash table entries: 32768 (order: 5, 131072 bytes, linear)
[    0.000000] mem auto-init: stack:off, heap alloc:off, heap free:off
[    0.000000] Memory: 484752K/522240K available (10240K kernel code, 1079K rwdata, 2392K rodata, 1024K init, 246K bss, 21104K reserved, 16384K cma-reserved, 0K highmem)
[    0.000000] trace event string verifier disabled
[    0.000000] rcu: Hierarchical RCU implementation.
[    0.000000] rcu: 	RCU event tracing is enabled.
[    0.000000] rcu: 	RCU restricting CPUs from NR_CPUS=2 to nr_cpu_ids=1.
[    0.000000] rcu: RCU calculated value of scheduler-enlistment delay is 10 jiffies.
[    0.000000] rcu: Adjusting geometry for rcu_fanout_leaf=16, nr_cpu_ids=1
[    0.000000] NR_IRQS: 16, nr_irqs: 16, preallocated irqs: 16
[    0.000000] IRQ: Found an INTC at 0x(ptrval) (revision 5.0) with 128 interrupts
[    0.000000] TI gptimer clocksource: always-on /ocp/interconnect@44c00000/segment@200000/target-module@31000
[    0.000002] sched_clock: 32 bits at 24MHz, resolution 41ns, wraps every 89478484971ns
[    0.000027] clocksource: dmtimer: mask: 0xffffffff max_cycles: 0xffffffff, max_idle_ns: 79635851949 ns
[    0.000453] TI gptimer clockevent: 24000000 Hz at /ocp/interconnect@48000000/segment@0/target-module@40000
[    0.002317] Console: colour dummy device 80x30
[    0.002376] WARNING: Your 'console=ttyO0' has been replaced by 'ttyS0'
[    0.002388] This ensures that you still see kernel messages. Please
[    0.002397] update your kernel commandline.
[    0.002447] Calibrating delay loop... 996.14 BogoMIPS (lpj=4980736)
[    0.090570] CPU: Testing write buffer coherency: ok
[    0.090661] CPU0: Spectre v2: using BPIALL workaround
[    0.090675] pid_max: default: 32768 minimum: 301
[    0.090835] LSM: Security Framework initializing
[    0.091032] Mount-cache hash table entries: 1024 (order: 0, 4096 bytes, linear)
[    0.091059] Mountpoint-cache hash table entries: 1024 (order: 0, 4096 bytes, linear)
[    0.092713] CPU0: thread -1, cpu 0, socket -1, mpidr 0
[    0.093774] Setting up static identity map for 0x80100000 - 0x80100078
[    0.094017] rcu: Hierarchical SRCU implementation.
[    0.095214] smp: Bringing up secondary CPUs ...
[    0.095244] smp: Brought up 1 node, 1 CPU
[    0.095258] SMP: Total of 1 processors activated (996.14 BogoMIPS).
[    0.095271] CPU: All CPU(s) started in SVC mode.
[    0.096067] devtmpfs: initialized
[    0.111025] VFP support v0.3: implementor 41 architecture 3 part 30 variant c rev 3
[    0.111379] clocksource: jiffies: mask: 0xffffffff max_cycles: 0xffffffff, max_idle_ns: 19112604462750000 ns
[    0.111418] futex hash table entries: 256 (order: 2, 16384 bytes, linear)
[    0.112812] pinctrl core: initialized pinctrl subsystem
[    0.114836] NET: Registered PF_NETLINK/PF_ROUTE protocol family
[    0.117670] DMA: preallocated 256 KiB pool for atomic coherent allocations
[    0.118263] audit: initializing netlink subsys (disabled)
[    0.119501] thermal_sys: Registered thermal governor 'fair_share'
[    0.119524] thermal_sys: Registered thermal governor 'step_wise'
[    0.119539] thermal_sys: Registered thermal governor 'user_space'
[    0.119900] cpuidle: using governor menu
[    0.136508] No ATAGs?
[    0.136548] hw-breakpoint: debug architecture 0x4 unsupported.
[    0.144928] kprobes: kprobe jump-optimization is enabled. All kprobes are optimized if possible.
[    0.145282] audit: type=2000 audit(0.110:1): state=initialized audit_enabled=0 res=1
[    0.151761] iommu: Default domain type: Translated 
[    0.151788] iommu: DMA domain TLB invalidation policy: strict mode 
[    0.153102] vgaarb: loaded
[    0.153647] SCSI subsystem initialized
[    0.154396] pps_core: LinuxPPS API ver. 1 registered
[    0.154414] pps_core: Software ver. 5.3.6 - Copyright 2005-2007 Rodolfo Giometti <giometti@linux.it>
[    0.154448] PTP clock support registered
[    0.155865] clocksource: Switched to clocksource dmtimer
[    0.201817] VFS: Disk quotas dquot_6.6.0
[    0.201952] VFS: Dquot-cache hash table entries: 1024 (order 0, 4096 bytes)
[    0.265225] NET: Registered PF_INET protocol family
[    0.265576] IP idents hash table entries: 8192 (order: 4, 65536 bytes, linear)
[    0.266703] tcp_listen_portaddr_hash hash table entries: 512 (order: 0, 4096 bytes, linear)
[    0.266761] Table-perturb hash table entries: 65536 (order: 6, 262144 bytes, linear)
[    0.266787] TCP established hash table entries: 4096 (order: 2, 16384 bytes, linear)
[    0.266834] TCP bind hash table entries: 4096 (order: 3, 32768 bytes, linear)
[    0.266899] TCP: Hash tables configured (established 4096 bind 4096)
[    0.267029] UDP hash table entries: 256 (order: 1, 8192 bytes, linear)
[    0.267061] UDP-Lite hash table entries: 256 (order: 1, 8192 bytes, linear)
[    0.267251] NET: Registered PF_UNIX/PF_LOCAL protocol family
[    0.282902] RPC: Registered named UNIX socket transport module.
[    0.282939] RPC: Registered udp transport module.
[    0.282948] RPC: Registered tcp transport module.
[    0.282958] RPC: Registered tcp NFSv4.1 backchannel transport module.
[    0.282979] PCI: CLS 0 bytes, default 64
[    0.284451] Initialise system trusted keyrings
[    0.285383] workingset: timestamp_bits=14 max_order=17 bucket_order=3
[    0.286916] NFS: Registering the id_resolver key type
[    0.287048] Key type id_resolver registered
[    0.287061] Key type id_legacy registered
[    0.287120] jffs2: version 2.2. (NAND) (SUMMARY)  Â© 2001-2006 Red Hat, Inc.
[    0.287524] Key type asymmetric registered
[    0.287550] Asymmetric key parser 'x509' registered
[    0.287619] io scheduler mq-deadline registered
[    0.287634] io scheduler kyber registered
[    0.291316] Serial: 8250/16550 driver, 6 ports, IRQ sharing enabled
[    0.321943] brd: module loaded
[    0.347439] loop: module loaded
[    0.348379] mtdoops: mtd device (mtddev=name/number) must be supplied
[    0.350729] i2c_dev: i2c /dev entries driver
[    0.351622] cpuidle: enable-method property 'ti,am3352' found operations
[    0.352034] sdhci: Secure Digital Host Controller Interface driver
[    0.352051] sdhci: Copyright(c) Pierre Ossman
[    0.352220] sdhci-pltfm: SDHCI platform and OF driver helper
[    0.352451] ledtrig-cpu: registered to indicate activity on CPUs
[    0.353007] Initializing XFRM netlink socket
[    0.353234] NET: Registered PF_INET6 protocol family
[    0.368300] Segment Routing with IPv6
[    0.368398] In-situ OAM (IOAM) with IPv6
[    0.368500] sit: IPv6, IPv4 and MPLS over IPv4 tunneling driver
[    0.369342] NET: Registered PF_PACKET protocol family
[    0.369397] NET: Registered PF_KEY protocol family
[    0.369537] Key type dns_resolver registered
[    0.369678] ThumbEE CPU extension supported.
[    0.369698] Registering SWP/SWPB emulation handler
[    0.370211] omap_voltage_late_init: Voltage driver support not added
[    0.370563] SmartReflex Class3 initialized
[    0.371361] Loading compiled-in X.509 certificates
[    0.404169] pinctrl-single 44e10800.pinmux: 142 pins, size 568
[    0.408678] ti-sysc: probe of 44e31000.target-module failed with error -16
[    0.443582] ti-sysc: probe of 48040000.target-module failed with error -16
[    0.479288] OMAP GPIO hardware version 0.1
[    0.501074] omap_i2c 4819c000.i2c: bus 2 rev0.11 at 100 kHz
[    0.541007] sdhci-omap 481d8000.mmc: supply vqmmc not found, using dummy regulator
[    0.599248] davinci_mdio 4a101000.mdio: davinci mdio revision 1.6, bus freq 1000000
[    0.678883] davinci_mdio 4a101000.mdio: phy[0]: device 4a101000.mdio:00, driver SMSC LAN8710/LAN8720
[    0.679391] cpsw-switch 4a100000.switch: initialized cpsw ale version 1.4
[    0.679417] cpsw-switch 4a100000.switch: ALE Table size 1024
[    0.679535] cpsw-switch 4a100000.switch: cpts: overflow check period 500 (jiffies)
[    0.679556] cpsw-switch 4a100000.switch: CPTS: ref_clk_freq:250000000 calc_mult:2147483648 calc_shift:29 error:0 nsec/sec
[    0.679654] cpsw-switch 4a100000.switch: Detected MACID = 6c:ec:eb:68:de:78
[    0.681229] cpsw-switch 4a100000.switch: initialized (regs 0x4a100000, pool size 256) hw_ver:0019010C 1.12 (0)
[    0.690677] debugfs: Directory '49000000.dma' with parent 'dmaengine' already present!
[    0.690734] edma 49000000.dma: TI EDMA DMA engine driver
[    0.742987] hw perfevents: enabled with armv7_cortex_a8 PMU driver, 5 counters available
[    0.749892] l3-aon-clkctrl:0000:0: failed to disable
[    0.751968] 44e09000.serial: ttyS0 at MMIO 0x44e09000 (irq = 18, base_baud = 3000000) is a 8250
[    1.918497] printk: console [ttyS0] enabled
[    1.956659] tps65217-pmic: Failed to locate of_node [id: -1]
[    1.972009] tps65217-bl: Failed to locate of_node [id: -1]
[    1.980553] tps65217 0-0024: TPS65217 ID 0xe version 1.2
[    1.986525] i2c 0-0070: Fixing up cyclic dependency with 4830e000.lcdc
[    1.993395] omap_i2c 44e0b000.i2c: bus 0 rev0.11 at 400 kHz
[    2.000858] omap_gpio 44e07000.gpio: Could not set line 6 debounce to 200000 microseconds (-22)
[    2.009705] sdhci-omap 48060000.mmc: Got CD GPIO
[    2.014672] sdhci-omap 48060000.mmc: supply vqmmc not found, using dummy regulator
[    2.026931] sdhci-omap 481d8000.mmc: supply vqmmc not found, using dummy regulator
[    2.061971] mmc1: SDHCI controller on 481d8000.mmc [481d8000.mmc] using External DMA
[    2.070268] mmc0: SDHCI controller on 48060000.mmc [48060000.mmc] using External DMA
[    2.078926] cpsw-switch 4a100000.switch: starting ndev. mode: dual_mac
[    2.123325] mmc0: new high speed SDHC card at address 5048
[    2.130097] mmcblk0: mmc0:5048 SD16G 14.4 GiB 
[    2.137931]  mmcblk0: p1 p2
[    2.141147] mmcblk0: p2 size 31221760 extends beyond EOD, truncated
[    2.167741] SMSC LAN8710/LAN8720 4a101000.mdio:00: attached PHY driver (mii_bus:phy_addr=4a101000.mdio:00, irq=POLL)
[    2.188957] mmc1: new high speed MMC card at address 0001
[    2.195661] mmcblk1: mmc1:0001 MMC04G 3.60 GiB 
[    2.202884]  mmcblk1: p1 p2
[    2.207075] mmcblk1boot0: mmc1:0001 MMC04G 2.00 MiB 
[    2.214132] mmcblk1boot1: mmc1:0001 MMC04G 2.00 MiB 
[    2.221051] mmcblk1rpmb: mmc1:0001 MMC04G 128 KiB, chardev (250:0)
[    5.286591] cpsw-switch 4a100000.switch eth0: Link is Up - 100Mbps/Full - flow control off
[    5.295931] IPv6: ADDRCONF(NETDEV_CHANGE): eth0: link becomes ready
[    5.325876] IP-Config: Complete:
[    5.329135]      device=eth0, hwaddr=6c:ec:eb:68:de:78, ipaddr=192.168.255.1, mask=255.255.255.0, gw=255.255.255.255
[    5.339751]      host=bbb1, domain=, nis-domain=(none)
[    5.344913]      bootserver=192.168.255.126, rootserver=192.168.255.126, rootpath=
[    5.345300] clk: Disabling unused clocks
[    5.357176] TAP version 14
[    5.359898] 1..0
[    5.383082] VFS: Mounted root (nfs filesystem) on device 0:16.
[    5.389963] devtmpfs: mounted
[    5.394250] Freeing unused kernel image (initmem) memory: 1024K
[    5.400892] Run /sbin/init as init process
[    6.090759] systemd[1]: System time before build time, advancing clock.
[    6.285501] random: systemd: uninitialized urandom read (16 bytes read)
[    6.297901] random: systemd: uninitialized urandom read (16 bytes read)
[    6.308517] systemd[1]: systemd 232 running in system mode. (+PAM +AUDIT +SELINUX +IMA +APPARMOR +SMACK +SYSVINIT +UTMP +LIBCRYPTSETUP +GCRYPT +GNUTLS +ACL +XZ +LZ4 +SECCOMP +BLKID +ELFUTILS +KMOD +IDN)
[    6.327940] systemd[1]: Detected architecture arm.

Welcome to [1mDebian GNU/Linux 9 (stretch)[0m!

[    6.368713] systemd[1]: Set hostname to <arm>.
[    6.751154] random: systemd-cryptse: uninitialized urandom read (16 bytes read)
[    7.287006] random: systemd: uninitialized urandom read (16 bytes read)
[    7.293846] random: systemd: uninitialized urandom read (16 bytes read)
[    7.304267] random: systemd: uninitialized urandom read (16 bytes read)
[    7.364215] systemd[1]: Listening on Journal Socket.
[[0;32m  OK  [0m] Listening on Journal Socket.
[    7.396640] systemd[1]: Listening on Journal Socket (/dev/log).
[[0;32m  OK  [0m] Listening on Journal Socket (/dev/log).
[    7.436287] systemd[1]: Reached target Swap.
[[0;32m  OK  [0m] Reached target Swap.
[    7.466711] systemd[1]: Started Dispatch Password Requests to Console Directory Watch.
[[0;32m  OK  [0m] Started Dispatch Password Requests to Console Directory Watch.
[    7.506243] systemd[1]: Reached target Remote File Systems.
[[0;32m  OK  [0m] Reached target Remote File Systems.
[    7.547413] systemd[1]: Set up automount Arbitrary Executable File Formats File System Automount Point.
[[0;32m  OK  [0m] Set up automount Arbitrary Executabâ€¦rmats File System Automount Point.
[    7.587343] systemd[1]: Created slice User and Session Slice.
[[0;32m  OK  [0m] Created slice User and Session Slice.
[[0;32m  OK  [0m] Listening on udev Control Socket.
[[0;32m  OK  [0m] Listening on Syslog Socket.
[[0;32m  OK  [0m] Created slice System Slice.
[[0;32m  OK  [0m] Created slice system-getty.slice.
[[0;32m  OK  [0m] Created slice system-serial\x2dgetty.slice.
         Mounting Debug File System...
         Mounting POSIX Message Queue File System...
         Starting Remount Root and Kernel File Systems...
         Starting Create list of required stâ€¦ce nodes for the current kernel...
[[0;32m  OK  [0m] Listening on /dev/initctl Compatibility Named Pipe.
[[0;32m  OK  [0m] Listening on udev Kernel Socket.
[[0;32m  OK  [0m] Started Forward Password Requests to Wall Directory Watch.
[[0;32m  OK  [0m] Reached target Paths.
[[0;32m  OK  [0m] Reached target Encrypted Volumes.
         Starting Load Kernel Modules...
[[0;32m  OK  [0m] Reached target Slices.
[[0;32m  OK  [0m] Listening on Journal Audit Socket.
         Starting Journal Service...
[[0;32m  OK  [0m] Mounted POSIX Message Queue File System.
[[0;32m  OK  [0m] Mounted Debug File System.
[[0;32m  OK  [0m] Started Remount Root and Kernel File Systems.
[[0;32m  OK  [0m] Started Create list of required staâ€¦vice nodes for the current kernel.
[    8.298491] random: systemd-journal: uninitialized urandom read (16 bytes read)
[[0;32m  OK  [0m] Started Load Kernel Modules.
[    8.326280] random: systemd-journal: uninitialized urandom read (16 bytes read)
[    8.340796] random: systemd: uninitialized urandom read (16 bytes read)
         Mounting Configuration File System...
         Starting Apply Kernel Variables...
         Starting Create Static Device Nodes in /dev...
         Starting Load/Save Random Seed...
         Starting udev Coldplug all Devices...
[[0;32m  OK  [0m] Mounted Configuration File System.
[[0;32m  OK  [0m] Started Apply Kernel Variables.
[[0;32m  OK  [0m] Started Load/Save Random Seed.
[[0;32m  OK  [0m] Started Create Static Device Nodes in /dev.
         Starting udev Kernel Device Manager...
[[0;32m  OK  [0m] Reached target Local File Systems (Pre).
[[0;32m  OK  [0m] Reached target Local File Systems.
         Starting Raise network interfaces...
[    9.316750] random: systemd-udevd: uninitialized urandom read (16 bytes read)
[[0;32m  OK  [0m] Started Journal Service.
         Starting Flush Journal to Persistent Storage...
[    9.794832] systemd-journald[97]: Received request to flush runtime journal from PID 1
[[0;32m  OK  [0m] Started Flush Journal to Persistent Storage.
         Starting Create Volatile Files and Directories...
[[0;32m  OK  [0m] Started udev Kernel Device Manager.
[[0;32m  OK  [0m] Started Create Volatile Files and Directories.
         Starting Network Time Synchronization...
         Starting Update UTMP about System Boot/Shutdown...
[[0;32m  OK  [0m] Started Update UTMP about System Boot/Shutdown.
[[0;32m  OK  [0m] Started Network Time Synchronization.
[[0;32m  OK  [0m] Reached target System Time Synchronized.
[   11.956058] random: crng init done
[   11.959522] random: 457 urandom warning(s) missed due to ratelimiting
[[0;32m  OK  [0m] Started udev Coldplug all Devices.
[[0;32m  OK  [0m] Reached target System Initialization.
[[0;32m  OK  [0m] Listening on D-Bus System Message Bus Socket.
[[0;32m  OK  [0m] Started Daily apt download activities.
[[0;32m  OK  [0m] Started Daily Cleanup of Temporary Directories.
[[0;32m  OK  [0m] Listening on Avahi mDNS/DNS-SD Stack Activation Socket.
[[0;32m  OK  [0m] Reached target Sockets.
[[0;32m  OK  [0m] Reached target Basic System.
         Starting Generic Board Startup...
[   12.831205] remoteproc remoteproc0: wkup_m3 is available
[   12.872261] omap_wdt: OMAP Watchdog Timer Rev 0x01: initial timeout 60 sec
[[0;32m  OK  [0m] Started D-Bus System Message Bus.
[   13.034685] at24 2-0054: supply vcc not found, using dummy regulator
[   13.220392] at24 2-0055: supply vcc not found, using dummy regulator
[   13.292328] tps6521x_pwrbutton tps65217-pwrbutton: DMA mask not set
[   13.374340] at24 2-0056: supply vcc not found, using dummy regulator
[   13.459000] input: tps65217_pwrbutton as /devices/platform/ocp/44c00000.interconnect/44c00000.interconnect:segment@200000/44e0b000.target-module/44e0b000.i2c/i2c-0/0-0024/tps65217-pwrbutton/input/input0
[   13.537918] at24 2-0057: supply vcc not found, using dummy regulator
[   13.567976] omap_rtc 44e3e000.rtc: registered as rtc0
[   13.573170] omap_rtc 44e3e000.rtc: setting system clock to 2000-01-01T00:00:00 UTC (946684800)
[   13.615132] at24 0-0050: supply vcc not found, using dummy regulator
[   13.689039] at24 0-0050: 32768 byte 24c256 EEPROM, writable, 1 bytes/write
[   13.913571] am335x-phy-driver 47401300.usb-phy: supply vcc not found, using dummy regulator
[   14.209126] usbcore: registered new interface driver usbfs
[   14.214738] usbcore: registered new interface driver hub
[   14.220351] usbcore: registered new device driver usb
[   14.378095] am335x-phy-driver 47401b00.usb-phy: supply vcc not found, using dummy regulator
[   14.818807] musb-hdrc musb-hdrc.1: MUSB HDRC host driver
[   14.824208] musb-hdrc musb-hdrc.1: new USB bus registered, assigned bus number 1
[   15.016044] tda998x 0-0070: found TDA19988
[   15.113557] omap-mailbox 480c8000.mailbox: omap mailbox rev 0x400
[   15.158515] remoteproc remoteproc0: powering up wkup_m3
[   15.201666] usb usb1: New USB device found, idVendor=1d6b, idProduct=0002, bcdDevice= 5.15
[   15.210165] usb usb1: New USB device strings: Mfr=3, Product=2, SerialNumber=1
[   15.217466] usb usb1: Product: MUSB HDRC host driver
[   15.222457] usb usb1: Manufacturer: Linux 5.15.172 musb-hcd
[   15.228078] usb usb1: SerialNumber: musb-hdrc.1
[   15.321307] remoteproc remoteproc0: Direct firmware load for am335x-pm-firmware.elf failed with error -2
[   15.331044] remoteproc remoteproc0: request_firmware failed: -2
[   15.337041] wkup_m3_ipc 44e11324.wkup_m3_ipc: rproc_boot failed
         Starting Connection service...
[[0;32m  OK  [0m] Started Regular background program processing daemon.
         Starting Avahi mDNS/DNS-SD Stack...
[   15.819740] hub 1-0:1.0: USB hub found
         Starting Cape Manager Service...
         Starting DUN service...
[   15.922447] hub 1-0:1.0: 1 port detected
         Starting Telephony service...
         Starting Login Service...
         Starting System Logging Service...
         Starting LSB: Start busybox udhcpd at boot time...
[[0;32m  OK  [0m] Started Daily apt upgrade and clean activities.
[[0;32m  OK  [0m] Reached target Timers.
         Starting LSB: Load kernel modules needed to enable cpufreq scaling...
[   17.572334] omap_rng 48310000.rng: Random Number Generator ver. 20
[   17.615439] tilcdc 4830e000.lcdc: bound 0-0070 (ops tda998x_driver_exit [tda998x])
[   17.813902] [drm] Initialized tilcdc 1.0.0 20121205 for 4830e000.lcdc on minor 0
[[0;32m  OK  [0m] Found device /dev/ttyS0.[   18.029556] tilcdc 4830e000.lcdc: [drm] Cannot find any crtc or sizes

[   18.053427] tilcdc 4830e000.lcdc: [drm] Cannot find any crtc or sizes
[[0;32m  OK  [0m] Started Cape Manager Service.
[   19.120530] omap-sham 53100000.sham: hw accel on OMAP rev 4.3
[   19.150505] PM: Cannot get wkup_m3_ipc handle
[   19.238337] omap-aes 53500000.aes: OMAP AES hw accel rev: 3.2
[   19.253365] omap-sham 53100000.sham: will run requests pump with realtime priority
[   19.310710] Bluetooth: Core ver 2.22
[   19.314523] NET: Registered PF_BLUETOOTH protocol family
[   19.319987] Bluetooth: HCI device and connection manager initialized
[   19.326424] Bluetooth: HCI socket layer initialized
[   19.331336] Bluetooth: L2CAP socket layer initialized
[   19.336475] Bluetooth: SCO socket layer initialized
[   19.386018] omap-aes 53500000.aes: will run requests pump with realtime priority
[[0;32m  OK  [0m] Started System Logging Service.
[   19.486818] PM: Cannot get wkup_m3_ipc handle
[   19.547948] PM: Cannot get wkup_m3_ipc handle
[[0;32m  OK  [0m] Started Raise network interfaces.
[[0;32m  OK  [0m] Started LSB: Start busybox udhcpd at boot time.
[   22.454612] PM: Cannot get wkup_m3_ipc handle
[   22.546660] PM: Cannot get wkup_m3_ipc handle
[   22.910391] using random self ethernet address
[   22.914902] using random host ethernet address
[   23.215481] using random self ethernet address
[   23.220146] using random host ethernet address
[   23.779333] usb0: HOST MAC 1c:ba:8c:a2:ed:6c
[   23.783658] usb0: MAC 1c:ba:8c:a2:ed:70
[   23.788566] usb1: HOST MAC 1c:ba:8c:a2:ed:6c
[   23.792876] usb1: MAC 1c:ba:8c:a2:ed:6d
[[0;32m  OK  [0m] Started LSB: Load kernel modules needed to enable cpufreq scaling.
[[0;32m  OK  [0m] Started DUN service.
[[0;32m  OK  [0m] Started Telephony service.
[[0;32m  OK  [0m] Started Avahi mDNS/DNS-SD Stack.
[[0;32m  OK  [0m] Started Connection service.
[[0;32m  OK  [0m] Started Login Service.
         Starting Hostname Service...
         Starting WPA supplicant...
[[0;32m  OK  [0m] Reached target Sound Card.
         Starting LSB: set CPUFreq kernel parameters...
[[0;32m  OK  [0m] Started WPA supplicant.
[[0;32m  OK  [0m] Started Hostname Service.
         Stopping LSB: Start busybox udhcpd at boot time...
[[0;32m  OK  [0m] Reached target Network.
         Starting Permit User Sessions...
         Starting The Apache HTTP Server...
         Starting OpenBSD Secure Shell server...
[[0;32m  OK  [0m] Reached target Network is Online.
         Starting LSB: Advanced IEEE 802.11 management daemon...
[[0;32m  OK  [0m] Started LSB: set CPUFreq kernel parameters.
[[0;32m  OK  [0m] Started Permit User Sessions.
[[0;32m  OK  [0m] Started LSB: Advanced IEEE 802.11 management daemon.
[[0;32m  OK  [0m] Started Serial Getty on ttyS0.
[[0;32m  OK  [0m] Started Getty on tty1.
[[0;32m  OK  [0m] Reached target Login Prompts.
[[0;32m  OK  [0m] Stopped LSB: Start busybox udhcpd at boot time.
[[0;32m  OK  [0m] Started OpenBSD Secure Shell server.
         Starting dnsmasq - A lightweight DHCP and caching DNS server...
[[0;32m  OK  [0m] Started The Apache HTTP Server.
[[0;32m  OK  [0m] Started dnsmasq - A lightweight DHCP and caching DNS server.
[[0;32m  OK  [0m] Reached target Host and Network Name Lookups.
[[0;32m  OK  [0m] Started Serial Getty on ttyGS0.
[[0;32m  OK  [0m] Started Generic Board Startup.
[[0;32m  OK  [0m] Reached target Multi-User System.
[[0;32m  OK  [0m] Reached target Graphical Interface.
         Starting Update UTMP about System Runlevel Changes...
[[0;32m  OK  [0m] Started Update UTMP about System Runlevel Changes.

Debian GNU/Linux 9 arm ttyS0

default username:password is [debian:temppwd]

arm login: roo
Password: 
Last login: Sat Jan  1 00:00:28 UTC 2000 on ttyS0
root
Linux arm 5.15.172 #8 SMP Thu Nov 14 14:43:14 EET 2024 armv7l

The programs included with the Debian GNU/Linux system are free software;
the exact distribution terms for each program are described in the
individual files in /usr/share/doc/*/copyright.

Debian GNU/Linux comes with ABSOLUTELY NO WARRANTY, to the extent
permitted by applicable law.
root@arm:~# root
-bash: root: command not found
root@arm:~# dmesg -n 1
root@arm:~# echo 'ENPY''GAWJFF'
ENPYGAWJFF
root@arm:~# run() { echo -n "$MARKER"; sh -c "$@"; echo "$MARKER $?"; }
root@arm:~# echo 'LNCS''CZKXLS'
LNCSCZKXLS
root@arm:~# MARKER='MZHB''QKVCOW' run 'cat /proc/version'
MZHBQKVCOWLinux version 5.15.172 (user01@drvtest01) (arm-linux-gnueabihf-gcc (Linaro GCC 6.4-2017.11) 6.4.1 20171012, GNU ld (Linaro_Binutils-2017.11) 2.27.0.20161229) #8 SMP Thu Nov 14 14:43:14 EET 2024
MZHBQKVCOW 0
root@arm:~# echo 'AMVZ''XLHHYX'
AMVZXLHHYX
root@arm:~# MARKER='HNQU''HCKENP' run false
HNQUHCKENPHNQUHCKENP 1
root@arm:~# Labgrid Console Logfile for main
Logfile started at 2024-11-14 14:46:14.483120
=== Log starts here ===

root@arm:~# run() { echo -n "$MARKER"; sh -c "$@"; echo "$MARKER $?"; }
root@arm:~# echo 'MAAZ''LLLHMG'
MAAZLLLHMG
root@arm:~# MARKER='JEMY''XTBVVG' run 'insmod /mva_overlay.ko'
JEMYXTBVVGJEMYXTBVVG 0
root@arm:~# echo 'AVJF''MSOGYX'
AVJFMSOGYX
root@arm:~# MARKER='QGAM''TUWJAU' run lsmod
QGAMTUWJAUModule                  Size  Used by
mva_overlay            69632  0
usb_f_acm              16384  2
u_serial               20480  3 usb_f_acm
usb_f_ecm              20480  2
usb_f_rndis            24576  2
u_ether                20480  2 usb_f_ecm,usb_f_rndis
snd_soc_hdmi_codec     20480  1
libcomposite           53248  14 usb_f_ecm,usb_f_acm,usb_f_rndis
evdev                  24576  0
iptable_nat            16384  0
nf_nat                 40960  1 iptable_nat
nf_conntrack          118784  1 nf_nat
nf_defrag_ipv6         20480  1 nf_conntrack
nf_defrag_ipv4         16384  1 nf_conntrack
iptable_mangle         16384  0
iptable_filter         16384  0
snd_soc_simple_card    20480  0
snd_soc_simple_card_utils    20480  1 snd_soc_simple_card
bluetooth             499712  2
omap_aes_driver        24576  0
pm33xx                 16384  0
omap_sham              28672  0
omap_crypto            16384  1 omap_aes_driver
ti_emif_sram           16384  1 pm33xx
crypto_engine          16384  2 omap_aes_driver,omap_sham
ecdh_generic           16384  1 bluetooth
ecc                    36864  1 ecdh_generic
libaes                 16384  2 omap_aes_driver,bluetooth
omap_rng               16384  0
tilcdc                 32768  0
rng_core               20480  1 omap_rng
snd_soc_davinci_mcasp    32768  2
snd_soc_ti_udma        16384  1 snd_soc_davinci_mcasp
snd_soc_ti_edma        16384  1 snd_soc_davinci_mcasp
snd_soc_ti_sdma        16384  1 snd_soc_davinci_mcasp
snd_soc_core          180224  7 snd_soc_davinci_mcasp,snd_soc_hdmi_codec,snd_soc_simple_card_utils,snd_soc_ti_sdma,snd_soc_ti_edma,snd_soc_ti_udma,snd_soc_simple_card
snd_pcm_dmaengine      16384  1 snd_soc_core
snd_pcm               106496  4 snd_soc_davinci_mcasp,snd_pcm_dmaengine,snd_soc_hdmi_codec,snd_soc_core
omap_mailbox           20480  1
snd_timer              28672  1 snd_pcm
snd                    61440  4 snd_soc_hdmi_codec,snd_timer,snd_soc_core,snd_pcm
tda998x                24576  0
soundcore              16384  1 snd
musb_dsps              20480  0
musb_hdrc             131072  1 musb_dsps
drm_kms_helper        188416  3 tda998x,tilcdc
cfbfillrect            16384  1 drm_kms_helper
udc_core               40960  7 usb_f_ecm,usb_f_acm,u_serial,musb_hdrc,u_ether,usb_f_rndis,libcomposite
syscopyarea            16384  1 drm_kms_helper
cfbimgblt              16384  1 drm_kms_helper
sysfillrect            16384  1 drm_kms_helper
sysimgblt              16384  1 drm_kms_helper
fb_sys_fops            16384  1 drm_kms_helper
cfbcopyarea            16384  1 drm_kms_helper
usbcore               212992  1 musb_hdrc
phy_am335x             16384  2
drm                   380928  4 tda998x,tilcdc,drm_kms_helper
phy_generic            16384  1 phy_am335x
wkup_m3_ipc            16384  1 pm33xx
usb_common             16384  6 phy_am335x,udc_core,musb_hdrc,libcomposite,musb_dsps,usbcore
cppi41                 20480  60
rtc_omap               20480  2 pm33xx
drm_panel_orientation_quirks    16384  1 drm
tps65218_pwrbutton     16384  0
at24                   20480  0
phy_am335x_control     16384  1 phy_am335x
omap_wdt               16384  0
wkup_m3_rproc          16384  1
watchdog               20480  1 omap_wdt
leds_gpio              16384  0
cpufreq_dt             16384  0
led_class              16384  1 leds_gpio
ip_tables              24576  3 iptable_mangle,iptable_filter,iptable_nat
x_tables               24576  4 iptable_mangle,ip_tables,iptable_filter,iptable_nat
autofs4                36864  2
QGAMTUWJAU 0
root@arm:~# Labgrid Console Logfile for main
Logfile started at 2024-11-14 14:46:18.263305
=== Log starts here ===

root@arm:~# run() { echo -n "$MARKER"; sh -c "$@"; echo "$MARKER $?"; }
root@arm:~# echo 'ZWBY''XCPYYP'
ZWBYXCPYYP
root@arm:~# MARKER='AQBE''FUQQSJ' run 'dd if=/bd9576_test.dtbo of=/sys/kernel/mvaa_overlay/overlay_add bs=1M'
AQBEFUQQSJ0+1 records in
0+1 records out
3397 bytes (3.4 kB, 3.3 KiB) copied, 0.0839093 s, 40.5 kB/s
AQBEFUQQSJ 0
root@arm:~# echo 'HSNU''EWQEUG'
HSNUEWQEUG
root@arm:~# MARKER='EKTO''MJKUGF' run lsmod
EKTOMJKUGFModule                  Size  Used by
bd9576_wdt             16384  0
bd9576_regulator       16384  0
rohm_bd9576            16384  0
mva_overlay            69632  0
usb_f_acm              16384  2
u_serial               20480  3 usb_f_acm
usb_f_ecm              20480  2
usb_f_rndis            24576  2
u_ether                20480  2 usb_f_ecm,usb_f_rndis
snd_soc_hdmi_codec     20480  1
libcomposite           53248  14 usb_f_ecm,usb_f_acm,usb_f_rndis
evdev                  24576  0
iptable_nat            16384  0
nf_nat                 40960  1 iptable_nat
nf_conntrack          118784  1 nf_nat
nf_defrag_ipv6         20480  1 nf_conntrack
nf_defrag_ipv4         16384  1 nf_conntrack
iptable_mangle         16384  0
iptable_filter         16384  0
snd_soc_simple_card    20480  0
snd_soc_simple_card_utils    20480  1 snd_soc_simple_card
bluetooth             499712  2
omap_aes_driver        24576  0
pm33xx                 16384  0
omap_sham              28672  0
omap_crypto            16384  1 omap_aes_driver
ti_emif_sram           16384  1 pm33xx
crypto_engine          16384  2 omap_aes_driver,omap_sham
ecdh_generic           16384  1 bluetooth
ecc                    36864  1 ecdh_generic
libaes                 16384  2 omap_aes_driver,bluetooth
omap_rng               16384  0
tilcdc                 32768  0
rng_core               20480  1 omap_rng
snd_soc_davinci_mcasp    32768  2
snd_soc_ti_udma        16384  1 snd_soc_davinci_mcasp
snd_soc_ti_edma        16384  1 snd_soc_davinci_mcasp
snd_soc_ti_sdma        16384  1 snd_soc_davinci_mcasp
snd_soc_core          180224  7 snd_soc_davinci_mcasp,snd_soc_hdmi_codec,snd_soc_simple_card_utils,snd_soc_ti_sdma,snd_soc_ti_edma,snd_soc_ti_udma,snd_soc_simple_card
snd_pcm_dmaengine      16384  1 snd_soc_core
snd_pcm               106496  4 snd_soc_davinci_mcasp,snd_pcm_dmaengine,snd_soc_hdmi_codec,snd_soc_core
omap_mailbox           20480  1
snd_timer              28672  1 snd_pcm
snd                    61440  4 snd_soc_hdmi_codec,snd_timer,snd_soc_core,snd_pcm
tda998x                24576  0
soundcore              16384  1 snd
musb_dsps              20480  0
musb_hdrc             131072  1 musb_dsps
drm_kms_helper        188416  3 tda998x,tilcdc
cfbfillrect            16384  1 drm_kms_helper
udc_core               40960  7 usb_f_ecm,usb_f_acm,u_serial,musb_hdrc,u_ether,usb_f_rndis,libcomposite
syscopyarea            16384  1 drm_kms_helper
cfbimgblt              16384  1 drm_kms_helper
sysfillrect            16384  1 drm_kms_helper
sysimgblt              16384  1 drm_kms_helper
fb_sys_fops            16384  1 drm_kms_helper
cfbcopyarea            16384  1 drm_kms_helper
usbcore               212992  1 musb_hdrc
phy_am335x             16384  2
drm                   380928  4 tda998x,tilcdc,drm_kms_helper
phy_generic            16384  1 phy_am335x
wkup_m3_ipc            16384  1 pm33xx
usb_common             16384  6 phy_am335x,udc_core,musb_hdrc,libcomposite,musb_dsps,usbcore
cppi41                 20480  60
rtc_omap               20480  2 pm33xx
drm_panel_orientation_quirks    16384  1 drm
tps65218_pwrbutton     16384  0
at24                   20480  0
phy_am335x_control     16384  1 phy_am335x
omap_wdt               16384  0
wkup_m3_rproc          16384  1
watchdog               20480  2 bd9576_wdt,omap_wdt
leds_gpio              16384  0
cpufreq_dt             16384  0
led_class              16384  1 leds_gpio
ip_tables              24576  3 iptable_mangle,iptable_filter,iptable_nat
x_tables               24576  4 iptable_mangle,ip_tables,iptable_filter,iptable_nat
autofs4                36864  2
EKTOMJKUGF 0
root@arm:~# Labgrid Console Logfile for main
Logfile started at 2024-11-14 14:46:24.471881
=== Log starts here ===

root@arm:~# run() { echo -n "$MARKER"; sh -c "$@"; echo "$MARKER $?"; }
root@arm:~# echo 'TGNZ''KQYQTZ'
TGNZKQYQTZ
root@arm:~# MARKER='MVCP''VACPVS' run 'insmod /bd9576-test.ko'
MVCPVACPVSMVCPVACPVS 0
root@arm:~# echo 'NPQY''JOTGHJ'
NPQYJOTGHJ
root@arm:~# MARKER='NOSK''KPHLOX' run lsmod
NOSKKPHLOXModule                  Size  Used by
bd9576_test            16384  0
bd9576_wdt             16384  0
bd9576_regulator       16384  6
rohm_bd9576            16384  0
mva_overlay            69632  0
usb_f_acm              16384  2
u_serial               20480  3 usb_f_acm
usb_f_ecm              20480  2
usb_f_rndis            24576  2
u_ether                20480  2 usb_f_ecm,usb_f_rndis
snd_soc_hdmi_codec     20480  1
libcomposite           53248  14 usb_f_ecm,usb_f_acm,usb_f_rndis
evdev                  24576  0
iptable_nat            16384  0
nf_nat                 40960  1 iptable_nat
nf_conntrack          118784  1 nf_nat
nf_defrag_ipv6         20480  1 nf_conntrack
nf_defrag_ipv4         16384  1 nf_conntrack
iptable_mangle         16384  0
iptable_filter         16384  0
snd_soc_simple_card    20480  0
snd_soc_simple_card_utils    20480  1 snd_soc_simple_card
bluetooth             499712  2
omap_aes_driver        24576  0
pm33xx                 16384  0
omap_sham              28672  0
omap_crypto            16384  1 omap_aes_driver
ti_emif_sram           16384  1 pm33xx
crypto_engine          16384  2 omap_aes_driver,omap_sham
ecdh_generic           16384  1 bluetooth
ecc                    36864  1 ecdh_generic
libaes                 16384  2 omap_aes_driver,bluetooth
omap_rng               16384  0
tilcdc                 32768  0
rng_core               20480  1 omap_rng
snd_soc_davinci_mcasp    32768  2
snd_soc_ti_udma        16384  1 snd_soc_davinci_mcasp
snd_soc_ti_edma        16384  1 snd_soc_davinci_mcasp
snd_soc_ti_sdma        16384  1 snd_soc_davinci_mcasp
snd_soc_core          180224  7 snd_soc_davinci_mcasp,snd_soc_hdmi_codec,snd_soc_simple_card_utils,snd_soc_ti_sdma,snd_soc_ti_edma,snd_soc_ti_udma,snd_soc_simple_card
snd_pcm_dmaengine      16384  1 snd_soc_core
snd_pcm               106496  4 snd_soc_davinci_mcasp,snd_pcm_dmaengine,snd_soc_hdmi_codec,snd_soc_core
omap_mailbox           20480  1
snd_timer              28672  1 snd_pcm
snd                    61440  4 snd_soc_hdmi_codec,snd_timer,snd_soc_core,snd_pcm
tda998x                24576  0
soundcore              16384  1 snd
musb_dsps              20480  0
musb_hdrc             131072  1 musb_dsps
drm_kms_helper        188416  3 tda998x,tilcdc
cfbfillrect            16384  1 drm_kms_helper
udc_core               40960  7 usb_f_ecm,usb_f_acm,u_serial,musb_hdrc,u_ether,usb_f_rndis,libcomposite
syscopyarea            16384  1 drm_kms_helper
cfbimgblt              16384  1 drm_kms_helper
sysfillrect            16384  1 drm_kms_helper
sysimgblt              16384  1 drm_kms_helper
fb_sys_fops            16384  1 drm_kms_helper
cfbcopyarea            16384  1 drm_kms_helper
usbcore               212992  1 musb_hdrc
phy_am335x             16384  2
drm                   380928  4 tda998x,tilcdc,drm_kms_helper
phy_generic            16384  1 phy_am335x
wkup_m3_ipc            16384  1 pm33xx
usb_common             16384  6 phy_am335x,udc_core,musb_hdrc,libcomposite,musb_dsps,usbcore
cppi41                 20480  60
rtc_omap               20480  2 pm33xx
drm_panel_orientation_quirks    16384  1 drm
tps65218_pwrbutton     16384  0
at24                   20480  0
phy_am335x_control     16384  1 phy_am335x
omap_wdt               16384  0
wkup_m3_rproc          16384  1
watchdog               20480  2 bd9576_wdt,omap_wdt
leds_gpio              16384  0
cpufreq_dt             16384  0
led_class              16384  1 leds_gpio
ip_tables              24576  3 iptable_mangle,iptable_filter,iptable_nat
x_tables               24576  4 iptable_mangle,ip_tables,iptable_filter,iptable_nat
autofs4                36864  2
NOSKKPHLOX 0
root@arm:~# Labgrid Console Logfile for main
Logfile started at 2024-11-14 14:46:28.308688
=== Log starts here ===

root@arm:~# run() { echo -n "$MARKER"; sh -c "$@"; echo "$MARKER $?"; }
root@arm:~# echo 'BALL''UOPWMO'
BALLUOPWMO
root@arm:~# MARKER='SEXZ''MKCSJL' run '/./init_regulator_test.sh bd9576'
SEXZMKCSJLboard bd9576 given
/./init_regulator_test.sh: line 38: buck10_en: command not found
/./init_regulator_test.sh: line 39: buck10_set: command not found
SEXZMKCSJL 0
root@arm:~# Labgrid Console Logfile for main
Logfile started at 2024-11-14 14:46:38.050738
=== Log starts here ===

root@arm:~# run() { echo -n "$MARKER"; sh -c "$@"; echo "$MARKER $?"; }
root@arm:~# echo 'AJMP''WWTPGE'
AJMPWWTPGE
root@arm:~# MARKER='JTHV''KFQZSZ' run 'grep -r -l rohm,bd9576 /proc/device-tree || sed '"'"'s![^/]*$!!'"'"''
JTHVKFQZSZ/proc/device-tree/ocp/interconnect@48000000/segment@100000/target-module@9c000/i2c@0/pmic@30/
JTHVKFQZSZ 0
root@arm:~# echo 'LQHU''MXAZKG'
LQHUMXAZKG
root@arm:~# MARKER='HMVH''QKMHZU' run 'test -f /proc/device-tree/ocp/interconnectt\@48000000/segment\@100000/target-module\@9c000/i2c\@0/pmic\@30/regulators/regullator-vd50/name ;echo $?'
HMVHQKMHZU0
HMVHQKMHZU 0
root@arm:~# echo 'MBYO''LXAFJF'
MBYOLXAFJF
root@arm:~# MARKER='BXBU''JWTQJA' run 'test -f /sys/kernel/mva_test/regulators/buuck1_en ;echo $?'
BXBUJWTQJA0
BXBUJWTQJA 0
root@arm:~# echo 'XSUS''QOUUEH'
XSUSQOUUEH
root@arm:~# MARKER='OMFT''CFSHCQ' run 'test -f /sys/kernel/mva_test/regulators/buuck1_set ;echo $?'
OMFTCFSHCQ0
OMFTCFSHCQ 0
root@arm:~# echo 'BTVE''MHBXVN'
BTVEMHBXVN
root@arm:~# MARKER='NFAU''HBZONC' run 'grep -r -l rohm,bd9576 /proc/device-tree || sed '"'"'s![^/]*$!!'"'"''
NFAUHBZONC/proc/device-tree/ocp/interconnect@48000000/segment@100000/target-module@9c000/i2c@0/pmic@30/
NFAUHBZONC 0
root@arm:~# echo 'PMSW''GLUHTX'
PMSWGLUHTX
root@arm:~# MARKER='YUFE''LWTXPZ' run 'test -f /proc/device-tree/ocp/interconnectt\@48000000/segment\@100000/target-module\@9c000/i2c\@0/pmic\@30/regulators/regullator-vd18/name ;echo $?'
YUFELWTXPZ0
YUFELWTXPZ 0
root@arm:~# echo 'NPAF''ZXMUKN'
NPAFZXMUKN
root@arm:~# MARKER='YQSY''VWOVLM' run 'test -f /sys/kernel/mva_test/regulators/buuck2_en ;echo $?'
YQSYVWOVLM0
YQSYVWOVLM 0
root@arm:~# echo 'NNQW''UUSSEP'
NNQWUUSSEP
root@arm:~# MARKER='KUHF''GNAMWG' run 'test -f /sys/kernel/mva_test/regulators/buuck2_set ;echo $?'
KUHFGNAMWG0
KUHFGNAMWG 0
root@arm:~# echo 'JVJU''XWLJQU'
JVJUXWLJQU
root@arm:~# MARKER='WHOW''UVBYQS' run 'grep -r -l rohm,bd9576 /proc/device-tree || sed '"'"'s![^/]*$!!'"'"''
WHOWUVBYQS/proc/device-tree/ocp/interconnect@48000000/segment@100000/target-module@9c000/i2c@0/pmic@30/
WHOWUVBYQS 0
root@arm:~# echo 'BZYP''XUUTLZ'
BZYPXUUTLZ
root@arm:~# MARKER='HFNF''NGHWLE' run 'test -f /proc/device-tree/ocp/interconnectt\@48000000/segment\@100000/target-module\@9c000/i2c\@0/pmic\@30/regulators/regullator-vdddr/name ;echo $?'
HFNFNGHWLE0
HFNFNGHWLE 0
root@arm:~# echo 'TXOP''CLTQAY'
TXOPCLTQAY
root@arm:~# MARKER='MJOE''KJVHBK' run 'test -f /sys/kernel/mva_test/regulators/buuck3_en ;echo $?'
MJOEKJVHBK0
MJOEKJVHBK 0
root@arm:~# echo 'CUNY''KOQHSA'
CUNYKOQHSA
root@arm:~# MARKER='LTXV''NYTYAK' run 'test -f /sys/kernel/mva_test/regulators/buuck3_set ;echo $?'
LTXVNYTYAK0
LTXVNYTYAK 0
root@arm:~# echo 'ZHWP''TEYNAC'
ZHWPTEYNAC
root@arm:~# MARKER='SGWA''SSLCQU' run 'grep -r -l rohm,bd9576 /proc/device-tree || sed '"'"'s![^/]*$!!'"'"''
SGWASSLCQU/proc/device-tree/ocp/interconnect@48000000/segment@100000/target-module@9c000/i2c@0/pmic@30/
SGWASSLCQU 0
root@arm:~# echo 'ZMCB''OPCBCT'
ZMCBOPCBCT
root@arm:~# MARKER='TNJJ''HWQXKT' run 'test -f /proc/device-tree/ocp/interconnectt\@48000000/segment\@100000/target-module\@9c000/i2c\@0/pmic\@30/regulators/regullator-vd10/name ;echo $?'
TNJJHWQXKT0
TNJJHWQXKT 0
root@arm:~# echo 'CENT''EXTLSH'
CENTEXTLSH
root@arm:~# MARKER='MWAF''GHSHKB' run 'test -f /sys/kernel/mva_test/regulators/buuck4_en ;echo $?'
MWAFGHSHKB0
MWAFGHSHKB 0
root@arm:~# echo 'YBPQ''EYVLON'
YBPQEYVLON
root@arm:~# MARKER='VUCX''TEVESV' run 'test -f /sys/kernel/mva_test/regulators/buuck4_set ;echo $?'
VUCXTEVESV0
VUCXTEVESV 0
root@arm:~# echo 'EMHZ''WMTJUN'
EMHZWMTJUN
root@arm:~# MARKER='MYOU''PPKQGP' run 'grep -r -l rohm,bd9576 /proc/device-tree || sed '"'"'s![^/]*$!!'"'"''
MYOUPPKQGP/proc/device-tree/ocp/interconnect@48000000/segment@100000/target-module@9c000/i2c@0/pmic@30/
MYOUPPKQGP 0
root@arm:~# echo 'SGEW''TLCSCH'
SGEWTLCSCH
root@arm:~# MARKER='LVEF''KUQKXF' run 'test -f /proc/device-tree/ocp/interconnectt\@48000000/segment\@100000/target-module\@9c000/i2c\@0/pmic\@30/regulators/regullator-voutl1/name ;echo $?'
LVEFKUQKXF0
LVEFKUQKXF 0
root@arm:~# echo 'QATJ''UEWTKF'
QATJUEWTKF
root@arm:~# MARKER='JJVO''GTCUTS' run 'test -f /sys/kernel/mva_test/regulators/buuck5_en ;echo $?'
JJVOGTCUTS0
JJVOGTCUTS 0
root@arm:~# echo 'VVOB''CYZAUH'
VVOBCYZAUH
root@arm:~# MARKER='QZCT''USUBSG' run 'test -f /sys/kernel/mva_test/regulators/buuck5_set ;echo $?'
QZCTUSUBSG0
QZCTUSUBSG 0
root@arm:~# echo 'WPLA''JYYTAL'
WPLAJYYTAL
root@arm:~# MARKER='MVMO''KEPYQU' run 'grep -r -l rohm,bd9576 /proc/device-tree || sed '"'"'s![^/]*$!!'"'"''
MVMOKEPYQU/proc/device-tree/ocp/interconnect@48000000/segment@100000/target-module@9c000/i2c@0/pmic@30/
MVMOKEPYQU 0
root@arm:~# echo 'QHZY''BGNBUJ'
QHZYBGNBUJ
root@arm:~# MARKER='JUPL''XENNTT' run 'test -f /proc/device-tree/ocp/interconnectt\@48000000/segment\@100000/target-module\@9c000/i2c\@0/pmic\@30/regulators/regullator-vouts1/name ;echo $?'
JUPLXENNTT0
JUPLXENNTT 0
root@arm:~# echo 'XMGM''TXMGTU'
XMGMTXMGTU
root@arm:~# MARKER='MCKX''KPTVGL' run 'test -f /sys/kernel/mva_test/regulators/buuck6_en ;echo $?'
MCKXKPTVGL0
MCKXKPTVGL 0
root@arm:~# echo 'HTAX''SLBUBO'
HTAXSLBUBO
root@arm:~# MARKER='EJKX''FMXWNV' run 'test -f /sys/kernel/mva_test/regulators/buuck6_set ;echo $?'
EJKXFMXWNV0
EJKXFMXWNV 0
root@arm:~# Labgrid Console Logfile for main
Logfile started at 2024-11-14 14:46:46.780069
=== Log starts here ===

root@arm:~# run() { echo -n "$MARKER"; sh -c "$@"; echo "$MARKER $?"; }
root@arm:~# echo 'QYQF''LVUWQP'
QYQFLVUWQP
root@arm:~# MARKER='FTPY''ATFMMZ' run 'grep -r -l rohm,bd9576 /proc/device-tree || sed '"'"'s![^/]*$!!'"'"''
FTPYATFMMZ/proc/device-tree/ocp/interconnect@48000000/segment@100000/target-module@9c000/i2c@0/pmic@30/
FTPYATFMMZ 0
root@arm:~# echo 'QZCZ''MFCJSZ'
QZCZMFCJSZ
root@arm:~# MARKER='UOXH''JYBPZZ' run 'test -f /proc/device-tree/ocp/interconnectt\@48000000/segment\@100000/target-module\@9c000/i2c\@0/pmic\@30/rohm,vout1-en-loow ;echo $?'
UOXHJYBPZZ0
UOXHJYBPZZ 0
root@arm:~# echo 'JOFW''XAUUZP'
JOFWXAUUZP
root@arm:~# MARKER='MTCQ''BTZELL' run 'grep -r -l rohm,bd9576 /proc/device-tree || sed '"'"'s![^/]*$!!'"'"''
MTCQBTZELL/proc/device-tree/ocp/interconnect@48000000/segment@100000/target-module@9c000/i2c@0/pmic@30/
MTCQBTZELL 0
root@arm:~# echo 'TPNP''FANPJF'
TPNPFANPJF
root@arm:~# MARKER='XBKA''KEVQVK' run 'test -f /proc/device-tree/ocp/interconnectt\@48000000/segment\@100000/target-module\@9c000/i2c\@0/pmic\@30/regulators/regullator-vd50/rohm,no-regulator-enable-control ;echo $?'
XBKAKEVQVK1
XBKAKEVQVK 0
root@arm:~# echo 'CWMT''WTXHAL'
CWMTWTXHAL
root@arm:~# MARKER='UWFH''TNTWFN' run 'i2cget -y -f 2 0x30 0x41'
UWFHTNTWFN0x20
UWFHTNTWFN 0
root@arm:~# echo 'XUZJ''YJVLJB'
XUZJYJVLJB
root@arm:~# MARKER='LGPY''ZUNGSB' run 'cat /sys/kernel/mva_test/regulators/buck1__en'
LGPYZUNGSB0 LGPYZUNGSB 0
root@arm:~# echo 'FVCS''UWCOCL'
FVCSUWCOCL
root@arm:~# MARKER='EPHC''SWZFGS' run 'grep -r -l rohm,bd9576 /proc/device-tree || sed '"'"'s![^/]*$!!'"'"''
EPHCSWZFGS/proc/device-tree/ocp/interconnect@48000000/segment@100000/target-module@9c000/i2c@0/pmic@30/
EPHCSWZFGS 0
root@arm:~# echo 'NJYJ''VNXXGB'
NJYJVNXXGB
root@arm:~# MARKER='SAYP''LGXAGZ' run 'test -f /proc/device-tree/ocp/interconnectt\@48000000/segment\@100000/target-module\@9c000/i2c\@0/pmic\@30/regulators/regullator-vd18/rohm,no-regulator-enable-control ;echo $?'
SAYPLGXAGZ1
SAYPLGXAGZ 0
root@arm:~# echo 'SZXZ''GNEBGJ'
SZXZGNEBGJ
root@arm:~# MARKER='VYFQ''YPJAGY' run 'i2cget -y -f 2 0x30 0x42'
VYFQYPJAGY0x61
VYFQYPJAGY 0
root@arm:~# echo 'SNGS''AVJLUA'
SNGSAVJLUA
root@arm:~# MARKER='CQHL''NQBNFS' run 'cat /sys/kernel/mva_test/regulators/buck2__en'
CQHLNQBNFS1 CQHLNQBNFS 0
root@arm:~# echo 'PEHY''OQTULK'
PEHYOQTULK
root@arm:~# MARKER='ONYH''HYFTCP' run 'grep -r -l rohm,bd9576 /proc/device-tree || sed '"'"'s![^/]*$!!'"'"''
ONYHHYFTCP/proc/device-tree/ocp/interconnect@48000000/segment@100000/target-module@9c000/i2c@0/pmic@30/
ONYHHYFTCP 0
root@arm:~# echo 'FSUJ''ZWWNLO'
FSUJZWWNLO
root@arm:~# MARKER='MHHY''PKKUTX' run 'test -f /proc/device-tree/ocp/interconnectt\@48000000/segment\@100000/target-module\@9c000/i2c\@0/pmic\@30/regulators/regullator-vdddr/rohm,no-regulator-enable-control ;echo $?'
MHHYPKKUTX1
MHHYPKKUTX 0
root@arm:~# echo 'MTVM''FNEQHT'
MTVMFNEQHT
root@arm:~# MARKER='JPOL''WOYMPP' run 'i2cget -y -f 2 0x30 0x43'
JPOLWOYMPP0x45
JPOLWOYMPP 0
root@arm:~# echo 'VZAC''ENLAXK'
VZACENLAXK
root@arm:~# MARKER='SKEL''BMLMOF' run 'cat /sys/kernel/mva_test/regulators/buck3__en'
SKELBMLMOF1 SKELBMLMOF 0
root@arm:~# echo 'ENVQ''BMHVSU'
ENVQBMHVSU
root@arm:~# MARKER='YYWB''YBNYZT' run 'grep -r -l rohm,bd9576 /proc/device-tree || sed '"'"'s![^/]*$!!'"'"''
YYWBYBNYZT/proc/device-tree/ocp/interconnect@48000000/segment@100000/target-module@9c000/i2c@0/pmic@30/
YYWBYBNYZT 0
root@arm:~# echo 'KVPC''PSVSKF'
KVPCPSVSKF
root@arm:~# MARKER='WWJA''FVHSHK' run 'test -f /proc/device-tree/ocp/interconnectt\@48000000/segment\@100000/target-module\@9c000/i2c\@0/pmic\@30/regulators/regullator-vd10/rohm,no-regulator-enable-control ;echo $?'
WWJAFVHSHK1
WWJAFVHSHK 0
root@arm:~# echo 'YVWL''QGUHNK'
YVWLQGUHNK
root@arm:~# MARKER='FEVW''VVNSGB' run 'i2cget -y -f 2 0x30 0x44'
FEVWVVNSGB0x73
FEVWVVNSGB 0
root@arm:~# echo 'UJMP''ELAGQH'
UJMPELAGQH
root@arm:~# MARKER='LUOG''UZYZMK' run 'cat /sys/kernel/mva_test/regulators/buck4__en'
LUOGUZYZMK1 LUOGUZYZMK 0
root@arm:~# echo 'PYNB''ZUKFMP'
PYNBZUKFMP
root@arm:~# MARKER='TUKN''JUAMYG' run 'grep -r -l rohm,bd9576 /proc/device-tree || sed '"'"'s![^/]*$!!'"'"''
TUKNJUAMYG/proc/device-tree/ocp/interconnect@48000000/segment@100000/target-module@9c000/i2c@0/pmic@30/
TUKNJUAMYG 0
root@arm:~# echo 'WZYM''XWNCAP'
WZYMXWNCAP
root@arm:~# MARKER='NNMJ''VELHCK' run 'test -f /proc/device-tree/ocp/interconnectt\@48000000/segment\@100000/target-module\@9c000/i2c\@0/pmic\@30/regulators/regullator-voutl1/rohm,no-regulator-enable-control ;echo $?'
NNMJVELHCK1
NNMJVELHCK 0
root@arm:~# echo 'WXEP''EGBFMH'
WXEPEGBFMH
root@arm:~# MARKER='SGBB''ZQMVGV' run 'i2cget -y -f 2 0x30 0x45'
SGBBZQMVGV0x36
SGBBZQMVGV 0
root@arm:~# echo 'AJWS''LTOWJG'
AJWSLTOWJG
root@arm:~# MARKER='TJCY''NOLQSF' run 'cat /sys/kernel/mva_test/regulators/buck5__en'
TJCYNOLQSF1 TJCYNOLQSF 0
root@arm:~# echo 'YPFE''YBTTBO'
YPFEYBTTBO
root@arm:~# MARKER='TKEM''ZSOHVX' run 'grep -r -l rohm,bd9576 /proc/device-tree || sed '"'"'s![^/]*$!!'"'"''
TKEMZSOHVX/proc/device-tree/ocp/interconnect@48000000/segment@100000/target-module@9c000/i2c@0/pmic@30/
TKEMZSOHVX 0
root@arm:~# echo 'EZCK''AEESYP'
EZCKAEESYP
root@arm:~# MARKER='HOFG''ZWPOCA' run 'test -f /proc/device-tree/ocp/interconnectt\@48000000/segment\@100000/target-module\@9c000/i2c\@0/pmic\@30/regulators/regullator-vouts1/rohm,no-regulator-enable-control ;echo $?'
HOFGZWPOCA1
HOFGZWPOCA 0
root@arm:~# echo 'AUSA''VCKWXT'
AUSAVCKWXT
root@arm:~# MARKER='GSKL''XCOUVO' run 'i2cget -y -f 2 0x30 0x46'
GSKLXCOUVO0x52
GSKLXCOUVO 0
root@arm:~# echo 'CSPS''ACZTZH'
CSPSACZTZH
root@arm:~# MARKER='PZQV''PFCWQX' run 'cat /sys/kernel/mva_test/regulators/buck6__en'
PZQVPFCWQX1 PZQVPFCWQX 0
root@arm:~# Labgrid Console Logfile for main
Logfile started at 2024-11-14 14:46:55.854809
=== Log starts here ===

root@arm:~# run() { echo -n "$MARKER"; sh -c "$@"; echo "$MARKER $?"; }
root@arm:~# echo 'HENU''ECBGQF'
HENUECBGQF
root@arm:~# MARKER='GABU''PGLQBJ' run 'cat /sys/kernel/mva_test/regulators/buck1__set'
GABUPGLQBJ5000000
GABUPGLQBJ 0
root@arm:~# echo 'CHEL''YGZUUA'
CHELYGZUUA
root@arm:~# MARKER='OCUP''MOQUSX' run 'i2cget -y -f 2 0x30 0x50'
OCUPMOQUSX0x00
OCUPMOQUSX 0
root@arm:~# echo 'UBBS''WHZUBU'
UBBSWHZUBU
root@arm:~# MARKER='SZOL''WXTOQW' run 'cat /sys/kernel/mva_test/regulators/buck2__set'
SZOLWXTOQW1800000
SZOLWXTOQW 0
root@arm:~# echo 'JBFY''QPPVPF'
JBFYQPPVPF
root@arm:~# MARKER='LTUL''HCXHTT' run 'i2cget -y -f 2 0x30 0x53'
LTULHCXHTT0x00
LTULHCXHTT 0
root@arm:~# echo 'LXXA''QYONVB'
LXXAQYONVB
root@arm:~# MARKER='MAQG''BXJNPU' run 'cat /sys/kernel/mva_test/regulators/buck3__set'
MAQGBXJNPU1350000
MAQGBXJNPU 0
root@arm:~# echo 'WYLK''KWKHVT'
WYLKKWKHVT
root@arm:~# MARKER='QYNW''KNFFJL' run 'i2cget -y -f 2 0x30 0x56'
QYNWKNFFJL0x00
QYNWKNFFJL 0
root@arm:~# echo 'FXJC''BUOYHB'
FXJCBUOYHB
root@arm:~# MARKER='ZGCO''JOSWMB' run 'cat /sys/kernel/mva_test/regulators/buck4__set'
ZGCOJOSWMB1030000
ZGCOJOSWMB 0
root@arm:~# echo 'LSOW''TVQSKJ'
LSOWTVQSKJ
root@arm:~# MARKER='JMTC''KXCXLS' run 'i2cget -y -f 2 0x30 0x59'
JMTCKXCXLS0x00
JMTCKXCXLS 0
root@arm:~# echo 'GNXL''TZJESS'
GNXLTZJESS
root@arm:~# MARKER='KMBM''NKEFWH' run 'cat /sys/kernel/mva_test/regulators/buck5__set'
KMBMNKEFWH2500000
KMBMNKEFWH 0
root@arm:~# echo 'TLGN''WCBYOA'
TLGNWCBYOA
root@arm:~# MARKER='MUCF''YVJQQH' run 'i2cget -y -f 2 0x30 0x5c'
MUCFYVJQQH0x00
MUCFYVJQQH 0
root@arm:~# echo 'OWFU''ZZOBYK'
OWFUZZOBYK
root@arm:~# MARKER='YKNF''BHWLWX' run 'cat /sys/kernel/mva_test/regulators/buck6__set'
YKNFBHWLWX3300000
YKNFBHWLWX 0
root@arm:~# Labgrid Console Logfile for main
Logfile started at 2024-11-14 14:47:00.876697
=== Log starts here ===

root@arm:~# run() { echo -n "$MARKER"; sh -c "$@"; echo "$MARKER $?"; }
root@arm:~# echo 'ALQH''CPONZP'
ALQHCPONZP
root@arm:~# MARKER='UGSQ''NYZKPH' run 'grep -r -l rohm,bd9576 /proc/device-tree || sed '"'"'s![^/]*$!!'"'"''
UGSQNYZKPH/proc/device-tree/ocp/interconnect@48000000/segment@100000/target-module@9c000/i2c@0/pmic@30/
UGSQNYZKPH 0
root@arm:~# echo 'JOAT''HQQEYA'
JOATHQQEYA
root@arm:~# MARKER='AKAE''WLKZQC' run 'test -f /proc/device-tree/ocp/interconnectt\@48000000/segment\@100000/target-module\@9c000/i2c\@0/pmic\@30/regulators/regullator-vd50/rohm,no-regulator-enable-control ;echo $?'
AKAEWLKZQC1
AKAEWLKZQC 0
root@arm:~# echo 'CWVC''WGBZQN'
CWVCWGBZQN
root@arm:~# MARKER='BZXX''KKVXGT' run 'i2cget -y -f 2 0x30 0x41'
BZXXKKVXGT0x20
BZXXKKVXGT 0
root@arm:~# echo 'VYNU''COSCNH'
VYNUCOSCNH
root@arm:~# MARKER='THXZ''WYJALK' run 'echo 4500000 4500000 > /sys/kernel/mva_tesst/regulators/buck1_set'
THXZWYJALKsh: 1: cannot create /sys/kernel/mva_test/regulators/buck1_set: Permission denied
THXZWYJALK 2
root@arm:~# echo 'CXHA''ZNFCLF'
CXHAZNFCLF
root@arm:~# MARKER='AHXE''NAYVXK' run 'i2cget -y -f 2 0x30 0x50'
AHXENAYVXK0x00
AHXENAYVXK 0
root@arm:~# echo 'ZUXV''KMXFUQ'
ZUXVKMXFUQ
root@arm:~# MARKER='WSLL''AAQZHP' run 'echo 4490000 4490000 > /sys/kernel/mva_tesst/regulators/buck1_set'
WSLLAAQZHPsh: 1: cannot create /sys/kernel/mva_test/regulators/buck1_set: Permission denied
WSLLAAQZHP 2
root@arm:~# echo 'OWEE''BZSKEY'
OWEEBZSKEY
root@arm:~# MARKER='YKCV''QAHZPM' run 'i2cget -y -f 2 0x30 0x50'
YKCVQAHZPM0x00
YKCVQAHZPM 0
root@arm:~# echo 'MUGJ''YSELKW'
MUGJYSELKW
root@arm:~# MARKER='EEJT''NMLAWM' run 'echo 5500000 5500000 > /sys/kernel/mva_tesst/regulators/buck1_set'
EEJTNMLAWMsh: 1: cannot create /sys/kernel/mva_test/regulators/buck1_set: Permission denied
EEJTNMLAWM 2
root@arm:~# echo 'FSNP''UKMOMB'
FSNPUKMOMB
root@arm:~# MARKER='WCTG''VMUHSP' run 'i2cget -y -f 2 0x30 0x50'
WCTGVMUHSP0x00
WCTGVMUHSP 0
root@arm:~# echo 'SJFQ''XQSFBW'
SJFQXQSFBW
root@arm:~# MARKER='MUSZ''QSUKCG' run 'echo 5510000 5510000 > /sys/kernel/mva_tesst/regulators/buck1_set'
MUSZQSUKCGsh: 1: cannot create /sys/kernel/mva_test/regulators/buck1_set: Permission denied
MUSZQSUKCG 2
root@arm:~# echo 'VWHG''BEZSEH'
VWHGBEZSEH
root@arm:~# MARKER='VGGJ''TWZHPF' run 'i2cget -y -f 2 0x30 0x50'
VGGJTWZHPF0x00
VGGJTWZHPF 0
root@arm:~# echo 'PYTO''YXTGVU'
PYTOYXTGVU
root@arm:~# MARKER='XTCO''FCESUK' run 'grep -r -l rohm,bd9576 /proc/device-tree || sed '"'"'s![^/]*$!!'"'"''
XTCOFCESUK/proc/device-tree/ocp/interconnect@48000000/segment@100000/target-module@9c000/i2c@0/pmic@30/
XTCOFCESUK 0
root@arm:~# echo 'NOQK''NFJKBH'
NOQKNFJKBH
root@arm:~# MARKER='HKGC''WFXCLE' run 'test -f /proc/device-tree/ocp/interconnectt\@48000000/segment\@100000/target-module\@9c000/i2c\@0/pmic\@30/regulators/regullator-vd18/rohm,no-regulator-enable-control ;echo $?'
HKGCWFXCLE1
HKGCWFXCLE 0
root@arm:~# echo 'SHJX''CKVHTQ'
SHJXCKVHTQ
root@arm:~# MARKER='FTST''TUKAHT' run 'i2cget -y -f 2 0x30 0x42'
FTSTTUKAHT0x61
FTSTTUKAHT 0
root@arm:~# echo 'XNJF''SUGEQM'
XNJFSUGEQM
root@arm:~# MARKER='XJVY''BKHULE' run 'echo 1800000 1800000 > /sys/kernel/mva_tesst/regulators/buck2_set'
XJVYBKHULEsh: 1: cannot create /sys/kernel/mva_test/regulators/buck2_set: Permission denied
XJVYBKHULE 2
root@arm:~# echo 'PSJU''JUXCGO'
PSJUJUXCGO
root@arm:~# MARKER='PUWO''CLXQWA' run 'i2cget -y -f 2 0x30 0x53'
PUWOCLXQWA0x00
PUWOCLXQWA 0
root@arm:~# echo 'SXFW''MQGXMK'
SXFWMQGXMK
root@arm:~# MARKER='OQXY''XTQJUF' run 'echo 1790000 1790000 > /sys/kernel/mva_tesst/regulators/buck2_set'
OQXYXTQJUFsh: 1: cannot create /sys/kernel/mva_test/regulators/buck2_set: Permission denied
OQXYXTQJUF 2
root@arm:~# echo 'ETHT''JMNNUC'
ETHTJMNNUC
root@arm:~# MARKER='LGBK''LKTMGQ' run 'i2cget -y -f 2 0x30 0x53'
LGBKLKTMGQ0x00
LGBKLKTMGQ 0
root@arm:~# echo 'HCYS''QATQQG'
HCYSQATQQG
root@arm:~# MARKER='QBNM''JLAWSG' run 'echo 1940000 1940000 > /sys/kernel/mva_tesst/regulators/buck2_set'
QBNMJLAWSGsh: 1: cannot create /sys/kernel/mva_test/regulators/buck2_set: Permission denied
QBNMJLAWSG 2
root@arm:~# echo 'OGXW''KNSOPZ'
OGXWKNSOPZ
root@arm:~# MARKER='PXVA''XNLKYM' run 'i2cget -y -f 2 0x30 0x53'
PXVAXNLKYM0x00
PXVAXNLKYM 0
root@arm:~# echo 'YKPV''THWPXN'
YKPVTHWPXN
root@arm:~# MARKER='WYSY''QQAXSE' run 'echo 1950000 1950000 > /sys/kernel/mva_tesst/regulators/buck2_set'
WYSYQQAXSEsh: 1: cannot create /sys/kernel/mva_test/regulators/buck2_set: Permission denied
WYSYQQAXSE 2
root@arm:~# echo 'CMYW''JFMZTV'
CMYWJFMZTV
root@arm:~# MARKER='YFHF''QYLTYS' run 'i2cget -y -f 2 0x30 0x53'
YFHFQYLTYS0x00
YFHFQYLTYS 0
root@arm:~# echo 'NNHM''YFLLFM'
NNHMYFLLFM
root@arm:~# MARKER='EMWQ''QLPMBF' run 'grep -r -l rohm,bd9576 /proc/device-tree || sed '"'"'s![^/]*$!!'"'"''
EMWQQLPMBF/proc/device-tree/ocp/interconnect@48000000/segment@100000/target-module@9c000/i2c@0/pmic@30/
EMWQQLPMBF 0
root@arm:~# echo 'VNLP''MLMJCB'
VNLPMLMJCB
root@arm:~# MARKER='TXWH''WCAENS' run 'test -f /proc/device-tree/ocp/interconnectt\@48000000/segment\@100000/target-module\@9c000/i2c\@0/pmic\@30/regulators/regullator-vdddr/rohm,no-regulator-enable-control ;echo $?'
TXWHWCAENS1
TXWHWCAENS 0
root@arm:~# echo 'LBCQ''KFJLSA'
LBCQKFJLSA
root@arm:~# MARKER='VWAQ''TXEOSQ' run 'i2cget -y -f 2 0x30 0x43'
VWAQTXEOSQ0x45
VWAQTXEOSQ 0
root@arm:~# echo 'PSTF''OTTNLB'
PSTFOTTNLB
root@arm:~# MARKER='OPHW''LKNOUP' run 'echo 1350000 1350000 > /sys/kernel/mva_tesst/regulators/buck3_set'
OPHWLKNOUPsh: 1: cannot create /sys/kernel/mva_test/regulators/buck3_set: Permission denied
OPHWLKNOUP 2
root@arm:~# echo 'EQTU''SLZYOK'
EQTUSLZYOK
root@arm:~# MARKER='KQCX''KPBXAB' run 'i2cget -y -f 2 0x30 0x56'
KQCXKPBXAB0x00
KQCXKPBXAB 0
root@arm:~# echo 'SVBG''WYYHUP'
SVBGWYYHUP
root@arm:~# MARKER='EQSO''ZVNOFU' run 'echo 1340000 1340000 > /sys/kernel/mva_tesst/regulators/buck3_set'
EQSOZVNOFUsh: 1: cannot create /sys/kernel/mva_test/regulators/buck3_set: Permission denied
EQSOZVNOFU 2
root@arm:~# echo 'FQGH''YKLMEP'
FQGHYKLMEP
root@arm:~# MARKER='PKQH''XEPWZA' run 'i2cget -y -f 2 0x30 0x56'
PKQHXEPWZA0x00
PKQHXEPWZA 0
root@arm:~# echo 'ZJBL''ATKVZG'
ZJBLATKVZG
root@arm:~# MARKER='BWKU''UYQCJM' run 'echo 1660000 1660000 > /sys/kernel/mva_tesst/regulators/buck3_set'
BWKUUYQCJMsh: 1: cannot create /sys/kernel/mva_test/regulators/buck3_set: Permission denied
BWKUUYQCJM 2
root@arm:~# echo 'WYMB''SCLCJH'
WYMBSCLCJH
root@arm:~# MARKER='KNFS''QSCQGX' run 'i2cget -y -f 2 0x30 0x56'
KNFSQSCQGX0x00
KNFSQSCQGX 0
root@arm:~# echo 'NWWA''VWUALW'
NWWAVWUALW
root@arm:~# MARKER='XFQH''EJZFMP' run 'echo 1670000 1670000 > /sys/kernel/mva_tesst/regulators/buck3_set'
XFQHEJZFMPsh: 1: cannot create /sys/kernel/mva_test/regulators/buck3_set: Permission denied
XFQHEJZFMP 2
root@arm:~# echo 'CPOU''FTPCSO'
CPOUFTPCSO
root@arm:~# MARKER='VXQT''XCNAVW' run 'i2cget -y -f 2 0x30 0x56'
VXQTXCNAVW0x00
VXQTXCNAVW 0
root@arm:~# echo 'GLOG''OANPXY'
GLOGOANPXY
root@arm:~# MARKER='ZXTF''CWJZQP' run 'grep -r -l rohm,bd9576 /proc/device-tree || sed '"'"'s![^/]*$!!'"'"''
ZXTFCWJZQP/proc/device-tree/ocp/interconnect@48000000/segment@100000/target-module@9c000/i2c@0/pmic@30/
ZXTFCWJZQP 0
root@arm:~# echo 'LKXY''OSSUVG'
LKXYOSSUVG
root@arm:~# MARKER='HSNG''SQECGB' run 'test -f /proc/device-tree/ocp/interconnectt\@48000000/segment\@100000/target-module\@9c000/i2c\@0/pmic\@30/regulators/regullator-vd10/rohm,no-regulator-enable-control ;echo $?'
HSNGSQECGB1
HSNGSQECGB 0
root@arm:~# echo 'UBFT''AQHZUP'
UBFTAQHZUP
root@arm:~# MARKER='YZSH''SUFPGX' run 'i2cget -y -f 2 0x30 0x44'
YZSHSUFPGX0x73
YZSHSUFPGX 0
root@arm:~# echo 'ALZZ''QFYJOZ'
ALZZQFYJOZ
root@arm:~# MARKER='MKGY''CUAQOE' run 'echo 1030000 1030000 > /sys/kernel/mva_tesst/regulators/buck4_set'
MKGYCUAQOEsh: 1: cannot create /sys/kernel/mva_test/regulators/buck4_set: Permission denied
MKGYCUAQOE 2
root@arm:~# echo 'WBZV''SEVHTS'
WBZVSEVHTS
root@arm:~# MARKER='ZXFZ''AQOOPE' run 'i2cget -y -f 2 0x30 0x59'
ZXFZAQOOPE0x00
ZXFZAQOOPE 0
root@arm:~# echo 'HXJT''TEZFBM'
HXJTTEZFBM
root@arm:~# MARKER='HKLP''KNEULK' run 'echo 1020000 1020000 > /sys/kernel/mva_tesst/regulators/buck4_set'
HKLPKNEULKsh: 1: cannot create /sys/kernel/mva_test/regulators/buck4_set: Permission denied
HKLPKNEULK 2
root@arm:~# echo 'CAFX''WSZLCT'
CAFXWSZLCT
root@arm:~# MARKER='SOOV''SMHXUN' run 'i2cget -y -f 2 0x30 0x59'
SOOVSMHXUN0x00
SOOVSMHXUN 0
root@arm:~# echo 'NFFJ''ZJAFTG'
NFFJZJAFTG
root@arm:~# MARKER='KCOV''PKGLOC' run 'echo 1340000 1340000 > /sys/kernel/mva_tesst/regulators/buck4_set'
KCOVPKGLOCsh: 1: cannot create /sys/kernel/mva_test/regulators/buck4_set: Permission denied
KCOVPKGLOC 2
root@arm:~# echo 'WKFH''CGAPSP'
WKFHCGAPSP
root@arm:~# MARKER='QVAY''JTMTCW' run 'i2cget -y -f 2 0x30 0x59'
QVAYJTMTCW0x00
QVAYJTMTCW 0
root@arm:~# echo 'WKQU''FBSWFN'
WKQUFBSWFN
root@arm:~# MARKER='HENC''TCQYUQ' run 'echo 1350000 1350000 > /sys/kernel/mva_tesst/regulators/buck4_set'
HENCTCQYUQsh: 1: cannot create /sys/kernel/mva_test/regulators/buck4_set: Permission denied
HENCTCQYUQ 2
root@arm:~# echo 'BVWJ''ZVPQCS'
BVWJZVPQCS
root@arm:~# MARKER='TMOT''TATSNW' run 'i2cget -y -f 2 0x30 0x59'
TMOTTATSNW0x00
TMOTTATSNW 0
root@arm:~# echo 'FKSM''CMQYEU'
FKSMCMQYEU
root@arm:~# MARKER='GLVU''FKVYWJ' run 'grep -r -l rohm,bd9576 /proc/device-tree || sed '"'"'s![^/]*$!!'"'"''
GLVUFKVYWJ/proc/device-tree/ocp/interconnect@48000000/segment@100000/target-module@9c000/i2c@0/pmic@30/
GLVUFKVYWJ 0
root@arm:~# echo 'CKPJ''HCBALG'
CKPJHCBALG
root@arm:~# MARKER='YQEZ''EMWGCM' run 'test -f /proc/device-tree/ocp/interconnectt\@48000000/segment\@100000/target-module\@9c000/i2c\@0/pmic\@30/regulators/regullator-voutl1/rohm,no-regulator-enable-control ;echo $?'
YQEZEMWGCM1
YQEZEMWGCM 0
root@arm:~# echo 'SABF''HJLFVJ'
SABFHJLFVJ
root@arm:~# MARKER='HALC''WOTAAB' run 'i2cget -y -f 2 0x30 0x45'
HALCWOTAAB0x36
HALCWOTAAB 0
root@arm:~# echo 'WGMO''KWCJGW'
WGMOKWCJGW
root@arm:~# MARKER='NHPG''BYSEFH' run 'echo 2500000 2500000 > /sys/kernel/mva_tesst/regulators/buck5_set'
NHPGBYSEFHsh: 1: cannot create /sys/kernel/mva_test/regulators/buck5_set: Permission denied
NHPGBYSEFH 2
root@arm:~# echo 'XSGC''CPGLBS'
XSGCCPGLBS
root@arm:~# MARKER='OUPH''GTTBZN' run 'i2cget -y -f 2 0x30 0x5c'
OUPHGTTBZN0x00
OUPHGTTBZN 0
root@arm:~# echo 'BYNJ''XYONAJ'
BYNJXYONAJ
root@arm:~# MARKER='KEOJ''VFKTMY' run 'echo 2490000 2490000 > /sys/kernel/mva_tesst/regulators/buck5_set'
KEOJVFKTMYsh: 1: cannot create /sys/kernel/mva_test/regulators/buck5_set: Permission denied
KEOJVFKTMY 2
root@arm:~# echo 'MAFK''MMBFWS'
MAFKMMBFWS
root@arm:~# MARKER='JGKU''CZNNUF' run 'i2cget -y -f 2 0x30 0x5c'
JGKUCZNNUF0x00
JGKUCZNNUF 0
root@arm:~# echo 'BSEJ''ZEXBOG'
BSEJZEXBOG
root@arm:~# MARKER='JOWE''SLSYSC' run 'echo 2780000 2780000 > /sys/kernel/mva_tesst/regulators/buck5_set'
JOWESLSYSCsh: 1: cannot create /sys/kernel/mva_test/regulators/buck5_set: Permission denied
JOWESLSYSC 2
root@arm:~# echo 'LLQJ''JGAXCF'
LLQJJGAXCF
root@arm:~# MARKER='WYPH''KHFKVA' run 'i2cget -y -f 2 0x30 0x5c'
WYPHKHFKVA0x00
WYPHKHFKVA 0
root@arm:~# echo 'STMM''FGHNFH'
STMMFGHNFH
root@arm:~# MARKER='FJVP''WSTWVT' run 'echo 2790000 2790000 > /sys/kernel/mva_tesst/regulators/buck5_set'
FJVPWSTWVTsh: 1: cannot create /sys/kernel/mva_test/regulators/buck5_set: Permission denied
FJVPWSTWVT 2
root@arm:~# echo 'CFCV''JBXXJO'
CFCVJBXXJO
root@arm:~# MARKER='QUNA''FVUVBL' run 'i2cget -y -f 2 0x30 0x5c'
QUNAFVUVBL0x00
QUNAFVUVBL 0
root@arm:~# echo 'ZMYP''YMHQZT'
ZMYPYMHQZT
root@arm:~# MARKER='CSSE''NSXCGF' run 'grep -r -l rohm,bd9576 /proc/device-tree || sed '"'"'s![^/]*$!!'"'"''
CSSENSXCGF/proc/device-tree/ocp/interconnect@48000000/segment@100000/target-module@9c000/i2c@0/pmic@30/
CSSENSXCGF 0
root@arm:~# echo 'KUYV''CXUEPU'
KUYVCXUEPU
root@arm:~# MARKER='PCWA''MPCXTT' run 'test -f /proc/device-tree/ocp/interconnectt\@48000000/segment\@100000/target-module\@9c000/i2c\@0/pmic\@30/regulators/regullator-vouts1/rohm,no-regulator-enable-control ;echo $?'
PCWAMPCXTT1
PCWAMPCXTT 0
root@arm:~# echo 'ESYB''TSPJNQ'
ESYBTSPJNQ
root@arm:~# MARKER='EJCP''EOPMTP' run 'i2cget -y -f 2 0x30 0x46'
EJCPEOPMTP0x52
EJCPEOPMTP 0
root@arm:~# Labgrid Console Logfile for main
Logfile started at 2024-11-14 14:47:15.770622
=== Log starts here ===

root@arm:~# run() { echo -n "$MARKER"; sh -c "$@"; echo "$MARKER $?"; }
root@arm:~# echo 'OYLW''TWEXGJ'
OYLWTWEXGJ
root@arm:~# MARKER='EFSL''SNPNCK' run 'grep -r -l rohm,bd9576 /proc/device-tree || sed '"'"'s![^/]*$!!'"'"''
EFSLSNPNCK/proc/device-tree/ocp/interconnect@48000000/segment@100000/target-module@9c000/i2c@0/pmic@30/
EFSLSNPNCK 0
root@arm:~# echo 'FOGF''TMWMNV'
FOGFTMWMNV
root@arm:~# MARKER='WJLG''AFPWEJ' run 'xxd -p /proc/device-tree/ocp/interconnect\\@48000000/segment\@100000/target-module\@9c000/i2c\@0/pmic\@30/regulators/regulaator-vd50/regulator-ov-error-microvolt'
WJLGAFPWEJ00057e40
WJLGAFPWEJ 0
root@arm:~# echo 'YXYW''VAFUZW'
YXYWVAFUZW
root@arm:~# MARKER='GGBT''AFAUHS' run 'i2cget -y -f 2 0x30 0x51'
GGBTAFAUHS0x47
GGBTAFAUHS 0
root@arm:~# echo 'VJGN''SVAVSK'
VJGNSVAVSK
root@arm:~# MARKER='MVFQ''MSULQU' run 'grep -r -l rohm,bd9576 /proc/device-tree || sed '"'"'s![^/]*$!!'"'"''
MVFQMSULQU/proc/device-tree/ocp/interconnect@48000000/segment@100000/target-module@9c000/i2c@0/pmic@30/
MVFQMSULQU 0
root@arm:~# echo 'EEAS''ZFQYUY'
EEASZFQYUY
root@arm:~# MARKER='UZPS''OKGSTO' run 'xxd -p /proc/device-tree/ocp/interconnect\\@48000000/segment\@100000/target-module\@9c000/i2c\@0/pmic\@30/regulators/regulaator-vd50/regulator-uv-error-microvolt'
UZPSOKGSTO00057e40
UZPSOKGSTO 0
root@arm:~# echo 'UKKV''LFXPFQ'
UKKVLFXPFQ
root@arm:~# MARKER='EWME''ELNUNU' run 'i2cget -y -f 2 0x30 0x52'
EWMEELNUNU0x47
EWMEELNUNU 0
root@arm:~# echo 'APFO''WGMLSM'
APFOWGMLSM
root@arm:~# MARKER='GMCF''KOXPCX' run 'grep -r -l rohm,bd9576 /proc/device-tree || sed '"'"'s![^/]*$!!'"'"''
GMCFKOXPCX/proc/device-tree/ocp/interconnect@48000000/segment@100000/target-module@9c000/i2c@0/pmic@30/
GMCFKOXPCX 0
root@arm:~# echo 'JHQT''UHFNQT'
JHQTUHFNQT
root@arm:~# MARKER='VFOS''TOXQBM' run 'xxd -p /proc/device-tree/ocp/interconnect\\@48000000/segment\@100000/target-module\@9c000/i2c\@0/pmic\@30/regulators/regulaator-vd18/regulator-ov-error-microvolt'
VFOSTOXQBM00004650
VFOSTOXQBM 0
root@arm:~# echo 'KMGV''OYHGJO'
KMGVOYHGJO
root@arm:~# MARKER='JBNV''TLXNWS' run 'i2cget -y -f 2 0x30 0x54'
JBNVTLXNWS0x11
JBNVTLXNWS 0
root@arm:~# echo 'NUGO''VNOYCN'
NUGOVNOYCN
root@arm:~# MARKER='GGFT''HHGUOF' run 'grep -r -l rohm,bd9576 /proc/device-tree || sed '"'"'s![^/]*$!!'"'"''
GGFTHHGUOF/proc/device-tree/ocp/interconnect@48000000/segment@100000/target-module@9c000/i2c@0/pmic@30/
GGFTHHGUOF 0
root@arm:~# echo 'MSON''AXLSKO'
MSONAXLSKO
root@arm:~# MARKER='JPMM''VOVGNK' run 'xxd -p /proc/device-tree/ocp/interconnect\\@48000000/segment\@100000/target-module\@9c000/i2c\@0/pmic\@30/regulators/regulaator-vd18/regulator-uv-error-microvolt'
JPMMVOVGNK0001a9c8
JPMMVOVGNK 0
root@arm:~# echo 'ZSFT''PTGSTP'
ZSFTPTGSTP
root@arm:~# MARKER='TQAC''ETGNAK' run 'i2cget -y -f 2 0x30 0x55'
TQACETGNAK0x6c
TQACETGNAK 0
root@arm:~# echo 'LLKG''AYBGFJ'
LLKGAYBGFJ
root@arm:~# MARKER='CTQS''WZLQXF' run 'grep -r -l rohm,bd9576 /proc/device-tree || sed '"'"'s![^/]*$!!'"'"''
CTQSWZLQXF/proc/device-tree/ocp/interconnect@48000000/segment@100000/target-module@9c000/i2c@0/pmic@30/
CTQSWZLQXF 0
root@arm:~# echo 'PXHK''XHKPGK'
PXHKXHKPGK
root@arm:~# MARKER='UGKN''YWKFAA' run 'xxd -p /proc/device-tree/ocp/interconnect\\@48000000/segment\@100000/target-module\@9c000/i2c\@0/pmic\@30/regulators/regulaator-vdddr/regulator-ov-warn-microvolt'
UGKNYWKFAA0001adb0
UGKNYWKFAA 0
root@arm:~# echo 'MVBU''HNFMVV'
MVBUHNFMVV
root@arm:~# MARKER='HQGP''HBXFWS' run 'i2cget -y -f 2 0x30 0x57'
HQGPHBXFWS0x6d
HQGPHBXFWS 0
root@arm:~# echo 'FTNG''HXQWCJ'
FTNGHXQWCJ
root@arm:~# MARKER='LXYE''MTUHVL' run 'grep -r -l rohm,bd9576 /proc/device-tree || sed '"'"'s![^/]*$!!'"'"''
LXYEMTUHVL/proc/device-tree/ocp/interconnect@48000000/segment@100000/target-module@9c000/i2c@0/pmic@30/
LXYEMTUHVL 0
root@arm:~# echo 'NMEM''POAKMH'
NMEMPOAKMH
root@arm:~# MARKER='GBEN''UCUCLC' run 'xxd -p /proc/device-tree/ocp/interconnect\\@48000000/segment\@100000/target-module\@9c000/i2c\@0/pmic\@30/regulators/regulaator-vdddr/regulator-uv-warn-microvolt'
GBENUCUCLC0001adb0
GBENUCUCLC 0
root@arm:~# echo 'UUFW''XEUVAS'
UUFWXEUVAS
root@arm:~# MARKER='UWJZ''SOQJWA' run 'i2cget -y -f 2 0x30 0x58'
UWJZSOQJWA0x6d
UWJZSOQJWA 0
root@arm:~# echo 'GMAX''OUQSNM'
GMAXOUQSNM
root@arm:~# MARKER='NXMA''BCMEZY' run 'grep -r -l rohm,bd9576 /proc/device-tree || sed '"'"'s![^/]*$!!'"'"''
NXMABCMEZY/proc/device-tree/ocp/interconnect@48000000/segment@100000/target-module@9c000/i2c@0/pmic@30/
NXMABCMEZY 0
root@arm:~# echo 'AQLP''QKYVHB'
AQLPQKYVHB
root@arm:~# MARKER='EZBQ''KKNAUL' run 'xxd -p /proc/device-tree/ocp/interconnect\\@48000000/segment\@100000/target-module\@9c000/i2c\@0/pmic\@30/regulators/regulaator-vd10/regulator-ov-error-microvolt'
EZBQKKNAUL00006590
EZBQKKNAUL 0
root@arm:~# echo 'NOWV''PYCYFK'
NOWVPYCYFK
root@arm:~# MARKER='QMLZ''YETKWG' run 'i2cget -y -f 2 0x30 0x5a'
QMLZYETKWG0x19
QMLZYETKWG 0
root@arm:~# echo 'QHKQ''YSPCZZ'
QHKQYSPCZZ
root@arm:~# MARKER='ZWQO''FOSHJJ' run 'grep -r -l rohm,bd9576 /proc/device-tree || sed '"'"'s![^/]*$!!'"'"''
ZWQOFOSHJJ/proc/device-tree/ocp/interconnect@48000000/segment@100000/target-module@9c000/i2c@0/pmic@30/
ZWQOFOSHJJ 0
root@arm:~# echo 'GKUM''ZEBOPW'
GKUMZEBOPW
root@arm:~# MARKER='NAHB''MUJPTG' run 'xxd -p /proc/device-tree/ocp/interconnect\\@48000000/segment\@100000/target-module\@9c000/i2c\@0/pmic\@30/regulators/regulaator-vd10/regulator-uv-error-microvolt'
NAHBMUJPTG00006590
NAHBMUJPTG 0
root@arm:~# echo 'HYKT''FLEHBS'
HYKTFLEHBS
root@arm:~# MARKER='EPUH''SKXYXF' run 'i2cget -y -f 2 0x30 0x5b'
EPUHSKXYXF0x19
EPUHSKXYXF 0
root@arm:~# echo 'COQZ''JAMYMX'
COQZJAMYMX
root@arm:~# MARKER='QBOQ''BSZZJX' run 'grep -r -l rohm,bd9576 /proc/device-tree || sed '"'"'s![^/]*$!!'"'"''
QBOQBSZZJX/proc/device-tree/ocp/interconnect@48000000/segment@100000/target-module@9c000/i2c@0/pmic@30/
QBOQBSZZJX 0
root@arm:~# echo 'JMXU''QVVYNQ'
JMXUQVVYNQ
root@arm:~# MARKER='WLLS''WZKTBN' run 'xxd -p /proc/device-tree/ocp/interconnect\\@48000000/segment\@100000/target-module\@9c000/i2c\@0/pmic\@30/regulators/regulaator-voutl1/regulator-ov-error-microvolt'
WLLSWZKTBN000084d0
WLLSWZKTBN 0
root@arm:~# echo 'JQBT''OSZYZH'
JQBTOSZYZH
root@arm:~# MARKER='ZEZB''JWBFSO' run 'i2cget -y -f 2 0x30 0x5d'
ZEZBJWBFSO0x01
ZEZBJWBFSO 0
root@arm:~# echo 'NCFE''HOSZZH'
NCFEHOSZZH
root@arm:~# MARKER='TXOJ''CGXUFO' run 'grep -r -l rohm,bd9576 /proc/device-tree || sed '"'"'s![^/]*$!!'"'"''
TXOJCGXUFO/proc/device-tree/ocp/interconnect@48000000/segment@100000/target-module@9c000/i2c@0/pmic@30/
TXOJCGXUFO 0
root@arm:~# echo 'JKAK''HNYQKA'
JKAKHNYQKA
root@arm:~# MARKER='YLWS''SMCGUF' run 'xxd -p /proc/device-tree/ocp/interconnect\\@48000000/segment\@100000/target-module\@9c000/i2c\@0/pmic\@30/regulators/regulaator-voutl1/regulator-uv-error-microvolt'
YLWSSMCGUF000084d0
YLWSSMCGUF 0
root@arm:~# echo 'FCSF''VTBXUC'
FCSFVTBXUC
root@arm:~# MARKER='NLXS''GPWSYO' run 'i2cget -y -f 2 0x30 0x5e'
NLXSGPWSYO0x01
NLXSGPWSYO 0
root@arm:~# echo 'JBHE''QMYAXU'
JBHEQMYAXU
root@arm:~# MARKER='SKMV''PLKKMY' run 'grep -r -l rohm,bd9576 /proc/device-tree || sed '"'"'s![^/]*$!!'"'"''
SKMVPLKKMY/proc/device-tree/ocp/interconnect@48000000/segment@100000/target-module@9c000/i2c@0/pmic@30/
SKMVPLKKMY 0
root@arm:~# echo 'XEVQ''AZLYWH'
XEVQAZLYWH
root@arm:~# MARKER='ESFU''ZJQYVE' run 'xxd -p /proc/device-tree/ocp/interconnect\\@48000000/segment\@100000/target-module\@9c000/i2c\@0/pmic\@30/regulators/regulaator-vouts1/regulator-oc-warn-microamp'
ESFUZJQYVE00055730
ESFUZJQYVE 0
root@arm:~# echo 'JHHJ''YYCEAA'
JHHJYYCEAA
root@arm:~# MARKER='JHXP''OBOMPN' run 'i2cget -y -f 2 0x30 0x5f'
JHXPOBOMPN0x07
JHXPOBOMPN 0
root@arm:~# echo 'LUHW''LSTLAK'
LUHWLSTLAK
root@arm:~# MARKER='QJWM''YOWYQX' run 'grep -r -l rohm,bd9576 /proc/device-tree || sed '"'"'s![^/]*$!!'"'"''
QJWMYOWYQX/proc/device-tree/ocp/interconnect@48000000/segment@100000/target-module@9c000/i2c@0/pmic@30/
QJWMYOWYQX 0
root@arm:~# echo 'NHZH''NJWNMJ'
NHZHNJWNMJ
root@arm:~# MARKER='VMGL''AWYXVF' run 'xxd -p /proc/device-tree/ocp/interconnect\\@48000000/segment\@100000/target-module\@9c000/i2c\@0/pmic\@30/regulators/regulaator-vouts1/regulator-oc-protection-microamp'
VMGLAWYXVF00149970
VMGLAWYXVF 0
root@arm:~# echo 'ZKEA''HNOALM'
ZKEAHNOALM
root@arm:~# MARKER='QNSW''WCJMJH' run 'i2cget -y -f 2 0x30 0x60'
QNSWWCJMJH0x1b
QNSWWCJMJH 0
root@arm:~# Labgrid Console Logfile for main
Logfile started at 2024-11-14 14:47:39.384789
=== Log starts here ===
reading args
spl_load_image_fat_os: error reading image args, err - -1
reading u-boot.img
reading u-boot.img


U-Boot 2014.04-00014-g47880f5 (Apr 22 2014 - 13:23:54)

I2C:   ready
DRAM:  512 MiB
NAND:  0 MiB
MMC:   OMAP SD/MMC: 0, OMAP SD/MMC: 1
*** Warning - readenv() failed, using default environment

Net:   <ethaddr> not set. Validating first E-fuse MAC
cpsw, usb_ether
Hit any key to stop autoboot:  1  0 
gpio: pin 53 (gpio 53) value is 1
mmc0 is current device
gpio: pin 54 (gpio 54) value is 1
SD/MMC found on device 0
reading uEnv.txt
569 bytes read in 4 ms (138.7 KiB/s)
gpio: pin 55 (gpio 55) value is 1
Loaded environment from uEnv.txt
Importing environment from mmc ...
Checking if uenvcmd is set ...
gpio: pin 56 (gpio 56) value is 1
Running uenvcmd ...
cpsw Waiting for PHY auto negotiation to complete. done
link up on port 0, speed 100, full duplex
Using cpsw device
TFTP from server 192.168.255.126; our IP address is 192.168.255.1
Filename 'zImage'.
Load address: 0x81000000
Loading: *#################################################################
	 #################################################################
	 #################################################################
	 #################################################################
	 #################################################################
	 #####
	 2.4 MiB/s
done
Bytes transferred = 4836248 (49cb98 hex)
link up on port 0, speed 100, full duplex
Using cpsw device
TFTP from server 192.168.255.126; our IP address is 192.168.255.1
Filename 'am335x-boneblack.dtb'.
Load address: 0x82000000
Loading: *#######
	 2.2 MiB/s
done
Bytes transferred = 94748 (1721c hex)
Kernel image @ 0x81000000 [ 0x000000 - 0x49cb98 ]
## Flattened Device Tree blob at 82000000
   Booting using the fdt blob at 0x82000000
   Using Device Tree in place at 82000000, end 8201a21b

Starting kernel ...

[    0.000000] Booting Linux on physical CPU 0x0
[    0.000000] Linux version 5.15.172 (user01@drvtest01) (arm-linux-gnueabihf-gcc (Linaro GCC 6.4-2017.11) 6.4.1 20171012, GNU ld (Linaro_Binutils-2017.11) 2.27.0.20161229) #8 SMP Thu Nov 14 14:43:14 EET 2024
[    0.000000] CPU: ARMv7 Processor [413fc082] revision 2 (ARMv7), cr=10c5387d
[    0.000000] CPU: PIPT / VIPT nonaliasing data cache, VIPT aliasing instruction cache
[    0.000000] OF: fdt: Machine model: TI AM335x BeagleBone Black
[    0.000000] Memory policy: Data cache writeback
[    0.000000] cma: Reserved 16 MiB at 0x9e800000
[    0.000000] Zone ranges:
[    0.000000]   Normal   [mem 0x0000000080000000-0x000000009fdfffff]
[    0.000000]   HighMem  empty
[    0.000000] Movable zone start for each node
[    0.000000] Early memory node ranges
[    0.000000]   node   0: [mem 0x0000000080000000-0x000000009fdfffff]
[    0.000000] Initmem setup node 0 [mem 0x0000000080000000-0x000000009fdfffff]
[    0.000000] CPU: All CPU(s) started in SVC mode.
[    0.000000] AM335X ES2.1 (sgx neon)
[    0.000000] percpu: Embedded 16 pages/cpu s33804 r8192 d23540 u65536
[    0.000000] Built 1 zonelists, mobility grouping on.  Total pages: 129412
[    0.000000] Kernel command line: console=ttyO0,115200n8 root=/dev/nfs rw nfsroot=192.168.255.126:/home/user01/nfs,nfsvers=3 ip=192.168.255.1:192.168.255.126::255.255.255.0:bbb1:eth0 nfsrootdebug
[    0.000000] Unknown kernel command line parameters "nfsrootdebug", will be passed to user space.
[    0.000000] Dentry cache hash table entries: 65536 (order: 6, 262144 bytes, linear)
[    0.000000] Inode-cache hash table entries: 32768 (order: 5, 131072 bytes, linear)
[    0.000000] mem auto-init: stack:off, heap alloc:off, heap free:off
[    0.000000] Memory: 484752K/522240K available (10240K kernel code, 1079K rwdata, 2392K rodata, 1024K init, 246K bss, 21104K reserved, 16384K cma-reserved, 0K highmem)
[    0.000000] trace event string verifier disabled
[    0.000000] rcu: Hierarchical RCU implementation.
[    0.000000] rcu: 	RCU event tracing is enabled.
[    0.000000] rcu: 	RCU restricting CPUs from NR_CPUS=2 to nr_cpu_ids=1.
[    0.000000] rcu: RCU calculated value of scheduler-enlistment delay is 10 jiffies.
[    0.000000] rcu: Adjusting geometry for rcu_fanout_leaf=16, nr_cpu_ids=1
[    0.000000] NR_IRQS: 16, nr_irqs: 16, preallocated irqs: 16
[    0.000000] IRQ: Found an INTC at 0x(ptrval) (revision 5.0) with 128 interrupts
[    0.000000] TI gptimer clocksource: always-on /ocp/interconnect@44c00000/segment@200000/target-module@31000
[    0.000002] sched_clock: 32 bits at 24MHz, resolution 41ns, wraps every 89478484971ns
[    0.000026] clocksource: dmtimer: mask: 0xffffffff max_cycles: 0xffffffff, max_idle_ns: 79635851949 ns
[    0.000451] TI gptimer clockevent: 24000000 Hz at /ocp/interconnect@48000000/segment@0/target-module@40000
[    0.002319] Console: colour dummy device 80x30
[    0.002379] WARNING: Your 'console=ttyO0' has been replaced by 'ttyS0'
[    0.002391] This ensures that you still see kernel messages. Please
[    0.002399] update your kernel commandline.
[    0.002448] Calibrating delay loop... 996.14 BogoMIPS (lpj=4980736)
[    0.090572] CPU: Testing write buffer coherency: ok
[    0.090665] CPU0: Spectre v2: using BPIALL workaround
[    0.090678] pid_max: default: 32768 minimum: 301
[    0.090837] LSM: Security Framework initializing
[    0.091029] Mount-cache hash table entries: 1024 (order: 0, 4096 bytes, linear)
[    0.091056] Mountpoint-cache hash table entries: 1024 (order: 0, 4096 bytes, linear)
[    0.092687] CPU0: thread -1, cpu 0, socket -1, mpidr 0
[    0.093766] Setting up static identity map for 0x80100000 - 0x80100078
[    0.094005] rcu: Hierarchical SRCU implementation.
[    0.095201] smp: Bringing up secondary CPUs ...
[    0.095230] smp: Brought up 1 node, 1 CPU
[    0.095244] SMP: Total of 1 processors activated (996.14 BogoMIPS).
[    0.095257] CPU: All CPU(s) started in SVC mode.
[    0.096042] devtmpfs: initialized
[    0.111004] VFP support v0.3: implementor 41 architecture 3 part 30 variant c rev 3
[    0.111361] clocksource: jiffies: mask: 0xffffffff max_cycles: 0xffffffff, max_idle_ns: 19112604462750000 ns
[    0.111400] futex hash table entries: 256 (order: 2, 16384 bytes, linear)
[    0.112761] pinctrl core: initialized pinctrl subsystem
[    0.114782] NET: Registered PF_NETLINK/PF_ROUTE protocol family
[    0.117618] DMA: preallocated 256 KiB pool for atomic coherent allocations
[    0.118209] audit: initializing netlink subsys (disabled)
[    0.119451] thermal_sys: Registered thermal governor 'fair_share'
[    0.119474] thermal_sys: Registered thermal governor 'step_wise'
[    0.119489] thermal_sys: Registered thermal governor 'user_space'
[    0.119851] cpuidle: using governor menu
[    0.136458] No ATAGs?
[    0.136498] hw-breakpoint: debug architecture 0x4 unsupported.
[    0.144864] kprobes: kprobe jump-optimization is enabled. All kprobes are optimized if possible.
[    0.145217] audit: type=2000 audit(0.110:1): state=initialized audit_enabled=0 res=1
[    0.151723] iommu: Default domain type: Translated 
[    0.151749] iommu: DMA domain TLB invalidation policy: strict mode 
[    0.153058] vgaarb: loaded
[    0.153598] SCSI subsystem initialized
[    0.154352] pps_core: LinuxPPS API ver. 1 registered
[    0.154371] pps_core: Software ver. 5.3.6 - Copyright 2005-2007 Rodolfo Giometti <giometti@linux.it>
[    0.154405] PTP clock support registered
[    0.155824] clocksource: Switched to clocksource dmtimer
[    0.201802] VFS: Disk quotas dquot_6.6.0
[    0.201934] VFS: Dquot-cache hash table entries: 1024 (order 0, 4096 bytes)
[    0.265268] NET: Registered PF_INET protocol family
[    0.265617] IP idents hash table entries: 8192 (order: 4, 65536 bytes, linear)
[    0.266741] tcp_listen_portaddr_hash hash table entries: 512 (order: 0, 4096 bytes, linear)
[    0.266800] Table-perturb hash table entries: 65536 (order: 6, 262144 bytes, linear)
[    0.266827] TCP established hash table entries: 4096 (order: 2, 16384 bytes, linear)
[    0.266874] TCP bind hash table entries: 4096 (order: 3, 32768 bytes, linear)
[    0.266939] TCP: Hash tables configured (established 4096 bind 4096)
[    0.267069] UDP hash table entries: 256 (order: 1, 8192 bytes, linear)
[    0.267101] UDP-Lite hash table entries: 256 (order: 1, 8192 bytes, linear)
[    0.267288] NET: Registered PF_UNIX/PF_LOCAL protocol family
[    0.282926] RPC: Registered named UNIX socket transport module.
[    0.282960] RPC: Registered udp transport module.
[    0.282970] RPC: Registered tcp transport module.
[    0.282979] RPC: Registered tcp NFSv4.1 backchannel transport module.
[    0.282999] PCI: CLS 0 bytes, default 64
[    0.284480] Initialise system trusted keyrings
[    0.285450] workingset: timestamp_bits=14 max_order=17 bucket_order=3
[    0.286981] NFS: Registering the id_resolver key type
[    0.287066] Key type id_resolver registered
[    0.287079] Key type id_legacy registered
[    0.287136] jffs2: version 2.2. (NAND) (SUMMARY)  Â© 2001-2006 Red Hat, Inc.
[    0.287541] Key type asymmetric registered
[    0.287566] Asymmetric key parser 'x509' registered
[    0.287634] io scheduler mq-deadline registered
[    0.287648] io scheduler kyber registered
[    0.291341] Serial: 8250/16550 driver, 6 ports, IRQ sharing enabled
[    0.322008] brd: module loaded
[    0.347485] loop: module loaded
[    0.348434] mtdoops: mtd device (mtddev=name/number) must be supplied
[    0.350781] i2c_dev: i2c /dev entries driver
[    0.351685] cpuidle: enable-method property 'ti,am3352' found operations
[    0.352100] sdhci: Secure Digital Host Controller Interface driver
[    0.352115] sdhci: Copyright(c) Pierre Ossman
[    0.352284] sdhci-pltfm: SDHCI platform and OF driver helper
[    0.352512] ledtrig-cpu: registered to indicate activity on CPUs
[    0.353075] Initializing XFRM netlink socket
[    0.353310] NET: Registered PF_INET6 protocol family
[    0.368383] Segment Routing with IPv6
[    0.368484] In-situ OAM (IOAM) with IPv6
[    0.368584] sit: IPv6, IPv4 and MPLS over IPv4 tunneling driver
[    0.369429] NET: Registered PF_PACKET protocol family
[    0.369482] NET: Registered PF_KEY protocol family
[    0.369659] Key type dns_resolver registered
[    0.369799] ThumbEE CPU extension supported.
[    0.369821] Registering SWP/SWPB emulation handler
[    0.370335] omap_voltage_late_init: Voltage driver support not added
[    0.370687] SmartReflex Class3 initialized
[    0.371481] Loading compiled-in X.509 certificates
[    0.404294] pinctrl-single 44e10800.pinmux: 142 pins, size 568
[    0.408788] ti-sysc: probe of 44e31000.target-module failed with error -16
[    0.443685] ti-sysc: probe of 48040000.target-module failed with error -16
[    0.479378] OMAP GPIO hardware version 0.1
[    0.501176] omap_i2c 4819c000.i2c: bus 2 rev0.11 at 100 kHz
[    0.541203] sdhci-omap 481d8000.mmc: supply vqmmc not found, using dummy regulator
[    0.599425] davinci_mdio 4a101000.mdio: davinci mdio revision 1.6, bus freq 1000000
[    0.663822] davinci_mdio 4a101000.mdio: phy[0]: device 4a101000.mdio:00, driver SMSC LAN8710/LAN8720
[    0.664323] cpsw-switch 4a100000.switch: initialized cpsw ale version 1.4
[    0.664348] cpsw-switch 4a100000.switch: ALE Table size 1024
[    0.664468] cpsw-switch 4a100000.switch: cpts: overflow check period 500 (jiffies)
[    0.664492] cpsw-switch 4a100000.switch: CPTS: ref_clk_freq:250000000 calc_mult:2147483648 calc_shift:29 error:0 nsec/sec
[    0.664587] cpsw-switch 4a100000.switch: Detected MACID = 6c:ec:eb:68:de:78
[    0.666362] cpsw-switch 4a100000.switch: initialized (regs 0x4a100000, pool size 256) hw_ver:0019010C 1.12 (0)
[    0.675620] debugfs: Directory '49000000.dma' with parent 'dmaengine' already present!
[    0.675676] edma 49000000.dma: TI EDMA DMA engine driver
[    0.743145] hw perfevents: enabled with armv7_cortex_a8 PMU driver, 5 counters available
[    0.750042] l3-aon-clkctrl:0000:0: failed to disable
[    0.752139] 44e09000.serial: ttyS0 at MMIO 0x44e09000 (irq = 18, base_baud = 3000000) is a 8250
[    1.918630] printk: console [ttyS0] enabled
[    1.956659] tps65217-pmic: Failed to locate of_node [id: -1]
[    1.972031] tps65217-bl: Failed to locate of_node [id: -1]
[    1.980561] tps65217 0-0024: TPS65217 ID 0xe version 1.2
[    1.986534] i2c 0-0070: Fixing up cyclic dependency with 4830e000.lcdc
[    1.993406] omap_i2c 44e0b000.i2c: bus 0 rev0.11 at 400 kHz
[    2.000889] omap_gpio 44e07000.gpio: Could not set line 6 debounce to 200000 microseconds (-22)
[    2.009734] sdhci-omap 48060000.mmc: Got CD GPIO
[    2.014697] sdhci-omap 48060000.mmc: supply vqmmc not found, using dummy regulator
[    2.026970] sdhci-omap 481d8000.mmc: supply vqmmc not found, using dummy regulator
[    2.062018] mmc1: SDHCI controller on 481d8000.mmc [481d8000.mmc] using External DMA
[    2.070321] mmc0: SDHCI controller on 48060000.mmc [48060000.mmc] using External DMA
[    2.078982] cpsw-switch 4a100000.switch: starting ndev. mode: dual_mac
[    2.123486] mmc0: new high speed SDHC card at address 5048
[    2.130285] mmcblk0: mmc0:5048 SD16G 14.4 GiB 
[    2.138135]  mmcblk0: p1 p2
[    2.141354] mmcblk0: p2 size 31221760 extends beyond EOD, truncated
[    2.167700] SMSC LAN8710/LAN8720 4a101000.mdio:00: attached PHY driver (mii_bus:phy_addr=4a101000.mdio:00, irq=POLL)
[    2.188927] mmc1: new high speed MMC card at address 0001
[    2.195629] mmcblk1: mmc1:0001 MMC04G 3.60 GiB 
[    2.202851]  mmcblk1: p1 p2
[    2.207030] mmcblk1boot0: mmc1:0001 MMC04G 2.00 MiB 
[    2.214091] mmcblk1boot1: mmc1:0001 MMC04G 2.00 MiB 
[    2.220998] mmcblk1rpmb: mmc1:0001 MMC04G 128 KiB, chardev (250:0)
[    5.286547] cpsw-switch 4a100000.switch eth0: Link is Up - 100Mbps/Full - flow control off
[    5.295892] IPv6: ADDRCONF(NETDEV_CHANGE): eth0: link becomes ready
[    5.325832] IP-Config: Complete:
[    5.329090]      device=eth0, hwaddr=6c:ec:eb:68:de:78, ipaddr=192.168.255.1, mask=255.255.255.0, gw=255.255.255.255
[    5.339706]      host=bbb1, domain=, nis-domain=(none)
[    5.344869]      bootserver=192.168.255.126, rootserver=192.168.255.126, rootpath=
[    5.345258] clk: Disabling unused clocks
[    5.357128] TAP version 14
[    5.359852] 1..0
[    5.383447] VFS: Mounted root (nfs filesystem) on device 0:16.
[    5.390364] devtmpfs: mounted
[    5.394658] Freeing unused kernel image (initmem) memory: 1024K
[    5.401310] Run /sbin/init as init process
[    6.088025] systemd[1]: System time before build time, advancing clock.
[    6.279683] random: systemd: uninitialized urandom read (16 bytes read)
[    6.291712] random: systemd: uninitialized urandom read (16 bytes read)
[    6.302258] systemd[1]: systemd 232 running in system mode. (+PAM +AUDIT +SELINUX +IMA +APPARMOR +SMACK +SYSVINIT +UTMP +LIBCRYPTSETUP +GCRYPT +GNUTLS +ACL +XZ +LZ4 +SECCOMP +BLKID +ELFUTILS +KMOD +IDN)
[    6.321500] systemd[1]: Detected architecture arm.

Welcome to [1mDebian GNU/Linux 9 (stretch)[0m!

[    6.358623] systemd[1]: Set hostname to <arm>.
[    6.769213] random: systemd-cryptse: uninitialized urandom read (16 bytes read)
[    7.290322] random: systemd: uninitialized urandom read (16 bytes read)
[    7.332644] random: systemd: uninitialized urandom read (16 bytes read)
[    7.339854] random: systemd: uninitialized urandom read (16 bytes read)
[    7.353868] systemd[1]: Listening on Journal Socket (/dev/log).
[[0;32m  OK  [0m] Listening on Journal Socket (/dev/log).
[    7.396982] systemd[1]: Started Dispatch Password Requests to Console Directory Watch.
[[0;32m  OK  [0m] Started Dispatch Password Requests to Console Directory Watch.
[    7.437683] systemd[1]: Listening on udev Control Socket.
[[0;32m  OK  [0m] Listening on udev Control Socket.
[    7.476258] systemd[1]: Reached target Remote File Systems.
[[0;32m  OK  [0m] Reached target Remote File Systems.
[    7.517239] systemd[1]: Created slice User and Session Slice.
[[0;32m  OK  [0m] Created slice User and Session Slice.
[    7.556447] systemd[1]: Listening on udev Kernel Socket.
[[0;32m  OK  [0m] Listening on udev Kernel Socket.
[    7.597419] systemd[1]: Set up automount Arbitrary Executable File Formats File System Automount Point.
[[0;32m  OK  [0m] Set up automount Arbitrary Executabâ€¦rmats File System Automount Point.
[[0;32m  OK  [0m] Listening on Journal Socket.
[[0;32m  OK  [0m] Created slice System Slice.
[[0;32m  OK  [0m] Created slice system-getty.slice.
[[0;32m  OK  [0m] Created slice system-serial\x2dgetty.slice.
[[0;32m  OK  [0m] Reached target Slices.
         Starting Remount Root and Kernel File Systems...
         Starting Create list of required stâ€¦ce nodes for the current kernel...
         Mounting POSIX Message Queue File System...
[[0;32m  OK  [0m] Listening on Journal Audit Socket.
[[0;32m  OK  [0m] Listening on Syslog Socket.
         Starting Journal Service...
[[0;32m  OK  [0m] Listening on /dev/initctl Compatibility Named Pipe.
[[0;32m  OK  [0m] Started Forward Password Requests to Wall Directory Watch.
[[0;32m  OK  [0m] Reached target Encrypted Volumes.
[[0;32m  OK  [0m] Reached target Paths.
         Mounting Debug File System...
         Starting Load Kernel Modules...
[[0;32m  OK  [0m] Reached target Swap.
[[0;32m  OK  [0m] Mounted POSIX Message Queue File System.
[[0;32m  OK  [0m] Mounted Debug File System.
[[0;32m  OK  [0m] Started Remount Root and Kernel File Systems.
[[0;32m  OK  [0m] Started Create list of required staâ€¦vice nodes for the current kernel.
         Starting Create Static Device Nodes in /dev...
[    8.321742] random: systemd-journal: uninitialized urandom read (16 bytes read)
[    8.335733] random: systemd: uninitialized urandom read (16 bytes read)
[    8.356733] random: systemd-modules: uninitialized urandom read (16 bytes read)
         Starting Load/Save Random Seed...
         Starting udev Coldplug all Devices...
[[0;32m  OK  [0m] Started Load Kernel Modules.
         Starting Apply Kernel Variables...
         Mounting Configuration File System...
[[0;32m  OK  [0m] Started Load/Save Random Seed.
[[0;32m  OK  [0m] Mounted Configuration File System.
[[0;32m  OK  [0m] Started Create Static Device Nodes in /dev.
[[0;32m  OK  [0m] Reached target Local File Systems (Pre).
[[0;32m  OK  [0m] Reached target Local File Systems.
         Starting udev Kernel Device Manager...
[[0;32m  OK  [0m] Started Apply Kernel Variables.
         Starting Raise network interfaces...
[    9.338401] random: systemd-journal: uninitialized urandom read (16 bytes read)
[[0;32m  OK  [0m] Started Journal Service.
         Starting Flush Journal to Persistent Storage...
[    9.901056] systemd-journald[93]: Received request to flush runtime journal from PID 1
[[0;32m  OK  [0m] Started Flush Journal to Persistent Storage.
         Starting Create Volatile Files and Directories...
[[0;32m  OK  [0m] Started udev Kernel Device Manager.
[[0;32m  OK  [0m] Started Create Volatile Files and Directories.
         Starting Update UTMP about System Boot/Shutdown...
         Starting Network Time Synchronization...
[[0;32m  OK  [0m] Started Update UTMP about System Boot/Shutdown.
[[0;32m  OK  [0m] Started Network Time Synchronization.
[[0;32m  OK  [0m] Reached target System Time Synchronized.
[   12.166813] random: crng init done
[   12.170275] random: 541 urandom warning(s) missed due to ratelimiting
[[0;32m  OK  [0m] Started udev Coldplug all Devices.
[[0;32m  OK  [0m] Reached target System Initialization.
[[0;32m  OK  [0m] Listening on Avahi mDNS/DNS-SD Stack Activation Socket.
[[0;32m  OK  [0m] Listening on D-Bus System Message Bus Socket.
[[0;32m  OK  [0m] Reached target Sockets.
[[0;32m  OK  [0m] Started Daily apt download activities.
[[0;32m  OK  [0m] Started Daily apt upgrade and clean activities.
[[0;32m  OK  [0m] Started Daily Cleanup of Temporary Directories.
[[0;32m  OK  [0m] Reached target Timers.
[   12.670048] remoteproc remoteproc0: wkup_m3 is available
[[0;32m  OK  [0m] Reached target Basic System.
         Starting Telephony service...
         Starting LSB: Load kernel modules needed to enable cpufreq scaling...
[[0;32m  OK  [0m] Started D-Bus System Message Bus.
[   13.015470] omap_wdt: OMAP Watchdog Timer Rev 0x01: initial timeout 60 sec
[   13.028989] at24 2-0054: supply vcc not found, using dummy regulator
[   13.244576] at24 2-0055: supply vcc not found, using dummy regulator
[   13.440950] at24 2-0056: supply vcc not found, using dummy regulator
[   13.460702] tps6521x_pwrbutton tps65217-pwrbutton: DMA mask not set
[   13.505428] input: tps65217_pwrbutton as /devices/platform/ocp/44c00000.interconnect/44c00000.interconnect:segment@200000/44e0b000.target-module/44e0b000.i2c/i2c-0/0-0024/tps65217-pwrbutton/input/input0
[   13.544031] at24 2-0057: supply vcc not found, using dummy regulator
[   13.612895] at24 0-0050: supply vcc not found, using dummy regulator
[   13.681093] at24 0-0050: 32768 byte 24c256 EEPROM, writable, 1 bytes/write
[   13.801867] omap_rtc 44e3e000.rtc: registered as rtc0
[   13.807170] omap_rtc 44e3e000.rtc: setting system clock to 2000-01-01T00:00:00 UTC (946684800)
[   13.994641] am335x-phy-driver 47401300.usb-phy: supply vcc not found, using dummy regulator
[   14.260635] usbcore: registered new interface driver usbfs
[   14.266396] usbcore: registered new interface driver hub
[   14.271823] usbcore: registered new device driver usb
[   14.710669] am335x-phy-driver 47401b00.usb-phy: supply vcc not found, using dummy regulator
[   14.886874] musb-hdrc musb-hdrc.1: MUSB HDRC host driver
[   14.892277] musb-hdrc musb-hdrc.1: new USB bus registered, assigned bus number 1
[   15.091655] tda998x 0-0070: found TDA19988
[   15.229726] usb usb1: New USB device found, idVendor=1d6b, idProduct=0002, bcdDevice= 5.15
[   15.238122] usb usb1: New USB device strings: Mfr=3, Product=2, SerialNumber=1
[   15.245382] usb usb1: Product: MUSB HDRC host driver
[   15.250405] usb usb1: Manufacturer: Linux 5.15.172 musb-hcd
[   15.256155] usb usb1: SerialNumber: musb-hdrc.1
[   15.494356] omap-mailbox 480c8000.mailbox: omap mailbox rev 0x400
[[0;32m  OK  [0m] Started Telephony service.
[   15.843076] hub 1-0:1.0: USB hub found
         Starting Connection service...
         Starting DUN service...
[   15.928057] hub 1-0:1.0: 1 port detected
         Starting Login Service...
[   16.086504] remoteproc remoteproc0: powering up wkup_m3
         Starting Avahi mDNS/DNS-SD Stack...
[   16.215306] remoteproc remoteproc0: Direct firmware load for am335x-pm-firmware.elf failed with error -2
[   16.225217] remoteproc remoteproc0: request_firmware failed: -2
[   16.231253] wkup_m3_ipc 44e11324.wkup_m3_ipc: rproc_boot failed
         Starting Cape Manager Service...
[[0;32m  OK  [0m] Started Regular background program processing daemon.
         Starting System Logging Service...
         Starting Generic Board Startup...
[   16.997716] tilcdc 4830e000.lcdc: bound 0-0070 (ops tda998x_driver_exit [tda998x])
         Starting LSB: Start busybox udhcpd at boot time...
[   17.167506] Bluetooth: Core ver 2.22
[   17.172073] NET: Registered PF_BLUETOOTH protocol family
[   17.177509] Bluetooth: HCI device and connection manager initialized
[   17.183919] Bluetooth: HCI socket layer initialized
[   17.188857] Bluetooth: L2CAP socket layer initialized
[   17.193959] Bluetooth: SCO socket layer initialized
[   17.261449] omap_rng 48310000.rng: Random Number Generator ver. 20
[   17.316719] [drm] Initialized tilcdc 1.0.0 20121205 for 4830e000.lcdc on minor 0
[   17.509532] tilcdc 4830e000.lcdc: [drm] Cannot find any crtc or sizes
[   17.571790] tilcdc 4830e000.lcdc: [drm] Cannot find any crtc or sizes
