Labgrid Console Logfile for main
Logfile started at 2024-12-14 21:27:48.956162
=== Log starts here ===
age args, err - -1
reading u-boot.img
reading u-boot.img


U-Boot 2014.04-00014-g47880f5 (Apr 22 2014 - 13:23:54)

I2C:   ready
DRAM:  512 MiB
NAND:  0 MiB
MMC:   OMAP SD/MMC: 0, OMAP SD/MMC: 1
*** Warning - readenv() failed, using default environment

Net:   <ethaddr> not set. Validating first E-fuse MAC
cpsw, usb_ether
Hit any key to stop autoboot:  1  0 
gpio: pin 53 (gpio 53) value is 1
mmc0 is current device
gpio: pin 54 (gpio 54) value is 1
SD/MMC found on device 0
reading uEnv.txt
584 bytes read in 4 ms (142.6 KiB/s)
gpio: pin 55 (gpio 55) value is 1
Loaded environment from uEnv.txt
Importing environment from mmc ...
Checking if uenvcmd is set ...
gpio: pin 56 (gpio 56) value is 1
Running uenvcmd ...
cpsw Waiting for PHY auto negotiation to complete. done
link up on port 0, speed 100, full duplex
Using cpsw device
TFTP from server 192.168.255.126; our IP address is 192.168.255.1
Filename 'zImage'.
Load address: 0x81000000
Loading: *T #################################################################
	 #################################################################
	 #################################################################
	 #################################################################
	 #################################################################
	 #####
	 684.6 KiB/s
done
Bytes transferred = 4841328 (49df70 hex)
link up on port 0, speed 100, full duplex
Using cpsw device
TFTP from server 192.168.255.126; our IP address is 192.168.255.1
Filename 'am335x-boneblack.dtb'.
Load address: 0x82000000
Loading: *#######
	 2.2 MiB/s
done
Bytes transferred = 94748 (1721c hex)
Kernel image @ 0x81000000 [ 0x000000 - 0x49df70 ]
## Flattened Device Tree blob at 82000000
   Booting using the fdt blob at 0x82000000
   Using Device Tree in place at 82000000, end 8201a21b

Starting kernel ...

[    0.000000] Booting Linux on physical CPU 0x0
[    0.000000] Linux version 5.15.174 (user01@drvtest01) (arm-linux-gnueabihf-gcc (Linaro GCC 6.4-2017.11) 6.4.1 20171012, GNU ld (Linaro_Binutils-2017.11) 2.27.0.20161229) #10 SMP Sat Dec 14 21:25:12 EET 2024
[    0.000000] CPU: ARMv7 Processor [413fc082] revision 2 (ARMv7), cr=10c5387d
[    0.000000] CPU: PIPT / VIPT nonaliasing data cache, VIPT aliasing instruction cache
[    0.000000] OF: fdt: Machine model: TI AM335x BeagleBone Black
[    0.000000] earlycon: omap8250 at MMIO 0x44e09000 (options '')
[    0.000000] printk: bootconsole [omap8250] enabled
[    0.000000] Memory policy: Data cache writeback
[    0.000000] cma: Reserved 16 MiB at 0x9e800000
[    0.000000] Zone ranges:
[    0.000000]   Normal   [mem 0x0000000080000000-0x000000009fdfffff]
[    0.000000]   HighMem  empty
[    0.000000] Movable zone start for each node
[    0.000000] Early memory node ranges
[    0.000000]   node   0: [mem 0x0000000080000000-0x000000009fdfffff]
[    0.000000] Initmem setup node 0 [mem 0x0000000080000000-0x000000009fdfffff]
[    0.000000] CPU: All CPU(s) started in SVC mode.
[    0.000000] AM335X ES2.1 (sgx neon)
[    0.000000] percpu: Embedded 16 pages/cpu s33804 r8192 d23540 u65536
[    0.000000] pcpu-alloc: s33804 r8192 d23540 u65536 alloc=16*4096
[    0.000000] pcpu-alloc: [0] 0 
[    0.000000] Built 1 zonelists, mobility grouping on.  Total pages: 129412
[    0.000000] Kernel command line: console=ttyO0,115200n8 debug earlycon root=/dev/nfs rw nfsroot=192.168.255.126:/home/user01/nfs,nfsvers=3 ip=192.168.255.1:192.168.255.126::255.255.255.0:bbb1:eth0 nfsrootdebug
[    0.000000] Unknown kernel command line parameters "nfsrootdebug", will be passed to user space.
[    0.000000] Dentry cache hash table entries: 65536 (order: 6, 262144 bytes, linear)
[    0.000000] Inode-cache hash table entries: 32768 (order: 5, 131072 bytes, linear)
[    0.000000] mem auto-init: stack:off, heap alloc:off, heap free:off
[    0.000000] Memory: 484752K/522240K available (10240K kernel code, 1079K rwdata, 2392K rodata, 1024K init, 246K bss, 21104K reserved, 16384K cma-reserved, 0K highmem)
[    0.000000] trace event string verifier disabled
[    0.000000] rcu: Hierarchical RCU implementation.
[    0.000000] rcu: 	RCU event tracing is enabled.
[    0.000000] rcu: 	RCU restricting CPUs from NR_CPUS=2 to nr_cpu_ids=1.
[    0.000000] rcu: RCU calculated value of scheduler-enlistment delay is 10 jiffies.
[    0.000000] rcu: Adjusting geometry for rcu_fanout_leaf=16, nr_cpu_ids=1
[    0.000000] NR_IRQS: 16, nr_irqs: 16, preallocated irqs: 16
[    0.000000] IRQ: Found an INTC at 0x(ptrval) (revision 5.0) with 128 interrupts
[    0.000000] TI gptimer clocksource: always-on /ocp/interconnect@44c00000/segment@200000/target-module@31000
[    0.000002] sched_clock: 32 bits at 24MHz, resolution 41ns, wraps every 89478484971ns
[    0.008071] clocksource: dmtimer: mask: 0xffffffff max_cycles: 0xffffffff, max_idle_ns: 79635851949 ns
[    0.018058] TI gptimer clockevent: 24000000 Hz at /ocp/interconnect@48000000/segment@0/target-module@40000
[    0.029822] Console: colour dummy device 80x30
[    0.034442] WARNING: Your 'console=ttyO0' has been replaced by 'ttyS0'
[    0.041234] This ensures that you still see kernel messages. Please
[    0.047682] update your kernel commandline.
[    0.052034] Calibrating delay loop... 996.14 BogoMIPS (lpj=4980736)
[    0.094531] CPU: Testing write buffer coherency: ok
[    0.099647] CPU0: Spectre v2: using BPIALL workaround
[    0.104846] pid_max: default: 32768 minimum: 301
[    0.109751] LSM: Security Framework initializing
[    0.114682] Mount-cache hash table entries: 1024 (order: 0, 4096 bytes, linear)
[    0.122242] Mountpoint-cache hash table entries: 1024 (order: 0, 4096 bytes, linear)
[    0.131875] CPU0: thread -1, cpu 0, socket -1, mpidr 0
[    0.138309] Setting up static identity map for 0x80100000 - 0x80100078
[    0.145268] rcu: Hierarchical SRCU implementation.
[    0.151426] smp: Bringing up secondary CPUs ...
[    0.156104] smp: Brought up 1 node, 1 CPU
[    0.160288] SMP: Total of 1 processors activated (996.14 BogoMIPS).
[    0.166739] CPU: All CPU(s) started in SVC mode.
[    0.172314] devtmpfs: initialized
[    0.190239] VFP support v0.3: implementor 41 architecture 3 part 30 variant c rev 3
[    0.198527] clocksource: jiffies: mask: 0xffffffff max_cycles: 0xffffffff, max_idle_ns: 19112604462750000 ns
[    0.208703] futex hash table entries: 256 (order: 2, 16384 bytes, linear)
[    0.217068] pinctrl core: initialized pinctrl subsystem
[    0.224628] NET: Registered PF_NETLINK/PF_ROUTE protocol family
[    0.233592] DMA: preallocated 256 KiB pool for atomic coherent allocations
[    0.241304] audit: initializing netlink subsys (disabled)
[    0.248182] thermal_sys: Registered thermal governor 'fair_share'
[    0.248205] thermal_sys: Registered thermal governor 'step_wise'
[    0.254477] thermal_sys: Registered thermal governor 'user_space'
[    0.261048] cpuidle: using governor menu
[    0.287868] No ATAGs?
[    0.290325] hw-breakpoint: debug architecture 0x4 unsupported.
[    0.304609] kprobes: kprobe jump-optimization is enabled. All kprobes are optimized if possible.
[    0.313859] audit: type=2000 audit(0.210:1): state=initialized audit_enabled=0 res=1
[    0.327160] reg-fixed-voltage fixedregulator0: GPIO lookup for consumer (null)
[    0.334744] reg-fixed-voltage fixedregulator0: using device tree for GPIO lookup
[    0.342414] of_get_named_gpiod_flags: can't parse 'gpios' property of node '/fixedregulator0[0]'
[    0.351505] of_get_named_gpiod_flags: can't parse 'gpio' property of node '/fixedregulator0[0]'
[    0.360486] reg-fixed-voltage fixedregulator0: using lookup tables for GPIO lookup
[    0.368291] reg-fixed-voltage fixedregulator0: No GPIO consumer (null) found
[    0.376710] iommu: Default domain type: Translated 
[    0.381789] iommu: DMA domain TLB invalidation policy: strict mode 
[    0.389552] vgaarb: loaded
[    0.392862] SCSI subsystem initialized
[    0.397130] libata version 3.00 loaded.
[    0.401533] pps_core: LinuxPPS API ver. 1 registered
[    0.406646] pps_core: Software ver. 5.3.6 - Copyright 2005-2007 Rodolfo Giometti <giometti@linux.it>
[    0.416106] PTP clock support registered
[    0.421884] clocksource: Switched to clocksource dmtimer
[    0.473180] VFS: Disk quotas dquot_6.6.0
[    0.477339] VFS: Dquot-cache hash table entries: 1024 (order 0, 4096 bytes)
[    0.577805] NET: Registered PF_INET protocol family
[    0.583261] IP idents hash table entries: 8192 (order: 4, 65536 bytes, linear)
[    0.591739] tcp_listen_portaddr_hash hash table entries: 512 (order: 0, 4096 bytes, linear)
[    0.600374] Table-perturb hash table entries: 65536 (order: 6, 262144 bytes, linear)
[    0.608392] TCP established hash table entries: 4096 (order: 2, 16384 bytes, linear)
[    0.616419] TCP bind hash table entries: 4096 (order: 3, 32768 bytes, linear)
[    0.623832] TCP: Hash tables configured (established 4096 bind 4096)
[    0.630485] UDP hash table entries: 256 (order: 1, 8192 bytes, linear)
[    0.637251] UDP-Lite hash table entries: 256 (order: 1, 8192 bytes, linear)
[    0.644629] NET: Registered PF_UNIX/PF_LOCAL protocol family
[    0.714978] RPC: Registered named UNIX socket transport module.
[    0.721092] RPC: Registered udp transport module.
[    0.725988] RPC: Registered tcp transport module.
[    0.730826] RPC: Registered tcp NFSv4.1 backchannel transport module.
[    0.737482] PCI: CLS 0 bytes, default 64
[    0.743036] Initialise system trusted keyrings
[    0.796808] workingset: timestamp_bits=14 max_order=17 bucket_order=3
[    0.804898] NFS: Registering the id_resolver key type
[    0.810165] Key type id_resolver registered
[    0.814560] Key type id_legacy registered
[    0.818743] jffs2: version 2.2. (NAND) (SUMMARY)  Â© 2001-2006 Red Hat, Inc.
[    0.852306] Key type asymmetric registered
[    0.856542] Asymmetric key parser 'x509' registered
[    0.861697] io scheduler mq-deadline registered
[    0.866365] io scheduler kyber registered
[    0.904682] Serial: 8250/16550 driver, 6 ports, IRQ sharing enabled
[    0.947489] brd: module loaded
[    0.968588] loop: module loaded
[    0.972844] mtdoops: mtd device (mtddev=name/number) must be supplied
[    0.980698] mdio_bus fixed-0: GPIO lookup for consumer reset
[    0.986626] mdio_bus fixed-0: using lookup tables for GPIO lookup
[    0.992922] mdio_bus fixed-0: No GPIO consumer reset found
[    0.999627] i2c_dev: i2c /dev entries driver
[    1.004977] cpuidle: enable-method property 'ti,am3352' found operations
[    1.012354] sdhci: Secure Digital Host Controller Interface driver
[    1.018717] sdhci: Copyright(c) Pierre Ossman
[    1.023410] sdhci-pltfm: SDHCI platform and OF driver helper
[    1.085801] ledtrig-cpu: registered to indicate activity on CPUs
[    1.092585] Initializing XFRM netlink socket
[    1.097199] NET: Registered PF_INET6 protocol family
[    1.119444] Segment Routing with IPv6
[    1.123373] In-situ OAM (IOAM) with IPv6
[    1.127504] sit: IPv6, IPv4 and MPLS over IPv4 tunneling driver
[    1.134450] NET: Registered PF_PACKET protocol family
[    1.139687] NET: Registered PF_KEY protocol family
[    1.144832] Key type dns_resolver registered
[    1.149380] ThumbEE CPU extension supported.
[    1.153834] Registering SWP/SWPB emulation handler
[    1.159266] omap_voltage_late_init: Voltage driver support not added
[    1.166215] SmartReflex Class3 initialized
[    1.239970] Loading compiled-in X.509 certificates
[    1.284648] pinctrl-single 44e10800.pinmux: 142 pins, size 568
[    1.295046] ti-sysc: probe of 44e31000.target-module failed with error -16
[    1.363714] ti-sysc: probe of 48040000.target-module failed with error -16
[    1.380740] gpio gpiochip0: (gpio-0-31): created GPIO range 0->7 ==> 44e10800.pinmux PIN 0->7
[    1.389667] gpio gpiochip0: (gpio-0-31): created GPIO range 8->11 ==> 44e10800.pinmux PIN 90->93
[    1.398745] gpio gpiochip0: (gpio-0-31): created GPIO range 12->27 ==> 44e10800.pinmux PIN 12->27
[    1.407902] gpio gpiochip0: (gpio-0-31): created GPIO range 28->31 ==> 44e10800.pinmux PIN 30->33
[    1.472810] gpio gpiochip0: (gpio-0-31): added GPIO chardev (254:0)
[    1.479407] gpio gpiochip0: registered GPIOs 0 to 31 on gpio-0-31
[    1.485797] OMAP GPIO hardware version 0.1
[    1.532889] i2c i2c-2: GPIO lookup for consumer scl
[    1.537943] i2c i2c-2: using device tree for GPIO lookup
[    1.543498] of_get_named_gpiod_flags: can't parse 'scl-gpios' property of node '/ocp/interconnect@48000000/segment@100000/target-module@9c000/i2c@0[0]'
[    1.557521] of_get_named_gpiod_flags: can't parse 'scl-gpio' property of node '/ocp/interconnect@48000000/segment@100000/target-module@9c000/i2c@0[0]'
[    1.571442] i2c i2c-2: using lookup tables for GPIO lookup
[    1.577105] i2c i2c-2: No GPIO consumer scl found
[    1.581994] i2c i2c-2: GPIO lookup for consumer sda
[    1.587013] i2c i2c-2: using device tree for GPIO lookup
[    1.592502] of_get_named_gpiod_flags: can't parse 'sda-gpios' property of node '/ocp/interconnect@48000000/segment@100000/target-module@9c000/i2c@0[0]'
[    1.606511] of_get_named_gpiod_flags: can't parse 'sda-gpio' property of node '/ocp/interconnect@48000000/segment@100000/target-module@9c000/i2c@0[0]'
[    1.620425] i2c i2c-2: using lookup tables for GPIO lookup
[    1.626085] i2c i2c-2: No GPIO consumer sda found
[    1.631621] omap_i2c 4819c000.i2c: bus 2 rev0.11 at 100 kHz
[    1.642592] gpio gpiochip1: (gpio-32-63): created GPIO range 0->17 ==> 44e10800.pinmux PIN 34->51
[    1.651829] gpio gpiochip1: (gpio-32-63): created GPIO range 18->21 ==> 44e10800.pinmux PIN 77->80
[    1.661060] gpio gpiochip1: (gpio-32-63): created GPIO range 22->31 ==> 44e10800.pinmux PIN 56->65
[    1.723837] gpio gpiochip1: (gpio-32-63): added GPIO chardev (254:1)
[    1.730534] gpio gpiochip1: registered GPIOs 32 to 63 on gpio-32-63
[    1.739286] gpio gpiochip2: (gpio-64-95): created GPIO range 0->4 ==> 44e10800.pinmux PIN 66->70
[    1.748455] gpio gpiochip2: (gpio-64-95): created GPIO range 5->6 ==> 44e10800.pinmux PIN 98->99
[    1.757531] gpio gpiochip2: (gpio-64-95): created GPIO range 7->8 ==> 44e10800.pinmux PIN 75->76
[    1.766598] gpio gpiochip2: (gpio-64-95): created GPIO range 13->13 ==> 44e10800.pinmux PIN 141->141
[    1.776022] gpio gpiochip2: (gpio-64-95): created GPIO range 14->21 ==> 44e10800.pinmux PIN 100->107
[    1.785878] gpio gpiochip2: (gpio-64-95): added GPIO chardev (254:2)
[    1.792589] gpio gpiochip2: registered GPIOs 64 to 95 on gpio-64-95
[    1.816324] mdio_bus 4a101000.mdio: GPIO lookup for consumer reset
[    1.822824] mdio_bus 4a101000.mdio: using device tree for GPIO lookup
[    1.829471] of_get_named_gpiod_flags: can't parse 'reset-gpios' property of node '/ocp/interconnect@4a000000/segment@0/target-module@100000/switch@0/mdio@1000[0]'
[    1.844484] of_get_named_gpiod_flags: can't parse 'reset-gpio' property of node '/ocp/interconnect@4a000000/segment@0/target-module@100000/switch@0/mdio@1000[0]'
[    1.859395] mdio_bus 4a101000.mdio: using lookup tables for GPIO lookup
[    1.866220] mdio_bus 4a101000.mdio: No GPIO consumer reset found
[    1.873343] sdhci-omap 481d8000.mmc: GPIO lookup for consumer wp
[    1.879541] sdhci-omap 481d8000.mmc: using device tree for GPIO lookup
[    1.886345] of_get_named_gpiod_flags: can't parse 'wp-gpios' property of node '/ocp/interconnect@48000000/segment@100000/target-module@d8000/mmc@0[0]'
[    1.900283] of_get_named_gpiod_flags: can't parse 'wp-gpio' property of node '/ocp/interconnect@48000000/segment@100000/target-module@d8000/mmc@0[0]'
[    1.914132] sdhci-omap 481d8000.mmc: using lookup tables for GPIO lookup
[    1.921031] sdhci-omap 481d8000.mmc: No GPIO consumer wp found
[    1.927241] sdhci-omap 481d8000.mmc: supply vqmmc not found, using dummy regulator
[    1.937521] davinci_mdio 4a101000.mdio: davinci mdio revision 1.6, bus freq 1000000
[    1.946916] mdio_bus 4a101000.mdio:00: GPIO lookup for consumer reset
[    1.953669] mdio_bus 4a101000.mdio:00: using device tree for GPIO lookup
[    1.960583] of_get_named_gpiod_flags: can't parse 'reset-gpios' property of node '/ocp/interconnect@4a000000/segment@0/target-module@100000/switch@0/mdio@1000/ethernet-phy@0[0]'
[    1.976982] of_get_named_gpiod_flags: can't parse 'reset-gpio' property of node '/ocp/interconnect@4a000000/segment@0/target-module@100000/switch@0/mdio@1000/ethernet-phy@0[0]'
[    1.993245] mdio_bus 4a101000.mdio:00: using lookup tables for GPIO look up
[    2.000322] mdio_bus 4a101000.mdio:00: No GPIO consumer  reset found
[    2.007977] davinci_mdio 4a101000.mdio: phy[0 ]: device 4a101000.mdio:00, driver SMSC LAN8710/LAN8720
[     2.017947] cpsw-switch 4a100000.switch: initialized cpsw ale ve rsion 1.
[    5.952318] cpsw-switch 4a100000.switch eth0: Link is Up - 100Mbps/Full - flow control off
[    5.961660] IPv6: ADDRCONF(NETDEV_CHANGE): eth0: link becomes ready
[    5.991618] IP-Config: Complete:
[    5.994876]      device=eth0, hwaddr=6c:ec:eb:68:de:78, ipaddr=192.168.255.1, mask=255.255.255.0, gw=255.255.255.255
[    6.005491]      host=bbb1, domain=, nis-domain=(none)
[    6.010654]      bootserver=192.168.255.126, rootserver=192.168.255.126, rootpath=
[    6.011040] clk: Disabling unused clocks
[    6.022900] TAP version 14
[    6.025626] 1..0
[    6.049246] VFS: Mounted root (nfs filesystem) on device 0:16.
[    6.056183] devtmpfs: mounted
[    6.060473] Freeing unused kernel image (initmem) memory: 1024K
[    6.067118] Run /sbin/init as init process
[    6.071241]   with arguments:
[    6.074308]     /sbin/init
[    6.077030]     nfsrootdebug
[    6.079921]   with environment:
[    6.083099]     HOME=/
[    6.085470]     TERM=linux
[    6.768995] systemd[1]: System time before build time, advancing clock.
[    6.965368] random: systemd: uninitialized urandom read (16 bytes read)
[    6.977254] random: systemd: uninitialized urandom read (16 bytes read)
[    6.984607] systemd[1]: Mounting cgroup to /sys/fs/cgroup/cpuset of type cgroup with options cpuset.
[    6.994934] systemd[1]: Mounting cgroup to /sys/fs/cgroup/memory of type cgroup with options memory.
[    7.005025] systemd[1]: Mounting cgroup to /sys/fs/cgroup/perf_event of type cgroup with options perf_event.
[    7.015577] systemd[1]: Mounting cgroup to /sys/fs/cgroup/cpu,cpuacct of type cgroup with options cpu,cpuacct.
[    7.026391] systemd[1]: Mounting cgroup to /sys/fs/cgroup/net_cls of type cgroup with options net_cls.
[    7.036359] systemd[1]: Mounting cgroup to /sys/fs/cgroup/devices of type cgroup with options devices.
[    7.046285] systemd[1]: Mounting cgroup to /sys/fs/cgroup/freezer of type cgroup with options freezer.
[    7.056208] systemd[1]: Mounting cgroup to /sys/fs/cgroup/blkio of type cgroup with options blkio.
[    7.065748] systemd[1]: systemd 232 running in system mode. (+PAM +AUDIT +SELINUX +IMA +APPARMOR +SMACK +SYSVINIT +UTMP +LIBCRYPTSETUP +GCRYPT +GNUTLS +ACL +XZ +LZ4 +SECCOMP +BLKID +ELFUTILS +KMOD +IDN)
[    7.084140] systemd[1]: No virtualization found in DMI

Welcome to [1mDebian GNU/Linux 9 (stretch)[0m!

[    7.512908] systemd-fstab-generator[81]: Parsing /etc/fstab
[    7.520504] systemd-gpt-auto-generator[78]: Neither root nor /usr file system are on a (single) block device.
[    7.530920] random: systemd-cryptse: uninitialized urandom read (16 bytes read)
[    7.541087] systemd-getty-generator[83]: Automatically adding serial getty for /dev/ttyS0.
[    7.571175] systemd-sysv-generator[86]: Native unit for sudo.service already exists, skipping.
[    7.585216] systemd-sysv-generator[86]: Native unit for apache-htcacheclean.service already exists, skipping.
[    7.599837] systemd-sysv-generator[86]: Native unit for kmod.service already exists, skipping.
[    7.610580] systemd-sysv-generator[86]: Native unit for dbus.service already exists, skipping.
[    7.621923] systemd-sysv-generator[86]: Cannot find unit hostapd.service.
[    7.630543] systemd-sysv-generator[86]: Cannot find unit loadcpufreq.service.
[    7.639736] systemd-sysv-generator[86]: Native unit for ofono.service already exists, skipping.
[    7.650514] systemd-sysv-generator[86]: Native unit for avahi-daemon.service already exists, skipping.
[    7.661974] systemd-sysv-generator[86]: Native unit for cron.service already exists, skipping.
[    7.673390] systemd-sysv-generator[86]: Native unit for hwclock.service already exists, skipping.
[    7.742698] printk: systemd-sysv-ge: 61 output lines suppressed due to ratelimiting
[    7.976101] random: systemd: uninitialized urandom read (16 bytes read)
[    7.983343] random: systemd: uninitialized urandom read (16 bytes read)
[    7.990095] random: systemd: uninitialized urandom read (16 bytes read)
[[0;32m  OK  [0m] Set up automount Arbitrary Executabâ€¦rmats File System Automount Point.
[[0;32m  OK  [0m] Listening on udev Control Socket.
[[0;32m  OK  [0m] Started Dispatch Password Requests to Console Directory Watch.
[[0;32m  OK  [0m] Created slice System Slice.
         Mounting Debug File System...
[    8.362579] systemd[87]: sys-kernel-debug.mount: Executing: /bin/mount debugfs /sys/kernel/debug -t debugfs
[[0;32m  OK  [0m] Listening on Journal Audit Socket.
[[0;32m  OK  [0m] Reached target Swap.
[[0;32m  OK  [0m] Listening on /dev/initctl Compatibility Named Pipe.
[[0;32m  OK  [0m] Started Forward Password Requests to Wall Directory Watch.
[[0;32m  OK  [0m] Reached target Encrypted Volumes.
[[0;32m  OK  [0m] Reached target Paths.
[[0;32m  OK  [0m] Created slice system-getty.slice.
[[0;32m  OK  [0m] Listening on udev Kernel Socket.
[[0;32m  OK  [0m] Listening on Journal Socket (/dev/log).
[[0;32m  OK  [0m] Listening on Journal Socket.
          Starting Remount Root and Kernel File Systems...
          Starting Load Kernel Modules...
[[0;32m  OK  [0m] Rea ched target Remote File Systems.
[[0;32m  OK  [0m] Created  slice system-serial\x2dgetty.slice.
[[0;32m  OK  [0m] Liste ning on 
[[0;32m  OK  [0m] Started Flush Journal to Persistent Storage.
         Starting Create Volatile Files and Directories...
[[0;32m  OK  [0m] Started udev Kernel Device Manager.
[   12.231842] systemd[1]: Got message type=method_call sender=n/a destination=org.freedesktop.systemd1 object=/org/freedesktop/systemd1/unit/upstart_2eservice interface=org.freedesktop.DBus.Properties member=GetAll cookie=1 reply_cookie=0 error=n/a
[   12.321851] systemd[1]: upstart.service: Failed to load configuration: No such file or directory
[   12.391879] systemd[1]: Sent message type=method_return sender=n/a destination=n/a object=n/a interface=n/a member=n/a cookie=1 reply_cookie=1 error=n/a
[   12.462110] systemd[1]: upstart.service: Collecting.
[   12.481864] systemd[1]: upstart.service: Failed to send unit change signal for upstart.service: Connection reset by peer
[   12.551896] systemd[1]: upstart.service: Failed to send unit remove signal for upstart.service: Transport endpoint is not connected
[   12.611881] systemd[1]: Received SIGCHLD from PID 114 (udevadm).
[   12.631873] systemd[1]: Child 114 (udevadm) died (code=exited, status=0/SUCCESS)
[   12.674525] systemd[1]: systemd-udev-trigger.service: Child 114 belongs to systemd-udev-trigger.service
[   12.751847] systemd[1]: systemd-udev-trigger.service: Changed start -> exited
[[0;32m  OK  [0m] Started udev Coldplug all Devices.
[[0;32m  OK  [0m] Started Raise network interfaces.
[   14.041745] random: crng init done
[   14.045199] random: 454 urandom warning(s) missed due to ratelimiting
[[0;32m  OK  [0m] Started Create Volatile Files and Directories.
[   15.134416] systemd-journald[93]: Successfully sent stream file descriptor to service manager.
         Starting Network Time Synchronization...
[   15.258129] systemd-journald[93]: Successfully sent stream file descriptor to service manager.
         Starting Update UTMP about System Boot/Shutdown...
[   15.525562] systemd-journald[93]: /run/log/journal/c2029cc3b8b4efd6445bffc4386d43a0/system.journal: Journal header limits reached or header out-of-date, rotating.
[   15.541420] systemd-journald[93]: Rotating...
[   15.559979] systemd-journald[93]: Reserving 5582 entries in hash table.
[   15.572341] systemd-journald[93]: Vacuuming...
[   15.583522] systemd-journald[93]: Vacuuming done, freed 0B of archived journals from /run/log/journal/c2029cc3b8b4efd6445bffc4386d43a0.
[   15.609447] systemd-journald[93]: /run/log/journal/c2029cc3b8b4efd6445bffc4386d43a0/system.journal: Journal header limits reached or header out-of-date, rotating.
[   15.624772] systemd-journald[93]: Rotating...
[   15.633712] systemd-journald[93]: Reserving 5582 entries in hash table.
[[0;32m  OK  [0m] Started Update UTMP about System Boot/Shutdown.
[[0;32m  OK  [0m] Started Network Time Synchronization.
[[0;32m  OK  [0m] Reached target System Time Synchronized.
[[0;32m  OK  [0m] Reached target System Initialization.
[[0;32m  OK  [0m] Listening on Avahi mDNS/DNS-SD Stack Activation Socket.
[[0;32m  OK  [0m] Started Daily apt download activities.
[[0;32m  OK  [0m] Listening on D-Bus System Message Bus Socket.
[[0;32m  OK  [0m] Reached target Sockets.
[[0;32m  OK  [0m] Started Daily apt upgrade and clean activities.
[   16.689315] of_get_named_gpiod_flags: parsed 'gpios' property of node '/leds/led2[0]' - status (0)
[   16.698614] gpio gpiochip0: Persistence not supported for GPIO 21
[   16.704785] gpio-21 (?): no flags found for gpios
[   16.709779] of_get_named_gpiod_flags: parsed 'gpios' property of node '/leds/led3[0]' - status (0)
[   16.718872] gpio gpiochip0: Persistence not supported for GPIO 22
[   16.725018] gpio-22 (?): no flags found for gpios
[   16.729934] of_get_named_gpiod_flags: parsed 'gpios' property of node '/leds/led4[0]' - status (0)
[   16.739003] gpio gpiochip0: Persistence not supported for GPIO 23
[   16.745147] gpio-23 (?): no flags found for gpios
[   16.750032] of_get_named_gpiod_flags: parsed 'gpios' property of node '/leds/led5[0]' - status (0)
[   16.759092] gpio gpiochip0: Persistence not supported for GPIO 24
[   16.765235] gpio-24 (?): no flags found for gpios
[[0;32m  OK  [0m] Started Daily Cleanup of Temporary Directories.
[[0;32m  OK  [0m] Reached target Timers.
[[0;32m  OK  [0m] Reached target Basic System.
         Starting Cape Manager Service...
         Starting Avahi mDNS/DNS-SD Stack...
[   17.251982] systemd[1]: loadcpufreq.service: Changed dead -> start
         Starting LSB: Load kernel modules needed to enable cpufreq scaling...
[   17.361858] systemd[1]: systemd-logind.service: ConditionPathExists=/lib/systemd/system/dbus.service succeeded.
[   17.424895] systemd[1]: systemd-logind.service: Passing 0 fds to service
[   17.501922] systemd[1]: systemd-logind.service: Forked /lib/systemd/systemd-logind as 186
[   17.547305] systemd[1]: systemd-logind.service: Changed dead -> start
         Starting Login Service...
[   17.643873] systemd[1]: ofono.service: Passing 0 fds to service
[   17.681993] systemd[1]: ofono.service: Forked /usr/sbin/ofonod as 188
[   17.705764] systemd[1]: ofono.service: Changed dead -> start
         Starting Telephony service...
[   17.792108] systemd[1]: dundee.service: Passing 0 fds to service
[   17.851962] systemd[1]: dundee.service: Forked /usr/sbin/dundee as 189
         Starting DUN service...
         Starting LSB: Start busybox udhcpd at boot time...
[[0;32m  OK  [0m] Started Regular background program processing daemon.
[   18.210933] remoteproc remoteproc0: wkup_m3 is available
         Starting Generic Board Startup...
[[0;32m  OK  [0m] Started D-Bus System Message Bus.
[[0;32m  OK  [0m] Started Avahi mDNS/DNS-SD Stack.
[   19.577728] Bluetooth: Core ver 2.22
[   19.581544] NET: Registered PF_BLUETOOTH protocol family
[   19.587080] Bluetooth: HCI device and connection manager initialized
[   19.593560] Bluetooth: HCI socket layer initialized
[   19.598470] Bluetooth: L2CAP socket layer initialized
[   19.603614] Bluetooth: SCO socket layer initialized
[[0;32m  OK  [0m] Started DUN service.
[[0;32m  OK  [0m] Started Telephony service.
         Starting Connection service...
         Starting System Logging Service...
[[0;32m  OK  [0m] Started Cape Manager Service.
[   20.859741] at24 2-0054: supply vcc not found, using dummy regulator
[   20.927038] at24 2-0055: supply vcc not found, using dummy regulator
[[0;32m  OK  [0m] Found device /dev/ttyS0.
[   21.007582] at24 2-0056: supply vcc not found, using dummy regulator
[   21.068479] at24 2-0057: supply vcc not found, using dummy regulator
[[0;32m  OK  [0m] Started System Logging Service.
[   21.168000] at24 0-0050: supply vcc not found, using dummy regulator
[   21.211542] at24 0-0050: GPIO lookup for consumer wp
[   21.216745] at24 0-0050: using device tree for GPIO lookup
[   21.222331] of_get_named_gpiod_flags: can't parse 'wp-gpios' property of node '/ocp/interconnect@44c00000/segment@200000/target-module@b000/i2c@0/baseboard_eeprom@50[0]'
[   21.237618] of_get_named_gpiod_flags: can't parse 'wp-gpio' property of node '/ocp/interconnect@44c00000/segment@200000/target-module@b000/i2c@0/baseboard_eeprom@50[0]'
[   21.252792] at24 0-0050: using lookup tables for GPIO lookup
[   21.258480] at24 0-0050: No GPIO consumer wp found
[   21.263574] at24 0-0050: 32768 byte 24c256 EEPROM, writable, 1 bytes/write
[   21.439244] using random self ethernet address
[   21.443918] using random host ethernet address
[   21.914504] using random self ethernet address
[   21.919013] using random host ethernet address
[[0;32m  OK  [0m] Started LSB: Start busybox udhcpd at boot time.
[   22.267250] systemd[1]: Got message type=signal sender=org.freedesktop.DBus destination=n/a object=/org/freedesktop/DBus interface=org.freedesktop.DBus member=NameOwnerChanged cookie=15 reply_cookie=0 error=n/a
 [   22.376091] userial_init: registered 8 ttyGS* devices
[    22.452044] systemd[1]: connman.service: D-Bus name net.connman  changed owner from  to :1.5
[   22.532317] systemd[1]: connm an.service: Changed start -> running
[   22.551911] systemd[1]: connm
[[0;32m  OK  [0m] Started Permit User Sessions.
[[0;32m  OK  [0m] Started LSB: Advanced IEEE 802.11 management daemon.
[   26.317216] systemd-journald[93]: Successfully sent stream file descriptor to service manager.
[   27.161904] omap_wdt: OMAP Watchdog Timer Rev 0x01: initial timeout 60 sec
[   27.253866] omap_rtc 44e3e000.rtc: registered as rtc0
[   27.259063] omap_rtc 44e3e000.rtc: setting system clock to 2000-01-01T00:00:00 UTC (946684800)
[   27.267894] omap_rtc 44e3e000.rtc: GPIO lookup for consumer wp
[   27.273819] omap_rtc 44e3e000.rtc: using device tree for GPIO lookup
[   27.280226] of_get_named_gpiod_flags: can't parse 'wp-gpios' property of node '/ocp/interconnect@44c00000/segment@200000/target-module@3e000/rtc@0[0]'
[   27.293848] of_get_named_gpiod_flags: can't parse 'wp-gpio' property of node '/ocp/interconnect@44c00000/segment@200000/target-module@3e000/rtc@0[0]'
[   27.307463] omap_rtc 44e3e000.rtc: using lookup tables for GPIO lookup
[   27.314059] omap_rtc 44e3e000.rtc: No GPIO consumer wp found
[[0;32m  OK  [0m] Started OpenBSD Secure Shell server.[   27.333672] systemd-journald[93]: Time jumped backwards, rotating.

[   27.357707] systemd-journald[93]: Rotating...
[   27.370003] systemd-journald[93]: Reserving 5582 entries in hash table.
[   27.390745] systemd-journald[93]: Vacuuming...
[   27.395547] systemd[1]: Sent message type=signal sender=n/a destination=n/a object=/org/freedesktop/systemd1 interface=org.freedesktop.systemd1.Manager member=JobRemoved cookie=71 reply_cookie=0 error=n/a
[   27.461921] systemd[1]: Sent message type=signal sender=n/a destination=n/a object=/org/freedesktop/systemd1/unit/ssh_2eservice interface=org.freedesktop.DBus.Properties member=PropertiesChanged cookie=73 reply_cookie=0 error=n/a
[   27.532008] systemd[1]: Received SIGCHLD from PID 345 (apachectl).
[   27.551925] systemd[1]: Child 345 (apachectl) died (code=exited, status=0/SUCCESS)
[   27.571929] systemd[1]: apache2.service: Child 345 belongs to apache2.service
[   27.592758] systemd[1]: apache2.service: Control process exited, code=exited status=0
[   27.615658] systemd[1]: apache2.service: Got final SIGCHLD for state start.
[   27.652083] systemd[1]: apache2.service: Main PID guessed: 366
[   27.688287] systemd[1]: apache2.service: Changed start -> running
[   27.730680] systemd[1]: apache2.service: Job apache2.service/start finished, result=done
[   27.752880] am335x-phy-driver 47401300.usb-phy: GPIO lookup for consumer reset
[   27.760186] am335x-phy-driver 47401300.usb-phy: using device tree for GPIO lookup
[   27.767861] of_get_named_gpiod_flags: can't parse 'reset-gpios' property of node '/ocp/target-module@47400000/usb-phy@1300[0]'
[   27.779382] of_get_named_gpiod_flags: can't parse 'reset-gpio' property of node '/ocp/target-module@47400000/usb-phy@1300[0]'
[   27.790789] am335x-phy-driver 47401300.usb-phy: using lookup tables for GPIO lookup
[   27.798541] am335x-phy-driver 47401300.usb-phy: No GPIO consumer reset found
[   27.805653] am335x-phy-driver 47401300.usb-phy: GPIO lookup for consumer vbus-detect
[   27.813453] am335x-phy-driver 47401300.usb-phy: using device tree for GPIO lookup
[   27.820978] of_get_named_gpiod_flags: can't parse 'vbus-detect-gpios' property of node '/ocp/target-module@47400000/usb-phy@1300[0]'
[   27.832990] of_get_named_gpiod_flags: can't parse 'vbus-detect-gpio' property of node '/ocp/target-module@47400000/usb-phy@1300[0]'
[   27.844909] am335x-phy-driver 47401300.usb-phy: using lookup tables for GPIO lookup
[   27.852620] am335x-phy-driver 47401300.usb-phy: No GPIO consumer vbus-detect found
[   27.860343] am335x-phy-driver 47401300.usb-phy: supply vcc not found, using dummy regulator
[   27.875626] am335x-phy-driver 47401b00.usb-phy: GPIO lookup for consumer reset
[   27.883110] am335x-phy-driver 47401b00.usb-phy: using device tree for GPIO lookup
[   27.890657] of_get_named_gpiod_flags: can't parse 'reset-gpios' property of node '/ocp/target-module@47400000/usb-phy@1b00[0]'
[   27.902210] of_get_named_gpiod_flags: can't parse 'reset-gpio' property of node '/ocp/target-module@47400000/usb-phy@1b00[0]'
[   27.913621] am335x-phy-driver 47401b00.usb-phy: using lookup tables for GPIO lookup
[   27.921315] am335x-phy-driver 47401b00.usb-phy: No GPIO consumer reset found
[   27.928419] am335x-phy-driver 47401b00.usb-phy: GPIO lookup for consumer vbus-detect
[   27.936217] am335x-phy-driver 47401b00.usb-phy: using device tree for GPIO lookup
[   27.943760] of_get_named_gpiod_flags: can't parse 'vbus-detect-gpios' property of node '/ocp/target-module@47400000/usb-phy@1b00[0]'
[   27.955769] of_get_named_gpiod_flags: can't parse 'vbus-detect-gpio' property of node '/ocp/target-module@47400000/usb-phy@1b00[0]'
[   27.967688] am335x-phy-driver 47401b00.usb-phy: using lookup tables for GPIO lookup
[   27.975433] am335x-phy-d river 47401b00.usb-phy: No GPIO consumer vbus-detect found
[    27.983177] am335x-phy-driver 47401b00.usb-phy: supply vcc no t found, using dummy regulator
[[0;32m  OK  [0m] Started Th e Apache HTTP Server.
[   28.191346] usbcore: registered new  interfac
[   40.023229] systemd[1]: sys-devices-virtual-tty-ttyGS0.device: Changed dead -> plugged
[   40.047073] PM: Cannot get wkup_m3_ipc handle
[   40.052818] of_get_named_gpiod_flags: can't parse 'simple-audio-card,hp-det-gpio' property of node '/sound[0]'
[   40.063029] of_get_named_gpiod_flags: can't parse 'simple-audio-card,mic-det-gpio' property of node '/sound[0]'
[   40.148524] PM: Cannot get wkup_m3_ipc handle
[   43.061856] systemd[1]: sound.target: Trying to enqueue job sound.target/start/fail
[   43.081853] systemd[1]: sound.target: Installed new job sound.target/start as 172
[   43.101950] systemd[1]: sound.target: Enqueued job sound.target/start as 172
[   43.151937] systemd[1]: Sent message type=signal sender=n/a destination=n/a object=/org/freedesktop/systemd1 interface=org.freedesktop.systemd1.Manager member=UnitNew cookie=191 reply_cookie=0 error=n/a
[   43.211825] systemd[1]: Sent message type=signal sender=n/a destination=n/a object=/org/freedesktop/systemd1 interface=org.freedesktop.systemd1.Manager member=JobNew cookie=192 reply_cookie=0 error=n/a
[   43.271953] systemd[1]: sound.target changed dead -> active
[   43.321917] systemd[1]: Sent message type=signal sender=n/a destination=n/a object=/org/freedesktop/systemd1/unit/sound_2etarget interface=org.freedesktop.DBus.Properties member=PropertiesChanged cookie=194 reply_cookie=0 error=n/a
Labgrid Console Logfile for main
Logfile started at 2024-12-14 21:29:19.927856
=== Log starts here ===
reading args
spl_load_image_fat_os: error reading image args, err - -1
reading u-boot.img
reading u-boot.img


U-Boot 2014.04-00014-g47880f5 (Apr 22 2014 - 13:23:54)

I2C:   ready
DRAM:  512 MiB
NAND:  0 MiB
MMC:   OMAP SD/MMC: 0, OMAP SD/MMC: 1
*** Warning - readenv() failed, using default environment

Net:   <ethaddr> not set. Validating first E-fuse MAC
cpsw, usb_ether
Hit any key to stop autoboot:  1  0 
gpio: pin 53 (gpio 53) value is 1
mmc0 is current device
gpio: pin 54 (gpio 54) value is 1
SD/MMC found on device 0
reading uEnv.txt
584 bytes read in 4 ms (142.6 KiB/s)
gpio: pin 55 (gpio 55) value is 1
Loaded environment from uEnv.txt
Importing environment from mmc ...
Checking if uenvcmd is set ...
gpio: pin 56 (gpio 56) value is 1
Running uenvcmd ...
cpsw Waiting for PHY auto negotiation to complete. done
link up on port 0, speed 100, full duplex
Using cpsw device
TFTP from server 192.168.255.126; our IP address is 192.168.255.1
Filename 'zImage'.
Load address: 0x81000000
Loading: *#################################################################
	 #################################################################
	 #################################################################
	 #################################################################
	 #################################################################
	 #####
	 2.4 MiB/s
done
Bytes transferred = 4841328 (49df70 hex)
link up on port 0, speed 100, full duplex
Using cpsw device
TFTP from server 192.168.255.126; our IP address is 192.168.255.1
Filename 'am335x-boneblack.dtb'.
Load address: 0x82000000
Loading: *#######
	 2.2 MiB/s
done
Bytes transferred = 94748 (1721c hex)
Kernel image @ 0x81000000 [ 0x000000 - 0x49df70 ]
## Flattened Device Tree blob at 82000000
   Booting using the fdt blob at 0x82000000
   Using Device Tree in place at 82000000, end 8201a21b

Starting kernel ...

[    0.000000] Booting Linux on physical CPU 0x0
[    0.000000] Linux version 5.15.174 (user01@drvtest01) (arm-linux-gnueabihf-gcc (Linaro GCC 6.4-2017.11) 6.4.1 20171012, GNU ld (Linaro_Binutils-2017.11) 2.27.0.20161229) #10 SMP Sat Dec 14 21:25:12 EET 2024
[    0.000000] CPU: ARMv7 Processor [413fc082] revision 2 (ARMv7), cr=10c5387d
[    0.000000] CPU: PIPT / VIPT nonaliasing data cache, VIPT aliasing instruction cache
[    0.000000] OF: fdt: Machine model: TI AM335x BeagleBone Black
[    0.000000] earlycon: omap8250 at MMIO 0x44e09000 (options '')
[    0.000000] printk: bootconsole [omap8250] enabled
[    0.000000] Memory policy: Data cache writeback
[    0.000000] cma: Reserved 16 MiB at 0x9e800000
[    0.000000] Zone ranges:
[    0.000000]   Normal   [mem 0x0000000080000000-0x000000009fdfffff]
[    0.000000]   HighMem  empty
[    0.000000] Movable zone start for each node
[    0.000000] Early memory node ranges
[    0.000000]   node   0: [mem 0x0000000080000000-0x000000009fdfffff]
[    0.000000] Initmem setup node 0 [mem 0x0000000080000000-0x000000009fdfffff]
[    0.000000] CPU: All CPU(s) started in SVC mode.
[    0.000000] AM335X ES2.1 (sgx neon)
[    0.000000] percpu: Embedded 16 pages/cpu s33804 r8192 d23540 u65536
[    0.000000] pcpu-alloc: s33804 r8192 d23540 u65536 alloc=16*4096
[    0.000000] pcpu-alloc: [0] 0 
[    0.000000] Built 1 zonelists, mobility grouping on.  Total pages: 129412
[    0.000000] Kernel command line: console=ttyO0,115200n8 debug earlycon root=/dev/nfs rw nfsroot=192.168.255.126:/home/user01/nfs,nfsvers=3 ip=192.168.255.1:192.168.255.126::255.255.255.0:bbb1:eth0 nfsrootdebug
[    0.000000] Unknown kernel command line parameters "nfsrootdebug", will be passed to user space.
[    0.000000] Dentry cache hash table entries: 65536 (order: 6, 262144 bytes, linear)
[    0.000000] Inode-cache hash table entries: 32768 (order: 5, 131072 bytes, linear)
[    0.000000] mem auto-init: stack:off, heap alloc:off, heap free:off
[    0.000000] Memory: 484752K/522240K available (10240K kernel code, 1079K rwdata, 2392K rodata, 1024K init, 246K bss, 21104K reserved, 16384K cma-reserved, 0K highmem)
[    0.000000] trace event string verifier disabled
[    0.000000] rcu: Hierarchical RCU implementation.
[    0.000000] rcu: 	RCU event tracing is enabled.
[    0.000000] rcu: 	RCU restricting CPUs from NR_CPUS=2 to nr_cpu_ids=1.
[    0.000000] rcu: RCU calculated value of scheduler-enlistment delay is 10 jiffies.
[    0.000000] rcu: Adjusting geometry for rcu_fanout_leaf=16, nr_cpu_ids=1
[    0.000000] NR_IRQS: 16, nr_irqs: 16, preallocated irqs: 16
[    0.000000] IRQ: Found an INTC at 0x(ptrval) (revision 5.0) with 128 interrupts
[    0.000000] TI gptimer clocksource: always-on /ocp/interconnect@44c00000/segment@200000/target-module@31000
[    0.000002] sched_clock: 32 bits at 24MHz, resolution 41ns, wraps every 89478484971ns
[    0.008070] clocksource: dmtimer: mask: 0xffffffff max_cycles: 0xffffffff, max_idle_ns: 79635851949 ns
[    0.018056] TI gptimer clockevent: 24000000 Hz at /ocp/interconnect@48000000/segment@0/target-module@40000
[    0.029824] Console: colour dummy device 80x30
[    0.034439] WARNING: Your 'console=ttyO0' has been replaced by 'ttyS0'
[    0.041230] This ensures that you still see kernel messages. Please
[    0.047678] update your kernel commandline.
[    0.052029] Calibrating delay loop... 996.14 BogoMIPS (lpj=4980736)
[    0.094530] CPU: Testing write buffer coherency: ok
[    0.099647] CPU0: Spectre v2: using BPIALL workaround
[    0.104846] pid_max: default: 32768 minimum: 301
[    0.109758] LSM: Security Framework initializing
[    0.114691] Mount-cache hash table entries: 1024 (order: 0, 4096 bytes, linear)
[    0.122255] Mountpoint-cache hash table entries: 1024 (order: 0, 4096 bytes, linear)
[    0.131874] CPU0: thread -1, cpu 0, socket -1, mpidr 0
[    0.138306] Setting up static identity map for 0x80100000 - 0x80100078
[    0.145269] rcu: Hierarchical SRCU implementation.
[    0.151437] smp: Bringing up secondary CPUs ...
[    0.156118] smp: Brought up 1 node, 1 CPU
[    0.160295] SMP: Total of 1 processors activated (996.14 BogoMIPS).
[    0.166745] CPU: All CPU(s) started in SVC mode.
[    0.172310] devtmpfs: initialized
[    0.190271] VFP support v0.3: implementor 41 architecture 3 part 30 variant c rev 3
[    0.198554] clocksource: jiffies: mask: 0xffffffff max_cycles: 0xffffffff, max_idle_ns: 19112604462750000 ns
[    0.208727] futex hash table entries: 256 (order: 2, 16384 bytes, linear)
[    0.217063] pinctrl core: initialized pinctrl subsystem
[    0.224631] NET: Registered PF_NETLINK/PF_ROUTE protocol family
[    0.233596] DMA: preallocated 256 KiB pool for atomic coherent allocations
[    0.241314] audit: initializing netlink subsys (disabled)
[    0.248197] thermal_sys: Registered thermal governor 'fair_share'
[    0.248219] thermal_sys: Registered thermal governor 'step_wise'
[    0.254491] thermal_sys: Registered thermal governor 'user_space'
[    0.261062] cpuidle: using governor menu
[    0.287857] No ATAGs?
[    0.290315] hw-breakpoint: debug architecture 0x4 unsupported.
[    0.304585] kprobes: kprobe jump-optimization is enabled. All kprobes are optimized if possible.
[    0.313831] audit: type=2000 audit(0.210:1): state=initialized audit_enabled=0 res=1
[    0.327123] reg-fixed-voltage fixedregulator0: GPIO lookup for consumer (null)
[    0.334708] reg-fixed-voltage fixedregulator0: using device tree for GPIO lookup
[    0.342380] of_get_named_gpiod_flags: can't parse 'gpios' property of node '/fixedregulator0[0]'
[    0.351470] of_get_named_gpiod_flags: can't parse 'gpio' property of node '/fixedregulator0[0]'
[    0.360450] reg-fixed-voltage fixedregulator0: using lookup tables for GPIO lookup
[    0.368254] reg-fixed-voltage fixedregulator0: No GPIO consumer (null) found
[    0.376662] iommu: Default domain type: Translated 
[    0.381743] iommu: DMA domain TLB invalidation policy: strict mode 
[    0.389509] vgaarb: loaded
[    0.392819] SCSI subsystem initialized
[    0.397085] libata version 3.00 loaded.
[    0.401489] pps_core: LinuxPPS API ver. 1 registered
[    0.406604] pps_core: Software ver. 5.3.6 - Copyright 2005-2007 Rodolfo Giometti <giometti@linux.it>
[    0.416069] PTP clock support registered
[    0.421852] clocksource: Switched to clocksource dmtimer
[    0.473159] VFS: Disk quotas dquot_6.6.0
[    0.477313] VFS: Dquot-cache hash table entries: 1024 (order 0, 4096 bytes)
[    0.577815] NET: Registered PF_INET protocol family
[    0.583277] IP idents hash table entries: 8192 (order: 4, 65536 bytes, linear)
[    0.591729] tcp_listen_portaddr_hash hash table entries: 512 (order: 0, 4096 bytes, linear)
[    0.600366] Table-perturb hash table entries: 65536 (order: 6, 262144 bytes, linear)
[    0.608381] TCP established hash table entries: 4096 (order: 2, 16384 bytes, linear)
[    0.616410] TCP bind hash table entries: 4096 (order: 3, 32768 bytes, linear)
[    0.623824] TCP: Hash tables configured (established 4096 bind 4096)
[    0.630479] UDP hash table entries: 256 (order: 1, 8192 bytes, linear)
[    0.637248] UDP-Lite hash table entries: 256 (order: 1, 8192 bytes, linear)
[    0.644618] NET: Registered PF_UNIX/PF_LOCAL protocol family
[    0.714949] RPC: Registered named UNIX socket transport module.
[    0.721060] RPC: Registered udp transport module.
[    0.725956] RPC: Registered tcp transport module.
[    0.730796] RPC: Registered tcp NFSv4.1 backchannel transport module.
[    0.737453] PCI: CLS 0 bytes, default 64
[    0.743014] Initialise system trusted keyrings
[    0.796823] workingset: timestamp_bits=14 max_order=17 bucket_order=3
[    0.804908] NFS: Registering the id_resolver key type
[    0.810190] Key type id_resolver registered
[    0.814583] Key type id_legacy registered
[    0.818764] jffs2: version 2.2. (NAND) (SUMMARY)  Â© 2001-2006 Red Hat, Inc.
[    0.852313] Key type asymmetric registered
[    0.856548] Asymmetric key parser 'x509' registered
[    0.861702] io scheduler mq-deadline registered
[    0.866368] io scheduler kyber registered
[    0.904687] Serial: 8250/16550 driver, 6 ports, IRQ sharing enabled
[    0.947485] brd: module loaded
[    0.968571] loop: module loaded
[    0.972847] mtdoops: mtd device (mtddev=name/number) must be supplied
[    0.980705] mdio_bus fixed-0: GPIO lookup for consumer reset
[    0.986634] mdio_bus fixed-0: using lookup tables for GPIO lookup
[    0.992929] mdio_bus fixed-0: No GPIO consumer reset found
[    0.999632] i2c_dev: i2c /dev entries driver
[    1.004971] cpuidle: enable-method property 'ti,am3352' found operations
[    1.012350] sdhci: Secure Digital Host Controller Interface driver
[    1.018713] sdhci: Copyright(c) Pierre Ossman
[    1.023408] sdhci-pltfm: SDHCI platform and OF driver helper
[    1.085799] ledtrig-cpu: registered to indicate activity on CPUs
[    1.092598] Initializing XFRM netlink socket
[    1.097209] NET: Registered PF_INET6 protocol family
[    1.139963] Segment Routing with IPv6
[    1.143903] In-situ OAM (IOAM) with IPv6
[    1.148034] sit: IPv6, IPv4 and MPLS over IPv4 tunneling driver
[    1.154995] NET: Registered PF_PACKET protocol family
[    1.160230] NET: Registered PF_KEY protocol family
[    1.165342] Key type dns_resolver registered
[    1.169886] ThumbEE CPU extension supported.
[    1.174326] Registering SWP/SWPB emulation handler
[    1.179756] omap_voltage_late_init: Voltage driver support not added
[    1.186700] SmartReflex Class3 initialized
[    1.240010] Loading compiled-in X.509 certificates
[    1.277456] pinctrl-single 44e10800.pinmux: 142 pins, size 568
[    1.287888] ti-sysc: probe of 44e31000.target-module failed with error -16
[    1.353012] ti-sysc: probe of 48040000.target-module failed with error -16
[    1.370102] gpio gpiochip0: (gpio-0-31): created GPIO range 0->7 ==> 44e10800.pinmux PIN 0->7
[    1.379027] gpio gpiochip0: (gpio-0-31): created GPIO range 8->11 ==> 44e10800.pinmux PIN 90->93
[    1.388103] gpio gpiochip0: (gpio-0-31): created GPIO range 12->27 ==> 44e10800.pinmux PIN 12->27
[    1.397261] gpio gpiochip0: (gpio-0-31): created GPIO range 28->31 ==> 44e10800.pinmux PIN 30->33
[    1.494016] gpio gpiochip0: (gpio-0-31): added GPIO chardev (254:0)
[    1.500612] gpio gpiochip0: registered GPIOs 0 to 31 on gpio-0-31
[    1.507006] OMAP GPIO hardware version 0.1
[    1.544602] i2c i2c-2: GPIO lookup for consumer scl
[    1.549653] i2c i2c-2: using device tree for GPIO lookup
[    1.555209] of_get_named_gpiod_flags: can't parse 'scl-gpios' property of node '/ocp/interconnect@48000000/segment@100000/target-module@9c000/i2c@0[0]'
[    1.569231] of_get_named_gpiod_flags: can't parse 'scl-gpio' property of node '/ocp/interconnect@48000000/segment@100000/target-module@9c000/i2c@0[0]'
[    1.583172] i2c i2c-2: using lookup tables for GPIO lookup
[    1.588819] i2c i2c-2: No GPIO consumer scl found
[    1.593692] i2c i2c-2: GPIO lookup for consumer sda
[    1.598711] i2c i2c-2: using device tree for GPIO lookup
[    1.604200] of_get_named_gpiod_flags: can't parse 'sda-gpios' property of node '/ocp/interconnect@48000000/segment@100000/target-module@9c000/i2c@0[0]'
[    1.618208] of_get_named_gpiod_flags: can't parse 'sda-gpio' property of node '/ocp/interconnect@48000000/segment@100000/target-module@9c000/i2c@0[0]'
[    1.632123] i2c i2c-2: using lookup tables for GPIO lookup
[    1.637767] i2c i2c-2: No GPIO consumer sda found
[    1.643278] omap_i2c 4819c000.i2c: bus 2 rev0.11 at 100 kHz
[    1.654275] gpio gpiochip1: (gpio-32-63): created GPIO range 0->17 ==> 44e10800.pinmux PIN 34->51
[    1.663530] gpio gpiochip1: (gpio-32-63): created GPIO range 18->21 ==> 44e10800.pinmux PIN 77->80
[    1.672782] gpio gpiochip1: (gpio-32-63): created GPIO range 22->31 ==> 44e10800.pinmux PIN 56->65
[    1.724042] gpio gpiochip1: (gpio-32-63): added GPIO chardev (254:1)
[    1.730733] gpio gpiochip1: registered GPIOs 32 to 63 on gpio-32-63
[    1.739488] gpio gpiochip2: (gpio-64-95): created GPIO range 0->4 ==> 44e10800.pinmux PIN 66->70
[    1.748660] gpio gpiochip2: (gpio-64-95): created GPIO range 5->6 ==> 44e10800.pinmux PIN 98->99
[    1.757734] gpio gpiochip2: (gpio-64-95): created GPIO range 7->8 ==> 44e10800.pinmux PIN 75->76
[    1.766802] gpio gpiochip2: (gpio-64-95): created GPIO range 13->13 ==> 44e10800.pinmux PIN 141->141
[    1.776226] gpio gpiochip2: (gpio-64-95): created GPIO range 14->21 ==> 44e10800.pinmux PIN 100->107
[    1.786089] gpio gpiochip2: (gpio-64-95): added GPIO chardev (254:2)
[    1.792801] gpio gpiochip2: registered GPIOs 64 to 95 on gpio-64-95
[    1.816611] mdio_bus 4a101000.mdio: GPIO lookup for consumer reset
[    1.823113] mdio_bus 4a101000.mdio: using device tree for GPIO lookup
[    1.829758] of_get_named_gpiod_flags: can't parse 'reset-gpios' property of node '/ocp/interconnect@4a000000/segment@0/target-module@100000/switch@0/mdio@1000[0]'
[    1.844771] of_get_named_gpiod_flags: can't parse 'reset-gpio' property of node '/ocp/interconnect@4a000000/segment@0/target-module@100000/switch@0/mdio@1000[0]'
[    1.859681] mdio_bus 4a101000.mdio: using lookup tables for GPIO lookup
[    1.866506] mdio_bus 4a101000.mdio: No GPIO consumer reset found
[    1.873633] sdhci-omap 481d8000.mmc: GPIO lookup for consumer wp
[    1.879832] sdhci-omap 481d8000.mmc: using device tree for GPIO lookup
[    1.886635] of_get_named_gpiod_flags: can't parse 'wp-gpios' property of node '/ocp/interconnect@48000000/segment@100000/target-module@d8000/mmc@0[0]'
[    1.900570] of_get_named_gpiod_flags: can't parse 'wp-gpio' property of node '/ocp/interconnect@48000000/segment@100000/target-module@d8000/mmc@0[0]'
[    1.914442] sdhci-omap 481d8000.mmc: using lookup tables for GPIO lookup
[    1.921340] sdhci-omap 481d8000.mmc: No GPIO consumer wp found
[    1.927528] sdhci-omap 481d8000.mmc: supply vqmmc not found, using dummy regulator
[    1.937803] davinci_mdio 4a101000.mdio: davinci mdio revision 1.6, bus freq 1000000
[    1.947181] mdio_bus 4a101000.mdio:00: GPIO lookup for consumer reset
[    1.953933] mdio_bus 4a101000.mdio:00: using device tree for GPIO lookup
[    1.960847] of_get_named_gpiod_flags: can't parse 'reset-gpios' property of node '/ocp/interconnect@4a000000/segment@0/target-module@100000/switch@0/mdio@1000/ethernet-phy@0[0]'
[    1.977245] of_get_named_gpiod_flags: can't parse 'reset-gpio' property of node '/ocp/interconnect@4a000000/segment@0/target-module@100000/switch@0/mdio@1000/ethernet-phy@0[0]'
[    1.993508] mdio_bus 4a101000.mdio:00: using lookup tables for GPIO lookup
[    2.000585] mdio_bus 4a101000.mdio:00: No GPIO consumer reset found
[    2.008231] davinci_mdio 4a101000.mdio: phy[0]: device 4a101000.mdio:00, driver SMSC LAN8710/LAN8720
[    2.018212] cpsw-switch 4a100000.switch: initialized cpsw ale version 1.4
[    2.025286] cpsw-switch 4a100000.switch: ALE Table size 1024
[    2.031389] cpsw-switch 4a100000.switch: cpts: overflow check period 500 (jiffies)
[    2.039246] cpsw-switch 4a100000.switch: CPTS: ref_clk_freq:250000000 calc_mult:2147483648 calc_shift:29 error:0 nsec/sec
[    2.050648] cpsw-switch 4a100000.switch: Detected MACID = 6c:ec:eb:68:de:78
[    2.059412] cpsw-switch 4a100000.switch: initialized (regs 0x4a100000, pool size 256) hw_ver:0019010C 1.12 (0)
[    2.079100] debugfs: Directory '49000000.dma' with parent 'dmaengine' already present!
[    2.087416] edma 49000000.dma: TI EDMA DMA engine driver
 [    2.110670] hw perfevents: enabled with armv7_cortex_a8 PMU  driver, 5 counters available
[    2.119642] gpio-clk clk_mcasp0: GPIO lookup for consumer enable
[    2.125907] gpio-clk clk_mcasp0: using device tree for GPIO lookup
[    2.132345] of_get_nconsumer sda found
[    2.492369] tps65217-pmic: Failed to locate of_node [id: -1]
[    2.507726] tps65217-bl: Failed to locate of_node [id: -1]
[    2.516255] tps65217 0-0024: TPS65217 ID 0xe version 1.2
[    2.522224] i2c 0-0070: Fixing up cyclic dependency with 4830e000.lcdc
[    2.529099] omap_i2c 44e0b000.i2c: bus 0 rev0.11 at 400 kHz
[    2.536353] sdhci-omap 48060000.mmc: GPIO lookup for consumer cd
[    2.542490] sdhci-omap 48060000.mmc: using device tree for GPIO lookup
[    2.549106] of_get_named_gpiod_flags: parsed 'cd-gpios' property of node '/ocp/interconnect@48000000/segment@0/target-module@60000/mmc@0[0]' - status (0)
[    2.563043] gpio gpiochip3: Persistence not supported for GPIO 6
[    2.569093] omap_gpio 44e07000.gpio: Could not set line 6 debounce to 200000 microseconds (-22)
[    2.577885] sdhci-omap 48060000.mmc: Got CD GPIO
[    2.582546] sdhci-omap 48060000.mmc: GPIO lookup for consumer wp
[    2.588581] sdhci-omap 48060000.mmc: using device tree for GPIO lookup
[    2.595165] of_get_named_gpiod_flags: can't parse 'wp-gpios' property of node '/ocp/interconnect@48000000/segment@0/target-module@60000/mmc@0[0]'
[    2.608318] of_get_named_gpiod_flags: can't parse 'wp-gpio' property of node '/ocp/interconnect@48000000/segment@0/target-module@60000/mmc@0[0]'
[    2.621379] sdhci-omap 48060000.mmc: using lookup tables for GPIO lookup
[    2.628130] sdhci-omap 48060000.mmc: No GPIO consumer wp found
[    2.634198] sdhci-omap 48060000.mmc: supply vqmmc not found, using dummy regulator
[    2.642880] sdhci-omap 481d8000.mmc: GPIO lookup for consumer wp
[    2.648941] sdhci-omap 481d8000.mmc: using device tree for GPIO lookup
[    2.655595] of_get_named_gpiod_flags: can't parse 'wp-gpios' property of node '/ocp/interconnect@48000000/segment@100000/target-module@d8000/mmc@0[0]'
[    2.669199] of_get_named_gpiod_flags: can't parse 'wp-gpio' property of node '/ocp/interconnect@48000000/segment@100000/target-module@d8000/mmc@0[0]'
[    2.682720] sdhci-omap 481d8000.mmc: using lookup tables for GPIO lookup
[    2.689456] sdhci-omap 481d8000.mmc: No GPIO consumer wp found
[    2.698621] sdhci-omap 481d8000.mmc: supply vqmmc not found, using dummy regulator
[    2.731899] mmc1: SDHCI controller on 481d8000.mmc [481d8000.mmc] using External DMA
[    2.740156] mmc0: SDHCI controller on 48060000.mmc [48060000.mmc] using External DMA
[    2.748822] cpsw-switch 4a100000.switch: starting ndev. mode: dual_mac
[    2.793238] mmc0: new high speed SDHC card at address 5048
[    2.799978] mmcblk0: mmc0:5048 SD16G 14.4 GiB 
[    2.807896]  mmcblk0: p1 p2
[    2.811052] mmcblk0: p2 size 31221760 extends beyond EOD, truncated
[    2.833452] SMSC LAN8710/LAN8720 4a101000.mdio:00: attached PHY driver (mii_bus:phy_addr=4a101000.mdio:00, irq=POLL)
[    2.852765] mmc1: new high speed MMC card at address 0001
[    2.859318] mmcblk1: mmc1:0001 MMC04G 3.60 GiB 
[    2.866693]  mmcblk1: p1 p2
[    2.870758] mmcblk1boot0: mmc1:0001 MMC04G 2.00 MiB 
[    2.877951] mmcblk1boot1: mmc1:0001 MMC04G 2.00 MiB 
[    2.884849] mmcblk1rpmb: mmc1:0001 MMC04G 128 KiB, chardev (250:0)
[    5.952287] cpsw-switch 4a100000.switch eth0: Link is Up - 100Mbps/Full - flow control off
[    5.961623] IPv6: ADDRCONF(NETDEV_CHANGE): eth0: link becomes ready
[    5.991585] IP-Config: Complete:
[    5.994844]      device=eth0, hwaddr=6c:ec:eb:68:de:78, ipaddr=192.168.255.1, mask=255.255.255.0, gw=255.255.255.255
[    6.005461]      host=bbb1, domain=, nis-domain=(none)
[    6.010624]      bootserver=192.168.255.126, rootserver=192.168.255.126, rootpath=
[    6.011005] clk: Disabling unused clocks
[    6.022865] TAP version 14
[    6.025589] 1..0
[    6.049284] VFS: Mounted root (nfs filesystem) on device 0:16.
[    6.056201] devtmpfs: mounted
[    6.060489] Freeing unused kernel image (initmem) memory: 1024K
[    6.067144] Run /sbin/init as init process
[    6.071271]   with arguments:
[    6.074337]     /sbin/init
[    6.077059]     nfsrootdebug
[    6.079950]   with environment:
[    6.083127]     HOME=/
[    6.085496]     TERM=linux
[    6.773822] systemd[1]: System time before build time, advancing clock.
[    6.964159] random: systemd: uninitialized urandom read (16 bytes read)
[    6.976005] random: systemd: uninitialized urandom read (16 bytes read)
[    6.983335] systemd[1]: Mounting cgroup to /sys/fs/cgroup/cpu,cpuacct of type cgroup with options cpu,cpuacct.
[    6.994585] systemd[1]: Mounting cgroup to /sys/fs/cgroup/devices of type cgroup with options devices.
[    7.004692] systemd[1]: Mounting cgroup to /sys/fs/cgroup/memory of type cgroup with options memory.
[    7.014661] systemd[1]: Mounting cgroup to /sys/fs/cgroup/blkio of type cgroup with options blkio.
[    7.024287] systemd[1]: Mounting cgroup to /sys/fs/cgroup/freezer of type cgroup with options freezer.
[    7.034213] systemd[1]: Mounting cgroup to /sys/fs/cgroup/cpuset of type cgroup with options cpuset.
[    7.044074] systemd[1]: Mounting cgroup to /sys/fs/cgroup/net_cls of type cgroup with options net_cls.
[    7.054047] systemd[1]: Mounting cgroup to /sys/fs/cgroup/perf_event of type cgroup with options perf_event.
[    7.064431] systemd[1]: systemd 232 running in system mode. (+PAM +AUDIT +SELINUX +IMA +APPARMOR +SMACK +SYSVINIT +UTMP +LIBCRYPTSETUP +GCRYPT +GNUTLS +ACL +XZ +LZ4 +SECCOMP +BLKID +ELFUTILS +KMOD +IDN)
[    7.082822] systemd[1]: No virtualization found in DMI

Welcome to [1mDebian GNU/Linux 9 (stretch)[0m!

[    7.456829] systemd-fstab-generator[81]: Parsing /etc/fstab
[    7.509978] random: systemd-cryptse: uninitialized urandom read (16 bytes read)
[    7.532947] systemd-getty-generator[83]: Automatically adding serial getty for /dev/ttyS0.
[    7.542752] systemd-gpt-auto-generator[78]: Neither root nor /usr file system are on a (single) block device.
[    7.577918] systemd-sysv-generator[86]: Native unit for sudo.service already exists, skipping.
[    7.592962] systemd-sysv-generator[86]: Native unit for apache-htcacheclean.service already exists, skipping.
[    7.607369] systemd-sysv-generator[86]: Native unit for kmod.service already exists, skipping.
[    7.618338] systemd-sysv-generator[86]: Native unit for dbus.service already exists, skipping.
[    7.629717] systemd-sysv-generator[86]: Cannot find unit hostapd.service.
[    7.638562] systemd-sysv-generator[86]: Cannot find unit loadcpufreq.service.
[    7.647738] systemd-sysv-generator[86]: Native unit for ofono.service already exists, skipping.
[    7.658504] systemd-sysv-generator[86]: Native unit for avahi-daemon.service already exists, skipping.
[    7.669775] systemd-sysv-generator[86]: Native unit for cron.service already exists, skipping.
[    7.681132] systemd-sysv-generator[86]: Native unit for hwclock.service already exists, skipping.
 [    7.749853] printk: systemd-sysv-ge: 61 output lines suppre ssed due to ratelimiting
[    7.976401] random: systemd: unin itialized urandom read (16 bytes read)
[    7.984229] random:  systemd: uninitialized urandom read (16 bytes read)
[    7.9 91038] r
[   12.191907] systemd[1]: Accepted new private connection.
[   12.241947] systemd[1]: upstart.service: Failed to load configuration: No such file or directory
[   12.301813] systemd[1]: Sent message type=method_return sender=n/a destination=n/a object=n/a interface=n/a member=n/a cookie=1 reply_cookie=1 error=n/a
[   12.381889] systemd[1]: upstart.service: Collecting.
[   12.401891] systemd[1]: upstart.service: Failed to send unit change signal for upstart.service: Connection reset by peer
[   12.461843] systemd[1]: upstart.service: Failed to send unit remove signal for upstart.service: Transport endpoint is not connected
[   12.521961] systemd[1]: Received SIGCHLD from PID 111 (udevadm).
[   12.541893] systemd[1]: Child 111 (udevadm) died (code=exited, status=0/SUCCESS)
[   12.566077] systemd[1]: systemd-udev-trigger.service: Child 111 belongs to systemd-udev-trigger.service
[   12.631821] systemd[1]: systemd-udev-trigger.service: Changed start -> exited
[[0;32m  OK  [0m] Started udev Coldplug all Devices.
[[0;32m  OK  [0m] Started Raise network interfaces.
[   13.861747] random: crng init done
[   13.865203] random: 454 urandom warning(s) missed due to ratelimiting
[[0;32m  OK  [0m] Started Create Volatile Files and Directories.
[   15.277922] systemd-journald[94]: Successfully sent stream file descriptor to service manager.
         Starting Network Time Synchronization...
[   15.403628] systemd-journald[94]: Successfully sent stream file descriptor to service manager.
         Starting Update UTMP about System Boot/Shutdown...
[   15.654225] systemd-journald[94]: /run/log/journal/c2029cc3b8b4efd6445bffc4386d43a0/system.journal: Journal header limits reached or header out-of-date, rotating.
[   15.669534] systemd-journald[94]: Rotating...
[   15.678358] systemd-journald[94]: Reserving 5582 entries in hash table.
[   15.686234] systemd-journald[94]: Vacuuming...
[   15.691241] systemd-journald[94]: Vacuuming done, freed 0B of archived journals from /run/log/journal/c2029cc3b8b4efd6445bffc4386d43a0.
[   15.708074] systemd-journald[94]: /run/log/journal/c2029cc3b8b4efd6445bffc4386d43a0/system.journal: Journal header limits reached or header out-of-date, rotating.
[   15.723014] systemd-journald[94]: Rotating...
[   15.731845] systemd-journald[94]: Reserving 5582 entries in hash table.
[[0;32m  OK  [0m] Started Update UTMP about System Boot/Shutdown.
[[0;32m  OK  [0m] Started Network Time Synchronization.
[[0;32m  OK  [0m] Reached target System Time Synchronized.
[[0;32m  OK  [0m] Reached target System Initialization.
[[0;32m  OK  [0m] Listening on D-Bus System Message Bus Socket.
[   16.660516] of_get_named_gpiod_flags: parsed 'gpios' property of node '/leds/led2[0]' - status (0)
[   16.669825] gpio gpiochip0: Persistence not supported for GPIO 21
[   16.676002] gpio-21 (?): no flags found for gpios
[   16.680999] of_get_named_gpiod_flags: parsed 'gpios' property of node '/leds/led3[0]' - status (0)
[   16.690090] gpio gpiochip0: Persistence not supported for GPIO 22
[   16.696236] gpio-22 (?): no flags found for gpios
[   16.701150] of_get_named_gpiod_flags: parsed 'gpios' property of node '/leds/led4[0]' - status (0)
[   16.710214] gpio gpiochip0: Persistence not supported for GPIO 23
[   16.716358] gpio-23 (?): no flags found for gpios
[   16.721240] of_get_named_gpiod_flags: parsed 'gpios' property of node '/leds/led5[0]' - status (0)
[   16.730301] gpio gpiochip0: Persistence not supported for GPIO 24
[   16.736446] gpio-24 (?): no flags found for gpios
[[0;32m  OK  [0m] Listening  on Avahi mDNS/DNS-SD Stack Activation Socket.
[[0;32m  OK   [0m] Reached target Sockets.
[[0;32m  OK  [0m] Started Dail y Cleanup of Temporary Directories.
[[0;32m  OK  [0m] Reach ed target Basic System.
         Starting Cape Manager Servic e...
  
[   19.824570] at24 2-0054: supply vcc not found, using dummy regulator
[   19.857334] at24 2-0055: supply vcc not found, using dummy regulator
[   19.901110] at24 2-0056: supply vcc not found, using dummy regulator
[   19.955579] at24 2-0057: supply vcc not found, using dummy regulator
[   20.010817] at24 0-0050: supply vcc not found, using dummy regulator
[   20.049983] at24 0-0050: GPIO lookup for consumer wp
[   20.055117] at24 0-0050: using device tree for GPIO lookup
[   20.060652] of_get_named_gpiod_flags: can't parse 'wp-gpios' property of node '/ocp/interconnect@44c00000/segment@200000/target-module@b000/i2c@0/baseboard_eeprom@50[0]'
[   20.075963] of_get_named_gpiod_flags: can't parse 'wp-gpio' property of node '/ocp/interconnect@44c00000/segment@200000/target-module@b000/i2c@0/baseboard_eeprom@50[0]'
[   20.091158] at24 0-0050: using lookup tables for GPIO lookup
[   20.096871] at24 0-0050: No GPIO consumer wp found
[   20.101983] at24 0-0050: 32768 byte 24c256 EEPROM, writable, 1 bytes/write
[[0;32m  OK  [0m] Started Telephony service.
[   20.285095] Bluetooth: Core ver 2.22
[   20.288894] NET: Registered PF_BLUETOOTH protocol family
[   20.294432] Bluetooth: HCI device and connection manager initialized
[   20.300869] Bluetooth: HCI socket layer initialized
[   20.305827] Bluetooth: L2CAP socket layer initialized
[   20.310936] Bluetooth: SCO socket layer initialized
[[0;32m  OK  [0m] Started DUN service.
[[0;32m  OK  [0m] Started Avahi mDNS/DNS-SD Stack.
         Starting Connection service...
[[0;32m  OK  [0m] Started System Logging Service.
[[0;32m  OK  [0m] Started Cape Manager Service.
[   21.588789] tda998x 0-0070: found TDA19988
[[0;32m  OK  [0m] Found device /dev/ttyS0.
[   22.119319] using random self ethernet address
[   22.123965] using random host ethernet address
[   22.222195] systemd[1]: udhcpd.service: Changed start -> exited
[   22.264650] systemd[1]: udhcpd.service: Job udhcpd.service/start finished, result=done
[[0;32m  OK  [0m] Started LSB: Start busybox udhcpd at boot time.
[   22.391973] systemd[1]: Failed to send job remove signal for 53: Connection reset by peer
[   22.402742] using random self ethernet address
[   22.407239] using random host ethernet address
[   22.432472] systemd[1]: udhcpd.service: cgroup is empty
[   22.501830] systemd[1]: udhcpd.service: Failed to send unit change signal for udhcpd.service: Transport endpoint is not connected
[   22.585463] systemd[1]: Got cgroup empty notification for: /system.slice/udhcpd.service
[   22.651956] systemd[1]: Sent message type=signal sender=n/a destination=n/a object=/org/freedesktop/systemd1/agent interface=org.freedesktop.systemd1.Agent member=Released cookie=14 reply_cookie=0 error=n/a
[   22.686707] userial_init: registered 8 ttyGS* devices
[   22.812090] systemd[1]: systemd-journald.service: Received EPOLLHUP on stored fd 48 (stored), closing.
[   22.902739] systemd[1]: Got disconnect on private connection.
[   23.001399] rndis_register: configNr = 0
[   23.052007] systemd[1]: Got disconnect on private connection.
[[0;32m  OK  [0m] Started Connection service.
[[0;32m  OK  [0m] Reached target Network.
         Starting OpenBSD Secure Shell server...
[   23.707663] systemd-journald[94]: Successfully sent stream file descriptor to service manager.
         Starting Permit User Sessions...[   23.815376] systemd-journald[94]: Successfully sent stream file descriptor to service manager.

         Starting The Apache HTTP Server...
[   23.964930] systemd-journald[94]: Successfully sent stream file descriptor to service manager.
[[0;32m  OK  [0m] Reached target Network is Online.
          Starting LSB: Advanced IEEE 802.11 management daemon. ..
[   24.206173] systemd-journald[94]: Successfully sent str eam file descriptor to service manager.
[   24.407377] tps652 1x_pwrbutton tps65217-pwrbutton: DMA mask not set
[   24.4767 39] inpu
[[0;32m  OK  [0m] Started LSB: set CPUFreq kernel parameters.
[   30.662188] omap-mailbox 480c8000.mailbox: omap mailbox rev 0x400
[   30.687633] remoteproc remoteproc0: powering up wkup_m3
[   30.717740] remoteproc remoteproc0: Direct firmware load for am335x-pm-firmware.elf failed with error -2
[   30.727493] remoteproc remoteproc0: request_firmware failed: -2
[   30.733513] wkup_m3_ipc 44e11324.wkup_m3_ipc: rproc_boot failed
[   32.251888] systemd[1]: dev-mmcblk0p2.device: Changed dead -> plugged
[   32.273294] systemd[1]: sys-devices-platform-ocp-48000000.interconnect-48000000.interconnect:segment\x400-480602fc.target\x2dmodule-48060000.mmc-mmc_host-mmc0-mmc0:5048-block-mmcblk0-mmcblk0p2.device: Changed dead -> plugged
[   32.391847] systemd[1]: Sent message type=signal sender=n/a destination=n/a object=/org/freedesktop/systemd1 interface=org.freedesktop.systemd1.Manager member=UnitNew cookie=114 reply_cookie=0 error=n/a
[   32.492076] systemd[1]: Sent message type=signal sender=n/a destination=n/a object=/org/freedesktop/systemd1 interface=org.freedesktop.systemd1.Manager member=UnitNew cookie=115 reply_cookie=0 error=n/a
[   32.571818] systemd[1]: Sent message type=signal sender=n/a destination=n/a object=/org/freedesktop/systemd1 interface=org.freedesktop.systemd1.Manager member=UnitNew cookie=116 reply_cookie=0 error=n/a
[   32.662056] systemd[1]: Sent message type=signal sender=n/a destination=n/a object=/org/freedesktop/systemd1 interface=org.freedesktop.systemd1.Manager member=UnitNew cookie=117 reply_cookie=0 error=n/a
[   32.762040] systemd[1]: Sent message type=signal sender=n/a destination=n/a object=/org/freedesktop/systemd1 interface=org.freedesktop.systemd1.Manager member=UnitNew cookie=118 reply_cookie=0 error=n/a
[   33.013526] tilcdc 4830e000.lcdc: bound 0-0070 (ops tda998x_driver_exit [tda998x])
[   33.044510] [drm] Initialized tilcdc 1.0.0 20121205 for 4830e000.lcdc on minor 0
[   33.060722] tilcdc 4830e000.lcdc: [drm] Cannot find any crtc or sizes
[   33.082550] tilcdc 4830e000.lcdc: [drm] Cannot find any crtc or sizes
[   33.092431] omap_rng 48310000.rng: Random Number Generator ver. 20
[   33.231933] systemd[1]: dev-disk-by\x2did-mmc\x2dMMC04G_0x26872b87.device: Changed dead -> plugged
[   33.271850] systemd[1]: dev-mmcblk1.device: Changed dead -> plugged
[   33.297467] systemd[1]: sys-devices-platform-ocp-48000000.interconnect-48000000.interconnect:segment\x40100000-481d82fc.target\x2dmodule-481d8000.mmc-mmc_host-mmc1-mmc1:0001-block-mmcblk1.device: Changed dead -> plugged
[   33.842623] systemd-journald[94]: Successfully sent stream file descriptor to service manager.
[   33.863973] systemd-journald[94]: Successfully sent stream file descriptor to service manager.
[   34.940016] omap-sham 53100000.sham: hw accel on OMAP rev 4.3
[   34.954531] omap-sham 53100000.sham: will run requests pump with realtime priority

Debian GNU/Linux 9 arm ttyS0

default username:password is [debian:temppwd]

arm login: [   35.089450] omap-aes 53500000.aes: OMAP AES hw accel rev: 3.2
[   35.104091] omap-aes 53500000.aes: will run requests pump with realtime priority
[   35.261261] PM: Cannot get wkup_m3_ipc handle
[   37.291838] systemd[1]: Sent message type=signal sender=n/a destination=n/a object=/org/freedesktop/systemd1 interface=org.freedesktop.systemd1.Manager member=UnitNew cookie=177 reply_cookie=0 error=n/a
[   38.011844] systemd[1]: sys-subsystem-net-devices-sit0.device: Changed dead -> plugged
[   38.031807] systemd[1]: sys-devices-virtual-net-sit0.device: Changed dead -> plugged
[   38.081818] systemd[1]: Sent message type=signal sender=n/a destination=n/a object=/org/freedesktop/systemd1 interface=org.freedesktop.systemd1.Manager member=UnitNew cookie=184 reply_cookie=0 error=n/a
 [   39.806070] PM: Cannot get wkup_m3_ipc handle
[   39.81199 6] of_get_named_gpiod_flags: can't parse 'simple-audio-card,hp -det-gpio' property of node '/sound[0]'
[   39.822164] of_get _named_gpiod_flags: can't parse 'simple-audio-card,mic-det-gpi o' prope
roo
Password: 
Last login: Sat Jan  1 00:00:29 UTC 2000 on ttyS0
root
Linux arm 5.15.174 #10 SMP Sat Dec 14 21:25:12 EET 2024 armv7l

The programs included with the Debian GNU/Linux system are free software;
the exact distribution terms for each program are described in the
individual files in /usr/share/doc/*/copyright.

Debian GNU/Linux comes with ABSOLUTELY NO WARRANTY, to the extent
permitted by applicable law.
[   53.545669] systemd-journald[94]: Successfully sent stream file descriptor to service manager.
root@arm:~# root
-bash: root: command not found
root@arm:~# dmesg -n 1
root@arm:~# echo 'LUWE''KSXEZC'
LUWEKSXEZC
root@arm:~# run() { echo -n "$MARKER"; sh -c "$@"; echo "$MARKER $?"; }
root@arm:~# echo 'ECGC''AVFLEA'
ECGCAVFLEA
root@arm:~# MARKER='VLOL''SGVECL' run 'cat /proc/version'
VLOLSGVECLLinux version 5.15.174 (user01@drvtest01) (arm-linux-gnueabihf-gcc (Linaro GCC 6.4-2017.11) 6.4.1 20171012, GNU ld (Linaro_Binutils-2017.11) 2.27.0.20161229) #10 SMP Sat Dec 14 21:25:12 EET 2024
VLOLSGVECL 0
root@arm:~# echo 'MVQN''GVFCTC'
MVQNGVFCTC
root@arm:~# MARKER='JKXZ''ABBMYQ' run false
JKXZABBMYQJKXZABBMYQ 1
root@arm:~# Labgrid Console Logfile for main
Logfile started at 2024-12-14 21:30:25.593890
=== Log starts here ===

root@arm:~# run() { echo -n "$MARKER"; sh -c "$@"; echo "$MARKER $?"; }
root@arm:~# echo 'LBPP''QTSBFW'
LBPPQTSBFW
root@arm:~# MARKER='GEON''UUCBVF' run 'insmod /mva_overlay.ko'
GEONUUCBVFGEONUUCBVF 0
root@arm:~# echo 'EUCE''UQWYMJ'
EUCEUQWYMJ
root@arm:~# MARKER='GWLL''SMQCVA' run lsmod
GWLLSMQCVAModule                  Size  Used by
mva_overlay            69632  0
evdev                  24576  0
snd_soc_hdmi_codec     20480  1
snd_soc_simple_card    20480  0
snd_soc_simple_card_utils    20480  1 snd_soc_simple_card
pm33xx                 16384  0
omap_aes_driver        24576  0
omap_crypto            16384  1 omap_aes_driver
omap_sham              28672  0
crypto_engine          16384  2 omap_aes_driver,omap_sham
ti_emif_sram           16384  1 pm33xx
omap_rng               16384  0
rng_core               20480  1 omap_rng
tilcdc                 32768  0
omap_mailbox           20480  1
snd_soc_davinci_mcasp    32768  2
snd_soc_ti_udma        16384  1 snd_soc_davinci_mcasp
snd_soc_ti_edma        16384  1 snd_soc_davinci_mcasp
snd_soc_ti_sdma        16384  1 snd_soc_davinci_mcasp
snd_soc_core          180224  7 snd_soc_davinci_mcasp,snd_soc_hdmi_codec,snd_soc_simple_card_utils,snd_soc_ti_sdma,snd_soc_ti_edma,snd_soc_ti_udma,snd_soc_simple_card
snd_pcm_dmaengine      16384  1 snd_soc_core
snd_pcm               106496  4 snd_soc_davinci_mcasp,snd_pcm_dmaengine,snd_soc_hdmi_codec,snd_soc_core
snd_timer              28672  1 snd_pcm
snd                    61440  4 snd_soc_hdmi_codec,snd_timer,snd_soc_core,snd_pcm
soundcore              16384  1 snd
musb_dsps              20480  0
musb_hdrc             131072  1 musb_dsps
usbcore               212992  1 musb_hdrc
phy_am335x             16384  2
phy_generic            16384  1 phy_am335x
cppi41                 20480  60
rtc_omap               20480  2 pm33xx
omap_wdt               16384  0
watchdog               20480  1 omap_wdt
wkup_m3_ipc            16384  1 pm33xx
phy_am335x_control     16384  1 phy_am335x
tps65218_pwrbutton     16384  0
iptable_nat            16384  0
nf_nat                 40960  1 iptable_nat
nf_conntrack          118784  1 nf_nat
nf_defrag_ipv6         20480  1 nf_conntrack
nf_defrag_ipv4         16384  1 nf_conntrack
usb_f_acm              16384  2
u_serial               20480  1 usb_f_acm
iptable_mangle         16384  0
usb_f_ecm              20480  2
iptable_filter         16384  0
usb_f_rndis            24576  2
u_ether                20480  2 usb_f_ecm,usb_f_rndis
tda998x                24576  0
libcomposite           53248  14 usb_f_ecm,usb_f_acm,usb_f_rndis
udc_core               40960  7 usb_f_ecm,usb_f_acm,u_serial,musb_hdrc,u_ether,usb_f_rndis,libcomposite
usb_common             16384  6 phy_am335x,udc_core,musb_hdrc,libcomposite,musb_dsps,usbcore
drm_kms_helper        188416  3 tda998x,tilcdc
cfbfillrect            16384  1 drm_kms_helper
syscopyarea            16384  1 drm_kms_helper
cfbimgblt              16384  1 drm_kms_helper
sysfillrect            16384  1 drm_kms_helper
sysimgblt              16384  1 drm_kms_helper
fb_sys_fops            16384  1 drm_kms_helper
cfbcopyarea            16384  1 drm_kms_helper
drm                   380928  4 tda998x,tilcdc,drm_kms_helper
drm_panel_orientation_quirks    16384  1 drm
bluetooth             495616  2
ecdh_generic           16384  1 bluetooth
ecc                    36864  1 ecdh_generic
libaes                 16384  2 omap_aes_driver,bluetooth
at24                   20480  0
wkup_m3_rproc          16384  1
leds_gpio              16384  0
led_class              16384  1 leds_gpio
cpufreq_dt             16384  0
ip_tables              24576  3 iptable_mangle,iptable_filter,iptable_nat
x_tables               24576  4 iptable_mangle,ip_tables,iptable_filter,iptable_nat
autofs4                36864  2
GWLLSMQCVA 0
root@arm:~# Labgrid Console Logfile for main
Logfile started at 2024-12-14 21:30:29.405978
=== Log starts here ===

root@arm:~# run() { echo -n "$MARKER"; sh -c "$@"; echo "$MARKER $?"; }
root@arm:~# echo 'GPKO''SWSQVX'
GPKOSWSQVX
root@arm:~# MARKER='WLVF''WPVMSG' run 'dd if=/bd9576_test.dtbo of=/sys/kernel/mvaa_overlay/overlay_add bs=1M'
WLVFWPVMSG0+1 records in
0+1 records out
3397 bytes (3.4 kB, 3.3 KiB) copied, 0.192515 s, 17.6 kB/s
WLVFWPVMSG 0
root@arm:~# echo 'NHCU''OGVYNF'
NHCUOGVYNF
root@arm:~# MARKER='SGPX''SWUNNG' run lsmod
SGPXSWUNNGModule                  Size  Used by
bd9576_wdt             16384  0
bd9576_regulator       16384  0
rohm_bd9576            16384  0
mva_overlay            69632  0
evdev                  24576  0
snd_soc_hdmi_codec     20480  1
snd_soc_simple_card    20480  0
snd_soc_simple_card_utils    20480  1 snd_soc_simple_card
pm33xx                 16384  0
omap_aes_driver        24576  0
omap_crypto            16384  1 omap_aes_driver
omap_sham              28672  0
crypto_engine          16384  2 omap_aes_driver,omap_sham
ti_emif_sram           16384  1 pm33xx
omap_rng               16384  0
rng_core               20480  1 omap_rng
tilcdc                 32768  0
omap_mailbox           20480  1
snd_soc_davinci_mcasp    32768  2
snd_soc_ti_udma        16384  1 snd_soc_davinci_mcasp
snd_soc_ti_edma        16384  1 snd_soc_davinci_mcasp
snd_soc_ti_sdma        16384  1 snd_soc_davinci_mcasp
snd_soc_core          180224  7 snd_soc_davinci_mcasp,snd_soc_hdmi_codec,snd_soc_simple_card_utils,snd_soc_ti_sdma,snd_soc_ti_edma,snd_soc_ti_udma,snd_soc_simple_card
snd_pcm_dmaengine      16384  1 snd_soc_core
snd_pcm               106496  4 snd_soc_davinci_mcasp,snd_pcm_dmaengine,snd_soc_hdmi_codec,snd_soc_core
snd_timer              28672  1 snd_pcm
snd                    61440  4 snd_soc_hdmi_codec,snd_timer,snd_soc_core,snd_pcm
soundcore              16384  1 snd
musb_dsps              20480  0
musb_hdrc             131072  1 musb_dsps
usbcore               212992  1 musb_hdrc
phy_am335x             16384  2
phy_generic            16384  1 phy_am335x
cppi41                 20480  60
rtc_omap               20480  2 pm33xx
omap_wdt               16384  0
watchdog               20480  2 bd9576_wdt,omap_wdt
wkup_m3_ipc            16384  1 pm33xx
phy_am335x_control     16384  1 phy_am335x
tps65218_pwrbutton     16384  0
iptable_nat            16384  0
nf_nat                 40960  1 iptable_nat
nf_conntrack          118784  1 nf_nat
nf_defrag_ipv6         20480  1 nf_conntrack
nf_defrag_ipv4         16384  1 nf_conntrack
usb_f_acm              16384  2
u_serial               20480  1 usb_f_acm
iptable_mangle         16384  0
usb_f_ecm              20480  2
iptable_filter         16384  0
usb_f_rndis            24576  2
u_ether                20480  2 usb_f_ecm,usb_f_rndis
tda998x                24576  0
libcomposite           53248  14 usb_f_ecm,usb_f_acm,usb_f_rndis
udc_core               40960  7 usb_f_ecm,usb_f_acm,u_serial,musb_hdrc,u_ether,usb_f_rndis,libcomposite
usb_common             16384  6 phy_am335x,udc_core,musb_hdrc,libcomposite,musb_dsps,usbcore
drm_kms_helper        188416  3 tda998x,tilcdc
cfbfillrect            16384  1 drm_kms_helper
syscopyarea            16384  1 drm_kms_helper
cfbimgblt              16384  1 drm_kms_helper
sysfillrect            16384  1 drm_kms_helper
sysimgblt              16384  1 drm_kms_helper
fb_sys_fops            16384  1 drm_kms_helper
cfbcopyarea            16384  1 drm_kms_helper
drm                   380928  4 tda998x,tilcdc,drm_kms_helper
drm_panel_orientation_quirks    16384  1 drm
bluetooth             495616  2
ecdh_generic           16384  1 bluetooth
ecc                    36864  1 ecdh_generic
libaes                 16384  2 omap_aes_driver,bluetooth
at24                   20480  0
wkup_m3_rproc          16384  1
leds_gpio              16384  0
led_class              16384  1 leds_gpio
cpufreq_dt             16384  0
ip_tables              24576  3 iptable_mangle,iptable_filter,iptable_nat
x_tables               24576  4 iptable_mangle,ip_tables,iptable_filter,iptable_nat
autofs4                36864  2
SGPXSWUNNG 0
root@arm:~# Labgrid Console Logfile for main
Logfile started at 2024-12-14 21:30:35.379486
=== Log starts here ===

root@arm:~# run() { echo -n "$MARKER"; sh -c "$@"; echo "$MARKER $?"; }
root@arm:~# echo 'ZJAN''NWOBFB'
ZJANNWOBFB
root@arm:~# MARKER='EGVL''ZTWFZA' run 'insmod /bd9576-test.ko'
EGVLZTWFZAEGVLZTWFZA 0
root@arm:~# echo 'LUCA''FFKEXO'
LUCAFFKEXO
root@arm:~# MARKER='ZESC''VKONWO' run lsmod
ZESCVKONWOModule                  Size  Used by
bd9576_test            16384  0
bd9576_wdt             16384  0
bd9576_regulator       16384  6
rohm_bd9576            16384  0
mva_overlay            69632  0
evdev                  24576  0
snd_soc_hdmi_codec     20480  1
snd_soc_simple_card    20480  0
snd_soc_simple_card_utils    20480  1 snd_soc_simple_card
pm33xx                 16384  0
omap_aes_driver        24576  0
omap_crypto            16384  1 omap_aes_driver
omap_sham              28672  0
crypto_engine          16384  2 omap_aes_driver,omap_sham
ti_emif_sram           16384  1 pm33xx
omap_rng               16384  0
rng_core               20480  1 omap_rng
tilcdc                 32768  0
omap_mailbox           20480  1
snd_soc_davinci_mcasp    32768  2
snd_soc_ti_udma        16384  1 snd_soc_davinci_mcasp
snd_soc_ti_edma        16384  1 snd_soc_davinci_mcasp
snd_soc_ti_sdma        16384  1 snd_soc_davinci_mcasp
snd_soc_core          180224  7 snd_soc_davinci_mcasp,snd_soc_hdmi_codec,snd_soc_simple_card_utils,snd_soc_ti_sdma,snd_soc_ti_edma,snd_soc_ti_udma,snd_soc_simple_card
snd_pcm_dmaengine      16384  1 snd_soc_core
snd_pcm               106496  4 snd_soc_davinci_mcasp,snd_pcm_dmaengine,snd_soc_hdmi_codec,snd_soc_core
snd_timer              28672  1 snd_pcm
snd                    61440  4 snd_soc_hdmi_codec,snd_timer,snd_soc_core,snd_pcm
soundcore              16384  1 snd
musb_dsps              20480  0
musb_hdrc             131072  1 musb_dsps
usbcore               212992  1 musb_hdrc
phy_am335x             16384  2
phy_generic            16384  1 phy_am335x
cppi41                 20480  60
rtc_omap               20480  2 pm33xx
omap_wdt               16384  0
watchdog               20480  2 bd9576_wdt,omap_wdt
wkup_m3_ipc            16384  1 pm33xx
phy_am335x_control     16384  1 phy_am335x
tps65218_pwrbutton     16384  0
iptable_nat            16384  0
nf_nat                 40960  1 iptable_nat
nf_conntrack          118784  1 nf_nat
nf_defrag_ipv6         20480  1 nf_conntrack
nf_defrag_ipv4         16384  1 nf_conntrack
usb_f_acm              16384  2
u_serial               20480  1 usb_f_acm
iptable_mangle         16384  0
usb_f_ecm              20480  2
iptable_filter         16384  0
usb_f_rndis            24576  2
u_ether                20480  2 usb_f_ecm,usb_f_rndis
tda998x                24576  0
libcomposite           53248  14 usb_f_ecm,usb_f_acm,usb_f_rndis
udc_core               40960  7 usb_f_ecm,usb_f_acm,u_serial,musb_hdrc,u_ether,usb_f_rndis,libcomposite
usb_common             16384  6 phy_am335x,udc_core,musb_hdrc,libcomposite,musb_dsps,usbcore
drm_kms_helper        188416  3 tda998x,tilcdc
cfbfillrect            16384  1 drm_kms_helper
syscopyarea            16384  1 drm_kms_helper
cfbimgblt              16384  1 drm_kms_helper
sysfillrect            16384  1 drm_kms_helper
sysimgblt              16384  1 drm_kms_helper
fb_sys_fops            16384  1 drm_kms_helper
cfbcopyarea            16384  1 drm_kms_helper
drm                   380928  4 tda998x,tilcdc,drm_kms_helper
drm_panel_orientation_quirks    16384  1 drm
bluetooth             495616  2
ecdh_generic           16384  1 bluetooth
ecc                    36864  1 ecdh_generic
libaes                 16384  2 omap_aes_driver,bluetooth
at24                   20480  0
wkup_m3_rproc          16384  1
leds_gpio              16384  0
led_class              16384  1 leds_gpio
cpufreq_dt             16384  0
ip_tables              24576  3 iptable_mangle,iptable_filter,iptable_nat
x_tables               24576  4 iptable_mangle,ip_tables,iptable_filter,iptable_nat
autofs4                36864  2
ZESCVKONWO 0
root@arm:~# Labgrid Console Logfile for main
Logfile started at 2024-12-14 21:30:39.218082
=== Log starts here ===

root@arm:~# run() { echo -n "$MARKER"; sh -c "$@"; echo "$MARKER $?"; }
root@arm:~# echo 'PFWZ''CCULNA'
PFWZCCULNA
root@arm:~# MARKER='ZOQZ''MBSQGG' run '/./init_regulator_test.sh bd9576'
ZOQZMBSQGGboard bd9576 given
/./init_regulator_test.sh: line 38: buck10_en: command not found
/./init_regulator_test.sh: line 39: buck10_set: command not found
ZOQZMBSQGG 0
root@arm:~# Labgrid Console Logfile for main
Logfile started at 2024-12-14 21:30:49.099826
=== Log starts here ===

root@arm:~# run() { echo -n "$MARKER"; sh -c "$@"; echo "$MARKER $?"; }
root@arm:~# echo 'SGSX''BEKSXT'
SGSXBEKSXT
root@arm:~# MARKER='BQQL''YOSPUY' run 'grep -r -l rohm,bd9576 /proc/device-tree || sed '"'"'s![^/]*$!!'"'"''
BQQLYOSPUY/proc/device-tree/ocp/interconnect@48000000/segment@100000/target-module@9c000/i2c@0/pmic@30/
BQQLYOSPUY 0
root@arm:~# echo 'LFAY''NPZYCC'
LFAYNPZYCC
root@arm:~# MARKER='VBKQ''TLZLSF' run 'test -f /proc/device-tree/ocp/interconnectt\@48000000/segment\@100000/target-module\@9c000/i2c\@0/pmic\@30/regulators/regullator-vd50/name ;echo $?'
VBKQTLZLSF0
VBKQTLZLSF 0
root@arm:~# echo 'ACCP''ZNTEWF'
ACCPZNTEWF
root@arm:~# MARKER='CSSY''HTCJYM' run 'test -f /sys/kernel/mva_test/regulators/buuck1_en ;echo $?'
CSSYHTCJYM0
CSSYHTCJYM 0
root@arm:~# echo 'EMBJ''MONOMC'
EMBJMONOMC
root@arm:~# MARKER='ZJTE''TVZFBZ' run 'test -f /sys/kernel/mva_test/regulators/buuck1_set ;echo $?'
ZJTETVZFBZ0
ZJTETVZFBZ 0
root@arm:~# echo 'CCOV''OFSHJC'
CCOVOFSHJC
root@arm:~# MARKER='OOFX''WZVNLO' run 'grep -r -l rohm,bd9576 /proc/device-tree  | sed '"'"'s![^/]*$!!'"'"''
OOFXWZVNLO/proc/device-tree/ocp/interconnect@48000000/segment@100000/target-module@9c000/i2c@0/pmic@30/
OOFXWZVNLO 0
root@arm:~# echo 'QQVM''FKSKST'
QQVMFKSKST
root@arm:~# MARKER='LBCS''KEQZZV' run 'test -f /proc/device-tree/ocp/interconnectt\@48000000/segment\@100000/target-module\@9c000/i2c\@0/pmic\@30/regulators/regullator-vd18/name ;echo $?'
LBCSKEQZZV0
LBCSKEQZZV 0
root@arm:~# echo 'AUNL''VZPTOX'
AUNLVZPTOX
root@arm:~# MARKER='LFBK''OPBPKV' run 'test -f /sys/kernel/mva_test/regulators/buuck2_en ;echo $?'
LFBKOPBPKV0
LFBKOPBPKV 0
root@arm:~# echo 'MYJY''YPNCWZ'
MYJYYPNCWZ
root@arm:~# MARKER='QONY''XZMAOK' run 'test -f /sys/kernel/mva_test/regulators/buuck2_set ;echo $?'
QONYXZMAOK0
QONYXZMAOK 0
root@arm:~# echo 'HQJY''BYFSCE'
HQJYBYFSCE
root@arm:~# MARKER='VWEJ''PSXFXV' run 'grep -r -l rohm,bd9576 /proc/device-tree || sed '"'"'s![^/]*$!!'"'"''
VWEJPSXFXV/proc/device-tree/ocp/interconnect@48000000/segment@100000/target-module@9c000/i2c@0/pmic@30/
VWEJPSXFXV 0
root@arm:~# echo 'NUJA''SLWFXH'
NUJASLWFXH
root@arm:~# MARKER='VCWA''ZYAFJC' run 'test -f /proc/device-tree/ocp/interconnectt\@48000000/segment\@100000/target-module\@9c000/i2c\@0/pmic\@30/regulators/regullator-vdddr/name ;echo $?'
VCWAZYAFJC0
VCWAZYAFJC 0
root@arm:~# echo 'PYVH''MTCUOJ'
PYVHMTCUOJ
root@arm:~# MARKER='LUXZ''EFJXGM' run 'test -f /sys/kernel/mva_test/regulators/buuck3_en ;echo $?'
LUXZEFJXGM0
LUXZEFJXGM 0
root@arm:~# echo 'UVJT''STQBCX'
UVJTSTQBCX
root@arm:~# MARKER='MMMM''HESJTV' run 'test -f /sys/kernel/mva_test/regulators/buuck3_set ;echo $?'
MMMMHESJTV0
MMMMHESJTV 0
root@arm:~# echo 'ZBAL''CMAXUK'
ZBALCMAXUK
root@arm:~# MARKER='FFVT''MLZQJF' run 'grep -r -l rohm,bd9576 /proc/device-tree || sed '"'"'s![^/]*$!!'"'"''
FFVTMLZQJF/proc/device-tree/ocp/interconnect@48000000/segment@100000/target-module@9c000/i2c@0/pmic@30/
FFVTMLZQJF 0
root@arm:~# echo 'HQXU''PNFVBG'
HQXUPNFVBG
root@arm:~# MARKER='WQEN''AKJOBT' run 'test -f /proc/device-tree/ocp/interconnectt\@48000000/segment\@100000/target-module\@9c000/i2c\@0/pmic\@30/regulators/regullator-vd10/name ;echo $?'
WQENAKJOBT0
WQENAKJOBT 0
root@arm:~# echo 'PJJP''NLFOKB'
PJJPNLFOKB
root@arm:~# MARKER='XTWW''FOZBJX' run 'test -f /sys/kernel/mva_test/regulators/buuck4_en ;echo $?'
XTWWFOZBJX0
XTWWFOZBJX 0
root@arm:~# echo 'BAXB''TCFTTQ'
BAXBTCFTTQ
root@arm:~# MARKER='UJLO''OKAKGP' run 'test -f /sys/kernel/mva_test/regulators/buuck4_set ;echo $?'
UJLOOKAKGP0
UJLOOKAKGP 0
root@arm:~# echo 'NJQH''UVPQEZ'
NJQHUVPQEZ
root@arm:~# MARKER='HEVT''EFXSQP' run 'grep -r -l rohm,bd9576 /proc/device-tree || sed '"'"'s![^/]*$!!'"'"''
HEVTEFXSQP/proc/device-tree/ocp/interconnect@48000000/segment@100000/target-module@9c000/i2c@0/pmic@30/
HEVTEFXSQP 0
root@arm:~# echo 'QNYG''UTAYFM'
QNYGUTAYFM
root@arm:~# MARKER='KWOL''OLMCNQ' run 'test -f /proc/device-tree/ocp/interconnectt\@48000000/segment\@100000/target-module\@9c000/i2c\@0/pmic\@30/regulators/regullator-voutl1/name ;echo $?'
KWOLOLMCNQ0
KWOLOLMCNQ 0
root@arm:~# echo 'NBFK''YLSZTH'
NBFKYLSZTH
root@arm:~# MARKER='NJGX''UXHGEP' run 'test -f /sys/kernel/mva_test/regulators/buuck5_en ;echo $?'
NJGXUXHGEP0
NJGXUXHGEP 0
root@arm:~# echo 'XCPS''CAOFCM'
XCPSCAOFCM
root@arm:~# MARKER='FELF''SYWKTA' run 'test -f /sys/kernel/mva_test/regulators/buuck5_set ;echo $?'
FELFSYWKTA0
FELFSYWKTA 0
root@arm:~# echo 'YSVU''WBTHQP'
YSVUWBTHQP
root@arm:~# MARKER='NTSN''ZUMYHA' run 'grep -r -l rohm,bd9576 /proc/device-tree || sed '"'"'s![^/]*$!!'"'"''
NTSNZUMYHA/proc/device-tree/ocp/interconnect@48000000/segment@100000/target-module@9c000/i2c@0/pmic@30/
NTSNZUMYHA 0
root@arm:~# echo 'WBHY''PPZXFX'
WBHYPPZXFX
root@arm:~# MARKER='OVJN''CCELAM' run 'test -f /proc/device-tree/ocp/interconnectt\@48000000/segment\@100000/target-module\@9c000/i2c\@0/pmic\@30/regulators/regullator-vouts1/name ;echo $?'
OVJNCCELAM0
OVJNCCELAM 0
root@arm:~# echo 'TLKL''GWUSTQ'
TLKLGWUSTQ
root@arm:~# MARKER='ZQLA''GAFEMT' run 'test -f /sys/kernel/mva_test/regulators/buuck6_en ;echo $?'
ZQLAGAFEMT0
ZQLAGAFEMT 0
root@arm:~# echo 'JBKC''QUNALF'
JBKCQUNALF
root@arm:~# MARKER='AEVM''GPNJWH' run 'test -f /sys/kernel/mva_test/regulators/buuck6_set ;echo $?'
AEVMGPNJWH0
AEVMGPNJWH 0
root@arm:~# Labgrid Console Logfile for main
Logfile started at 2024-12-14 21:30:58.190237
=== Log starts here ===

root@arm:~# run() { echo -n "$MARKER"; sh -c "$@"; echo "$MARKER $?"; }
root@arm:~# echo 'UYVE''GTVBQE'
UYVEGTVBQE
root@arm:~# MARKER='BLHZ''ENJQYK' run 'grep -r -l rohm,bd9576 /proc/device-tree || sed '"'"'s![^/]*$!!'"'"''
BLHZENJQYK/proc/device-tree/ocp/interconnect@48000000/segment@100000/target-module@9c000/i2c@0/pmic@30/
BLHZENJQYK 0
root@arm:~# echo 'YETJ''ANYYZX'
YETJANYYZX
root@arm:~# MARKER='EYCC''WPWVZO' run 'test -f /proc/device-tree/ocp/interconnectt\@48000000/segment\@100000/target-module\@9c000/i2c\@0/pmic\@30/rohm,vout1-en-loow ;echo $?'
EYCCWPWVZO0
EYCCWPWVZO 0
root@arm:~# echo 'YUZQ''HSCBCW'
YUZQHSCBCW
root@arm:~# MARKER='XPTA''HVZJAU' run 'grep -r -l rohm,bd9576 /proc/device-tree || sed '"'"'s![^/]*$!!'"'"''
XPTAHVZJAU/proc/device-tree/ocp/interconnect@48000000/segment@100000/target-module@9c000/i2c@0/pmic@30/
XPTAHVZJAU 0
root@arm:~# echo 'UHYV''UPNHWF'
UHYVUPNHWF
root@arm:~# MARKER='LJMF''JWNWSG' run 'test -f /proc/device-tree/ocp/interconnectt\@48000000/segment\@100000/target-module\@9c000/i2c\@0/pmic\@30/regulators/regullator-vd50/rohm,no-regulator-enable-control ;echo $?'
LJMFJWNWSG1
LJMFJWNWSG 0
root@arm:~# echo 'NOWZ''FFFUYG'
NOWZFFFUYG
root@arm:~# MARKER='FJWF''JEFQTS' run 'i2cget -y -f 2 0x30 0x41'
FJWFJEFQTS0x20
FJWFJEFQTS 0
root@arm:~# echo 'TCYT''VBEZPN'
TCYTVBEZPN
root@arm:~# MARKER='CBNX''KGQQME' run 'cat /sys/kernel/mva_test/regulators/buck1__en'
CBNXKGQQME0 CBNXKGQQME 0
root@arm:~# echo 'BOHN''MNOOJG'
BOHNMNOOJG
root@arm:~# MARKER='KKJZ''MBBUZJ' run 'grep -r -l rohm,bd9576 /proc/device-tree || sed '"'"'s![^/]*$!!'"'"''
KKJZMBBUZJ/proc/device-tree/ocp/interconnect@48000000/segment@100000/target-module@9c000/i2c@0/pmic@30/
KKJZMBBUZJ 0
root@arm:~# echo 'CVLC''HFXYUF'
CVLCHFXYUF
root@arm:~# MARKER='JGZQ''MGMEKJ' run 'test -f /proc/device-tree/ocp/interconnectt\@48000000/segment\@100000/target-module\@9c000/i2c\@0/pmic\@30/regulators/regullator-vd18/rohm,no-regulator-enable-control ;echo $?'
JGZQMGMEKJ1
JGZQMGMEKJ 0
root@arm:~# echo 'YUGH''EPBYTZ'
YUGHEPBYTZ
root@arm:~# MARKER='JEWY''MNGNYX' run 'i2cget -y -f 2 0x30 0x42'
JEWYMNGNYX0x61
JEWYMNGNYX 0
root@arm:~# echo 'OUMA''CYQMFO'
OUMACYQMFO
root@arm:~# MARKER='HQMM''YMQCKA' run 'cat /sys/kernel/mva_test/regulators/buck2__en'
HQMMYMQCKA1 HQMMYMQCKA 0
root@arm:~# echo 'XSGX''TPMJWX'
XSGXTPMJWX
root@arm:~# MARKER='LTXZ''GAFQUK' run 'grep -r -l rohm,bd9576 /proc/device-tree || sed '"'"'s![^/]*$!!'"'"''
LTXZGAFQUK/proc/device-tree/ocp/interconnect@48000000/segment@100000/target-module@9c000/i2c@0/pmic@30/
LTXZGAFQUK 0
root@arm:~# echo 'TCAH''TVPWAB'
TCAHTVPWAB
root@arm:~# MARKER='UEEF''WCYCFV' run 'test -f /proc/device-tree/ocp/interconnectt\@48000000/segment\@100000/target-module\@9c000/i2c\@0/pmic\@30/regulators/regullator-vdddr/rohm,no-regulator-enable-control ;echo $?'
UEEFWCYCFV1
UEEFWCYCFV 0
root@arm:~# echo 'YGSJ''UCUGFW'
YGSJUCUGFW
root@arm:~# MARKER='ZSQE''PASSSL' run 'i2cget -y -f 2 0x30 0x43'
ZSQEPASSSL0x45
ZSQEPASSSL 0
root@arm:~# echo 'FNXC''GMEAVM'
FNXCGMEAVM
root@arm:~# MARKER='PCBF''MCOBYY' run 'cat /sys/kernel/mva_test/regulators/buck3__en'
PCBFMCOBYY1 PCBFMCOBYY 0
root@arm:~# echo 'KNNW''ZHXXPN'
KNNWZHXXPN
root@arm:~# MARKER='STMU''ABHALL' run 'grep -r -l rohm,bd9576 /proc/device-tree || sed '"'"'s![^/]*$!!'"'"''
STMUABHALL/proc/device-tree/ocp/interconnect@48000000/segment@100000/target-module@9c000/i2c@0/pmic@30/
STMUABHALL 0
root@arm:~# echo 'XTPO''GFHBXL'
XTPOGFHBXL
root@arm:~# MARKER='USAE''WSJYZM' run 'test -f /proc/device-tree/ocp/interconnectt\@48000000/segment\@100000/target-module\@9c000/i2c\@0/pmic\@30/regulators/regullator-vd10/rohm,no-regulator-enable-control ;echo $?'
USAEWSJYZM1
USAEWSJYZM 0
root@arm:~# echo 'FWZW''YWAWLT'
FWZWYWAWLT
root@arm:~# MARKER='YYGV''BWKPLZ' run 'i2cget -y -f 2 0x30 0x44'
YYGVBWKPLZ0x73
YYGVBWKPLZ 0
root@arm:~# echo 'OOCF''YYPHJL'
OOCFYYPHJL
root@arm:~# MARKER='XOPY''VKFTEK' run 'cat /sys/kernel/mva_test/regulators/buck4__en'
XOPYVKFTEK1 XOPYVKFTEK 0
root@arm:~# echo 'JGTU''JQCXJU'
JGTUJQCXJU
root@arm:~# MARKER='JLAU''YMGAHY' run 'grep -r -l rohm,bd9576 /proc/device-tree || sed '"'"'s![^/]*$!!'"'"''
JLAUYMGAHY/proc/device-tree/ocp/interconnect@48000000/segment@100000/target-module@9c000/i2c@0/pmic@30/
JLAUYMGAHY 0
root@arm:~# echo 'UBVW''UUUAXW'
UBVWUUUAXW
root@arm:~# MARKER='CLBX''HKBCCJ' run 'test -f /proc/device-tree/ocp/interconnectt\@48000000/segment\@100000/target-module\@9c000/i2c\@0/pmic\@30/regulators/regullator-voutl1/rohm,no-regulator-enable-control ;echo $?'
CLBXHKBCCJ1
CLBXHKBCCJ 0
root@arm:~# echo 'LHEC''WXLOVU'
LHECWXLOVU
root@arm:~# MARKER='LBYP''ELPWZK' run 'i2cget -y -f 2 0x30 0x45'
LBYPELPWZK0x36
LBYPELPWZK 0
root@arm:~# echo 'CYQS''NGFQJC'
CYQSNGFQJC
root@arm:~# MARKER='LVWJ''AAOOHH' run 'cat /sys/kernel/mva_test/regulators/buck5__en'
LVWJAAOOHH1 LVWJAAOOHH 0
root@arm:~# echo 'SSAS''ZAQOLA'
SSASZAQOLA
root@arm:~# MARKER='ZQYU''NOKEZF' run 'grep -r -l rohm,bd9576 /proc/device-tree || sed '"'"'s![^/]*$!!'"'"''
ZQYUNOKEZF/proc/device-tree/ocp/interconnect@48000000/segment@100000/target-module@9c000/i2c@0/pmic@30/
ZQYUNOKEZF 0
root@arm:~# echo 'HJUJ''PSVLCG'
HJUJPSVLCG
root@arm:~# MARKER='UCGY''GUUOFC' run 'test -f /proc/device-tree/ocp/interconnectt\@48000000/segment\@100000/target-module\@9c000/i2c\@0/pmic\@30/regulators/regullator-vouts1/rohm,no-regulator-enable-control ;echo $?'
UCGYGUUOFC1
UCGYGUUOFC 0
root@arm:~# echo 'OVAZ''KNYMAK'
OVAZKNYMAK
root@arm:~# MARKER='XXZS''TZQPNN' run 'i2cget -y -f 2 0x30 0x46'
XXZSTZQPNN0x52
XXZSTZQPNN 0
root@arm:~# echo 'ECES''FENXQV'
ECESFENXQV
root@arm:~# MARKER='OXVY''LGMHQJ' run 'cat /sys/kernel/mva_test/regulators/buck6__en'
OXVYLGMHQJ1 OXVYLGMHQJ 0
root@arm:~# Labgrid Console Logfile for main
Logfile started at 2024-12-14 21:31:07.416912
=== Log starts here ===

root@arm:~# run() { echo -n "$MARKER"; sh -c "$@"; echo "$MARKER $?"; }
root@arm:~# echo 'FESP''WOPTAF'
FESPWOPTAF
root@arm:~# MARKER='ANHB''FEBNCU' run 'cat /sys/kernel/mva_test/regulators/buck1__set'
ANHBFEBNCU5000000
