Labgrid Console Logfile for main
Logfile started at 2025-08-20 20:11:56.183560
=== Log starts here ===
reading args
spl_load_image_fat_os: error reading image args, err - -1
reading u-boot.img
reading u-boot.img


U-Boot 2014.04-00014-g47880f5 (Apr 22 2014 - 13:23:54)

I2C:   ready
DRAM:  512 MiB
NAND:  0 MiB
MMC:   OMAP SD/MMC: 0, OMAP SD/MMC: 1
*** Warning - readenv() failed, using default environment

Net:   <ethaddr> not set. Validating first E-fuse MAC
cpsw, usb_ether
Hit any key to stop autoboot:  1  0 
gpio: pin 53 (gpio 53) value is 1
mmc0 is current device
gpio: pin 54 (gpio 54) value is 1
SD/MMC found on device 0
reading uEnv.txt
569 bytes read in 3 ms (184.6 KiB/s)
gpio: pin 55 (gpio 55) value is 1
Loaded environment from uEnv.txt
Importing environment from mmc ...
Checking if uenvcmd is set ...
gpio: pin 56 (gpio 56) value is 1
Running uenvcmd ...
cpsw Waiting for PHY auto negotiation to complete. done
link up on port 0, speed 100, full duplex
Using cpsw device
TFTP from server 192.168.255.126; our IP address is 192.168.255.1
Filename 'zImage'.
Load address: 0x81000000
Loading: *#################################################################
	 #################################################################
	 #################################################################
	 #################################################################
	 #################################################################
	 ####################################################
	 2.4 MiB/s
done
Bytes transferred = 5526552 (545418 hex)
link up on port 0, speed 100, full duplex
Using cpsw device
TFTP from server 192.168.255.126; our IP address is 192.168.255.1
Filename 'am335x-boneblack.dtb'.
Load address: 0x82000000
Loading: *#######
	 2.2 MiB/s
done
Bytes transferred = 98336 (18020 hex)
Kernel image @ 0x81000000 [ 0x000000 - 0x545418 ]
## Flattened Device Tree blob at 82000000
   Booting using the fdt blob at 0x82000000
   Using Device Tree in place at 82000000, end 8201b01f

Starting kernel ...

[    0.000000] Booting Linux on physical CPU 0x0
[    0.000000] Linux version 6.12.43 (user01@drvtest01) (arm-none-eabi-gcc (Arm GNU Toolchain 14.2.Rel1 (Build arm-14.52)) 14.2.1 20241119, GNU ld (Arm GNU Toolchain 14.2.Rel1 (Build arm-14.52)) 2.43.1.20241119) #1 SMP Wed Aug 20 20:08:05 EEST 2025
[    0.000000] CPU: ARMv7 Processor [413fc082] revision 2 (ARMv7), cr=10c5387d
[    0.000000] CPU: PIPT / VIPT nonaliasing data cache, VIPT aliasing instruction cache
[    0.000000] OF: fdt: Machine model: TI AM335x BeagleBone Black
[    0.000000] Memory policy: Data cache writeback
[    0.000000] cma: Reserved 16 MiB at 0x9e800000 on node -1
[    0.000000] Zone ranges:
[    0.000000]   Normal   [mem 0x0000000080000000-0x000000009fdfffff]
[    0.000000]   HighMem  empty
[    0.000000] Movable zone start for each node
[    0.000000] Early memory node ranges
[    0.000000]   node   0: [mem 0x0000000080000000-0x000000009fdfffff]
[    0.000000] Initmem setup node 0 [mem 0x0000000080000000-0x000000009fdfffff]
[    0.000000] OF: reserved mem: Reserved memory: No reserved-memory node in the DT
[    0.000000] CPU: All CPU(s) started in SVC mode.
[    0.000000] AM335X ES2.1 (sgx neon)
[    0.000000] percpu: Embedded 17 pages/cpu s40396 r8192 d21044 u69632
[    0.000000] Kernel command line: console=ttyO0,115200n8 root=/dev/nfs rw nfsroot=192.168.255.126:/home/user01/nfs,nfsvers=3 ip=192.168.255.1:192.168.255.126::255.255.255.0:bbb1:eth0 nfsrootdebug
[    0.000000] Unknown kernel command line parameters "nfsrootdebug", will be passed to user space.
[    0.000000] Dentry cache hash table entries: 65536 (order: 6, 262144 bytes, linear)
[    0.000000] Inode-cache hash table entries: 32768 (order: 5, 131072 bytes, linear)
[    0.000000] Built 1 zonelists, mobility grouping on.  Total pages: 130560
[    0.000000] mem auto-init: stack:off, heap alloc:off, heap free:off
[    0.000000] SLUB: HWalign=64, Order=0-3, MinObjects=0, CPUs=1, Nodes=1
[    0.000000] rcu: Hierarchical RCU implementation.
[    0.000000] rcu: 	RCU event tracing is enabled.
[    0.000000] rcu: 	RCU restricting CPUs from NR_CPUS=2 to nr_cpu_ids=1.
[    0.000000] rcu: RCU calculated value of scheduler-enlistment delay is 10 jiffies.
[    0.000000] rcu: Adjusting geometry for rcu_fanout_leaf=16, nr_cpu_ids=1
[    0.000000] NR_IRQS: 16, nr_irqs: 16, preallocated irqs: 16
[    0.000000] IRQ: Found an INTC at 0x(ptrval) (revision 5.0) with 128 interrupts
[    0.000000] rcu: srcu_init: Setting srcu_struct sizes based on contention.
[    0.000000] TI gptimer clocksource: always-on /ocp/interconnect@44c00000/segment@200000/target-module@31000
[    0.000002] sched_clock: 32 bits at 24MHz, resolution 41ns, wraps every 89478484971ns
[    0.000027] clocksource: dmtimer: mask: 0xffffffff max_cycles: 0xffffffff, max_idle_ns: 79635851949 ns
[    0.000491] TI gptimer clockevent: 24000000 Hz at /ocp/interconnect@48000000/segment@0/target-module@40000
[    0.002084] Console: colour dummy device 80x30
[    0.002144] WARNING: Your 'console=ttyO0' has been replaced by 'ttyS0'
[    0.002152] This ensures that you still see kernel messages. Please
[    0.002157] update your kernel commandline.
[    0.002199] Calibrating delay loop... 996.14 BogoMIPS (lpj=4980736)
[    0.090537] CPU: Testing write buffer coherency: ok
[    0.090649] CPU0: Spectre v2: using BPIALL workaround
[    0.090659] pid_max: default: 32768 minimum: 301
[    0.090794] LSM: initializing lsm=capability
[    0.090966] Mount-cache hash table entries: 1024 (order: 0, 4096 bytes, linear)
[    0.090985] Mountpoint-cache hash table entries: 1024 (order: 0, 4096 bytes, linear)
[    0.092560] CPU0: thread -1, cpu 0, socket -1, mpidr 0
[    0.094597] Setting up static identity map for 0x80100000 - 0x80100078
[    0.094914] rcu: Hierarchical SRCU implementation.
[    0.094925] rcu: 	Max phase no-delay instances is 1000.
[    0.096693] smp: Bringing up secondary CPUs ...
[    0.096747] smp: Brought up 1 node, 1 CPU
[    0.096759] SMP: Total of 1 processors activated (996.14 BogoMIPS).
[    0.096772] CPU: All CPU(s) started in SVC mode.
[    0.096960] Memory: 480868K/522240K available (11264K kernel code, 1211K rwdata, 2880K rodata, 1024K init, 295K bss, 23360K reserved, 16384K cma-reserved, 0K highmem)
[    0.097759] devtmpfs: initialized
[    0.114048] VFP support v0.3: implementor 41 architecture 3 part 30 variant c rev 3
[    0.114392] clocksource: jiffies: mask: 0xffffffff max_cycles: 0xffffffff, max_idle_ns: 19112604462750000 ns
[    0.114430] futex hash table entries: 256 (order: 2, 16384 bytes, linear)
[    0.115744] pinctrl core: initialized pinctrl subsystem
[    0.117855] NET: Registered PF_NETLINK/PF_ROUTE protocol family
[    0.120880] DMA: preallocated 256 KiB pool for atomic coherent allocations
[    0.121799] audit: initializing netlink subsys (disabled)
[    0.123156] thermal_sys: Registered thermal governor 'fair_share'
[    0.123173] thermal_sys: Registered thermal governor 'step_wise'
[    0.123184] thermal_sys: Registered thermal governor 'user_space'
[    0.123296] audit: type=2000 audit(0.120:1): state=initialized audit_enabled=0 res=1
[    0.123366] cpuidle: using governor menu
[    0.141047] /ocp/interconnect@44c00000/segment@200000/target-module@b000/i2c@0/tda19988@70: Fixed dependency cycle(s) with /ocp/interconnect@48000000/segment@300000/target-module@e000/lcdc@0
[    0.142167] /ocp/interconnect@48000000/segment@300000/target-module@e000/lcdc@0: Fixed dependency cycle(s) with /ocp/interconnect@44c00000/segment@200000/target-module@b000/i2c@0/tda19988@70
[    0.144321] No ATAGs?
[    0.144338] hw-breakpoint: debug architecture 0x4 unsupported.
[    0.146967] kprobes: kprobe jump-optimization is enabled. All kprobes are optimized if possible.
[    0.153937] iommu: Default domain type: Translated
[    0.153960] iommu: DMA domain TLB invalidation policy: strict mode
[    0.161665] SCSI subsystem initialized
[    0.162506] pps_core: LinuxPPS API ver. 1 registered
[    0.162518] pps_core: Software ver. 5.3.6 - Copyright 2005-2007 Rodolfo Giometti <giometti@linux.it>
[    0.162541] PTP clock support registered
[    0.171006] vgaarb: loaded
[    0.171355] clocksource: Switched to clocksource dmtimer
[    0.172020] VFS: Disk quotas dquot_6.6.0
[    0.172062] VFS: Dquot-cache hash table entries: 1024 (order 0, 4096 bytes)
[    0.195860] NET: Registered PF_INET protocol family
[    0.196197] IP idents hash table entries: 8192 (order: 4, 65536 bytes, linear)
[    0.197575] tcp_listen_portaddr_hash hash table entries: 512 (order: 0, 4096 bytes, linear)
[    0.197609] Table-perturb hash table entries: 65536 (order: 6, 262144 bytes, linear)
[    0.197626] TCP established hash table entries: 4096 (order: 2, 16384 bytes, linear)
[    0.197673] TCP bind hash table entries: 4096 (order: 4, 65536 bytes, linear)
[    0.197773] TCP: Hash tables configured (established 4096 bind 4096)
[    0.197892] UDP hash table entries: 256 (order: 1, 8192 bytes, linear)
[    0.197920] UDP-Lite hash table entries: 256 (order: 1, 8192 bytes, linear)
[    0.198087] NET: Registered PF_UNIX/PF_LOCAL protocol family
[    0.199365] RPC: Registered named UNIX socket transport module.
[    0.199386] RPC: Registered udp transport module.
[    0.199392] RPC: Registered tcp transport module.
[    0.199397] RPC: Registered tcp-with-tls transport module.
[    0.199402] RPC: Registered tcp NFSv4.1 backchannel transport module.
[    0.199426] PCI: CLS 0 bytes, default 64
[    0.200808] Initialise system trusted keyrings
[    0.211603] workingset: timestamp_bits=14 max_order=17 bucket_order=3
[    0.212885] NFS: Registering the id_resolver key type
[    0.212959] Key type id_resolver registered
[    0.212966] Key type id_legacy registered
[    0.213016] jffs2: version 2.2. (NAND) (SUMMARY)  Â© 2001-2006 Red Hat, Inc.
[    0.213415] Key type asymmetric registered
[    0.213430] Asymmetric key parser 'x509' registered
[    0.213497] io scheduler mq-deadline registered
[    0.213507] io scheduler kyber registered
[    0.213569] io scheduler bfq registered
[    0.215418] target-module@4b000000:target-module@140000:pmu@0:fck: device ID is greater than 24
[    0.221623] l3-aon-clkctrl:0000:0: failed to disable
[    0.221887] ledtrig-cpu: registered to indicate activity on CPUs
[    0.231987] Serial: 8250/16550 driver, 6 ports, IRQ sharing enabled
[    0.273894] brd: module loaded
[    0.292374] loop: module loaded
[    0.293304] mtdoops: mtd device (mtddev=name/number) must be supplied
[    0.296390] i2c_dev: i2c /dev entries driver
[    0.297373] cpuidle: enable-method property 'ti,am3352' found operations
[    0.297808] sdhci: Secure Digital Host Controller Interface driver
[    0.297818] sdhci: Copyright(c) Pierre Ossman
[    0.297991] sdhci-pltfm: SDHCI platform and OF driver helper
[    0.299443] hw perfevents: enabled with armv7_cortex_a8 PMU driver, 5 (8000000f) counters available
[    0.299946] Initializing XFRM netlink socket
[    0.300080] NET: Registered PF_INET6 protocol family
[    0.305715] l3-aon-clkctrl:0000:0: failed to disable
[    0.313917] Segment Routing with IPv6
[    0.314004] In-situ OAM (IOAM) with IPv6
[    0.314104] sit: IPv6, IPv4 and MPLS over IPv4 tunneling driver
[    0.315036] NET: Registered PF_PACKET protocol family
[    0.315066] NET: Registered PF_KEY protocol family
[    0.315180] Key type dns_resolver registered
[    0.315408] ThumbEE CPU extension supported.
[    0.315428] Registering SWP/SWPB emulation handler
[    0.315945] omap_voltage_late_init: Voltage driver support not added
[    0.316637] SmartReflex Class3 initialized
[    0.353348] Loading compiled-in X.509 certificates
[    0.383458] /ocp/interconnect@44c00000/segment@200000/target-module@b000/i2c@0/tda19988@70: Fixed dependency cycle(s) with /ocp/interconnect@48000000/segment@300000/target-module@e000/lcdc@0
[    0.389583] /ocp/interconnect@44c00000/segment@200000/target-module@b000/i2c@0/tda19988@70: Fixed dependency cycle(s) with /ocp/interconnect@48000000/segment@300000/target-module@e000/lcdc@0
[    0.415955] /ocp/interconnect@44c00000/segment@200000/target-module@b000/i2c@0/tda19988@70: Fixed dependency cycle(s) with /ocp/interconnect@48000000/segment@300000/target-module@e000/lcdc@0
[    0.416786] /ocp/interconnect@44c00000/segment@200000/target-module@b000/i2c@0/tda19988@70: Fixed dependency cycle(s) with /ocp/interconnect@48000000/segment@300000/target-module@e000/lcdc@0
[    0.419996] /ocp/interconnect@44c00000/segment@200000/target-module@10000/scm@0/pinmux@800: Fixed dependency cycle(s) with /ocp/interconnect@44c00000/segment@200000/target-module@10000/scm@0/pinmux@800/clkout2-pins
[    0.420634] pinctrl-single 44e10800.pinmux: 142 pins, size 568
[    0.425864] ti-sysc 44e31000.target-module: probe with driver ti-sysc failed with error -16
[    0.462903] /ocp/interconnect@48000000/segment@300000/target-module@e000/lcdc@0: Fixed dependency cycle(s) with /ocp/interconnect@44c00000/segment@200000/target-module@b000/i2c@0/tda19988@70
[    0.470309] ti-sysc 48040000.target-module: probe with driver ti-sysc failed with error -16
[    0.507528] OMAP GPIO hardware version 0.1
[    0.541919] omap_i2c 4819c000.i2c: bus 2 rev0.11 at 100 kHz
[    0.570886] 48000000.interconnect:segment@200000:target-module@0:mpu@0:fck: device ID is greater than 24
[    0.571983] /ocp/interconnect@48000000/segment@300000/target-module@e000/lcdc@0: Fixed dependency cycle(s) with /ocp/interconnect@44c00000/segment@200000/target-module@b000/i2c@0/tda19988@70
[    0.574617] /ocp/interconnect@48000000/segment@300000/target-module@e000/lcdc@0: Fixed dependency cycle(s) with /ocp/interconnect@44c00000/segment@200000/target-module@b000/i2c@0/tda19988@70
[    0.575276] /ocp/interconnect@44c00000/segment@200000/target-module@b000/i2c@0/tda19988@70: Fixed dependency cycle(s) with /ocp/interconnect@48000000/segment@300000/target-module@e000/lcdc@0
[    0.575437] /ocp/interconnect@48000000/segment@300000/target-module@e000/lcdc@0: Fixed dependency cycle(s) with /ocp/interconnect@44c00000/segment@200000/target-module@b000/i2c@0/tda19988@70
[    0.586081] sdhci-omap 481d8000.mmc: supply pbias not found, using dummy regulator
[    0.586564] sdhci-omap 481d8000.mmc: supply vqmmc not found, using dummy regulator
[    0.634461] davinci_mdio 4a101000.mdio: davinci mdio revision 1.6, bus freq 1000000
[    0.738727] davinci_mdio 4a101000.mdio: phy[0]: device 4a101000.mdio:00, driver SMSC LAN8710/LAN8720
[    0.73949 9] cpsw-switch 4a100000.switch: initialized cpsw ale version 1.4
[    0.739523] cpsw-switch 4a100000.switch: ALE Table size 1024, Policers 0
[    0.739847] cpsw-switch 4a100000.switch: cpts: overflow check period 500 (jiffies)
[    0.739868] cpsw-switch 4a100000.switch: CPTS: ref_clk_freq:250000000 calc_mult:2147483648 calc_shift:29 error:0 nsec/sec
[    0.739980] cpsw-switch 4a100000.switch: Detected MACID = 6c:ec:eb:68:de:78
[    0.742009] cpsw-switch 4a100000.switch: initialized (regs 0x4a100000,  pool size 256) hw_ver:0019010C 1.12 (0)
[    0.752601] debugfs: Directory '49000000.dma' with parent 'dmaengine' already present!
[    0.752641] edma 49000000.dma: TI EDMA DMA engine driver
[    0.813745] 44e09000.serial: ttyS0 at MMIO 0x44e09000 (irq = 34, base_baud = 3000000) is a 8250
[    0.813832] printk: legacy console [ttyS0] enabled
[    2.292331] tps65217-pmic: Failed to locate of_node [id: -1]
[    2.298392] tps65217-bl: Failed to locate of_node [id: -1]
[    2.309621] tps65217 0-0024: TPS65217 ID 0xe version 1.2
[    2.315754] /ocp/interconnect@48000000/segment@300000/target-module@e000/lcdc@0: Fixed dependency cycle(s) with /ocp/interconnect@44c00000/segment@200000/target-module@b000/i2c@0/tda19988@70
[    2.333104] /ocp/interconnect@44c00000/segment@200000/target-module@b000/i2c@0/tda19988@70: Fixed dependency cycle(s) with /ocp/interconnect@48000000/segment@300000/target-module@e000/lcdc@0
[    2.350452] omap_i2c 44e0b000.i2c: bus 0 rev0.11 at 400 kHz
[    2.358440] omap_gpio 44e07000.gpio: Could not set line 6 debounce to 200000 microseconds (-22)
[    2.367326] sdhci-omap 48060000.mmc: Got CD GPIO
[    2.372366] sdhci-omap 48060000.mmc: supply pbias not found, using dummy regulator
[    2.382267] sdhci-omap 48060000.mmc: supply vqmmc not found, using dummy regulator
[    2.390812] sdhci-omap 481d8000.mmc: supply pbias not found, using dummy regulator
[    2.399413] sdhci-omap 481d8000.mmc: supply vqmmc not found, using dummy regulator
[    2.436951] mmc1: SDHCI controller on 481d8
[    5.682142] cpsw-switch 4a100000.switch eth0: Link is Up - 100Mbps/Full - flow control off
[    5.721593] IP-Config: Complete:
[    5.724870]      device=eth0, hwaddr=6c:ec:eb:68:de:78, ipaddr=192.168.255.1, mask=255.255.255.0, gw=255.255.255.255
[    5.735542]      host=bbb1, domain=, nis-domain=(none)
[    5.740711]      bootserver=192.168.255.126, rootserver=192.168.255.126, rootpath=
[    5.741139] clk: Disabling unused clocks
[    5.752975] PM: genpd: Disabling unused power domains
[    5.758090] KTAP version 1
[    5.760811] 1..0
[    5.784819] VFS: Mounted root (nfs filesystem) on device 0:17.
[    5.791886] devtmpfs: mounted
[    5.796303] Freeing unused kernel image (initmem) memory: 1024K
[    5.803135] Run /sbin/init as init process
[    6.491296] systemd[1]: System time before build time, advancing clock.
[    7.971376] random: crng init done
[    8.012229] systemd[1]: systemd 232 running in system mode. (+PAM +AUDIT +SELINUX +IMA +APPARMOR +SMACK +SYSVINIT +UTMP +LIBCRYPTSETUP +GCRYPT +GNUTLS +ACL +XZ +LZ4 +SECCOMP +BLKID +ELFUTILS +KMOD +IDN)
[    8.031307] systemd[1]: Detected architecture arm.

Welcome to [1mDebian GNU/Linux 9 (stretch)[0m!

[    8.064384] systemd[1]: Set hostname to <arm>.
[    9.163690] systemd[1]: Listening on Journal Socket.
[[0;32m  OK  [0m] Listening on Journal Socket.
[    9.182161] systemd[1]: Listening on Syslog Socket.
[[0;32m  OK  [0m] Listening on Syslog Socket.
[    9.213141] systemd[1]: Created slice User and Session Slice.
[[0;32m  OK  [0m] Created slice User and Session Slice.
[    9.242260] systemd[1]: Started Forward Password Requests to Wall Directory Watch.
[[0;32m  OK  [0m] Started Forward Password Requests to Wall Directory Watch.
[    9.273377] systemd[1]: Listening on /dev/initctl Compatibility Named Pipe.
[[0;32m  OK  [0m] Listening on /dev/initctl Compatibility Named Pipe.
[    9.302214] systemd[1]: Listening on Journal Socket (/dev/log).
[[0;32m  OK  [0m] Listening on Journal Socket (/dev/log).
[    9.332287] systemd[1]: Started Dispatch Password Requests to Console Directory Watch.
[[0;32m  OK  [0m] Started Dispatch Password Requests to Console Directory Watch.
[[0;32m  OK  [0m] Listening on udev Control Socket.
[[0;32m  OK  [0m] Listening on Journal Audit Socket.
[[0;32m  OK  [0m] Reached target Paths.
[[0;32m  OK  [0m] Listening on udev Kernel Socket.
[[0;32m  OK  [0m] Reached target Remote File Systems.
[[0;32m  OK  [0m] Reached target Swap.
[[0;32m  OK  [0m] Reached target Encrypted Volumes.
[[0;32m  OK  [0m] Created slice System Slice.
         Starting Create list of required stâ€¦ce nodes for the current kernel...
         Mounting Debug File System...
[[0;32m  OK  [0m] Created slice system-getty.slice.
         Starting Load Kernel Modules...
[[0;32m  OK  [0m] Created slice system-serial\x2dgetty.slice.
[[0;32m  OK  [0m] Reached target Slices.
         Starting Journal Service...
         Mounting POSIX Message Queue File System...
         Starting Remount Root and Kernel File Systems...
[[0;32m  OK  [0m] Set up automount Arbitrary Executabâ€¦rmats File System Automount Point.
[[0;32m  OK  [0m] Mounted POSIX Message Queue File System.
[[0;32m  OK  [0m] Mounted Debug File System.
[[0;32m  OK  [0m] Started Create list of required staâ€¦vice nodes for the current kernel.
         Starting Create Static Device Nodes in /dev...
[[0;32m  OK  [0m] Started Load Kernel Modules.
[[0;32m  OK  [0m] Started Remount Root and Kernel File Systems.
         Starting udev Coldplug all Devices...
         Starting Load/Save Random Seed...
         Starting Apply Kernel Variables...
         Mounting Configuration File System...
[[0;32m  OK  [0m] Mounted Configuration File System.
[[0;32m  OK  [0m] Started Load/Save Random Seed.
[[0;32m  OK  [0m] Started Apply Kernel Variables.
[[0;32m  OK  [0m] Started Create Static Device Nodes in /dev.
         Starting udev Kernel Device Manager...
[[0;32m  OK  [0m] Reached target Local File Systems (Pre).
[[0;32m  OK  [0m] Reached target Local File Systems.
         Starting Raise network interfaces...
[[0;32m  OK  [0m] Started Journal Service.
         Starting Flush Journal to Persistent Storage...
[   11.649494] systemd-journald[82]: Received request to flush runtime journal from PID 1
[[0;32m  OK  [0m] Started Flush Journal to Persistent Storage.
         Starting Create Volatile Files and Directories...
[[0;32m  OK  [0m] Started udev Kernel Device Manager.
[[0;32m  OK  [0m] Started Create Volatile Files and Directories.
         Starting Network Time Synchronization...
         Starting Update UTMP about System Boot/Shutdown...
[[0;32m  OK  [0m] Started Update UTMP about System Boot/Shutdown.
[[0;32m  OK  [0m] Started udev Coldplug all Devices.
[[0;32m  OK  [0m] Started Network Time Synchronization.
[[0;32m  OK  [0m] Reached target System Time Synchronized.
[[0;32m  OK  [0m] Reached target System Initialization.
[[0;32m  OK  [0m] Listening on Avahi mDNS/DNS-SD Stack Activation Socket.
[   14.754321] remoteproc remoteproc0: wkup_m3 is available
[[0;32m  OK  [0m] Listening on D-Bus System Message Bus Socket.
[[0;32m  OK  [0m] Reached target Sockets.
[[0;32m  OK  [0m] Reached target Basic System.
         Starting Login Service...
[   15.058257] wkup_m3_ipc 44e11324.wkup_m3_ipc: IPC Request for A8->M3 Channel failed! -517
[   15.140381] omap_wdt: OMAP Watchdog Timer Rev 0x01: initial timeout 60 sec
[   15.153198] wkup_m3_ipc 44e11324.wkup_m3_ipc: IPC Request for A8->M3 Channel failed! -517
[   15.203485] at24 2-0054: supply vcc not found, using dummy regulator
         Starting Generic Board Startup...
[   15.343086] at24 2-0055: supply vcc not found, using dummy regulator
[[0;32m  OK  [0m] Started Regular background program processing daemon.
[[0;32m  OK  [0m] Started D-Bus System Message Bus.[   15.526567] at24 2-0056: supply vcc not found, using dummy regulator

[   15.647025] at24 2-0057: supply vcc not found, using dummy regulator
[   15.721205] tps6521x_pwrbutton tps65217-pwrbutton: DMA mask not set
[   15.768646] omap_rtc 44e3e000.rtc: registered as rtc0
[   15.774006] omap_rtc 44e3e000.rtc: setting system clock to 2000-01-01T00:00:01 UTC (946684801)
[   15.787676] wkup_m3_ipc 44e11324.wkup_m3_ipc: IPC Request for A8->M3 Channel failed! -517
[   15.847311] input: tps65217_pwrbutton as /devices/platform/ocp/44c00000.interconnect/44c00000.interconnect:segment@200000/44e0b000.target-module/44e0b000.i2c/i2c-0/0-0024/tps65217-pwrbutton/input/input0
[   15.868277] at24 0-0050: 32768 byte 24c256 EEPROM, writable, 1 bytes/write
[   15.909656] wkup_m3_ipc 44e11324.wkup_m3_ipc: IPC Request for A8->M3 Channel failed! -517
[   16.003660] wkup_m3_ipc 44e11324.wkup_m3_ipc: IPC Request for A8->M3 Channel failed! -517
[   16.137080] am335x-phy-driver 47401300.usb-phy: dummy supplies not allowed for exclusive requests (id=vbus)
[   16.302132] am335x-phy-driver 47401b00.usb-phy: dummy supplies not allowed for exclusive requests (id=vbus)
[   16.332598] wkup_m3_ipc 44e11324.wkup_m3_ipc: IPC Request for A8->M3 Channel failed! -517
[   16.499438] wkup_m3_ipc 44e11324.wkup_m3_ipc: IPC Request for A8->M3 Channel failed! -517
[   16.662318] usbcore: registered new interface driver usbfs
[   16.667956] usbcore: registered new interface driver hub
[   16.673573] usbcore: registered new device driver usb
[   17.055490] tda998x 0-0070: found TDA19988
[   17.171661] wkup_m3_ipc 44e11324.wkup_m3_ipc: IPC Request for A8->M3 Channel failed! -517
[   17.234495] wkup_m3_ipc 44e11324.wkup_m3_ipc: IPC Request for A8->M3 Channel failed! -517
[   17.350477] musb-hdrc musb-hdrc.1: MUSB HDRC host driver
[   17.356135] musb-hdrc musb-hdrc.1: new USB bus registered, assigned bus number 1
[   17.371027] wkup_m3_ipc 44e11324.wkup_m3_ipc: IPC Request for A8->M3 Channel failed! -517
[   17.566788] omap-mailbox 480c8000.mailbox: omap mailbox rev 0x400
[   17.605291] usb usb1: New USB device found, idVendor=1d6b, idProduct=0002, bcdDevice= 6.12
[   17.613917] usb usb1: New USB device strings: Mfr=3, Product=2, SerialNumber=1
[   17.621190] usb usb1: Product: MUSB HDRC host driver
[   17.626297] usb usb1: Manufacturer: Linux 6.12.43 musb-hcd
[   17.631846] usb usb1: SerialNumber: musb-hdrc.1
[   17.693735] remoteproc remoteproc0: powering up wkup_m3
[   17.913965] remoteproc remoteproc0: Direct firmware load for am335x-pm-firmware.elf failed with error -2
[   17.923785] remoteproc remoteproc0: request_firmware failed: -2
[   17.929778] wkup_m3_ipc 44e11324.wkup_m3_ipc: rproc_boot failed
[   17.979052] hub 1-0:1.0: USB hub found
[   18.043738] hub 1-0:1.0: 1 port detected
[   19.688565] tilcdc 4830e000.lcdc: bound 0-0070 (ops 0xbf09a0fc)
[   19.741918] omap_rng 48310000.rng: Random Number Generator ver. 20
[   19.805111] [drm] Initialized tilcdc 1.0.0 for 4830e000.lcdc on minor 0
[   19.881719] tilcdc 4830e000.lcdc: [drm] Cannot find any crtc or sizes
[   19.890670] tilcdc 4830e000.lcdc: [drm] Cannot find any crtc or sizes
         Starting Connection service...
         Starting LSB: Load kernel modules needed to enable cpufreq scaling...
         Starting System Logging Service...
         Starting Cape Manager Service...
         Starting Telephony service...
         Starting LSB: Start busybox udhcpd at boot time...
         Starting DUN service...
         Starting Avahi mDNS/DNS-SD Stack...
[   20.928239] PM: Cannot get wkup_m3_ipc handle
[[0;32m  OK  [0m] Started Daily Cleanup of Temporary Directories.
[   20.994597] omap-sham 53100000.sham: hw accel on OMAP rev 4.3
[[0;32m  OK  [0m] Started Daily apt download activities.
[[0;32m  OK  [0m] Started Daily apt upgrade and clean activities.
[[0;32m  OK  [0m] Reached target Timers.
[   21.181879] omap-sham 53100000.sham: will run requests pump with realtime priority
[   21.191945] PM: Cannot get wkup_m3_ipc handle
[   21.251886] omap-aes 53500000.aes: OMAP AES hw accel rev: 3.2
[   21.410844] omap-aes 53500000.aes: will run requests pump with realtime priority
[   21.426913] PM: Cannot get wkup_m3_ipc handle
[[0;32m  OK  [0m] Found device /dev/ttyS0.
[[0;32m  OK  [0m] Started System Logging Service.
[[0;32m  OK  [0m] Started Cape Manager Service.
[   24.307510] Bluetooth: Core ver 2.22
[   24.312171] NET: Registered PF_BLUETOOTH protocol family
[   24.317527] Bluetooth: HCI device and connection manager initialized
[   24.324165] Bluetooth: HCI socket layer initialized
[   24.329088] Bluetooth: L2CAP socket layer initialized
[   24.334269] Bluetooth: SCO socket layer initialized
[   25.087210] PM: Cannot get wkup_m3_ipc handle
[   25.180763] PM: Cannot get wkup_m3_ipc handle
[[0;32m  OK  [0m] Started LSB: Start busybox udhcpd at boot time.
[[0;32m  OK  [0m] Started LSB: Load kernel modules needed to enable cpufreq scaling.
[   28.115962] configfs-gadget.g_multi gadget.0: HOST MAC 1c:ba:8c:a2:ed:6c
[   28.122949] configfs-gadget.g_multi gadget.0: MAC 1c:ba:8c:a2:ed:70
[   28.130322] configfs-gadget.g_multi gadget.0: HOST MAC 1c:ba:8c:a2:ed:6c
[   28.137228] configfs-gadget.g_multi gadget.0: MAC 1c:ba:8c:a2:ed:6d
[   28.148847] PM: Cannot get wkup_m3_ipc handle
[[0;32m  OK  [0m] Started Raise network interfaces.
[[0;32m  OK  [0m] Started DUN service.
[[0;32m  OK  [0m] Started Telephony service.
[[0;32m  OK  [0m] Started Connection service.
[[0;32m  OK  [0m] Started Avahi mDNS/DNS-SD Stack.
[[0;32m  OK  [0m] Started Login Service.
[[0;32m  OK  [0m] Reached target Sound Card.
[[0;32m  OK  [0m] Reached target Network.
         Starting Permit User Sessions...
         Starting OpenBSD Secure Shell server...
         Starting The Apache HTTP Server...
[[0;32m  OK  [0m] Reached target Network is Online.
         Starting LSB: Advanced IEEE 802.11 management daemon...
         Starting LSB: set CPUFreq kernel parameters...
[[0;32m  OK  [0m] Started Permit User Sessions.
[[0;32m  OK  [0m] Started LSB: Advanced IEEE 802.11 management daemon.
         Starting Hostname Service...
         Starting WPA supplicant...
[[0;32m  OK  [0m] Started Getty on tty1.
[[0;32m  OK  [0m] Started Serial Getty on ttyS0.
[[0;32m  OK  [0m] Reached target Login Prompts.
[[0;32m  OK  [0m] Started LSB: set CPUFreq kernel parameters.
         Stopping LSB: Start busybox udhcpd at boot time...
[[0;32m  OK  [0m] Started Hostname Service.
[[0;32m  OK  [0m] Started WPA supplicant.
[[0;32m  OK  [0m] Started OpenBSD Secure Shell server.
[[0;32m  OK  [0m] Stopped LSB: Start busybox udhcpd at boot time.
         Starting dnsmasq - A lightweight DHCP and caching DNS server...
[[0;32m  OK  [0m] Started The Apache HTTP Server.
[[0;32m  OK  [0m] Started dnsmasq - A lightweight DHCP and caching DNS server.
[[0;32m  OK  [0m] Reached target Host and Network Name Lookups.
[[0;32m  OK  [0m] Started Serial Getty on ttyGS0.
[[0;32m  OK  [0m] Started Generic Board Startup.
[[0;32m  OK  [0m] Reached target Multi-User System.
[[0;32m  OK  [0m] Reached target Graphical Interface.
         Starting Update UTMP about System Runlevel Changes...
[[0;32m  OK  [0m] Started Update UTMP about System Runlevel Changes.

Debian GNU/Linux 9 arm ttyS0

default username:password is [debian:temppwd]

arm login: root
Password: 
Last login: Sat Jan  1 00:00:36 UTC 2000 on ttyS0
root
Linux arm 6.12.43 #1 SMP Wed Aug 20 20:08:05 EEST 2025 armv7l

The programs included with the Debian GNU/Linux system are free software;
the exact distribution terms for each program are described in the
individual files in /usr/share/doc/*/copyright.

Debian GNU/Linux comes with ABSOLUTELY NO WARRANTY, to the extent
permitted by applicable law.
root@arm:~# root
dmesg -n 1
-bash: root: command not found
root@arm:~# dmesg -n 1
root@arm:~# echo 'BTPA''WJWFPL'
BTPAWJWFPL
root@arm:~# run() { echo -n "$MARKER"; sh -c "$@"; echo "$MARKER $?"; }
root@arm:~# echo 'SCAK''QPOEPT'
SCAKQPOEPT
root@arm:~# MARKER='AEAA''UJLGGA' run 'cat /proc/version'
AEAAUJLGGALinux version 6.12.43 (user01@drvtest01) (arm-none-eabi-gcc (Arm GNU Toolchain 14.2.Rel1 (Build arm-14.52)) 14.2.1 20241119, GNU ld (Arm GNU Toolchain 14.2.Rel1 (Build arm-14.52)) 2.43.1.20241119) #1 SMP Wed Aug 20 20:08:05 EEST 2025
AEAAUJLGGA 0
root@arm:~# echo 'UKJY''LHCUHE'
UKJYLHCUHE
root@arm:~# MARKER='ZMPH''NXJNGY' run false
ZMPHNXJNGYZMPHNXJNGY 1
root@arm:~# Labgrid Console Logfile for main
Logfile started at 2025-08-20 20:12:56.607649
=== Log starts here ===

root@arm:~# run() { echo -n "$MARKER"; sh -c "$@"; echo "$MARKER $?"; }
root@arm:~# echo 'WHZB''KSQLFC'
WHZBKSQLFC
root@arm:~# MARKER='JQUN''GCJMYU' run 'ls /iio_generic_buffer; echo $?'
JQUNGCJMYU/iio_generic_buffer
0
JQUNGCJMYU 0
root@arm:~# Labgrid Console Logfile for main
Logfile started at 2025-08-20 20:12:59.945604
=== Log starts here ===

root@arm:~# run() { echo -n "$MARKER"; sh -c "$@"; echo "$MARKER $?"; }
root@arm:~# echo 'JOQT''WCBHJH'
JOQTWCBHJH
root@arm:~# MARKER='WVVC''HLAUJB' run dmesg
WVVCHLAUJB[    0.000000] Booting Linux on physical CPU 0x0
[    0.000000] Linux version 6.12.43 (user01@drvtest01) (arm-none-eabi-gcc (Arm GNU Toolchain 14.2.Rel1 (Build arm-14.52)) 14.2.1 20241119, GNU ld (Arm GNU Toolchain 14.2.Rel1 (Build arm-14.52)) 2.43.1.20241119) #1 SMP Wed Aug 20 20:08:05 EEST 2025
[    0.000000] CPU: ARMv7 Processor [413fc082] revision 2 (ARMv7), cr=10c5387d
[    0.000000] CPU: PIPT / VIPT nonaliasing data cache, VIPT aliasing instruction cache
[    0.000000] OF: fdt: Machine model: TI AM335x BeagleBone Black
[    0.000000] Memory policy: Data cache writeback
[    0.000000] cma: Reserved 16 MiB at 0x9e800000 on node -1
[    0.000000] Zone ranges:
[    0.000000]   Normal   [mem 0x0000000080000000-0x000000009fdfffff]
[    0.000000]   HighMem  empty
[    0.000000] Movable zone start for each node
[    0.000000] Early memory node ranges
[    0.000000]   node   0: [mem 0x0000000080000000-0x000000009fdfffff]
[    0.000000] Initmem setup node 0 [mem 0x0000000080000000-0x000000009fdfffff]
[    0.000000] OF: reserved mem: Reserved memory: No reserved-memory node in the DT
[    0.000000] CPU: All CPU(s) started in SVC mode.
[    0.000000] AM335X ES2.1 (sgx neon)
[    0.000000] percpu: Embedded 17 pages/cpu s40396 r8192 d21044 u69632
[    0.000000] pcpu-alloc: s40396 r8192 d21044 u69632 alloc=17*4096
[    0.000000] pcpu-alloc: [0] 0 
[    0.000000] Kernel command line: console=ttyO0,115200n8 root=/dev/nfs rw nfsroot=192.168.255.126:/home/user01/nfs,nfsvers=3 ip=192.168.255.1:192.168.255.126::255.255.255.0:bbb1:eth0 nfsrootdebug
[    0.000000] Unknown kernel command line parameters "nfsrootdebug", will be passed to user space.
[    0.000000] Dentry cache hash table entries: 65536 (order: 6, 262144 bytes, linear)
[    0.000000] Inode-cache hash table entries: 32768 (order: 5, 131072 bytes, linear)
[    0.000000] Built 1 zonelists, mobility grouping on.  Total pages: 130560
[    0.000000] mem auto-init: stack:off, heap alloc:off, heap free:off
[    0.000000] SLUB: HWalign=64, Order=0-3, MinObjects=0, CPUs=1, Nodes=1
[    0.000000] rcu: Hierarchical RCU implementation.
[    0.000000] rcu: 	RCU event tracing is enabled.
[    0.000000] rcu: 	RCU restricting CPUs from NR_CPUS=2 to nr_cpu_ids=1.
[    0.000000] rcu: RCU calculated value of scheduler-enlistment delay is 10 jiffies.
[    0.000000] rcu: Adjusting geometry for rcu_fanout_leaf=16, nr_cpu_ids=1
[    0.000000] NR_IRQS: 16, nr_irqs: 16, preallocated irqs: 16
[    0.000000] IRQ: Found an INTC at 0x(ptrval) (revision 5.0) with 128 interrupts
[    0.000000] rcu: srcu_init: Setting srcu_struct sizes based on contention.
[    0.000000] TI gptimer clocksource: always-on /ocp/interconnect@44c00000/segment@200000/target-module@31000
[    0.000002] sched_clock: 32 bits at 24MHz, resolution 41ns, wraps every 89478484971ns
[    0.000027] clocksource: dmtimer: mask: 0xffffffff max_cycles: 0xffffffff, max_idle_ns: 79635851949 ns
[    0.000491] TI gptimer clockevent: 24000000 Hz at /ocp/interconnect@48000000/segment@0/target-module@40000
[    0.002084] Console: colour dummy device 80x30
[    0.002144] WARNING: Your 'console=ttyO0' has been replaced by 'ttyS0'
[    0.002152] This ensures that you still see kernel messages. Please
[    0.002157] update your kernel commandline.
[    0.002199] Calibrating delay loop... 996.14 BogoMIPS (lpj=4980736)
[    0.090537] CPU: Testing write buffer coherency: ok
[    0.090649] CPU0: Spectre v2: using BPIALL workaround
[    0.090659] pid_max: default: 32768 minimum: 301
[    0.090794] LSM: initializing lsm=capability
[    0.090966] Mount-cache hash table entries: 1024 (order: 0, 4096 bytes, linear)
[    0.090985] Mountpoint-cache hash table entries: 1024 (order: 0, 4096 bytes, linear)
[    0.092560] CPU0: thread -1, cpu 0, socket -1, mpidr 0
[    0.094597] Setting up static identity map for 0x80100000 - 0x80100078
[    0.094914] rcu: Hierarchical SRCU implementation.
[    0.094925] rcu: 	Max phase no-delay instances is 1000.
[    0.096693] smp: Bringing up secondary CPUs ...
[    0.096747] smp: Brought up 1 node, 1 CPU
[    0.096759] SMP: Total of 1 processors activated (996.14 BogoMIPS).
[    0.096772] CPU: All CPU(s) started in SVC mode.
[    0.096960] Memory: 480868K/522240K available (11264K kernel code, 1211K rwdata, 2880K rodata, 1024K init, 295K bss, 23360K reserved, 16384K cma-reserved, 0K highmem)
[    0.097759] devtmpfs: initialized
[    0.114048] VFP support v0.3: implementor 41 architecture 3 part 30 variant c rev 3
[    0.114392] clocksource: jiffies: mask: 0xffffffff max_cycles: 0xffffffff, max_idle_ns: 19112604462750000 ns
[    0.114430] futex hash table entries: 256 (order: 2, 16384 bytes, linear)
[    0.115744] pinctrl core: initialized pinctrl subsystem
[    0.117855] NET: Registered PF_NETLINK/PF_ROUTE protocol family
[    0.120880] DMA: preallocated 256 KiB pool for atomic coherent allocations
[    0.121799] audit: initializing netlink subsys (disabled)
[    0.123156] thermal_sys: Registered thermal governor 'fair_share'
[    0.123173] thermal_sys: Registered thermal governor 'step_wise'
[    0.123184] thermal_sys: Registered thermal governor 'user_space'
[    0.123296] audit: type=2000 audit(0.120:1): state=initialized audit_enabled=0 res=1
[    0.123366] cpuidle: using governor menu
[    0.141047] /ocp/interconnect@44c00000/segment@200000/target-module@b000/i2c@0/tda19988@70: Fixed dependency cycle(s) with /ocp/interconnect@48000000/segment@300000/target-module@e000/lcdc@0
[    0.142167] /ocp/interconnect@48000000/segment@300000/target-module@e000/lcdc@0: Fixed dependency cycle(s) with /ocp/interconnect@44c00000/segment@200000/target-module@b000/i2c@0/tda19988@70
[    0.144321] No ATAGs?
[    0.144338] hw-breakpoint: debug architecture 0x4 unsupported.
[    0.146967] kprobes: kprobe jump-optimization is enabled. All kprobes are optimized if possible.
[    0.153937] iommu: Default domain type: Translated
[    0.153960] iommu: DMA domain TLB invalidation policy: strict mode
[    0.155510] reg-fixed-voltage fixedregulator0: using DT '/fixedregulator0' for '(default)' GPIO lookup
[    0.155566] of_get_named_gpiod_flags: can't parse 'gpios' property of node '/fixedregulator0[0]'
[    0.155596] of_get_named_gpiod_flags: can't parse 'gpio' property of node '/fixedregulator0[0]'
[    0.155613] reg-fixed-voltage fixedregulator0: using lookup tables for GPIO lookup
[    0.155623] reg-fixed-voltage fixedregulator0: No GPIO consumer (default) found
[    0.161665] SCSI subsystem initialized
[    0.162144] libata version 3.00 loaded.
[    0.162506] pps_core: LinuxPPS API ver. 1 registered
[    0.162518] pps_core: Software ver. 5.3.6 - Copyright 2005-2007 Rodolfo Giometti <giometti@linux.it>
[    0.162541] PTP clock support registered
[    0.171006] vgaarb: loaded
[    0.171355] clocksource: Switched to clocksource dmtimer
[    0.172020] VFS: Disk quotas dquot_6.6.0
[    0.172062] VFS: Dquot-cache hash table entries: 1024 (order 0, 4096 bytes)
[    0.195860] NET: Registered PF_INET protocol family
[    0.196197] IP idents hash table entries: 8192 (order: 4, 65536 bytes, linear)
[    0.197575] tcp_listen_portaddr_hash hash table entries: 512 (order: 0, 4096 bytes, linear)
[    0.197609] Table-perturb hash table entries: 65536 (order: 6, 262144 bytes, linear)
[    0.197626] TCP established hash table entries: 4096 (order: 2, 16384 bytes, linear)
[    0.197673] TCP bind hash table entries: 4096 (order: 4, 65536 bytes, linear)
[    0.197773] TCP: Hash tables configured (established 4096 bind 4096)
[    0.197892] UDP hash table entries: 256 (order: 1, 8192 bytes, linear)
[    0.197920] UDP-Lite hash table entries: 256 (order: 1, 8192 bytes, linear)
[    0.198087] NET: Registered PF_UNIX/PF_LOCAL protocol family
[    0.199365] RPC: Registered named UNIX socket transport module.
[    0.199386] RPC: Registered udp transport module.
[    0.199392] RPC: Registered tcp transport module.
[    0.199397] RPC: Registered tcp-with-tls transport module.
[    0.199402] RPC: Registered tcp NFSv4.1 backchannel transport module.
[    0.199426] PCI: CLS 0 bytes, default 64
[    0.200808] Initialise system trusted keyrings
[    0.211603] workingset: timestamp_bits=14 max_order=17 bucket_order=3
[    0.212885] NFS: Registering the id_resolver key type
[    0.212959] Key type id_resolver registered
[    0.212966] Key type id_legacy registered
[    0.213016] jffs2: version 2.2. (NAND) (SUMMARY)  Â© 2001-2006 Red Hat, Inc.
[    0.213415] Key type asymmetric registered
[    0.213430] Asymmetric key parser 'x509' registered
[    0.213497] io scheduler mq-deadline registered
[    0.213507] io scheduler kyber registered
[    0.213569] io scheduler bfq registered
[    0.215418] target-module@4b000000:target-module@140000:pmu@0:fck: device ID is greater than 24
[    0.221623] l3-aon-clkctrl:0000:0: failed to disable
[    0.221887] ledtrig-cpu: registered to indicate activity on CPUs
[    0.231987] Serial: 8250/16550 driver, 6 ports, IRQ sharing enabled
[    0.273894] brd: module loaded
[    0.292374] loop: module loaded
[    0.293304] mtdoops: mtd device (mtddev=name/number) must be supplied
[    0.295006] mdio_bus fixed-0: using lookup tables for GPIO lookup
[    0.295029] mdio_bus fixed-0: No GPIO consumer reset found
[    0.296390] i2c_dev: i2c /dev entries driver
[    0.297373] cpuidle: enable-method property 'ti,am3352' found operations
[    0.297808] sdhci: Secure Digital Host Controller Interface driver
[    0.297818] sdhci: Copyright(c) Pierre Ossman
[    0.297991] sdhci-pltfm: SDHCI platform and OF driver helper
[    0.299443] hw perfevents: enabled with armv7_cortex_a8 PMU driver, 5 (8000000f) counters available
[    0.299946] Initializing XFRM netlink socket
[    0.300080] NET: Registered PF_INET6 protocol family
[    0.305715] l3-aon-clkctrl:0000:0: failed to disable
[    0.313917] Segment Routing with IPv6
[    0.314004] In-situ OAM (IOAM) with IPv6
[    0.314104] sit: IPv6, IPv4 and MPLS over IPv4 tunneling driver
[    0.315036] NET: Registered PF_PACKET protocol family
[    0.315066] NET: Registered PF_KEY protocol family
[    0.315180] Key type dns_resolver registered
[    0.315408] ThumbEE CPU extension supported.
[    0.315428] Registering SWP/SWPB emulation handler
[    0.315945] omap_voltage_late_init: Voltage driver support not added
[    0.316637] SmartReflex Class3 initialized
[    0.353348] Loading compiled-in X.509 certificates
[    0.383458] /ocp/interconnect@44c00000/segment@200000/target-module@b000/i2c@0/tda19988@70: Fixed dependency cycle(s) with /ocp/interconnect@48000000/segment@300000/target-module@e000/lcdc@0
[    0.389583] /ocp/interconnect@44c00000/segment@200000/target-module@b000/i2c@0/tda19988@70: Fixed dependency cycle(s) with /ocp/interconnect@48000000/segment@300000/target-module@e000/lcdc@0
[    0.395037] gpiochip_find_base_unlocked: found new base at 512
[    0.415955] /ocp/interconnect@44c00000/segment@200000/target-module@b000/i2c@0/tda19988@70: Fixed dependency cycle(s) with /ocp/interconnect@48000000/segment@300000/target-module@e000/lcdc@0
[    0.416786] /ocp/interconnect@44c00000/segment@200000/target-module@b000/i2c@0/tda19988@70: Fixed dependency cycle(s) with /ocp/interconnect@48000000/segment@300000/target-module@e000/lcdc@0
[    0.419996] /ocp/interconnect@44c00000/segment@200000/target-module@10000/scm@0/pinmux@800: Fixed dependency cycle(s) with /ocp/interconnect@44c00000/segment@200000/target-module@10000/scm@0/pinmux@800/clkout2-pins
[    0.420634] pinctrl-single 44e10800.pinmux: 142 pins, size 568
[    0.425864] ti-sysc 44e31000.target-module: probe with driver ti-sysc failed with error -16
[    0.462903] /ocp/interconnect@48000000/segment@300000/target-module@e000/lcdc@0: Fixed dependency cycle(s) with /ocp/interconnect@44c00000/segment@200000/target-module@b000/i2c@0/tda19988@70
[    0.470309] ti-sysc 48040000.target-module: probe with driver ti-sysc failed with error -16
[    0.481065] gpiochip_find_base_unlocked: found new base at 512
[    0.481168] gpio gpiochip0: (gpio-0-31): created GPIO range 0->7 ==> 44e10800.pinmux PIN 0->7
[    0.481187] gpio gpiochip0: (gpio-0-31): created GPIO range 8->11 ==> 44e10800.pinmux PIN 90->93
[    0.481202] gpio gpiochip0: (gpio-0-31): created GPIO range 12->27 ==> 44e10800.pinmux PIN 12->27
[    0.481218] gpio gpiochip0: (gpio-0-31): created GPIO range 28->31 ==> 44e10800.pinmux PIN 30->33
[    0.507272] gpio gpiochip0: (gpio-0-31): added GPIO chardev (254:0)
[    0.507437] gpio gpiochip0: registered GPIOs 512 to 543 on gpio-0-31
[    0.507528] OMAP GPIO hardware version 0.1
[    0.540743] i2c i2c-2: using DT '/ocp/interconnect@48000000/segment@100000/target-module@9c000/i2c@0' for 'scl' GPIO lookup
[    0.540818] of_get_named_gpiod_flags: can't parse 'scl-gpios' property of node '/ocp/interconnect@48000000/segment@100000/target-module@9c000/i2c@0[0]'
[    0.540863] of_get_named_gpiod_flags: can't parse 'scl-gpio' property of node '/ocp/interconnect@48000000/segment@100000/target-module@9c000/i2c@0[0]'
[    0.540899] i2c i2c-2: using lookup tables for GPIO lookup
[    0.540908] i2c i2c-2: No GPIO consumer scl found
[    0.540930] i2c i2c-2: using DT '/ocp/interconnect@48000000/segment@100000/target-module@9c000/i2c@0' for 'sda' GPIO lookup
[    0.540966] of_get_named_gpiod_flags: can't parse 'sda-gpios' property of node '/ocp/interconnect@48000000/segment@100000/target-module@9c000/i2c@0[0]'
[    0.541004] of_get_named_gpiod_flags: can't parse 'sda-gpio' property of node '/ocp/interconnect@48000000/segment@100000/target-module@9c000/i2c@0[0]'
[    0.541035] i2c i2c-2: using lookup tables for GPIO lookup
[    0.541043] i2c i2c-2: No GPIO consumer sda found
[    0.541919] omap_i2c 4819c000.i2c: bus 2 rev0.11 at 100 kHz
[    0.547126] gpiochip_find_base_unlocked: found new base at 544
[    0.547227] gpio gpiochip1: (gpio-32-63): created GPIO range 0->17 ==> 44e10800.pinmux PIN 34->51
[    0.547247] gpio gpiochip1: (gpio-32-63): created GPIO range 18->21 ==> 44e10800.pinmux PIN 77->80
[    0.547263] gpio gpiochip1: (gpio-32-63): created GPIO range 22->31 ==> 44e10800.pinmux PIN 56->65
[    0.562166] gpio gpiochip1: (gpio-32-63): added GPIO chardev (254:1)
[    0.562341] gpio gpiochip1: registered GPIOs 544 to 575 on gpio-32-63
[    0.564479] gpiochip_find_base_unlocked: found new base at 576
[    0.564576] gpio gpiochip2: (gpio-64-95): created GPIO range 0->4 ==> 44e10800.pinmux PIN 66->70
[    0.564597] gpio gpiochip2: (gpio-64-95): created GPIO range 5->6 ==> 44e10800.pinmux PIN 98->99
[    0.564612] gpio gpiochip2: (gpio-64-95): created GPIO range 7->8 ==> 44e10800.pinmux PIN 75->76
[    0.564627] gpio gpiochip2: (gpio-64-95): created GPIO range 13->13 ==> 44e10800.pinmux PIN 141->141
[    0.564642] gpio gpiochip2: (gpio-64-95): created GPIO range 14->21 ==> 44e10800.pinmux PIN 100->107
[    0.565349] gpio gpiochip2: (gpio-64-95): added GPIO chardev (254:2)
[    0.565482] gpio gpiochip2: registered GPIOs 576 to 607 on gpio-64-95
[    0.570886] 48000000.interconnect:segment@200000:target-module@0:mpu@0:fck: device ID is greater than 24
[    0.571983] /ocp/interconnect@48000000/segment@300000/target-module@e000/lcdc@0: Fixed dependency cycle(s) with /ocp/interconnect@44c00000/segment@200000/target-module@b000/i2c@0/tda19988@70
[    0.574617] /ocp/interconnect@48000000/segment@300000/target-module@e000/lcdc@0: Fixed dependency cycle(s) with /ocp/interconnect@44c00000/segment@200000/target-module@b000/i2c@0/tda19988@70
[    0.575276] /ocp/interconnect@44c00000/segment@200000/target-module@b000/i2c@0/tda19988@70: Fixed dependency cycle(s) with /ocp/interconnect@48000000/segment@300000/target-module@e000/lcdc@0
[    0.575437] /ocp/interconnect@48000000/segment@300000/target-module@e000/lcdc@0: Fixed dependency cycle(s) with /ocp/interconnect@44c00000/segment@200000/target-module@b000/i2c@0/tda19988@70
[    0.584668] mdio_bus 4a101000.mdio: using DT '/ocp/interconnect@4a000000/segment@0/target-module@100000/switch@0/mdio@1000' for 'reset' GPIO lookup
[    0.584743] of_get_named_gpiod_flags: can't parse 'reset-gpios' property of node '/ocp/interconnect@4a000000/segment@0/target-module@100000/switch@0/mdio@1000[0]'
[    0.584791] of_get_named_gpiod_flags: can't parse 'reset-gpio' property of node '/ocp/interconnect@4a000000/segment@0/target-module@100000/switch@0/mdio@1000[0]'
[    0.584837] mdio_bus 4a101000.mdio: using lookup tables for GPIO lookup
[    0.584846] mdio_bus 4a101000.mdio: No GPIO consumer reset found
[    0.585750] sdhci-omap 481d8000.mmc: using DT '/ocp/interconnect@48000000/segment@100000/target-module@d8000/mmc@0' for 'wp' GPIO lookup
[    0.585806] of_get_named_gpiod_flags: can't parse 'wp-gpios' property of node '/ocp/interconnect@48000000/segment@100000/target-module@d8000/mmc@0[0]'
[    0.585848] of_get_named_gpiod_flags: can't parse 'wp-gpio' property of node '/ocp/interconnect@48000000/segment@100000/target-module@d8000/mmc@0[0]'
[    0.585881] sdhci-omap 481d8000.mmc: using lookup tables for GPIO lookup
[    0.585891] sdhci-omap 481d8000.mmc: No GPIO consumer wp found
[    0.586081] sdhci-omap 481d8000.mmc: supply pbias not found, using dummy regulator
[    0.586564] sdhci-omap 481d8000.mmc: supply vqmmc not found, using dummy regulator
[    0.634461] davinci_mdio 4a101000.mdio: davinci mdio revision 1.6, bus freq 1000000
[    0.652048] mdio_bus 4a101000.mdio:00: using DT '/ocp/interconnect@4a000000/segment@0/target-module@100000/switch@0/mdio@1000/ethernet-phy@0' for 'reset' GPIO lookup
[    0.652152] of_get_named_gpiod_flags: parsed 'reset-gpios' property of node '/ocp/interconnect@4a000000/segment@0/target-module@100000/switch@0/mdio@1000/ethernet-phy@0[0]' - status (0)
[    0.652318] gpio gpiochip0: Persistence not supported for GPIO 8
[    0.738727] davinci_mdio 4a101000.mdio: phy[0]: device 4a101000.mdio:00, driver SMSC LAN8710/LAN8720
[    0.739499] cpsw-switch 4a100000.switch: initialized cpsw ale version 1.4
[    0.739523] cpsw-switch 4a100000.switch: ALE Table size 1024, Policers 0
[    0.739847] cpsw-switch 4a100000.switch: cpts: overflow check period 500 (jiffies)
[    0.739868] cpsw-switch 4a100000.switch: CPTS: ref_clk_freq:250000000 calc_mult:2147483648 calc_shift:29 error:0 nsec/sec
[    0.739980] cpsw-switch 4a100000.switch: Detected MACID = 6c:ec:eb:68:de:78
[    0.742009] cpsw-switch 4a100000.switch: initialized (regs 0x4a100000, pool size 256) hw_ver:0019010C 1.12 (0)
[    0.752601] debugfs: Directory '49000000.dma' with parent 'dmaengine' already present!
[    0.752641] edma 49000000.dma: TI EDMA DMA engine driver
[    0.782277] gpio-clk clk_mcasp0: using DT '/clk_mcasp0' for 'enable' GPIO lookup
[    0.782355] of_get_named_gpiod_flags: parsed 'enable-gpios' property of node '/clk_mcasp0[0]' - status (0)
[    0.782401] gpio gpiochip0: Persistence not supported for GPIO 27
[    0.783273] gpiochip_find_base_unlocked: found new base at 608
[    0.783386] gpio gpiochip3: (gpio-96-127): created GPIO range 0->7 ==> 44e10800.pinmux PIN 82->89
[    0.783407] gpio gpiochip3: (gpio-96-127): created GPIO range 8->11 ==> 44e10800.pinmux PIN 52->55
[    0.783422] gpio gpiochip3: (gpio-96-127): created GPIO range 12->15 ==> 44e10800.pinmux PIN 94->97
[    0.783438] gpio gpiochip3: (gpio-96-127): created GPIO range 16->17 ==> 44e10800.pinmux PIN 71->72
[    0.783453] gpio gpiochip3: (gpio-96-127): created GPIO range 18->18 ==> 44e10800.pinmux PIN 135->135
[    0.783469] gpio gpiochip3: (gpio-96-127): created GPIO range 19->20 ==> 44e10800.pinmux PIN 108->109
[    0.783487] gpio gpiochip3: (gpio-96-127): created GPIO range 21->21 ==> 44e10800.pinmux PIN 73->73
[    0.783509] gpio gpiochip3: (gpio-96-127): created GPIO range 22->23 ==> 44e10800.pinmux PIN 8->9
[    0.783527] gpio gpiochip3: (gpio-96-127): created GPIO range 26->27 ==> 44e10800.pinmux PIN 10->11
[    0.783544] gpio gpiochip3: (gpio-96-127): created GPIO range 28->28 ==> 44e10800.pinmux PIN 74->74
[    0.783561] gpio gpiochip3: (gpio-96-127): created GPIO range 29->29 ==> 44e10800.pinmux PIN 81->81
[    0.783579] gpio gpiochip3: (gpio-96-127): created GPIO range 30->31 ==> 44e10800.pinmux PIN 28->29
[    0.810874] gpio gpiochip3: (gpio-96-127): added GPIO chardev (254:3)
[    0.811037] gpio gpiochip3: registered GPIOs 608 to 639 on gpio-96-127
[    0.813012] omap8250 44e09000.serial: using DT '/ocp/interconnect@44c00000/segment@200000/target-module@9000/serial@0' for 'rs485-term' GPIO lookup
[    0.813086] of_get_named_gpiod_flags: can't parse 'rs485-term-gpios' property of node '/ocp/interconnect@44c00000/segment@200000/target-module@9000/serial@0[0]'
[    0.813131] of_get_named_gpiod_flags: can't parse 'rs485-term-gpio' property of node '/ocp/interconnect@44c00000/segment@200000/target-module@9000/serial@0[0]'
[    0.813166] omap8250 44e09000.serial: using lookup tables for GPIO lookup
[    0.813175] omap8250 44e09000.serial: No GPIO consumer rs485-term found
[    0.813185] omap8250 44e09000.serial: using DT '/ocp/interconnect@44c00000/segment@200000/target-module@9000/serial@0' for 'rs485-rx-during-tx' GPIO lookup
[    0.813221] of_get_named_gpiod_flags: can't parse 'rs485-rx-during-tx-gpios' property of node '/ocp/interconnect@44c00000/segment@200000/target-module@9000/serial@0[0]'
[    0.813257] of_get_named_gpiod_flags: can't parse 'rs485-rx-during-tx-gpio' property of node '/ocp/interconnect@44c00000/segment@200000/target-module@9000/serial@0[0]'
[    0.813288] omap8250 44e09000.serial: using lookup tables for GPIO lookup
[    0.813296] omap8250 44e09000.serial: No GPIO consumer rs485-rx-during-tx found
[    0.813745] 44e09000.serial: ttyS0 at MMIO 0x44e09000 (irq = 34, base_baud = 3000000) is a 8250
[    0.813832] printk: legacy console [ttyS0] enabled
[    2.278224] i2c i2c-0: using DT '/ocp/interconnect@44c00000/segment@200000/target-module@b000/i2c@0' for 'scl' GPIO lookup
[    2.278310] of_get_named_gpiod_flags: can't parse 'scl-gpios' property of node '/ocp/interconnect@44c00000/segment@200000/target-module@b000/i2c@0[0]'
[    2.278357] of_get_named_gpiod_flags: can't parse 'scl-gpio' property of node '/ocp/interconnect@44c00000/segment@200000/target-module@b000/i2c@0[0]'
[    2.278397] i2c i2c-0: using lookup tables for GPIO lookup
[    2.278409] i2c i2c-0: No GPIO consumer scl found
[    2.278433] i2c i2c-0: using DT '/ocp/interconnect@44c00000/segment@200000/target-module@b000/i2c@0' for 'sda' GPIO lookup
[    2.278473] of_get_named_gpiod_flags: can't parse 'sda-gpios' property of node '/ocp/interconnect@44c00000/segment@200000/target-module@b000/i2c@0[0]'
[    2.278513] of_get_named_gpiod_flags: can't parse 'sda-gpio' property of node '/ocp/interconnect@44c00000/segment@200000/target-module@b000/i2c@0[0]'
[    2.278548] i2c i2c-0: using lookup tables for GPIO lookup
[    2.278559] i2c i2c-0: No GPIO consumer sda found
[    2.292331] tps65217-pmic: Failed to locate of_node [id: -1]
[    2.298392] tps65217-bl: Failed to locate of_node [id: -1]
[    2.309621] tps65217 0-0024: TPS65217 ID 0xe version 1.2
[    2.315754] /ocp/interconnect@48000000/segment@300000/target-module@e000/lcdc@0: Fixed dependency cycle(s) with /ocp/interconnect@44c00000/segment@200000/target-module@b000/i2c@0/tda19988@70
[    2.333104] /ocp/interconnect@44c00000/segment@200000/target-module@b000/i2c@0/tda19988@70: Fixed dependency cycle(s) with /ocp/interconnect@48000000/segment@300000/target-module@e000/lcdc@0
[    2.350452] omap_i2c 44e0b000.i2c: bus 0 rev0.11 at 400 kHz
[    2.358234] sdhci-omap 48060000.mmc: using DT '/ocp/interconnect@48000000/segment@0/target-module@60000/mmc@0' for 'cd' GPIO lookup
[    2.358342] of_get_named_gpiod_flags: parsed 'cd-gpios' property of node '/ocp/interconnect@48000000/segment@0/target-module@60000/mmc@0[0]' - status (0)
[    2.358412] gpio gpiochip3: Persistence not supported for GPIO 6
[    2.358440] omap_gpio 44e07000.gpio: Could not set line 6 debounce to 200000 microseconds (-22)
[    2.367326] sdhci-omap 48060000.mmc: Got CD GPIO
[    2.372007] sdhci-omap 48060000.mmc: using DT '/ocp/interconnect@48000000/segment@0/target-module@60000/mmc@0' for 'wp' GPIO lookup
[    2.372056] of_get_named_gpiod_flags: can't parse 'wp-gpios' property of node '/ocp/interconnect@48000000/segment@0/target-module@60000/mmc@0[0]'
[    2.372100] of_get_named_gpiod_flags: can't parse 'wp-gpio' property of node '/ocp/interconnect@48000000/segment@0/target-module@60000/mmc@0[0]'
[    2.372138] sdhci-omap 48060000.mmc: using lookup tables for GPIO lookup
[    2.372152] sdhci-omap 48060000.mmc: No GPIO consumer wp found
[    2.372366] sdhci-omap 48060000.mmc: supply pbias not found, using dummy regulator
[    2.381020] sdhci-omap 481d8000.mmc: using DT '/ocp/interconnect@48000000/segment@100000/target-module@d8000/mmc@0' for 'wp' GPIO lookup
[    2.381096] of_get_named_gpiod_flags: can't parse 'wp-gpios' property of node '/ocp/interconnect@48000000/segment@100000/target-module@d8000/mmc@0[0]'
[    2.381145] of_get_named_gpiod_flags: can't parse 'wp-gpio' property of node '/ocp/interconnect@48000000/segment@100000/target-module@d8000/mmc@0[0]'
[    2.381183] sdhci-omap 481d8000.mmc: using lookup tables for GPIO lookup
[    2.381195] sdhci-omap 481d8000.mmc: No GPIO consumer wp found
[    2.382267] sdhci-omap 48060000.mmc: supply vqmmc not found, using dummy regulator
[    2.390812] sdhci-omap 481d8000.mmc: supply pbias not found, using dummy regulator
[    2.399413] sdhci-omap 481d8000.mmc: supply vqmmc not found, using dummy regulator
[    2.436951] mmc1: SDHCI controller on 481d8000.mmc [481d8000.mmc] using External DMA
[    2.445986] mmc0: SDHCI controller on 48060000.mmc [48060000.mmc] using External DMA
[    2.454853] cpsw-switch 4a100000.switch: starting ndev. mode: dual_mac
[    2.521739] mmc1: new high speed MMC card at address 0001
[    2.528606] mmcblk1: mmc1:0001 MMC04G 3.60 GiB
[    2.536336]  mmcblk1: p1 p2
[    2.540114] SMSC LAN8710/LAN8720 4a101000.mdio:00: attached PHY driver (mii_bus:phy_addr=4a101000.mdio:00, irq=POLL)
[    2.552696] mmcblk1boot0: mmc1:0001 MMC04G 2.00 MiB
[    2.564784] mmcblk1boot1: mmc1:0001 MMC04G 2.00 MiB
[    2.571906] mmcblk1rpmb: mmc1:0001 MMC04G 128 KiB, chardev (250:0)
[    2.624484] mmc0: new high speed SDHC card at address aaaa
[    2.631314] mmcblk0: mmc0:aaaa SE32G 29.7 GiB
[    2.640416]  mmcblk0: p1 p2
[    5.682142] cpsw-switch 4a100000.switch eth0: Link is Up - 100Mbps/Full - flow control off
[    5.721593] IP-Config: Complete:
[    5.724870]      device=eth0, hwaddr=6c:ec:eb:68:de:78, ipaddr=192.168.255.1, mask=255.255.255.0, gw=255.255.255.255
[    5.735542]      host=bbb1, domain=, nis-domain=(none)
[    5.740711]      bootserver=192.168.255.126, rootserver=192.168.255.126, rootpath=
[    5.741139] clk: Disabling unused clocks
[    5.752975] PM: genpd: Disabling unused power domains
[    5.758090] KTAP version 1
[    5.760811] 1..0
[    5.784819] VFS: Mounted root (nfs filesystem) on device 0:17.
[    5.791886] devtmpfs: mounted
[    5.796303] Freeing unused kernel image (initmem) memory: 1024K
[    5.803135] Run /sbin/init as init process
[    5.807265]   with arguments:
[    5.807279]     /sbin/init
[    5.807288]     nfsrootdebug
[    5.807298]   with environment:
[    5.807306]     HOME=/
[    5.807315]     TERM=linux
[    6.491296] systemd[1]: System time before build time, advancing clock.
[    7.971376] random: crng init done
[    8.012229] systemd[1]: systemd 232 running in system mode. (+PAM +AUDIT +SELINUX +IMA +APPARMOR +SMACK +SYSVINIT +UTMP +LIBCRYPTSETUP +GCRYPT +GNUTLS +ACL +XZ +LZ4 +SECCOMP +BLKID +ELFUTILS +KMOD +IDN)
[    8.031307] systemd[1]: Detected architecture arm.
[    8.064384] systemd[1]: Set hostname to <arm>.
[    9.163690] systemd[1]: Listening on Journal Socket.
[    9.182161] systemd[1]: Listening on Syslog Socket.
[    9.213141] systemd[1]: Created slice User and Session Slice.
[    9.242260] systemd[1]: Started Forward Password Requests to Wall Directory Watch.
[    9.273377] systemd[1]: Listening on /dev/initctl Compatibility Named Pipe.
[    9.302214] systemd[1]: Listening on Journal Socket (/dev/log).
[    9.332287] systemd[1]: Started Dispatch Password Requests to Console Directory Watch.
[   11.649494] systemd-journald[82]: Received request to flush runtime journal from PID 1
[   14.298938] leds-gpio leds: using DT '/leds/led2' for '(default)' GPIO lookup
[   14.299040] of_get_named_gpiod_flags: parsed 'gpios' property of node '/leds/led2[0]' - status (0)
[   14.299097] gpio gpiochip0: Persistence not supported for GPIO 21
[   14.299112] gpio-533 (?): no flags found for GPIO (default)
[   14.350762] leds-gpio leds: using DT '/leds/led3' for '(default)' GPIO lookup
[   14.350870] of_get_named_gpiod_flags: parsed 'gpios' property of node '/leds/led3[0]' - status (0)
[   14.350924] gpio gpiochip0: Persistence not supported for GPIO 22
[   14.350940] gpio-534 (?): no flags found for GPIO (default)
[   14.371996] leds-gpio leds: using DT '/leds/led4' for '(default)' GPIO lookup
[   14.372094] of_get_named_gpiod_flags: parsed 'gpios' property of node '/leds/led4[0]' - status (0)
[   14.372146] gpio gpiochip0: Persistence not supported for GPIO 23
[   14.372161] gpio-535 (?): no flags found for GPIO (default)
[   14.391976] leds-gpio leds: using DT '/leds/led5' for '(default)' GPIO lookup
[   14.392076] of_get_named_gpiod_flags: parsed 'gpios' property of node '/leds/led5[0]' - status (0)
[   14.392127] gpio gpiochip0: Persistence not supported for GPIO 24
[   14.392142] gpio-536 (?): no flags found for GPIO (default)
[   14.754321] remoteproc remoteproc0: wkup_m3 is available
[   15.058257] wkup_m3_ipc 44e11324.wkup_m3_ipc: IPC Request for A8->M3 Channel failed! -517
[   15.140381] omap_wdt: OMAP Watchdog Timer Rev 0x01: initial timeout 60 sec
[   15.153198] wkup_m3_ipc 44e11324.wkup_m3_ipc: IPC Request for A8->M3 Channel failed! -517
[   15.203485] at24 2-0054: supply vcc not found, using dummy regulator
[   15.343086] at24 2-0055: supply vcc not found, using dummy regulator
[   15.526567] at24 2-0056: supply vcc not found, using dummy regulator
[   15.647025] at24 2-0057: supply vcc not found, using dummy regulator
[   15.721205] tps6521x_pwrbutton tps65217-pwrbutton: DMA mask not set
[   15.768646] omap_rtc 44e3e000.rtc: registered as rtc0
[   15.774006] omap_rtc 44e3e000.rtc: setting system clock to 2000-01-01T00:00:01 UTC (946684801)
[   15.782773] omap_rtc 44e3e000.rtc: using DT '/ocp/interconnect@44c00000/segment@200000/target-module@3e000/rtc@0' for 'wp' GPIO lookup
[   15.782845] of_get_named_gpiod_flags: can't parse 'wp-gpios' property of node '/ocp/interconnect@44c00000/segment@200000/target-module@3e000/rtc@0[0]'
[   15.782898] of_get_named_gpiod_flags: can't parse 'wp-gpio' property of node '/ocp/interconnect@44c00000/segment@200000/target-module@3e000/rtc@0[0]'
[   15.782937] omap_rtc 44e3e000.rtc: using lookup tables for GPIO lookup
[   15.782950] omap_rtc 44e3e000.rtc: No GPIO consumer wp found
[   15.787676] wkup_m3_ipc 44e11324.wkup_m3_ipc: IPC Request for A8->M3 Channel failed! -517
[   15.847311] input: tps65217_pwrbutton as /devices/platform/ocp/44c00000.interconnect/44c00000.interconnect:segment@200000/44e0b000.target-module/44e0b000.i2c/i2c-0/0-0024/tps65217-pwrbutton/input/input0
[   15.867774] at24 0-0050: using DT '/ocp/interconnect@44c00000/segment@200000/target-module@b000/i2c@0/baseboard_eeprom@50' for 'wp' GPIO lookup
[   15.867880] of_get_named_gpiod_flags: can't parse 'wp-gpios' property of node '/ocp/interconnect@44c00000/segment@200000/target-module@b000/i2c@0/baseboard_eeprom@50[0]'
[   15.867940] of_get_named_gpiod_flags: can't parse 'wp-gpio' property of node '/ocp/interconnect@44c00000/segment@200000/target-module@b000/i2c@0/baseboard_eeprom@50[0]'
[   15.867986] at24 0-0050: using lookup tables for GPIO lookup
[   15.867998] at24 0-0050: No GPIO consumer wp found
[   15.868277] at24 0-0050: 32768 byte 24c256 EEPROM, writable, 1 bytes/write
[   15.909656] wkup_m3_ipc 44e11324.wkup_m3_ipc: IPC Request for A8->M3 Channel failed! -517
[   16.003660] wkup_m3_ipc 44e11324.wkup_m3_ipc: IPC Request for A8->M3 Channel failed! -517
[   16.136353] am335x-phy-driver 47401300.usb-phy: using DT '/ocp/target-module@47400000/usb-phy@1300' for 'reset' GPIO lookup
[   16.136539] of_get_named_gpiod_flags: can't parse 'reset-gpios' property of node '/ocp/target-module@47400000/usb-phy@1300[0]'
[   16.136590] of_get_named_gpiod_flags: can't parse 'reset-gpio' property of node '/ocp/target-module@47400000/usb-phy@1300[0]'
[   16.136671] am335x-phy-driver 47401300.usb-phy: using lookup tables for GPIO lookup
[   16.136686] am335x-phy-driver 47401300.usb-phy: No GPIO consumer reset found
[   16.136700] am335x-phy-driver 47401300.usb-phy: using DT '/ocp/target-module@47400000/usb-phy@1300' for 'vbus-detect' GPIO lookup
[   16.136772] of_get_named_gpiod_flags: can't parse 'vbus-detect-gpios' property of node '/ocp/target-module@47400000/usb-phy@1300[0]'
[   16.136807] of_get_named_gpiod_flags: can't parse 'vbus-detect-gpio' property of node '/ocp/target-module@47400000/usb-phy@1300[0]'
[   16.136835] am335x-phy-driver 47401300.usb-phy: using lookup tables for GPIO lookup
[   16.136884] am335x-phy-driver 47401300.usb-phy: No GPIO consumer vbus-detect found
[   16.137080] am335x-phy-driver 47401300.usb-phy: dummy supplies not allowed for exclusive requests (id=vbus)
[   16.301682] am335x-phy-driver 47401b00.usb-phy: using DT '/ocp/target-module@47400000/usb-phy@1b00' for 'reset' GPIO lookup
[   16.301773] of_get_named_gpiod_flags: can't parse 'reset-gpios' property of node '/ocp/target-module@47400000/usb-phy@1b00[0]'
[   16.301817] of_get_named_gpiod_flags: can't parse 'reset-gpio' property of node '/ocp/target-module@47400000/usb-phy@1b00[0]'
[   16.301855] am335x-phy-driver 47401b00.usb-phy: using lookup tables for GPIO lookup
[   16.301869] am335x-phy-driver 47401b00.usb-phy: No GPIO consumer reset found
[   16.301884] am335x-phy-driver 47401b00.usb-phy: using DT '/ocp/target-module@47400000/usb-phy@1b00' for 'vbus-detect' GPIO lookup
[   16.301914] of_get_named_gpiod_flags: can't parse 'vbus-detect-gpios' property of node '/ocp/target-module@47400000/usb-phy@1b00[0]'
[   16.301945] of_get_named_gpiod_flags: can't parse 'vbus-detect-gpio' property of node '/ocp/target-module@47400000/usb-phy@1b00[0]'
[   16.301972] am335x-phy-driver 47401b00.usb-phy: using lookup tables for GPIO lookup
[   16.301983] am335x-phy-driver 47401b00.usb-phy: No GPIO consumer vbus-detect found
[   16.302132] am335x-phy-driver 47401b00.usb-phy: dummy supplies not allowed for exclusive requests (id=vbus)
[   16.332598] wkup_m3_ipc 44e11324.wkup_m3_ipc: IPC Request for A8->M3 Channel failed! -517
[   16.499438] wkup_m3_ipc 44e11324.wkup_m3_ipc: IPC Request for A8->M3 Channel failed! -517
[   16.662318] usbcore: registered new interface driver usbfs
[   16.667956] usbcore: registered new interface driver hub
[   16.673573] usbcore: registered new device driver usb
[   17.055490] tda998x 0-0070: found TDA19988
[   17.171661] wkup_m3_ipc 44e11324.wkup_m3_ipc: IPC Request for A8->M3 Channel failed! -517
[   17.234495] wkup_m3_ipc 44e11324.wkup_m3_ipc: IPC Request for A8->M3 Channel failed! -517
[   17.350477] musb-hdrc musb-hdrc.1: MUSB HDRC host driver
[   17.356135] musb-hdrc musb-hdrc.1: new USB bus registered, assigned bus number 1
[   17.371027] wkup_m3_ipc 44e11324.wkup_m3_ipc: IPC Request for A8->M3 Channel failed! -517
[   17.566788] omap-mailbox 480c8000.mailbox: omap mailbox rev 0x400
[   17.605291] usb usb1: New USB device found, idVendor=1d6b, idProduct=0002, bcdDevice= 6.12
[   17.613917] usb usb1: New USB device strings: Mfr=3, Product=2, SerialNumber=1
[   17.621190] usb usb1: Product: MUSB HDRC host driver
[   17.626297] usb usb1: Manufacturer: Linux 6.12.43 musb-hcd
[   17.631846] usb usb1: SerialNumber: musb-hdrc.1
[   17.693735] remoteproc remoteproc0: powering up wkup_m3
[   17.913965] remoteproc remoteproc0: Direct firmware load for am335x-pm-firmware.elf failed with error -2
[   17.923785] remoteproc remoteproc0: request_firmware failed: -2
[   17.929778] wkup_m3_ipc 44e11324.wkup_m3_ipc: rproc_boot failed
[   17.979052] hub 1-0:1.0: USB hub found
[   18.043738] hub 1-0:1.0: 1 port detected
[   19.688565] tilcdc 4830e000.lcdc: bound 0-0070 (ops 0xbf09a0fc)
[   19.741918] omap_rng 48310000.rng: Random Number Generator ver. 20
[   19.805111] [drm] Initialized tilcdc 1.0.0 for 4830e000.lcdc on minor 0
[   19.881719] tilcdc 4830e000.lcdc: [drm] Cannot find any crtc or sizes
[   19.890670] tilcdc 4830e000.lcdc: [drm] Cannot find any crtc or sizes
[   20.928239] PM: Cannot get wkup_m3_ipc handle
[   20.994597] omap-sham 53100000.sham: hw accel on OMAP rev 4.3
[   21.181879] omap-sham 53100000.sham: will run requests pump with realtime priority
[   21.191945] PM: Cannot get wkup_m3_ipc handle
[   21.251886] omap-aes 53500000.aes: OMAP AES hw accel rev: 3.2
[   21.410844] omap-aes 53500000.aes: will run requests pump with realtime priority
[   21.426913] PM: Cannot get wkup_m3_ipc handle
[   24.307510] Bluetooth: Core ver 2.22
[   24.312171] NET: Registered PF_BLUETOOTH protocol family
[   24.317527] Bluetooth: HCI device and connection manager initialized
[   24.324165] Bluetooth: HCI socket layer initialized
[   24.329088] Bluetooth: L2CAP socket layer initialized
[   24.334269] Bluetooth: SCO socket layer initialized
[   25.087210] PM: Cannot get wkup_m3_ipc handle
[   25.093192] asoc-simple-card sound: using DT '/sound' for 'simple-audio-card,hp-det' GPIO lookup
[   25.093263] of_get_named_gpiod_flags: can't parse 'simple-audio-card,hp-det-gpios' property of node '/sound[0]'
[   25.093298] of_get_named_gpiod_flags: can't parse 'simple-audio-card,hp-det-gpio' property of node '/sound[0]'
[   25.093322] asoc-simple-card sound: using lookup tables for GPIO lookup
[   25.093335] asoc-simple-card sound: No GPIO consumer simple-audio-card,hp-det found
[   25.093349] asoc-simple-card sound: using DT '/sound' for 'simple-audio-card,mic-det' GPIO lookup
[   25.093372] of_get_named_gpiod_flags: can't parse 'simple-audio-card,mic-det-gpios' property of node '/sound[0]'
[   25.093398] of_get_named_gpiod_flags: can't parse 'simple-audio-card,mic-det-gpio' property of node '/sound[0]'
[   25.093418] asoc-simple-card sound: using lookup tables for GPIO lookup
[   25.093429] asoc-simple-card sound: No GPIO consumer simple-audio-card,mic-det found
[   25.180763] PM: Cannot get wkup_m3_ipc handle
[   27.729734] userial_init: registered 8 ttyGS* devices
[   28.005131] rndis_register: configNr = 0
[   28.114724] udc musb-hdrc.0: binding gadget driver [g_multi]
[   28.114829] configfs-gadget.g_multi gadget.0: adding 'rndis'/c5682b0f to config 'c'/b8c5e883
[   28.115962] configfs-gadget.g_multi gadget.0: HOST MAC 1c:ba:8c:a2:ed:6c
[   28.122949] configfs-gadget.g_multi gadget.0: MAC 1c:ba:8c:a2:ed:70
[   28.129336] rndis_set_param_medium: 0 0
[   28.129358] configfs-gadget.g_multi gadget.0: RNDIS: IN/ep1in OUT/ep1out NOTIFY/ep2in
[   28.129375] configfs-gadget.g_multi gadget.0: adding 'cdc_ethernet'/2700e58f to config 'c'/b8c5e883
[   28.130322] configfs-gadget.g_multi gadget.0: HOST MAC 1c:ba:8c:a2:ed:6c
[   28.137228] configfs-gadget.g_multi gadget.0: MAC 1c:ba:8c:a2:ed:6d
[   28.143607] configfs-gadget.g_multi gadget.0: CDC Ethernet: IN/ep3in OUT/ep2out NOTIFY/ep4in
[   28.143627] configfs-gadget.g_multi gadget.0: adding 'acm'/5628d5a4 to config 'c'/b8c5e883
[   28.143662] configfs-gadget.g_multi gadget.0: acm ttyGS0: IN/ep5in OUT/ep3out NOTIFY/ep6in
[   28.148847] PM: Cannot get wkup_m3_ipc handle
[   29.339631] configfs-gadget.g_multi gadget.0: eth_open
[   30.115534] configfs-gadget.g_multi gadget.0: stop stats: rx/tx 0/0, errs 0/0
[   34.725362] gs_open: ttyGS0 (e98dc15b,cbe24c88)
[   34.725514] gs_close: ttyGS0 (e98dc15b,cbe24c88) ...
[   34.725535] gs_close: ttyGS0 (e98dc15b,cbe24c88) done!
[   34.725703] gs_open: ttyGS0 (7cb13ff3,cbe24c88)
[   34.725775] gs_close: ttyGS0 (7cb13ff3,cbe24c88) ...
[   34.725793] gs_close: ttyGS0 (7cb13ff3,cbe24c88) done!
[   34.923689] gs_open: ttyGS0 (b08920db,fa9acc6f)
[   34.923924] gs_close: ttyGS0 (b08920db,fa9acc6f) ...
[   34.923953] gs_close: ttyGS0 (b08920db,fa9acc6f) done!
[   34.926064] gs_open: ttyGS0 (b08920db,9ec08bc3)
WVVCHLAUJB 0
root@arm:~# echo 'CUUB''TUJNTW'
CUUBTUJNTW
root@arm:~# MARKER='QATV''GULAXK' run 'modprobe test_linear_ranges'
QATVGULAXKQATVGULAXK 0
root@arm:~# echo 'MNVL''UFJAZO'
MNVLUFJAZO
root@arm:~# MARKER='JSAS''FEPOMV' run dmesg
JSASFEPOMV[    0.000000] Booting Linux on physical CPU 0x0
[    0.000000] Linux version 6.12.43 (user01@drvtest01) (arm-none-eabi-gcc (Arm GNU Toolchain 14.2.Rel1 (Build arm-14.52)) 14.2.1 20241119, GNU ld (Arm GNU Toolchain 14.2.Rel1 (Build arm-14.52)) 2.43.1.20241119) #1 SMP Wed Aug 20 20:08:05 EEST 2025
[    0.000000] CPU: ARMv7 Processor [413fc082] revision 2 (ARMv7), cr=10c5387d
[    0.000000] CPU: PIPT / VIPT nonaliasing data cache, VIPT aliasing instruction cache
[    0.000000] OF: fdt: Machine model: TI AM335x BeagleBone Black
[    0.000000] Memory policy: Data cache writeback
[    0.000000] cma: Reserved 16 MiB at 0x9e800000 on node -1
[    0.000000] Zone ranges:
[    0.000000]   Normal   [mem 0x0000000080000000-0x000000009fdfffff]
[    0.000000]   HighMem  empty
[    0.000000] Movable zone start for each node
[    0.000000] Early memory node ranges
[    0.000000]   node   0: [mem 0x0000000080000000-0x000000009fdfffff]
[    0.000000] Initmem setup node 0 [mem 0x0000000080000000-0x000000009fdfffff]
[    0.000000] OF: reserved mem: Reserved memory: No reserved-memory node in the DT
[    0.000000] CPU: All CPU(s) started in SVC mode.
[    0.000000] AM335X ES2.1 (sgx neon)
[    0.000000] percpu: Embedded 17 pages/cpu s40396 r8192 d21044 u69632
[    0.000000] pcpu-alloc: s40396 r8192 d21044 u69632 alloc=17*4096
[    0.000000] pcpu-alloc: [0] 0 
[    0.000000] Kernel command line: console=ttyO0,115200n8 root=/dev/nfs rw nfsroot=192.168.255.126:/home/user01/nfs,nfsvers=3 ip=192.168.255.1:192.168.255.126::255.255.255.0:bbb1:eth0 nfsrootdebug
[    0.000000] Unknown kernel command line parameters "nfsrootdebug", will be passed to user space.
[    0.000000] Dentry cache hash table entries: 65536 (order: 6, 262144 bytes, linear)
[    0.000000] Inode-cache hash table entries: 32768 (order: 5, 131072 bytes, linear)
[    0.000000] Built 1 zonelists, mobility grouping on.  Total pages: 130560
[    0.000000] mem auto-init: stack:off, heap alloc:off, heap free:off
[    0.000000] SLUB: HWalign=64, Order=0-3, MinObjects=0, CPUs=1, Nodes=1
[    0.000000] rcu: Hierarchical RCU implementation.
[    0.000000] rcu: 	RCU event tracing is enabled.
[    0.000000] rcu: 	RCU restricting CPUs from NR_CPUS=2 to nr_cpu_ids=1.
[    0.000000] rcu: RCU calculated value of scheduler-enlistment delay is 10 jiffies.
[    0.000000] rcu: Adjusting geometry for rcu_fanout_leaf=16, nr_cpu_ids=1
[    0.000000] NR_IRQS: 16, nr_irqs: 16, preallocated irqs: 16
[    0.000000] IRQ: Found an INTC at 0x(ptrval) (revision 5.0) with 128 interrupts
[    0.000000] rcu: srcu_init: Setting srcu_struct sizes based on contention.
[    0.000000] TI gptimer clocksource: always-on /ocp/interconnect@44c00000/segment@200000/target-module@31000
[    0.000002] sched_clock: 32 bits at 24MHz, resolution 41ns, wraps every 89478484971ns
[    0.000027] clocksource: dmtimer: mask: 0xffffffff max_cycles: 0xffffffff, max_idle_ns: 79635851949 ns
[    0.000491] TI gptimer clockevent: 24000000 Hz at /ocp/interconnect@48000000/segment@0/target-module@40000
[    0.002084] Console: colour dummy device 80x30
[    0.002144] WARNING: Your 'console=ttyO0' has been replaced by 'ttyS0'
[    0.002152] This ensures that you still see kernel messages. Please
[    0.002157] update your kernel commandline.
[    0.002199] Calibrating delay loop... 996.14 BogoMIPS (lpj=4980736)
[    0.090537] CPU: Testing write buffer coherency: ok
[    0.090649] CPU0: Spectre v2: using BPIALL workaround
[    0.090659] pid_max: default: 32768 minimum: 301
[    0.090794] LSM: initializing lsm=capability
[    0.090966] Mount-cache hash table entries: 1024 (order: 0, 4096 bytes, linear)
[    0.090985] Mountpoint-cache hash table entries: 1024 (order: 0, 4096 bytes, linear)
[    0.092560] CPU0: thread -1, cpu 0, socket -1, mpidr 0
[    0.094597] Setting up static identity map for 0x80100000 - 0x80100078
[    0.094914] rcu: Hierarchical SRCU implementation.
[    0.094925] rcu: 	Max phase no-delay instances is 1000.
[    0.096693] smp: Bringing up secondary CPUs ...
[    0.096747] smp: Brought up 1 node, 1 CPU
[    0.096759] SMP: Total of 1 processors activated (996.14 BogoMIPS).
[    0.096772] CPU: All CPU(s) started in SVC mode.
[    0.096960] Memory: 480868K/522240K available (11264K kernel code, 1211K rwdata, 2880K rodata, 1024K init, 295K bss, 23360K reserved, 16384K cma-reserved, 0K highmem)
[    0.097759] devtmpfs: initialized
[    0.114048] VFP support v0.3: implementor 41 architecture 3 part 30 variant c rev 3
[    0.114392] clocksource: jiffies: mask: 0xffffffff max_cycles: 0xffffffff, max_idle_ns: 19112604462750000 ns
[    0.114430] futex hash table entries: 256 (order: 2, 16384 bytes, linear)
[    0.115744] pinctrl core: initialized pinctrl subsystem
[    0.117855] NET: Registered PF_NETLINK/PF_ROUTE protocol family
[    0.120880] DMA: preallocated 256 KiB pool for atomic coherent allocations
[    0.121799] audit: initializing netlink subsys (disabled)
[    0.123156] thermal_sys: Registered thermal governor 'fair_share'
[    0.123173] thermal_sys: Registered thermal governor 'step_wise'
[    0.123184] thermal_sys: Registered thermal governor 'user_space'
[    0.123296] audit: type=2000 audit(0.120:1): state=initialized audit_enabled=0 res=1
[    0.123366] cpuidle: using governor menu
[    0.141047] /ocp/interconnect@44c00000/segment@200000/target-module@b000/i2c@0/tda19988@70: Fixed dependency cycle(s) with /ocp/interconnect@48000000/segment@300000/target-module@e000/lcdc@0
[    0.142167] /ocp/interconnect@48000000/segment@300000/target-module@e000/lcdc@0: Fixed dependency cycle(s) with /ocp/interconnect@44c00000/segment@200000/target-module@b000/i2c@0/tda19988@70
[    0.144321] No ATAGs?
[    0.144338] hw-breakpoint: debug architecture 0x4 unsupported.
[    0.146967] kprobes: kprobe jump-optimization is enabled. All kprobes are optimized if possible.
[    0.153937] iommu: Default domain type: Translated
[    0.153960] iommu: DMA domain TLB invalidation policy: strict mode
[    0.155510] reg-fixed-voltage fixedregulator0: using DT '/fixedregulator0' for '(default)' GPIO lookup
[    0.155566] of_get_named_gpiod_flags: can't parse 'gpios' property of node '/fixedregulator0[0]'
[    0.155596] of_get_named_gpiod_flags: can't parse 'gpio' property of node '/fixedregulator0[0]'
[    0.155613] reg-fixed-voltage fixedregulator0: using lookup tables for GPIO lookup
[    0.155623] reg-fixed-voltage fixedregulator0: No GPIO consumer (default) found
[    0.161665] SCSI subsystem initialized
[    0.162144] libata version 3.00 loaded.
[    0.162506] pps_core: LinuxPPS API ver. 1 registered
[    0.162518] pps_core: Software ver. 5.3.6 - Copyright 2005-2007 Rodolfo Giometti <giometti@linux.it>
[    0.162541] PTP clock support registered
[    0.171006] vgaarb: loaded
[    0.171355] clocksource: Switched to clocksource dmtimer
[    0.172020] VFS: Disk quotas dquot_6.6.0
[    0.172062] VFS: Dquot-cache hash table entries: 1024 (order 0, 4096 bytes)
[    0.195860] NET: Registered PF_INET protocol family
[    0.196197] IP idents hash table entries: 8192 (order: 4, 65536 bytes, linear)
[    0.197575] tcp_listen_portaddr_hash hash table entries: 512 (order: 0, 4096 bytes, linear)
[    0.197609] Table-perturb hash table entries: 65536 (order: 6, 262144 bytes, linear)
[    0.197626] TCP established hash table entries: 4096 (order: 2, 16384 bytes, linear)
[    0.197673] TCP bind hash table entries: 4096 (order: 4, 65536 bytes, linear)
[    0.197773] TCP: Hash tables configured (established 4096 bind 4096)
[    0.197892] UDP hash table entries: 256 (order: 1, 8192 bytes, linear)
[    0.197920] UDP-Lite hash table entries: 256 (order: 1, 8192 bytes, linear)
[    0.198087] NET: Registered PF_UNIX/PF_LOCAL protocol family
[    0.199365] RPC: Registered named UNIX socket transport module.
[    0.199386] RPC: Registered udp transport module.
[    0.199392] RPC: Registered tcp transport module.
[    0.199397] RPC: Registered tcp-with-tls transport module.
[    0.199402] RPC: Registered tcp NFSv4.1 backchannel transport module.
[    0.199426] PCI: CLS 0 bytes, default 64
[    0.200808] Initialise system trusted keyrings
[    0.211603] workingset: timestamp_bits=14 max_order=17 bucket_order=3
[    0.212885] NFS: Registering the id_resolver key type
[    0.212959] Key type id_resolver registered
[    0.212966] Key type id_legacy registered
[    0.213016] jffs2: version 2.2. (NAND) (SUMMARY)  Â© 2001-2006 Red Hat, Inc.
[    0.213415] Key type asymmetric registered
[    0.213430] Asymmetric key parser 'x509' registered
[    0.213497] io scheduler mq-deadline registered
[    0.213507] io scheduler kyber registered
[    0.213569] io scheduler bfq registered
[    0.215418] target-module@4b000000:target-module@140000:pmu@0:fck: device ID is greater than 24
[    0.221623] l3-aon-clkctrl:0000:0: failed to disable
[    0.221887] ledtrig-cpu: registered to indicate activity on CPUs
[    0.231987] Serial: 8250/16550 driver, 6 ports, IRQ sharing enabled
[    0.273894] brd: module loaded
[    0.292374] loop: module loaded
[    0.293304] mtdoops: mtd device (mtddev=name/number) must be supplied
[    0.295006] mdio_bus fixed-0: using lookup tables for GPIO lookup
[    0.295029] mdio_bus fixed-0: No GPIO consumer reset found
[    0.296390] i2c_dev: i2c /dev entries driver
[    0.297373] cpuidle: enable-method property 'ti,am3352' found operations
[    0.297808] sdhci: Secure Digital Host Controller Interface driver
[    0.297818] sdhci: Copyright(c) Pierre Ossman
[    0.297991] sdhci-pltfm: SDHCI platform and OF driver helper
[    0.299443] hw perfevents: enabled with armv7_cortex_a8 PMU driver, 5 (8000000f) counters available
[    0.299946] Initializing XFRM netlink socket
[    0.300080] NET: Registered PF_INET6 protocol family
[    0.305715] l3-aon-clkctrl:0000:0: failed to disable
[    0.313917] Segment Routing with IPv6
[    0.314004] In-situ OAM (IOAM) with IPv6
[    0.314104] sit: IPv6, IPv4 and MPLS over IPv4 tunneling driver
[    0.315036] NET: Registered PF_PACKET protocol family
[    0.315066] NET: Registered PF_KEY protocol family
[    0.315180] Key type dns_resolver registered
[    0.315408] ThumbEE CPU extension supported.
[    0.315428] Registering SWP/SWPB emulation handler
[    0.315945] omap_voltage_late_init: Voltage driver support not added
[    0.316637] SmartReflex Class3 initialized
[    0.353348] Loading compiled-in X.509 certificates
[    0.383458] /ocp/interconnect@44c00000/segment@200000/target-module@b000/i2c@0/tda19988@70: Fixed dependency cycle(s) with /ocp/interconnect@48000000/segment@300000/target-module@e000/lcdc@0
[    0.389583] /ocp/interconnect@44c00000/segment@200000/target-module@b000/i2c@0/tda19988@70: Fixed dependency cycle(s) with /ocp/interconnect@48000000/segment@300000/target-module@e000/lcdc@0
[    0.395037] gpiochip_find_base_unlocked: found new base at 512
[    0.415955] /ocp/interconnect@44c00000/segment@200000/target-module@b000/i2c@0/tda19988@70: Fixed dependency cycle(s) with /ocp/interconnect@48000000/segment@300000/target-module@e000/lcdc@0
[    0.416786] /ocp/interconnect@44c00000/segment@200000/target-module@b000/i2c@0/tda19988@70: Fixed dependency cycle(s) with /ocp/interconnect@48000000/segment@300000/target-module@e000/lcdc@0
[    0.419996] /ocp/interconnect@44c00000/segment@200000/target-module@10000/scm@0/pinmux@800: Fixed dependency cycle(s) with /ocp/interconnect@44c00000/segment@200000/target-module@10000/scm@0/pinmux@800/clkout2-pins
[    0.420634] pinctrl-single 44e10800.pinmux: 142 pins, size 568
[    0.425864] ti-sysc 44e31000.target-module: probe with driver ti-sysc failed with error -16
[    0.462903] /ocp/interconnect@48000000/segment@300000/target-module@e000/lcdc@0: Fixed dependency cycle(s) with /ocp/interconnect@44c00000/segment@200000/target-module@b000/i2c@0/tda19988@70
[    0.470309] ti-sysc 48040000.target-module: probe with driver ti-sysc failed with error -16
[    0.481065] gpiochip_find_base_unlocked: found new base at 512
[    0.481168] gpio gpiochip0: (gpio-0-31): created GPIO range 0->7 ==> 44e10800.pinmux PIN 0->7
[    0.481187] gpio gpiochip0: (gpio-0-31): created GPIO range 8->11 ==> 44e10800.pinmux PIN 90->93
[    0.481202] gpio gpiochip0: (gpio-0-31): created GPIO range 12->27 ==> 44e10800.pinmux PIN 12->27
[    0.481218] gpio gpiochip0: (gpio-0-31): created GPIO range 28->31 ==> 44e10800.pinmux PIN 30->33
[    0.507272] gpio gpiochip0: (gpio-0-31): added GPIO chardev (254:0)
[    0.507437] gpio gpiochip0: registered GPIOs 512 to 543 on gpio-0-31
[    0.507528] OMAP GPIO hardware version 0.1
[    0.540743] i2c i2c-2: using DT '/ocp/interconnect@48000000/segment@100000/target-module@9c000/i2c@0' for 'scl' GPIO lookup
[    0.540818] of_get_named_gpiod_flags: can't parse 'scl-gpios' property of node '/ocp/interconnect@48000000/segment@100000/target-module@9c000/i2c@0[0]'
[    0.540863] of_get_named_gpiod_flags: can't parse 'scl-gpio' property of node '/ocp/interconnect@48000000/segment@100000/target-module@9c000/i2c@0[0]'
[    0.540899] i2c i2c-2: using lookup tables for GPIO lookup
[    0.540908] i2c i2c-2: No GPIO consumer scl found
[    0.540930] i2c i2c-2: using DT '/ocp/interconnect@48000000/segment@100000/target-module@9c000/i2c@0' for 'sda' GPIO lookup
[    0.540966] of_get_named_gpiod_flags: can't parse 'sda-gpios' property of node '/ocp/interconnect@48000000/segment@100000/target-module@9c000/i2c@0[0]'
[    0.541004] of_get_named_gpiod_flags: can't parse 'sda-gpio' property of node '/ocp/interconnect@48000000/segment@100000/target-module@9c000/i2c@0[0]'
[    0.541035] i2c i2c-2: using lookup tables for GPIO lookup
[    0.541043] i2c i2c-2: No GPIO consumer sda found
[    0.541919] omap_i2c 4819c000.i2c: bus 2 rev0.11 at 100 kHz
[    0.547126] gpiochip_find_base_unlocked: found new base at 544
[    0.547227] gpio gpiochip1: (gpio-32-63): created GPIO range 0->17 ==> 44e10800.pinmux PIN 34->51
[    0.547247] gpio gpiochip1: (gpio-32-63): created GPIO range 18->21 ==> 44e10800.pinmux PIN 77->80
[    0.547263] gpio gpiochip1: (gpio-32-63): created GPIO range 22->31 ==> 44e10800.pinmux PIN 56->65
[    0.562166] gpio gpiochip1: (gpio-32-63): added GPIO chardev (254:1)
[    0.562341] gpio gpiochip1: registered GPIOs 544 to 575 on gpio-32-63
[    0.564479] gpiochip_find_base_unlocked: found new base at 576
[    0.564576] gpio gpiochip2: (gpio-64-95): created GPIO range 0->4 ==> 44e10800.pinmux PIN 66->70
[    0.564597] gpio gpiochip2: (gpio-64-95): created GPIO range 5->6 ==> 44e10800.pinmux PIN 98->99
[    0.564612] gpio gpiochip2: (gpio-64-95): created GPIO range 7->8 ==> 44e10800.pinmux PIN 75->76
[    0.564627] gpio gpiochip2: (gpio-64-95): created GPIO range 13->13 ==> 44e10800.pinmux PIN 141->141
[    0.564642] gpio gpiochip2: (gpio-64-95): created GPIO range 14->21 ==> 44e10800.pinmux PIN 100->107
[    0.565349] gpio gpiochip2: (gpio-64-95): added GPIO chardev (254:2)
[    0.565482] gpio gpiochip2: registered GPIOs 576 to 607 on gpio-64-95
[    0.570886] 48000000.interconnect:segment@200000:target-module@0:mpu@0:fck: device ID is greater than 24
[    0.571983] /ocp/interconnect@48000000/segment@300000/target-module@e000/lcdc@0: Fixed dependency cycle(s) with /ocp/interconnect@44c00000/segment@200000/target-module@b000/i2c@0/tda19988@70
[    0.574617] /ocp/interconnect@48000000/segment@300000/target-module@e000/lcdc@0: Fixed dependency cycle(s) with /ocp/interconnect@44c00000/segment@200000/target-module@b000/i2c@0/tda19988@70
[    0.575276] /ocp/interconnect@44c00000/segment@200000/target-module@b000/i2c@0/tda19988@70: Fixed dependency cycle(s) with /ocp/interconnect@48000000/segment@300000/target-module@e000/lcdc@0
[    0.575437] /ocp/interconnect@48000000/segment@300000/target-module@e000/lcdc@0: Fixed dependency cycle(s) with /ocp/interconnect@44c00000/segment@200000/target-module@b000/i2c@0/tda19988@70
[    0.584668] mdio_bus 4a101000.mdio: using DT '/ocp/interconnect@4a000000/segment@0/target-module@100000/switch@0/mdio@1000' for 'reset' GPIO lookup
[    0.584743] of_get_named_gpiod_flags: can't parse 'reset-gpios' property of node '/ocp/interconnect@4a000000/segment@0/target-module@100000/switch@0/mdio@1000[0]'
[    0.584791] of_get_named_gpiod_flags: can't parse 'reset-gpio' property of node '/ocp/interconnect@4a000000/segment@0/target-module@100000/switch@0/mdio@1000[0]'
[    0.584837] mdio_bus 4a101000.mdio: using lookup tables for GPIO lookup
[    0.584846] mdio_bus 4a101000.mdio: No GPIO consumer reset found
[    0.585750] sdhci-omap 481d8000.mmc: using DT '/ocp/interconnect@48000000/segment@100000/target-module@d8000/mmc@0' for 'wp' GPIO lookup
[    0.585806] of_get_named_gpiod_flags: can't parse 'wp-gpios' property of node '/ocp/interconnect@48000000/segment@100000/target-module@d8000/mmc@0[0]'
[    0.585848] of_get_named_gpiod_flags: can't parse 'wp-gpio' property of node '/ocp/interconnect@48000000/segment@100000/target-module@d8000/mmc@0[0]'
[    0.585881] sdhci-omap 481d8000.mmc: using lookup tables for GPIO lookup
[    0.585891] sdhci-omap 481d8000.mmc: No GPIO consumer wp found
[    0.586081] sdhci-omap 481d8000.mmc: supply pbias not found, using dummy regulator
[    0.586564] sdhci-omap 481d8000.mmc: supply vqmmc not found, using dummy regulator
[    0.634461] davinci_mdio 4a101000.mdio: davinci mdio revision 1.6, bus freq 1000000
[    0.652048] mdio_bus 4a101000.mdio:00: using DT '/ocp/interconnect@4a000000/segment@0/target-module@100000/switch@0/mdio@1000/ethernet-phy@0' for 'reset' GPIO lookup
[    0.652152] of_get_named_gpiod_flags: parsed 'reset-gpios' property of node '/ocp/interconnect@4a000000/segment@0/target-module@100000/switch@0/mdio@1000/ethernet-phy@0[0]' - status (0)
[    0.652318] gpio gpiochip0: Persistence not supported for GPIO 8
[    0.738727] davinci_mdio 4a101000.mdio: phy[0]: device 4a101000.mdio:00, driver SMSC LAN8710/LAN8720
[    0.739499] cpsw-switch 4a100000.switch: initialized cpsw ale version 1.4
[    0.739523] cpsw-switch 4a100000.switch: ALE Table size 1024, Policers 0
[    0.739847] cpsw-switch 4a100000.switch: cpts: overflow check period 500 (jiffies)
[    0.739868] cpsw-switch 4a100000.switch: CPTS: ref_clk_freq:250000000 calc_mult:2147483648 calc_shift:29 error:0 nsec/sec
[    0.739980] cpsw-switch 4a100000.switch: Detected MACID = 6c:ec:eb:68:de:78
[    0.742009] cpsw-switch 4a100000.switch: initialized (regs 0x4a100000, pool size 256) hw_ver:0019010C 1.12 (0)
[    0.752601] debugfs: Directory '49000000.dma' with parent 'dmaengine' already present!
[    0.752641] edma 49000000.dma: TI EDMA DMA engine driver
[    0.782277] gpio-clk clk_mcasp0: using DT '/clk_mcasp0' for 'enable' GPIO lookup
[    0.782355] of_get_named_gpiod_flags: parsed 'enable-gpios' property of node '/clk_mcasp0[0]' - status (0)
[    0.782401] gpio gpiochip0: Persistence not supported for GPIO 27
[    0.783273] gpiochip_find_base_unlocked: found new base at 608
[    0.783386] gpio gpiochip3: (gpio-96-127): created GPIO range 0->7 ==> 44e10800.pinmux PIN 82->89
[    0.783407] gpio gpiochip3: (gpio-96-127): created GPIO range 8->11 ==> 44e10800.pinmux PIN 52->55
[    0.783422] gpio gpiochip3: (gpio-96-127): created GPIO range 12->15 ==> 44e10800.pinmux PIN 94->97
[    0.783438] gpio gpiochip3: (gpio-96-127): created GPIO range 16->17 ==> 44e10800.pinmux PIN 71->72
[    0.783453] gpio gpiochip3: (gpio-96-127): created GPIO range 18->18 ==> 44e10800.pinmux PIN 135->135
[    0.783469] gpio gpiochip3: (gpio-96-127): created GPIO range 19->20 ==> 44e10800.pinmux PIN 108->109
[    0.783487] gpio gpiochip3: (gpio-96-127): created GPIO range 21->21 ==> 44e10800.pinmux PIN 73->73
[    0.783509] gpio gpiochip3: (gpio-96-127): created GPIO range 22->23 ==> 44e10800.pinmux PIN 8->9
[    0.783527] gpio gpiochip3: (gpio-96-127): created GPIO range 26->27 ==> 44e10800.pinmux PIN 10->11
[    0.783544] gpio gpiochip3: (gpio-96-127): created GPIO range 28->28 ==> 44e10800.pinmux PIN 74->74
[    0.783561] gpio gpiochip3: (gpio-96-127): created GPIO range 29->29 ==> 44e10800.pinmux PIN 81->81
[    0.783579] gpio gpiochip3: (gpio-96-127): created GPIO range 30->31 ==> 44e10800.pinmux PIN 28->29
[    0.810874] gpio gpiochip3: (gpio-96-127): added GPIO chardev (254:3)
[    0.811037] gpio gpiochip3: registered GPIOs 608 to 639 on gpio-96-127
[    0.813012] omap8250 44e09000.serial: using DT '/ocp/interconnect@44c00000/segment@200000/target-module@9000/serial@0' for 'rs485-term' GPIO lookup
[    0.813086] of_get_named_gpiod_flags: can't parse 'rs485-term-gpios' property of node '/ocp/interconnect@44c00000/segment@200000/target-module@9000/serial@0[0]'
[    0.813131] of_get_named_gpiod_flags: can't parse 'rs485-term-gpio' property of node '/ocp/interconnect@44c00000/segment@200000/target-module@9000/serial@0[0]'
[    0.813166] omap8250 44e09000.serial: using lookup tables for GPIO lookup
[    0.813175] omap8250 44e09000.serial: No GPIO consumer rs485-term found
[    0.813185] omap8250 44e09000.serial: using DT '/ocp/interconnect@44c00000/segment@200000/target-module@9000/serial@0' for 'rs485-rx-during-tx' GPIO lookup
[    0.813221] of_get_named_gpiod_flags: can't parse 'rs485-rx-during-tx-gpios' property of node '/ocp/interconnect@44c00000/segment@200000/target-module@9000/serial@0[0]'
[    0.813257] of_get_named_gpiod_flags: can't parse 'rs485-rx-during-tx-gpio' property of node '/ocp/interconnect@44c00000/segment@200000/target-module@9000/serial@0[0]'
[    0.813288] omap8250 44e09000.serial: using lookup tables for GPIO lookup
[    0.813296] omap8250 44e09000.serial: No GPIO consumer rs485-rx-during-tx found
[    0.813745] 44e09000.serial: ttyS0 at MMIO 0x44e09000 (irq = 34, base_baud = 3000000) is a 8250
[    0.813832] printk: legacy console [ttyS0] enabled
[    2.278224] i2c i2c-0: using DT '/ocp/interconnect@44c00000/segment@200000/target-module@b000/i2c@0' for 'scl' GPIO lookup
[    2.278310] of_get_named_gpiod_flags: can't parse 'scl-gpios' property of node '/ocp/interconnect@44c00000/segment@200000/target-module@b000/i2c@0[0]'
[    2.278357] of_get_named_gpiod_flags: can't parse 'scl-gpio' property of node '/ocp/interconnect@44c00000/segment@200000/target-module@b000/i2c@0[0]'
[    2.278397] i2c i2c-0: using lookup tables for GPIO lookup
[    2.278409] i2c i2c-0: No GPIO consumer scl found
[    2.278433] i2c i2c-0: using DT '/ocp/interconnect@44c00000/segment@200000/target-module@b000/i2c@0' for 'sda' GPIO lookup
[    2.278473] of_get_named_gpiod_flags: can't parse 'sda-gpios' property of node '/ocp/interconnect@44c00000/segment@200000/target-module@b000/i2c@0[0]'
[    2.278513] of_get_named_gpiod_flags: can't parse 'sda-gpio' property of node '/ocp/interconnect@44c00000/segment@200000/target-module@b000/i2c@0[0]'
[    2.278548] i2c i2c-0: using lookup tables for GPIO lookup
[    2.278559] i2c i2c-0: No GPIO consumer sda found
[    2.292331] tps65217-pmic: Failed to locate of_node [id: -1]
[    2.298392] tps65217-bl: Failed to locate of_node [id: -1]
[    2.309621] tps65217 0-0024: TPS65217 ID 0xe version 1.2
[    2.315754] /ocp/interconnect@48000000/segment@300000/target-module@e000/lcdc@0: Fixed dependency cycle(s) with /ocp/interconnect@44c00000/segment@200000/target-module@b000/i2c@0/tda19988@70
[    2.333104] /ocp/interconnect@44c00000/segment@200000/target-module@b000/i2c@0/tda19988@70: Fixed dependency cycle(s) with /ocp/interconnect@48000000/segment@300000/target-module@e000/lcdc@0
[    2.350452] omap_i2c 44e0b000.i2c: bus 0 rev0.11 at 400 kHz
[    2.358234] sdhci-omap 48060000.mmc: using DT '/ocp/interconnect@48000000/segment@0/target-module@60000/mmc@0' for 'cd' GPIO lookup
[    2.358342] of_get_named_gpiod_flags: parsed 'cd-gpios' property of node '/ocp/interconnect@48000000/segment@0/target-module@60000/mmc@0[0]' - status (0)
[    2.358412] gpio gpiochip3: Persistence not supported for GPIO 6
[    2.358440] omap_gpio 44e07000.gpio: Could not set line 6 debounce to 200000 microseconds (-22)
[    2.367326] sdhci-omap 48060000.mmc: Got CD GPIO
[    2.372007] sdhci-omap 48060000.mmc: using DT '/ocp/interconnect@48000000/segment@0/target-module@60000/mmc@0' for 'wp' GPIO lookup
[    2.372056] of_get_named_gpiod_flags: can't parse 'wp-gpios' property of node '/ocp/interconnect@48000000/segment@0/target-module@60000/mmc@0[0]'
[    2.372100] of_get_named_gpiod_flags: can't parse 'wp-gpio' property of node '/ocp/interconnect@48000000/segment@0/target-module@60000/mmc@0[0]'
[    2.372138] sdhci-omap 48060000.mmc: using lookup tables for GPIO lookup
[    2.372152] sdhci-omap 48060000.mmc: No GPIO consumer wp found
[    2.372366] sdhci-omap 48060000.mmc: supply pbias not found, using dummy regulator
[    2.381020] sdhci-omap 481d8000.mmc: using DT '/ocp/interconnect@48000000/segment@100000/target-module@d8000/mmc@0' for 'wp' GPIO lookup
[    2.381096] of_get_named_gpiod_flags: can't parse 'wp-gpios' property of node '/ocp/interconnect@48000000/segment@100000/target-module@d8000/mmc@0[0]'
[    2.381145] of_get_named_gpiod_flags: can't parse 'wp-gpio' property of node '/ocp/interconnect@48000000/segment@100000/target-module@d8000/mmc@0[0]'
[    2.381183] sdhci-omap 481d8000.mmc: using lookup tables for GPIO lookup
[    2.381195] sdhci-omap 481d8000.mmc: No GPIO consumer wp found
[    2.382267] sdhci-omap 48060000.mmc: supply vqmmc not found, using dummy regulator
[    2.390812] sdhci-omap 481d8000.mmc: supply pbias not found, using dummy regulator
[    2.399413] sdhci-omap 481d8000.mmc: supply vqmmc not found, using dummy regulator
[    2.436951] mmc1: SDHCI controller on 481d8000.mmc [481d8000.mmc] using External DMA
[    2.445986] mmc0: SDHCI controller on 48060000.mmc [48060000.mmc] using External DMA
[    2.454853] cpsw-switch 4a100000.switch: starting ndev. mode: dual_mac
[    2.521739] mmc1: new high speed MMC card at address 0001
[    2.528606] mmcblk1: mmc1:0001 MMC04G 3.60 GiB
[    2.536336]  mmcblk1: p1 p2
[    2.540114] SMSC LAN8710/LAN8720 4a101000.mdio:00: attached PHY driver (mii_bus:phy_addr=4a101000.mdio:00, irq=POLL)
[    2.552696] mmcblk1boot0: mmc1:0001 MMC04G 2.00 MiB
[    2.564784] mmcblk1boot1: mmc1:0001 MMC04G 2.00 MiB
[    2.571906] mmcblk1rpmb: mmc1:0001 MMC04G 128 KiB, chardev (250:0)
[    2.624484] mmc0: new high speed SDHC card at address aaaa
[    2.631314] mmcblk0: mmc0:aaaa SE32G 29.7 GiB
[    2.640416]  mmcblk0: p1 p2
[    5.682142] cpsw-switch 4a100000.switch eth0: Link is Up - 100Mbps/Full - flow control off
[    5.721593] IP-Config: Complete:
[    5.724870]      device=eth0, hwaddr=6c:ec:eb:68:de:78, ipaddr=192.168.255.1, mask=255.255.255.0, gw=255.255.255.255
[    5.735542]      host=bbb1, domain=, nis-domain=(none)
[    5.740711]      bootserver=192.168.255.126, rootserver=192.168.255.126, rootpath=
