Labgrid Console Logfile for main
Logfile started at 2025-07-28 09:41:15.259586
=== Log starts here ===
reading args
spl_load_image_fat_os: error reading image args, err - -1
reading u-boot.img
reading u-boot.img


U-Boot 2014.04-00014-g47880f5 (Apr 22 2014 - 13:23:54)

I2C:   ready
DRAM:  512 MiB
NAND:  0 MiB
MMC:   OMAP SD/MMC: 0, OMAP SD/MMC: 1
*** Warning - readenv() failed, using default environment

Net:   <ethaddr> not set. Validating first E-fuse MAC
cpsw, usb_ether
Hit any key to stop autoboot:  1  0 
gpio: pin 53 (gpio 53) value is 1
mmc0 is current device
gpio: pin 54 (gpio 54) value is 1
SD/MMC found on device 0
reading uEnv.txt
569 bytes read in 3 ms (184.6 KiB/s)
gpio: pin 55 (gpio 55) value is 1
Loaded environment from uEnv.txt
Importing environment from mmc ...
Checking if uenvcmd is set ...
gpio: pin 56 (gpio 56) value is 1
Running uenvcmd ...
cpsw Waiting for PHY auto negotiation to complete. done
link up on port 0, speed 100, full duplex
Using cpsw device
TFTP from server 192.168.255.126; our IP address is 192.168.255.1
Filename 'zImage'.
Load address: 0x81000000
Loading: *#################################################################
	 #################################################################
	 #################################################################
	 #################################################################
	 #################################################################
	 ############################################################
	 2.4 MiB/s
done
Bytes transferred = 5647696 (562d50 hex)
link up on port 0, speed 100, full duplex
Using cpsw device
TFTP from server 192.168.255.126; our IP address is 192.168.255.1
Filename 'am335x-boneblack.dtb'.
Load address: 0x82000000
Loading: *#######
	 2.4 MiB/s
done
Bytes transferred = 98244 (17fc4 hex)
Kernel image @ 0x81000000 [ 0x000000 - 0x562d50 ]
## Flattened Device Tree blob at 82000000
   Booting using the fdt blob at 0x82000000
   Using Device Tree in place at 82000000, end 8201afc3

Starting kernel ...

[    0.000000] Booting Linux on physical CPU 0x0
[    0.000000] Linux version 6.16.0-next-20250728 (user01@drvtest01) (arm-none-eabi-gcc (Arm GNU Toolchain 14.2.Rel1 (Build arm-14.52)) 14.2.1 20241119, GNU ld (Arm GNU Toolchain 14.2.Rel1 (Build arm-14.52)) 2.43.1.20241119) #1 SMP Mon Jul 28 09:38:11 EEST 2025
[    0.000000] CPU: ARMv7 Processor [413fc082] revision 2 (ARMv7), cr=10c5387d
[    0.000000] CPU: PIPT / VIPT nonaliasing data cache, VIPT aliasing instruction cache
[    0.000000] OF: fdt: Machine model: TI AM335x BeagleBone Black
[    0.000000] Memory policy: Data cache writeback
[    0.000000] cma: Reserved 16 MiB at 0x9e800000
[    0.000000] Zone ranges:
[    0.000000]   Normal   [mem 0x0000000080000000-0x000000009fdfffff]
[    0.000000]   HighMem  empty
[    0.000000] Movable zone start for each node
[    0.000000] Early memory node ranges
[    0.000000]   node   0: [mem 0x0000000080000000-0x000000009fdfffff]
[    0.000000] Initmem setup node 0 [mem 0x0000000080000000-0x000000009fdfffff]
[    0.000000] On node 0, zone Normal: 512 pages in unavailable ranges
[    0.000000] OF: reserved mem: Reserved memory: No reserved-memory node in the DT
[    0.000000] CPU: All CPU(s) started in SVC mode.
[    0.000000] AM335X ES2.1 (sgx neon)
[    0.000000] percpu: Embedded 17 pages/cpu s39820 r8192 d21620 u69632
[    0.000000] Kernel command line: console=ttyO0,115200n8 root=/dev/nfs rw nfsroot=192.168.255.126:/home/user01/nfs,nfsvers=3 ip=192.168.255.1:192.168.255.126::255.255.255.0:bbb1:eth0 nfsrootdebug
[    0.000000] Unknown kernel command line parameters "nfsrootdebug", will be passed to user space.
[    0.000000] printk: log buffer data + meta data: 65536 + 204800 = 270336 bytes
[    0.000000] Dentry cache hash table entries: 65536 (order: 6, 262144 bytes, linear)
[    0.000000] Inode-cache hash table entries: 32768 (order: 5, 131072 bytes, linear)
[    0.000000] Built 1 zonelists, mobility grouping on.  Total pages: 130560
[    0.000000] mem auto-init: stack:off, heap alloc:off, heap free:off
[    0.000000] SLUB: HWalign=16, Order=0-3, MinObjects=0, CPUs=1, Nodes=1
[    0.000000] rcu: Hierarchical RCU implementation.
[    0.000000] rcu: 	RCU event tracing is enabled.
[    0.000000] rcu: 	RCU restricting CPUs from NR_CPUS=2 to nr_cpu_ids=1.
[    0.000000] 	Tracing variant of Tasks RCU enabled.
[    0.000000] rcu: RCU calculated value of scheduler-enlistment delay is 10 jiffies.
[    0.000000] rcu: Adjusting geometry for rcu_fanout_leaf=16, nr_cpu_ids=1
[    0.000000] RCU Tasks Trace: Setting shift to 0 and lim to 1 rcu_task_cb_adjust=1 rcu_task_cpu_ids=1.
[    0.000000] NR_IRQS: 16, nr_irqs: 16, preallocated irqs: 16
[    0.000000] IRQ: Found an INTC at 0x(ptrval) (revision 5.0) with 128 interrupts
[    0.000000] rcu: srcu_init: Setting srcu_struct sizes based on contention.
[    0.000000] TI gptimer clocksource: always-on /ocp/interconnect@44c00000/segment@200000/target-module@31000
[    0.000003] sched_clock: 32 bits at 24MHz, resolution 41ns, wraps every 89478484971ns
[    0.000026] clocksource: dmtimer: mask: 0xffffffff max_cycles: 0xffffffff, max_idle_ns: 79635851949 ns
[    0.000523] TI gptimer clockevent: 24000000 Hz at /ocp/interconnect@48000000/segment@0/target-module@40000
[    0.002144] Console: colour dummy device 80x30
[    0.002211] WARNING: Your 'console=ttyO0' has been replaced by 'ttyS0'
[    0.002219] This ensures that you still see kernel messages. Please
[    0.002223] update your kernel commandline.
[    0.002267] Calibrating delay loop... 996.14 BogoMIPS (lpj=4980736)
[    0.090569] CPU: Testing write buffer coherency: ok
[    0.090682] CPU0: Spectre v2: using BPIALL workaround
[    0.090692] pid_max: default: 32768 minimum: 301
[    0.090847] LSM: initializing lsm=capability
[    0.091014] Mount-cache hash table entries: 1024 (order: 0, 4096 bytes, linear)
[    0.091032] Mountpoint-cache hash table entries: 1024 (order: 0, 4096 bytes, linear)
[    0.092595] CPU0: thread -1, cpu 0, socket -1, mpidr 0
[    0.092653] cacheinfo: Unable to detect cache hierarchy for CPU 0
[    0.094650] Setting up static identity map for 0x80100000 - 0x80100078
[    0.094984] rcu: Hierarchical SRCU implementation.
[    0.094993] rcu: 	Max phase no-delay instances is 1000.
[    0.096703] smp: Bringing up secondary CPUs ...
[    0.096755] smp: Brought up 1 node, 1 CPU
[    0.096768] SMP: Total of 1 processors activated (996.14 BogoMIPS).
[    0.096779] CPU: All CPU(s) started in SVC mode.
[    0.096973] Memory: 480856K/522240K available (11264K kernel code, 1218K rwdata, 2936K rodata, 1024K init, 254K bss, 23352K reserved, 16384K cma-reserved, 0K highmem)
[    0.097789] devtmpfs: initialized
[    0.114930] VFP support v0.3: implementor 41 architecture 3 part 30 variant c rev 3
[    0.115563] clocksource: jiffies: mask: 0xffffffff max_cycles: 0xffffffff, max_idle_ns: 19112604462750000 ns
[    0.115619] posixtimers hash table entries: 512 (order: 0, 4096 bytes, linear)
[    0.115646] futex hash table entries: 256 (16384 bytes on 1 NUMA nodes, total 16 KiB, linear).
[    0.116785] pinctrl core: initialized pinctrl subsystem
[    0.118946] NET: Registered PF_NETLINK/PF_ROUTE protocol family
[    0.122114] DMA: preallocated 256 KiB pool for atomic coherent allocations
[    0.122723] audit: initializing netlink subsys (disabled)
[    0.124040] thermal_sys: Registered thermal governor 'fair_share'
[    0.124053] thermal_sys: Registered thermal governor 'step_wise'
[    0.124062] thermal_sys: Registered thermal governor 'user_space'
[    0.124170] audit: type=2000 audit(0.120:1): state=initialized audit_enabled=0 res=1
[    0.124243] cpuidle: using governor menu
[    0.142481] /ocp/interconnect@44c00000/segment@200000/target-module@b000/i2c@0/tda19988@70: Fixed dependency cycle(s) with /ocp/interconnect@48000000/segment@300000/target-module@e000/lcdc@0
[    0.143617] /ocp/interconnect@48000000/segment@300000/target-module@e000/lcdc@0: Fixed dependency cycle(s) with /ocp/interconnect@44c00000/segment@200000/target-module@b000/i2c@0/tda19988@70
[    0.145866] No ATAGs?
[    0.145905] hw-breakpoint: debug architecture 0x4 unsupported.
[    0.149007] kprobes: kprobe jump-optimization is enabled. All kprobes are optimized if possible.
[    0.154303] iommu: Default domain type: Translated
[    0.154325] iommu: DMA domain TLB invalidation policy: strict mode
[    0.161704] SCSI subsystem initialized
[    0.162561] pps_core: LinuxPPS API ver. 1 registered
[    0.162572] pps_core: Software ver. 5.3.6 - Copyright 2005-2007 Rodolfo Giometti <giometti@linux.it>
[    0.162596] PTP clock support registered
[    0.171213] vgaarb: loaded
[    0.171580] clocksource: Switched to clocksource dmtimer
[    0.172256] VFS: Disk quotas dquot_6.6.0
[    0.172317] VFS: Dquot-cache hash table entries: 1024 (order 0, 4096 bytes)
[    0.196512] NET: Registered PF_INET protocol family
[    0.196859] IP idents hash table entries: 8192 (order: 4, 65536 bytes, linear)
[    0.198277] tcp_listen_portaddr_hash hash table entries: 512 (order: 0, 4096 bytes, linear)
[    0.198315] Table-perturb hash table entries: 65536 (order: 6, 262144 bytes, linear)
[    0.198334] TCP established hash table entries: 4096 (order: 2, 16384 bytes, linear)
[    0.198380] TCP bind hash table entries: 4096 (order: 4, 65536 bytes, linear)
[    0.198480] TCP: Hash tables configured (established 4096 bind 4096)
[    0.198599] UDP hash table entries: 256 (order: 1, 14336 bytes, linear)
[    0.198635] UDP-Lite hash table entries: 256 (order: 1, 14336 bytes, linear)
[    0.198826] NET: Registered PF_UNIX/PF_LOCAL protocol family
[    0.200101] RPC: Registered named UNIX socket transport module.
[    0.200119] RPC: Registered udp transport module.
[    0.200124] RPC: Registered tcp transport module.
[    0.200129] RPC: Registered tcp-with-tls transport module.
[    0.200134] RPC: Registered tcp NFSv4.1 backchannel transport module.
[    0.200161] PCI: CLS 0 bytes, default 64
[    0.201681] Initialise system trusted keyrings
[    0.212267] workingset: timestamp_bits=14 max_order=17 bucket_order=3
[    0.213657] NFS: Registering the id_resolver key type
[    0.213745] Key type id_resolver registered
[    0.213752] Key type id_legacy registered
[    0.213864] jffs2: version 2.2. (NAND) (SUMMARY)  Â© 2001-2006 Red Hat, Inc.
[    0.214327] Key type asymmetric registered
[    0.214344] Asymmetric key parser 'x509' registered
[    0.214416] io scheduler mq-deadline registered
[    0.214427] io scheduler kyber registered
[    0.214501] io scheduler bfq registered
[    0.216392] target-module@4b000000:target-module@140000:pmu@0:fck: device ID is greater than 24
[    0.222588] l3-aon-clkctrl:0000:0: failed to disable
[    0.231891] ledtrig-cpu: registered to indicate activity on CPUs
[    0.235627] Serial: 8250/16550 driver, 6 ports, IRQ sharing enabled
[    0.277878] brd: module loaded
[    0.298497] loop: module loaded
[    0.299431] mtdoops: mtd device (mtddev=name/number) must be supplied
[    0.302750] i2c_dev: i2c /dev entries driver
[    0.303765] cpuidle: enable-method property 'ti,am3352' found operations
[    0.304207] sdhci: Secure Digital Host Controller Interface driver
[    0.304215] sdhci: Copyright(c) Pierre Ossman
[    0.304390] sdhci-pltfm: SDHCI platform and OF driver helper
[    0.312402] hw perfevents: enabled with armv7_cortex_a8 PMU driver, 5 (8000000f) counters available
[    0.312919] Initializing XFRM netlink socket
[    0.313093] NET: Registered PF_INET6 protocol family
[    0.318755] l3-aon-clkctrl:0000:0: failed to disable
[    0.326862] Segment Routing with IPv6
[    0.326945] In-situ OAM (IOAM) with IPv6
[    0.327042] sit: IPv6, IPv4 and MPLS over IPv4 tunneling driver
[    0.327994] NET: Registered PF_PACKET protocol family
[    0.328020] NET: Registered PF_KEY protocol family
[    0.328140] Key type dns_resolver registered
[    0.328367] ThumbEE CPU extension supported.
[    0.328387] Registering SWP/SWPB emulation handler
[    0.328921] omap_voltage_late_init: Voltage driver support not added
[    0.329571] SmartReflex Class3 initialized
[    0.377845] Loading compiled-in X.509 certificates
[    0.407318] /ocp/interconnect@44c00000/segment@200000/target-module@b000/i2c@0/tda19988@70: Fixed dependency cycle(s) with /ocp/interconnect@48000000/segment@300000/target-module@e000/lcdc@0
[    0.413952] /ocp/interconnect@44c00000/segment@200000/target-module@b000/i2c@0/tda19988@70: Fixed dependency cycle(s) with /ocp/interconnect@48000000/segment@300000/target-module@e000/lcdc@0
[    0.436698] /ocp/interconnect@44c00000/segment@200000/target-module@b000/i2c@0/tda19988@70: Fixed dependency cycle(s) with /ocp/interconnect@48000000/segment@300000/target-module@e000/lcdc@0
[    0.437576] /ocp/interconnect@44c00000/segment@200000/target-module@b000/i2c@0/tda19988@70: Fixed dependency cycle(s) with /ocp/interconnect@48000000/segment@300000/target-module@e000/lcdc@0
[    0.441069] /ocp/interconnect@44c00000/segment@200000/target-module@10000/scm@0/pinmux@800: Fixed dependency cycle(s) with /ocp/interconnect@44c00000/segment@200000/target-module@10000/scm@0/pinmux@800/clkout2-pins
[    0.441904] pinctrl-single 44e10800.pinmux: 142 pins, size 568
[    0.447324] ti-sysc 44e31000.target-module: probe with driver ti-sysc failed with error -16
[    0.472289] /ocp/interconnect@48000000/segment@300000/target-module@e000/lcdc@0: Fixed dependency cycle(s) with /ocp/interconnect@44c00000/segment@200000/target-module@b000/i2c@0/tda19988@70
[    0.480441] ti-sysc 48040000.target-module: probe with driver ti-sysc failed with error -16
[    0.527316] OMAP GPIO hardware version 0.1
[    0.570935] omap_i2c 4819c000.i2c: bus 2 rev0.11 at 100 kHz
[    0.604388] 48000000.interconnect:segment@200000:target-module@0:mpu@0:fck: device ID is greater than 24
[    0.605297] /ocp/interconnect@48000000/segment@300000/target-module@e000/lcdc@0: Fixed dependency cycle(s) with /ocp/interconnect@44c00000/segment@200000/target-module@b000/i2c@0/tda19988@70
[    0.608152] /ocp/interconnect@48000000/segment@300000/target-module@e000/lcdc@0: Fixed dependency cycle(s) with /ocp/interconnect@44c00000/segment@200000/target-module@b000/i2c@0/tda19988@70
[    0.608860] /ocp/interconnect@44c00000/segment@200000/target-module@b000/i2c@0/tda19988@70: Fixed dependency cycle(s) with /ocp/interconnect@48000000/segment@300000/target-module@e000/lcdc@0
[    0.609019] /ocp/interconnect@48000000/segment@300000/target-module@e000/lcdc@0: Fixed dependency cycle(s) with /ocp/interconnect@44c00000/segment@200000/target-module@b000/i2c@0/tda19988@70
[    0.620218] sdhci-omap 481d8000.mmc: supply pbias not found, using dummy regulator
[    0.620710] sdhci-omap 481d8000.mmc: supply vqmmc not found, using dummy regulator
[    0.674521] davinci_mdio 4a101000.mdio: davinci mdio revision 1.6, bus freq 1000000
[    0.809814] davinci_mdio 4a101000.mdio: phy[0]: device 4a101000.mdio:00, driver SMSC LAN8710/LAN8720
[    0.810604] cpsw-switch 4a100000.switch: initialized cpsw ale version 1.4
[    0.810626] cpsw-switch 4a100000.switch: ALE Table size 1024, Policers 0
[    0.838182] cpsw-switch 4a100000.switch: cpts: overflow check period 500 (jiffies)
[    0.838206] cpsw-switch 4a100000.switch: CPTS: ref_clk_freq:250000000 calc_mult:2147483648 calc_shift:29 error:0 nsec/sec
[    0.838324] cpsw-switch 4a100000.switch: Detected MACID = 6c:ec:eb:68:de:78
[    0.840193] cpsw-switch 4a100000.switch: initialized (regs 0x4a100000, pool size 256) hw_ver:0019010C 1.12 (0)
[    0.851300] debugfs: '49000000.dma' already exists in 'dmaengine'
[    0.851343] edma 49000000.dma: TI EDMA DMA engine driver
[    0.897038] 44e09000.serial: ttyS0 at MMIO 0x44e09000 (irq = 34, base_baud = 3000000) is a 8250
[    0.897128] printk: legacy console [ttyS0] enabled
[    2.422532] tps65217-pmic: Failed to locate of_node [id: -1]
[    2.428594] tps65217-bl: Failed to locate of_node [id: -1]
[    2.434677] platform tps65217-charger: DMA mask not set
[    2.440726] platform tps65217-pwrbutton: DMA mask not set
[    2.448004] tps65217 0-0024: TPS65217 ID 0xe version 1.2
[    2.454132] /ocp/interconnect@48000000/segment@300000/target-module@e000/lcdc@0: Fixed dependency cycle(s) with /ocp/interconnect@44c00000/segment@200000/target-module@b000/i2c@0/tda19988@70
[    2.471505] /ocp/interconnect@44c00000/segment@200000/target-module@b000/i2c@0/tda19988@70: Fixed dependency cycle(s) with /ocp/interconnect@48000000/segment@300000/target-module@e000/lcdc@0
[    2.488885] omap_i2c 44e0b000.i2c: bus 0 rev0.11 at 400 kHz
[    2.496757] omap_gpio 44e07000.gpio: Could not set line 6 debounce to 200000 microseconds (-22)
[    2.505675] sdhci-omap 48060000.mmc: Got CD GPIO
[    2.510683] sdhci-omap 48060000.mmc: supply pbias not found, using dummy regulator
[    2.520696] sdhci-omap 48060000.mmc: supply vqmmc not found, using dummy regulator
[    2.529993] sdhci-omap 481d8000.mmc: supply pbias not found, using dummy regulator
[    2.565003] sdhci-omap 481d8000.mmc: supply vqmmc not found, using dummy regulator
[    2.654462] mmc1: SDHCI controller on 481d8000.mmc [481d8000.mmc] using External DMA
[    2.663444] mmc0: SDHCI controller on 48060000.mmc [48060000.mmc] using External DMA
[    2.672227] cpsw-switch 4a100000.switch: starting ndev. mode: dual_mac
[    2.720672] mmc0: new high speed SDHC card at address 5048
[    2.727761] mmcblk0: mmc0:5048 SD16G 14.4 GiB
[    2.736000]  mmcblk0: p1 p2
[    2.739395] mmcblk0: p2 size 31221760 extends beyond EOD, truncated
[    2.750296] mmc1: new high speed MMC card at address 0001
[    2.757266] mmcblk1: mmc1:0001 MMC04G 3.60 GiB
[    2.764287] SMSC LAN8710/LAN8720 4a101000.mdio:00: attached PHY driver (mii_bus:phy_addr=4a101000.mdio:00, irq=POLL)
[    2.776672]  mmcblk1: p1 p2
[    2.781134] mmcblk1boot0: mmc1:0001 MMC04G 2.00 MiB
[    2.794684] mmcblk1boot1: mmc1:0001 MMC04G 2.00 MiB
[    2.803610] mmcblk1rpmb: mmc1:0001 MMC04G 128 KiB, chardev (249:0)
[    5.922352] cpsw-switch 4a100000.switch eth0: Link is Up - 100Mbps/Full - flow control off
[    5.961826] IP-Config: Complete:
[    5.965103]      device=eth0, hwaddr=6c:ec:eb:68:de:78, ipaddr=192.168.255.1, mask=255.255.255.0, gw=255.255.255.255
[    5.975791]      host=bbb1, domain=, nis-domain=(none)
[    5.980963]      bootserver=192.168.255.126, rootserver=192.168.255.126, rootpath=
[    5.981383] clk: Disabling unused clocks
[    5.993279] KTAP version 1
[    5.996010] 1..0
[    5.998630] check access for rdinit=/init failed: -2, ignoring
[    6.026929] VFS: Mounted root (nfs filesystem) on device 0:17.
[    6.033959] devtmpfs: mounted
[    6.038428] Freeing unused kernel image (initmem) memory: 1024K
[    6.045451] Run /sbin/init as init process
[    6.718389] systemd[1]: System time before build time, advancing clock.
[    8.261605] random: crng init done
[    8.274312] systemd[1]: systemd 232 running in system mode. (+PAM +AUDIT +SELINUX +IMA +APPARMOR +SMACK +SYSVINIT +UTMP +LIBCRYPTSETUP +GCRYPT +GNUTLS +ACL +XZ +LZ4 +SECCOMP +BLKID +ELFUTILS +KMOD +IDN)
[    8.293412] systemd[1]: Detected architecture arm.

Welcome to [1mDebian GNU/Linux 9 (stretch)[0m!

[    8.324790] systemd[1]: Set hostname to <arm>.
[    9.425515] systemd[1]: Listening on udev Control Socket.
[[0;32m  OK  [0m] Listening on udev Control Socket.
[    9.453349] systemd[1]: Set up automount Arbitrary Executable File Formats File System Automount Point.
[[0;32m  OK  [0m] Set up automount Arbitrary Executabâ€¦rmats File System Automount Point.
[    9.482714] systemd[1]: Listening on Journal Audit Socket.
[[0;32m  OK  [0m] Listening on Journal Audit Socket.
[    9.513549] systemd[1]: systemd-journald.socket: SO_PASSSEC failed: Operation not supported
[    9.522504] systemd[1]: systemd-journald.socket: SO_PASSSEC failed: Operation not supported
[    9.531086] systemd[1]: Listening on Journal Socket.
[[0;32m  OK  [0m] Listening on Journal Socket.
[    9.553635] systemd[1]: Listening on /dev/initctl Compatibility Named Pipe.
[[0;32m  OK  [0m] Listening on /dev/initctl Compatibility Named Pipe.
[[0;32m  OK  [0m] Reached target Remote File Systems.
[[0;32m  OK  [0m] Listening on Syslog Socket.
[[0;32m  OK  [0m] Started Dispatch Password Requests to Console Directory Watch.
[[0;32m  OK  [0m] Listening on Journal Socket (/dev/log).
[[0;32m  OK  [0m] Reached target Swap.
[[0;32m  OK  [0m] Created slice User and Session Slice.
[[0;32m  OK  [0m] Listening on udev Kernel Socket.
[[0;32m  OK  [0m] Started Forward Password Requests to Wall Directory Watch.
[[0;32m  OK  [0m] Reached target Encrypted Volumes.
[[0;32m  OK  [0m] Created slice System Slice.
         Mounting POSIX Message Queue File System...
[[0;32m  OK  [0m] Created slice system-getty.slice.
[[0;32m  OK  [0m] Reached target Slices.
         Starting Create list of required stâ€¦ce nodes for the current kernel...
         Starting Remount Root and Kernel File Systems...
[[0;32m  OK  [0m] Created slice system-serial\x2dgetty.slice.
         Starting Journal Service...
         Mounting Debug File System...
         Starting Load Kernel Modules...
[[0;32m  OK  [0m] Reached target Paths.
[[0;32m  OK  [0m] Mounted POSIX Message Queue File System.
[[0;32m  OK  [0m] Mounted Debug File System.
[[0;32m  OK  [0m] Started Create list of required staâ€¦vice nodes for the current kernel.
[[0;32m  OK  [0m] Started Remount Root and Kernel File Systems.
         Starting Load/Save Random Seed...
         Starting udev Coldplug all Devices...
         Starting Create Static Device Nodes in /dev...
[[0;32m  OK  [0m] Started Load Kernel Modules.
         Starting Apply Kernel Variables...
         Mounting Configuration File System...
[[0;32m  OK  [0m] Started Load/Save Random Seed.
[[0;32m  OK  [0m] Mounted Configuration File System.
[[0;32m  OK  [0m] Started Apply Kernel Variables.
[[0;32m  OK  [0m] Started Create Static Device Nodes in /dev.
         Starting udev Kernel Device Manager...
[[0;32m  OK  [0m] Reached target Local File Systems (Pre).
[[0;32m  OK  [0m] Reached target Local File Systems.
         Starting Raise network interfaces...
[[0;32m  OK  [0m] Started Journal Service.
         Starting Flush Journal to Persistent Storage...
[   11.933354] systemd-journald[84]: Received request to flush runtime journal from PID 1
[[0;32m  OK  [0m] Started Flush Journal to Persistent Storage.
         Starting Create Volatile Files and Directories...
[[0;32m  OK  [0m] Started udev Kernel Device Manager.
[   12.642181] omap_prm 44e00d00.prm: sync_state() pending due to 44d00000.cpu
[[0;32m  OK  [0m] Started Create Volatile Files and Directories.
         Starting Network Time Synchronization...
         Starting Update UTMP about System Boot/Shutdown...
[[0;32m  OK  [0m] Started udev Coldplug all Devices.
[[0;32m  OK  [0m] Started Update UTMP about System Boot/Shutdown.
[   14.846380] remoteproc remoteproc0: wkup_m3 is available
[   15.240241] omap_wdt: OMAP Watchdog Timer Rev 0x01: initial timeout 60 sec
[   15.263559] at24 2-0054: supply vcc not found, using dummy regulator
[   15.378892] am335x-phy-driver 47401300.usb-phy: dummy supplies not allowed for exclusive requests (id=vbus)
[   15.418425] at24 2-0055: supply vcc not found, using dummy regulator
[   15.533773] at24 2-0056: supply vcc not found, using dummy regulator
[   15.597203] input: tps65217_pwrbutton as /devices/platform/ocp/44c00000.interconnect/44c00000.interconnect:segment@200000/44e0b000.target-module/44e0b000.i2c/i2c-0/0-0024/tps65217-pwrbutton/input/input0
[   15.662586] at24 2-0057: supply vcc not found, using dummy regulator
[   15.788161] at24 0-0050: 32768 byte 24c256 EEPROM, writable, 1 bytes/write
[[0;32m  OK  [0m] Found device /dev/ttyS0.
[   15.858533] am335x-phy-driver 47401b00.usb-phy: dummy supplies not allowed for exclusive requests (id=vbus)
[[0;32m  OK  [0m] Started Network Time Synchronization.
[   16.262634] omap_rtc 44e3e000.rtc: registered as rtc0
[   16.267838] omap_rtc 44e3e000.rtc: setting system clock to 2000-01-01T00:00:00 UTC (946684800)
[[0;32m  OK  [0m] Reached target System Time Synchronized.
[[0;32m  OK  [0m] Reached target System Initialization.
[[0;32m  OK  [0m] Listening on Avahi mDNS/DNS-SD Stack Activation Socket.
[[0;32m  OK  [0m] Started Daily Cleanup of Temporary Directories.
[[0;32m  OK  [0m] Listening on D-Bus System Message Bus Socket.
[[0;32m  OK  [0m] Reached target Sockets.
[[0;32m  OK  [0m] Reached target Basic System.
         Starting Avahi mDNS/DNS-SD Stack...
[   16.944192] usbcore: registered new interface driver usbfs
[   16.949827] usbcore: registered new interface driver hub
[   16.955521] usbcore: registered new device driver usb
[[0;32m  OK  [0m] Started Regular background program processing daemon.
         Starting LSB: Start busybox udhcpd at boot time...
         Starting DUN service...
         Starting LSB: Load kernel modules needed to enable cpufreq scaling...
         Starting System Logging Service...
         Starting Cape Manager Service...
[[0;32m  OK  [0m] Started D-Bus System Message Bus.
[   17.947325] musb-hdrc musb-hdrc.1: MUSB HDRC host driver
[   17.952892] musb-hdrc musb-hdrc.1: new USB bus registered, assigned bus number 1
[   17.967744] tda998x 0-0070: found TDA19988
[   18.115046] omap-mailbox 480c8000.mailbox: omap mailbox rev 0x400
[   18.240541] remoteproc remoteproc0: powering up wkup_m3
[   18.258608] usb usb1: New USB device found, idVendor=1d6b, idProduct=0002, bcdDevice= 6.16
[   18.267251] usb usb1: New USB device strings: Mfr=3, Product=2, SerialNumber=1
[   18.274593] usb usb1: Product: MUSB HDRC host driver
[   18.279590] usb usb1: Manufacturer: Linux 6.16.0-next-20250728 musb-hcd
[   18.286266] usb usb1: SerialNumber: musb-hdrc.1
[   18.425950] remoteproc remoteproc0: Direct firmware load for am335x-pm-firmware.elf failed with error -2
[   18.435746] remoteproc remoteproc0: request_firmware failed: -2
[   18.442039] wkup_m3_ipc 44e11324.wkup_m3_ipc: rproc_boot failed
[   18.713732] hub 1-0:1.0: USB hub found
[   18.774788] hub 1-0:1.0: 1 port detected
[   21.363440] omap_rng 48310000.rng: Random Number Generator ver. 20
[   21.516198] tilcdc 4830e000.lcdc: bound 0-0070 (ops tda998x_audio_codec_init [tda998x])
[   21.574487] [drm] Initialized tilcdc 1.0.0 for 4830e000.lcdc on minor 0
[   21.601719] tilcdc 4830e000.lcdc: [drm] Cannot find any crtc or sizes
[   21.609667] tilcdc 4830e000.lcdc: [drm] Cannot find any crtc or sizes
[[0;32m  OK  [0m] Started Avahi mDNS/DNS-SD Stack.
[   21.757889] ------------[ cut here ]------------
[   21.762683] WARNING: net/8021q/vlan_core.c:236 at vlan_for_each+0x114/0x134, CPU#0: avahi-daemon/180
[   21.771974] RTNL: assertion failed at net/8021q/vlan_core.c (236)
[   21.778102] Modules linked in: tilcdc drm_dma_helper omap_rng drm_client_lib rng_core snd_soc_davinci_mcasp snd_soc_ti_udma snd_soc_ti_edma snd_soc_ti_sdma snd_soc_core snd_pcm_dmaengine snd_pcm snd_timer omap_mailbox snd musb_dsps tda998x soundcore musb_hdrc cec udc_core drm_kms_helper usbcore drm rtc_omap wkup_m3_ipc drm_panel_orientation_quirks tps65218_pwrbutton phy_am335x phy_am335x_control at24 omap_wdt phy_generic watchdog cppi41 usb_common wkup_m3_rproc leds_gpio cpufreq_dt led_class autofs4
[   21.822859] CPU: 0 UID: 107 PID: 180 Comm: avahi-daemon Not tainted 6.16.0-next-20250728 #1 NONE 
[   21.822878] Hardware name: Generic AM33XX (Flattened Device Tree)
[   21.822887] Call trace: 
[   21.822902]  unwind_backtrace from show_stack+0x10/0x14
[   21.822937]  show_stack from dump_stack_lvl+0x50/0x64
[   21.822962]  dump_stack_lvl from __warn+0x88/0x148
[   21.822979]  __warn from warn_slowpath_fmt+0x19c/0x1b0
[   21.822991]  warn_slowpath_fmt from vlan_for_each+0x114/0x134
[   21.823013]  vlan_for_each from cpsw_add_mc_addr+0x40/0xa4
[   21.823041]  cpsw_add_mc_addr from __hw_addr_ref_sync_dev+0x108/0x140
[   21.823074]  __hw_addr_ref_sync_dev from __dev_mc_add+0x7c/0x80
[   21.823098]  __dev_mc_add from igmp6_group_added+0xc8/0xe0
[   21.823127]  igmp6_group_added from __ipv6_dev_mc_inc+0x218/0x364
[   21.823145]  __ipv6_dev_mc_inc from __ipv6_sock_mc_join+0x11c/0x214
[   21.823164]  __ipv6_sock_mc_join from do_ipv6_setsockopt+0x1214/0x1310
[   21.823196]  do_ipv6_setsockopt from ipv6_setsockopt+0x60/0xcc
[   21.823219]  ipv6_setsockopt from udpv6_setsockopt+0x2c/0x6c
[   21.823238]  udpv6_setsockopt from sock_common_setsockopt+0x30/0x40
[   21.823267]  sock_common_setsockopt from do_sock_setsockopt+0x50/0x9c
[   21.823289]  do_sock_setsockopt from __sys_setsockopt+0x70/0xbc
[   21.823308]  __sys_setsockopt from ret_fast_syscall+0x0/0x58
[   21.823325] Exception stack(0xe0119fa8 to 0xe0119ff0)
[   21.823340] 9fa0:                   00000014 b6fdece8 0000000d 00000029 00000014 beb259ec
[   21.823351] 9fc0: 00000014 b6fdece8 00000014 00000126 0000000d b6f87ff4 004ae988 00496558
[   21.823360] 9fe0: b6f9d088 beb259d8 b6f7a309 b6e5141a
[   21.823367] ---[ end trace 0000000000000000 ]---
[[0;32m  OK  [0m] Started DUN service.
         Starting Connection service...
         Starting Generic Board Startup...
         Starting Telephony service...
         Starting Login Service...
[[0;32m  OK  [0m] Started Daily apt download activities.
[[0;32m  OK  [0m] Started Daily apt upgrade and clean activities.
[[0;32m  OK  [0m] Reached target Timers.
[[0;32m  OK  [0m] Started System Logging Service.
[[0;32m  OK  [0m] Started Cape Manager Service.
[   23.342210] mmc0: Problem switching card into high-speed mode!
[   23.521251] omap-sham 53100000.sham: hw accel on OMAP rev 4.3
[   23.538122] PM: Cannot get wkup_m3_ipc handle
[   23.610825] omap-aes 53500000.aes: OMAP AES hw accel rev: 3.2
[   23.635120] omap-sham 53100000.sham: will run requests pump with realtime priority
[   23.662281] PM: Cannot get wkup_m3_ipc handle
[   23.734052] omap-aes 53500000.aes: will run requests pump with realtime priority
[   23.745584] PM: Cannot get wkup_m3_ipc handle
[   23.870472] mmc0: Got data interrupt 0x00000002 even though no data operation was in progress.
[   23.879187] mmc0: sdhci: ============ SDHCI REGISTER DUMP ===========
[   23.885658] mmc0: sdhci: Sys addr:  0x00000000 | Version:  0x00003101
[   23.892131] mmc0: sdhci: Blk size:  0x00000200 | Blk cnt:  0x00000000
[   23.898603] mmc0: sdhci: Argument:  0x00000101 | Trn mode: 0x00000013
[   23.905073] mmc0: sdhci: Present:   0x01f70000 | Host ctl: 0x00000002
[   23.911544] mmc0: sdhci: Power:     0x0000000f | Blk gap:  0x00000000
[   23.918014] mmc0: sdhci: Wake -up:   0x00000000 | Clock:    0x00000107
[   23.924484] mmc0: sdhci: Timeout:   0x00000009 | Int stat: 0x00000000
[   23.930954] mmc0: sdhci: Int enab:  0x027f000b | Sig enab: 0x027f000b
[   23.937424] mmc0: sdhci: ACmd stat: 0x00000000 | Slot int: 0x00000000
[   23.943894] mmc0: sdhci: Caps:      0x07e10080 | Caps_1:   0x00000000
[   23.950365] mmc0: sdhci: Cmd:       0x0000113a | Max curr: 0x00000000
[   23.956835] mmc0: sdhci: Resp[0]:   0x00000000 | Resp[1]:  0x00000000
[   23.963305] mmc0: sdh ci: Resp[2]:   0x00000000 | Resp[3]:  0x00000000
[   23.969775] mmc0: sdhci: Host ctl2: 0x00000000
[   23.974239] mmc0: sdhci: ============================================
[   24.026337] I/O error, dev mmcblk0, sector 257 op 0x0:(READ) flags 0x80700 phys_seg 2 prio class 0
[   25.248615] mmc0: Got data interrupt 0x00000002 even though no data operation was in progress.
[   25.257330] mmc0: sdhci: ============ SDHCI REGISTER DUMP ===========
[   25.263803] mmc0: sdhci: Sys addr:  0x00000000 | Version:  0x00003101
[   25.270274] mmc0: sdhci: Blk size:  0x00000200 | Blk cnt:  0x00000000
[   25.276745] mmc0: sdhci: Argument:  0x0000016d | Trn mode: 0x00000013
[   25.283215] mmc0: sdhci: Present:   0x01f70000 | Host ctl: 0x00000002
[   25.289685] mmc0: sdhci: Power:     0x0000000f | Blk gap:  0x00000000
[   25.296155] mmc0: sdhci: Wake-up:   0x00000000 | Clock:    0x00000107
[   25.302625] mmc0: sdhci: Timeout:   0x00000009 | Int stat: 0x00000000
[   25.309095] mmc0: sdhci: Int enab:  0x027f000b | Sig enab: 0x027f000b
[   25.315565] mmc0: sdhci: ACmd stat: 0x00000000 | Slot int: 0x00000000
[   25.322034] mmc0: sdhci: Caps:      0x07e10080 | Caps_1:   0x00000000
[   25.328505] mmc0: sdhci: Cmd:       0x0000113a | Max curr: 0x00000000
[   25.334974] mmc0: sdhci: Resp[0]:   0x00000000 | Resp[1]:  0x00000000
[   25.341445] mmc0: sdhci: Resp[2]:   0x00000000 | Resp[3]:  0x00000000
[   25.347915] mmc0: sdhci: Host ctl2: 0x00000000
[   25.352378] mmc0: sdhci: ============================================

[   30.998433] configfs-gadget.g_multi gadget.0: HOST MAC 1c:ba:8c:a2:ed:6c
[   31.005464] configfs-gadget.g_multi gadget.0: MAC 1c:ba:8c:a2:ed:70
[   31.012933] configfs-gadget.g_multi gadget.0: HOST MAC 1c:ba:8c:a2:ed:6c
[   31.019696] configfs-gadget.g_multi gadget.0: MAC 1c:ba:8c:a2:ed:6d
[   31.031298] PM: Cannot get wkup_m3_ipc handle
[[0;32m  OK  [0m] Started Telephony service.
[[0;32m  OK  [0m] Started Connection service.
[[0;32m  OK  [0m] Started Login Service.
         Starting Hostname Service...
         Starting WPA supplicant...
[[0;32m  OK  [0m] Reached target Sound Card.
         Starting LSB: set CPUFreq kernel parameters...
[[0;32m  OK  [0m] Started WPA supplicant.
[[0;32m  OK  [0m] Reached target Network.
         Starting OpenBSD Secure Shell server...
[[0;32m  OK  [0m] Reached target Network is Online.
         Starting LSB: Advanced IEEE 802.11 management daemon...
         Starting Permit User Sessions...
         Starting The Apache HTTP Server...
[[0;32m  OK  [0m] Started LSB: Advanced IEEE 802.11 management daemon.
[[0;32m  OK  [0m] Started Hostname Service.
[[0;32m  OK  [0m] Started LSB: set CPUFreq kernel parameters.
[[0;32m  OK  [0m] Started Permit User Sessions.
[[0;32m  OK  [0m] Started Serial Getty on ttyS0.
[[0;32m  OK  [0m] Started Getty on tty1.
[[0;32m  OK  [0m] Reached target Login Prompts.
         Stopping LSB: Start busybox udhcpd at boot time...
[[0;32m  OK  [0m] Started OpenBSD Secure Shell server.
[[0;32m  OK  [0m] Stopped LSB: Start busybox udhcpd at boot time.
         Starting dnsmasq - A lightweight DHCP and caching DNS server...
[[0;32m  OK  [0m] Started The Apache HTTP Server.
[[0;32m  OK  [0m] Started dnsmasq - A lightweight DHCP and caching DNS server.
[[0;32m  OK  [0m] Reached target Host and Network Name Lookups.
[[0;32m  OK  [0m] Started Serial Getty on ttyGS0.
[[0;32m  OK  [0m] Started Generic Board Startup.
[[0;32m  OK  [0m] Reached target Multi-User System.
[[0;32m  OK  [0m] Reached target Graphical Interface.
         Starting Update UTMP about System Runlevel Changes...
[[0;32m  OK  [0m] Started Update UTMP about System Runlevel Changes.

Debian GNU/Linux 9 arm ttyS0

default username:password is [debian:temppwd]

arm login: root
Password: 
Last login: Sat Jan  1 00:00:30 UTC 2000 on ttyS0
root
Linux arm 6.16.0-next-20250728 #1 SMP Mon Jul 28 09:38:11 EEST 2025 armv7l

The programs included with the Debian GNU/Linux system are free software;
the exact distribution terms for each program are described in the
individual files in /usr/share/doc/*/copyright.

Debian GNU/Linux comes with ABSOLUTELY NO WARRANTY, to the extent
permitted by applicable law.
root@arm:~# rLabgrid Console Logfile for main
Logfile started at 2025-07-28 09:42:31.817524
=== Log starts here ===
reading args
spl_load_image_fat_os: error reading image args, err - -1
reading u-boot.img
reading u-boot.img


U-Boot 2014.04-00014-g47880f5 (Apr 22 2014 - 13:23:54)

I2C:   ready
DRAM:  512 MiB
NAND:  0 MiB
MMC:   OMAP SD/MMC: 0, OMAP SD/MMC: 1
*** Warning - readenv() failed, using default environment

Net:   <ethaddr> not set. Validating first E-fuse MAC
cpsw, usb_ether
Hit any key to stop autoboot:  1  0 
gpio: pin 53 (gpio 53) value is 1
mmc0 is current device
gpio: pin 54 (gpio 54) value is 1
SD/MMC found on device 0
reading uEnv.txt
569 bytes read in 4 ms (138.7 KiB/s)
gpio: pin 55 (gpio 55) value is 1
Loaded environment from uEnv.txt
Importing environment from mmc ...
Checking if uenvcmd is set ...
gpio: pin 56 (gpio 56) value is 1
Running uenvcmd ...
cpsw Waiting for PHY auto negotiation to complete. done
link up on port 0, speed 100, full duplex
Using cpsw device
TFTP from server 192.168.255.126; our IP address is 192.168.255.1
Filename 'zImage'.
Load address: 0x81000000
Loading: *#################################################################
	 #################################################################
	 #################################################################
	 #################################################################
	 #################################################################
	 ############################################################
	 2.4 MiB/s
done
Bytes transferred = 5647696 (562d50 hex)
link up on port 0, speed 100, full duplex
Using cpsw device
TFTP from server 192.168.255.126; our IP address is 192.168.255.1
Filename 'am335x-boneblack.dtb'.
Load address: 0x82000000
Loading: *#######
	 2.3 MiB/s
done
Bytes transferred = 98244 (17fc4 hex)
Kernel image @ 0x81000000 [ 0x000000 - 0x562d50 ]
## Flattened Device Tree blob at 82000000
   Booting using the fdt blob at 0x82000000
   Using Device Tree in place at 82000000, end 8201afc3

Starting kernel ...

[    0.000000] Booting Linux on physical CPU 0x0
[    0.000000] Linux version 6.16.0-next-20250728 (user01@drvtest01) (arm-none-eabi-gcc (Arm GNU Toolchain 14.2.Rel1 (Build arm-14.52)) 14.2.1 20241119, GNU ld (Arm GNU Toolchain 14.2.Rel1 (Build arm-14.52)) 2.43.1.20241119) #1 SMP Mon Jul 28 09:38:11 EEST 2025
[    0.000000] CPU: ARMv7 Processor [413fc082] revision 2 (ARMv7), cr=10c5387d
[    0.000000] CPU: PIPT / VIPT nonaliasing data cache, VIPT aliasing instruction cache
[    0.000000] OF: fdt: Machine model: TI AM335x BeagleBone Black
[    0.000000] Memory policy: Data cache writeback
[    0.000000] cma: Reserved 16 MiB at 0x9e800000
[    0.000000] Zone ranges:
[    0.000000]   Normal   [mem 0x0000000080000000-0x000000009fdfffff]
[    0.000000]   HighMem  empty
[    0.000000] Movable zone start for each node
[    0.000000] Early memory node ranges
[    0.000000]   node   0: [mem 0x0000000080000000-0x000000009fdfffff]
[    0.000000] Initmem setup node 0 [mem 0x0000000080000000-0x000000009fdfffff]
[    0.000000] On node 0, zone Normal: 512 pages in unavailable ranges
[    0.000000] OF: reserved mem: Reserved memory: No reserved-memory node in the DT
[    0.000000] CPU: All CPU(s) started in SVC mode.
[    0.000000] AM335X ES2.1 (sgx neon)
[    0.000000] percpu: Embedded 17 pages/cpu s39820 r8192 d21620 u69632
[    0.000000] Kernel command line: console=ttyO0,115200n8 root=/dev/nfs rw nfsroot=192.168.255.126:/home/user01/nfs,nfsvers=3 ip=192.168.255.1:192.168.255.126::255.255.255.0:bbb1:eth0 nfsrootdebug
[    0.000000] Unknown kernel command line parameters "nfsrootdebug", will be passed to user space.
[    0.000000] printk: log buffer data + meta data: 65536 + 204800 = 270336 bytes
[    0.000000] Dentry cache hash table entries: 65536 (order: 6, 262144 bytes, linear)
[    0.000000] Inode-cache hash table entries: 32768 (order: 5, 131072 bytes, linear)
[    0.000000] Built 1 zonelists, mobility grouping on.  Total pages: 130560
[    0.000000] mem auto-init: stack:off, heap alloc:off, heap free:off
[    0.000000] SLUB: HWalign=16, Order=0-3, MinObjects=0, CPUs=1, Nodes=1
[    0.000000] rcu: Hierarchical RCU implementation.
[    0.000000] rcu: 	RCU event tracing is enabled.
[    0.000000] rcu: 	RCU restricting CPUs from NR_CPUS=2 to nr_cpu_ids=1.
[    0.000000] 	Tracing variant of Tasks RCU enabled.
[    0.000000] rcu: RCU calculated value of scheduler-enlistment delay is 10 jiffies.
[    0.000000] rcu: Adjusting geometry for rcu_fanout_leaf=16, nr_cpu_ids=1
[    0.000000] RCU Tasks Trace: Setting shift to 0 and lim to 1 rcu_task_cb_adjust=1 rcu_task_cpu_ids=1.
[    0.000000] NR_IRQS: 16, nr_irqs: 16, preallocated irqs: 16
[    0.000000] IRQ: Found an INTC at 0x(ptrval) (revision 5.0) with 128 interrupts
[    0.000000] rcu: srcu_init: Setting srcu_struct sizes based on contention.
[    0.000000] TI gptimer clocksource: always-on /ocp/interconnect@44c00000/segment@200000/target-module@31000
[    0.000002] sched_clock: 32 bits at 24MHz, resolution 41ns, wraps every 89478484971ns
[    0.000027] clocksource: dmtimer: mask: 0xffffffff max_cycles: 0xffffffff, max_idle_ns: 79635851949 ns
[    0.000532] TI gptimer clockevent: 24000000 Hz at /ocp/interconnect@48000000/segment@0/target-module@40000
[    0.002149] Console: colour dummy device 80x30
[    0.002215] WARNING: Your 'console=ttyO0' has been replaced by 'ttyS0'
[    0.002223] This ensures that you still see kernel messages. Please
[    0.002228] update your kernel commandline.
[    0.002271] Calibrating delay loop... 996.14 BogoMIPS (lpj=4980736)
[    0.090583] CPU: Testing write buffer coherency: ok
[    0.090695] CPU0: Spectre v2: using BPIALL workaround
[    0.090705] pid_max: default: 32768 minimum: 301
[    0.090862] LSM: initializing lsm=capability
[    0.091031] Mount-cache hash table entries: 1024 (order: 0, 4096 bytes, linear)
[    0.091050] Mountpoint-cache hash table entries: 1024 (order: 0, 4096 bytes, linear)
[    0.092619] CPU0: thread -1, cpu 0, socket -1, mpidr 0
[    0.092677] cacheinfo: Unable to detect cache hierarchy for CPU 0
[    0.094636] Setting up static identity map for 0x80100000 - 0x80100078
[    0.094968] rcu: Hierarchical SRCU implementation.
[    0.094979] rcu: 	Max phase no-delay instances is 1000.
[    0.096675] smp: Bringing up secondary CPUs ...
[    0.096729] smp: Brought up 1 node, 1 CPU
[    0.096741] SMP: Total of 1 processors activated (996.14 BogoMIPS).
[    0.096753] CPU: All CPU(s) started in SVC mode.
[    0.096949] Memory: 480856K/522240K available (11264K kernel code, 1218K rwdata, 2936K rodata, 1024K init, 254K bss, 23352K reserved, 16384K cma-reserved, 0K highmem)
[    0.097759] devtmpfs: initialized
[    0.114917] VFP support v0.3: implementor 41 architecture 3 part 30 variant c rev 3
[    0.115549] clocksource: jiffies: mask: 0xffffffff max_cycles: 0xffffffff, max_idle_ns: 19112604462750000 ns
[    0.115602] posixtimers hash table entries: 512 (order: 0, 4096 bytes, linear)
[    0.115629] futex hash table entries: 256 (16384 bytes on 1 NUMA nodes, total 16 KiB, linear).
[    0.116753] pinctrl core: initialized pinctrl subsystem
[    0.118914] NET: Registered PF_NETLINK/PF_ROUTE protocol family
[    0.122073] DMA: preallocated 256 KiB pool for atomic coherent allocations
[    0.122680] audit: initializing netlink subsys (disabled)
[    0.123992] thermal_sys: Registered thermal governor 'fair_share'
[    0.124005] thermal_sys: Registered thermal governor 'step_wise'
[    0.124014] thermal_sys: Registered thermal governor 'user_space'
[    0.124123] audit: type=2000 audit(0.120:1): state=initialized audit_enabled=0 res=1
[    0.124197] cpuidle: using governor menu
[    0.142432] /ocp/interconnect@44c00000/segment@200000/target-module@b000/i2c@0/tda19988@70: Fixed dependency cycle(s) with /ocp/interconnect@48000000/segment@300000/target-module@e000/lcdc@0
[    0.143573] /ocp/interconnect@48000000/segment@300000/target-module@e000/lcdc@0: Fixed dependency cycle(s) with /ocp/interconnect@44c00000/segment@200000/target-module@b000/i2c@0/tda19988@70
[    0.145826] No ATAGs?
[    0.145869] hw-breakpoint: debug architecture 0x4 unsupported.
[    0.148972] kprobes: kprobe jump-optimization is enabled. All kprobes are optimized if possible.
[    0.154274] iommu: Default domain type: Translated
[    0.154298] iommu: DMA domain TLB invalidation policy: strict mode
[    0.161672] SCSI subsystem initialized
[    0.162535] pps_core: LinuxPPS API ver. 1 registered
[    0.162545] pps_core: Software ver. 5.3.6 - Copyright 2005-2007 Rodolfo Giometti <giometti@linux.it>
[    0.162568] PTP clock support registered
[    0.171177] vgaarb: loaded
[    0.171553] clocksource: Switched to clocksource dmtimer
[    0.172236] VFS: Disk quotas dquot_6.6.0
[    0.172297] VFS: Dquot-cache hash table entries: 1024 (order 0, 4096 bytes)
[    0.196965] NET: Registered PF_INET protocol family
[    0.197309] IP idents hash table entries: 8192 (order: 4, 65536 bytes, linear)
[    0.198724] tcp_listen_portaddr_hash hash table entries: 512 (order: 0, 4096 bytes, linear)
[    0.198764] Table-perturb hash table entries: 65536 (order: 6, 262144 bytes, linear)
[    0.198783] TCP established hash table entries: 4096 (order: 2, 16384 bytes, linear)
[    0.198829] TCP bind hash table entries: 4096 (order: 4, 65536 bytes, linear)
[    0.198928] TCP: Hash tables configured (established 4096 bind 4096)
[    0.199050] UDP hash table entries: 256 (order: 1, 14336 bytes, linear)
[    0.199085] UDP-Lite hash table entries: 256 (order: 1, 14336 bytes, linear)
[    0.199276] NET: Registered PF_UNIX/PF_LOCAL protocol family
[    0.200551] RPC: Registered named UNIX socket transport module.
[    0.200569] RPC: Registered udp transport module.
[    0.200574] RPC: Registered tcp transport module.
[    0.200579] RPC: Registered tcp-with-tls transport module.
[    0.200584] RPC: Registered tcp NFSv4.1 backchannel transport module.
[    0.200609] PCI: CLS 0 bytes, default 64
[    0.202149] Initialise system trusted keyrings
[    0.212229] workingset: timestamp_bits=14 max_order=17 bucket_order=3
[    0.213624] NFS: Registering the id_resolver key type
[    0.213687] Key type id_resolver registered
[    0.213695] Key type id_legacy registered
[    0.213802] jffs2: version 2.2. (NAND) (SUMMARY)  Â© 2001-2006 Red Hat, Inc.
[    0.214260] Key type asymmetric registered
[    0.214278] Asymmetric key parser 'x509' registered
[    0.214351] io scheduler mq-deadline registered
[    0.214360] io scheduler kyber registered
[    0.214438] io scheduler bfq registered
[    0.216323] target-module@4b000000:target-module@140000:pmu@0:fck: device ID is greater than 24
[    0.222509] l3-aon-clkctrl:0000:0: failed to disable
[    0.231811] ledtrig-cpu: registered to indicate activity on CPUs
[    0.235573] Serial: 8250/16550 driver, 6 ports, IRQ sharing enabled
[    0.277861] brd: module loaded
[    0.298407] loop: module loaded
[    0.299355] mtdoops: mtd device (mtddev=name/number) must be supplied
[    0.302669] i2c_dev: i2c /dev entries driver
[    0.303681] cpuidle: enable-method property 'ti,am3352' found operations
[    0.304117] sdhci: Secure Digital Host Controller Interface driver
[    0.304125] sdhci: Copyright(c) Pierre Ossman
[    0.304297] sdhci-pltfm: SDHCI platform and OF driver helper
[    0.312306] hw perfevents: enabled with armv7_cortex_a8 PMU driver, 5 (8000000f) counters available
[    0.312820] Initializing XFRM netlink socket
[    0.313002] NET: Registered PF_INET6 protocol family
[    0.318662] l3-aon-clkctrl:0000:0: failed to disable
[    0.326772] Segment Routing with IPv6
[    0.326856] In-situ OAM (IOAM) with IPv6
[    0.326953] sit: IPv6, IPv4 and MPLS over IPv4 tunneling driver
[    0.327912] NET: Registered PF_PACKET protocol family
[    0.327939] NET: Registered PF_KEY protocol family
[    0.328074] Key type dns_resolver registered
[    0.328306] ThumbEE CPU extension supported.
[    0.328325] Registering SWP/SWPB emulation handler
[    0.328859] omap_voltage_late_init: Voltage driver support not added
[    0.329526] SmartReflex Class3 initialized
[    0.377774] Loading compiled-in X.509 certificates
[    0.407334] /ocp/interconnect@44c00000/segment@200000/target-module@b000/i2c@0/tda19988@70: Fixed dependency cycle(s) with /ocp/interconnect@48000000/segment@300000/target-module@e000/lcdc@0
[    0.413952] /ocp/interconnect@44c00000/segment@200000/target-module@b000/i2c@0/tda19988@70: Fixed dependency cycle(s) with /ocp/interconnect@48000000/segment@300000/target-module@e000/lcdc@0
[    0.436715] /ocp/interconnect@44c00000/segment@200000/target-module@b000/i2c@0/tda19988@70: Fixed dependency cycle(s) with /ocp/interconnect@48000000/segment@300000/target-module@e000/lcdc@0
[    0.437610] /ocp/interconnect@44c00000/segment@200000/target-module@b000/i2c@0/tda19988@70: Fixed dependency cycle(s) with /ocp/interconnect@48000000/segment@300000/target-module@e000/lcdc@0
[    0.441090] /ocp/interconnect@44c00000/segment@200000/target-module@10000/scm@0/pinmux@800: Fixed dependency cycle(s) with /ocp/interconnect@44c00000/segment@200000/target-module@10000/scm@0/pinmux@800/clkout2-pins
[    0.441922] pinctrl-single 44e10800.pinmux: 142 pins, size 568
[    0.447332] ti-sysc 44e31000.target-module: probe with driver ti-sysc failed with error -16
[    0.472302] /ocp/interconnect@48000000/segment@300000/target-module@e000/lcdc@0: Fixed dependency cycle(s) with /ocp/interconnect@44c00000/segment@200000/target-module@b000/i2c@0/tda19988@70
[    0.480417] ti-sysc 48040000.target-module: probe with driver ti-sysc failed with error -16
[    0.527358] OMAP GPIO hardware version 0.1
[    0.571029] omap_i2c 4819c000.i2c: bus 2 rev0.11 at 100 kHz
[    0.611147] 48000000.interconnect:segment@200000:target-module@0:mpu@0:fck: device ID is greater than 24
[    0.612235] /ocp/interconnect@48000000/segment@300000/target-module@e000/lcdc@0: Fixed dependency cycle(s) with /ocp/interconnect@44c00000/segment@200000/target-module@b000/i2c@0/tda19988@70
[    0.615126] /ocp/interconnect@48000000/segment@300000/target-module@e000/lcdc@0: Fixed dependency cycle(s) with /ocp/interconnect@44c00000/segment@200000/target-module@b000/i2c@0/tda19988@70
[    0.615847] /ocp/interconnect@44c00000/segment@200000/target-module@b000/i2c@0/tda19988@70: Fixed dependency cycle(s) with /ocp/interconnect@48000000/segment@300000/target-module@e000/lcdc@0
[    0.616007] /ocp/interconnect@48000000/segment@300000/target-module@e000/lcdc@0: Fixed dependency cycle(s) with /ocp/interconnect@44c00000/segment@200000/target-module@b000/i2c@0/tda19988@70
[    0.627270] sdhci-omap 481d8000.mmc: supply pbias not found, using dummy regulator
[    0.627766] sdhci-omap 481d8000.mmc: supply vqmmc not found, using dummy regulator
[    0.691994] davinci_mdio 4a101000.mdio: davinci mdio revision 1.6, bus freq 1000000
[    0.810013] davinci_mdio 4a101000.mdio: phy[0]: device 4a101000.mdio:00, driver SMSC LAN8710/LAN8720
[    0.810793] cpsw-switch 4a100000.switch: initialized cpsw ale version 1.4
[    0.810814] cpsw-switch 4a100000.switch: ALE Table size 1024, Policers 0
[    0.810953] cpsw-switch 4a100000.switch: cpts: overflow check period 500 (jiffies)
[    0.810968] cpsw-switch 4a100000.switch: CPTS: ref_clk_freq:250000000 calc_mult:2147483648 calc_shift:29 error:0 nsec/sec
[    0.811081] cpsw-switch 4a100000.switch: Detected MACID = 6c:ec:eb:68:de:78
[    0.813132] cpsw-switch 4a100000.switch: initialized (regs 0x4a100000, pool size 256) hw_ver:0019010C 1.12 (0)
[    0.824179] debugfs: '49000000.dma' already exists in 'dmaengine'
[    0.824222] edma 49000000.dma: TI EDMA DMA engine driver
[    0.891416] 44e09000.serial: ttyS0 at MMIO 0x44e09000 (irq = 34, base_baud = 3000000) is a 8250
[    0.891507] printk: legacy console [ttyS0] enabled
[    2.422526] tps65217-pmic: Failed to locate of_node [id: -1]
[    2.428597] tps65217-bl: Failed to locate of_node [id: -1]
[    2.434672] platform tps65217-charger: DMA mask not set
[    2.440708] platform tps65217-pwrbutton: DMA mask not set
[    2.448016] tps65217 0-0024: TPS65217 ID 0xe version 1.2
[    2.454145] /ocp/interconnect@48000000/segment@300000/target-module@e000/lcdc@0: Fixed dependency cycle(s) with /ocp/interconnect@44c00000/segment@200000/target-module@b000/i2c@0/tda19988@70
[    2.471578] /ocp/interconnect@44c00000/segment@200000/target-module@b000/i2c@0/tda19988@70: Fixed dependency cycle(s) with /ocp/interconnect@48000000/segment@300000/target-module@e000/lcdc@0
[    2.488923] omap_i2c 44e0b000.i2c: bus 0 rev0.11 at 400 kHz
[    2.496805] omap_gpio 44e07000.gpio: Could not set line 6 debounce to 200000 microseconds (-22)
[    2.505726] sdhci-omap 48060000.mmc: Got CD GPIO
[    2.510733] sdhci-omap 48060000.mmc: supply pbias not found, using dummy regulator
[    2.520752] sdhci-omap 48060000.mmc: supply vqmmc not found, using dummy regulator
[    2.530041] sdhci-omap 481d8000.mmc: supply pbias not found, using dummy regulator
[    2.565177] sdhci-omap 481d8000.mmc: supply vqmmc not found, using dummy regulator
[    2.654939] mmc1: SDHCI controller on 481d8000.mmc [481d8000.mmc] using External DMA
[    2.663415] mmc0: SDHCI controller on 48060000.mmc [48060000.mmc] using External DMA
[    2.672195] cpsw-switch 4a100000.switch: starting ndev. mode: dual_mac
[    2.720648] mmc0: new high speed SDHC card at address 5048
[    2.727694] mmcblk0: mmc0:5048 SD16G 14.4 GiB
[    2.736015]  mmcblk0: p1 p2
[    2.739378] mmcblk0: p2 size 31221760 extends beyond EOD, truncated
[    2.752814] SMSC LAN8710/LAN8720 4a101000.mdio:00: attached PHY driver (mii_bus:phy_addr=4a101000.mdio:00, irq=POLL)
[    2.763808] mmc1: new high speed MMC card at address 0001
[    2.776333] mmcblk1: mmc1:0001 MMC04G 3.60 GiB
[    2.783971]  mmcblk1: p1 p2
[    2.788181] mmcblk1boot0: mmc1:0001 MMC04G 2.00 MiB
[    2.796893] mmcblk1boot1: mmc1:0001 MMC04G 2.00 MiB
[    2.806108] mmcblk1rpmb: mmc1:0001 MMC04G 128 KiB, chardev (249:0)
[    5.922306] cpsw-switch 4a100000.switch eth0: Link is Up - 100Mbps/Full - flow control off
[    5.951562] IP-Config: Complete:
[    5.954833]      device=eth0, hwaddr=6c:ec:eb:68:de:78, ipaddr=192.168.255.1, mask=255.255.255.0, gw=255.255.255.255
[    5.965475]      host=bbb1, domain=, nis-domain=(none)
[    5.970643]      bootserver=192.168.255.126, rootserver=192.168.255.126, rootpath=
[    5.971060] clk: Disabling unused clocks
[    5.982969] KTAP version 1
[    5.985700] 1..0
[    5.988387] check access for rdinit=/init failed: -2, ignoring
[    6.016119] VFS: Mounted root (nfs filesystem) on device 0:17.
[    6.023127] devtmpfs: mounted
[    6.027621] Freeing unused kernel image (initmem) memory: 1024K
[    6.034461] Run /sbin/init as init process
[    6.704714] systemd[1]: System time before build time, advancing clock.
[    8.221569] random: crng init done
[    8.234278] systemd[1]: systemd 232 running in system mode. (+PAM +AUDIT +SELINUX +IMA +APPARMOR +SMACK +SYSVINIT +UTMP +LIBCRYPTSETUP +GCRYPT +GNUTLS +ACL +XZ +LZ4 +SECCOMP +BLKID +ELFUTILS +KMOD +IDN)
[    8.253379] systemd[1]: Detected architecture arm.

Welcome to [1mDebian GNU/Linux 9 (stretch)[0m!

[    8.284718] systemd[1]: Set hostname to <arm>.
[    9.398573] systemd[1]: Set up automount Arbitrary Executable File Formats File System Automount Point.
[[0;32m  OK  [0m] Set up automount Arbitrary Executabâ€¦rmats File System Automount Point.
[    9.435623] systemd[1]: syslog.socket: SO_PASSSEC failed: Operation not supported
[    9.443692] systemd[1]: Listening on Syslog Socket.
[[0;32m  OK  [0m] Listening on Syslog Socket.
[    9.472600] systemd[1]: Listening on Journal Audit Socket.
[[0;32m  OK  [0m] Listening on Journal Audit Socket.
[    9.502256] systemd[1]: Listening on udev Kernel Socket.
[[0;32m  OK  [0m] Listening on udev Kernel Socket.
[    9.533561] systemd[1]: Listening on udev Control Socket.
[[0;32m  OK  [0m] Listening on udev Control Socket.
[    9.563110] systemd[1]: Created slice System Slice.
[[0;32m  OK  [0m] Created slice System Slice.
         Mounting POSIX Message Queue File System...
[[0;32m  OK  [0m] Created slice system-serial\x2dgetty.slice.
         Mounting Debug File System...
[[0;32m  OK  [0m] Created slice User and Session Slice.
[[0;32m  OK  [0m] Reached target Slices.
[[0;32m  OK  [0m] Reached target Remote File Systems.
[[0;32m  OK  [0m] Listening on Journal Socket (/dev/log).
[[0;32m  OK  [0m] Listening on Journal Socket.
         Starting Journal Service...
         Starting Create list of required stâ€¦ce nodes for the current kernel...
         Starting Remount Root and Kernel File Systems...
[[0;32m  OK  [0m] Started Dispatch Password Requests to Console Directory Watch.
[[0;32m  OK  [0m] Listening on /dev/initctl Compatibility Named Pipe.
[[0;32m  OK  [0m] Reached target Swap.
[[0;32m  OK  [0m] Started Forward Password Requests to Wall Directory Watch.
[[0;32m  OK  [0m] Reached target Paths.
[[0;32m  OK  [0m] Reached target Encrypted Volumes.
         Starting Load Kernel Modules...
[[0;32m  OK  [0m] Created slice system-getty.slice.
[[0;32m  OK  [0m] Mounted POSIX Message Queue File System.
[[0;32m  OK  [0m] Mounted Debug File System.
[[0;32m  OK  [0m] Started Create list of required staâ€¦vice nodes for the current kernel.
[[0;32m  OK  [0m] Started Remount Root and Kernel File Systems.
         Starting udev Coldplug all Devices...
         Starting Load/Save Random Seed...
         Starting Create Static Device Nodes in /dev...
[[0;32m  OK  [0m] Started Load Kernel Modules.
         Mounting Configuration File System...
         Starting Apply Kernel Variables...
[[0;32m  OK  [0m] Mounted Configuration File System.
[[0;32m  OK  [0m] Started Load/Save Random Seed.
[[0;32m  OK  [0m] Started Apply Kernel Variables.
[[0;32m  OK  [0m] Started Journal Service.
         Starting Flush Journal to Persistent Storage...
[[0;32m  OK  [0m] Started Create Static Device Nodes in /dev.
[[0;32m  OK  [0m] Reached target Local File Systems (Pre).
[[0;32m  OK  [0m] Reached target Local File Systems.
         Starting Raise network interfaces...
         Starting udev Kernel Device Manager...
[   11.482024] systemd-journald[83]: Received request to flush runtime journal from PID 1
[[0;32m  OK  [0m] Started Flush Journal to Persistent Storage.
         Starting Create Volatile Files and Directories...
[[0;32m  OK  [0m] Started udev Kernel Device Manager.
[   12.647034] omap_prm 44e00d00.prm: sync_state() pending due to 44d00000.cpu
[[0;32m  OK  [0m] Started Create Volatile Files and Directories.
         Starting Network Time Synchronization...
         Starting Update UTMP about System Boot/Shutdown...
[[0;32m  OK  [0m] Started Update UTMP about System Boot/Shutdown.
[[0;32m  OK  [0m] Started udev Coldplug all Devices.
[[0;32m  OK  [0m] Started Network Time Synchronization.
[[0;32m  OK  [0m] Reached target System Initialization.
[[0;32m  OK  [0m] Started Daily Cleanup of Temporary Directories.
[[0;32m  OK  [0m] Listening on D-Bus System Message Bus Socket.
[[0;32m  OK  [0m] Listening on Avahi mDNS/DNS-SD Stack Activation Socket.
[[0;32m  OK  [0m] Reached target Sockets.
[   14.861221] remoteproc remoteproc0: wkup_m3 is available
[[0;32m  OK  [0m] Reached target Basic System.
         Starting Cape Manager Service...
[   15.118273] omap_wdt: OMAP Watchdog Timer Rev 0x01: initial timeout 60 sec
         Starting System Logging Service...
         Starting Login Service...
[   15.410451] am335x-phy-driver 47401300.usb-phy: dummy supplies not allowed for exclusive requests (id=vbus)
[   15.595838] at24 2-0054: supply vcc not found, using dummy regulator
[   15.612103] usbcore: registered new interface driver usbfs
[   15.617733] usbcore: registered new interface driver hub
[   15.623283] usbcore: registered new device driver usb
[   15.631920] am335x-phy-driver 47401b00.usb-phy: dummy supplies not allowed for exclusive requests (id=vbus)
[[0;32m  OK  [0m] Started Regular background program processing daemon.
[   15.707215] at24 2-0055: supply vcc not found, using dummy regulator
         Starting Telephony service...
[   15.882559] at24 2-0056: supply vcc not found, using dummy regulator
         Starting LSB: Start busybox udhcpd at boot time...
[   15.975553] at24 2-0057: supply vcc not found, using dummy regulator
         Starting LSB: Load kernel modules needed to enable cpufreq scaling...
[   16.147314] at24 0-0050: 32768 byte 24c256 EEPROM, writable, 1 bytes/write
         Starting Generic Board Startup...
[[0;32m  OK  [0m] Started D-Bus System Message Bus.
[   16.544738] input: tps65217_pwrbutton as /devices/platform/ocp/44c00000.interconnect/44c00000.interconnect:segment@200000/44e0b000.target-module/44e0b000.i2c/i2c-0/0-0024/tps65217-pwrbutton/input/input0
[   16.661238] omap_rtc 44e3e000.rtc: registered as rtc0
[   16.666571] omap_rtc 44e3e000.rtc: setting system clock to 2000-01-01T00:00:00 UTC (946684800)
[   17.206584] musb-hdrc musb-hdrc.1: MUSB HDRC host driver
[   17.212216] musb-hdrc musb-hdrc.1: new USB bus registered, assigned bus number 1
[   17.325876] usb usb1: New USB device found, idVendor=1d6b, idProduct=0002, bcdDevice= 6.16
[   17.334426] usb usb1: New USB device strings: Mfr=3, Product=2, SerialNumber=1
[   17.341778] usb usb1: Product: MUSB HDRC host driver
[   17.346773] usb usb1: Manufacturer: Linux 6.16.0-next-20250728 musb-hcd
[   17.353492] usb usb1: SerialNumber: musb-hdrc.1
[   17.740715] hub 1-0:1.0: USB hub found
[   17.824077] hub 1-0:1.0: 1 port detected
[   18.438547] tda998x 0-0070: found TDA19988
[   18.505000] omap-mailbox 480c8000.mailbox: omap mailbox rev 0x400
[   18.630697] remoteproc remoteproc0: powering up wkup_m3
[   18.716950] remoteproc remoteproc0: Direct firmware load for am335x-pm-firmware.elf failed with error -2
[   18.726733] remoteproc remoteproc0: request_firmware failed: -2
[   18.732785] wkup_m3_ipc 44e11324.wkup_m3_ipc: rproc_boot failed
[[0;32m  OK  [0m] Started Telephony service.
         Starting Connection service...
         Starting DUN service...
         Starting Avahi mDNS/DNS-SD Stack...
[[0;32m  OK  [0m] Reached target System Time Synchronized.
[   21.461873] omap_rng 48310000.rng: Random Number Generator ver. 20
[[0;32m  OK  [0m] Started Daily apt download activities.
[[0;32m  OK  [0m] Started Daily apt upgrade and clean activities.
[   21.604793] tilcdc 4830e000.lcdc: bound 0-0070 (ops tda998x_audio_codec_init [tda998x])
[[0;32m  OK  [0m] Reached target Timers.
[   21.763074] [drm] Initialized tilcdc 1.0.0 for 4830e000.lcdc on minor 0
[[0;32m  OK  [0m] Started System Logging Service.
[   21.895579] tilcdc 4830e000.lcdc: [drm] Cannot find any crtc or sizes
[[0;32m  OK  [0m] Started Cape Manager Service.
[   22.025305] tilcdc 4830e000.lcdc: [drm] Cannot find any crtc or sizes
[[0;32m  OK  [0m] Found device /dev/ttyS0.
[   23.225399] Bluetooth: Core ver 2.22
[   23.229223] NET: Registered PF_BLUETOOTH protocol family
[   23.234802] Bluetooth: HCI device and connection manager initialized
[   23.241221] Bluetooth: HCI socket layer initialized
[   23.246187] Bluetooth: L2CAP socket layer initialized
[   23.251304] Bluetooth: SCO socket layer initialized
[   23.547654] PM: Cannot get wkup_m3_ipc handle
[   23.617789] omap-sham 53100000.sham: hw accel on OMAP rev 4.3
[   23.712460] omap-aes 53500000.aes: OMAP AES hw accel rev: 3.2
[   23.757251] omap-sham 53100000.sham: will run requests pump with realtime priority
[   23.768996] PM: Cannot get wkup_m3_ipc handle
[   23.863575] omap-aes 53500000.aes: will run requests pump with realtime priority
[   23.893657] PM: Cannot get wkup_m3_ipc handle
[   24.584079] ------------[ cut here ]------------
[   24.588773] WARNING: net/8021q/vlan_core.c:236 at vlan_for_each+0x114/0x134, CPU#0: avahi-daemon/303
[   24.598169] RTNL: assertion failed at net/8021q/vlan_core.c (236)
[   24.604356] Modules linked in: snd_soc_simple_card omap_aes_driver snd_soc_simple_card_utils omap_sham pm33xx omap_crypto crypto_engine ti_emif_sram bluetooth ecdh_generic ecc libaes tilcdc omap_rng drm_dma_helper rng_core drm_client_lib snd_soc_davinci_mcasp snd_soc_ti_udma snd_soc_ti_edma snd_soc_ti_sdma snd_soc_core snd_pcm_dmaengine snd_pcm snd_timer omap_mailbox snd tda998x soundcore cec drm_kms_helper musb_dsps drm musb_hdrc wkup_m3_ipc rtc_omap tps65218_pwrbutton udc_core drm_panel_orientation_quirks usbcore at24 phy_am335x phy_generic omap_wdt usb_common phy_am335x_control cppi41 watchdog wkup_m3_rproc leds_gpio cpufreq_dt led_class autofs4
[   24.662407] CPU: 0 UID: 107 PID: 303 Comm: avahi-daemon Not tainted 6.16.0-next-20250728 #1 NONE 
[   24.662426] Hardware name: Generic AM33XX (Flattened Device Tree)
[   24.662435] Call trace: 
[   24.662451]  unwind_backtrace from show_stack+0x10/0x14
[   24.662489]  show_stack from dump_stack_lvl+0x50/0x64
[   24.662514]  dump_stack_lvl from __warn+0x88/0x148
[   24.662532]  __warn from warn_slowpath_fmt+0x19c/0x1b0
[   24.662545]  warn_slowpath_fmt from vlan_for_each+0x114/0x134
[   24.662568]  vlan_for_each from cpsw_add_mc_addr+0x40/0xa4
[   24.662597]  cpsw_add_mc_addr from __hw_addr_ref_sync_dev+0x108/0x140
[   24.662629]  __hw_addr_ref_sync_dev from __dev_mc_add+0x7c/0x80
[   24.662653]  __dev_mc_add from igmp6_group_added+0xc8/0xe0
[   24.662682]  igmp6_group_added from __ipv6_dev_mc_inc+0x218/0x364
[   24.662700]  __ipv6_dev_mc_inc from __ipv6_sock_mc_join+0x11c/0x214
[   24.662719]  __ipv6_sock_mc_join from do_ipv6_setsockopt+0x1214/0x1310
[   24.662751]  do_ipv6_setsockopt from ipv6_setsockopt+0x60/0xcc
[   24.662773]  ipv6_setsockopt from udpv6_setsockopt+0x2c/0x6c
[   24.662791]  udpv6_setsockopt from sock_common_setsockopt+0x30/0x40
[   24.662821]  sock_common_setsockopt from do_sock_setsockopt+0x50/0x9c
[   24.662844]  do_sock_setsockopt from __sys_setsockopt+0x70/0xbc
[   24.662864]  __sys_setsockopt from ret_fast_syscall+0x0/0x58
[   24.662881] Exception stack(0xe0141fa8 to 0xe0141ff0)
[   24.662895] 1fa0:                   00000014 b6f2bce8 0000000d 00000029 00000014 beec29ec
[   24.662907] 1fc0: 00000014 b6f2bce8 00000014 00000126 0000000d b6ed4ff4 004be988 004a6558
[   24.662915] 1fe0: b6eea088 beec29d8 b6ec7309 b6d9e41a
[   24.662924] ---[ end trace 0000000000000000 ]---
[   26.364243] mmc0: Problem switching card into high-speed mode!
[   26.546856] I/O error, dev mmcblk0, sector 257 op 0x0:(READ) flags 0x80700 phys_seg 28 prio class 0
[   26.652876] I/O error, dev mmcblk0, sector 259 op 0x0:(READ) flags 0x80700 phys_seg 28 prio class 0
[   26.710400] I/O error, dev mmcblk0, sector 260 op 0x0:(READ) flags 0x80700 phys_seg 28 prio class 0
[   26.770252] I/O error, dev mmcblk0, sector 261 op 0x0:(READ) flags 0x80700 phys_seg 28 prio class 0
[[0;32m  OK  [0m] Started LSB: Start busybox udhcpd at boot time.
[   28.161087] PM: Cannot get wkup_m3_ipc handle
[   28.295980] gpio-537 (nxp,calib): gpiod_direction_output_nonotify: tried to set a GPIO tied to an IRQ as output
[   28.381404] PM: Cannot get wkup_m3_ipc handle
[   28.577588] tda9950 0-0034: TDA9950 CEC interface, hardware version 3.3
[   28.680457] PM: Cannot get wkup_m3_ipc handle
[[0;32m  OK  [0m] Started Raise network interfaces.
[[0;32m  OK  [0m] Started LSB: Load kernel modules needed to enable cpufreq scaling.
[   30.528241] configfs-gadget.g_multi gadget.0: HOST MAC 1c:ba:8c:a2:ed:6c
[   30.535276] configfs-gadget.g_multi gadget.0: MAC 1c:ba:8c:a2:ed:70
[   30.542669] configfs-gadget.g_multi gadget.0: HOST MAC 1c:ba:8c:a2:ed:6c
[   30.549430] configfs-gadget.g_multi gadget.0: MAC 1c:ba:8c:a2:ed:6d
[   30.557588] PM: Cannot get wkup_m3_ipc handle
[[0;32m  OK  [0m] Started DUN service.
[[0;32m  OK  [0m] Started Avahi mDNS/DNS-SD Stack.
[[0;32m  OK  [0m] Started Connection service.
[[0;32m  OK  [0m] Started Login Service.
         Starting Hostname Service...
         Starting WPA supplicant...
[[0;32m  OK  [0m] Reached target Sound Card.
         Starting LSB: set CPUFreq kernel parameters...
[[0;32m  OK  [0m] Started WPA supplicant.
[[0;32m  OK  [0m] Started Hostname Service.
[[0;32m  OK  [0m] Reached target Network.
         Starting OpenBSD Secure Shell server...
         Starting The Apache HTTP Server...
[[0;32m  OK  [0m] Reached target Network is Online.
         Starting LSB: Advanced IEEE 802.11 management daemon...
         Starting Permit User Sessions...
[[0;32m  OK  [0m] Started LSB: set CPUFreq kernel parameters.
[[0;32m  OK  [0m] Started LSB: Advanced IEEE 802.11 management daemon.
[[0;32m  OK  [0m] Started Permit User Sessions.
[[0;32m  OK  [0m] Started Getty on tty1.
[[0;32m  OK  [0m] Started Serial Getty on ttyS0.
[[0;32m  OK  [0m] Reached target Login Prompts.
         Stopping LSB: Start busybox udhcpd at boot time...
[[0;32m  OK  [0m] Stopped LSB: Start busybox udhcpd at boot time.
[[0;32m  OK  [0m] Started OpenBSD Secure Shell server.
         Starting dnsmasq - A lightweight DHCP and caching DNS server...
[[0;32m  OK  [0m] Started The Apache HTTP Server.
[[0;32m  OK  [0m] Started dnsmasq - A lightweight DHCP and caching DNS server.
[[0;32m  OK  [0m] Reached target Host and Network Name Lookups.
[[0;32m  OK  [0m] Started Serial Getty on ttyGS0.
[[0;32m  OK  [0m] Started Generic Board Startup.
[[0;32m  OK  [0m] Reached target Multi-User System.
[[0;32m  OK  [0m] Reached target Graphical Interface.
         Starting Update UTMP about System Runlevel Changes...
[[0;32m  OK  [0m] Started Update UTMP about System Runlevel Changes.

Debian GNU/Linux 9 arm ttyS0

default username:password is [debian:temppwd]

arm login: root
Password: 
Last login: Sat Jan  1 00:00:50 UTC 2000 on ttyS0
root
Linux arm 6.16.0-next-20250728 #1 SMP Mon Jul 28 09:38:11 EEST 2025 armv7l

The programs included with the Debian GNU/Linux system are free software;
the exact distribution terms for each program are described in the
individual files in /usr/share/doc/*/copyright.

Debian GNU/Linux comes with ABSOLUTELY NO WARRANTY, to the extent
permitted by applicable law.
root@arm:~# root
dmesg -n 1
-bash: root: command not found
root@arm:~# dmesg -n 1
root@arm:~# echo 'UBMW''SSTQKM'
UBMWSSTQKM
root@arm:~# run() { echo -n "$MARKER"; sh -c "$@"; echo "$MARKER $?"; }
root@arm:~# echo 'OMOF''ABKJXG'
OMOFABKJXG
root@arm:~# MARKER='BBSZ''FQEUAU' run 'cat /proc/version'
BBSZFQEUAULinux version 6.16.0-next-20250728 (user01@drvtest01) (arm-none-eabi-gcc (Arm GNU Toolchain 14.2.Rel1 (Build arm-14.52)) 14.2.1 20241119, GNU ld (Arm GNU Toolchain 14.2.Rel1 (Build arm-14.52)) 2.43.1.20241119) #1 SMP Mon Jul 28 09:38:11 EEST 2025
BBSZFQEUAU 0
root@arm:~# echo 'GVKH''KCOMLY'
GVKHKCOMLY
root@arm:~# MARKER='VUZA''LTEWEO' run false
VUZALTEWEOVUZALTEWEO 1
root@arm:~# Labgrid Console Logfile for main
Logfile started at 2025-07-28 09:43:33.630931
=== Log starts here ===

root@arm:~# run() { echo -n "$MARKER"; sh -c "$@"; echo "$MARKER $?"; }
root@arm:~# echo 'CAUU''SMXMTW'
CAUUSMXMTW
root@arm:~# MARKER='QVZX''ZFHYBW' run 'ls /iio_generic_buffer; echo $?'
QVZXZFHYBW/iio_generic_buffer
0
QVZXZFHYBW 0
root@arm:~# Labgrid Console Logfile for main
Logfile started at 2025-07-28 09:43:36.988828
=== Log starts here ===

root@arm:~# run() { echo -n "$MARKER"; sh -c "$@"; echo "$MARKER $?"; }
root@arm:~# echo 'ASXT''GZTYFZ'
ASXTGZTYFZ
root@arm:~# MARKER='JWGX''ZVJBWV' run dmesg
JWGXZVJBWV[    0.000000] Booting Linux on physical CPU 0x0
[    0.000000] Linux version 6.16.0-next-20250728 (user01@drvtest01) (arm-none-eabi-gcc (Arm GNU Toolchain 14.2.Rel1 (Build arm-14.52)) 14.2.1 20241119, GNU ld (Arm GNU Toolchain 14.2.Rel1 (Build arm-14.52)) 2.43.1.20241119) #1 SMP Mon Jul 28 09:38:11 EEST 2025
[    0.000000] CPU: ARMv7 Processor [413fc082] revision 2 (ARMv7), cr=10c5387d
[    0.000000] CPU: PIPT / VIPT nonaliasing data cache, VIPT aliasing instruction cache
[    0.000000] OF: fdt: Machine model: TI AM335x BeagleBone Black
[    0.000000] Memory policy: Data cache writeback
[    0.000000] cma: Reserved 16 MiB at 0x9e800000
[    0.000000] Zone ranges:
[    0.000000]   Normal   [mem 0x0000000080000000-0x000000009fdfffff]
[    0.000000]   HighMem  empty
[    0.000000] Movable zone start for each node
[    0.000000] Early memory node ranges
[    0.000000]   node   0: [mem 0x0000000080000000-0x000000009fdfffff]
[    0.000000] Initmem setup node 0 [mem 0x0000000080000000-0x000000009fdfffff]
[    0.000000] On node 0, zone Normal: 512 pages in unavailable ranges
[    0.000000] OF: reserved mem: Reserved memory: No reserved-memory node in the DT
[    0.000000] CPU: All CPU(s) started in SVC mode.
[    0.000000] AM335X ES2.1 (sgx neon)
[    0.000000] percpu: Embedded 17 pages/cpu s39820 r8192 d21620 u69632
[    0.000000] pcpu-alloc: s39820 r8192 d21620 u69632 alloc=17*4096
[    0.000000] pcpu-alloc: [0] 0 
[    0.000000] Kernel command line: console=ttyO0,115200n8 root=/dev/nfs rw nfsroot=192.168.255.126:/home/user01/nfs,nfsvers=3 ip=192.168.255.1:192.168.255.126::255.255.255.0:bbb1:eth0 nfsrootdebug
[    0.000000] Unknown kernel command line parameters "nfsrootdebug", will be passed to user space.
[    0.000000] printk: log buffer data + meta data: 65536 + 204800 = 270336 bytes
[    0.000000] Dentry cache hash table entries: 65536 (order: 6, 262144 bytes, linear)
[    0.000000] Inode-cache hash table entries: 32768 (order: 5, 131072 bytes, linear)
[    0.000000] Built 1 zonelists, mobility grouping on.  Total pages: 130560
[    0.000000] mem auto-init: stack:off, heap alloc:off, heap free:off
[    0.000000] SLUB: HWalign=16, Order=0-3, MinObjects=0, CPUs=1, Nodes=1
[    0.000000] rcu: Hierarchical RCU implementation.
[    0.000000] rcu: 	RCU event tracing is enabled.
[    0.000000] rcu: 	RCU restricting CPUs from NR_CPUS=2 to nr_cpu_ids=1.
[    0.000000] 	Tracing variant of Tasks RCU enabled.
[    0.000000] rcu: RCU calculated value of scheduler-enlistment delay is 10 jiffies.
[    0.000000] rcu: Adjusting geometry for rcu_fanout_leaf=16, nr_cpu_ids=1
[    0.000000] RCU Tasks Trace: Setting shift to 0 and lim to 1 rcu_task_cb_adjust=1 rcu_task_cpu_ids=1.
[    0.000000] NR_IRQS: 16, nr_irqs: 16, preallocated irqs: 16
[    0.000000] IRQ: Found an INTC at 0x(ptrval) (revision 5.0) with 128 interrupts
[    0.000000] rcu: srcu_init: Setting srcu_struct sizes based on contention.
[    0.000000] TI gptimer clocksource: always-on /ocp/interconnect@44c00000/segment@200000/target-module@31000
[    0.000002] sched_clock: 32 bits at 24MHz, resolution 41ns, wraps every 89478484971ns
[    0.000027] clocksource: dmtimer: mask: 0xffffffff max_cycles: 0xffffffff, max_idle_ns: 79635851949 ns
[    0.000532] TI gptimer clockevent: 24000000 Hz at /ocp/interconnect@48000000/segment@0/target-module@40000
[    0.002149] Console: colour dummy device 80x30
[    0.002215] WARNING: Your 'console=ttyO0' has been replaced by 'ttyS0'
[    0.002223] This ensures that you still see kernel messages. Please
[    0.002228] update your kernel commandline.
[    0.002271] Calibrating delay loop... 996.14 BogoMIPS (lpj=4980736)
[    0.090583] CPU: Testing write buffer coherency: ok
[    0.090695] CPU0: Spectre v2: using BPIALL workaround
[    0.090705] pid_max: default: 32768 minimum: 301
[    0.090862] LSM: initializing lsm=capability
[    0.091031] Mount-cache hash table entries: 1024 (order: 0, 4096 bytes, linear)
[    0.091050] Mountpoint-cache hash table entries: 1024 (order: 0, 4096 bytes, linear)
[    0.092619] CPU0: thread -1, cpu 0, socket -1, mpidr 0
[    0.092677] cacheinfo: Unable to detect cache hierarchy for CPU 0
[    0.094636] Setting up static identity map for 0x80100000 - 0x80100078
[    0.094968] rcu: Hierarchical SRCU implementation.
[    0.094979] rcu: 	Max phase no-delay instances is 1000.
[    0.096675] smp: Bringing up secondary CPUs ...
[    0.096729] smp: Brought up 1 node, 1 CPU
[    0.096741] SMP: Total of 1 processors activated (996.14 BogoMIPS).
[    0.096753] CPU: All CPU(s) started in SVC mode.
[    0.096949] Memory: 480856K/522240K available (11264K kernel code, 1218K rwdata, 2936K rodata, 1024K init, 254K bss, 23352K reserved, 16384K cma-reserved, 0K highmem)
[    0.097759] devtmpfs: initialized
[    0.114917] VFP support v0.3: implementor 41 architecture 3 part 30 variant c rev 3
[    0.115549] clocksource: jiffies: mask: 0xffffffff max_cycles: 0xffffffff, max_idle_ns: 19112604462750000 ns
[    0.115602] posixtimers hash table entries: 512 (order: 0, 4096 bytes, linear)
[    0.115629] futex hash table entries: 256 (16384 bytes on 1 NUMA nodes, total 16 KiB, linear).
[    0.116753] pinctrl core: initialized pinctrl subsystem
[    0.118914] NET: Registered PF_NETLINK/PF_ROUTE protocol family
[    0.122073] DMA: preallocated 256 KiB pool for atomic coherent allocations
[    0.122680] audit: initializing netlink subsys (disabled)
[    0.123992] thermal_sys: Registered thermal governor 'fair_share'
[    0.124005] thermal_sys: Registered thermal governor 'step_wise'
[    0.124014] thermal_sys: Registered thermal governor 'user_space'
[    0.124123] audit: type=2000 audit(0.120:1): state=initialized audit_enabled=0 res=1
[    0.124197] cpuidle: using governor menu
[    0.142432] /ocp/interconnect@44c00000/segment@200000/target-module@b000/i2c@0/tda19988@70: Fixed dependency cycle(s) with /ocp/interconnect@48000000/segment@300000/target-module@e000/lcdc@0
[    0.143573] /ocp/interconnect@48000000/segment@300000/target-module@e000/lcdc@0: Fixed dependency cycle(s) with /ocp/interconnect@44c00000/segment@200000/target-module@b000/i2c@0/tda19988@70
[    0.145826] No ATAGs?
[    0.145869] hw-breakpoint: debug architecture 0x4 unsupported.
[    0.148972] kprobes: kprobe jump-optimization is enabled. All kprobes are optimized if possible.
[    0.154274] iommu: Default domain type: Translated
[    0.154298] iommu: DMA domain TLB invalidation policy: strict mode
[    0.155870] reg-fixed-voltage fixedregulator0: using DT '/fixedregulator0' for '(default)' GPIO lookup
[    0.155923] of_get_named_gpiod_flags: can't parse 'gpios' property of node '/fixedregulator0[0]'
[    0.155951] of_get_named_gpiod_flags: can't parse 'gpio' property of node '/fixedregulator0[0]'
[    0.155968] reg-fixed-voltage fixedregulator0: using lookup tables for GPIO lookup
[    0.155978] reg-fixed-voltage fixedregulator0: No GPIO consumer (default) found
[    0.161672] SCSI subsystem initialized
[    0.162155] libata version 3.00 loaded.
[    0.162535] pps_core: LinuxPPS API ver. 1 registered
[    0.162545] pps_core: Software ver. 5.3.6 - Copyright 2005-2007 Rodolfo Giometti <giometti@linux.it>
[    0.162568] PTP clock support registered
[    0.171177] vgaarb: loaded
[    0.171553] clocksource: Switched to clocksource dmtimer
[    0.172236] VFS: Disk quotas dquot_6.6.0
[    0.172297] VFS: Dquot-cache hash table entries: 1024 (order 0, 4096 bytes)
[    0.196965] NET: Registered PF_INET protocol family
[    0.197309] IP idents hash table entries: 8192 (order: 4, 65536 bytes, linear)
[    0.198724] tcp_listen_portaddr_hash hash table entries: 512 (order: 0, 4096 bytes, linear)
[    0.198764] Table-perturb hash table entries: 65536 (order: 6, 262144 bytes, linear)
[    0.198783] TCP established hash table entries: 4096 (order: 2, 16384 bytes, linear)
[    0.198829] TCP bind hash table entries: 4096 (order: 4, 65536 bytes, linear)
[    0.198928] TCP: Hash tables configured (established 4096 bind 4096)
[    0.199050] UDP hash table entries: 256 (order: 1, 14336 bytes, linear)
[    0.199085] UDP-Lite hash table entries: 256 (order: 1, 14336 bytes, linear)
[    0.199276] NET: Registered PF_UNIX/PF_LOCAL protocol family
[    0.200551] RPC: Registered named UNIX socket transport module.
[    0.200569] RPC: Registered udp transport module.
[    0.200574] RPC: Registered tcp transport module.
[    0.200579] RPC: Registered tcp-with-tls transport module.
[    0.200584] RPC: Registered tcp NFSv4.1 backchannel transport module.
[    0.200609] PCI: CLS 0 bytes, default 64
[    0.202149] Initialise system trusted keyrings
[    0.212229] workingset: timestamp_bits=14 max_order=17 bucket_order=3
[    0.213624] NFS: Registering the id_resolver key type
[    0.213687] Key type id_resolver registered
[    0.213695] Key type id_legacy registered
[    0.213802] jffs2: version 2.2. (NAND) (SUMMARY)  Â© 2001-2006 Red Hat, Inc.
[    0.214260] Key type asymmetric registered
[    0.214278] Asymmetric key parser 'x509' registered
[    0.214351] io scheduler mq-deadline registered
[    0.214360] io scheduler kyber registered
[    0.214438] io scheduler bfq registered
[    0.216323] target-module@4b000000:target-module@140000:pmu@0:fck: device ID is greater than 24
[    0.222509] l3-aon-clkctrl:0000:0: failed to disable
[    0.231811] ledtrig-cpu: registered to indicate activity on CPUs
[    0.235573] Serial: 8250/16550 driver, 6 ports, IRQ sharing enabled
[    0.277861] brd: module loaded
[    0.298407] loop: module loaded
[    0.299355] mtdoops: mtd device (mtddev=name/number) must be supplied
[    0.301058] mdio_bus fixed-0: using lookup tables for GPIO lookup
[    0.301081] mdio_bus fixed-0: No GPIO consumer reset found
[    0.302669] i2c_dev: i2c /dev entries driver
[    0.303681] cpuidle: enable-method property 'ti,am3352' found operations
[    0.304117] sdhci: Secure Digital Host Controller Interface driver
[    0.304125] sdhci: Copyright(c) Pierre Ossman
[    0.304297] sdhci-pltfm: SDHCI platform and OF driver helper
[    0.312306] hw perfevents: enabled with armv7_cortex_a8 PMU driver, 5 (8000000f) counters available
[    0.312820] Initializing XFRM netlink socket
[    0.313002] NET: Registered PF_INET6 protocol family
[    0.318662] l3-aon-clkctrl:0000:0: failed to disable
[    0.326772] Segment Routing with IPv6
[    0.326856] In-situ OAM (IOAM) with IPv6
[    0.326953] sit: IPv6, IPv4 and MPLS over IPv4 tunneling driver
[    0.327912] NET: Registered PF_PACKET protocol family
[    0.327939] NET: Registered PF_KEY protocol family
[    0.328074] Key type dns_resolver registered
[    0.328306] ThumbEE CPU extension supported.
[    0.328325] Registering SWP/SWPB emulation handler
[    0.328859] omap_voltage_late_init: Voltage driver support not added
[    0.329526] SmartReflex Class3 initialized
[    0.377774] Loading compiled-in X.509 certificates
[    0.407334] /ocp/interconnect@44c00000/segment@200000/target-module@b000/i2c@0/tda19988@70: Fixed dependency cycle(s) with /ocp/interconnect@48000000/segment@300000/target-module@e000/lcdc@0
[    0.413952] /ocp/interconnect@44c00000/segment@200000/target-module@b000/i2c@0/tda19988@70: Fixed dependency cycle(s) with /ocp/interconnect@48000000/segment@300000/target-module@e000/lcdc@0
[    0.419539] gpiochip_find_base_unlocked: found new base at 512
[    0.436715] /ocp/interconnect@44c00000/segment@200000/target-module@b000/i2c@0/tda19988@70: Fixed dependency cycle(s) with /ocp/interconnect@48000000/segment@300000/target-module@e000/lcdc@0
[    0.437610] /ocp/interconnect@44c00000/segment@200000/target-module@b000/i2c@0/tda19988@70: Fixed dependency cycle(s) with /ocp/interconnect@48000000/segment@300000/target-module@e000/lcdc@0
[    0.441090] /ocp/interconnect@44c00000/segment@200000/target-module@10000/scm@0/pinmux@800: Fixed dependency cycle(s) with /ocp/interconnect@44c00000/segment@200000/target-module@10000/scm@0/pinmux@800/clkout2-pins
[    0.441922] pinctrl-single 44e10800.pinmux: 142 pins, size 568
[    0.447332] ti-sysc 44e31000.target-module: probe with driver ti-sysc failed with error -16
[    0.472302] /ocp/interconnect@48000000/segment@300000/target-module@e000/lcdc@0: Fixed dependency cycle(s) with /ocp/interconnect@44c00000/segment@200000/target-module@b000/i2c@0/tda19988@70
[    0.480417] ti-sysc 48040000.target-module: probe with driver ti-sysc failed with error -16
[    0.492340] gpiochip_find_base_unlocked: found new base at 512
[    0.492441] gpio gpiochip0: (gpio-0-31): created GPIO range 0->7 ==> 44e10800.pinmux PIN 0->7
[    0.492460] gpio gpiochip0: (gpio-0-31): created GPIO range 8->11 ==> 44e10800.pinmux PIN 90->93
[    0.492476] gpio gpiochip0: (gpio-0-31): created GPIO range 12->27 ==> 44e10800.pinmux PIN 12->27
[    0.492491] gpio gpiochip0: (gpio-0-31): created GPIO range 28->31 ==> 44e10800.pinmux PIN 30->33
[    0.527054] gpio gpiochip0: (gpio-0-31): added GPIO chardev (254:0)
[    0.527274] gpio gpiochip0: registered GPIOs 512 to 543 on gpio-0-31
[    0.527358] OMAP GPIO hardware version 0.1
[    0.570005] i2c i2c-2: using DT '/ocp/interconnect@48000000/segment@100000/target-module@9c000/i2c@0' for 'scl' GPIO lookup
[    0.570083] of_get_named_gpiod_flags: can't parse 'scl-gpios' property of node '/ocp/interconnect@48000000/segment@100000/target-module@9c000/i2c@0[0]'
[    0.570126] of_get_named_gpiod_flags: can't parse 'scl-gpio' property of node '/ocp/interconnect@48000000/segment@100000/target-module@9c000/i2c@0[0]'
[    0.570161] i2c i2c-2: using lookup tables for GPIO lookup
[    0.570171] i2c i2c-2: No GPIO consumer scl found
[    0.570191] i2c i2c-2: using DT '/ocp/interconnect@48000000/segment@100000/target-module@9c000/i2c@0' for 'sda' GPIO lookup
[    0.570225] of_get_named_gpiod_flags: can't parse 'sda-gpios' property of node '/ocp/interconnect@48000000/segment@100000/target-module@9c000/i2c@0[0]'
[    0.570261] of_get_named_gpiod_flags: can't parse 'sda-gpio' property of node '/ocp/interconnect@48000000/segment@100000/target-module@9c000/i2c@0[0]'
[    0.570291] i2c i2c-2: using lookup tables for GPIO lookup
[    0.570298] i2c i2c-2: No GPIO consumer sda found
[    0.571029] omap_i2c 4819c000.i2c: bus 2 rev0.11 at 100 kHz
[    0.576879] gpiochip_find_base_unlocked: found new base at 544
[    0.576984] gpio gpiochip1: (gpio-32-63): created GPIO range 0->17 ==> 44e10800.pinmux PIN 34->51
[    0.577005] gpio gpiochip1: (gpio-32-63): created GPIO range 18->21 ==> 44e10800.pinmux PIN 77->80
[    0.577022] gpio gpiochip1: (gpio-32-63): created GPIO range 22->31 ==> 44e10800.pinmux PIN 56->65
[    0.594888] gpio gpiochip1: (gpio-32-63): added GPIO chardev (254:1)
[    0.595104] gpio gpiochip1: registered GPIOs 544 to 575 on gpio-32-63
[    0.597426] gpiochip_find_base_unlocked: found new base at 576
[    0.597519] gpio gpiochip2: (gpio-64-95): created GPIO range 0->4 ==> 44e10800.pinmux PIN 66->70
[    0.597540] gpio gpiochip2: (gpio-64-95): created GPIO range 5->6 ==> 44e10800.pinmux PIN 98->99
[    0.597555] gpio gpiochip2: (gpio-64-95): created GPIO range 7->8 ==> 44e10800.pinmux PIN 75->76
[    0.597571] gpio gpiochip2: (gpio-64-95): created GPIO range 13->13 ==> 44e10800.pinmux PIN 141->141
[    0.597587] gpio gpiochip2: (gpio-64-95): created GPIO range 14->21 ==> 44e10800.pinmux PIN 100->107
[    0.605174] gpio gpiochip2: (gpio-64-95): added GPIO chardev (254:2)
[    0.605398] gpio gpiochip2: registered GPIOs 576 to 607 on gpio-64-95
[    0.611147] 48000000.interconnect:segment@200000:target-module@0:mpu@0:fck: device ID is greater than 24
[    0.612235] /ocp/interconnect@48000000/segment@300000/target-module@e000/lcdc@0: Fixed dependency cycle(s) with /ocp/interconnect@44c00000/segment@200000/target-module@b000/i2c@0/tda19988@70
[    0.615126] /ocp/interconnect@48000000/segment@300000/target-module@e000/lcdc@0: Fixed dependency cycle(s) with /ocp/interconnect@44c00000/segment@200000/target-module@b000/i2c@0/tda19988@70
[    0.615847] /ocp/interconnect@44c00000/segment@200000/target-module@b000/i2c@0/tda19988@70: Fixed dependency cycle(s) with /ocp/interconnect@48000000/segment@300000/target-module@e000/lcdc@0
[    0.616007] /ocp/interconnect@48000000/segment@300000/target-module@e000/lcdc@0: Fixed dependency cycle(s) with /ocp/interconnect@44c00000/segment@200000/target-module@b000/i2c@0/tda19988@70
[    0.625834] mdio_bus 4a101000.mdio: using DT '/ocp/interconnect@4a000000/segment@0/target-module@100000/switch@0/mdio@1000' for 'reset' GPIO lookup
[    0.625905] of_get_named_gpiod_flags: can't parse 'reset-gpios' property of node '/ocp/interconnect@4a000000/segment@0/target-module@100000/switch@0/mdio@1000[0]'
[    0.625951] of_get_named_gpiod_flags: can't parse 'reset-gpio' property of node '/ocp/interconnect@4a000000/segment@0/target-module@100000/switch@0/mdio@1000[0]'
[    0.625997] mdio_bus 4a101000.mdio: using lookup tables for GPIO lookup
[    0.626006] mdio_bus 4a101000.mdio: No GPIO consumer reset found
[    0.626933] sdhci-omap 481d8000.mmc: using DT '/ocp/interconnect@48000000/segment@100000/target-module@d8000/mmc@0' for 'wp' GPIO lookup
[    0.626992] of_get_named_gpiod_flags: can't parse 'wp-gpios' property of node '/ocp/interconnect@48000000/segment@100000/target-module@d8000/mmc@0[0]'
[    0.627032] of_get_named_gpiod_flags: can't parse 'wp-gpio' property of node '/ocp/interconnect@48000000/segment@100000/target-module@d8000/mmc@0[0]'
[    0.627066] sdhci-omap 481d8000.mmc: using lookup tables for GPIO lookup
[    0.627075] sdhci-omap 481d8000.mmc: No GPIO consumer wp found
[    0.627270] sdhci-omap 481d8000.mmc: supply pbias not found, using dummy regulator
[    0.627766] sdhci-omap 481d8000.mmc: supply vqmmc not found, using dummy regulator
[    0.691994] davinci_mdio 4a101000.mdio: davinci mdio revision 1.6, bus freq 1000000
[    0.693676] mdio_bus 4a101000.mdio:00: using DT '/ocp/interconnect@4a000000/segment@0/target-module@100000/switch@0/mdio@1000/ethernet-phy@0' for 'reset' GPIO lookup
[    0.693779] of_get_named_gpiod_flags: parsed 'reset-gpios' property of node '/ocp/interconnect@4a000000/segment@0/target-module@100000/switch@0/mdio@1000/ethernet-phy@0[0]' - status (0)
[    0.693940] gpio gpiochip0: Persistence not supported for GPIO 8
[    0.810013] davinci_mdio 4a101000.mdio: phy[0]: device 4a101000.mdio:00, driver SMSC LAN8710/LAN8720
[    0.810793] cpsw-switch 4a100000.switch: initialized cpsw ale version 1.4
[    0.810814] cpsw-switch 4a100000.switch: ALE Table size 1024, Policers 0
[    0.810953] cpsw-switch 4a100000.switch: cpts: overflow check period 500 (jiffies)
[    0.810968] cpsw-switch 4a100000.switch: CPTS: ref_clk_freq:250000000 calc_mult:2147483648 calc_shift:29 error:0 nsec/sec
[    0.811081] cpsw-switch 4a100000.switch: Detected MACID = 6c:ec:eb:68:de:78
[    0.813132] cpsw-switch 4a100000.switch: initialized (regs 0x4a100000, pool size 256) hw_ver:0019010C 1.12 (0)
[    0.824179] debugfs: '49000000.dma' already exists in 'dmaengine'
[    0.824222] edma 49000000.dma: TI EDMA DMA engine driver
[    0.865339] gpio-clk clk_mcasp0: using DT '/clk_mcasp0' for 'enable' GPIO lookup
[    0.865421] of_get_named_gpiod_flags: parsed 'enable-gpios' property of node '/clk_mcasp0[0]' - status (0)
[    0.865466] gpio gpiochip0: Persistence not supported for GPIO 27
[    0.866344] gpiochip_find_base_unlocked: found new base at 608
[    0.866456] gpio gpiochip3: (gpio-96-127): created GPIO range 0->7 ==> 44e10800.pinmux PIN 82->89
[    0.866476] gpio gpiochip3: (gpio-96-127): created GPIO range 8->11 ==> 44e10800.pinmux PIN 52->55
[    0.866494] gpio gpiochip3: (gpio-96-127): created GPIO range 12->15 ==> 44e10800.pinmux PIN 94->97
[    0.866510] gpio gpiochip3: (gpio-96-127): created GPIO range 16->17 ==> 44e10800.pinmux PIN 71->72
[    0.866526] gpio gpiochip3: (gpio-96-127): created GPIO range 18->18 ==> 44e10800.pinmux PIN 135->135
[    0.866542] gpio gpiochip3: (gpio-96-127): created GPIO range 19->20 ==> 44e10800.pinmux PIN 108->109
[    0.866559] gpio gpiochip3: (gpio-96-127): created GPIO range 21->21 ==> 44e10800.pinmux PIN 73->73
[    0.866576] gpio gpiochip3: (gpio-96-127): created GPIO range 22->23 ==> 44e10800.pinmux PIN 8->9
[    0.866593] gpio gpiochip3: (gpio-96-127): created GPIO range 26->27 ==> 44e10800.pinmux PIN 10->11
[    0.866611] gpio gpiochip3: (gpio-96-127): created GPIO range 28->28 ==> 44e10800.pinmux PIN 74->74
[    0.866629] gpio gpiochip3: (gpio-96-127): created GPIO range 29->29 ==> 44e10800.pinmux PIN 81->81
[    0.866647] gpio gpiochip3: (gpio-96-127): created GPIO range 30->31 ==> 44e10800.pinmux PIN 28->29
[    0.888557] gpio gpiochip3: (gpio-96-127): added GPIO chardev (254:3)
[    0.888804] gpio gpiochip3: registered GPIOs 608 to 639 on gpio-96-127
[    0.890689] omap8250 44e09000.serial: using DT '/ocp/interconnect@44c00000/segment@200000/target-module@9000/serial@0' for 'rs485-term' GPIO lookup
[    0.890759] of_get_named_gpiod_flags: can't parse 'rs485-term-gpios' property of node '/ocp/interconnect@44c00000/segment@200000/target-module@9000/serial@0[0]'
[    0.890804] of_get_named_gpiod_flags: can't parse 'rs485-term-gpio' property of node '/ocp/interconnect@44c00000/segment@200000/target-module@9000/serial@0[0]'
[    0.890839] omap8250 44e09000.serial: using lookup tables for GPIO lookup
[    0.890849] omap8250 44e09000.serial: No GPIO consumer rs485-term found
[    0.890858] omap8250 44e09000.serial: using DT '/ocp/interconnect@44c00000/segment@200000/target-module@9000/serial@0' for 'rs485-rx-during-tx' GPIO lookup
[    0.890893] of_get_named_gpiod_flags: can't parse 'rs485-rx-during-tx-gpios' property of node '/ocp/interconnect@44c00000/segment@200000/target-module@9000/serial@0[0]'
[    0.890929] of_get_named_gpiod_flags: can't parse 'rs485-rx-during-tx-gpio' property of node '/ocp/interconnect@44c00000/segment@200000/target-module@9000/serial@0[0]'
[    0.890959] omap8250 44e09000.serial: using lookup tables for GPIO lookup
[    0.890967] omap8250 44e09000.serial: No GPIO consumer rs485-rx-during-tx found
[    0.891416] 44e09000.serial: ttyS0 at MMIO 0x44e09000 (irq = 34, base_baud = 3000000) is a 8250
[    0.891507] printk: legacy console [ttyS0] enabled
[    2.406175] i2c i2c-0: using DT '/ocp/interconnect@44c00000/segment@200000/target-module@b000/i2c@0' for 'scl' GPIO lookup
[    2.406263] of_get_named_gpiod_flags: can't parse 'scl-gpios' property of node '/ocp/interconnect@44c00000/segment@200000/target-module@b000/i2c@0[0]'
[    2.406309] of_get_named_gpiod_flags: can't parse 'scl-gpio' property of node '/ocp/interconnect@44c00000/segment@200000/target-module@b000/i2c@0[0]'
[    2.406349] i2c i2c-0: using lookup tables for GPIO lookup
[    2.406362] i2c i2c-0: No GPIO consumer scl found
[    2.406387] i2c i2c-0: using DT '/ocp/interconnect@44c00000/segment@200000/target-module@b000/i2c@0' for 'sda' GPIO lookup
[    2.406425] of_get_named_gpiod_flags: can't parse 'sda-gpios' property of node '/ocp/interconnect@44c00000/segment@200000/target-module@b000/i2c@0[0]'
[    2.406465] of_get_named_gpiod_flags: can't parse 'sda-gpio' property of node '/ocp/interconnect@44c00000/segment@200000/target-module@b000/i2c@0[0]'
[    2.406500] i2c i2c-0: using lookup tables for GPIO lookup
[    2.406512] i2c i2c-0: No GPIO consumer sda found
[    2.422526] tps65217-pmic: Failed to locate of_node [id: -1]
[    2.428597] tps65217-bl: Failed to locate of_node [id: -1]
[    2.434672] platform tps65217-charger: DMA mask not set
[    2.440708] platform tps65217-pwrbutton: DMA mask not set
[    2.448016] tps65217 0-0024: TPS65217 ID 0xe version 1.2
[    2.454145] /ocp/interconnect@48000000/segment@300000/target-module@e000/lcdc@0: Fixed dependency cycle(s) with /ocp/interconnect@44c00000/segment@200000/target-module@b000/i2c@0/tda19988@70
[    2.471578] /ocp/interconnect@44c00000/segment@200000/target-module@b000/i2c@0/tda19988@70: Fixed dependency cycle(s) with /ocp/interconnect@48000000/segment@300000/target-module@e000/lcdc@0
[    2.488923] omap_i2c 44e0b000.i2c: bus 0 rev0.11 at 400 kHz
[    2.496608] sdhci-omap 48060000.mmc: using DT '/ocp/interconnect@48000000/segment@0/target-module@60000/mmc@0' for 'cd' GPIO lookup
[    2.496713] of_get_named_gpiod_flags: parsed 'cd-gpios' property of node '/ocp/interconnect@48000000/segment@0/target-module@60000/mmc@0[0]' - status (0)
[    2.496780] gpio gpiochip3: Persistence not supported for GPIO 6
[    2.496805] omap_gpio 44e07000.gpio: Could not set line 6 debounce to 200000 microseconds (-22)
[    2.505726] sdhci-omap 48060000.mmc: Got CD GPIO
[    2.510378] sdhci-omap 48060000.mmc: using DT '/ocp/interconnect@48000000/segment@0/target-module@60000/mmc@0' for 'wp' GPIO lookup
[    2.510426] of_get_named_gpiod_flags: can't parse 'wp-gpios' property of node '/ocp/interconnect@48000000/segment@0/target-module@60000/mmc@0[0]'
[    2.510470] of_get_named_gpiod_flags: can't parse 'wp-gpio' property of node '/ocp/interconnect@48000000/segment@0/target-module@60000/mmc@0[0]'
[    2.510508] sdhci-omap 48060000.mmc: using lookup tables for GPIO lookup
[    2.510522] sdhci-omap 48060000.mmc: No GPIO consumer wp found
[    2.510733] sdhci-omap 48060000.mmc: supply pbias not found, using dummy regulator
[    2.519567] sdhci-omap 481d8000.mmc: using DT '/ocp/interconnect@48000000/segment@100000/target-module@d8000/mmc@0' for 'wp' GPIO lookup
[    2.519641] of_get_named_gpiod_flags: can't parse 'wp-gpios' property of node '/ocp/interconnect@48000000/segment@100000/target-module@d8000/mmc@0[0]'
[    2.519687] of_get_named_gpiod_flags: can't parse 'wp-gpio' property of node '/ocp/interconnect@48000000/segment@100000/target-module@d8000/mmc@0[0]'
[    2.519725] sdhci-omap 481d8000.mmc: using lookup tables for GPIO lookup
[    2.519739] sdhci-omap 481d8000.mmc: No GPIO consumer wp found
[    2.520752] sdhci-omap 48060000.mmc: supply vqmmc not found, using dummy regulator
[    2.530041] sdhci-omap 481d8000.mmc: supply pbias not found, using dummy regulator
[    2.565177] sdhci-omap 481d8000.mmc: supply vqmmc not found, using dummy regulator
[    2.654939] mmc1: SDHCI controller on 481d8000.mmc [481d8000.mmc] using External DMA
[    2.663415] mmc0: SDHCI controller on 48060000.mmc [48060000.mmc] using External DMA
[    2.672195] cpsw-switch 4a100000.switch: starting ndev. mode: dual_mac
[    2.720648] mmc0: new high speed SDHC card at address 5048
[    2.727694] mmcblk0: mmc0:5048 SD16G 14.4 GiB
[    2.736015]  mmcblk0: p1 p2
[    2.739378] mmcblk0: p2 size 31221760 extends beyond EOD, truncated
[    2.752814] SMSC LAN8710/LAN8720 4a101000.mdio:00: attached PHY driver (mii_bus:phy_addr=4a101000.mdio:00, irq=POLL)
[    2.763808] mmc1: new high speed MMC card at address 0001
[    2.776333] mmcblk1: mmc1:0001 MMC04G 3.60 GiB
[    2.783971]  mmcblk1: p1 p2
[    2.788181] mmcblk1boot0: mmc1:0001 MMC04G 2.00 MiB
[    2.796893] mmcblk1boot1: mmc1:0001 MMC04G 2.00 MiB
[    2.806108] mmcblk1rpmb: mmc1:0001 MMC04G 128 KiB, chardev (249:0)
[    5.922306] cpsw-switch 4a100000.switch eth0: Link is Up - 100Mbps/Full - flow control off
[    5.951562] IP-Config: Complete:
[    5.954833]      device=eth0, hwaddr=6c:ec:eb:68:de:78, ipaddr=192.168.255.1, mask=255.255.255.0, gw=255.255.255.255
[    5.965475]      host=bbb1, domain=, nis-domain=(none)
[    5.970643]      bootserver=192.168.255.126, rootserver=192.168.255.126, rootpath=
[    5.971060] clk: Disabling unused clocks
[    5.982969] KTAP version 1
[    5.985700] 1..0
[    5.988387] check access for rdinit=/init failed: -2, ignoring
[    6.016119] VFS: Mounted root (nfs filesystem) on device 0:17.
[    6.023127] devtmpfs: mounted
[    6.027621] Freeing unused kernel image (initmem) memory: 1024K
[    6.034461] Run /sbin/init as init process
[    6.038595]   with arguments:
[    6.038608]     /sbin/init
[    6.038616]     nfsrootdebug
