Labgrid Console Logfile for main
Logfile started at 2025-06-10 15:40:03.313780
=== Log starts here ===
reading args
spl_load_image_fat_os: error reading image args, err - -1
reading u-boot.img
reading u-boot.img


U-Boot 2014.04-00014-g47880f5 (Apr 22 2014 - 13:23:54)

I2C:   ready
DRAM:  512 MiB
NAND:  0 MiB
MMC:   OMAP SD/MMC: 0, OMAP SD/MMC: 1
*** Warning - readenv() failed, using default environment

Net:   <ethaddr> not set. Validating first E-fuse MAC
cpsw, usb_ether
Hit any key to stop autoboot:  1  0 
gpio: pin 53 (gpio 53) value is 1
mmc0 is current device
gpio: pin 54 (gpio 54) value is 1
SD/MMC found on device 0
reading uEnv.txt
569 bytes read in 3 ms (184.6 KiB/s)
gpio: pin 55 (gpio 55) value is 1
Loaded environment from uEnv.txt
Importing environment from mmc ...
Checking if uenvcmd is set ...
gpio: pin 56 (gpio 56) value is 1
Running uenvcmd ...
cpsw Waiting for PHY auto negotiation to complete. done
link up on port 0, speed 100, full duplex
Using cpsw device
TFTP from server 192.168.255.126; our IP address is 192.168.255.1
Filename 'zImage'.
Load address: 0x81000000
Loading: *#################################################################
	 #################################################################
	 #################################################################
	 #################################################################
	 #################################################################
	 ########################################################
	 2.4 MiB/s
done
Bytes transferred = 5588672 (5546c0 hex)
link up on port 0, speed 100, full duplex
Using cpsw device
TFTP from server 192.168.255.126; our IP address is 192.168.255.1
Filename 'am335x-boneblack.dtb'.
Load address: 0x82000000
Loading: *#######
	 1.8 MiB/s
done
Bytes transferred = 98244 (17fc4 hex)
Kernel image @ 0x81000000 [ 0x000000 - 0x5546c0 ]
## Flattened Device Tree blob at 82000000
   Booting using the fdt blob at 0x82000000
   Using Device Tree in place at 82000000, end 8201afc3

Starting kernel ...

[    0.000000] Booting Linux on physical CPU 0x0
[    0.000000] Linux version 6.15.2-87442-gb0d369dbad20 (user01@drvtest01) (arm-none-eabi-gcc (Arm GNU Toolchain 14.2.Rel1 (Build arm-14.52)) 14.2.1 20241119, GNU ld (Arm GNU Toolchain 14.2.Rel1 (Build arm-14.52)) 2.43.1.20241119) #1 SMP Tue Jun 10 15:35:43 EEST 2025
[    0.000000] CPU: ARMv7 Processor [413fc082] revision 2 (ARMv7), cr=10c5387d
[    0.000000] CPU: PIPT / VIPT nonaliasing data cache, VIPT aliasing instruction cache
[    0.000000] OF: fdt: Machine model: TI AM335x BeagleBone Black
[    0.000000] Memory policy: Data cache writeback
[    0.000000] cma: Reserved 16 MiB at 0x9e800000
[    0.000000] Zone ranges:
[    0.000000]   Normal   [mem 0x0000000080000000-0x000000009fdfffff]
[    0.000000]   HighMem  empty
[    0.000000] Movable zone start for each node
[    0.000000] Early memory node ranges
[    0.000000]   node   0: [mem 0x0000000080000000-0x000000009fdfffff]
[    0.000000] Initmem setup node 0 [mem 0x0000000080000000-0x000000009fdfffff]
[    0.000000] On node 0, zone Normal: 512 pages in unavailable ranges
[    0.000000] OF: reserved mem: Reserved memory: No reserved-memory node in the DT
[    0.000000] CPU: All CPU(s) started in SVC mode.
[    0.000000] AM335X ES2.1 (sgx neon)
[    0.000000] percpu: Embedded 17 pages/cpu s39692 r8192 d21748 u69632
[    0.000000] Kernel command line: console=ttyO0,115200n8 root=/dev/nfs rw nfsroot=192.168.255.126:/home/user01/nfs,nfsvers=3 ip=192.168.255.1:192.168.255.126::255.255.255.0:bbb1:eth0 nfsrootdebug
[    0.000000] Unknown kernel command line parameters "nfsrootdebug", will be passed to user space.
[    0.000000] printk: log buffer data + meta data: 65536 + 204800 = 270336 bytes
[    0.000000] Dentry cache hash table entries: 65536 (order: 6, 262144 bytes, linear)
[    0.000000] Inode-cache hash table entries: 32768 (order: 5, 131072 bytes, linear)
[    0.000000] Built 1 zonelists, mobility grouping on.  Total pages: 130560
[    0.000000] mem auto-init: stack:off, heap alloc:off, heap free:off
[    0.000000] SLUB: HWalign=16, Order=0-3, MinObjects=0, CPUs=1, Nodes=1
[    0.000000] rcu: Hierarchical RCU implementation.
[    0.000000] rcu: 	RCU event tracing is enabled.
[    0.000000] rcu: 	RCU restricting CPUs from NR_CPUS=2 to nr_cpu_ids=1.
[    0.000000] 	Tracing variant of Tasks RCU enabled.
[    0.000000] rcu: RCU calculated value of scheduler-enlistment delay is 10 jiffies.
[    0.000000] rcu: Adjusting geometry for rcu_fanout_leaf=16, nr_cpu_ids=1
[    0.000000] RCU Tasks Trace: Setting shift to 0 and lim to 1 rcu_task_cb_adjust=1 rcu_task_cpu_ids=1.
[    0.000000] NR_IRQS: 16, nr_irqs: 16, preallocated irqs: 16
[    0.000000] IRQ: Found an INTC at 0x(ptrval) (revision 5.0) with 128 interrupts
[    0.000000] rcu: srcu_init: Setting srcu_struct sizes based on contention.
[    0.000000] TI gptimer clocksource: always-on /ocp/interconnect@44c00000/segment@200000/target-module@31000
[    0.000003] sched_clock: 32 bits at 24MHz, resolution 41ns, wraps every 89478484971ns
[    0.000026] clocksource: dmtimer: mask: 0xffffffff max_cycles: 0xffffffff, max_idle_ns: 79635851949 ns
[    0.000500] TI gptimer clockevent: 24000000 Hz at /ocp/interconnect@48000000/segment@0/target-module@40000
[    0.002112] Console: colour dummy device 80x30
[    0.002182] WARNING: Your 'console=ttyO0' has been replaced by 'ttyS0'
[    0.002189] This ensures that you still see kernel messages. Please
[    0.002193] update your kernel commandline.
[    0.002237] Calibrating delay loop... 996.14 BogoMIPS (lpj=4980736)
[    0.090546] CPU: Testing write buffer coherency: ok
[    0.090658] CPU0: Spectre v2: using BPIALL workaround
[    0.090669] pid_max: default: 32768 minimum: 301
[    0.090827] LSM: initializing lsm=capability
[    0.091010] Mount-cache hash table entries: 1024 (order: 0, 4096 bytes, linear)
[    0.091030] Mountpoint-cache hash table entries: 1024 (order: 0, 4096 bytes, linear)
[    0.092629] CPU0: thread -1, cpu 0, socket -1, mpidr 0
[    0.092692] cacheinfo: Unable to detect cache hierarchy for CPU 0
[    0.150735] Setting up static identity map for 0x80100000 - 0x80100078
[    0.160696] rcu: Hierarchical SRCU implementation.
[    0.160710] rcu: 	Max phase no-delay instances is 1000.
[    0.162472] smp: Bringing up secondary CPUs ...
[    0.162526] smp: Brought up 1 node, 1 CPU
[    0.162538] SMP: Total of 1 processors activated (996.14 BogoMIPS).
[    0.162549] CPU: All CPU(s) started in SVC mode.
[    0.162739] Memory: 480824K/522240K available (11264K kernel code, 1218K rwdata, 2904K rodata, 1024K init, 286K bss, 23384K reserved, 16384K cma-reserved, 0K highmem)
[    0.163554] devtmpfs: initialized
[    0.180729] VFP support v0.3: implementor 41 architecture 3 part 30 variant c rev 3
[    0.181474] clocksource: jiffies: mask: 0xffffffff max_cycles: 0xffffffff, max_idle_ns: 19112604462750000 ns
[    0.181519] posixtimers hash table entries: 512 (order: 0, 4096 bytes, linear)
[    0.181538] futex hash table entries: 256 (order: 2, 16384 bytes, linear)
[    0.182684] pinctrl core: initialized pinctrl subsystem
[    0.184763] NET: Registered PF_NETLINK/PF_ROUTE protocol family
[    0.187553] DMA: preallocated 256 KiB pool for atomic coherent allocations
[    0.188496] audit: initializing netlink subsys (disabled)
[    0.189886] thermal_sys: Registered thermal governor 'fair_share'
[    0.189903] thermal_sys: Registered thermal governor 'step_wise'
[    0.189912] thermal_sys: Registered thermal governor 'user_space'
[    0.190025] audit: type=2000 audit(0.000:1): state=initialized audit_enabled=0 res=1
[    0.190099] cpuidle: using governor menu
[    0.208188] /ocp/interconnect@44c00000/segment@200000/target-module@b000/i2c@0/tda19988@70: Fixed dependency cycle(s) with /ocp/interconnect@48000000/segment@300000/target-module@e000/lcdc@0
[    0.209316] /ocp/interconnect@48000000/segment@300000/target-module@e000/lcdc@0: Fixed dependency cycle(s) with /ocp/interconnect@44c00000/segment@200000/target-module@b000/i2c@0/tda19988@70
[    0.211711] No ATAGs?
[    0.211759] hw-breakpoint: debug architecture 0x4 unsupported.
[    0.214451] kprobes: kprobe jump-optimization is enabled. All kprobes are optimized if possible.
[    0.223828] iommu: Default domain type: Translated
[    0.223853] iommu: DMA domain TLB invalidation policy: strict mode
[    0.231464] SCSI subsystem initialized
[    0.232328] pps_core: LinuxPPS API ver. 1 registered
[    0.232338] pps_core: Software ver. 5.3.6 - Copyright 2005-2007 Rodolfo Giometti <giometti@linux.it>
[    0.232364] PTP clock support registered
[    0.240888] vgaarb: loaded
[    0.241256] clocksource: Switched to clocksource dmtimer
[    0.241911] VFS: Disk quotas dquot_6.6.0
[    0.241971] VFS: Dquot-cache hash table entries: 1024 (order 0, 4096 bytes)
[    0.265960] NET: Registered PF_INET protocol family
[    0.266296] IP idents hash table entries: 8192 (order: 4, 65536 bytes, linear)
[    0.267723] tcp_listen_portaddr_hash hash table entries: 512 (order: 0, 4096 bytes, linear)
[    0.267761] Table-perturb hash table entries: 65536 (order: 6, 262144 bytes, linear)
[    0.267780] TCP established hash table entries: 4096 (order: 2, 16384 bytes, linear)
[    0.267825] TCP bind hash table entries: 4096 (order: 4, 65536 bytes, linear)
[    0.267924] TCP: Hash tables configured (established 4096 bind 4096)
[    0.268046] UDP hash table entries: 256 (order: 1, 14336 bytes, linear)
[    0.268082] UDP-Lite hash table entries: 256 (order: 1, 14336 bytes, linear)
[    0.268266] NET: Registered PF_UNIX/PF_LOCAL protocol family
[    0.269528] RPC: Registered named UNIX socket transport module.
[    0.269550] RPC: Registered udp transport module.
[    0.269555] RPC: Registered tcp transport module.
[    0.269560] RPC: Registered tcp-with-tls transport module.
[    0.269565] RPC: Registered tcp NFSv4.1 backchannel transport module.
[    0.269589] PCI: CLS 0 bytes, default 64
[    0.271028] Initialise system trusted keyrings
[    0.282121] workingset: timestamp_bits=14 max_order=17 bucket_order=3
[    0.283486] NFS: Registering the id_resolver key type
[    0.283566] Key type id_resolver registered
[    0.283575] Key type id_legacy registered
[    0.283688] jffs2: version 2.2. (NAND) (SUMMARY)  Â© 2001-2006 Red Hat, Inc.
[    0.284105] Key type asymmetric registered
[    0.284122] Asymmetric key parser 'x509' registered
[    0.284188] io scheduler mq-deadline registered
[    0.284198] io scheduler kyber registered
[    0.284273] io scheduler bfq registered
[    0.285825] ledtrig-cpu: registered to indicate activity on CPUs
[    0.288546] Serial: 8250/16550 driver, 6 ports, IRQ sharing enabled
[    0.335063] brd: module loaded
[    0.360369] loop: module loaded
[    0.361411] mtdoops: mtd device (mtddev=name/number) must be supplied
[    0.364581] i2c_dev: i2c /dev entries driver
[    0.365574] cpuidle: enable-method property 'ti,am3352' found operations
[    0.366033] sdhci: Secure Digital Host Controller Interface driver
[    0.366044] sdhci: Copyright(c) Pi erre Ossman
[    0.366217] sdhci-pltfm: SDHCI platform and OF driver helper
[    0.367213] Initializing XFRM netlink socket
[    0.367388] NET: Registered PF_INET6 protocol family
[    0.369387] Segment Routing with IPv6
[    0.369474] In-situ OAM (IOAM) with IPv6
[    0.369571] sit: IPv6, IPv4 and MPLS over IPv4 tunneling driver
[    0.370520] NET: Registered PF_PACKET protocol family
[    0.370554] NET: Registered PF_KEY protocol family
[    0.370678] Key type dns_resolver registered
[    0.37 0905] ThumbEE CPU extension supported.
[    0.370924] Registering SWP/SWPB emulation handler
[    0.371625] omap_voltage_late_init: Voltage driver support not added
[    0.371987] SmartReflex Class3 initialized
[    0.401600] Loading compiled-in X.509 certificates
[    0.448912] /ocp/interconnect@44c00000/segment@200000/target-module@b000/i2c@0/tda19988@70: Fixed dependency cycle(s) with /ocp/interconnect@48000000/segment@300000/target-module@e000/lcdc@0
[    0.455550] /ocp/interconnect@44c00000/segment@200000/target-module@b000/i2c@0/tda19988@70: Fixed dependency cycle(s) with /ocp/interconnect@48000000/segment@300000/target-module@e000/lcdc@0
[    0.475607] /ocp/interconnect@44c00000/segment@200000/target-module@b000/i2c@0/tda19988@70: Fixed dependency cycle(s) with /ocp/interconnect@48000000/segment@300000/target-module@e000/lcdc@0
[    0.476510] /ocp/interconnect@44c00000/segment@200000/target-module@b000/i2c@0/tda19988@70: Fixed dependency cycle(s) with /ocp/interconnect@48000000/segment@300000/target-module@e000/lcdc@0
[    0.479937] /ocp/interconnect@44c00000/segment@200000/target-module@10000/scm@0/pinmux@800: Fixed dependency cycle(s) with /ocp/interconnect@44c00000/segment@200000/target-module@10000/scm@0/pinmux@800/clkout2-pins
[    0.480537] pinctrl-single 44e10800.pinmux: 142 pins, size 568
[    0.486235] ti-sysc 44e31000.target-module: probe with driver ti-sysc failed with error -16
[    0.522013] /ocp/interconnect@48000000/segment@300000/target-module@e000/lcdc@0: Fixed dependency cycle226] omap_i2c 4819c000.i2c: bus 2 rev0.11 at 100 kHz
[    0.643191] 48000000.interconnect:segment@200000:target-module@0:mpu@0:fck: device ID is greater than 24
[    0.644129] /ocp/interconnect@48000000/segment@300000/target-module@e000/lcdc@0: Fixed dependency cycle(s) with /ocp/interconnect@44c00000/segment@200000/target-module@b000/i2c@0/tda19988@70
[    0.646973] /ocp/interconnect@48000000/segment@300000/target-module@e000/lcdc@0: Fixed dependency cycle(s) with /ocp/interconnect@44c00000/segment@200000/target-module@b000/i2c@0/tda19988@70
[    0.647673] /ocp/interconnect@44c00000/segment@200000/target-module@b000/i2c@0/tda19988@70: Fixed dependency cycle(s) with /ocp/interconnect@48000000/segment@300000/target-module@e000/lcdc@0
[    0.647844] /ocp/interconnect@48000000/segment@300000/target-module@e000/lcdc@0: Fixed dependency cycle(s) with /ocp/interconnect@44c00000/segment@200000/target-module@b000/i2c@0/tda19988@70
[    0.659254] sdhci-omap 481d8000.mmc: supply pbias not found, using dummy regulator
[    0.659738] sdhci-omap 481d8000.mmc: supply vqmmc not found, using dummy regulator
[    0.716177] davinci_mdio 4a101000.mdio: davinci mdio revision 1.6, bus freq 1000000
[    0.870632] davinci_mdio 4a101000.mdio: phy[0]: device 4a101000.mdio:00, driver SMSC LAN8710/LAN8720
[    0.871536] cpsw-switch 4a100000.switch: initialized cpsw ale version 1.4
[    0.871561] cpsw-switch 4a100000.switch: ALE Table size 1024, Policers 0
[    0.871716] cpsw-switch 4a100000.switch: cpts: overflow check period 500 (jiffies)
[    0.871732] cpsw-switch 4a100000.switch: CPTS: ref_clk_freq:250000000 calc_mult:2147483648 calc_shift:29 error:0 nsec/sec
[    0.871849] cpsw-switch 4a100000.switch: Detected MACID = 6c:ec:eb:68:de:78
[    0.873708] cpsw-switch 4a100000.switch: initialized (regs 0x4a100000, pool size 256) hw_ver:0019010C 1.12 (0)
[    0.884693] debugfs: Directory '49000000.dma' with parent 'dmaengine' already present!
[    0.884736] edma 49000000.dma: TI EDMA DMA  engine driver
[    0.922684] target-module@4b000000:target-module@140000:pmu@0:fck: device ID is greater than 24
[    0.948746] hw perfevents: enabled with armv7_cortex_a8 PMU driver, 5 (8000000f) counters available
[    0.956523] l3-aon-clkctrl:0000:0: failed to disable
[    0.970444] 44e09000.serial: ttyS0 at MMIO 0x44e09000 (irq = 34, base_baud = 3000000) is a 8250
[    0.970532] printk: legacy console [ttyS0] enabled
[    2.452223] tps65217-pmic: Failed to locate of_node [id: -1]
[    2.458286]  tps65217-bl: Failed to locate of_node [id: -1]
[    2.465762] platform tps65217-charger: DMA mask not set
[    2.473111] platform tps65217-pwrbutton: DMA mask not set
[    2.480932] tps65217 0-0024: TPS65217 ID 0xe version 1.2
[    2.487065] /ocp/interconnect@48000000/segment@300000/target-module@e000/lcdc@0: Fixed dependency cycle(s) with /ocp/interconnect@44c00000/segment@200000/target-module@b000/i2c@0/tda19988@70
[    2.504439] /ocp/interconnect@44c00000/segment@200000/target-module@b000/i2c@0/tda19988@70: Fixed dependency cycle(s) with /ocp/interconnect@48000000/segment@300000/target-module@e000/lcdc@0
[    2.521821] omap_i2c 44e0b000.i2c: bus 0 rev0.11 at 400 kHz
[    2.529734] omap_gpio 44e07000.gpio: Could not set line 6 debounce to 200000 microseconds (-22)
[    2.538602] sdhci-omap 48060000.mmc: Got CD GPIO
[    2.543642] sdhci-omap 48060000.mmc: supply pbias not found, using dummy regulator
[    2.553738] sdhci-omap 48060000.mmc: supply vqmmc not found, using dummy regulator
[    2.562878] sdhci-omap 481d8000.mmc: supply pbias not found, using dummy regulator
[    2.570871] sdhci-omap 481d8000.mmc: supply vqmmc not found, using dummy regulator
[    2.608976] mmc1: SDHCI controller on 481d8000.mmc [481d8000.mmc] using External DMA
[    2.618180] mmc0: SDHCI controller on 48060000.mmc [48060000.mmc] using External DMA
[    2.627014] cpsw-switch 4a100000.switch: starting ndev. mode: dual_mac
[    2.670432] mmc0: new high speed SDHC card at address 5048
[    2.677501] mmcblk0: mmc0:5048 S
[    2.733690]  mmcblk1: p1 p2
[    2.737945] mmcblk1boot0: mmc1:0001 MMC04G 2.00 MiB
[    2.745105] mmcblk1boot1: mmc1:0001 MMC04G 2.00 MiB
[    2.752521] mmcblk1rpmb: mmc1:0001 MMC04G 128 KiB, chardev (250:0)
[    5.842021] cpsw-switch 4a100000.switch eth0: Link is Up - 100Mbps/Full - flow control off
[    5.871272] IP-Config: Complete:
[    5.874546]      device=eth0, hwaddr=6c:ec:eb:68:de:78, ipaddr=192.168.255.1, mask=255.255.255.0, gw=255.255.255.255
[    5.885193]      host=bbb1, domain=, nis-domain=(none)
[    5.890361]      bootserver=192.168.255.126, rootserver=192.168.255.126, rootpath=
[    5.890792] clk: Disabling unused clocks
[    5.902655] PM: genpd: Disabling unused power domains
[    5.907775] KTAP version 1
[    5.910498] 1..0
[    5.939038] VFS: Mounted root (nfs filesystem) on device 0:17.
[    5.946178] devtmpfs: mounted
[    5.950652] Freeing unused kernel image (initmem) memory: 1024K
[    5.957537] Run /sbin/init as init process
[    6.655950] systemd[1]: System time before build time, advancing clock.
[    8.131278] random: crng init done
[    8.163900] systemd[1]: systemd 232 running in system mode. (+PAM +AUDIT +SELINUX +IMA +APPARMOR +SMACK +SYSVINIT +UTMP +LIBCRYPTSETUP +GCRYPT +GNUTLS +ACL +XZ +LZ4 +SECCOMP +BLKID +ELFUTILS +KMOD +IDN)
[    8.182910] systemd[1]: Detected architecture arm.

Welcome to [1mDebian GNU/Linux 9 (stretch)[0m!

[    8.214421] systemd[1]: Set hostname to <arm>.
[    9.291881] systemd[1]: Listening on Journal Socket (/dev/log).
[[0;32m  OK  [0m] Listening on Journal Socket (/dev/log).
[    9.311675] systemd[1]: Reached target Swap.
[[0;32m  OK  [0m] Reached target Swap.
[    9.332057] systemd[1]: Listening on udev Kernel Socket.
[[0;32m  OK  [0m] Listening on udev Kernel Socket.
[    9.361934] systemd[1]: Listening on Syslog Socket.
[[0;32m  OK  [0m] Listening on Syslog Socket.
[    9.391644] systemd[1]: Reached target Remote File Systems.
[[0;32m  OK  [0m] Reached target Remote File Systems.
[    9.422112] systemd[1]: Started Dispatch Password Requests to Console Directory Watch.
[[0;32m  OK  [0m] Started Dispatch Password Requests to Console Directory Watch.
[    9.452132] systemd[1]: Listening on Journal Socket.
[[0;32m  OK  [0m] Listening on Journal Socket.
[[0;32m  OK  [0m] Started Forward Password Requests to Wall Directory Watch.
[[0;32m  OK  [0m] Reached target Encrypted Volumes.
[[0;32m  OK  [0m] Reached target Paths.
[[0;32m  OK  [0m] Listening on udev Control Socket.
[[0;32m  OK  [0m] Created slice User and Session Slice.
[[0;32m  OK  [0m] Listening on /dev/initctl Compatibility Named Pipe.
[[0;32m  OK  [0m] Set up automount Arbitrary Executabâ€¦rmats File System Automount Point.
[[0;32m  OK  [0m] Created slice System Slice.
         Starting Remount Root and Kernel File Systems...
[[0;32m  OK  [0m] Created slice system-serial\x2dgetty.slice.
         Starting Create list of required stâ€¦ce nodes for the current kernel...
         Mounting Debug File System...
[[0;32m  OK  [0m] Reached target Slices.
         Mounting POSIX Message Queue File System...
         Starting Load Kernel Modules...
[[0;32m  OK  [0m] Created slice system-getty.slice.
[[0;32m  OK  [0m] Listening on Journal Audit Socket.
         Starting Journal Service...
[[0;32m  OK  [0m] Mounted POSIX Message Queue File System.
[[0;32m  OK  [0m] Mounted Debug File System.
[[0;32m  OK  [0m] Started Remount Root and Kernel File Systems.
[[0;32m  OK  [0m] Started Create list of required staâ€¦vice nodes for the current kernel.
         Starting Create Static Device Nodes in /dev...
         Starting udev Coldplug all Devices...
         Starting Load/Save Random Seed...
[[0;32m  OK  [0m] Started Load Kernel Modules.
         Mounting Configuration File System...
         Starting Apply Kernel Variables...
[[0;32m  OK  [0m] Mounted Configuration File System.
[[0;32m  OK  [0m] Started Load/Save Random Seed.
[[0;32m  OK  [0m] Started Apply Kernel Variables.
[[0;32m  OK  [0m] Started Create Static Device Nodes in /dev.
         Starting udev Kernel Device Manager...
[[0;32m  OK  [0m] Reached target Local File Systems (Pre).
[[0;32m  OK  [0m] Reached target Local File Systems.
         Starting Raise network interfaces...
[[0;32m  OK  [0m] Started Journal Service.
         Starting Flush Journal to Persistent Storage...
[   11.785437] systemd-journald[89]: Received request to flush runtime journal from PID 1
[[0;32m  OK  [0m] Started Flush Journal to Persistent Storage.
         Starting Create Volatile Files and Directories...
[[0;32m  OK  [0m] Started udev Kernel Device Manager.
[[0;32m  OK  [0m] Started Create Volatile Files and Directories.
         Starting Network Time Synchronization...
         Starting Update UTMP about System Boot/Shutdown...
[[0;32m  OK  [0m] Started Update UTMP about System Boot/Shutdown.
[[0;32m  OK  [0m] Started udev Coldplug all Devices.
[   14.923509] remoteproc remoteproc0: wkup_m3 is available
[[0;32m  OK  [0m] Started Network Time Synchronization.
[[0;32m  OK  [0m] Reached target System Initialization.
[[0;32m  OK  [0m] Listening on D-Bus System Message Bus Socket.
[[0;32m  OK  [0m] Started Daily Cleanup of Temporary Directories.
[   15.185786] omap_wdt: OMAP Watchdog Timer Rev 0x01: initial timeout 60 sec
[[0;32m  OK  [0m] Listening on Avahi mDNS/DNS-SD Stack Activation Socket.
[[0;32m  OK  [0m] Reached target Sockets.
[[0;32m  OK  [0m] Reached target Basic System.
[   15.308100] am335x-phy-driver 47401300.usb-phy: dummy supplies not allowed for exclusive requests (id=vbus)
         Starting Cape Manager Service...
[   15.477439] at24 2-0054: supply vcc not found, using dummy regulator
[   15.493766] input: tps65217_pwrbutton as /devices/platform/ocp/44c00000.interconnect/44c00000.interconnect:segment@200000/44e0b000.target-module/44e0b000.i2c/i2c-0/0-0024/tps65217-pwrbutton/input/input0
         Starting Generic Board Startup...
[   15.574113] at24 2-0055: supply vcc not found, using dummy regulator
[   15.694767] at24 2-0056: supply vcc not found, using dummy regulator
[   15.720572] wkup_m3_ipc 44e11324.wkup_m3_ipc: IPC Request for A8->M3 Channel failed! -517
[[0;32m  OK  [0m] Started Regular background program processing daemon.
[   15.752988] omap_rtc 44e3e000.rtc: registered as rtc0
[   15.758197] omap_rtc 44e3e000.rtc: setting system clock to 2000-01-01T00:00:00 UTC (946684800)
[   15.769634] wkup_m3_ipc 44e11324.wkup_m3_ipc: IPC Request for A8->M3 Channel failed! -517
[   15.866264] at24 2-0057: supply vcc not found, using dummy regulator
         Starting DUN service...
[   15.943243] am335x-phy-driver 47401b00.usb-phy: dummy supplies not allowed for exclusive requests (id=vbus)
[   15.959406] wkup_m3_ipc 44e11324.wkup_m3_ipc: IPC Request for A8->M3 Channel failed! -517
         Starting Telephony service...
[   16.034203] at24 0-0050: 32768 byte 24c256 EEPROM, writable, 1 bytes/write
         Starting Avahi mDNS/DNS-SD Stack...
[   16.142191] wkup_m3_ipc 44e11324.wkup_m3_ipc: IPC Request for A8->M3 Channel failed! -517
[   16.187383] wkup_m3_ipc 44e11324.wkup_m3_ipc: IPC Request for A8->M3 Channel failed! -517
         Starting LSB: Start busybox udhcpd at boot time...
         Starting LSB: Load kernel modules needed to enable cpufreq scaling...
         Starting System Logging Service...
[[0;32m  OK  [0m] Started D-Bus System Message Bus.
[   17.175538] usbcore: registered new interface driver usbfs
[   17.182012] usbcore: registered new interface driver hub
[   17.187463] usbcore: registered new device driver usb
[   17.636020] omap-mailbox 480c8000.mailbox: omap mailbox rev 0x400
[   17.769059] remoteproc remoteproc0: powering up wkup_m3
[   18.033077] remoteproc remoteproc0: Direct firmware load for am335x-pm-firmware.elf failed with error -2
[   18.043382] remoteproc remoteproc0: request_firmware failed: -2
[   18.049352] wkup_m3_ipc 44e11324.wkup_m3_ipc: rproc_boot failed
[   18.076731] musb-hdrc musb-hdrc.1: MUSB HDRC host driver
[   18.082591] musb-hdrc musb-hdrc.1: new USB bus registered, assigned bus number 1
[   18.129716] tda998x 0-0070: found TDA19988
[   18.201940] usb usb1: New USB device found, idVendor=1d6b, idProduct=0002, bcdDevice= 6.15
[   18.210306] usb usb1: New USB device strings: Mfr=3, Product=2, SerialNumber=1
[   18.217687] usb usb1: Product: MUSB HDRC host driver
[   18.222724] usb usb1: Manufacturer: Linux 6.15.2-87442-gb0d369dbad20 musb-hcd
[   18.229898] usb usb1: SerialNumber: musb-hdrc.1
[   18.714815] hub 1-0:1.0: USB hub found
[   18.812769] hub 1-0:1.0: 1 port detected
[   20.377657] omap_rng 48310000.rng: Random Number Generator ver. 20
[   20.477757] tilcdc 4830e000.lcdc: bound 0-0070 (ops tda998x_audio_codec_init [tda998x])
[   20.622325] [drm] Initialized tilcdc 1.0.0 for 4830e000.lcdc on minor 0
[   20.709278] tilcdc 4830e000.lcdc: [drm] Cannot find any crtc or sizes
[   20.757673] tilcdc 4830e000.lcdc: [drm] Cannot find any crtc or sizes
[[0;32m  OK  [0m] Started Avahi mDNS/DNS-SD Stack.
[[0;32m  OK  [0m] Started DUN service.
[[0;32m  OK  [0m] Started Telephony service.
         Starting Connection service...
         Starting Login Service...
[[0;32m  OK  [0m] Reached target System Time Synchronized.
[[0;32m  OK  [0m] Started Daily apt download activities.
[[0;32m  OK  [0m] Started Daily apt upgrade and clean activities.
[[0;32m  OK  [0m] Reached target Timers.
[[0;32m  OK  [0m] Started System Logging Service.
[[0;32m  OK  [0m] Started Cape Manager Service.
[   22.013445] omap-sham 53100000.sham: hw accel on OMAP rev 4.3
[   22.020080] PM: Cannot get wkup_m3_ipc handle
[   22.100487] omap-aes 53500000.aes: OMAP AES hw accel rev: 3.2
[   22.149031] omap-sham 53100000.sham: will run requests pump with realtime priority
[   22.162247] PM: Cannot get wkup_m3_ipc handle
[   22.227151] omap-aes 53500000.aes: will run requests pump with realtime priority
[   22.249352] PM: Cannot get wkup_m3_ipc handle
[[0;32m  OK  [0m] Found device /dev/ttyS0.
[   23.334211] Bluetooth: Core ver 2.22
[   23.338037] NET: Registered PF_BLUETOOTH protocol family
[   23.343640] Bluetooth: HCI device and connection manager initialized
[   23.350062] Bluetooth: HCI socket layer initialized
[   23.355043] Bluetooth: L2CAP socket layer initialized
[   23.360163] Bluetooth: SCO socket layer initialized
[   25.819384] gpio-537 (nxp,calib): gpiod_direction_output_nonotify: tried to set a GPIO tied to an IRQ as output
[   25.896150] PM: Cannot get wkup_m3_ipc handle
[   26.045929] PM: Cannot get wkup_m3_ipc handle
[   26.170559] tda9950 0-0034: TDA9950 CEC interface, hardware version 3.3
[   26.305461] PM: Cannot get wkup_m3_ipc handle
[[0;32m  OK  [0m] Started LSB: Start busybox udhcpd at boot time.
[[0;32m  OK  [0m] Started LSB: Load kernel modules needed to enable cpufreq scaling.
[   28.473594] configfs-gadget.g_multi gadget.0: HOST MAC 1c:ba:8c:a2:ed:6c
[   28.480372] configfs-gadget.g_multi gadget.0: MAC 1c:ba:8c:a2:ed:70
[   28.487852] configfs-gadget.g_multi gadget.0: HOST MAC 1c:ba:8c:a2:ed:6c
[   28.494705] configfs-gadget.g_multi gadget.0: MAC 1c:ba:8c:a2:ed:6d
[   28.506694] PM: Cannot get wkup_m3_ipc handle
[[0;32m  OK  [0m] Started Raise network interfaces.
[[0;32m  OK  [0m] Started Connection service.
[[0;32m  OK  [0m] Started Login Service.
[[0;32m  OK  [0m] Reached target Sound Card.
[[0;32m  OK  [0m] Reached target Network.
         Starting Permit User Sessions...
         Starting The Apache HTTP Server...
         Starting OpenBSD Secure Shell server...
[[0;32m  OK  [0m] Reached target Network is Online.
         Starting LSB: Advanced IEEE 802.11 management daemon...
         Starting LSB: set CPUFreq kernel parameters...
[[0;32m  OK  [0m] Started Permit User Sessions.
[[0;32m  OK  [0m] Started LSB: Advanced IEEE 802.11 management daemon.
         Starting Hostname Service...
         Starting WPA supplicant...
[[0;32m  OK  [0m] Started Getty on tty1.
[[0;32m  OK  [0m] Started Serial Getty on ttyS0.
[[0;32m  OK  [0m] Reached target Login Prompts.
[[0;32m  OK  [0m] Started LSB: set CPUFreq kernel parameters.
         Stopping LSB: Start busybox udhcpd at boot time...
[[0;32m  OK  [0m] Started WPA supplicant.
[[0;32m  OK  [0m] Started Hostname Service.
[[0;32m  OK  [0m] Started OpenBSD Secure Shell server.
[[0;32m  OK  [0m] Stopped LSB: Start busybox udhcpd at boot time.
         Starting dnsmasq - A lightweight DHCP and caching DNS server...
[[0;32m  OK  [0m] Started The Apache HTTP Server.
[[0;32m  OK  [0m] Started dnsmasq - A lightweight DHCP and caching DNS server.
[[0;32m  OK  [0m] Reached target Host and Network Name Lookups.
[[0;32m  OK  [0m] Started Serial Getty on ttyGS0.
[[0;32m  OK  [0m] Started Generic Board Startup.
[[0;32m  OK  [0m] Reached target Multi-User System.
[[0;32m  OK  [0m] Reached target Graphical Interface.
         Starting Update UTMP about System Runlevel Changes...
[[0;32m  OK  [0m] Started Update UTMP about System Runlevel Changes.

Debian GNU/Linux 9 arm ttyS0

default username:password is [debian:temppwd]

arm login: root
Password: 
Last login: Sat Jan  1 00:00:31 UTC 2000 on ttyS0
root
Linux arm 6.15.2-87442-gb0d369dbad20 #1 SMP Tue Jun 10 15:35:43 EEST 2025 armv7l

The programs included with the Debian GNU/Linux system are free software;
the exact distribution terms for each program are described in the
individual files in /usr/share/doc/*/copyright.

Debian GNU/Linux comes with ABSOLUTELY NO WARRANTY, to the extent
permitted by applicable law.
root@arm:~# root
dmesg -n 1
-bash: root: command not found
root@arm:~# dmesg -n 1
root@arm:~# echo 'WWLQ''NJZWJJ'
WWLQNJZWJJ
root@arm:~# run() { echo -n "$MARKER"; sh -c "$@"; echo "$MARKER $?"; }
root@arm:~# echo 'YKGM''YTJNKA'
YKGMYTJNKA
root@arm:~# MARKER='GUUL''SLPOUZ' run 'cat /proc/version'
GUULSLPOUZLinux version 6.15.2-87442-gb0d369dbad20 (user01@drvtest01) (arm-none-eabi-gcc (Arm GNU Toolchain 14.2.Rel1 (Build arm-14.52)) 14.2.1 20241119, GNU ld (Arm GNU Toolchain 14.2.Rel1 (Build arm-14.52)) 2.43.1.20241119) #1 SMP Tue Jun 10 15:35:43 EEST 2025
GUULSLPOUZ 0
root@arm:~# echo 'WVTL''MOGLMO'
WVTLMOGLMO
root@arm:~# MARKER='FTQS''ZFVTFG' run false
FTQSZFVTFGFTQSZFVTFG 1
root@arm:~# Labgrid Console Logfile for main
Logfile started at 2025-06-10 15:41:05.480361
=== Log starts here ===

root@arm:~# run() { echo -n "$MARKER"; sh -c "$@"; echo "$MARKER $?"; }
root@arm:~# echo 'SBCK''OSZHSB'
SBCKOSZHSB
root@arm:~# MARKER='EOBK''ZOSWNS' run 'ls /iio_generic_buffer; echo $?'
EOBKZOSWNS/iio_generic_buffer
0
EOBKZOSWNS 0
root@arm:~# Labgrid Console Logfile for main
Logfile started at 2025-06-10 15:41:08.874098
=== Log starts here ===

root@arm:~# run() { echo -n "$MARKER"; sh -c "$@"; echo "$MARKER $?"; }
root@arm:~# echo 'VNTJ''YQVZWG'
VNTJYQVZWG
root@arm:~# MARKER='NLVB''UJFXJC' run dmesg
NLVBUJFXJC[    0.000000] Booting Linux on physical CPU 0x0
[    0.000000] Linux version 6.15.2-87442-gb0d369dbad20 (user01@drvtest01) (arm-none-eabi-gcc (Arm GNU Toolchain 14.2.Rel1 (Build arm-14.52)) 14.2.1 20241119, GNU ld (Arm GNU Toolchain 14.2.Rel1 (Build arm-14.52)) 2.43.1.20241119) #1 SMP Tue Jun 10 15:35:43 EEST 2025
[    0.000000] CPU: ARMv7 Processor [413fc082] revision 2 (ARMv7), cr=10c5387d
[    0.000000] CPU: PIPT / VIPT nonaliasing data cache, VIPT aliasing instruction cache
[    0.000000] OF: fdt: Machine model: TI AM335x BeagleBone Black
[    0.000000] Memory policy: Data cache writeback
[    0.000000] cma: Reserved 16 MiB at 0x9e800000
[    0.000000] Zone ranges:
[    0.000000]   Normal   [mem 0x0000000080000000-0x000000009fdfffff]
[    0.000000]   HighMem  empty
[    0.000000] Movable zone start for each node
[    0.000000] Early memory node ranges
[    0.000000]   node   0: [mem 0x0000000080000000-0x000000009fdfffff]
[    0.000000] Initmem setup node 0 [mem 0x0000000080000000-0x000000009fdfffff]
[    0.000000] On node 0, zone Normal: 512 pages in unavailable ranges
[    0.000000] OF: reserved mem: Reserved memory: No reserved-memory node in the DT
[    0.000000] CPU: All CPU(s) started in SVC mode.
[    0.000000] AM335X ES2.1 (sgx neon)
[    0.000000] percpu: Embedded 17 pages/cpu s39692 r8192 d21748 u69632
[    0.000000] pcpu-alloc: s39692 r8192 d21748 u69632 alloc=17*4096
[    0.000000] pcpu-alloc: [0] 0 
[    0.000000] Kernel command line: console=ttyO0,115200n8 root=/dev/nfs rw nfsroot=192.168.255.126:/home/user01/nfs,nfsvers=3 ip=192.168.255.1:192.168.255.126::255.255.255.0:bbb1:eth0 nfsrootdebug
[    0.000000] Unknown kernel command line parameters "nfsrootdebug", will be passed to user space.
[    0.000000] printk: log buffer data + meta data: 65536 + 204800 = 270336 bytes
[    0.000000] Dentry cache hash table entries: 65536 (order: 6, 262144 bytes, linear)
[    0.000000] Inode-cache hash table entries: 32768 (order: 5, 131072 bytes, linear)
[    0.000000] Built 1 zonelists, mobility grouping on.  Total pages: 130560
[    0.000000] mem auto-init: stack:off, heap alloc:off, heap free:off
[    0.000000] SLUB: HWalign=16, Order=0-3, MinObjects=0, CPUs=1, Nodes=1
[    0.000000] rcu: Hierarchical RCU implementation.
[    0.000000] rcu: 	RCU event tracing is enabled.
[    0.000000] rcu: 	RCU restricting CPUs from NR_CPUS=2 to nr_cpu_ids=1.
[    0.000000] 	Tracing variant of Tasks RCU enabled.
[    0.000000] rcu: RCU calculated value of scheduler-enlistment delay is 10 jiffies.
[    0.000000] rcu: Adjusting geometry for rcu_fanout_leaf=16, nr_cpu_ids=1
[    0.000000] RCU Tasks Trace: Setting shift to 0 and lim to 1 rcu_task_cb_adjust=1 rcu_task_cpu_ids=1.
[    0.000000] NR_IRQS: 16, nr_irqs: 16, preallocated irqs: 16
[    0.000000] IRQ: Found an INTC at 0x(ptrval) (revision 5.0) with 128 interrupts
[    0.000000] rcu: srcu_init: Setting srcu_struct sizes based on contention.
[    0.000000] TI gptimer clocksource: always-on /ocp/interconnect@44c00000/segment@200000/target-module@31000
[    0.000003] sched_clock: 32 bits at 24MHz, resolution 41ns, wraps every 89478484971ns
[    0.000026] clocksource: dmtimer: mask: 0xffffffff max_cycles: 0xffffffff, max_idle_ns: 79635851949 ns
[    0.000500] TI gptimer clockevent: 24000000 Hz at /ocp/interconnect@48000000/segment@0/target-module@40000
[    0.002112] Console: colour dummy device 80x30
[    0.002182] WARNING: Your 'console=ttyO0' has been replaced by 'ttyS0'
[    0.002189] This ensures that you still see kernel messages. Please
[    0.002193] update your kernel commandline.
[    0.002237] Calibrating delay loop... 996.14 BogoMIPS (lpj=4980736)
[    0.090546] CPU: Testing write buffer coherency: ok
[    0.090658] CPU0: Spectre v2: using BPIALL workaround
[    0.090669] pid_max: default: 32768 minimum: 301
[    0.090827] LSM: initializing lsm=capability
[    0.091010] Mount-cache hash table entries: 1024 (order: 0, 4096 bytes, linear)
[    0.091030] Mountpoint-cache hash table entries: 1024 (order: 0, 4096 bytes, linear)
[    0.092629] CPU0: thread -1, cpu 0, socket -1, mpidr 0
[    0.092692] cacheinfo: Unable to detect cache hierarchy for CPU 0
[    0.150735] Setting up static identity map for 0x80100000 - 0x80100078
[    0.160696] rcu: Hierarchical SRCU implementation.
[    0.160710] rcu: 	Max phase no-delay instances is 1000.
[    0.162472] smp: Bringing up secondary CPUs ...
[    0.162526] smp: Brought up 1 node, 1 CPU
[    0.162538] SMP: Total of 1 processors activated (996.14 BogoMIPS).
[    0.162549] CPU: All CPU(s) started in SVC mode.
[    0.162739] Memory: 480824K/522240K available (11264K kernel code, 1218K rwdata, 2904K rodata, 1024K init, 286K bss, 23384K reserved, 16384K cma-reserved, 0K highmem)
[    0.163554] devtmpfs: initialized
[    0.180729] VFP support v0.3: implementor 41 architecture 3 part 30 variant c rev 3
[    0.181474] clocksource: jiffies: mask: 0xffffffff max_cycles: 0xffffffff, max_idle_ns: 19112604462750000 ns
[    0.181519] posixtimers hash table entries: 512 (order: 0, 4096 bytes, linear)
[    0.181538] futex hash table entries: 256 (order: 2, 16384 bytes, linear)
[    0.182684] pinctrl core: initialized pinctrl subsystem
[    0.184763] NET: Registered PF_NETLINK/PF_ROUTE protocol family
[    0.187553] DMA: preallocated 256 KiB pool for atomic coherent allocations
[    0.188496] audit: initializing netlink subsys (disabled)
[    0.189886] thermal_sys: Registered thermal governor 'fair_share'
[    0.189903] thermal_sys: Registered thermal governor 'step_wise'
[    0.189912] thermal_sys: Registered thermal governor 'user_space'
[    0.190025] audit: type=2000 audit(0.000:1): state=initialized audit_enabled=0 res=1
[    0.190099] cpuidle: using governor menu
[    0.208188] /ocp/interconnect@44c00000/segment@200000/target-module@b000/i2c@0/tda19988@70: Fixed dependency cycle(s) with /ocp/interconnect@48000000/segment@300000/target-module@e000/lcdc@0
[    0.209316] /ocp/interconnect@48000000/segment@300000/target-module@e000/lcdc@0: Fixed dependency cycle(s) with /ocp/interconnect@44c00000/segment@200000/target-module@b000/i2c@0/tda19988@70
[    0.211711] No ATAGs?
[    0.211759] hw-breakpoint: debug architecture 0x4 unsupported.
[    0.214451] kprobes: kprobe jump-optimization is enabled. All kprobes are optimized if possible.
[    0.223828] iommu: Default domain type: Translated
[    0.223853] iommu: DMA domain TLB invalidation policy: strict mode
[    0.225417] reg-fixed-voltage fixedregulator0: using DT '/fixedregulator0' for '(default)' GPIO lookup
[    0.225473] of_get_named_gpiod_flags: can't parse 'gpios' property of node '/fixedregulator0[0]'
[    0.225503] of_get_named_gpiod_flags: can't parse 'gpio' property of node '/fixedregulator0[0]'
[    0.225521] reg-fixed-voltage fixedregulator0: using lookup tables for GPIO lookup
[    0.225531] reg-fixed-voltage fixedregulator0: No GPIO consumer (default) found
[    0.231464] SCSI subsystem initialized
[    0.231949] libata version 3.00 loaded.
[    0.232328] pps_core: LinuxPPS API ver. 1 registered
[    0.232338] pps_core: Software ver. 5.3.6 - Copyright 2005-2007 Rodolfo Giometti <giometti@linux.it>
[    0.232364] PTP clock support registered
[    0.240888] vgaarb: loaded
[    0.241256] clocksource: Switched to clocksource dmtimer
[    0.241911] VFS: Disk quotas dquot_6.6.0
[    0.241971] VFS: Dquot-cache hash table entries: 1024 (order 0, 4096 bytes)
[    0.265960] NET: Registered PF_INET protocol family
[    0.266296] IP idents hash table entries: 8192 (order: 4, 65536 bytes, linear)
[    0.267723] tcp_listen_portaddr_hash hash table entries: 512 (order: 0, 4096 bytes, linear)
[    0.267761] Table-perturb hash table entries: 65536 (order: 6, 262144 bytes, linear)
[    0.267780] TCP established hash table entries: 4096 (order: 2, 16384 bytes, linear)
[    0.267825] TCP bind hash table entries: 4096 (order: 4, 65536 bytes, linear)
[    0.267924] TCP: Hash tables configured (established 4096 bind 4096)
[    0.268046] UDP hash table entries: 256 (order: 1, 14336 bytes, linear)
[    0.268082] UDP-Lite hash table entries: 256 (order: 1, 14336 bytes, linear)
[    0.268266] NET: Registered PF_UNIX/PF_LOCAL protocol family
[    0.269528] RPC: Registered named UNIX socket transport module.
[    0.269550] RPC: Registered udp transport module.
[    0.269555] RPC: Registered tcp transport module.
[    0.269560] RPC: Registered tcp-with-tls transport module.
[    0.269565] RPC: Registered tcp NFSv4.1 backchannel transport module.
[    0.269589] PCI: CLS 0 bytes, default 64
[    0.271028] Initialise system trusted keyrings
[    0.282121] workingset: timestamp_bits=14 max_order=17 bucket_order=3
[    0.283486] NFS: Registering the id_resolver key type
[    0.283566] Key type id_resolver registered
[    0.283575] Key type id_legacy registered
[    0.283688] jffs2: version 2.2. (NAND) (SUMMARY)  Â© 2001-2006 Red Hat, Inc.
[    0.284105] Key type asymmetric registered
[    0.284122] Asymmetric key parser 'x509' registered
[    0.284188] io scheduler mq-deadline registered
[    0.284198] io scheduler kyber registered
[    0.284273] io scheduler bfq registered
[    0.285825] ledtrig-cpu: registered to indicate activity on CPUs
[    0.288546] Serial: 8250/16550 driver, 6 ports, IRQ sharing enabled
[    0.335063] brd: module loaded
[    0.360369] loop: module loaded
[    0.361411] mtdoops: mtd device (mtddev=name/number) must be supplied
[    0.363195] mdio_bus fixed-0: using lookup tables for GPIO lookup
[    0.363221] mdio_bus fixed-0: No GPIO consumer reset found
[    0.364581] i2c_dev: i2c /dev entries driver
[    0.365574] cpuidle: enable-method property 'ti,am3352' found operations
[    0.366033] sdhci: Secure Digital Host Controller Interface driver
[    0.366044] sdhci: Copyright(c) Pierre Ossman
[    0.366217] sdhci-pltfm: SDHCI platform and OF driver helper
[    0.367213] Initializing XFRM netlink socket
[    0.367388] NET: Registered PF_INET6 protocol family
[    0.369387] Segment Routing with IPv6
[    0.369474] In-situ OAM (IOAM) with IPv6
[    0.369571] sit: IPv6, IPv4 and MPLS over IPv4 tunneling driver
[    0.370520] NET: Registered PF_PACKET protocol family
[    0.370554] NET: Registered PF_KEY protocol family
[    0.370678] Key type dns_resolver registered
[    0.370905] ThumbEE CPU extension supported.
[    0.370924] Registering SWP/SWPB emulation handler
[    0.371625] omap_voltage_late_init: Voltage driver support not added
[    0.371987] SmartReflex Class3 initialized
[    0.401600] Loading compiled-in X.509 certificates
[    0.448912] /ocp/interconnect@44c00000/segment@200000/target-module@b000/i2c@0/tda19988@70: Fixed dependency cycle(s) with /ocp/interconnect@48000000/segment@300000/target-module@e000/lcdc@0
[    0.455550] /ocp/interconnect@44c00000/segment@200000/target-module@b000/i2c@0/tda19988@70: Fixed dependency cycle(s) with /ocp/interconnect@48000000/segment@300000/target-module@e000/lcdc@0
[    0.460962] gpiochip_find_base_unlocked: found new base at 512
[    0.475607] /ocp/interconnect@44c00000/segment@200000/target-module@b000/i2c@0/tda19988@70: Fixed dependency cycle(s) with /ocp/interconnect@48000000/segment@300000/target-module@e000/lcdc@0
[    0.476510] /ocp/interconnect@44c00000/segment@200000/target-module@b000/i2c@0/tda19988@70: Fixed dependency cycle(s) with /ocp/interconnect@48000000/segment@300000/target-module@e000/lcdc@0
[    0.479937] /ocp/interconnect@44c00000/segment@200000/target-module@10000/scm@0/pinmux@800: Fixed dependency cycle(s) with /ocp/interconnect@44c00000/segment@200000/target-module@10000/scm@0/pinmux@800/clkout2-pins
[    0.480537] pinctrl-single 44e10800.pinmux: 142 pins, size 568
[    0.486235] ti-sysc 44e31000.target-module: probe with driver ti-sysc failed with error -16
[    0.522013] /ocp/interconnect@48000000/segment@300000/target-module@e000/lcdc@0: Fixed dependency cycle(s) with /ocp/interconnect@44c00000/segment@200000/target-module@b000/i2c@0/tda19988@70
[    0.530056] ti-sysc 48040000.target-module: probe with driver ti-sysc failed with error -16
[    0.541736] gpiochip_find_base_unlocked: found new base at 512
[    0.541840] gpio gpiochip0: (gpio-0-31): created GPIO range 0->7 ==> 44e10800.pinmux PIN 0->7
[    0.541860] gpio gpiochip0: (gpio-0-31): created GPIO range 8->11 ==> 44e10800.pinmux PIN 90->93
[    0.541876] gpio gpiochip0: (gpio-0-31): created GPIO range 12->27 ==> 44e10800.pinmux PIN 12->27
[    0.541891] gpio gpiochip0: (gpio-0-31): created GPIO range 28->31 ==> 44e10800.pinmux PIN 30->33
[    0.577673] gpio gpiochip0: (gpio-0-31): added GPIO chardev (254:0)
[    0.577820] gpio gpiochip0: registered GPIOs 512 to 543 on gpio-0-31
[    0.577904] OMAP GPIO hardware version 0.1
[    0.626229] i2c i2c-2: using DT '/ocp/interconnect@48000000/segment@100000/target-module@9c000/i2c@0' for 'scl' GPIO lookup
[    0.626302] of_get_named_gpiod_flags: can't parse 'scl-gpios' property of node '/ocp/interconnect@48000000/segment@100000/target-module@9c000/i2c@0[0]'
[    0.626345] of_get_named_gpiod_flags: can't parse 'scl-gpio' property of node '/ocp/interconnect@48000000/segment@100000/target-module@9c000/i2c@0[0]'
[    0.626380] i2c i2c-2: using lookup tables for GPIO lookup
[    0.626390] i2c i2c-2: No GPIO consumer scl found
[    0.626411] i2c i2c-2: using DT '/ocp/interconnect@48000000/segment@100000/target-module@9c000/i2c@0' for 'sda' GPIO lookup
[    0.626446] of_get_named_gpiod_flags: can't parse 'sda-gpios' property of node '/ocp/interconnect@48000000/segment@100000/target-module@9c000/i2c@0[0]'
[    0.626482] of_get_named_gpiod_flags: can't parse 'sda-gpio' property of node '/ocp/interconnect@48000000/segment@100000/target-module@9c000/i2c@0[0]'
[    0.626513] i2c i2c-2: using lookup tables for GPIO lookup
[    0.626521] i2c i2c-2: No GPIO consumer sda found
[    0.627226] omap_i2c 4819c000.i2c: bus 2 rev0.11 at 100 kHz
[    0.633134] gpiochip_find_base_unlocked: found new base at 544
[    0.633236] gpio gpiochip1: (gpio-32-63): created GPIO range 0->17 ==> 44e10800.pinmux PIN 34->51
[    0.633258] gpio gpiochip1: (gpio-32-63): created GPIO range 18->21 ==> 44e10800.pinmux PIN 77->80
[    0.633274] gpio gpiochip1: (gpio-32-63): created GPIO range 22->31 ==> 44e10800.pinmux PIN 56->65
[    0.634113] gpio gpiochip1: (gpio-32-63): added GPIO chardev (254:1)
[    0.634270] gpio gpiochip1: registered GPIOs 544 to 575 on gpio-32-63
[    0.636503] gpiochip_find_base_unlocked: found new base at 576
[    0.636590] gpio gpiochip2: (gpio-64-95): created GPIO range 0->4 ==> 44e10800.pinmux PIN 66->70
[    0.636609] gpio gpiochip2: (gpio-64-95): created GPIO range 5->6 ==> 44e10800.pinmux PIN 98->99
[    0.636624] gpio gpiochip2: (gpio-64-95): created GPIO range 7->8 ==> 44e10800.pinmux PIN 75->76
[    0.636639] gpio gpiochip2: (gpio-64-95): created GPIO range 13->13 ==> 44e10800.pinmux PIN 141->141
[    0.636655] gpio gpiochip2: (gpio-64-95): created GPIO range 14->21 ==> 44e10800.pinmux PIN 100->107
[    0.637272] gpio gpiochip2: (gpio-64-95): added GPIO chardev (254:2)
[    0.637403] gpio gpiochip2: registered GPIOs 576 to 607 on gpio-64-95
[    0.643191] 48000000.interconnect:segment@200000:target-module@0:mpu@0:fck: device ID is greater than 24
[    0.644129] /ocp/interconnect@48000000/segment@300000/target-module@e000/lcdc@0: Fixed dependency cycle(s) with /ocp/interconnect@44c00000/segment@200000/target-module@b000/i2c@0/tda19988@70
[    0.646973] /ocp/interconnect@48000000/segment@300000/target-module@e000/lcdc@0: Fixed dependency cycle(s) with /ocp/interconnect@44c00000/segment@200000/target-module@b000/i2c@0/tda19988@70
[    0.647673] /ocp/interconnect@44c00000/segment@200000/target-module@b000/i2c@0/tda19988@70: Fixed dependency cycle(s) with /ocp/interconnect@48000000/segment@300000/target-module@e000/lcdc@0
[    0.647844] /ocp/interconnect@48000000/segment@300000/target-module@e000/lcdc@0: Fixed dependency cycle(s) with /ocp/interconnect@44c00000/segment@200000/target-module@b000/i2c@0/tda19988@70
[    0.657515] mdio_bus 4a101000.mdio: using DT '/ocp/interconnect@4a000000/segment@0/target-module@100000/switch@0/mdio@1000' for 'reset' GPIO lookup
[    0.657587] of_get_named_gpiod_flags: can't parse 'reset-gpios' property of node '/ocp/interconnect@4a000000/segment@0/target-module@100000/switch@0/mdio@1000[0]'
[    0.657633] of_get_named_gpiod_flags: can't parse 'reset-gpio' property of node '/ocp/interconnect@4a000000/segment@0/target-module@100000/switch@0/mdio@1000[0]'
[    0.657680] mdio_bus 4a101000.mdio: using lookup tables for GPIO lookup
[    0.657690] mdio_bus 4a101000.mdio: No GPIO consumer reset found
[    0.658912] sdhci-omap 481d8000.mmc: using DT '/ocp/interconnect@48000000/segment@100000/target-module@d8000/mmc@0' for 'wp' GPIO lookup
[    0.658972] of_get_named_gpiod_flags: can't parse 'wp-gpios' property of node '/ocp/interconnect@48000000/segment@100000/target-module@d8000/mmc@0[0]'
[    0.659017] of_get_named_gpiod_flags: can't parse 'wp-gpio' property of node '/ocp/interconnect@48000000/segment@100000/target-module@d8000/mmc@0[0]'
[    0.659050] sdhci-omap 481d8000.mmc: using lookup tables for GPIO lookup
[    0.659060] sdhci-omap 481d8000.mmc: No GPIO consumer wp found
[    0.659254] sdhci-omap 481d8000.mmc: supply pbias not found, using dummy regulator
[    0.659738] sdhci-omap 481d8000.mmc: supply vqmmc not found, using dummy regulator
[    0.716177] davinci_mdio 4a101000.mdio: davinci mdio revision 1.6, bus freq 1000000
[    0.737693] mdio_bus 4a101000.mdio:00: using DT '/ocp/interconnect@4a000000/segment@0/target-module@100000/switch@0/mdio@1000/ethernet-phy@0' for 'reset' GPIO lookup
[    0.737797] of_get_named_gpiod_flags: parsed 'reset-gpios' property of node '/ocp/interconnect@4a000000/segment@0/target-module@100000/switch@0/mdio@1000/ethernet-phy@0[0]' - status (0)
[    0.737958] gpio gpiochip0: Persistence not supported for GPIO 8
[    0.870632] davinci_mdio 4a101000.mdio: phy[0]: device 4a101000.mdio:00, driver SMSC LAN8710/LAN8720
[    0.871536] cpsw-switch 4a100000.switch: initialized cpsw ale version 1.4
[    0.871561] cpsw-switch 4a100000.switch: ALE Table size 1024, Policers 0
[    0.871716] cpsw-switch 4a100000.switch: cpts: overflow check period 500 (jiffies)
[    0.871732] cpsw-switch 4a100000.switch: CPTS: ref_clk_freq:250000000 calc_mult:2147483648 calc_shift:29 error:0 nsec/sec
[    0.871849] cpsw-switch 4a100000.switch: Detected MACID = 6c:ec:eb:68:de:78
[    0.873708] cpsw-switch 4a100000.switch: initialized (regs 0x4a100000, pool size 256) hw_ver:0019010C 1.12 (0)
[    0.884693] debugfs: Directory '49000000.dma' with parent 'dmaengine' already present!
[    0.884736] edma 49000000.dma: TI EDMA DMA engine driver
[    0.922684] target-module@4b000000:target-module@140000:pmu@0:fck: device ID is greater than 24
[    0.948746] hw perfevents: enabled with armv7_cortex_a8 PMU driver, 5 (8000000f) counters available
[    0.949638] gpio-clk clk_mcasp0: using DT '/clk_mcasp0' for 'enable' GPIO lookup
[    0.949707] of_get_named_gpiod_flags: parsed 'enable-gpios' property of node '/clk_mcasp0[0]' - status (0)
[    0.949753] gpio gpiochip0: Persistence not supported for GPIO 27
[    0.950557] gpiochip_find_base_unlocked: found new base at 608
[    0.950663] gpio gpiochip3: (gpio-96-127): created GPIO range 0->7 ==> 44e10800.pinmux PIN 82->89
[    0.950682] gpio gpiochip3: (gpio-96-127): created GPIO range 8->11 ==> 44e10800.pinmux PIN 52->55
[    0.950698] gpio gpiochip3: (gpio-96-127): created GPIO range 12->15 ==> 44e10800.pinmux PIN 94->97
[    0.950714] gpio gpiochip3: (gpio-96-127): created GPIO range 16->17 ==> 44e10800.pinmux PIN 71->72
[    0.950729] gpio gpiochip3: (gpio-96-127): created GPIO range 18->18 ==> 44e10800.pinmux PIN 135->135
[    0.950745] gpio gpiochip3: (gpio-96-127): created GPIO range 19->20 ==> 44e10800.pinmux PIN 108->109
[    0.950762] gpio gpiochip3: (gpio-96-127): created GPIO range 21->21 ==> 44e10800.pinmux PIN 73->73
[    0.950778] gpio gpiochip3: (gpio-96-127): created GPIO range 22->23 ==> 44e10800.pinmux PIN 8->9
[    0.950795] gpio gpiochip3: (gpio-96-127): created GPIO range 26->27 ==> 44e10800.pinmux PIN 10->11
[    0.950813] gpio gpiochip3: (gpio-96-127): created GPIO range 28->28 ==> 44e10800.pinmux PIN 74->74
[    0.950831] gpio gpiochip3: (gpio-96-127): created GPIO range 29->29 ==> 44e10800.pinmux PIN 81->81
[    0.950849] gpio gpiochip3: (gpio-96-127): created GPIO range 30->31 ==> 44e10800.pinmux PIN 28->29
[    0.956523] l3-aon-clkctrl:0000:0: failed to disable
[    0.956887] gpio gpiochip3: (gpio-96-127): added GPIO chardev (254:3)
[    0.957028] gpio gpiochip3: registered GPIOs 608 to 639 on gpio-96-127
[    0.969744] omap8250 44e09000.serial: using DT '/ocp/interconnect@44c00000/segment@200000/target-module@9000/serial@0' for 'rs485-term' GPIO lookup
[    0.969819] of_get_named_gpiod_flags: can't parse 'rs485-term-gpios' property of node '/ocp/interconnect@44c00000/segment@200000/target-module@9000/serial@0[0]'
[    0.969863] of_get_named_gpiod_flags: can't parse 'rs485-term-gpio' property of node '/ocp/interconnect@44c00000/segment@200000/target-module@9000/serial@0[0]'
[    0.969899] omap8250 44e09000.serial: using lookup tables for GPIO lookup
[    0.969909] omap8250 44e09000.serial: No GPIO consumer rs485-term found
[    0.969919] omap8250 44e09000.serial: using DT '/ocp/interconnect@44c00000/segment@200000/target-module@9000/serial@0' for 'rs485-rx-during-tx' GPIO lookup
[    0.969955] of_get_named_gpiod_flags: can't parse 'rs485-rx-during-tx-gpios' property of node '/ocp/interconnect@44c00000/segment@200000/target-module@9000/serial@0[0]'
[    0.969991] of_get_named_gpiod_flags: can't parse 'rs485-rx-during-tx-gpio' property of node '/ocp/interconnect@44c00000/segment@200000/target-module@9000/serial@0[0]'
[    0.970022] omap8250 44e09000.serial: using lookup tables for GPIO lookup
[    0.970030] omap8250 44e09000.serial: No GPIO consumer rs485-rx-during-tx found
[    0.970444] 44e09000.serial: ttyS0 at MMIO 0x44e09000 (irq = 34, base_baud = 3000000) is a 8250
[    0.970532] printk: legacy console [ttyS0] enabled
[    2.432495] i2c i2c-0: using DT '/ocp/interconnect@44c00000/segment@200000/target-module@b000/i2c@0' for 'scl' GPIO lookup
[    2.432583] of_get_named_gpiod_flags: can't parse 'scl-gpios' property of node '/ocp/interconnect@44c00000/segment@200000/target-module@b000/i2c@0[0]'
[    2.432632] of_get_named_gpiod_flags: can't parse 'scl-gpio' property of node '/ocp/interconnect@44c00000/segment@200000/target-module@b000/i2c@0[0]'
[    2.432672] i2c i2c-0: using lookup tables for GPIO lookup
[    2.432686] i2c i2c-0: No GPIO consumer scl found
[    2.432711] i2c i2c-0: using DT '/ocp/interconnect@44c00000/segment@200000/target-module@b000/i2c@0' for 'sda' GPIO lookup
[    2.432750] of_get_named_gpiod_flags: can't parse 'sda-gpios' property of node '/ocp/interconnect@44c00000/segment@200000/target-module@b000/i2c@0[0]'
[    2.432791] of_get_named_gpiod_flags: can't parse 'sda-gpio' property of node '/ocp/interconnect@44c00000/segment@200000/target-module@b000/i2c@0[0]'
[    2.432826] i2c i2c-0: using lookup tables for GPIO lookup
[    2.432837] i2c i2c-0: No GPIO consumer sda found
[    2.452223] tps65217-pmic: Failed to locate of_node [id: -1]
[    2.458286] tps65217-bl: Failed to locate of_node [id: -1]
[    2.465762] platform tps65217-charger: DMA mask not set
[    2.473111] platform tps65217-pwrbutton: DMA mask not set
[    2.480932] tps65217 0-0024: TPS65217 ID 0xe version 1.2
[    2.487065] /ocp/interconnect@48000000/segment@300000/target-module@e000/lcdc@0: Fixed dependency cycle(s) with /ocp/interconnect@44c00000/segment@200000/target-module@b000/i2c@0/tda19988@70
[    2.504439] /ocp/interconnect@44c00000/segment@200000/target-module@b000/i2c@0/tda19988@70: Fixed dependency cycle(s) with /ocp/interconnect@48000000/segment@300000/target-module@e000/lcdc@0
[    2.521821] omap_i2c 44e0b000.i2c: bus 0 rev0.11 at 400 kHz
[    2.529533] sdhci-omap 48060000.mmc: using DT '/ocp/interconnect@48000000/segment@0/target-module@60000/mmc@0' for 'cd' GPIO lookup
[    2.529637] of_get_named_gpiod_flags: parsed 'cd-gpios' property of node '/ocp/interconnect@48000000/segment@0/target-module@60000/mmc@0[0]' - status (0)
[    2.529707] gpio gpiochip3: Persistence not supported for GPIO 6
[    2.529734] omap_gpio 44e07000.gpio: Could not set line 6 debounce to 200000 microseconds (-22)
[    2.538602] sdhci-omap 48060000.mmc: Got CD GPIO
[    2.543281] sdhci-omap 48060000.mmc: using DT '/ocp/interconnect@48000000/segment@0/target-module@60000/mmc@0' for 'wp' GPIO lookup
[    2.543331] of_get_named_gpiod_flags: can't parse 'wp-gpios' property of node '/ocp/interconnect@48000000/segment@0/target-module@60000/mmc@0[0]'
[    2.543375] of_get_named_gpiod_flags: can't parse 'wp-gpio' property of node '/ocp/interconnect@48000000/segment@0/target-module@60000/mmc@0[0]'
[    2.543413] sdhci-omap 48060000.mmc: using lookup tables for GPIO lookup
[    2.543427] sdhci-omap 48060000.mmc: No GPIO consumer wp found
[    2.543642] sdhci-omap 48060000.mmc: supply pbias not found, using dummy regulator
[    2.552460] sdhci-omap 481d8000.mmc: using DT '/ocp/interconnect@48000000/segment@100000/target-module@d8000/mmc@0' for 'wp' GPIO lookup
[    2.552547] of_get_named_gpiod_flags: can't parse 'wp-gpios' property of node '/ocp/interconnect@48000000/segment@100000/target-module@d8000/mmc@0[0]'
[    2.552595] of_get_named_gpiod_flags: can't parse 'wp-gpio' property of node '/ocp/interconnect@48000000/segment@100000/target-module@d8000/mmc@0[0]'
[    2.552633] sdhci-omap 481d8000.mmc: using lookup tables for GPIO lookup
[    2.552646] sdhci-omap 481d8000.mmc: No GPIO consumer wp found
[    2.553738] sdhci-omap 48060000.mmc: supply vqmmc not found, using dummy regulator
[    2.562878] sdhci-omap 481d8000.mmc: supply pbias not found, using dummy regulator
[    2.570871] sdhci-omap 481d8000.mmc: supply vqmmc not found, using dummy regulator
[    2.608976] mmc1: SDHCI controller on 481d8000.mmc [481d8000.mmc] using External DMA
[    2.618180] mmc0: SDHCI controller on 48060000.mmc [48060000.mmc] using External DMA
[    2.627014] cpsw-switch 4a100000.switch: starting ndev. mode: dual_mac
[    2.670432] mmc0: new high speed SDHC card at address 5048
[    2.677501] mmcblk0: mmc0:5048 SD16G 14.4 GiB
[    2.685524]  mmcblk0: p1 p2
[    2.688935] mmcblk0: p2 size 31221760 extends beyond EOD, truncated
[    2.702539] SMSC LAN8710/LAN8720 4a101000.mdio:00: attached PHY driver (mii_bus:phy_addr=4a101000.mdio:00, irq=POLL)
[    2.715107] mmc1: new high speed MMC card at address 0001
[    2.722100] mmcblk1: mmc1:0001 MMC04G 3.60 GiB
[    2.733690]  mmcblk1: p1 p2
[    2.737945] mmcblk1boot0: mmc1:0001 MMC04G 2.00 MiB
[    2.745105] mmcblk1boot1: mmc1:0001 MMC04G 2.00 MiB
[    2.752521] mmcblk1rpmb: mmc1:0001 MMC04G 128 KiB, chardev (250:0)
[    5.842021] cpsw-switch 4a100000.switch eth0: Link is Up - 100Mbps/Full - flow control off
[    5.871272] IP-Config: Complete:
[    5.874546]      device=eth0, hwaddr=6c:ec:eb:68:de:78, ipaddr=192.168.255.1, mask=255.255.255.0, gw=255.255.255.255
[    5.885193]      host=bbb1, domain=, nis-domain=(none)
[    5.890361]      bootserver=192.168.255.126, rootserver=192.168.255.126, rootpath=
[    5.890792] clk: Disabling unused clocks
[    5.902655] PM: genpd: Disabling unused power domains
[    5.907775] KTAP version 1
[    5.910498] 1..0
[    5.939038] VFS: Mounted root (nfs filesystem) on device 0:17.
[    5.946178] devtmpfs: mounted
[    5.950652] Freeing unused kernel image (initmem) memory: 1024K
[    5.957537] Run /sbin/init as init process
[    5.961759]   with arguments:
[    5.961774]     /sbin/init
[    5.961784]     nfsrootdebug
[    5.961793]   with environment:
[    5.961802]     HOME=/
[    5.961811]     TERM=linux
[    6.655950] systemd[1]: System time before build time, advancing clock.
[    8.131278] random: crng init done
[    8.163900] systemd[1]: systemd 232 running in system mode. (+PAM +AUDIT +SELINUX +IMA +APPARMOR +SMACK +SYSVINIT +UTMP +LIBCRYPTSETUP +GCRYPT +GNUTLS +ACL +XZ +LZ4 +SECCOMP +BLKID +ELFUTILS +KMOD +IDN)
[    8.182910] systemd[1]: Detected architecture arm.
[    8.214421] systemd[1]: Set hostname to <arm>.
[    9.291881] systemd[1]: Listening on Journal Socket (/dev/log).
[    9.311675] systemd[1]: Reached target Swap.
[    9.332057] systemd[1]: Listening on udev Kernel Socket.
[    9.361934] systemd[1]: Listening on Syslog Socket.
[    9.391644] systemd[1]: Reached target Remote File Systems.
[    9.422112] systemd[1]: Started Dispatch Password Requests to Console Directory Watch.
[    9.452132] systemd[1]: Listening on Journal Socket.
[   11.785437] systemd-journald[89]: Received request to flush runtime journal from PID 1
[   14.463715] leds-gpio leds: using DT '/leds/led2' for '(default)' GPIO lookup
[   14.463822] of_get_named_gpiod_flags: parsed 'gpios' property of node '/leds/led2[0]' - status (0)
[   14.463883] gpio gpiochip0: Persistence not supported for GPIO 21
[   14.463899] gpio-533 (?): no flags found for GPIO (default)
[   14.571873] leds-gpio leds: using DT '/leds/led3' for '(default)' GPIO lookup
[   14.571985] of_get_named_gpiod_flags: parsed 'gpios' property of node '/leds/led3[0]' - status (0)
[   14.572043] gpio gpiochip0: Persistence not supported for GPIO 22
[   14.572058] gpio-534 (?): no flags found for GPIO (default)
[   14.601833] leds-gpio leds: using DT '/leds/led4' for '(default)' GPIO lookup
[   14.601933] of_get_named_gpiod_flags: parsed 'gpios' property of node '/leds/led4[0]' - status (0)
[   14.601987] gpio gpiochip0: Persistence not supported for GPIO 23
[   14.602002] gpio-535 (?): no flags found for GPIO (default)
[   14.631763] leds-gpio leds: using DT '/leds/led5' for '(default)' GPIO lookup
[   14.631861] of_get_named_gpiod_flags: parsed 'gpios' property of node '/leds/led5[0]' - status (0)
[   14.631914] gpio gpiochip0: Persistence not supported for GPIO 24
[   14.631929] gpio-536 (?): no flags found for GPIO (default)
[   14.923509] remoteproc remoteproc0: wkup_m3 is available
[   15.185786] omap_wdt: OMAP Watchdog Timer Rev 0x01: initial timeout 60 sec
[   15.307645] am335x-phy-driver 47401300.usb-phy: using DT '/ocp/target-module@47400000/usb-phy@1300' for 'reset' GPIO lookup
[   15.307740] of_get_named_gpiod_flags: can't parse 'reset-gpios' property of node '/ocp/target-module@47400000/usb-phy@1300[0]'
[   15.307786] of_get_named_gpiod_flags: can't parse 'reset-gpio' property of node '/ocp/target-module@47400000/usb-phy@1300[0]'
[   15.307822] am335x-phy-driver 47401300.usb-phy: using lookup tables for GPIO lookup
[   15.307836] am335x-phy-driver 47401300.usb-phy: No GPIO consumer reset found
[   15.307850] am335x-phy-driver 47401300.usb-phy: using DT '/ocp/target-module@47400000/usb-phy@1300' for 'vbus-detect' GPIO lookup
[   15.307882] of_get_named_gpiod_flags: can't parse 'vbus-detect-gpios' property of node '/ocp/target-module@47400000/usb-phy@1300[0]'
[   15.307913] of_get_named_gpiod_flags: can't parse 'vbus-detect-gpio' property of node '/ocp/target-module@47400000/usb-phy@1300[0]'
[   15.307940] am335x-phy-driver 47401300.usb-phy: using lookup tables for GPIO lookup
[   15.307952] am335x-phy-driver 47401300.usb-phy: No GPIO consumer vbus-detect found
[   15.308100] am335x-phy-driver 47401300.usb-phy: dummy supplies not allowed for exclusive requests (id=vbus)
[   15.477439] at24 2-0054: supply vcc not found, using dummy regulator
[   15.493766] input: tps65217_pwrbutton as /devices/platform/ocp/44c00000.interconnect/44c00000.interconnect:segment@200000/44e0b000.target-module/44e0b000.i2c/i2c-0/0-0024/tps65217-pwrbutton/input/input0
[   15.574113] at24 2-0055: supply vcc not found, using dummy regulator
[   15.694767] at24 2-0056: supply vcc not found, using dummy regulator
[   15.720572] wkup_m3_ipc 44e11324.wkup_m3_ipc: IPC Request for A8->M3 Channel failed! -517
[   15.752988] omap_rtc 44e3e000.rtc: registered as rtc0
[   15.758197] omap_rtc 44e3e000.rtc: setting system clock to 2000-01-01T00:00:00 UTC (946684800)
[   15.767091] omap_rtc 44e3e000.rtc: using DT '/ocp/interconnect@44c00000/segment@200000/target-module@3e000/rtc@0' for 'wp' GPIO lookup
[   15.767168] of_get_named_gpiod_flags: can't parse 'wp-gpios' property of node '/ocp/interconnect@44c00000/segment@200000/target-module@3e000/rtc@0[0]'
[   15.767220] of_get_named_gpiod_flags: can't parse 'wp-gpio' property of node '/ocp/interconnect@44c00000/segment@200000/target-module@3e000/rtc@0[0]'
[   15.767261] omap_rtc 44e3e000.rtc: using lookup tables for GPIO lookup
[   15.767275] omap_rtc 44e3e000.rtc: No GPIO consumer wp found
[   15.769634] wkup_m3_ipc 44e11324.wkup_m3_ipc: IPC Request for A8->M3 Channel failed! -517
[   15.866264] at24 2-0057: supply vcc not found, using dummy regulator
[   15.942787] am335x-phy-driver 47401b00.usb-phy: using DT '/ocp/target-module@47400000/usb-phy@1b00' for 'reset' GPIO lookup
[   15.942881] of_get_named_gpiod_flags: can't parse 'reset-gpios' property of node '/ocp/target-module@47400000/usb-phy@1b00[0]'
[   15.942926] of_get_named_gpiod_flags: can't parse 'reset-gpio' property of node '/ocp/target-module@47400000/usb-phy@1b00[0]'
[   15.942963] am335x-phy-driver 47401b00.usb-phy: using lookup tables for GPIO lookup
[   15.942978] am335x-phy-driver 47401b00.usb-phy: No GPIO consumer reset found
[   15.942992] am335x-phy-driver 47401b00.usb-phy: using DT '/ocp/target-module@47400000/usb-phy@1b00' for 'vbus-detect' GPIO lookup
[   15.943023] of_get_named_gpiod_flags: can't parse 'vbus-detect-gpios' property of node '/ocp/target-module@47400000/usb-phy@1b00[0]'
[   15.943055] of_get_named_gpiod_flags: can't parse 'vbus-detect-gpio' property of node '/ocp/target-module@47400000/usb-phy@1b00[0]'
[   15.943081] am335x-phy-driver 47401b00.usb-phy: using lookup tables for GPIO lookup
[   15.943093] am335x-phy-driver 47401b00.usb-phy: No GPIO consumer vbus-detect found
[   15.943243] am335x-phy-driver 47401b00.usb-phy: dummy supplies not allowed for exclusive requests (id=vbus)
[   15.959406] wkup_m3_ipc 44e11324.wkup_m3_ipc: IPC Request for A8->M3 Channel failed! -517
[   16.033636] at24 0-0050: using DT '/ocp/interconnect@44c00000/segment@200000/target-module@b000/i2c@0/eeprom@50' for 'wp' GPIO lookup
[   16.033750] of_get_named_gpiod_flags: can't parse 'wp-gpios' property of node '/ocp/interconnect@44c00000/segment@200000/target-module@b000/i2c@0/eeprom@50[0]'
[   16.033812] of_get_named_gpiod_flags: can't parse 'wp-gpio' property of node '/ocp/interconnect@44c00000/segment@200000/target-module@b000/i2c@0/eeprom@50[0]'
[   16.033860] at24 0-0050: using lookup tables for GPIO lookup
[   16.033874] at24 0-0050: No GPIO consumer wp found
[   16.034203] at24 0-0050: 32768 byte 24c256 EEPROM, writable, 1 bytes/write
[   16.142191] wkup_m3_ipc 44e11324.wkup_m3_ipc: IPC Request for A8->M3 Channel failed! -517
[   16.187383] wkup_m3_ipc 44e11324.wkup_m3_ipc: IPC Request for A8->M3 Channel failed! -517
[   17.175538] usbcore: registered new interface driver usbfs
[   17.182012] usbcore: registered new interface driver hub
[   17.187463] usbcore: registered new device driver usb
[   17.636020] omap-mailbox 480c8000.mailbox: omap mailbox rev 0x400
[   17.769059] remoteproc remoteproc0: powering up wkup_m3
[   18.033077] remoteproc remoteproc0: Direct firmware load for am335x-pm-firmware.elf failed with error -2
[   18.043382] remoteproc remoteproc0: request_firmware failed: -2
[   18.049352] wkup_m3_ipc 44e11324.wkup_m3_ipc: rproc_boot failed
[   18.076731] musb-hdrc musb-hdrc.1: MUSB HDRC host driver
[   18.082591] musb-hdrc musb-hdrc.1: new USB bus registered, assigned bus number 1
[   18.129716] tda998x 0-0070: found TDA19988
[   18.201940] usb usb1: New USB device found, idVendor=1d6b, idProduct=0002, bcdDevice= 6.15
[   18.210306] usb usb1: New USB device strings: Mfr=3, Product=2, SerialNumber=1
[   18.217687] usb usb1: Product: MUSB HDRC host driver
[   18.222724] usb usb1: Manufacturer: Linux 6.15.2-87442-gb0d369dbad20 musb-hcd
[   18.229898] usb usb1: SerialNumber: musb-hdrc.1
[   18.714815] hub 1-0:1.0: USB hub found
[   18.812769] hub 1-0:1.0: 1 port detected
[   20.377657] omap_rng 48310000.rng: Random Number Generator ver. 20
[   20.477757] tilcdc 4830e000.lcdc: bound 0-0070 (ops tda998x_audio_codec_init [tda998x])
[   20.622325] [drm] Initialized tilcdc 1.0.0 for 4830e000.lcdc on minor 0
[   20.709278] tilcdc 4830e000.lcdc: [drm] Cannot find any crtc or sizes
[   20.757673] tilcdc 4830e000.lcdc: [drm] Cannot find any crtc or sizes
[   22.013445] omap-sham 53100000.sham: hw accel on OMAP rev 4.3
[   22.020080] PM: Cannot get wkup_m3_ipc handle
[   22.100487] omap-aes 53500000.aes: OMAP AES hw accel rev: 3.2
[   22.149031] omap-sham 53100000.sham: will run requests pump with realtime priority
[   22.162247] PM: Cannot get wkup_m3_ipc handle
[   22.227151] omap-aes 53500000.aes: will run requests pump with realtime priority
[   22.249352] PM: Cannot get wkup_m3_ipc handle
[   23.334211] Bluetooth: Core ver 2.22
[   23.338037] NET: Registered PF_BLUETOOTH protocol family
[   23.343640] Bluetooth: HCI device and connection manager initialized
[   23.350062] Bluetooth: HCI socket layer initialized
[   23.355043] Bluetooth: L2CAP socket layer initialized
[   23.360163] Bluetooth: SCO socket layer initialized
[   25.808922] tda998x 0-0070: using DT '/ocp/interconnect@44c00000/segment@200000/target-module@b000/i2c@0/tda19988@70' for 'nxp,calib' GPIO lookup
[   25.809091] of_get_named_gpiod_flags: parsed 'nxp,calib-gpios' property of node '/ocp/interconnect@44c00000/segment@200000/target-module@b000/i2c@0/tda19988@70[0]' - status (0)
[   25.809176] gpio gpiochip0: Persistence not supported for GPIO 25
[   25.809193] gpio-537 (nxp,calib): no flags found for GPIO nxp,calib
[   25.819384] gpio-537 (nxp,calib): gpiod_direction_output_nonotify: tried to set a GPIO tied to an IRQ as output
[   25.896150] PM: Cannot get wkup_m3_ipc handle
[   25.902242] asoc-simple-card sound: using DT '/sound' for 'simple-audio-card,hp-det' GPIO lookup
[   25.902316] of_get_named_gpiod_flags: can't parse 'simple-audio-card,hp-det-gpios' property of node '/sound[0]'
[   25.902351] of_get_named_gpiod_flags: can't parse 'simple-audio-card,hp-det-gpio' property of node '/sound[0]'
[   25.902375] asoc-simple-card sound: using lookup tables for GPIO lookup
[   25.902389] asoc-simple-card sound: No GPIO consumer simple-audio-card,hp-det found
[   25.902404] asoc-simple-card sound: using DT '/sound' for 'simple-audio-card,mic-det' GPIO lookup
[   25.902429] of_get_named_gpiod_flags: can't parse 'simple-audio-card,mic-det-gpios' property of node '/sound[0]'
[   25.902453] of_get_named_gpiod_flags: can't parse 'simple-audio-card,mic-det-gpio' property of node '/sound[0]'
[   25.902473] asoc-simple-card sound: using lookup tables for GPIO lookup
[   25.902484] asoc-simple-card sound: No GPIO consumer simple-audio-card,mic-det found
[   26.045929] PM: Cannot get wkup_m3_ipc handle
[   26.170559] tda9950 0-0034: TDA9950 CEC interface, hardware version 3.3
[   26.305461] PM: Cannot get wkup_m3_ipc handle
[   28.055552] userial_init: registered 8 ttyGS* devices
[   28.347724] rndis_register: configNr = 0
[   28.472331] udc musb-hdrc.0: binding gadget driver [g_multi]
[   28.472436] configfs-gadget.g_multi gadget.0: adding 'rndis'/2997e96c to config 'c'/26b03742
[   28.473594] configfs-gadget.g_multi gadget.0: HOST MAC 1c:ba:8c:a2:ed:6c
[   28.480372] configfs-gadget.g_multi gadget.0: MAC 1c:ba:8c:a2:ed:70
[   28.486911] rndis_set_param_medium: 0 0
[   28.486939] configfs-gadget.g_multi gadget.0: RNDIS: IN/ep1in OUT/ep1out NOTIFY/ep2in
[   28.486956] configfs-gadget.g_multi gadget.0: adding 'cdc_ethernet'/c012fff7 to config 'c'/26b03742
[   28.487852] configfs-gadget.g_multi gadget.0: HOST MAC 1c:ba:8c:a2:ed:6c
[   28.494705] configfs-gadget.g_multi gadget.0: MAC 1c:ba:8c:a2:ed:6d
[   28.501051] configfs-gadget.g_multi gadget.0: CDC Ethernet: IN/ep3in OUT/ep2out NOTIFY/ep4in
[   28.501069] configfs-gadget.g_multi gadget.0: adding 'acm'/7b83b6ac to config 'c'/26b03742
[   28.501109] configfs-gadget.g_multi gadget.0: acm ttyGS0: IN/ep5in OUT/ep3out NOTIFY/ep6in
[   28.506694] PM: Cannot get wkup_m3_ipc handle
[   29.671812] configfs-gadget.g_multi gadget.0: eth_open
[   30.565793] configfs-gadget.g_multi gadget.0: stop stats: rx/tx 0/0, errs 0/0
[   35.127913] gs_open: ttyGS0 (cad74a22,93b5c695)
[   35.128073] gs_close: ttyGS0 (cad74a22,93b5c695) ...
[   35.128096] gs_close: ttyGS0 (cad74a22,93b5c695) done!
[   35.141752] gs_open: ttyGS0 (cad74a22,cb734143)
[   35.141901] gs_close: ttyGS0 (cad74a22,cb734143) ...
[   35.141925] gs_close: ttyGS0 (cad74a22,cb734143) done!
[   35.306855] gs_open: ttyGS0 (410c2738,96a54574)
[   35.307114] gs_close: ttyGS0 (410c2738,96a54574) ...
[   35.307145] gs_close: ttyGS0 (410c2738,96a54574) done!
[   35.307932] gs_open: ttyGS0 (410c2738,96a54574)
NLVBUJFXJC 0
root@arm:~# echo 'KBBF''TKJMMO'
KBBFTKJMMO
root@arm:~# MARKER='BQMZ''VNJJGQ' run 'modprobe test_linear_ranges'
BQMZVNJJGQBQMZVNJJGQ 0
root@arm:~# echo 'QPES''VPJPOX'
QPESVPJPOX
root@arm:~# MARKER='XVOH''UHMYSB' run dmesg
XVOHUHMYSB[    0.000000] Booting Linux on physical CPU 0x0
[    0.000000] Linux version 6.15.2-87442-gb0d369dbad20 (user01@drvtest01) (arm-none-eabi-gcc (Arm GNU Toolchain 14.2.Rel1 (Build arm-14.52)) 14.2.1 20241119, GNU ld (Arm GNU Toolchain 14.2.Rel1 (Build arm-14.52)) 2.43.1.20241119) #1 SMP Tue Jun 10 15:35:43 EEST 2025
[    0.000000] CPU: ARMv7 Processor [413fc082] revision 2 (ARMv7), cr=10c5387d
[    0.000000] CPU: PIPT / VIPT nonaliasing data cache, VIPT aliasing instruction cache
[    0.000000] OF: fdt: Machine model: TI AM335x BeagleBone Black
[    0.000000] Memory policy: Data cache writeback
[    0.000000] cma: Reserved 16 MiB at 0x9e800000
[    0.000000] Zone ranges:
[    0.000000]   Normal   [mem 0x0000000080000000-0x000000009fdfffff]
[    0.000000]   HighMem  empty
[    0.000000] Movable zone start for each node
[    0.000000] Early memory node ranges
[    0.000000]   node   0: [mem 0x0000000080000000-0x000000009fdfffff]
[    0.000000] Initmem setup node 0 [mem 0x0000000080000000-0x000000009fdfffff]
[    0.000000] On node 0, zone Normal: 512 pages in unavailable ranges
[    0.000000] OF: reserved mem: Reserved memory: No reserved-memory node in the DT
[    0.000000] CPU: All CPU(s) started in SVC mode.
[    0.000000] AM335X ES2.1 (sgx neon)
[    0.000000] percpu: Embedded 17 pages/cpu s39692 r8192 d21748 u69632
[    0.000000] pcpu-alloc: s39692 r8192 d21748 u69632 alloc=17*4096
[    0.000000] pcpu-alloc: [0] 0 
[    0.000000] Kernel command line: console=ttyO0,115200n8 root=/dev/nfs rw nfsroot=192.168.255.126:/home/user01/nfs,nfsvers=3 ip=192.168.255.1:192.168.255.126::255.255.255.0:bbb1:eth0 nfsrootdebug
[    0.000000] Unknown kernel command line parameters "nfsrootdebug", will be passed to user space.
[    0.000000] printk: log buffer data + meta data: 65536 + 204800 = 270336 bytes
[    0.000000] Dentry cache hash table entries: 65536 (order: 6, 262144 bytes, linear)
[    0.000000] Inode-cache hash table entries: 32768 (order: 5, 131072 bytes, linear)
[    0.000000] Built 1 zonelists, mobility grouping on.  Total pages: 130560
[    0.000000] mem auto-init: stack:off, heap alloc:off, heap free:off
[    0.000000] SLUB: HWalign=16, Order=0-3, MinObjects=0, CPUs=1, Nodes=1
[    0.000000] rcu: Hierarchical RCU implementation.
[    0.000000] rcu: 	RCU event tracing is enabled.
[    0.000000] rcu: 	RCU restricting CPUs from NR_CPUS=2 to nr_cpu_ids=1.
[    0.000000] 	Tracing variant of Tasks RCU enabled.
[    0.000000] rcu: RCU calculated value of scheduler-enlistment delay is 10 jiffies.
[    0.000000] rcu: Adjusting geometry for rcu_fanout_leaf=16, nr_cpu_ids=1
[    0.000000] RCU Tasks Trace: Setting shift to 0 and lim to 1 rcu_task_cb_adjust=1 rcu_task_cpu_ids=1.
[    0.000000] NR_IRQS: 16, nr_irqs: 16, preallocated irqs: 16
[    0.000000] IRQ: Found an INTC at 0x(ptrval) (revision 5.0) with 128 interrupts
[    0.000000] rcu: srcu_init: Setting srcu_struct sizes based on contention.
[    0.000000] TI gptimer clocksource: always-on /ocp/interconnect@44c00000/segment@200000/target-module@31000
[    0.000003] sched_clock: 32 bits at 24MHz, resolution 41ns, wraps every 89478484971ns
[    0.000026] clocksource: dmtimer: mask: 0xffffffff max_cycles: 0xffffffff, max_idle_ns: 79635851949 ns
[    0.000500] TI gptimer clockevent: 24000000 Hz at /ocp/interconnect@48000000/segment@0/target-module@40000
[    0.002112] Console: colour dummy device 80x30
[    0.002182] WARNING: Your 'console=ttyO0' has been replaced by 'ttyS0'
[    0.002189] This ensures that you still see kernel messages. Please
[    0.002193] update your kernel commandline.
[    0.002237] Calibrating delay loop... 996.14 BogoMIPS (lpj=4980736)
[    0.090546] CPU: Testing write buffer coherency: ok
[    0.090658] CPU0: Spectre v2: using BPIALL workaround
[    0.090669] pid_max: default: 32768 minimum: 301
[    0.090827] LSM: initializing lsm=capability
[    0.091010] Mount-cache hash table entries: 1024 (order: 0, 4096 bytes, linear)
[    0.091030] Mountpoint-cache hash table entries: 1024 (order: 0, 4096 bytes, linear)
[    0.092629] CPU0: thread -1, cpu 0, socket -1, mpidr 0
[    0.092692] cacheinfo: Unable to detect cache hierarchy for CPU 0
[    0.150735] Setting up static identity map for 0x80100000 - 0x80100078
[    0.160696] rcu: Hierarchical SRCU implementation.
[    0.160710] rcu: 	Max phase no-delay instances is 1000.
[    0.162472] smp: Bringing up secondary CPUs ...
[    0.162526] smp: Brought up 1 node, 1 CPU
[    0.162538] SMP: Total of 1 processors activated (996.14 BogoMIPS).
[    0.162549] CPU: All CPU(s) started in SVC mode.
[    0.162739] Memory: 480824K/522240K available (11264K kernel code, 1218K rwdata, 2904K rodata, 1024K init, 286K bss, 23384K reserved, 16384K cma-reserved, 0K highmem)
[    0.163554] devtmpfs: initialized
[    0.180729] VFP support v0.3: implementor 41 architecture 3 part 30 variant c rev 3
[    0.181474] clocksource: jiffies: mask: 0xffffffff max_cycles: 0xffffffff, max_idle_ns: 19112604462750000 ns
[    0.181519] posixtimers hash table entries: 512 (order: 0, 4096 bytes, linear)
[    0.181538] futex hash table entries: 256 (order: 2, 16384 bytes, linear)
[    0.182684] pinctrl core: initialized pinctrl subsystem
[    0.184763] NET: Registered PF_NETLINK/PF_ROUTE protocol family
[    0.187553] DMA: preallocated 256 KiB pool for atomic coherent allocations
[    0.188496] audit: initializing netlink subsys (disabled)
[    0.189886] thermal_sys: Registered thermal governor 'fair_share'
[    0.189903] thermal_sys: Registered thermal governor 'step_wise'
[    0.189912] thermal_sys: Registered thermal governor 'user_space'
[    0.190025] audit: type=2000 audit(0.000:1): state=initialized audit_enabled=0 res=1
[    0.190099] cpuidle: using governor menu
[    0.208188] /ocp/interconnect@44c00000/segment@200000/target-module@b000/i2c@0/tda19988@70: Fixed dependency cycle(s) with /ocp/interconnect@48000000/segment@300000/target-module@e000/lcdc@0
[    0.209316] /ocp/interconnect@48000000/segment@300000/target-module@e000/lcdc@0: Fixed dependency cycle(s) with /ocp/interconnect@44c00000/segment@200000/target-module@b000/i2c@0/tda19988@70
[    0.211711] No ATAGs?
[    0.211759] hw-breakpoint: debug architecture 0x4 unsupported.
[    0.214451] kprobes: kprobe jump-optimization is enabled. All kprobes are optimized if possible.
[    0.223828] iommu: Default domain type: Translated
[    0.223853] iommu: DMA domain TLB invalidation policy: strict mode
[    0.225417] reg-fixed-voltage fixedregulator0: using DT '/fixedregulator0' for '(default)' GPIO lookup
[    0.225473] of_get_named_gpiod_flags: can't parse 'gpios' property of node '/fixedregulator0[0]'
[    0.225503] of_get_named_gpiod_flags: can't parse 'gpio' property of node '/fixedregulator0[0]'
[    0.225521] reg-fixed-voltage fixedregulator0: using lookup tables for GPIO lookup
[    0.225531] reg-fixed-voltage fixedregulator0: No GPIO consumer (default) found
[    0.231464] SCSI subsystem initialized
[    0.231949] libata version 3.00 loaded.
[    0.232328] pps_core: LinuxPPS API ver. 1 registered
[    0.232338] pps_core: Software ver. 5.3.6 - Copyright 2005-2007 Rodolfo Giometti <giometti@linux.it>
[    0.232364] PTP clock support registered
[    0.240888] vgaarb: loaded
[    0.241256] clocksource: Switched to clocksource dmtimer
[    0.241911] VFS: Disk quotas dquot_6.6.0
[    0.241971] VFS: Dquot-cache hash table entries: 1024 (order 0, 4096 bytes)
[    0.265960] NET: Registered PF_INET protocol family
[    0.266296] IP idents hash table entries: 8192 (order: 4, 65536 bytes, linear)
[    0.267723] tcp_listen_portaddr_hash hash table entries: 512 (order: 0, 4096 bytes, linear)
[    0.267761] Table-perturb hash table entries: 65536 (order: 6, 262144 bytes, linear)
[    0.267780] TCP established hash table entries: 4096 (order: 2, 16384 bytes, linear)
[    0.267825] TCP bind hash table entries: 4096 (order: 4, 65536 bytes, linear)
[    0.267924] TCP: Hash tables configured (established 4096 bind 4096)
[    0.268046] UDP hash table entries: 256 (order: 1, 14336 bytes, linear)
[    0.268082] UDP-Lite hash table entries: 256 (order: 1, 14336 bytes, linear)
[    0.268266] NET: Registered PF_UNIX/PF_LOCAL protocol family
[    0.269528] RPC: Registered named UNIX socket transport module.
[    0.269550] RPC: Registered udp transport module.
[    0.269555] RPC: Registered tcp transport module.
[    0.269560] RPC: Registered tcp-with-tls transport module.
[    0.269565] RPC: Registered tcp NFSv4.1 backchannel transport module.
[    0.269589] PCI: CLS 0 bytes, default 64
[    0.271028] Initialise system trusted keyrings
[    0.282121] workingset: timestamp_bits=14 max_order=17 bucket_order=3
[    0.283486] NFS: Registering the id_resolver key type
[    0.283566] Key type id_resolver registered
[    0.283575] Key type id_legacy registered
[    0.283688] jffs2: version 2.2. (NAND) (SUMMARY)  Â© 2001-2006 Red Hat, Inc.
[    0.284105] Key type asymmetric registered
[    0.284122] Asymmetric key parser 'x509' registered
[    0.284188] io scheduler mq-deadline registered
[    0.284198] io scheduler kyber registered
[    0.284273] io scheduler bfq registered
[    0.285825] ledtrig-cpu: registered to indicate activity on CPUs
[    0.288546] Serial: 8250/16550 driver, 6 ports, IRQ sharing enabled
[    0.335063] brd: module loaded
[    0.360369] loop: module loaded
[    0.361411] mtdoops: mtd device (mtddev=name/number) must be supplied
[    0.363195] mdio_bus fixed-0: using lookup tables for GPIO lookup
[    0.363221] mdio_bus fixed-0: No GPIO consumer reset found
[    0.364581] i2c_dev: i2c /dev entries driver
[    0.365574] cpuidle: enable-method property 'ti,am3352' found operations
[    0.366033] sdhci: Secure Digital Host Controller Interface driver
[    0.366044] sdhci: Copyright(c) Pierre Ossman
[    0.366217] sdhci-pltfm: SDHCI platform and OF driver helper
[    0.367213] Initializing XFRM netlink socket
[    0.367388] NET: Registered PF_INET6 protocol family
[    0.369387] Segment Routing with IPv6
[    0.369474] In-situ OAM (IOAM) with IPv6
[    0.369571] sit: IPv6, IPv4 and MPLS over IPv4 tunneling driver
[    0.370520] NET: Registered PF_PACKET protocol family
[    0.370554] NET: Registered PF_KEY protocol family
[    0.370678] Key type dns_resolver registered
[    0.370905] ThumbEE CPU extension supported.
[    0.370924] Registering SWP/SWPB emulation handler
[    0.371625] omap_voltage_late_init: Voltage driver support not added
[    0.371987] SmartReflex Class3 initialized
[    0.401600] Loading compiled-in X.509 certificates
[    0.448912] /ocp/interconnect@44c00000/segment@200000/target-module@b000/i2c@0/tda19988@70: Fixed dependency cycle(s) with /ocp/interconnect@48000000/segment@300000/target-module@e000/lcdc@0
[    0.455550] /ocp/interconnect@44c00000/segment@200000/target-module@b000/i2c@0/tda19988@70: Fixed dependency cycle(s) with /ocp/interconnect@48000000/segment@300000/target-module@e000/lcdc@0
[    0.460962] gpiochip_find_base_unlocked: found new base at 512
[    0.475607] /ocp/interconnect@44c00000/segment@200000/target-module@b000/i2c@0/tda19988@70: Fixed dependency cycle(s) with /ocp/interconnect@48000000/segment@300000/target-module@e000/lcdc@0
[    0.476510] /ocp/interconnect@44c00000/segment@200000/target-module@b000/i2c@0/tda19988@70: Fixed dependency cycle(s) with /ocp/interconnect@48000000/segment@300000/target-module@e000/lcdc@0
[    0.479937] /ocp/interconnect@44c00000/segment@200000/target-module@10000/scm@0/pinmux@800: Fixed dependency cycle(s) with /ocp/interconnect@44c00000/segment@200000/target-module@10000/scm@0/pinmux@800/clkout2-pins
[    0.480537] pinctrl-single 44e10800.pinmux: 142 pins, size 568
[    0.486235] ti-sysc 44e31000.target-module: probe with driver ti-sysc failed with error -16
[    0.522013] /ocp/interconnect@48000000/segment@300000/target-module@e000/lcdc@0: Fixed dependency cycle(s) with /ocp/interconnect@44c00000/segment@200000/target-module@b000/i2c@0/tda19988@70
[    0.530056] ti-sysc 48040000.target-module: probe with driver ti-sysc failed with error -16
[    0.541736] gpiochip_find_base_unlocked: found new base at 512
[    0.541840] gpio gpiochip0: (gpio-0-31): created GPIO range 0->7 ==> 44e10800.pinmux PIN 0->7
[    0.541860] gpio gpiochip0: (gpio-0-31): created GPIO range 8->11 ==> 44e10800.pinmux PIN 90->93
[    0.541876] gpio gpiochip0: (gpio-0-31): created GPIO range 12->27 ==> 44e10800.pinmux PIN 12->27
[    0.541891] gpio gpiochip0: (gpio-0-31): created GPIO range 28->31 ==> 44e10800.pinmux PIN 30->33
[    0.577673] gpio gpiochip0: (gpio-0-31): added GPIO chardev (254:0)
[    0.577820] gpio gpiochip0: registered GPIOs 512 to 543 on gpio-0-31
[    0.577904] OMAP GPIO hardware version 0.1
[    0.626229] i2c i2c-2: using DT '/ocp/interconnect@48000000/segment@100000/target-module@9c000/i2c@0' for 'scl' GPIO lookup
[    0.626302] of_get_named_gpiod_flags: can't parse 'scl-gpios' property of node '/ocp/interconnect@48000000/segment@100000/target-module@9c000/i2c@0[0]'
[    0.626345] of_get_named_gpiod_flags: can't parse 'scl-gpio' property of node '/ocp/interconnect@48000000/segment@100000/target-module@9c000/i2c@0[0]'
[    0.626380] i2c i2c-2: using lookup tables for GPIO lookup
[    0.626390] i2c i2c-2: No GPIO consumer scl found
[    0.626411] i2c i2c-2: using DT '/ocp/interconnect@48000000/segment@100000/target-module@9c000/i2c@0' for 'sda' GPIO lookup
[    0.626446] of_get_named_gpiod_flags: can't parse 'sda-gpios' property of node '/ocp/interconnect@48000000/segment@100000/target-module@9c000/i2c@0[0]'
[    0.626482] of_get_named_gpiod_flags: can't parse 'sda-gpio' property of node '/ocp/interconnect@48000000/segment@100000/target-module@9c000/i2c@0[0]'
[    0.626513] i2c i2c-2: using lookup tables for GPIO lookup
[    0.626521] i2c i2c-2: No GPIO consumer sda found
[    0.627226] omap_i2c 4819c000.i2c: bus 2 rev0.11 at 100 kHz
[    0.633134] gpiochip_find_base_unlocked: found new base at 544
[    0.633236] gpio gpiochip1: (gpio-32-63): created GPIO range 0->17 ==> 44e10800.pinmux PIN 34->51
[    0.633258] gpio gpiochip1: (gpio-32-63): created GPIO range 18->21 ==> 44e10800.pinmux PIN 77->80
[    0.633274] gpio gpiochip1: (gpio-32-63): created GPIO range 22->31 ==> 44e10800.pinmux PIN 56->65
[    0.634113] gpio gpiochip1: (gpio-32-63): added GPIO chardev (254:1)
[    0.634270] gpio gpiochip1: registered GPIOs 544 to 575 on gpio-32-63
[    0.636503] gpiochip_find_base_unlocked: found new base at 576
[    0.636590] gpio gpiochip2: (gpio-64-95): created GPIO range 0->4 ==> 44e10800.pinmux PIN 66->70
[    0.636609] gpio gpiochip2: (gpio-64-95): created GPIO range 5->6 ==> 44e10800.pinmux PIN 98->99
[    0.636624] gpio gpiochip2: (gpio-64-95): created GPIO range 7->8 ==> 44e10800.pinmux PIN 75->76
[    0.636639] gpio gpiochip2: (gpio-64-95): created GPIO range 13->13 ==> 44e10800.pinmux PIN 141->141
[    0.636655] gpio gpiochip2: (gpio-64-95): created GPIO range 14->21 ==> 44e10800.pinmux PIN 100->107
[    0.637272] gpio gpiochip2: (gpio-64-95): added GPIO chardev (254:2)
[    0.637403] gpio gpiochip2: registered GPIOs 576 to 607 on gpio-64-95
[    0.643191] 48000000.interconnect:segment@200000:target-module@0:mpu@0:fck: device ID is greater than 24
[    0.644129] /ocp/interconnect@48000000/segment@300000/target-module@e000/lcdc@0: Fixed dependency cycle(s) with /ocp/interconnect@44c00000/segment@200000/target-module@b000/i2c@0/tda19988@70
[    0.646973] /ocp/interconnect@48000000/segment@300000/target-module@e000/lcdc@0: Fixed dependency cycle(s) with /ocp/interconnect@44c00000/segment@200000/target-module@b000/i2c@0/tda19988@70
[    0.647673] /ocp/interconnect@44c00000/segment@200000/target-module@b000/i2c@0/tda19988@70: Fixed dependency cycle(s) with /ocp/interconnect@48000000/segment@300000/target-module@e000/lcdc@0
[    0.647844] /ocp/interconnect@48000000/segment@300000/target-module@e000/lcdc@0: Fixed dependency cycle(s) with /ocp/interconnect@44c00000/segment@200000/target-module@b000/i2c@0/tda19988@70
[    0.657515] mdio_bus 4a101000.mdio: using DT '/ocp/interconnect@4a000000/segment@0/target-module@100000/switch@0/mdio@1000' for 'reset' GPIO lookup
[    0.657587] of_get_named_gpiod_flags: can't parse 'reset-gpios' property of node '/ocp/interconnect@4a000000/segment@0/target-module@100000/switch@0/mdio@1000[0]'
[    0.657633] of_get_named_gpiod_flags: can't parse 'reset-gpio' property of node '/ocp/interconnect@4a000000/segment@0/target-module@100000/switch@0/mdio@1000[0]'
[    0.657680] mdio_bus 4a101000.mdio: using lookup tables for GPIO lookup
[    0.657690] mdio_bus 4a101000.mdio: No GPIO consumer reset found
[    0.658912] sdhci-omap 481d8000.mmc: using DT '/ocp/interconnect@48000000/segment@100000/target-module@d8000/mmc@0' for 'wp' GPIO lookup
[    0.658972] of_get_named_gpiod_flags: can't parse 'wp-gpios' property of node '/ocp/interconnect@48000000/segment@100000/target-module@d8000/mmc@0[0]'
[    0.659017] of_get_named_gpiod_flags: can't parse 'wp-gpio' property of node '/ocp/interconnect@48000000/segment@100000/target-module@d8000/mmc@0[0]'
[    0.659050] sdhci-omap 481d8000.mmc: using lookup tables for GPIO lookup
[    0.659060] sdhci-omap 481d8000.mmc: No GPIO consumer wp found
[    0.659254] sdhci-omap 481d8000.mmc: supply pbias not found, using dummy regulator
[    0.659738] sdhci-omap 481d8000.mmc: supply vqmmc not found, using dummy regulator
[    0.716177] davinci_mdio 4a101000.mdio: davinci mdio revision 1.6, bus freq 1000000
[    0.737693] mdio_bus 4a101000.mdio:00: using DT '/ocp/interconnect@4a000000/segment@0/target-module@100000/switch@0/mdio@1000/ethernet-phy@0' for 'reset' GPIO lookup
[    0.737797] of_get_named_gpiod_flags: parsed 'reset-gpios' property of node '/ocp/interconnect@4a000000/segment@0/target-module@100000/switch@0/mdio@1000/ethernet-phy@0[0]' - status (0)
[    0.737958] gpio gpiochip0: Persistence not supported for GPIO 8
[    0.870632] davinci_mdio 4a101000.mdio: phy[0]: device 4a101000.mdio:00, driver SMSC LAN8710/LAN8720
[    0.871536] cpsw-switch 4a100000.switch: initialized cpsw ale version 1.4
[    0.871561] cpsw-switch 4a100000.switch: ALE Table size 1024, Policers 0
[    0.871716] cpsw-switch 4a100000.switch: cpts: overflow check period 500 (jiffies)
[    0.871732] cpsw-switch 4a100000.switch: CPTS: ref_clk_freq:250000000 calc_mult:2147483648 calc_shift:29 error:0 nsec/sec
[    0.871849] cpsw-switch 4a100000.switch: Detected MACID = 6c:ec:eb:68:de:78
[    0.873708] cpsw-switch 4a100000.switch: initialized (regs 0x4a100000, pool size 256) hw_ver:0019010C 1.12 (0)
[    0.884693] debugfs: Directory '49000000.dma' with parent 'dmaengine' already present!
[    0.884736] edma 49000000.dma: TI EDMA DMA engine driver
[    0.922684] target-module@4b000000:target-module@140000:pmu@0:fck: device ID is greater than 24
[    0.948746] hw perfevents: enabled with armv7_cortex_a8 PMU driver, 5 (8000000f) counters available
[    0.949638] gpio-clk clk_mcasp0: using DT '/clk_mcasp0' for 'enable' GPIO lookup
[    0.949707] of_get_named_gpiod_flags: parsed 'enable-gpios' property of node '/clk_mcasp0[0]' - status (0)
[    0.949753] gpio gpiochip0: Persistence not supported for GPIO 27
[    0.950557] gpiochip_find_base_unlocked: found new base at 608
[    0.950663] gpio gpiochip3: (gpio-96-127): created GPIO range 0->7 ==> 44e10800.pinmux PIN 82->89
[    0.950682] gpio gpiochip3: (gpio-96-127): created GPIO range 8->11 ==> 44e10800.pinmux PIN 52->55
[    0.950698] gpio gpiochip3: (gpio-96-127): created GPIO range 12->15 ==> 44e10800.pinmux PIN 94->97
[    0.950714] gpio gpiochip3: (gpio-96-127): created GPIO range 16->17 ==> 44e10800.pinmux PIN 71->72
[    0.950729] gpio gpiochip3: (gpio-96-127): created GPIO range 18->18 ==> 44e10800.pinmux PIN 135->135
[    0.950745] gpio gpiochip3: (gpio-96-127): created GPIO range 19->20 ==> 44e10800.pinmux PIN 108->109
[    0.950762] gpio gpiochip3: (gpio-96-127): created GPIO range 21->21 ==> 44e10800.pinmux PIN 73->73
[    0.950778] gpio gpiochip3: (gpio-96-127): created GPIO range 22->23 ==> 44e10800.pinmux PIN 8->9
[    0.950795] gpio gpiochip3: (gpio-96-127): created GPIO range 26->27 ==> 44e10800.pinmux PIN 10->11
[    0.950813] gpio gpiochip3: (gpio-96-127): created GPIO range 28->28 ==> 44e10800.pinmux PIN 74->74
[    0.950831] gpio gpiochip3: (gpio-96-127): created GPIO range 29->29 ==> 44e10800.pinmux PIN 81->81
[    0.950849] gpio gpiochip3: (gpio-96-127): created GPIO range 30->31 ==> 44e10800.pinmux PIN 28->29
[    0.956523] l3-aon-clkctrl:0000:0: failed to disable
[    0.956887] gpio gpiochip3: (gpio-96-127): added GPIO chardev (254:3)
[    0.957028] gpio gpiochip3: registered GPIOs 608 to 639 on gpio-96-127
[    0.969744] omap8250 44e09000.serial: using DT '/ocp/interconnect@44c00000/segment@200000/target-module@9000/serial@0' for 'rs485-term' GPIO lookup
[    0.969819] of_get_named_gpiod_flags: can't parse 'rs485-term-gpios' property of node '/ocp/interconnect@44c00000/segment@200000/target-module@9000/serial@0[0]'
[    0.969863] of_get_named_gpiod_flags: can't parse 'rs485-term-gpio' property of node '/ocp/interconnect@44c00000/segment@200000/target-module@9000/serial@0[0]'
[    0.969899] omap8250 44e09000.serial: using lookup tables for GPIO lookup
[    0.969909] omap8250 44e09000.serial: No GPIO consumer rs485-term found
[    0.969919] omap8250 44e09000.serial: using DT '/ocp/interconnect@44c00000/segment@200000/target-module@9000/serial@0' for 'rs485-rx-during-tx' GPIO lookup
[    0.969955] of_get_named_gpiod_flags: can't parse 'rs485-rx-during-tx-gpios' property of node '/ocp/interconnect@44c00000/segment@200000/target-module@9000/serial@0[0]'
[    0.969991] of_get_named_gpiod_flags: can't parse 'rs485-rx-during-tx-gpio' property of node '/ocp/interconnect@44c00000/segment@200000/target-module@9000/serial@0[0]'
[    0.970022] omap8250 44e09000.serial: using lookup tables for GPIO lookup
[    0.970030] omap8250 44e09000.serial: No GPIO consumer rs485-rx-during-tx found
[    0.970444] 44e09000.serial: ttyS0 at MMIO 0x44e09000 (irq = 34, base_baud = 3000000) is a 8250
[    0.970532] printk: legacy console [ttyS0] enabled
[    2.432495] i2c i2c-0: using DT '/ocp/interconnect@44c00000/segment@200000/target-module@b000/i2c@0' for 'scl' GPIO lookup
[    2.432583] of_get_named_gpiod_flags: can't parse 'scl-gpios' property of node '/ocp/interconnect@44c00000/segment@200000/target-module@b000/i2c@0[0]'
[    2.432632] of_get_named_gpiod_flags: can't parse 'scl-gpio' property of node '/ocp/interconnect@44c00000/segment@200000/target-module@b000/i2c@0[0]'
[    2.432672] i2c i2c-0: using lookup tables for GPIO lookup
[    2.432686] i2c i2c-0: No GPIO consumer scl found
[    2.432711] i2c i2c-0: using DT '/ocp/interconnect@44c00000/segment@200000/target-module@b000/i2c@0' for 'sda' GPIO lookup
[    2.432750] of_get_named_gpiod_flags: can't parse 'sda-gpios' property of node '/ocp/interconnect@44c00000/segment@200000/target-module@b000/i2c@0[0]'
[    2.432791] of_get_named_gpiod_flags: can't parse 'sda-gpio' property of node '/ocp/interconnect@44c00000/segment@200000/target-module@b000/i2c@0[0]'
[    2.432826] i2c i2c-0: using lookup tables for GPIO lookup
[    2.432837] i2c i2c-0: No GPIO consumer sda found
[    2.452223] tps65217-pmic: Failed to locate of_node [id: -1]
[    2.458286] tps65217-bl: Failed to locate of_node [id: -1]
[    2.465762] platform tps65217-charger: DMA mask not set
[    2.473111] platform tps65217-pwrbutton: DMA mask not set
[    2.480932] tps65217 0-0024: TPS65217 ID 0xe version 1.2
[    2.487065] /ocp/interconnect@48000000/segment@300000/target-module@e000/lcdc@0: Fixed dependency cycle(s) with /ocp/interconnect@44c00000/segment@200000/target-module@b000/i2c@0/tda19988@70
[    2.504439] /ocp/interconnect@44c00000/segment@200000/target-module@b000/i2c@0/tda19988@70: Fixed dependency cycle(s) with /ocp/interconnect@48000000/segment@300000/target-module@e000/lcdc@0
[    2.521821] omap_i2c 44e0b000.i2c: bus 0 rev0.11 at 400 kHz
[    2.529533] sdhci-omap 48060000.mmc: using DT '/ocp/interconnect@48000000/segment@0/target-module@60000/mmc@0' for 'cd' GPIO lookup
[    2.529637] of_get_named_gpiod_flags: parsed 'cd-gpios' property of node '/ocp/interconnect@48000000/segment@0/target-module@60000/mmc@0[0]' - status (0)
[    2.529707] gpio gpiochip3: Persistence not supported for GPIO 6
[    2.529734] omap_gpio 44e07000.gpio: Could not set line 6 debounce to 200000 microseconds (-22)
[    2.538602] sdhci-omap 48060000.mmc: Got CD GPIO
[    2.543281] sdhci-omap 48060000.mmc: using DT '/ocp/interconnect@48000000/segment@0/target-module@60000/mmc@0' for 'wp' GPIO lookup
[    2.543331] of_get_named_gpiod_flags: can't parse 'wp-gpios' property of node '/ocp/interconnect@48000000/segment@0/target-module@60000/mmc@0[0]'
[    2.543375] of_get_named_gpiod_flags: can't parse 'wp-gpio' property of node '/ocp/interconnect@48000000/segment@0/target-module@60000/mmc@0[0]'
[    2.543413] sdhci-omap 48060000.mmc: using lookup tables for GPIO lookup
[    2.543427] sdhci-omap 48060000.mmc: No GPIO consumer wp found
[    2.543642] sdhci-omap 48060000.mmc: supply pbias not found, using dummy regulator
[    2.552460] sdhci-omap 481d8000.mmc: using DT '/ocp/interconnect@48000000/segment@100000/target-module@d8000/mmc@0' for 'wp' GPIO lookup
