Labgrid Console Logfile for main
Logfile started at 2025-08-20 21:26:01.917818
=== Log starts here ===
reading args
spl_load_image_fat_os: error reading image args, err - -1
reading u-boot.img
reading u-boot.img


U-Boot 2014.04-00014-g47880f5 (Apr 22 2014 - 13:23:54)

I2C:   ready
DRAM:  512 MiB
NAND:  0 MiB
MMC:   OMAP SD/MMC: 0, OMAP SD/MMC: 1
*** Warning - readenv() failed, using default environment

Net:   <ethaddr> not set. Validating first E-fuse MAC
Could not get PHY for cpsw: addr 0
cpsw, usb_ether
Hit any key to stop autoboot:  1  0 
gpio: pin 53 (gpio 53) value is 1
mmc0 is current device
gpio: pin 54 (gpio 54) value is 1
SD/MMC found on device 0
reading uEnv.txt
569 bytes read in 4 ms (138.7 KiB/s)
gpio: pin 55 (gpio 55) value is 1
Loaded environment from uEnv.txt
Importing environment from mmc ...
Checking if uenvcmd is set ...
gpio: pin 56 (gpio 56) value is 1
Running uenvcmd ...
Using cpsw device
TFTP from server 192.168.255.126; our IP address is 192.168.255.1
Filename 'zImage'.
Load address: 0x81000000
Loading: *T T T T T T T T T T T T T T T T T T T Labgrid Console Logfile for main
Logfile started at 2025-08-20 21:27:43.127246
=== Log starts here ===
reading args
spl_load_image_fat_os: error reading image args, err - -1
reading u-boot.img
reading u-boot.img


U-Boot 2014.04-00014-g47880f5 (Apr 22 2014 - 13:23:54)

I2C:   ready
DRAM:  512 MiB
NAND:  0 MiB
MMC:   OMAP SD/MMC: 0, OMAP SD/MMC: 1
*** Warning - readenv() failed, using default environment

Net:   <ethaddr> not set. Validating first E-fuse MAC
cpsw, usb_ether
Hit any key to stop autoboot:  1  0 
gpio: pin 53 (gpio 53) value is 1
mmc0 is current device
gpio: pin 54 (gpio 54) value is 1
SD/MMC found on device 0
reading uEnv.txt
569 bytes read in 4 ms (138.7 KiB/s)
gpio: pin 55 (gpio 55) value is 1
Loaded environment from uEnv.txt
Importing environment from mmc ...
Checking if uenvcmd is set ...
gpio: pin 56 (gpio 56) value is 1
Running uenvcmd ...
cpsw Waiting for PHY auto negotiation to complete. done
link up on port 0, speed 100, full duplex
Using cpsw device
TFTP from server 192.168.255.126; our IP address is 192.168.255.1
Filename 'zImage'.
Load address: 0x81000000
Loading: *T #################################################################
	 #################################################################
	 #################################################################
	 #################################################################
	 #################################################################
	 ##########################################################
	 756.8 KiB/s
done
Bytes transferred = 5617016 (55b578 hex)
link up on port 0, speed 100, full duplex
Using cpsw device
TFTP from server 192.168.255.126; our IP address is 192.168.255.1
Filename 'am335x-boneblack.dtb'.
Load address: 0x82000000
Loading: *#######
	 2.1 MiB/s
done
Bytes transferred = 98244 (17fc4 hex)
Kernel image @ 0x81000000 [ 0x000000 - 0x55b578 ]
## Flattened Device Tree blob at 82000000
   Booting using the fdt blob at 0x82000000
   Using Device Tree in place at 82000000, end 8201afc3

Starting kernel ...

[    0.000000] Booting Linux on physical CPU 0x0
[    0.000000] Linux version 6.16.2-90806-g5c40cd7db64a (user01@drvtest01) (arm-none-eabi-gcc (Arm GNU Toolchain 14.2.Rel1 (Build arm-14.52)) 14.2.1 20241119, GNU ld (Arm GNU Toolchain 14.2.Rel1 (Build arm-14.52)) 2.43.1.20241119) #1 SMP Wed Aug 20 21:20:36 EEST 2025
[    0.000000] CPU: ARMv7 Processor [413fc082] revision 2 (ARMv7), cr=10c5387d
[    0.000000] CPU: PIPT / VIPT nonaliasing data cache, VIPT aliasing instruction cache
[    0.000000] OF: fdt: Machine model: TI AM335x BeagleBone Black
[    0.000000] Memory policy: Data cache writeback
[    0.000000] cma: Reserved 16 MiB at 0x9e800000
[    0.000000] Zone ranges:
[    0.000000]   Normal   [mem 0x0000000080000000-0x000000009fdfffff]
[    0.000000]   HighMem  empty
[    0.000000] Movable zone start for each node
[    0.000000] Early memory node ranges
[    0.000000]   node   0: [mem 0x0000000080000000-0x000000009fdfffff]
[    0.000000] Initmem setup node 0 [mem 0x0000000080000000-0x000000009fdfffff]
[    0.000000] On node 0, zone Normal: 512 pages in unavailable ranges
[    0.000000] OF: reserved mem: Reserved memory: No reserved-memory node in the DT
[    0.000000] CPU: All CPU(s) started in SVC mode.
[    0.000000] AM335X ES2.1 (sgx neon)
[    0.000000] percpu: Embedded 17 pages/cpu s39820 r8192 d21620 u69632
[    0.000000] Kernel command line: console=ttyO0,115200n8 root=/dev/nfs rw nfsroot=192.168.255.126:/home/user01/nfs,nfsvers=3 ip=192.168.255.1:192.168.255.126::255.255.255.0:bbb1:eth0 nfsrootdebug
[    0.000000] Unknown kernel command line parameters "nfsrootdebug", will be passed to user space.
[    0.000000] printk: log buffer data + meta data: 65536 + 204800 = 270336 bytes
[    0.000000] Dentry cache hash table entries: 65536 (order: 6, 262144 bytes, linear)
[    0.000000] Inode-cache hash table entries: 32768 (order: 5, 131072 bytes, linear)
[    0.000000] Built 1 zonelists, mobility grouping on.  Total pages: 130560
[    0.000000] mem auto-init: stack:off, heap alloc:off, heap free:off
[    0.000000] SLUB: HWalign=16, Order=0-3, MinObjects=0, CPUs=1, Nodes=1
[    0.000000] rcu: Hierarchical RCU implementation.
[    0.000000] rcu: 	RCU event tracing is enabled.
[    0.000000] rcu: 	RCU restricting CPUs from NR_CPUS=2 to nr_cpu_ids=1.
[    0.000000] 	Tracing variant of Tasks RCU enabled.
[    0.000000] rcu: RCU calculated value of scheduler-enlistment delay is 10 jiffies.
[    0.000000] rcu: Adjusting geometry for rcu_fanout_leaf=16, nr_cpu_ids=1
[    0.000000] RCU Tasks Trace: Setting shift to 0 and lim to 1 rcu_task_cb_adjust=1 rcu_task_cpu_ids=1.
[    0.000000] NR_IRQS: 16, nr_irqs: 16, preallocated irqs: 16
[    0.000000] IRQ: Found an INTC at 0x(ptrval) (revision 5.0) with 128 interrupts
[    0.000000] rcu: srcu_init: Setting srcu_struct sizes based on contention.
[    0.000000] TI gptimer clocksource: always-on /ocp/interconnect@44c00000/segment@200000/target-module@31000
[    0.000003] sched_clock: 32 bits at 24MHz, resolution 41ns, wraps every 89478484971ns
[    0.000026] clocksource: dmtimer: mask: 0xffffffff max_cycles: 0xffffffff, max_idle_ns: 79635851949 ns
[    0.000513] TI gptimer clockevent: 24000000 Hz at /ocp/interconnect@48000000/segment@0/target-module@40000
[    0.002153] Console: colour dummy device 80x30
[    0.002218] WARNING: Your 'console=ttyO0' has been replaced by 'ttyS0'
[    0.002225] This ensures that you still see kernel messages. Please
[    0.002230] update your kernel commandline.
[    0.002271] Calibrating delay loop... 996.14 BogoMIPS (lpj=4980736)
[    0.090561] CPU: Testing write buffer coherency: ok
[    0.090673] CPU0: Spectre v2: using BPIALL workaround
[    0.090683] pid_max: default: 32768 minimum: 301
[    0.090839] LSM: initializing lsm=capability
[    0.091023] Mount-cache hash table entries: 1024 (order: 0, 4096 bytes, linear)
[    0.091041] Mountpoint-cache hash table entries: 1024 (order: 0, 4096 bytes, linear)
[    0.092676] CPU0: thread -1, cpu 0, socket -1, mpidr 0
[    0.092735] cacheinfo: Unable to detect cache hierarchy for CPU 0
[    0.094759] Setting up static identity map for 0x80100000 - 0x80100078
[    0.095082] rcu: Hierarchical SRCU implementation.
[    0.095093] rcu: 	Max phase no-delay instances is 1000.
[    0.096821] smp: Bringing up secondary CPUs ...
[    0.096874] smp: Brought up 1 node, 1 CPU
[    0.096887] SMP: Total of 1 processors activated (996.14 BogoMIPS).
[    0.096898] CPU: All CPU(s) started in SVC mode.
[    0.097086] Memory: 480820K/522240K available (11264K kernel code, 1220K rwdata, 2924K rodata, 1024K init, 288K bss, 23388K reserved, 16384K cma-reserved, 0K highmem)
[    0.097918] devtmpfs: initialized
[    0.115305] VFP support v0.3: implementor 41 architecture 3 part 30 variant c rev 3
[    0.115932] clocksource: jiffies: mask: 0xffffffff max_cycles: 0xffffffff, max_idle_ns: 19112604462750000 ns
[    0.115989] posixtimers hash table entries: 512 (order: 0, 4096 bytes, linear)
[    0.116013] futex hash table entries: 256 (16384 bytes on 1 NUMA nodes, total 16 KiB, linear).
[    0.117152] pinctrl core: initialized pinctrl subsystem
[    0.119208] NET: Registered PF_NETLINK/PF_ROUTE protocol family
[    0.122304] DMA: preallocated 256 KiB pool for atomic coherent allocations
[    0.123262] audit: initializing netlink subsys (disabled)
[    0.124618] thermal_sys: Registered thermal governor 'fair_share'
[    0.124633] thermal_sys: Registered thermal governor 'step_wise'
[    0.124643] thermal_sys: Registered thermal governor 'user_space'
[    0.124751] audit: type=2000 audit(0.120:1): state=initialized audit_enabled=0 res=1
[    0.124826] cpuidle: using governor menu
[    0.142712] /ocp/interconnect@44c00000/segment@200000/target-module@b000/i2c@0/tda19988@70: Fixed dependency cycle(s) with /ocp/interconnect@48000000/segment@300000/target-module@e000/lcdc@0
[    0.143826] /ocp/interconnect@48000000/segment@300000/target-module@e000/lcdc@0: Fixed dependency cycle(s) with /ocp/interconnect@44c00000/segment@200000/target-module@b000/i2c@0/tda19988@70
[    0.146020] No ATAGs?
[    0.146061] hw-breakpoint: debug architecture 0x4 unsupported.
[    0.148781] kprobes: kprobe jump-optimization is enabled. All kprobes are optimized if possible.
[    0.154108] iommu: Default domain type: Translated
[    0.154129] iommu: DMA domain TLB invalidation policy: strict mode
[    0.161464] SCSI subsystem initialized
[    0.162317] pps_core: LinuxPPS API ver. 1 registered
[    0.162327] pps_core: Software ver. 5.3.6 - Copyright 2005-2007 Rodolfo Giometti <giometti@linux.it>
[    0.162351] PTP clock support registered
[    0.171459] vgaarb: loaded
[    0.171836] clocksource: Switched to clocksource dmtimer
[    0.172503] VFS: Disk quotas dquot_6.6.0
[    0.172561] VFS: Dquot-cache hash table entries: 1024 (order 0, 4096 bytes)
[    0.196962] NET: Registered PF_INET protocol family
[    0.197311] IP idents hash table entries: 8192 (order: 4, 65536 bytes, linear)
[    0.198740] tcp_listen_portaddr_hash hash table entries: 512 (order: 0, 4096 bytes, linear)
[    0.198778] Table-perturb hash table entries: 65536 (order: 6, 262144 bytes, linear)
[    0.198799] TCP established hash table entries: 4096 (order: 2, 16384 bytes, linear)
[    0.198844] TCP bind hash table entries: 4096 (order: 4, 65536 bytes, linear)
[    0.198944] TCP: Hash tables configured (established 4096 bind 4096)
[    0.199060] UDP hash table entries: 256 (order: 1, 14336 bytes, linear)
[    0.199096] UDP-Lite hash table entries: 256 (order: 1, 14336 bytes, linear)
[    0.199286] NET: Registered PF_UNIX/PF_LOCAL protocol family
[    0.200592] RPC: Registered named UNIX socket transport module.
[    0.200611] RPC: Registered udp transport module.
[    0.200616] RPC: Registered tcp transport module.
[    0.200621] RPC: Registered tcp-with-tls transport module.
[    0.200626] RPC: Registered tcp NFSv4.1 backchannel transport module.
[    0.200650] PCI: CLS 0 bytes, default 64
[    0.202176] Initialise system trusted keyrings
[    0.212892] workingset: timestamp_bits=14 max_order=17 bucket_order=3
[    0.214284] NFS: Registering the id_resolver key type
[    0.214352] Key type id_resolver registered
[    0.214359] Key type id_legacy registered
[    0.214464] jffs2: version 2.2. (NAND) (SUMMARY)  Â© 2001-2006 Red Hat, Inc.
[    0.214933] Key type asymmetric registered
[    0.214946] Asymmetric key parser 'x509' registered
[    0.215018] io scheduler mq-deadline registered
[    0.215029] io scheduler kyber registered
[    0.215107] io scheduler bfq registered
[    0.216986] target-module@4b000000:target-module@140000:pmu@0:fck: device ID is greater than 24
[    0.223157] l3-aon-clkctrl:0000:0: failed to disable
[    0.232437] ledtrig-cpu: registered to indicate activity on CPUs
[    0.235282] Serial: 8250/16550 driver, 6 ports, IRQ sharing enabled
[    0.277041] brd: module loaded
[    0.299246] loop: module loaded
[    0.300163] mtdoops: mtd device (mtddev=name/number) must be supplied
[    0.303430] i2c_dev: i2c /dev entries driver
[    0.304428] cpuidle: enable-method property 'ti,am3352' found operations
[    0.304868] sdhci: Secure Digital Host Controller Interface driver
[    0.304876] sdhci: Copyright(c) Pierre Ossman
[    0.305047] sdhci-pltfm: SDHCI platform and OF driver helper
[    0.306507] hw perfevents: enabled with armv7_cortex_a8 PMU driver, 5 (8000000f) counters available
[    0.307026] Initializing XFRM netlink socket
[    0.307209] NET: Registered PF_INET6 protocol family
[    0.312864] l3-aon-clkctrl:0000:0: failed to disable
[    0.327380] Segment Routing with IPv6
[    0.327470] In-situ OAM (IOAM) with IPv6
[    0.327567] sit: IPv6, IPv4 and MPLS over IPv4 tunneling driver
[    0.328513] NET: Registered PF_PACKET protocol family
[    0.328542] NET: Registered PF_KEY protocol family
[    0.328657] Key type dns_resolver registered
[    0.328886] ThumbEE CPU extension supported.
[    0.328907] Registering SWP/SWPB emulation handler
[    0.329444] omap_voltage_late_init: Voltage driver support not added
[    0.330135] SmartReflex Class3 initialized
[    0.361972] Loading compiled-in X.509 certificates
[    0.409253] /ocp/interconnect@44c00000/segment@200000/target-module@b000/i2c@0/tda19988@70: Fixed dependency cycle(s) with /ocp/interconnect@48000000/segment@300000/target-module@e000/lcdc@0
[    0.415889] /ocp/interconnect@44c00000/segment@200000/target-module@b000/i2c@0/tda19988@70: Fixed dependency cycle(s) with /ocp/interconnect@48000000/segment@300000/target-module@e000/lcdc@0
[    0.438734] /ocp/interconnect@44c00000/segment@200000/target-module@b000/i2c@0/tda19988@70: Fixed dependency cycle(s) with /ocp/interconnect@48000000/segment@300000/target-module@e000/lcdc@0
[    0.439619] /ocp/interconnect@44c00000/segment@200000/target-module@b000/i2c@0/tda19988@70: Fixed dependency cycle(s) with /ocp/interconnect@48000000/segment@300000/target-module@e000/lcdc@0
[    0.443503] /ocp/interconnect@44c00000/segment@200000/target-module@10000/scm@0/pinmux@800: Fixed dependency cycle(s) with /ocp/interconnect@44c00000/segment@200000/target-module@10000/scm@0/pinmux@800/clkout2-pins
[    0.444101] pinctrl-single 44e10800.pinmux: 142 pins, size 568
[    0.449428] ti-sysc 44e31000.target-module: probe with driver ti-sysc failed with error -16
[    0.475604] /ocp/interconnect@48000000/segment@300000/target-module@e000/lcdc@0: Fixed dependency cycle(s) with /ocp/interconnect@44c00000/segment@200000/target-module@b000/i2c@0/tda19988@70
[    0.484038] ti-sysc 48040000.target-module: probe with driver ti-sysc failed with error -16
[    0.541103] OMAP GPIO hardware version 0.1
[    0.569428] omap_i2c 4819c000.i2c: bus 2 rev0.11 at 100 kHz
[    0.604104] 48000000.interconnect:segment@200000:target-module@0:mpu@0:fck: device ID is greater than 24
[    0.605012] /ocp/interconnect@48000000/segment@300000/target-module@e000/lcdc@0: Fixed dependency cycle(s) with /ocp/interconnect@44c00000/segment@200000/target-module@b000/i2c@0/tda19988@70
[    0.607870] /ocp/interconnect@48000000/segment@300000/target-module@e000/lcdc@0: Fixed dependency cycle(s) with /ocp/interconnect@44c00000/segment@200000/target-module@b000/i2c@0/tda19988@70
[    0.608591] /ocp/interconnect@44c00000/segment@200000/target-module@b000/i2c@0/tda19988@70: Fixed dependency cycle(s) with /ocp/interconnect@48000000/segment@300000/target-module@e000/lcdc@0
[    0.608750] /ocp/interconnect@48000000/segment@300000/target-module@e000/lcdc@0: Fixed dependency cycle(s) with /ocp/interconnect@44c00000/segment@200000/target-module@b000/i2c@0/tda19988@70
[    0.619985] sdhci-omap 481d8000.mmc: supply pbias not found, using dummy regulator
[    0.620473] sdhci-omap 481d8000.mmc: supply vqmmc not found, using dummy regulator
[    0.678923] davinci_mdio 4a101000.mdio: davinci mdio revision 1.6, bus freq 1000000
[    0.825643] davinci_mdio 4a101000.mdio: phy[0]: device 4a101000.mdio:00, driver SMSC LAN8710/LAN8720
[    0.826412] cpsw-switch 4a100000.switch: initialized cpsw ale version 1.4
[    0.826435] cpsw-switch 4a100000.switch: ALE Table size 1024, Policers 0
[    0.826590] cpsw-switch 4a100000.switch: cpts: overflow check period 500 (jiffies)
[    0.826606] cpsw-switch 4a100000.switch: CPTS: ref_clk_freq:250000000 calc_mult:2147483648 calc_shift:29 error:0 nsec/sec
[    0.826718] cpsw-switch 4a100000.switch: Detected MACID = 6c:ec:eb:68:de:78
[    0.828545] cpsw-switch 4a100000.switch: initialized (regs 0x4a100000, pool size 256) hw_ver:0019010C 1.12 (0)
[    0.839602] debugfs: Directory '49000000.dma' with parent 'dmaengine' already present!
[    0.839643] edma 49000000.dma: TI EDMA DMA engine driver
[    0.899946] 44e09000.serial: ttyS0 at MMIO 0x44e09000 (irq = 34, base_baud = 3000000) is a 8250
[    0.900037] printk: legacy console [ttyS0] enabled
[    2.382814] tps65217-pmic: Failed to locate of_node [id: -1]
[    2.388883] tps65217-bl: Failed to locate of_node [id: -1]
[    2.394915] platform tps65217-charger: DMA mask not set
[    2.400967] platform tps65217-pwrbutton: DMA mask not set
[    2.408309] tps65217 0-0024: TPS65217 ID 0xe version 1.2
[    2.414451] /ocp/interconnect@48000000/segment@300000/target-module@e000/lcdc@0: Fixed dependency cycle(s) with /ocp/interconnect@44c00000/segment@200000/target-module@b000/i2c@0/tda19988@70
[    2.431853] /ocp/interconnect@44c00000/segment@200000/target-module@b000/i2c@0/tda19988@70: Fixed dependency cycle(s) with /ocp/interconnect@48000000/segment@300000/target-module@e000/lcdc@0
[    2.449198] omap_i2c 44e0b000.i2c: bus 0 rev0.11 at 400 kHz
[    2.457085] omap_gpio 44e07000.gpio: Could not set line 6 debounce to 200000 microseconds (-22)
[    2.466004] sdhci-omap 48060000.mmc: Got CD GPIO
[    2.471016] sdhci-omap 48060000.mmc: supply pbias not found, using dummy regulator
[    2.480928] sdhci-omap 48060000.mmc: supply vqmmc not found, using dummy regulator
[    2.490051] sdhci-omap 481d8000.mmc: supply pbias not found, using dummy regulator
[    2.499702] sdhci-omap 481d8000.mmc: supply vqmmc not found, using dummy regulator
[    2.535764] mmc0: SDHCI controller on 48060000.mmc [48060000.mmc] using External DMA
[    2.544077] mmc1: SDHCI controller on 481d8000.mmc [481d8000.mmc] using External DMA
[    2.552846] cpsw-switch 4a100000.switch: starting ndev. mode: dual_mac
[    2.622234] mmc1: new high speed MMC card at address 0001
[    2.629067] mmcblk1: mmc1:0001 MMC04G 3.60 GiB
[    2.637000]  mmcblk1: p1 p2
[    2.640780] SMSC LAN8710/LAN8720 4a101000.mdio:00: attached PHY driver (mii_bus:phy_addr=4a101000.mdio:00, irq=POLL)
[    2.653344] mmcblk1boot0: mmc1:0001 MMC04G 2.00 MiB
[    2.667180] mmcblk1boot1: mmc1:0001 MMC04G 2.00 MiB
[    2.676182] mmcblk1rpmb: mmc1:0001 MMC04G 128 KiB, chardev (250:0)
[    2.724980] mmc0: new high speed SDHC card at address aaaa
[    2.731795] mmcblk0: mmc0:aaaa SE32G 29.7 GiB
[    2.740984]  mmcblk0: p1 p2
[    5.762633] cpsw-switch 4a100000.switch eth0: Link is Up - 100Mbps/Full - flow control off
[    5.802085] IP-Config: Complete:
[    5.805362]      device=eth0, hwaddr=6c:ec:eb:68:de:78, ipaddr=192.168.255.1, mask=255.255.255.0, gw=255.255.255.255
[    5.816021]      host=bbb1, domain=, nis-domain=(none)
[    5.821190]      bootserver=192.168.255.126, rootserver=192.168.255.126, rootpath=
[    5.821611] clk: Disabling unused clocks
[    5.833460] PM: genpd: Disabling unused power domains
[    5.838577] KTAP version 1
[    5.841298] 1..0
[    5.866169] VFS: Mounted root (nfs filesystem) on device 0:17.
[    5.873399] devtmpfs: mounted
[    5.877897] Freeing unused kernel image (initmem) memory: 1024K
[    5.884714] Run /sbin/init as init process
[    6.579730] systemd[1]: System time before build time, advancing clock.
[    8.041858] random: crng init done
[    8.054468] systemd[1]: systemd 232 running in system mode. (+PAM +AUDIT +SELINUX +IMA +APPARMOR +SMACK +SYSVINIT +UTMP +LIBCRYPTSETUP +GCRYPT +GNUTLS +ACL +XZ +LZ4 +SECCOMP +BLKID +ELFUTILS +KMOD +IDN)
[    8.073577] systemd[1]: Detected architecture arm.

Welcome to [1mDebian GNU/Linux 9 (stretch)[0m!

[    8.104961] systemd[1]: Set hostname to <arm>.
[    9.204872] systemd[1]: Started Forward Password Requests to Wall Directory Watch.
[[0;32m  OK  [0m] Started Forward Password Requests to Wall Directory Watch.
[    9.233681] systemd[1]: systemd-journald-dev-log.socket: SO_PASSSEC failed: Operation not supported
[    9.243325] systemd[1]: Listening on Journal Socket (/dev/log).
[[0;32m  OK  [0m] Listening on Journal Socket (/dev/log).
[    9.272242] systemd[1]: Reached target Remote File Systems.
[[0;32m  OK  [0m] Reached target Remote File Systems.
[    9.303898] systemd[1]: Listening on /dev/initctl Compatibility Named Pipe.
[[0;32m  OK  [0m] Listening on /dev/initctl Compatibility Named Pipe.
[    9.332551] systemd[1]: Listening on udev Kernel Socket.
[[0;32m  OK  [0m] Listening on udev Kernel Socket.
[    9.363385] systemd[1]: Created slice User and Session Slice.
[[0;32m  OK  [0m] Created slice User and Session Slice.
[[0;32m  OK  [0m] Set up automount Arbitrary Executabâ€¦rmats File System Automount Point.
[[0;32m  OK  [0m] Listening on udev Control Socket.
[[0;32m  OK  [0m] Reached target Swap.
[[0;32m  OK  [0m] Listening on Journal Socket.
[[0;32m  OK  [0m] Listening on Syslog Socket.
[[0;32m  OK  [0m] Created slice System Slice.
         Mounting Debug File System...
[[0;32m  OK  [0m] Created slice system-getty.slice.
[[0;32m  OK  [0m] Reached target Slices.
         Starting Load Kernel Modules...
[[0;32m  OK  [0m] Created slice system-serial\x2dgetty.slice.
         Starting Create list of required stâ€¦ce nodes for the current kernel...
[[0;32m  OK  [0m] Listening on Journal Audit Socket.
         Starting Journal Service...
         Mounting POSIX Message Queue File System...
         Starting Remount Root and Kernel File Systems...
[[0;32m  OK  [0m] Started Dispatch Password Requests to Console Directory Watch.
[[0;32m  OK  [0m] Reached target Paths.
[[0;32m  OK  [0m] Reached target Encrypted Volumes.
[[0;32m  OK  [0m] Mounted Debug File System.
[[0;32m  OK  [0m] Mounted POSIX Message Queue File System.
[[0;32m  OK  [0m] Started Load Kernel Modules.
[[0;32m  OK  [0m] Started Create list of required staâ€¦vice nodes for the current kernel.
         Starting Create Static Device Nodes in /dev...
         Mounting Configuration File System...
         Starting Apply Kernel Variables...
[[0;32m  OK  [0m] Started Remount Root and Kernel File Systems.
         Starting udev Coldplug all Devices...
         Starting Load/Save Random Seed...
[[0;32m  OK  [0m] Mounted Configuration File System.
[[0;32m  OK  [0m] Started Apply Kernel Variables.
[[0;32m  OK  [0m] Started Load/Save Random Seed.
[[0;32m  OK  [0m] Started Create Static Device Nodes in /dev.
         Starting udev Kernel Device Manager...
[[0;32m  OK  [0m] Reached target Local File Systems (Pre).
[[0;32m  OK  [0m] Reached target Local File Systems.
         Starting Raise network interfaces...
[[0;32m  OK  [0m] Started Journal Service.
         Starting Flush Journal to Persistent Storage...
[   11.634516] systemd-journald[85]: Received request to flush runtime journal from PID 1
[[0;32m  OK  [0m] Started Flush Journal to Persistent Storage.
         Starting Create Volatile Files and Directories...
[[0;32m  OK  [0m] Started udev Kernel Device Manager.
[[0;32m  OK  [0m] Started Create Volatile Files and Directories.
         Starting Update UTMP about System Boot/Shutdown...
         Starting Network Time Synchronization...
[[0;32m  OK  [0m] Started Update UTMP about System Boot/Shutdown.
[[0;32m  OK  [0m] Started udev Coldplug all Devices.
[   14.660194] remoteproc remoteproc0: wkup_m3 is available
[   14.801216] at24 2-0054: supply vcc not found, using dummy regulator
[   14.925979] at24 2-0055: supply vcc not found, using dummy regulator
[   15.019317] at24 2-0056: supply vcc not found, using dummy regulator
[   15.135472] at24 2-0057: supply vcc not found, using dummy regulator
[[0;32m  OK  [0m] Found device /dev/ttyS0.
[   15.261764] at24 0-0050: 32768 byte 24c256 EEPROM, writable, 1 bytes/write
[[0;32m  OK  [0m] Started Network Time Synchronization.
[   15.445230] input: tps65217_pwrbutton as /devices/platform/ocp/44c00000.interconnect/44c00000.interconnect:segment@200000/44e0b000.target-module/44e0b000.i2c/i2c-0/0-0024/tps65217-pwrbutton/input/input0
[   15.682718] omap_rtc 44e3e000.rtc: registered as rtc0
[   15.687999] omap_rtc 44e3e000.rtc: setting system clock to 2000-01-01T00:00:00 UTC (946684800)
[   15.698907] omap_wdt: OMAP Watchdog Timer Rev 0x01: initial timeout 60 sec
[[0;32m  OK  [0m] Reached target System Initialization.
[[0;32m  OK  [0m] Listening on Avahi mDNS/DNS-SD Stack Activation Socket.
[[0;32m  OK  [0m] Listening on D-Bus System Message Bus Socket.
[[0;32m  OK  [0m] Reached target Sockets.
[[0;32m  OK  [0m] Reached target Basic System.
[   16.077416] am335x-phy-driver 47401300.usb-phy: dummy supplies not allowed for exclusive requests (id=vbus)
[[0;32m  OK  [0m] Started D-Bus System Message Bus.
[   16.298845] am335x-phy-driver 47401b00.usb-phy: dummy supplies not allowed for exclusive requests (id=vbus)
[   16.550859] usbcore: registered new interface driver usbfs
[   16.556724] usbcore: registered new interface driver hub
[   16.562263] usbcore: registered new device driver usb
[   16.878033] tda998x 0-0070: found TDA19988
[   17.187963] musb-hdrc musb-hdrc.1: MUSB HDRC host driver
[   17.193828] musb-hdrc musb-hdrc.1: new USB bus registered, assigned bus number 1
[   17.309083] usb usb1: New USB device found, idVendor=1d6b, idProduct=0002, bcdDevice= 6.16
[   17.317649] usb usb1: New USB device strings: Mfr=3, Product=2, SerialNumber=1
[   17.324993] usb usb1: Product: MUSB HDRC host driver
[   17.329989] usb usb1: Manufacturer: Linux 6.16.2-90806-g5c40cd7db64a musb-hcd
[   17.337208] usb usb1: SerialNumber: musb-hdrc.1
[   17.467245] omap-mailbox 480c8000.mailbox: omap mailbox rev 0x400
[   17.552785] remoteproc remoteproc0: powering up wkup_m3
[   17.699944] remoteproc remoteproc0: Direct firmware load for am335x-pm-firmware.elf failed with error -2
[   17.709871] remoteproc remoteproc0: request_firmware failed: -2
[   17.715963] wkup_m3_ipc 44e11324.wkup_m3_ipc: rproc_boot failed
[   17.723348] hub 1-0:1.0: USB hub found
[   17.789645] hub 1-0:1.0: 1 port detected
[   19.283234] tilcdc 4830e000.lcdc: bound 0-0070 (ops tda998x_audio_codec_init [tda998x])
[   19.404180] [drm] Initialized tilcdc 1.0.0 for 4830e000.lcdc on minor 0
[   19.482764] omap_rng 48310000.rng: Random Number Generator ver. 20
[   19.497218] tilcdc 4830e000.lcdc: [drm] Cannot find any crtc or sizes
[   19.596719] tilcdc 4830e000.lcdc: [drm] Cannot find any crtc or sizes
         Starting Connection service...
         Starting Generic Board Startup...
         Starting Login Service...
         Starting Cape Manager Service...
[   20.324301] PM: Cannot get wkup_m3_ipc handle
[   20.436701] omap-sham 53100000.sham: hw accel on OMAP rev 4.3
         Starting LSB: Load kernel modules needed to enable cpufreq scaling...
[   20.588027] omap-sham 53100000.sham: will run requests pump with realtime priority
[   20.596982] PM: Cannot get wkup_m3_ipc handle
         Starting DUN service...
         Starting Avahi mDNS/DNS-SD Stack...
         Starting System Logging Service...
[   20.867223] omap-aes 53500000.aes: OMAP AES hw accel rev: 3.2
         Starting LSB: Start busybox udhcpd at boot time...
[   21.051533] omap-aes 53500000.aes: will run requests pump with realtime priority
[   21.060347] PM: Cannot get wkup_m3_ipc handle
[[0;32m  OK  [0m] Started Regular background program processing daemon.
[[0;32m  OK  [0m] Started Daily Cleanup of Temporary Directories.
         Starting Telephony service...
[[0;32m  OK  [0m] Reached target System Time Synchronized.
[[0;32m  OK  [0m] Started Daily apt download activities.
[[0;32m  OK  [0m] Started Daily apt upgrade and clean activities.
[[0;32m  OK  [0m] Reached target Timers.
[[0;32m  OK  [0m] Started Cape Manager Service.
[[0;32m  OK  [0m] Started System Logging Service.
[   24.533746] gpio-537 (nxp,calib): gpiod_direction_output_nonotify: tried to set a GPIO tied to an IRQ as output
[   24.625108] PM: Cannot get wkup_m3_ipc handle
[   24.802630] PM: Cannot get wkup_m3_ipc handle
[   24.820558] tda9950 0-0034: TDA9950 CEC interface, hardware version 3.3
[   24.961360] PM: Cannot get wkup_m3_ipc handle
[   24.982747] Bluetooth: Core ver 2.22
[   24.986582] NET: Registered PF_BLUETOOTH protocol family
[   24.992050] Bluetooth: HCI device and connection manager initialized
[   24.998467] Bluetooth: HCI socket layer initialized
[   25.003414] Bluetooth: L2CAP socket layer initialized
[   25.008529] Bluetooth: SCO socket layer initialized
[[0;32m  OK  [0m] Started Raise network interfaces.
[[0;32m  OK  [0m] Started LSB: Start busybox udhcpd at boot time.
[[0;32m  OK  [0m] Started LSB: Load kernel modules needed to enable cpufreq scaling.
[   28.789595] configfs-gadget.g_multi gadget.0: HOST MAC 1c:ba:8c:a2:ed:6c
[   28.796591] configfs-gadget.g_multi gadget.0: MAC 1c:ba:8c:a2:ed:70
[   28.803997] configfs-gadget.g_multi gadget.0: HOST MAC 1c:ba:8c:a2:ed:6c
[   28.810759] configfs-gadget.g_multi gadget.0: MAC 1c:ba:8c:a2:ed:6d
[   28.818529] PM: Cannot get wkup_m3_ipc handle
[[0;32m  OK  [0m] Started DUN service.
[[0;32m  OK  [0m] Started Telephony service.
[[0;32m  OK  [0m] Started Connection service.
[[0;32m  OK  [0m] Started Avahi mDNS/DNS-SD Stack.
[[0;32m  OK  [0m] Started Login Service.
[[0;32m  OK  [0m] Reached target Sound Card.
         Starting LSB: set CPUFreq kernel parameters...
[[0;32m  OK  [0m] Reached target Network.
         Starting OpenBSD Secure Shell server...
         Starting Permit User Sessions...
         Starting The Apache HTTP Server...
[[0;32m  OK  [0m] Reached target Network is Online.
         Starting LSB: Advanced IEEE 802.11 management daemon...
[[0;32m  OK  [0m] Started LSB: Advanced IEEE 802.11 management daemon.
[[0;32m  OK  [0m] Started Permit User Sessions.
         Starting Hostname Service...
[[0;32m  OK  [0m] Started Getty on tty1.
[[0;32m  OK  [0m] Started Serial Getty on ttyS0.
[[0;32m  OK  [0m] Reached target Login Prompts.
         Starting WPA supplicant...
[[0;32m  OK  [0m] Started LSB: set CPUFreq kernel parameters.
[[0;32m  OK  [0m] Started Hostname Service.
[[0;32m  OK  [0m] Started WPA supplicant.
[[0;32m  OK  [0m] Started OpenBSD Secure Shell server.
         Stopping LSB: Start busybox udhcpd at boot time...
[[0;32m  OK  [0m] Stopped LSB: Start busybox udhcpd at boot time.
[[0;32m  OK  [0m] Started The Apache HTTP Server.
         Starting dnsmasq - A lightweight DHCP and caching DNS server...
[[0;32m  OK  [0m] Started dnsmasq - A lightweight DHCP and caching DNS server.
[[0;32m  OK  [0m] Reached target Host and Network Name Lookups.
[[0;32m  OK  [0m] Started Serial Getty on ttyGS0.
[[0;32m  OK  [0m] Started Generic Board Startup.
[[0;32m  OK  [0m] Reached target Multi-User System.
[[0;32m  OK  [0m] Reached target Graphical Interface.
         Starting Update UTMP about System Runlevel Changes...
[[0;32m  OK  [0m] Started Update UTMP about System Runlevel Changes.

Debian GNU/Linux 9 arm ttyS0

default username:password is [debian:temppwd]

arm login: root
Password: 
Last login: Sat Jan  1 00:00:33 UTC 2000 on ttyS0
root
Linux arm 6.16.2-90806-g5c40cd7db64a #1 SMP Wed Aug 20 21:20:36 EEST 2025 armv7l

The programs included with the Debian GNU/Linux system are free software;
the exact distribution terms for each program are described in the
individual files in /usr/share/doc/*/copyright.

Debian GNU/Linux comes with ABSOLUTELY NO WARRANTY, to the extent
permitted by applicable law.
root@arm:~# root
dmesg -n 1
-bash: root: command not found
root@arm:~# dmesg -n 1
root@arm:~# echo 'LAJQ''CYPZMS'
LAJQCYPZMS
root@arm:~# run() { echo -n "$MARKER"; sh -c "$@"; echo "$MARKER $?"; }
root@arm:~# echo 'MMZX''UBNOBG'
MMZXUBNOBG
root@arm:~# MARKER='YEJY''CMTPCO' run 'cat /proc/version'
YEJYCMTPCOLinux version 6.16.2-90806-g5c40cd7db64a (user01@drvtest01) (arm-none-eabi-gcc (Arm GNU Toolchain 14.2.Rel1 (Build arm-14.52)) 14.2.1 20241119, GNU ld (Arm GNU Toolchain 14.2.Rel1 (Build arm-14.52)) 2.43.1.20241119) #1 SMP Wed Aug 20 21:20:36 EEST 2025
YEJYCMTPCO 0
root@arm:~# echo 'JYLH''TPNCFA'
JYLHTPNCFA
root@arm:~# MARKER='XZAZ''BLUGWQ' run false
XZAZBLUGWQXZAZBLUGWQ 1
root@arm:~# Labgrid Console Logfile for main
Logfile started at 2025-08-20 21:28:44.697090
=== Log starts here ===

root@arm:~# run() { echo -n "$MARKER"; sh -c "$@"; echo "$MARKER $?"; }
root@arm:~# echo 'YTZW''TJKZME'
YTZWTJKZME
root@arm:~# MARKER='HOTM''ZNSVYB' run 'ls /iio_generic_buffer; echo $?'
HOTMZNSVYB/iio_generic_buffer
0
HOTMZNSVYB 0
root@arm:~# Labgrid Console Logfile for main
Logfile started at 2025-08-20 21:28:48.062560
=== Log starts here ===

root@arm:~# run() { echo -n "$MARKER"; sh -c "$@"; echo "$MARKER $?"; }
root@arm:~# echo 'XZAM''PZLLEC'
XZAMPZLLEC
root@arm:~# MARKER='SMJA''AYXAHK' run dmesg
SMJAAYXAHK[    0.000000] Booting Linux on physical CPU 0x0
[    0.000000] Linux version 6.16.2-90806-g5c40cd7db64a (user01@drvtest01) (arm-none-eabi-gcc (Arm GNU Toolchain 14.2.Rel1 (Build arm-14.52)) 14.2.1 20241119, GNU ld (Arm GNU Toolchain 14.2.Rel1 (Build arm-14.52)) 2.43.1.20241119) #1 SMP Wed Aug 20 21:20:36 EEST 2025
[    0.000000] CPU: ARMv7 Processor [413fc082] revision 2 (ARMv7), cr=10c5387d
[    0.000000] CPU: PIPT / VIPT nonaliasing data cache, VIPT aliasing instruction cache
[    0.000000] OF: fdt: Machine model: TI AM335x BeagleBone Black
[    0.000000] Memory policy: Data cache writeback
[    0.000000] cma: Reserved 16 MiB at 0x9e800000
[    0.000000] Zone ranges:
[    0.000000]   Normal   [mem 0x0000000080000000-0x000000009fdfffff]
[    0.000000]   HighMem  empty
[    0.000000] Movable zone start for each node
[    0.000000] Early memory node ranges
[    0.000000]   node   0: [mem 0x0000000080000000-0x000000009fdfffff]
[    0.000000] Initmem setup node 0 [mem 0x0000000080000000-0x000000009fdfffff]
[    0.000000] On node 0, zone Normal: 512 pages in unavailable ranges
[    0.000000] OF: reserved mem: Reserved memory: No reserved-memory node in the DT
[    0.000000] CPU: All CPU(s) started in SVC mode.
[    0.000000] AM335X ES2.1 (sgx neon)
[    0.000000] percpu: Embedded 17 pages/cpu s39820 r8192 d21620 u69632
[    0.000000] pcpu-alloc: s39820 r8192 d21620 u69632 alloc=17*4096
[    0.000000] pcpu-alloc: [0] 0 
[    0.000000] Kernel command line: console=ttyO0,115200n8 root=/dev/nfs rw nfsroot=192.168.255.126:/home/user01/nfs,nfsvers=3 ip=192.168.255.1:192.168.255.126::255.255.255.0:bbb1:eth0 nfsrootdebug
[    0.000000] Unknown kernel command line parameters "nfsrootdebug", will be passed to user space.
[    0.000000] printk: log buffer data + meta data: 65536 + 204800 = 270336 bytes
[    0.000000] Dentry cache hash table entries: 65536 (order: 6, 262144 bytes, linear)
[    0.000000] Inode-cache hash table entries: 32768 (order: 5, 131072 bytes, linear)
[    0.000000] Built 1 zonelists, mobility grouping on.  Total pages: 130560
[    0.000000] mem auto-init: stack:off, heap alloc:off, heap free:off
[    0.000000] SLUB: HWalign=16, Order=0-3, MinObjects=0, CPUs=1, Nodes=1
[    0.000000] rcu: Hierarchical RCU implementation.
[    0.000000] rcu: 	RCU event tracing is enabled.
[    0.000000] rcu: 	RCU restricting CPUs from NR_CPUS=2 to nr_cpu_ids=1.
[    0.000000] 	Tracing variant of Tasks RCU enabled.
[    0.000000] rcu: RCU calculated value of scheduler-enlistment delay is 10 jiffies.
[    0.000000] rcu: Adjusting geometry for rcu_fanout_leaf=16, nr_cpu_ids=1
[    0.000000] RCU Tasks Trace: Setting shift to 0 and lim to 1 rcu_task_cb_adjust=1 rcu_task_cpu_ids=1.
[    0.000000] NR_IRQS: 16, nr_irqs: 16, preallocated irqs: 16
[    0.000000] IRQ: Found an INTC at 0x(ptrval) (revision 5.0) with 128 interrupts
[    0.000000] rcu: srcu_init: Setting srcu_struct sizes based on contention.
[    0.000000] TI gptimer clocksource: always-on /ocp/interconnect@44c00000/segment@200000/target-module@31000
[    0.000003] sched_clock: 32 bits at 24MHz, resolution 41ns, wraps every 89478484971ns
[    0.000026] clocksource: dmtimer: mask: 0xffffffff max_cycles: 0xffffffff, max_idle_ns: 79635851949 ns
[    0.000513] TI gptimer clockevent: 24000000 Hz at /ocp/interconnect@48000000/segment@0/target-module@40000
[    0.002153] Console: colour dummy device 80x30
[    0.002218] WARNING: Your 'console=ttyO0' has been replaced by 'ttyS0'
[    0.002225] This ensures that you still see kernel messages. Please
[    0.002230] update your kernel commandline.
[    0.002271] Calibrating delay loop... 996.14 BogoMIPS (lpj=4980736)
[    0.090561] CPU: Testing write buffer coherency: ok
[    0.090673] CPU0: Spectre v2: using BPIALL workaround
[    0.090683] pid_max: default: 32768 minimum: 301
[    0.090839] LSM: initializing lsm=capability
[    0.091023] Mount-cache hash table entries: 1024 (order: 0, 4096 bytes, linear)
[    0.091041] Mountpoint-cache hash table entries: 1024 (order: 0, 4096 bytes, linear)
[    0.092676] CPU0: thread -1, cpu 0, socket -1, mpidr 0
[    0.092735] cacheinfo: Unable to detect cache hierarchy for CPU 0
[    0.094759] Setting up static identity map for 0x80100000 - 0x80100078
[    0.095082] rcu: Hierarchical SRCU implementation.
[    0.095093] rcu: 	Max phase no-delay instances is 1000.
[    0.096821] smp: Bringing up secondary CPUs ...
[    0.096874] smp: Brought up 1 node, 1 CPU
[    0.096887] SMP: Total of 1 processors activated (996.14 BogoMIPS).
[    0.096898] CPU: All CPU(s) started in SVC mode.
[    0.097086] Memory: 480820K/522240K available (11264K kernel code, 1220K rwdata, 2924K rodata, 1024K init, 288K bss, 23388K reserved, 16384K cma-reserved, 0K highmem)
[    0.097918] devtmpfs: initialized
[    0.115305] VFP support v0.3: implementor 41 architecture 3 part 30 variant c rev 3
[    0.115932] clocksource: jiffies: mask: 0xffffffff max_cycles: 0xffffffff, max_idle_ns: 19112604462750000 ns
[    0.115989] posixtimers hash table entries: 512 (order: 0, 4096 bytes, linear)
[    0.116013] futex hash table entries: 256 (16384 bytes on 1 NUMA nodes, total 16 KiB, linear).
[    0.117152] pinctrl core: initialized pinctrl subsystem
[    0.119208] NET: Registered PF_NETLINK/PF_ROUTE protocol family
[    0.122304] DMA: preallocated 256 KiB pool for atomic coherent allocations
[    0.123262] audit: initializing netlink subsys (disabled)
[    0.124618] thermal_sys: Registered thermal governor 'fair_share'
[    0.124633] thermal_sys: Registered thermal governor 'step_wise'
[    0.124643] thermal_sys: Registered thermal governor 'user_space'
[    0.124751] audit: type=2000 audit(0.120:1): state=initialized audit_enabled=0 res=1
[    0.124826] cpuidle: using governor menu
[    0.142712] /ocp/interconnect@44c00000/segment@200000/target-module@b000/i2c@0/tda19988@70: Fixed dependency cycle(s) with /ocp/interconnect@48000000/segment@300000/target-module@e000/lcdc@0
[    0.143826] /ocp/interconnect@48000000/segment@300000/target-module@e000/lcdc@0: Fixed dependency cycle(s) with /ocp/interconnect@44c00000/segment@200000/target-module@b000/i2c@0/tda19988@70
[    0.146020] No ATAGs?
[    0.146061] hw-breakpoint: debug architecture 0x4 unsupported.
[    0.148781] kprobes: kprobe jump-optimization is enabled. All kprobes are optimized if possible.
[    0.154108] iommu: Default domain type: Translated
[    0.154129] iommu: DMA domain TLB invalidation policy: strict mode
[    0.155689] reg-fixed-voltage fixedregulator0: using DT '/fixedregulator0' for '(default)' GPIO lookup
[    0.155743] of_get_named_gpiod_flags: can't parse 'gpios' property of node '/fixedregulator0[0]'
[    0.155773] of_get_named_gpiod_flags: can't parse 'gpio' property of node '/fixedregulator0[0]'
[    0.155790] reg-fixed-voltage fixedregulator0: using lookup tables for GPIO lookup
[    0.155800] reg-fixed-voltage fixedregulator0: No GPIO consumer (default) found
[    0.161464] SCSI subsystem initialized
[    0.161950] libata version 3.00 loaded.
[    0.162317] pps_core: LinuxPPS API ver. 1 registered
[    0.162327] pps_core: Software ver. 5.3.6 - Copyright 2005-2007 Rodolfo Giometti <giometti@linux.it>
[    0.162351] PTP clock support registered
[    0.171459] vgaarb: loaded
[    0.171836] clocksource: Switched to clocksource dmtimer
[    0.172503] VFS: Disk quotas dquot_6.6.0
[    0.172561] VFS: Dquot-cache hash table entries: 1024 (order 0, 4096 bytes)
[    0.196962] NET: Registered PF_INET protocol family
[    0.197311] IP idents hash table entries: 8192 (order: 4, 65536 bytes, linear)
[    0.198740] tcp_listen_portaddr_hash hash table entries: 512 (order: 0, 4096 bytes, linear)
[    0.198778] Table-perturb hash table entries: 65536 (order: 6, 262144 bytes, linear)
[    0.198799] TCP established hash table entries: 4096 (order: 2, 16384 bytes, linear)
[    0.198844] TCP bind hash table entries: 4096 (order: 4, 65536 bytes, linear)
[    0.198944] TCP: Hash tables configured (established 4096 bind 4096)
[    0.199060] UDP hash table entries: 256 (order: 1, 14336 bytes, linear)
[    0.199096] UDP-Lite hash table entries: 256 (order: 1, 14336 bytes, linear)
[    0.199286] NET: Registered PF_UNIX/PF_LOCAL protocol family
[    0.200592] RPC: Registered named UNIX socket transport module.
[    0.200611] RPC: Registered udp transport module.
[    0.200616] RPC: Registered tcp transport module.
[    0.200621] RPC: Registered tcp-with-tls transport module.
[    0.200626] RPC: Registered tcp NFSv4.1 backchannel transport module.
[    0.200650] PCI: CLS 0 bytes, default 64
[    0.202176] Initialise system trusted keyrings
[    0.212892] workingset: timestamp_bits=14 max_order=17 bucket_order=3
[    0.214284] NFS: Registering the id_resolver key type
[    0.214352] Key type id_resolver registered
[    0.214359] Key type id_legacy registered
[    0.214464] jffs2: version 2.2. (NAND) (SUMMARY)  Â© 2001-2006 Red Hat, Inc.
[    0.214933] Key type asymmetric registered
[    0.214946] Asymmetric key parser 'x509' registered
[    0.215018] io scheduler mq-deadline registered
[    0.215029] io scheduler kyber registered
[    0.215107] io scheduler bfq registered
[    0.216986] target-module@4b000000:target-module@140000:pmu@0:fck: device ID is greater than 24
[    0.223157] l3-aon-clkctrl:0000:0: failed to disable
[    0.232437] ledtrig-cpu: registered to indicate activity on CPUs
[    0.235282] Serial: 8250/16550 driver, 6 ports, IRQ sharing enabled
[    0.277041] brd: module loaded
[    0.299246] loop: module loaded
[    0.300163] mtdoops: mtd device (mtddev=name/number) must be supplied
[    0.302038] mdio_bus fixed-0: using lookup tables for GPIO lookup
[    0.302064] mdio_bus fixed-0: No GPIO consumer reset found
[    0.303430] i2c_dev: i2c /dev entries driver
[    0.304428] cpuidle: enable-method property 'ti,am3352' found operations
[    0.304868] sdhci: Secure Digital Host Controller Interface driver
[    0.304876] sdhci: Copyright(c) Pierre Ossman
[    0.305047] sdhci-pltfm: SDHCI platform and OF driver helper
[    0.306507] hw perfevents: enabled with armv7_cortex_a8 PMU driver, 5 (8000000f) counters available
[    0.307026] Initializing XFRM netlink socket
[    0.307209] NET: Registered PF_INET6 protocol family
[    0.312864] l3-aon-clkctrl:0000:0: failed to disable
[    0.327380] Segment Routing with IPv6
[    0.327470] In-situ OAM (IOAM) with IPv6
[    0.327567] sit: IPv6, IPv4 and MPLS over IPv4 tunneling driver
[    0.328513] NET: Registered PF_PACKET protocol family
[    0.328542] NET: Registered PF_KEY protocol family
[    0.328657] Key type dns_resolver registered
[    0.328886] ThumbEE CPU extension supported.
[    0.328907] Registering SWP/SWPB emulation handler
[    0.329444] omap_voltage_late_init: Voltage driver support not added
[    0.330135] SmartReflex Class3 initialized
[    0.361972] Loading compiled-in X.509 certificates
[    0.409253] /ocp/interconnect@44c00000/segment@200000/target-module@b000/i2c@0/tda19988@70: Fixed dependency cycle(s) with /ocp/interconnect@48000000/segment@300000/target-module@e000/lcdc@0
[    0.415889] /ocp/interconnect@44c00000/segment@200000/target-module@b000/i2c@0/tda19988@70: Fixed dependency cycle(s) with /ocp/interconnect@48000000/segment@300000/target-module@e000/lcdc@0
[    0.421383] gpiochip_find_base_unlocked: found new base at 512
[    0.438734] /ocp/interconnect@44c00000/segment@200000/target-module@b000/i2c@0/tda19988@70: Fixed dependency cycle(s) with /ocp/interconnect@48000000/segment@300000/target-module@e000/lcdc@0
[    0.439619] /ocp/interconnect@44c00000/segment@200000/target-module@b000/i2c@0/tda19988@70: Fixed dependency cycle(s) with /ocp/interconnect@48000000/segment@300000/target-module@e000/lcdc@0
[    0.443503] /ocp/interconnect@44c00000/segment@200000/target-module@10000/scm@0/pinmux@800: Fixed dependency cycle(s) with /ocp/interconnect@44c00000/segment@200000/target-module@10000/scm@0/pinmux@800/clkout2-pins
[    0.444101] pinctrl-single 44e10800.pinmux: 142 pins, size 568
[    0.449428] ti-sysc 44e31000.target-module: probe with driver ti-sysc failed with error -16
[    0.475604] /ocp/interconnect@48000000/segment@300000/target-module@e000/lcdc@0: Fixed dependency cycle(s) with /ocp/interconnect@44c00000/segment@200000/target-module@b000/i2c@0/tda19988@70
[    0.484038] ti-sysc 48040000.target-module: probe with driver ti-sysc failed with error -16
[    0.495713] gpiochip_find_base_unlocked: found new base at 512
[    0.495813] gpio gpiochip0: (gpio-0-31): created GPIO range 0->7 ==> 44e10800.pinmux PIN 0->7
[    0.495832] gpio gpiochip0: (gpio-0-31): created GPIO range 8->11 ==> 44e10800.pinmux PIN 90->93
[    0.495847] gpio gpiochip0: (gpio-0-31): created GPIO range 12->27 ==> 44e10800.pinmux PIN 12->27
[    0.495862] gpio gpiochip0: (gpio-0-31): created GPIO range 28->31 ==> 44e10800.pinmux PIN 30->33
[    0.540873] gpio gpiochip0: (gpio-0-31): added GPIO chardev (254:0)
[    0.541018] gpio gpiochip0: registered GPIOs 512 to 543 on gpio-0-31
[    0.541103] OMAP GPIO hardware version 0.1
[    0.568412] i2c i2c-2: using DT '/ocp/interconnect@48000000/segment@100000/target-module@9c000/i2c@0' for 'scl' GPIO lookup
[    0.568484] of_get_named_gpiod_flags: can't parse 'scl-gpios' property of node '/ocp/interconnect@48000000/segment@100000/target-module@9c000/i2c@0[0]'
[    0.568524] of_get_named_gpiod_flags: can't parse 'scl-gpio' property of node '/ocp/interconnect@48000000/segment@100000/target-module@9c000/i2c@0[0]'
[    0.568561] i2c i2c-2: using lookup tables for GPIO lookup
[    0.568571] i2c i2c-2: No GPIO consumer scl found
[    0.568592] i2c i2c-2: using DT '/ocp/interconnect@48000000/segment@100000/target-module@9c000/i2c@0' for 'sda' GPIO lookup
[    0.568628] of_get_named_gpiod_flags: can't parse 'sda-gpios' property of node '/ocp/interconnect@48000000/segment@100000/target-module@9c000/i2c@0[0]'
[    0.568664] of_get_named_gpiod_flags: can't parse 'sda-gpio' property of node '/ocp/interconnect@48000000/segment@100000/target-module@9c000/i2c@0[0]'
[    0.568695] i2c i2c-2: using lookup tables for GPIO lookup
[    0.568703] i2c i2c-2: No GPIO consumer sda found
[    0.569428] omap_i2c 4819c000.i2c: bus 2 rev0.11 at 100 kHz
[    0.575445] gpiochip_find_base_unlocked: found new base at 544
[    0.575548] gpio gpiochip1: (gpio-32-63): created GPIO range 0->17 ==> 44e10800.pinmux PIN 34->51
[    0.575567] gpio gpiochip1: (gpio-32-63): created GPIO range 18->21 ==> 44e10800.pinmux PIN 77->80
[    0.575583] gpio gpiochip1: (gpio-32-63): created GPIO range 22->31 ==> 44e10800.pinmux PIN 56->65
[    0.587393] gpio gpiochip1: (gpio-32-63): added GPIO chardev (254:1)
[    0.587560] gpio gpiochip1: registered GPIOs 544 to 575 on gpio-32-63
[    0.589930] gpiochip_find_base_unlocked: found new base at 576
[    0.590028] gpio gpiochip2: (gpio-64-95): created GPIO range 0->4 ==> 44e10800.pinmux PIN 66->70
[    0.590049] gpio gpiochip2: (gpio-64-95): created GPIO range 5->6 ==> 44e10800.pinmux PIN 98->99
[    0.590064] gpio gpiochip2: (gpio-64-95): created GPIO range 7->8 ==> 44e10800.pinmux PIN 75->76
[    0.590080] gpio gpiochip2: (gpio-64-95): created GPIO range 13->13 ==> 44e10800.pinmux PIN 141->141
[    0.590096] gpio gpiochip2: (gpio-64-95): created GPIO range 14->21 ==> 44e10800.pinmux PIN 100->107
[    0.598000] gpio gpiochip2: (gpio-64-95): added GPIO chardev (254:2)
[    0.598154] gpio gpiochip2: registered GPIOs 576 to 607 on gpio-64-95
[    0.604104] 48000000.interconnect:segment@200000:target-module@0:mpu@0:fck: device ID is greater than 24
[    0.605012] /ocp/interconnect@48000000/segment@300000/target-module@e000/lcdc@0: Fixed dependency cycle(s) with /ocp/interconnect@44c00000/segment@200000/target-module@b000/i2c@0/tda19988@70
[    0.607870] /ocp/interconnect@48000000/segment@300000/target-module@e000/lcdc@0: Fixed dependency cycle(s) with /ocp/interconnect@44c00000/segment@200000/target-module@b000/i2c@0/tda19988@70
[    0.608591] /ocp/interconnect@44c00000/segment@200000/target-module@b000/i2c@0/tda19988@70: Fixed dependency cycle(s) with /ocp/interconnect@48000000/segment@300000/target-module@e000/lcdc@0
[    0.608750] /ocp/interconnect@48000000/segment@300000/target-module@e000/lcdc@0: Fixed dependency cycle(s) with /ocp/interconnect@44c00000/segment@200000/target-module@b000/i2c@0/tda19988@70
[    0.618528] mdio_bus 4a101000.mdio: using DT '/ocp/interconnect@4a000000/segment@0/target-module@100000/switch@0/mdio@1000' for 'reset' GPIO lookup
[    0.618608] of_get_named_gpiod_flags: can't parse 'reset-gpios' property of node '/ocp/interconnect@4a000000/segment@0/target-module@100000/switch@0/mdio@1000[0]'
[    0.618655] of_get_named_gpiod_flags: can't parse 'reset-gpio' property of node '/ocp/interconnect@4a000000/segment@0/target-module@100000/switch@0/mdio@1000[0]'
[    0.618701] mdio_bus 4a101000.mdio: using lookup tables for GPIO lookup
[    0.618711] mdio_bus 4a101000.mdio: No GPIO consumer reset found
[    0.619654] sdhci-omap 481d8000.mmc: using DT '/ocp/interconnect@48000000/segment@100000/target-module@d8000/mmc@0' for 'wp' GPIO lookup
[    0.619711] of_get_named_gpiod_flags: can't parse 'wp-gpios' property of node '/ocp/interconnect@48000000/segment@100000/target-module@d8000/mmc@0[0]'
[    0.619752] of_get_named_gpiod_flags: can't parse 'wp-gpio' property of node '/ocp/interconnect@48000000/segment@100000/target-module@d8000/mmc@0[0]'
[    0.619785] sdhci-omap 481d8000.mmc: using lookup tables for GPIO lookup
[    0.619794] sdhci-omap 481d8000.mmc: No GPIO consumer wp found
[    0.619985] sdhci-omap 481d8000.mmc: supply pbias not found, using dummy regulator
[    0.620473] sdhci-omap 481d8000.mmc: supply vqmmc not found, using dummy regulator
[    0.678923] davinci_mdio 4a101000.mdio: davinci mdio revision 1.6, bus freq 1000000
[    0.703331] mdio_bus 4a101000.mdio:00: using DT '/ocp/interconnect@4a000000/segment@0/target-module@100000/switch@0/mdio@1000/ethernet-phy@0' for 'reset' GPIO lookup
[    0.703433] of_get_named_gpiod_flags: parsed 'reset-gpios' property of node '/ocp/interconnect@4a000000/segment@0/target-module@100000/switch@0/mdio@1000/ethernet-phy@0[0]' - status (0)
[    0.703598] gpio gpiochip0: Persistence not supported for GPIO 8
[    0.825643] davinci_mdio 4a101000.mdio: phy[0]: device 4a101000.mdio:00, driver SMSC LAN8710/LAN8720
[    0.826412] cpsw-switch 4a100000.switch: initialized cpsw ale version 1.4
[    0.826435] cpsw-switch 4a100000.switch: ALE Table size 1024, Policers 0
[    0.826590] cpsw-switch 4a100000.switch: cpts: overflow check period 500 (jiffies)
[    0.826606] cpsw-switch 4a100000.switch: CPTS: ref_clk_freq:250000000 calc_mult:2147483648 calc_shift:29 error:0 nsec/sec
[    0.826718] cpsw-switch 4a100000.switch: Detected MACID = 6c:ec:eb:68:de:78
[    0.828545] cpsw-switch 4a100000.switch: initialized (regs 0x4a100000, pool size 256) hw_ver:0019010C 1.12 (0)
[    0.839602] debugfs: Directory '49000000.dma' with parent 'dmaengine' already present!
[    0.839643] edma 49000000.dma: TI EDMA DMA engine driver
[    0.884081] gpio-clk clk_mcasp0: using DT '/clk_mcasp0' for 'enable' GPIO lookup
[    0.884160] of_get_named_gpiod_flags: parsed 'enable-gpios' property of node '/clk_mcasp0[0]' - status (0)
[    0.884202] gpio gpiochip0: Persistence not supported for GPIO 27
[    0.885088] gpiochip_find_base_unlocked: found new base at 608
[    0.885198] gpio gpiochip3: (gpio-96-127): created GPIO range 0->7 ==> 44e10800.pinmux PIN 82->89
[    0.885218] gpio gpiochip3: (gpio-96-127): created GPIO range 8->11 ==> 44e10800.pinmux PIN 52->55
[    0.885233] gpio gpiochip3: (gpio-96-127): created GPIO range 12->15 ==> 44e10800.pinmux PIN 94->97
[    0.885249] gpio gpiochip3: (gpio-96-127): created GPIO range 16->17 ==> 44e10800.pinmux PIN 71->72
[    0.885265] gpio gpiochip3: (gpio-96-127): created GPIO range 18->18 ==> 44e10800.pinmux PIN 135->135
[    0.885281] gpio gpiochip3: (gpio-96-127): created GPIO range 19->20 ==> 44e10800.pinmux PIN 108->109
[    0.885297] gpio gpiochip3: (gpio-96-127): created GPIO range 21->21 ==> 44e10800.pinmux PIN 73->73
[    0.885314] gpio gpiochip3: (gpio-96-127): created GPIO range 22->23 ==> 44e10800.pinmux PIN 8->9
[    0.885332] gpio gpiochip3: (gpio-96-127): created GPIO range 26->27 ==> 44e10800.pinmux PIN 10->11
[    0.885351] gpio gpiochip3: (gpio-96-127): created GPIO range 28->28 ==> 44e10800.pinmux PIN 74->74
[    0.885369] gpio gpiochip3: (gpio-96-127): created GPIO range 29->29 ==> 44e10800.pinmux PIN 81->81
[    0.885388] gpio gpiochip3: (gpio-96-127): created GPIO range 30->31 ==> 44e10800.pinmux PIN 28->29
[    0.897186] gpio gpiochip3: (gpio-96-127): added GPIO chardev (254:3)
[    0.897345] gpio gpiochip3: registered GPIOs 608 to 639 on gpio-96-127
[    0.899239] omap8250 44e09000.serial: using DT '/ocp/interconnect@44c00000/segment@200000/target-module@9000/serial@0' for 'rs485-term' GPIO lookup
[    0.899311] of_get_named_gpiod_flags: can't parse 'rs485-term-gpios' property of node '/ocp/interconnect@44c00000/segment@200000/target-module@9000/serial@0[0]'
[    0.899354] of_get_named_gpiod_flags: can't parse 'rs485-term-gpio' property of node '/ocp/interconnect@44c00000/segment@200000/target-module@9000/serial@0[0]'
[    0.899389] omap8250 44e09000.serial: using lookup tables for GPIO lookup
[    0.899399] omap8250 44e09000.serial: No GPIO consumer rs485-term found
[    0.899408] omap8250 44e09000.serial: using DT '/ocp/interconnect@44c00000/segment@200000/target-module@9000/serial@0' for 'rs485-rx-during-tx' GPIO lookup
[    0.899443] of_get_named_gpiod_flags: can't parse 'rs485-rx-during-tx-gpios' property of node '/ocp/interconnect@44c00000/segment@200000/target-module@9000/serial@0[0]'
[    0.899480] of_get_named_gpiod_flags: can't parse 'rs485-rx-during-tx-gpio' property of node '/ocp/interconnect@44c00000/segment@200000/target-module@9000/serial@0[0]'
[    0.899511] omap8250 44e09000.serial: using lookup tables for GPIO lookup
[    0.899519] omap8250 44e09000.serial: No GPIO consumer rs485-rx-during-tx found
[    0.899946] 44e09000.serial: ttyS0 at MMIO 0x44e09000 (irq = 34, base_baud = 3000000) is a 8250
[    0.900037] printk: legacy console [ttyS0] enabled
[    2.361385] i2c i2c-0: using DT '/ocp/interconnect@44c00000/segment@200000/target-module@b000/i2c@0' for 'scl' GPIO lookup
[    2.361472] of_get_named_gpiod_flags: can't parse 'scl-gpios' property of node '/ocp/interconnect@44c00000/segment@200000/target-module@b000/i2c@0[0]'
[    2.361518] of_get_named_gpiod_flags: can't parse 'scl-gpio' property of node '/ocp/interconnect@44c00000/segment@200000/target-module@b000/i2c@0[0]'
[    2.361557] i2c i2c-0: using lookup tables for GPIO lookup
[    2.361571] i2c i2c-0: No GPIO consumer scl found
[    2.361595] i2c i2c-0: using DT '/ocp/interconnect@44c00000/segment@200000/target-module@b000/i2c@0' for 'sda' GPIO lookup
[    2.361635] of_get_named_gpiod_flags: can't parse 'sda-gpios' property of node '/ocp/interconnect@44c00000/segment@200000/target-module@b000/i2c@0[0]'
[    2.361675] of_get_named_gpiod_flags: can't parse 'sda-gpio' property of node '/ocp/interconnect@44c00000/segment@200000/target-module@b000/i2c@0[0]'
[    2.361709] i2c i2c-0: using lookup tables for GPIO lookup
[    2.361720] i2c i2c-0: No GPIO consumer sda found
[    2.382814] tps65217-pmic: Failed to locate of_node [id: -1]
[    2.388883] tps65217-bl: Failed to locate of_node [id: -1]
[    2.394915] platform tps65217-charger: DMA mask not set
[    2.400967] platform tps65217-pwrbutton: DMA mask not set
[    2.408309] tps65217 0-0024: TPS65217 ID 0xe version 1.2
[    2.414451] /ocp/interconnect@48000000/segment@300000/target-module@e000/lcdc@0: Fixed dependency cycle(s) with /ocp/interconnect@44c00000/segment@200000/target-module@b000/i2c@0/tda19988@70
[    2.431853] /ocp/interconnect@44c00000/segment@200000/target-module@b000/i2c@0/tda19988@70: Fixed dependency cycle(s) with /ocp/interconnect@48000000/segment@300000/target-module@e000/lcdc@0
[    2.449198] omap_i2c 44e0b000.i2c: bus 0 rev0.11 at 400 kHz
[    2.456882] sdhci-omap 48060000.mmc: using DT '/ocp/interconnect@48000000/segment@0/target-module@60000/mmc@0' for 'cd' GPIO lookup
[    2.456991] of_get_named_gpiod_flags: parsed 'cd-gpios' property of node '/ocp/interconnect@48000000/segment@0/target-module@60000/mmc@0[0]' - status (0)
[    2.457058] gpio gpiochip3: Persistence not supported for GPIO 6
[    2.457085] omap_gpio 44e07000.gpio: Could not set line 6 debounce to 200000 microseconds (-22)
[    2.466004] sdhci-omap 48060000.mmc: Got CD GPIO
[    2.470659] sdhci-omap 48060000.mmc: using DT '/ocp/interconnect@48000000/segment@0/target-module@60000/mmc@0' for 'wp' GPIO lookup
[    2.470710] of_get_named_gpiod_flags: can't parse 'wp-gpios' property of node '/ocp/interconnect@48000000/segment@0/target-module@60000/mmc@0[0]'
[    2.470753] of_get_named_gpiod_flags: can't parse 'wp-gpio' property of node '/ocp/interconnect@48000000/segment@0/target-module@60000/mmc@0[0]'
[    2.470792] sdhci-omap 48060000.mmc: using lookup tables for GPIO lookup
[    2.470806] sdhci-omap 48060000.mmc: No GPIO consumer wp found
[    2.471016] sdhci-omap 48060000.mmc: supply pbias not found, using dummy regulator
[    2.479815] sdhci-omap 481d8000.mmc: using DT '/ocp/interconnect@48000000/segment@100000/target-module@d8000/mmc@0' for 'wp' GPIO lookup
[    2.479891] of_get_named_gpiod_flags: can't parse 'wp-gpios' property of node '/ocp/interconnect@48000000/segment@100000/target-module@d8000/mmc@0[0]'
[    2.479938] of_get_named_gpiod_flags: can't parse 'wp-gpio' property of node '/ocp/interconnect@48000000/segment@100000/target-module@d8000/mmc@0[0]'
[    2.479976] sdhci-omap 481d8000.mmc: using lookup tables for GPIO lookup
[    2.479989] sdhci-omap 481d8000.mmc: No GPIO consumer wp found
[    2.480928] sdhci-omap 48060000.mmc: supply vqmmc not found, using dummy regulator
[    2.490051] sdhci-omap 481d8000.mmc: supply pbias not found, using dummy regulator
[    2.499702] sdhci-omap 481d8000.mmc: supply vqmmc not found, using dummy regulator
[    2.535764] mmc0: SDHCI controller on 48060000.mmc [48060000.mmc] using External DMA
[    2.544077] mmc1: SDHCI controller on 481d8000.mmc [481d8000.mmc] using External DMA
[    2.552846] cpsw-switch 4a100000.switch: starting ndev. mode: dual_mac
[    2.622234] mmc1: new high speed MMC card at address 0001
[    2.629067] mmcblk1: mmc1:0001 MMC04G 3.60 GiB
[    2.637000]  mmcblk1: p1 p2
[    2.640780] SMSC LAN8710/LAN8720 4a101000.mdio:00: attached PHY driver (mii_bus:phy_addr=4a101000.mdio:00, irq=POLL)
[    2.653344] mmcblk1boot0: mmc1:0001 MMC04G 2.00 MiB
[    2.667180] mmcblk1boot1: mmc1:0001 MMC04G 2.00 MiB
[    2.676182] mmcblk1rpmb: mmc1:0001 MMC04G 128 KiB, chardev (250:0)
[    2.724980] mmc0: new high speed SDHC card at address aaaa
[    2.731795] mmcblk0: mmc0:aaaa SE32G 29.7 GiB
[    2.740984]  mmcblk0: p1 p2
[    5.762633] cpsw-switch 4a100000.switch eth0: Link is Up - 100Mbps/Full - flow control off
[    5.802085] IP-Config: Complete:
[    5.805362]      device=eth0, hwaddr=6c:ec:eb:68:de:78, ipaddr=192.168.255.1, mask=255.255.255.0, gw=255.255.255.255
[    5.816021]      host=bbb1, domain=, nis-domain=(none)
[    5.821190]      bootserver=192.168.255.126, rootserver=192.168.255.126, rootpath=
[    5.821611] clk: Disabling unused clocks
[    5.833460] PM: genpd: Disabling unused power domains
[    5.838577] KTAP version 1
[    5.841298] 1..0
[    5.866169] VFS: Mounted root (nfs filesystem) on device 0:17.
[    5.873399] devtmpfs: mounted
[    5.877897] Freeing unused kernel image (initmem) memory: 1024K
[    5.884714] Run /sbin/init as init process
[    5.888847]   with arguments:
[    5.888858]     /sbin/init
[    5.888868]     nfsrootdebug
[    5.888877]   with environment:
[    5.888886]     HOME=/
[    5.888895]     TERM=linux
[    6.579730] systemd[1]: System time before build time, advancing clock.
[    8.041858] random: crng init done
[    8.054468] systemd[1]: systemd 232 running in system mode. (+PAM +AUDIT +SELINUX +IMA +APPARMOR +SMACK +SYSVINIT +UTMP +LIBCRYPTSETUP +GCRYPT +GNUTLS +ACL +XZ +LZ4 +SECCOMP +BLKID +ELFUTILS +KMOD +IDN)
[    8.073577] systemd[1]: Detected architecture arm.
[    8.104961] systemd[1]: Set hostname to <arm>.
[    9.204872] systemd[1]: Started Forward Password Requests to Wall Directory Watch.
[    9.233681] systemd[1]: systemd-journald-dev-log.socket: SO_PASSSEC failed: Operation not supported
[    9.243325] systemd[1]: Listening on Journal Socket (/dev/log).
[    9.272242] systemd[1]: Reached target Remote File Systems.
[    9.303898] systemd[1]: Listening on /dev/initctl Compatibility Named Pipe.
[    9.332551] systemd[1]: Listening on udev Kernel Socket.
[    9.363385] systemd[1]: Created slice User and Session Slice.
[   11.634516] systemd-journald[85]: Received request to flush runtime journal from PID 1
[   14.329576] leds-gpio leds: using DT '/leds/led2' for '(default)' GPIO lookup
[   14.329683] of_get_named_gpiod_flags: parsed 'gpios' property of node '/leds/led2[0]' - status (0)
[   14.329742] gpio gpiochip0: Persistence not supported for GPIO 21
[   14.329757] gpio-533 (?): no flags found for GPIO (default)
[   14.392186] leds-gpio leds: using DT '/leds/led3' for '(default)' GPIO lookup
[   14.392304] of_get_named_gpiod_flags: parsed 'gpios' property of node '/leds/led3[0]' - status (0)
[   14.392363] gpio gpiochip0: Persistence not supported for GPIO 22
[   14.392378] gpio-534 (?): no flags found for GPIO (default)
[   14.424912] leds-gpio leds: using DT '/leds/led4' for '(default)' GPIO lookup
[   14.425015] of_get_named_gpiod_flags: parsed 'gpios' property of node '/leds/led4[0]' - status (0)
[   14.425068] gpio gpiochip0: Persistence not supported for GPIO 23
[   14.425083] gpio-535 (?): no flags found for GPIO (default)
[   14.452402] leds-gpio leds: using DT '/leds/led5' for '(default)' GPIO lookup
[   14.452505] of_get_named_gpiod_flags: parsed 'gpios' property of node '/leds/led5[0]' - status (0)
[   14.452556] gpio gpiochip0: Persistence not supported for GPIO 24
[   14.452571] gpio-536 (?): no flags found for GPIO (default)
[   14.660194] remoteproc remoteproc0: wkup_m3 is available
[   14.801216] at24 2-0054: supply vcc not found, using dummy regulator
[   14.925979] at24 2-0055: supply vcc not found, using dummy regulator
[   15.019317] at24 2-0056: supply vcc not found, using dummy regulator
[   15.135472] at24 2-0057: supply vcc not found, using dummy regulator
[   15.261189] at24 0-0050: using DT '/ocp/interconnect@44c00000/segment@200000/target-module@b000/i2c@0/eeprom@50' for 'wp' GPIO lookup
[   15.261307] of_get_named_gpiod_flags: can't parse 'wp-gpios' property of node '/ocp/interconnect@44c00000/segment@200000/target-module@b000/i2c@0/eeprom@50[0]'
[   15.261366] of_get_named_gpiod_flags: can't parse 'wp-gpio' property of node '/ocp/interconnect@44c00000/segment@200000/target-module@b000/i2c@0/eeprom@50[0]'
[   15.261412] at24 0-0050: using lookup tables for GPIO lookup
[   15.261426] at24 0-0050: No GPIO consumer wp found
[   15.261764] at24 0-0050: 32768 byte 24c256 EEPROM, writable, 1 bytes/write
[   15.445230] input: tps65217_pwrbutton as /devices/platform/ocp/44c00000.interconnect/44c00000.interconnect:segment@200000/44e0b000.target-module/44e0b000.i2c/i2c-0/0-0024/tps65217-pwrbutton/input/input0
[   15.682718] omap_rtc 44e3e000.rtc: registered as rtc0
[   15.687999] omap_rtc 44e3e000.rtc: setting system clock to 2000-01-01T00:00:00 UTC (946684800)
[   15.696803] omap_rtc 44e3e000.rtc: using DT '/ocp/interconnect@44c00000/segment@200000/target-module@3e000/rtc@0' for 'wp' GPIO lookup
[   15.696878] of_get_named_gpiod_flags: can't parse 'wp-gpios' property of node '/ocp/interconnect@44c00000/segment@200000/target-module@3e000/rtc@0[0]'
[   15.696928] of_get_named_gpiod_flags: can't parse 'wp-gpio' property of node '/ocp/interconnect@44c00000/segment@200000/target-module@3e000/rtc@0[0]'
[   15.696968] omap_rtc 44e3e000.rtc: using lookup tables for GPIO lookup
[   15.696981] omap_rtc 44e3e000.rtc: No GPIO consumer wp found
[   15.698907] omap_wdt: OMAP Watchdog Timer Rev 0x01: initial timeout 60 sec
[   16.076962] am335x-phy-driver 47401300.usb-phy: using DT '/ocp/target-module@47400000/usb-phy@1300' for 'reset' GPIO lookup
[   16.077058] of_get_named_gpiod_flags: can't parse 'reset-gpios' property of node '/ocp/target-module@47400000/usb-phy@1300[0]'
[   16.077103] of_get_named_gpiod_flags: can't parse 'reset-gpio' property of node '/ocp/target-module@47400000/usb-phy@1300[0]'
[   16.077140] am335x-phy-driver 47401300.usb-phy: using lookup tables for GPIO lookup
[   16.077155] am335x-phy-driver 47401300.usb-phy: No GPIO consumer reset found
[   16.077168] am335x-phy-driver 47401300.usb-phy: using DT '/ocp/target-module@47400000/usb-phy@1300' for 'vbus-detect' GPIO lookup
[   16.077198] of_get_named_gpiod_flags: can't parse 'vbus-detect-gpios' property of node '/ocp/target-module@47400000/usb-phy@1300[0]'
[   16.077230] of_get_named_gpiod_flags: can't parse 'vbus-detect-gpio' property of node '/ocp/target-module@47400000/usb-phy@1300[0]'
[   16.077255] am335x-phy-driver 47401300.usb-phy: using lookup tables for GPIO lookup
[   16.077267] am335x-phy-driver 47401300.usb-phy: No GPIO consumer vbus-detect found
[   16.077416] am335x-phy-driver 47401300.usb-phy: dummy supplies not allowed for exclusive requests (id=vbus)
[   16.298399] am335x-phy-driver 47401b00.usb-phy: using DT '/ocp/target-module@47400000/usb-phy@1b00' for 'reset' GPIO lookup
[   16.298490] of_get_named_gpiod_flags: can't parse 'reset-gpios' property of node '/ocp/target-module@47400000/usb-phy@1b00[0]'
[   16.298533] of_get_named_gpiod_flags: can't parse 'reset-gpio' property of node '/ocp/target-module@47400000/usb-phy@1b00[0]'
[   16.298570] am335x-phy-driver 47401b00.usb-phy: using lookup tables for GPIO lookup
[   16.298584] am335x-phy-driver 47401b00.usb-phy: No GPIO consumer reset found
[   16.298598] am335x-phy-driver 47401b00.usb-phy: using DT '/ocp/target-module@47400000/usb-phy@1b00' for 'vbus-detect' GPIO lookup
[   16.298628] of_get_named_gpiod_flags: can't parse 'vbus-detect-gpios' property of node '/ocp/target-module@47400000/usb-phy@1b00[0]'
[   16.298659] of_get_named_gpiod_flags: can't parse 'vbus-detect-gpio' property of node '/ocp/target-module@47400000/usb-phy@1b00[0]'
[   16.298685] am335x-phy-driver 47401b00.usb-phy: using lookup tables for GPIO lookup
[   16.298697] am335x-phy-driver 47401b00.usb-phy: No GPIO consumer vbus-detect found
[   16.298845] am335x-phy-driver 47401b00.usb-phy: dummy supplies not allowed for exclusive requests (id=vbus)
[   16.550859] usbcore: registered new interface driver usbfs
[   16.556724] usbcore: registered new interface driver hub
[   16.562263] usbcore: registered new device driver usb
[   16.878033] tda998x 0-0070: found TDA19988
[   17.187963] musb-hdrc musb-hdrc.1: MUSB HDRC host driver
[   17.193828] musb-hdrc musb-hdrc.1: new USB bus registered, assigned bus number 1
[   17.309083] usb usb1: New USB device found, idVendor=1d6b, idProduct=0002, bcdDevice= 6.16
[   17.317649] usb usb1: New USB device strings: Mfr=3, Product=2, SerialNumber=1
[   17.324993] usb usb1: Product: MUSB HDRC host driver
[   17.329989] usb usb1: Manufacturer: Linux 6.16.2-90806-g5c40cd7db64a musb-hcd
[   17.337208] usb usb1: SerialNumber: musb-hdrc.1
[   17.467245] omap-mailbox 480c8000.mailbox: omap mailbox rev 0x400
[   17.552785] remoteproc remoteproc0: powering up wkup_m3
[   17.699944] remoteproc remoteproc0: Direct firmware load for am335x-pm-firmware.elf failed with error -2
[   17.709871] remoteproc remoteproc0: request_firmware failed: -2
[   17.715963] wkup_m3_ipc 44e11324.wkup_m3_ipc: rproc_boot failed
[   17.723348] hub 1-0:1.0: USB hub found
[   17.789645] hub 1-0:1.0: 1 port detected
[   19.283234] tilcdc 4830e000.lcdc: bound 0-0070 (ops tda998x_audio_codec_init [tda998x])
[   19.404180] [drm] Initialized tilcdc 1.0.0 for 4830e000.lcdc on minor 0
[   19.482764] omap_rng 48310000.rng: Random Number Generator ver. 20
[   19.497218] tilcdc 4830e000.lcdc: [drm] Cannot find any crtc or sizes
[   19.596719] tilcdc 4830e000.lcdc: [drm] Cannot find any crtc or sizes
[   20.324301] PM: Cannot get wkup_m3_ipc handle
[   20.436701] omap-sham 53100000.sham: hw accel on OMAP rev 4.3
[   20.588027] omap-sham 53100000.sham: will run requests pump with realtime priority
[   20.596982] PM: Cannot get wkup_m3_ipc handle
[   20.867223] omap-aes 53500000.aes: OMAP AES hw accel rev: 3.2
[   21.051533] omap-aes 53500000.aes: will run requests pump with realtime priority
[   21.060347] PM: Cannot get wkup_m3_ipc handle
[   24.522452] tda998x 0-0070: using DT '/ocp/interconnect@44c00000/segment@200000/target-module@b000/i2c@0/tda19988@70' for 'nxp,calib' GPIO lookup
[   24.522596] of_get_named_gpiod_flags: parsed 'nxp,calib-gpios' property of node '/ocp/interconnect@44c00000/segment@200000/target-module@b000/i2c@0/tda19988@70[0]' - status (0)
[   24.522678] gpio gpiochip0: Persistence not supported for GPIO 25
[   24.522693] gpio-537 (nxp,calib): no flags found for GPIO nxp,calib
[   24.533746] gpio-537 (nxp,calib): gpiod_direction_output_nonotify: tried to set a GPIO tied to an IRQ as output
[   24.625108] PM: Cannot get wkup_m3_ipc handle
[   24.630876] asoc-simple-card sound: using DT '/sound' for 'simple-audio-card,hp-det' GPIO lookup
[   24.630948] of_get_named_gpiod_flags: can't parse 'simple-audio-card,hp-det-gpios' property of node '/sound[0]'
[   24.630984] of_get_named_gpiod_flags: can't parse 'simple-audio-card,hp-det-gpio' property of node '/sound[0]'
[   24.631008] asoc-simple-card sound: using lookup tables for GPIO lookup
[   24.631022] asoc-simple-card sound: No GPIO consumer simple-audio-card,hp-det found
[   24.631036] asoc-simple-card sound: using DT '/sound' for 'simple-audio-card,mic-det' GPIO lookup
[   24.631060] of_get_named_gpiod_flags: can't parse 'simple-audio-card,mic-det-gpios' property of node '/sound[0]'
[   24.631085] of_get_named_gpiod_flags: can't parse 'simple-audio-card,mic-det-gpio' property of node '/sound[0]'
[   24.631104] asoc-simple-card sound: using lookup tables for GPIO lookup
[   24.631115] asoc-simple-card sound: No GPIO consumer simple-audio-card,mic-det found
[   24.802630] PM: Cannot get wkup_m3_ipc handle
[   24.820558] tda9950 0-0034: TDA9950 CEC interface, hardware version 3.3
[   24.961360] PM: Cannot get wkup_m3_ipc handle
[   24.982747] Bluetooth: Core ver 2.22
[   24.986582] NET: Registered PF_BLUETOOTH protocol family
[   24.992050] Bluetooth: HCI device and connection manager initialized
[   24.998467] Bluetooth: HCI socket layer initialized
[   25.003414] Bluetooth: L2CAP socket layer initialized
[   25.008529] Bluetooth: SCO socket layer initialized
[   28.534667] userial_init: registered 8 ttyGS* devices
[   28.719691] rndis_register: configNr = 0
[   28.788362] udc musb-hdrc.0: binding gadget driver [g_multi]
[   28.788464] configfs-gadget.g_multi gadget.0: adding 'rndis'/6a4c1769 to config 'c'/c73d2b5b
[   28.789595] configfs-gadget.g_multi gadget.0: HOST MAC 1c:ba:8c:a2:ed:6c
[   28.796591] configfs-gadget.g_multi gadget.0: MAC 1c:ba:8c:a2:ed:70
[   28.803012] rndis_set_param_medium: 0 0
[   28.803034] configfs-gadget.g_multi gadget.0: RNDIS: IN/ep1in OUT/ep1out NOTIFY/ep2in
[   28.803051] configfs-gadget.g_multi gadget.0: adding 'cdc_ethernet'/e087aff7 to config 'c'/c73d2b5b
[   28.803997] configfs-gadget.g_multi gadget.0: HOST MAC 1c:ba:8c:a2:ed:6c
[   28.810759] configfs-gadget.g_multi gadget.0: MAC 1c:ba:8c:a2:ed:6d
[   28.817223] configfs-gadget.g_multi gadget.0: CDC Ethernet: IN/ep3in OUT/ep2out NOTIFY/ep4in
[   28.817245] configfs-gadget.g_multi gadget.0: adding 'acm'/0d0ceec8 to config 'c'/c73d2b5b
[   28.817293] configfs-gadget.g_multi gadget.0: acm ttyGS0: IN/ep5in OUT/ep3out NOTIFY/ep6in
[   28.818529] PM: Cannot get wkup_m3_ipc handle
[   30.544585] configfs-gadget.g_multi gadget.0: eth_open
[   34.936288] gs_open: ttyGS0 (60c8daa3,7971767a)
[   34.936426] gs_close: ttyGS0 (60c8daa3,7971767a) ...
[   34.936450] gs_close: ttyGS0 (60c8daa3,7971767a) done!
[   34.936613] gs_open: ttyGS0 (6a147103,7971767a)
[   34.936677] gs_close: ttyGS0 (6a147103,7971767a) ...
[   34.936694] gs_close: ttyGS0 (6a147103,7971767a) done!
[   35.125626] gs_open: ttyGS0 (b9cd7152,c1e7f22d)
[   35.125874] gs_close: ttyGS0 (b9cd7152,c1e7f22d) ...
[   35.125902] gs_close: ttyGS0 (b9cd7152,c1e7f22d) done!
[   35.126684] gs_open: ttyGS0 (b9cd7152,c1e7f22d)
SMJAAYXAHK 0
root@arm:~# echo 'ACNO''BXCOGY'
ACNOBXCOGY
root@arm:~# MARKER='BGEM''VZSZQP' run 'modprobe test_linear_ranges'
BGEMVZSZQPBGEMVZSZQP 0
root@arm:~# echo 'ZZKY''WFEEQX'
ZZKYWFEEQX
root@arm:~# MARKER='NXWB''KZUWSP' run dmesg
NXWBKZUWSP[    0.000000] Booting Linux on physical CPU 0x0
[    0.000000] Linux version 6.16.2-90806-g5c40cd7db64a (user01@drvtest01) (arm-none-eabi-gcc (Arm GNU Toolchain 14.2.Rel1 (Build arm-14.52)) 14.2.1 20241119, GNU ld (Arm GNU Toolchain 14.2.Rel1 (Build arm-14.52)) 2.43.1.20241119) #1 SMP Wed Aug 20 21:20:36 EEST 2025
[    0.000000] CPU: ARMv7 Processor [413fc082] revision 2 (ARMv7), cr=10c5387d
[    0.000000] CPU: PIPT / VIPT nonaliasing data cache, VIPT aliasing instruction cache
[    0.000000] OF: fdt: Machine model: TI AM335x BeagleBone Black
[    0.000000] Memory policy: Data cache writeback
[    0.000000] cma: Reserved 16 MiB at 0x9e800000
[    0.000000] Zone ranges:
[    0.000000]   Normal   [mem 0x0000000080000000-0x000000009fdfffff]
[    0.000000]   HighMem  empty
[    0.000000] Movable zone start for each node
[    0.000000] Early memory node ranges
[    0.000000]   node   0: [mem 0x0000000080000000-0x000000009fdfffff]
[    0.000000] Initmem setup node 0 [mem 0x0000000080000000-0x000000009fdfffff]
[    0.000000] On node 0, zone Normal: 512 pages in unavailable ranges
[    0.000000] OF: reserved mem: Reserved memory: No reserved-memory node in the DT
[    0.000000] CPU: All CPU(s) started in SVC mode.
[    0.000000] AM335X ES2.1 (sgx neon)
[    0.000000] percpu: Embedded 17 pages/cpu s39820 r8192 d21620 u69632
[    0.000000] pcpu-alloc: s39820 r8192 d21620 u69632 alloc=17*4096
[    0.000000] pcpu-alloc: [0] 0 
[    0.000000] Kernel command line: console=ttyO0,115200n8 root=/dev/nfs rw nfsroot=192.168.255.126:/home/user01/nfs,nfsvers=3 ip=192.168.255.1:192.168.255.126::255.255.255.0:bbb1:eth0 nfsrootdebug
[    0.000000] Unknown kernel command line parameters "nfsrootdebug", will be passed to user space.
[    0.000000] printk: log buffer data + meta data: 65536 + 204800 = 270336 bytes
[    0.000000] Dentry cache hash table entries: 65536 (order: 6, 262144 bytes, linear)
[    0.000000] Inode-cache hash table entries: 32768 (order: 5, 131072 bytes, linear)
[    0.000000] Built 1 zonelists, mobility grouping on.  Total pages: 130560
[    0.000000] mem auto-init: stack:off, heap alloc:off, heap free:off
[    0.000000] SLUB: HWalign=16, Order=0-3, MinObjects=0, CPUs=1, Nodes=1
[    0.000000] rcu: Hierarchical RCU implementation.
[    0.000000] rcu: 	RCU event tracing is enabled.
[    0.000000] rcu: 	RCU restricting CPUs from NR_CPUS=2 to nr_cpu_ids=1.
[    0.000000] 	Tracing variant of Tasks RCU enabled.
[    0.000000] rcu: RCU calculated value of scheduler-enlistment delay is 10 jiffies.
[    0.000000] rcu: Adjusting geometry for rcu_fanout_leaf=16, nr_cpu_ids=1
[    0.000000] RCU Tasks Trace: Setting shift to 0 and lim to 1 rcu_task_cb_adjust=1 rcu_task_cpu_ids=1.
[    0.000000] NR_IRQS: 16, nr_irqs: 16, preallocated irqs: 16
[    0.000000] IRQ: Found an INTC at 0x(ptrval) (revision 5.0) with 128 interrupts
[    0.000000] rcu: srcu_init: Setting srcu_struct sizes based on contention.
[    0.000000] TI gptimer clocksource: always-on /ocp/interconnect@44c00000/segment@200000/target-module@31000
[    0.000003] sched_clock: 32 bits at 24MHz, resolution 41ns, wraps every 89478484971ns
[    0.000026] clocksource: dmtimer: mask: 0xffffffff max_cycles: 0xffffffff, max_idle_ns: 79635851949 ns
[    0.000513] TI gptimer clockevent: 24000000 Hz at /ocp/interconnect@48000000/segment@0/target-module@40000
[    0.002153] Console: colour dummy device 80x30
[    0.002218] WARNING: Your 'console=ttyO0' has been replaced by 'ttyS0'
[    0.002225] This ensures that you still see kernel messages. Please
[    0.002230] update your kernel commandline.
[    0.002271] Calibrating delay loop... 996.14 BogoMIPS (lpj=4980736)
[    0.090561] CPU: Testing write buffer coherency: ok
[    0.090673] CPU0: Spectre v2: using BPIALL workaround
[    0.090683] pid_max: default: 32768 minimum: 301
[    0.090839] LSM: initializing lsm=capability
[    0.091023] Mount-cache hash table entries: 1024 (order: 0, 4096 bytes, linear)
[    0.091041] Mountpoint-cache hash table entries: 1024 (order: 0, 4096 bytes, linear)
[    0.092676] CPU0: thread -1, cpu 0, socket -1, mpidr 0
[    0.092735] cacheinfo: Unable to detect cache hierarchy for CPU 0
[    0.094759] Setting up static identity map for 0x80100000 - 0x80100078
[    0.095082] rcu: Hierarchical SRCU implementation.
[    0.095093] rcu: 	Max phase no-delay instances is 1000.
[    0.096821] smp: Bringing up secondary CPUs ...
[    0.096874] smp: Brought up 1 node, 1 CPU
[    0.096887] SMP: Total of 1 processors activated (996.14 BogoMIPS).
[    0.096898] CPU: All CPU(s) started in SVC mode.
[    0.097086] Memory: 480820K/522240K available (11264K kernel code, 1220K rwdata, 2924K rodata, 1024K init, 288K bss, 23388K reserved, 16384K cma-reserved, 0K highmem)
[    0.097918] devtmpfs: initialized
[    0.115305] VFP support v0.3: implementor 41 architecture 3 part 30 variant c rev 3
[    0.115932] clocksource: jiffies: mask: 0xffffffff max_cycles: 0xffffffff, max_idle_ns: 19112604462750000 ns
[    0.115989] posixtimers hash table entries: 512 (order: 0, 4096 bytes, linear)
[    0.116013] futex hash table entries: 256 (16384 bytes on 1 NUMA nodes, total 16 KiB, linear).
[    0.117152] pinctrl core: initialized pinctrl subsystem
[    0.119208] NET: Registered PF_NETLINK/PF_ROUTE protocol family
[    0.122304] DMA: preallocated 256 KiB pool for atomic coherent allocations
[    0.123262] audit: initializing netlink subsys (disabled)
[    0.124618] thermal_sys: Registered thermal governor 'fair_share'
[    0.124633] thermal_sys: Registered thermal governor 'step_wise'
[    0.124643] thermal_sys: Registered thermal governor 'user_space'
[    0.124751] audit: type=2000 audit(0.120:1): state=initialized audit_enabled=0 res=1
[    0.124826] cpuidle: using governor menu
[    0.142712] /ocp/interconnect@44c00000/segment@200000/target-module@b000/i2c@0/tda19988@70: Fixed dependency cycle(s) with /ocp/interconnect@48000000/segment@300000/target-module@e000/lcdc@0
[    0.143826] /ocp/interconnect@48000000/segment@300000/target-module@e000/lcdc@0: Fixed dependency cycle(s) with /ocp/interconnect@44c00000/segment@200000/target-module@b000/i2c@0/tda19988@70
[    0.146020] No ATAGs?
[    0.146061] hw-breakpoint: debug architecture 0x4 unsupported.
[    0.148781] kprobes: kprobe jump-optimization is enabled. All kprobes are optimized if possible.
[    0.154108] iommu: Default domain type: Translated
[    0.154129] iommu: DMA domain TLB invalidation policy: strict mode
[    0.155689] reg-fixed-voltage fixedregulator0: using DT '/fixedregulator0' for '(default)' GPIO lookup
[    0.155743] of_get_named_gpiod_flags: can't parse 'gpios' property of node '/fixedregulator0[0]'
[    0.155773] of_get_named_gpiod_flags: can't parse 'gpio' property of node '/fixedregulator0[0]'
[    0.155790] reg-fixed-voltage fixedregulator0: using lookup tables for GPIO lookup
[    0.155800] reg-fixed-voltage fixedregulator0: No GPIO consumer (default) found
[    0.161464] SCSI subsystem initialized
[    0.161950] libata version 3.00 loaded.
[    0.162317] pps_core: LinuxPPS API ver. 1 registered
[    0.162327] pps_core: Software ver. 5.3.6 - Copyright 2005-2007 Rodolfo Giometti <giometti@linux.it>
[    0.162351] PTP clock support registered
[    0.171459] vgaarb: loaded
[    0.171836] clocksource: Switched to clocksource dmtimer
[    0.172503] VFS: Disk quotas dquot_6.6.0
[    0.172561] VFS: Dquot-cache hash table entries: 1024 (order 0, 4096 bytes)
[    0.196962] NET: Registered PF_INET protocol family
[    0.197311] IP idents hash table entries: 8192 (order: 4, 65536 bytes, linear)
[    0.198740] tcp_listen_portaddr_hash hash table entries: 512 (order: 0, 4096 bytes, linear)
[    0.198778] Table-perturb hash table entries: 65536 (order: 6, 262144 bytes, linear)
[    0.198799] TCP established hash table entries: 4096 (order: 2, 16384 bytes, linear)
[    0.198844] TCP bind hash table entries: 4096 (order: 4, 65536 bytes, linear)
[    0.198944] TCP: Hash tables configured (established 4096 bind 4096)
[    0.199060] UDP hash table entries: 256 (order: 1, 14336 bytes, linear)
[    0.199096] UDP-Lite hash table entries: 256 (order: 1, 14336 bytes, linear)
[    0.199286] NET: Registered PF_UNIX/PF_LOCAL protocol family
[    0.200592] RPC: Registered named UNIX socket transport module.
[    0.200611] RPC: Registered udp transport module.
[    0.200616] RPC: Registered tcp transport module.
[    0.200621] RPC: Registered tcp-with-tls transport module.
[    0.200626] RPC: Registered tcp NFSv4.1 backchannel transport module.
[    0.200650] PCI: CLS 0 bytes, default 64
[    0.202176] Initialise system trusted keyrings
[    0.212892] workingset: timestamp_bits=14 max_order=17 bucket_order=3
[    0.214284] NFS: Registering the id_resolver key type
[    0.214352] Key type id_resolver registered
[    0.214359] Key type id_legacy registered
[    0.214464] jffs2: version 2.2. (NAND) (SUMMARY)  Â© 2001-2006 Red Hat, Inc.
[    0.214933] Key type asymmetric registered
[    0.214946] Asymmetric key parser 'x509' registered
[    0.215018] io scheduler mq-deadline registered
[    0.215029] io scheduler kyber registered
[    0.215107] io scheduler bfq registered
[    0.216986] target-module@4b000000:target-module@140000:pmu@0:fck: device ID is greater than 24
[    0.223157] l3-aon-clkctrl:0000:0: failed to disable
[    0.232437] ledtrig-cpu: registered to indicate activity on CPUs
[    0.235282] Serial: 8250/16550 driver, 6 ports, IRQ sharing enabled
[    0.277041] brd: module loaded
[    0.299246] loop: module loaded
[    0.300163] mtdoops: mtd device (mtddev=name/number) must be supplied
[    0.302038] mdio_bus fixed-0: using lookup tables for GPIO lookup
[    0.302064] mdio_bus fixed-0: No GPIO consumer reset found
[    0.303430] i2c_dev: i2c /dev entries driver
[    0.304428] cpuidle: enable-method property 'ti,am3352' found operations
[    0.304868] sdhci: Secure Digital Host Controller Interface driver
[    0.304876] sdhci: Copyright(c) Pierre Ossman
[    0.305047] sdhci-pltfm: SDHCI platform and OF driver helper
[    0.306507] hw perfevents: enabled with armv7_cortex_a8 PMU driver, 5 (8000000f) counters available
[    0.307026] Initializing XFRM netlink socket
[    0.307209] NET: Registered PF_INET6 protocol family
[    0.312864] l3-aon-clkctrl:0000:0: failed to disable
[    0.327380] Segment Routing with IPv6
[    0.327470] In-situ OAM (IOAM) with IPv6
[    0.327567] sit: IPv6, IPv4 and MPLS over IPv4 tunneling driver
[    0.328513] NET: Registered PF_PACKET protocol family
[    0.328542] NET: Registered PF_KEY protocol family
[    0.328657] Key type dns_resolver registered
[    0.328886] ThumbEE CPU extension supported.
[    0.328907] Registering SWP/SWPB emulation handler
[    0.329444] omap_voltage_late_init: Voltage driver support not added
[    0.330135] SmartReflex Class3 initialized
[    0.361972] Loading compiled-in X.509 certificates
[    0.409253] /ocp/interconnect@44c00000/segment@200000/target-module@b000/i2c@0/tda19988@70: Fixed dependency cycle(s) with /ocp/interconnect@48000000/segment@300000/target-module@e000/lcdc@0
[    0.415889] /ocp/interconnect@44c00000/segment@200000/target-module@b000/i2c@0/tda19988@70: Fixed dependency cycle(s) with /ocp/interconnect@48000000/segment@300000/target-module@e000/lcdc@0
[    0.421383] gpiochip_find_base_unlocked: found new base at 512
[    0.438734] /ocp/interconnect@44c00000/segment@200000/target-module@b000/i2c@0/tda19988@70: Fixed dependency cycle(s) with /ocp/interconnect@48000000/segment@300000/target-module@e000/lcdc@0
[    0.439619] /ocp/interconnect@44c00000/segment@200000/target-module@b000/i2c@0/tda19988@70: Fixed dependency cycle(s) with /ocp/interconnect@48000000/segment@300000/target-module@e000/lcdc@0
[    0.443503] /ocp/interconnect@44c00000/segment@200000/target-module@10000/scm@0/pinmux@800: Fixed dependency cycle(s) with /ocp/interconnect@44c00000/segment@200000/target-module@10000/scm@0/pinmux@800/clkout2-pins
[    0.444101] pinctrl-single 44e10800.pinmux: 142 pins, size 568
[    0.449428] ti-sysc 44e31000.target-module: probe with driver ti-sysc failed with error -16
[    0.475604] /ocp/interconnect@48000000/segment@300000/target-module@e000/lcdc@0: Fixed dependency cycle(s) with /ocp/interconnect@44c00000/segment@200000/target-module@b000/i2c@0/tda19988@70
[    0.484038] ti-sysc 48040000.target-module: probe with driver ti-sysc failed with error -16
[    0.495713] gpiochip_find_base_unlocked: found new base at 512
[    0.495813] gpio gpiochip0: (gpio-0-31): created GPIO range 0->7 ==> 44e10800.pinmux PIN 0->7
[    0.495832] gpio gpiochip0: (gpio-0-31): created GPIO range 8->11 ==> 44e10800.pinmux PIN 90->93
[    0.495847] gpio gpiochip0: (gpio-0-31): created GPIO range 12->27 ==> 44e10800.pinmux PIN 12->27
[    0.495862] gpio gpiochip0: (gpio-0-31): created GPIO range 28->31 ==> 44e10800.pinmux PIN 30->33
[    0.540873] gpio gpiochip0: (gpio-0-31): added GPIO chardev (254:0)
[    0.541018] gpio gpiochip0: registered GPIOs 512 to 543 on gpio-0-31
[    0.541103] OMAP GPIO hardware version 0.1
[    0.568412] i2c i2c-2: using DT '/ocp/interconnect@48000000/segment@100000/target-module@9c000/i2c@0' for 'scl' GPIO lookup
[    0.568484] of_get_named_gpiod_flags: can't parse 'scl-gpios' property of node '/ocp/interconnect@48000000/segment@100000/target-module@9c000/i2c@0[0]'
[    0.568524] of_get_named_gpiod_flags: can't parse 'scl-gpio' property of node '/ocp/interconnect@48000000/segment@100000/target-module@9c000/i2c@0[0]'
[    0.568561] i2c i2c-2: using lookup tables for GPIO lookup
[    0.568571] i2c i2c-2: No GPIO consumer scl found
[    0.568592] i2c i2c-2: using DT '/ocp/interconnect@48000000/segment@100000/target-module@9c000/i2c@0' for 'sda' GPIO lookup
[    0.568628] of_get_named_gpiod_flags: can't parse 'sda-gpios' property of node '/ocp/interconnect@48000000/segment@100000/target-module@9c000/i2c@0[0]'
[    0.568664] of_get_named_gpiod_flags: can't parse 'sda-gpio' property of node '/ocp/interconnect@48000000/segment@100000/target-module@9c000/i2c@0[0]'
[    0.568695] i2c i2c-2: using lookup tables for GPIO lookup
[    0.568703] i2c i2c-2: No GPIO consumer sda found
[    0.569428] omap_i2c 4819c000.i2c: bus 2 rev0.11 at 100 kHz
[    0.575445] gpiochip_find_base_unlocked: found new base at 544
[    0.575548] gpio gpiochip1: (gpio-32-63): created GPIO range 0->17 ==> 44e10800.pinmux PIN 34->51
[    0.575567] gpio gpiochip1: (gpio-32-63): created GPIO range 18->21 ==> 44e10800.pinmux PIN 77->80
[    0.575583] gpio gpiochip1: (gpio-32-63): created GPIO range 22->31 ==> 44e10800.pinmux PIN 56->65
[    0.587393] gpio gpiochip1: (gpio-32-63): added GPIO chardev (254:1)
[    0.587560] gpio gpiochip1: registered GPIOs 544 to 575 on gpio-32-63
[    0.589930] gpiochip_find_base_unlocked: found new base at 576
[    0.590028] gpio gpiochip2: (gpio-64-95): created GPIO range 0->4 ==> 44e10800.pinmux PIN 66->70
[    0.590049] gpio gpiochip2: (gpio-64-95): created GPIO range 5->6 ==> 44e10800.pinmux PIN 98->99
[    0.590064] gpio gpiochip2: (gpio-64-95): created GPIO range 7->8 ==> 44e10800.pinmux PIN 75->76
[    0.590080] gpio gpiochip2: (gpio-64-95): created GPIO range 13->13 ==> 44e10800.pinmux PIN 141->141
[    0.590096] gpio gpiochip2: (gpio-64-95): created GPIO range 14->21 ==> 44e10800.pinmux PIN 100->107
[    0.598000] gpio gpiochip2: (gpio-64-95): added GPIO chardev (254:2)
[    0.598154] gpio gpiochip2: registered GPIOs 576 to 607 on gpio-64-95
[    0.604104] 48000000.interconnect:segment@200000:target-module@0:mpu@0:fck: device ID is greater than 24
[    0.605012] /ocp/interconnect@48000000/segment@300000/target-module@e000/lcdc@0: Fixed dependency cycle(s) with /ocp/interconnect@44c00000/segment@200000/target-module@b000/i2c@0/tda19988@70
[    0.607870] /ocp/interconnect@48000000/segment@300000/target-module@e000/lcdc@0: Fixed dependency cycle(s) with /ocp/interconnect@44c00000/segment@200000/target-module@b000/i2c@0/tda19988@70
[    0.608591] /ocp/interconnect@44c00000/segment@200000/target-module@b000/i2c@0/tda19988@70: Fixed dependency cycle(s) with /ocp/interconnect@48000000/segment@300000/target-module@e000/lcdc@0
[    0.608750] /ocp/interconnect@48000000/segment@300000/target-module@e000/lcdc@0: Fixed dependency cycle(s) with /ocp/interconnect@44c00000/segment@200000/target-module@b000/i2c@0/tda19988@70
[    0.618528] mdio_bus 4a101000.mdio: using DT '/ocp/interconnect@4a000000/segment@0/target-module@100000/switch@0/mdio@1000' for 'reset' GPIO lookup
[    0.618608] of_get_named_gpiod_flags: can't parse 'reset-gpios' property of node '/ocp/interconnect@4a000000/segment@0/target-module@100000/switch@0/mdio@1000[0]'
[    0.618655] of_get_named_gpiod_flags: can't parse 'reset-gpio' property of node '/ocp/interconnect@4a000000/segment@0/target-module@100000/switch@0/mdio@1000[0]'
[    0.618701] mdio_bus 4a101000.mdio: using lookup tables for GPIO lookup
[    0.618711] mdio_bus 4a101000.mdio: No GPIO consumer reset found
[    0.619654] sdhci-omap 481d8000.mmc: using DT '/ocp/interconnect@48000000/segment@100000/target-module@d8000/mmc@0' for 'wp' GPIO lookup
[    0.619711] of_get_named_gpiod_flags: can't parse 'wp-gpios' property of node '/ocp/interconnect@48000000/segment@100000/target-module@d8000/mmc@0[0]'
[    0.619752] of_get_named_gpiod_flags: can't parse 'wp-gpio' property of node '/ocp/interconnect@48000000/segment@100000/target-module@d8000/mmc@0[0]'
[    0.619785] sdhci-omap 481d8000.mmc: using lookup tables for GPIO lookup
[    0.619794] sdhci-omap 481d8000.mmc: No GPIO consumer wp found
[    0.619985] sdhci-omap 481d8000.mmc: supply pbias not found, using dummy regulator
[    0.620473] sdhci-omap 481d8000.mmc: supply vqmmc not found, using dummy regulator
[    0.678923] davinci_mdio 4a101000.mdio: davinci mdio revision 1.6, bus freq 1000000
[    0.703331] mdio_bus 4a101000.mdio:00: using DT '/ocp/interconnect@4a000000/segment@0/target-module@100000/switch@0/mdio@1000/ethernet-phy@0' for 'reset' GPIO lookup
[    0.703433] of_get_named_gpiod_flags: parsed 'reset-gpios' property of node '/ocp/interconnect@4a000000/segment@0/target-module@100000/switch@0/mdio@1000/ethernet-phy@0[0]' - status (0)
[    0.703598] gpio gpiochip0: Persistence not supported for GPIO 8
[    0.825643] davinci_mdio 4a101000.mdio: phy[0]: device 4a101000.mdio:00, driver SMSC LAN8710/LAN8720
[    0.826412] cpsw-switch 4a100000.switch: initialized cpsw ale version 1.4
[    0.826435] cpsw-switch 4a100000.switch: ALE Table size 1024, Policers 0
[    0.826590] cpsw-switch 4a100000.switch: cpts: overflow check period 500 (jiffies)
[    0.826606] cpsw-switch 4a100000.switch: CPTS: ref_clk_freq:250000000 calc_mult:2147483648 calc_shift:29 error:0 nsec/sec
[    0.826718] cpsw-switch 4a100000.switch: Detected MACID = 6c:ec:eb:68:de:78
[    0.828545] cpsw-switch 4a100000.switch: initialized (regs 0x4a100000, pool size 256) hw_ver:0019010C 1.12 (0)
[    0.839602] debugfs: Directory '49000000.dma' with parent 'dmaengine' already present!
[    0.839643] edma 49000000.dma: TI EDMA DMA engine driver
[    0.884081] gpio-clk clk_mcasp0: using DT '/clk_mcasp0' for 'enable' GPIO lookup
[    0.884160] of_get_named_gpiod_flags: parsed 'enable-gpios' property of node '/clk_mcasp0[0]' - status (0)
[    0.884202] gpio gpiochip0: Persistence not supported for GPIO 27
[    0.885088] gpiochip_find_base_unlocked: found new base at 608
[    0.885198] gpio gpiochip3: (gpio-96-127): created GPIO range 0->7 ==> 44e10800.pinmux PIN 82->89
[    0.885218] gpio gpiochip3: (gpio-96-127): created GPIO range 8->11 ==> 44e10800.pinmux PIN 52->55
[    0.885233] gpio gpiochip3: (gpio-96-127): created GPIO range 12->15 ==> 44e10800.pinmux PIN 94->97
[    0.885249] gpio gpiochip3: (gpio-96-127): created GPIO range 16->17 ==> 44e10800.pinmux PIN 71->72
[    0.885265] gpio gpiochip3: (gpio-96-127): created GPIO range 18->18 ==> 44e10800.pinmux PIN 135->135
[    0.885281] gpio gpiochip3: (gpio-96-127): created GPIO range 19->20 ==> 44e10800.pinmux PIN 108->109
[    0.885297] gpio gpiochip3: (gpio-96-127): created GPIO range 21->21 ==> 44e10800.pinmux PIN 73->73
[    0.885314] gpio gpiochip3: (gpio-96-127): created GPIO range 22->23 ==> 44e10800.pinmux PIN 8->9
[    0.885332] gpio gpiochip3: (gpio-96-127): created GPIO range 26->27 ==> 44e10800.pinmux PIN 10->11
[    0.885351] gpio gpiochip3: (gpio-96-127): created GPIO range 28->28 ==> 44e10800.pinmux PIN 74->74
[    0.885369] gpio gpiochip3: (gpio-96-127): created GPIO range 29->29 ==> 44e10800.pinmux PIN 81->81
[    0.885388] gpio gpiochip3: (gpio-96-127): created GPIO range 30->31 ==> 44e10800.pinmux PIN 28->29
[    0.897186] gpio gpiochip3: (gpio-96-127): added GPIO chardev (254:3)
[    0.897345] gpio gpiochip3: registered GPIOs 608 to 639 on gpio-96-127
[    0.899239] omap8250 44e09000.serial: using DT '/ocp/interconnect@44c00000/segment@200000/target-module@9000/serial@0' for 'rs485-term' GPIO lookup
[    0.899311] of_get_named_gpiod_flags: can't parse 'rs485-term-gpios' property of node '/ocp/interconnect@44c00000/segment@200000/target-module@9000/serial@0[0]'
[    0.899354] of_get_named_gpiod_flags: can't parse 'rs485-term-gpio' property of node '/ocp/interconnect@44c00000/segment@200000/target-module@9000/serial@0[0]'
[    0.899389] omap8250 44e09000.serial: using lookup tables for GPIO lookup
[    0.899399] omap8250 44e09000.serial: No GPIO consumer rs485-term found
[    0.899408] omap8250 44e09000.serial: using DT '/ocp/interconnect@44c00000/segment@200000/target-module@9000/serial@0' for 'rs485-rx-during-tx' GPIO lookup
[    0.899443] of_get_named_gpiod_flags: can't parse 'rs485-rx-during-tx-gpios' property of node '/ocp/interconnect@44c00000/segment@200000/target-module@9000/serial@0[0]'
[    0.899480] of_get_named_gpiod_flags: can't parse 'rs485-rx-during-tx-gpio' property of node '/ocp/interconnect@44c00000/segment@200000/target-module@9000/serial@0[0]'
[    0.899511] omap8250 44e09000.serial: using lookup tables for GPIO lookup
[    0.899519] omap8250 44e09000.serial: No GPIO consumer rs485-rx-during-tx found
[    0.899946] 44e09000.serial: ttyS0 at MMIO 0x44e09000 (irq = 34, base_baud = 3000000) is a 8250
[    0.900037] printk: legacy console [ttyS0] enabled
[    2.361385] i2c i2c-0: using DT '/ocp/interconnect@44c00000/segment@200000/target-module@b000/i2c@0' for 'scl' GPIO lookup
[    2.361472] of_get_named_gpiod_flags: can't parse 'scl-gpios' property of node '/ocp/interconnect@44c00000/segment@200000/target-module@b000/i2c@0[0]'
[    2.361518] of_get_named_gpiod_flags: can't parse 'scl-gpio' property of node '/ocp/interconnect@44c00000/segment@200000/target-module@b000/i2c@0[0]'
[    2.361557] i2c i2c-0: using lookup tables for GPIO lookup
[    2.361571] i2c i2c-0: No GPIO consumer scl found
[    2.361595] i2c i2c-0: using DT '/ocp/interconnect@44c00000/segment@200000/target-module@b000/i2c@0' for 'sda' GPIO lookup
[    2.361635] of_get_named_gpiod_flags: can't parse 'sda-gpios' property of node '/ocp/interconnect@44c00000/segment@200000/target-module@b000/i2c@0[0]'
[    2.361675] of_get_named_gpiod_flags: can't parse 'sda-gpio' property of node '/ocp/interconnect@44c00000/segment@200000/target-module@b000/i2c@0[0]'
[    2.361709] i2c i2c-0: using lookup tables for GPIO lookup
[    2.361720] i2c i2c-0: No GPIO consumer sda found
[    2.382814] tps65217-pmic: Failed to locate of_node [id: -1]
[    2.388883] tps65217-bl: Failed to locate of_node [id: -1]
[    2.394915] platform tps65217-charger: DMA mask not set
[    2.400967] platform tps65217-pwrbutton: DMA mask not set
[    2.408309] tps65217 0-0024: TPS65217 ID 0xe version 1.2
[    2.414451] /ocp/interconnect@48000000/segment@300000/target-module@e000/lcdc@0: Fixed dependency cycle(s) with /ocp/interconnect@44c00000/segment@200000/target-module@b000/i2c@0/tda19988@70
[    2.431853] /ocp/interconnect@44c00000/segment@200000/target-module@b000/i2c@0/tda19988@70: Fixed dependency cycle(s) with /ocp/interconnect@48000000/segment@300000/target-module@e000/lcdc@0
[    2.449198] omap_i2c 44e0b000.i2c: bus 0 rev0.11 at 400 kHz
[    2.456882] sdhci-omap 48060000.mmc: using DT '/ocp/interconnect@48000000/segment@0/target-module@60000/mmc@0' for 'cd' GPIO lookup
[    2.456991] of_get_named_gpiod_flags: parsed 'cd-gpios' property of node '/ocp/interconnect@48000000/segment@0/target-module@60000/mmc@0[0]' - status (0)
[    2.457058] gpio gpiochip3: Persistence not supported for GPIO 6
[    2.457085] omap_gpio 44e07000.gpio: Could not set line 6 debounce to 200000 microseconds (-22)
