Labgrid Console Logfile for main
Logfile started at 2025-02-13 08:06:33.621806
=== Log starts here ===

U-Boot SPL 2014.04-00014-g47880f5 (Apr 22 2014 - 13:23:54)
reading args
spl_load_image_fat_os: error reading image args, err - -1
reading u-boot.img
reading u-boot.img


U-Boot 2014.04-00014-g47880f5 (Apr 22 2014 - 13:23:54)

I2C:   ready
DRAM:  512 MiB
NAND:  0 MiB
MMC:   OMAP SD/MMC: 0, OMAP SD/MMC: 1
*** Warning - readenv() failed, using default environment

Net:   <ethaddr> not set. Validating first E-fuse MAC
cpsw, usb_ether
Hit any key to stop autoboot:  1  0 
gpio: pin 53 (gpio 53) value is 1
mmc0 is current device
gpio: pin 54 (gpio 54) value is 1
SD/MMC found on device 0
reading uEnv.txt
569 bytes read in 3 ms (184.6 KiB/s)
gpio: pin 55 (gpio 55) value is 1
Loaded environment from uEnv.txt
Importing environment from mmc ...
Checking if uenvcmd is set ...
gpio: pin 56 (gpio 56) value is 1
Running uenvcmd ...
cpsw Waiting for PHY auto negotiation to complete. done
link up on port 0, speed 100, full duplex
Using cpsw device
TFTP from server 192.168.255.126; our IP address is 192.168.255.1
Filename 'zImage'.
Load address: 0x81000000
Loading: *T #################################################################
	 #################################################################
	 #################################################################
	 #################################################################
	 #################################################################
	 #####################################################
	 752 KiB/s
done
Bytes transferred = 5548200 (54a8a8 hex)
link up on port 0, speed 100, full duplex
Using cpsw device
TFTP from server 192.168.255.126; our IP address is 192.168.255.1
Filename 'am335x-boneblack.dtb'.
Load address: 0x82000000
Loading: *#######
	 1.3 MiB/s
done
Bytes transferred = 98244 (17fc4 hex)
Kernel image @ 0x81000000 [ 0x000000 - 0x54a8a8 ]
## Flattened Device Tree blob at 82000000
   Booting using the fdt blob at 0x82000000
   Using Device Tree in place at 82000000, end 8201afc3

Starting kernel ...

[    0.000000] Booting Linux on physical CPU 0x0
[    0.000000] Linux version 6.14.0-rc2-next-20250213 (user01@drvtest01) (arm-none-eabi-gcc (Arm GNU Toolchain 14.2.Rel1 (Build arm-14.52)) 14.2.1 20241119, GNU ld (Arm GNU Toolchain 14.2.Rel1 (Build arm-14.52)) 2.43.1.20241119) #1 SMP Thu Feb 13 08:05:13 EET 2025
[    0.000000] CPU: ARMv7 Processor [413fc082] revision 2 (ARMv7), cr=10c5387d
[    0.000000] CPU: PIPT / VIPT nonaliasing data cache, VIPT aliasing instruction cache
[    0.000000] OF: fdt: Machine model: TI AM335x BeagleBone Black
[    0.000000] Memory policy: Data cache writeback
[    0.000000] cma: Reserved 16 MiB at 0x00000000
[    0.000000] Zone ranges:
[    0.000000]   Normal   [mem 0x0000000080000000-0x000000009fdfffff]
[    0.000000]   HighMem  empty
[    0.000000] Movable zone start for each node
[    0.000000] Early memory node ranges
[    0.000000]   node   0: [mem 0x0000000080000000-0x000000009fdfffff]
[    0.000000] Initmem setup node 0 [mem 0x0000000080000000-0x000000009fdfffff]
[    0.000000] OF: reserved mem: Reserved memory: No reserved-memory node in the DT
[    0.000000] CPU: All CPU(s) started in SVC mode.
[    0.000000] AM335X ES2.1 (sgx neon)
[    0.000000] percpu: Embedded 17 pages/cpu s39628 r8192 d21812 u69632
[    0.000000] Kernel command line: console=ttyO0,115200n8 root=/dev/nfs rw nfsroot=192.168.255.126:/home/user01/nfs,nfsvers=3 ip=192.168.255.1:192.168.255.126::255.255.255.0:bbb1:eth0 nfsrootdebug
[    0.000000] Unknown kernel command line parameters "nfsrootdebug", will be passed to user space.
[    0.000000] printk: log buffer data + meta data: 65536 + 204800 = 270336 bytes
[    0.000000] Dentry cache hash table entries: 65536 (order: 6, 262144 bytes, linear)
[    0.000000] Inode-cache hash table entries: 32768 (order: 5, 131072 bytes, linear)
[    0.000000] Built 1 zonelists, mobility grouping on.  Total pages: 130560
[    0.000000] mem auto-init: stack:off, heap alloc:off, heap free:off
[    0.000000] SLUB: HWalign=16, Order=0-3, MinObjects=0, CPUs=1, Nodes=1
[    0.000000] rcu: Hierarchical RCU implementation.
[    0.000000] rcu: 	RCU event tracing is enabled.
[    0.000000] rcu: 	RCU restricting CPUs from NR_CPUS=2 to nr_cpu_ids=1.
[    0.000000] 	Tracing variant of Tasks RCU enabled.
[    0.000000] rcu: RCU calculated value of scheduler-enlistment delay is 10 jiffies.
[    0.000000] rcu: Adjusting geometry for rcu_fanout_leaf=16, nr_cpu_ids=1
[    0.000000] RCU Tasks Trace: Setting shift to 0 and lim to 1 rcu_task_cb_adjust=1 rcu_task_cpu_ids=1.
[    0.000000] NR_IRQS: 16, nr_irqs: 16, preallocated irqs: 16
[    0.000000] IRQ: Found an INTC at 0x(ptrval) (revision 5.0) with 128 interrupts
[    0.000000] rcu: srcu_init: Setting srcu_struct sizes based on contention.
[    0.000000] TI gptimer clocksource: always-on /ocp/interconnect@44c00000/segment@200000/target-module@31000
[    0.000003] sched_clock: 32 bits at 24MHz, resolution 41ns, wraps every 89478484971ns
[    0.000026] clocksource: dmtimer: mask: 0xffffffff max_cycles: 0xffffffff, max_idle_ns: 79635851949 ns
[    0.000496] TI gptimer clockevent: 24000000 Hz at /ocp/interconnect@48000000/segment@0/target-module@40000
[    0.002102] Console: colour dummy device 80x30
[    0.002163] WARNING: Your 'console=ttyO0' has been replaced by 'ttyS0'
[    0.002171] This ensures that you still see kernel messages. Please
[    0.002175] update your kernel commandline.
[    0.002215] Calibrating delay loop... 996.14 BogoMIPS (lpj=4980736)
[    0.090606] CPU: Testing write buffer coherency: ok
[    0.090688] CPU0: Spectre v2: using BPIALL workaround
[    0.090697] pid_max: default: 32768 minimum: 301
[    0.090857] LSM: initializing lsm=capability
[    0.091024] Mount-cache hash table entries: 1024 (order: 0, 4096 bytes, linear)
[    0.091042] Mountpoint-cache hash table entries: 1024 (order: 0, 4096 bytes, linear)
[    0.092621] CPU0: thread -1, cpu 0, socket -1, mpidr 0
[    0.092681] cacheinfo: Unable to detect cache hierarchy for CPU 0
[    0.160732] Setting up static identity map for 0x80100000 - 0x80100078
[    0.170685] rcu: Hierarchical SRCU implementation.
[    0.170697] rcu: 	Max phase no-delay instances is 1000.
[    0.190735] smp: Bringing up secondary CPUs ...
[    0.190787] smp: Brought up 1 node, 1 CPU
[    0.190800] SMP: Total of 1 processors activated (996.14 BogoMIPS).
[    0.190812] CPU: All CPU(s) started in SVC mode.
[    0.190981] Memory: 480848K/522240K available (11264K kernel code, 1212K rwdata, 2896K rodata, 1024K init, 289K bss, 23380K reserved, 16384K cma-reserved, 0K highmem)
[    0.191808] devtmpfs: initialized
[    0.208565] VFP support v0.3: implementor 41 architecture 3 part 30 variant c rev 3
[    0.209191] clocksource: jiffies: mask: 0xffffffff max_cycles: 0xffffffff, max_idle_ns: 19112604462750000 ns
[    0.209233] futex hash table entries: 256 (order: 2, 16384 bytes, linear)
[    0.210349] pinctrl core: initialized pinctrl subsystem
[    0.213239] NET: Registered PF_NETLINK/PF_ROUTE protocol family
[    0.216049] DMA: preallocated 256 KiB pool for atomic coherent allocations
[    0.216968] audit: initializing netlink subsys (disabled)
[    0.218324] thermal_sys: Registered thermal governor 'fair_share'
[    0.218339] thermal_sys: Registered thermal governor 'step_wise'
[    0.218349] thermal_sys: Registered thermal governor 'user_space'
[    0.218493] audit: type=2000 audit(0.210:1): state=initialized audit_enabled=0 res=1
[    0.218526] cpuidle: using governor menu
[    0.236431] /ocp/interconnect@44c00000/segment@200000/target-module@b000/i2c@0/tda19988@70: Fixed dependency cycle(s) with /ocp/interconnect@48000000/segment@300000/target-module@e000/lcdc@0
[    0.237556] /ocp/interconnect@48000000/segment@300000/target-module@e000/lcdc@0: Fixed dependency cycle(s) with /ocp/interconnect@44c00000/segment@200000/target-module@b000/i2c@0/tda19988@70
[    0.239713] No ATAGs?
[    0.239754] hw-breakpoint: debug architecture 0x4 unsupported.
[    0.242592] kprobes: kprobe jump-optimization is enabled. All kprobes are optimized if possible.
[    0.254220] iommu: Default domain type: Translated
[    0.254241] iommu: DMA domain TLB invalidation policy: strict mode
[    0.262583] SCSI subsystem initialized
[    0.263397] pps_core: LinuxPPS API ver. 1 registered
[    0.263407] pps_core: Software ver. 5.3.6 - Copyright 2005-2007 Rodolfo Giometti <giometti@linux.it>
[    0.263431] PTP clock support registered
[    0.270837] vgaarb: loaded
[    0.271182] clocksource: Switched to clocksource dmtimer
[    0.271848] VFS: Disk quotas dquot_6.6.0
[    0.271900] VFS: Dquot-cache hash table entries: 1024 (order 0, 4096 bytes)
[    0.295551] NET: Registered PF_INET protocol family
[    0.295900] IP idents hash table entries: 8192 (order: 4, 65536 bytes, linear)
[    0.297311] tcp_listen_portaddr_hash hash table entries: 512 (order: 0, 4096 bytes, linear)
[    0.297347] Table-perturb hash table entries: 65536 (order: 6, 262144 bytes, linear)
[    0.297367] TCP established hash table entries: 4096 (order: 2, 16384 bytes, linear)
[    0.297409] TCP bind hash table entries: 4096 (order: 4, 65536 bytes, linear)
[    0.297509] TCP: Hash tables configured (established 4096 bind 4096)
[    0.297624] UDP hash table entries: 256 (order: 1, 14336 bytes, linear)
[    0.297657] UDP-Lite hash table entries: 256 (order: 1, 14336 bytes, linear)
[    0.297841] NET: Registered PF_UNIX/PF_LOCAL protocol family
[    0.301959] RPC: Registered named UNIX socket transport module.
[    0.301980] RPC: Registered udp transport module.
[    0.301985] RPC: Registered tcp transport module.
[    0.301990] RPC: Registered tcp-with-tls transport module.
[    0.301995] RPC: Registered tcp NFSv4.1 backchannel transport module.
[    0.302019] PCI: CLS 0 bytes, default 64
[    0.303434] Initialise system trusted keyrings
[    0.311968] workingset: timestamp_bits=14 max_order=17 bucket_order=3
[    0.313312] NFS: Registering the id_resolver key type
[    0.313378] Key type id_resolver registered
[    0.313384] Key type id_legacy registered
[    0.313492] jffs2: version 2.2. (NAND) (SUMMARY)  Â© 2001-2006 Red Hat, Inc.
[    0.313908] Key type asymmetric registered
[    0.313922] Asymmetric key parser 'x509' registered
[    0.313986] io scheduler mq-deadline registered
[    0.313997] io scheduler kyber registered
[    0.314069] io scheduler bfq registered
[    0.315627] ledtrig-cpu: registered to indicate activity on CPUs
[    0.321817] Serial: 8250/16550 driver, 6 ports, IRQ sharing enabled
[    0.360081] brd: module loaded
[    0.386990] loop: module loaded
[    0.387898] mtdoops: mtd device (mtddev=name/number) must be supplied
[    0.390971] i2c_dev: i2c /dev entries driver
[    0.392103] cpuidle: enable-method property 'ti,am3352' found operations
[    0.392548] sdhci: Secure Digital Host Controller Interface driver
[    0.392556] sdhci: Copyright(c) Pierre Ossman
[    0.392739] sdhci-pltfm: SDHCI platform and OF driver helper
[    0.393743] Initializing XFRM netlink socket
[    0.393913] NET: Registered PF_INET6 protocol family
[    0.395912] Segment Routing with IPv6
[    0.395999] In-situ OAM (IOAM) with IPv6
[    0.396100] sit: IPv6, IPv4 and MPLS over IPv4 tunneling driver
[    0.397029] NET: Registered PF_PACKET protocol family
[    0.397061] NET: Registered PF_KEY protocol family
[    0.397172] Key type dns_resolver registered
[    0.397396] ThumbEE CPU extension supported.
[    0.397416] Registering SWP/SWPB emulation handler
[    0.397959] omap_voltage_late_init: Voltage driver support not added
[    0.398322] SmartReflex Class3 initialized
[    0.431579] Loading compiled-in X.509 certificates
[    0.475275] /ocp/interconnect@44c00000/segment@200000/target-module@b000/i2c@0/tda19988@70: Fixed dependency cycle(s) with /ocp/interconnect@48000000/segment@300000/target-module@e000/lcdc@0
[    0.481678] /ocp/interconnect@44c00000/segment@200000/target-module@b000/i2c@0/tda19988@70: Fixed dependency cycle(s) with /ocp/interconnect@48000000/segment@300000/target-module@e000/lcdc@0
[    0.501624] /ocp/interconnect@44c00000/segment@200000/target-module@b000/i2c@0/tda19988@70: Fixed dependency cycle(s) with /ocp/interconnect@48000000/segment@300000/target-module@e000/lcdc@0
[    0.502532] /ocp/interconnect@44c00000/segment@200000/target-module@b000/i2c@0/tda19988@70: Fixed dependency cycle(s) with /ocp/interconnect@48000000/segment@300000/target-module@e000/lcdc@0
[    0.505938] /ocp/interconnect@44c00000/segment@200000/target-module@10000/scm@0/pinmux@800: Fixed dependency cycle(s) with /ocp/interconnect@44c00000/segment@200000/target-module@10000/scm@0/pinmux@800/clkout2-pins
[    0.506535] pinctrl-single 44e10800.pinmux: 142 pins, size 568
[    0.511821] ti-sysc 44e31000.target-module: probe with driver ti-sysc failed with error -16
[    0.547213] /ocp/interconnect@48000000/segment@300000/target-module@e000/lcdc@0: Fixed dependency cycle(s) with /ocp/interconnect@44c00000/segment@200000/target-module@b000/i2c@0/tda19988@70
[    0.555237] ti-sysc 48040000.target-module: probe with driver ti-sysc failed with error -16
[    0.602616] OMAP GPIO hardware version 0.1
[    0.625442] omap_i2c 4819c000.i2c: bus 2 rev0.11 at 100 kHz
[    0.652903] 48000000.interconnect:segment@200000:target-module@0:mpu@0:fck: device ID is greater than 24
[    0.653787] /ocp/interconnect@48000000/segment@300000/target-module@e000/lcdc@0: Fixed dependency cycle(s) with /ocp/interconnect@44c00000/segment@200000/target-module@b000/i2c@0/tda19988@70
[    0.656474] /ocp/interconnect@48000000/segment@300000/target-module@e000/lcdc@0: Fixed dependency cycle(s) with /ocp/interconnect@44c00000/segment@200000/target-module@b000/i2c@0/tda19988@70
[    0.657165] /ocp/interconnect@44c00000/segment@200000/target-module@b000/i2c@0/tda19988@70: Fixed dependency cycle(s) with /ocp/interconnect@48000000/segment@300000/target-module@e000/lcdc@0
[    0.657332] /ocp/interconnect@48000000/segment@300000/target-module@e000/lcdc@0: Fixed dependency cycle(s) with /ocp/interconnect@44c00000/segment@200000/target-module@b000/i2c@0/tda19988@70
[    0.668482] sdhci-omap 481d8000.mmc: supply pbias not found, using dummy regulator
[    0.668981] sdhci-omap 481d8000.mmc: supply vqmmc not found, using dummy regulator
[    0.724995] davinci_mdio 4a101000.mdio: davinci mdio revision 1.6, bus freq 1000000
[    0.875871] davinci_mdio 4a101000.mdio: phy[0]: device 4a101000.mdio:00, driver SMSC LAN8710/LAN8720
[    0.876660] cpsw-switch 4a100000.switch: initialized cpsw ale version 1.4
[    0.876684] cpsw-switch 4a100000.switch: ALE Table size 1024, Policers 0
[    0.876986] cpsw-switch 4a100000.switch: cpts: overflow check period 500 (jiffies)
[    0.877006] cpsw-switch 4a100000.switch: CPTS: ref_clk_freq:250000000 calc_mult:2147483648 calc_shift:29 error:0 nsec/sec
[    0.877116] cpsw-switch 4a100000.switch: Detected MACID = 6c:ec:eb:68:de:78
[    0.878910] cpsw-switch 4a100000.switch: initialized (regs 0x4a100000, pool size 256) hw_ver:0019010C 1.12 (0)
[    0.889775] debugfs: Directory '49000000.dma' with parent 'dmaengine' already present!
[    0.889816] edma 49000000.dma: TI EDMA DMA engine driver
[    0.937459] target-module@4b000000:target-module@140000:pmu@0:fck: device ID is greater than 24
[    0.970173] hw perfevents: enabled with armv7_cortex_a8 PMU driver, 5 (8000000f) counters available
[    0.978180] l3-aon-clkctrl:0000:0: failed to disable
[    1.013658] 44e09000.serial: ttyS0 at MMIO 0x44e09000 (irq = 34, base_baud = 3000000) is a 8250
[    1.013746] printk: legacy console [ttyS0] enabled
 [    2.452166] tps65217-pmic: Failed to locate of_node [id: -1 ]
[    2.458217] tps65217-bl: Failed to locate of_node [id: - 1]
[    2.469530] tps65217 0-0024: TPS65217 ID 0xe version 1. 2
[    2.475657] /ocp/interconnect@48000000/segment@300000/ta rget-mod
[    5.841965] cpsw-switch 4a100000.switch eth0: Link is Up - 100Mbps/Full - flow control off
[    5.881447] IP-Config: Complete:
[    5.884725]      device=eth0, hwaddr=6c:ec:eb:68:de:78, ipaddr=192.168.255.1, mask=255.255.255.0, gw=255.255.255.255
[    5.895397]      host=bbb1, domain=, nis-domain=(none)
[    5.900568]      bootserver=192.168.255.126, rootserver=192.168.255.126, rootpath=
[    5.900988] clk: Disabling unused clocks
[    5.912850] PM: genpd: Disabling unused power domains
[    5.917967] KTAP version 1
[    5.920687] 1..0
[    5.945520] VFS: Mounted root (nfs filesystem) on device 0:17.
[    5.952625] devtmpfs: mounted
[    5.957078] Freeing unused kernel image (initmem) memory: 1024K
[    5.964069] Run /sbin/init as init process
[    6.660188] systemd[1]: System time before build time, advancing clock.
[    8.121205] random: crng init done
[    8.163399] systemd[1]: systemd 232 running in system mode. (+PAM +AUDIT +SELINUX +IMA +APPARMOR +SMACK +SYSVINIT +UTMP +LIBCRYPTSETUP +GCRYPT +GNUTLS +ACL +XZ +LZ4 +SECCOMP +BLKID +ELFUTILS +KMOD +IDN)
[    8.182415] systemd[1]: Detected architecture arm.

Welcome to [1mDebian GNU/Linux 9 (stretch)[0m!

[    8.214234] systemd[1]: Set hostname to <arm>.
[    9.326866] systemd[1]: Created slice System Slice.
[[0;32m  OK  [0m] Created slice System Slice.
[    9.353151] systemd[1]: Listening on Syslog Socket.
[[0;32m  OK  [0m] Listening on Syslog Socket.
[    9.411808] systemd[1]: Mounting Debug File System...
         Mounting Debug File System...
[    9.422418] systemd[1]: Listening on Journal Socket (/dev/log).
[[0;32m  OK  [0m] Listening on Journal Socket (/dev/log).
[    9.453091] systemd[1]: Created slice system-getty.slice.
[[0;32m  OK  [0m] Created slice system-getty.slice.
[    9.483077] systemd[1]: Reached target Remote File Systems.
[[0;32m  OK  [0m] Reached target Remote File Systems.
[    9.498881] systemd[1]: dev-hugepages.mount: Couldn't determine result for ConditionVirtualization=!private-users, assuming failed: No such file or directory
[[0;32m  OK  [0m] Started Forward Password Requests to Wall Directory Watch.
[[0;32m  OK  [0m] Listening on udev Control Socket.
[[0;32m  OK  [0m] Created slice User and Session Slice.
[[0;32m  OK  [0m] Reached target Slices.
[[0;32m  OK  [0m] Listening on Journal Socket.
         Starting Load Kernel Modules...
[[0;32m  OK  [0m] Reached target Swap.
         Mounting POSIX Message Queue File System...
[[0;32m  OK  [0m] Listening on /dev/initctl Compatibility Named Pipe.
[[0;32m  OK  [0m] Started Dispatch Password Requests to Console Directory Watch.
[[0;32m  OK  [0m] Reached target Encrypted Volumes.
[[0;32m  OK  [0m] Listening on Journal Audit Socket.
         Starting Journal Service...
[[0;32m  OK  [0m] Set up automount Arbitrary Executabâ€¦rmats File System Automount Point.
[[0;32m  OK  [0m] Listening on udev Kernel Socket.
         Starting Remount Root and Kernel File Systems...
         Starting Create list of required stâ€¦ce nodes for the current kernel...
[[0;32m  OK  [0m] Created slice system-serial\x2dgetty.slice.
[[0;32m  OK  [0m] Reached target Paths.
[[0;32m  OK  [0m] Mounted POSIX Message Queue File System.
[[0;32m  OK  [0m] Mounted Debug File System.
[[0;32m  OK  [0m] Started Load Kernel Modules.
[[0;32m  OK  [0m] Started Create list of required staâ€¦vice nodes for the current kernel.
         Starting Create Static Device Nodes in /dev...
         Starting Apply Kernel Variables...
         Mounting Configuration File System...
[[0;32m  OK  [0m] Started Remount Root and Kernel File Systems.
         Starting udev Coldplug all Devices...
         Starting Load/Save Random Seed...
[[0;32m  OK  [0m] Mounted Configuration File System.
[[0;32m  OK  [0m] Started Apply Kernel Variables.
[[0;32m  OK  [0m] Started Journal Service.
[[0;32m  OK  [0m] Started Load/Save Random Seed.
         Starting Flush Journal to Persistent Storage...
[[0;32m  OK  [0m] Started Create Static Device Nodes in /dev.
         Starting udev Kernel Device Manager...
[[0;32m  OK  [0m] Reached target Local File Systems (Pre).
[[0;32m  OK  [0m] Reached target Local File Systems.
         Starting Raise network interfaces...
[   11.336688] systemd-journald[84]: Received request to flush runtime journal from PID 1
[[0;32m  OK  [0m] Started Flush Journal to Persistent Storage.
         Starting Create Volatile Files and Directories...
[[0;32m  OK  [0m] Started udev Kernel Device Manager.
[[0;32m  OK  [0m] Started Create Volatile Files and Directories.
         Starting Update UTMP about System Boot/Shutdown...
         Starting Network Time Synchronization...
[[0;32m  OK  [0m] Started Update UTMP about System Boot/Shutdown.
[[0;32m  OK  [0m] Started Network Time Synchronization.
[[0;32m  OK  [0m] Reached target System Time Synchronized.
[[0;32m  OK  [0m] Started udev Coldplug all Devices.
[   14.690250] remoteproc remoteproc0: wkup_m3 is available
[[0;32m  OK  [0m] Reached target System Initialization.
[[0;32m  OK  [0m] Started Daily apt download activities.
[[0;32m  OK  [0m] Listening on D-Bus System Message Bus Socket.
[[0;32m  OK  [0m] Started Daily apt upgrade and clean activities.
[   14.942936] at24 2-0054: supply vcc not found, using dummy regulator
[[0;32m  OK  [0m] Listening on Avahi mDNS/DNS-SD Stack Activation Socket.
[[0;32m  OK  [0m] Reached target Sockets.
[[0;32m  OK  [0m] Reached target Basic System.
[   15.046951] at24 2-0055: supply vcc not found, using dummy regulator
[   15.205346] at24 2-0056: supply vcc not found, using dummy regulator
         Starting LSB: Start busybox udhcpd at boot time...
[   15.311445] at24 2-0057: supply vcc not found, using dummy regulator
         Starting DUN service...
[   15.371792] wkup_m3_ipc 44e11324.wkup_m3_ipc: IPC Request for A8->M3 Channel failed! -517
[   15.472215] at24 0-0050: 32768 byte 24c256 EEPROM, writable, 1 bytes/write
[   15.482787] wkup_m3_ipc 44e11324.wkup_m3_ipc: IPC Request for A8->M3 Channel failed! -517
[[0;32m  OK  [0m] Started D-Bus System Message Bus.
[   15.703156] omap_rtc 44e3e000.rtc: registered as rtc0
[   15.708362] omap_rtc 44e3e000.rtc: setting system clock to 2000-01-01T00:00:00 UTC (946684800)
[   15.718974] wkup_m3_ipc 44e11324.wkup_m3_ipc: IPC Request for A8->M3 Channel failed! -517
[   15.823316] tps6521x_pwrbutton tps65217-pwrbutton: DMA mask not set
[   15.913695] wkup_m3_ipc 44e11324.wkup_m3_ipc: IPC Request for A8->M3 Channel failed! -517
[   15.948333] input: tps65217_pwrbutton as /devices/platform/ocp/44c00000.interconnect/44c00000.interconnect:segment@200000/44e0b000.target-module/44e0b000.i2c/i2c-0/0-0024/tps65217-pwrbutton/input/input0
[   16.052455] omap_wdt: OMAP Watchdog Timer Rev 0x01: initial timeout 60 sec
[   16.082586] wkup_m3_ipc 44e11324.wkup_m3_ipc: IPC Request for A8->M3 Channel failed! -517
[   16.144510] am335x-phy-driver 47401300.usb-phy: dummy supplies not allowed for exclusive requests (id=vbus)
[   16.288618] am335x-phy-driver 47401b00.usb-phy: dummy supplies not allowed for exclusive requests (id=vbus)
[   16.302225] wkup_m3_ipc 44e11324.wkup_m3_ipc: IPC Request for A8->M3 Channel failed! -517
[   16.534361] wkup_m3_ipc 44e11324.wkup_m3_ipc: IPC Request for A8->M3 Channel failed! -517
[   16.652823] usbcore: registered new interface driver usbfs
[   16.658456] usbcore: registered new interface driver hub
[   16.664104] usbcore: registered new device driver usb
[   16.998663] tda998x 0-0070: found TDA19988
[   17.121535] wkup_m3_ipc 44e11324.wkup_m3_ipc: IPC Request for A8->M3 Channel failed! -517
[   17.214600] wkup_m3_ipc 44e11324.wkup_m3_ipc: IPC Request for A8->M3 Channel failed! -517
[   17.317632] musb-hdrc musb-hdrc.1: MUSB HDRC host driver
[   17.323292] musb-hdrc musb-hdrc.1: new USB bus registered, assigned bus number 1
[   17.366572] wkup_m3_ipc 44e11324.wkup_m3_ipc: IPC Request for A8->M3 Channel failed! -517
[   17.462137] usb usb1: New USB device found, idVendor=1d6b, idProduct=0002, bcdDevice= 6.14
[   17.470499] usb usb1: New USB device strings: Mfr=3, Product=2, SerialNumber=1
[   17.477895] usb usb1: Product: MUSB HDRC host driver
[   17.482945] usb usb1: Manufacturer: Linux 6.14.0-rc2-next-20250213 musb-hcd
[   17.489945] usb usb1: SerialNumber: musb-hdrc.1
[   17.689154] omap-mailbox 480c8000.mailbox: omap mailbox rev 0x400
[   17.769089] remoteproc remoteproc0: powering up wkup_m3
[   17.886143] hub 1-0:1.0: USB hub found
[   17.933394] hub 1-0:1.0: 1 port detected
[   17.937941] remoteproc remoteproc0: Direct firmware load for am335x-pm-firmware.elf failed with error -2
[   17.947731] remoteproc remoteproc0: request_firmware failed: -2
[   17.953762] wkup_m3_ipc 44e11324.wkup_m3_ipc: rproc_boot failed
[   19.663566] tilcdc 4830e000.lcdc: bound 0-0070 (ops tda998x_audio_codec_init [tda998x])
[   19.714788] omap_rng 48310000.rng: Random Number Generator ver. 20
[[0;32m  OK  [0m] Started DUN service.
[   19.779451] [drm] Initialized tilcdc 1.0.0 for 4830e000.lcdc on minor 0
[   19.837223] tilcdc 4830e000.lcdc: [drm] Cannot find any crtc or sizes
[   19.845651] tilcdc 4830e000.lcdc: [drm] Cannot find any crtc or sizes
         Starting Connection service...
         Starting System Logging Service...
         Starting LSB: Load kernel modules needed to enable cpufreq scaling...
[[0;32m  OK  [0m] Started Regular background program processing daemon.
         Starting Cape Manager Service...
[[0;32m  OK  [0m] Started Daily Cleanup of Temporary Directories.
[[0;32m  OK  [0m] Reached target Timers.
         Starting Avahi mDNS/DNS-SD Stack...
[   20.708464] PM: Cannot get wkup_m3_ipc handle
         Starting Telephony service...
[   20.820828] omap-sham 53100000.sham: hw accel on OMAP rev 4.3
         Starting Generic Board Startup...
[   20.989039] omap-sham 53100000.sham: will run requests pump with realtime priority
[   20.999545] PM: Cannot get wkup_m3_ipc handle
         Starting Login Service...
[   21.137113] omap-aes 53500000.aes: OMAP AES hw accel rev: 3.2
[   21.313344] omap-aes 53500000.aes: will run requests pump with realtime priority
[   21.326590] PM: Cannot get wkup_m3_ipc handle
[[0;32m  OK  [0m] Found device /dev/ttyS0.
[[0;32m  OK  [0m] Started System Logging Service.
[[0;32m  OK  [0m] Started Cape Manager Service.
[   23.956377] Bluetooth: Core ver 2.22
[   23.960211] NET: Registered PF_BLUETOOTH protocol family
[   23.965771] Bluetooth: HCI device and connection manager initialized
[   23.972255] Bluetooth: HCI socket layer initialized
[   23.977194] Bluetooth: L2CAP socket layer initialized
[   23.982342] Bluetooth: SCO socket layer initialized
[   24.729953] PM: Cannot get wkup_m3_ipc handle
[   24.862220] PM: Cannot get wkup_m3_ipc handle
[[0;32m  OK  [0m] Started LSB: Start busybox udhcpd at boot time.
[[0;32m  OK  [0m] Started Raise network interfaces.
[[0;32m  OK  [0m] Started LSB: Load kernel modules needed to enable cpufreq scaling.
[   28.639944] configfs-gadget.g_multi gadget.0: HOST MAC 1c:ba:8c:a2:ed:6c
[   28.646940] configfs-gadget.g_multi gadget.0: MAC 1c:ba:8c:a2:ed:70
[   28.654326] configfs-gadget.g_multi gadget.0: HOST MAC 1c:ba:8c:a2:ed:6c
[   28.661089] configfs-gadget.g_multi gadget.0: MAC 1c:ba:8c:a2:ed:6d
[   28.669554] PM: Cannot get wkup_m3_ipc handle
[[0;32m  OK  [0m] Started Telephony service.
[[0;32m  OK  [0m] Started Connection service.
[[0;32m  OK  [0m] Started Avahi mDNS/DNS-SD Stack.
[[0;32m  OK  [0m] Started Login Service.
[[0;32m  OK  [0m] Reached target Sound Card.
         Starting LSB: set CPUFreq kernel parameters...
[[0;32m  OK  [0m] Reached target Network.
         Starting The Apache HTTP Server...
[[0;32m  OK  [0m] Reached target Network is Online.
         Starting LSB: Advanced IEEE 802.11 management daemon...
         Starting Permit User Sessions...
         Starting OpenBSD Secure Shell server...
[[0;32m  OK  [0m] Started LSB: Advanced IEEE 802.11 management daemon.
[[0;32m  OK  [0m] Started Permit User Sessions.
         Starting Hostname Service...
         Starting WPA supplicant...
[[0;32m  OK  [0m] Started Getty on tty1.
[[0;32m  OK  [0m] Started Serial Getty on ttyS0.
[[0;32m  OK  [0m] Reached target Login Prompts.
[[0;32m  OK  [0m] Started LSB: set CPUFreq kernel parameters.
[[0;32m  OK  [0m] Started WPA supplicant.
[[0;32m  OK  [0m] Started Hostname Service.
[[0;32m  OK  [0m] Started OpenBSD Secure Shell server.
         Stopping LSB: Start busybox udhcpd at boot time...
[[0;32m  OK  [0m] Stopped LSB: Start busybox udhcpd at boot time.
[[0;32m  OK  [0m] Started The Apache HTTP Server.
         Starting dnsmasq - A lightweight DHCP and caching DNS server...
[[0;32m  OK  [0m] Started dnsmasq - A lightweight DHCP and caching DNS server.
[[0;32m  OK  [0m] Reached target Host and Network Name Lookups.
[[0;32m  OK  [0m] Started Serial Getty on ttyGS0.
[[0;32m  OK  [0m] Started Generic Board Startup.
[[0;32m  OK  [0m] Reached target Multi-User System.
[[0;32m  OK  [0m] Reached target Graphical Interface.
         Starting Update UTMP about System Runlevel Changes...
[[0;32m  OK  [0m] Started Update UTMP about System Runlevel Changes.

Debian GNU/Linux 9 arm ttyS0

default username:password is [debian:temppwd]

arm login: root
Password: 
Last login: Sat Dec  9 19:10:34 UTC 2017 on ttyS0
root
Linux arm 6.14.0-rc2-next-20250213 #1 SMP Thu Feb 13 08:05:13 EET 2025 armv7l

The programs included with the Debian GNU/Linux system are free software;
the exact distribution terms for each program are described in the
individual files in /usr/share/doc/*/copyright.

Debian GNU/Linux comes with ABSOLUTELY NO WARRANTY, to the extent
permitted by applicable law.
root@arm:~# root
dmesg -n 1
-bash: root: command not found
root@arm:~# dmesg -n 1
root@arm:~# echo 'GFZB''XZVHLB'
GFZBXZVHLB
root@arm:~# run() { echo -n "$MARKER"; sh -c "$@"; echo "$MARKER $?"; }
root@arm:~# echo 'KLZZ''PFHWKV'
KLZZPFHWKV
root@arm:~# MARKER='UJLX''PLYOAH' run 'cat /proc/version'
UJLXPLYOAHLinux version 6.14.0-rc2-next-20250213 (user01@drvtest01) (arm-none-eabi-gcc (Arm GNU Toolchain 14.2.Rel1 (Build arm-14.52)) 14.2.1 20241119, GNU ld (Arm GNU Toolchain 14.2.Rel1 (Build arm-14.52)) 2.43.1.20241119) #1 SMP Thu Feb 13 08:05:13 EET 2025
UJLXPLYOAH 0
root@arm:~# echo 'LJMU''WVBEQP'
LJMUWVBEQP
root@arm:~# MARKER='QEUX''NJFWXC' run false
QEUXNJFWXCQEUXNJFWXC 1
root@arm:~# Labgrid Console Logfile for main
Logfile started at 2025-02-13 08:07:41.166060
=== Log starts here ===

root@arm:~# run() { echo -n "$MARKER"; sh -c "$@"; echo "$MARKER $?"; }
root@arm:~# echo 'BUPF''BCMNAK'
BUPFBCMNAK
root@arm:~# MARKER='CBBF''VTSVFH' run 'ls /iio_generic_buffer; echo $?'
CBBFVTSVFH/iio_generic_buffer
0
CBBFVTSVFH 0
root@arm:~# Labgrid Console Logfile for main
Logfile started at 2025-02-13 08:07:44.604422
=== Log starts here ===

root@arm:~# run() { echo -n "$MARKER"; sh -c "$@"; echo "$MARKER $?"; }
root@arm:~# echo 'UMYX''WGPCZZ'
UMYXWGPCZZ
root@arm:~# MARKER='WVTB''UWJZKY' run dmesg
WVTBUWJZKY[    0.000000] Booting Linux on physical CPU 0x0
[    0.000000] Linux version 6.14.0-rc2-next-20250213 (user01@drvtest01) (arm-none-eabi-gcc (Arm GNU Toolchain 14.2.Rel1 (Build arm-14.52)) 14.2.1 20241119, GNU ld (Arm GNU Toolchain 14.2.Rel1 (Build arm-14.52)) 2.43.1.20241119) #1 SMP Thu Feb 13 08:05:13 EET 2025
[    0.000000] CPU: ARMv7 Processor [413fc082] revision 2 (ARMv7), cr=10c5387d
[    0.000000] CPU: PIPT / VIPT nonaliasing data cache, VIPT aliasing instruction cache
[    0.000000] OF: fdt: Machine model: TI AM335x BeagleBone Black
[    0.000000] Memory policy: Data cache writeback
[    0.000000] cma: Reserved 16 MiB at 0x00000000
[    0.000000] Zone ranges:
[    0.000000]   Normal   [mem 0x0000000080000000-0x000000009fdfffff]
[    0.000000]   HighMem  empty
[    0.000000] Movable zone start for each node
[    0.000000] Early memory node ranges
[    0.000000]   node   0: [mem 0x0000000080000000-0x000000009fdfffff]
[    0.000000] Initmem setup node 0 [mem 0x0000000080000000-0x000000009fdfffff]
[    0.000000] OF: reserved mem: Reserved memory: No reserved-memory node in the DT
[    0.000000] CPU: All CPU(s) started in SVC mode.
[    0.000000] AM335X ES2.1 (sgx neon)
[    0.000000] percpu: Embedded 17 pages/cpu s39628 r8192 d21812 u69632
[    0.000000] pcpu-alloc: s39628 r8192 d21812 u69632 alloc=17*4096
[    0.000000] pcpu-alloc: [0] 0 
[    0.000000] Kernel command line: console=ttyO0,115200n8 root=/dev/nfs rw nfsroot=192.168.255.126:/home/user01/nfs,nfsvers=3 ip=192.168.255.1:192.168.255.126::255.255.255.0:bbb1:eth0 nfsrootdebug
[    0.000000] Unknown kernel command line parameters "nfsrootdebug", will be passed to user space.
[    0.000000] printk: log buffer data + meta data: 65536 + 204800 = 270336 bytes
[    0.000000] Dentry cache hash table entries: 65536 (order: 6, 262144 bytes, linear)
[    0.000000] Inode-cache hash table entries: 32768 (order: 5, 131072 bytes, linear)
[    0.000000] Built 1 zonelists, mobility grouping on.  Total pages: 130560
[    0.000000] mem auto-init: stack:off, heap alloc:off, heap free:off
[    0.000000] SLUB: HWalign=16, Order=0-3, MinObjects=0, CPUs=1, Nodes=1
[    0.000000] rcu: Hierarchical RCU implementation.
[    0.000000] rcu: 	RCU event tracing is enabled.
[    0.000000] rcu: 	RCU restricting CPUs from NR_CPUS=2 to nr_cpu_ids=1.
[    0.000000] 	Tracing variant of Tasks RCU enabled.
[    0.000000] rcu: RCU calculated value of scheduler-enlistment delay is 10 jiffies.
[    0.000000] rcu: Adjusting geometry for rcu_fanout_leaf=16, nr_cpu_ids=1
[    0.000000] RCU Tasks Trace: Setting shift to 0 and lim to 1 rcu_task_cb_adjust=1 rcu_task_cpu_ids=1.
[    0.000000] NR_IRQS: 16, nr_irqs: 16, preallocated irqs: 16
[    0.000000] IRQ: Found an INTC at 0x(ptrval) (revision 5.0) with 128 interrupts
[    0.000000] rcu: srcu_init: Setting srcu_struct sizes based on contention.
[    0.000000] TI gptimer clocksource: always-on /ocp/interconnect@44c00000/segment@200000/target-module@31000
[    0.000003] sched_clock: 32 bits at 24MHz, resolution 41ns, wraps every 89478484971ns
[    0.000026] clocksource: dmtimer: mask: 0xffffffff max_cycles: 0xffffffff, max_idle_ns: 79635851949 ns
[    0.000496] TI gptimer clockevent: 24000000 Hz at /ocp/interconnect@48000000/segment@0/target-module@40000
[    0.002102] Console: colour dummy device 80x30
[    0.002163] WARNING: Your 'console=ttyO0' has been replaced by 'ttyS0'
[    0.002171] This ensures that you still see kernel messages. Please
[    0.002175] update your kernel commandline.
[    0.002215] Calibrating delay loop... 996.14 BogoMIPS (lpj=4980736)
[    0.090606] CPU: Testing write buffer coherency: ok
[    0.090688] CPU0: Spectre v2: using BPIALL workaround
[    0.090697] pid_max: default: 32768 minimum: 301
[    0.090857] LSM: initializing lsm=capability
[    0.091024] Mount-cache hash table entries: 1024 (order: 0, 4096 bytes, linear)
[    0.091042] Mountpoint-cache hash table entries: 1024 (order: 0, 4096 bytes, linear)
[    0.092621] CPU0: thread -1, cpu 0, socket -1, mpidr 0
[    0.092681] cacheinfo: Unable to detect cache hierarchy for CPU 0
[    0.160732] Setting up static identity map for 0x80100000 - 0x80100078
[    0.170685] rcu: Hierarchical SRCU implementation.
[    0.170697] rcu: 	Max phase no-delay instances is 1000.
[    0.190735] smp: Bringing up secondary CPUs ...
[    0.190787] smp: Brought up 1 node, 1 CPU
[    0.190800] SMP: Total of 1 processors activated (996.14 BogoMIPS).
[    0.190812] CPU: All CPU(s) started in SVC mode.
[    0.190981] Memory: 480848K/522240K available (11264K kernel code, 1212K rwdata, 2896K rodata, 1024K init, 289K bss, 23380K reserved, 16384K cma-reserved, 0K highmem)
[    0.191808] devtmpfs: initialized
[    0.208565] VFP support v0.3: implementor 41 architecture 3 part 30 variant c rev 3
[    0.209191] clocksource: jiffies: mask: 0xffffffff max_cycles: 0xffffffff, max_idle_ns: 19112604462750000 ns
[    0.209233] futex hash table entries: 256 (order: 2, 16384 bytes, linear)
[    0.210349] pinctrl core: initialized pinctrl subsystem
[    0.213239] NET: Registered PF_NETLINK/PF_ROUTE protocol family
[    0.216049] DMA: preallocated 256 KiB pool for atomic coherent allocations
[    0.216968] audit: initializing netlink subsys (disabled)
[    0.218324] thermal_sys: Registered thermal governor 'fair_share'
[    0.218339] thermal_sys: Registered thermal governor 'step_wise'
[    0.218349] thermal_sys: Registered thermal governor 'user_space'
[    0.218493] audit: type=2000 audit(0.210:1): state=initialized audit_enabled=0 res=1
[    0.218526] cpuidle: using governor menu
[    0.236431] /ocp/interconnect@44c00000/segment@200000/target-module@b000/i2c@0/tda19988@70: Fixed dependency cycle(s) with /ocp/interconnect@48000000/segment@300000/target-module@e000/lcdc@0
[    0.237556] /ocp/interconnect@48000000/segment@300000/target-module@e000/lcdc@0: Fixed dependency cycle(s) with /ocp/interconnect@44c00000/segment@200000/target-module@b000/i2c@0/tda19988@70
[    0.239713] No ATAGs?
[    0.239754] hw-breakpoint: debug architecture 0x4 unsupported.
[    0.242592] kprobes: kprobe jump-optimization is enabled. All kprobes are optimized if possible.
[    0.254220] iommu: Default domain type: Translated
[    0.254241] iommu: DMA domain TLB invalidation policy: strict mode
[    0.261449] reg-fixed-voltage fixedregulator0: using DT '/fixedregulator0' for '(default)' GPIO lookup
[    0.261505] of_get_named_gpiod_flags: can't parse 'gpios' property of node '/fixedregulator0[0]'
[    0.261532] of_get_named_gpiod_flags: can't parse 'gpio' property of node '/fixedregulator0[0]'
[    0.261549] reg-fixed-voltage fixedregulator0: using lookup tables for GPIO lookup
[    0.261559] reg-fixed-voltage fixedregulator0: No GPIO consumer (default) found
[    0.262583] SCSI subsystem initialized
[    0.263038] libata version 3.00 loaded.
[    0.263397] pps_core: LinuxPPS API ver. 1 registered
[    0.263407] pps_core: Software ver. 5.3.6 - Copyright 2005-2007 Rodolfo Giometti <giometti@linux.it>
[    0.263431] PTP clock support registered
[    0.270837] vgaarb: loaded
[    0.271182] clocksource: Switched to clocksource dmtimer
[    0.271848] VFS: Disk quotas dquot_6.6.0
[    0.271900] VFS: Dquot-cache hash table entries: 1024 (order 0, 4096 bytes)
[    0.295551] NET: Registered PF_INET protocol family
[    0.295900] IP idents hash table entries: 8192 (order: 4, 65536 bytes, linear)
[    0.297311] tcp_listen_portaddr_hash hash table entries: 512 (order: 0, 4096 bytes, linear)
[    0.297347] Table-perturb hash table entries: 65536 (order: 6, 262144 bytes, linear)
[    0.297367] TCP established hash table entries: 4096 (order: 2, 16384 bytes, linear)
[    0.297409] TCP bind hash table entries: 4096 (order: 4, 65536 bytes, linear)
[    0.297509] TCP: Hash tables configured (established 4096 bind 4096)
[    0.297624] UDP hash table entries: 256 (order: 1, 14336 bytes, linear)
[    0.297657] UDP-Lite hash table entries: 256 (order: 1, 14336 bytes, linear)
[    0.297841] NET: Registered PF_UNIX/PF_LOCAL protocol family
[    0.301959] RPC: Registered named UNIX socket transport module.
[    0.301980] RPC: Registered udp transport module.
[    0.301985] RPC: Registered tcp transport module.
[    0.301990] RPC: Registered tcp-with-tls transport module.
[    0.301995] RPC: Registered tcp NFSv4.1 backchannel transport module.
[    0.302019] PCI: CLS 0 bytes, default 64
[    0.303434] Initialise system trusted keyrings
[    0.311968] workingset: timestamp_bits=14 max_order=17 bucket_order=3
[    0.313312] NFS: Registering the id_resolver key type
[    0.313378] Key type id_resolver registered
[    0.313384] Key type id_legacy registered
[    0.313492] jffs2: version 2.2. (NAND) (SUMMARY)  Â© 2001-2006 Red Hat, Inc.
[    0.313908] Key type asymmetric registered
[    0.313922] Asymmetric key parser 'x509' registered
[    0.313986] io scheduler mq-deadline registered
[    0.313997] io scheduler kyber registered
[    0.314069] io scheduler bfq registered
[    0.315627] ledtrig-cpu: registered to indicate activity on CPUs
[    0.321817] Serial: 8250/16550 driver, 6 ports, IRQ sharing enabled
[    0.360081] brd: module loaded
[    0.386990] loop: module loaded
[    0.387898] mtdoops: mtd device (mtddev=name/number) must be supplied
[    0.389599] mdio_bus fixed-0: using lookup tables for GPIO lookup
[    0.389622] mdio_bus fixed-0: No GPIO consumer reset found
[    0.390971] i2c_dev: i2c /dev entries driver
[    0.392103] cpuidle: enable-method property 'ti,am3352' found operations
[    0.392548] sdhci: Secure Digital Host Controller Interface driver
[    0.392556] sdhci: Copyright(c) Pierre Ossman
[    0.392739] sdhci-pltfm: SDHCI platform and OF driver helper
[    0.393743] Initializing XFRM netlink socket
[    0.393913] NET: Registered PF_INET6 protocol family
[    0.395912] Segment Routing with IPv6
[    0.395999] In-situ OAM (IOAM) with IPv6
[    0.396100] sit: IPv6, IPv4 and MPLS over IPv4 tunneling driver
[    0.397029] NET: Registered PF_PACKET protocol family
[    0.397061] NET: Registered PF_KEY protocol family
[    0.397172] Key type dns_resolver registered
[    0.397396] ThumbEE CPU extension supported.
[    0.397416] Registering SWP/SWPB emulation handler
[    0.397959] omap_voltage_late_init: Voltage driver support not added
[    0.398322] SmartReflex Class3 initialized
[    0.431579] Loading compiled-in X.509 certificates
[    0.475275] /ocp/interconnect@44c00000/segment@200000/target-module@b000/i2c@0/tda19988@70: Fixed dependency cycle(s) with /ocp/interconnect@48000000/segment@300000/target-module@e000/lcdc@0
[    0.481678] /ocp/interconnect@44c00000/segment@200000/target-module@b000/i2c@0/tda19988@70: Fixed dependency cycle(s) with /ocp/interconnect@48000000/segment@300000/target-module@e000/lcdc@0
[    0.487123] gpiochip_find_base_unlocked: found new base at 512
[    0.501624] /ocp/interconnect@44c00000/segment@200000/target-module@b000/i2c@0/tda19988@70: Fixed dependency cycle(s) with /ocp/interconnect@48000000/segment@300000/target-module@e000/lcdc@0
[    0.502532] /ocp/interconnect@44c00000/segment@200000/target-module@b000/i2c@0/tda19988@70: Fixed dependency cycle(s) with /ocp/interconnect@48000000/segment@300000/target-module@e000/lcdc@0
[    0.505938] /ocp/interconnect@44c00000/segment@200000/target-module@10000/scm@0/pinmux@800: Fixed dependency cycle(s) with /ocp/interconnect@44c00000/segment@200000/target-module@10000/scm@0/pinmux@800/clkout2-pins
[    0.506535] pinctrl-single 44e10800.pinmux: 142 pins, size 568
[    0.511821] ti-sysc 44e31000.target-module: probe with driver ti-sysc failed with error -16
[    0.547213] /ocp/interconnect@48000000/segment@300000/target-module@e000/lcdc@0: Fixed dependency cycle(s) with /ocp/interconnect@44c00000/segment@200000/target-module@b000/i2c@0/tda19988@70
[    0.555237] ti-sysc 48040000.target-module: probe with driver ti-sysc failed with error -16
[    0.566594] gpiochip_find_base_unlocked: found new base at 512
[    0.566692] gpio gpiochip0: (gpio-0-31): created GPIO range 0->7 ==> 44e10800.pinmux PIN 0->7
[    0.566712] gpio gpiochip0: (gpio-0-31): created GPIO range 8->11 ==> 44e10800.pinmux PIN 90->93
[    0.566728] gpio gpiochip0: (gpio-0-31): created GPIO range 12->27 ==> 44e10800.pinmux PIN 12->27
[    0.566743] gpio gpiochip0: (gpio-0-31): created GPIO range 28->31 ==> 44e10800.pinmux PIN 30->33
[    0.602376] gpio gpiochip0: (gpio-0-31): added GPIO chardev (254:0)
[    0.602533] gpio gpiochip0: registered GPIOs 512 to 543 on gpio-0-31
[    0.602616] OMAP GPIO hardware version 0.1
[    0.624439] i2c i2c-2: using DT '/ocp/interconnect@48000000/segment@100000/target-module@9c000/i2c@0' for 'scl' GPIO lookup
[    0.624512] of_get_named_gpiod_flags: can't parse 'scl-gpios' property of node '/ocp/interconnect@48000000/segment@100000/target-module@9c000/i2c@0[0]'
[    0.624555] of_get_named_gpiod_flags: can't parse 'scl-gpio' property of node '/ocp/interconnect@48000000/segment@100000/target-module@9c000/i2c@0[0]'
[    0.624590] i2c i2c-2: using lookup tables for GPIO lookup
[    0.624599] i2c i2c-2: No GPIO consumer scl found
[    0.624621] i2c i2c-2: using DT '/ocp/interconnect@48000000/segment@100000/target-module@9c000/i2c@0' for 'sda' GPIO lookup
[    0.624655] of_get_named_gpiod_flags: can't parse 'sda-gpios' property of node '/ocp/interconnect@48000000/segment@100000/target-module@9c000/i2c@0[0]'
[    0.624691] of_get_named_gpiod_flags: can't parse 'sda-gpio' property of node '/ocp/interconnect@48000000/segment@100000/target-module@9c000/i2c@0[0]'
[    0.624722] i2c i2c-2: using lookup tables for GPIO lookup
[    0.624730] i2c i2c-2: No GPIO consumer sda found
[    0.625442] omap_i2c 4819c000.i2c: bus 2 rev0.11 at 100 kHz
[    0.630780] gpiochip_find_base_unlocked: found new base at 544
[    0.630882] gpio gpiochip1: (gpio-32-63): created GPIO range 0->17 ==> 44e10800.pinmux PIN 34->51
[    0.630902] gpio gpiochip1: (gpio-32-63): created GPIO range 18->21 ==> 44e10800.pinmux PIN 77->80
[    0.630918] gpio gpiochip1: (gpio-32-63): created GPIO range 22->31 ==> 44e10800.pinmux PIN 56->65
[    0.644036] gpio gpiochip1: (gpio-32-63): added GPIO chardev (254:1)
[    0.644196] gpio gpiochip1: registered GPIOs 544 to 575 on gpio-32-63
[    0.646387] gpiochip_find_base_unlocked: found new base at 576
[    0.646478] gpio gpiochip2: (gpio-64-95): created GPIO range 0->4 ==> 44e10800.pinmux PIN 66->70
[    0.646498] gpio gpiochip2: (gpio-64-95): created GPIO range 5->6 ==> 44e10800.pinmux PIN 98->99
[    0.646513] gpio gpiochip2: (gpio-64-95): created GPIO range 7->8 ==> 44e10800.pinmux PIN 75->76
[    0.646529] gpio gpiochip2: (gpio-64-95): created GPIO range 13->13 ==> 44e10800.pinmux PIN 141->141
[    0.646544] gpio gpiochip2: (gpio-64-95): created GPIO range 14->21 ==> 44e10800.pinmux PIN 100->107
[    0.647190] gpio gpiochip2: (gpio-64-95): added GPIO chardev (254:2)
[    0.647325] gpio gpiochip2: registered GPIOs 576 to 607 on gpio-64-95
[    0.652903] 48000000.interconnect:segment@200000:target-module@0:mpu@0:fck: device ID is greater than 24
[    0.653787] /ocp/interconnect@48000000/segment@300000/target-module@e000/lcdc@0: Fixed dependency cycle(s) with /ocp/interconnect@44c00000/segment@200000/target-module@b000/i2c@0/tda19988@70
[    0.656474] /ocp/interconnect@48000000/segment@300000/target-module@e000/lcdc@0: Fixed dependency cycle(s) with /ocp/interconnect@44c00000/segment@200000/target-module@b000/i2c@0/tda19988@70
[    0.657165] /ocp/interconnect@44c00000/segment@200000/target-module@b000/i2c@0/tda19988@70: Fixed dependency cycle(s) with /ocp/interconnect@48000000/segment@300000/target-module@e000/lcdc@0
[    0.657332] /ocp/interconnect@48000000/segment@300000/target-module@e000/lcdc@0: Fixed dependency cycle(s) with /ocp/interconnect@44c00000/segment@200000/target-module@b000/i2c@0/tda19988@70
[    0.666761] mdio_bus 4a101000.mdio: using DT '/ocp/interconnect@4a000000/segment@0/target-module@100000/switch@0/mdio@1000' for 'reset' GPIO lookup
[    0.666833] of_get_named_gpiod_flags: can't parse 'reset-gpios' property of node '/ocp/interconnect@4a000000/segment@0/target-module@100000/switch@0/mdio@1000[0]'
[    0.666879] of_get_named_gpiod_flags: can't parse 'reset-gpio' property of node '/ocp/interconnect@4a000000/segment@0/target-module@100000/switch@0/mdio@1000[0]'
[    0.666925] mdio_bus 4a101000.mdio: using lookup tables for GPIO lookup
[    0.666934] mdio_bus 4a101000.mdio: No GPIO consumer reset found
[    0.668142] sdhci-omap 481d8000.mmc: using DT '/ocp/interconnect@48000000/segment@100000/target-module@d8000/mmc@0' for 'wp' GPIO lookup
[    0.668205] of_get_named_gpiod_flags: can't parse 'wp-gpios' property of node '/ocp/interconnect@48000000/segment@100000/target-module@d8000/mmc@0[0]'
[    0.668247] of_get_named_gpiod_flags: can't parse 'wp-gpio' property of node '/ocp/interconnect@48000000/segment@100000/target-module@d8000/mmc@0[0]'
[    0.668280] sdhci-omap 481d8000.mmc: using lookup tables for GPIO lookup
[    0.668289] sdhci-omap 481d8000.mmc: No GPIO consumer wp found
[    0.668482] sdhci-omap 481d8000.mmc: supply pbias not found, using dummy regulator
[    0.668981] sdhci-omap 481d8000.mmc: supply vqmmc not found, using dummy regulator
[    0.724995] davinci_mdio 4a101000.mdio: davinci mdio revision 1.6, bus freq 1000000
[    0.739792] mdio_bus 4a101000.mdio:00: using DT '/ocp/interconnect@4a000000/segment@0/target-module@100000/switch@0/mdio@1000/ethernet-phy@0' for 'reset' GPIO lookup
[    0.739893] of_get_named_gpiod_flags: parsed 'reset-gpios' property of node '/ocp/interconnect@4a000000/segment@0/target-module@100000/switch@0/mdio@1000/ethernet-phy@0[0]' - status (0)
[    0.740056] gpio gpiochip0: Persistence not supported for GPIO 8
[    0.875871] davinci_mdio 4a101000.mdio: phy[0]: device 4a101000.mdio:00, driver SMSC LAN8710/LAN8720
[    0.876660] cpsw-switch 4a100000.switch: initialized cpsw ale version 1.4
[    0.876684] cpsw-switch 4a100000.switch: ALE Table size 1024, Policers 0
[    0.876986] cpsw-switch 4a100000.switch: cpts: overflow check period 500 (jiffies)
[    0.877006] cpsw-switch 4a100000.switch: CPTS: ref_clk_freq:250000000 calc_mult:2147483648 calc_shift:29 error:0 nsec/sec
[    0.877116] cpsw-switch 4a100000.switch: Detected MACID = 6c:ec:eb:68:de:78
[    0.878910] cpsw-switch 4a100000.switch: initialized (regs 0x4a100000, pool size 256) hw_ver:0019010C 1.12 (0)
[    0.889775] debugfs: Directory '49000000.dma' with parent 'dmaengine' already present!
[    0.889816] edma 49000000.dma: TI EDMA DMA engine driver
[    0.937459] target-module@4b000000:target-module@140000:pmu@0:fck: device ID is greater than 24
[    0.970173] hw perfevents: enabled with armv7_cortex_a8 PMU driver, 5 (8000000f) counters available
[    0.971049] gpio-clk clk_mcasp0: using DT '/clk_mcasp0' for 'enable' GPIO lookup
[    0.971118] of_get_named_gpiod_flags: parsed 'enable-gpios' property of node '/clk_mcasp0[0]' - status (0)
[    0.971334] gpio gpiochip0: Persistence not supported for GPIO 27
[    0.972166] gpiochip_find_base_unlocked: found new base at 608
[    0.972274] gpio gpiochip3: (gpio-96-127): created GPIO range 0->7 ==> 44e10800.pinmux PIN 82->89
[    0.972294] gpio gpiochip3: (gpio-96-127): created GPIO range 8->11 ==> 44e10800.pinmux PIN 52->55
[    0.972310] gpio gpiochip3: (gpio-96-127): created GPIO range 12->15 ==> 44e10800.pinmux PIN 94->97
[    0.972326] gpio gpiochip3: (gpio-96-127): created GPIO range 16->17 ==> 44e10800.pinmux PIN 71->72
[    0.972342] gpio gpiochip3: (gpio-96-127): created GPIO range 18->18 ==> 44e10800.pinmux PIN 135->135
[    0.972358] gpio gpiochip3: (gpio-96-127): created GPIO range 19->20 ==> 44e10800.pinmux PIN 108->109
[    0.972374] gpio gpiochip3: (gpio-96-127): created GPIO range 21->21 ==> 44e10800.pinmux PIN 73->73
[    0.972391] gpio gpiochip3: (gpio-96-127): created GPIO range 22->23 ==> 44e10800.pinmux PIN 8->9
[    0.972408] gpio gpiochip3: (gpio-96-127): created GPIO range 26->27 ==> 44e10800.pinmux PIN 10->11
[    0.972426] gpio gpiochip3: (gpio-96-127): created GPIO range 28->28 ==> 44e10800.pinmux PIN 74->74
[    0.972443] gpio gpiochip3: (gpio-96-127): created GPIO range 29->29 ==> 44e10800.pinmux PIN 81->81
[    0.972462] gpio gpiochip3: (gpio-96-127): created GPIO range 30->31 ==> 44e10800.pinmux PIN 28->29
[    0.978180] l3-aon-clkctrl:0000:0: failed to disable
[    0.999852] gpio gpiochip3: (gpio-96-127): added GPIO chardev (254:3)
[    1.000009] gpio gpiochip3: registered GPIOs 608 to 639 on gpio-96-127
[    1.012998] omap8250 44e09000.serial: using DT '/ocp/interconnect@44c00000/segment@200000/target-module@9000/serial@0' for 'rs485-term' GPIO lookup
[    1.013072] of_get_named_gpiod_flags: can't parse 'rs485-term-gpios' property of node '/ocp/interconnect@44c00000/segment@200000/target-module@9000/serial@0[0]'
[    1.013116] of_get_named_gpiod_flags: can't parse 'rs485-term-gpio' property of node '/ocp/interconnect@44c00000/segment@200000/target-module@9000/serial@0[0]'
[    1.013151] omap8250 44e09000.serial: using lookup tables for GPIO lookup
[    1.013161] omap8250 44e09000.serial: No GPIO consumer rs485-term found
[    1.013171] omap8250 44e09000.serial: using DT '/ocp/interconnect@44c00000/segment@200000/target-module@9000/serial@0' for 'rs485-rx-during-tx' GPIO lookup
[    1.013206] of_get_named_gpiod_flags: can't parse 'rs485-rx-during-tx-gpios' property of node '/ocp/interconnect@44c00000/segment@200000/target-module@9000/serial@0[0]'
[    1.013242] of_get_named_gpiod_flags: can't parse 'rs485-rx-during-tx-gpio' property of node '/ocp/interconnect@44c00000/segment@200000/target-module@9000/serial@0[0]'
[    1.013274] omap8250 44e09000.serial: using lookup tables for GPIO lookup
[    1.013282] omap8250 44e09000.serial: No GPIO consumer rs485-rx-during-tx found
[    1.013658] 44e09000.serial: ttyS0 at MMIO 0x44e09000 (irq = 34, base_baud = 3000000) is a 8250
[    1.013746] printk: legacy console [ttyS0] enabled
[    2.435704] i2c i2c-0: using DT '/ocp/interconnect@44c00000/segment@200000/target-module@b000/i2c@0' for 'scl' GPIO lookup
[    2.435792] of_get_named_gpiod_flags: can't parse 'scl-gpios' property of node '/ocp/interconnect@44c00000/segment@200000/target-module@b000/i2c@0[0]'
[    2.435838] of_get_named_gpiod_flags: can't parse 'scl-gpio' property of node '/ocp/interconnect@44c00000/segment@200000/target-module@b000/i2c@0[0]'
[    2.435877] i2c i2c-0: using lookup tables for GPIO lookup
[    2.435891] i2c i2c-0: No GPIO consumer scl found
[    2.435915] i2c i2c-0: using DT '/ocp/interconnect@44c00000/segment@200000/target-module@b000/i2c@0' for 'sda' GPIO lookup
[    2.435955] of_get_named_gpiod_flags: can't parse 'sda-gpios' property of node '/ocp/interconnect@44c00000/segment@200000/target-module@b000/i2c@0[0]'
[    2.435996] of_get_named_gpiod_flags: can't parse 'sda-gpio' property of node '/ocp/interconnect@44c00000/segment@200000/target-module@b000/i2c@0[0]'
[    2.436030] i2c i2c-0: using lookup tables for GPIO lookup
[    2.436041] i2c i2c-0: No GPIO consumer sda found
[    2.452166] tps65217-pmic: Failed to locate of_node [id: -1]
[    2.458217] tps65217-bl: Failed to locate of_node [id: -1]
[    2.469530] tps65217 0-0024: TPS65217 ID 0xe version 1.2
[    2.475657] /ocp/interconnect@48000000/segment@300000/target-module@e000/lcdc@0: Fixed dependency cycle(s) with /ocp/interconnect@44c00000/segment@200000/target-module@b000/i2c@0/tda19988@70
[    2.493040] /ocp/interconnect@44c00000/segment@200000/target-module@b000/i2c@0/tda19988@70: Fixed dependency cycle(s) with /ocp/interconnect@48000000/segment@300000/target-module@e000/lcdc@0
[    2.510415] omap_i2c 44e0b000.i2c: bus 0 rev0.11 at 400 kHz
[    2.518200] sdhci-omap 48060000.mmc: using DT '/ocp/interconnect@48000000/segment@0/target-module@60000/mmc@0' for 'cd' GPIO lookup
[    2.518307] of_get_named_gpiod_flags: parsed 'cd-gpios' property of node '/ocp/interconnect@48000000/segment@0/target-module@60000/mmc@0[0]' - status (0)
[    2.518372] gpio gpiochip3: Persistence not supported for GPIO 6
[    2.518398] omap_gpio 44e07000.gpio: Could not set line 6 debounce to 200000 microseconds (-22)
[    2.527277] sdhci-omap 48060000.mmc: Got CD GPIO
[    2.531957] sdhci-omap 48060000.mmc: using DT '/ocp/interconnect@48000000/segment@0/target-module@60000/mmc@0' for 'wp' GPIO lookup
[    2.532008] of_get_named_gpiod_flags: can't parse 'wp-gpios' property of node '/ocp/interconnect@48000000/segment@0/target-module@60000/mmc@0[0]'
[    2.532050] of_get_named_gpiod_flags: can't parse 'wp-gpio' property of node '/ocp/interconnect@48000000/segment@0/target-module@60000/mmc@0[0]'
[    2.532089] sdhci-omap 48060000.mmc: using lookup tables for GPIO lookup
[    2.532103] sdhci-omap 48060000.mmc: No GPIO consumer wp found
[    2.532312] sdhci-omap 48060000.mmc: supply pbias not found, using dummy regulator
[    2.540969] sdhci-omap 481d8000.mmc: using DT '/ocp/interconnect@48000000/segment@100000/target-module@d8000/mmc@0' for 'wp' GPIO lookup
[    2.541042] of_get_named_gpiod_flags: can't parse 'wp-gpios' property of node '/ocp/interconnect@48000000/segment@100000/target-module@d8000/mmc@0[0]'
[    2.541088] of_get_named_gpiod_flags: can't parse 'wp-gpio' property of node '/ocp/interconnect@48000000/segment@100000/target-module@d8000/mmc@0[0]'
[    2.541128] sdhci-omap 481d8000.mmc: using lookup tables for GPIO lookup
[    2.541141] sdhci-omap 481d8000.mmc: No GPIO consumer wp found
[    2.542223] sdhci-omap 48060000.mmc: supply vqmmc not found, using dummy regulator
[    2.550801] sdhci-omap 481d8000.mmc: supply pbias not found, using dummy regulator
[    2.559415] sdhci-omap 481d8000.mmc: supply vqmmc not found, using dummy regulator
[    2.594889] mmc0: SDHCI controller on 48060000.mmc [48060000.mmc] using External DMA
[    2.603187] mmc1: SDHCI controller on 481d8000.mmc [481d8000.mmc] using External DMA
[    2.612013] cpsw-switch 4a100000.switch: starting ndev. mode: dual_mac
[    2.663381] mmc0: new high speed SDHC card at address 5048
[    2.670404] mmcblk0: mmc0:5048 SD16G 14.4 GiB
[    2.678483]  mmcblk0: p1 p2
[    2.681947] mmcblk0: p2 size 31221760 extends beyond EOD, truncated
[    2.692420] SMSC LAN8710/LAN8720 4a101000.mdio:00: attached PHY driver (mii_bus:phy_addr=4a101000.mdio:00, irq=POLL)
[    2.712240] mmc1: new high speed MMC card at address 0001
[    2.719014] mmcblk1: mmc1:0001 MMC04G 3.60 GiB
[    2.726502]  mmcblk1: p1 p2
[    2.730876] mmcblk1boot0: mmc1:0001 MMC04G 2.00 MiB
[    2.737974] mmcblk1boot1: mmc1:0001 MMC04G 2.00 MiB
[    2.745205] mmcblk1rpmb: mmc1:0001 MMC04G 128 KiB, chardev (250:0)
[    5.841965] cpsw-switch 4a100000.switch eth0: Link is Up - 100Mbps/Full - flow control off
[    5.881447] IP-Config: Complete:
[    5.884725]      device=eth0, hwaddr=6c:ec:eb:68:de:78, ipaddr=192.168.255.1, mask=255.255.255.0, gw=255.255.255.255
[    5.895397]      host=bbb1, domain=, nis-domain=(none)
[    5.900568]      bootserver=192.168.255.126, rootserver=192.168.255.126, rootpath=
[    5.900988] clk: Disabling unused clocks
[    5.912850] PM: genpd: Disabling unused power domains
[    5.917967] KTAP version 1
[    5.920687] 1..0
[    5.945520] VFS: Mounted root (nfs filesystem) on device 0:17.
[    5.952625] devtmpfs: mounted
[    5.957078] Freeing unused kernel image (initmem) memory: 1024K
[    5.964069] Run /sbin/init as init process
[    5.968204]   with arguments:
[    5.968216]     /sbin/init
[    5.968226]     nfsrootdebug
[    5.968235]   with environment:
[    5.968244]     HOME=/
[    5.968252]     TERM=linux
[    6.660188] systemd[1]: System time before build time, advancing clock.
[    8.121205] random: crng init done
[    8.163399] systemd[1]: systemd 232 running in system mode. (+PAM +AUDIT +SELINUX +IMA +APPARMOR +SMACK +SYSVINIT +UTMP +LIBCRYPTSETUP +GCRYPT +GNUTLS +ACL +XZ +LZ4 +SECCOMP +BLKID +ELFUTILS +KMOD +IDN)
[    8.182415] systemd[1]: Detected architecture arm.
[    8.214234] systemd[1]: Set hostname to <arm>.
[    9.326866] systemd[1]: Created slice System Slice.
[    9.353151] systemd[1]: Listening on Syslog Socket.
[    9.411808] systemd[1]: Mounting Debug File System...
[    9.422418] systemd[1]: Listening on Journal Socket (/dev/log).
[    9.453091] systemd[1]: Created slice system-getty.slice.
[    9.483077] systemd[1]: Reached target Remote File Systems.
[    9.498881] systemd[1]: dev-hugepages.mount: Couldn't determine result for ConditionVirtualization=!private-users, assuming failed: No such file or directory
[   11.336688] systemd-journald[84]: Received request to flush runtime journal from PID 1
[   14.370925] leds-gpio leds: using DT '/leds/led2' for '(default)' GPIO lookup
[   14.371031] of_get_named_gpiod_flags: parsed 'gpios' property of node '/leds/led2[0]' - status (0)
[   14.371086] gpio gpiochip0: Persistence not supported for GPIO 21
[   14.371102] gpio-533 (?): no flags found for GPIO (default)
[   14.410360] leds-gpio leds: using DT '/leds/led3' for '(default)' GPIO lookup
[   14.410685] of_get_named_gpiod_flags: parsed 'gpios' property of node '/leds/led3[0]' - status (0)
[   14.410760] gpio gpiochip0: Persistence not supported for GPIO 22
[   14.410776] gpio-534 (?): no flags found for GPIO (default)
[   14.499459] leds-gpio leds: using DT '/leds/led4' for '(default)' GPIO lookup
[   14.499569] of_get_named_gpiod_flags: parsed 'gpios' property of node '/leds/led4[0]' - status (0)
[   14.499624] gpio gpiochip0: Persistence not supported for GPIO 23
[   14.499639] gpio-535 (?): no flags found for GPIO (default)
[   14.551719] leds-gpio leds: using DT '/leds/led5' for '(default)' GPIO lookup
[   14.551818] of_get_named_gpiod_flags: parsed 'gpios' property of node '/leds/led5[0]' - status (0)
[   14.551869] gpio gpiochip0: Persistence not supported for GPIO 24
[   14.551883] gpio-536 (?): no flags found for GPIO (default)
[   14.690250] remoteproc remoteproc0: wkup_m3 is available
[   14.942936] at24 2-0054: supply vcc not found, using dummy regulator
[   15.046951] at24 2-0055: supply vcc not found, using dummy regulator
[   15.205346] at24 2-0056: supply vcc not found, using dummy regulator
[   15.311445] at24 2-0057: supply vcc not found, using dummy regulator
[   15.371792] wkup_m3_ipc 44e11324.wkup_m3_ipc: IPC Request for A8->M3 Channel failed! -517
[   15.471648] at24 0-0050: using DT '/ocp/interconnect@44c00000/segment@200000/target-module@b000/i2c@0/eeprom@50' for 'wp' GPIO lookup
[   15.471762] of_get_named_gpiod_flags: can't parse 'wp-gpios' property of node '/ocp/interconnect@44c00000/segment@200000/target-module@b000/i2c@0/eeprom@50[0]'
[   15.471819] of_get_named_gpiod_flags: can't parse 'wp-gpio' property of node '/ocp/interconnect@44c00000/segment@200000/target-module@b000/i2c@0/eeprom@50[0]'
[   15.471865] at24 0-0050: using lookup tables for GPIO lookup
[   15.471879] at24 0-0050: No GPIO consumer wp found
[   15.472215] at24 0-0050: 32768 byte 24c256 EEPROM, writable, 1 bytes/write
[   15.482787] wkup_m3_ipc 44e11324.wkup_m3_ipc: IPC Request for A8->M3 Channel failed! -517
[   15.703156] omap_rtc 44e3e000.rtc: registered as rtc0
[   15.708362] omap_rtc 44e3e000.rtc: setting system clock to 2000-01-01T00:00:00 UTC (946684800)
[   15.717229] omap_rtc 44e3e000.rtc: using DT '/ocp/interconnect@44c00000/segment@200000/target-module@3e000/rtc@0' for 'wp' GPIO lookup
[   15.717305] of_get_named_gpiod_flags: can't parse 'wp-gpios' property of node '/ocp/interconnect@44c00000/segment@200000/target-module@3e000/rtc@0[0]'
[   15.717354] of_get_named_gpiod_flags: can't parse 'wp-gpio' property of node '/ocp/interconnect@44c00000/segment@200000/target-module@3e000/rtc@0[0]'
[   15.717395] omap_rtc 44e3e000.rtc: using lookup tables for GPIO lookup
[   15.717409] omap_rtc 44e3e000.rtc: No GPIO consumer wp found
[   15.718974] wkup_m3_ipc 44e11324.wkup_m3_ipc: IPC Request for A8->M3 Channel failed! -517
[   15.823316] tps6521x_pwrbutton tps65217-pwrbutton: DMA mask not set
[   15.913695] wkup_m3_ipc 44e11324.wkup_m3_ipc: IPC Request for A8->M3 Channel failed! -517
[   15.948333] input: tps65217_pwrbutton as /devices/platform/ocp/44c00000.interconnect/44c00000.interconnect:segment@200000/44e0b000.target-module/44e0b000.i2c/i2c-0/0-0024/tps65217-pwrbutton/input/input0
[   16.052455] omap_wdt: OMAP Watchdog Timer Rev 0x01: initial timeout 60 sec
[   16.082586] wkup_m3_ipc 44e11324.wkup_m3_ipc: IPC Request for A8->M3 Channel failed! -517
[   16.144051] am335x-phy-driver 47401300.usb-phy: using DT '/ocp/target-module@47400000/usb-phy@1300' for 'reset' GPIO lookup
[   16.144147] of_get_named_gpiod_flags: can't parse 'reset-gpios' property of node '/ocp/target-module@47400000/usb-phy@1300[0]'
[   16.144191] of_get_named_gpiod_flags: can't parse 'reset-gpio' property of node '/ocp/target-module@47400000/usb-phy@1300[0]'
[   16.144228] am335x-phy-driver 47401300.usb-phy: using lookup tables for GPIO lookup
[   16.144243] am335x-phy-driver 47401300.usb-phy: No GPIO consumer reset found
[   16.144257] am335x-phy-driver 47401300.usb-phy: using DT '/ocp/target-module@47400000/usb-phy@1300' for 'vbus-detect' GPIO lookup
[   16.144289] of_get_named_gpiod_flags: can't parse 'vbus-detect-gpios' property of node '/ocp/target-module@47400000/usb-phy@1300[0]'
[   16.144320] of_get_named_gpiod_flags: can't parse 'vbus-detect-gpio' property of node '/ocp/target-module@47400000/usb-phy@1300[0]'
[   16.144347] am335x-phy-driver 47401300.usb-phy: using lookup tables for GPIO lookup
[   16.144359] am335x-phy-driver 47401300.usb-phy: No GPIO consumer vbus-detect found
[   16.144510] am335x-phy-driver 47401300.usb-phy: dummy supplies not allowed for exclusive requests (id=vbus)
[   16.287763] am335x-phy-driver 47401b00.usb-phy: using DT '/ocp/target-module@47400000/usb-phy@1b00' for 'reset' GPIO lookup
[   16.287905] of_get_named_gpiod_flags: can't parse 'reset-gpios' property of node '/ocp/target-module@47400000/usb-phy@1b00[0]'
[   16.287952] of_get_named_gpiod_flags: can't parse 'reset-gpio' property of node '/ocp/target-module@47400000/usb-phy@1b00[0]'
[   16.288044] am335x-phy-driver 47401b00.usb-phy: using lookup tables for GPIO lookup
[   16.288060] am335x-phy-driver 47401b00.usb-phy: No GPIO consumer reset found
[   16.288074] am335x-phy-driver 47401b00.usb-phy: using DT '/ocp/target-module@47400000/usb-phy@1b00' for 'vbus-detect' GPIO lookup
[   16.288152] of_get_named_gpiod_flags: can't parse 'vbus-detect-gpios' property of node '/ocp/target-module@47400000/usb-phy@1b00[0]'
[   16.288273] of_get_named_gpiod_flags: can't parse 'vbus-detect-gpio' property of node '/ocp/target-module@47400000/usb-phy@1b00[0]'
[   16.288306] am335x-phy-driver 47401b00.usb-phy: using lookup tables for GPIO lookup
[   16.288362] am335x-phy-driver 47401b00.usb-phy: No GPIO consumer vbus-detect found
[   16.288618] am335x-phy-driver 47401b00.usb-phy: dummy supplies not allowed for exclusive requests (id=vbus)
[   16.302225] wkup_m3_ipc 44e11324.wkup_m3_ipc: IPC Request for A8->M3 Channel failed! -517
[   16.534361] wkup_m3_ipc 44e11324.wkup_m3_ipc: IPC Request for A8->M3 Channel failed! -517
[   16.652823] usbcore: registered new interface driver usbfs
[   16.658456] usbcore: registered new interface driver hub
[   16.664104] usbcore: registered new device driver usb
[   16.998663] tda998x 0-0070: found TDA19988
[   17.121535] wkup_m3_ipc 44e11324.wkup_m3_ipc: IPC Request for A8->M3 Channel failed! -517
[   17.214600] wkup_m3_ipc 44e11324.wkup_m3_ipc: IPC Request for A8->M3 Channel failed! -517
[   17.317632] musb-hdrc musb-hdrc.1: MUSB HDRC host driver
[   17.323292] musb-hdrc musb-hdrc.1: new USB bus registered, assigned bus number 1
[   17.366572] wkup_m3_ipc 44e11324.wkup_m3_ipc: IPC Request for A8->M3 Channel failed! -517
[   17.462137] usb usb1: New USB device found, idVendor=1d6b, idProduct=0002, bcdDevice= 6.14
[   17.470499] usb usb1: New USB device strings: Mfr=3, Product=2, SerialNumber=1
[   17.477895] usb usb1: Product: MUSB HDRC host driver
[   17.482945] usb usb1: Manufacturer: Linux 6.14.0-rc2-next-20250213 musb-hcd
[   17.489945] usb usb1: SerialNumber: musb-hdrc.1
[   17.689154] omap-mailbox 480c8000.mailbox: omap mailbox rev 0x400
[   17.769089] remoteproc remoteproc0: powering up wkup_m3
[   17.886143] hub 1-0:1.0: USB hub found
[   17.933394] hub 1-0:1.0: 1 port detected
[   17.937941] remoteproc remoteproc0: Direct firmware load for am335x-pm-firmware.elf failed with error -2
[   17.947731] remoteproc remoteproc0: request_firmware failed: -2
[   17.953762] wkup_m3_ipc 44e11324.wkup_m3_ipc: rproc_boot failed
[   19.663566] tilcdc 4830e000.lcdc: bound 0-0070 (ops tda998x_audio_codec_init [tda998x])
[   19.714788] omap_rng 48310000.rng: Random Number Generator ver. 20
[   19.779451] [drm] Initialized tilcdc 1.0.0 for 4830e000.lcdc on minor 0
[   19.837223] tilcdc 4830e000.lcdc: [drm] Cannot find any crtc or sizes
[   19.845651] tilcdc 4830e000.lcdc: [drm] Cannot find any crtc or sizes
[   20.708464] PM: Cannot get wkup_m3_ipc handle
[   20.820828] omap-sham 53100000.sham: hw accel on OMAP rev 4.3
[   20.989039] omap-sham 53100000.sham: will run requests pump with realtime priority
[   20.999545] PM: Cannot get wkup_m3_ipc handle
[   21.137113] omap-aes 53500000.aes: OMAP AES hw accel rev: 3.2
[   21.313344] omap-aes 53500000.aes: will run requests pump with realtime priority
[   21.326590] PM: Cannot get wkup_m3_ipc handle
[   23.956377] Bluetooth: Core ver 2.22
[   23.960211] NET: Registered PF_BLUETOOTH protocol family
[   23.965771] Bluetooth: HCI device and connection manager initialized
[   23.972255] Bluetooth: HCI socket layer initialized
[   23.977194] Bluetooth: L2CAP socket layer initialized
[   23.982342] Bluetooth: SCO socket layer initialized
[   24.729953] PM: Cannot get wkup_m3_ipc handle
[   24.735936] asoc-simple-card sound: using DT '/sound' for 'simple-audio-card,hp-det' GPIO lookup
[   24.736010] of_get_named_gpiod_flags: can't parse 'simple-audio-card,hp-det-gpios' property of node '/sound[0]'
[   24.736045] of_get_named_gpiod_flags: can't parse 'simple-audio-card,hp-det-gpio' property of node '/sound[0]'
[   24.736069] asoc-simple-card sound: using lookup tables for GPIO lookup
[   24.736083] asoc-simple-card sound: No GPIO consumer simple-audio-card,hp-det found
[   24.736098] asoc-simple-card sound: using DT '/sound' for 'simple-audio-card,mic-det' GPIO lookup
[   24.736122] of_get_named_gpiod_flags: can't parse 'simple-audio-card,mic-det-gpios' property of node '/sound[0]'
[   24.736148] of_get_named_gpiod_flags: can't parse 'simple-audio-card,mic-det-gpio' property of node '/sound[0]'
[   24.736167] asoc-simple-card sound: using lookup tables for GPIO lookup
[   24.736179] asoc-simple-card sound: No GPIO consumer simple-audio-card,mic-det found
[   24.862220] PM: Cannot get wkup_m3_ipc handle
[   28.383983] userial_init: registered 8 ttyGS* devices
[   28.567597] rndis_register: configNr = 0
[   28.638679] udc musb-hdrc.0: binding gadget driver [g_multi]
[   28.638773] configfs-gadget.g_multi gadget.0: adding 'rndis'/30a92338 to config 'c'/e1a057b2
[   28.639944] configfs-gadget.g_multi gadget.0: HOST MAC 1c:ba:8c:a2:ed:6c
[   28.646940] configfs-gadget.g_multi gadget.0: MAC 1c:ba:8c:a2:ed:70
[   28.653372] rndis_set_param_medium: 0 0
[   28.653393] configfs-gadget.g_multi gadget.0: RNDIS: IN/ep1in OUT/ep1out NOTIFY/ep2in
[   28.653411] configfs-gadget.g_multi gadget.0: adding 'cdc_ethernet'/3cff3394 to config 'c'/e1a057b2
[   28.654326] configfs-gadget.g_multi gadget.0: HOST MAC 1c:ba:8c:a2:ed:6c
[   28.661089] configfs-gadget.g_multi gadget.0: MAC 1c:ba:8c:a2:ed:6d
[   28.667506] configfs-gadget.g_multi gadget.0: CDC Ethernet: IN/ep3in OUT/ep2out NOTIFY/ep4in
[   28.667526] configfs-gadget.g_multi gadget.0: adding 'acm'/62cf3aaa to config 'c'/e1a057b2
[   28.667563] configfs-gadget.g_multi gadget.0: acm ttyGS0: IN/ep5in OUT/ep3out NOTIFY/ep6in
[   28.669554] PM: Cannot get wkup_m3_ipc handle
[   30.871004] configfs-gadget.g_multi gadget.0: eth_open
[   34.737821] gs_open: ttyGS0 (44007dac,e8982138)
[   34.737968] gs_close: ttyGS0 (44007dac,e8982138) ...
[   34.737991] gs_close: ttyGS0 (44007dac,e8982138) done!
[   34.753384] gs_open: ttyGS0 (44007dac,a9043bb1)
[   34.753534] gs_close: ttyGS0 (44007dac,a9043bb1) ...
[   34.753557] gs_close: ttyGS0 (44007dac,a9043bb1) done!
[   34.907530] gs_open: ttyGS0 (7e9317ca,f67eb6be)
[   34.907741] gs_close: ttyGS0 (7e9317ca,f67eb6be) ...
[   34.907771] gs_close: ttyGS0 (7e9317ca,f67eb6be) done!
[   34.907979] gs_open: ttyGS0 (44007dac,f67eb6be)
WVTBUWJZKY 0
root@arm:~# echo 'HMKX''FMKZUO'
HMKXFMKZUO
root@arm:~# MARKER='GTBA''BKUAEG' run 'modprobe test_linear_ranges'
GTBABKUAEGGTBABKUAEG 0
root@arm:~# echo 'NGBZ''YPVOQS'
NGBZYPVOQS
root@arm:~# MARKER='BPKV''YOCFKA' run dmesg
BPKVYOCFKA[    0.000000] Booting Linux on physical CPU 0x0
[    0.000000] Linux version 6.14.0-rc2-next-20250213 (user01@drvtest01) (arm-none-eabi-gcc (Arm GNU Toolchain 14.2.Rel1 (Build arm-14.52)) 14.2.1 20241119, GNU ld (Arm GNU Toolchain 14.2.Rel1 (Build arm-14.52)) 2.43.1.20241119) #1 SMP Thu Feb 13 08:05:13 EET 2025
[    0.000000] CPU: ARMv7 Processor [413fc082] revision 2 (ARMv7), cr=10c5387d
[    0.000000] CPU: PIPT / VIPT nonaliasing data cache, VIPT aliasing instruction cache
[    0.000000] OF: fdt: Machine model: TI AM335x BeagleBone Black
[    0.000000] Memory policy: Data cache writeback
[    0.000000] cma: Reserved 16 MiB at 0x00000000
[    0.000000] Zone ranges:
[    0.000000]   Normal   [mem 0x0000000080000000-0x000000009fdfffff]
[    0.000000]   HighMem  empty
[    0.000000] Movable zone start for each node
[    0.000000] Early memory node ranges
[    0.000000]   node   0: [mem 0x0000000080000000-0x000000009fdfffff]
[    0.000000] Initmem setup node 0 [mem 0x0000000080000000-0x000000009fdfffff]
[    0.000000] OF: reserved mem: Reserved memory: No reserved-memory node in the DT
[    0.000000] CPU: All CPU(s) started in SVC mode.
[    0.000000] AM335X ES2.1 (sgx neon)
[    0.000000] percpu: Embedded 17 pages/cpu s39628 r8192 d21812 u69632
[    0.000000] pcpu-alloc: s39628 r8192 d21812 u69632 alloc=17*4096
[    0.000000] pcpu-alloc: [0] 0 
[    0.000000] Kernel command line: console=ttyO0,115200n8 root=/dev/nfs rw nfsroot=192.168.255.126:/home/user01/nfs,nfsvers=3 ip=192.168.255.1:192.168.255.126::255.255.255.0:bbb1:eth0 nfsrootdebug
[    0.000000] Unknown kernel command line parameters "nfsrootdebug", will be passed to user space.
[    0.000000] printk: log buffer data + meta data: 65536 + 204800 = 270336 bytes
[    0.000000] Dentry cache hash table entries: 65536 (order: 6, 262144 bytes, linear)
[    0.000000] Inode-cache hash table entries: 32768 (order: 5, 131072 bytes, linear)
[    0.000000] Built 1 zonelists, mobility grouping on.  Total pages: 130560
[    0.000000] mem auto-init: stack:off, heap alloc:off, heap free:off
[    0.000000] SLUB: HWalign=16, Order=0-3, MinObjects=0, CPUs=1, Nodes=1
[    0.000000] rcu: Hierarchical RCU implementation.
[    0.000000] rcu: 	RCU event tracing is enabled.
[    0.000000] rcu: 	RCU restricting CPUs from NR_CPUS=2 to nr_cpu_ids=1.
[    0.000000] 	Tracing variant of Tasks RCU enabled.
[    0.000000] rcu: RCU calculated value of scheduler-enlistment delay is 10 jiffies.
[    0.000000] rcu: Adjusting geometry for rcu_fanout_leaf=16, nr_cpu_ids=1
[    0.000000] RCU Tasks Trace: Setting shift to 0 and lim to 1 rcu_task_cb_adjust=1 rcu_task_cpu_ids=1.
[    0.000000] NR_IRQS: 16, nr_irqs: 16, preallocated irqs: 16
[    0.000000] IRQ: Found an INTC at 0x(ptrval) (revision 5.0) with 128 interrupts
[    0.000000] rcu: srcu_init: Setting srcu_struct sizes based on contention.
[    0.000000] TI gptimer clocksource: always-on /ocp/interconnect@44c00000/segment@200000/target-module@31000
[    0.000003] sched_clock: 32 bits at 24MHz, resolution 41ns, wraps every 89478484971ns
[    0.000026] clocksource: dmtimer: mask: 0xffffffff max_cycles: 0xffffffff, max_idle_ns: 79635851949 ns
[    0.000496] TI gptimer clockevent: 24000000 Hz at /ocp/interconnect@48000000/segment@0/target-module@40000
[    0.002102] Console: colour dummy device 80x30
[    0.002163] WARNING: Your 'console=ttyO0' has been replaced by 'ttyS0'
[    0.002171] This ensures that you still see kernel messages. Please
[    0.002175] update your kernel commandline.
[    0.002215] Calibrating delay loop... 996.14 BogoMIPS (lpj=4980736)
[    0.090606] CPU: Testing write buffer coherency: ok
[    0.090688] CPU0: Spectre v2: using BPIALL workaround
[    0.090697] pid_max: default: 32768 minimum: 301
[    0.090857] LSM: initializing lsm=capability
[    0.091024] Mount-cache hash table entries: 1024 (order: 0, 4096 bytes, linear)
[    0.091042] Mountpoint-cache hash table entries: 1024 (order: 0, 4096 bytes, linear)
[    0.092621] CPU0: thread -1, cpu 0, socket -1, mpidr 0
[    0.092681] cacheinfo: Unable to detect cache hierarchy for CPU 0
[    0.160732] Setting up static identity map for 0x80100000 - 0x80100078
[    0.170685] rcu: Hierarchical SRCU implementation.
[    0.170697] rcu: 	Max phase no-delay instances is 1000.
[    0.190735] smp: Bringing up secondary CPUs ...
[    0.190787] smp: Brought up 1 node, 1 CPU
[    0.190800] SMP: Total of 1 processors activated (996.14 BogoMIPS).
[    0.190812] CPU: All CPU(s) started in SVC mode.
[    0.190981] Memory: 480848K/522240K available (11264K kernel code, 1212K rwdata, 2896K rodata, 1024K init, 289K bss, 23380K reserved, 16384K cma-reserved, 0K highmem)
[    0.191808] devtmpfs: initialized
[    0.208565] VFP support v0.3: implementor 41 architecture 3 part 30 variant c rev 3
[    0.209191] clocksource: jiffies: mask: 0xffffffff max_cycles: 0xffffffff, max_idle_ns: 19112604462750000 ns
[    0.209233] futex hash table entries: 256 (order: 2, 16384 bytes, linear)
[    0.210349] pinctrl core: initialized pinctrl subsystem
[    0.213239] NET: Registered PF_NETLINK/PF_ROUTE protocol family
[    0.216049] DMA: preallocated 256 KiB pool for atomic coherent allocations
[    0.216968] audit: initializing netlink subsys (disabled)
[    0.218324] thermal_sys: Registered thermal governor 'fair_share'
[    0.218339] thermal_sys: Registered thermal governor 'step_wise'
[    0.218349] thermal_sys: Registered thermal governor 'user_space'
[    0.218493] audit: type=2000 audit(0.210:1): state=initialized audit_enabled=0 res=1
[    0.218526] cpuidle: using governor menu
[    0.236431] /ocp/interconnect@44c00000/segment@200000/target-module@b000/i2c@0/tda19988@70: Fixed dependency cycle(s) with /ocp/interconnect@48000000/segment@300000/target-module@e000/lcdc@0
[    0.237556] /ocp/interconnect@48000000/segment@300000/target-module@e000/lcdc@0: Fixed dependency cycle(s) with /ocp/interconnect@44c00000/segment@200000/target-module@b000/i2c@0/tda19988@70
[    0.239713] No ATAGs?
[    0.239754] hw-breakpoint: debug architecture 0x4 unsupported.
[    0.242592] kprobes: kprobe jump-optimization is enabled. All kprobes are optimized if possible.
[    0.254220] iommu: Default domain type: Translated
[    0.254241] iommu: DMA domain TLB invalidation policy: strict mode
[    0.261449] reg-fixed-voltage fixedregulator0: using DT '/fixedregulator0' for '(default)' GPIO lookup
[    0.261505] of_get_named_gpiod_flags: can't parse 'gpios' property of node '/fixedregulator0[0]'
[    0.261532] of_get_named_gpiod_flags: can't parse 'gpio' property of node '/fixedregulator0[0]'
[    0.261549] reg-fixed-voltage fixedregulator0: using lookup tables for GPIO lookup
[    0.261559] reg-fixed-voltage fixedregulator0: No GPIO consumer (default) found
[    0.262583] SCSI subsystem initialized
[    0.263038] libata version 3.00 loaded.
[    0.263397] pps_core: LinuxPPS API ver. 1 registered
[    0.263407] pps_core: Software ver. 5.3.6 - Copyright 2005-2007 Rodolfo Giometti <giometti@linux.it>
[    0.263431] PTP clock support registered
[    0.270837] vgaarb: loaded
[    0.271182] clocksource: Switched to clocksource dmtimer
[    0.271848] VFS: Disk quotas dquot_6.6.0
[    0.271900] VFS: Dquot-cache hash table entries: 1024 (order 0, 4096 bytes)
[    0.295551] NET: Registered PF_INET protocol family
[    0.295900] IP idents hash table entries: 8192 (order: 4, 65536 bytes, linear)
[    0.297311] tcp_listen_portaddr_hash hash table entries: 512 (order: 0, 4096 bytes, linear)
[    0.297347] Table-perturb hash table entries: 65536 (order: 6, 262144 bytes, linear)
[    0.297367] TCP established hash table entries: 4096 (order: 2, 16384 bytes, linear)
[    0.297409] TCP bind hash table entries: 4096 (order: 4, 65536 bytes, linear)
[    0.297509] TCP: Hash tables configured (established 4096 bind 4096)
[    0.297624] UDP hash table entries: 256 (order: 1, 14336 bytes, linear)
[    0.297657] UDP-Lite hash table entries: 256 (order: 1, 14336 bytes, linear)
[    0.297841] NET: Registered PF_UNIX/PF_LOCAL protocol family
[    0.301959] RPC: Registered named UNIX socket transport module.
[    0.301980] RPC: Registered udp transport module.
[    0.301985] RPC: Registered tcp transport module.
[    0.301990] RPC: Registered tcp-with-tls transport module.
[    0.301995] RPC: Registered tcp NFSv4.1 backchannel transport module.
[    0.302019] PCI: CLS 0 bytes, default 64
[    0.303434] Initialise system trusted keyrings
[    0.311968] workingset: timestamp_bits=14 max_order=17 bucket_order=3
[    0.313312] NFS: Registering the id_resolver key type
[    0.313378] Key type id_resolver registered
[    0.313384] Key type id_legacy registered
[    0.313492] jffs2: version 2.2. (NAND) (SUMMARY)  Â© 2001-2006 Red Hat, Inc.
[    0.313908] Key type asymmetric registered
[    0.313922] Asymmetric key parser 'x509' registered
[    0.313986] io scheduler mq-deadline registered
[    0.313997] io scheduler kyber registered
[    0.314069] io scheduler bfq registered
[    0.315627] ledtrig-cpu: registered to indicate activity on CPUs
[    0.321817] Serial: 8250/16550 driver, 6 ports, IRQ sharing enabled
[    0.360081] brd: module loaded
[    0.386990] loop: module loaded
[    0.387898] mtdoops: mtd device (mtddev=name/number) must be supplied
[    0.389599] mdio_bus fixed-0: using lookup tables for GPIO lookup
[    0.389622] mdio_bus fixed-0: No GPIO consumer reset found
[    0.390971] i2c_dev: i2c /dev entries driver
[    0.392103] cpuidle: enable-method property 'ti,am3352' found operations
[    0.392548] sdhci: Secure Digital Host Controller Interface driver
[    0.392556] sdhci: Copyright(c) Pierre Ossman
[    0.392739] sdhci-pltfm: SDHCI platform and OF driver helper
[    0.393743] Initializing XFRM netlink socket
[    0.393913] NET: Registered PF_INET6 protocol family
[    0.395912] Segment Routing with IPv6
[    0.395999] In-situ OAM (IOAM) with IPv6
[    0.396100] sit: IPv6, IPv4 and MPLS over IPv4 tunneling driver
[    0.397029] NET: Registered PF_PACKET protocol family
[    0.397061] NET: Registered PF_KEY protocol family
[    0.397172] Key type dns_resolver registered
[    0.397396] ThumbEE CPU extension supported.
[    0.397416] Registering SWP/SWPB emulation handler
[    0.397959] omap_voltage_late_init: Voltage driver support not added
[    0.398322] SmartReflex Class3 initialized
[    0.431579] Loading compiled-in X.509 certificates
[    0.475275] /ocp/interconnect@44c00000/segment@200000/target-module@b000/i2c@0/tda19988@70: Fixed dependency cycle(s) with /ocp/interconnect@48000000/segment@300000/target-module@e000/lcdc@0
[    0.481678] /ocp/interconnect@44c00000/segment@200000/target-module@b000/i2c@0/tda19988@70: Fixed dependency cycle(s) with /ocp/interconnect@48000000/segment@300000/target-module@e000/lcdc@0
[    0.487123] gpiochip_find_base_unlocked: found new base at 512
[    0.501624] /ocp/interconnect@44c00000/segment@200000/target-module@b000/i2c@0/tda19988@70: Fixed dependency cycle(s) with /ocp/interconnect@48000000/segment@300000/target-module@e000/lcdc@0
[    0.502532] /ocp/interconnect@44c00000/segment@200000/target-module@b000/i2c@0/tda19988@70: Fixed dependency cycle(s) with /ocp/interconnect@48000000/segment@300000/target-module@e000/lcdc@0
[    0.505938] /ocp/interconnect@44c00000/segment@200000/target-module@10000/scm@0/pinmux@800: Fixed dependency cycle(s) with /ocp/interconnect@44c00000/segment@200000/target-module@10000/scm@0/pinmux@800/clkout2-pins
[    0.506535] pinctrl-single 44e10800.pinmux: 142 pins, size 568
[    0.511821] ti-sysc 44e31000.target-module: probe with driver ti-sysc failed with error -16
[    0.547213] /ocp/interconnect@48000000/segment@300000/target-module@e000/lcdc@0: Fixed dependency cycle(s) with /ocp/interconnect@44c00000/segment@200000/target-module@b000/i2c@0/tda19988@70
[    0.555237] ti-sysc 48040000.target-module: probe with driver ti-sysc failed with error -16
[    0.566594] gpiochip_find_base_unlocked: found new base at 512
[    0.566692] gpio gpiochip0: (gpio-0-31): created GPIO range 0->7 ==> 44e10800.pinmux PIN 0->7
[    0.566712] gpio gpiochip0: (gpio-0-31): created GPIO range 8->11 ==> 44e10800.pinmux PIN 90->93
[    0.566728] gpio gpiochip0: (gpio-0-31): created GPIO range 12->27 ==> 44e10800.pinmux PIN 12->27
[    0.566743] gpio gpiochip0: (gpio-0-31): created GPIO range 28->31 ==> 44e10800.pinmux PIN 30->33
[    0.602376] gpio gpiochip0: (gpio-0-31): added GPIO chardev (254:0)
[    0.602533] gpio gpiochip0: registered GPIOs 512 to 543 on gpio-0-31
[    0.602616] OMAP GPIO hardware version 0.1
[    0.624439] i2c i2c-2: using DT '/ocp/interconnect@48000000/segment@100000/target-module@9c000/i2c@0' for 'scl' GPIO lookup
[    0.624512] of_get_named_gpiod_flags: can't parse 'scl-gpios' property of node '/ocp/interconnect@48000000/segment@100000/target-module@9c000/i2c@0[0]'
[    0.624555] of_get_named_gpiod_flags: can't parse 'scl-gpio' property of node '/ocp/interconnect@48000000/segment@100000/target-module@9c000/i2c@0[0]'
[    0.624590] i2c i2c-2: using lookup tables for GPIO lookup
[    0.624599] i2c i2c-2: No GPIO consumer scl found
[    0.624621] i2c i2c-2: using DT '/ocp/interconnect@48000000/segment@100000/target-module@9c000/i2c@0' for 'sda' GPIO lookup
[    0.624655] of_get_named_gpiod_flags: can't parse 'sda-gpios' property of node '/ocp/interconnect@48000000/segment@100000/target-module@9c000/i2c@0[0]'
[    0.624691] of_get_named_gpiod_flags: can't parse 'sda-gpio' property of node '/ocp/interconnect@48000000/segment@100000/target-module@9c000/i2c@0[0]'
[    0.624722] i2c i2c-2: using lookup tables for GPIO lookup
[    0.624730] i2c i2c-2: No GPIO consumer sda found
[    0.625442] omap_i2c 4819c000.i2c: bus 2 rev0.11 at 100 kHz
[    0.630780] gpiochip_find_base_unlocked: found new base at 544
[    0.630882] gpio gpiochip1: (gpio-32-63): created GPIO range 0->17 ==> 44e10800.pinmux PIN 34->51
[    0.630902] gpio gpiochip1: (gpio-32-63): created GPIO range 18->21 ==> 44e10800.pinmux PIN 77->80
[    0.630918] gpio gpiochip1: (gpio-32-63): created GPIO range 22->31 ==> 44e10800.pinmux PIN 56->65
[    0.644036] gpio gpiochip1: (gpio-32-63): added GPIO chardev (254:1)
[    0.644196] gpio gpiochip1: registered GPIOs 544 to 575 on gpio-32-63
[    0.646387] gpiochip_find_base_unlocked: found new base at 576
[    0.646478] gpio gpiochip2: (gpio-64-95): created GPIO range 0->4 ==> 44e10800.pinmux PIN 66->70
[    0.646498] gpio gpiochip2: (gpio-64-95): created GPIO range 5->6 ==> 44e10800.pinmux PIN 98->99
[    0.646513] gpio gpiochip2: (gpio-64-95): created GPIO range 7->8 ==> 44e10800.pinmux PIN 75->76
[    0.646529] gpio gpiochip2: (gpio-64-95): created GPIO range 13->13 ==> 44e10800.pinmux PIN 141->141
[    0.646544] gpio gpiochip2: (gpio-64-95): created GPIO range 14->21 ==> 44e10800.pinmux PIN 100->107
[    0.647190] gpio gpiochip2: (gpio-64-95): added GPIO chardev (254:2)
[    0.647325] gpio gpiochip2: registered GPIOs 576 to 607 on gpio-64-95
[    0.652903] 48000000.interconnect:segment@200000:target-module@0:mpu@0:fck: device ID is greater than 24
[    0.653787] /ocp/interconnect@48000000/segment@300000/target-module@e000/lcdc@0: Fixed dependency cycle(s) with /ocp/interconnect@44c00000/segment@200000/target-module@b000/i2c@0/tda19988@70
[    0.656474] /ocp/interconnect@48000000/segment@300000/target-module@e000/lcdc@0: Fixed dependency cycle(s) with /ocp/interconnect@44c00000/segment@200000/target-module@b000/i2c@0/tda19988@70
[    0.657165] /ocp/interconnect@44c00000/segment@200000/target-module@b000/i2c@0/tda19988@70: Fixed dependency cycle(s) with /ocp/interconnect@48000000/segment@300000/target-module@e000/lcdc@0
[    0.657332] /ocp/interconnect@48000000/segment@300000/target-module@e000/lcdc@0: Fixed dependency cycle(s) with /ocp/interconnect@44c00000/segment@200000/target-module@b000/i2c@0/tda19988@70
[    0.666761] mdio_bus 4a101000.mdio: using DT '/ocp/interconnect@4a000000/segment@0/target-module@100000/switch@0/mdio@1000' for 'reset' GPIO lookup
[    0.666833] of_get_named_gpiod_flags: can't parse 'reset-gpios' property of node '/ocp/interconnect@4a000000/segment@0/target-module@100000/switch@0/mdio@1000[0]'
[    0.666879] of_get_named_gpiod_flags: can't parse 'reset-gpio' property of node '/ocp/interconnect@4a000000/segment@0/target-module@100000/switch@0/mdio@1000[0]'
[    0.666925] mdio_bus 4a101000.mdio: using lookup tables for GPIO lookup
[    0.666934] mdio_bus 4a101000.mdio: No GPIO consumer reset found
[    0.668142] sdhci-omap 481d8000.mmc: using DT '/ocp/interconnect@48000000/segment@100000/target-module@d8000/mmc@0' for 'wp' GPIO lookup
[    0.668205] of_get_named_gpiod_flags: can't parse 'wp-gpios' property of node '/ocp/interconnect@48000000/segment@100000/target-module@d8000/mmc@0[0]'
[    0.668247] of_get_named_gpiod_flags: can't parse 'wp-gpio' property of node '/ocp/interconnect@48000000/segment@100000/target-module@d8000/mmc@0[0]'
[    0.668280] sdhci-omap 481d8000.mmc: using lookup tables for GPIO lookup
[    0.668289] sdhci-omap 481d8000.mmc: No GPIO consumer wp found
[    0.668482] sdhci-omap 481d8000.mmc: supply pbias not found, using dummy regulator
[    0.668981] sdhci-omap 481d8000.mmc: supply vqmmc not found, using dummy regulator
[    0.724995] davinci_mdio 4a101000.mdio: davinci mdio revision 1.6, bus freq 1000000
[    0.739792] mdio_bus 4a101000.mdio:00: using DT '/ocp/interconnect@4a000000/segment@0/target-module@100000/switch@0/mdio@1000/ethernet-phy@0' for 'reset' GPIO lookup
[    0.739893] of_get_named_gpiod_flags: parsed 'reset-gpios' property of node '/ocp/interconnect@4a000000/segment@0/target-module@100000/switch@0/mdio@1000/ethernet-phy@0[0]' - status (0)
[    0.740056] gpio gpiochip0: Persistence not supported for GPIO 8
[    0.875871] davinci_mdio 4a101000.mdio: phy[0]: device 4a101000.mdio:00, driver SMSC LAN8710/LAN8720
[    0.876660] cpsw-switch 4a100000.switch: initialized cpsw ale version 1.4
[    0.876684] cpsw-switch 4a100000.switch: ALE Table size 1024, Policers 0
[    0.876986] cpsw-switch 4a100000.switch: cpts: overflow check period 500 (jiffies)
[    0.877006] cpsw-switch 4a100000.switch: CPTS: ref_clk_freq:250000000 calc_mult:2147483648 calc_shift:29 error:0 nsec/sec
[    0.877116] cpsw-switch 4a100000.switch: Detected MACID = 6c:ec:eb:68:de:78
[    0.878910] cpsw-switch 4a100000.switch: initialized (regs 0x4a100000, pool size 256) hw_ver:0019010C 1.12 (0)
[    0.889775] debugfs: Directory '49000000.dma' with parent 'dmaengine' already present!
[    0.889816] edma 49000000.dma: TI EDMA DMA engine driver
[    0.937459] target-module@4b000000:target-module@140000:pmu@0:fck: device ID is greater than 24
[    0.970173] hw perfevents: enabled with armv7_cortex_a8 PMU driver, 5 (8000000f) counters available
[    0.971049] gpio-clk clk_mcasp0: using DT '/clk_mcasp0' for 'enable' GPIO lookup
[    0.971118] of_get_named_gpiod_flags: parsed 'enable-gpios' property of node '/clk_mcasp0[0]' - status (0)
[    0.971334] gpio gpiochip0: Persistence not supported for GPIO 27
[    0.972166] gpiochip_find_base_unlocked: found new base at 608
[    0.972274] gpio gpiochip3: (gpio-96-127): created GPIO range 0->7 ==> 44e10800.pinmux PIN 82->89
[    0.972294] gpio gpiochip3: (gpio-96-127): created GPIO range 8->11 ==> 44e10800.pinmux PIN 52->55
[    0.972310] gpio gpiochip3: (gpio-96-127): created GPIO range 12->15 ==> 44e10800.pinmux PIN 94->97
[    0.972326] gpio gpiochip3: (gpio-96-127): created GPIO range 16->17 ==> 44e10800.pinmux PIN 71->72
[    0.972342] gpio gpiochip3: (gpio-96-127): created GPIO range 18->18 ==> 44e10800.pinmux PIN 135->135
[    0.972358] gpio gpiochip3: (gpio-96-127): created GPIO range 19->20 ==> 44e10800.pinmux PIN 108->109
[    0.972374] gpio gpiochip3: (gpio-96-127): created GPIO range 21->21 ==> 44e10800.pinmux PIN 73->73
[    0.972391] gpio gpiochip3: (gpio-96-127): created GPIO range 22->23 ==> 44e10800.pinmux PIN 8->9
[    0.972408] gpio gpiochip3: (gpio-96-127): created GPIO range 26->27 ==> 44e10800.pinmux PIN 10->11
[    0.972426] gpio gpiochip3: (gpio-96-127): created GPIO range 28->28 ==> 44e10800.pinmux PIN 74->74
[    0.972443] gpio gpiochip3: (gpio-96-127): created GPIO range 29->29 ==> 44e10800.pinmux PIN 81->81
[    0.972462] gpio gpiochip3: (gpio-96-127): created GPIO range 30->31 ==> 44e10800.pinmux PIN 28->29
[    0.978180] l3-aon-clkctrl:0000:0: failed to disable
[    0.999852] gpio gpiochip3: (gpio-96-127): added GPIO chardev (254:3)
[    1.000009] gpio gpiochip3: registered GPIOs 608 to 639 on gpio-96-127
[    1.012998] omap8250 44e09000.serial: using DT '/ocp/interconnect@44c00000/segment@200000/target-module@9000/serial@0' for 'rs485-term' GPIO lookup
[    1.013072] of_get_named_gpiod_flags: can't parse 'rs485-term-gpios' property of node '/ocp/interconnect@44c00000/segment@200000/target-module@9000/serial@0[0]'
[    1.013116] of_get_named_gpiod_flags: can't parse 'rs485-term-gpio' property of node '/ocp/interconnect@44c00000/segment@200000/target-module@9000/serial@0[0]'
[    1.013151] omap8250 44e09000.serial: using lookup tables for GPIO lookup
[    1.013161] omap8250 44e09000.serial: No GPIO consumer rs485-term found
[    1.013171] omap8250 44e09000.serial: using DT '/ocp/interconnect@44c00000/segment@200000/target-module@9000/serial@0' for 'rs485-rx-during-tx' GPIO lookup
[    1.013206] of_get_named_gpiod_flags: can't parse 'rs485-rx-during-tx-gpios' property of node '/ocp/interconnect@44c00000/segment@200000/target-module@9000/serial@0[0]'
[    1.013242] of_get_named_gpiod_flags: can't parse 'rs485-rx-during-tx-gpio' property of node '/ocp/interconnect@44c00000/segment@200000/target-module@9000/serial@0[0]'
[    1.013274] omap8250 44e09000.serial: using lookup tables for GPIO lookup
[    1.013282] omap8250 44e09000.serial: No GPIO consumer rs485-rx-during-tx found
[    1.013658] 44e09000.serial: ttyS0 at MMIO 0x44e09000 (irq = 34, base_baud = 3000000) is a 8250
[    1.013746] printk: legacy console [ttyS0] enabled
[    2.435704] i2c i2c-0: using DT '/ocp/interconnect@44c00000/segment@200000/target-module@b000/i2c@0' for 'scl' GPIO lookup
[    2.435792] of_get_named_gpiod_flags: can't parse 'scl-gpios' property of node '/ocp/interconnect@44c00000/segment@200000/target-module@b000/i2c@0[0]'
[    2.435838] of_get_named_gpiod_flags: can't parse 'scl-gpio' property of node '/ocp/interconnect@44c00000/segment@200000/target-module@b000/i2c@0[0]'
[    2.435877] i2c i2c-0: using lookup tables for GPIO lookup
[    2.435891] i2c i2c-0: No GPIO consumer scl found
[    2.435915] i2c i2c-0: using DT '/ocp/interconnect@44c00000/segment@200000/target-module@b000/i2c@0' for 'sda' GPIO lookup
[    2.435955] of_get_named_gpiod_flags: can't parse 'sda-gpios' property of node '/ocp/interconnect@44c00000/segment@200000/target-module@b000/i2c@0[0]'
[    2.435996] of_get_named_gpiod_flags: can't parse 'sda-gpio' property of node '/ocp/interconnect@44c00000/segment@200000/target-module@b000/i2c@0[0]'
[    2.436030] i2c i2c-0: using lookup tables for GPIO lookup
[    2.436041] i2c i2c-0: No GPIO consumer sda found
[    2.452166] tps65217-pmic: Failed to locate of_node [id: -1]
[    2.458217] tps65217-bl: Failed to locate of_node [id: -1]
[    2.469530] tps65217 0-0024: TPS65217 ID 0xe version 1.2
[    2.475657] /ocp/interconnect@48000000/segment@300000/target-module@e000/lcdc@0: Fixed dependency cycle(s) with /ocp/interconnect@44c00000/segment@200000/target-module@b000/i2c@0/tda19988@70
[    2.493040] /ocp/interconnect@44c00000/segment@200000/target-module@b000/i2c@0/tda19988@70: Fixed dependency cycle(s) with /ocp/interconnect@48000000/segment@300000/target-module@e000/lcdc@0
[    2.510415] omap_i2c 44e0b000.i2c: bus 0 rev0.11 at 400 kHz
[    2.518200] sdhci-omap 48060000.mmc: using DT '/ocp/interconnect@48000000/segment@0/target-module@60000/mmc@0' for 'cd' GPIO lookup
[    2.518307] of_get_named_gpiod_flags: parsed 'cd-gpios' property of node '/ocp/interconnect@48000000/segment@0/target-module@60000/mmc@0[0]' - status (0)
[    2.518372] gpio gpiochip3: Persistence not supported for GPIO 6
[    2.518398] omap_gpio 44e07000.gpio: Could not set line 6 debounce to 200000 microseconds (-22)
[    2.527277] sdhci-omap 48060000.mmc: Got CD GPIO
[    2.531957] sdhci-omap 48060000.mmc: using DT '/ocp/interconnect@48000000/segment@0/target-module@60000/mmc@0' for 'wp' GPIO lookup
[    2.532008] of_get_named_gpiod_flags: can't parse 'wp-gpios' property of node '/ocp/interconnect@48000000/segment@0/target-module@60000/mmc@0[0]'
[    2.532050] of_get_named_gpiod_flags: can't parse 'wp-gpio' property of node '/ocp/interconnect@48000000/segment@0/target-module@60000/mmc@0[0]'
[    2.532089] sdhci-omap 48060000.mmc: using lookup tables for GPIO lookup
[    2.532103] sdhci-omap 48060000.mmc: No GPIO consumer wp found
[    2.532312] sdhci-omap 48060000.mmc: supply pbias not found, using dummy regulator
[    2.540969] sdhci-omap 481d8000.mmc: using DT '/ocp/interconnect@48000000/segment@100000/target-module@d8000/mmc@0' for 'wp' GPIO lookup
[    2.541042] of_get_named_gpiod_flags: can't parse 'wp-gpios' property of node '/ocp/interconnect@48000000/segment@100000/target-module@d8000/mmc@0[0]'
[    2.541088] of_get_named_gpiod_flags: can't parse 'wp-gpio' property of node '/ocp/interconnect@48000000/segment@100000/target-module@d8000/mmc@0[0]'
[    2.541128] sdhci-omap 481d8000.mmc: using lookup tables for GPIO lookup
[    2.541141] sdhci-omap 481d8000.mmc: No GPIO consumer wp found
[    2.542223] sdhci-omap 48060000.mmc: supply vqmmc not found, using dummy regulator
[    2.550801] sdhci-omap 481d8000.mmc: supply pbias not found, using dummy regulator
[    2.559415] sdhci-omap 481d8000.mmc: supply vqmmc not found, using dummy regulator
[    2.594889] mmc0: SDHCI controller on 48060000.mmc [48060000.mmc] using External DMA
[    2.603187] mmc1: SDHCI controller on 481d8000.mmc [481d8000.mmc] using External DMA
[    2.612013] cpsw-switch 4a100000.switch: starting ndev. mode: dual_mac
[    2.663381] mmc0: new high speed SDHC card at address 5048
[    2.670404] mmcblk0: mmc0:5048 SD16G 14.4 GiB
[    2.678483]  mmcblk0: p1 p2
[    2.681947] mmcblk0: p2 size 31221760 extends beyond EOD, truncated
[    2.692420] SMSC LAN8710/LAN8720 4a101000.mdio:00: attached PHY driver (mii_bus:phy_addr=4a101000.mdio:00, irq=POLL)
[    2.712240] mmc1: new high speed MMC card at address 0001
[    2.719014] mmcblk1: mmc1:0001 MMC04G 3.60 GiB
[    2.726502]  mmcblk1: p1 p2
[    2.730876] mmcblk1boot0: mmc1:0001 MMC04G 2.00 MiB
[    2.737974] mmcblk1boot1: mmc1:0001 MMC04G 2.00 MiB
[    2.745205] mmcblk1rpmb: mmc1:0001 MMC04G 128 KiB, chardev (250:0)
[    5.841965] cpsw-switch 4a100000.switch eth0: Link is Up - 100Mbps/Full - flow control off
[    5.881447] IP-Config: Complete:
[    5.884725]      device=eth0, hwaddr=6c:ec:eb:68:de:78, ipaddr=192.168.255.1, mask=255.255.255.0, gw=255.255.255.255
