Labgrid Console Logfile for main
Logfile started at 2024-11-12 15:03:56.907606
=== Log starts here ===
reading args
spl_load_image_fat_os: error reading image args, err - -1
reading u-boot.img
reading u-boot.img


U-Boot 2014.04-00014-g47880f5 (Apr 22 2014 - 13:23:54)

I2C:   ready
DRAM:  512 MiB
NAND:  0 MiB
MMC:   OMAP SD/MMC: 0, OMAP SD/MMC: 1
*** Warning - readenv() failed, using default environment

Net:   <ethaddr> not set. Validating first E-fuse MAC
cpsw, usb_ether
Hit any key to stop autoboot:  1  0 
gpio: pin 53 (gpio 53) value is 1
mmc0 is current device
gpio: pin 54 (gpio 54) value is 1
SD/MMC found on device 0
reading uEnv.txt
569 bytes read in 4 ms (138.7 KiB/s)
gpio: pin 55 (gpio 55) value is 1
Loaded environment from uEnv.txt
Importing environment from mmc ...
Checking if uenvcmd is set ...
gpio: pin 56 (gpio 56) value is 1
Running uenvcmd ...
cpsw Waiting for PHY auto negotiation to complete. done
link up on port 0, speed 100, full duplex
Using cpsw device
TFTP from server 192.168.255.126; our IP address is 192.168.255.1
Filename 'zImage'.
Load address: 0x81000000
Loading: *#################################################################
	 #################################################################
	 #################################################################
	 #################################################################
	 #################################################################
	 ###############################################
	 2.4 MiB/s
done
Bytes transferred = 5450984 (532ce8 hex)
link up on port 0, speed 100, full duplex
Using cpsw device
TFTP from server 192.168.255.126; our IP address is 192.168.255.1
Filename 'am335x-boneblack.dtb'.
Load address: 0x82000000
Loading: *#######
	 1.7 MiB/s
done
Bytes transferred = 97996 (17ecc hex)
Kernel image @ 0x81000000 [ 0x000000 - 0x532ce8 ]
## Flattened Device Tree blob at 82000000
   Booting using the fdt blob at 0x82000000
   Using Device Tree in place at 82000000, end 8201aecb

Starting kernel ...

[    0.000000] Booting Linux on physical CPU 0x0
[    0.000000] Linux version 6.11.7 (user01@drvtest01) (arm-linux-gnueabihf-gcc (Linaro GCC 6.4-2017.11) 6.4.1 20171012, GNU ld (Linaro_Binutils-2017.11) 2.27.0.20161229) #6 SMP Tue Nov 12 15:03:05 EET 2024
[    0.000000] CPU: ARMv7 Processor [413fc082] revision 2 (ARMv7), cr=10c5387d
[    0.000000] CPU: PIPT / VIPT nonaliasing data cache, VIPT aliasing instruction cache
[    0.000000] OF: fdt: Machine model: TI AM335x BeagleBone Black
[    0.000000] Memory policy: Data cache writeback
[    0.000000] cma: Reserved 16 MiB at 0x9e800000 on node -1
[    0.000000] Zone ranges:
[    0.000000]   Normal   [mem 0x0000000080000000-0x000000009fdfffff]
[    0.000000]   HighMem  empty
[    0.000000] Movable zone start for each node
[    0.000000] Early memory node ranges
[    0.000000]   node   0: [mem 0x0000000080000000-0x000000009fdfffff]
[    0.000000] Initmem setup node 0 [mem 0x0000000080000000-0x000000009fdfffff]
[    0.000000] CPU: All CPU(s) started in SVC mode.
[    0.000000] AM335X ES2.1 (sgx neon)
[    0.000000] percpu: Embedded 17 pages/cpu s39628 r8192 d21812 u69632
[    0.000000] Kernel command line: console=ttyO0,115200n8 root=/dev/nfs rw nfsroot=192.168.255.126:/home/user01/nfs,nfsvers=3 ip=192.168.255.1:192.168.255.126::255.255.255.0:bbb1:eth0 nfsrootdebug
[    0.000000] Unknown kernel command line parameters "nfsrootdebug", will be passed to user space.
[    0.000000] Dentry cache hash table entries: 65536 (order: 6, 262144 bytes, linear)
[    0.000000] Inode-cache hash table entries: 32768 (order: 5, 131072 bytes, linear)
[    0.000000] Built 1 zonelists, mobility grouping on.  Total pages: 130560
[    0.000000] mem auto-init: stack:off, heap alloc:off, heap free:off
[    0.000000] SLUB: HWalign=64, Order=0-3, MinObjects=0, CPUs=1, Nodes=1
[    0.000000] trace event string verifier disabled
[    0.000000] rcu: Hierarchical RCU implementation.
[    0.000000] rcu: 	RCU event tracing is enabled.
[    0.000000] rcu: 	RCU restricting CPUs from NR_CPUS=2 to nr_cpu_ids=1.
[    0.000000] rcu: RCU calculated value of scheduler-enlistment delay is 10 jiffies.
[    0.000000] rcu: Adjusting geometry for rcu_fanout_leaf=16, nr_cpu_ids=1
[    0.000000] NR_IRQS: 16, nr_irqs: 16, preallocated irqs: 16
[    0.000000] IRQ: Found an INTC at 0x(ptrval) (revision 5.0) with 128 interrupts
[    0.000000] rcu: srcu_init: Setting srcu_struct sizes based on contention.
[    0.000000] TI gptimer clocksource: always-on /ocp/interconnect@44c00000/segment@200000/target-module@31000
[    0.000002] sched_clock: 32 bits at 24MHz, resolution 41ns, wraps every 89478484971ns
[    0.000029] clocksource: dmtimer: mask: 0xffffffff max_cycles: 0xffffffff, max_idle_ns: 79635851949 ns
[    0.000509] TI gptimer clockevent: 24000000 Hz at /ocp/interconnect@48000000/segment@0/target-module@40000
[    0.002125] Console: colour dummy device 80x30
[    0.002194] WARNING: Your 'console=ttyO0' has been replaced by 'ttyS0'
[    0.002204] This ensures that you still see kernel messages. Please
[    0.002210] update your kernel commandline.
[    0.002253] Calibrating delay loop... 996.14 BogoMIPS (lpj=4980736)
[    0.090565] CPU: Testing write buffer coherency: ok
[    0.090672] CPU0: Spectre v2: using BPIALL workaround
[    0.090685] pid_max: default: 32768 minimum: 301
[    0.090808] LSM: initializing lsm=capability
[    0.090977] Mount-cache hash table entries: 1024 (order: 0, 4096 bytes, linear)
[    0.091000] Mountpoint-cache hash table entries: 1024 (order: 0, 4096 bytes, linear)
[    0.092537] CPU0: thread -1, cpu 0, socket -1, mpidr 0
[    0.094248] Setting up static identity map for 0x80100000 - 0x80100078
[    0.094560] rcu: Hierarchical SRCU implementation.
[    0.094573] rcu: 	Max phase no-delay instances is 1000.
[    0.096240] smp: Bringing up secondary CPUs ...
[    0.096301] smp: Brought up 1 node, 1 CPU
[    0.096316] SMP: Total of 1 processors activated (996.14 BogoMIPS).
[    0.096329] CPU: All CPU(s) started in SVC mode.
[    0.096524] Memory: 480876K/522240K available (11264K kernel code, 1197K rwdata, 2856K rodata, 1024K init, 297K bss, 23344K reserved, 16384K cma-reserved, 0K highmem)
[    0.097333] devtmpfs: initialized
[    0.113894] VFP support v0.3: implementor 41 architecture 3 part 30 variant c rev 3
[    0.114260] clocksource: jiffies: mask: 0xffffffff max_cycles: 0xffffffff, max_idle_ns: 19112604462750000 ns
[    0.114297] futex hash table entries: 256 (order: 2, 16384 bytes, linear)
[    0.115567] pinctrl core: initialized pinctrl subsystem
[    0.118318] NET: Registered PF_NETLINK/PF_ROUTE protocol family
[    0.121312] DMA: preallocated 256 KiB pool for atomic coherent allocations
[    0.122286] audit: initializing netlink subsys (disabled)
[    0.123671] thermal_sys: Registered thermal governor 'fair_share'
[    0.123694] thermal_sys: Registered thermal governor 'step_wise'
[    0.123705] thermal_sys: Registered thermal governor 'user_space'
[    0.123823] audit: type=2000 audit(0.120:1): state=initialized audit_enabled=0 res=1
[    0.123897] cpuidle: using governor menu
[    0.142771] No ATAGs?
[    0.142803] hw-breakpoint: debug architecture 0x4 unsupported.
[    0.145688] kprobes: kprobe jump-optimization is enabled. All kprobes are optimized if possible.
[    0.163951] iommu: Default domain type: Translated
[    0.163977] iommu: DMA domain TLB invalidation policy: strict mode
[    0.171335] SCSI subsystem initialized
[    0.181316] pps_core: LinuxPPS API ver. 1 registered
[    0.181327] pps_core: Software ver. 5.3.6 - Copyright 2005-2007 Rodolfo Giometti <giometti@linux.it>
[    0.181355] PTP clock support registered
[    0.183322] vgaarb: loaded
[    0.183723] clocksource: Switched to clocksource dmtimer
[    0.184315] VFS: Disk quotas dquot_6.6.0
[    0.184363] VFS: Dquot-cache hash table entries: 1024 (order 0, 4096 bytes)
[    0.210757] NET: Registered PF_INET protocol family
[    0.211117] IP idents hash table entries: 8192 (order: 4, 65536 bytes, linear)
[    0.212527] tcp_listen_portaddr_hash hash table entries: 512 (order: 0, 4096 bytes, linear)
[    0.212568] Table-perturb hash table entries: 65536 (order: 6, 262144 bytes, linear)
[    0.212586] TCP established hash table entries: 4096 (order: 2, 16384 bytes, linear)
[    0.212630] TCP bind hash table entries: 4096 (order: 4, 65536 bytes, linear)
[    0.212731] TCP: Hash tables configured (established 4096 bind 4096)
[    0.212855] UDP hash table entries: 256 (order: 1, 8192 bytes, linear)
[    0.212886] UDP-Lite hash table entries: 256 (order: 1, 8192 bytes, linear)
[    0.213059] NET: Registered PF_UNIX/PF_LOCAL protocol family
[    0.224184] RPC: Registered named UNIX socket transport module.
[    0.224213] RPC: Registered udp transport module.
[    0.224220] RPC: Registered tcp transport module.
[    0.224226] RPC: Registered tcp-with-tls transport module.
[    0.224233] RPC: Registered tcp NFSv4.1 backchannel transport module.
[    0.224259] PCI: CLS 0 bytes, default 64
[    0.225728] Initialise system trusted keyrings
[    0.226497] workingset: timestamp_bits=14 max_order=17 bucket_order=3
[    0.228161] NFS: Registering the id_resolver key type
[    0.228256] Key type id_resolver registered
[    0.228266] Key type id_legacy registered
[    0.228318] jffs2: version 2.2. (NAND) (SUMMARY)  Â© 2001-2006 Red Hat, Inc.
[    0.228722] Key type asymmetric registered
[    0.228740] Asymmetric key parser 'x509' registered
[    0.228809] io scheduler mq-deadline registered
[    0.228822] io scheduler kyber registered
[    0.228892] io scheduler bfq registered
[    0.244147] Serial: 8250/16550 driver, 6 ports, IRQ sharing enabled
[    0.282969] brd: module loaded
[    0.299767] loop: module loaded
[    0.300703] mtdoops: mtd device (mtddev=name/number) must be supplied
[    0.304006] i2c_dev: i2c /dev entries driver
[    0.305004] cpuidle: enable-method property 'ti,am3352' found operations
[    0.305449] sdhci: Secure Digital Host Controller Interface driver
[    0.305461] sdhci: Copyright(c) Pierre Ossman
[    0.305636] sdhci-pltfm: SDHCI platform and OF driver helper
[    0.313905] ledtrig-cpu: registered to indicate activity on CPUs
[    0.314892] Initializing XFRM netlink socket
[    0.315019] NET: Registered PF_INET6 protocol family
[    0.324891] Segment Routing with IPv6
[    0.324988] In-situ OAM (IOAM) with IPv6
[    0.325090] sit: IPv6, IPv4 and MPLS over IPv4 tunneling driver
[    0.326055] NET: Registered PF_PACKET protocol family
[    0.326099] NET: Registered PF_KEY protocol family
[    0.326230] Key type dns_resolver registered
[    0.326500] ThumbEE CPU extension supported.
[    0.326523] Registering SWP/SWPB emulation handler
[    0.327048] omap_voltage_late_init: Voltage driver support not added
[    0.327404] SmartReflex Class3 initialized
[    0.366220] Loading compiled-in X.509 certificates
[    0.433424] platform 44e10800.pinmux: Fixed dependency cycle(s) with /ocp/interconnect@44c00000/segment@200000/target-module@10000/scm@0/pinmux@800/clkout2-pins
[    0.434214] pinctrl-single 44e10800.pinmux: 142 pins, size 568
[    0.439312] ti-sysc 44e31000.target-module: probe with driver ti-sysc failed with error -16
[    0.474943] ti-sysc 48040000.target-module: probe with driver ti-sysc failed with error -16
[    0.515794] OMAP GPIO hardware version 0.1
[    0.540210] omap_i2c 4819c000.i2c: bus 2 rev0.11 at 100 kHz
[    0.585510] 48000000.interconnect:segment@200000:target-module@0:mpu@0:fck: device ID is greater than 24
[    0.589640] platform 4830e000.lcdc: Fixed dependency cycle(s) with /ocp/interconnect@44c00000/segment@200000/target-module@b000/i2c@0/tda19988@70
[    0.600964] sdhci-omap 481d8000.mmc: supply pbias not found, using dummy regulator
[    0.601437] sdhci-omap 481d8000.mmc: supply vqmmc not found, using dummy regulator
[    0.677340] davinci_mdio 4a101000.mdio: davinci mdio revision 1.6, bus freq 1000000
[    0.813632] davinci_mdio 4a101000.mdio: phy[0]: device 4a101000.mdio:00, driver SMSC LAN8710/LAN8720
[    0.814332] cpsw-switch 4a100000.switch: initialized cpsw ale version 1.4
[    0.814356] cpsw-switch 4a100000.switch: ALE Table size 1024
[    0.814646] cpsw-switch 4a100000.switch: cpts: overflow check period 500 (jiffies)
[    0.814672] cpsw-switch 4a100000.switch: CPTS: ref_clk_freq:250000000 calc_mult:2147483648 calc_shift:29 error:0 nsec/sec
[    0.814777] cpsw-switch 4a100000.switch: Detected MACID = 6c:ec:eb:68:de:78
[    0.816617] cpsw-switch 4a100000.switch: initialized (regs 0x4a100000, pool size 256) hw_ver:0019010C 1.12 (0)
[    0.827572] debugfs: Directory '49000000.dma' with parent 'dmaengine' already present!
[    0.827620] edma 49000000.dma: TI EDMA DMA engine driver
[    0.871381] target-module@4b000000:target-module@140000:pmu@0:fck: device ID is greater than 24
[    0.909033] hw perfevents: enabled with armv7_cortex_a8 PMU driver, 5 counters available
[    0.916675] l3-aon-clkctrl:0000:0: failed to disable
[    0.920171] 44e09000.serial: ttyS0 at MMIO 0x44e09000 (irq = 34, base_baud = 3000000) is a 8250
[    0.920256] printk: legacy console [ttyS0] enabled
 [    2.164829] tps65217-pmic: Failed to locate of_node [id: -1 ]
[    2.170918] tps65217-bl: Failed to locate of_node [id: -1]
[    2.182093] tps65217 0-0024: TPS65217 ID 0xe version 1.2
[    2.188245] platform 4830e000.lcdc: Fixed dependency cycle(s) wiio:00: attached PHY driver (mii_bus:phy_addr=4a101000.mdio:00, irq=POLL)
[    2.425313] mmcblk1boot0: mmc1:0001 MMC04G 2.00 MiB
[    2.438189] mmcblk1boot1: mmc1:0001 MMC04G 2.00 MiB
[    2.445653] mmcblk1rpmb: mmc1:0001 MMC04G 128 KiB, chardev (250:0)
[    5.604471] cpsw-switch 4a100000.switch eth0: Link is Up - 100Mbps/Full - flow control off
[    5.643962] IP-Config: Complete:
[    5.647236]      device=eth0, hwaddr=6c:ec:eb:68:de:78, ipaddr=192.168.255.1, mask=255.255.255.0, gw=255.255.255.255
[    5.657898]      host=bbb1, domain=, nis-domain=(none)
[    5.663067]      bootserver=192.168.255.126, rootserver=192.168.255.126, rootpath=
[    5.663497] clk: Disabling unused clocks
[    5.675337] PM: genpd: Disabling unused power domains
[    5.680450] KTAP version 1
[    5.683171] 1..0
[    5.712102] VFS: Mounted root (nfs filesystem) on device 0:17.
[    5.719312] devtmpfs: mounted
[    5.724117] Freeing unused kernel image (initmem) memory: 1024K
[    5.730882] Run /sbin/init as init process
[    6.431498] systemd[1]: System time before build time, advancing clock.
[    7.903745] random: crng init done
[    7.974577] systemd[1]: systemd 232 running in system mode. (+PAM +AUDIT +SELINUX +IMA +APPARMOR +SMACK +SYSVINIT +UTMP +LIBCRYPTSETUP +GCRYPT +GNUTLS +ACL +XZ +LZ4 +SECCOMP +BLKID +ELFUTILS +KMOD +IDN)
[    7.993540] systemd[1]: Detected architecture arm.

Welcome to [1mDebian GNU/Linux 9 (stretch)[0m!

[    8.036847] systemd[1]: Set hostname to <arm>.
[    9.121509] systemd[1]: Listening on Journal Socket (/dev/log).
[[0;32m  OK  [0m] Listening on Journal Socket (/dev/log).
[    9.154420] systemd[1]: Listening on udev Kernel Socket.
[[0;32m  OK  [0m] Listening on udev Kernel Socket.
[    9.195697] systemd[1]: Listening on /dev/initctl Compatibility Named Pipe.
[[0;32m  OK  [0m] Listening on /dev/initctl Compatibility Named Pipe.
[    9.234667] systemd[1]: Started Dispatch Password Requests to Console Directory Watch.
[[0;32m  OK  [0m] Started Dispatch Password Requests to Console Directory Watch.
[    9.274066] systemd[1]: Reached target Remote File Systems.
[[0;32m  OK  [0m] Reached target Remote File Systems.
[    9.314694] systemd[1]: Listening on Journal Audit Socket.
[[0;32m  OK  [0m] Listening on Journal Audit Socket.
[    9.354077] systemd[1]: Reached target Swap.
[[0;32m  OK  [0m] Reached target Swap.
[[0;32m  OK  [0m] Listening on Syslog Socket.
[[0;32m  OK  [0m] Set up automount Arbitrary Executabâ€¦rmats File System Automount Point.
[[0;32m  OK  [0m] Created slice System Slice.
         Mounting POSIX Message Queue File System...
         Mounting Debug File System...
[[0;32m  OK  [0m] Created slice system-serial\x2dgetty.slice.
[[0;32m  OK  [0m] Created slice system-getty.slice.
[[0;32m  OK  [0m] Listening on udev Control Socket.
[[0;32m  OK  [0m] Started Forward Password Requests to Wall Directory Watch.
[[0;32m  OK  [0m] Reached target Encrypted Volumes.
[[0;32m  OK  [0m] Created slice User and Session Slice.
[[0;32m  OK  [0m] Reached target Slices.
[[0;32m  OK  [0m] Reached target Paths.
[[0;32m  OK  [0m] Listening on Journal Socket.
         Starting Journal Service...
         Starting Load Kernel Modules...
         Starting Remount Root and Kernel File Systems...
         Starting Create list of required stâ€¦ce nodes for the current kernel...
[[0;32m  OK  [0m] Mounted POSIX Message Queue File System.
[[0;32m  OK  [0m] Mounted Debug File System.
[[0;32m  OK  [0m] Started Load Kernel Modules.
[[0;32m  OK  [0m] Started Remount Root and Kernel File Systems.
[[0;32m  OK  [0m] Started Create list of required staâ€¦vice nodes for the current kernel.
         Starting Create Static Device Nodes in /dev...
         Starting Load/Save Random Seed...
         Starting udev Coldplug all Devices...
         Starting Apply Kernel Variables...
         Mounting Configuration File System...
[[0;32m  OK  [0m] Mounted Configuration File System.
[[0;32m  OK  [0m] Started Load/Save Random Seed.
[[0;32m  OK  [0m] Started Apply Kernel Variables.
[[0;32m  OK  [0m] Started Journal Service.
         Starting Flush Journal to Persistent Storage...
[[0;32m  OK  [0m] Started Create Static Device Nodes in /dev.
         Starting udev Kernel Device Manager...
[[0;32m  OK  [0m] Reached target Local File Systems (Pre).
[[0;32m  OK  [0m] Reached target Local File Systems.
         Starting Raise network interfaces...
[   11.342592] systemd-journald[83]: Received request to flush runtime journal from PID 1
[[0;32m  OK  [0m] Started Flush Journal to Persistent Storage.
         Starting Create Volatile Files and Directories...
[[0;32m  OK  [0m] Started udev Kernel Device Manager.
[[0;32m  OK  [0m] Started Create Volatile Files and Directories.
         Starting Update UTMP about System Boot/Shutdown...
         Starting Network Time Synchronization...
[[0;32m  OK  [0m] Started Update UTMP about System Boot/Shutdown.
[[0;32m  OK  [0m] Started Network Time Synchronization.
[[0;32m  OK  [0m] Reached target System Time Synchronized.
[[0;32m  OK  [0m] Started udev Coldplug all Devices.
[[0;32m  OK  [0m] Reached target System Initialization.
[[0;32m  OK  [0m] Started Daily Cleanup of Temporary Directories.
[[0;32m  OK  [0m] Listening on D-Bus System Message Bus Socket.
[[0;32m  OK  [0m] Listening on Avahi mDNS/DNS-SD Stack Activation Socket.
[[0;32m  OK  [0m] Reached target Sockets.
[[0;32m  OK  [0m] Reached target Basic System.
         Starting LSB: Start busybox udhcpd at boot time...
         Starting Telephony service...
         Starting Cape Manager Service...
[[0;32m  OK  [0m] Started D-Bus System Message Bus.
[   14.999289] remoteproc remoteproc0: wkup_m3 is available
[   15.065932] omap_rtc 44e3e000.rtc: registered as rtc0
[   15.071141] omap_rtc 44e3e000.rtc: setting system clock to 2000-01-01T00:00:00 UTC (946684800)
[   15.295125] omap_wdt: OMAP Watchdog Timer Rev 0x01: initial timeout 60 sec
[   15.570354] tps6521x_pwrbutton tps65217-pwrbutton: DMA mask not set
[   15.639266] at24 2-0054: supply vcc not found, using dummy regulator
[   15.652764] input: tps65217_pwrbutton as /devices/platform/ocp/44c00000.interconnect/44c00000.interconnect:segment@200000/44e0b000.target-module/44e0b000.i2c/i2c-0/0-0024/tps65217-pwrbutton/input/input0
[   15.767836] wkup_m3_ipc 44e11324.wkup_m3_ipc: IPC Request for A8->M3 Channel failed! -517
[   15.903921] at24 2-0055: supply vcc not found, using dummy regulator
[   16.026147] at24 2-0056: supply vcc not found, using dummy regulator
[   16.133942] at24 2-0057: supply vcc not found, using dummy regulator
[   16.197393] at24 0-0050: 32768 byte 24c256 EEPROM, writable, 1 bytes/write
[   16.223909] wkup_m3_ipc 44e11324.wkup_m3_ipc: IPC Request for A8->M3 Channel failed! -517
[   16.285574] am335x-phy-driver 47401300.usb-phy: dummy supplies not allowed for exclusive requests (id=vbus)
[   16.414213] am335x-phy-driver 47401b00.usb-phy: dummy supplies not allowed for exclusive requests (id=vbus)
[   16.444966] wkup_m3_ipc 44e11324.wkup_m3_ipc: IPC Request for A8->M3 Channel failed! -517
[   16.528291] wkup_m3_ipc 44e11324.wkup_m3_ipc: IPC Request for A8->M3 Channel failed! -517
[   16.685551] usbcore: registered new interface driver usbfs
[   16.692149] usbcore: registered new interface driver hub
[   16.697795] usbcore: registered new device driver usb
[   17.270147] wkup_m3_ipc 44e11324.wkup_m3_ipc: IPC Request for A8->M3 Channel failed! -517
[   17.341171] musb-hdrc musb-hdrc.1: MUSB HDRC host driver
[   17.346828] musb-hdrc musb-hdrc.1: new USB bus registered, assigned bus number 1
[   17.365629] wkup_m3_ipc 44e11324.wkup_m3_ipc: IPC Request for A8->M3 Channel failed! -517
[   17.500526] usb usb1: New USB device found, idVendor=1d6b, idProduct=0002, bcdDevice= 6.11
[   17.510140] usb usb1: New USB device strings: Mfr=3, Product=2, SerialNumber=1
[   17.517560] usb usb1: Product: MUSB HDRC host driver
[   17.522556] usb usb1: Manufacturer: Linux 6.11.7 musb-hcd
[   17.528042] usb usb1: SerialNumber: musb-hdrc.1
[   17.535433] omap-mailbox 480c8000.mailbox: omap mailbox rev 0x400
[   17.588067] remoteproc remoteproc0: powering up wkup_m3
[   17.633424] tda998x 0-0070: found TDA19988
[   17.668238] hub 1-0:1.0: USB hub found
[   17.715352] hub 1-0:1.0: 1 port detected
[   17.740902] remoteproc remoteproc0: Direct firmware load for am335x-pm-firmware.elf failed with error -2
[   17.750779] remoteproc remoteproc0: request_firmware failed: -2
[   17.756807] wkup_m3_ipc 44e11324.wkup_m3_ipc: rproc_boot failed
[[0;32m  OK  [0m] Started Telephony service.
         Starting Connection service...
         Starting DUN service...
[   19.590402] omap_rng 48310000.rng: Random Number Generator ver. 20
         Starting Avahi mDNS/DNS-SD Stack...
[   19.695418] tilcdc 4830e000.lcdc: bound 0-0070 (ops tda998x_driver_exit [tda998x])
         Starting Login Service...
[   19.842330] [drm] Initialized tilcdc 1.0.0 for 4830e000.lcdc on minor 0
         Starting System Logging Service...
[   19.949385] tilcdc 4830e000.lcdc: [drm] Cannot find any crtc or sizes
[   19.960616] tilcdc 4830e000.lcdc: [drm] Cannot find any crtc or sizes
         Starting LSB: Load kernel modules needed to enable cpufreq scaling...
[[0;32m  OK  [0m] Started Daily apt download activities.
[[0;32m  OK  [0m] Started Daily apt upgrade and clean activities.
[[0;32m  OK  [0m] Reached target Timers.
         Starting Generic Board Startup...
[[0;32m  OK  [0m] Started Regular background program processing daemon.
[[0;32m  OK  [0m] Started Cape Manager Service.
[   21.392672] PM: Cannot get wkup_m3_ipc handle
[   21.497271] Bluetooth: Core ver 2.22
[   21.501076] NET: Registered PF_BLUETOOTH protocol family
[   21.506831] Bluetooth: HCI device and connection manager initialized
[   21.513256] Bluetooth: HCI socket layer initialized
[   21.518269] Bluetooth: L2CAP socket layer initialized
[   21.523393] Bluetooth: SCO socket layer initialized
[   21.579763] omap-sham 53100000.sham: hw accel on OMAP rev 4.3
[   21.598746] omap-aes 53500000.aes: OMAP AES hw accel rev: 3.2
[[0;32m  OK  [0m] Found device /dev/ttyS0.
[   21.756206] omap-sham 53100000.sham: will run requests pump with realtime priority
[   21.765476] PM: Cannot get wkup_m3_ipc handle
[   21.773072] omap-aes 53500000.aes: will run requests pump with realtime priority
[   21.784153] PM: Cannot get wkup_m3_ipc handle
[[0;32m  OK  [0m] Started System Logging Service.
[   25.487683] PM: Cannot get wkup_m3_ipc handle
[   25.615460] PM: Cannot get wkup_m3_ipc handle
[[0;32m  OK  [0m] Started LSB: Start busybox udhcpd at boot time.
[[0;32m  OK  [0m] Started Raise network interfaces.
[[0;32m  OK  [0m] Started LSB: Load kernel modules needed to enable cpufreq scaling.
[   28.646643] configfs-gadget.g_multi gadget.0: HOST MAC 1c:ba:8c:a2:ed:6c
[   28.653415] configfs-gadget.g_multi gadget.0: MAC 1c:ba:8c:a2:ed:70
[   28.660936] configfs-gadget.g_multi gadget.0: HOST MAC 1c:ba:8c:a2:ed:6c
[   28.667838] configfs-gadget.g_multi gadget.0: MAC 1c:ba:8c:a2:ed:6d
[   28.680831] PM: Cannot get wkup_m3_ipc handle
[[0;32m  OK  [0m] Started DUN service.
[[0;32m  OK  [0m] Started Avahi mDNS/DNS-SD Stack.
[[0;32m  OK  [0m] Started Connection service.
[[0;32m  OK  [0m] Started Login Service.
[[0;32m  OK  [0m] Reached target Sound Card.
         Starting LSB: set CPUFreq kernel parameters...
[[0;32m  OK  [0m] Reached target Network.
[[0;32m  OK  [0m] Reached target Network is Online.
         Starting LSB: Advanced IEEE 802.11 management daemon...
         Starting The Apache HTTP Server...
         Starting OpenBSD Secure Shell server...
         Starting Permit User Sessions...
[[0;32m  OK  [0m] Started LSB: Advanced IEEE 802.11 management daemon.
[[0;32m  OK  [0m] Started Permit User Sessions.
         Starting Hostname Service...
[[0;32m  OK  [0m] Started Serial Getty on ttyS0.
[[0;32m  OK  [0m] Started Getty on tty1.
[[0;32m  OK  [0m] Reached target Login Prompts.
         Starting WPA supplicant...
[[0;32m  OK  [0m] Started LSB: set CPUFreq kernel parameters.
[[0;32m  OK  [0m] Started Hostname Service.
[[0;32m  OK  [0m] Started WPA supplicant.
[[0;32m  OK  [0m] Started OpenBSD Secure Shell server.
         Stopping LSB: Start busybox udhcpd at boot time...
[[0;32m  OK  [0m] Stopped LSB: Start busybox udhcpd at boot time.
[[0;32m  OK  [0m] Started The Apache HTTP Server.
         Starting dnsmasq - A lightweight DHCP and caching DNS server...
[[0;32m  OK  [0m] Started dnsmasq - A lightweight DHCP and caching DNS server.
[[0;32m  OK  [0m] Reached target Host and Network Name Lookups.
[[0;32m  OK  [0m] Started Serial Getty on ttyGS0.
[[0;32m  OK  [0m] Started Generic Board Startup.
[[0;32m  OK  [0m] Reached target Multi-User System.
[[0;32m  OK  [0m] Reached target Graphical Interface.
         Starting Update UTMP about System Runlevel Changes...
[[0;32m  OK  [0m] Started Update UTMP about System Runlevel Changes.

Debian GNU/Linux 9 arm ttyS0

default username:password is [debian:temppwd]

arm login: root
Password: 
Last login: Sat Jan  1 00:00:34 UTC 2000 on ttyS0
root
Linux arm 6.11.7 #6 SMP Tue Nov 12 15:03:05 EET 2024 armv7l

The programs included with the Debian GNU/Linux system are free software;
the exact distribution terms for each program are described in the
individual files in /usr/share/doc/*/copyright.

Debian GNU/Linux comes with ABSOLUTELY NO WARRANTY, to the extent
permitted by applicable law.
root@arm:~# root
-bash: root: command not found
root@arm:~# dmesg -n 1
root@arm:~# echo 'WAOX''VKCXSA'
WAOXVKCXSA
root@arm:~# run() { echo -n "$MARKER"; sh -c "$@"; echo "$MARKER $?"; }
root@arm:~# echo 'LPKX''OEHMTV'
LPKXOEHMTV
root@arm:~# MARKER='LGPK''LBCQFF' run 'cat /proc/version'
LGPKLBCQFFLinux version 6.11.7 (user01@drvtest01) (arm-linux-gnueabihf-gcc (Linaro GCC 6.4-2017.11) 6.4.1 20171012, GNU ld (Linaro_Binutils-2017.11) 2.27.0.20161229) #6 SMP Tue Nov 12 15:03:05 EET 2024
LGPKLBCQFF 0
root@arm:~# echo 'CFAV''SAPMLQ'
CFAVSAPMLQ
root@arm:~# MARKER='YVKV''GAJKUQ' run false
YVKVGAJKUQYVKVGAJKUQ 1
root@arm:~# Labgrid Console Logfile for main
Logfile started at 2024-11-12 15:04:51.153704
=== Log starts here ===

root@arm:~# run() { echo -n "$MARKER"; sh -c "$@"; echo "$MARKER $?"; }
root@arm:~# echo 'QVUK''SBMHOW'
QVUKSBMHOW
root@arm:~# MARKER='VPMF''XAWNAP' run dmesg
VPMFXAWNAP[    0.000000] Booting Linux on physical CPU 0x0
[    0.000000] Linux version 6.11.7 (user01@drvtest01) (arm-linux-gnueabihf-gcc (Linaro GCC 6.4-2017.11) 6.4.1 20171012, GNU ld (Linaro_Binutils-2017.11) 2.27.0.20161229) #6 SMP Tue Nov 12 15:03:05 EET 2024
[    0.000000] CPU: ARMv7 Processor [413fc082] revision 2 (ARMv7), cr=10c5387d
[    0.000000] CPU: PIPT / VIPT nonaliasing data cache, VIPT aliasing instruction cache
[    0.000000] OF: fdt: Machine model: TI AM335x BeagleBone Black
[    0.000000] Memory policy: Data cache writeback
[    0.000000] cma: Reserved 16 MiB at 0x9e800000 on node -1
[    0.000000] Zone ranges:
[    0.000000]   Normal   [mem 0x0000000080000000-0x000000009fdfffff]
[    0.000000]   HighMem  empty
[    0.000000] Movable zone start for each node
[    0.000000] Early memory node ranges
[    0.000000]   node   0: [mem 0x0000000080000000-0x000000009fdfffff]
[    0.000000] Initmem setup node 0 [mem 0x0000000080000000-0x000000009fdfffff]
[    0.000000] CPU: All CPU(s) started in SVC mode.
[    0.000000] AM335X ES2.1 (sgx neon)
[    0.000000] percpu: Embedded 17 pages/cpu s39628 r8192 d21812 u69632
[    0.000000] pcpu-alloc: s39628 r8192 d21812 u69632 alloc=17*4096
[    0.000000] pcpu-alloc: [0] 0 
[    0.000000] Kernel command line: console=ttyO0,115200n8 root=/dev/nfs rw nfsroot=192.168.255.126:/home/user01/nfs,nfsvers=3 ip=192.168.255.1:192.168.255.126::255.255.255.0:bbb1:eth0 nfsrootdebug
[    0.000000] Unknown kernel command line parameters "nfsrootdebug", will be passed to user space.
[    0.000000] Dentry cache hash table entries: 65536 (order: 6, 262144 bytes, linear)
[    0.000000] Inode-cache hash table entries: 32768 (order: 5, 131072 bytes, linear)
[    0.000000] Built 1 zonelists, mobility grouping on.  Total pages: 130560
[    0.000000] mem auto-init: stack:off, heap alloc:off, heap free:off
[    0.000000] SLUB: HWalign=64, Order=0-3, MinObjects=0, CPUs=1, Nodes=1
[    0.000000] trace event string verifier disabled
[    0.000000] rcu: Hierarchical RCU implementation.
[    0.000000] rcu: 	RCU event tracing is enabled.
[    0.000000] rcu: 	RCU restricting CPUs from NR_CPUS=2 to nr_cpu_ids=1.
[    0.000000] rcu: RCU calculated value of scheduler-enlistment delay is 10 jiffies.
[    0.000000] rcu: Adjusting geometry for rcu_fanout_leaf=16, nr_cpu_ids=1
[    0.000000] NR_IRQS: 16, nr_irqs: 16, preallocated irqs: 16
[    0.000000] IRQ: Found an INTC at 0x(ptrval) (revision 5.0) with 128 interrupts
[    0.000000] rcu: srcu_init: Setting srcu_struct sizes based on contention.
[    0.000000] TI gptimer clocksource: always-on /ocp/interconnect@44c00000/segment@200000/target-module@31000
[    0.000002] sched_clock: 32 bits at 24MHz, resolution 41ns, wraps every 89478484971ns
[    0.000029] clocksource: dmtimer: mask: 0xffffffff max_cycles: 0xffffffff, max_idle_ns: 79635851949 ns
[    0.000509] TI gptimer clockevent: 24000000 Hz at /ocp/interconnect@48000000/segment@0/target-module@40000
[    0.002125] Console: colour dummy device 80x30
[    0.002194] WARNING: Your 'console=ttyO0' has been replaced by 'ttyS0'
[    0.002204] This ensures that you still see kernel messages. Please
[    0.002210] update your kernel commandline.
[    0.002253] Calibrating delay loop... 996.14 BogoMIPS (lpj=4980736)
[    0.090565] CPU: Testing write buffer coherency: ok
[    0.090672] CPU0: Spectre v2: using BPIALL workaround
[    0.090685] pid_max: default: 32768 minimum: 301
[    0.090808] LSM: initializing lsm=capability
[    0.090977] Mount-cache hash table entries: 1024 (order: 0, 4096 bytes, linear)
[    0.091000] Mountpoint-cache hash table entries: 1024 (order: 0, 4096 bytes, linear)
[    0.092537] CPU0: thread -1, cpu 0, socket -1, mpidr 0
[    0.094248] Setting up static identity map for 0x80100000 - 0x80100078
[    0.094560] rcu: Hierarchical SRCU implementation.
[    0.094573] rcu: 	Max phase no-delay instances is 1000.
[    0.096240] smp: Bringing up secondary CPUs ...
[    0.096301] smp: Brought up 1 node, 1 CPU
[    0.096316] SMP: Total of 1 processors activated (996.14 BogoMIPS).
[    0.096329] CPU: All CPU(s) started in SVC mode.
[    0.096524] Memory: 480876K/522240K available (11264K kernel code, 1197K rwdata, 2856K rodata, 1024K init, 297K bss, 23344K reserved, 16384K cma-reserved, 0K highmem)
[    0.097333] devtmpfs: initialized
[    0.113894] VFP support v0.3: implementor 41 architecture 3 part 30 variant c rev 3
[    0.114260] clocksource: jiffies: mask: 0xffffffff max_cycles: 0xffffffff, max_idle_ns: 19112604462750000 ns
[    0.114297] futex hash table entries: 256 (order: 2, 16384 bytes, linear)
[    0.115567] pinctrl core: initialized pinctrl subsystem
[    0.118318] NET: Registered PF_NETLINK/PF_ROUTE protocol family
[    0.121312] DMA: preallocated 256 KiB pool for atomic coherent allocations
[    0.122286] audit: initializing netlink subsys (disabled)
[    0.123671] thermal_sys: Registered thermal governor 'fair_share'
[    0.123694] thermal_sys: Registered thermal governor 'step_wise'
[    0.123705] thermal_sys: Registered thermal governor 'user_space'
[    0.123823] audit: type=2000 audit(0.120:1): state=initialized audit_enabled=0 res=1
[    0.123897] cpuidle: using governor menu
[    0.142771] No ATAGs?
[    0.142803] hw-breakpoint: debug architecture 0x4 unsupported.
[    0.145688] kprobes: kprobe jump-optimization is enabled. All kprobes are optimized if possible.
[    0.163951] iommu: Default domain type: Translated
[    0.163977] iommu: DMA domain TLB invalidation policy: strict mode
[    0.165558] reg-fixed-voltage fixedregulator0: using DT '/fixedregulator0' for '(default)' GPIO lookup
[    0.165618] of_get_named_gpiod_flags: can't parse 'gpios' property of node '/fixedregulator0[0]'
[    0.165650] of_get_named_gpiod_flags: can't parse 'gpio' property of node '/fixedregulator0[0]'
[    0.165671] reg-fixed-voltage fixedregulator0: using lookup tables for GPIO lookup
[    0.165682] reg-fixed-voltage fixedregulator0: No GPIO consumer (default) found
[    0.171335] SCSI subsystem initialized
[    0.180937] libata version 3.00 loaded.
[    0.181316] pps_core: LinuxPPS API ver. 1 registered
[    0.181327] pps_core: Software ver. 5.3.6 - Copyright 2005-2007 Rodolfo Giometti <giometti@linux.it>
[    0.181355] PTP clock support registered
[    0.183322] vgaarb: loaded
[    0.183723] clocksource: Switched to clocksource dmtimer
[    0.184315] VFS: Disk quotas dquot_6.6.0
[    0.184363] VFS: Dquot-cache hash table entries: 1024 (order 0, 4096 bytes)
[    0.210757] NET: Registered PF_INET protocol family
[    0.211117] IP idents hash table entries: 8192 (order: 4, 65536 bytes, linear)
[    0.212527] tcp_listen_portaddr_hash hash table entries: 512 (order: 0, 4096 bytes, linear)
[    0.212568] Table-perturb hash table entries: 65536 (order: 6, 262144 bytes, linear)
[    0.212586] TCP established hash table entries: 4096 (order: 2, 16384 bytes, linear)
[    0.212630] TCP bind hash table entries: 4096 (order: 4, 65536 bytes, linear)
[    0.212731] TCP: Hash tables configured (established 4096 bind 4096)
[    0.212855] UDP hash table entries: 256 (order: 1, 8192 bytes, linear)
[    0.212886] UDP-Lite hash table entries: 256 (order: 1, 8192 bytes, linear)
[    0.213059] NET: Registered PF_UNIX/PF_LOCAL protocol family
[    0.224184] RPC: Registered named UNIX socket transport module.
[    0.224213] RPC: Registered udp transport module.
[    0.224220] RPC: Registered tcp transport module.
[    0.224226] RPC: Registered tcp-with-tls transport module.
[    0.224233] RPC: Registered tcp NFSv4.1 backchannel transport module.
[    0.224259] PCI: CLS 0 bytes, default 64
[    0.225728] Initialise system trusted keyrings
[    0.226497] workingset: timestamp_bits=14 max_order=17 bucket_order=3
[    0.228161] NFS: Registering the id_resolver key type
[    0.228256] Key type id_resolver registered
[    0.228266] Key type id_legacy registered
[    0.228318] jffs2: version 2.2. (NAND) (SUMMARY)  Â© 2001-2006 Red Hat, Inc.
[    0.228722] Key type asymmetric registered
[    0.228740] Asymmetric key parser 'x509' registered
[    0.228809] io scheduler mq-deadline registered
[    0.228822] io scheduler kyber registered
[    0.228892] io scheduler bfq registered
[    0.244147] Serial: 8250/16550 driver, 6 ports, IRQ sharing enabled
[    0.282969] brd: module loaded
[    0.299767] loop: module loaded
[    0.300703] mtdoops: mtd device (mtddev=name/number) must be supplied
[    0.302400] mdio_bus fixed-0: using lookup tables for GPIO lookup
[    0.302429] mdio_bus fixed-0: No GPIO consumer reset found
[    0.304006] i2c_dev: i2c /dev entries driver
[    0.305004] cpuidle: enable-method property 'ti,am3352' found operations
[    0.305449] sdhci: Secure Digital Host Controller Interface driver
[    0.305461] sdhci: Copyright(c) Pierre Ossman
[    0.305636] sdhci-pltfm: SDHCI platform and OF driver helper
[    0.313905] ledtrig-cpu: registered to indicate activity on CPUs
[    0.314892] Initializing XFRM netlink socket
[    0.315019] NET: Registered PF_INET6 protocol family
[    0.324891] Segment Routing with IPv6
[    0.324988] In-situ OAM (IOAM) with IPv6
[    0.325090] sit: IPv6, IPv4 and MPLS over IPv4 tunneling driver
[    0.326055] NET: Registered PF_PACKET protocol family
[    0.326099] NET: Registered PF_KEY protocol family
[    0.326230] Key type dns_resolver registered
[    0.326500] ThumbEE CPU extension supported.
[    0.326523] Registering SWP/SWPB emulation handler
[    0.327048] omap_voltage_late_init: Voltage driver support not added
[    0.327404] SmartReflex Class3 initialized
[    0.366220] Loading compiled-in X.509 certificates
[    0.402585] gpiochip_find_base_unlocked: found new base at 512
[    0.433424] platform 44e10800.pinmux: Fixed dependency cycle(s) with /ocp/interconnect@44c00000/segment@200000/target-module@10000/scm@0/pinmux@800/clkout2-pins
[    0.434214] pinctrl-single 44e10800.pinmux: 142 pins, size 568
[    0.439312] ti-sysc 44e31000.target-module: probe with driver ti-sysc failed with error -16
[    0.474943] ti-sysc 48040000.target-module: probe with driver ti-sysc failed with error -16
[    0.485981] gpiochip_find_base_unlocked: found new base at 512
[    0.486094] gpio gpiochip0: (gpio-0-31): created GPIO range 0->7 ==> 44e10800.pinmux PIN 0->7
[    0.486116] gpio gpiochip0: (gpio-0-31): created GPIO range 8->11 ==> 44e10800.pinmux PIN 90->93
[    0.486134] gpio gpiochip0: (gpio-0-31): created GPIO range 12->27 ==> 44e10800.pinmux PIN 12->27
[    0.486150] gpio gpiochip0: (gpio-0-31): created GPIO range 28->31 ==> 44e10800.pinmux PIN 30->33
[    0.515520] gpio gpiochip0: (gpio-0-31): added GPIO chardev (254:0)
[    0.515706] gpio gpiochip0: registered GPIOs 512 to 543 on gpio-0-31
[    0.515794] OMAP GPIO hardware version 0.1
[    0.539149] i2c i2c-2: using DT '/ocp/interconnect@48000000/segment@100000/target-module@9c000/i2c@0' for 'scl' GPIO lookup
[    0.539253] of_get_named_gpiod_flags: can't parse 'scl-gpios' property of node '/ocp/interconnect@48000000/segment@100000/target-module@9c000/i2c@0[0]'
[    0.539301] of_get_named_gpiod_flags: can't parse 'scl-gpio' property of node '/ocp/interconnect@48000000/segment@100000/target-module@9c000/i2c@0[0]'
[    0.539340] i2c i2c-2: using lookup tables for GPIO lookup
[    0.539351] i2c i2c-2: No GPIO consumer scl found
[    0.539374] i2c i2c-2: using DT '/ocp/interconnect@48000000/segment@100000/target-module@9c000/i2c@0' for 'sda' GPIO lookup
[    0.539413] of_get_named_gpiod_flags: can't parse 'sda-gpios' property of node '/ocp/interconnect@48000000/segment@100000/target-module@9c000/i2c@0[0]'
[    0.539453] of_get_named_gpiod_flags: can't parse 'sda-gpio' property of node '/ocp/interconnect@48000000/segment@100000/target-module@9c000/i2c@0[0]'
[    0.539486] i2c i2c-2: using lookup tables for GPIO lookup
[    0.539496] i2c i2c-2: No GPIO consumer sda found
[    0.540210] omap_i2c 4819c000.i2c: bus 2 rev0.11 at 100 kHz
[    0.545908] gpiochip_find_base_unlocked: found new base at 544
[    0.546021] gpio gpiochip1: (gpio-32-63): created GPIO range 0->17 ==> 44e10800.pinmux PIN 34->51
[    0.546041] gpio gpiochip1: (gpio-32-63): created GPIO range 18->21 ==> 44e10800.pinmux PIN 77->80
[    0.546058] gpio gpiochip1: (gpio-32-63): created GPIO range 22->31 ==> 44e10800.pinmux PIN 56->65
[    0.560577] gpio gpiochip1: (gpio-32-63): added GPIO chardev (254:1)
[    0.560748] gpio gpiochip1: registered GPIOs 544 to 575 on gpio-32-63
[    0.562892] gpiochip_find_base_unlocked: found new base at 576
[    0.562991] gpio gpiochip2: (gpio-64-95): created GPIO range 0->4 ==> 44e10800.pinmux PIN 66->70
[    0.563029] gpio gpiochip2: (gpio-64-95): created GPIO range 5->6 ==> 44e10800.pinmux PIN 98->99
[    0.563048] gpio gpiochip2: (gpio-64-95): created GPIO range 7->8 ==> 44e10800.pinmux PIN 75->76
[    0.563065] gpio gpiochip2: (gpio-64-95): created GPIO range 13->13 ==> 44e10800.pinmux PIN 141->141
[    0.563083] gpio gpiochip2: (gpio-64-95): created GPIO range 14->21 ==> 44e10800.pinmux PIN 100->107
[    0.579685] gpio gpiochip2: (gpio-64-95): added GPIO chardev (254:2)
[    0.579845] gpio gpiochip2: registered GPIOs 576 to 607 on gpio-64-95
[    0.585510] 48000000.interconnect:segment@200000:target-module@0:mpu@0:fck: device ID is greater than 24
[    0.589640] platform 4830e000.lcdc: Fixed dependency cycle(s) with /ocp/interconnect@44c00000/segment@200000/target-module@b000/i2c@0/tda19988@70
[    0.598954] mdio_bus 4a101000.mdio: using DT '/ocp/interconnect@4a000000/segment@0/target-module@100000/switch@0/mdio@1000' for 'reset' GPIO lookup
[    0.599036] of_get_named_gpiod_flags: can't parse 'reset-gpios' property of node '/ocp/interconnect@4a000000/segment@0/target-module@100000/switch@0/mdio@1000[0]'
[    0.599088] of_get_named_gpiod_flags: can't parse 'reset-gpio' property of node '/ocp/interconnect@4a000000/segment@0/target-module@100000/switch@0/mdio@1000[0]'
[    0.599139] mdio_bus 4a101000.mdio: using lookup tables for GPIO lookup
[    0.599152] mdio_bus 4a101000.mdio: No GPIO consumer reset found
[    0.600604] sdhci-omap 481d8000.mmc: using DT '/ocp/interconnect@48000000/segment@100000/target-module@d8000/mmc@0' for 'wp' GPIO lookup
[    0.600673] of_get_named_gpiod_flags: can't parse 'wp-gpios' property of node '/ocp/interconnect@48000000/segment@100000/target-module@d8000/mmc@0[0]'
[    0.600721] of_get_named_gpiod_flags: can't parse 'wp-gpio' property of node '/ocp/interconnect@48000000/segment@100000/target-module@d8000/mmc@0[0]'
[    0.600759] sdhci-omap 481d8000.mmc: using lookup tables for GPIO lookup
[    0.600769] sdhci-omap 481d8000.mmc: No GPIO consumer wp found
[    0.600964] sdhci-omap 481d8000.mmc: supply pbias not found, using dummy regulator
[    0.601437] sdhci-omap 481d8000.mmc: supply vqmmc not found, using dummy regulator
[    0.677340] davinci_mdio 4a101000.mdio: davinci mdio revision 1.6, bus freq 1000000
[    0.710147] mdio_bus 4a101000.mdio:00: using DT '/ocp/interconnect@4a000000/segment@0/target-module@100000/switch@0/mdio@1000/ethernet-phy@0' for 'reset' GPIO lookup
[    0.710258] of_get_named_gpiod_flags: parsed 'reset-gpios' property of node '/ocp/interconnect@4a000000/segment@0/target-module@100000/switch@0/mdio@1000/ethernet-phy@0[0]' - status (0)
[    0.710428] gpio gpiochip0: Persistence not supported for GPIO 8
[    0.813632] davinci_mdio 4a101000.mdio: phy[0]: device 4a101000.mdio:00, driver SMSC LAN8710/LAN8720
[    0.814332] cpsw-switch 4a100000.switch: initialized cpsw ale version 1.4
[    0.814356] cpsw-switch 4a100000.switch: ALE Table size 1024
[    0.814646] cpsw-switch 4a100000.switch: cpts: overflow check period 500 (jiffies)
[    0.814672] cpsw-switch 4a100000.switch: CPTS: ref_clk_freq:250000000 calc_mult:2147483648 calc_shift:29 error:0 nsec/sec
[    0.814777] cpsw-switch 4a100000.switch: Detected MACID = 6c:ec:eb:68:de:78
[    0.816617] cpsw-switch 4a100000.switch: initialized (regs 0x4a100000, pool size 256) hw_ver:0019010C 1.12 (0)
[    0.827572] debugfs: Directory '49000000.dma' with parent 'dmaengine' already present!
[    0.827620] edma 49000000.dma: TI EDMA DMA engine driver
[    0.871381] target-module@4b000000:target-module@140000:pmu@0:fck: device ID is greater than 24
[    0.909033] hw perfevents: enabled with armv7_cortex_a8 PMU driver, 5 counters available
[    0.909922] gpio-clk clk_mcasp0: using DT '/clk_mcasp0' for 'enable' GPIO lookup
[    0.909995] of_get_named_gpiod_flags: parsed 'enable-gpios' property of node '/clk_mcasp0[0]' - status (0)
[    0.910040] gpio gpiochip0: Persistence not supported for GPIO 27
[    0.910841] gpiochip_find_base_unlocked: found new base at 608
[    0.910959] gpio gpiochip3: (gpio-96-127): created GPIO range 0->7 ==> 44e10800.pinmux PIN 82->89
[    0.910983] gpio gpiochip3: (gpio-96-127): created GPIO range 8->11 ==> 44e10800.pinmux PIN 52->55
[    0.911000] gpio gpiochip3: (gpio-96-127): created GPIO range 12->15 ==> 44e10800.pinmux PIN 94->97
[    0.911017] gpio gpiochip3: (gpio-96-127): created GPIO range 16->17 ==> 44e10800.pinmux PIN 71->72
[    0.911034] gpio gpiochip3: (gpio-96-127): created GPIO range 18->18 ==> 44e10800.pinmux PIN 135->135
[    0.911052] gpio gpiochip3: (gpio-96-127): created GPIO range 19->20 ==> 44e10800.pinmux PIN 108->109
[    0.911071] gpio gpiochip3: (gpio-96-127): created GPIO range 21->21 ==> 44e10800.pinmux PIN 73->73
[    0.911089] gpio gpiochip3: (gpio-96-127): created GPIO range 22->23 ==> 44e10800.pinmux PIN 8->9
[    0.911108] gpio gpiochip3: (gpio-96-127): created GPIO range 26->27 ==> 44e10800.pinmux PIN 10->11
[    0.911128] gpio gpiochip3: (gpio-96-127): created GPIO range 28->28 ==> 44e10800.pinmux PIN 74->74
[    0.911147] gpio gpiochip3: (gpio-96-127): created GPIO range 29->29 ==> 44e10800.pinmux PIN 81->81
[    0.911167] gpio gpiochip3: (gpio-96-127): created GPIO range 30->31 ==> 44e10800.pinmux PIN 28->29
[    0.916675] l3-aon-clkctrl:0000:0: failed to disable
[    0.917315] gpio gpiochip3: (gpio-96-127): added GPIO chardev (254:3)
[    0.917471] gpio gpiochip3: registered GPIOs 608 to 639 on gpio-96-127
[    0.919478] omap8250 44e09000.serial: using DT '/ocp/interconnect@44c00000/segment@200000/target-module@9000/serial@0' for 'rs485-term' GPIO lookup
[    0.919557] of_get_named_gpiod_flags: can't parse 'rs485-term-gpios' property of node '/ocp/interconnect@44c00000/segment@200000/target-module@9000/serial@0[0]'
[    0.919604] of_get_named_gpiod_flags: can't parse 'rs485-term-gpio' property of node '/ocp/interconnect@44c00000/segment@200000/target-module@9000/serial@0[0]'
[    0.919643] omap8250 44e09000.serial: using lookup tables for GPIO lookup
[    0.919654] omap8250 44e09000.serial: No GPIO consumer rs485-term found
[    0.919665] omap8250 44e09000.serial: using DT '/ocp/interconnect@44c00000/segment@200000/target-module@9000/serial@0' for 'rs485-rx-during-tx' GPIO lookup
[    0.919704] of_get_named_gpiod_flags: can't parse 'rs485-rx-during-tx-gpios' property of node '/ocp/interconnect@44c00000/segment@200000/target-module@9000/serial@0[0]'
[    0.919745] of_get_named_gpiod_flags: can't parse 'rs485-rx-during-tx-gpio' property of node '/ocp/interconnect@44c00000/segment@200000/target-module@9000/serial@0[0]'
[    0.919779] omap8250 44e09000.serial: using lookup tables for GPIO lookup
[    0.919789] omap8250 44e09000.serial: No GPIO consumer rs485-rx-during-tx found
[    0.920171] 44e09000.serial: ttyS0 at MMIO 0x44e09000 (irq = 34, base_baud = 3000000) is a 8250
[    0.920256] printk: legacy console [ttyS0] enabled
[    2.136045] i2c i2c-0: using DT '/ocp/interconnect@44c00000/segment@200000/target-module@b000/i2c@0' for 'scl' GPIO lookup
[    2.136135] of_get_named_gpiod_flags: can't parse 'scl-gpios' property of node '/ocp/interconnect@44c00000/segment@200000/target-module@b000/i2c@0[0]'
[    2.136185] of_get_named_gpiod_flags: can't parse 'scl-gpio' property of node '/ocp/interconnect@44c00000/segment@200000/target-module@b000/i2c@0[0]'
[    2.136226] i2c i2c-0: using lookup tables for GPIO lookup
[    2.136240] i2c i2c-0: No GPIO consumer scl found
[    2.136266] i2c i2c-0: using DT '/ocp/interconnect@44c00000/segment@200000/target-module@b000/i2c@0' for 'sda' GPIO lookup
[    2.136307] of_get_named_gpiod_flags: can't parse 'sda-gpios' property of node '/ocp/interconnect@44c00000/segment@200000/target-module@b000/i2c@0[0]'
[    2.136349] of_get_named_gpiod_flags: can't parse 'sda-gpio' property of node '/ocp/interconnect@44c00000/segment@200000/target-module@b000/i2c@0[0]'
[    2.136386] i2c i2c-0: using lookup tables for GPIO lookup
[    2.136398] i2c i2c-0: No GPIO consumer sda found
[    2.164829] tps65217-pmic: Failed to locate of_node [id: -1]
[    2.170918] tps65217-bl: Failed to locate of_node [id: -1]
[    2.182093] tps65217 0-0024: TPS65217 ID 0xe version 1.2
[    2.188245] platform 4830e000.lcdc: Fixed dependency cycle(s) with /ocp/interconnect@44c00000/segment@200000/target-module@b000/i2c@0/tda19988@70
[    2.201669] i2c 0-0070: Fixed dependency cycle(s) with /ocp/interconnect@48000000/segment@300000/target-module@e000/lcdc@0
[    2.213077] omap_i2c 44e0b000.i2c: bus 0 rev0.11 at 400 kHz
[    2.221137] sdhci-omap 48060000.mmc: using DT '/ocp/interconnect@48000000/segment@0/target-module@60000/mmc@0' for 'cd' GPIO lookup
[    2.221247] of_get_named_gpiod_flags: parsed 'cd-gpios' property of node '/ocp/interconnect@48000000/segment@0/target-module@60000/mmc@0[0]' - status (0)
[    2.221313] gpio gpiochip3: Persistence not supported for GPIO 6
[    2.221337] omap_gpio 44e07000.gpio: Could not set line 6 debounce to 200000 microseconds (-22)
[    2.230253] sdhci-omap 48060000.mmc: Got CD GPIO
[    2.234951] sdhci-omap 48060000.mmc: using DT '/ocp/interconnect@48000000/segment@0/target-module@60000/mmc@0' for 'wp' GPIO lookup
[    2.235003] of_get_named_gpiod_flags: can't parse 'wp-gpios' property of node '/ocp/interconnect@48000000/segment@0/target-module@60000/mmc@0[0]'
[    2.235048] of_get_named_gpiod_flags: can't parse 'wp-gpio' property of node '/ocp/interconnect@48000000/segment@0/target-module@60000/mmc@0[0]'
[    2.235089] sdhci-omap 48060000.mmc: using lookup tables for GPIO lookup
[    2.235103] sdhci-omap 48060000.mmc: No GPIO consumer wp found
[    2.235314] sdhci-omap 48060000.mmc: supply pbias not found, using dummy regulator
[    2.244531] sdhci-omap 481d8000.mmc: using DT '/ocp/interconnect@48000000/segment@100000/target-module@d8000/mmc@0' for 'wp' GPIO lookup
[    2.244613] of_get_named_gpiod_flags: can't parse 'wp-gpios' property of node '/ocp/interconnect@48000000/segment@100000/target-module@d8000/mmc@0[0]'
[    2.244663] of_get_named_gpiod_flags: can't parse 'wp-gpio' property of node '/ocp/interconnect@48000000/segment@100000/target-module@d8000/mmc@0[0]'
[    2.244703] sdhci-omap 481d8000.mmc: using lookup tables for GPIO lookup
[    2.244717] sdhci-omap 481d8000.mmc: No GPIO consumer wp found
[    2.246083] sdhci-omap 48060000.mmc: supply vqmmc not found, using dummy regulator
[    2.254601] sdhci-omap 481d8000.mmc: supply pbias not found, using dummy regulator
[    2.262600] sdhci-omap 481d8000.mmc: supply vqmmc not found, using dummy regulator
[    2.300827] mmc1: SDHCI controller on 481d8000.mmc [481d8000.mmc] using External DMA
[    2.310018] mmc0: SDHCI controller on 48060000.mmc [48060000.mmc] using External DMA
[    2.318736] cpsw-switch 4a100000.switch: starting ndev. mode: dual_mac
[    2.362929] mmc0: new high speed SDHC card at address 5048
[    2.369946] mmcblk0: mmc0:5048 SD16G 14.4 GiB
[    2.377942]  mmcblk0: p1 p2
[    2.381315] mmcblk0: p2 size 31221760 extends beyond EOD, truncated
[    2.395783] mmc1: new high speed MMC card at address 0001
[    2.402510] mmcblk1: mmc1:0001 MMC04G 3.60 GiB
[    2.410147]  mmcblk1: p1 p2
[    2.413897] SMSC LAN8710/LAN8720 4a101000.mdio:00: attached PHY driver (mii_bus:phy_addr=4a101000.mdio:00, irq=POLL)
[    2.425313] mmcblk1boot0: mmc1:0001 MMC04G 2.00 MiB
[    2.438189] mmcblk1boot1: mmc1:0001 MMC04G 2.00 MiB
[    2.445653] mmcblk1rpmb: mmc1:0001 MMC04G 128 KiB, chardev (250:0)
[    5.604471] cpsw-switch 4a100000.switch eth0: Link is Up - 100Mbps/Full - flow control off
[    5.643962] IP-Config: Complete:
[    5.647236]      device=eth0, hwaddr=6c:ec:eb:68:de:78, ipaddr=192.168.255.1, mask=255.255.255.0, gw=255.255.255.255
[    5.657898]      host=bbb1, domain=, nis-domain=(none)
[    5.663067]      bootserver=192.168.255.126, rootserver=192.168.255.126, rootpath=
[    5.663497] clk: Disabling unused clocks
[    5.675337] PM: genpd: Disabling unused power domains
[    5.680450] KTAP version 1
[    5.683171] 1..0
[    5.712102] VFS: Mounted root (nfs filesystem) on device 0:17.
[    5.719312] devtmpfs: mounted
[    5.724117] Freeing unused kernel image (initmem) memory: 1024K
[    5.730882] Run /sbin/init as init process
[    5.735071]   with arguments:
[    5.735086]     /sbin/init
[    5.735095]     nfsrootdebug
[    5.735104]   with environment:
[    5.735113]     HOME=/
[    5.735121]     TERM=linux
[    6.431498] systemd[1]: System time before build time, advancing clock.
[    7.903745] random: crng init done
[    7.974577] systemd[1]: systemd 232 running in system mode. (+PAM +AUDIT +SELINUX +IMA +APPARMOR +SMACK +SYSVINIT +UTMP +LIBCRYPTSETUP +GCRYPT +GNUTLS +ACL +XZ +LZ4 +SECCOMP +BLKID +ELFUTILS +KMOD +IDN)
[    7.993540] systemd[1]: Detected architecture arm.
[    8.036847] systemd[1]: Set hostname to <arm>.
[    9.121509] systemd[1]: Listening on Journal Socket (/dev/log).
[    9.154420] systemd[1]: Listening on udev Kernel Socket.
[    9.195697] systemd[1]: Listening on /dev/initctl Compatibility Named Pipe.
[    9.234667] systemd[1]: Started Dispatch Password Requests to Console Directory Watch.
[    9.274066] systemd[1]: Reached target Remote File Systems.
[    9.314694] systemd[1]: Listening on Journal Audit Socket.
[    9.354077] systemd[1]: Reached target Swap.
[   11.342592] systemd-journald[83]: Received request to flush runtime journal from PID 1
[   14.288654] leds-gpio leds: using DT '/leds/led2' for '(default)' GPIO lookup
[   14.288761] of_get_named_gpiod_flags: parsed 'gpios' property of node '/leds/led2[0]' - status (0)
[   14.288819] gpio gpiochip0: Persistence not supported for GPIO 21
[   14.288834] gpio-533 (?): no flags found for GPIO (default)
[   14.315692] leds-gpio leds: using DT '/leds/led3' for '(default)' GPIO lookup
[   14.315802] of_get_named_gpiod_flags: parsed 'gpios' property of node '/leds/led3[0]' - status (0)
[   14.315860] gpio gpiochip0: Persistence not supported for GPIO 22
[   14.315875] gpio-534 (?): no flags found for GPIO (default)
[   14.344993] leds-gpio leds: using DT '/leds/led4' for '(default)' GPIO lookup
[   14.345093] of_get_named_gpiod_flags: parsed 'gpios' property of node '/leds/led4[0]' - status (0)
[   14.345145] gpio gpiochip0: Persistence not supported for GPIO 23
[   14.345160] gpio-535 (?): no flags found for GPIO (default)
[   14.379228] leds-gpio leds: using DT '/leds/led5' for '(default)' GPIO lookup
[   14.379330] of_get_named_gpiod_flags: parsed 'gpios' property of node '/leds/led5[0]' - status (0)
[   14.379379] gpio gpiochip0: Persistence not supported for GPIO 24
[   14.379395] gpio-536 (?): no flags found for GPIO (default)
[   14.999289] remoteproc remoteproc0: wkup_m3 is available
[   15.065932] omap_rtc 44e3e000.rtc: registered as rtc0
[   15.071141] omap_rtc 44e3e000.rtc: setting system clock to 2000-01-01T00:00:00 UTC (946684800)
[   15.080003] omap_rtc 44e3e000.rtc: using DT '/ocp/interconnect@44c00000/segment@200000/target-module@3e000/rtc@0' for 'wp' GPIO lookup
[   15.080078] of_get_named_gpiod_flags: can't parse 'wp-gpios' property of node '/ocp/interconnect@44c00000/segment@200000/target-module@3e000/rtc@0[0]'
[   15.080131] of_get_named_gpiod_flags: can't parse 'wp-gpio' property of node '/ocp/interconnect@44c00000/segment@200000/target-module@3e000/rtc@0[0]'
[   15.080173] omap_rtc 44e3e000.rtc: using lookup tables for GPIO lookup
[   15.080189] omap_rtc 44e3e000.rtc: No GPIO consumer wp found
[   15.295125] omap_wdt: OMAP Watchdog Timer Rev 0x01: initial timeout 60 sec
[   15.570354] tps6521x_pwrbutton tps65217-pwrbutton: DMA mask not set
[   15.639266] at24 2-0054: supply vcc not found, using dummy regulator
[   15.652764] input: tps65217_pwrbutton as /devices/platform/ocp/44c00000.interconnect/44c00000.interconnect:segment@200000/44e0b000.target-module/44e0b000.i2c/i2c-0/0-0024/tps65217-pwrbutton/input/input0
[   15.767836] wkup_m3_ipc 44e11324.wkup_m3_ipc: IPC Request for A8->M3 Channel failed! -517
[   15.903921] at24 2-0055: supply vcc not found, using dummy regulator
[   16.026147] at24 2-0056: supply vcc not found, using dummy regulator
[   16.133942] at24 2-0057: supply vcc not found, using dummy regulator
[   16.196585] at24 0-0050: using DT '/ocp/interconnect@44c00000/segment@200000/target-module@b000/i2c@0/baseboard_eeprom@50' for 'wp' GPIO lookup
[   16.196783] of_get_named_gpiod_flags: can't parse 'wp-gpios' property of node '/ocp/interconnect@44c00000/segment@200000/target-module@b000/i2c@0/baseboard_eeprom@50[0]'
[   16.196888] of_get_named_gpiod_flags: can't parse 'wp-gpio' property of node '/ocp/interconnect@44c00000/segment@200000/target-module@b000/i2c@0/baseboard_eeprom@50[0]'
[   16.196941] at24 0-0050: using lookup tables for GPIO lookup
[   16.196956] at24 0-0050: No GPIO consumer wp found
[   16.197393] at24 0-0050: 32768 byte 24c256 EEPROM, writable, 1 bytes/write
[   16.223909] wkup_m3_ipc 44e11324.wkup_m3_ipc: IPC Request for A8->M3 Channel failed! -517
[   16.285079] am335x-phy-driver 47401300.usb-phy: using DT '/ocp/target-module@47400000/usb-phy@1300' for 'reset' GPIO lookup
[   16.285200] of_get_named_gpiod_flags: can't parse 'reset-gpios' property of node '/ocp/target-module@47400000/usb-phy@1300[0]'
[   16.285250] of_get_named_gpiod_flags: can't parse 'reset-gpio' property of node '/ocp/target-module@47400000/usb-phy@1300[0]'
[   16.285289] am335x-phy-driver 47401300.usb-phy: using lookup tables for GPIO lookup
[   16.285304] am335x-phy-driver 47401300.usb-phy: No GPIO consumer reset found
[   16.285319] am335x-phy-driver 47401300.usb-phy: using DT '/ocp/target-module@47400000/usb-phy@1300' for 'vbus-detect' GPIO lookup
[   16.285353] of_get_named_gpiod_flags: can't parse 'vbus-detect-gpios' property of node '/ocp/target-module@47400000/usb-phy@1300[0]'
[   16.285386] of_get_named_gpiod_flags: can't parse 'vbus-detect-gpio' property of node '/ocp/target-module@47400000/usb-phy@1300[0]'
[   16.285413] am335x-phy-driver 47401300.usb-phy: using lookup tables for GPIO lookup
[   16.285425] am335x-phy-driver 47401300.usb-phy: No GPIO consumer vbus-detect found
[   16.285574] am335x-phy-driver 47401300.usb-phy: dummy supplies not allowed for exclusive requests (id=vbus)
[   16.413313] am335x-phy-driver 47401b00.usb-phy: using DT '/ocp/target-module@47400000/usb-phy@1b00' for 'reset' GPIO lookup
[   16.413464] of_get_named_gpiod_flags: can't parse 'reset-gpios' property of node '/ocp/target-module@47400000/usb-phy@1b00[0]'
[   16.413588] of_get_named_gpiod_flags: can't parse 'reset-gpio' property of node '/ocp/target-module@47400000/usb-phy@1b00[0]'
[   16.413678] am335x-phy-driver 47401b00.usb-phy: using lookup tables for GPIO lookup
[   16.413925] am335x-phy-driver 47401b00.usb-phy: No GPIO consumer reset found
[   16.413944] am335x-phy-driver 47401b00.usb-phy: using DT '/ocp/target-module@47400000/usb-phy@1b00' for 'vbus-detect' GPIO lookup
[   16.413983] of_get_named_gpiod_flags: can't parse 'vbus-detect-gpios' property of node '/ocp/target-module@47400000/usb-phy@1b00[0]'
[   16.414021] of_get_named_gpiod_flags: can't parse 'vbus-detect-gpio' property of node '/ocp/target-module@47400000/usb-phy@1b00[0]'
[   16.414050] am335x-phy-driver 47401b00.usb-phy: using lookup tables for GPIO lookup
[   16.414062] am335x-phy-driver 47401b00.usb-phy: No GPIO consumer vbus-detect found
[   16.414213] am335x-phy-driver 47401b00.usb-phy: dummy supplies not allowed for exclusive requests (id=vbus)
[   16.444966] wkup_m3_ipc 44e11324.wkup_m3_ipc: IPC Request for A8->M3 Channel failed! -517
[   16.528291] wkup_m3_ipc 44e11324.wkup_m3_ipc: IPC Request for A8->M3 Channel failed! -517
[   16.685551] usbcore: registered new interface driver usbfs
[   16.692149] usbcore: registered new interface driver hub
[   16.697795] usbcore: registered new device driver usb
[   17.270147] wkup_m3_ipc 44e11324.wkup_m3_ipc: IPC Request for A8->M3 Channel failed! -517
[   17.341171] musb-hdrc musb-hdrc.1: MUSB HDRC host driver
[   17.346828] musb-hdrc musb-hdrc.1: new USB bus registered, assigned bus number 1
[   17.365629] wkup_m3_ipc 44e11324.wkup_m3_ipc: IPC Request for A8->M3 Channel failed! -517
[   17.500526] usb usb1: New USB device found, idVendor=1d6b, idProduct=0002, bcdDevice= 6.11
[   17.510140] usb usb1: New USB device strings: Mfr=3, Product=2, SerialNumber=1
[   17.517560] usb usb1: Product: MUSB HDRC host driver
[   17.522556] usb usb1: Manufacturer: Linux 6.11.7 musb-hcd
[   17.528042] usb usb1: SerialNumber: musb-hdrc.1
[   17.535433] omap-mailbox 480c8000.mailbox: omap mailbox rev 0x400
[   17.588067] remoteproc remoteproc0: powering up wkup_m3
[   17.633424] tda998x 0-0070: found TDA19988
[   17.668238] hub 1-0:1.0: USB hub found
[   17.715352] hub 1-0:1.0: 1 port detected
[   17.740902] remoteproc remoteproc0: Direct firmware load for am335x-pm-firmware.elf failed with error -2
[   17.750779] remoteproc remoteproc0: request_firmware failed: -2
[   17.756807] wkup_m3_ipc 44e11324.wkup_m3_ipc: rproc_boot failed
[   19.590402] omap_rng 48310000.rng: Random Number Generator ver. 20
[   19.695418] tilcdc 4830e000.lcdc: bound 0-0070 (ops tda998x_driver_exit [tda998x])
[   19.842330] [drm] Initialized tilcdc 1.0.0 for 4830e000.lcdc on minor 0
[   19.949385] tilcdc 4830e000.lcdc: [drm] Cannot find any crtc or sizes
[   19.960616] tilcdc 4830e000.lcdc: [drm] Cannot find any crtc or sizes
[   21.392672] PM: Cannot get wkup_m3_ipc handle
[   21.497271] Bluetooth: Core ver 2.22
[   21.501076] NET: Registered PF_BLUETOOTH protocol family
[   21.506831] Bluetooth: HCI device and connection manager initialized
[   21.513256] Bluetooth: HCI socket layer initialized
[   21.518269] Bluetooth: L2CAP socket layer initialized
[   21.523393] Bluetooth: SCO socket layer initialized
[   21.579763] omap-sham 53100000.sham: hw accel on OMAP rev 4.3
[   21.598746] omap-aes 53500000.aes: OMAP AES hw accel rev: 3.2
[   21.756206] omap-sham 53100000.sham: will run requests pump with realtime priority
[   21.765476] PM: Cannot get wkup_m3_ipc handle
[   21.773072] omap-aes 53500000.aes: will run requests pump with realtime priority
[   21.784153] PM: Cannot get wkup_m3_ipc handle
[   25.487683] PM: Cannot get wkup_m3_ipc handle
[   25.493439] asoc-simple-card sound: using DT '/sound' for 'simple-audio-card,hp-det' GPIO lookup
[   25.493508] of_get_named_gpiod_flags: can't parse 'simple-audio-card,hp-det-gpios' property of node '/sound[0]'
[   25.493543] of_get_named_gpiod_flags: can't parse 'simple-audio-card,hp-det-gpio' property of node '/sound[0]'
[   25.493569] asoc-simple-card sound: using lookup tables for GPIO lookup
[   25.493582] asoc-simple-card sound: No GPIO consumer simple-audio-card,hp-det found
[   25.493597] asoc-simple-card sound: using DT '/sound' for 'simple-audio-card,mic-det' GPIO lookup
[   25.493622] of_get_named_gpiod_flags: can't parse 'simple-audio-card,mic-det-gpios' property of node '/sound[0]'
[   25.493648] of_get_named_gpiod_flags: can't parse 'simple-audio-card,mic-det-gpio' property of node '/sound[0]'
[   25.493668] asoc-simple-card sound: using lookup tables for GPIO lookup
[   25.493679] asoc-simple-card sound: No GPIO consumer simple-audio-card,mic-det found
[   25.615460] PM: Cannot get wkup_m3_ipc handle
[   28.371690] userial_init: registered 8 ttyGS* devices
[   28.569460] rndis_register: configNr = 0
[   28.645377] udc musb-hdrc.0: binding gadget driver [g_multi]
[   28.645470] configfs-gadget.g_multi gadget.0: adding 'rndis'/522eee4b to config 'c'/e5839c9b
[   28.646643] configfs-gadget.g_multi gadget.0: HOST MAC 1c:ba:8c:a2:ed:6c
[   28.653415] configfs-gadget.g_multi gadget.0: MAC 1c:ba:8c:a2:ed:70
[   28.659981] rndis_set_param_medium: 0 0
[   28.660007] configfs-gadget.g_multi gadget.0: RNDIS: IN/ep1in OUT/ep1out NOTIFY/ep2in
[   28.660025] configfs-gadget.g_multi gadget.0: adding 'cdc_ethernet'/c48c7ed1 to config 'c'/e5839c9b
[   28.660936] configfs-gadget.g_multi gadget.0: HOST MAC 1c:ba:8c:a2:ed:6c
[   28.667838] configfs-gadget.g_multi gadget.0: MAC 1c:ba:8c:a2:ed:6d
[   28.674214] configfs-gadget.g_multi gadget.0: CDC Ethernet: IN/ep3in OUT/ep2out NOTIFY/ep4in
[   28.674235] configfs-gadget.g_multi gadget.0: adding 'acm'/ecdc60b4 to config 'c'/e5839c9b
[   28.674288] configfs-gadget.g_multi gadget.0: acm ttyGS0: IN/ep5in OUT/ep3out NOTIFY/ep6in
[   28.680831] PM: Cannot get wkup_m3_ipc handle
[   30.878529] configfs-gadget.g_multi gadget.0: eth_open
[   34.715634] gs_open: ttyGS0 (8667cade,30842953)
[   34.715780] gs_close: ttyGS0 (8667cade,30842953) ...
[   34.715802] gs_close: ttyGS0 (8667cade,30842953) done!
[   34.719645] gs_open: ttyGS0 (9af8bd4e,40263f1e)
[   34.719762] gs_close: ttyGS0 (9af8bd4e,40263f1e) ...
[   34.719783] gs_close: ttyGS0 (9af8bd4e,40263f1e) done!
[   34.869923] gs_open: ttyGS0 (a48d8358,e0d98bf2)
[   34.870096] gs_close: ttyGS0 (a48d8358,e0d98bf2) ...
[   34.870123] gs_close: ttyGS0 (a48d8358,e0d98bf2) done!
[   34.870622] gs_open: ttyGS0 (8667cade,40263f1e)
VPMFXAWNAP 0
root@arm:~# echo 'TNTW''MZWFVS'
TNTWMZWFVS
root@arm:~# MARKER='XKAO''YXLNKF' run 'modprobe test_linear_ranges'
XKAOYXLNKFXKAOYXLNKF 0
root@arm:~# echo 'YLCS''PLXCCT'
YLCSPLXCCT
root@arm:~# MARKER='HMGT''FUAVVT' run dmesg
HMGTFUAVVT[    0.000000] Booting Linux on physical CPU 0x0
[    0.000000] Linux version 6.11.7 (user01@drvtest01) (arm-linux-gnueabihf-gcc (Linaro GCC 6.4-2017.11) 6.4.1 20171012, GNU ld (Linaro_Binutils-2017.11) 2.27.0.20161229) #6 SMP Tue Nov 12 15:03:05 EET 2024
[    0.000000] CPU: ARMv7 Processor [413fc082] revision 2 (ARMv7), cr=10c5387d
[    0.000000] CPU: PIPT / VIPT nonaliasing data cache, VIPT aliasing instruction cache
[    0.000000] OF: fdt: Machine model: TI AM335x BeagleBone Black
[    0.000000] Memory policy: Data cache writeback
[    0.000000] cma: Reserved 16 MiB at 0x9e800000 on node -1
[    0.000000] Zone ranges:
[    0.000000]   Normal   [mem 0x0000000080000000-0x000000009fdfffff]
[    0.000000]   HighMem  empty
[    0.000000] Movable zone start for each node
[    0.000000] Early memory node ranges
[    0.000000]   node   0: [mem 0x0000000080000000-0x000000009fdfffff]
[    0.000000] Initmem setup node 0 [mem 0x0000000080000000-0x000000009fdfffff]
[    0.000000] CPU: All CPU(s) started in SVC mode.
[    0.000000] AM335X ES2.1 (sgx neon)
[    0.000000] percpu: Embedded 17 pages/cpu s39628 r8192 d21812 u69632
[    0.000000] pcpu-alloc: s39628 r8192 d21812 u69632 alloc=17*4096
[    0.000000] pcpu-alloc: [0] 0 
[    0.000000] Kernel command line: console=ttyO0,115200n8 root=/dev/nfs rw nfsroot=192.168.255.126:/home/user01/nfs,nfsvers=3 ip=192.168.255.1:192.168.255.126::255.255.255.0:bbb1:eth0 nfsrootdebug
[    0.000000] Unknown kernel command line parameters "nfsrootdebug", will be passed to user space.
[    0.000000] Dentry cache hash table entries: 65536 (order: 6, 262144 bytes, linear)
[    0.000000] Inode-cache hash table entries: 32768 (order: 5, 131072 bytes, linear)
[    0.000000] Built 1 zonelists, mobility grouping on.  Total pages: 130560
[    0.000000] mem auto-init: stack:off, heap alloc:off, heap free:off
[    0.000000] SLUB: HWalign=64, Order=0-3, MinObjects=0, CPUs=1, Nodes=1
[    0.000000] trace event string verifier disabled
[    0.000000] rcu: Hierarchical RCU implementation.
[    0.000000] rcu: 	RCU event tracing is enabled.
[    0.000000] rcu: 	RCU restricting CPUs from NR_CPUS=2 to nr_cpu_ids=1.
[    0.000000] rcu: RCU calculated value of scheduler-enlistment delay is 10 jiffies.
[    0.000000] rcu: Adjusting geometry for rcu_fanout_leaf=16, nr_cpu_ids=1
[    0.000000] NR_IRQS: 16, nr_irqs: 16, preallocated irqs: 16
[    0.000000] IRQ: Found an INTC at 0x(ptrval) (revision 5.0) with 128 interrupts
[    0.000000] rcu: srcu_init: Setting srcu_struct sizes based on contention.
[    0.000000] TI gptimer clocksource: always-on /ocp/interconnect@44c00000/segment@200000/target-module@31000
[    0.000002] sched_clock: 32 bits at 24MHz, resolution 41ns, wraps every 89478484971ns
[    0.000029] clocksource: dmtimer: mask: 0xffffffff max_cycles: 0xffffffff, max_idle_ns: 79635851949 ns
[    0.000509] TI gptimer clockevent: 24000000 Hz at /ocp/interconnect@48000000/segment@0/target-module@40000
[    0.002125] Console: colour dummy device 80x30
[    0.002194] WARNING: Your 'console=ttyO0' has been replaced by 'ttyS0'
[    0.002204] This ensures that you still see kernel messages. Please
[    0.002210] update your kernel commandline.
[    0.002253] Calibrating delay loop... 996.14 BogoMIPS (lpj=4980736)
[    0.090565] CPU: Testing write buffer coherency: ok
[    0.090672] CPU0: Spectre v2: using BPIALL workaround
[    0.090685] pid_max: default: 32768 minimum: 301
[    0.090808] LSM: initializing lsm=capability
[    0.090977] Mount-cache hash table entries: 1024 (order: 0, 4096 bytes, linear)
[    0.091000] Mountpoint-cache hash table entries: 1024 (order: 0, 4096 bytes, linear)
[    0.092537] CPU0: thread -1, cpu 0, socket -1, mpidr 0
[    0.094248] Setting up static identity map for 0x80100000 - 0x80100078
[    0.094560] rcu: Hierarchical SRCU implementation.
[    0.094573] rcu: 	Max phase no-delay instances is 1000.
[    0.096240] smp: Bringing up secondary CPUs ...
[    0.096301] smp: Brought up 1 node, 1 CPU
[    0.096316] SMP: Total of 1 processors activated (996.14 BogoMIPS).
[    0.096329] CPU: All CPU(s) started in SVC mode.
[    0.096524] Memory: 480876K/522240K available (11264K kernel code, 1197K rwdata, 2856K rodata, 1024K init, 297K bss, 23344K reserved, 16384K cma-reserved, 0K highmem)
[    0.097333] devtmpfs: initialized
[    0.113894] VFP support v0.3: implementor 41 architecture 3 part 30 variant c rev 3
[    0.114260] clocksource: jiffies: mask: 0xffffffff max_cycles: 0xffffffff, max_idle_ns: 19112604462750000 ns
[    0.114297] futex hash table entries: 256 (order: 2, 16384 bytes, linear)
[    0.115567] pinctrl core: initialized pinctrl subsystem
[    0.118318] NET: Registered PF_NETLINK/PF_ROUTE protocol family
[    0.121312] DMA: preallocated 256 KiB pool for atomic coherent allocations
[    0.122286] audit: initializing netlink subsys (disabled)
[    0.123671] thermal_sys: Registered thermal governor 'fair_share'
[    0.123694] thermal_sys: Registered thermal governor 'step_wise'
[    0.123705] thermal_sys: Registered thermal governor 'user_space'
[    0.123823] audit: type=2000 audit(0.120:1): state=initialized audit_enabled=0 res=1
[    0.123897] cpuidle: using governor menu
[    0.142771] No ATAGs?
[    0.142803] hw-breakpoint: debug architecture 0x4 unsupported.
[    0.145688] kprobes: kprobe jump-optimization is enabled. All kprobes are optimized if possible.
[    0.163951] iommu: Default domain type: Translated
[    0.163977] iommu: DMA domain TLB invalidation policy: strict mode
[    0.165558] reg-fixed-voltage fixedregulator0: using DT '/fixedregulator0' for '(default)' GPIO lookup
[    0.165618] of_get_named_gpiod_flags: can't parse 'gpios' property of node '/fixedregulator0[0]'
[    0.165650] of_get_named_gpiod_flags: can't parse 'gpio' property of node '/fixedregulator0[0]'
[    0.165671] reg-fixed-voltage fixedregulator0: using lookup tables for GPIO lookup
[    0.165682] reg-fixed-voltage fixedregulator0: No GPIO consumer (default) found
[    0.171335] SCSI subsystem initialized
[    0.180937] libata version 3.00 loaded.
[    0.181316] pps_core: LinuxPPS API ver. 1 registered
[    0.181327] pps_core: Software ver. 5.3.6 - Copyright 2005-2007 Rodolfo Giometti <giometti@linux.it>
[    0.181355] PTP clock support registered
[    0.183322] vgaarb: loaded
[    0.183723] clocksource: Switched to clocksource dmtimer
[    0.184315] VFS: Disk quotas dquot_6.6.0
[    0.184363] VFS: Dquot-cache hash table entries: 1024 (order 0, 4096 bytes)
[    0.210757] NET: Registered PF_INET protocol family
[    0.211117] IP idents hash table entries: 8192 (order: 4, 65536 bytes, linear)
[    0.212527] tcp_listen_portaddr_hash hash table entries: 512 (order: 0, 4096 bytes, linear)
[    0.212568] Table-perturb hash table entries: 65536 (order: 6, 262144 bytes, linear)
[    0.212586] TCP established hash table entries: 4096 (order: 2, 16384 bytes, linear)
[    0.212630] TCP bind hash table entries: 4096 (order: 4, 65536 bytes, linear)
[    0.212731] TCP: Hash tables configured (established 4096 bind 4096)
[    0.212855] UDP hash table entries: 256 (order: 1, 8192 bytes, linear)
[    0.212886] UDP-Lite hash table entries: 256 (order: 1, 8192 bytes, linear)
[    0.213059] NET: Registered PF_UNIX/PF_LOCAL protocol family
[    0.224184] RPC: Registered named UNIX socket transport module.
[    0.224213] RPC: Registered udp transport module.
[    0.224220] RPC: Registered tcp transport module.
[    0.224226] RPC: Registered tcp-with-tls transport module.
[    0.224233] RPC: Registered tcp NFSv4.1 backchannel transport module.
[    0.224259] PCI: CLS 0 bytes, default 64
[    0.225728] Initialise system trusted keyrings
[    0.226497] workingset: timestamp_bits=14 max_order=17 bucket_order=3
[    0.228161] NFS: Registering the id_resolver key type
[    0.228256] Key type id_resolver registered
[    0.228266] Key type id_legacy registered
[    0.228318] jffs2: version 2.2. (NAND) (SUMMARY)  Â© 2001-2006 Red Hat, Inc.
[    0.228722] Key type asymmetric registered
[    0.228740] Asymmetric key parser 'x509' registered
[    0.228809] io scheduler mq-deadline registered
[    0.228822] io scheduler kyber registered
[    0.228892] io scheduler bfq registered
[    0.244147] Serial: 8250/16550 driver, 6 ports, IRQ sharing enabled
[    0.282969] brd: module loaded
[    0.299767] loop: module loaded
[    0.300703] mtdoops: mtd device (mtddev=name/number) must be supplied
[    0.302400] mdio_bus fixed-0: using lookup tables for GPIO lookup
[    0.302429] mdio_bus fixed-0: No GPIO consumer reset found
[    0.304006] i2c_dev: i2c /dev entries driver
[    0.305004] cpuidle: enable-method property 'ti,am3352' found operations
[    0.305449] sdhci: Secure Digital Host Controller Interface driver
[    0.305461] sdhci: Copyright(c) Pierre Ossman
[    0.305636] sdhci-pltfm: SDHCI platform and OF driver helper
[    0.313905] ledtrig-cpu: registered to indicate activity on CPUs
[    0.314892] Initializing XFRM netlink socket
[    0.315019] NET: Registered PF_INET6 protocol family
[    0.324891] Segment Routing with IPv6
[    0.324988] In-situ OAM (IOAM) with IPv6
[    0.325090] sit: IPv6, IPv4 and MPLS over IPv4 tunneling driver
[    0.326055] NET: Registered PF_PACKET protocol family
[    0.326099] NET: Registered PF_KEY protocol family
[    0.326230] Key type dns_resolver registered
[    0.326500] ThumbEE CPU extension supported.
[    0.326523] Registering SWP/SWPB emulation handler
[    0.327048] omap_voltage_late_init: Voltage driver support not added
[    0.327404] SmartReflex Class3 initialized
[    0.366220] Loading compiled-in X.509 certificates
[    0.402585] gpiochip_find_base_unlocked: found new base at 512
[    0.433424] platform 44e10800.pinmux: Fixed dependency cycle(s) with /ocp/interconnect@44c00000/segment@200000/target-module@10000/scm@0/pinmux@800/clkout2-pins
[    0.434214] pinctrl-single 44e10800.pinmux: 142 pins, size 568
[    0.439312] ti-sysc 44e31000.target-module: probe with driver ti-sysc failed with error -16
[    0.474943] ti-sysc 48040000.target-module: probe with driver ti-sysc failed with error -16
[    0.485981] gpiochip_find_base_unlocked: found new base at 512
[    0.486094] gpio gpiochip0: (gpio-0-31): created GPIO range 0->7 ==> 44e10800.pinmux PIN 0->7
[    0.486116] gpio gpiochip0: (gpio-0-31): created GPIO range 8->11 ==> 44e10800.pinmux PIN 90->93
[    0.486134] gpio gpiochip0: (gpio-0-31): created GPIO range 12->27 ==> 44e10800.pinmux PIN 12->27
[    0.486150] gpio gpiochip0: (gpio-0-31): created GPIO range 28->31 ==> 44e10800.pinmux PIN 30->33
[    0.515520] gpio gpiochip0: (gpio-0-31): added GPIO chardev (254:0)
[    0.515706] gpio gpiochip0: registered GPIOs 512 to 543 on gpio-0-31
[    0.515794] OMAP GPIO hardware version 0.1
[    0.539149] i2c i2c-2: using DT '/ocp/interconnect@48000000/segment@100000/target-module@9c000/i2c@0' for 'scl' GPIO lookup
[    0.539253] of_get_named_gpiod_flags: can't parse 'scl-gpios' property of node '/ocp/interconnect@48000000/segment@100000/target-module@9c000/i2c@0[0]'
[    0.539301] of_get_named_gpiod_flags: can't parse 'scl-gpio' property of node '/ocp/interconnect@48000000/segment@100000/target-module@9c000/i2c@0[0]'
[    0.539340] i2c i2c-2: using lookup tables for GPIO lookup
[    0.539351] i2c i2c-2: No GPIO consumer scl found
[    0.539374] i2c i2c-2: using DT '/ocp/interconnect@48000000/segment@100000/target-module@9c000/i2c@0' for 'sda' GPIO lookup
[    0.539413] of_get_named_gpiod_flags: can't parse 'sda-gpios' property of node '/ocp/interconnect@48000000/segment@100000/target-module@9c000/i2c@0[0]'
[    0.539453] of_get_named_gpiod_flags: can't parse 'sda-gpio' property of node '/ocp/interconnect@48000000/segment@100000/target-module@9c000/i2c@0[0]'
[    0.539486] i2c i2c-2: using lookup tables for GPIO lookup
[    0.539496] i2c i2c-2: No GPIO consumer sda found
[    0.540210] omap_i2c 4819c000.i2c: bus 2 rev0.11 at 100 kHz
[    0.545908] gpiochip_find_base_unlocked: found new base at 544
[    0.546021] gpio gpiochip1: (gpio-32-63): created GPIO range 0->17 ==> 44e10800.pinmux PIN 34->51
[    0.546041] gpio gpiochip1: (gpio-32-63): created GPIO range 18->21 ==> 44e10800.pinmux PIN 77->80
[    0.546058] gpio gpiochip1: (gpio-32-63): created GPIO range 22->31 ==> 44e10800.pinmux PIN 56->65
[    0.560577] gpio gpiochip1: (gpio-32-63): added GPIO chardev (254:1)
[    0.560748] gpio gpiochip1: registered GPIOs 544 to 575 on gpio-32-63
[    0.562892] gpiochip_find_base_unlocked: found new base at 576
[    0.562991] gpio gpiochip2: (gpio-64-95): created GPIO range 0->4 ==> 44e10800.pinmux PIN 66->70
[    0.563029] gpio gpiochip2: (gpio-64-95): created GPIO range 5->6 ==> 44e10800.pinmux PIN 98->99
[    0.563048] gpio gpiochip2: (gpio-64-95): created GPIO range 7->8 ==> 44e10800.pinmux PIN 75->76
[    0.563065] gpio gpiochip2: (gpio-64-95): created GPIO range 13->13 ==> 44e10800.pinmux PIN 141->141
[    0.563083] gpio gpiochip2: (gpio-64-95): created GPIO range 14->21 ==> 44e10800.pinmux PIN 100->107
[    0.579685] gpio gpiochip2: (gpio-64-95): added GPIO chardev (254:2)
[    0.579845] gpio gpiochip2: registered GPIOs 576 to 607 on gpio-64-95
[    0.585510] 48000000.interconnect:segment@200000:target-module@0:mpu@0:fck: device ID is greater than 24
[    0.589640] platform 4830e000.lcdc: Fixed dependency cycle(s) with /ocp/interconnect@44c00000/segment@200000/target-module@b000/i2c@0/tda19988@70
[    0.598954] mdio_bus 4a101000.mdio: using DT '/ocp/interconnect@4a000000/segment@0/target-module@100000/switch@0/mdio@1000' for 'reset' GPIO lookup
[    0.599036] of_get_named_gpiod_flags: can't parse 'reset-gpios' property of node '/ocp/interconnect@4a000000/segment@0/target-module@100000/switch@0/mdio@1000[0]'
[    0.599088] of_get_named_gpiod_flags: can't parse 'reset-gpio' property of node '/ocp/interconnect@4a000000/segment@0/target-module@100000/switch@0/mdio@1000[0]'
[    0.599139] mdio_bus 4a101000.mdio: using lookup tables for GPIO lookup
[    0.599152] mdio_bus 4a101000.mdio: No GPIO consumer reset found
[    0.600604] sdhci-omap 481d8000.mmc: using DT '/ocp/interconnect@48000000/segment@100000/target-module@d8000/mmc@0' for 'wp' GPIO lookup
[    0.600673] of_get_named_gpiod_flags: can't parse 'wp-gpios' property of node '/ocp/interconnect@48000000/segment@100000/target-module@d8000/mmc@0[0]'
[    0.600721] of_get_named_gpiod_flags: can't parse 'wp-gpio' property of node '/ocp/interconnect@48000000/segment@100000/target-module@d8000/mmc@0[0]'
[    0.600759] sdhci-omap 481d8000.mmc: using lookup tables for GPIO lookup
[    0.600769] sdhci-omap 481d8000.mmc: No GPIO consumer wp found
[    0.600964] sdhci-omap 481d8000.mmc: supply pbias not found, using dummy regulator
[    0.601437] sdhci-omap 481d8000.mmc: supply vqmmc not found, using dummy regulator
[    0.677340] davinci_mdio 4a101000.mdio: davinci mdio revision 1.6, bus freq 1000000
[    0.710147] mdio_bus 4a101000.mdio:00: using DT '/ocp/interconnect@4a000000/segment@0/target-module@100000/switch@0/mdio@1000/ethernet-phy@0' for 'reset' GPIO lookup
[    0.710258] of_get_named_gpiod_flags: parsed 'reset-gpios' property of node '/ocp/interconnect@4a000000/segment@0/target-module@100000/switch@0/mdio@1000/ethernet-phy@0[0]' - status (0)
[    0.710428] gpio gpiochip0: Persistence not supported for GPIO 8
[    0.813632] davinci_mdio 4a101000.mdio: phy[0]: device 4a101000.mdio:00, driver SMSC LAN8710/LAN8720
[    0.814332] cpsw-switch 4a100000.switch: initialized cpsw ale version 1.4
[    0.814356] cpsw-switch 4a100000.switch: ALE Table size 1024
[    0.814646] cpsw-switch 4a100000.switch: cpts: overflow check period 500 (jiffies)
[    0.814672] cpsw-switch 4a100000.switch: CPTS: ref_clk_freq:250000000 calc_mult:2147483648 calc_shift:29 error:0 nsec/sec
[    0.814777] cpsw-switch 4a100000.switch: Detected MACID = 6c:ec:eb:68:de:78
[    0.816617] cpsw-switch 4a100000.switch: initialized (regs 0x4a100000, pool size 256) hw_ver:0019010C 1.12 (0)
[    0.827572] debugfs: Directory '49000000.dma' with parent 'dmaengine' already present!
[    0.827620] edma 49000000.dma: TI EDMA DMA engine driver
[    0.871381] target-module@4b000000:target-module@140000:pmu@0:fck: device ID is greater than 24
[    0.909033] hw perfevents: enabled with armv7_cortex_a8 PMU driver, 5 counters available
[    0.909922] gpio-clk clk_mcasp0: using DT '/clk_mcasp0' for 'enable' GPIO lookup
[    0.909995] of_get_named_gpiod_flags: parsed 'enable-gpios' property of node '/clk_mcasp0[0]' - status (0)
[    0.910040] gpio gpiochip0: Persistence not supported for GPIO 27
[    0.910841] gpiochip_find_base_unlocked: found new base at 608
[    0.910959] gpio gpiochip3: (gpio-96-127): created GPIO range 0->7 ==> 44e10800.pinmux PIN 82->89
[    0.910983] gpio gpiochip3: (gpio-96-127): created GPIO range 8->11 ==> 44e10800.pinmux PIN 52->55
[    0.911000] gpio gpiochip3: (gpio-96-127): created GPIO range 12->15 ==> 44e10800.pinmux PIN 94->97
[    0.911017] gpio gpiochip3: (gpio-96-127): created GPIO range 16->17 ==> 44e10800.pinmux PIN 71->72
[    0.911034] gpio gpiochip3: (gpio-96-127): created GPIO range 18->18 ==> 44e10800.pinmux PIN 135->135
[    0.911052] gpio gpiochip3: (gpio-96-127): created GPIO range 19->20 ==> 44e10800.pinmux PIN 108->109
[    0.911071] gpio gpiochip3: (gpio-96-127): created GPIO range 21->21 ==> 44e10800.pinmux PIN 73->73
[    0.911089] gpio gpiochip3: (gpio-96-127): created GPIO range 22->23 ==> 44e10800.pinmux PIN 8->9
[    0.911108] gpio gpiochip3: (gpio-96-127): created GPIO range 26->27 ==> 44e10800.pinmux PIN 10->11
[    0.911128] gpio gpiochip3: (gpio-96-127): created GPIO range 28->28 ==> 44e10800.pinmux PIN 74->74
[    0.911147] gpio gpiochip3: (gpio-96-127): created GPIO range 29->29 ==> 44e10800.pinmux PIN 81->81
[    0.911167] gpio gpiochip3: (gpio-96-127): created GPIO range 30->31 ==> 44e10800.pinmux PIN 28->29
[    0.916675] l3-aon-clkctrl:0000:0: failed to disable
[    0.917315] gpio gpiochip3: (gpio-96-127): added GPIO chardev (254:3)
[    0.917471] gpio gpiochip3: registered GPIOs 608 to 639 on gpio-96-127
[    0.919478] omap8250 44e09000.serial: using DT '/ocp/interconnect@44c00000/segment@200000/target-module@9000/serial@0' for 'rs485-term' GPIO lookup
[    0.919557] of_get_named_gpiod_flags: can't parse 'rs485-term-gpios' property of node '/ocp/interconnect@44c00000/segment@200000/target-module@9000/serial@0[0]'
[    0.919604] of_get_named_gpiod_flags: can't parse 'rs485-term-gpio' property of node '/ocp/interconnect@44c00000/segment@200000/target-module@9000/serial@0[0]'
[    0.919643] omap8250 44e09000.serial: using lookup tables for GPIO lookup
[    0.919654] omap8250 44e09000.serial: No GPIO consumer rs485-term found
[    0.919665] omap8250 44e09000.serial: using DT '/ocp/interconnect@44c00000/segment@200000/target-module@9000/serial@0' for 'rs485-rx-during-tx' GPIO lookup
[    0.919704] of_get_named_gpiod_flags: can't parse 'rs485-rx-during-tx-gpios' property of node '/ocp/interconnect@44c00000/segment@200000/target-module@9000/serial@0[0]'
[    0.919745] of_get_named_gpiod_flags: can't parse 'rs485-rx-during-tx-gpio' property of node '/ocp/interconnect@44c00000/segment@200000/target-module@9000/serial@0[0]'
[    0.919779] omap8250 44e09000.serial: using lookup tables for GPIO lookup
[    0.919789] omap8250 44e09000.serial: No GPIO consumer rs485-rx-during-tx found
[    0.920171] 44e09000.serial: ttyS0 at MMIO 0x44e09000 (irq = 34, base_baud = 3000000) is a 8250
[    0.920256] printk: legacy console [ttyS0] enabled
[    2.136045] i2c i2c-0: using DT '/ocp/interconnect@44c00000/segment@200000/target-module@b000/i2c@0' for 'scl' GPIO lookup
[    2.136135] of_get_named_gpiod_flags: can't parse 'scl-gpios' property of node '/ocp/interconnect@44c00000/segment@200000/target-module@b000/i2c@0[0]'
[    2.136185] of_get_named_gpiod_flags: can't parse 'scl-gpio' property of node '/ocp/interconnect@44c00000/segment@200000/target-module@b000/i2c@0[0]'
[    2.136226] i2c i2c-0: using lookup tables for GPIO lookup
[    2.136240] i2c i2c-0: No GPIO consumer scl found
[    2.136266] i2c i2c-0: using DT '/ocp/interconnect@44c00000/segment@200000/target-module@b000/i2c@0' for 'sda' GPIO lookup
[    2.136307] of_get_named_gpiod_flags: can't parse 'sda-gpios' property of node '/ocp/interconnect@44c00000/segment@200000/target-module@b000/i2c@0[0]'
[    2.136349] of_get_named_gpiod_flags: can't parse 'sda-gpio' property of node '/ocp/interconnect@44c00000/segment@200000/target-module@b000/i2c@0[0]'
[    2.136386] i2c i2c-0: using lookup tables for GPIO lookup
[    2.136398] i2c i2c-0: No GPIO consumer sda found
[    2.164829] tps65217-pmic: Failed to locate of_node [id: -1]
[    2.170918] tps65217-bl: Failed to locate of_node [id: -1]
[    2.182093] tps65217 0-0024: TPS65217 ID 0xe version 1.2
[    2.188245] platform 4830e000.lcdc: Fixed dependency cycle(s) with /ocp/interconnect@44c00000/segment@200000/target-module@b000/i2c@0/tda19988@70
[    2.201669] i2c 0-0070: Fixed dependency cycle(s) with /ocp/interconnect@48000000/segment@300000/target-module@e000/lcdc@0
[    2.213077] omap_i2c 44e0b000.i2c: bus 0 rev0.11 at 400 kHz
[    2.221137] sdhci-omap 48060000.mmc: using DT '/ocp/interconnect@48000000/segment@0/target-module@60000/mmc@0' for 'cd' GPIO lookup
[    2.221247] of_get_named_gpiod_flags: parsed 'cd-gpios' property of node '/ocp/interconnect@48000000/segment@0/target-module@60000/mmc@0[0]' - status (0)
[    2.221313] gpio gpiochip3: Persistence not supported for GPIO 6
[    2.221337] omap_gpio 44e07000.gpio: Could not set line 6 debounce to 200000 microseconds (-22)
[    2.230253] sdhci-omap 48060000.mmc: Got CD GPIO
[    2.234951] sdhci-omap 48060000.mmc: using DT '/ocp/interconnect@48000000/segment@0/target-module@60000/mmc@0' for 'wp' GPIO lookup
[    2.235003] of_get_named_gpiod_flags: can't parse 'wp-gpios' property of node '/ocp/interconnect@48000000/segment@0/target-module@60000/mmc@0[0]'
[    2.235048] of_get_named_gpiod_flags: can't parse 'wp-gpio' property of node '/ocp/interconnect@48000000/segment@0/target-module@60000/mmc@0[0]'
[    2.235089] sdhci-omap 48060000.mmc: using lookup tables for GPIO lookup
[    2.235103] sdhci-omap 48060000.mmc: No GPIO consumer wp found
[    2.235314] sdhci-omap 48060000.mmc: supply pbias not found, using dummy regulator
[    2.244531] sdhci-omap 481d8000.mmc: using DT '/ocp/interconnect@48000000/segment@100000/target-module@d8000/mmc@0' for 'wp' GPIO lookup
[    2.244613] of_get_named_gpiod_flags: can't parse 'wp-gpios' property of node '/ocp/interconnect@48000000/segment@100000/target-module@d8000/mmc@0[0]'
[    2.244663] of_get_named_gpiod_flags: can't parse 'wp-gpio' property of node '/ocp/interconnect@48000000/segment@100000/target-module@d8000/mmc@0[0]'
[    2.244703] sdhci-omap 481d8000.mmc: using lookup tables for GPIO lookup
[    2.244717] sdhci-omap 481d8000.mmc: No GPIO consumer wp found
[    2.246083] sdhci-omap 48060000.mmc: supply vqmmc not found, using dummy regulator
[    2.254601] sdhci-omap 481d8000.mmc: supply pbias not found, using dummy regulator
[    2.262600] sdhci-omap 481d8000.mmc: supply vqmmc not found, using dummy regulator
[    2.300827] mmc1: SDHCI controller on 481d8000.mmc [481d8000.mmc] using External DMA
[    2.310018] mmc0: SDHCI controller on 48060000.mmc [48060000.mmc] using External DMA
[    2.318736] cpsw-switch 4a100000.switch: starting ndev. mode: dual_mac
[    2.362929] mmc0: new high speed SDHC card at address 5048
[    2.369946] mmcblk0: mmc0:5048 SD16G 14.4 GiB
[    2.377942]  mmcblk0: p1 p2
[    2.381315] mmcblk0: p2 size 31221760 extends beyond EOD, truncated
[    2.395783] mmc1: new high speed MMC card at address 0001
[    2.402510] mmcblk1: mmc1:0001 MMC04G 3.60 GiB
[    2.410147]  mmcblk1: p1 p2
[    2.413897] SMSC LAN8710/LAN8720 4a101000.mdio:00: attached PHY driver (mii_bus:phy_addr=4a101000.mdio:00, irq=POLL)
[    2.425313] mmcblk1boot0: mmc1:0001 MMC04G 2.00 MiB
[    2.438189] mmcblk1boot1: mmc1:0001 MMC04G 2.00 MiB
[    2.445653] mmcblk1rpmb: mmc1:0001 MMC04G 128 KiB, chardev (250:0)
[    5.604471] cpsw-switch 4a100000.switch eth0: Link is Up - 100Mbps/Full - flow control off
[    5.643962] IP-Config: Complete:
[    5.647236]      device=eth0, hwaddr=6c:ec:eb:68:de:78, ipaddr=192.168.255.1, mask=255.255.255.0, gw=255.255.255.255
[    5.657898]      host=bbb1, domain=, nis-domain=(none)
[    5.663067]      bootserver=192.168.255.126, rootserver=192.168.255.126, rootpath=
[    5.663497] clk: Disabling unused clocks
[    5.675337] PM: genpd: Disabling unused power domains
[    5.680450] KTAP version 1
[    5.683171] 1..0
[    5.712102] VFS: Mounted root (nfs filesystem) on device 0:17.
[    5.719312] devtmpfs: mounted
[    5.724117] Freeing unused kernel image (initmem) memory: 1024K
[    5.730882] Run /sbin/init as init process
[    5.735071]   with arguments:
[    5.735086]     /sbin/init
[    5.735095]     nfsrootdebug
[    5.735104]   with environment:
[    5.735113]     HOME=/
[    5.735121]     TERM=linux
[    6.431498] systemd[1]: System time before build time, advancing clock.
[    7.903745] random: crng init done
[    7.974577] systemd[1]: systemd 232 running in system mode. (+PAM +AUDIT +SELINUX +IMA +APPARMOR +SMACK +SYSVINIT +UTMP +LIBCRYPTSETUP +GCRYPT +GNUTLS +ACL +XZ +LZ4 +SECCOMP +BLKID +ELFUTILS +KMOD +IDN)
[    7.993540] systemd[1]: Detected architecture arm.
[    8.036847] systemd[1]: Set hostname to <arm>.
[    9.121509] systemd[1]: Listening on Journal Socket (/dev/log).
[    9.154420] systemd[1]: Listening on udev Kernel Socket.
[    9.195697] systemd[1]: Listening on /dev/initctl Compatibility Named Pipe.
[    9.234667] systemd[1]: Started Dispatch Password Requests to Console Directory Watch.
[    9.274066] systemd[1]: Reached target Remote File Systems.
[    9.314694] systemd[1]: Listening on Journal Audit Socket.
[    9.354077] systemd[1]: Reached target Swap.
[   11.342592] systemd-journald[83]: Received request to flush runtime journal from PID 1
[   14.288654] leds-gpio leds: using DT '/leds/led2' for '(default)' GPIO lookup
[   14.288761] of_get_named_gpiod_flags: parsed 'gpios' property of node '/leds/led2[0]' - status (0)
[   14.288819] gpio gpiochip0: Persistence not supported for GPIO 21
[   14.288834] gpio-533 (?): no flags found for GPIO (default)
[   14.315692] leds-gpio leds: using DT '/leds/led3' for '(default)' GPIO lookup
[   14.315802] of_get_named_gpiod_flags: parsed 'gpios' property of node '/leds/led3[0]' - status (0)
[   14.315860] gpio gpiochip0: Persistence not supported for GPIO 22
[   14.315875] gpio-534 (?): no flags found for GPIO (default)
[   14.344993] leds-gpio leds: using DT '/leds/led4' for '(default)' GPIO lookup
[   14.345093] of_get_named_gpiod_flags: parsed 'gpios' property of node '/leds/led4[0]' - status (0)
[   14.345145] gpio gpiochip0: Persistence not supported for GPIO 23
[   14.345160] gpio-535 (?): no flags found for GPIO (default)
[   14.379228] leds-gpio leds: using DT '/leds/led5' for '(default)' GPIO lookup
[   14.379330] of_get_named_gpiod_flags: parsed 'gpios' property of node '/leds/led5[0]' - status (0)
[   14.379379] gpio gpiochip0: Persistence not supported for GPIO 24
[   14.379395] gpio-536 (?): no flags found for GPIO (default)
[   14.999289] remoteproc remoteproc0: wkup_m3 is available
[   15.065932] omap_rtc 44e3e000.rtc: registered as rtc0
[   15.071141] omap_rtc 44e3e000.rtc: setting system clock to 2000-01-01T00:00:00 UTC (946684800)
[   15.080003] omap_rtc 44e3e000.rtc: using DT '/ocp/interconnect@44c00000/segment@200000/target-module@3e000/rtc@0' for 'wp' GPIO lookup
[   15.080078] of_get_named_gpiod_flags: can't parse 'wp-gpios' property of node '/ocp/interconnect@44c00000/segment@200000/target-module@3e000/rtc@0[0]'
[   15.080131] of_get_named_gpiod_flags: can't parse 'wp-gpio' property of node '/ocp/interconnect@44c00000/segment@200000/target-module@3e000/rtc@0[0]'
[   15.080173] omap_rtc 44e3e000.rtc: using lookup tables for GPIO lookup
[   15.080189] omap_rtc 44e3e000.rtc: No GPIO consumer wp found
[   15.295125] omap_wdt: OMAP Watchdog Timer Rev 0x01: initial timeout 60 sec
[   15.570354] tps6521x_pwrbutton tps65217-pwrbutton: DMA mask not set
[   15.639266] at24 2-0054: supply vcc not found, using dummy regulator
[   15.652764] input: tps65217_pwrbutton as /devices/platform/ocp/44c00000.interconnect/44c00000.interconnect:segment@200000/44e0b000.target-module/44e0b000.i2c/i2c-0/0-0024/tps65217-pwrbutton/input/input0
[   15.767836] wkup_m3_ipc 44e11324.wkup_m3_ipc: IPC Request for A8->M3 Channel failed! -517
[   15.903921] at24 2-0055: supply vcc not found, using dummy regulator
[   16.026147] at24 2-0056: supply vcc not found, using dummy regulator
[   16.133942] at24 2-0057: supply vcc not found, using dummy regulator
[   16.196585] at24 0-0050: using DT '/ocp/interconnect@44c00000/segment@200000/target-module@b000/i2c@0/baseboard_eeprom@50' for 'wp' GPIO lookup
[   16.196783] of_get_named_gpiod_flags: can't parse 'wp-gpios' property of node '/ocp/interconnect@44c00000/segment@200000/target-module@b000/i2c@0/baseboard_eeprom@50[0]'
[   16.196888] of_get_named_gpiod_flags: can't parse 'wp-gpio' property of node '/ocp/interconnect@44c00000/segment@200000/target-module@b000/i2c@0/baseboard_eeprom@50[0]'
[   16.196941] at24 0-0050: using lookup tables for GPIO lookup
[   16.196956] at24 0-0050: No GPIO consumer wp found
[   16.197393] at24 0-0050: 32768 byte 24c256 EEPROM, writable, 1 bytes/write
[   16.223909] wkup_m3_ipc 44e11324.wkup_m3_ipc: IPC Request for A8->M3 Channel failed! -517
[   16.285079] am335x-phy-driver 47401300.usb-phy: using DT '/ocp/target-module@47400000/usb-phy@1300' for 'reset' GPIO lookup
[   16.285200] of_get_named_gpiod_flags: can't parse 'reset-gpios' property of node '/ocp/target-module@47400000/usb-phy@1300[0]'
[   16.285250] of_get_named_gpiod_flags: can't parse 'reset-gpio' property of node '/ocp/target-module@47400000/usb-phy@1300[0]'
[   16.285289] am335x-phy-driver 47401300.usb-phy: using lookup tables for GPIO lookup
[   16.285304] am335x-phy-driver 47401300.usb-phy: No GPIO consumer reset found
[   16.285319] am335x-phy-driver 47401300.usb-phy: using DT '/ocp/target-module@47400000/usb-phy@1300' for 'vbus-detect' GPIO lookup
[   16.285353] of_get_named_gpiod_flags: can't parse 'vbus-detect-gpios' property of node '/ocp/target-module@47400000/usb-phy@1300[0]'
[   16.285386] of_get_named_gpiod_flags: can't parse 'vbus-detect-gpio' property of node '/ocp/target-module@47400000/usb-phy@1300[0]'
[   16.285413] am335x-phy-driver 47401300.usb-phy: using lookup tables for GPIO lookup
[   16.285425] am335x-phy-driver 47401300.usb-phy: No GPIO consumer vbus-detect found
[   16.285574] am335x-phy-driver 47401300.usb-phy: dummy supplies not allowed for exclusive requests (id=vbus)
[   16.413313] am335x-phy-driver 47401b00.usb-phy: using DT '/ocp/target-module@47400000/usb-phy@1b00' for 'reset' GPIO lookup
[   16.413464] of_get_named_gpiod_flags: can't parse 'reset-gpios' property of node '/ocp/target-module@47400000/usb-phy@1b00[0]'
[   16.413588] of_get_named_gpiod_flags: can't parse 'reset-gpio' property of node '/ocp/target-module@47400000/usb-phy@1b00[0]'
[   16.413678] am335x-phy-driver 47401b00.usb-phy: using lookup tables for GPIO lookup
[   16.413925] am335x-phy-driver 47401b00.usb-phy: No GPIO consumer reset found
[   16.413944] am335x-phy-driver 47401b00.usb-phy: using DT '/ocp/target-module@47400000/usb-phy@1b00' for 'vbus-detect' GPIO lookup
[   16.413983] of_get_named_gpiod_flags: can't parse 'vbus-detect-gpios' property of node '/ocp/target-module@47400000/usb-phy@1b00[0]'
[   16.414021] of_get_named_gpiod_flags: can't parse 'vbus-detect-gpio' property of node '/ocp/target-module@47400000/usb-phy@1b00[0]'
[   16.414050] am335x-phy-driver 47401b00.usb-phy: using lookup tables for GPIO lookup
[   16.414062] am335x-phy-driver 47401b00.usb-phy: No GPIO consumer vbus-detect found
[   16.414213] am335x-phy-driver 47401b00.usb-phy: dummy supplies not allowed for exclusive requests (id=vbus)
[   16.444966] wkup_m3_ipc 44e11324.wkup_m3_ipc: IPC Request for A8->M3 Channel failed! -517
[   16.528291] wkup_m3_ipc 44e11324.wkup_m3_ipc: IPC Request for A8->M3 Channel failed! -517
[   16.685551] usbcore: registered new interface driver usbfs
[   16.692149] usbcore: registered new interface driver hub
[   16.697795] usbcore: registered new device driver usb
[   17.270147] wkup_m3_ipc 44e11324.wkup_m3_ipc: IPC Request for A8->M3 Channel failed! -517
[   17.341171] musb-hdrc musb-hdrc.1: MUSB HDRC host driver
[   17.346828] musb-hdrc musb-hdrc.1: new USB bus registered, assigned bus number 1
[   17.365629] wkup_m3_ipc 44e11324.wkup_m3_ipc: IPC Request for A8->M3 Channel failed! -517
[   17.500526] usb usb1: New USB device found, idVendor=1d6b, idProduct=0002, bcdDevice= 6.11
[   17.510140] usb usb1: New USB device strings: Mfr=3, Product=2, SerialNumber=1
[   17.517560] usb usb1: Product: MUSB HDRC host driver
