Labgrid Console Logfile for main
Logfile started at 2025-04-04 07:06:06.497892
=== Log starts here ===

U-Boot SPL 2014.04-00014-g47880f5 (Apr 22 2014 - 13:23:54)
reading args
spl_load_image_fat_os: error reading image args, err - -1
reading u-boot.img
reading u-boot.img


U-Boot 2014.04-00014-g47880f5 (Apr 22 2014 - 13:23:54)

I2C:   ready
DRAM:  512 MiB
NAND:  0 MiB
MMC:   OMAP SD/MMC: 0, OMAP SD/MMC: 1
*** Warning - readenv() failed, using default environment

Net:   <ethaddr> not set. Validating first E-fuse MAC
cpsw, usb_ether
Hit any key to stop autoboot:  1  0 
gpio: pin 53 (gpio 53) value is 1
mmc0 is current device
gpio: pin 54 (gpio 54) value is 1
SD/MMC found on device 0
reading uEnv.txt
569 bytes read in 4 ms (138.7 KiB/s)
gpio: pin 55 (gpio 55) value is 1
Loaded environment from uEnv.txt
Importing environment from mmc ...
Checking if uenvcmd is set ...
gpio: pin 56 (gpio 56) value is 1
Running uenvcmd ...
cpsw Waiting for PHY auto negotiation to complete.. done
link up on port 0, speed 100, full duplex
Using cpsw device
TFTP from server 192.168.255.126; our IP address is 192.168.255.1
Filename 'zImage'.
Load address: 0x81000000
Loading: *#################################################################
	 #################################################################
	 #################################################################
	 #################################################################
	 #################################################################
	 ############################################################
	 2.4 MiB/s
done
Bytes transferred = 5640200 (561008 hex)
link up on port 0, speed 100, full duplex
Using cpsw device
TFTP from server 192.168.255.126; our IP address is 192.168.255.1
Filename 'am335x-boneblack.dtb'.
Load address: 0x82000000
Loading: *#######
	 2.2 MiB/s
done
Bytes transferred = 98244 (17fc4 hex)
Kernel image @ 0x81000000 [ 0x000000 - 0x561008 ]
## Flattened Device Tree blob at 82000000
   Booting using the fdt blob at 0x82000000
   Using Device Tree in place at 82000000, end 8201afc3

Starting kernel ...

[    0.000000] Booting Linux on physical CPU 0x0
[    0.000000] Linux version 6.14.0-next-20250404 (user01@drvtest01) (arm-none-eabi-gcc (Arm GNU Toolchain 14.2.Rel1 (Build arm-14.52)) 14.2.1 20241119, GNU ld (Arm GNU Toolchain 14.2.Rel1 (Build arm-14.52)) 2.43.1.20241119) #1 SMP Fri Apr  4 07:04:47 EEST 2025
[    0.000000] CPU: ARMv7 Processor [413fc082] revision 2 (ARMv7), cr=10c5387d
[    0.000000] CPU: PIPT / VIPT nonaliasing data cache, VIPT aliasing instruction cache
[    0.000000] OF: fdt: Machine model: TI AM335x BeagleBone Black
[    0.000000] Memory policy: Data cache writeback
[    0.000000] cma: Reserved 16 MiB at 0x00000000
[    0.000000] Zone ranges:
[    0.000000]   Normal   [mem 0x0000000080000000-0x000000009fdfffff]
[    0.000000]   HighMem  empty
[    0.000000] Movable zone start for each node
[    0.000000] Early memory node ranges
[    0.000000]   node   0: [mem 0x0000000080000000-0x000000009fdfffff]
[    0.000000] Initmem setup node 0 [mem 0x0000000080000000-0x000000009fdfffff]
[    0.000000] On node 0, zone Normal: 512 pages in unavailable ranges
[    0.000000] OF: reserved mem: Reserved memory: No reserved-memory node in the DT
[    0.000000] CPU: All CPU(s) started in SVC mode.
[    0.000000] AM335X ES2.1 (sgx neon)
[    0.000000] percpu: Embedded 17 pages/cpu s39692 r8192 d21748 u69632
[    0.000000] Kernel command line: console=ttyO0,115200n8 root=/dev/nfs rw nfsroot=192.168.255.126:/home/user01/nfs,nfsvers=3 ip=192.168.255.1:192.168.255.126::255.255.255.0:bbb1:eth0 nfsrootdebug
[    0.000000] Unknown kernel command line parameters "nfsrootdebug", will be passed to user space.
[    0.000000] printk: log buffer data + meta data: 65536 + 204800 = 270336 bytes
[    0.000000] Dentry cache hash table entries: 65536 (order: 6, 262144 bytes, linear)
[    0.000000] Inode-cache hash table entries: 32768 (order: 5, 131072 bytes, linear)
[    0.000000] Built 1 zonelists, mobility grouping on.  Total pages: 130560
[    0.000000] mem auto-init: stack:off, heap alloc:off, heap free:off
[    0.000000] SLUB: HWalign=16, Order=0-3, MinObjects=0, CPUs=1, Nodes=1
[    0.000000] rcu: Hierarchical RCU implementation.
[    0.000000] rcu: 	RCU event tracing is enabled.
[    0.000000] rcu: 	RCU restricting CPUs from NR_CPUS=2 to nr_cpu_ids=1.
[    0.000000] 	Tracing variant of Tasks RCU enabled.
[    0.000000] rcu: RCU calculated value of scheduler-enlistment delay is 10 jiffies.
[    0.000000] rcu: Adjusting geometry for rcu_fanout_leaf=16, nr_cpu_ids=1
[    0.000000] RCU Tasks Trace: Setting shift to 0 and lim to 1 rcu_task_cb_adjust=1 rcu_task_cpu_ids=1.
[    0.000000] NR_IRQS: 16, nr_irqs: 16, preallocated irqs: 16
[    0.000000] IRQ: Found an INTC at 0x(ptrval) (revision 5.0) with 128 interrupts
[    0.000000] rcu: srcu_init: Setting srcu_struct sizes based on contention.
[    0.000000] TI gptimer clocksource: always-on /ocp/interconnect@44c00000/segment@200000/target-module@31000
[    0.000002] sched_clock: 32 bits at 24MHz, resolution 41ns, wraps every 89478484971ns
[    0.000026] clocksource: dmtimer: mask: 0xffffffff max_cycles: 0xffffffff, max_idle_ns: 79635851949 ns
[    0.000508] TI gptimer clockevent: 24000000 Hz at /ocp/interconnect@48000000/segment@0/target-module@40000
[    0.002142] Console: colour dummy device 80x30
[    0.002207] WARNING: Your 'console=ttyO0' has been replaced by 'ttyS0'
[    0.002214] This ensures that you still see kernel messages. Please
[    0.002219] update your kernel commandline.
[    0.002260] Calibrating delay loop... 996.14 BogoMIPS (lpj=4980736)
[    0.090555] CPU: Testing write buffer coherency: ok
[    0.090669] CPU0: Spectre v2: using BPIALL workaround
[    0.090679] pid_max: default: 32768 minimum: 301
[    0.090838] LSM: initializing lsm=capability
[    0.091019] Mount-cache hash table entries: 1024 (order: 0, 4096 bytes, linear)
[    0.091038] Mountpoint-cache hash table entries: 1024 (order: 0, 4096 bytes, linear)
[    0.092665] CPU0: thread -1, cpu 0, socket -1, mpidr 0
[    0.092726] cacheinfo: Unable to detect cache hierarchy for CPU 0
[    0.160744] Setting up static identity map for 0x80100000 - 0x80100078
[    0.170698] rcu: Hierarchical SRCU implementation.
[    0.170711] rcu: 	Max phase no-delay instances is 1000.
[    0.172486] smp: Bringing up secondary CPUs ...
[    0.172539] smp: Brought up 1 node, 1 CPU
[    0.172552] SMP: Total of 1 processors activated (996.14 BogoMIPS).
[    0.172563] CPU: All CPU(s) started in SVC mode.
[    0.172753] Memory: 480824K/522240K available (11264K kernel code, 1216K rwdata, 2972K rodata, 1024K init, 288K bss, 23384K reserved, 16384K cma-reserved, 0K highmem)
[    0.173580] devtmpfs: initialized
[    0.190529] VFP support v0.3: implementor 41 architecture 3 part 30 variant c rev 3
[    0.191429] clocksource: jiffies: mask: 0xffffffff max_cycles: 0xffffffff, max_idle_ns: 19112604462750000 ns
[    0.191471] posixtimers hash table entries: 512 (order: 0, 4096 bytes, linear)
[    0.191491] futex hash table entries: 256 (order: 2, 16384 bytes, linear)
[    0.192639] pinctrl core: initialized pinctrl subsystem
[    0.194739] NET: Registered PF_NETLINK/PF_ROUTE protocol family
[    0.197533] DMA: preallocated 256 KiB pool for atomic coherent allocations
[    0.198465] audit: initializing netlink subsys (disabled)
[    0.199843] thermal_sys: Registered thermal governor 'fair_share'
[    0.199859] thermal_sys: Registered thermal governor 'step_wise'
[    0.199869] thermal_sys: Registered thermal governor 'user_space'
[    0.199985] audit: type=2000 audit(0.000:1): state=initialized audit_enabled=0 res=1
[    0.200057] cpuidle: using governor menu
[    0.218560] /ocp/interconnect@44c00000/segment@200000/target-module@b000/i2c@0/tda19988@70: Fixed dependency cycle(s) with /ocp/interconnect@48000000/segment@300000/target-module@e000/lcdc@0
[    0.219745] /ocp/interconnect@48000000/segment@300000/target-module@e000/lcdc@0: Fixed dependency cycle(s) with /ocp/interconnect@44c00000/segment@200000/target-module@b000/i2c@0/tda19988@70
[    0.222146] No ATAGs?
[    0.222191] hw-breakpoint: debug architecture 0x4 unsupported.
[    0.224883] kprobes: kprobe jump-optimization is enabled. All kprobes are optimized if possible.
[    0.234041] iommu: Default domain type: Translated
[    0.234065] iommu: DMA domain TLB invalidation policy: strict mode
[    0.241608] SCSI subsystem initialized
[    0.242480] pps_core: LinuxPPS API ver. 1 registered
[    0.242492] pps_core: Software ver. 5.3.6 - Copyright 2005-2007 Rodolfo Giometti <giometti@linux.it>
[    0.242518] PTP clock support registered
[    0.250921] vgaarb: loaded
[    0.251297] clocksource: Switched to clocksource dmtimer
[    0.251969] VFS: Disk quotas dquot_6.6.0
[    0.252033] VFS: Dquot-cache hash table entries: 1024 (order 0, 4096 bytes)
[    0.276087] NET: Registered PF_INET protocol family
[    0.276429] IP idents hash table entries: 8192 (order: 4, 65536 bytes, linear)
[    0.277863] tcp_listen_portaddr_hash hash table entries: 512 (order: 0, 4096 bytes, linear)
[    0.277900] Table-perturb hash table entries: 65536 (order: 6, 262144 bytes, linear)
[    0.277919] TCP established hash table entries: 4096 (order: 2, 16384 bytes, linear)
[    0.277964] TCP bind hash table entries: 4096 (order: 4, 65536 bytes, linear)
[    0.278063] TCP: Hash tables configured (established 4096 bind 4096)
[    0.278179] UDP hash table entries: 256 (order: 1, 14336 bytes, linear)
[    0.278216] UDP-Lite hash table entries: 256 (order: 1, 14336 bytes, linear)
[    0.278405] NET: Registered PF_UNIX/PF_LOCAL protocol family
[    0.279664] RPC: Registered named UNIX socket transport module.
[    0.279687] RPC: Registered udp transport module.
[    0.279692] RPC: Registered tcp transport module.
[    0.279696] RPC: Registered tcp-with-tls transport module.
[    0.279701] RPC: Registered tcp NFSv4.1 backchannel transport module.
[    0.279726] PCI: CLS 0 bytes, default 64
[    0.281113] Initialise system trusted keyrings
[    0.292373] workingset: timestamp_bits=14 max_order=17 bucket_order=3
[    0.293761] NFS: Registering the id_resolver key type
[    0.293840] Key type id_resolver registered
[    0.293847] Key type id_legacy registered
[    0.293955] jffs2: version 2.2. (NAND) (SUMMARY)  Â© 2001-2006 Red Hat, Inc.
[    0.294385] Key type asymmetric registered
[    0.294400] Asymmetric key parser 'x509' registered
[    0.294462] io scheduler mq-deadline registered
[    0.294473] io scheduler kyber registered
[    0.294548] io scheduler bfq registered
[    0.296151] ledtrig-cpu: registered to indicate activity on CPUs
[    0.302450] Serial: 8250/16550 driver, 6 ports, IRQ sharing enabled
[    0.340191] brd: module loaded
[    0.368639] loop: module loaded
[    0.369553] mtdoops: mtd device (mtddev=name/number) must be supplied
[    0.372790] i2c_dev: i2c /dev entries driver
[    0.373794] cpuidle: enable-method property 'ti,am3352' found operations
[    0.374237] sdhci: Secure Digital Host Controller Interface driver
[    0.374246] sdhci: Copyright(c) Pierre Ossman
[    0.374413] sdhci-pltfm: SDHCI platform and OF driver helper
[    0.375419] Initializing XFRM netlink socket
[    0.375598] NET: Registered PF_INET6 protocol family
[    0.377622] Segment Routing with IPv6
[    0.377710] In-situ OAM (IOAM) with IPv6
[    0.377806] sit: IPv6, IPv4 and MPLS over IPv4 tunneling driver
[    0.378766] NET: Registered PF_PACKET protocol family
[    0.378801] NET: Registered PF_KEY protocol family
[    0.378925] Key type dns_resolver registered
[    0.379153] ThumbEE CPU extension supported.
[    0.379174] Registering SWP/SWPB emulation handler
[    0.379712] omap_voltage_late_init: Voltage driver support not added
[    0.380060] SmartReflex Class3 initialized
[    0.412575] Loading compiled-in X.509 certificates
[    0.456284] /ocp/interconnect@44c00000/segment@200000/target-module@b000/i2c@0/tda19988@70: Fixed dependency cycle(s) with /ocp/interconnect@48000000/segment@300000/target-module@e000/lcdc@0
[    0.463087] /ocp/interconnect@44c00000/segment@200000/target-module@b000/i2c@0/tda19988@70: Fixed dependency cycle(s) with /ocp/interconnect@48000000/segment@300000/target-module@e000/lcdc@0
[    0.489789] /ocp/interconnect@44c00000/segment@200000/target-module@b000/i2c@0/tda19988@70: Fixed dependency cycle(s) with /ocp/interconnect@48000000/segment@300000/target-module@e000/lcdc@0
[    0.490679] /ocp/interconnect@44c00000/segment@200000/target-module@b000/i2c@0/tda19988@70: Fixed dependency cycle(s) with /ocp/interconnect@48000000/segment@300000/target-module@e000/lcdc@0
[    0.494563] /ocp/interconnect@44c00000/segment@200000/target-module@10000/scm@0/pinmux@800: Fixed dependency cycle(s) with /ocp/interconnect@44c00000/segment@200000/target-module@10000/scm@0/pinmux@800/clkout2-pins
[    0.495196] pinctrl-single 44e10800.pinmux: 142 pins, size 568
[    0.500550] ti-sysc 44e31000.target-module: probe with driver ti-sysc failed with error -16
[    0.538185] /ocp/interconnect@48000000/segment@300000/target-module@e000/lcdc@0: Fixed dependency cycle(s) with /ocp/interconnect@44c00000/segment@200000/target-module@b000/i2c@0/tda19988@70
[    0.546688] ti-sysc 48040000.target-module: probe with driver ti-sysc failed with error -16
[    0.585141] OMAP GPIO hardware version 0.1
[    0.608194] omap_i2c 4819c000.i2c: bus 2 rev0.11 at 100 kHz
[    0.674278] 48000000.interconnect:segment@200000:target-module@0:mpu@0:fck: device ID is greater than 24
[    0.675201] /ocp/interconnect@48000000/segment@300000/target-module@e000/lcdc@0: Fixed dependency cycle(s) with /ocp/interconnect@44c00000/segment@200000/target-module@b000/i2c@0/tda19988@70
[    0.678043] /ocp/interconnect@48000000/segment@300000/target-module@e000/lcdc@0: Fixed dependency cycle(s)  with /ocp/interconnect@44c00000/segment@200000/target-module@ b000/i2c@0/tda19988@70
[    0.678763] /ocp/interconnect@44c00000/segment@200000/target-module@b000/i2c@0/tda19988@70: Fixed dependency cycle(s) with /ocp/interconnect@48000000/segment@300000/ta00000/segment@300000/target-module@e000/lcdc@0: Fixed dependency cycle(s) with /ocp/interconnect@44c00000/segment@200000/target-module@b000/i2c@0/tda19988@70
[    0.690209] sdhci-omap 481d8000.mmc: supply pbias not found, using dummy regulator
[    0.690705] sdhci-omap 481d8000.mmc: supply vqmmc not found, using dummy regulator
[    0.742350] davinci_mdio 4a101000.mdio: davinci mdio revision 1.6, bus freq 1000000
[    0.889046] davinci_mdio 4a101000.mdio: phy[0]: device 4a101000.mdio:00, driver SMSC LAN8710/LAN8720
[    0.889825] cpsw-switch 4a100000.switch: initialized cpsw ale version 1.4
[    0.889850] cpsw-switch 4a100000.switch: ALE Table size 1024, Policers 0
[    0.890010] cpsw-switch 4a100000.switch: cpts: overflow check period 500 (jiffies)
[    0.890028] cpsw-switch 4a100000.switch: CPTS: ref_clk_freq:250000000 calc_mult:2147483648 calc_shift:29 error:0 nsec/sec
[    0.890143] cpsw-switch 4a100000.switch: Detected MACID = 6c:ec:eb:68:de:78
[    0.892188] cpsw-switch 4a100000.switch: initialized (regs 0x4a100000, pool size 256) hw_ver:0019010C 1.12 (0)
[    0.903282] debugfs: Directory '49000000.dma' with parent 'dmaengine' already present!
[    0.903324] edma 49000000.dma: TI EDMA DMA engine driver
[    0.958739] target-module@4b000000:target-module@140000:pmu@0:fck: device ID is greater than 24
[    0.981821] hw perfevents: enabled with armv7_cortex_a8 PMU driver, 5 (8000000f) counters available
[    0.989489] l3-aon-clkctrl:0000:0: failed to disable
[    0.992793] 44e09000.serial: ttyS0 at MMIO 0x44e09000 (irq = 34, base_baud = 3000000) is a 8250
[    0.992884] printk: legacy console [ttyS0] enabled
[    2.442280] tps65217-pmic: Failed to locate of_node [id: -1]
[    2.448338] tps65217-bl: Failed to locate of_node [id: -1]
[    2.455777] platform tps65217-charger: DMA mask not set
[    2.463126] platform tps65217-pwrbutton: DMA mask not set
[    2.470949] tps65217 0-0024: TPS65217 ID 0xe version 1.2
[    2.477092] /ocp/interconnect@48000000/segment@300000/target-module@e000/lcdc@0: Fixed dependency cycle(s) with /ocp/interconnect@44c00000/segment@200000/target-module@b000/i2c@0/tda19988@70
[    2.494478] /ocp/interconnect@44c00000/segment@200000/target-module@b000/i2c@0/tda19988@70: Fixed dependency cycle(s) with /ocp/interconnect@48000000/segment@300000/target-module@e000/lcdc@0
[    2.511846] omap_i2c 44e0b000.i2c: bus 0 rev0.11 at 400 kHz
[    2.519808] omap_gpio 44e07000.gpio: Could not set line 6 debounce to 200000 microseconds (-22)
[    2.528676] sdhci-omap 48060000.mmc: Got CD GPIO
[    2.533711] sdhci-omap 48060000.mmc: supply pbias not found, using dummy regulator
[    2.543759] sdhci-omap 48060000.mmc: supply vqmmc not found, using dummy regulator
[    2.552925] sdhci-omap 481d8000.mmc: supply pbias not found, using dummy regulator
[    2.560944] sdhci-omap 481d8000.mmc: supply vqmmc not found, using dummy regulator
[    2.598771 ] mmc1: SDHCI controller on 481d8000.mmc [481d8000.mmc] using  External DMA
[    2.607987] mmc0: SDHCI controller on 4806000 0.mmc [48060000.mmc] using External DMA
[    2.616776] cpsw-s witch 4a100000.switch: starting ndev. mode: dual_mac
[    2.6 60579] m
[    5.842112] cpsw-switch 4a100000.switch eth0: Link is Up - 100Mbps/Full - flow control off
[    5.881565] IP-Config: Complete:
[    5.884842]      device=eth0, hwaddr=6c:ec:eb:68:de:78, ipaddr=192.168.255.1, mask=255.255.255.0, gw=255.255.255.255
[    5.895502]      host=bbb1, domain=, nis-domain=(none)
[    5.900670]      bootserver=192.168.255.126, rootserver=192.168.255.126, rootpath=
[    5.901109] clk: Disabling unused clocks
[    5.912951] PM: genpd: Disabling unused power domains
[    5.918069] KTAP version 1
[    5.920790] 1..0
[    5.945533] VFS: Mounted root (nfs filesystem) on device 0:17.
[    5.952550] devtmpfs: mounted
[    5.957056] Freeing unused kernel image (initmem) memory: 1024K
[    5.963982] Run /sbin/init as init process
[    6.651982] systemd[1]: System time before build time, advancing clock.
[    8.131319] random: crng init done
[    8.172584] systemd[1]: systemd 232 running in system mode. (+PAM +AUDIT +SELINUX +IMA +APPARMOR +SMACK +SYSVINIT +UTMP +LIBCRYPTSETUP +GCRYPT +GNUTLS +ACL +XZ +LZ4 +SECCOMP +BLKID +ELFUTILS +KMOD +IDN)
[    8.191716] systemd[1]: Detected architecture arm.

Welcome to [1mDebian GNU/Linux 9 (stretch)[0m!

[    8.224455] systemd[1]: Set hostname to <arm>.
[    9.329029] systemd[1]: Listening on udev Control Socket.
[[0;32m  OK  [0m] Listening on udev Control Socket.
[    9.353249] systemd[1]: Listening on Journal Socket (/dev/log).
[[0;32m  OK  [0m] Listening on Journal Socket (/dev/log).
[    9.381970] systemd[1]: Listening on udev Kernel Socket.
[[0;32m  OK  [0m] Listening on udev Kernel Socket.
[    9.413101] systemd[1]: Set up automount Arbitrary Executable File Formats File System Automount Point.
[[0;32m  OK  [0m] Set up automount Arbitrary Executabâ€¦rmats File System Automount Point.
[    9.441791] systemd[1]: Reached target Remote File Systems.
[[0;32m  OK  [0m] Reached target Remote File Systems.
[    9.472315] systemd[1]: Listening on Journal Audit Socket.
[[0;32m  OK  [0m] Listening on Journal Audit Socket.
[    9.502201] systemd[1]: Listening on Journal Socket.
[[0;32m  OK  [0m] Listening on Journal Socket.
[[0;32m  OK  [0m] Listening on Syslog Socket.
[[0;32m  OK  [0m] Listening on /dev/initctl Compatibility Named Pipe.
[[0;32m  OK  [0m] Created slice User and Session Slice.
[[0;32m  OK  [0m] Started Forward Password Requests to Wall Directory Watch.
[[0;32m  OK  [0m] Created slice System Slice.
         Starting Journal Service...
         Mounting Debug File System...
         Starting Load Kernel Modules...
[[0;32m  OK  [0m] Created slice system-getty.slice.
         Starting Remount Root and Kernel File Systems...
         Starting Create list of required stâ€¦ce nodes for the current kernel...
         Mounting POSIX Message Queue File System...
[[0;32m  OK  [0m] Created slice system-serial\x2dgetty.slice.
[[0;32m  OK  [0m] Started Dispatch Password Requests to Console Directory Watch.
[[0;32m  OK  [0m] Reached target Encrypted Volumes.
[[0;32m  OK  [0m] Reached target Paths.
[[0;32m  OK  [0m] Reached target Swap.
[[0;32m  OK  [0m] Reached target Slices.
[[0;32m  OK  [0m] Mounted POSIX Message Queue File System.
[[0;32m  OK  [0m] Mounted Debug File System.
[[0;32m  OK  [0m] Started Remount Root and Kernel File Systems.
[[0;32m  OK  [0m] Started Load Kernel Modules.
[[0;32m  OK  [0m] Started Create list of required staâ€¦vice nodes for the current kernel.
         Starting Create Static Device Nodes in /dev...
         Starting Apply Kernel Variables...
         Mounting Configuration File System...
         Starting udev Coldplug all Devices...
         Starting Load/Save Random Seed...
[[0;32m  OK  [0m] Mounted Configuration File System.
[[0;32m  OK  [0m] Started Apply Kernel Variables.
[[0;32m  OK  [0m] Started Load/Save Random Seed.
[[0;32m  OK  [0m] Started Journal Service.
         Starting Flush Journal to Persistent Storage...
[[0;32m  OK  [0m] Started Create Static Device Nodes in /dev.
[[0;32m  OK  [0m] Reached target Local File Systems (Pre).
[[0;32m  OK  [0m] Reached target Local File Systems.
         Starting Raise network interfaces...
         Starting udev Kernel Device Manager...
[   11.447401] systemd-journald[81]: Received request to flush runtime journal from PID 1
[[0;32m  OK  [0m] Started Flush Journal to Persistent Storage.
         Starting Create Volatile Files and Directories...
[[0;32m  OK  [0m] Started udev Kernel Device Manager.
[[0;32m  OK  [0m] Started Create Volatile Files and Directories.
         Starting Network Time Synchronization...
         Starting Update UTMP about System Boot/Shutdown...
[[0;32m  OK  [0m] Started Update UTMP about System Boot/Shutdown.
[[0;32m  OK  [0m] Started udev Coldplug all Devices.
[[0;32m  OK  [0m] Started Network Time Synchronization.
[   14.894315] remoteproc remoteproc0: wkup_m3 is available
[[0;32m  OK  [0m] Reached target System Time Synchronized.
[[0;32m  OK  [0m] Reached target System Initialization.
[   15.073291] at24 2-0054: supply vcc not found, using dummy regulator
[[0;32m  OK  [0m] Started Daily apt download activities.
[[0;32m  OK  [0m] Started Daily Cleanup of Temporary Directories.
[   15.186882] at24 2-0055: supply vcc not found, using dummy regulator
[[0;32m  OK  [0m] Listening on Avahi mDNS/DNS-SD Stack Activation Socket.
[[0;32m  OK  [0m] Started Daily apt upgrade and clean activities.
[   15.292403] at24 2-0056: supply vcc not found, using dummy regulator
[[0;32m  OK  [0m] Reached target Timers.
[[0;32m  OK  [0m] Listening on D-Bus System Message Bus Socket.
[[0;32m  OK  [0m] Reached target Sockets.
[[0;32m  OK  [0m] Reached target Basic System.[   15.390305] at24 2-0057: supply vcc not found, using dummy regulator

         Starting System Logging Service...
[   15.608987] at24 0-0050: 32768 byte 24c256 EEPROM, writable, 1 bytes/write
[[0;32m  OK  [0m] Started Regular background program processing daemon.
[   15.985184] wkup_m3_ipc 44e11324.wkup_m3_ipc: IPC Request for A8->M3 Channel failed! -517
[   16.008051] omap_rtc 44e3e000.rtc: registered as rtc0
[   16.013502] omap_rtc 44e3e000.rtc: setting system clock to 2000-01-01T00:00:00 UTC (946684800)
[   16.026611] wkup_m3_ipc 44e11324.wkup_m3_ipc: IPC Request for A8->M3 Channel failed! -517
[   16.038088] input: tps65217_pwrbutton as /devices/platform/ocp/44c00000.interconnect/44c00000.interconnect:segment@200000/44e0b000.target-module/44e0b000.i2c/i2c-0/0-0024/tps65217-pwrbutton/input/input0
         Starting LSB: Start busybox udhcpd at boot time...
         Starting Cape Manager Service...
[   16.191001] omap_wdt: OMAP Watchdog Timer Rev 0x01: initial timeout 60 sec
[   16.205005] wkup_m3_ipc 44e11324.wkup_m3_ipc: IPC Request for A8->M3 Channel failed! -517
         Starting LSB: Load kernel modules needed to enable cpufreq scaling...
         Starting Generic Board Startup...
[   16.573054] am335x-phy-driver 47401300.usb-phy: dummy supplies not allowed for exclusive requests (id=vbus)
         Starting DUN service...
[   16.752614] usbcore: registered new interface driver usbfs
[   16.758254] usbcore: registered new interface driver hub
[   16.763865] usbcore: registered new device driver usb
         Starting Telephony service...
[   16.914017] am335x-phy-driver 47401b00.usb-phy: dummy supplies not allowed for exclusive requests (id=vbus)
[   16.939966] wkup_m3_ipc 44e11324.wkup_m3_ipc: IPC Request for A8->M3 Channel failed! -517
         Starting Login Service...
[   17.163830] wkup_m3_ipc 44e11324.wkup_m3_ipc: IPC Request for A8->M3 Channel failed! -517
[[0;32m  OK  [0m] Started D-Bus System Message Bus.
[   17.632541] wkup_m3_ipc 44e11324.wkup_m3_ipc: IPC Request for A8->M3 Channel failed! -517
[   17.768065] musb-hdrc musb-hdrc.1: MUSB HDRC host driver
[   17.773742] musb-hdrc musb-hdrc.1: new USB bus registered, assigned bus number 1
[   17.795667] wkup_m3_ipc 44e11324.wkup_m3_ipc: IPC Request for A8->M3 Channel failed! -517
[   17.852138] tda998x 0-0070: found TDA19988
[   17.942669] usb usb1: New USB device found, idVendor=1d6b, idProduct=0002, bcdDevice= 6.14
[   17.951028] usb usb1: New USB device strings: Mfr=3, Product=2, SerialNumber=1
[   17.958432] usb usb1: Product: MUSB HDRC host driver
[   17.963476] usb usb1: Manufacturer: Linux 6.14.0-next-20250404 musb-hcd
[   17.970128] usb usb1: SerialNumber: musb-hdrc.1
[   17.997780] wkup_m3_ipc 44e11324.wkup_m3_ipc: IPC Request for A8->M3 Channel failed! -517
 [   18.199486] omap-mailbox 480c8000.mailbox: omap mailbox rev  0x400
[   18.310828] remoteproc remoteproc0: powering up wku p_m3
[   18.474557] hub 1-0:1.0: USB hub found
[   18.494382 ] remoteproc remoteproc0: Direct firmware load for am335x-pm-f irmware.
[   18.581593] hub 1-0:1.0: 1 port detected
[   20.771553] omap_rng 48310000.rng: Random Number Generator ver. 20
[   20.957354] tilcdc 4830e000.lcdc: bound 0-0070 (ops tda998x_audio_codec_init [tda998x])
[   21.031100] [drm] Initialized tilcdc 1.0.0 for 4830e000.lcdc on minor 0
[   21.107280] tilcdc 4830e000.lcdc: [drm] Cannot find any crtc or sizes
[   21.116572] tilcdc 4830e000.lcdc: [drm] Cannot find any crtc or sizes
[[0;32m  OK  [0m] Started Telephony service.
[[0;32m  OK  [0m] Started DUN service.
[   21.732819] PM: Cannot get wkup_m3_ipc handle
         Starting Connection service...
[   21.860532] omap-sham 53100000.sham: hw accel on OMAP rev 4.3
         Starting Avahi mDNS/DNS-SD Stack...
[   21.970260] omap-sham 53100000.sham: will run requests pump with realtime priority
[   21.979029] PM: Cannot get wkup_m3_ipc handle
[   21.995430] omap-aes 53500000.aes: OMAP AES hw accel rev: 3.2
[   22.141493] omap-aes 53500000.aes: will run requests pump with realtime priority
[   22.150581] PM: Cannot get wkup_m3_ipc handle
[[0;32m  OK  [0m] Started System Logging Service.
[[0;32m  OK  [0m] Started Cape Manager Service.
[[0;32m  OK  [0m] Found device /dev/ttyS0.
[   23.659175] Bluetooth: Core ver 2.22
[   23.663216] NET: Registered PF_BLUETOOTH protocol family
[   23.668567] Bluetooth: HCI device and connection manager initialized
[   23.675091] Bluetooth: HCI socket layer initialized
[   23.680005] Bluetooth: L2CAP socket layer initialized
[   23.685199] Bluetooth: SCO socket layer initialized
[   25.771971] PM: Cannot get wkup_m3_ipc handle
[   25.805223] gpio-537 (nxp,calib): gpiod_direction_output_nonotify: tried to set a GPIO tied to an IRQ as output
[   25.898382] PM: Cannot get wkup_m3_ipc handle
[   26.104479] tda9950 0-0034: TDA9950 CEC interface, hardware version 3.3
[   26.218579] PM: Cannot get wkup_m3_ipc handle
[[0;32m  OK  [0m] Started LSB: Start busybox udhcpd at boot time.
[[0;32m  OK  [0m] Started Raise network interfaces.
[[0;32m  OK  [0m] Started LSB: Load kernel modules needed to enable cpufreq scaling.
[   28.530175] configfs-gadget.g_multi gadget.0: HOST MAC 1c:ba:8c:a2:ed:6c
[   28.537182] configfs-gadget.g_multi gadget.0: MAC 1c:ba:8c:a2:ed:70
[   28.544593] configfs-gadget.g_multi gadget.0: HOST MAC 1c:ba:8c:a2:ed:6c
[   28.551440] configfs-gadget.g_multi gadget.0: MAC 1c:ba:8c:a2:ed:6d
[   28.559316] PM: Cannot get wkup_m3_ipc handle
[[0;32m  OK  [0m] Started Avahi mDNS/DNS-SD Stack.
[[0;32m  OK  [0m] Started Connection service.
[[0;32m  OK  [0m] Started Login Service.
[[0;32m  OK  [0m] Reached target Sound Card.
         Starting LSB: set CPUFreq kernel parameters...
[[0;32m  OK  [0m] Reached target Network.
         Starting The Apache HTTP Server...
         Starting Permit User Sessions...
         Starting OpenBSD Secure Shell server...
[[0;32m  OK  [0m] Reached target Network is Online.
         Starting LSB: Advanced IEEE 802.11 management daemon...
[[0;32m  OK  [0m] Started Permit User Sessions.
[[0;32m  OK  [0m] Started LSB: Advanced IEEE 802.11 management daemon.
         Starting Hostname Service...
         Starting WPA supplicant...
[[0;32m  OK  [0m] Started Getty on tty1.
[[0;32m  OK  [0m] Started Serial Getty on ttyS0.
[[0;32m  OK  [0m] Reached target Login Prompts.
[[0;32m  OK  [0m] Started LSB: set CPUFreq kernel parameters.
         Stopping LSB: Start busybox udhcpd at boot time...
[[0;32m  OK  [0m] Started Hostname Service.
[[0;32m  OK  [0m] Started WPA supplicant.
[[0;32m  OK  [0m] Started OpenBSD Secure Shell server.
[[0;32m  OK  [0m] Stopped LSB: Start busybox udhcpd at boot time.
         Starting dnsmasq - A lightweight DHCP and caching DNS server...
[[0;32m  OK  [0m] Started The Apache HTTP Server.
[[0;32m  OK  [0m] Started dnsmasq - A lightweight DHCP and caching DNS server.
[[0;32m  OK  [0m] Reached target Host and Network Name Lookups.
[[0;32m  OK  [0m] Started Serial Getty on ttyGS0.
[[0;32m  OK  [0m] Started Generic Board Startup.
[[0;32m  OK  [0m] Reached target Multi-User System.
[[0;32m  OK  [0m] Reached target Graphical Interface.
         Starting Update UTMP about System Runlevel Changes...
[[0;32m  OK  [0m] Started Update UTMP about System Runlevel Changes.

Debian GNU/Linux 9 arm ttyS0

default username:password is [debian:temppwd]

arm login: root
Password: 
Last login: Sat Jan  1 00:00:31 UTC 2000 on ttyS0
root
Linux arm 6.14.0-next-20250404 #1 SMP Fri Apr  4 07:04:47 EEST 2025 armv7l

The programs included with the Debian GNU/Linux system are free software;
the exact distribution terms for each program are described in the
individual files in /usr/share/doc/*/copyright.

Debian GNU/Linux comes with ABSOLUTELY NO WARRANTY, to the extent
permitted by applicable law.
root@arm:~# root
dmesg -n 1
-bash: root: command not found
root@arm:~# dmesg -n 1
root@arm:~# echo 'PTFO''OEFQHS'
PTFOOEFQHS
root@arm:~# run() { echo -n "$MARKER"; sh -c "$@"; echo "$MARKER $?"; }
root@arm:~# echo 'VQAU''OZNYFY'
VQAUOZNYFY
root@arm:~# MARKER='KNKS''SWOBUC' run 'cat /proc/version'
KNKSSWOBUCLinux version 6.14.0-next-20250404 (user01@drvtest01) (arm-none-eabi-gcc (Arm GNU Toolchain 14.2.Rel1 (Build arm-14.52)) 14.2.1 20241119, GNU ld (Arm GNU Toolchain 14.2.Rel1 (Build arm-14.52)) 2.43.1.20241119) #1 SMP Fri Apr  4 07:04:47 EEST 2025
KNKSSWOBUC 0
root@arm:~# echo 'TUBE''HUYSAU'
TUBEHUYSAU
root@arm:~# MARKER='QQFP''YONTUQ' run false
QQFPYONTUQQQFPYONTUQ 1
root@arm:~# Labgrid Console Logfile for main
Logfile started at 2025-04-04 07:07:05.311873
=== Log starts here ===

root@arm:~# run() { echo -n "$MARKER"; sh -c "$@"; echo "$MARKER $?"; }
root@arm:~# echo 'OCLV''NZHFGZ'
OCLVNZHFGZ
root@arm:~# MARKER='LKMX''WFSOCH' run 'ls /iio_generic_buffer; echo $?'
LKMXWFSOCH/iio_generic_buffer
0
LKMXWFSOCH 0
root@arm:~# Labgrid Console Logfile for main
Logfile started at 2025-04-04 07:07:08.717861
=== Log starts here ===

root@arm:~# run() { echo -n "$MARKER"; sh -c "$@"; echo "$MARKER $?"; }
root@arm:~# echo 'LKPP''EABZAO'
LKPPEABZAO
root@arm:~# MARKER='PQJK''HUFFLQ' run dmesg
PQJKHUFFLQ[    0.000000] Booting Linux on physical CPU 0x0
[    0.000000] Linux version 6.14.0-next-20250404 (user01@drvtest01) (arm-none-eabi-gcc (Arm GNU Toolchain 14.2.Rel1 (Build arm-14.52)) 14.2.1 20241119, GNU ld (Arm GNU Toolchain 14.2.Rel1 (Build arm-14.52)) 2.43.1.20241119) #1 SMP Fri Apr  4 07:04:47 EEST 2025
[    0.000000] CPU: ARMv7 Processor [413fc082] revision 2 (ARMv7), cr=10c5387d
[    0.000000] CPU: PIPT / VIPT nonaliasing data cache, VIPT aliasing instruction cache
[    0.000000] OF: fdt: Machine model: TI AM335x BeagleBone Black
[    0.000000] Memory policy: Data cache writeback
[    0.000000] cma: Reserved 16 MiB at 0x00000000
[    0.000000] Zone ranges:
[    0.000000]   Normal   [mem 0x0000000080000000-0x000000009fdfffff]
[    0.000000]   HighMem  empty
[    0.000000] Movable zone start for each node
[    0.000000] Early memory node ranges
[    0.000000]   node   0: [mem 0x0000000080000000-0x000000009fdfffff]
[    0.000000] Initmem setup node 0 [mem 0x0000000080000000-0x000000009fdfffff]
[    0.000000] On node 0, zone Normal: 512 pages in unavailable ranges
[    0.000000] OF: reserved mem: Reserved memory: No reserved-memory node in the DT
[    0.000000] CPU: All CPU(s) started in SVC mode.
[    0.000000] AM335X ES2.1 (sgx neon)
[    0.000000] percpu: Embedded 17 pages/cpu s39692 r8192 d21748 u69632
[    0.000000] pcpu-alloc: s39692 r8192 d21748 u69632 alloc=17*4096
[    0.000000] pcpu-alloc: [0] 0 
[    0.000000] Kernel command line: console=ttyO0,115200n8 root=/dev/nfs rw nfsroot=192.168.255.126:/home/user01/nfs,nfsvers=3 ip=192.168.255.1:192.168.255.126::255.255.255.0:bbb1:eth0 nfsrootdebug
[    0.000000] Unknown kernel command line parameters "nfsrootdebug", will be passed to user space.
[    0.000000] printk: log buffer data + meta data: 65536 + 204800 = 270336 bytes
[    0.000000] Dentry cache hash table entries: 65536 (order: 6, 262144 bytes, linear)
[    0.000000] Inode-cache hash table entries: 32768 (order: 5, 131072 bytes, linear)
[    0.000000] Built 1 zonelists, mobility grouping on.  Total pages: 130560
[    0.000000] mem auto-init: stack:off, heap alloc:off, heap free:off
[    0.000000] SLUB: HWalign=16, Order=0-3, MinObjects=0, CPUs=1, Nodes=1
[    0.000000] rcu: Hierarchical RCU implementation.
[    0.000000] rcu: 	RCU event tracing is enabled.
[    0.000000] rcu: 	RCU restricting CPUs from NR_CPUS=2 to nr_cpu_ids=1.
[    0.000000] 	Tracing variant of Tasks RCU enabled.
[    0.000000] rcu: RCU calculated value of scheduler-enlistment delay is 10 jiffies.
[    0.000000] rcu: Adjusting geometry for rcu_fanout_leaf=16, nr_cpu_ids=1
[    0.000000] RCU Tasks Trace: Setting shift to 0 and lim to 1 rcu_task_cb_adjust=1 rcu_task_cpu_ids=1.
[    0.000000] NR_IRQS: 16, nr_irqs: 16, preallocated irqs: 16
[    0.000000] IRQ: Found an INTC at 0x(ptrval) (revision 5.0) with 128 interrupts
[    0.000000] rcu: srcu_init: Setting srcu_struct sizes based on contention.
[    0.000000] TI gptimer clocksource: always-on /ocp/interconnect@44c00000/segment@200000/target-module@31000
[    0.000002] sched_clock: 32 bits at 24MHz, resolution 41ns, wraps every 89478484971ns
[    0.000026] clocksource: dmtimer: mask: 0xffffffff max_cycles: 0xffffffff, max_idle_ns: 79635851949 ns
[    0.000508] TI gptimer clockevent: 24000000 Hz at /ocp/interconnect@48000000/segment@0/target-module@40000
[    0.002142] Console: colour dummy device 80x30
[    0.002207] WARNING: Your 'console=ttyO0' has been replaced by 'ttyS0'
[    0.002214] This ensures that you still see kernel messages. Please
[    0.002219] update your kernel commandline.
[    0.002260] Calibrating delay loop... 996.14 BogoMIPS (lpj=4980736)
[    0.090555] CPU: Testing write buffer coherency: ok
[    0.090669] CPU0: Spectre v2: using BPIALL workaround
[    0.090679] pid_max: default: 32768 minimum: 301
[    0.090838] LSM: initializing lsm=capability
[    0.091019] Mount-cache hash table entries: 1024 (order: 0, 4096 bytes, linear)
[    0.091038] Mountpoint-cache hash table entries: 1024 (order: 0, 4096 bytes, linear)
[    0.092665] CPU0: thread -1, cpu 0, socket -1, mpidr 0
[    0.092726] cacheinfo: Unable to detect cache hierarchy for CPU 0
[    0.160744] Setting up static identity map for 0x80100000 - 0x80100078
[    0.170698] rcu: Hierarchical SRCU implementation.
[    0.170711] rcu: 	Max phase no-delay instances is 1000.
[    0.172486] smp: Bringing up secondary CPUs ...
[    0.172539] smp: Brought up 1 node, 1 CPU
[    0.172552] SMP: Total of 1 processors activated (996.14 BogoMIPS).
[    0.172563] CPU: All CPU(s) started in SVC mode.
[    0.172753] Memory: 480824K/522240K available (11264K kernel code, 1216K rwdata, 2972K rodata, 1024K init, 288K bss, 23384K reserved, 16384K cma-reserved, 0K highmem)
[    0.173580] devtmpfs: initialized
[    0.190529] VFP support v0.3: implementor 41 architecture 3 part 30 variant c rev 3
[    0.191429] clocksource: jiffies: mask: 0xffffffff max_cycles: 0xffffffff, max_idle_ns: 19112604462750000 ns
[    0.191471] posixtimers hash table entries: 512 (order: 0, 4096 bytes, linear)
[    0.191491] futex hash table entries: 256 (order: 2, 16384 bytes, linear)
[    0.192639] pinctrl core: initialized pinctrl subsystem
[    0.194739] NET: Registered PF_NETLINK/PF_ROUTE protocol family
[    0.197533] DMA: preallocated 256 KiB pool for atomic coherent allocations
[    0.198465] audit: initializing netlink subsys (disabled)
[    0.199843] thermal_sys: Registered thermal governor 'fair_share'
[    0.199859] thermal_sys: Registered thermal governor 'step_wise'
[    0.199869] thermal_sys: Registered thermal governor 'user_space'
[    0.199985] audit: type=2000 audit(0.000:1): state=initialized audit_enabled=0 res=1
[    0.200057] cpuidle: using governor menu
[    0.218560] /ocp/interconnect@44c00000/segment@200000/target-module@b000/i2c@0/tda19988@70: Fixed dependency cycle(s) with /ocp/interconnect@48000000/segment@300000/target-module@e000/lcdc@0
[    0.219745] /ocp/interconnect@48000000/segment@300000/target-module@e000/lcdc@0: Fixed dependency cycle(s) with /ocp/interconnect@44c00000/segment@200000/target-module@b000/i2c@0/tda19988@70
[    0.222146] No ATAGs?
[    0.222191] hw-breakpoint: debug architecture 0x4 unsupported.
[    0.224883] kprobes: kprobe jump-optimization is enabled. All kprobes are optimized if possible.
[    0.234041] iommu: Default domain type: Translated
[    0.234065] iommu: DMA domain TLB invalidation policy: strict mode
[    0.235630] reg-fixed-voltage fixedregulator0: using DT '/fixedregulator0' for '(default)' GPIO lookup
[    0.235683] of_get_named_gpiod_flags: can't parse 'gpios' property of node '/fixedregulator0[0]'
[    0.235712] of_get_named_gpiod_flags: can't parse 'gpio' property of node '/fixedregulator0[0]'
[    0.235730] reg-fixed-voltage fixedregulator0: using lookup tables for GPIO lookup
[    0.235740] reg-fixed-voltage fixedregulator0: No GPIO consumer (default) found
[    0.241608] SCSI subsystem initialized
[    0.242109] libata version 3.00 loaded.
[    0.242480] pps_core: LinuxPPS API ver. 1 registered
[    0.242492] pps_core: Software ver. 5.3.6 - Copyright 2005-2007 Rodolfo Giometti <giometti@linux.it>
[    0.242518] PTP clock support registered
[    0.250921] vgaarb: loaded
[    0.251297] clocksource: Switched to clocksource dmtimer
[    0.251969] VFS: Disk quotas dquot_6.6.0
[    0.252033] VFS: Dquot-cache hash table entries: 1024 (order 0, 4096 bytes)
[    0.276087] NET: Registered PF_INET protocol family
[    0.276429] IP idents hash table entries: 8192 (order: 4, 65536 bytes, linear)
[    0.277863] tcp_listen_portaddr_hash hash table entries: 512 (order: 0, 4096 bytes, linear)
[    0.277900] Table-perturb hash table entries: 65536 (order: 6, 262144 bytes, linear)
[    0.277919] TCP established hash table entries: 4096 (order: 2, 16384 bytes, linear)
[    0.277964] TCP bind hash table entries: 4096 (order: 4, 65536 bytes, linear)
[    0.278063] TCP: Hash tables configured (established 4096 bind 4096)
[    0.278179] UDP hash table entries: 256 (order: 1, 14336 bytes, linear)
[    0.278216] UDP-Lite hash table entries: 256 (order: 1, 14336 bytes, linear)
[    0.278405] NET: Registered PF_UNIX/PF_LOCAL protocol family
[    0.279664] RPC: Registered named UNIX socket transport module.
[    0.279687] RPC: Registered udp transport module.
[    0.279692] RPC: Registered tcp transport module.
[    0.279696] RPC: Registered tcp-with-tls transport module.
[    0.279701] RPC: Registered tcp NFSv4.1 backchannel transport module.
[    0.279726] PCI: CLS 0 bytes, default 64
[    0.281113] Initialise system trusted keyrings
[    0.292373] workingset: timestamp_bits=14 max_order=17 bucket_order=3
[    0.293761] NFS: Registering the id_resolver key type
[    0.293840] Key type id_resolver registered
[    0.293847] Key type id_legacy registered
[    0.293955] jffs2: version 2.2. (NAND) (SUMMARY)  Â© 2001-2006 Red Hat, Inc.
[    0.294385] Key type asymmetric registered
[    0.294400] Asymmetric key parser 'x509' registered
[    0.294462] io scheduler mq-deadline registered
[    0.294473] io scheduler kyber registered
[    0.294548] io scheduler bfq registered
[    0.296151] ledtrig-cpu: registered to indicate activity on CPUs
[    0.302450] Serial: 8250/16550 driver, 6 ports, IRQ sharing enabled
[    0.340191] brd: module loaded
[    0.368639] loop: module loaded
[    0.369553] mtdoops: mtd device (mtddev=name/number) must be supplied
[    0.371379] mdio_bus fixed-0: using lookup tables for GPIO lookup
[    0.371411] mdio_bus fixed-0: No GPIO consumer reset found
[    0.372790] i2c_dev: i2c /dev entries driver
[    0.373794] cpuidle: enable-method property 'ti,am3352' found operations
[    0.374237] sdhci: Secure Digital Host Controller Interface driver
[    0.374246] sdhci: Copyright(c) Pierre Ossman
[    0.374413] sdhci-pltfm: SDHCI platform and OF driver helper
[    0.375419] Initializing XFRM netlink socket
[    0.375598] NET: Registered PF_INET6 protocol family
[    0.377622] Segment Routing with IPv6
[    0.377710] In-situ OAM (IOAM) with IPv6
[    0.377806] sit: IPv6, IPv4 and MPLS over IPv4 tunneling driver
[    0.378766] NET: Registered PF_PACKET protocol family
[    0.378801] NET: Registered PF_KEY protocol family
[    0.378925] Key type dns_resolver registered
[    0.379153] ThumbEE CPU extension supported.
[    0.379174] Registering SWP/SWPB emulation handler
[    0.379712] omap_voltage_late_init: Voltage driver support not added
[    0.380060] SmartReflex Class3 initialized
[    0.412575] Loading compiled-in X.509 certificates
[    0.456284] /ocp/interconnect@44c00000/segment@200000/target-module@b000/i2c@0/tda19988@70: Fixed dependency cycle(s) with /ocp/interconnect@48000000/segment@300000/target-module@e000/lcdc@0
[    0.463087] /ocp/interconnect@44c00000/segment@200000/target-module@b000/i2c@0/tda19988@70: Fixed dependency cycle(s) with /ocp/interconnect@48000000/segment@300000/target-module@e000/lcdc@0
[    0.468776] gpiochip_find_base_unlocked: found new base at 512
[    0.489789] /ocp/interconnect@44c00000/segment@200000/target-module@b000/i2c@0/tda19988@70: Fixed dependency cycle(s) with /ocp/interconnect@48000000/segment@300000/target-module@e000/lcdc@0
[    0.490679] /ocp/interconnect@44c00000/segment@200000/target-module@b000/i2c@0/tda19988@70: Fixed dependency cycle(s) with /ocp/interconnect@48000000/segment@300000/target-module@e000/lcdc@0
[    0.494563] /ocp/interconnect@44c00000/segment@200000/target-module@10000/scm@0/pinmux@800: Fixed dependency cycle(s) with /ocp/interconnect@44c00000/segment@200000/target-module@10000/scm@0/pinmux@800/clkout2-pins
[    0.495196] pinctrl-single 44e10800.pinmux: 142 pins, size 568
[    0.500550] ti-sysc 44e31000.target-module: probe with driver ti-sysc failed with error -16
[    0.538185] /ocp/interconnect@48000000/segment@300000/target-module@e000/lcdc@0: Fixed dependency cycle(s) with /ocp/interconnect@44c00000/segment@200000/target-module@b000/i2c@0/tda19988@70
[    0.546688] ti-sysc 48040000.target-module: probe with driver ti-sysc failed with error -16
[    0.558315] gpiochip_find_base_unlocked: found new base at 512
[    0.558417] gpio gpiochip0: (gpio-0-31): created GPIO range 0->7 ==> 44e10800.pinmux PIN 0->7
[    0.558436] gpio gpiochip0: (gpio-0-31): created GPIO range 8->11 ==> 44e10800.pinmux PIN 90->93
[    0.558452] gpio gpiochip0: (gpio-0-31): created GPIO range 12->27 ==> 44e10800.pinmux PIN 12->27
[    0.558467] gpio gpiochip0: (gpio-0-31): created GPIO range 28->31 ==> 44e10800.pinmux PIN 30->33
[    0.584913] gpio gpiochip0: (gpio-0-31): added GPIO chardev (254:0)
[    0.585057] gpio gpiochip0: registered GPIOs 512 to 543 on gpio-0-31
[    0.585141] OMAP GPIO hardware version 0.1
[    0.607187] i2c i2c-2: using DT '/ocp/interconnect@48000000/segment@100000/target-module@9c000/i2c@0' for 'scl' GPIO lookup
[    0.607263] of_get_named_gpiod_flags: can't parse 'scl-gpios' property of node '/ocp/interconnect@48000000/segment@100000/target-module@9c000/i2c@0[0]'
[    0.607305] of_get_named_gpiod_flags: can't parse 'scl-gpio' property of node '/ocp/interconnect@48000000/segment@100000/target-module@9c000/i2c@0[0]'
[    0.607341] i2c i2c-2: using lookup tables for GPIO lookup
[    0.607352] i2c i2c-2: No GPIO consumer scl found
[    0.607373] i2c i2c-2: using DT '/ocp/interconnect@48000000/segment@100000/target-module@9c000/i2c@0' for 'sda' GPIO lookup
[    0.607407] of_get_named_gpiod_flags: can't parse 'sda-gpios' property of node '/ocp/interconnect@48000000/segment@100000/target-module@9c000/i2c@0[0]'
[    0.607443] of_get_named_gpiod_flags: can't parse 'sda-gpio' property of node '/ocp/interconnect@48000000/segment@100000/target-module@9c000/i2c@0[0]'
[    0.607473] i2c i2c-2: using lookup tables for GPIO lookup
[    0.607480] i2c i2c-2: No GPIO consumer sda found
[    0.608194] omap_i2c 4819c000.i2c: bus 2 rev0.11 at 100 kHz
[    0.614151] gpiochip_find_base_unlocked: found new base at 544
[    0.614258] gpio gpiochip1: (gpio-32-63): created GPIO range 0->17 ==> 44e10800.pinmux PIN 34->51
[    0.614283] gpio gpiochip1: (gpio-32-63): created GPIO range 18->21 ==> 44e10800.pinmux PIN 77->80
[    0.614300] gpio gpiochip1: (gpio-32-63): created GPIO range 22->31 ==> 44e10800.pinmux PIN 56->65
[    0.640973] gpio gpiochip1: (gpio-32-63): added GPIO chardev (254:1)
[    0.641163] gpio gpiochip1: registered GPIOs 544 to 575 on gpio-32-63
[    0.643564] gpiochip_find_base_unlocked: found new base at 576
[    0.643663] gpio gpiochip2: (gpio-64-95): created GPIO range 0->4 ==> 44e10800.pinmux PIN 66->70
[    0.643682] gpio gpiochip2: (gpio-64-95): created GPIO range 5->6 ==> 44e10800.pinmux PIN 98->99
[    0.643698] gpio gpiochip2: (gpio-64-95): created GPIO range 7->8 ==> 44e10800.pinmux PIN 75->76
[    0.643713] gpio gpiochip2: (gpio-64-95): created GPIO range 13->13 ==> 44e10800.pinmux PIN 141->141
[    0.643729] gpio gpiochip2: (gpio-64-95): created GPIO range 14->21 ==> 44e10800.pinmux PIN 100->107
[    0.668179] gpio gpiochip2: (gpio-64-95): added GPIO chardev (254:2)
[    0.668334] gpio gpiochip2: registered GPIOs 576 to 607 on gpio-64-95
[    0.674278] 48000000.interconnect:segment@200000:target-module@0:mpu@0:fck: device ID is greater than 24
[    0.675201] /ocp/interconnect@48000000/segment@300000/target-module@e000/lcdc@0: Fixed dependency cycle(s) with /ocp/interconnect@44c00000/segment@200000/target-module@b000/i2c@0/tda19988@70
[    0.678043] /ocp/interconnect@48000000/segment@300000/target-module@e000/lcdc@0: Fixed dependency cycle(s) with /ocp/interconnect@44c00000/segment@200000/target-module@b000/i2c@0/tda19988@70
[    0.678763] /ocp/interconnect@44c00000/segment@200000/target-module@b000/i2c@0/tda19988@70: Fixed dependency cycle(s) with /ocp/interconnect@48000000/segment@300000/target-module@e000/lcdc@0
[    0.678944] /ocp/interconnect@48000000/segment@300000/target-module@e000/lcdc@0: Fixed dependency cycle(s) with /ocp/interconnect@44c00000/segment@200000/target-module@b000/i2c@0/tda19988@70
[    0.688818] mdio_bus 4a101000.mdio: using DT '/ocp/interconnect@4a000000/segment@0/target-module@100000/switch@0/mdio@1000' for 'reset' GPIO lookup
[    0.688893] of_get_named_gpiod_flags: can't parse 'reset-gpios' property of node '/ocp/interconnect@4a000000/segment@0/target-module@100000/switch@0/mdio@1000[0]'
[    0.688939] of_get_named_gpiod_flags: can't parse 'reset-gpio' property of node '/ocp/interconnect@4a000000/segment@0/target-module@100000/switch@0/mdio@1000[0]'
[    0.688984] mdio_bus 4a101000.mdio: using lookup tables for GPIO lookup
[    0.688993] mdio_bus 4a101000.mdio: No GPIO consumer reset found
[    0.689873] sdhci-omap 481d8000.mmc: using DT '/ocp/interconnect@48000000/segment@100000/target-module@d8000/mmc@0' for 'wp' GPIO lookup
[    0.689932] of_get_named_gpiod_flags: can't parse 'wp-gpios' property of node '/ocp/interconnect@48000000/segment@100000/target-module@d8000/mmc@0[0]'
[    0.689974] of_get_named_gpiod_flags: can't parse 'wp-gpio' property of node '/ocp/interconnect@48000000/segment@100000/target-module@d8000/mmc@0[0]'
[    0.690008] sdhci-omap 481d8000.mmc: using lookup tables for GPIO lookup
[    0.690017] sdhci-omap 481d8000.mmc: No GPIO consumer wp found
[    0.690209] sdhci-omap 481d8000.mmc: supply pbias not found, using dummy regulator
[    0.690705] sdhci-omap 481d8000.mmc: supply vqmmc not found, using dummy regulator
[    0.742350] davinci_mdio 4a101000.mdio: davinci mdio revision 1.6, bus freq 1000000
[    0.759907] mdio_bus 4a101000.mdio:00: using DT '/ocp/interconnect@4a000000/segment@0/target-module@100000/switch@0/mdio@1000/ethernet-phy@0' for 'reset' GPIO lookup
[    0.760009] of_get_named_gpiod_flags: parsed 'reset-gpios' property of node '/ocp/interconnect@4a000000/segment@0/target-module@100000/switch@0/mdio@1000/ethernet-phy@0[0]' - status (0)
[    0.760172] gpio gpiochip0: Persistence not supported for GPIO 8
[    0.889046] davinci_mdio 4a101000.mdio: phy[0]: device 4a101000.mdio:00, driver SMSC LAN8710/LAN8720
[    0.889825] cpsw-switch 4a100000.switch: initialized cpsw ale version 1.4
[    0.889850] cpsw-switch 4a100000.switch: ALE Table size 1024, Policers 0
[    0.890010] cpsw-switch 4a100000.switch: cpts: overflow check period 500 (jiffies)
[    0.890028] cpsw-switch 4a100000.switch: CPTS: ref_clk_freq:250000000 calc_mult:2147483648 calc_shift:29 error:0 nsec/sec
[    0.890143] cpsw-switch 4a100000.switch: Detected MACID = 6c:ec:eb:68:de:78
[    0.892188] cpsw-switch 4a100000.switch: initialized (regs 0x4a100000, pool size 256) hw_ver:0019010C 1.12 (0)
[    0.903282] debugfs: Directory '49000000.dma' with parent 'dmaengine' already present!
[    0.903324] edma 49000000.dma: TI EDMA DMA engine driver
[    0.958739] target-module@4b000000:target-module@140000:pmu@0:fck: device ID is greater than 24
[    0.981821] hw perfevents: enabled with armv7_cortex_a8 PMU driver, 5 (8000000f) counters available
[    0.982725] gpio-clk clk_mcasp0: using DT '/clk_mcasp0' for 'enable' GPIO lookup
[    0.982791] of_get_named_gpiod_flags: parsed 'enable-gpios' property of node '/clk_mcasp0[0]' - status (0)
[    0.982836] gpio gpiochip0: Persistence not supported for GPIO 27
[    0.983635] gpiochip_find_base_unlocked: found new base at 608
[    0.983743] gpio gpiochip3: (gpio-96-127): created GPIO range 0->7 ==> 44e10800.pinmux PIN 82->89
[    0.983763] gpio gpiochip3: (gpio-96-127): created GPIO range 8->11 ==> 44e10800.pinmux PIN 52->55
[    0.983779] gpio gpiochip3: (gpio-96-127): created GPIO range 12->15 ==> 44e10800.pinmux PIN 94->97
[    0.983794] gpio gpiochip3: (gpio-96-127): created GPIO range 16->17 ==> 44e10800.pinmux PIN 71->72
[    0.983810] gpio gpiochip3: (gpio-96-127): created GPIO range 18->18 ==> 44e10800.pinmux PIN 135->135
[    0.983826] gpio gpiochip3: (gpio-96-127): created GPIO range 19->20 ==> 44e10800.pinmux PIN 108->109
[    0.983842] gpio gpiochip3: (gpio-96-127): created GPIO range 21->21 ==> 44e10800.pinmux PIN 73->73
[    0.983858] gpio gpiochip3: (gpio-96-127): created GPIO range 22->23 ==> 44e10800.pinmux PIN 8->9
[    0.983875] gpio gpiochip3: (gpio-96-127): created GPIO range 26->27 ==> 44e10800.pinmux PIN 10->11
[    0.983895] gpio gpiochip3: (gpio-96-127): created GPIO range 28->28 ==> 44e10800.pinmux PIN 74->74
[    0.983913] gpio gpiochip3: (gpio-96-127): created GPIO range 29->29 ==> 44e10800.pinmux PIN 81->81
[    0.983932] gpio gpiochip3: (gpio-96-127): created GPIO range 30->31 ==> 44e10800.pinmux PIN 28->29
[    0.989489] l3-aon-clkctrl:0000:0: failed to disable
[    0.989841] gpio gpiochip3: (gpio-96-127): added GPIO chardev (254:3)
[    0.990007] gpio gpiochip3: registered GPIOs 608 to 639 on gpio-96-127
[    0.992142] omap8250 44e09000.serial: using DT '/ocp/interconnect@44c00000/segment@200000/target-module@9000/serial@0' for 'rs485-term' GPIO lookup
[    0.992218] of_get_named_gpiod_flags: can't parse 'rs485-term-gpios' property of node '/ocp/interconnect@44c00000/segment@200000/target-module@9000/serial@0[0]'
[    0.992262] of_get_named_gpiod_flags: can't parse 'rs485-term-gpio' property of node '/ocp/interconnect@44c00000/segment@200000/target-module@9000/serial@0[0]'
[    0.992297] omap8250 44e09000.serial: using lookup tables for GPIO lookup
[    0.992307] omap8250 44e09000.serial: No GPIO consumer rs485-term found
[    0.992316] omap8250 44e09000.serial: using DT '/ocp/interconnect@44c00000/segment@200000/target-module@9000/serial@0' for 'rs485-rx-during-tx' GPIO lookup
[    0.992352] of_get_named_gpiod_flags: can't parse 'rs485-rx-during-tx-gpios' property of node '/ocp/interconnect@44c00000/segment@200000/target-module@9000/serial@0[0]'
[    0.992388] of_get_named_gpiod_flags: can't parse 'rs485-rx-during-tx-gpio' property of node '/ocp/interconnect@44c00000/segment@200000/target-module@9000/serial@0[0]'
[    0.992419] omap8250 44e09000.serial: using lookup tables for GPIO lookup
[    0.992427] omap8250 44e09000.serial: No GPIO consumer rs485-rx-during-tx found
[    0.992793] 44e09000.serial: ttyS0 at MMIO 0x44e09000 (irq = 34, base_baud = 3000000) is a 8250
[    0.992884] printk: legacy console [ttyS0] enabled
[    2.426499] i2c i2c-0: using DT '/ocp/interconnect@44c00000/segment@200000/target-module@b000/i2c@0' for 'scl' GPIO lookup
[    2.426601] of_get_named_gpiod_flags: can't parse 'scl-gpios' property of node '/ocp/interconnect@44c00000/segment@200000/target-module@b000/i2c@0[0]'
[    2.426649] of_get_named_gpiod_flags: can't parse 'scl-gpio' property of node '/ocp/interconnect@44c00000/segment@200000/target-module@b000/i2c@0[0]'
[    2.426688] i2c i2c-0: using lookup tables for GPIO lookup
[    2.426702] i2c i2c-0: No GPIO consumer scl found
[    2.426727] i2c i2c-0: using DT '/ocp/interconnect@44c00000/segment@200000/target-module@b000/i2c@0' for 'sda' GPIO lookup
[    2.426765] of_get_named_gpiod_flags: can't parse 'sda-gpios' property of node '/ocp/interconnect@44c00000/segment@200000/target-module@b000/i2c@0[0]'
[    2.426805] of_get_named_gpiod_flags: can't parse 'sda-gpio' property of node '/ocp/interconnect@44c00000/segment@200000/target-module@b000/i2c@0[0]'
[    2.426840] i2c i2c-0: using lookup tables for GPIO lookup
[    2.426851] i2c i2c-0: No GPIO consumer sda found
[    2.442280] tps65217-pmic: Failed to locate of_node [id: -1]
[    2.448338] tps65217-bl: Failed to locate of_node [id: -1]
[    2.455777] platform tps65217-charger: DMA mask not set
[    2.463126] platform tps65217-pwrbutton: DMA mask not set
[    2.470949] tps65217 0-0024: TPS65217 ID 0xe version 1.2
[    2.477092] /ocp/interconnect@48000000/segment@300000/target-module@e000/lcdc@0: Fixed dependency cycle(s) with /ocp/interconnect@44c00000/segment@200000/target-module@b000/i2c@0/tda19988@70
[    2.494478] /ocp/interconnect@44c00000/segment@200000/target-module@b000/i2c@0/tda19988@70: Fixed dependency cycle(s) with /ocp/interconnect@48000000/segment@300000/target-module@e000/lcdc@0
[    2.511846] omap_i2c 44e0b000.i2c: bus 0 rev0.11 at 400 kHz
[    2.519609] sdhci-omap 48060000.mmc: using DT '/ocp/interconnect@48000000/segment@0/target-module@60000/mmc@0' for 'cd' GPIO lookup
[    2.519715] of_get_named_gpiod_flags: parsed 'cd-gpios' property of node '/ocp/interconnect@48000000/segment@0/target-module@60000/mmc@0[0]' - status (0)
[    2.519782] gpio gpiochip3: Persistence not supported for GPIO 6
[    2.519808] omap_gpio 44e07000.gpio: Could not set line 6 debounce to 200000 microseconds (-22)
[    2.528676] sdhci-omap 48060000.mmc: Got CD GPIO
[    2.533353] sdhci-omap 48060000.mmc: using DT '/ocp/interconnect@48000000/segment@0/target-module@60000/mmc@0' for 'wp' GPIO lookup
[    2.533404] of_get_named_gpiod_flags: can't parse 'wp-gpios' property of node '/ocp/interconnect@48000000/segment@0/target-module@60000/mmc@0[0]'
[    2.533448] of_get_named_gpiod_flags: can't parse 'wp-gpio' property of node '/ocp/interconnect@48000000/segment@0/target-module@60000/mmc@0[0]'
[    2.533486] sdhci-omap 48060000.mmc: using lookup tables for GPIO lookup
[    2.533500] sdhci-omap 48060000.mmc: No GPIO consumer wp found
[    2.533711] sdhci-omap 48060000.mmc: supply pbias not found, using dummy regulator
[    2.542508] sdhci-omap 481d8000.mmc: using DT '/ocp/interconnect@48000000/segment@100000/target-module@d8000/mmc@0' for 'wp' GPIO lookup
[    2.542584] of_get_named_gpiod_flags: can't parse 'wp-gpios' property of node '/ocp/interconnect@48000000/segment@100000/target-module@d8000/mmc@0[0]'
[    2.542632] of_get_named_gpiod_flags: can't parse 'wp-gpio' property of node '/ocp/interconnect@48000000/segment@100000/target-module@d8000/mmc@0[0]'
[    2.542670] sdhci-omap 481d8000.mmc: using lookup tables for GPIO lookup
[    2.542683] sdhci-omap 481d8000.mmc: No GPIO consumer wp found
[    2.543759] sdhci-omap 48060000.mmc: supply vqmmc not found, using dummy regulator
[    2.552925] sdhci-omap 481d8000.mmc: supply pbias not found, using dummy regulator
[    2.560944] sdhci-omap 481d8000.mmc: supply vqmmc not found, using dummy regulator
[    2.598771] mmc1: SDHCI controller on 481d8000.mmc [481d8000.mmc] using External DMA
[    2.607987] mmc0: SDHCI controller on 48060000.mmc [48060000.mmc] using External DMA
[    2.616776] cpsw-switch 4a100000.switch: starting ndev. mode: dual_mac
[    2.660579] mmc0: new high speed SDHC card at address 5048
[    2.667665] mmcblk0: mmc0:5048 SD16G 14.4 GiB
[    2.675694]  mmcblk0: p1 p2
[    2.679095] mmcblk0: p2 size 31221760 extends beyond EOD, truncated
[    2.692545] SMSC LAN8710/LAN8720 4a101000.mdio:00: attached PHY driver (mii_bus:phy_addr=4a101000.mdio:00, irq=POLL)
[    2.705125] mmc1: new high speed MMC card at address 0001
[    2.712111] mmcblk1: mmc1:0001 MMC04G 3.60 GiB
[    2.723709]  mmcblk1: p1 p2
[    2.727990] mmcblk1boot0: mmc1:0001 MMC04G 2.00 MiB
[    2.735329] mmcblk1boot1: mmc1:0001 MMC04G 2.00 MiB
[    2.742705] mmcblk1rpmb: mmc1:0001 MMC04G 128 KiB, chardev (250:0)
[    5.842112] cpsw-switch 4a100000.switch eth0: Link is Up - 100Mbps/Full - flow control off
[    5.881565] IP-Config: Complete:
[    5.884842]      device=eth0, hwaddr=6c:ec:eb:68:de:78, ipaddr=192.168.255.1, mask=255.255.255.0, gw=255.255.255.255
[    5.895502]      host=bbb1, domain=, nis-domain=(none)
[    5.900670]      bootserver=192.168.255.126, rootserver=192.168.255.126, rootpath=
[    5.901109] clk: Disabling unused clocks
[    5.912951] PM: genpd: Disabling unused power domains
[    5.918069] KTAP version 1
[    5.920790] 1..0
[    5.945533] VFS: Mounted root (nfs filesystem) on device 0:17.
[    5.952550] devtmpfs: mounted
[    5.957056] Freeing unused kernel image (initmem) memory: 1024K
[    5.963982] Run /sbin/init as init process
[    5.968116]   with arguments:
[    5.968129]     /sbin/init
[    5.968137]     nfsrootdebug
[    5.968147]   with environment:
[    5.968155]     HOME=/
[    5.968163]     TERM=linux
[    6.651982] systemd[1]: System time before build time, advancing clock.
[    8.131319] random: crng init done
[    8.172584] systemd[1]: systemd 232 running in system mode. (+PAM +AUDIT +SELINUX +IMA +APPARMOR +SMACK +SYSVINIT +UTMP +LIBCRYPTSETUP +GCRYPT +GNUTLS +ACL +XZ +LZ4 +SECCOMP +BLKID +ELFUTILS +KMOD +IDN)
[    8.191716] systemd[1]: Detected architecture arm.
[    8.224455] systemd[1]: Set hostname to <arm>.
[    9.329029] systemd[1]: Listening on udev Control Socket.
[    9.353249] systemd[1]: Listening on Journal Socket (/dev/log).
[    9.381970] systemd[1]: Listening on udev Kernel Socket.
[    9.413101] systemd[1]: Set up automount Arbitrary Executable File Formats File System Automount Point.
[    9.441791] systemd[1]: Reached target Remote File Systems.
[    9.472315] systemd[1]: Listening on Journal Audit Socket.
[    9.502201] systemd[1]: Listening on Journal Socket.
[   11.447401] systemd-journald[81]: Received request to flush runtime journal from PID 1
[   14.556019] leds-gpio leds: using DT '/leds/led2' for '(default)' GPIO lookup
[   14.556125] of_get_named_gpiod_flags: parsed 'gpios' property of node '/leds/led2[0]' - status (0)
[   14.556183] gpio gpiochip0: Persistence not supported for GPIO 21
[   14.556198] gpio-533 (?): no flags found for GPIO (default)
[   14.625347] leds-gpio leds: using DT '/leds/led3' for '(default)' GPIO lookup
[   14.625457] of_get_named_gpiod_flags: parsed 'gpios' property of node '/leds/led3[0]' - status (0)
[   14.625515] gpio gpiochip0: Persistence not supported for GPIO 22
[   14.625530] gpio-534 (?): no flags found for GPIO (default)
[   14.677378] leds-gpio leds: using DT '/leds/led4' for '(default)' GPIO lookup
[   14.677675] of_get_named_gpiod_flags: parsed 'gpios' property of node '/leds/led4[0]' - status (0)
[   14.677736] gpio gpiochip0: Persistence not supported for GPIO 23
[   14.677750] gpio-535 (?): no flags found for GPIO (default)
[   14.701987] leds-gpio leds: using DT '/leds/led5' for '(default)' GPIO lookup
[   14.702088] of_get_named_gpiod_flags: parsed 'gpios' property of node '/leds/led5[0]' - status (0)
[   14.702141] gpio gpiochip0: Persistence not supported for GPIO 24
[   14.702155] gpio-536 (?): no flags found for GPIO (default)
[   14.894315] remoteproc remoteproc0: wkup_m3 is available
[   15.073291] at24 2-0054: supply vcc not found, using dummy regulator
[   15.186882] at24 2-0055: supply vcc not found, using dummy regulator
[   15.292403] at24 2-0056: supply vcc not found, using dummy regulator
[   15.390305] at24 2-0057: supply vcc not found, using dummy regulator
[   15.607809] at24 0-0050: using DT '/ocp/interconnect@44c00000/segment@200000/target-module@b000/i2c@0/eeprom@50' for 'wp' GPIO lookup
[   15.608044] of_get_named_gpiod_flags: can't parse 'wp-gpios' property of node '/ocp/interconnect@44c00000/segment@200000/target-module@b000/i2c@0/eeprom@50[0]'
[   15.608165] of_get_named_gpiod_flags: can't parse 'wp-gpio' property of node '/ocp/interconnect@44c00000/segment@200000/target-module@b000/i2c@0/eeprom@50[0]'
[   15.608255] at24 0-0050: using lookup tables for GPIO lookup
[   15.608271] at24 0-0050: No GPIO consumer wp found
[   15.608987] at24 0-0050: 32768 byte 24c256 EEPROM, writable, 1 bytes/write
[   15.985184] wkup_m3_ipc 44e11324.wkup_m3_ipc: IPC Request for A8->M3 Channel failed! -517
[   16.008051] omap_rtc 44e3e000.rtc: registered as rtc0
[   16.013502] omap_rtc 44e3e000.rtc: setting system clock to 2000-01-01T00:00:00 UTC (946684800)
[   16.022304] omap_rtc 44e3e000.rtc: using DT '/ocp/interconnect@44c00000/segment@200000/target-module@3e000/rtc@0' for 'wp' GPIO lookup
[   16.022379] of_get_named_gpiod_flags: can't parse 'wp-gpios' property of node '/ocp/interconnect@44c00000/segment@200000/target-module@3e000/rtc@0[0]'
[   16.022429] of_get_named_gpiod_flags: can't parse 'wp-gpio' property of node '/ocp/interconnect@44c00000/segment@200000/target-module@3e000/rtc@0[0]'
[   16.022468] omap_rtc 44e3e000.rtc: using lookup tables for GPIO lookup
[   16.022482] omap_rtc 44e3e000.rtc: No GPIO consumer wp found
[   16.026611] wkup_m3_ipc 44e11324.wkup_m3_ipc: IPC Request for A8->M3 Channel failed! -517
[   16.038088] input: tps65217_pwrbutton as /devices/platform/ocp/44c00000.interconnect/44c00000.interconnect:segment@200000/44e0b000.target-module/44e0b000.i2c/i2c-0/0-0024/tps65217-pwrbutton/input/input0
[   16.191001] omap_wdt: OMAP Watchdog Timer Rev 0x01: initial timeout 60 sec
[   16.205005] wkup_m3_ipc 44e11324.wkup_m3_ipc: IPC Request for A8->M3 Channel failed! -517
[   16.572588] am335x-phy-driver 47401300.usb-phy: using DT '/ocp/target-module@47400000/usb-phy@1300' for 'reset' GPIO lookup
[   16.572694] of_get_named_gpiod_flags: can't parse 'reset-gpios' property of node '/ocp/target-module@47400000/usb-phy@1300[0]'
[   16.572739] of_get_named_gpiod_flags: can't parse 'reset-gpio' property of node '/ocp/target-module@47400000/usb-phy@1300[0]'
[   16.572776] am335x-phy-driver 47401300.usb-phy: using lookup tables for GPIO lookup
[   16.572791] am335x-phy-driver 47401300.usb-phy: No GPIO consumer reset found
[   16.572805] am335x-phy-driver 47401300.usb-phy: using DT '/ocp/target-module@47400000/usb-phy@1300' for 'vbus-detect' GPIO lookup
[   16.572836] of_get_named_gpiod_flags: can't parse 'vbus-detect-gpios' property of node '/ocp/target-module@47400000/usb-phy@1300[0]'
[   16.572868] of_get_named_gpiod_flags: can't parse 'vbus-detect-gpio' property of node '/ocp/target-module@47400000/usb-phy@1300[0]'
[   16.572893] am335x-phy-driver 47401300.usb-phy: using lookup tables for GPIO lookup
[   16.572905] am335x-phy-driver 47401300.usb-phy: No GPIO consumer vbus-detect found
[   16.573054] am335x-phy-driver 47401300.usb-phy: dummy supplies not allowed for exclusive requests (id=vbus)
[   16.752614] usbcore: registered new interface driver usbfs
[   16.758254] usbcore: registered new interface driver hub
[   16.763865] usbcore: registered new device driver usb
[   16.913569] am335x-phy-driver 47401b00.usb-phy: using DT '/ocp/target-module@47400000/usb-phy@1b00' for 'reset' GPIO lookup
[   16.913662] of_get_named_gpiod_flags: can't parse 'reset-gpios' property of node '/ocp/target-module@47400000/usb-phy@1b00[0]'
[   16.913705] of_get_named_gpiod_flags: can't parse 'reset-gpio' property of node '/ocp/target-module@47400000/usb-phy@1b00[0]'
[   16.913743] am335x-phy-driver 47401b00.usb-phy: using lookup tables for GPIO lookup
[   16.913758] am335x-phy-driver 47401b00.usb-phy: No GPIO consumer reset found
[   16.913771] am335x-phy-driver 47401b00.usb-phy: using DT '/ocp/target-module@47400000/usb-phy@1b00' for 'vbus-detect' GPIO lookup
[   16.913801] of_get_named_gpiod_flags: can't parse 'vbus-detect-gpios' property of node '/ocp/target-module@47400000/usb-phy@1b00[0]'
[   16.913832] of_get_named_gpiod_flags: can't parse 'vbus-detect-gpio' property of node '/ocp/target-module@47400000/usb-phy@1b00[0]'
[   16.913858] am335x-phy-driver 47401b00.usb-phy: using lookup tables for GPIO lookup
[   16.913869] am335x-phy-driver 47401b00.usb-phy: No GPIO consumer vbus-detect found
[   16.914017] am335x-phy-driver 47401b00.usb-phy: dummy supplies not allowed for exclusive requests (id=vbus)
[   16.939966] wkup_m3_ipc 44e11324.wkup_m3_ipc: IPC Request for A8->M3 Channel failed! -517
[   17.163830] wkup_m3_ipc 44e11324.wkup_m3_ipc: IPC Request for A8->M3 Channel failed! -517
[   17.632541] wkup_m3_ipc 44e11324.wkup_m3_ipc: IPC Request for A8->M3 Channel failed! -517
[   17.768065] musb-hdrc musb-hdrc.1: MUSB HDRC host driver
[   17.773742] musb-hdrc musb-hdrc.1: new USB bus registered, assigned bus number 1
[   17.795667] wkup_m3_ipc 44e11324.wkup_m3_ipc: IPC Request for A8->M3 Channel failed! -517
[   17.852138] tda998x 0-0070: found TDA19988
[   17.942669] usb usb1: New USB device found, idVendor=1d6b, idProduct=0002, bcdDevice= 6.14
[   17.951028] usb usb1: New USB device strings: Mfr=3, Product=2, SerialNumber=1
[   17.958432] usb usb1: Product: MUSB HDRC host driver
[   17.963476] usb usb1: Manufacturer: Linux 6.14.0-next-20250404 musb-hcd
[   17.970128] usb usb1: SerialNumber: musb-hdrc.1
[   17.997780] wkup_m3_ipc 44e11324.wkup_m3_ipc: IPC Request for A8->M3 Channel failed! -517
[   18.199486] omap-mailbox 480c8000.mailbox: omap mailbox rev 0x400
[   18.310828] remoteproc remoteproc0: powering up wkup_m3
[   18.474557] hub 1-0:1.0: USB hub found
[   18.494382] remoteproc remoteproc0: Direct firmware load for am335x-pm-firmware.elf failed with error -2
[   18.504303] remoteproc remoteproc0: request_firmware failed: -2
[   18.510269] wkup_m3_ipc 44e11324.wkup_m3_ipc: rproc_boot failed
[   18.581593] hub 1-0:1.0: 1 port detected
[   20.771553] omap_rng 48310000.rng: Random Number Generator ver. 20
[   20.957354] tilcdc 4830e000.lcdc: bound 0-0070 (ops tda998x_audio_codec_init [tda998x])
[   21.031100] [drm] Initialized tilcdc 1.0.0 for 4830e000.lcdc on minor 0
[   21.107280] tilcdc 4830e000.lcdc: [drm] Cannot find any crtc or sizes
[   21.116572] tilcdc 4830e000.lcdc: [drm] Cannot find any crtc or sizes
[   21.732819] PM: Cannot get wkup_m3_ipc handle
[   21.860532] omap-sham 53100000.sham: hw accel on OMAP rev 4.3
[   21.970260] omap-sham 53100000.sham: will run requests pump with realtime priority
[   21.979029] PM: Cannot get wkup_m3_ipc handle
[   21.995430] omap-aes 53500000.aes: OMAP AES hw accel rev: 3.2
[   22.141493] omap-aes 53500000.aes: will run requests pump with realtime priority
[   22.150581] PM: Cannot get wkup_m3_ipc handle
[   23.659175] Bluetooth: Core ver 2.22
[   23.663216] NET: Registered PF_BLUETOOTH protocol family
[   23.668567] Bluetooth: HCI device and connection manager initialized
[   23.675091] Bluetooth: HCI socket layer initialized
[   23.680005] Bluetooth: L2CAP socket layer initialized
[   23.685199] Bluetooth: SCO socket layer initialized
[   25.771971] PM: Cannot get wkup_m3_ipc handle
[   25.777731] asoc-simple-card sound: using DT '/sound' for 'simple-audio-card,hp-det' GPIO lookup
[   25.777804] of_get_named_gpiod_flags: can't parse 'simple-audio-card,hp-det-gpios' property of node '/sound[0]'
[   25.777839] of_get_named_gpiod_flags: can't parse 'simple-audio-card,hp-det-gpio' property of node '/sound[0]'
[   25.777863] asoc-simple-card sound: using lookup tables for GPIO lookup
[   25.777876] asoc-simple-card sound: No GPIO consumer simple-audio-card,hp-det found
[   25.777890] asoc-simple-card sound: using DT '/sound' for 'simple-audio-card,mic-det' GPIO lookup
[   25.777915] of_get_named_gpiod_flags: can't parse 'simple-audio-card,mic-det-gpios' property of node '/sound[0]'
[   25.777941] of_get_named_gpiod_flags: can't parse 'simple-audio-card,mic-det-gpio' property of node '/sound[0]'
[   25.777959] asoc-simple-card sound: using lookup tables for GPIO lookup
[   25.777971] asoc-simple-card sound: No GPIO consumer simple-audio-card,mic-det found
[   25.781690] tda998x 0-0070: using DT '/ocp/interconnect@44c00000/segment@200000/target-module@b000/i2c@0/tda19988@70' for 'nxp,calib' GPIO lookup
[   25.781827] of_get_named_gpiod_flags: parsed 'nxp,calib-gpios' property of node '/ocp/interconnect@44c00000/segment@200000/target-module@b000/i2c@0/tda19988@70[0]' - status (0)
[   25.781910] gpio gpiochip0: Persistence not supported for GPIO 25
[   25.781925] gpio-537 (nxp,calib): no flags found for GPIO nxp,calib
[   25.805223] gpio-537 (nxp,calib): gpiod_direction_output_nonotify: tried to set a GPIO tied to an IRQ as output
[   25.898382] PM: Cannot get wkup_m3_ipc handle
[   26.104479] tda9950 0-0034: TDA9950 CEC interface, hardware version 3.3
[   26.218579] PM: Cannot get wkup_m3_ipc handle
[   28.181234] userial_init: registered 8 ttyGS* devices
[   28.445112] rndis_register: configNr = 0
[   28.528931] udc musb-hdrc.0: binding gadget driver [g_multi]
[   28.529030] configfs-gadget.g_multi gadget.0: adding 'rndis'/5f165b94 to config 'c'/7839d4c3
[   28.530175] configfs-gadget.g_multi gadget.0: HOST MAC 1c:ba:8c:a2:ed:6c
[   28.537182] configfs-gadget.g_multi gadget.0: MAC 1c:ba:8c:a2:ed:70
[   28.543592] rndis_set_param_medium: 0 0
[   28.543613] configfs-gadget.g_multi gadget.0: RNDIS: IN/ep1in OUT/ep1out NOTIFY/ep2in
[   28.543630] configfs-gadget.g_multi gadget.0: adding 'cdc_ethernet'/239ffb22 to config 'c'/7839d4c3
[   28.544593] configfs-gadget.g_multi gadget.0: HOST MAC 1c:ba:8c:a2:ed:6c
[   28.551440] configfs-gadget.g_multi gadget.0: MAC 1c:ba:8c:a2:ed:6d
[   28.557776] configfs-gadget.g_multi gadget.0: CDC Ethernet: IN/ep3in OUT/ep2out NOTIFY/ep4in
[   28.557793] configfs-gadget.g_multi gadget.0: adding 'acm'/01fe31d9 to config 'c'/7839d4c3
[   28.557836] configfs-gadget.g_multi gadget.0: acm ttyGS0: IN/ep5in OUT/ep3out NOTIFY/ep6in
[   28.559316] PM: Cannot get wkup_m3_ipc handle
[   29.686021] configfs-gadget.g_multi gadget.0: eth_open
[   30.900433] configfs-gadget.g_multi gadget.0: stop stats: rx/tx 0/0, errs 0/0
[   35.114244] gs_open: ttyGS0 (851d848b,82dc799c)
[   35.114390] gs_close: ttyGS0 (851d848b,82dc799c) ...
[   35.114413] gs_close: ttyGS0 (851d848b,82dc799c) done!
[   35.116956] gs_open: ttyGS0 (f3983453,156ded37)
[   35.117078] gs_close: ttyGS0 (f3983453,156ded37) ...
[   35.117098] gs_close: ttyGS0 (f3983453,156ded37) done!
[   35.298676] gs_open: ttyGS0 (f3983453,d674a5c8)
[   35.298909] gs_close: ttyGS0 (f3983453,d674a5c8) ...
[   35.298938] gs_close: ttyGS0 (f3983453,d674a5c8) done!
[   35.299382] gs_open: ttyGS0 (f3983453,d674a5c8)
PQJKHUFFLQ 0
root@arm:~# echo 'WCSW''PGOCXN'
WCSWPGOCXN
root@arm:~# MARKER='PYNL''TFWHVP' run 'modprobe test_linear_ranges'
PYNLTFWHVPPYNLTFWHVP 0
root@arm:~# echo 'PJUB''NCPAHL'
PJUBNCPAHL
root@arm:~# MARKER='UXYG''MVOLUJ' run dmesg
UXYGMVOLUJ[    0.000000] Booting Linux on physical CPU 0x0
[    0.000000] Linux version 6.14.0-next-20250404 (user01@drvtest01) (arm-none-eabi-gcc (Arm GNU Toolchain 14.2.Rel1 (Build arm-14.52)) 14.2.1 20241119, GNU ld (Arm GNU Toolchain 14.2.Rel1 (Build arm-14.52)) 2.43.1.20241119) #1 SMP Fri Apr  4 07:04:47 EEST 2025
[    0.000000] CPU: ARMv7 Processor [413fc082] revision 2 (ARMv7), cr=10c5387d
[    0.000000] CPU: PIPT / VIPT nonaliasing data cache, VIPT aliasing instruction cache
[    0.000000] OF: fdt: Machine model: TI AM335x BeagleBone Black
[    0.000000] Memory policy: Data cache writeback
[    0.000000] cma: Reserved 16 MiB at 0x00000000
[    0.000000] Zone ranges:
[    0.000000]   Normal   [mem 0x0000000080000000-0x000000009fdfffff]
[    0.000000]   HighMem  empty
[    0.000000] Movable zone start for each node
[    0.000000] Early memory node ranges
[    0.000000]   node   0: [mem 0x0000000080000000-0x000000009fdfffff]
[    0.000000] Initmem setup node 0 [mem 0x0000000080000000-0x000000009fdfffff]
[    0.000000] On node 0, zone Normal: 512 pages in unavailable ranges
[    0.000000] OF: reserved mem: Reserved memory: No reserved-memory node in the DT
[    0.000000] CPU: All CPU(s) started in SVC mode.
[    0.000000] AM335X ES2.1 (sgx neon)
[    0.000000] percpu: Embedded 17 pages/cpu s39692 r8192 d21748 u69632
[    0.000000] pcpu-alloc: s39692 r8192 d21748 u69632 alloc=17*4096
[    0.000000] pcpu-alloc: [0] 0 
[    0.000000] Kernel command line: console=ttyO0,115200n8 root=/dev/nfs rw nfsroot=192.168.255.126:/home/user01/nfs,nfsvers=3 ip=192.168.255.1:192.168.255.126::255.255.255.0:bbb1:eth0 nfsrootdebug
[    0.000000] Unknown kernel command line parameters "nfsrootdebug", will be passed to user space.
[    0.000000] printk: log buffer data + meta data: 65536 + 204800 = 270336 bytes
[    0.000000] Dentry cache hash table entries: 65536 (order: 6, 262144 bytes, linear)
[    0.000000] Inode-cache hash table entries: 32768 (order: 5, 131072 bytes, linear)
[    0.000000] Built 1 zonelists, mobility grouping on.  Total pages: 130560
[    0.000000] mem auto-init: stack:off, heap alloc:off, heap free:off
[    0.000000] SLUB: HWalign=16, Order=0-3, MinObjects=0, CPUs=1, Nodes=1
[    0.000000] rcu: Hierarchical RCU implementation.
[    0.000000] rcu: 	RCU event tracing is enabled.
[    0.000000] rcu: 	RCU restricting CPUs from NR_CPUS=2 to nr_cpu_ids=1.
[    0.000000] 	Tracing variant of Tasks RCU enabled.
[    0.000000] rcu: RCU calculated value of scheduler-enlistment delay is 10 jiffies.
[    0.000000] rcu: Adjusting geometry for rcu_fanout_leaf=16, nr_cpu_ids=1
[    0.000000] RCU Tasks Trace: Setting shift to 0 and lim to 1 rcu_task_cb_adjust=1 rcu_task_cpu_ids=1.
[    0.000000] NR_IRQS: 16, nr_irqs: 16, preallocated irqs: 16
[    0.000000] IRQ: Found an INTC at 0x(ptrval) (revision 5.0) with 128 interrupts
[    0.000000] rcu: srcu_init: Setting srcu_struct sizes based on contention.
[    0.000000] TI gptimer clocksource: always-on /ocp/interconnect@44c00000/segment@200000/target-module@31000
[    0.000002] sched_clock: 32 bits at 24MHz, resolution 41ns, wraps every 89478484971ns
[    0.000026] clocksource: dmtimer: mask: 0xffffffff max_cycles: 0xffffffff, max_idle_ns: 79635851949 ns
[    0.000508] TI gptimer clockevent: 24000000 Hz at /ocp/interconnect@48000000/segment@0/target-module@40000
[    0.002142] Console: colour dummy device 80x30
[    0.002207] WARNING: Your 'console=ttyO0' has been replaced by 'ttyS0'
[    0.002214] This ensures that you still see kernel messages. Please
[    0.002219] update your kernel commandline.
[    0.002260] Calibrating delay loop... 996.14 BogoMIPS (lpj=4980736)
[    0.090555] CPU: Testing write buffer coherency: ok
[    0.090669] CPU0: Spectre v2: using BPIALL workaround
[    0.090679] pid_max: default: 32768 minimum: 301
[    0.090838] LSM: initializing lsm=capability
[    0.091019] Mount-cache hash table entries: 1024 (order: 0, 4096 bytes, linear)
[    0.091038] Mountpoint-cache hash table entries: 1024 (order: 0, 4096 bytes, linear)
[    0.092665] CPU0: thread -1, cpu 0, socket -1, mpidr 0
[    0.092726] cacheinfo: Unable to detect cache hierarchy for CPU 0
[    0.160744] Setting up static identity map for 0x80100000 - 0x80100078
[    0.170698] rcu: Hierarchical SRCU implementation.
[    0.170711] rcu: 	Max phase no-delay instances is 1000.
[    0.172486] smp: Bringing up secondary CPUs ...
[    0.172539] smp: Brought up 1 node, 1 CPU
[    0.172552] SMP: Total of 1 processors activated (996.14 BogoMIPS).
[    0.172563] CPU: All CPU(s) started in SVC mode.
[    0.172753] Memory: 480824K/522240K available (11264K kernel code, 1216K rwdata, 2972K rodata, 1024K init, 288K bss, 23384K reserved, 16384K cma-reserved, 0K highmem)
[    0.173580] devtmpfs: initialized
[    0.190529] VFP support v0.3: implementor 41 architecture 3 part 30 variant c rev 3
[    0.191429] clocksource: jiffies: mask: 0xffffffff max_cycles: 0xffffffff, max_idle_ns: 19112604462750000 ns
[    0.191471] posixtimers hash table entries: 512 (order: 0, 4096 bytes, linear)
[    0.191491] futex hash table entries: 256 (order: 2, 16384 bytes, linear)
[    0.192639] pinctrl core: initialized pinctrl subsystem
[    0.194739] NET: Registered PF_NETLINK/PF_ROUTE protocol family
[    0.197533] DMA: preallocated 256 KiB pool for atomic coherent allocations
[    0.198465] audit: initializing netlink subsys (disabled)
[    0.199843] thermal_sys: Registered thermal governor 'fair_share'
[    0.199859] thermal_sys: Registered thermal governor 'step_wise'
[    0.199869] thermal_sys: Registered thermal governor 'user_space'
[    0.199985] audit: type=2000 audit(0.000:1): state=initialized audit_enabled=0 res=1
[    0.200057] cpuidle: using governor menu
[    0.218560] /ocp/interconnect@44c00000/segment@200000/target-module@b000/i2c@0/tda19988@70: Fixed dependency cycle(s) with /ocp/interconnect@48000000/segment@300000/target-module@e000/lcdc@0
[    0.219745] /ocp/interconnect@48000000/segment@300000/target-module@e000/lcdc@0: Fixed dependency cycle(s) with /ocp/interconnect@44c00000/segment@200000/target-module@b000/i2c@0/tda19988@70
[    0.222146] No ATAGs?
[    0.222191] hw-breakpoint: debug architecture 0x4 unsupported.
[    0.224883] kprobes: kprobe jump-optimization is enabled. All kprobes are optimized if possible.
[    0.234041] iommu: Default domain type: Translated
[    0.234065] iommu: DMA domain TLB invalidation policy: strict mode
[    0.235630] reg-fixed-voltage fixedregulator0: using DT '/fixedregulator0' for '(default)' GPIO lookup
[    0.235683] of_get_named_gpiod_flags: can't parse 'gpios' property of node '/fixedregulator0[0]'
[    0.235712] of_get_named_gpiod_flags: can't parse 'gpio' property of node '/fixedregulator0[0]'
[    0.235730] reg-fixed-voltage fixedregulator0: using lookup tables for GPIO lookup
[    0.235740] reg-fixed-voltage fixedregulator0: No GPIO consumer (default) found
[    0.241608] SCSI subsystem initialized
[    0.242109] libata version 3.00 loaded.
[    0.242480] pps_core: LinuxPPS API ver. 1 registered
[    0.242492] pps_core: Software ver. 5.3.6 - Copyright 2005-2007 Rodolfo Giometti <giometti@linux.it>
[    0.242518] PTP clock support registered
[    0.250921] vgaarb: loaded
[    0.251297] clocksource: Switched to clocksource dmtimer
[    0.251969] VFS: Disk quotas dquot_6.6.0
[    0.252033] VFS: Dquot-cache hash table entries: 1024 (order 0, 4096 bytes)
[    0.276087] NET: Registered PF_INET protocol family
[    0.276429] IP idents hash table entries: 8192 (order: 4, 65536 bytes, linear)
[    0.277863] tcp_listen_portaddr_hash hash table entries: 512 (order: 0, 4096 bytes, linear)
[    0.277900] Table-perturb hash table entries: 65536 (order: 6, 262144 bytes, linear)
[    0.277919] TCP established hash table entries: 4096 (order: 2, 16384 bytes, linear)
[    0.277964] TCP bind hash table entries: 4096 (order: 4, 65536 bytes, linear)
[    0.278063] TCP: Hash tables configured (established 4096 bind 4096)
[    0.278179] UDP hash table entries: 256 (order: 1, 14336 bytes, linear)
[    0.278216] UDP-Lite hash table entries: 256 (order: 1, 14336 bytes, linear)
[    0.278405] NET: Registered PF_UNIX/PF_LOCAL protocol family
[    0.279664] RPC: Registered named UNIX socket transport module.
[    0.279687] RPC: Registered udp transport module.
[    0.279692] RPC: Registered tcp transport module.
[    0.279696] RPC: Registered tcp-with-tls transport module.
[    0.279701] RPC: Registered tcp NFSv4.1 backchannel transport module.
[    0.279726] PCI: CLS 0 bytes, default 64
[    0.281113] Initialise system trusted keyrings
[    0.292373] workingset: timestamp_bits=14 max_order=17 bucket_order=3
[    0.293761] NFS: Registering the id_resolver key type
[    0.293840] Key type id_resolver registered
[    0.293847] Key type id_legacy registered
[    0.293955] jffs2: version 2.2. (NAND) (SUMMARY)  Â© 2001-2006 Red Hat, Inc.
[    0.294385] Key type asymmetric registered
[    0.294400] Asymmetric key parser 'x509' registered
[    0.294462] io scheduler mq-deadline registered
[    0.294473] io scheduler kyber registered
[    0.294548] io scheduler bfq registered
[    0.296151] ledtrig-cpu: registered to indicate activity on CPUs
[    0.302450] Serial: 8250/16550 driver, 6 ports, IRQ sharing enabled
[    0.340191] brd: module loaded
[    0.368639] loop: module loaded
[    0.369553] mtdoops: mtd device (mtddev=name/number) must be supplied
[    0.371379] mdio_bus fixed-0: using lookup tables for GPIO lookup
[    0.371411] mdio_bus fixed-0: No GPIO consumer reset found
[    0.372790] i2c_dev: i2c /dev entries driver
[    0.373794] cpuidle: enable-method property 'ti,am3352' found operations
[    0.374237] sdhci: Secure Digital Host Controller Interface driver
[    0.374246] sdhci: Copyright(c) Pierre Ossman
[    0.374413] sdhci-pltfm: SDHCI platform and OF driver helper
[    0.375419] Initializing XFRM netlink socket
[    0.375598] NET: Registered PF_INET6 protocol family
[    0.377622] Segment Routing with IPv6
[    0.377710] In-situ OAM (IOAM) with IPv6
[    0.377806] sit: IPv6, IPv4 and MPLS over IPv4 tunneling driver
[    0.378766] NET: Registered PF_PACKET protocol family
[    0.378801] NET: Registered PF_KEY protocol family
[    0.378925] Key type dns_resolver registered
[    0.379153] ThumbEE CPU extension supported.
[    0.379174] Registering SWP/SWPB emulation handler
[    0.379712] omap_voltage_late_init: Voltage driver support not added
[    0.380060] SmartReflex Class3 initialized
[    0.412575] Loading compiled-in X.509 certificates
[    0.456284] /ocp/interconnect@44c00000/segment@200000/target-module@b000/i2c@0/tda19988@70: Fixed dependency cycle(s) with /ocp/interconnect@48000000/segment@300000/target-module@e000/lcdc@0
[    0.463087] /ocp/interconnect@44c00000/segment@200000/target-module@b000/i2c@0/tda19988@70: Fixed dependency cycle(s) with /ocp/interconnect@48000000/segment@300000/target-module@e000/lcdc@0
[    0.468776] gpiochip_find_base_unlocked: found new base at 512
[    0.489789] /ocp/interconnect@44c00000/segment@200000/target-module@b000/i2c@0/tda19988@70: Fixed dependency cycle(s) with /ocp/interconnect@48000000/segment@300000/target-module@e000/lcdc@0
[    0.490679] /ocp/interconnect@44c00000/segment@200000/target-module@b000/i2c@0/tda19988@70: Fixed dependency cycle(s) with /ocp/interconnect@48000000/segment@300000/target-module@e000/lcdc@0
[    0.494563] /ocp/interconnect@44c00000/segment@200000/target-module@10000/scm@0/pinmux@800: Fixed dependency cycle(s) with /ocp/interconnect@44c00000/segment@200000/target-module@10000/scm@0/pinmux@800/clkout2-pins
[    0.495196] pinctrl-single 44e10800.pinmux: 142 pins, size 568
[    0.500550] ti-sysc 44e31000.target-module: probe with driver ti-sysc failed with error -16
[    0.538185] /ocp/interconnect@48000000/segment@300000/target-module@e000/lcdc@0: Fixed dependency cycle(s) with /ocp/interconnect@44c00000/segment@200000/target-module@b000/i2c@0/tda19988@70
[    0.546688] ti-sysc 48040000.target-module: probe with driver ti-sysc failed with error -16
[    0.558315] gpiochip_find_base_unlocked: found new base at 512
[    0.558417] gpio gpiochip0: (gpio-0-31): created GPIO range 0->7 ==> 44e10800.pinmux PIN 0->7
[    0.558436] gpio gpiochip0: (gpio-0-31): created GPIO range 8->11 ==> 44e10800.pinmux PIN 90->93
[    0.558452] gpio gpiochip0: (gpio-0-31): created GPIO range 12->27 ==> 44e10800.pinmux PIN 12->27
[    0.558467] gpio gpiochip0: (gpio-0-31): created GPIO range 28->31 ==> 44e10800.pinmux PIN 30->33
[    0.584913] gpio gpiochip0: (gpio-0-31): added GPIO chardev (254:0)
[    0.585057] gpio gpiochip0: registered GPIOs 512 to 543 on gpio-0-31
[    0.585141] OMAP GPIO hardware version 0.1
[    0.607187] i2c i2c-2: using DT '/ocp/interconnect@48000000/segment@100000/target-module@9c000/i2c@0' for 'scl' GPIO lookup
[    0.607263] of_get_named_gpiod_flags: can't parse 'scl-gpios' property of node '/ocp/interconnect@48000000/segment@100000/target-module@9c000/i2c@0[0]'
[    0.607305] of_get_named_gpiod_flags: can't parse 'scl-gpio' property of node '/ocp/interconnect@48000000/segment@100000/target-module@9c000/i2c@0[0]'
[    0.607341] i2c i2c-2: using lookup tables for GPIO lookup
[    0.607352] i2c i2c-2: No GPIO consumer scl found
[    0.607373] i2c i2c-2: using DT '/ocp/interconnect@48000000/segment@100000/target-module@9c000/i2c@0' for 'sda' GPIO lookup
[    0.607407] of_get_named_gpiod_flags: can't parse 'sda-gpios' property of node '/ocp/interconnect@48000000/segment@100000/target-module@9c000/i2c@0[0]'
[    0.607443] of_get_named_gpiod_flags: can't parse 'sda-gpio' property of node '/ocp/interconnect@48000000/segment@100000/target-module@9c000/i2c@0[0]'
[    0.607473] i2c i2c-2: using lookup tables for GPIO lookup
[    0.607480] i2c i2c-2: No GPIO consumer sda found
[    0.608194] omap_i2c 4819c000.i2c: bus 2 rev0.11 at 100 kHz
[    0.614151] gpiochip_find_base_unlocked: found new base at 544
[    0.614258] gpio gpiochip1: (gpio-32-63): created GPIO range 0->17 ==> 44e10800.pinmux PIN 34->51
[    0.614283] gpio gpiochip1: (gpio-32-63): created GPIO range 18->21 ==> 44e10800.pinmux PIN 77->80
[    0.614300] gpio gpiochip1: (gpio-32-63): created GPIO range 22->31 ==> 44e10800.pinmux PIN 56->65
[    0.640973] gpio gpiochip1: (gpio-32-63): added GPIO chardev (254:1)
[    0.641163] gpio gpiochip1: registered GPIOs 544 to 575 on gpio-32-63
[    0.643564] gpiochip_find_base_unlocked: found new base at 576
[    0.643663] gpio gpiochip2: (gpio-64-95): created GPIO range 0->4 ==> 44e10800.pinmux PIN 66->70
[    0.643682] gpio gpiochip2: (gpio-64-95): created GPIO range 5->6 ==> 44e10800.pinmux PIN 98->99
[    0.643698] gpio gpiochip2: (gpio-64-95): created GPIO range 7->8 ==> 44e10800.pinmux PIN 75->76
[    0.643713] gpio gpiochip2: (gpio-64-95): created GPIO range 13->13 ==> 44e10800.pinmux PIN 141->141
[    0.643729] gpio gpiochip2: (gpio-64-95): created GPIO range 14->21 ==> 44e10800.pinmux PIN 100->107
[    0.668179] gpio gpiochip2: (gpio-64-95): added GPIO chardev (254:2)
[    0.668334] gpio gpiochip2: registered GPIOs 576 to 607 on gpio-64-95
[    0.674278] 48000000.interconnect:segment@200000:target-module@0:mpu@0:fck: device ID is greater than 24
[    0.675201] /ocp/interconnect@48000000/segment@300000/target-module@e000/lcdc@0: Fixed dependency cycle(s) with /ocp/interconnect@44c00000/segment@200000/target-module@b000/i2c@0/tda19988@70
[    0.678043] /ocp/interconnect@48000000/segment@300000/target-module@e000/lcdc@0: Fixed dependency cycle(s) with /ocp/interconnect@44c00000/segment@200000/target-module@b000/i2c@0/tda19988@70
[    0.678763] /ocp/interconnect@44c00000/segment@200000/target-module@b000/i2c@0/tda19988@70: Fixed dependency cycle(s) with /ocp/interconnect@48000000/segment@300000/target-module@e000/lcdc@0
[    0.678944] /ocp/interconnect@48000000/segment@300000/target-module@e000/lcdc@0: Fixed dependency cycle(s) with /ocp/interconnect@44c00000/segment@200000/target-module@b000/i2c@0/tda19988@70
[    0.688818] mdio_bus 4a101000.mdio: using DT '/ocp/interconnect@4a000000/segment@0/target-module@100000/switch@0/mdio@1000' for 'reset' GPIO lookup
[    0.688893] of_get_named_gpiod_flags: can't parse 'reset-gpios' property of node '/ocp/interconnect@4a000000/segment@0/target-module@100000/switch@0/mdio@1000[0]'
[    0.688939] of_get_named_gpiod_flags: can't parse 'reset-gpio' property of node '/ocp/interconnect@4a000000/segment@0/target-module@100000/switch@0/mdio@1000[0]'
[    0.688984] mdio_bus 4a101000.mdio: using lookup tables for GPIO lookup
[    0.688993] mdio_bus 4a101000.mdio: No GPIO consumer reset found
[    0.689873] sdhci-omap 481d8000.mmc: using DT '/ocp/interconnect@48000000/segment@100000/target-module@d8000/mmc@0' for 'wp' GPIO lookup
[    0.689932] of_get_named_gpiod_flags: can't parse 'wp-gpios' property of node '/ocp/interconnect@48000000/segment@100000/target-module@d8000/mmc@0[0]'
[    0.689974] of_get_named_gpiod_flags: can't parse 'wp-gpio' property of node '/ocp/interconnect@48000000/segment@100000/target-module@d8000/mmc@0[0]'
[    0.690008] sdhci-omap 481d8000.mmc: using lookup tables for GPIO lookup
[    0.690017] sdhci-omap 481d8000.mmc: No GPIO consumer wp found
[    0.690209] sdhci-omap 481d8000.mmc: supply pbias not found, using dummy regulator
[    0.690705] sdhci-omap 481d8000.mmc: supply vqmmc not found, using dummy regulator
[    0.742350] davinci_mdio 4a101000.mdio: davinci mdio revision 1.6, bus freq 1000000
[    0.759907] mdio_bus 4a101000.mdio:00: using DT '/ocp/interconnect@4a000000/segment@0/target-module@100000/switch@0/mdio@1000/ethernet-phy@0' for 'reset' GPIO lookup
[    0.760009] of_get_named_gpiod_flags: parsed 'reset-gpios' property of node '/ocp/interconnect@4a000000/segment@0/target-module@100000/switch@0/mdio@1000/ethernet-phy@0[0]' - status (0)
[    0.760172] gpio gpiochip0: Persistence not supported for GPIO 8
[    0.889046] davinci_mdio 4a101000.mdio: phy[0]: device 4a101000.mdio:00, driver SMSC LAN8710/LAN8720
[    0.889825] cpsw-switch 4a100000.switch: initialized cpsw ale version 1.4
[    0.889850] cpsw-switch 4a100000.switch: ALE Table size 1024, Policers 0
[    0.890010] cpsw-switch 4a100000.switch: cpts: overflow check period 500 (jiffies)
[    0.890028] cpsw-switch 4a100000.switch: CPTS: ref_clk_freq:250000000 calc_mult:2147483648 calc_shift:29 error:0 nsec/sec
[    0.890143] cpsw-switch 4a100000.switch: Detected MACID = 6c:ec:eb:68:de:78
[    0.892188] cpsw-switch 4a100000.switch: initialized (regs 0x4a100000, pool size 256) hw_ver:0019010C 1.12 (0)
[    0.903282] debugfs: Directory '49000000.dma' with parent 'dmaengine' already present!
[    0.903324] edma 49000000.dma: TI EDMA DMA engine driver
[    0.958739] target-module@4b000000:target-module@140000:pmu@0:fck: device ID is greater than 24
[    0.981821] hw perfevents: enabled with armv7_cortex_a8 PMU driver, 5 (8000000f) counters available
[    0.982725] gpio-clk clk_mcasp0: using DT '/clk_mcasp0' for 'enable' GPIO lookup
[    0.982791] of_get_named_gpiod_flags: parsed 'enable-gpios' property of node '/clk_mcasp0[0]' - status (0)
[    0.982836] gpio gpiochip0: Persistence not supported for GPIO 27
[    0.983635] gpiochip_find_base_unlocked: found new base at 608
[    0.983743] gpio gpiochip3: (gpio-96-127): created GPIO range 0->7 ==> 44e10800.pinmux PIN 82->89
[    0.983763] gpio gpiochip3: (gpio-96-127): created GPIO range 8->11 ==> 44e10800.pinmux PIN 52->55
[    0.983779] gpio gpiochip3: (gpio-96-127): created GPIO range 12->15 ==> 44e10800.pinmux PIN 94->97
[    0.983794] gpio gpiochip3: (gpio-96-127): created GPIO range 16->17 ==> 44e10800.pinmux PIN 71->72
[    0.983810] gpio gpiochip3: (gpio-96-127): created GPIO range 18->18 ==> 44e10800.pinmux PIN 135->135
[    0.983826] gpio gpiochip3: (gpio-96-127): created GPIO range 19->20 ==> 44e10800.pinmux PIN 108->109
[    0.983842] gpio gpiochip3: (gpio-96-127): created GPIO range 21->21 ==> 44e10800.pinmux PIN 73->73
[    0.983858] gpio gpiochip3: (gpio-96-127): created GPIO range 22->23 ==> 44e10800.pinmux PIN 8->9
[    0.983875] gpio gpiochip3: (gpio-96-127): created GPIO range 26->27 ==> 44e10800.pinmux PIN 10->11
[    0.983895] gpio gpiochip3: (gpio-96-127): created GPIO range 28->28 ==> 44e10800.pinmux PIN 74->74
[    0.983913] gpio gpiochip3: (gpio-96-127): created GPIO range 29->29 ==> 44e10800.pinmux PIN 81->81
[    0.983932] gpio gpiochip3: (gpio-96-127): created GPIO range 30->31 ==> 44e10800.pinmux PIN 28->29
[    0.989489] l3-aon-clkctrl:0000:0: failed to disable
[    0.989841] gpio gpiochip3: (gpio-96-127): added GPIO chardev (254:3)
[    0.990007] gpio gpiochip3: registered GPIOs 608 to 639 on gpio-96-127
[    0.992142] omap8250 44e09000.serial: using DT '/ocp/interconnect@44c00000/segment@200000/target-module@9000/serial@0' for 'rs485-term' GPIO lookup
[    0.992218] of_get_named_gpiod_flags: can't parse 'rs485-term-gpios' property of node '/ocp/interconnect@44c00000/segment@200000/target-module@9000/serial@0[0]'
[    0.992262] of_get_named_gpiod_flags: can't parse 'rs485-term-gpio' property of node '/ocp/interconnect@44c00000/segment@200000/target-module@9000/serial@0[0]'
[    0.992297] omap8250 44e09000.serial: using lookup tables for GPIO lookup
[    0.992307] omap8250 44e09000.serial: No GPIO consumer rs485-term found
[    0.992316] omap8250 44e09000.serial: using DT '/ocp/interconnect@44c00000/segment@200000/target-module@9000/serial@0' for 'rs485-rx-during-tx' GPIO lookup
[    0.992352] of_get_named_gpiod_flags: can't parse 'rs485-rx-during-tx-gpios' property of node '/ocp/interconnect@44c00000/segment@200000/target-module@9000/serial@0[0]'
[    0.992388] of_get_named_gpiod_flags: can't parse 'rs485-rx-during-tx-gpio' property of node '/ocp/interconnect@44c00000/segment@200000/target-module@9000/serial@0[0]'
[    0.992419] omap8250 44e09000.serial: using lookup tables for GPIO lookup
[    0.992427] omap8250 44e09000.serial: No GPIO consumer rs485-rx-during-tx found
[    0.992793] 44e09000.serial: ttyS0 at MMIO 0x44e09000 (irq = 34, base_baud = 3000000) is a 8250
[    0.992884] printk: legacy console [ttyS0] enabled
[    2.426499] i2c i2c-0: using DT '/ocp/interconnect@44c00000/segment@200000/target-module@b000/i2c@0' for 'scl' GPIO lookup
[    2.426601] of_get_named_gpiod_flags: can't parse 'scl-gpios' property of node '/ocp/interconnect@44c00000/segment@200000/target-module@b000/i2c@0[0]'
[    2.426649] of_get_named_gpiod_flags: can't parse 'scl-gpio' property of node '/ocp/interconnect@44c00000/segment@200000/target-module@b000/i2c@0[0]'
[    2.426688] i2c i2c-0: using lookup tables for GPIO lookup
[    2.426702] i2c i2c-0: No GPIO consumer scl found
[    2.426727] i2c i2c-0: using DT '/ocp/interconnect@44c00000/segment@200000/target-module@b000/i2c@0' for 'sda' GPIO lookup
[    2.426765] of_get_named_gpiod_flags: can't parse 'sda-gpios' property of node '/ocp/interconnect@44c00000/segment@200000/target-module@b000/i2c@0[0]'
[    2.426805] of_get_named_gpiod_flags: can't parse 'sda-gpio' property of node '/ocp/interconnect@44c00000/segment@200000/target-module@b000/i2c@0[0]'
[    2.426840] i2c i2c-0: using lookup tables for GPIO lookup
[    2.426851] i2c i2c-0: No GPIO consumer sda found
[    2.442280] tps65217-pmic: Failed to locate of_node [id: -1]
[    2.448338] tps65217-bl: Failed to locate of_node [id: -1]
[    2.455777] platform tps65217-charger: DMA mask not set
[    2.463126] platform tps65217-pwrbutton: DMA mask not set
[    2.470949] tps65217 0-0024: TPS65217 ID 0xe version 1.2
[    2.477092] /ocp/interconnect@48000000/segment@300000/target-module@e000/lcdc@0: Fixed dependency cycle(s) with /ocp/interconnect@44c00000/segment@200000/target-module@b000/i2c@0/tda19988@70
[    2.494478] /ocp/interconnect@44c00000/segment@200000/target-module@b000/i2c@0/tda19988@70: Fixed dependency cycle(s) with /ocp/interconnect@48000000/segment@300000/target-module@e000/lcdc@0
[    2.511846] omap_i2c 44e0b000.i2c: bus 0 rev0.11 at 400 kHz
[    2.519609] sdhci-omap 48060000.mmc: using DT '/ocp/interconnect@48000000/segment@0/target-module@60000/mmc@0' for 'cd' GPIO lookup
[    2.519715] of_get_named_gpiod_flags: parsed 'cd-gpios' property of node '/ocp/interconnect@48000000/segment@0/target-module@60000/mmc@0[0]' - status (0)
[    2.519782] gpio gpiochip3: Persistence not supported for GPIO 6
[    2.519808] omap_gpio 44e07000.gpio: Could not set line 6 debounce to 200000 microseconds (-22)
[    2.528676] sdhci-omap 48060000.mmc: Got CD GPIO
[    2.533353] sdhci-omap 48060000.mmc: using DT '/ocp/interconnect@48000000/segment@0/target-module@60000/mmc@0' for 'wp' GPIO lookup
[    2.533404] of_get_named_gpiod_flags: can't parse 'wp-gpios' property of node '/ocp/interconnect@48000000/segment@0/target-module@60000/mmc@0[0]'
[    2.533448] of_get_named_gpiod_flags: can't parse 'wp-gpio' property of node '/ocp/interconnect@48000000/segment@0/target-module@60000/mmc@0[0]'
[    2.533486] sdhci-omap 48060000.mmc: using lookup tables for GPIO lookup
