Labgrid Console Logfile for main
Logfile started at 2025-08-27 09:16:44.465491
=== Log starts here ===
reading args
spl_load_image_fat_os: error reading image args, err - -1
reading u-boot.img
reading u-boot.img


U-Boot 2014.04-00014-g47880f5 (Apr 22 2014 - 13:23:54)

I2C:   ready
DRAM:  512 MiB
NAND:  0 MiB
MMC:   OMAP SD/MMC: 0, OMAP SD/MMC: 1
*** Warning - readenv() failed, using default environment

Net:   <ethaddr> not set. Validating first E-fuse MAC
cpsw, usb_ether
Hit any key to stop autoboot:  1  0 
gpio: pin 53 (gpio 53) value is 1
mmc0 is current device
gpio: pin 54 (gpio 54) value is 1
SD/MMC found on device 0
reading uEnv.txt
569 bytes read in 4 ms (138.7 KiB/s)
gpio: pin 55 (gpio 55) value is 1
Loaded environment from uEnv.txt
Importing environment from mmc ...
Checking if uenvcmd is set ...
gpio: pin 56 (gpio 56) value is 1
Running uenvcmd ...
cpsw Waiting for PHY auto negotiation to complete. done
link up on port 0, speed 100, full duplex
Using cpsw device
TFTP from server 192.168.255.126; our IP address is 192.168.255.1
Filename 'zImage'.
Load address: 0x81000000
Loading: *#################################################################
	 #################################################################
	 #################################################################
	 #################################################################
	 #################################################################
	 #############################################################
	 2.4 MiB/s
done
Bytes transferred = 5656640 (565040 hex)
link up on port 0, speed 100, full duplex
Using cpsw device
TFTP from server 192.168.255.126; our IP address is 192.168.255.1
Filename 'am335x-boneblack.dtb'.
Load address: 0x82000000
Loading: *#######
	 2.3 MiB/s
done
Bytes transferred = 98244 (17fc4 hex)
Kernel image @ 0x81000000 [ 0x000000 - 0x565040 ]
## Flattened Device Tree blob at 82000000
   Booting using the fdt blob at 0x82000000
   Using Device Tree in place at 82000000, end 8201afc3

Starting kernel ...

[    0.000000] Booting Linux on physical CPU 0x0
[    0.000000] Linux version 6.17.0-rc3-next-20250827 (user01@drvtest01) (arm-none-eabi-gcc (Arm GNU Toolchain 14.2.Rel1 (Build arm-14.52)) 14.2.1 20241119, GNU ld (Arm GNU Toolchain 14.2.Rel1 (Build arm-14.52)) 2.43.1.20241119) #1 SMP Wed Aug 27 09:13:17 EEST 2025
[    0.000000] CPU: ARMv7 Processor [413fc082] revision 2 (ARMv7), cr=10c5387d
[    0.000000] CPU: PIPT / VIPT nonaliasing data cache, VIPT aliasing instruction cache
[    0.000000] OF: fdt: Machine model: TI AM335x BeagleBone Black
[    0.000000] Memory policy: Data cache writeback
[    0.000000] cma: Reserved 16 MiB at 0x9e800000
[    0.000000] Zone ranges:
[    0.000000]   Normal   [mem 0x0000000080000000-0x000000009fdfffff]
[    0.000000]   HighMem  empty
[    0.000000] Movable zone start for each node
[    0.000000] Early memory node ranges
[    0.000000]   node   0: [mem 0x0000000080000000-0x000000009fdfffff]
[    0.000000] Initmem setup node 0 [mem 0x0000000080000000-0x000000009fdfffff]
[    0.000000] On node 0, zone Normal: 512 pages in unavailable ranges
[    0.000000] OF: reserved mem: Reserved memory: No reserved-memory node in the DT
[    0.000000] CPU: All CPU(s) started in SVC mode.
[    0.000000] AM335X ES2.1 (sgx neon)
[    0.000000] percpu: Embedded 17 pages/cpu s39820 r8192 d21620 u69632
[    0.000000] Kernel command line: console=ttyO0,115200n8 root=/dev/nfs rw nfsroot=192.168.255.126:/home/user01/nfs,nfsvers=3 ip=192.168.255.1:192.168.255.126::255.255.255.0:bbb1:eth0 nfsrootdebug
[    0.000000] Unknown kernel command line parameters "nfsrootdebug", will be passed to user space.
[    0.000000] printk: log buffer data + meta data: 65536 + 204800 = 270336 bytes
[    0.000000] Dentry cache hash table entries: 65536 (order: 6, 262144 bytes, linear)
[    0.000000] Inode-cache hash table entries: 32768 (order: 5, 131072 bytes, linear)
[    0.000000] Built 1 zonelists, mobility grouping on.  Total pages: 130560
[    0.000000] mem auto-init: stack:off, heap alloc:off, heap free:off
[    0.000000] SLUB: HWalign=16, Order=0-3, MinObjects=0, CPUs=1, Nodes=1
[    0.000000] rcu: Hierarchical RCU implementation.
[    0.000000] rcu: 	RCU event tracing is enabled.
[    0.000000] rcu: 	RCU restricting CPUs from NR_CPUS=2 to nr_cpu_ids=1.
[    0.000000] 	Tracing variant of Tasks RCU enabled.
[    0.000000] rcu: RCU calculated value of scheduler-enlistment delay is 10 jiffies.
[    0.000000] rcu: Adjusting geometry for rcu_fanout_leaf=16, nr_cpu_ids=1
[    0.000000] RCU Tasks Trace: Setting shift to 0 and lim to 1 rcu_task_cb_adjust=1 rcu_task_cpu_ids=1.
[    0.000000] NR_IRQS: 16, nr_irqs: 16, preallocated irqs: 16
[    0.000000] IRQ: Found an INTC at 0x(ptrval) (revision 5.0) with 128 interrupts
[    0.000000] rcu: srcu_init: Setting srcu_struct sizes based on contention.
[    0.000000] TI gptimer clocksource: always-on /ocp/interconnect@44c00000/segment@200000/target-module@31000
[    0.000002] sched_clock: 32 bits at 24MHz, resolution 41ns, wraps every 89478484971ns
[    0.000026] clocksource: dmtimer: mask: 0xffffffff max_cycles: 0xffffffff, max_idle_ns: 79635851949 ns
[    0.000511] TI gptimer clockevent: 24000000 Hz at /ocp/interconnect@48000000/segment@0/target-module@40000
[    0.002062] Console: colour dummy device 80x30
[    0.002130] WARNING: Your 'console=ttyO0' has been replaced by 'ttyS0'
[    0.002139] This ensures that you still see kernel messages. Please
[    0.002143] update your kernel commandline.
[    0.002186] Calibrating delay loop... 996.14 BogoMIPS (lpj=4980736)
[    0.090558] CPU: Testing write buffer coherency: ok
[    0.090673] CPU0: Spectre v2: using BPIALL workaround
[    0.090683] pid_max: default: 32768 minimum: 301
[    0.090845] LSM: initializing lsm=capability
[    0.091017] Mount-cache hash table entries: 1024 (order: 0, 4096 bytes, linear)
[    0.091036] Mountpoint-cache hash table entries: 1024 (order: 0, 4096 bytes, linear)
[    0.092601] CPU0: thread -1, cpu 0, socket -1, mpidr 0
[    0.092657] cacheinfo: Unable to detect cache hierarchy for CPU 0
[    0.094667] Setting up static identity map for 0x80100000 - 0x80100078
[    0.094990] rcu: Hierarchical SRCU implementation.
[    0.095002] rcu: 	Max phase no-delay instances is 1000.
[    0.096735] smp: Bringing up secondary CPUs ...
[    0.096790] smp: Brought up 1 node, 1 CPU
[    0.096802] SMP: Total of 1 processors activated (996.14 BogoMIPS).
[    0.096814] CPU: All CPU(s) started in SVC mode.
[    0.097019] Memory: 480880K/522240K available (11264K kernel code, 1219K rwdata, 2936K rodata, 1024K init, 253K bss, 23328K reserved, 16384K cma-reserved, 0K highmem)
[    0.097837] devtmpfs: initialized
[    0.115125] VFP support v0.3: implementor 41 architecture 3 part 30 variant c rev 3
[    0.115761] clocksource: jiffies: mask: 0xffffffff max_cycles: 0xffffffff, max_idle_ns: 19112604462750000 ns
[    0.115822] posixtimers hash table entries: 512 (order: 0, 4096 bytes, linear)
[    0.115849] futex hash table entries: 256 (16384 bytes on 1 NUMA nodes, total 16 KiB, linear).
[    0.116994] pinctrl core: initialized pinctrl subsystem
[    0.119137] NET: Registered PF_NETLINK/PF_ROUTE protocol family
[    0.122307] DMA: preallocated 256 KiB pool for atomic coherent allocations
[    0.122922] audit: initializing netlink subsys (disabled)
[    0.124258] thermal_sys: Registered thermal governor 'fair_share'
[    0.124273] thermal_sys: Registered thermal governor 'step_wise'
[    0.124282] thermal_sys: Registered thermal governor 'user_space'
[    0.124394] audit: type=2000 audit(0.120:1): state=initialized audit_enabled=0 res=1
[    0.124467] cpuidle: using governor menu
[    0.142364] /ocp/interconnect@44c00000/segment@200000/target-module@b000/i2c@0/tda19988@70: Fixed dependency cycle(s) with /ocp/interconnect@48000000/segment@300000/target-module@e000/lcdc@0
[    0.143490] /ocp/interconnect@48000000/segment@300000/target-module@e000/lcdc@0: Fixed dependency cycle(s) with /ocp/interconnect@44c00000/segment@200000/target-module@b000/i2c@0/tda19988@70
[    0.145696] No ATAGs?
[    0.145736] hw-breakpoint: debug architecture 0x4 unsupported.
[    0.148800] kprobes: kprobe jump-optimization is enabled. All kprobes are optimized if possible.
[    0.153843] iommu: Default domain type: Translated
[    0.153867] iommu: DMA domain TLB invalidation policy: strict mode
[    0.161736] SCSI subsystem initialized
[    0.162591] pps_core: LinuxPPS API ver. 1 registered
[    0.162603] pps_core: Software ver. 5.3.6 - Copyright 2005-2007 Rodolfo Giometti <giometti@linux.it>
[    0.162628] PTP clock support registered
[    0.171187] vgaarb: loaded
[    0.171561] clocksource: Switched to clocksource dmtimer
[    0.172237] VFS: Disk quotas dquot_6.6.0
[    0.172293] VFS: Dquot-cache hash table entries: 1024 (order 0, 4096 bytes)
[    0.197154] NET: Registered PF_INET protocol family
[    0.197503] IP idents hash table entries: 8192 (order: 4, 65536 bytes, linear)
[    0.198935] tcp_listen_portaddr_hash hash table entries: 512 (order: 0, 4096 bytes, linear)
[    0.198975] Table-perturb hash table entries: 65536 (order: 6, 262144 bytes, linear)
[    0.198993] TCP established hash table entries: 4096 (order: 2, 16384 bytes, linear)
[    0.199038] TCP bind hash table entries: 4096 (order: 4, 65536 bytes, linear)
[    0.199138] TCP: Hash tables configured (established 4096 bind 4096)
[    0.199261] UDP hash table entries: 256 (order: 1, 14336 bytes, linear)
[    0.199298] UDP-Lite hash table entries: 256 (order: 1, 14336 bytes, linear)
[    0.199495] NET: Registered PF_UNIX/PF_LOCAL protocol family
[    0.212200] RPC: Registered named UNIX socket transport module.
[    0.212223] RPC: Registered udp transport module.
[    0.212228] RPC: Registered tcp transport module.
[    0.212233] RPC: Registered tcp-with-tls transport module.
[    0.212238] RPC: Registered tcp NFSv4.1 backchannel transport module.
[    0.212263] PCI: CLS 0 bytes, default 64
[    0.213684] Initialise system trusted keyrings
[    0.214461] workingset: timestamp_bits=14 max_order=17 bucket_order=3
[    0.216182] NFS: Registering the id_resolver key type
[    0.216273] Key type id_resolver registered
[    0.216281] Key type id_legacy registered
[    0.216393] jffs2: version 2.2. (NAND) (SUMMARY)  Â© 2001-2006 Red Hat, Inc.
[    0.216859] Key type asymmetric registered
[    0.216876] Asymmetric key parser 'x509' registered
[    0.216945] io scheduler mq-deadline registered
[    0.216956] io scheduler kyber registered
[    0.217035] io scheduler bfq registered
[    0.218916] target-module@4b000000:target-module@140000:pmu@0:fck: device ID is greater than 24
[    0.225079] l3-aon-clkctrl:0000:0: failed to disable
[    0.231639] ledtrig-cpu: registered to indicate activity on CPUs
[    0.235393] Serial: 8250/16550 driver, 6 ports, IRQ sharing enabled
[    0.275400] brd: module loaded
[    0.292836] loop: module loaded
[    0.293790] mtdoops: mtd device (mtddev=name/number) must be supplied
[    0.304180] i2c_dev: i2c /dev entries driver
[    0.305200] cpuidle: enable-method property 'ti,am3352' found operations
[    0.305661] sdhci: Secure Digital Host Controller Interface driver
[    0.305669] sdhci: Copyright(c) Pierre Ossman
[    0.305859] sdhci-pltfm: SDHCI platform and OF driver helper
[    0.307428] hw perfevents: enabled with armv7_cortex_a8 PMU driver, 5 (8000000f) counters available
[    0.307952] Initializing XFRM netlink socket
[    0.308125] NET: Registered PF_INET6 protocol family
[    0.313788] l3-aon-clkctrl:0000:0: failed to disable
[    0.327256] Segment Routing with IPv6
[    0.327345] In-situ OAM (IOAM) with IPv6
[    0.327445] sit: IPv6, IPv4 and MPLS over IPv4 tunneling driver
[    0.328418] NET: Registered PF_PACKET protocol family
[    0.328447] NET: Registered PF_KEY protocol family
[    0.328571] Key type dns_resolver registered
[    0.328800] ThumbEE CPU extension supported.
[    0.328821] Registering SWP/SWPB emulation handler
[    0.329344] omap_voltage_late_init: Voltage driver support not added
[    0.330028] SmartReflex Class3 initialized
[    0.363368] Loading compiled-in X.509 certificates
[    0.393968] /ocp/interconnect@44c00000/segment@200000/target-module@b000/i2c@0/tda19988@70: Fixed dependency cycle(s) with /ocp/interconnect@48000000/segment@300000/target-module@e000/lcdc@0
[    0.400406] /ocp/interconnect@44c00000/segment@200000/target-module@b000/i2c@0/tda19988@70: Fixed dependency cycle(s) with /ocp/interconnect@48000000/segment@300000/target-module@e000/lcdc@0
[    0.433423] /ocp/interconnect@44c00000/segment@200000/target-module@b000/i2c@0/tda19988@70: Fixed dependency cycle(s) with /ocp/interconnect@48000000/segment@300000/target-module@e000/lcdc@0
[    0.434307] /ocp/interconnect@44c00000/segment@200000/target-module@b000/i2c@0/tda19988@70: Fixed dependency cycle(s) with /ocp/interconnect@48000000/segment@300000/target-module@e000/lcdc@0
[    0.437801] /ocp/interconnect@44c00000/segment@200000/target-module@10000/scm@0/pinmux@800: Fixed dependency cycle(s) with /ocp/interconnect@44c00000/segment@200000/target-module@10000/scm@0/pinmux@800/clkout2-pins
[    0.438397] pinctrl-single 44e10800.pinmux: 142 pins, size 568
[    0.443968] ti-sysc 44e31000.target-module: probe with driver ti-sysc failed with error -16
[    0.480186] /ocp/interconnect@48000000/segment@300000/target-module@e000/lcdc@0: Fixed dependency cycle(s) with /ocp/interconnect@44c00000/segment@200000/target-module@b000/i2c@0/tda19988@70
[    0.488479] ti-sysc 48040000.target-module: probe with driver ti-sysc failed with error -16
[    0.524997] OMAP GPIO hardware version 0.1
[    0.590209] omap_i2c 4819c000.i2c: bus 2 rev0.11 at 100 kHz
[    0.606393] 48000000.interconnect:segment@200000:target-module@0:mpu@0:fck: device ID is greater than 24
[    0.607291] /ocp/interconnect@48000000/segment@300000/target-module@e000/lcdc@0: Fixed dependency cycle(s) with /ocp/interconnect@44c00000/segment@200000/target-module@b000/i2c@0/tda19988@70
[    0.610135] /ocp/interconnect@48000000/segment@300000/target-module@e000/lcdc@0: Fixed dependency cycle(s) with /ocp/interconnect@44c00000/segment@200000/target-module@b000/i2c@0/tda19988@70
[    0.610838] /ocp/interconnect@44c00000/segment@200000/target-module@b000/i2c@0/tda19988@70: Fixed dependency cycle(s) with /ocp/interconnect@48000000/segment@300000/target-module@e000/lcdc@0
[    0.611000] /ocp/interconnect@48000000/segment@300000/target-module@e000/lcdc@0: Fixed dependency cycle(s) with /ocp/interconnect@44c00000/segment@200000/target-module@b000/i2c@0/tda19988@70
[    0.622355] sdhci-omap 481d8000.mmc: supply pbias not found, using dummy regulator
[    0.634831] sdhci-omap 481d8000.mmc: supply vqmmc not found, using dummy regulator
[    0.673317] davinci_mdio 4a101000.mdio: davinci mdio revision 1.6, bus freq 1000000
[    0.837973] davinci_mdio 4a101000.mdio: phy[0]: device 4a101000.mdio:00, driver SMSC LAN8710/LAN8720
[    0.838747] cpsw-switch 4a100000.switch: initialized cpsw ale version 1.4
[    0.838769] cpsw-switch 4a100000.switch: ALE Table size 1024, Policers 0
[    0.839029] cpsw-switch 4a100000.switch: cpts: overflow check period 500 (jiffies)
[    0.839049] cpsw-switch 4a100000.switch: CPTS: ref_clk_freq:250000000 calc_mult:2147483648 calc_shift:29 error:0 nsec/sec
[    0.839154] cpsw-switch 4a100000.switch: Detected MACID = 6c:ec:eb:68:de:78
[    0.841049] cpsw-switch 4a100000.switch: initialized (regs 0x4a100000, pool size 256) hw_ver:0019010C 1.12 (0)
[    0.852344] debugfs: '49000000.dma' already exists in 'dmaengine'
[    0.852388] edma 49000000.dma: TI EDMA DMA engine driver
[    0.923215] 44e09000.serial: ttyS0 at MMIO 0x44e09000 (irq = 34, base_baud = 3000000) is a 8250
[    0.923303] printk: legacy console [ttyS0] enabled
[    2.442490] tps65217-pmic: Failed to locate of_node [id: -1]
[    2.448561] tps65217-bl: Failed to locate of_node [id: -1]
[    2.454642] platform tps65217-charger: DMA mask not set
[    2.460687] platform tps65217-pwrbutton: DMA mask not set
[    2.467991] tps65217 0-0024: TPS65217 ID 0xe version 1.2
[    2.474128] /ocp/interconnect@48000000/segment@300000/target-module@e000/lcdc@0: Fixed dependency cycle(s) with /ocp/interconnect@44c00000/segment@200000/target-module@b000/i2c@0/tda19988@70
[    2.491510] /ocp/interconnect@44c00000/segment@200000/target-module@b000/i2c@0/tda19988@70: Fixed dependency cycle(s) with /ocp/interconnect@48000000/segment@300000/target-module@e000/lcdc@0
[    2.508887] omap_i2c 44e0b000.i2c: bus 0 rev0.11 at 400 kHz
[    2.516804] omap_gpio 44e07000.gpio: Could not set line 6 debounce to 200000 microseconds (-22)
[    2.525722] sdhci-omap 48060000.mmc: Got CD GPIO
[    2.530732] sdhci-omap 48060000.mmc: supply pbias not found, using dummy regulator
[    2.540726] sdhci-omap 48060000.mmc: supply vqmmc not found, using dummy regulator
[    2.549888] sdhci-omap 481d8000.mmc: supply pbias not found, using dummy regulator
[    2.560166] sdhci-omap 481d8000.mmc: supply vqmmc not found, using dummy regulator
[    2.595286] mmc0: SDHCI controller on 48060000.mmc [48060000.mmc] using External DMA
[    2.603597] mmc1: SDHCI controller on 481d8000.mmc [481d8000.mmc] using External DMA
[    2.612436] cpsw-switch 4a100000.switch: starting ndev. mode: dual_mac
[    2.681852] mmc1: new high speed MMC card at address 0001
[    2.688653] mmcblk1: mmc1:0001 MMC04G 3.60 GiB
[    2.696566]  mmcblk1: p1 p2
[    2.700333] SMSC LAN8710/LAN8720 4a101000.mdio:00: attached PHY driver (mii_bus:phy_addr=4a101000.mdio:00, irq=POLL)
[    2.711905] mmcblk1boot0: mmc1:0001 MMC04G 2.00 MiB
[    2.726231] mmcblk1boot1: mmc1:0001 MMC04G 2.00 MiB
[    2.735244] mmcblk1rpmb: mmc1:0001 MMC04G 128 KiB, chardev (249:0)
[    2.784634] mmc0: new high speed SDHC card at address aaaa
[    2.791457] mmcblk0: mmc0:aaaa SE32G 29.7 GiB
[    2.800746]  mmcblk0: p1 p2
[    5.842336] cpsw-switch 4a100000.switch eth0: Link is Up - 100Mbps/Full - flow control off
[    5.881801] IP-Config: Complete:
[    5.885079]      device=eth0, hwaddr=6c:ec:eb:68:de:78, ipaddr=192.168.255.1, mask=255.255.255.0, gw=255.255.255.255
[    5.895755]      host=bbb1, domain=, nis-domain=(none)
[    5.900925]      bootserver=192.168.255.126, rootserver=192.168.255.126, rootpath=
[    5.901353] clk: Disabling unused clocks
[    5.913244] KTAP version 1
[    5.915976] 1..0
[    5.918408] check access for rdinit=/init failed: -2, ignoring
[    5.955805] VFS: Mounted root (nfs filesystem) on device 0:17.
[    5.963285] devtmpfs: mounted
[    5.967793] Freeing unused kernel image (initmem) memory: 1024K
[    5.974589] Run /sbin/init as init process
[    6.660630] systemd[1]: System time before build time, advancing clock.
[    8.181579] random: crng init done
[    8.197921] systemd[1]: systemd 232 running in system mode. (+PAM +AUDIT +SELINUX +IMA +APPARMOR +SMACK +SYSVINIT +UTMP +LIBCRYPTSETUP +GCRYPT +GNUTLS +ACL +XZ +LZ4 +SECCOMP +BLKID +ELFUTILS +KMOD +IDN)
[    8.216935] systemd[1]: Detected architecture arm.

Welcome to [1mDebian GNU/Linux 9 (stretch)[0m!

[    8.245232] systemd[1]: Set hostname to <arm>.
[    9.374966] systemd[1]: Created slice System Slice.
[[0;32m  OK  [0m] Created slice System Slice.
[    9.393102] systemd[1]: Created slice system-serial\x2dgetty.slice.
[[0;32m  OK  [0m] Created slice system-serial\x2dgetty.slice.
[    9.425010] systemd[1]: Listening on Journal Audit Socket.
[[0;32m  OK  [0m] Listening on Journal Audit Socket.
[    9.453412] systemd[1]: systemd-journald-dev-log.socket: SO_PASSSEC failed: Operation not supported
[    9.463044] systemd[1]: Listening on Journal Socket (/dev/log).
[[0;32m  OK  [0m] Listening on Journal Socket (/dev/log).
[    9.502536] systemd[1]: Mounting POSIX Message Queue File System...
         Mounting POSIX Message Queue File System...
[    9.532066] systemd[1]: Reached target Remote File Systems.
[[0;32m  OK  [0m] Reached target Remote File Systems.
[[0;32m  OK  [0m] Listening on Journal Socket.
[[0;32m  OK  [0m] Listening on udev Kernel Socket.
[[0;32m  OK  [0m] Listening on udev Control Socket.
         Starting Remount Root and Kernel File Systems...
[[0;32m  OK  [0m] Listening on Syslog Socket.
         Starting Journal Service...
[[0;32m  OK  [0m] Started Forward Password Requests to Wall Directory Watch.
[[0;32m  OK  [0m] Started Dispatch Password Requests to Console Directory Watch.
[[0;32m  OK  [0m] Reached target Paths.
[[0;32m  OK  [0m] Reached target Encrypted Volumes.
[[0;32m  OK  [0m] Reached target Swap.
[[0;32m  OK  [0m] Listening on /dev/initctl Compatibility Named Pipe.
[[0;32m  OK  [0m] Created slice system-getty.slice.
         Mounting Debug File System...
         Starting Create list of required stâ€¦ce nodes for the current kernel...
[[0;32m  OK  [0m] Set up automount Arbitrary Executabâ€¦rmats File System Automount Point.
         Starting Load Kernel Modules...
[[0;32m  OK  [0m] Created slice User and Session Slice.
[[0;32m  OK  [0m] Reached target Slices.
[[0;32m  OK  [0m] Mounted POSIX Message Queue File System.
[[0;32m  OK  [0m] Mounted Debug File System.
[[0;32m  OK  [0m] Started Remount Root and Kernel File Systems.
[[0;32m  OK  [0m] Started Create list of required staâ€¦vice nodes for the current kernel.
         Starting Create Static Device Nodes in /dev...
         Starting Load/Save Random Seed...
         Starting udev Coldplug all Devices...
[[0;32m  OK  [0m] Started Load Kernel Modules.
         Starting Apply Kernel Variables...
         Mounting Configuration File System...
[[0;32m  OK  [0m] Started Load/Save Random Seed.
[[0;32m  OK  [0m] Mounted Configuration File System.
[[0;32m  OK  [0m] Started Apply Kernel Variables.
[[0;32m  OK  [0m] Started Create Static Device Nodes in /dev.
[[0;32m  OK  [0m] Started Journal Service.
         Starting Flush Journal to Persistent Storage...
         Starting udev Kernel Device Manager...
[[0;32m  OK  [0m] Reached target Local File Systems (Pre).
[[0;32m  OK  [0m] Reached target Local File Systems.
         Starting Raise network interfaces...
[   11.434915] systemd-journald[82]: Received request to flush runtime journal from PID 1
[[0;32m  OK  [0m] Started Flush Journal to Persistent Storage.
         Starting Create Volatile Files and Directories...
[[0;32m  OK  [0m] Started udev Kernel Device Manager.
[   12.654007] omap_prm 44e00d00.prm: sync_state() pending due to 44d00000.cpu
[[0;32m  OK  [0m] Started Create Volatile Files and Directories.
         Starting Network Time Synchronization...
         Starting Update UTMP about System Boot/Shutdown...
[[0;32m  OK  [0m] Started Update UTMP about System Boot/Shutdown.
[[0;32m  OK  [0m] Started Network Time Synchronization.
[[0;32m  OK  [0m] Reached target System Time Synchronized.
[[0;32m  OK  [0m] Started udev Coldplug all Devices.
[[0;32m  OK  [0m] Reached target System Initialization.
[[0;32m  OK  [0m] Listening on Avahi mDNS/DNS-SD Stack Activation Socket.
[[0;32m  OK  [0m] Started Daily apt download activities.
[[0;32m  OK  [0m] Started Daily apt upgrade and clean activities.
[[0;32m  OK  [0m] Started Daily Cleanup of Temporary Directories.
[[0;32m  OK  [0m] Reached target Timers.
[[0;32m  OK  [0m] Listening on D-Bus System Message Bus Socket.
[[0;32m  OK  [0m] Reached target Sockets.
[[0;32m  OK  [0m] Reached target Basic System.
         Starting LSB: Load kernel modules needed to enable cpufreq scaling...
         Starting Generic Board Startup...
         Starting Login Service...
[   15.181013] remoteproc remoteproc0: wkup_m3 is available
[   15.194199] omap_rtc 44e3e000.rtc: registered as rtc0
[   15.199383] omap_rtc 44e3e000.rtc: setting system clock to 2000-01-01T00:00:00 UTC (946684800)
[   15.309464] omap_wdt: OMAP Watchdog Timer Rev 0x01: initial timeout 60 sec
         Starting DUN service...
         Starting LSB: Start busybox udhcpd at boot time...
         Starting Telephony service...
         Starting System Logging Service...
[[0;32m  OK  [0m] Started D-Bus System Message Bus.
[   15.944531] at24 2-0054: supply vcc not found, using dummy regulator
[   16.042381] at24 2-0055: supply vcc not found, using dummy regulator
[   16.114639] input: tps65217_pwrbutton as /devices/platform/ocp/44c00000.interconnect/44c00000.interconnect:segment@200000/44e0b000.target-module/44e0b000.i2c/i2c-0/0-0024/tps65217-pwrbutton/input/input0
[   16.177683] at24 2-0056: supply vcc not found, using dummy regulator
[   16.273435] at24 2-0057: supply vcc not found, using dummy regulator
[   16.415444] at24 0-0050: 32768 byte 24c256 EEPROM, writable, 1 bytes/write
[   16.796276] am335x-phy-driver 47401300.usb-phy: dummy supplies not allowed for exclusive requests (id=vbus)
[   16.914861] am335x-phy-driver 47401b00.usb-phy: dummy supplies not allowed for exclusive requests (id=vbus)
[   17.224528] usbcore: registered new interface driver usbfs
[   17.230168] usbcore: registered new interface driver hub
[   17.235846] usbcore: registered new device driver usb
[   18.074280] omap-mailbox 480c8000.mailbox: omap mailbox rev 0x400
[   18.142727] remoteproc remoteproc0: powering up wkup_m3
[   18.163635] musb-hdrc musb-hdrc.1: MUSB HDRC host driver
[   18.169056] musb-hdrc musb-hdrc.1: new USB bus registered, assigned bus number 1
[   18.345084] remoteproc remoteproc0: Direct firmware load for am335x-pm-firmware.elf failed with error -2
[   18.356152] remoteproc remoteproc0: request_firmware failed: -2
[   18.362280] wkup_m3_ipc 44e11324.wkup_m3_ipc: rproc_boot failed
[   18.394630] usb usb1: New USB device found, idVendor=1d6b, idProduct=0002, bcdDevice= 6.17
[   18.403122] usb usb1: New USB device strings: Mfr=3, Product=2, SerialNumber=1
[   18.410391] usb usb1: Product: MUSB HDRC host driver
[   18.415457] usb usb1: Manufacturer: Linux 6.17.0-rc3-next-20250827 musb-hcd
[   18.422489] usb usb1: SerialNumber: musb-hdrc.1
[   18.787685] tda998x 0-0070: found TDA19988
[   18.836343] hub 1-0:1.0: USB hub found
[   18.909314] hub 1-0:1.0: 1 port detected
[   20.978538] omap_rng 48310000.rng: Random Number Generator ver. 20
[   21.054904] tilcdc 4830e000.lcdc: bound 0-0070 (ops tda998x_audio_codec_init [tda998x])
[[0;32m  OK  [0m] Started Telephony service.
[[0;32m  OK  [0m] Started DUN service.
[   21.193732] [drm] Initialized tilcdc 1.0.0 for 4830e000.lcdc on minor 0
[   21.260449] tilcdc 4830e000.lcdc: [drm] Cannot find any crtc or sizes
[   21.268601] tilcdc 4830e000.lcdc: [drm] Cannot find any crtc or sizes
[[0;32m  OK  [0m] Started Regular background program processing daemon.
         Starting Connection service...
         Starting Avahi mDNS/DNS-SD Stack...
         Starting Cape Manager Service...
[[0;32m  OK  [0m] Started System Logging Service.
[   22.980278] PM: Cannot get wkup_m3_ipc handle
[   23.022428] omap-sham 53100000.sham: hw accel on OMAP rev 4.3
[   23.088519] omap-aes 53500000.aes: OMAP AES hw accel rev: 3.2
[[0;32m  OK  [0m] Found device /dev/ttyS0.
[   23.161862] omap-sham 53100000.sham: will run requests pump with realtime priority
[   23.172527] PM: Cannot get wkup_m3_ipc handle
[   23.254127] omap-aes 53500000.aes: will run requests pump with realtime priority
[   23.274889] PM: Cannot get wkup_m3_ipc handle
[   23.407907] Bluetooth: Core ver 2.22
[   23.411931] NET: Registered PF_BLUETOOTH protocol family
[   23.417280] Bluetooth: HCI device and connection manager initialized
[   23.423796] Bluetooth: HCI socket layer initialized
[   23.428712] Bluetooth: L2CAP socket layer initialized
[   23.433855] Bluetooth: SCO socket layer initialized
[[0;32m  OK  [0m] Started Cape Manager Service.
[   24.725524] ------------[ cut here ]------------
[   24.730221] WARNING: net/8021q/vlan_core.c:236 at vlan_for_each+0x114/0x134, CPU#0: avahi-daemon/315
[   24.739610] RTNL: assertion failed at net/8021q/vlan_core.c (236)
[   24.745795] Modules linked in: snd_soc_simple_card bluetooth omap_aes_driver snd_soc_simple_card_utils omap_sham pm33xx omap_crypto ti_emif_sram crypto_engine ecdh_generic ecc libaes tilcdc omap_rng rng_core drm_dma_helper drm_client_lib snd_soc_davinci_mcasp snd_soc_ti_udma snd_soc_ti_edma snd_soc_ti_sdma snd_soc_core snd_pcm_dmaengine tda998x snd_pcm snd_timer cec snd omap_mailbox musb_dsps soundcore drm_kms_helper musb_hdrc udc_core drm usbcore phy_am335x phy_generic usb_common wkup_m3_ipc cppi41 drm_panel_orientation_quirks tps65218_pwrbutton at24 phy_am335x_control omap_wdt wkup_m3_rproc rtc_omap watchdog cpufreq_dt leds_gpio led_class autofs4
[   24.803861] CPU: 0 UID: 107 PID: 315 Comm: avahi-daemon Not tainted 6.17.0-rc3-next-20250827 #1 NONE 
[   24.803881] Hardware name: Generic AM33XX (Flattened Device Tree)
[   24.803889] Call trace: 
[   24.803905]  unwind_backtrace from show_stack+0x10/0x14
[   24.803945]  show_stack from dump_stack_lvl+0x50/0x64
[   24.803968]  dump_stack_lvl from __warn+0x88/0x148
[   24.803986]  __warn from warn_slowpath_fmt+0x19c/0x1b0
[   24.803999]  warn_slowpath_fmt from vlan_for_each+0x114/0x134
[   24.804022]  vlan_for_each from cpsw_add_mc_addr+0x40/0xa4
[   24.804053]  cpsw_add_mc_addr from __hw_addr_ref_sync_dev+0x108/0x140
[   24.804073]  __hw_addr_ref_sync_dev from __dev_mc_add+0x7c/0x80
[   24.804086]  __dev_mc_add from igmp6_group_added+0xc8/0xe0
[   24.804111]  igmp6_group_added from __ipv6_dev_mc_inc+0x218/0x364
[   24.804132]  __ipv6_dev_mc_inc from __ipv6_sock_mc_join+0x11c/0x1c0
[   24.804151]  __ipv6_sock_mc_join from do_ipv6_setsockopt+0x1214/0x1310
[   24.804170]  do_ipv6_setsockopt from ipv6_setsockopt+0x60/0xcc
[   24.804183]  ipv6_setsockopt from udpv6_setsockopt+0x2c/0x6c
[   24.804197]  udpv6_setsockopt from sock_common_setsockopt+0x30/0x40
[   24.804216]  sock_common_setsockopt from do_sock_setsockopt+0x50/0x9c
[   24.804240]  do_sock_setsockopt from __sys_setsockopt+0x70/0xbc
[   24.804264]  __sys_setsockopt from ret_fast_syscall+0x0/0x58
[   24.804282] Exception stack(0xe0301fa8 to 0xe0301ff0)
[   24.804296] 1fa0:                   00000014 b6fdfce8 0000000d 00000029 00000014 be81d9ec
[   24.804307] 1fc0: 00000014 b6fdfce8 00000014 00000126 0000000d b6f88ff4 0048e988 00476558
[   24.804316] 1fe0: b6f9e088 be81d9d8 b6f7b309 b6e5241a
[   24.804324] ---[ end trace 0000000000000000 ]---
[   26.565469] gpio-537 (nxp,calib): gpiod_direction_output_nonotify: tried to set a GPIO tied to an IRQ as output
[   26.597571] PM: Cannot get wkup_m3_ipc handle
[   26.799687] tda9950 0-0034: TDA9950 CEC interface, hardware version 3.3
[   26.893220] PM: Cannot get wkup_m3_ipc handle
[[0;32m  OK  [0m] Started LSB: Start busybox udhcpd at boot time.
[[0;32m  OK  [0m] Started LSB: Load kernel modules needed to enable cpufreq scaling.
[   28.979142] configfs-gadget.g_multi gadget.0: HOST MAC 1c:ba:8c:a2:ed:6c
[   28.986117] configfs-gadget.g_multi gadget.0: MAC 1c:ba:8c:a2:ed:70
[   28.993478] configfs-gadget.g_multi gadget.0: HOST MAC 1c:ba:8c:a2:ed:6c
[   29.000244] configfs-gadget.g_multi gadget.0: MAC 1c:ba:8c:a2:ed:6d
[   29.012008] PM: Cannot get wkup_m3_ipc handle
[[0;32m  OK  [0m] Started Raise network interfaces.
[[0;32m  OK  [0m] Started Avahi mDNS/DNS-SD Stack.
[[0;32m  OK  [0m] Started Connection service.
[[0;32m  OK  [0m] Started Login Service.
         Starting Hostname Service...
         Starting WPA supplicant...
[[0;32m  OK  [0m] Reached target Sound Card.
         Starting LSB: set CPUFreq kernel parameters...
[[0;32m  OK  [0m] Started WPA supplicant.
[[0;32m  OK  [0m] Started Hostname Service.
[[0;32m  OK  [0m] Reached target Network.
         Starting The Apache HTTP Server...
         Starting Permit User Sessions...
         Starting OpenBSD Secure Shell server...
[[0;32m  OK  [0m] Reached target Network is Online.
         Starting LSB: Advanced IEEE 802.11 management daemon...
         Stopping LSB: Start busybox udhcpd at boot time...
[[0;32m  OK  [0m] Started LSB: set CPUFreq kernel parameters.
[[0;32m  OK  [0m] Started Permit User Sessions.
[[0;32m  OK  [0m] Started LSB: Advanced IEEE 802.11 management daemon.
[[0;32m  OK  [0m] Started Getty on tty1.
[[0;32m  OK  [0m] Started Serial Getty on ttyS0.
[[0;32m  OK  [0m] Reached target Login Prompts.
[[0;32m  OK  [0m] Stopped LSB: Start busybox udhcpd at boot time.
         Starting dnsmasq - A lightweight DHCP and caching DNS server...
[[0;32m  OK  [0m] Started OpenBSD Secure Shell server.
[[0;32m  OK  [0m] Started The Apache HTTP Server.
[[0;32m  OK  [0m] Started dnsmasq - A lightweight DHCP and caching DNS server.
[[0;32m  OK  [0m] Reached target Host and Network Name Lookups.
[[0;32m  OK  [0m] Started Serial Getty on ttyGS0.
[[0;32m  OK  [0m] Started Generic Board Startup.
[[0;32m  OK  [0m] Reached target Multi-User System.
[[0;32m  OK  [0m] Reached target Graphical Interface.
         Starting Update UTMP about System Runlevel Changes...
[[0;32m  OK  [0m] Started Update UTMP about System Runlevel Changes.

Debian GNU/Linux 9 arm ttyS0

default username:password is [debian:temppwd]

arm login: root
Password: 
Last login: Sat Jan  1 00:00:34 UTC 2000 on ttyS0
root
Linux arm 6.17.0-rc3-next-20250827 #1 SMP Wed Aug 27 09:13:17 EEST 2025 armv7l

The programs included with the Debian GNU/Linux system are free software;
the exact distribution terms for each program are described in the
individual files in /usr/share/doc/*/copyright.

Debian GNU/Linux comes with ABSOLUTELY NO WARRANTY, to the extent
permitted by applicable law.
root@arm:~# root
-bash: root: command not found
root@arm:~# dmesg -n 1
echo 'HFHW''BAXMOX'
root@arm:~# echo 'HFHW''BAXMOX'
HFHWBAXMOX
root@arm:~# run() { echo -n "$MARKER"; sh -c "$@"; echo "$MARKER $?"; }
root@arm:~# echo 'HFWT''OBHCOQ'
HFWTOBHCOQ
root@arm:~# MARKER='AYLT''UEPKYG' run 'cat /proc/version'
AYLTUEPKYGLinux version 6.17.0-rc3-next-20250827 (user01@drvtest01) (arm-none-eabi-gcc (Arm GNU Toolchain 14.2.Rel1 (Build arm-14.52)) 14.2.1 20241119, GNU ld (Arm GNU Toolchain 14.2.Rel1 (Build arm-14.52)) 2.43.1.20241119) #1 SMP Wed Aug 27 09:13:17 EEST 2025
AYLTUEPKYG 0
root@arm:~# echo 'SNYA''VVFTKY'
SNYAVVFTKY
root@arm:~# MARKER='OXYK''NWLCSL' run false
OXYKNWLCSLOXYKNWLCSL 1
root@arm:~# Labgrid Console Logfile for main
Logfile started at 2025-08-27 09:17:50.409573
=== Log starts here ===

root@arm:~# run() { echo -n "$MARKER"; sh -c "$@"; echo "$MARKER $?"; }
root@arm:~# echo 'APJZ''ALKPBN'
APJZALKPBN
root@arm:~# MARKER='BXJU''WFLGCO' run 'ls /iio_generic_buffer; echo $?'
BXJUWFLGCO/iio_generic_buffer
0
BXJUWFLGCO 0
root@arm:~# Labgrid Console Logfile for main
Logfile started at 2025-08-27 09:17:53.752245
=== Log starts here ===

root@arm:~# run() { echo -n "$MARKER"; sh -c "$@"; echo "$MARKER $?"; }
root@arm:~# echo 'KNNY''CHHUZW'
KNNYCHHUZW
root@arm:~# MARKER='YBEE''VUSWNS' run dmesg
YBEEVUSWNS[    0.000000] Booting Linux on physical CPU 0x0
[    0.000000] Linux version 6.17.0-rc3-next-20250827 (user01@drvtest01) (arm-none-eabi-gcc (Arm GNU Toolchain 14.2.Rel1 (Build arm-14.52)) 14.2.1 20241119, GNU ld (Arm GNU Toolchain 14.2.Rel1 (Build arm-14.52)) 2.43.1.20241119) #1 SMP Wed Aug 27 09:13:17 EEST 2025
[    0.000000] CPU: ARMv7 Processor [413fc082] revision 2 (ARMv7), cr=10c5387d
[    0.000000] CPU: PIPT / VIPT nonaliasing data cache, VIPT aliasing instruction cache
[    0.000000] OF: fdt: Machine model: TI AM335x BeagleBone Black
[    0.000000] Memory policy: Data cache writeback
[    0.000000] cma: Reserved 16 MiB at 0x9e800000
[    0.000000] Zone ranges:
[    0.000000]   Normal   [mem 0x0000000080000000-0x000000009fdfffff]
[    0.000000]   HighMem  empty
[    0.000000] Movable zone start for each node
[    0.000000] Early memory node ranges
[    0.000000]   node   0: [mem 0x0000000080000000-0x000000009fdfffff]
[    0.000000] Initmem setup node 0 [mem 0x0000000080000000-0x000000009fdfffff]
[    0.000000] On node 0, zone Normal: 512 pages in unavailable ranges
[    0.000000] OF: reserved mem: Reserved memory: No reserved-memory node in the DT
[    0.000000] CPU: All CPU(s) started in SVC mode.
[    0.000000] AM335X ES2.1 (sgx neon)
[    0.000000] percpu: Embedded 17 pages/cpu s39820 r8192 d21620 u69632
[    0.000000] pcpu-alloc: s39820 r8192 d21620 u69632 alloc=17*4096
[    0.000000] pcpu-alloc: [0] 0 
[    0.000000] Kernel command line: console=ttyO0,115200n8 root=/dev/nfs rw nfsroot=192.168.255.126:/home/user01/nfs,nfsvers=3 ip=192.168.255.1:192.168.255.126::255.255.255.0:bbb1:eth0 nfsrootdebug
[    0.000000] Unknown kernel command line parameters "nfsrootdebug", will be passed to user space.
[    0.000000] printk: log buffer data + meta data: 65536 + 204800 = 270336 bytes
[    0.000000] Dentry cache hash table entries: 65536 (order: 6, 262144 bytes, linear)
[    0.000000] Inode-cache hash table entries: 32768 (order: 5, 131072 bytes, linear)
[    0.000000] Built 1 zonelists, mobility grouping on.  Total pages: 130560
[    0.000000] mem auto-init: stack:off, heap alloc:off, heap free:off
[    0.000000] SLUB: HWalign=16, Order=0-3, MinObjects=0, CPUs=1, Nodes=1
[    0.000000] rcu: Hierarchical RCU implementation.
[    0.000000] rcu: 	RCU event tracing is enabled.
[    0.000000] rcu: 	RCU restricting CPUs from NR_CPUS=2 to nr_cpu_ids=1.
[    0.000000] 	Tracing variant of Tasks RCU enabled.
[    0.000000] rcu: RCU calculated value of scheduler-enlistment delay is 10 jiffies.
[    0.000000] rcu: Adjusting geometry for rcu_fanout_leaf=16, nr_cpu_ids=1
[    0.000000] RCU Tasks Trace: Setting shift to 0 and lim to 1 rcu_task_cb_adjust=1 rcu_task_cpu_ids=1.
[    0.000000] NR_IRQS: 16, nr_irqs: 16, preallocated irqs: 16
[    0.000000] IRQ: Found an INTC at 0x(ptrval) (revision 5.0) with 128 interrupts
[    0.000000] rcu: srcu_init: Setting srcu_struct sizes based on contention.
[    0.000000] TI gptimer clocksource: always-on /ocp/interconnect@44c00000/segment@200000/target-module@31000
[    0.000002] sched_clock: 32 bits at 24MHz, resolution 41ns, wraps every 89478484971ns
[    0.000026] clocksource: dmtimer: mask: 0xffffffff max_cycles: 0xffffffff, max_idle_ns: 79635851949 ns
[    0.000511] TI gptimer clockevent: 24000000 Hz at /ocp/interconnect@48000000/segment@0/target-module@40000
[    0.002062] Console: colour dummy device 80x30
[    0.002130] WARNING: Your 'console=ttyO0' has been replaced by 'ttyS0'
[    0.002139] This ensures that you still see kernel messages. Please
[    0.002143] update your kernel commandline.
[    0.002186] Calibrating delay loop... 996.14 BogoMIPS (lpj=4980736)
[    0.090558] CPU: Testing write buffer coherency: ok
[    0.090673] CPU0: Spectre v2: using BPIALL workaround
[    0.090683] pid_max: default: 32768 minimum: 301
[    0.090845] LSM: initializing lsm=capability
[    0.091017] Mount-cache hash table entries: 1024 (order: 0, 4096 bytes, linear)
[    0.091036] Mountpoint-cache hash table entries: 1024 (order: 0, 4096 bytes, linear)
[    0.092601] CPU0: thread -1, cpu 0, socket -1, mpidr 0
[    0.092657] cacheinfo: Unable to detect cache hierarchy for CPU 0
[    0.094667] Setting up static identity map for 0x80100000 - 0x80100078
[    0.094990] rcu: Hierarchical SRCU implementation.
[    0.095002] rcu: 	Max phase no-delay instances is 1000.
[    0.096735] smp: Bringing up secondary CPUs ...
[    0.096790] smp: Brought up 1 node, 1 CPU
[    0.096802] SMP: Total of 1 processors activated (996.14 BogoMIPS).
[    0.096814] CPU: All CPU(s) started in SVC mode.
[    0.097019] Memory: 480880K/522240K available (11264K kernel code, 1219K rwdata, 2936K rodata, 1024K init, 253K bss, 23328K reserved, 16384K cma-reserved, 0K highmem)
[    0.097837] devtmpfs: initialized
[    0.115125] VFP support v0.3: implementor 41 architecture 3 part 30 variant c rev 3
[    0.115761] clocksource: jiffies: mask: 0xffffffff max_cycles: 0xffffffff, max_idle_ns: 19112604462750000 ns
[    0.115822] posixtimers hash table entries: 512 (order: 0, 4096 bytes, linear)
[    0.115849] futex hash table entries: 256 (16384 bytes on 1 NUMA nodes, total 16 KiB, linear).
[    0.116994] pinctrl core: initialized pinctrl subsystem
[    0.119137] NET: Registered PF_NETLINK/PF_ROUTE protocol family
[    0.122307] DMA: preallocated 256 KiB pool for atomic coherent allocations
[    0.122922] audit: initializing netlink subsys (disabled)
[    0.124258] thermal_sys: Registered thermal governor 'fair_share'
[    0.124273] thermal_sys: Registered thermal governor 'step_wise'
[    0.124282] thermal_sys: Registered thermal governor 'user_space'
[    0.124394] audit: type=2000 audit(0.120:1): state=initialized audit_enabled=0 res=1
[    0.124467] cpuidle: using governor menu
[    0.142364] /ocp/interconnect@44c00000/segment@200000/target-module@b000/i2c@0/tda19988@70: Fixed dependency cycle(s) with /ocp/interconnect@48000000/segment@300000/target-module@e000/lcdc@0
[    0.143490] /ocp/interconnect@48000000/segment@300000/target-module@e000/lcdc@0: Fixed dependency cycle(s) with /ocp/interconnect@44c00000/segment@200000/target-module@b000/i2c@0/tda19988@70
[    0.145696] No ATAGs?
[    0.145736] hw-breakpoint: debug architecture 0x4 unsupported.
[    0.148800] kprobes: kprobe jump-optimization is enabled. All kprobes are optimized if possible.
[    0.153843] iommu: Default domain type: Translated
[    0.153867] iommu: DMA domain TLB invalidation policy: strict mode
[    0.155420] reg-fixed-voltage fixedregulator0: using DT '/fixedregulator0' for '(default)' GPIO lookup
[    0.155476] of_get_named_gpiod_flags: can't parse 'gpios' property of node '/fixedregulator0[0]'
[    0.155504] of_get_named_gpiod_flags: can't parse 'gpio' property of node '/fixedregulator0[0]'
[    0.155521] reg-fixed-voltage fixedregulator0: using lookup tables for GPIO lookup
[    0.155532] reg-fixed-voltage fixedregulator0: No GPIO consumer (default) found
[    0.161736] SCSI subsystem initialized
[    0.162206] libata version 3.00 loaded.
[    0.162591] pps_core: LinuxPPS API ver. 1 registered
[    0.162603] pps_core: Software ver. 5.3.6 - Copyright 2005-2007 Rodolfo Giometti <giometti@linux.it>
[    0.162628] PTP clock support registered
[    0.171187] vgaarb: loaded
[    0.171561] clocksource: Switched to clocksource dmtimer
[    0.172237] VFS: Disk quotas dquot_6.6.0
[    0.172293] VFS: Dquot-cache hash table entries: 1024 (order 0, 4096 bytes)
[    0.197154] NET: Registered PF_INET protocol family
[    0.197503] IP idents hash table entries: 8192 (order: 4, 65536 bytes, linear)
[    0.198935] tcp_listen_portaddr_hash hash table entries: 512 (order: 0, 4096 bytes, linear)
[    0.198975] Table-perturb hash table entries: 65536 (order: 6, 262144 bytes, linear)
[    0.198993] TCP established hash table entries: 4096 (order: 2, 16384 bytes, linear)
[    0.199038] TCP bind hash table entries: 4096 (order: 4, 65536 bytes, linear)
[    0.199138] TCP: Hash tables configured (established 4096 bind 4096)
[    0.199261] UDP hash table entries: 256 (order: 1, 14336 bytes, linear)
[    0.199298] UDP-Lite hash table entries: 256 (order: 1, 14336 bytes, linear)
[    0.199495] NET: Registered PF_UNIX/PF_LOCAL protocol family
[    0.212200] RPC: Registered named UNIX socket transport module.
[    0.212223] RPC: Registered udp transport module.
[    0.212228] RPC: Registered tcp transport module.
[    0.212233] RPC: Registered tcp-with-tls transport module.
[    0.212238] RPC: Registered tcp NFSv4.1 backchannel transport module.
[    0.212263] PCI: CLS 0 bytes, default 64
[    0.213684] Initialise system trusted keyrings
[    0.214461] workingset: timestamp_bits=14 max_order=17 bucket_order=3
[    0.216182] NFS: Registering the id_resolver key type
[    0.216273] Key type id_resolver registered
[    0.216281] Key type id_legacy registered
[    0.216393] jffs2: version 2.2. (NAND) (SUMMARY)  Â© 2001-2006 Red Hat, Inc.
[    0.216859] Key type asymmetric registered
[    0.216876] Asymmetric key parser 'x509' registered
[    0.216945] io scheduler mq-deadline registered
[    0.216956] io scheduler kyber registered
[    0.217035] io scheduler bfq registered
[    0.218916] target-module@4b000000:target-module@140000:pmu@0:fck: device ID is greater than 24
[    0.225079] l3-aon-clkctrl:0000:0: failed to disable
[    0.231639] ledtrig-cpu: registered to indicate activity on CPUs
[    0.235393] Serial: 8250/16550 driver, 6 ports, IRQ sharing enabled
[    0.275400] brd: module loaded
[    0.292836] loop: module loaded
[    0.293790] mtdoops: mtd device (mtddev=name/number) must be supplied
[    0.302713] mdio_bus fixed-0: using lookup tables for GPIO lookup
[    0.302742] mdio_bus fixed-0: No GPIO consumer reset found
[    0.304180] i2c_dev: i2c /dev entries driver
[    0.305200] cpuidle: enable-method property 'ti,am3352' found operations
[    0.305661] sdhci: Secure Digital Host Controller Interface driver
[    0.305669] sdhci: Copyright(c) Pierre Ossman
[    0.305859] sdhci-pltfm: SDHCI platform and OF driver helper
[    0.307428] hw perfevents: enabled with armv7_cortex_a8 PMU driver, 5 (8000000f) counters available
[    0.307952] Initializing XFRM netlink socket
[    0.308125] NET: Registered PF_INET6 protocol family
[    0.313788] l3-aon-clkctrl:0000:0: failed to disable
[    0.327256] Segment Routing with IPv6
[    0.327345] In-situ OAM (IOAM) with IPv6
[    0.327445] sit: IPv6, IPv4 and MPLS over IPv4 tunneling driver
[    0.328418] NET: Registered PF_PACKET protocol family
[    0.328447] NET: Registered PF_KEY protocol family
[    0.328571] Key type dns_resolver registered
[    0.328800] ThumbEE CPU extension supported.
[    0.328821] Registering SWP/SWPB emulation handler
[    0.329344] omap_voltage_late_init: Voltage driver support not added
[    0.330028] SmartReflex Class3 initialized
[    0.363368] Loading compiled-in X.509 certificates
[    0.393968] /ocp/interconnect@44c00000/segment@200000/target-module@b000/i2c@0/tda19988@70: Fixed dependency cycle(s) with /ocp/interconnect@48000000/segment@300000/target-module@e000/lcdc@0
[    0.400406] /ocp/interconnect@44c00000/segment@200000/target-module@b000/i2c@0/tda19988@70: Fixed dependency cycle(s) with /ocp/interconnect@48000000/segment@300000/target-module@e000/lcdc@0
[    0.406154] gpiochip_find_base_unlocked: found new base at 512
[    0.433423] /ocp/interconnect@44c00000/segment@200000/target-module@b000/i2c@0/tda19988@70: Fixed dependency cycle(s) with /ocp/interconnect@48000000/segment@300000/target-module@e000/lcdc@0
[    0.434307] /ocp/interconnect@44c00000/segment@200000/target-module@b000/i2c@0/tda19988@70: Fixed dependency cycle(s) with /ocp/interconnect@48000000/segment@300000/target-module@e000/lcdc@0
[    0.437801] /ocp/interconnect@44c00000/segment@200000/target-module@10000/scm@0/pinmux@800: Fixed dependency cycle(s) with /ocp/interconnect@44c00000/segment@200000/target-module@10000/scm@0/pinmux@800/clkout2-pins
[    0.438397] pinctrl-single 44e10800.pinmux: 142 pins, size 568
[    0.443968] ti-sysc 44e31000.target-module: probe with driver ti-sysc failed with error -16
[    0.480186] /ocp/interconnect@48000000/segment@300000/target-module@e000/lcdc@0: Fixed dependency cycle(s) with /ocp/interconnect@44c00000/segment@200000/target-module@b000/i2c@0/tda19988@70
[    0.488479] ti-sysc 48040000.target-module: probe with driver ti-sysc failed with error -16
[    0.500007] gpiochip_find_base_unlocked: found new base at 512
[    0.500120] gpio gpiochip0: (gpio-0-31): created GPIO range 0->7 ==> 44e10800.pinmux PIN 0->7
[    0.500141] gpio gpiochip0: (gpio-0-31): created GPIO range 8->11 ==> 44e10800.pinmux PIN 90->93
[    0.500158] gpio gpiochip0: (gpio-0-31): created GPIO range 12->27 ==> 44e10800.pinmux PIN 12->27
[    0.500174] gpio gpiochip0: (gpio-0-31): created GPIO range 28->31 ==> 44e10800.pinmux PIN 30->33
[    0.524686] gpio gpiochip0: (gpio-0-31): added GPIO chardev (254:0)
[    0.524910] gpio gpiochip0: registered GPIOs 512 to 543 on gpio-0-31
[    0.524997] OMAP GPIO hardware version 0.1
[    0.589179] i2c i2c-2: using DT '/ocp/interconnect@48000000/segment@100000/target-module@9c000/i2c@0' for 'scl' GPIO lookup
[    0.589255] of_get_named_gpiod_flags: can't parse 'scl-gpios' property of node '/ocp/interconnect@48000000/segment@100000/target-module@9c000/i2c@0[0]'
[    0.589297] of_get_named_gpiod_flags: can't parse 'scl-gpio' property of node '/ocp/interconnect@48000000/segment@100000/target-module@9c000/i2c@0[0]'
[    0.589333] i2c i2c-2: using lookup tables for GPIO lookup
[    0.589343] i2c i2c-2: No GPIO consumer scl found
[    0.589363] i2c i2c-2: using DT '/ocp/interconnect@48000000/segment@100000/target-module@9c000/i2c@0' for 'sda' GPIO lookup
[    0.589398] of_get_named_gpiod_flags: can't parse 'sda-gpios' property of node '/ocp/interconnect@48000000/segment@100000/target-module@9c000/i2c@0[0]'
[    0.589434] of_get_named_gpiod_flags: can't parse 'sda-gpio' property of node '/ocp/interconnect@48000000/segment@100000/target-module@9c000/i2c@0[0]'
[    0.589465] i2c i2c-2: using lookup tables for GPIO lookup
[    0.589473] i2c i2c-2: No GPIO consumer sda found
[    0.590209] omap_i2c 4819c000.i2c: bus 2 rev0.11 at 100 kHz
[    0.596043] gpiochip_find_base_unlocked: found new base at 544
[    0.596162] gpio gpiochip1: (gpio-32-63): created GPIO range 0->17 ==> 44e10800.pinmux PIN 34->51
[    0.596184] gpio gpiochip1: (gpio-32-63): created GPIO range 18->21 ==> 44e10800.pinmux PIN 77->80
[    0.596200] gpio gpiochip1: (gpio-32-63): created GPIO range 22->31 ==> 44e10800.pinmux PIN 56->65
[    0.597038] gpio gpiochip1: (gpio-32-63): added GPIO chardev (254:1)
[    0.597267] gpio gpiochip1: registered GPIOs 544 to 575 on gpio-32-63
[    0.599515] gpiochip_find_base_unlocked: found new base at 576
[    0.599612] gpio gpiochip2: (gpio-64-95): created GPIO range 0->4 ==> 44e10800.pinmux PIN 66->70
[    0.599633] gpio gpiochip2: (gpio-64-95): created GPIO range 5->6 ==> 44e10800.pinmux PIN 98->99
[    0.599659] gpio gpiochip2: (gpio-64-95): created GPIO range 7->8 ==> 44e10800.pinmux PIN 75->76
[    0.599675] gpio gpiochip2: (gpio-64-95): created GPIO range 13->13 ==> 44e10800.pinmux PIN 141->141
[    0.599690] gpio gpiochip2: (gpio-64-95): created GPIO range 14->21 ==> 44e10800.pinmux PIN 100->107
[    0.600322] gpio gpiochip2: (gpio-64-95): added GPIO chardev (254:2)
[    0.600525] gpio gpiochip2: registered GPIOs 576 to 607 on gpio-64-95
[    0.606393] 48000000.interconnect:segment@200000:target-module@0:mpu@0:fck: device ID is greater than 24
[    0.607291] /ocp/interconnect@48000000/segment@300000/target-module@e000/lcdc@0: Fixed dependency cycle(s) with /ocp/interconnect@44c00000/segment@200000/target-module@b000/i2c@0/tda19988@70
[    0.610135] /ocp/interconnect@48000000/segment@300000/target-module@e000/lcdc@0: Fixed dependency cycle(s) with /ocp/interconnect@44c00000/segment@200000/target-module@b000/i2c@0/tda19988@70
[    0.610838] /ocp/interconnect@44c00000/segment@200000/target-module@b000/i2c@0/tda19988@70: Fixed dependency cycle(s) with /ocp/interconnect@48000000/segment@300000/target-module@e000/lcdc@0
[    0.611000] /ocp/interconnect@48000000/segment@300000/target-module@e000/lcdc@0: Fixed dependency cycle(s) with /ocp/interconnect@44c00000/segment@200000/target-module@b000/i2c@0/tda19988@70
[    0.620763] mdio_bus 4a101000.mdio: using DT '/ocp/interconnect@4a000000/segment@0/target-module@100000/switch@0/mdio@1000' for 'reset' GPIO lookup
[    0.620833] of_get_named_gpiod_flags: can't parse 'reset-gpios' property of node '/ocp/interconnect@4a000000/segment@0/target-module@100000/switch@0/mdio@1000[0]'
[    0.620879] of_get_named_gpiod_flags: can't parse 'reset-gpio' property of node '/ocp/interconnect@4a000000/segment@0/target-module@100000/switch@0/mdio@1000[0]'
[    0.620925] mdio_bus 4a101000.mdio: using lookup tables for GPIO lookup
[    0.620935] mdio_bus 4a101000.mdio: No GPIO consumer reset found
[    0.622017] sdhci-omap 481d8000.mmc: using DT '/ocp/interconnect@48000000/segment@100000/target-module@d8000/mmc@0' for 'wp' GPIO lookup
[    0.622078] of_get_named_gpiod_flags: can't parse 'wp-gpios' property of node '/ocp/interconnect@48000000/segment@100000/target-module@d8000/mmc@0[0]'
[    0.622118] of_get_named_gpiod_flags: can't parse 'wp-gpio' property of node '/ocp/interconnect@48000000/segment@100000/target-module@d8000/mmc@0[0]'
[    0.622151] sdhci-omap 481d8000.mmc: using lookup tables for GPIO lookup
[    0.622161] sdhci-omap 481d8000.mmc: No GPIO consumer wp found
[    0.622355] sdhci-omap 481d8000.mmc: supply pbias not found, using dummy regulator
[    0.634831] sdhci-omap 481d8000.mmc: supply vqmmc not found, using dummy regulator
[    0.673317] davinci_mdio 4a101000.mdio: davinci mdio revision 1.6, bus freq 1000000
[    0.691183] mdio_bus 4a101000.mdio:00: using DT '/ocp/interconnect@4a000000/segment@0/target-module@100000/switch@0/mdio@1000/ethernet-phy@0' for 'reset' GPIO lookup
[    0.691284] of_get_named_gpiod_flags: parsed 'reset-gpios' property of node '/ocp/interconnect@4a000000/segment@0/target-module@100000/switch@0/mdio@1000/ethernet-phy@0[0]' - status (0)
[    0.691443] gpio gpiochip0: Persistence not supported for GPIO 8
[    0.837973] davinci_mdio 4a101000.mdio: phy[0]: device 4a101000.mdio:00, driver SMSC LAN8710/LAN8720
[    0.838747] cpsw-switch 4a100000.switch: initialized cpsw ale version 1.4
[    0.838769] cpsw-switch 4a100000.switch: ALE Table size 1024, Policers 0
[    0.839029] cpsw-switch 4a100000.switch: cpts: overflow check period 500 (jiffies)
[    0.839049] cpsw-switch 4a100000.switch: CPTS: ref_clk_freq:250000000 calc_mult:2147483648 calc_shift:29 error:0 nsec/sec
[    0.839154] cpsw-switch 4a100000.switch: Detected MACID = 6c:ec:eb:68:de:78
[    0.841049] cpsw-switch 4a100000.switch: initialized (regs 0x4a100000, pool size 256) hw_ver:0019010C 1.12 (0)
[    0.852344] debugfs: '49000000.dma' already exists in 'dmaengine'
[    0.852388] edma 49000000.dma: TI EDMA DMA engine driver
[    0.893313] gpio-clk clk_mcasp0: using DT '/clk_mcasp0' for 'enable' GPIO lookup
[    0.893392] of_get_named_gpiod_flags: parsed 'enable-gpios' property of node '/clk_mcasp0[0]' - status (0)
[    0.893440] gpio gpiochip0: Persistence not supported for GPIO 27
[    0.894300] gpiochip_find_base_unlocked: found new base at 608
[    0.894417] gpio gpiochip3: (gpio-96-127): created GPIO range 0->7 ==> 44e10800.pinmux PIN 82->89
[    0.894438] gpio gpiochip3: (gpio-96-127): created GPIO range 8->11 ==> 44e10800.pinmux PIN 52->55
[    0.894462] gpio gpiochip3: (gpio-96-127): created GPIO range 12->15 ==> 44e10800.pinmux PIN 94->97
[    0.894479] gpio gpiochip3: (gpio-96-127): created GPIO range 16->17 ==> 44e10800.pinmux PIN 71->72
[    0.894494] gpio gpiochip3: (gpio-96-127): created GPIO range 18->18 ==> 44e10800.pinmux PIN 135->135
[    0.894510] gpio gpiochip3: (gpio-96-127): created GPIO range 19->20 ==> 44e10800.pinmux PIN 108->109
[    0.894526] gpio gpiochip3: (gpio-96-127): created GPIO range 21->21 ==> 44e10800.pinmux PIN 73->73
[    0.894543] gpio gpiochip3: (gpio-96-127): created GPIO range 22->23 ==> 44e10800.pinmux PIN 8->9
[    0.894559] gpio gpiochip3: (gpio-96-127): created GPIO range 26->27 ==> 44e10800.pinmux PIN 10->11
[    0.894576] gpio gpiochip3: (gpio-96-127): created GPIO range 28->28 ==> 44e10800.pinmux PIN 74->74
[    0.894593] gpio gpiochip3: (gpio-96-127): created GPIO range 29->29 ==> 44e10800.pinmux PIN 81->81
[    0.894611] gpio gpiochip3: (gpio-96-127): created GPIO range 30->31 ==> 44e10800.pinmux PIN 28->29
[    0.920172] gpio gpiochip3: (gpio-96-127): added GPIO chardev (254:3)
[    0.920424] gpio gpiochip3: registered GPIOs 608 to 639 on gpio-96-127
[    0.922465] omap8250 44e09000.serial: using DT '/ocp/interconnect@44c00000/segment@200000/target-module@9000/serial@0' for 'rs485-term' GPIO lookup
[    0.922539] of_get_named_gpiod_flags: can't parse 'rs485-term-gpios' property of node '/ocp/interconnect@44c00000/segment@200000/target-module@9000/serial@0[0]'
[    0.922582] of_get_named_gpiod_flags: can't parse 'rs485-term-gpio' property of node '/ocp/interconnect@44c00000/segment@200000/target-module@9000/serial@0[0]'
[    0.922618] omap8250 44e09000.serial: using lookup tables for GPIO lookup
[    0.922628] omap8250 44e09000.serial: No GPIO consumer rs485-term found
[    0.922639] omap8250 44e09000.serial: using DT '/ocp/interconnect@44c00000/segment@200000/target-module@9000/serial@0' for 'rs485-rx-during-tx' GPIO lookup
[    0.922674] of_get_named_gpiod_flags: can't parse 'rs485-rx-during-tx-gpios' property of node '/ocp/interconnect@44c00000/segment@200000/target-module@9000/serial@0[0]'
[    0.922710] of_get_named_gpiod_flags: can't parse 'rs485-rx-during-tx-gpio' property of node '/ocp/interconnect@44c00000/segment@200000/target-module@9000/serial@0[0]'
[    0.922741] omap8250 44e09000.serial: using lookup tables for GPIO lookup
[    0.922749] omap8250 44e09000.serial: No GPIO consumer rs485-rx-during-tx found
[    0.923215] 44e09000.serial: ttyS0 at MMIO 0x44e09000 (irq = 34, base_baud = 3000000) is a 8250
[    0.923303] printk: legacy console [ttyS0] enabled
[    2.425198] i2c i2c-0: using DT '/ocp/interconnect@44c00000/segment@200000/target-module@b000/i2c@0' for 'scl' GPIO lookup
[    2.425288] of_get_named_gpiod_flags: can't parse 'scl-gpios' property of node '/ocp/interconnect@44c00000/segment@200000/target-module@b000/i2c@0[0]'
[    2.425334] of_get_named_gpiod_flags: can't parse 'scl-gpio' property of node '/ocp/interconnect@44c00000/segment@200000/target-module@b000/i2c@0[0]'
[    2.425374] i2c i2c-0: using lookup tables for GPIO lookup
[    2.425388] i2c i2c-0: No GPIO consumer scl found
[    2.425413] i2c i2c-0: using DT '/ocp/interconnect@44c00000/segment@200000/target-module@b000/i2c@0' for 'sda' GPIO lookup
[    2.425453] of_get_named_gpiod_flags: can't parse 'sda-gpios' property of node '/ocp/interconnect@44c00000/segment@200000/target-module@b000/i2c@0[0]'
[    2.425493] of_get_named_gpiod_flags: can't parse 'sda-gpio' property of node '/ocp/interconnect@44c00000/segment@200000/target-module@b000/i2c@0[0]'
[    2.425529] i2c i2c-0: using lookup tables for GPIO lookup
[    2.425540] i2c i2c-0: No GPIO consumer sda found
[    2.442490] tps65217-pmic: Failed to locate of_node [id: -1]
[    2.448561] tps65217-bl: Failed to locate of_node [id: -1]
[    2.454642] platform tps65217-charger: DMA mask not set
[    2.460687] platform tps65217-pwrbutton: DMA mask not set
[    2.467991] tps65217 0-0024: TPS65217 ID 0xe version 1.2
[    2.474128] /ocp/interconnect@48000000/segment@300000/target-module@e000/lcdc@0: Fixed dependency cycle(s) with /ocp/interconnect@44c00000/segment@200000/target-module@b000/i2c@0/tda19988@70
[    2.491510] /ocp/interconnect@44c00000/segment@200000/target-module@b000/i2c@0/tda19988@70: Fixed dependency cycle(s) with /ocp/interconnect@48000000/segment@300000/target-module@e000/lcdc@0
[    2.508887] omap_i2c 44e0b000.i2c: bus 0 rev0.11 at 400 kHz
[    2.516588] sdhci-omap 48060000.mmc: using DT '/ocp/interconnect@48000000/segment@0/target-module@60000/mmc@0' for 'cd' GPIO lookup
[    2.516707] of_get_named_gpiod_flags: parsed 'cd-gpios' property of node '/ocp/interconnect@48000000/segment@0/target-module@60000/mmc@0[0]' - status (0)
[    2.516778] gpio gpiochip3: Persistence not supported for GPIO 6
[    2.516804] omap_gpio 44e07000.gpio: Could not set line 6 debounce to 200000 microseconds (-22)
[    2.525722] sdhci-omap 48060000.mmc: Got CD GPIO
[    2.530377] sdhci-omap 48060000.mmc: using DT '/ocp/interconnect@48000000/segment@0/target-module@60000/mmc@0' for 'wp' GPIO lookup
[    2.530425] of_get_named_gpiod_flags: can't parse 'wp-gpios' property of node '/ocp/interconnect@48000000/segment@0/target-module@60000/mmc@0[0]'
[    2.530468] of_get_named_gpiod_flags: can't parse 'wp-gpio' property of node '/ocp/interconnect@48000000/segment@0/target-module@60000/mmc@0[0]'
[    2.530506] sdhci-omap 48060000.mmc: using lookup tables for GPIO lookup
[    2.530521] sdhci-omap 48060000.mmc: No GPIO consumer wp found
[    2.530732] sdhci-omap 48060000.mmc: supply pbias not found, using dummy regulator
[    2.539547] sdhci-omap 481d8000.mmc: using DT '/ocp/interconnect@48000000/segment@100000/target-module@d8000/mmc@0' for 'wp' GPIO lookup
[    2.539622] of_get_named_gpiod_flags: can't parse 'wp-gpios' property of node '/ocp/interconnect@48000000/segment@100000/target-module@d8000/mmc@0[0]'
[    2.539668] of_get_named_gpiod_flags: can't parse 'wp-gpio' property of node '/ocp/interconnect@48000000/segment@100000/target-module@d8000/mmc@0[0]'
[    2.539707] sdhci-omap 481d8000.mmc: using lookup tables for GPIO lookup
[    2.539720] sdhci-omap 481d8000.mmc: No GPIO consumer wp found
[    2.540726] sdhci-omap 48060000.mmc: supply vqmmc not found, using dummy regulator
[    2.549888] sdhci-omap 481d8000.mmc: supply pbias not found, using dummy regulator
[    2.560166] sdhci-omap 481d8000.mmc: supply vqmmc not found, using dummy regulator
[    2.595286] mmc0: SDHCI controller on 48060000.mmc [48060000.mmc] using External DMA
[    2.603597] mmc1: SDHCI controller on 481d8000.mmc [481d8000.mmc] using External DMA
[    2.612436] cpsw-switch 4a100000.switch: starting ndev. mode: dual_mac
[    2.681852] mmc1: new high speed MMC card at address 0001
[    2.688653] mmcblk1: mmc1:0001 MMC04G 3.60 GiB
[    2.696566]  mmcblk1: p1 p2
[    2.700333] SMSC LAN8710/LAN8720 4a101000.mdio:00: attached PHY driver (mii_bus:phy_addr=4a101000.mdio:00, irq=POLL)
[    2.711905] mmcblk1boot0: mmc1:0001 MMC04G 2.00 MiB
[    2.726231] mmcblk1boot1: mmc1:0001 MMC04G 2.00 MiB
[    2.735244] mmcblk1rpmb: mmc1:0001 MMC04G 128 KiB, chardev (249:0)
[    2.784634] mmc0: new high speed SDHC card at address aaaa
[    2.791457] mmcblk0: mmc0:aaaa SE32G 29.7 GiB
[    2.800746]  mmcblk0: p1 p2
[    5.842336] cpsw-switch 4a100000.switch eth0: Link is Up - 100Mbps/Full - flow control off
[    5.881801] IP-Config: Complete:
[    5.885079]      device=eth0, hwaddr=6c:ec:eb:68:de:78, ipaddr=192.168.255.1, mask=255.255.255.0, gw=255.255.255.255
[    5.895755]      host=bbb1, domain=, nis-domain=(none)
[    5.900925]      bootserver=192.168.255.126, rootserver=192.168.255.126, rootpath=
[    5.901353] clk: Disabling unused clocks
[    5.913244] KTAP version 1
[    5.915976] 1..0
[    5.918408] check access for rdinit=/init failed: -2, ignoring
[    5.955805] VFS: Mounted root (nfs filesystem) on device 0:17.
[    5.963285] devtmpfs: mounted
[    5.967793] Freeing unused kernel image (initmem) memory: 1024K
[    5.974589] Run /sbin/init as init process
[    5.978720]   with arguments:
[    5.978733]     /sbin/init
[    5.978742]     nfsrootdebug
[    5.978751]   with environment:
[    5.978759]     HOME=/
[    5.978768]     TERM=linux
[    6.660630] systemd[1]: System time before build time, advancing clock.
[    8.181579] random: crng init done
[    8.197921] systemd[1]: systemd 232 running in system mode. (+PAM +AUDIT +SELINUX +IMA +APPARMOR +SMACK +SYSVINIT +UTMP +LIBCRYPTSETUP +GCRYPT +GNUTLS +ACL +XZ +LZ4 +SECCOMP +BLKID +ELFUTILS +KMOD +IDN)
[    8.216935] systemd[1]: Detected architecture arm.
[    8.245232] systemd[1]: Set hostname to <arm>.
[    9.374966] systemd[1]: Created slice System Slice.
[    9.393102] systemd[1]: Created slice system-serial\x2dgetty.slice.
[    9.425010] systemd[1]: Listening on Journal Audit Socket.
[    9.453412] systemd[1]: systemd-journald-dev-log.socket: SO_PASSSEC failed: Operation not supported
[    9.463044] systemd[1]: Listening on Journal Socket (/dev/log).
[    9.502536] systemd[1]: Mounting POSIX Message Queue File System...
[    9.532066] systemd[1]: Reached target Remote File Systems.
[   11.434915] systemd-journald[82]: Received request to flush runtime journal from PID 1
[   12.654007] omap_prm 44e00d00.prm: sync_state() pending due to 44d00000.cpu
[   14.508857] leds-gpio leds: using DT '/leds/led2' for '(default)' GPIO lookup
[   14.508957] of_get_named_gpiod_flags: parsed 'gpios' property of node '/leds/led2[0]' - status (0)
[   14.509015] gpio gpiochip0: Persistence not supported for GPIO 21
[   14.509031] gpio-533 (?): no flags found for GPIO (default)
[   14.597399] leds-gpio leds: using DT '/leds/led3' for '(default)' GPIO lookup
[   14.597636] of_get_named_gpiod_flags: parsed 'gpios' property of node '/leds/led3[0]' - status (0)
[   14.597755] gpio gpiochip0: Persistence not supported for GPIO 22
[   14.597772] gpio-534 (?): no flags found for GPIO (default)
[   14.623946] leds-gpio leds: using DT '/leds/led4' for '(default)' GPIO lookup
[   14.624045] of_get_named_gpiod_flags: parsed 'gpios' property of node '/leds/led4[0]' - status (0)
[   14.624097] gpio gpiochip0: Persistence not supported for GPIO 23
[   14.624113] gpio-535 (?): no flags found for GPIO (default)
[   14.650936] leds-gpio leds: using DT '/leds/led5' for '(default)' GPIO lookup
[   14.651031] of_get_named_gpiod_flags: parsed 'gpios' property of node '/leds/led5[0]' - status (0)
[   14.651082] gpio gpiochip0: Persistence not supported for GPIO 24
[   14.651098] gpio-536 (?): no flags found for GPIO (default)
[   15.181013] remoteproc remoteproc0: wkup_m3 is available
[   15.194199] omap_rtc 44e3e000.rtc: registered as rtc0
[   15.199383] omap_rtc 44e3e000.rtc: setting system clock to 2000-01-01T00:00:00 UTC (946684800)
[   15.208230] omap_rtc 44e3e000.rtc: using DT '/ocp/interconnect@44c00000/segment@200000/target-module@3e000/rtc@0' for 'wp' GPIO lookup
[   15.208304] of_get_named_gpiod_flags: can't parse 'wp-gpios' property of node '/ocp/interconnect@44c00000/segment@200000/target-module@3e000/rtc@0[0]'
[   15.208355] of_get_named_gpiod_flags: can't parse 'wp-gpio' property of node '/ocp/interconnect@44c00000/segment@200000/target-module@3e000/rtc@0[0]'
[   15.208395] omap_rtc 44e3e000.rtc: using lookup tables for GPIO lookup
[   15.208410] omap_rtc 44e3e000.rtc: No GPIO consumer wp found
[   15.309464] omap_wdt: OMAP Watchdog Timer Rev 0x01: initial timeout 60 sec
[   15.944531] at24 2-0054: supply vcc not found, using dummy regulator
[   16.042381] at24 2-0055: supply vcc not found, using dummy regulator
[   16.114639] input: tps65217_pwrbutton as /devices/platform/ocp/44c00000.interconnect/44c00000.interconnect:segment@200000/44e0b000.target-module/44e0b000.i2c/i2c-0/0-0024/tps65217-pwrbutton/input/input0
[   16.177683] at24 2-0056: supply vcc not found, using dummy regulator
[   16.273435] at24 2-0057: supply vcc not found, using dummy regulator
[   16.414465] at24 0-0050: using DT '/ocp/interconnect@44c00000/segment@200000/target-module@b000/i2c@0/eeprom@50' for 'wp' GPIO lookup
[   16.414634] of_get_named_gpiod_flags: can't parse 'wp-gpios' property of node '/ocp/interconnect@44c00000/segment@200000/target-module@b000/i2c@0/eeprom@50[0]'
[   16.414748] of_get_named_gpiod_flags: can't parse 'wp-gpio' property of node '/ocp/interconnect@44c00000/segment@200000/target-module@b000/i2c@0/eeprom@50[0]'
[   16.414844] at24 0-0050: using lookup tables for GPIO lookup
[   16.414861] at24 0-0050: No GPIO consumer wp found
[   16.415444] at24 0-0050: 32768 byte 24c256 EEPROM, writable, 1 bytes/write
[   16.795806] am335x-phy-driver 47401300.usb-phy: using DT '/ocp/target-module@47400000/usb-phy@1300' for 'reset' GPIO lookup
[   16.795908] of_get_named_gpiod_flags: can't parse 'reset-gpios' property of node '/ocp/target-module@47400000/usb-phy@1300[0]'
[   16.795955] of_get_named_gpiod_flags: can't parse 'reset-gpio' property of node '/ocp/target-module@47400000/usb-phy@1300[0]'
[   16.795993] am335x-phy-driver 47401300.usb-phy: using lookup tables for GPIO lookup
[   16.796008] am335x-phy-driver 47401300.usb-phy: No GPIO consumer reset found
[   16.796022] am335x-phy-driver 47401300.usb-phy: using DT '/ocp/target-module@47400000/usb-phy@1300' for 'vbus-detect' GPIO lookup
[   16.796054] of_get_named_gpiod_flags: can't parse 'vbus-detect-gpios' property of node '/ocp/target-module@47400000/usb-phy@1300[0]'
[   16.796088] of_get_named_gpiod_flags: can't parse 'vbus-detect-gpio' property of node '/ocp/target-module@47400000/usb-phy@1300[0]'
[   16.796115] am335x-phy-driver 47401300.usb-phy: using lookup tables for GPIO lookup
[   16.796127] am335x-phy-driver 47401300.usb-phy: No GPIO consumer vbus-detect found
[   16.796276] am335x-phy-driver 47401300.usb-phy: dummy supplies not allowed for exclusive requests (id=vbus)
[   16.914404] am335x-phy-driver 47401b00.usb-phy: using DT '/ocp/target-module@47400000/usb-phy@1b00' for 'reset' GPIO lookup
[   16.914499] of_get_named_gpiod_flags: can't parse 'reset-gpios' property of node '/ocp/target-module@47400000/usb-phy@1b00[0]'
[   16.914543] of_get_named_gpiod_flags: can't parse 'reset-gpio' property of node '/ocp/target-module@47400000/usb-phy@1b00[0]'
[   16.914580] am335x-phy-driver 47401b00.usb-phy: using lookup tables for GPIO lookup
[   16.914595] am335x-phy-driver 47401b00.usb-phy: No GPIO consumer reset found
[   16.914610] am335x-phy-driver 47401b00.usb-phy: using DT '/ocp/target-module@47400000/usb-phy@1b00' for 'vbus-detect' GPIO lookup
[   16.914641] of_get_named_gpiod_flags: can't parse 'vbus-detect-gpios' property of node '/ocp/target-module@47400000/usb-phy@1b00[0]'
[   16.914672] of_get_named_gpiod_flags: can't parse 'vbus-detect-gpio' property of node '/ocp/target-module@47400000/usb-phy@1b00[0]'
[   16.914699] am335x-phy-driver 47401b00.usb-phy: using lookup tables for GPIO lookup
[   16.914712] am335x-phy-driver 47401b00.usb-phy: No GPIO consumer vbus-detect found
[   16.914861] am335x-phy-driver 47401b00.usb-phy: dummy supplies not allowed for exclusive requests (id=vbus)
[   17.224528] usbcore: registered new interface driver usbfs
[   17.230168] usbcore: registered new interface driver hub
[   17.235846] usbcore: registered new device driver usb
[   18.074280] omap-mailbox 480c8000.mailbox: omap mailbox rev 0x400
[   18.142727] remoteproc remoteproc0: powering up wkup_m3
[   18.163635] musb-hdrc musb-hdrc.1: MUSB HDRC host driver
[   18.169056] musb-hdrc musb-hdrc.1: new USB bus registered, assigned bus number 1
[   18.345084] remoteproc remoteproc0: Direct firmware load for am335x-pm-firmware.elf failed with error -2
[   18.356152] remoteproc remoteproc0: request_firmware failed: -2
[   18.362280] wkup_m3_ipc 44e11324.wkup_m3_ipc: rproc_boot failed
[   18.394630] usb usb1: New USB device found, idVendor=1d6b, idProduct=0002, bcdDevice= 6.17
[   18.403122] usb usb1: New USB device strings: Mfr=3, Product=2, SerialNumber=1
[   18.410391] usb usb1: Product: MUSB HDRC host driver
[   18.415457] usb usb1: Manufacturer: Linux 6.17.0-rc3-next-20250827 musb-hcd
[   18.422489] usb usb1: SerialNumber: musb-hdrc.1
[   18.787685] tda998x 0-0070: found TDA19988
[   18.836343] hub 1-0:1.0: USB hub found
[   18.909314] hub 1-0:1.0: 1 port detected
[   20.978538] omap_rng 48310000.rng: Random Number Generator ver. 20
[   21.054904] tilcdc 4830e000.lcdc: bound 0-0070 (ops tda998x_audio_codec_init [tda998x])
[   21.193732] [drm] Initialized tilcdc 1.0.0 for 4830e000.lcdc on minor 0
[   21.260449] tilcdc 4830e000.lcdc: [drm] Cannot find any crtc or sizes
[   21.268601] tilcdc 4830e000.lcdc: [drm] Cannot find any crtc or sizes
[   22.980278] PM: Cannot get wkup_m3_ipc handle
[   23.022428] omap-sham 53100000.sham: hw accel on OMAP rev 4.3
[   23.088519] omap-aes 53500000.aes: OMAP AES hw accel rev: 3.2
[   23.161862] omap-sham 53100000.sham: will run requests pump with realtime priority
[   23.172527] PM: Cannot get wkup_m3_ipc handle
[   23.254127] omap-aes 53500000.aes: will run requests pump with realtime priority
[   23.274889] PM: Cannot get wkup_m3_ipc handle
[   23.407907] Bluetooth: Core ver 2.22
[   23.411931] NET: Registered PF_BLUETOOTH protocol family
[   23.417280] Bluetooth: HCI device and connection manager initialized
[   23.423796] Bluetooth: HCI socket layer initialized
[   23.428712] Bluetooth: L2CAP socket layer initialized
[   23.433855] Bluetooth: SCO socket layer initialized
[   24.725524] ------------[ cut here ]------------
[   24.730221] WARNING: net/8021q/vlan_core.c:236 at vlan_for_each+0x114/0x134, CPU#0: avahi-daemon/315
[   24.739610] RTNL: assertion failed at net/8021q/vlan_core.c (236)
[   24.745795] Modules linked in: snd_soc_simple_card bluetooth omap_aes_driver snd_soc_simple_card_utils omap_sham pm33xx omap_crypto ti_emif_sram crypto_engine ecdh_generic ecc libaes tilcdc omap_rng rng_core drm_dma_helper drm_client_lib snd_soc_davinci_mcasp snd_soc_ti_udma snd_soc_ti_edma snd_soc_ti_sdma snd_soc_core snd_pcm_dmaengine tda998x snd_pcm snd_timer cec snd omap_mailbox musb_dsps soundcore drm_kms_helper musb_hdrc udc_core drm usbcore phy_am335x phy_generic usb_common wkup_m3_ipc cppi41 drm_panel_orientation_quirks tps65218_pwrbutton at24 phy_am335x_control omap_wdt wkup_m3_rproc rtc_omap watchdog cpufreq_dt leds_gpio led_class autofs4
[   24.803861] CPU: 0 UID: 107 PID: 315 Comm: avahi-daemon Not tainted 6.17.0-rc3-next-20250827 #1 NONE 
[   24.803881] Hardware name: Generic AM33XX (Flattened Device Tree)
[   24.803889] Call trace: 
[   24.803905]  unwind_backtrace from show_stack+0x10/0x14
[   24.803945]  show_stack from dump_stack_lvl+0x50/0x64
[   24.803968]  dump_stack_lvl from __warn+0x88/0x148
[   24.803986]  __warn from warn_slowpath_fmt+0x19c/0x1b0
[   24.803999]  warn_slowpath_fmt from vlan_for_each+0x114/0x134
[   24.804022]  vlan_for_each from cpsw_add_mc_addr+0x40/0xa4
[   24.804053]  cpsw_add_mc_addr from __hw_addr_ref_sync_dev+0x108/0x140
[   24.804073]  __hw_addr_ref_sync_dev from __dev_mc_add+0x7c/0x80
[   24.804086]  __dev_mc_add from igmp6_group_added+0xc8/0xe0
[   24.804111]  igmp6_group_added from __ipv6_dev_mc_inc+0x218/0x364
[   24.804132]  __ipv6_dev_mc_inc from __ipv6_sock_mc_join+0x11c/0x1c0
[   24.804151]  __ipv6_sock_mc_join from do_ipv6_setsockopt+0x1214/0x1310
[   24.804170]  do_ipv6_setsockopt from ipv6_setsockopt+0x60/0xcc
[   24.804183]  ipv6_setsockopt from udpv6_setsockopt+0x2c/0x6c
[   24.804197]  udpv6_setsockopt from sock_common_setsockopt+0x30/0x40
[   24.804216]  sock_common_setsockopt from do_sock_setsockopt+0x50/0x9c
[   24.804240]  do_sock_setsockopt from __sys_setsockopt+0x70/0xbc
[   24.804264]  __sys_setsockopt from ret_fast_syscall+0x0/0x58
[   24.804282] Exception stack(0xe0301fa8 to 0xe0301ff0)
[   24.804296] 1fa0:                   00000014 b6fdfce8 0000000d 00000029 00000014 be81d9ec
[   24.804307] 1fc0: 00000014 b6fdfce8 00000014 00000126 0000000d b6f88ff4 0048e988 00476558
[   24.804316] 1fe0: b6f9e088 be81d9d8 b6f7b309 b6e5241a
[   24.804324] ---[ end trace 0000000000000000 ]---
[   26.480817] asoc-simple-card sound: using DT '/sound' for 'simple-audio-card,hp-det' GPIO lookup
[   26.480903] of_get_named_gpiod_flags: can't parse 'simple-audio-card,hp-det-gpios' property of node '/sound[0]'
[   26.480937] of_get_named_gpiod_flags: can't parse 'simple-audio-card,hp-det-gpio' property of node '/sound[0]'
[   26.480962] asoc-simple-card sound: using lookup tables for GPIO lookup
[   26.480976] asoc-simple-card sound: No GPIO consumer simple-audio-card,hp-det found
[   26.480993] asoc-simple-card sound: using DT '/sound' for 'simple-audio-card,mic-det' GPIO lookup
[   26.481017] of_get_named_gpiod_flags: can't parse 'simple-audio-card,mic-det-gpios' property of node '/sound[0]'
[   26.481042] of_get_named_gpiod_flags: can't parse 'simple-audio-card,mic-det-gpio' property of node '/sound[0]'
[   26.481062] asoc-simple-card sound: using lookup tables for GPIO lookup
[   26.481074] asoc-simple-card sound: No GPIO consumer simple-audio-card,mic-det found
[   26.556536] tda998x 0-0070: using DT '/ocp/interconnect@44c00000/segment@200000/target-module@b000/i2c@0/tda19988@70' for 'nxp,calib' GPIO lookup
[   26.556816] of_get_named_gpiod_flags: parsed 'nxp,calib-gpios' property of node '/ocp/interconnect@44c00000/segment@200000/target-module@b000/i2c@0/tda19988@70[0]' - status (0)
[   26.556904] gpio gpiochip0: Persistence not supported for GPIO 25
[   26.556919] gpio-537 (nxp,calib): no flags found for GPIO nxp,calib
[   26.565469] gpio-537 (nxp,calib): gpiod_direction_output_nonotify: tried to set a GPIO tied to an IRQ as output
[   26.597571] PM: Cannot get wkup_m3_ipc handle
[   26.799687] tda9950 0-0034: TDA9950 CEC interface, hardware version 3.3
[   26.893220] PM: Cannot get wkup_m3_ipc handle
[   28.580709] userial_init: registered 8 ttyGS* devices
[   28.857657] rndis_register: configNr = 0
[   28.977846] udc musb-hdrc.0: binding gadget driver [g_multi]
[   28.977952] configfs-gadget.g_multi gadget.0: adding 'rndis'/77007fbc to config 'c'/9ccf3baf
[   28.979142] configfs-gadget.g_multi gadget.0: HOST MAC 1c:ba:8c:a2:ed:6c
[   28.986117] configfs-gadget.g_multi gadget.0: MAC 1c:ba:8c:a2:ed:70
[   28.992535] rndis_set_param_medium: 0 0
[   28.992557] configfs-gadget.g_multi gadget.0: RNDIS: IN/ep1in OUT/ep1out NOTIFY/ep2in
[   28.992575] configfs-gadget.g_multi gadget.0: adding 'cdc_ethernet'/774616b1 to config 'c'/9ccf3baf
[   28.993478] configfs-gadget.g_multi gadget.0: HOST MAC 1c:ba:8c:a2:ed:6c
[   29.000244] configfs-gadget.g_multi gadget.0: MAC 1c:ba:8c:a2:ed:6d
[   29.006694] configfs-gadget.g_multi gadget.0: CDC Ethernet: IN/ep3in OUT/ep2out NOTIFY/ep4in
[   29.006716] configfs-gadget.g_multi gadget.0: adding 'acm'/d9a20bf6 to config 'c'/9ccf3baf
[   29.006752] configfs-gadget.g_multi gadget.0: acm ttyGS0: IN/ep5in OUT/ep3out NOTIFY/ep6in
[   29.012008] PM: Cannot get wkup_m3_ipc handle
[   30.270090] configfs-gadget.g_multi gadget.0: eth_open
[   30.360374] configfs-gadget.g_multi gadget.0: stop stats: rx/tx 0/0, errs 0/0
[   35.371493] gs_open: ttyGS0 (82d63ec7,21760645)
[   35.387914] gs_close: ttyGS0 (82d63ec7,21760645) ...
[   35.387980] gs_close: ttyGS0 (82d63ec7,21760645) done!
[   35.388224] gs_open: ttyGS0 (82d63ec7,21760645)
[   35.388302] gs_close: ttyGS0 (82d63ec7,21760645) ...
[   35.388321] gs_close: ttyGS0 (82d63ec7,21760645) done!
[   35.556102] gs_open: ttyGS0 (25bd96ef,3324fde8)
[   35.556342] gs_close: ttyGS0 (25bd96ef,3324fde8) ...
[   35.556367] gs_close: ttyGS0 (25bd96ef,3324fde8) done!
[   35.556737] gs_open: ttyGS0 (25bd96ef,3324fde8)
YBEEVUSWNS 0
root@arm:~# echo 'QOQN''AXMTEN'
QOQNAXMTEN
root@arm:~# MARKER='YQBG''FBABBO' run 'modprobe test_linear_ranges'
YQBGFBABBOYQBGFBABBO 0
root@arm:~# echo 'HQJC''KMTTCL'
HQJCKMTTCL
root@arm:~# MARKER='UKHJ''MFXBKL' run dmesg
UKHJMFXBKL[    0.000000] Booting Linux on physical CPU 0x0
[    0.000000] Linux version 6.17.0-rc3-next-20250827 (user01@drvtest01) (arm-none-eabi-gcc (Arm GNU Toolchain 14.2.Rel1 (Build arm-14.52)) 14.2.1 20241119, GNU ld (Arm GNU Toolchain 14.2.Rel1 (Build arm-14.52)) 2.43.1.20241119) #1 SMP Wed Aug 27 09:13:17 EEST 2025
[    0.000000] CPU: ARMv7 Processor [413fc082] revision 2 (ARMv7), cr=10c5387d
[    0.000000] CPU: PIPT / VIPT nonaliasing data cache, VIPT aliasing instruction cache
[    0.000000] OF: fdt: Machine model: TI AM335x BeagleBone Black
[    0.000000] Memory policy: Data cache writeback
[    0.000000] cma: Reserved 16 MiB at 0x9e800000
[    0.000000] Zone ranges:
[    0.000000]   Normal   [mem 0x0000000080000000-0x000000009fdfffff]
[    0.000000]   HighMem  empty
[    0.000000] Movable zone start for each node
[    0.000000] Early memory node ranges
[    0.000000]   node   0: [mem 0x0000000080000000-0x000000009fdfffff]
[    0.000000] Initmem setup node 0 [mem 0x0000000080000000-0x000000009fdfffff]
[    0.000000] On node 0, zone Normal: 512 pages in unavailable ranges
[    0.000000] OF: reserved mem: Reserved memory: No reserved-memory node in the DT
[    0.000000] CPU: All CPU(s) started in SVC mode.
[    0.000000] AM335X ES2.1 (sgx neon)
[    0.000000] percpu: Embedded 17 pages/cpu s39820 r8192 d21620 u69632
[    0.000000] pcpu-alloc: s39820 r8192 d21620 u69632 alloc=17*4096
[    0.000000] pcpu-alloc: [0] 0 
[    0.000000] Kernel command line: console=ttyO0,115200n8 root=/dev/nfs rw nfsroot=192.168.255.126:/home/user01/nfs,nfsvers=3 ip=192.168.255.1:192.168.255.126::255.255.255.0:bbb1:eth0 nfsrootdebug
[    0.000000] Unknown kernel command line parameters "nfsrootdebug", will be passed to user space.
[    0.000000] printk: log buffer data + meta data: 65536 + 204800 = 270336 bytes
[    0.000000] Dentry cache hash table entries: 65536 (order: 6, 262144 bytes, linear)
[    0.000000] Inode-cache hash table entries: 32768 (order: 5, 131072 bytes, linear)
[    0.000000] Built 1 zonelists, mobility grouping on.  Total pages: 130560
[    0.000000] mem auto-init: stack:off, heap alloc:off, heap free:off
[    0.000000] SLUB: HWalign=16, Order=0-3, MinObjects=0, CPUs=1, Nodes=1
[    0.000000] rcu: Hierarchical RCU implementation.
[    0.000000] rcu: 	RCU event tracing is enabled.
[    0.000000] rcu: 	RCU restricting CPUs from NR_CPUS=2 to nr_cpu_ids=1.
[    0.000000] 	Tracing variant of Tasks RCU enabled.
[    0.000000] rcu: RCU calculated value of scheduler-enlistment delay is 10 jiffies.
[    0.000000] rcu: Adjusting geometry for rcu_fanout_leaf=16, nr_cpu_ids=1
[    0.000000] RCU Tasks Trace: Setting shift to 0 and lim to 1 rcu_task_cb_adjust=1 rcu_task_cpu_ids=1.
[    0.000000] NR_IRQS: 16, nr_irqs: 16, preallocated irqs: 16
[    0.000000] IRQ: Found an INTC at 0x(ptrval) (revision 5.0) with 128 interrupts
[    0.000000] rcu: srcu_init: Setting srcu_struct sizes based on contention.
[    0.000000] TI gptimer clocksource: always-on /ocp/interconnect@44c00000/segment@200000/target-module@31000
[    0.000002] sched_clock: 32 bits at 24MHz, resolution 41ns, wraps every 89478484971ns
[    0.000026] clocksource: dmtimer: mask: 0xffffffff max_cycles: 0xffffffff, max_idle_ns: 79635851949 ns
[    0.000511] TI gptimer clockevent: 24000000 Hz at /ocp/interconnect@48000000/segment@0/target-module@40000
[    0.002062] Console: colour dummy device 80x30
[    0.002130] WARNING: Your 'console=ttyO0' has been replaced by 'ttyS0'
[    0.002139] This ensures that you still see kernel messages. Please
[    0.002143] update your kernel commandline.
[    0.002186] Calibrating delay loop... 996.14 BogoMIPS (lpj=4980736)
[    0.090558] CPU: Testing write buffer coherency: ok
[    0.090673] CPU0: Spectre v2: using BPIALL workaround
[    0.090683] pid_max: default: 32768 minimum: 301
[    0.090845] LSM: initializing lsm=capability
[    0.091017] Mount-cache hash table entries: 1024 (order: 0, 4096 bytes, linear)
[    0.091036] Mountpoint-cache hash table entries: 1024 (order: 0, 4096 bytes, linear)
[    0.092601] CPU0: thread -1, cpu 0, socket -1, mpidr 0
[    0.092657] cacheinfo: Unable to detect cache hierarchy for CPU 0
[    0.094667] Setting up static identity map for 0x80100000 - 0x80100078
[    0.094990] rcu: Hierarchical SRCU implementation.
[    0.095002] rcu: 	Max phase no-delay instances is 1000.
[    0.096735] smp: Bringing up secondary CPUs ...
[    0.096790] smp: Brought up 1 node, 1 CPU
[    0.096802] SMP: Total of 1 processors activated (996.14 BogoMIPS).
[    0.096814] CPU: All CPU(s) started in SVC mode.
[    0.097019] Memory: 480880K/522240K available (11264K kernel code, 1219K rwdata, 2936K rodata, 1024K init, 253K bss, 23328K reserved, 16384K cma-reserved, 0K highmem)
[    0.097837] devtmpfs: initialized
[    0.115125] VFP support v0.3: implementor 41 architecture 3 part 30 variant c rev 3
[    0.115761] clocksource: jiffies: mask: 0xffffffff max_cycles: 0xffffffff, max_idle_ns: 19112604462750000 ns
[    0.115822] posixtimers hash table entries: 512 (order: 0, 4096 bytes, linear)
[    0.115849] futex hash table entries: 256 (16384 bytes on 1 NUMA nodes, total 16 KiB, linear).
[    0.116994] pinctrl core: initialized pinctrl subsystem
[    0.119137] NET: Registered PF_NETLINK/PF_ROUTE protocol family
[    0.122307] DMA: preallocated 256 KiB pool for atomic coherent allocations
[    0.122922] audit: initializing netlink subsys (disabled)
[    0.124258] thermal_sys: Registered thermal governor 'fair_share'
[    0.124273] thermal_sys: Registered thermal governor 'step_wise'
[    0.124282] thermal_sys: Registered thermal governor 'user_space'
[    0.124394] audit: type=2000 audit(0.120:1): state=initialized audit_enabled=0 res=1
[    0.124467] cpuidle: using governor menu
[    0.142364] /ocp/interconnect@44c00000/segment@200000/target-module@b000/i2c@0/tda19988@70: Fixed dependency cycle(s) with /ocp/interconnect@48000000/segment@300000/target-module@e000/lcdc@0
[    0.143490] /ocp/interconnect@48000000/segment@300000/target-module@e000/lcdc@0: Fixed dependency cycle(s) with /ocp/interconnect@44c00000/segment@200000/target-module@b000/i2c@0/tda19988@70
[    0.145696] No ATAGs?
[    0.145736] hw-breakpoint: debug architecture 0x4 unsupported.
[    0.148800] kprobes: kprobe jump-optimization is enabled. All kprobes are optimized if possible.
[    0.153843] iommu: Default domain type: Translated
[    0.153867] iommu: DMA domain TLB invalidation policy: strict mode
[    0.155420] reg-fixed-voltage fixedregulator0: using DT '/fixedregulator0' for '(default)' GPIO lookup
[    0.155476] of_get_named_gpiod_flags: can't parse 'gpios' property of node '/fixedregulator0[0]'
[    0.155504] of_get_named_gpiod_flags: can't parse 'gpio' property of node '/fixedregulator0[0]'
[    0.155521] reg-fixed-voltage fixedregulator0: using lookup tables for GPIO lookup
[    0.155532] reg-fixed-voltage fixedregulator0: No GPIO consumer (default) found
[    0.161736] SCSI subsystem initialized
[    0.162206] libata version 3.00 loaded.
[    0.162591] pps_core: LinuxPPS API ver. 1 registered
[    0.162603] pps_core: Software ver. 5.3.6 - Copyright 2005-2007 Rodolfo Giometti <giometti@linux.it>
[    0.162628] PTP clock support registered
[    0.171187] vgaarb: loaded
[    0.171561] clocksource: Switched to clocksource dmtimer
[    0.172237] VFS: Disk quotas dquot_6.6.0
[    0.172293] VFS: Dquot-cache hash table entries: 1024 (order 0, 4096 bytes)
[    0.197154] NET: Registered PF_INET protocol family
[    0.197503] IP idents hash table entries: 8192 (order: 4, 65536 bytes, linear)
[    0.198935] tcp_listen_portaddr_hash hash table entries: 512 (order: 0, 4096 bytes, linear)
[    0.198975] Table-perturb hash table entries: 65536 (order: 6, 262144 bytes, linear)
[    0.198993] TCP established hash table entries: 4096 (order: 2, 16384 bytes, linear)
[    0.199038] TCP bind hash table entries: 4096 (order: 4, 65536 bytes, linear)
[    0.199138] TCP: Hash tables configured (established 4096 bind 4096)
[    0.199261] UDP hash table entries: 256 (order: 1, 14336 bytes, linear)
[    0.199298] UDP-Lite hash table entries: 256 (order: 1, 14336 bytes, linear)
[    0.199495] NET: Registered PF_UNIX/PF_LOCAL protocol family
[    0.212200] RPC: Registered named UNIX socket transport module.
[    0.212223] RPC: Registered udp transport module.
[    0.212228] RPC: Registered tcp transport module.
[    0.212233] RPC: Registered tcp-with-tls transport module.
[    0.212238] RPC: Registered tcp NFSv4.1 backchannel transport module.
[    0.212263] PCI: CLS 0 bytes, default 64
[    0.213684] Initialise system trusted keyrings
[    0.214461] workingset: timestamp_bits=14 max_order=17 bucket_order=3
[    0.216182] NFS: Registering the id_resolver key type
[    0.216273] Key type id_resolver registered
[    0.216281] Key type id_legacy registered
[    0.216393] jffs2: version 2.2. (NAND) (SUMMARY)  Â© 2001-2006 Red Hat, Inc.
[    0.216859] Key type asymmetric registered
[    0.216876] Asymmetric key parser 'x509' registered
[    0.216945] io scheduler mq-deadline registered
[    0.216956] io scheduler kyber registered
[    0.217035] io scheduler bfq registered
[    0.218916] target-module@4b000000:target-module@140000:pmu@0:fck: device ID is greater than 24
[    0.225079] l3-aon-clkctrl:0000:0: failed to disable
[    0.231639] ledtrig-cpu: registered to indicate activity on CPUs
[    0.235393] Serial: 8250/16550 driver, 6 ports, IRQ sharing enabled
[    0.275400] brd: module loaded
[    0.292836] loop: module loaded
[    0.293790] mtdoops: mtd device (mtddev=name/number) must be supplied
[    0.302713] mdio_bus fixed-0: using lookup tables for GPIO lookup
[    0.302742] mdio_bus fixed-0: No GPIO consumer reset found
[    0.304180] i2c_dev: i2c /dev entries driver
[    0.305200] cpuidle: enable-method property 'ti,am3352' found operations
[    0.305661] sdhci: Secure Digital Host Controller Interface driver
[    0.305669] sdhci: Copyright(c) Pierre Ossman
[    0.305859] sdhci-pltfm: SDHCI platform and OF driver helper
[    0.307428] hw perfevents: enabled with armv7_cortex_a8 PMU driver, 5 (8000000f) counters available
[    0.307952] Initializing XFRM netlink socket
[    0.308125] NET: Registered PF_INET6 protocol family
[    0.313788] l3-aon-clkctrl:0000:0: failed to disable
[    0.327256] Segment Routing with IPv6
[    0.327345] In-situ OAM (IOAM) with IPv6
[    0.327445] sit: IPv6, IPv4 and MPLS over IPv4 tunneling driver
[    0.328418] NET: Registered PF_PACKET protocol family
[    0.328447] NET: Registered PF_KEY protocol family
[    0.328571] Key type dns_resolver registered
[    0.328800] ThumbEE CPU extension supported.
[    0.328821] Registering SWP/SWPB emulation handler
[    0.329344] omap_voltage_late_init: Voltage driver support not added
[    0.330028] SmartReflex Class3 initialized
[    0.363368] Loading compiled-in X.509 certificates
[    0.393968] /ocp/interconnect@44c00000/segment@200000/target-module@b000/i2c@0/tda19988@70: Fixed dependency cycle(s) with /ocp/interconnect@48000000/segment@300000/target-module@e000/lcdc@0
[    0.400406] /ocp/interconnect@44c00000/segment@200000/target-module@b000/i2c@0/tda19988@70: Fixed dependency cycle(s) with /ocp/interconnect@48000000/segment@300000/target-module@e000/lcdc@0
[    0.406154] gpiochip_find_base_unlocked: found new base at 512
[    0.433423] /ocp/interconnect@44c00000/segment@200000/target-module@b000/i2c@0/tda19988@70: Fixed dependency cycle(s) with /ocp/interconnect@48000000/segment@300000/target-module@e000/lcdc@0
[    0.434307] /ocp/interconnect@44c00000/segment@200000/target-module@b000/i2c@0/tda19988@70: Fixed dependency cycle(s) with /ocp/interconnect@48000000/segment@300000/target-module@e000/lcdc@0
[    0.437801] /ocp/interconnect@44c00000/segment@200000/target-module@10000/scm@0/pinmux@800: Fixed dependency cycle(s) with /ocp/interconnect@44c00000/segment@200000/target-module@10000/scm@0/pinmux@800/clkout2-pins
[    0.438397] pinctrl-single 44e10800.pinmux: 142 pins, size 568
[    0.443968] ti-sysc 44e31000.target-module: probe with driver ti-sysc failed with error -16
[    0.480186] /ocp/interconnect@48000000/segment@300000/target-module@e000/lcdc@0: Fixed dependency cycle(s) with /ocp/interconnect@44c00000/segment@200000/target-module@b000/i2c@0/tda19988@70
[    0.488479] ti-sysc 48040000.target-module: probe with driver ti-sysc failed with error -16
[    0.500007] gpiochip_find_base_unlocked: found new base at 512
[    0.500120] gpio gpiochip0: (gpio-0-31): created GPIO range 0->7 ==> 44e10800.pinmux PIN 0->7
[    0.500141] gpio gpiochip0: (gpio-0-31): created GPIO range 8->11 ==> 44e10800.pinmux PIN 90->93
[    0.500158] gpio gpiochip0: (gpio-0-31): created GPIO range 12->27 ==> 44e10800.pinmux PIN 12->27
[    0.500174] gpio gpiochip0: (gpio-0-31): created GPIO range 28->31 ==> 44e10800.pinmux PIN 30->33
[    0.524686] gpio gpiochip0: (gpio-0-31): added GPIO chardev (254:0)
[    0.524910] gpio gpiochip0: registered GPIOs 512 to 543 on gpio-0-31
[    0.524997] OMAP GPIO hardware version 0.1
[    0.589179] i2c i2c-2: using DT '/ocp/interconnect@48000000/segment@100000/target-module@9c000/i2c@0' for 'scl' GPIO lookup
[    0.589255] of_get_named_gpiod_flags: can't parse 'scl-gpios' property of node '/ocp/interconnect@48000000/segment@100000/target-module@9c000/i2c@0[0]'
[    0.589297] of_get_named_gpiod_flags: can't parse 'scl-gpio' property of node '/ocp/interconnect@48000000/segment@100000/target-module@9c000/i2c@0[0]'
[    0.589333] i2c i2c-2: using lookup tables for GPIO lookup
[    0.589343] i2c i2c-2: No GPIO consumer scl found
[    0.589363] i2c i2c-2: using DT '/ocp/interconnect@48000000/segment@100000/target-module@9c000/i2c@0' for 'sda' GPIO lookup
[    0.589398] of_get_named_gpiod_flags: can't parse 'sda-gpios' property of node '/ocp/interconnect@48000000/segment@100000/target-module@9c000/i2c@0[0]'
[    0.589434] of_get_named_gpiod_flags: can't parse 'sda-gpio' property of node '/ocp/interconnect@48000000/segment@100000/target-module@9c000/i2c@0[0]'
[    0.589465] i2c i2c-2: using lookup tables for GPIO lookup
[    0.589473] i2c i2c-2: No GPIO consumer sda found
[    0.590209] omap_i2c 4819c000.i2c: bus 2 rev0.11 at 100 kHz
[    0.596043] gpiochip_find_base_unlocked: found new base at 544
[    0.596162] gpio gpiochip1: (gpio-32-63): created GPIO range 0->17 ==> 44e10800.pinmux PIN 34->51
[    0.596184] gpio gpiochip1: (gpio-32-63): created GPIO range 18->21 ==> 44e10800.pinmux PIN 77->80
[    0.596200] gpio gpiochip1: (gpio-32-63): created GPIO range 22->31 ==> 44e10800.pinmux PIN 56->65
[    0.597038] gpio gpiochip1: (gpio-32-63): added GPIO chardev (254:1)
[    0.597267] gpio gpiochip1: registered GPIOs 544 to 575 on gpio-32-63
[    0.599515] gpiochip_find_base_unlocked: found new base at 576
[    0.599612] gpio gpiochip2: (gpio-64-95): created GPIO range 0->4 ==> 44e10800.pinmux PIN 66->70
[    0.599633] gpio gpiochip2: (gpio-64-95): created GPIO range 5->6 ==> 44e10800.pinmux PIN 98->99
[    0.599659] gpio gpiochip2: (gpio-64-95): created GPIO range 7->8 ==> 44e10800.pinmux PIN 75->76
[    0.599675] gpio gpiochip2: (gpio-64-95): created GPIO range 13->13 ==> 44e10800.pinmux PIN 141->141
[    0.599690] gpio gpiochip2: (gpio-64-95): created GPIO range 14->21 ==> 44e10800.pinmux PIN 100->107
[    0.600322] gpio gpiochip2: (gpio-64-95): added GPIO chardev (254:2)
[    0.600525] gpio gpiochip2: registered GPIOs 576 to 607 on gpio-64-95
[    0.606393] 48000000.interconnect:segment@200000:target-module@0:mpu@0:fck: device ID is greater than 24
[    0.607291] /ocp/interconnect@48000000/segment@300000/target-module@e000/lcdc@0: Fixed dependency cycle(s) with /ocp/interconnect@44c00000/segment@200000/target-module@b000/i2c@0/tda19988@70
[    0.610135] /ocp/interconnect@48000000/segment@300000/target-module@e000/lcdc@0: Fixed dependency cycle(s) with /ocp/interconnect@44c00000/segment@200000/target-module@b000/i2c@0/tda19988@70
[    0.610838] /ocp/interconnect@44c00000/segment@200000/target-module@b000/i2c@0/tda19988@70: Fixed dependency cycle(s) with /ocp/interconnect@48000000/segment@300000/target-module@e000/lcdc@0
[    0.611000] /ocp/interconnect@48000000/segment@300000/target-module@e000/lcdc@0: Fixed dependency cycle(s) with /ocp/interconnect@44c00000/segment@200000/target-module@b000/i2c@0/tda19988@70
[    0.620763] mdio_bus 4a101000.mdio: using DT '/ocp/interconnect@4a000000/segment@0/target-module@100000/switch@0/mdio@1000' for 'reset' GPIO lookup
[    0.620833] of_get_named_gpiod_flags: can't parse 'reset-gpios' property of node '/ocp/interconnect@4a000000/segment@0/target-module@100000/switch@0/mdio@1000[0]'
[    0.620879] of_get_named_gpiod_flags: can't parse 'reset-gpio' property of node '/ocp/interconnect@4a000000/segment@0/target-module@100000/switch@0/mdio@1000[0]'
[    0.620925] mdio_bus 4a101000.mdio: using lookup tables for GPIO lookup
[    0.620935] mdio_bus 4a101000.mdio: No GPIO consumer reset found
[    0.622017] sdhci-omap 481d8000.mmc: using DT '/ocp/interconnect@48000000/segment@100000/target-module@d8000/mmc@0' for 'wp' GPIO lookup
[    0.622078] of_get_named_gpiod_flags: can't parse 'wp-gpios' property of node '/ocp/interconnect@48000000/segment@100000/target-module@d8000/mmc@0[0]'
[    0.622118] of_get_named_gpiod_flags: can't parse 'wp-gpio' property of node '/ocp/interconnect@48000000/segment@100000/target-module@d8000/mmc@0[0]'
[    0.622151] sdhci-omap 481d8000.mmc: using lookup tables for GPIO lookup
[    0.622161] sdhci-omap 481d8000.mmc: No GPIO consumer wp found
[    0.622355] sdhci-omap 481d8000.mmc: supply pbias not found, using dummy regulator
[    0.634831] sdhci-omap 481d8000.mmc: supply vqmmc not found, using dummy regulator
[    0.673317] davinci_mdio 4a101000.mdio: davinci mdio revision 1.6, bus freq 1000000
[    0.691183] mdio_bus 4a101000.mdio:00: using DT '/ocp/interconnect@4a000000/segment@0/target-module@100000/switch@0/mdio@1000/ethernet-phy@0' for 'reset' GPIO lookup
[    0.691284] of_get_named_gpiod_flags: parsed 'reset-gpios' property of node '/ocp/interconnect@4a000000/segment@0/target-module@100000/switch@0/mdio@1000/ethernet-phy@0[0]' - status (0)
[    0.691443] gpio gpiochip0: Persistence not supported for GPIO 8
[    0.837973] davinci_mdio 4a101000.mdio: phy[0]: device 4a101000.mdio:00, driver SMSC LAN8710/LAN8720
[    0.838747] cpsw-switch 4a100000.switch: initialized cpsw ale version 1.4
[    0.838769] cpsw-switch 4a100000.switch: ALE Table size 1024, Policers 0
[    0.839029] cpsw-switch 4a100000.switch: cpts: overflow check period 500 (jiffies)
[    0.839049] cpsw-switch 4a100000.switch: CPTS: ref_clk_freq:250000000 calc_mult:2147483648 calc_shift:29 error:0 nsec/sec
[    0.839154] cpsw-switch 4a100000.switch: Detected MACID = 6c:ec:eb:68:de:78
[    0.841049] cpsw-switch 4a100000.switch: initialized (regs 0x4a100000, pool size 256) hw_ver:0019010C 1.12 (0)
[    0.852344] debugfs: '49000000.dma' already exists in 'dmaengine'
[    0.852388] edma 49000000.dma: TI EDMA DMA engine driver
[    0.893313] gpio-clk clk_mcasp0: using DT '/clk_mcasp0' for 'enable' GPIO lookup
[    0.893392] of_get_named_gpiod_flags: parsed 'enable-gpios' property of node '/clk_mcasp0[0]' - status (0)
[    0.893440] gpio gpiochip0: Persistence not supported for GPIO 27
[    0.894300] gpiochip_find_base_unlocked: found new base at 608
[    0.894417] gpio gpiochip3: (gpio-96-127): created GPIO range 0->7 ==> 44e10800.pinmux PIN 82->89
[    0.894438] gpio gpiochip3: (gpio-96-127): created GPIO range 8->11 ==> 44e10800.pinmux PIN 52->55
[    0.894462] gpio gpiochip3: (gpio-96-127): created GPIO range 12->15 ==> 44e10800.pinmux PIN 94->97
[    0.894479] gpio gpiochip3: (gpio-96-127): created GPIO range 16->17 ==> 44e10800.pinmux PIN 71->72
[    0.894494] gpio gpiochip3: (gpio-96-127): created GPIO range 18->18 ==> 44e10800.pinmux PIN 135->135
[    0.894510] gpio gpiochip3: (gpio-96-127): created GPIO range 19->20 ==> 44e10800.pinmux PIN 108->109
[    0.894526] gpio gpiochip3: (gpio-96-127): created GPIO range 21->21 ==> 44e10800.pinmux PIN 73->73
[    0.894543] gpio gpiochip3: (gpio-96-127): created GPIO range 22->23 ==> 44e10800.pinmux PIN 8->9
[    0.894559] gpio gpiochip3: (gpio-96-127): created GPIO range 26->27 ==> 44e10800.pinmux PIN 10->11
