Labgrid Console Logfile for main
Logfile started at 2025-06-12 07:43:03.675323
=== Log starts here ===
reading args
spl_load_image_fat_os: error reading image args, err - -1
reading u-boot.img
reading u-boot.img


U-Boot 2014.04-00014-g47880f5 (Apr 22 2014 - 13:23:54)

I2C:   ready
DRAM:  512 MiB
NAND:  0 MiB
MMC:   OMAP SD/MMC: 0, OMAP SD/MMC: 1
*** Warning - readenv() failed, using default environment

Net:   <ethaddr> not set. Validating first E-fuse MAC
cpsw, usb_ether
Hit any key to stop autoboot:  1  0 
gpio: pin 53 (gpio 53) value is 1
mmc0 is current device
gpio: pin 54 (gpio 54) value is 1
SD/MMC found on device 0
reading uEnv.txt
569 bytes read in 3 ms (184.6 KiB/s)
gpio: pin 55 (gpio 55) value is 1
Loaded environment from uEnv.txt
Importing environment from mmc ...
Checking if uenvcmd is set ...
gpio: pin 56 (gpio 56) value is 1
Running uenvcmd ...
cpsw Waiting for PHY auto negotiation to complete. done
link up on port 0, speed 100, full duplex
Using cpsw device
TFTP from server 192.168.255.126; our IP address is 192.168.255.1
Filename 'zImage'.
Load address: 0x81000000
Loading: *#################################################################
	 #################################################################
	 #################################################################
	 #################################################################
	 #################################################################
	 ##########################################################
	 2.4 MiB/s
done
Bytes transferred = 5621592 (55c758 hex)
link up on port 0, speed 100, full duplex
Using cpsw device
TFTP from server 192.168.255.126; our IP address is 192.168.255.1
Filename 'am335x-boneblack.dtb'.
Load address: 0x82000000
Loading: *#######
	 2.4 MiB/s
done
Bytes transferred = 98244 (17fc4 hex)
Kernel image @ 0x81000000 [ 0x000000 - 0x55c758 ]
## Flattened Device Tree blob at 82000000
   Booting using the fdt blob at 0x82000000
   Using Device Tree in place at 82000000, end 8201afc3

Starting kernel ...

[    0.000000] Booting Linux on physical CPU 0x0
[    0.000000] Linux version 6.16.0-rc1-next-20250612 (user01@drvtest01) (arm-none-eabi-gcc (Arm GNU Toolchain 14.2.Rel1 (Build arm-14.52)) 14.2.1 20241119, GNU ld (Arm GNU Toolchain 14.2.Rel1 (Build arm-14.52)) 2.43.1.20241119) #1 SMP Thu Jun 12 07:39:36 EEST 2025
[    0.000000] CPU: ARMv7 Processor [413fc082] revision 2 (ARMv7), cr=10c5387d
[    0.000000] CPU: PIPT / VIPT nonaliasing data cache, VIPT aliasing instruction cache
[    0.000000] OF: fdt: Machine model: TI AM335x BeagleBone Black
[    0.000000] Memory policy: Data cache writeback
[    0.000000] cma: Reserved 16 MiB at 0x9e800000
[    0.000000] Zone ranges:
[    0.000000]   Normal   [mem 0x0000000080000000-0x000000009fdfffff]
[    0.000000]   HighMem  empty
[    0.000000] Movable zone start for each node
[    0.000000] Early memory node ranges
[    0.000000]   node   0: [mem 0x0000000080000000-0x000000009fdfffff]
[    0.000000] Initmem setup node 0 [mem 0x0000000080000000-0x000000009fdfffff]
[    0.000000] On node 0, zone Normal: 512 pages in unavailable ranges
[    0.000000] OF: reserved mem: Reserved memory: No reserved-memory node in the DT
[    0.000000] CPU: All CPU(s) started in SVC mode.
[    0.000000] AM335X ES2.1 (sgx neon)
[    0.000000] percpu: Embedded 17 pages/cpu s39820 r8192 d21620 u69632
[    0.000000] Kernel command line: console=ttyO0,115200n8 root=/dev/nfs rw nfsroot=192.168.255.126:/home/user01/nfs,nfsvers=3 ip=192.168.255.1:192.168.255.126::255.255.255.0:bbb1:eth0 nfsrootdebug
[    0.000000] Unknown kernel command line parameters "nfsrootdebug", will be passed to user space.
[    0.000000] printk: log buffer data + meta data: 65536 + 204800 = 270336 bytes
[    0.000000] Dentry cache hash table entries: 65536 (order: 6, 262144 bytes, linear)
[    0.000000] Inode-cache hash table entries: 32768 (order: 5, 131072 bytes, linear)
[    0.000000] Built 1 zonelists, mobility grouping on.  Total pages: 130560
[    0.000000] mem auto-init: stack:off, heap alloc:off, heap free:off
[    0.000000] SLUB: HWalign=16, Order=0-3, MinObjects=0, CPUs=1, Nodes=1
[    0.000000] rcu: Hierarchical RCU implementation.
[    0.000000] rcu: 	RCU event tracing is enabled.
[    0.000000] rcu: 	RCU restricting CPUs from NR_CPUS=2 to nr_cpu_ids=1.
[    0.000000] 	Tracing variant of Tasks RCU enabled.
[    0.000000] rcu: RCU calculated value of scheduler-enlistment delay is 10 jiffies.
[    0.000000] rcu: Adjusting geometry for rcu_fanout_leaf=16, nr_cpu_ids=1
[    0.000000] RCU Tasks Trace: Setting shift to 0 and lim to 1 rcu_task_cb_adjust=1 rcu_task_cpu_ids=1.
[    0.000000] NR_IRQS: 16, nr_irqs: 16, preallocated irqs: 16
[    0.000000] IRQ: Found an INTC at 0x(ptrval) (revision 5.0) with 128 interrupts
[    0.000000] rcu: srcu_init: Setting srcu_struct sizes based on contention.
[    0.000000] TI gptimer clocksource: always-on /ocp/interconnect@44c00000/segment@200000/target-module@31000
[    0.000003] sched_clock: 32 bits at 24MHz, resolution 41ns, wraps every 89478484971ns
[    0.000025] clocksource: dmtimer: mask: 0xffffffff max_cycles: 0xffffffff, max_idle_ns: 79635851949 ns
[    0.000505] TI gptimer clockevent: 24000000 Hz at /ocp/interconnect@48000000/segment@0/target-module@40000
[    0.002141] Console: colour dummy device 80x30
[    0.002207] WARNING: Your 'console=ttyO0' has been replaced by 'ttyS0'
[    0.002215] This ensures that you still see kernel messages. Please
[    0.002219] update your kernel commandline.
[    0.002262] Calibrating delay loop... 996.14 BogoMIPS (lpj=4980736)
[    0.090552] CPU: Testing write buffer coherency: ok
[    0.090661] CPU0: Spectre v2: using BPIALL workaround
[    0.090671] pid_max: default: 32768 minimum: 301
[    0.090828] LSM: initializing lsm=capability
[    0.091006] Mount-cache hash table entries: 1024 (order: 0, 4096 bytes, linear)
[    0.091024] Mountpoint-cache hash table entries: 1024 (order: 0, 4096 bytes, linear)
[    0.092654] CPU0: thread -1, cpu 0, socket -1, mpidr 0
[    0.092711] cacheinfo: Unable to detect cache hierarchy for CPU 0
[    0.094701] Setting up static identity map for 0x80100000 - 0x80100078
[    0.095034] rcu: Hierarchical SRCU implementation.
[    0.095044] rcu: 	Max phase no-delay instances is 1000.
[    0.096781] smp: Bringing up secondary CPUs ...
[    0.096835] smp: Brought up 1 node, 1 CPU
[    0.096850] SMP: Total of 1 processors activated (996.14 BogoMIPS).
[    0.096861] CPU: All CPU(s) started in SVC mode.
[    0.097049] Memory: 480824K/522240K available (11264K kernel code, 1219K rwdata, 2924K rodata, 1024K init, 284K bss, 23384K reserved, 16384K cma-reserved, 0K highmem)
[    0.097880] devtmpfs: initialized
[    0.115204] VFP support v0.3: implementor 41 architecture 3 part 30 variant c rev 3
[    0.115843] clocksource: jiffies: mask: 0xffffffff max_cycles: 0xffffffff, max_idle_ns: 19112604462750000 ns
[    0.115899] posixtimers hash table entries: 512 (order: 0, 4096 bytes, linear)
[    0.115925] futex hash table entries: 256 (16384 bytes on 1 NUMA nodes, total 16 KiB, linear).
[    0.117054] pinctrl core: initialized pinctrl subsystem
[    0.119107] NET: Registered PF_NETLINK/PF_ROUTE protocol family
[    0.122207] DMA: preallocated 256 KiB pool for atomic coherent allocations
[    0.123171] audit: initializing netlink subsys (disabled)
[    0.124515] thermal_sys: Registered thermal governor 'fair_share'
[    0.124528] thermal_sys: Registered thermal governor 'step_wise'
[    0.124536] thermal_sys: Registered thermal governor 'user_space'
[    0.124648] audit: type=2000 audit(0.120:1): state=initialized audit_enabled=0 res=1
[    0.124717] cpuidle: using governor menu
[    0.142715] /ocp/interconnect@44c00000/segment@200000/target-module@b000/i2c@0/tda19988@70: Fixed dependency cycle(s) with /ocp/interconnect@48000000/segment@300000/target-module@e000/lcdc@0
[    0.143847] /ocp/interconnect@48000000/segment@300000/target-module@e000/lcdc@0: Fixed dependency cycle(s) with /ocp/interconnect@44c00000/segment@200000/target-module@b000/i2c@0/tda19988@70
[    0.146035] No ATAGs?
[    0.146077] hw-breakpoint: debug architecture 0x4 unsupported.
[    0.148814] kprobes: kprobe jump-optimization is enabled. All kprobes are optimized if possible.
[    0.154136] iommu: Default domain type: Translated
[    0.154158] iommu: DMA domain TLB invalidation policy: strict mode
[    0.161506] SCSI subsystem initialized
[    0.162374] pps_core: LinuxPPS API ver. 1 registered
[    0.162385] pps_core: Software ver. 5.3.6 - Copyright 2005-2007 Rodolfo Giometti <giometti@linux.it>
[    0.162410] PTP clock support registered
[    0.171064] vgaarb: loaded
[    0.171444] clocksource: Switched to clocksource dmtimer
[    0.172119] VFS: Disk quotas dquot_6.6.0
[    0.172180] VFS: Dquot-cache hash table entries: 1024 (order 0, 4096 bytes)
[    0.196930] NET: Registered PF_INET protocol family
[    0.197271] IP idents hash table entries: 8192 (order: 4, 65536 bytes, linear)
[    0.198702] tcp_listen_portaddr_hash hash table entries: 512 (order: 0, 4096 bytes, linear)
[    0.198738] Table-perturb hash table entries: 65536 (order: 6, 262144 bytes, linear)
[    0.198756] TCP established hash table entries: 4096 (order: 2, 16384 bytes, linear)
[    0.198801] TCP bind hash table entries: 4096 (order: 4, 65536 bytes, linear)
[    0.198901] TCP: Hash tables configured (established 4096 bind 4096)
[    0.199020] UDP hash table entries: 256 (order: 1, 14336 bytes, linear)
[    0.199057] UDP-Lite hash table entries: 256 (order: 1, 14336 bytes, linear)
[    0.199237] NET: Registered PF_UNIX/PF_LOCAL protocol family
[    0.200521] RPC: Registered named UNIX socket transport module.
[    0.200543] RPC: Registered udp transport module.
[    0.200548] RPC: Registered tcp transport module.
[    0.200553] RPC: Registered tcp-with-tls transport module.
[    0.200558] RPC: Registered tcp NFSv4.1 backchannel transport module.
[    0.200581] PCI: CLS 0 bytes, default 64
[    0.202109] Initialise system trusted keyrings
[    0.212201] workingset: timestamp_bits=14 max_order=17 bucket_order=3
[    0.213568] NFS: Registering the id_resolver key type
[    0.213654] Key type id_resolver registered
[    0.213661] Key type id_legacy registered
[    0.213769] jffs2: version 2.2. (NAND) (SUMMARY)  Â© 2001-2006 Red Hat, Inc.
[    0.214257] Key type asymmetric registered
[    0.214271] Asymmetric key parser 'x509' registered
[    0.214344] io scheduler mq-deadline registered
[    0.214354] io scheduler kyber registered
[    0.214430] io scheduler bfq registered
[    0.216309] target-module@4b000000:target-module@140000:pmu@0:fck: device ID is greater than 24
[    0.222494] l3-aon-clkctrl:0000:0: failed to disable
[    0.231736] ledtrig-cpu: registered to indicate activity on CPUs
[    0.234600] Serial: 8250/16550 driver, 6 ports, IRQ sharing enabled
[    0.276629] brd: module loaded
[    0.298849] loop: module loaded
[    0.299785] mtdoops: mtd device (mtddev=name/number) must be supplied
[    0.303089] i2c_dev: i2c /dev entries driver
[    0.304087] cpuidle: enable-method property 'ti,am3352' found operations
[    0.304538] sdhci: Secure Digital Host Controller Interface driver
[    0.304549] sdhci: Copyright(c) Pierre Ossman
[    0.304727] sdhci-pltfm: SDHCI platform and OF driver helper
[    0.306181] hw perfevents: enabled with armv7_cortex_a8 PMU driver, 5 (8000000f) counters available
[    0.306696] Initializing XFRM netlink socket
[    0.306878] NET: Registered PF_INET6 protocol family
[    0.312540] l3-aon-clkctrl:0000:0: failed to disable
[    0.327093] Segment Routing with IPv6
[    0.327179] In-situ OAM (IOAM) with IPv6
[    0.327279] sit: IPv6, IPv4 and MPLS over IPv4 tunneling driver
[    0.328242] NET: Registered PF_PACKET protocol family
[    0.328272] NET: Registered PF_KEY protocol family
[    0.328409] Key type dns_resolver registered
[    0.328635] ThumbEE CPU extension supported.
[    0.328654] Registering SWP/SWPB emulation handler
[    0.329190] omap_voltage_late_init: Voltage driver support not added
[    0.329864] SmartReflex Class3 initialized
[    0.377721] Loading compiled-in X.509 certificates
[    0.409500] /ocp/interconnect@44c00000/segment@200000/target-module@b000/i2c@0/tda19988@70: Fixed dependency cycle(s) with /ocp/interconnect@48000000/segment@300000/target-module@e000/lcdc@0
[    0.416133] /ocp/interconnect@44c00000/segment@200000/target-module@b000/i2c@0/tda19988@70: Fixed dependency cycle(s) with /ocp/interconnect@48000000/segment@300000/target-module@e000/lcdc@0
[    0.447928] /ocp/interconnect@44c00000/segment@200000/target-module@b000/i2c@0/tda19988@70: Fixed dependency cycle(s) with /ocp/interconnect@48000000/segment@300000/target-module@e000/lcdc@0
[    0.448817] /ocp/interconnect@44c00000/segment@200000/target-module@b000/i2c@0/tda19988@70: Fixed dependency cycle(s) with /ocp/interconnect@48000000/segment@300000/target-module@e000/lcdc@0
[    0.452552] /ocp/interconnect@44c00000/segment@200000/target-module@10000/scm@0/pinmux@800: Fixed dependency cycle(s) with /ocp/interconnect@44c00000/segment@200000/target-module@10000/scm@0/pinmux@800/clkout2-pins
[    0.453156] pinctrl-single 44e10800.pinmux: 142 pins, size 568
[    0.458429] ti-sysc 44e31000.target-module: probe with driver ti-sysc failed with error -16
[    0.475415] /ocp/interconnect@48000000/segment@300000/target-module@e000/lcdc@0: Fixed dependency cycle(s) with /ocp/interconnect@44c00000/segment@200000/target-module@b000/i2c@0/tda19988@70
[    0.483722] ti-sysc 48040000.target-module: probe with driver ti-sysc failed with error -16
[    0.529120] OMAP GPIO hardware version 0.1
[    0.555684] omap_i2c 4819c000.i2c: bus 2 rev0.11 at 100 kHz
[    0.585981] 48000000.interconnect:segment@200000:target-module@0:mpu@0:fck: device ID is greater than 24
[    0.586896] /ocp/interconnect@48000000/segment@300000/target-module@e000/lcdc@0: Fixed dependency cycle(s) with /ocp/interconnect@44c00000/segment@200000/target-module@b000/i2c@0/tda19988@70
[    0.589724] /ocp/interconnect@48000000/segment@300000/target-module@e000/lcdc@0: Fixed dependency cycle(s) with /ocp/interconnect@44c00000/segment@200000/target-module@b000/i2c@0/tda19988@70
[    0.590431] /ocp/interconnect@44c00000/segment@200000/target-module@b000/i2c@0/tda19988@70: Fixed dependency cycle(s) with /ocp/interconnect@48000000/segment@300000/target-module@e000/lcdc@0
[    0.590600] /ocp/interconnect@48000000/segment@300000/target-module@e000/lcdc@0: Fixed dependency cycle(s) with /ocp/interconnect@44c00000/segment@200000/target-module@b000/i2c@0/tda19988@70
[    0.602105] sdhci-omap 481d8000.mmc: supply pbias not found, using dummy regulator
[    0.602802] sdhci-omap 481d8000.mmc: supply vqmmc not found, using dummy regulator
[    0.657552] davinci_mdio 4a101000.mdio: davinci mdio revision 1.6, bus freq 1000000
[    0.818411] davinci_mdio 4a101000.mdio: phy[0]: device 4a101000.mdio:00, driver SMSC LAN8710/LAN8720
[    0.819176] cpsw-switch 4a100000.switch: initialized cpsw ale version 1.4
[    0.819199] cpsw-switch 4a100000.switch: ALE Table size 1024, Policers 0
[    0.819352] cpsw-switch 4a100000.switch: cpts: overflow check period 500 (jiffies)
[    0.819367] cpsw-switch 4a100000.switch: CPTS: ref_clk_freq:250000000 calc_mult:2147483648 calc_shift:29 error:0 nsec/sec
[    0.819486] cpsw-switch 4a100000.switch: Detected MACID = 6c:ec:eb:68:de:78
[    0.821336] cpsw-switch 4a100000.switch: initialized (regs 0x4a100000, pool size 256) hw_ver:0019010C 1.12 (0)
[    0.832540] debugfs: Directory '49000000.dma' with parent 'dmaengine' already present!
[    0.832582] edma 49000000.dma: TI EDMA DMA engine driver
[    0.898913] 44e09000.serial: ttyS0 at MMIO 0x44e09000 (irq = 34, base_baud = 3000000) is a 8250
[    0.899004] printk: legacy console [ttyS0] enabled
[    2.372408] tps65217-pmic: Failed to locate of_node [id: -1]
[    2.378473] tps65217-bl: Failed to locate of_node [id: -1]
[    2.384526] platform tps65217-charger: DMA mask not set
[    2.390589] platform tps65217-pwrbutton: DMA mask not set
[    2.397944] tps65217 0-0024: TPS65217 ID 0xe version 1.2
[    2.404114] /ocp/interconnect@48000000/segment@300000/target-module@e000/lcdc@0: Fixed dependency cycle(s) with /ocp/interconnect@44c00000/segment@200000/target-module@b000/i2c@0/tda19988@70
[    2.421540] /ocp/interconnect@44c00000/segment@200000/target-module@b000/i2c@0/tda19988@70: Fixed dependency cycle(s) with /ocp/interconnect@48000000/segment@300000/target-module@e000/lcdc@0
[    2.438886] omap_i2c 44e0b000.i2c: bus 0 rev0.11 at 400 kHz
[    2.446771] omap_gpio 44e07000.gpio: Could not set line 6 debounce to 200000 microseconds (-22)
[    2.455687] sdhci-omap 48060000.mmc: Got CD GPIO
[    2.460693] sdhci-omap 48060000.mmc: supply pbias not found, using dummy regulator
[    2.470673] sdhci-omap 48060000.mmc: supply vqmmc not found, using dummy regulator
[    2.479952] sdhci-omap 481d8000.mmc: supply pbias not found, using dummy regulator
[    2.489663] sdhci-omap 481d8000.mmc: supply vqmmc not found, using dummy regulator
[    2.525281] mmc0: SDHCI controller on 48060000.mmc [48060000.mmc] using External DMA
[    2.533588] mmc1: SDHCI controller on 481d8000.mmc [481d8000.mmc] using External DMA
[    2.542324] cpsw-switch 4a100000.switch: starting ndev. mode: dual_mac
[    2.590595] mmc0: new high speed SDHC card at address 5048
[    2.597674] mmcblk0: mmc0:5048 SD16G 14.4 GiB
[    2.605986]  mmcblk0: p1 p2
[    2.609374] mmcblk0: p2 size 31221760 extends beyond EOD, truncated
[    2.622818] SMSC LAN8710/LAN8720 4a101000.mdio:00: attached PHY driver (mii_bus:phy_addr=4a101000.mdio:00, irq=POLL)
[    2.633795] mmc1: new high speed MMC card at address 0001
[    2.646401] mmcblk1: mmc1:0001 MMC04G 3.60 GiB
[    2.654056]  mmcblk1: p1 p2
[    2.658298] mmcblk1boot0: mmc1:0001 MMC04G 2.00 MiB
[    2.667088] mmcblk1boot1: mmc1:0001 MMC04G 2.00 MiB
[    2.676353] mmcblk1rpmb: mmc1:0001 MMC04G 128 KiB, chardev (248:0)
[    5.762227] cpsw-switch 4a100000.switch eth0: Link is Up - 100Mbps/Full - flow control off
[    5.801695] IP-Config: Complete:
[    5.804970]      device=eth0, hwaddr=6c:ec:eb:68:de:78, ipaddr=192.168.255.1, mask=255.255.255.0, gw=255.255.255.255
[    5.815651]      host=bbb1, domain=, nis-domain=(none)
[    5.820820]      bootserver=192.168.255.126, rootserver=192.168.255.126, rootpath=
[    5.821249] clk: Disabling unused clocks
[    5.833087] PM: genpd: Disabling unused power domains
[    5.838209] KTAP version 1
[    5.840930] 1..0
[    5.865868] VFS: Mounted root (nfs filesystem) on device 0:17.
[    5.872954] devtmpfs: mounted
[    5.877439] Freeing unused kernel image (initmem) memory: 1024K
[    5.884384] Run /sbin/init as init process
[    6.572295] systemd[1]: System time before build time, advancing clock.
[    8.031466] random: crng init done
[    8.044023] systemd[1]: systemd 232 running in system mode. (+PAM +AUDIT +SELINUX +IMA +APPARMOR +SMACK +SYSVINIT +UTMP +LIBCRYPTSETUP +GCRYPT +GNUTLS +ACL +XZ +LZ4 +SECCOMP +BLKID +ELFUTILS +KMOD +IDN)
[    8.063214] systemd[1]: Detected architecture arm.

Welcome to [1mDebian GNU/Linux 9 (stretch)[0m!

[    8.094573] systemd[1]: Set hostname to <arm>.
[    9.189347] systemd[1]: Listening on /dev/initctl Compatibility Named Pipe.
[[0;32m  OK  [0m] Listening on /dev/initctl Compatibility Named Pipe.
[    9.223234] systemd[1]: systemd-journald-dev-log.socket: SO_PASSSEC failed: Operation not supported
[    9.232980] systemd[1]: Listening on Journal Socket (/dev/log).
[[0;32m  OK  [0m] Listening on Journal Socket (/dev/log).
[    9.263084] systemd[1]: Created slice System Slice.
[[0;32m  OK  [0m] Created slice System Slice.
[    9.322059] systemd[1]: Mounting Debug File System...
         Mounting Debug File System...
[    9.332877] systemd[1]: Reached target Swap.
[[0;32m  OK  [0m] Reached target Swap.
[    9.359628] systemd[1]: Mounting POSIX Message Queue File System...
         Mounting POSIX Message Queue File System...
[[0;32m  OK  [0m] Created slice User and Session Slice.
[[0;32m  OK  [0m] Reached target Slices.
[[0;32m  OK  [0m] Listening on Journal Audit Socket.
[[0;32m  OK  [0m] Started Forward Password Requests to Wall Directory Watch.
[[0;32m  OK  [0m] Set up automount Arbitrary Executabâ€¦rmats File System Automount Point.
[[0;32m  OK  [0m] Created slice system-serial\x2dgetty.slice.
[[0;32m  OK  [0m] Created slice system-getty.slice.
[[0;32m  OK  [0m] Listening on Syslog Socket.
[[0;32m  OK  [0m] Started Dispatch Password Requests to Console Directory Watch.
[[0;32m  OK  [0m] Reached target Encrypted Volumes.
[[0;32m  OK  [0m] Reached target Paths.
[[0;32m  OK  [0m] Listening on udev Kernel Socket.
[[0;32m  OK  [0m] Listening on Journal Socket.
         Starting Journal Service...
         Starting Load Kernel Modules...
         Starting Remount Root and Kernel File Systems...
         Starting Create list of required stâ€¦ce nodes for the current kernel...
[[0;32m  OK  [0m] Listening on udev Control Socket.
[[0;32m  OK  [0m] Reached target Remote File Systems.
[[0;32m  OK  [0m] Mounted POSIX Message Queue File System.
[[0;32m  OK  [0m] Mounted Debug File System.
[[0;32m  OK  [0m] Started Remount Root and Kernel File Systems.
[[0;32m  OK  [0m] Started Load Kernel Modules.
[[0;32m  OK  [0m] Started Create list of required staâ€¦vice nodes for the current kernel.
         Starting Create Static Device Nodes in /dev...
         Starting Apply Kernel Variables...
         Mounting Configuration File System...
         Starting udev Coldplug all Devices...
         Starting Load/Save Random Seed...
[[0;32m  OK  [0m] Mounted Configuration File System.
[[0;32m  OK  [0m] Started Apply Kernel Variables.
[[0;32m  OK  [0m] Started Load/Save Random Seed.
[[0;32m  OK  [0m] Started Journal Service.
         Starting Flush Journal to Persistent Storage...
[[0;32m  OK  [0m] Started Create Static Device Nodes in /dev.
         Starting udev Kernel Device Manager...
[[0;32m  OK  [0m] Reached target Local File Systems (Pre).
[[0;32m  OK  [0m] Reached target Local File Systems.
         Starting Raise network interfaces...
[   11.180871] systemd-journald[85]: Received request to flush runtime journal from PID 1
[[0;32m  OK  [0m] Started Flush Journal to Persistent Storage.
         Starting Create Volatile Files and Directories...
[[0;32m  OK  [0m] Started udev Kernel Device Manager.
[[0;32m  OK  [0m] Started Create Volatile Files and Directories.
         Starting Update UTMP about System Boot/Shutdown...
         Starting Network Time Synchronization...
[[0;32m  OK  [0m] Started Update UTMP about System Boot/Shutdown.
[[0;32m  OK  [0m] Started Network Time Synchronization.
[[0;32m  OK  [0m] Reached target System Time Synchronized.
[[0;32m  OK  [0m] Started udev Coldplug all Devices.
[[0;32m  OK  [0m] Reached target System Initialization.
[[0;32m  OK  [0m] Listening on Avahi mDNS/DNS-SD Stack Activation Socket.
[[0;32m  OK  [0m] Listening on D-Bus System Message Bus Socket.
[[0;32m  OK  [0m] Reached target Sockets.
[[0;32m  OK  [0m] Started Daily Cleanup of Temporary Directories.
[[0;32m  OK  [0m] Reached target Basic System.
         Starting Login Service...
         Starting Generic Board Startup...
         Starting DUN service...
         Starting Cape Manager Service...
[   15.060416] remoteproc remoteproc0: wkup_m3 is available
         Starting Telephony service...
[   15.187806] am335x-phy-driver 47401300.usb-phy: dummy supplies not allowed for exclusive requests (id=vbus)
[   15.198898] usbcore: registered new interface driver usbfs
[   15.204927] usbcore: registered new interface driver hub
[   15.210369] usbcore: registered new device driver usb
         Starting LSB: Load kernel modules needed to enable cpufreq scaling...
[   15.301609] at24 2-0054: supply vcc not found, using dummy regulator
[   15.352386] at24 2-0055: supply vcc not found, using dummy regulator
[[0;32m  OK  [0m] Started Daily apt download activities.
[   15.463064] omap_wdt: OMAP Watchdog Timer Rev 0x01: initial timeout 60 sec
[   15.492507] at24 2-0056: supply vcc not found, using dummy regulator
         Starting System Logging Service...
[[0;32m  OK  [0m] Started Daily apt upgrade and clean activiti[   15.642413] at24 2-0057: supply vcc not found, using dummy regulator
es.
[[0;32m  OK  [0m] Reached target Timers.
[   15.790411] at24 0-0050: 32768 byte 24c256 EEPROM, writable, 1 bytes/write
         Starting Avahi mDNS/DNS-SD Stack...
         Starting LSB: Start busybox udhcpd at boot time...
[   15.980985] am335x-phy-driver 47401b00.usb-phy: dummy supplies not allowed for exclusive requests (id=vbus)
[   16.068410] input: tps65217_pwrbutton as /devices/platform/ocp/44c00000.interconnect/44c00000.interconnect:segment@200000/44e0b000.target-module/44e0b000.i2c/i2c-0/0-0024/tps65217-pwrbutton/input/input0
[[0;32m  OK  [0m] Started D-Bus System Message Bus.
[   16.429753] omap_rtc 44e3e000.rtc: registered as rtc0
[   16.435088] omap_rtc 44e3e000.rtc: setting system clock to 2000-01-01T00:00:00 UTC (946684800)
[   16.583079] musb-hdrc musb-hdrc.1: MUSB HDRC host driver
[   16.588498] musb-hdrc musb-hdrc.1: new USB bus registered, assigned bus number 1
[   16.861879] usb usb1: New USB device found, idVendor=1d6b, idProduct=0002, bcdDevice= 6.16
[   16.870241] usb usb1: New USB device strings: Mfr=3, Product=2, SerialNumber=1
[   16.877609] usb usb1: Product: MUSB HDRC host driver
[   16.882671] usb usb1: Manufacturer: Linux 6.16.0-rc1-next-20250612 musb-hcd
[   16.889673] usb usb1: SerialNumber: musb-hdrc.1
[   17.204477] hub 1-0:1.0: USB hub found
[   17.209061] hub 1-0:1.0: 1 port detected
[   17.929478] omap-mailbox 480c8000.mailbox: omap mailbox rev 0x400
[   17.994165] remoteproc remoteproc0: powering up wkup_m3
[   18.229903] remoteproc remoteproc0: Direct firmware load for am335x-pm-firmware.elf failed with error -2
[   18.239703] remoteproc remoteproc0: request_firmware failed: -2
[   18.245745] wkup_m3_ipc 44e11324.wkup_m3_ipc: rproc_boot failed
[   18.641834] tda998x 0-0070: found TDA19988
[   20.373725] omap_rng 48310000.rng: Random Number Generator ver. 20
[   20.381980] tilcdc 4830e000.lcdc: bound 0-0070 (ops tda998x_audio_codec_init [tda998x])
[   20.489133] [drm] Initialized tilcdc 1.0.0 for 4830e000.lcdc on minor 0
[   20.567050] tilcdc 4830e000.lcdc: [drm] Cannot find any crtc or sizes
[   20.576964] tilcdc 4830e000.lcdc: [drm] Cannot find any crtc or sizes
[[0;32m  OK  [0m] Started Telephony service.
[[0;32m  OK  [0m] Started Avahi mDNS/DNS-SD Stack.
[[0;32m  OK  [0m] Started DUN service.
         Starting Connection service...
[[0;32m  OK  [0m] Started Regular background program processing daemon.
[   21.478026] omap-sham 53100000.sham: hw accel on OMAP rev 4.3
[   21.559859] PM: Cannot get wkup_m3_ipc handle
[[0;32m  OK  [0m] Started System Logging Service.
[   21.650488] omap-sham 53100000.sham: will run requests pump with realtime priority
[   21.659657] PM: Cannot get wkup_m3_ipc handle
[   21.718656] omap-aes 53500000.aes: OMAP AES hw accel rev: 3.2
[   21.832574] omap-aes 53500000.aes: will run requests pump with realtime priority
[[0;32m  OK  [0m] Started Cape Manager Service.[   21.845821] PM: Cannot get wkup_m3_ipc handle

[   23.085868] Bluetooth: Core ver 2.22
[   23.089665] NET: Registered PF_BLUETOOTH protocol family
[   23.095242] Bluetooth: HCI device and connection manager initialized
[   23.101706] Bluetooth: HCI socket layer initialized
[   23.106619] Bluetooth: L2CAP socket layer initialized
[   23.111799] Bluetooth: SCO socket layer initialized
[[0;32m  OK  [0m] Found device /dev/ttyS0.
[   25.482127] gpio-537 (nxp,calib): gpiod_direction_output_nonotify: tried to set a GPIO tied to an IRQ as output
[   25.516333] PM: Cannot get wkup_m3_ipc handle
[   25.652696] PM: Cannot get wkup_m3_ipc handle
[   25.796550] tda9950 0-0034: TDA9950 CEC interface, hardware version 3.3
[   25.894239] PM: Cannot get wkup_m3_ipc handle
[[0;32m  OK  [0m] Started LSB: Start busybox udhcpd at boot time.
[[0;32m  OK  [0m] Started LSB: Load kernel modules needed to enable cpufreq scaling.
[[0;32m  OK  [0m] Started Raise network interfaces.
[   28.336764] configfs-gadget.g_multi gadget.0: HOST MAC 1c:ba:8c:a2:ed:6c
[   28.343979] configfs-gadget.g_multi gadget.0: MAC 1c:ba:8c:a2:ed:70
[   28.351550] configfs-gadget.g_multi gadget.0: HOST MAC 1c:ba:8c:a2:ed:6c
[   28.358320] configfs-gadget.g_multi gadget.0: MAC 1c:ba:8c:a2:ed:6d
[   28.367922] PM: Cannot get wkup_m3_ipc handle
[[0;32m  OK  [0m] Started Connection service.
[[0;32m  OK  [0m] Started Login Service.
[[0;32m  OK  [0m] Reached target Sound Card.
[[0;32m  OK  [0m] Reached target Network.
         Starting OpenBSD Secure Shell server...
[[0;32m  OK  [0m] Reached target Network is Online.
         Starting LSB: Advanced IEEE 802.11 management daemon...
         Starting The Apache HTTP Server...
         Starting Permit User Sessions...
         Starting LSB: set CPUFreq kernel parameters...
[[0;32m  OK  [0m] Started LSB: Advanced IEEE 802.11 management daemon.
[[0;32m  OK  [0m] Started Permit User Sessions.
         Starting Hostname Service...
[[0;32m  OK  [0m] Started Getty on tty1.
[[0;32m  OK  [0m] Started Serial Getty on ttyS0.
[[0;32m  OK  [0m] Reached target Login Prompts.
         Starting WPA supplicant...
[[0;32m  OK  [0m] Started LSB: set CPUFreq kernel parameters.
         Stopping LSB: Start busybox udhcpd at boot time...
[[0;32m  OK  [0m] Started Hostname Service.
[[0;32m  OK  [0m] Started WPA supplicant.
[[0;32m  OK  [0m] Started OpenBSD Secure Shell server.
[[0;32m  OK  [0m] Stopped LSB: Start busybox udhcpd at boot time.
         Starting dnsmasq - A lightweight DHCP and caching DNS server...
[[0;32m  OK  [0m] Started The Apache HTTP Server.
[[0;32m  OK  [0m] Started dnsmasq - A lightweight DHCP and caching DNS server.
[[0;32m  OK  [0m] Reached target Host and Network Name Lookups.
[[0;32m  OK  [0m] Started Serial Getty on ttyGS0.
[[0;32m  OK  [0m] Started Generic Board Startup.
[[0;32m  OK  [0m] Reached target Multi-User System.
[[0;32m  OK  [0m] Reached target Graphical Interface.
         Starting Update UTMP about System Runlevel Changes...
[[0;32m  OK  [0m] Started Update UTMP about System Runlevel Changes.

Debian GNU/Linux 9 arm ttyS0

default username:password is [debian:temppwd]

arm login: root
Password: 
Last login: Sat Jan  1 00:00:30 UTC 2000 on ttyS0
root
Linux arm 6.16.0-rc1-next-20250612 #1 SMP Thu Jun 12 07:39:36 EEST 2025 armv7l

The programs included with the Debian GNU/Linux system are free software;
the exact distribution terms for each program are described in the
individual files in /usr/share/doc/*/copyright.

Debian GNU/Linux comes with ABSOLUTELY NO WARRANTY, to the extent
permitted by applicable law.
root@arm:~# root
-bash: root: command not found
root@arm:~# dmesg -n 1
root@arm:~# echo 'CBOW''LUWYZQ'
CBOWLUWYZQ
root@arm:~# run() { echo -n "$MARKER"; sh -c "$@"; echo "$MARKER $?"; }
root@arm:~# echo 'XVWQ''WJFQUQ'
XVWQWJFQUQ
root@arm:~# MARKER='SCYZ''HBMOPP' run 'cat /proc/version'
SCYZHBMOPPLinux version 6.16.0-rc1-next-20250612 (user01@drvtest01) (arm-none-eabi-gcc (Arm GNU Toolchain 14.2.Rel1 (Build arm-14.52)) 14.2.1 20241119, GNU ld (Arm GNU Toolchain 14.2.Rel1 (Build arm-14.52)) 2.43.1.20241119) #1 SMP Thu Jun 12 07:39:36 EEST 2025
SCYZHBMOPP 0
root@arm:~# echo 'ALGQ''BFHQZZ'
ALGQBFHQZZ
root@arm:~# MARKER='VAVC''OVJGNQ' run false
VAVCOVJGNQVAVCOVJGNQ 1
root@arm:~# Labgrid Console Logfile for main
Logfile started at 2025-06-12 07:44:04.697953
=== Log starts here ===

root@arm:~# run() { echo -n "$MARKER"; sh -c "$@"; echo "$MARKER $?"; }
root@arm:~# echo 'ABZB''CSTQVN'
ABZBCSTQVN
root@arm:~# MARKER='FKEH''WHTVBU' run 'ls /iio_generic_buffer; echo $?'
FKEHWHTVBU/iio_generic_buffer
0
FKEHWHTVBU 0
root@arm:~# Labgrid Console Logfile for main
Logfile started at 2025-06-12 07:44:08.055885
=== Log starts here ===

root@arm:~# run() { echo -n "$MARKER"; sh -c "$@"; echo "$MARKER $?"; }
root@arm:~# echo 'OATG''VBJTPN'
OATGVBJTPN
root@arm:~# MARKER='CUJP''XXBPFE' run dmesg
CUJPXXBPFE[    0.000000] Booting Linux on physical CPU 0x0
[    0.000000] Linux version 6.16.0-rc1-next-20250612 (user01@drvtest01) (arm-none-eabi-gcc (Arm GNU Toolchain 14.2.Rel1 (Build arm-14.52)) 14.2.1 20241119, GNU ld (Arm GNU Toolchain 14.2.Rel1 (Build arm-14.52)) 2.43.1.20241119) #1 SMP Thu Jun 12 07:39:36 EEST 2025
[    0.000000] CPU: ARMv7 Processor [413fc082] revision 2 (ARMv7), cr=10c5387d
[    0.000000] CPU: PIPT / VIPT nonaliasing data cache, VIPT aliasing instruction cache
[    0.000000] OF: fdt: Machine model: TI AM335x BeagleBone Black
[    0.000000] Memory policy: Data cache writeback
[    0.000000] cma: Reserved 16 MiB at 0x9e800000
[    0.000000] Zone ranges:
[    0.000000]   Normal   [mem 0x0000000080000000-0x000000009fdfffff]
[    0.000000]   HighMem  empty
[    0.000000] Movable zone start for each node
[    0.000000] Early memory node ranges
[    0.000000]   node   0: [mem 0x0000000080000000-0x000000009fdfffff]
[    0.000000] Initmem setup node 0 [mem 0x0000000080000000-0x000000009fdfffff]
[    0.000000] On node 0, zone Normal: 512 pages in unavailable ranges
[    0.000000] OF: reserved mem: Reserved memory: No reserved-memory node in the DT
[    0.000000] CPU: All CPU(s) started in SVC mode.
[    0.000000] AM335X ES2.1 (sgx neon)
[    0.000000] percpu: Embedded 17 pages/cpu s39820 r8192 d21620 u69632
[    0.000000] pcpu-alloc: s39820 r8192 d21620 u69632 alloc=17*4096
[    0.000000] pcpu-alloc: [0] 0 
[    0.000000] Kernel command line: console=ttyO0,115200n8 root=/dev/nfs rw nfsroot=192.168.255.126:/home/user01/nfs,nfsvers=3 ip=192.168.255.1:192.168.255.126::255.255.255.0:bbb1:eth0 nfsrootdebug
[    0.000000] Unknown kernel command line parameters "nfsrootdebug", will be passed to user space.
[    0.000000] printk: log buffer data + meta data: 65536 + 204800 = 270336 bytes
[    0.000000] Dentry cache hash table entries: 65536 (order: 6, 262144 bytes, linear)
[    0.000000] Inode-cache hash table entries: 32768 (order: 5, 131072 bytes, linear)
[    0.000000] Built 1 zonelists, mobility grouping on.  Total pages: 130560
[    0.000000] mem auto-init: stack:off, heap alloc:off, heap free:off
[    0.000000] SLUB: HWalign=16, Order=0-3, MinObjects=0, CPUs=1, Nodes=1
[    0.000000] rcu: Hierarchical RCU implementation.
[    0.000000] rcu: 	RCU event tracing is enabled.
[    0.000000] rcu: 	RCU restricting CPUs from NR_CPUS=2 to nr_cpu_ids=1.
[    0.000000] 	Tracing variant of Tasks RCU enabled.
[    0.000000] rcu: RCU calculated value of scheduler-enlistment delay is 10 jiffies.
[    0.000000] rcu: Adjusting geometry for rcu_fanout_leaf=16, nr_cpu_ids=1
[    0.000000] RCU Tasks Trace: Setting shift to 0 and lim to 1 rcu_task_cb_adjust=1 rcu_task_cpu_ids=1.
[    0.000000] NR_IRQS: 16, nr_irqs: 16, preallocated irqs: 16
[    0.000000] IRQ: Found an INTC at 0x(ptrval) (revision 5.0) with 128 interrupts
[    0.000000] rcu: srcu_init: Setting srcu_struct sizes based on contention.
[    0.000000] TI gptimer clocksource: always-on /ocp/interconnect@44c00000/segment@200000/target-module@31000
[    0.000003] sched_clock: 32 bits at 24MHz, resolution 41ns, wraps every 89478484971ns
[    0.000025] clocksource: dmtimer: mask: 0xffffffff max_cycles: 0xffffffff, max_idle_ns: 79635851949 ns
[    0.000505] TI gptimer clockevent: 24000000 Hz at /ocp/interconnect@48000000/segment@0/target-module@40000
[    0.002141] Console: colour dummy device 80x30
[    0.002207] WARNING: Your 'console=ttyO0' has been replaced by 'ttyS0'
[    0.002215] This ensures that you still see kernel messages. Please
[    0.002219] update your kernel commandline.
[    0.002262] Calibrating delay loop... 996.14 BogoMIPS (lpj=4980736)
[    0.090552] CPU: Testing write buffer coherency: ok
[    0.090661] CPU0: Spectre v2: using BPIALL workaround
[    0.090671] pid_max: default: 32768 minimum: 301
[    0.090828] LSM: initializing lsm=capability
[    0.091006] Mount-cache hash table entries: 1024 (order: 0, 4096 bytes, linear)
[    0.091024] Mountpoint-cache hash table entries: 1024 (order: 0, 4096 bytes, linear)
[    0.092654] CPU0: thread -1, cpu 0, socket -1, mpidr 0
[    0.092711] cacheinfo: Unable to detect cache hierarchy for CPU 0
[    0.094701] Setting up static identity map for 0x80100000 - 0x80100078
[    0.095034] rcu: Hierarchical SRCU implementation.
[    0.095044] rcu: 	Max phase no-delay instances is 1000.
[    0.096781] smp: Bringing up secondary CPUs ...
[    0.096835] smp: Brought up 1 node, 1 CPU
[    0.096850] SMP: Total of 1 processors activated (996.14 BogoMIPS).
[    0.096861] CPU: All CPU(s) started in SVC mode.
[    0.097049] Memory: 480824K/522240K available (11264K kernel code, 1219K rwdata, 2924K rodata, 1024K init, 284K bss, 23384K reserved, 16384K cma-reserved, 0K highmem)
[    0.097880] devtmpfs: initialized
[    0.115204] VFP support v0.3: implementor 41 architecture 3 part 30 variant c rev 3
[    0.115843] clocksource: jiffies: mask: 0xffffffff max_cycles: 0xffffffff, max_idle_ns: 19112604462750000 ns
[    0.115899] posixtimers hash table entries: 512 (order: 0, 4096 bytes, linear)
[    0.115925] futex hash table entries: 256 (16384 bytes on 1 NUMA nodes, total 16 KiB, linear).
[    0.117054] pinctrl core: initialized pinctrl subsystem
[    0.119107] NET: Registered PF_NETLINK/PF_ROUTE protocol family
[    0.122207] DMA: preallocated 256 KiB pool for atomic coherent allocations
[    0.123171] audit: initializing netlink subsys (disabled)
[    0.124515] thermal_sys: Registered thermal governor 'fair_share'
[    0.124528] thermal_sys: Registered thermal governor 'step_wise'
[    0.124536] thermal_sys: Registered thermal governor 'user_space'
[    0.124648] audit: type=2000 audit(0.120:1): state=initialized audit_enabled=0 res=1
[    0.124717] cpuidle: using governor menu
[    0.142715] /ocp/interconnect@44c00000/segment@200000/target-module@b000/i2c@0/tda19988@70: Fixed dependency cycle(s) with /ocp/interconnect@48000000/segment@300000/target-module@e000/lcdc@0
[    0.143847] /ocp/interconnect@48000000/segment@300000/target-module@e000/lcdc@0: Fixed dependency cycle(s) with /ocp/interconnect@44c00000/segment@200000/target-module@b000/i2c@0/tda19988@70
[    0.146035] No ATAGs?
[    0.146077] hw-breakpoint: debug architecture 0x4 unsupported.
[    0.148814] kprobes: kprobe jump-optimization is enabled. All kprobes are optimized if possible.
[    0.154136] iommu: Default domain type: Translated
[    0.154158] iommu: DMA domain TLB invalidation policy: strict mode
[    0.155731] reg-fixed-voltage fixedregulator0: using DT '/fixedregulator0' for '(default)' GPIO lookup
[    0.155786] of_get_named_gpiod_flags: can't parse 'gpios' property of node '/fixedregulator0[0]'
[    0.155813] of_get_named_gpiod_flags: can't parse 'gpio' property of node '/fixedregulator0[0]'
[    0.155830] reg-fixed-voltage fixedregulator0: using lookup tables for GPIO lookup
[    0.155839] reg-fixed-voltage fixedregulator0: No GPIO consumer (default) found
[    0.161506] SCSI subsystem initialized
[    0.162002] libata version 3.00 loaded.
[    0.162374] pps_core: LinuxPPS API ver. 1 registered
[    0.162385] pps_core: Software ver. 5.3.6 - Copyright 2005-2007 Rodolfo Giometti <giometti@linux.it>
[    0.162410] PTP clock support registered
[    0.171064] vgaarb: loaded
[    0.171444] clocksource: Switched to clocksource dmtimer
[    0.172119] VFS: Disk quotas dquot_6.6.0
[    0.172180] VFS: Dquot-cache hash table entries: 1024 (order 0, 4096 bytes)
[    0.196930] NET: Registered PF_INET protocol family
[    0.197271] IP idents hash table entries: 8192 (order: 4, 65536 bytes, linear)
[    0.198702] tcp_listen_portaddr_hash hash table entries: 512 (order: 0, 4096 bytes, linear)
[    0.198738] Table-perturb hash table entries: 65536 (order: 6, 262144 bytes, linear)
[    0.198756] TCP established hash table entries: 4096 (order: 2, 16384 bytes, linear)
[    0.198801] TCP bind hash table entries: 4096 (order: 4, 65536 bytes, linear)
[    0.198901] TCP: Hash tables configured (established 4096 bind 4096)
[    0.199020] UDP hash table entries: 256 (order: 1, 14336 bytes, linear)
[    0.199057] UDP-Lite hash table entries: 256 (order: 1, 14336 bytes, linear)
[    0.199237] NET: Registered PF_UNIX/PF_LOCAL protocol family
[    0.200521] RPC: Registered named UNIX socket transport module.
[    0.200543] RPC: Registered udp transport module.
[    0.200548] RPC: Registered tcp transport module.
[    0.200553] RPC: Registered tcp-with-tls transport module.
[    0.200558] RPC: Registered tcp NFSv4.1 backchannel transport module.
[    0.200581] PCI: CLS 0 bytes, default 64
[    0.202109] Initialise system trusted keyrings
[    0.212201] workingset: timestamp_bits=14 max_order=17 bucket_order=3
[    0.213568] NFS: Registering the id_resolver key type
[    0.213654] Key type id_resolver registered
[    0.213661] Key type id_legacy registered
[    0.213769] jffs2: version 2.2. (NAND) (SUMMARY)  Â© 2001-2006 Red Hat, Inc.
[    0.214257] Key type asymmetric registered
[    0.214271] Asymmetric key parser 'x509' registered
[    0.214344] io scheduler mq-deadline registered
[    0.214354] io scheduler kyber registered
[    0.214430] io scheduler bfq registered
[    0.216309] target-module@4b000000:target-module@140000:pmu@0:fck: device ID is greater than 24
[    0.222494] l3-aon-clkctrl:0000:0: failed to disable
[    0.231736] ledtrig-cpu: registered to indicate activity on CPUs
[    0.234600] Serial: 8250/16550 driver, 6 ports, IRQ sharing enabled
[    0.276629] brd: module loaded
[    0.298849] loop: module loaded
[    0.299785] mtdoops: mtd device (mtddev=name/number) must be supplied
[    0.301675] mdio_bus fixed-0: using lookup tables for GPIO lookup
[    0.301699] mdio_bus fixed-0: No GPIO consumer reset found
[    0.303089] i2c_dev: i2c /dev entries driver
[    0.304087] cpuidle: enable-method property 'ti,am3352' found operations
[    0.304538] sdhci: Secure Digital Host Controller Interface driver
[    0.304549] sdhci: Copyright(c) Pierre Ossman
[    0.304727] sdhci-pltfm: SDHCI platform and OF driver helper
[    0.306181] hw perfevents: enabled with armv7_cortex_a8 PMU driver, 5 (8000000f) counters available
[    0.306696] Initializing XFRM netlink socket
[    0.306878] NET: Registered PF_INET6 protocol family
[    0.312540] l3-aon-clkctrl:0000:0: failed to disable
[    0.327093] Segment Routing with IPv6
[    0.327179] In-situ OAM (IOAM) with IPv6
[    0.327279] sit: IPv6, IPv4 and MPLS over IPv4 tunneling driver
[    0.328242] NET: Registered PF_PACKET protocol family
[    0.328272] NET: Registered PF_KEY protocol family
[    0.328409] Key type dns_resolver registered
[    0.328635] ThumbEE CPU extension supported.
[    0.328654] Registering SWP/SWPB emulation handler
[    0.329190] omap_voltage_late_init: Voltage driver support not added
[    0.329864] SmartReflex Class3 initialized
[    0.377721] Loading compiled-in X.509 certificates
[    0.409500] /ocp/interconnect@44c00000/segment@200000/target-module@b000/i2c@0/tda19988@70: Fixed dependency cycle(s) with /ocp/interconnect@48000000/segment@300000/target-module@e000/lcdc@0
[    0.416133] /ocp/interconnect@44c00000/segment@200000/target-module@b000/i2c@0/tda19988@70: Fixed dependency cycle(s) with /ocp/interconnect@48000000/segment@300000/target-module@e000/lcdc@0
[    0.421762] gpiochip_find_base_unlocked: found new base at 512
[    0.447928] /ocp/interconnect@44c00000/segment@200000/target-module@b000/i2c@0/tda19988@70: Fixed dependency cycle(s) with /ocp/interconnect@48000000/segment@300000/target-module@e000/lcdc@0
[    0.448817] /ocp/interconnect@44c00000/segment@200000/target-module@b000/i2c@0/tda19988@70: Fixed dependency cycle(s) with /ocp/interconnect@48000000/segment@300000/target-module@e000/lcdc@0
[    0.452552] /ocp/interconnect@44c00000/segment@200000/target-module@10000/scm@0/pinmux@800: Fixed dependency cycle(s) with /ocp/interconnect@44c00000/segment@200000/target-module@10000/scm@0/pinmux@800/clkout2-pins
[    0.453156] pinctrl-single 44e10800.pinmux: 142 pins, size 568
[    0.458429] ti-sysc 44e31000.target-module: probe with driver ti-sysc failed with error -16
[    0.475415] /ocp/interconnect@48000000/segment@300000/target-module@e000/lcdc@0: Fixed dependency cycle(s) with /ocp/interconnect@44c00000/segment@200000/target-module@b000/i2c@0/tda19988@70
[    0.483722] ti-sysc 48040000.target-module: probe with driver ti-sysc failed with error -16
[    0.495274] gpiochip_find_base_unlocked: found new base at 512
[    0.495376] gpio gpiochip0: (gpio-0-31): created GPIO range 0->7 ==> 44e10800.pinmux PIN 0->7
[    0.495395] gpio gpiochip0: (gpio-0-31): created GPIO range 8->11 ==> 44e10800.pinmux PIN 90->93
[    0.495411] gpio gpiochip0: (gpio-0-31): created GPIO range 12->27 ==> 44e10800.pinmux PIN 12->27
[    0.495426] gpio gpiochip0: (gpio-0-31): created GPIO range 28->31 ==> 44e10800.pinmux PIN 30->33
[    0.528878] gpio gpiochip0: (gpio-0-31): added GPIO chardev (254:0)
[    0.529029] gpio gpiochip0: registered GPIOs 512 to 543 on gpio-0-31
[    0.529120] OMAP GPIO hardware version 0.1
[    0.554694] i2c i2c-2: using DT '/ocp/interconnect@48000000/segment@100000/target-module@9c000/i2c@0' for 'scl' GPIO lookup
[    0.554768] of_get_named_gpiod_flags: can't parse 'scl-gpios' property of node '/ocp/interconnect@48000000/segment@100000/target-module@9c000/i2c@0[0]'
[    0.554809] of_get_named_gpiod_flags: can't parse 'scl-gpio' property of node '/ocp/interconnect@48000000/segment@100000/target-module@9c000/i2c@0[0]'
[    0.554845] i2c i2c-2: using lookup tables for GPIO lookup
[    0.554855] i2c i2c-2: No GPIO consumer scl found
[    0.554876] i2c i2c-2: using DT '/ocp/interconnect@48000000/segment@100000/target-module@9c000/i2c@0' for 'sda' GPIO lookup
[    0.554911] of_get_named_gpiod_flags: can't parse 'sda-gpios' property of node '/ocp/interconnect@48000000/segment@100000/target-module@9c000/i2c@0[0]'
[    0.554947] of_get_named_gpiod_flags: can't parse 'sda-gpio' property of node '/ocp/interconnect@48000000/segment@100000/target-module@9c000/i2c@0[0]'
[    0.554977] i2c i2c-2: using lookup tables for GPIO lookup
[    0.554985] i2c i2c-2: No GPIO consumer sda found
[    0.555684] omap_i2c 4819c000.i2c: bus 2 rev0.11 at 100 kHz
[    0.561243] gpiochip_find_base_unlocked: found new base at 544
[    0.561347] gpio gpiochip1: (gpio-32-63): created GPIO range 0->17 ==> 44e10800.pinmux PIN 34->51
[    0.561366] gpio gpiochip1: (gpio-32-63): created GPIO range 18->21 ==> 44e10800.pinmux PIN 77->80
[    0.561382] gpio gpiochip1: (gpio-32-63): created GPIO range 22->31 ==> 44e10800.pinmux PIN 56->65
[    0.576498] gpio gpiochip1: (gpio-32-63): added GPIO chardev (254:1)
[    0.576651] gpio gpiochip1: registered GPIOs 544 to 575 on gpio-32-63
[    0.578951] gpiochip_find_base_unlocked: found new base at 576
[    0.579051] gpio gpiochip2: (gpio-64-95): created GPIO range 0->4 ==> 44e10800.pinmux PIN 66->70
[    0.579070] gpio gpiochip2: (gpio-64-95): created GPIO range 5->6 ==> 44e10800.pinmux PIN 98->99
[    0.579085] gpio gpiochip2: (gpio-64-95): created GPIO range 7->8 ==> 44e10800.pinmux PIN 75->76
[    0.579100] gpio gpiochip2: (gpio-64-95): created GPIO range 13->13 ==> 44e10800.pinmux PIN 141->141
[    0.579115] gpio gpiochip2: (gpio-64-95): created GPIO range 14->21 ==> 44e10800.pinmux PIN 100->107
[    0.579762] gpio gpiochip2: (gpio-64-95): added GPIO chardev (254:2)
[    0.579896] gpio gpiochip2: registered GPIOs 576 to 607 on gpio-64-95
[    0.585981] 48000000.interconnect:segment@200000:target-module@0:mpu@0:fck: device ID is greater than 24
[    0.586896] /ocp/interconnect@48000000/segment@300000/target-module@e000/lcdc@0: Fixed dependency cycle(s) with /ocp/interconnect@44c00000/segment@200000/target-module@b000/i2c@0/tda19988@70
[    0.589724] /ocp/interconnect@48000000/segment@300000/target-module@e000/lcdc@0: Fixed dependency cycle(s) with /ocp/interconnect@44c00000/segment@200000/target-module@b000/i2c@0/tda19988@70
[    0.590431] /ocp/interconnect@44c00000/segment@200000/target-module@b000/i2c@0/tda19988@70: Fixed dependency cycle(s) with /ocp/interconnect@48000000/segment@300000/target-module@e000/lcdc@0
[    0.590600] /ocp/interconnect@48000000/segment@300000/target-module@e000/lcdc@0: Fixed dependency cycle(s) with /ocp/interconnect@44c00000/segment@200000/target-module@b000/i2c@0/tda19988@70
[    0.600378] mdio_bus 4a101000.mdio: using DT '/ocp/interconnect@4a000000/segment@0/target-module@100000/switch@0/mdio@1000' for 'reset' GPIO lookup
[    0.600458] of_get_named_gpiod_flags: can't parse 'reset-gpios' property of node '/ocp/interconnect@4a000000/segment@0/target-module@100000/switch@0/mdio@1000[0]'
[    0.600506] of_get_named_gpiod_flags: can't parse 'reset-gpio' property of node '/ocp/interconnect@4a000000/segment@0/target-module@100000/switch@0/mdio@1000[0]'
[    0.600553] mdio_bus 4a101000.mdio: using lookup tables for GPIO lookup
[    0.600563] mdio_bus 4a101000.mdio: No GPIO consumer reset found
[    0.601762] sdhci-omap 481d8000.mmc: using DT '/ocp/interconnect@48000000/segment@100000/target-module@d8000/mmc@0' for 'wp' GPIO lookup
[    0.601826] of_get_named_gpiod_flags: can't parse 'wp-gpios' property of node '/ocp/interconnect@48000000/segment@100000/target-module@d8000/mmc@0[0]'
[    0.601869] of_get_named_gpiod_flags: can't parse 'wp-gpio' property of node '/ocp/interconnect@48000000/segment@100000/target-module@d8000/mmc@0[0]'
[    0.601904] sdhci-omap 481d8000.mmc: using lookup tables for GPIO lookup
[    0.601913] sdhci-omap 481d8000.mmc: No GPIO consumer wp found
[    0.602105] sdhci-omap 481d8000.mmc: supply pbias not found, using dummy regulator
[    0.602802] sdhci-omap 481d8000.mmc: supply vqmmc not found, using dummy regulator
[    0.657552] davinci_mdio 4a101000.mdio: davinci mdio revision 1.6, bus freq 1000000
[    0.678898] mdio_bus 4a101000.mdio:00: using DT '/ocp/interconnect@4a000000/segment@0/target-module@100000/switch@0/mdio@1000/ethernet-phy@0' for 'reset' GPIO lookup
[    0.679002] of_get_named_gpiod_flags: parsed 'reset-gpios' property of node '/ocp/interconnect@4a000000/segment@0/target-module@100000/switch@0/mdio@1000/ethernet-phy@0[0]' - status (0)
[    0.679166] gpio gpiochip0: Persistence not supported for GPIO 8
[    0.818411] davinci_mdio 4a101000.mdio: phy[0]: device 4a101000.mdio:00, driver SMSC LAN8710/LAN8720
[    0.819176] cpsw-switch 4a100000.switch: initialized cpsw ale version 1.4
[    0.819199] cpsw-switch 4a100000.switch: ALE Table size 1024, Policers 0
[    0.819352] cpsw-switch 4a100000.switch: cpts: overflow check period 500 (jiffies)
[    0.819367] cpsw-switch 4a100000.switch: CPTS: ref_clk_freq:250000000 calc_mult:2147483648 calc_shift:29 error:0 nsec/sec
[    0.819486] cpsw-switch 4a100000.switch: Detected MACID = 6c:ec:eb:68:de:78
[    0.821336] cpsw-switch 4a100000.switch: initialized (regs 0x4a100000, pool size 256) hw_ver:0019010C 1.12 (0)
[    0.832540] debugfs: Directory '49000000.dma' with parent 'dmaengine' already present!
[    0.832582] edma 49000000.dma: TI EDMA DMA engine driver
[    0.872336] gpio-clk clk_mcasp0: using DT '/clk_mcasp0' for 'enable' GPIO lookup
[    0.872413] of_get_named_gpiod_flags: parsed 'enable-gpios' property of node '/clk_mcasp0[0]' - status (0)
[    0.872458] gpio gpiochip0: Persistence not supported for GPIO 27
[    0.873352] gpiochip_find_base_unlocked: found new base at 608
[    0.873468] gpio gpiochip3: (gpio-96-127): created GPIO range 0->7 ==> 44e10800.pinmux PIN 82->89
[    0.873490] gpio gpiochip3: (gpio-96-127): created GPIO range 8->11 ==> 44e10800.pinmux PIN 52->55
[    0.873506] gpio gpiochip3: (gpio-96-127): created GPIO range 12->15 ==> 44e10800.pinmux PIN 94->97
[    0.873521] gpio gpiochip3: (gpio-96-127): created GPIO range 16->17 ==> 44e10800.pinmux PIN 71->72
[    0.873537] gpio gpiochip3: (gpio-96-127): created GPIO range 18->18 ==> 44e10800.pinmux PIN 135->135
[    0.873553] gpio gpiochip3: (gpio-96-127): created GPIO range 19->20 ==> 44e10800.pinmux PIN 108->109
[    0.873569] gpio gpiochip3: (gpio-96-127): created GPIO range 21->21 ==> 44e10800.pinmux PIN 73->73
[    0.873586] gpio gpiochip3: (gpio-96-127): created GPIO range 22->23 ==> 44e10800.pinmux PIN 8->9
[    0.873603] gpio gpiochip3: (gpio-96-127): created GPIO range 26->27 ==> 44e10800.pinmux PIN 10->11
[    0.873620] gpio gpiochip3: (gpio-96-127): created GPIO range 28->28 ==> 44e10800.pinmux PIN 74->74
[    0.873639] gpio gpiochip3: (gpio-96-127): created GPIO range 29->29 ==> 44e10800.pinmux PIN 81->81
[    0.873657] gpio gpiochip3: (gpio-96-127): created GPIO range 30->31 ==> 44e10800.pinmux PIN 28->29
[    0.896126] gpio gpiochip3: (gpio-96-127): added GPIO chardev (254:3)
[    0.896290] gpio gpiochip3: registered GPIOs 608 to 639 on gpio-96-127
[    0.898239] omap8250 44e09000.serial: using DT '/ocp/interconnect@44c00000/segment@200000/target-module@9000/serial@0' for 'rs485-term' GPIO lookup
[    0.898311] of_get_named_gpiod_flags: can't parse 'rs485-term-gpios' property of node '/ocp/interconnect@44c00000/segment@200000/target-module@9000/serial@0[0]'
[    0.898355] of_get_named_gpiod_flags: can't parse 'rs485-term-gpio' property of node '/ocp/interconnect@44c00000/segment@200000/target-module@9000/serial@0[0]'
[    0.898390] omap8250 44e09000.serial: using lookup tables for GPIO lookup
[    0.898400] omap8250 44e09000.serial: No GPIO consumer rs485-term found
[    0.898411] omap8250 44e09000.serial: using DT '/ocp/interconnect@44c00000/segment@200000/target-module@9000/serial@0' for 'rs485-rx-during-tx' GPIO lookup
[    0.898446] of_get_named_gpiod_flags: can't parse 'rs485-rx-during-tx-gpios' property of node '/ocp/interconnect@44c00000/segment@200000/target-module@9000/serial@0[0]'
[    0.898483] of_get_named_gpiod_flags: can't parse 'rs485-rx-during-tx-gpio' property of node '/ocp/interconnect@44c00000/segment@200000/target-module@9000/serial@0[0]'
[    0.898514] omap8250 44e09000.serial: using lookup tables for GPIO lookup
[    0.898521] omap8250 44e09000.serial: No GPIO consumer rs485-rx-during-tx found
[    0.898913] 44e09000.serial: ttyS0 at MMIO 0x44e09000 (irq = 34, base_baud = 3000000) is a 8250
[    0.899004] printk: legacy console [ttyS0] enabled
[    2.360020] i2c i2c-0: using DT '/ocp/interconnect@44c00000/segment@200000/target-module@b000/i2c@0' for 'scl' GPIO lookup
[    2.360109] of_get_named_gpiod_flags: can't parse 'scl-gpios' property of node '/ocp/interconnect@44c00000/segment@200000/target-module@b000/i2c@0[0]'
[    2.360155] of_get_named_gpiod_flags: can't parse 'scl-gpio' property of node '/ocp/interconnect@44c00000/segment@200000/target-module@b000/i2c@0[0]'
[    2.360194] i2c i2c-0: using lookup tables for GPIO lookup
[    2.360209] i2c i2c-0: No GPIO consumer scl found
[    2.360233] i2c i2c-0: using DT '/ocp/interconnect@44c00000/segment@200000/target-module@b000/i2c@0' for 'sda' GPIO lookup
[    2.360271] of_get_named_gpiod_flags: can't parse 'sda-gpios' property of node '/ocp/interconnect@44c00000/segment@200000/target-module@b000/i2c@0[0]'
[    2.360312] of_get_named_gpiod_flags: can't parse 'sda-gpio' property of node '/ocp/interconnect@44c00000/segment@200000/target-module@b000/i2c@0[0]'
[    2.360346] i2c i2c-0: using lookup tables for GPIO lookup
[    2.360357] i2c i2c-0: No GPIO consumer sda found
[    2.372408] tps65217-pmic: Failed to locate of_node [id: -1]
[    2.378473] tps65217-bl: Failed to locate of_node [id: -1]
[    2.384526] platform tps65217-charger: DMA mask not set
[    2.390589] platform tps65217-pwrbutton: DMA mask not set
[    2.397944] tps65217 0-0024: TPS65217 ID 0xe version 1.2
[    2.404114] /ocp/interconnect@48000000/segment@300000/target-module@e000/lcdc@0: Fixed dependency cycle(s) with /ocp/interconnect@44c00000/segment@200000/target-module@b000/i2c@0/tda19988@70
[    2.421540] /ocp/interconnect@44c00000/segment@200000/target-module@b000/i2c@0/tda19988@70: Fixed dependency cycle(s) with /ocp/interconnect@48000000/segment@300000/target-module@e000/lcdc@0
[    2.438886] omap_i2c 44e0b000.i2c: bus 0 rev0.11 at 400 kHz
[    2.446563] sdhci-omap 48060000.mmc: using DT '/ocp/interconnect@48000000/segment@0/target-module@60000/mmc@0' for 'cd' GPIO lookup
[    2.446674] of_get_named_gpiod_flags: parsed 'cd-gpios' property of node '/ocp/interconnect@48000000/segment@0/target-module@60000/mmc@0[0]' - status (0)
[    2.446744] gpio gpiochip3: Persistence not supported for GPIO 6
[    2.446771] omap_gpio 44e07000.gpio: Could not set line 6 debounce to 200000 microseconds (-22)
[    2.455687] sdhci-omap 48060000.mmc: Got CD GPIO
[    2.460341] sdhci-omap 48060000.mmc: using DT '/ocp/interconnect@48000000/segment@0/target-module@60000/mmc@0' for 'wp' GPIO lookup
[    2.460392] of_get_named_gpiod_flags: can't parse 'wp-gpios' property of node '/ocp/interconnect@48000000/segment@0/target-module@60000/mmc@0[0]'
[    2.460436] of_get_named_gpiod_flags: can't parse 'wp-gpio' property of node '/ocp/interconnect@48000000/segment@0/target-module@60000/mmc@0[0]'
[    2.460474] sdhci-omap 48060000.mmc: using lookup tables for GPIO lookup
[    2.460488] sdhci-omap 48060000.mmc: No GPIO consumer wp found
[    2.460693] sdhci-omap 48060000.mmc: supply pbias not found, using dummy regulator
[    2.469485] sdhci-omap 481d8000.mmc: using DT '/ocp/interconnect@48000000/segment@100000/target-module@d8000/mmc@0' for 'wp' GPIO lookup
[    2.469563] of_get_named_gpiod_flags: can't parse 'wp-gpios' property of node '/ocp/interconnect@48000000/segment@100000/target-module@d8000/mmc@0[0]'
[    2.469610] of_get_named_gpiod_flags: can't parse 'wp-gpio' property of node '/ocp/interconnect@48000000/segment@100000/target-module@d8000/mmc@0[0]'
[    2.469647] sdhci-omap 481d8000.mmc: using lookup tables for GPIO lookup
[    2.469660] sdhci-omap 481d8000.mmc: No GPIO consumer wp found
[    2.470673] sdhci-omap 48060000.mmc: supply vqmmc not found, using dummy regulator
[    2.479952] sdhci-omap 481d8000.mmc: supply pbias not found, using dummy regulator
[    2.489663] sdhci-omap 481d8000.mmc: supply vqmmc not found, using dummy regulator
[    2.525281] mmc0: SDHCI controller on 48060000.mmc [48060000.mmc] using External DMA
[    2.533588] mmc1: SDHCI controller on 481d8000.mmc [481d8000.mmc] using External DMA
[    2.542324] cpsw-switch 4a100000.switch: starting ndev. mode: dual_mac
[    2.590595] mmc0: new high speed SDHC card at address 5048
[    2.597674] mmcblk0: mmc0:5048 SD16G 14.4 GiB
[    2.605986]  mmcblk0: p1 p2
[    2.609374] mmcblk0: p2 size 31221760 extends beyond EOD, truncated
[    2.622818] SMSC LAN8710/LAN8720 4a101000.mdio:00: attached PHY driver (mii_bus:phy_addr=4a101000.mdio:00, irq=POLL)
[    2.633795] mmc1: new high speed MMC card at address 0001
[    2.646401] mmcblk1: mmc1:0001 MMC04G 3.60 GiB
[    2.654056]  mmcblk1: p1 p2
[    2.658298] mmcblk1boot0: mmc1:0001 MMC04G 2.00 MiB
[    2.667088] mmcblk1boot1: mmc1:0001 MMC04G 2.00 MiB
[    2.676353] mmcblk1rpmb: mmc1:0001 MMC04G 128 KiB, chardev (248:0)
[    5.762227] cpsw-switch 4a100000.switch eth0: Link is Up - 100Mbps/Full - flow control off
[    5.801695] IP-Config: Complete:
[    5.804970]      device=eth0, hwaddr=6c:ec:eb:68:de:78, ipaddr=192.168.255.1, mask=255.255.255.0, gw=255.255.255.255
[    5.815651]      host=bbb1, domain=, nis-domain=(none)
[    5.820820]      bootserver=192.168.255.126, rootserver=192.168.255.126, rootpath=
[    5.821249] clk: Disabling unused clocks
[    5.833087] PM: genpd: Disabling unused power domains
[    5.838209] KTAP version 1
[    5.840930] 1..0
[    5.865868] VFS: Mounted root (nfs filesystem) on device 0:17.
[    5.872954] devtmpfs: mounted
[    5.877439] Freeing unused kernel image (initmem) memory: 1024K
[    5.884384] Run /sbin/init as init process
[    5.888521]   with arguments:
[    5.888533]     /sbin/init
[    5.888542]     nfsrootdebug
[    5.888551]   with environment:
[    5.888560]     HOME=/
[    5.888568]     TERM=linux
[    6.572295] systemd[1]: System time before build time, advancing clock.
[    8.031466] random: crng init done
[    8.044023] systemd[1]: systemd 232 running in system mode. (+PAM +AUDIT +SELINUX +IMA +APPARMOR +SMACK +SYSVINIT +UTMP +LIBCRYPTSETUP +GCRYPT +GNUTLS +ACL +XZ +LZ4 +SECCOMP +BLKID +ELFUTILS +KMOD +IDN)
[    8.063214] systemd[1]: Detected architecture arm.
[    8.094573] systemd[1]: Set hostname to <arm>.
[    9.189347] systemd[1]: Listening on /dev/initctl Compatibility Named Pipe.
[    9.223234] systemd[1]: systemd-journald-dev-log.socket: SO_PASSSEC failed: Operation not supported
[    9.232980] systemd[1]: Listening on Journal Socket (/dev/log).
[    9.263084] systemd[1]: Created slice System Slice.
[    9.322059] systemd[1]: Mounting Debug File System...
[    9.332877] systemd[1]: Reached target Swap.
[    9.359628] systemd[1]: Mounting POSIX Message Queue File System...
[   11.180871] systemd-journald[85]: Received request to flush runtime journal from PID 1
[   14.144448] leds-gpio leds: using DT '/leds/led2' for '(default)' GPIO lookup
[   14.144558] of_get_named_gpiod_flags: parsed 'gpios' property of node '/leds/led2[0]' - status (0)
[   14.144617] gpio gpiochip0: Persistence not supported for GPIO 21
[   14.144633] gpio-533 (?): no flags found for GPIO (default)
[   14.158911] leds-gpio leds: using DT '/leds/led3' for '(default)' GPIO lookup
[   14.159026] of_get_named_gpiod_flags: parsed 'gpios' property of node '/leds/led3[0]' - status (0)
[   14.159085] gpio gpiochip0: Persistence not supported for GPIO 22
[   14.159101] gpio-534 (?): no flags found for GPIO (default)
[   14.193002] leds-gpio leds: using DT '/leds/led4' for '(default)' GPIO lookup
[   14.193102] of_get_named_gpiod_flags: parsed 'gpios' property of node '/leds/led4[0]' - status (0)
[   14.193153] gpio gpiochip0: Persistence not supported for GPIO 23
[   14.193167] gpio-535 (?): no flags found for GPIO (default)
[   14.230307] leds-gpio leds: using DT '/leds/led5' for '(default)' GPIO lookup
[   14.230593] of_get_named_gpiod_flags: parsed 'gpios' property of node '/leds/led5[0]' - status (0)
[   14.230655] gpio gpiochip0: Persistence not supported for GPIO 24
[   14.230671] gpio-536 (?): no flags found for GPIO (default)
[   15.060416] remoteproc remoteproc0: wkup_m3 is available
[   15.187337] am335x-phy-driver 47401300.usb-phy: using DT '/ocp/target-module@47400000/usb-phy@1300' for 'reset' GPIO lookup
[   15.187441] of_get_named_gpiod_flags: can't parse 'reset-gpios' property of node '/ocp/target-module@47400000/usb-phy@1300[0]'
[   15.187489] of_get_named_gpiod_flags: can't parse 'reset-gpio' property of node '/ocp/target-module@47400000/usb-phy@1300[0]'
[   15.187525] am335x-phy-driver 47401300.usb-phy: using lookup tables for GPIO lookup
[   15.187539] am335x-phy-driver 47401300.usb-phy: No GPIO consumer reset found
[   15.187552] am335x-phy-driver 47401300.usb-phy: using DT '/ocp/target-module@47400000/usb-phy@1300' for 'vbus-detect' GPIO lookup
[   15.187584] of_get_named_gpiod_flags: can't parse 'vbus-detect-gpios' property of node '/ocp/target-module@47400000/usb-phy@1300[0]'
[   15.187615] of_get_named_gpiod_flags: can't parse 'vbus-detect-gpio' property of node '/ocp/target-module@47400000/usb-phy@1300[0]'
[   15.187641] am335x-phy-driver 47401300.usb-phy: using lookup tables for GPIO lookup
[   15.187653] am335x-phy-driver 47401300.usb-phy: No GPIO consumer vbus-detect found
[   15.187806] am335x-phy-driver 47401300.usb-phy: dummy supplies not allowed for exclusive requests (id=vbus)
[   15.198898] usbcore: registered new interface driver usbfs
[   15.204927] usbcore: registered new interface driver hub
[   15.210369] usbcore: registered new device driver usb
[   15.301609] at24 2-0054: supply vcc not found, using dummy regulator
[   15.352386] at24 2-0055: supply vcc not found, using dummy regulator
[   15.463064] omap_wdt: OMAP Watchdog Timer Rev 0x01: initial timeout 60 sec
[   15.492507] at24 2-0056: supply vcc not found, using dummy regulator
[   15.642413] at24 2-0057: supply vcc not found, using dummy regulator
[   15.789789] at24 0-0050: using DT '/ocp/interconnect@44c00000/segment@200000/target-module@b000/i2c@0/eeprom@50' for 'wp' GPIO lookup
[   15.789920] of_get_named_gpiod_flags: can't parse 'wp-gpios' property of node '/ocp/interconnect@44c00000/segment@200000/target-module@b000/i2c@0/eeprom@50[0]'
[   15.789982] of_get_named_gpiod_flags: can't parse 'wp-gpio' property of node '/ocp/interconnect@44c00000/segment@200000/target-module@b000/i2c@0/eeprom@50[0]'
[   15.790027] at24 0-0050: using lookup tables for GPIO lookup
[   15.790041] at24 0-0050: No GPIO consumer wp found
[   15.790411] at24 0-0050: 32768 byte 24c256 EEPROM, writable, 1 bytes/write
[   15.980530] am335x-phy-driver 47401b00.usb-phy: using DT '/ocp/target-module@47400000/usb-phy@1b00' for 'reset' GPIO lookup
[   15.980625] of_get_named_gpiod_flags: can't parse 'reset-gpios' property of node '/ocp/target-module@47400000/usb-phy@1b00[0]'
[   15.980670] of_get_named_gpiod_flags: can't parse 'reset-gpio' property of node '/ocp/target-module@47400000/usb-phy@1b00[0]'
[   15.980707] am335x-phy-driver 47401b00.usb-phy: using lookup tables for GPIO lookup
[   15.980722] am335x-phy-driver 47401b00.usb-phy: No GPIO consumer reset found
[   15.980737] am335x-phy-driver 47401b00.usb-phy: using DT '/ocp/target-module@47400000/usb-phy@1b00' for 'vbus-detect' GPIO lookup
[   15.980767] of_get_named_gpiod_flags: can't parse 'vbus-detect-gpios' property of node '/ocp/target-module@47400000/usb-phy@1b00[0]'
[   15.980799] of_get_named_gpiod_flags: can't parse 'vbus-detect-gpio' property of node '/ocp/target-module@47400000/usb-phy@1b00[0]'
[   15.980824] am335x-phy-driver 47401b00.usb-phy: using lookup tables for GPIO lookup
[   15.980835] am335x-phy-driver 47401b00.usb-phy: No GPIO consumer vbus-detect found
[   15.980985] am335x-phy-driver 47401b00.usb-phy: dummy supplies not allowed for exclusive requests (id=vbus)
[   16.068410] input: tps65217_pwrbutton as /devices/platform/ocp/44c00000.interconnect/44c00000.interconnect:segment@200000/44e0b000.target-module/44e0b000.i2c/i2c-0/0-0024/tps65217-pwrbutton/input/input0
[   16.429753] omap_rtc 44e3e000.rtc: registered as rtc0
[   16.435088] omap_rtc 44e3e000.rtc: setting system clock to 2000-01-01T00:00:00 UTC (946684800)
[   16.444032] omap_rtc 44e3e000.rtc: using DT '/ocp/interconnect@44c00000/segment@200000/target-module@3e000/rtc@0' for 'wp' GPIO lookup
[   16.444110] of_get_named_gpiod_flags: can't parse 'wp-gpios' property of node '/ocp/interconnect@44c00000/segment@200000/target-module@3e000/rtc@0[0]'
[   16.444160] of_get_named_gpiod_flags: can't parse 'wp-gpio' property of node '/ocp/interconnect@44c00000/segment@200000/target-module@3e000/rtc@0[0]'
[   16.444200] omap_rtc 44e3e000.rtc: using lookup tables for GPIO lookup
[   16.444215] omap_rtc 44e3e000.rtc: No GPIO consumer wp found
[   16.583079] musb-hdrc musb-hdrc.1: MUSB HDRC host driver
[   16.588498] musb-hdrc musb-hdrc.1: new USB bus registered, assigned bus number 1
[   16.861879] usb usb1: New USB device found, idVendor=1d6b, idProduct=0002, bcdDevice= 6.16
[   16.870241] usb usb1: New USB device strings: Mfr=3, Product=2, SerialNumber=1
[   16.877609] usb usb1: Product: MUSB HDRC host driver
[   16.882671] usb usb1: Manufacturer: Linux 6.16.0-rc1-next-20250612 musb-hcd
[   16.889673] usb usb1: SerialNumber: musb-hdrc.1
[   17.204477] hub 1-0:1.0: USB hub found
[   17.209061] hub 1-0:1.0: 1 port detected
[   17.929478] omap-mailbox 480c8000.mailbox: omap mailbox rev 0x400
[   17.994165] remoteproc remoteproc0: powering up wkup_m3
[   18.229903] remoteproc remoteproc0: Direct firmware load for am335x-pm-firmware.elf failed with error -2
[   18.239703] remoteproc remoteproc0: request_firmware failed: -2
[   18.245745] wkup_m3_ipc 44e11324.wkup_m3_ipc: rproc_boot failed
[   18.641834] tda998x 0-0070: found TDA19988
[   20.373725] omap_rng 48310000.rng: Random Number Generator ver. 20
[   20.381980] tilcdc 4830e000.lcdc: bound 0-0070 (ops tda998x_audio_codec_init [tda998x])
[   20.489133] [drm] Initialized tilcdc 1.0.0 for 4830e000.lcdc on minor 0
[   20.567050] tilcdc 4830e000.lcdc: [drm] Cannot find any crtc or sizes
[   20.576964] tilcdc 4830e000.lcdc: [drm] Cannot find any crtc or sizes
[   21.478026] omap-sham 53100000.sham: hw accel on OMAP rev 4.3
[   21.559859] PM: Cannot get wkup_m3_ipc handle
[   21.650488] omap-sham 53100000.sham: will run requests pump with realtime priority
[   21.659657] PM: Cannot get wkup_m3_ipc handle
[   21.718656] omap-aes 53500000.aes: OMAP AES hw accel rev: 3.2
[   21.832574] omap-aes 53500000.aes: will run requests pump with realtime priority
[   21.845821] PM: Cannot get wkup_m3_ipc handle
[   23.085868] Bluetooth: Core ver 2.22
[   23.089665] NET: Registered PF_BLUETOOTH protocol family
[   23.095242] Bluetooth: HCI device and connection manager initialized
[   23.101706] Bluetooth: HCI socket layer initialized
[   23.106619] Bluetooth: L2CAP socket layer initialized
[   23.111799] Bluetooth: SCO socket layer initialized
[   25.466212] tda998x 0-0070: using DT '/ocp/interconnect@44c00000/segment@200000/target-module@b000/i2c@0/tda19988@70' for 'nxp,calib' GPIO lookup
[   25.466358] of_get_named_gpiod_flags: parsed 'nxp,calib-gpios' property of node '/ocp/interconnect@44c00000/segment@200000/target-module@b000/i2c@0/tda19988@70[0]' - status (0)
[   25.466642] gpio gpiochip0: Persistence not supported for GPIO 25
[   25.466666] gpio-537 (nxp,calib): no flags found for GPIO nxp,calib
[   25.482127] gpio-537 (nxp,calib): gpiod_direction_output_nonotify: tried to set a GPIO tied to an IRQ as output
[   25.516333] PM: Cannot get wkup_m3_ipc handle
[   25.522386] asoc-simple-card sound: using DT '/sound' for 'simple-audio-card,hp-det' GPIO lookup
[   25.522463] of_get_named_gpiod_flags: can't parse 'simple-audio-card,hp-det-gpios' property of node '/sound[0]'
[   25.522498] of_get_named_gpiod_flags: can't parse 'simple-audio-card,hp-det-gpio' property of node '/sound[0]'
[   25.522522] asoc-simple-card sound: using lookup tables for GPIO lookup
[   25.522536] asoc-simple-card sound: No GPIO consumer simple-audio-card,hp-det found
[   25.522551] asoc-simple-card sound: using DT '/sound' for 'simple-audio-card,mic-det' GPIO lookup
[   25.522576] of_get_named_gpiod_flags: can't parse 'simple-audio-card,mic-det-gpios' property of node '/sound[0]'
[   25.522601] of_get_named_gpiod_flags: can't parse 'simple-audio-card,mic-det-gpio' property of node '/sound[0]'
[   25.522620] asoc-simple-card sound: using lookup tables for GPIO lookup
[   25.522632] asoc-simple-card sound: No GPIO consumer simple-audio-card,mic-det found
[   25.652696] PM: Cannot get wkup_m3_ipc handle
[   25.796550] tda9950 0-0034: TDA9950 CEC interface, hardware version 3.3
[   25.894239] PM: Cannot get wkup_m3_ipc handle
[   27.950982] userial_init: registered 8 ttyGS* devices
[   28.233277] rndis_register: configNr = 0
[   28.335477] udc musb-hdrc.0: binding gadget driver [g_multi]
[   28.335578] configfs-gadget.g_multi gadget.0: adding 'rndis'/bfe050ff to config 'c'/49c978ea
[   28.336764] configfs-gadget.g_multi gadget.0: HOST MAC 1c:ba:8c:a2:ed:6c
[   28.343979] configfs-gadget.g_multi gadget.0: MAC 1c:ba:8c:a2:ed:70
[   28.350347] rndis_set_param_medium: 0 0
[   28.350368] configfs-gadget.g_multi gadget.0: RNDIS: IN/ep1in OUT/ep1out NOTIFY/ep2in
[   28.350386] configfs-gadget.g_multi gadget.0: adding 'cdc_ethernet'/2fd0fe6f to config 'c'/49c978ea
[   28.351550] configfs-gadget.g_multi gadget.0: HOST MAC 1c:ba:8c:a2:ed:6c
[   28.358320] configfs-gadget.g_multi gadget.0: MAC 1c:ba:8c:a2:ed:6d
[   28.364714] configfs-gadget.g_multi gadget.0: CDC Ethernet: IN/ep3in OUT/ep2out NOTIFY/ep4in
[   28.364735] configfs-gadget.g_multi gadget.0: adding 'acm'/399d88da to config 'c'/49c978ea
[   28.364769] configfs-gadget.g_multi gadget.0: acm ttyGS0: IN/ep5in OUT/ep3out NOTIFY/ep6in
[   28.367922] PM: Cannot get wkup_m3_ipc handle
[   29.487847] configfs-gadget.g_multi gadget.0: eth_open
[   30.644733] configfs-gadget.g_multi gadget.0: stop stats: rx/tx 0/0, errs 0/0
[   34.905543] gs_open: ttyGS0 (acf6afeb,83e5ba57)
[   34.905694] gs_close: ttyGS0 (acf6afeb,83e5ba57) ...
[   34.905717] gs_close: ttyGS0 (acf6afeb,83e5ba57) done!
[   34.922440] gs_open: ttyGS0 (cac3b1e9,6997c072)
[   34.922591] gs_close: ttyGS0 (cac3b1e9,6997c072) ...
[   34.922614] gs_close: ttyGS0 (cac3b1e9,6997c072) done!
[   35.127750] gs_open: ttyGS0 (bb135c14,ce872f13)
[   35.127985] gs_close: ttyGS0 (bb135c14,ce872f13) ...
[   35.128010] gs_close: ttyGS0 (bb135c14,ce872f13) done!
[   35.128369] gs_open: ttyGS0 (bb135c14,ce872f13)
CUJPXXBPFE 0
root@arm:~# echo 'KKQP''WTVEKY'
KKQPWTVEKY
root@arm:~# MARKER='ECQF''XQSWUJ' run 'modprobe test_linear_ranges'
ECQFXQSWUJECQFXQSWUJ 0
root@arm:~# echo 'ZNCU''YZJWLP'
ZNCUYZJWLP
root@arm:~# MARKER='NOFB''ULPWCO' run dmesg
NOFBULPWCO[    0.000000] Booting Linux on physical CPU 0x0
[    0.000000] Linux version 6.16.0-rc1-next-20250612 (user01@drvtest01) (arm-none-eabi-gcc (Arm GNU Toolchain 14.2.Rel1 (Build arm-14.52)) 14.2.1 20241119, GNU ld (Arm GNU Toolchain 14.2.Rel1 (Build arm-14.52)) 2.43.1.20241119) #1 SMP Thu Jun 12 07:39:36 EEST 2025
[    0.000000] CPU: ARMv7 Processor [413fc082] revision 2 (ARMv7), cr=10c5387d
[    0.000000] CPU: PIPT / VIPT nonaliasing data cache, VIPT aliasing instruction cache
[    0.000000] OF: fdt: Machine model: TI AM335x BeagleBone Black
[    0.000000] Memory policy: Data cache writeback
[    0.000000] cma: Reserved 16 MiB at 0x9e800000
[    0.000000] Zone ranges:
[    0.000000]   Normal   [mem 0x0000000080000000-0x000000009fdfffff]
[    0.000000]   HighMem  empty
[    0.000000] Movable zone start for each node
[    0.000000] Early memory node ranges
[    0.000000]   node   0: [mem 0x0000000080000000-0x000000009fdfffff]
[    0.000000] Initmem setup node 0 [mem 0x0000000080000000-0x000000009fdfffff]
[    0.000000] On node 0, zone Normal: 512 pages in unavailable ranges
[    0.000000] OF: reserved mem: Reserved memory: No reserved-memory node in the DT
[    0.000000] CPU: All CPU(s) started in SVC mode.
[    0.000000] AM335X ES2.1 (sgx neon)
[    0.000000] percpu: Embedded 17 pages/cpu s39820 r8192 d21620 u69632
[    0.000000] pcpu-alloc: s39820 r8192 d21620 u69632 alloc=17*4096
[    0.000000] pcpu-alloc: [0] 0 
[    0.000000] Kernel command line: console=ttyO0,115200n8 root=/dev/nfs rw nfsroot=192.168.255.126:/home/user01/nfs,nfsvers=3 ip=192.168.255.1:192.168.255.126::255.255.255.0:bbb1:eth0 nfsrootdebug
[    0.000000] Unknown kernel command line parameters "nfsrootdebug", will be passed to user space.
[    0.000000] printk: log buffer data + meta data: 65536 + 204800 = 270336 bytes
[    0.000000] Dentry cache hash table entries: 65536 (order: 6, 262144 bytes, linear)
[    0.000000] Inode-cache hash table entries: 32768 (order: 5, 131072 bytes, linear)
[    0.000000] Built 1 zonelists, mobility grouping on.  Total pages: 130560
[    0.000000] mem auto-init: stack:off, heap alloc:off, heap free:off
[    0.000000] SLUB: HWalign=16, Order=0-3, MinObjects=0, CPUs=1, Nodes=1
[    0.000000] rcu: Hierarchical RCU implementation.
[    0.000000] rcu: 	RCU event tracing is enabled.
[    0.000000] rcu: 	RCU restricting CPUs from NR_CPUS=2 to nr_cpu_ids=1.
[    0.000000] 	Tracing variant of Tasks RCU enabled.
[    0.000000] rcu: RCU calculated value of scheduler-enlistment delay is 10 jiffies.
[    0.000000] rcu: Adjusting geometry for rcu_fanout_leaf=16, nr_cpu_ids=1
[    0.000000] RCU Tasks Trace: Setting shift to 0 and lim to 1 rcu_task_cb_adjust=1 rcu_task_cpu_ids=1.
[    0.000000] NR_IRQS: 16, nr_irqs: 16, preallocated irqs: 16
[    0.000000] IRQ: Found an INTC at 0x(ptrval) (revision 5.0) with 128 interrupts
[    0.000000] rcu: srcu_init: Setting srcu_struct sizes based on contention.
[    0.000000] TI gptimer clocksource: always-on /ocp/interconnect@44c00000/segment@200000/target-module@31000
[    0.000003] sched_clock: 32 bits at 24MHz, resolution 41ns, wraps every 89478484971ns
[    0.000025] clocksource: dmtimer: mask: 0xffffffff max_cycles: 0xffffffff, max_idle_ns: 79635851949 ns
[    0.000505] TI gptimer clockevent: 24000000 Hz at /ocp/interconnect@48000000/segment@0/target-module@40000
[    0.002141] Console: colour dummy device 80x30
[    0.002207] WARNING: Your 'console=ttyO0' has been replaced by 'ttyS0'
[    0.002215] This ensures that you still see kernel messages. Please
[    0.002219] update your kernel commandline.
[    0.002262] Calibrating delay loop... 996.14 BogoMIPS (lpj=4980736)
[    0.090552] CPU: Testing write buffer coherency: ok
[    0.090661] CPU0: Spectre v2: using BPIALL workaround
[    0.090671] pid_max: default: 32768 minimum: 301
[    0.090828] LSM: initializing lsm=capability
[    0.091006] Mount-cache hash table entries: 1024 (order: 0, 4096 bytes, linear)
[    0.091024] Mountpoint-cache hash table entries: 1024 (order: 0, 4096 bytes, linear)
[    0.092654] CPU0: thread -1, cpu 0, socket -1, mpidr 0
[    0.092711] cacheinfo: Unable to detect cache hierarchy for CPU 0
[    0.094701] Setting up static identity map for 0x80100000 - 0x80100078
[    0.095034] rcu: Hierarchical SRCU implementation.
[    0.095044] rcu: 	Max phase no-delay instances is 1000.
[    0.096781] smp: Bringing up secondary CPUs ...
[    0.096835] smp: Brought up 1 node, 1 CPU
[    0.096850] SMP: Total of 1 processors activated (996.14 BogoMIPS).
[    0.096861] CPU: All CPU(s) started in SVC mode.
[    0.097049] Memory: 480824K/522240K available (11264K kernel code, 1219K rwdata, 2924K rodata, 1024K init, 284K bss, 23384K reserved, 16384K cma-reserved, 0K highmem)
[    0.097880] devtmpfs: initialized
[    0.115204] VFP support v0.3: implementor 41 architecture 3 part 30 variant c rev 3
[    0.115843] clocksource: jiffies: mask: 0xffffffff max_cycles: 0xffffffff, max_idle_ns: 19112604462750000 ns
[    0.115899] posixtimers hash table entries: 512 (order: 0, 4096 bytes, linear)
[    0.115925] futex hash table entries: 256 (16384 bytes on 1 NUMA nodes, total 16 KiB, linear).
[    0.117054] pinctrl core: initialized pinctrl subsystem
[    0.119107] NET: Registered PF_NETLINK/PF_ROUTE protocol family
[    0.122207] DMA: preallocated 256 KiB pool for atomic coherent allocations
[    0.123171] audit: initializing netlink subsys (disabled)
[    0.124515] thermal_sys: Registered thermal governor 'fair_share'
[    0.124528] thermal_sys: Registered thermal governor 'step_wise'
[    0.124536] thermal_sys: Registered thermal governor 'user_space'
[    0.124648] audit: type=2000 audit(0.120:1): state=initialized audit_enabled=0 res=1
[    0.124717] cpuidle: using governor menu
[    0.142715] /ocp/interconnect@44c00000/segment@200000/target-module@b000/i2c@0/tda19988@70: Fixed dependency cycle(s) with /ocp/interconnect@48000000/segment@300000/target-module@e000/lcdc@0
[    0.143847] /ocp/interconnect@48000000/segment@300000/target-module@e000/lcdc@0: Fixed dependency cycle(s) with /ocp/interconnect@44c00000/segment@200000/target-module@b000/i2c@0/tda19988@70
[    0.146035] No ATAGs?
[    0.146077] hw-breakpoint: debug architecture 0x4 unsupported.
[    0.148814] kprobes: kprobe jump-optimization is enabled. All kprobes are optimized if possible.
[    0.154136] iommu: Default domain type: Translated
[    0.154158] iommu: DMA domain TLB invalidation policy: strict mode
[    0.155731] reg-fixed-voltage fixedregulator0: using DT '/fixedregulator0' for '(default)' GPIO lookup
[    0.155786] of_get_named_gpiod_flags: can't parse 'gpios' property of node '/fixedregulator0[0]'
[    0.155813] of_get_named_gpiod_flags: can't parse 'gpio' property of node '/fixedregulator0[0]'
[    0.155830] reg-fixed-voltage fixedregulator0: using lookup tables for GPIO lookup
[    0.155839] reg-fixed-voltage fixedregulator0: No GPIO consumer (default) found
[    0.161506] SCSI subsystem initialized
[    0.162002] libata version 3.00 loaded.
[    0.162374] pps_core: LinuxPPS API ver. 1 registered
[    0.162385] pps_core: Software ver. 5.3.6 - Copyright 2005-2007 Rodolfo Giometti <giometti@linux.it>
[    0.162410] PTP clock support registered
[    0.171064] vgaarb: loaded
[    0.171444] clocksource: Switched to clocksource dmtimer
[    0.172119] VFS: Disk quotas dquot_6.6.0
[    0.172180] VFS: Dquot-cache hash table entries: 1024 (order 0, 4096 bytes)
[    0.196930] NET: Registered PF_INET protocol family
[    0.197271] IP idents hash table entries: 8192 (order: 4, 65536 bytes, linear)
[    0.198702] tcp_listen_portaddr_hash hash table entries: 512 (order: 0, 4096 bytes, linear)
[    0.198738] Table-perturb hash table entries: 65536 (order: 6, 262144 bytes, linear)
[    0.198756] TCP established hash table entries: 4096 (order: 2, 16384 bytes, linear)
[    0.198801] TCP bind hash table entries: 4096 (order: 4, 65536 bytes, linear)
[    0.198901] TCP: Hash tables configured (established 4096 bind 4096)
[    0.199020] UDP hash table entries: 256 (order: 1, 14336 bytes, linear)
[    0.199057] UDP-Lite hash table entries: 256 (order: 1, 14336 bytes, linear)
[    0.199237] NET: Registered PF_UNIX/PF_LOCAL protocol family
[    0.200521] RPC: Registered named UNIX socket transport module.
[    0.200543] RPC: Registered udp transport module.
[    0.200548] RPC: Registered tcp transport module.
[    0.200553] RPC: Registered tcp-with-tls transport module.
[    0.200558] RPC: Registered tcp NFSv4.1 backchannel transport module.
[    0.200581] PCI: CLS 0 bytes, default 64
[    0.202109] Initialise system trusted keyrings
[    0.212201] workingset: timestamp_bits=14 max_order=17 bucket_order=3
[    0.213568] NFS: Registering the id_resolver key type
[    0.213654] Key type id_resolver registered
[    0.213661] Key type id_legacy registered
[    0.213769] jffs2: version 2.2. (NAND) (SUMMARY)  Â© 2001-2006 Red Hat, Inc.
[    0.214257] Key type asymmetric registered
[    0.214271] Asymmetric key parser 'x509' registered
[    0.214344] io scheduler mq-deadline registered
[    0.214354] io scheduler kyber registered
[    0.214430] io scheduler bfq registered
[    0.216309] target-module@4b000000:target-module@140000:pmu@0:fck: device ID is greater than 24
[    0.222494] l3-aon-clkctrl:0000:0: failed to disable
[    0.231736] ledtrig-cpu: registered to indicate activity on CPUs
[    0.234600] Serial: 8250/16550 driver, 6 ports, IRQ sharing enabled
[    0.276629] brd: module loaded
[    0.298849] loop: module loaded
[    0.299785] mtdoops: mtd device (mtddev=name/number) must be supplied
[    0.301675] mdio_bus fixed-0: using lookup tables for GPIO lookup
[    0.301699] mdio_bus fixed-0: No GPIO consumer reset found
[    0.303089] i2c_dev: i2c /dev entries driver
[    0.304087] cpuidle: enable-method property 'ti,am3352' found operations
[    0.304538] sdhci: Secure Digital Host Controller Interface driver
[    0.304549] sdhci: Copyright(c) Pierre Ossman
[    0.304727] sdhci-pltfm: SDHCI platform and OF driver helper
[    0.306181] hw perfevents: enabled with armv7_cortex_a8 PMU driver, 5 (8000000f) counters available
[    0.306696] Initializing XFRM netlink socket
[    0.306878] NET: Registered PF_INET6 protocol family
[    0.312540] l3-aon-clkctrl:0000:0: failed to disable
[    0.327093] Segment Routing with IPv6
[    0.327179] In-situ OAM (IOAM) with IPv6
[    0.327279] sit: IPv6, IPv4 and MPLS over IPv4 tunneling driver
[    0.328242] NET: Registered PF_PACKET protocol family
[    0.328272] NET: Registered PF_KEY protocol family
[    0.328409] Key type dns_resolver registered
[    0.328635] ThumbEE CPU extension supported.
[    0.328654] Registering SWP/SWPB emulation handler
[    0.329190] omap_voltage_late_init: Voltage driver support not added
[    0.329864] SmartReflex Class3 initialized
[    0.377721] Loading compiled-in X.509 certificates
[    0.409500] /ocp/interconnect@44c00000/segment@200000/target-module@b000/i2c@0/tda19988@70: Fixed dependency cycle(s) with /ocp/interconnect@48000000/segment@300000/target-module@e000/lcdc@0
[    0.416133] /ocp/interconnect@44c00000/segment@200000/target-module@b000/i2c@0/tda19988@70: Fixed dependency cycle(s) with /ocp/interconnect@48000000/segment@300000/target-module@e000/lcdc@0
[    0.421762] gpiochip_find_base_unlocked: found new base at 512
[    0.447928] /ocp/interconnect@44c00000/segment@200000/target-module@b000/i2c@0/tda19988@70: Fixed dependency cycle(s) with /ocp/interconnect@48000000/segment@300000/target-module@e000/lcdc@0
[    0.448817] /ocp/interconnect@44c00000/segment@200000/target-module@b000/i2c@0/tda19988@70: Fixed dependency cycle(s) with /ocp/interconnect@48000000/segment@300000/target-module@e000/lcdc@0
[    0.452552] /ocp/interconnect@44c00000/segment@200000/target-module@10000/scm@0/pinmux@800: Fixed dependency cycle(s) with /ocp/interconnect@44c00000/segment@200000/target-module@10000/scm@0/pinmux@800/clkout2-pins
[    0.453156] pinctrl-single 44e10800.pinmux: 142 pins, size 568
[    0.458429] ti-sysc 44e31000.target-module: probe with driver ti-sysc failed with error -16
[    0.475415] /ocp/interconnect@48000000/segment@300000/target-module@e000/lcdc@0: Fixed dependency cycle(s) with /ocp/interconnect@44c00000/segment@200000/target-module@b000/i2c@0/tda19988@70
[    0.483722] ti-sysc 48040000.target-module: probe with driver ti-sysc failed with error -16
[    0.495274] gpiochip_find_base_unlocked: found new base at 512
[    0.495376] gpio gpiochip0: (gpio-0-31): created GPIO range 0->7 ==> 44e10800.pinmux PIN 0->7
[    0.495395] gpio gpiochip0: (gpio-0-31): created GPIO range 8->11 ==> 44e10800.pinmux PIN 90->93
[    0.495411] gpio gpiochip0: (gpio-0-31): created GPIO range 12->27 ==> 44e10800.pinmux PIN 12->27
[    0.495426] gpio gpiochip0: (gpio-0-31): created GPIO range 28->31 ==> 44e10800.pinmux PIN 30->33
[    0.528878] gpio gpiochip0: (gpio-0-31): added GPIO chardev (254:0)
[    0.529029] gpio gpiochip0: registered GPIOs 512 to 543 on gpio-0-31
[    0.529120] OMAP GPIO hardware version 0.1
[    0.554694] i2c i2c-2: using DT '/ocp/interconnect@48000000/segment@100000/target-module@9c000/i2c@0' for 'scl' GPIO lookup
[    0.554768] of_get_named_gpiod_flags: can't parse 'scl-gpios' property of node '/ocp/interconnect@48000000/segment@100000/target-module@9c000/i2c@0[0]'
[    0.554809] of_get_named_gpiod_flags: can't parse 'scl-gpio' property of node '/ocp/interconnect@48000000/segment@100000/target-module@9c000/i2c@0[0]'
[    0.554845] i2c i2c-2: using lookup tables for GPIO lookup
[    0.554855] i2c i2c-2: No GPIO consumer scl found
[    0.554876] i2c i2c-2: using DT '/ocp/interconnect@48000000/segment@100000/target-module@9c000/i2c@0' for 'sda' GPIO lookup
[    0.554911] of_get_named_gpiod_flags: can't parse 'sda-gpios' property of node '/ocp/interconnect@48000000/segment@100000/target-module@9c000/i2c@0[0]'
[    0.554947] of_get_named_gpiod_flags: can't parse 'sda-gpio' property of node '/ocp/interconnect@48000000/segment@100000/target-module@9c000/i2c@0[0]'
[    0.554977] i2c i2c-2: using lookup tables for GPIO lookup
[    0.554985] i2c i2c-2: No GPIO consumer sda found
[    0.555684] omap_i2c 4819c000.i2c: bus 2 rev0.11 at 100 kHz
[    0.561243] gpiochip_find_base_unlocked: found new base at 544
[    0.561347] gpio gpiochip1: (gpio-32-63): created GPIO range 0->17 ==> 44e10800.pinmux PIN 34->51
[    0.561366] gpio gpiochip1: (gpio-32-63): created GPIO range 18->21 ==> 44e10800.pinmux PIN 77->80
[    0.561382] gpio gpiochip1: (gpio-32-63): created GPIO range 22->31 ==> 44e10800.pinmux PIN 56->65
[    0.576498] gpio gpiochip1: (gpio-32-63): added GPIO chardev (254:1)
[    0.576651] gpio gpiochip1: registered GPIOs 544 to 575 on gpio-32-63
[    0.578951] gpiochip_find_base_unlocked: found new base at 576
[    0.579051] gpio gpiochip2: (gpio-64-95): created GPIO range 0->4 ==> 44e10800.pinmux PIN 66->70
[    0.579070] gpio gpiochip2: (gpio-64-95): created GPIO range 5->6 ==> 44e10800.pinmux PIN 98->99
[    0.579085] gpio gpiochip2: (gpio-64-95): created GPIO range 7->8 ==> 44e10800.pinmux PIN 75->76
[    0.579100] gpio gpiochip2: (gpio-64-95): created GPIO range 13->13 ==> 44e10800.pinmux PIN 141->141
[    0.579115] gpio gpiochip2: (gpio-64-95): created GPIO range 14->21 ==> 44e10800.pinmux PIN 100->107
[    0.579762] gpio gpiochip2: (gpio-64-95): added GPIO chardev (254:2)
[    0.579896] gpio gpiochip2: registered GPIOs 576 to 607 on gpio-64-95
[    0.585981] 48000000.interconnect:segment@200000:target-module@0:mpu@0:fck: device ID is greater than 24
[    0.586896] /ocp/interconnect@48000000/segment@300000/target-module@e000/lcdc@0: Fixed dependency cycle(s) with /ocp/interconnect@44c00000/segment@200000/target-module@b000/i2c@0/tda19988@70
[    0.589724] /ocp/interconnect@48000000/segment@300000/target-module@e000/lcdc@0: Fixed dependency cycle(s) with /ocp/interconnect@44c00000/segment@200000/target-module@b000/i2c@0/tda19988@70
[    0.590431] /ocp/interconnect@44c00000/segment@200000/target-module@b000/i2c@0/tda19988@70: Fixed dependency cycle(s) with /ocp/interconnect@48000000/segment@300000/target-module@e000/lcdc@0
[    0.590600] /ocp/interconnect@48000000/segment@300000/target-module@e000/lcdc@0: Fixed dependency cycle(s) with /ocp/interconnect@44c00000/segment@200000/target-module@b000/i2c@0/tda19988@70
[    0.600378] mdio_bus 4a101000.mdio: using DT '/ocp/interconnect@4a000000/segment@0/target-module@100000/switch@0/mdio@1000' for 'reset' GPIO lookup
[    0.600458] of_get_named_gpiod_flags: can't parse 'reset-gpios' property of node '/ocp/interconnect@4a000000/segment@0/target-module@100000/switch@0/mdio@1000[0]'
[    0.600506] of_get_named_gpiod_flags: can't parse 'reset-gpio' property of node '/ocp/interconnect@4a000000/segment@0/target-module@100000/switch@0/mdio@1000[0]'
[    0.600553] mdio_bus 4a101000.mdio: using lookup tables for GPIO lookup
[    0.600563] mdio_bus 4a101000.mdio: No GPIO consumer reset found
[    0.601762] sdhci-omap 481d8000.mmc: using DT '/ocp/interconnect@48000000/segment@100000/target-module@d8000/mmc@0' for 'wp' GPIO lookup
[    0.601826] of_get_named_gpiod_flags: can't parse 'wp-gpios' property of node '/ocp/interconnect@48000000/segment@100000/target-module@d8000/mmc@0[0]'
[    0.601869] of_get_named_gpiod_flags: can't parse 'wp-gpio' property of node '/ocp/interconnect@48000000/segment@100000/target-module@d8000/mmc@0[0]'
[    0.601904] sdhci-omap 481d8000.mmc: using lookup tables for GPIO lookup
[    0.601913] sdhci-omap 481d8000.mmc: No GPIO consumer wp found
[    0.602105] sdhci-omap 481d8000.mmc: supply pbias not found, using dummy regulator
[    0.602802] sdhci-omap 481d8000.mmc: supply vqmmc not found, using dummy regulator
[    0.657552] davinci_mdio 4a101000.mdio: davinci mdio revision 1.6, bus freq 1000000
[    0.678898] mdio_bus 4a101000.mdio:00: using DT '/ocp/interconnect@4a000000/segment@0/target-module@100000/switch@0/mdio@1000/ethernet-phy@0' for 'reset' GPIO lookup
[    0.679002] of_get_named_gpiod_flags: parsed 'reset-gpios' property of node '/ocp/interconnect@4a000000/segment@0/target-module@100000/switch@0/mdio@1000/ethernet-phy@0[0]' - status (0)
[    0.679166] gpio gpiochip0: Persistence not supported for GPIO 8
[    0.818411] davinci_mdio 4a101000.mdio: phy[0]: device 4a101000.mdio:00, driver SMSC LAN8710/LAN8720
[    0.819176] cpsw-switch 4a100000.switch: initialized cpsw ale version 1.4
[    0.819199] cpsw-switch 4a100000.switch: ALE Table size 1024, Policers 0
[    0.819352] cpsw-switch 4a100000.switch: cpts: overflow check period 500 (jiffies)
[    0.819367] cpsw-switch 4a100000.switch: CPTS: ref_clk_freq:250000000 calc_mult:2147483648 calc_shift:29 error:0 nsec/sec
[    0.819486] cpsw-switch 4a100000.switch: Detected MACID = 6c:ec:eb:68:de:78
[    0.821336] cpsw-switch 4a100000.switch: initialized (regs 0x4a100000, pool size 256) hw_ver:0019010C 1.12 (0)
[    0.832540] debugfs: Directory '49000000.dma' with parent 'dmaengine' already present!
[    0.832582] edma 49000000.dma: TI EDMA DMA engine driver
[    0.872336] gpio-clk clk_mcasp0: using DT '/clk_mcasp0' for 'enable' GPIO lookup
[    0.872413] of_get_named_gpiod_flags: parsed 'enable-gpios' property of node '/clk_mcasp0[0]' - status (0)
[    0.872458] gpio gpiochip0: Persistence not supported for GPIO 27
[    0.873352] gpiochip_find_base_unlocked: found new base at 608
[    0.873468] gpio gpiochip3: (gpio-96-127): created GPIO range 0->7 ==> 44e10800.pinmux PIN 82->89
[    0.873490] gpio gpiochip3: (gpio-96-127): created GPIO range 8->11 ==> 44e10800.pinmux PIN 52->55
[    0.873506] gpio gpiochip3: (gpio-96-127): created GPIO range 12->15 ==> 44e10800.pinmux PIN 94->97
[    0.873521] gpio gpiochip3: (gpio-96-127): created GPIO range 16->17 ==> 44e10800.pinmux PIN 71->72
[    0.873537] gpio gpiochip3: (gpio-96-127): created GPIO range 18->18 ==> 44e10800.pinmux PIN 135->135
[    0.873553] gpio gpiochip3: (gpio-96-127): created GPIO range 19->20 ==> 44e10800.pinmux PIN 108->109
[    0.873569] gpio gpiochip3: (gpio-96-127): created GPIO range 21->21 ==> 44e10800.pinmux PIN 73->73
[    0.873586] gpio gpiochip3: (gpio-96-127): created GPIO range 22->23 ==> 44e10800.pinmux PIN 8->9
[    0.873603] gpio gpiochip3: (gpio-96-127): created GPIO range 26->27 ==> 44e10800.pinmux PIN 10->11
[    0.873620] gpio gpiochip3: (gpio-96-127): created GPIO range 28->28 ==> 44e10800.pinmux PIN 74->74
[    0.873639] gpio gpiochip3: (gpio-96-127): created GPIO range 29->29 ==> 44e10800.pinmux PIN 81->81
[    0.873657] gpio gpiochip3: (gpio-96-127): created GPIO range 30->31 ==> 44e10800.pinmux PIN 28->29
[    0.896126] gpio gpiochip3: (gpio-96-127): added GPIO chardev (254:3)
[    0.896290] gpio gpiochip3: registered GPIOs 608 to 639 on gpio-96-127
[    0.898239] omap8250 44e09000.serial: using DT '/ocp/interconnect@44c00000/segment@200000/target-module@9000/serial@0' for 'rs485-term' GPIO lookup
[    0.898311] of_get_named_gpiod_flags: can't parse 'rs485-term-gpios' property of node '/ocp/interconnect@44c00000/segment@200000/target-module@9000/serial@0[0]'
[    0.898355] of_get_named_gpiod_flags: can't parse 'rs485-term-gpio' property of node '/ocp/interconnect@44c00000/segment@200000/target-module@9000/serial@0[0]'
[    0.898390] omap8250 44e09000.serial: using lookup tables for GPIO lookup
[    0.898400] omap8250 44e09000.serial: No GPIO consumer rs485-term found
[    0.898411] omap8250 44e09000.serial: using DT '/ocp/interconnect@44c00000/segment@200000/target-module@9000/serial@0' for 'rs485-rx-during-tx' GPIO lookup
[    0.898446] of_get_named_gpiod_flags: can't parse 'rs485-rx-during-tx-gpios' property of node '/ocp/interconnect@44c00000/segment@200000/target-module@9000/serial@0[0]'
[    0.898483] of_get_named_gpiod_flags: can't parse 'rs485-rx-during-tx-gpio' property of node '/ocp/interconnect@44c00000/segment@200000/target-module@9000/serial@0[0]'
[    0.898514] omap8250 44e09000.serial: using lookup tables for GPIO lookup
[    0.898521] omap8250 44e09000.serial: No GPIO consumer rs485-rx-during-tx found
[    0.898913] 44e09000.serial: ttyS0 at MMIO 0x44e09000 (irq = 34, base_baud = 3000000) is a 8250
[    0.899004] printk: legacy console [ttyS0] enabled
[    2.360020] i2c i2c-0: using DT '/ocp/interconnect@44c00000/segment@200000/target-module@b000/i2c@0' for 'scl' GPIO lookup
[    2.360109] of_get_named_gpiod_flags: can't parse 'scl-gpios' property of node '/ocp/interconnect@44c00000/segment@200000/target-module@b000/i2c@0[0]'
[    2.360155] of_get_named_gpiod_flags: can't parse 'scl-gpio' property of node '/ocp/interconnect@44c00000/segment@200000/target-module@b000/i2c@0[0]'
[    2.360194] i2c i2c-0: using lookup tables for GPIO lookup
[    2.360209] i2c i2c-0: No GPIO consumer scl found
[    2.360233] i2c i2c-0: using DT '/ocp/interconnect@44c00000/segment@200000/target-module@b000/i2c@0' for 'sda' GPIO lookup
[    2.360271] of_get_named_gpiod_flags: can't parse 'sda-gpios' property of node '/ocp/interconnect@44c00000/segment@200000/target-module@b000/i2c@0[0]'
[    2.360312] of_get_named_gpiod_flags: can't parse 'sda-gpio' property of node '/ocp/interconnect@44c00000/segment@200000/target-module@b000/i2c@0[0]'
[    2.360346] i2c i2c-0: using lookup tables for GPIO lookup
[    2.360357] i2c i2c-0: No GPIO consumer sda found
[    2.372408] tps65217-pmic: Failed to locate of_node [id: -1]
[    2.378473] tps65217-bl: Failed to locate of_node [id: -1]
[    2.384526] platform tps65217-charger: DMA mask not set
[    2.390589] platform tps65217-pwrbutton: DMA mask not set
[    2.397944] tps65217 0-0024: TPS65217 ID 0xe version 1.2
[    2.404114] /ocp/interconnect@48000000/segment@300000/target-module@e000/lcdc@0: Fixed dependency cycle(s) with /ocp/interconnect@44c00000/segment@200000/target-module@b000/i2c@0/tda19988@70
[    2.421540] /ocp/interconnect@44c00000/segment@200000/target-module@b000/i2c@0/tda19988@70: Fixed dependency cycle(s) with /ocp/interconnect@48000000/segment@300000/target-module@e000/lcdc@0
[    2.438886] omap_i2c 44e0b000.i2c: bus 0 rev0.11 at 400 kHz
[    2.446563] sdhci-omap 48060000.mmc: using DT '/ocp/interconnect@48000000/segment@0/target-module@60000/mmc@0' for 'cd' GPIO lookup
[    2.446674] of_get_named_gpiod_flags: parsed 'cd-gpios' property of node '/ocp/interconnect@48000000/segment@0/target-module@60000/mmc@0[0]' - status (0)
[    2.446744] gpio gpiochip3: Persistence not supported for GPIO 6
[    2.446771] omap_gpio 44e07000.gpio: Could not set line 6 debounce to 200000 microseconds (-22)
[    2.455687] sdhci-omap 48060000.mmc: Got CD GPIO
[    2.460341] sdhci-omap 48060000.mmc: using DT '/ocp/interconnect@48000000/segment@0/target-module@60000/mmc@0' for 'wp' GPIO lookup
[    2.460392] of_get_named_gpiod_flags: can't parse 'wp-gpios' property of node '/ocp/interconnect@48000000/segment@0/target-module@60000/mmc@0[0]'
[    2.460436] of_get_named_gpiod_flags: can't parse 'wp-gpio' property of node '/ocp/interconnect@48000000/segment@0/target-module@60000/mmc@0[0]'
[    2.460474] sdhci-omap 48060000.mmc: using lookup tables for GPIO lookup
[    2.460488] sdhci-omap 48060000.mmc: No GPIO consumer wp found
[    2.460693] sdhci-omap 48060000.mmc: supply pbias not found, using dummy regulator
[    2.469485] sdhci-omap 481d8000.mmc: using DT '/ocp/interconnect@48000000/segment@100000/target-module@d8000/mmc@0' for 'wp' GPIO lookup
[    2.469563] of_get_named_gpiod_flags: can't parse 'wp-gpios' property of node '/ocp/interconnect@48000000/segment@100000/target-module@d8000/mmc@0[0]'
