Labgrid Console Logfile for main
Logfile started at 2025-07-30 11:03:59.963797
=== Log starts here ===
reading args
spl_load_image_fat_os: error reading image args, err - -1
reading u-boot.img
reading u-boot.img


U-Boot 2014.04-00014-g47880f5 (Apr 22 2014 - 13:23:54)

I2C:   ready
DRAM:  512 MiB
NAND:  0 MiB
MMC:   OMAP SD/MMC: 0, OMAP SD/MMC: 1
*** Warning - readenv() failed, using default environment

Net:   <ethaddr> not set. Validating first E-fuse MAC
cpsw, usb_ether
Hit any key to stop autoboot:  1  0 
gpio: pin 53 (gpio 53) value is 1
mmc0 is current device
gpio: pin 54 (gpio 54) value is 1
SD/MMC found on device 0
** No partition table - mmc 0 **
Checking if uenvcmd is set ...

uenvcmd was not defined in uEnv.txt ...
gpio: pin 56 (gpio 56) value is 0
gpio: pin 55 (gpio 55) value is 0
gpio: pin 54 (gpio 54) value is 0
mmc1(part 0) is current device
gpio: pin 54 (gpio 54) value is 1
SD/MMC found on device 1
reading uEnv.txt
1430 bytes read in 4 ms (348.6 KiB/s)
gpio: pin 55 (gpio 55) value is 1
Loaded environment from uEnv.txt
Importing environment from mmc ...
Checking if uenvcmd is set ...
gpio: pin 56 (gpio 56) value is 1
Running uenvcmd ...
reading zImage
3717760 bytes read in 205 ms (17.3 MiB/s)
reading initrd.img
2868959 bytes read in 160 ms (17.1 MiB/s)
reading /dtbs/am335x-boneblack.dtb
25080 bytes read in 9 ms (2.7 MiB/s)
Kernel image @ 0x82000000 [ 0x000000 - 0x38ba80 ]
## Flattened Device Tree blob at 88000000
   Booting using the fdt blob at 0x88000000
   Using Device Tree in place at 88000000, end 880091f7

Starting kernel ...

Uncompressing Linux... done, booting the kernel.
[    0.382589] omap2_mbox_probe: platform not supported
[    0.549341] tps65217-bl tps65217-bl: no platform data provided
[    0.614513] bone-capemgr bone_capemgr.9: slot #0: No cape found
[    0.651619] bone-capemgr bone_capemgr.9: slot #1: No cape found
[    0.688727] bone-capemgr bone_capemgr.9: slot #2: No cape found
[    0.725837] bone-capemgr bone_capemgr.9: slot #3: No cape found
[    0.741985] bone-capemgr bone_capemgr.9: slot #6: BB-BONELT-HDMIN conflict P8.45 (#5:BB-BONELT-HDMI)
[    0.751588] bone-capemgr bone_capemgr.9: slot #6: Failed verification
[    0.758332] bone-capemgr bone_capemgr.9: loader: failed to load slot-6 BB-BONELT-HDMIN:00A0 (prio 2)
[    0.774839] omap_hsmmc mmc.5: of_parse_phandle_with_args of 'reset' failed
[    0.837449] pinctrl-single 44e10800.pinmux: pin 44e10854 already requested by 44e10800.pinmux; cannot claim for gpio-leds.8
[    0.849134] pinctrl-single 44e10800.pinmux: pin-21 (gpio-leds.8) status -22
[    0.856421] pinctrl-single 44e10800.pinmux: could not request pin 21 on device pinctrl-single
[    2.804835] mmcblk0: error -84 transferring data, sector 0, nr 8, cmd response 0x900, card status 0xb00
[    2.815577] mmcblk0: error -84 transferring data, sector 0, nr 8, cmd response 0x900, card status 0x0
[    2.825281] end_request: I/O error, dev mmcblk0, sector 0
[    2.837997] mmcblk0: error -84 transferring data, sector 1, nr 7, cmd response 0x900, card status 0x0
[    2.847694] end_request: I/O error, dev mmcblk0, sector 1
Loading, please wait...








Gave up waiting for root device.  Common problems:
 - Boot args (cat /proc/cmdline)
   - Check rootdelay= (did the system wait long enough?)
   - Check root= (did the system wait for the right device?)
 - Missing modules (cat /proc/modules; ls /dev)
ALERT!  /dev/disk/by-uuid/68139b2d-c936-46bb-9c2a-56a5b2aa08e1 does not exist.  Dropping to a shell!
modprobe: module i8042 not found in modules.dep
modprobe: module ehci-hcd not found in modules.dep
modprobe: module uhci-hcd not found in modules.dep
modprobe: module ohci-hcd not found in modules.dep


BusyÂox v1.20.2 (Debian 1:1.20.0-7) built-in shell (ash)
Enter 'help' for a list of built-in commands.

/bin/sh: can't access tty; job control turned off
(initramfs) 
(initramfs) 
(initramfs) 
(initramfs) 
(initramfs) 
(initramfs) 
(initramfs) 
(initramfs) 
(initramfs) [6n
(initramfs) [6n
(initramfs) [6n
(initramfs) [6n
(initramfs) [6n
(initramfs) [6n
(initramfs) [6n
(initramfs) [6n
(initramfs) [6n
(initramfs) [6n
(initramfs) [6n
(initramfs) [6n
(initramfs) [6n
(initramfs) [6n
(initramfs) [6nLabgrid Console Logfile for main
Logfile started at 2025-07-30 11:05:41.096372
=== Log starts here ===
reading args
spl_load_image_fat_os: error reading image args, err - -1
reading u-boot.img
reading u-boot.img


U-Boot 2014.04-00014-g47880f5 (Apr 22 2014 - 13:23:54)

I2C:   ready
DRAM:  512 MiB
NAND:  0 MiB
MMC:   OMAP SD/MMC: 0, OMAP SD/MMC: 1
*** Warning - readenv() failed, using default environment

Net:   <ethaddr> not set. Validating first E-fuse MAC
cpsw, usb_ether
Hit any key to stop autoboot:  1  0 
gpio: pin 53 (gpio 53) value is 1
mmc0 is current device
gpio: pin 54 (gpio 54) value is 1
SD/MMC found on device 0
reading uEnv.txt
569 bytes read in 4 ms (138.7 KiB/s)
gpio: pin 55 (gpio 55) value is 1
Loaded environment from uEnv.txt
Importing environment from mmc ...
Checking if uenvcmd is set ...
gpio: pin 56 (gpio 56) value is 1
Running uenvcmd ...
cpsw Waiting for PHY auto negotiation to complete. done
link up on port 0, speed 100, full duplex
Using cpsw device
TFTP from server 192.168.255.126; our IP address is 192.168.255.1
Filename 'zImage'.
Load address: 0x81000000
Loading: *#################################################################
	 #################################################################
	 #################################################################
	 #################################################################
	 #################################################################
	 #############################################################
	 2.4 MiB/s
done
Bytes transferred = 5653096 (564268 hex)
link up on port 0, speed 100, full duplex
Using cpsw device
TFTP from server 192.168.255.126; our IP address is 192.168.255.1
Filename 'am335x-boneblack.dtb'.
Load address: 0x82000000
Loading: *#######
	 2.3 MiB/s
done
Bytes transferred = 98244 (17fc4 hex)
Kernel image @ 0x81000000 [ 0x000000 - 0x564268 ]
## Flattened Device Tree blob at 82000000
   Booting using the fdt blob at 0x82000000
   Using Device Tree in place at 82000000, end 8201afc3

Starting kernel ...

[    0.000000] Booting Linux on physical CPU 0x0
[    0.000000] Linux version 6.16.0-next-20250730 (user01@drvtest01) (arm-none-eabi-gcc (Arm GNU Toolchain 14.2.Rel1 (Build arm-14.52)) 14.2.1 20241119, GNU ld (Arm GNU Toolchain 14.2.Rel1 (Build arm-14.52)) 2.43.1.20241119) #1 SMP Wed Jul 30 11:00:22 EEST 2025
[    0.000000] CPU: ARMv7 Processor [413fc082] revision 2 (ARMv7), cr=10c5387d
[    0.000000] CPU: PIPT / VIPT nonaliasing data cache, VIPT aliasing instruction cache
[    0.000000] OF: fdt: Machine model: TI AM335x BeagleBone Black
[    0.000000] Memory policy: Data cache writeback
[    0.000000] cma: Reserved 16 MiB at 0x9e800000
[    0.000000] Zone ranges:
[    0.000000]   Normal   [mem 0x0000000080000000-0x000000009fdfffff]
[    0.000000]   HighMem  empty
[    0.000000] Movable zone start for each node
[    0.000000] Early memory node ranges
[    0.000000]   node   0: [mem 0x0000000080000000-0x000000009fdfffff]
[    0.000000] Initmem setup node 0 [mem 0x0000000080000000-0x000000009fdfffff]
[    0.000000] On node 0, zone Normal: 512 pages in unavailable ranges
[    0.000000] OF: reserved mem: Reserved memory: No reserved-memory node in the DT
[    0.000000] CPU: All CPU(s) started in SVC mode.
[    0.000000] AM335X ES2.1 (sgx neon)
[    0.000000] percpu: Embedded 17 pages/cpu s39820 r8192 d21620 u69632
[    0.000000] Kernel command line: console=ttyO0,115200n8 root=/dev/nfs rw nfsroot=192.168.255.126:/home/user01/nfs,nfsvers=3 ip=192.168.255.1:192.168.255.126::255.255.255.0:bbb1:eth0 nfsrootdebug
[    0.000000] Unknown kernel command line parameters "nfsrootdebug", will be passed to user space.
[    0.000000] printk: log buffer data + meta data: 65536 + 204800 = 270336 bytes
[    0.000000] Dentry cache hash table entries: 65536 (order: 6, 262144 bytes, linear)
[    0.000000] Inode-cache hash table entries: 32768 (order: 5, 131072 bytes, linear)
[    0.000000] Built 1 zonelists, mobility grouping on.  Total pages: 130560
[    0.000000] mem auto-init: stack:off, heap alloc:off, heap free:off
[    0.000000] SLUB: HWalign=16, Order=0-3, MinObjects=0, CPUs=1, Nodes=1
[    0.000000] rcu: Hierarchical RCU implementation.
[    0.000000] rcu: 	RCU event tracing is enabled.
[    0.000000] rcu: 	RCU restricting CPUs from NR_CPUS=2 to nr_cpu_ids=1.
[    0.000000] 	Tracing variant of Tasks RCU enabled.
[    0.000000] rcu: RCU calculated value of scheduler-enlistment delay is 10 jiffies.
[    0.000000] rcu: Adjusting geometry for rcu_fanout_leaf=16, nr_cpu_ids=1
[    0.000000] RCU Tasks Trace: Setting shift to 0 and lim to 1 rcu_task_cb_adjust=1 rcu_task_cpu_ids=1.
[    0.000000] NR_IRQS: 16, nr_irqs: 16, preallocated irqs: 16
[    0.000000] IRQ: Found an INTC at 0x(ptrval) (revision 5.0) with 128 interrupts
[    0.000000] rcu: srcu_init: Setting srcu_struct sizes based on contention.
[    0.000000] TI gptimer clocksource: always-on /ocp/interconnect@44c00000/segment@200000/target-module@31000
[    0.000003] sched_clock: 32 bits at 24MHz, resolution 41ns, wraps every 89478484971ns
[    0.000027] clocksource: dmtimer: mask: 0xffffffff max_cycles: 0xffffffff, max_idle_ns: 79635851949 ns
[    0.000534] TI gptimer clockevent: 24000000 Hz at /ocp/interconnect@48000000/segment@0/target-module@40000
[    0.002156] Console: colour dummy device 80x30
[    0.002219] WARNING: Your 'console=ttyO0' has been replaced by 'ttyS0'
[    0.002227] This ensures that you still see kernel messages. Please
[    0.002232] update your kernel commandline.
[    0.002274] Calibrating delay loop... 996.14 BogoMIPS (lpj=4980736)
[    0.090580] CPU: Testing write buffer coherency: ok
[    0.090692] CPU0: Spectre v2: using BPIALL workaround
[    0.090703] pid_max: default: 32768 minimum: 301
[    0.090859] LSM: initializing lsm=capability
[    0.091027] Mount-cache hash table entries: 1024 (order: 0, 4096 bytes, linear)
[    0.091046] Mountpoint-cache hash table entries: 1024 (order: 0, 4096 bytes, linear)
[    0.092620] CPU0: thread -1, cpu 0, socket -1, mpidr 0
[    0.092681] cacheinfo: Unable to detect cache hierarchy for CPU 0
[    0.094729] Setting up static identity map for 0x80100000 - 0x80100078
[    0.095083] rcu: Hierarchical SRCU implementation.
[    0.095093] rcu: 	Max phase no-delay instances is 1000.
[    0.096847] smp: Bringing up secondary CPUs ...
[    0.096902] smp: Brought up 1 node, 1 CPU
[    0.096915] SMP: Total of 1 processors activated (996.14 BogoMIPS).
[    0.096927] CPU: All CPU(s) started in SVC mode.
[    0.097127] Memory: 480856K/522240K available (11264K kernel code, 1218K rwdata, 2936K rodata, 1024K init, 253K bss, 23352K reserved, 16384K cma-reserved, 0K highmem)
[    0.097966] devtmpfs: initialized
[    0.115107] VFP support v0.3: implementor 41 architecture 3 part 30 variant c rev 3
[    0.115744] clocksource: jiffies: mask: 0xffffffff max_cycles: 0xffffffff, max_idle_ns: 19112604462750000 ns
[    0.115800] posixtimers hash table entries: 512 (order: 0, 4096 bytes, linear)
[    0.115828] futex hash table entries: 256 (16384 bytes on 1 NUMA nodes, total 16 KiB, linear).
[    0.116950] pinctrl core: initialized pinctrl subsystem
[    0.119087] NET: Registered PF_NETLINK/PF_ROUTE protocol family
[    0.122210] DMA: preallocated 256 KiB pool for atomic coherent allocations
[    0.122818] audit: initializing netlink subsys (disabled)
[    0.124133] thermal_sys: Registered thermal governor 'fair_share'
[    0.124149] thermal_sys: Registered thermal governor 'step_wise'
[    0.124160] thermal_sys: Registered thermal governor 'user_space'
[    0.124274] audit: type=2000 audit(0.120:1): state=initialized audit_enabled=0 res=1
[    0.124344] cpuidle: using governor menu
[    0.142389] /ocp/interconnect@44c00000/segment@200000/target-module@b000/i2c@0/tda19988@70: Fixed dependency cycle(s) with /ocp/interconnect@48000000/segment@300000/target-module@e000/lcdc@0
[    0.143526] /ocp/interconnect@48000000/segment@300000/target-module@e000/lcdc@0: Fixed dependency cycle(s) with /ocp/interconnect@44c00000/segment@200000/target-module@b000/i2c@0/tda19988@70
[    0.145755] No ATAGs?
[    0.145797] hw-breakpoint: debug architecture 0x4 unsupported.
[    0.148881] kprobes: kprobe jump-optimization is enabled. All kprobes are optimized if possible.
[    0.154234] iommu: Default domain type: Translated
[    0.154254] iommu: DMA domain TLB invalidation policy: strict mode
[    0.161647] SCSI subsystem initialized
[    0.162519] pps_core: LinuxPPS API ver. 1 registered
[    0.162529] pps_core: Software ver. 5.3.6 - Copyright 2005-2007 Rodolfo Giometti <giometti@linux.it>
[    0.162554] PTP clock support registered
[    0.171196] vgaarb: loaded
[    0.171581] clocksource: Switched to clocksource dmtimer
[    0.172259] VFS: Disk quotas dquot_6.6.0
[    0.172318] VFS: Dquot-cache hash table entries: 1024 (order 0, 4096 bytes)
[    0.196794] NET: Registered PF_INET protocol family
[    0.197131] IP idents hash table entries: 8192 (order: 4, 65536 bytes, linear)
[    0.198553] tcp_listen_portaddr_hash hash table entries: 512 (order: 0, 4096 bytes, linear)
[    0.198591] Table-perturb hash table entries: 65536 (order: 6, 262144 bytes, linear)
[    0.198610] TCP established hash table entries: 4096 (order: 2, 16384 bytes, linear)
[    0.198655] TCP bind hash table entries: 4096 (order: 4, 65536 bytes, linear)
[    0.198754] TCP: Hash tables configured (established 4096 bind 4096)
[    0.198874] UDP hash table entries: 256 (order: 1, 14336 bytes, linear)
[    0.198909] UDP-Lite hash table entries: 256 (order: 1, 14336 bytes, linear)
[    0.199098] NET: Registered PF_UNIX/PF_LOCAL protocol family
[    0.200366] RPC: Registered named UNIX socket transport module.
[    0.200385] RPC: Registered udp transport module.
[    0.200391] RPC: Registered tcp transport module.
[    0.200396] RPC: Registered tcp-with-tls transport module.
[    0.200401] RPC: Registered tcp NFSv4.1 backchannel transport module.
[    0.200425] PCI: CLS 0 bytes, default 64
[    0.201966] Initialise system trusted keyrings
[    0.212681] workingset: timestamp_bits=14 max_order=17 bucket_order=3
[    0.214103] NFS: Registering the id_resolver key type
[    0.214203] Key type id_resolver registered
[    0.214211] Key type id_legacy registered
[    0.214318] jffs2: version 2.2. (NAND) (SUMMARY)  Â© 2001-2006 Red Hat, Inc.
[    0.214770] Key type asymmetric registered
[    0.214787] Asymmetric key parser 'x509' registered
[    0.214856] io scheduler mq-deadline registered
[    0.214866] io scheduler kyber registered
[    0.214943] io scheduler bfq registered
[    0.216830] target-module@4b000000:target-module@140000:pmu@0:fck: device ID is greater than 24
[    0.223016] l3-aon-clkctrl:0000:0: failed to disable
[    0.232172] ledtrig-cpu: registered to indicate activity on CPUs
[    0.235886] Serial: 8250/16550 driver, 6 ports, IRQ sharing enabled
[    0.277821] brd: module loaded
[    0.297909] loop: module loaded
[    0.298839] mtdoops: mtd device (mtddev=name/number) must be supplied
[    0.302135] i2c_dev: i2c /dev entries driver
[    0.303148] cpuidle: enable-method property 'ti,am3352' found operations
[    0.303584] sdhci: Secure Digital Host Controller Interface driver
[    0.303594] sdhci: Copyright(c) Pierre Ossman
[    0.303767] sdhci-pltfm: SDHCI platform and OF driver helper
[    0.318099] hw perfevents: enabled with armv7_cortex_a8 PMU driver, 5 (8000000f) counters available
[    0.318625] Initializing XFRM netlink socket
[    0.318809] NET: Registered PF_INET6 protocol family
[    0.324516] l3-aon-clkctrl:0000:0: failed to disable
[    0.335262] Segment Routing with IPv6
[    0.335345] In-situ OAM (IOAM) with IPv6
[    0.335440] sit: IPv6, IPv4 and MPLS over IPv4 tunneling driver
[    0.336399] NET: Registered PF_PACKET protocol family
[    0.336426] NET: Registered PF_KEY protocol family
[    0.336550] Key type dns_resolver registered
[    0.336769] ThumbEE CPU extension supported.
[    0.336787] Registering SWP/SWPB emulation handler
[    0.337323] omap_voltage_late_init: Voltage driver support not added
[    0.337983] SmartReflex Class3 initialized
[    0.376912] Loading compiled-in X.509 certificates
[    0.419051] /ocp/interconnect@44c00000/segment@200 000/target-module@b000/i2c@0/tda19988@70: Fixed dependency cycle(s) with /ocp/interconnect@48000000/segment@300000/target-module@e000/lcdc@0
[    0.425681] /ocp/interconnect@44c00000/segment@200000/target-module@b000/i2c@0/tda19988@70: Fixed dependency cycle(s) with /ocp/interconnect@48000000/segment@300000/target-module@e000/lcdc@0
[    0.455377] /ocp/interconnect@44c00000/segment@200000/target-module@b000/i2c@0/tda19988@70: Fixed dependency cycle(s) with /ocp/interconnect@48000000/segment@300000/targe t-module@e000/lcdc@0
[    0.456255] /ocp/interconnect@44c00000/segment@200000/target-module@b000/i2c@0/tda19988@70: Fixed dependency cycle(s) with /ocp/interconnect@48000000/segment@300000/target-module@e000/lcdc@0
[    0.459778] /ocp/interconnect@44c00000/segment@200000/target-module@10000/scm@0/pinmux@800: Fixed dependency cycle(s) with /ocp/interconnect@44c00000/segment@200000/target-module@10000/scm@0/pinmux@800/clkout2-pins
[    0.460366] pinctrl-single 44e10800.pinmux: 142 pins, size 568
[    0.465957] ti-sysc 44e31000.target-module: probe with driver ti-sysc failed with error -16
[    0.495214] /ocp/interconnect@48000000/segment@300000/target-module@e000/lcdc@0: Fixed dependency cycle(s) with /ocp/interconnect@44c00000/segment@200000/target-module@b000/i2c@0/tda19988@70
[    0.503474] ti-sysc 48040000.target-module: probe with driver ti-sysc failed with error -16
[    0.555054] OMAP GPIO hardware version 0.1
[    0.579878] omap_i2c 4819c000.i2c: bus 2 rev0.11 at 100 kHz
[    0.616846] 48000000.interconnect:segment@200000:target-module@0:mpu@0:fck: device ID is greater than 24
[    0.617745] /ocp/interconnect@48000000/segment@300000/target-module@e000/lcdc@0: Fixed dependency cycle(s) with /ocp/interconnect@44c00000/segment@200000/target-module@b000/i2c@0/tda19988@70
[    0.620595] /ocp/interconnect@48000000/segment@300000/target-module@e000/lcdc@0: Fixed dependency cycle(s) with /ocp/interconnect@44c00000/segment@200000/target-module@b000/i2c@0/tda19988@70
[    0.621301] /ocp/interconnect@44c00
[    2.392552] tps65217-pmic: Failed to locate of_node [id: -1]
[    2.398617] tps65217-bl: Failed to locate of_node [id: -1]
[    2.404684] platform tps65217-charger: DMA mask not set
[    2.410711] platform tps65217-pwrbutton: DMA mask not set
[    2.418016] tps65217 0-0024: TPS65217 ID 0xe version 1.2
[    2.424142] /ocp/interconnect@48000000/segment@300000/target-module@e000/lcdc@0: Fixed dependency cycle(s) with /ocp/interconnect@44c00000/segment@200000/target-module@b000/i2c@0/tda19988@70
[    2.441593] /ocp/interconnect@44c00000/segment@200000/target-module@b000/i2c@0/tda19988@70: Fixed dependency cycle(s) with /ocp/interconnect@48000000/segment@300000/target-module@e000/lcdc@0
[    2.458936] omap_i2c 44e0b000.i2c: bus 0 rev0.11 at 400 kHz
[    2.466836] omap_gpio 44e07000.gpio: Could not set line 6 debounce to 200000 microseconds (-22)
[    2.475758] sdhci-omap 48060000.mmc: Got CD GPIO
[    2.480770] sdhci-omap 48060000.mmc: supply pbias not found, using dummy regulator
[    2.490786] sdhci-omap 48060000.mmc: supply vqmmc not found, using dummy regulator
[    2.499913] sdhci-omap 481d8000.mmc: supply pbias not found, using dummy regulator
[    2.510072] sdhci-omap 481d8000.mmc: supply vqmmc not found, using dummy regulator
[    2.545286] mmc0: SDHCI controller on 48060000.mmc [48060000.mmc] using External DMA
[    2.553591] mmc1: SDHCI controller on 481d8000.mmc [481d8000.mmc] using External DMA
[    2.562365] cpsw-switch 4a100000.switch: starting ndev. mode: dual_mac
[    2.610665] mmc0: new high speed SDHC card at address 5048
[    2.617712] mmcblk0: mmc0:5048 SD16G 14.4 GiB
[    2.625985]  mmcblk0: p1 p2
[    2.629358] mmcblk0: p2 size 31221760 extends beyond EOD, truncated
[    2.642771] SMSC LAN8710/LAN8720 4a101000.mdio:00: attached PHY driver (mii_bus:phy_addr=4a101000.mdio:00, irq=POLL)
[    2.653742] mmc1: new high speed MMC card at address 0001
[    2.666341] mmcblk1: mmc1:0001 MMC04G 3.60 GiB
[    2.673985]  mmcblk1: p1 p2
[    2.678407] mmcblk1boot0: mmc1:0001 MMC04G 2.00 MiB
[    2.687319] mmcblk1boot1: mmc1:0001 MMC04G 2.00 MiB
[    2.696221] mmcblk1rpmb: mmc1:0001 MMC04G 128 KiB, chardev (249:0)
[    5.842351] cpsw-switch 4a100000.switch eth0: Link is Up - 100Mbps/Full - flow control off
[    5.881827] IP-Config: Complete:
[    5.885102]      device=eth0, hwaddr=6c:ec:eb:68:de:78, ipaddr=192.168.255.1, mask=255.255.255.0, gw=255.255.255.255
[    5.895778]      host=bbb1, domain=, nis-domain=(none)
[    5.900945]      bootserver=192.168.255.126, rootserver=192.168.255.126, rootpath=
[    5.901365] clk: Disabling unused clocks
[    5.913256] KTAP version 1
[    5.915985] 1..0
[    5.918416] check access for rdinit=/init failed: -2, ignoring
[    5.954443] VFS: Mounted root (nfs filesystem) on device 0:17.
[    5.961186] devtmpfs: mounted
[    5.965974] Freeing unused kernel image (initmem) memory: 1024K
[    5.972748] Run /sbin/init as init process
[    6.643063] systemd[1]: System time before build time, advancing clock.
[    8.161599] random: crng init done
[    8.174259] systemd[1]: systemd 232 running in system mode. (+PAM +AUDIT +SELINUX +IMA +APPARMOR +SMACK +SYSVINIT +UTMP +LIBCRYPTSETUP +GCRYPT +GNUTLS +ACL +XZ +LZ4 +SECCOMP +BLKID +ELFUTILS +KMOD +IDN)
[    8.193362] systemd[1]: Detected architecture arm.

Welcome to [1mDebian GNU/Linux 9 (stretch)[0m!

[    8.224713] systemd[1]: Set hostname to <arm>.
[    9.301113] systemd[1]: Started Forward Password Requests to Wall Directory Watch.
[[0;32m  OK  [0m] Started Forward Password Requests to Wall Directory Watch.
[    9.335514] systemd[1]: systemd-journald.socket: SO_PASSSEC failed: Operation not supported
[    9.344472] systemd[1]: systemd-journald.socket: SO_PASSSEC failed: Operation not supported
[    9.353212] systemd[1]: Listening on Journal Socket.
[[0;32m  OK  [0m] Listening on Journal Socket.
[    9.382447] systemd[1]: systemd-journald-dev-log.socket: SO_PASSSEC failed: Operation not supported
[    9.391902] systemd[1]: Listening on Journal Socket (/dev/log).
[[0;32m  OK  [0m] Listening on Journal Socket (/dev/log).
[    9.423583] systemd[1]: Listening on udev Control Socket.
[[0;32m  OK  [0m] Listening on udev Control Socket.
[[0;32m  OK  [0m] Set up automount Arbitrary Executabâ€¦rmats File System Automount Point.
[[0;32m  OK  [0m] Listening on Syslog Socket.
[[0;32m  OK  [0m] Created slice System Slice.
         Starting Load Kernel Modules...
         Mounting POSIX Message Queue File System...
[[0;32m  OK  [0m] Created slice system-serial\x2dgetty.slice.
[[0;32m  OK  [0m] Listening on udev Kernel Socket.
[[0;32m  OK  [0m] Created slice system-getty.slice.
[[0;32m  OK  [0m] Started Dispatch Password Requests to Console Directory Watch.
[[0;32m  OK  [0m] Reached target Encrypted Volumes.
[[0;32m  OK  [0m] Reached target Paths.
         Starting Create list of required stâ€¦ce nodes for the current kernel...
[[0;32m  OK  [0m] Listening on /dev/initctl Compatibility Named Pipe.
         Mounting Debug File System...
[[0;32m  OK  [0m] Listening on Journal Audit Socket.
         Starting Journal Service...
[[0;32m  OK  [0m] Reached target Remote File Systems.
[[0;32m  OK  [0m] Reached target Swap.
         Starting Remount Root and Kernel File Systems...
[[0;32m  OK  [0m] Created slice User and Session Slice.
[[0;32m  OK  [0m] Reached target Slices.
[[0;32m  OK  [0m] Mounted POSIX Message Queue File System.
[[0;32m  OK  [0m] Mounted Debug File System.
[[0;32m  OK  [0m] Started Load Kernel Modules.
[[0;32m  OK  [0m] Started Create list of required staâ€¦vice nodes for the current kernel.
         Starting Create Static Device Nodes in /dev...
         Mounting Configuration File System...
         Starting Apply Kernel Variables...
[[0;32m  OK  [0m] Started Remount Root and Kernel File Systems.
         Starting Load/Save Random Seed...
         Starting udev Coldplug all Devices...
[[0;32m  OK  [0m] Mounted Configuration File System.
[[0;32m  OK  [0m] Started Apply Kernel Variables.
[[0;32m  OK  [0m] Started Load/Save Random Seed.
[[0;32m  OK  [0m] Started Create Static Device Nodes in /dev.
[[0;32m  OK  [0m] Reached target Local File Systems (Pre).
[[0;32m  OK  [0m] Reached target Local File Systems.
         Starting Raise network interfaces...
         Starting udev Kernel Device Manager...
[[0;32m  OK  [0m] Started Journal Service.
         Starting Flush Journal to Persistent Storage...
[   11.715716] systemd-journald[87]: Received request to flush runtime journal from PID 1
[[0;32m  OK  [0m] Started Flush Journal to Persistent Storage.
         Starting Create Volatile Files and Directories...
[[0;32m  OK  [0m] Started udev Kernel Device Manager.
[   12.649011] omap_prm 44e00d00.prm: sync_state() pending due to 44d00000.cpu
[[0;32m  OK  [0m] Started Create Volatile Files and Directories.
         Starting Update UTMP about System Boot/Shutdown...
         Starting Network Time Synchronization...
[[0;32m  OK  [0m] Started Update UTMP about System Boot/Shutdown.
[[0;32m  OK  [0m] Started udev Coldplug all Devices.
[   14.788210] remoteproc remoteproc0: wkup_m3 is available
[[0;32m  OK  [0m] Started Network Time Synchronization.
[[0;32m  OK  [0m] Reached target System Initialization.
[[0;32m  OK  [0m] Listening on D-Bus System Message Bus Socket.
[   15.064432] omap_rtc 44e3e000.rtc: registered as rtc0
[   15.069616] omap_rtc 44e3e000.rtc: setting system clock to 2000-01-01T00:00:00 UTC (946684800)
[   15.093414] omap_wdt: OMAP Watchdog Timer Rev 0x01: initial timeout 60 sec
[[0;32m  OK  [0m] Listening on Avahi mDNS/DNS-SD Stack Activation Socket.
[[0;32m  OK  [0m] Reached target Sockets.
[[0;32m  OK  [0m] Reached target Basic System.[   15.168851] at24 2-0054: supply vcc not found, using dummy regulator

         Starting LSB: Start busybox udhcpd at boot time...
[   15.337221] at24 2-0055: supply vcc not found, using dummy regulator
[   15.473992] at24 2-0056: supply vcc not found, using dummy regulator
[[0;32m  OK  [0m] Started D-Bus System Message Bus.
[   15.559950] input: tps65217_pwrbutton as /devices/platform/ocp/44c00000.interconnect/44c00000.interconnect:segment@200000/44e0b000.target-module/44e0b000.i2c/i2c-0/0-0024/tps65217-pwrbutton/input/input0
[   15.606976] at24 2-0057: supply vcc not found, using dummy regulator
[   15.772990] at24 0-0050: 32768 byte 24c256 EEPROM, writable, 1 bytes/write
[   16.536108] am335x-phy-driver 47401300.usb-phy: dummy supplies not allowed for exclusive requests (id=vbus)
[   16.672362] am335x-phy-driver 47401b00.usb-phy: dummy supplies not allowed for exclusive requests (id=vbus)
[   16.773075] usbcore: registered new interface driver usbfs
[   16.778706] usbcore: registered new interface driver hub
[   16.784373] usbcore: registered new device driver usb
[   17.483151] musb-hdrc musb-hdrc.1: MUSB HDRC host driver
[   17.488570] musb-hdrc musb-hdrc.1: new USB bus registered, assigned bus number 1
[   17.621180] tda998x 0-0070: found TDA19988
[   17.731954] usb usb1: New USB device found, idVendor=1d6b, idProduct=0002, bcdDevice= 6.16
[   17.740317] usb usb1: New USB device strings: Mfr=3, Product=2, SerialNumber=1
[   17.747678] usb usb1: Product: MUSB HDRC host driver
[   17.752705] usb usb1: Manufacturer: Linux 6.16.0-next-20250730 musb-hcd
[   17.759355] usb usb1: SerialNumber: musb-hdrc.1
[   17.853863] omap-mailbox 480c8000.mailbox: omap mailbox rev 0x400
[   17.941905] remoteproc remoteproc0: powering up wkup_m3
[   18.015747] remoteproc remoteproc0: Direct firmware load for am335x-pm-firmware.elf failed with error -2
[   18.025652] remoteproc remoteproc0: request_firmware failed: -2
[   18.031685] wkup_m3_ipc 44e11324.wkup_m3_ipc: rproc_boot failed
[   18.129953] hub 1-0:1.0: USB hub found
[   18.185926] hub 1-0:1.0: 1 port detected
         Starting Connection service...
         Starting Avahi mDNS/DNS-SD Stack...
         Starting System Logging Service...
         Starting Login Service...
[[0;32m  OK  [0m] Started Regular background program processing daemon.
[[0;32m  OK  [0m] Started Daily Cleanup of Temporary Directories.
         Starting Telephony service...
[   20.582425] omap_rng 48310000.rng: Random Number Generator ver. 20
         Starting DUN service...
[   20.769638] tilcdc 4830e000.lcdc: bound 0-0070 (ops tda998x_audio_codec_init [tda998x])
         Starting Cape Manager Service...
[   20.905530] [drm] Initialized tilcdc 1.0.0 for 4830e000.lcdc on minor 0
         Starting LSB: Load kernel modules needed to enable cpufreq scaling...
[   21.000115] tilcdc 4830e000.lcdc: [drm] Cannot find any crtc or sizes
[   21.009134] tilcdc 4830e000.lcdc: [drm] Cannot find any crtc or sizes
         Starting Generic Board Startup...
[[0;32m  OK  [0m] Reached target System Time Synchronized.
[[0;32m  OK  [0m] Started Daily apt download activities.
[[0;32m  OK  [0m] Started Daily apt upgrade and clean activities.
[[0;32m  OK  [0m] Reached target Timers.
[   22.080949] omap-sham 53100000.sham: hw accel on OMAP rev 4.3
[   22.123512] PM: Cannot get wkup_m3_ipc handle
[   22.254672] omap-sham 53100000.sham: will run requests pump with realtime priority
[   22.269496] PM: Cannot get wkup_m3_ipc handle
[[0;32m  OK  [0m] Found device /dev/ttyS0.
[[0;32m  OK  [0m] Started System Logging Service.
[   22.414463] omap-aes 53500000.aes: OMAP AES hw accel rev: 3.2
[   22.551930] omap-aes 53500000.aes: will run requests pump with realtime priority
[   22.563269] PM: Cannot get wkup_m3_ipc handle
[   23.103740] ------------[ cut here ]------------
[   23.108442] WARNING: net/8021q/vlan_core.c:236 at vlan_for_each+0x114/0x134, CPU#0: avahi-daemon/280
[   23.117793] RTNL: assertion failed at net/8021q/vlan_core.c (236)
[   23.123952] Modules linked in: ecc snd_soc_simple_card snd_soc_simple_card_utils omap_aes_driver omap_crypto libaes pm33xx omap_sham crypto_engine ti_emif_sram tilcdc omap_rng drm_dma_helper rng_core drm_client_lib snd_soc_davinci_mcasp snd_soc_ti_udma snd_soc_ti_edma snd_soc_ti_sdma snd_soc_core snd_pcm_dmaengine snd_pcm omap_mailbox snd_timer snd soundcore tda998x musb_dsps musb_hdrc cec udc_core drm_kms_helper usbcore phy_am335x drm phy_generic wkup_m3_ipc usb_common phy_am335x_control drm_panel_orientation_quirks tps65218_pwrbutton at24 omap_wdt rtc_omap cppi41 watchdog wkup_m3_rproc leds_gpio led_class cpufreq_dt autofs4
[   23.179992] CPU: 0 UID: 107 PID: 280 Comm: avahi-daemon Not tainted 6.16.0-next-20250730 #1 NONE 
[   23.180011] Hardware name: Generic AM33XX (Flattened Device Tree)
[   23.180019] Call trace: 
[   23.180034]  unwind_backtrace from show_stack+0x10/0x14
[   23.180073]  show_stack from dump_stack_lvl+0x50/0x64
[   23.180097]  dump_stack_lvl from __warn+0x88/0x148
[   23.180115]  __warn from warn_slowpath_fmt+0x19c/0x1b0
[   23.180128]  warn_slowpath_fmt from vlan_for_each+0x114/0x134
[   23.180149]  vlan_for_each from cpsw_add_mc_addr+0x40/0xa4
[   23.180179]  cpsw_add_mc_addr from __hw_addr_ref_sync_dev+0x108/0x140
[   23.180212]  __hw_addr_ref_sync_dev from __dev_mc_add+0x7c/0x80
[   23.180235]  __dev_mc_add from igmp6_group_added+0xc8/0xe0
[   23.180264]  igmp6_group_added from __ipv6_dev_mc_inc+0x218/0x364
[   23.180284]  __ipv6_dev_mc_inc from __ipv6_sock_mc_join+0x11c/0x214
[   23.180302]  __ipv6_sock_mc_join from do_ipv6_setsockopt+0x1214/0x1310
[   23.180337]  do_ipv6_setsockopt from ipv6_setsockopt+0x60/0xcc
[   23.180360]  ipv6_setsockopt from udpv6_setsockopt+0x2c/0x6c
[   23.180379]  udpv6_setsockopt from sock_common_setsockopt+0x30/0x40
[   23.180395]  sock_common_setsockopt from do_sock_setsockopt+0x50/0x9c
[   23.180418]  do_sock_setsockopt from __sys_setsockopt+0x70/0xbc
[   23.180441]  __sys_setsockopt from ret_fast_syscall+0x0/0x58
[   23.180459] Exception stack(0xe02ddfa8 to 0xe02ddff0)
[   23.180474] dfa0:                   00000014 b6f36ce8 0000000d 00000029 00000014 beb309ec
[   23.180486] dfc0: 00000014 b6f36ce8 00000014 00000126 0000000d b6edfff4 004de988 004c6558
[   23.180495] dfe0: b6ef5088 beb309d8 b6ed2309 b6da941a
[   23.180503] ---[ end trace 0000000000000000 ]---
[[0;32m  OK  [0m] Started Cape Manager Service.
[   24.740350] Bluetooth: Core ver 2.22
[   24.744309] NET: Registered PF_BLUETOOTH protocol family
[   24.749660] Bluetooth: HCI device and connection manager initialized
[   24.756153] Bluetooth: HCI socket layer initialized
[   24.761067] Bluetooth: L2CAP socket layer initialized
[   24.766222] Bluetooth: SCO socket layer initialized
[   26.016975] PM: Cannot get wkup_m3_ipc handle
[   26.053233] PM: Cannot get wkup_m3_ipc handle
[   26.123599] gpio-537 (nxp,calib): gpiod_direction_output_nonotify: tried to set a GPIO tied to an IRQ as output
[[0;32m  OK  [0m] Started LSB: Start busybox udhcpd at boot time.
[   26.387312] tda9950 0-0034: TDA9950 CEC interface, hardware version 3.3
[   26.497130] PM: Cannot get wkup_m3_ipc handle
[[0;32m  OK  [0m] Started Raise network interfaces.
[[0;32m  OK  [0m] Started LSB: Load kernel modules needed to enable cpufreq scaling.
[[0;32m  OK  [0m] Started DUN service.
[[0;32m  OK  [0m] Started Telephony service.
[   29.568639] configfs-gadget.g_multi gadget.0: HOST MAC 1c:ba:8c:a2:ed:6c
[   29.568667] configfs-gadget.g_multi gadget.0: MAC 1c:ba:8c:a2:ed:70
[   29.569591] configfs-gadget.g_multi gadget.0: HOST MAC 1c:ba:8c:a2:ed:6c
[   29.569611] configfs-gadget.g_multi gadget.0: MAC 1c:ba:8c:a2:ed:6d
[   29.570373] PM: Cannot get wkup_m3_ipc handle
[[0;32m  OK  [0m] Started Avahi mDNS/DNS-SD Stack.
[[0;32m  OK  [0m] Started Connection service.
[[0;32m  OK  [0m] Started Login Service.
         Starting Hostname Service...
         Starting WPA supplicant...
[[0;32m  OK  [0m] Reached target Sound Card.
         Starting LSB: set CPUFreq kernel parameters...
[[0;32m  OK  [0m] Started WPA supplicant.
[[0;32m  OK  [0m] Started Hostname Service.
[[0;32m  OK  [0m] Reached target Network.
[[0;32m  OK  [0m] Reached target Network is Online.
         Starting LSB: Advanced IEEE 802.11 management daemon...
         Starting OpenBSD Secure Shell server...
         Starting The Apache HTTP Server...
         Starting Permit User Sessions...
[[0;32m  OK  [0m] Started LSB: Advanced IEEE 802.11 management daemon.
[[0;32m  OK  [0m] Started LSB: set CPUFreq kernel parameters.
[[0;32m  OK  [0m] Started Permit User Sessions.
[[0;32m  OK  [0m] Started Getty on tty1.
[[0;32m  OK  [0m] Started Serial Getty on ttyS0.
[[0;32m  OK  [0m] Reached target Login Prompts.
         Stopping LSB: Start busybox udhcpd at boot time...
[[0;32m  OK  [0m] Started OpenBSD Secure Shell server.
[[0;32m  OK  [0m] Stopped LSB: Start busybox udhcpd at boot time.
         Starting dnsmasq - A lightweight DHCP and caching DNS server...
[[0;32m  OK  [0m] Started The Apache HTTP Server.
[[0;32m  OK  [0m] Started dnsmasq - A lightweight DHCP and caching DNS server.
[[0;32m  OK  [0m] Reached target Host and Network Name Lookups.
[[0;32m  OK  [0m] Started Serial Getty on ttyGS0.
[[0;32m  OK  [0m] Started Generic Board Startup.
[[0;32m  OK  [0m] Reached target Multi-User System.
[[0;32m  OK  [0m] Reached target Graphical Interface.
         Starting Update UTMP about System Runlevel Changes...
[[0;32m  OK  [0m] Started Update UTMP about System Runlevel Changes.

Debian GNU/Linux 9 arm ttyS0

default username:password is [debian:temppwd]

arm login: root
Password: 
Last login: Sat Dec  9 19:10:41 UTC 2017 on ttyS0
root
Linux arm 6.16.0-next-20250730 #1 SMP Wed Jul 30 11:00:22 EEST 2025 armv7l

The programs included with the Debian GNU/Linux system are free software;
the exact distribution terms for each program are described in the
individual files in /usr/share/doc/*/copyright.

Debian GNU/Linux comes with ABSOLUTELY NO WARRANTY, to the extent
permitted by applicable law.
root@arm:~# root
dmesg -n 1
-bash: root: command not found
root@arm:~# dmesg -n 1
root@arm:~# echo 'AOSY''FQFAPC'
AOSYFQFAPC
root@arm:~# run() { echo -n "$MARKER"; sh -c "$@"; echo "$MARKER $?"; }
root@arm:~# echo 'AQSA''UOZLFT'
AQSAUOZLFT
root@arm:~# MARKER='YXWC''JJZCXL' run 'cat /proc/version'
YXWCJJZCXLLinux version 6.16.0-next-20250730 (user01@drvtest01) (arm-none-eabi-gcc (Arm GNU Toolchain 14.2.Rel1 (Build arm-14.52)) 14.2.1 20241119, GNU ld (Arm GNU Toolchain 14.2.Rel1 (Build arm-14.52)) 2.43.1.20241119) #1 SMP Wed Jul 30 11:00:22 EEST 2025
YXWCJJZCXL 0
root@arm:~# echo 'NXGN''JLTKKV'
NXGNJLTKKV
root@arm:~# MARKER='OMPJ''TSXWJU' run false
OMPJTSXWJUOMPJTSXWJU 1
root@arm:~# Labgrid Console Logfile for main
Logfile started at 2025-07-30 11:06:49.056568
=== Log starts here ===

root@arm:~# run() { echo -n "$MARKER"; sh -c "$@"; echo "$MARKER $?"; }
root@arm:~# echo 'AFCT''FYPONE'
AFCTFYPONE
root@arm:~# MARKER='TYPL''NFCBEL' run 'ls /iio_generic_buffer; echo $?'
TYPLNFCBEL/iio_generic_buffer
0
TYPLNFCBEL 0
root@arm:~# Labgrid Console Logfile for main
Logfile started at 2025-07-30 11:06:52.406350
=== Log starts here ===

root@arm:~# run() { echo -n "$MARKER"; sh -c "$@"; echo "$MARKER $?"; }
root@arm:~# echo 'MGBY''YTQFSG'
MGBYYTQFSG
root@arm:~# MARKER='OBWK''QSSBUZ' run dmesg
OBWKQSSBUZ[    0.000000] Booting Linux on physical CPU 0x0
[    0.000000] Linux version 6.16.0-next-20250730 (user01@drvtest01) (arm-none-eabi-gcc (Arm GNU Toolchain 14.2.Rel1 (Build arm-14.52)) 14.2.1 20241119, GNU ld (Arm GNU Toolchain 14.2.Rel1 (Build arm-14.52)) 2.43.1.20241119) #1 SMP Wed Jul 30 11:00:22 EEST 2025
[    0.000000] CPU: ARMv7 Processor [413fc082] revision 2 (ARMv7), cr=10c5387d
[    0.000000] CPU: PIPT / VIPT nonaliasing data cache, VIPT aliasing instruction cache
[    0.000000] OF: fdt: Machine model: TI AM335x BeagleBone Black
[    0.000000] Memory policy: Data cache writeback
[    0.000000] cma: Reserved 16 MiB at 0x9e800000
[    0.000000] Zone ranges:
[    0.000000]   Normal   [mem 0x0000000080000000-0x000000009fdfffff]
[    0.000000]   HighMem  empty
[    0.000000] Movable zone start for each node
[    0.000000] Early memory node ranges
[    0.000000]   node   0: [mem 0x0000000080000000-0x000000009fdfffff]
[    0.000000] Initmem setup node 0 [mem 0x0000000080000000-0x000000009fdfffff]
[    0.000000] On node 0, zone Normal: 512 pages in unavailable ranges
[    0.000000] OF: reserved mem: Reserved memory: No reserved-memory node in the DT
[    0.000000] CPU: All CPU(s) started in SVC mode.
[    0.000000] AM335X ES2.1 (sgx neon)
[    0.000000] percpu: Embedded 17 pages/cpu s39820 r8192 d21620 u69632
[    0.000000] pcpu-alloc: s39820 r8192 d21620 u69632 alloc=17*4096
[    0.000000] pcpu-alloc: [0] 0 
[    0.000000] Kernel command line: console=ttyO0,115200n8 root=/dev/nfs rw nfsroot=192.168.255.126:/home/user01/nfs,nfsvers=3 ip=192.168.255.1:192.168.255.126::255.255.255.0:bbb1:eth0 nfsrootdebug
[    0.000000] Unknown kernel command line parameters "nfsrootdebug", will be passed to user space.
[    0.000000] printk: log buffer data + meta data: 65536 + 204800 = 270336 bytes
[    0.000000] Dentry cache hash table entries: 65536 (order: 6, 262144 bytes, linear)
[    0.000000] Inode-cache hash table entries: 32768 (order: 5, 131072 bytes, linear)
[    0.000000] Built 1 zonelists, mobility grouping on.  Total pages: 130560
[    0.000000] mem auto-init: stack:off, heap alloc:off, heap free:off
[    0.000000] SLUB: HWalign=16, Order=0-3, MinObjects=0, CPUs=1, Nodes=1
[    0.000000] rcu: Hierarchical RCU implementation.
[    0.000000] rcu: 	RCU event tracing is enabled.
[    0.000000] rcu: 	RCU restricting CPUs from NR_CPUS=2 to nr_cpu_ids=1.
[    0.000000] 	Tracing variant of Tasks RCU enabled.
[    0.000000] rcu: RCU calculated value of scheduler-enlistment delay is 10 jiffies.
[    0.000000] rcu: Adjusting geometry for rcu_fanout_leaf=16, nr_cpu_ids=1
[    0.000000] RCU Tasks Trace: Setting shift to 0 and lim to 1 rcu_task_cb_adjust=1 rcu_task_cpu_ids=1.
[    0.000000] NR_IRQS: 16, nr_irqs: 16, preallocated irqs: 16
[    0.000000] IRQ: Found an INTC at 0x(ptrval) (revision 5.0) with 128 interrupts
[    0.000000] rcu: srcu_init: Setting srcu_struct sizes based on contention.
[    0.000000] TI gptimer clocksource: always-on /ocp/interconnect@44c00000/segment@200000/target-module@31000
[    0.000003] sched_clock: 32 bits at 24MHz, resolution 41ns, wraps every 89478484971ns
[    0.000027] clocksource: dmtimer: mask: 0xffffffff max_cycles: 0xffffffff, max_idle_ns: 79635851949 ns
[    0.000534] TI gptimer clockevent: 24000000 Hz at /ocp/interconnect@48000000/segment@0/target-module@40000
[    0.002156] Console: colour dummy device 80x30
[    0.002219] WARNING: Your 'console=ttyO0' has been replaced by 'ttyS0'
[    0.002227] This ensures that you still see kernel messages. Please
[    0.002232] update your kernel commandline.
[    0.002274] Calibrating delay loop... 996.14 BogoMIPS (lpj=4980736)
[    0.090580] CPU: Testing write buffer coherency: ok
[    0.090692] CPU0: Spectre v2: using BPIALL workaround
[    0.090703] pid_max: default: 32768 minimum: 301
[    0.090859] LSM: initializing lsm=capability
[    0.091027] Mount-cache hash table entries: 1024 (order: 0, 4096 bytes, linear)
[    0.091046] Mountpoint-cache hash table entries: 1024 (order: 0, 4096 bytes, linear)
[    0.092620] CPU0: thread -1, cpu 0, socket -1, mpidr 0
[    0.092681] cacheinfo: Unable to detect cache hierarchy for CPU 0
[    0.094729] Setting up static identity map for 0x80100000 - 0x80100078
[    0.095083] rcu: Hierarchical SRCU implementation.
[    0.095093] rcu: 	Max phase no-delay instances is 1000.
[    0.096847] smp: Bringing up secondary CPUs ...
[    0.096902] smp: Brought up 1 node, 1 CPU
[    0.096915] SMP: Total of 1 processors activated (996.14 BogoMIPS).
[    0.096927] CPU: All CPU(s) started in SVC mode.
[    0.097127] Memory: 480856K/522240K available (11264K kernel code, 1218K rwdata, 2936K rodata, 1024K init, 253K bss, 23352K reserved, 16384K cma-reserved, 0K highmem)
[    0.097966] devtmpfs: initialized
[    0.115107] VFP support v0.3: implementor 41 architecture 3 part 30 variant c rev 3
[    0.115744] clocksource: jiffies: mask: 0xffffffff max_cycles: 0xffffffff, max_idle_ns: 19112604462750000 ns
[    0.115800] posixtimers hash table entries: 512 (order: 0, 4096 bytes, linear)
[    0.115828] futex hash table entries: 256 (16384 bytes on 1 NUMA nodes, total 16 KiB, linear).
[    0.116950] pinctrl core: initialized pinctrl subsystem
[    0.119087] NET: Registered PF_NETLINK/PF_ROUTE protocol family
[    0.122210] DMA: preallocated 256 KiB pool for atomic coherent allocations
[    0.122818] audit: initializing netlink subsys (disabled)
[    0.124133] thermal_sys: Registered thermal governor 'fair_share'
[    0.124149] thermal_sys: Registered thermal governor 'step_wise'
[    0.124160] thermal_sys: Registered thermal governor 'user_space'
[    0.124274] audit: type=2000 audit(0.120:1): state=initialized audit_enabled=0 res=1
[    0.124344] cpuidle: using governor menu
[    0.142389] /ocp/interconnect@44c00000/segment@200000/target-module@b000/i2c@0/tda19988@70: Fixed dependency cycle(s) with /ocp/interconnect@48000000/segment@300000/target-module@e000/lcdc@0
[    0.143526] /ocp/interconnect@48000000/segment@300000/target-module@e000/lcdc@0: Fixed dependency cycle(s) with /ocp/interconnect@44c00000/segment@200000/target-module@b000/i2c@0/tda19988@70
[    0.145755] No ATAGs?
[    0.145797] hw-breakpoint: debug architecture 0x4 unsupported.
[    0.148881] kprobes: kprobe jump-optimization is enabled. All kprobes are optimized if possible.
[    0.154234] iommu: Default domain type: Translated
[    0.154254] iommu: DMA domain TLB invalidation policy: strict mode
[    0.155827] reg-fixed-voltage fixedregulator0: using DT '/fixedregulator0' for '(default)' GPIO lookup
[    0.155882] of_get_named_gpiod_flags: can't parse 'gpios' property of node '/fixedregulator0[0]'
[    0.155912] of_get_named_gpiod_flags: can't parse 'gpio' property of node '/fixedregulator0[0]'
[    0.155930] reg-fixed-voltage fixedregulator0: using lookup tables for GPIO lookup
[    0.155940] reg-fixed-voltage fixedregulator0: No GPIO consumer (default) found
[    0.161647] SCSI subsystem initialized
[    0.162138] libata version 3.00 loaded.
[    0.162519] pps_core: LinuxPPS API ver. 1 registered
[    0.162529] pps_core: Software ver. 5.3.6 - Copyright 2005-2007 Rodolfo Giometti <giometti@linux.it>
[    0.162554] PTP clock support registered
[    0.171196] vgaarb: loaded
[    0.171581] clocksource: Switched to clocksource dmtimer
[    0.172259] VFS: Disk quotas dquot_6.6.0
[    0.172318] VFS: Dquot-cache hash table entries: 1024 (order 0, 4096 bytes)
[    0.196794] NET: Registered PF_INET protocol family
[    0.197131] IP idents hash table entries: 8192 (order: 4, 65536 bytes, linear)
[    0.198553] tcp_listen_portaddr_hash hash table entries: 512 (order: 0, 4096 bytes, linear)
[    0.198591] Table-perturb hash table entries: 65536 (order: 6, 262144 bytes, linear)
[    0.198610] TCP established hash table entries: 4096 (order: 2, 16384 bytes, linear)
[    0.198655] TCP bind hash table entries: 4096 (order: 4, 65536 bytes, linear)
[    0.198754] TCP: Hash tables configured (established 4096 bind 4096)
[    0.198874] UDP hash table entries: 256 (order: 1, 14336 bytes, linear)
[    0.198909] UDP-Lite hash table entries: 256 (order: 1, 14336 bytes, linear)
[    0.199098] NET: Registered PF_UNIX/PF_LOCAL protocol family
[    0.200366] RPC: Registered named UNIX socket transport module.
[    0.200385] RPC: Registered udp transport module.
[    0.200391] RPC: Registered tcp transport module.
[    0.200396] RPC: Registered tcp-with-tls transport module.
[    0.200401] RPC: Registered tcp NFSv4.1 backchannel transport module.
[    0.200425] PCI: CLS 0 bytes, default 64
[    0.201966] Initialise system trusted keyrings
[    0.212681] workingset: timestamp_bits=14 max_order=17 bucket_order=3
[    0.214103] NFS: Registering the id_resolver key type
[    0.214203] Key type id_resolver registered
[    0.214211] Key type id_legacy registered
[    0.214318] jffs2: version 2.2. (NAND) (SUMMARY)  Â© 2001-2006 Red Hat, Inc.
[    0.214770] Key type asymmetric registered
[    0.214787] Asymmetric key parser 'x509' registered
[    0.214856] io scheduler mq-deadline registered
[    0.214866] io scheduler kyber registered
[    0.214943] io scheduler bfq registered
[    0.216830] target-module@4b000000:target-module@140000:pmu@0:fck: device ID is greater than 24
[    0.223016] l3-aon-clkctrl:0000:0: failed to disable
[    0.232172] ledtrig-cpu: registered to indicate activity on CPUs
[    0.235886] Serial: 8250/16550 driver, 6 ports, IRQ sharing enabled
[    0.277821] brd: module loaded
[    0.297909] loop: module loaded
[    0.298839] mtdoops: mtd device (mtddev=name/number) must be supplied
[    0.300529] mdio_bus fixed-0: using lookup tables for GPIO lookup
[    0.300554] mdio_bus fixed-0: No GPIO consumer reset found
[    0.302135] i2c_dev: i2c /dev entries driver
[    0.303148] cpuidle: enable-method property 'ti,am3352' found operations
[    0.303584] sdhci: Secure Digital Host Controller Interface driver
[    0.303594] sdhci: Copyright(c) Pierre Ossman
[    0.303767] sdhci-pltfm: SDHCI platform and OF driver helper
[    0.318099] hw perfevents: enabled with armv7_cortex_a8 PMU driver, 5 (8000000f) counters available
[    0.318625] Initializing XFRM netlink socket
[    0.318809] NET: Registered PF_INET6 protocol family
[    0.324516] l3-aon-clkctrl:0000:0: failed to disable
[    0.335262] Segment Routing with IPv6
[    0.335345] In-situ OAM (IOAM) with IPv6
[    0.335440] sit: IPv6, IPv4 and MPLS over IPv4 tunneling driver
[    0.336399] NET: Registered PF_PACKET protocol family
[    0.336426] NET: Registered PF_KEY protocol family
[    0.336550] Key type dns_resolver registered
[    0.336769] ThumbEE CPU extension supported.
[    0.336787] Registering SWP/SWPB emulation handler
[    0.337323] omap_voltage_late_init: Voltage driver support not added
[    0.337983] SmartReflex Class3 initialized
[    0.376912] Loading compiled-in X.509 certificates
[    0.419051] /ocp/interconnect@44c00000/segment@200000/target-module@b000/i2c@0/tda19988@70: Fixed dependency cycle(s) with /ocp/interconnect@48000000/segment@300000/target-module@e000/lcdc@0
[    0.425681] /ocp/interconnect@44c00000/segment@200000/target-module@b000/i2c@0/tda19988@70: Fixed dependency cycle(s) with /ocp/interconnect@48000000/segment@300000/target-module@e000/lcdc@0
[    0.431160] gpiochip_find_base_unlocked: found new base at 512
[    0.455377] /ocp/interconnect@44c00000/segment@200000/target-module@b000/i2c@0/tda19988@70: Fixed dependency cycle(s) with /ocp/interconnect@48000000/segment@300000/target-module@e000/lcdc@0
[    0.456255] /ocp/interconnect@44c00000/segment@200000/target-module@b000/i2c@0/tda19988@70: Fixed dependency cycle(s) with /ocp/interconnect@48000000/segment@300000/target-module@e000/lcdc@0
[    0.459778] /ocp/interconnect@44c00000/segment@200000/target-module@10000/scm@0/pinmux@800: Fixed dependency cycle(s) with /ocp/interconnect@44c00000/segment@200000/target-module@10000/scm@0/pinmux@800/clkout2-pins
[    0.460366] pinctrl-single 44e10800.pinmux: 142 pins, size 568
[    0.465957] ti-sysc 44e31000.target-module: probe with driver ti-sysc failed with error -16
[    0.495214] /ocp/interconnect@48000000/segment@300000/target-module@e000/lcdc@0: Fixed dependency cycle(s) with /ocp/interconnect@44c00000/segment@200000/target-module@b000/i2c@0/tda19988@70
[    0.503474] ti-sysc 48040000.target-module: probe with driver ti-sysc failed with error -16
[    0.515132] gpiochip_find_base_unlocked: found new base at 512
[    0.515228] gpio gpiochip0: (gpio-0-31): created GPIO range 0->7 ==> 44e10800.pinmux PIN 0->7
[    0.515248] gpio gpiochip0: (gpio-0-31): created GPIO range 8->11 ==> 44e10800.pinmux PIN 90->93
[    0.515264] gpio gpiochip0: (gpio-0-31): created GPIO range 12->27 ==> 44e10800.pinmux PIN 12->27
[    0.515280] gpio gpiochip0: (gpio-0-31): created GPIO range 28->31 ==> 44e10800.pinmux PIN 30->33
[    0.554743] gpio gpiochip0: (gpio-0-31): added GPIO chardev (254:0)
[    0.554970] gpio gpiochip0: registered GPIOs 512 to 543 on gpio-0-31
[    0.555054] OMAP GPIO hardware version 0.1
[    0.578851] i2c i2c-2: using DT '/ocp/interconnect@48000000/segment@100000/target-module@9c000/i2c@0' for 'scl' GPIO lookup
[    0.578931] of_get_named_gpiod_flags: can't parse 'scl-gpios' property of node '/ocp/interconnect@48000000/segment@100000/target-module@9c000/i2c@0[0]'
[    0.578975] of_get_named_gpiod_flags: can't parse 'scl-gpio' property of node '/ocp/interconnect@48000000/segment@100000/target-module@9c000/i2c@0[0]'
[    0.579011] i2c i2c-2: using lookup tables for GPIO lookup
[    0.579021] i2c i2c-2: No GPIO consumer scl found
[    0.579042] i2c i2c-2: using DT '/ocp/interconnect@48000000/segment@100000/target-module@9c000/i2c@0' for 'sda' GPIO lookup
[    0.579079] of_get_named_gpiod_flags: can't parse 'sda-gpios' property of node '/ocp/interconnect@48000000/segment@100000/target-module@9c000/i2c@0[0]'
[    0.579116] of_get_named_gpiod_flags: can't parse 'sda-gpio' property of node '/ocp/interconnect@48000000/segment@100000/target-module@9c000/i2c@0[0]'
[    0.579148] i2c i2c-2: using lookup tables for GPIO lookup
[    0.579156] i2c i2c-2: No GPIO consumer sda found
[    0.579878] omap_i2c 4819c000.i2c: bus 2 rev0.11 at 100 kHz
[    0.585807] gpiochip_find_base_unlocked: found new base at 544
[    0.585906] gpio gpiochip1: (gpio-32-63): created GPIO range 0->17 ==> 44e10800.pinmux PIN 34->51
[    0.585927] gpio gpiochip1: (gpio-32-63): created GPIO range 18->21 ==> 44e10800.pinmux PIN 77->80
[    0.585943] gpio gpiochip1: (gpio-32-63): created GPIO range 22->31 ==> 44e10800.pinmux PIN 56->65
[    0.607436] gpio gpiochip1: (gpio-32-63): added GPIO chardev (254:1)
[    0.607665] gpio gpiochip1: registered GPIOs 544 to 575 on gpio-32-63
[    0.609969] gpiochip_find_base_unlocked: found new base at 576
[    0.610063] gpio gpiochip2: (gpio-64-95): created GPIO range 0->4 ==> 44e10800.pinmux PIN 66->70
[    0.610083] gpio gpiochip2: (gpio-64-95): created GPIO range 5->6 ==> 44e10800.pinmux PIN 98->99
[    0.610099] gpio gpiochip2: (gpio-64-95): created GPIO range 7->8 ==> 44e10800.pinmux PIN 75->76
[    0.610115] gpio gpiochip2: (gpio-64-95): created GPIO range 13->13 ==> 44e10800.pinmux PIN 141->141
[    0.610131] gpio gpiochip2: (gpio-64-95): created GPIO range 14->21 ==> 44e10800.pinmux PIN 100->107
[    0.610788] gpio gpiochip2: (gpio-64-95): added GPIO chardev (254:2)
[    0.611002] gpio gpiochip2: registered GPIOs 576 to 607 on gpio-64-95
[    0.616846] 48000000.interconnect:segment@200000:target-module@0:mpu@0:fck: device ID is greater than 24
[    0.617745] /ocp/interconnect@48000000/segment@300000/target-module@e000/lcdc@0: Fixed dependency cycle(s) with /ocp/interconnect@44c00000/segment@200000/target-module@b000/i2c@0/tda19988@70
[    0.620595] /ocp/interconnect@48000000/segment@300000/target-module@e000/lcdc@0: Fixed dependency cycle(s) with /ocp/interconnect@44c00000/segment@200000/target-module@b000/i2c@0/tda19988@70
[    0.621301] /ocp/interconnect@44c00000/segment@200000/target-module@b000/i2c@0/tda19988@70: Fixed dependency cycle(s) with /ocp/interconnect@48000000/segment@300000/target-module@e000/lcdc@0
[    0.621461] /ocp/interconnect@48000000/segment@300000/target-module@e000/lcdc@0: Fixed dependency cycle(s) with /ocp/interconnect@44c00000/segment@200000/target-module@b000/i2c@0/tda19988@70
[    0.631322] mdio_bus 4a101000.mdio: using DT '/ocp/interconnect@4a000000/segment@0/target-module@100000/switch@0/mdio@1000' for 'reset' GPIO lookup
[    0.631392] of_get_named_gpiod_flags: can't parse 'reset-gpios' property of node '/ocp/interconnect@4a000000/segment@0/target-module@100000/switch@0/mdio@1000[0]'
[    0.631440] of_get_named_gpiod_flags: can't parse 'reset-gpio' property of node '/ocp/interconnect@4a000000/segment@0/target-module@100000/switch@0/mdio@1000[0]'
[    0.631486] mdio_bus 4a101000.mdio: using lookup tables for GPIO lookup
[    0.631496] mdio_bus 4a101000.mdio: No GPIO consumer reset found
[    0.647600] sdhci-omap 481d8000.mmc: using DT '/ocp/interconnect@48000000/segment@100000/target-module@d8000/mmc@0' for 'wp' GPIO lookup
[    0.647669] of_get_named_gpiod_flags: can't parse 'wp-gpios' property of node '/ocp/interconnect@48000000/segment@100000/target-module@d8000/mmc@0[0]'
[    0.647713] of_get_named_gpiod_flags: can't parse 'wp-gpio' property of node '/ocp/interconnect@48000000/segment@100000/target-module@d8000/mmc@0[0]'
[    0.647749] sdhci-omap 481d8000.mmc: using lookup tables for GPIO lookup
[    0.647758] sdhci-omap 481d8000.mmc: No GPIO consumer wp found
[    0.647971] sdhci-omap 481d8000.mmc: supply pbias not found, using dummy regulator
[    0.648462] sdhci-omap 481d8000.mmc: supply vqmmc not found, using dummy regulator
[    0.688529] davinci_mdio 4a101000.mdio: davinci mdio revision 1.6, bus freq 1000000
[    0.702853] mdio_bus 4a101000.mdio:00: using DT '/ocp/interconnect@4a000000/segment@0/target-module@100000/switch@0/mdio@1000/ethernet-phy@0' for 'reset' GPIO lookup
[    0.702952] of_get_named_gpiod_flags: parsed 'reset-gpios' property of node '/ocp/interconnect@4a000000/segment@0/target-module@100000/switch@0/mdio@1000/ethernet-phy@0[0]' - status (0)
[    0.703118] gpio gpiochip0: Persistence not supported for GPIO 8
[    0.814680] davinci_mdio 4a101000.mdio: phy[0]: device 4a101000.mdio:00, driver SMSC LAN8710/LAN8720
[    0.815464] cpsw-switch 4a100000.switch: initialized cpsw ale version 1.4
[    0.815485] cpsw-switch 4a100000.switch: ALE Table size 1024, Policers 0
[    0.815643] cpsw-switch 4a100000.switch: cpts: overflow check period 500 (jiffies)
[    0.815658] cpsw-switch 4a100000.switch: CPTS: ref_clk_freq:250000000 calc_mult:2147483648 calc_shift:29 error:0 nsec/sec
[    0.815765] cpsw-switch 4a100000.switch: Detected MACID = 6c:ec:eb:68:de:78
[    0.817601] cpsw-switch 4a100000.switch: initialized (regs 0x4a100000, pool size 256) hw_ver:0019010C 1.12 (0)
[    0.828618] debugfs: '49000000.dma' already exists in 'dmaengine'
[    0.828661] edma 49000000.dma: TI EDMA DMA engine driver
[    0.871040] gpio-clk clk_mcasp0: using DT '/clk_mcasp0' for 'enable' GPIO lookup
[    0.871114] of_get_named_gpiod_flags: parsed 'enable-gpios' property of node '/clk_mcasp0[0]' - status (0)
[    0.871158] gpio gpiochip0: Persistence not supported for GPIO 27
[    0.872286] gpiochip_find_base_unlocked: found new base at 608
[    0.872401] gpio gpiochip3: (gpio-96-127): created GPIO range 0->7 ==> 44e10800.pinmux PIN 82->89
[    0.872420] gpio gpiochip3: (gpio-96-127): created GPIO range 8->11 ==> 44e10800.pinmux PIN 52->55
[    0.872435] gpio gpiochip3: (gpio-96-127): created GPIO range 12->15 ==> 44e10800.pinmux PIN 94->97
[    0.872452] gpio gpiochip3: (gpio-96-127): created GPIO range 16->17 ==> 44e10800.pinmux PIN 71->72
[    0.872467] gpio gpiochip3: (gpio-96-127): created GPIO range 18->18 ==> 44e10800.pinmux PIN 135->135
[    0.872484] gpio gpiochip3: (gpio-96-127): created GPIO range 19->20 ==> 44e10800.pinmux PIN 108->109
[    0.872500] gpio gpiochip3: (gpio-96-127): created GPIO range 21->21 ==> 44e10800.pinmux PIN 73->73
[    0.872518] gpio gpiochip3: (gpio-96-127): created GPIO range 22->23 ==> 44e10800.pinmux PIN 8->9
[    0.872535] gpio gpiochip3: (gpio-96-127): created GPIO range 26->27 ==> 44e10800.pinmux PIN 10->11
[    0.872553] gpio gpiochip3: (gpio-96-127): created GPIO range 28->28 ==> 44e10800.pinmux PIN 74->74
[    0.872571] gpio gpiochip3: (gpio-96-127): created GPIO range 29->29 ==> 44e10800.pinmux PIN 81->81
[    0.872589] gpio gpiochip3: (gpio-96-127): created GPIO range 30->31 ==> 44e10800.pinmux PIN 28->29
[    0.890968] gpio gpiochip3: (gpio-96-127): added GPIO chardev (254:3)
[    0.891210] gpio gpiochip3: registered GPIOs 608 to 639 on gpio-96-127
[    0.893370] omap8250 44e09000.serial: using DT '/ocp/interconnect@44c00000/segment@200000/target-module@9000/serial@0' for 'rs485-term' GPIO lookup
[    0.893444] of_get_named_gpiod_flags: can't parse 'rs485-term-gpios' property of node '/ocp/interconnect@44c00000/segment@200000/target-module@9000/serial@0[0]'
[    0.893487] of_get_named_gpiod_flags: can't parse 'rs485-term-gpio' property of node '/ocp/interconnect@44c00000/segment@200000/target-module@9000/serial@0[0]'
[    0.893522] omap8250 44e09000.serial: using lookup tables for GPIO lookup
[    0.893533] omap8250 44e09000.serial: No GPIO consumer rs485-term found
[    0.893542] omap8250 44e09000.serial: using DT '/ocp/interconnect@44c00000/segment@200000/target-module@9000/serial@0' for 'rs485-rx-during-tx' GPIO lookup
[    0.893577] of_get_named_gpiod_flags: can't parse 'rs485-rx-during-tx-gpios' property of node '/ocp/interconnect@44c00000/segment@200000/target-module@9000/serial@0[0]'
[    0.893614] of_get_named_gpiod_flags: can't parse 'rs485-rx-during-tx-gpio' property of node '/ocp/interconnect@44c00000/segment@200000/target-module@9000/serial@0[0]'
[    0.893645] omap8250 44e09000.serial: using lookup tables for GPIO lookup
[    0.893653] omap8250 44e09000.serial: No GPIO consumer rs485-rx-during-tx found
[    0.894088] 44e09000.serial: ttyS0 at MMIO 0x44e09000 (irq = 34, base_baud = 3000000) is a 8250
[    0.894179] printk: legacy console [ttyS0] enabled
[    2.377691] i2c i2c-0: using DT '/ocp/interconnect@44c00000/segment@200000/target-module@b000/i2c@0' for 'scl' GPIO lookup
[    2.377781] of_get_named_gpiod_flags: can't parse 'scl-gpios' property of node '/ocp/interconnect@44c00000/segment@200000/target-module@b000/i2c@0[0]'
[    2.377827] of_get_named_gpiod_flags: can't parse 'scl-gpio' property of node '/ocp/interconnect@44c00000/segment@200000/target-module@b000/i2c@0[0]'
[    2.377866] i2c i2c-0: using lookup tables for GPIO lookup
[    2.377881] i2c i2c-0: No GPIO consumer scl found
[    2.377905] i2c i2c-0: using DT '/ocp/interconnect@44c00000/segment@200000/target-module@b000/i2c@0' for 'sda' GPIO lookup
[    2.377945] of_get_named_gpiod_flags: can't parse 'sda-gpios' property of node '/ocp/interconnect@44c00000/segment@200000/target-module@b000/i2c@0[0]'
[    2.377985] of_get_named_gpiod_flags: can't parse 'sda-gpio' property of node '/ocp/interconnect@44c00000/segment@200000/target-module@b000/i2c@0[0]'
[    2.378020] i2c i2c-0: using lookup tables for GPIO lookup
[    2.378031] i2c i2c-0: No GPIO consumer sda found
[    2.392552] tps65217-pmic: Failed to locate of_node [id: -1]
[    2.398617] tps65217-bl: Failed to locate of_node [id: -1]
[    2.404684] platform tps65217-charger: DMA mask not set
[    2.410711] platform tps65217-pwrbutton: DMA mask not set
[    2.418016] tps65217 0-0024: TPS65217 ID 0xe version 1.2
[    2.424142] /ocp/interconnect@48000000/segment@300000/target-module@e000/lcdc@0: Fixed dependency cycle(s) with /ocp/interconnect@44c00000/segment@200000/target-module@b000/i2c@0/tda19988@70
[    2.441593] /ocp/interconnect@44c00000/segment@200000/target-module@b000/i2c@0/tda19988@70: Fixed dependency cycle(s) with /ocp/interconnect@48000000/segment@300000/target-module@e000/lcdc@0
[    2.458936] omap_i2c 44e0b000.i2c: bus 0 rev0.11 at 400 kHz
[    2.466632] sdhci-omap 48060000.mmc: using DT '/ocp/interconnect@48000000/segment@0/target-module@60000/mmc@0' for 'cd' GPIO lookup
[    2.466743] of_get_named_gpiod_flags: parsed 'cd-gpios' property of node '/ocp/interconnect@48000000/segment@0/target-module@60000/mmc@0[0]' - status (0)
[    2.466809] gpio gpiochip3: Persistence not supported for GPIO 6
[    2.466836] omap_gpio 44e07000.gpio: Could not set line 6 debounce to 200000 microseconds (-22)
[    2.475758] sdhci-omap 48060000.mmc: Got CD GPIO
[    2.480410] sdhci-omap 48060000.mmc: using DT '/ocp/interconnect@48000000/segment@0/target-module@60000/mmc@0' for 'wp' GPIO lookup
[    2.480463] of_get_named_gpiod_flags: can't parse 'wp-gpios' property of node '/ocp/interconnect@48000000/segment@0/target-module@60000/mmc@0[0]'
[    2.480507] of_get_named_gpiod_flags: can't parse 'wp-gpio' property of node '/ocp/interconnect@48000000/segment@0/target-module@60000/mmc@0[0]'
[    2.480545] sdhci-omap 48060000.mmc: using lookup tables for GPIO lookup
[    2.480559] sdhci-omap 48060000.mmc: No GPIO consumer wp found
[    2.480770] sdhci-omap 48060000.mmc: supply pbias not found, using dummy regulator
[    2.489596] sdhci-omap 481d8000.mmc: using DT '/ocp/interconnect@48000000/segment@100000/target-module@d8000/mmc@0' for 'wp' GPIO lookup
[    2.489672] of_get_named_gpiod_flags: can't parse 'wp-gpios' property of node '/ocp/interconnect@48000000/segment@100000/target-module@d8000/mmc@0[0]'
[    2.489718] of_get_named_gpiod_flags: can't parse 'wp-gpio' property of node '/ocp/interconnect@48000000/segment@100000/target-module@d8000/mmc@0[0]'
[    2.489757] sdhci-omap 481d8000.mmc: using lookup tables for GPIO lookup
[    2.489771] sdhci-omap 481d8000.mmc: No GPIO consumer wp found
[    2.490786] sdhci-omap 48060000.mmc: supply vqmmc not found, using dummy regulator
[    2.499913] sdhci-omap 481d8000.mmc: supply pbias not found, using dummy regulator
[    2.510072] sdhci-omap 481d8000.mmc: supply vqmmc not found, using dummy regulator
[    2.545286] mmc0: SDHCI controller on 48060000.mmc [48060000.mmc] using External DMA
[    2.553591] mmc1: SDHCI controller on 481d8000.mmc [481d8000.mmc] using External DMA
[    2.562365] cpsw-switch 4a100000.switch: starting ndev. mode: dual_mac
[    2.610665] mmc0: new high speed SDHC card at address 5048
[    2.617712] mmcblk0: mmc0:5048 SD16G 14.4 GiB
[    2.625985]  mmcblk0: p1 p2
[    2.629358] mmcblk0: p2 size 31221760 extends beyond EOD, truncated
[    2.642771] SMSC LAN8710/LAN8720 4a101000.mdio:00: attached PHY driver (mii_bus:phy_addr=4a101000.mdio:00, irq=POLL)
[    2.653742] mmc1: new high speed MMC card at address 0001
[    2.666341] mmcblk1: mmc1:0001 MMC04G 3.60 GiB
[    2.673985]  mmcblk1: p1 p2
[    2.678407] mmcblk1boot0: mmc1:0001 MMC04G 2.00 MiB
[    2.687319] mmcblk1boot1: mmc1:0001 MMC04G 2.00 MiB
[    2.696221] mmcblk1rpmb: mmc1:0001 MMC04G 128 KiB, chardev (249:0)
[    5.842351] cpsw-switch 4a100000.switch eth0: Link is Up - 100Mbps/Full - flow control off
[    5.881827] IP-Config: Complete:
[    5.885102]      device=eth0, hwaddr=6c:ec:eb:68:de:78, ipaddr=192.168.255.1, mask=255.255.255.0, gw=255.255.255.255
[    5.895778]      host=bbb1, domain=, nis-domain=(none)
[    5.900945]      bootserver=192.168.255.126, rootserver=192.168.255.126, rootpath=
[    5.901365] clk: Disabling unused clocks
[    5.913256] KTAP version 1
[    5.915985] 1..0
[    5.918416] check access for rdinit=/init failed: -2, ignoring
[    5.954443] VFS: Mounted root (nfs filesystem) on device 0:17.
[    5.961186] devtmpfs: mounted
[    5.965974] Freeing unused kernel image (initmem) memory: 1024K
[    5.972748] Run /sbin/init as init process
[    5.976877]   with arguments:
[    5.976890]     /sbin/init
[    5.976899]     nfsrootdebug
[    5.976908]   with environment:
[    5.976917]     HOME=/
[    5.976926]     TERM=linux
[    6.643063] systemd[1]: System time before build time, advancing clock.
[    8.161599] random: crng init done
[    8.174259] systemd[1]: systemd 232 running in system mode. (+PAM +AUDIT +SELINUX +IMA +APPARMOR +SMACK +SYSVINIT +UTMP +LIBCRYPTSETUP +GCRYPT +GNUTLS +ACL +XZ +LZ4 +SECCOMP +BLKID +ELFUTILS +KMOD +IDN)
[    8.193362] systemd[1]: Detected architecture arm.
[    8.224713] systemd[1]: Set hostname to <arm>.
[    9.301113] systemd[1]: Started Forward Password Requests to Wall Directory Watch.
[    9.335514] systemd[1]: systemd-journald.socket: SO_PASSSEC failed: Operation not supported
[    9.344472] systemd[1]: systemd-journald.socket: SO_PASSSEC failed: Operation not supported
[    9.353212] systemd[1]: Listening on Journal Socket.
[    9.382447] systemd[1]: systemd-journald-dev-log.socket: SO_PASSSEC failed: Operation not supported
[    9.391902] systemd[1]: Listening on Journal Socket (/dev/log).
[    9.423583] systemd[1]: Listening on udev Control Socket.
[   11.715716] systemd-journald[87]: Received request to flush runtime journal from PID 1
[   12.649011] omap_prm 44e00d00.prm: sync_state() pending due to 44d00000.cpu
[   14.413930] leds-gpio leds: using DT '/leds/led2' for '(default)' GPIO lookup
[   14.414046] of_get_named_gpiod_flags: parsed 'gpios' property of node '/leds/led2[0]' - status (0)
[   14.414106] gpio gpiochip0: Persistence not supported for GPIO 21
[   14.414121] gpio-533 (?): no flags found for GPIO (default)
[   14.463362] leds-gpio leds: using DT '/leds/led3' for '(default)' GPIO lookup
[   14.463471] of_get_named_gpiod_flags: parsed 'gpios' property of node '/leds/led3[0]' - status (0)
[   14.463528] gpio gpiochip0: Persistence not supported for GPIO 22
[   14.463544] gpio-534 (?): no flags found for GPIO (default)
[   14.480839] leds-gpio leds: using DT '/leds/led4' for '(default)' GPIO lookup
[   14.480938] of_get_named_gpiod_flags: parsed 'gpios' property of node '/leds/led4[0]' - status (0)
[   14.480990] gpio gpiochip0: Persistence not supported for GPIO 23
[   14.481006] gpio-535 (?): no flags found for GPIO (default)
[   14.512035] leds-gpio leds: using DT '/leds/led5' for '(default)' GPIO lookup
[   14.512131] of_get_named_gpiod_flags: parsed 'gpios' property of node '/leds/led5[0]' - status (0)
[   14.512180] gpio gpiochip0: Persistence not supported for GPIO 24
[   14.512196] gpio-536 (?): no flags found for GPIO (default)
[   14.788210] remoteproc remoteproc0: wkup_m3 is available
[   15.064432] omap_rtc 44e3e000.rtc: registered as rtc0
[   15.069616] omap_rtc 44e3e000.rtc: setting system clock to 2000-01-01T00:00:00 UTC (946684800)
[   15.078481] omap_rtc 44e3e000.rtc: using DT '/ocp/interconnect@44c00000/segment@200000/target-module@3e000/rtc@0' for 'wp' GPIO lookup
[   15.078558] of_get_named_gpiod_flags: can't parse 'wp-gpios' property of node '/ocp/interconnect@44c00000/segment@200000/target-module@3e000/rtc@0[0]'
[   15.078609] of_get_named_gpiod_flags: can't parse 'wp-gpio' property of node '/ocp/interconnect@44c00000/segment@200000/target-module@3e000/rtc@0[0]'
[   15.078649] omap_rtc 44e3e000.rtc: using lookup tables for GPIO lookup
[   15.078665] omap_rtc 44e3e000.rtc: No GPIO consumer wp found
[   15.093414] omap_wdt: OMAP Watchdog Timer Rev 0x01: initial timeout 60 sec
[   15.168851] at24 2-0054: supply vcc not found, using dummy regulator
[   15.337221] at24 2-0055: supply vcc not found, using dummy regulator
[   15.473992] at24 2-0056: supply vcc not found, using dummy regulator
[   15.559950] input: tps65217_pwrbutton as /devices/platform/ocp/44c00000.interconnect/44c00000.interconnect:segment@200000/44e0b000.target-module/44e0b000.i2c/i2c-0/0-0024/tps65217-pwrbutton/input/input0
[   15.606976] at24 2-0057: supply vcc not found, using dummy regulator
[   15.772410] at24 0-0050: using DT '/ocp/interconnect@44c00000/segment@200000/target-module@b000/i2c@0/eeprom@50' for 'wp' GPIO lookup
[   15.772527] of_get_named_gpiod_flags: can't parse 'wp-gpios' property of node '/ocp/interconnect@44c00000/segment@200000/target-module@b000/i2c@0/eeprom@50[0]'
[   15.772587] of_get_named_gpiod_flags: can't parse 'wp-gpio' property of node '/ocp/interconnect@44c00000/segment@200000/target-module@b000/i2c@0/eeprom@50[0]'
[   15.772632] at24 0-0050: using lookup tables for GPIO lookup
[   15.772647] at24 0-0050: No GPIO consumer wp found
[   15.772990] at24 0-0050: 32768 byte 24c256 EEPROM, writable, 1 bytes/write
[   16.535651] am335x-phy-driver 47401300.usb-phy: using DT '/ocp/target-module@47400000/usb-phy@1300' for 'reset' GPIO lookup
[   16.535745] of_get_named_gpiod_flags: can't parse 'reset-gpios' property of node '/ocp/target-module@47400000/usb-phy@1300[0]'
[   16.535791] of_get_named_gpiod_flags: can't parse 'reset-gpio' property of node '/ocp/target-module@47400000/usb-phy@1300[0]'
[   16.535826] am335x-phy-driver 47401300.usb-phy: using lookup tables for GPIO lookup
[   16.535842] am335x-phy-driver 47401300.usb-phy: No GPIO consumer reset found
[   16.535856] am335x-phy-driver 47401300.usb-phy: using DT '/ocp/target-module@47400000/usb-phy@1300' for 'vbus-detect' GPIO lookup
[   16.535888] of_get_named_gpiod_flags: can't parse 'vbus-detect-gpios' property of node '/ocp/target-module@47400000/usb-phy@1300[0]'
[   16.535920] of_get_named_gpiod_flags: can't parse 'vbus-detect-gpio' property of node '/ocp/target-module@47400000/usb-phy@1300[0]'
[   16.535946] am335x-phy-driver 47401300.usb-phy: using lookup tables for GPIO lookup
[   16.535959] am335x-phy-driver 47401300.usb-phy: No GPIO consumer vbus-detect found
[   16.536108] am335x-phy-driver 47401300.usb-phy: dummy supplies not allowed for exclusive requests (id=vbus)
[   16.671906] am335x-phy-driver 47401b00.usb-phy: using DT '/ocp/target-module@47400000/usb-phy@1b00' for 'reset' GPIO lookup
[   16.671997] of_get_named_gpiod_flags: can't parse 'reset-gpios' property of node '/ocp/target-module@47400000/usb-phy@1b00[0]'
[   16.672042] of_get_named_gpiod_flags: can't parse 'reset-gpio' property of node '/ocp/target-module@47400000/usb-phy@1b00[0]'
[   16.672079] am335x-phy-driver 47401b00.usb-phy: using lookup tables for GPIO lookup
[   16.672095] am335x-phy-driver 47401b00.usb-phy: No GPIO consumer reset found
[   16.672109] am335x-phy-driver 47401b00.usb-phy: using DT '/ocp/target-module@47400000/usb-phy@1b00' for 'vbus-detect' GPIO lookup
[   16.672140] of_get_named_gpiod_flags: can't parse 'vbus-detect-gpios' property of node '/ocp/target-module@47400000/usb-phy@1b00[0]'
[   16.672172] of_get_named_gpiod_flags: can't parse 'vbus-detect-gpio' property of node '/ocp/target-module@47400000/usb-phy@1b00[0]'
[   16.672198] am335x-phy-driver 47401b00.usb-phy: using lookup tables for GPIO lookup
[   16.672210] am335x-phy-driver 47401b00.usb-phy: No GPIO consumer vbus-detect found
[   16.672362] am335x-phy-driver 47401b00.usb-phy: dummy supplies not allowed for exclusive requests (id=vbus)
[   16.773075] usbcore: registered new interface driver usbfs
[   16.778706] usbcore: registered new interface driver hub
[   16.784373] usbcore: registered new device driver usb
[   17.483151] musb-hdrc musb-hdrc.1: MUSB HDRC host driver
[   17.488570] musb-hdrc musb-hdrc.1: new USB bus registered, assigned bus number 1
[   17.621180] tda998x 0-0070: found TDA19988
[   17.731954] usb usb1: New USB device found, idVendor=1d6b, idProduct=0002, bcdDevice= 6.16
[   17.740317] usb usb1: New USB device strings: Mfr=3, Product=2, SerialNumber=1
[   17.747678] usb usb1: Product: MUSB HDRC host driver
[   17.752705] usb usb1: Manufacturer: Linux 6.16.0-next-20250730 musb-hcd
[   17.759355] usb usb1: SerialNumber: musb-hdrc.1
[   17.853863] omap-mailbox 480c8000.mailbox: omap mailbox rev 0x400
[   17.941905] remoteproc remoteproc0: powering up wkup_m3
[   18.015747] remoteproc remoteproc0: Direct firmware load for am335x-pm-firmware.elf failed with error -2
[   18.025652] remoteproc remoteproc0: request_firmware failed: -2
[   18.031685] wkup_m3_ipc 44e11324.wkup_m3_ipc: rproc_boot failed
[   18.129953] hub 1-0:1.0: USB hub found
[   18.185926] hub 1-0:1.0: 1 port detected
[   20.582425] omap_rng 48310000.rng: Random Number Generator ver. 20
[   20.769638] tilcdc 4830e000.lcdc: bound 0-0070 (ops tda998x_audio_codec_init [tda998x])
[   20.905530] [drm] Initialized tilcdc 1.0.0 for 4830e000.lcdc on minor 0
[   21.000115] tilcdc 4830e000.lcdc: [drm] Cannot find any crtc or sizes
[   21.009134] tilcdc 4830e000.lcdc: [drm] Cannot find any crtc or sizes
[   22.080949] omap-sham 53100000.sham: hw accel on OMAP rev 4.3
[   22.123512] PM: Cannot get wkup_m3_ipc handle
[   22.254672] omap-sham 53100000.sham: will run requests pump with realtime priority
[   22.269496] PM: Cannot get wkup_m3_ipc handle
[   22.414463] omap-aes 53500000.aes: OMAP AES hw accel rev: 3.2
[   22.551930] omap-aes 53500000.aes: will run requests pump with realtime priority
[   22.563269] PM: Cannot get wkup_m3_ipc handle
[   23.103740] ------------[ cut here ]------------
[   23.108442] WARNING: net/8021q/vlan_core.c:236 at vlan_for_each+0x114/0x134, CPU#0: avahi-daemon/280
[   23.117793] RTNL: assertion failed at net/8021q/vlan_core.c (236)
[   23.123952] Modules linked in: ecc snd_soc_simple_card snd_soc_simple_card_utils omap_aes_driver omap_crypto libaes pm33xx omap_sham crypto_engine ti_emif_sram tilcdc omap_rng drm_dma_helper rng_core drm_client_lib snd_soc_davinci_mcasp snd_soc_ti_udma snd_soc_ti_edma snd_soc_ti_sdma snd_soc_core snd_pcm_dmaengine snd_pcm omap_mailbox snd_timer snd soundcore tda998x musb_dsps musb_hdrc cec udc_core drm_kms_helper usbcore phy_am335x drm phy_generic wkup_m3_ipc usb_common phy_am335x_control drm_panel_orientation_quirks tps65218_pwrbutton at24 omap_wdt rtc_omap cppi41 watchdog wkup_m3_rproc leds_gpio led_class cpufreq_dt autofs4
[   23.179992] CPU: 0 UID: 107 PID: 280 Comm: avahi-daemon Not tainted 6.16.0-next-20250730 #1 NONE 
[   23.180011] Hardware name: Generic AM33XX (Flattened Device Tree)
[   23.180019] Call trace: 
[   23.180034]  unwind_backtrace from show_stack+0x10/0x14
[   23.180073]  show_stack from dump_stack_lvl+0x50/0x64
[   23.180097]  dump_stack_lvl from __warn+0x88/0x148
[   23.180115]  __warn from warn_slowpath_fmt+0x19c/0x1b0
[   23.180128]  warn_slowpath_fmt from vlan_for_each+0x114/0x134
[   23.180149]  vlan_for_each from cpsw_add_mc_addr+0x40/0xa4
[   23.180179]  cpsw_add_mc_addr from __hw_addr_ref_sync_dev+0x108/0x140
[   23.180212]  __hw_addr_ref_sync_dev from __dev_mc_add+0x7c/0x80
[   23.180235]  __dev_mc_add from igmp6_group_added+0xc8/0xe0
[   23.180264]  igmp6_group_added from __ipv6_dev_mc_inc+0x218/0x364
[   23.180284]  __ipv6_dev_mc_inc from __ipv6_sock_mc_join+0x11c/0x214
[   23.180302]  __ipv6_sock_mc_join from do_ipv6_setsockopt+0x1214/0x1310
[   23.180337]  do_ipv6_setsockopt from ipv6_setsockopt+0x60/0xcc
[   23.180360]  ipv6_setsockopt from udpv6_setsockopt+0x2c/0x6c
[   23.180379]  udpv6_setsockopt from sock_common_setsockopt+0x30/0x40
[   23.180395]  sock_common_setsockopt from do_sock_setsockopt+0x50/0x9c
[   23.180418]  do_sock_setsockopt from __sys_setsockopt+0x70/0xbc
[   23.180441]  __sys_setsockopt from ret_fast_syscall+0x0/0x58
[   23.180459] Exception stack(0xe02ddfa8 to 0xe02ddff0)
[   23.180474] dfa0:                   00000014 b6f36ce8 0000000d 00000029 00000014 beb309ec
[   23.180486] dfc0: 00000014 b6f36ce8 00000014 00000126 0000000d b6edfff4 004de988 004c6558
[   23.180495] dfe0: b6ef5088 beb309d8 b6ed2309 b6da941a
[   23.180503] ---[ end trace 0000000000000000 ]---
[   24.740350] Bluetooth: Core ver 2.22
[   24.744309] NET: Registered PF_BLUETOOTH protocol family
[   24.749660] Bluetooth: HCI device and connection manager initialized
[   24.756153] Bluetooth: HCI socket layer initialized
[   24.761067] Bluetooth: L2CAP socket layer initialized
[   24.766222] Bluetooth: SCO socket layer initialized
[   26.016975] PM: Cannot get wkup_m3_ipc handle
[   26.023102] asoc-simple-card sound: using DT '/sound' for 'simple-audio-card,hp-det' GPIO lookup
[   26.023177] of_get_named_gpiod_flags: can't parse 'simple-audio-card,hp-det-gpios' property of node '/sound[0]'
[   26.023212] of_get_named_gpiod_flags: can't parse 'simple-audio-card,hp-det-gpio' property of node '/sound[0]'
[   26.023236] asoc-simple-card sound: using lookup tables for GPIO lookup
[   26.023250] asoc-simple-card sound: No GPIO consumer simple-audio-card,hp-det found
[   26.023265] asoc-simple-card sound: using DT '/sound' for 'simple-audio-card,mic-det' GPIO lookup
[   26.023289] of_get_named_gpiod_flags: can't parse 'simple-audio-card,mic-det-gpios' property of node '/sound[0]'
[   26.023314] of_get_named_gpiod_flags: can't parse 'simple-audio-card,mic-det-gpio' property of node '/sound[0]'
[   26.023333] asoc-simple-card sound: using lookup tables for GPIO lookup
[   26.023345] asoc-simple-card sound: No GPIO consumer simple-audio-card,mic-det found
[   26.053233] PM: Cannot get wkup_m3_ipc handle
[   26.104028] tda998x 0-0070: using DT '/ocp/interconnect@44c00000/segment@200000/target-module@b000/i2c@0/tda19988@70' for 'nxp,calib' GPIO lookup
[   26.104216] of_get_named_gpiod_flags: parsed 'nxp,calib-gpios' property of node '/ocp/interconnect@44c00000/segment@200000/target-module@b000/i2c@0/tda19988@70[0]' - status (0)
[   26.104401] gpio gpiochip0: Persistence not supported for GPIO 25
[   26.104418] gpio-537 (nxp,calib): no flags found for GPIO nxp,calib
[   26.123599] gpio-537 (nxp,calib): gpiod_direction_output_nonotify: tried to set a GPIO tied to an IRQ as output
[   26.387312] tda9950 0-0034: TDA9950 CEC interface, hardware version 3.3
[   26.497130] PM: Cannot get wkup_m3_ipc handle
[   29.349488] userial_init: registered 8 ttyGS* devices
[   29.496384] rndis_register: configNr = 0
[   29.567463] udc musb-hdrc.0: binding gadget driver [g_multi]
[   29.567542] configfs-gadget.g_multi gadget.0: adding 'rndis'/d5693732 to config 'c'/18e02ff9
[   29.568639] configfs-gadget.g_multi gadget.0: HOST MAC 1c:ba:8c:a2:ed:6c
[   29.568667] configfs-gadget.g_multi gadget.0: MAC 1c:ba:8c:a2:ed:70
[   29.568733] rndis_set_param_medium: 0 0
[   29.568750] configfs-gadget.g_multi gadget.0: RNDIS: IN/ep1in OUT/ep1out NOTIFY/ep2in
[   29.568764] configfs-gadget.g_multi gadget.0: adding 'cdc_ethernet'/123be89a to config 'c'/18e02ff9
[   29.569591] configfs-gadget.g_multi gadget.0: HOST MAC 1c:ba:8c:a2:ed:6c
[   29.569611] configfs-gadget.g_multi gadget.0: MAC 1c:ba:8c:a2:ed:6d
[   29.569647] configfs-gadget.g_multi gadget.0: CDC Ethernet: IN/ep3in OUT/ep2out NOTIFY/ep4in
[   29.569661] configfs-gadget.g_multi gadget.0: adding 'acm'/ef820119 to config 'c'/18e02ff9
[   29.569701] configfs-gadget.g_multi gadget.0: acm ttyGS0: IN/ep5in OUT/ep3out NOTIFY/ep6in
[   29.570373] PM: Cannot get wkup_m3_ipc handle
[   31.190406] configfs-gadget.g_multi gadget.0: eth_open
[   35.239529] gs_open: ttyGS0 (195cfa43,110083ef)
[   35.239655] gs_close: ttyGS0 (195cfa43,110083ef) ...
[   35.239676] gs_close: ttyGS0 (195cfa43,110083ef) done!
[   35.251043] gs_open: ttyGS0 (4ef411d0,4bdf9770)
[   35.251185] gs_close: ttyGS0 (4ef411d0,4bdf9770) ...
[   35.251207] gs_close: ttyGS0 (4ef411d0,4bdf9770) done!
[   35.411015] gs_open: ttyGS0 (195cfa43,3affb993)
[   35.411259] gs_close: ttyGS0 (195cfa43,3affb993) ...
[   35.411290] gs_close: ttyGS0 (195cfa43,3affb993) done!
[   35.415882] gs_open: ttyGS0 (195cfa43,3affb993)
OBWKQSSBUZ 0
root@arm:~# echo 'TMAQ''VTLENC'
TMAQVTLENC
root@arm:~# MARKER='SAWT''UCGLGO' run 'modprobe test_linear_ranges'
SAWTUCGLGOSAWTUCGLGO 0
root@arm:~# echo 'GPTO''EWHPNY'
GPTOEWHPNY
root@arm:~# MARKER='WZWZ''JSXVWU' run dmesg
WZWZJSXVWU[    0.000000] Booting Linux on physical CPU 0x0
[    0.000000] Linux version 6.16.0-next-20250730 (user01@drvtest01) (arm-none-eabi-gcc (Arm GNU Toolchain 14.2.Rel1 (Build arm-14.52)) 14.2.1 20241119, GNU ld (Arm GNU Toolchain 14.2.Rel1 (Build arm-14.52)) 2.43.1.20241119) #1 SMP Wed Jul 30 11:00:22 EEST 2025
[    0.000000] CPU: ARMv7 Processor [413fc082] revision 2 (ARMv7), cr=10c5387d
[    0.000000] CPU: PIPT / VIPT nonaliasing data cache, VIPT aliasing instruction cache
[    0.000000] OF: fdt: Machine model: TI AM335x BeagleBone Black
[    0.000000] Memory policy: Data cache writeback
[    0.000000] cma: Reserved 16 MiB at 0x9e800000
[    0.000000] Zone ranges:
[    0.000000]   Normal   [mem 0x0000000080000000-0x000000009fdfffff]
[    0.000000]   HighMem  empty
[    0.000000] Movable zone start for each node
[    0.000000] Early memory node ranges
[    0.000000]   node   0: [mem 0x0000000080000000-0x000000009fdfffff]
[    0.000000] Initmem setup node 0 [mem 0x0000000080000000-0x000000009fdfffff]
[    0.000000] On node 0, zone Normal: 512 pages in unavailable ranges
[    0.000000] OF: reserved mem: Reserved memory: No reserved-memory node in the DT
[    0.000000] CPU: All CPU(s) started in SVC mode.
[    0.000000] AM335X ES2.1 (sgx neon)
[    0.000000] percpu: Embedded 17 pages/cpu s39820 r8192 d21620 u69632
[    0.000000] pcpu-alloc: s39820 r8192 d21620 u69632 alloc=17*4096
[    0.000000] pcpu-alloc: [0] 0 
[    0.000000] Kernel command line: console=ttyO0,115200n8 root=/dev/nfs rw nfsroot=192.168.255.126:/home/user01/nfs,nfsvers=3 ip=192.168.255.1:192.168.255.126::255.255.255.0:bbb1:eth0 nfsrootdebug
[    0.000000] Unknown kernel command line parameters "nfsrootdebug", will be passed to user space.
[    0.000000] printk: log buffer data + meta data: 65536 + 204800 = 270336 bytes
[    0.000000] Dentry cache hash table entries: 65536 (order: 6, 262144 bytes, linear)
[    0.000000] Inode-cache hash table entries: 32768 (order: 5, 131072 bytes, linear)
[    0.000000] Built 1 zonelists, mobility grouping on.  Total pages: 130560
[    0.000000] mem auto-init: stack:off, heap alloc:off, heap free:off
[    0.000000] SLUB: HWalign=16, Order=0-3, MinObjects=0, CPUs=1, Nodes=1
[    0.000000] rcu: Hierarchical RCU implementation.
[    0.000000] rcu: 	RCU event tracing is enabled.
[    0.000000] rcu: 	RCU restricting CPUs from NR_CPUS=2 to nr_cpu_ids=1.
[    0.000000] 	Tracing variant of Tasks RCU enabled.
[    0.000000] rcu: RCU calculated value of scheduler-enlistment delay is 10 jiffies.
[    0.000000] rcu: Adjusting geometry for rcu_fanout_leaf=16, nr_cpu_ids=1
[    0.000000] RCU Tasks Trace: Setting shift to 0 and lim to 1 rcu_task_cb_adjust=1 rcu_task_cpu_ids=1.
[    0.000000] NR_IRQS: 16, nr_irqs: 16, preallocated irqs: 16
[    0.000000] IRQ: Found an INTC at 0x(ptrval) (revision 5.0) with 128 interrupts
[    0.000000] rcu: srcu_init: Setting srcu_struct sizes based on contention.
[    0.000000] TI gptimer clocksource: always-on /ocp/interconnect@44c00000/segment@200000/target-module@31000
[    0.000003] sched_clock: 32 bits at 24MHz, resolution 41ns, wraps every 89478484971ns
[    0.000027] clocksource: dmtimer: mask: 0xffffffff max_cycles: 0xffffffff, max_idle_ns: 79635851949 ns
[    0.000534] TI gptimer clockevent: 24000000 Hz at /ocp/interconnect@48000000/segment@0/target-module@40000
[    0.002156] Console: colour dummy device 80x30
[    0.002219] WARNING: Your 'console=ttyO0' has been replaced by 'ttyS0'
[    0.002227] This ensures that you still see kernel messages. Please
[    0.002232] update your kernel commandline.
[    0.002274] Calibrating delay loop... 996.14 BogoMIPS (lpj=4980736)
[    0.090580] CPU: Testing write buffer coherency: ok
[    0.090692] CPU0: Spectre v2: using BPIALL workaround
[    0.090703] pid_max: default: 32768 minimum: 301
[    0.090859] LSM: initializing lsm=capability
[    0.091027] Mount-cache hash table entries: 1024 (order: 0, 4096 bytes, linear)
[    0.091046] Mountpoint-cache hash table entries: 1024 (order: 0, 4096 bytes, linear)
[    0.092620] CPU0: thread -1, cpu 0, socket -1, mpidr 0
[    0.092681] cacheinfo: Unable to detect cache hierarchy for CPU 0
[    0.094729] Setting up static identity map for 0x80100000 - 0x80100078
[    0.095083] rcu: Hierarchical SRCU implementation.
[    0.095093] rcu: 	Max phase no-delay instances is 1000.
[    0.096847] smp: Bringing up secondary CPUs ...
[    0.096902] smp: Brought up 1 node, 1 CPU
[    0.096915] SMP: Total of 1 processors activated (996.14 BogoMIPS).
[    0.096927] CPU: All CPU(s) started in SVC mode.
[    0.097127] Memory: 480856K/522240K available (11264K kernel code, 1218K rwdata, 2936K rodata, 1024K init, 253K bss, 23352K reserved, 16384K cma-reserved, 0K highmem)
[    0.097966] devtmpfs: initialized
[    0.115107] VFP support v0.3: implementor 41 architecture 3 part 30 variant c rev 3
[    0.115744] clocksource: jiffies: mask: 0xffffffff max_cycles: 0xffffffff, max_idle_ns: 19112604462750000 ns
[    0.115800] posixtimers hash table entries: 512 (order: 0, 4096 bytes, linear)
[    0.115828] futex hash table entries: 256 (16384 bytes on 1 NUMA nodes, total 16 KiB, linear).
[    0.116950] pinctrl core: initialized pinctrl subsystem
[    0.119087] NET: Registered PF_NETLINK/PF_ROUTE protocol family
[    0.122210] DMA: preallocated 256 KiB pool for atomic coherent allocations
[    0.122818] audit: initializing netlink subsys (disabled)
[    0.124133] thermal_sys: Registered thermal governor 'fair_share'
[    0.124149] thermal_sys: Registered thermal governor 'step_wise'
[    0.124160] thermal_sys: Registered thermal governor 'user_space'
[    0.124274] audit: type=2000 audit(0.120:1): state=initialized audit_enabled=0 res=1
[    0.124344] cpuidle: using governor menu
[    0.142389] /ocp/interconnect@44c00000/segment@200000/target-module@b000/i2c@0/tda19988@70: Fixed dependency cycle(s) with /ocp/interconnect@48000000/segment@300000/target-module@e000/lcdc@0
[    0.143526] /ocp/interconnect@48000000/segment@300000/target-module@e000/lcdc@0: Fixed dependency cycle(s) with /ocp/interconnect@44c00000/segment@200000/target-module@b000/i2c@0/tda19988@70
[    0.145755] No ATAGs?
[    0.145797] hw-breakpoint: debug architecture 0x4 unsupported.
[    0.148881] kprobes: kprobe jump-optimization is enabled. All kprobes are optimized if possible.
[    0.154234] iommu: Default domain type: Translated
[    0.154254] iommu: DMA domain TLB invalidation policy: strict mode
[    0.155827] reg-fixed-voltage fixedregulator0: using DT '/fixedregulator0' for '(default)' GPIO lookup
[    0.155882] of_get_named_gpiod_flags: can't parse 'gpios' property of node '/fixedregulator0[0]'
[    0.155912] of_get_named_gpiod_flags: can't parse 'gpio' property of node '/fixedregulator0[0]'
[    0.155930] reg-fixed-voltage fixedregulator0: using lookup tables for GPIO lookup
[    0.155940] reg-fixed-voltage fixedregulator0: No GPIO consumer (default) found
[    0.161647] SCSI subsystem initialized
[    0.162138] libata version 3.00 loaded.
[    0.162519] pps_core: LinuxPPS API ver. 1 registered
[    0.162529] pps_core: Software ver. 5.3.6 - Copyright 2005-2007 Rodolfo Giometti <giometti@linux.it>
[    0.162554] PTP clock support registered
[    0.171196] vgaarb: loaded
[    0.171581] clocksource: Switched to clocksource dmtimer
[    0.172259] VFS: Disk quotas dquot_6.6.0
[    0.172318] VFS: Dquot-cache hash table entries: 1024 (order 0, 4096 bytes)
[    0.196794] NET: Registered PF_INET protocol family
[    0.197131] IP idents hash table entries: 8192 (order: 4, 65536 bytes, linear)
[    0.198553] tcp_listen_portaddr_hash hash table entries: 512 (order: 0, 4096 bytes, linear)
[    0.198591] Table-perturb hash table entries: 65536 (order: 6, 262144 bytes, linear)
[    0.198610] TCP established hash table entries: 4096 (order: 2, 16384 bytes, linear)
[    0.198655] TCP bind hash table entries: 4096 (order: 4, 65536 bytes, linear)
[    0.198754] TCP: Hash tables configured (established 4096 bind 4096)
[    0.198874] UDP hash table entries: 256 (order: 1, 14336 bytes, linear)
[    0.198909] UDP-Lite hash table entries: 256 (order: 1, 14336 bytes, linear)
[    0.199098] NET: Registered PF_UNIX/PF_LOCAL protocol family
[    0.200366] RPC: Registered named UNIX socket transport module.
[    0.200385] RPC: Registered udp transport module.
[    0.200391] RPC: Registered tcp transport module.
[    0.200396] RPC: Registered tcp-with-tls transport module.
[    0.200401] RPC: Registered tcp NFSv4.1 backchannel transport module.
[    0.200425] PCI: CLS 0 bytes, default 64
[    0.201966] Initialise system trusted keyrings
[    0.212681] workingset: timestamp_bits=14 max_order=17 bucket_order=3
[    0.214103] NFS: Registering the id_resolver key type
[    0.214203] Key type id_resolver registered
[    0.214211] Key type id_legacy registered
[    0.214318] jffs2: version 2.2. (NAND) (SUMMARY)  Â© 2001-2006 Red Hat, Inc.
[    0.214770] Key type asymmetric registered
[    0.214787] Asymmetric key parser 'x509' registered
[    0.214856] io scheduler mq-deadline registered
[    0.214866] io scheduler kyber registered
[    0.214943] io scheduler bfq registered
[    0.216830] target-module@4b000000:target-module@140000:pmu@0:fck: device ID is greater than 24
[    0.223016] l3-aon-clkctrl:0000:0: failed to disable
[    0.232172] ledtrig-cpu: registered to indicate activity on CPUs
[    0.235886] Serial: 8250/16550 driver, 6 ports, IRQ sharing enabled
[    0.277821] brd: module loaded
[    0.297909] loop: module loaded
[    0.298839] mtdoops: mtd device (mtddev=name/number) must be supplied
[    0.300529] mdio_bus fixed-0: using lookup tables for GPIO lookup
[    0.300554] mdio_bus fixed-0: No GPIO consumer reset found
[    0.302135] i2c_dev: i2c /dev entries driver
[    0.303148] cpuidle: enable-method property 'ti,am3352' found operations
[    0.303584] sdhci: Secure Digital Host Controller Interface driver
[    0.303594] sdhci: Copyright(c) Pierre Ossman
[    0.303767] sdhci-pltfm: SDHCI platform and OF driver helper
[    0.318099] hw perfevents: enabled with armv7_cortex_a8 PMU driver, 5 (8000000f) counters available
[    0.318625] Initializing XFRM netlink socket
[    0.318809] NET: Registered PF_INET6 protocol family
[    0.324516] l3-aon-clkctrl:0000:0: failed to disable
[    0.335262] Segment Routing with IPv6
[    0.335345] In-situ OAM (IOAM) with IPv6
[    0.335440] sit: IPv6, IPv4 and MPLS over IPv4 tunneling driver
[    0.336399] NET: Registered PF_PACKET protocol family
[    0.336426] NET: Registered PF_KEY protocol family
[    0.336550] Key type dns_resolver registered
[    0.336769] ThumbEE CPU extension supported.
[    0.336787] Registering SWP/SWPB emulation handler
[    0.337323] omap_voltage_late_init: Voltage driver support not added
[    0.337983] SmartReflex Class3 initialized
[    0.376912] Loading compiled-in X.509 certificates
[    0.419051] /ocp/interconnect@44c00000/segment@200000/target-module@b000/i2c@0/tda19988@70: Fixed dependency cycle(s) with /ocp/interconnect@48000000/segment@300000/target-module@e000/lcdc@0
[    0.425681] /ocp/interconnect@44c00000/segment@200000/target-module@b000/i2c@0/tda19988@70: Fixed dependency cycle(s) with /ocp/interconnect@48000000/segment@300000/target-module@e000/lcdc@0
[    0.431160] gpiochip_find_base_unlocked: found new base at 512
[    0.455377] /ocp/interconnect@44c00000/segment@200000/target-module@b000/i2c@0/tda19988@70: Fixed dependency cycle(s) with /ocp/interconnect@48000000/segment@300000/target-module@e000/lcdc@0
[    0.456255] /ocp/interconnect@44c00000/segment@200000/target-module@b000/i2c@0/tda19988@70: Fixed dependency cycle(s) with /ocp/interconnect@48000000/segment@300000/target-module@e000/lcdc@0
[    0.459778] /ocp/interconnect@44c00000/segment@200000/target-module@10000/scm@0/pinmux@800: Fixed dependency cycle(s) with /ocp/interconnect@44c00000/segment@200000/target-module@10000/scm@0/pinmux@800/clkout2-pins
[    0.460366] pinctrl-single 44e10800.pinmux: 142 pins, size 568
[    0.465957] ti-sysc 44e31000.target-module: probe with driver ti-sysc failed with error -16
[    0.495214] /ocp/interconnect@48000000/segment@300000/target-module@e000/lcdc@0: Fixed dependency cycle(s) with /ocp/interconnect@44c00000/segment@200000/target-module@b000/i2c@0/tda19988@70
[    0.503474] ti-sysc 48040000.target-module: probe with driver ti-sysc failed with error -16
[    0.515132] gpiochip_find_base_unlocked: found new base at 512
[    0.515228] gpio gpiochip0: (gpio-0-31): created GPIO range 0->7 ==> 44e10800.pinmux PIN 0->7
[    0.515248] gpio gpiochip0: (gpio-0-31): created GPIO range 8->11 ==> 44e10800.pinmux PIN 90->93
[    0.515264] gpio gpiochip0: (gpio-0-31): created GPIO range 12->27 ==> 44e10800.pinmux PIN 12->27
[    0.515280] gpio gpiochip0: (gpio-0-31): created GPIO range 28->31 ==> 44e10800.pinmux PIN 30->33
[    0.554743] gpio gpiochip0: (gpio-0-31): added GPIO chardev (254:0)
[    0.554970] gpio gpiochip0: registered GPIOs 512 to 543 on gpio-0-31
[    0.555054] OMAP GPIO hardware version 0.1
[    0.578851] i2c i2c-2: using DT '/ocp/interconnect@48000000/segment@100000/target-module@9c000/i2c@0' for 'scl' GPIO lookup
[    0.578931] of_get_named_gpiod_flags: can't parse 'scl-gpios' property of node '/ocp/interconnect@48000000/segment@100000/target-module@9c000/i2c@0[0]'
[    0.578975] of_get_named_gpiod_flags: can't parse 'scl-gpio' property of node '/ocp/interconnect@48000000/segment@100000/target-module@9c000/i2c@0[0]'
[    0.579011] i2c i2c-2: using lookup tables for GPIO lookup
[    0.579021] i2c i2c-2: No GPIO consumer scl found
[    0.579042] i2c i2c-2: using DT '/ocp/interconnect@48000000/segment@100000/target-module@9c000/i2c@0' for 'sda' GPIO lookup
[    0.579079] of_get_named_gpiod_flags: can't parse 'sda-gpios' property of node '/ocp/interconnect@48000000/segment@100000/target-module@9c000/i2c@0[0]'
[    0.579116] of_get_named_gpiod_flags: can't parse 'sda-gpio' property of node '/ocp/interconnect@48000000/segment@100000/target-module@9c000/i2c@0[0]'
[    0.579148] i2c i2c-2: using lookup tables for GPIO lookup
[    0.579156] i2c i2c-2: No GPIO consumer sda found
[    0.579878] omap_i2c 4819c000.i2c: bus 2 rev0.11 at 100 kHz
[    0.585807] gpiochip_find_base_unlocked: found new base at 544
[    0.585906] gpio gpiochip1: (gpio-32-63): created GPIO range 0->17 ==> 44e10800.pinmux PIN 34->51
[    0.585927] gpio gpiochip1: (gpio-32-63): created GPIO range 18->21 ==> 44e10800.pinmux PIN 77->80
[    0.585943] gpio gpiochip1: (gpio-32-63): created GPIO range 22->31 ==> 44e10800.pinmux PIN 56->65
[    0.607436] gpio gpiochip1: (gpio-32-63): added GPIO chardev (254:1)
[    0.607665] gpio gpiochip1: registered GPIOs 544 to 575 on gpio-32-63
[    0.609969] gpiochip_find_base_unlocked: found new base at 576
[    0.610063] gpio gpiochip2: (gpio-64-95): created GPIO range 0->4 ==> 44e10800.pinmux PIN 66->70
[    0.610083] gpio gpiochip2: (gpio-64-95): created GPIO range 5->6 ==> 44e10800.pinmux PIN 98->99
[    0.610099] gpio gpiochip2: (gpio-64-95): created GPIO range 7->8 ==> 44e10800.pinmux PIN 75->76
[    0.610115] gpio gpiochip2: (gpio-64-95): created GPIO range 13->13 ==> 44e10800.pinmux PIN 141->141
[    0.610131] gpio gpiochip2: (gpio-64-95): created GPIO range 14->21 ==> 44e10800.pinmux PIN 100->107
[    0.610788] gpio gpiochip2: (gpio-64-95): added GPIO chardev (254:2)
[    0.611002] gpio gpiochip2: registered GPIOs 576 to 607 on gpio-64-95
[    0.616846] 48000000.interconnect:segment@200000:target-module@0:mpu@0:fck: device ID is greater than 24
[    0.617745] /ocp/interconnect@48000000/segment@300000/target-module@e000/lcdc@0: Fixed dependency cycle(s) with /ocp/interconnect@44c00000/segment@200000/target-module@b000/i2c@0/tda19988@70
[    0.620595] /ocp/interconnect@48000000/segment@300000/target-module@e000/lcdc@0: Fixed dependency cycle(s) with /ocp/interconnect@44c00000/segment@200000/target-module@b000/i2c@0/tda19988@70
[    0.621301] /ocp/interconnect@44c00000/segment@200000/target-module@b000/i2c@0/tda19988@70: Fixed dependency cycle(s) with /ocp/interconnect@48000000/segment@300000/target-module@e000/lcdc@0
[    0.621461] /ocp/interconnect@48000000/segment@300000/target-module@e000/lcdc@0: Fixed dependency cycle(s) with /ocp/interconnect@44c00000/segment@200000/target-module@b000/i2c@0/tda19988@70
[    0.631322] mdio_bus 4a101000.mdio: using DT '/ocp/interconnect@4a000000/segment@0/target-module@100000/switch@0/mdio@1000' for 'reset' GPIO lookup
[    0.631392] of_get_named_gpiod_flags: can't parse 'reset-gpios' property of node '/ocp/interconnect@4a000000/segment@0/target-module@100000/switch@0/mdio@1000[0]'
[    0.631440] of_get_named_gpiod_flags: can't parse 'reset-gpio' property of node '/ocp/interconnect@4a000000/segment@0/target-module@100000/switch@0/mdio@1000[0]'
[    0.631486] mdio_bus 4a101000.mdio: using lookup tables for GPIO lookup
[    0.631496] mdio_bus 4a101000.mdio: No GPIO consumer reset found
[    0.647600] sdhci-omap 481d8000.mmc: using DT '/ocp/interconnect@48000000/segment@100000/target-module@d8000/mmc@0' for 'wp' GPIO lookup
[    0.647669] of_get_named_gpiod_flags: can't parse 'wp-gpios' property of node '/ocp/interconnect@48000000/segment@100000/target-module@d8000/mmc@0[0]'
[    0.647713] of_get_named_gpiod_flags: can't parse 'wp-gpio' property of node '/ocp/interconnect@48000000/segment@100000/target-module@d8000/mmc@0[0]'
