Labgrid Console Logfile for main
Logfile started at 2025-02-04 06:46:34.395720
=== Log starts here ===

U-Boot SPL 2014.04-00014-g47880f5 (Apr 22 2014 - 13:23:54)
reading args
spl_load_image_fat_os: error reading image args, err - -1
reading u-boot.img
reading u-boot.img


U-Boot 2014.04-00014-g47880f5 (Apr 22 2014 - 13:23:54)

I2C:   ready
DRAM:  512 MiB
NAND:  0 MiB
MMC:   OMAP SD/MMC: 0, OMAP SD/MMC: 1
*** Warning - readenv() failed, using default environment

Net:   <ethaddr> not set. Validating first E-fuse MAC
cpsw, usb_ether
Hit any key to stop autoboot:  1  0 
gpio: pin 53 (gpio 53) value is 1
mmc0 is current device
gpio: pin 54 (gpio 54) value is 1
SD/MMC found on device 0
reading uEnv.txt
569 bytes read in 3 ms (184.6 KiB/s)
gpio: pin 55 (gpio 55) value is 1
Loaded environment from uEnv.txt
Importing environment from mmc ...
Checking if uenvcmd is set ...
gpio: pin 56 (gpio 56) value is 1
Running uenvcmd ...
cpsw Waiting for PHY auto negotiation to complete. done
link up on port 0, speed 100, full duplex
Using cpsw device
TFTP from server 192.168.255.126; our IP address is 192.168.255.1
Filename 'zImage'.
Load address: 0x81000000
Loading: *#################################################################
	 #################################################################
	 #################################################################
	 #################################################################
	 #################################################################
	 #####################################################
	 2.4 MiB/s
done
Bytes transferred = 5538296 (5481f8 hex)
link up on port 0, speed 100, full duplex
Using cpsw device
TFTP from server 192.168.255.126; our IP address is 192.168.255.1
Filename 'am335x-boneblack.dtb'.
Load address: 0x82000000
Loading: *#######
	 1.3 MiB/s
done
Bytes transferred = 98244 (17fc4 hex)
Kernel image @ 0x81000000 [ 0x000000 - 0x5481f8 ]
## Flattened Device Tree blob at 82000000
   Booting using the fdt blob at 0x82000000
   Using Device Tree in place at 82000000, end 8201afc3

Starting kernel ...

[    0.000000] Booting Linux on physical CPU 0x0
[    0.000000] Linux version 6.14.0-rc1-next-20250204 (user01@drvtest01) (arm-none-eabi-gcc (Arm GNU Toolchain 14.2.Rel1 (Build arm-14.52)) 14.2.1 20241119, GNU ld (Arm GNU Toolchain 14.2.Rel1 (Build arm-14.52)) 2.43.1.20241119) #1 SMP Tue Feb  4 06:45:09 EET 2025
[    0.000000] CPU: ARMv7 Processor [413fc082] revision 2 (ARMv7), cr=10c5387d
[    0.000000] CPU: PIPT / VIPT nonaliasing data cache, VIPT aliasing instruction cache
[    0.000000] OF: fdt: Machine model: TI AM335x BeagleBone Black
[    0.000000] Memory policy: Data cache writeback
[    0.000000] cma: Reserved 16 MiB at 0x9e800000 on node -1
[    0.000000] Zone ranges:
[    0.000000]   Normal   [mem 0x0000000080000000-0x000000009fdfffff]
[    0.000000]   HighMem  empty
[    0.000000] Movable zone start for each node
[    0.000000] Early memory node ranges
[    0.000000]   node   0: [mem 0x0000000080000000-0x000000009fdfffff]
[    0.000000] Initmem setup node 0 [mem 0x0000000080000000-0x000000009fdfffff]
[    0.000000] OF: reserved mem: Reserved memory: No reserved-memory node in the DT
[    0.000000] CPU: All CPU(s) started in SVC mode.
[    0.000000] AM335X ES2.1 (sgx neon)
[    0.000000] percpu: Embedded 17 pages/cpu s39372 r8192 d22068 u69632
[    0.000000] Kernel command line: console=ttyO0,115200n8 root=/dev/nfs rw nfsroot=192.168.255.126:/home/user01/nfs,nfsvers=3 ip=192.168.255.1:192.168.255.126::255.255.255.0:bbb1:eth0 nfsrootdebug
[    0.000000] Unknown kernel command line parameters "nfsrootdebug", will be passed to user space.
[    0.000000] printk: log buffer data + meta data: 65536 + 204800 = 270336 bytes
[    0.000000] Dentry cache hash table entries: 65536 (order: 6, 262144 bytes, linear)
[    0.000000] Inode-cache hash table entries: 32768 (order: 5, 131072 bytes, linear)
[    0.000000] Built 1 zonelists, mobility grouping on.  Total pages: 130560
[    0.000000] mem auto-init: stack:off, heap alloc:off, heap free:off
[    0.000000] SLUB: HWalign=16, Order=0-3, MinObjects=0, CPUs=1, Nodes=1
[    0.000000] rcu: Hierarchical RCU implementation.
[    0.000000] rcu: 	RCU event tracing is enabled.
[    0.000000] rcu: 	RCU restricting CPUs from NR_CPUS=2 to nr_cpu_ids=1.
[    0.000000] 	Tracing variant of Tasks RCU enabled.
[    0.000000] rcu: RCU calculated value of scheduler-enlistment delay is 10 jiffies.
[    0.000000] rcu: Adjusting geometry for rcu_fanout_leaf=16, nr_cpu_ids=1
[    0.000000] RCU Tasks Trace: Setting shift to 0 and lim to 1 rcu_task_cb_adjust=1 rcu_task_cpu_ids=1.
[    0.000000] NR_IRQS: 16, nr_irqs: 16, preallocated irqs: 16
[    0.000000] IRQ: Found an INTC at 0x(ptrval) (revision 5.0) with 128 interrupts
[    0.000000] rcu: srcu_init: Setting srcu_struct sizes based on contention.
[    0.000000] TI gptimer clocksource: always-on /ocp/interconnect@44c00000/segment@200000/target-module@31000
[    0.000004] sched_clock: 32 bits at 24MHz, resolution 41ns, wraps every 89478484971ns
[    0.000029] clocksource: dmtimer: mask: 0xffffffff max_cycles: 0xffffffff, max_idle_ns: 79635851949 ns
[    0.000500] TI gptimer clockevent: 24000000 Hz at /ocp/interconnect@48000000/segment@0/target-module@40000
[    0.002116] Console: colour dummy device 80x30
[    0.002179] WARNING: Your 'console=ttyO0' has been replaced by 'ttyS0'
[    0.002186] This ensures that you still see kernel messages. Please
[    0.002191] update your kernel commandline.
[    0.002232] Calibrating delay loop... 996.14 BogoMIPS (lpj=4980736)
[    0.090545] CPU: Testing write buffer coherency: ok
[    0.090656] CPU0: Spectre v2: using BPIALL workaround
[    0.090667] pid_max: default: 32768 minimum: 301
[    0.090798] LSM: initializing lsm=capability
[    0.090969] Mount-cache hash table entries: 1024 (order: 0, 4096 bytes, linear)
[    0.090987] Mountpoint-cache hash table entries: 1024 (order: 0, 4096 bytes, linear)
[    0.092574] CPU0: thread -1, cpu 0, socket -1, mpidr 0
[    0.092631] cacheinfo: Unable to detect cache hierarchy for CPU 0
[    0.160903] Setting up static identity map for 0x80100000 - 0x80100078
[    0.170699] rcu: Hierarchical SRCU implementation.
[    0.170710] rcu: 	Max phase no-delay instances is 1000.
[    0.190746] smp: Bringing up secondary CPUs ...
[    0.190801] smp: Brought up 1 node, 1 CPU
[    0.190815] SMP: Total of 1 processors activated (996.14 BogoMIPS).
[    0.190826] CPU: All CPU(s) started in SVC mode.
[    0.190996] Memory: 480844K/522240K available (11264K kernel code, 1209K rwdata, 2892K rodata, 1024K init, 292K bss, 23380K reserved, 16384K cma-reserved, 0K highmem)
[    0.191831] devtmpfs: initialized
[    0.208298] VFP support v0.3: implementor 41 architecture 3 part 30 variant c rev 3
[    0.208650] clocksource: jiffies: mask: 0xffffffff max_cycles: 0xffffffff, max_idle_ns: 19112604462750000 ns
[    0.208684] futex hash table entries: 256 (order: 2, 16384 bytes, linear)
[    0.210012] pinctrl core: initialized pinctrl subsystem
[    0.212911] NET: Registered PF_NETLINK/PF_ROUTE protocol family
[    0.215667] DMA: preallocated 256 KiB pool for atomic coherent allocations
[    0.216556] audit: initializing netlink subsys (disabled)
[    0.217894] thermal_sys: Registered thermal governor 'fair_share'
[    0.217909] thermal_sys: Registered thermal governor 'step_wise'
[    0.217918] thermal_sys: Registered thermal governor 'user_space'
[    0.218065] audit: type=2000 audit(0.210:1): state=initialized audit_enabled=0 res=1
[    0.218101] cpuidle: using governor menu
[    0.235902] /ocp/interconnect@44c00000/segment@200000/target-module@b000/i2c@0/tda19988@70: Fixed dependency cycle(s) with /ocp/interconnect@48000000/segment@300000/target-module@e000/lcdc@0
[    0.237040] /ocp/interconnect@48000000/segment@300000/target-module@e000/lcdc@0: Fixed dependency cycle(s) with /ocp/interconnect@44c00000/segment@200000/target-module@b000/i2c@0/tda19988@70
[    0.239201] No ATAGs?
[    0.239245] hw-breakpoint: debug architecture 0x4 unsupported.
[    0.242065] kprobes: kprobe jump-optimization is enabled. All kprobes are optimized if possible.
[    0.253936] iommu: Default domain type: Translated
[    0.253958] iommu: DMA domain TLB invalidation policy: strict mode
[    0.261542] SCSI subsystem initialized
[    0.262369] pps_core: LinuxPPS API ver. 1 registered
[    0.262381] pps_core: Software ver. 5.3.6 - Copyright 2005-2007 Rodolfo Giometti <giometti@linux.it>
[    0.262406] PTP clock support registered
[    0.270790] vgaarb: loaded
[    0.271151] clocksource: Switched to clocksource dmtimer
[    0.271785] VFS: Disk quotas dquot_6.6.0
[    0.271841] VFS: Dquot-cache hash table entries: 1024 (order 0, 4096 bytes)
[    0.295792] NET: Registered PF_INET protocol family
[    0.296141] IP idents hash table entries: 8192 (order: 4, 65536 bytes, linear)
[    0.297577] tcp_listen_portaddr_hash hash table entries: 512 (order: 0, 4096 bytes, linear)
[    0.297611] Table-perturb hash table entries: 65536 (order: 6, 262144 bytes, linear)
[    0.297630] TCP established hash table entries: 4096 (order: 2, 16384 bytes, linear)
[    0.297673] TCP bind hash table entries: 4096 (order: 4, 65536 bytes, linear)
[    0.297772] TCP: Hash tables configured (established 4096 bind 4096)
[    0.297888] UDP hash table entries: 256 (order: 1, 14336 bytes, linear)
[    0.297924] UDP-Lite hash table entries: 256 (order: 1, 14336 bytes, linear)
[    0.298109] NET: Registered PF_UNIX/PF_LOCAL protocol family
[    0.299327] RPC: Registered named UNIX socket transport module.
[    0.299348] RPC: Registered udp transport module.
[    0.299353] RPC: Registered tcp transport module.
[    0.299358] RPC: Registered tcp-with-tls transport module.
[    0.299362] RPC: Registered tcp NFSv4.1 backchannel transport module.
[    0.299387] PCI: CLS 0 bytes, default 64
[    0.300779] Initialise system trusted keyrings
[    0.311438] workingset: timestamp_bits=14 max_order=17 bucket_order=3
[    0.312778] NFS: Registering the id_resolver key type
[    0.312852] Key type id_resolver registered
[    0.312859] Key type id_legacy registered
[    0.312905] jffs2: version 2.2. (NAND) (SUMMARY)  Â© 2001-2006 Red Hat, Inc.
[    0.313292] Key type asymmetric registered
[    0.313307] Asymmetric key parser 'x509' registered
[    0.313369] io scheduler mq-deadline registered
[    0.313379] io scheduler kyber registered
[    0.313448] io scheduler bfq registered
[    0.314991] ledtrig-cpu: registered to indicate activity on CPUs
[    0.317661] Serial: 8250/16550 driver, 6 ports, IRQ sharing enabled
[    0.366340] brd: module loaded
[    0.386032] loop: module loaded
[    0.386934] mtdoops: mtd device (mtddev=name/number) must be supplied
[    0.389973] i2c_dev: i2c /dev entries driver
[    0.390920] cpuidle: enable-method property 'ti,am3352' found operations
[    0.391543] sdhci: Secure Digital Host Controller Interface driver
[    0.391556] sdhci: Copyright(c) Pierre Ossman
[    0.391740] sdhci-pltfm: SDHCI platform and OF driver helper
[    0.392758] Initializing XFRM netlink socket
[    0.392920] NET: Registered PF_INET6 protocol family
[    0.408240] Segment Routing with IPv6
[    0.408330] In-situ OAM (IOAM) with IPv6
[    0.408433] sit: IPv6, IPv4 and MPLS over IPv4 tunneling driver
[    0.409364] NET: Registered PF_PACKET protocol family
[    0.409401] NET: Registered PF_KEY protocol family
[    0.409524] Key type dns_resolver registered
[    0.409753] ThumbEE CPU extension supported.
[    0.409774] Registering SWP/SWPB emulation handler
[    0.410311] omap_voltage_late_init: Voltage driver support not added
[    0.410680] SmartReflex Class3 initialized
[    0.420042] Loading compiled-in X.509 certificates
[    0.470056] OF: /ocp: Read of boolean property 'clocks' with a value.
[    0.473465] /ocp/interconnect@44c00000/segment@200000/target-module@b000/i2c@0/tda19988@70: Fixed dependency cycle(s) with /ocp/interconnect@48000000/segment@300000/target-module@e000/lcdc@0
[    0.474428] OF: /ocp/interconnect@44c00000: Read of boolean property 'clocks' with a value.
[    0.479762] /ocp/interconnect@44c00000/segment@200000/target-module@b000/i2c@0/tda19988@70: Fixed dependency cycle(s) with /ocp/interconnect@48000000/segment@300000/target-module@e000/lcdc@0
[    0.490523] /ocp/interconnect@44c00000/segment@200000/target-module@b000/i2c@0/tda19988@70: Fixed dependency cycle(s) with /ocp/interconnect@48000000/segment@300000/target-module@e000/lcdc@0
[    0.491688] /ocp/interconnect@44c00000/segment@200000/target-module@b000/i2c@0/tda19988@70: Fixed dependency cycle(s) with /ocp/interconnect@48000000/segment@300000/target-module@e000/lcdc@0
[    0.495159] /ocp/interconnect@44c00000/segment@200000/target-module@10000/scm@0/pinmux@800: Fixed dependency cycle(s) with /ocp/interconnect@44c00000/segment@200000/target-module@10000/scm@0/pinmux@800/clkout2-pins
[    0.495732] pinctrl-single 44e10800.pinmux: 142 pins, size 568
[    0.500860] ti-sysc 44e31000.target-module: probe with driver ti-sysc failed with error -16
[    0.546381] /ocp/interconnect@48000000/segment@300000/target-module@e000/lcdc@0: Fixed dependency cycle(s) with /ocp/interconnect@44c00000/segment@200000/target-module@b000/i2c@0/tda19988@70
[    0.546701] OF: /ocp/interconnect@48000000: Read of boolean property 'clocks' with a value.
[    0.554429] ti-sysc 48040000.target-module: probe with driver ti-sysc failed with error -16
[    0.577542] OMAP GPIO hardware version 0.1
[    0.604022] omap_i2c 4819c000.i2c: bus 2 rev0.11 at 100 kHz
[    0.632033] 48000000.interconnect:segment@200000:target-module@0:mpu@0:fck: device ID is greater than 24
[    0.632944] /ocp/interconnect@48000000/segment@300000/target-module@e000/lcdc@0: Fixed dependency cycle(s) with /ocp/interconnect@44c00000/segment@200000/target-module@b000/i2c@0/tda19988@70
[    0.635642] /ocp/interconnect@48000000/segment@300000/target-module@e000/lcdc@0: Fixed dependency cycle(s) with /ocp/interconnect@44c00000/segment@200000/target-module@b000/i2c@0/tda19988@70
[    0.636317] /ocp/interconnect@44c00000/segment@200000/target-module@b000/i2c@0/tda19988@70: Fixed dependency cycle(s) with /ocp/interconnect@48000000/segment@300000/target-module@e000/lcdc@0
[    0.636477] /ocp/interconnect@48000000/segment@300000/target-module @e000/lcdc@0: Fixed dependency cycle(s) with /ocp/interconnect @44c00000/segment@200000/target-module@b000/i2c@0/tda19988@70
[    0.640504] OF: /ocp/interconnect@4a000000: Read of boolean property 'clocks' with a value.
[    0.647690] sdhci-omap 481d8000.: initialized cpsw ale version 1.4
[    0.858376] cpsw-switch 4a100000.switch: ALE Table size 1024, Policers 0
[    0.858689] cpsw-switch 4a100000.switch: cpts: overflow check period 500 (jiffies)
[    0.858711] cpsw-switch 4a100000.switch: CPTS: ref_clk_freq:250000000 calc_mult:2147483648 calc_shift:29 error:0 nsec/sec
[    0.858818] cpsw-switch 4a100000.switch: Detected MACID = 6c:ec:eb:68:de:78
[    0.860572] cpsw-switch 4a100000.switch: initialized (regs 0x4a100000, pool size 256) hw_ver:0019010C 1.12 (0)
[    0.871630] debugfs: Directory '49000000.dma' with parent 'dmaengine' already present!
[    0.871672] edma 49000000.dma: TI EDMA DMA engine driver
[    0.909681] target-module@4b000000:target-module@140000:pmu@0:fck: device ID is greater than 24
[    0.922259] hw perfevents: enabled with armv7_cortex_a8 PMU driver, 5 (8000000f) counters available
[    0.929920] l3-aon-clkctrl:0000:0: failed to disable
[    0.933226] 44e09000.serial: ttyS0 at MMIO 0x44e09000 (irq = 34, base_baud = 3000000) is a 8250
[    0.933318] printk: legacy console [ttyS0] enabled
[    2.482118] tps65217-pmic: Failed to locate of_node [id: -1]
[    2.488167] tps65217-bl: Failed to locate of_node [id: -1]
[    2.499494] tps65217 0-0024: TPS65217 ID 0xe version 1.2
[    2.505622] /ocp/interconnect@48000000/segment@300000/target-module@e000/lcdc@0: Fixed dependency cycle(s) with /ocp/interconnect@44c00000/segment@200000/target-module@b000/i2c@0/tda19988@70
[    2.522998] /ocp/interconnect@44c00000/segment@200000/target-module@b000/i2c@0/tda19988@70: Fixed dependency cycle(s) with /ocp/interconnect@48000000/segment@300000/target-module@e000/lcdc@0
[    2.540362] omap_i2c 44e0b000.i2c: bus 0 rev0.11 at 400 kHz
[    2.548362] omap_gpio 44e07000.gpio: Could not set line 6 debounce to 200000 microseconds (-22)
[    2.557245] sdhci-omap 48060000.mmc: Got CD GPIO
[    2.562278] sdhci-omap 48060000.mmc: supply pbias not found, using dummy regulator
[    2.572198] sdhci-omap 48060000.mmc: supply vqmmc not found, using dummy regulator
[    2.580808] sdhci-omap 481d8000.mmc: supply pbias not found, using dummy regulator
[    2.589452] sdhci-omap 481d8000.mmc: supply vqmmc not found, using dummy regulator
[    2.626979] mmc1: SDHCI controller on 481d8000.mmc [481d8000.mmc] using External DMA
[    2.636030] mmc0: SDHCI controller on 48060000.mmc [48060000.mmc] using External DMA
[    2.644954] cpsw-switch 4a100000.switch: starting ndev. mode: dual_mac
[    2.690456] mmc0: new high speed SDHC car d at address 5048
[    2.697596] mmcblk0: mmc0:5048 SD16G 14. 4 GiB
[    2.705648]  mmcblk0: p1 p2
[    2.709023] mmcblk0:  p2 size 31221760 extends beyond EOD, truncated
[    2.722461 ] SMSC LAN8710/LAN8720 4a101000.mdio:00: attached PHY driver ( mii_bus:
[    5.921920] cpsw-switch 4a100000.switch eth0: Link is Up - 100Mbps/Full - flow control off
[    5.951178] IP-Config: Complete:
[    5.954449]      device=eth0, hwaddr=6c:ec:eb:68:de:78, ipaddr=192.168.255.1, mask=255.255.255.0, gw=255.255.255.255
[    5.965090]      host=bbb1, domain=, nis-domain=(none)
[    5.970259]      bootserver=192.168.255.126, rootserver=192.168.255.126, rootpath=
[    5.970667] clk: Disabling unused clocks
[    5.982540] PM: genpd: Disabling unused power domains
[    5.987657] KTAP version 1
[    5.990379] 1..0
[    6.015565] VFS: Mounted root (nfs filesystem) on device 0:17.
[    6.022715] devtmpfs: mounted
[    6.027170] Freeing unused kernel image (initmem) memory: 1024K
[    6.034002] Run /sbin/init as init process
[    6.731705] systemd[1]: System time before build time, advancing clock.
[    8.221170] random: crng init done
[    8.261995] systemd[1]: systemd 232 running in system mode. (+PAM +AUDIT +SELINUX +IMA +APPARMOR +SMACK +SYSVINIT +UTMP +LIBCRYPTSETUP +GCRYPT +GNUTLS +ACL +XZ +LZ4 +SECCOMP +BLKID +ELFUTILS +KMOD +IDN)
[    8.280979] systemd[1]: Detected architecture arm.

Welcome to [1mDebian GNU/Linux 9 (stretch)[0m!

[    8.314342] systemd[1]: Set hostname to <arm>.
[    9.423338] systemd[1]: Created slice User and Session Slice.
[[0;32m  OK  [0m] Created slice User and Session Slice.
[    9.443056] systemd[1]: Set up automount Arbitrary Executable File Formats File System Automount Point.
[[0;32m  OK  [0m] Set up automount Arbitrary Executabâ€¦rmats File System Automount Point.
[    9.473289] systemd[1]: Listening on udev Control Socket.
[[0;32m  OK  [0m] Listening on udev Control Socket.
[    9.503062] systemd[1]: Listening on Syslog Socket.
[[0;32m  OK  [0m] Listening on Syslog Socket.
[    9.532107] systemd[1]: Started Dispatch Password Requests to Console Directory Watch.
[[0;32m  OK  [0m] Started Dispatch Password Requests to Console Directory Watch.
[    9.561550] systemd[1]: Reached target Swap.
[[0;32m  OK  [0m] Reached target Swap.
[    9.581747] systemd[1]: Listening on udev Kernel Socket.
[[0;32m  OK  [0m] Listening on udev Kernel Socket.
[[0;32m  OK  [0m] Listening on /dev/initctl Compatibility Named Pipe.
[[0;32m  OK  [0m] Listening on Journal Audit Socket.
[[0;32m  OK  [0m] Reached target Remote File Systems.
[[0;32m  OK  [0m] Created slice System Slice.
[[0;32m  OK  [0m] Created slice system-getty.slice.
[[0;32m  OK  [0m] Created slice system-serial\x2dgetty.slice.
[[0;32m  OK  [0m] Reached target Slices.
         Mounting POSIX Message Queue File System...
         Mounting Debug File System...
[[0;32m  OK  [0m] Listening on Journal Socket (/dev/log).
[[0;32m  OK  [0m] Started Forward Password Requests to Wall Directory Watch.
[[0;32m  OK  [0m] Reached target Encrypted Volumes.
[[0;32m  OK  [0m] Reached target Paths.
[[0;32m  OK  [0m] Listening on Journal Socket.
         Starting Create list of required stâ€¦ce nodes for the current kernel...
         Starting Load Kernel Modules...
         Starting Journal Service...
         Starting Remount Root and Kernel File Systems...
[[0;32m  OK  [0m] Mounted POSIX Message Queue File System.
[[0;32m  OK  [0m] Mounted Debug File System.
[[0;32m  OK  [0m] Started Create list of required staâ€¦vice nodes for the current kernel.
         Starting Create Static Device Nodes in /dev...
[[0;32m  OK  [0m] Started Load Kernel Modules.
[[0;32m  OK  [0m] Started Remount Root and Kernel File Systems.
         Starting udev Coldplug all Devices...
         Starting Load/Save Random Seed...
         Starting Apply Kernel Variables...
         Mounting Configuration File System...
[[0;32m  OK  [0m] Mounted Configuration File System.
[[0;32m  OK  [0m] Started Load/Save Random Seed.
[[0;32m  OK  [0m] Started Apply Kernel Variables.
[[0;32m  OK  [0m] Started Create Static Device Nodes in /dev.
[[0;32m  OK  [0m] Reached target Local File Systems (Pre).
[[0;32m  OK  [0m] Reached target Local File Systems.
         Starting Raise network interfaces...
         Starting udev Kernel Device Manager...
[[0;32m  OK  [0m] Started Journal Service.
         Starting Flush Journal to Persistent Storage...
[   11.938329] systemd-journald[84]: Received request to flush runtime journal from PID 1
[[0;32m  OK  [0m] Started Flush Journal to Persistent Storage.
         Starting Create Volatile Files and Directories...
[[0;32m  OK  [0m] Started udev Kernel Device Manager.
[[0;32m  OK  [0m] Started Create Volatile Files and Directories.
         Starting Network Time Synchronization...
         Starting Update UTMP about System Boot/Shutdown...
[[0;32m  OK  [0m] Started udev Coldplug all Devices.
[[0;32m  OK  [0m] Started Update UTMP about System Boot/Shutdown.
[   14.842035] remoteproc remoteproc0: wkup_m3 is available
[   14.967728] at24 2-0054: supply vcc not found, using dummy regulator
[   15.116379] at24 2-0055: supply vcc not found, using dummy regulator
[   15.208098] at24 2-0056: supply vcc not found, using dummy regulator
[   15.338144] at24 2-0057: supply vcc not found, using dummy regulator
[   15.389682] tps6521x_pwrbutton tps65217-pwrbutton: DMA mask not set
[   15.497639] input: tps65217_pwrbutton as /devices/platform/ocp/44c00000.interconnect/44c00000.interconnect:segment@200000/44e0b000.target-module/44e0b000.i2c/i2c-0/0-0024/tps65217-pwrbutton/input/input0
[   15.523006] at24 0-0050: 32768 byte 24c256 EEPROM, writable, 1 bytes/write
[   15.708636] wkup_m3_ipc 44e11324.wkup_m3_ipc: IPC Request for A8->M3 Channel failed! -517
[   15.812191] omap_rtc 44e3e000.rtc: registered as rtc0
[   15.817369] omap_rtc 44e3e000.rtc: setting system clock to 2000-01-01T00:00:00 UTC (946684800)
[   15.828042] wkup_m3_ipc 44e11324.wkup_m3_ipc: IPC Request for A8->M3 Channel failed! -517
[[0;32m  OK  [0m] Found device /dev/ttyS0.
[   15.948918] wkup_m3_ipc 44e11324.wkup_m3_ipc: IPC Request for A8->M3 Channel failed! -517
[   15.981921] omap_wdt: OMAP Watchdog Timer Rev 0x01: initial timeout 60 sec
[   16.089132] wkup_m3_ipc 44e11324.wkup_m3_ipc: IPC Request for A8->M3 Channel failed! -517
[   16.204638] am335x-phy-driver 47401300.usb-phy: dummy supplies not allowed for exclusive requests (id=vbus)
[   16.426123] am335x-phy-driver 47401b00.usb-phy: dummy supplies not allowed for exclusive requests (id=vbus)
[   16.437683] wkup_m3_ipc 44e11324.wkup_m3_ipc: IPC Request for A8->M3 Channel failed! -517
[[0;32m  OK  [0m] Started Network Time Synchronization.[   16.563143] wkup_m3_ipc 44e11324.wkup_m3_ipc: IPC Request for A8->M3 Channel failed! -517

[   16.590237] usbcore: registered new interface driver usbfs
[   16.596156] usbcore: registered new interface driver hub
[   16.601767] usbcore: registered new device driver usb
[[0;32m  OK  [0m] Reached target System Time Synchronized.
[[0;32m  OK  [0m] Reached target System Initialization.
[[0;32m  OK  [0m] Started Daily apt download activities.
[[0;32m  OK  [0m] Started Daily Cleanup of Temporary Directories.
[[0;32m  OK  [0m] Listening on D-Bus System Message Bus Socket.
[[0;32m  OK  [0m] Listening on Avahi mDNS/DNS-SD Stack Activation Socket.
[   16.911286] tda998x 0-0070: found TDA19988
[[0;32m  OK  [0m] Reached target Sockets.
[[0;32m  OK  [0m] Reached target Basic System.
[   17.018680] wkup_m3_ipc 44e11324.wkup_m3_ipc: IPC Request for A8->M3 Channel failed! -517
         Starting DUN service...
         Starting Cape Manager Service...
[   17.228834] wkup_m3_ipc 44e11324.wkup_m3_ipc: IPC Request for A8->M3 Channel failed! -517
[   17.318844] musb-hdrc musb-hdrc.1: MUSB HDRC host driver
[   17.324500] musb-hdrc musb-hdrc.1: new USB bus registered, assigned bus number 1
[   17.352336] wkup_m3_ipc 44e11324.wkup_m3_ipc: IPC Request for A8->M3 Channel failed! -517
         Starting Login Service...
         Starting Generic Board Startup...
[   17.625694] usb usb1: New USB device found, idVendor=1d6b, idProduct=0002, bcdDevice= 6.14
[   17.634357] usb usb1: New USB device strings: Mfr=3, Product=2, SerialNumber=1
[   17.641716] usb usb1: Product: MUSB HDRC host driver
[   17.646711] usb usb1: Manufacturer: Linux 6.14.0-rc1-next-20250204 musb-hcd
[   17.653745] usb usb1: SerialNumber: musb-hdrc.1
         Starting System Logging Service...[   17.719147] omap-mailbox 480c8000.mailbox: omap mailbox rev 0x400

[   17.816032] remoteproc remoteproc0: powering up wkup_m3
         Starting LSB: Start busybox udhcpd at boot time...
         Starting Telephony service...
[   18.048613] remoteproc remoteproc0: Direct firmware load for am335x-pm-firmware.elf failed with error -2
[   18.058940] remoteproc remoteproc0: request_firmware failed: -2
[   18.065034] wkup_m3_ipc 44e11324.wkup_m3_ipc: rproc_boot failed
[   18.140580] hub 1-0:1.0: USB hub found
         Starting LSB: Load kernel modules needed to enable cpufreq scaling...
[   18.215759] hub 1-0:1.0: 1 port detected
         Starting Avahi mDNS/DNS-SD Stack...
[[0;32m  OK  [0m] Started Daily apt upgrade and clean activities.
[[0;32m  OK  [0m] Reached target Timers.
[[0;32m  OK  [0m] Started Regular background program processing daemon.
[[0;32m  OK  [0m] Started D-Bus System Message Bus.
[   20.615723] omap_rng 48310000.rng: Random Number Generator ver. 20
[   20.852489] tilcdc 4830e000.lcdc: bound 0-0070 (ops tda998x_audio_codec_init [tda998x])
[   20.948543] [drm] Initialized tilcdc 1.0.0 for 4830e000.lcdc on minor 0
[   21.034953] tilcdc 4830e000.lcdc: [drm] Cannot find any crtc or sizes
[   21.047742] tilcdc 4830e000.lcdc: [drm] Cannot find any crtc or sizes
[   21.754103] PM: Cannot get wkup_m3_ipc handle
[   21.816267] omap-sham 53100000.sham: hw accel on OMAP rev 4.3
[   21.922549] omap-sham 53100000.sham: will run requests pump with realtime priority
[   21.945948] PM: Cannot get wkup_m3_ipc handle
[   21.958643] omap-aes 53500000.aes: OMAP AES hw accel rev: 3.2
[   22.068702] omap-aes 53500000.aes: will run requests pump with realtime priority
[   22.082392] PM: Cannot get wkup_m3_ipc handle
[[0;32m  OK  [0m] Started DUN service.
[[0;32m  OK  [0m] Started Avahi mDNS/DNS-SD Stack.
[[0;32m  OK  [0m] Started Telephony service.
         Starting Connection service...
[[0;32m  OK  [0m] Started System Logging Service.
[[0;32m  OK  [0m] Started Cape Manager Service.
[   24.275075] Bluetooth: Core ver 2.22
[   24.278928] NET: Registered PF_BLUETOOTH protocol family
[   24.284476] Bluetooth: HCI device and connection manager initialized
[   24.290993] Bluetooth: HCI socket layer initialized
[   24.295967] Bluetooth: L2CAP socket layer initialized
[   24.301087] Bluetooth: SCO socket layer initialized
[   25.497450] PM: Cannot get wkup_m3_ipc handle
[   25.502911] OF: /sound: Read of boolean property 'simple-audio-card,bitclock-master' with a value.
[   25.512279] OF: /sound: Read of boolean property 'simple-audio-card,frame-master' with a value.
[   25.777883] PM: Cannot get wkup_m3_ipc handle
[[0;32m  OK  [0m] Started Raise network interfaces.
[[0;32m  OK  [0m] Started LSB: Start busybox udhcpd at boot time.
[   28.241615] configfs-gadget.g_multi gadget.0: HOST MAC 1c:ba:8c:a2:ed:6c
[   28.248398] configfs-gadget.g_multi gadget.0: MAC 1c:ba:8c:a2:ed:70
[   28.255754] configfs-gadget.g_multi gadget.0: HOST MAC 1c:ba:8c:a2:ed:6c
[   28.262606] configfs-gadget.g_multi gadget.0: MAC 1c:ba:8c:a2:ed:6d
[   28.285842] PM: Cannot get wkup_m3_ipc handle
[[0;32m  OK  [0m] Started LSB: Load kernel modules needed to enable cpufreq scaling.
[[0;32m  OK  [0m] Started Connection service.
[[0;32m  OK  [0m] Started Login Service.
[[0;32m  OK  [0m] Reached target Sound Card.
         Starting LSB: set CPUFreq kernel parameters...
[[0;32m  OK  [0m] Reached target Network.
         Starting OpenBSD Secure Shell server...
[[0;32m  OK  [0m] Reached target Network is Online.
         Starting LSB: Advanced IEEE 802.11 management daemon...
         Starting The Apache HTTP Server...
         Starting Permit User Sessions...
[[0;32m  OK  [0m] Started LSB: Advanced IEEE 802.11 management daemon.
[[0;32m  OK  [0m] Started Permit User Sessions.
         Starting Hostname Service...
         Starting WPA supplicant...
[[0;32m  OK  [0m] Started Getty on tty1.
[[0;32m  OK  [0m] Started Serial Getty on ttyS0.
[[0;32m  OK  [0m] Reached target Login Prompts.
[[0;32m  OK  [0m] Started LSB: set CPUFreq kernel parameters.
         Stopping LSB: Start busybox udhcpd at boot time...
[[0;32m  OK  [0m] Started WPA supplicant.
[[0;32m  OK  [0m] Started Hostname Service.
[[0;32m  OK  [0m] Started OpenBSD Secure Shell server.
[[0;32m  OK  [0m] Stopped LSB: Start busybox udhcpd at boot time.
         Starting dnsmasq - A lightweight DHCP and caching DNS server...
[[0;32m  OK  [0m] Started The Apache HTTP Server.
[[0;32m  OK  [0m] Started dnsmasq - A lightweight DHCP and caching DNS server.
[[0;32m  OK  [0m] Reached target Host and Network Name Lookups.
[[0;32m  OK  [0m] Started Serial Getty on ttyGS0.
[[0;32m  OK  [0m] Started Generic Board Startup.
[[0;32m  OK  [0m] Reached target Multi-User System.
[[0;32m  OK  [0m] Reached target Graphical Interface.
         Starting Update UTMP about System Runlevel Changes...
[[0;32m  OK  [0m] Started Update UTMP about System Runlevel Changes.

Debian GNU/Linux 9 arm ttyS0

default username:password is [debian:temppwd]

arm login: root
Password: 
Last login: Sat Dec  9 19:10:25 UTC 2017 on ttyS0
root
Linux arm 6.14.0-rc1-next-20250204 #1 SMP Tue Feb  4 06:45:09 EET 2025 armv7l

The programs included with the Debian GNU/Linux system are free software;
the exact distribution terms for each program are described in the
individual files in /usr/share/doc/*/copyright.

Debian GNU/Linux comes with ABSOLUTELY NO WARRANTY, to the extent
permitted by applicable law.
root@arm:~# root
-bash: root: command not found
root@arm:~# dmesg -n 1
echo 'QTCM''XKXWTF'
root@arm:~# echo 'QTCM''XKXWTF'
QTCMXKXWTF
root@arm:~# run() { echo -n "$MARKER"; sh -c "$@"; echo "$MARKER $?"; }
root@arm:~# echo 'FYBN''AOVNFY'
FYBNAOVNFY
root@arm:~# MARKER='WZBJ''EEFLZF' run 'cat /proc/version'
WZBJEEFLZFLinux version 6.14.0-rc1-next-20250204 (user01@drvtest01) (arm-none-eabi-gcc (Arm GNU Toolchain 14.2.Rel1 (Build arm-14.52)) 14.2.1 20241119, GNU ld (Arm GNU Toolchain 14.2.Rel1 (Build arm-14.52)) 2.43.1.20241119) #1 SMP Tue Feb  4 06:45:09 EET 2025
WZBJEEFLZF 0
root@arm:~# echo 'SFHZ''KPXOOX'
SFHZKPXOOX
root@arm:~# MARKER='HFFJ''QBZUOT' run false
HFFJQBZUOTHFFJQBZUOT 1
root@arm:~# Labgrid Console Logfile for main
Logfile started at 2025-02-04 06:47:32.510566
=== Log starts here ===

root@arm:~# run() { echo -n "$MARKER"; sh -c "$@"; echo "$MARKER $?"; }
root@arm:~# echo 'EALN''UZQCXF'
EALNUZQCXF
root@arm:~# MARKER='XVTX''ANAEBZ' run 'ls /iio_generic_buffer; echo $?'
XVTXANAEBZ/iio_generic_buffer
0
XVTXANAEBZ 0
root@arm:~# Labgrid Console Logfile for main
Logfile started at 2025-02-04 06:47:35.885924
=== Log starts here ===

root@arm:~# run() { echo -n "$MARKER"; sh -c "$@"; echo "$MARKER $?"; }
root@arm:~# echo 'XXYE''QSKCGP'
XXYEQSKCGP
root@arm:~# MARKER='FPZG''ZUEUZW' run dmesg
FPZGZUEUZW[    0.000000] Booting Linux on physical CPU 0x0
[    0.000000] Linux version 6.14.0-rc1-next-20250204 (user01@drvtest01) (arm-none-eabi-gcc (Arm GNU Toolchain 14.2.Rel1 (Build arm-14.52)) 14.2.1 20241119, GNU ld (Arm GNU Toolchain 14.2.Rel1 (Build arm-14.52)) 2.43.1.20241119) #1 SMP Tue Feb  4 06:45:09 EET 2025
[    0.000000] CPU: ARMv7 Processor [413fc082] revision 2 (ARMv7), cr=10c5387d
[    0.000000] CPU: PIPT / VIPT nonaliasing data cache, VIPT aliasing instruction cache
[    0.000000] OF: fdt: Machine model: TI AM335x BeagleBone Black
[    0.000000] Memory policy: Data cache writeback
[    0.000000] cma: Reserved 16 MiB at 0x9e800000 on node -1
[    0.000000] Zone ranges:
[    0.000000]   Normal   [mem 0x0000000080000000-0x000000009fdfffff]
[    0.000000]   HighMem  empty
[    0.000000] Movable zone start for each node
[    0.000000] Early memory node ranges
[    0.000000]   node   0: [mem 0x0000000080000000-0x000000009fdfffff]
[    0.000000] Initmem setup node 0 [mem 0x0000000080000000-0x000000009fdfffff]
[    0.000000] OF: reserved mem: Reserved memory: No reserved-memory node in the DT
[    0.000000] CPU: All CPU(s) started in SVC mode.
[    0.000000] AM335X ES2.1 (sgx neon)
[    0.000000] percpu: Embedded 17 pages/cpu s39372 r8192 d22068 u69632
[    0.000000] pcpu-alloc: s39372 r8192 d22068 u69632 alloc=17*4096
[    0.000000] pcpu-alloc: [0] 0 
[    0.000000] Kernel command line: console=ttyO0,115200n8 root=/dev/nfs rw nfsroot=192.168.255.126:/home/user01/nfs,nfsvers=3 ip=192.168.255.1:192.168.255.126::255.255.255.0:bbb1:eth0 nfsrootdebug
[    0.000000] Unknown kernel command line parameters "nfsrootdebug", will be passed to user space.
[    0.000000] printk: log buffer data + meta data: 65536 + 204800 = 270336 bytes
[    0.000000] Dentry cache hash table entries: 65536 (order: 6, 262144 bytes, linear)
[    0.000000] Inode-cache hash table entries: 32768 (order: 5, 131072 bytes, linear)
[    0.000000] Built 1 zonelists, mobility grouping on.  Total pages: 130560
[    0.000000] mem auto-init: stack:off, heap alloc:off, heap free:off
[    0.000000] SLUB: HWalign=16, Order=0-3, MinObjects=0, CPUs=1, Nodes=1
[    0.000000] rcu: Hierarchical RCU implementation.
[    0.000000] rcu: 	RCU event tracing is enabled.
[    0.000000] rcu: 	RCU restricting CPUs from NR_CPUS=2 to nr_cpu_ids=1.
[    0.000000] 	Tracing variant of Tasks RCU enabled.
[    0.000000] rcu: RCU calculated value of scheduler-enlistment delay is 10 jiffies.
[    0.000000] rcu: Adjusting geometry for rcu_fanout_leaf=16, nr_cpu_ids=1
[    0.000000] RCU Tasks Trace: Setting shift to 0 and lim to 1 rcu_task_cb_adjust=1 rcu_task_cpu_ids=1.
[    0.000000] NR_IRQS: 16, nr_irqs: 16, preallocated irqs: 16
[    0.000000] IRQ: Found an INTC at 0x(ptrval) (revision 5.0) with 128 interrupts
[    0.000000] rcu: srcu_init: Setting srcu_struct sizes based on contention.
[    0.000000] TI gptimer clocksource: always-on /ocp/interconnect@44c00000/segment@200000/target-module@31000
[    0.000004] sched_clock: 32 bits at 24MHz, resolution 41ns, wraps every 89478484971ns
[    0.000029] clocksource: dmtimer: mask: 0xffffffff max_cycles: 0xffffffff, max_idle_ns: 79635851949 ns
[    0.000500] TI gptimer clockevent: 24000000 Hz at /ocp/interconnect@48000000/segment@0/target-module@40000
[    0.002116] Console: colour dummy device 80x30
[    0.002179] WARNING: Your 'console=ttyO0' has been replaced by 'ttyS0'
[    0.002186] This ensures that you still see kernel messages. Please
[    0.002191] update your kernel commandline.
[    0.002232] Calibrating delay loop... 996.14 BogoMIPS (lpj=4980736)
[    0.090545] CPU: Testing write buffer coherency: ok
[    0.090656] CPU0: Spectre v2: using BPIALL workaround
[    0.090667] pid_max: default: 32768 minimum: 301
[    0.090798] LSM: initializing lsm=capability
[    0.090969] Mount-cache hash table entries: 1024 (order: 0, 4096 bytes, linear)
[    0.090987] Mountpoint-cache hash table entries: 1024 (order: 0, 4096 bytes, linear)
[    0.092574] CPU0: thread -1, cpu 0, socket -1, mpidr 0
[    0.092631] cacheinfo: Unable to detect cache hierarchy for CPU 0
[    0.160903] Setting up static identity map for 0x80100000 - 0x80100078
[    0.170699] rcu: Hierarchical SRCU implementation.
[    0.170710] rcu: 	Max phase no-delay instances is 1000.
[    0.190746] smp: Bringing up secondary CPUs ...
[    0.190801] smp: Brought up 1 node, 1 CPU
[    0.190815] SMP: Total of 1 processors activated (996.14 BogoMIPS).
[    0.190826] CPU: All CPU(s) started in SVC mode.
[    0.190996] Memory: 480844K/522240K available (11264K kernel code, 1209K rwdata, 2892K rodata, 1024K init, 292K bss, 23380K reserved, 16384K cma-reserved, 0K highmem)
[    0.191831] devtmpfs: initialized
[    0.208298] VFP support v0.3: implementor 41 architecture 3 part 30 variant c rev 3
[    0.208650] clocksource: jiffies: mask: 0xffffffff max_cycles: 0xffffffff, max_idle_ns: 19112604462750000 ns
[    0.208684] futex hash table entries: 256 (order: 2, 16384 bytes, linear)
[    0.210012] pinctrl core: initialized pinctrl subsystem
[    0.212911] NET: Registered PF_NETLINK/PF_ROUTE protocol family
[    0.215667] DMA: preallocated 256 KiB pool for atomic coherent allocations
[    0.216556] audit: initializing netlink subsys (disabled)
[    0.217894] thermal_sys: Registered thermal governor 'fair_share'
[    0.217909] thermal_sys: Registered thermal governor 'step_wise'
[    0.217918] thermal_sys: Registered thermal governor 'user_space'
[    0.218065] audit: type=2000 audit(0.210:1): state=initialized audit_enabled=0 res=1
[    0.218101] cpuidle: using governor menu
[    0.235902] /ocp/interconnect@44c00000/segment@200000/target-module@b000/i2c@0/tda19988@70: Fixed dependency cycle(s) with /ocp/interconnect@48000000/segment@300000/target-module@e000/lcdc@0
[    0.237040] /ocp/interconnect@48000000/segment@300000/target-module@e000/lcdc@0: Fixed dependency cycle(s) with /ocp/interconnect@44c00000/segment@200000/target-module@b000/i2c@0/tda19988@70
[    0.239201] No ATAGs?
[    0.239245] hw-breakpoint: debug architecture 0x4 unsupported.
[    0.242065] kprobes: kprobe jump-optimization is enabled. All kprobes are optimized if possible.
[    0.253936] iommu: Default domain type: Translated
[    0.253958] iommu: DMA domain TLB invalidation policy: strict mode
[    0.255579] reg-fixed-voltage fixedregulator0: using DT '/fixedregulator0' for '(default)' GPIO lookup
[    0.255631] of_get_named_gpiod_flags: can't parse 'gpios' property of node '/fixedregulator0[0]'
[    0.255660] of_get_named_gpiod_flags: can't parse 'gpio' property of node '/fixedregulator0[0]'
[    0.255677] reg-fixed-voltage fixedregulator0: using lookup tables for GPIO lookup
[    0.255687] reg-fixed-voltage fixedregulator0: No GPIO consumer (default) found
[    0.261542] SCSI subsystem initialized
[    0.262012] libata version 3.00 loaded.
[    0.262369] pps_core: LinuxPPS API ver. 1 registered
[    0.262381] pps_core: Software ver. 5.3.6 - Copyright 2005-2007 Rodolfo Giometti <giometti@linux.it>
[    0.262406] PTP clock support registered
[    0.270790] vgaarb: loaded
[    0.271151] clocksource: Switched to clocksource dmtimer
[    0.271785] VFS: Disk quotas dquot_6.6.0
[    0.271841] VFS: Dquot-cache hash table entries: 1024 (order 0, 4096 bytes)
[    0.295792] NET: Registered PF_INET protocol family
[    0.296141] IP idents hash table entries: 8192 (order: 4, 65536 bytes, linear)
[    0.297577] tcp_listen_portaddr_hash hash table entries: 512 (order: 0, 4096 bytes, linear)
[    0.297611] Table-perturb hash table entries: 65536 (order: 6, 262144 bytes, linear)
[    0.297630] TCP established hash table entries: 4096 (order: 2, 16384 bytes, linear)
[    0.297673] TCP bind hash table entries: 4096 (order: 4, 65536 bytes, linear)
[    0.297772] TCP: Hash tables configured (established 4096 bind 4096)
[    0.297888] UDP hash table entries: 256 (order: 1, 14336 bytes, linear)
[    0.297924] UDP-Lite hash table entries: 256 (order: 1, 14336 bytes, linear)
[    0.298109] NET: Registered PF_UNIX/PF_LOCAL protocol family
[    0.299327] RPC: Registered named UNIX socket transport module.
[    0.299348] RPC: Registered udp transport module.
[    0.299353] RPC: Registered tcp transport module.
[    0.299358] RPC: Registered tcp-with-tls transport module.
[    0.299362] RPC: Registered tcp NFSv4.1 backchannel transport module.
[    0.299387] PCI: CLS 0 bytes, default 64
[    0.300779] Initialise system trusted keyrings
[    0.311438] workingset: timestamp_bits=14 max_order=17 bucket_order=3
[    0.312778] NFS: Registering the id_resolver key type
[    0.312852] Key type id_resolver registered
[    0.312859] Key type id_legacy registered
[    0.312905] jffs2: version 2.2. (NAND) (SUMMARY)  Â© 2001-2006 Red Hat, Inc.
[    0.313292] Key type asymmetric registered
[    0.313307] Asymmetric key parser 'x509' registered
[    0.313369] io scheduler mq-deadline registered
[    0.313379] io scheduler kyber registered
[    0.313448] io scheduler bfq registered
[    0.314991] ledtrig-cpu: registered to indicate activity on CPUs
[    0.317661] Serial: 8250/16550 driver, 6 ports, IRQ sharing enabled
[    0.366340] brd: module loaded
[    0.386032] loop: module loaded
[    0.386934] mtdoops: mtd device (mtddev=name/number) must be supplied
[    0.388609] mdio_bus fixed-0: using lookup tables for GPIO lookup
[    0.388634] mdio_bus fixed-0: No GPIO consumer reset found
[    0.389973] i2c_dev: i2c /dev entries driver
[    0.390920] cpuidle: enable-method property 'ti,am3352' found operations
[    0.391543] sdhci: Secure Digital Host Controller Interface driver
[    0.391556] sdhci: Copyright(c) Pierre Ossman
[    0.391740] sdhci-pltfm: SDHCI platform and OF driver helper
[    0.392758] Initializing XFRM netlink socket
[    0.392920] NET: Registered PF_INET6 protocol family
[    0.408240] Segment Routing with IPv6
[    0.408330] In-situ OAM (IOAM) with IPv6
[    0.408433] sit: IPv6, IPv4 and MPLS over IPv4 tunneling driver
[    0.409364] NET: Registered PF_PACKET protocol family
[    0.409401] NET: Registered PF_KEY protocol family
[    0.409524] Key type dns_resolver registered
[    0.409753] ThumbEE CPU extension supported.
[    0.409774] Registering SWP/SWPB emulation handler
[    0.410311] omap_voltage_late_init: Voltage driver support not added
[    0.410680] SmartReflex Class3 initialized
[    0.420042] Loading compiled-in X.509 certificates
[    0.470056] OF: /ocp: Read of boolean property 'clocks' with a value.
[    0.473465] /ocp/interconnect@44c00000/segment@200000/target-module@b000/i2c@0/tda19988@70: Fixed dependency cycle(s) with /ocp/interconnect@48000000/segment@300000/target-module@e000/lcdc@0
[    0.474428] OF: /ocp/interconnect@44c00000: Read of boolean property 'clocks' with a value.
[    0.479762] /ocp/interconnect@44c00000/segment@200000/target-module@b000/i2c@0/tda19988@70: Fixed dependency cycle(s) with /ocp/interconnect@48000000/segment@300000/target-module@e000/lcdc@0
[    0.485391] gpiochip_find_base_unlocked: found new base at 512
[    0.490523] /ocp/interconnect@44c00000/segment@200000/target-module@b000/i2c@0/tda19988@70: Fixed dependency cycle(s) with /ocp/interconnect@48000000/segment@300000/target-module@e000/lcdc@0
[    0.491688] /ocp/interconnect@44c00000/segment@200000/target-module@b000/i2c@0/tda19988@70: Fixed dependency cycle(s) with /ocp/interconnect@48000000/segment@300000/target-module@e000/lcdc@0
[    0.495159] /ocp/interconnect@44c00000/segment@200000/target-module@10000/scm@0/pinmux@800: Fixed dependency cycle(s) with /ocp/interconnect@44c00000/segment@200000/target-module@10000/scm@0/pinmux@800/clkout2-pins
[    0.495732] pinctrl-single 44e10800.pinmux: 142 pins, size 568
[    0.500860] ti-sysc 44e31000.target-module: probe with driver ti-sysc failed with error -16
[    0.546381] /ocp/interconnect@48000000/segment@300000/target-module@e000/lcdc@0: Fixed dependency cycle(s) with /ocp/interconnect@44c00000/segment@200000/target-module@b000/i2c@0/tda19988@70
[    0.546701] OF: /ocp/interconnect@48000000: Read of boolean property 'clocks' with a value.
[    0.554429] ti-sysc 48040000.target-module: probe with driver ti-sysc failed with error -16
[    0.565532] gpiochip_find_base_unlocked: found new base at 512
[    0.565628] gpio gpiochip0: (gpio-0-31): created GPIO range 0->7 ==> 44e10800.pinmux PIN 0->7
[    0.565657] gpio gpiochip0: (gpio-0-31): created GPIO range 8->11 ==> 44e10800.pinmux PIN 90->93
[    0.565673] gpio gpiochip0: (gpio-0-31): created GPIO range 12->27 ==> 44e10800.pinmux PIN 12->27
[    0.565688] gpio gpiochip0: (gpio-0-31): created GPIO range 28->31 ==> 44e10800.pinmux PIN 30->33
[    0.577297] gpio gpiochip0: (gpio-0-31): added GPIO chardev (254:0)
[    0.577459] gpio gpiochip0: registered GPIOs 512 to 543 on gpio-0-31
[    0.577542] OMAP GPIO hardware version 0.1
[    0.603005] i2c i2c-2: using DT '/ocp/interconnect@48000000/segment@100000/target-module@9c000/i2c@0' for 'scl' GPIO lookup
[    0.603078] of_get_named_gpiod_flags: can't parse 'scl-gpios' property of node '/ocp/interconnect@48000000/segment@100000/target-module@9c000/i2c@0[0]'
[    0.603119] of_get_named_gpiod_flags: can't parse 'scl-gpio' property of node '/ocp/interconnect@48000000/segment@100000/target-module@9c000/i2c@0[0]'
[    0.603154] i2c i2c-2: using lookup tables for GPIO lookup
[    0.603162] i2c i2c-2: No GPIO consumer scl found
[    0.603184] i2c i2c-2: using DT '/ocp/interconnect@48000000/segment@100000/target-module@9c000/i2c@0' for 'sda' GPIO lookup
[    0.603218] of_get_named_gpiod_flags: can't parse 'sda-gpios' property of node '/ocp/interconnect@48000000/segment@100000/target-module@9c000/i2c@0[0]'
[    0.603254] of_get_named_gpiod_flags: can't parse 'sda-gpio' property of node '/ocp/interconnect@48000000/segment@100000/target-module@9c000/i2c@0[0]'
[    0.603284] i2c i2c-2: using lookup tables for GPIO lookup
[    0.603291] i2c i2c-2: No GPIO consumer sda found
[    0.604022] omap_i2c 4819c000.i2c: bus 2 rev0.11 at 100 kHz
[    0.609331] gpiochip_find_base_unlocked: found new base at 544
[    0.609433] gpio gpiochip1: (gpio-32-63): created GPIO range 0->17 ==> 44e10800.pinmux PIN 34->51
[    0.609458] gpio gpiochip1: (gpio-32-63): created GPIO range 18->21 ==> 44e10800.pinmux PIN 77->80
[    0.609477] gpio gpiochip1: (gpio-32-63): created GPIO range 22->31 ==> 44e10800.pinmux PIN 56->65
[    0.623005] gpio gpiochip1: (gpio-32-63): added GPIO chardev (254:1)
[    0.623173] gpio gpiochip1: registered GPIOs 544 to 575 on gpio-32-63
[    0.625426] gpiochip_find_base_unlocked: found new base at 576
[    0.625518] gpio gpiochip2: (gpio-64-95): created GPIO range 0->4 ==> 44e10800.pinmux PIN 66->70
[    0.625538] gpio gpiochip2: (gpio-64-95): created GPIO range 5->6 ==> 44e10800.pinmux PIN 98->99
[    0.625553] gpio gpiochip2: (gpio-64-95): created GPIO range 7->8 ==> 44e10800.pinmux PIN 75->76
[    0.625568] gpio gpiochip2: (gpio-64-95): created GPIO range 13->13 ==> 44e10800.pinmux PIN 141->141
[    0.625584] gpio gpiochip2: (gpio-64-95): created GPIO range 14->21 ==> 44e10800.pinmux PIN 100->107
[    0.626239] gpio gpiochip2: (gpio-64-95): added GPIO chardev (254:2)
[    0.626376] gpio gpiochip2: registered GPIOs 576 to 607 on gpio-64-95
[    0.632033] 48000000.interconnect:segment@200000:target-module@0:mpu@0:fck: device ID is greater than 24
[    0.632944] /ocp/interconnect@48000000/segment@300000/target-module@e000/lcdc@0: Fixed dependency cycle(s) with /ocp/interconnect@44c00000/segment@200000/target-module@b000/i2c@0/tda19988@70
[    0.635642] /ocp/interconnect@48000000/segment@300000/target-module@e000/lcdc@0: Fixed dependency cycle(s) with /ocp/interconnect@44c00000/segment@200000/target-module@b000/i2c@0/tda19988@70
[    0.636317] /ocp/interconnect@44c00000/segment@200000/target-module@b000/i2c@0/tda19988@70: Fixed dependency cycle(s) with /ocp/interconnect@48000000/segment@300000/target-module@e000/lcdc@0
[    0.636477] /ocp/interconnect@48000000/segment@300000/target-module@e000/lcdc@0: Fixed dependency cycle(s) with /ocp/interconnect@44c00000/segment@200000/target-module@b000/i2c@0/tda19988@70
[    0.640504] OF: /ocp/interconnect@4a000000: Read of boolean property 'clocks' with a value.
[    0.645951] mdio_bus 4a101000.mdio: using DT '/ocp/interconnect@4a000000/segment@0/target-module@100000/switch@0/mdio@1000' for 'reset' GPIO lookup
[    0.646022] of_get_named_gpiod_flags: can't parse 'reset-gpios' property of node '/ocp/interconnect@4a000000/segment@0/target-module@100000/switch@0/mdio@1000[0]'
[    0.646067] of_get_named_gpiod_flags: can't parse 'reset-gpio' property of node '/ocp/interconnect@4a000000/segment@0/target-module@100000/switch@0/mdio@1000[0]'
[    0.646113] mdio_bus 4a101000.mdio: using lookup tables for GPIO lookup
[    0.646123] mdio_bus 4a101000.mdio: No GPIO consumer reset found
[    0.647344] sdhci-omap 481d8000.mmc: using DT '/ocp/interconnect@48000000/segment@100000/target-module@d8000/mmc@0' for 'wp' GPIO lookup
[    0.647407] of_get_named_gpiod_flags: can't parse 'wp-gpios' property of node '/ocp/interconnect@48000000/segment@100000/target-module@d8000/mmc@0[0]'
[    0.647452] of_get_named_gpiod_flags: can't parse 'wp-gpio' property of node '/ocp/interconnect@48000000/segment@100000/target-module@d8000/mmc@0[0]'
[    0.647485] sdhci-omap 481d8000.mmc: using lookup tables for GPIO lookup
[    0.647494] sdhci-omap 481d8000.mmc: No GPIO consumer wp found
[    0.647690] sdhci-omap 481d8000.mmc: supply pbias not found, using dummy regulator
[    0.648177] sdhci-omap 481d8000.mmc: supply vqmmc not found, using dummy regulator
[    0.696585] davinci_mdio 4a101000.mdio: davinci mdio revision 1.6, bus freq 1000000
[    0.725479] mdio_bus 4a101000.mdio:00: using DT '/ocp/interconnect@4a000000/segment@0/target-module@100000/switch@0/mdio@1000/ethernet-phy@0' for 'reset' GPIO lookup
[    0.725582] of_get_named_gpiod_flags: parsed 'reset-gpios' property of node '/ocp/interconnect@4a000000/segment@0/target-module@100000/switch@0/mdio@1000/ethernet-phy@0[0]' - status (0)
[    0.725740] gpio gpiochip0: Persistence not supported for GPIO 8
[    0.857561] davinci_mdio 4a101000.mdio: phy[0]: device 4a101000.mdio:00, driver SMSC LAN8710/LAN8720
[    0.858354] cpsw-switch 4a100000.switch: initialized cpsw ale version 1.4
[    0.858376] cpsw-switch 4a100000.switch: ALE Table size 1024, Policers 0
[    0.858689] cpsw-switch 4a100000.switch: cpts: overflow check period 500 (jiffies)
[    0.858711] cpsw-switch 4a100000.switch: CPTS: ref_clk_freq:250000000 calc_mult:2147483648 calc_shift:29 error:0 nsec/sec
[    0.858818] cpsw-switch 4a100000.switch: Detected MACID = 6c:ec:eb:68:de:78
[    0.860572] cpsw-switch 4a100000.switch: initialized (regs 0x4a100000, pool size 256) hw_ver:0019010C 1.12 (0)
[    0.871630] debugfs: Directory '49000000.dma' with parent 'dmaengine' already present!
[    0.871672] edma 49000000.dma: TI EDMA DMA engine driver
[    0.909681] target-module@4b000000:target-module@140000:pmu@0:fck: device ID is greater than 24
[    0.922259] hw perfevents: enabled with armv7_cortex_a8 PMU driver, 5 (8000000f) counters available
[    0.923158] gpio-clk clk_mcasp0: using DT '/clk_mcasp0' for 'enable' GPIO lookup
[    0.923226] of_get_named_gpiod_flags: parsed 'enable-gpios' property of node '/clk_mcasp0[0]' - status (0)
[    0.923270] gpio gpiochip0: Persistence not supported for GPIO 27
[    0.924070] gpiochip_find_base_unlocked: found new base at 608
[    0.924175] gpio gpiochip3: (gpio-96-127): created GPIO range 0->7 ==> 44e10800.pinmux PIN 82->89
[    0.924195] gpio gpiochip3: (gpio-96-127): created GPIO range 8->11 ==> 44e10800.pinmux PIN 52->55
[    0.924210] gpio gpiochip3: (gpio-96-127): created GPIO range 12->15 ==> 44e10800.pinmux PIN 94->97
[    0.924226] gpio gpiochip3: (gpio-96-127): created GPIO range 16->17 ==> 44e10800.pinmux PIN 71->72
[    0.924241] gpio gpiochip3: (gpio-96-127): created GPIO range 18->18 ==> 44e10800.pinmux PIN 135->135
[    0.924257] gpio gpiochip3: (gpio-96-127): created GPIO range 19->20 ==> 44e10800.pinmux PIN 108->109
[    0.924273] gpio gpiochip3: (gpio-96-127): created GPIO range 21->21 ==> 44e10800.pinmux PIN 73->73
[    0.924290] gpio gpiochip3: (gpio-96-127): created GPIO range 22->23 ==> 44e10800.pinmux PIN 8->9
[    0.924306] gpio gpiochip3: (gpio-96-127): created GPIO range 26->27 ==> 44e10800.pinmux PIN 10->11
[    0.924324] gpio gpiochip3: (gpio-96-127): created GPIO range 28->28 ==> 44e10800.pinmux PIN 74->74
[    0.924342] gpio gpiochip3: (gpio-96-127): created GPIO range 29->29 ==> 44e10800.pinmux PIN 81->81
[    0.924361] gpio gpiochip3: (gpio-96-127): created GPIO range 30->31 ==> 44e10800.pinmux PIN 28->29
[    0.929920] l3-aon-clkctrl:0000:0: failed to disable
[    0.930215] gpio gpiochip3: (gpio-96-127): added GPIO chardev (254:3)
[    0.930354] gpio gpiochip3: registered GPIOs 608 to 639 on gpio-96-127
[    0.932549] omap8250 44e09000.serial: using DT '/ocp/interconnect@44c00000/segment@200000/target-module@9000/serial@0' for 'rs485-term' GPIO lookup
[    0.932620] of_get_named_gpiod_flags: can't parse 'rs485-term-gpios' property of node '/ocp/interconnect@44c00000/segment@200000/target-module@9000/serial@0[0]'
[    0.932664] of_get_named_gpiod_flags: can't parse 'rs485-term-gpio' property of node '/ocp/interconnect@44c00000/segment@200000/target-module@9000/serial@0[0]'
[    0.932698] omap8250 44e09000.serial: using lookup tables for GPIO lookup
[    0.932707] omap8250 44e09000.serial: No GPIO consumer rs485-term found
[    0.932718] omap8250 44e09000.serial: using DT '/ocp/interconnect@44c00000/segment@200000/target-module@9000/serial@0' for 'rs485-rx-during-tx' GPIO lookup
[    0.932752] of_get_named_gpiod_flags: can't parse 'rs485-rx-during-tx-gpios' property of node '/ocp/interconnect@44c00000/segment@200000/target-module@9000/serial@0[0]'
[    0.932789] of_get_named_gpiod_flags: can't parse 'rs485-rx-during-tx-gpio' property of node '/ocp/interconnect@44c00000/segment@200000/target-module@9000/serial@0[0]'
[    0.932819] omap8250 44e09000.serial: using lookup tables for GPIO lookup
[    0.932827] omap8250 44e09000.serial: No GPIO consumer rs485-rx-during-tx found
[    0.933226] 44e09000.serial: ttyS0 at MMIO 0x44e09000 (irq = 34, base_baud = 3000000) is a 8250
[    0.933318] printk: legacy console [ttyS0] enabled
[    2.462804] i2c i2c-0: using DT '/ocp/interconnect@44c00000/segment@200000/target-module@b000/i2c@0' for 'scl' GPIO lookup
[    2.462895] of_get_named_gpiod_flags: can't parse 'scl-gpios' property of node '/ocp/interconnect@44c00000/segment@200000/target-module@b000/i2c@0[0]'
[    2.462943] of_get_named_gpiod_flags: can't parse 'scl-gpio' property of node '/ocp/interconnect@44c00000/segment@200000/target-module@b000/i2c@0[0]'
[    2.462981] i2c i2c-0: using lookup tables for GPIO lookup
[    2.462995] i2c i2c-0: No GPIO consumer scl found
[    2.463020] i2c i2c-0: using DT '/ocp/interconnect@44c00000/segment@200000/target-module@b000/i2c@0' for 'sda' GPIO lookup
[    2.463058] of_get_named_gpiod_flags: can't parse 'sda-gpios' property of node '/ocp/interconnect@44c00000/segment@200000/target-module@b000/i2c@0[0]'
[    2.463099] of_get_named_gpiod_flags: can't parse 'sda-gpio' property of node '/ocp/interconnect@44c00000/segment@200000/target-module@b000/i2c@0[0]'
[    2.463133] i2c i2c-0: using lookup tables for GPIO lookup
[    2.463145] i2c i2c-0: No GPIO consumer sda found
[    2.482118] tps65217-pmic: Failed to locate of_node [id: -1]
[    2.488167] tps65217-bl: Failed to locate of_node [id: -1]
[    2.499494] tps65217 0-0024: TPS65217 ID 0xe version 1.2
[    2.505622] /ocp/interconnect@48000000/segment@300000/target-module@e000/lcdc@0: Fixed dependency cycle(s) with /ocp/interconnect@44c00000/segment@200000/target-module@b000/i2c@0/tda19988@70
[    2.522998] /ocp/interconnect@44c00000/segment@200000/target-module@b000/i2c@0/tda19988@70: Fixed dependency cycle(s) with /ocp/interconnect@48000000/segment@300000/target-module@e000/lcdc@0
[    2.540362] omap_i2c 44e0b000.i2c: bus 0 rev0.11 at 400 kHz
[    2.548165] sdhci-omap 48060000.mmc: using DT '/ocp/interconnect@48000000/segment@0/target-module@60000/mmc@0' for 'cd' GPIO lookup
[    2.548271] of_get_named_gpiod_flags: parsed 'cd-gpios' property of node '/ocp/interconnect@48000000/segment@0/target-module@60000/mmc@0[0]' - status (0)
[    2.548338] gpio gpiochip3: Persistence not supported for GPIO 6
[    2.548362] omap_gpio 44e07000.gpio: Could not set line 6 debounce to 200000 microseconds (-22)
[    2.557245] sdhci-omap 48060000.mmc: Got CD GPIO
[    2.561924] sdhci-omap 48060000.mmc: using DT '/ocp/interconnect@48000000/segment@0/target-module@60000/mmc@0' for 'wp' GPIO lookup
[    2.561972] of_get_named_gpiod_flags: can't parse 'wp-gpios' property of node '/ocp/interconnect@48000000/segment@0/target-module@60000/mmc@0[0]'
[    2.562017] of_get_named_gpiod_flags: can't parse 'wp-gpio' property of node '/ocp/interconnect@48000000/segment@0/target-module@60000/mmc@0[0]'
[    2.562054] sdhci-omap 48060000.mmc: using lookup tables for GPIO lookup
[    2.562069] sdhci-omap 48060000.mmc: No GPIO consumer wp found
[    2.562278] sdhci-omap 48060000.mmc: supply pbias not found, using dummy regulator
[    2.570937] sdhci-omap 481d8000.mmc: using DT '/ocp/interconnect@48000000/segment@100000/target-module@d8000/mmc@0' for 'wp' GPIO lookup
[    2.571008] of_get_named_gpiod_flags: can't parse 'wp-gpios' property of node '/ocp/interconnect@48000000/segment@100000/target-module@d8000/mmc@0[0]'
[    2.571056] of_get_named_gpiod_flags: can't parse 'wp-gpio' property of node '/ocp/interconnect@48000000/segment@100000/target-module@d8000/mmc@0[0]'
[    2.571095] sdhci-omap 481d8000.mmc: using lookup tables for GPIO lookup
[    2.571108] sdhci-omap 481d8000.mmc: No GPIO consumer wp found
[    2.572198] sdhci-omap 48060000.mmc: supply vqmmc not found, using dummy regulator
[    2.580808] sdhci-omap 481d8000.mmc: supply pbias not found, using dummy regulator
[    2.589452] sdhci-omap 481d8000.mmc: supply vqmmc not found, using dummy regulator
[    2.626979] mmc1: SDHCI controller on 481d8000.mmc [481d8000.mmc] using External DMA
[    2.636030] mmc0: SDHCI controller on 48060000.mmc [48060000.mmc] using External DMA
[    2.644954] cpsw-switch 4a100000.switch: starting ndev. mode: dual_mac
[    2.690456] mmc0: new high speed SDHC card at address 5048
[    2.697596] mmcblk0: mmc0:5048 SD16G 14.4 GiB
[    2.705648]  mmcblk0: p1 p2
[    2.709023] mmcblk0: p2 size 31221760 extends beyond EOD, truncated
[    2.722461] SMSC LAN8710/LAN8720 4a101000.mdio:00: attached PHY driver (mii_bus:phy_addr=4a101000.mdio:00, irq=POLL)
[    2.739430] mmc1: new high speed MMC card at address 0001
[    2.746400] mmcblk1: mmc1:0001 MMC04G 3.60 GiB
[    2.753850]  mmcblk1: p1 p2
[    2.758050] mmcblk1boot0: mmc1:0001 MMC04G 2.00 MiB
[    2.765326] mmcblk1boot1: mmc1:0001 MMC04G 2.00 MiB
[    2.772861] mmcblk1rpmb: mmc1:0001 MMC04G 128 KiB, chardev (250:0)
[    5.921920] cpsw-switch 4a100000.switch eth0: Link is Up - 100Mbps/Full - flow control off
[    5.951178] IP-Config: Complete:
[    5.954449]      device=eth0, hwaddr=6c:ec:eb:68:de:78, ipaddr=192.168.255.1, mask=255.255.255.0, gw=255.255.255.255
[    5.965090]      host=bbb1, domain=, nis-domain=(none)
[    5.970259]      bootserver=192.168.255.126, rootserver=192.168.255.126, rootpath=
[    5.970667] clk: Disabling unused clocks
[    5.982540] PM: genpd: Disabling unused power domains
[    5.987657] KTAP version 1
[    5.990379] 1..0
[    6.015565] VFS: Mounted root (nfs filesystem) on device 0:17.
[    6.022715] devtmpfs: mounted
[    6.027170] Freeing unused kernel image (initmem) memory: 1024K
[    6.034002] Run /sbin/init as init process
[    6.038135]   with arguments:
[    6.038148]     /sbin/init
[    6.038157]     nfsrootdebug
[    6.038166]   with environment:
[    6.038175]     HOME=/
[    6.038183]     TERM=linux
[    6.731705] systemd[1]: System time before build time, advancing clock.
[    8.221170] random: crng init done
[    8.261995] systemd[1]: systemd 232 running in system mode. (+PAM +AUDIT +SELINUX +IMA +APPARMOR +SMACK +SYSVINIT +UTMP +LIBCRYPTSETUP +GCRYPT +GNUTLS +ACL +XZ +LZ4 +SECCOMP +BLKID +ELFUTILS +KMOD +IDN)
[    8.280979] systemd[1]: Detected architecture arm.
[    8.314342] systemd[1]: Set hostname to <arm>.
[    9.423338] systemd[1]: Created slice User and Session Slice.
[    9.443056] systemd[1]: Set up automount Arbitrary Executable File Formats File System Automount Point.
[    9.473289] systemd[1]: Listening on udev Control Socket.
[    9.503062] systemd[1]: Listening on Syslog Socket.
[    9.532107] systemd[1]: Started Dispatch Password Requests to Console Directory Watch.
[    9.561550] systemd[1]: Reached target Swap.
[    9.581747] systemd[1]: Listening on udev Kernel Socket.
[   11.938329] systemd-journald[84]: Received request to flush runtime journal from PID 1
[   14.348639] leds-gpio leds: using DT '/leds/led2' for '(default)' GPIO lookup
[   14.348748] of_get_named_gpiod_flags: parsed 'gpios' property of node '/leds/led2[0]' - status (0)
[   14.348804] gpio gpiochip0: Persistence not supported for GPIO 21
[   14.348820] gpio-533 (?): no flags found for GPIO (default)
[   14.410232] leds-gpio leds: using DT '/leds/led3' for '(default)' GPIO lookup
[   14.410513] of_get_named_gpiod_flags: parsed 'gpios' property of node '/leds/led3[0]' - status (0)
[   14.410580] gpio gpiochip0: Persistence not supported for GPIO 22
[   14.410597] gpio-534 (?): no flags found for GPIO (default)
[   14.451754] leds-gpio leds: using DT '/leds/led4' for '(default)' GPIO lookup
[   14.451850] of_get_named_gpiod_flags: parsed 'gpios' property of node '/leds/led4[0]' - status (0)
[   14.451902] gpio gpiochip0: Persistence not supported for GPIO 23
[   14.451917] gpio-535 (?): no flags found for GPIO (default)
[   14.512682] leds-gpio leds: using DT '/leds/led5' for '(default)' GPIO lookup
[   14.512895] of_get_named_gpiod_flags: parsed 'gpios' property of node '/leds/led5[0]' - status (0)
[   14.512956] gpio gpiochip0: Persistence not supported for GPIO 24
[   14.512971] gpio-536 (?): no flags found for GPIO (default)
[   14.842035] remoteproc remoteproc0: wkup_m3 is available
[   14.967728] at24 2-0054: supply vcc not found, using dummy regulator
[   15.116379] at24 2-0055: supply vcc not found, using dummy regulator
[   15.208098] at24 2-0056: supply vcc not found, using dummy regulator
[   15.338144] at24 2-0057: supply vcc not found, using dummy regulator
[   15.389682] tps6521x_pwrbutton tps65217-pwrbutton: DMA mask not set
[   15.497639] input: tps65217_pwrbutton as /devices/platform/ocp/44c00000.interconnect/44c00000.interconnect:segment@200000/44e0b000.target-module/44e0b000.i2c/i2c-0/0-0024/tps65217-pwrbutton/input/input0
[   15.522423] at24 0-0050: using DT '/ocp/interconnect@44c00000/segment@200000/target-module@b000/i2c@0/eeprom@50' for 'wp' GPIO lookup
[   15.522539] of_get_named_gpiod_flags: can't parse 'wp-gpios' property of node '/ocp/interconnect@44c00000/segment@200000/target-module@b000/i2c@0/eeprom@50[0]'
[   15.522599] of_get_named_gpiod_flags: can't parse 'wp-gpio' property of node '/ocp/interconnect@44c00000/segment@200000/target-module@b000/i2c@0/eeprom@50[0]'
[   15.522644] at24 0-0050: using lookup tables for GPIO lookup
[   15.522658] at24 0-0050: No GPIO consumer wp found
[   15.523006] at24 0-0050: 32768 byte 24c256 EEPROM, writable, 1 bytes/write
[   15.708636] wkup_m3_ipc 44e11324.wkup_m3_ipc: IPC Request for A8->M3 Channel failed! -517
[   15.812191] omap_rtc 44e3e000.rtc: registered as rtc0
[   15.817369] omap_rtc 44e3e000.rtc: setting system clock to 2000-01-01T00:00:00 UTC (946684800)
[   15.826239] omap_rtc 44e3e000.rtc: using DT '/ocp/interconnect@44c00000/segment@200000/target-module@3e000/rtc@0' for 'wp' GPIO lookup
[   15.826314] of_get_named_gpiod_flags: can't parse 'wp-gpios' property of node '/ocp/interconnect@44c00000/segment@200000/target-module@3e000/rtc@0[0]'
[   15.826364] of_get_named_gpiod_flags: can't parse 'wp-gpio' property of node '/ocp/interconnect@44c00000/segment@200000/target-module@3e000/rtc@0[0]'
[   15.826403] omap_rtc 44e3e000.rtc: using lookup tables for GPIO lookup
[   15.826417] omap_rtc 44e3e000.rtc: No GPIO consumer wp found
[   15.828042] wkup_m3_ipc 44e11324.wkup_m3_ipc: IPC Request for A8->M3 Channel failed! -517
[   15.948918] wkup_m3_ipc 44e11324.wkup_m3_ipc: IPC Request for A8->M3 Channel failed! -517
[   15.981921] omap_wdt: OMAP Watchdog Timer Rev 0x01: initial timeout 60 sec
[   16.089132] wkup_m3_ipc 44e11324.wkup_m3_ipc: IPC Request for A8->M3 Channel failed! -517
[   16.204184] am335x-phy-driver 47401300.usb-phy: using DT '/ocp/target-module@47400000/usb-phy@1300' for 'reset' GPIO lookup
[   16.204278] of_get_named_gpiod_flags: can't parse 'reset-gpios' property of node '/ocp/target-module@47400000/usb-phy@1300[0]'
[   16.204324] of_get_named_gpiod_flags: can't parse 'reset-gpio' property of node '/ocp/target-module@47400000/usb-phy@1300[0]'
[   16.204361] am335x-phy-driver 47401300.usb-phy: using lookup tables for GPIO lookup
[   16.204375] am335x-phy-driver 47401300.usb-phy: No GPIO consumer reset found
[   16.204390] am335x-phy-driver 47401300.usb-phy: using DT '/ocp/target-module@47400000/usb-phy@1300' for 'vbus-detect' GPIO lookup
[   16.204420] of_get_named_gpiod_flags: can't parse 'vbus-detect-gpios' property of node '/ocp/target-module@47400000/usb-phy@1300[0]'
[   16.204452] of_get_named_gpiod_flags: can't parse 'vbus-detect-gpio' property of node '/ocp/target-module@47400000/usb-phy@1300[0]'
[   16.204478] am335x-phy-driver 47401300.usb-phy: using lookup tables for GPIO lookup
[   16.204490] am335x-phy-driver 47401300.usb-phy: No GPIO consumer vbus-detect found
[   16.204638] am335x-phy-driver 47401300.usb-phy: dummy supplies not allowed for exclusive requests (id=vbus)
[   16.425401] am335x-phy-driver 47401b00.usb-phy: using DT '/ocp/target-module@47400000/usb-phy@1b00' for 'reset' GPIO lookup
[   16.425543] of_get_named_gpiod_flags: can't parse 'reset-gpios' property of node '/ocp/target-module@47400000/usb-phy@1b00[0]'
[   16.425590] of_get_named_gpiod_flags: can't parse 'reset-gpio' property of node '/ocp/target-module@47400000/usb-phy@1b00[0]'
[   16.425675] am335x-phy-driver 47401b00.usb-phy: using lookup tables for GPIO lookup
[   16.425691] am335x-phy-driver 47401b00.usb-phy: No GPIO consumer reset found
[   16.425707] am335x-phy-driver 47401b00.usb-phy: using DT '/ocp/target-module@47400000/usb-phy@1b00' for 'vbus-detect' GPIO lookup
[   16.425777] of_get_named_gpiod_flags: can't parse 'vbus-detect-gpios' property of node '/ocp/target-module@47400000/usb-phy@1b00[0]'
[   16.425813] of_get_named_gpiod_flags: can't parse 'vbus-detect-gpio' property of node '/ocp/target-module@47400000/usb-phy@1b00[0]'
[   16.425874] am335x-phy-driver 47401b00.usb-phy: using lookup tables for GPIO lookup
[   16.425887] am335x-phy-driver 47401b00.usb-phy: No GPIO consumer vbus-detect found
[   16.426123] am335x-phy-driver 47401b00.usb-phy: dummy supplies not allowed for exclusive requests (id=vbus)
[   16.437683] wkup_m3_ipc 44e11324.wkup_m3_ipc: IPC Request for A8->M3 Channel failed! -517
[   16.563143] wkup_m3_ipc 44e11324.wkup_m3_ipc: IPC Request for A8->M3 Channel failed! -517
[   16.590237] usbcore: registered new interface driver usbfs
[   16.596156] usbcore: registered new interface driver hub
[   16.601767] usbcore: registered new device driver usb
[   16.911286] tda998x 0-0070: found TDA19988
[   17.018680] wkup_m3_ipc 44e11324.wkup_m3_ipc: IPC Request for A8->M3 Channel failed! -517
[   17.228834] wkup_m3_ipc 44e11324.wkup_m3_ipc: IPC Request for A8->M3 Channel failed! -517
[   17.318844] musb-hdrc musb-hdrc.1: MUSB HDRC host driver
[   17.324500] musb-hdrc musb-hdrc.1: new USB bus registered, assigned bus number 1
[   17.352336] wkup_m3_ipc 44e11324.wkup_m3_ipc: IPC Request for A8->M3 Channel failed! -517
[   17.625694] usb usb1: New USB device found, idVendor=1d6b, idProduct=0002, bcdDevice= 6.14
[   17.634357] usb usb1: New USB device strings: Mfr=3, Product=2, SerialNumber=1
[   17.641716] usb usb1: Product: MUSB HDRC host driver
[   17.646711] usb usb1: Manufacturer: Linux 6.14.0-rc1-next-20250204 musb-hcd
[   17.653745] usb usb1: SerialNumber: musb-hdrc.1
[   17.719147] omap-mailbox 480c8000.mailbox: omap mailbox rev 0x400
[   17.816032] remoteproc remoteproc0: powering up wkup_m3
[   18.048613] remoteproc remoteproc0: Direct firmware load for am335x-pm-firmware.elf failed with error -2
[   18.058940] remoteproc remoteproc0: request_firmware failed: -2
[   18.065034] wkup_m3_ipc 44e11324.wkup_m3_ipc: rproc_boot failed
[   18.140580] hub 1-0:1.0: USB hub found
[   18.215759] hub 1-0:1.0: 1 port detected
[   20.615723] omap_rng 48310000.rng: Random Number Generator ver. 20
[   20.852489] tilcdc 4830e000.lcdc: bound 0-0070 (ops tda998x_audio_codec_init [tda998x])
[   20.948543] [drm] Initialized tilcdc 1.0.0 for 4830e000.lcdc on minor 0
[   21.034953] tilcdc 4830e000.lcdc: [drm] Cannot find any crtc or sizes
[   21.047742] tilcdc 4830e000.lcdc: [drm] Cannot find any crtc or sizes
[   21.754103] PM: Cannot get wkup_m3_ipc handle
[   21.816267] omap-sham 53100000.sham: hw accel on OMAP rev 4.3
[   21.922549] omap-sham 53100000.sham: will run requests pump with realtime priority
[   21.945948] PM: Cannot get wkup_m3_ipc handle
[   21.958643] omap-aes 53500000.aes: OMAP AES hw accel rev: 3.2
[   22.068702] omap-aes 53500000.aes: will run requests pump with realtime priority
[   22.082392] PM: Cannot get wkup_m3_ipc handle
[   24.275075] Bluetooth: Core ver 2.22
[   24.278928] NET: Registered PF_BLUETOOTH protocol family
[   24.284476] Bluetooth: HCI device and connection manager initialized
[   24.290993] Bluetooth: HCI socket layer initialized
[   24.295967] Bluetooth: L2CAP socket layer initialized
[   24.301087] Bluetooth: SCO socket layer initialized
[   25.497450] PM: Cannot get wkup_m3_ipc handle
[   25.502911] OF: /sound: Read of boolean property 'simple-audio-card,bitclock-master' with a value.
[   25.512279] OF: /sound: Read of boolean property 'simple-audio-card,frame-master' with a value.
[   25.521526] asoc-simple-card sound: using DT '/sound' for 'simple-audio-card,hp-det' GPIO lookup
[   25.521580] of_get_named_gpiod_flags: can't parse 'simple-audio-card,hp-det-gpios' property of node '/sound[0]'
[   25.521611] of_get_named_gpiod_flags: can't parse 'simple-audio-card,hp-det-gpio' property of node '/sound[0]'
[   25.521635] asoc-simple-card sound: using lookup tables for GPIO lookup
[   25.521649] asoc-simple-card sound: No GPIO consumer simple-audio-card,hp-det found
[   25.521664] asoc-simple-card sound: using DT '/sound' for 'simple-audio-card,mic-det' GPIO lookup
[   25.521688] of_get_named_gpiod_flags: can't parse 'simple-audio-card,mic-det-gpios' property of node '/sound[0]'
[   25.521713] of_get_named_gpiod_flags: can't parse 'simple-audio-card,mic-det-gpio' property of node '/sound[0]'
[   25.521732] asoc-simple-card sound: using lookup tables for GPIO lookup
[   25.521743] asoc-simple-card sound: No GPIO consumer simple-audio-card,mic-det found
[   25.777883] PM: Cannot get wkup_m3_ipc handle
[   27.886696] userial_init: registered 8 ttyGS* devices
[   28.125468] rndis_register: configNr = 0
[   28.240055] udc musb-hdrc.0: binding gadget driver [g_multi]
[   28.240152] configfs-gadget.g_multi gadget.0: adding 'rndis'/fe0ad283 to config 'c'/317b4de9
[   28.241615] configfs-gadget.g_multi gadget.0: HOST MAC 1c:ba:8c:a2:ed:6c
[   28.248398] configfs-gadget.g_multi gadget.0: MAC 1c:ba:8c:a2:ed:70
[   28.254838] rndis_set_param_medium: 0 0
[   28.254861] configfs-gadget.g_multi gadget.0: RNDIS: IN/ep1in OUT/ep1out NOTIFY/ep2in
[   28.254879] configfs-gadget.g_multi gadget.0: adding 'cdc_ethernet'/43069684 to config 'c'/317b4de9
[   28.255754] configfs-gadget.g_multi gadget.0: HOST MAC 1c:ba:8c:a2:ed:6c
[   28.262606] configfs-gadget.g_multi gadget.0: MAC 1c:ba:8c:a2:ed:6d
[   28.268936] configfs-gadget.g_multi gadget.0: CDC Ethernet: IN/ep3in OUT/ep2out NOTIFY/ep4in
[   28.268955] configfs-gadget.g_multi gadget.0: adding 'acm'/cbb66adb to config 'c'/317b4de9
[   28.268991] configfs-gadget.g_multi gadget.0: acm ttyGS0: IN/ep5in OUT/ep3out NOTIFY/ep6in
[   28.285842] PM: Cannot get wkup_m3_ipc handle
[   29.661010] configfs-gadget.g_multi gadget.0: eth_open
[   31.211519] configfs-gadget.g_multi gadget.0: stop stats: rx/tx 0/0, errs 0/0
[   35.017477] gs_open: ttyGS0 (fde0bfa4,8ccf70fd)
[   35.017632] gs_close: ttyGS0 (fde0bfa4,8ccf70fd) ...
[   35.017653] gs_close: ttyGS0 (fde0bfa4,8ccf70fd) done!
[   35.030492] gs_open: ttyGS0 (fde0bfa4,8ccf70fd)
[   35.030603] gs_close: ttyGS0 (fde0bfa4,8ccf70fd) ...
[   35.030623] gs_close: ttyGS0 (fde0bfa4,8ccf70fd) done!
[   35.207636] gs_open: ttyGS0 (7a9939c2,00f82cc7)
[   35.208149] gs_close: ttyGS0 (7a9939c2,00f82cc7) ...
[   35.208193] gs_close: ttyGS0 (7a9939c2,00f82cc7) done!
[   35.208702] gs_open: ttyGS0 (7a9939c2,00f82cc7)
FPZGZUEUZW 0
root@arm:~# echo 'GVGF''FTFKQF'
GVGFFTFKQF
root@arm:~# MARKER='AMKV''EJFWHT' run 'modprobe test_linear_ranges'
AMKVEJFWHTAMKVEJFWHT 0
root@arm:~# echo 'UYYG''JJELZV'
UYYGJJELZV
root@arm:~# MARKER='NPYU''HVWXET' run dmesg
NPYUHVWXET[    0.000000] Booting Linux on physical CPU 0x0
[    0.000000] Linux version 6.14.0-rc1-next-20250204 (user01@drvtest01) (arm-none-eabi-gcc (Arm GNU Toolchain 14.2.Rel1 (Build arm-14.52)) 14.2.1 20241119, GNU ld (Arm GNU Toolchain 14.2.Rel1 (Build arm-14.52)) 2.43.1.20241119) #1 SMP Tue Feb  4 06:45:09 EET 2025
[    0.000000] CPU: ARMv7 Processor [413fc082] revision 2 (ARMv7), cr=10c5387d
[    0.000000] CPU: PIPT / VIPT nonaliasing data cache, VIPT aliasing instruction cache
[    0.000000] OF: fdt: Machine model: TI AM335x BeagleBone Black
[    0.000000] Memory policy: Data cache writeback
[    0.000000] cma: Reserved 16 MiB at 0x9e800000 on node -1
[    0.000000] Zone ranges:
[    0.000000]   Normal   [mem 0x0000000080000000-0x000000009fdfffff]
[    0.000000]   HighMem  empty
[    0.000000] Movable zone start for each node
[    0.000000] Early memory node ranges
[    0.000000]   node   0: [mem 0x0000000080000000-0x000000009fdfffff]
[    0.000000] Initmem setup node 0 [mem 0x0000000080000000-0x000000009fdfffff]
[    0.000000] OF: reserved mem: Reserved memory: No reserved-memory node in the DT
[    0.000000] CPU: All CPU(s) started in SVC mode.
[    0.000000] AM335X ES2.1 (sgx neon)
[    0.000000] percpu: Embedded 17 pages/cpu s39372 r8192 d22068 u69632
[    0.000000] pcpu-alloc: s39372 r8192 d22068 u69632 alloc=17*4096
[    0.000000] pcpu-alloc: [0] 0 
[    0.000000] Kernel command line: console=ttyO0,115200n8 root=/dev/nfs rw nfsroot=192.168.255.126:/home/user01/nfs,nfsvers=3 ip=192.168.255.1:192.168.255.126::255.255.255.0:bbb1:eth0 nfsrootdebug
[    0.000000] Unknown kernel command line parameters "nfsrootdebug", will be passed to user space.
[    0.000000] printk: log buffer data + meta data: 65536 + 204800 = 270336 bytes
[    0.000000] Dentry cache hash table entries: 65536 (order: 6, 262144 bytes, linear)
[    0.000000] Inode-cache hash table entries: 32768 (order: 5, 131072 bytes, linear)
[    0.000000] Built 1 zonelists, mobility grouping on.  Total pages: 130560
[    0.000000] mem auto-init: stack:off, heap alloc:off, heap free:off
[    0.000000] SLUB: HWalign=16, Order=0-3, MinObjects=0, CPUs=1, Nodes=1
[    0.000000] rcu: Hierarchical RCU implementation.
[    0.000000] rcu: 	RCU event tracing is enabled.
[    0.000000] rcu: 	RCU restricting CPUs from NR_CPUS=2 to nr_cpu_ids=1.
[    0.000000] 	Tracing variant of Tasks RCU enabled.
[    0.000000] rcu: RCU calculated value of scheduler-enlistment delay is 10 jiffies.
[    0.000000] rcu: Adjusting geometry for rcu_fanout_leaf=16, nr_cpu_ids=1
[    0.000000] RCU Tasks Trace: Setting shift to 0 and lim to 1 rcu_task_cb_adjust=1 rcu_task_cpu_ids=1.
[    0.000000] NR_IRQS: 16, nr_irqs: 16, preallocated irqs: 16
[    0.000000] IRQ: Found an INTC at 0x(ptrval) (revision 5.0) with 128 interrupts
[    0.000000] rcu: srcu_init: Setting srcu_struct sizes based on contention.
[    0.000000] TI gptimer clocksource: always-on /ocp/interconnect@44c00000/segment@200000/target-module@31000
[    0.000004] sched_clock: 32 bits at 24MHz, resolution 41ns, wraps every 89478484971ns
[    0.000029] clocksource: dmtimer: mask: 0xffffffff max_cycles: 0xffffffff, max_idle_ns: 79635851949 ns
[    0.000500] TI gptimer clockevent: 24000000 Hz at /ocp/interconnect@48000000/segment@0/target-module@40000
[    0.002116] Console: colour dummy device 80x30
[    0.002179] WARNING: Your 'console=ttyO0' has been replaced by 'ttyS0'
[    0.002186] This ensures that you still see kernel messages. Please
[    0.002191] update your kernel commandline.
[    0.002232] Calibrating delay loop... 996.14 BogoMIPS (lpj=4980736)
[    0.090545] CPU: Testing write buffer coherency: ok
[    0.090656] CPU0: Spectre v2: using BPIALL workaround
[    0.090667] pid_max: default: 32768 minimum: 301
[    0.090798] LSM: initializing lsm=capability
[    0.090969] Mount-cache hash table entries: 1024 (order: 0, 4096 bytes, linear)
[    0.090987] Mountpoint-cache hash table entries: 1024 (order: 0, 4096 bytes, linear)
[    0.092574] CPU0: thread -1, cpu 0, socket -1, mpidr 0
[    0.092631] cacheinfo: Unable to detect cache hierarchy for CPU 0
[    0.160903] Setting up static identity map for 0x80100000 - 0x80100078
[    0.170699] rcu: Hierarchical SRCU implementation.
[    0.170710] rcu: 	Max phase no-delay instances is 1000.
[    0.190746] smp: Bringing up secondary CPUs ...
[    0.190801] smp: Brought up 1 node, 1 CPU
[    0.190815] SMP: Total of 1 processors activated (996.14 BogoMIPS).
[    0.190826] CPU: All CPU(s) started in SVC mode.
[    0.190996] Memory: 480844K/522240K available (11264K kernel code, 1209K rwdata, 2892K rodata, 1024K init, 292K bss, 23380K reserved, 16384K cma-reserved, 0K highmem)
[    0.191831] devtmpfs: initialized
[    0.208298] VFP support v0.3: implementor 41 architecture 3 part 30 variant c rev 3
[    0.208650] clocksource: jiffies: mask: 0xffffffff max_cycles: 0xffffffff, max_idle_ns: 19112604462750000 ns
[    0.208684] futex hash table entries: 256 (order: 2, 16384 bytes, linear)
[    0.210012] pinctrl core: initialized pinctrl subsystem
[    0.212911] NET: Registered PF_NETLINK/PF_ROUTE protocol family
[    0.215667] DMA: preallocated 256 KiB pool for atomic coherent allocations
[    0.216556] audit: initializing netlink subsys (disabled)
[    0.217894] thermal_sys: Registered thermal governor 'fair_share'
[    0.217909] thermal_sys: Registered thermal governor 'step_wise'
[    0.217918] thermal_sys: Registered thermal governor 'user_space'
[    0.218065] audit: type=2000 audit(0.210:1): state=initialized audit_enabled=0 res=1
[    0.218101] cpuidle: using governor menu
[    0.235902] /ocp/interconnect@44c00000/segment@200000/target-module@b000/i2c@0/tda19988@70: Fixed dependency cycle(s) with /ocp/interconnect@48000000/segment@300000/target-module@e000/lcdc@0
[    0.237040] /ocp/interconnect@48000000/segment@300000/target-module@e000/lcdc@0: Fixed dependency cycle(s) with /ocp/interconnect@44c00000/segment@200000/target-module@b000/i2c@0/tda19988@70
[    0.239201] No ATAGs?
[    0.239245] hw-breakpoint: debug architecture 0x4 unsupported.
[    0.242065] kprobes: kprobe jump-optimization is enabled. All kprobes are optimized if possible.
[    0.253936] iommu: Default domain type: Translated
[    0.253958] iommu: DMA domain TLB invalidation policy: strict mode
[    0.255579] reg-fixed-voltage fixedregulator0: using DT '/fixedregulator0' for '(default)' GPIO lookup
[    0.255631] of_get_named_gpiod_flags: can't parse 'gpios' property of node '/fixedregulator0[0]'
[    0.255660] of_get_named_gpiod_flags: can't parse 'gpio' property of node '/fixedregulator0[0]'
[    0.255677] reg-fixed-voltage fixedregulator0: using lookup tables for GPIO lookup
[    0.255687] reg-fixed-voltage fixedregulator0: No GPIO consumer (default) found
[    0.261542] SCSI subsystem initialized
[    0.262012] libata version 3.00 loaded.
[    0.262369] pps_core: LinuxPPS API ver. 1 registered
[    0.262381] pps_core: Software ver. 5.3.6 - Copyright 2005-2007 Rodolfo Giometti <giometti@linux.it>
[    0.262406] PTP clock support registered
[    0.270790] vgaarb: loaded
[    0.271151] clocksource: Switched to clocksource dmtimer
[    0.271785] VFS: Disk quotas dquot_6.6.0
[    0.271841] VFS: Dquot-cache hash table entries: 1024 (order 0, 4096 bytes)
[    0.295792] NET: Registered PF_INET protocol family
[    0.296141] IP idents hash table entries: 8192 (order: 4, 65536 bytes, linear)
[    0.297577] tcp_listen_portaddr_hash hash table entries: 512 (order: 0, 4096 bytes, linear)
[    0.297611] Table-perturb hash table entries: 65536 (order: 6, 262144 bytes, linear)
[    0.297630] TCP established hash table entries: 4096 (order: 2, 16384 bytes, linear)
[    0.297673] TCP bind hash table entries: 4096 (order: 4, 65536 bytes, linear)
[    0.297772] TCP: Hash tables configured (established 4096 bind 4096)
[    0.297888] UDP hash table entries: 256 (order: 1, 14336 bytes, linear)
[    0.297924] UDP-Lite hash table entries: 256 (order: 1, 14336 bytes, linear)
[    0.298109] NET: Registered PF_UNIX/PF_LOCAL protocol family
[    0.299327] RPC: Registered named UNIX socket transport module.
[    0.299348] RPC: Registered udp transport module.
[    0.299353] RPC: Registered tcp transport module.
[    0.299358] RPC: Registered tcp-with-tls transport module.
[    0.299362] RPC: Registered tcp NFSv4.1 backchannel transport module.
[    0.299387] PCI: CLS 0 bytes, default 64
[    0.300779] Initialise system trusted keyrings
[    0.311438] workingset: timestamp_bits=14 max_order=17 bucket_order=3
[    0.312778] NFS: Registering the id_resolver key type
[    0.312852] Key type id_resolver registered
[    0.312859] Key type id_legacy registered
[    0.312905] jffs2: version 2.2. (NAND) (SUMMARY)  Â© 2001-2006 Red Hat, Inc.
[    0.313292] Key type asymmetric registered
[    0.313307] Asymmetric key parser 'x509' registered
[    0.313369] io scheduler mq-deadline registered
[    0.313379] io scheduler kyber registered
[    0.313448] io scheduler bfq registered
[    0.314991] ledtrig-cpu: registered to indicate activity on CPUs
[    0.317661] Serial: 8250/16550 driver, 6 ports, IRQ sharing enabled
[    0.366340] brd: module loaded
[    0.386032] loop: module loaded
[    0.386934] mtdoops: mtd device (mtddev=name/number) must be supplied
[    0.388609] mdio_bus fixed-0: using lookup tables for GPIO lookup
[    0.388634] mdio_bus fixed-0: No GPIO consumer reset found
[    0.389973] i2c_dev: i2c /dev entries driver
[    0.390920] cpuidle: enable-method property 'ti,am3352' found operations
[    0.391543] sdhci: Secure Digital Host Controller Interface driver
[    0.391556] sdhci: Copyright(c) Pierre Ossman
[    0.391740] sdhci-pltfm: SDHCI platform and OF driver helper
[    0.392758] Initializing XFRM netlink socket
[    0.392920] NET: Registered PF_INET6 protocol family
[    0.408240] Segment Routing with IPv6
[    0.408330] In-situ OAM (IOAM) with IPv6
[    0.408433] sit: IPv6, IPv4 and MPLS over IPv4 tunneling driver
[    0.409364] NET: Registered PF_PACKET protocol family
[    0.409401] NET: Registered PF_KEY protocol family
[    0.409524] Key type dns_resolver registered
[    0.409753] ThumbEE CPU extension supported.
[    0.409774] Registering SWP/SWPB emulation handler
[    0.410311] omap_voltage_late_init: Voltage driver support not added
[    0.410680] SmartReflex Class3 initialized
[    0.420042] Loading compiled-in X.509 certificates
[    0.470056] OF: /ocp: Read of boolean property 'clocks' with a value.
[    0.473465] /ocp/interconnect@44c00000/segment@200000/target-module@b000/i2c@0/tda19988@70: Fixed dependency cycle(s) with /ocp/interconnect@48000000/segment@300000/target-module@e000/lcdc@0
[    0.474428] OF: /ocp/interconnect@44c00000: Read of boolean property 'clocks' with a value.
[    0.479762] /ocp/interconnect@44c00000/segment@200000/target-module@b000/i2c@0/tda19988@70: Fixed dependency cycle(s) with /ocp/interconnect@48000000/segment@300000/target-module@e000/lcdc@0
[    0.485391] gpiochip_find_base_unlocked: found new base at 512
[    0.490523] /ocp/interconnect@44c00000/segment@200000/target-module@b000/i2c@0/tda19988@70: Fixed dependency cycle(s) with /ocp/interconnect@48000000/segment@300000/target-module@e000/lcdc@0
[    0.491688] /ocp/interconnect@44c00000/segment@200000/target-module@b000/i2c@0/tda19988@70: Fixed dependency cycle(s) with /ocp/interconnect@48000000/segment@300000/target-module@e000/lcdc@0
[    0.495159] /ocp/interconnect@44c00000/segment@200000/target-module@10000/scm@0/pinmux@800: Fixed dependency cycle(s) with /ocp/interconnect@44c00000/segment@200000/target-module@10000/scm@0/pinmux@800/clkout2-pins
[    0.495732] pinctrl-single 44e10800.pinmux: 142 pins, size 568
[    0.500860] ti-sysc 44e31000.target-module: probe with driver ti-sysc failed with error -16
[    0.546381] /ocp/interconnect@48000000/segment@300000/target-module@e000/lcdc@0: Fixed dependency cycle(s) with /ocp/interconnect@44c00000/segment@200000/target-module@b000/i2c@0/tda19988@70
[    0.546701] OF: /ocp/interconnect@48000000: Read of boolean property 'clocks' with a value.
[    0.554429] ti-sysc 48040000.target-module: probe with driver ti-sysc failed with error -16
[    0.565532] gpiochip_find_base_unlocked: found new base at 512
[    0.565628] gpio gpiochip0: (gpio-0-31): created GPIO range 0->7 ==> 44e10800.pinmux PIN 0->7
[    0.565657] gpio gpiochip0: (gpio-0-31): created GPIO range 8->11 ==> 44e10800.pinmux PIN 90->93
[    0.565673] gpio gpiochip0: (gpio-0-31): created GPIO range 12->27 ==> 44e10800.pinmux PIN 12->27
[    0.565688] gpio gpiochip0: (gpio-0-31): created GPIO range 28->31 ==> 44e10800.pinmux PIN 30->33
[    0.577297] gpio gpiochip0: (gpio-0-31): added GPIO chardev (254:0)
[    0.577459] gpio gpiochip0: registered GPIOs 512 to 543 on gpio-0-31
[    0.577542] OMAP GPIO hardware version 0.1
[    0.603005] i2c i2c-2: using DT '/ocp/interconnect@48000000/segment@100000/target-module@9c000/i2c@0' for 'scl' GPIO lookup
[    0.603078] of_get_named_gpiod_flags: can't parse 'scl-gpios' property of node '/ocp/interconnect@48000000/segment@100000/target-module@9c000/i2c@0[0]'
[    0.603119] of_get_named_gpiod_flags: can't parse 'scl-gpio' property of node '/ocp/interconnect@48000000/segment@100000/target-module@9c000/i2c@0[0]'
[    0.603154] i2c i2c-2: using lookup tables for GPIO lookup
[    0.603162] i2c i2c-2: No GPIO consumer scl found
[    0.603184] i2c i2c-2: using DT '/ocp/interconnect@48000000/segment@100000/target-module@9c000/i2c@0' for 'sda' GPIO lookup
[    0.603218] of_get_named_gpiod_flags: can't parse 'sda-gpios' property of node '/ocp/interconnect@48000000/segment@100000/target-module@9c000/i2c@0[0]'
[    0.603254] of_get_named_gpiod_flags: can't parse 'sda-gpio' property of node '/ocp/interconnect@48000000/segment@100000/target-module@9c000/i2c@0[0]'
[    0.603284] i2c i2c-2: using lookup tables for GPIO lookup
[    0.603291] i2c i2c-2: No GPIO consumer sda found
[    0.604022] omap_i2c 4819c000.i2c: bus 2 rev0.11 at 100 kHz
[    0.609331] gpiochip_find_base_unlocked: found new base at 544
[    0.609433] gpio gpiochip1: (gpio-32-63): created GPIO range 0->17 ==> 44e10800.pinmux PIN 34->51
[    0.609458] gpio gpiochip1: (gpio-32-63): created GPIO range 18->21 ==> 44e10800.pinmux PIN 77->80
[    0.609477] gpio gpiochip1: (gpio-32-63): created GPIO range 22->31 ==> 44e10800.pinmux PIN 56->65
[    0.623005] gpio gpiochip1: (gpio-32-63): added GPIO chardev (254:1)
[    0.623173] gpio gpiochip1: registered GPIOs 544 to 575 on gpio-32-63
[    0.625426] gpiochip_find_base_unlocked: found new base at 576
[    0.625518] gpio gpiochip2: (gpio-64-95): created GPIO range 0->4 ==> 44e10800.pinmux PIN 66->70
[    0.625538] gpio gpiochip2: (gpio-64-95): created GPIO range 5->6 ==> 44e10800.pinmux PIN 98->99
[    0.625553] gpio gpiochip2: (gpio-64-95): created GPIO range 7->8 ==> 44e10800.pinmux PIN 75->76
[    0.625568] gpio gpiochip2: (gpio-64-95): created GPIO range 13->13 ==> 44e10800.pinmux PIN 141->141
[    0.625584] gpio gpiochip2: (gpio-64-95): created GPIO range 14->21 ==> 44e10800.pinmux PIN 100->107
[    0.626239] gpio gpiochip2: (gpio-64-95): added GPIO chardev (254:2)
[    0.626376] gpio gpiochip2: registered GPIOs 576 to 607 on gpio-64-95
[    0.632033] 48000000.interconnect:segment@200000:target-module@0:mpu@0:fck: device ID is greater than 24
[    0.632944] /ocp/interconnect@48000000/segment@300000/target-module@e000/lcdc@0: Fixed dependency cycle(s) with /ocp/interconnect@44c00000/segment@200000/target-module@b000/i2c@0/tda19988@70
[    0.635642] /ocp/interconnect@48000000/segment@300000/target-module@e000/lcdc@0: Fixed dependency cycle(s) with /ocp/interconnect@44c00000/segment@200000/target-module@b000/i2c@0/tda19988@70
[    0.636317] /ocp/interconnect@44c00000/segment@200000/target-module@b000/i2c@0/tda19988@70: Fixed dependency cycle(s) with /ocp/interconnect@48000000/segment@300000/target-module@e000/lcdc@0
[    0.636477] /ocp/interconnect@48000000/segment@300000/target-module@e000/lcdc@0: Fixed dependency cycle(s) with /ocp/interconnect@44c00000/segment@200000/target-module@b000/i2c@0/tda19988@70
[    0.640504] OF: /ocp/interconnect@4a000000: Read of boolean property 'clocks' with a value.
[    0.645951] mdio_bus 4a101000.mdio: using DT '/ocp/interconnect@4a000000/segment@0/target-module@100000/switch@0/mdio@1000' for 'reset' GPIO lookup
[    0.646022] of_get_named_gpiod_flags: can't parse 'reset-gpios' property of node '/ocp/interconnect@4a000000/segment@0/target-module@100000/switch@0/mdio@1000[0]'
[    0.646067] of_get_named_gpiod_flags: can't parse 'reset-gpio' property of node '/ocp/interconnect@4a000000/segment@0/target-module@100000/switch@0/mdio@1000[0]'
[    0.646113] mdio_bus 4a101000.mdio: using lookup tables for GPIO lookup
[    0.646123] mdio_bus 4a101000.mdio: No GPIO consumer reset found
[    0.647344] sdhci-omap 481d8000.mmc: using DT '/ocp/interconnect@48000000/segment@100000/target-module@d8000/mmc@0' for 'wp' GPIO lookup
[    0.647407] of_get_named_gpiod_flags: can't parse 'wp-gpios' property of node '/ocp/interconnect@48000000/segment@100000/target-module@d8000/mmc@0[0]'
[    0.647452] of_get_named_gpiod_flags: can't parse 'wp-gpio' property of node '/ocp/interconnect@48000000/segment@100000/target-module@d8000/mmc@0[0]'
[    0.647485] sdhci-omap 481d8000.mmc: using lookup tables for GPIO lookup
[    0.647494] sdhci-omap 481d8000.mmc: No GPIO consumer wp found
[    0.647690] sdhci-omap 481d8000.mmc: supply pbias not found, using dummy regulator
[    0.648177] sdhci-omap 481d8000.mmc: supply vqmmc not found, using dummy regulator
[    0.696585] davinci_mdio 4a101000.mdio: davinci mdio revision 1.6, bus freq 1000000
[    0.725479] mdio_bus 4a101000.mdio:00: using DT '/ocp/interconnect@4a000000/segment@0/target-module@100000/switch@0/mdio@1000/ethernet-phy@0' for 'reset' GPIO lookup
[    0.725582] of_get_named_gpiod_flags: parsed 'reset-gpios' property of node '/ocp/interconnect@4a000000/segment@0/target-module@100000/switch@0/mdio@1000/ethernet-phy@0[0]' - status (0)
[    0.725740] gpio gpiochip0: Persistence not supported for GPIO 8
[    0.857561] davinci_mdio 4a101000.mdio: phy[0]: device 4a101000.mdio:00, driver SMSC LAN8710/LAN8720
[    0.858354] cpsw-switch 4a100000.switch: initialized cpsw ale version 1.4
[    0.858376] cpsw-switch 4a100000.switch: ALE Table size 1024, Policers 0
[    0.858689] cpsw-switch 4a100000.switch: cpts: overflow check period 500 (jiffies)
[    0.858711] cpsw-switch 4a100000.switch: CPTS: ref_clk_freq:250000000 calc_mult:2147483648 calc_shift:29 error:0 nsec/sec
[    0.858818] cpsw-switch 4a100000.switch: Detected MACID = 6c:ec:eb:68:de:78
[    0.860572] cpsw-switch 4a100000.switch: initialized (regs 0x4a100000, pool size 256) hw_ver:0019010C 1.12 (0)
[    0.871630] debugfs: Directory '49000000.dma' with parent 'dmaengine' already present!
[    0.871672] edma 49000000.dma: TI EDMA DMA engine driver
[    0.909681] target-module@4b000000:target-module@140000:pmu@0:fck: device ID is greater than 24
[    0.922259] hw perfevents: enabled with armv7_cortex_a8 PMU driver, 5 (8000000f) counters available
[    0.923158] gpio-clk clk_mcasp0: using DT '/clk_mcasp0' for 'enable' GPIO lookup
[    0.923226] of_get_named_gpiod_flags: parsed 'enable-gpios' property of node '/clk_mcasp0[0]' - status (0)
[    0.923270] gpio gpiochip0: Persistence not supported for GPIO 27
[    0.924070] gpiochip_find_base_unlocked: found new base at 608
[    0.924175] gpio gpiochip3: (gpio-96-127): created GPIO range 0->7 ==> 44e10800.pinmux PIN 82->89
[    0.924195] gpio gpiochip3: (gpio-96-127): created GPIO range 8->11 ==> 44e10800.pinmux PIN 52->55
[    0.924210] gpio gpiochip3: (gpio-96-127): created GPIO range 12->15 ==> 44e10800.pinmux PIN 94->97
[    0.924226] gpio gpiochip3: (gpio-96-127): created GPIO range 16->17 ==> 44e10800.pinmux PIN 71->72
[    0.924241] gpio gpiochip3: (gpio-96-127): created GPIO range 18->18 ==> 44e10800.pinmux PIN 135->135
[    0.924257] gpio gpiochip3: (gpio-96-127): created GPIO range 19->20 ==> 44e10800.pinmux PIN 108->109
[    0.924273] gpio gpiochip3: (gpio-96-127): created GPIO range 21->21 ==> 44e10800.pinmux PIN 73->73
[    0.924290] gpio gpiochip3: (gpio-96-127): created GPIO range 22->23 ==> 44e10800.pinmux PIN 8->9
[    0.924306] gpio gpiochip3: (gpio-96-127): created GPIO range 26->27 ==> 44e10800.pinmux PIN 10->11
[    0.924324] gpio gpiochip3: (gpio-96-127): created GPIO range 28->28 ==> 44e10800.pinmux PIN 74->74
[    0.924342] gpio gpiochip3: (gpio-96-127): created GPIO range 29->29 ==> 44e10800.pinmux PIN 81->81
[    0.924361] gpio gpiochip3: (gpio-96-127): created GPIO range 30->31 ==> 44e10800.pinmux PIN 28->29
[    0.929920] l3-aon-clkctrl:0000:0: failed to disable
[    0.930215] gpio gpiochip3: (gpio-96-127): added GPIO chardev (254:3)
[    0.930354] gpio gpiochip3: registered GPIOs 608 to 639 on gpio-96-127
[    0.932549] omap8250 44e09000.serial: using DT '/ocp/interconnect@44c00000/segment@200000/target-module@9000/serial@0' for 'rs485-term' GPIO lookup
[    0.932620] of_get_named_gpiod_flags: can't parse 'rs485-term-gpios' property of node '/ocp/interconnect@44c00000/segment@200000/target-module@9000/serial@0[0]'
[    0.932664] of_get_named_gpiod_flags: can't parse 'rs485-term-gpio' property of node '/ocp/interconnect@44c00000/segment@200000/target-module@9000/serial@0[0]'
[    0.932698] omap8250 44e09000.serial: using lookup tables for GPIO lookup
[    0.932707] omap8250 44e09000.serial: No GPIO consumer rs485-term found
[    0.932718] omap8250 44e09000.serial: using DT '/ocp/interconnect@44c00000/segment@200000/target-module@9000/serial@0' for 'rs485-rx-during-tx' GPIO lookup
[    0.932752] of_get_named_gpiod_flags: can't parse 'rs485-rx-during-tx-gpios' property of node '/ocp/interconnect@44c00000/segment@200000/target-module@9000/serial@0[0]'
[    0.932789] of_get_named_gpiod_flags: can't parse 'rs485-rx-during-tx-gpio' property of node '/ocp/interconnect@44c00000/segment@200000/target-module@9000/serial@0[0]'
[    0.932819] omap8250 44e09000.serial: using lookup tables for GPIO lookup
[    0.932827] omap8250 44e09000.serial: No GPIO consumer rs485-rx-during-tx found
[    0.933226] 44e09000.serial: ttyS0 at MMIO 0x44e09000 (irq = 34, base_baud = 3000000) is a 8250
[    0.933318] printk: legacy console [ttyS0] enabled
[    2.462804] i2c i2c-0: using DT '/ocp/interconnect@44c00000/segment@200000/target-module@b000/i2c@0' for 'scl' GPIO lookup
[    2.462895] of_get_named_gpiod_flags: can't parse 'scl-gpios' property of node '/ocp/interconnect@44c00000/segment@200000/target-module@b000/i2c@0[0]'
[    2.462943] of_get_named_gpiod_flags: can't parse 'scl-gpio' property of node '/ocp/interconnect@44c00000/segment@200000/target-module@b000/i2c@0[0]'
[    2.462981] i2c i2c-0: using lookup tables for GPIO lookup
[    2.462995] i2c i2c-0: No GPIO consumer scl found
[    2.463020] i2c i2c-0: using DT '/ocp/interconnect@44c00000/segment@200000/target-module@b000/i2c@0' for 'sda' GPIO lookup
[    2.463058] of_get_named_gpiod_flags: can't parse 'sda-gpios' property of node '/ocp/interconnect@44c00000/segment@200000/target-module@b000/i2c@0[0]'
[    2.463099] of_get_named_gpiod_flags: can't parse 'sda-gpio' property of node '/ocp/interconnect@44c00000/segment@200000/target-module@b000/i2c@0[0]'
[    2.463133] i2c i2c-0: using lookup tables for GPIO lookup
[    2.463145] i2c i2c-0: No GPIO consumer sda found
[    2.482118] tps65217-pmic: Failed to locate of_node [id: -1]
[    2.488167] tps65217-bl: Failed to locate of_node [id: -1]
[    2.499494] tps65217 0-0024: TPS65217 ID 0xe version 1.2
[    2.505622] /ocp/interconnect@48000000/segment@300000/target-module@e000/lcdc@0: Fixed dependency cycle(s) with /ocp/interconnect@44c00000/segment@200000/target-module@b000/i2c@0/tda19988@70
[    2.522998] /ocp/interconnect@44c00000/segment@200000/target-module@b000/i2c@0/tda19988@70: Fixed dependency cycle(s) with /ocp/interconnect@48000000/segment@300000/target-module@e000/lcdc@0
[    2.540362] omap_i2c 44e0b000.i2c: bus 0 rev0.11 at 400 kHz
[    2.548165] sdhci-omap 48060000.mmc: using DT '/ocp/interconnect@48000000/segment@0/target-module@60000/mmc@0' for 'cd' GPIO lookup
[    2.548271] of_get_named_gpiod_flags: parsed 'cd-gpios' property of node '/ocp/interconnect@48000000/segment@0/target-module@60000/mmc@0[0]' - status (0)
[    2.548338] gpio gpiochip3: Persistence not supported for GPIO 6
[    2.548362] omap_gpio 44e07000.gpio: Could not set line 6 debounce to 200000 microseconds (-22)
[    2.557245] sdhci-omap 48060000.mmc: Got CD GPIO
[    2.561924] sdhci-omap 48060000.mmc: using DT '/ocp/interconnect@48000000/segment@0/target-module@60000/mmc@0' for 'wp' GPIO lookup
[    2.561972] of_get_named_gpiod_flags: can't parse 'wp-gpios' property of node '/ocp/interconnect@48000000/segment@0/target-module@60000/mmc@0[0]'
