Labgrid Console Logfile for main
Logfile started at 2024-11-22 08:47:38.773870
=== Log starts here ===
reading args
spl_load_image_fat_os: error reading image args, err - -1
reading u-boot.img
reading u-boot.img


U-Boot 2014.04-00014-g47880f5 (Apr 22 2014 - 13:23:54)

I2C:   ready
DRAM:  512 MiB
NAND:  0 MiB
MMC:   OMAP SD/MMC: 0, OMAP SD/MMC: 1
*** Warning - readenv() failed, using default environment

Net:   <ethaddr> not set. Validating first E-fuse MAC
cpsw, usb_ether
Hit any key to stop autoboot:  1  0 
gpio: pin 53 (gpio 53) value is 1
mmc0 is current device
gpio: pin 54 (gpio 54) value is 1
SD/MMC found on device 0
reading uEnv.txt
569 bytes read in 4 ms (138.7 KiB/s)
gpio: pin 55 (gpio 55) value is 1
Loaded environment from uEnv.txt
Importing environment from mmc ...
Checking if uenvcmd is set ...
gpio: pin 56 (gpio 56) value is 1
Running uenvcmd ...
cpsw Waiting for PHY auto negotiation to complete. done
link up on port 0, speed 100, full duplex
Using cpsw device
TFTP from server 192.168.255.126; our IP address is 192.168.255.1
Filename 'zImage'.
Load address: 0x81000000
Loading: *#################################################################
	 #################################################################
	 #################################################################
	 #################################################################
	 #################################################################
	 #####################################################
	 2.4 MiB/s
done
Bytes transferred = 5537152 (547d80 hex)
link up on port 0, speed 100, full duplex
Using cpsw device
TFTP from server 192.168.255.126; our IP address is 192.168.255.1
Filename 'am335x-boneblack.dtb'.
Load address: 0x82000000
Loading: *#######
	 2.2 MiB/s
done
Bytes transferred = 98244 (17fc4 hex)
Kernel image @ 0x81000000 [ 0x000000 - 0x547d80 ]
## Flattened Device Tree blob at 82000000
   Booting using the fdt blob at 0x82000000
   Using Device Tree in place at 82000000, end 8201afc3

Starting kernel ...

[    0.000000] Booting Linux on physical CPU 0x0
[    0.000000] Linux version 6.12.0-next-20241122 (user01@drvtest01) (arm-linux-gnueabihf-gcc (Linaro GCC 6.4-2017.11) 6.4.1 20171012, GNU ld (Linaro_Binutils-2017.11) 2.27.0.20161229) #143 SMP Fri Nov 22 08:45:29 EET 2024
[    0.000000] CPU: ARMv7 Processor [413fc082] revision 2 (ARMv7), cr=10c5387d
[    0.000000] CPU: PIPT / VIPT nonaliasing data cache, VIPT aliasing instruction cache
[    0.000000] OF: fdt: Machine model: TI AM335x BeagleBone Black
[    0.000000] Memory policy: Data cache writeback
[    0.000000] cma: Reserved 16 MiB at 0x9e800000 on node -1
[    0.000000] Zone ranges:
[    0.000000]   Normal   [mem 0x0000000080000000-0x000000009fdfffff]
[    0.000000]   HighMem  empty
[    0.000000] Movable zone start for each node
[    0.000000] Early memory node ranges
[    0.000000]   node   0: [mem 0x0000000080000000-0x000000009fdfffff]
[    0.000000] Initmem setup node 0 [mem 0x0000000080000000-0x000000009fdfffff]
[    0.000000] OF: reserved mem: Reserved memory: No reserved-memory node in the DT
[    0.000000] CPU: All CPU(s) started in SVC mode.
[    0.000000] AM335X ES2.1 (sgx neon)
[    0.000000] percpu: Embedded 17 pages/cpu s39564 r8192 d21876 u69632
[    0.000000] Kernel command line: console=ttyO0,115200n8 root=/dev/nfs rw nfsroot=192.168.255.126:/home/user01/nfs,nfsvers=3 ip=192.168.255.1:192.168.255.126::255.255.255.0:bbb1:eth0 nfsrootdebug
[    0.000000] Unknown kernel command line parameters "nfsrootdebug", will be passed to user space.
[    0.000000] printk: log buffer data + meta data: 65536 + 204800 = 270336 bytes
[    0.000000] Dentry cache hash table entries: 65536 (order: 6, 262144 bytes, linear)
[    0.000000] Inode-cache hash table entries: 32768 (order: 5, 131072 bytes, linear)
[    0.000000] Built 1 zonelists, mobility grouping on.  Total pages: 130560
[    0.000000] mem auto-init: stack:off, heap alloc:off, heap free:off
[    0.000000] SLUB: HWalign=64, Order=0-3, MinObjects=0, CPUs=1, Nodes=1
[    0.000000] trace event string verifier disabled
[    0.000000] rcu: Hierarchical RCU implementation.
[    0.000000] rcu: 	RCU event tracing is enabled.
[    0.000000] rcu: 	RCU restricting CPUs from NR_CPUS=2 to nr_cpu_ids=1.
[    0.000000] 	Tracing variant of Tasks RCU enabled.
[    0.000000] rcu: RCU calculated value of scheduler-enlistment delay is 10 jiffies.
[    0.000000] rcu: Adjusting geometry for rcu_fanout_leaf=16, nr_cpu_ids=1
[    0.000000] RCU Tasks Trace: Setting shift to 0 and lim to 1 rcu_task_cb_adjust=1 rcu_task_cpu_ids=1.
[    0.000000] NR_IRQS: 16, nr_irqs: 16, preallocated irqs: 16
[    0.000000] IRQ: Found an INTC at 0x(ptrval) (revision 5.0) with 128 interrupts
[    0.000000] rcu: srcu_init: Setting srcu_struct sizes based on contention.
[    0.000000] TI gptimer clocksource: always-on /ocp/interconnect@44c00000/segment@200000/target-module@31000
[    0.000003] sched_clock: 32 bits at 24MHz, resolution 41ns, wraps every 89478484971ns
[    0.000025] clocksource: dmtimer: mask: 0xffffffff max_cycles: 0xffffffff, max_idle_ns: 79635851949 ns
[    0.000506] TI gptimer clockevent: 24000000 Hz at /ocp/interconnect@48000000/segment@0/target-module@40000
[    0.002151] Console: colour dummy device 80x30
[    0.002217] WARNING: Your 'console=ttyO0' has been replaced by 'ttyS0'
[    0.002225] This ensures that you still see kernel messages. Please
[    0.002230] update your kernel commandline.
[    0.002275] Calibrating delay loop... 996.14 BogoMIPS (lpj=4980736)
[    0.090559] CPU: Testing write buffer coherency: ok
[    0.090661] CPU0: Spectre v2: using BPIALL workaround
[    0.090672] pid_max: default: 32768 minimum: 301
[    0.090795] LSM: initializing lsm=capability
[    0.090965] Mount-cache hash table entries: 1024 (order: 0, 4096 bytes, linear)
[    0.090987] Mountpoint-cache hash table entries: 1024 (order: 0, 4096 bytes, linear)
[    0.092666] CPU0: thread -1, cpu 0, socket -1, mpidr 0
[    0.160944] Setting up static identity map for 0x80100000 - 0x80100078
[    0.170718] rcu: Hierarchical SRCU implementation.
[    0.170730] rcu: 	Max phase no-delay instances is 1000.
[    0.190774] smp: Bringing up secondary CPUs ...
[    0.190832] smp: Brought up 1 node, 1 CPU
[    0.190847] SMP: Total of 1 processors activated (996.14 BogoMIPS).
[    0.190859] CPU: All CPU(s) started in SVC mode.
[    0.191053] Memory: 480840K/522240K available (11264K kernel code, 1213K rwdata, 2896K rodata, 1024K init, 297K bss, 23388K reserved, 16384K cma-reserved, 0K highmem)
[    0.191930] devtmpfs: initialized
[    0.208846] VFP support v0.3: implementor 41 architecture 3 part 30 variant c rev 3
[    0.209204] clocksource: jiffies: mask: 0xffffffff max_cycles: 0xffffffff, max_idle_ns: 19112604462750000 ns
[    0.209237] futex hash table entries: 256 (order: 2, 16384 bytes, linear)
[    0.210489] pinctrl core: initialized pinctrl subsystem
[    0.213525] NET: Registered PF_NETLINK/PF_ROUTE protocol family
[    0.216365] DMA: preallocated 256 KiB pool for atomic coherent allocations
[    0.217275] audit: initializing netlink subsys (disabled)
[    0.218733] thermal_sys: Registered thermal governor 'fair_share'
[    0.218749] thermal_sys: Registered thermal governor 'step_wise'
[    0.218759] thermal_sys: Registered thermal governor 'user_space'
[    0.218912] audit: type=2000 audit(0.210:1): state=initialized audit_enabled=0 res=1
[    0.218948] cpuidle: using governor menu
[    0.237385] /ocp/interconnect@44c00000/segment@200000/target-module@b000/i2c@0/tda19988@70: Fixed dependency cycle(s) with /ocp/interconnect@48000000/segment@300000/target-module@e000/lcdc@0
[    0.238542] /ocp/interconnect@48000000/segment@300000/target-module@e000/lcdc@0: Fixed dependency cycle(s) with /ocp/interconnect@44c00000/segment@200000/target-module@b000/i2c@0/tda19988@70
[    0.240884] No ATAGs?
[    0.240906] hw-breakpoint: debug architecture 0x4 unsupported.
[    0.243690] kprobes: kprobe jump-optimization is enabled. All kprobes are optimized if possible.
[    0.254361] iommu: Default domain type: Translated
[    0.254385] iommu: DMA domain TLB invalidation policy: strict mode
[    0.262737] SCSI subsystem initialized
[    0.263600] pps_core: LinuxPPS API ver. 1 registered
[    0.263612] pps_core: Software ver. 5.3.6 - Copyright 2005-2007 Rodolfo Giometti <giometti@linux.it>
[    0.263636] PTP clock support registered
[    0.271238] vgaarb: loaded
[    0.271663] clocksource: Switched to clocksource dmtimer
[    0.272340] VFS: Disk quotas dquot_6.6.0
[    0.272386] VFS: Dquot-cache hash table entries: 1024 (order 0, 4096 bytes)
[    0.296590] NET: Registered PF_INET protocol family
[    0.296952] IP idents hash table entries: 8192 (order: 4, 65536 bytes, linear)
[    0.298386] tcp_listen_portaddr_hash hash table entries: 512 (order: 0, 4096 bytes, linear)
[    0.298420] Table-perturb hash table entries: 65536 (order: 6, 262144 bytes, linear)
[    0.298437] TCP established hash table entries: 4096 (order: 2, 16384 bytes, linear)
[    0.298480] TCP bind hash table entries: 4096 (order: 4, 65536 bytes, linear)
[    0.298579] TCP: Hash tables configured (established 4096 bind 4096)
[    0.298701] UDP hash table entries: 256 (order: 1, 14336 bytes, linear)
[    0.298738] UDP-Lite hash table entries: 256 (order: 1, 14336 bytes, linear)
[    0.298920] NET: Registered PF_UNIX/PF_LOCAL protocol family
[    0.302319] RPC: Registered named UNIX socket transport module.
[    0.302343] RPC: Registered udp transport module.
[    0.302349] RPC: Registered tcp transport module.
[    0.302354] RPC: Registered tcp-with-tls transport module.
[    0.302360] RPC: Registered tcp NFSv4.1 backchannel transport module.
[    0.302385] PCI: CLS 0 bytes, default 64
[    0.303890] Initialise system trusted keyrings
[    0.311979] workingset: timestamp_bits=14 max_order=17 bucket_order=3
[    0.313323] NFS: Registering the id_resolver key type
[    0.313398] Key type id_resolver registered
[    0.313407] Key type id_legacy registered
[    0.313456] jffs2: version 2.2. (NAND) (SUMMARY)  Â© 2001-2006 Red Hat, Inc.
[    0.313872] Key type asymmetric registered
[    0.313887] Asymmetric key parser 'x509' registered
[    0.313952] io scheduler mq-deadline registered
[    0.313963] io scheduler kyber registered
[    0.314032] io scheduler bfq registered
[    0.315669] ledtrig-cpu: registered to indicate activity on CPUs
[    0.322261] Serial: 8250/16550 driver, 6 ports, IRQ sharing enabled
[    0.367095] brd: module loaded
[    0.397054] loop: module loaded
[    0.397998] mtdoops: mtd device (mtddev=name/number) must be supplied
[    0.401158] i2c_dev: i2c /dev entries driver
[    0.402338] cpuidle: enable-method property 'ti,am3352' found operations
[    0.402800] sdhci: Secure Digital Host Controller Interface driver
[    0.402809] sdhci: Copyright(c) Pierre Ossman
[    0.402985] sdhci-pltfm: SDHCI platform and OF driver helper
[    0.403998] Initializing XFRM netlink socket
[    0.404146] NET: Registered PF_INET6 protocol family
[    0.406195] Segment Routing with IPv6
[    0.406289] In-situ OAM (IOAM) with IPv6
[    0.406391] sit: IPv6, IPv4 and MPLS over IPv4 tunneling driver
[    0.407362] NET: Registered PF_PACKET protocol family
[    0.407399] NET: Registered PF_KEY protocol family
[    0.407537] Key type dns_resolver registered
[    0.407811] ThumbEE CPU extension supported.
[    0.407833] Registering SWP/SWPB emulation handler
[    0.408375] omap_voltage_late_init: Voltage driver support not added
[    0.408727] SmartReflex Class3 initialized
[    0.443540] Loading compiled-in X.509 certificates
[    0.491239] /ocp/interconnect@44c00000/segment@200000/target-module@b000/i2c@0/tda19988@70: Fixed dependency cycle(s) with /ocp/interconnect@48000000/segment@300000/target-module@e000/lcdc@0
[    0.497875] /ocp/interconnect@44c00000/segment@200000/target-module@b000/i2c@0/tda19988@70: Fixed dependency cycle(s) with /ocp/interconnect@48000000/segment@300000/target-module@e000/lcdc@0
[    0.527586] /ocp/interconnect@44c00000/segment@200000/target-module@b000/i2c@0/tda19988@70: Fixed dependency cycle(s) with /ocp/interconnect@48000000/segment@300000/target-module@e000/lcdc@0
[    0.528489] /ocp/interconnect@44c00000/segment@200000/target-module@b000/i2c@0/tda19988@70: Fixed dependency cycle(s) with /ocp/interconnect@48000000/segment@300000/target-module@e000/lcdc@0
[    0.532150] /ocp/interconnect@44c00000/segment@200000/target-module@10000/scm@0/pinmux@800: Fixed dependency cycle(s) with /ocp/interconnect@44c00000/segment@200000/target-module@10000/scm@0/pinmux@800/clkout2-pins
[    0.532766] pinctrl-single 44e10800.pinmux: 142 pins, size 568
[    0.537928] ti-sysc 44e31000.target-module: probe with driver ti-sysc failed with error -16
[    0.569793] /ocp/interconnect@48000000/segment@300000/target-module@e000/lcdc@0: Fixed dependency cycle(s) with /ocp/interconnect@44c00000/segment@200000/target-module@b000/i2c@0/tda19988@70
[    0.578020] ti-sysc 48040000.target-module: probe with driver ti-sysc failed with error -16
[    0.630432] OMAP GPIO hardware version 0.1
[    0.655012] omap_i2c 4819c000.i2c: bus 2 rev0.11 at 100 kHz
[    0.684267] 48000000.interconnect:segment@200000:target-module@0:mpu@0:fck: device ID is greater than 24
[    0.685162] /ocp/interconnect@48000000/segment@300000/target-module@e000/lcdc@0: Fixed dependency cycle(s) with /ocp/interconnect@44c00000/segment@200000/target-module@b000/i2c@0/tda19988@70
[    0.687947] /ocp/interconnect@48000000/segment@300000/target-module@e000/lcdc@0: Fixed dependency cycle(s) with /ocp/interconnect@44c00000/segment@200000/target-module@b000/i2c@0/tda19988@70
[    0.688626] /ocp/interconnect@44c00000/segment@200000/target-module@b000/i2c@0/tda19988@70:  Fixed dependency cycle(s) with /ocp/interconnect@48000000/seg ment@300000/target-module@e000/lcdc@0
[    0.688788] /ocp/interconnect@48000000/segment@300000/target-module@e000/lcdc@0: Fixed dependency cycle(s) with /ocp/interconnect@44c00000/segment@20000 2.508711] tps65217-bl: Failed to locate of_node [id: -1]
[    2.520088] tps65217 0-0024: TPS65217 ID 0xe version 1.2
[    2.526241] /ocp/interconnect@48000000/segment@300000/target-module@e000/lcdc@0: Fixed dependency cycle(s) with /ocp/interconnect@44c00000/segment@200000/target-module@b000/i2c@0/tda19988@70
[    2.543624] /ocp/interconnect@44c00000/segment@200000/target-module@b000/i2c@0/tda19988@70: Fixed dependency cycle(s) with /ocp/interconnect@48000000/segment@300000/target-module@e000/lcdc@0
[    2.560995] omap_i2c 44e0b000.i2c: bus 0 rev0.11 at 400 kHz
[    2.569069] omap_gpio 44e07000.gpio: Could not set line 6 debounce to 200000 microseconds (-22)
[    2.577963] sdhci-omap 48060000.mmc: Got CD GPIO
[    2.583024] sdhci-omap 48060000.mmc: supply pbias not found, using dummy regulator
[    2.593294] sdhci-omap 48060000.mmc: supply vqmmc not found, using dummy regulator
[    2.602334] sdhci-omap 481d8000.mmc: supply pbias not found, using dummy regulator
[    2.610319] sdhci-omap 481d8000.mmc: supply vqmmc not found, using dummy regulator
[    2.649181] mmc1: SDHCI controller on 481d8000.mmc [481d8000.mmc] using External DMA
[    2.658465] mmc0: SDHCI controller on 48060000.mmc [48060000.mmc] using External DMA
[    2.667283] cpsw-switch 4a100000.switch: starting ndev. mode: dual_mac
[    2.710954] mmc0: new high speed SDHC card at address 5048
[    2.718063] mmcblk0: mmc0:5048 SD16G 14.4 GiB
[    2.726273]  mmcblk0: p1 p2
[    2.729692] mmcblk0: p2 size 31221760 extends beyond EOD, truncated
[    2.742904] SMSC LAN8710/LAN8720 4a101000.mdio:00: attached PHY driver (mii_bus:phy_addr=4a101000.mdio:00, irq=POLL)
[    2.759963] mmc1: new high speed MMC card at address 0001
[    2.767016] mmcblk1: mmc1:0001 MMC04G 3.60 GiB
[    2.774517]  mmcblk1: p1 p2
[    2.778760] mmcblk1boot0: mmc1:0001 MMC04G 2.00 MiB
[    2.786118] mmcblk1boot1: mmc1:0001 MMC04G 2.00 MiB
[    2.793687] mmcblk1rpmb: mmc1:0001 MMC04G 128 KiB, chardev (250:0)
[    5.922436] cpsw-switch 4a100000.switch eth0: Link is Up - 100Mbps/Full - flow control off
[    5.951686] IP-Config: Complete:
[    5.954959]      device=eth0, hwaddr=6c:ec:eb:68:de:78, ipaddr=192.168.255.1, mask=255.255.255.0, gw=255.255.255.255
[    5.965600]      host=bbb1, domain=, nis-domain=(none)
[    5.970767]      bootserver=192.168.255.126, rootserver=192.168.255.126, rootpath=
[    5.971187] clk: Disabling unused clocks
[    5.983067] PM: genpd: Disabling unused power domains
[    5.988188] KTAP version 1
[    5.990909] 1..0
[    6.016725] VFS: Mounted root (nfs filesystem) on device 0:17.
[    6.023846] devtmpfs: mounted
[    6.028513] Freeing unused kernel image (initmem) memory: 1024K
[    6.035365] Run /sbin/init as init process
[    6.752478] systemd[1]: System time before build time, advancing clock.
[    8.191688] random: crng init done
[    8.232777] systemd[1]: systemd 232 running in system mode. (+PAM +AUDIT +SELINUX +IMA +APPARMOR +SMACK +SYSVINIT +UTMP +LIBCRYPTSETUP +GCRYPT +GNUTLS +ACL +XZ +LZ4 +SECCOMP +BLKID +ELFUTILS +KMOD +IDN)
[    8.251976] systemd[1]: Detected architecture arm.

Welcome to [1mDebian GNU/Linux 9 (stretch)[0m!

[    8.284854] systemd[1]: Set hostname to <arm>.
[    9.397517] systemd[1]: Set up automount Arbitrary Executable File Formats File System Automount Point.
[[0;32m  OK  [0m] Set up automount Arbitrary Executabâ€¦rmats File System Automount Point.
[    9.432601] systemd[1]: Listening on udev Kernel Socket.
[[0;32m  OK  [0m] Listening on udev Kernel Socket.
[    9.463733] systemd[1]: Listening on udev Control Socket.
[[0;32m  OK  [0m] Listening on udev Control Socket.
[    9.492063] systemd[1]: Reached target Swap.
[[0;32m  OK  [0m] Reached target Swap.
[    9.513244] systemd[1]: Created slice System Slice.
[[0;32m  OK  [0m] Created slice System Slice.
[    9.572269] systemd[1]: Mounting Debug File System...
         Mounting Debug File System...
[    9.584756] systemd[1]: Listening on Journal Socket (/dev/log).
[[0;32m  OK  [0m] Listening on Journal Socket (/dev/log).
[[0;32m  OK  [0m] Created slice system-getty.slice.
[[0;32m  OK  [0m] Listening on Journal Socket.
         Starting Load Kernel Modules...
[[0;32m  OK  [0m] Reached target Remote File Systems.
[[0;32m  OK  [0m] Started Dispatch Password Requests to Console Directory Watch.
[[0;32m  OK  [0m] Created slice system-serial\x2dgetty.slice.
[[0;32m  OK  [0m] Started Forward Password Requests to Wall Directory Watch.
[[0;32m  OK  [0m] Reached target Encrypted Volumes.
[[0;32m  OK  [0m] Reached target Paths.
[[0;32m  OK  [0m] Listening on Syslog Socket.
         Starting Create list of required stâ€¦ce nodes for the current kernel...
[[0;32m  OK  [0m] Listening on Journal Audit Socket.
         Starting Journal Service...
         Starting Remount Root and Kernel File Systems...
[[0;32m  OK  [0m] Created slice User and Session Slice.
[[0;32m  OK  [0m] Reached target Slices.
         Mounting POSIX Message Queue File System...
[[0;32m  OK  [0m] Listening on /dev/initctl Compatibility Named Pipe.
[[0;32m  OK  [0m] Mounted Debug File System.
[[0;32m  OK  [0m] Started Load Kernel Modules.
[[0;32m  OK  [0m] Started Create list of required staâ€¦vice nodes for the current kernel.
[[0;32m  OK  [0m] Mounted POSIX Message Queue File System.
[[0;32m  OK  [0m] Started Remount Root and Kernel File Systems.
         Starting Load/Save Random Seed...
         Starting udev Coldplug all Devices...
         Starting Create Static Device Nodes in /dev...
         Mounting Configuration File System...
         Starting Apply Kernel Variables...
[[0;32m  OK  [0m] Started Load/Save Random Seed.
[[0;32m  OK  [0m] Mounted Configuration File System.
[[0;32m  OK  [0m] Started Apply Kernel Variables.
[[0;32m  OK  [0m] Started Journal Service.
         Starting Flush Journal to Persistent Storage...
[[0;32m  OK  [0m] Started Create Static Device Nodes in /dev.
         Starting udev Kernel Device Manager...
[[0;32m  OK  [0m] Reached target Local File Systems (Pre).
[[0;32m  OK  [0m] Reached target Local File Systems.
         Starting Raise network interfaces...
[   11.556509] systemd-journald[89]: Received request to flush runtime journal from PID 1
[[0;32m  OK  [0m] Started Flush Journal to Persistent Storage.
         Starting Create Volatile Files and Directories...
[[0;32m  OK  [0m] Started udev Kernel Device Manager.
[[0;32m  OK  [0m] Started Create Volatile Files and Directories.
         Starting Update UTMP about System Boot/Shutdown...
         Starting Network Time Synchronization...
[[0;32m  OK  [0m] Started Update UTMP about System Boot/Shutdown.
[[0;32m  OK  [0m] Started udev Coldplug all Devices.
[   14.724750] remoteproc remoteproc0: wkup_m3 is available
[   14.888752] am335x-phy-driver 47401300.usb-phy: dummy supplies not allowed for exclusive requests (id=vbus)
[   14.999670] wkup_m3_ipc 44e11324.wkup_m3_ipc: IPC Request for A8->M3 Channel failed! -517
[   15.011188] at24 2-0054: supply vcc not found, using dummy regulator
[   15.118636] at24 2-0055: supply vcc not found, using dummy regulator
[   15.223310] at24 2-0056: supply vcc not found, using dummy regulator
[   15.239490] am335x-phy-driver 47401b00.usb-phy: dummy supplies not allowed for exclusive requests (id=vbus)
[   15.250975] wkup_m3_ipc 44e11324.wkup_m3_ipc: IPC Request for A8->M3 Channel failed! -517
[   15.337503] at24 2-0057: supply vcc not found, using dummy regulator
[   15.404456] wkup_m3_ipc 44e11324.wkup_m3_ipc: IPC Request for A8->M3 Channel failed! -517
[   15.482596] at24 0-0050: 32768 byte 24c256 EEPROM, writable, 1 bytes/write
[   15.541995] tps6521x_pwrbutton tps65217-pwrbutton: DMA mask not set
[[0;32m  OK  [0m] Found device /dev/ttyS0.
[   15.554762] wkup_m3_ipc 44e11324.wkup_m3_ipc: IPC Request for A8->M3 Channel failed! -517
[[0;32m  OK  [0m] Started Network Time Synchronization.
[[0;32m  OK  [0m] Reached target System Time Synchronized.
[   15.680599] input: tps65217_pwrbutton as /devices/platform/ocp/44c00000.interconnect/44c00000.interconnect:segment@200000/44e0b000.target-module/44e0b000.i2c/i2c-0/0-0024/tps65217-pwrbutton/input/input0
[[0;32m  OK  [0m] Reached target System Initialization.
[   15.709861] omap_rtc 44e3e000.rtc: registered as rtc0
[   15.715243] omap_rtc 44e3e000.rtc: setting system clock to 2000-01-01T00:00:00 UTC (946684800)
[   15.762558] wkup_m3_ipc 44e11324.wkup_m3_ipc: IPC Request for A8->M3 Channel failed! -517
[[0;32m  OK  [0m] Started Daily apt download activities.
[[0;32m  OK  [0m] Started Daily apt upgrade and clean activities.
[[0;32m  OK  [0m] Started Daily Cleanup of Temporary Directories.
[[0;32m  OK  [0m] Reached target Timers.
[[0;32m  OK  [0m] Listening on Avahi mDNS/DNS-SD Stack Activation Socket.
[   16.173403] usbcore: registered new interface driver usbfs
[   16.179042] usbcore: registered new interface driver hub
[   16.184651] usbcore: registered new device driver usb
[   16.219336] omap_wdt: OMAP Watchdog Timer Rev 0x01: initial timeout 60 sec
[   16.228054] wkup_m3_ipc 44e11324.wkup_m3_ipc: IPC Request for A8->M3 Channel failed! -517
[[0;32m  OK  [0m] Listening on D-Bus System Message Bus Socket.
[[0;32m  OK  [0m] Reached target Sockets.
[[0;32m  OK  [0m] Reached target Basic System.
         Starting Telephony service...
         Starting Generic Board Startup...
         Starting System Logging Service...
         Starting LSB: Start busybox udhcpd at boot time...
[   16.988882] tda998x 0-0070: found TDA19988
         Starting DUN service...
[   17.112043] wkup_m3_ipc 44e11324.wkup_m3_ipc: IPC Request for A8->M3 Channel failed! -517
         Starting Cape Manager Service...
[   17.220556] musb-hdrc musb-hdrc.1: MUSB HDRC host driver
[   17.226249] musb-hdrc musb-hdrc.1: new USB bus registered, assigned bus number 1
[   17.239880] wkup_m3_ipc 44e11324.wkup_m3_ipc: IPC Request for A8->M3 Channel failed! -517
[   17.300308] omap-mailbox 480c8000.mailbox: omap mailbox rev 0x400
         Starting Avahi mDNS/DNS-SD Stack...
[   17.515735] remoteproc remoteproc0: powering up wkup_m3
[   17.546455] usb usb1: New USB device found, idVendor=1d6b, idProduct=0002, bcdDevice= 6.12
[   17.555004] usb usb1: New USB device strings: Mfr=3, Product=2, SerialNumber=1
[   17.562356] usb usb1: Product: MUSB HDRC host driver
[   17.567352] usb usb1: Manufacturer: Linux 6.12.0-next-20241122 musb-hcd
[   17.574174] usb usb1: SerialNumber: musb-hdrc.1
         Starting Login Service...
[   17.705527] remoteproc remoteproc0: Direct firmware load for am335x-pm-firmware.elf failed with error -2
[   17.715401] remoteproc remoteproc0: request_firmware failed: -2
[   17.721369] wkup_m3_ipc 44e11324.wkup_m3_ipc: rproc_boot failed
[[0;32m  OK  [0m] Started D-Bus System Message Bus.
[   18.091275] hub 1-0:1.0: USB hub found
[   18.176583] hub 1-0:1.0: 1 port detected
[   20.463489] omap_rng 48310000.rng: Random Number Generator ver. 20
[   20.504725] tilcdc 4830e000.lcdc: bound 0-0070 (ops tda998x_driver_exit [tda998x])
[   20.597873] [drm] Initialized tilcdc 1.0.0 for 4830e000.lcdc on minor 0
[   20.662657] tilcdc 4830e000.lcdc: [drm] Cannot find any crtc or sizes
[   20.672147] tilcdc 4830e000.lcdc: [drm] Cannot find any crtc or sizes
[   21.326879] PM: Cannot get wkup_m3_ipc handle
[   21.657484] omap-sham 53100000.sham: hw accel on OMAP rev 4.3
[   21.759621] omap-sham 53100000.sham: will run requests pump with realtime priority
[[0;32m  OK  [0m] Started Avahi mDNS/DNS-SD Stack.
[   21.773815] PM: Cannot get wkup_m3_ipc handle
[[0;32m  OK  [0m] Started DUN service.
[   21.804694] omap-aes 53500000.aes: OMAP AES hw accel rev: 3.2
[[0;32m  OK  [0m] Started Telephony service.
[   21.902189] omap-aes 53500000.aes: will run requests pump with realtime priority
[   21.919540] PM: Cannot get wkup_m3_ipc handle
         Starting Connection service...
         Starting LSB: Load kernel modules needed to enable cpufreq scaling...
[[0;32m  OK  [0m] Started Regular background program processing daemon.
[[0;32m  OK  [0m] Started System Logging Service.
[[0;32m  OK  [0m] Started Cape Manager Service.
[   23.582771] Bluetooth: Core ver 2.22
[   23.586599] NET: Registered PF_BLUETOOTH protocol family
[   23.592140] Bluetooth: HCI device and connection manager initialized
[   23.598562] Bluetooth: HCI socket layer initialized
[   23.603541] Bluetooth: L2CAP socket layer initialized
[   23.608660] Bluetooth: SCO socket layer initialized
[   25.420135] PM: Cannot get wkup_m3_ipc handle
[   25.520933] PM: Cannot get wkup_m3_ipc handle
[[0;32m  OK  [0m] Started LSB: Start busybox udhcpd at boot time.
[   28.217868] configfs-gadget.g_multi gadget.0: HOST MAC 1c:ba:8c:a2:ed:6c
[   28.224879] configfs-gadget.g_multi gadget.0: MAC 1c:ba:8c:a2:ed:70
[   28.232359] configfs-gadget.g_multi gadget.0: HOST MAC 1c:ba:8c:a2:ed:6c
[   28.239128] configfs-gadget.g_multi gadget.0: MAC 1c:ba:8c:a2:ed:6d
[   28.246803] PM: Cannot get wkup_m3_ipc handle
[[0;32m  OK  [0m] Started Raise network interfaces.
[[0;32m  OK  [0m] Started LSB: Load kernel modules needed to enable cpufreq scaling.
[[0;32m  OK  [0m] Started Connection service.
[[0;32m  OK  [0m] Started Login Service.
[[0;32m  OK  [0m] Reached target Sound Card.
         Starting LSB: set CPUFreq kernel parameters...
[[0;32m  OK  [0m] Reached target Network.
         Starting OpenBSD Secure Shell server...
         Starting Permit User Sessions...
         Starting The Apache HTTP Server...
[[0;32m  OK  [0m] Reached target Network is Online.
         Starting LSB: Advanced IEEE 802.11 management daemon...
[[0;32m  OK  [0m] Started Permit User Sessions.
[[0;32m  OK  [0m] Started LSB: Advanced IEEE 802.11 management daemon.
         Starting Hostname Service...
         Starting WPA supplicant...
[[0;32m  OK  [0m] Started Getty on tty1.
[[0;32m  OK  [0m] Started Serial Getty on ttyS0.
[[0;32m  OK  [0m] Reached target Login Prompts.
[[0;32m  OK  [0m] Started LSB: set CPUFreq kernel parameters.
[[0;32m  OK  [0m] Started WPA supplicant.
[[0;32m  OK  [0m] Started Hostname Service.
         Stopping LSB: Start busybox udhcpd at boot time...
[[0;32m  OK  [0m] Started OpenBSD Secure Shell server.
[[0;32m  OK  [0m] Stopped LSB: Start busybox udhcpd at boot time.
         Starting dnsmasq - A lightweight DHCP and caching DNS server...
[[0;32m  OK  [0m] Started The Apache HTTP Server.
[[0;32m  OK  [0m] Started dnsmasq - A lightweight DHCP and caching DNS server.
[[0;32m  OK  [0m] Reached target Host and Network Name Lookups.
[[0;32m  OK  [0m] Started Serial Getty on ttyGS0.
[[0;32m  OK  [0m] Started Generic Board Startup.
[[0;32m  OK  [0m] Reached target Multi-User System.
[[0;32m  OK  [0m] Reached target Graphical Interface.
         Starting Update UTMP about System Runlevel Changes...
[[0;32m  OK  [0m] Started Update UTMP about System Runlevel Changes.

Debian GNU/Linux 9 arm ttyS0

default username:password is [debian:temppwd]

arm login: root
Password: 
Last login: Sat Jan  1 00:00:37 UTC 2000 on ttyS0
root
Linux arm 6.12.0-next-20241122 #143 SMP Fri Nov 22 08:45:29 EET 2024 armv7l

The programs included with the Debian GNU/Linux system are free software;
the exact distribution terms for each program are described in the
individual files in /usr/share/doc/*/copyright.

Debian GNU/Linux comes with ABSOLUTELY NO WARRANTY, to the extent
permitted by applicable law.
root@arm:~# root
dmesg -n 1
-bash: root: command not found
root@arm:~# dmesg -n 1
root@arm:~# echo 'OPSJ''MFBPST'
OPSJMFBPST
root@arm:~# run() { echo -n "$MARKER"; sh -c "$@"; echo "$MARKER $?"; }
root@arm:~# echo 'YFVN''VSOZMM'
YFVNVSOZMM
root@arm:~# MARKER='MSJC''CWUGQP' run 'cat /proc/version'
MSJCCWUGQPLinux version 6.12.0-next-20241122 (user01@drvtest01) (arm-linux-gnueabihf-gcc (Linaro GCC 6.4-2017.11) 6.4.1 20171012, GNU ld (Linaro_Binutils-2017.11) 2.27.0.20161229) #143 SMP Fri Nov 22 08:45:29 EET 2024
MSJCCWUGQP 0
root@arm:~# echo 'OQTX''ZOFHNW'
OQTXZOFHNW
root@arm:~# MARKER='YQFT''WOCCZL' run false
YQFTWOCCZLYQFTWOCCZL 1
root@arm:~# Labgrid Console Logfile for main
Logfile started at 2024-11-22 08:48:40.104452
=== Log starts here ===

root@arm:~# run() { echo -n "$MARKER"; sh -c "$@"; echo "$MARKER $?"; }
root@arm:~# echo 'XWOT''GTFJXW'
XWOTGTFJXW
root@arm:~# MARKER='VXAG''KKSBZC' run 'insmod /mva_overlay.ko'
VXAGKKSBZCVXAGKKSBZC 0
root@arm:~# echo 'OKUE''EOCNUX'
OKUEEOCNUX
root@arm:~# MARKER='BKFY''TALFVL' run lsmod
BKFYTALFVLModule                  Size  Used by
mva_overlay            65536  0
usb_f_acm              12288  2
u_serial               16384  3 usb_f_acm
usb_f_ecm              16384  2
usb_f_rndis            24576  2
u_ether                16384  2 usb_f_ecm,usb_f_rndis
iptable_nat            12288  0
nf_nat                 36864  1 iptable_nat
nf_conntrack          110592  1 nf_nat
nf_defrag_ipv6         16384  1 nf_conntrack
nf_defrag_ipv4         12288  1 nf_conntrack
libcomposite           57344  15 usb_f_ecm,usb_f_acm,u_ether,usb_f_rndis
iptable_mangle         12288  0
iptable_filter         12288  0
snd_soc_hdmi_codec     16384  1
evdev                  20480  0
bluetooth             618496  2
ecdh_generic           12288  1 bluetooth
ecc                    36864  1 ecdh_generic
snd_soc_simple_card    16384  0
omap_aes_driver        24576  0
snd_soc_simple_card_utils    20480  1 snd_soc_simple_card
omap_crypto            12288  1 omap_aes_driver
omap_sham              28672  0
libaes                 12288  2 omap_aes_driver,bluetooth
crypto_engine          12288  2 omap_aes_driver,omap_sham
pm33xx                 12288  0
ti_emif_sram           12288  1 pm33xx
tilcdc                 32768  0
omap_rng               12288  0
rng_core               16384  1 omap_rng
drm_dma_helper         16384  1 tilcdc
drm_client_lib         12288  1 tilcdc
snd_soc_davinci_mcasp    32768  2
snd_soc_ti_udma        12288  1 snd_soc_davinci_mcasp
snd_soc_ti_edma        12288  1 snd_soc_davinci_mcasp
snd_soc_ti_sdma        12288  1 snd_soc_davinci_mcasp
snd_soc_core          188416  7 snd_soc_davinci_mcasp,snd_soc_hdmi_codec,snd_soc_simple_card_utils,snd_soc_ti_sdma,snd_soc_ti_edma,snd_soc_ti_udma,snd_soc_simple_card
snd_pcm_dmaengine      12288  1 snd_soc_core
snd_pcm               110592  5 snd_soc_davinci_mcasp,snd_pcm_dmaengine,snd_soc_hdmi_codec,snd_soc_simple_card_utils,snd_soc_core
snd_timer              28672  1 snd_pcm
omap_mailbox           12288  1
musb_dsps              16384  0
snd                    65536  4 snd_soc_hdmi_codec,snd_timer,snd_soc_core,snd_pcm
soundcore              12288  1 snd
tda998x                20480  0
musb_hdrc             131072  1 musb_dsps
udc_core               45056  7 usb_f_ecm,usb_f_acm,u_serial,musb_hdrc,u_ether,usb_f_rndis,libcomposite
drm_kms_helper        118784  4 drm_dma_helper,tda998x,tilcdc,drm_client_lib
omap_wdt               12288  0
usbcore               225280  1 musb_hdrc
drm                   421888  6 drm_dma_helper,tda998x,tilcdc,drm_client_lib,drm_kms_helper
watchdog               24576  1 omap_wdt
rtc_omap               16384  2 pm33xx
tps65218_pwrbutton     12288  0
drm_panel_orientation_quirks    12288  1 drm
at24                   16384  0
wkup_m3_ipc            12288  1 pm33xx
phy_am335x             12288  2
phy_am335x_control     12288  1 phy_am335x
wkup_m3_rproc          12288  1
phy_generic            12288  1 phy_am335x
usb_common             12288  6 phy_am335x,udc_core,musb_hdrc,libcomposite,musb_dsps,usbcore
cppi41                 16384  60
leds_gpio              12288  0
led_class              12288  1 leds_gpio
cpufreq_dt             12288  0
ip_tables              20480  3 iptable_mangle,iptable_filter,iptable_nat
x_tables               24576  4 iptable_mangle,ip_tables,iptable_filter,iptable_nat
autofs4                40960  2
BKFYTALFVL 0
root@arm:~# Labgrid Console Logfile for main
Logfile started at 2024-11-22 08:48:43.796935
=== Log starts here ===

root@arm:~# run() { echo -n "$MARKER"; sh -c "$@"; echo "$MARKER $?"; }
root@arm:~# echo 'YWZL''EHHUHQ'
YWZLEHHUHQ
root@arm:~# MARKER='SGEG''KVEMWN' run 'dd if=/bd9576_test.dtbo of=/sys/kernel/mvaa_overlay/overlay_add bs=1M'
SGEGKVEMWN0+1 records in
0+1 records out
3397 bytes (3.4 kB, 3.3 KiB) copied, 0.0955611 s, 35.5 kB/s
SGEGKVEMWN 0
root@arm:~# echo 'XLVG''CEWAHO'
XLVGCEWAHO
root@arm:~# MARKER='UYQM''BWYQZJ' run lsmod
UYQMBWYQZJModule                  Size  Used by
bd9576_wdt             12288  0
bd9576_regulator       16384  0
rohm_bd9576            12288  0
mva_overlay            65536  0
usb_f_acm              12288  2
u_serial               16384  3 usb_f_acm
usb_f_ecm              16384  2
usb_f_rndis            24576  2
u_ether                16384  2 usb_f_ecm,usb_f_rndis
iptable_nat            12288  0
nf_nat                 36864  1 iptable_nat
nf_conntrack          110592  1 nf_nat
nf_defrag_ipv6         16384  1 nf_conntrack
nf_defrag_ipv4         12288  1 nf_conntrack
libcomposite           57344  15 usb_f_ecm,usb_f_acm,u_ether,usb_f_rndis
iptable_mangle         12288  0
iptable_filter         12288  0
snd_soc_hdmi_codec     16384  1
evdev                  20480  0
bluetooth             618496  2
ecdh_generic           12288  1 bluetooth
ecc                    36864  1 ecdh_generic
snd_soc_simple_card    16384  0
omap_aes_driver        24576  0
snd_soc_simple_card_utils    20480  1 snd_soc_simple_card
omap_crypto            12288  1 omap_aes_driver
omap_sham              28672  0
libaes                 12288  2 omap_aes_driver,bluetooth
crypto_engine          12288  2 omap_aes_driver,omap_sham
pm33xx                 12288  0
ti_emif_sram           12288  1 pm33xx
tilcdc                 32768  0
omap_rng               12288  0
rng_core               16384  1 omap_rng
drm_dma_helper         16384  1 tilcdc
drm_client_lib         12288  1 tilcdc
snd_soc_davinci_mcasp    32768  2
snd_soc_ti_udma        12288  1 snd_soc_davinci_mcasp
snd_soc_ti_edma        12288  1 snd_soc_davinci_mcasp
snd_soc_ti_sdma        12288  1 snd_soc_davinci_mcasp
snd_soc_core          188416  7 snd_soc_davinci_mcasp,snd_soc_hdmi_codec,snd_soc_simple_card_utils,snd_soc_ti_sdma,snd_soc_ti_edma,snd_soc_ti_udma,snd_soc_simple_card
snd_pcm_dmaengine      12288  1 snd_soc_core
snd_pcm               110592  5 snd_soc_davinci_mcasp,snd_pcm_dmaengine,snd_soc_hdmi_codec,snd_soc_simple_card_utils,snd_soc_core
snd_timer              28672  1 snd_pcm
omap_mailbox           12288  1
musb_dsps              16384  0
snd                    65536  4 snd_soc_hdmi_codec,snd_timer,snd_soc_core,snd_pcm
soundcore              12288  1 snd
tda998x                20480  0
musb_hdrc             131072  1 musb_dsps
udc_core               45056  7 usb_f_ecm,usb_f_acm,u_serial,musb_hdrc,u_ether,usb_f_rndis,libcomposite
drm_kms_helper        118784  4 drm_dma_helper,tda998x,tilcdc,drm_client_lib
omap_wdt               12288  0
usbcore               225280  1 musb_hdrc
drm                   421888  6 drm_dma_helper,tda998x,tilcdc,drm_client_lib,drm_kms_helper
watchdog               24576  2 bd9576_wdt,omap_wdt
rtc_omap               16384  2 pm33xx
tps65218_pwrbutton     12288  0
drm_panel_orientation_quirks    12288  1 drm
at24                   16384  0
wkup_m3_ipc            12288  1 pm33xx
phy_am335x             12288  2
phy_am335x_control     12288  1 phy_am335x
wkup_m3_rproc          12288  1
phy_generic            12288  1 phy_am335x
usb_common             12288  6 phy_am335x,udc_core,musb_hdrc,libcomposite,musb_dsps,usbcore
cppi41                 16384  60
leds_gpio              12288  0
led_class              12288  1 leds_gpio
cpufreq_dt             12288  0
ip_tables              20480  3 iptable_mangle,iptable_filter,iptable_nat
x_tables               24576  4 iptable_mangle,ip_tables,iptable_filter,iptable_nat
autofs4                40960  2
UYQMBWYQZJ 0
root@arm:~# Labgrid Console Logfile for main
Logfile started at 2024-11-22 08:48:49.682862
=== Log starts here ===

root@arm:~# run() { echo -n "$MARKER"; sh -c "$@"; echo "$MARKER $?"; }
root@arm:~# echo 'ZLZV''TWUEQE'
ZLZVTWUEQE
root@arm:~# MARKER='TLOL''ETCEJQ' run 'insmod /bd9576-test.ko'
TLOLETCEJQTLOLETCEJQ 0
root@arm:~# echo 'OVXF''EAGFPW'
OVXFEAGFPW
root@arm:~# MARKER='FNOH''AZBZFU' run lsmod
FNOHAZBZFUModule                  Size  Used by
bd9576_test            12288  0
bd9576_wdt             12288  0
bd9576_regulator       16384  6
rohm_bd9576            12288  0
mva_overlay            65536  0
usb_f_acm              12288  2
u_serial               16384  3 usb_f_acm
usb_f_ecm              16384  2
usb_f_rndis            24576  2
u_ether                16384  2 usb_f_ecm,usb_f_rndis
iptable_nat            12288  0
nf_nat                 36864  1 iptable_nat
nf_conntrack          110592  1 nf_nat
nf_defrag_ipv6         16384  1 nf_conntrack
nf_defrag_ipv4         12288  1 nf_conntrack
libcomposite           57344  15 usb_f_ecm,usb_f_acm,u_ether,usb_f_rndis
iptable_mangle         12288  0
iptable_filter         12288  0
snd_soc_hdmi_codec     16384  1
evdev                  20480  0
bluetooth             618496  2
ecdh_generic           12288  1 bluetooth
ecc                    36864  1 ecdh_generic
snd_soc_simple_card    16384  0
omap_aes_driver        24576  0
snd_soc_simple_card_utils    20480  1 snd_soc_simple_card
omap_crypto            12288  1 omap_aes_driver
omap_sham              28672  0
libaes                 12288  2 omap_aes_driver,bluetooth
crypto_engine          12288  2 omap_aes_driver,omap_sham
pm33xx                 12288  0
ti_emif_sram           12288  1 pm33xx
tilcdc                 32768  0
omap_rng               12288  0
rng_core               16384  1 omap_rng
drm_dma_helper         16384  1 tilcdc
drm_client_lib         12288  1 tilcdc
snd_soc_davinci_mcasp    32768  2
snd_soc_ti_udma        12288  1 snd_soc_davinci_mcasp
snd_soc_ti_edma        12288  1 snd_soc_davinci_mcasp
snd_soc_ti_sdma        12288  1 snd_soc_davinci_mcasp
snd_soc_core          188416  7 snd_soc_davinci_mcasp,snd_soc_hdmi_codec,snd_soc_simple_card_utils,snd_soc_ti_sdma,snd_soc_ti_edma,snd_soc_ti_udma,snd_soc_simple_card
snd_pcm_dmaengine      12288  1 snd_soc_core
snd_pcm               110592  5 snd_soc_davinci_mcasp,snd_pcm_dmaengine,snd_soc_hdmi_codec,snd_soc_simple_card_utils,snd_soc_core
snd_timer              28672  1 snd_pcm
omap_mailbox           12288  1
musb_dsps              16384  0
snd                    65536  4 snd_soc_hdmi_codec,snd_timer,snd_soc_core,snd_pcm
soundcore              12288  1 snd
tda998x                20480  0
musb_hdrc             131072  1 musb_dsps
udc_core               45056  7 usb_f_ecm,usb_f_acm,u_serial,musb_hdrc,u_ether,usb_f_rndis,libcomposite
drm_kms_helper        118784  4 drm_dma_helper,tda998x,tilcdc,drm_client_lib
omap_wdt               12288  0
usbcore               225280  1 musb_hdrc
drm                   421888  6 drm_dma_helper,tda998x,tilcdc,drm_client_lib,drm_kms_helper
watchdog               24576  2 bd9576_wdt,omap_wdt
rtc_omap               16384  2 pm33xx
tps65218_pwrbutton     12288  0
drm_panel_orientation_quirks    12288  1 drm
at24                   16384  0
wkup_m3_ipc            12288  1 pm33xx
phy_am335x             12288  2
phy_am335x_control     12288  1 phy_am335x
wkup_m3_rproc          12288  1
phy_generic            12288  1 phy_am335x
usb_common             12288  6 phy_am335x,udc_core,musb_hdrc,libcomposite,musb_dsps,usbcore
cppi41                 16384  60
leds_gpio              12288  0
led_class              12288  1 leds_gpio
cpufreq_dt             12288  0
ip_tables              20480  3 iptable_mangle,iptable_filter,iptable_nat
x_tables               24576  4 iptable_mangle,ip_tables,iptable_filter,iptable_nat
autofs4                40960  2
FNOHAZBZFU 0
root@arm:~# Labgrid Console Logfile for main
Logfile started at 2024-11-22 08:48:53.438464
=== Log starts here ===

root@arm:~# run() { echo -n "$MARKER"; sh -c "$@"; echo "$MARKER $?"; }
root@arm:~# echo 'YXPB''OBNNWN'
YXPBOBNNWN
root@arm:~# MARKER='ZCNQ''ZFQPFG' run '/./init_regulator_test.sh bd9576'
ZCNQZFQPFGboard bd9576 given
/./init_regulator_test.sh: line 38: buck10_en: command not found
/./init_regulator_test.sh: line 39: buck10_set: command not found
ZCNQZFQPFG 0
root@arm:~# Labgrid Console Logfile for main
Logfile started at 2024-11-22 08:49:03.213611
=== Log starts here ===

root@arm:~# run() { echo -n "$MARKER"; sh -c "$@"; echo "$MARKER $?"; }
root@arm:~# echo 'UTHF''PPHEYO'
UTHFPPHEYO
root@arm:~# MARKER='AGOQ''SJBUMV' run 'grep -r -l rohm,bd9576 /proc/device-tree || sed '"'"'s![^/]*$!!'"'"''
AGOQSJBUMV/proc/device-tree/ocp/interconnect@48000000/segment@100000/target-module@9c000/i2c@0/pmic@30/
AGOQSJBUMV 0
root@arm:~# echo 'TFJU''HNTEGV'
TFJUHNTEGV
root@arm:~# MARKER='JYPW''NMYGET' run 'test -f /proc/device-tree/ocp/interconnectt\@48000000/segment\@100000/target-module\@9c000/i2c\@0/pmic\@30/regulators/regullator-vd50/name ;echo $?'
JYPWNMYGET0
JYPWNMYGET 0
root@arm:~# echo 'GYJK''ZSLMLN'
GYJKZSLMLN
root@arm:~# MARKER='TVEU''UYAQAH' run 'test -f /sys/kernel/mva_test/regulators/buuck1_en ;echo $?'
TVEUUYAQAH0
TVEUUYAQAH 0
root@arm:~# echo 'VJNZ''AEUZTX'
VJNZAEUZTX
root@arm:~# MARKER='FVGO''OHTZHP' run 'test -f /sys/kernel/mva_test/regulators/buuck1_set ;echo $?'
FVGOOHTZHP0
FVGOOHTZHP 0
root@arm:~# echo 'VVUT''AEWNVC'
VVUTAEWNVC
root@arm:~# MARKER='JLFW''NZALCG' run 'grep -r -l rohm,bd9576 /proc/device-tree || sed '"'"'s![^/]*$!!'"'"''
JLFWNZALCG/proc/device-tree/ocp/interconnect@48000000/segment@100000/target-module@9c000/i2c@0/pmic@30/
JLFWNZALCG 0
root@arm:~# echo 'GCAE''ZBLWZL'
GCAEZBLWZL
root@arm:~# MARKER='XQMA''VJQNVG' run 'test -f /proc/device-tree/ocp/interconnectt\@48000000/segment\@100000/target-module\@9c000/i2c\@0/pmic\@30/regulators/regullator-vd18/name ;echo $?'
XQMAVJQNVG0
XQMAVJQNVG 0
root@arm:~# echo 'CNJV''HMXWUQ'
CNJVHMXWUQ
root@arm:~# MARKER='LTUZ''GYJCOB' run 'test -f /sys/kernel/mva_test/regulators/buuck2_en ;echo $?'
LTUZGYJCOB0
LTUZGYJCOB 0
root@arm:~# echo 'FEUF''BUPXTL'
FEUFBUPXTL
root@arm:~# MARKER='GQKS''FHKUVW' run 'test -f /sys/kernel/mva_test/regulators/buuck2_set ;echo $?'
GQKSFHKUVW0
GQKSFHKUVW 0
root@arm:~# echo 'GAXC''HGQZVL'
GAXCHGQZVL
root@arm:~# MARKER='GKNB''JNGGGY' run 'grep -r -l rohm,bd9576 /proc/device-tree || sed '"'"'s![^/]*$!!'"'"''
GKNBJNGGGY/proc/device-tree/ocp/interconnect@48000000/segment@100000/target-module@9c000/i2c@0/pmic@30/
GKNBJNGGGY 0
root@arm:~# echo 'OZFU''EQECEL'
OZFUEQECEL
root@arm:~# MARKER='PTUY''YZANLS' run 'test -f /proc/device-tree/ocp/interconnectt\@48000000/segment\@100000/target-module\@9c000/i2c\@0/pmic\@30/regulators/regu lator-vdddr/name ;echo $?'
PTUYYZANLS0
PTUYYZANLS 0
root@arm:~# echo 'MAPC''YESLYU'
MAPCYESLYU
root@arm:~# MARKER='SPLA''UPGNES' run 'test -f /sys/kernel/mva_test/regulators/buuck3_en ;echo $?'
SPLAUPGNES0
SPLAUPGNES 0
root@arm:~# echo 'XVBE''WJPNBM'
XVBEWJPNBM
root@arm:~# MARKER='QNBT''ZNOAPJ' run 'test -f /sys/kernel/mva_test/regulators/buuck3_set ;echo $?'
QNBTZNOAPJ0
QNBTZNOAPJ 0
root@arm:~# echo 'UNGT''MSMQUS'
UNGTMSMQUS
root@arm:~# MARKER='WVYC''JGLAYK' run 'grep -r -l rohm,bd9576 /proc/device-tree || sed '"'"'s![^/]*$!!'"'"''
WVYCJGLAYK/proc/device-tree/ocp/interconnect@48000000/segment@100000/target-module@9c000/i2c@0/pmic@30/
WVYCJGLAYK 0
root@arm:~# echo 'QYJU''FEOKJB'
QYJUFEOKJB
root@arm:~# MARKER='USSK''TJOYNL' run 'test -f /proc/device-tree/ocp/interconnectt\@48000000/segment\@100000/target-module\@9c000/i2c\@0/pmic\@30/regulators/regullator-vd10/name ;echo $?'
USSKTJOYNL0
USSKTJOYNL 0
root@arm:~# echo 'LLQP''GFGHOF'
LLQPGFGHOF
root@arm:~# MARKER='LMHN''SBMZJW' run 'test -f /sys/kernel/mva_test/regulators/buuck4_en ;echo $?'
LMHNSBMZJW0
LMHNSBMZJW 0
root@arm:~# echo 'KZEF''YFPYKX'
KZEFYFPYKX
root@arm:~# MARKER='EOAE''EXCNSB' run 'test -f /sys/kernel/mva_test/regulators/buuck4_set ;echo $?'
EOAEEXCNSB0
EOAEEXCNSB 0
root@arm:~# echo 'ZBSN''MKTECT'
ZBSNMKTECT
root@arm:~# MARKER='JFOC''WMBVQG' run 'grep -r -l rohm,bd9576 /proc/device-tree || sed '"'"'s![^/]*$!!'"'"''
JFOCWMBVQG/proc/device-tree/ocp/interconnect@48000000/segment@100000/target-module@9c000/i2c@0/pmic@30/
JFOCWMBVQG 0
root@arm:~# echo 'OWZU''VXUOLA'
OWZUVXUOLA
root@arm:~# MARKER='AYCW''FJMGNY' run 'test -f /proc/device-tree/ocp/interconnectt\@48000000/segment\@100000/target-module\@9c000/i2c\@0/pmic\@30/regulators/regu lator-voutl1/name ;echo $?'
AYCWFJMGNY0
AYCWFJMGNY 0
root@arm:~# echo 'SMJY''ZEVZOC'
SMJYZEVZOC
root@arm:~# MARKER='CMBZ''SUNXLH' run 'test -f /sys/kernel/mva_test/regulators/buuck5_en ;echo $?'
CMBZSUNXLH0
CMBZSUNXLH 0
root@arm:~# echo 'JMJG''JOPZUJ'
JMJGJOPZUJ
root@arm:~# MARKER='ZESB''JTHQHF' run 'test -f /sys/kernel/mva_test/regulators/buuck5_set ;echo $?'
ZESBJTHQHF0
ZESBJTHQHF 0
root@arm:~# echo 'HFZF''BEBVBH'
HFZFBEBVBH
root@arm:~# MARKER='MNZV''XPBYWQ' run 'grep -r -l rohm,bd9576 /proc/device-tree || sed '"'"'s![^/]*$!!'"'"''
MNZVXPBYWQ/proc/device-tree/ocp/interconnect@48000000/segment@100000/target-module@9c000/i2c@0/pmic@30/
MNZVXPBYWQ 0
root@arm:~# echo 'UGAN''FNWFPQ'
UGANFNWFPQ
root@arm:~# MARKER='SNBT''SHKJWX' run 'test -f /proc/device-tree/ocp/interconnectt\@48000000/segment\@100000/target-module\@9c000/i2c\@0/pmic\@30/regulators/regullator-vouts1/name ;echo $?'
SNBTSHKJWX0
SNBTSHKJWX 0
root@arm:~# echo 'ZHNE''GQLCCM'
ZHNEGQLCCM
root@arm:~# MARKER='FHLV''LFGCHN' run 'test -f /sys/kernel/mva_test/regulators/buuck6_en ;echo $?'
FHLVLFGCHN0
FHLVLFGCHN 0
root@arm:~# echo 'UKON''FUQFXH'
UKONFUQFXH
root@arm:~# MARKER='MUVE''JUBSMZ' run 'test -f /sys/kernel/mva_test/regulators/buuck6_set ;echo $?'
MUVEJUBSMZ0
MUVEJUBSMZ 0
root@arm:~# Labgrid Console Logfile for main
Logfile started at 2024-11-22 08:49:11.195897
=== Log starts here ===

root@arm:~# run() { echo -n "$MARKER"; sh -c "$@"; echo "$MARKER $?"; }
root@arm:~# echo 'MTTS''YGHJKS'
MTTSYGHJKS
root@arm:~# MARKER='QVWQ''VLLZGT' run 'grep -r -l rohm,bd9576 /proc/device-tree || sed '"'"'s![^/]*$!!'"'"''
QVWQVLLZGT/proc/device-tree/ocp/interconnect@48000000/segment@100000/target-module@9c000/i2c@0/pmic@30/
QVWQVLLZGT 0
root@arm:~# echo 'ULTX''HKGZOC'
ULTXHKGZOC
root@arm:~# MARKER='LCAA''COGUFC' run 'test -f /proc/device-tree/ocp/interconnectt\@48000000/segment\@100000/target-module\@9c000/i2c\@0/pmic\@30/rohm,vout1-en-loow ;echo $?'
LCAACOGUFC0
LCAACOGUFC 0
root@arm:~# echo 'PJZS''MLUVSQ'
PJZSMLUVSQ
root@arm:~# MARKER='ZAXQ''HJVOLF' run 'grep -r -l rohm,bd9576 /proc/device-tree || sed '"'"'s![^/]*$!!'"'"''
ZAXQHJVOLF/proc/device-tree/ocp/interconnect@48000000/segment@100000/target-module@9c000/i2c@0/pmic@30/
ZAXQHJVOLF 0
root@arm:~# echo 'KXSQ''WVMZXA'
KXSQWVMZXA
root@arm:~# MARKER='NFEO''OFZATT' run 'test -f /proc/device-tree/ocp/interconnectt\@48000000/segment\@100000/target-module\@9c000/i2c\@0/pmic\@30/regulators/regullator-vd50/rohm,no-regulator-enable-control ;echo $?'
NFEOOFZATT1
NFEOOFZATT 0
root@arm:~# echo 'JXMS''EYGECF'
JXMSEYGECF
root@arm:~# MARKER='HCWN''OFQGJL' run 'i2cget -y -f 2 0x30 0x41'
HCWNOFQGJL0x20
HCWNOFQGJL 0
root@arm:~# echo 'MXVE''GKQKWM'
MXVEGKQKWM
root@arm:~# MARKER='ZXNO''QVHUYY' run 'cat /sys/kernel/mva_test/regulators/buck1__en'
ZXNOQVHUYY0 ZXNOQVHUYY 0
root@arm:~# echo 'GOUA''PKEWLA'
GOUAPKEWLA
root@arm:~# MARKER='XMAX''CAPUAH' run 'grep -r -l rohm,bd9576 /proc/device-tree || sed '"'"'s![^/]*$!!'"'"''
XMAXCAPUAH/proc/device-tree/ocp/interconnect@48000000/segment@100000/target-module@9c000/i2c@0/pmic@30/
XMAXCAPUAH 0
root@arm:~# echo 'EKAC''LCJPCV'
EKACLCJPCV
root@arm:~# MARKER='BCYK''SGHEGV' run 'test -f /proc/device-tree/ocp/interconnectt\@48000000/segment\@100000/target-module\@9c000/i2c\@0/pmic\@30/regulators/regullator-vd18/rohm,no-regulator-enable-control ;echo $?'
BCYKSGHEGV1
BCYKSGHEGV 0
root@arm:~# echo 'SPZE''SNHPJS'
SPZESNHPJS
root@arm:~# MARKER='BWGO''PHTFAK' run 'i2cget -y -f 2 0x30 0x42'
BWGOPHTFAK0x61
BWGOPHTFAK 0
root@arm:~# echo 'ESHK''JXCEQX'
ESHKJXCEQX
root@arm:~# MARKER='MOTC''QQMVNF' run 'cat /sys/kernel/mva_test/regulators/buck2__en'
MOTCQQMVNF1 MOTCQQMVNF 0
root@arm:~# echo 'UQMO''HGCVPN'
UQMOHGCVPN
root@arm:~# MARKER='LBWP''BJPFNZ' run 'grep -r -l rohm,bd9576 /proc/device-tree || sed '"'"'s![^/]*$!!'"'"''
LBWPBJPFNZ/proc/device-tree/ocp/interconnect@48000000/segment@100000/target-module@9c000/i2c@0/pmic@30/
LBWPBJPFNZ 0
root@arm:~# echo 'NKVZ''OXVVMJ'
NKVZOXVVMJ
root@arm:~# MARKER='TXAY''YVLGTL' run 'test -f /proc/device-tree/ocp/interconnectt\@48000000/segment\@100000/target-module\@9c000/i2c\@0/pmic\@30/regulators/regullator-vdddr/rohm,no-regulator-enable-control ;echo $?'
TXAYYVLGTL1
TXAYYVLGTL 0
root@arm:~# echo 'UBKG''HUMVSY'
UBKGHUMVSY
root@arm:~# MARKER='WMKF''ZVHAGP' run 'i2cget -y -f 2 0x30 0x43'
WMKFZVHAGP0x45
WMKFZVHAGP 0
root@arm:~# echo 'NPVT''YSTGTF'
NPVTYSTGTF
root@arm:~# MARKER='BUUW''WSOTPT' run 'cat /sys/kernel/mva_test/regulators/buck3__en'
BUUWWSOTPT1 BUUWWSOTPT 0
root@arm:~# echo 'GSWH''ZAFZGS'
GSWHZAFZGS
root@arm:~# MARKER='MGFY''AYSYNW' run 'grep -r -l rohm,bd9576 /proc/device-tree || sed '"'"'s![^/]*$!!'"'"''
MGFYAYSYNW/proc/device-tree/ocp/interconnect@48000000/segment@100000/target-module@9c000/i2c@0/pmic@30/
MGFYAYSYNW 0
root@arm:~# echo 'PGFU''LCWSVC'
PGFULCWSVC
root@arm:~# MARKER='FWSU''LKXUKJ' run 'test -f /proc/device-tree/ocp/interconnectt\@48000000/segment\@100000/target-module\@9c000/i2c\@0/pmic\@30/regulators/regullator-vd10/rohm,no-regulator-enable-control ;echo $?'
FWSULKXUKJ1
FWSULKXUKJ 0
root@arm:~# echo 'JWJP''FTVWNC'
JWJPFTVWNC
root@arm:~# MARKER='PZTO''QKZHJE' run 'i2cget -y -f 2 0x30 0x44'
PZTOQKZHJE0x73
PZTOQKZHJE 0
root@arm:~# echo 'PPBN''MXCVMJ'
PPBNMXCVMJ
root@arm:~# MARKER='JNSM''USLHME' run 'cat /sys/kernel/mva_test/regulators/buck4__en'
JNSMUSLHME1 JNSMUSLHME 0
root@arm:~# echo 'PEAT''KVFPHB'
PEATKVFPHB
root@arm:~# MARKER='FBOM''EZWSVC' run 'grep -r -l rohm,bd9576 /proc/device-tree || sed '"'"'s![^/]*$!!'"'"''
FBOMEZWSVC/proc/device-tree/ocp/interconnect@48000000/segment@100000/target-module@9c000/i2c@0/pmic@30/
FBOMEZWSVC 0
root@arm:~# echo 'ZBGL''BOZHVY'
ZBGLBOZHVY
root@arm:~# MARKER='UEYN''TBQQFF' run 'test -f /proc/device-tree/ocp/interconnectt\@48000000/segment\@100000/target-module\@9c000/i2c\@0/pmic\@30/regulators/regullator-voutl1/rohm,no-regulator-enable-control ;echo $?'
UEYNTBQQFF1
UEYNTBQQFF 0
root@arm:~# echo 'SAQY''CHCCWX'
SAQYCHCCWX
root@arm:~# MARKER='PNVS''PHTNSV' run 'i2cget -y -f 2 0x30 0x45'
PNVSPHTNSV0x36
PNVSPHTNSV 0
root@arm:~# echo 'TLZL''JPCSLY'
TLZLJPCSLY
root@arm:~# MARKER='WMOC''CCENEC' run 'cat /sys/kernel/mva_test/regulators/buck5__en'
WMOCCCENEC1 WMOCCCENEC 0
root@arm:~# echo 'GZYV''MKPTZW'
GZYVMKPTZW
root@arm:~# MARKER='AQEO''GLOPTP' run 'grep -r -l rohm,bd9576 /proc/device-tree || sed '"'"'s![^/]*$!!'"'"''
AQEOGLOPTP/proc/device-tree/ocp/interconnect@48000000/segment@100000/target-module@9c000/i2c@0/pmic@30/
AQEOGLOPTP 0
root@arm:~# echo 'YYFJ''BQPOVH'
YYFJBQPOVH
root@arm:~# MARKER='NZYS''METHNY' run 'test -f /proc/device-tree/ocp/interconnectt\@48000000/segment\@100000/target-module\@9c000/i2c\@0/pmic\@30/regulators/regullator-vouts1/rohm,no-regulator-enable-control ;echo $?'
NZYSMETHNY1
NZYSMETHNY 0
root@arm:~# echo 'HSYG''FJNNTQ'
HSYGFJNNTQ
root@arm:~# MARKER='EBMU''OKUWBL' run 'i2cget -y -f 2 0x30 0x46'
EBMUOKUWBL0x52
EBMUOKUWBL 0
root@arm:~# echo 'NTFT''XPXUUN'
NTFTXPXUUN
root@arm:~# MARKER='NNYL''ZFBSQO' run 'cat /sys/kernel/mva_test/regulators/buck6__en'
NNYLZFBSQO1 NNYLZFBSQO 0
root@arm:~# Labgrid Console Logfile for main
Logfile started at 2024-11-22 08:49:19.340456
=== Log starts here ===

root@arm:~# run() { echo -n "$MARKER"; sh -c "$@"; echo "$MARKER $?"; }
root@arm:~# echo 'XZVL''UFHLWB'
XZVLUFHLWB
root@arm:~# MARKER='XTUO''MFNFVG' run 'cat /sys/kernel/mva_test/regulators/buck1__set'
XTUOMFNFVG5000000
XTUOMFNFVG 0
root@arm:~# echo 'BGHL''LJJHFN'
BGHLLJJHFN
root@arm:~# MARKER='VHMO''JUAOVL' run 'i2cget -y -f 2 0x30 0x50'
VHMOJUAOVL0x00
VHMOJUAOVL 0
root@arm:~# echo 'AWNF''HCYWBY'
AWNFHCYWBY
root@arm:~# MARKER='TZJP''TJBNSG' run 'cat /sys/kernel/mva_test/regulators/buck2__set'
TZJPTJBNSG1800000
TZJPTJBNSG 0
root@arm:~# echo 'HYNF''WZENCJ'
HYNFWZENCJ
root@arm:~# MARKER='NUAP''UOEAUQ' run 'i2cget -y -f 2 0x30 0x53'
NUAPUOEAUQ0x00
NUAPUOEAUQ 0
root@arm:~# echo 'JTJK''JPTWZX'
JTJKJPTWZX
root@arm:~# MARKER='BQQV''TMCOUY' run 'cat /sys/kernel/mva_test/regulators/buck3__set'
BQQVTMCOUY1350000
BQQVTMCOUY 0
root@arm:~# echo 'UJQK''QJKQFQ'
UJQKQJKQFQ
root@arm:~# MARKER='MJEM''YMYPCT' run 'i2cget -y -f 2 0x30 0x56'
MJEMYMYPCT0x00
MJEMYMYPCT 0
root@arm:~# echo 'AHPU''HKTXLE'
AHPUHKTXLE
root@arm:~# MARKER='NVKQ''KEFEKH' run 'cat /sys/kernel/mva_test/regulators/buck4__set'
NVKQKEFEKH1030000
NVKQKEFEKH 0
root@arm:~# echo 'UMFG''CHBZMK'
UMFGCHBZMK
root@arm:~# MARKER='LSGC''CCKSVT' run 'i2cget -y -f 2 0x30 0x59'
LSGCCCKSVT0x00
LSGCCCKSVT 0
root@arm:~# echo 'BYNX''JLOAVF'
BYNXJLOAVF
root@arm:~# MARKER='THKV''LKNLPS' run 'cat /sys/kernel/mva_test/regulators/buck5__set'
THKVLKNLPS2500000
THKVLKNLPS 0
root@arm:~# echo 'HUGC''AKVYEZ'
HUGCAKVYEZ
root@arm:~# MARKER='WZYK''YEQGOT' run 'i2cget -y -f 2 0x30 0x5c'
WZYKYEQGOT0x00
WZYKYEQGOT 0
root@arm:~# echo 'AKGX''QGFGAA'
AKGXQGFGAA
root@arm:~# MARKER='VSQK''UOTJSF' run 'cat /sys/kernel/mva_test/regulators/buck6__set'
VSQKUOTJSF3300000
VSQKUOTJSF 0
root@arm:~# Labgrid Console Logfile for main
Logfile started at 2024-11-22 08:49:24.004496
=== Log starts here ===

root@arm:~# run() { echo -n "$MARKER"; sh -c "$@"; echo "$MARKER $?"; }
root@arm:~# echo 'LMWP''KKOFJG'
LMWPKKOFJG
root@arm:~# MARKER='QVCM''GVHTTK' run 'grep -r -l rohm,bd9576 /proc/device-tree || sed '"'"'s![^/]*$!!'"'"''
QVCMGVHTTK/proc/device-tree/ocp/interconnect@48000000/segment@100000/target-module@9c000/i2c@0/pmic@30/
QVCMGVHTTK 0
root@arm:~# echo 'FCPW''STBFJM'
FCPWSTBFJM
root@arm:~# MARKER='SNGQ''BBYNZM' run 'test -f /proc/device-tree/ocp/interconnectt\@48000000/segment\@100000/target-module\@9c000/i2c\@0/pmic\@30/regulators/regu lator-vd50/rohm,no-regulator-enable-control ;echo $?'
SNGQBBYNZM1
SNGQBBYNZM 0
root@arm:~# echo 'NLAN''KEQQAL'
NLANKEQQAL
root@arm:~# MARKER='EMQN''VJVESE' run 'i2cget -y -f 2 0x30 0x41'
EMQNVJVESE0x20
EMQNVJVESE 0
root@arm:~# echo 'WZFJ''CCEZOZ'
WZFJCCEZOZ
root@arm:~# MARKER='NOJC''MHMYKT' run 'echo 4500000 4500000 > /sys/kernel/mva_tesst/regulators/buck1_set'
NOJCMHMYKTsh: 1: cannot create /sys/kernel/mva_test/regulators/buck1_set: Permission denied
NOJCMHMYKT 2
root@arm:~# echo 'WOZX''ABATYZ'
WOZXABATYZ
root@arm:~# MARKER='WYWG''OBVZTH' run 'i2cget -y -f 2 0x30 0x50'
WYWGOBVZTH0x00
WYWGOBVZTH 0
root@arm:~# echo 'NEMJ''KFBTXS'
NEMJKFBTXS
root@arm:~# MARKER='TXMF''MOCNYE' run 'echo 4490000 4490000 > /sys/kernel/mva_tesst/regulators/buck1_set'
TXMFMOCNYEsh: 1: cannot create /sys/kernel/mva_test/regulators/buck1_set: Permission denied
TXMFMOCNYE 2
root@arm:~# echo 'OMMU''XTEKGE'
OMMUXTEKGE
root@arm:~# MARKER='HKBX''WWOXZF' run 'i2cget -y -f 2 0x30 0x50'
HKBXWWOXZF0x00
HKBXWWOXZF 0
root@arm:~# echo 'PQVT''HZXEQO'
PQVTHZXEQO
root@arm:~# MARKER='OPPM''CZENMA' run 'echo 5500000 5500000 > /sys/kernel/mva_tesst/regulators/buck1_set'
OPPMCZENMAsh: 1: cannot create /sys/kernel/mva_test/regulators/buck1_set: Permission denied
OPPMCZENMA 2
root@arm:~# echo 'BCMA''HLQWAL'
BCMAHLQWAL
root@arm:~# MARKER='STHJ''QCMPKT' run 'i2cget -y -f 2 0x30 0x50'
STHJQCMPKT0x00
STHJQCMPKT 0
root@arm:~# echo 'FVXS''QVSSCX'
FVXSQVSSCX
root@arm:~# MARKER='UYAQ''EPEEJF' run 'echo 5510000 5510000 > /sys/kernel/mva_tesst/regulators/buck1_set'
UYAQEPEEJFsh: 1: cannot create /sys/kernel/mva_test/regulators/buck1_set: Permission denied
UYAQEPEEJF 2
root@arm:~# echo 'KBEW''SFBAYM'
KBEWSFBAYM
root@arm:~# MARKER='NEVY''EPVJMA' run 'i2cget -y -f 2 0x30 0x50'
NEVYEPVJMA0x00
NEVYEPVJMA 0
root@arm:~# echo 'AVAN''EQAHCO'
AVANEQAHCO
root@arm:~# MARKER='JHMK''AWOHVY' run 'grep -r -l rohm,bd9576 /proc/device-tree || sed '"'"'s![^/]*$!!'"'"''
JHMKAWOHVY/proc/device-tree/ocp/interconnect@48000000/segment@100000/target-module@9c000/i2c@0/pmic@30/
JHMKAWOHVY 0
root@arm:~# echo 'HPQC''VSOUNM'
HPQCVSOUNM
root@arm:~# MARKER='HJAN''HVUVOQ' run 'test -f /proc/device-tree/ocp/interconnectt\@48000000/segment\@100000/target-module\@9c000/i2c\@0/pmic\@30/regulators/regullator-vd18/rohm,no-regulator-enable-control ;echo $?'
HJANHVUVOQ1
HJANHVUVOQ 0
root@arm:~# echo 'MGCF''QNMSUJ'
MGCFQNMSUJ
root@arm:~# MARKER='HEXZ''YEBMTB' run 'i2cget -y -f 2 0x30 0x42'
HEXZYEBMTB0x61
HEXZYEBMTB 0
root@arm:~# echo 'VMOW''OUTPGO'
VMOWOUTPGO
root@arm:~# MARKER='XHZE''MYFGKY' run 'echo 1800000 1800000 > /sys/kernel/mva_tesst/regulators/buck2_set'
XHZEMYFGKYsh: 1: cannot create /sys/kernel/mva_test/regulators/buck2_set: Permission denied
XHZEMYFGKY 2
root@arm:~# echo 'UMLG''OVAZFY'
UMLGOVAZFY
root@arm:~# MARKER='KECQ''OYWYTK' run 'i2cget -y -f 2 0x30 0x53'
KECQOYWYTK0x00
KECQOYWYTK 0
root@arm:~# echo 'FJOF''AEHYXU'
FJOFAEHYXU
root@arm:~# MARKER='ZSFG''FLUJCU' run 'echo 1790000 1790000 > /sys/kernel/mva_tesst/regulators/buck2_set'
ZSFGFLUJCUsh: 1: cannot create /sys/kernel/mva_test/regulators/buck2_set: Permission denied
ZSFGFLUJCU 2
root@arm:~# echo 'QYVU''YCGQFK'
QYVUYCGQFK
root@arm:~# MARKER='OSLJ''AKNMLX' run 'i2cget -y -f 2 0x30 0x53'
OSLJAKNMLX0x00
OSLJAKNMLX 0
root@arm:~# echo 'OZYP''SHQGTH'
OZYPSHQGTH
root@arm:~# MARKER='BGNP''MGZBWQ' run 'echo 1940000 1940000 > /sys/kernel/mva_tesst/regulators/buck2_set'
BGNPMGZBWQsh: 1: cannot create /sys/kernel/mva_test/regulators/buck2_set: Permission denied
BGNPMGZBWQ 2
root@arm:~# echo 'FEPC''BYCCWJ'
FEPCBYCCWJ
root@arm:~# MARKER='EAXB''EAAPVV' run 'i2cget -y -f 2 0x30 0x53'
EAXBEAAPVV0x00
EAXBEAAPVV 0
root@arm:~# echo 'MBAE''FNMPPX'
MBAEFNMPPX
root@arm:~# MARKER='LQVZ''BPMNTM' run 'echo 1950000 1950000 > /sys/kernel/mva_tesst/regulators/buck2_set'
LQVZBPMNTMsh: 1: cannot create /sys/kernel/mva_test/regulators/buck2_set: Permission denied
LQVZBPMNTM 2
root@arm:~# echo 'QCGP''QEJYKZ'
QCGPQEJYKZ
root@arm:~# MARKER='GWOE''JUXFCX' run 'i2cget -y -f 2 0x30 0x53'
GWOEJUXFCX0x00
GWOEJUXFCX 0
root@arm:~# echo 'EAAU''XTJSKL'
EAAUXTJSKL
root@arm:~# MARKER='HAAX''FMQXPE' run 'grep -r -l rohm,bd9576 /proc/device-tree || sed '"'"'s![^/]*$!!'"'"''
HAAXFMQXPE/proc/device-tree/ocp/interconnect@48000000/segment@100000/target-module@9c000/i2c@0/pmic@30/
HAAXFMQXPE 0
root@arm:~# echo 'JCAO''JHGLMT'
JCAOJHGLMT
root@arm:~# MARKER='LWVQ''UGTLUK' run 'test -f /proc/device-tree/ocp/interconnectt\@48000000/segment\@100000/target-module\@9c000/i2c\@0/pmic\@30/regulators/regullator-vdddr/rohm,no-regulator-enable-control ;echo $?'
LWVQUGTLUK1
LWVQUGTLUK 0
root@arm:~# echo 'HTOL''NLLKNS'
HTOLNLLKNS
root@arm:~# MARKER='PQTG''JPOXZO' run 'i2cget -y -f 2 0x30 0x43'
PQTGJPOXZO0x45
PQTGJPOXZO 0
root@arm:~# echo 'PHYJ''CQWWYH'
PHYJCQWWYH
root@arm:~# MARKER='HZHN''NXMLZJ' run 'echo 1350000 1350000 > /sys/kernel/mva_tesst/regulators/buck3_set'
HZHNNXMLZJsh: 1: cannot create /sys/kernel/mva_test/regulators/buck3_set: Permission denied
HZHNNXMLZJ 2
root@arm:~# echo 'KMJX''UHOEPU'
KMJXUHOEPU
root@arm:~# MARKER='ZZEW''UXQWCF' run 'i2cget -y -f 2 0x30 0x56'
ZZEWUXQWCF0x00
ZZEWUXQWCF 0
root@arm:~# echo 'AUNH''NWNXJP'
AUNHNWNXJP
root@arm:~# MARKER='VLCT''XCZFFT' run 'echo 1340000 1340000 > /sys/kernel/mva_tesst/regulators/buck3_set'
VLCTXCZFFTsh: 1: cannot create /sys/kernel/mva_test/regulators/buck3_set: Permission denied
VLCTXCZFFT 2
root@arm:~# echo 'OEXH''SHYEGZ'
OEXHSHYEGZ
root@arm:~# MARKER='LUFG''TEQWEN' run 'i2cget -y -f 2 0x30 0x56'
LUFGTEQWEN0x00
LUFGTEQWEN 0
root@arm:~# echo 'KGQK''MGSMHZ'
KGQKMGSMHZ
root@arm:~# MARKER='BMQT''KBBSLX' run 'echo 1660000 1660000 > /sys/kernel/mva_tesst/regulators/buck3_set'
BMQTKBBSLXsh: 1: cannot create /sys/kernel/mva_test/regulators/buck3_set: Permission denied
BMQTKBBSLX 2
root@arm:~# echo 'BFPT''MKAAPZ'
BFPTMKAAPZ
root@arm:~# MARKER='KKVZ''XTLOUW' run 'i2cget -y -f 2 0x30 0x56'
KKVZXTLOUW0x00
KKVZXTLOUW 0
root@arm:~# echo 'KABV''EXACCJ'
KABVEXACCJ
root@arm:~# MARKER='XHPG''XUNMUC' run 'echo 1670000 1670000 > /sys/kernel/mva_tesst/regulators/buck3_set'
XHPGXUNMUCsh: 1: cannot create /sys/kernel/mva_test/regulators/buck3_set: Permission denied
XHPGXUNMUC 2
root@arm:~# echo 'PWGL''EHGZEQ'
PWGLEHGZEQ
root@arm:~# MARKER='WWNB''OTWCGH' run 'i2cget -y -f 2 0x30 0x56'
WWNBOTWCGH0x00
WWNBOTWCGH 0
root@arm:~# echo 'NFQQ''CFNYCC'
NFQQCFNYCC
root@arm:~# MARKER='VXTY''HALBOF' run 'grep -r -l rohm,bd9576 /proc/device-tree || sed '"'"'s![^/]*$!!'"'"''
VXTYHALBOF/proc/device-tree/ocp/interconnect@48000000/segment@100000/target-module@9c000/i2c@0/pmic@30/
VXTYHALBOF 0
root@arm:~# echo 'NXPY''UYFZOL'
NXPYUYFZOL
root@arm:~# MARKER='LOJO''JQZXOX' run 'test -f /proc/device-tree/ocp/interconnectt\@48000000/segment\@100000/target-module\@9c000/i2c\@0/pmic\@30/regulators/regullator-vd10/rohm,no-regulator-enable-control ;echo $?'
LOJOJQZXOX1
LOJOJQZXOX 0
root@arm:~# echo 'XLBX''YSAYAO'
XLBXYSAYAO
root@arm:~# MARKER='JWQK''VTBLQE' run 'i2cget -y -f 2 0x30 0x44'
JWQKVTBLQE0x73
JWQKVTBLQE 0
root@arm:~# echo 'MXFX''HXJPQN'
MXFXHXJPQN
root@arm:~# MARKER='XXAG''AOWKFM' run 'echo 1030000 1030000 > /sys/kernel/mva_tesst/regulators/buck4_set'
XXAGAOWKFMsh: 1: cannot create /sys/kernel/mva_test/regulators/buck4_set: Permission denied
XXAGAOWKFM 2
root@arm:~# echo 'VBLA''BVYCUP'
VBLABVYCUP
root@arm:~# MARKER='GBVP''YYAYBN' run 'i2cget -y -f 2 0x30 0x59'
GBVPYYAYBN0x00
GBVPYYAYBN 0
root@arm:~# echo 'HPZC''XBLCQW'
HPZCXBLCQW
root@arm:~# MARKER='POVU''NSFAGC' run 'echo 1020000 1020000 > /sys/kernel/mva_tesst/regulators/buck4_set'
POVUNSFAGCsh: 1: cannot create /sys/kernel/mva_test/regulators/buck4_set: Permission denied
POVUNSFAGC 2
root@arm:~# echo 'SNQJ''SGKTUG'
SNQJSGKTUG
root@arm:~# MARKER='EVAZ''TUYOYW' run 'i2cget -y -f 2 0x30 0x59'
EVAZTUYOYW0x00
EVAZTUYOYW 0
root@arm:~# echo 'TFMN''LMQHYV'
TFMNLMQHYV
root@arm:~# MARKER='SBSG''PXGUUW' run 'echo 1340000 1340000 > /sys/kernel/mva_tesst/regulators/buck4_set'
SBSGPXGUUWsh: 1: cannot create /sys/kernel/mva_test/regulators/buck4_set: Permission denied
SBSGPXGUUW 2
root@arm:~# echo 'YVEU''HFKUOS'
YVEUHFKUOS
root@arm:~# MARKER='XOQP''TMGQMV' run 'i2cget -y -f 2 0x30 0x59'
XOQPTMGQMV0x00
XOQPTMGQMV 0
root@arm:~# echo 'EONW''OCPAPZ'
EONWOCPAPZ
root@arm:~# MARKER='KKWY''KTEKMU' run 'echo 1350000 1350000 > /sys/kernel/mva_tesst/regulators/buck4_set'
KKWYKTEKMUsh: 1: cannot create /sys/kernel/mva_test/regulators/buck4_set: Permission denied
KKWYKTEKMU 2
root@arm:~# echo 'VKAG''BXATLS'
VKAGBXATLS
root@arm:~# MARKER='OJJL''GFGMOT' run 'i2cget -y -f 2 0x30 0x59'
OJJLGFGMOT0x00
OJJLGFGMOT 0
root@arm:~# echo 'KWPY''KMNAEB'
KWPYKMNAEB
root@arm:~# MARKER='TBAS''WLAHPW' run 'grep -r -l rohm,bd9576 /proc/device-tree || sed '"'"'s![^/]*$!!'"'"''
TBASWLAHPW/proc/device-tree/ocp/interconnect@48000000/segment@100000/target-module@9c000/i2c@0/pmic@30/
TBASWLAHPW 0
root@arm:~# echo 'ZPLK''BYGFAO'
ZPLKBYGFAO
root@arm:~# MARKER='OLLF''HCGJZX' run 'test -f /proc/device-tree/ocp/interconnectt\@48000000/segment\@100000/target-module\@9c000/i2c\@0/pmic\@30/regulators/regullator-voutl1/rohm,no-regulator-enable-control ;echo $?'
OLLFHCGJZX1
OLLFHCGJZX 0
root@arm:~# echo 'CUZS''MKXEWZ'
CUZSMKXEWZ
root@arm:~# MARKER='SMFU''OTCZZN' run 'i2cget -y -f 2 0x30 0x45'
SMFUOTCZZN0x36
SMFUOTCZZN 0
root@arm:~# echo 'PMYX''ALTNWE'
PMYXALTNWE
root@arm:~# MARKER='EZFX''JLCHYV' run 'echo 2500000 2500000 > /sys/kernel/mva_tesst/regulators/buck5_set'
EZFXJLCHYVsh: 1: cannot create /sys/kernel/mva_test/regulators/buck5_set: Permission denied
EZFXJLCHYV 2
root@arm:~# echo 'KTPJ''WAZTES'
KTPJWAZTES
root@arm:~# MARKER='TQSL''LHMFEO' run 'i2cget -y -f 2 0x30 0x5c'
TQSLLHMFEO0x00
TQSLLHMFEO 0
root@arm:~# echo 'HZOW''JSKXWX'
HZOWJSKXWX
root@arm:~# MARKER='CMFM''SUQXKS' run 'echo 2490000 2490000 > /sys/kernel/mva_tesst/regulators/buck5_set'
CMFMSUQXKSsh: 1: cannot create /sys/kernel/mva_test/regulators/buck5_set: Permission denied
CMFMSUQXKS 2
root@arm:~# echo 'WTFF''ZASTPH'
WTFFZASTPH
root@arm:~# MARKER='HLAP''XATHQN' run 'i2cget -y -f 2 0x30 0x5c'
HLAPXATHQN0x00
HLAPXATHQN 0
root@arm:~# echo 'QCLE''ZKBFQF'
QCLEZKBFQF
root@arm:~# MARKER='PKJF''TVHXFF' run 'echo 2780000 2780000 > /sys/kernel/mva_tesst/regulators/buck5_set'
PKJFTVHXFFsh: 1: cannot create /sys/kernel/mva_test/regulators/buck5_set: Permission denied
PKJFTVHXFF 2
root@arm:~# echo 'HFFP''XUOELU'
HFFPXUOELU
root@arm:~# MARKER='TAMH''XHFNTB' run 'i2cget -y -f 2 0x30 0x5c'
TAMHXHFNTB0x00
TAMHXHFNTB 0
root@arm:~# echo 'KQAO''ZTWGUM'
KQAOZTWGUM
root@arm:~# MARKER='CEZL''XSKBWZ' run 'echo 2790000 2790000 > /sys/kernel/mva_tesst/regulators/buck5_set'
CEZLXSKBWZsh: 1: cannot create /sys/kernel/mva_test/regulators/buck5_set: Permission denied
CEZLXSKBWZ 2
root@arm:~# echo 'PSTK''LYQYAU'
PSTKLYQYAU
root@arm:~# MARKER='SHLQ''BSKOXT' run 'i2cget -y -f 2 0x30 0x5c'
SHLQBSKOXT0x00
SHLQBSKOXT 0
root@arm:~# echo 'ETMY''XXJTWB'
ETMYXXJTWB
root@arm:~# MARKER='CVLE''XVJYBY' run 'grep -r -l rohm,bd9576 /proc/device-tree || sed '"'"'s![^/]*$!!'"'"''
CVLEXVJYBY/proc/device-tree/ocp/interconnect@48000000/segment@100000/target-module@9c000/i2c@0/pmic@30/
CVLEXVJYBY 0
root@arm:~# echo 'WJBU''JAZTAQ'
WJBUJAZTAQ
root@arm:~# MARKER='NKMB''ZBCCJL' run 'test -f /proc/device-tree/ocp/interconnectt\@48000000/segment\@100000/target-module\@9c000/i2c\@0/pmic\@30/regulators/regullator-vouts1/rohm,no-regulator-enable-control ;echo $?'
NKMBZBCCJL1
NKMBZBCCJL 0
root@arm:~# echo 'QBUM''YGXXOL'
QBUMYGXXOL
root@arm:~# MARKER='EJHL''HGEKSQ' run 'i2cget -y -f 2 0x30 0x46'
EJHLHGEKSQ0x52
EJHLHGEKSQ 0
root@arm:~# Labgrid Console Logfile for main
Logfile started at 2024-11-22 08:49:35.799683
=== Log starts here ===

root@arm:~# run() { echo -n "$MARKER"; sh -c "$@"; echo "$MARKER $?"; }
root@arm:~# echo 'TTHJ''HQLOFV'
TTHJHQLOFV
root@arm:~# MARKER='XTWH''NOUCHT' run 'grep -r -l rohm,bd9576 /proc/device-tree || sed '"'"'s![^/]*$!!'"'"''
XTWHNOUCHT/proc/device-tree/ocp/interconnect@48000000/segment@100000/target-module@9c000/i2c@0/pmic@30/
XTWHNOUCHT 0
root@arm:~# echo 'LQCU''ATVJHU'
LQCUATVJHU
root@arm:~# MARKER='XFVL''QQCUEW' run 'xxd -p /proc/device-tree/ocp/interconnect\\@48000000/segment\@100000/target-module\@9c000/i2c\@0/pmic\@30/regulators/regulaator-vd50/regulator-ov-error-microvolt'
XFVLQQCUEW00057e40
XFVLQQCUEW 0
root@arm:~# echo 'MPMG''WKKWLF'
MPMGWKKWLF
root@arm:~# MARKER='EAPN''HGVNEH' run 'i2cget -y -f 2 0x30 0x51'
EAPNHGVNEH0x47
EAPNHGVNEH 0
root@arm:~# echo 'XGPJ''TQXJLS'
XGPJTQXJLS
root@arm:~# MARKER='KOHT''SVONBA' run 'grep -r -l rohm,bd9576 /proc/device-tree || sed '"'"'s![^/]*$!!'"'"''
KOHTSVONBA/proc/device-tree/ocp/interconnect@48000000/segment@100000/target-module@9c000/i2c@0/pmic@30/
KOHTSVONBA 0
root@arm:~# echo 'PZAS''NHQNXK'
PZASNHQNXK
root@arm:~# MARKER='TNXU''TCEOBZ' run 'xxd -p /proc/device-tree/ocp/interconnect\\@48000000/segment\@100000/target-module\@9c000/i2c\@0/pmic\@30/regulators/regulaator-vd50/regulator-uv-error-microvolt'
TNXUTCEOBZ00057e40
TNXUTCEOBZ 0
root@arm:~# echo 'WOMT''HXXOTJ'
WOMTHXXOTJ
root@arm:~# MARKER='HSKQ''KHPVUB' run 'i2cget -y -f 2 0x30 0x52'
HSKQKHPVUB0x47
HSKQKHPVUB 0
root@arm:~# echo 'QWCQ''PVTSFO'
QWCQPVTSFO
root@arm:~# MARKER='HHYY''HBKHYS' run 'grep -r -l rohm,bd9576 /proc/device-tree || sed '"'"'s![^/]*$!!'"'"''
HHYYHBKHYS/proc/device-tree/ocp/interconnect@48000000/segment@100000/target-module@9c000/i2c@0/pmic@30/
HHYYHBKHYS 0
root@arm:~# echo 'AGPY''EVMXYT'
AGPYEVMXYT
root@arm:~# MARKER='WYJM''LBMLAO' run 'xxd -p /proc/device-tree/ocp/interconnect\\@48000000/segment\@100000/target-module\@9c000/i2c\@0/pmic\@30/regulators/regulaator-vd18/regulator-ov-error-microvolt'
WYJMLBMLAO00004650
WYJMLBMLAO 0
root@arm:~# echo 'KTFK''WUFTVN'
KTFKWUFTVN
root@arm:~# MARKER='EHBF''WBLCPS' run 'i2cget -y -f 2 0x30 0x54'
EHBFWBLCPS0x11
EHBFWBLCPS 0
root@arm:~# echo 'CPWC''YWCMCP'
CPWCYWCMCP
root@arm:~# MARKER='GQFJ''PJQEWT' run 'grep -r -l rohm,bd9576 /proc/device-tree || sed '"'"'s![^/]*$!!'"'"''
GQFJPJQEWT/proc/device-tree/ocp/interconnect@48000000/segment@100000/target-module@9c000/i2c@0/pmic@30/
GQFJPJQEWT 0
root@arm:~# echo 'LMSL''HEGAMV'
LMSLHEGAMV
root@arm:~# MARKER='BHBC''QSCLLQ' run 'xxd -p /proc/device-tree/ocp/interconnect\\@48000000/segment\@100000/target-module\@9c000/i2c\@0/pmic\@30/regulators/regulaator-vd18/regulator-uv-error-microvolt'
BHBCQSCLLQ0001a9c8
BHBCQSCLLQ 0
root@arm:~# echo 'SMOL''XAZCLZ'
SMOLXAZCLZ
root@arm:~# MARKER='XQPL''HHLGVG' run 'i2cget -y -f 2 0x30 0x55'
XQPLHHLGVG0x6c
XQPLHHLGVG 0
root@arm:~# echo 'JQYG''VEHLET'
JQYGVEHLET
root@arm:~# MARKER='KXJQ''NUYZQH' run 'grep -r -l rohm,bd9576 /proc/device-tree || sed '"'"'s![^/]*$!!'"'"''
KXJQNUYZQH/proc/device-tree/ocp/interconnect@48000000/segment@100000/target-module@9c000/i2c@0/pmic@30/
KXJQNUYZQH 0
root@arm:~# echo 'BFBW''YFQSMU'
BFBWYFQSMU
root@arm:~# MARKER='WUKS''PUSCVT' run 'xxd -p /proc/device-tree/ocp/interconnect\\@48000000/segment\@100000/target-module\@9c000/i2c\@0/pmic\@30/regulators/regul ator-vdddr/regulator-ov-warn-microvolt'
WUKSPUSCVT0001adb0
WUKSPUSCVT 0
root@arm:~# echo 'PPGT''GTXTAF'
PPGTGTXTAF
root@arm:~# MARKER='ZZVV''BBOACG' run 'i2cget -y -f 2 0x30 0x57'
ZZVVBBOACG0x6d
ZZVVBBOACG 0
root@arm:~# echo 'EATQ''VLCSLZ'
EATQVLCSLZ
root@arm:~# MARKER='FZCF''XXPLCW' run 'grep -r -l rohm,bd9576 /proc/device-tree || sed '"'"'s![^/]*$!!'"'"''
FZCFXXPLCW/proc/device-tree/ocp/interconnect@48000000/segment@100000/target-module@9c000/i2c@0/pmic@30/
FZCFXXPLCW 0
root@arm:~# echo 'WMPL''BUSKZH'
WMPLBUSKZH
root@arm:~# MARKER='HGLN''UVAHEF' run 'xxd -p /proc/device-tree/ocp/interconnect\\@48000000/segment\@100000/target-module\@9c000/i2c\@0/pmic\@30/regulators/regulaator-vdddr/regulator-uv-warn-microvolt'
HGLNUVAHEF0001adb0
HGLNUVAHEF 0
root@arm:~# echo 'UBWA''HMZJLJ'
UBWAHMZJLJ
root@arm:~# MARKER='KOOB''KQTXLQ' run 'i2cget -y -f 2 0x30 0x58'
KOOBKQTXLQ0x6d
KOOBKQTXLQ 0
root@arm:~# echo 'KESB''ZTKTQA'
KESBZTKTQA
root@arm:~# MARKER='YMLJ''UGTFWP' run 'grep -r -l rohm,bd9576 /proc/device-tree || sed '"'"'s![^/]*$!!'"'"''
YMLJUGTFWP/proc/device-tree/ocp/interconnect@48000000/segment@100000/target-module@9c000/i2c@0/pmic@30/
YMLJUGTFWP 0
root@arm:~# echo 'LBSJ''XMXZEL'
LBSJXMXZEL
root@arm:~# MARKER='XTYX''ELAMGH' run 'xxd -p /proc/device-tree/ocp/interconnect\\@48000000/segment\@100000/target-module\@9c000/i2c\@0/pmic\@30/regulators/regulaator-vd10/regulator-ov-error-microvolt'
XTYXELAMGH00006590
XTYXELAMGH 0
root@arm:~# echo 'OUOO''UTVQWZ'
OUOOUTVQWZ
root@arm:~# MARKER='KLKV''SXJJTT' run 'i2cget -y -f 2 0x30 0x5a'
KLKVSXJJTT0x19
KLKVSXJJTT 0
root@arm:~# echo 'FJHH''TJGJFC'
FJHHTJGJFC
root@arm:~# MARKER='XUUF''NYBAOJ' run 'grep -r -l rohm,bd9576 /proc/device-tree || sed '"'"'s![^/]*$!!'"'"''
XUUFNYBAOJ/proc/device-tree/ocp/interconnect@48000000/segment@100000/target-module@9c000/i2c@0/pmic@30/
XUUFNYBAOJ 0
root@arm:~# echo 'XBPX''OSQTWK'
XBPXOSQTWK
root@arm:~# MARKER='HOKQ''JOHOLW' run 'xxd -p /proc/device-tree/ocp/interconnect\\@48000000/segment\@100000/target-module\@9c000/i2c\@0/pmic\@30/regulators/regul ator-vd10/regulator-uv-error-microvolt'
HOKQJOHOLW00006590
HOKQJOHOLW 0
root@arm:~# echo 'VUJF''SNHFZY'
VUJFSNHFZY
root@arm:~# MARKER='UVEO''FZBQCB' run 'i2cget -y -f 2 0x30 0x5b'
UVEOFZBQCB0x19
UVEOFZBQCB 0
root@arm:~# echo 'HOBF''YBFBXP'
HOBFYBFBXP
root@arm:~# MARKER='PMVK''YSNXMS' run 'grep -r -l rohm,bd9576 /proc/device-tree || sed '"'"'s![^/]*$!!'"'"''
PMVKYSNXMS/proc/device-tree/ocp/interconnect@48000000/segment@100000/target-module@9c000/i2c@0/pmic@30/
PMVKYSNXMS 0
root@arm:~# echo 'FOFU''CACCCJ'
FOFUCACCCJ
root@arm:~# MARKER='ZMQO''LPSOOM' run 'xxd -p /proc/device-tree/ocp/interconnect\\@48000000/segment\@100000/target-module\@9c000/i2c\@0/pmic\@30/regulators/regulaator-voutl1/regulator-ov-error-microvolt'
ZMQOLPSOOM000084d0
ZMQOLPSOOM 0
root@arm:~# echo 'PWPO''LZNUXS'
PWPOLZNUXS
root@arm:~# MARKER='NYYZ''BFZUHH' run 'i2cget -y -f 2 0x30 0x5d'
NYYZBFZUHH0x01
NYYZBFZUHH 0
root@arm:~# echo 'KYVA''WPTVFA'
KYVAWPTVFA
root@arm:~# MARKER='UYAS''MOZQLT' run 'grep -r -l rohm,bd9576 /proc/device-tree || sed '"'"'s![^/]*$!!'"'"''
UYASMOZQLT/proc/device-tree/ocp/interconnect@48000000/segment@100000/target-module@9c000/i2c@0/pmic@30/
UYASMOZQLT 0
root@arm:~# echo 'BXSZ''GVQAXJ'
BXSZGVQAXJ
root@arm:~# MARKER='NUNY''OSXHQA' run 'xxd -p /proc/device-tree/ocp/interconnect\\@48000000/segment\@100000/target-module\@9c000/i2c\@0/pmic\@30/regulators/regulaator-voutl1/regulator-uv-error-microvolt'
NUNYOSXHQA000084d0
NUNYOSXHQA 0
root@arm:~# echo 'KUGL''HHFXAL'
KUGLHHFXAL
root@arm:~# MARKER='FVFL''PYUXEE' run 'i2cget -y -f 2 0x30 0x5e'
FVFLPYUXEE0x01
FVFLPYUXEE 0
root@arm:~# echo 'KOCB''QAMUAF'
KOCBQAMUAF
root@arm:~# MARKER='GMYO''EBOUEM' run 'grep -r -l rohm,bd9576 /proc/device-tree || sed '"'"'s![^/]*$!!'"'"''
GMYOEBOUEM/proc/device-tree/ocp/interconnect@48000000/segment@100000/target-module@9c000/i2c@0/pmic@30/
GMYOEBOUEM 0
root@arm:~# echo 'CQHN''UFTFCS'
CQHNUFTFCS
root@arm:~# MARKER='COEM''YWWOYP' run 'xxd -p /proc/device-tree/ocp/interconnect\\@48000000/segment\@100000/target-module\@9c000/i2c\@0/pmic\@30/regulators/regulaator-vouts1/regulator-oc-warn-microamp'
COEMYWWOYP00055730
COEMYWWOYP 0
root@arm:~# echo 'ZMGU''YWQHPS'
ZMGUYWQHPS
root@arm:~# MARKER='AFUG''ASEFSV' run 'i2cget -y -f 2 0x30 0x5f'
AFUGASEFSV0x07
AFUGASEFSV 0
root@arm:~# echo 'CVCX''VEJAPH'
CVCXVEJAPH
root@arm:~# MARKER='BZTG''KZLGZW' run 'grep -r -l rohm,bd9576 /proc/device-tree || sed '"'"'s![^/]*$!!'"'"''
BZTGKZLGZW/proc/device-tree/ocp/interconnect@48000000/segment@100000/target-module@9c000/i2c@0/pmic@30/
BZTGKZLGZW 0
root@arm:~# echo 'NSCH''VHSNXG'
NSCHVHSNXG
root@arm:~# MARKER='NJFH''HTOFJT' run 'xxd -p /proc/device-tree/ocp/interconnect\\@48000000/segment\@100000/target-module\@9c000/i2c\@0/pmic\@30/regulators/regulaator-vouts1/regulator-oc-protection-microamp'
NJFHHTOFJT00149970
NJFHHTOFJT 0
root@arm:~# echo 'YUWU''GCPNQZ'
YUWUGCPNQZ
root@arm:~# MARKER='OCST''CJPGTG' run 'i2cget -y -f 2 0x30 0x60'
OCSTCJPGTG0x1b
OCSTCJPGTG 0
root@arm:~# Labgrid Console Logfile for main
Logfile started at 2024-11-22 08:49:56.689374
=== Log starts here ===
reading args
spl_load_image_fat_os: error reading image args, err - -1
reading u-boot.img
reading u-boot.img


U-Boot 2014.04-00014-g47880f5 (Apr 22 2014 - 13:23:54)

I2C:   ready
DRAM:  512 MiB
NAND:  0 MiB
MMC:   OMAP SD/MMC: 0, OMAP SD/MMC: 1
*** Warning - readenv() failed, using default environment

Net:   <ethaddr> not set. Validating first E-fuse MAC
cpsw, usb_ether
Hit any key to stop autoboot:  1  0 
gpio: pin 53 (gpio 53) value is 1
mmc0 is current device
gpio: pin 54 (gpio 54) value is 1
SD/MMC found on device 0
reading uEnv.txt
569 bytes read in 4 ms (138.7 KiB/s)
gpio: pin 55 (gpio 55) value is 1
Loaded environment from uEnv.txt
Importing environment from mmc ...
Checking if uenvcmd is set ...
gpio: pin 56 (gpio 56) value is 1
Running uenvcmd ...
cpsw Waiting for PHY auto negotiation to complete. done
link up on port 0, speed 100, full duplex
Using cpsw device
TFTP from server 192.168.255.126; our IP address is 192.168.255.1
Filename 'zImage'.
Load address: 0x81000000
Loading: *#################################################################
	 #################################################################
	 #################################################################
	 #################################################################
	 #################################################################
	 #####################################################
	 2.4 MiB/s
done
Bytes transferred = 5537152 (547d80 hex)
link up on port 0, speed 100, full duplex
Using cpsw device
TFTP from server 192.168.255.126; our IP address is 192.168.255.1
Filename 'am335x-boneblack.dtb'.
Load address: 0x82000000
Loading: *#######
	 2.2 MiB/s
done
Bytes transferred = 98244 (17fc4 hex)
Kernel image @ 0x81000000 [ 0x000000 - 0x547d80 ]
## Flattened Device Tree blob at 82000000
   Booting using the fdt blob at 0x82000000
   Using Device Tree in place at 82000000, end 8201afc3

Starting kernel ...

[    0.000000] Booting Linux on physical CPU 0x0
[    0.000000] Linux version 6.12.0-next-20241122 (user01@drvtest01) (arm-linux-gnueabihf-gcc (Linaro GCC 6.4-2017.11) 6.4.1 20171012, GNU ld (Linaro_Binutils-2017.11) 2.27.0.20161229) #143 SMP Fri Nov 22 08:45:29 EET 2024
[    0.000000] CPU: ARMv7 Processor [413fc082] revision 2 (ARMv7), cr=10c5387d
[    0.000000] CPU: PIPT / VIPT nonaliasing data cache, VIPT aliasing instruction cache
[    0.000000] OF: fdt: Machine model: TI AM335x BeagleBone Black
[    0.000000] Memory policy: Data cache writeback
[    0.000000] cma: Reserved 16 MiB at 0x9e800000 on node -1
[    0.000000] Zone ranges:
[    0.000000]   Normal   [mem 0x0000000080000000-0x000000009fdfffff]
[    0.000000]   HighMem  empty
[    0.000000] Movable zone start for each node
[    0.000000] Early memory node ranges
[    0.000000]   node   0: [mem 0x0000000080000000-0x000000009fdfffff]
[    0.000000] Initmem setup node 0 [mem 0x0000000080000000-0x000000009fdfffff]
[    0.000000] OF: reserved mem: Reserved memory: No reserved-memory node in the DT
[    0.000000] CPU: All CPU(s) started in SVC mode.
[    0.000000] AM335X ES2.1 (sgx neon)
[    0.000000] percpu: Embedded 17 pages/cpu s39564 r8192 d21876 u69632
[    0.000000] Kernel command line: console=ttyO0,115200n8 root=/dev/nfs rw nfsroot=192.168.255.126:/home/user01/nfs,nfsvers=3 ip=192.168.255.1:192.168.255.126::255.255.255.0:bbb1:eth0 nfsrootdebug
[    0.000000] Unknown kernel command line parameters "nfsrootdebug", will be passed to user space.
[    0.000000] printk: log buffer data + meta data: 65536 + 204800 = 270336 bytes
[    0.000000] Dentry cache hash table entries: 65536 (order: 6, 262144 bytes, linear)
[    0.000000] Inode-cache hash table entries: 32768 (order: 5, 131072 bytes, linear)
[    0.000000] Built 1 zonelists, mobility grouping on.  Total pages: 130560
[    0.000000] mem auto-init: stack:off, heap alloc:off, heap free:off
[    0.000000] SLUB: HWalign=64, Order=0-3, MinObjects=0, CPUs=1, Nodes=1
[    0.000000] trace event string verifier disabled
[    0.000000] rcu: Hierarchical RCU implementation.
[    0.000000] rcu: 	RCU event tracing is enabled.
[    0.000000] rcu: 	RCU restricting CPUs from NR_CPUS=2 to nr_cpu_ids=1.
[    0.000000] 	Tracing variant of Tasks RCU enabled.
[    0.000000] rcu: RCU calculated value of scheduler-enlistment delay is 10 jiffies.
[    0.000000] rcu: Adjusting geometry for rcu_fanout_leaf=16, nr_cpu_ids=1
[    0.000000] RCU Tasks Trace: Setting shift to 0 and lim to 1 rcu_task_cb_adjust=1 rcu_task_cpu_ids=1.
[    0.000000] NR_IRQS: 16, nr_irqs: 16, preallocated irqs: 16
[    0.000000] IRQ: Found an INTC at 0x(ptrval) (revision 5.0) with 128 interrupts
[    0.000000] rcu: srcu_init: Setting srcu_struct sizes based on contention.
[    0.000000] TI gptimer clocksource: always-on /ocp/interconnect@44c00000/segment@200000/target-module@31000
[    0.000002] sched_clock: 32 bits at 24MHz, resolution 41ns, wraps every 89478484971ns
[    0.000026] clocksource: dmtimer: mask: 0xffffffff max_cycles: 0xffffffff, max_idle_ns: 79635851949 ns
[    0.000502] TI gptimer clockevent: 24000000 Hz at /ocp/interconnect@48000000/segment@0/target-module@40000
[    0.002144] Console: colour dummy device 80x30
[    0.002211] WARNING: Your 'console=ttyO0' has been replaced by 'ttyS0'
[    0.002218] This ensures that you still see kernel messages. Please
[    0.002223] update your kernel commandline.
[    0.002267] Calibrating delay loop... 996.14 BogoMIPS (lpj=4980736)
[    0.090554] CPU: Testing write buffer coherency: ok
[    0.090655] CPU0: Spectre v2: using BPIALL workaround
[    0.090665] pid_max: default: 32768 minimum: 301
[    0.090790] LSM: initializing lsm=capability
[    0.090960] Mount-cache hash table entries: 1024 (order: 0, 4096 bytes, linear)
[    0.090981] Mountpoint-cache hash table entries: 1024 (order: 0, 4096 bytes, linear)
[    0.092661] CPU0: thread -1, cpu 0, socket -1, mpidr 0
[    0.160936] Setting up static identity map for 0x80100000 - 0x80100078
[    0.170710] rcu: Hierarchical SRCU implementation.
[    0.170723] rcu: 	Max phase no-delay instances is 1000.
[    0.190765] smp: Bringing up secondary CPUs ...
[    0.190822] smp: Brought up 1 node, 1 CPU
[    0.190838] SMP: Total of 1 processors activated (996.14 BogoMIPS).
[    0.190850] CPU: All CPU(s) started in SVC mode.
[    0.191046] Memory: 480840K/522240K available (11264K kernel code, 1213K rwdata, 2896K rodata, 1024K init, 297K bss, 23388K reserved, 16384K cma-reserved, 0K highmem)
[    0.191936] devtmpfs: initialized
[    0.208830] VFP support v0.3: implementor 41 architecture 3 part 30 variant c rev 3
[    0.209181] clocksource: jiffies: mask: 0xffffffff max_cycles: 0xffffffff, max_idle_ns: 19112604462750000 ns
[    0.209215] futex hash table entries: 256 (order: 2, 16384 bytes, linear)
[    0.210512] pinctrl core: initialized pinctrl subsystem
[    0.213528] NET: Registered PF_NETLINK/PF_ROUTE protocol family
[    0.216361] DMA: preallocated 256 KiB pool for atomic coherent allocations
[    0.217268] audit: initializing netlink subsys (disabled)
[    0.218726] thermal_sys: Registered thermal governor 'fair_share'
[    0.218742] thermal_sys: Registered thermal governor 'step_wise'
[    0.218752] thermal_sys: Registered thermal governor 'user_space'
[    0.218909] audit: type=2000 audit(0.210:1): state=initialized audit_enabled=0 res=1
[    0.218948] cpuidle: using governor menu
[    0.237375] /ocp/interconnect@44c00000/segment@200000/target-module@b000/i2c@0/tda19988@70: Fixed dependency cycle(s) with /ocp/interconnect@48000000/segment@300000/target-module@e000/lcdc@0
[    0.238548] /ocp/interconnect@48000000/segment@300000/target-module@e000/lcdc@0: Fixed dependency cycle(s) with /ocp/interconnect@44c00000/segment@200000/target-module@b000/i2c@0/tda19988@70
[    0.240889] No ATAGs?
[    0.240911] hw-breakpoint: debug architecture 0x4 unsupported.
[    0.243673] kprobes: kprobe jump-optimization is enabled. All kprobes are optimized if possible.
[    0.254344] iommu: Default domain type: Translated
[    0.254367] iommu: DMA domain TLB invalidation policy: strict mode
[    0.262709] SCSI subsystem initialized
[    0.263589] pps_core: LinuxPPS API ver. 1 registered
[    0.263601] pps_core: Software ver. 5.3.6 - Copyright 2005-2007 Rodolfo Giometti <giometti@linux.it>
[    0.263624] PTP clock support registered
[    0.271217] vgaarb: loaded
[    0.271638] clocksource: Switched to clocksource dmtimer
[    0.272318] VFS: Disk quotas dquot_6.6.0
[    0.272365] VFS: Dquot-cache hash table entries: 1024 (order 0, 4096 bytes)
[    0.297204] NET: Registered PF_INET protocol family
[    0.297563] IP idents hash table entries: 8192 (order: 4, 65536 bytes, linear)
[    0.298994] tcp_listen_portaddr_hash hash table entries: 512 (order: 0, 4096 bytes, linear)
[    0.299033] Table-perturb hash table entries: 65536 (order: 6, 262144 bytes, linear)
[    0.299050] TCP established hash table entries: 4096 (order: 2, 16384 bytes, linear)
[    0.299094] TCP bind hash table entries: 4096 (order: 4, 65536 bytes, linear)
[    0.299194] TCP: Hash tables configured (established 4096 bind 4096)
[    0.299314] UDP hash table entries: 256 (order: 1, 14336 bytes, linear)
[    0.299350] UDP-Lite hash table entries: 256 (order: 1, 14336 bytes, linear)
[    0.299539] NET: Registered PF_UNIX/PF_LOCAL protocol family
[    0.302321] RPC: Registered named UNIX socket transport module.
[    0.302345] RPC: Registered udp transport module.
[    0.302350] RPC: Registered tcp transport module.
[    0.302355] RPC: Registered tcp-with-tls transport module.
[    0.302361] RPC: Registered tcp NFSv4.1 backchannel transport module.
[    0.302386] PCI: CLS 0 bytes, default 64
[    0.303901] Initialise system trusted keyrings
[    0.311996] workingset: timestamp_bits=14 max_order=17 bucket_order=3
[    0.313341] NFS: Registering the id_resolver key type
[    0.313429] Key type id_resolver registered
[    0.313436] Key type id_legacy registered
[    0.313486] jffs2: version 2.2. (NAND) (SUMMARY)  Â© 2001-2006 Red Hat, Inc.
[    0.313896] Key type asymmetric registered
[    0.313910] Asymmetric key parser 'x509' registered
[    0.313980] io scheduler mq-deadline registered
[    0.313992] io scheduler kyber registered
[    0.314066] io scheduler bfq registered
[    0.315696] ledtrig-cpu: registered to indicate activity on CPUs
[    0.322310] Serial: 8250/16550 driver, 6 ports, IRQ sharing enabled
[    0.372411] brd: module loaded
[    0.397247] loop: module loaded
[    0.398211] mtdoops: mtd device (mtddev=name/number) must be supplied
[    0.401390] i2c_dev: i2c /dev entries driver
[    0.402591] cpuidle: enable-method property 'ti,am3352' found operations
[    0.403053] sdhci: Secure Digital Host Controller Interface driver
[    0.403063] sdhci: Copyright(c) Pierre Ossman
[    0.403237] sdhci-pltfm: SDHCI platform and OF driver helper
[    0.404259] Initializing XFRM netlink socket
[    0.404403] NET: Registered PF_INET6 protocol family
[    0.406447] Segment Routing with IPv6
[    0.406540] In-situ OAM (IOAM) with IPv6
[    0.406641] sit: IPv6, IPv4 and MPLS over IPv4 tunneling driver
[    0.407595] NET: Registered PF_PACKET protocol family
[    0.407635] NET: Registered PF_KEY protocol family
[    0.407761] Key type dns_resolver registered
[    0.408034] ThumbEE CPU extension supported.
[    0.408055] Registering SWP/SWPB emulation handler
[    0.408599] omap_voltage_late_init: Voltage driver support not added
[    0.408951] SmartReflex Class3 initialized
[    0.443782] Loading compiled-in X.509 certificates
[    0.491542] /ocp/interconnect@44c00000/segment@200000/target-module@b000/i2c@0/tda19988@70: Fixed dependency cycle(s) with /ocp/interconnect@48000000/segment@300000/target-module@e000/lcdc@0
[    0.498171] /ocp/interconnect@44c00000/segment@200000/target-module@b000/i2c@0/tda19988@70: Fixed dependency cycle(s) with /ocp/interconnect@48000000/segment@300000/target-module@e000/lcdc@0
[    0.527954] /ocp/interconnect@44c00000/segment@200000/target-module@b000/i2c@0/tda19988@70: Fixed dependency cycle(s) with /ocp/interconnect@48000000/segment@300000/target-module@e000/lcdc@0
[    0.528827] /ocp/interconnect@44c00000/segment@200000/target-module@b000/i2c@0/tda19988@70: Fixed dependency cycle(s) with /ocp/interconnect@48000000/segment@300000/target-module@e000/lcdc@0
[    0.532518] /ocp/interconnect@44c00000/segment@200000/target-module@10000/scm@0/pinmux@800: Fixed dependency cycle(s) with /ocp/interconnect@44c00000/segment@200000/target-module@10000/scm@0/pinmux@800/clkout2-pins
[    0.533118] pinctrl-single 44e10800.pinmux: 142 pins, size 568
[    0.538274] ti-sysc 44e31000.target-module: probe with driver ti-sysc failed with error -16
[    0.559227] /ocp/interconnect@48000000/segment@300000/target-module@e000/lcdc@0: Fixed dependency cycle(s) with /ocp/interconnect@44c00000/segment@200000/target-module@b000/i2c@0/tda19988@70
[    0.567421] ti-sysc 48040000.target-module: probe with driver ti-sysc failed with error -16
[    0.617362] OMAP GPIO hardware version 0.1
[    0.645302] omap_i2c 4819c000.i2c: bus 2 rev0.11 at 100 kHz
[    0.671115] 48000000.interconnect:segment@200000:target-module@0:mpu@0:fck: device ID is greater than 24
[    0.672277] /ocp/interconnect@48000000/segment@300000/target-module@e000/lcdc@0: Fixed dependency cycle(s) with /ocp/interconnect@44c00000/segment@200000/target-module@b000/i2c@0/tda19988@70
[    0.675105] /ocp/interconnect@48000000/segment@300000/target-module@e000/lcdc@0: Fixed dependency cycle(s) with /ocp/interconnect@44c00000/segment@200000/target-module@b000/i2c@0/tda19988@70
[    0.675811] /ocp/interconnect@44c00000/segment@200000/target-module@b000/i2c@0/tda19988@70:  Fixed dependency cycle(s) with /ocp/interconnect@48000000/seg ment@300000/target-module@e000/lcdc@0
[    0.675974] /ocp/int erconnect@48000000/segment@300000/target-module@e000/lcdc@0: F ixed dependency cycle(s) with /ocp/interconnect@44c00000/segment@20000
[    2.502637] tps65217-pmic: Failed to locate of_node [id: -1]
[    2.508718] tps65217-bl: Failed to locate of_node [id: -1]
[    2.520096] tps65217 0-0024: TPS65217 ID 0xe version 1.2
[    2.526250] /ocp/interconnect@48000000/segment@300000/target-module@e000/lcdc@0: Fixed dependency cycle(s) with /ocp/interconnect@44c00000/segment@200000/target-module@b000/i2c@0/tda19988@70
[    2.543648] /ocp/interconnect@44c00000/segment@200000/target-module@b000/i2c@0/tda19988@70: Fixed dependency cycle(s) with /ocp/interconnect@48000000/segment@300000/target-module@e000/lcdc@0
[    2.561017] omap_i2c 44e0b000.i2c: bus 0 rev0.11 at 400 kHz
[    2.569057] omap_gpio 44e07000.gpio: Could not set line 6 debounce to 200000 microseconds (-22)
[    2.577942] sdhci-omap 48060000.mmc: Got CD GPIO
[    2.582984] sdhci-omap 48060000.mmc: supply pbias not found, using dummy regulator
[    2.593028] sdhci-omap 48060000.mmc: supply vqmmc not found, using dummy regulator
[    2.602097] sdhci-omap 481d8000.mmc: supply pbias not found, using dummy regulator
[    2.610092] sdhci-omap 481d8000.mmc: supply vqmmc not found, using dummy regulator
[    2.648197] mmc0: SDHCI controller on 48060000.mmc [48060000.mmc] using External DMA
[    2.656527] mmc1: SDHCI controller on 481d8000.mmc [481d8000.mmc] using External DMA
[    2.665318] cpsw-switch 4a100000.switch: starting ndev. mode: dual_mac
[    2.710870] mmc0: new high speed SDHC card at address 5048
[    2.717993] mmcblk0: mmc0:5048 SD16G 14.4 GiB
[    2.726180]  mmcblk0: p1 p2
[    2.729587] mmcblk0: p2 size 31221760 extends beyond EOD, truncated
[    2.742874] SMSC LAN8710/LAN8720 4a101000.mdio:00: attached PHY driver (mii_bus:phy_addr=4a101000.mdio:00, irq=POLL)
[    2.759971] mmc1: new high speed MMC card at address 0001
[    2.766989] mmcblk1: mmc1:0001 MMC04G 3.60 GiB
[    2.774506]  mmcblk1: p1 p2
[    2.778774] mmcblk1boot0: mmc1:0001 MMC04G 2.00 MiB
[    2.786121] mmcblk1boot1: mmc1:0001 MMC04G 2.00 MiB
[    2.793699] mmcblk1rpmb: mmc1:0001 MMC04G 128 KiB, chardev (250:0)
[    5.922412] cpsw-switch 4a100000.switch eth0: Link is Up - 100Mbps/Full - flow control off
[    5.951657] IP-Config: Complete:
[    5.954932]      device=eth0, hwaddr=6c:ec:eb:68:de:78, ipaddr=192.168.255.1, mask=255.255.255.0, gw=255.255.255.255
[    5.965574]      host=bbb1, domain=, nis-domain=(none)
[    5.970742]      bootserver=192.168.255.126, rootserver=192.168.255.126, rootpath=
[    5.971165] clk: Disabling unused clocks
[    5.983043] PM: genpd: Disabling unused power domains
[    5.988164] KTAP version 1
[    5.990884] 1..0
[    6.016426] VFS: Mounted root (nfs filesystem) on device 0:17.
[    6.023586] devtmpfs: mounted
[    6.028244] Freeing unused kernel image (initmem) memory: 1024K
[    6.035086] Run /sbin/init as init process
[    6.755682] systemd[1]: System time before build time, advancing clock.
[    8.191659] random: crng init done
[    8.233699] systemd[1]: systemd 232 running in system mode. (+PAM +AUDIT +SELINUX +IMA +APPARMOR +SMACK +SYSVINIT +UTMP +LIBCRYPTSETUP +GCRYPT +GNUTLS +ACL +XZ +LZ4 +SECCOMP +BLKID +ELFUTILS +KMOD +IDN)
[    8.253108] systemd[1]: Detected architecture arm.

Welcome to [1mDebian GNU/Linux 9 (stretch)[0m!

[    8.284826] systemd[1]: Set hostname to <arm>.
[    9.399294] systemd[1]: Created slice User and Session Slice.
[[0;32m  OK  [0m] Created slice User and Session Slice.
[    9.422343] systemd[1]: Listening on udev Kernel Socket.
[[0;32m  OK  [0m] Listening on udev Kernel Socket.
[    9.452689] systemd[1]: Listening on Journal Audit Socket.
[[0;32m  OK  [0m] Listening on Journal Audit Socket.
[    9.482561] systemd[1]: Started Forward Password Requests to Wall Directory Watch.
[[0;32m  OK  [0m] Started Forward Password Requests to Wall Directory Watch.
[    9.513666] systemd[1]: Listening on Syslog Socket.
[[0;32m  OK  [0m] Listening on Syslog Socket.
[    9.542075] systemd[1]: Reached target Remote File Systems.
[[0;32m  OK  [0m] Reached target Remote File Systems.
[    9.573645] systemd[1]: Listening on udev Control Socket.
[[0;32m  OK  [0m] Listening on udev Control Socket.
[[0;32m  OK  [0m] Created slice System Slice.
         Mounting POSIX Message Queue File System...
         Mounting Debug File System...
[[0;32m  OK  [0m] Created slice system-getty.slice.
[[0;32m  OK  [0m] Reached target Swap.
[[0;32m  OK  [0m] Created slice system-serial\x2dgetty.slice.
[[0;32m  OK  [0m] Started Dispatch Password Requests to Console Directory Watch.
[[0;32m  OK  [0m] Reached target Encrypted Volumes.
[[0;32m  OK  [0m] Reached target Slices.
[[0;32m  OK  [0m] Reached target Paths.
[[0;32m  OK  [0m] Listening on Journal Socket (/dev/log).
[[0;32m  OK  [0m] Listening on /dev/initctl Compatibility Named Pipe.
[[0;32m  OK  [0m] Listening on Journal Socket.
         Starting Create list of required stâ€¦ce nodes for the current kernel...
         Starting Remount Root and Kernel File Systems...
         Starting Load Kernel Modules...
         Starting Journal Service...
[[0;32m  OK  [0m] Set up automount Arbitrary Executabâ€¦rmats File System Automount Point.
[[0;32m  OK  [0m] Mounted POSIX Message Queue File System.
[[0;32m  OK  [0m] Mounted Debug File System.
[[0;32m  OK  [0m] Started Create list of required staâ€¦vice nodes for the current kernel.
[[0;32m  OK  [0m] Started Remount Root and Kernel File Systems.
         Starting udev Coldplug all Devices...
         Starting Load/Save Random Seed...
         Starting Create Static Device Nodes in /dev...
[[0;32m  OK  [0m] Started Load Kernel Modules.
         Mounting Configuration File System...
         Starting Apply Kernel Variables...
[[0;32m  OK  [0m] Mounted Configuration File System.
[[0;32m  OK  [0m] Started Load/Save Random Seed.
[[0;32m  OK  [0m] Started Apply Kernel Variables.
[[0;32m  OK  [0m] Started Create Static Device Nodes in /dev.
[[0;32m  OK  [0m] Reached target Local File Systems (Pre).
[[0;32m  OK  [0m] Reached target Local File Systems.
         Starting Raise network interfaces...
         Starting udev Kernel Device Manager...
[[0;32m  OK  [0m] Started Journal Service.
         Starting Flush Journal to Persistent Storage...
[   11.824576] systemd-journald[87]: Received request to flush runtime journal from PID 1
[[0;32m  OK  [0m] Started Flush Journal to Persistent Storage.
         Starting Create Volatile Files and Directories...
[[0;32m  OK  [0m] Started udev Kernel Device Manager.
[[0;32m  OK  [0m] Started Create Volatile Files and Directories.
         Starting Network Time Synchronization...
         Starting Update UTMP about System Boot/Shutdown...
[[0;32m  OK  [0m] Started udev Coldplug all Devices.
[   14.623811] remoteproc remoteproc0: wkup_m3 is available
[[0;32m  OK  [0m] Started Update UTMP about System Boot/Shutdown.
[   15.121314] at24 2-0054: supply vcc not found, using dummy regulator
[   15.139180] am335x-phy-driver 47401300.usb-phy: dummy supplies not allowed for exclusive requests (id=vbus)
[   15.159430] usbcore: registered new interface driver usbfs
[   15.165280] usbcore: registered new interface driver hub
[   15.170729] usbcore: registered new device driver usb
[   15.276455] at24 2-0055: supply vcc not found, using dummy regulator
[[0;32m  OK  [0m] Found device /dev/ttyS0.
[   15.333842] am335x-phy-driver 47401b00.usb-phy: dummy supplies not allowed for exclusive requests (id=vbus)
[   15.389140] at24 2-0056: supply vcc not found, using dummy regulator
[   15.443914] tps6521x_pwrbutton tps65217-pwrbutton: DMA mask not set
[   15.494665] at24 2-0057: supply vcc not found, using dummy regulator
[   15.554557] input: tps65217_pwrbutton as /devices/platform/ocp/44c00000.interconnect/44c00000.interconnect:segment@200000/44e0b000.target-module/44e0b000.i2c/i2c-0/0-0024/tps65217-pwrbutton/input/input0
[   15.681231] at24 0-0050: 32768 byte 24c256 EEPROM, writable, 1 bytes/write
[   16.051941] wkup_m3_ipc 44e11324.wkup_m3_ipc: IPC Request for A8->M3 Channel failed! -517
[   16.174116] omap_rtc 44e3e000.rtc: registered as rtc0
