Labgrid Console Logfile for main
Logfile started at 2024-11-04 08:39:11.818721
=== Log starts here ===
reading args
spl_load_image_fat_os: error reading image args, err - -1
reading u-boot.img
reading u-boot.img


U-Boot 2014.04-00014-g47880f5 (Apr 22 2014 - 13:23:54)

I2C:   ready
DRAM:  512 MiB
NAND:  0 MiB
MMC:   OMAP SD/MMC: 0, OMAP SD/MMC: 1
*** Warning - readenv() failed, using default environment

Net:   <ethaddr> not set. Validating first E-fuse MAC
cpsw, usb_ether
Hit any key to stop autoboot:  1  0 
gpio: pin 53 (gpio 53) value is 1
mmc0 is current device
gpio: pin 54 (gpio 54) value is 1
SD/MMC found on device 0
reading uEnv.txt
569 bytes read in 4 ms (138.7 KiB/s)
gpio: pin 55 (gpio 55) value is 1
Loaded environment from uEnv.txt
Importing environment from mmc ...
Checking if uenvcmd is set ...
gpio: pin 56 (gpio 56) value is 1
Running uenvcmd ...
cpsw Waiting for PHY auto negotiation to complete. done
link up on port 0, speed 100, full duplex
Using cpsw device
TFTP from server 192.168.255.126; our IP address is 192.168.255.1
Filename 'zImage'.
Load address: 0x81000000
Loading: *#################################################################
	 #################################################################
	 #################################################################
	 #################################################################
	 #################################################################
	 ####################################################
	 2.4 MiB/s
done
Bytes transferred = 5531656 (546808 hex)
link up on port 0, speed 100, full duplex
Using cpsw device
TFTP from server 192.168.255.126; our IP address is 192.168.255.1
Filename 'am335x-boneblack.dtb'.
Load address: 0x82000000
Loading: *#######
	 2.2 MiB/s
done
Bytes transferred = 98244 (17fc4 hex)
Kernel image @ 0x81000000 [ 0x000000 - 0x546808 ]
## Flattened Device Tree blob at 82000000
   Booting using the fdt blob at 0x82000000
   Using Device Tree in place at 82000000, end 8201afc3

Starting kernel ...

[    0.000000] Booting Linux on physical CPU 0x0
[    0.000000] Linux version 6.12.0-rc5-next-20241104 (user01@drvtest01) (arm-linux-gnueabihf-gcc (Linaro GCC 6.4-2017.11) 6.4.1 20171012, GNU ld (Linaro_Binutils-2017.11) 2.27.0.20161229) #129 SMP Mon Nov  4 08:38:21 EET 2024
[    0.000000] CPU: ARMv7 Processor [413fc082] revision 2 (ARMv7), cr=10c5387d
[    0.000000] CPU: PIPT / VIPT nonaliasing data cache, VIPT aliasing instruction cache
[    0.000000] OF: fdt: Machine model: TI AM335x BeagleBone Black
[    0.000000] Memory policy: Data cache writeback
[    0.000000] cma: Reserved 16 MiB at 0x9e800000 on node -1
[    0.000000] Zone ranges:
[    0.000000]   Normal   [mem 0x0000000080000000-0x000000009fdfffff]
[    0.000000]   HighMem  empty
[    0.000000] Movable zone start for each node
[    0.000000] Early memory node ranges
[    0.000000]   node   0: [mem 0x0000000080000000-0x000000009fdfffff]
[    0.000000] Initmem setup node 0 [mem 0x0000000080000000-0x000000009fdfffff]
[    0.000000] OF: reserved mem: Reserved memory: No reserved-memory node in the DT
[    0.000000] CPU: All CPU(s) started in SVC mode.
[    0.000000] AM335X ES2.1 (sgx neon)
[    0.000000] percpu: Embedded 17 pages/cpu s39564 r8192 d21876 u69632
[    0.000000] Kernel command line: console=ttyO0,115200n8 root=/dev/nfs rw nfsroot=192.168.255.126:/home/user01/nfs,nfsvers=3 ip=192.168.255.1:192.168.255.126::255.255.255.0:bbb1:eth0 nfsrootdebug
[    0.000000] Unknown kernel command line parameters "nfsrootdebug", will be passed to user space.
[    0.000000] printk: log buffer data + meta data: 65536 + 204800 = 270336 bytes
[    0.000000] Dentry cache hash table entries: 65536 (order: 6, 262144 bytes, linear)
[    0.000000] Inode-cache hash table entries: 32768 (order: 5, 131072 bytes, linear)
[    0.000000] Built 1 zonelists, mobility grouping on.  Total pages: 130560
[    0.000000] mem auto-init: stack:off, heap alloc:off, heap free:off
[    0.000000] SLUB: HWalign=64, Order=0-3, MinObjects=0, CPUs=1, Nodes=1
[    0.000000] trace event string verifier disabled
[    0.000000] rcu: Hierarchical RCU implementation.
[    0.000000] rcu: 	RCU event tracing is enabled.
[    0.000000] rcu: 	RCU restricting CPUs from NR_CPUS=2 to nr_cpu_ids=1.
[    0.000000] 	Tracing variant of Tasks RCU enabled.
[    0.000000] rcu: RCU calculated value of scheduler-enlistment delay is 10 jiffies.
[    0.000000] rcu: Adjusting geometry for rcu_fanout_leaf=16, nr_cpu_ids=1
[    0.000000] RCU Tasks Trace: Setting shift to 0 and lim to 1 rcu_task_cb_adjust=1 rcu_task_cpu_ids=1.
[    0.000000] NR_IRQS: 16, nr_irqs: 16, preallocated irqs: 16
[    0.000000] IRQ: Found an INTC at 0x(ptrval) (revision 5.0) with 128 interrupts
[    0.000000] rcu: srcu_init: Setting srcu_struct sizes based on contention.
[    0.000000] TI gptimer clocksource: always-on /ocp/interconnect@44c00000/segment@200000/target-module@31000
[    0.000002] sched_clock: 32 bits at 24MHz, resolution 41ns, wraps every 89478484971ns
[    0.000026] clocksource: dmtimer: mask: 0xffffffff max_cycles: 0xffffffff, max_idle_ns: 79635851949 ns
[    0.000499] TI gptimer clockevent: 24000000 Hz at /ocp/interconnect@48000000/segment@0/target-module@40000
[    0.002132] Console: colour dummy device 80x30
[    0.002199] WARNING: Your 'console=ttyO0' has been replaced by 'ttyS0'
[    0.002208] This ensures that you still see kernel messages. Please
[    0.002212] update your kernel commandline.
[    0.002255] Calibrating delay loop... 996.14 BogoMIPS (lpj=4980736)
[    0.090546] CPU: Testing write buffer coherency: ok
[    0.090667] CPU0: Spectre v2: using BPIALL workaround
[    0.090678] pid_max: default: 32768 minimum: 301
[    0.090806] LSM: initializing lsm=capability
[    0.090988] Mount-cache hash table entries: 1024 (order: 0, 4096 bytes, linear)
[    0.091008] Mountpoint-cache hash table entries: 1024 (order: 0, 4096 bytes, linear)
[    0.092664] CPU0: thread -1, cpu 0, socket -1, mpidr 0
[    0.160920] Setting up static identity map for 0x80100000 - 0x80100078
[    0.170704] rcu: Hierarchical SRCU implementation.
[    0.170715] rcu: 	Max phase no-delay instances is 1000.
[    0.190763] smp: Bringing up secondary CPUs ...
[    0.190821] smp: Brought up 1 node, 1 CPU
[    0.190835] SMP: Total of 1 processors activated (996.14 BogoMIPS).
[    0.190846] CPU: All CPU(s) started in SVC mode.
[    0.191045] Memory: 480864K/522240K available (11264K kernel code, 1213K rwdata, 2892K rodata, 1024K init, 297K bss, 23364K reserved, 16384K cma-reserved, 0K highmem)
[    0.191921] devtmpfs: initialized
[    0.209637] VFP support v0.3: implementor 41 architecture 3 part 30 variant c rev 3
[    0.209999] clocksource: jiffies: mask: 0xffffffff max_cycles: 0xffffffff, max_idle_ns: 19112604462750000 ns
[    0.210032] futex hash table entries: 256 (order: 2, 16384 bytes, linear)
[    0.211528] pinctrl core: initialized pinctrl subsystem
[    0.214383] NET: Registered PF_NETLINK/PF_ROUTE protocol family
[    0.217209] DMA: preallocated 256 KiB pool for atomic coherent allocations
[    0.218159] audit: initializing netlink subsys (disabled)
[    0.219596] thermal_sys: Registered thermal governor 'fair_share'
[    0.219612] thermal_sys: Registered thermal governor 'step_wise'
[    0.219622] thermal_sys: Registered thermal governor 'user_space'
[    0.219775] audit: type=2000 audit(0.210:1): state=initialized audit_enabled=0 res=1
[    0.219811] cpuidle: using governor menu
[    0.238949] No ATAGs?
[    0.238977] hw-breakpoint: debug architecture 0x4 unsupported.
[    0.241827] kprobes: kprobe jump-optimization is enabled. All kprobes are optimized if possible.
[    0.254021] iommu: Default domain type: Translated
[    0.254046] iommu: DMA domain TLB invalidation policy: strict mode
[    0.261649] SCSI subsystem initialized
[    0.262514] pps_core: LinuxPPS API ver. 1 registered
[    0.262524] pps_core: Software ver. 5.3.6 - Copyright 2005-2007 Rodolfo Giometti <giometti@linux.it>
[    0.262550] PTP clock support registered
[    0.270945] vgaarb: loaded
[    0.271355] clocksource: Switched to clocksource dmtimer
[    0.272053] VFS: Disk quotas dquot_6.6.0
[    0.272098] VFS: Dquot-cache hash table entries: 1024 (order 0, 4096 bytes)
[    0.297362] NET: Registered PF_INET protocol family
[    0.297720] IP idents hash table entries: 8192 (order: 4, 65536 bytes, linear)
[    0.299137] tcp_listen_portaddr_hash hash table entries: 512 (order: 0, 4096 bytes, linear)
[    0.299178] Table-perturb hash table entries: 65536 (order: 6, 262144 bytes, linear)
[    0.299201] TCP established hash table entries: 4096 (order: 2, 16384 bytes, linear)
[    0.299244] TCP bind hash table entries: 4096 (order: 4, 65536 bytes, linear)
[    0.299345] TCP: Hash tables configured (established 4096 bind 4096)
[    0.299458] UDP hash table entries: 256 (order: 1, 8192 bytes, linear)
[    0.299487] UDP-Lite hash table entries: 256 (order: 1, 8192 bytes, linear)
[    0.299668] NET: Registered PF_UNIX/PF_LOCAL protocol family
[    0.300943] RPC: Registered named UNIX socket transport module.
[    0.300964] RPC: Registered udp transport module.
[    0.300970] RPC: Registered tcp transport module.
[    0.300975] RPC: Registered tcp-with-tls transport module.
[    0.300980] RPC: Registered tcp NFSv4.1 backchannel transport module.
[    0.301005] PCI: CLS 0 bytes, default 64
[    0.302652] Initialise system trusted keyrings
[    0.312774] workingset: timestamp_bits=14 max_order=17 bucket_order=3
[    0.314111] NFS: Registering the id_resolver key type
[    0.314181] Key type id_resolver registered
[    0.314189] Key type id_legacy registered
[    0.314239] jffs2: version 2.2. (NAND) (SUMMARY)  Â© 2001-2006 Red Hat, Inc.
[    0.314650] Key type asymmetric registered
[    0.314665] Asymmetric key parser 'x509' registered
[    0.314728] io scheduler mq-deadline registered
[    0.314739] io scheduler kyber registered
[    0.314809] io scheduler bfq registered
[    0.316460] ledtrig-cpu: registered to indicate activity on CPUs
[    0.322201] Serial: 8250/16550 driver, 6 ports, IRQ sharing enabled
[    0.375129] brd: module loaded
[    0.396044] loop: module loaded
[    0.396990] mtdoops: mtd device (mtddev=name/number) must be supplied
[    0.400205] i2c_dev: i2c /dev entries driver
[    0.401195] cpuidle: enable-method property 'ti,am3352' found operations
[    0.401872] sdhci: Secure Digital Host Controller Interface driver
[    0.401884] sdhci: Copyright(c) Pierre Ossman
[    0.402068] sdhci-pltfm: SDHCI platform and OF driver helper
[    0.403103] Initializing XFRM netlink socket
[    0.403252] NET: Registered PF_INET6 protocol family
[    0.413194] Segment Routing with IPv6
[    0.413286] In-situ OAM (IOAM) with IPv6
[    0.413386] sit: IPv6, IPv4 and MPLS over IPv4 tunneling driver
[    0.414376] NET: Registered PF_PACKET protocol family
[    0.414414] NET: Registered PF_KEY protocol family
[    0.414554] Key type dns_resolver registered
[    0.414830] ThumbEE CPU extension supported.
[    0.414850] Registering SWP/SWPB emulation handler
[    0.415378] omap_voltage_late_init: Voltage driver support not added
[    0.415728] SmartReflex Class3 initialized
[    0.442819] Loading compiled-in X.509 certificates
[    0.539980] platform 44e10800.pinmux: Fixed dependency cycle(s) with /ocp/interconnect@44c00000/segment@200000/target-module@10000/scm@0/pinmux@800/clkout2-pins
[    0.540537] pinctrl-single 44e10800.pinmux: 142 pins, size 568
[    0.545923] ti-sysc 44e31000.target-module: probe with driver ti-sysc failed with error -16
[    0.582188] ti-sysc 48040000.target-module: probe with driver ti-sysc failed with error -16
[    0.623245] OMAP GPIO hardware version 0.1
[    0.647508] omap_i2c 4819c000.i2c: bus 2 rev0.11 at 100 kHz
[    0.693033] 48000000.interconnect:segment@200000:target-module@0:mpu@0:fck: device ID is greater than 24
[    0.697166] platform 4830e000.lcdc: Fixed dependency cycle(s) with /ocp/interconnect@44c00000/segment@200000/target-module@b000/i2c@0/tda19988@70
[    0.708473] sdhci-omap 481d8000.mmc: supply pbias not found, using dummy regulator
[    0.708986] sdhci-omap 481d8000.mmc: supply vqmmc not found, using dummy regulator
[    0.765421] davinci_mdio 4a101000.mdio: davinci mdio revision 1.6, bus freq 1000000
[    0.931428] davinci_mdio 4a101000.mdio: phy[0]: device 4a101000.mdio:00, driver SMSC LAN8710/LAN8720
[    0.932209] cpsw-switch 4a100000.switch: initialized cpsw ale version 1.4
[    0.932234] cpsw-switch 4a100000.switch: ALE Table size 1024, Policers 0
[    0.932397] cpsw-switch 4a100000.switch: cpts: overflow check period 500 (jiffies)
[    0.932414] cpsw-switch 4a100000.switch: CPTS: ref_clk_freq:250000000 calc_mult:2147483648 calc_shift:29 error:0 nsec/sec
[    0.932524] cpsw-switch 4a100000.switch: Detected MACID = 6c:ec:eb:68:de:78
[    0.934405] cpsw-switch 4a100000.switch: initialized (regs 0x4a100000, pool size 256) hw_ver:0019010C 1.12 (0)
[    0.945567] debugfs: Directory '49000000.dma' with parent 'dmaengine' already present!
[    0.945607] edma 49000000.dma: TI EDMA DMA engine driver
[    0.997846] target-module@4b000000:target-module@140000:pmu@0:fck: device ID is greater than 24
[    1.023515] hw perfevents: enabled with armv7_cortex_a8 PMU driver, 5 (8000000f) counters available
[    1.031209] l3-aon-clkctrl:0000:0: failed to disable
[    1.034536] 44e09000.serial: ttyS0 at MMIO 0x44e09000 (irq = 34, base_baud = 3000000) is a 8250
[    1.034625] printk: legacy console [ttyS0] enabled
 [    2.312362] tps65217-pmic: Failed to locate of_node [id: -1]
[    2.318440] tps65217-bl: Failed to locate of_node [id: -1]
[    2.329872] tps65217 0-0024: TPS65217 ID 0xe version 1.2
[    2.336028] platform 4830e000.lcdc: Fixed dependency cycle(s) wi9] mmcblk0: p2 size 31221760 extends beyond EOD, truncated
[    2.542653] SMSC LAN8710/LAN8720 4a101000.mdio:00: attached PHY driver (mii_bus:phy_addr=4a101000.mdio:00, irq=POLL)
[    2.560601] mmc1: new high speed MMC card at address 0001
[    2.567618] mmcblk1: mmc1:0001 MMC04G 3.60 GiB
[    2.575192]  mmcblk1: p1 p2
[    2.579582] mmcblk1boot0: mmc1:0001 MMC04G 2.00 MiB
[    2.586761] mmcblk1boot1: mmc1:0001 MMC04G 2.00 MiB
[    2.594210] mmcblk1rpmb: mmc1:0001 MMC04G 128 KiB, chardev (250:0)
[    5.682139] cpsw-switch 4a100000.switch eth0: Link is Up - 100Mbps/Full - flow control off
[    5.711373] IP-Config: Complete:
[    5.714649]      device=eth0, hwaddr=6c:ec:eb:68:de:78, ipaddr=192.168.255.1, mask=255.255.255.0, gw=255.255.255.255
[    5.725288]      host=bbb1, domain=, nis-domain=(none)
[    5.730456]      bootserver=192.168.255.126, rootserver=192.168.255.126, rootpath=
[    5.730878] clk: Disabling unused clocks
[    5.742749] PM: genpd: Disabling unused power domains
[    5.747870] KTAP version 1
[    5.750594] 1..0
[    5.786189] VFS: Mounted root (nfs filesystem) on device 0:17.
[    5.793376] devtmpfs: mounted
[    5.798074] Freeing unused kernel image (initmem) memory: 1024K
[    5.804986] Run /sbin/init as init process
[    6.522066] systemd[1]: System time before build time, advancing clock.
[    7.991381] random: crng init done
[    8.032645] systemd[1]: systemd 232 running in system mode. (+PAM +AUDIT +SELINUX +IMA +APPARMOR +SMACK +SYSVINIT +UTMP +LIBCRYPTSETUP +GCRYPT +GNUTLS +ACL +XZ +LZ4 +SECCOMP +BLKID +ELFUTILS +KMOD +IDN)
[    8.051863] systemd[1]: Detected architecture arm.

Welcome to [1mDebian GNU/Linux 9 (stretch)[0m!

[    8.084650] systemd[1]: Set hostname to <arm>.
[    9.210775] systemd[1]: Started Forward Password Requests to Wall Directory Watch.
[[0;32m  OK  [0m] Started Forward Password Requests to Wall Directory Watch.
[    9.243513] systemd[1]: Listening on Journal Socket.
[[0;32m  OK  [0m] Listening on Journal Socket.
[    9.272189] systemd[1]: Listening on Journal Socket (/dev/log).
[[0;32m  OK  [0m] Listening on Journal Socket (/dev/log).
[    9.301977] systemd[1]: Listening on udev Kernel Socket.
[[0;32m  OK  [0m] Listening on udev Kernel Socket.
[    9.332366] systemd[1]: Listening on Journal Audit Socket.
[[0;32m  OK  [0m] Listening on Journal Audit Socket.
[    9.363011] systemd[1]: Created slice System Slice.
[[0;32m  OK  [0m] Created slice System Slice.
[    9.392808] systemd[1]: Created slice system-serial\x2dgetty.slice.
[[0;32m  OK  [0m] Created slice system-serial\x2dgetty.slice.
         Starting Create list of required stâ€¦ce nodes for the current kernel...
         Mounting POSIX Message Queue File System...
[[0;32m  OK  [0m] Set up automount Arbitrary Executabâ€¦rmats File System Automount Point.
[[0;32m  OK  [0m] Listening on udev Control Socket.
[[0;32m  OK  [0m] Created slice User and Session Slice.
         Starting Remount Root and Kernel File Systems...
[[0;32m  OK  [0m] Created slice system-getty.slice.
         Mounting Debug File System...
[[0;32m  OK  [0m] Listening on Syslog Socket.
         Starting Journal Service...
[[0;32m  OK  [0m] Reached target Remote File Systems.
         Starting Load Kernel Modules...
[[0;32m  OK  [0m] Reached target Slices.
[[0;32m  OK  [0m] Started Dispatch Password Requests to Console Directory Watch.
[[0;32m  OK  [0m] Reached target Encrypted Volumes.
[[0;32m  OK  [0m] Reached target Paths.
[[0;32m  OK  [0m] Reached target Swap.
[[0;32m  OK  [0m] Listening on /dev/initctl Compatibility Named Pipe.
[[0;32m  OK  [0m] Mounted POSIX Message Queue File System.
[[0;32m  OK  [0m] Mounted Debug File System.
[[0;32m  OK  [0m] Started Create list of required staâ€¦vice nodes for the current kernel.
[[0;32m  OK  [0m] Started Remount Root and Kernel File Systems.
         Starting udev Coldplug all Devices...
         Starting Load/Save Random Seed...
         Starting Create Static Device Nodes in /dev...
[[0;32m  OK  [0m] Started Load Kernel Modules.
         Mounting Configuration File System...
         Starting Apply Kernel Variables...
[[0;32m  OK  [0m] Mounted Configuration File System.
[[0;32m  OK  [0m] Started Load/Save Random Seed.
[[0;32m  OK  [0m] Started Apply Kernel Variables.
[[0;32m  OK  [0m] Started Create Static Device Nodes in /dev.
[[0;32m  OK  [0m] Reached target Local File Systems (Pre).
[[0;32m  OK  [0m] Reached target Local File Systems.
         Starting Raise network interfaces...
         Starting udev Kernel Device Manager...
[[0;32m  OK  [0m] Started Journal Service.
         Starting Flush Journal to Persistent Storage...
[   11.645633] systemd-journald[86]: Received request to flush runtime journal from PID 1
[[0;32m  OK  [0m] Started Flush Journal to Persistent Storage.
         Starting Create Volatile Files and Directories...
[[0;32m  OK  [0m] Started udev Kernel Device Manager.
[[0;32m  OK  [0m] Started Create Volatile Files and Directories.
         Starting Network Time Synchronization...
         Starting Update UTMP about System Boot/Shutdown...
[[0;32m  OK  [0m] Started udev Coldplug all Devices.
[[0;32m  OK  [0m] Started Update UTMP about System Boot/Shutdown.
[   14.680543] remoteproc remoteproc0: wkup_m3 is available
[   14.733599] omap_rtc 44e3e000.rtc: registered as rtc0
[   14.738813] omap_rtc 44e3e000.rtc: setting system clock to 2000-01-01T00:00:00 UTC (946684800)
[   14.812677] am335x-phy-driver 47401300.usb-phy: dummy supplies not allowed for exclusive requests (id=vbus)
[   14.971065] am335x-phy-driver 47401b00.usb-phy: dummy supplies not allowed for exclusive requests (id=vbus)
[   15.088579] at24 2-0054: supply vcc not found, using dummy regulator
[   15.129591] omap_wdt: OMAP Watchdog Timer Rev 0x01: initial timeout 60 sec
[[0;32m  OK  [0m] Found device /dev/ttyS0.
[   15.246441] at24 2-0055: supply vcc not found, using dummy regulator
[   15.342454] at24 2-0056: supply vcc not found, using dummy regulator
[   15.391283] tps6521x_pwrbutton tps65217-pwrbutton: DMA mask not set
[   15.416309] usbcore: registered new interface driver usbfs
[   15.422200] usbcore: registered new interface driver hub
[   15.427645] usbcore: registered new device driver usb
[   15.492824] at24 2-0057: supply vcc not found, using dummy regulator
[   15.520537] input: tps65217_pwrbutton as /devices/platform/ocp/44c00000.interconnect/44c00000.interconnect:segment@200000/44e0b000.target-module/44e0b000.i2c/i2c-0/0-0024/tps65217-pwrbutton/input/input0
[   15.553990] at24 0-0050: 32768 byte 24c256 EEPROM, writable, 1 bytes/write
[   15.821689] wkup_m3_ipc 44e11324.wkup_m3_ipc: IPC Request for A8->M3 Channel failed! -517
[[0;32m  OK  [0m] Started Network Time Synchronization.
[   16.348803] wkup_m3_ipc 44e11324.wkup_m3_ipc: IPC Request for A8->M3 Channel failed! -517
[[0;32m  OK  [0m] Reached target System Time Synchronized.
[[0;32m  OK  [0m] Reached target System Initialization.
[   16.454200] musb-hdrc musb-hdrc.1: MUSB HDRC host driver
[   16.459623] musb-hdrc musb-hdrc.1: new USB bus registered, assigned bus number 1
[   16.492577] wkup_m3_ipc 44e11324.wkup_m3_ipc: IPC Request for A8->M3 Channel failed! -517
[[0;32m  OK  [0m] Listening on Avahi mDNS/DNS-SD Stack Activation Socket.
[[0;32m  OK  [0m] Started Daily apt download activities.
[   16.655421] usb usb1: New USB device found, idVendor=1d6b, idProduct=0002, bcdDevice= 6.12
[   16.664064] usb usb1: New USB device strings: Mfr=3, Product=2, SerialNumber=1
[   16.671464] usb usb1: Product: MUSB HDRC host driver
[   16.676464] usb usb1: Manufacturer: Linux 6.12.0-rc5-next-20241104 musb-hcd
[   16.683536] usb usb1: SerialNumber: musb-hdrc.1
[[0;32m  OK  [0m] Listening on D-Bus System Message Bus Socket.
[[0;32m  OK  [0m] Reached target Sockets.
[   16.794121] omap-mailbox 480c8000.mailbox: omap mailbox rev 0x400
[[0;32m  OK  [0m] Reached target Basic System.
[   16.863042] remoteproc remoteproc0: powering up wkup_m3
         Starting Telephony service...
[   16.938913] hub 1-0:1.0: USB hub found
[   17.014608] hub 1-0:1.0: 1 port detected
         Starting DUN service...
[   17.058676] remoteproc remoteproc0: Direct firmware load for am335x-pm-firmware.elf failed with error -2
[   17.068616] remoteproc remoteproc0: request_firmware failed: -2
[   17.074761] wkup_m3_ipc 44e11324.wkup_m3_ipc: rproc_boot failed
         Starting LSB: Load kernel modules needed to enable cpufreq scaling...
[   17.207013] tda998x 0-0070: found TDA19988
         Starting Generic Board Startup...
         Starting System Logging Service...
         Starting LSB: Start busybox udhcpd at boot time...
         Starting Avahi mDNS/DNS-SD Stack...
[[0;32m  OK  [0m] Started Regular background program processing daemon.
[[0;32m  OK  [0m] Started D-Bus System Message Bus.
[   19.781736] omap_rng 48310000.rng: Random Number Generator ver. 20
[   19.878257] tilcdc 4830e000.lcdc: bound 0-0070 (ops tda998x_driver_exit [tda998x])
[   20.013806] [drm] Initialized tilcdc 1.0.0 for 4830e000.lcdc on minor 0
[   20.085511] tilcdc 4830e000.lcdc: [drm] Cannot find any crtc or sizes
[   20.094174] tilcdc 4830e000.lcdc: [drm] Cannot find any crtc or sizes
[   21.059263] PM: Cannot get wkup_m3_ipc handle
[   21.188195] omap-sham 53100000.sham: hw accel on OMAP rev 4.3
[   21.302027] omap-sham 53100000.sham: will run requests pump with realtime priority
[   21.329172] PM: Cannot get wkup_m3_ipc handle
[   21.375619] omap-aes 53500000.aes: OMAP AES hw accel rev: 3.2
[   21.469934] omap-aes 53500000.aes: will run requests pump with realtime priority
[   21.481998] PM: Cannot get wkup_m3_ipc handle
[[0;32m  OK  [0m] Started Telephony service.
[[0;32m  OK  [0m] Started DUN service.
[[0;32m  OK  [0m] Started Avahi mDNS/DNS-SD Stack.
         Starting Connection service...
[[0;32m  OK  [0m] Started Daily Cleanup of Temporary Directories.
         Starting Cape Manager Service...
         Starting Login Service...
[[0;32m  OK  [0m] Started Daily apt upgrade and clean activities.
[[0;32m  OK  [0m] Reached target Timers.
[[0;32m  OK  [0m] Started System Logging Service.
[   23.778694] Bluetooth: Core ver 2.22
[   23.782738] NET: Registered PF_BLUETOOTH protocol family
[   23.788266] Bluetooth: HCI device and connection manager initialized
[   23.794805] Bluetooth: HCI socket layer initialized
[   23.799723] Bluetooth: L2CAP socket layer initialized
[   23.804877] Bluetooth: SCO socket layer initialized
[[0;32m  OK  [0m] Started Cape Manager Service.
[   25.255937] PM: Cannot get wkup_m3_ipc handle
[   25.372930] PM: Cannot get wkup_m3_ipc handle
[[0;32m  OK  [0m] Started LSB: Start busybox udhcpd at boot time.
[[0;32m  OK  [0m] Started Raise network interfaces.
[[0;32m  OK  [0m] Started LSB: Load kernel modules needed to enable cpufreq scaling.
[   28.317378] configfs-gadget.g_multi gadget.0: HOST MAC 1c:ba:8c:a2:ed:6c
[   28.324581] configfs-gadget.g_multi gadget.0: MAC 1c:ba:8c:a2:ed:70
[   28.332224] configfs-gadget.g_multi gadget.0: HOST MAC 1c:ba:8c:a2:ed:6c
[   28.338995] configfs-gadget.g_multi gadget.0: MAC 1c:ba:8c:a2:ed:6d
[   28.346647] PM: Cannot get wkup_m3_ipc handle
[[0;32m  OK  [0m] Started Connection service.
[[0;32m  OK  [0m] Reached target Sound Card.
         Starting LSB: set CPUFreq kernel parameters...
[[0;32m  OK  [0m] Reached target Network.
         Starting OpenBSD Secure Shell server...
         Starting Permit User Sessions...
         Starting The Apache HTTP Server...
[[0;32m  OK  [0m] Reached target Network is Online.
         Starting LSB: Advanced IEEE 802.11 management daemon...
[[0;32m  OK  [0m] Started Permit User Sessions.
[[0;32m  OK  [0m] Started LSB: Advanced IEEE 802.11 management daemon.
[[0;32m  OK  [0m] Started Login Service.
         Starting Hostname Service...
         Starting WPA supplicant...
[[0;32m  OK  [0m] Started Getty on tty1.
[[0;32m  OK  [0m] Started Serial Getty on ttyS0.
[[0;32m  OK  [0m] Reached target Login Prompts.
[[0;32m  OK  [0m] Started LSB: set CPUFreq kernel parameters.
[[0;32m  OK  [0m] Started WPA supplicant.
[[0;32m  OK  [0m] Started Hostname Service.
[[0;32m  OK  [0m] Started OpenBSD Secure Shell server.
         Stopping LSB: Start busybox udhcpd at boot time...
[[0;32m  OK  [0m] Stopped LSB: Start busybox udhcpd at boot time.
[[0;32m  OK  [0m] Started The Apache HTTP Server.
         Starting dnsmasq - A lightweight DHCP and caching DNS server...
[[0;32m  OK  [0m] Started dnsmasq - A lightweight DHCP and caching DNS server.
[[0;32m  OK  [0m] Reached target Host and Network Name Lookups.
[[0;32m  OK  [0m] Started Serial Getty on ttyGS0.
[[0;32m  OK  [0m] Started Generic Board Startup.
[[0;32m  OK  [0m] Reached target Multi-User System.
[[0;32m  OK  [0m] Reached target Graphical Interface.
         Starting Update UTMP about System Runlevel Changes...
[[0;32m  OK  [0m] Started Update UTMP about System Runlevel Changes.

Debian GNU/Linux 9 arm ttyS0

default username:password is [debian:temppwd]

arm login: root
Password: 
Last login: Sat Jan  1 00:00:34 UTC 2000 on ttyS0
root
Linux arm 6.12.0-rc5-next-20241104 #129 SMP Mon Nov  4 08:38:21 EET 2024 armv7l

The programs included with the Debian GNU/Linux system are free software;
the exact distribution terms for each program are described in the
individual files in /usr/share/doc/*/copyright.

Debian GNU/Linux comes with ABSOLUTELY NO WARRANTY, to the extent
permitted by applicable law.
root@arm:~# root
-bash: root: command not found
root@arm:~# dmesg -n 1
echo 'ZEQP''AKTKXN'
root@arm:~# echo 'ZEQP''AKTKXN'
ZEQPAKTKXN
root@arm:~# run() { echo -n "$MARKER"; sh -c "$@"; echo "$MARKER $?"; }
root@arm:~# echo 'QPES''UGZLJL'
QPESUGZLJL
root@arm:~# MARKER='QSZC''WMEGTJ' run 'cat /proc/version'
QSZCWMEGTJLinux version 6.12.0-rc5-next-20241104 (user01@drvtest01) (arm-linux-gnueabihf-gcc (Linaro GCC 6.4-2017.11) 6.4.1 20171012, GNU ld (Linaro_Binutils-2017.11) 2.27.0.20161229) #129 SMP Mon Nov  4 08:38:21 EET 2024
QSZCWMEGTJ 0
root@arm:~# echo 'FYTN''SBFKWF'
FYTNSBFKWF
root@arm:~# MARKER='ZHZS''EPNFWG' run false
ZHZSEPNFWGZHZSEPNFWG 1
root@arm:~# Labgrid Console Logfile for main
Logfile started at 2024-11-04 08:40:10.206519
=== Log starts here ===

root@arm:~# run() { echo -n "$MARKER"; sh -c "$@"; echo "$MARKER $?"; }
root@arm:~# echo 'NCTS''UBNETW'
NCTSUBNETW
root@arm:~# MARKER='SVFJ''VKLVSE' run dmesg
SVFJVKLVSE[    0.000000] Booting Linux on physical CPU 0x0
[    0.000000] Linux version 6.12.0-rc5-next-20241104 (user01@drvtest01) (arm-linux-gnueabihf-gcc (Linaro GCC 6.4-2017.11) 6.4.1 20171012, GNU ld (Linaro_Binutils-2017.11) 2.27.0.20161229) #129 SMP Mon Nov  4 08:38:21 EET 2024
[    0.000000] CPU: ARMv7 Processor [413fc082] revision 2 (ARMv7), cr=10c5387d
[    0.000000] CPU: PIPT / VIPT nonaliasing data cache, VIPT aliasing instruction cache
[    0.000000] OF: fdt: Machine model: TI AM335x BeagleBone Black
[    0.000000] Memory policy: Data cache writeback
[    0.000000] cma: Reserved 16 MiB at 0x9e800000 on node -1
[    0.000000] Zone ranges:
[    0.000000]   Normal   [mem 0x0000000080000000-0x000000009fdfffff]
[    0.000000]   HighMem  empty
[    0.000000] Movable zone start for each node
[    0.000000] Early memory node ranges
[    0.000000]   node   0: [mem 0x0000000080000000-0x000000009fdfffff]
[    0.000000] Initmem setup node 0 [mem 0x0000000080000000-0x000000009fdfffff]
[    0.000000] OF: reserved mem: Reserved memory: No reserved-memory node in the DT
[    0.000000] CPU: All CPU(s) started in SVC mode.
[    0.000000] AM335X ES2.1 (sgx neon)
[    0.000000] percpu: Embedded 17 pages/cpu s39564 r8192 d21876 u69632
[    0.000000] pcpu-alloc: s39564 r8192 d21876 u69632 alloc=17*4096
[    0.000000] pcpu-alloc: [0] 0 
[    0.000000] Kernel command line: console=ttyO0,115200n8 root=/dev/nfs rw nfsroot=192.168.255.126:/home/user01/nfs,nfsvers=3 ip=192.168.255.1:192.168.255.126::255.255.255.0:bbb1:eth0 nfsrootdebug
[    0.000000] Unknown kernel command line parameters "nfsrootdebug", will be passed to user space.
[    0.000000] printk: log buffer data + meta data: 65536 + 204800 = 270336 bytes
[    0.000000] Dentry cache hash table entries: 65536 (order: 6, 262144 bytes, linear)
[    0.000000] Inode-cache hash table entries: 32768 (order: 5, 131072 bytes, linear)
[    0.000000] Built 1 zonelists, mobility grouping on.  Total pages: 130560
[    0.000000] mem auto-init: stack:off, heap alloc:off, heap free:off
[    0.000000] SLUB: HWalign=64, Order=0-3, MinObjects=0, CPUs=1, Nodes=1
[    0.000000] trace event string verifier disabled
[    0.000000] rcu: Hierarchical RCU implementation.
[    0.000000] rcu: 	RCU event tracing is enabled.
[    0.000000] rcu: 	RCU restricting CPUs from NR_CPUS=2 to nr_cpu_ids=1.
[    0.000000] 	Tracing variant of Tasks RCU enabled.
[    0.000000] rcu: RCU calculated value of scheduler-enlistment delay is 10 jiffies.
[    0.000000] rcu: Adjusting geometry for rcu_fanout_leaf=16, nr_cpu_ids=1
[    0.000000] RCU Tasks Trace: Setting shift to 0 and lim to 1 rcu_task_cb_adjust=1 rcu_task_cpu_ids=1.
[    0.000000] NR_IRQS: 16, nr_irqs: 16, preallocated irqs: 16
[    0.000000] IRQ: Found an INTC at 0x(ptrval) (revision 5.0) with 128 interrupts
[    0.000000] rcu: srcu_init: Setting srcu_struct sizes based on contention.
[    0.000000] TI gptimer clocksource: always-on /ocp/interconnect@44c00000/segment@200000/target-module@31000
[    0.000002] sched_clock: 32 bits at 24MHz, resolution 41ns, wraps every 89478484971ns
[    0.000026] clocksource: dmtimer: mask: 0xffffffff max_cycles: 0xffffffff, max_idle_ns: 79635851949 ns
[    0.000499] TI gptimer clockevent: 24000000 Hz at /ocp/interconnect@48000000/segment@0/target-module@40000
[    0.002132] Console: colour dummy device 80x30
[    0.002199] WARNING: Your 'console=ttyO0' has been replaced by 'ttyS0'
[    0.002208] This ensures that you still see kernel messages. Please
[    0.002212] update your kernel commandline.
[    0.002255] Calibrating delay loop... 996.14 BogoMIPS (lpj=4980736)
[    0.090546] CPU: Testing write buffer coherency: ok
[    0.090667] CPU0: Spectre v2: using BPIALL workaround
[    0.090678] pid_max: default: 32768 minimum: 301
[    0.090806] LSM: initializing lsm=capability
[    0.090988] Mount-cache hash table entries: 1024 (order: 0, 4096 bytes, linear)
[    0.091008] Mountpoint-cache hash table entries: 1024 (order: 0, 4096 bytes, linear)
[    0.092664] CPU0: thread -1, cpu 0, socket -1, mpidr 0
[    0.160920] Setting up static identity map for 0x80100000 - 0x80100078
[    0.170704] rcu: Hierarchical SRCU implementation.
[    0.170715] rcu: 	Max phase no-delay instances is 1000.
[    0.190763] smp: Bringing up secondary CPUs ...
[    0.190821] smp: Brought up 1 node, 1 CPU
[    0.190835] SMP: Total of 1 processors activated (996.14 BogoMIPS).
[    0.190846] CPU: All CPU(s) started in SVC mode.
[    0.191045] Memory: 480864K/522240K available (11264K kernel code, 1213K rwdata, 2892K rodata, 1024K init, 297K bss, 23364K reserved, 16384K cma-reserved, 0K highmem)
[    0.191921] devtmpfs: initialized
[    0.209637] VFP support v0.3: implementor 41 architecture 3 part 30 variant c rev 3
[    0.209999] clocksource: jiffies: mask: 0xffffffff max_cycles: 0xffffffff, max_idle_ns: 19112604462750000 ns
[    0.210032] futex hash table entries: 256 (order: 2, 16384 bytes, linear)
[    0.211528] pinctrl core: initialized pinctrl subsystem
[    0.214383] NET: Registered PF_NETLINK/PF_ROUTE protocol family
[    0.217209] DMA: preallocated 256 KiB pool for atomic coherent allocations
[    0.218159] audit: initializing netlink subsys (disabled)
[    0.219596] thermal_sys: Registered thermal governor 'fair_share'
[    0.219612] thermal_sys: Registered thermal governor 'step_wise'
[    0.219622] thermal_sys: Registered thermal governor 'user_space'
[    0.219775] audit: type=2000 audit(0.210:1): state=initialized audit_enabled=0 res=1
[    0.219811] cpuidle: using governor menu
[    0.238949] No ATAGs?
[    0.238977] hw-breakpoint: debug architecture 0x4 unsupported.
[    0.241827] kprobes: kprobe jump-optimization is enabled. All kprobes are optimized if possible.
[    0.254021] iommu: Default domain type: Translated
[    0.254046] iommu: DMA domain TLB invalidation policy: strict mode
[    0.255731] reg-fixed-voltage fixedregulator0: using DT '/fixedregulator0' for '(default)' GPIO lookup
[    0.255786] of_get_named_gpiod_flags: can't parse 'gpios' property of node '/fixedregulator0[0]'
[    0.255814] of_get_named_gpiod_flags: can't parse 'gpio' property of node '/fixedregulator0[0]'
[    0.255833] reg-fixed-voltage fixedregulator0: using lookup tables for GPIO lookup
[    0.255843] reg-fixed-voltage fixedregulator0: No GPIO consumer (default) found
[    0.261649] SCSI subsystem initialized
[    0.262140] libata version 3.00 loaded.
[    0.262514] pps_core: LinuxPPS API ver. 1 registered
[    0.262524] pps_core: Software ver. 5.3.6 - Copyright 2005-2007 Rodolfo Giometti <giometti@linux.it>
[    0.262550] PTP clock support registered
[    0.270945] vgaarb: loaded
[    0.271355] clocksource: Switched to clocksource dmtimer
[    0.272053] VFS: Disk quotas dquot_6.6.0
[    0.272098] VFS: Dquot-cache hash table entries: 1024 (order 0, 4096 bytes)
[    0.297362] NET: Registered PF_INET protocol family
[    0.297720] IP idents hash table entries: 8192 (order: 4, 65536 bytes, linear)
[    0.299137] tcp_listen_portaddr_hash hash table entries: 512 (order: 0, 4096 bytes, linear)
[    0.299178] Table-perturb hash table entries: 65536 (order: 6, 262144 bytes, linear)
[    0.299201] TCP established hash table entries: 4096 (order: 2, 16384 bytes, linear)
[    0.299244] TCP bind hash table entries: 4096 (order: 4, 65536 bytes, linear)
[    0.299345] TCP: Hash tables configured (established 4096 bind 4096)
[    0.299458] UDP hash table entries: 256 (order: 1, 8192 bytes, linear)
[    0.299487] UDP-Lite hash table entries: 256 (order: 1, 8192 bytes, linear)
[    0.299668] NET: Registered PF_UNIX/PF_LOCAL protocol family
[    0.300943] RPC: Registered named UNIX socket transport module.
[    0.300964] RPC: Registered udp transport module.
[    0.300970] RPC: Registered tcp transport module.
[    0.300975] RPC: Registered tcp-with-tls transport module.
[    0.300980] RPC: Registered tcp NFSv4.1 backchannel transport module.
[    0.301005] PCI: CLS 0 bytes, default 64
[    0.302652] Initialise system trusted keyrings
[    0.312774] workingset: timestamp_bits=14 max_order=17 bucket_order=3
[    0.314111] NFS: Registering the id_resolver key type
[    0.314181] Key type id_resolver registered
[    0.314189] Key type id_legacy registered
[    0.314239] jffs2: version 2.2. (NAND) (SUMMARY)  Â© 2001-2006 Red Hat, Inc.
[    0.314650] Key type asymmetric registered
[    0.314665] Asymmetric key parser 'x509' registered
[    0.314728] io scheduler mq-deadline registered
[    0.314739] io scheduler kyber registered
[    0.314809] io scheduler bfq registered
[    0.316460] ledtrig-cpu: registered to indicate activity on CPUs
[    0.322201] Serial: 8250/16550 driver, 6 ports, IRQ sharing enabled
[    0.375129] brd: module loaded
[    0.396044] loop: module loaded
[    0.396990] mtdoops: mtd device (mtddev=name/number) must be supplied
[    0.398762] mdio_bus fixed-0: using lookup tables for GPIO lookup
[    0.398786] mdio_bus fixed-0: No GPIO consumer reset found
[    0.400205] i2c_dev: i2c /dev entries driver
[    0.401195] cpuidle: enable-method property 'ti,am3352' found operations
[    0.401872] sdhci: Secure Digital Host Controller Interface driver
[    0.401884] sdhci: Copyright(c) Pierre Ossman
[    0.402068] sdhci-pltfm: SDHCI platform and OF driver helper
[    0.403103] Initializing XFRM netlink socket
[    0.403252] NET: Registered PF_INET6 protocol family
[    0.413194] Segment Routing with IPv6
[    0.413286] In-situ OAM (IOAM) with IPv6
[    0.413386] sit: IPv6, IPv4 and MPLS over IPv4 tunneling driver
[    0.414376] NET: Registered PF_PACKET protocol family
[    0.414414] NET: Registered PF_KEY protocol family
[    0.414554] Key type dns_resolver registered
[    0.414830] ThumbEE CPU extension supported.
[    0.414850] Registering SWP/SWPB emulation handler
[    0.415378] omap_voltage_late_init: Voltage driver support not added
[    0.415728] SmartReflex Class3 initialized
[    0.442819] Loading compiled-in X.509 certificates
[    0.497784] gpiochip_find_base_unlocked: found new base at 512
[    0.539980] platform 44e10800.pinmux: Fixed dependency cycle(s) with /ocp/interconnect@44c00000/segment@200000/target-module@10000/scm@0/pinmux@800/clkout2-pins
[    0.540537] pinctrl-single 44e10800.pinmux: 142 pins, size 568
[    0.545923] ti-sysc 44e31000.target-module: probe with driver ti-sysc failed with error -16
[    0.582188] ti-sysc 48040000.target-module: probe with driver ti-sysc failed with error -16
[    0.593311] gpiochip_find_base_unlocked: found new base at 512
[    0.593412] gpio gpiochip0: (gpio-0-31): created GPIO range 0->7 ==> 44e10800.pinmux PIN 0->7
[    0.593433] gpio gpiochip0: (gpio-0-31): created GPIO range 8->11 ==> 44e10800.pinmux PIN 90->93
[    0.593449] gpio gpiochip0: (gpio-0-31): created GPIO range 12->27 ==> 44e10800.pinmux PIN 12->27
[    0.593464] gpio gpiochip0: (gpio-0-31): created GPIO range 28->31 ==> 44e10800.pinmux PIN 30->33
[    0.623013] gpio gpiochip0: (gpio-0-31): added GPIO chardev (254:0)
[    0.623159] gpio gpiochip0: registered GPIOs 512 to 543 on gpio-0-31
[    0.623245] OMAP GPIO hardware version 0.1
[    0.646465] i2c i2c-2: using DT '/ocp/interconnect@48000000/segment@100000/target-module@9c000/i2c@0' for 'scl' GPIO lookup
[    0.646539] of_get_named_gpiod_flags: can't parse 'scl-gpios' property of node '/ocp/interconnect@48000000/segment@100000/target-module@9c000/i2c@0[0]'
[    0.646584] of_get_named_gpiod_flags: can't parse 'scl-gpio' property of node '/ocp/interconnect@48000000/segment@100000/target-module@9c000/i2c@0[0]'
[    0.646621] i2c i2c-2: using lookup tables for GPIO lookup
[    0.646631] i2c i2c-2: No GPIO consumer scl found
[    0.646652] i2c i2c-2: using DT '/ocp/interconnect@48000000/segment@100000/target-module@9c000/i2c@0' for 'sda' GPIO lookup
[    0.646688] of_get_named_gpiod_flags: can't parse 'sda-gpios' property of node '/ocp/interconnect@48000000/segment@100000/target-module@9c000/i2c@0[0]'
[    0.646727] of_get_named_gpiod_flags: can't parse 'sda-gpio' property of node '/ocp/interconnect@48000000/segment@100000/target-module@9c000/i2c@0[0]'
[    0.646760] i2c i2c-2: using lookup tables for GPIO lookup
[    0.646768] i2c i2c-2: No GPIO consumer sda found
[    0.647508] omap_i2c 4819c000.i2c: bus 2 rev0.11 at 100 kHz
[    0.653201] gpiochip_find_base_unlocked: found new base at 544
[    0.653306] gpio gpiochip1: (gpio-32-63): created GPIO range 0->17 ==> 44e10800.pinmux PIN 34->51
[    0.653326] gpio gpiochip1: (gpio-32-63): created GPIO range 18->21 ==> 44e10800.pinmux PIN 77->80
[    0.653342] gpio gpiochip1: (gpio-32-63): created GPIO range 22->31 ==> 44e10800.pinmux PIN 56->65
[    0.667970] gpio gpiochip1: (gpio-32-63): added GPIO chardev (254:1)
[    0.668131] gpio gpiochip1: registered GPIOs 544 to 575 on gpio-32-63
[    0.670368] gpiochip_find_base_unlocked: found new base at 576
[    0.670462] gpio gpiochip2: (gpio-64-95): created GPIO range 0->4 ==> 44e10800.pinmux PIN 66->70
[    0.670481] gpio gpiochip2: (gpio-64-95): created GPIO range 5->6 ==> 44e10800.pinmux PIN 98->99
[    0.670496] gpio gpiochip2: (gpio-64-95): created GPIO range 7->8 ==> 44e10800.pinmux PIN 75->76
[    0.670511] gpio gpiochip2: (gpio-64-95): created GPIO range 13->13 ==> 44e10800.pinmux PIN 141->141
[    0.670527] gpio gpiochip2: (gpio-64-95): created GPIO range 14->21 ==> 44e10800.pinmux PIN 100->107
[    0.687121] gpio gpiochip2: (gpio-64-95): added GPIO chardev (254:2)
[    0.687289] gpio gpiochip2: registered GPIOs 576 to 607 on gpio-64-95
[    0.693033] 48000000.interconnect:segment@200000:target-module@0:mpu@0:fck: device ID is greater than 24
[    0.697166] platform 4830e000.lcdc: Fixed dependency cycle(s) with /ocp/interconnect@44c00000/segment@200000/target-module@b000/i2c@0/tda19988@70
[    0.706699] mdio_bus 4a101000.mdio: using DT '/ocp/interconnect@4a000000/segment@0/target-module@100000/switch@0/mdio@1000' for 'reset' GPIO lookup
[    0.706773] of_get_named_gpiod_flags: can't parse 'reset-gpios' property of node '/ocp/interconnect@4a000000/segment@0/target-module@100000/switch@0/mdio@1000[0]'
[    0.706823] of_get_named_gpiod_flags: can't parse 'reset-gpio' property of node '/ocp/interconnect@4a000000/segment@0/target-module@100000/switch@0/mdio@1000[0]'
[    0.706871] mdio_bus 4a101000.mdio: using lookup tables for GPIO lookup
[    0.706881] mdio_bus 4a101000.mdio: No GPIO consumer reset found
[    0.708114] sdhci-omap 481d8000.mmc: using DT '/ocp/interconnect@48000000/segment@100000/target-module@d8000/mmc@0' for 'wp' GPIO lookup
[    0.708187] of_get_named_gpiod_flags: can't parse 'wp-gpios' property of node '/ocp/interconnect@48000000/segment@100000/target-module@d8000/mmc@0[0]'
[    0.708236] of_get_named_gpiod_flags: can't parse 'wp-gpio' property of node '/ocp/interconnect@48000000/segment@100000/target-module@d8000/mmc@0[0]'
[    0.708272] sdhci-omap 481d8000.mmc: using lookup tables for GPIO lookup
[    0.708282] sdhci-omap 481d8000.mmc: No GPIO consumer wp found
[    0.708473] sdhci-omap 481d8000.mmc: supply pbias not found, using dummy regulator
[    0.708986] sdhci-omap 481d8000.mmc: supply vqmmc not found, using dummy regulator
[    0.765421] davinci_mdio 4a101000.mdio: davinci mdio revision 1.6, bus freq 1000000
[    0.785827] mdio_bus 4a101000.mdio:00: using DT '/ocp/interconnect@4a000000/segment@0/target-module@100000/switch@0/mdio@1000/ethernet-phy@0' for 'reset' GPIO lookup
[    0.785930] of_get_named_gpiod_flags: parsed 'reset-gpios' property of node '/ocp/interconnect@4a000000/segment@0/target-module@100000/switch@0/mdio@1000/ethernet-phy@0[0]' - status (0)
[    0.786092] gpio gpiochip0: Persistence not supported for GPIO 8
[    0.931428] davinci_mdio 4a101000.mdio: phy[0]: device 4a101000.mdio:00, driver SMSC LAN8710/LAN8720
[    0.932209] cpsw-switch 4a100000.switch: initialized cpsw ale version 1.4
[    0.932234] cpsw-switch 4a100000.switch: ALE Table size 1024, Policers 0
[    0.932397] cpsw-switch 4a100000.switch: cpts: overflow check period 500 (jiffies)
[    0.932414] cpsw-switch 4a100000.switch: CPTS: ref_clk_freq:250000000 calc_mult:2147483648 calc_shift:29 error:0 nsec/sec
[    0.932524] cpsw-switch 4a100000.switch: Detected MACID = 6c:ec:eb:68:de:78
[    0.934405] cpsw-switch 4a100000.switch: initialized (regs 0x4a100000, pool size 256) hw_ver:0019010C 1.12 (0)
[    0.945567] debugfs: Directory '49000000.dma' with parent 'dmaengine' already present!
[    0.945607] edma 49000000.dma: TI EDMA DMA engine driver
[    0.997846] target-module@4b000000:target-module@140000:pmu@0:fck: device ID is greater than 24
[    1.023515] hw perfevents: enabled with armv7_cortex_a8 PMU driver, 5 (8000000f) counters available
[    1.024401] gpio-clk clk_mcasp0: using DT '/clk_mcasp0' for 'enable' GPIO lookup
[    1.024477] of_get_named_gpiod_flags: parsed 'enable-gpios' property of node '/clk_mcasp0[0]' - status (0)
[    1.024521] gpio gpiochip0: Persistence not supported for GPIO 27
[    1.025338] gpiochip_find_base_unlocked: found new base at 608
[    1.025446] gpio gpiochip3: (gpio-96-127): created GPIO range 0->7 ==> 44e10800.pinmux PIN 82->89
[    1.025466] gpio gpiochip3: (gpio-96-127): created GPIO range 8->11 ==> 44e10800.pinmux PIN 52->55
[    1.025482] gpio gpiochip3: (gpio-96-127): created GPIO range 12->15 ==> 44e10800.pinmux PIN 94->97
[    1.025498] gpio gpiochip3: (gpio-96-127): created GPIO range 16->17 ==> 44e10800.pinmux PIN 71->72
[    1.025514] gpio gpiochip3: (gpio-96-127): created GPIO range 18->18 ==> 44e10800.pinmux PIN 135->135
[    1.025530] gpio gpiochip3: (gpio-96-127): created GPIO range 19->20 ==> 44e10800.pinmux PIN 108->109
[    1.025546] gpio gpiochip3: (gpio-96-127): created GPIO range 21->21 ==> 44e10800.pinmux PIN 73->73
[    1.025563] gpio gpiochip3: (gpio-96-127): created GPIO range 22->23 ==> 44e10800.pinmux PIN 8->9
[    1.025580] gpio gpiochip3: (gpio-96-127): created GPIO range 26->27 ==> 44e10800.pinmux PIN 10->11
[    1.025597] gpio gpiochip3: (gpio-96-127): created GPIO range 28->28 ==> 44e10800.pinmux PIN 74->74
[    1.025615] gpio gpiochip3: (gpio-96-127): created GPIO range 29->29 ==> 44e10800.pinmux PIN 81->81
[    1.025633] gpio gpiochip3: (gpio-96-127): created GPIO range 30->31 ==> 44e10800.pinmux PIN 28->29
[    1.031209] l3-aon-clkctrl:0000:0: failed to disable
[    1.031780] gpio gpiochip3: (gpio-96-127): added GPIO chardev (254:3)
[    1.031927] gpio gpiochip3: registered GPIOs 608 to 639 on gpio-96-127
[    1.033872] omap8250 44e09000.serial: using DT '/ocp/interconnect@44c00000/segment@200000/target-module@9000/serial@0' for 'rs485-term' GPIO lookup
[    1.033945] of_get_named_gpiod_flags: can't parse 'rs485-term-gpios' property of node '/ocp/interconnect@44c00000/segment@200000/target-module@9000/serial@0[0]'
[    1.033992] of_get_named_gpiod_flags: can't parse 'rs485-term-gpio' property of node '/ocp/interconnect@44c00000/segment@200000/target-module@9000/serial@0[0]'
[    1.034029] omap8250 44e09000.serial: using lookup tables for GPIO lookup
[    1.034039] omap8250 44e09000.serial: No GPIO consumer rs485-term found
[    1.034050] omap8250 44e09000.serial: using DT '/ocp/interconnect@44c00000/segment@200000/target-module@9000/serial@0' for 'rs485-rx-during-tx' GPIO lookup
[    1.034086] of_get_named_gpiod_flags: can't parse 'rs485-rx-during-tx-gpios' property of node '/ocp/interconnect@44c00000/segment@200000/target-module@9000/serial@0[0]'
[    1.034124] of_get_named_gpiod_flags: can't parse 'rs485-rx-during-tx-gpio' property of node '/ocp/interconnect@44c00000/segment@200000/target-module@9000/serial@0[0]'
[    1.034157] omap8250 44e09000.serial: using lookup tables for GPIO lookup
[    1.034165] omap8250 44e09000.serial: No GPIO consumer rs485-rx-during-tx found
[    1.034536] 44e09000.serial: ttyS0 at MMIO 0x44e09000 (irq = 34, base_baud = 3000000) is a 8250
[    1.034625] printk: legacy console [ttyS0] enabled
[    2.293822] i2c i2c-0: using DT '/ocp/interconnect@44c00000/segment@200000/target-module@b000/i2c@0' for 'scl' GPIO lookup
[    2.293912] of_get_named_gpiod_flags: can't parse 'scl-gpios' property of node '/ocp/interconnect@44c00000/segment@200000/target-module@b000/i2c@0[0]'
[    2.293963] of_get_named_gpiod_flags: can't parse 'scl-gpio' property of node '/ocp/interconnect@44c00000/segment@200000/target-module@b000/i2c@0[0]'
[    2.294005] i2c i2c-0: using lookup tables for GPIO lookup
[    2.294020] i2c i2c-0: No GPIO consumer scl found
[    2.294045] i2c i2c-0: using DT '/ocp/interconnect@44c00000/segment@200000/target-module@b000/i2c@0' for 'sda' GPIO lookup
[    2.294086] of_get_named_gpiod_flags: can't parse 'sda-gpios' property of node '/ocp/interconnect@44c00000/segment@200000/target-module@b000/i2c@0[0]'
[    2.294129] of_get_named_gpiod_flags: can't parse 'sda-gpio' property of node '/ocp/interconnect@44c00000/segment@200000/target-module@b000/i2c@0[0]'
[    2.294166] i2c i2c-0: using lookup tables for GPIO lookup
[    2.294177] i2c i2c-0: No GPIO consumer sda found
[    2.312362] tps65217-pmic: Failed to locate of_node [id: -1]
[    2.318440] tps65217-bl: Failed to locate of_node [id: -1]
[    2.329872] tps65217 0-0024: TPS65217 ID 0xe version 1.2
[    2.336028] platform 4830e000.lcdc: Fixed dependency cycle(s) with /ocp/interconnect@44c00000/segment@200000/target-module@b000/i2c@0/tda19988@70
[    2.349460] i2c 0-0070: Fixed dependency cycle(s) with /ocp/interconnect@48000000/segment@300000/target-module@e000/lcdc@0
[    2.360864] omap_i2c 44e0b000.i2c: bus 0 rev0.11 at 400 kHz
[    2.368483] sdhci-omap 48060000.mmc: using DT '/ocp/interconnect@48000000/segment@0/target-module@60000/mmc@0' for 'cd' GPIO lookup
[    2.368591] of_get_named_gpiod_flags: parsed 'cd-gpios' property of node '/ocp/interconnect@48000000/segment@0/target-module@60000/mmc@0[0]' - status (0)
[    2.368660] gpio gpiochip3: Persistence not supported for GPIO 6
[    2.368684] omap_gpio 44e07000.gpio: Could not set line 6 debounce to 200000 microseconds (-22)
[    2.377572] sdhci-omap 48060000.mmc: Got CD GPIO
[    2.382277] sdhci-omap 48060000.mmc: using DT '/ocp/interconnect@48000000/segment@0/target-module@60000/mmc@0' for 'wp' GPIO lookup
[    2.382331] of_get_named_gpiod_flags: can't parse 'wp-gpios' property of node '/ocp/interconnect@48000000/segment@0/target-module@60000/mmc@0[0]'
[    2.382378] of_get_named_gpiod_flags: can't parse 'wp-gpio' property of node '/ocp/interconnect@48000000/segment@0/target-module@60000/mmc@0[0]'
[    2.382418] sdhci-omap 48060000.mmc: using lookup tables for GPIO lookup
[    2.382433] sdhci-omap 48060000.mmc: No GPIO consumer wp found
[    2.382639] sdhci-omap 48060000.mmc: supply pbias not found, using dummy regulator
[    2.391496] sdhci-omap 481d8000.mmc: using DT '/ocp/interconnect@48000000/segment@100000/target-module@d8000/mmc@0' for 'wp' GPIO lookup
[    2.391574] of_get_named_gpiod_flags: can't parse 'wp-gpios' property of node '/ocp/interconnect@48000000/segment@100000/target-module@d8000/mmc@0[0]'
[    2.391624] of_get_named_gpiod_flags: can't parse 'wp-gpio' property of node '/ocp/interconnect@48000000/segment@100000/target-module@d8000/mmc@0[0]'
[    2.391665] sdhci-omap 481d8000.mmc: using lookup tables for GPIO lookup
[    2.391679] sdhci-omap 481d8000.mmc: No GPIO consumer wp found
[    2.393046] sdhci-omap 48060000.mmc: supply vqmmc not found, using dummy regulator
[    2.402117] sdhci-omap 481d8000.mmc: supply pbias not found, using dummy regulator
[    2.410104] sdhci-omap 481d8000.mmc: supply vqmmc not found, using dummy regulator
[    2.445353] mmc0: SDHCI controller on 48060000.mmc [48060000.mmc] using External DMA
[    2.453685] mmc1: SDHCI controller on 481d8000.mmc [481d8000.mmc] using External DMA
[    2.462454] cpsw-switch 4a100000.switch: starting ndev. mode: dual_mac
[    2.512374] mmc0: new high speed SDHC card at address 5048
[    2.519445] mmcblk0: mmc0:5048 SD16G 14.4 GiB
[    2.527636]  mmcblk0: p1 p2
[    2.531049] mmcblk0: p2 size 31221760 extends beyond EOD, truncated
[    2.542653] SMSC LAN8710/LAN8720 4a101000.mdio:00: attached PHY driver (mii_bus:phy_addr=4a101000.mdio:00, irq=POLL)
[    2.560601] mmc1: new high speed MMC card at address 0001
[    2.567618] mmcblk1: mmc1:0001 MMC04G 3.60 GiB
[    2.575192]  mmcblk1: p1 p2
[    2.579582] mmcblk1boot0: mmc1:0001 MMC04G 2.00 MiB
[    2.586761] mmcblk1boot1: mmc1:0001 MMC04G 2.00 MiB
[    2.594210] mmcblk1rpmb: mmc1:0001 MMC04G 128 KiB, chardev (250:0)
[    5.682139] cpsw-switch 4a100000.switch eth0: Link is Up - 100Mbps/Full - flow control off
[    5.711373] IP-Config: Complete:
[    5.714649]      device=eth0, hwaddr=6c:ec:eb:68:de:78, ipaddr=192.168.255.1, mask=255.255.255.0, gw=255.255.255.255
[    5.725288]      host=bbb1, domain=, nis-domain=(none)
[    5.730456]      bootserver=192.168.255.126, rootserver=192.168.255.126, rootpath=
[    5.730878] clk: Disabling unused clocks
[    5.742749] PM: genpd: Disabling unused power domains
[    5.747870] KTAP version 1
[    5.750594] 1..0
[    5.786189] VFS: Mounted root (nfs filesystem) on device 0:17.
[    5.793376] devtmpfs: mounted
[    5.798074] Freeing unused kernel image (initmem) memory: 1024K
[    5.804986] Run /sbin/init as init process
[    5.809125]   with arguments:
[    5.809138]     /sbin/init
[    5.809148]     nfsrootdebug
[    5.809158]   with environment:
[    5.809168]     HOME=/
[    5.809177]     TERM=linux
[    6.522066] systemd[1]: System time before build time, advancing clock.
[    7.991381] random: crng init done
[    8.032645] systemd[1]: systemd 232 running in system mode. (+PAM +AUDIT +SELINUX +IMA +APPARMOR +SMACK +SYSVINIT +UTMP +LIBCRYPTSETUP +GCRYPT +GNUTLS +ACL +XZ +LZ4 +SECCOMP +BLKID +ELFUTILS +KMOD +IDN)
[    8.051863] systemd[1]: Detected architecture arm.
[    8.084650] systemd[1]: Set hostname to <arm>.
[    9.210775] systemd[1]: Started Forward Password Requests to Wall Directory Watch.
[    9.243513] systemd[1]: Listening on Journal Socket.
[    9.272189] systemd[1]: Listening on Journal Socket (/dev/log).
[    9.301977] systemd[1]: Listening on udev Kernel Socket.
[    9.332366] systemd[1]: Listening on Journal Audit Socket.
[    9.363011] systemd[1]: Created slice System Slice.
[    9.392808] systemd[1]: Created slice system-serial\x2dgetty.slice.
[   11.645633] systemd-journald[86]: Received request to flush runtime journal from PID 1
[   14.085356] leds-gpio leds: using DT '/leds/led2' for '(default)' GPIO lookup
[   14.085466] of_get_named_gpiod_flags: parsed 'gpios' property of node '/leds/led2[0]' - status (0)
[   14.085525] gpio gpiochip0: Persistence not supported for GPIO 21
[   14.085542] gpio-533 (?): no flags found for GPIO (default)
[   14.130779] leds-gpio leds: using DT '/leds/led3' for '(default)' GPIO lookup
[   14.131089] of_get_named_gpiod_flags: parsed 'gpios' property of node '/leds/led3[0]' - status (0)
[   14.131158] gpio gpiochip0: Persistence not supported for GPIO 22
[   14.131174] gpio-534 (?): no flags found for GPIO (default)
[   14.142030] leds-gpio leds: using DT '/leds/led4' for '(default)' GPIO lookup
[   14.142131] of_get_named_gpiod_flags: parsed 'gpios' property of node '/leds/led4[0]' - status (0)
[   14.142183] gpio gpiochip0: Persistence not supported for GPIO 23
[   14.142199] gpio-535 (?): no flags found for GPIO (default)
[   14.182447] leds-gpio leds: using DT '/leds/led5' for '(default)' GPIO lookup
[   14.182749] of_get_named_gpiod_flags: parsed 'gpios' property of node '/leds/led5[0]' - status (0)
[   14.182808] gpio gpiochip0: Persistence not supported for GPIO 24
[   14.182825] gpio-536 (?): no flags found for GPIO (default)
[   14.680543] remoteproc remoteproc0: wkup_m3 is available
[   14.733599] omap_rtc 44e3e000.rtc: registered as rtc0
[   14.738813] omap_rtc 44e3e000.rtc: setting system clock to 2000-01-01T00:00:00 UTC (946684800)
[   14.747681] omap_rtc 44e3e000.rtc: using DT '/ocp/interconnect@44c00000/segment@200000/target-module@3e000/rtc@0' for 'wp' GPIO lookup
[   14.747756] of_get_named_gpiod_flags: can't parse 'wp-gpios' property of node '/ocp/interconnect@44c00000/segment@200000/target-module@3e000/rtc@0[0]'
[   14.747807] of_get_named_gpiod_flags: can't parse 'wp-gpio' property of node '/ocp/interconnect@44c00000/segment@200000/target-module@3e000/rtc@0[0]'
[   14.747849] omap_rtc 44e3e000.rtc: using lookup tables for GPIO lookup
[   14.747865] omap_rtc 44e3e000.rtc: No GPIO consumer wp found
[   14.812198] am335x-phy-driver 47401300.usb-phy: using DT '/ocp/target-module@47400000/usb-phy@1300' for 'reset' GPIO lookup
[   14.812299] of_get_named_gpiod_flags: can't parse 'reset-gpios' property of node '/ocp/target-module@47400000/usb-phy@1300[0]'
[   14.812348] of_get_named_gpiod_flags: can't parse 'reset-gpio' property of node '/ocp/target-module@47400000/usb-phy@1300[0]'
[   14.812388] am335x-phy-driver 47401300.usb-phy: using lookup tables for GPIO lookup
[   14.812405] am335x-phy-driver 47401300.usb-phy: No GPIO consumer reset found
[   14.812420] am335x-phy-driver 47401300.usb-phy: using DT '/ocp/target-module@47400000/usb-phy@1300' for 'vbus-detect' GPIO lookup
[   14.812453] of_get_named_gpiod_flags: can't parse 'vbus-detect-gpios' property of node '/ocp/target-module@47400000/usb-phy@1300[0]'
[   14.812488] of_get_named_gpiod_flags: can't parse 'vbus-detect-gpio' property of node '/ocp/target-module@47400000/usb-phy@1300[0]'
[   14.812516] am335x-phy-driver 47401300.usb-phy: using lookup tables for GPIO lookup
[   14.812529] am335x-phy-driver 47401300.usb-phy: No GPIO consumer vbus-detect found
[   14.812677] am335x-phy-driver 47401300.usb-phy: dummy supplies not allowed for exclusive requests (id=vbus)
[   14.970586] am335x-phy-driver 47401b00.usb-phy: using DT '/ocp/target-module@47400000/usb-phy@1b00' for 'reset' GPIO lookup
[   14.970689] of_get_named_gpiod_flags: can't parse 'reset-gpios' property of node '/ocp/target-module@47400000/usb-phy@1b00[0]'
[   14.970736] of_get_named_gpiod_flags: can't parse 'reset-gpio' property of node '/ocp/target-module@47400000/usb-phy@1b00[0]'
[   14.970777] am335x-phy-driver 47401b00.usb-phy: using lookup tables for GPIO lookup
[   14.970793] am335x-phy-driver 47401b00.usb-phy: No GPIO consumer reset found
[   14.970809] am335x-phy-driver 47401b00.usb-phy: using DT '/ocp/target-module@47400000/usb-phy@1b00' for 'vbus-detect' GPIO lookup
[   14.970841] of_get_named_gpiod_flags: can't parse 'vbus-detect-gpios' property of node '/ocp/target-module@47400000/usb-phy@1b00[0]'
[   14.970875] of_get_named_gpiod_flags: can't parse 'vbus-detect-gpio' property of node '/ocp/target-module@47400000/usb-phy@1b00[0]'
[   14.970903] am335x-phy-driver 47401b00.usb-phy: using lookup tables for GPIO lookup
[   14.970916] am335x-phy-driver 47401b00.usb-phy: No GPIO consumer vbus-detect found
[   14.971065] am335x-phy-driver 47401b00.usb-phy: dummy supplies not allowed for exclusive requests (id=vbus)
[   15.088579] at24 2-0054: supply vcc not found, using dummy regulator
[   15.129591] omap_wdt: OMAP Watchdog Timer Rev 0x01: initial timeout 60 sec
[   15.246441] at24 2-0055: supply vcc not found, using dummy regulator
[   15.342454] at24 2-0056: supply vcc not found, using dummy regulator
[   15.391283] tps6521x_pwrbutton tps65217-pwrbutton: DMA mask not set
[   15.416309] usbcore: registered new interface driver usbfs
[   15.422200] usbcore: registered new interface driver hub
[   15.427645] usbcore: registered new device driver usb
[   15.492824] at24 2-0057: supply vcc not found, using dummy regulator
[   15.520537] input: tps65217_pwrbutton as /devices/platform/ocp/44c00000.interconnect/44c00000.interconnect:segment@200000/44e0b000.target-module/44e0b000.i2c/i2c-0/0-0024/tps65217-pwrbutton/input/input0
[   15.553472] at24 0-0050: using DT '/ocp/interconnect@44c00000/segment@200000/target-module@b000/i2c@0/eeprom@50' for 'wp' GPIO lookup
[   15.553581] of_get_named_gpiod_flags: can't parse 'wp-gpios' property of node '/ocp/interconnect@44c00000/segment@200000/target-module@b000/i2c@0/eeprom@50[0]'
[   15.553641] of_get_named_gpiod_flags: can't parse 'wp-gpio' property of node '/ocp/interconnect@44c00000/segment@200000/target-module@b000/i2c@0/eeprom@50[0]'
[   15.553689] at24 0-0050: using lookup tables for GPIO lookup
[   15.553703] at24 0-0050: No GPIO consumer wp found
[   15.553990] at24 0-0050: 32768 byte 24c256 EEPROM, writable, 1 bytes/write
[   15.821689] wkup_m3_ipc 44e11324.wkup_m3_ipc: IPC Request for A8->M3 Channel failed! -517
[   16.348803] wkup_m3_ipc 44e11324.wkup_m3_ipc: IPC Request for A8->M3 Channel failed! -517
[   16.454200] musb-hdrc musb-hdrc.1: MUSB HDRC host driver
[   16.459623] musb-hdrc musb-hdrc.1: new USB bus registered, assigned bus number 1
[   16.492577] wkup_m3_ipc 44e11324.wkup_m3_ipc: IPC Request for A8->M3 Channel failed! -517
[   16.655421] usb usb1: New USB device found, idVendor=1d6b, idProduct=0002, bcdDevice= 6.12
[   16.664064] usb usb1: New USB device strings: Mfr=3, Product=2, SerialNumber=1
[   16.671464] usb usb1: Product: MUSB HDRC host driver
[   16.676464] usb usb1: Manufacturer: Linux 6.12.0-rc5-next-20241104 musb-hcd
[   16.683536] usb usb1: SerialNumber: musb-hdrc.1
[   16.794121] omap-mailbox 480c8000.mailbox: omap mailbox rev 0x400
[   16.863042] remoteproc remoteproc0: powering up wkup_m3
[   16.938913] hub 1-0:1.0: USB hub found
[   17.014608] hub 1-0:1.0: 1 port detected
[   17.058676] remoteproc remoteproc0: Direct firmware load for am335x-pm-firmware.elf failed with error -2
[   17.068616] remoteproc remoteproc0: request_firmware failed: -2
[   17.074761] wkup_m3_ipc 44e11324.wkup_m3_ipc: rproc_boot failed
[   17.207013] tda998x 0-0070: found TDA19988
[   19.781736] omap_rng 48310000.rng: Random Number Generator ver. 20
[   19.878257] tilcdc 4830e000.lcdc: bound 0-0070 (ops tda998x_driver_exit [tda998x])
[   20.013806] [drm] Initialized tilcdc 1.0.0 for 4830e000.lcdc on minor 0
[   20.085511] tilcdc 4830e000.lcdc: [drm] Cannot find any crtc or sizes
[   20.094174] tilcdc 4830e000.lcdc: [drm] Cannot find any crtc or sizes
[   21.059263] PM: Cannot get wkup_m3_ipc handle
[   21.188195] omap-sham 53100000.sham: hw accel on OMAP rev 4.3
[   21.302027] omap-sham 53100000.sham: will run requests pump with realtime priority
[   21.329172] PM: Cannot get wkup_m3_ipc handle
[   21.375619] omap-aes 53500000.aes: OMAP AES hw accel rev: 3.2
[   21.469934] omap-aes 53500000.aes: will run requests pump with realtime priority
[   21.481998] PM: Cannot get wkup_m3_ipc handle
[   23.778694] Bluetooth: Core ver 2.22
[   23.782738] NET: Registered PF_BLUETOOTH protocol family
[   23.788266] Bluetooth: HCI device and connection manager initialized
[   23.794805] Bluetooth: HCI socket layer initialized
[   23.799723] Bluetooth: L2CAP socket layer initialized
[   23.804877] Bluetooth: SCO socket layer initialized
[   25.255937] PM: Cannot get wkup_m3_ipc handle
[   25.262056] asoc-simple-card sound: using DT '/sound' for 'simple-audio-card,hp-det' GPIO lookup
[   25.262134] of_get_named_gpiod_flags: can't parse 'simple-audio-card,hp-det-gpios' property of node '/sound[0]'
[   25.262172] of_get_named_gpiod_flags: can't parse 'simple-audio-card,hp-det-gpio' property of node '/sound[0]'
[   25.262198] asoc-simple-card sound: using lookup tables for GPIO lookup
[   25.262213] asoc-simple-card sound: No GPIO consumer simple-audio-card,hp-det found
[   25.262228] asoc-simple-card sound: using DT '/sound' for 'simple-audio-card,mic-det' GPIO lookup
[   25.262254] of_get_named_gpiod_flags: can't parse 'simple-audio-card,mic-det-gpios' property of node '/sound[0]'
[   25.262280] of_get_named_gpiod_flags: can't parse 'simple-audio-card,mic-det-gpio' property of node '/sound[0]'
[   25.262301] asoc-simple-card sound: using lookup tables for GPIO lookup
[   25.262314] asoc-simple-card sound: No GPIO consumer simple-audio-card,mic-det found
[   25.372930] PM: Cannot get wkup_m3_ipc handle
[   28.037121] userial_init: registered 8 ttyGS* devices
[   28.250908] rndis_register: configNr = 0
[   28.316060] udc musb-hdrc.0: binding gadget driver [g_multi]
[   28.316160] configfs-gadget.g_multi gadget.0: adding 'rndis'/ee5b4f38 to config 'c'/c7920564
[   28.317378] configfs-gadget.g_multi gadget.0: HOST MAC 1c:ba:8c:a2:ed:6c
[   28.324581] configfs-gadget.g_multi gadget.0: MAC 1c:ba:8c:a2:ed:70
[   28.330952] rndis_set_param_medium: 0 0
[   28.330973] configfs-gadget.g_multi gadget.0: RNDIS: IN/ep1in OUT/ep1out NOTIFY/ep2in
[   28.330991] configfs-gadget.g_multi gadget.0: adding 'cdc_ethernet'/db30ea19 to config 'c'/c7920564
[   28.332224] configfs-gadget.g_multi gadget.0: HOST MAC 1c:ba:8c:a2:ed:6c
[   28.338995] configfs-gadget.g_multi gadget.0: MAC 1c:ba:8c:a2:ed:6d
[   28.345455] configfs-gadget.g_multi gadget.0: CDC Ethernet: IN/ep3in OUT/ep2out NOTIFY/ep4in
[   28.345477] configfs-gadget.g_multi gadget.0: adding 'acm'/39f7f71b to config 'c'/c7920564
[   28.345511] configfs-gadget.g_multi gadget.0: acm ttyGS0: IN/ep5in OUT/ep3out NOTIFY/ep6in
[   28.346647] PM: Cannot get wkup_m3_ipc handle
[   29.509876] configfs-gadget.g_multi gadget.0: eth_open
[   30.964636] configfs-gadget.g_multi gadget.0: stop stats: rx/tx 0/0, errs 0/0
[   34.955394] gs_open: ttyGS0 (168c7b24,79f123d1)
[   34.955553] gs_close: ttyGS0 (168c7b24,79f123d1) ...
[   34.955577] gs_close: ttyGS0 (168c7b24,79f123d1) done!
[   34.971881] gs_open: ttyGS0 (4df08eb8,ab7c5e3e)
[   34.972058] gs_close: ttyGS0 (4df08eb8,ab7c5e3e) ...
[   34.972082] gs_close: ttyGS0 (4df08eb8,ab7c5e3e) done!
[   35.143252] gs_open: ttyGS0 (15a1bd3b,6117c8a8)
[   35.143531] gs_close: ttyGS0 (15a1bd3b,6117c8a8) ...
[   35.143565] gs_close: ttyGS0 (15a1bd3b,6117c8a8) done!
[   35.148646] gs_open: ttyGS0 (15a1bd3b,1ef4f16b)
SVFJVKLVSE 0
root@arm:~# echo 'JCQV''WQZUGO'
JCQVWQZUGO
root@arm:~# MARKER='YWZZ''GKXKQO' run 'modprobe test_linear_ranges'
YWZZGKXKQOYWZZGKXKQO 0
root@arm:~# echo 'HXBA''HNUYVW'
HXBAHNUYVW
root@arm:~# MARKER='TMNZ''TPWEUY' run dmesg
TMNZTPWEUY[    0.000000] Booting Linux on physical CPU 0x0
[    0.000000] Linux version 6.12.0-rc5-next-20241104 (user01@drvtest01) (arm-linux-gnueabihf-gcc (Linaro GCC 6.4-2017.11) 6.4.1 20171012, GNU ld (Linaro_Binutils-2017.11) 2.27.0.20161229) #129 SMP Mon Nov  4 08:38:21 EET 2024
[    0.000000] CPU: ARMv7 Processor [413fc082] revision 2 (ARMv7), cr=10c5387d
[    0.000000] CPU: PIPT / VIPT nonaliasing data cache, VIPT aliasing instruction cache
[    0.000000] OF: fdt: Machine model: TI AM335x BeagleBone Black
[    0.000000] Memory policy: Data cache writeback
[    0.000000] cma: Reserved 16 MiB at 0x9e800000 on node -1
[    0.000000] Zone ranges:
[    0.000000]   Normal   [mem 0x0000000080000000-0x000000009fdfffff]
[    0.000000]   HighMem  empty
[    0.000000] Movable zone start for each node
[    0.000000] Early memory node ranges
[    0.000000]   node   0: [mem 0x0000000080000000-0x000000009fdfffff]
[    0.000000] Initmem setup node 0 [mem 0x0000000080000000-0x000000009fdfffff]
[    0.000000] OF: reserved mem: Reserved memory: No reserved-memory node in the DT
[    0.000000] CPU: All CPU(s) started in SVC mode.
[    0.000000] AM335X ES2.1 (sgx neon)
[    0.000000] percpu: Embedded 17 pages/cpu s39564 r8192 d21876 u69632
[    0.000000] pcpu-alloc: s39564 r8192 d21876 u69632 alloc=17*4096
[    0.000000] pcpu-alloc: [0] 0 
[    0.000000] Kernel command line: console=ttyO0,115200n8 root=/dev/nfs rw nfsroot=192.168.255.126:/home/user01/nfs,nfsvers=3 ip=192.168.255.1:192.168.255.126::255.255.255.0:bbb1:eth0 nfsrootdebug
[    0.000000] Unknown kernel command line parameters "nfsrootdebug", will be passed to user space.
[    0.000000] printk: log buffer data + meta data: 65536 + 204800 = 270336 bytes
[    0.000000] Dentry cache hash table entries: 65536 (order: 6, 262144 bytes, linear)
[    0.000000] Inode-cache hash table entries: 32768 (order: 5, 131072 bytes, linear)
[    0.000000] Built 1 zonelists, mobility grouping on.  Total pages: 130560
[    0.000000] mem auto-init: stack:off, heap alloc:off, heap free:off
[    0.000000] SLUB: HWalign=64, Order=0-3, MinObjects=0, CPUs=1, Nodes=1
[    0.000000] trace event string verifier disabled
[    0.000000] rcu: Hierarchical RCU implementation.
[    0.000000] rcu: 	RCU event tracing is enabled.
[    0.000000] rcu: 	RCU restricting CPUs from NR_CPUS=2 to nr_cpu_ids=1.
[    0.000000] 	Tracing variant of Tasks RCU enabled.
[    0.000000] rcu: RCU calculated value of scheduler-enlistment delay is 10 jiffies.
[    0.000000] rcu: Adjusting geometry for rcu_fanout_leaf=16, nr_cpu_ids=1
[    0.000000] RCU Tasks Trace: Setting shift to 0 and lim to 1 rcu_task_cb_adjust=1 rcu_task_cpu_ids=1.
[    0.000000] NR_IRQS: 16, nr_irqs: 16, preallocated irqs: 16
[    0.000000] IRQ: Found an INTC at 0x(ptrval) (revision 5.0) with 128 interrupts
[    0.000000] rcu: srcu_init: Setting srcu_struct sizes based on contention.
[    0.000000] TI gptimer clocksource: always-on /ocp/interconnect@44c00000/segment@200000/target-module@31000
[    0.000002] sched_clock: 32 bits at 24MHz, resolution 41ns, wraps every 89478484971ns
[    0.000026] clocksource: dmtimer: mask: 0xffffffff max_cycles: 0xffffffff, max_idle_ns: 79635851949 ns
[    0.000499] TI gptimer clockevent: 24000000 Hz at /ocp/interconnect@48000000/segment@0/target-module@40000
[    0.002132] Console: colour dummy device 80x30
[    0.002199] WARNING: Your 'console=ttyO0' has been replaced by 'ttyS0'
[    0.002208] This ensures that you still see kernel messages. Please
[    0.002212] update your kernel commandline.
[    0.002255] Calibrating delay loop... 996.14 BogoMIPS (lpj=4980736)
[    0.090546] CPU: Testing write buffer coherency: ok
[    0.090667] CPU0: Spectre v2: using BPIALL workaround
[    0.090678] pid_max: default: 32768 minimum: 301
[    0.090806] LSM: initializing lsm=capability
[    0.090988] Mount-cache hash table entries: 1024 (order: 0, 4096 bytes, linear)
[    0.091008] Mountpoint-cache hash table entries: 1024 (order: 0, 4096 bytes, linear)
[    0.092664] CPU0: thread -1, cpu 0, socket -1, mpidr 0
[    0.160920] Setting up static identity map for 0x80100000 - 0x80100078
[    0.170704] rcu: Hierarchical SRCU implementation.
[    0.170715] rcu: 	Max phase no-delay instances is 1000.
[    0.190763] smp: Bringing up secondary CPUs ...
[    0.190821] smp: Brought up 1 node, 1 CPU
[    0.190835] SMP: Total of 1 processors activated (996.14 BogoMIPS).
[    0.190846] CPU: All CPU(s) started in SVC mode.
[    0.191045] Memory: 480864K/522240K available (11264K kernel code, 1213K rwdata, 2892K rodata, 1024K init, 297K bss, 23364K reserved, 16384K cma-reserved, 0K highmem)
[    0.191921] devtmpfs: initialized
[    0.209637] VFP support v0.3: implementor 41 architecture 3 part 30 variant c rev 3
[    0.209999] clocksource: jiffies: mask: 0xffffffff max_cycles: 0xffffffff, max_idle_ns: 19112604462750000 ns
[    0.210032] futex hash table entries: 256 (order: 2, 16384 bytes, linear)
[    0.211528] pinctrl core: initialized pinctrl subsystem
[    0.214383] NET: Registered PF_NETLINK/PF_ROUTE protocol family
[    0.217209] DMA: preallocated 256 KiB pool for atomic coherent allocations
[    0.218159] audit: initializing netlink subsys (disabled)
[    0.219596] thermal_sys: Registered thermal governor 'fair_share'
[    0.219612] thermal_sys: Registered thermal governor 'step_wise'
[    0.219622] thermal_sys: Registered thermal governor 'user_space'
[    0.219775] audit: type=2000 audit(0.210:1): state=initialized audit_enabled=0 res=1
[    0.219811] cpuidle: using governor menu
[    0.238949] No ATAGs?
[    0.238977] hw-breakpoint: debug architecture 0x4 unsupported.
[    0.241827] kprobes: kprobe jump-optimization is enabled. All kprobes are optimized if possible.
[    0.254021] iommu: Default domain type: Translated
[    0.254046] iommu: DMA domain TLB invalidation policy: strict mode
[    0.255731] reg-fixed-voltage fixedregulator0: using DT '/fixedregulator0' for '(default)' GPIO lookup
[    0.255786] of_get_named_gpiod_flags: can't parse 'gpios' property of node '/fixedregulator0[0]'
[    0.255814] of_get_named_gpiod_flags: can't parse 'gpio' property of node '/fixedregulator0[0]'
[    0.255833] reg-fixed-voltage fixedregulator0: using lookup tables for GPIO lookup
[    0.255843] reg-fixed-voltage fixedregulator0: No GPIO consumer (default) found
[    0.261649] SCSI subsystem initialized
[    0.262140] libata version 3.00 loaded.
[    0.262514] pps_core: LinuxPPS API ver. 1 registered
[    0.262524] pps_core: Software ver. 5.3.6 - Copyright 2005-2007 Rodolfo Giometti <giometti@linux.it>
[    0.262550] PTP clock support registered
[    0.270945] vgaarb: loaded
[    0.271355] clocksource: Switched to clocksource dmtimer
[    0.272053] VFS: Disk quotas dquot_6.6.0
[    0.272098] VFS: Dquot-cache hash table entries: 1024 (order 0, 4096 bytes)
[    0.297362] NET: Registered PF_INET protocol family
[    0.297720] IP idents hash table entries: 8192 (order: 4, 65536 bytes, linear)
[    0.299137] tcp_listen_portaddr_hash hash table entries: 512 (order: 0, 4096 bytes, linear)
[    0.299178] Table-perturb hash table entries: 65536 (order: 6, 262144 bytes, linear)
[    0.299201] TCP established hash table entries: 4096 (order: 2, 16384 bytes, linear)
[    0.299244] TCP bind hash table entries: 4096 (order: 4, 65536 bytes, linear)
[    0.299345] TCP: Hash tables configured (established 4096 bind 4096)
[    0.299458] UDP hash table entries: 256 (order: 1, 8192 bytes, linear)
[    0.299487] UDP-Lite hash table entries: 256 (order: 1, 8192 bytes, linear)
[    0.299668] NET: Registered PF_UNIX/PF_LOCAL protocol family
[    0.300943] RPC: Registered named UNIX socket transport module.
[    0.300964] RPC: Registered udp transport module.
[    0.300970] RPC: Registered tcp transport module.
[    0.300975] RPC: Registered tcp-with-tls transport module.
[    0.300980] RPC: Registered tcp NFSv4.1 backchannel transport module.
[    0.301005] PCI: CLS 0 bytes, default 64
[    0.302652] Initialise system trusted keyrings
[    0.312774] workingset: timestamp_bits=14 max_order=17 bucket_order=3
[    0.314111] NFS: Registering the id_resolver key type
[    0.314181] Key type id_resolver registered
[    0.314189] Key type id_legacy registered
[    0.314239] jffs2: version 2.2. (NAND) (SUMMARY)  Â© 2001-2006 Red Hat, Inc.
[    0.314650] Key type asymmetric registered
[    0.314665] Asymmetric key parser 'x509' registered
[    0.314728] io scheduler mq-deadline registered
[    0.314739] io scheduler kyber registered
[    0.314809] io scheduler bfq registered
[    0.316460] ledtrig-cpu: registered to indicate activity on CPUs
[    0.322201] Serial: 8250/16550 driver, 6 ports, IRQ sharing enabled
[    0.375129] brd: module loaded
[    0.396044] loop: module loaded
[    0.396990] mtdoops: mtd device (mtddev=name/number) must be supplied
[    0.398762] mdio_bus fixed-0: using lookup tables for GPIO lookup
[    0.398786] mdio_bus fixed-0: No GPIO consumer reset found
[    0.400205] i2c_dev: i2c /dev entries driver
[    0.401195] cpuidle: enable-method property 'ti,am3352' found operations
[    0.401872] sdhci: Secure Digital Host Controller Interface driver
[    0.401884] sdhci: Copyright(c) Pierre Ossman
[    0.402068] sdhci-pltfm: SDHCI platform and OF driver helper
[    0.403103] Initializing XFRM netlink socket
[    0.403252] NET: Registered PF_INET6 protocol family
[    0.413194] Segment Routing with IPv6
[    0.413286] In-situ OAM (IOAM) with IPv6
[    0.413386] sit: IPv6, IPv4 and MPLS over IPv4 tunneling driver
[    0.414376] NET: Registered PF_PACKET protocol family
[    0.414414] NET: Registered PF_KEY protocol family
[    0.414554] Key type dns_resolver registered
[    0.414830] ThumbEE CPU extension supported.
[    0.414850] Registering SWP/SWPB emulation handler
[    0.415378] omap_voltage_late_init: Voltage driver support not added
[    0.415728] SmartReflex Class3 initialized
[    0.442819] Loading compiled-in X.509 certificates
[    0.497784] gpiochip_find_base_unlocked: found new base at 512
[    0.539980] platform 44e10800.pinmux: Fixed dependency cycle(s) with /ocp/interconnect@44c00000/segment@200000/target-module@10000/scm@0/pinmux@800/clkout2-pins
[    0.540537] pinctrl-single 44e10800.pinmux: 142 pins, size 568
[    0.545923] ti-sysc 44e31000.target-module: probe with driver ti-sysc failed with error -16
[    0.582188] ti-sysc 48040000.target-module: probe with driver ti-sysc failed with error -16
[    0.593311] gpiochip_find_base_unlocked: found new base at 512
[    0.593412] gpio gpiochip0: (gpio-0-31): created GPIO range 0->7 ==> 44e10800.pinmux PIN 0->7
[    0.593433] gpio gpiochip0: (gpio-0-31): created GPIO range 8->11 ==> 44e10800.pinmux PIN 90->93
[    0.593449] gpio gpiochip0: (gpio-0-31): created GPIO range 12->27 ==> 44e10800.pinmux PIN 12->27
[    0.593464] gpio gpiochip0: (gpio-0-31): created GPIO range 28->31 ==> 44e10800.pinmux PIN 30->33
[    0.623013] gpio gpiochip0: (gpio-0-31): added GPIO chardev (254:0)
[    0.623159] gpio gpiochip0: registered GPIOs 512 to 543 on gpio-0-31
[    0.623245] OMAP GPIO hardware version 0.1
[    0.646465] i2c i2c-2: using DT '/ocp/interconnect@48000000/segment@100000/target-module@9c000/i2c@0' for 'scl' GPIO lookup
[    0.646539] of_get_named_gpiod_flags: can't parse 'scl-gpios' property of node '/ocp/interconnect@48000000/segment@100000/target-module@9c000/i2c@0[0]'
[    0.646584] of_get_named_gpiod_flags: can't parse 'scl-gpio' property of node '/ocp/interconnect@48000000/segment@100000/target-module@9c000/i2c@0[0]'
[    0.646621] i2c i2c-2: using lookup tables for GPIO lookup
[    0.646631] i2c i2c-2: No GPIO consumer scl found
[    0.646652] i2c i2c-2: using DT '/ocp/interconnect@48000000/segment@100000/target-module@9c000/i2c@0' for 'sda' GPIO lookup
[    0.646688] of_get_named_gpiod_flags: can't parse 'sda-gpios' property of node '/ocp/interconnect@48000000/segment@100000/target-module@9c000/i2c@0[0]'
[    0.646727] of_get_named_gpiod_flags: can't parse 'sda-gpio' property of node '/ocp/interconnect@48000000/segment@100000/target-module@9c000/i2c@0[0]'
[    0.646760] i2c i2c-2: using lookup tables for GPIO lookup
[    0.646768] i2c i2c-2: No GPIO consumer sda found
[    0.647508] omap_i2c 4819c000.i2c: bus 2 rev0.11 at 100 kHz
[    0.653201] gpiochip_find_base_unlocked: found new base at 544
[    0.653306] gpio gpiochip1: (gpio-32-63): created GPIO range 0->17 ==> 44e10800.pinmux PIN 34->51
[    0.653326] gpio gpiochip1: (gpio-32-63): created GPIO range 18->21 ==> 44e10800.pinmux PIN 77->80
[    0.653342] gpio gpiochip1: (gpio-32-63): created GPIO range 22->31 ==> 44e10800.pinmux PIN 56->65
[    0.667970] gpio gpiochip1: (gpio-32-63): added GPIO chardev (254:1)
[    0.668131] gpio gpiochip1: registered GPIOs 544 to 575 on gpio-32-63
[    0.670368] gpiochip_find_base_unlocked: found new base at 576
[    0.670462] gpio gpiochip2: (gpio-64-95): created GPIO range 0->4 ==> 44e10800.pinmux PIN 66->70
[    0.670481] gpio gpiochip2: (gpio-64-95): created GPIO range 5->6 ==> 44e10800.pinmux PIN 98->99
[    0.670496] gpio gpiochip2: (gpio-64-95): created GPIO range 7->8 ==> 44e10800.pinmux PIN 75->76
[    0.670511] gpio gpiochip2: (gpio-64-95): created GPIO range 13->13 ==> 44e10800.pinmux PIN 141->141
[    0.670527] gpio gpiochip2: (gpio-64-95): created GPIO range 14->21 ==> 44e10800.pinmux PIN 100->107
[    0.687121] gpio gpiochip2: (gpio-64-95): added GPIO chardev (254:2)
[    0.687289] gpio gpiochip2: registered GPIOs 576 to 607 on gpio-64-95
[    0.693033] 48000000.interconnect:segment@200000:target-module@0:mpu@0:fck: device ID is greater than 24
[    0.697166] platform 4830e000.lcdc: Fixed dependency cycle(s) with /ocp/interconnect@44c00000/segment@200000/target-module@b000/i2c@0/tda19988@70
[    0.706699] mdio_bus 4a101000.mdio: using DT '/ocp/interconnect@4a000000/segment@0/target-module@100000/switch@0/mdio@1000' for 'reset' GPIO lookup
[    0.706773] of_get_named_gpiod_flags: can't parse 'reset-gpios' property of node '/ocp/interconnect@4a000000/segment@0/target-module@100000/switch@0/mdio@1000[0]'
[    0.706823] of_get_named_gpiod_flags: can't parse 'reset-gpio' property of node '/ocp/interconnect@4a000000/segment@0/target-module@100000/switch@0/mdio@1000[0]'
[    0.706871] mdio_bus 4a101000.mdio: using lookup tables for GPIO lookup
[    0.706881] mdio_bus 4a101000.mdio: No GPIO consumer reset found
[    0.708114] sdhci-omap 481d8000.mmc: using DT '/ocp/interconnect@48000000/segment@100000/target-module@d8000/mmc@0' for 'wp' GPIO lookup
[    0.708187] of_get_named_gpiod_flags: can't parse 'wp-gpios' property of node '/ocp/interconnect@48000000/segment@100000/target-module@d8000/mmc@0[0]'
[    0.708236] of_get_named_gpiod_flags: can't parse 'wp-gpio' property of node '/ocp/interconnect@48000000/segment@100000/target-module@d8000/mmc@0[0]'
[    0.708272] sdhci-omap 481d8000.mmc: using lookup tables for GPIO lookup
[    0.708282] sdhci-omap 481d8000.mmc: No GPIO consumer wp found
[    0.708473] sdhci-omap 481d8000.mmc: supply pbias not found, using dummy regulator
[    0.708986] sdhci-omap 481d8000.mmc: supply vqmmc not found, using dummy regulator
[    0.765421] davinci_mdio 4a101000.mdio: davinci mdio revision 1.6, bus freq 1000000
[    0.785827] mdio_bus 4a101000.mdio:00: using DT '/ocp/interconnect@4a000000/segment@0/target-module@100000/switch@0/mdio@1000/ethernet-phy@0' for 'reset' GPIO lookup
[    0.785930] of_get_named_gpiod_flags: parsed 'reset-gpios' property of node '/ocp/interconnect@4a000000/segment@0/target-module@100000/switch@0/mdio@1000/ethernet-phy@0[0]' - status (0)
[    0.786092] gpio gpiochip0: Persistence not supported for GPIO 8
[    0.931428] davinci_mdio 4a101000.mdio: phy[0]: device 4a101000.mdio:00, driver SMSC LAN8710/LAN8720
[    0.932209] cpsw-switch 4a100000.switch: initialized cpsw ale version 1.4
[    0.932234] cpsw-switch 4a100000.switch: ALE Table size 1024, Policers 0
[    0.932397] cpsw-switch 4a100000.switch: cpts: overflow check period 500 (jiffies)
[    0.932414] cpsw-switch 4a100000.switch: CPTS: ref_clk_freq:250000000 calc_mult:2147483648 calc_shift:29 error:0 nsec/sec
[    0.932524] cpsw-switch 4a100000.switch: Detected MACID = 6c:ec:eb:68:de:78
[    0.934405] cpsw-switch 4a100000.switch: initialized (regs 0x4a100000, pool size 256) hw_ver:0019010C 1.12 (0)
[    0.945567] debugfs: Directory '49000000.dma' with parent 'dmaengine' already present!
[    0.945607] edma 49000000.dma: TI EDMA DMA engine driver
[    0.997846] target-module@4b000000:target-module@140000:pmu@0:fck: device ID is greater than 24
[    1.023515] hw perfevents: enabled with armv7_cortex_a8 PMU driver, 5 (8000000f) counters available
[    1.024401] gpio-clk clk_mcasp0: using DT '/clk_mcasp0' for 'enable' GPIO lookup
[    1.024477] of_get_named_gpiod_flags: parsed 'enable-gpios' property of node '/clk_mcasp0[0]' - status (0)
[    1.024521] gpio gpiochip0: Persistence not supported for GPIO 27
[    1.025338] gpiochip_find_base_unlocked: found new base at 608
[    1.025446] gpio gpiochip3: (gpio-96-127): created GPIO range 0->7 ==> 44e10800.pinmux PIN 82->89
[    1.025466] gpio gpiochip3: (gpio-96-127): created GPIO range 8->11 ==> 44e10800.pinmux PIN 52->55
[    1.025482] gpio gpiochip3: (gpio-96-127): created GPIO range 12->15 ==> 44e10800.pinmux PIN 94->97
[    1.025498] gpio gpiochip3: (gpio-96-127): created GPIO range 16->17 ==> 44e10800.pinmux PIN 71->72
[    1.025514] gpio gpiochip3: (gpio-96-127): created GPIO range 18->18 ==> 44e10800.pinmux PIN 135->135
[    1.025530] gpio gpiochip3: (gpio-96-127): created GPIO range 19->20 ==> 44e10800.pinmux PIN 108->109
[    1.025546] gpio gpiochip3: (gpio-96-127): created GPIO range 21->21 ==> 44e10800.pinmux PIN 73->73
[    1.025563] gpio gpiochip3: (gpio-96-127): created GPIO range 22->23 ==> 44e10800.pinmux PIN 8->9
[    1.025580] gpio gpiochip3: (gpio-96-127): created GPIO range 26->27 ==> 44e10800.pinmux PIN 10->11
[    1.025597] gpio gpiochip3: (gpio-96-127): created GPIO range 28->28 ==> 44e10800.pinmux PIN 74->74
[    1.025615] gpio gpiochip3: (gpio-96-127): created GPIO range 29->29 ==> 44e10800.pinmux PIN 81->81
[    1.025633] gpio gpiochip3: (gpio-96-127): created GPIO range 30->31 ==> 44e10800.pinmux PIN 28->29
[    1.031209] l3-aon-clkctrl:0000:0: failed to disable
[    1.031780] gpio gpiochip3: (gpio-96-127): added GPIO chardev (254:3)
[    1.031927] gpio gpiochip3: registered GPIOs 608 to 639 on gpio-96-127
[    1.033872] omap8250 44e09000.serial: using DT '/ocp/interconnect@44c00000/segment@200000/target-module@9000/serial@0' for 'rs485-term' GPIO lookup
[    1.033945] of_get_named_gpiod_flags: can't parse 'rs485-term-gpios' property of node '/ocp/interconnect@44c00000/segment@200000/target-module@9000/serial@0[0]'
[    1.033992] of_get_named_gpiod_flags: can't parse 'rs485-term-gpio' property of node '/ocp/interconnect@44c00000/segment@200000/target-module@9000/serial@0[0]'
[    1.034029] omap8250 44e09000.serial: using lookup tables for GPIO lookup
[    1.034039] omap8250 44e09000.serial: No GPIO consumer rs485-term found
[    1.034050] omap8250 44e09000.serial: using DT '/ocp/interconnect@44c00000/segment@200000/target-module@9000/serial@0' for 'rs485-rx-during-tx' GPIO lookup
[    1.034086] of_get_named_gpiod_flags: can't parse 'rs485-rx-during-tx-gpios' property of node '/ocp/interconnect@44c00000/segment@200000/target-module@9000/serial@0[0]'
[    1.034124] of_get_named_gpiod_flags: can't parse 'rs485-rx-during-tx-gpio' property of node '/ocp/interconnect@44c00000/segment@200000/target-module@9000/serial@0[0]'
[    1.034157] omap8250 44e09000.serial: using lookup tables for GPIO lookup
[    1.034165] omap8250 44e09000.serial: No GPIO consumer rs485-rx-during-tx found
[    1.034536] 44e09000.serial: ttyS0 at MMIO 0x44e09000 (irq = 34, base_baud = 3000000) is a 8250
[    1.034625] printk: legacy console [ttyS0] enabled
[    2.293822] i2c i2c-0: using DT '/ocp/interconnect@44c00000/segment@200000/target-module@b000/i2c@0' for 'scl' GPIO lookup
[    2.293912] of_get_named_gpiod_flags: can't parse 'scl-gpios' property of node '/ocp/interconnect@44c00000/segment@200000/target-module@b000/i2c@0[0]'
[    2.293963] of_get_named_gpiod_flags: can't parse 'scl-gpio' property of node '/ocp/interconnect@44c00000/segment@200000/target-module@b000/i2c@0[0]'
[    2.294005] i2c i2c-0: using lookup tables for GPIO lookup
[    2.294020] i2c i2c-0: No GPIO consumer scl found
[    2.294045] i2c i2c-0: using DT '/ocp/interconnect@44c00000/segment@200000/target-module@b000/i2c@0' for 'sda' GPIO lookup
[    2.294086] of_get_named_gpiod_flags: can't parse 'sda-gpios' property of node '/ocp/interconnect@44c00000/segment@200000/target-module@b000/i2c@0[0]'
[    2.294129] of_get_named_gpiod_flags: can't parse 'sda-gpio' property of node '/ocp/interconnect@44c00000/segment@200000/target-module@b000/i2c@0[0]'
[    2.294166] i2c i2c-0: using lookup tables for GPIO lookup
[    2.294177] i2c i2c-0: No GPIO consumer sda found
[    2.312362] tps65217-pmic: Failed to locate of_node [id: -1]
[    2.318440] tps65217-bl: Failed to locate of_node [id: -1]
[    2.329872] tps65217 0-0024: TPS65217 ID 0xe version 1.2
[    2.336028] platform 4830e000.lcdc: Fixed dependency cycle(s) with /ocp/interconnect@44c00000/segment@200000/target-module@b000/i2c@0/tda19988@70
[    2.349460] i2c 0-0070: Fixed dependency cycle(s) with /ocp/interconnect@48000000/segment@300000/target-module@e000/lcdc@0
[    2.360864] omap_i2c 44e0b000.i2c: bus 0 rev0.11 at 400 kHz
[    2.368483] sdhci-omap 48060000.mmc: using DT '/ocp/interconnect@48000000/segment@0/target-module@60000/mmc@0' for 'cd' GPIO lookup
[    2.368591] of_get_named_gpiod_flags: parsed 'cd-gpios' property of node '/ocp/interconnect@48000000/segment@0/target-module@60000/mmc@0[0]' - status (0)
[    2.368660] gpio gpiochip3: Persistence not supported for GPIO 6
[    2.368684] omap_gpio 44e07000.gpio: Could not set line 6 debounce to 200000 microseconds (-22)
[    2.377572] sdhci-omap 48060000.mmc: Got CD GPIO
[    2.382277] sdhci-omap 48060000.mmc: using DT '/ocp/interconnect@48000000/segment@0/target-module@60000/mmc@0' for 'wp' GPIO lookup
[    2.382331] of_get_named_gpiod_flags: can't parse 'wp-gpios' property of node '/ocp/interconnect@48000000/segment@0/target-module@60000/mmc@0[0]'
[    2.382378] of_get_named_gpiod_flags: can't parse 'wp-gpio' property of node '/ocp/interconnect@48000000/segment@0/target-module@60000/mmc@0[0]'
[    2.382418] sdhci-omap 48060000.mmc: using lookup tables for GPIO lookup
[    2.382433] sdhci-omap 48060000.mmc: No GPIO consumer wp found
[    2.382639] sdhci-omap 48060000.mmc: supply pbias not found, using dummy regulator
[    2.391496] sdhci-omap 481d8000.mmc: using DT '/ocp/interconnect@48000000/segment@100000/target-module@d8000/mmc@0' for 'wp' GPIO lookup
[    2.391574] of_get_named_gpiod_flags: can't parse 'wp-gpios' property of node '/ocp/interconnect@48000000/segment@100000/target-module@d8000/mmc@0[0]'
[    2.391624] of_get_named_gpiod_flags: can't parse 'wp-gpio' property of node '/ocp/interconnect@48000000/segment@100000/target-module@d8000/mmc@0[0]'
[    2.391665] sdhci-omap 481d8000.mmc: using lookup tables for GPIO lookup
[    2.391679] sdhci-omap 481d8000.mmc: No GPIO consumer wp found
[    2.393046] sdhci-omap 48060000.mmc: supply vqmmc not found, using dummy regulator
[    2.402117] sdhci-omap 481d8000.mmc: supply pbias not found, using dummy regulator
[    2.410104] sdhci-omap 481d8000.mmc: supply vqmmc not found, using dummy regulator
[    2.445353] mmc0: SDHCI controller on 48060000.mmc [48060000.mmc] using External DMA
[    2.453685] mmc1: SDHCI controller on 481d8000.mmc [481d8000.mmc] using External DMA
[    2.462454] cpsw-switch 4a100000.switch: starting ndev. mode: dual_mac
[    2.512374] mmc0: new high speed SDHC card at address 5048
[    2.519445] mmcblk0: mmc0:5048 SD16G 14.4 GiB
[    2.527636]  mmcblk0: p1 p2
[    2.531049] mmcblk0: p2 size 31221760 extends beyond EOD, truncated
[    2.542653] SMSC LAN8710/LAN8720 4a101000.mdio:00: attached PHY driver (mii_bus:phy_addr=4a101000.mdio:00, irq=POLL)
[    2.560601] mmc1: new high speed MMC card at address 0001
[    2.567618] mmcblk1: mmc1:0001 MMC04G 3.60 GiB
[    2.575192]  mmcblk1: p1 p2
[    2.579582] mmcblk1boot0: mmc1:0001 MMC04G 2.00 MiB
[    2.586761] mmcblk1boot1: mmc1:0001 MMC04G 2.00 MiB
[    2.594210] mmcblk1rpmb: mmc1:0001 MMC04G 128 KiB, chardev (250:0)
[    5.682139] cpsw-switch 4a100000.switch eth0: Link is Up - 100Mbps/Full - flow control off
[    5.711373] IP-Config: Complete:
[    5.714649]      device=eth0, hwaddr=6c:ec:eb:68:de:78, ipaddr=192.168.255.1, mask=255.255.255.0, gw=255.255.255.255
[    5.725288]      host=bbb1, domain=, nis-domain=(none)
[    5.730456]      bootserver=192.168.255.126, rootserver=192.168.255.126, rootpath=
[    5.730878] clk: Disabling unused clocks
[    5.742749] PM: genpd: Disabling unused power domains
[    5.747870] KTAP version 1
[    5.750594] 1..0
[    5.786189] VFS: Mounted root (nfs filesystem) on device 0:17.
[    5.793376] devtmpfs: mounted
[    5.798074] Freeing unused kernel image (initmem) memory: 1024K
[    5.804986] Run /sbin/init as init process
[    5.809125]   with arguments:
[    5.809138]     /sbin/init
[    5.809148]     nfsrootdebug
[    5.809158]   with environment:
[    5.809168]     HOME=/
[    5.809177]     TERM=linux
[    6.522066] systemd[1]: System time before build time, advancing clock.
[    7.991381] random: crng init done
[    8.032645] systemd[1]: systemd 232 running in system mode. (+PAM +AUDIT +SELINUX +IMA +APPARMOR +SMACK +SYSVINIT +UTMP +LIBCRYPTSETUP +GCRYPT +GNUTLS +ACL +XZ +LZ4 +SECCOMP +BLKID +ELFUTILS +KMOD +IDN)
[    8.051863] systemd[1]: Detected architecture arm.
[    8.084650] systemd[1]: Set hostname to <arm>.
[    9.210775] systemd[1]: Started Forward Password Requests to Wall Directory Watch.
[    9.243513] systemd[1]: Listening on Journal Socket.
[    9.272189] systemd[1]: Listening on Journal Socket (/dev/log).
[    9.301977] systemd[1]: Listening on udev Kernel Socket.
[    9.332366] systemd[1]: Listening on Journal Audit Socket.
[    9.363011] systemd[1]: Created slice System Slice.
[    9.392808] systemd[1]: Created slice system-serial\x2dgetty.slice.
[   11.645633] systemd-journald[86]: Received request to flush runtime journal from PID 1
[   14.085356] leds-gpio leds: using DT '/leds/led2' for '(default)' GPIO lookup
[   14.085466] of_get_named_gpiod_flags: parsed 'gpios' property of node '/leds/led2[0]' - status (0)
[   14.085525] gpio gpiochip0: Persistence not supported for GPIO 21
[   14.085542] gpio-533 (?): no flags found for GPIO (default)
[   14.130779] leds-gpio leds: using DT '/leds/led3' for '(default)' GPIO lookup
[   14.131089] of_get_named_gpiod_flags: parsed 'gpios' property of node '/leds/led3[0]' - status (0)
[   14.131158] gpio gpiochip0: Persistence not supported for GPIO 22
[   14.131174] gpio-534 (?): no flags found for GPIO (default)
[   14.142030] leds-gpio leds: using DT '/leds/led4' for '(default)' GPIO lookup
[   14.142131] of_get_named_gpiod_flags: parsed 'gpios' property of node '/leds/led4[0]' - status (0)
[   14.142183] gpio gpiochip0: Persistence not supported for GPIO 23
[   14.142199] gpio-535 (?): no flags found for GPIO (default)
[   14.182447] leds-gpio leds: using DT '/leds/led5' for '(default)' GPIO lookup
[   14.182749] of_get_named_gpiod_flags: parsed 'gpios' property of node '/leds/led5[0]' - status (0)
[   14.182808] gpio gpiochip0: Persistence not supported for GPIO 24
[   14.182825] gpio-536 (?): no flags found for GPIO (default)
[   14.680543] remoteproc remoteproc0: wkup_m3 is available
[   14.733599] omap_rtc 44e3e000.rtc: registered as rtc0
[   14.738813] omap_rtc 44e3e000.rtc: setting system clock to 2000-01-01T00:00:00 UTC (946684800)
[   14.747681] omap_rtc 44e3e000.rtc: using DT '/ocp/interconnect@44c00000/segment@200000/target-module@3e000/rtc@0' for 'wp' GPIO lookup
[   14.747756] of_get_named_gpiod_flags: can't parse 'wp-gpios' property of node '/ocp/interconnect@44c00000/segment@200000/target-module@3e000/rtc@0[0]'
[   14.747807] of_get_named_gpiod_flags: can't parse 'wp-gpio' property of node '/ocp/interconnect@44c00000/segment@200000/target-module@3e000/rtc@0[0]'
[   14.747849] omap_rtc 44e3e000.rtc: using lookup tables for GPIO lookup
[   14.747865] omap_rtc 44e3e000.rtc: No GPIO consumer wp found
[   14.812198] am335x-phy-driver 47401300.usb-phy: using DT '/ocp/target-module@47400000/usb-phy@1300' for 'reset' GPIO lookup
[   14.812299] of_get_named_gpiod_flags: can't parse 'reset-gpios' property of node '/ocp/target-module@47400000/usb-phy@1300[0]'
[   14.812348] of_get_named_gpiod_flags: can't parse 'reset-gpio' property of node '/ocp/target-module@47400000/usb-phy@1300[0]'
[   14.812388] am335x-phy-driver 47401300.usb-phy: using lookup tables for GPIO lookup
[   14.812405] am335x-phy-driver 47401300.usb-phy: No GPIO consumer reset found
[   14.812420] am335x-phy-driver 47401300.usb-phy: using DT '/ocp/target-module@47400000/usb-phy@1300' for 'vbus-detect' GPIO lookup
[   14.812453] of_get_named_gpiod_flags: can't parse 'vbus-detect-gpios' property of node '/ocp/target-module@47400000/usb-phy@1300[0]'
[   14.812488] of_get_named_gpiod_flags: can't parse 'vbus-detect-gpio' property of node '/ocp/target-module@47400000/usb-phy@1300[0]'
[   14.812516] am335x-phy-driver 47401300.usb-phy: using lookup tables for GPIO lookup
[   14.812529] am335x-phy-driver 47401300.usb-phy: No GPIO consumer vbus-detect found
[   14.812677] am335x-phy-driver 47401300.usb-phy: dummy supplies not allowed for exclusive requests (id=vbus)
[   14.970586] am335x-phy-driver 47401b00.usb-phy: using DT '/ocp/target-module@47400000/usb-phy@1b00' for 'reset' GPIO lookup
[   14.970689] of_get_named_gpiod_flags: can't parse 'reset-gpios' property of node '/ocp/target-module@47400000/usb-phy@1b00[0]'
[   14.970736] of_get_named_gpiod_flags: can't parse 'reset-gpio' property of node '/ocp/target-module@47400000/usb-phy@1b00[0]'
[   14.970777] am335x-phy-driver 47401b00.usb-phy: using lookup tables for GPIO lookup
[   14.970793] am335x-phy-driver 47401b00.usb-phy: No GPIO consumer reset found
[   14.970809] am335x-phy-driver 47401b00.usb-phy: using DT '/ocp/target-module@47400000/usb-phy@1b00' for 'vbus-detect' GPIO lookup
[   14.970841] of_get_named_gpiod_flags: can't parse 'vbus-detect-gpios' property of node '/ocp/target-module@47400000/usb-phy@1b00[0]'
[   14.970875] of_get_named_gpiod_flags: can't parse 'vbus-detect-gpio' property of node '/ocp/target-module@47400000/usb-phy@1b00[0]'
[   14.970903] am335x-phy-driver 47401b00.usb-phy: using lookup tables for GPIO lookup
[   14.970916] am335x-phy-driver 47401b00.usb-phy: No GPIO consumer vbus-detect found
[   14.971065] am335x-phy-driver 47401b00.usb-phy: dummy supplies not allowed for exclusive requests (id=vbus)
[   15.088579] at24 2-0054: supply vcc not found, using dummy regulator
[   15.129591] omap_wdt: OMAP Watchdog Timer Rev 0x01: initial timeout 60 sec
[   15.246441] at24 2-0055: supply vcc not found, using dummy regulator
[   15.342454] at24 2-0056: supply vcc not found, using dummy regulator
[   15.391283] tps6521x_pwrbutton tps65217-pwrbutton: DMA mask not set
[   15.416309] usbcore: registered new interface driver usbfs
[   15.422200] usbcore: registered new interface driver hub
[   15.427645] usbcore: registered new device driver usb
[   15.492824] at24 2-0057: supply vcc not found, using dummy regulator
[   15.520537] input: tps65217_pwrbutton as /devices/platform/ocp/44c00000.interconnect/44c00000.interconnect:segment@200000/44e0b000.target-module/44e0b000.i2c/i2c-0/0-0024/tps65217-pwrbutton/input/input0
[   15.553472] at24 0-0050: using DT '/ocp/interconnect@44c00000/segment@200000/target-module@b000/i2c@0/eeprom@50' for 'wp' GPIO lookup
[   15.553581] of_get_named_gpiod_flags: can't parse 'wp-gpios' property of node '/ocp/interconnect@44c00000/segment@200000/target-module@b000/i2c@0/eeprom@50[0]'
[   15.553641] of_get_named_gpiod_flags: can't parse 'wp-gpio' property of node '/ocp/interconnect@44c00000/segment@200000/target-module@b000/i2c@0/eeprom@50[0]'
[   15.553689] at24 0-0050: using lookup tables for GPIO lookup
[   15.553703] at24 0-0050: No GPIO consumer wp found
[   15.553990] at24 0-0050: 32768 byte 24c256 EEPROM, writable, 1 bytes/write
