Labgrid Console Logfile for main
Logfile started at 2025-06-04 07:38:23.083229
=== Log starts here ===
reading args
spl_load_image_fat_os: error reading image args, err - -1
reading u-boot.img
reading u-boot.img


U-Boot 2014.04-00014-g47880f5 (Apr 22 2014 - 13:23:54)

I2C:   ready
DRAM:  512 MiB
NAND:  0 MiB
MMC:   OMAP SD/MMC: 0, OMAP SD/MMC: 1
*** Warning - readenv() failed, using default environment

Net:   <ethaddr> not set. Validating first E-fuse MAC
cpsw, usb_ether
Hit any key to stop autoboot:  1  0 
gpio: pin 53 (gpio 53) value is 1
mmc0 is current device
gpio: pin 54 (gpio 54) value is 1
SD/MMC found on device 0
reading uEnv.txt
569 bytes read in 4 ms (138.7 KiB/s)
gpio: pin 55 (gpio 55) value is 1
Loaded environment from uEnv.txt
Importing environment from mmc ...
Checking if uenvcmd is set ...
gpio: pin 56 (gpio 56) value is 1
Running uenvcmd ...
cpsw Waiting for PHY auto negotiation to complete. done
link up on port 0, speed 100, full duplex
Using cpsw device
TFTP from server 192.168.255.126; our IP address is 192.168.255.1
Filename 'zImage'.
Load address: 0x81000000
Loading: *#################################################################
	 #################################################################
	 #################################################################
	 #################################################################
	 #################################################################
	 ##########################################################
	 2.4 MiB/s
done
Bytes transferred = 5621328 (55c650 hex)
link up on port 0, speed 100, full duplex
Using cpsw device
TFTP from server 192.168.255.126; our IP address is 192.168.255.1
Filename 'am335x-boneblack.dtb'.
Load address: 0x82000000
Loading: *#######
	 2.3 MiB/s
done
Bytes transferred = 98244 (17fc4 hex)
Kernel image @ 0x81000000 [ 0x000000 - 0x55c650 ]
## Flattened Device Tree blob at 82000000
   Booting using the fdt blob at 0x82000000
   Using Device Tree in place at 82000000, end 8201afc3

Starting kernel ...

[    0.000000] Booting Linux on physical CPU 0x0
[    0.000000] Linux version 6.15.0-next-20250604 (user01@drvtest01) (arm-none-eabi-gcc (Arm GNU Toolchain 14.2.Rel1 (Build arm-14.52)) 14.2.1 20241119, GNU ld (Arm GNU Toolchain 14.2.Rel1 (Build arm-14.52)) 2.43.1.20241119) #1 SMP Wed Jun  4 07:34:56 EEST 2025
[    0.000000] CPU: ARMv7 Processor [413fc082] revision 2 (ARMv7), cr=10c5387d
[    0.000000] CPU: PIPT / VIPT nonaliasing data cache, VIPT aliasing instruction cache
[    0.000000] OF: fdt: Machine model: TI AM335x BeagleBone Black
[    0.000000] Memory policy: Data cache writeback
[    0.000000] cma: Reserved 16 MiB at 0x9e800000
[    0.000000] Zone ranges:
[    0.000000]   Normal   [mem 0x0000000080000000-0x000000009fdfffff]
[    0.000000]   HighMem  empty
[    0.000000] Movable zone start for each node
[    0.000000] Early memory node ranges
[    0.000000]   node   0: [mem 0x0000000080000000-0x000000009fdfffff]
[    0.000000] Initmem setup node 0 [mem 0x0000000080000000-0x000000009fdfffff]
[    0.000000] On node 0, zone Normal: 512 pages in unavailable ranges
[    0.000000] OF: reserved mem: Reserved memory: No reserved-memory node in the DT
[    0.000000] CPU: All CPU(s) started in SVC mode.
[    0.000000] AM335X ES2.1 (sgx neon)
[    0.000000] percpu: Embedded 17 pages/cpu s39820 r8192 d21620 u69632
[    0.000000] Kernel command line: console=ttyO0,115200n8 root=/dev/nfs rw nfsroot=192.168.255.126:/home/user01/nfs,nfsvers=3 ip=192.168.255.1:192.168.255.126::255.255.255.0:bbb1:eth0 nfsrootdebug
[    0.000000] Unknown kernel command line parameters "nfsrootdebug", will be passed to user space.
[    0.000000] printk: log buffer data + meta data: 65536 + 204800 = 270336 bytes
[    0.000000] Dentry cache hash table entries: 65536 (order: 6, 262144 bytes, linear)
[    0.000000] Inode-cache hash table entries: 32768 (order: 5, 131072 bytes, linear)
[    0.000000] Built 1 zonelists, mobility grouping on.  Total pages: 130560
[    0.000000] mem auto-init: stack:off, heap alloc:off, heap free:off
[    0.000000] SLUB: HWalign=16, Order=0-3, MinObjects=0, CPUs=1, Nodes=1
[    0.000000] rcu: Hierarchical RCU implementation.
[    0.000000] rcu: 	RCU event tracing is enabled.
[    0.000000] rcu: 	RCU restricting CPUs from NR_CPUS=2 to nr_cpu_ids=1.
[    0.000000] 	Tracing variant of Tasks RCU enabled.
[    0.000000] rcu: RCU calculated value of scheduler-enlistment delay is 10 jiffies.
[    0.000000] rcu: Adjusting geometry for rcu_fanout_leaf=16, nr_cpu_ids=1
[    0.000000] RCU Tasks Trace: Setting shift to 0 and lim to 1 rcu_task_cb_adjust=1 rcu_task_cpu_ids=1.
[    0.000000] NR_IRQS: 16, nr_irqs: 16, preallocated irqs: 16
[    0.000000] IRQ: Found an INTC at 0x(ptrval) (revision 5.0) with 128 interrupts
[    0.000000] rcu: srcu_init: Setting srcu_struct sizes based on contention.
[    0.000000] TI gptimer clocksource: always-on /ocp/interconnect@44c00000/segment@200000/target-module@31000
[    0.000003] sched_clock: 32 bits at 24MHz, resolution 41ns, wraps every 89478484971ns
[    0.000026] clocksource: dmtimer: mask: 0xffffffff max_cycles: 0xffffffff, max_idle_ns: 79635851949 ns
[    0.000509] TI gptimer clockevent: 24000000 Hz at /ocp/interconnect@48000000/segment@0/target-module@40000
[    0.002137] Console: colour dummy device 80x30
[    0.002201] WARNING: Your 'console=ttyO0' has been replaced by 'ttyS0'
[    0.002208] This ensures that you still see kernel messages. Please
[    0.002213] update your kernel commandline.
[    0.002256] Calibrating delay loop... 996.14 BogoMIPS (lpj=4980736)
[    0.090553] CPU: Testing write buffer coherency: ok
[    0.090660] CPU0: Spectre v2: using BPIALL workaround
[    0.090670] pid_max: default: 32768 minimum: 301
[    0.090826] LSM: initializing lsm=capability
[    0.091003] Mount-cache hash table entries: 1024 (order: 0, 4096 bytes, linear)
[    0.091023] Mountpoint-cache hash table entries: 1024 (order: 0, 4096 bytes, linear)
[    0.092647] CPU0: thread -1, cpu 0, socket -1, mpidr 0
[    0.092702] cacheinfo: Unable to detect cache hierarchy for CPU 0
[    0.094758] Setting up static identity map for 0x80100000 - 0x80100078
[    0.095078] rcu: Hierarchical SRCU implementation.
[    0.095089] rcu: 	Max phase no-delay instances is 1000.
[    0.096830] smp: Bringing up secondary CPUs ...
[    0.096883] smp: Brought up 1 node, 1 CPU
[    0.096896] SMP: Total of 1 processors activated (996.14 BogoMIPS).
[    0.096908] CPU: All CPU(s) started in SVC mode.
[    0.097091] Memory: 480820K/522240K available (11264K kernel code, 1221K rwdata, 2924K rodata, 1024K init, 287K bss, 23388K reserved, 16384K cma-reserved, 0K highmem)
[    0.097912] devtmpfs: initialized
[    0.114926] VFP support v0.3: implementor 41 architecture 3 part 30 variant c rev 3
[    0.115557] clocksource: jiffies: mask: 0xffffffff max_cycles: 0xffffffff, max_idle_ns: 19112604462750000 ns
[    0.115609] posixtimers hash table entries: 512 (order: 0, 4096 bytes, linear)
[    0.115635] futex hash table entries: 256 (16384 bytes on 1 NUMA nodes, total 16 KiB, linear).
[    0.116772] pinctrl core: initialized pinctrl subsystem
[    0.118829] NET: Registered PF_NETLINK/PF_ROUTE protocol family
[    0.121924] DMA: preallocated 256 KiB pool for atomic coherent allocations
[    0.122886] audit: initializing netlink subsys (disabled)
[    0.124239] thermal_sys: Registered thermal governor 'fair_share'
[    0.124255] thermal_sys: Registered thermal governor 'step_wise'
[    0.124265] thermal_sys: Registered thermal governor 'user_space'
[    0.124376] audit: type=2000 audit(0.120:1): state=initialized audit_enabled=0 res=1
[    0.124449] cpuidle: using governor menu
[    0.142465] /ocp/interconnect@44c00000/segment@200000/target-module@b000/i2c@0/tda19988@70: Fixed dependency cycle(s) with /ocp/interconnect@48000000/segment@300000/target-module@e000/lcdc@0
[    0.143598] /ocp/interconnect@48000000/segment@300000/target-module@e000/lcdc@0: Fixed dependency cycle(s) with /ocp/interconnect@44c00000/segment@200000/target-module@b000/i2c@0/tda19988@70
[    0.145814] No ATAGs?
[    0.145856] hw-breakpoint: debug architecture 0x4 unsupported.
[    0.148548] kprobes: kprobe jump-optimization is enabled. All kprobes are optimized if possible.
[    0.153862] iommu: Default domain type: Translated
[    0.153883] iommu: DMA domain TLB invalidation policy: strict mode
[    0.161362] SCSI subsystem initialized
[    0.162229] pps_core: LinuxPPS API ver. 1 registered
[    0.162240] pps_core: Software ver. 5.3.6 - Copyright 2005-2007 Rodolfo Giometti <giometti@linux.it>
[    0.162272] PTP clock support registered
[    0.171447] vgaarb: loaded
[    0.171821] clocksource: Switched to clocksource dmtimer
[    0.172483] VFS: Disk quotas dquot_6.6.0
[    0.172538] VFS: Dquot-cache hash table entries: 1024 (order 0, 4096 bytes)
[    0.197455] NET: Registered PF_INET protocol family
[    0.197800] IP idents hash table entries: 8192 (order: 4, 65536 bytes, linear)
[    0.199244] tcp_listen_portaddr_hash hash table entries: 512 (order: 0, 4096 bytes, linear)
[    0.199281] Table-perturb hash table entries: 65536 (order: 6, 262144 bytes, linear)
[    0.199300] TCP established hash table entries: 4096 (order: 2, 16384 bytes, linear)
[    0.199345] TCP bind hash table entries: 4096 (order: 4, 65536 bytes, linear)
[    0.199445] TCP: Hash tables configured (established 4096 bind 4096)
[    0.199566] UDP hash table entries: 256 (order: 1, 14336 bytes, linear)
[    0.199599] UDP-Lite hash table entries: 256 (order: 1, 14336 bytes, linear)
[    0.199783] NET: Registered PF_UNIX/PF_LOCAL protocol family
[    0.202519] RPC: Registered named UNIX socket transport module.
[    0.202539] RPC: Registered udp transport module.
[    0.202544] RPC: Registered tcp transport module.
[    0.202549] RPC: Registered tcp-with-tls transport module.
[    0.202554] RPC: Registered tcp NFSv4.1 backchannel transport module.
[    0.202578] PCI: CLS 0 bytes, default 64
[    0.203950] Initialise system trusted keyrings
[    0.212469] workingset: timestamp_bits=14 max_order=17 bucket_order=3
[    0.213802] NFS: Registering the id_resolver key type
[    0.213879] Key type id_resolver registered
[    0.213887] Key type id_legacy registered
[    0.213992] jffs2: version 2.2. (NAND) (SUMMARY)  Â© 2001-2006 Red Hat, Inc.
[    0.214445] Key type asymmetric registered
[    0.214461] Asymmetric key parser 'x509' registered
[    0.214533] io scheduler mq-deadline registered
[    0.214543] io scheduler kyber registered
[    0.214617] io scheduler bfq registered
[    0.216483] target-module@4b000000:target-module@140000:pmu@0:fck: device ID is greater than 24
[    0.222647] l3-aon-clkctrl:0000:0: failed to disable
[    0.232437] ledtrig-cpu: registered to indicate activity on CPUs
[    0.235237] Serial: 8250/16550 driver, 6 ports, IRQ sharing enabled
[    0.274404] brd: module loaded
[    0.297641] loop: module loaded
[    0.298584] mtdoops: mtd device (mtddev=name/number) must be supplied
[    0.301697] i2c_dev: i2c /dev entries driver
[    0.302896] cpuidle: enable-method property 't i,am3352' found operations
[    0.303341] sdhci: Secure Digital Host Controller Interface driver
[    0.303350] sdhci: Copyright(c) Pierre Ossman
[    0.303530] sdhci-pltfm: SDHCI platform and OF driver helper
[    0.304962] hw perfevents: enabled with armv7_cortex_a8 PMU driver, 5 (8000000f) counters available
[    0.305471] Initializing XFRM netlink socket
[    0.305652] NET: Registered PF_INET6 protocol family
[    0.311317] l3-aon-clkctrl:0000:0: failed to disable
[    0.312932] Segment Routin g with IPv6
[    0.313018] In-situ OAM (IOAM) with IPv6
[    0.313114] sit: IPv6, IPv4 and MPLS over IPv4 tunneling driver
[    0.314063] NET: Registered PF_PACKET protocol family
[    0.314089] NET: Registered PF_KEY protocol family
[    0.314214] Key type dns_resolver registered
[    0.314433] ThumbEE CPU extension supported.
[    0.314452] Registering SWP/SWPB emulation handler
[    0.314993] omap_voltage_late_init: Voltage driver support not added
[    0.315651] SmartReflex Class3 initialized
[    0.360359] Loading compiled-in X.509 certificates
[    0.391103] /ocp/interconnect@44c00000/segment@200000/target-module@b000/i2c@0/tda19988@70: Fixed dependency cycle(s) with /ocp/interconnect@48000000/segment@300000/target-module@e000/lcdc@0
[    0.397666] /ocp/interconnect@44c00000/segment@200000/target-module@b000/i2c@0/tda19988@70: Fixed dependency cycle(s) with /ocp/interconnect@48000000/segment@300000/target-module@e000/lcdc@0
[    0.437122] /ocp/interconnect@44c00000/segment@200000/target-module@b000/i2c@0/tda19988@70: Fixed dependency cycle(s) with /ocp/interconnect@48000000/segment@300000/target-module@e000/lcdc@0
[    0.438008] /ocp/interconnect@44c00000/segment@200000/target-module@b000/i2c@0/tda19988@70: Fixed dependency cycle(s) with /ocp/interconnect@48000000/segment@300000/target-module@e000/lcdc@0
[    0.441487] /ocp/interconnect@44c00000/segment@200000/target-module@10000/scm@0/pinmux@800: Fixed dependency cycle(s) with /ocp/interconnect@44c00000/segment@200000/target-module@10000/scm79] ti-sysc 48040000.target-module: probe with driver ti-sysc failed with error -16
[    0.518804] OMAP GPIO hardware version 0.1
[    0.553571] omap_i2c 4819c000.i2c: bus 2 rev0.11 at 100 kHz
[    0.583813] 48000000.interconnect:segment@200000:target-module@0:mpu@0:fck: device ID is greater than 24
[    0.584725] /ocp/interconnect@48000000/segment@300000/target-module@e000/lcdc@0: Fixed dependency cycle(s) with /ocp/interconnect@44c00000/segment@200000/target-module@b000/i2c@0/tda19988@70
[    0.587558] /ocp/interconnect@48000000/segment@300000/target-module@e000/lcdc@0: Fixed dependency cycle(s) with /ocp/interconnect@44c00000/segment@200000/target-module@b000/i2c@0/tda19988@70
[    0.588268] /ocp/interconnect@44c00000/segment@200000/target-module@b000/i2c@0/tda19988@70: Fixed dependency cycle(s) with /ocp/interconnect@48000000/segment@300000/target-module@e000/lcdc@0
[    0.588430] /ocp/interconnect@48000000/segment@300000/target-module@e000/lcdc@0: Fixed dependency cycle(s) with /ocp/interconnect@44c00000/segment@200000/target-module@b000/i2c@0/tda19988@70
[    0.599682] sdhci-omap 481d8000.mmc: supply pbias not found, using dummy regulator
[    0.600185] sdhci-omap 481d8000.mmc: supply vqmmc not found, using dummy regulator
[    0.654951] davinci_mdio 4a101000.mdio: davinci mdio revision 1.6, bus freq 1000000
[    0.806215] davinci_mdio 4a101000.mdio: phy[0]: device 4a101000.mdio:00, driver SMSC LAN8710/LAN8720
[    0.806985] cpsw-switch 4a100000.switch: initialized cpsw ale version 1.4
[    0.807006] cpsw-switch 4a100000.switch: ALE Table size 1024, Policers 0
[    0.807150] cpsw-switch 4a100000.switch: cpts: overflow check period 500 (jiffies)
[    0.807165] cpsw-switch 4a100000.switch: CPTS: ref_clk_freq:250000000 calc_mult:2147483648 calc_shift:29 error:0 nsec/sec
[    0.807280] cpsw-switch 4a100000.switch: Detected MACID = 6c:ec:eb:68:de:78
[    0.809118] cpsw-switch 4a100000.switch: initialized (regs 0x4a100000, pool size 256) hw_ver:0019010 C 1.12 (0)
[    0.820156] debugfs: Directory '49000000.dma' with parent 'dmaengine' already present!
[    0.820198] edma 49000000.dma: TI EDMA DMA engine driver
[    0.885800] 44e09000.serial: ttyS0 at MMIO 0x44e09000 (irq = 34, base_baud = 3000000) is a 8250
[    0.885893] printk: legacy console [ttyS0] enabled
[    2.372799] tps65217-pmic: Failed to locate of_node [id: -1]
[    2.378866] tps65217-bl: Failed to locate of_node [id: -1]
[    2.384925] platform tps65217-charger: DMA mask not set
[     2.390980] platform tps65217-pwrbutton: DMA mask not set
[    2.398325] tps65217 0-0024: TPS65217 ID 0xe version 1.2
[    2.404491] /ocp/interconnect@48000000/segment@300000/target-module@e000/lcdc@0: Fixed dependency cycle(s) with /ocp/interconnect@44c00000/segment@200000/target-module@b000/i2c@0/tda19988@70
[    2.421901] /ocp/interconnect@44c00000/segment@200000/target-module@b000/i2c@0/tda19988@70: Fixed dependency cycle(s) with /ocp/interconnect@48000000/segment@300000/target-module@e000/lcdc@0
[    2.439232] omap_i2c 44e0b000.i2c: bus 0 rev0.11 at 400 kHz
[    2.447085] omap_gpio 44e07000.gpio: Could not set line 6 debounce to 200000 microseconds (-22)
[    2.456015] sdhci-omap 48060000.mmc: Got CD GPIO
[    2.461012] sdhci-omap 48060000.mmc: supply pbias not found, using dummy regulator
[    2.470993] sdhci-omap 48060000.mmc: supply vqmmc not found, using dummy regulator
[    2.480094] sdhci-omap 481d8000.mmc: supply pbias not found, using dummy regulator
[    2.489809] sdhci-omap 481d8000.mmc: supply vqmmc not found, using dummy regulator
[    2.525731] mmc0: SDHCI controller on 48060000.mmc [48060000.mmc] using External DMA
[    2.534045] mmc1: SDHCI controller on 481d8000.mmc [481d8000.mmc] using External DMA
[    2.542826] cpsw-switch 4a100000.switch: starting ndev. mode: dual_mac
[    2.590996] mmc0: new high speed SDHC card at address 5048
[    2.598035] mmcblk0: mmc0:5048 SD16G 14.4 GiB
[    2.606306]  mmcblk0: p1 p2
[    2.609701] mmcblk0: p2 size 31221760 extends beyond EOD, trun4G 2.00 MiB
[    2.676612] mmcblk1rpmb: mmc1:0001 MMC04G 128 KiB, chardev (249:0)
[    5.762607] cpsw-switch 4a100000.switch eth0: Link is Up - 100Mbps/Full - flow control off
[    5.802076] IP-Config: Complete:
[    5.805352]      device=eth0, hwaddr=6c:ec:eb:68:de:78, ipaddr=192.168.255.1, mask=255.255.255.0, gw=255.255.255.255
[    5.816028]      host=bbb1, domain=, nis-domain=(none)
[    5.821196]      bootserver=192.168.255.126, rootserver=192.168.255.126, rootpath=
[    5.821640] clk: Disabling unused clocks
[    5.833469] PM: genpd: Disabling unused power domains
[    5.838586] KTAP version 1
[    5.841307] 1..0
[    5.865994] VFS: Mounted root (nfs filesystem) on device 0:17.
[    5.873197] devtmpfs: mounted
[    5.877677] Freeing unused kernel image (initmem) memory: 1024K
[    5.884566] Run /sbin/init as init process
[    6.575502] systemd[1]: System time before build time, advancing clock.
[    8.041843] random: crng init done
[    8.054279] systemd[1]: systemd 232 running in system mode. (+PAM +AUDIT +SELINUX +IMA +APPARMOR +SMACK +SYSVINIT +UTMP +LIBCRYPTSETUP +GCRYPT +GNUTLS +ACL +XZ +LZ4 +SECCOMP +BLKID +ELFUTILS +KMOD +IDN)
[    8.073639] systemd[1]: Detected architecture arm.

Welcome to [1mDebian GNU/Linux 9 (stretch)[0m!

[    8.104995] systemd[1]: Set hostname to <arm>.
[    9.201768] systemd[1]: Listening on udev Control Socket.
[[0;32m  OK  [0m] Listening on udev Control Socket.
[    9.222247] systemd[1]: Reached target Swap.
[[0;32m  OK  [0m] Reached target Swap.
[    9.243887] systemd[1]: Listening on /dev/initctl Compatibility Named Pipe.
[[0;32m  OK  [0m] Listening on /dev/initctl Compatibility Named Pipe.
[    9.273649] systemd[1]: syslog.socket: SO_PASSSEC failed: Operation not supported
[    9.281376] systemd[1]: Listening on Syslog Socket.
[[0;32m  OK  [0m] Listening on Syslog Socket.
[    9.302817] systemd[1]: Started Dispatch Password Requests to Console Directory Watch.
[[0;32m  OK  [0m] Started Dispatch Password Requests to Console Directory Watch.
[    9.332509] systemd[1]: systemd-journald-dev-log.socket: SO_PASSSEC failed: Operation not supported
[[0;32m  OK  [0m] Listening on Journal Socket (/dev/log).
[[0;32m  OK  [0m] Reached target Remote File Systems.
[[0;32m  OK  [0m] Listening on Journal Audit Socket.
[[0;32m  OK  [0m] Created slice User and Session Slice.
[[0;32m  OK  [0m] Listening on Journal Socket.
[[0;32m  OK  [0m] Listening on udev Kernel Socket.
[[0;32m  OK  [0m] Created slice System Slice.
         Mounting POSIX Message Queue File System...
         Starting Load Kernel Modules...
         Starting Journal Service...
[[0;32m  OK  [0m] Created slice system-getty.slice.
         Mounting Debug File System...
         Starting Create list of required stâ€¦ce nodes for the current kernel...
[[0;32m  OK  [0m] Created slice system-serial\x2dgetty.slice.
         Starting Remount Root and Kernel File Systems...
[[0;32m  OK  [0m] Started Forward Password Requests to Wall Directory Watch.
[[0;32m  OK  [0m] Reached target Encrypted Volumes.
[[0;32m  OK  [0m] Reached target Paths.
[[0;32m  OK  [0m] Set up automount Arbitrary Executabâ€¦rmats File System Automount Point.
[[0;32m  OK  [0m] Reached target Slices.
[[0;32m  OK  [0m] Mounted POSIX Message Queue File System.
[[0;32m  OK  [0m] Mounted Debug File System.
[[0;32m  OK  [0m] Started Create list of required staâ€¦vice nodes for the current kernel.
[[0;32m  OK  [0m] Started Load Kernel Modules.
         Mounting Configuration File System...
         Starting Apply Kernel Variables...
         Starting Create Static Device Nodes in /dev...
[[0;32m  OK  [0m] Mounted Configuration File System.
[[0;32m  OK  [0m] Started Remount Root and Kernel File Systems.
         Starting udev Coldplug all Devices...
         Starting Load/Save Random Seed...
[[0;32m  OK  [0m] Started Apply Kernel Variables.
[[0;32m  OK  [0m] Started Load/Save Random Seed.
[[0;32m  OK  [0m] Started Journal Service.
         Starting Flush Journal to Persistent Storage...
[[0;32m  OK  [0m] Started Create Static Device Nodes in /dev.
[[0;32m  OK  [0m] Reached target Local File Systems (Pre).
[[0;32m  OK  [0m] Reached target Local File Systems.
         Starting Raise network interfaces...
         Starting udev Kernel Device Manager...
[   11.448391] systemd-journald[83]: Received request to flush runtime journal from PID 1
[[0;32m  OK  [0m] Started Flush Journal to Persistent Storage.
         Starting Create Volatile Files and Directories...
[[0;32m  OK  [0m] Started udev Kernel Device Manager.
[[0;32m  OK  [0m] Started Create Volatile Files and Directories.
         Starting Update UTMP about System Boot/Shutdown...
         Starting Network Time Synchronization...
[[0;32m  OK  [0m] Started Update UTMP about System Boot/Shutdown.
[[0;32m  OK  [0m] Started udev Coldplug all Devices.
[[0;32m  OK  [0m] Started Network Time Synchronization.
[[0;32m  OK  [0m] Reached target System Time Synchronized.
[[0;32m  OK  [0m] Reached target System Initialization.
[[0;32m  OK  [0m] Started Daily apt download activities.
[[0;32m  OK  [0m] Started Daily apt upgrade and clean activities.
[[0;32m  OK  [0m] Started Daily Cleanup of Temporary Directories.
[[0;32m  OK  [0m] Reached target Timers.
[[0;32m  OK  [0m] Listening on Avahi mDNS/DNS-SD Stack Activation Socket.
[   14.784540] remoteproc remoteproc0: wkup_m3 is available
[[0;32m  OK  [0m] Listening on D-Bus System Message Bus Socket.
[[0;32m  OK  [0m] Reached target Sockets.
[[0;32m  OK  [0m] Reached target Basic System.
         Starting System Logging Service...
[   15.040332] omap_rtc 44e3e000.rtc: registered as rtc0
[   15.045752] omap_rtc 44e3e000.rtc: setting system clock to 2000-01-01T00:00:00 UTC (946684800)
         Starting LSB: Load kernel modules needed to enable cpufreq scaling...
[   15.138788] omap_wdt: OMAP Watchdog Timer Rev 0x01: initial timeout 60 sec
[   15.190783] at24 2-0054: supply vcc not found, using dummy regulator
         Starting Cape Manager Service...
[   15.359132] at24 2-0055: supply vcc not found, using dummy regulator
         Starting Generic Board Startup...
[   15.508837] at24 2-0056: supply vcc not found, using dummy regulator
         Starting LSB: Start busybox udhcpd at boot time...[   15.625218] at24 2-0057: supply vcc not found, using dummy regulator

         Starting DUN service...
[   15.749205] input: tps65217_pwrbutton as /devices/platform/ocp/44c00000.interconnect/44c00000.interconnect:segment@200000/44e0b000.target-module/44e0b000.i2c/i2c-0/0-0024/tps65217-pwrbutton/input/input0
[   15.783593] at24 0-0050: 32768 byte 24c256 EEPROM, writable, 1 bytes/write
         Starting Avahi mDNS/DNS-SD Stack...
         Starting Telephony service...
         Starting Login Service...
[[0;32m  OK  [0m] Started Regular background program processing daemon.
[[0;32m  OK  [0m] Started D-Bus System Message Bus.
[   16.826831] am335x-phy-driver 47401300.usb-phy: dummy supplies not allowed for exclusive requests (id=vbus)
[   17.004008] am335x-phy-driver 47401b00.usb-phy: dummy supplies not allowed for exclusive requests (id=vbus)
[   17.184056] usbcore: registered new interface driver usbfs
[   17.189700] usbcore: registered new interface driver hub
[   17.195363] usbcore: registered new device driver usb
[   17.745424] tda998x 0-0070: found TDA19988
[   18.096397] musb-hdrc musb-hdrc.1: MUSB HDRC host driver
[   18.101952] musb-hdrc musb-hdrc.1: new USB bus registered, assigned bus number 1
[   18.305791] omap-mailbox 480c8000.mailbox: omap mailbox rev 0x400
[   18.406442] usb usb1: New USB device found, idVendor=1d6b, idProduct=0002, bcdDevice= 6.15
[   18.415303] usb usb1: New USB device strings: Mfr=3, Product=2, SerialNumber=1
[   18.422687] usb usb1: Product: MUSB HDRC host driver
[   18.427685] usb usb1: Manufacturer: Linux 6.15.0-next-20250604 musb-hcd
[   18.434381] usb usb1: SerialNumber: musb-hdrc.1
[   18.477863] remoteproc remoteproc0: powering up wkup_m3
[   18.663633] remoteproc remoteproc0: Direct firmware load for am335x-pm-firmware.elf failed with error -2
[   18.673483] remoteproc remoteproc0: request_firmware failed: -2
[   18.679451] wkup_m3_ipc 44e11324.wkup_m3_ipc: rproc_boot failed
[   18.862787] hub 1-0:1.0: USB hub found
[   18.914988] hub 1-0:1.0: 1 port detected
[   20.578187] tilcdc 4830e000.lcdc: bound 0-0070 (ops tda998x_audio_codec_init [tda998x])
[   20.682972] omap_rng 48310000.rng: Random Number Generator ver. 20
[   20.692973] [drm] Initialized tilcdc 1.0.0 for 4830e000.lcdc on minor 0
[   20.787609] tilcdc 4830e000.lcdc: [drm] Cannot find any crtc or sizes
[   20.838079] tilcdc 4830e000.lcdc: [drm] Cannot find any crtc or sizes
[[0;32m  OK  [0m] Started DUN service.
[[0;32m  OK  [0m] Started Avahi mDNS/DNS-SD Stack.
[[0;32m  OK  [0m] Started Telephony service.
[   21.602085] PM: Cannot get wkup_m3_ipc handle
         Starting Connection service...
[   21.686094] omap-sham 53100000.sham: hw accel on OMAP rev 4.3
[   21.835774] omap-aes 53500000.aes: OMAP AES hw accel rev: 3.2
[   21.842009] omap-sham 53100000.sham: will run requests pump with realtime priority
[   21.857577] PM: Cannot get wkup_m3_ipc handle
[[0;32m  OK  [0m] Started System Logging Service.
[[0;32m  OK  [0m] Started Cape Manager Service.
[   21.982056] omap-aes 53500000.aes: will run requests pump with realtime priority
[   21.997731] PM: Cannot get wkup_m3_ipc handle
[[0;32m  OK  [0m] Found device /dev/ttyS0.
[   23.274028] Bluetooth: Core ver 2.22
[   23.277854] NET: Registered PF_BLUETOOTH protocol family
[   23.283424] Bluetooth: HCI device and connection manager initialized
[   23.289840] Bluetooth: HCI socket layer initialized
[   23.294840] Bluetooth: L2CAP socket layer initialized
[   23.299953] Bluetooth: SCO socket layer initialized
[   25.340588] gpio-537 (nxp,calib): gpiod_direction_output_nonotify: tried to set a GPIO tied to an IRQ as output
[   25.394231] PM: Cannot get wkup_m3_ipc handle
[   25.558089] PM: Cannot get wkup_m3_ipc handle
[   25.638943] tda9950 0-0034: TDA9950 CEC interface, hardware version 3.3
[   25.779597] PM: Cannot get wkup_m3_ipc handle
[[0;32m  OK  [0m] Started LSB: Start busybox udhcpd at boot time.
[   28.247883] configfs-gadget.g_multi gadget.0: HOST MAC 1c:ba:8c:a2:ed:6c
[   28.254889] configfs-gadget.g_multi gadget.0: MAC 1c:ba:8c:a2:ed:70
[   28.262307] configfs-gadget.g_multi gadget.0: HOST MAC 1c:ba:8c:a2:ed:6c
[   28.269075] configfs-gadget.g_multi gadget.0: MAC 1c:ba:8c:a2:ed:6d
[   28.278530] PM: Cannot get wkup_m3_ipc handle
[[0;32m  OK  [0m] Started LSB: Load kernel modules needed to enable cpufreq scaling.
[[0;32m  OK  [0m] Started Raise network interfaces.
[[0;32m  OK  [0m] Started Connection service.
[[0;32m  OK  [0m] Started Login Service.
[[0;32m  OK  [0m] Reached target Sound Card.
[[0;32m  OK  [0m] Reached target Network.
         Starting Permit User Sessions...
[[0;32m  OK  [0m] Reached target Network is Online.
         Starting LSB: Advanced IEEE 802.11 management daemon...
         Starting The Apache HTTP Server...
         Starting OpenBSD Secure Shell server...
         Starting LSB: set CPUFreq kernel parameters...
[[0;32m  OK  [0m] Started Permit User Sessions.
[[0;32m  OK  [0m] Started LSB: Advanced IEEE 802.11 management daemon.
         Starting Hostname Service...
         Starting WPA supplicant...
[[0;32m  OK  [0m] Started Getty on tty1.
[[0;32m  OK  [0m] Started Serial Getty on ttyS0.
[[0;32m  OK  [0m] Reached target Login Prompts.
[[0;32m  OK  [0m] Started WPA supplicant.
[[0;32m  OK  [0m] Started Hostname Service.
         Stopping LSB: Start busybox udhcpd at boot time...
[[0;32m  OK  [0m] Started LSB: set CPUFreq kernel parameters.
[[0;32m  OK  [0m] Started OpenBSD Secure Shell server.
[[0;32m  OK  [0m] Stopped LSB: Start busybox udhcpd at boot time.
[[0;32m  OK  [0m] Started The Apache HTTP Server.
         Starting dnsmasq - A lightweight DHCP and caching DNS server...
[[0;32m  OK  [0m] Started dnsmasq - A lightweight DHCP and caching DNS server.
[[0;32m  OK  [0m] Reached target Host and Network Name Lookups.
[[0;32m  OK  [0m] Started Serial Getty on ttyGS0.
[[0;32m  OK  [0m] Started Generic Board Startup.
[[0;32m  OK  [0m] Reached target Multi-User System.
[[0;32m  OK  [0m] Reached target Graphical Interface.
         Starting Update UTMP about System Runlevel Changes...
[[0;32m  OK  [0m] Started Update UTMP about System Runlevel Changes.

Debian GNU/Linux 9 arm ttyS0

default username:password is [debian:temppwd]

arm login: root
Password: 
Last login: Sat Jan  1 00:00:35 UTC 2000 on ttyS0
root
Linux arm 6.15.0-next-20250604 #1 SMP Wed Jun  4 07:34:56 EEST 2025 armv7l

The programs included with the Debian GNU/Linux system are free software;
the exact distribution terms for each program are described in the
individual files in /usr/share/doc/*/copyright.

Debian GNU/Linux comes with ABSOLUTELY NO WARRANTY, to the extent
permitted by applicable law.
root@arm:~# root
-bash: root: command not found
root@arm:~# dmesg -n 1
echo 'PEVP''KEKNJS'
root@arm:~# echo 'PEVP''KEKNJS'
PEVPKEKNJS
root@arm:~# run() { echo -n "$MARKER"; sh -c "$@"; echo "$MARKER $?"; }
root@arm:~# echo 'ZSEG''TFYKTV'
ZSEGTFYKTV
root@arm:~# MARKER='GZEH''MKBJYF' run 'cat /proc/version'
GZEHMKBJYFLinux version 6.15.0-next-20250604 (user01@drvtest01) (arm-none-eabi-gcc (Arm GNU Toolchain 14.2.Rel1 (Build arm-14.52)) 14.2.1 20241119, GNU ld (Arm GNU Toolchain 14.2.Rel1 (Build arm-14.52)) 2.43.1.20241119) #1 SMP Wed Jun  4 07:34:56 EEST 2025
GZEHMKBJYF 0
root@arm:~# echo 'MEBM''LWCASC'
MEBMLWCASC
root@arm:~# MARKER='XYCG''TAFZPP' run false
XYCGTAFZPPXYCGTAFZPP 1
root@arm:~# Labgrid Console Logfile for main
Logfile started at 2025-06-04 07:39:24.536265
=== Log starts here ===

root@arm:~# run() { echo -n "$MARKER"; sh -c "$@"; echo "$MARKER $?"; }
root@arm:~# echo 'HNPY''ZYZMAM'
HNPYZYZMAM
root@arm:~# MARKER='HAGL''QKBTYM' run 'ls /iio_generic_buffer; echo $?'
HAGLQKBTYM/iio_generic_buffer
0
HAGLQKBTYM 0
root@arm:~# Labgrid Console Logfile for main
Logfile started at 2025-06-04 07:39:27.949144
=== Log starts here ===

root@arm:~# run() { echo -n "$MARKER"; sh -c "$@"; echo "$MARKER $?"; }
root@arm:~# echo 'ZTEK''LEUSGN'
ZTEKLEUSGN
root@arm:~# MARKER='NJLY''JPPGJC' run dmesg
NJLYJPPGJC[    0.000000] Booting Linux on physical CPU 0x0
[    0.000000] Linux version 6.15.0-next-20250604 (user01@drvtest01) (arm-none-eabi-gcc (Arm GNU Toolchain 14.2.Rel1 (Build arm-14.52)) 14.2.1 20241119, GNU ld (Arm GNU Toolchain 14.2.Rel1 (Build arm-14.52)) 2.43.1.20241119) #1 SMP Wed Jun  4 07:34:56 EEST 2025
[    0.000000] CPU: ARMv7 Processor [413fc082] revision 2 (ARMv7), cr=10c5387d
[    0.000000] CPU: PIPT / VIPT nonaliasing data cache, VIPT aliasing instruction cache
[    0.000000] OF: fdt: Machine model: TI AM335x BeagleBone Black
[    0.000000] Memory policy: Data cache writeback
[    0.000000] cma: Reserved 16 MiB at 0x9e800000
[    0.000000] Zone ranges:
[    0.000000]   Normal   [mem 0x0000000080000000-0x000000009fdfffff]
[    0.000000]   HighMem  empty
[    0.000000] Movable zone start for each node
[    0.000000] Early memory node ranges
[    0.000000]   node   0: [mem 0x0000000080000000-0x000000009fdfffff]
[    0.000000] Initmem setup node 0 [mem 0x0000000080000000-0x000000009fdfffff]
[    0.000000] On node 0, zone Normal: 512 pages in unavailable ranges
[    0.000000] OF: reserved mem: Reserved memory: No reserved-memory node in the DT
[    0.000000] CPU: All CPU(s) started in SVC mode.
[    0.000000] AM335X ES2.1 (sgx neon)
[    0.000000] percpu: Embedded 17 pages/cpu s39820 r8192 d21620 u69632
[    0.000000] pcpu-alloc: s39820 r8192 d21620 u69632 alloc=17*4096
[    0.000000] pcpu-alloc: [0] 0 
[    0.000000] Kernel command line: console=ttyO0,115200n8 root=/dev/nfs rw nfsroot=192.168.255.126:/home/user01/nfs,nfsvers=3 ip=192.168.255.1:192.168.255.126::255.255.255.0:bbb1:eth0 nfsrootdebug
[    0.000000] Unknown kernel command line parameters "nfsrootdebug", will be passed to user space.
[    0.000000] printk: log buffer data + meta data: 65536 + 204800 = 270336 bytes
[    0.000000] Dentry cache hash table entries: 65536 (order: 6, 262144 bytes, linear)
[    0.000000] Inode-cache hash table entries: 32768 (order: 5, 131072 bytes, linear)
[    0.000000] Built 1 zonelists, mobility grouping on.  Total pages: 130560
[    0.000000] mem auto-init: stack:off, heap alloc:off, heap free:off
[    0.000000] SLUB: HWalign=16, Order=0-3, MinObjects=0, CPUs=1, Nodes=1
[    0.000000] rcu: Hierarchical RCU implementation.
[    0.000000] rcu: 	RCU event tracing is enabled.
[    0.000000] rcu: 	RCU restricting CPUs from NR_CPUS=2 to nr_cpu_ids=1.
[    0.000000] 	Tracing variant of Tasks RCU enabled.
[    0.000000] rcu: RCU calculated value of scheduler-enlistment delay is 10 jiffies.
[    0.000000] rcu: Adjusting geometry for rcu_fanout_leaf=16, nr_cpu_ids=1
[    0.000000] RCU Tasks Trace: Setting shift to 0 and lim to 1 rcu_task_cb_adjust=1 rcu_task_cpu_ids=1.
[    0.000000] NR_IRQS: 16, nr_irqs: 16, preallocated irqs: 16
[    0.000000] IRQ: Found an INTC at 0x(ptrval) (revision 5.0) with 128 interrupts
[    0.000000] rcu: srcu_init: Setting srcu_struct sizes based on contention.
[    0.000000] TI gptimer clocksource: always-on /ocp/interconnect@44c00000/segment@200000/target-module@31000
[    0.000003] sched_clock: 32 bits at 24MHz, resolution 41ns, wraps every 89478484971ns
[    0.000026] clocksource: dmtimer: mask: 0xffffffff max_cycles: 0xffffffff, max_idle_ns: 79635851949 ns
[    0.000509] TI gptimer clockevent: 24000000 Hz at /ocp/interconnect@48000000/segment@0/target-module@40000
[    0.002137] Console: colour dummy device 80x30
[    0.002201] WARNING: Your 'console=ttyO0' has been replaced by 'ttyS0'
[    0.002208] This ensures that you still see kernel messages. Please
[    0.002213] update your kernel commandline.
[    0.002256] Calibrating delay loop... 996.14 BogoMIPS (lpj=4980736)
[    0.090553] CPU: Testing write buffer coherency: ok
[    0.090660] CPU0: Spectre v2: using BPIALL workaround
[    0.090670] pid_max: default: 32768 minimum: 301
[    0.090826] LSM: initializing lsm=capability
[    0.091003] Mount-cache hash table entries: 1024 (order: 0, 4096 bytes, linear)
[    0.091023] Mountpoint-cache hash table entries: 1024 (order: 0, 4096 bytes, linear)
[    0.092647] CPU0: thread -1, cpu 0, socket -1, mpidr 0
[    0.092702] cacheinfo: Unable to detect cache hierarchy for CPU 0
[    0.094758] Setting up static identity map for 0x80100000 - 0x80100078
[    0.095078] rcu: Hierarchical SRCU implementation.
[    0.095089] rcu: 	Max phase no-delay instances is 1000.
[    0.096830] smp: Bringing up secondary CPUs ...
[    0.096883] smp: Brought up 1 node, 1 CPU
[    0.096896] SMP: Total of 1 processors activated (996.14 BogoMIPS).
[    0.096908] CPU: All CPU(s) started in SVC mode.
[    0.097091] Memory: 480820K/522240K available (11264K kernel code, 1221K rwdata, 2924K rodata, 1024K init, 287K bss, 23388K reserved, 16384K cma-reserved, 0K highmem)
[    0.097912] devtmpfs: initialized
[    0.114926] VFP support v0.3: implementor 41 architecture 3 part 30 variant c rev 3
[    0.115557] clocksource: jiffies: mask: 0xffffffff max_cycles: 0xffffffff, max_idle_ns: 19112604462750000 ns
[    0.115609] posixtimers hash table entries: 512 (order: 0, 4096 bytes, linear)
[    0.115635] futex hash table entries: 256 (16384 bytes on 1 NUMA nodes, total 16 KiB, linear).
[    0.116772] pinctrl core: initialized pinctrl subsystem
[    0.118829] NET: Registered PF_NETLINK/PF_ROUTE protocol family
[    0.121924] DMA: preallocated 256 KiB pool for atomic coherent allocations
[    0.122886] audit: initializing netlink subsys (disabled)
[    0.124239] thermal_sys: Registered thermal governor 'fair_share'
[    0.124255] thermal_sys: Registered thermal governor 'step_wise'
[    0.124265] thermal_sys: Registered thermal governor 'user_space'
[    0.124376] audit: type=2000 audit(0.120:1): state=initialized audit_enabled=0 res=1
[    0.124449] cpuidle: using governor menu
[    0.142465] /ocp/interconnect@44c00000/segment@200000/target-module@b000/i2c@0/tda19988@70: Fixed dependency cycle(s) with /ocp/interconnect@48000000/segment@300000/target-module@e000/lcdc@0
[    0.143598] /ocp/interconnect@48000000/segment@300000/target-module@e000/lcdc@0: Fixed dependency cycle(s) with /ocp/interconnect@44c00000/segment@200000/target-module@b000/i2c@0/tda19988@70
[    0.145814] No ATAGs?
[    0.145856] hw-breakpoint: debug architecture 0x4 unsupported.
[    0.148548] kprobes: kprobe jump-optimization is enabled. All kprobes are optimized if possible.
[    0.153862] iommu: Default domain type: Translated
[    0.153883] iommu: DMA domain TLB invalidation policy: strict mode
[    0.155453] reg-fixed-voltage fixedregulator0: using DT '/fixedregulator0' for '(default)' GPIO lookup
[    0.155507] of_get_named_gpiod_flags: can't parse 'gpios' property of node '/fixedregulator0[0]'
[    0.155538] of_get_named_gpiod_flags: can't parse 'gpio' property of node '/fixedregulator0[0]'
[    0.155555] reg-fixed-voltage fixedregulator0: using lookup tables for GPIO lookup
[    0.155565] reg-fixed-voltage fixedregulator0: No GPIO consumer (default) found
[    0.161362] SCSI subsystem initialized
[    0.161860] libata version 3.00 loaded.
[    0.162229] pps_core: LinuxPPS API ver. 1 registered
[    0.162240] pps_core: Software ver. 5.3.6 - Copyright 2005-2007 Rodolfo Giometti <giometti@linux.it>
[    0.162272] PTP clock support registered
[    0.171447] vgaarb: loaded
[    0.171821] clocksource: Switched to clocksource dmtimer
[    0.172483] VFS: Disk quotas dquot_6.6.0
[    0.172538] VFS: Dquot-cache hash table entries: 1024 (order 0, 4096 bytes)
[    0.197455] NET: Registered PF_INET protocol family
[    0.197800] IP idents hash table entries: 8192 (order: 4, 65536 bytes, linear)
[    0.199244] tcp_listen_portaddr_hash hash table entries: 512 (order: 0, 4096 bytes, linear)
[    0.199281] Table-perturb hash table entries: 65536 (order: 6, 262144 bytes, linear)
[    0.199300] TCP established hash table entries: 4096 (order: 2, 16384 bytes, linear)
[    0.199345] TCP bind hash table entries: 4096 (order: 4, 65536 bytes, linear)
[    0.199445] TCP: Hash tables configured (established 4096 bind 4096)
[    0.199566] UDP hash table entries: 256 (order: 1, 14336 bytes, linear)
[    0.199599] UDP-Lite hash table entries: 256 (order: 1, 14336 bytes, linear)
[    0.199783] NET: Registered PF_UNIX/PF_LOCAL protocol family
[    0.202519] RPC: Registered named UNIX socket transport module.
[    0.202539] RPC: Registered udp transport module.
[    0.202544] RPC: Registered tcp transport module.
[    0.202549] RPC: Registered tcp-with-tls transport module.
[    0.202554] RPC: Registered tcp NFSv4.1 backchannel transport module.
[    0.202578] PCI: CLS 0 bytes, default 64
[    0.203950] Initialise system trusted keyrings
[    0.212469] workingset: timestamp_bits=14 max_order=17 bucket_order=3
[    0.213802] NFS: Registering the id_resolver key type
[    0.213879] Key type id_resolver registered
[    0.213887] Key type id_legacy registered
[    0.213992] jffs2: version 2.2. (NAND) (SUMMARY)  Â© 2001-2006 Red Hat, Inc.
[    0.214445] Key type asymmetric registered
[    0.214461] Asymmetric key parser 'x509' registered
[    0.214533] io scheduler mq-deadline registered
[    0.214543] io scheduler kyber registered
[    0.214617] io scheduler bfq registered
[    0.216483] target-module@4b000000:target-module@140000:pmu@0:fck: device ID is greater than 24
[    0.222647] l3-aon-clkctrl:0000:0: failed to disable
[    0.232437] ledtrig-cpu: registered to indicate activity on CPUs
[    0.235237] Serial: 8250/16550 driver, 6 ports, IRQ sharing enabled
[    0.274404] brd: module loaded
[    0.297641] loop: module loaded
[    0.298584] mtdoops: mtd device (mtddev=name/number) must be supplied
[    0.300316] mdio_bus fixed-0: using lookup tables for GPIO lookup
[    0.300340] mdio_bus fixed-0: No GPIO consumer reset found
[    0.301697] i2c_dev: i2c /dev entries driver
[    0.302896] cpuidle: enable-method property 'ti,am3352' found operations
[    0.303341] sdhci: Secure Digital Host Controller Interface driver
[    0.303350] sdhci: Copyright(c) Pierre Ossman
[    0.303530] sdhci-pltfm: SDHCI platform and OF driver helper
[    0.304962] hw perfevents: enabled with armv7_cortex_a8 PMU driver, 5 (8000000f) counters available
[    0.305471] Initializing XFRM netlink socket
[    0.305652] NET: Registered PF_INET6 protocol family
[    0.311317] l3-aon-clkctrl:0000:0: failed to disable
[    0.312932] Segment Routing with IPv6
[    0.313018] In-situ OAM (IOAM) with IPv6
[    0.313114] sit: IPv6, IPv4 and MPLS over IPv4 tunneling driver
[    0.314063] NET: Registered PF_PACKET protocol family
[    0.314089] NET: Registered PF_KEY protocol family
[    0.314214] Key type dns_resolver registered
[    0.314433] ThumbEE CPU extension supported.
[    0.314452] Registering SWP/SWPB emulation handler
[    0.314993] omap_voltage_late_init: Voltage driver support not added
[    0.315651] SmartReflex Class3 initialized
[    0.360359] Loading compiled-in X.509 certificates
[    0.391103] /ocp/interconnect@44c00000/segment@200000/target-module@b000/i2c@0/tda19988@70: Fixed dependency cycle(s) with /ocp/interconnect@48000000/segment@300000/target-module@e000/lcdc@0
[    0.397666] /ocp/interconnect@44c00000/segment@200000/target-module@b000/i2c@0/tda19988@70: Fixed dependency cycle(s) with /ocp/interconnect@48000000/segment@300000/target-module@e000/lcdc@0
[    0.403353] gpiochip_find_base_unlocked: found new base at 512
[    0.437122] /ocp/interconnect@44c00000/segment@200000/target-module@b000/i2c@0/tda19988@70: Fixed dependency cycle(s) with /ocp/interconnect@48000000/segment@300000/target-module@e000/lcdc@0
[    0.438008] /ocp/interconnect@44c00000/segment@200000/target-module@b000/i2c@0/tda19988@70: Fixed dependency cycle(s) with /ocp/interconnect@48000000/segment@300000/target-module@e000/lcdc@0
[    0.441487] /ocp/interconnect@44c00000/segment@200000/target-module@10000/scm@0/pinmux@800: Fixed dependency cycle(s) with /ocp/interconnect@44c00000/segment@200000/target-module@10000/scm@0/pinmux@800/clkout2-pins
[    0.442277] pinctrl-single 44e10800.pinmux: 142 pins, size 568
[    0.447599] ti-sysc 44e31000.target-module: probe with driver ti-sysc failed with error -16
[    0.463518] /ocp/interconnect@48000000/segment@300000/target-module@e000/lcdc@0: Fixed dependency cycle(s) with /ocp/interconnect@44c00000/segment@200000/target-module@b000/i2c@0/tda19988@70
[    0.471579] ti-sysc 48040000.target-module: probe with driver ti-sysc failed with error -16
[    0.483147] gpiochip_find_base_unlocked: found new base at 512
[    0.483249] gpio gpiochip0: (gpio-0-31): created GPIO range 0->7 ==> 44e10800.pinmux PIN 0->7
[    0.483268] gpio gpiochip0: (gpio-0-31): created GPIO range 8->11 ==> 44e10800.pinmux PIN 90->93
[    0.483283] gpio gpiochip0: (gpio-0-31): created GPIO range 12->27 ==> 44e10800.pinmux PIN 12->27
[    0.483298] gpio gpiochip0: (gpio-0-31): created GPIO range 28->31 ==> 44e10800.pinmux PIN 30->33
[    0.518566] gpio gpiochip0: (gpio-0-31): added GPIO chardev (254:0)
[    0.518717] gpio gpiochip0: registered GPIOs 512 to 543 on gpio-0-31
[    0.518804] OMAP GPIO hardware version 0.1
[    0.552554] i2c i2c-2: using DT '/ocp/interconnect@48000000/segment@100000/target-module@9c000/i2c@0' for 'scl' GPIO lookup
[    0.552626] of_get_named_gpiod_flags: can't parse 'scl-gpios' property of node '/ocp/interconnect@48000000/segment@100000/target-module@9c000/i2c@0[0]'
[    0.552667] of_get_named_gpiod_flags: can't parse 'scl-gpio' property of node '/ocp/interconnect@48000000/segment@100000/target-module@9c000/i2c@0[0]'
[    0.552703] i2c i2c-2: using lookup tables for GPIO lookup
[    0.552712] i2c i2c-2: No GPIO consumer scl found
[    0.552733] i2c i2c-2: using DT '/ocp/interconnect@48000000/segment@100000/target-module@9c000/i2c@0' for 'sda' GPIO lookup
[    0.552769] of_get_named_gpiod_flags: can't parse 'sda-gpios' property of node '/ocp/interconnect@48000000/segment@100000/target-module@9c000/i2c@0[0]'
[    0.552805] of_get_named_gpiod_flags: can't parse 'sda-gpio' property of node '/ocp/interconnect@48000000/segment@100000/target-module@9c000/i2c@0[0]'
[    0.552836] i2c i2c-2: using lookup tables for GPIO lookup
[    0.552844] i2c i2c-2: No GPIO consumer sda found
[    0.553571] omap_i2c 4819c000.i2c: bus 2 rev0.11 at 100 kHz
[    0.559182] gpiochip_find_base_unlocked: found new base at 544
[    0.559287] gpio gpiochip1: (gpio-32-63): created GPIO range 0->17 ==> 44e10800.pinmux PIN 34->51
[    0.559308] gpio gpiochip1: (gpio-32-63): created GPIO range 18->21 ==> 44e10800.pinmux PIN 77->80
[    0.559326] gpio gpiochip1: (gpio-32-63): created GPIO range 22->31 ==> 44e10800.pinmux PIN 56->65
[    0.574326] gpio gpiochip1: (gpio-32-63): added GPIO chardev (254:1)
[    0.574480] gpio gpiochip1: registered GPIOs 544 to 575 on gpio-32-63
[    0.576775] gpiochip_find_base_unlocked: found new base at 576
[    0.576876] gpio gpiochip2: (gpio-64-95): created GPIO range 0->4 ==> 44e10800.pinmux PIN 66->70
[    0.576897] gpio gpiochip2: (gpio-64-95): created GPIO range 5->6 ==> 44e10800.pinmux PIN 98->99
[    0.576913] gpio gpiochip2: (gpio-64-95): created GPIO range 7->8 ==> 44e10800.pinmux PIN 75->76
[    0.576927] gpio gpiochip2: (gpio-64-95): created GPIO range 13->13 ==> 44e10800.pinmux PIN 141->141
[    0.576944] gpio gpiochip2: (gpio-64-95): created GPIO range 14->21 ==> 44e10800.pinmux PIN 100->107
[    0.577590] gpio gpiochip2: (gpio-64-95): added GPIO chardev (254:2)
[    0.577721] gpio gpiochip2: registered GPIOs 576 to 607 on gpio-64-95
[    0.583813] 48000000.interconnect:segment@200000:target-module@0:mpu@0:fck: device ID is greater than 24
[    0.584725] /ocp/interconnect@48000000/segment@300000/target-module@e000/lcdc@0: Fixed dependency cycle(s) with /ocp/interconnect@44c00000/segment@200000/target-module@b000/i2c@0/tda19988@70
[    0.587558] /ocp/interconnect@48000000/segment@300000/target-module@e000/lcdc@0: Fixed dependency cycle(s) with /ocp/interconnect@44c00000/segment@200000/target-module@b000/i2c@0/tda19988@70
[    0.588268] /ocp/interconnect@44c00000/segment@200000/target-module@b000/i2c@0/tda19988@70: Fixed dependency cycle(s) with /ocp/interconnect@48000000/segment@300000/target-module@e000/lcdc@0
[    0.588430] /ocp/interconnect@48000000/segment@300000/target-module@e000/lcdc@0: Fixed dependency cycle(s) with /ocp/interconnect@44c00000/segment@200000/target-module@b000/i2c@0/tda19988@70
[    0.598141] mdio_bus 4a101000.mdio: using DT '/ocp/interconnect@4a000000/segment@0/target-module@100000/switch@0/mdio@1000' for 'reset' GPIO lookup
[    0.598216] of_get_named_gpiod_flags: can't parse 'reset-gpios' property of node '/ocp/interconnect@4a000000/segment@0/target-module@100000/switch@0/mdio@1000[0]'
[    0.598264] of_get_named_gpiod_flags: can't parse 'reset-gpio' property of node '/ocp/interconnect@4a000000/segment@0/target-module@100000/switch@0/mdio@1000[0]'
[    0.598310] mdio_bus 4a101000.mdio: using lookup tables for GPIO lookup
[    0.598320] mdio_bus 4a101000.mdio: No GPIO consumer reset found
[    0.599343] sdhci-omap 481d8000.mmc: using DT '/ocp/interconnect@48000000/segment@100000/target-module@d8000/mmc@0' for 'wp' GPIO lookup
[    0.599403] of_get_named_gpiod_flags: can't parse 'wp-gpios' property of node '/ocp/interconnect@48000000/segment@100000/target-module@d8000/mmc@0[0]'
[    0.599444] of_get_named_gpiod_flags: can't parse 'wp-gpio' property of node '/ocp/interconnect@48000000/segment@100000/target-module@d8000/mmc@0[0]'
[    0.599477] sdhci-omap 481d8000.mmc: using lookup tables for GPIO lookup
[    0.599486] sdhci-omap 481d8000.mmc: No GPIO consumer wp found
[    0.599682] sdhci-omap 481d8000.mmc: supply pbias not found, using dummy regulator
[    0.600185] sdhci-omap 481d8000.mmc: supply vqmmc not found, using dummy regulator
[    0.654951] davinci_mdio 4a101000.mdio: davinci mdio revision 1.6, bus freq 1000000
[    0.676273] mdio_bus 4a101000.mdio:00: using DT '/ocp/interconnect@4a000000/segment@0/target-module@100000/switch@0/mdio@1000/ethernet-phy@0' for 'reset' GPIO lookup
[    0.676374] of_get_named_gpiod_flags: parsed 'reset-gpios' property of node '/ocp/interconnect@4a000000/segment@0/target-module@100000/switch@0/mdio@1000/ethernet-phy@0[0]' - status (0)
[    0.676538] gpio gpiochip0: Persistence not supported for GPIO 8
[    0.806215] davinci_mdio 4a101000.mdio: phy[0]: device 4a101000.mdio:00, driver SMSC LAN8710/LAN8720
[    0.806985] cpsw-switch 4a100000.switch: initialized cpsw ale version 1.4
[    0.807006] cpsw-switch 4a100000.switch: ALE Table size 1024, Policers 0
[    0.807150] cpsw-switch 4a100000.switch: cpts: overflow check period 500 (jiffies)
[    0.807165] cpsw-switch 4a100000.switch: CPTS: ref_clk_freq:250000000 calc_mult:2147483648 calc_shift:29 error:0 nsec/sec
[    0.807280] cpsw-switch 4a100000.switch: Detected MACID = 6c:ec:eb:68:de:78
[    0.809118] cpsw-switch 4a100000.switch: initialized (regs 0x4a100000, pool size 256) hw_ver:0019010C 1.12 (0)
[    0.820156] debugfs: Directory '49000000.dma' with parent 'dmaengine' already present!
[    0.820198] edma 49000000.dma: TI EDMA DMA engine driver
[    0.863420] gpio-clk clk_mcasp0: using DT '/clk_mcasp0' for 'enable' GPIO lookup
[    0.863495] of_get_named_gpiod_flags: parsed 'enable-gpios' property of node '/clk_mcasp0[0]' - status (0)
[    0.863541] gpio gpiochip0: Persistence not supported for GPIO 27
[    0.864406] gpiochip_find_base_unlocked: found new base at 608
[    0.864523] gpio gpiochip3: (gpio-96-127): created GPIO range 0->7 ==> 44e10800.pinmux PIN 82->89
[    0.864546] gpio gpiochip3: (gpio-96-127): created GPIO range 8->11 ==> 44e10800.pinmux PIN 52->55
[    0.864562] gpio gpiochip3: (gpio-96-127): created GPIO range 12->15 ==> 44e10800.pinmux PIN 94->97
[    0.864577] gpio gpiochip3: (gpio-96-127): created GPIO range 16->17 ==> 44e10800.pinmux PIN 71->72
[    0.864593] gpio gpiochip3: (gpio-96-127): created GPIO range 18->18 ==> 44e10800.pinmux PIN 135->135
[    0.864609] gpio gpiochip3: (gpio-96-127): created GPIO range 19->20 ==> 44e10800.pinmux PIN 108->109
[    0.864625] gpio gpiochip3: (gpio-96-127): created GPIO range 21->21 ==> 44e10800.pinmux PIN 73->73
[    0.864642] gpio gpiochip3: (gpio-96-127): created GPIO range 22->23 ==> 44e10800.pinmux PIN 8->9
[    0.864659] gpio gpiochip3: (gpio-96-127): created GPIO range 26->27 ==> 44e10800.pinmux PIN 10->11
[    0.864677] gpio gpiochip3: (gpio-96-127): created GPIO range 28->28 ==> 44e10800.pinmux PIN 74->74
[    0.864695] gpio gpiochip3: (gpio-96-127): created GPIO range 29->29 ==> 44e10800.pinmux PIN 81->81
[    0.864715] gpio gpiochip3: (gpio-96-127): created GPIO range 30->31 ==> 44e10800.pinmux PIN 28->29
[    0.883083] gpio gpiochip3: (gpio-96-127): added GPIO chardev (254:3)
[    0.883245] gpio gpiochip3: registered GPIOs 608 to 639 on gpio-96-127
[    0.885126] omap8250 44e09000.serial: using DT '/ocp/interconnect@44c00000/segment@200000/target-module@9000/serial@0' for 'rs485-term' GPIO lookup
[    0.885198] of_get_named_gpiod_flags: can't parse 'rs485-term-gpios' property of node '/ocp/interconnect@44c00000/segment@200000/target-module@9000/serial@0[0]'
[    0.885241] of_get_named_gpiod_flags: can't parse 'rs485-term-gpio' property of node '/ocp/interconnect@44c00000/segment@200000/target-module@9000/serial@0[0]'
[    0.885277] omap8250 44e09000.serial: using lookup tables for GPIO lookup
[    0.885286] omap8250 44e09000.serial: No GPIO consumer rs485-term found
[    0.885296] omap8250 44e09000.serial: using DT '/ocp/interconnect@44c00000/segment@200000/target-module@9000/serial@0' for 'rs485-rx-during-tx' GPIO lookup
[    0.885332] of_get_named_gpiod_flags: can't parse 'rs485-rx-during-tx-gpios' property of node '/ocp/interconnect@44c00000/segment@200000/target-module@9000/serial@0[0]'
[    0.885369] of_get_named_gpiod_flags: can't parse 'rs485-rx-during-tx-gpio' property of node '/ocp/interconnect@44c00000/segment@200000/target-module@9000/serial@0[0]'
[    0.885400] omap8250 44e09000.serial: using lookup tables for GPIO lookup
[    0.885407] omap8250 44e09000.serial: No GPIO consumer rs485-rx-during-tx found
[    0.885800] 44e09000.serial: ttyS0 at MMIO 0x44e09000 (irq = 34, base_baud = 3000000) is a 8250
[    0.885893] printk: legacy console [ttyS0] enabled
[    2.357030] i2c i2c-0: using DT '/ocp/interconnect@44c00000/segment@200000/target-module@b000/i2c@0' for 'scl' GPIO lookup
[    2.357119] of_get_named_gpiod_flags: can't parse 'scl-gpios' property of node '/ocp/interconnect@44c00000/segment@200000/target-module@b000/i2c@0[0]'
[    2.357165] of_get_named_gpiod_flags: can't parse 'scl-gpio' property of node '/ocp/interconnect@44c00000/segment@200000/target-module@b000/i2c@0[0]'
[    2.357204] i2c i2c-0: using lookup tables for GPIO lookup
[    2.357218] i2c i2c-0: No GPIO consumer scl found
[    2.357243] i2c i2c-0: using DT '/ocp/interconnect@44c00000/segment@200000/target-module@b000/i2c@0' for 'sda' GPIO lookup
[    2.357282] of_get_named_gpiod_flags: can't parse 'sda-gpios' property of node '/ocp/interconnect@44c00000/segment@200000/target-module@b000/i2c@0[0]'
[    2.357323] of_get_named_gpiod_flags: can't parse 'sda-gpio' property of node '/ocp/interconnect@44c00000/segment@200000/target-module@b000/i2c@0[0]'
[    2.357358] i2c i2c-0: using lookup tables for GPIO lookup
[    2.357369] i2c i2c-0: No GPIO consumer sda found
[    2.372799] tps65217-pmic: Failed to locate of_node [id: -1]
[    2.378866] tps65217-bl: Failed to locate of_node [id: -1]
[    2.384925] platform tps65217-charger: DMA mask not set
[    2.390980] platform tps65217-pwrbutton: DMA mask not set
[    2.398325] tps65217 0-0024: TPS65217 ID 0xe version 1.2
[    2.404491] /ocp/interconnect@48000000/segment@300000/target-module@e000/lcdc@0: Fixed dependency cycle(s) with /ocp/interconnect@44c00000/segment@200000/target-module@b000/i2c@0/tda19988@70
[    2.421901] /ocp/interconnect@44c00000/segment@200000/target-module@b000/i2c@0/tda19988@70: Fixed dependency cycle(s) with /ocp/interconnect@48000000/segment@300000/target-module@e000/lcdc@0
[    2.439232] omap_i2c 44e0b000.i2c: bus 0 rev0.11 at 400 kHz
[    2.446888] sdhci-omap 48060000.mmc: using DT '/ocp/interconnect@48000000/segment@0/target-module@60000/mmc@0' for 'cd' GPIO lookup
[    2.446992] of_get_named_gpiod_flags: parsed 'cd-gpios' property of node '/ocp/interconnect@48000000/segment@0/target-module@60000/mmc@0[0]' - status (0)
[    2.447058] gpio gpiochip3: Persistence not supported for GPIO 6
[    2.447085] omap_gpio 44e07000.gpio: Could not set line 6 debounce to 200000 microseconds (-22)
[    2.456015] sdhci-omap 48060000.mmc: Got CD GPIO
[    2.460666] sdhci-omap 48060000.mmc: using DT '/ocp/interconnect@48000000/segment@0/target-module@60000/mmc@0' for 'wp' GPIO lookup
[    2.460711] of_get_named_gpiod_flags: can't parse 'wp-gpios' property of node '/ocp/interconnect@48000000/segment@0/target-module@60000/mmc@0[0]'
[    2.460754] of_get_named_gpiod_flags: can't parse 'wp-gpio' property of node '/ocp/interconnect@48000000/segment@0/target-module@60000/mmc@0[0]'
[    2.460792] sdhci-omap 48060000.mmc: using lookup tables for GPIO lookup
[    2.460805] sdhci-omap 48060000.mmc: No GPIO consumer wp found
[    2.461012] sdhci-omap 48060000.mmc: supply pbias not found, using dummy regulator
[    2.469807] sdhci-omap 481d8000.mmc: using DT '/ocp/interconnect@48000000/segment@100000/target-module@d8000/mmc@0' for 'wp' GPIO lookup
[    2.469882] of_get_named_gpiod_flags: can't parse 'wp-gpios' property of node '/ocp/interconnect@48000000/segment@100000/target-module@d8000/mmc@0[0]'
[    2.469930] of_get_named_gpiod_flags: can't parse 'wp-gpio' property of node '/ocp/interconnect@48000000/segment@100000/target-module@d8000/mmc@0[0]'
[    2.469968] sdhci-omap 481d8000.mmc: using lookup tables for GPIO lookup
[    2.469981] sdhci-omap 481d8000.mmc: No GPIO consumer wp found
[    2.470993] sdhci-omap 48060000.mmc: supply vqmmc not found, using dummy regulator
[    2.480094] sdhci-omap 481d8000.mmc: supply pbias not found, using dummy regulator
[    2.489809] sdhci-omap 481d8000.mmc: supply vqmmc not found, using dummy regulator
[    2.525731] mmc0: SDHCI controller on 48060000.mmc [48060000.mmc] using External DMA
[    2.534045] mmc1: SDHCI controller on 481d8000.mmc [481d8000.mmc] using External DMA
[    2.542826] cpsw-switch 4a100000.switch: starting ndev. mode: dual_mac
[    2.590996] mmc0: new high speed SDHC card at address 5048
[    2.598035] mmcblk0: mmc0:5048 SD16G 14.4 GiB
[    2.606306]  mmcblk0: p1 p2
[    2.609701] mmcblk0: p2 size 31221760 extends beyond EOD, truncated
[    2.623201] SMSC LAN8710/LAN8720 4a101000.mdio:00: attached PHY driver (mii_bus:phy_addr=4a101000.mdio:00, irq=POLL)
[    2.634197] mmc1: new high speed MMC card at address 0001
[    2.646749] mmcblk1: mmc1:0001 MMC04G 3.60 GiB
[    2.654376]  mmcblk1: p1 p2
[    2.658585] mmcblk1boot0: mmc1:0001 MMC04G 2.00 MiB
[    2.667329] mmcblk1boot1: mmc1:0001 MMC04G 2.00 MiB
[    2.676612] mmcblk1rpmb: mmc1:0001 MMC04G 128 KiB, chardev (249:0)
[    5.762607] cpsw-switch 4a100000.switch eth0: Link is Up - 100Mbps/Full - flow control off
[    5.802076] IP-Config: Complete:
[    5.805352]      device=eth0, hwaddr=6c:ec:eb:68:de:78, ipaddr=192.168.255.1, mask=255.255.255.0, gw=255.255.255.255
[    5.816028]      host=bbb1, domain=, nis-domain=(none)
[    5.821196]      bootserver=192.168.255.126, rootserver=192.168.255.126, rootpath=
[    5.821640] clk: Disabling unused clocks
[    5.833469] PM: genpd: Disabling unused power domains
[    5.838586] KTAP version 1
[    5.841307] 1..0
[    5.865994] VFS: Mounted root (nfs filesystem) on device 0:17.
[    5.873197] devtmpfs: mounted
[    5.877677] Freeing unused kernel image (initmem) memory: 1024K
[    5.884566] Run /sbin/init as init process
[    5.888699]   with arguments:
[    5.888711]     /sbin/init
[    5.888720]     nfsrootdebug
[    5.888729]   with environment:
[    5.888738]     HOME=/
[    5.888747]     TERM=linux
[    6.575502] systemd[1]: System time before build time, advancing clock.
[    8.041843] random: crng init done
[    8.054279] systemd[1]: systemd 232 running in system mode. (+PAM +AUDIT +SELINUX +IMA +APPARMOR +SMACK +SYSVINIT +UTMP +LIBCRYPTSETUP +GCRYPT +GNUTLS +ACL +XZ +LZ4 +SECCOMP +BLKID +ELFUTILS +KMOD +IDN)
[    8.073639] systemd[1]: Detected architecture arm.
[    8.104995] systemd[1]: Set hostname to <arm>.
[    9.201768] systemd[1]: Listening on udev Control Socket.
[    9.222247] systemd[1]: Reached target Swap.
[    9.243887] systemd[1]: Listening on /dev/initctl Compatibility Named Pipe.
[    9.273649] systemd[1]: syslog.socket: SO_PASSSEC failed: Operation not supported
[    9.281376] systemd[1]: Listening on Syslog Socket.
[    9.302817] systemd[1]: Started Dispatch Password Requests to Console Directory Watch.
[    9.332509] systemd[1]: systemd-journald-dev-log.socket: SO_PASSSEC failed: Operation not supported
[   11.448391] systemd-journald[83]: Received request to flush runtime journal from PID 1
[   14.341511] leds-gpio leds: using DT '/leds/led2' for '(default)' GPIO lookup
[   14.341623] of_get_named_gpiod_flags: parsed 'gpios' property of node '/leds/led2[0]' - status (0)
[   14.341679] gpio gpiochip0: Persistence not supported for GPIO 21
[   14.341693] gpio-533 (?): no flags found for GPIO (default)
[   14.412548] leds-gpio leds: using DT '/leds/led3' for '(default)' GPIO lookup
[   14.412661] of_get_named_gpiod_flags: parsed 'gpios' property of node '/leds/led3[0]' - status (0)
[   14.412717] gpio gpiochip0: Persistence not supported for GPIO 22
[   14.412731] gpio-534 (?): no flags found for GPIO (default)
[   14.453436] leds-gpio leds: using DT '/leds/led4' for '(default)' GPIO lookup
[   14.453545] of_get_named_gpiod_flags: parsed 'gpios' property of node '/leds/led4[0]' - status (0)
[   14.453598] gpio gpiochip0: Persistence not supported for GPIO 23
[   14.453613] gpio-535 (?): no flags found for GPIO (default)
[   14.472820] leds-gpio leds: using DT '/leds/led5' for '(default)' GPIO lookup
[   14.472920] of_get_named_gpiod_flags: parsed 'gpios' property of node '/leds/led5[0]' - status (0)
[   14.472973] gpio gpiochip0: Persistence not supported for GPIO 24
[   14.472988] gpio-536 (?): no flags found for GPIO (default)
[   14.784540] remoteproc remoteproc0: wkup_m3 is available
[   15.040332] omap_rtc 44e3e000.rtc: registered as rtc0
[   15.045752] omap_rtc 44e3e000.rtc: setting system clock to 2000-01-01T00:00:00 UTC (946684800)
[   15.054550] omap_rtc 44e3e000.rtc: using DT '/ocp/interconnect@44c00000/segment@200000/target-module@3e000/rtc@0' for 'wp' GPIO lookup
[   15.054622] of_get_named_gpiod_flags: can't parse 'wp-gpios' property of node '/ocp/interconnect@44c00000/segment@200000/target-module@3e000/rtc@0[0]'
[   15.054672] of_get_named_gpiod_flags: can't parse 'wp-gpio' property of node '/ocp/interconnect@44c00000/segment@200000/target-module@3e000/rtc@0[0]'
[   15.054712] omap_rtc 44e3e000.rtc: using lookup tables for GPIO lookup
[   15.054725] omap_rtc 44e3e000.rtc: No GPIO consumer wp found
[   15.138788] omap_wdt: OMAP Watchdog Timer Rev 0x01: initial timeout 60 sec
[   15.190783] at24 2-0054: supply vcc not found, using dummy regulator
[   15.359132] at24 2-0055: supply vcc not found, using dummy regulator
[   15.508837] at24 2-0056: supply vcc not found, using dummy regulator
[   15.625218] at24 2-0057: supply vcc not found, using dummy regulator
[   15.749205] input: tps65217_pwrbutton as /devices/platform/ocp/44c00000.interconnect/44c00000.interconnect:segment@200000/44e0b000.target-module/44e0b000.i2c/i2c-0/0-0024/tps65217-pwrbutton/input/input0
[   15.782712] at24 0-0050: using DT '/ocp/interconnect@44c00000/segment@200000/target-module@b000/i2c@0/eeprom@50' for 'wp' GPIO lookup
[   15.782918] of_get_named_gpiod_flags: can't parse 'wp-gpios' property of node '/ocp/interconnect@44c00000/segment@200000/target-module@b000/i2c@0/eeprom@50[0]'
[   15.783026] of_get_named_gpiod_flags: can't parse 'wp-gpio' property of node '/ocp/interconnect@44c00000/segment@200000/target-module@b000/i2c@0/eeprom@50[0]'
[   15.783078] at24 0-0050: using lookup tables for GPIO lookup
[   15.783093] at24 0-0050: No GPIO consumer wp found
[   15.783593] at24 0-0050: 32768 byte 24c256 EEPROM, writable, 1 bytes/write
[   16.826373] am335x-phy-driver 47401300.usb-phy: using DT '/ocp/target-module@47400000/usb-phy@1300' for 'reset' GPIO lookup
[   16.826472] of_get_named_gpiod_flags: can't parse 'reset-gpios' property of node '/ocp/target-module@47400000/usb-phy@1300[0]'
[   16.826515] of_get_named_gpiod_flags: can't parse 'reset-gpio' property of node '/ocp/target-module@47400000/usb-phy@1300[0]'
[   16.826553] am335x-phy-driver 47401300.usb-phy: using lookup tables for GPIO lookup
[   16.826566] am335x-phy-driver 47401300.usb-phy: No GPIO consumer reset found
[   16.826580] am335x-phy-driver 47401300.usb-phy: using DT '/ocp/target-module@47400000/usb-phy@1300' for 'vbus-detect' GPIO lookup
[   16.826611] of_get_named_gpiod_flags: can't parse 'vbus-detect-gpios' property of node '/ocp/target-module@47400000/usb-phy@1300[0]'
[   16.826642] of_get_named_gpiod_flags: can't parse 'vbus-detect-gpio' property of node '/ocp/target-module@47400000/usb-phy@1300[0]'
[   16.826669] am335x-phy-driver 47401300.usb-phy: using lookup tables for GPIO lookup
[   16.826681] am335x-phy-driver 47401300.usb-phy: No GPIO consumer vbus-detect found
[   16.826831] am335x-phy-driver 47401300.usb-phy: dummy supplies not allowed for exclusive requests (id=vbus)
[   17.003556] am335x-phy-driver 47401b00.usb-phy: using DT '/ocp/target-module@47400000/usb-phy@1b00' for 'reset' GPIO lookup
[   17.003646] of_get_named_gpiod_flags: can't parse 'reset-gpios' property of node '/ocp/target-module@47400000/usb-phy@1b00[0]'
[   17.003691] of_get_named_gpiod_flags: can't parse 'reset-gpio' property of node '/ocp/target-module@47400000/usb-phy@1b00[0]'
[   17.003729] am335x-phy-driver 47401b00.usb-phy: using lookup tables for GPIO lookup
[   17.003743] am335x-phy-driver 47401b00.usb-phy: No GPIO consumer reset found
[   17.003757] am335x-phy-driver 47401b00.usb-phy: using DT '/ocp/target-module@47400000/usb-phy@1b00' for 'vbus-detect' GPIO lookup
[   17.003788] of_get_named_gpiod_flags: can't parse 'vbus-detect-gpios' property of node '/ocp/target-module@47400000/usb-phy@1b00[0]'
[   17.003820] of_get_named_gpiod_flags: can't parse 'vbus-detect-gpio' property of node '/ocp/target-module@47400000/usb-phy@1b00[0]'
[   17.003846] am335x-phy-driver 47401b00.usb-phy: using lookup tables for GPIO lookup
[   17.003858] am335x-phy-driver 47401b00.usb-phy: No GPIO consumer vbus-detect found
[   17.004008] am335x-phy-driver 47401b00.usb-phy: dummy supplies not allowed for exclusive requests (id=vbus)
[   17.184056] usbcore: registered new interface driver usbfs
[   17.189700] usbcore: registered new interface driver hub
[   17.195363] usbcore: registered new device driver usb
[   17.745424] tda998x 0-0070: found TDA19988
[   18.096397] musb-hdrc musb-hdrc.1: MUSB HDRC host driver
[   18.101952] musb-hdrc musb-hdrc.1: new USB bus registered, assigned bus number 1
[   18.305791] omap-mailbox 480c8000.mailbox: omap mailbox rev 0x400
[   18.406442] usb usb1: New USB device found, idVendor=1d6b, idProduct=0002, bcdDevice= 6.15
[   18.415303] usb usb1: New USB device strings: Mfr=3, Product=2, SerialNumber=1
[   18.422687] usb usb1: Product: MUSB HDRC host driver
[   18.427685] usb usb1: Manufacturer: Linux 6.15.0-next-20250604 musb-hcd
[   18.434381] usb usb1: SerialNumber: musb-hdrc.1
[   18.477863] remoteproc remoteproc0: powering up wkup_m3
[   18.663633] remoteproc remoteproc0: Direct firmware load for am335x-pm-firmware.elf failed with error -2
[   18.673483] remoteproc remoteproc0: request_firmware failed: -2
[   18.679451] wkup_m3_ipc 44e11324.wkup_m3_ipc: rproc_boot failed
[   18.862787] hub 1-0:1.0: USB hub found
[   18.914988] hub 1-0:1.0: 1 port detected
[   20.578187] tilcdc 4830e000.lcdc: bound 0-0070 (ops tda998x_audio_codec_init [tda998x])
[   20.682972] omap_rng 48310000.rng: Random Number Generator ver. 20
[   20.692973] [drm] Initialized tilcdc 1.0.0 for 4830e000.lcdc on minor 0
[   20.787609] tilcdc 4830e000.lcdc: [drm] Cannot find any crtc or sizes
[   20.838079] tilcdc 4830e000.lcdc: [drm] Cannot find any crtc or sizes
[   21.602085] PM: Cannot get wkup_m3_ipc handle
[   21.686094] omap-sham 53100000.sham: hw accel on OMAP rev 4.3
[   21.835774] omap-aes 53500000.aes: OMAP AES hw accel rev: 3.2
[   21.842009] omap-sham 53100000.sham: will run requests pump with realtime priority
[   21.857577] PM: Cannot get wkup_m3_ipc handle
[   21.982056] omap-aes 53500000.aes: will run requests pump with realtime priority
[   21.997731] PM: Cannot get wkup_m3_ipc handle
[   23.274028] Bluetooth: Core ver 2.22
[   23.277854] NET: Registered PF_BLUETOOTH protocol family
[   23.283424] Bluetooth: HCI device and connection manager initialized
[   23.289840] Bluetooth: HCI socket layer initialized
[   23.294840] Bluetooth: L2CAP socket layer initialized
[   23.299953] Bluetooth: SCO socket layer initialized
[   25.332201] tda998x 0-0070: using DT '/ocp/interconnect@44c00000/segment@200000/target-module@b000/i2c@0/tda19988@70' for 'nxp,calib' GPIO lookup
[   25.332510] of_get_named_gpiod_flags: parsed 'nxp,calib-gpios' property of node '/ocp/interconnect@44c00000/segment@200000/target-module@b000/i2c@0/tda19988@70[0]' - status (0)
[   25.332602] gpio gpiochip0: Persistence not supported for GPIO 25
[   25.332619] gpio-537 (nxp,calib): no flags found for GPIO nxp,calib
[   25.340588] gpio-537 (nxp,calib): gpiod_direction_output_nonotify: tried to set a GPIO tied to an IRQ as output
[   25.394231] PM: Cannot get wkup_m3_ipc handle
[   25.400016] asoc-simple-card sound: using DT '/sound' for 'simple-audio-card,hp-det' GPIO lookup
[   25.400086] of_get_named_gpiod_flags: can't parse 'simple-audio-card,hp-det-gpios' property of node '/sound[0]'
[   25.400121] of_get_named_gpiod_flags: can't parse 'simple-audio-card,hp-det-gpio' property of node '/sound[0]'
[   25.400147] asoc-simple-card sound: using lookup tables for GPIO lookup
[   25.400160] asoc-simple-card sound: No GPIO consumer simple-audio-card,hp-det found
[   25.400174] asoc-simple-card sound: using DT '/sound' for 'simple-audio-card,mic-det' GPIO lookup
[   25.400199] of_get_named_gpiod_flags: can't parse 'simple-audio-card,mic-det-gpios' property of node '/sound[0]'
[   25.400224] of_get_named_gpiod_flags: can't parse 'simple-audio-card,mic-det-gpio' property of node '/sound[0]'
[   25.400244] asoc-simple-card sound: using lookup tables for GPIO lookup
[   25.400255] asoc-simple-card sound: No GPIO consumer simple-audio-card,mic-det found
[   25.558089] PM: Cannot get wkup_m3_ipc handle
[   25.638943] tda9950 0-0034: TDA9950 CEC interface, hardware version 3.3
[   25.779597] PM: Cannot get wkup_m3_ipc handle
[   27.869682] userial_init: registered 8 ttyGS* devices
[   28.126681] rndis_register: configNr = 0
[   28.246668] udc musb-hdrc.0: binding gadget driver [g_multi]
[   28.246763] configfs-gadget.g_multi gadget.0: adding 'rndis'/d28cf0a0 to config 'c'/b200ecb9
[   28.247883] configfs-gadget.g_multi gadget.0: HOST MAC 1c:ba:8c:a2:ed:6c
[   28.254889] configfs-gadget.g_multi gadget.0: MAC 1c:ba:8c:a2:ed:70
[   28.261246] rndis_set_param_medium: 0 0
[   28.261264] configfs-gadget.g_multi gadget.0: RNDIS: IN/ep1in OUT/ep1out NOTIFY/ep2in
[   28.261281] configfs-gadget.g_multi gadget.0: adding 'cdc_ethernet'/96542aff to config 'c'/b200ecb9
[   28.262307] configfs-gadget.g_multi gadget.0: HOST MAC 1c:ba:8c:a2:ed:6c
[   28.269075] configfs-gadget.g_multi gadget.0: MAC 1c:ba:8c:a2:ed:6d
[   28.275487] configfs-gadget.g_multi gadget.0: CDC Ethernet: IN/ep3in OUT/ep2out NOTIFY/ep4in
[   28.275508] configfs-gadget.g_multi gadget.0: adding 'acm'/04b47b25 to config 'c'/b200ecb9
[   28.275543] configfs-gadget.g_multi gadget.0: acm ttyGS0: IN/ep5in OUT/ep3out NOTIFY/ep6in
[   28.278530] PM: Cannot get wkup_m3_ipc handle
[   29.489910] configfs-gadget.g_multi gadget.0: eth_open
[   30.583229] configfs-gadget.g_multi gadget.0: stop stats: rx/tx 0/0, errs 0/0
[   35.071769] gs_open: ttyGS0 (66b2b848,9c54cd4d)
[   35.075789] gs_close: ttyGS0 (66b2b848,9c54cd4d) ...
[   35.075859] gs_close: ttyGS0 (66b2b848,9c54cd4d) done!
[   35.076167] gs_open: ttyGS0 (09051004,9c54cd4d)
[   35.076261] gs_close: ttyGS0 (09051004,9c54cd4d) ...
[   35.076284] gs_close: ttyGS0 (09051004,9c54cd4d) done!
[   35.241497] gs_open: ttyGS0 (3ffa481c,85514e16)
[   35.241741] gs_close: ttyGS0 (3ffa481c,85514e16) ...
[   35.241770] gs_close: ttyGS0 (3ffa481c,85514e16) done!
[   35.245959] gs_open: ttyGS0 (f6269128,85bb0cfc)
NJLYJPPGJC 0
root@arm:~# echo 'CLUE''WMJGBM'
CLUEWMJGBM
root@arm:~# MARKER='MFGO''JUNSTA' run 'modprobe test_linear_ranges'
MFGOJUNSTAMFGOJUNSTA 0
root@arm:~# echo 'PQOU''TUEBYH'
PQOUTUEBYH
root@arm:~# MARKER='KYOW''AMLULW' run dmesg
KYOWAMLULW[    0.000000] Booting Linux on physical CPU 0x0
[    0.000000] Linux version 6.15.0-next-20250604 (user01@drvtest01) (arm-none-eabi-gcc (Arm GNU Toolchain 14.2.Rel1 (Build arm-14.52)) 14.2.1 20241119, GNU ld (Arm GNU Toolchain 14.2.Rel1 (Build arm-14.52)) 2.43.1.20241119) #1 SMP Wed Jun  4 07:34:56 EEST 2025
[    0.000000] CPU: ARMv7 Processor [413fc082] revision 2 (ARMv7), cr=10c5387d
[    0.000000] CPU: PIPT / VIPT nonaliasing data cache, VIPT aliasing instruction cache
[    0.000000] OF: fdt: Machine model: TI AM335x BeagleBone Black
[    0.000000] Memory policy: Data cache writeback
[    0.000000] cma: Reserved 16 MiB at 0x9e800000
[    0.000000] Zone ranges:
[    0.000000]   Normal   [mem 0x0000000080000000-0x000000009fdfffff]
[    0.000000]   HighMem  empty
[    0.000000] Movable zone start for each node
[    0.000000] Early memory node ranges
[    0.000000]   node   0: [mem 0x0000000080000000-0x000000009fdfffff]
[    0.000000] Initmem setup node 0 [mem 0x0000000080000000-0x000000009fdfffff]
[    0.000000] On node 0, zone Normal: 512 pages in unavailable ranges
[    0.000000] OF: reserved mem: Reserved memory: No reserved-memory node in the DT
[    0.000000] CPU: All CPU(s) started in SVC mode.
[    0.000000] AM335X ES2.1 (sgx neon)
[    0.000000] percpu: Embedded 17 pages/cpu s39820 r8192 d21620 u69632
[    0.000000] pcpu-alloc: s39820 r8192 d21620 u69632 alloc=17*4096
[    0.000000] pcpu-alloc: [0] 0 
[    0.000000] Kernel command line: console=ttyO0,115200n8 root=/dev/nfs rw nfsroot=192.168.255.126:/home/user01/nfs,nfsvers=3 ip=192.168.255.1:192.168.255.126::255.255.255.0:bbb1:eth0 nfsrootdebug
[    0.000000] Unknown kernel command line parameters "nfsrootdebug", will be passed to user space.
[    0.000000] printk: log buffer data + meta data: 65536 + 204800 = 270336 bytes
[    0.000000] Dentry cache hash table entries: 65536 (order: 6, 262144 bytes, linear)
[    0.000000] Inode-cache hash table entries: 32768 (order: 5, 131072 bytes, linear)
[    0.000000] Built 1 zonelists, mobility grouping on.  Total pages: 130560
[    0.000000] mem auto-init: stack:off, heap alloc:off, heap free:off
[    0.000000] SLUB: HWalign=16, Order=0-3, MinObjects=0, CPUs=1, Nodes=1
[    0.000000] rcu: Hierarchical RCU implementation.
[    0.000000] rcu: 	RCU event tracing is enabled.
[    0.000000] rcu: 	RCU restricting CPUs from NR_CPUS=2 to nr_cpu_ids=1.
[    0.000000] 	Tracing variant of Tasks RCU enabled.
[    0.000000] rcu: RCU calculated value of scheduler-enlistment delay is 10 jiffies.
[    0.000000] rcu: Adjusting geometry for rcu_fanout_leaf=16, nr_cpu_ids=1
[    0.000000] RCU Tasks Trace: Setting shift to 0 and lim to 1 rcu_task_cb_adjust=1 rcu_task_cpu_ids=1.
[    0.000000] NR_IRQS: 16, nr_irqs: 16, preallocated irqs: 16
[    0.000000] IRQ: Found an INTC at 0x(ptrval) (revision 5.0) with 128 interrupts
[    0.000000] rcu: srcu_init: Setting srcu_struct sizes based on contention.
[    0.000000] TI gptimer clocksource: always-on /ocp/interconnect@44c00000/segment@200000/target-module@31000
[    0.000003] sched_clock: 32 bits at 24MHz, resolution 41ns, wraps every 89478484971ns
[    0.000026] clocksource: dmtimer: mask: 0xffffffff max_cycles: 0xffffffff, max_idle_ns: 79635851949 ns
[    0.000509] TI gptimer clockevent: 24000000 Hz at /ocp/interconnect@48000000/segment@0/target-module@40000
[    0.002137] Console: colour dummy device 80x30
[    0.002201] WARNING: Your 'console=ttyO0' has been replaced by 'ttyS0'
[    0.002208] This ensures that you still see kernel messages. Please
[    0.002213] update your kernel commandline.
[    0.002256] Calibrating delay loop... 996.14 BogoMIPS (lpj=4980736)
[    0.090553] CPU: Testing write buffer coherency: ok
[    0.090660] CPU0: Spectre v2: using BPIALL workaround
[    0.090670] pid_max: default: 32768 minimum: 301
[    0.090826] LSM: initializing lsm=capability
[    0.091003] Mount-cache hash table entries: 1024 (order: 0, 4096 bytes, linear)
[    0.091023] Mountpoint-cache hash table entries: 1024 (order: 0, 4096 bytes, linear)
[    0.092647] CPU0: thread -1, cpu 0, socket -1, mpidr 0
[    0.092702] cacheinfo: Unable to detect cache hierarchy for CPU 0
[    0.094758] Setting up static identity map for 0x80100000 - 0x80100078
[    0.095078] rcu: Hierarchical SRCU implementation.
[    0.095089] rcu: 	Max phase no-delay instances is 1000.
[    0.096830] smp: Bringing up secondary CPUs ...
[    0.096883] smp: Brought up 1 node, 1 CPU
[    0.096896] SMP: Total of 1 processors activated (996.14 BogoMIPS).
[    0.096908] CPU: All CPU(s) started in SVC mode.
[    0.097091] Memory: 480820K/522240K available (11264K kernel code, 1221K rwdata, 2924K rodata, 1024K init, 287K bss, 23388K reserved, 16384K cma-reserved, 0K highmem)
[    0.097912] devtmpfs: initialized
[    0.114926] VFP support v0.3: implementor 41 architecture 3 part 30 variant c rev 3
[    0.115557] clocksource: jiffies: mask: 0xffffffff max_cycles: 0xffffffff, max_idle_ns: 19112604462750000 ns
[    0.115609] posixtimers hash table entries: 512 (order: 0, 4096 bytes, linear)
[    0.115635] futex hash table entries: 256 (16384 bytes on 1 NUMA nodes, total 16 KiB, linear).
[    0.116772] pinctrl core: initialized pinctrl subsystem
[    0.118829] NET: Registered PF_NETLINK/PF_ROUTE protocol family
[    0.121924] DMA: preallocated 256 KiB pool for atomic coherent allocations
[    0.122886] audit: initializing netlink subsys (disabled)
[    0.124239] thermal_sys: Registered thermal governor 'fair_share'
[    0.124255] thermal_sys: Registered thermal governor 'step_wise'
[    0.124265] thermal_sys: Registered thermal governor 'user_space'
[    0.124376] audit: type=2000 audit(0.120:1): state=initialized audit_enabled=0 res=1
[    0.124449] cpuidle: using governor menu
[    0.142465] /ocp/interconnect@44c00000/segment@200000/target-module@b000/i2c@0/tda19988@70: Fixed dependency cycle(s) with /ocp/interconnect@48000000/segment@300000/target-module@e000/lcdc@0
[    0.143598] /ocp/interconnect@48000000/segment@300000/target-module@e000/lcdc@0: Fixed dependency cycle(s) with /ocp/interconnect@44c00000/segment@200000/target-module@b000/i2c@0/tda19988@70
[    0.145814] No ATAGs?
[    0.145856] hw-breakpoint: debug architecture 0x4 unsupported.
[    0.148548] kprobes: kprobe jump-optimization is enabled. All kprobes are optimized if possible.
[    0.153862] iommu: Default domain type: Translated
[    0.153883] iommu: DMA domain TLB invalidation policy: strict mode
[    0.155453] reg-fixed-voltage fixedregulator0: using DT '/fixedregulator0' for '(default)' GPIO lookup
[    0.155507] of_get_named_gpiod_flags: can't parse 'gpios' property of node '/fixedregulator0[0]'
[    0.155538] of_get_named_gpiod_flags: can't parse 'gpio' property of node '/fixedregulator0[0]'
[    0.155555] reg-fixed-voltage fixedregulator0: using lookup tables for GPIO lookup
[    0.155565] reg-fixed-voltage fixedregulator0: No GPIO consumer (default) found
[    0.161362] SCSI subsystem initialized
[    0.161860] libata version 3.00 loaded.
[    0.162229] pps_core: LinuxPPS API ver. 1 registered
[    0.162240] pps_core: Software ver. 5.3.6 - Copyright 2005-2007 Rodolfo Giometti <giometti@linux.it>
[    0.162272] PTP clock support registered
[    0.171447] vgaarb: loaded
[    0.171821] clocksource: Switched to clocksource dmtimer
[    0.172483] VFS: Disk quotas dquot_6.6.0
[    0.172538] VFS: Dquot-cache hash table entries: 1024 (order 0, 4096 bytes)
[    0.197455] NET: Registered PF_INET protocol family
[    0.197800] IP idents hash table entries: 8192 (order: 4, 65536 bytes, linear)
[    0.199244] tcp_listen_portaddr_hash hash table entries: 512 (order: 0, 4096 bytes, linear)
[    0.199281] Table-perturb hash table entries: 65536 (order: 6, 262144 bytes, linear)
[    0.199300] TCP established hash table entries: 4096 (order: 2, 16384 bytes, linear)
[    0.199345] TCP bind hash table entries: 4096 (order: 4, 65536 bytes, linear)
[    0.199445] TCP: Hash tables configured (established 4096 bind 4096)
[    0.199566] UDP hash table entries: 256 (order: 1, 14336 bytes, linear)
[    0.199599] UDP-Lite hash table entries: 256 (order: 1, 14336 bytes, linear)
[    0.199783] NET: Registered PF_UNIX/PF_LOCAL protocol family
[    0.202519] RPC: Registered named UNIX socket transport module.
[    0.202539] RPC: Registered udp transport module.
[    0.202544] RPC: Registered tcp transport module.
[    0.202549] RPC: Registered tcp-with-tls transport module.
[    0.202554] RPC: Registered tcp NFSv4.1 backchannel transport module.
[    0.202578] PCI: CLS 0 bytes, default 64
[    0.203950] Initialise system trusted keyrings
[    0.212469] workingset: timestamp_bits=14 max_order=17 bucket_order=3
[    0.213802] NFS: Registering the id_resolver key type
[    0.213879] Key type id_resolver registered
[    0.213887] Key type id_legacy registered
[    0.213992] jffs2: version 2.2. (NAND) (SUMMARY)  Â© 2001-2006 Red Hat, Inc.
[    0.214445] Key type asymmetric registered
[    0.214461] Asymmetric key parser 'x509' registered
[    0.214533] io scheduler mq-deadline registered
[    0.214543] io scheduler kyber registered
[    0.214617] io scheduler bfq registered
[    0.216483] target-module@4b000000:target-module@140000:pmu@0:fck: device ID is greater than 24
[    0.222647] l3-aon-clkctrl:0000:0: failed to disable
[    0.232437] ledtrig-cpu: registered to indicate activity on CPUs
[    0.235237] Serial: 8250/16550 driver, 6 ports, IRQ sharing enabled
[    0.274404] brd: module loaded
[    0.297641] loop: module loaded
[    0.298584] mtdoops: mtd device (mtddev=name/number) must be supplied
[    0.300316] mdio_bus fixed-0: using lookup tables for GPIO lookup
[    0.300340] mdio_bus fixed-0: No GPIO consumer reset found
[    0.301697] i2c_dev: i2c /dev entries driver
[    0.302896] cpuidle: enable-method property 'ti,am3352' found operations
[    0.303341] sdhci: Secure Digital Host Controller Interface driver
[    0.303350] sdhci: Copyright(c) Pierre Ossman
[    0.303530] sdhci-pltfm: SDHCI platform and OF driver helper
[    0.304962] hw perfevents: enabled with armv7_cortex_a8 PMU driver, 5 (8000000f) counters available
[    0.305471] Initializing XFRM netlink socket
[    0.305652] NET: Registered PF_INET6 protocol family
[    0.311317] l3-aon-clkctrl:0000:0: failed to disable
[    0.312932] Segment Routing with IPv6
[    0.313018] In-situ OAM (IOAM) with IPv6
[    0.313114] sit: IPv6, IPv4 and MPLS over IPv4 tunneling driver
[    0.314063] NET: Registered PF_PACKET protocol family
[    0.314089] NET: Registered PF_KEY protocol family
[    0.314214] Key type dns_resolver registered
[    0.314433] ThumbEE CPU extension supported.
[    0.314452] Registering SWP/SWPB emulation handler
[    0.314993] omap_voltage_late_init: Voltage driver support not added
[    0.315651] SmartReflex Class3 initialized
[    0.360359] Loading compiled-in X.509 certificates
[    0.391103] /ocp/interconnect@44c00000/segment@200000/target-module@b000/i2c@0/tda19988@70: Fixed dependency cycle(s) with /ocp/interconnect@48000000/segment@300000/target-module@e000/lcdc@0
[    0.397666] /ocp/interconnect@44c00000/segment@200000/target-module@b000/i2c@0/tda19988@70: Fixed dependency cycle(s) with /ocp/interconnect@48000000/segment@300000/target-module@e000/lcdc@0
[    0.403353] gpiochip_find_base_unlocked: found new base at 512
[    0.437122] /ocp/interconnect@44c00000/segment@200000/target-module@b000/i2c@0/tda19988@70: Fixed dependency cycle(s) with /ocp/interconnect@48000000/segment@300000/target-module@e000/lcdc@0
[    0.438008] /ocp/interconnect@44c00000/segment@200000/target-module@b000/i2c@0/tda19988@70: Fixed dependency cycle(s) with /ocp/interconnect@48000000/segment@300000/target-module@e000/lcdc@0
[    0.441487] /ocp/interconnect@44c00000/segment@200000/target-module@10000/scm@0/pinmux@800: Fixed dependency cycle(s) with /ocp/interconnect@44c00000/segment@200000/target-module@10000/scm@0/pinmux@800/clkout2-pins
[    0.442277] pinctrl-single 44e10800.pinmux: 142 pins, size 568
[    0.447599] ti-sysc 44e31000.target-module: probe with driver ti-sysc failed with error -16
[    0.463518] /ocp/interconnect@48000000/segment@300000/target-module@e000/lcdc@0: Fixed dependency cycle(s) with /ocp/interconnect@44c00000/segment@200000/target-module@b000/i2c@0/tda19988@70
[    0.471579] ti-sysc 48040000.target-module: probe with driver ti-sysc failed with error -16
[    0.483147] gpiochip_find_base_unlocked: found new base at 512
[    0.483249] gpio gpiochip0: (gpio-0-31): created GPIO range 0->7 ==> 44e10800.pinmux PIN 0->7
[    0.483268] gpio gpiochip0: (gpio-0-31): created GPIO range 8->11 ==> 44e10800.pinmux PIN 90->93
[    0.483283] gpio gpiochip0: (gpio-0-31): created GPIO range 12->27 ==> 44e10800.pinmux PIN 12->27
[    0.483298] gpio gpiochip0: (gpio-0-31): created GPIO range 28->31 ==> 44e10800.pinmux PIN 30->33
[    0.518566] gpio gpiochip0: (gpio-0-31): added GPIO chardev (254:0)
[    0.518717] gpio gpiochip0: registered GPIOs 512 to 543 on gpio-0-31
[    0.518804] OMAP GPIO hardware version 0.1
[    0.552554] i2c i2c-2: using DT '/ocp/interconnect@48000000/segment@100000/target-module@9c000/i2c@0' for 'scl' GPIO lookup
[    0.552626] of_get_named_gpiod_flags: can't parse 'scl-gpios' property of node '/ocp/interconnect@48000000/segment@100000/target-module@9c000/i2c@0[0]'
[    0.552667] of_get_named_gpiod_flags: can't parse 'scl-gpio' property of node '/ocp/interconnect@48000000/segment@100000/target-module@9c000/i2c@0[0]'
[    0.552703] i2c i2c-2: using lookup tables for GPIO lookup
[    0.552712] i2c i2c-2: No GPIO consumer scl found
[    0.552733] i2c i2c-2: using DT '/ocp/interconnect@48000000/segment@100000/target-module@9c000/i2c@0' for 'sda' GPIO lookup
[    0.552769] of_get_named_gpiod_flags: can't parse 'sda-gpios' property of node '/ocp/interconnect@48000000/segment@100000/target-module@9c000/i2c@0[0]'
[    0.552805] of_get_named_gpiod_flags: can't parse 'sda-gpio' property of node '/ocp/interconnect@48000000/segment@100000/target-module@9c000/i2c@0[0]'
[    0.552836] i2c i2c-2: using lookup tables for GPIO lookup
[    0.552844] i2c i2c-2: No GPIO consumer sda found
[    0.553571] omap_i2c 4819c000.i2c: bus 2 rev0.11 at 100 kHz
[    0.559182] gpiochip_find_base_unlocked: found new base at 544
[    0.559287] gpio gpiochip1: (gpio-32-63): created GPIO range 0->17 ==> 44e10800.pinmux PIN 34->51
[    0.559308] gpio gpiochip1: (gpio-32-63): created GPIO range 18->21 ==> 44e10800.pinmux PIN 77->80
[    0.559326] gpio gpiochip1: (gpio-32-63): created GPIO range 22->31 ==> 44e10800.pinmux PIN 56->65
[    0.574326] gpio gpiochip1: (gpio-32-63): added GPIO chardev (254:1)
[    0.574480] gpio gpiochip1: registered GPIOs 544 to 575 on gpio-32-63
[    0.576775] gpiochip_find_base_unlocked: found new base at 576
[    0.576876] gpio gpiochip2: (gpio-64-95): created GPIO range 0->4 ==> 44e10800.pinmux PIN 66->70
[    0.576897] gpio gpiochip2: (gpio-64-95): created GPIO range 5->6 ==> 44e10800.pinmux PIN 98->99
[    0.576913] gpio gpiochip2: (gpio-64-95): created GPIO range 7->8 ==> 44e10800.pinmux PIN 75->76
[    0.576927] gpio gpiochip2: (gpio-64-95): created GPIO range 13->13 ==> 44e10800.pinmux PIN 141->141
[    0.576944] gpio gpiochip2: (gpio-64-95): created GPIO range 14->21 ==> 44e10800.pinmux PIN 100->107
[    0.577590] gpio gpiochip2: (gpio-64-95): added GPIO chardev (254:2)
[    0.577721] gpio gpiochip2: registered GPIOs 576 to 607 on gpio-64-95
[    0.583813] 48000000.interconnect:segment@200000:target-module@0:mpu@0:fck: device ID is greater than 24
[    0.584725] /ocp/interconnect@48000000/segment@300000/target-module@e000/lcdc@0: Fixed dependency cycle(s) with /ocp/interconnect@44c00000/segment@200000/target-module@b000/i2c@0/tda19988@70
[    0.587558] /ocp/interconnect@48000000/segment@300000/target-module@e000/lcdc@0: Fixed dependency cycle(s) with /ocp/interconnect@44c00000/segment@200000/target-module@b000/i2c@0/tda19988@70
[    0.588268] /ocp/interconnect@44c00000/segment@200000/target-module@b000/i2c@0/tda19988@70: Fixed dependency cycle(s) with /ocp/interconnect@48000000/segment@300000/target-module@e000/lcdc@0
[    0.588430] /ocp/interconnect@48000000/segment@300000/target-module@e000/lcdc@0: Fixed dependency cycle(s) with /ocp/interconnect@44c00000/segment@200000/target-module@b000/i2c@0/tda19988@70
[    0.598141] mdio_bus 4a101000.mdio: using DT '/ocp/interconnect@4a000000/segment@0/target-module@100000/switch@0/mdio@1000' for 'reset' GPIO lookup
[    0.598216] of_get_named_gpiod_flags: can't parse 'reset-gpios' property of node '/ocp/interconnect@4a000000/segment@0/target-module@100000/switch@0/mdio@1000[0]'
[    0.598264] of_get_named_gpiod_flags: can't parse 'reset-gpio' property of node '/ocp/interconnect@4a000000/segment@0/target-module@100000/switch@0/mdio@1000[0]'
[    0.598310] mdio_bus 4a101000.mdio: using lookup tables for GPIO lookup
[    0.598320] mdio_bus 4a101000.mdio: No GPIO consumer reset found
[    0.599343] sdhci-omap 481d8000.mmc: using DT '/ocp/interconnect@48000000/segment@100000/target-module@d8000/mmc@0' for 'wp' GPIO lookup
[    0.599403] of_get_named_gpiod_flags: can't parse 'wp-gpios' property of node '/ocp/interconnect@48000000/segment@100000/target-module@d8000/mmc@0[0]'
[    0.599444] of_get_named_gpiod_flags: can't parse 'wp-gpio' property of node '/ocp/interconnect@48000000/segment@100000/target-module@d8000/mmc@0[0]'
[    0.599477] sdhci-omap 481d8000.mmc: using lookup tables for GPIO lookup
[    0.599486] sdhci-omap 481d8000.mmc: No GPIO consumer wp found
[    0.599682] sdhci-omap 481d8000.mmc: supply pbias not found, using dummy regulator
[    0.600185] sdhci-omap 481d8000.mmc: supply vqmmc not found, using dummy regulator
[    0.654951] davinci_mdio 4a101000.mdio: davinci mdio revision 1.6, bus freq 1000000
[    0.676273] mdio_bus 4a101000.mdio:00: using DT '/ocp/interconnect@4a000000/segment@0/target-module@100000/switch@0/mdio@1000/ethernet-phy@0' for 'reset' GPIO lookup
[    0.676374] of_get_named_gpiod_flags: parsed 'reset-gpios' property of node '/ocp/interconnect@4a000000/segment@0/target-module@100000/switch@0/mdio@1000/ethernet-phy@0[0]' - status (0)
[    0.676538] gpio gpiochip0: Persistence not supported for GPIO 8
[    0.806215] davinci_mdio 4a101000.mdio: phy[0]: device 4a101000.mdio:00, driver SMSC LAN8710/LAN8720
[    0.806985] cpsw-switch 4a100000.switch: initialized cpsw ale version 1.4
[    0.807006] cpsw-switch 4a100000.switch: ALE Table size 1024, Policers 0
[    0.807150] cpsw-switch 4a100000.switch: cpts: overflow check period 500 (jiffies)
[    0.807165] cpsw-switch 4a100000.switch: CPTS: ref_clk_freq:250000000 calc_mult:2147483648 calc_shift:29 error:0 nsec/sec
[    0.807280] cpsw-switch 4a100000.switch: Detected MACID = 6c:ec:eb:68:de:78
[    0.809118] cpsw-switch 4a100000.switch: initialized (regs 0x4a100000, pool size 256) hw_ver:0019010C 1.12 (0)
[    0.820156] debugfs: Directory '49000000.dma' with parent 'dmaengine' already present!
[    0.820198] edma 49000000.dma: TI EDMA DMA engine driver
[    0.863420] gpio-clk clk_mcasp0: using DT '/clk_mcasp0' for 'enable' GPIO lookup
[    0.863495] of_get_named_gpiod_flags: parsed 'enable-gpios' property of node '/clk_mcasp0[0]' - status (0)
[    0.863541] gpio gpiochip0: Persistence not supported for GPIO 27
[    0.864406] gpiochip_find_base_unlocked: found new base at 608
[    0.864523] gpio gpiochip3: (gpio-96-127): created GPIO range 0->7 ==> 44e10800.pinmux PIN 82->89
[    0.864546] gpio gpiochip3: (gpio-96-127): created GPIO range 8->11 ==> 44e10800.pinmux PIN 52->55
[    0.864562] gpio gpiochip3: (gpio-96-127): created GPIO range 12->15 ==> 44e10800.pinmux PIN 94->97
[    0.864577] gpio gpiochip3: (gpio-96-127): created GPIO range 16->17 ==> 44e10800.pinmux PIN 71->72
[    0.864593] gpio gpiochip3: (gpio-96-127): created GPIO range 18->18 ==> 44e10800.pinmux PIN 135->135
[    0.864609] gpio gpiochip3: (gpio-96-127): created GPIO range 19->20 ==> 44e10800.pinmux PIN 108->109
[    0.864625] gpio gpiochip3: (gpio-96-127): created GPIO range 21->21 ==> 44e10800.pinmux PIN 73->73
[    0.864642] gpio gpiochip3: (gpio-96-127): created GPIO range 22->23 ==> 44e10800.pinmux PIN 8->9
[    0.864659] gpio gpiochip3: (gpio-96-127): created GPIO range 26->27 ==> 44e10800.pinmux PIN 10->11
[    0.864677] gpio gpiochip3: (gpio-96-127): created GPIO range 28->28 ==> 44e10800.pinmux PIN 74->74
[    0.864695] gpio gpiochip3: (gpio-96-127): created GPIO range 29->29 ==> 44e10800.pinmux PIN 81->81
[    0.864715] gpio gpiochip3: (gpio-96-127): created GPIO range 30->31 ==> 44e10800.pinmux PIN 28->29
[    0.883083] gpio gpiochip3: (gpio-96-127): added GPIO chardev (254:3)
[    0.883245] gpio gpiochip3: registered GPIOs 608 to 639 on gpio-96-127
[    0.885126] omap8250 44e09000.serial: using DT '/ocp/interconnect@44c00000/segment@200000/target-module@9000/serial@0' for 'rs485-term' GPIO lookup
[    0.885198] of_get_named_gpiod_flags: can't parse 'rs485-term-gpios' property of node '/ocp/interconnect@44c00000/segment@200000/target-module@9000/serial@0[0]'
[    0.885241] of_get_named_gpiod_flags: can't parse 'rs485-term-gpio' property of node '/ocp/interconnect@44c00000/segment@200000/target-module@9000/serial@0[0]'
[    0.885277] omap8250 44e09000.serial: using lookup tables for GPIO lookup
[    0.885286] omap8250 44e09000.serial: No GPIO consumer rs485-term found
[    0.885296] omap8250 44e09000.serial: using DT '/ocp/interconnect@44c00000/segment@200000/target-module@9000/serial@0' for 'rs485-rx-during-tx' GPIO lookup
[    0.885332] of_get_named_gpiod_flags: can't parse 'rs485-rx-during-tx-gpios' property of node '/ocp/interconnect@44c00000/segment@200000/target-module@9000/serial@0[0]'
[    0.885369] of_get_named_gpiod_flags: can't parse 'rs485-rx-during-tx-gpio' property of node '/ocp/interconnect@44c00000/segment@200000/target-module@9000/serial@0[0]'
[    0.885400] omap8250 44e09000.serial: using lookup tables for GPIO lookup
[    0.885407] omap8250 44e09000.serial: No GPIO consumer rs485-rx-during-tx found
[    0.885800] 44e09000.serial: ttyS0 at MMIO 0x44e09000 (irq = 34, base_baud = 3000000) is a 8250
[    0.885893] printk: legacy console [ttyS0] enabled
[    2.357030] i2c i2c-0: using DT '/ocp/interconnect@44c00000/segment@200000/target-module@b000/i2c@0' for 'scl' GPIO lookup
[    2.357119] of_get_named_gpiod_flags: can't parse 'scl-gpios' property of node '/ocp/interconnect@44c00000/segment@200000/target-module@b000/i2c@0[0]'
[    2.357165] of_get_named_gpiod_flags: can't parse 'scl-gpio' property of node '/ocp/interconnect@44c00000/segment@200000/target-module@b000/i2c@0[0]'
[    2.357204] i2c i2c-0: using lookup tables for GPIO lookup
[    2.357218] i2c i2c-0: No GPIO consumer scl found
[    2.357243] i2c i2c-0: using DT '/ocp/interconnect@44c00000/segment@200000/target-module@b000/i2c@0' for 'sda' GPIO lookup
[    2.357282] of_get_named_gpiod_flags: can't parse 'sda-gpios' property of node '/ocp/interconnect@44c00000/segment@200000/target-module@b000/i2c@0[0]'
[    2.357323] of_get_named_gpiod_flags: can't parse 'sda-gpio' property of node '/ocp/interconnect@44c00000/segment@200000/target-module@b000/i2c@0[0]'
[    2.357358] i2c i2c-0: using lookup tables for GPIO lookup
[    2.357369] i2c i2c-0: No GPIO consumer sda found
[    2.372799] tps65217-pmic: Failed to locate of_node [id: -1]
[    2.378866] tps65217-bl: Failed to locate of_node [id: -1]
[    2.384925] platform tps65217-charger: DMA mask not set
[    2.390980] platform tps65217-pwrbutton: DMA mask not set
[    2.398325] tps65217 0-0024: TPS65217 ID 0xe version 1.2
[    2.404491] /ocp/interconnect@48000000/segment@300000/target-module@e000/lcdc@0: Fixed dependency cycle(s) with /ocp/interconnect@44c00000/segment@200000/target-module@b000/i2c@0/tda19988@70
[    2.421901] /ocp/interconnect@44c00000/segment@200000/target-module@b000/i2c@0/tda19988@70: Fixed dependency cycle(s) with /ocp/interconnect@48000000/segment@300000/target-module@e000/lcdc@0
[    2.439232] omap_i2c 44e0b000.i2c: bus 0 rev0.11 at 400 kHz
[    2.446888] sdhci-omap 48060000.mmc: using DT '/ocp/interconnect@48000000/segment@0/target-module@60000/mmc@0' for 'cd' GPIO lookup
[    2.446992] of_get_named_gpiod_flags: parsed 'cd-gpios' property of node '/ocp/interconnect@48000000/segment@0/target-module@60000/mmc@0[0]' - status (0)
[    2.447058] gpio gpiochip3: Persistence not supported for GPIO 6
[    2.447085] omap_gpio 44e07000.gpio: Could not set line 6 debounce to 200000 microseconds (-22)
[    2.456015] sdhci-omap 48060000.mmc: Got CD GPIO
[    2.460666] sdhci-omap 48060000.mmc: using DT '/ocp/interconnect@48000000/segment@0/target-module@60000/mmc@0' for 'wp' GPIO lookup
[    2.460711] of_get_named_gpiod_flags: can't parse 'wp-gpios' property of node '/ocp/interconnect@48000000/segment@0/target-module@60000/mmc@0[0]'
[    2.460754] of_get_named_gpiod_flags: can't parse 'wp-gpio' property of node '/ocp/interconnect@48000000/segment@0/target-module@60000/mmc@0[0]'
[    2.460792] sdhci-omap 48060000.mmc: using lookup tables for GPIO lookup
[    2.460805] sdhci-omap 48060000.mmc: No GPIO consumer wp found
[    2.461012] sdhci-omap 48060000.mmc: supply pbias not found, using dummy regulator
[    2.469807] sdhci-omap 481d8000.mmc: using DT '/ocp/interconnect@48000000/segment@100000/target-module@d8000/mmc@0' for 'wp' GPIO lookup
[    2.469882] of_get_named_gpiod_flags: can't parse 'wp-gpios' property of node '/ocp/interconnect@48000000/segment@100000/target-module@d8000/mmc@0[0]'
[    2.469930] of_get_named_gpiod_flags: can't parse 'wp-gpio' property of node '/ocp/interconnect@48000000/segment@100000/target-module@d8000/mmc@0[0]'
[    2.469968] sdhci-omap 481d8000.mmc: using lookup tables for GPIO lookup
[    2.469981] sdhci-omap 481d8000.mmc: No GPIO consumer wp found
[    2.470993] sdhci-omap 48060000.mmc: supply vqmmc not found, using dummy regulator
[    2.480094] sdhci-omap 481d8000.mmc: supply pbias not found, using dummy regulator
[    2.489809] sdhci-omap 481d8000.mmc: supply vqmmc not found, using dummy regulator
[    2.525731] mmc0: SDHCI controller on 48060000.mmc [48060000.mmc] using External DMA
