Labgrid Console Logfile for main
Logfile started at 2025-06-19 18:57:17.433321
=== Log starts here ===
reading args
spl_load_image_fat_os: error reading image args, err - -1
reading u-boot.img
reading u-boot.img


U-Boot 2014.04-00014-g47880f5 (Apr 22 2014 - 13:23:54)

I2C:   ready
DRAM:  512 MiB
NAND:  0 MiB
MMC:   OMAP SD/MMC: 0, OMAP SD/MMC: 1
*** Warning - readenv() failed, using default environment

Net:   <ethaddr> not set. Validating first E-fuse MAC
cpsw, usb_ether
Hit any key to stop autoboot:  1  0 
gpio: pin 53 (gpio 53) value is 1
mmc0 is current device
gpio: pin 54 (gpio 54) value is 1
SD/MMC found on device 0
reading uEnv.txt
569 bytes read in 4 ms (138.7 KiB/s)
gpio: pin 55 (gpio 55) value is 1
Loaded environment from uEnv.txt
Importing environment from mmc ...
Checking if uenvcmd is set ...
gpio: pin 56 (gpio 56) value is 1
Running uenvcmd ...
cpsw Waiting for PHY auto negotiation to complete. done
link up on port 0, speed 100, full duplex
Using cpsw device
TFTP from server 192.168.255.126; our IP address is 192.168.255.1
Filename 'zImage'.
Load address: 0x81000000
Loading: *#################################################################
	 #################################################################
	 #################################################################
	 #################################################################
	 #################################################################
	 ########################################################
	 2.4 MiB/s
done
Bytes transferred = 5591584 (555220 hex)
link up on port 0, speed 100, full duplex
Using cpsw device
TFTP from server 192.168.255.126; our IP address is 192.168.255.1
Filename 'am335x-boneblack.dtb'.
Load address: 0x82000000
Loading: *#######
	 2 MiB/s
done
Bytes transferred = 98244 (17fc4 hex)
Kernel image @ 0x81000000 [ 0x000000 - 0x555220 ]
## Flattened Device Tree blob at 82000000
   Booting using the fdt blob at 0x82000000
   Using Device Tree in place at 82000000, end 8201afc3

Starting kernel ...

[    0.000000] Booting Linux on physical CPU 0x0
[    0.000000] Linux version 6.15.3-87443-g3394ade23d7e (user01@drvtest01) (arm-none-eabi-gcc (Arm GNU Toolchain 14.2.Rel1 (Build arm-14.52)) 14.2.1 20241119, GNU ld (Arm GNU Toolchain 14.2.Rel1 (Build arm-14.52)) 2.43.1.20241119) #1 SMP Thu Jun 19 18:51:08 EEST 2025
[    0.000000] CPU: ARMv7 Processor [413fc082] revision 2 (ARMv7), cr=10c5387d
[    0.000000] CPU: PIPT / VIPT nonaliasing data cache, VIPT aliasing instruction cache
[    0.000000] OF: fdt: Machine model: TI AM335x BeagleBone Black
[    0.000000] Memory policy: Data cache writeback
[    0.000000] cma: Reserved 16 MiB at 0x9e800000
[    0.000000] Zone ranges:
[    0.000000]   Normal   [mem 0x0000000080000000-0x000000009fdfffff]
[    0.000000]   HighMem  empty
[    0.000000] Movable zone start for each node
[    0.000000] Early memory node ranges
[    0.000000]   node   0: [mem 0x0000000080000000-0x000000009fdfffff]
[    0.000000] Initmem setup node 0 [mem 0x0000000080000000-0x000000009fdfffff]
[    0.000000] On node 0, zone Normal: 512 pages in unavailable ranges
[    0.000000] OF: reserved mem: Reserved memory: No reserved-memory node in the DT
[    0.000000] CPU: All CPU(s) started in SVC mode.
[    0.000000] AM335X ES2.1 (sgx neon)
[    0.000000] percpu: Embedded 17 pages/cpu s39692 r8192 d21748 u69632
[    0.000000] Kernel command line: console=ttyO0,115200n8 root=/dev/nfs rw nfsroot=192.168.255.126:/home/user01/nfs,nfsvers=3 ip=192.168.255.1:192.168.255.126::255.255.255.0:bbb1:eth0 nfsrootdebug
[    0.000000] Unknown kernel command line parameters "nfsrootdebug", will be passed to user space.
[    0.000000] printk: log buffer data + meta data: 65536 + 204800 = 270336 bytes
[    0.000000] Dentry cache hash table entries: 65536 (order: 6, 262144 bytes, linear)
[    0.000000] Inode-cache hash table entries: 32768 (order: 5, 131072 bytes, linear)
[    0.000000] Built 1 zonelists, mobility grouping on.  Total pages: 130560
[    0.000000] mem auto-init: stack:off, heap alloc:off, heap free:off
[    0.000000] SLUB: HWalign=16, Order=0-3, MinObjects=0, CPUs=1, Nodes=1
[    0.000000] rcu: Hierarchical RCU implementation.
[    0.000000] rcu: 	RCU event tracing is enabled.
[    0.000000] rcu: 	RCU restricting CPUs from NR_CPUS=2 to nr_cpu_ids=1.
[    0.000000] 	Tracing variant of Tasks RCU enabled.
[    0.000000] rcu: RCU calculated value of scheduler-enlistment delay is 10 jiffies.
[    0.000000] rcu: Adjusting geometry for rcu_fanout_leaf=16, nr_cpu_ids=1
[    0.000000] RCU Tasks Trace: Setting shift to 0 and lim to 1 rcu_task_cb_adjust=1 rcu_task_cpu_ids=1.
[    0.000000] NR_IRQS: 16, nr_irqs: 16, preallocated irqs: 16
[    0.000000] IRQ: Found an INTC at 0x(ptrval) (revision 5.0) with 128 interrupts
[    0.000000] rcu: srcu_init: Setting srcu_struct sizes based on contention.
[    0.000000] TI gptimer clocksource: always-on /ocp/interconnect@44c00000/segment@200000/target-module@31000
[    0.000002] sched_clock: 32 bits at 24MHz, resolution 41ns, wraps every 89478484971ns
[    0.000026] clocksource: dmtimer: mask: 0xffffffff max_cycles: 0xffffffff, max_idle_ns: 79635851949 ns
[    0.000513] TI gptimer clockevent: 24000000 Hz at /ocp/interconnect@48000000/segment@0/target-module@40000
[    0.002140] Console: colour dummy device 80x30
[    0.002206] WARNING: Your 'console=ttyO0' has been replaced by 'ttyS0'
[    0.002213] This ensures that you still see kernel messages. Please
[    0.002218] update your kernel commandline.
[    0.002262] Calibrating delay loop... 996.14 BogoMIPS (lpj=4980736)
[    0.090560] CPU: Testing write buffer coherency: ok
[    0.090673] CPU0: Spectre v2: using BPIALL workaround
[    0.090683] pid_max: default: 32768 minimum: 301
[    0.090839] LSM: initializing lsm=capability
[    0.091016] Mount-cache hash table entries: 1024 (order: 0, 4096 bytes, linear)
[    0.091035] Mountpoint-cache hash table entries: 1024 (order: 0, 4096 bytes, linear)
[    0.092626] CPU0: thread -1, cpu 0, socket -1, mpidr 0
[    0.092686] cacheinfo: Unable to detect cache hierarchy for CPU 0
[    0.094775] Setting up static identity map for 0x80100000 - 0x80100078
[    0.095123] rcu: Hierarchical SRCU implementation.
[    0.095134] rcu: 	Max phase no-delay instances is 1000.
[    0.096899] smp: Bringing up secondary CPUs ...
[    0.096950] smp: Brought up 1 node, 1 CPU
[    0.096962] SMP: Total of 1 processors activated (996.14 BogoMIPS).
[    0.096974] CPU: All CPU(s) started in SVC mode.
[    0.097159] Memory: 480824K/522240K available (11264K kernel code, 1218K rwdata, 2904K rodata, 1024K init, 286K bss, 23384K reserved, 16384K cma-reserved, 0K highmem)
[    0.097972] devtmpfs: initialized
[    0.115137] VFP support v0.3: implementor 41 architecture 3 part 30 variant c rev 3
[    0.115785] clocksource: jiffies: mask: 0xffffffff max_cycles: 0xffffffff, max_idle_ns: 19112604462750000 ns
[    0.115823] posixtimers hash table entries: 512 (order: 0, 4096 bytes, linear)
[    0.115842] futex hash table entries: 256 (order: 2, 16384 bytes, linear)
[    0.116996] pinctrl core: initialized pinctrl subsystem
[    0.119052] NET: Registered PF_NETLINK/PF_ROUTE protocol family
[    0.122164] DMA: preallocated 256 KiB pool for atomic coherent allocations
[    0.123118] audit: initializing netlink subsys (disabled)
[    0.124483] thermal_sys: Registered thermal governor 'fair_share'
[    0.124498] thermal_sys: Registered thermal governor 'step_wise'
[    0.124507] thermal_sys: Registered thermal governor 'user_space'
[    0.124622] audit: type=2000 audit(0.120:1): state=initialized audit_enabled=0 res=1
[    0.124698] cpuidle: using governor menu
[    0.142712] /ocp/interconnect@44c00000/segment@200000/target-module@b000/i2c@0/tda19988@70: Fixed dependency cycle(s) with /ocp/interconnect@48000000/segment@300000/target-module@e000/lcdc@0
[    0.143842] /ocp/interconnect@48000000/segment@300000/target-module@e000/lcdc@0: Fixed dependency cycle(s) with /ocp/interconnect@44c00000/segment@200000/target-module@b000/i2c@0/tda19988@70
[    0.146024] No ATAGs?
[    0.146069] hw-breakpoint: debug architecture 0x4 unsupported.
[    0.148763] kprobes: kprobe jump-optimization is enabled. All kprobes are optimized if possible.
[    0.154149] iommu: Default domain type: Translated
[    0.154172] iommu: DMA domain TLB invalidation policy: strict mode
[    0.161771] SCSI subsystem initialized
[    0.162634] pps_core: LinuxPPS API ver. 1 registered
[    0.162645] pps_core: Software ver. 5.3.6 - Copyright 2005-2007 Rodolfo Giometti <giometti@linux.it>
[    0.162670] PTP clock support registered
[    0.170915] vgaarb: loaded
[    0.171290] clocksource: Switched to clocksource dmtimer
[    0.171956] VFS: Disk quotas dquot_6.6.0
[    0.172012] VFS: Dquot-cache hash table entries: 1024 (order 0, 4096 bytes)
[    0.196206] NET: Registered PF_INET protocol family
[    0.196551] IP idents hash table entries: 8192 (order: 4, 65536 bytes, linear)
[    0.197976] tcp_listen_portaddr_hash hash table entries: 512 (order: 0, 4096 bytes, linear)
[    0.198014] Table-perturb hash table entries: 65536 (order: 6, 262144 bytes, linear)
[    0.198034] TCP established hash table entries: 4096 (order: 2, 16384 bytes, linear)
[    0.198080] TCP bind hash table entries: 4096 (order: 4, 65536 bytes, linear)
[    0.198180] TCP: Hash tables configured (established 4096 bind 4096)
[    0.198299] UDP hash table entries: 256 (order: 1, 14336 bytes, linear)
[    0.198333] UDP-Lite hash table entries: 256 (order: 1, 14336 bytes, linear)
[    0.198518] NET: Registered PF_UNIX/PF_LOCAL protocol family
[    0.199808] RPC: Registered named UNIX socket transport module.
[    0.199830] RPC: Registered udp transport module.
[    0.199835] RPC: Registered tcp transport module.
[    0.199840] RPC: Registered tcp-with-tls transport module.
[    0.199845] RPC: Registered tcp NFSv4.1 backchannel transport module.
[    0.199870] PCI: CLS 0 bytes, default 64
[    0.201428] Initialise system trusted keyrings
[    0.212103] workingset: timestamp_bits=14 max_order=17 bucket_order=3
[    0.213467] NFS: Registering the id_resolver key type
[    0.213551] Key type id_resolver registered
[    0.213558] Key type id_legacy registered
[    0.213666] jffs2: version 2.2. (NAND) (SUMMARY)  Â© 2001-2006 Red Hat, Inc.
[    0.214084] Key type asymmetric registered
[    0.214101] Asymmetric key parser 'x509' registered
[    0.214163] io scheduler mq-deadline registered
[    0.214173] io scheduler kyber registered
[    0.214244] io scheduler bfq registered
[    0.215805] ledtrig-cpu: registered to indicate activity on CPUs
[    0.222154] Serial: 8250/16550 driver, 6 ports, IRQ sharing enabled
[    0.275624] brd: module loaded
[    0.295270] loop: module loaded
[    0.296182] mtdoops: mtd device (mtddev=name/number) must be supplied
[    0.299230] i2c_dev: i2c /dev entries driver
[    0.300204] cpuidle: enable-method property 'ti,am3352' found operations
[    0.300646] sdhci: Secure Digital Host Controller Interface driver
[    0.300656] sdhci: Copyright(c) Pierre Ossman
[    0.300823] sdhci-pltfm: SDHCI platform and OF driver helper
[    0.302040] Initializing XFRM netlink socket
[    0.302224] NET: Registered PF_INET6 protocol family
[    0.304196] Segment Routing with IPv6
[    0.304280] In-situ OAM (IOAM) with IPv6
[    0.304377] sit: IPv6, IPv4 and MPLS over IPv4 tunneling driver
[    0.305328] NET: Registered PF_PACKET protocol family
[    0.305359] NET: Registered PF_KEY protocol family
[    0.305472] Key type dns_resolver registered
[    0.305696] ThumbEE CPU extension supported.
[    0.305715] Registering SWP/SWPB emulation handler
[    0.306250] omap_voltage_late_init: Voltage driver support not added
[    0.306592] SmartReflex Class3 initialized
[    0.337132] Loading compiled-in X.509 certificates
[    0.383579] /ocp/interconnect@44c00000/segment@200000/target-module@b000/i2c@0/tda19988@70: Fixed dependency cycle(s) with /ocp/interconnect@48000000/segment@300000/target-module@e000/lcdc@0
[    0.389938] /ocp/interconnect@44c00000/segment@200000/target-module@b000/i2c@0/tda19988@70: Fixed dependency cycle(s) with /ocp/interconnect@48000000/segment@300000/target-module@e000/lcdc@0
[    0.417325] /ocp/interconnect@44c00000/segment@200000/target-module@b000/i2c@0/tda19988@70: Fixed dependency cycle(s) with /ocp/interconnect@48000000/segment@300000/target-module@e000/lcdc@0
[    0.418236] /ocp/interconnect@44c00000/segment@200000/target-module@b000/i2c@0/tda19988@70: Fixed dependency cycle(s) with /ocp/interconnect@48000000/segment@300000/target-module@e000/lcdc@0
[    0.421905] /ocp/interconnect@44c00000/segment@200000/target-module@10000/scm@0/pinmux@800: Fixed dependency cycle(s) with /ocp/interconnect@44c00000/segment@200000/target-module@10000/scm@0/pinmux@800/clkout2-pins
[    0.422546] pinctrl-single 44e10800.pinmux: 142 pins, size 568
[    0.427870] ti-sysc 44e31000.target-module: probe with driver ti-sysc failed with error -16
[    0.456952] /ocp/interconnect@48000000/segment@300000/target-module@e000/lcdc@0: Fixed dependency cycle(s) with /ocp/interconnect@44c00000/segment@200000/target-module@b000/i2c@0/tda19988@70
[    0.465254] ti-sysc 48040000.target-module: probe with driver ti-sysc failed with error -16
[    0.501398] OMAP GPIO hardware version 0.1
[    0.527931] omap_i2c 4819c000.i2c: bus 2 rev0.11 at 100 kHz
[    0.565117] 48000000.interconnect:segment@200000:target-module@0:mpu@0:fck: device ID is greater than 24
[    0.566023] /ocp/interconnect@48000000/segment@300000/target-module@e000/lcdc@0: Fixed dependency cycle(s) with /ocp/interconnect@44c00000/segment@200000/target-module@b000/i2c@0/tda19988@70
[    0.568805] /ocp/interconnect@48000000/segment@300000/target-module@e000/lcdc@0: Fixed dependency cycle(s) with /ocp/interconnect@44c00000/segment@200000/target-module@b000/i2c@0/tda19988@70
[    0.569507] /ocp/interconnect@44c00000/segment@200000/target-module@b000/i2c@0/tda19988@70: Fixed dependency cycle(s) with /ocp/interconnect@48000000/segment@300000/target-module@e000/lcdc@0
[    0.569670] /ocp/interconnect@48000000/segment@300000/target-module@e000/lcdc@0: Fixed dependency cycle(s) with /ocp/interconnect@44c00000/segment@200000/target-module@b000/i2c@0/tda19988@70
[    0.580719] sdhci-omap 481d8000.mmc: supply pbias not found, using dummy regulator
[    0.581204] sdhci-omap 481d8000.mmc: supply vqmmc not found, usin g dummy regulator
[    0.638166] davinci_mdio 4a101000.mdio: davinci mdio revision 1.6, bus freq 1000000
[    0.779824] davinci_mdio 4a101000.mdio: phy[0]: device 4a101000.mdio:00, driver SMSC LAN8710/LAN8720
[    0.780586] cpsw-switch 4a100000.switch: initialized cpsw ale version 1.4
[    0.780608] cpsw-switch 4a100000.switch: ALE Table size 1024, Policers 0
[    0.780761] cpsw-switch 4a100000.switch: cpts: overflow check period 500 (jiffies)
[    0.780776] cpsw-switch 4a100000.switch: CPTS: ref_cl k_freq:250000000 calc_mult:2147483648 calc_shift:29 error:0 nsec/sec
[    0.780895] cpsw-switch 4a100000.switch: Detected MACID = 6c:ec:eb:68:de:78
[    0.782908] cpsw-switch 4a100000.switch: initialized (regs 0x4a100000, pool size 256) hw_ver:0019010C 1.12 (0)
[    0.793807] debugfs: Directory '49000000.dma' with parent 'dmaengine' already present!
[    0.793850] edma 49000000.dma: TI EDMA DMA engine driver
[    0.836160] target-module@4b000000:target-module@140000:pmu@0:fck: device ID is greater than 24
[    0.855457] hw perfevents: enabled with armv7_cortex_a8 PMU driver, 5 (8000000f) counters available
[    0.863179] l3-aon-clkctrl:0000:0: failed to disable
[    0.873005] 44e09000.serial: ttyS0 at MMIO 0x44e09000 (irq = 34, base_baud = 3000000) is a 8250
[    0.873094] printk: legacy console [ttyS0] enabled
[    2.382300] tps65217-pmic: Failed to locate of_node [id: -1]
[    2.388360] tps65217-bl: Failed to locate of_node [id: -1]
[    2.395846] platform tps65217-charger: DMA mask not set
[    2.403188] platform tps65217-pwrbutton: DMA mask not set
[    2.411039] tps65217 0-0024: TPS65217 ID 0xe version 1.2
[    2.417148] /ocp/interconnect@48000000/segment@300000/target-module@e000/lcdc@0: Fixed dependency cycle(s) with /ocp/interconnect@44c00000/segment@200000/target-module@b000/i2c@0/tda19988@70
[    2.434525] /ocp/interconnect@44c00000/segment@200000/target-module@b000/i2c@0/tda19988@70: Fixed dependency cycle(s) with /ocp/interconnect@48000000/segment@300000/target-module@e000/lcdc@0
[   
[    5.842074] cpsw-switch 4a100000.switch eth0: Link is Up - 100Mbps/Full - flow control off
[    5.881548] IP-Config: Complete:
[    5.884826]      device=eth0, hwaddr=6c:ec:eb:68:de:78, ipaddr=192.168.255.1, mask=255.255.255.0, gw=255.255.255.255
[    5.895503]      host=bbb1, domain=, nis-domain=(none)
[    5.900672]      bootserver=192.168.255.126, rootserver=192.168.255.126, rootpath=
[    5.901106] clk: Disabling unused clocks
[    5.912950] PM: genpd: Disabling unused power domains
[    5.918063] KTAP version 1
[    5.920783] 1..0
[    5.946243] VFS: Mounted root (nfs filesystem) on device 0:17.
[    5.953403] devtmpfs: mounted
[    5.957902] Freeing unused kernel image (initmem) memory: 1024K
[    5.964876] Run /sbin/init as init process
[    6.663299] systemd[1]: System time before build time, advancing clock.
[    8.151314] random: crng init done
[    8.192897] systemd[1]: systemd 232 running in system mode. (+PAM +AUDIT +SELINUX +IMA +APPARMOR +SMACK +SYSVINIT +UTMP +LIBCRYPTSETUP +GCRYPT +GNUTLS +ACL +XZ +LZ4 +SECCOMP +BLKID +ELFUTILS +KMOD +IDN)
[    8.212017] systemd[1]: Detected architecture arm.

Welcome to [1mDebian GNU/Linux 9 (stretch)[0m!

[    8.244346] systemd[1]: Set hostname to <arm>.
[    9.352358] systemd[1]: Created slice System Slice.
[[0;32m  OK  [0m] Created slice System Slice.
[    9.372261] systemd[1]: Started Dispatch Password Requests to Console Directory Watch.
[[0;32m  OK  [0m] Started Dispatch Password Requests to Console Directory Watch.
[    9.402741] systemd[1]: Created slice system-getty.slice.
[[0;32m  OK  [0m] Created slice system-getty.slice.
[    9.431997] systemd[1]: Listening on udev Kernel Socket.
[[0;32m  OK  [0m] Listening on udev Kernel Socket.
[    9.462692] systemd[1]: Created slice system-serial\x2dgetty.slice.
[[0;32m  OK  [0m] Created slice system-serial\x2dgetty.slice.
[    9.492160] systemd[1]: Started Forward Password Requests to Wall Directory Watch.
[[0;32m  OK  [0m] Started Forward Password Requests to Wall Directory Watch.
[    9.521648] systemd[1]: Reached target Encrypted Volumes.
[[0;32m  OK  [0m] Reached target Encrypted Volumes.
         Mounting POSIX Message Queue File System...
[[0;32m  OK  [0m] Listening on Syslog Socket.
[[0;32m  OK  [0m] Set up automount Arbitrary Executabâ€¦rmats File System Automount Point.
[[0;32m  OK  [0m] Listening on Journal Audit Socket.
[[0;32m  OK  [0m] Listening on udev Control Socket.
[[0;32m  OK  [0m] Reached target Paths.
         Mounting Debug File System...
[[0;32m  OK  [0m] Listening on /dev/initctl Compatibility Named Pipe.
[[0;32m  OK  [0m] Listening on Journal Socket.
         Starting Remount Root and Kernel File Systems...
         Starting Load Kernel Modules...
         Starting Create list of required stâ€¦ce nodes for the current kernel...
[[0;32m  OK  [0m] Created slice User and Session Slice.
[[0;32m  OK  [0m] Reached target Slices.
[[0;32m  OK  [0m] Listening on Journal Socket (/dev/log).
         Starting Journal Service...
[[0;32m  OK  [0m] Reached target Remote File Systems.
[[0;32m  OK  [0m] Reached target Swap.
[[0;32m  OK  [0m] Mounted POSIX Message Queue File System.
[[0;32m  OK  [0m] Mounted Debug File System.
[[0;32m  OK  [0m] Started Remount Root and Kernel File Systems.
[[0;32m  OK  [0m] Started Create list of required staâ€¦vice nodes for the current kernel.
         Starting Create Static Device Nodes in /dev...
         Starting Load/Save Random Seed...
         Starting udev Coldplug all Devices...
[[0;32m  OK  [0m] Started Load Kernel Modules.
         Starting Apply Kernel Variables...
         Mounting Configuration File System...
[[0;32m  OK  [0m] Mounted Configuration File System.
[[0;32m  OK  [0m] Started Load/Save Random Seed.
[[0;32m  OK  [0m] Started Apply Kernel Variables.
[[0;32m  OK  [0m] Started Create Static Device Nodes in /dev.
[[0;32m  OK  [0m] Reached target Local File Systems (Pre).
[[0;32m  OK  [0m] Reached target Local File Systems.
         Starting Raise network interfaces...
         Starting udev Kernel Device Manager...
[[0;32m  OK  [0m] Started Journal Service.
         Starting Flush Journal to Persistent Storage...
[   11.694133] systemd-journald[88]: Received request to flush runtime journal from PID 1
[[0;32m  OK  [0m] Started Flush Journal to Persistent Storage.
         Starting Create Volatile Files and Directories...
[[0;32m  OK  [0m] Started udev Kernel Device Manager.
[[0;32m  OK  [0m] Started Create Volatile Files and Directories.
         Starting Update UTMP about System Boot/Shutdown...
         Starting Network Time Synchronization...
[[0;32m  OK  [0m] Started Update UTMP about System Boot/Shutdown.
[[0;32m  OK  [0m] Started udev Coldplug all Devices.
[   14.764032] remoteproc remoteproc0: wkup_m3 is available
[   14.934171] at24 2-0054: supply vcc not found, using dummy regulator
[   14.945588] omap_rtc 44e3e000.rtc: registered as rtc0
[   14.950768] omap_rtc 44e3e000.rtc: setting system clock to 2000-01-01T00:00:00 UTC (946684800)
[   15.097921] at24 2-0055: supply vcc not found, using dummy regulator
[   15.131819] omap_wdt: OMAP Watchdog Timer Rev 0x01: initial timeout 60 sec
[[0;32m  OK  [0m] Found device /dev/ttyS0.
[   15.244460] at24 2-0056: supply vcc not found, using dummy regulator
[   15.282616] input: tps65217_pwrbutton as /devices/platform/ocp/44c00000.interconnect/44c00000.interconnect:segment@200000/44e0b000.target-module/44e0b000.i2c/i2c-0/0-0024/tps65217-pwrbutton/input/input0
[   15.391566] at24 2-0057: supply vcc not found, using dummy regulator
[   15.513169] at24 0-0050: 32768 byte 24c256 EEPROM, writable, 1 bytes/write
[   15.751236] wkup_m3_ipc 44e11324.wkup_m3_ipc: IPC Request for A8->M3 Channel failed! -517
[[0;32m  OK  [0m] Started Network Time Synchronization.
[[0;32m  OK  [0m] Reached target System Initialization.
[[0;32m  OK  [0m] Listening on Avahi mDNS/DNS-SD Stack Activation Socket.
[[0;32m  OK  [0m] Listening on D-Bus System Message Bus Socket.
[   16.033575] wkup_m3_ipc 44e11324.wkup_m3_ipc: IPC Request for A8->M3 Channel failed! -517
[[0;32m  OK  [0m] Reached target Sockets.
[[0;32m  OK  [0m] Reached target Basic System.
         Starting Cape Manager Service...
         Starting System Logging Service...
[   16.291642] am335x-phy-driver 47401300.usb-phy: dummy supplies not allowed for exclusive requests (id=vbus)
         Starting Telephony service...
[   16.544584] am335x-phy-driver 47401b00.usb-phy: dummy supplies not allowed for exclusive requests (id=vbus)
[   16.557711] wkup_m3_ipc 44e11324.wkup_m3_ipc: IPC Request for A8->M3 Channel failed! -517
[[0;32m  OK  [0m] Started D-Bus System Message Bus.
[   16.633176] usbcore: registered new interface driver usbfs
[   16.639417] usbcore: registered new interface driver hub
[   16.645086] usbcore: registered new device driver usb
[   16.818187] wkup_m3_ipc 44e11324.wkup_m3_ipc: IPC Request for A8->M3 Channel failed! -517
[   17.205961] tda998x 0-0070: found TDA19988
[   17.315971] wkup_m3_ipc 44e11324.wkup_m3_ipc: IPC Request for A8->M3 Channel failed! -517
[   17.466524] wkup_m3_ipc 44e11324.wkup_m3_ipc: IPC Request for A8->M3 Channel failed! -517
[   17.508490] musb-hdrc musb-hdrc.1: MUSB HDRC host driver
[   17.514283] musb-hdrc musb-hdrc.1: new USB bus registered, assigned bus number 1
[   17.592736] wkup_m3_ipc 44e11324.wkup_m3_ipc: IPC Request for A8->M3 Channel failed! -517
[   17.702093] usb usb1: New USB device found, idVendor=1d6b, idProduct=0002, bcdDevice= 6.15
[   17.710453] usb usb1: New USB device strings: Mfr=3, Product=2, SerialNumber=1
[   17.717844] usb usb1: Product: MUSB HDRC host driver
[   17.722873] usb usb1: Manufacturer: Linux 6.15.3-87443-g3394ade23d7e musb-hcd
[   17.730048] usb usb1: SerialNumber: musb-hdrc.1
[   17.832970] omap-mailbox 480c8000.mailbox: omap mailbox rev 0x400
[   17.927831] remoteproc remoteproc0: powering up wkup_m3
[   18.171995] remoteproc remoteproc0: Direct firmware load for am335x-pm-firmware.elf failed with error -2
[   18.182816] remoteproc remoteproc0: request_firmware failed: -2
[   18.188791] wkup_m3_ipc 44e11324.wkup_m3_ipc: rproc_boot failed
[   18.219315] hub 1-0:1.0: USB hub found
[   18.251742] hub 1-0:1.0: 1 port detected
[   20.199664] omap_rng 48310000.rng: Random Number Generator ver. 20
[   20.210914] tilcdc 4830e000.lcdc: bound 0-0070 (ops tda998x_audio_codec_init [tda998x])
[   20.282959] [drm] Initialized tilcdc 1.0.0 for 4830e000.lcdc on minor 0
[   20.299997] tilcdc 4830e000.lcdc: [drm] Cannot find any crtc or sizes
[   20.308367] tilcdc 4830e000.lcdc: [drm] Cannot find any crtc or sizes
[[0;32m  OK  [0m] Started Telephony service.
         Starting Connection service...
[[0;32m  OK  [0m] Started Regular background program processing daemon.
         Starting Avahi mDNS/DNS-SD Stack...
[   20.956747] omap-sham 53100000.sham: hw accel on OMAP rev 4.3
         Starting Login Service...
[   21.097152] omap-sham 53100000.sham: will run requests pump with realtime priority
[   21.162779] PM: Cannot get wkup_m3_ipc handle
         Starting LSB: Load kernel modules needed to enable cpufreq scaling...
         Starting LSB: Start busybox udhcpd at boot time...
[[0;32m  OK  [0m] Started Daily Cleanup of Temporary Directories.
         Starting Generic Board Startup...
[   21.531585] omap-aes 53500000.aes: OMAP AES hw accel rev: 3.2
         Starting DUN service...
[   21.681244] omap-aes 53500000.aes: will run requests pump with realtime priority
[   21.692222] PM: Cannot get wkup_m3_ipc handle
[[0;32m  OK  [0m] Reached target System Time Synchronized.
[[0;32m  OK  [0m] Started Daily apt download activities.
[[0;32m  OK  [0m] Started Daily apt upgrade and clean activities.
[[0;32m  OK  [0m] Reached target Timers.
[[0;32m  OK  [0m] Started System Logging Service.
[[0;32m  OK  [0m] Started Cape Manager Service.
[   22.841873] Bluetooth: Core ver 2.22
[   22.845699] NET: Registered PF_BLUETOOTH protocol family
[   22.851046] Bluetooth: HCI device and connection manager initialized
[   22.857611] Bluetooth: HCI socket layer initialized
[   22.862588] Bluetooth: L2CAP socket layer initialized
[   22.867701] Bluetooth: SCO socket layer initialized
[   24.883466] gpio-537 (nxp,calib): gpiod_direction_output_nonotify: tried to set a GPIO tied to an IRQ as output
[   25.089291] PM: Cannot get wkup_m3_ipc handle
[   25.210743] tda9950 0-0034: TDA9950 CEC interface, hardware version 3.3
[   25.337301] PM: Cannot get wkup_m3_ipc handle
[[0;32m  OK  [0m] Started Raise network interfaces.
[[0;32m  OK  [0m] Started LSB: Start busybox udhcpd at boot time.
[[0;32m  OK  [0m] Started LSB: Load kernel modules needed to enable cpufreq scaling.
[   28.866668] configfs-gadget.g_multi gadget.0: HOST MAC 1c:ba:8c:a2:ed:6c
[   28.873651] configfs-gadget.g_multi gadget.0: MAC 1c:ba:8c:a2:ed:70
[   28.880975] configfs-gadget.g_multi gadget.0: HOST MAC 1c:ba:8c:a2:ed:6c
[   28.887828] configfs-gadget.g_multi gadget.0: MAC 1c:ba:8c:a2:ed:6d
[   28.895397] PM: Cannot get wkup_m3_ipc handle
[[0;32m  OK  [0m] Started DUN service.
[[0;32m  OK  [0m] Started Avahi mDNS/DNS-SD Stack.
[[0;32m  OK  [0m] Started Connection service.
[[0;32m  OK  [0m] Started Login Service.
[[0;32m  OK  [0m] Reached target Sound Card.
         Starting LSB: set CPUFreq kernel parameters...
[[0;32m  OK  [0m] Reached target Network.
         Starting OpenBSD Secure Shell server...
         Starting Permit User Sessions...
         Starting The Apache HTTP Server...
[[0;32m  OK  [0m] Reached target Network is Online.
         Starting LSB: Advanced IEEE 802.11 management daemon...
[[0;32m  OK  [0m] Started Permit User Sessions.
[[0;32m  OK  [0m] Started LSB: Advanced IEEE 802.11 management daemon.
         Starting Hostname Service...
         Starting WPA supplicant...
[[0;32m  OK  [0m] Started Getty on tty1.
[[0;32m  OK  [0m] Started Serial Getty on ttyS0.
[[0;32m  OK  [0m] Reached target Login Prompts.
[[0;32m  OK  [0m] Started LSB: set CPUFreq kernel parameters.
[[0;32m  OK  [0m] Started WPA supplicant.
[[0;32m  OK  [0m] Started Hostname Service.
[[0;32m  OK  [0m] Started OpenBSD Secure Shell server.
         Stopping LSB: Start busybox udhcpd at boot time...
[[0;32m  OK  [0m] Stopped LSB: Start busybox udhcpd at boot time.
[[0;32m  OK  [0m] Started The Apache HTTP Server.
         Starting dnsmasq - A lightweight DHCP and caching DNS server...
[[0;32m  OK  [0m] Started dnsmasq - A lightweight DHCP and caching DNS server.
[[0;32m  OK  [0m] Reached target Host and Network Name Lookups.
[[0;32m  OK  [0m] Started Serial Getty on ttyGS0.
[[0;32m  OK  [0m] Started Generic Board Startup.
[[0;32m  OK  [0m] Reached target Multi-User System.
[[0;32m  OK  [0m] Reached target Graphical Interface.
         Starting Update UTMP about System Runlevel Changes...
[[0;32m  OK  [0m] Started Update UTMP about System Runlevel Changes.

Debian GNU/Linux 9 arm ttyS0

default username:password is [debian:temppwd]

arm login: root
Password: 
Last login: Sat Jan  1 00:00:30 UTC 2000 on ttyS0
root
Linux arm 6.15.3-87443-g3394ade23d7e #1 SMP Thu Jun 19 18:51:08 EEST 2025 armv7l

The programs included with the Debian GNU/Linux system are free software;
the exact distribution terms for each program are described in the
individual files in /usr/share/doc/*/copyright.

Debian GNU/Linux comes with ABSOLUTELY NO WARRANTY, to the extent
permitted by applicable law.
root@arm:~# root
dmesg -n 1
-bash: root: command not found
root@arm:~# dmesg -n 1
root@arm:~# echo 'GWVX''JSOABO'
GWVXJSOABO
root@arm:~# run() { echo -n "$MARKER"; sh -c "$@"; echo "$MARKER $?"; }
root@arm:~# echo 'JMSW''GQCBZJ'
JMSWGQCBZJ
root@arm:~# MARKER='MAYS''GCAUOP' run 'cat /proc/version'
MAYSGCAUOPLinux version 6.15.3-87443-g3394ade23d7e (user01@drvtest01) (arm-none-eabi-gcc (Arm GNU Toolchain 14.2.Rel1 (Build arm-14.52)) 14.2.1 20241119, GNU ld (Arm GNU Toolchain 14.2.Rel1 (Build arm-14.52)) 2.43.1.20241119) #1 SMP Thu Jun 19 18:51:08 EEST 2025
MAYSGCAUOP 0
root@arm:~# echo 'VAGV''NZGXAQ'
VAGVNZGXAQ
root@arm:~# MARKER='GAYA''CFTZXK' run false
GAYACFTZXKGAYACFTZXK 1
root@arm:~# Labgrid Console Logfile for main
Logfile started at 2025-06-19 18:58:21.738892
=== Log starts here ===

root@arm:~# run() { echo -n "$MARKER"; sh -c "$@"; echo "$MARKER $?"; }
root@arm:~# echo 'WCON''GLBFFG'
WCONGLBFFG
root@arm:~# MARKER='EUMW''QCCJPB' run 'ls /iio_generic_buffer; echo $?'
EUMWQCCJPB/iio_generic_buffer
0
EUMWQCCJPB 0
root@arm:~# Labgrid Console Logfile for main
Logfile started at 2025-06-19 18:58:25.104692
=== Log starts here ===

root@arm:~# run() { echo -n "$MARKER"; sh -c "$@"; echo "$MARKER $?"; }
root@arm:~# echo 'GJGG''SCQHMH'
GJGGSCQHMH
root@arm:~# MARKER='FUST''JJCXBE' run dmesg
FUSTJJCXBE[    0.000000] Booting Linux on physical CPU 0x0
[    0.000000] Linux version 6.15.3-87443-g3394ade23d7e (user01@drvtest01) (arm-none-eabi-gcc (Arm GNU Toolchain 14.2.Rel1 (Build arm-14.52)) 14.2.1 20241119, GNU ld (Arm GNU Toolchain 14.2.Rel1 (Build arm-14.52)) 2.43.1.20241119) #1 SMP Thu Jun 19 18:51:08 EEST 2025
[    0.000000] CPU: ARMv7 Processor [413fc082] revision 2 (ARMv7), cr=10c5387d
[    0.000000] CPU: PIPT / VIPT nonaliasing data cache, VIPT aliasing instruction cache
[    0.000000] OF: fdt: Machine model: TI AM335x BeagleBone Black
[    0.000000] Memory policy: Data cache writeback
[    0.000000] cma: Reserved 16 MiB at 0x9e800000
[    0.000000] Zone ranges:
[    0.000000]   Normal   [mem 0x0000000080000000-0x000000009fdfffff]
[    0.000000]   HighMem  empty
[    0.000000] Movable zone start for each node
[    0.000000] Early memory node ranges
[    0.000000]   node   0: [mem 0x0000000080000000-0x000000009fdfffff]
[    0.000000] Initmem setup node 0 [mem 0x0000000080000000-0x000000009fdfffff]
[    0.000000] On node 0, zone Normal: 512 pages in unavailable ranges
[    0.000000] OF: reserved mem: Reserved memory: No reserved-memory node in the DT
[    0.000000] CPU: All CPU(s) started in SVC mode.
[    0.000000] AM335X ES2.1 (sgx neon)
[    0.000000] percpu: Embedded 17 pages/cpu s39692 r8192 d21748 u69632
[    0.000000] pcpu-alloc: s39692 r8192 d21748 u69632 alloc=17*4096
[    0.000000] pcpu-alloc: [0] 0 
[    0.000000] Kernel command line: console=ttyO0,115200n8 root=/dev/nfs rw nfsroot=192.168.255.126:/home/user01/nfs,nfsvers=3 ip=192.168.255.1:192.168.255.126::255.255.255.0:bbb1:eth0 nfsrootdebug
[    0.000000] Unknown kernel command line parameters "nfsrootdebug", will be passed to user space.
[    0.000000] printk: log buffer data + meta data: 65536 + 204800 = 270336 bytes
[    0.000000] Dentry cache hash table entries: 65536 (order: 6, 262144 bytes, linear)
[    0.000000] Inode-cache hash table entries: 32768 (order: 5, 131072 bytes, linear)
[    0.000000] Built 1 zonelists, mobility grouping on.  Total pages: 130560
[    0.000000] mem auto-init: stack:off, heap alloc:off, heap free:off
[    0.000000] SLUB: HWalign=16, Order=0-3, MinObjects=0, CPUs=1, Nodes=1
[    0.000000] rcu: Hierarchical RCU implementation.
[    0.000000] rcu: 	RCU event tracing is enabled.
[    0.000000] rcu: 	RCU restricting CPUs from NR_CPUS=2 to nr_cpu_ids=1.
[    0.000000] 	Tracing variant of Tasks RCU enabled.
[    0.000000] rcu: RCU calculated value of scheduler-enlistment delay is 10 jiffies.
[    0.000000] rcu: Adjusting geometry for rcu_fanout_leaf=16, nr_cpu_ids=1
[    0.000000] RCU Tasks Trace: Setting shift to 0 and lim to 1 rcu_task_cb_adjust=1 rcu_task_cpu_ids=1.
[    0.000000] NR_IRQS: 16, nr_irqs: 16, preallocated irqs: 16
[    0.000000] IRQ: Found an INTC at 0x(ptrval) (revision 5.0) with 128 interrupts
[    0.000000] rcu: srcu_init: Setting srcu_struct sizes based on contention.
[    0.000000] TI gptimer clocksource: always-on /ocp/interconnect@44c00000/segment@200000/target-module@31000
[    0.000002] sched_clock: 32 bits at 24MHz, resolution 41ns, wraps every 89478484971ns
[    0.000026] clocksource: dmtimer: mask: 0xffffffff max_cycles: 0xffffffff, max_idle_ns: 79635851949 ns
[    0.000513] TI gptimer clockevent: 24000000 Hz at /ocp/interconnect@48000000/segment@0/target-module@40000
[    0.002140] Console: colour dummy device 80x30
[    0.002206] WARNING: Your 'console=ttyO0' has been replaced by 'ttyS0'
[    0.002213] This ensures that you still see kernel messages. Please
[    0.002218] update your kernel commandline.
[    0.002262] Calibrating delay loop... 996.14 BogoMIPS (lpj=4980736)
[    0.090560] CPU: Testing write buffer coherency: ok
[    0.090673] CPU0: Spectre v2: using BPIALL workaround
[    0.090683] pid_max: default: 32768 minimum: 301
[    0.090839] LSM: initializing lsm=capability
[    0.091016] Mount-cache hash table entries: 1024 (order: 0, 4096 bytes, linear)
[    0.091035] Mountpoint-cache hash table entries: 1024 (order: 0, 4096 bytes, linear)
[    0.092626] CPU0: thread -1, cpu 0, socket -1, mpidr 0
[    0.092686] cacheinfo: Unable to detect cache hierarchy for CPU 0
[    0.094775] Setting up static identity map for 0x80100000 - 0x80100078
[    0.095123] rcu: Hierarchical SRCU implementation.
[    0.095134] rcu: 	Max phase no-delay instances is 1000.
[    0.096899] smp: Bringing up secondary CPUs ...
[    0.096950] smp: Brought up 1 node, 1 CPU
[    0.096962] SMP: Total of 1 processors activated (996.14 BogoMIPS).
[    0.096974] CPU: All CPU(s) started in SVC mode.
[    0.097159] Memory: 480824K/522240K available (11264K kernel code, 1218K rwdata, 2904K rodata, 1024K init, 286K bss, 23384K reserved, 16384K cma-reserved, 0K highmem)
[    0.097972] devtmpfs: initialized
[    0.115137] VFP support v0.3: implementor 41 architecture 3 part 30 variant c rev 3
[    0.115785] clocksource: jiffies: mask: 0xffffffff max_cycles: 0xffffffff, max_idle_ns: 19112604462750000 ns
[    0.115823] posixtimers hash table entries: 512 (order: 0, 4096 bytes, linear)
[    0.115842] futex hash table entries: 256 (order: 2, 16384 bytes, linear)
[    0.116996] pinctrl core: initialized pinctrl subsystem
[    0.119052] NET: Registered PF_NETLINK/PF_ROUTE protocol family
[    0.122164] DMA: preallocated 256 KiB pool for atomic coherent allocations
[    0.123118] audit: initializing netlink subsys (disabled)
[    0.124483] thermal_sys: Registered thermal governor 'fair_share'
[    0.124498] thermal_sys: Registered thermal governor 'step_wise'
[    0.124507] thermal_sys: Registered thermal governor 'user_space'
[    0.124622] audit: type=2000 audit(0.120:1): state=initialized audit_enabled=0 res=1
[    0.124698] cpuidle: using governor menu
[    0.142712] /ocp/interconnect@44c00000/segment@200000/target-module@b000/i2c@0/tda19988@70: Fixed dependency cycle(s) with /ocp/interconnect@48000000/segment@300000/target-module@e000/lcdc@0
[    0.143842] /ocp/interconnect@48000000/segment@300000/target-module@e000/lcdc@0: Fixed dependency cycle(s) with /ocp/interconnect@44c00000/segment@200000/target-module@b000/i2c@0/tda19988@70
[    0.146024] No ATAGs?
[    0.146069] hw-breakpoint: debug architecture 0x4 unsupported.
[    0.148763] kprobes: kprobe jump-optimization is enabled. All kprobes are optimized if possible.
[    0.154149] iommu: Default domain type: Translated
[    0.154172] iommu: DMA domain TLB invalidation policy: strict mode
[    0.155761] reg-fixed-voltage fixedregulator0: using DT '/fixedregulator0' for '(default)' GPIO lookup
[    0.155817] of_get_named_gpiod_flags: can't parse 'gpios' property of node '/fixedregulator0[0]'
[    0.155845] of_get_named_gpiod_flags: can't parse 'gpio' property of node '/fixedregulator0[0]'
[    0.155862] reg-fixed-voltage fixedregulator0: using lookup tables for GPIO lookup
[    0.155873] reg-fixed-voltage fixedregulator0: No GPIO consumer (default) found
[    0.161771] SCSI subsystem initialized
[    0.162265] libata version 3.00 loaded.
[    0.162634] pps_core: LinuxPPS API ver. 1 registered
[    0.162645] pps_core: Software ver. 5.3.6 - Copyright 2005-2007 Rodolfo Giometti <giometti@linux.it>
[    0.162670] PTP clock support registered
[    0.170915] vgaarb: loaded
[    0.171290] clocksource: Switched to clocksource dmtimer
[    0.171956] VFS: Disk quotas dquot_6.6.0
[    0.172012] VFS: Dquot-cache hash table entries: 1024 (order 0, 4096 bytes)
[    0.196206] NET: Registered PF_INET protocol family
[    0.196551] IP idents hash table entries: 8192 (order: 4, 65536 bytes, linear)
[    0.197976] tcp_listen_portaddr_hash hash table entries: 512 (order: 0, 4096 bytes, linear)
[    0.198014] Table-perturb hash table entries: 65536 (order: 6, 262144 bytes, linear)
[    0.198034] TCP established hash table entries: 4096 (order: 2, 16384 bytes, linear)
[    0.198080] TCP bind hash table entries: 4096 (order: 4, 65536 bytes, linear)
[    0.198180] TCP: Hash tables configured (established 4096 bind 4096)
[    0.198299] UDP hash table entries: 256 (order: 1, 14336 bytes, linear)
[    0.198333] UDP-Lite hash table entries: 256 (order: 1, 14336 bytes, linear)
[    0.198518] NET: Registered PF_UNIX/PF_LOCAL protocol family
[    0.199808] RPC: Registered named UNIX socket transport module.
[    0.199830] RPC: Registered udp transport module.
[    0.199835] RPC: Registered tcp transport module.
[    0.199840] RPC: Registered tcp-with-tls transport module.
[    0.199845] RPC: Registered tcp NFSv4.1 backchannel transport module.
[    0.199870] PCI: CLS 0 bytes, default 64
[    0.201428] Initialise system trusted keyrings
[    0.212103] workingset: timestamp_bits=14 max_order=17 bucket_order=3
[    0.213467] NFS: Registering the id_resolver key type
[    0.213551] Key type id_resolver registered
[    0.213558] Key type id_legacy registered
[    0.213666] jffs2: version 2.2. (NAND) (SUMMARY)  Â© 2001-2006 Red Hat, Inc.
[    0.214084] Key type asymmetric registered
[    0.214101] Asymmetric key parser 'x509' registered
[    0.214163] io scheduler mq-deadline registered
[    0.214173] io scheduler kyber registered
[    0.214244] io scheduler bfq registered
[    0.215805] ledtrig-cpu: registered to indicate activity on CPUs
[    0.222154] Serial: 8250/16550 driver, 6 ports, IRQ sharing enabled
[    0.275624] brd: module loaded
[    0.295270] loop: module loaded
[    0.296182] mtdoops: mtd device (mtddev=name/number) must be supplied
[    0.297870] mdio_bus fixed-0: using lookup tables for GPIO lookup
[    0.297895] mdio_bus fixed-0: No GPIO consumer reset found
[    0.299230] i2c_dev: i2c /dev entries driver
[    0.300204] cpuidle: enable-method property 'ti,am3352' found operations
[    0.300646] sdhci: Secure Digital Host Controller Interface driver
[    0.300656] sdhci: Copyright(c) Pierre Ossman
[    0.300823] sdhci-pltfm: SDHCI platform and OF driver helper
[    0.302040] Initializing XFRM netlink socket
[    0.302224] NET: Registered PF_INET6 protocol family
[    0.304196] Segment Routing with IPv6
[    0.304280] In-situ OAM (IOAM) with IPv6
[    0.304377] sit: IPv6, IPv4 and MPLS over IPv4 tunneling driver
[    0.305328] NET: Registered PF_PACKET protocol family
[    0.305359] NET: Registered PF_KEY protocol family
[    0.305472] Key type dns_resolver registered
[    0.305696] ThumbEE CPU extension supported.
[    0.305715] Registering SWP/SWPB emulation handler
[    0.306250] omap_voltage_late_init: Voltage driver support not added
[    0.306592] SmartReflex Class3 initialized
[    0.337132] Loading compiled-in X.509 certificates
[    0.383579] /ocp/interconnect@44c00000/segment@200000/target-module@b000/i2c@0/tda19988@70: Fixed dependency cycle(s) with /ocp/interconnect@48000000/segment@300000/target-module@e000/lcdc@0
[    0.389938] /ocp/interconnect@44c00000/segment@200000/target-module@b000/i2c@0/tda19988@70: Fixed dependency cycle(s) with /ocp/interconnect@48000000/segment@300000/target-module@e000/lcdc@0
[    0.395647] gpiochip_find_base_unlocked: found new base at 512
[    0.417325] /ocp/interconnect@44c00000/segment@200000/target-module@b000/i2c@0/tda19988@70: Fixed dependency cycle(s) with /ocp/interconnect@48000000/segment@300000/target-module@e000/lcdc@0
[    0.418236] /ocp/interconnect@44c00000/segment@200000/target-module@b000/i2c@0/tda19988@70: Fixed dependency cycle(s) with /ocp/interconnect@48000000/segment@300000/target-module@e000/lcdc@0
[    0.421905] /ocp/interconnect@44c00000/segment@200000/target-module@10000/scm@0/pinmux@800: Fixed dependency cycle(s) with /ocp/interconnect@44c00000/segment@200000/target-module@10000/scm@0/pinmux@800/clkout2-pins
[    0.422546] pinctrl-single 44e10800.pinmux: 142 pins, size 568
[    0.427870] ti-sysc 44e31000.target-module: probe with driver ti-sysc failed with error -16
[    0.456952] /ocp/interconnect@48000000/segment@300000/target-module@e000/lcdc@0: Fixed dependency cycle(s) with /ocp/interconnect@44c00000/segment@200000/target-module@b000/i2c@0/tda19988@70
[    0.465254] ti-sysc 48040000.target-module: probe with driver ti-sysc failed with error -16
[    0.476684] gpiochip_find_base_unlocked: found new base at 512
[    0.476788] gpio gpiochip0: (gpio-0-31): created GPIO range 0->7 ==> 44e10800.pinmux PIN 0->7
[    0.476809] gpio gpiochip0: (gpio-0-31): created GPIO range 8->11 ==> 44e10800.pinmux PIN 90->93
[    0.476824] gpio gpiochip0: (gpio-0-31): created GPIO range 12->27 ==> 44e10800.pinmux PIN 12->27
[    0.476839] gpio gpiochip0: (gpio-0-31): created GPIO range 28->31 ==> 44e10800.pinmux PIN 30->33
[    0.501064] gpio gpiochip0: (gpio-0-31): added GPIO chardev (254:0)
[    0.501221] gpio gpiochip0: registered GPIOs 512 to 543 on gpio-0-31
[    0.501398] OMAP GPIO hardware version 0.1
[    0.526922] i2c i2c-2: using DT '/ocp/interconnect@48000000/segment@100000/target-module@9c000/i2c@0' for 'scl' GPIO lookup
[    0.526996] of_get_named_gpiod_flags: can't parse 'scl-gpios' property of node '/ocp/interconnect@48000000/segment@100000/target-module@9c000/i2c@0[0]'
[    0.527039] of_get_named_gpiod_flags: can't parse 'scl-gpio' property of node '/ocp/interconnect@48000000/segment@100000/target-module@9c000/i2c@0[0]'
[    0.527075] i2c i2c-2: using lookup tables for GPIO lookup
[    0.527085] i2c i2c-2: No GPIO consumer scl found
[    0.527107] i2c i2c-2: using DT '/ocp/interconnect@48000000/segment@100000/target-module@9c000/i2c@0' for 'sda' GPIO lookup
[    0.527142] of_get_named_gpiod_flags: can't parse 'sda-gpios' property of node '/ocp/interconnect@48000000/segment@100000/target-module@9c000/i2c@0[0]'
[    0.527178] of_get_named_gpiod_flags: can't parse 'sda-gpio' property of node '/ocp/interconnect@48000000/segment@100000/target-module@9c000/i2c@0[0]'
[    0.527209] i2c i2c-2: using lookup tables for GPIO lookup
[    0.527217] i2c i2c-2: No GPIO consumer sda found
[    0.527931] omap_i2c 4819c000.i2c: bus 2 rev0.11 at 100 kHz
[    0.533872] gpiochip_find_base_unlocked: found new base at 544
[    0.533978] gpio gpiochip1: (gpio-32-63): created GPIO range 0->17 ==> 44e10800.pinmux PIN 34->51
[    0.533997] gpio gpiochip1: (gpio-32-63): created GPIO range 18->21 ==> 44e10800.pinmux PIN 77->80
[    0.534013] gpio gpiochip1: (gpio-32-63): created GPIO range 22->31 ==> 44e10800.pinmux PIN 56->65
[    0.543552] gpio gpiochip1: (gpio-32-63): added GPIO chardev (254:1)
[    0.543707] gpio gpiochip1: registered GPIOs 544 to 575 on gpio-32-63
[    0.545974] gpiochip_find_base_unlocked: found new base at 576
[    0.546069] gpio gpiochip2: (gpio-64-95): created GPIO range 0->4 ==> 44e10800.pinmux PIN 66->70
[    0.546088] gpio gpiochip2: (gpio-64-95): created GPIO range 5->6 ==> 44e10800.pinmux PIN 98->99
[    0.546103] gpio gpiochip2: (gpio-64-95): created GPIO range 7->8 ==> 44e10800.pinmux PIN 75->76
[    0.546118] gpio gpiochip2: (gpio-64-95): created GPIO range 13->13 ==> 44e10800.pinmux PIN 141->141
[    0.546134] gpio gpiochip2: (gpio-64-95): created GPIO range 14->21 ==> 44e10800.pinmux PIN 100->107
[    0.559081] gpio gpiochip2: (gpio-64-95): added GPIO chardev (254:2)
[    0.559236] gpio gpiochip2: registered GPIOs 576 to 607 on gpio-64-95
[    0.565117] 48000000.interconnect:segment@200000:target-module@0:mpu@0:fck: device ID is greater than 24
[    0.566023] /ocp/interconnect@48000000/segment@300000/target-module@e000/lcdc@0: Fixed dependency cycle(s) with /ocp/interconnect@44c00000/segment@200000/target-module@b000/i2c@0/tda19988@70
[    0.568805] /ocp/interconnect@48000000/segment@300000/target-module@e000/lcdc@0: Fixed dependency cycle(s) with /ocp/interconnect@44c00000/segment@200000/target-module@b000/i2c@0/tda19988@70
[    0.569507] /ocp/interconnect@44c00000/segment@200000/target-module@b000/i2c@0/tda19988@70: Fixed dependency cycle(s) with /ocp/interconnect@48000000/segment@300000/target-module@e000/lcdc@0
[    0.569670] /ocp/interconnect@48000000/segment@300000/target-module@e000/lcdc@0: Fixed dependency cycle(s) with /ocp/interconnect@44c00000/segment@200000/target-module@b000/i2c@0/tda19988@70
[    0.579333] mdio_bus 4a101000.mdio: using DT '/ocp/interconnect@4a000000/segment@0/target-module@100000/switch@0/mdio@1000' for 'reset' GPIO lookup
[    0.579406] of_get_named_gpiod_flags: can't parse 'reset-gpios' property of node '/ocp/interconnect@4a000000/segment@0/target-module@100000/switch@0/mdio@1000[0]'
[    0.579451] of_get_named_gpiod_flags: can't parse 'reset-gpio' property of node '/ocp/interconnect@4a000000/segment@0/target-module@100000/switch@0/mdio@1000[0]'
[    0.579497] mdio_bus 4a101000.mdio: using lookup tables for GPIO lookup
[    0.579505] mdio_bus 4a101000.mdio: No GPIO consumer reset found
[    0.580376] sdhci-omap 481d8000.mmc: using DT '/ocp/interconnect@48000000/segment@100000/target-module@d8000/mmc@0' for 'wp' GPIO lookup
[    0.580441] of_get_named_gpiod_flags: can't parse 'wp-gpios' property of node '/ocp/interconnect@48000000/segment@100000/target-module@d8000/mmc@0[0]'
[    0.580486] of_get_named_gpiod_flags: can't parse 'wp-gpio' property of node '/ocp/interconnect@48000000/segment@100000/target-module@d8000/mmc@0[0]'
[    0.580519] sdhci-omap 481d8000.mmc: using lookup tables for GPIO lookup
[    0.580527] sdhci-omap 481d8000.mmc: No GPIO consumer wp found
[    0.580719] sdhci-omap 481d8000.mmc: supply pbias not found, using dummy regulator
[    0.581204] sdhci-omap 481d8000.mmc: supply vqmmc not found, using dummy regulator
[    0.638166] davinci_mdio 4a101000.mdio: davinci mdio revision 1.6, bus freq 1000000
[    0.652980] mdio_bus 4a101000.mdio:00: using DT '/ocp/interconnect@4a000000/segment@0/target-module@100000/switch@0/mdio@1000/ethernet-phy@0' for 'reset' GPIO lookup
[    0.653082] of_get_named_gpiod_flags: parsed 'reset-gpios' property of node '/ocp/interconnect@4a000000/segment@0/target-module@100000/switch@0/mdio@1000/ethernet-phy@0[0]' - status (0)
[    0.653243] gpio gpiochip0: Persistence not supported for GPIO 8
[    0.779824] davinci_mdio 4a101000.mdio: phy[0]: device 4a101000.mdio:00, driver SMSC LAN8710/LAN8720
[    0.780586] cpsw-switch 4a100000.switch: initialized cpsw ale version 1.4
[    0.780608] cpsw-switch 4a100000.switch: ALE Table size 1024, Policers 0
[    0.780761] cpsw-switch 4a100000.switch: cpts: overflow check period 500 (jiffies)
[    0.780776] cpsw-switch 4a100000.switch: CPTS: ref_clk_freq:250000000 calc_mult:2147483648 calc_shift:29 error:0 nsec/sec
[    0.780895] cpsw-switch 4a100000.switch: Detected MACID = 6c:ec:eb:68:de:78
[    0.782908] cpsw-switch 4a100000.switch: initialized (regs 0x4a100000, pool size 256) hw_ver:0019010C 1.12 (0)
[    0.793807] debugfs: Directory '49000000.dma' with parent 'dmaengine' already present!
[    0.793850] edma 49000000.dma: TI EDMA DMA engine driver
[    0.836160] target-module@4b000000:target-module@140000:pmu@0:fck: device ID is greater than 24
[    0.855457] hw perfevents: enabled with armv7_cortex_a8 PMU driver, 5 (8000000f) counters available
[    0.856332] gpio-clk clk_mcasp0: using DT '/clk_mcasp0' for 'enable' GPIO lookup
[    0.856406] of_get_named_gpiod_flags: parsed 'enable-gpios' property of node '/clk_mcasp0[0]' - status (0)
[    0.856451] gpio gpiochip0: Persistence not supported for GPIO 27
[    0.857267] gpiochip_find_base_unlocked: found new base at 608
[    0.857378] gpio gpiochip3: (gpio-96-127): created GPIO range 0->7 ==> 44e10800.pinmux PIN 82->89
[    0.857400] gpio gpiochip3: (gpio-96-127): created GPIO range 8->11 ==> 44e10800.pinmux PIN 52->55
[    0.857417] gpio gpiochip3: (gpio-96-127): created GPIO range 12->15 ==> 44e10800.pinmux PIN 94->97
[    0.857432] gpio gpiochip3: (gpio-96-127): created GPIO range 16->17 ==> 44e10800.pinmux PIN 71->72
[    0.857447] gpio gpiochip3: (gpio-96-127): created GPIO range 18->18 ==> 44e10800.pinmux PIN 135->135
[    0.857463] gpio gpiochip3: (gpio-96-127): created GPIO range 19->20 ==> 44e10800.pinmux PIN 108->109
[    0.857480] gpio gpiochip3: (gpio-96-127): created GPIO range 21->21 ==> 44e10800.pinmux PIN 73->73
[    0.857497] gpio gpiochip3: (gpio-96-127): created GPIO range 22->23 ==> 44e10800.pinmux PIN 8->9
[    0.857523] gpio gpiochip3: (gpio-96-127): created GPIO range 26->27 ==> 44e10800.pinmux PIN 10->11
[    0.857541] gpio gpiochip3: (gpio-96-127): created GPIO range 28->28 ==> 44e10800.pinmux PIN 74->74
[    0.857559] gpio gpiochip3: (gpio-96-127): created GPIO range 29->29 ==> 44e10800.pinmux PIN 81->81
[    0.857577] gpio gpiochip3: (gpio-96-127): created GPIO range 30->31 ==> 44e10800.pinmux PIN 28->29
[    0.863179] l3-aon-clkctrl:0000:0: failed to disable
[    0.863597] gpio gpiochip3: (gpio-96-127): added GPIO chardev (254:3)
[    0.863743] gpio gpiochip3: registered GPIOs 608 to 639 on gpio-96-127
[    0.872342] omap8250 44e09000.serial: using DT '/ocp/interconnect@44c00000/segment@200000/target-module@9000/serial@0' for 'rs485-term' GPIO lookup
[    0.872416] of_get_named_gpiod_flags: can't parse 'rs485-term-gpios' property of node '/ocp/interconnect@44c00000/segment@200000/target-module@9000/serial@0[0]'
[    0.872462] of_get_named_gpiod_flags: can't parse 'rs485-term-gpio' property of node '/ocp/interconnect@44c00000/segment@200000/target-module@9000/serial@0[0]'
[    0.872497] omap8250 44e09000.serial: using lookup tables for GPIO lookup
[    0.872508] omap8250 44e09000.serial: No GPIO consumer rs485-term found
[    0.872518] omap8250 44e09000.serial: using DT '/ocp/interconnect@44c00000/segment@200000/target-module@9000/serial@0' for 'rs485-rx-during-tx' GPIO lookup
[    0.872552] of_get_named_gpiod_flags: can't parse 'rs485-rx-during-tx-gpios' property of node '/ocp/interconnect@44c00000/segment@200000/target-module@9000/serial@0[0]'
[    0.872589] of_get_named_gpiod_flags: can't parse 'rs485-rx-during-tx-gpio' property of node '/ocp/interconnect@44c00000/segment@200000/target-module@9000/serial@0[0]'
[    0.872620] omap8250 44e09000.serial: using lookup tables for GPIO lookup
[    0.872628] omap8250 44e09000.serial: No GPIO consumer rs485-rx-during-tx found
[    0.873005] 44e09000.serial: ttyS0 at MMIO 0x44e09000 (irq = 34, base_baud = 3000000) is a 8250
[    0.873094] printk: legacy console [ttyS0] enabled
[    2.369808] i2c i2c-0: using DT '/ocp/interconnect@44c00000/segment@200000/target-module@b000/i2c@0' for 'scl' GPIO lookup
[    2.369896] of_get_named_gpiod_flags: can't parse 'scl-gpios' property of node '/ocp/interconnect@44c00000/segment@200000/target-module@b000/i2c@0[0]'
[    2.369942] of_get_named_gpiod_flags: can't parse 'scl-gpio' property of node '/ocp/interconnect@44c00000/segment@200000/target-module@b000/i2c@0[0]'
[    2.369983] i2c i2c-0: using lookup tables for GPIO lookup
[    2.369997] i2c i2c-0: No GPIO consumer scl found
[    2.370023] i2c i2c-0: using DT '/ocp/interconnect@44c00000/segment@200000/target-module@b000/i2c@0' for 'sda' GPIO lookup
[    2.370062] of_get_named_gpiod_flags: can't parse 'sda-gpios' property of node '/ocp/interconnect@44c00000/segment@200000/target-module@b000/i2c@0[0]'
[    2.370103] of_get_named_gpiod_flags: can't parse 'sda-gpio' property of node '/ocp/interconnect@44c00000/segment@200000/target-module@b000/i2c@0[0]'
[    2.370138] i2c i2c-0: using lookup tables for GPIO lookup
[    2.370149] i2c i2c-0: No GPIO consumer sda found
[    2.382300] tps65217-pmic: Failed to locate of_node [id: -1]
[    2.388360] tps65217-bl: Failed to locate of_node [id: -1]
[    2.395846] platform tps65217-charger: DMA mask not set
[    2.403188] platform tps65217-pwrbutton: DMA mask not set
[    2.411039] tps65217 0-0024: TPS65217 ID 0xe version 1.2
[    2.417148] /ocp/interconnect@48000000/segment@300000/target-module@e000/lcdc@0: Fixed dependency cycle(s) with /ocp/interconnect@44c00000/segment@200000/target-module@b000/i2c@0/tda19988@70
[    2.434525] /ocp/interconnect@44c00000/segment@200000/target-module@b000/i2c@0/tda19988@70: Fixed dependency cycle(s) with /ocp/interconnect@48000000/segment@300000/target-module@e000/lcdc@0
[    2.451889] omap_i2c 44e0b000.i2c: bus 0 rev0.11 at 400 kHz
[    2.459634] sdhci-omap 48060000.mmc: using DT '/ocp/interconnect@48000000/segment@0/target-module@60000/mmc@0' for 'cd' GPIO lookup
[    2.459739] of_get_named_gpiod_flags: parsed 'cd-gpios' property of node '/ocp/interconnect@48000000/segment@0/target-module@60000/mmc@0[0]' - status (0)
[    2.459806] gpio gpiochip3: Persistence not supported for GPIO 6
[    2.459832] omap_gpio 44e07000.gpio: Could not set line 6 debounce to 200000 microseconds (-22)
[    2.468698] sdhci-omap 48060000.mmc: Got CD GPIO
[    2.473374] sdhci-omap 48060000.mmc: using DT '/ocp/interconnect@48000000/segment@0/target-module@60000/mmc@0' for 'wp' GPIO lookup
[    2.473419] of_get_named_gpiod_flags: can't parse 'wp-gpios' property of node '/ocp/interconnect@48000000/segment@0/target-module@60000/mmc@0[0]'
[    2.473464] of_get_named_gpiod_flags: can't parse 'wp-gpio' property of node '/ocp/interconnect@48000000/segment@0/target-module@60000/mmc@0[0]'
[    2.473501] sdhci-omap 48060000.mmc: using lookup tables for GPIO lookup
[    2.473515] sdhci-omap 48060000.mmc: No GPIO consumer wp found
[    2.473726] sdhci-omap 48060000.mmc: supply pbias not found, using dummy regulator
[    2.482526] sdhci-omap 481d8000.mmc: using DT '/ocp/interconnect@48000000/segment@100000/target-module@d8000/mmc@0' for 'wp' GPIO lookup
[    2.482612] of_get_named_gpiod_flags: can't parse 'wp-gpios' property of node '/ocp/interconnect@48000000/segment@100000/target-module@d8000/mmc@0[0]'
[    2.482662] of_get_named_gpiod_flags: can't parse 'wp-gpio' property of node '/ocp/interconnect@48000000/segment@100000/target-module@d8000/mmc@0[0]'
[    2.482699] sdhci-omap 481d8000.mmc: using lookup tables for GPIO lookup
[    2.482712] sdhci-omap 481d8000.mmc: No GPIO consumer wp found
[    2.484401] sdhci-omap 48060000.mmc: supply vqmmc not found, using dummy regulator
[    2.492867] sdhci-omap 481d8000.mmc: supply pbias not found, using dummy regulator
[    2.500825] sdhci-omap 481d8000.mmc: supply vqmmc not found, using dummy regulator
[    2.538095] mmc1: SDHCI controller on 481d8000.mmc [481d8000.mmc] using External DMA
[    2.546589] mmc0: SDHCI controller on 48060000.mmc [48060000.mmc] using External DMA
[    2.555411] cpsw-switch 4a100000.switch: starting ndev. mode: dual_mac
[    2.600459] mmc0: new high speed SDHC card at address 5048
[    2.607547] mmcblk0: mmc0:5048 SD16G 14.4 GiB
[    2.615561]  mmcblk0: p1 p2
[    2.618955] mmcblk0: p2 size 31221760 extends beyond EOD, truncated
[    2.632577] SMSC LAN8710/LAN8720 4a101000.mdio:00: attached PHY driver (mii_bus:phy_addr=4a101000.mdio:00, irq=POLL)
[    2.644796] mmc1: new high speed MMC card at address 0001
[    2.651728] mmcblk1: mmc1:0001 MMC04G 3.60 GiB
[    2.663676]  mmcblk1: p1 p2
[    2.667925] mmcblk1boot0: mmc1:0001 MMC04G 2.00 MiB
[    2.675139] mmcblk1boot1: mmc1:0001 MMC04G 2.00 MiB
[    2.682492] mmcblk1rpmb: mmc1:0001 MMC04G 128 KiB, chardev (250:0)
[    5.842074] cpsw-switch 4a100000.switch eth0: Link is Up - 100Mbps/Full - flow control off
[    5.881548] IP-Config: Complete:
[    5.884826]      device=eth0, hwaddr=6c:ec:eb:68:de:78, ipaddr=192.168.255.1, mask=255.255.255.0, gw=255.255.255.255
[    5.895503]      host=bbb1, domain=, nis-domain=(none)
[    5.900672]      bootserver=192.168.255.126, rootserver=192.168.255.126, rootpath=
[    5.901106] clk: Disabling unused clocks
[    5.912950] PM: genpd: Disabling unused power domains
[    5.918063] KTAP version 1
[    5.920783] 1..0
[    5.946243] VFS: Mounted root (nfs filesystem) on device 0:17.
[    5.953403] devtmpfs: mounted
[    5.957902] Freeing unused kernel image (initmem) memory: 1024K
[    5.964876] Run /sbin/init as init process
[    5.969013]   with arguments:
[    5.969025]     /sbin/init
[    5.969035]     nfsrootdebug
[    5.969045]   with environment:
[    5.969053]     HOME=/
[    5.969062]     TERM=linux
[    6.663299] systemd[1]: System time before build time, advancing clock.
[    8.151314] random: crng init done
[    8.192897] systemd[1]: systemd 232 running in system mode. (+PAM +AUDIT +SELINUX +IMA +APPARMOR +SMACK +SYSVINIT +UTMP +LIBCRYPTSETUP +GCRYPT +GNUTLS +ACL +XZ +LZ4 +SECCOMP +BLKID +ELFUTILS +KMOD +IDN)
[    8.212017] systemd[1]: Detected architecture arm.
[    8.244346] systemd[1]: Set hostname to <arm>.
[    9.352358] systemd[1]: Created slice System Slice.
[    9.372261] systemd[1]: Started Dispatch Password Requests to Console Directory Watch.
[    9.402741] systemd[1]: Created slice system-getty.slice.
[    9.431997] systemd[1]: Listening on udev Kernel Socket.
[    9.462692] systemd[1]: Created slice system-serial\x2dgetty.slice.
[    9.492160] systemd[1]: Started Forward Password Requests to Wall Directory Watch.
[    9.521648] systemd[1]: Reached target Encrypted Volumes.
[   11.694133] systemd-journald[88]: Received request to flush runtime journal from PID 1
[   14.275042] leds-gpio leds: using DT '/leds/led2' for '(default)' GPIO lookup
[   14.275151] of_get_named_gpiod_flags: parsed 'gpios' property of node '/leds/led2[0]' - status (0)
[   14.275211] gpio gpiochip0: Persistence not supported for GPIO 21
[   14.275226] gpio-533 (?): no flags found for GPIO (default)
[   14.373513] leds-gpio leds: using DT '/leds/led3' for '(default)' GPIO lookup
[   14.373623] of_get_named_gpiod_flags: parsed 'gpios' property of node '/leds/led3[0]' - status (0)
[   14.373681] gpio gpiochip0: Persistence not supported for GPIO 22
[   14.373696] gpio-534 (?): no flags found for GPIO (default)
[   14.403333] leds-gpio leds: using DT '/leds/led4' for '(default)' GPIO lookup
[   14.403433] of_get_named_gpiod_flags: parsed 'gpios' property of node '/leds/led4[0]' - status (0)
[   14.403485] gpio gpiochip0: Persistence not supported for GPIO 23
[   14.403500] gpio-535 (?): no flags found for GPIO (default)
[   14.445473] leds-gpio leds: using DT '/leds/led5' for '(default)' GPIO lookup
[   14.445739] of_get_named_gpiod_flags: parsed 'gpios' property of node '/leds/led5[0]' - status (0)
[   14.445801] gpio gpiochip0: Persistence not supported for GPIO 24
[   14.445817] gpio-536 (?): no flags found for GPIO (default)
[   14.764032] remoteproc remoteproc0: wkup_m3 is available
[   14.934171] at24 2-0054: supply vcc not found, using dummy regulator
[   14.945588] omap_rtc 44e3e000.rtc: registered as rtc0
[   14.950768] omap_rtc 44e3e000.rtc: setting system clock to 2000-01-01T00:00:00 UTC (946684800)
[   14.959657] omap_rtc 44e3e000.rtc: using DT '/ocp/interconnect@44c00000/segment@200000/target-module@3e000/rtc@0' for 'wp' GPIO lookup
[   14.959733] of_get_named_gpiod_flags: can't parse 'wp-gpios' property of node '/ocp/interconnect@44c00000/segment@200000/target-module@3e000/rtc@0[0]'
[   14.959783] of_get_named_gpiod_flags: can't parse 'wp-gpio' property of node '/ocp/interconnect@44c00000/segment@200000/target-module@3e000/rtc@0[0]'
[   14.959822] omap_rtc 44e3e000.rtc: using lookup tables for GPIO lookup
[   14.959838] omap_rtc 44e3e000.rtc: No GPIO consumer wp found
[   15.097921] at24 2-0055: supply vcc not found, using dummy regulator
[   15.131819] omap_wdt: OMAP Watchdog Timer Rev 0x01: initial timeout 60 sec
[   15.244460] at24 2-0056: supply vcc not found, using dummy regulator
[   15.282616] input: tps65217_pwrbutton as /devices/platform/ocp/44c00000.interconnect/44c00000.interconnect:segment@200000/44e0b000.target-module/44e0b000.i2c/i2c-0/0-0024/tps65217-pwrbutton/input/input0
[   15.391566] at24 2-0057: supply vcc not found, using dummy regulator
[   15.512141] at24 0-0050: using DT '/ocp/interconnect@44c00000/segment@200000/target-module@b000/i2c@0/eeprom@50' for 'wp' GPIO lookup
[   15.512344] of_get_named_gpiod_flags: can't parse 'wp-gpios' property of node '/ocp/interconnect@44c00000/segment@200000/target-module@b000/i2c@0/eeprom@50[0]'
[   15.512452] of_get_named_gpiod_flags: can't parse 'wp-gpio' property of node '/ocp/interconnect@44c00000/segment@200000/target-module@b000/i2c@0/eeprom@50[0]'
[   15.512502] at24 0-0050: using lookup tables for GPIO lookup
[   15.512578] at24 0-0050: No GPIO consumer wp found
[   15.513169] at24 0-0050: 32768 byte 24c256 EEPROM, writable, 1 bytes/write
[   15.751236] wkup_m3_ipc 44e11324.wkup_m3_ipc: IPC Request for A8->M3 Channel failed! -517
[   16.033575] wkup_m3_ipc 44e11324.wkup_m3_ipc: IPC Request for A8->M3 Channel failed! -517
[   16.290909] am335x-phy-driver 47401300.usb-phy: using DT '/ocp/target-module@47400000/usb-phy@1300' for 'reset' GPIO lookup
[   16.291006] of_get_named_gpiod_flags: can't parse 'reset-gpios' property of node '/ocp/target-module@47400000/usb-phy@1300[0]'
[   16.291051] of_get_named_gpiod_flags: can't parse 'reset-gpio' property of node '/ocp/target-module@47400000/usb-phy@1300[0]'
[   16.291088] am335x-phy-driver 47401300.usb-phy: using lookup tables for GPIO lookup
[   16.291103] am335x-phy-driver 47401300.usb-phy: No GPIO consumer reset found
[   16.291118] am335x-phy-driver 47401300.usb-phy: using DT '/ocp/target-module@47400000/usb-phy@1300' for 'vbus-detect' GPIO lookup
[   16.291148] of_get_named_gpiod_flags: can't parse 'vbus-detect-gpios' property of node '/ocp/target-module@47400000/usb-phy@1300[0]'
[   16.291181] of_get_named_gpiod_flags: can't parse 'vbus-detect-gpio' property of node '/ocp/target-module@47400000/usb-phy@1300[0]'
[   16.291207] am335x-phy-driver 47401300.usb-phy: using lookup tables for GPIO lookup
[   16.291219] am335x-phy-driver 47401300.usb-phy: No GPIO consumer vbus-detect found
[   16.291642] am335x-phy-driver 47401300.usb-phy: dummy supplies not allowed for exclusive requests (id=vbus)
[   16.543862] am335x-phy-driver 47401b00.usb-phy: using DT '/ocp/target-module@47400000/usb-phy@1b00' for 'reset' GPIO lookup
[   16.544044] of_get_named_gpiod_flags: can't parse 'reset-gpios' property of node '/ocp/target-module@47400000/usb-phy@1b00[0]'
[   16.544093] of_get_named_gpiod_flags: can't parse 'reset-gpio' property of node '/ocp/target-module@47400000/usb-phy@1b00[0]'
[   16.544171] am335x-phy-driver 47401b00.usb-phy: using lookup tables for GPIO lookup
[   16.544189] am335x-phy-driver 47401b00.usb-phy: No GPIO consumer reset found
[   16.544204] am335x-phy-driver 47401b00.usb-phy: using DT '/ocp/target-module@47400000/usb-phy@1b00' for 'vbus-detect' GPIO lookup
[   16.544274] of_get_named_gpiod_flags: can't parse 'vbus-detect-gpios' property of node '/ocp/target-module@47400000/usb-phy@1b00[0]'
[   16.544312] of_get_named_gpiod_flags: can't parse 'vbus-detect-gpio' property of node '/ocp/target-module@47400000/usb-phy@1b00[0]'
[   16.544339] am335x-phy-driver 47401b00.usb-phy: using lookup tables for GPIO lookup
[   16.544388] am335x-phy-driver 47401b00.usb-phy: No GPIO consumer vbus-detect found
[   16.544584] am335x-phy-driver 47401b00.usb-phy: dummy supplies not allowed for exclusive requests (id=vbus)
[   16.557711] wkup_m3_ipc 44e11324.wkup_m3_ipc: IPC Request for A8->M3 Channel failed! -517
[   16.633176] usbcore: registered new interface driver usbfs
[   16.639417] usbcore: registered new interface driver hub
[   16.645086] usbcore: registered new device driver usb
[   16.818187] wkup_m3_ipc 44e11324.wkup_m3_ipc: IPC Request for A8->M3 Channel failed! -517
[   17.205961] tda998x 0-0070: found TDA19988
[   17.315971] wkup_m3_ipc 44e11324.wkup_m3_ipc: IPC Request for A8->M3 Channel failed! -517
[   17.466524] wkup_m3_ipc 44e11324.wkup_m3_ipc: IPC Request for A8->M3 Channel failed! -517
[   17.508490] musb-hdrc musb-hdrc.1: MUSB HDRC host driver
[   17.514283] musb-hdrc musb-hdrc.1: new USB bus registered, assigned bus number 1
[   17.592736] wkup_m3_ipc 44e11324.wkup_m3_ipc: IPC Request for A8->M3 Channel failed! -517
[   17.702093] usb usb1: New USB device found, idVendor=1d6b, idProduct=0002, bcdDevice= 6.15
[   17.710453] usb usb1: New USB device strings: Mfr=3, Product=2, SerialNumber=1
[   17.717844] usb usb1: Product: MUSB HDRC host driver
[   17.722873] usb usb1: Manufacturer: Linux 6.15.3-87443-g3394ade23d7e musb-hcd
[   17.730048] usb usb1: SerialNumber: musb-hdrc.1
[   17.832970] omap-mailbox 480c8000.mailbox: omap mailbox rev 0x400
[   17.927831] remoteproc remoteproc0: powering up wkup_m3
[   18.171995] remoteproc remoteproc0: Direct firmware load for am335x-pm-firmware.elf failed with error -2
[   18.182816] remoteproc remoteproc0: request_firmware failed: -2
[   18.188791] wkup_m3_ipc 44e11324.wkup_m3_ipc: rproc_boot failed
[   18.219315] hub 1-0:1.0: USB hub found
[   18.251742] hub 1-0:1.0: 1 port detected
[   20.199664] omap_rng 48310000.rng: Random Number Generator ver. 20
[   20.210914] tilcdc 4830e000.lcdc: bound 0-0070 (ops tda998x_audio_codec_init [tda998x])
[   20.282959] [drm] Initialized tilcdc 1.0.0 for 4830e000.lcdc on minor 0
[   20.299997] tilcdc 4830e000.lcdc: [drm] Cannot find any crtc or sizes
[   20.308367] tilcdc 4830e000.lcdc: [drm] Cannot find any crtc or sizes
[   20.956747] omap-sham 53100000.sham: hw accel on OMAP rev 4.3
[   21.097152] omap-sham 53100000.sham: will run requests pump with realtime priority
[   21.162779] PM: Cannot get wkup_m3_ipc handle
[   21.531585] omap-aes 53500000.aes: OMAP AES hw accel rev: 3.2
[   21.681244] omap-aes 53500000.aes: will run requests pump with realtime priority
[   21.692222] PM: Cannot get wkup_m3_ipc handle
[   22.841873] Bluetooth: Core ver 2.22
[   22.845699] NET: Registered PF_BLUETOOTH protocol family
[   22.851046] Bluetooth: HCI device and connection manager initialized
[   22.857611] Bluetooth: HCI socket layer initialized
[   22.862588] Bluetooth: L2CAP socket layer initialized
[   22.867701] Bluetooth: SCO socket layer initialized
[   24.878460] tda998x 0-0070: using DT '/ocp/interconnect@44c00000/segment@200000/target-module@b000/i2c@0/tda19988@70' for 'nxp,calib' GPIO lookup
[   24.878602] of_get_named_gpiod_flags: parsed 'nxp,calib-gpios' property of node '/ocp/interconnect@44c00000/segment@200000/target-module@b000/i2c@0/tda19988@70[0]' - status (0)
[   24.878685] gpio gpiochip0: Persistence not supported for GPIO 25
[   24.878700] gpio-537 (nxp,calib): no flags found for GPIO nxp,calib
[   24.883466] gpio-537 (nxp,calib): gpiod_direction_output_nonotify: tried to set a GPIO tied to an IRQ as output
[   25.003743] asoc-simple-card sound: using DT '/sound' for 'simple-audio-card,hp-det' GPIO lookup
[   25.003834] of_get_named_gpiod_flags: can't parse 'simple-audio-card,hp-det-gpios' property of node '/sound[0]'
[   25.003872] of_get_named_gpiod_flags: can't parse 'simple-audio-card,hp-det-gpio' property of node '/sound[0]'
[   25.003895] asoc-simple-card sound: using lookup tables for GPIO lookup
[   25.003910] asoc-simple-card sound: No GPIO consumer simple-audio-card,hp-det found
[   25.003926] asoc-simple-card sound: using DT '/sound' for 'simple-audio-card,mic-det' GPIO lookup
[   25.003951] of_get_named_gpiod_flags: can't parse 'simple-audio-card,mic-det-gpios' property of node '/sound[0]'
[   25.003978] of_get_named_gpiod_flags: can't parse 'simple-audio-card,mic-det-gpio' property of node '/sound[0]'
[   25.003997] asoc-simple-card sound: using lookup tables for GPIO lookup
[   25.004009] asoc-simple-card sound: No GPIO consumer simple-audio-card,mic-det found
[   25.089291] PM: Cannot get wkup_m3_ipc handle
[   25.210743] tda9950 0-0034: TDA9950 CEC interface, hardware version 3.3
[   25.337301] PM: Cannot get wkup_m3_ipc handle
[   28.614270] userial_init: registered 8 ttyGS* devices
[   28.805203] rndis_register: configNr = 0
[   28.865443] udc musb-hdrc.0: binding gadget driver [g_multi]
[   28.865540] configfs-gadget.g_multi gadget.0: adding 'rndis'/6b9f4f90 to config 'c'/865e9cc6
[   28.866668] configfs-gadget.g_multi gadget.0: HOST MAC 1c:ba:8c:a2:ed:6c
[   28.873651] configfs-gadget.g_multi gadget.0: MAC 1c:ba:8c:a2:ed:70
[   28.880010] rndis_set_param_medium: 0 0
[   28.880031] configfs-gadget.g_multi gadget.0: RNDIS: IN/ep1in OUT/ep1out NOTIFY/ep2in
[   28.880048] configfs-gadget.g_multi gadget.0: adding 'cdc_ethernet'/ef66d0f6 to config 'c'/865e9cc6
[   28.880975] configfs-gadget.g_multi gadget.0: HOST MAC 1c:ba:8c:a2:ed:6c
[   28.887828] configfs-gadget.g_multi gadget.0: MAC 1c:ba:8c:a2:ed:6d
[   28.894222] configfs-gadget.g_multi gadget.0: CDC Ethernet: IN/ep3in OUT/ep2out NOTIFY/ep4in
[   28.894243] configfs-gadget.g_multi gadget.0: adding 'acm'/a2d57bc4 to config 'c'/865e9cc6
[   28.894276] configfs-gadget.g_multi gadget.0: acm ttyGS0: IN/ep5in OUT/ep3out NOTIFY/ep6in
[   28.895397] PM: Cannot get wkup_m3_ipc handle
[   31.177552] configfs-gadget.g_multi gadget.0: eth_open
[   35.004366] gs_open: ttyGS0 (aaf03e1f,212ee3fc)
[   35.004519] gs_close: ttyGS0 (aaf03e1f,212ee3fc) ...
[   35.004541] gs_close: ttyGS0 (aaf03e1f,212ee3fc) done!
[   35.022787] gs_open: ttyGS0 (aaf03e1f,212ee3fc)
[   35.022904] gs_close: ttyGS0 (aaf03e1f,212ee3fc) ...
[   35.022924] gs_close: ttyGS0 (aaf03e1f,212ee3fc) done!
[   35.186157] gs_open: ttyGS0 (4653a7bd,e1faa555)
[   35.186423] gs_close: ttyGS0 (4653a7bd,e1faa555) ...
[   35.186456] gs_close: ttyGS0 (4653a7bd,e1faa555) done!
[   35.198264] gs_open: ttyGS0 (4653a7bd,212ee3fc)
FUSTJJCXBE 0
root@arm:~# echo 'JLSF''TQNTBN'
JLSFTQNTBN
root@arm:~# MARKER='XOXC''SSHJUB' run 'modprobe test_linear_ranges'
XOXCSSHJUBXOXCSSHJUB 0
root@arm:~# echo 'FPTT''SQGZCC'
FPTTSQGZCC
root@arm:~# MARKER='AXXF''KGEWBT' run dmesg
AXXFKGEWBT[    0.000000] Booting Linux on physical CPU 0x0
[    0.000000] Linux version 6.15.3-87443-g3394ade23d7e (user01@drvtest01) (arm-none-eabi-gcc (Arm GNU Toolchain 14.2.Rel1 (Build arm-14.52)) 14.2.1 20241119, GNU ld (Arm GNU Toolchain 14.2.Rel1 (Build arm-14.52)) 2.43.1.20241119) #1 SMP Thu Jun 19 18:51:08 EEST 2025
[    0.000000] CPU: ARMv7 Processor [413fc082] revision 2 (ARMv7), cr=10c5387d
[    0.000000] CPU: PIPT / VIPT nonaliasing data cache, VIPT aliasing instruction cache
[    0.000000] OF: fdt: Machine model: TI AM335x BeagleBone Black
[    0.000000] Memory policy: Data cache writeback
[    0.000000] cma: Reserved 16 MiB at 0x9e800000
[    0.000000] Zone ranges:
[    0.000000]   Normal   [mem 0x0000000080000000-0x000000009fdfffff]
[    0.000000]   HighMem  empty
[    0.000000] Movable zone start for each node
[    0.000000] Early memory node ranges
[    0.000000]   node   0: [mem 0x0000000080000000-0x000000009fdfffff]
[    0.000000] Initmem setup node 0 [mem 0x0000000080000000-0x000000009fdfffff]
[    0.000000] On node 0, zone Normal: 512 pages in unavailable ranges
[    0.000000] OF: reserved mem: Reserved memory: No reserved-memory node in the DT
[    0.000000] CPU: All CPU(s) started in SVC mode.
[    0.000000] AM335X ES2.1 (sgx neon)
[    0.000000] percpu: Embedded 17 pages/cpu s39692 r8192 d21748 u69632
[    0.000000] pcpu-alloc: s39692 r8192 d21748 u69632 alloc=17*4096
[    0.000000] pcpu-alloc: [0] 0 
[    0.000000] Kernel command line: console=ttyO0,115200n8 root=/dev/nfs rw nfsroot=192.168.255.126:/home/user01/nfs,nfsvers=3 ip=192.168.255.1:192.168.255.126::255.255.255.0:bbb1:eth0 nfsrootdebug
[    0.000000] Unknown kernel command line parameters "nfsrootdebug", will be passed to user space.
[    0.000000] printk: log buffer data + meta data: 65536 + 204800 = 270336 bytes
[    0.000000] Dentry cache hash table entries: 65536 (order: 6, 262144 bytes, linear)
[    0.000000] Inode-cache hash table entries: 32768 (order: 5, 131072 bytes, linear)
[    0.000000] Built 1 zonelists, mobility grouping on.  Total pages: 130560
[    0.000000] mem auto-init: stack:off, heap alloc:off, heap free:off
[    0.000000] SLUB: HWalign=16, Order=0-3, MinObjects=0, CPUs=1, Nodes=1
[    0.000000] rcu: Hierarchical RCU implementation.
[    0.000000] rcu: 	RCU event tracing is enabled.
[    0.000000] rcu: 	RCU restricting CPUs from NR_CPUS=2 to nr_cpu_ids=1.
[    0.000000] 	Tracing variant of Tasks RCU enabled.
[    0.000000] rcu: RCU calculated value of scheduler-enlistment delay is 10 jiffies.
[    0.000000] rcu: Adjusting geometry for rcu_fanout_leaf=16, nr_cpu_ids=1
[    0.000000] RCU Tasks Trace: Setting shift to 0 and lim to 1 rcu_task_cb_adjust=1 rcu_task_cpu_ids=1.
[    0.000000] NR_IRQS: 16, nr_irqs: 16, preallocated irqs: 16
[    0.000000] IRQ: Found an INTC at 0x(ptrval) (revision 5.0) with 128 interrupts
[    0.000000] rcu: srcu_init: Setting srcu_struct sizes based on contention.
[    0.000000] TI gptimer clocksource: always-on /ocp/interconnect@44c00000/segment@200000/target-module@31000
[    0.000002] sched_clock: 32 bits at 24MHz, resolution 41ns, wraps every 89478484971ns
[    0.000026] clocksource: dmtimer: mask: 0xffffffff max_cycles: 0xffffffff, max_idle_ns: 79635851949 ns
[    0.000513] TI gptimer clockevent: 24000000 Hz at /ocp/interconnect@48000000/segment@0/target-module@40000
[    0.002140] Console: colour dummy device 80x30
[    0.002206] WARNING: Your 'console=ttyO0' has been replaced by 'ttyS0'
[    0.002213] This ensures that you still see kernel messages. Please
[    0.002218] update your kernel commandline.
[    0.002262] Calibrating delay loop... 996.14 BogoMIPS (lpj=4980736)
[    0.090560] CPU: Testing write buffer coherency: ok
[    0.090673] CPU0: Spectre v2: using BPIALL workaround
[    0.090683] pid_max: default: 32768 minimum: 301
[    0.090839] LSM: initializing lsm=capability
[    0.091016] Mount-cache hash table entries: 1024 (order: 0, 4096 bytes, linear)
[    0.091035] Mountpoint-cache hash table entries: 1024 (order: 0, 4096 bytes, linear)
[    0.092626] CPU0: thread -1, cpu 0, socket -1, mpidr 0
[    0.092686] cacheinfo: Unable to detect cache hierarchy for CPU 0
[    0.094775] Setting up static identity map for 0x80100000 - 0x80100078
[    0.095123] rcu: Hierarchical SRCU implementation.
[    0.095134] rcu: 	Max phase no-delay instances is 1000.
[    0.096899] smp: Bringing up secondary CPUs ...
[    0.096950] smp: Brought up 1 node, 1 CPU
[    0.096962] SMP: Total of 1 processors activated (996.14 BogoMIPS).
[    0.096974] CPU: All CPU(s) started in SVC mode.
[    0.097159] Memory: 480824K/522240K available (11264K kernel code, 1218K rwdata, 2904K rodata, 1024K init, 286K bss, 23384K reserved, 16384K cma-reserved, 0K highmem)
[    0.097972] devtmpfs: initialized
[    0.115137] VFP support v0.3: implementor 41 architecture 3 part 30 variant c rev 3
[    0.115785] clocksource: jiffies: mask: 0xffffffff max_cycles: 0xffffffff, max_idle_ns: 19112604462750000 ns
[    0.115823] posixtimers hash table entries: 512 (order: 0, 4096 bytes, linear)
[    0.115842] futex hash table entries: 256 (order: 2, 16384 bytes, linear)
[    0.116996] pinctrl core: initialized pinctrl subsystem
[    0.119052] NET: Registered PF_NETLINK/PF_ROUTE protocol family
[    0.122164] DMA: preallocated 256 KiB pool for atomic coherent allocations
[    0.123118] audit: initializing netlink subsys (disabled)
[    0.124483] thermal_sys: Registered thermal governor 'fair_share'
[    0.124498] thermal_sys: Registered thermal governor 'step_wise'
[    0.124507] thermal_sys: Registered thermal governor 'user_space'
[    0.124622] audit: type=2000 audit(0.120:1): state=initialized audit_enabled=0 res=1
[    0.124698] cpuidle: using governor menu
[    0.142712] /ocp/interconnect@44c00000/segment@200000/target-module@b000/i2c@0/tda19988@70: Fixed dependency cycle(s) with /ocp/interconnect@48000000/segment@300000/target-module@e000/lcdc@0
[    0.143842] /ocp/interconnect@48000000/segment@300000/target-module@e000/lcdc@0: Fixed dependency cycle(s) with /ocp/interconnect@44c00000/segment@200000/target-module@b000/i2c@0/tda19988@70
[    0.146024] No ATAGs?
[    0.146069] hw-breakpoint: debug architecture 0x4 unsupported.
[    0.148763] kprobes: kprobe jump-optimization is enabled. All kprobes are optimized if possible.
[    0.154149] iommu: Default domain type: Translated
[    0.154172] iommu: DMA domain TLB invalidation policy: strict mode
[    0.155761] reg-fixed-voltage fixedregulator0: using DT '/fixedregulator0' for '(default)' GPIO lookup
[    0.155817] of_get_named_gpiod_flags: can't parse 'gpios' property of node '/fixedregulator0[0]'
[    0.155845] of_get_named_gpiod_flags: can't parse 'gpio' property of node '/fixedregulator0[0]'
[    0.155862] reg-fixed-voltage fixedregulator0: using lookup tables for GPIO lookup
[    0.155873] reg-fixed-voltage fixedregulator0: No GPIO consumer (default) found
[    0.161771] SCSI subsystem initialized
[    0.162265] libata version 3.00 loaded.
[    0.162634] pps_core: LinuxPPS API ver. 1 registered
[    0.162645] pps_core: Software ver. 5.3.6 - Copyright 2005-2007 Rodolfo Giometti <giometti@linux.it>
[    0.162670] PTP clock support registered
[    0.170915] vgaarb: loaded
[    0.171290] clocksource: Switched to clocksource dmtimer
[    0.171956] VFS: Disk quotas dquot_6.6.0
[    0.172012] VFS: Dquot-cache hash table entries: 1024 (order 0, 4096 bytes)
[    0.196206] NET: Registered PF_INET protocol family
[    0.196551] IP idents hash table entries: 8192 (order: 4, 65536 bytes, linear)
[    0.197976] tcp_listen_portaddr_hash hash table entries: 512 (order: 0, 4096 bytes, linear)
[    0.198014] Table-perturb hash table entries: 65536 (order: 6, 262144 bytes, linear)
[    0.198034] TCP established hash table entries: 4096 (order: 2, 16384 bytes, linear)
[    0.198080] TCP bind hash table entries: 4096 (order: 4, 65536 bytes, linear)
[    0.198180] TCP: Hash tables configured (established 4096 bind 4096)
[    0.198299] UDP hash table entries: 256 (order: 1, 14336 bytes, linear)
[    0.198333] UDP-Lite hash table entries: 256 (order: 1, 14336 bytes, linear)
[    0.198518] NET: Registered PF_UNIX/PF_LOCAL protocol family
[    0.199808] RPC: Registered named UNIX socket transport module.
[    0.199830] RPC: Registered udp transport module.
[    0.199835] RPC: Registered tcp transport module.
[    0.199840] RPC: Registered tcp-with-tls transport module.
[    0.199845] RPC: Registered tcp NFSv4.1 backchannel transport module.
[    0.199870] PCI: CLS 0 bytes, default 64
[    0.201428] Initialise system trusted keyrings
[    0.212103] workingset: timestamp_bits=14 max_order=17 bucket_order=3
[    0.213467] NFS: Registering the id_resolver key type
[    0.213551] Key type id_resolver registered
[    0.213558] Key type id_legacy registered
[    0.213666] jffs2: version 2.2. (NAND) (SUMMARY)  Â© 2001-2006 Red Hat, Inc.
[    0.214084] Key type asymmetric registered
[    0.214101] Asymmetric key parser 'x509' registered
[    0.214163] io scheduler mq-deadline registered
[    0.214173] io scheduler kyber registered
[    0.214244] io scheduler bfq registered
[    0.215805] ledtrig-cpu: registered to indicate activity on CPUs
[    0.222154] Serial: 8250/16550 driver, 6 ports, IRQ sharing enabled
[    0.275624] brd: module loaded
[    0.295270] loop: module loaded
[    0.296182] mtdoops: mtd device (mtddev=name/number) must be supplied
[    0.297870] mdio_bus fixed-0: using lookup tables for GPIO lookup
[    0.297895] mdio_bus fixed-0: No GPIO consumer reset found
[    0.299230] i2c_dev: i2c /dev entries driver
[    0.300204] cpuidle: enable-method property 'ti,am3352' found operations
[    0.300646] sdhci: Secure Digital Host Controller Interface driver
[    0.300656] sdhci: Copyright(c) Pierre Ossman
[    0.300823] sdhci-pltfm: SDHCI platform and OF driver helper
[    0.302040] Initializing XFRM netlink socket
[    0.302224] NET: Registered PF_INET6 protocol family
[    0.304196] Segment Routing with IPv6
[    0.304280] In-situ OAM (IOAM) with IPv6
[    0.304377] sit: IPv6, IPv4 and MPLS over IPv4 tunneling driver
[    0.305328] NET: Registered PF_PACKET protocol family
[    0.305359] NET: Registered PF_KEY protocol family
[    0.305472] Key type dns_resolver registered
[    0.305696] ThumbEE CPU extension supported.
[    0.305715] Registering SWP/SWPB emulation handler
[    0.306250] omap_voltage_late_init: Voltage driver support not added
[    0.306592] SmartReflex Class3 initialized
[    0.337132] Loading compiled-in X.509 certificates
[    0.383579] /ocp/interconnect@44c00000/segment@200000/target-module@b000/i2c@0/tda19988@70: Fixed dependency cycle(s) with /ocp/interconnect@48000000/segment@300000/target-module@e000/lcdc@0
[    0.389938] /ocp/interconnect@44c00000/segment@200000/target-module@b000/i2c@0/tda19988@70: Fixed dependency cycle(s) with /ocp/interconnect@48000000/segment@300000/target-module@e000/lcdc@0
[    0.395647] gpiochip_find_base_unlocked: found new base at 512
[    0.417325] /ocp/interconnect@44c00000/segment@200000/target-module@b000/i2c@0/tda19988@70: Fixed dependency cycle(s) with /ocp/interconnect@48000000/segment@300000/target-module@e000/lcdc@0
[    0.418236] /ocp/interconnect@44c00000/segment@200000/target-module@b000/i2c@0/tda19988@70: Fixed dependency cycle(s) with /ocp/interconnect@48000000/segment@300000/target-module@e000/lcdc@0
[    0.421905] /ocp/interconnect@44c00000/segment@200000/target-module@10000/scm@0/pinmux@800: Fixed dependency cycle(s) with /ocp/interconnect@44c00000/segment@200000/target-module@10000/scm@0/pinmux@800/clkout2-pins
[    0.422546] pinctrl-single 44e10800.pinmux: 142 pins, size 568
[    0.427870] ti-sysc 44e31000.target-module: probe with driver ti-sysc failed with error -16
[    0.456952] /ocp/interconnect@48000000/segment@300000/target-module@e000/lcdc@0: Fixed dependency cycle(s) with /ocp/interconnect@44c00000/segment@200000/target-module@b000/i2c@0/tda19988@70
[    0.465254] ti-sysc 48040000.target-module: probe with driver ti-sysc failed with error -16
[    0.476684] gpiochip_find_base_unlocked: found new base at 512
[    0.476788] gpio gpiochip0: (gpio-0-31): created GPIO range 0->7 ==> 44e10800.pinmux PIN 0->7
[    0.476809] gpio gpiochip0: (gpio-0-31): created GPIO range 8->11 ==> 44e10800.pinmux PIN 90->93
[    0.476824] gpio gpiochip0: (gpio-0-31): created GPIO range 12->27 ==> 44e10800.pinmux PIN 12->27
[    0.476839] gpio gpiochip0: (gpio-0-31): created GPIO range 28->31 ==> 44e10800.pinmux PIN 30->33
[    0.501064] gpio gpiochip0: (gpio-0-31): added GPIO chardev (254:0)
[    0.501221] gpio gpiochip0: registered GPIOs 512 to 543 on gpio-0-31
[    0.501398] OMAP GPIO hardware version 0.1
[    0.526922] i2c i2c-2: using DT '/ocp/interconnect@48000000/segment@100000/target-module@9c000/i2c@0' for 'scl' GPIO lookup
[    0.526996] of_get_named_gpiod_flags: can't parse 'scl-gpios' property of node '/ocp/interconnect@48000000/segment@100000/target-module@9c000/i2c@0[0]'
[    0.527039] of_get_named_gpiod_flags: can't parse 'scl-gpio' property of node '/ocp/interconnect@48000000/segment@100000/target-module@9c000/i2c@0[0]'
[    0.527075] i2c i2c-2: using lookup tables for GPIO lookup
[    0.527085] i2c i2c-2: No GPIO consumer scl found
[    0.527107] i2c i2c-2: using DT '/ocp/interconnect@48000000/segment@100000/target-module@9c000/i2c@0' for 'sda' GPIO lookup
[    0.527142] of_get_named_gpiod_flags: can't parse 'sda-gpios' property of node '/ocp/interconnect@48000000/segment@100000/target-module@9c000/i2c@0[0]'
[    0.527178] of_get_named_gpiod_flags: can't parse 'sda-gpio' property of node '/ocp/interconnect@48000000/segment@100000/target-module@9c000/i2c@0[0]'
[    0.527209] i2c i2c-2: using lookup tables for GPIO lookup
[    0.527217] i2c i2c-2: No GPIO consumer sda found
[    0.527931] omap_i2c 4819c000.i2c: bus 2 rev0.11 at 100 kHz
[    0.533872] gpiochip_find_base_unlocked: found new base at 544
[    0.533978] gpio gpiochip1: (gpio-32-63): created GPIO range 0->17 ==> 44e10800.pinmux PIN 34->51
[    0.533997] gpio gpiochip1: (gpio-32-63): created GPIO range 18->21 ==> 44e10800.pinmux PIN 77->80
[    0.534013] gpio gpiochip1: (gpio-32-63): created GPIO range 22->31 ==> 44e10800.pinmux PIN 56->65
[    0.543552] gpio gpiochip1: (gpio-32-63): added GPIO chardev (254:1)
[    0.543707] gpio gpiochip1: registered GPIOs 544 to 575 on gpio-32-63
[    0.545974] gpiochip_find_base_unlocked: found new base at 576
[    0.546069] gpio gpiochip2: (gpio-64-95): created GPIO range 0->4 ==> 44e10800.pinmux PIN 66->70
[    0.546088] gpio gpiochip2: (gpio-64-95): created GPIO range 5->6 ==> 44e10800.pinmux PIN 98->99
[    0.546103] gpio gpiochip2: (gpio-64-95): created GPIO range 7->8 ==> 44e10800.pinmux PIN 75->76
[    0.546118] gpio gpiochip2: (gpio-64-95): created GPIO range 13->13 ==> 44e10800.pinmux PIN 141->141
[    0.546134] gpio gpiochip2: (gpio-64-95): created GPIO range 14->21 ==> 44e10800.pinmux PIN 100->107
[    0.559081] gpio gpiochip2: (gpio-64-95): added GPIO chardev (254:2)
[    0.559236] gpio gpiochip2: registered GPIOs 576 to 607 on gpio-64-95
[    0.565117] 48000000.interconnect:segment@200000:target-module@0:mpu@0:fck: device ID is greater than 24
[    0.566023] /ocp/interconnect@48000000/segment@300000/target-module@e000/lcdc@0: Fixed dependency cycle(s) with /ocp/interconnect@44c00000/segment@200000/target-module@b000/i2c@0/tda19988@70
[    0.568805] /ocp/interconnect@48000000/segment@300000/target-module@e000/lcdc@0: Fixed dependency cycle(s) with /ocp/interconnect@44c00000/segment@200000/target-module@b000/i2c@0/tda19988@70
[    0.569507] /ocp/interconnect@44c00000/segment@200000/target-module@b000/i2c@0/tda19988@70: Fixed dependency cycle(s) with /ocp/interconnect@48000000/segment@300000/target-module@e000/lcdc@0
[    0.569670] /ocp/interconnect@48000000/segment@300000/target-module@e000/lcdc@0: Fixed dependency cycle(s) with /ocp/interconnect@44c00000/segment@200000/target-module@b000/i2c@0/tda19988@70
[    0.579333] mdio_bus 4a101000.mdio: using DT '/ocp/interconnect@4a000000/segment@0/target-module@100000/switch@0/mdio@1000' for 'reset' GPIO lookup
[    0.579406] of_get_named_gpiod_flags: can't parse 'reset-gpios' property of node '/ocp/interconnect@4a000000/segment@0/target-module@100000/switch@0/mdio@1000[0]'
[    0.579451] of_get_named_gpiod_flags: can't parse 'reset-gpio' property of node '/ocp/interconnect@4a000000/segment@0/target-module@100000/switch@0/mdio@1000[0]'
[    0.579497] mdio_bus 4a101000.mdio: using lookup tables for GPIO lookup
[    0.579505] mdio_bus 4a101000.mdio: No GPIO consumer reset found
[    0.580376] sdhci-omap 481d8000.mmc: using DT '/ocp/interconnect@48000000/segment@100000/target-module@d8000/mmc@0' for 'wp' GPIO lookup
[    0.580441] of_get_named_gpiod_flags: can't parse 'wp-gpios' property of node '/ocp/interconnect@48000000/segment@100000/target-module@d8000/mmc@0[0]'
[    0.580486] of_get_named_gpiod_flags: can't parse 'wp-gpio' property of node '/ocp/interconnect@48000000/segment@100000/target-module@d8000/mmc@0[0]'
[    0.580519] sdhci-omap 481d8000.mmc: using lookup tables for GPIO lookup
[    0.580527] sdhci-omap 481d8000.mmc: No GPIO consumer wp found
[    0.580719] sdhci-omap 481d8000.mmc: supply pbias not found, using dummy regulator
[    0.581204] sdhci-omap 481d8000.mmc: supply vqmmc not found, using dummy regulator
[    0.638166] davinci_mdio 4a101000.mdio: davinci mdio revision 1.6, bus freq 1000000
[    0.652980] mdio_bus 4a101000.mdio:00: using DT '/ocp/interconnect@4a000000/segment@0/target-module@100000/switch@0/mdio@1000/ethernet-phy@0' for 'reset' GPIO lookup
[    0.653082] of_get_named_gpiod_flags: parsed 'reset-gpios' property of node '/ocp/interconnect@4a000000/segment@0/target-module@100000/switch@0/mdio@1000/ethernet-phy@0[0]' - status (0)
[    0.653243] gpio gpiochip0: Persistence not supported for GPIO 8
[    0.779824] davinci_mdio 4a101000.mdio: phy[0]: device 4a101000.mdio:00, driver SMSC LAN8710/LAN8720
[    0.780586] cpsw-switch 4a100000.switch: initialized cpsw ale version 1.4
[    0.780608] cpsw-switch 4a100000.switch: ALE Table size 1024, Policers 0
[    0.780761] cpsw-switch 4a100000.switch: cpts: overflow check period 500 (jiffies)
[    0.780776] cpsw-switch 4a100000.switch: CPTS: ref_clk_freq:250000000 calc_mult:2147483648 calc_shift:29 error:0 nsec/sec
[    0.780895] cpsw-switch 4a100000.switch: Detected MACID = 6c:ec:eb:68:de:78
[    0.782908] cpsw-switch 4a100000.switch: initialized (regs 0x4a100000, pool size 256) hw_ver:0019010C 1.12 (0)
[    0.793807] debugfs: Directory '49000000.dma' with parent 'dmaengine' already present!
[    0.793850] edma 49000000.dma: TI EDMA DMA engine driver
[    0.836160] target-module@4b000000:target-module@140000:pmu@0:fck: device ID is greater than 24
[    0.855457] hw perfevents: enabled with armv7_cortex_a8 PMU driver, 5 (8000000f) counters available
[    0.856332] gpio-clk clk_mcasp0: using DT '/clk_mcasp0' for 'enable' GPIO lookup
[    0.856406] of_get_named_gpiod_flags: parsed 'enable-gpios' property of node '/clk_mcasp0[0]' - status (0)
[    0.856451] gpio gpiochip0: Persistence not supported for GPIO 27
[    0.857267] gpiochip_find_base_unlocked: found new base at 608
[    0.857378] gpio gpiochip3: (gpio-96-127): created GPIO range 0->7 ==> 44e10800.pinmux PIN 82->89
[    0.857400] gpio gpiochip3: (gpio-96-127): created GPIO range 8->11 ==> 44e10800.pinmux PIN 52->55
[    0.857417] gpio gpiochip3: (gpio-96-127): created GPIO range 12->15 ==> 44e10800.pinmux PIN 94->97
[    0.857432] gpio gpiochip3: (gpio-96-127): created GPIO range 16->17 ==> 44e10800.pinmux PIN 71->72
[    0.857447] gpio gpiochip3: (gpio-96-127): created GPIO range 18->18 ==> 44e10800.pinmux PIN 135->135
[    0.857463] gpio gpiochip3: (gpio-96-127): created GPIO range 19->20 ==> 44e10800.pinmux PIN 108->109
[    0.857480] gpio gpiochip3: (gpio-96-127): created GPIO range 21->21 ==> 44e10800.pinmux PIN 73->73
[    0.857497] gpio gpiochip3: (gpio-96-127): created GPIO range 22->23 ==> 44e10800.pinmux PIN 8->9
[    0.857523] gpio gpiochip3: (gpio-96-127): created GPIO range 26->27 ==> 44e10800.pinmux PIN 10->11
[    0.857541] gpio gpiochip3: (gpio-96-127): created GPIO range 28->28 ==> 44e10800.pinmux PIN 74->74
[    0.857559] gpio gpiochip3: (gpio-96-127): created GPIO range 29->29 ==> 44e10800.pinmux PIN 81->81
[    0.857577] gpio gpiochip3: (gpio-96-127): created GPIO range 30->31 ==> 44e10800.pinmux PIN 28->29
[    0.863179] l3-aon-clkctrl:0000:0: failed to disable
[    0.863597] gpio gpiochip3: (gpio-96-127): added GPIO chardev (254:3)
[    0.863743] gpio gpiochip3: registered GPIOs 608 to 639 on gpio-96-127
[    0.872342] omap8250 44e09000.serial: using DT '/ocp/interconnect@44c00000/segment@200000/target-module@9000/serial@0' for 'rs485-term' GPIO lookup
[    0.872416] of_get_named_gpiod_flags: can't parse 'rs485-term-gpios' property of node '/ocp/interconnect@44c00000/segment@200000/target-module@9000/serial@0[0]'
[    0.872462] of_get_named_gpiod_flags: can't parse 'rs485-term-gpio' property of node '/ocp/interconnect@44c00000/segment@200000/target-module@9000/serial@0[0]'
[    0.872497] omap8250 44e09000.serial: using lookup tables for GPIO lookup
[    0.872508] omap8250 44e09000.serial: No GPIO consumer rs485-term found
[    0.872518] omap8250 44e09000.serial: using DT '/ocp/interconnect@44c00000/segment@200000/target-module@9000/serial@0' for 'rs485-rx-during-tx' GPIO lookup
[    0.872552] of_get_named_gpiod_flags: can't parse 'rs485-rx-during-tx-gpios' property of node '/ocp/interconnect@44c00000/segment@200000/target-module@9000/serial@0[0]'
[    0.872589] of_get_named_gpiod_flags: can't parse 'rs485-rx-during-tx-gpio' property of node '/ocp/interconnect@44c00000/segment@200000/target-module@9000/serial@0[0]'
[    0.872620] omap8250 44e09000.serial: using lookup tables for GPIO lookup
[    0.872628] omap8250 44e09000.serial: No GPIO consumer rs485-rx-during-tx found
[    0.873005] 44e09000.serial: ttyS0 at MMIO 0x44e09000 (irq = 34, base_baud = 3000000) is a 8250
[    0.873094] printk: legacy console [ttyS0] enabled
[    2.369808] i2c i2c-0: using DT '/ocp/interconnect@44c00000/segment@200000/target-module@b000/i2c@0' for 'scl' GPIO lookup
[    2.369896] of_get_named_gpiod_flags: can't parse 'scl-gpios' property of node '/ocp/interconnect@44c00000/segment@200000/target-module@b000/i2c@0[0]'
[    2.369942] of_get_named_gpiod_flags: can't parse 'scl-gpio' property of node '/ocp/interconnect@44c00000/segment@200000/target-module@b000/i2c@0[0]'
[    2.369983] i2c i2c-0: using lookup tables for GPIO lookup
[    2.369997] i2c i2c-0: No GPIO consumer scl found
[    2.370023] i2c i2c-0: using DT '/ocp/interconnect@44c00000/segment@200000/target-module@b000/i2c@0' for 'sda' GPIO lookup
[    2.370062] of_get_named_gpiod_flags: can't parse 'sda-gpios' property of node '/ocp/interconnect@44c00000/segment@200000/target-module@b000/i2c@0[0]'
[    2.370103] of_get_named_gpiod_flags: can't parse 'sda-gpio' property of node '/ocp/interconnect@44c00000/segment@200000/target-module@b000/i2c@0[0]'
[    2.370138] i2c i2c-0: using lookup tables for GPIO lookup
[    2.370149] i2c i2c-0: No GPIO consumer sda found
[    2.382300] tps65217-pmic: Failed to locate of_node [id: -1]
[    2.388360] tps65217-bl: Failed to locate of_node [id: -1]
[    2.395846] platform tps65217-charger: DMA mask not set
[    2.403188] platform tps65217-pwrbutton: DMA mask not set
[    2.411039] tps65217 0-0024: TPS65217 ID 0xe version 1.2
[    2.417148] /ocp/interconnect@48000000/segment@300000/target-module@e000/lcdc@0: Fixed dependency cycle(s) with /ocp/interconnect@44c00000/segment@200000/target-module@b000/i2c@0/tda19988@70
[    2.434525] /ocp/interconnect@44c00000/segment@200000/target-module@b000/i2c@0/tda19988@70: Fixed dependency cycle(s) with /ocp/interconnect@48000000/segment@300000/target-module@e000/lcdc@0
[    2.451889] omap_i2c 44e0b000.i2c: bus 0 rev0.11 at 400 kHz
[    2.459634] sdhci-omap 48060000.mmc: using DT '/ocp/interconnect@48000000/segment@0/target-module@60000/mmc@0' for 'cd' GPIO lookup
[    2.459739] of_get_named_gpiod_flags: parsed 'cd-gpios' property of node '/ocp/interconnect@48000000/segment@0/target-module@60000/mmc@0[0]' - status (0)
[    2.459806] gpio gpiochip3: Persistence not supported for GPIO 6
[    2.459832] omap_gpio 44e07000.gpio: Could not set line 6 debounce to 200000 microseconds (-22)
[    2.468698] sdhci-omap 48060000.mmc: Got CD GPIO
[    2.473374] sdhci-omap 48060000.mmc: using DT '/ocp/interconnect@48000000/segment@0/target-module@60000/mmc@0' for 'wp' GPIO lookup
[    2.473419] of_get_named_gpiod_flags: can't parse 'wp-gpios' property of node '/ocp/interconnect@48000000/segment@0/target-module@60000/mmc@0[0]'
[    2.473464] of_get_named_gpiod_flags: can't parse 'wp-gpio' property of node '/ocp/interconnect@48000000/segment@0/target-module@60000/mmc@0[0]'
[    2.473501] sdhci-omap 48060000.mmc: using lookup tables for GPIO lookup
[    2.473515] sdhci-omap 48060000.mmc: No GPIO consumer wp found
[    2.473726] sdhci-omap 48060000.mmc: supply pbias not found, using dummy regulator
[    2.482526] sdhci-omap 481d8000.mmc: using DT '/ocp/interconnect@48000000/segment@100000/target-module@d8000/mmc@0' for 'wp' GPIO lookup
[    2.482612] of_get_named_gpiod_flags: can't parse 'wp-gpios' property of node '/ocp/interconnect@48000000/segment@100000/target-module@d8000/mmc@0[0]'
[    2.482662] of_get_named_gpiod_flags: can't parse 'wp-gpio' property of node '/ocp/interconnect@48000000/segment@100000/target-module@d8000/mmc@0[0]'
[    2.482699] sdhci-omap 481d8000.mmc: using lookup tables for GPIO lookup
[    2.482712] sdhci-omap 481d8000.mmc: No GPIO consumer wp found
[    2.484401] sdhci-omap 48060000.mmc: supply vqmmc not found, using dummy regulator
[    2.492867] sdhci-omap 481d8000.mmc: supply pbias not found, using dummy regulator
[    2.500825] sdhci-omap 481d8000.mmc: supply vqmmc not found, using dummy regulator
[    2.538095] mmc1: SDHCI controller on 481d8000.mmc [481d8000.mmc] using External DMA
