Labgrid Console Logfile for main
Logfile started at 2025-06-17 10:40:45.974513
=== Log starts here ===
reading args
spl_load_image_fat_os: error reading image args, err - -1
reading u-boot.img
reading u-boot.img


U-Boot 2014.04-00014-g47880f5 (Apr 22 2014 - 13:23:54)

I2C:   ready
DRAM:  512 MiB
NAND:  0 MiB
MMC:   OMAP SD/MMC: 0, OMAP SD/MMC: 1
*** Warning - readenv() failed, using default environment

Net:   <ethaddr> not set. Validating first E-fuse MAC
cpsw, usb_ether
Hit any key to stop autoboot:  1  0 
gpio: pin 53 (gpio 53) value is 1
mmc0 is current device
gpio: pin 54 (gpio 54) value is 1
SD/MMC found on device 0
reading uEnv.txt
569 bytes read in 4 ms (138.7 KiB/s)
gpio: pin 55 (gpio 55) value is 1
Loaded environment from uEnv.txt
Importing environment from mmc ...
Checking if uenvcmd is set ...
gpio: pin 56 (gpio 56) value is 1
Running uenvcmd ...
cpsw Waiting for PHY auto negotiation to complete. done
link up on port 0, speed 100, full duplex
Using cpsw device
TFTP from server 192.168.255.126; our IP address is 192.168.255.1
Filename 'zImage'.
Load address: 0x81000000
Loading: *T #################################################################
	 #################################################################
	 #################################################################
	 #################################################################
	 #################################################################
	 ###########################################################
	 759.8 KiB/s
done
Bytes transferred = 5622760 (55cbe8 hex)
link up on port 0, speed 100, full duplex
Using cpsw device
TFTP from server 192.168.255.126; our IP address is 192.168.255.1
Filename 'am335x-boneblack.dtb'.
Load address: 0x82000000
Loading: *#######
	 2.3 MiB/s
done
Bytes transferred = 98244 (17fc4 hex)
Kernel image @ 0x81000000 [ 0x000000 - 0x55cbe8 ]
## Flattened Device Tree blob at 82000000
   Booting using the fdt blob at 0x82000000
   Using Device Tree in place at 82000000, end 8201afc3

Starting kernel ...

[    0.000000] Booting Linux on physical CPU 0x0
[    0.000000] Linux version 6.16.0-rc2-next-20250617 (user01@drvtest01) (arm-none-eabi-gcc (Arm GNU Toolchain 14.2.Rel1 (Build arm-14.52)) 14.2.1 20241119, GNU ld (Arm GNU Toolchain 14.2.Rel1 (Build arm-14.52)) 2.43.1.20241119) #1 SMP Tue Jun 17 10:37:04 EEST 2025
[    0.000000] CPU: ARMv7 Processor [413fc082] revision 2 (ARMv7), cr=10c5387d
[    0.000000] CPU: PIPT / VIPT nonaliasing data cache, VIPT aliasing instruction cache
[    0.000000] OF: fdt: Machine model: TI AM335x BeagleBone Black
[    0.000000] Memory policy: Data cache writeback
[    0.000000] cma: Reserved 16 MiB at 0x9e800000
[    0.000000] Zone ranges:
[    0.000000]   Normal   [mem 0x0000000080000000-0x000000009fdfffff]
[    0.000000]   HighMem  empty
[    0.000000] Movable zone start for each node
[    0.000000] Early memory node ranges
[    0.000000]   node   0: [mem 0x0000000080000000-0x000000009fdfffff]
[    0.000000] Initmem setup node 0 [mem 0x0000000080000000-0x000000009fdfffff]
[    0.000000] On node 0, zone Normal: 512 pages in unavailable ranges
[    0.000000] OF: reserved mem: Reserved memory: No reserved-memory node in the DT
[    0.000000] CPU: All CPU(s) started in SVC mode.
[    0.000000] AM335X ES2.1 (sgx neon)
[    0.000000] percpu: Embedded 17 pages/cpu s39820 r8192 d21620 u69632
[    0.000000] Kernel command line: console=ttyO0,115200n8 root=/dev/nfs rw nfsroot=192.168.255.126:/home/user01/nfs,nfsvers=3 ip=192.168.255.1:192.168.255.126::255.255.255.0:bbb1:eth0 nfsrootdebug
[    0.000000] Unknown kernel command line parameters "nfsrootdebug", will be passed to user space.
[    0.000000] printk: log buffer data + meta data: 65536 + 204800 = 270336 bytes
[    0.000000] Dentry cache hash table entries: 65536 (order: 6, 262144 bytes, linear)
[    0.000000] Inode-cache hash table entries: 32768 (order: 5, 131072 bytes, linear)
[    0.000000] Built 1 zonelists, mobility grouping on.  Total pages: 130560
[    0.000000] mem auto-init: stack:off, heap alloc:off, heap free:off
[    0.000000] SLUB: HWalign=16, Order=0-3, MinObjects=0, CPUs=1, Nodes=1
[    0.000000] rcu: Hierarchical RCU implementation.
[    0.000000] rcu: 	RCU event tracing is enabled.
[    0.000000] rcu: 	RCU restricting CPUs from NR_CPUS=2 to nr_cpu_ids=1.
[    0.000000] 	Tracing variant of Tasks RCU enabled.
[    0.000000] rcu: RCU calculated value of scheduler-enlistment delay is 10 jiffies.
[    0.000000] rcu: Adjusting geometry for rcu_fanout_leaf=16, nr_cpu_ids=1
[    0.000000] RCU Tasks Trace: Setting shift to 0 and lim to 1 rcu_task_cb_adjust=1 rcu_task_cpu_ids=1.
[    0.000000] NR_IRQS: 16, nr_irqs: 16, preallocated irqs: 16
[    0.000000] IRQ: Found an INTC at 0x(ptrval) (revision 5.0) with 128 interrupts
[    0.000000] rcu: srcu_init: Setting srcu_struct sizes based on contention.
[    0.000000] TI gptimer clocksource: always-on /ocp/interconnect@44c00000/segment@200000/target-module@31000
[    0.000002] sched_clock: 32 bits at 24MHz, resolution 41ns, wraps every 89478484971ns
[    0.000026] clocksource: dmtimer: mask: 0xffffffff max_cycles: 0xffffffff, max_idle_ns: 79635851949 ns
[    0.000526] TI gptimer clockevent: 24000000 Hz at /ocp/interconnect@48000000/segment@0/target-module@40000
[    0.002138] Console: colour dummy device 80x30
[    0.002201] WARNING: Your 'console=ttyO0' has been replaced by 'ttyS0'
[    0.002208] This ensures that you still see kernel messages. Please
[    0.002213] update your kernel commandline.
[    0.002255] Calibrating delay loop... 996.14 BogoMIPS (lpj=4980736)
[    0.090571] CPU: Testing write buffer coherency: ok
[    0.090683] CPU0: Spectre v2: using BPIALL workaround
[    0.090693] pid_max: default: 32768 minimum: 301
[    0.090846] LSM: initializing lsm=capability
[    0.091018] Mount-cache hash table entries: 1024 (order: 0, 4096 bytes, linear)
[    0.091036] Mountpoint-cache hash table entries: 1024 (order: 0, 4096 bytes, linear)
[    0.092639] CPU0: thread -1, cpu 0, socket -1, mpidr 0
[    0.092696] cacheinfo: Unable to detect cache hierarchy for CPU 0
[    0.094750] Setting up static identity map for 0x80100000 - 0x80100078
[    0.095057] rcu: Hierarchical SRCU implementation.
[    0.095067] rcu: 	Max phase no-delay instances is 1000.
[    0.096793] smp: Bringing up secondary CPUs ...
[    0.096848] smp: Brought up 1 node, 1 CPU
[    0.096860] SMP: Total of 1 processors activated (996.14 BogoMIPS).
[    0.096871] CPU: All CPU(s) started in SVC mode.
[    0.097062] Memory: 480828K/522240K available (11264K kernel code, 1215K rwdata, 2924K rodata, 1024K init, 285K bss, 23380K reserved, 16384K cma-reserved, 0K highmem)
[    0.097871] devtmpfs: initialized
[    0.115003] VFP support v0.3: implementor 41 architecture 3 part 30 variant c rev 3
[    0.115639] clocksource: jiffies: mask: 0xffffffff max_cycles: 0xffffffff, max_idle_ns: 19112604462750000 ns
[    0.115694] posixtimers hash table entries: 512 (order: 0, 4096 bytes, linear)
[    0.115721] futex hash table entries: 256 (16384 bytes on 1 NUMA nodes, total 16 KiB, linear).
[    0.116845] pinctrl core: initialized pinctrl subsystem
[    0.118865] NET: Registered PF_NETLINK/PF_ROUTE protocol family
[    0.121991] DMA: preallocated 256 KiB pool for atomic coherent allocations
[    0.122951] audit: initializing netlink subsys (disabled)
[    0.124306] thermal_sys: Registered thermal governor 'fair_share'
[    0.124322] thermal_sys: Registered thermal governor 'step_wise'
[    0.124330] thermal_sys: Registered thermal governor 'user_space'
[    0.124448] audit: type=2000 audit(0.120:1): state=initialized audit_enabled=0 res=1
[    0.124521] cpuidle: using governor menu
[    0.142665] /ocp/interconnect@44c00000/segment@200000/target-module@b000/i2c@0/tda19988@70: Fixed dependency cycle(s) with /ocp/interconnect@48000000/segment@300000/target-module@e000/lcdc@0
[    0.143800] /ocp/interconnect@48000000/segment@300000/target-module@e000/lcdc@0: Fixed dependency cycle(s) with /ocp/interconnect@44c00000/segment@200000/target-module@b000/i2c@0/tda19988@70
[    0.145976] No ATAGs?
[    0.146017] hw-breakpoint: debug architecture 0x4 unsupported.
[    0.148731] kprobes: kprobe jump-optimization is enabled. All kprobes are optimized if possible.
[    0.154045] iommu: Default domain type: Translated
[    0.154066] iommu: DMA domain TLB invalidation policy: strict mode
[    0.161409] SCSI subsystem initialized
[    0.162264] pps_core: LinuxPPS API ver. 1 registered
[    0.162277] pps_core: Software ver. 5.3.6 - Copyright 2005-2007 Rodolfo Giometti <giometti@linux.it>
[    0.162300] PTP clock support registered
[    0.170956] vgaarb: loaded
[    0.171333] clocksource: Switched to clocksource dmtimer
[    0.171994] VFS: Disk quotas dquot_6.6.0
[    0.172052] VFS: Dquot-cache hash table entries: 1024 (order 0, 4096 bytes)
[    0.196598] NET: Registered PF_INET protocol family
[    0.196932] IP idents hash table entries: 8192 (order: 4, 65536 bytes, linear)
[    0.198347] tcp_listen_portaddr_hash hash table entries: 512 (order: 0, 4096 bytes, linear)
[    0.198385] Table-perturb hash table entries: 65536 (order: 6, 262144 bytes, linear)
[    0.198403] TCP established hash table entries: 4096 (order: 2, 16384 bytes, linear)
[    0.198448] TCP bind hash table entries: 4096 (order: 4, 65536 bytes, linear)
[    0.198548] TCP: Hash tables configured (established 4096 bind 4096)
[    0.198668] UDP hash table entries: 256 (order: 1, 14336 bytes, linear)
[    0.198704] UDP-Lite hash table entries: 256 (order: 1, 14336 bytes, linear)
[    0.198893] NET: Registered PF_UNIX/PF_LOCAL protocol family
[    0.200171] RPC: Registered named UNIX socket transport module.
[    0.200190] RPC: Registered udp transport module.
[    0.200196] RPC: Registered tcp transport module.
[    0.200200] RPC: Registered tcp-with-tls transport module.
[    0.200206] RPC: Registered tcp NFSv4.1 backchannel transport module.
[    0.200230] PCI: CLS 0 bytes, default 64
[    0.201738] Initialise system trusted keyrings
[    0.211903] workingset: timestamp_bits=14 max_order=17 bucket_order=3
[    0.213251] NFS: Registering the id_resolver key type
[    0.213331] Key type id_resolver registered
[    0.213339] Key type id_legacy registered
[    0.213444] jffs2: version 2.2. (NAND) (SUMMARY)  Â© 2001-2006 Red Hat, Inc.
[    0.213902] Key type asymmetric registered
[    0.213918] Asymmetric key parser 'x509' registered
[    0.213989] io scheduler mq-deadline registered
[    0.213999] io scheduler kyber registered
[    0.214074] io scheduler bfq registered
[    0.215954] target-module@4b000000:target-module@140000:pmu@0:fck: device ID is greater than 24
[    0.222138] l3-aon-clkctrl:0000:0: failed to disable
[    0.231509] ledtrig-cpu: registered to indicate activity on CPUs
[    0.234351] Serial: 8250/16550 driver, 6 ports, IRQ sharing enabled
[    0.274689] brd: module loaded
[    0.296285] loop: module loaded
[    0.297224] mtdoops: mtd device (mtddev=name/number) must be supplied
[    0.300288] i2c_dev: i2c /dev entries driver
[    0.301274] cpuidle: enable-method property 'ti,am3352' found operations
[    0.301927] sdhci: Secure Digital Host Controller Interface driver
[    0.301938] sdhci: Copyright(c) Pierre Ossman
[    0.302110] sdhci-pltfm: SDHCI platform and OF driver helper
[    0.303583] hw perfevents: enabled with armv7_cortex_a8 PMU driver, 5 (8000000f) counters available
[    0.304094] Initializing XFRM netlink socket
[    0.304276] NET: Registered PF_INET6 protocol family
[    0.309935] l3-aon-clkctrl:0000:0: failed to disable
[    0.324543] Segment Routing with IPv6
[    0.324631] In-situ OAM (IOAM) with IPv6
[    0.324728] sit: IPv6, IPv4 and MPLS over IPv4 tunneling driver
[    0.325671] NET: Registered PF_PACKET protocol family
[    0.325698] NET: Registered PF_KEY protocol family
[    0.325812] Key type dns_resolver registered
[    0.326031] ThumbEE CPU extension supported.
[    0.326050] Registering SWP/SWPB emulation handler
[    0.326586] omap_voltage_late_init: Voltage driver support not added
[    0.327253] SmartReflex Class3 initialized
[    0.359015] Loading compiled-in X.509 certificates
[    0.399391] /ocp/interconnect@44c00000/segment@200000/target-module@b000/i2c@0/tda19988@70: Fixed dependency cycle(s) with /ocp/interconnect@48000000/segment@300000/target-module@e000/lcdc@0
[    0.406058] /ocp/interconnect@44c00000/segment@200000/target-module@b000/i2c@0/tda19988@70: Fixed dependency cycle(s) with /ocp/interconnect@48000000/segment@300000/target-module@e000/lcdc@0
[    0.453197] /ocp/interconnect@44c00000/segment@200000/target-module@b000/i2c@0/tda19988@70: Fixed dependency cycle(s) with /ocp/interconnect@48000000/segment@300000/target-module@e000/lcdc@0
[    0.454112] /ocp/interconnect@44c00000/segment@200000/target-module@b000/i2c@0/tda19988@70: Fixed dependency cycle(s) with /ocp/interconnect@48000000/segment@300000/target-module@e000/lcdc@0
[    0.457584] /ocp/interconnect@44c00000/segment@200000/target-module@10000/scm@0/pinmux@800: Fixed dependency cycle(s) with /ocp/interconnect@44c00000/segment@200000/target-module@10000/scm@0/pinmux@800/clkout2-pins
[    0.458174] pinctrl-single 44e10800.pinmux: 142 pins, size 568
[    0.463703] ti-sysc 44e31000.target-module: probe with driver ti-sysc failed with error -16
[    0.494137] /ocp/interconnect@48000000/segment@300000/target-module@e000/lcdc@0: Fixed dependency cycle(s) with /ocp/interconnect@44c00000/segment@200000/target-module@b000/i2c@0/tda19988@70
[    0.502411] ti-sysc 48040000.target-module: probe with driver ti-sysc failed with error -16
[    0.550565] OMAP GPIO hardware version 0.1
[    0.589122] omap_i2c 4819c000.i2c: bus 2 rev0.11 at 100 kHz
[    0.612504] 48000000.interconnect:segment@200000:target-module@0:mpu@0:fck: device ID is greater than 24
[    0.613442] /ocp/interconnect@48000000/segment@300000/target-module@e000/lcdc@0: Fixed dependency cycle(s) with /ocp/interconnect@44c00000/segment@200000/target-module@b000/i2c@0/tda19988@70
[    0.616291] /ocp/interconnect@48000000/segment@300000/target-module@e000/lcdc@0: Fixed dependency cycle(s) with /ocp/interconnect@44c00000/segment@200000/target-module@b000/i2c@0/tda19988@70
[    0.616995] /ocp/interconnect@44c00000/segment@200000/target-module@b000/i2c@0/tda19988@70: Fixed dependency cycle(s) with /ocp/interconnect@48000000/segment@300000/target-module@e000/lcdc@0
[    0.617150] /ocp/interconnect@48000000/segment@300000/target-module@e000/lcdc@0: Fixed dependency cycle(s) with /ocp/interconnect@44c00000/segment@200000/target-module@b000/i2c@0/tda19988@70
[    0.628538] sdhci-omap 481d8000.mmc: supply pbias not found, using dummy regulator
[    0.629033] sdhci-omap 481d8000.mmc: supply vqmmc not found, using dummy regulator
[    0.673916] davinci_mdio 4a101000.mdio: davinci mdio revision 1.6, bus freq 1000000
[    0.826713] davinci_mdio 4a101000.mdio: phy[0]: device 4a101000.mdio:00, driver SMSC LAN8710/LAN8720
[    0.827476] cpsw-switch 4a100000.switch: initialized cpsw ale version 1.4
[    0.827500] cpsw-switch 4a100000.switch: ALE Table size 1024, Policers 0
[    0.834338] cpsw-switch 4a100000.switch: cpts: overflow check period 500 (jiffies)
[    0.834362] cpsw-switch 4a100000.switch: CPTS: ref_clk_freq:250000000 calc_mult:2147483648 calc_shift:29 error:0 nsec/sec
[    0.834480] cpsw-switch 4a100000.switch: Detected MACID = 6c:ec:eb:68:de:78
[    0.836329] cpsw-switch 4a100000.switch: initialized (regs 0x4a100000, pool size 256) hw_ver:0019010C 1.12 (0)
[    0.847310] debugfs: Directory '49000000.dma' with parent 'dmaengine' already present!
[    0.847352] edma 49000000.dma: TI EDMA DMA engine driver
[    0.924050] 44e09000.serial: ttyS0 at MMIO 0x44e09000 (irq = 34, base_baud = 3000000) is a 8250
[    0.924140] printk: legacy console [ttyS0] enabled
[    2.372320] tps65217-pmic: Failed to locate of_node [id: -1]
[    2.378389] tps65217-bl: Failed to locate of_node [id: -1]
[    2.384428] platform tps65217-charger: DMA mask not set
[    2.390459] platform tps65217-pwrbutton: DMA mask not set
[    2.397830] tps65217 0-0024: TPS65217 ID 0xe version 1.2
[    2.403956] /ocp/interconnect@48000000/segment@300000/target-module@e000/lcdc@0: Fixed dependency cycle(s) with /ocp/interconnect@44c00000/segment@200000/target-module@b000/i2c@0/tda19988@70
[    2.421365] /ocp/interconnect@44c00000/segment@200000/target-module@b000/i2c@0/tda19988@70: Fixed dependency cycle(s) with /ocp/interconnect@48000000/segment@300000/target-module@e000/lcdc@0
[    2.438725] omap_i2c 44e0b000.i2c: bus 0 rev0.11 at 400 kHz
[    2.446565] omap_gpio 44e07000.gpio: Could not set line 6 debounce to 200000 microseconds (-22)
[    2.455488] sdhci-omap 48060000.mmc: Got CD GPIO
[    2.460493] sdhci-omap 48060000.mmc: supply pbias not found, using dummy regulator
[    2.470423] sdhci-omap 48060000.mmc: supply vqmmc not found, using dummy regulator
[    2.479736] sdhci-omap 481d8000.mmc: supply pbias not found, using dummy regulator
[    2.489518] sdhci-omap 481d8000.mmc: supply vqmmc not found, using dummy regulator
[    2.525137] mmc0: SDHCI controller on 48060000.mmc [48060000.mmc] using External DMA
[    2.533462] mmc1: SDHCI controller on 481d8000.mmc [481d8000.mmc] using External DMA
[    2.542211] cpsw-switch 4a100000.switch: starting ndev. mode: dual_mac
[    2.590494] mmc0: new high speed SDHC card at address 5048
[    2.597530] mmcblk0: mmc0:5048 SD16G 14.4 GiB
[    2.605816]  mmcblk0: p1 p2
[    2.609179] mmcblk0: p2 size 31221760 extends beyond EOD, truncated
[    2.622755] SMSC LAN8710/LAN8720 4a101000.mdio:00: attached PHY driver (mii_bus:phy_addr=4a101000.mdio:00, irq=POLL)
[    2.633755] mmc1: new high speed MMC card at address 0001
[    2.646321] mmcblk1: mmc1:0001 MMC04G 3.60 GiB
[    2.653947]  mmcblk1: p1 p2
[    2.658157] mmcblk1boot0: mmc1:0001 MMC04G 2.00 MiB
[    2.667071] mmcblk1boot1: mmc1:0001 MMC04G 2.00 MiB
[    2.676302] mmcblk1rpmb: mmc1:0001 MMC04G 128 KiB, chardev (248:0)
[    5.762117] cpsw-switch 4a100000.switch eth0: Link is Up - 100Mbps/Full - flow control off
[    5.801589] IP-Config: Complete:
[    5.804868]      device=eth0, hwaddr=6c:ec:eb:68:de:78, ipaddr=192.168.255.1, mask=255.255.255.0, gw=255.255.255.255
[    5.815534]      host=bbb1, domain=, nis-domain=(none)
[    5.820703]      bootserver=192.168.255.126, rootserver=192.168.255.126, rootpath=
[    5.821121] clk: Disabling unused clocks
[    5.832969] PM: genpd: Disabling unused power domains
[    5.838093] KTAP version 1
[    5.840815] 1..0
[    5.865608] VFS: Mounted root (nfs filesystem) on device 0:17.
[    5.872776] devtmpfs: mounted
[    5.877249] Freeing unused kernel image (initmem) memory: 1024K
[    5.884209] Run /sbin/init as init process
[    6.574875] systemd[1]: System time before build time, advancing clock.
[    8.101355] random: crng init done
[    8.113996] systemd[1]: systemd 232 running in system mode. (+PAM +AUDIT +SELINUX +IMA +APPARMOR +SMACK +SYSVINIT +UTMP +LIBCRYPTSETUP +GCRYPT +GNUTLS +ACL +XZ +LZ4 +SECCOMP +BLKID +ELFUTILS +KMOD +IDN)
[    8.133103] systemd[1]: Detected architecture arm.

Welcome to [1mDebian GNU/Linux 9 (stretch)[0m!

[    8.164666] systemd[1]: Set hostname to <arm>.
[    9.299684] systemd[1]: Set up automount Arbitrary Executable File Formats File System Automount Point.
[[0;32m  OK  [0m] Set up automount Arbitrary Executabâ€¦rmats File System Automount Point.
[    9.332801] systemd[1]: Created slice User and Session Slice.
[[0;32m  OK  [0m] Created slice User and Session Slice.
[    9.364348] systemd[1]: Listening on udev Kernel Socket.
[[0;32m  OK  [0m] Listening on udev Kernel Socket.
[    9.393177] systemd[1]: systemd-journald.socket: SO_PASSSEC failed: Operation not supported
[    9.402084] systemd[1]: systemd-journald.socket: SO_PASSSEC failed: Operation not supported
[    9.410664] systemd[1]: Listening on Journal Socket.
[[0;32m  OK  [0m] Listening on Journal Socket.
[    9.432266] systemd[1]: Started Forward Password Requests to Wall Directory Watch.
[[0;32m  OK  [0m] Started Forward Password Requests to Wall Directory Watch.
[[0;32m  OK  [0m] Listening on /dev/initctl Compatibility Named Pipe.
[[0;32m  OK  [0m] Reached target Remote File Systems.
[[0;32m  OK  [0m] Listening on udev Control Socket.
[[0;32m  OK  [0m] Reached target Swap.
[[0;32m  OK  [0m] Listening on Journal Socket (/dev/log).
[[0;32m  OK  [0m] Started Dispatch Password Requests to Console Directory Watch.
[[0;32m  OK  [0m] Reached target Encrypted Volumes.
[[0;32m  OK  [0m] Listening on Syslog Socket.
[[0;32m  OK  [0m] Listening on Journal Audit Socket.
[[0;32m  OK  [0m] Created slice System Slice.
[[0;32m  OK  [0m] Reached target Slices.
         Starting Create list of required stâ€¦ce nodes for the current kernel...
[[0;32m  OK  [0m] Created slice system-getty.slice.
         Mounting Debug File System...
         Starting Journal Service...
         Mounting POSIX Message Queue File System...
[[0;32m  OK  [0m] Created slice system-serial\x2dgetty.slice.
         Starting Load Kernel Modules...
[[0;32m  OK  [0m] Reached target Paths.
         Starting Remount Root and Kernel File Systems...
[[0;32m  OK  [0m] Mounted POSIX Message Queue File System.
[[0;32m  OK  [0m] Mounted Debug File System.
[[0;32m  OK  [0m] Started Create list of required staâ€¦vice nodes for the current kernel.
         Starting Create Static Device Nodes in /dev...
[[0;32m  OK  [0m] Started Load Kernel Modules.
         Starting Apply Kernel Variables...
         Mounting Configuration File System...
[[0;32m  OK  [0m] Started Remount Root and Kernel File Systems.
         Starting udev Coldplug all Devices...
         Starting Load/Save Random Seed...
[[0;32m  OK  [0m] Mounted Configuration File System.
[[0;32m  OK  [0m] Started Apply Kernel Variables.
[[0;32m  OK  [0m] Started Load/Save Random Seed.
[[0;32m  OK  [0m] Started Create Static Device Nodes in /dev.
         Starting udev Kernel Device Manager...
[[0;32m  OK  [0m] Reached target Local File Systems (Pre).
[[0;32m  OK  [0m] Reached target Local File Systems.
         Starting Raise network interfaces...
[[0;32m  OK  [0m] Started Journal Service.
         Starting Flush Journal to Persistent Storage...
[   11.760362] systemd-journald[82]: Received request to flush runtime journal from PID 1
[[0;32m  OK  [0m] Started Flush Journal to Persistent Storage.
         Starting Create Volatile Files and Directories...
[[0;32m  OK  [0m] Started udev Kernel Device Manager.
[[0;32m  OK  [0m] Started Create Volatile Files and Directories.
         Starting Network Time Synchronization...
         Starting Update UTMP about System Boot/Shutdown...
[[0;32m  OK  [0m] Started Update UTMP about System Boot/Shutdown.
[[0;32m  OK  [0m] Started udev Coldplug all Devices.
[[0;32m  OK  [0m] Started Network Time Synchronization.
[[0;32m  OK  [0m] Reached target System Time Synchronized.
[[0;32m  OK  [0m] Reached target System Initialization.
[[0;32m  OK  [0m] Started Daily apt download activities.
[[0;32m  OK  [0m] Listening on Avahi mDNS/DNS-SD Stack Activation Socket.
[[0;32m  OK  [0m] Listening on D-Bus System Message Bus Socket.
[[0;32m  OK  [0m] Reached target Sockets.
[[0;32m  OK  [0m] Reached target Basic System.
[   14.944267] remoteproc remoteproc0: wkup_m3 is available
         Starting LSB: Start busybox udhcpd at boot time...
         Starting System Logging Service...
[   15.139576] omap_rtc 44e3e000.rtc: registered as rtc0
[   15.144938] omap_rtc 44e3e000.rtc: setting system clock to 2000-01-01T00:00:00 UTC (946684800)
         Starting Telephony service...
[   15.298911] at24 2-0054: supply vcc not found, using dummy regulator
         Starting Login Service...
[   15.442887] at24 2-0055: supply vcc not found, using dummy regulator
         Starting DUN service...
[   15.582371] at24 2-0056: supply vcc not found, using dummy regulator
[   15.665060] input: tps65217_pwrbutton as /devices/platform/ocp/44c00000.interconnect/44c00000.interconnect:segment@200000/44e0b000.target-module/44e0b000.i2c/i2c-0/0-0024/tps65217-pwrbutton/input/input0
[   15.749060] at24 2-0057: supply vcc not found, using dummy regulator
[[0;32m  OK  [0m] Started Regular background program processing daemon.
[   15.876465] at24 0-0050: 32768 byte 24c256 EEPROM, writable, 1 bytes/write
[[0;32m  OK  [0m] Started Daily apt upgrade and clean activities.
         Starting Generic Board Startup...
         Starting Cape Manager Service...
[[0;32m  OK  [0m] Started Daily Cleanup of Temporary Directories.
[[0;32m  OK  [0m] Reached target Timers.
         Starting Avahi mDNS/DNS-SD Stack...
[[0;32m  OK  [0m] Started D-Bus System Message Bus.
[   16.571616] omap_wdt: OMAP Watchdog Timer Rev 0x01: initial timeout 60 sec
[   16.699159] am335x-phy-driver 47401300.usb-phy: dummy supplies not allowed for exclusive requests (id=vbus)
[   16.920341] am335x-phy-driver 47401b00.usb-phy: dummy supplies not allowed for exclusive requests (id=vbus)
[   17.425050] usbcore: registered new interface driver usbfs
[   17.430697] usbcore: registered new interface driver hub
[   17.436400] usbcore: registered new device driver usb
[   18.091871] tda998x 0-0070: found TDA19988
[   18.364932] omap-mailbox 480c8000.mailbox: omap mailbox rev 0x400
[   18.409887] musb-hdrc musb-hdrc.1: MUSB HDRC host driver
[   18.415507] musb-hdrc musb-hdrc.1: new USB bus registered, assigned bus number 1
[   18.482254] remoteproc remoteproc0: powering up wkup_m3
[   18.648895] remoteproc remoteproc0: Direct firmware load for am335x-pm-firmware.elf failed with error -2
[   18.658926] remoteproc remoteproc0: request_firmware failed: -2
[   18.665032] wkup_m3_ipc 44e11324.wkup_m3_ipc: rproc_boot failed
[   18.760754] usb usb1: New USB device found, idVendor=1d6b, idProduct=0002, bcdDevice= 6.16
[   18.770716] usb usb1: New USB device strings: Mfr=3, Product=2, SerialNumber=1
[   18.779422] usb usb1: Product: MUSB HDRC host driver
[   18.784519] usb usb1: Manufacturer: Linux 6.16.0-rc2-next-20250617 musb-hcd
[   18.791563] usb usb1: SerialNumber: musb-hdrc.1
[   19.212968] hub 1-0:1.0: USB hub found
[   19.218276] hub 1-0:1.0: 1 port detected
[   20.344991] omap_rng 48310000.rng: Random Number Generator ver. 20
[   20.609271] tilcdc 4830e000.lcdc: bound 0-0070 (ops 0xbf13c0f8)
[   20.674747] [drm] Initialized tilcdc 1.0.0 for 4830e000.lcdc on minor 0
[   20.762793] tilcdc 4830e000.lcdc: [drm] Cannot find any crtc or sizes
[   20.770735] tilcdc 4830e000.lcdc: [drm] Cannot find any crtc or sizes
[[0;32m  OK  [0m] Started DUN service.
[[0;32m  OK  [0m] Started Avahi mDNS/DNS-SD Stack.
[[0;32m  OK  [0m] Started Telephony service.
         Starting Connection service...
         Starting LSB: Load kernel modules needed to enable cpufreq scaling...
[[0;32m  OK  [0m] Started System Logging Service.
[   21.755161] PM: Cannot get wkup_m3_ipc handle
[[0;32m  OK  [0m] Started Cape Manager Service.
[   22.106098] omap-sham 53100000.sham: hw accel on OMAP rev 4.3
[   22.225749] omap-aes 53500000.aes: OMAP AES hw accel rev: 3.2
[   22.244283] omap-sham 53100000.sham: will run requests pump with realtime priority
[   22.272711] PM: Cannot get wkup_m3_ipc handle
[[0;32m  OK  [0m] Found device /dev/ttyS0.
[   22.365432] omap-aes 53500000.aes: will run requests pump with realtime priority
[   22.384061] PM: Cannot get wkup_m3_ipc handle
[   23.442648] Bluetooth: Core ver 2.22
[   23.446474] NET: Registered PF_BLUETOOTH protocol family
[   23.452003] Bluetooth: HCI device and connection manager initialized
[   23.458422] Bluetooth: HCI socket layer initialized
[   23.463386] Bluetooth: L2CAP socket layer initialized
[   23.468499] Bluetooth: SCO socket layer initialized
[   25.762088] gpio-537 (nxp,calib): gpiod_direction_output_nonotify: tried to set a GPIO tied to an IRQ as output
[   25.844602] PM: Cannot get wkup_m3_ipc handle
[   25.989814] PM: Cannot get wkup_m3_ipc handle
[   26.056391] tda9950 0-0034: TDA9950 CEC interface, hardware version 3.3
[   26.203119] PM: Cannot get wkup_m3_ipc handle
[[0;32m  OK  [0m] Started LSB: Start busybox udhcpd at boot time.
[[0;32m  OK  [0m] Started Raise network interfaces.
[   28.579986] configfs-gadget.g_multi gadget.0: HOST MAC 1c:ba:8c:a2:ed:6c
[   28.586996] configfs-gadget.g_multi gadget.0: MAC 1c:ba:8c:a2:ed:70
[   28.594398] configfs-gadget.g_multi gadget.0: HOST MAC 1c:ba:8c:a2:ed:6c
[   28.601159] configfs-gadget.g_multi gadget.0: MAC 1c:ba:8c:a2:ed:6d
[   28.608389] PM: Cannot get wkup_m3_ipc handle
[[0;32m  OK  [0m] Started LSB: Load kernel modules needed to enable cpufreq scaling.
[[0;32m  OK  [0m] Started Connection service.
[[0;32m  OK  [0m] Started Login Service.
[[0;32m  OK  [0m] Reached target Sound Card.
         Starting LSB: set CPUFreq kernel parameters...
[[0;32m  OK  [0m] Reached target Network.
         Starting Permit User Sessions...
[[0;32m  OK  [0m] Reached target Network is Online.
         Starting LSB: Advanced IEEE 802.11 management daemon...
         Starting The Apache HTTP Server...
         Starting OpenBSD Secure Shell server...
[[0;32m  OK  [0m] Started Permit User Sessions.
[[0;32m  OK  [0m] Started LSB: Advanced IEEE 802.11 management daemon.
         Starting Hostname Service...
         Starting WPA supplicant...
[[0;32m  OK  [0m] Started Getty on tty1.
[[0;32m  OK  [0m] Started Serial Getty on ttyS0.
[[0;32m  OK  [0m] Reached target Login Prompts.
[[0;32m  OK  [0m] Started LSB: set CPUFreq kernel parameters.
[[0;32m  OK  [0m] Started WPA supplicant.
[[0;32m  OK  [0m] Started Hostname Service.
[[0;32m  OK  [0m] Started OpenBSD Secure Shell server.
         Stopping LSB: Start busybox udhcpd at boot time...
[[0;32m  OK  [0m] Stopped LSB: Start busybox udhcpd at boot time.
[[0;32m  OK  [0m] Started The Apache HTTP Server.
         Starting dnsmasq - A lightweight DHCP and caching DNS server...
[[0;32m  OK  [0m] Started dnsmasq - A lightweight DHCP and caching DNS server.
[[0;32m  OK  [0m] Reached target Host and Network Name Lookups.
[[0;32m  OK  [0m] Started Serial Getty on ttyGS0.
[[0;32m  OK  [0m] Started Generic Board Startup.
[[0;32m  OK  [0m] Reached target Multi-User System.
[[0;32m  OK  [0m] Reached target Graphical Interface.
         Starting Update UTMP about System Runlevel Changes...
[[0;32m  OK  [0m] Started Update UTMP about System Runlevel Changes.

Debian GNU/Linux 9 arm ttyS0

default username:password is [debian:temppwd]

arm login: root
Password: 
Last login: Sat Jan  1 00:00:35 UTC 2000 on ttyS0
root
Linux arm 6.16.0-rc2-next-20250617 #1 SMP Tue Jun 17 10:37:04 EEST 2025 armv7l

The programs included with the Debian GNU/Linux system are free software;
the exact distribution terms for each program are described in the
individual files in /usr/share/doc/*/copyright.

Debian GNU/Linux comes with ABSOLUTELY NO WARRANTY, to the extent
permitted by applicable law.
root@arm:~# root
dmesg -n 1
-bash: root: command not found
root@arm:~# dmesg -n 1
root@arm:~# echo 'MFAK''ZYLVSC'
MFAKZYLVSC
root@arm:~# run() { echo -n "$MARKER"; sh -c "$@"; echo "$MARKER $?"; }
root@arm:~# echo 'JYXA''CAEJUB'
JYXACAEJUB
root@arm:~# MARKER='JPHH''EOZSZU' run 'cat /proc/version'
JPHHEOZSZULinux version 6.16.0-rc2-next-20250617 (user01@drvtest01) (arm-none-eabi-gcc (Arm GNU Toolchain 14.2.Rel1 (Build arm-14.52)) 14.2.1 20241119, GNU ld (Arm GNU Toolchain 14.2.Rel1 (Build arm-14.52)) 2.43.1.20241119) #1 SMP Tue Jun 17 10:37:04 EEST 2025
JPHHEOZSZU 0
root@arm:~# echo 'GOZS''WUWXJZ'
GOZSWUWXJZ
root@arm:~# MARKER='ENMO''WAXHEY' run false
ENMOWAXHEYENMOWAXHEY 1
root@arm:~# Labgrid Console Logfile for main
Logfile started at 2025-06-17 10:41:53.907394
=== Log starts here ===

root@arm:~# run() { echo -n "$MARKER"; sh -c "$@"; echo "$MARKER $?"; }
root@arm:~# echo 'FOPX''COYSKP'
FOPXCOYSKP
root@arm:~# MARKER='COFK''AXKXQN' run 'ls /iio_generic_buffer; echo $?'
COFKAXKXQN/iio_generic_buffer
0
COFKAXKXQN 0
root@arm:~# Labgrid Console Logfile for main
Logfile started at 2025-06-17 10:41:57.262130
=== Log starts here ===

root@arm:~# run() { echo -n "$MARKER"; sh -c "$@"; echo "$MARKER $?"; }
root@arm:~# echo 'TMQC''BQVHTT'
TMQCBQVHTT
root@arm:~# MARKER='QQEM''HJXOSZ' run dmesg
QQEMHJXOSZ[    0.000000] Booting Linux on physical CPU 0x0
[    0.000000] Linux version 6.16.0-rc2-next-20250617 (user01@drvtest01) (arm-none-eabi-gcc (Arm GNU Toolchain 14.2.Rel1 (Build arm-14.52)) 14.2.1 20241119, GNU ld (Arm GNU Toolchain 14.2.Rel1 (Build arm-14.52)) 2.43.1.20241119) #1 SMP Tue Jun 17 10:37:04 EEST 2025
[    0.000000] CPU: ARMv7 Processor [413fc082] revision 2 (ARMv7), cr=10c5387d
[    0.000000] CPU: PIPT / VIPT nonaliasing data cache, VIPT aliasing instruction cache
[    0.000000] OF: fdt: Machine model: TI AM335x BeagleBone Black
[    0.000000] Memory policy: Data cache writeback
[    0.000000] cma: Reserved 16 MiB at 0x9e800000
[    0.000000] Zone ranges:
[    0.000000]   Normal   [mem 0x0000000080000000-0x000000009fdfffff]
[    0.000000]   HighMem  empty
[    0.000000] Movable zone start for each node
[    0.000000] Early memory node ranges
[    0.000000]   node   0: [mem 0x0000000080000000-0x000000009fdfffff]
[    0.000000] Initmem setup node 0 [mem 0x0000000080000000-0x000000009fdfffff]
[    0.000000] On node 0, zone Normal: 512 pages in unavailable ranges
[    0.000000] OF: reserved mem: Reserved memory: No reserved-memory node in the DT
[    0.000000] CPU: All CPU(s) started in SVC mode.
[    0.000000] AM335X ES2.1 (sgx neon)
[    0.000000] percpu: Embedded 17 pages/cpu s39820 r8192 d21620 u69632
[    0.000000] pcpu-alloc: s39820 r8192 d21620 u69632 alloc=17*4096
[    0.000000] pcpu-alloc: [0] 0 
[    0.000000] Kernel command line: console=ttyO0,115200n8 root=/dev/nfs rw nfsroot=192.168.255.126:/home/user01/nfs,nfsvers=3 ip=192.168.255.1:192.168.255.126::255.255.255.0:bbb1:eth0 nfsrootdebug
[    0.000000] Unknown kernel command line parameters "nfsrootdebug", will be passed to user space.
[    0.000000] printk: log buffer data + meta data: 65536 + 204800 = 270336 bytes
[    0.000000] Dentry cache hash table entries: 65536 (order: 6, 262144 bytes, linear)
[    0.000000] Inode-cache hash table entries: 32768 (order: 5, 131072 bytes, linear)
[    0.000000] Built 1 zonelists, mobility grouping on.  Total pages: 130560
[    0.000000] mem auto-init: stack:off, heap alloc:off, heap free:off
[    0.000000] SLUB: HWalign=16, Order=0-3, MinObjects=0, CPUs=1, Nodes=1
[    0.000000] rcu: Hierarchical RCU implementation.
[    0.000000] rcu: 	RCU event tracing is enabled.
[    0.000000] rcu: 	RCU restricting CPUs from NR_CPUS=2 to nr_cpu_ids=1.
[    0.000000] 	Tracing variant of Tasks RCU enabled.
[    0.000000] rcu: RCU calculated value of scheduler-enlistment delay is 10 jiffies.
[    0.000000] rcu: Adjusting geometry for rcu_fanout_leaf=16, nr_cpu_ids=1
[    0.000000] RCU Tasks Trace: Setting shift to 0 and lim to 1 rcu_task_cb_adjust=1 rcu_task_cpu_ids=1.
[    0.000000] NR_IRQS: 16, nr_irqs: 16, preallocated irqs: 16
[    0.000000] IRQ: Found an INTC at 0x(ptrval) (revision 5.0) with 128 interrupts
[    0.000000] rcu: srcu_init: Setting srcu_struct sizes based on contention.
[    0.000000] TI gptimer clocksource: always-on /ocp/interconnect@44c00000/segment@200000/target-module@31000
[    0.000002] sched_clock: 32 bits at 24MHz, resolution 41ns, wraps every 89478484971ns
[    0.000026] clocksource: dmtimer: mask: 0xffffffff max_cycles: 0xffffffff, max_idle_ns: 79635851949 ns
[    0.000526] TI gptimer clockevent: 24000000 Hz at /ocp/interconnect@48000000/segment@0/target-module@40000
[    0.002138] Console: colour dummy device 80x30
[    0.002201] WARNING: Your 'console=ttyO0' has been replaced by 'ttyS0'
[    0.002208] This ensures that you still see kernel messages. Please
[    0.002213] update your kernel commandline.
[    0.002255] Calibrating delay loop... 996.14 BogoMIPS (lpj=4980736)
[    0.090571] CPU: Testing write buffer coherency: ok
[    0.090683] CPU0: Spectre v2: using BPIALL workaround
[    0.090693] pid_max: default: 32768 minimum: 301
[    0.090846] LSM: initializing lsm=capability
[    0.091018] Mount-cache hash table entries: 1024 (order: 0, 4096 bytes, linear)
[    0.091036] Mountpoint-cache hash table entries: 1024 (order: 0, 4096 bytes, linear)
[    0.092639] CPU0: thread -1, cpu 0, socket -1, mpidr 0
[    0.092696] cacheinfo: Unable to detect cache hierarchy for CPU 0
[    0.094750] Setting up static identity map for 0x80100000 - 0x80100078
[    0.095057] rcu: Hierarchical SRCU implementation.
[    0.095067] rcu: 	Max phase no-delay instances is 1000.
[    0.096793] smp: Bringing up secondary CPUs ...
[    0.096848] smp: Brought up 1 node, 1 CPU
[    0.096860] SMP: Total of 1 processors activated (996.14 BogoMIPS).
[    0.096871] CPU: All CPU(s) started in SVC mode.
[    0.097062] Memory: 480828K/522240K available (11264K kernel code, 1215K rwdata, 2924K rodata, 1024K init, 285K bss, 23380K reserved, 16384K cma-reserved, 0K highmem)
[    0.097871] devtmpfs: initialized
[    0.115003] VFP support v0.3: implementor 41 architecture 3 part 30 variant c rev 3
[    0.115639] clocksource: jiffies: mask: 0xffffffff max_cycles: 0xffffffff, max_idle_ns: 19112604462750000 ns
[    0.115694] posixtimers hash table entries: 512 (order: 0, 4096 bytes, linear)
[    0.115721] futex hash table entries: 256 (16384 bytes on 1 NUMA nodes, total 16 KiB, linear).
[    0.116845] pinctrl core: initialized pinctrl subsystem
[    0.118865] NET: Registered PF_NETLINK/PF_ROUTE protocol family
[    0.121991] DMA: preallocated 256 KiB pool for atomic coherent allocations
[    0.122951] audit: initializing netlink subsys (disabled)
[    0.124306] thermal_sys: Registered thermal governor 'fair_share'
[    0.124322] thermal_sys: Registered thermal governor 'step_wise'
[    0.124330] thermal_sys: Registered thermal governor 'user_space'
[    0.124448] audit: type=2000 audit(0.120:1): state=initialized audit_enabled=0 res=1
[    0.124521] cpuidle: using governor menu
[    0.142665] /ocp/interconnect@44c00000/segment@200000/target-module@b000/i2c@0/tda19988@70: Fixed dependency cycle(s) with /ocp/interconnect@48000000/segment@300000/target-module@e000/lcdc@0
[    0.143800] /ocp/interconnect@48000000/segment@300000/target-module@e000/lcdc@0: Fixed dependency cycle(s) with /ocp/interconnect@44c00000/segment@200000/target-module@b000/i2c@0/tda19988@70
[    0.145976] No ATAGs?
[    0.146017] hw-breakpoint: debug architecture 0x4 unsupported.
[    0.148731] kprobes: kprobe jump-optimization is enabled. All kprobes are optimized if possible.
[    0.154045] iommu: Default domain type: Translated
[    0.154066] iommu: DMA domain TLB invalidation policy: strict mode
[    0.155643] reg-fixed-voltage fixedregulator0: using DT '/fixedregulator0' for '(default)' GPIO lookup
[    0.155698] of_get_named_gpiod_flags: can't parse 'gpios' property of node '/fixedregulator0[0]'
[    0.155728] of_get_named_gpiod_flags: can't parse 'gpio' property of node '/fixedregulator0[0]'
[    0.155745] reg-fixed-voltage fixedregulator0: using lookup tables for GPIO lookup
[    0.155755] reg-fixed-voltage fixedregulator0: No GPIO consumer (default) found
[    0.161409] SCSI subsystem initialized
[    0.161891] libata version 3.00 loaded.
[    0.162264] pps_core: LinuxPPS API ver. 1 registered
[    0.162277] pps_core: Software ver. 5.3.6 - Copyright 2005-2007 Rodolfo Giometti <giometti@linux.it>
[    0.162300] PTP clock support registered
[    0.170956] vgaarb: loaded
[    0.171333] clocksource: Switched to clocksource dmtimer
[    0.171994] VFS: Disk quotas dquot_6.6.0
[    0.172052] VFS: Dquot-cache hash table entries: 1024 (order 0, 4096 bytes)
[    0.196598] NET: Registered PF_INET protocol family
[    0.196932] IP idents hash table entries: 8192 (order: 4, 65536 bytes, linear)
[    0.198347] tcp_listen_portaddr_hash hash table entries: 512 (order: 0, 4096 bytes, linear)
[    0.198385] Table-perturb hash table entries: 65536 (order: 6, 262144 bytes, linear)
[    0.198403] TCP established hash table entries: 4096 (order: 2, 16384 bytes, linear)
[    0.198448] TCP bind hash table entries: 4096 (order: 4, 65536 bytes, linear)
[    0.198548] TCP: Hash tables configured (established 4096 bind 4096)
[    0.198668] UDP hash table entries: 256 (order: 1, 14336 bytes, linear)
[    0.198704] UDP-Lite hash table entries: 256 (order: 1, 14336 bytes, linear)
[    0.198893] NET: Registered PF_UNIX/PF_LOCAL protocol family
[    0.200171] RPC: Registered named UNIX socket transport module.
[    0.200190] RPC: Registered udp transport module.
[    0.200196] RPC: Registered tcp transport module.
[    0.200200] RPC: Registered tcp-with-tls transport module.
[    0.200206] RPC: Registered tcp NFSv4.1 backchannel transport module.
[    0.200230] PCI: CLS 0 bytes, default 64
[    0.201738] Initialise system trusted keyrings
[    0.211903] workingset: timestamp_bits=14 max_order=17 bucket_order=3
[    0.213251] NFS: Registering the id_resolver key type
[    0.213331] Key type id_resolver registered
[    0.213339] Key type id_legacy registered
[    0.213444] jffs2: version 2.2. (NAND) (SUMMARY)  Â© 2001-2006 Red Hat, Inc.
[    0.213902] Key type asymmetric registered
[    0.213918] Asymmetric key parser 'x509' registered
[    0.213989] io scheduler mq-deadline registered
[    0.213999] io scheduler kyber registered
[    0.214074] io scheduler bfq registered
[    0.215954] target-module@4b000000:target-module@140000:pmu@0:fck: device ID is greater than 24
[    0.222138] l3-aon-clkctrl:0000:0: failed to disable
[    0.231509] ledtrig-cpu: registered to indicate activity on CPUs
[    0.234351] Serial: 8250/16550 driver, 6 ports, IRQ sharing enabled
[    0.274689] brd: module loaded
[    0.296285] loop: module loaded
[    0.297224] mtdoops: mtd device (mtddev=name/number) must be supplied
[    0.298913] mdio_bus fixed-0: using lookup tables for GPIO lookup
[    0.298939] mdio_bus fixed-0: No GPIO consumer reset found
[    0.300288] i2c_dev: i2c /dev entries driver
[    0.301274] cpuidle: enable-method property 'ti,am3352' found operations
[    0.301927] sdhci: Secure Digital Host Controller Interface driver
[    0.301938] sdhci: Copyright(c) Pierre Ossman
[    0.302110] sdhci-pltfm: SDHCI platform and OF driver helper
[    0.303583] hw perfevents: enabled with armv7_cortex_a8 PMU driver, 5 (8000000f) counters available
[    0.304094] Initializing XFRM netlink socket
[    0.304276] NET: Registered PF_INET6 protocol family
[    0.309935] l3-aon-clkctrl:0000:0: failed to disable
[    0.324543] Segment Routing with IPv6
[    0.324631] In-situ OAM (IOAM) with IPv6
[    0.324728] sit: IPv6, IPv4 and MPLS over IPv4 tunneling driver
[    0.325671] NET: Registered PF_PACKET protocol family
[    0.325698] NET: Registered PF_KEY protocol family
[    0.325812] Key type dns_resolver registered
[    0.326031] ThumbEE CPU extension supported.
[    0.326050] Registering SWP/SWPB emulation handler
[    0.326586] omap_voltage_late_init: Voltage driver support not added
[    0.327253] SmartReflex Class3 initialized
[    0.359015] Loading compiled-in X.509 certificates
[    0.399391] /ocp/interconnect@44c00000/segment@200000/target-module@b000/i2c@0/tda19988@70: Fixed dependency cycle(s) with /ocp/interconnect@48000000/segment@300000/target-module@e000/lcdc@0
[    0.406058] /ocp/interconnect@44c00000/segment@200000/target-module@b000/i2c@0/tda19988@70: Fixed dependency cycle(s) with /ocp/interconnect@48000000/segment@300000/target-module@e000/lcdc@0
[    0.411675] gpiochip_find_base_unlocked: found new base at 512
[    0.453197] /ocp/interconnect@44c00000/segment@200000/target-module@b000/i2c@0/tda19988@70: Fixed dependency cycle(s) with /ocp/interconnect@48000000/segment@300000/target-module@e000/lcdc@0
[    0.454112] /ocp/interconnect@44c00000/segment@200000/target-module@b000/i2c@0/tda19988@70: Fixed dependency cycle(s) with /ocp/interconnect@48000000/segment@300000/target-module@e000/lcdc@0
[    0.457584] /ocp/interconnect@44c00000/segment@200000/target-module@10000/scm@0/pinmux@800: Fixed dependency cycle(s) with /ocp/interconnect@44c00000/segment@200000/target-module@10000/scm@0/pinmux@800/clkout2-pins
[    0.458174] pinctrl-single 44e10800.pinmux: 142 pins, size 568
[    0.463703] ti-sysc 44e31000.target-module: probe with driver ti-sysc failed with error -16
[    0.494137] /ocp/interconnect@48000000/segment@300000/target-module@e000/lcdc@0: Fixed dependency cycle(s) with /ocp/interconnect@44c00000/segment@200000/target-module@b000/i2c@0/tda19988@70
[    0.502411] ti-sysc 48040000.target-module: probe with driver ti-sysc failed with error -16
[    0.513868] gpiochip_find_base_unlocked: found new base at 512
[    0.513969] gpio gpiochip0: (gpio-0-31): created GPIO range 0->7 ==> 44e10800.pinmux PIN 0->7
[    0.513990] gpio gpiochip0: (gpio-0-31): created GPIO range 8->11 ==> 44e10800.pinmux PIN 90->93
[    0.514006] gpio gpiochip0: (gpio-0-31): created GPIO range 12->27 ==> 44e10800.pinmux PIN 12->27
[    0.514021] gpio gpiochip0: (gpio-0-31): created GPIO range 28->31 ==> 44e10800.pinmux PIN 30->33
[    0.550331] gpio gpiochip0: (gpio-0-31): added GPIO chardev (254:0)
[    0.550478] gpio gpiochip0: registered GPIOs 512 to 543 on gpio-0-31
[    0.550565] OMAP GPIO hardware version 0.1
[    0.588131] i2c i2c-2: using DT '/ocp/interconnect@48000000/segment@100000/target-module@9c000/i2c@0' for 'scl' GPIO lookup
[    0.588205] of_get_named_gpiod_flags: can't parse 'scl-gpios' property of node '/ocp/interconnect@48000000/segment@100000/target-module@9c000/i2c@0[0]'
[    0.588248] of_get_named_gpiod_flags: can't parse 'scl-gpio' property of node '/ocp/interconnect@48000000/segment@100000/target-module@9c000/i2c@0[0]'
[    0.588283] i2c i2c-2: using lookup tables for GPIO lookup
[    0.588293] i2c i2c-2: No GPIO consumer scl found
[    0.588314] i2c i2c-2: using DT '/ocp/interconnect@48000000/segment@100000/target-module@9c000/i2c@0' for 'sda' GPIO lookup
[    0.588349] of_get_named_gpiod_flags: can't parse 'sda-gpios' property of node '/ocp/interconnect@48000000/segment@100000/target-module@9c000/i2c@0[0]'
[    0.588385] of_get_named_gpiod_flags: can't parse 'sda-gpio' property of node '/ocp/interconnect@48000000/segment@100000/target-module@9c000/i2c@0[0]'
[    0.588416] i2c i2c-2: using lookup tables for GPIO lookup
[    0.588423] i2c i2c-2: No GPIO consumer sda found
[    0.589122] omap_i2c 4819c000.i2c: bus 2 rev0.11 at 100 kHz
[    0.595012] gpiochip_find_base_unlocked: found new base at 544
[    0.595119] gpio gpiochip1: (gpio-32-63): created GPIO range 0->17 ==> 44e10800.pinmux PIN 34->51
[    0.595141] gpio gpiochip1: (gpio-32-63): created GPIO range 18->21 ==> 44e10800.pinmux PIN 77->80
[    0.595168] gpio gpiochip1: (gpio-32-63): created GPIO range 22->31 ==> 44e10800.pinmux PIN 56->65
[    0.602980] gpio gpiochip1: (gpio-32-63): added GPIO chardev (254:1)
[    0.603149] gpio gpiochip1: registered GPIOs 544 to 575 on gpio-32-63
[    0.605402] gpiochip_find_base_unlocked: found new base at 576
[    0.605490] gpio gpiochip2: (gpio-64-95): created GPIO range 0->4 ==> 44e10800.pinmux PIN 66->70
[    0.605509] gpio gpiochip2: (gpio-64-95): created GPIO range 5->6 ==> 44e10800.pinmux PIN 98->99
[    0.605524] gpio gpiochip2: (gpio-64-95): created GPIO range 7->8 ==> 44e10800.pinmux PIN 75->76
[    0.605539] gpio gpiochip2: (gpio-64-95): created GPIO range 13->13 ==> 44e10800.pinmux PIN 141->141
[    0.605555] gpio gpiochip2: (gpio-64-95): created GPIO range 14->21 ==> 44e10800.pinmux PIN 100->107
[    0.606195] gpio gpiochip2: (gpio-64-95): added GPIO chardev (254:2)
[    0.606322] gpio gpiochip2: registered GPIOs 576 to 607 on gpio-64-95
[    0.612504] 48000000.interconnect:segment@200000:target-module@0:mpu@0:fck: device ID is greater than 24
[    0.613442] /ocp/interconnect@48000000/segment@300000/target-module@e000/lcdc@0: Fixed dependency cycle(s) with /ocp/interconnect@44c00000/segment@200000/target-module@b000/i2c@0/tda19988@70
[    0.616291] /ocp/interconnect@48000000/segment@300000/target-module@e000/lcdc@0: Fixed dependency cycle(s) with /ocp/interconnect@44c00000/segment@200000/target-module@b000/i2c@0/tda19988@70
[    0.616995] /ocp/interconnect@44c00000/segment@200000/target-module@b000/i2c@0/tda19988@70: Fixed dependency cycle(s) with /ocp/interconnect@48000000/segment@300000/target-module@e000/lcdc@0
[    0.617150] /ocp/interconnect@48000000/segment@300000/target-module@e000/lcdc@0: Fixed dependency cycle(s) with /ocp/interconnect@44c00000/segment@200000/target-module@b000/i2c@0/tda19988@70
[    0.626920] mdio_bus 4a101000.mdio: using DT '/ocp/interconnect@4a000000/segment@0/target-module@100000/switch@0/mdio@1000' for 'reset' GPIO lookup
[    0.626994] of_get_named_gpiod_flags: can't parse 'reset-gpios' property of node '/ocp/interconnect@4a000000/segment@0/target-module@100000/switch@0/mdio@1000[0]'
[    0.627041] of_get_named_gpiod_flags: can't parse 'reset-gpio' property of node '/ocp/interconnect@4a000000/segment@0/target-module@100000/switch@0/mdio@1000[0]'
[    0.627088] mdio_bus 4a101000.mdio: using lookup tables for GPIO lookup
[    0.627098] mdio_bus 4a101000.mdio: No GPIO consumer reset found
[    0.628196] sdhci-omap 481d8000.mmc: using DT '/ocp/interconnect@48000000/segment@100000/target-module@d8000/mmc@0' for 'wp' GPIO lookup
[    0.628257] of_get_named_gpiod_flags: can't parse 'wp-gpios' property of node '/ocp/interconnect@48000000/segment@100000/target-module@d8000/mmc@0[0]'
[    0.628299] of_get_named_gpiod_flags: can't parse 'wp-gpio' property of node '/ocp/interconnect@48000000/segment@100000/target-module@d8000/mmc@0[0]'
[    0.628332] sdhci-omap 481d8000.mmc: using lookup tables for GPIO lookup
[    0.628342] sdhci-omap 481d8000.mmc: No GPIO consumer wp found
[    0.628538] sdhci-omap 481d8000.mmc: supply pbias not found, using dummy regulator
[    0.629033] sdhci-omap 481d8000.mmc: supply vqmmc not found, using dummy regulator
[    0.673916] davinci_mdio 4a101000.mdio: davinci mdio revision 1.6, bus freq 1000000
[    0.691589] mdio_bus 4a101000.mdio:00: using DT '/ocp/interconnect@4a000000/segment@0/target-module@100000/switch@0/mdio@1000/ethernet-phy@0' for 'reset' GPIO lookup
[    0.691689] of_get_named_gpiod_flags: parsed 'reset-gpios' property of node '/ocp/interconnect@4a000000/segment@0/target-module@100000/switch@0/mdio@1000/ethernet-phy@0[0]' - status (0)
[    0.691853] gpio gpiochip0: Persistence not supported for GPIO 8
[    0.826713] davinci_mdio 4a101000.mdio: phy[0]: device 4a101000.mdio:00, driver SMSC LAN8710/LAN8720
[    0.827476] cpsw-switch 4a100000.switch: initialized cpsw ale version 1.4
[    0.827500] cpsw-switch 4a100000.switch: ALE Table size 1024, Policers 0
[    0.834338] cpsw-switch 4a100000.switch: cpts: overflow check period 500 (jiffies)
[    0.834362] cpsw-switch 4a100000.switch: CPTS: ref_clk_freq:250000000 calc_mult:2147483648 calc_shift:29 error:0 nsec/sec
[    0.834480] cpsw-switch 4a100000.switch: Detected MACID = 6c:ec:eb:68:de:78
[    0.836329] cpsw-switch 4a100000.switch: initialized (regs 0x4a100000, pool size 256) hw_ver:0019010C 1.12 (0)
[    0.847310] debugfs: Directory '49000000.dma' with parent 'dmaengine' already present!
[    0.847352] edma 49000000.dma: TI EDMA DMA engine driver
[    0.909442] gpio-clk clk_mcasp0: using DT '/clk_mcasp0' for 'enable' GPIO lookup
[    0.909518] of_get_named_gpiod_flags: parsed 'enable-gpios' property of node '/clk_mcasp0[0]' - status (0)
[    0.909563] gpio gpiochip0: Persistence not supported for GPIO 27
[    0.910416] gpiochip_find_base_unlocked: found new base at 608
[    0.910528] gpio gpiochip3: (gpio-96-127): created GPIO range 0->7 ==> 44e10800.pinmux PIN 82->89
[    0.910548] gpio gpiochip3: (gpio-96-127): created GPIO range 8->11 ==> 44e10800.pinmux PIN 52->55
[    0.910564] gpio gpiochip3: (gpio-96-127): created GPIO range 12->15 ==> 44e10800.pinmux PIN 94->97
[    0.910580] gpio gpiochip3: (gpio-96-127): created GPIO range 16->17 ==> 44e10800.pinmux PIN 71->72
[    0.910596] gpio gpiochip3: (gpio-96-127): created GPIO range 18->18 ==> 44e10800.pinmux PIN 135->135
[    0.910612] gpio gpiochip3: (gpio-96-127): created GPIO range 19->20 ==> 44e10800.pinmux PIN 108->109
[    0.910628] gpio gpiochip3: (gpio-96-127): created GPIO range 21->21 ==> 44e10800.pinmux PIN 73->73
[    0.910645] gpio gpiochip3: (gpio-96-127): created GPIO range 22->23 ==> 44e10800.pinmux PIN 8->9
[    0.910662] gpio gpiochip3: (gpio-96-127): created GPIO range 26->27 ==> 44e10800.pinmux PIN 10->11
[    0.910679] gpio gpiochip3: (gpio-96-127): created GPIO range 28->28 ==> 44e10800.pinmux PIN 74->74
[    0.910697] gpio gpiochip3: (gpio-96-127): created GPIO range 29->29 ==> 44e10800.pinmux PIN 81->81
[    0.910715] gpio gpiochip3: (gpio-96-127): created GPIO range 30->31 ==> 44e10800.pinmux PIN 28->29
[    0.911982] gpio gpiochip3: (gpio-96-127): added GPIO chardev (254:3)
[    0.912136] gpio gpiochip3: registered GPIOs 608 to 639 on gpio-96-127
[    0.923376] omap8250 44e09000.serial: using DT '/ocp/interconnect@44c00000/segment@200000/target-module@9000/serial@0' for 'rs485-term' GPIO lookup
[    0.923451] of_get_named_gpiod_flags: can't parse 'rs485-term-gpios' property of node '/ocp/interconnect@44c00000/segment@200000/target-module@9000/serial@0[0]'
[    0.923495] of_get_named_gpiod_flags: can't parse 'rs485-term-gpio' property of node '/ocp/interconnect@44c00000/segment@200000/target-module@9000/serial@0[0]'
[    0.923530] omap8250 44e09000.serial: using lookup tables for GPIO lookup
[    0.923540] omap8250 44e09000.serial: No GPIO consumer rs485-term found
[    0.923550] omap8250 44e09000.serial: using DT '/ocp/interconnect@44c00000/segment@200000/target-module@9000/serial@0' for 'rs485-rx-during-tx' GPIO lookup
[    0.923586] of_get_named_gpiod_flags: can't parse 'rs485-rx-during-tx-gpios' property of node '/ocp/interconnect@44c00000/segment@200000/target-module@9000/serial@0[0]'
[    0.923622] of_get_named_gpiod_flags: can't parse 'rs485-rx-during-tx-gpio' property of node '/ocp/interconnect@44c00000/segment@200000/target-module@9000/serial@0[0]'
[    0.923653] omap8250 44e09000.serial: using lookup tables for GPIO lookup
[    0.923661] omap8250 44e09000.serial: No GPIO consumer rs485-rx-during-tx found
[    0.924050] 44e09000.serial: ttyS0 at MMIO 0x44e09000 (irq = 34, base_baud = 3000000) is a 8250
[    0.924140] printk: legacy console [ttyS0] enabled
[    2.354818] i2c i2c-0: using DT '/ocp/interconnect@44c00000/segment@200000/target-module@b000/i2c@0' for 'scl' GPIO lookup
[    2.354913] of_get_named_gpiod_flags: can't parse 'scl-gpios' property of node '/ocp/interconnect@44c00000/segment@200000/target-module@b000/i2c@0[0]'
[    2.354961] of_get_named_gpiod_flags: can't parse 'scl-gpio' property of node '/ocp/interconnect@44c00000/segment@200000/target-module@b000/i2c@0[0]'
[    2.355000] i2c i2c-0: using lookup tables for GPIO lookup
[    2.355014] i2c i2c-0: No GPIO consumer scl found
[    2.355039] i2c i2c-0: using DT '/ocp/interconnect@44c00000/segment@200000/target-module@b000/i2c@0' for 'sda' GPIO lookup
[    2.355079] of_get_named_gpiod_flags: can't parse 'sda-gpios' property of node '/ocp/interconnect@44c00000/segment@200000/target-module@b000/i2c@0[0]'
[    2.355119] of_get_named_gpiod_flags: can't parse 'sda-gpio' property of node '/ocp/interconnect@44c00000/segment@200000/target-module@b000/i2c@0[0]'
[    2.355154] i2c i2c-0: using lookup tables for GPIO lookup
[    2.355165] i2c i2c-0: No GPIO consumer sda found
[    2.372320] tps65217-pmic: Failed to locate of_node [id: -1]
[    2.378389] tps65217-bl: Failed to locate of_node [id: -1]
[    2.384428] platform tps65217-charger: DMA mask not set
[    2.390459] platform tps65217-pwrbutton: DMA mask not set
[    2.397830] tps65217 0-0024: TPS65217 ID 0xe version 1.2
[    2.403956] /ocp/interconnect@48000000/segment@300000/target-module@e000/lcdc@0: Fixed dependency cycle(s) with /ocp/interconnect@44c00000/segment@200000/target-module@b000/i2c@0/tda19988@70
[    2.421365] /ocp/interconnect@44c00000/segment@200000/target-module@b000/i2c@0/tda19988@70: Fixed dependency cycle(s) with /ocp/interconnect@48000000/segment@300000/target-module@e000/lcdc@0
[    2.438725] omap_i2c 44e0b000.i2c: bus 0 rev0.11 at 400 kHz
[    2.446369] sdhci-omap 48060000.mmc: using DT '/ocp/interconnect@48000000/segment@0/target-module@60000/mmc@0' for 'cd' GPIO lookup
[    2.446472] of_get_named_gpiod_flags: parsed 'cd-gpios' property of node '/ocp/interconnect@48000000/segment@0/target-module@60000/mmc@0[0]' - status (0)
[    2.446538] gpio gpiochip3: Persistence not supported for GPIO 6
[    2.446565] omap_gpio 44e07000.gpio: Could not set line 6 debounce to 200000 microseconds (-22)
[    2.455488] sdhci-omap 48060000.mmc: Got CD GPIO
[    2.460141] sdhci-omap 48060000.mmc: using DT '/ocp/interconnect@48000000/segment@0/target-module@60000/mmc@0' for 'wp' GPIO lookup
[    2.460191] of_get_named_gpiod_flags: can't parse 'wp-gpios' property of node '/ocp/interconnect@48000000/segment@0/target-module@60000/mmc@0[0]'
[    2.460234] of_get_named_gpiod_flags: can't parse 'wp-gpio' property of node '/ocp/interconnect@48000000/segment@0/target-module@60000/mmc@0[0]'
[    2.460273] sdhci-omap 48060000.mmc: using lookup tables for GPIO lookup
[    2.460286] sdhci-omap 48060000.mmc: No GPIO consumer wp found
[    2.460493] sdhci-omap 48060000.mmc: supply pbias not found, using dummy regulator
[    2.469282] sdhci-omap 481d8000.mmc: using DT '/ocp/interconnect@48000000/segment@100000/target-module@d8000/mmc@0' for 'wp' GPIO lookup
[    2.469356] of_get_named_gpiod_flags: can't parse 'wp-gpios' property of node '/ocp/interconnect@48000000/segment@100000/target-module@d8000/mmc@0[0]'
[    2.469404] of_get_named_gpiod_flags: can't parse 'wp-gpio' property of node '/ocp/interconnect@48000000/segment@100000/target-module@d8000/mmc@0[0]'
[    2.469442] sdhci-omap 481d8000.mmc: using lookup tables for GPIO lookup
[    2.469455] sdhci-omap 481d8000.mmc: No GPIO consumer wp found
[    2.470423] sdhci-omap 48060000.mmc: supply vqmmc not found, using dummy regulator
[    2.479736] sdhci-omap 481d8000.mmc: supply pbias not found, using dummy regulator
[    2.489518] sdhci-omap 481d8000.mmc: supply vqmmc not found, using dummy regulator
[    2.525137] mmc0: SDHCI controller on 48060000.mmc [48060000.mmc] using External DMA
[    2.533462] mmc1: SDHCI controller on 481d8000.mmc [481d8000.mmc] using External DMA
[    2.542211] cpsw-switch 4a100000.switch: starting ndev. mode: dual_mac
[    2.590494] mmc0: new high speed SDHC card at address 5048
[    2.597530] mmcblk0: mmc0:5048 SD16G 14.4 GiB
[    2.605816]  mmcblk0: p1 p2
[    2.609179] mmcblk0: p2 size 31221760 extends beyond EOD, truncated
[    2.622755] SMSC LAN8710/LAN8720 4a101000.mdio:00: attached PHY driver (mii_bus:phy_addr=4a101000.mdio:00, irq=POLL)
[    2.633755] mmc1: new high speed MMC card at address 0001
[    2.646321] mmcblk1: mmc1:0001 MMC04G 3.60 GiB
[    2.653947]  mmcblk1: p1 p2
[    2.658157] mmcblk1boot0: mmc1:0001 MMC04G 2.00 MiB
[    2.667071] mmcblk1boot1: mmc1:0001 MMC04G 2.00 MiB
[    2.676302] mmcblk1rpmb: mmc1:0001 MMC04G 128 KiB, chardev (248:0)
[    5.762117] cpsw-switch 4a100000.switch eth0: Link is Up - 100Mbps/Full - flow control off
[    5.801589] IP-Config: Complete:
[    5.804868]      device=eth0, hwaddr=6c:ec:eb:68:de:78, ipaddr=192.168.255.1, mask=255.255.255.0, gw=255.255.255.255
[    5.815534]      host=bbb1, domain=, nis-domain=(none)
[    5.820703]      bootserver=192.168.255.126, rootserver=192.168.255.126, rootpath=
[    5.821121] clk: Disabling unused clocks
[    5.832969] PM: genpd: Disabling unused power domains
[    5.838093] KTAP version 1
[    5.840815] 1..0
[    5.865608] VFS: Mounted root (nfs filesystem) on device 0:17.
[    5.872776] devtmpfs: mounted
[    5.877249] Freeing unused kernel image (initmem) memory: 1024K
[    5.884209] Run /sbin/init as init process
[    5.888344]   with arguments:
[    5.888357]     /sbin/init
[    5.888367]     nfsrootdebug
[    5.888376]   with environment:
[    5.888384]     HOME=/
[    5.888393]     TERM=linux
[    6.574875] systemd[1]: System time before build time, advancing clock.
[    8.101355] random: crng init done
[    8.113996] systemd[1]: systemd 232 running in system mode. (+PAM +AUDIT +SELINUX +IMA +APPARMOR +SMACK +SYSVINIT +UTMP +LIBCRYPTSETUP +GCRYPT +GNUTLS +ACL +XZ +LZ4 +SECCOMP +BLKID +ELFUTILS +KMOD +IDN)
[    8.133103] systemd[1]: Detected architecture arm.
[    8.164666] systemd[1]: Set hostname to <arm>.
[    9.299684] systemd[1]: Set up automount Arbitrary Executable File Formats File System Automount Point.
[    9.332801] systemd[1]: Created slice User and Session Slice.
[    9.364348] systemd[1]: Listening on udev Kernel Socket.
[    9.393177] systemd[1]: systemd-journald.socket: SO_PASSSEC failed: Operation not supported
[    9.402084] systemd[1]: systemd-journald.socket: SO_PASSSEC failed: Operation not supported
[    9.410664] systemd[1]: Listening on Journal Socket.
[    9.432266] systemd[1]: Started Forward Password Requests to Wall Directory Watch.
[   11.760362] systemd-journald[82]: Received request to flush runtime journal from PID 1
[   14.550839] leds-gpio leds: using DT '/leds/led2' for '(default)' GPIO lookup
[   14.550948] of_get_named_gpiod_flags: parsed 'gpios' property of node '/leds/led2[0]' - status (0)
[   14.551004] gpio gpiochip0: Persistence not supported for GPIO 21
[   14.551020] gpio-533 (?): no flags found for GPIO (default)
[   14.574975] leds-gpio leds: using DT '/leds/led3' for '(default)' GPIO lookup
[   14.575085] of_get_named_gpiod_flags: parsed 'gpios' property of node '/leds/led3[0]' - status (0)
[   14.575427] gpio gpiochip0: Persistence not supported for GPIO 22
[   14.575453] gpio-534 (?): no flags found for GPIO (default)
[   14.631828] leds-gpio leds: using DT '/leds/led4' for '(default)' GPIO lookup
[   14.631931] of_get_named_gpiod_flags: parsed 'gpios' property of node '/leds/led4[0]' - status (0)
[   14.631983] gpio gpiochip0: Persistence not supported for GPIO 23
[   14.631998] gpio-535 (?): no flags found for GPIO (default)
[   14.682445] leds-gpio leds: using DT '/leds/led5' for '(default)' GPIO lookup
[   14.682547] of_get_named_gpiod_flags: parsed 'gpios' property of node '/leds/led5[0]' - status (0)
[   14.682597] gpio gpiochip0: Persistence not supported for GPIO 24
[   14.682613] gpio-536 (?): no flags found for GPIO (default)
[   14.944267] remoteproc remoteproc0: wkup_m3 is available
[   15.139576] omap_rtc 44e3e000.rtc: registered as rtc0
[   15.144938] omap_rtc 44e3e000.rtc: setting system clock to 2000-01-01T00:00:00 UTC (946684800)
[   15.153713] omap_rtc 44e3e000.rtc: using DT '/ocp/interconnect@44c00000/segment@200000/target-module@3e000/rtc@0' for 'wp' GPIO lookup
[   15.153786] of_get_named_gpiod_flags: can't parse 'wp-gpios' property of node '/ocp/interconnect@44c00000/segment@200000/target-module@3e000/rtc@0[0]'
[   15.153839] of_get_named_gpiod_flags: can't parse 'wp-gpio' property of node '/ocp/interconnect@44c00000/segment@200000/target-module@3e000/rtc@0[0]'
[   15.153879] omap_rtc 44e3e000.rtc: using lookup tables for GPIO lookup
[   15.153894] omap_rtc 44e3e000.rtc: No GPIO consumer wp found
[   15.298911] at24 2-0054: supply vcc not found, using dummy regulator
[   15.442887] at24 2-0055: supply vcc not found, using dummy regulator
[   15.582371] at24 2-0056: supply vcc not found, using dummy regulator
[   15.665060] input: tps65217_pwrbutton as /devices/platform/ocp/44c00000.interconnect/44c00000.interconnect:segment@200000/44e0b000.target-module/44e0b000.i2c/i2c-0/0-0024/tps65217-pwrbutton/input/input0
[   15.749060] at24 2-0057: supply vcc not found, using dummy regulator
[   15.875776] at24 0-0050: using DT '/ocp/interconnect@44c00000/segment@200000/target-module@b000/i2c@0/eeprom@50' for 'wp' GPIO lookup
[   15.875978] of_get_named_gpiod_flags: can't parse 'wp-gpios' property of node '/ocp/interconnect@44c00000/segment@200000/target-module@b000/i2c@0/eeprom@50[0]'
[   15.876045] of_get_named_gpiod_flags: can't parse 'wp-gpio' property of node '/ocp/interconnect@44c00000/segment@200000/target-module@b000/i2c@0/eeprom@50[0]'
[   15.876092] at24 0-0050: using lookup tables for GPIO lookup
[   15.876108] at24 0-0050: No GPIO consumer wp found
[   15.876465] at24 0-0050: 32768 byte 24c256 EEPROM, writable, 1 bytes/write
[   16.571616] omap_wdt: OMAP Watchdog Timer Rev 0x01: initial timeout 60 sec
[   16.698702] am335x-phy-driver 47401300.usb-phy: using DT '/ocp/target-module@47400000/usb-phy@1300' for 'reset' GPIO lookup
[   16.698802] of_get_named_gpiod_flags: can't parse 'reset-gpios' property of node '/ocp/target-module@47400000/usb-phy@1300[0]'
[   16.698847] of_get_named_gpiod_flags: can't parse 'reset-gpio' property of node '/ocp/target-module@47400000/usb-phy@1300[0]'
[   16.698885] am335x-phy-driver 47401300.usb-phy: using lookup tables for GPIO lookup
[   16.698899] am335x-phy-driver 47401300.usb-phy: No GPIO consumer reset found
[   16.698912] am335x-phy-driver 47401300.usb-phy: using DT '/ocp/target-module@47400000/usb-phy@1300' for 'vbus-detect' GPIO lookup
[   16.698943] of_get_named_gpiod_flags: can't parse 'vbus-detect-gpios' property of node '/ocp/target-module@47400000/usb-phy@1300[0]'
[   16.698975] of_get_named_gpiod_flags: can't parse 'vbus-detect-gpio' property of node '/ocp/target-module@47400000/usb-phy@1300[0]'
[   16.699001] am335x-phy-driver 47401300.usb-phy: using lookup tables for GPIO lookup
[   16.699013] am335x-phy-driver 47401300.usb-phy: No GPIO consumer vbus-detect found
[   16.699159] am335x-phy-driver 47401300.usb-phy: dummy supplies not allowed for exclusive requests (id=vbus)
[   16.919889] am335x-phy-driver 47401b00.usb-phy: using DT '/ocp/target-module@47400000/usb-phy@1b00' for 'reset' GPIO lookup
[   16.919981] of_get_named_gpiod_flags: can't parse 'reset-gpios' property of node '/ocp/target-module@47400000/usb-phy@1b00[0]'
[   16.920025] of_get_named_gpiod_flags: can't parse 'reset-gpio' property of node '/ocp/target-module@47400000/usb-phy@1b00[0]'
[   16.920062] am335x-phy-driver 47401b00.usb-phy: using lookup tables for GPIO lookup
[   16.920076] am335x-phy-driver 47401b00.usb-phy: No GPIO consumer reset found
[   16.920090] am335x-phy-driver 47401b00.usb-phy: using DT '/ocp/target-module@47400000/usb-phy@1b00' for 'vbus-detect' GPIO lookup
[   16.920121] of_get_named_gpiod_flags: can't parse 'vbus-detect-gpios' property of node '/ocp/target-module@47400000/usb-phy@1b00[0]'
[   16.920154] of_get_named_gpiod_flags: can't parse 'vbus-detect-gpio' property of node '/ocp/target-module@47400000/usb-phy@1b00[0]'
[   16.920180] am335x-phy-driver 47401b00.usb-phy: using lookup tables for GPIO lookup
[   16.920192] am335x-phy-driver 47401b00.usb-phy: No GPIO consumer vbus-detect found
[   16.920341] am335x-phy-driver 47401b00.usb-phy: dummy supplies not allowed for exclusive requests (id=vbus)
[   17.425050] usbcore: registered new interface driver usbfs
[   17.430697] usbcore: registered new interface driver hub
[   17.436400] usbcore: registered new device driver usb
[   18.091871] tda998x 0-0070: found TDA19988
[   18.364932] omap-mailbox 480c8000.mailbox: omap mailbox rev 0x400
[   18.409887] musb-hdrc musb-hdrc.1: MUSB HDRC host driver
[   18.415507] musb-hdrc musb-hdrc.1: new USB bus registered, assigned bus number 1
[   18.482254] remoteproc remoteproc0: powering up wkup_m3
[   18.648895] remoteproc remoteproc0: Direct firmware load for am335x-pm-firmware.elf failed with error -2
[   18.658926] remoteproc remoteproc0: request_firmware failed: -2
[   18.665032] wkup_m3_ipc 44e11324.wkup_m3_ipc: rproc_boot failed
[   18.760754] usb usb1: New USB device found, idVendor=1d6b, idProduct=0002, bcdDevice= 6.16
[   18.770716] usb usb1: New USB device strings: Mfr=3, Product=2, SerialNumber=1
[   18.779422] usb usb1: Product: MUSB HDRC host driver
[   18.784519] usb usb1: Manufacturer: Linux 6.16.0-rc2-next-20250617 musb-hcd
[   18.791563] usb usb1: SerialNumber: musb-hdrc.1
[   19.212968] hub 1-0:1.0: USB hub found
[   19.218276] hub 1-0:1.0: 1 port detected
[   20.344991] omap_rng 48310000.rng: Random Number Generator ver. 20
[   20.609271] tilcdc 4830e000.lcdc: bound 0-0070 (ops 0xbf13c0f8)
[   20.674747] [drm] Initialized tilcdc 1.0.0 for 4830e000.lcdc on minor 0
[   20.762793] tilcdc 4830e000.lcdc: [drm] Cannot find any crtc or sizes
[   20.770735] tilcdc 4830e000.lcdc: [drm] Cannot find any crtc or sizes
[   21.755161] PM: Cannot get wkup_m3_ipc handle
[   22.106098] omap-sham 53100000.sham: hw accel on OMAP rev 4.3
[   22.225749] omap-aes 53500000.aes: OMAP AES hw accel rev: 3.2
[   22.244283] omap-sham 53100000.sham: will run requests pump with realtime priority
[   22.272711] PM: Cannot get wkup_m3_ipc handle
[   22.365432] omap-aes 53500000.aes: will run requests pump with realtime priority
[   22.384061] PM: Cannot get wkup_m3_ipc handle
[   23.442648] Bluetooth: Core ver 2.22
[   23.446474] NET: Registered PF_BLUETOOTH protocol family
[   23.452003] Bluetooth: HCI device and connection manager initialized
[   23.458422] Bluetooth: HCI socket layer initialized
[   23.463386] Bluetooth: L2CAP socket layer initialized
[   23.468499] Bluetooth: SCO socket layer initialized
[   25.749153] tda998x 0-0070: using DT '/ocp/interconnect@44c00000/segment@200000/target-module@b000/i2c@0/tda19988@70' for 'nxp,calib' GPIO lookup
[   25.749297] of_get_named_gpiod_flags: parsed 'nxp,calib-gpios' property of node '/ocp/interconnect@44c00000/segment@200000/target-module@b000/i2c@0/tda19988@70[0]' - status (0)
[   25.749382] gpio gpiochip0: Persistence not supported for GPIO 25
[   25.749398] gpio-537 (nxp,calib): no flags found for GPIO nxp,calib
[   25.762088] gpio-537 (nxp,calib): gpiod_direction_output_nonotify: tried to set a GPIO tied to an IRQ as output
[   25.844602] PM: Cannot get wkup_m3_ipc handle
[   25.850332] asoc-simple-card sound: using DT '/sound' for 'simple-audio-card,hp-det' GPIO lookup
[   25.850405] of_get_named_gpiod_flags: can't parse 'simple-audio-card,hp-det-gpios' property of node '/sound[0]'
[   25.850441] of_get_named_gpiod_flags: can't parse 'simple-audio-card,hp-det-gpio' property of node '/sound[0]'
[   25.850466] asoc-simple-card sound: using lookup tables for GPIO lookup
[   25.850480] asoc-simple-card sound: No GPIO consumer simple-audio-card,hp-det found
[   25.850495] asoc-simple-card sound: using DT '/sound' for 'simple-audio-card,mic-det' GPIO lookup
[   25.850519] of_get_named_gpiod_flags: can't parse 'simple-audio-card,mic-det-gpios' property of node '/sound[0]'
[   25.850544] of_get_named_gpiod_flags: can't parse 'simple-audio-card,mic-det-gpio' property of node '/sound[0]'
[   25.850563] asoc-simple-card sound: using lookup tables for GPIO lookup
[   25.850575] asoc-simple-card sound: No GPIO consumer simple-audio-card,mic-det found
[   25.989814] PM: Cannot get wkup_m3_ipc handle
[   26.056391] tda9950 0-0034: TDA9950 CEC interface, hardware version 3.3
[   26.203119] PM: Cannot get wkup_m3_ipc handle
[   28.148001] userial_init: registered 8 ttyGS* devices
[   28.471174] rndis_register: configNr = 0
[   28.578718] udc musb-hdrc.0: binding gadget driver [g_multi]
[   28.578823] configfs-gadget.g_multi gadget.0: adding 'rndis'/46cf375a to config 'c'/a9146d71
[   28.579986] configfs-gadget.g_multi gadget.0: HOST MAC 1c:ba:8c:a2:ed:6c
[   28.586996] configfs-gadget.g_multi gadget.0: MAC 1c:ba:8c:a2:ed:70
[   28.593423] rndis_set_param_medium: 0 0
[   28.593445] configfs-gadget.g_multi gadget.0: RNDIS: IN/ep1in OUT/ep1out NOTIFY/ep2in
[   28.593464] configfs-gadget.g_multi gadget.0: adding 'cdc_ethernet'/83f29222 to config 'c'/a9146d71
[   28.594398] configfs-gadget.g_multi gadget.0: HOST MAC 1c:ba:8c:a2:ed:6c
[   28.601159] configfs-gadget.g_multi gadget.0: MAC 1c:ba:8c:a2:ed:6d
[   28.607574] configfs-gadget.g_multi gadget.0: CDC Ethernet: IN/ep3in OUT/ep2out NOTIFY/ep4in
[   28.607594] configfs-gadget.g_multi gadget.0: adding 'acm'/ff9e8fcc to config 'c'/a9146d71
[   28.607644] configfs-gadget.g_multi gadget.0: acm ttyGS0: IN/ep5in OUT/ep3out NOTIFY/ep6in
[   28.608389] PM: Cannot get wkup_m3_ipc handle
[   29.816017] configfs-gadget.g_multi gadget.0: eth_open
[   31.087997] configfs-gadget.g_multi gadget.0: stop stats: rx/tx 0/0, errs 0/0
[   35.284152] gs_open: ttyGS0 (9d43224b,34e6cc60)
[   35.284299] gs_close: ttyGS0 (9d43224b,34e6cc60) ...
[   35.284321] gs_close: ttyGS0 (9d43224b,34e6cc60) done!
[   35.284480] gs_open: ttyGS0 (30068fc3,34e6cc60)
[   35.284550] gs_close: ttyGS0 (30068fc3,34e6cc60) ...
[   35.284570] gs_close: ttyGS0 (30068fc3,34e6cc60) done!
[   35.508039] gs_open: ttyGS0 (75b1487a,ab6140e4)
[   35.508278] gs_close: ttyGS0 (75b1487a,ab6140e4) ...
[   35.508305] gs_close: ttyGS0 (75b1487a,ab6140e4) done!
[   35.509876] gs_open: ttyGS0 (75b1487a,34e6cc60)
QQEMHJXOSZ 0
root@arm:~# echo 'SUWQ''PXEPKY'
SUWQPXEPKY
root@arm:~# MARKER='HKCU''XBJHTU' run 'modprobe test_linear_ranges'
HKCUXBJHTUHKCUXBJHTU 0
root@arm:~# echo 'EXAS''YFPYGQ'
EXASYFPYGQ
root@arm:~# MARKER='JEUN''QAHUPP' run dmesg
JEUNQAHUPP[    0.000000] Booting Linux on physical CPU 0x0
[    0.000000] Linux version 6.16.0-rc2-next-20250617 (user01@drvtest01) (arm-none-eabi-gcc (Arm GNU Toolchain 14.2.Rel1 (Build arm-14.52)) 14.2.1 20241119, GNU ld (Arm GNU Toolchain 14.2.Rel1 (Build arm-14.52)) 2.43.1.20241119) #1 SMP Tue Jun 17 10:37:04 EEST 2025
[    0.000000] CPU: ARMv7 Processor [413fc082] revision 2 (ARMv7), cr=10c5387d
[    0.000000] CPU: PIPT / VIPT nonaliasing data cache, VIPT aliasing instruction cache
[    0.000000] OF: fdt: Machine model: TI AM335x BeagleBone Black
[    0.000000] Memory policy: Data cache writeback
[    0.000000] cma: Reserved 16 MiB at 0x9e800000
[    0.000000] Zone ranges:
[    0.000000]   Normal   [mem 0x0000000080000000-0x000000009fdfffff]
[    0.000000]   HighMem  empty
[    0.000000] Movable zone start for each node
[    0.000000] Early memory node ranges
[    0.000000]   node   0: [mem 0x0000000080000000-0x000000009fdfffff]
[    0.000000] Initmem setup node 0 [mem 0x0000000080000000-0x000000009fdfffff]
[    0.000000] On node 0, zone Normal: 512 pages in unavailable ranges
[    0.000000] OF: reserved mem: Reserved memory: No reserved-memory node in the DT
[    0.000000] CPU: All CPU(s) started in SVC mode.
[    0.000000] AM335X ES2.1 (sgx neon)
[    0.000000] percpu: Embedded 17 pages/cpu s39820 r8192 d21620 u69632
[    0.000000] pcpu-alloc: s39820 r8192 d21620 u69632 alloc=17*4096
[    0.000000] pcpu-alloc: [0] 0 
[    0.000000] Kernel command line: console=ttyO0,115200n8 root=/dev/nfs rw nfsroot=192.168.255.126:/home/user01/nfs,nfsvers=3 ip=192.168.255.1:192.168.255.126::255.255.255.0:bbb1:eth0 nfsrootdebug
[    0.000000] Unknown kernel command line parameters "nfsrootdebug", will be passed to user space.
[    0.000000] printk: log buffer data + meta data: 65536 + 204800 = 270336 bytes
[    0.000000] Dentry cache hash table entries: 65536 (order: 6, 262144 bytes, linear)
[    0.000000] Inode-cache hash table entries: 32768 (order: 5, 131072 bytes, linear)
[    0.000000] Built 1 zonelists, mobility grouping on.  Total pages: 130560
[    0.000000] mem auto-init: stack:off, heap alloc:off, heap free:off
[    0.000000] SLUB: HWalign=16, Order=0-3, MinObjects=0, CPUs=1, Nodes=1
[    0.000000] rcu: Hierarchical RCU implementation.
[    0.000000] rcu: 	RCU event tracing is enabled.
[    0.000000] rcu: 	RCU restricting CPUs from NR_CPUS=2 to nr_cpu_ids=1.
[    0.000000] 	Tracing variant of Tasks RCU enabled.
[    0.000000] rcu: RCU calculated value of scheduler-enlistment delay is 10 jiffies.
[    0.000000] rcu: Adjusting geometry for rcu_fanout_leaf=16, nr_cpu_ids=1
[    0.000000] RCU Tasks Trace: Setting shift to 0 and lim to 1 rcu_task_cb_adjust=1 rcu_task_cpu_ids=1.
[    0.000000] NR_IRQS: 16, nr_irqs: 16, preallocated irqs: 16
[    0.000000] IRQ: Found an INTC at 0x(ptrval) (revision 5.0) with 128 interrupts
[    0.000000] rcu: srcu_init: Setting srcu_struct sizes based on contention.
[    0.000000] TI gptimer clocksource: always-on /ocp/interconnect@44c00000/segment@200000/target-module@31000
[    0.000002] sched_clock: 32 bits at 24MHz, resolution 41ns, wraps every 89478484971ns
[    0.000026] clocksource: dmtimer: mask: 0xffffffff max_cycles: 0xffffffff, max_idle_ns: 79635851949 ns
[    0.000526] TI gptimer clockevent: 24000000 Hz at /ocp/interconnect@48000000/segment@0/target-module@40000
[    0.002138] Console: colour dummy device 80x30
[    0.002201] WARNING: Your 'console=ttyO0' has been replaced by 'ttyS0'
[    0.002208] This ensures that you still see kernel messages. Please
[    0.002213] update your kernel commandline.
[    0.002255] Calibrating delay loop... 996.14 BogoMIPS (lpj=4980736)
[    0.090571] CPU: Testing write buffer coherency: ok
[    0.090683] CPU0: Spectre v2: using BPIALL workaround
[    0.090693] pid_max: default: 32768 minimum: 301
[    0.090846] LSM: initializing lsm=capability
[    0.091018] Mount-cache hash table entries: 1024 (order: 0, 4096 bytes, linear)
[    0.091036] Mountpoint-cache hash table entries: 1024 (order: 0, 4096 bytes, linear)
[    0.092639] CPU0: thread -1, cpu 0, socket -1, mpidr 0
[    0.092696] cacheinfo: Unable to detect cache hierarchy for CPU 0
[    0.094750] Setting up static identity map for 0x80100000 - 0x80100078
[    0.095057] rcu: Hierarchical SRCU implementation.
[    0.095067] rcu: 	Max phase no-delay instances is 1000.
[    0.096793] smp: Bringing up secondary CPUs ...
[    0.096848] smp: Brought up 1 node, 1 CPU
[    0.096860] SMP: Total of 1 processors activated (996.14 BogoMIPS).
[    0.096871] CPU: All CPU(s) started in SVC mode.
[    0.097062] Memory: 480828K/522240K available (11264K kernel code, 1215K rwdata, 2924K rodata, 1024K init, 285K bss, 23380K reserved, 16384K cma-reserved, 0K highmem)
[    0.097871] devtmpfs: initialized
[    0.115003] VFP support v0.3: implementor 41 architecture 3 part 30 variant c rev 3
[    0.115639] clocksource: jiffies: mask: 0xffffffff max_cycles: 0xffffffff, max_idle_ns: 19112604462750000 ns
[    0.115694] posixtimers hash table entries: 512 (order: 0, 4096 bytes, linear)
[    0.115721] futex hash table entries: 256 (16384 bytes on 1 NUMA nodes, total 16 KiB, linear).
[    0.116845] pinctrl core: initialized pinctrl subsystem
[    0.118865] NET: Registered PF_NETLINK/PF_ROUTE protocol family
[    0.121991] DMA: preallocated 256 KiB pool for atomic coherent allocations
[    0.122951] audit: initializing netlink subsys (disabled)
[    0.124306] thermal_sys: Registered thermal governor 'fair_share'
[    0.124322] thermal_sys: Registered thermal governor 'step_wise'
[    0.124330] thermal_sys: Registered thermal governor 'user_space'
[    0.124448] audit: type=2000 audit(0.120:1): state=initialized audit_enabled=0 res=1
[    0.124521] cpuidle: using governor menu
[    0.142665] /ocp/interconnect@44c00000/segment@200000/target-module@b000/i2c@0/tda19988@70: Fixed dependency cycle(s) with /ocp/interconnect@48000000/segment@300000/target-module@e000/lcdc@0
[    0.143800] /ocp/interconnect@48000000/segment@300000/target-module@e000/lcdc@0: Fixed dependency cycle(s) with /ocp/interconnect@44c00000/segment@200000/target-module@b000/i2c@0/tda19988@70
[    0.145976] No ATAGs?
[    0.146017] hw-breakpoint: debug architecture 0x4 unsupported.
[    0.148731] kprobes: kprobe jump-optimization is enabled. All kprobes are optimized if possible.
[    0.154045] iommu: Default domain type: Translated
[    0.154066] iommu: DMA domain TLB invalidation policy: strict mode
[    0.155643] reg-fixed-voltage fixedregulator0: using DT '/fixedregulator0' for '(default)' GPIO lookup
[    0.155698] of_get_named_gpiod_flags: can't parse 'gpios' property of node '/fixedregulator0[0]'
[    0.155728] of_get_named_gpiod_flags: can't parse 'gpio' property of node '/fixedregulator0[0]'
[    0.155745] reg-fixed-voltage fixedregulator0: using lookup tables for GPIO lookup
[    0.155755] reg-fixed-voltage fixedregulator0: No GPIO consumer (default) found
[    0.161409] SCSI subsystem initialized
[    0.161891] libata version 3.00 loaded.
[    0.162264] pps_core: LinuxPPS API ver. 1 registered
[    0.162277] pps_core: Software ver. 5.3.6 - Copyright 2005-2007 Rodolfo Giometti <giometti@linux.it>
[    0.162300] PTP clock support registered
[    0.170956] vgaarb: loaded
[    0.171333] clocksource: Switched to clocksource dmtimer
[    0.171994] VFS: Disk quotas dquot_6.6.0
[    0.172052] VFS: Dquot-cache hash table entries: 1024 (order 0, 4096 bytes)
[    0.196598] NET: Registered PF_INET protocol family
[    0.196932] IP idents hash table entries: 8192 (order: 4, 65536 bytes, linear)
[    0.198347] tcp_listen_portaddr_hash hash table entries: 512 (order: 0, 4096 bytes, linear)
[    0.198385] Table-perturb hash table entries: 65536 (order: 6, 262144 bytes, linear)
[    0.198403] TCP established hash table entries: 4096 (order: 2, 16384 bytes, linear)
[    0.198448] TCP bind hash table entries: 4096 (order: 4, 65536 bytes, linear)
[    0.198548] TCP: Hash tables configured (established 4096 bind 4096)
[    0.198668] UDP hash table entries: 256 (order: 1, 14336 bytes, linear)
[    0.198704] UDP-Lite hash table entries: 256 (order: 1, 14336 bytes, linear)
[    0.198893] NET: Registered PF_UNIX/PF_LOCAL protocol family
[    0.200171] RPC: Registered named UNIX socket transport module.
[    0.200190] RPC: Registered udp transport module.
[    0.200196] RPC: Registered tcp transport module.
[    0.200200] RPC: Registered tcp-with-tls transport module.
[    0.200206] RPC: Registered tcp NFSv4.1 backchannel transport module.
[    0.200230] PCI: CLS 0 bytes, default 64
[    0.201738] Initialise system trusted keyrings
[    0.211903] workingset: timestamp_bits=14 max_order=17 bucket_order=3
[    0.213251] NFS: Registering the id_resolver key type
[    0.213331] Key type id_resolver registered
[    0.213339] Key type id_legacy registered
[    0.213444] jffs2: version 2.2. (NAND) (SUMMARY)  Â© 2001-2006 Red Hat, Inc.
[    0.213902] Key type asymmetric registered
[    0.213918] Asymmetric key parser 'x509' registered
[    0.213989] io scheduler mq-deadline registered
[    0.213999] io scheduler kyber registered
[    0.214074] io scheduler bfq registered
[    0.215954] target-module@4b000000:target-module@140000:pmu@0:fck: device ID is greater than 24
[    0.222138] l3-aon-clkctrl:0000:0: failed to disable
[    0.231509] ledtrig-cpu: registered to indicate activity on CPUs
[    0.234351] Serial: 8250/16550 driver, 6 ports, IRQ sharing enabled
[    0.274689] brd: module loaded
[    0.296285] loop: module loaded
[    0.297224] mtdoops: mtd device (mtddev=name/number) must be supplied
[    0.298913] mdio_bus fixed-0: using lookup tables for GPIO lookup
[    0.298939] mdio_bus fixed-0: No GPIO consumer reset found
[    0.300288] i2c_dev: i2c /dev entries driver
[    0.301274] cpuidle: enable-method property 'ti,am3352' found operations
[    0.301927] sdhci: Secure Digital Host Controller Interface driver
[    0.301938] sdhci: Copyright(c) Pierre Ossman
[    0.302110] sdhci-pltfm: SDHCI platform and OF driver helper
[    0.303583] hw perfevents: enabled with armv7_cortex_a8 PMU driver, 5 (8000000f) counters available
[    0.304094] Initializing XFRM netlink socket
[    0.304276] NET: Registered PF_INET6 protocol family
[    0.309935] l3-aon-clkctrl:0000:0: failed to disable
[    0.324543] Segment Routing with IPv6
[    0.324631] In-situ OAM (IOAM) with IPv6
[    0.324728] sit: IPv6, IPv4 and MPLS over IPv4 tunneling driver
[    0.325671] NET: Registered PF_PACKET protocol family
[    0.325698] NET: Registered PF_KEY protocol family
[    0.325812] Key type dns_resolver registered
[    0.326031] ThumbEE CPU extension supported.
[    0.326050] Registering SWP/SWPB emulation handler
[    0.326586] omap_voltage_late_init: Voltage driver support not added
[    0.327253] SmartReflex Class3 initialized
[    0.359015] Loading compiled-in X.509 certificates
[    0.399391] /ocp/interconnect@44c00000/segment@200000/target-module@b000/i2c@0/tda19988@70: Fixed dependency cycle(s) with /ocp/interconnect@48000000/segment@300000/target-module@e000/lcdc@0
[    0.406058] /ocp/interconnect@44c00000/segment@200000/target-module@b000/i2c@0/tda19988@70: Fixed dependency cycle(s) with /ocp/interconnect@48000000/segment@300000/target-module@e000/lcdc@0
[    0.411675] gpiochip_find_base_unlocked: found new base at 512
[    0.453197] /ocp/interconnect@44c00000/segment@200000/target-module@b000/i2c@0/tda19988@70: Fixed dependency cycle(s) with /ocp/interconnect@48000000/segment@300000/target-module@e000/lcdc@0
[    0.454112] /ocp/interconnect@44c00000/segment@200000/target-module@b000/i2c@0/tda19988@70: Fixed dependency cycle(s) with /ocp/interconnect@48000000/segment@300000/target-module@e000/lcdc@0
[    0.457584] /ocp/interconnect@44c00000/segment@200000/target-module@10000/scm@0/pinmux@800: Fixed dependency cycle(s) with /ocp/interconnect@44c00000/segment@200000/target-module@10000/scm@0/pinmux@800/clkout2-pins
[    0.458174] pinctrl-single 44e10800.pinmux: 142 pins, size 568
[    0.463703] ti-sysc 44e31000.target-module: probe with driver ti-sysc failed with error -16
[    0.494137] /ocp/interconnect@48000000/segment@300000/target-module@e000/lcdc@0: Fixed dependency cycle(s) with /ocp/interconnect@44c00000/segment@200000/target-module@b000/i2c@0/tda19988@70
[    0.502411] ti-sysc 48040000.target-module: probe with driver ti-sysc failed with error -16
[    0.513868] gpiochip_find_base_unlocked: found new base at 512
[    0.513969] gpio gpiochip0: (gpio-0-31): created GPIO range 0->7 ==> 44e10800.pinmux PIN 0->7
[    0.513990] gpio gpiochip0: (gpio-0-31): created GPIO range 8->11 ==> 44e10800.pinmux PIN 90->93
[    0.514006] gpio gpiochip0: (gpio-0-31): created GPIO range 12->27 ==> 44e10800.pinmux PIN 12->27
[    0.514021] gpio gpiochip0: (gpio-0-31): created GPIO range 28->31 ==> 44e10800.pinmux PIN 30->33
[    0.550331] gpio gpiochip0: (gpio-0-31): added GPIO chardev (254:0)
[    0.550478] gpio gpiochip0: registered GPIOs 512 to 543 on gpio-0-31
[    0.550565] OMAP GPIO hardware version 0.1
[    0.588131] i2c i2c-2: using DT '/ocp/interconnect@48000000/segment@100000/target-module@9c000/i2c@0' for 'scl' GPIO lookup
[    0.588205] of_get_named_gpiod_flags: can't parse 'scl-gpios' property of node '/ocp/interconnect@48000000/segment@100000/target-module@9c000/i2c@0[0]'
[    0.588248] of_get_named_gpiod_flags: can't parse 'scl-gpio' property of node '/ocp/interconnect@48000000/segment@100000/target-module@9c000/i2c@0[0]'
[    0.588283] i2c i2c-2: using lookup tables for GPIO lookup
[    0.588293] i2c i2c-2: No GPIO consumer scl found
[    0.588314] i2c i2c-2: using DT '/ocp/interconnect@48000000/segment@100000/target-module@9c000/i2c@0' for 'sda' GPIO lookup
[    0.588349] of_get_named_gpiod_flags: can't parse 'sda-gpios' property of node '/ocp/interconnect@48000000/segment@100000/target-module@9c000/i2c@0[0]'
[    0.588385] of_get_named_gpiod_flags: can't parse 'sda-gpio' property of node '/ocp/interconnect@48000000/segment@100000/target-module@9c000/i2c@0[0]'
[    0.588416] i2c i2c-2: using lookup tables for GPIO lookup
[    0.588423] i2c i2c-2: No GPIO consumer sda found
[    0.589122] omap_i2c 4819c000.i2c: bus 2 rev0.11 at 100 kHz
[    0.595012] gpiochip_find_base_unlocked: found new base at 544
[    0.595119] gpio gpiochip1: (gpio-32-63): created GPIO range 0->17 ==> 44e10800.pinmux PIN 34->51
[    0.595141] gpio gpiochip1: (gpio-32-63): created GPIO range 18->21 ==> 44e10800.pinmux PIN 77->80
[    0.595168] gpio gpiochip1: (gpio-32-63): created GPIO range 22->31 ==> 44e10800.pinmux PIN 56->65
[    0.602980] gpio gpiochip1: (gpio-32-63): added GPIO chardev (254:1)
[    0.603149] gpio gpiochip1: registered GPIOs 544 to 575 on gpio-32-63
[    0.605402] gpiochip_find_base_unlocked: found new base at 576
[    0.605490] gpio gpiochip2: (gpio-64-95): created GPIO range 0->4 ==> 44e10800.pinmux PIN 66->70
[    0.605509] gpio gpiochip2: (gpio-64-95): created GPIO range 5->6 ==> 44e10800.pinmux PIN 98->99
[    0.605524] gpio gpiochip2: (gpio-64-95): created GPIO range 7->8 ==> 44e10800.pinmux PIN 75->76
[    0.605539] gpio gpiochip2: (gpio-64-95): created GPIO range 13->13 ==> 44e10800.pinmux PIN 141->141
[    0.605555] gpio gpiochip2: (gpio-64-95): created GPIO range 14->21 ==> 44e10800.pinmux PIN 100->107
[    0.606195] gpio gpiochip2: (gpio-64-95): added GPIO chardev (254:2)
[    0.606322] gpio gpiochip2: registered GPIOs 576 to 607 on gpio-64-95
[    0.612504] 48000000.interconnect:segment@200000:target-module@0:mpu@0:fck: device ID is greater than 24
[    0.613442] /ocp/interconnect@48000000/segment@300000/target-module@e000/lcdc@0: Fixed dependency cycle(s) with /ocp/interconnect@44c00000/segment@200000/target-module@b000/i2c@0/tda19988@70
[    0.616291] /ocp/interconnect@48000000/segment@300000/target-module@e000/lcdc@0: Fixed dependency cycle(s) with /ocp/interconnect@44c00000/segment@200000/target-module@b000/i2c@0/tda19988@70
[    0.616995] /ocp/interconnect@44c00000/segment@200000/target-module@b000/i2c@0/tda19988@70: Fixed dependency cycle(s) with /ocp/interconnect@48000000/segment@300000/target-module@e000/lcdc@0
[    0.617150] /ocp/interconnect@48000000/segment@300000/target-module@e000/lcdc@0: Fixed dependency cycle(s) with /ocp/interconnect@44c00000/segment@200000/target-module@b000/i2c@0/tda19988@70
[    0.626920] mdio_bus 4a101000.mdio: using DT '/ocp/interconnect@4a000000/segment@0/target-module@100000/switch@0/mdio@1000' for 'reset' GPIO lookup
[    0.626994] of_get_named_gpiod_flags: can't parse 'reset-gpios' property of node '/ocp/interconnect@4a000000/segment@0/target-module@100000/switch@0/mdio@1000[0]'
[    0.627041] of_get_named_gpiod_flags: can't parse 'reset-gpio' property of node '/ocp/interconnect@4a000000/segment@0/target-module@100000/switch@0/mdio@1000[0]'
[    0.627088] mdio_bus 4a101000.mdio: using lookup tables for GPIO lookup
[    0.627098] mdio_bus 4a101000.mdio: No GPIO consumer reset found
[    0.628196] sdhci-omap 481d8000.mmc: using DT '/ocp/interconnect@48000000/segment@100000/target-module@d8000/mmc@0' for 'wp' GPIO lookup
[    0.628257] of_get_named_gpiod_flags: can't parse 'wp-gpios' property of node '/ocp/interconnect@48000000/segment@100000/target-module@d8000/mmc@0[0]'
[    0.628299] of_get_named_gpiod_flags: can't parse 'wp-gpio' property of node '/ocp/interconnect@48000000/segment@100000/target-module@d8000/mmc@0[0]'
[    0.628332] sdhci-omap 481d8000.mmc: using lookup tables for GPIO lookup
[    0.628342] sdhci-omap 481d8000.mmc: No GPIO consumer wp found
[    0.628538] sdhci-omap 481d8000.mmc: supply pbias not found, using dummy regulator
[    0.629033] sdhci-omap 481d8000.mmc: supply vqmmc not found, using dummy regulator
[    0.673916] davinci_mdio 4a101000.mdio: davinci mdio revision 1.6, bus freq 1000000
[    0.691589] mdio_bus 4a101000.mdio:00: using DT '/ocp/interconnect@4a000000/segment@0/target-module@100000/switch@0/mdio@1000/ethernet-phy@0' for 'reset' GPIO lookup
[    0.691689] of_get_named_gpiod_flags: parsed 'reset-gpios' property of node '/ocp/interconnect@4a000000/segment@0/target-module@100000/switch@0/mdio@1000/ethernet-phy@0[0]' - status (0)
[    0.691853] gpio gpiochip0: Persistence not supported for GPIO 8
[    0.826713] davinci_mdio 4a101000.mdio: phy[0]: device 4a101000.mdio:00, driver SMSC LAN8710/LAN8720
[    0.827476] cpsw-switch 4a100000.switch: initialized cpsw ale version 1.4
[    0.827500] cpsw-switch 4a100000.switch: ALE Table size 1024, Policers 0
[    0.834338] cpsw-switch 4a100000.switch: cpts: overflow check period 500 (jiffies)
[    0.834362] cpsw-switch 4a100000.switch: CPTS: ref_clk_freq:250000000 calc_mult:2147483648 calc_shift:29 error:0 nsec/sec
[    0.834480] cpsw-switch 4a100000.switch: Detected MACID = 6c:ec:eb:68:de:78
[    0.836329] cpsw-switch 4a100000.switch: initialized (regs 0x4a100000, pool size 256) hw_ver:0019010C 1.12 (0)
[    0.847310] debugfs: Directory '49000000.dma' with parent 'dmaengine' already present!
[    0.847352] edma 49000000.dma: TI EDMA DMA engine driver
[    0.909442] gpio-clk clk_mcasp0: using DT '/clk_mcasp0' for 'enable' GPIO lookup
[    0.909518] of_get_named_gpiod_flags: parsed 'enable-gpios' property of node '/clk_mcasp0[0]' - status (0)
[    0.909563] gpio gpiochip0: Persistence not supported for GPIO 27
[    0.910416] gpiochip_find_base_unlocked: found new base at 608
[    0.910528] gpio gpiochip3: (gpio-96-127): created GPIO range 0->7 ==> 44e10800.pinmux PIN 82->89
[    0.910548] gpio gpiochip3: (gpio-96-127): created GPIO range 8->11 ==> 44e10800.pinmux PIN 52->55
[    0.910564] gpio gpiochip3: (gpio-96-127): created GPIO range 12->15 ==> 44e10800.pinmux PIN 94->97
[    0.910580] gpio gpiochip3: (gpio-96-127): created GPIO range 16->17 ==> 44e10800.pinmux PIN 71->72
[    0.910596] gpio gpiochip3: (gpio-96-127): created GPIO range 18->18 ==> 44e10800.pinmux PIN 135->135
[    0.910612] gpio gpiochip3: (gpio-96-127): created GPIO range 19->20 ==> 44e10800.pinmux PIN 108->109
[    0.910628] gpio gpiochip3: (gpio-96-127): created GPIO range 21->21 ==> 44e10800.pinmux PIN 73->73
[    0.910645] gpio gpiochip3: (gpio-96-127): created GPIO range 22->23 ==> 44e10800.pinmux PIN 8->9
[    0.910662] gpio gpiochip3: (gpio-96-127): created GPIO range 26->27 ==> 44e10800.pinmux PIN 10->11
[    0.910679] gpio gpiochip3: (gpio-96-127): created GPIO range 28->28 ==> 44e10800.pinmux PIN 74->74
[    0.910697] gpio gpiochip3: (gpio-96-127): created GPIO range 29->29 ==> 44e10800.pinmux PIN 81->81
[    0.910715] gpio gpiochip3: (gpio-96-127): created GPIO range 30->31 ==> 44e10800.pinmux PIN 28->29
[    0.911982] gpio gpiochip3: (gpio-96-127): added GPIO chardev (254:3)
[    0.912136] gpio gpiochip3: registered GPIOs 608 to 639 on gpio-96-127
[    0.923376] omap8250 44e09000.serial: using DT '/ocp/interconnect@44c00000/segment@200000/target-module@9000/serial@0' for 'rs485-term' GPIO lookup
[    0.923451] of_get_named_gpiod_flags: can't parse 'rs485-term-gpios' property of node '/ocp/interconnect@44c00000/segment@200000/target-module@9000/serial@0[0]'
[    0.923495] of_get_named_gpiod_flags: can't parse 'rs485-term-gpio' property of node '/ocp/interconnect@44c00000/segment@200000/target-module@9000/serial@0[0]'
[    0.923530] omap8250 44e09000.serial: using lookup tables for GPIO lookup
[    0.923540] omap8250 44e09000.serial: No GPIO consumer rs485-term found
[    0.923550] omap8250 44e09000.serial: using DT '/ocp/interconnect@44c00000/segment@200000/target-module@9000/serial@0' for 'rs485-rx-during-tx' GPIO lookup
[    0.923586] of_get_named_gpiod_flags: can't parse 'rs485-rx-during-tx-gpios' property of node '/ocp/interconnect@44c00000/segment@200000/target-module@9000/serial@0[0]'
[    0.923622] of_get_named_gpiod_flags: can't parse 'rs485-rx-during-tx-gpio' property of node '/ocp/interconnect@44c00000/segment@200000/target-module@9000/serial@0[0]'
[    0.923653] omap8250 44e09000.serial: using lookup tables for GPIO lookup
[    0.923661] omap8250 44e09000.serial: No GPIO consumer rs485-rx-during-tx found
[    0.924050] 44e09000.serial: ttyS0 at MMIO 0x44e09000 (irq = 34, base_baud = 3000000) is a 8250
[    0.924140] printk: legacy console [ttyS0] enabled
[    2.354818] i2c i2c-0: using DT '/ocp/interconnect@44c00000/segment@200000/target-module@b000/i2c@0' for 'scl' GPIO lookup
[    2.354913] of_get_named_gpiod_flags: can't parse 'scl-gpios' property of node '/ocp/interconnect@44c00000/segment@200000/target-module@b000/i2c@0[0]'
[    2.354961] of_get_named_gpiod_flags: can't parse 'scl-gpio' property of node '/ocp/interconnect@44c00000/segment@200000/target-module@b000/i2c@0[0]'
[    2.355000] i2c i2c-0: using lookup tables for GPIO lookup
[    2.355014] i2c i2c-0: No GPIO consumer scl found
[    2.355039] i2c i2c-0: using DT '/ocp/interconnect@44c00000/segment@200000/target-module@b000/i2c@0' for 'sda' GPIO lookup
[    2.355079] of_get_named_gpiod_flags: can't parse 'sda-gpios' property of node '/ocp/interconnect@44c00000/segment@200000/target-module@b000/i2c@0[0]'
[    2.355119] of_get_named_gpiod_flags: can't parse 'sda-gpio' property of node '/ocp/interconnect@44c00000/segment@200000/target-module@b000/i2c@0[0]'
[    2.355154] i2c i2c-0: using lookup tables for GPIO lookup
[    2.355165] i2c i2c-0: No GPIO consumer sda found
[    2.372320] tps65217-pmic: Failed to locate of_node [id: -1]
[    2.378389] tps65217-bl: Failed to locate of_node [id: -1]
[    2.384428] platform tps65217-charger: DMA mask not set
[    2.390459] platform tps65217-pwrbutton: DMA mask not set
[    2.397830] tps65217 0-0024: TPS65217 ID 0xe version 1.2
[    2.403956] /ocp/interconnect@48000000/segment@300000/target-module@e000/lcdc@0: Fixed dependency cycle(s) with /ocp/interconnect@44c00000/segment@200000/target-module@b000/i2c@0/tda19988@70
[    2.421365] /ocp/interconnect@44c00000/segment@200000/target-module@b000/i2c@0/tda19988@70: Fixed dependency cycle(s) with /ocp/interconnect@48000000/segment@300000/target-module@e000/lcdc@0
[    2.438725] omap_i2c 44e0b000.i2c: bus 0 rev0.11 at 400 kHz
[    2.446369] sdhci-omap 48060000.mmc: using DT '/ocp/interconnect@48000000/segment@0/target-module@60000/mmc@0' for 'cd' GPIO lookup
[    2.446472] of_get_named_gpiod_flags: parsed 'cd-gpios' property of node '/ocp/interconnect@48000000/segment@0/target-module@60000/mmc@0[0]' - status (0)
[    2.446538] gpio gpiochip3: Persistence not supported for GPIO 6
[    2.446565] omap_gpio 44e07000.gpio: Could not set line 6 debounce to 200000 microseconds (-22)
[    2.455488] sdhci-omap 48060000.mmc: Got CD GPIO
[    2.460141] sdhci-omap 48060000.mmc: using DT '/ocp/interconnect@48000000/segment@0/target-module@60000/mmc@0' for 'wp' GPIO lookup
[    2.460191] of_get_named_gpiod_flags: can't parse 'wp-gpios' property of node '/ocp/interconnect@48000000/segment@0/target-module@60000/mmc@0[0]'
[    2.460234] of_get_named_gpiod_flags: can't parse 'wp-gpio' property of node '/ocp/interconnect@48000000/segment@0/target-module@60000/mmc@0[0]'
[    2.460273] sdhci-omap 48060000.mmc: using lookup tables for GPIO lookup
[    2.460286] sdhci-omap 48060000.mmc: No GPIO consumer wp found
[    2.460493] sdhci-omap 48060000.mmc: supply pbias not found, using dummy regulator
[    2.469282] sdhci-omap 481d8000.mmc: using DT '/ocp/interconnect@48000000/segment@100000/target-module@d8000/mmc@0' for 'wp' GPIO lookup
