Labgrid Console Logfile for main
Logfile started at 2025-07-06 14:12:35.805395
=== Log starts here ===
reading args
spl_load_image_fat_os: error reading image args, err - -1
reading u-boot.img
reading u-boot.img


U-Boot 2014.04-00014-g47880f5 (Apr 22 2014 - 13:23:54)

I2C:   ready
DRAM:  512 MiB
NAND:  0 MiB
MMC:   OMAP SD/MMC: 0, OMAP SD/MMC: 1
*** Warning - readenv() failed, using default environment

Net:   <ethaddr> not set. Validating first E-fuse MAC
cpsw, usb_ether
Hit any key to stop autoboot:  1  0 
gpio: pin 53 (gpio 53) value is 1
mmc0 is current device
gpio: pin 54 (gpio 54) value is 1
SD/MMC found on device 0
reading uEnv.txt
569 bytes read in 4 ms (138.7 KiB/s)
gpio: pin 55 (gpio 55) value is 1
Loaded environment from uEnv.txt
Importing environment from mmc ...
Checking if uenvcmd is set ...
gpio: pin 56 (gpio 56) value is 1
Running uenvcmd ...
cpsw Waiting for PHY auto negotiation to complete. done
link up on port 0, speed 100, full duplex
Using cpsw device
TFTP from server 192.168.255.126; our IP address is 192.168.255.1
Filename 'zImage'.
Load address: 0x81000000
Loading: *#################################################################
	 #################################################################
	 #################################################################
	 #################################################################
	 #################################################################
	 ########################################
	 2.4 MiB/s
done
Bytes transferred = 5347960 (519a78 hex)
link up on port 0, speed 100, full duplex
Using cpsw device
TFTP from server 192.168.255.126; our IP address is 192.168.255.1
Filename 'am335x-boneblack.dtb'.
Load address: 0x82000000
Loading: *#######
	 2.1 MiB/s
done
Bytes transferred = 97772 (17dec hex)
Kernel image @ 0x81000000 [ 0x000000 - 0x519a78 ]
## Flattened Device Tree blob at 82000000
   Booting using the fdt blob at 0x82000000
   Using Device Tree in place at 82000000, end 8201adeb

Starting kernel ...

[    0.000000] Booting Linux on physical CPU 0x0
[    0.000000] Linux version 6.6.96 (user01@drvtest01) (arm-none-eabi-gcc (Arm GNU Toolchain 14.2.Rel1 (Build arm-14.52)) 14.2.1 20241119, GNU ld (Arm GNU Toolchain 14.2.Rel1 (Build arm-14.52)) 2.43.1.20241119) #1 SMP Sun Jul  6 14:09:32 EEST 2025
[    0.000000] CPU: ARMv7 Processor [413fc082] revision 2 (ARMv7), cr=10c5387d
[    0.000000] CPU: PIPT / VIPT nonaliasing data cache, VIPT aliasing instruction cache
[    0.000000] OF: fdt: Machine model: TI AM335x BeagleBone Black
[    0.000000] Memory policy: Data cache writeback
[    0.000000] cma: Reserved 16 MiB at 0x9e800000 on node -1
[    0.000000] Zone ranges:
[    0.000000]   Normal   [mem 0x0000000080000000-0x000000009fdfffff]
[    0.000000]   HighMem  empty
[    0.000000] Movable zone start for each node
[    0.000000] Early memory node ranges
[    0.000000]   node   0: [mem 0x0000000080000000-0x000000009fdfffff]
[    0.000000] Initmem setup node 0 [mem 0x0000000080000000-0x000000009fdfffff]
[    0.000000] CPU: All CPU(s) started in SVC mode.
[    0.000000] AM335X ES2.1 (sgx neon)
[    0.000000] percpu: Embedded 16 pages/cpu s36116 r8192 d21228 u65536
[    0.000000] Kernel command line: console=ttyO0,115200n8 root=/dev/nfs rw nfsroot=192.168.255.126:/home/user01/nfs,nfsvers=3 ip=192.168.255.1:192.168.255.126::255.255.255.0:bbb1:eth0 nfsrootdebug
[    0.000000] Unknown kernel command line parameters "nfsrootdebug", will be passed to user space.
[    0.000000] Dentry cache hash table entries: 65536 (order: 6, 262144 bytes, linear)
[    0.000000] Inode-cache hash table entries: 32768 (order: 5, 131072 bytes, linear)
[    0.000000] Built 1 zonelists, mobility grouping on.  Total pages: 129412
[    0.000000] mem auto-init: stack:off, heap alloc:off, heap free:off
[    0.000000] Memory: 483604K/522240K available (11264K kernel code, 1165K rwdata, 2700K rodata, 1024K init, 282K bss, 22252K reserved, 16384K cma-reserved, 0K highmem)
[    0.000000] SLUB: HWalign=64, Order=0-3, MinObjects=0, CPUs=1, Nodes=1
[    0.000000] rcu: Hierarchical RCU implementation.
[    0.000000] rcu: 	RCU event tracing is enabled.
[    0.000000] rcu: 	RCU restricting CPUs from NR_CPUS=2 to nr_cpu_ids=1.
[    0.000000] rcu: RCU calculated value of scheduler-enlistment delay is 10 jiffies.
[    0.000000] rcu: Adjusting geometry for rcu_fanout_leaf=16, nr_cpu_ids=1
[    0.000000] NR_IRQS: 16, nr_irqs: 16, preallocated irqs: 16
[    0.000000] IRQ: Found an INTC at 0x(ptrval) (revision 5.0) with 128 interrupts
[    0.000000] rcu: srcu_init: Setting srcu_struct sizes based on contention.
[    0.000000] TI gptimer clocksource: always-on /ocp/interconnect@44c00000/segment@200000/target-module@31000
[    0.000003] sched_clock: 32 bits at 24MHz, resolution 41ns, wraps every 89478484971ns
[    0.000028] clocksource: dmtimer: mask: 0xffffffff max_cycles: 0xffffffff, max_idle_ns: 79635851949 ns
[    0.000506] TI gptimer clockevent: 24000000 Hz at /ocp/interconnect@48000000/segment@0/target-module@40000
[    0.002067] Console: colour dummy device 80x30
[    0.002117] WARNING: Your 'console=ttyO0' has been replaced by 'ttyS0'
[    0.002124] This ensures that you still see kernel messages. Please
[    0.002129] update your kernel commandline.
[    0.002167] Calibrating delay loop... 996.14 BogoMIPS (lpj=4980736)
[    0.090558] CPU: Testing write buffer coherency: ok
[    0.090656] CPU0: Spectre v2: using BPIALL workaround
[    0.090667] pid_max: default: 32768 minimum: 301
[    0.090787] LSM: initializing lsm=capability,integrity
[    0.090955] Mount-cache hash table entries: 1024 (order: 0, 4096 bytes, linear)
[    0.090975] Mountpoint-cache hash table entries: 1024 (order: 0, 4096 bytes, linear)
[    0.092444] CPU0: thread -1, cpu 0, socket -1, mpidr 0
[    0.094052] Setting up static identity map for 0x80100000 - 0x80100078
[    0.094330] rcu: Hierarchical SRCU implementation.
[    0.094341] rcu: 	Max phase no-delay instances is 1000.
[    0.095720] smp: Bringing up secondary CPUs ...
[    0.095777] smp: Brought up 1 node, 1 CPU
[    0.095789] SMP: Total of 1 processors activated (996.14 BogoMIPS).
[    0.095800] CPU: All CPU(s) started in SVC mode.
[    0.096670] devtmpfs: initialized
[    0.113225] VFP support v0.3: implementor 41 architecture 3 part 30 variant c rev 3
[    0.113572] clocksource: jiffies: mask: 0xffffffff max_cycles: 0xffffffff, max_idle_ns: 19112604462750000 ns
[    0.113606] futex hash table entries: 256 (order: 2, 16384 bytes, linear)
[    0.114878] pinctrl core: initialized pinctrl subsystem
[    0.117032] NET: Registered PF_NETLINK/PF_ROUTE protocol family
[    0.119544] DMA: preallocated 256 KiB pool for atomic coherent allocations
[    0.120163] audit: initializing netlink subsys (disabled)
[    0.121634] thermal_sys: Registered thermal governor 'fair_share'
[    0.121655] thermal_sys: Registered thermal governor 'step_wise'
[    0.121661] thermal_sys: Registered thermal governor 'user_space'
[    0.121882] audit: type=2000 audit(0.120:1): state=initialized audit_enabled=0 res=1
[    0.121917] cpuidle: using governor menu
[    0.138239] /ocp/interconnect@44c00000/segment@200000/target-module@b000/i2c@0/tda19988@70: Fixed dependency cycle(s) with /ocp/interconnect@48000000/segment@300000/target-module@e000/lcdc@0
[    0.139326] /ocp/interconnect@48000000/segment@300000/target-module@e000/lcdc@0: Fixed dependency cycle(s) with /ocp/interconnect@44c00000/segment@200000/target-module@b000/i2c@0/tda19988@70
[    0.141583] No ATAGs?
[    0.141602] hw-breakpoint: debug architecture 0x4 unsupported.
[    0.144601] kprobes: kprobe jump-optimization is enabled. All kprobes are optimized if possible.
[    0.163316] iommu: Default domain type: Translated
[    0.163336] iommu: DMA domain TLB invalidation policy: strict mode
[    0.164774] SCSI subsystem initialized
[    0.166607] pps_core: LinuxPPS API ver. 1 registered
[    0.166617] pps_core: Software ver. 5.3.6 - Copyright 2005-2007 Rodolfo Giometti <giometti@linux.it>
[    0.166642] PTP clock support registered
[    0.170822] vgaarb: loaded
[    0.171155] clocksource: Switched to clocksource dmtimer
[    0.171766] VFS: Disk quotas dquot_6.6.0
[    0.171825] VFS: Dquot-cache hash table entries: 1024 (order 0, 4096 bytes)
[    0.203757] NET: Registered PF_INET protocol family
[    0.204093] IP idents hash table entries: 8192 (order: 4, 65536 bytes, linear)
[    0.205431] tcp_listen_portaddr_hash hash table entries: 512 (order: 0, 4096 bytes, linear)
[    0.205467] Table-perturb hash table entries: 65536 (order: 6, 262144 bytes, linear)
[    0.205484] TCP established hash table entries: 4096 (order: 2, 16384 bytes, linear)
[    0.205529] TCP bind hash table entries: 4096 (order: 4, 65536 bytes, linear)
[    0.205629] TCP: Hash tables configured (established 4096 bind 4096)
[    0.205761] UDP hash table entries: 256 (order: 1, 8192 bytes, linear)
[    0.205789] UDP-Lite hash table entries: 256 (order: 1, 8192 bytes, linear)
[    0.205960] NET: Registered PF_UNIX/PF_LOCAL protocol family
[    0.211785] RPC: Registered named UNIX socket transport module.
[    0.211811] RPC: Registered udp transport module.
[    0.211817] RPC: Registered tcp transport module.
[    0.211822] RPC: Registered tcp-with-tls transport module.
[    0.211827] RPC: Registered tcp NFSv4.1 backchannel transport module.
[    0.211852] PCI: CLS 0 bytes, default 64
[    0.213429] Initialise system trusted keyrings
[    0.222038] workingset: timestamp_bits=14 max_order=17 bucket_order=3
[    0.223258] NFS: Registering the id_resolver key type
[    0.223321] Key type id_resolver registered
[    0.223329] Key type id_legacy registered
[    0.223383] jffs2: version 2.2. (NAND) (SUMMARY)  Â© 2001-2006 Red Hat, Inc.
[    0.223776] Key type asymmetric registered
[    0.223791] Asymmetric key parser 'x509' registered
[    0.223863] io scheduler mq-deadline registered
[    0.223874] io scheduler kyber registered
[    0.223942] io scheduler bfq registered
[    0.232246] hw perfevents: enabled with armv7_cortex_a8 PMU driver, 5 counters available
[    0.240764] l3-aon-clkctrl:0000:0: failed to disable
[    0.240909] Serial: 8250/16550 driver, 6 ports, IRQ sharing enabled
[    0.305012] brd: module loaded
[    0.313113] loop: module loaded
[    0.314039] mtdoops: mtd device (mtddev=name/number) must be supplied
[    0.316800] i2c_dev: i2c /dev entries driver
[    0.317771] cpuidle: enable-method property 'ti,am3352' found operations
[    0.318226] sdhci: Secure Digital Host Controller Interface driver
[    0.318237] sdhci: Copyright(c) Pierre Ossman
[    0.318419] sdhci-pltfm: SDHCI platform and OF driver helper
[    0.318698] ledtrig-cpu: registered to indicate activity on CPUs
[    0.319479] Initializing XFRM netlink socket
[    0.319606] NET: Registered PF_INET6 protocol family
[    0.330672] Segment Routing with IPv6
[    0.330745] In-situ OAM (IOAM) with IPv6
[    0.330851] sit: IPv6, IPv4 and MPLS over IPv4 tunneling driver
[    0.331982] NET: Registered PF_PACKET protocol family
[    0.332013] NET: Registered PF_KEY protocol family
[    0.332168] Key type dns_resolver registered
[    0.332389] ThumbEE CPU extension supported.
[    0.332409] Registering SWP/SWPB emulation handler
[    0.332919] omap_voltage_late_init: Voltage driver support not added
[    0.333567] SmartReflex Class3 initialized
[    0.359686] Loading compiled-in X.509 certificates
[    0.406602] /ocp/interconnect@44c00000/segment@200000/target-module@b000/i2c@0/tda19988@70: Fixed dependency cycle(s) with /ocp/interconnect@48000000/segment@300000/target-module@e000/lcdc@0
[    0.412892] /ocp/interconnect@44c00000/segment@200000/target-module@b000/i2c@0/tda19988@70: Fixed dependency cycle(s) with /ocp/interconnect@48000000/segment@300000/target-module@e000/lcdc@0
[    0.420698] /ocp/interconnect@44c00000/segment@200000/target-module@b000/i2c@0/tda19988@70: Fixed dependency cycle(s) with /ocp/interconnect@48000000/segment@300000/target-module@e000/lcdc@0
[    0.421762] /ocp/interconnect@44c00000/segment@200000/target-module@b000/i2c@0/tda19988@70: Fixed dependency cycle(s) with /ocp/interconnect@48000000/segment@300000/target-module@e000/lcdc@0
[    0.425081] /ocp/interconnect@44c00000/segment@200000/target-module@10000/scm@0/pinmux@800: Fixed dependency cycle(s) with /ocp/interconnect@44c00000/segment@200000/target-module@10000/scm@0/pinmux@800/clkout2-pins
[    0.425720] pinctrl-single 44e10800.pinmux: 142 pins, size 568
[    0.430705] ti-sysc: probe of 44e31000.target-module failed with error -16
[    0.460243] /ocp/interconnect@48000000/segment@300000/target-module@e000/lcdc@0: Fixed dependency cycle(s) with /ocp/interconnect@44c00000/segment@200000/target-module@b000/i2c@0/tda19988@70
[    0.468076] ti-sysc: probe of 48040000.target-module failed with error -16
[    0.512383] OMAP GPIO hardware version 0.1
[    0.535379] omap_i2c 4819c000.i2c: bus 2 rev0.11 at 100 kHz
[    0.570149] /ocp/interconnect@48000000/segment@300000/target-module@e000/lcdc@0: Fixed dependency cycle(s) with /ocp/interconnect@44c00000/segment@200000/target-module@b000/i2c@0/tda19988@70
[    0.573042] /ocp/interconnect@48000000/segment@300000/target-module@e000/lcdc@0: Fixed dependency cycle(s) with /ocp/interconnect@44c00000/segment@200000/target-module@b000/i2c@0/tda19988@70
[    0.573731] /ocp/interconnect@44c00000/segment@200000/target-module@b000/i2c@0/tda19988@70: Fixed dependency cycle(s) with /ocp/interconnect@48000000/segment@300000/target-module@e000/lcdc@0
[    0.573891] /ocp/interconnect@48000000/segment@300000/target-module@e000/lcdc@0: Fixed dependency cycle(s) with /ocp/interconnect@44c00000/segment@200000/target-module@b000/i2c@0/tda19988@70
[    0.584652] sdhci-omap 481d8000.mmc: supply pbias not found, using dummy regulator
[    0.585133] sdhci-omap 481d8000.mmc: supply vqmmc not found, using dummy regulator
[    0.669613] davinci_mdio 4a101000.mdio: davinci mdio revision 1.6, bus freq 1000000
[    0.861855] davinci_mdio 4a101000.mdio: phy[0]: device 4a101000.mdio:00, driver SMSC LAN8710/LAN8720
[    0.862495] cpsw-switch 4a100000.switch: initialized cpsw ale version 1.4
[    0.862518] cpsw-switch 4a100000.switch: ALE Table size 1024
[    0.862657] cpsw-switch 4a100000.switch: cpts: overflow check period 500 (jiffies)
[    0.862674] cpsw-switch 4a100000.switch: CPTS: ref_clk_freq:250000000 calc_mult:2147483648 calc_shift:29 error:0 nsec/sec
[     0.862776] cpsw-switch 4a100000.switch: Detected MACID = 6c:ec:eb:68:de:78
[    0.864611] cpsw-switch 4a100000.switch: initialized (regs 0x4a100000, pool size 256) hw_ver:0019010C 1.12 (0)
[    0.875341] debugfs: Directory '49000000.dma' with parent 'dmaengine' already present!
[    0.875384] edma 49000000.dma: TI EDMA DMA engine driver
[    0.927059] 44e09000.serial: ttyS0 at MMIO 0x44e09000 (irq = 34, base_baud = 3000000) is a 8250
[    0.927142] printk: console [ttyS0] enabled
[    2.142257] tp s65217-pmic: Failed to locate of_node [id: -1]
[    2.148335] tps65217-bl: Failed to locate of_node [id: -1]
[    2.159336] tps65217 0-0024: TPS65217 ID 0xe version 1.2
[    2.165464] /ocp/interconnect@48000000/segment@300000/target-module@e000/lcdc@0: Fixed dependency cycle(s) with /ocp/interconnect@44c00000/segment@200000/target-module@b000/i2c@0/tda19988@70
[    2.182817] /ocp/interconnect@44c00000/segment@200000/target-module@b000/i2c@0/tda19988@70: Fixed dependency cycle(s) with /ocp/interconnect@48000000/segment@300000/target-module@e000/lcdc@0
[    2.200177] omap_i2c 44e0b000.i2c: bus 0 rev0.11 at 400 kHz
[    2.208197] omap_gpio 44e07000.gpio: Could not set line 6 debounce to 200000 microseconds (-22)
[    2.217097] sdhci-omap 48060000.mmc: Got CD GPIO
[    2.222137] sdhci-omap 48060000.mmc: supply pbias not found, using dummy regulator
[    2.232776] sdhci-omap 48060000.mmc: supply vqmmc not found, using dummy regulator
[    2.241515] sdhci-omap 481d8000.mmc: supply pbias not found, using dummy regulator
[    2.249489] sdhci-omap 481d8000.mmc: supply vqmmc not found, using dummy regulator
[    2.287991] mmc1: SDHCI controller on 481d8000.mmc [481d8000.mmc] using External DMA
[    2.296443] mmc0: SDHCI controller on 48060000.mmc [48060000.mmc] using External DMA
[    2.305213] cpsw-switch 4a100000.switch: starting ndev. mode: dual_mac
[    2.348546] mmc0: new high speed SDHC card at address 5048
[    2.355520] mmcblk0: mmc0:5048 SD16G 14.4 GiB
[    2.363345]  mmcblk0: p1 p2
[    2.366617
[    5.601898] cpsw-switch 4a100000.switch eth0: Link is Up - 100Mbps/Full - flow control off
[    5.651257] IP-Config: Complete:
[    5.654530]      device=eth0, hwaddr=6c:ec:eb:68:de:78, ipaddr=192.168.255.1, mask=255.255.255.0, gw=255.255.255.255
[    5.665169]      host=bbb1, domain=, nis-domain=(none)
[    5.670334]      bootserver=192.168.255.126, rootserver=192.168.255.126, rootpath=
[    5.670751] clk: Disabling unused clocks
[    5.682605] KTAP version 1
[    5.685334] 1..0
[    5.709196] VFS: Mounted root (nfs filesystem) on device 0:16.
[    5.716307] devtmpfs: mounted
[    5.720923] Freeing unused kernel image (initmem) memory: 1024K
[    5.727848] Run /sbin/init as init process
[    6.412783] systemd[1]: System time before build time, advancing clock.
[    7.891174] random: crng init done
[    7.961562] systemd[1]: systemd 232 running in system mode. (+PAM +AUDIT +SELINUX +IMA +APPARMOR +SMACK +SYSVINIT +UTMP +LIBCRYPTSETUP +GCRYPT +GNUTLS +ACL +XZ +LZ4 +SECCOMP +BLKID +ELFUTILS +KMOD +IDN)
[    7.980487] systemd[1]: Detected architecture arm.

Welcome to [1mDebian GNU/Linux 9 (stretch)[0m!

[    8.024055] systemd[1]: Set hostname to <arm>.
[    9.083214] systemd[1]: Reached target Swap.
[[0;32m  OK  [0m] Reached target Swap.
[    9.123273] systemd[1]: Listening on /dev/initctl Compatibility Named Pipe.
[[0;32m  OK  [0m] Listening on /dev/initctl Compatibility Named Pipe.
[    9.162820] systemd[1]: Set up automount Arbitrary Executable File Formats File System Automount Point.
[[0;32m  OK  [0m] Set up automount Arbitrary Executabâ€¦rmats File System Automount Point.
[    9.201832] systemd[1]: Listening on udev Kernel Socket.
[[0;32m  OK  [0m] Listening on udev Kernel Socket.
[    9.242138] systemd[1]: Listening on Journal Audit Socket.
[[0;32m  OK  [0m] Listening on Journal Audit Socket.
[    9.282775] systemd[1]: Created slice System Slice.
[[0;32m  OK  [0m] Created slice System Slice.
[    9.323184] systemd[1]: Listening on Journal Socket (/dev/log).
[[0;32m  OK  [0m] Listening on Journal Socket (/dev/log).
[[0;32m  OK  [0m] Listening on Journal Socket.
         Starting Remount Root and Kernel File Systems...
         Mounting POSIX Message Queue File System...
         Mounting Debug File System...
         Starting Load Kernel Modules...
[[0;32m  OK  [0m] Created slice system-serial\x2dgetty.slice.
[[0;32m  OK  [0m] Started Dispatch Password Requests to Console Directory Watch.
[[0;32m  OK  [0m] Created slice system-getty.slice.
[[0;32m  OK  [0m] Listening on Syslog Socket.
         Starting Journal Service...
         Starting Create list of required stâ€¦ce nodes for the current kernel...
[[0;32m  OK  [0m] Listening on udev Control Socket.
[[0;32m  OK  [0m] Started Forward Password Requests to Wall Directory Watch.
[[0;32m  OK  [0m] Reached target Paths.
[[0;32m  OK  [0m] Created slice User and Session Slice.
[[0;32m  OK  [0m] Reached target Slices.
[[0;32m  OK  [0m] Reached target Encrypted Volumes.
[[0;32m  OK  [0m] Reached target Remote File Systems.
[[0;32m  OK  [0m] Mounted POSIX Message Queue File System.
[[0;32m  OK  [0m] Mounted Debug File System.
[[0;32m  OK  [0m] Started Remount Root and Kernel File Systems.
[[0;32m  OK  [0m] Started Load Kernel Modules.
[[0;32m  OK  [0m] Started Create list of required staâ€¦vice nodes for the current kernel.
         Starting Create Static Device Nodes in /dev...
         Mounting Configuration File System...
         Starting Apply Kernel Variables...
         Starting Load/Save Random Seed...
         Starting udev Coldplug all Devices...
[[0;32m  OK  [0m] Mounted Configuration File System.
[[0;32m  OK  [0m] Started Apply Kernel Variables.
[[0;32m  OK  [0m] Started Load/Save Random Seed.
[[0;32m  OK  [0m] Started Journal Service.
         Starting Flush Journal to Persistent Storage...
[[0;32m  OK  [0m] Started Create Static Device Nodes in /dev.
[[0;32m  OK  [0m] Reached target Local File Systems (Pre).
[[0;32m  OK  [0m] Reached target Local File Systems.
         Starting Raise network interfaces...
         Starting udev Kernel Device Manager...
[   11.134762] systemd-journald[88]: Received request to flush runtime journal from PID 1
[[0;32m  OK  [0m] Started Flush Journal to Persistent Storage.
         Starting Create Volatile Files and Directories...
[[0;32m  OK  [0m] Started udev Kernel Device Manager.
[[0;32m  OK  [0m] Started Create Volatile Files and Directories.
         Starting Network Time Synchronization...
         Starting Update UTMP about System Boot/Shutdown...
[[0;32m  OK  [0m] Started Update UTMP about System Boot/Shutdown.
[[0;32m  OK  [0m] Started Network Time Synchronization.
[[0;32m  OK  [0m] Reached target System Time Synchronized.
[[0;32m  OK  [0m] Started udev Coldplug all Devices.
[[0;32m  OK  [0m] Reached target System Initialization.
[[0;32m  OK  [0m] Listening on D-Bus System Message Bus Socket.
[[0;32m  OK  [0m] Started Daily Cleanup of Temporary Directories.
[[0;32m  OK  [0m] Started Daily apt download activities.
[[0;32m  OK  [0m] Started Daily apt upgrade and clean activities.
[[0;32m  OK  [0m] Reached target Timers.
[[0;32m  OK  [0m] Listening on Avahi mDNS/DNS-SD Stack Activation Socket.
[[0;32m  OK  [0m] Reached target Sockets.
[[0;32m  OK  [0m] Reached target Basic System.
[   14.639940] remoteproc remoteproc0: wkup_m3 is available
         Starting Telephony service...
         Starting DUN service...
         Starting Generic Board Startup...
[   14.980524] omap_rtc 44e3e000.rtc: registered as rtc0
[   14.985918] omap_rtc 44e3e000.rtc: setting system clock to 2000-01-01T00:00:01 UTC (946684801)
         Starting LSB: Start busybox udhcpd at boot time...
[   15.050677] at24 2-0054: supply vcc not found, using dummy regulator
[[0;32m  OK  [0m] Started D-Bus System Message Bus.
[   15.222399] at24 2-0055: supply vcc not found, using dummy regulator
[   15.372389] at24 2-0056: supply vcc not found, using dummy regulator
[   15.391576] omap_wdt: OMAP Watchdog Timer Rev 0x01: initial timeout 60 sec
[   15.526225] at24 2-0057: supply vcc not found, using dummy regulator
[   15.694194] at24 0-0050: 32768 byte 24c256 EEPROM, writable, 1 bytes/write
[   15.802850] usbcore: registered new interface driver usbfs
[   15.808483] usbcore: registered new interface driver hub
[   15.814130] usbcore: registered new device driver usb
[   15.914990] tps6521x_pwrbutton tps65217-pwrbutton: DMA mask not set
[   15.925296] am335x-phy-driver 47401300.usb-phy: dummy supplies not allowed for exclusive requests
[   16.040026] input: tps65217_pwrbutton as /devices/platform/ocp/44c00000.interconnect/44c00000.interconnect:segment@200000/44e0b000.target-module/44e0b000.i2c/i2c-0/0-0024/tps65217-pwrbutton/input/input0
[   16.217237] am335x-phy-driver 47401b00.usb-phy: dummy supplies not allowed for exclusive requests
[   16.267654] wkup_m3_ipc 44e11324.wkup_m3_ipc: IPC Request for A8->M3 Channel failed! -517
[   16.359200] wkup_m3_ipc 44e11324.wkup_m3_ipc: IPC Request for A8->M3 Channel failed! -517
[   16.780314] wkup_m3_ipc 44e11324.wkup_m3_ipc: IPC Request for A8->M3 Channel failed! -517
[   16.868178] musb-hdrc musb-hdrc.1: MUSB HDRC host driver
[   16.873822] musb-hdrc musb-hdrc.1: new USB bus registered, assigned bus number 1
[   16.890718] wkup_m3_ipc 44e11324.wkup_m3_ipc: IPC Request for A8->M3 Channel failed! -517
[   17.053083] usb usb1: New USB device found, idVendor=1d6b, idProduct=0002, bcdDevice= 6.06
[   17.061699] usb usb1: New USB device strings: Mfr=3, Product=2, SerialNumber=1
[   17.068968] usb usb1: Product: MUSB HDRC host driver
[   17.074068] usb usb1: Manufacturer: Linux 6.6.96 musb-hcd
[   17.079498] usb usb1: SerialNumber: musb-hdrc.1
[   17.241907] hub 1-0:1.0: USB hub found
[   17.301470] hub 1-0:1.0: 1 port detected
[   17.340963] wkup_m3_ipc 44e11324.wkup_m3_ipc: IPC Request for A8->M3 Channel failed! -517
[   17.379948] tda998x 0-0070: found TDA19988
[   17.497175] wkup_m3_ipc 44e11324.wkup_m3_ipc: IPC Request for A8->M3 Channel failed! -517
[   17.608593] wkup_m3_ipc 44e11324.wkup_m3_ipc: IPC Request for A8->M3 Channel failed! -517
[   17.881907] omap-mailbox 480c8000.mailbox: omap mailbox rev 0x400
[   17.920626] remoteproc remoteproc0: powering up wkup_m3
[   18.111742] remoteproc remoteproc0: Direct firmware load for am335x-pm-firmware.elf failed with error -2
[   18.121449] remoteproc remoteproc0: request_firmware failed: -2
[   18.127408] wkup_m3_ipc 44e11324.wkup_m3_ipc: rproc_boot failed
[   19.529388] omap_rng 48310000.rng: Random Number Generator ver. 20
[   19.677325] tilcdc 4830e000.lcdc: bound 0-0070 (ops tda998x_audio_codec_init [tda998x])
[   19.797227] [drm] Initialized tilcdc 1.0.0 20121205 for 4830e000.lcdc on minor 0
[[0;32m  OK  [0m] Started DUN service.
[[0;32m  OK  [0m] Started Telephony service.
[   19.869429] tilcdc 4830e000.lcdc: [drm] Cannot find any crtc or sizes
[   19.878512] tilcdc 4830e000.lcdc: [drm] Cannot find any crtc or sizes
         Starting Connection service...
         Starting LSB: Load kernel modules needed to enable cpufreq scaling...
[[0;32m  OK  [0m] Started Regular background program processing daemon.
         Starting System Logging Service...
         Starting Cape Manager Service...
         Starting Avahi mDNS/DNS-SD Stack...
         Starting Login Service...
[   21.594768] PM: Cannot get wkup_m3_ipc handle
[   21.606413] omap-sham 53100000.sham: hw accel on OMAP rev 4.3
[   21.655189] Bluetooth: Core ver 2.22
[   21.660034] NET: Registered PF_BLUETOOTH protocol family
[   21.665985] Bluetooth: HCI device and connection manager initialized
[   21.672601] Bluetooth: HCI socket layer initialized
[   21.677516] Bluetooth: L2CAP socket layer initialized
[   21.682678] Bluetooth: SCO socket layer initialized
[   21.787325] omap-sham 53100000.sham: will run requests pump with realtime priority
[   21.801964] PM: Cannot get wkup_m3_ipc handle
[   21.811044] omap-aes 53500000.aes: OMAP AES hw accel rev: 3.2
[[0;32m  OK  [0m] Found device /dev/ttyS0.
[   22.036047] omap-aes 53500000.aes: will run requests pump with realtime priority
[   22.047262] PM: Cannot get wkup_m3_ipc handle
[[0;32m  OK  [0m] Started Cape Manager Service.
[[0;32m  OK  [0m] Started System Logging Service.
[   25.689473] PM: Cannot get wkup_m3_ipc handle
[   25.824336] PM: Cannot get wkup_m3_ipc handle
[[0;32m  OK  [0m] Started LSB: Start busybox udhcpd at boot time.
[   27.694950] configfs-gadget.g_multi gadget.0: HOST MAC 1c:ba:8c:a2:ed:6c
[   27.701937] configfs-gadget.g_multi gadget.0: MAC 1c:ba:8c:a2:ed:70
[   27.709222] configfs-gadget.g_multi gadget.0: HOST MAC 1c:ba:8c:a2:ed:6c
[   27.716113] configfs-gadget.g_multi gadget.0: MAC 1c:ba:8c:a2:ed:6d
[   27.726823] PM: Cannot get wkup_m3_ipc handle
[[0;32m  OK  [0m] Started Raise network interfaces.
[[0;32m  OK  [0m] Started LSB: Load kernel modules needed to enable cpufreq scaling.
[[0;32m  OK  [0m] Started Avahi mDNS/DNS-SD Stack.
[[0;32m  OK  [0m] Started Connection service.
[[0;32m  OK  [0m] Started Login Service.
         Starting Hostname Service...
         Starting WPA supplicant...
[[0;32m  OK  [0m] Reached target Sound Card.
         Starting LSB: set CPUFreq kernel parameters...
[[0;32m  OK  [0m] Started WPA supplicant.
[[0;32m  OK  [0m] Started Hostname Service.
[[0;32m  OK  [0m] Reached target Network.
         Starting Permit User Sessions...
[[0;32m  OK  [0m] Reached target Network is Online.
         Starting LSB: Advanced IEEE 802.11 management daemon...
         Starting The Apache HTTP Server...
         Starting OpenBSD Secure Shell server...
[[0;32m  OK  [0m] Started LSB: set CPUFreq kernel parameters.
[[0;32m  OK  [0m] Started Permit User Sessions.
[[0;32m  OK  [0m] Started LSB: Advanced IEEE 802.11 management daemon.
         Stopping LSB: Start busybox udhcpd at boot time...
[[0;32m  OK  [0m] Started Getty on tty1.
[[0;32m  OK  [0m] Started Serial Getty on ttyS0.
[[0;32m  OK  [0m] Reached target Login Prompts.
[[0;32m  OK  [0m] Stopped LSB: Start busybox udhcpd at boot time.
[[0;32m  OK  [0m] Started OpenBSD Secure Shell server.
         Starting dnsmasq - A lightweight DHCP and caching DNS server...
[[0;32m  OK  [0m] Started The Apache HTTP Server.
[[0;32m  OK  [0m] Started dnsmasq - A lightweight DHCP and caching DNS server.
[[0;32m  OK  [0m] Reached target Host and Network Name Lookups.
[[0;32m  OK  [0m] Started Serial Getty on ttyGS0.
[[0;32m  OK  [0m] Started Generic Board Startup.
[[0;32m  OK  [0m] Reached target Multi-User System.
[[0;32m  OK  [0m] Reached target Graphical Interface.
         Starting Update UTMP about System Runlevel Changes...
[[0;32m  OK  [0m] Started Update UTMP about System Runlevel Changes.

Debian GNU/Linux 9 arm ttyS0

default username:password is [debian:temppwd]

arm login: root
Password: 
Last login: Sat Jan  1 00:00:33 UTC 2000 on ttyS0
root
Linux arm 6.6.96 #1 SMP Sun Jul  6 14:09:32 EEST 2025 armv7l

The programs included with the Debian GNU/Linux system are free software;
the exact distribution terms for each program are described in the
individual files in /usr/share/doc/*/copyright.

Debian GNU/Linux comes with ABSOLUTELY NO WARRANTY, to the extent
permitted by applicable law.
root@arm:~# root
-bash: root: command not found
root@arm:~# dmesg -n 1
root@arm:~# echo 'EOLC''MGTWQL'
EOLCMGTWQL
root@arm:~# run() { echo -n "$MARKER"; sh -c "$@"; echo "$MARKER $?"; }
root@arm:~# echo 'VQEE''SBTEQK'
VQEESBTEQK
root@arm:~# MARKER='TQPY''OQLNJZ' run 'cat /proc/version'
TQPYOQLNJZLinux version 6.6.96 (user01@drvtest01) (arm-none-eabi-gcc (Arm GNU Toolchain 14.2.Rel1 (Build arm-14.52)) 14.2.1 20241119, GNU ld (Arm GNU Toolchain 14.2.Rel1 (Build arm-14.52)) 2.43.1.20241119) #1 SMP Sun Jul  6 14:09:32 EEST 2025
TQPYOQLNJZ 0
root@arm:~# echo 'ZOUU''OCZUQG'
ZOUUOCZUQG
root@arm:~# MARKER='UASA''POLKVE' run false
UASAPOLKVEUASAPOLKVE 1
root@arm:~# Labgrid Console Logfile for main
Logfile started at 2025-07-06 14:13:40.527860
=== Log starts here ===

root@arm:~# run() { echo -n "$MARKER"; sh -c "$@"; echo "$MARKER $?"; }
root@arm:~# echo 'UJAV''GFOTYJ'
UJAVGFOTYJ
root@arm:~# MARKER='KXTY''EPTPQU' run 'ls /iio_generic_buffer; echo $?'
KXTYEPTPQU/iio_generic_buffer
0
KXTYEPTPQU 0
root@arm:~# Labgrid Console Logfile for main
Logfile started at 2025-07-06 14:13:43.937650
=== Log starts here ===

root@arm:~# run() { echo -n "$MARKER"; sh -c "$@"; echo "$MARKER $?"; }
root@arm:~# echo 'HKUY''SLSBYT'
HKUYSLSBYT
root@arm:~# MARKER='BCKF''YEHCGX' run dmesg
BCKFYEHCGX[    0.000000] Booting Linux on physical CPU 0x0
[    0.000000] Linux version 6.6.96 (user01@drvtest01) (arm-none-eabi-gcc (Arm GNU Toolchain 14.2.Rel1 (Build arm-14.52)) 14.2.1 20241119, GNU ld (Arm GNU Toolchain 14.2.Rel1 (Build arm-14.52)) 2.43.1.20241119) #1 SMP Sun Jul  6 14:09:32 EEST 2025
[    0.000000] CPU: ARMv7 Processor [413fc082] revision 2 (ARMv7), cr=10c5387d
[    0.000000] CPU: PIPT / VIPT nonaliasing data cache, VIPT aliasing instruction cache
[    0.000000] OF: fdt: Machine model: TI AM335x BeagleBone Black
[    0.000000] Memory policy: Data cache writeback
[    0.000000] cma: Reserved 16 MiB at 0x9e800000 on node -1
[    0.000000] Zone ranges:
[    0.000000]   Normal   [mem 0x0000000080000000-0x000000009fdfffff]
[    0.000000]   HighMem  empty
[    0.000000] Movable zone start for each node
[    0.000000] Early memory node ranges
[    0.000000]   node   0: [mem 0x0000000080000000-0x000000009fdfffff]
[    0.000000] Initmem setup node 0 [mem 0x0000000080000000-0x000000009fdfffff]
[    0.000000] CPU: All CPU(s) started in SVC mode.
[    0.000000] AM335X ES2.1 (sgx neon)
[    0.000000] percpu: Embedded 16 pages/cpu s36116 r8192 d21228 u65536
[    0.000000] pcpu-alloc: s36116 r8192 d21228 u65536 alloc=16*4096
[    0.000000] pcpu-alloc: [0] 0 
[    0.000000] Kernel command line: console=ttyO0,115200n8 root=/dev/nfs rw nfsroot=192.168.255.126:/home/user01/nfs,nfsvers=3 ip=192.168.255.1:192.168.255.126::255.255.255.0:bbb1:eth0 nfsrootdebug
[    0.000000] Unknown kernel command line parameters "nfsrootdebug", will be passed to user space.
[    0.000000] Dentry cache hash table entries: 65536 (order: 6, 262144 bytes, linear)
[    0.000000] Inode-cache hash table entries: 32768 (order: 5, 131072 bytes, linear)
[    0.000000] Built 1 zonelists, mobility grouping on.  Total pages: 129412
[    0.000000] mem auto-init: stack:off, heap alloc:off, heap free:off
[    0.000000] Memory: 483604K/522240K available (11264K kernel code, 1165K rwdata, 2700K rodata, 1024K init, 282K bss, 22252K reserved, 16384K cma-reserved, 0K highmem)
[    0.000000] SLUB: HWalign=64, Order=0-3, MinObjects=0, CPUs=1, Nodes=1
[    0.000000] rcu: Hierarchical RCU implementation.
[    0.000000] rcu: 	RCU event tracing is enabled.
[    0.000000] rcu: 	RCU restricting CPUs from NR_CPUS=2 to nr_cpu_ids=1.
[    0.000000] rcu: RCU calculated value of scheduler-enlistment delay is 10 jiffies.
[    0.000000] rcu: Adjusting geometry for rcu_fanout_leaf=16, nr_cpu_ids=1
[    0.000000] NR_IRQS: 16, nr_irqs: 16, preallocated irqs: 16
[    0.000000] IRQ: Found an INTC at 0x(ptrval) (revision 5.0) with 128 interrupts
[    0.000000] rcu: srcu_init: Setting srcu_struct sizes based on contention.
[    0.000000] TI gptimer clocksource: always-on /ocp/interconnect@44c00000/segment@200000/target-module@31000
[    0.000003] sched_clock: 32 bits at 24MHz, resolution 41ns, wraps every 89478484971ns
[    0.000028] clocksource: dmtimer: mask: 0xffffffff max_cycles: 0xffffffff, max_idle_ns: 79635851949 ns
[    0.000506] TI gptimer clockevent: 24000000 Hz at /ocp/interconnect@48000000/segment@0/target-module@40000
[    0.002067] Console: colour dummy device 80x30
[    0.002117] WARNING: Your 'console=ttyO0' has been replaced by 'ttyS0'
[    0.002124] This ensures that you still see kernel messages. Please
[    0.002129] update your kernel commandline.
[    0.002167] Calibrating delay loop... 996.14 BogoMIPS (lpj=4980736)
[    0.090558] CPU: Testing write buffer coherency: ok
[    0.090656] CPU0: Spectre v2: using BPIALL workaround
[    0.090667] pid_max: default: 32768 minimum: 301
[    0.090787] LSM: initializing lsm=capability,integrity
[    0.090955] Mount-cache hash table entries: 1024 (order: 0, 4096 bytes, linear)
[    0.090975] Mountpoint-cache hash table entries: 1024 (order: 0, 4096 bytes, linear)
[    0.092444] CPU0: thread -1, cpu 0, socket -1, mpidr 0
[    0.094052] Setting up static identity map for 0x80100000 - 0x80100078
[    0.094330] rcu: Hierarchical SRCU implementation.
[    0.094341] rcu: 	Max phase no-delay instances is 1000.
[    0.095720] smp: Bringing up secondary CPUs ...
[    0.095777] smp: Brought up 1 node, 1 CPU
[    0.095789] SMP: Total of 1 processors activated (996.14 BogoMIPS).
[    0.095800] CPU: All CPU(s) started in SVC mode.
[    0.096670] devtmpfs: initialized
[    0.113225] VFP support v0.3: implementor 41 architecture 3 part 30 variant c rev 3
[    0.113572] clocksource: jiffies: mask: 0xffffffff max_cycles: 0xffffffff, max_idle_ns: 19112604462750000 ns
[    0.113606] futex hash table entries: 256 (order: 2, 16384 bytes, linear)
[    0.114878] pinctrl core: initialized pinctrl subsystem
[    0.117032] NET: Registered PF_NETLINK/PF_ROUTE protocol family
[    0.119544] DMA: preallocated 256 KiB pool for atomic coherent allocations
[    0.120163] audit: initializing netlink subsys (disabled)
[    0.121634] thermal_sys: Registered thermal governor 'fair_share'
[    0.121655] thermal_sys: Registered thermal governor 'step_wise'
[    0.121661] thermal_sys: Registered thermal governor 'user_space'
[    0.121882] audit: type=2000 audit(0.120:1): state=initialized audit_enabled=0 res=1
[    0.121917] cpuidle: using governor menu
[    0.138239] /ocp/interconnect@44c00000/segment@200000/target-module@b000/i2c@0/tda19988@70: Fixed dependency cycle(s) with /ocp/interconnect@48000000/segment@300000/target-module@e000/lcdc@0
[    0.139326] /ocp/interconnect@48000000/segment@300000/target-module@e000/lcdc@0: Fixed dependency cycle(s) with /ocp/interconnect@44c00000/segment@200000/target-module@b000/i2c@0/tda19988@70
[    0.141583] No ATAGs?
[    0.141602] hw-breakpoint: debug architecture 0x4 unsupported.
[    0.144601] kprobes: kprobe jump-optimization is enabled. All kprobes are optimized if possible.
[    0.163316] iommu: Default domain type: Translated
[    0.163336] iommu: DMA domain TLB invalidation policy: strict mode
[    0.164774] SCSI subsystem initialized
[    0.165611] reg-fixed-voltage fixedregulator0: using DT '/fixedregulator0' for '(null)' GPIO lookup
[    0.165662] of_get_named_gpiod_flags: can't parse 'gpios' property of node '/fixedregulator0[0]'
[    0.165692] of_get_named_gpiod_flags: can't parse 'gpio' property of node '/fixedregulator0[0]'
[    0.165710] reg-fixed-voltage fixedregulator0: using lookup tables for GPIO lookup
[    0.165720] reg-fixed-voltage fixedregulator0: No GPIO consumer (null) found
[    0.166253] libata version 3.00 loaded.
[    0.166607] pps_core: LinuxPPS API ver. 1 registered
[    0.166617] pps_core: Software ver. 5.3.6 - Copyright 2005-2007 Rodolfo Giometti <giometti@linux.it>
[    0.166642] PTP clock support registered
[    0.170822] vgaarb: loaded
[    0.171155] clocksource: Switched to clocksource dmtimer
[    0.171766] VFS: Disk quotas dquot_6.6.0
[    0.171825] VFS: Dquot-cache hash table entries: 1024 (order 0, 4096 bytes)
[    0.203757] NET: Registered PF_INET protocol family
[    0.204093] IP idents hash table entries: 8192 (order: 4, 65536 bytes, linear)
[    0.205431] tcp_listen_portaddr_hash hash table entries: 512 (order: 0, 4096 bytes, linear)
[    0.205467] Table-perturb hash table entries: 65536 (order: 6, 262144 bytes, linear)
[    0.205484] TCP established hash table entries: 4096 (order: 2, 16384 bytes, linear)
[    0.205529] TCP bind hash table entries: 4096 (order: 4, 65536 bytes, linear)
[    0.205629] TCP: Hash tables configured (established 4096 bind 4096)
[    0.205761] UDP hash table entries: 256 (order: 1, 8192 bytes, linear)
[    0.205789] UDP-Lite hash table entries: 256 (order: 1, 8192 bytes, linear)
[    0.205960] NET: Registered PF_UNIX/PF_LOCAL protocol family
[    0.211785] RPC: Registered named UNIX socket transport module.
[    0.211811] RPC: Registered udp transport module.
[    0.211817] RPC: Registered tcp transport module.
[    0.211822] RPC: Registered tcp-with-tls transport module.
[    0.211827] RPC: Registered tcp NFSv4.1 backchannel transport module.
[    0.211852] PCI: CLS 0 bytes, default 64
[    0.213429] Initialise system trusted keyrings
[    0.222038] workingset: timestamp_bits=14 max_order=17 bucket_order=3
[    0.223258] NFS: Registering the id_resolver key type
[    0.223321] Key type id_resolver registered
[    0.223329] Key type id_legacy registered
[    0.223383] jffs2: version 2.2. (NAND) (SUMMARY)  Â© 2001-2006 Red Hat, Inc.
[    0.223776] Key type asymmetric registered
[    0.223791] Asymmetric key parser 'x509' registered
[    0.223863] io scheduler mq-deadline registered
[    0.223874] io scheduler kyber registered
[    0.223942] io scheduler bfq registered
[    0.232246] hw perfevents: enabled with armv7_cortex_a8 PMU driver, 5 counters available
[    0.240764] l3-aon-clkctrl:0000:0: failed to disable
[    0.240909] Serial: 8250/16550 driver, 6 ports, IRQ sharing enabled
[    0.305012] brd: module loaded
[    0.313113] loop: module loaded
[    0.314039] mtdoops: mtd device (mtddev=name/number) must be supplied
[    0.315544] mdio_bus fixed-0: using lookup tables for GPIO lookup
[    0.315567] mdio_bus fixed-0: No GPIO consumer reset found
[    0.316800] i2c_dev: i2c /dev entries driver
[    0.317771] cpuidle: enable-method property 'ti,am3352' found operations
[    0.318226] sdhci: Secure Digital Host Controller Interface driver
[    0.318237] sdhci: Copyright(c) Pierre Ossman
[    0.318419] sdhci-pltfm: SDHCI platform and OF driver helper
[    0.318698] ledtrig-cpu: registered to indicate activity on CPUs
[    0.319479] Initializing XFRM netlink socket
[    0.319606] NET: Registered PF_INET6 protocol family
[    0.330672] Segment Routing with IPv6
[    0.330745] In-situ OAM (IOAM) with IPv6
[    0.330851] sit: IPv6, IPv4 and MPLS over IPv4 tunneling driver
[    0.331982] NET: Registered PF_PACKET protocol family
[    0.332013] NET: Registered PF_KEY protocol family
[    0.332168] Key type dns_resolver registered
[    0.332389] ThumbEE CPU extension supported.
[    0.332409] Registering SWP/SWPB emulation handler
[    0.332919] omap_voltage_late_init: Voltage driver support not added
[    0.333567] SmartReflex Class3 initialized
[    0.359686] Loading compiled-in X.509 certificates
[    0.406602] /ocp/interconnect@44c00000/segment@200000/target-module@b000/i2c@0/tda19988@70: Fixed dependency cycle(s) with /ocp/interconnect@48000000/segment@300000/target-module@e000/lcdc@0
[    0.412892] /ocp/interconnect@44c00000/segment@200000/target-module@b000/i2c@0/tda19988@70: Fixed dependency cycle(s) with /ocp/interconnect@48000000/segment@300000/target-module@e000/lcdc@0
[    0.418225] gpiochip_find_base: found new base at 512
[    0.420698] /ocp/interconnect@44c00000/segment@200000/target-module@b000/i2c@0/tda19988@70: Fixed dependency cycle(s) with /ocp/interconnect@48000000/segment@300000/target-module@e000/lcdc@0
[    0.421762] /ocp/interconnect@44c00000/segment@200000/target-module@b000/i2c@0/tda19988@70: Fixed dependency cycle(s) with /ocp/interconnect@48000000/segment@300000/target-module@e000/lcdc@0
[    0.425081] /ocp/interconnect@44c00000/segment@200000/target-module@10000/scm@0/pinmux@800: Fixed dependency cycle(s) with /ocp/interconnect@44c00000/segment@200000/target-module@10000/scm@0/pinmux@800/clkout2-pins
[    0.425720] pinctrl-single 44e10800.pinmux: 142 pins, size 568
[    0.430705] ti-sysc: probe of 44e31000.target-module failed with error -16
[    0.460243] /ocp/interconnect@48000000/segment@300000/target-module@e000/lcdc@0: Fixed dependency cycle(s) with /ocp/interconnect@44c00000/segment@200000/target-module@b000/i2c@0/tda19988@70
[    0.468076] ti-sysc: probe of 48040000.target-module failed with error -16
[    0.479032] gpiochip_find_base: found new base at 512
[    0.479099] gpio gpiochip0: (gpio-0-31): created GPIO range 0->7 ==> 44e10800.pinmux PIN 0->7
[    0.479118] gpio gpiochip0: (gpio-0-31): created GPIO range 8->11 ==> 44e10800.pinmux PIN 90->93
[    0.479134] gpio gpiochip0: (gpio-0-31): created GPIO range 12->27 ==> 44e10800.pinmux PIN 12->27
[    0.479148] gpio gpiochip0: (gpio-0-31): created GPIO range 28->31 ==> 44e10800.pinmux PIN 30->33
[    0.512134] gpio gpiochip0: (gpio-0-31): added GPIO chardev (254:0)
[    0.512299] gpio gpiochip0: registered GPIOs 512 to 543 on gpio-0-31
[    0.512383] OMAP GPIO hardware version 0.1
[    0.534378] i2c i2c-2: using DT '/ocp/interconnect@48000000/segment@100000/target-module@9c000/i2c@0' for 'scl' GPIO lookup
[    0.534456] of_get_named_gpiod_flags: can't parse 'scl-gpios' property of node '/ocp/interconnect@48000000/segment@100000/target-module@9c000/i2c@0[0]'
[    0.534500] of_get_named_gpiod_flags: can't parse 'scl-gpio' property of node '/ocp/interconnect@48000000/segment@100000/target-module@9c000/i2c@0[0]'
[    0.534535] i2c i2c-2: using lookup tables for GPIO lookup
[    0.534546] i2c i2c-2: No GPIO consumer scl found
[    0.534567] i2c i2c-2: using DT '/ocp/interconnect@48000000/segment@100000/target-module@9c000/i2c@0' for 'sda' GPIO lookup
[    0.534603] of_get_named_gpiod_flags: can't parse 'sda-gpios' property of node '/ocp/interconnect@48000000/segment@100000/target-module@9c000/i2c@0[0]'
[    0.534642] of_get_named_gpiod_flags: can't parse 'sda-gpio' property of node '/ocp/interconnect@48000000/segment@100000/target-module@9c000/i2c@0[0]'
[    0.534673] i2c i2c-2: using lookup tables for GPIO lookup
[    0.534681] i2c i2c-2: No GPIO consumer sda found
[    0.535379] omap_i2c 4819c000.i2c: bus 2 rev0.11 at 100 kHz
[    0.540611] gpiochip_find_base: found new base at 544
[    0.540675] gpio gpiochip1: (gpio-32-63): created GPIO range 0->17 ==> 44e10800.pinmux PIN 34->51
[    0.540694] gpio gpiochip1: (gpio-32-63): created GPIO range 18->21 ==> 44e10800.pinmux PIN 77->80
[    0.540710] gpio gpiochip1: (gpio-32-63): created GPIO range 22->31 ==> 44e10800.pinmux PIN 56->65
[    0.554332] gpio gpiochip1: (gpio-32-63): added GPIO chardev (254:1)
[    0.554481] gpio gpiochip1: registered GPIOs 544 to 575 on gpio-32-63
[    0.556631] gpiochip_find_base: found new base at 576
[    0.556688] gpio gpiochip2: (gpio-64-95): created GPIO range 0->4 ==> 44e10800.pinmux PIN 66->70
[    0.556705] gpio gpiochip2: (gpio-64-95): created GPIO range 5->6 ==> 44e10800.pinmux PIN 98->99
[    0.556720] gpio gpiochip2: (gpio-64-95): created GPIO range 7->8 ==> 44e10800.pinmux PIN 75->76
[    0.556735] gpio gpiochip2: (gpio-64-95): created GPIO range 13->13 ==> 44e10800.pinmux PIN 141->141
[    0.556751] gpio gpiochip2: (gpio-64-95): created GPIO range 14->21 ==> 44e10800.pinmux PIN 100->107
[    0.563804] gpio gpiochip2: (gpio-64-95): added GPIO chardev (254:2)
[    0.563944] gpio gpiochip2: registered GPIOs 576 to 607 on gpio-64-95
[    0.570149] /ocp/interconnect@48000000/segment@300000/target-module@e000/lcdc@0: Fixed dependency cycle(s) with /ocp/interconnect@44c00000/segment@200000/target-module@b000/i2c@0/tda19988@70
[    0.573042] /ocp/interconnect@48000000/segment@300000/target-module@e000/lcdc@0: Fixed dependency cycle(s) with /ocp/interconnect@44c00000/segment@200000/target-module@b000/i2c@0/tda19988@70
[    0.573731] /ocp/interconnect@44c00000/segment@200000/target-module@b000/i2c@0/tda19988@70: Fixed dependency cycle(s) with /ocp/interconnect@48000000/segment@300000/target-module@e000/lcdc@0
[    0.573891] /ocp/interconnect@48000000/segment@300000/target-module@e000/lcdc@0: Fixed dependency cycle(s) with /ocp/interconnect@44c00000/segment@200000/target-module@b000/i2c@0/tda19988@70
[    0.583206] mdio_bus 4a101000.mdio: using DT '/ocp/interconnect@4a000000/segment@0/target-module@100000/switch@0/mdio@1000' for 'reset' GPIO lookup
[    0.583282] of_get_named_gpiod_flags: can't parse 'reset-gpios' property of node '/ocp/interconnect@4a000000/segment@0/target-module@100000/switch@0/mdio@1000[0]'
[    0.583331] of_get_named_gpiod_flags: can't parse 'reset-gpio' property of node '/ocp/interconnect@4a000000/segment@0/target-module@100000/switch@0/mdio@1000[0]'
[    0.583379] mdio_bus 4a101000.mdio: using lookup tables for GPIO lookup
[    0.583389] mdio_bus 4a101000.mdio: No GPIO consumer reset found
[    0.584313] sdhci-omap 481d8000.mmc: using DT '/ocp/interconnect@48000000/segment@100000/target-module@d8000/mmc@0' for 'wp' GPIO lookup
[    0.584379] of_get_named_gpiod_flags: can't parse 'wp-gpios' property of node '/ocp/interconnect@48000000/segment@100000/target-module@d8000/mmc@0[0]'
[    0.584423] of_get_named_gpiod_flags: can't parse 'wp-gpio' property of node '/ocp/interconnect@48000000/segment@100000/target-module@d8000/mmc@0[0]'
[    0.584457] sdhci-omap 481d8000.mmc: using lookup tables for GPIO lookup
[    0.584466] sdhci-omap 481d8000.mmc: No GPIO consumer wp found
[    0.584652] sdhci-omap 481d8000.mmc: supply pbias not found, using dummy regulator
[    0.585133] sdhci-omap 481d8000.mmc: supply vqmmc not found, using dummy regulator
[    0.669613] davinci_mdio 4a101000.mdio: davinci mdio revision 1.6, bus freq 1000000
[    0.683597] mdio_bus 4a101000.mdio:00: using DT '/ocp/interconnect@4a000000/segment@0/target-module@100000/switch@0/mdio@1000/ethernet-phy@0' for 'reset' GPIO lookup
[    0.683701] of_get_named_gpiod_flags: parsed 'reset-gpios' property of node '/ocp/interconnect@4a000000/segment@0/target-module@100000/switch@0/mdio@1000/ethernet-phy@0[0]' - status (0)
[    0.683861] gpio gpiochip0: Persistence not supported for GPIO 8
[    0.861855] davinci_mdio 4a101000.mdio: phy[0]: device 4a101000.mdio:00, driver SMSC LAN8710/LAN8720
[    0.862495] cpsw-switch 4a100000.switch: initialized cpsw ale version 1.4
[    0.862518] cpsw-switch 4a100000.switch: ALE Table size 1024
[    0.862657] cpsw-switch 4a100000.switch: cpts: overflow check period 500 (jiffies)
[    0.862674] cpsw-switch 4a100000.switch: CPTS: ref_clk_freq:250000000 calc_mult:2147483648 calc_shift:29 error:0 nsec/sec
[    0.862776] cpsw-switch 4a100000.switch: Detected MACID = 6c:ec:eb:68:de:78
[    0.864611] cpsw-switch 4a100000.switch: initialized (regs 0x4a100000, pool size 256) hw_ver:0019010C 1.12 (0)
[    0.875341] debugfs: Directory '49000000.dma' with parent 'dmaengine' already present!
[    0.875384] edma 49000000.dma: TI EDMA DMA engine driver
[    0.908461] gpio-clk clk_mcasp0: using DT '/clk_mcasp0' for 'enable' GPIO lookup
[    0.908541] of_get_named_gpiod_flags: parsed 'enable-gpios' property of node '/clk_mcasp0[0]' - status (0)
[    0.908582] gpio gpiochip0: Persistence not supported for GPIO 27
[    0.909460] gpiochip_find_base: found new base at 608
[    0.909521] gpio gpiochip3: (gpio-96-127): created GPIO range 0->7 ==> 44e10800.pinmux PIN 82->89
[    0.909539] gpio gpiochip3: (gpio-96-127): created GPIO range 8->11 ==> 44e10800.pinmux PIN 52->55
[    0.909554] gpio gpiochip3: (gpio-96-127): created GPIO range 12->15 ==> 44e10800.pinmux PIN 94->97
[    0.909569] gpio gpiochip3: (gpio-96-127): created GPIO range 16->17 ==> 44e10800.pinmux PIN 71->72
[    0.909585] gpio gpiochip3: (gpio-96-127): created GPIO range 18->18 ==> 44e10800.pinmux PIN 135->135
[    0.909601] gpio gpiochip3: (gpio-96-127): created GPIO range 19->20 ==> 44e10800.pinmux PIN 108->109
[    0.909617] gpio gpiochip3: (gpio-96-127): created GPIO range 21->21 ==> 44e10800.pinmux PIN 73->73
[    0.909634] gpio gpiochip3: (gpio-96-127): created GPIO range 22->23 ==> 44e10800.pinmux PIN 8->9
[    0.909651] gpio gpiochip3: (gpio-96-127): created GPIO range 26->27 ==> 44e10800.pinmux PIN 10->11
[    0.909668] gpio gpiochip3: (gpio-96-127): created GPIO range 28->28 ==> 44e10800.pinmux PIN 74->74
[    0.909685] gpio gpiochip3: (gpio-96-127): created GPIO range 29->29 ==> 44e10800.pinmux PIN 81->81
[    0.909703] gpio gpiochip3: (gpio-96-127): created GPIO range 30->31 ==> 44e10800.pinmux PIN 28->29
[    0.924004] gpio gpiochip3: (gpio-96-127): added GPIO chardev (254:3)
[    0.924168] gpio gpiochip3: registered GPIOs 608 to 639 on gpio-96-127
[    0.926397] omap8250 44e09000.serial: using DT '/ocp/interconnect@44c00000/segment@200000/target-module@9000/serial@0' for 'rs485-term' GPIO lookup
[    0.926479] of_get_named_gpiod_flags: can't parse 'rs485-term-gpios' property of node '/ocp/interconnect@44c00000/segment@200000/target-module@9000/serial@0[0]'
[    0.926525] of_get_named_gpiod_flags: can't parse 'rs485-term-gpio' property of node '/ocp/interconnect@44c00000/segment@200000/target-module@9000/serial@0[0]'
[    0.926561] omap8250 44e09000.serial: using lookup tables for GPIO lookup
[    0.926571] omap8250 44e09000.serial: No GPIO consumer rs485-term found
[    0.926581] omap8250 44e09000.serial: using DT '/ocp/interconnect@44c00000/segment@200000/target-module@9000/serial@0' for 'rs485-rx-during-tx' GPIO lookup
[    0.926618] of_get_named_gpiod_flags: can't parse 'rs485-rx-during-tx-gpios' property of node '/ocp/interconnect@44c00000/segment@200000/target-module@9000/serial@0[0]'
[    0.926656] of_get_named_gpiod_flags: can't parse 'rs485-rx-during-tx-gpio' property of node '/ocp/interconnect@44c00000/segment@200000/target-module@9000/serial@0[0]'
[    0.926688] omap8250 44e09000.serial: using lookup tables for GPIO lookup
[    0.926696] omap8250 44e09000.serial: No GPIO consumer rs485-rx-during-tx found
[    0.927059] 44e09000.serial: ttyS0 at MMIO 0x44e09000 (irq = 34, base_baud = 3000000) is a 8250
[    0.927142] printk: console [ttyS0] enabled
[    2.113335] i2c i2c-0: using DT '/ocp/interconnect@44c00000/segment@200000/target-module@b000/i2c@0' for 'scl' GPIO lookup
[    2.113420] of_get_named_gpiod_flags: can't parse 'scl-gpios' property of node '/ocp/interconnect@44c00000/segment@200000/target-module@b000/i2c@0[0]'
[    2.113466] of_get_named_gpiod_flags: can't parse 'scl-gpio' property of node '/ocp/interconnect@44c00000/segment@200000/target-module@b000/i2c@0[0]'
[    2.113504] i2c i2c-0: using lookup tables for GPIO lookup
[    2.113515] i2c i2c-0: No GPIO consumer scl found
[    2.113538] i2c i2c-0: using DT '/ocp/interconnect@44c00000/segment@200000/target-module@b000/i2c@0' for 'sda' GPIO lookup
[    2.113576] of_get_named_gpiod_flags: can't parse 'sda-gpios' property of node '/ocp/interconnect@44c00000/segment@200000/target-module@b000/i2c@0[0]'
[    2.113616] of_get_named_gpiod_flags: can't parse 'sda-gpio' property of node '/ocp/interconnect@44c00000/segment@200000/target-module@b000/i2c@0[0]'
[    2.113650] i2c i2c-0: using lookup tables for GPIO lookup
[    2.113659] i2c i2c-0: No GPIO consumer sda found
[    2.142257] tps65217-pmic: Failed to locate of_node [id: -1]
[    2.148335] tps65217-bl: Failed to locate of_node [id: -1]
[    2.159336] tps65217 0-0024: TPS65217 ID 0xe version 1.2
[    2.165464] /ocp/interconnect@48000000/segment@300000/target-module@e000/lcdc@0: Fixed dependency cycle(s) with /ocp/interconnect@44c00000/segment@200000/target-module@b000/i2c@0/tda19988@70
[    2.182817] /ocp/interconnect@44c00000/segment@200000/target-module@b000/i2c@0/tda19988@70: Fixed dependency cycle(s) with /ocp/interconnect@48000000/segment@300000/target-module@e000/lcdc@0
[    2.200177] omap_i2c 44e0b000.i2c: bus 0 rev0.11 at 400 kHz
[    2.207945] sdhci-omap 48060000.mmc: using DT '/ocp/interconnect@48000000/segment@0/target-module@60000/mmc@0' for 'cd' GPIO lookup
[    2.208051] of_get_named_gpiod_flags: parsed 'cd-gpios' property of node '/ocp/interconnect@48000000/segment@0/target-module@60000/mmc@0[0]' - status (0)
[    2.208172] gpio gpiochip3: Persistence not supported for GPIO 6
[    2.208197] omap_gpio 44e07000.gpio: Could not set line 6 debounce to 200000 microseconds (-22)
[    2.217097] sdhci-omap 48060000.mmc: Got CD GPIO
[    2.221788] sdhci-omap 48060000.mmc: using DT '/ocp/interconnect@48000000/segment@0/target-module@60000/mmc@0' for 'wp' GPIO lookup
[    2.221846] of_get_named_gpiod_flags: can't parse 'wp-gpios' property of node '/ocp/interconnect@48000000/segment@0/target-module@60000/mmc@0[0]'
[    2.221894] of_get_named_gpiod_flags: can't parse 'wp-gpio' property of node '/ocp/interconnect@48000000/segment@0/target-module@60000/mmc@0[0]'
[    2.221930] sdhci-omap 48060000.mmc: using lookup tables for GPIO lookup
[    2.221942] sdhci-omap 48060000.mmc: No GPIO consumer wp found
[    2.222137] sdhci-omap 48060000.mmc: supply pbias not found, using dummy regulator
[    2.231689] sdhci-omap 481d8000.mmc: using DT '/ocp/interconnect@48000000/segment@100000/target-module@d8000/mmc@0' for 'wp' GPIO lookup
[    2.231771] of_get_named_gpiod_flags: can't parse 'wp-gpios' property of node '/ocp/interconnect@48000000/segment@100000/target-module@d8000/mmc@0[0]'
[    2.231820] of_get_named_gpiod_flags: can't parse 'wp-gpio' property of node '/ocp/interconnect@48000000/segment@100000/target-module@d8000/mmc@0[0]'
[    2.231858] sdhci-omap 481d8000.mmc: using lookup tables for GPIO lookup
[    2.231869] sdhci-omap 481d8000.mmc: No GPIO consumer wp found
[    2.232776] sdhci-omap 48060000.mmc: supply vqmmc not found, using dummy regulator
[    2.241515] sdhci-omap 481d8000.mmc: supply pbias not found, using dummy regulator
[    2.249489] sdhci-omap 481d8000.mmc: supply vqmmc not found, using dummy regulator
[    2.287991] mmc1: SDHCI controller on 481d8000.mmc [481d8000.mmc] using External DMA
[    2.296443] mmc0: SDHCI controller on 48060000.mmc [48060000.mmc] using External DMA
[    2.305213] cpsw-switch 4a100000.switch: starting ndev. mode: dual_mac
[    2.348546] mmc0: new high speed SDHC card at address 5048
[    2.355520] mmcblk0: mmc0:5048 SD16G 14.4 GiB
[    2.363345]  mmcblk0: p1 p2
[    2.366617] mmcblk0: p2 size 31221760 extends beyond EOD, truncated
[    2.381104] mmc1: new high speed MMC card at address 0001
[    2.387803] mmcblk1: mmc1:0001 MMC04G 3.60 GiB
[    2.394945]  mmcblk1: p1 p2
[    2.399145] mmcblk1boot0: mmc1:0001 MMC04G 2.00 MiB
[    2.406439] mmcblk1boot1: mmc1:0001 MMC04G 2.00 MiB
[    2.413323] mmcblk1rpmb: mmc1:0001 MMC04G 128 KiB, chardev (250:0)
[    2.492339] SMSC LAN8710/LAN8720 4a101000.mdio:00: attached PHY driver (mii_bus:phy_addr=4a101000.mdio:00, irq=POLL)
[    5.601898] cpsw-switch 4a100000.switch eth0: Link is Up - 100Mbps/Full - flow control off
[    5.651257] IP-Config: Complete:
[    5.654530]      device=eth0, hwaddr=6c:ec:eb:68:de:78, ipaddr=192.168.255.1, mask=255.255.255.0, gw=255.255.255.255
[    5.665169]      host=bbb1, domain=, nis-domain=(none)
[    5.670334]      bootserver=192.168.255.126, rootserver=192.168.255.126, rootpath=
[    5.670751] clk: Disabling unused clocks
[    5.682605] KTAP version 1
[    5.685334] 1..0
[    5.709196] VFS: Mounted root (nfs filesystem) on device 0:16.
[    5.716307] devtmpfs: mounted
[    5.720923] Freeing unused kernel image (initmem) memory: 1024K
[    5.727848] Run /sbin/init as init process
[    5.732023]   with arguments:
[    5.732035]     /sbin/init
[    5.732043]     nfsrootdebug
[    5.732051]   with environment:
[    5.732057]     HOME=/
[    5.732065]     TERM=linux
[    6.412783] systemd[1]: System time before build time, advancing clock.
[    7.891174] random: crng init done
[    7.961562] systemd[1]: systemd 232 running in system mode. (+PAM +AUDIT +SELINUX +IMA +APPARMOR +SMACK +SYSVINIT +UTMP +LIBCRYPTSETUP +GCRYPT +GNUTLS +ACL +XZ +LZ4 +SECCOMP +BLKID +ELFUTILS +KMOD +IDN)
[    7.980487] systemd[1]: Detected architecture arm.
[    8.024055] systemd[1]: Set hostname to <arm>.
[    9.083214] systemd[1]: Reached target Swap.
[    9.123273] systemd[1]: Listening on /dev/initctl Compatibility Named Pipe.
[    9.162820] systemd[1]: Set up automount Arbitrary Executable File Formats File System Automount Point.
[    9.201832] systemd[1]: Listening on udev Kernel Socket.
[    9.242138] systemd[1]: Listening on Journal Audit Socket.
[    9.282775] systemd[1]: Created slice System Slice.
[    9.323184] systemd[1]: Listening on Journal Socket (/dev/log).
[   11.134762] systemd-journald[88]: Received request to flush runtime journal from PID 1
[   14.280857] leds-gpio leds: using DT '/leds/led2' for '(null)' GPIO lookup
[   14.280958] of_get_named_gpiod_flags: parsed 'gpios' property of node '/leds/led2[0]' - status (0)
[   14.281011] gpio gpiochip0: Persistence not supported for GPIO 21
[   14.281024] gpio-533 (?): no flags found for (null)
[   14.281602] leds-gpio leds: using DT '/leds/led3' for '(null)' GPIO lookup
[   14.281671] of_get_named_gpiod_flags: parsed 'gpios' property of node '/leds/led3[0]' - status (0)
[   14.281713] gpio gpiochip0: Persistence not supported for GPIO 22
[   14.281725] gpio-534 (?): no flags found for (null)
[   14.337854] leds-gpio leds: using DT '/leds/led4' for '(null)' GPIO lookup
[   14.337952] of_get_named_gpiod_flags: parsed 'gpios' property of node '/leds/led4[0]' - status (0)
[   14.337999] gpio gpiochip0: Persistence not supported for GPIO 23
[   14.338011] gpio-535 (?): no flags found for (null)
[   14.367515] leds-gpio leds: using DT '/leds/led5' for '(null)' GPIO lookup
[   14.367616] of_get_named_gpiod_flags: parsed 'gpios' property of node '/leds/led5[0]' - status (0)
[   14.367664] gpio gpiochip0: Persistence not supported for GPIO 24
[   14.367675] gpio-536 (?): no flags found for (null)
[   14.639940] remoteproc remoteproc0: wkup_m3 is available
[   14.980524] omap_rtc 44e3e000.rtc: registered as rtc0
[   14.985918] omap_rtc 44e3e000.rtc: setting system clock to 2000-01-01T00:00:01 UTC (946684801)
[   14.994798] omap_rtc 44e3e000.rtc: using DT '/ocp/interconnect@44c00000/segment@200000/target-module@3e000/rtc@0' for 'wp' GPIO lookup
[   14.994873] of_get_named_gpiod_flags: can't parse 'wp-gpios' property of node '/ocp/interconnect@44c00000/segment@200000/target-module@3e000/rtc@0[0]'
[   14.994925] of_get_named_gpiod_flags: can't parse 'wp-gpio' property of node '/ocp/interconnect@44c00000/segment@200000/target-module@3e000/rtc@0[0]'
[   14.994963] omap_rtc 44e3e000.rtc: using lookup tables for GPIO lookup
[   14.994975] omap_rtc 44e3e000.rtc: No GPIO consumer wp found
[   15.050677] at24 2-0054: supply vcc not found, using dummy regulator
[   15.222399] at24 2-0055: supply vcc not found, using dummy regulator
[   15.372389] at24 2-0056: supply vcc not found, using dummy regulator
[   15.391576] omap_wdt: OMAP Watchdog Timer Rev 0x01: initial timeout 60 sec
[   15.526225] at24 2-0057: supply vcc not found, using dummy regulator
[   15.693407] at24 0-0050: using DT '/ocp/interconnect@44c00000/segment@200000/target-module@b000/i2c@0/baseboard_eeprom@50' for 'wp' GPIO lookup
[   15.693568] of_get_named_gpiod_flags: can't parse 'wp-gpios' property of node '/ocp/interconnect@44c00000/segment@200000/target-module@b000/i2c@0/baseboard_eeprom@50[0]'
[   15.693678] of_get_named_gpiod_flags: can't parse 'wp-gpio' property of node '/ocp/interconnect@44c00000/segment@200000/target-module@b000/i2c@0/baseboard_eeprom@50[0]'
[   15.693773] at24 0-0050: using lookup tables for GPIO lookup
[   15.693787] at24 0-0050: No GPIO consumer wp found
[   15.694194] at24 0-0050: 32768 byte 24c256 EEPROM, writable, 1 bytes/write
[   15.802850] usbcore: registered new interface driver usbfs
[   15.808483] usbcore: registered new interface driver hub
[   15.814130] usbcore: registered new device driver usb
[   15.914990] tps6521x_pwrbutton tps65217-pwrbutton: DMA mask not set
[   15.924836] am335x-phy-driver 47401300.usb-phy: using DT '/ocp/target-module@47400000/usb-phy@1300' for 'reset' GPIO lookup
[   15.924949] of_get_named_gpiod_flags: can't parse 'reset-gpios' property of node '/ocp/target-module@47400000/usb-phy@1300[0]'
[   15.924995] of_get_named_gpiod_flags: can't parse 'reset-gpio' property of node '/ocp/target-module@47400000/usb-phy@1300[0]'
[   15.925030] am335x-phy-driver 47401300.usb-phy: using lookup tables for GPIO lookup
[   15.925043] am335x-phy-driver 47401300.usb-phy: No GPIO consumer reset found
[   15.925055] am335x-phy-driver 47401300.usb-phy: using DT '/ocp/target-module@47400000/usb-phy@1300' for 'vbus-detect' GPIO lookup
[   15.925085] of_get_named_gpiod_flags: can't parse 'vbus-detect-gpios' property of node '/ocp/target-module@47400000/usb-phy@1300[0]'
[   15.925116] of_get_named_gpiod_flags: can't parse 'vbus-detect-gpio' property of node '/ocp/target-module@47400000/usb-phy@1300[0]'
[   15.925141] am335x-phy-driver 47401300.usb-phy: using lookup tables for GPIO lookup
[   15.925151] am335x-phy-driver 47401300.usb-phy: No GPIO consumer vbus-detect found
[   15.925296] am335x-phy-driver 47401300.usb-phy: dummy supplies not allowed for exclusive requests
[   16.040026] input: tps65217_pwrbutton as /devices/platform/ocp/44c00000.interconnect/44c00000.interconnect:segment@200000/44e0b000.target-module/44e0b000.i2c/i2c-0/0-0024/tps65217-pwrbutton/input/input0
[   16.216801] am335x-phy-driver 47401b00.usb-phy: using DT '/ocp/target-module@47400000/usb-phy@1b00' for 'reset' GPIO lookup
[   16.216890] of_get_named_gpiod_flags: can't parse 'reset-gpios' property of node '/ocp/target-module@47400000/usb-phy@1b00[0]'
[   16.216933] of_get_named_gpiod_flags: can't parse 'reset-gpio' property of node '/ocp/target-module@47400000/usb-phy@1b00[0]'
[   16.216970] am335x-phy-driver 47401b00.usb-phy: using lookup tables for GPIO lookup
[   16.216983] am335x-phy-driver 47401b00.usb-phy: No GPIO consumer reset found
[   16.216996] am335x-phy-driver 47401b00.usb-phy: using DT '/ocp/target-module@47400000/usb-phy@1b00' for 'vbus-detect' GPIO lookup
[   16.217025] of_get_named_gpiod_flags: can't parse 'vbus-detect-gpios' property of node '/ocp/target-module@47400000/usb-phy@1b00[0]'
[   16.217056] of_get_named_gpiod_flags: can't parse 'vbus-detect-gpio' property of node '/ocp/target-module@47400000/usb-phy@1b00[0]'
[   16.217080] am335x-phy-driver 47401b00.usb-phy: using lookup tables for GPIO lookup
[   16.217090] am335x-phy-driver 47401b00.usb-phy: No GPIO consumer vbus-detect found
[   16.217237] am335x-phy-driver 47401b00.usb-phy: dummy supplies not allowed for exclusive requests
[   16.267654] wkup_m3_ipc 44e11324.wkup_m3_ipc: IPC Request for A8->M3 Channel failed! -517
[   16.359200] wkup_m3_ipc 44e11324.wkup_m3_ipc: IPC Request for A8->M3 Channel failed! -517
[   16.780314] wkup_m3_ipc 44e11324.wkup_m3_ipc: IPC Request for A8->M3 Channel failed! -517
[   16.868178] musb-hdrc musb-hdrc.1: MUSB HDRC host driver
[   16.873822] musb-hdrc musb-hdrc.1: new USB bus registered, assigned bus number 1
[   16.890718] wkup_m3_ipc 44e11324.wkup_m3_ipc: IPC Request for A8->M3 Channel failed! -517
[   17.053083] usb usb1: New USB device found, idVendor=1d6b, idProduct=0002, bcdDevice= 6.06
[   17.061699] usb usb1: New USB device strings: Mfr=3, Product=2, SerialNumber=1
[   17.068968] usb usb1: Product: MUSB HDRC host driver
[   17.074068] usb usb1: Manufacturer: Linux 6.6.96 musb-hcd
[   17.079498] usb usb1: SerialNumber: musb-hdrc.1
[   17.241907] hub 1-0:1.0: USB hub found
[   17.301470] hub 1-0:1.0: 1 port detected
[   17.340963] wkup_m3_ipc 44e11324.wkup_m3_ipc: IPC Request for A8->M3 Channel failed! -517
[   17.379948] tda998x 0-0070: found TDA19988
[   17.497175] wkup_m3_ipc 44e11324.wkup_m3_ipc: IPC Request for A8->M3 Channel failed! -517
[   17.608593] wkup_m3_ipc 44e11324.wkup_m3_ipc: IPC Request for A8->M3 Channel failed! -517
[   17.881907] omap-mailbox 480c8000.mailbox: omap mailbox rev 0x400
[   17.920626] remoteproc remoteproc0: powering up wkup_m3
[   18.111742] remoteproc remoteproc0: Direct firmware load for am335x-pm-firmware.elf failed with error -2
[   18.121449] remoteproc remoteproc0: request_firmware failed: -2
[   18.127408] wkup_m3_ipc 44e11324.wkup_m3_ipc: rproc_boot failed
[   19.529388] omap_rng 48310000.rng: Random Number Generator ver. 20
[   19.677325] tilcdc 4830e000.lcdc: bound 0-0070 (ops tda998x_audio_codec_init [tda998x])
[   19.797227] [drm] Initialized tilcdc 1.0.0 20121205 for 4830e000.lcdc on minor 0
[   19.869429] tilcdc 4830e000.lcdc: [drm] Cannot find any crtc or sizes
[   19.878512] tilcdc 4830e000.lcdc: [drm] Cannot find any crtc or sizes
[   21.594768] PM: Cannot get wkup_m3_ipc handle
[   21.606413] omap-sham 53100000.sham: hw accel on OMAP rev 4.3
[   21.655189] Bluetooth: Core ver 2.22
[   21.660034] NET: Registered PF_BLUETOOTH protocol family
[   21.665985] Bluetooth: HCI device and connection manager initialized
[   21.672601] Bluetooth: HCI socket layer initialized
[   21.677516] Bluetooth: L2CAP socket layer initialized
[   21.682678] Bluetooth: SCO socket layer initialized
[   21.787325] omap-sham 53100000.sham: will run requests pump with realtime priority
[   21.801964] PM: Cannot get wkup_m3_ipc handle
[   21.811044] omap-aes 53500000.aes: OMAP AES hw accel rev: 3.2
[   22.036047] omap-aes 53500000.aes: will run requests pump with realtime priority
[   22.047262] PM: Cannot get wkup_m3_ipc handle
[   25.689473] PM: Cannot get wkup_m3_ipc handle
[   25.695416] asoc-simple-card sound: using DT '/sound' for 'simple-audio-card,hp-det' GPIO lookup
[   25.695489] of_get_named_gpiod_flags: can't parse 'simple-audio-card,hp-det-gpios' property of node '/sound[0]'
[   25.695525] of_get_named_gpiod_flags: can't parse 'simple-audio-card,hp-det-gpio' property of node '/sound[0]'
[   25.695548] asoc-simple-card sound: using lookup tables for GPIO lookup
[   25.695560] asoc-simple-card sound: No GPIO consumer simple-audio-card,hp-det found
[   25.695572] asoc-simple-card sound: using DT '/sound' for 'simple-audio-card,mic-det' GPIO lookup
[   25.695595] of_get_named_gpiod_flags: can't parse 'simple-audio-card,mic-det-gpios' property of node '/sound[0]'
[   25.695621] of_get_named_gpiod_flags: can't parse 'simple-audio-card,mic-det-gpio' property of node '/sound[0]'
[   25.695638] asoc-simple-card sound: using lookup tables for GPIO lookup
[   25.695647] asoc-simple-card sound: No GPIO consumer simple-audio-card,mic-det found
[   25.824336] PM: Cannot get wkup_m3_ipc handle
[   27.275049] userial_init: registered 8 ttyGS* devices
[   27.558670] rndis_register: configNr = 0
[   27.693728] udc musb-hdrc.0: binding gadget driver [g_multi]
[   27.693821] configfs-gadget.g_multi gadget.0: adding 'rndis'/e8321257 to config 'c'/12772eec
[   27.694950] configfs-gadget.g_multi gadget.0: HOST MAC 1c:ba:8c:a2:ed:6c
[   27.701937] configfs-gadget.g_multi gadget.0: MAC 1c:ba:8c:a2:ed:70
[   27.708305] rndis_set_param_medium: 0 0
[   27.708323] configfs-gadget.g_multi gadget.0: RNDIS: IN/ep1in OUT/ep1out NOTIFY/ep2in
[   27.708338] configfs-gadget.g_multi gadget.0: adding 'cdc_ethernet'/690d25a0 to config 'c'/12772eec
[   27.709222] configfs-gadget.g_multi gadget.0: HOST MAC 1c:ba:8c:a2:ed:6c
[   27.716113] configfs-gadget.g_multi gadget.0: MAC 1c:ba:8c:a2:ed:6d
[   27.722487] configfs-gadget.g_multi gadget.0: CDC Ethernet: IN/ep3in OUT/ep2out NOTIFY/ep4in
[   27.722505] configfs-gadget.g_multi gadget.0: adding 'acm'/dd40c4ce to config 'c'/12772eec
[   27.722536] configfs-gadget.g_multi gadget.0: acm ttyGS0: IN/ep5in OUT/ep3out NOTIFY/ep6in
[   27.726823] PM: Cannot get wkup_m3_ipc handle
[   29.116525] configfs-gadget.g_multi gadget.0: eth_open
[   29.729064] configfs-gadget.g_multi gadget.0: stop stats: rx/tx 0/0, errs 0/0
[   34.507748] gs_open: ttyGS0 (dc677eb1,c98ebd31)
[   34.507896] gs_close: ttyGS0 (dc677eb1,c98ebd31) ...
[   34.507917] gs_close: ttyGS0 (dc677eb1,c98ebd31) done!
[   34.508086] gs_open: ttyGS0 (981fb669,d8116eee)
[   34.508156] gs_close: ttyGS0 (981fb669,d8116eee) ...
[   34.508174] gs_close: ttyGS0 (981fb669,d8116eee) done!
[   34.687974] gs_open: ttyGS0 (9dd90c6d,eb099f40)
[   34.688200] gs_close: ttyGS0 (9dd90c6d,eb099f40) ...
[   34.688227] gs_close: ttyGS0 (9dd90c6d,eb099f40) done!
[   34.690695] gs_open: ttyGS0 (9dd90c6d,6dc854af)
BCKFYEHCGX 0
root@arm:~# echo 'TBJZ''ULSTMT'
TBJZULSTMT
root@arm:~# MARKER='OMYX''NOSLYP' run 'modprobe test_linear_ranges'
OMYXNOSLYPOMYXNOSLYP 0
root@arm:~# echo 'OHNN''XHFVPJ'
OHNNXHFVPJ
root@arm:~# MARKER='MWOQ''TKLMWC' run dmesg
MWOQTKLMWC[    0.000000] Booting Linux on physical CPU 0x0
[    0.000000] Linux version 6.6.96 (user01@drvtest01) (arm-none-eabi-gcc (Arm GNU Toolchain 14.2.Rel1 (Build arm-14.52)) 14.2.1 20241119, GNU ld (Arm GNU Toolchain 14.2.Rel1 (Build arm-14.52)) 2.43.1.20241119) #1 SMP Sun Jul  6 14:09:32 EEST 2025
[    0.000000] CPU: ARMv7 Processor [413fc082] revision 2 (ARMv7), cr=10c5387d
[    0.000000] CPU: PIPT / VIPT nonaliasing data cache, VIPT aliasing instruction cache
[    0.000000] OF: fdt: Machine model: TI AM335x BeagleBone Black
[    0.000000] Memory policy: Data cache writeback
[    0.000000] cma: Reserved 16 MiB at 0x9e800000 on node -1
[    0.000000] Zone ranges:
[    0.000000]   Normal   [mem 0x0000000080000000-0x000000009fdfffff]
[    0.000000]   HighMem  empty
[    0.000000] Movable zone start for each node
[    0.000000] Early memory node ranges
[    0.000000]   node   0: [mem 0x0000000080000000-0x000000009fdfffff]
[    0.000000] Initmem setup node 0 [mem 0x0000000080000000-0x000000009fdfffff]
[    0.000000] CPU: All CPU(s) started in SVC mode.
[    0.000000] AM335X ES2.1 (sgx neon)
[    0.000000] percpu: Embedded 16 pages/cpu s36116 r8192 d21228 u65536
[    0.000000] pcpu-alloc: s36116 r8192 d21228 u65536 alloc=16*4096
[    0.000000] pcpu-alloc: [0] 0 
[    0.000000] Kernel command line: console=ttyO0,115200n8 root=/dev/nfs rw nfsroot=192.168.255.126:/home/user01/nfs,nfsvers=3 ip=192.168.255.1:192.168.255.126::255.255.255.0:bbb1:eth0 nfsrootdebug
[    0.000000] Unknown kernel command line parameters "nfsrootdebug", will be passed to user space.
[    0.000000] Dentry cache hash table entries: 65536 (order: 6, 262144 bytes, linear)
[    0.000000] Inode-cache hash table entries: 32768 (order: 5, 131072 bytes, linear)
[    0.000000] Built 1 zonelists, mobility grouping on.  Total pages: 129412
[    0.000000] mem auto-init: stack:off, heap alloc:off, heap free:off
[    0.000000] Memory: 483604K/522240K available (11264K kernel code, 1165K rwdata, 2700K rodata, 1024K init, 282K bss, 22252K reserved, 16384K cma-reserved, 0K highmem)
[    0.000000] SLUB: HWalign=64, Order=0-3, MinObjects=0, CPUs=1, Nodes=1
[    0.000000] rcu: Hierarchical RCU implementation.
[    0.000000] rcu: 	RCU event tracing is enabled.
[    0.000000] rcu: 	RCU restricting CPUs from NR_CPUS=2 to nr_cpu_ids=1.
[    0.000000] rcu: RCU calculated value of scheduler-enlistment delay is 10 jiffies.
[    0.000000] rcu: Adjusting geometry for rcu_fanout_leaf=16, nr_cpu_ids=1
[    0.000000] NR_IRQS: 16, nr_irqs: 16, preallocated irqs: 16
[    0.000000] IRQ: Found an INTC at 0x(ptrval) (revision 5.0) with 128 interrupts
[    0.000000] rcu: srcu_init: Setting srcu_struct sizes based on contention.
[    0.000000] TI gptimer clocksource: always-on /ocp/interconnect@44c00000/segment@200000/target-module@31000
[    0.000003] sched_clock: 32 bits at 24MHz, resolution 41ns, wraps every 89478484971ns
[    0.000028] clocksource: dmtimer: mask: 0xffffffff max_cycles: 0xffffffff, max_idle_ns: 79635851949 ns
[    0.000506] TI gptimer clockevent: 24000000 Hz at /ocp/interconnect@48000000/segment@0/target-module@40000
[    0.002067] Console: colour dummy device 80x30
[    0.002117] WARNING: Your 'console=ttyO0' has been replaced by 'ttyS0'
[    0.002124] This ensures that you still see kernel messages. Please
[    0.002129] update your kernel commandline.
[    0.002167] Calibrating delay loop... 996.14 BogoMIPS (lpj=4980736)
[    0.090558] CPU: Testing write buffer coherency: ok
[    0.090656] CPU0: Spectre v2: using BPIALL workaround
[    0.090667] pid_max: default: 32768 minimum: 301
[    0.090787] LSM: initializing lsm=capability,integrity
[    0.090955] Mount-cache hash table entries: 1024 (order: 0, 4096 bytes, linear)
[    0.090975] Mountpoint-cache hash table entries: 1024 (order: 0, 4096 bytes, linear)
[    0.092444] CPU0: thread -1, cpu 0, socket -1, mpidr 0
[    0.094052] Setting up static identity map for 0x80100000 - 0x80100078
[    0.094330] rcu: Hierarchical SRCU implementation.
[    0.094341] rcu: 	Max phase no-delay instances is 1000.
[    0.095720] smp: Bringing up secondary CPUs ...
[    0.095777] smp: Brought up 1 node, 1 CPU
[    0.095789] SMP: Total of 1 processors activated (996.14 BogoMIPS).
[    0.095800] CPU: All CPU(s) started in SVC mode.
[    0.096670] devtmpfs: initialized
[    0.113225] VFP support v0.3: implementor 41 architecture 3 part 30 variant c rev 3
[    0.113572] clocksource: jiffies: mask: 0xffffffff max_cycles: 0xffffffff, max_idle_ns: 19112604462750000 ns
[    0.113606] futex hash table entries: 256 (order: 2, 16384 bytes, linear)
[    0.114878] pinctrl core: initialized pinctrl subsystem
[    0.117032] NET: Registered PF_NETLINK/PF_ROUTE protocol family
[    0.119544] DMA: preallocated 256 KiB pool for atomic coherent allocations
[    0.120163] audit: initializing netlink subsys (disabled)
[    0.121634] thermal_sys: Registered thermal governor 'fair_share'
[    0.121655] thermal_sys: Registered thermal governor 'step_wise'
[    0.121661] thermal_sys: Registered thermal governor 'user_space'
[    0.121882] audit: type=2000 audit(0.120:1): state=initialized audit_enabled=0 res=1
[    0.121917] cpuidle: using governor menu
[    0.138239] /ocp/interconnect@44c00000/segment@200000/target-module@b000/i2c@0/tda19988@70: Fixed dependency cycle(s) with /ocp/interconnect@48000000/segment@300000/target-module@e000/lcdc@0
[    0.139326] /ocp/interconnect@48000000/segment@300000/target-module@e000/lcdc@0: Fixed dependency cycle(s) with /ocp/interconnect@44c00000/segment@200000/target-module@b000/i2c@0/tda19988@70
[    0.141583] No ATAGs?
[    0.141602] hw-breakpoint: debug architecture 0x4 unsupported.
[    0.144601] kprobes: kprobe jump-optimization is enabled. All kprobes are optimized if possible.
[    0.163316] iommu: Default domain type: Translated
[    0.163336] iommu: DMA domain TLB invalidation policy: strict mode
[    0.164774] SCSI subsystem initialized
[    0.165611] reg-fixed-voltage fixedregulator0: using DT '/fixedregulator0' for '(null)' GPIO lookup
[    0.165662] of_get_named_gpiod_flags: can't parse 'gpios' property of node '/fixedregulator0[0]'
[    0.165692] of_get_named_gpiod_flags: can't parse 'gpio' property of node '/fixedregulator0[0]'
[    0.165710] reg-fixed-voltage fixedregulator0: using lookup tables for GPIO lookup
[    0.165720] reg-fixed-voltage fixedregulator0: No GPIO consumer (null) found
[    0.166253] libata version 3.00 loaded.
[    0.166607] pps_core: LinuxPPS API ver. 1 registered
[    0.166617] pps_core: Software ver. 5.3.6 - Copyright 2005-2007 Rodolfo Giometti <giometti@linux.it>
[    0.166642] PTP clock support registered
[    0.170822] vgaarb: loaded
[    0.171155] clocksource: Switched to clocksource dmtimer
[    0.171766] VFS: Disk quotas dquot_6.6.0
[    0.171825] VFS: Dquot-cache hash table entries: 1024 (order 0, 4096 bytes)
[    0.203757] NET: Registered PF_INET protocol family
[    0.204093] IP idents hash table entries: 8192 (order: 4, 65536 bytes, linear)
[    0.205431] tcp_listen_portaddr_hash hash table entries: 512 (order: 0, 4096 bytes, linear)
[    0.205467] Table-perturb hash table entries: 65536 (order: 6, 262144 bytes, linear)
[    0.205484] TCP established hash table entries: 4096 (order: 2, 16384 bytes, linear)
[    0.205529] TCP bind hash table entries: 4096 (order: 4, 65536 bytes, linear)
[    0.205629] TCP: Hash tables configured (established 4096 bind 4096)
[    0.205761] UDP hash table entries: 256 (order: 1, 8192 bytes, linear)
[    0.205789] UDP-Lite hash table entries: 256 (order: 1, 8192 bytes, linear)
[    0.205960] NET: Registered PF_UNIX/PF_LOCAL protocol family
[    0.211785] RPC: Registered named UNIX socket transport module.
[    0.211811] RPC: Registered udp transport module.
[    0.211817] RPC: Registered tcp transport module.
[    0.211822] RPC: Registered tcp-with-tls transport module.
[    0.211827] RPC: Registered tcp NFSv4.1 backchannel transport module.
[    0.211852] PCI: CLS 0 bytes, default 64
[    0.213429] Initialise system trusted keyrings
[    0.222038] workingset: timestamp_bits=14 max_order=17 bucket_order=3
[    0.223258] NFS: Registering the id_resolver key type
[    0.223321] Key type id_resolver registered
[    0.223329] Key type id_legacy registered
[    0.223383] jffs2: version 2.2. (NAND) (SUMMARY)  Â© 2001-2006 Red Hat, Inc.
[    0.223776] Key type asymmetric registered
[    0.223791] Asymmetric key parser 'x509' registered
[    0.223863] io scheduler mq-deadline registered
[    0.223874] io scheduler kyber registered
[    0.223942] io scheduler bfq registered
[    0.232246] hw perfevents: enabled with armv7_cortex_a8 PMU driver, 5 counters available
[    0.240764] l3-aon-clkctrl:0000:0: failed to disable
[    0.240909] Serial: 8250/16550 driver, 6 ports, IRQ sharing enabled
[    0.305012] brd: module loaded
[    0.313113] loop: module loaded
[    0.314039] mtdoops: mtd device (mtddev=name/number) must be supplied
[    0.315544] mdio_bus fixed-0: using lookup tables for GPIO lookup
[    0.315567] mdio_bus fixed-0: No GPIO consumer reset found
[    0.316800] i2c_dev: i2c /dev entries driver
[    0.317771] cpuidle: enable-method property 'ti,am3352' found operations
[    0.318226] sdhci: Secure Digital Host Controller Interface driver
[    0.318237] sdhci: Copyright(c) Pierre Ossman
[    0.318419] sdhci-pltfm: SDHCI platform and OF driver helper
[    0.318698] ledtrig-cpu: registered to indicate activity on CPUs
[    0.319479] Initializing XFRM netlink socket
[    0.319606] NET: Registered PF_INET6 protocol family
[    0.330672] Segment Routing with IPv6
[    0.330745] In-situ OAM (IOAM) with IPv6
[    0.330851] sit: IPv6, IPv4 and MPLS over IPv4 tunneling driver
[    0.331982] NET: Registered PF_PACKET protocol family
[    0.332013] NET: Registered PF_KEY protocol family
[    0.332168] Key type dns_resolver registered
[    0.332389] ThumbEE CPU extension supported.
[    0.332409] Registering SWP/SWPB emulation handler
[    0.332919] omap_voltage_late_init: Voltage driver support not added
[    0.333567] SmartReflex Class3 initialized
[    0.359686] Loading compiled-in X.509 certificates
[    0.406602] /ocp/interconnect@44c00000/segment@200000/target-module@b000/i2c@0/tda19988@70: Fixed dependency cycle(s) with /ocp/interconnect@48000000/segment@300000/target-module@e000/lcdc@0
[    0.412892] /ocp/interconnect@44c00000/segment@200000/target-module@b000/i2c@0/tda19988@70: Fixed dependency cycle(s) with /ocp/interconnect@48000000/segment@300000/target-module@e000/lcdc@0
[    0.418225] gpiochip_find_base: found new base at 512
[    0.420698] /ocp/interconnect@44c00000/segment@200000/target-module@b000/i2c@0/tda19988@70: Fixed dependency cycle(s) with /ocp/interconnect@48000000/segment@300000/target-module@e000/lcdc@0
[    0.421762] /ocp/interconnect@44c00000/segment@200000/target-module@b000/i2c@0/tda19988@70: Fixed dependency cycle(s) with /ocp/interconnect@48000000/segment@300000/target-module@e000/lcdc@0
[    0.425081] /ocp/interconnect@44c00000/segment@200000/target-module@10000/scm@0/pinmux@800: Fixed dependency cycle(s) with /ocp/interconnect@44c00000/segment@200000/target-module@10000/scm@0/pinmux@800/clkout2-pins
[    0.425720] pinctrl-single 44e10800.pinmux: 142 pins, size 568
[    0.430705] ti-sysc: probe of 44e31000.target-module failed with error -16
[    0.460243] /ocp/interconnect@48000000/segment@300000/target-module@e000/lcdc@0: Fixed dependency cycle(s) with /ocp/interconnect@44c00000/segment@200000/target-module@b000/i2c@0/tda19988@70
[    0.468076] ti-sysc: probe of 48040000.target-module failed with error -16
[    0.479032] gpiochip_find_base: found new base at 512
[    0.479099] gpio gpiochip0: (gpio-0-31): created GPIO range 0->7 ==> 44e10800.pinmux PIN 0->7
[    0.479118] gpio gpiochip0: (gpio-0-31): created GPIO range 8->11 ==> 44e10800.pinmux PIN 90->93
[    0.479134] gpio gpiochip0: (gpio-0-31): created GPIO range 12->27 ==> 44e10800.pinmux PIN 12->27
[    0.479148] gpio gpiochip0: (gpio-0-31): created GPIO range 28->31 ==> 44e10800.pinmux PIN 30->33
[    0.512134] gpio gpiochip0: (gpio-0-31): added GPIO chardev (254:0)
[    0.512299] gpio gpiochip0: registered GPIOs 512 to 543 on gpio-0-31
[    0.512383] OMAP GPIO hardware version 0.1
[    0.534378] i2c i2c-2: using DT '/ocp/interconnect@48000000/segment@100000/target-module@9c000/i2c@0' for 'scl' GPIO lookup
[    0.534456] of_get_named_gpiod_flags: can't parse 'scl-gpios' property of node '/ocp/interconnect@48000000/segment@100000/target-module@9c000/i2c@0[0]'
[    0.534500] of_get_named_gpiod_flags: can't parse 'scl-gpio' property of node '/ocp/interconnect@48000000/segment@100000/target-module@9c000/i2c@0[0]'
[    0.534535] i2c i2c-2: using lookup tables for GPIO lookup
[    0.534546] i2c i2c-2: No GPIO consumer scl found
[    0.534567] i2c i2c-2: using DT '/ocp/interconnect@48000000/segment@100000/target-module@9c000/i2c@0' for 'sda' GPIO lookup
[    0.534603] of_get_named_gpiod_flags: can't parse 'sda-gpios' property of node '/ocp/interconnect@48000000/segment@100000/target-module@9c000/i2c@0[0]'
[    0.534642] of_get_named_gpiod_flags: can't parse 'sda-gpio' property of node '/ocp/interconnect@48000000/segment@100000/target-module@9c000/i2c@0[0]'
[    0.534673] i2c i2c-2: using lookup tables for GPIO lookup
[    0.534681] i2c i2c-2: No GPIO consumer sda found
[    0.535379] omap_i2c 4819c000.i2c: bus 2 rev0.11 at 100 kHz
[    0.540611] gpiochip_find_base: found new base at 544
[    0.540675] gpio gpiochip1: (gpio-32-63): created GPIO range 0->17 ==> 44e10800.pinmux PIN 34->51
[    0.540694] gpio gpiochip1: (gpio-32-63): created GPIO range 18->21 ==> 44e10800.pinmux PIN 77->80
[    0.540710] gpio gpiochip1: (gpio-32-63): created GPIO range 22->31 ==> 44e10800.pinmux PIN 56->65
[    0.554332] gpio gpiochip1: (gpio-32-63): added GPIO chardev (254:1)
[    0.554481] gpio gpiochip1: registered GPIOs 544 to 575 on gpio-32-63
[    0.556631] gpiochip_find_base: found new base at 576
[    0.556688] gpio gpiochip2: (gpio-64-95): created GPIO range 0->4 ==> 44e10800.pinmux PIN 66->70
[    0.556705] gpio gpiochip2: (gpio-64-95): created GPIO range 5->6 ==> 44e10800.pinmux PIN 98->99
[    0.556720] gpio gpiochip2: (gpio-64-95): created GPIO range 7->8 ==> 44e10800.pinmux PIN 75->76
[    0.556735] gpio gpiochip2: (gpio-64-95): created GPIO range 13->13 ==> 44e10800.pinmux PIN 141->141
[    0.556751] gpio gpiochip2: (gpio-64-95): created GPIO range 14->21 ==> 44e10800.pinmux PIN 100->107
[    0.563804] gpio gpiochip2: (gpio-64-95): added GPIO chardev (254:2)
[    0.563944] gpio gpiochip2: registered GPIOs 576 to 607 on gpio-64-95
[    0.570149] /ocp/interconnect@48000000/segment@300000/target-module@e000/lcdc@0: Fixed dependency cycle(s) with /ocp/interconnect@44c00000/segment@200000/target-module@b000/i2c@0/tda19988@70
[    0.573042] /ocp/interconnect@48000000/segment@300000/target-module@e000/lcdc@0: Fixed dependency cycle(s) with /ocp/interconnect@44c00000/segment@200000/target-module@b000/i2c@0/tda19988@70
[    0.573731] /ocp/interconnect@44c00000/segment@200000/target-module@b000/i2c@0/tda19988@70: Fixed dependency cycle(s) with /ocp/interconnect@48000000/segment@300000/target-module@e000/lcdc@0
[    0.573891] /ocp/interconnect@48000000/segment@300000/target-module@e000/lcdc@0: Fixed dependency cycle(s) with /ocp/interconnect@44c00000/segment@200000/target-module@b000/i2c@0/tda19988@70
[    0.583206] mdio_bus 4a101000.mdio: using DT '/ocp/interconnect@4a000000/segment@0/target-module@100000/switch@0/mdio@1000' for 'reset' GPIO lookup
[    0.583282] of_get_named_gpiod_flags: can't parse 'reset-gpios' property of node '/ocp/interconnect@4a000000/segment@0/target-module@100000/switch@0/mdio@1000[0]'
[    0.583331] of_get_named_gpiod_flags: can't parse 'reset-gpio' property of node '/ocp/interconnect@4a000000/segment@0/target-module@100000/switch@0/mdio@1000[0]'
[    0.583379] mdio_bus 4a101000.mdio: using lookup tables for GPIO lookup
[    0.583389] mdio_bus 4a101000.mdio: No GPIO consumer reset found
[    0.584313] sdhci-omap 481d8000.mmc: using DT '/ocp/interconnect@48000000/segment@100000/target-module@d8000/mmc@0' for 'wp' GPIO lookup
[    0.584379] of_get_named_gpiod_flags: can't parse 'wp-gpios' property of node '/ocp/interconnect@48000000/segment@100000/target-module@d8000/mmc@0[0]'
[    0.584423] of_get_named_gpiod_flags: can't parse 'wp-gpio' property of node '/ocp/interconnect@48000000/segment@100000/target-module@d8000/mmc@0[0]'
[    0.584457] sdhci-omap 481d8000.mmc: using lookup tables for GPIO lookup
[    0.584466] sdhci-omap 481d8000.mmc: No GPIO consumer wp found
[    0.584652] sdhci-omap 481d8000.mmc: supply pbias not found, using dummy regulator
[    0.585133] sdhci-omap 481d8000.mmc: supply vqmmc not found, using dummy regulator
[    0.669613] davinci_mdio 4a101000.mdio: davinci mdio revision 1.6, bus freq 1000000
[    0.683597] mdio_bus 4a101000.mdio:00: using DT '/ocp/interconnect@4a000000/segment@0/target-module@100000/switch@0/mdio@1000/ethernet-phy@0' for 'reset' GPIO lookup
[    0.683701] of_get_named_gpiod_flags: parsed 'reset-gpios' property of node '/ocp/interconnect@4a000000/segment@0/target-module@100000/switch@0/mdio@1000/ethernet-phy@0[0]' - status (0)
[    0.683861] gpio gpiochip0: Persistence not supported for GPIO 8
[    0.861855] davinci_mdio 4a101000.mdio: phy[0]: device 4a101000.mdio:00, driver SMSC LAN8710/LAN8720
[    0.862495] cpsw-switch 4a100000.switch: initialized cpsw ale version 1.4
[    0.862518] cpsw-switch 4a100000.switch: ALE Table size 1024
[    0.862657] cpsw-switch 4a100000.switch: cpts: overflow check period 500 (jiffies)
[    0.862674] cpsw-switch 4a100000.switch: CPTS: ref_clk_freq:250000000 calc_mult:2147483648 calc_shift:29 error:0 nsec/sec
[    0.862776] cpsw-switch 4a100000.switch: Detected MACID = 6c:ec:eb:68:de:78
[    0.864611] cpsw-switch 4a100000.switch: initialized (regs 0x4a100000, pool size 256) hw_ver:0019010C 1.12 (0)
[    0.875341] debugfs: Directory '49000000.dma' with parent 'dmaengine' already present!
[    0.875384] edma 49000000.dma: TI EDMA DMA engine driver
[    0.908461] gpio-clk clk_mcasp0: using DT '/clk_mcasp0' for 'enable' GPIO lookup
[    0.908541] of_get_named_gpiod_flags: parsed 'enable-gpios' property of node '/clk_mcasp0[0]' - status (0)
[    0.908582] gpio gpiochip0: Persistence not supported for GPIO 27
[    0.909460] gpiochip_find_base: found new base at 608
[    0.909521] gpio gpiochip3: (gpio-96-127): created GPIO range 0->7 ==> 44e10800.pinmux PIN 82->89
[    0.909539] gpio gpiochip3: (gpio-96-127): created GPIO range 8->11 ==> 44e10800.pinmux PIN 52->55
[    0.909554] gpio gpiochip3: (gpio-96-127): created GPIO range 12->15 ==> 44e10800.pinmux PIN 94->97
[    0.909569] gpio gpiochip3: (gpio-96-127): created GPIO range 16->17 ==> 44e10800.pinmux PIN 71->72
[    0.909585] gpio gpiochip3: (gpio-96-127): created GPIO range 18->18 ==> 44e10800.pinmux PIN 135->135
[    0.909601] gpio gpiochip3: (gpio-96-127): created GPIO range 19->20 ==> 44e10800.pinmux PIN 108->109
[    0.909617] gpio gpiochip3: (gpio-96-127): created GPIO range 21->21 ==> 44e10800.pinmux PIN 73->73
[    0.909634] gpio gpiochip3: (gpio-96-127): created GPIO range 22->23 ==> 44e10800.pinmux PIN 8->9
[    0.909651] gpio gpiochip3: (gpio-96-127): created GPIO range 26->27 ==> 44e10800.pinmux PIN 10->11
[    0.909668] gpio gpiochip3: (gpio-96-127): created GPIO range 28->28 ==> 44e10800.pinmux PIN 74->74
[    0.909685] gpio gpiochip3: (gpio-96-127): created GPIO range 29->29 ==> 44e10800.pinmux PIN 81->81
[    0.909703] gpio gpiochip3: (gpio-96-127): created GPIO range 30->31 ==> 44e10800.pinmux PIN 28->29
[    0.924004] gpio gpiochip3: (gpio-96-127): added GPIO chardev (254:3)
[    0.924168] gpio gpiochip3: registered GPIOs 608 to 639 on gpio-96-127
[    0.926397] omap8250 44e09000.serial: using DT '/ocp/interconnect@44c00000/segment@200000/target-module@9000/serial@0' for 'rs485-term' GPIO lookup
[    0.926479] of_get_named_gpiod_flags: can't parse 'rs485-term-gpios' property of node '/ocp/interconnect@44c00000/segment@200000/target-module@9000/serial@0[0]'
[    0.926525] of_get_named_gpiod_flags: can't parse 'rs485-term-gpio' property of node '/ocp/interconnect@44c00000/segment@200000/target-module@9000/serial@0[0]'
[    0.926561] omap8250 44e09000.serial: using lookup tables for GPIO lookup
[    0.926571] omap8250 44e09000.serial: No GPIO consumer rs485-term found
[    0.926581] omap8250 44e09000.serial: using DT '/ocp/interconnect@44c00000/segment@200000/target-module@9000/serial@0' for 'rs485-rx-during-tx' GPIO lookup
[    0.926618] of_get_named_gpiod_flags: can't parse 'rs485-rx-during-tx-gpios' property of node '/ocp/interconnect@44c00000/segment@200000/target-module@9000/serial@0[0]'
[    0.926656] of_get_named_gpiod_flags: can't parse 'rs485-rx-during-tx-gpio' property of node '/ocp/interconnect@44c00000/segment@200000/target-module@9000/serial@0[0]'
[    0.926688] omap8250 44e09000.serial: using lookup tables for GPIO lookup
[    0.926696] omap8250 44e09000.serial: No GPIO consumer rs485-rx-during-tx found
[    0.927059] 44e09000.serial: ttyS0 at MMIO 0x44e09000 (irq = 34, base_baud = 3000000) is a 8250
[    0.927142] printk: console [ttyS0] enabled
[    2.113335] i2c i2c-0: using DT '/ocp/interconnect@44c00000/segment@200000/target-module@b000/i2c@0' for 'scl' GPIO lookup
[    2.113420] of_get_named_gpiod_flags: can't parse 'scl-gpios' property of node '/ocp/interconnect@44c00000/segment@200000/target-module@b000/i2c@0[0]'
[    2.113466] of_get_named_gpiod_flags: can't parse 'scl-gpio' property of node '/ocp/interconnect@44c00000/segment@200000/target-module@b000/i2c@0[0]'
[    2.113504] i2c i2c-0: using lookup tables for GPIO lookup
[    2.113515] i2c i2c-0: No GPIO consumer scl found
[    2.113538] i2c i2c-0: using DT '/ocp/interconnect@44c00000/segment@200000/target-module@b000/i2c@0' for 'sda' GPIO lookup
[    2.113576] of_get_named_gpiod_flags: can't parse 'sda-gpios' property of node '/ocp/interconnect@44c00000/segment@200000/target-module@b000/i2c@0[0]'
[    2.113616] of_get_named_gpiod_flags: can't parse 'sda-gpio' property of node '/ocp/interconnect@44c00000/segment@200000/target-module@b000/i2c@0[0]'
[    2.113650] i2c i2c-0: using lookup tables for GPIO lookup
[    2.113659] i2c i2c-0: No GPIO consumer sda found
[    2.142257] tps65217-pmic: Failed to locate of_node [id: -1]
[    2.148335] tps65217-bl: Failed to locate of_node [id: -1]
[    2.159336] tps65217 0-0024: TPS65217 ID 0xe version 1.2
[    2.165464] /ocp/interconnect@48000000/segment@300000/target-module@e000/lcdc@0: Fixed dependency cycle(s) with /ocp/interconnect@44c00000/segment@200000/target-module@b000/i2c@0/tda19988@70
[    2.182817] /ocp/interconnect@44c00000/segment@200000/target-module@b000/i2c@0/tda19988@70: Fixed dependency cycle(s) with /ocp/interconnect@48000000/segment@300000/target-module@e000/lcdc@0
[    2.200177] omap_i2c 44e0b000.i2c: bus 0 rev0.11 at 400 kHz
[    2.207945] sdhci-omap 48060000.mmc: using DT '/ocp/interconnect@48000000/segment@0/target-module@60000/mmc@0' for 'cd' GPIO lookup
[    2.208051] of_get_named_gpiod_flags: parsed 'cd-gpios' property of node '/ocp/interconnect@48000000/segment@0/target-module@60000/mmc@0[0]' - status (0)
[    2.208172] gpio gpiochip3: Persistence not supported for GPIO 6
[    2.208197] omap_gpio 44e07000.gpio: Could not set line 6 debounce to 200000 microseconds (-22)
[    2.217097] sdhci-omap 48060000.mmc: Got CD GPIO
[    2.221788] sdhci-omap 48060000.mmc: using DT '/ocp/interconnect@48000000/segment@0/target-module@60000/mmc@0' for 'wp' GPIO lookup
[    2.221846] of_get_named_gpiod_flags: can't parse 'wp-gpios' property of node '/ocp/interconnect@48000000/segment@0/target-module@60000/mmc@0[0]'
[    2.221894] of_get_named_gpiod_flags: can't parse 'wp-gpio' property of node '/ocp/interconnect@48000000/segment@0/target-module@60000/mmc@0[0]'
[    2.221930] sdhci-omap 48060000.mmc: using lookup tables for GPIO lookup
[    2.221942] sdhci-omap 48060000.mmc: No GPIO consumer wp found
[    2.222137] sdhci-omap 48060000.mmc: supply pbias not found, using dummy regulator
[    2.231689] sdhci-omap 481d8000.mmc: using DT '/ocp/interconnect@48000000/segment@100000/target-module@d8000/mmc@0' for 'wp' GPIO lookup
[    2.231771] of_get_named_gpiod_flags: can't parse 'wp-gpios' property of node '/ocp/interconnect@48000000/segment@100000/target-module@d8000/mmc@0[0]'
[    2.231820] of_get_named_gpiod_flags: can't parse 'wp-gpio' property of node '/ocp/interconnect@48000000/segment@100000/target-module@d8000/mmc@0[0]'
[    2.231858] sdhci-omap 481d8000.mmc: using lookup tables for GPIO lookup
[    2.231869] sdhci-omap 481d8000.mmc: No GPIO consumer wp found
[    2.232776] sdhci-omap 48060000.mmc: supply vqmmc not found, using dummy regulator
[    2.241515] sdhci-omap 481d8000.mmc: supply pbias not found, using dummy regulator
[    2.249489] sdhci-omap 481d8000.mmc: supply vqmmc not found, using dummy regulator
[    2.287991] mmc1: SDHCI controller on 481d8000.mmc [481d8000.mmc] using External DMA
[    2.296443] mmc0: SDHCI controller on 48060000.mmc [48060000.mmc] using External DMA
[    2.305213] cpsw-switch 4a100000.switch: starting ndev. mode: dual_mac
[    2.348546] mmc0: new high speed SDHC card at address 5048
[    2.355520] mmcblk0: mmc0:5048 SD16G 14.4 GiB
[    2.363345]  mmcblk0: p1 p2
[    2.366617] mmcblk0: p2 size 31221760 extends beyond EOD, truncated
[    2.381104] mmc1: new high speed MMC card at address 0001
[    2.387803] mmcblk1: mmc1:0001 MMC04G 3.60 GiB
[    2.394945]  mmcblk1: p1 p2
[    2.399145] mmcblk1boot0: mmc1:0001 MMC04G 2.00 MiB
[    2.406439] mmcblk1boot1: mmc1:0001 MMC04G 2.00 MiB
[    2.413323] mmcblk1rpmb: mmc1:0001 MMC04G 128 KiB, chardev (250:0)
[    2.492339] SMSC LAN8710/LAN8720 4a101000.mdio:00: attached PHY driver (mii_bus:phy_addr=4a101000.mdio:00, irq=POLL)
[    5.601898] cpsw-switch 4a100000.switch eth0: Link is Up - 100Mbps/Full - flow control off
[    5.651257] IP-Config: Complete:
[    5.654530]      device=eth0, hwaddr=6c:ec:eb:68:de:78, ipaddr=192.168.255.1, mask=255.255.255.0, gw=255.255.255.255
[    5.665169]      host=bbb1, domain=, nis-domain=(none)
[    5.670334]      bootserver=192.168.255.126, rootserver=192.168.255.126, rootpath=
[    5.670751] clk: Disabling unused clocks
[    5.682605] KTAP version 1
[    5.685334] 1..0
[    5.709196] VFS: Mounted root (nfs filesystem) on device 0:16.
[    5.716307] devtmpfs: mounted
[    5.720923] Freeing unused kernel image (initmem) memory: 1024K
[    5.727848] Run /sbin/init as init process
[    5.732023]   with arguments:
[    5.732035]     /sbin/init
[    5.732043]     nfsrootdebug
[    5.732051]   with environment:
[    5.732057]     HOME=/
[    5.732065]     TERM=linux
[    6.412783] systemd[1]: System time before build time, advancing clock.
[    7.891174] random: crng init done
[    7.961562] systemd[1]: systemd 232 running in system mode. (+PAM +AUDIT +SELINUX +IMA +APPARMOR +SMACK +SYSVINIT +UTMP +LIBCRYPTSETUP +GCRYPT +GNUTLS +ACL +XZ +LZ4 +SECCOMP +BLKID +ELFUTILS +KMOD +IDN)
[    7.980487] systemd[1]: Detected architecture arm.
[    8.024055] systemd[1]: Set hostname to <arm>.
[    9.083214] systemd[1]: Reached target Swap.
[    9.123273] systemd[1]: Listening on /dev/initctl Compatibility Named Pipe.
[    9.162820] systemd[1]: Set up automount Arbitrary Executable File Formats File System Automount Point.
[    9.201832] systemd[1]: Listening on udev Kernel Socket.
[    9.242138] systemd[1]: Listening on Journal Audit Socket.
[    9.282775] systemd[1]: Created slice System Slice.
[    9.323184] systemd[1]: Listening on Journal Socket (/dev/log).
[   11.134762] systemd-journald[88]: Received request to flush runtime journal from PID 1
