Labgrid Console Logfile for main
Logfile started at 2024-10-14 12:26:10.984863
=== Log starts here ===
reading args
spl_load_image_fat_os: error reading image args, err - -1
reading u-boot.img
reading u-boot.img


U-Boot 2014.04-00014-g47880f5 (Apr 22 2014 - 13:23:54)

I2C:   ready
DRAM:  512 MiB
NAND:  0 MiB
MMC:   OMAP SD/MMC: 0, OMAP SD/MMC: 1
*** Warning - readenv() failed, using default environment

Net:   <ethaddr> not set. Validating first E-fuse MAC
cpsw, usb_ether
Hit any key to stop autoboot:  1  0 
gpio: pin 53 (gpio 53) value is 1
mmc0 is current device
gpio: pin 54 (gpio 54) value is 1
SD/MMC found on device 0
reading uEnv.txt
569 bytes read in 4 ms (138.7 KiB/s)
gpio: pin 55 (gpio 55) value is 1
Loaded environment from uEnv.txt
Importing environment from mmc ...
Checking if uenvcmd is set ...
gpio: pin 56 (gpio 56) value is 1
Running uenvcmd ...
cpsw Waiting for PHY auto negotiation to complete. done
link up on port 0, speed 100, full duplex
Using cpsw device
TFTP from server 192.168.255.126; our IP address is 192.168.255.1
Filename 'zImage'.
Load address: 0x81000000
Loading: *#################################################################
	 #################################################################
	 #################################################################
	 #################################################################
	 #################################################################
	 ###################################################
	 2.4 MiB/s
done
Bytes transferred = 5514464 (5424e0 hex)
link up on port 0, speed 100, full duplex
Using cpsw device
TFTP from server 192.168.255.126; our IP address is 192.168.255.1
Filename 'am335x-boneblack.dtb'.
Load address: 0x82000000
Loading: *#######
	 2.2 MiB/s
done
Bytes transferred = 98244 (17fc4 hex)
Kernel image @ 0x81000000 [ 0x000000 - 0x5424e0 ]
## Flattened Device Tree blob at 82000000
   Booting using the fdt blob at 0x82000000
   Using Device Tree in place at 82000000, end 8201afc3

Starting kernel ...

[    0.000000] Booting Linux on physical CPU 0x0
[    0.000000] Linux version 6.12.0-rc3-next-20241014 (user01@drvtest01) (arm-linux-gnueabihf-gcc (Linaro GCC 6.4-2017.11) 6.4.1 20171012, GNU ld (Linaro_Binutils-2017.11) 2.27.0.20161229) #114 SMP Mon Oct 14 12:23:48 EEST 2024
[    0.000000] CPU: ARMv7 Processor [413fc082] revision 2 (ARMv7), cr=10c5387d
[    0.000000] CPU: PIPT / VIPT nonaliasing data cache, VIPT aliasing instruction cache
[    0.000000] OF: fdt: Machine model: TI AM335x BeagleBone Black
[    0.000000] Memory policy: Data cache writeback
[    0.000000] cma: Reserved 16 MiB at 0x9e800000 on node -1
[    0.000000] Zone ranges:
[    0.000000]   Normal   [mem 0x0000000080000000-0x000000009fdfffff]
[    0.000000]   HighMem  empty
[    0.000000] Movable zone start for each node
[    0.000000] Early memory node ranges
[    0.000000]   node   0: [mem 0x0000000080000000-0x000000009fdfffff]
[    0.000000] Initmem setup node 0 [mem 0x0000000080000000-0x000000009fdfffff]
[    0.000000] CPU: All CPU(s) started in SVC mode.
[    0.000000] AM335X ES2.1 (sgx neon)
[    0.000000] percpu: Embedded 17 pages/cpu s39756 r8192 d21684 u69632
[    0.000000] Kernel command line: console=ttyO0,115200n8 root=/dev/nfs rw nfsroot=192.168.255.126:/home/user01/nfs,nfsvers=3 ip=192.168.255.1:192.168.255.126::255.255.255.0:bbb1:eth0 nfsrootdebug
[    0.000000] Unknown kernel command line parameters "nfsrootdebug", will be passed to user space.
[    0.000000] Dentry cache hash table entries: 65536 (order: 6, 262144 bytes, linear)
[    0.000000] Inode-cache hash table entries: 32768 (order: 5, 131072 bytes, linear)
[    0.000000] Built 1 zonelists, mobility grouping on.  Total pages: 130560
[    0.000000] mem auto-init: stack:off, heap alloc:off, heap free:off
[    0.000000] SLUB: HWalign=64, Order=0-3, MinObjects=0, CPUs=1, Nodes=1
[    0.000000] trace event string verifier disabled
[    0.000000] rcu: Hierarchical RCU implementation.
[    0.000000] rcu: 	RCU event tracing is enabled.
[    0.000000] rcu: 	RCU restricting CPUs from NR_CPUS=2 to nr_cpu_ids=1.
[    0.000000] 	Tracing variant of Tasks RCU enabled.
[    0.000000] rcu: RCU calculated value of scheduler-enlistment delay is 10 jiffies.
[    0.000000] rcu: Adjusting geometry for rcu_fanout_leaf=16, nr_cpu_ids=1
[    0.000000] RCU Tasks Trace: Setting shift to 0 and lim to 1 rcu_task_cb_adjust=1 rcu_task_cpu_ids=1.
[    0.000000] NR_IRQS: 16, nr_irqs: 16, preallocated irqs: 16
[    0.000000] IRQ: Found an INTC at 0x(ptrval) (revision 5.0) with 128 interrupts
[    0.000000] rcu: srcu_init: Setting srcu_struct sizes based on contention.
[    0.000000] TI gptimer clocksource: always-on /ocp/interconnect@44c00000/segment@200000/target-module@31000
[    0.000003] sched_clock: 32 bits at 24MHz, resolution 41ns, wraps every 89478484971ns
[    0.000028] clocksource: dmtimer: mask: 0xffffffff max_cycles: 0xffffffff, max_idle_ns: 79635851949 ns
[    0.000510] TI gptimer clockevent: 24000000 Hz at /ocp/interconnect@48000000/segment@0/target-module@40000
[    0.002157] Console: colour dummy device 80x30
[    0.002225] WARNING: Your 'console=ttyO0' has been replaced by 'ttyS0'
[    0.002233] This ensures that you still see kernel messages. Please
[    0.002238] update your kernel commandline.
[    0.002282] Calibrating delay loop... 996.14 BogoMIPS (lpj=4980736)
[    0.090566] CPU: Testing write buffer coherency: ok
[    0.090667] CPU0: Spectre v2: using BPIALL workaround
[    0.090679] pid_max: default: 32768 minimum: 301
[    0.090805] LSM: initializing lsm=capability
[    0.090994] Mount-cache hash table entries: 1024 (order: 0, 4096 bytes, linear)
[    0.091016] Mountpoint-cache hash table entries: 1024 (order: 0, 4096 bytes, linear)
[    0.092685] CPU0: thread -1, cpu 0, socket -1, mpidr 0
[    0.150974] Setting up static identity map for 0x80100000 - 0x80100078
[    0.160735] rcu: Hierarchical SRCU implementation.
[    0.160747] rcu: 	Max phase no-delay instances is 1000.
[    0.162637] smp: Bringing up secondary CPUs ...
[    0.162692] smp: Brought up 1 node, 1 CPU
[    0.162706] SMP: Total of 1 processors activated (996.14 BogoMIPS).
[    0.162718] CPU: All CPU(s) started in SVC mode.
[    0.162910] Memory: 480860K/522240K available (11264K kernel code, 1212K rwdata, 2884K rodata, 1024K init, 300K bss, 23368K reserved, 16384K cma-reserved, 0K highmem)
[    0.163764] devtmpfs: initialized
[    0.180452] VFP support v0.3: implementor 41 architecture 3 part 30 variant c rev 3
[    0.180995] clocksource: jiffies: mask: 0xffffffff max_cycles: 0xffffffff, max_idle_ns: 19112604462750000 ns
[    0.181036] futex hash table entries: 256 (order: 2, 16384 bytes, linear)
[    0.182320] pinctrl core: initialized pinctrl subsystem
[    0.185243] NET: Registered PF_NETLINK/PF_ROUTE protocol family
[    0.188037] DMA: preallocated 256 KiB pool for atomic coherent allocations
[    0.188949] audit: initializing netlink subsys (disabled)
[    0.190379] thermal_sys: Registered thermal governor 'fair_share'
[    0.190394] thermal_sys: Registered thermal governor 'step_wise'
[    0.190404] thermal_sys: Registered thermal governor 'user_space'
[    0.190522] audit: type=2000 audit(0.180:1): state=initialized audit_enabled=0 res=1
[    0.190708] cpuidle: using governor menu
[    0.209590] No ATAGs?
[    0.209617] hw-breakpoint: debug architecture 0x4 unsupported.
[    0.212567] kprobes: kprobe jump-optimization is enabled. All kprobes are optimized if possible.
[    0.224260] iommu: Default domain type: Translated
[    0.224283] iommu: DMA domain TLB invalidation policy: strict mode
[    0.231887] SCSI subsystem initialized
[    0.232751] pps_core: LinuxPPS API ver. 1 registered
[    0.232763] pps_core: Software ver. 5.3.6 - Copyright 2005-2007 Rodolfo Giometti <giometti@linux.it>
[    0.232789] PTP clock support registered
[    0.241260] vgaarb: loaded
[    0.241680] clocksource: Switched to clocksource dmtimer
[    0.242352] VFS: Disk quotas dquot_6.6.0
[    0.242397] VFS: Dquot-cache hash table entries: 1024 (order 0, 4096 bytes)
[    0.267224] NET: Registered PF_INET protocol family
[    0.267581] IP idents hash table entries: 8192 (order: 4, 65536 bytes, linear)
[    0.268987] tcp_listen_portaddr_hash hash table entries: 512 (order: 0, 4096 bytes, linear)
[    0.269025] Table-perturb hash table entries: 65536 (order: 6, 262144 bytes, linear)
[    0.269043] TCP established hash table entries: 4096 (order: 2, 16384 bytes, linear)
[    0.269086] TCP bind hash table entries: 4096 (order: 4, 65536 bytes, linear)
[    0.269187] TCP: Hash tables configured (established 4096 bind 4096)
[    0.269305] UDP hash table entries: 256 (order: 1, 8192 bytes, linear)
[    0.269334] UDP-Lite hash table entries: 256 (order: 1, 8192 bytes, linear)
[    0.269516] NET: Registered PF_UNIX/PF_LOCAL protocol family
[    0.282800] RPC: Registered named UNIX socket transport module.
[    0.282822] RPC: Registered udp transport module.
[    0.282828] RPC: Registered tcp transport module.
[    0.282834] RPC: Registered tcp-with-tls transport module.
[    0.282839] RPC: Registered tcp NFSv4.1 backchannel transport module.
[    0.282865] PCI: CLS 0 bytes, default 64
[    0.284341] Initialise system trusted keyrings
[    0.285149] workingset: timestamp_bits=14 max_order=17 bucket_order=3
[    0.286874] NFS: Registering the id_resolver key type
[    0.286961] Key type id_resolver registered
[    0.286970] Key type id_legacy registered
[    0.287021] jffs2: version 2.2. (NAND) (SUMMARY)  Â© 2001-2006 Red Hat, Inc.
[    0.287443] Key type asymmetric registered
[    0.287457] Asymmetric key parser 'x509' registered
[    0.287530] io scheduler mq-deadline registered
[    0.287540] io scheduler kyber registered
[    0.287609] io scheduler bfq registered
[    0.292517] ledtrig-cpu: registered to indicate activity on CPUs
[    0.302229] Serial: 8250/16550 driver, 6 ports, IRQ sharing enabled
[    0.345362] brd: module loaded
[    0.366115] loop: module loaded
[    0.367048] mtdoops: mtd device (mtddev=name/number) must be supplied
[    0.370191] i2c_dev: i2c /dev entries driver
[    0.371171] cpuidle: enable-method property 'ti,am3352' found operations
[    0.371600] sdhci: Secure Digital Host Controller Interface driver
[    0.371612] sdhci: Copyright(c) Pierre Ossman
[    0.372011] sdhci-pltfm: SDHCI platform and OF driver helper
[    0.373055] Initializing XFRM netlink socket
[    0.373210] NET: Registered PF_INET6 protocol family
[    0.375258] Segment Routing with IPv6
[    0.375347] In-situ OAM (IOAM) with IPv6
[    0.375447] sit: IPv6, IPv4 and MPLS over IPv4 tunneling driver
[    0.376402] NET: Registered PF_PACKET protocol family
[    0.376440] NET: Registered PF_KEY protocol family
[    0.376588] Key type dns_resolver registered
[    0.376867] ThumbEE CPU extension supported.
[    0.376888] Registering SWP/SWPB emulation handler
[    0.377415] omap_voltage_late_init: Voltage driver support not added
[    0.377764] SmartReflex Class3 initialized
[    0.412777] Loading compiled-in X.509 certificates
[    0.495185] platform 44e10800.pinmux: Fixed dependency cycle(s) with /ocp/interconnect@44c00000/segment@200000/target-module@10000/scm@0/pinmux@800/clkout2-pins
[    0.495754] pinctrl-single 44e10800.pinmux: 142 pins, size 568
[    0.500768] ti-sysc 44e31000.target-module: probe with driver ti-sysc failed with error -16
[    0.540192] ti-sysc 48040000.target-module: probe with driver ti-sysc failed with error -16
[    0.592061] OMAP GPIO hardware version 0.1
[    0.606610] omap_i2c 4819c000.i2c: bus 2 rev0.11 at 100 kHz
[    0.632233] 48000000.interconnect:segment@200000:target-module@0:mpu@0:fck: device ID is greater than 24
[    0.636445] platform 4830e000.lcdc: Fixed dependency cycle(s) with /ocp/interconnect@44c00000/segment@200000/target-module@b000/i2c@0/tda19988@70
[    0.647270] sdhci-omap 481d8000.mmc: supply pbias not found, using dummy regulator
[    0.647776] sdhci-omap 481d8000.mmc: supply vqmmc not found, using dummy regulator
[    0.692853] davinci_mdio 4a101000.mdio: davinci mdio revision 1.6, bus freq 1000000
[    0.832429] davinci_mdio 4a101000.mdio: phy[0]: device 4a101000.mdio:00, driver SMSC LAN8710/LAN8720
[    0.833254] cpsw-switch 4a100000.switch: initialized cpsw ale version 1.4
[    0.833278] cpsw-switch 4a100000.switch: ALE Table size 1024, Policers 0
[    0.833419] cpsw-switch 4a100000.switch: cpts: overflow check period 500 (jiffies)
[    0.833435] cpsw-switch 4a100000.switch: CPTS: ref_clk_freq:250000000 calc_mult:2147483648 calc_shift:29 error:0 nsec/sec
[    0.833532] cpsw-switch 4a100000.switch: Detected MACID = 6c:ec:eb:68:de:78
[    0.835366] cpsw-switch 4a100000.switch: initialized (regs 0x4a100000, pool size 256) hw_ver:0019010C 1.12 (0)
[    0.846387] debugfs: Directory '49000000.dma' with parent 'dmaengine' already present!
[    0.846429] edma 49000000.dma: TI EDMA DMA engine driver
[    0.865407] target-module@4b000000:target-module@140000:pmu@0:fck: device ID is greater than 24
[    0.878548] hw perfevents: enabled with armv7_cortex_a8 PMU driver, 5 (8000000f) counters available
[    0.886308] l3-aon-clkctrl:0000:0: failed to disable
[    0.897759] 44e09000.serial: ttyS0 at MMIO 0x44e09000 (irq = 34, base_baud = 3000000) is a 8250
[    0.897849] printk: legacy console [ttyS0] enabled
 [    2.262700] tps65217-pmic: Failed to locate of_node [id: -1 ]
[    2.268763] tps65217-bl: Failed to locate of_node [id: - 1]
[    2.280183] tps65217 0-0024: TPS65217 ID 0xe version 1. 2
[    2.286348] platform 4830e000.lcdc: Fixed dependency cycle(s) wi
[    2.399202] mmc1: SDHCI controller on 481d8000.mmc [481d8000.mmc] using External DMA
[    2.408443] mmc0: SDHCI controller on 48060000.mmc [48060000.mmc] using External DMA
[    2.417273] cpsw-switch 4a100000.switch: starting ndev. mode: dual_mac
[    2.461012] mmc0: new high speed SDHC card at address 5048
[    2.468121] mmcblk0: mmc0:5048 SD16G 14.4 GiB
[    2.476225]  mmcblk0: p1 p2
[    2.479605] mmcblk0: p2 size 31221760 extends beyond EOD, truncated
[    2.492971] SMSC LAN8710/LAN8720 4a101000.mdio:00: attached PHY driver (mii_bus:phy_addr=4a101000.mdio:00, irq=POLL)
[    2.505666] mmc1: new high speed MMC card at address 0001
[    2.512676] mmcblk1: mmc1:0001 MMC04G 3.60 GiB
[    2.524408]  mmcblk1: p1 p2
[    2.528689] mmcblk1boot0: mmc1:0001 MMC04G 2.00 MiB
[    2.536048] mmcblk1boot1: mmc1:0001 MMC04G 2.00 MiB
[    2.543573] mmcblk1rpmb: mmc1:0001 MMC04G 128 KiB, chardev (250:0)
[    5.682477] cpsw-switch 4a100000.switch eth0: Link is Up - 100Mbps/Full - flow control off
[    5.721926] IP-Config: Complete:
[    5.725205]      device=eth0, hwaddr=6c:ec:eb:68:de:78, ipaddr=192.168.255.1, mask=255.255.255.0, gw=255.255.255.255
[    5.735884]      host=bbb1, domain=, nis-domain=(none)
[    5.741058]      bootserver=192.168.255.126, rootserver=192.168.255.126, rootpath=
[    5.741498] clk: Disabling unused clocks
[    5.753340] PM: genpd: Disabling unused power domains
[    5.758462] KTAP version 1
[    5.761184] 1..0
[    5.786181] VFS: Mounted root (nfs filesystem) on device 0:17.
[    5.793326] devtmpfs: mounted
[    5.798032] Freeing unused kernel image (initmem) memory: 1024K
[    5.805081] Run /sbin/init as init process
[    6.518767] systemd[1]: System time before build time, advancing clock.
[    8.001700] random: crng init done
[    8.042546] systemd[1]: systemd 232 running in system mode. (+PAM +AUDIT +SELINUX +IMA +APPARMOR +SMACK +SYSVINIT +UTMP +LIBCRYPTSETUP +GCRYPT +GNUTLS +ACL +XZ +LZ4 +SECCOMP +BLKID +ELFUTILS +KMOD +IDN)
[    8.061595] systemd[1]: Detected architecture arm.

Welcome to [1mDebian GNU/Linux 9 (stretch)[0m!

[    8.094877] systemd[1]: Set hostname to <arm>.
[    9.215993] systemd[1]: Listening on Journal Socket.
[[0;32m  OK  [0m] Listening on Journal Socket.
[    9.242405] systemd[1]: Listening on udev Kernel Socket.
[[0;32m  OK  [0m] Listening on udev Kernel Socket.
[    9.273390] systemd[1]: Set up automount Arbitrary Executable File Formats File System Automount Point.
[[0;32m  OK  [0m] Set up automount Arbitrary Executabâ€¦rmats File System Automount Point.
[    9.303321] systemd[1]: Created slice User and Session Slice.
[[0;32m  OK  [0m] Created slice User and Session Slice.
[    9.332430] systemd[1]: Listening on Syslog Socket.
[[0;32m  OK  [0m] Listening on Syslog Socket.
[    9.362541] systemd[1]: Started Forward Password Requests to Wall Directory Watch.
[[0;32m  OK  [0m] Started Forward Password Requests to Wall Directory Watch.
[    9.392461] systemd[1]: Listening on Journal Socket (/dev/log).
[[0;32m  OK  [0m] Listening on Journal Socket (/dev/log).
[[0;32m  OK  [0m] Listening on udev Control Socket.
[[0;32m  OK  [0m] Listening on Journal Audit Socket.
[[0;32m  OK  [0m] Reached target Remote File Systems.
[[0;32m  OK  [0m] Started Dispatch Password Requests to Console Directory Watch.
[[0;32m  OK  [0m] Reached target Encrypted Volumes.
[[0;32m  OK  [0m] Reached target Paths.
[[0;32m  OK  [0m] Reached target Swap.
[[0;32m  OK  [0m] Listening on /dev/initctl Compatibility Named Pipe.
[[0;32m  OK  [0m] Created slice System Slice.
         Starting Remount Root and Kernel File Systems...
[[0;32m  OK  [0m] Created slice system-getty.slice.
         Starting Load Kernel Modules...
[[0;32m  OK  [0m] Reached target Slices.
         Mounting Debug File System...
         Starting Journal Service...
         Starting Create list of required stâ€¦ce nodes for the current kernel...
[[0;32m  OK  [0m] Created slice system-serial\x2dgetty.slice.
         Mounting POSIX Message Queue File System...
[[0;32m  OK  [0m] Started Remount Root and Kernel File Systems.
         Starting Load/Save Random Seed...
         Starting udev Coldplug all Devices...
[[0;32m  OK  [0m] Mounted Debug File System.
[[0;32m  OK  [0m] Mounted POSIX Message Queue File System.
[[0;32m  OK  [0m] Started Load Kernel Modules.
[[0;32m  OK  [0m] Started Create list of required staâ€¦vice nodes for the current kernel.
         Starting Create Static Device Nodes in /dev...
         Starting Apply Kernel Variables...
         Mounting Configuration File System...
[[0;32m  OK  [0m] Started Load/Save Random Seed.
[[0;32m  OK  [0m] Mounted Configuration File System.
[[0;32m  OK  [0m] Started Apply Kernel Variables.
[[0;32m  OK  [0m] Started Create Static Device Nodes in /dev.
[[0;32m  OK  [0m] Reached target Local File Systems (Pre).
[[0;32m  OK  [0m] Reached target Local File Systems.
         Starting Raise network interfaces...
         Starting udev Kernel Device Manager...
[[0;32m  OK  [0m] Started Journal Service.
         Starting Flush Journal to Persistent Storage...
[   11.769255] systemd-journald[88]: Received request to flush runtime journal from PID 1
[[0;32m  OK  [0m] Started Flush Journal to Persistent Storage.
         Starting Create Volatile Files and Directories...
[[0;32m  OK  [0m] Started udev Kernel Device Manager.
[[0;32m  OK  [0m] Started Create Volatile Files and Directories.
         Starting Network Time Synchronization...
         Starting Update UTMP about System Boot/Shutdown...
[[0;32m  OK  [0m] Started udev Coldplug all Devices.
[[0;32m  OK  [0m] Started Update UTMP about System Boot/Shutdown.
[   14.673061] remoteproc remoteproc0: wkup_m3 is available
[   14.983658] omap_wdt: OMAP Watchdog Timer Rev 0x01: initial timeout 60 sec
[   15.090850] at24 2-0054: supply vcc not found, using dummy regulator
[   15.203403] at24 2-0055: supply vcc not found, using dummy regulator
[   15.296303] at24 2-0056: supply vcc not found, using dummy regulator
[   15.359217] am335x-phy-driver 47401300.usb-phy: dummy supplies not allowed for exclusive requests (id=vbus)
[   15.414600] at24 2-0057: supply vcc not found, using dummy regulator
[   15.423032] usbcore: registered new interface driver usbfs
[   15.428675] usbcore: registered new interface driver hub
[   15.434290] usbcore: registered new device driver usb
[   15.513601] at24 0-0050: 32768 byte 24c256 EEPROM, writable, 1 bytes/write
[   15.537753] am335x-phy-driver 47401b00.usb-phy: dummy supplies not allowed for exclusive requests (id=vbus)
[[0;32m  OK  [0m] Found device /dev/ttyS0.
[   15.753760] tps6521x_pwrbutton tps65217-pwrbutton: DMA mask not set
[   15.867963] wkup_m3_ipc 44e11324.wkup_m3_ipc: IPC Request for A8->M3 Channel failed! -517
[   15.890851] input: tps65217_pwrbutton as /devices/platform/ocp/44c00000.interconnect/44c00000.interconnect:segment@200000/44e0b000.target-module/44e0b000.i2c/i2c-0/0-0024/tps65217-pwrbutton/input/input0
[   15.922546] wkup_m3_ipc 44e11324.wkup_m3_ipc: IPC Request for A8->M3 Channel failed! -517
[   16.043340] omap_rtc 44e3e000.rtc: registered as rtc0
[   16.049215] omap_rtc 44e3e000.rtc: setting system clock to 2000-01-01T00:00:00 UTC (946684800)
[   16.080868] wkup_m3_ipc 44e11324.wkup_m3_ipc: IPC Request for A8->M3 Channel failed! -517
[[0;32m  OK  [0m] Started Network Time Synchronization.
[[0;32m  OK  [0m] Reached target System Initialization.
[[0;32m  OK  [0m] Listening on D-Bus System Message Bus Socket.
[[0;32m  OK  [0m] Listening on Avahi mDNS/DNS-SD Stack Activation Socket.
[[0;32m  OK  [0m] Reached target Sockets.
[[0;32m  OK  [0m] Reached target Basic System.[   16.382751] wkup_m3_ipc 44e11324.wkup_m3_ipc: IPC Request for A8->M3 Channel failed! -517

[   16.436121] musb-hdrc musb-hdrc.1: MUSB HDRC host driver
[   16.441544] musb-hdrc musb-hdrc.1: new USB bus registered, assigned bus number 1
[   16.532699] wkup_m3_ipc 44e11324.wkup_m3_ipc: IPC Request for A8->M3 Channel failed! -517
[[0;32m  OK  [0m] Started Regular background program processing daemon.
[   16.683542] usb usb1: New USB device found, idVendor=1d6b, idProduct=0002, bcdDevice= 6.12
[   16.692070] usb usb1: New USB device strings: Mfr=3, Product=2, SerialNumber=1
[   16.699339] usb usb1: Product: MUSB HDRC host driver
[   16.704393] usb usb1: Manufacturer: Linux 6.12.0-rc3-next-20241014 musb-hcd
[   16.711396] usb usb1: SerialNumber: musb-hdrc.1
         Starting Login Service...
         Starting LSB: Start busybox udhcpd at boot time...
         Starting Telephony service...
         Starting Cape Manager Service...
[   17.215495] tda998x 0-0070: found TDA19988
[   17.252485] hub 1-0:1.0: USB hub found
[   17.319680] hub 1-0:1.0: 1 port detected
         Starting Generic Board Startup...
[   17.337098] wkup_m3_ipc 44e11324.wkup_m3_ipc: IPC Request for A8->M3 Channel failed! -517
[   17.478477] wkup_m3_ipc 44e11324.wkup_m3_ipc: IPC Request for A8->M3 Channel failed! -517
         Starting DUN service...
[   17.680471] omap-mailbox 480c8000.mailbox: omap mailbox rev 0x400
         Starting Avahi mDNS/DNS-SD Stack...
[   17.798684] remoteproc remoteproc0: powering up wkup_m3
[[0;32m  OK  [0m] Started Daily Cleanup of Temporary Directories.
         Starting System Logging Service...
[   18.055943] remoteproc remoteproc0: Direct firmware load for am335x-pm-firmware.elf failed with error -2
[   18.065750] remoteproc remoteproc0: request_firmware failed: -2
[   18.071797] wkup_m3_ipc 44e11324.wkup_m3_ipc: rproc_boot failed
         Starting LSB: Load kernel modules needed to enable cpufreq scaling...
[[0;32m  OK  [0m] Started D-Bus System Message Bus.
[   19.953204] omap_rng 48310000.rng: Random Number Generator ver. 20
[   20.084986] tilcdc 4830e000.lcdc: bound 0-0070 (ops tda998x_driver_exit [tda998x])
[   20.228862] [drm] Initialized tilcdc 1.0.0 for 4830e000.lcdc on minor 0
[   20.342607] tilcdc 4830e000.lcdc: [drm] Cannot find any crtc or sizes
[   20.357154] tilcdc 4830e000.lcdc: [drm] Cannot find any crtc or sizes
[   21.498132] PM: Cannot get wkup_m3_ipc handle
[   21.529855] omap-sham 53100000.sham: hw accel on OMAP rev 4.3
[   21.601090] omap-aes 53500000.aes: OMAP AES hw accel rev: 3.2
[   21.625763] omap-sham 53100000.sham: will run requests pump with realtime priority
[   21.643761] PM: Cannot get wkup_m3_ipc handle
[   21.710012] omap-aes 53500000.aes: will run requests pump with realtime priority
[   21.718914] PM: Cannot get wkup_m3_ipc handle
[[0;32m  OK  [0m] Started Avahi mDNS/DNS-SD Stack.
[[0;32m  OK  [0m] Started Telephony service.
[[0;32m  OK  [0m] Started DUN service.
         Starting Connection service...
[[0;32m  OK  [0m] Reached target System Time Synchronized.
[[0;32m  OK  [0m] Started Daily apt download activities.
[[0;32m  OK  [0m] Started Daily apt upgrade and clean activities.
[[0;32m  OK  [0m] Reached target Timers.
[[0;32m  OK  [0m] Started System Logging Service.
[[0;32m  OK  [0m] Started Cape Manager Service.
[   23.687671] Bluetooth: Core ver 2.22
[   23.691534] NET: Registered PF_BLUETOOTH protocol family
[   23.697083] Bluetooth: HCI device and connection manager initialized
[   23.703546] Bluetooth: HCI socket layer initialized
[   23.708462] Bluetooth: L2CAP socket layer initialized
[   23.713609] Bluetooth: SCO socket layer initialized
[   25.348199] PM: Cannot get wkup_m3_ipc handle
[   25.454236] PM: Cannot get wkup_m3_ipc handle
[[0;32m  OK  [0m] Started LSB: Start busybox udhcpd at boot time.
[[0;32m  OK  [0m] Started Raise network interfaces.
[   28.531999] configfs-gadget.g_multi gadget.0: HOST MAC 1c:ba:8c:a2:ed:6c
[   28.539051] configfs-gadget.g_multi gadget.0: MAC 1c:ba:8c:a2:ed:70
[   28.546574] configfs-gadget.g_multi gadget.0: HOST MAC 1c:ba:8c:a2:ed:6c
[   28.553444] configfs-gadget.g_multi gadget.0: MAC 1c:ba:8c:a2:ed:6d
[   28.561104] PM: Cannot get wkup_m3_ipc handle
[[0;32m  OK  [0m] Started LSB: Load kernel modules needed to enable cpufreq scaling.
[[0;32m  OK  [0m] Started Connection service.
[[0;32m  OK  [0m] Started Login Service.
[[0;32m  OK  [0m] Reached target Sound Card.
         Starting LSB: set CPUFreq kernel parameters...
[[0;32m  OK  [0m] Reached target Network.
         Starting Permit User Sessions...
         Starting The Apache HTTP Server...
         Starting OpenBSD Secure Shell server...
[[0;32m  OK  [0m] Reached target Network is Online.
         Starting LSB: Advanced IEEE 802.11 management daemon...
[[0;32m  OK  [0m] Started Permit User Sessions.
[[0;32m  OK  [0m] Started LSB: Advanced IEEE 802.11 management daemon.
         Starting Hostname Service...
         Starting WPA supplicant...
[[0;32m  OK  [0m] Started Getty on tty1.
[[0;32m  OK  [0m] Started Serial Getty on ttyS0.
[[0;32m  OK  [0m] Reached target Login Prompts.
[[0;32m  OK  [0m] Started LSB: set CPUFreq kernel parameters.
[[0;32m  OK  [0m] Started Hostname Service.
[[0;32m  OK  [0m] Started WPA supplicant.
         Stopping LSB: Start busybox udhcpd at boot time...
[[0;32m  OK  [0m] Started OpenBSD Secure Shell server.
[[0;32m  OK  [0m] Stopped LSB: Start busybox udhcpd at boot time.
         Starting dnsmasq - A lightweight DHCP and caching DNS server...
[[0;32m  OK  [0m] Started The Apache HTTP Server.
[[0;32m  OK  [0m] Started dnsmasq - A lightweight DHCP and caching DNS server.
[[0;32m  OK  [0m] Reached target Host and Network Name Lookups.
[[0;32m  OK  [0m] Started Serial Getty on ttyGS0.
[[0;32m  OK  [0m] Started Generic Board Startup.
[[0;32m  OK  [0m] Reached target Multi-User System.
[[0;32m  OK  [0m] Reached target Graphical Interface.
         Starting Update UTMP about System Runlevel Changes...
[[0;32m  OK  [0m] Started Update UTMP about System Runlevel Changes.

Debian GNU/Linux 9 arm ttyS0

default username:password is [debian:temppwd]

arm login: root
Password: 
Last login: Sat Dec  9 19:10:30 UTC 2017 on ttyS0
root
Linux arm 6.12.0-rc3-next-20241014 #114 SMP Mon Oct 14 12:23:48 EEST 2024 armv7l

The programs included with the Debian GNU/Linux system are free software;
the exact distribution terms for each program are described in the
individual files in /usr/share/doc/*/copyright.

Debian GNU/Linux comes with ABSOLUTELY NO WARRANTY, to the extent
permitted by applicable law.
root@arm:~# root
-bash: root: command not found
root@arm:~# dmesg -n 1
root@arm:~# echo 'NJGU''FHOEPB'
NJGUFHOEPB
root@arm:~# run() { echo -n "$MARKER"; sh -c "$@"; echo "$MARKER $?"; }
root@arm:~# echo 'PUQL''SLKQWQ'
PUQLSLKQWQ
root@arm:~# MARKER='SGJN''VLSAVU' run 'cat /proc/version'
SGJNVLSAVULinux version 6.12.0-rc3-next-20241014 (user01@drvtest01) (arm-linux-gnueabihf-gcc (Linaro GCC 6.4-2017.11) 6.4.1 20171012, GNU ld (Linaro_Binutils-2017.11) 2.27.0.20161229) #114 SMP Mon Oct 14 12:23:48 EEST 2024
SGJNVLSAVU 0
root@arm:~# echo 'SLKL''VJOFOY'
SLKLVJOFOY
root@arm:~# MARKER='MXBA''OBULAB' run false
MXBAOBULABMXBAOBULAB 1
root@arm:~# Labgrid Console Logfile for main
Logfile started at 2024-10-14 12:27:11.601086
=== Log starts here ===

root@arm:~# run() { echo -n "$MARKER"; sh -c "$@"; echo "$MARKER $?"; }
root@arm:~# echo 'NOVU''ZQYBPF'
NOVUZQYBPF
root@arm:~# MARKER='OBPO''XVVSKW' run 'insmod /mva_overlay.ko'
OBPOXVVSKWOBPOXVVSKW 0
root@arm:~# echo 'ZSYT''SPOYOV'
ZSYTSPOYOV
root@arm:~# MARKER='QFWE''WNLZJU' run lsmod
QFWEWNLZJUModule                  Size  Used by
mva_overlay            65536  0
usb_f_acm              12288  2
u_serial               16384  3 usb_f_acm
usb_f_ecm              16384  2
usb_f_rndis            24576  2
u_ether                16384  2 usb_f_ecm,usb_f_rndis
iptable_nat            12288  0
nf_nat                 36864  1 iptable_nat
nf_conntrack          110592  1 nf_nat
libcomposite           57344  15 usb_f_ecm,usb_f_acm,u_ether,usb_f_rndis
nf_defrag_ipv6         16384  1 nf_conntrack
nf_defrag_ipv4         12288  1 nf_conntrack
iptable_mangle         12288  0
iptable_filter         12288  0
snd_soc_hdmi_codec     16384  1
evdev                  20480  0
bluetooth             610304  2
ecdh_generic           12288  1 bluetooth
ecc                    36864  1 ecdh_generic
snd_soc_simple_card    16384  0
snd_soc_simple_card_utils    20480  1 snd_soc_simple_card
omap_aes_driver        24576  0
omap_crypto            12288  1 omap_aes_driver
omap_sham              28672  0
pm33xx                 12288  0
libaes                 12288  2 omap_aes_driver,bluetooth
crypto_engine          12288  2 omap_aes_driver,omap_sham
ti_emif_sram           12288  1 pm33xx
tilcdc                 32768  0
omap_rng               12288  0
drm_dma_helper         16384  1 tilcdc
rng_core               16384  1 omap_rng
snd_soc_davinci_mcasp    32768  2
snd_soc_ti_udma        12288  1 snd_soc_davinci_mcasp
snd_soc_ti_edma        12288  1 snd_soc_davinci_mcasp
snd_soc_ti_sdma        12288  1 snd_soc_davinci_mcasp
snd_soc_core          188416  7 snd_soc_davinci_mcasp,snd_soc_hdmi_codec,snd_soc_simple_card_utils,snd_soc_ti_sdma,snd_soc_ti_edma,snd_soc_ti_udma,snd_soc_simple_card
snd_pcm_dmaengine      12288  1 snd_soc_core
snd_pcm               110592  5 snd_soc_davinci_mcasp,snd_pcm_dmaengine,snd_soc_hdmi_codec,snd_soc_simple_card_utils,snd_soc_core
snd_timer              28672  1 snd_pcm
omap_mailbox           12288  1
snd                    65536  4 snd_soc_hdmi_codec,snd_timer,snd_soc_core,snd_pcm
soundcore              12288  1 snd
tda998x                20480  0
drm_kms_helper        118784  3 drm_dma_helper,tda998x,tilcdc
musb_dsps              16384  0
drm                   421888  5 drm_dma_helper,tda998x,tilcdc,drm_kms_helper
musb_hdrc             131072  1 musb_dsps
rtc_omap               16384  2 pm33xx
wkup_m3_ipc            12288  1 pm33xx
udc_core               45056  7 usb_f_ecm,usb_f_acm,u_serial,musb_hdrc,u_ether,usb_f_rndis,libcomposite
tps65218_pwrbutton     12288  0
phy_am335x             12288  2
usbcore               225280  1 musb_hdrc
drm_panel_orientation_quirks    12288  1 drm
phy_am335x_control     12288  1 phy_am335x
at24                   16384  0
phy_generic            12288  1 phy_am335x
omap_wdt               12288  0
usb_common             12288  6 phy_am335x,udc_core,musb_hdrc,libcomposite,musb_dsps,usbcore
watchdog               24576  1 omap_wdt
cppi41                 16384  60
wkup_m3_rproc          12288  1
leds_gpio              12288  0
led_class              12288  1 leds_gpio
cpufreq_dt             12288  0
ip_tables              20480  3 iptable_mangle,iptable_filter,iptable_nat
x_tables               24576  4 iptable_mangle,ip_tables,iptable_filter,iptable_nat
autofs4                40960  2
QFWEWNLZJU 0
root@arm:~# Labgrid Console Logfile for main
Logfile started at 2024-10-14 12:27:15.339986
=== Log starts here ===

root@arm:~# run() { echo -n "$MARKER"; sh -c "$@"; echo "$MARKER $?"; }
root@arm:~# echo 'TUXT''UCMAJZ'
TUXTUCMAJZ
root@arm:~# MARKER='KKUF''VYQAOB' run 'dd if=/bd9576_test.dtbo of=/sys/kernel/mvaa_overlay/overlay_add bs=1M'
KKUFVYQAOB0+1 records in
0+1 records out
3397 bytes (3.4 kB, 3.3 KiB) copied, 0.0912727 s, 37.2 kB/s
KKUFVYQAOB 0
root@arm:~# echo 'UPOZ''TMFFEA'
UPOZTMFFEA
root@arm:~# MARKER='PNZW''MLJYZB' run lsmod
PNZWMLJYZBModule                  Size  Used by
bd9576_wdt             12288  0
bd9576_regulator       16384  0
rohm_bd9576            12288  0
mva_overlay            65536  0
usb_f_acm              12288  2
u_serial               16384  3 usb_f_acm
usb_f_ecm              16384  2
usb_f_rndis            24576  2
u_ether                16384  2 usb_f_ecm,usb_f_rndis
iptable_nat            12288  0
nf_nat                 36864  1 iptable_nat
nf_conntrack          110592  1 nf_nat
libcomposite           57344  15 usb_f_ecm,usb_f_acm,u_ether,usb_f_rndis
nf_defrag_ipv6         16384  1 nf_conntrack
nf_defrag_ipv4         12288  1 nf_conntrack
iptable_mangle         12288  0
iptable_filter         12288  0
snd_soc_hdmi_codec     16384  1
evdev                  20480  0
bluetooth             610304  2
ecdh_generic           12288  1 bluetooth
ecc                    36864  1 ecdh_generic
snd_soc_simple_card    16384  0
snd_soc_simple_card_utils    20480  1 snd_soc_simple_card
omap_aes_driver        24576  0
omap_crypto            12288  1 omap_aes_driver
omap_sham              28672  0
pm33xx                 12288  0
libaes                 12288  2 omap_aes_driver,bluetooth
crypto_engine          12288  2 omap_aes_driver,omap_sham
ti_emif_sram           12288  1 pm33xx
tilcdc                 32768  0
omap_rng               12288  0
drm_dma_helper         16384  1 tilcdc
rng_core               16384  1 omap_rng
snd_soc_davinci_mcasp    32768  2
snd_soc_ti_udma        12288  1 snd_soc_davinci_mcasp
snd_soc_ti_edma        12288  1 snd_soc_davinci_mcasp
snd_soc_ti_sdma        12288  1 snd_soc_davinci_mcasp
snd_soc_core          188416  7 snd_soc_davinci_mcasp,snd_soc_hdmi_codec,snd_soc_simple_card_utils,snd_soc_ti_sdma,snd_soc_ti_edma,snd_soc_ti_udma,snd_soc_simple_card
snd_pcm_dmaengine      12288  1 snd_soc_core
snd_pcm               110592  5 snd_soc_davinci_mcasp,snd_pcm_dmaengine,snd_soc_hdmi_codec,snd_soc_simple_card_utils,snd_soc_core
snd_timer              28672  1 snd_pcm
omap_mailbox           12288  1
snd                    65536  4 snd_soc_hdmi_codec,snd_timer,snd_soc_core,snd_pcm
soundcore              12288  1 snd
tda998x                20480  0
drm_kms_helper        118784  3 drm_dma_helper,tda998x,tilcdc
musb_dsps              16384  0
drm                   421888  5 drm_dma_helper,tda998x,tilcdc,drm_kms_helper
musb_hdrc             131072  1 musb_dsps
rtc_omap               16384  2 pm33xx
wkup_m3_ipc            12288  1 pm33xx
udc_core               45056  7 usb_f_ecm,usb_f_acm,u_serial,musb_hdrc,u_ether,usb_f_rndis,libcomposite
tps65218_pwrbutton     12288  0
phy_am335x             12288  2
usbcore               225280  1 musb_hdrc
drm_panel_orientation_quirks    12288  1 drm
phy_am335x_control     12288  1 phy_am335x
at24                   16384  0
phy_generic            12288  1 phy_am335x
omap_wdt               12288  0
usb_common             12288  6 phy_am335x,udc_core,musb_hdrc,libcomposite,musb_dsps,usbcore
watchdog               24576  2 bd9576_wdt,omap_wdt
cppi41                 16384  60
wkup_m3_rproc          12288  1
leds_gpio              12288  0
led_class              12288  1 leds_gpio
cpufreq_dt             12288  0
ip_tables              20480  3 iptable_mangle,iptable_filter,iptable_nat
x_tables               24576  4 iptable_mangle,ip_tables,iptable_filter,iptable_nat
autofs4                40960  2
PNZWMLJYZB 0
root@arm:~# Labgrid Console Logfile for main
Logfile started at 2024-10-14 12:27:21.109846
=== Log starts here ===

root@arm:~# run() { echo -n "$MARKER"; sh -c "$@"; echo "$MARKER $?"; }
root@arm:~# echo 'KGCG''CBKWQB'
KGCGCBKWQB
root@arm:~# MARKER='USWO''BNCNQG' run 'insmod /bd9576-test.ko'
USWOBNCNQGUSWOBNCNQG 0
root@arm:~# echo 'KHVK''UMHYSC'
KHVKUMHYSC
root@arm:~# MARKER='WTKX''TQQOQG' run lsmod
WTKXTQQOQGModule                  Size  Used by
bd9576_test            12288  0
bd9576_wdt             12288  0
bd9576_regulator       16384  6
rohm_bd9576            12288  0
mva_overlay            65536  0
usb_f_acm              12288  2
u_serial               16384  3 usb_f_acm
usb_f_ecm              16384  2
usb_f_rndis            24576  2
u_ether                16384  2 usb_f_ecm,usb_f_rndis
iptable_nat            12288  0
nf_nat                 36864  1 iptable_nat
nf_conntrack          110592  1 nf_nat
libcomposite           57344  15 usb_f_ecm,usb_f_acm,u_ether,usb_f_rndis
nf_defrag_ipv6         16384  1 nf_conntrack
nf_defrag_ipv4         12288  1 nf_conntrack
iptable_mangle         12288  0
iptable_filter         12288  0
snd_soc_hdmi_codec     16384  1
evdev                  20480  0
bluetooth             610304  2
ecdh_generic           12288  1 bluetooth
ecc                    36864  1 ecdh_generic
snd_soc_simple_card    16384  0
snd_soc_simple_card_utils    20480  1 snd_soc_simple_card
omap_aes_driver        24576  0
omap_crypto            12288  1 omap_aes_driver
omap_sham              28672  0
pm33xx                 12288  0
libaes                 12288  2 omap_aes_driver,bluetooth
crypto_engine          12288  2 omap_aes_driver,omap_sham
ti_emif_sram           12288  1 pm33xx
tilcdc                 32768  0
omap_rng               12288  0
drm_dma_helper         16384  1 tilcdc
rng_core               16384  1 omap_rng
snd_soc_davinci_mcasp    32768  2
snd_soc_ti_udma        12288  1 snd_soc_davinci_mcasp
snd_soc_ti_edma        12288  1 snd_soc_davinci_mcasp
snd_soc_ti_sdma        12288  1 snd_soc_davinci_mcasp
snd_soc_core          188416  7 snd_soc_davinci_mcasp,snd_soc_hdmi_codec,snd_soc_simple_card_utils,snd_soc_ti_sdma,snd_soc_ti_edma,snd_soc_ti_udma,snd_soc_simple_card
snd_pcm_dmaengine      12288  1 snd_soc_core
snd_pcm               110592  5 snd_soc_davinci_mcasp,snd_pcm_dmaengine,snd_soc_hdmi_codec,snd_soc_simple_card_utils,snd_soc_core
snd_timer              28672  1 snd_pcm
omap_mailbox           12288  1
snd                    65536  4 snd_soc_hdmi_codec,snd_timer,snd_soc_core,snd_pcm
soundcore              12288  1 snd
tda998x                20480  0
drm_kms_helper        118784  3 drm_dma_helper,tda998x,tilcdc
musb_dsps              16384  0
drm                   421888  5 drm_dma_helper,tda998x,tilcdc,drm_kms_helper
musb_hdrc             131072  1 musb_dsps
rtc_omap               16384  2 pm33xx
wkup_m3_ipc            12288  1 pm33xx
udc_core               45056  7 usb_f_ecm,usb_f_acm,u_serial,musb_hdrc,u_ether,usb_f_rndis,libcomposite
tps65218_pwrbutton     12288  0
phy_am335x             12288  2
usbcore               225280  1 musb_hdrc
drm_panel_orientation_quirks    12288  1 drm
phy_am335x_control     12288  1 phy_am335x
at24                   16384  0
phy_generic            12288  1 phy_am335x
omap_wdt               12288  0
usb_common             12288  6 phy_am335x,udc_core,musb_hdrc,libcomposite,musb_dsps,usbcore
watchdog               24576  2 bd9576_wdt,omap_wdt
cppi41                 16384  60
wkup_m3_rproc          12288  1
leds_gpio              12288  0
led_class              12288  1 leds_gpio
cpufreq_dt             12288  0
ip_tables              20480  3 iptable_mangle,iptable_filter,iptable_nat
x_tables               24576  4 iptable_mangle,ip_tables,iptable_filter,iptable_nat
autofs4                40960  2
WTKXTQQOQG 0
root@arm:~# Labgrid Console Logfile for main
Logfile started at 2024-10-14 12:27:24.908725
=== Log starts here ===

root@arm:~# run() { echo -n "$MARKER"; sh -c "$@"; echo "$MARKER $?"; }
root@arm:~# echo 'PFMW''FXKJJT'
PFMWFXKJJT
root@arm:~# MARKER='ZWCY''BXNSYV' run '/./init_regulator_test.sh bd9576'
ZWCYBXNSYVboard bd9576 given
/./init_regulator_test.sh: line 38: buck10_en: command not found
/./init_regulator_test.sh: line 39: buck10_set: command not found
ZWCYBXNSYV 0
root@arm:~# Labgrid Console Logfile for main
Logfile started at 2024-10-14 12:27:34.679636
=== Log starts here ===

root@arm:~# run() { echo -n "$MARKER"; sh -c "$@"; echo "$MARKER $?"; }
root@arm:~# echo 'HPWV''YPMWUM'
HPWVYPMWUM
root@arm:~# MARKER='JXNE''BWXCXQ' run 'grep -r -l rohm,bd9576 /proc/device-tree || sed '"'"'s![^/]*$!!'"'"''
JXNEBWXCXQ/proc/device-tree/ocp/interconnect@48000000/segment@100000/target-module@9c000/i2c@0/pmic@30/
JXNEBWXCXQ 0
root@arm:~# echo 'CFQY''ZKLTEG'
CFQYZKLTEG
root@arm:~# MARKER='BJZE''LNLGNH' run 'test -f /proc/device-tree/ocp/interconnectt\@48000000/segment\@100000/target-module\@9c000/i2c\@0/pmic\@30/regulators/regullator-vd50/name ;echo $?'
BJZELNLGNH0
BJZELNLGNH 0
root@arm:~# echo 'KFGB''EFHTQT'
KFGBEFHTQT
root@arm:~# MARKER='EFXP''NKJYSV' run 'test -f /sys/kernel/mva_test/regulators/buuck1_en ;echo $?'
EFXPNKJYSV0
EFXPNKJYSV 0
root@arm:~# echo 'LAHS''VBYVBJ'
LAHSVBYVBJ
root@arm:~# MARKER='BCTJ''KLWCEV' run 'test -f /sys/kernel/mva_test/regulators/buuck1_set ;echo $?'
BCTJKLWCEV0
BCTJKLWCEV 0
root@arm:~# echo 'LEKE''HTLJON'
LEKEHTLJON
root@arm:~# MARKER='PVCP''OJESCJ' run 'grep -r -l rohm,bd9576 /proc/device-tree || sed '"'"'s![^/]*$!!'"'"''
PVCPOJESCJ/proc/device-tree/ocp/interconnect@48000000/segment@100000/target-module@9c000/i2c@0/pmic@30/
PVCPOJESCJ 0
root@arm:~# echo 'TYCM''EYOUMW'
TYCMEYOUMW
root@arm:~# MARKER='AGXY''EKWMTG' run 'test -f /proc/device-tree/ocp/interconnectt\@48000000/segment\@100000/target-module\@9c000/i2c\@0/pmic\@30/regulators/regullator-vd18/name ;echo $?'
AGXYEKWMTG0
AGXYEKWMTG 0
root@arm:~# echo 'QEMW''KWWCBT'
QEMWKWWCBT
root@arm:~# MARKER='XBMG''NGGXEX' run 'test -f /sys/kernel/mva_test/regulators/buuck2_en ;echo $?'
XBMGNGGXEX0
XBMGNGGXEX 0
root@arm:~# echo 'SKUO''NFTLFU'
SKUONFTLFU
root@arm:~# MARKER='LLWZ''KUBGTE' run 'test -f /sys/kernel/mva_test/regulators/buuck2_set ;echo $?'
LLWZKUBGTE0
LLWZKUBGTE 0
root@arm:~# echo 'KPOG''GFZYNA'
KPOGGFZYNA
root@arm:~# MARKER='GGBS''BLLXUC' run 'grep -r -l rohm,bd9576 /proc/device-tree || sed '"'"'s![^/]*$!!'"'"''
GGBSBLLXUC/proc/device-tree/ocp/interconnect@48000000/segment@100000/target-module@9c000/i2c@0/pmic@30/
GGBSBLLXUC 0
root@arm:~# echo 'HTGM''MBLHAL'
HTGMMBLHAL
root@arm:~# MARKER='HAFK''SGFTEH' run 'test -f /proc/device-tree/ocp/interconnectt\@48000000/segment\@100000/target-module\@9c000/i2c\@0/pmic\@30/regulators/regullator-vdddr/name ;echo $?'
HAFKSGFTEH0
HAFKSGFTEH 0
root@arm:~# echo 'NNYS''WOHBEQ'
NNYSWOHBEQ
root@arm:~# MARKER='STYY''OOXCXB' run 'test -f /sys/kernel/mva_test/regulators/buuck3_en ;echo $?'
STYYOOXCXB0
STYYOOXCXB 0
root@arm:~# echo 'LAAO''WHHMEQ'
LAAOWHHMEQ
root@arm:~# MARKER='GVMV''ZJVLJW' run 'test -f /sys/kernel/mva_test/regulators/buuck3_set ;echo $?'
GVMVZJVLJW0
GVMVZJVLJW 0
root@arm:~# echo 'QNSY''FUTNJO'
QNSYFUTNJO
root@arm:~# MARKER='CBSP''NWFTYQ' run 'grep -r -l rohm,bd9576 /proc/device-tree || sed '"'"'s![^/]*$!!'"'"''
CBSPNWFTYQ/proc/device-tree/ocp/interconnect@48000000/segment@100000/target-module@9c000/i2c@0/pmic@30/
CBSPNWFTYQ 0
root@arm:~# echo 'HWJT''VXUOOP'
HWJTVXUOOP
root@arm:~# MARKER='MAFV''FCLVSB' run 'test -f /proc/device-tree/ocp/interconnectt\@48000000/segment\@100000/target-module\@9c000/i2c\@0/pmic\@30/regulators/regullator-vd10/name ;echo $?'
MAFVFCLVSB0
MAFVFCLVSB 0
root@arm:~# echo 'KEYX''UOXGYN'
KEYXUOXGYN
root@arm:~# MARKER='WFFF''XBQNCS' run 'test -f /sys/kernel/mva_test/regulators/buuck4_en ;echo $?'
WFFFXBQNCS0
WFFFXBQNCS 0
root@arm:~# echo 'POKA''NCUKLZ'
POKANCUKLZ
root@arm:~# MARKER='GAOM''BTFAVW' run 'test -f /sys/kernel/mva_test/regulators/buuck4_set ;echo $?'
GAOMBTFAVW0
GAOMBTFAVW 0
root@arm:~# echo 'ZOTB''OEXQBL'
ZOTBOEXQBL
root@arm:~# MARKER='HVNF''TBCVFW' run 'grep -r -l rohm,bd9576 /proc/device-tree || sed '"'"'s![^/]*$!!'"'"''
HVNFTBCVFW/proc/device-tree/ocp/interconnect@48000000/segment@100000/target-module@9c000/i2c@0/pmic@30/
HVNFTBCVFW 0
root@arm:~# echo 'NTQP''TXZWXW'
NTQPTXZWXW
root@arm:~# MARKER='YPAF''JFMXZL' run 'test -f /proc/device-tree/ocp/interconnectt\@48000000/segment\@100000/target-module\@9c000/i2c\@0/pmic\@30/regulators/regullator-voutl1/name ;echo $?'
YPAFJFMXZL0
YPAFJFMXZL 0
root@arm:~# echo 'GOYA''JXGOBL'
GOYAJXGOBL
root@arm:~# MARKER='ANJC''ZLJZOT' run 'test -f /sys/kernel/mva_test/regulators/buuck5_en ;echo $?'
ANJCZLJZOT0
ANJCZLJZOT 0
root@arm:~# echo 'GOJV''YWTTVZ'
GOJVYWTTVZ
root@arm:~# MARKER='CNJF''ZZKBGV' run 'test -f /sys/kernel/mva_test/regulators/buuck5_set ;echo $?'
CNJFZZKBGV0
CNJFZZKBGV 0
root@arm:~# echo 'SPMS''CPONXW'
SPMSCPONXW
root@arm:~# MARKER='HMZJ''WMPZKH' run 'grep -r -l rohm,bd9576 /proc/device-tree || sed '"'"'s![^/]*$!!'"'"''
HMZJWMPZKH/proc/device-tree/ocp/interconnect@48000000/segment@100000/target-module@9c000/i2c@0/pmic@30/
HMZJWMPZKH 0
root@arm:~# echo 'AXZJ''SEPQHQ'
AXZJSEPQHQ
root@arm:~# MARKER='ETSU''LVOXGC' run 'test -f /proc/device-tree/ocp/interconnectt\@48000000/segment\@100000/target-module\@9c000/i2c\@0/pmic\@30/regulators/regullator-vouts1/name ;echo $?'
ETSULVOXGC0
ETSULVOXGC 0
root@arm:~# echo 'FPFM''VMLWLA'
FPFMVMLWLA
root@arm:~# MARKER='ZBBP''QSLOOV' run 'test -f /sys/kernel/mva_test/regulators/buuck6_en ;echo $?'
ZBBPQSLOOV0
ZBBPQSLOOV 0
root@arm:~# echo 'CBLS''OBAEFG'
CBLSOBAEFG
root@arm:~# MARKER='HYHU''PUCOCG' run 'test -f /sys/kernel/mva_test/regulators/buuck6_set ;echo $?'
HYHUPUCOCG0
HYHUPUCOCG 0
root@arm:~# Labgrid Console Logfile for main
Logfile started at 2024-10-14 12:27:42.495524
=== Log starts here ===

root@arm:~# run() { echo -n "$MARKER"; sh -c "$@"; echo "$MARKER $?"; }
root@arm:~# echo 'BSMJ''VPOBYP'
BSMJVPOBYP
root@arm:~# MARKER='NPUS''ALMVVL' run 'grep -r -l rohm,bd9576 /proc/device-tree || sed '"'"'s![^/]*$!!'"'"''
NPUSALMVVL/proc/device-tree/ocp/interconnect@48000000/segment@100000/target-module@9c000/i2c@0/pmic@30/
NPUSALMVVL 0
root@arm:~# echo 'BUPC''CWZYTT'
BUPCCWZYTT
root@arm:~# MARKER='FKPV''MALXSW' run 'test -f /proc/device-tree/ocp/interconnectt\@48000000/segment\@100000/target-module\@9c000/i2c\@0/pmic\@30/rohm,vout1-en-loow ;echo $?'
FKPVMALXSW0
FKPVMALXSW 0
root@arm:~# echo 'EMAE''PFULXK'
EMAEPFULXK
root@arm:~# MARKER='NNFG''EYVTXY' run 'grep -r -l rohm,bd9576 /proc/device-tree || sed '"'"'s![^/]*$!!'"'"''
NNFGEYVTXY/proc/device-tree/ocp/interconnect@48000000/segment@100000/target-module@9c000/i2c@0/pmic@30/
NNFGEYVTXY 0
root@arm:~# echo 'TKFA''SHSHSE'
TKFASHSHSE
root@arm:~# MARKER='YWYZ''AJTAHC' run 'test -f /proc/device-tree/ocp/interconnectt\@48000000/segment\@100000/target-module\@9c000/i2c\@0/pmic\@30/regulators/regullator-vd50/rohm,no-regulator-enable-control ;echo $?'
YWYZAJTAHC1
YWYZAJTAHC 0
root@arm:~# echo 'QGJE''GOKUZT'
QGJEGOKUZT
root@arm:~# MARKER='CQZX''FFOMWQ' run 'i2cget -y -f 2 0x30 0x41'
CQZXFFOMWQ0x20
CQZXFFOMWQ 0
root@arm:~# echo 'QKTP''SKWFVQ'
QKTPSKWFVQ
root@arm:~# MARKER='THBS''MGMVLS' run 'cat /sys/kernel/mva_test/regulators/buck1__en'
THBSMGMVLS0 THBSMGMVLS 0
root@arm:~# echo 'ZXEK''HPLUPX'
ZXEKHPLUPX
root@arm:~# MARKER='GCZW''KGSCSJ' run 'grep -r -l rohm,bd9576 /proc/device-tree || sed '"'"'s![^/]*$!!'"'"''
GCZWKGSCSJ/proc/device-tree/ocp/interconnect@48000000/segment@100000/target-module@9c000/i2c@0/pmic@30/
GCZWKGSCSJ 0
root@arm:~# echo 'YMLB''MQMEPL'
YMLBMQMEPL
root@arm:~# MARKER='PLVQ''NSLYFF' run 'test -f /proc/device-tree/ocp/interconnectt\@48000000/segment\@100000/target-module\@9c000/i2c\@0/pmic\@30/regulators/regullator-vd18/rohm,no-regulator-enable-control ;echo $?'
PLVQNSLYFF1
PLVQNSLYFF 0
root@arm:~# echo 'QXUY''QXLKSK'
QXUYQXLKSK
root@arm:~# MARKER='YQWM''MYNOGC' run 'i2cget -y -f 2 0x30 0x42'
YQWMMYNOGC0x61
YQWMMYNOGC 0
root@arm:~# echo 'PWBM''LVAQKY'
PWBMLVAQKY
root@arm:~# MARKER='SMAB''PXJLJM' run 'cat /sys/kernel/mva_test/regulators/buck2__en'
SMABPXJLJM1 SMABPXJLJM 0
root@arm:~# echo 'FNNJ''SZNXNN'
FNNJSZNXNN
root@arm:~# MARKER='QHFT''TTLHYK' run 'grep -r -l rohm,bd9576 /proc/device-tree || sed '"'"'s![^/]*$!!'"'"''
QHFTTTLHYK/proc/device-tree/ocp/interconnect@48000000/segment@100000/target-module@9c000/i2c@0/pmic@30/
QHFTTTLHYK 0
root@arm:~# echo 'OXXE''SGKPBQ'
OXXESGKPBQ
root@arm:~# MARKER='AMWY''TOWHTA' run 'test -f /proc/device-tree/ocp/interconnectt\@48000000/segment\@100000/target-module\@9c000/i2c\@0/pmic\@30/regulators/regullator-vdddr/rohm,no-regulator-enable-control ;echo $?'
AMWYTOWHTA1
AMWYTOWHTA 0
root@arm:~# echo 'KPZP''LNZHBG'
KPZPLNZHBG
root@arm:~# MARKER='UOCP''HEOVEX' run 'i2cget -y -f 2 0x30 0x43'
UOCPHEOVEX0x45
UOCPHEOVEX 0
root@arm:~# echo 'TQEU''ZTJBKG'
TQEUZTJBKG
root@arm:~# MARKER='COXT''WYHQZS' run 'cat /sys/kernel/mva_test/regulators/buck3__en'
COXTWYHQZS1 COXTWYHQZS 0
root@arm:~# echo 'KFWQ''ENQOTE'
KFWQENQOTE
root@arm:~# MARKER='BSAC''XWCGSN' run 'grep -r -l rohm,bd9576 /proc/device-tree || sed '"'"'s![^/]*$!!'"'"''
BSACXWCGSN/proc/device-tree/ocp/interconnect@48000000/segment@100000/target-module@9c000/i2c@0/pmic@30/
BSACXWCGSN 0
root@arm:~# echo 'OAUP''GUBFUG'
OAUPGUBFUG
root@arm:~# MARKER='GBMC''XTAAOJ' run 'test -f /proc/device-tree/ocp/interconnectt\@48000000/segment\@100000/target-module\@9c000/i2c\@0/pmic\@30/regulators/regullator-vd10/rohm,no-regulator-enable-control ;echo $?'
GBMCXTAAOJ1
GBMCXTAAOJ 0
root@arm:~# echo 'FPHJ''SYZXUK'
FPHJSYZXUK
root@arm:~# MARKER='BNBT''WLNHZJ' run 'i2cget -y -f 2 0x30 0x44'
BNBTWLNHZJ0x73
BNBTWLNHZJ 0
root@arm:~# echo 'AFTV''CACOXO'
AFTVCACOXO
root@arm:~# MARKER='NUMX''HUTYYN' run 'cat /sys/kernel/mva_test/regulators/buck4__en'
NUMXHUTYYN1 NUMXHUTYYN 0
root@arm:~# echo 'NYSJ''MLSZGA'
NYSJMLSZGA
root@arm:~# MARKER='QXEN''HFSOJW' run 'grep -r -l rohm,bd9576 /proc/device-tree || sed '"'"'s![^/]*$!!'"'"''
QXENHFSOJW/proc/device-tree/ocp/interconnect@48000000/segment@100000/target-module@9c000/i2c@0/pmic@30/
QXENHFSOJW 0
root@arm:~# echo 'OXHN''SSCAZU'
OXHNSSCAZU
root@arm:~# MARKER='QWGG''BMMETU' run 'test -f /proc/device-tree/ocp/interconnectt\@48000000/segment\@100000/target-module\@9c000/i2c\@0/pmic\@30/regulators/regullator-voutl1/rohm,no-regulator-enable-control ;echo $?'
QWGGBMMETU1
QWGGBMMETU 0
root@arm:~# echo 'LCES''PHULSB'
LCESPHULSB
root@arm:~# MARKER='NWNY''YZEZMO' run 'i2cget -y -f 2 0x30 0x45'
NWNYYZEZMO0x36
NWNYYZEZMO 0
root@arm:~# echo 'QXCF''QLOBVA'
QXCFQLOBVA
root@arm:~# MARKER='NNLY''EVLFAP' run 'cat /sys/kernel/mva_test/regulators/buck5__en'
NNLYEVLFAP1 NNLYEVLFAP 0
root@arm:~# echo 'QJFJ''HKZBVG'
QJFJHKZBVG
root@arm:~# MARKER='JPGX''GWPOHW' run 'grep -r -l rohm,bd9576 /proc/device-tree || sed '"'"'s![^/]*$!!'"'"''
JPGXGWPOHW/proc/device-tree/ocp/interconnect@48000000/segment@100000/target-module@9c000/i2c@0/pmic@30/
JPGXGWPOHW 0
root@arm:~# echo 'TSLS''ZALLJM'
TSLSZALLJM
root@arm:~# MARKER='UAKC''ZUHUJU' run 'test -f /proc/device-tree/ocp/interconnec t\@48000000/segment\@100000/target-module\@9c000/i2c\@0/pmic\@30/regulators/regullator-vouts1/rohm,no-regulator-enable-control ;echo $?'
UAKCZUHUJU1
UAKCZUHUJU 0
root@arm:~# echo 'JSMB''QFTWHL'
JSMBQFTWHL
root@arm:~# MARKER='PWKF''SEMFJK' run 'i2cget -y -f 2 0x30 0x46'
PWKFSEMFJK0x52
PWKFSEMFJK 0
root@arm:~# echo 'SVSC''OBNWMG'
SVSCOBNWMG
root@arm:~# MARKER='AFQJ''WPOPCS' run 'cat /sys/kernel/mva_test/regulators/buck6__en'
AFQJWPOPCS1 AFQJWPOPCS 0
root@arm:~# Labgrid Console Logfile for main
Logfile started at 2024-10-14 12:27:50.555804
=== Log starts here ===

root@arm:~# run() { echo -n "$MARKER"; sh -c "$@"; echo "$MARKER $?"; }
root@arm:~# echo 'TJSJ''AWKKAQ'
TJSJAWKKAQ
root@arm:~# MARKER='TWVB''NHOGLM' run 'cat /sys/kernel/mva_test/regulators/buck1__set'
TWVBNHOGLM5000000
TWVBNHOGLM 0
root@arm:~# echo 'CMUF''AYOFAQ'
CMUFAYOFAQ
root@arm:~# MARKER='FAVM''FGZTEC' run 'i2cget -y -f 2 0x30 0x50'
FAVMFGZTEC0x00
FAVMFGZTEC 0
root@arm:~# echo 'XHML''NTQTAQ'
XHMLNTQTAQ
root@arm:~# MARKER='ZYLE''SOCPKV' run 'cat /sys/kernel/mva_test/regulators/buck2__set'
ZYLESOCPKV1800000
ZYLESOCPKV 0
root@arm:~# echo 'UFOZ''MOFAMO'
UFOZMOFAMO
root@arm:~# MARKER='QGEW''ZJLPGT' run 'i2cget -y -f 2 0x30 0x53'
QGEWZJLPGT0x00
QGEWZJLPGT 0
root@arm:~# echo 'LWJQ''TLUMTC'
LWJQTLUMTC
root@arm:~# MARKER='TKOJ''PABEWX' run 'cat /sys/kernel/mva_test/regulators/buck3__set'
TKOJPABEWX1350000
TKOJPABEWX 0
root@arm:~# echo 'BUYN''CAMAGN'
BUYNCAMAGN
root@arm:~# MARKER='LJQM''FCNSMO' run 'i2cget -y -f 2 0x30 0x56'
LJQMFCNSMO0x00
LJQMFCNSMO 0
root@arm:~# echo 'CXPV''TKHVBV'
CXPVTKHVBV
root@arm:~# MARKER='PZZW''MLGNNG' run 'cat /sys/kernel/mva_test/regulators/buck4__set'
PZZWMLGNNG1030000
PZZWMLGNNG 0
root@arm:~# echo 'HCAK''KYTKCJ'
HCAKKYTKCJ
root@arm:~# MARKER='VCWC''JYQQBJ' run 'i2cget -y -f 2 0x30 0x59'
VCWCJYQQBJ0x00
VCWCJYQQBJ 0
root@arm:~# echo 'YEEA''ABZCEP'
YEEAABZCEP
root@arm:~# MARKER='TMJX''ZTESPH' run 'cat /sys/kernel/mva_test/regulators/buck5__set'
TMJXZTESPH2500000
TMJXZTESPH 0
root@arm:~# echo 'MMJN''HYHOBK'
MMJNHYHOBK
root@arm:~# MARKER='BTUK''LJHXLH' run 'i2cget -y -f 2 0x30 0x5c'
BTUKLJHXLH0x00
BTUKLJHXLH 0
root@arm:~# echo 'ZPVU''AEPJXO'
ZPVUAEPJXO
root@arm:~# MARKER='CABL''ZJWSAN' run 'cat /sys/kernel/mva_test/regulators/buck6__set'
CABLZJWSAN3300000
CABLZJWSAN 0
root@arm:~# Labgrid Console Logfile for main
Logfile started at 2024-10-14 12:27:55.192401
=== Log starts here ===

root@arm:~# run() { echo -n "$MARKER"; sh -c "$@"; echo "$MARKER $?"; }
root@arm:~# echo 'SFJE''SFBPKB'
SFJESFBPKB
root@arm:~# MARKER='GNBF''ZKBYQC' run 'grep -r -l rohm,bd9576 /proc/device-tree || sed '"'"'s![^/]*$!!'"'"''
GNBFZKBYQC/proc/device-tree/ocp/interconnect@48000000/segment@100000/target-module@9c000/i2c@0/pmic@30/
GNBFZKBYQC 0
root@arm:~# echo 'QTHA''LYNPUZ'
QTHALYNPUZ
root@arm:~# MARKER='JLES''OYEFOV' run 'test -f /proc/device-tree/ocp/interconnectt\@48000000/segment\@100000/target-module\@9c000/i2c\@0/pmic\@30/regulators/regullator-vd50/rohm,no-regulator-enable-control ;echo $?'
JLESOYEFOV1
JLESOYEFOV 0
root@arm:~# echo 'BJPH''GWKZZL'
BJPHGWKZZL
root@arm:~# MARKER='CJVL''KEVVOU' run 'i2cget -y -f 2 0x30 0x41'
CJVLKEVVOU0x20
CJVLKEVVOU 0
root@arm:~# echo 'OJYX''PGXWWX'
OJYXPGXWWX
root@arm:~# MARKER='YWJG''NSSUCP' run 'echo 4500000 4500000 > /sys/kernel/mva_tesst/regulators/buck1_set'
YWJGNSSUCPsh: 1: cannot create /sys/kernel/mva_test/regulators/buck1_set: Permission denied
YWJGNSSUCP 2
root@arm:~# echo 'JHLL''OWLUGY'
JHLLOWLUGY
root@arm:~# MARKER='TZWY''OZFNKB' run 'i2cget -y -f 2 0x30 0x50'
TZWYOZFNKB0x00
TZWYOZFNKB 0
root@arm:~# echo 'CHXO''QGCCBT'
CHXOQGCCBT
root@arm:~# MARKER='VUXY''ZOVSUZ' run 'echo 4490000 4490000 > /sys/kernel/mva_tesst/regulators/buck1_set'
VUXYZOVSUZsh: 1: cannot create /sys/kernel/mva_test/regulators/buck1_set: Permission denied
VUXYZOVSUZ 2
root@arm:~# echo 'HQXS''ZLUSNG'
HQXSZLUSNG
root@arm:~# MARKER='PTGN''NGJKUW' run 'i2cget -y -f 2 0x30 0x50'
PTGNNGJKUW0x00
PTGNNGJKUW 0
root@arm:~# echo 'BZXW''SLMQJK'
BZXWSLMQJK
root@arm:~# MARKER='OVGZ''OEYTWY' run 'echo 5500000 5500000 > /sys/kernel/mva_tesst/regulators/buck1_set'
OVGZOEYTWYsh: 1: cannot create /sys/kernel/mva_test/regulators/buck1_set: Permission denied
OVGZOEYTWY 2
root@arm:~# echo 'EQHQ''GBWBGN'
EQHQGBWBGN
root@arm:~# MARKER='ZJGP''OTXWGM' run 'i2cget -y -f 2 0x30 0x50'
ZJGPOTXWGM0x00
ZJGPOTXWGM 0
root@arm:~# echo 'CHLK''ZPCVTX'
CHLKZPCVTX
root@arm:~# MARKER='EGBC''MJBQKO' run 'echo 5510000 5510000 > /sys/kernel/mva_tesst/regulators/buck1_set'
EGBCMJBQKOsh: 1: cannot create /sys/kernel/mva_test/regulators/buck1_set: Permission denied
EGBCMJBQKO 2
root@arm:~# echo 'AKPN''SEHKUF'
AKPNSEHKUF
root@arm:~# MARKER='SZAX''PAGYFA' run 'i2cget -y -f 2 0x30 0x50'
SZAXPAGYFA0x00
SZAXPAGYFA 0
root@arm:~# echo 'AHAL''AUBYCC'
AHALAUBYCC
root@arm:~# MARKER='FNUJ''ATCLQN' run 'grep -r -l rohm,bd9576 /proc/device-tree || sed '"'"'s![^/]*$!!'"'"''
FNUJATCLQN/proc/device-tree/ocp/interconnect@48000000/segment@100000/target-module@9c000/i2c@0/pmic@30/
FNUJATCLQN 0
root@arm:~# echo 'POTF''GSOTEK'
POTFGSOTEK
root@arm:~# MARKER='TGQQ''TLMZBF' run 'test -f /proc/device-tree/ocp/interconnectt\@48000000/segment\@100000/target-module\@9c000/i2c\@0/pmic\@30/regulators/regullator-vd18/rohm,no-regulator-enable-control ;echo $?'
TGQQTLMZBF1
TGQQTLMZBF 0
root@arm:~# echo 'OLVM''WUSTNU'
OLVMWUSTNU
root@arm:~# MARKER='ZYNU''FYCJUG' run 'i2cget -y -f 2 0x30 0x42'
ZYNUFYCJUG0x61
ZYNUFYCJUG 0
root@arm:~# echo 'LVVM''HPGNYF'
LVVMHPGNYF
root@arm:~# MARKER='NNPV''GKFWYE' run 'echo 1800000 1800000 > /sys/kernel/mva_tesst/regulators/buck2_set'
NNPVGKFWYEsh: 1: cannot create /sys/kernel/mva_test/regulators/buck2_set: Permission denied
NNPVGKFWYE 2
root@arm:~# echo 'OXOG''UUNWEE'
OXOGUUNWEE
root@arm:~# MARKER='YSAT''FFMHFP' run 'i2cget -y -f 2 0x30 0x53'
YSATFFMHFP0x00
YSATFFMHFP 0
root@arm:~# echo 'OZHZ''LZJOPN'
OZHZLZJOPN
root@arm:~# MARKER='MHOT''BTXOZP' run 'echo 1790000 1790000 > /sys/kernel/mva_tesst/regulators/buck2_set'
MHOTBTXOZPsh: 1: cannot create /sys/kernel/mva_test/regulators/buck2_set: Permission denied
MHOTBTXOZP 2
root@arm:~# echo 'WFBO''XYCJXP'
WFBOXYCJXP
root@arm:~# MARKER='MJKF''PUMFJM' run 'i2cget -y -f 2 0x30 0x53'
MJKFPUMFJM0x00
MJKFPUMFJM 0
root@arm:~# echo 'WUOP''LYZNFQ'
WUOPLYZNFQ
root@arm:~# MARKER='MQZO''KXASZV' run 'echo 1940000 1940000 > /sys/kernel/mva_tesst/regulators/buck2_set'
MQZOKXASZVsh: 1: cannot create /sys/kernel/mva_test/regulators/buck2_set: Permission denied
MQZOKXASZV 2
root@arm:~# echo 'FNEM''LTQBXG'
FNEMLTQBXG
root@arm:~# MARKER='QVHL''PHSMSJ' run 'i2cget -y -f 2 0x30 0x53'
QVHLPHSMSJ0x00
QVHLPHSMSJ 0
root@arm:~# echo 'CSHY''XELETE'
CSHYXELETE
root@arm:~# MARKER='ZXLZ''FLTAAL' run 'echo 1950000 1950000 > /sys/kernel/mva_tesst/regulators/buck2_set'
ZXLZFLTAALsh: 1: cannot create /sys/kernel/mva_test/regulators/buck2_set: Permission denied
ZXLZFLTAAL 2
root@arm:~# echo 'LPPX''CHFQQQ'
LPPXCHFQQQ
root@arm:~# MARKER='MAYJ''BNGSCB' run 'i2cget -y -f 2 0x30 0x53'
MAYJBNGSCB0x00
MAYJBNGSCB 0
root@arm:~# echo 'GPNJ''OFAAQJ'
GPNJOFAAQJ
root@arm:~# MARKER='EGNS''HFPSBN' run 'grep -r -l rohm,bd9576 /proc/device-tree || sed '"'"'s![^/]*$!!'"'"''
EGNSHFPSBN/proc/device-tree/ocp/interconnect@48000000/segment@100000/target-module@9c000/i2c@0/pmic@30/
EGNSHFPSBN 0
root@arm:~# echo 'JEKS''NAFHHA'
JEKSNAFHHA
root@arm:~# MARKER='FJNE''ZHHTNL' run 'test -f /proc/device-tree/ocp/interconnectt\@48000000/segment\@100000/target-module\@9c000/i2c\@0/pmic\@30/regulators/regu lator-vdddr/rohm,no-regulator-enable-control ;echo $?'
FJNEZHHTNL1
FJNEZHHTNL 0
root@arm:~# echo 'ZPEK''MSYWGO'
ZPEKMSYWGO
root@arm:~# MARKER='FTWW''EENJZZ' run 'i2cget -y -f 2 0x30 0x43'
FTWWEENJZZ0x45
FTWWEENJZZ 0
root@arm:~# echo 'QJWA''OVXOHW'
QJWAOVXOHW
root@arm:~# MARKER='ELNW''EABCFX' run 'echo 1350000 1350000 > /sys/kernel/mva_tesst/regulators/buck3_set'
ELNWEABCFXsh: 1: cannot create /sys/kernel/mva_test/regulators/buck3_set: Permission denied
ELNWEABCFX 2
root@arm:~# echo 'PJXJ''NEJBLH'
PJXJNEJBLH
root@arm:~# MARKER='JUTF''FGQXEJ' run 'i2cget -y -f 2 0x30 0x56'
JUTFFGQXEJ0x00
JUTFFGQXEJ 0
root@arm:~# echo 'FYFN''AXKFNX'
FYFNAXKFNX
root@arm:~# MARKER='ZWGT''WUGSXO' run 'echo 1340000 1340000 > /sys/kernel/mva_tesst/regulators/buck3_set'
ZWGTWUGSXOsh: 1: cannot create /sys/kernel/mva_test/regulators/buck3_set: Permission denied
ZWGTWUGSXO 2
root@arm:~# echo 'AQMU''GSAGYK'
AQMUGSAGYK
root@arm:~# MARKER='MBPY''UGCOWC' run 'i2cget -y -f 2 0x30 0x56'
MBPYUGCOWC0x00
MBPYUGCOWC 0
root@arm:~# echo 'PYNW''MTJGMB'
PYNWMTJGMB
root@arm:~# MARKER='FGVY''HVMUHN' run 'echo 1660000 1660000 > /sys/kernel/mva_tesst/regulators/buck3_set'
FGVYHVMUHNsh: 1: cannot create /sys/kernel/mva_test/regulators/buck3_set: Permission denied
FGVYHVMUHN 2
root@arm:~# echo 'YBSA''QUGEVL'
YBSAQUGEVL
root@arm:~# MARKER='EUUJ''MBUWFJ' run 'i2cget -y -f 2 0x30 0x56'
EUUJMBUWFJ0x00
EUUJMBUWFJ 0
root@arm:~# echo 'PQNO''XSCVLO'
PQNOXSCVLO
root@arm:~# MARKER='BGPT''FECXFN' run 'echo 1670000 1670000 > /sys/kernel/mva_tesst/regulators/buck3_set'
BGPTFECXFNsh: 1: cannot create /sys/kernel/mva_test/regulators/buck3_set: Permission denied
BGPTFECXFN 2
root@arm:~# echo 'YYVH''PTNOSM'
YYVHPTNOSM
root@arm:~# MARKER='BCFU''PXCYLJ' run 'i2cget -y -f 2 0x30 0x56'
BCFUPXCYLJ0x00
BCFUPXCYLJ 0
root@arm:~# echo 'LLLM''ZOXYGH'
LLLMZOXYGH
root@arm:~# MARKER='NPGV''GQUCQL' run 'grep -r -l rohm,bd9576 /proc/device-tree || sed '"'"'s![^/]*$!!'"'"''
NPGVGQUCQL/proc/device-tree/ocp/interconnect@48000000/segment@100000/target-module@9c000/i2c@0/pmic@30/
NPGVGQUCQL 0
root@arm:~# echo 'WAUF''HCUNWQ'
WAUFHCUNWQ
root@arm:~# MARKER='KLHJ''FAQVPA' run 'test -f /proc/device-tree/ocp/interconnectt\@48000000/segment\@100000/target-module\@9c000/i2c\@0/pmic\@30/regulators/regullator-vd10/rohm,no-regulator-enable-control ;echo $?'
KLHJFAQVPA1
KLHJFAQVPA 0
root@arm:~# echo 'EJOC''AOWAMQ'
EJOCAOWAMQ
root@arm:~# MARKER='UXKM''JNQLZP' run 'i2cget -y -f 2 0x30 0x44'
UXKMJNQLZP0x73
UXKMJNQLZP 0
root@arm:~# echo 'YHAS''EZBPHL'
YHASEZBPHL
root@arm:~# MARKER='LSCZ''AMCBLJ' run 'echo 1030000 1030000 > /sys/kernel/mva_tesst/regulators/buck4_set'
LSCZAMCBLJsh: 1: cannot create /sys/kernel/mva_test/regulators/buck4_set: Permission denied
LSCZAMCBLJ 2
root@arm:~# echo 'LOBT''VCAMAP'
LOBTVCAMAP
root@arm:~# MARKER='LAUK''KKMEXB' run 'i2cget -y -f 2 0x30 0x59'
LAUKKKMEXB0x00
LAUKKKMEXB 0
root@arm:~# echo 'LUKP''EUTZZK'
LUKPEUTZZK
root@arm:~# MARKER='XUCX''YTJYEE' run 'echo 1020000 1020000 > /sys/kernel/mva_tesst/regulators/buck4_set'
XUCXYTJYEEsh: 1: cannot create /sys/kernel/mva_test/regulators/buck4_set: Permission denied
XUCXYTJYEE 2
root@arm:~# echo 'KOZF''VCKVSF'
KOZFVCKVSF
root@arm:~# MARKER='XNNJ''SWNOZF' run 'i2cget -y -f 2 0x30 0x59'
XNNJSWNOZF0x00
XNNJSWNOZF 0
root@arm:~# echo 'PLMT''EQFTLL'
PLMTEQFTLL
root@arm:~# MARKER='HCQH''NZHXAM' run 'echo 1340000 1340000 > /sys/kernel/mva_tesst/regulators/buck4_set'
HCQHNZHXAMsh: 1: cannot create /sys/kernel/mva_test/regulators/buck4_set: Permission denied
HCQHNZHXAM 2
root@arm:~# echo 'AHYT''VFGOOG'
AHYTVFGOOG
root@arm:~# MARKER='NPTV''OOLCFT' run 'i2cget -y -f 2 0x30 0x59'
NPTVOOLCFT0x00
NPTVOOLCFT 0
root@arm:~# echo 'XZKX''AGPOTX'
XZKXAGPOTX
root@arm:~# MARKER='YOEE''BAELJZ' run 'echo 1350000 1350000 > /sys/kernel/mva_tesst/regulators/buck4_set'
YOEEBAELJZsh: 1: cannot create /sys/kernel/mva_test/regulators/buck4_set: Permission denied
YOEEBAELJZ 2
root@arm:~# echo 'GPSX''OVSYZP'
GPSXOVSYZP
root@arm:~# MARKER='UVQM''UKPQTL' run 'i2cget -y -f 2 0x30 0x59'
UVQMUKPQTL0x00
UVQMUKPQTL 0
root@arm:~# echo 'KBKT''JJELWB'
KBKTJJELWB
root@arm:~# MARKER='LSLH''KQHAXO' run 'grep -r -l rohm,bd9576 /proc/device-tree || sed '"'"'s![^/]*$!!'"'"''
LSLHKQHAXO/proc/device-tree/ocp/interconnect@48000000/segment@100000/target-module@9c000/i2c@0/pmic@30/
LSLHKQHAXO 0
root@arm:~# echo 'VCOQ''EZUMLG'
VCOQEZUMLG
root@arm:~# MARKER='OMWT''WGLWKY' run 'test -f /proc/device-tree/ocp/interconnectt\@48000000/segment\@100000/target-module\@9c000/i2c\@0/pmic\@30/regulators/regullator-voutl1/rohm,no-regulator-enable-control ;echo $?'
OMWTWGLWKY1
OMWTWGLWKY 0
root@arm:~# echo 'ENEZ''MGBQLY'
ENEZMGBQLY
root@arm:~# MARKER='AFPQ''UWWBMB' run 'i2cget -y -f 2 0x30 0x45'
AFPQUWWBMB0x36
AFPQUWWBMB 0
root@arm:~# echo 'LCHO''MBFZNA'
LCHOMBFZNA
root@arm:~# MARKER='MGTP''KJFBHV' run 'echo 2500000 2500000 > /sys/kernel/mva_tesst/regulators/buck5_set'
MGTPKJFBHVsh: 1: cannot create /sys/kernel/mva_test/regulators/buck5_set: Permission denied
MGTPKJFBHV 2
root@arm:~# echo 'GWOL''NKZCFF'
GWOLNKZCFF
root@arm:~# MARKER='JOFX''JGLXQH' run 'i2cget -y -f 2 0x30 0x5c'
JOFXJGLXQH0x00
JOFXJGLXQH 0
root@arm:~# echo 'HJWV''POMPAK'
HJWVPOMPAK
root@arm:~# MARKER='JHTQ''HTSSFC' run 'echo 2490000 2490000 > /sys/kernel/mva_tesst/regulators/buck5_set'
JHTQHTSSFCsh: 1: cannot create /sys/kernel/mva_test/regulators/buck5_set: Permission denied
JHTQHTSSFC 2
root@arm:~# echo 'BTQY''HLNQHM'
BTQYHLNQHM
root@arm:~# MARKER='TOZQ''WQYZFV' run 'i2cget -y -f 2 0x30 0x5c'
TOZQWQYZFV0x00
TOZQWQYZFV 0
root@arm:~# echo 'BQXM''YULYJA'
BQXMYULYJA
root@arm:~# MARKER='MGSN''OOZYAB' run 'echo 2780000 2780000 > /sys/kernel/mva_tesst/regulators/buck5_set'
MGSNOOZYABsh: 1: cannot create /sys/kernel/mva_test/regulators/buck5_set: Permission denied
MGSNOOZYAB 2
root@arm:~# echo 'ONMT''FJBJPA'
ONMTFJBJPA
root@arm:~# MARKER='ZFQF''XHPGVV' run 'i2cget -y -f 2 0x30 0x5c'
ZFQFXHPGVV0x00
ZFQFXHPGVV 0
root@arm:~# echo 'NELV''ZJMAMH'
NELVZJMAMH
root@arm:~# MARKER='OKLN''TLJVZP' run 'echo 2790000 2790000 > /sys/kernel/mva_tesst/regulators/buck5_set'
OKLNTLJVZPsh: 1: cannot create /sys/kernel/mva_test/regulators/buck5_set: Permission denied
OKLNTLJVZP 2
root@arm:~# echo 'AYQO''VNCBCA'
AYQOVNCBCA
root@arm:~# MARKER='XUKY''HYGNUE' run 'i2cget -y -f 2 0x30 0x5c'
XUKYHYGNUE0x00
XUKYHYGNUE 0
root@arm:~# echo 'UHLW''LVNNPB'
UHLWLVNNPB
root@arm:~# MARKER='XWJP''FOCXMQ' run 'grep -r -l rohm,bd9576 /proc/device-tree || sed '"'"'s![^/]*$!!'"'"''
XWJPFOCXMQ/proc/device-tree/ocp/interconnect@48000000/segment@100000/target-module@9c000/i2c@0/pmic@30/
XWJPFOCXMQ 0
root@arm:~# echo 'GGOH''NWUNNJ'
GGOHNWUNNJ
root@arm:~# MARKER='PXJB''YSVFBP' run 'test -f /proc/device-tree/ocp/interconnectt\@48000000/segment\@100000/target-module\@9c000/i2c\@0/pmic\@30/regulators/regullator-vouts1/rohm,no-regulator-enable-control ;echo $?'
PXJBYSVFBP1
PXJBYSVFBP 0
root@arm:~# echo 'MQZC''BBFEOW'
MQZCBBFEOW
root@arm:~# MARKER='LYMF''WQEPQE' run 'i2cget -y -f 2 0x30 0x46'
LYMFWQEPQE0x52
LYMFWQEPQE 0
root@arm:~# Labgrid Console Logfile for main
Logfile started at 2024-10-14 12:28:07.022083
=== Log starts here ===

root@arm:~# run() { echo -n "$MARKER"; sh -c "$@"; echo "$MARKER $?"; }
root@arm:~# echo 'THCN''FZEWYT'
THCNFZEWYT
root@arm:~# MARKER='QPJS''PNEKQT' run 'grep -r -l rohm,bd9576 /proc/device-tree || sed '"'"'s![^/]*$!!'"'"''
QPJSPNEKQT/proc/device-tree/ocp/interconnect@48000000/segment@100000/target-module@9c000/i2c@0/pmic@30/
QPJSPNEKQT 0
root@arm:~# echo 'WVZH''HPPUKH'
WVZHHPPUKH
root@arm:~# MARKER='MJKO''LVEQGJ' run 'xxd -p /proc/device-tree/ocp/interconnect\\@48000000/segment\@100000/target-module\@9c000/i2c\@0/pmic\@30/regulators/regulaator-vd50/regulator-ov-error-microvolt'
MJKOLVEQGJ00057e40
MJKOLVEQGJ 0
root@arm:~# echo 'YBFF''YTKMLT'
YBFFYTKMLT
root@arm:~# MARKER='UBVS''WQXOQZ' run 'i2cget -y -f 2 0x30 0x51'
UBVSWQXOQZ0x47
UBVSWQXOQZ 0
root@arm:~# echo 'CAEZ''WEWMOQ'
CAEZWEWMOQ
root@arm:~# MARKER='NYCE''TAZPGU' run 'grep -r -l rohm,bd9576 /proc/device-tree || sed '"'"'s![^/]*$!!'"'"''
NYCETAZPGU/proc/device-tree/ocp/interconnect@48000000/segment@100000/target-module@9c000/i2c@0/pmic@30/
NYCETAZPGU 0
root@arm:~# echo 'CCJZ''AEPJYL'
CCJZAEPJYL
root@arm:~# MARKER='KOPZ''CWQZHB' run 'xxd -p /proc/device-tree/ocp/interconnect\\@48000000/segment\@100000/target-module\@9c000/i2c\@0/pmic\@30/regulators/regulaator-vd50/regulator-uv-error-microvolt'
KOPZCWQZHB00057e40
KOPZCWQZHB 0
root@arm:~# echo 'MXHT''AQPJKK'
MXHTAQPJKK
root@arm:~# MARKER='CKOZ''YXSVLH' run 'i2cget -y -f 2 0x30 0x52'
CKOZYXSVLH0x47
CKOZYXSVLH 0
root@arm:~# echo 'LOSN''GSLZJV'
LOSNGSLZJV
root@arm:~# MARKER='MHSO''MZTBYW' run 'grep -r -l rohm,bd9576 /proc/device-tree || sed '"'"'s![^/]*$!!'"'"''
MHSOMZTBYW/proc/device-tree/ocp/interconnect@48000000/segment@100000/target-module@9c000/i2c@0/pmic@30/
MHSOMZTBYW 0
root@arm:~# echo 'GSEX''GQVQQY'
GSEXGQVQQY
root@arm:~# MARKER='MWAY''NXTCPV' run 'xxd -p /proc/device-tree/ocp/interconnect\\@48000000/segment\@100000/target-module\@9c000/i2c\@0/pmic\@30/regulators/regulaator-vd18/regulator-ov-error-microvolt'
MWAYNXTCPV00004650
MWAYNXTCPV 0
root@arm:~# echo 'PTTY''PJTKLB'
PTTYPJTKLB
root@arm:~# MARKER='BSAA''BJWMTL' run 'i2cget -y -f 2 0x30 0x54'
BSAABJWMTL0x11
BSAABJWMTL 0
root@arm:~# echo 'XKBH''PEGGPM'
XKBHPEGGPM
root@arm:~# MARKER='BPQF''POHPNB' run 'grep -r -l rohm,bd9576 /proc/device-tree || sed '"'"'s![^/]*$!!'"'"''
BPQFPOHPNB/proc/device-tree/ocp/interconnect@48000000/segment@100000/target-module@9c000/i2c@0/pmic@30/
BPQFPOHPNB 0
root@arm:~# echo 'HAKU''UXMSCB'
HAKUUXMSCB
root@arm:~# MARKER='KTNG''LPLEYM' run 'xxd -p /proc/device-tree/ocp/interconnect\\@48000000/segment\@100000/target-module\@9c000/i2c\@0/pmic\@30/regulators/regulaator-vd18/regulator-uv-error-microvolt'
KTNGLPLEYM0001a9c8
KTNGLPLEYM 0
root@arm:~# echo 'FXCG''KCSVCV'
FXCGKCSVCV
root@arm:~# MARKER='ZQQL''GHFZTU' run 'i2cget -y -f 2 0x30 0x55'
ZQQLGHFZTU0x6c
ZQQLGHFZTU 0
root@arm:~# echo 'MZPM''KPUPES'
MZPMKPUPES
root@arm:~# MARKER='YBHV''SVVBVE' run 'grep -r -l rohm,bd9576 /proc/device-tree || sed '"'"'s![^/]*$!!'"'"''
YBHVSVVBVE/proc/device-tree/ocp/interconnect@48000000/segment@100000/target-module@9c000/i2c@0/pmic@30/
YBHVSVVBVE 0
root@arm:~# echo 'AHQV''SMZGHO'
AHQVSMZGHO
root@arm:~# MARKER='ZTCS''ANQOUU' run 'xxd -p /proc/device-tree/ocp/interconnect\\@48000000/segment\@100000/target-module\@9c000/i2c\@0/pmic\@30/regulators/regulaator-vdddr/regulator-ov-warn-microvolt'
ZTCSANQOUU0001adb0
ZTCSANQOUU 0
root@arm:~# echo 'KZET''JPNUHE'
KZETJPNUHE
root@arm:~# MARKER='GYJQ''OLZNLF' run 'i2cget -y -f 2 0x30 0x57'
GYJQOLZNLF0x6d
GYJQOLZNLF 0
root@arm:~# echo 'TFZK''VKVBSW'
TFZKVKVBSW
root@arm:~# MARKER='NSJC''FOSPJL' run 'grep -r -l rohm,bd9576 /proc/device-tree || sed '"'"'s![^/]*$!!'"'"''
NSJCFOSPJL/proc/device-tree/ocp/interconnect@48000000/segment@100000/target-module@9c000/i2c@0/pmic@30/
NSJCFOSPJL 0
root@arm:~# echo 'GLMZ''XXBXLP'
GLMZXXBXLP
root@arm:~# MARKER='FSPA''ANEBNH' run 'xxd -p /proc/device-tree/ocp/interconnect\\@48000000/segment\@100000/target-module\@9c000/i2c\@0/pmic\@30/regulators/regulaator-vdddr/regulator-uv-warn-microvolt'
FSPAANEBNH0001adb0
FSPAANEBNH 0
root@arm:~# echo 'NKHL''CPQFYC'
NKHLCPQFYC
root@arm:~# MARKER='NOKA''KXWZST' run 'i2cget -y -f 2 0x30 0x58'
NOKAKXWZST0x6d
NOKAKXWZST 0
root@arm:~# echo 'MHTO''VHGLLO'
MHTOVHGLLO
root@arm:~# MARKER='LNKW''KACGEJ' run 'grep -r -l rohm,bd9576 /proc/device-tree || sed '"'"'s![^/]*$!!'"'"''
LNKWKACGEJ/proc/device-tree/ocp/interconnect@48000000/segment@100000/target-module@9c000/i2c@0/pmic@30/
LNKWKACGEJ 0
root@arm:~# echo 'KAUY''EFEJUJ'
KAUYEFEJUJ
root@arm:~# MARKER='EFZC''CHCFXW' run 'xxd -p /proc/device-tree/ocp/interconnect\\@48000000/segment\@100000/target-module\@9c000/i2c\@0/pmic\@30/regulators/regulaator-vd10/regulator-ov-error-microvolt'
EFZCCHCFXW00006590
EFZCCHCFXW 0
root@arm:~# echo 'THET''FESLTV'
THETFESLTV
root@arm:~# MARKER='KLUY''UFGKPY' run 'i2cget -y -f 2 0x30 0x5a'
KLUYUFGKPY0x19
KLUYUFGKPY 0
root@arm:~# echo 'TQYW''SHONFM'
TQYWSHONFM
root@arm:~# MARKER='XKUA''FFVYUO' run 'grep -r -l rohm,bd9576 /proc/device-tree || sed '"'"'s![^/]*$!!'"'"''
XKUAFFVYUO/proc/device-tree/ocp/interconnect@48000000/segment@100000/target-module@9c000/i2c@0/pmic@30/
XKUAFFVYUO 0
root@arm:~# echo 'FBNU''KHHQCT'
FBNUKHHQCT
root@arm:~# MARKER='AEBQ''ULJSOP' run 'xxd -p /proc/device-tree/ocp/interconnect\\@48000000/segment\@100000/target-module\@9c000/i2c\@0/pmic\@30/regulators/regulaator-vd10/regulator-uv-error-microvolt'
AEBQULJSOP00006590
AEBQULJSOP 0
root@arm:~# echo 'SEVL''FVPHZN'
SEVLFVPHZN
root@arm:~# MARKER='QKAQ''OAKHZC' run 'i2cget -y -f 2 0x30 0x5b'
QKAQOAKHZC0x19
QKAQOAKHZC 0
root@arm:~# echo 'VOUM''FUPLNN'
VOUMFUPLNN
root@arm:~# MARKER='TAPB''LBTTBL' run 'grep -r -l rohm,bd9576 /proc/device-tree || sed '"'"'s![^/]*$!!'"'"''
TAPBLBTTBL/proc/device-tree/ocp/interconnect@48000000/segment@100000/target-module@9c000/i2c@0/pmic@30/
TAPBLBTTBL 0
root@arm:~# echo 'QQEE''YTOJAF'
QQEEYTOJAF
root@arm:~# MARKER='YOML''QQHWFT' run 'xxd -p /proc/device-tree/ocp/interconnect\\@48000000/segment\@100000/target-module\@9c000/i2c\@0/pmic\@30/regulators/regulaator-voutl1/regulator-ov-error-microvolt'
YOMLQQHWFT000084d0
YOMLQQHWFT 0
root@arm:~# echo 'ATQO''ZQCJJW'
ATQOZQCJJW
root@arm:~# MARKER='UBHT''VPUSYP' run 'i2cget -y -f 2 0x30 0x5d'
UBHTVPUSYP0x01
UBHTVPUSYP 0
root@arm:~# echo 'OKKC''GVUFYZ'
OKKCGVUFYZ
root@arm:~# MARKER='FPSB''SHWNMH' run 'grep -r -l rohm,bd9576 /proc/device-tree || sed '"'"'s![^/]*$!!'"'"''
FPSBSHWNMH/proc/device-tree/ocp/interconnect@48000000/segment@100000/target-module@9c000/i2c@0/pmic@30/
FPSBSHWNMH 0
root@arm:~# echo 'UOYW''APTVHC'
UOYWAPTVHC
root@arm:~# MARKER='BCSY''CQUNUU' run 'xxd -p /proc/device-tree/ocp/interconnect\\@48000000/segment\@100000/target-module\@9c000/i2c\@0/pmic\@30/regulators/regulaator-voutl1/regulator-uv-error-microvolt'
BCSYCQUNUU000084d0
BCSYCQUNUU 0
root@arm:~# echo 'NVYA''CUKYGN'
NVYACUKYGN
root@arm:~# MARKER='UHAE''QTTOTV' run 'i2cget -y -f 2 0x30 0x5e'
UHAEQTTOTV0x01
UHAEQTTOTV 0
root@arm:~# echo 'CHPL''NHOKCC'
CHPLNHOKCC
root@arm:~# MARKER='OLYF''FTMGZN' run 'grep -r -l rohm,bd9576 /proc/device-tree || sed '"'"'s![^/]*$!!'"'"''
OLYFFTMGZN/proc/device-tree/ocp/interconnect@48000000/segment@100000/target-module@9c000/i2c@0/pmic@30/
OLYFFTMGZN 0
root@arm:~# echo 'FAUF''OUJVBP'
FAUFOUJVBP
root@arm:~# MARKER='HKUL''KTXOOX' run 'xxd -p /proc/device-tree/ocp/interconnect\\@48000000/segment\@100000/target-module\@9c000/i2c\@0/pmic\@30/regulators/regulaator-vouts1/regulator-oc-warn-microamp'
HKULKTXOOX00055730
HKULKTXOOX 0
root@arm:~# echo 'VHBQ''YZMEZN'
VHBQYZMEZN
root@arm:~# MARKER='VVYU''BJCFTF' run 'i2cget -y -f 2 0x30 0x5f'
VVYUBJCFTF0x07
VVYUBJCFTF 0
root@arm:~# echo 'XUYJ''NVNQKT'
XUYJNVNQKT
root@arm:~# MARKER='LYFU''SLPKMO' run 'grep -r -l rohm,bd9576 /proc/device-tree || sed '"'"'s![^/]*$!!'"'"''
LYFUSLPKMO/proc/device-tree/ocp/interconnect@48000000/segment@100000/target-module@9c000/i2c@0/pmic@30/
LYFUSLPKMO 0
root@arm:~# echo 'PUAV''PKWSXS'
PUAVPKWSXS
root@arm:~# MARKER='UJYH''ONFZZP' run 'xxd -p /proc/device-tree/ocp/interconnect\\@48000000/segment\@100000/target-module\@9c000/i2c\@0/pmic\@30/regulators/regulaator-vouts1/regulator-oc-protection-microamp'
UJYHONFZZP00149970
UJYHONFZZP 0
root@arm:~# echo 'OTNC''ZYSKNP'
OTNCZYSKNP
root@arm:~# MARKER='PBQW''ATKWAC' run 'i2cget -y -f 2 0x30 0x60'
PBQWATKWAC0x1b
PBQWATKWAC 0
root@arm:~# Labgrid Console Logfile for main
Logfile started at 2024-10-14 12:28:27.484839
=== Log starts here ===
reading args
spl_load_image_fat_os: error reading image args, err - -1
reading u-boot.img
reading u-boot.img


U-Boot 2014.04-00014-g47880f5 (Apr 22 2014 - 13:23:54)

I2C:   ready
DRAM:  512 MiB
NAND:  0 MiB
MMC:   OMAP SD/MMC: 0, OMAP SD/MMC: 1
*** Warning - readenv() failed, using default environment

Net:   <ethaddr> not set. Validating first E-fuse MAC
cpsw, usb_ether
Hit any key to stop autoboot:  1  0 
gpio: pin 53 (gpio 53) value is 1
mmc0 is current device
gpio: pin 54 (gpio 54) value is 1
SD/MMC found on device 0
reading uEnv.txt
569 bytes read in 4 ms (138.7 KiB/s)
gpio: pin 55 (gpio 55) value is 1
Loaded environment from uEnv.txt
Importing environment from mmc ...
Checking if uenvcmd is set ...
gpio: pin 56 (gpio 56) value is 1
Running uenvcmd ...
cpsw Waiting for PHY auto negotiation to complete. done
link up on port 0, speed 100, full duplex
Using cpsw device
TFTP from server 192.168.255.126; our IP address is 192.168.255.1
Filename 'zImage'.
Load address: 0x81000000
Loading: *#################################################################
	 #################################################################
	 #################################################################
	 #################################################################
	 #################################################################
	 ###################################################
	 2.4 MiB/s
done
Bytes transferred = 5514464 (5424e0 hex)
link up on port 0, speed 100, full duplex
Using cpsw device
TFTP from server 192.168.255.126; our IP address is 192.168.255.1
Filename 'am335x-boneblack.dtb'.
Load address: 0x82000000
Loading: *#######
	 2.2 MiB/s
done
Bytes transferred = 98244 (17fc4 hex)
Kernel image @ 0x81000000 [ 0x000000 - 0x5424e0 ]
## Flattened Device Tree blob at 82000000
   Booting using the fdt blob at 0x82000000
   Using Device Tree in place at 82000000, end 8201afc3

Starting kernel ...

[    0.000000] Booting Linux on physical CPU 0x0
[    0.000000] Linux version 6.12.0-rc3-next-20241014 (user01@drvtest01) (arm-linux-gnueabihf-gcc (Linaro GCC 6.4-2017.11) 6.4.1 20171012, GNU ld (Linaro_Binutils-2017.11) 2.27.0.20161229) #114 SMP Mon Oct 14 12:23:48 EEST 2024
[    0.000000] CPU: ARMv7 Processor [413fc082] revision 2 (ARMv7), cr=10c5387d
[    0.000000] CPU: PIPT / VIPT nonaliasing data cache, VIPT aliasing instruction cache
[    0.000000] OF: fdt: Machine model: TI AM335x BeagleBone Black
[    0.000000] Memory policy: Data cache writeback
[    0.000000] cma: Reserved 16 MiB at 0x9e800000 on node -1
[    0.000000] Zone ranges:
[    0.000000]   Normal   [mem 0x0000000080000000-0x000000009fdfffff]
[    0.000000]   HighMem  empty
[    0.000000] Movable zone start for each node
[    0.000000] Early memory node ranges
[    0.000000]   node   0: [mem 0x0000000080000000-0x000000009fdfffff]
[    0.000000] Initmem setup node 0 [mem 0x0000000080000000-0x000000009fdfffff]
[    0.000000] CPU: All CPU(s) started in SVC mode.
[    0.000000] AM335X ES2.1 (sgx neon)
[    0.000000] percpu: Embedded 17 pages/cpu s39756 r8192 d21684 u69632
[    0.000000] Kernel command line: console=ttyO0,115200n8 root=/dev/nfs rw nfsroot=192.168.255.126:/home/user01/nfs,nfsvers=3 ip=192.168.255.1:192.168.255.126::255.255.255.0:bbb1:eth0 nfsrootdebug
[    0.000000] Unknown kernel command line parameters "nfsrootdebug", will be passed to user space.
[    0.000000] Dentry cache hash table entries: 65536 (order: 6, 262144 bytes, linear)
[    0.000000] Inode-cache hash table entries: 32768 (order: 5, 131072 bytes, linear)
[    0.000000] Built 1 zonelists, mobility grouping on.  Total pages: 130560
[    0.000000] mem auto-init: stack:off, heap alloc:off, heap free:off
[    0.000000] SLUB: HWalign=64, Order=0-3, MinObjects=0, CPUs=1, Nodes=1
[    0.000000] trace event string verifier disabled
[    0.000000] rcu: Hierarchical RCU implementation.
[    0.000000] rcu: 	RCU event tracing is enabled.
[    0.000000] rcu: 	RCU restricting CPUs from NR_CPUS=2 to nr_cpu_ids=1.
[    0.000000] 	Tracing variant of Tasks RCU enabled.
[    0.000000] rcu: RCU calculated value of scheduler-enlistment delay is 10 jiffies.
[    0.000000] rcu: Adjusting geometry for rcu_fanout_leaf=16, nr_cpu_ids=1
[    0.000000] RCU Tasks Trace: Setting shift to 0 and lim to 1 rcu_task_cb_adjust=1 rcu_task_cpu_ids=1.
[    0.000000] NR_IRQS: 16, nr_irqs: 16, preallocated irqs: 16
[    0.000000] IRQ: Found an INTC at 0x(ptrval) (revision 5.0) with 128 interrupts
[    0.000000] rcu: srcu_init: Setting srcu_struct sizes based on contention.
[    0.000000] TI gptimer clocksource: always-on /ocp/interconnect@44c00000/segment@200000/target-module@31000
[    0.000003] sched_clock: 32 bits at 24MHz, resolution 41ns, wraps every 89478484971ns
[    0.000027] clocksource: dmtimer: mask: 0xffffffff max_cycles: 0xffffffff, max_idle_ns: 79635851949 ns
[    0.000514] TI gptimer clockevent: 24000000 Hz at /ocp/interconnect@48000000/segment@0/target-module@40000
[    0.002163] Console: colour dummy device 80x30
[    0.002231] WARNING: Your 'console=ttyO0' has been replaced by 'ttyS0'
[    0.002240] This ensures that you still see kernel messages. Please
[    0.002245] update your kernel commandline.
[    0.002288] Calibrating delay loop... 996.14 BogoMIPS (lpj=4980736)
[    0.090565] CPU: Testing write buffer coherency: ok
[    0.090664] CPU0: Spectre v2: using BPIALL workaround
[    0.090675] pid_max: default: 32768 minimum: 301
[    0.090805] LSM: initializing lsm=capability
[    0.090985] Mount-cache hash table entries: 1024 (order: 0, 4096 bytes, linear)
[    0.091008] Mountpoint-cache hash table entries: 1024 (order: 0, 4096 bytes, linear)
[    0.092665] CPU0: thread -1, cpu 0, socket -1, mpidr 0
[    0.160964] Setting up static identity map for 0x80100000 - 0x80100078
[    0.170729] rcu: Hierarchical SRCU implementation.
[    0.170741] rcu: 	Max phase no-delay instances is 1000.
[    0.172650] smp: Bringing up secondary CPUs ...
[    0.172704] smp: Brought up 1 node, 1 CPU
[    0.172720] SMP: Total of 1 processors activated (996.14 BogoMIPS).
[    0.172732] CPU: All CPU(s) started in SVC mode.
[    0.172922] Memory: 480860K/522240K available (11264K kernel code, 1212K rwdata, 2884K rodata, 1024K init, 300K bss, 23368K reserved, 16384K cma-reserved, 0K highmem)
[    0.173783] devtmpfs: initialized
[    0.190482] VFP support v0.3: implementor 41 architecture 3 part 30 variant c rev 3
[    0.191016] clocksource: jiffies: mask: 0xffffffff max_cycles: 0xffffffff, max_idle_ns: 19112604462750000 ns
[    0.191058] futex hash table entries: 256 (order: 2, 16384 bytes, linear)
[    0.192317] pinctrl core: initialized pinctrl subsystem
[    0.195235] NET: Registered PF_NETLINK/PF_ROUTE protocol family
[    0.198029] DMA: preallocated 256 KiB pool for atomic coherent allocations
[    0.198939] audit: initializing netlink subsys (disabled)
[    0.200363] thermal_sys: Registered thermal governor 'fair_share'
[    0.200378] thermal_sys: Registered thermal governor 'step_wise'
[    0.200389] thermal_sys: Registered thermal governor 'user_space'
[    0.200507] audit: type=2000 audit(0.190:1): state=initialized audit_enabled=0 res=1
[    0.200687] cpuidle: using governor menu
[    0.219616] No ATAGs?
[    0.219642] hw-breakpoint: debug architecture 0x4 unsupported.
[    0.222534] kprobes: kprobe jump-optimization is enabled. All kprobes are optimized if possible.
[    0.234240] iommu: Default domain type: Translated
[    0.234264] iommu: DMA domain TLB invalidation policy: strict mode
[    0.241856] SCSI subsystem initialized
[    0.242732] pps_core: LinuxPPS API ver. 1 registered
[    0.242744] pps_core: Software ver. 5.3.6 - Copyright 2005-2007 Rodolfo Giometti <giometti@linux.it>
[    0.242769] PTP clock support registered
[    0.251227] vgaarb: loaded
[    0.251638] clocksource: Switched to clocksource dmtimer
[    0.252313] VFS: Disk quotas dquot_6.6.0
[    0.252356] VFS: Dquot-cache hash table entries: 1024 (order 0, 4096 bytes)
[    0.277196] NET: Registered PF_INET protocol family
[    0.277553] IP idents hash table entries: 8192 (order: 4, 65536 bytes, linear)
[    0.278951] tcp_listen_portaddr_hash hash table entries: 512 (order: 0, 4096 bytes, linear)
[    0.278990] Table-perturb hash table entries: 65536 (order: 6, 262144 bytes, linear)
[    0.279007] TCP established hash table entries: 4096 (order: 2, 16384 bytes, linear)
[    0.279050] TCP bind hash table entries: 4096 (order: 4, 65536 bytes, linear)
[    0.279151] TCP: Hash tables configured (established 4096 bind 4096)
[    0.279268] UDP hash table entries: 256 (order: 1, 8192 bytes, linear)
[    0.279297] UDP-Lite hash table entries: 256 (order: 1, 8192 bytes, linear)
[    0.279480] NET: Registered PF_UNIX/PF_LOCAL protocol family
[    0.292763] RPC: Registered named UNIX socket transport module.
[    0.292785] RPC: Registered udp transport module.
[    0.292791] RPC: Registered tcp transport module.
[    0.292797] RPC: Registered tcp-with-tls transport module.
[    0.292802] RPC: Registered tcp NFSv4.1 backchannel transport module.
[    0.292828] PCI: CLS 0 bytes, default 64
[    0.294320] Initialise system trusted keyrings
[    0.295160] workingset: timestamp_bits=14 max_order=17 bucket_order=3
[    0.296889] NFS: Registering the id_resolver key type
[    0.296983] Key type id_resolver registered
[    0.296993] Key type id_legacy registered
[    0.297042] jffs2: version 2.2. (NAND) (SUMMARY)  Â© 2001-2006 Red Hat, Inc.
[    0.297465] Key type asymmetric registered
[    0.297481] Asymmetric key parser 'x509' registered
[    0.297550] io scheduler mq-deadline registered
[    0.297562] io scheduler kyber registered
[    0.297634] io scheduler bfq registered
[    0.302545] ledtrig-cpu: registered to indicate activity on CPUs
[    0.312280] Serial: 8250/16550 driver, 6 ports, IRQ sharing enabled
[    0.355333] brd: module loaded
[    0.376131] loop: module loaded
[    0.377064] mtdoops: mtd device (mtddev=name/number) must be supplied
[    0.380206] i2c_dev: i2c /dev entries driver
[    0.381194] cpuidle: enable-method property 'ti,am3352' found operations
[    0.381813] sdhci: Secure Digital Host Controller Interface driver
[    0.381826] sdhci: Copyright(c) Pierre Ossman
[    0.382033] sdhci-pltfm: SDHCI platform and OF driver helper
[    0.383069] Initializing XFRM netlink socket
[    0.383228] NET: Registered PF_INET6 protocol family
[    0.385269] Segment Routing with IPv6
[    0.385360] In-situ OAM (IOAM) with IPv6
[    0.385462] sit: IPv6, IPv4 and MPLS over IPv4 tunneling driver
[    0.386434] NET: Registered PF_PACKET protocol family
[    0.386472] NET: Registered PF_KEY protocol family
[    0.386600] Key type dns_resolver registered
[    0.386877] ThumbEE CPU extension supported.
[    0.386897] Registering SWP/SWPB emulation handler
[    0.387423] omap_voltage_late_init: Voltage driver support not added
[    0.387774] SmartReflex Class3 initialized
[    0.422811] Loading compiled-in X.509 certificates
[    0.505286] platform 44e10800.pinmux: Fixed dependency cycle(s) with /ocp/interconnect@44c00000/segment@200000/target-module@10000/scm@0/pinmux@800/clkout2-pins
[    0.505850] pinctrl-single 44e10800.pinmux: 142 pins, size 568
[    0.510867] ti-sysc 44e31000.target-module: probe with driver ti-sysc failed with error -16
[    0.561081] ti-sysc 48040000.target-module: probe with driver ti-sysc failed with error -16
[    0.625717] OMAP GPIO hardware version 0.1
[    0.644806] omap_i2c 4819c000.i2c: bus 2 rev0.11 at 100 kHz
[    0.671819] 48000000.interconnect:segment@200000:target-module@0:mpu@0:fck: device ID is greater than 24
[    0.676045] platform 4830e000.lcdc: Fixed dependency cycle(s) with /ocp/interconnect@44c00000/segment@200000/target-module@b000/i2c@0/tda19988@70
[    0.687100] sdhci-omap 481d8000.mmc: supply pbias not found, using dummy regulator
[    0.687618] sdhci-omap 481d8000.mmc: supply vqmmc not found, using dummy regulator
[    0.744450] davinci_mdio 4a101000.mdio: davinci mdio revision 1.6, bus freq 1000000
[    0.867869] davinci_mdio 4a101000.mdio: phy[0]: device 4a101000.mdio:00, driver SMSC LAN8710/LAN8720
[    0.868681] cpsw-switch 4a100000.switch: initialized cpsw ale version 1.4
[    0.868707] cpsw-switch 4a100000.switch: ALE Table size 1024, Policers 0
[    0.869023] cpsw-switch 4a100000.switch: cpts: overflow check period 500 (jiffies)
[    0.869045] cpsw-switch 4a100000.switch: CPTS: ref_clk_freq:250000000 calc_mult:2147483648 calc_shift:29 error:0 nsec/sec
[    0.869145] cpsw-switch 4a100000.switch: Detected MACID = 6c:ec:eb:68:de:78
[    0.870979] cpsw-switch 4a100000.switch: initialized (regs 0x4a100000, pool size 256) hw_ver:0019010C 1.12 (0)
[    0.882233] debugfs: Directory '49000000.dma' with parent 'dmaengine' already present!
[    0.882273] edma 49000000.dma: TI EDMA DMA engine driver
[    0.915125] target-module@4b000000:target-module@140000:pmu@0:fck: device ID is greater than 24
[    0.936557] hw perfevents: enabled with armv7_cortex_a8 PMU driver, 5 (8000000f) counters available
[    0.955998] l3-aon-clkctrl:0000:0: failed to disable
[    0.970684] 44e09000.serial: ttyS0 at MMIO 0x44e09000 (irq = 34, base_baud = 3000000) is a 8250
[    0.970772] printk: legacy console [ttyS0] enabled
[    2.272664] tps65217-pmic: Failed to locate of_node [id: -1]
[    2.278728] tps65217-bl: Failed to locate of_node [id: -1]
[    2.290126] tps65217 0-0024: TPS65217 ID 0xe version 1.2
[    2.296289] platform 4830e000.lcdc: Fixed dependency cycle(s) with /ocp/interconnect@44c00000/segment@200000/target-module@b000/i2c@0/tda19988@70
[    2.309737] i2c 0-0070: Fixed dependency cycle(s) with /ocp/interconnect@48000000/segment@300000/target-module@e000/lcdc@0
[    2.321165] omap_i2c 44e0b000.i2c: bus 0 rev0.11 at 400 kHz
[    2.328997] omap_gpio 44e07000.gpio: Could not set line 6 debounce to 200000 microseconds (-22)
[    2.337886] sdhci-omap 48060000.mmc: Got CD GPIO
[    2.342932] sdhci-omap 48060000.mmc: supply pbias not found, using dummy regulator
[    2.353305] sdhci-omap 48060000.mmc: supply vqmmc not found, using dummy regulator
[    2.362416] sdhci-omap 481d8000.mmc: supply pbias not found, using dummy regulator
[    2.370414] sdhci-omap 481d8000.mmc: supply vqmmc not found, using dummy regulator
[    2.409230] mmc1: SDHCI controller on 481d8000.mmc [481d8000.mmc] using External DMA
[    2.418504] mmc0: SDHCI controller on 48060000.mmc [48060000.mmc] using External DMA
[    2.427327] cpsw-switch 4a100000.switch: starting ndev. mode: dual_mac
[    2.470969] mmc0: new high speed SDHC card at address 5048
[    2.478071] mmcblk0: mmc0:5048 SD16G 14.4 GiB
[    2.486146]  mmcblk0: p1 p2
[    2.489535] mmcblk0: p2 size 31221760 extends beyond EOD, truncated
[    2.502879] SMSC LAN8710/LAN8720 4a101000.mdio:00: attached PHY driver (mii_bus:phy_addr=4a101000.mdio:00, irq=POLL)
[    2.515522] mmc1: new high speed MMC card at address 0001
[    2.522503] mmcblk1: mmc1:0001 MMC04G 3.60 GiB
[    2.534174]  mmcblk1: p1 p2
[    2.538492] mmcblk1boot0: mmc1:0001 MMC04G 2.00 MiB
[    2.545852] mmcblk1boot1: mmc1:0001 MMC04G 2.00 MiB
[    2.553296] mmcblk1rpmb: mmc1:0001 MMC04G 128 KiB, chardev (250:0)
[    5.682431] cpsw-switch 4a100000.switch eth0: Link is Up - 100Mbps/Full - flow control off
[    5.711661] IP-Config: Complete:
[    5.714940]      device=eth0, hwaddr=6c:ec:eb:68:de:78, ipaddr=192.168.255.1, mask=255.255.255.0, gw=255.255.255.255
[    5.725586]      host=bbb1, domain=, nis-domain=(none)
[    5.730755]      bootserver=192.168.255.126, rootserver=192.168.255.126, rootpath=
[    5.731191] clk: Disabling unused clocks
[    5.743059] PM: genpd: Disabling unused power domains
[    5.748178] KTAP version 1
[    5.750900] 1..0
[    5.776438] VFS: Mounted root (nfs filesystem) on device 0:17.
[    5.783616] devtmpfs: mounted
[    5.788297] Freeing unused kernel image (initmem) memory: 1024K
[    5.795152] Run /sbin/init as init process
[    6.507173] systemd[1]: System time before build time, advancing clock.
[    7.991661] random: crng init done
[    8.033557] systemd[1]: systemd 232 running in system mode. (+PAM +AUDIT +SELINUX +IMA +APPARMOR +SMACK +SYSVINIT +UTMP +LIBCRYPTSETUP +GCRYPT +GNUTLS +ACL +XZ +LZ4 +SECCOMP +BLKID +ELFUTILS +KMOD +IDN)
[    8.052593] systemd[1]: Detected architecture arm.

Welcome to [1mDebian GNU/Linux 9 (stretch)[0m!

[    8.084937] systemd[1]: Set hostname to <arm>.
[    9.194171] systemd[1]: Set up automount Arbitrary Executable File Formats File System Automount Point.
[[0;32m  OK  [0m] Set up automount Arbitrary Executabâ€¦rmats File System Automount Point.
[    9.223644] systemd[1]: Listening on Syslog Socket.
[[0;32m  OK  [0m] Listening on Syslog Socket.
[    9.252428] systemd[1]: Listening on Journal Socket (/dev/log).
[[0;32m  OK  [0m] Listening on Journal Socket (/dev/log).
[    9.282063] systemd[1]: Reached target Remote File Systems.
[[0;32m  OK  [0m] Reached target Remote File Systems.
[    9.312468] systemd[1]: Listening on Journal Socket.
[[0;32m  OK  [0m] Listening on Journal Socket.
[    9.342580] systemd[1]: Started Dispatch Password Requests to Console Directory Watch.
[[0;32m  OK  [0m] Started Dispatch Password Requests to Console Directory Watch.
[    9.372531] systemd[1]: Started Forward Password Requests to Wall Directory Watch.
[[0;32m  OK  [0m] Started Forward Password Requests to Wall Directory Watch.
[[0;32m  OK  [0m] Reached target Encrypted Volumes.
[[0;32m  OK  [0m] Reached target Paths.
[[0;32m  OK  [0m] Listening on udev Control Socket.
[[0;32m  OK  [0m] Listening on Journal Audit Socket.
[[0;32m  OK  [0m] Reached target Swap.
[[0;32m  OK  [0m] Created slice User and Session Slice.
[[0;32m  OK  [0m] Listening on /dev/initctl Compatibility Named Pipe.
[[0;32m  OK  [0m] Listening on udev Kernel Socket.
[[0;32m  OK  [0m] Created slice System Slice.
[[0;32m  OK  [0m] Created slice system-getty.slice.
[[0;32m  OK  [0m] Reached target Slices.
[[0;32m  OK  [0m] Created slice system-serial\x2dgetty.slice.
         Starting Create list of required stâ€¦ce nodes for the current kernel...
         Starting Load Kernel Modules...
         Mounting POSIX Message Queue File System...
         Mounting Debug File System...
         Starting Remount Root and Kernel File Systems...
         Starting Journal Service...
[[0;32m  OK  [0m] Started Create list of required staâ€¦vice nodes for the current kernel.
         Starting Create Static Device Nodes in /dev...
[[0;32m  OK  [0m] Mounted POSIX Message Queue File System.
[[0;32m  OK  [0m] Mounted Debug File System.
[[0;32m  OK  [0m] Started Load Kernel Modules.
[[0;32m  OK  [0m] Started Remount Root and Kernel File Systems.
         Starting Load/Save Random Seed...
         Starting udev Coldplug all Devices...
         Starting Apply Kernel Variables...
         Mounting Configuration File System...
[[0;32m  OK  [0m] Started Load/Save Random Seed.
[[0;32m  OK  [0m] Mounted Configuration File System.
[[0;32m  OK  [0m] Started Apply Kernel Variables.
[[0;32m  OK  [0m] Started Create Static Device Nodes in /dev.
         Starting udev Kernel Device Manager...
[[0;32m  OK  [0m] Reached target Local File Systems (Pre).
[[0;32m  OK  [0m] Reached target Local File Systems.
         Starting Raise network interfaces...
[[0;32m  OK  [0m] Started Journal Service.
         Starting Flush Journal to Persistent Storage...
[   11.913929] systemd-journald[84]: Received request to flush runtime journal from PID 1
[[0;32m  OK  [0m] Started Flush Journal to Persistent Storage.
         Starting Create Volatile Files and Directories...
[[0;32m  OK  [0m] Started udev Kernel Device Manager.
[[0;32m  OK  [0m] Started Create Volatile Files and Directories.
         Starting Update UTMP about System Boot/Shutdown...
         Starting Network Time Synchronization...
[[0;32m  OK  [0m] Started Update UTMP about System Boot/Shutdown.
[[0;32m  OK  [0m] Started udev Coldplug all Devices.
[   14.819998] remoteproc remoteproc0: wkup_m3 is available
[   15.207559] wkup_m3_ipc 44e11324.wkup_m3_ipc: IPC Request for A8->M3 Channel failed! -517
[   15.219599] omap_rtc 44e3e000.rtc: registered as rtc0
[   15.225003] omap_rtc 44e3e000.rtc: setting system clock to 2000-01-01T00:00:00 UTC (946684800)
[   15.236007] wkup_m3_ipc 44e11324.wkup_m3_ipc: IPC Request for A8->M3 Channel failed! -517
[   15.304667] at24 2-0054: supply vcc not found, using dummy regulator
[   15.358168] wkup_m3_ipc 44e11324.wkup_m3_ipc: IPC Request for A8->M3 Channel failed! -517
[[0;32m  OK  [0m] Found device /dev/ttyS0.
[   15.436487] at24 2-0055: supply vcc not found, using dummy regulator
[   15.472019] omap_wdt: OMAP Watchdog Timer Rev 0x01: initial timeout 60 sec
[   15.506638] wkup_m3_ipc 44e11324.wkup_m3_ipc: IPC Request for A8->M3 Channel failed! -517
[   15.552634] at24 2-0056: supply vcc not found, using dummy regulator
[[0;32m  OK  [0m] Started Network Time Synchronization.
[   15.666719] at24 2-0057: supply vcc not found, using dummy regulator
[   15.804252] tps6521x_pwrbutton tps65217-pwrbutton: DMA mask not set
[[0;32m  OK  [0m] Reached target System Initialization.[   15.829739] at24 0-0050: 32768 byte 24c256 EEPROM, writable, 1 bytes/write

[   15.839917] wkup_m3_ipc 44e11324.wkup_m3_ipc: IPC Request for A8->M3 Channel failed! -517
[   15.920361] input: tps65217_pwrbutton as /devices/platform/ocp/44c00000.interconnect/44c00000.interconnect:segment@200000/44e0b000.target-module/44e0b000.i2c/i2c-0/0-0024/tps65217-pwrbutton/input/input0
[   15.955579] wkup_m3_ipc 44e11324.wkup_m3_ipc: IPC Request for A8->M3 Channel failed! -517
[[0;32m  OK  [0m] Listening on Avahi mDNS/DNS-SD Stack Activation Socket.
[   16.117781] am335x-phy-driver 47401300.usb-phy: dummy supplies not allowed for exclusive requests (id=vbus)
[   16.244218] am335x-phy-driver 47401b00.usb-phy: dummy supplies not allowed for exclusive requests (id=vbus)
[   16.283416] wkup_m3_ipc 44e11324.wkup_m3_ipc: IPC Request for A8->M3 Channel failed! -517
[[0;32m  OK  [0m] Listening on D-Bus System Message Bus Socket.
[[0;32m  OK  [0m] Reached target Sockets.
[[0;32m  OK  [0m] Reached target Basic System.
[   16.431347] wkup_m3_ipc 44e11324.wkup_m3_ipc: IPC Request for A8->M3 Channel failed! -517
         Starting LSB: Load kernel modules needed to enable cpufreq scaling...
[   16.485352] usbcore: registered new interface driver usbfs
[   16.491003] usbcore: registered new interface driver hub
[   16.496676] usbcore: registered new device driver usb
[[0;32m  OK  [0m] Started Regular background program processing daemon.
         Starting System Logging Service...
         Starting Generic Board Startup...
         Starting LSB: Start busybox udhcpd at boot time...
[   17.274352] wkup_m3_ipc 44e11324.wkup_m3_ipc: IPC Request for A8->M3 Channel failed! -517
         Starting Login Service...
[   17.361372] musb-hdrc musb-hdrc.1: MUSB HDRC host driver
[   17.367046] musb-hdrc musb-hdrc.1: new USB bus registered, assigned bus number 1
[   17.397848] wkup_m3_ipc 44e11324.wkup_m3_ipc: IPC Request for A8->M3 Channel failed! -517
         Starting DUN service...
[   17.515966] omap-mailbox 480c8000.mailbox: omap mailbox rev 0x400
[   17.586003] remoteproc remoteproc0: powering up wkup_m3
[[0;32m  OK  [0m] Started D-Bus System Message Bus.
[   17.657759] usb usb1: New USB device found, idVendor=1d6b, idProduct=0002, bcdDevice= 6.12
[   17.666363] usb usb1: New USB device strings: Mfr=3, Product=2, SerialNumber=1
[   17.673853] usb usb1: Product: MUSB HDRC host driver
[   17.678855] usb usb1: Manufacturer: Linux 6.12.0-rc3-next-20241014 musb-hcd
[   17.685934] usb usb1: SerialNumber: musb-hdrc.1
