Labgrid Console Logfile for main
Logfile started at 2025-09-25 14:54:30.788305
=== Log starts here ===
reading args
spl_load_image_fat_os: error reading image args, err - -1
reading u-boot.img
reading u-boot.img


U-Boot 2014.04-00014-g47880f5 (Apr 22 2014 - 13:23:54)

I2C:   ready
DRAM:  512 MiB
NAND:  0 MiB
MMC:   OMAP SD/MMC: 0, OMAP SD/MMC: 1
*** Warning - readenv() failed, using default environment

Net:   <ethaddr> not set. Validating first E-fuse MAC
cpsw, usb_ether
Hit any key to stop autoboot:  1  0 
gpio: pin 53 (gpio 53) value is 1
mmc0 is current device
gpio: pin 54 (gpio 54) value is 1
SD/MMC found on device 0
reading uEnv.txt
569 bytes read in 3 ms (184.6 KiB/s)
gpio: pin 55 (gpio 55) value is 1
Loaded environment from uEnv.txt
Importing environment from mmc ...
Checking if uenvcmd is set ...
gpio: pin 56 (gpio 56) value is 1
Running uenvcmd ...
cpsw Waiting for PHY auto negotiation to complete. done
link up on port 0, speed 100, full duplex
Using cpsw device
TFTP from server 192.168.255.126; our IP address is 192.168.255.1
Filename 'zImage'.
Load address: 0x81000000
Loading: *T #################################################################
	 #################################################################
	 #################################################################
	 #################################################################
	 #################################################################
	 ##########################################################
	 760.7 KiB/s
done
Bytes transferred = 5622272 (55ca00 hex)
link up on port 0, speed 100, full duplex
Using cpsw device
TFTP from server 192.168.255.126; our IP address is 192.168.255.1
Filename 'am335x-boneblack.dtb'.
Load address: 0x82000000
Loading: *#######
	 2.3 MiB/s
done
Bytes transferred = 98244 (17fc4 hex)
Kernel image @ 0x81000000 [ 0x000000 - 0x55ca00 ]
## Flattened Device Tree blob at 82000000
   Booting using the fdt blob at 0x82000000
   Using Device Tree in place at 82000000, end 8201afc3

Starting kernel ...

[    0.000000] Booting Linux on physical CPU 0x0
[    0.000000] Linux version 6.16.9-90813-gea2c1f2fff9e (user01@drvtest01) (arm-none-eabi-gcc (Arm GNU Toolchain 14.2.Rel1 (Build arm-14.52)) 14.2.1 20241119, GNU ld (Arm GNU Toolchain 14.2.Rel1 (Build arm-14.52)) 2.43.1.20241119) #1 SMP Thu Sep 25 14:53:03 EEST 2025
[    0.000000] CPU: ARMv7 Processor [413fc082] revision 2 (ARMv7), cr=10c5387d
[    0.000000] CPU: PIPT / VIPT nonaliasing data cache, VIPT aliasing instruction cache
[    0.000000] OF: fdt: Machine model: TI AM335x BeagleBone Black
[    0.000000] Memory policy: Data cache writeback
[    0.000000] cma: Reserved 16 MiB at 0x9e800000
[    0.000000] Zone ranges:
[    0.000000]   Normal   [mem 0x0000000080000000-0x000000009fdfffff]
[    0.000000]   HighMem  empty
[    0.000000] Movable zone start for each node
[    0.000000] Early memory node ranges
[    0.000000]   node   0: [mem 0x0000000080000000-0x000000009fdfffff]
[    0.000000] Initmem setup node 0 [mem 0x0000000080000000-0x000000009fdfffff]
[    0.000000] On node 0, zone Normal: 512 pages in unavailable ranges
[    0.000000] OF: reserved mem: Reserved memory: No reserved-memory node in the DT
[    0.000000] CPU: All CPU(s) started in SVC mode.
[    0.000000] AM335X ES2.1 (sgx neon)
[    0.000000] percpu: Embedded 17 pages/cpu s39820 r8192 d21620 u69632
[    0.000000] Kernel command line: console=ttyO0,115200n8 root=/dev/nfs rw nfsroot=192.168.255.126:/home/user01/nfs,nfsvers=3 ip=192.168.255.1:192.168.255.126::255.255.255.0:bbb1:eth0 nfsrootdebug
[    0.000000] Unknown kernel command line parameters "nfsrootdebug", will be passed to user space.
[    0.000000] printk: log buffer data + meta data: 65536 + 204800 = 270336 bytes
[    0.000000] Dentry cache hash table entries: 65536 (order: 6, 262144 bytes, linear)
[    0.000000] Inode-cache hash table entries: 32768 (order: 5, 131072 bytes, linear)
[    0.000000] Built 1 zonelists, mobility grouping on.  Total pages: 130560
[    0.000000] mem auto-init: stack:off, heap alloc:off, heap free:off
[    0.000000] SLUB: HWalign=16, Order=0-3, MinObjects=0, CPUs=1, Nodes=1
[    0.000000] rcu: Hierarchical RCU implementation.
[    0.000000] rcu: 	RCU event tracing is enabled.
[    0.000000] rcu: 	RCU restricting CPUs from NR_CPUS=2 to nr_cpu_ids=1.
[    0.000000] 	Tracing variant of Tasks RCU enabled.
[    0.000000] rcu: RCU calculated value of scheduler-enlistment delay is 10 jiffies.
[    0.000000] rcu: Adjusting geometry for rcu_fanout_leaf=16, nr_cpu_ids=1
[    0.000000] RCU Tasks Trace: Setting shift to 0 and lim to 1 rcu_task_cb_adjust=1 rcu_task_cpu_ids=1.
[    0.000000] NR_IRQS: 16, nr_irqs: 16, preallocated irqs: 16
[    0.000000] IRQ: Found an INTC at 0x(ptrval) (revision 5.0) with 128 interrupts
[    0.000000] rcu: srcu_init: Setting srcu_struct sizes based on contention.
[    0.000000] TI gptimer clocksource: always-on /ocp/interconnect@44c00000/segment@200000/target-module@31000
[    0.000003] sched_clock: 32 bits at 24MHz, resolution 41ns, wraps every 89478484971ns
[    0.000028] clocksource: dmtimer: mask: 0xffffffff max_cycles: 0xffffffff, max_idle_ns: 79635851949 ns
[    0.000507] TI gptimer clockevent: 24000000 Hz at /ocp/interconnect@48000000/segment@0/target-module@40000
[    0.002132] Console: colour dummy device 80x30
[    0.002195] WARNING: Your 'console=ttyO0' has been replaced by 'ttyS0'
[    0.002203] This ensures that you still see kernel messages. Please
[    0.002208] update your kernel commandline.
[    0.002251] Calibrating delay loop... 996.14 BogoMIPS (lpj=4980736)
[    0.090555] CPU: Testing write buffer coherency: ok
[    0.090666] CPU0: Spectre v2: using BPIALL workaround
[    0.090677] pid_max: default: 32768 minimum: 301
[    0.090838] LSM: initializing lsm=capability
[    0.091010] Mount-cache hash table entries: 1024 (order: 0, 4096 bytes, linear)
[    0.091029] Mountpoint-cache hash table entries: 1024 (order: 0, 4096 bytes, linear)
[    0.092660] CPU0: thread -1, cpu 0, socket -1, mpidr 0
[    0.092715] cacheinfo: Unable to detect cache hierarchy for CPU 0
[    0.094740] Setting up static identity map for 0x80100000 - 0x80100078
[    0.095077] rcu: Hierarchical SRCU implementation.
[    0.095089] rcu: 	Max phase no-delay instances is 1000.
[    0.096797] smp: Bringing up secondary CPUs ...
[    0.096849] smp: Brought up 1 node, 1 CPU
[    0.096862] SMP: Total of 1 processors activated (996.14 BogoMIPS).
[    0.096873] CPU: All CPU(s) started in SVC mode.
[    0.097061] Memory: 480820K/522240K available (11264K kernel code, 1221K rwdata, 2924K rodata, 1024K init, 287K bss, 23388K reserved, 16384K cma-reserved, 0K highmem)
[    0.097883] devtmpfs: initialized
[    0.115036] VFP support v0.3: implementor 41 architecture 3 part 30 variant c rev 3
[    0.115666] clocksource: jiffies: mask: 0xffffffff max_cycles: 0xffffffff, max_idle_ns: 19112604462750000 ns
[    0.115723] posixtimers hash table entries: 512 (order: 0, 4096 bytes, linear)
[    0.115747] futex hash table entries: 256 (16384 bytes on 1 NUMA nodes, total 16 KiB, linear).
[    0.116896] pinctrl core: initialized pinctrl subsystem
[    0.118946] NET: Registered PF_NETLINK/PF_ROUTE protocol family
[    0.122049] DMA: preallocated 256 KiB pool for atomic coherent allocations
[    0.123021] audit: initializing netlink subsys (disabled)
[    0.124371] thermal_sys: Registered thermal governor 'fair_share'
[    0.124388] thermal_sys: Registered thermal governor 'step_wise'
[    0.124397] thermal_sys: Registered thermal governor 'user_space'
[    0.124508] audit: type=2000 audit(0.120:1): state=initialized audit_enabled=0 res=1
[    0.124576] cpuidle: using governor menu
[    0.142698] /ocp/interconnect@44c00000/segment@200000/target-module@b000/i2c@0/tda19988@70: Fixed dependency cycle(s) with /ocp/interconnect@48000000/segment@300000/target-module@e000/lcdc@0
[    0.143817] /ocp/interconnect@48000000/segment@300000/target-module@e000/lcdc@0: Fixed dependency cycle(s) with /ocp/interconnect@44c00000/segment@200000/target-module@b000/i2c@0/tda19988@70
[    0.146012] No ATAGs?
[    0.146056] hw-breakpoint: debug architecture 0x4 unsupported.
[    0.148757] kprobes: kprobe jump-optimization is enabled. All kprobes are optimized if possible.
[    0.154066] iommu: Default domain type: Translated
[    0.154088] iommu: DMA domain TLB invalidation policy: strict mode
[    0.161623] SCSI subsystem initialized
[    0.162480] pps_core: LinuxPPS API ver. 1 registered
[    0.162490] pps_core: Software ver. 5.3.6 - Copyright 2005-2007 Rodolfo Giometti <giometti@linux.it>
[    0.162523] PTP clock support registered
[    0.171377] vgaarb: loaded
[    0.171748] clocksource: Switched to clocksource dmtimer
[    0.172411] VFS: Disk quotas dquot_6.6.0
[    0.172469] VFS: Dquot-cache hash table entries: 1024 (order 0, 4096 bytes)
[    0.197517] NET: Registered PF_INET protocol family
[    0.197855] IP idents hash table entries: 8192 (order: 4, 65536 bytes, linear)
[    0.199291] tcp_listen_portaddr_hash hash table entries: 512 (order: 0, 4096 bytes, linear)
[    0.199326] Table-perturb hash table entries: 65536 (order: 6, 262144 bytes, linear)
[    0.199343] TCP established hash table entries: 4096 (order: 2, 16384 bytes, linear)
[    0.199388] TCP bind hash table entries: 4096 (order: 4, 65536 bytes, linear)
[    0.199489] TCP: Hash tables configured (established 4096 bind 4096)
[    0.199606] UDP hash table entries: 256 (order: 1, 14336 bytes, linear)
[    0.199639] UDP-Lite hash table entries: 256 (order: 1, 14336 bytes, linear)
[    0.199827] NET: Registered PF_UNIX/PF_LOCAL protocol family
[    0.212517] RPC: Registered named UNIX socket transport module.
[    0.212540] RPC: Registered udp transport module.
[    0.212545] RPC: Registered tcp transport module.
[    0.212550] RPC: Registered tcp-with-tls transport module.
[    0.212555] RPC: Registered tcp NFSv4.1 backchannel transport module.
[    0.212581] PCI: CLS 0 bytes, default 64
[    0.213958] Initialise system trusted keyrings
[    0.214725] workingset: timestamp_bits=14 max_order=17 bucket_order=3
[    0.216422] NFS: Registering the id_resolver key type
[    0.216490] Key type id_resolver registered
[    0.216498] Key type id_legacy registered
[    0.216605] jffs2: version 2.2. (NAND) (SUMMARY)  Â© 2001-2006 Red Hat, Inc.
[    0.217080] Key type asymmetric registered
[    0.217095] Asymmetric key parser 'x509' registered
[    0.217167] io scheduler mq-deadline registered
[    0.217176] io scheduler kyber registered
[    0.217244] io scheduler bfq registered
[    0.219110] target-module@4b000000:target-module@140000:pmu@0:fck: device ID is greater than 24
[    0.225264] l3-aon-clkctrl:0000:0: failed to disable
[    0.232283] ledtrig-cpu: registered to indicate activity on CPUs
[    0.235125] Serial: 8250/16550 driver, 6 ports, IRQ sharing enabled
[    0.292089] brd: module loaded
[    0.300731] loop: module loaded
[    0.301658] mtdoops: mtd device (mtddev=name/number) must be supplied
[    0.304967] i2c_dev: i2c /dev entries driver
[    0.305953] cpuidle: enable-method property 'ti,am3352' found operations
[    0.306402] sdhci: Secure Digital Host Controller Interface driver
[    0.306413] sdhci: Copyright(c) Pierre Ossman
[    0.306587] sdhci-pltfm: SDHCI platform and OF driver helper
[    0.314832] hw perfevents: enabled with armv7_cortex_a8 PMU driver, 5 (8000000f) counters available
[    0.315361] Initializing XFRM netlink socket
[    0.315542] NET: Registered PF_INET6 protocol family
[    0.321189] l3-aon-clkctrl:0000:0: failed to disable
[    0.336141] Segment Routing with IPv6
[    0.336226] In-situ OAM (IOAM) with IPv6
[    0.336321] sit: IPv6, IPv4 and MPLS over IPv4 tunneling driver
[    0.337282] NET: Registered PF_PACKET protocol family
[    0.337311] NET: Registered PF_KEY protocol family
[    0.337427] Key type dns_resolver registered
[    0.337653] ThumbEE CPU extension supported.
[    0.337671] Registering SWP/SWPB emulation handler
[    0.338212] omap_voltage_late_init: Voltage driver support not added
[    0.338904] SmartReflex Class3 initialized
[    0.364063] Loading compiled-in X.509 certificates
[    0.406681] /ocp/interconnect@44c00000/segment@200000/target-module@b000/i2c@0/tda19988@70: Fixed dependency cycle(s) with /ocp/interconnect@48000000/segment@300000/target-module@e000/lcdc@0
[    0.413252] /ocp/interconnect@44c00000/segment@200000/target-module@b000/i2c@0/tda19988@70: Fixed dependency cycle(s) with /ocp/interconnect@48000000/segment@300000/target-module@e000/lcdc@0
[    0.452546] /ocp/interconnect@44c00000/segment@200000/target-module@b000/i2c@0/tda19988@70: Fixed dependency cycle(s) with /ocp/interconnect@48000000/segment@300000/target-module@e000/lcdc@0
[    0.453479] /ocp/interconnect@44c00000/segment@200000/target-module@b000/i2c@0/tda19988@70: Fixed dependency cycle(s) with /ocp/interconnect@48000000/segment@300000/target-module@e000/lcdc@0
[    0.456975] /ocp/interconnect@44c00000/segment@200000/target-module@10000/scm@0/pinmux@800: Fixed dependency cycle(s) with /ocp/interconnect@44c00000/segment@200000/target-module@10000/scm@0/pinmux@800/clkout2-pins
[    0.457563] pinctrl-single 44e10800.pinmux: 142 pins, size 568
[    0.463030] ti-sysc 44e31000.target-module: probe with driver ti-sysc failed with error -16
[    0.503467] /ocp/interconnect@48000000/segment@300000/target-module@e000/lcdc@0: Fixed dependency cycle(s) with /ocp/interconnect@44c00000/segment@200000/target-module@b000/i2c@0/tda19988@70
[    0.511529] ti-sysc 48040000.target-module: probe with driver ti-sysc failed with error -16
[    0.560922] OMAP GPIO hardware version 0.1
[    0.585928] omap_i2c 4819c000.i2c: bus 2 rev0.11 at 100 kHz
[    0.616332] 48000000.interconnect:segment@200000:target-module@0:mpu@0:fck: device ID is greater than 24
[    0.617226] /ocp/interconnect@48000000/segment@300000/target-module@e000/lcdc@0: Fixed dependency cycle(s) with /ocp/interconnect@44c00000/segment@200000/target-module@b000/i2c@0/tda19988@70
[    0.620048] /ocp/interconnect@48000000/segment@300000/target-module@e000/lcdc@0: Fixed dependency cycle(s) with /ocp/interconnect@44c00000/segment@200000/target-module@b000/i2c@0/tda19988@70
[    0.620752] /ocp/interconnect@44c00000/segment@200000/target-module@b000/i2c@0/tda19988@70: Fixed dependency cycle(s) with /ocp/interconnect@48000000/segment@300000/target-module@e000/lcdc@0
[    0.620909] /ocp/interconnect@48000000/segment@300000/target-module@e000/lcdc@0: Fixed dependency cycle(s) with /ocp/interconnect@44c00000/segment@200000/target-module@b000/i2c@0/tda19988@70
[    0.632569] sdhci-omap 481d8000.mmc: supply pbias not found, using dummy regulator
[    0.633264] sdhci-omap 481d8000.mmc: supply vqmmc not found, using dummy regulator
[    0.675605] davinci_mdio 4a101000.mdio: davinci mdio revision 1.6, bus freq 1000000
[    0.837588] davinci_mdio 4a101000.mdio: phy[0]: device 4a101000.mdio:00, driver SMSC LAN8710/LAN8720
[    0.838361] cpsw-switch 4a100000.switch: initialized cpsw ale version 1.4
[    0.838381] cpsw-switch 4a100000.switch: ALE Table size 1024, Policers 0
[    0.845450] cpsw-switch 4a100000.switch: cpts: overflow check period 500 (jiffies)
[    0.845472] cpsw-switch 4a100000.switch: CPTS: ref_clk_freq:250000000 calc_mult:2147483648 calc_shift:29 error:0 nsec/sec
[    0.845593] cpsw-switch 4a100000.switch: Detected MACID = 6c:ec:eb:68:de:78
[    0.847465] cpsw-switch 4a100000.switch: initialized (regs 0x4a100000, pool size 256) hw_ver:0019010C 1.12 (0)
[    0.858527] debugfs: Directory '49000000.dma' with parent 'dmaengine' already present!
[    0.858568] edma 49000000.dma: TI EDMA DMA engine driver
[    0.923665] 44e09000.serial: ttyS0 at MMIO 0x44e09000 (irq = 34, base_baud = 3000000) is a 8250
[    0.923756] printk: legacy console [ttyS0] enabled
 [    2.402753] tps65217-pmic: Failed to locate of_node [id: -1]
[    2.408815] tps65217-bl: Failed to locate of_node [id: -1]
[    2.414842] platform tps65217-charger: DMA mask not set
[    2.420893] platform tps65217-pwrbutton: DMA mask not set
[    2.428265] tps65217 0-0024: TPS65217 ID 0xe version 1.2
[    2.434407] /ocp/interconnect@48000000/segment@300000/target-module@e000/lcdc@0: Fixed dependency cycle(s) with /ocp/interconnect@44c00000/segment@200000/target-module@b000/i2c@0/tda19988@70
[     2.451819] /ocp/interconnect@44c00000/segment@200000/target-module@b000/i2c@0/tda19988@70: Fixed dependency cycle(s) with /ocp/interconnect@48000000/segment@300000/target-module@e000/lcdc@0
[    2.469169] omap_i2c 44e0b000.i2c: bus 0 rev0.11 at 400 kHz
[    2.477025] omap_gpio 44e07000.gpio: Could not set line 6 debounce to 200000 microseconds (-22)
[    2.485943] sdhci-omap 48060000.mmc: Got CD GPIO
[    2.490958] sdhci-omap 48060000.mmc: supply pbias not found, using dummy regulator
[    2.500892] sdhci-omap 48060000.mmc: supply vqmmc not found, using dummy regulator
[    2.510003] sdhci-omap 481d8000.mmc: supply pbias not found, using dummy regulator
[    2.519699] sdhci-omap 481d8000.mmc: supply vqmmc not found, using dummy regulator
[    2.555584] mmc0: SDHCI controller on 48060000.mmc [48060000.mmc] using External DMA
[    2.563895] mmc1: SDHCI controller on 481d8000.mmc [481d8000.mmc] using External DMA
[    2.572624] cpsw-switch 4a100000.switch: starting ndev. mode: dual_mac
[    2.642186] mmc1: new high speed MMC card at address 0001
[    2.649010] mmcblk1: mmc1:0001 MMC04G 3.60 GiB
[    2.656956]  mmcblk1: p1 p2
[    2.660710] SMSC LAN8710/LAN8720 4a101000.mdio:00: attached PHY driver (mii_bus:phy_addr=4a101000.mdio:00, irq=POLL)
[    2.673330] mmcblk1boot0: mmc1:0001 MMC04G 2.00 MiB
[    2.687157] mmcblk1boot1: mmc1:0001 MMC04G 2.00 MiB
[    2.696125] mmcblk1rpmb: mmc1:0001 MMC04G 128 KiB, chardev (250:0)
[    2.744884] mmc0: new high speed SDHC card at address aaaa
[    2.751688] mm
[    5.842536] cpsw-switch 4a100000.switch eth0: Link is Up - 100Mbps/Full - flow control off
[    5.882006] IP-Config: Complete:
[    5.885283]      device=eth0, hwaddr=6c:ec:eb:68:de:78, ipaddr=192.168.255.1, mask=255.255.255.0, gw=255.255.255.255
[    5.895948]      host=bbb1, domain=, nis-domain=(none)
[    5.901116]      bootserver=192.168.255.126, rootserver=192.168.255.126, rootpath=
[    5.901536] clk: Disabling unused clocks
[    5.913375] PM: genpd: Disabling unused power domains
[    5.918493] KTAP version 1
[    5.921216] 1..0
[    5.949292] VFS: Mounted root (nfs filesystem) on device 0:17.
[    5.956316] devtmpfs: mounted
[    5.960817] Freeing unused kernel image (initmem) memory: 1024K
[    5.967776] Run /sbin/init as init process
[    6.668097] systemd[1]: System time before build time, advancing clock.
[    8.131773] random: crng init done
[    8.144287] systemd[1]: systemd 232 running in system mode. (+PAM +AUDIT +SELINUX +IMA +APPARMOR +SMACK +SYSVINIT +UTMP +LIBCRYPTSETUP +GCRYPT +GNUTLS +ACL +XZ +LZ4 +SECCOMP +BLKID +ELFUTILS +KMOD +IDN)
[    8.163390] systemd[1]: Detected architecture arm.

Welcome to [1mDebian GNU/Linux 9 (stretch)[0m!

[    8.194902] systemd[1]: Set hostname to <arm>.
[    9.295667] systemd[1]: Created slice System Slice.
[[0;32m  OK  [0m] Created slice System Slice.
[    9.313661] systemd[1]: systemd-journald-dev-log.socket: SO_PASSSEC failed: Operation not supported
[    9.323320] systemd[1]: Listening on Journal Socket (/dev/log).
[[0;32m  OK  [0m] Listening on Journal Socket (/dev/log).
[    9.352400] systemd[1]: systemd-journald.socket: SO_PASSSEC failed: Operation not supported
[    9.361034] systemd[1]: systemd-journald.socket: SO_PASSSEC failed: Operation not supported
[    9.369842] systemd[1]: Listening on Journal Socket.
[[0;32m  OK  [0m] Listening on Journal Socket.
[    9.422360] systemd[1]: Mounting Debug File System...
         Mounting Debug File System...
[[0;32m  OK  [0m] Created slice User and Session Slice.
[[0;32m  OK  [0m] Created slice system-serial\x2dgetty.slice.
         Starting Remount Root and Kernel File Systems...
[[0;32m  OK  [0m] Listening on udev Kernel Socket.
[[0;32m  OK  [0m] Reached target Slices.
[[0;32m  OK  [0m] Started Forward Password Requests to Wall Directory Watch.
[[0;32m  OK  [0m] Listening on udev Control Socket.
         Mounting POSIX Message Queue File System...
[[0;32m  OK  [0m] Set up automount Arbitrary Executabâ€¦rmats File System Automount Point.
[[0;32m  OK  [0m] Listening on Syslog Socket.
         Starting Load Kernel Modules...
         Starting Create list of required stâ€¦ce nodes for the current kernel...
[[0;32m  OK  [0m] Listening on /dev/initctl Compatibility Named Pipe.
[[0;32m  OK  [0m] Reached target Swap.
[[0;32m  OK  [0m] Started Dispatch Password Requests to Console Directory Watch.
[[0;32m  OK  [0m] Reached target Paths.
[[0;32m  OK  [0m] Reached target Encrypted Volumes.
[[0;32m  OK  [0m] Reached target Remote File Systems.
[[0;32m  OK  [0m] Listening on Journal Audit Socket.
         Starting Journal Service...
[[0;32m  OK  [0m] Created slice system-getty.slice.
[[0;32m  OK  [0m] Mounted POSIX Message Queue File System.
[[0;32m  OK  [0m] Mounted Debug File System.
[[0;32m  OK  [0m] Started Remount Root and Kernel File Systems.
[[0;32m  OK  [0m] Started Load Kernel Modules.
[[0;32m  OK  [0m] Started Create list of required staâ€¦vice nodes for the current kernel.
         Starting Create Static Device Nodes in /dev...
         Starting Apply Kernel Variables...
         Mounting Configuration File System...
         Starting Load/Save Random Seed...
         Starting udev Coldplug all Devices...
[[0;32m  OK  [0m] Mounted Configuration File System.
[[0;32m  OK  [0m] Started Apply Kernel Variables.
[[0;32m  OK  [0m] Started Load/Save Random Seed.
[[0;32m  OK  [0m] Started Create Static Device Nodes in /dev.
[[0;32m  OK  [0m] Reached target Local File Systems (Pre).
[[0;32m  OK  [0m] Reached target Local File Systems.
         Starting Raise network interfaces...
         Starting udev Kernel Device Manager...
[[0;32m  OK  [0m] Started Journal Service.
         Starting Flush Journal to Persistent Storage...
[   11.575102] systemd-journald[88]: Received request to flush runtime journal from PID 1
[[0;32m  OK  [0m] Started Flush Journal to Persistent Storage.
         Starting Create Volatile Files and Directories...
[[0;32m  OK  [0m] Started udev Kernel Device Manager.
[[0;32m  OK  [0m] Started Create Volatile Files and Directories.
         Starting Update UTMP about System Boot/Shutdown...
         Starting Network Time Synchronization...
[[0;32m  OK  [0m] Started Update UTMP about System Boot/Shutdown.
[[0;32m  OK  [0m] Started udev Coldplug all Devices.
[   14.958747] remoteproc remoteproc0: wkup_m3 is available
[   15.035527] am335x-phy-driver 47401300.usb-phy: dummy supplies not allowed for exclusive requests (id=vbus)
[   15.171995] usbcore: registered new interface driver usbfs
[   15.177637] usbcore: registered new interface driver hub
[   15.183165] usbcore: registered new device driver usb
[   15.209264] am335x-phy-driver 47401b00.usb-phy: dummy supplies not allowed for exclusive requests (id=vbus)
[   15.257221] at24 2-0054: supply vcc not found, using dummy regulator
[[0;32m  OK  [0m] Found device /dev/ttyS0.
[   15.378945] at24 2-0055: supply vcc not found, using dummy regulator
[[0;32m  OK  [0m] Started Network Time Synchronization.
[[0;32m  OK  [0m] Reached target System Initialization.
[   15.511485] at24 2-0056: supply vcc not found, using dummy regulator
[[0;32m  OK  [0m] Started Daily Cleanup of Temporary Directori[   15.569022] input: tps65217_pwrbutton as /devices/platform/ocp/44c00000.interconnect/44c00000.interconnect:segment@200000/44e0b000.target-module/44e0b000.i2c/i2c-0/0-0024/tps65217-pwrbutton/input/input0
es.
[   15.655924] at24 2-0057: supply vcc not found, using dummy regulator
[[0;32m  OK  [0m] Listening on D-Bus System Message Bus Socket.
[   15.767694] at24 0-0050: 32768 byte 24c256 EEPROM, writable, 1 bytes/write
[[0;32m  OK  [0m] Listening on Avahi mDNS/DNS-SD Stack Activation Socket.
[[0;32m  OK  [0m] Reached target Sockets.
[[0;32m  OK  [0m] Reached target Basic System.
[   15.953140] omap_rtc 44e3e000.rtc: registered as rtc0
[   15.958600] omap_rtc 44e3e000.rtc: setting system clock to 2000-01-01T00:00:00 UTC (946684800)
[   15.990593] omap_wdt: OMAP Watchdog Timer Rev 0x01: initial timeout 60 sec
         Starting DUN service...
[   16.087711] musb-hdrc musb-hdrc.1: MUSB HDRC host driver
[   16.093401] musb-hdrc musb-hdrc.1: new USB bus registered, assigned bus number 1
         Starting System Logging Service...
[   16.259270] usb usb1: New USB device found, idVendor=1d6b, idProduct=0002, bcdDevice= 6.16
[   16.267924] usb usb1: New USB device strings: Mfr=3, Product=2, SerialNumber=1
[   16.275333] usb usb1: Product: MUSB HDRC host driver
[   16.280330] usb usb1: Manufacturer: Linux 6.16.9-90813-gea2c1f2fff9e musb-hcd
[   16.287561] usb usb1: SerialNumber: musb-hdrc.1
         Starting Cape Manager Service...
         Starting LSB: Start busybox udhcpd at boot time...
[[0;32m  OK  [0m] Started D-Bus System Message Bus.
[   16.715123] hub 1-0:1.0: USB hub found
[   16.771630] hub 1-0:1.0: 1 port detected
[   17.369441] omap-mailbox 480c8000.mailbox: omap mailbox rev 0x400
[   17.498257] remoteproc remoteproc0: powering up wkup_m3
[   17.870247] remoteproc remoteproc0: Direct firmware load for am335x-pm-firmware.elf failed with error -2
[   17.880124] remoteproc remoteproc0: request_firmware failed: -2
[   17.886237] wkup_m3_ipc 44e11324.wkup_m3_ipc: rproc_boot failed
[   18.476233] tda998x 0-0070: found TDA19988
[   19.932335] tilcdc 4830e000.lcdc: bound 0-0070 (ops tda998x_audio_codec_init [tda998x])
[   20.068488] [drm] Initialized tilcdc 1.0.0 for 4830e000.lcdc on minor 0
[   20.102575] omap_rng 48310000.rng: Random Number Generator ver. 20
[   20.152435] tilcdc 4830e000.lcdc: [drm] Cannot find any crtc or sizes
[   20.160697] tilcdc 4830e000.lcdc: [drm] Cannot find any crtc or sizes
[[0;32m  OK  [0m] Started DUN service.
         Starting Connection service...
         Starting Avahi mDNS/DNS-SD Stack...
[   20.849242] PM: Cannot get wkup_m3_ipc handle
         Starting LSB: Load kernel modules needed to enable cpufreq scaling...
[   21.052545] omap-sham 53100000.sham: hw accel on OMAP rev 4.3
[   21.156869] omap-aes 53500000.aes: OMAP AES hw accel rev: 3.2
[   21.165871] omap-sham 53100000.sham: will run requests pump with realtime priority
[   21.175541] PM: Cannot get wkup_m3_ipc handle
[[0;32m  OK  [0m] Started Regular background program processing daemon.
[   21.243243] omap-aes 53500000.aes: will run requests pump with realtime priority
[   21.257318] PM: Cannot get wkup_m3_ipc handle
         Starting Login Service...
         Starting Telephony service...
         Starting Generic Board Startup...
[[0;32m  OK  [0m] Reached target System Time Synchronized.
[[0;32m  OK  [0m] Started Daily apt download activities.
[[0;32m  OK  [0m] Started Daily apt upgrade and clean activities.
[[0;32m  OK  [0m] Reached target Timers.
[[0;32m  OK  [0m] Started System Logging Service.
[[0;32m  OK  [0m] Started Cape Manager Service.
[   24.757109] gpio-537 (nxp,calib): gpiod_direction_output_nonotify: tried to set a GPIO tied to an IRQ as output
[   24.783207] Bluetooth: Core ver 2.22
[   24.787252] NET: Registered PF_BLUETOOTH protocol family
[   24.792773] Bluetooth: HCI device and connection manager initialized
[   24.799193] Bluetooth: HCI socket layer initialized
[   24.804187] Bluetooth: L2CAP socket layer initialized
[   24.809303] Bluetooth: SCO socket layer initialized
[   24.850779] PM: Cannot get wkup_m3_ipc handle
[   25.000056] PM: Cannot get wkup_m3_ipc handle
[   25.053992] tda9950 0-0034: TDA9950 CEC interface, hardware version 3.3
[   25.124857] PM: Cannot get wkup_m3_ipc handle
[[0;32m  OK  [0m] Started LSB: Start busybox udhcpd at boot time.
[[0;32m  OK  [0m] Started Raise network interfaces.
[[0;32m  OK  [0m] Started LSB: Load kernel modules needed to enable cpufreq scaling.
[   28.948551] configfs-gadget.g_multi gadget.0: HOST MAC 1c:ba:8c:a2:ed:6c
[   28.955561] configfs-gadget.g_multi gadget.0: MAC 1c:ba:8c:a2:ed:70
[   28.963240] configfs-gadget.g_multi gadget.0: HOST MAC 1c:ba:8c:a2:ed:6c
[   28.970008] configfs-gadget.g_multi gadget.0: MAC 1c:ba:8c:a2:ed:6d
[   28.977317] PM: Cannot get wkup_m3_ipc handle
[[0;32m  OK  [0m] Started Telephony service.
[[0;32m  OK  [0m] Started Avahi mDNS/DNS-SD Stack.
[[0;32m  OK  [0m] Started Connection service.
[[0;32m  OK  [0m] Started Login Service.
[[0;32m  OK  [0m] Reached target Sound Card.
         Starting LSB: set CPUFreq kernel parameters...
[[0;32m  OK  [0m] Reached target Network.
         Starting The Apache HTTP Server...
         Starting OpenBSD Secure Shell server...
         Starting Permit User Sessions...
[[0;32m  OK  [0m] Reached target Network is Online.
         Starting LSB: Advanced IEEE 802.11 management daemon...
[[0;32m  OK  [0m] Started LSB: Advanced IEEE 802.11 management daemon.
[[0;32m  OK  [0m] Started Permit User Sessions.
         Starting Hostname Service...
         Starting WPA supplicant...
[[0;32m  OK  [0m] Started Serial Getty on ttyS0.
[[0;32m  OK  [0m] Started Getty on tty1.
[[0;32m  OK  [0m] Reached target Login Prompts.
[[0;32m  OK  [0m] Started LSB: set CPUFreq kernel parameters.
[[0;32m  OK  [0m] Started WPA supplicant.
[[0;32m  OK  [0m] Started Hostname Service.
[[0;32m  OK  [0m] Started OpenBSD Secure Shell server.
         Stopping LSB: Start busybox udhcpd at boot time...
[[0;32m  OK  [0m] Stopped LSB: Start busybox udhcpd at boot time.
[[0;32m  OK  [0m] Started The Apache HTTP Server.
         Starting dnsmasq - A lightweight DHCP and caching DNS server...
[[0;32m  OK  [0m] Started dnsmasq - A lightweight DHCP and caching DNS server.
[[0;32m  OK  [0m] Reached target Host and Network Name Lookups.
[[0;32m  OK  [0m] Started Serial Getty on ttyGS0.
[[0;32m  OK  [0m] Started Generic Board Startup.
[[0;32m  OK  [0m] Reached target Multi-User System.
[[0;32m  OK  [0m] Reached target Graphical Interface.
         Starting Update UTMP about System Runlevel Changes...
[[0;32m  OK  [0m] Started Update UTMP about System Runlevel Changes.

Debian GNU/Linux 9 arm ttyS0

default username:password is [debian:temppwd]

arm login: root
Password: 
Last login: Sat Jan  1 00:00:35 UTC 2000 on ttyS0
root
Linux arm 6.16.9-90813-gea2c1f2fff9e #1 SMP Thu Sep 25 14:53:03 EEST 2025 armv7l

The programs included with the Debian GNU/Linux system are free software;
the exact distribution terms for each program are described in the
individual files in /usr/share/doc/*/copyright.

Debian GNU/Linux comes with ABSOLUTELY NO WARRANTY, to the extent
permitted by applicable law.
root@arm:~# root
dmesg -n 1
-bash: root: command not found
root@arm:~# dmesg -n 1
root@arm:~# echo 'HTML''CZMEXB'
HTMLCZMEXB
root@arm:~# run() { echo -n "$MARKER"; sh -c "$@"; echo "$MARKER $?"; }
root@arm:~# echo 'EJQB''BBMWJX'
EJQBBBMWJX
root@arm:~# MARKER='HBCS''JGAGXX' run 'cat /proc/version'
HBCSJGAGXXLinux version 6.16.9-90813-gea2c1f2fff9e (user01@drvtest01) (arm-none-eabi-gcc (Arm GNU Toolchain 14.2.Rel1 (Build arm-14.52)) 14.2.1 20241119, GNU ld (Arm GNU Toolchain 14.2.Rel1 (Build arm-14.52)) 2.43.1.20241119) #1 SMP Thu Sep 25 14:53:03 EEST 2025
HBCSJGAGXX 0
root@arm:~# echo 'FHES''KAJGYF'
FHESKAJGYF
root@arm:~# MARKER='HKPC''FVVVKA' run false
HKPCFVVVKAHKPCFVVVKA 1
root@arm:~# Labgrid Console Logfile for main
Logfile started at 2025-09-25 14:55:36.379531
=== Log starts here ===

root@arm:~# run() { echo -n "$MARKER"; sh -c "$@"; echo "$MARKER $?"; }
root@arm:~# echo 'LMEN''NBXPQO'
LMENNBXPQO
root@arm:~# MARKER='EVLM''CVMUQZ' run 'ls /iio_generic_buffer; echo $?'
EVLMCVMUQZ/iio_generic_buffer
0
EVLMCVMUQZ 0
root@arm:~# Labgrid Console Logfile for main
Logfile started at 2025-09-25 14:55:39.940946
=== Log starts here ===

root@arm:~# run() { echo -n "$MARKER"; sh -c "$@"; echo "$MARKER $?"; }
root@arm:~# echo 'CLNP''UBVNEC'
CLNPUBVNEC
root@arm:~# MARKER='BTCP''WHLGMG' run dmesg
BTCPWHLGMG[    0.000000] Booting Linux on physical CPU 0x0
[    0.000000] Linux version 6.16.9-90813-gea2c1f2fff9e (user01@drvtest01) (arm-none-eabi-gcc (Arm GNU Toolchain 14.2.Rel1 (Build arm-14.52)) 14.2.1 20241119, GNU ld (Arm GNU Toolchain 14.2.Rel1 (Build arm-14.52)) 2.43.1.20241119) #1 SMP Thu Sep 25 14:53:03 EEST 2025
[    0.000000] CPU: ARMv7 Processor [413fc082] revision 2 (ARMv7), cr=10c5387d
[    0.000000] CPU: PIPT / VIPT nonaliasing data cache, VIPT aliasing instruction cache
[    0.000000] OF: fdt: Machine model: TI AM335x BeagleBone Black
[    0.000000] Memory policy: Data cache writeback
[    0.000000] cma: Reserved 16 MiB at 0x9e800000
[    0.000000] Zone ranges:
[    0.000000]   Normal   [mem 0x0000000080000000-0x000000009fdfffff]
[    0.000000]   HighMem  empty
[    0.000000] Movable zone start for each node
[    0.000000] Early memory node ranges
[    0.000000]   node   0: [mem 0x0000000080000000-0x000000009fdfffff]
[    0.000000] Initmem setup node 0 [mem 0x0000000080000000-0x000000009fdfffff]
[    0.000000] On node 0, zone Normal: 512 pages in unavailable ranges
[    0.000000] OF: reserved mem: Reserved memory: No reserved-memory node in the DT
[    0.000000] CPU: All CPU(s) started in SVC mode.
[    0.000000] AM335X ES2.1 (sgx neon)
[    0.000000] percpu: Embedded 17 pages/cpu s39820 r8192 d21620 u69632
[    0.000000] pcpu-alloc: s39820 r8192 d21620 u69632 alloc=17*4096
[    0.000000] pcpu-alloc: [0] 0 
[    0.000000] Kernel command line: console=ttyO0,115200n8 root=/dev/nfs rw nfsroot=192.168.255.126:/home/user01/nfs,nfsvers=3 ip=192.168.255.1:192.168.255.126::255.255.255.0:bbb1:eth0 nfsrootdebug
[    0.000000] Unknown kernel command line parameters "nfsrootdebug", will be passed to user space.
[    0.000000] printk: log buffer data + meta data: 65536 + 204800 = 270336 bytes
[    0.000000] Dentry cache hash table entries: 65536 (order: 6, 262144 bytes, linear)
[    0.000000] Inode-cache hash table entries: 32768 (order: 5, 131072 bytes, linear)
[    0.000000] Built 1 zonelists, mobility grouping on.  Total pages: 130560
[    0.000000] mem auto-init: stack:off, heap alloc:off, heap free:off
[    0.000000] SLUB: HWalign=16, Order=0-3, MinObjects=0, CPUs=1, Nodes=1
[    0.000000] rcu: Hierarchical RCU implementation.
[    0.000000] rcu: 	RCU event tracing is enabled.
[    0.000000] rcu: 	RCU restricting CPUs from NR_CPUS=2 to nr_cpu_ids=1.
[    0.000000] 	Tracing variant of Tasks RCU enabled.
[    0.000000] rcu: RCU calculated value of scheduler-enlistment delay is 10 jiffies.
[    0.000000] rcu: Adjusting geometry for rcu_fanout_leaf=16, nr_cpu_ids=1
[    0.000000] RCU Tasks Trace: Setting shift to 0 and lim to 1 rcu_task_cb_adjust=1 rcu_task_cpu_ids=1.
[    0.000000] NR_IRQS: 16, nr_irqs: 16, preallocated irqs: 16
[    0.000000] IRQ: Found an INTC at 0x(ptrval) (revision 5.0) with 128 interrupts
[    0.000000] rcu: srcu_init: Setting srcu_struct sizes based on contention.
[    0.000000] TI gptimer clocksource: always-on /ocp/interconnect@44c00000/segment@200000/target-module@31000
[    0.000003] sched_clock: 32 bits at 24MHz, resolution 41ns, wraps every 89478484971ns
[    0.000028] clocksource: dmtimer: mask: 0xffffffff max_cycles: 0xffffffff, max_idle_ns: 79635851949 ns
[    0.000507] TI gptimer clockevent: 24000000 Hz at /ocp/interconnect@48000000/segment@0/target-module@40000
[    0.002132] Console: colour dummy device 80x30
[    0.002195] WARNING: Your 'console=ttyO0' has been replaced by 'ttyS0'
[    0.002203] This ensures that you still see kernel messages. Please
[    0.002208] update your kernel commandline.
[    0.002251] Calibrating delay loop... 996.14 BogoMIPS (lpj=4980736)
[    0.090555] CPU: Testing write buffer coherency: ok
[    0.090666] CPU0: Spectre v2: using BPIALL workaround
[    0.090677] pid_max: default: 32768 minimum: 301
[    0.090838] LSM: initializing lsm=capability
[    0.091010] Mount-cache hash table entries: 1024 (order: 0, 4096 bytes, linear)
[    0.091029] Mountpoint-cache hash table entries: 1024 (order: 0, 4096 bytes, linear)
[    0.092660] CPU0: thread -1, cpu 0, socket -1, mpidr 0
[    0.092715] cacheinfo: Unable to detect cache hierarchy for CPU 0
[    0.094740] Setting up static identity map for 0x80100000 - 0x80100078
[    0.095077] rcu: Hierarchical SRCU implementation.
[    0.095089] rcu: 	Max phase no-delay instances is 1000.
[    0.096797] smp: Bringing up secondary CPUs ...
[    0.096849] smp: Brought up 1 node, 1 CPU
[    0.096862] SMP: Total of 1 processors activated (996.14 BogoMIPS).
[    0.096873] CPU: All CPU(s) started in SVC mode.
[    0.097061] Memory: 480820K/522240K available (11264K kernel code, 1221K rwdata, 2924K rodata, 1024K init, 287K bss, 23388K reserved, 16384K cma-reserved, 0K highmem)
[    0.097883] devtmpfs: initialized
[    0.115036] VFP support v0.3: implementor 41 architecture 3 part 30 variant c rev 3
[    0.115666] clocksource: jiffies: mask: 0xffffffff max_cycles: 0xffffffff, max_idle_ns: 19112604462750000 ns
[    0.115723] posixtimers hash table entries: 512 (order: 0, 4096 bytes, linear)
[    0.115747] futex hash table entries: 256 (16384 bytes on 1 NUMA nodes, total 16 KiB, linear).
[    0.116896] pinctrl core: initialized pinctrl subsystem
[    0.118946] NET: Registered PF_NETLINK/PF_ROUTE protocol family
[    0.122049] DMA: preallocated 256 KiB pool for atomic coherent allocations
[    0.123021] audit: initializing netlink subsys (disabled)
[    0.124371] thermal_sys: Registered thermal governor 'fair_share'
[    0.124388] thermal_sys: Registered thermal governor 'step_wise'
[    0.124397] thermal_sys: Registered thermal governor 'user_space'
[    0.124508] audit: type=2000 audit(0.120:1): state=initialized audit_enabled=0 res=1
[    0.124576] cpuidle: using governor menu
[    0.142698] /ocp/interconnect@44c00000/segment@200000/target-module@b000/i2c@0/tda19988@70: Fixed dependency cycle(s) with /ocp/interconnect@48000000/segment@300000/target-module@e000/lcdc@0
[    0.143817] /ocp/interconnect@48000000/segment@300000/target-module@e000/lcdc@0: Fixed dependency cycle(s) with /ocp/interconnect@44c00000/segment@200000/target-module@b000/i2c@0/tda19988@70
[    0.146012] No ATAGs?
[    0.146056] hw-breakpoint: debug architecture 0x4 unsupported.
[    0.148757] kprobes: kprobe jump-optimization is enabled. All kprobes are optimized if possible.
[    0.154066] iommu: Default domain type: Translated
[    0.154088] iommu: DMA domain TLB invalidation policy: strict mode
[    0.155666] reg-fixed-voltage fixedregulator0: using DT '/fixedregulator0' for '(default)' GPIO lookup
[    0.155721] of_get_named_gpiod_flags: can't parse 'gpios' property of node '/fixedregulator0[0]'
[    0.155750] of_get_named_gpiod_flags: can't parse 'gpio' property of node '/fixedregulator0[0]'
[    0.155767] reg-fixed-voltage fixedregulator0: using lookup tables for GPIO lookup
[    0.155777] reg-fixed-voltage fixedregulator0: No GPIO consumer (default) found
[    0.161623] SCSI subsystem initialized
[    0.162106] libata version 3.00 loaded.
[    0.162480] pps_core: LinuxPPS API ver. 1 registered
[    0.162490] pps_core: Software ver. 5.3.6 - Copyright 2005-2007 Rodolfo Giometti <giometti@linux.it>
[    0.162523] PTP clock support registered
[    0.171377] vgaarb: loaded
[    0.171748] clocksource: Switched to clocksource dmtimer
[    0.172411] VFS: Disk quotas dquot_6.6.0
[    0.172469] VFS: Dquot-cache hash table entries: 1024 (order 0, 4096 bytes)
[    0.197517] NET: Registered PF_INET protocol family
[    0.197855] IP idents hash table entries: 8192 (order: 4, 65536 bytes, linear)
[    0.199291] tcp_listen_portaddr_hash hash table entries: 512 (order: 0, 4096 bytes, linear)
[    0.199326] Table-perturb hash table entries: 65536 (order: 6, 262144 bytes, linear)
[    0.199343] TCP established hash table entries: 4096 (order: 2, 16384 bytes, linear)
[    0.199388] TCP bind hash table entries: 4096 (order: 4, 65536 bytes, linear)
[    0.199489] TCP: Hash tables configured (established 4096 bind 4096)
[    0.199606] UDP hash table entries: 256 (order: 1, 14336 bytes, linear)
[    0.199639] UDP-Lite hash table entries: 256 (order: 1, 14336 bytes, linear)
[    0.199827] NET: Registered PF_UNIX/PF_LOCAL protocol family
[    0.212517] RPC: Registered named UNIX socket transport module.
[    0.212540] RPC: Registered udp transport module.
[    0.212545] RPC: Registered tcp transport module.
[    0.212550] RPC: Registered tcp-with-tls transport module.
[    0.212555] RPC: Registered tcp NFSv4.1 backchannel transport module.
[    0.212581] PCI: CLS 0 bytes, default 64
[    0.213958] Initialise system trusted keyrings
[    0.214725] workingset: timestamp_bits=14 max_order=17 bucket_order=3
[    0.216422] NFS: Registering the id_resolver key type
[    0.216490] Key type id_resolver registered
[    0.216498] Key type id_legacy registered
[    0.216605] jffs2: version 2.2. (NAND) (SUMMARY)  Â© 2001-2006 Red Hat, Inc.
[    0.217080] Key type asymmetric registered
[    0.217095] Asymmetric key parser 'x509' registered
[    0.217167] io scheduler mq-deadline registered
[    0.217176] io scheduler kyber registered
[    0.217244] io scheduler bfq registered
[    0.219110] target-module@4b000000:target-module@140000:pmu@0:fck: device ID is greater than 24
[    0.225264] l3-aon-clkctrl:0000:0: failed to disable
[    0.232283] ledtrig-cpu: registered to indicate activity on CPUs
[    0.235125] Serial: 8250/16550 driver, 6 ports, IRQ sharing enabled
[    0.292089] brd: module loaded
[    0.300731] loop: module loaded
[    0.301658] mtdoops: mtd device (mtddev=name/number) must be supplied
[    0.303580] mdio_bus fixed-0: using lookup tables for GPIO lookup
[    0.303607] mdio_bus fixed-0: No GPIO consumer reset found
[    0.304967] i2c_dev: i2c /dev entries driver
[    0.305953] cpuidle: enable-method property 'ti,am3352' found operations
[    0.306402] sdhci: Secure Digital Host Controller Interface driver
[    0.306413] sdhci: Copyright(c) Pierre Ossman
[    0.306587] sdhci-pltfm: SDHCI platform and OF driver helper
[    0.314832] hw perfevents: enabled with armv7_cortex_a8 PMU driver, 5 (8000000f) counters available
[    0.315361] Initializing XFRM netlink socket
[    0.315542] NET: Registered PF_INET6 protocol family
[    0.321189] l3-aon-clkctrl:0000:0: failed to disable
[    0.336141] Segment Routing with IPv6
[    0.336226] In-situ OAM (IOAM) with IPv6
[    0.336321] sit: IPv6, IPv4 and MPLS over IPv4 tunneling driver
[    0.337282] NET: Registered PF_PACKET protocol family
[    0.337311] NET: Registered PF_KEY protocol family
[    0.337427] Key type dns_resolver registered
[    0.337653] ThumbEE CPU extension supported.
[    0.337671] Registering SWP/SWPB emulation handler
[    0.338212] omap_voltage_late_init: Voltage driver support not added
[    0.338904] SmartReflex Class3 initialized
[    0.364063] Loading compiled-in X.509 certificates
[    0.406681] /ocp/interconnect@44c00000/segment@200000/target-module@b000/i2c@0/tda19988@70: Fixed dependency cycle(s) with /ocp/interconnect@48000000/segment@300000/target-module@e000/lcdc@0
[    0.413252] /ocp/interconnect@44c00000/segment@200000/target-module@b000/i2c@0/tda19988@70: Fixed dependency cycle(s) with /ocp/interconnect@48000000/segment@300000/target-module@e000/lcdc@0
[    0.418812] gpiochip_find_base_unlocked: found new base at 512
[    0.452546] /ocp/interconnect@44c00000/segment@200000/target-module@b000/i2c@0/tda19988@70: Fixed dependency cycle(s) with /ocp/interconnect@48000000/segment@300000/target-module@e000/lcdc@0
[    0.453479] /ocp/interconnect@44c00000/segment@200000/target-module@b000/i2c@0/tda19988@70: Fixed dependency cycle(s) with /ocp/interconnect@48000000/segment@300000/target-module@e000/lcdc@0
[    0.456975] /ocp/interconnect@44c00000/segment@200000/target-module@10000/scm@0/pinmux@800: Fixed dependency cycle(s) with /ocp/interconnect@44c00000/segment@200000/target-module@10000/scm@0/pinmux@800/clkout2-pins
[    0.457563] pinctrl-single 44e10800.pinmux: 142 pins, size 568
[    0.463030] ti-sysc 44e31000.target-module: probe with driver ti-sysc failed with error -16
[    0.503467] /ocp/interconnect@48000000/segment@300000/target-module@e000/lcdc@0: Fixed dependency cycle(s) with /ocp/interconnect@44c00000/segment@200000/target-module@b000/i2c@0/tda19988@70
[    0.511529] ti-sysc 48040000.target-module: probe with driver ti-sysc failed with error -16
[    0.523096] gpiochip_find_base_unlocked: found new base at 512
[    0.523195] gpio gpiochip0: (gpio-0-31): created GPIO range 0->7 ==> 44e10800.pinmux PIN 0->7
[    0.523215] gpio gpiochip0: (gpio-0-31): created GPIO range 8->11 ==> 44e10800.pinmux PIN 90->93
[    0.523231] gpio gpiochip0: (gpio-0-31): created GPIO range 12->27 ==> 44e10800.pinmux PIN 12->27
[    0.523246] gpio gpiochip0: (gpio-0-31): created GPIO range 28->31 ==> 44e10800.pinmux PIN 30->33
[    0.560684] gpio gpiochip0: (gpio-0-31): added GPIO chardev (254:0)
[    0.560835] gpio gpiochip0: registered GPIOs 512 to 543 on gpio-0-31
[    0.560922] OMAP GPIO hardware version 0.1
[    0.584916] i2c i2c-2: using DT '/ocp/interconnect@48000000/segment@100000/target-module@9c000/i2c@0' for 'scl' GPIO lookup
[    0.584989] of_get_named_gpiod_flags: can't parse 'scl-gpios' property of node '/ocp/interconnect@48000000/segment@100000/target-module@9c000/i2c@0[0]'
[    0.585031] of_get_named_gpiod_flags: can't parse 'scl-gpio' property of node '/ocp/interconnect@48000000/segment@100000/target-module@9c000/i2c@0[0]'
[    0.585066] i2c i2c-2: using lookup tables for GPIO lookup
[    0.585075] i2c i2c-2: No GPIO consumer scl found
[    0.585096] i2c i2c-2: using DT '/ocp/interconnect@48000000/segment@100000/target-module@9c000/i2c@0' for 'sda' GPIO lookup
[    0.585131] of_get_named_gpiod_flags: can't parse 'sda-gpios' property of node '/ocp/interconnect@48000000/segment@100000/target-module@9c000/i2c@0[0]'
[    0.585167] of_get_named_gpiod_flags: can't parse 'sda-gpio' property of node '/ocp/interconnect@48000000/segment@100000/target-module@9c000/i2c@0[0]'
[    0.585197] i2c i2c-2: using lookup tables for GPIO lookup
[    0.585205] i2c i2c-2: No GPIO consumer sda found
[    0.585928] omap_i2c 4819c000.i2c: bus 2 rev0.11 at 100 kHz
[    0.591519] gpiochip_find_base_unlocked: found new base at 544
[    0.591622] gpio gpiochip1: (gpio-32-63): created GPIO range 0->17 ==> 44e10800.pinmux PIN 34->51
[    0.591643] gpio gpiochip1: (gpio-32-63): created GPIO range 18->21 ==> 44e10800.pinmux PIN 77->80
[    0.591659] gpio gpiochip1: (gpio-32-63): created GPIO range 22->31 ==> 44e10800.pinmux PIN 56->65
[    0.606978] gpio gpiochip1: (gpio-32-63): added GPIO chardev (254:1)
[    0.607133] gpio gpiochip1: registered GPIOs 544 to 575 on gpio-32-63
[    0.609438] gpiochip_find_base_unlocked: found new base at 576
[    0.609531] gpio gpiochip2: (gpio-64-95): created GPIO range 0->4 ==> 44e10800.pinmux PIN 66->70
[    0.609552] gpio gpiochip2: (gpio-64-95): created GPIO range 5->6 ==> 44e10800.pinmux PIN 98->99
[    0.609567] gpio gpiochip2: (gpio-64-95): created GPIO range 7->8 ==> 44e10800.pinmux PIN 75->76
[    0.609583] gpio gpiochip2: (gpio-64-95): created GPIO range 13->13 ==> 44e10800.pinmux PIN 141->141
[    0.609599] gpio gpiochip2: (gpio-64-95): created GPIO range 14->21 ==> 44e10800.pinmux PIN 100->107
[    0.610247] gpio gpiochip2: (gpio-64-95): added GPIO chardev (254:2)
[    0.610391] gpio gpiochip2: registered GPIOs 576 to 607 on gpio-64-95
[    0.616332] 48000000.interconnect:segment@200000:target-module@0:mpu@0:fck: device ID is greater than 24
[    0.617226] /ocp/interconnect@48000000/segment@300000/target-module@e000/lcdc@0: Fixed dependency cycle(s) with /ocp/interconnect@44c00000/segment@200000/target-module@b000/i2c@0/tda19988@70
[    0.620048] /ocp/interconnect@48000000/segment@300000/target-module@e000/lcdc@0: Fixed dependency cycle(s) with /ocp/interconnect@44c00000/segment@200000/target-module@b000/i2c@0/tda19988@70
[    0.620752] /ocp/interconnect@44c00000/segment@200000/target-module@b000/i2c@0/tda19988@70: Fixed dependency cycle(s) with /ocp/interconnect@48000000/segment@300000/target-module@e000/lcdc@0
[    0.620909] /ocp/interconnect@48000000/segment@300000/target-module@e000/lcdc@0: Fixed dependency cycle(s) with /ocp/interconnect@44c00000/segment@200000/target-module@b000/i2c@0/tda19988@70
[    0.630697] mdio_bus 4a101000.mdio: using DT '/ocp/interconnect@4a000000/segment@0/target-module@100000/switch@0/mdio@1000' for 'reset' GPIO lookup
[    0.630780] of_get_named_gpiod_flags: can't parse 'reset-gpios' property of node '/ocp/interconnect@4a000000/segment@0/target-module@100000/switch@0/mdio@1000[0]'
[    0.630828] of_get_named_gpiod_flags: can't parse 'reset-gpio' property of node '/ocp/interconnect@4a000000/segment@0/target-module@100000/switch@0/mdio@1000[0]'
[    0.630874] mdio_bus 4a101000.mdio: using lookup tables for GPIO lookup
[    0.630884] mdio_bus 4a101000.mdio: No GPIO consumer reset found
[    0.632211] sdhci-omap 481d8000.mmc: using DT '/ocp/interconnect@48000000/segment@100000/target-module@d8000/mmc@0' for 'wp' GPIO lookup
[    0.632275] of_get_named_gpiod_flags: can't parse 'wp-gpios' property of node '/ocp/interconnect@48000000/segment@100000/target-module@d8000/mmc@0[0]'
[    0.632318] of_get_named_gpiod_flags: can't parse 'wp-gpio' property of node '/ocp/interconnect@48000000/segment@100000/target-module@d8000/mmc@0[0]'
[    0.632352] sdhci-omap 481d8000.mmc: using lookup tables for GPIO lookup
[    0.632361] sdhci-omap 481d8000.mmc: No GPIO consumer wp found
[    0.632569] sdhci-omap 481d8000.mmc: supply pbias not found, using dummy regulator
[    0.633264] sdhci-omap 481d8000.mmc: supply vqmmc not found, using dummy regulator
[    0.675605] davinci_mdio 4a101000.mdio: davinci mdio revision 1.6, bus freq 1000000
[    0.697514] mdio_bus 4a101000.mdio:00: using DT '/ocp/interconnect@4a000000/segment@0/target-module@100000/switch@0/mdio@1000/ethernet-phy@0' for 'reset' GPIO lookup
[    0.697616] of_get_named_gpiod_flags: parsed 'reset-gpios' property of node '/ocp/interconnect@4a000000/segment@0/target-module@100000/switch@0/mdio@1000/ethernet-phy@0[0]' - status (0)
[    0.697778] gpio gpiochip0: Persistence not supported for GPIO 8
[    0.837588] davinci_mdio 4a101000.mdio: phy[0]: device 4a101000.mdio:00, driver SMSC LAN8710/LAN8720
[    0.838361] cpsw-switch 4a100000.switch: initialized cpsw ale version 1.4
[    0.838381] cpsw-switch 4a100000.switch: ALE Table size 1024, Policers 0
[    0.845450] cpsw-switch 4a100000.switch: cpts: overflow check period 500 (jiffies)
[    0.845472] cpsw-switch 4a100000.switch: CPTS: ref_clk_freq:250000000 calc_mult:2147483648 calc_shift:29 error:0 nsec/sec
[    0.845593] cpsw-switch 4a100000.switch: Detected MACID = 6c:ec:eb:68:de:78
[    0.847465] cpsw-switch 4a100000.switch: initialized (regs 0x4a100000, pool size 256) hw_ver:0019010C 1.12 (0)
[    0.858527] debugfs: Directory '49000000.dma' with parent 'dmaengine' already present!
[    0.858568] edma 49000000.dma: TI EDMA DMA engine driver
[    0.907509] gpio-clk clk_mcasp0: using DT '/clk_mcasp0' for 'enable' GPIO lookup
[    0.907583] of_get_named_gpiod_flags: parsed 'enable-gpios' property of node '/clk_mcasp0[0]' - status (0)
[    0.907626] gpio gpiochip0: Persistence not supported for GPIO 27
[    0.908510] gpiochip_find_base_unlocked: found new base at 608
[    0.908620] gpio gpiochip3: (gpio-96-127): created GPIO range 0->7 ==> 44e10800.pinmux PIN 82->89
[    0.908640] gpio gpiochip3: (gpio-96-127): created GPIO range 8->11 ==> 44e10800.pinmux PIN 52->55
[    0.908656] gpio gpiochip3: (gpio-96-127): created GPIO range 12->15 ==> 44e10800.pinmux PIN 94->97
[    0.908671] gpio gpiochip3: (gpio-96-127): created GPIO range 16->17 ==> 44e10800.pinmux PIN 71->72
[    0.908687] gpio gpiochip3: (gpio-96-127): created GPIO range 18->18 ==> 44e10800.pinmux PIN 135->135
[    0.908703] gpio gpiochip3: (gpio-96-127): created GPIO range 19->20 ==> 44e10800.pinmux PIN 108->109
[    0.908719] gpio gpiochip3: (gpio-96-127): created GPIO range 21->21 ==> 44e10800.pinmux PIN 73->73
[    0.908736] gpio gpiochip3: (gpio-96-127): created GPIO range 22->23 ==> 44e10800.pinmux PIN 8->9
[    0.908753] gpio gpiochip3: (gpio-96-127): created GPIO range 26->27 ==> 44e10800.pinmux PIN 10->11
[    0.908770] gpio gpiochip3: (gpio-96-127): created GPIO range 28->28 ==> 44e10800.pinmux PIN 74->74
[    0.908788] gpio gpiochip3: (gpio-96-127): created GPIO range 29->29 ==> 44e10800.pinmux PIN 81->81
[    0.908806] gpio gpiochip3: (gpio-96-127): created GPIO range 30->31 ==> 44e10800.pinmux PIN 28->29
[    0.920650] gpio gpiochip3: (gpio-96-127): added GPIO chardev (254:3)
[    0.920838] gpio gpiochip3: registered GPIOs 608 to 639 on gpio-96-127
[    0.922960] omap8250 44e09000.serial: using DT '/ocp/interconnect@44c00000/segment@200000/target-module@9000/serial@0' for 'rs485-term' GPIO lookup
[    0.923029] of_get_named_gpiod_flags: can't parse 'rs485-term-gpios' property of node '/ocp/interconnect@44c00000/segment@200000/target-module@9000/serial@0[0]'
[    0.923073] of_get_named_gpiod_flags: can't parse 'rs485-term-gpio' property of node '/ocp/interconnect@44c00000/segment@200000/target-module@9000/serial@0[0]'
[    0.923108] omap8250 44e09000.serial: using lookup tables for GPIO lookup
[    0.923118] omap8250 44e09000.serial: No GPIO consumer rs485-term found
[    0.923128] omap8250 44e09000.serial: using DT '/ocp/interconnect@44c00000/segment@200000/target-module@9000/serial@0' for 'rs485-rx-during-tx' GPIO lookup
[    0.923163] of_get_named_gpiod_flags: can't parse 'rs485-rx-during-tx-gpios' property of node '/ocp/interconnect@44c00000/segment@200000/target-module@9000/serial@0[0]'
[    0.923199] of_get_named_gpiod_flags: can't parse 'rs485-rx-during-tx-gpio' property of node '/ocp/interconnect@44c00000/segment@200000/target-module@9000/serial@0[0]'
[    0.923230] omap8250 44e09000.serial: using lookup tables for GPIO lookup
[    0.923238] omap8250 44e09000.serial: No GPIO consumer rs485-rx-during-tx found
[    0.923665] 44e09000.serial: ttyS0 at MMIO 0x44e09000 (irq = 34, base_baud = 3000000) is a 8250
[    0.923756] printk: legacy console [ttyS0] enabled
[    2.381125] i2c i2c-0: using DT '/ocp/interconnect@44c00000/segment@200000/target-module@b000/i2c@0' for 'scl' GPIO lookup
[    2.381214] of_get_named_gpiod_flags: can't parse 'scl-gpios' property of node '/ocp/interconnect@44c00000/segment@200000/target-module@b000/i2c@0[0]'
[    2.381259] of_get_named_gpiod_flags: can't parse 'scl-gpio' property of node '/ocp/interconnect@44c00000/segment@200000/target-module@b000/i2c@0[0]'
[    2.381299] i2c i2c-0: using lookup tables for GPIO lookup
[    2.381313] i2c i2c-0: No GPIO consumer scl found
[    2.381337] i2c i2c-0: using DT '/ocp/interconnect@44c00000/segment@200000/target-module@b000/i2c@0' for 'sda' GPIO lookup
[    2.381375] of_get_named_gpiod_flags: can't parse 'sda-gpios' property of node '/ocp/interconnect@44c00000/segment@200000/target-module@b000/i2c@0[0]'
[    2.381415] of_get_named_gpiod_flags: can't parse 'sda-gpio' property of node '/ocp/interconnect@44c00000/segment@200000/target-module@b000/i2c@0[0]'
[    2.381450] i2c i2c-0: using lookup tables for GPIO lookup
[    2.381462] i2c i2c-0: No GPIO consumer sda found
[    2.402753] tps65217-pmic: Failed to locate of_node [id: -1]
[    2.408815] tps65217-bl: Failed to locate of_node [id: -1]
[    2.414842] platform tps65217-charger: DMA mask not set
[    2.420893] platform tps65217-pwrbutton: DMA mask not set
[    2.428265] tps65217 0-0024: TPS65217 ID 0xe version 1.2
[    2.434407] /ocp/interconnect@48000000/segment@300000/target-module@e000/lcdc@0: Fixed dependency cycle(s) with /ocp/interconnect@44c00000/segment@200000/target-module@b000/i2c@0/tda19988@70
[    2.451819] /ocp/interconnect@44c00000/segment@200000/target-module@b000/i2c@0/tda19988@70: Fixed dependency cycle(s) with /ocp/interconnect@48000000/segment@300000/target-module@e000/lcdc@0
[    2.469169] omap_i2c 44e0b000.i2c: bus 0 rev0.11 at 400 kHz
[    2.476823] sdhci-omap 48060000.mmc: using DT '/ocp/interconnect@48000000/segment@0/target-module@60000/mmc@0' for 'cd' GPIO lookup
[    2.476932] of_get_named_gpiod_flags: parsed 'cd-gpios' property of node '/ocp/interconnect@48000000/segment@0/target-module@60000/mmc@0[0]' - status (0)
[    2.477000] gpio gpiochip3: Persistence not supported for GPIO 6
[    2.477025] omap_gpio 44e07000.gpio: Could not set line 6 debounce to 200000 microseconds (-22)
[    2.485943] sdhci-omap 48060000.mmc: Got CD GPIO
[    2.490599] sdhci-omap 48060000.mmc: using DT '/ocp/interconnect@48000000/segment@0/target-module@60000/mmc@0' for 'wp' GPIO lookup
[    2.490650] of_get_named_gpiod_flags: can't parse 'wp-gpios' property of node '/ocp/interconnect@48000000/segment@0/target-module@60000/mmc@0[0]'
[    2.490693] of_get_named_gpiod_flags: can't parse 'wp-gpio' property of node '/ocp/interconnect@48000000/segment@0/target-module@60000/mmc@0[0]'
[    2.490731] sdhci-omap 48060000.mmc: using lookup tables for GPIO lookup
[    2.490744] sdhci-omap 48060000.mmc: No GPIO consumer wp found
[    2.490958] sdhci-omap 48060000.mmc: supply pbias not found, using dummy regulator
[    2.499755] sdhci-omap 481d8000.mmc: using DT '/ocp/interconnect@48000000/segment@100000/target-module@d8000/mmc@0' for 'wp' GPIO lookup
[    2.499830] of_get_named_gpiod_flags: can't parse 'wp-gpios' property of node '/ocp/interconnect@48000000/segment@100000/target-module@d8000/mmc@0[0]'
[    2.499878] of_get_named_gpiod_flags: can't parse 'wp-gpio' property of node '/ocp/interconnect@48000000/segment@100000/target-module@d8000/mmc@0[0]'
[    2.499916] sdhci-omap 481d8000.mmc: using lookup tables for GPIO lookup
[    2.499929] sdhci-omap 481d8000.mmc: No GPIO consumer wp found
[    2.500892] sdhci-omap 48060000.mmc: supply vqmmc not found, using dummy regulator
[    2.510003] sdhci-omap 481d8000.mmc: supply pbias not found, using dummy regulator
[    2.519699] sdhci-omap 481d8000.mmc: supply vqmmc not found, using dummy regulator
[    2.555584] mmc0: SDHCI controller on 48060000.mmc [48060000.mmc] using External DMA
[    2.563895] mmc1: SDHCI controller on 481d8000.mmc [481d8000.mmc] using External DMA
[    2.572624] cpsw-switch 4a100000.switch: starting ndev. mode: dual_mac
[    2.642186] mmc1: new high speed MMC card at address 0001
[    2.649010] mmcblk1: mmc1:0001 MMC04G 3.60 GiB
[    2.656956]  mmcblk1: p1 p2
[    2.660710] SMSC LAN8710/LAN8720 4a101000.mdio:00: attached PHY driver (mii_bus:phy_addr=4a101000.mdio:00, irq=POLL)
[    2.673330] mmcblk1boot0: mmc1:0001 MMC04G 2.00 MiB
[    2.687157] mmcblk1boot1: mmc1:0001 MMC04G 2.00 MiB
[    2.696125] mmcblk1rpmb: mmc1:0001 MMC04G 128 KiB, chardev (250:0)
[    2.744884] mmc0: new high speed SDHC card at address aaaa
[    2.751688] mmcblk0: mmc0:aaaa SE32G 29.7 GiB
[    2.760877]  mmcblk0: p1 p2
[    5.842536] cpsw-switch 4a100000.switch eth0: Link is Up - 100Mbps/Full - flow control off
[    5.882006] IP-Config: Complete:
[    5.885283]      device=eth0, hwaddr=6c:ec:eb:68:de:78, ipaddr=192.168.255.1, mask=255.255.255.0, gw=255.255.255.255
[    5.895948]      host=bbb1, domain=, nis-domain=(none)
[    5.901116]      bootserver=192.168.255.126, rootserver=192.168.255.126, rootpath=
[    5.901536] clk: Disabling unused clocks
[    5.913375] PM: genpd: Disabling unused power domains
[    5.918493] KTAP version 1
[    5.921216] 1..0
[    5.949292] VFS: Mounted root (nfs filesystem) on device 0:17.
[    5.956316] devtmpfs: mounted
[    5.960817] Freeing unused kernel image (initmem) memory: 1024K
[    5.967776] Run /sbin/init as init process
[    5.971990]   with arguments:
[    5.972006]     /sbin/init
[    5.972015]     nfsrootdebug
[    5.972025]   with environment:
[    5.972034]     HOME=/
[    5.972043]     TERM=linux
[    6.668097] systemd[1]: System time before build time, advancing clock.
[    8.131773] random: crng init done
[    8.144287] systemd[1]: systemd 232 running in system mode. (+PAM +AUDIT +SELINUX +IMA +APPARMOR +SMACK +SYSVINIT +UTMP +LIBCRYPTSETUP +GCRYPT +GNUTLS +ACL +XZ +LZ4 +SECCOMP +BLKID +ELFUTILS +KMOD +IDN)
[    8.163390] systemd[1]: Detected architecture arm.
[    8.194902] systemd[1]: Set hostname to <arm>.
[    9.295667] systemd[1]: Created slice System Slice.
[    9.313661] systemd[1]: systemd-journald-dev-log.socket: SO_PASSSEC failed: Operation not supported
[    9.323320] systemd[1]: Listening on Journal Socket (/dev/log).
[    9.352400] systemd[1]: systemd-journald.socket: SO_PASSSEC failed: Operation not supported
[    9.361034] systemd[1]: systemd-journald.socket: SO_PASSSEC failed: Operation not supported
[    9.369842] systemd[1]: Listening on Journal Socket.
[    9.422360] systemd[1]: Mounting Debug File System...
[   11.575102] systemd-journald[88]: Received request to flush runtime journal from PID 1
[   14.226703] leds-gpio leds: using DT '/leds/led2' for '(default)' GPIO lookup
[   14.226813] of_get_named_gpiod_flags: parsed 'gpios' property of node '/leds/led2[0]' - status (0)
[   14.226873] gpio gpiochip0: Persistence not supported for GPIO 21
[   14.226888] gpio-533 (?): no flags found for GPIO (default)
[   14.296746] leds-gpio leds: using DT '/leds/led3' for '(default)' GPIO lookup
[   14.297025] of_get_named_gpiod_flags: parsed 'gpios' property of node '/leds/led3[0]' - status (0)
[   14.297097] gpio gpiochip0: Persistence not supported for GPIO 22
[   14.297114] gpio-534 (?): no flags found for GPIO (default)
[   14.322475] leds-gpio leds: using DT '/leds/led4' for '(default)' GPIO lookup
[   14.322571] of_get_named_gpiod_flags: parsed 'gpios' property of node '/leds/led4[0]' - status (0)
[   14.322622] gpio gpiochip0: Persistence not supported for GPIO 23
[   14.322638] gpio-535 (?): no flags found for GPIO (default)
[   14.378783] leds-gpio leds: using DT '/leds/led5' for '(default)' GPIO lookup
[   14.378887] of_get_named_gpiod_flags: parsed 'gpios' property of node '/leds/led5[0]' - status (0)
[   14.378941] gpio gpiochip0: Persistence not supported for GPIO 24
[   14.378957] gpio-536 (?): no flags found for GPIO (default)
[   14.958747] remoteproc remoteproc0: wkup_m3 is available
[   15.035073] am335x-phy-driver 47401300.usb-phy: using DT '/ocp/target-module@47400000/usb-phy@1300' for 'reset' GPIO lookup
[   15.035168] of_get_named_gpiod_flags: can't parse 'reset-gpios' property of node '/ocp/target-module@47400000/usb-phy@1300[0]'
[   15.035214] of_get_named_gpiod_flags: can't parse 'reset-gpio' property of node '/ocp/target-module@47400000/usb-phy@1300[0]'
[   15.035251] am335x-phy-driver 47401300.usb-phy: using lookup tables for GPIO lookup
[   15.035265] am335x-phy-driver 47401300.usb-phy: No GPIO consumer reset found
[   15.035280] am335x-phy-driver 47401300.usb-phy: using DT '/ocp/target-module@47400000/usb-phy@1300' for 'vbus-detect' GPIO lookup
[   15.035311] of_get_named_gpiod_flags: can't parse 'vbus-detect-gpios' property of node '/ocp/target-module@47400000/usb-phy@1300[0]'
[   15.035342] of_get_named_gpiod_flags: can't parse 'vbus-detect-gpio' property of node '/ocp/target-module@47400000/usb-phy@1300[0]'
[   15.035368] am335x-phy-driver 47401300.usb-phy: using lookup tables for GPIO lookup
[   15.035380] am335x-phy-driver 47401300.usb-phy: No GPIO consumer vbus-detect found
[   15.035527] am335x-phy-driver 47401300.usb-phy: dummy supplies not allowed for exclusive requests (id=vbus)
[   15.171995] usbcore: registered new interface driver usbfs
[   15.177637] usbcore: registered new interface driver hub
[   15.183165] usbcore: registered new device driver usb
[   15.208814] am335x-phy-driver 47401b00.usb-phy: using DT '/ocp/target-module@47400000/usb-phy@1b00' for 'reset' GPIO lookup
[   15.208909] of_get_named_gpiod_flags: can't parse 'reset-gpios' property of node '/ocp/target-module@47400000/usb-phy@1b00[0]'
[   15.208951] of_get_named_gpiod_flags: can't parse 'reset-gpio' property of node '/ocp/target-module@47400000/usb-phy@1b00[0]'
[   15.208987] am335x-phy-driver 47401b00.usb-phy: using lookup tables for GPIO lookup
[   15.209001] am335x-phy-driver 47401b00.usb-phy: No GPIO consumer reset found
[   15.209015] am335x-phy-driver 47401b00.usb-phy: using DT '/ocp/target-module@47400000/usb-phy@1b00' for 'vbus-detect' GPIO lookup
[   15.209044] of_get_named_gpiod_flags: can't parse 'vbus-detect-gpios' property of node '/ocp/target-module@47400000/usb-phy@1b00[0]'
[   15.209077] of_get_named_gpiod_flags: can't parse 'vbus-detect-gpio' property of node '/ocp/target-module@47400000/usb-phy@1b00[0]'
[   15.209103] am335x-phy-driver 47401b00.usb-phy: using lookup tables for GPIO lookup
[   15.209115] am335x-phy-driver 47401b00.usb-phy: No GPIO consumer vbus-detect found
[   15.209264] am335x-phy-driver 47401b00.usb-phy: dummy supplies not allowed for exclusive requests (id=vbus)
[   15.257221] at24 2-0054: supply vcc not found, using dummy regulator
[   15.378945] at24 2-0055: supply vcc not found, using dummy regulator
[   15.511485] at24 2-0056: supply vcc not found, using dummy regulator
[   15.569022] input: tps65217_pwrbutton as /devices/platform/ocp/44c00000.interconnect/44c00000.interconnect:segment@200000/44e0b000.target-module/44e0b000.i2c/i2c-0/0-0024/tps65217-pwrbutton/input/input0
[   15.655924] at24 2-0057: supply vcc not found, using dummy regulator
[   15.766681] at24 0-0050: using DT '/ocp/interconnect@44c00000/segment@200000/target-module@b000/i2c@0/eeprom@50' for 'wp' GPIO lookup
[   15.766864] of_get_named_gpiod_flags: can't parse 'wp-gpios' property of node '/ocp/interconnect@44c00000/segment@200000/target-module@b000/i2c@0/eeprom@50[0]'
[   15.766975] of_get_named_gpiod_flags: can't parse 'wp-gpio' property of node '/ocp/interconnect@44c00000/segment@200000/target-module@b000/i2c@0/eeprom@50[0]'
[   15.767071] at24 0-0050: using lookup tables for GPIO lookup
[   15.767086] at24 0-0050: No GPIO consumer wp found
[   15.767694] at24 0-0050: 32768 byte 24c256 EEPROM, writable, 1 bytes/write
[   15.953140] omap_rtc 44e3e000.rtc: registered as rtc0
[   15.958600] omap_rtc 44e3e000.rtc: setting system clock to 2000-01-01T00:00:00 UTC (946684800)
[   15.967408] omap_rtc 44e3e000.rtc: using DT '/ocp/interconnect@44c00000/segment@200000/target-module@3e000/rtc@0' for 'wp' GPIO lookup
[   15.967483] of_get_named_gpiod_flags: can't parse 'wp-gpios' property of node '/ocp/interconnect@44c00000/segment@200000/target-module@3e000/rtc@0[0]'
[   15.967534] of_get_named_gpiod_flags: can't parse 'wp-gpio' property of node '/ocp/interconnect@44c00000/segment@200000/target-module@3e000/rtc@0[0]'
[   15.967574] omap_rtc 44e3e000.rtc: using lookup tables for GPIO lookup
[   15.967588] omap_rtc 44e3e000.rtc: No GPIO consumer wp found
[   15.990593] omap_wdt: OMAP Watchdog Timer Rev 0x01: initial timeout 60 sec
[   16.087711] musb-hdrc musb-hdrc.1: MUSB HDRC host driver
[   16.093401] musb-hdrc musb-hdrc.1: new USB bus registered, assigned bus number 1
[   16.259270] usb usb1: New USB device found, idVendor=1d6b, idProduct=0002, bcdDevice= 6.16
[   16.267924] usb usb1: New USB device strings: Mfr=3, Product=2, SerialNumber=1
[   16.275333] usb usb1: Product: MUSB HDRC host driver
[   16.280330] usb usb1: Manufacturer: Linux 6.16.9-90813-gea2c1f2fff9e musb-hcd
[   16.287561] usb usb1: SerialNumber: musb-hdrc.1
[   16.715123] hub 1-0:1.0: USB hub found
[   16.771630] hub 1-0:1.0: 1 port detected
[   17.369441] omap-mailbox 480c8000.mailbox: omap mailbox rev 0x400
[   17.498257] remoteproc remoteproc0: powering up wkup_m3
[   17.870247] remoteproc remoteproc0: Direct firmware load for am335x-pm-firmware.elf failed with error -2
[   17.880124] remoteproc remoteproc0: request_firmware failed: -2
[   17.886237] wkup_m3_ipc 44e11324.wkup_m3_ipc: rproc_boot failed
[   18.476233] tda998x 0-0070: found TDA19988
[   19.932335] tilcdc 4830e000.lcdc: bound 0-0070 (ops tda998x_audio_codec_init [tda998x])
[   20.068488] [drm] Initialized tilcdc 1.0.0 for 4830e000.lcdc on minor 0
[   20.102575] omap_rng 48310000.rng: Random Number Generator ver. 20
[   20.152435] tilcdc 4830e000.lcdc: [drm] Cannot find any crtc or sizes
[   20.160697] tilcdc 4830e000.lcdc: [drm] Cannot find any crtc or sizes
[   20.849242] PM: Cannot get wkup_m3_ipc handle
[   21.052545] omap-sham 53100000.sham: hw accel on OMAP rev 4.3
[   21.156869] omap-aes 53500000.aes: OMAP AES hw accel rev: 3.2
[   21.165871] omap-sham 53100000.sham: will run requests pump with realtime priority
[   21.175541] PM: Cannot get wkup_m3_ipc handle
[   21.243243] omap-aes 53500000.aes: will run requests pump with realtime priority
[   21.257318] PM: Cannot get wkup_m3_ipc handle
[   24.749633] tda998x 0-0070: using DT '/ocp/interconnect@44c00000/segment@200000/target-module@b000/i2c@0/tda19988@70' for 'nxp,calib' GPIO lookup
[   24.749959] of_get_named_gpiod_flags: parsed 'nxp,calib-gpios' property of node '/ocp/interconnect@44c00000/segment@200000/target-module@b000/i2c@0/tda19988@70[0]' - status (0)
[   24.750055] gpio gpiochip0: Persistence not supported for GPIO 25
[   24.750070] gpio-537 (nxp,calib): no flags found for GPIO nxp,calib
[   24.757109] gpio-537 (nxp,calib): gpiod_direction_output_nonotify: tried to set a GPIO tied to an IRQ as output
[   24.783207] Bluetooth: Core ver 2.22
[   24.787252] NET: Registered PF_BLUETOOTH protocol family
[   24.792773] Bluetooth: HCI device and connection manager initialized
[   24.799193] Bluetooth: HCI socket layer initialized
[   24.804187] Bluetooth: L2CAP socket layer initialized
[   24.809303] Bluetooth: SCO socket layer initialized
[   24.850779] PM: Cannot get wkup_m3_ipc handle
[   24.856794] asoc-simple-card sound: using DT '/sound' for 'simple-audio-card,hp-det' GPIO lookup
[   24.856870] of_get_named_gpiod_flags: can't parse 'simple-audio-card,hp-det-gpios' property of node '/sound[0]'
[   24.856907] of_get_named_gpiod_flags: can't parse 'simple-audio-card,hp-det-gpio' property of node '/sound[0]'
[   24.856930] asoc-simple-card sound: using lookup tables for GPIO lookup
[   24.856944] asoc-simple-card sound: No GPIO consumer simple-audio-card,hp-det found
[   24.856959] asoc-simple-card sound: using DT '/sound' for 'simple-audio-card,mic-det' GPIO lookup
[   24.856983] of_get_named_gpiod_flags: can't parse 'simple-audio-card,mic-det-gpios' property of node '/sound[0]'
[   24.857008] of_get_named_gpiod_flags: can't parse 'simple-audio-card,mic-det-gpio' property of node '/sound[0]'
[   24.857028] asoc-simple-card sound: using lookup tables for GPIO lookup
[   24.857039] asoc-simple-card sound: No GPIO consumer simple-audio-card,mic-det found
[   25.000056] PM: Cannot get wkup_m3_ipc handle
[   25.053992] tda9950 0-0034: TDA9950 CEC interface, hardware version 3.3
[   25.124857] PM: Cannot get wkup_m3_ipc handle
[   28.694943] userial_init: registered 8 ttyGS* devices
[   28.885963] rndis_register: configNr = 0
[   28.947285] udc musb-hdrc.0: binding gadget driver [g_multi]
[   28.947393] configfs-gadget.g_multi gadget.0: adding 'rndis'/65b3f9fa to config 'c'/b8f10d1e
[   28.948551] configfs-gadget.g_multi gadget.0: HOST MAC 1c:ba:8c:a2:ed:6c
[   28.955561] configfs-gadget.g_multi gadget.0: MAC 1c:ba:8c:a2:ed:70
[   28.962213] rndis_set_param_medium: 0 0
[   28.962242] configfs-gadget.g_multi gadget.0: RNDIS: IN/ep1in OUT/ep1out NOTIFY/ep2in
[   28.962259] configfs-gadget.g_multi gadget.0: adding 'cdc_ethernet'/0c542525 to config 'c'/b8f10d1e
[   28.963240] configfs-gadget.g_multi gadget.0: HOST MAC 1c:ba:8c:a2:ed:6c
[   28.970008] configfs-gadget.g_multi gadget.0: MAC 1c:ba:8c:a2:ed:6d
[   28.976481] configfs-gadget.g_multi gadget.0: CDC Ethernet: IN/ep3in OUT/ep2out NOTIFY/ep4in
[   28.976501] configfs-gadget.g_multi gadget.0: adding 'acm'/b72a49db to config 'c'/b8f10d1e
[   28.976539] configfs-gadget.g_multi gadget.0: acm ttyGS0: IN/ep5in OUT/ep3out NOTIFY/ep6in
[   28.977317] PM: Cannot get wkup_m3_ipc handle
[   31.361067] configfs-gadget.g_multi gadget.0: eth_open
[   35.137441] gs_open: ttyGS0 (08754714,81c695ce)
[   35.137597] gs_close: ttyGS0 (08754714,81c695ce) ...
[   35.137619] gs_close: ttyGS0 (08754714,81c695ce) done!
[   35.155088] gs_open: ttyGS0 (bd46ed81,f354a8b6)
[   35.155221] gs_close: ttyGS0 (bd46ed81,f354a8b6) ...
[   35.155243] gs_close: ttyGS0 (bd46ed81,f354a8b6) done!
[   35.331544] gs_open: ttyGS0 (08754714,5ef28245)
[   35.336008] gs_close: ttyGS0 (08754714,5ef28245) ...
[   35.336080] gs_close: ttyGS0 (08754714,5ef28245) done!
[   35.336416] gs_open: ttyGS0 (bd46ed81,f354a8b6)
BTCPWHLGMG 0
root@arm:~# echo 'UWPY''WUPGCN'
UWPYWUPGCN
root@arm:~# MARKER='LEKN''HLTMTW' run 'modprobe test_linear_ranges'
LEKNHLTMTWLEKNHLTMTW 0
root@arm:~# echo 'TCQM''UUGHGA'
TCQMUUGHGA
root@arm:~# MARKER='CGJL''LYOXAC' run dmesg
CGJLLYOXAC[    0.000000] Booting Linux on physical CPU 0x0
[    0.000000] Linux version 6.16.9-90813-gea2c1f2fff9e (user01@drvtest01) (arm-none-eabi-gcc (Arm GNU Toolchain 14.2.Rel1 (Build arm-14.52)) 14.2.1 20241119, GNU ld (Arm GNU Toolchain 14.2.Rel1 (Build arm-14.52)) 2.43.1.20241119) #1 SMP Thu Sep 25 14:53:03 EEST 2025
[    0.000000] CPU: ARMv7 Processor [413fc082] revision 2 (ARMv7), cr=10c5387d
[    0.000000] CPU: PIPT / VIPT nonaliasing data cache, VIPT aliasing instruction cache
[    0.000000] OF: fdt: Machine model: TI AM335x BeagleBone Black
[    0.000000] Memory policy: Data cache writeback
[    0.000000] cma: Reserved 16 MiB at 0x9e800000
[    0.000000] Zone ranges:
[    0.000000]   Normal   [mem 0x0000000080000000-0x000000009fdfffff]
[    0.000000]   HighMem  empty
[    0.000000] Movable zone start for each node
[    0.000000] Early memory node ranges
[    0.000000]   node   0: [mem 0x0000000080000000-0x000000009fdfffff]
[    0.000000] Initmem setup node 0 [mem 0x0000000080000000-0x000000009fdfffff]
[    0.000000] On node 0, zone Normal: 512 pages in unavailable ranges
[    0.000000] OF: reserved mem: Reserved memory: No reserved-memory node in the DT
[    0.000000] CPU: All CPU(s) started in SVC mode.
[    0.000000] AM335X ES2.1 (sgx neon)
[    0.000000] percpu: Embedded 17 pages/cpu s39820 r8192 d21620 u69632
[    0.000000] pcpu-alloc: s39820 r8192 d21620 u69632 alloc=17*4096
[    0.000000] pcpu-alloc: [0] 0 
[    0.000000] Kernel command line: console=ttyO0,115200n8 root=/dev/nfs rw nfsroot=192.168.255.126:/home/user01/nfs,nfsvers=3 ip=192.168.255.1:192.168.255.126::255.255.255.0:bbb1:eth0 nfsrootdebug
[    0.000000] Unknown kernel command line parameters "nfsrootdebug", will be passed to user space.
[    0.000000] printk: log buffer data + meta data: 65536 + 204800 = 270336 bytes
[    0.000000] Dentry cache hash table entries: 65536 (order: 6, 262144 bytes, linear)
[    0.000000] Inode-cache hash table entries: 32768 (order: 5, 131072 bytes, linear)
[    0.000000] Built 1 zonelists, mobility grouping on.  Total pages: 130560
[    0.000000] mem auto-init: stack:off, heap alloc:off, heap free:off
[    0.000000] SLUB: HWalign=16, Order=0-3, MinObjects=0, CPUs=1, Nodes=1
[    0.000000] rcu: Hierarchical RCU implementation.
[    0.000000] rcu: 	RCU event tracing is enabled.
[    0.000000] rcu: 	RCU restricting CPUs from NR_CPUS=2 to nr_cpu_ids=1.
[    0.000000] 	Tracing variant of Tasks RCU enabled.
[    0.000000] rcu: RCU calculated value of scheduler-enlistment delay is 10 jiffies.
[    0.000000] rcu: Adjusting geometry for rcu_fanout_leaf=16, nr_cpu_ids=1
[    0.000000] RCU Tasks Trace: Setting shift to 0 and lim to 1 rcu_task_cb_adjust=1 rcu_task_cpu_ids=1.
[    0.000000] NR_IRQS: 16, nr_irqs: 16, preallocated irqs: 16
[    0.000000] IRQ: Found an INTC at 0x(ptrval) (revision 5.0) with 128 interrupts
[    0.000000] rcu: srcu_init: Setting srcu_struct sizes based on contention.
[    0.000000] TI gptimer clocksource: always-on /ocp/interconnect@44c00000/segment@200000/target-module@31000
[    0.000003] sched_clock: 32 bits at 24MHz, resolution 41ns, wraps every 89478484971ns
[    0.000028] clocksource: dmtimer: mask: 0xffffffff max_cycles: 0xffffffff, max_idle_ns: 79635851949 ns
[    0.000507] TI gptimer clockevent: 24000000 Hz at /ocp/interconnect@48000000/segment@0/target-module@40000
[    0.002132] Console: colour dummy device 80x30
[    0.002195] WARNING: Your 'console=ttyO0' has been replaced by 'ttyS0'
[    0.002203] This ensures that you still see kernel messages. Please
[    0.002208] update your kernel commandline.
[    0.002251] Calibrating delay loop... 996.14 BogoMIPS (lpj=4980736)
[    0.090555] CPU: Testing write buffer coherency: ok
[    0.090666] CPU0: Spectre v2: using BPIALL workaround
[    0.090677] pid_max: default: 32768 minimum: 301
[    0.090838] LSM: initializing lsm=capability
[    0.091010] Mount-cache hash table entries: 1024 (order: 0, 4096 bytes, linear)
[    0.091029] Mountpoint-cache hash table entries: 1024 (order: 0, 4096 bytes, linear)
[    0.092660] CPU0: thread -1, cpu 0, socket -1, mpidr 0
[    0.092715] cacheinfo: Unable to detect cache hierarchy for CPU 0
[    0.094740] Setting up static identity map for 0x80100000 - 0x80100078
[    0.095077] rcu: Hierarchical SRCU implementation.
[    0.095089] rcu: 	Max phase no-delay instances is 1000.
[    0.096797] smp: Bringing up secondary CPUs ...
[    0.096849] smp: Brought up 1 node, 1 CPU
[    0.096862] SMP: Total of 1 processors activated (996.14 BogoMIPS).
[    0.096873] CPU: All CPU(s) started in SVC mode.
[    0.097061] Memory: 480820K/522240K available (11264K kernel code, 1221K rwdata, 2924K rodata, 1024K init, 287K bss, 23388K reserved, 16384K cma-reserved, 0K highmem)
[    0.097883] devtmpfs: initialized
[    0.115036] VFP support v0.3: implementor 41 architecture 3 part 30 variant c rev 3
[    0.115666] clocksource: jiffies: mask: 0xffffffff max_cycles: 0xffffffff, max_idle_ns: 19112604462750000 ns
[    0.115723] posixtimers hash table entries: 512 (order: 0, 4096 bytes, linear)
[    0.115747] futex hash table entries: 256 (16384 bytes on 1 NUMA nodes, total 16 KiB, linear).
[    0.116896] pinctrl core: initialized pinctrl subsystem
[    0.118946] NET: Registered PF_NETLINK/PF_ROUTE protocol family
[    0.122049] DMA: preallocated 256 KiB pool for atomic coherent allocations
[    0.123021] audit: initializing netlink subsys (disabled)
[    0.124371] thermal_sys: Registered thermal governor 'fair_share'
[    0.124388] thermal_sys: Registered thermal governor 'step_wise'
[    0.124397] thermal_sys: Registered thermal governor 'user_space'
[    0.124508] audit: type=2000 audit(0.120:1): state=initialized audit_enabled=0 res=1
[    0.124576] cpuidle: using governor menu
[    0.142698] /ocp/interconnect@44c00000/segment@200000/target-module@b000/i2c@0/tda19988@70: Fixed dependency cycle(s) with /ocp/interconnect@48000000/segment@300000/target-module@e000/lcdc@0
[    0.143817] /ocp/interconnect@48000000/segment@300000/target-module@e000/lcdc@0: Fixed dependency cycle(s) with /ocp/interconnect@44c00000/segment@200000/target-module@b000/i2c@0/tda19988@70
[    0.146012] No ATAGs?
[    0.146056] hw-breakpoint: debug architecture 0x4 unsupported.
[    0.148757] kprobes: kprobe jump-optimization is enabled. All kprobes are optimized if possible.
[    0.154066] iommu: Default domain type: Translated
[    0.154088] iommu: DMA domain TLB invalidation policy: strict mode
[    0.155666] reg-fixed-voltage fixedregulator0: using DT '/fixedregulator0' for '(default)' GPIO lookup
[    0.155721] of_get_named_gpiod_flags: can't parse 'gpios' property of node '/fixedregulator0[0]'
[    0.155750] of_get_named_gpiod_flags: can't parse 'gpio' property of node '/fixedregulator0[0]'
[    0.155767] reg-fixed-voltage fixedregulator0: using lookup tables for GPIO lookup
[    0.155777] reg-fixed-voltage fixedregulator0: No GPIO consumer (default) found
[    0.161623] SCSI subsystem initialized
[    0.162106] libata version 3.00 loaded.
[    0.162480] pps_core: LinuxPPS API ver. 1 registered
[    0.162490] pps_core: Software ver. 5.3.6 - Copyright 2005-2007 Rodolfo Giometti <giometti@linux.it>
[    0.162523] PTP clock support registered
[    0.171377] vgaarb: loaded
[    0.171748] clocksource: Switched to clocksource dmtimer
[    0.172411] VFS: Disk quotas dquot_6.6.0
[    0.172469] VFS: Dquot-cache hash table entries: 1024 (order 0, 4096 bytes)
[    0.197517] NET: Registered PF_INET protocol family
[    0.197855] IP idents hash table entries: 8192 (order: 4, 65536 bytes, linear)
[    0.199291] tcp_listen_portaddr_hash hash table entries: 512 (order: 0, 4096 bytes, linear)
[    0.199326] Table-perturb hash table entries: 65536 (order: 6, 262144 bytes, linear)
[    0.199343] TCP established hash table entries: 4096 (order: 2, 16384 bytes, linear)
[    0.199388] TCP bind hash table entries: 4096 (order: 4, 65536 bytes, linear)
[    0.199489] TCP: Hash tables configured (established 4096 bind 4096)
[    0.199606] UDP hash table entries: 256 (order: 1, 14336 bytes, linear)
[    0.199639] UDP-Lite hash table entries: 256 (order: 1, 14336 bytes, linear)
[    0.199827] NET: Registered PF_UNIX/PF_LOCAL protocol family
[    0.212517] RPC: Registered named UNIX socket transport module.
[    0.212540] RPC: Registered udp transport module.
[    0.212545] RPC: Registered tcp transport module.
[    0.212550] RPC: Registered tcp-with-tls transport module.
[    0.212555] RPC: Registered tcp NFSv4.1 backchannel transport module.
[    0.212581] PCI: CLS 0 bytes, default 64
[    0.213958] Initialise system trusted keyrings
[    0.214725] workingset: timestamp_bits=14 max_order=17 bucket_order=3
[    0.216422] NFS: Registering the id_resolver key type
[    0.216490] Key type id_resolver registered
[    0.216498] Key type id_legacy registered
[    0.216605] jffs2: version 2.2. (NAND) (SUMMARY)  Â© 2001-2006 Red Hat, Inc.
[    0.217080] Key type asymmetric registered
[    0.217095] Asymmetric key parser 'x509' registered
[    0.217167] io scheduler mq-deadline registered
[    0.217176] io scheduler kyber registered
[    0.217244] io scheduler bfq registered
[    0.219110] target-module@4b000000:target-module@140000:pmu@0:fck: device ID is greater than 24
[    0.225264] l3-aon-clkctrl:0000:0: failed to disable
[    0.232283] ledtrig-cpu: registered to indicate activity on CPUs
[    0.235125] Serial: 8250/16550 driver, 6 ports, IRQ sharing enabled
[    0.292089] brd: module loaded
[    0.300731] loop: module loaded
[    0.301658] mtdoops: mtd device (mtddev=name/number) must be supplied
[    0.303580] mdio_bus fixed-0: using lookup tables for GPIO lookup
[    0.303607] mdio_bus fixed-0: No GPIO consumer reset found
[    0.304967] i2c_dev: i2c /dev entries driver
[    0.305953] cpuidle: enable-method property 'ti,am3352' found operations
[    0.306402] sdhci: Secure Digital Host Controller Interface driver
[    0.306413] sdhci: Copyright(c) Pierre Ossman
[    0.306587] sdhci-pltfm: SDHCI platform and OF driver helper
[    0.314832] hw perfevents: enabled with armv7_cortex_a8 PMU driver, 5 (8000000f) counters available
[    0.315361] Initializing XFRM netlink socket
[    0.315542] NET: Registered PF_INET6 protocol family
[    0.321189] l3-aon-clkctrl:0000:0: failed to disable
[    0.336141] Segment Routing with IPv6
[    0.336226] In-situ OAM (IOAM) with IPv6
[    0.336321] sit: IPv6, IPv4 and MPLS over IPv4 tunneling driver
[    0.337282] NET: Registered PF_PACKET protocol family
[    0.337311] NET: Registered PF_KEY protocol family
[    0.337427] Key type dns_resolver registered
[    0.337653] ThumbEE CPU extension supported.
[    0.337671] Registering SWP/SWPB emulation handler
[    0.338212] omap_voltage_late_init: Voltage driver support not added
[    0.338904] SmartReflex Class3 initialized
[    0.364063] Loading compiled-in X.509 certificates
[    0.406681] /ocp/interconnect@44c00000/segment@200000/target-module@b000/i2c@0/tda19988@70: Fixed dependency cycle(s) with /ocp/interconnect@48000000/segment@300000/target-module@e000/lcdc@0
[    0.413252] /ocp/interconnect@44c00000/segment@200000/target-module@b000/i2c@0/tda19988@70: Fixed dependency cycle(s) with /ocp/interconnect@48000000/segment@300000/target-module@e000/lcdc@0
[    0.418812] gpiochip_find_base_unlocked: found new base at 512
[    0.452546] /ocp/interconnect@44c00000/segment@200000/target-module@b000/i2c@0/tda19988@70: Fixed dependency cycle(s) with /ocp/interconnect@48000000/segment@300000/target-module@e000/lcdc@0
[    0.453479] /ocp/interconnect@44c00000/segment@200000/target-module@b000/i2c@0/tda19988@70: Fixed dependency cycle(s) with /ocp/interconnect@48000000/segment@300000/target-module@e000/lcdc@0
[    0.456975] /ocp/interconnect@44c00000/segment@200000/target-module@10000/scm@0/pinmux@800: Fixed dependency cycle(s) with /ocp/interconnect@44c00000/segment@200000/target-module@10000/scm@0/pinmux@800/clkout2-pins
[    0.457563] pinctrl-single 44e10800.pinmux: 142 pins, size 568
[    0.463030] ti-sysc 44e31000.target-module: probe with driver ti-sysc failed with error -16
[    0.503467] /ocp/interconnect@48000000/segment@300000/target-module@e000/lcdc@0: Fixed dependency cycle(s) with /ocp/interconnect@44c00000/segment@200000/target-module@b000/i2c@0/tda19988@70
[    0.511529] ti-sysc 48040000.target-module: probe with driver ti-sysc failed with error -16
[    0.523096] gpiochip_find_base_unlocked: found new base at 512
[    0.523195] gpio gpiochip0: (gpio-0-31): created GPIO range 0->7 ==> 44e10800.pinmux PIN 0->7
[    0.523215] gpio gpiochip0: (gpio-0-31): created GPIO range 8->11 ==> 44e10800.pinmux PIN 90->93
[    0.523231] gpio gpiochip0: (gpio-0-31): created GPIO range 12->27 ==> 44e10800.pinmux PIN 12->27
[    0.523246] gpio gpiochip0: (gpio-0-31): created GPIO range 28->31 ==> 44e10800.pinmux PIN 30->33
[    0.560684] gpio gpiochip0: (gpio-0-31): added GPIO chardev (254:0)
[    0.560835] gpio gpiochip0: registered GPIOs 512 to 543 on gpio-0-31
[    0.560922] OMAP GPIO hardware version 0.1
[    0.584916] i2c i2c-2: using DT '/ocp/interconnect@48000000/segment@100000/target-module@9c000/i2c@0' for 'scl' GPIO lookup
[    0.584989] of_get_named_gpiod_flags: can't parse 'scl-gpios' property of node '/ocp/interconnect@48000000/segment@100000/target-module@9c000/i2c@0[0]'
[    0.585031] of_get_named_gpiod_flags: can't parse 'scl-gpio' property of node '/ocp/interconnect@48000000/segment@100000/target-module@9c000/i2c@0[0]'
[    0.585066] i2c i2c-2: using lookup tables for GPIO lookup
[    0.585075] i2c i2c-2: No GPIO consumer scl found
[    0.585096] i2c i2c-2: using DT '/ocp/interconnect@48000000/segment@100000/target-module@9c000/i2c@0' for 'sda' GPIO lookup
[    0.585131] of_get_named_gpiod_flags: can't parse 'sda-gpios' property of node '/ocp/interconnect@48000000/segment@100000/target-module@9c000/i2c@0[0]'
[    0.585167] of_get_named_gpiod_flags: can't parse 'sda-gpio' property of node '/ocp/interconnect@48000000/segment@100000/target-module@9c000/i2c@0[0]'
[    0.585197] i2c i2c-2: using lookup tables for GPIO lookup
[    0.585205] i2c i2c-2: No GPIO consumer sda found
[    0.585928] omap_i2c 4819c000.i2c: bus 2 rev0.11 at 100 kHz
[    0.591519] gpiochip_find_base_unlocked: found new base at 544
[    0.591622] gpio gpiochip1: (gpio-32-63): created GPIO range 0->17 ==> 44e10800.pinmux PIN 34->51
[    0.591643] gpio gpiochip1: (gpio-32-63): created GPIO range 18->21 ==> 44e10800.pinmux PIN 77->80
[    0.591659] gpio gpiochip1: (gpio-32-63): created GPIO range 22->31 ==> 44e10800.pinmux PIN 56->65
[    0.606978] gpio gpiochip1: (gpio-32-63): added GPIO chardev (254:1)
[    0.607133] gpio gpiochip1: registered GPIOs 544 to 575 on gpio-32-63
[    0.609438] gpiochip_find_base_unlocked: found new base at 576
[    0.609531] gpio gpiochip2: (gpio-64-95): created GPIO range 0->4 ==> 44e10800.pinmux PIN 66->70
[    0.609552] gpio gpiochip2: (gpio-64-95): created GPIO range 5->6 ==> 44e10800.pinmux PIN 98->99
[    0.609567] gpio gpiochip2: (gpio-64-95): created GPIO range 7->8 ==> 44e10800.pinmux PIN 75->76
[    0.609583] gpio gpiochip2: (gpio-64-95): created GPIO range 13->13 ==> 44e10800.pinmux PIN 141->141
[    0.609599] gpio gpiochip2: (gpio-64-95): created GPIO range 14->21 ==> 44e10800.pinmux PIN 100->107
[    0.610247] gpio gpiochip2: (gpio-64-95): added GPIO chardev (254:2)
[    0.610391] gpio gpiochip2: registered GPIOs 576 to 607 on gpio-64-95
[    0.616332] 48000000.interconnect:segment@200000:target-module@0:mpu@0:fck: device ID is greater than 24
[    0.617226] /ocp/interconnect@48000000/segment@300000/target-module@e000/lcdc@0: Fixed dependency cycle(s) with /ocp/interconnect@44c00000/segment@200000/target-module@b000/i2c@0/tda19988@70
[    0.620048] /ocp/interconnect@48000000/segment@300000/target-module@e000/lcdc@0: Fixed dependency cycle(s) with /ocp/interconnect@44c00000/segment@200000/target-module@b000/i2c@0/tda19988@70
[    0.620752] /ocp/interconnect@44c00000/segment@200000/target-module@b000/i2c@0/tda19988@70: Fixed dependency cycle(s) with /ocp/interconnect@48000000/segment@300000/target-module@e000/lcdc@0
[    0.620909] /ocp/interconnect@48000000/segment@300000/target-module@e000/lcdc@0: Fixed dependency cycle(s) with /ocp/interconnect@44c00000/segment@200000/target-module@b000/i2c@0/tda19988@70
[    0.630697] mdio_bus 4a101000.mdio: using DT '/ocp/interconnect@4a000000/segment@0/target-module@100000/switch@0/mdio@1000' for 'reset' GPIO lookup
[    0.630780] of_get_named_gpiod_flags: can't parse 'reset-gpios' property of node '/ocp/interconnect@4a000000/segment@0/target-module@100000/switch@0/mdio@1000[0]'
[    0.630828] of_get_named_gpiod_flags: can't parse 'reset-gpio' property of node '/ocp/interconnect@4a000000/segment@0/target-module@100000/switch@0/mdio@1000[0]'
[    0.630874] mdio_bus 4a101000.mdio: using lookup tables for GPIO lookup
[    0.630884] mdio_bus 4a101000.mdio: No GPIO consumer reset found
[    0.632211] sdhci-omap 481d8000.mmc: using DT '/ocp/interconnect@48000000/segment@100000/target-module@d8000/mmc@0' for 'wp' GPIO lookup
[    0.632275] of_get_named_gpiod_flags: can't parse 'wp-gpios' property of node '/ocp/interconnect@48000000/segment@100000/target-module@d8000/mmc@0[0]'
[    0.632318] of_get_named_gpiod_flags: can't parse 'wp-gpio' property of node '/ocp/interconnect@48000000/segment@100000/target-module@d8000/mmc@0[0]'
[    0.632352] sdhci-omap 481d8000.mmc: using lookup tables for GPIO lookup
[    0.632361] sdhci-omap 481d8000.mmc: No GPIO consumer wp found
[    0.632569] sdhci-omap 481d8000.mmc: supply pbias not found, using dummy regulator
[    0.633264] sdhci-omap 481d8000.mmc: supply vqmmc not found, using dummy regulator
[    0.675605] davinci_mdio 4a101000.mdio: davinci mdio revision 1.6, bus freq 1000000
[    0.697514] mdio_bus 4a101000.mdio:00: using DT '/ocp/interconnect@4a000000/segment@0/target-module@100000/switch@0/mdio@1000/ethernet-phy@0' for 'reset' GPIO lookup
[    0.697616] of_get_named_gpiod_flags: parsed 'reset-gpios' property of node '/ocp/interconnect@4a000000/segment@0/target-module@100000/switch@0/mdio@1000/ethernet-phy@0[0]' - status (0)
[    0.697778] gpio gpiochip0: Persistence not supported for GPIO 8
[    0.837588] davinci_mdio 4a101000.mdio: phy[0]: device 4a101000.mdio:00, driver SMSC LAN8710/LAN8720
[    0.838361] cpsw-switch 4a100000.switch: initialized cpsw ale version 1.4
[    0.838381] cpsw-switch 4a100000.switch: ALE Table size 1024, Policers 0
[    0.845450] cpsw-switch 4a100000.switch: cpts: overflow check period 500 (jiffies)
[    0.845472] cpsw-switch 4a100000.switch: CPTS: ref_clk_freq:250000000 calc_mult:2147483648 calc_shift:29 error:0 nsec/sec
[    0.845593] cpsw-switch 4a100000.switch: Detected MACID = 6c:ec:eb:68:de:78
[    0.847465] cpsw-switch 4a100000.switch: initialized (regs 0x4a100000, pool size 256) hw_ver:0019010C 1.12 (0)
[    0.858527] debugfs: Directory '49000000.dma' with parent 'dmaengine' already present!
[    0.858568] edma 49000000.dma: TI EDMA DMA engine driver
[    0.907509] gpio-clk clk_mcasp0: using DT '/clk_mcasp0' for 'enable' GPIO lookup
[    0.907583] of_get_named_gpiod_flags: parsed 'enable-gpios' property of node '/clk_mcasp0[0]' - status (0)
[    0.907626] gpio gpiochip0: Persistence not supported for GPIO 27
[    0.908510] gpiochip_find_base_unlocked: found new base at 608
[    0.908620] gpio gpiochip3: (gpio-96-127): created GPIO range 0->7 ==> 44e10800.pinmux PIN 82->89
[    0.908640] gpio gpiochip3: (gpio-96-127): created GPIO range 8->11 ==> 44e10800.pinmux PIN 52->55
[    0.908656] gpio gpiochip3: (gpio-96-127): created GPIO range 12->15 ==> 44e10800.pinmux PIN 94->97
[    0.908671] gpio gpiochip3: (gpio-96-127): created GPIO range 16->17 ==> 44e10800.pinmux PIN 71->72
[    0.908687] gpio gpiochip3: (gpio-96-127): created GPIO range 18->18 ==> 44e10800.pinmux PIN 135->135
[    0.908703] gpio gpiochip3: (gpio-96-127): created GPIO range 19->20 ==> 44e10800.pinmux PIN 108->109
[    0.908719] gpio gpiochip3: (gpio-96-127): created GPIO range 21->21 ==> 44e10800.pinmux PIN 73->73
[    0.908736] gpio gpiochip3: (gpio-96-127): created GPIO range 22->23 ==> 44e10800.pinmux PIN 8->9
[    0.908753] gpio gpiochip3: (gpio-96-127): created GPIO range 26->27 ==> 44e10800.pinmux PIN 10->11
[    0.908770] gpio gpiochip3: (gpio-96-127): created GPIO range 28->28 ==> 44e10800.pinmux PIN 74->74
[    0.908788] gpio gpiochip3: (gpio-96-127): created GPIO range 29->29 ==> 44e10800.pinmux PIN 81->81
[    0.908806] gpio gpiochip3: (gpio-96-127): created GPIO range 30->31 ==> 44e10800.pinmux PIN 28->29
[    0.920650] gpio gpiochip3: (gpio-96-127): added GPIO chardev (254:3)
[    0.920838] gpio gpiochip3: registered GPIOs 608 to 639 on gpio-96-127
[    0.922960] omap8250 44e09000.serial: using DT '/ocp/interconnect@44c00000/segment@200000/target-module@9000/serial@0' for 'rs485-term' GPIO lookup
[    0.923029] of_get_named_gpiod_flags: can't parse 'rs485-term-gpios' property of node '/ocp/interconnect@44c00000/segment@200000/target-module@9000/serial@0[0]'
[    0.923073] of_get_named_gpiod_flags: can't parse 'rs485-term-gpio' property of node '/ocp/interconnect@44c00000/segment@200000/target-module@9000/serial@0[0]'
[    0.923108] omap8250 44e09000.serial: using lookup tables for GPIO lookup
[    0.923118] omap8250 44e09000.serial: No GPIO consumer rs485-term found
[    0.923128] omap8250 44e09000.serial: using DT '/ocp/interconnect@44c00000/segment@200000/target-module@9000/serial@0' for 'rs485-rx-during-tx' GPIO lookup
[    0.923163] of_get_named_gpiod_flags: can't parse 'rs485-rx-during-tx-gpios' property of node '/ocp/interconnect@44c00000/segment@200000/target-module@9000/serial@0[0]'
[    0.923199] of_get_named_gpiod_flags: can't parse 'rs485-rx-during-tx-gpio' property of node '/ocp/interconnect@44c00000/segment@200000/target-module@9000/serial@0[0]'
[    0.923230] omap8250 44e09000.serial: using lookup tables for GPIO lookup
[    0.923238] omap8250 44e09000.serial: No GPIO consumer rs485-rx-during-tx found
[    0.923665] 44e09000.serial: ttyS0 at MMIO 0x44e09000 (irq = 34, base_baud = 3000000) is a 8250
[    0.923756] printk: legacy console [ttyS0] enabled
[    2.381125] i2c i2c-0: using DT '/ocp/interconnect@44c00000/segment@200000/target-module@b000/i2c@0' for 'scl' GPIO lookup
[    2.381214] of_get_named_gpiod_flags: can't parse 'scl-gpios' property of node '/ocp/interconnect@44c00000/segment@200000/target-module@b000/i2c@0[0]'
[    2.381259] of_get_named_gpiod_flags: can't parse 'scl-gpio' property of node '/ocp/interconnect@44c00000/segment@200000/target-module@b000/i2c@0[0]'
[    2.381299] i2c i2c-0: using lookup tables for GPIO lookup
[    2.381313] i2c i2c-0: No GPIO consumer scl found
[    2.381337] i2c i2c-0: using DT '/ocp/interconnect@44c00000/segment@200000/target-module@b000/i2c@0' for 'sda' GPIO lookup
[    2.381375] of_get_named_gpiod_flags: can't parse 'sda-gpios' property of node '/ocp/interconnect@44c00000/segment@200000/target-module@b000/i2c@0[0]'
[    2.381415] of_get_named_gpiod_flags: can't parse 'sda-gpio' property of node '/ocp/interconnect@44c00000/segment@200000/target-module@b000/i2c@0[0]'
[    2.381450] i2c i2c-0: using lookup tables for GPIO lookup
[    2.381462] i2c i2c-0: No GPIO consumer sda found
[    2.402753] tps65217-pmic: Failed to locate of_node [id: -1]
[    2.408815] tps65217-bl: Failed to locate of_node [id: -1]
[    2.414842] platform tps65217-charger: DMA mask not set
[    2.420893] platform tps65217-pwrbutton: DMA mask not set
[    2.428265] tps65217 0-0024: TPS65217 ID 0xe version 1.2
[    2.434407] /ocp/interconnect@48000000/segment@300000/target-module@e000/lcdc@0: Fixed dependency cycle(s) with /ocp/interconnect@44c00000/segment@200000/target-module@b000/i2c@0/tda19988@70
[    2.451819] /ocp/interconnect@44c00000/segment@200000/target-module@b000/i2c@0/tda19988@70: Fixed dependency cycle(s) with /ocp/interconnect@48000000/segment@300000/target-module@e000/lcdc@0
[    2.469169] omap_i2c 44e0b000.i2c: bus 0 rev0.11 at 400 kHz
[    2.476823] sdhci-omap 48060000.mmc: using DT '/ocp/interconnect@48000000/segment@0/target-module@60000/mmc@0' for 'cd' GPIO lookup
[    2.476932] of_get_named_gpiod_flags: parsed 'cd-gpios' property of node '/ocp/interconnect@48000000/segment@0/target-module@60000/mmc@0[0]' - status (0)
[    2.477000] gpio gpiochip3: Persistence not supported for GPIO 6
[    2.477025] omap_gpio 44e07000.gpio: Could not set line 6 debounce to 200000 microseconds (-22)
[    2.485943] sdhci-omap 48060000.mmc: Got CD GPIO
[    2.490599] sdhci-omap 48060000.mmc: using DT '/ocp/interconnect@48000000/segment@0/target-module@60000/mmc@0' for 'wp' GPIO lookup
[    2.490650] of_get_named_gpiod_flags: can't parse 'wp-gpios' property of node '/ocp/interconnect@48000000/segment@0/target-module@60000/mmc@0[0]'
[    2.490693] of_get_named_gpiod_flags: can't parse 'wp-gpio' property of node '/ocp/interconnect@48000000/segment@0/target-module@60000/mmc@0[0]'
[    2.490731] sdhci-omap 48060000.mmc: using lookup tables for GPIO lookup
[    2.490744] sdhci-omap 48060000.mmc: No GPIO consumer wp found
[    2.490958] sdhci-omap 48060000.mmc: supply pbias not found, using dummy regulator
[    2.499755] sdhci-omap 481d8000.mmc: using DT '/ocp/interconnect@48000000/segment@100000/target-module@d8000/mmc@0' for 'wp' GPIO lookup
[    2.499830] of_get_named_gpiod_flags: can't parse 'wp-gpios' property of node '/ocp/interconnect@48000000/segment@100000/target-module@d8000/mmc@0[0]'
[    2.499878] of_get_named_gpiod_flags: can't parse 'wp-gpio' property of node '/ocp/interconnect@48000000/segment@100000/target-module@d8000/mmc@0[0]'
