Labgrid Console Logfile for main
Logfile started at 2025-11-03 08:08:43.493523
=== Log starts here ===
reading args
spl_load_image_fat_os: error reading image args, err - -1
reading u-boot.img
reading u-boot.img


U-Boot 2014.04-00014-g47880f5 (Apr 22 2014 - 13:23:54)

I2C:   ready
DRAM:  512 MiB
NAND:  0 MiB
MMC:   OMAP SD/MMC: 0, OMAP SD/MMC: 1
*** Warning - readenv() failed, using default environment

Net:   <ethaddr> not set. Validating first E-fuse MAC
cpsw, usb_ether
Hit any key to stop autoboot:  1  0 
gpio: pin 53 (gpio 53) value is 1
mmc0 is current device
gpio: pin 54 (gpio 54) value is 1
SD/MMC found on device 0
reading uEnv.txt
569 bytes read in 4 ms (138.7 KiB/s)
gpio: pin 55 (gpio 55) value is 1
Loaded environment from uEnv.txt
Importing environment from mmc ...
Checking if uenvcmd is set ...
gpio: pin 56 (gpio 56) value is 1
Running uenvcmd ...
cpsw Waiting for PHY auto negotiation to complete. done
link up on port 0, speed 100, full duplex
Using cpsw device
TFTP from server 192.168.255.126; our IP address is 192.168.255.1
Filename 'zImage'.
Load address: 0x81000000
Loading: *#################################################################
	 #################################################################
	 #################################################################
	 #################################################################
	 #################################################################
	 ################################################################
	 2.4 MiB/s
done
Bytes transferred = 5707984 (5718d0 hex)
link up on port 0, speed 100, full duplex
Using cpsw device
TFTP from server 192.168.255.126; our IP address is 192.168.255.1
Filename 'am335x-boneblack.dtb'.
Load address: 0x82000000
Loading: *#######
	 2.3 MiB/s
done
Bytes transferred = 98148 (17f64 hex)
Kernel image @ 0x81000000 [ 0x000000 - 0x5718d0 ]
## Flattened Device Tree blob at 82000000
   Booting using the fdt blob at 0x82000000
   Using Device Tree in place at 82000000, end 8201af63

Starting kernel ...

[    0.000000] Booting Linux on physical CPU 0x0
[    0.000000] Linux version 6.18.0-rc4-next-20251103 (user01@drvtest01) (arm-none-eabi-gcc (Arm GNU Toolchain 14.2.Rel1 (Build arm-14.52)) 14.2.1 20241119, GNU ld (Arm GNU Toolchain 14.2.Rel1 (Build arm-14.52)) 2.43.1.20241119) #1 SMP Mon Nov  3 08:07:23 EET 2025
[    0.000000] CPU: ARMv7 Processor [413fc082] revision 2 (ARMv7), cr=10c5387d
[    0.000000] CPU: PIPT / VIPT nonaliasing data cache, VIPT aliasing instruction cache
[    0.000000] OF: fdt: Machine model: TI AM335x BeagleBone Black
[    0.000000] Memory policy: Data cache writeback
[    0.000000] cma: Reserved 16 MiB at 0x9e800000
[    0.000000] Zone ranges:
[    0.000000]   Normal   [mem 0x0000000080000000-0x000000009fdfffff]
[    0.000000]   HighMem  empty
[    0.000000] Movable zone start for each node
[    0.000000] Early memory node ranges
[    0.000000]   node   0: [mem 0x0000000080000000-0x000000009fdfffff]
[    0.000000] Initmem setup node 0 [mem 0x0000000080000000-0x000000009fdfffff]
[    0.000000] On node 0, zone Normal: 512 pages in unavailable ranges
[    0.000000] OF: reserved mem: Reserved memory: No reserved-memory node in the DT
[    0.000000] CPU: All CPU(s) started in SVC mode.
[    0.000000] AM335X ES2.1 (sgx neon)
[    0.000000] percpu: Embedded 17 pages/cpu s39948 r8192 d21492 u69632
[    0.000000] Kernel command line: console=ttyO0,115200n8 root=/dev/nfs rw nfsroot=192.168.255.126:/home/user01/nfs,nfsvers=3 ip=192.168.255.1:192.168.255.126::255.255.255.0:bbb1:eth0 nfsrootdebug
[    0.000000] Unknown kernel command line parameters "nfsrootdebug", will be passed to user space.
[    0.000000] printk: log buffer data + meta data: 65536 + 204800 = 270336 bytes
[    0.000000] Dentry cache hash table entries: 65536 (order: 6, 262144 bytes, linear)
[    0.000000] Inode-cache hash table entries: 32768 (order: 5, 131072 bytes, linear)
[    0.000000] Built 1 zonelists, mobility grouping on.  Total pages: 130560
[    0.000000] mem auto-init: stack:off, heap alloc:off, heap free:off
[    0.000000] SLUB: HWalign=16, Order=0-3, MinObjects=0, CPUs=1, Nodes=1
[    0.000000] rcu: Hierarchical RCU implementation.
[    0.000000] rcu: 	RCU event tracing is enabled.
[    0.000000] rcu: 	RCU restricting CPUs from NR_CPUS=2 to nr_cpu_ids=1.
[    0.000000] 	Tracing variant of Tasks RCU enabled.
[    0.000000] rcu: RCU calculated value of scheduler-enlistment delay is 10 jiffies.
[    0.000000] rcu: Adjusting geometry for rcu_fanout_leaf=16, nr_cpu_ids=1
[    0.000000] RCU Tasks Trace: Setting shift to 0 and lim to 1 rcu_task_cb_adjust=1 rcu_task_cpu_ids=1.
[    0.000000] NR_IRQS: 16, nr_irqs: 16, preallocated irqs: 16
[    0.000000] IRQ: Found an INTC at 0x(ptrval) (revision 5.0) with 128 interrupts
[    0.000000] rcu: srcu_init: Setting srcu_struct sizes based on contention.
[    0.000000] TI gptimer clocksource: always-on /ocp/interconnect@44c00000/segment@200000/target-module@31000
[    0.000002] sched_clock: 32 bits at 24MHz, resolution 41ns, wraps every 89478484971ns
[    0.000027] clocksource: dmtimer: mask: 0xffffffff max_cycles: 0xffffffff, max_idle_ns: 79635851949 ns
[    0.000501] TI gptimer clockevent: 24000000 Hz at /ocp/interconnect@48000000/segment@0/target-module@40000
[    0.002076] Console: colour dummy device 80x30
[    0.002146] WARNING: Your 'console=ttyO0' has been replaced by 'ttyS0'
[    0.002154] This ensures that you still see kernel messages. Please
[    0.002158] update your kernel commandline.
[    0.002199] Calibrating delay loop... 996.14 BogoMIPS (lpj=4980736)
[    0.090615] CPU: Testing write buffer coherency: ok
[    0.090701] CPU0: Spectre v2: using BPIALL workaround
[    0.090710] pid_max: default: 32768 minimum: 301
[    0.091026] Mount-cache hash table entries: 1024 (order: 0, 4096 bytes, linear)
[    0.091049] Mountpoint-cache hash table entries: 1024 (order: 0, 4096 bytes, linear)
[    0.092642] CPU0: thread -1, cpu 0, socket -1, mpidr 0
[    0.092699] cacheinfo: Unable to detect cache hierarchy for CPU 0
[    0.094672] Setting up static identity map for 0x80100000 - 0x80100078
[    0.094991] rcu: Hierarchical SRCU implementation.
[    0.095002] rcu: 	Max phase no-delay instances is 1000.
[    0.096692] smp: Bringing up secondary CPUs ...
[    0.096749] smp: Brought up 1 node, 1 CPU
[    0.096762] SMP: Total of 1 processors activated (996.14 BogoMIPS).
[    0.096773] CPU: All CPU(s) started in SVC mode.
[    0.096984] Memory: 479952K/522240K available (12288K kernel code, 1224K rwdata, 2956K rodata, 1024K init, 258K bss, 24360K reserved, 16384K cma-reserved, 0K highmem)
[    0.097801] devtmpfs: initialized
[    0.115448] VFP support v0.3: implementor 41 architecture 3 part 30 variant c rev 3
[    0.116114] clocksource: jiffies: mask: 0xffffffff max_cycles: 0xffffffff, max_idle_ns: 19112604462750000 ns
[    0.116171] posixtimers hash table entries: 512 (order: 0, 4096 bytes, linear)
[    0.116197] futex hash table entries: 256 (16384 bytes on 1 NUMA nodes, total 16 KiB, linear).
[    0.119398] NET: Registered PF_NETLINK/PF_ROUTE protocol family
[    0.122537] DMA: preallocated 256 KiB pool for atomic coherent allocations
[    0.123158] audit: initializing netlink subsys (disabled)
[    0.124508] thermal_sys: Registered thermal governor 'fair_share'
[    0.124522] thermal_sys: Registered thermal governor 'step_wise'
[    0.124531] thermal_sys: Registered thermal governor 'user_space'
[    0.124637] audit: type=2000 audit(0.120:1): state=initialized audit_enabled=0 res=1
[    0.124705] cpuidle: using governor menu
[    0.142558] /ocp/interconnect@44c00000/segment@200000/target-module@b000/i2c@0/tda19988@70: Fixed dependency cycle(s) with /ocp/interconnect@48000000/segment@300000/target-module@e000/lcdc@0
[    0.143659] /ocp/interconnect@48000000/segment@300000/target-module@e000/lcdc@0: Fixed dependency cycle(s) with /ocp/interconnect@44c00000/segment@200000/target-module@b000/i2c@0/tda19988@70
[    0.145849] No ATAGs?
[    0.145888] hw-breakpoint: debug architecture 0x4 unsupported.
[    0.148973] kprobes: kprobe jump-optimization is enabled. All kprobes are optimized if possible.
[    0.154019] iommu: Default domain type: Translated
[    0.154043] iommu: DMA domain TLB invalidation policy: strict mode
[    0.161481] SCSI subsystem initialized
[    0.162338] pps_core: LinuxPPS API ver. 1 registered
[    0.162350] pps_core: Software ver. 5.3.6 - Copyright 2005-2007 Rodolfo Giometti <giometti@linux.it>
[    0.162374] PTP clock support registered
[    0.171351] vgaarb: loaded
[    0.171746] clocksource: Switched to clocksource dmtimer
[    0.172364] VFS: Disk quotas dquot_6.6.0
[    0.172425] VFS: Dquot-cache hash table entries: 1024 (order 0, 4096 bytes)
[    0.196579] NET: Registered PF_INET protocol family
[    0.196919] IP idents hash table entries: 8192 (order: 4, 65536 bytes, linear)
[    0.198332] tcp_listen_portaddr_hash hash table entries: 512 (order: 0, 4096 bytes, linear)
[    0.198367] Table-perturb hash table entries: 65536 (order: 6, 262144 bytes, linear)
[    0.198384] TCP established hash table entries: 4096 (order: 2, 16384 bytes, linear)
[    0.198430] TCP bind hash table entries: 4096 (order: 4, 65536 bytes, linear)
[    0.198531] TCP: Hash tables configured (established 4096 bind 4096)
[    0.198650] UDP hash table entries: 256 (order: 2, 14336 bytes, linear)
[    0.198684] UDP-Lite hash table entries: 256 (order: 2, 14336 bytes, linear)
[    0.198887] NET: Registered PF_UNIX/PF_LOCAL protocol family
[    0.202559] RPC: Registered named UNIX socket transport module.
[    0.202581] RPC: Registered udp transport module.
[    0.202586] RPC: Registered tcp transport module.
[    0.202591] RPC: Registered tcp-with-tls transport module.
[    0.202596] RPC: Registered tcp NFSv4.1 backchannel transport module.
[    0.202621] PCI: CLS 0 bytes, default 64
[    0.204065] Initialise system trusted keyrings
[    0.212154] workingset: timestamp_bits=14 max_order=17 bucket_order=3
[    0.213601] NFS: Registering the id_resolver key type
[    0.213669] Key type id_resolver registered
[    0.213676] Key type id_legacy registered
[    0.213793] jffs2: version 2.2. (NAND) (SUMMARY)  Â© 2001-2006 Red Hat, Inc.
[    0.214265] Key type asymmetric registered
[    0.214284] Asymmetric key parser 'x509' registered
[    0.214358] io scheduler mq-deadline registered
[    0.214368] io scheduler kyber registered
[    0.214450] io scheduler bfq registered
[    0.216322] target-module@4b000000:target-module@140000:pmu@0:fck: device ID is greater than 24
[    0.222142] ledtrig-cpu: registered to indicate activity on CPUs
[    0.232011] Serial: 8250/16550 driver, 6 ports, IRQ sharing enabled
[    0.265724] brd: module loaded
[    0.286947] loop: module loaded
[    0.287893] mtdoops: mtd device (mtddev=name/number) must be supplied
[    0.290911] i2c_dev: i2c /dev entries driver
[    0.292101] cpuidle: enable-method property 'ti,am3352' found operations
[    0.292574] sdhci: Secure Digital Host Controller Interface driver
[    0.292586] sdhci: Copyright(c) Pierre Ossman
[    0.292775] sdhci-pltfm: SDHCI platform and OF driver helper
[    0.302127] hw perfevents: enabled with armv7_cortex_a8 PMU driver, 5 (8000000f) counters available
[    0.302695] Initializing XFRM netlink socket
[    0.302870] NET: Registered PF_INET6 protocol family
[    0.304898] Segment Routing with IPv6
[    0.304981] In-situ OAM (IOAM) with IPv6
[    0.305077] sit: IPv6, IPv4 and MPLS over IPv4 tunneling driver
[    0.306055] NET: Registered PF_PACKET protocol family
[    0.306075] PFKEY is deprecated and scheduled to be removed in 2027, please contact the netdev mailing list
[    0.306092] NET: Registered PF_KEY protocol family
[    0.306213] Key type dns_resolver registered
[    0.306437] ThumbEE CPU extension supported.
[    0.306459] Registering SWP/SWPB emulation handler
[    0.306984] omap_voltage_late_init: Voltage driver support not added
[    0.307663] SmartReflex Class3 initialized
[    0.343697] Loading compiled-in X.509 certificates
[    0.380830] /ocp/interconnect@44c00000/segment@200000/target-module@b000/i2c@0/tda19988@70: Fixed dependency cycle(s) with /ocp/interconnect@48000000/segment@300000/target-module@e000/lcdc@0
[    0.387391] /ocp/interconnect@44c00000/segment@200000/target-module@b000/i2c@0/tda19988@70: Fixed dependency cycle(s) with /ocp/interconnect@48000000/segment@300000/target-module@e000/lcdc@0
[    0.443762] /ocp/interconnect@44c00000/segment@200000/target-module@b000/i2c@0/tda19988@70: Fixed dependency cycle(s) with /ocp/interconnect@48000000/segment@300000/target-module@e000/l cdc@0
[    0.444668] /ocp/interconnect@44c00000/segment@200000/target-module@b000/i2c@0/tda19988@70: Fixed dependency cycle(s) with /ocp/interconnect@48000000/segment@300000/target-module@e000/lcdc@0
[    0.448239] /ocp/interconnect@44c00000/segment@200000/target-module@10000/scm@0/pinmux@800: Fixed dependency cycle(s) with /ocp/interconnect@44c00000/segment@200000/target-module@10000/scm@0/pinmux@800/clkout2-pins
[    0.448825] pinctrl-single 44e10800.pinmux: 142 pins, size 568
[    0.454483] ti-sysc  44e31000.target-module: probe with driver ti-sysc failed with error -16
[    0.482381] /ocp/interconnect@48000000/segment@300000/target-module@e000/lcdc@0: Fixed dependency cycle(s) with /ocp/interconnect@44c00000/segment@200000/target-module@b000/i2c@0/tda19988@70
[    0.490540] ti-sysc 48040000.target-module: probe with driver ti-sysc failed with error -16
[    0.537463] OMAP GPIO hardware version 0.1
[    0.564583] omap_i2c 4819c000.i2c: bus 2 rev0.11 at 100 kHz
[    0.609543] 48000000.interconnect:segment@200000:target-module@0:mpu@0:fck: device ID is greater than 24
[    0.610448] /ocp/interconnect@48000000/segment@300000/target-module@e000/lcdc@0: Fixed dependency cycle(s) with /ocp/interconnect@44c00000/segment@200000/target-module@b000/i2c@0/tda19988@70
[    0.613628] /ocp/interconnect@48000000/segment@300000/target-module@e000/lcdc@0: Fixed dependency cycle(s) with /ocp/interconnect@44c00000/segment@200000/target-module@b000/i2c@0/tda19988@70
[    0.614373] /ocp/interconnect@44c00000/segment@200000/target-module@b000/i2c@0/tda19988@70: Fixed dependency cycle(s) with /ocp/interconnect@48000000/segment@300000/target-module@e000/lcdc@0
[    0.614548] /ocp/interconnect@48000000/segment@300000/target-module@e000/lcdc@0: Fixed dependency cycle(s) with /ocp/interconnect@44c00000/segment@200000/target-module@b000/i2c@0/tda19988@70
[    0.622445] sdhci-omap 481d8000.mmc: supply pbias not found, using dummy regulator
[    0.623131] sdhci-omap 481d8000.mmc: supply vqmmc not found, using dummy regulator    2.493219] platform tps65217-pwrbutton: DMA mask not set
[    2.501043] tps65217 0-0024: TPS65217 ID 0xe version 1.2
[    2.507145] /ocp/interconnect@48000000/segment@300000/target-module@e000/lcdc@0: Fixed dependency cycle(s) with /ocp/interconnect@44c00000/segment@200000/target-module@b000/i2c@0/tda19988@70
[    2.524546] /ocp/interconnect@44c00000/segment@200000/target-module@b000/i2c@0/tda19988@70: Fixed dependency cycle(s) with /ocp/interconnect@48000000/segment@300000/target-module@e000/lcdc@0
[    2.541949] omap_i2c 44e0b000.i2c: bus 0 rev0.11 at 400 kHz
[    2.549968] omap_gpio 44e07000.gpio: Could not set line 6 debounce to 200000 microseconds (-22)
[    2.558847] sdhci-omap 48060000.mmc: Got CD GPIO
[    2.563919] sdhci-omap 48060000.mmc: supply pbias not found, using dummy regulator
[    2.574350] sdhci-omap 48060000.mmc: supply vqmmc not found, using dummy regulator
[    2.583349] sdhci-omap 481d8000.mmc: supply pbias not found, using dummy regulator
[    2.591328] sdhci-omap 481d8000.mmc: supply vqmmc not found, using dummy regulator
[    2.696722] mmc0: SDHCI controller on 48060000.mmc [48060000.mmc] using External DMA
[    2.707084] mmc1: SDHCI controller on 481d8000.mmc [481d8000.mmc] using External DMA
[    2.715639] cpsw-switch 4a100000.switch: starting ndev. mode: dual_mac
[    2.782076] mmc1: new high speed MMC card at address 0001
[    2.788897] mmcblk1: mmc1:0001 MMC04G 3.60 GiB
[    2.796850]  mmcblk1: p1 p2
[    2.801171] mmcblk1boot0: mmc1:0001 MMC04G 2.00 MiB
[    2.807717] SMSC LAN8710/LAN8720 4a101000.mdio:00: attached PHY driver (mii_bus:phy_addr=4a101000.mdio:00, irq=POLL)
[    2.826428] mmcblk1boot1: mmc1:0001 MMC04G 2.00 MiB
[    2.835304] mmcblk1rpmb: mmc1:0001 MMC04G 128 KiB, chardev (249:0)
[    2.885269] mmc0: new high speed SDHC card at address aaaa
[    2.892179] mmcblk0: mmc0:aaaa SE32G 29.7 GiB
[    2.901248]  mmcblk0: p1 p2
[    6.002516] cpsw-switch 4a100000.switch eth0: Link is Up - 100Mbps/Full - flow control off
[    6.041987] IP-Config: Complete:
[    6.045261]      device=eth0, hwaddr=6c:ec:eb:68:de:78, ipaddr=192.168.255.1, mask=255.255.255.0, gw=255.255.255.255
[    6.055934]      host=bbb1, domain=, nis-domain=(none)
[    6.061103]      bootserver=192.168.255.126, rootserver=192.168.255.126, rootpath=
[    6.061543] clk: Disabling unused clocks
[    6.073383] PM: genpd: Disabling unused power domains
[    6.078548] KTAP version 1
[    6.081271] 1..0
[    6.083822] check access for rdinit=/init failed: -2, ignoring
[    6.112142] VFS: Mounted root (nfs filesystem) on device 0:17.
[    6.118999] devtmpfs: mounted
[    6.123818] Freeing unused kernel image (initmem) memory: 1024K
[    6.130465] Run /sbin/init as init process
[    6.817159] systemd[1]: System time before build time, advancing clock.
[    8.331768] random: crng init done
[    8.364350] systemd[1]: systemd 232 running in system mode. (+PAM +AUDIT +SELINUX +IMA +APPARMOR +SMACK +SYSVINIT +UTMP +LIBCRYPTSETUP +GCRYPT +GNUTLS +ACL +XZ +LZ4 +SECCOMP +BLKID +ELFUTILS +KMOD +IDN)
[    8.383471] systemd[1]: Detected architecture arm.

Welcome to [1mDebian GNU/Linux 9 (stretch)[0m!

[    8.414854] systemd[1]: Set hostname to <arm>.
[    9.530198] systemd[1]: Listening on /dev/initctl Compatibility Named Pipe.
[[0;32m  OK  [0m] Listening on /dev/initctl Compatibility Named Pipe.
[    9.562165] systemd[1]: Reached target Swap.
[[0;32m  OK  [0m] Reached target Swap.
[    9.582389] systemd[1]: Listening on udev Kernel Socket.
[[0;32m  OK  [0m] Listening on udev Kernel Socket.
[    9.613153] systemd[1]: Created slice User and Session Slice.
[[0;32m  OK  [0m] Created slice User and Session Slice.
[    9.643753] systemd[1]: systemd-journald.socket: SO_PASSSEC failed: Operation not supported
[    9.652694] systemd[1]: systemd-journald.socket: SO_PASSSEC failed: Operation not supported
[    9.661278] systemd[1]: Listening on Journal Socket.
[[0;32m  OK  [0m] Listening on Journal Socket.
[[0;32m  OK  [0m] Created slice System Slice.
         Starting Remount Root and Kernel File Systems...
         Starting Create list of required stâ€¦ce nodes for the current kernel...
         Mounting POSIX Message Queue File System...
[[0;32m  OK  [0m] Listening on udev Control Socket.
[[0;32m  OK  [0m] Listening on Syslog Socket.
         Mounting Debug File System...
[[0;32m  OK  [0m] Created slice system-getty.slice.
[[0;32m  OK  [0m] Started Forward Password Requests to Wall Directory Watch.
[[0;32m  OK  [0m] Started Dispatch Password Requests to Console Directory Watch.
[[0;32m  OK  [0m] Reached target Encrypted Volumes.
[[0;32m  OK  [0m] Reached target Paths.
[[0;32m  OK  [0m] Listening on Journal Audit Socket.
         Starting Load Kernel Modules...
[[0;32m  OK  [0m] Set up automount Arbitrary Executabâ€¦rmats File System Automount Point.
[[0;32m  OK  [0m] Created slice system-serial\x2dgetty.slice.
[[0;32m  OK  [0m] Reached target Slices.
[[0;32m  OK  [0m] Reached target Remote File Systems.
[[0;32m  OK  [0m] Listening on Journal Socket (/dev/log).
         Starting Journal Service...
[[0;32m  OK  [0m] Mounted POSIX Message Queue File System.
[[0;32m  OK  [0m] Mounted Debug File System.
[[0;32m  OK  [0m] Started Remount Root and Kernel File Systems.
[[0;32m  OK  [0m] Started Create list of required staâ€¦vice nodes for the current kernel.
[[0;32m  OK  [0m] Started Load Kernel Modules.
         Mounting Configuration File System...
         Starting Apply Kernel Variables...
         Starting Create Static Device Nodes in /dev...
         Starting Load/Save Random Seed...
         Starting udev Coldplug all Devices...
[[0;32m  OK  [0m] Mounted Configuration File System.
[[0;32m  OK  [0m] Started Apply Kernel Variables.
[[0;32m  OK  [0m] Started Load/Save Random Seed.
[[0;32m  OK  [0m] Started Create Static Device Nodes in /dev.
[[0;32m  OK  [0m] Reached target Local File Systems (Pre).
[[0;32m  OK  [0m] Reached target Local File Systems.
         Starting Raise network interfaces...
         Starting udev Kernel Device Manager...
[[0;32m  OK  [0m] Started Journal Service.
         Starting Flush Journal to Persistent Storage...
[   11.821649] systemd-journald[91]: Received request to flush runtime journal from PID 1
[[0;32m  OK  [0m] Started Flush Journal to Persistent Storage.
         Starting Create Volatile Files and Directories...
[[0;32m  OK  [0m] Started udev Kernel Device Manager.
[[0;32m  OK  [0m] Started Create Volatile Files and Directories.
         Starting Update UTMP about System Boot/Shutdown...
[   13.297451] omap_prm 44e00d00.prm: sync_state() pending due to 44d00000.cpu
         Starting Network Time Synchronization...
[[0;32m  OK  [0m] Started Update UTMP about System Boot/Shutdown.
[[0;32m  OK  [0m] Started udev Coldplug all Devices.
[   15.123850] remoteproc remoteproc0: wkup_m3 is available
[   15.173570] at24 2-0054: supply vcc not found, using dummy regulator
[   15.182249] omap_rtc 44e3e000.rtc: registered as rtc0
[   15.187419] omap_rtc 44e3e000.rtc: setting system clock to 2000-01-01T00:00:00 UTC (946684800)
[[0;32m  OK  [0m] Started Network Time Synchronization.
[   15.328045] at24 2-0055: supply vcc not found, using dummy regulator
[   15.410280] at24 2-0056: supply vcc not found, using dummy regulator
[   15.508426] at24 2-0057: supply vcc not found, using dummy regulator
[   15.649373] at24 0-0050: 32768 byte 24c256 EEPROM, writable, 1 bytes/write
[   15.809793] input: tps65217_pwrbutton as /devices/platform/ocp/44c00000.interconnect/44c00000.interconnect:segment@200000/44e0b000.target-module/44e0b000.i2c/i2c-0/0-0024/tps65217-pwrbutton/input/input0
[[0;32m  OK  [0m] Found device /dev/ttyS0.
[[0;32m  OK  [0m] Reached target System Initialization.
[[0;32m  OK  [0m] Listening on Avahi mDNS/DNS-SD Stack Activation Socket.
[[0;32m  OK  [0m] Started Daily Cleanup of Temporary Directories.
[[0;32m  OK  [0m] Listening on D-Bus System Message Bus Socket.
[[0;32m  OK  [0m] Reached target Sockets.
[   16.197252] omap_wdt: OMAP Watchdog Timer Rev 0x01: initial timeout 60 sec
[[0;32m  OK  [0m] Reached target Basic System.
[   16.295664] am335x-phy-driver 47401300.usb-phy: dummy supplies not allowed for exclusive requests (id=vbus)
         Starting System Logging Service...
[[0;32m  OK  [0m] Started Regular background program processing daemon.
[   16.729856] am335x-phy-driver 47401b00.usb-phy: dummy supplies not allowed for exclusive requests (id=vbus)
         Starting DUN service...
         Starting Avahi mDNS/DNS-SD Stack...
[   16.933197] usbcore: registered new interface driver usbfs
[   16.938862] usbcore: registered new interface driver hub
[   16.945136] usbcore: registered new device driver usb
         Starting Cape Manager Service...
         Starting LSB: Load kernel modules needed to enable cpufreq scaling...
         Starting LSB: Start busybox udhcpd at boot time...
[   17.447500] tda998x 0-0070: found TDA19988
         Starting Generic Board Startup...
[[0;32m  OK  [0m] Started D-Bus System Message Bus.
[   17.857448] musb-hdrc musb-hdrc.1: MUSB HDRC host driver
[   17.863015] musb-hdrc musb-hdrc.1: new USB bus registered, assigned bus number 1
[   18.115531] usb usb1: New USB device found, idVendor=1d6b, idProduct=0002, bcdDevice= 6.18
[   18.124236] usb usb1: New USB device strings: Mfr=3, Product=2, SerialNumber=1
[   18.131511] usb usb1: Product: MUSB HDRC host driver
[   18.136645] usb usb1: Manufacturer: Linux 6.18.0-rc4-next-20251103 musb-hcd
[   18.143685] usb usb1: SerialNumber: musb-hdrc.1
[   18.396782] omap-mailbox 480c8000.mailbox: omap mailbox rev 0x400
[   18.532587] remoteproc remoteproc0: powering up wkup_m3
[   18.630679] hub 1-0:1.0: USB hub found
[   18.671072] remoteproc remoteproc0: Direct firmware load for am335x-pm-firmware.elf failed with error -2
[   18.680789] remoteproc remoteproc0: request_firmware failed: -2
[   18.686820] wkup_m3_ipc 44e11324.wkup_m3_ipc: rproc_boot failed
[   18.731896] hub 1-0:1.0: 1 port detected
[   21.346577] omap_rng 48310000.rng: Random Number Generator ver. 20
[   21.568839] tilcdc 4830e000.lcdc: bound 0-0070 (ops tda998x_driver_exit [tda998x])
[   21.690030] [drm] Initialized tilcdc 1.0.0 for 4830e000.lcdc on minor 0
[   21.748681] tilcdc 4830e000.lcdc: [drm] Cannot find any crtc or sizes
[   21.758771] tilcdc 4830e000.lcdc: [drm] Cannot find any crtc or sizes
[[0;32m  OK  [0m] Started DUN service.
         Starting Connection service...
[   21.949447] ------------[ cut here ]------------
[   21.954282] WARNING: net/8021q/vlan_core.c:236 at vlan_for_each+0x114/0x134, CPU#0: avahi-daemon/197
[   21.963585] RTNL: assertion failed at net/8021q/vlan_core.c (236)
[   21.969713] Modules linked in: tilcdc drm_dma_helper omap_rng drm_client_lib rng_core snd_soc_davinci_mcasp snd_soc_ti_udma snd_soc_ti_edma snd_soc_ti_sdma snd_soc_core snd_pcm_dmaengine snd_pcm omap_mailbox snd_timer snd soundcore musb_dsps musb_hdrc tda998x udc_core cec usbcore drm_kms_helper phy_am335x phy_generic omap_wdt usb_common cppi41 watchdog wkup_m3_ipc phy_am335x_control drm tps65218_pwrbutton drm_panel_orientation_quirks at24 rtc_omap wkup_m3_rproc leds_gpio cpufreq_dt led_class autofs4
[   22.014486] CPU: 0 UID: 107 PID: 197 Comm: avahi-daemon Not tainted 6.18.0-rc4-next-20251103 #1 NONE 
[   22.014508] Hardware name: Generic AM33XX (Flattened Device Tree)
[   22.014517] Call trace: 
[   22.014534]  unwind_backtrace from show_stack+0x10/0x14
[   22.014572]  show_stack from dump_stack_lvl+0x50/0x64
[   22.014597]  dump_stack_lvl from __warn+0x88/0x148
[   22.014615]  __warn from warn_slowpath_fmt+0x19c/0x1b0
[   22.014628]  warn_slowpath_fmt from vlan_for_each+0x114/0x134
[   22.014650]  vlan_for_each from cpsw_add_mc_addr+0x40/0xa4
[   22.014680]  cpsw_add_mc_addr from __hw_addr_ref_sync_dev+0x108/0x140
[   22.014699]  __hw_addr_ref_sync_dev from __dev_mc_add+0x7c/0x80
[   22.014712]  __dev_mc_add from igmp6_group_added+0xc8/0xe0
[   22.014740]  igmp6_group_added from __ipv6_dev_mc_inc+0x218/0x364
[   22.014762]  __ipv6_dev_mc_inc from __ipv6_sock_mc_join+0x11c/0x1c0
[   22.014782]  __ipv6_sock_mc_join from do_ipv6_setsockopt+0x1214/0x1310
[   22.014801]  do_ipv6_setsockopt from ipv6_setsockopt+0x60/0xcc
[   22.014814]  ipv6_setsockopt from udpv6_setsockopt+0x2c/0x6c
[   22.014828]  udpv6_setsockopt from sock_common_setsockopt+0x30/0x40
[   22.014846]  sock_common_setsockopt from do_sock_setsockopt+0x50/0x9c
[   22.014872]  do_sock_setsockopt from __sys_setsockopt+0x70/0xbc
[   22.014896]  __sys_setsockopt from ret_fast_syscall+0x0/0x58
[   22.014914] Exception stack(0xe0161fa8 to 0xe0161ff0)
[   22.014929] 1fa0:                   00000014 b6fc0ce8 0000000d 00000029 00000014 bed929ec
[   22.014940] 1fc0: 00000014 b6fc0ce8 00000014 00000126 0000000d b6f69ff4 0050e988 004f6558
[   22.014949] 1fe0: b6f7f088 bed929d8 b6f5c309 b6e3341a
[   22.014957] ---[ end trace 0000000000000000 ]---
         Starting Login Service...
         Starting Telephony service...
[[0;32m  OK  [0m] Reached target System Time Synchronized.
[[0;32m  OK  [0m] Started Daily apt download activities.
[[0;32m  OK  [0m] Started Daily apt upgrade and clean activities.
[[0;32m  OK  [0m] Reached target Timers.
[[0;32m  OK  [0m] Started System Logging Service.
[[0;32m  OK  [0m] Started Cape Manager Service.
[   23.561578] omap-sham 53100000.sham: hw accel on OMAP rev 4.3
[   23.650490] omap-sham 53100000.sham: will run requests pump with realtime priority
[   23.894207] PM: Cannot get wkup_m3_ipc handle
[   23.924660] omap-aes 53500000.aes: OMAP AES hw accel rev: 3.2
[   24.022962] omap-aes 53500000.aes: will run requests pump with realtime priority
[   24.046032] PM: Cannot get wkup_m3_ipc handle
[   25.401686] Bluetooth: Core ver 2.22
[   25.405711] NET: Registered PF_BLUETOOTH protocol family
[   25.411058] Bluetooth: HCI device and connection manager initialized
[   25.417563] Bluetooth: HCI socket layer initialized
[   25.422525] Bluetooth: L2CAP socket layer initialized
[   25.427635] Bluetooth: SCO socket layer initialized
[[0;32m  OK  [0m] Started LSB: Start busybox udhcpd at boot time.
[   28.180120] PM: Cannot get wkup_m3_ipc handle
[   28.196292] gpio-537 (nxp,calib): gpiod_direction_output_nonotify: tried to set a GPIO tied to an IRQ as output
[   28.318412] PM: Cannot get wkup_m3_ipc handle
[   28.500810] tda9950 0-0034: TDA9950 CEC interface, hardware version 3.3
[   28.643413] PM: Cannot get wkup_m3_ipc handle
[[0;32m  OK  [0m] Started Raise network interfaces.
[[0;32m  OK  [0m] Started LSB: Load kernel modules needed to enable cpufreq scaling.
[   30.057727] configfs-gadget.g_multi gadget.0: HOST MAC 1c:ba:8c:a2:ed:6c
[   30.064729] configfs-gadget.g_multi gadget.0: MAC 1c:ba:8c:a2:ed:70
[   30.072153] configfs-gadget.g_multi gadget.0: HOST MAC 1c:ba:8c:a2:ed:6c
[   30.078920] configfs-gadget.g_multi gadget.0: MAC 1c:ba:8c:a2:ed:6d
[   30.086575] PM: Cannot get wkup_m3_ipc handle
[[0;32m  OK  [0m] Started Avahi mDNS/DNS-SD Stack.
[[0;32m  OK  [0m] Started Telephony service.
[[0;32m  OK  [0m] Started Connection service.
[[0;32m  OK  [0m] Started Login Service.
         Starting Hostname Service...
         Starting WPA supplicant...
[[0;32m  OK  [0m] Reached target Sound Card.
         Starting LSB: set CPUFreq kernel parameters...
[[0;32m  OK  [0m] Started WPA supplicant.
[[0;32m  OK  [0m] Started Hostname Service.
[[0;32m  OK  [0m] Reached target Network.
         Starting The Apache HTTP Server...
[[0;32m  OK  [0m] Reached target Network is Online.
         Starting LSB: Advanced IEEE 802.11 management daemon...
         Starting OpenBSD Secure Shell server...
         Starting Permit User Sessions...
[[0;32m  OK  [0m] Started LSB: set CPUFreq kernel parameters.
[[0;32m  OK  [0m] Started LSB: Advanced IEEE 802.11 management daemon.
[[0;32m  OK  [0m] Started Permit User Sessions.
[[0;32m  OK  [0m] Started Serial Getty on ttyS0.
[[0;32m  OK  [0m] Started Getty on tty1.
[[0;32m  OK  [0m] Reached target Login Prompts.
         Stopping LSB: Start busybox udhcpd at boot time...
[[0;32m  OK  [0m] Stopped LSB: Start busybox udhcpd at boot time.
[[0;32m  OK  [0m] Started OpenBSD Secure Shell server.
         Starting dnsmasq - A lightweight DHCP and caching DNS server...
[[0;32m  OK  [0m] Started The Apache HTTP Server.
[[0;32m  OK  [0m] Started dnsmasq - A lightweight DHCP and caching DNS server.
[[0;32m  OK  [0m] Reached target Host and Network Name Lookups.
[[0;32m  OK  [0m] Started Serial Getty on ttyGS0.
[[0;32m  OK  [0m] Started Generic Board Startup.
[[0;32m  OK  [0m] Reached target Multi-User System.
[[0;32m  OK  [0m] Reached target Graphical Interface.
         Starting Update UTMP about System Runlevel Changes...
[[0;32m  OK  [0m] Started Update UTMP about System Runlevel Changes.

Debian GNU/Linux 9 arm ttyS0

default username:password is [debian:temppwd]

arm login: root
Password: 
Last login: Sat Jan  1 00:00:33 UTC 2000 on ttyS0
root
Linux arm 6.18.0-rc4-next-20251103 #1 SMP Mon Nov  3 08:07:23 EET 2025 armv7l

The programs included with the Debian GNU/Linux system are free software;
the exact distribution terms for each program are described in the
individual files in /usr/share/doc/*/copyright.

Debian GNU/Linux comes with ABSOLUTELY NO WARRANTY, to the extent
permitted by applicable law.
root@arm:~# root
dmesg -n 1
-bash: root: command not found
root@arm:~# dmesg -n 1
root@arm:~# echo 'CUXL''LUOJXO'
CUXLLUOJXO
root@arm:~# run() { echo -n "$MARKER"; sh -c "$@"; echo "$MARKER $?"; }
root@arm:~# echo 'GXTX''BSMQEU'
GXTXBSMQEU
root@arm:~# MARKER='ESQP''TVYTEQ' run 'cat /proc/version'
ESQPTVYTEQLinux version 6.18.0-rc4-next-20251103 (user01@drvtest01) (arm-none-eabi-gcc (Arm GNU Toolchain 14.2.Rel1 (Build arm-14.52)) 14.2.1 20241119, GNU ld (Arm GNU Toolchain 14.2.Rel1 (Build arm-14.52)) 2.43.1.20241119) #1 SMP Mon Nov  3 08:07:23 EET 2025
ESQPTVYTEQ 0
root@arm:~# echo 'SBKA''AMOMWZ'
SBKAAMOMWZ
root@arm:~# MARKER='SQAU''XGSUUH' run false
SQAUXGSUUHSQAUXGSUUH 1
root@arm:~# Labgrid Console Logfile for main
Logfile started at 2025-11-03 08:09:41.883491
=== Log starts here ===

root@arm:~# run() { echo -n "$MARKER"; sh -c "$@"; echo "$MARKER $?"; }
root@arm:~# echo 'PFEC''KTGEXW'
PFECKTGEXW
root@arm:~# MARKER='KXOL''XCBUEW' run 'ls /iio_generic_buffer; echo $?'
KXOLXCBUEW/iio_generic_buffer
0
KXOLXCBUEW 0
root@arm:~# Labgrid Console Logfile for main
Logfile started at 2025-11-03 08:09:45.257306
=== Log starts here ===

root@arm:~# run() { echo -n "$MARKER"; sh -c "$@"; echo "$MARKER $?"; }
root@arm:~# echo 'FHKH''MEOZKB'
FHKHMEOZKB
root@arm:~# MARKER='BEBK''LSBLUT' run dmesg
BEBKLSBLUT[    0.000000] Booting Linux on physical CPU 0x0
[    0.000000] Linux version 6.18.0-rc4-next-20251103 (user01@drvtest01) (arm-none-eabi-gcc (Arm GNU Toolchain 14.2.Rel1 (Build arm-14.52)) 14.2.1 20241119, GNU ld (Arm GNU Toolchain 14.2.Rel1 (Build arm-14.52)) 2.43.1.20241119) #1 SMP Mon Nov  3 08:07:23 EET 2025
[    0.000000] CPU: ARMv7 Processor [413fc082] revision 2 (ARMv7), cr=10c5387d
[    0.000000] CPU: PIPT / VIPT nonaliasing data cache, VIPT aliasing instruction cache
[    0.000000] OF: fdt: Machine model: TI AM335x BeagleBone Black
[    0.000000] Memory policy: Data cache writeback
[    0.000000] cma: Reserved 16 MiB at 0x9e800000
[    0.000000] Zone ranges:
[    0.000000]   Normal   [mem 0x0000000080000000-0x000000009fdfffff]
[    0.000000]   HighMem  empty
[    0.000000] Movable zone start for each node
[    0.000000] Early memory node ranges
[    0.000000]   node   0: [mem 0x0000000080000000-0x000000009fdfffff]
[    0.000000] Initmem setup node 0 [mem 0x0000000080000000-0x000000009fdfffff]
[    0.000000] On node 0, zone Normal: 512 pages in unavailable ranges
[    0.000000] OF: reserved mem: Reserved memory: No reserved-memory node in the DT
[    0.000000] CPU: All CPU(s) started in SVC mode.
[    0.000000] AM335X ES2.1 (sgx neon)
[    0.000000] percpu: Embedded 17 pages/cpu s39948 r8192 d21492 u69632
[    0.000000] pcpu-alloc: s39948 r8192 d21492 u69632 alloc=17*4096
[    0.000000] pcpu-alloc: [0] 0 
[    0.000000] Kernel command line: console=ttyO0,115200n8 root=/dev/nfs rw nfsroot=192.168.255.126:/home/user01/nfs,nfsvers=3 ip=192.168.255.1:192.168.255.126::255.255.255.0:bbb1:eth0 nfsrootdebug
[    0.000000] Unknown kernel command line parameters "nfsrootdebug", will be passed to user space.
[    0.000000] printk: log buffer data + meta data: 65536 + 204800 = 270336 bytes
[    0.000000] Dentry cache hash table entries: 65536 (order: 6, 262144 bytes, linear)
[    0.000000] Inode-cache hash table entries: 32768 (order: 5, 131072 bytes, linear)
[    0.000000] Built 1 zonelists, mobility grouping on.  Total pages: 130560
[    0.000000] mem auto-init: stack:off, heap alloc:off, heap free:off
[    0.000000] SLUB: HWalign=16, Order=0-3, MinObjects=0, CPUs=1, Nodes=1
[    0.000000] rcu: Hierarchical RCU implementation.
[    0.000000] rcu: 	RCU event tracing is enabled.
[    0.000000] rcu: 	RCU restricting CPUs from NR_CPUS=2 to nr_cpu_ids=1.
[    0.000000] 	Tracing variant of Tasks RCU enabled.
[    0.000000] rcu: RCU calculated value of scheduler-enlistment delay is 10 jiffies.
[    0.000000] rcu: Adjusting geometry for rcu_fanout_leaf=16, nr_cpu_ids=1
[    0.000000] RCU Tasks Trace: Setting shift to 0 and lim to 1 rcu_task_cb_adjust=1 rcu_task_cpu_ids=1.
[    0.000000] NR_IRQS: 16, nr_irqs: 16, preallocated irqs: 16
[    0.000000] IRQ: Found an INTC at 0x(ptrval) (revision 5.0) with 128 interrupts
[    0.000000] rcu: srcu_init: Setting srcu_struct sizes based on contention.
[    0.000000] TI gptimer clocksource: always-on /ocp/interconnect@44c00000/segment@200000/target-module@31000
[    0.000002] sched_clock: 32 bits at 24MHz, resolution 41ns, wraps every 89478484971ns
[    0.000027] clocksource: dmtimer: mask: 0xffffffff max_cycles: 0xffffffff, max_idle_ns: 79635851949 ns
[    0.000501] TI gptimer clockevent: 24000000 Hz at /ocp/interconnect@48000000/segment@0/target-module@40000
[    0.002076] Console: colour dummy device 80x30
[    0.002146] WARNING: Your 'console=ttyO0' has been replaced by 'ttyS0'
[    0.002154] This ensures that you still see kernel messages. Please
[    0.002158] update your kernel commandline.
[    0.002199] Calibrating delay loop... 996.14 BogoMIPS (lpj=4980736)
[    0.090615] CPU: Testing write buffer coherency: ok
[    0.090701] CPU0: Spectre v2: using BPIALL workaround
[    0.090710] pid_max: default: 32768 minimum: 301
[    0.091026] Mount-cache hash table entries: 1024 (order: 0, 4096 bytes, linear)
[    0.091049] Mountpoint-cache hash table entries: 1024 (order: 0, 4096 bytes, linear)
[    0.092642] CPU0: thread -1, cpu 0, socket -1, mpidr 0
[    0.092699] cacheinfo: Unable to detect cache hierarchy for CPU 0
[    0.094672] Setting up static identity map for 0x80100000 - 0x80100078
[    0.094991] rcu: Hierarchical SRCU implementation.
[    0.095002] rcu: 	Max phase no-delay instances is 1000.
[    0.096692] smp: Bringing up secondary CPUs ...
[    0.096749] smp: Brought up 1 node, 1 CPU
[    0.096762] SMP: Total of 1 processors activated (996.14 BogoMIPS).
[    0.096773] CPU: All CPU(s) started in SVC mode.
[    0.096984] Memory: 479952K/522240K available (12288K kernel code, 1224K rwdata, 2956K rodata, 1024K init, 258K bss, 24360K reserved, 16384K cma-reserved, 0K highmem)
[    0.097801] devtmpfs: initialized
[    0.115448] VFP support v0.3: implementor 41 architecture 3 part 30 variant c rev 3
[    0.116114] clocksource: jiffies: mask: 0xffffffff max_cycles: 0xffffffff, max_idle_ns: 19112604462750000 ns
[    0.116171] posixtimers hash table entries: 512 (order: 0, 4096 bytes, linear)
[    0.116197] futex hash table entries: 256 (16384 bytes on 1 NUMA nodes, total 16 KiB, linear).
[    0.119398] NET: Registered PF_NETLINK/PF_ROUTE protocol family
[    0.122537] DMA: preallocated 256 KiB pool for atomic coherent allocations
[    0.123158] audit: initializing netlink subsys (disabled)
[    0.124508] thermal_sys: Registered thermal governor 'fair_share'
[    0.124522] thermal_sys: Registered thermal governor 'step_wise'
[    0.124531] thermal_sys: Registered thermal governor 'user_space'
[    0.124637] audit: type=2000 audit(0.120:1): state=initialized audit_enabled=0 res=1
[    0.124705] cpuidle: using governor menu
[    0.142558] /ocp/interconnect@44c00000/segment@200000/target-module@b000/i2c@0/tda19988@70: Fixed dependency cycle(s) with /ocp/interconnect@48000000/segment@300000/target-module@e000/lcdc@0
[    0.143659] /ocp/interconnect@48000000/segment@300000/target-module@e000/lcdc@0: Fixed dependency cycle(s) with /ocp/interconnect@44c00000/segment@200000/target-module@b000/i2c@0/tda19988@70
[    0.145849] No ATAGs?
[    0.145888] hw-breakpoint: debug architecture 0x4 unsupported.
[    0.148973] kprobes: kprobe jump-optimization is enabled. All kprobes are optimized if possible.
[    0.154019] iommu: Default domain type: Translated
[    0.154043] iommu: DMA domain TLB invalidation policy: strict mode
[    0.155614] reg-fixed-voltage fixedregulator0: using DT '/fixedregulator0' for '(default)' GPIO lookup
[    0.155668] of_get_named_gpiod_flags: can't parse 'gpios' property of node '/fixedregulator0[0]'
[    0.155696] of_get_named_gpiod_flags: can't parse 'gpio' property of node '/fixedregulator0[0]'
[    0.155715] reg-fixed-voltage fixedregulator0: using lookup tables for GPIO lookup
[    0.155726] reg-fixed-voltage fixedregulator0: No GPIO consumer (default) found
[    0.161481] SCSI subsystem initialized
[    0.161955] libata version 3.00 loaded.
[    0.162338] pps_core: LinuxPPS API ver. 1 registered
[    0.162350] pps_core: Software ver. 5.3.6 - Copyright 2005-2007 Rodolfo Giometti <giometti@linux.it>
[    0.162374] PTP clock support registered
[    0.171351] vgaarb: loaded
[    0.171746] clocksource: Switched to clocksource dmtimer
[    0.172364] VFS: Disk quotas dquot_6.6.0
[    0.172425] VFS: Dquot-cache hash table entries: 1024 (order 0, 4096 bytes)
[    0.196579] NET: Registered PF_INET protocol family
[    0.196919] IP idents hash table entries: 8192 (order: 4, 65536 bytes, linear)
[    0.198332] tcp_listen_portaddr_hash hash table entries: 512 (order: 0, 4096 bytes, linear)
[    0.198367] Table-perturb hash table entries: 65536 (order: 6, 262144 bytes, linear)
[    0.198384] TCP established hash table entries: 4096 (order: 2, 16384 bytes, linear)
[    0.198430] TCP bind hash table entries: 4096 (order: 4, 65536 bytes, linear)
[    0.198531] TCP: Hash tables configured (established 4096 bind 4096)
[    0.198650] UDP hash table entries: 256 (order: 2, 14336 bytes, linear)
[    0.198684] UDP-Lite hash table entries: 256 (order: 2, 14336 bytes, linear)
[    0.198887] NET: Registered PF_UNIX/PF_LOCAL protocol family
[    0.202559] RPC: Registered named UNIX socket transport module.
[    0.202581] RPC: Registered udp transport module.
[    0.202586] RPC: Registered tcp transport module.
[    0.202591] RPC: Registered tcp-with-tls transport module.
[    0.202596] RPC: Registered tcp NFSv4.1 backchannel transport module.
[    0.202621] PCI: CLS 0 bytes, default 64
[    0.204065] Initialise system trusted keyrings
[    0.212154] workingset: timestamp_bits=14 max_order=17 bucket_order=3
[    0.213601] NFS: Registering the id_resolver key type
[    0.213669] Key type id_resolver registered
[    0.213676] Key type id_legacy registered
[    0.213793] jffs2: version 2.2. (NAND) (SUMMARY)  Â© 2001-2006 Red Hat, Inc.
[    0.214265] Key type asymmetric registered
[    0.214284] Asymmetric key parser 'x509' registered
[    0.214358] io scheduler mq-deadline registered
[    0.214368] io scheduler kyber registered
[    0.214450] io scheduler bfq registered
[    0.216322] target-module@4b000000:target-module@140000:pmu@0:fck: device ID is greater than 24
[    0.222142] ledtrig-cpu: registered to indicate activity on CPUs
[    0.232011] Serial: 8250/16550 driver, 6 ports, IRQ sharing enabled
[    0.265724] brd: module loaded
[    0.286947] loop: module loaded
[    0.287893] mtdoops: mtd device (mtddev=name/number) must be supplied
[    0.289443] mdio_bus fixed-0: using lookup tables for GPIO lookup
[    0.289469] mdio_bus fixed-0: No GPIO consumer reset found
[    0.290911] i2c_dev: i2c /dev entries driver
[    0.292101] cpuidle: enable-method property 'ti,am3352' found operations
[    0.292574] sdhci: Secure Digital Host Controller Interface driver
[    0.292586] sdhci: Copyright(c) Pierre Ossman
[    0.292775] sdhci-pltfm: SDHCI platform and OF driver helper
[    0.302127] hw perfevents: enabled with armv7_cortex_a8 PMU driver, 5 (8000000f) counters available
[    0.302695] Initializing XFRM netlink socket
[    0.302870] NET: Registered PF_INET6 protocol family
[    0.304898] Segment Routing with IPv6
[    0.304981] In-situ OAM (IOAM) with IPv6
[    0.305077] sit: IPv6, IPv4 and MPLS over IPv4 tunneling driver
[    0.306055] NET: Registered PF_PACKET protocol family
[    0.306075] PFKEY is deprecated and scheduled to be removed in 2027, please contact the netdev mailing list
[    0.306092] NET: Registered PF_KEY protocol family
[    0.306213] Key type dns_resolver registered
[    0.306437] ThumbEE CPU extension supported.
[    0.306459] Registering SWP/SWPB emulation handler
[    0.306984] omap_voltage_late_init: Voltage driver support not added
[    0.307663] SmartReflex Class3 initialized
[    0.343697] Loading compiled-in X.509 certificates
[    0.380830] /ocp/interconnect@44c00000/segment@200000/target-module@b000/i2c@0/tda19988@70: Fixed dependency cycle(s) with /ocp/interconnect@48000000/segment@300000/target-module@e000/lcdc@0
[    0.387391] /ocp/interconnect@44c00000/segment@200000/target-module@b000/i2c@0/tda19988@70: Fixed dependency cycle(s) with /ocp/interconnect@48000000/segment@300000/target-module@e000/lcdc@0
[    0.393095] gpiochip_find_base_unlocked: found new base at 512
[    0.443762] /ocp/interconnect@44c00000/segment@200000/target-module@b000/i2c@0/tda19988@70: Fixed dependency cycle(s) with /ocp/interconnect@48000000/segment@300000/target-module@e000/lcdc@0
[    0.444668] /ocp/interconnect@44c00000/segment@200000/target-module@b000/i2c@0/tda19988@70: Fixed dependency cycle(s) with /ocp/interconnect@48000000/segment@300000/target-module@e000/lcdc@0
[    0.448239] /ocp/interconnect@44c00000/segment@200000/target-module@10000/scm@0/pinmux@800: Fixed dependency cycle(s) with /ocp/interconnect@44c00000/segment@200000/target-module@10000/scm@0/pinmux@800/clkout2-pins
[    0.448825] pinctrl-single 44e10800.pinmux: 142 pins, size 568
[    0.454483] ti-sysc 44e31000.target-module: probe with driver ti-sysc failed with error -16
[    0.482381] /ocp/interconnect@48000000/segment@300000/target-module@e000/lcdc@0: Fixed dependency cycle(s) with /ocp/interconnect@44c00000/segment@200000/target-module@b000/i2c@0/tda19988@70
[    0.490540] ti-sysc 48040000.target-module: probe with driver ti-sysc failed with error -16
[    0.502397] gpiochip_find_base_unlocked: found new base at 512
[    0.502501] gpio gpiochip0: (gpio-0-31): created GPIO range 0->7 ==> 44e10800.pinmux PIN 0->7
[    0.502522] gpio gpiochip0: (gpio-0-31): created GPIO range 8->11 ==> 44e10800.pinmux PIN 90->93
[    0.502538] gpio gpiochip0: (gpio-0-31): created GPIO range 12->27 ==> 44e10800.pinmux PIN 12->27
[    0.502554] gpio gpiochip0: (gpio-0-31): created GPIO range 28->31 ==> 44e10800.pinmux PIN 30->33
[    0.537122] gpio gpiochip0: (gpio-0-31): added GPIO chardev (254:0)
[    0.537373] gpio gpiochip0: registered GPIOs 512 to 543 on gpio-0-31
[    0.537463] OMAP GPIO hardware version 0.1
[    0.563560] i2c i2c-2: using DT '/ocp/interconnect@48000000/segment@100000/target-module@9c000/i2c@0' for 'scl' GPIO lookup
[    0.563634] of_get_named_gpiod_flags: can't parse 'scl-gpios' property of node '/ocp/interconnect@48000000/segment@100000/target-module@9c000/i2c@0[0]'
[    0.563676] of_get_named_gpiod_flags: can't parse 'scl-gpio' property of node '/ocp/interconnect@48000000/segment@100000/target-module@9c000/i2c@0[0]'
[    0.563713] i2c i2c-2: using lookup tables for GPIO lookup
[    0.563723] i2c i2c-2: No GPIO consumer scl found
[    0.563744] i2c i2c-2: using DT '/ocp/interconnect@48000000/segment@100000/target-module@9c000/i2c@0' for 'sda' GPIO lookup
[    0.563780] of_get_named_gpiod_flags: can't parse 'sda-gpios' property of node '/ocp/interconnect@48000000/segment@100000/target-module@9c000/i2c@0[0]'
[    0.563818] of_get_named_gpiod_flags: can't parse 'sda-gpio' property of node '/ocp/interconnect@48000000/segment@100000/target-module@9c000/i2c@0[0]'
[    0.563850] i2c i2c-2: using lookup tables for GPIO lookup
[    0.563857] i2c i2c-2: No GPIO consumer sda found
[    0.564583] omap_i2c 4819c000.i2c: bus 2 rev0.11 at 100 kHz
[    0.570267] gpiochip_find_base_unlocked: found new base at 544
[    0.570390] gpio gpiochip1: (gpio-32-63): created GPIO range 0->17 ==> 44e10800.pinmux PIN 34->51
[    0.570416] gpio gpiochip1: (gpio-32-63): created GPIO range 18->21 ==> 44e10800.pinmux PIN 77->80
[    0.570432] gpio gpiochip1: (gpio-32-63): created GPIO range 22->31 ==> 44e10800.pinmux PIN 56->65
[    0.589446] gpio gpiochip1: (gpio-32-63): added GPIO chardev (254:1)
[    0.589675] gpio gpiochip1: registered GPIOs 544 to 575 on gpio-32-63
[    0.592185] gpiochip_find_base_unlocked: found new base at 576
[    0.592277] gpio gpiochip2: (gpio-64-95): created GPIO range 0->4 ==> 44e10800.pinmux PIN 66->70
[    0.592297] gpio gpiochip2: (gpio-64-95): created GPIO range 5->6 ==> 44e10800.pinmux PIN 98->99
[    0.592313] gpio gpiochip2: (gpio-64-95): created GPIO range 7->8 ==> 44e10800.pinmux PIN 75->76
[    0.592328] gpio gpiochip2: (gpio-64-95): created GPIO range 13->13 ==> 44e10800.pinmux PIN 141->141
[    0.592345] gpio gpiochip2: (gpio-64-95): created GPIO range 14->21 ==> 44e10800.pinmux PIN 100->107
[    0.603518] gpio gpiochip2: (gpio-64-95): added GPIO chardev (254:2)
[    0.603764] gpio gpiochip2: registered GPIOs 576 to 607 on gpio-64-95
[    0.609543] 48000000.interconnect:segment@200000:target-module@0:mpu@0:fck: device ID is greater than 24
[    0.610448] /ocp/interconnect@48000000/segment@300000/target-module@e000/lcdc@0: Fixed dependency cycle(s) with /ocp/interconnect@44c00000/segment@200000/target-module@b000/i2c@0/tda19988@70
[    0.613628] /ocp/interconnect@48000000/segment@300000/target-module@e000/lcdc@0: Fixed dependency cycle(s) with /ocp/interconnect@44c00000/segment@200000/target-module@b000/i2c@0/tda19988@70
[    0.614373] /ocp/interconnect@44c00000/segment@200000/target-module@b000/i2c@0/tda19988@70: Fixed dependency cycle(s) with /ocp/interconnect@48000000/segment@300000/target-module@e000/lcdc@0
[    0.614548] /ocp/interconnect@48000000/segment@300000/target-module@e000/lcdc@0: Fixed dependency cycle(s) with /ocp/interconnect@44c00000/segment@200000/target-module@b000/i2c@0/tda19988@70
[    0.622082] sdhci-omap 481d8000.mmc: using DT '/ocp/interconnect@48000000/segment@100000/target-module@d8000/mmc@0' for 'wp' GPIO lookup
[    0.622154] of_get_named_gpiod_flags: can't parse 'wp-gpios' property of node '/ocp/interconnect@48000000/segment@100000/target-module@d8000/mmc@0[0]'
[    0.622199] of_get_named_gpiod_flags: can't parse 'wp-gpio' property of node '/ocp/interconnect@48000000/segment@100000/target-module@d8000/mmc@0[0]'
[    0.622236] sdhci-omap 481d8000.mmc: using lookup tables for GPIO lookup
[    0.622247] sdhci-omap 481d8000.mmc: No GPIO consumer wp found
[    0.622445] sdhci-omap 481d8000.mmc: supply pbias not found, using dummy regulator
[    0.623131] sdhci-omap 481d8000.mmc: supply vqmmc not found, using dummy regulator
[    0.662293] mdio_bus 4a101000.mdio: using DT '/ocp/interconnect@4a000000/segment@0/target-module@100000/switch@0/mdio@1000' for 'reset' GPIO lookup
[    0.662366] of_get_named_gpiod_flags: can't parse 'reset-gpios' property of node '/ocp/interconnect@4a000000/segment@0/target-module@100000/switch@0/mdio@1000[0]'
[    0.662415] of_get_named_gpiod_flags: can't parse 'reset-gpio' property of node '/ocp/interconnect@4a000000/segment@0/target-module@100000/switch@0/mdio@1000[0]'
[    0.662462] mdio_bus 4a101000.mdio: using lookup tables for GPIO lookup
[    0.662472] mdio_bus 4a101000.mdio: No GPIO consumer reset found
[    0.731527] davinci_mdio 4a101000.mdio: davinci mdio revision 1.6, bus freq 1000000
[    0.746433] mdio_bus 4a101000.mdio:00: using DT '/ocp/interconnect@4a000000/segment@0/target-module@100000/switch@0/mdio@1000/ethernet-phy@0' for 'reset' GPIO lookup
[    0.746537] of_get_named_gpiod_flags: parsed 'reset-gpios' property of node '/ocp/interconnect@4a000000/segment@0/target-module@100000/switch@0/mdio@1000/ethernet-phy@0[0]' - status (0)
[    0.746705] gpio gpiochip0: Persistence not supported for GPIO 8
[    0.879838] davinci_mdio 4a101000.mdio: phy[0]: device 4a101000.mdio:00, driver SMSC LAN8710/LAN8720
[    0.880615] cpsw-switch 4a100000.switch: initialized cpsw ale version 1.4
[    0.880638] cpsw-switch 4a100000.switch: ALE Table size 1024, Policers 0
[    0.887832] cpsw-switch 4a100000.switch: cpts: overflow check period 500 (jiffies)
[    0.887855] cpsw-switch 4a100000.switch: CPTS: ref_clk_freq:250000000 calc_mult:2147483648 calc_shift:29 error:0 nsec/sec
[    0.887964] cpsw-switch 4a100000.switch: Detected MACID = 6c:ec:eb:68:de:78
[    0.889859] cpsw-switch 4a100000.switch: initialized (regs 0x4a100000, pool size 256) hw_ver:0019010C 1.12 (0)
[    0.920359] debugfs: '49000000.dma' already exists in 'dmaengine'
[    0.920404] edma 49000000.dma: TI EDMA DMA engine driver
[    0.963169] gpio-clk clk_mcasp0: using DT '/clk_mcasp0' for 'enable' GPIO lookup
[    0.963244] of_get_named_gpiod_flags: parsed 'enable-gpios' property of node '/clk_mcasp0[0]' - status (0)
[    0.963288] gpio gpiochip0: Persistence not supported for GPIO 27
[    0.964055] gpiochip_find_base_unlocked: found new base at 608
[    0.964170] gpio gpiochip3: (gpio-96-127): created GPIO range 0->7 ==> 44e10800.pinmux PIN 82->89
[    0.964191] gpio gpiochip3: (gpio-96-127): created GPIO range 8->11 ==> 44e10800.pinmux PIN 52->55
[    0.964206] gpio gpiochip3: (gpio-96-127): created GPIO range 12->15 ==> 44e10800.pinmux PIN 94->97
[    0.964222] gpio gpiochip3: (gpio-96-127): created GPIO range 16->17 ==> 44e10800.pinmux PIN 71->72
[    0.964237] gpio gpiochip3: (gpio-96-127): created GPIO range 18->18 ==> 44e10800.pinmux PIN 135->135
[    0.964254] gpio gpiochip3: (gpio-96-127): created GPIO range 19->20 ==> 44e10800.pinmux PIN 108->109
[    0.964270] gpio gpiochip3: (gpio-96-127): created GPIO range 21->21 ==> 44e10800.pinmux PIN 73->73
[    0.964287] gpio gpiochip3: (gpio-96-127): created GPIO range 22->23 ==> 44e10800.pinmux PIN 8->9
[    0.964304] gpio gpiochip3: (gpio-96-127): created GPIO range 26->27 ==> 44e10800.pinmux PIN 10->11
[    0.964322] gpio gpiochip3: (gpio-96-127): created GPIO range 28->28 ==> 44e10800.pinmux PIN 74->74
[    0.964339] gpio gpiochip3: (gpio-96-127): created GPIO range 29->29 ==> 44e10800.pinmux PIN 81->81
[    0.964357] gpio gpiochip3: (gpio-96-127): created GPIO range 30->31 ==> 44e10800.pinmux PIN 28->29
[    0.975151] gpio gpiochip3: (gpio-96-127): added GPIO chardev (254:3)
[    0.975410] gpio gpiochip3: registered GPIOs 608 to 639 on gpio-96-127
[    0.977363] omap8250 44e09000.serial: using DT '/ocp/interconnect@44c00000/segment@200000/target-module@9000/serial@0' for 'rs485-term' GPIO lookup
[    0.977433] of_get_named_gpiod_flags: can't parse 'rs485-term-gpios' property of node '/ocp/interconnect@44c00000/segment@200000/target-module@9000/serial@0[0]'
[    0.977478] of_get_named_gpiod_flags: can't parse 'rs485-term-gpio' property of node '/ocp/interconnect@44c00000/segment@200000/target-module@9000/serial@0[0]'
[    0.977516] omap8250 44e09000.serial: using lookup tables for GPIO lookup
[    0.977526] omap8250 44e09000.serial: No GPIO consumer rs485-term found
[    0.977536] omap8250 44e09000.serial: using DT '/ocp/interconnect@44c00000/segment@200000/target-module@9000/serial@0' for 'rs485-rx-during-tx' GPIO lookup
[    0.977572] of_get_named_gpiod_flags: can't parse 'rs485-rx-during-tx-gpios' property of node '/ocp/interconnect@44c00000/segment@200000/target-module@9000/serial@0[0]'
[    0.977609] of_get_named_gpiod_flags: can't parse 'rs485-rx-during-tx-gpio' property of node '/ocp/interconnect@44c00000/segment@200000/target-module@9000/serial@0[0]'
[    0.977641] omap8250 44e09000.serial: using lookup tables for GPIO lookup
[    0.977649] omap8250 44e09000.serial: No GPIO consumer rs485-rx-during-tx found
[    0.978100] 44e09000.serial: ttyS0 at MMIO 0x44e09000 (irq = 34, base_baud = 3000000) is a 8250
[    0.978221] printk: legacy console [ttyS0] enabled
[    2.454255] i2c i2c-0: using DT '/ocp/interconnect@44c00000/segment@200000/target-module@b000/i2c@0' for 'scl' GPIO lookup
[    2.454345] of_get_named_gpiod_flags: can't parse 'scl-gpios' property of node '/ocp/interconnect@44c00000/segment@200000/target-module@b000/i2c@0[0]'
[    2.454394] of_get_named_gpiod_flags: can't parse 'scl-gpio' property of node '/ocp/interconnect@44c00000/segment@200000/target-module@b000/i2c@0[0]'
[    2.454436] i2c i2c-0: using lookup tables for GPIO lookup
[    2.454450] i2c i2c-0: No GPIO consumer scl found
[    2.454475] i2c i2c-0: using DT '/ocp/interconnect@44c00000/segment@200000/target-module@b000/i2c@0' for 'sda' GPIO lookup
[    2.454516] of_get_named_gpiod_flags: can't parse 'sda-gpios' property of node '/ocp/interconnect@44c00000/segment@200000/target-module@b000/i2c@0[0]'
[    2.454558] of_get_named_gpiod_flags: can't parse 'sda-gpio' property of node '/ocp/interconnect@44c00000/segment@200000/target-module@b000/i2c@0[0]'
[    2.454595] i2c i2c-0: using lookup tables for GPIO lookup
[    2.454606] i2c i2c-0: No GPIO consumer sda found
[    2.472683] tps65217-pmic: Failed to locate of_node [id: -1]
[    2.478747] tps65217-bl: Failed to locate of_node [id: -1]
[    2.486181] platform tps65217-charger: DMA mask not set
[    2.493219] platform tps65217-pwrbutton: DMA mask not set
[    2.501043] tps65217 0-0024: TPS65217 ID 0xe version 1.2
[    2.507145] /ocp/interconnect@48000000/segment@300000/target-module@e000/lcdc@0: Fixed dependency cycle(s) with /ocp/interconnect@44c00000/segment@200000/target-module@b000/i2c@0/tda19988@70
[    2.524546] /ocp/interconnect@44c00000/segment@200000/target-module@b000/i2c@0/tda19988@70: Fixed dependency cycle(s) with /ocp/interconnect@48000000/segment@300000/target-module@e000/lcdc@0
[    2.541949] omap_i2c 44e0b000.i2c: bus 0 rev0.11 at 400 kHz
[    2.549753] sdhci-omap 48060000.mmc: using DT '/ocp/interconnect@48000000/segment@0/target-module@60000/mmc@0' for 'cd' GPIO lookup
[    2.549870] of_get_named_gpiod_flags: parsed 'cd-gpios' property of node '/ocp/interconnect@48000000/segment@0/target-module@60000/mmc@0[0]' - status (0)
[    2.549939] gpio gpiochip3: Persistence not supported for GPIO 6
[    2.549968] omap_gpio 44e07000.gpio: Could not set line 6 debounce to 200000 microseconds (-22)
[    2.558847] sdhci-omap 48060000.mmc: Got CD GPIO
[    2.563539] sdhci-omap 48060000.mmc: using DT '/ocp/interconnect@48000000/segment@0/target-module@60000/mmc@0' for 'wp' GPIO lookup
[    2.563602] of_get_named_gpiod_flags: can't parse 'wp-gpios' property of node '/ocp/interconnect@48000000/segment@0/target-module@60000/mmc@0[0]'
[    2.563649] of_get_named_gpiod_flags: can't parse 'wp-gpio' property of node '/ocp/interconnect@48000000/segment@0/target-module@60000/mmc@0[0]'
[    2.563689] sdhci-omap 48060000.mmc: using lookup tables for GPIO lookup
[    2.563704] sdhci-omap 48060000.mmc: No GPIO consumer wp found
[    2.563919] sdhci-omap 48060000.mmc: supply pbias not found, using dummy regulator
[    2.572847] sdhci-omap 481d8000.mmc: using DT '/ocp/interconnect@48000000/segment@100000/target-module@d8000/mmc@0' for 'wp' GPIO lookup
[    2.572923] of_get_named_gpiod_flags: can't parse 'wp-gpios' property of node '/ocp/interconnect@48000000/segment@100000/target-module@d8000/mmc@0[0]'
[    2.572970] of_get_named_gpiod_flags: can't parse 'wp-gpio' property of node '/ocp/interconnect@48000000/segment@100000/target-module@d8000/mmc@0[0]'
[    2.573010] sdhci-omap 481d8000.mmc: using lookup tables for GPIO lookup
[    2.573023] sdhci-omap 481d8000.mmc: No GPIO consumer wp found
[    2.574350] sdhci-omap 48060000.mmc: supply vqmmc not found, using dummy regulator
[    2.583349] sdhci-omap 481d8000.mmc: supply pbias not found, using dummy regulator
[    2.591328] sdhci-omap 481d8000.mmc: supply vqmmc not found, using dummy regulator
[    2.696722] mmc0: SDHCI controller on 48060000.mmc [48060000.mmc] using External DMA
[    2.707084] mmc1: SDHCI controller on 481d8000.mmc [481d8000.mmc] using External DMA
[    2.715639] cpsw-switch 4a100000.switch: starting ndev. mode: dual_mac
[    2.782076] mmc1: new high speed MMC card at address 0001
[    2.788897] mmcblk1: mmc1:0001 MMC04G 3.60 GiB
[    2.796850]  mmcblk1: p1 p2
[    2.801171] mmcblk1boot0: mmc1:0001 MMC04G 2.00 MiB
[    2.807717] SMSC LAN8710/LAN8720 4a101000.mdio:00: attached PHY driver (mii_bus:phy_addr=4a101000.mdio:00, irq=POLL)
[    2.826428] mmcblk1boot1: mmc1:0001 MMC04G 2.00 MiB
[    2.835304] mmcblk1rpmb: mmc1:0001 MMC04G 128 KiB, chardev (249:0)
[    2.885269] mmc0: new high speed SDHC card at address aaaa
[    2.892179] mmcblk0: mmc0:aaaa SE32G 29.7 GiB
[    2.901248]  mmcblk0: p1 p2
[    6.002516] cpsw-switch 4a100000.switch eth0: Link is Up - 100Mbps/Full - flow control off
[    6.041987] IP-Config: Complete:
[    6.045261]      device=eth0, hwaddr=6c:ec:eb:68:de:78, ipaddr=192.168.255.1, mask=255.255.255.0, gw=255.255.255.255
[    6.055934]      host=bbb1, domain=, nis-domain=(none)
[    6.061103]      bootserver=192.168.255.126, rootserver=192.168.255.126, rootpath=
[    6.061543] clk: Disabling unused clocks
[    6.073383] PM: genpd: Disabling unused power domains
[    6.078548] KTAP version 1
[    6.081271] 1..0
[    6.083822] check access for rdinit=/init failed: -2, ignoring
[    6.112142] VFS: Mounted root (nfs filesystem) on device 0:17.
[    6.118999] devtmpfs: mounted
[    6.123818] Freeing unused kernel image (initmem) memory: 1024K
[    6.130465] Run /sbin/init as init process
[    6.134704]   with arguments:
[    6.134721]     /sbin/init
[    6.134731]     nfsrootdebug
[    6.134741]   with environment:
[    6.134749]     HOME=/
[    6.134758]     TERM=linux
[    6.817159] systemd[1]: System time before build time, advancing clock.
[    8.331768] random: crng init done
[    8.364350] systemd[1]: systemd 232 running in system mode. (+PAM +AUDIT +SELINUX +IMA +APPARMOR +SMACK +SYSVINIT +UTMP +LIBCRYPTSETUP +GCRYPT +GNUTLS +ACL +XZ +LZ4 +SECCOMP +BLKID +ELFUTILS +KMOD +IDN)
[    8.383471] systemd[1]: Detected architecture arm.
[    8.414854] systemd[1]: Set hostname to <arm>.
[    9.530198] systemd[1]: Listening on /dev/initctl Compatibility Named Pipe.
[    9.562165] systemd[1]: Reached target Swap.
[    9.582389] systemd[1]: Listening on udev Kernel Socket.
[    9.613153] systemd[1]: Created slice User and Session Slice.
[    9.643753] systemd[1]: systemd-journald.socket: SO_PASSSEC failed: Operation not supported
[    9.652694] systemd[1]: systemd-journald.socket: SO_PASSSEC failed: Operation not supported
[    9.661278] systemd[1]: Listening on Journal Socket.
[   11.821649] systemd-journald[91]: Received request to flush runtime journal from PID 1
[   13.297451] omap_prm 44e00d00.prm: sync_state() pending due to 44d00000.cpu
[   14.545555] leds-gpio leds: using DT '/leds/led2' for '(default)' GPIO lookup
[   14.545663] of_get_named_gpiod_flags: parsed 'gpios' property of node '/leds/led2[0]' - status (0)
[   14.545721] gpio gpiochip0: Persistence not supported for GPIO 21
[   14.545738] gpio-533 (?): no flags found for GPIO (default)
[   14.604250] leds-gpio leds: using DT '/leds/led3' for '(default)' GPIO lookup
[   14.604361] of_get_named_gpiod_flags: parsed 'gpios' property of node '/leds/led3[0]' - status (0)
[   14.604421] gpio gpiochip0: Persistence not supported for GPIO 22
[   14.604437] gpio-534 (?): no flags found for GPIO (default)
[   14.634282] leds-gpio leds: using DT '/leds/led4' for '(default)' GPIO lookup
[   14.634386] of_get_named_gpiod_flags: parsed 'gpios' property of node '/leds/led4[0]' - status (0)
[   14.634441] gpio gpiochip0: Persistence not supported for GPIO 23
[   14.634457] gpio-535 (?): no flags found for GPIO (default)
[   14.682671] leds-gpio leds: using DT '/leds/led5' for '(default)' GPIO lookup
[   14.682776] of_get_named_gpiod_flags: parsed 'gpios' property of node '/leds/led5[0]' - status (0)
[   14.682832] gpio gpiochip0: Persistence not supported for GPIO 24
[   14.682848] gpio-536 (?): no flags found for GPIO (default)
[   15.123850] remoteproc remoteproc0: wkup_m3 is available
[   15.173570] at24 2-0054: supply vcc not found, using dummy regulator
[   15.182249] omap_rtc 44e3e000.rtc: registered as rtc0
[   15.187419] omap_rtc 44e3e000.rtc: setting system clock to 2000-01-01T00:00:00 UTC (946684800)
[   15.196201] omap_rtc 44e3e000.rtc: using DT '/ocp/interconnect@44c00000/segment@200000/target-module@3e000/rtc@0' for 'wp' GPIO lookup
[   15.196273] of_get_named_gpiod_flags: can't parse 'wp-gpios' property of node '/ocp/interconnect@44c00000/segment@200000/target-module@3e000/rtc@0[0]'
[   15.196324] of_get_named_gpiod_flags: can't parse 'wp-gpio' property of node '/ocp/interconnect@44c00000/segment@200000/target-module@3e000/rtc@0[0]'
[   15.196366] omap_rtc 44e3e000.rtc: using lookup tables for GPIO lookup
[   15.196381] omap_rtc 44e3e000.rtc: No GPIO consumer wp found
[   15.328045] at24 2-0055: supply vcc not found, using dummy regulator
[   15.410280] at24 2-0056: supply vcc not found, using dummy regulator
[   15.508426] at24 2-0057: supply vcc not found, using dummy regulator
[   15.648761] at24 0-0050: using DT '/ocp/interconnect@44c00000/segment@200000/target-module@b000/i2c@0/eeprom@50' for 'wp' GPIO lookup
[   15.648879] of_get_named_gpiod_flags: can't parse 'wp-gpios' property of node '/ocp/interconnect@44c00000/segment@200000/target-module@b000/i2c@0/eeprom@50[0]'
[   15.648941] of_get_named_gpiod_flags: can't parse 'wp-gpio' property of node '/ocp/interconnect@44c00000/segment@200000/target-module@b000/i2c@0/eeprom@50[0]'
[   15.648990] at24 0-0050: using lookup tables for GPIO lookup
[   15.649004] at24 0-0050: No GPIO consumer wp found
[   15.649373] at24 0-0050: 32768 byte 24c256 EEPROM, writable, 1 bytes/write
[   15.809793] input: tps65217_pwrbutton as /devices/platform/ocp/44c00000.interconnect/44c00000.interconnect:segment@200000/44e0b000.target-module/44e0b000.i2c/i2c-0/0-0024/tps65217-pwrbutton/input/input0
[   16.197252] omap_wdt: OMAP Watchdog Timer Rev 0x01: initial timeout 60 sec
[   16.295201] am335x-phy-driver 47401300.usb-phy: using DT '/ocp/target-module@47400000/usb-phy@1300' for 'reset' GPIO lookup
[   16.295296] of_get_named_gpiod_flags: can't parse 'reset-gpios' property of node '/ocp/target-module@47400000/usb-phy@1300[0]'
[   16.295343] of_get_named_gpiod_flags: can't parse 'reset-gpio' property of node '/ocp/target-module@47400000/usb-phy@1300[0]'
[   16.295382] am335x-phy-driver 47401300.usb-phy: using lookup tables for GPIO lookup
[   16.295397] am335x-phy-driver 47401300.usb-phy: No GPIO consumer reset found
[   16.295411] am335x-phy-driver 47401300.usb-phy: using DT '/ocp/target-module@47400000/usb-phy@1300' for 'vbus-detect' GPIO lookup
[   16.295444] of_get_named_gpiod_flags: can't parse 'vbus-detect-gpios' property of node '/ocp/target-module@47400000/usb-phy@1300[0]'
[   16.295476] of_get_named_gpiod_flags: can't parse 'vbus-detect-gpio' property of node '/ocp/target-module@47400000/usb-phy@1300[0]'
[   16.295503] am335x-phy-driver 47401300.usb-phy: using lookup tables for GPIO lookup
[   16.295515] am335x-phy-driver 47401300.usb-phy: No GPIO consumer vbus-detect found
[   16.295664] am335x-phy-driver 47401300.usb-phy: dummy supplies not allowed for exclusive requests (id=vbus)
[   16.729396] am335x-phy-driver 47401b00.usb-phy: using DT '/ocp/target-module@47400000/usb-phy@1b00' for 'reset' GPIO lookup
[   16.729489] of_get_named_gpiod_flags: can't parse 'reset-gpios' property of node '/ocp/target-module@47400000/usb-phy@1b00[0]'
[   16.729533] of_get_named_gpiod_flags: can't parse 'reset-gpio' property of node '/ocp/target-module@47400000/usb-phy@1b00[0]'
[   16.729574] am335x-phy-driver 47401b00.usb-phy: using lookup tables for GPIO lookup
[   16.729590] am335x-phy-driver 47401b00.usb-phy: No GPIO consumer reset found
[   16.729604] am335x-phy-driver 47401b00.usb-phy: using DT '/ocp/target-module@47400000/usb-phy@1b00' for 'vbus-detect' GPIO lookup
[   16.729635] of_get_named_gpiod_flags: can't parse 'vbus-detect-gpios' property of node '/ocp/target-module@47400000/usb-phy@1b00[0]'
[   16.729668] of_get_named_gpiod_flags: can't parse 'vbus-detect-gpio' property of node '/ocp/target-module@47400000/usb-phy@1b00[0]'
[   16.729695] am335x-phy-driver 47401b00.usb-phy: using lookup tables for GPIO lookup
[   16.729707] am335x-phy-driver 47401b00.usb-phy: No GPIO consumer vbus-detect found
[   16.729856] am335x-phy-driver 47401b00.usb-phy: dummy supplies not allowed for exclusive requests (id=vbus)
[   16.933197] usbcore: registered new interface driver usbfs
[   16.938862] usbcore: registered new interface driver hub
[   16.945136] usbcore: registered new device driver usb
[   17.447500] tda998x 0-0070: found TDA19988
[   17.857448] musb-hdrc musb-hdrc.1: MUSB HDRC host driver
[   17.863015] musb-hdrc musb-hdrc.1: new USB bus registered, assigned bus number 1
[   18.115531] usb usb1: New USB device found, idVendor=1d6b, idProduct=0002, bcdDevice= 6.18
[   18.124236] usb usb1: New USB device strings: Mfr=3, Product=2, SerialNumber=1
[   18.131511] usb usb1: Product: MUSB HDRC host driver
[   18.136645] usb usb1: Manufacturer: Linux 6.18.0-rc4-next-20251103 musb-hcd
[   18.143685] usb usb1: SerialNumber: musb-hdrc.1
[   18.396782] omap-mailbox 480c8000.mailbox: omap mailbox rev 0x400
[   18.532587] remoteproc remoteproc0: powering up wkup_m3
[   18.630679] hub 1-0:1.0: USB hub found
[   18.671072] remoteproc remoteproc0: Direct firmware load for am335x-pm-firmware.elf failed with error -2
[   18.680789] remoteproc remoteproc0: request_firmware failed: -2
[   18.686820] wkup_m3_ipc 44e11324.wkup_m3_ipc: rproc_boot failed
[   18.731896] hub 1-0:1.0: 1 port detected
[   21.346577] omap_rng 48310000.rng: Random Number Generator ver. 20
[   21.568839] tilcdc 4830e000.lcdc: bound 0-0070 (ops tda998x_driver_exit [tda998x])
[   21.690030] [drm] Initialized tilcdc 1.0.0 for 4830e000.lcdc on minor 0
[   21.748681] tilcdc 4830e000.lcdc: [drm] Cannot find any crtc or sizes
[   21.758771] tilcdc 4830e000.lcdc: [drm] Cannot find any crtc or sizes
[   21.949447] ------------[ cut here ]------------
[   21.954282] WARNING: net/8021q/vlan_core.c:236 at vlan_for_each+0x114/0x134, CPU#0: avahi-daemon/197
[   21.963585] RTNL: assertion failed at net/8021q/vlan_core.c (236)
[   21.969713] Modules linked in: tilcdc drm_dma_helper omap_rng drm_client_lib rng_core snd_soc_davinci_mcasp snd_soc_ti_udma snd_soc_ti_edma snd_soc_ti_sdma snd_soc_core snd_pcm_dmaengine snd_pcm omap_mailbox snd_timer snd soundcore musb_dsps musb_hdrc tda998x udc_core cec usbcore drm_kms_helper phy_am335x phy_generic omap_wdt usb_common cppi41 watchdog wkup_m3_ipc phy_am335x_control drm tps65218_pwrbutton drm_panel_orientation_quirks at24 rtc_omap wkup_m3_rproc leds_gpio cpufreq_dt led_class autofs4
[   22.014486] CPU: 0 UID: 107 PID: 197 Comm: avahi-daemon Not tainted 6.18.0-rc4-next-20251103 #1 NONE 
[   22.014508] Hardware name: Generic AM33XX (Flattened Device Tree)
[   22.014517] Call trace: 
[   22.014534]  unwind_backtrace from show_stack+0x10/0x14
[   22.014572]  show_stack from dump_stack_lvl+0x50/0x64
[   22.014597]  dump_stack_lvl from __warn+0x88/0x148
[   22.014615]  __warn from warn_slowpath_fmt+0x19c/0x1b0
[   22.014628]  warn_slowpath_fmt from vlan_for_each+0x114/0x134
[   22.014650]  vlan_for_each from cpsw_add_mc_addr+0x40/0xa4
[   22.014680]  cpsw_add_mc_addr from __hw_addr_ref_sync_dev+0x108/0x140
[   22.014699]  __hw_addr_ref_sync_dev from __dev_mc_add+0x7c/0x80
[   22.014712]  __dev_mc_add from igmp6_group_added+0xc8/0xe0
[   22.014740]  igmp6_group_added from __ipv6_dev_mc_inc+0x218/0x364
[   22.014762]  __ipv6_dev_mc_inc from __ipv6_sock_mc_join+0x11c/0x1c0
[   22.014782]  __ipv6_sock_mc_join from do_ipv6_setsockopt+0x1214/0x1310
[   22.014801]  do_ipv6_setsockopt from ipv6_setsockopt+0x60/0xcc
[   22.014814]  ipv6_setsockopt from udpv6_setsockopt+0x2c/0x6c
[   22.014828]  udpv6_setsockopt from sock_common_setsockopt+0x30/0x40
[   22.014846]  sock_common_setsockopt from do_sock_setsockopt+0x50/0x9c
[   22.014872]  do_sock_setsockopt from __sys_setsockopt+0x70/0xbc
[   22.014896]  __sys_setsockopt from ret_fast_syscall+0x0/0x58
[   22.014914] Exception stack(0xe0161fa8 to 0xe0161ff0)
[   22.014929] 1fa0:                   00000014 b6fc0ce8 0000000d 00000029 00000014 bed929ec
[   22.014940] 1fc0: 00000014 b6fc0ce8 00000014 00000126 0000000d b6f69ff4 0050e988 004f6558
[   22.014949] 1fe0: b6f7f088 bed929d8 b6f5c309 b6e3341a
[   22.014957] ---[ end trace 0000000000000000 ]---
[   23.561578] omap-sham 53100000.sham: hw accel on OMAP rev 4.3
[   23.650490] omap-sham 53100000.sham: will run requests pump with realtime priority
[   23.894207] PM: Cannot get wkup_m3_ipc handle
[   23.924660] omap-aes 53500000.aes: OMAP AES hw accel rev: 3.2
[   24.022962] omap-aes 53500000.aes: will run requests pump with realtime priority
[   24.046032] PM: Cannot get wkup_m3_ipc handle
[   25.401686] Bluetooth: Core ver 2.22
[   25.405711] NET: Registered PF_BLUETOOTH protocol family
[   25.411058] Bluetooth: HCI device and connection manager initialized
[   25.417563] Bluetooth: HCI socket layer initialized
[   25.422525] Bluetooth: L2CAP socket layer initialized
[   25.427635] Bluetooth: SCO socket layer initialized
[   28.176788] tda998x 0-0070: using DT '/ocp/interconnect@44c00000/segment@200000/target-module@b000/i2c@0/tda19988@70' for 'nxp,calib' GPIO lookup
[   28.177081] of_get_named_gpiod_flags: parsed 'nxp,calib-gpios' property of node '/ocp/interconnect@44c00000/segment@200000/target-module@b000/i2c@0/tda19988@70[0]' - status (0)
[   28.177178] gpio gpiochip0: Persistence not supported for GPIO 25
[   28.177195] gpio-537 (nxp,calib): no flags found for GPIO nxp,calib
[   28.180120] PM: Cannot get wkup_m3_ipc handle
[   28.186135] asoc-simple-card sound: using DT '/sound' for 'simple-audio-card,hp-det' GPIO lookup
[   28.186206] of_get_named_gpiod_flags: can't parse 'simple-audio-card,hp-det-gpios' property of node '/sound[0]'
[   28.186240] of_get_named_gpiod_flags: can't parse 'simple-audio-card,hp-det-gpio' property of node '/sound[0]'
[   28.186266] asoc-simple-card sound: using lookup tables for GPIO lookup
[   28.186281] asoc-simple-card sound: No GPIO consumer simple-audio-card,hp-det found
[   28.186297] asoc-simple-card sound: using DT '/sound' for 'simple-audio-card,mic-det' GPIO lookup
[   28.186322] of_get_named_gpiod_flags: can't parse 'simple-audio-card,mic-det-gpios' property of node '/sound[0]'
[   28.186349] of_get_named_gpiod_flags: can't parse 'simple-audio-card,mic-det-gpio' property of node '/sound[0]'
[   28.186369] asoc-simple-card sound: using lookup tables for GPIO lookup
[   28.186381] asoc-simple-card sound: No GPIO consumer simple-audio-card,mic-det found
[   28.196292] gpio-537 (nxp,calib): gpiod_direction_output_nonotify: tried to set a GPIO tied to an IRQ as output
[   28.318412] PM: Cannot get wkup_m3_ipc handle
[   28.500810] tda9950 0-0034: TDA9950 CEC interface, hardware version 3.3
[   28.643413] PM: Cannot get wkup_m3_ipc handle
[   29.807943] userial_init: registered 8 ttyGS* devices
[   29.996679] rndis_register: configNr = 0
[   30.056462] udc musb-hdrc.0: binding gadget driver [g_multi]
[   30.056562] configfs-gadget.g_multi gadget.0: adding 'rndis'/d3cf6b93 to config 'c'/4b7a3fd0
[   30.057727] configfs-gadget.g_multi gadget.0: HOST MAC 1c:ba:8c:a2:ed:6c
[   30.064729] configfs-gadget.g_multi gadget.0: MAC 1c:ba:8c:a2:ed:70
[   30.071085] rndis_set_param_medium: 0 0
[   30.071105] configfs-gadget.g_multi gadget.0: RNDIS: IN/ep1in OUT/ep1out NOTIFY/ep2in
[   30.071122] configfs-gadget.g_multi gadget.0: adding 'cdc_ethernet'/18315360 to config 'c'/4b7a3fd0
[   30.072153] configfs-gadget.g_multi gadget.0: HOST MAC 1c:ba:8c:a2:ed:6c
[   30.078920] configfs-gadget.g_multi gadget.0: MAC 1c:ba:8c:a2:ed:6d
[   30.085368] configfs-gadget.g_multi gadget.0: CDC Ethernet: IN/ep3in OUT/ep2out NOTIFY/ep4in
[   30.085390] configfs-gadget.g_multi gadget.0: adding 'acm'/ee888ab5 to config 'c'/4b7a3fd0
[   30.085427] configfs-gadget.g_multi gadget.0: acm ttyGS0: IN/ep5in OUT/ep3out NOTIFY/ep6in
[   30.086575] PM: Cannot get wkup_m3_ipc handle
[   31.312675] configfs-gadget.g_multi gadget.0: eth_open
[   36.184859] gs_open: ttyGS0 (bf0e8ac3,c52442e2)
[   36.185011] gs_close: ttyGS0 (bf0e8ac3,c52442e2) ...
[   36.185034] gs_close: ttyGS0 (bf0e8ac3,c52442e2) done!
[   36.202359] gs_open: ttyGS0 (d029e57c,d6a960af)
[   36.202516] gs_close: ttyGS0 (d029e57c,d6a960af) ...
[   36.202539] gs_close: ttyGS0 (d029e57c,d6a960af) done!
[   36.357945] gs_open: ttyGS0 (4ca99bfa,6ca4d146)
[   36.358177] gs_close: ttyGS0 (4ca99bfa,6ca4d146) ...
[   36.358204] gs_close: ttyGS0 (4ca99bfa,6ca4d146) done!
[   36.362005] gs_open: ttyGS0 (bf0e8ac3,6ca4d146)
BEBKLSBLUT 0
root@arm:~# echo 'XJCH''YGAMZJ'
XJCHYGAMZJ
root@arm:~# MARKER='FZAS''TBXKES' run 'modprobe test_linear_ranges'
FZASTBXKESFZASTBXKES 0
root@arm:~# echo 'YUYM''BLOPCO'
YUYMBLOPCO
root@arm:~# MARKER='YNUU''KSHPHC' run dmesg
YNUUKSHPHC[    0.000000] Booting Linux on physical CPU 0x0
[    0.000000] Linux version 6.18.0-rc4-next-20251103 (user01@drvtest01) (arm-none-eabi-gcc (Arm GNU Toolchain 14.2.Rel1 (Build arm-14.52)) 14.2.1 20241119, GNU ld (Arm GNU Toolchain 14.2.Rel1 (Build arm-14.52)) 2.43.1.20241119) #1 SMP Mon Nov  3 08:07:23 EET 2025
[    0.000000] CPU: ARMv7 Processor [413fc082] revision 2 (ARMv7), cr=10c5387d
[    0.000000] CPU: PIPT / VIPT nonaliasing data cache, VIPT aliasing instruction cache
[    0.000000] OF: fdt: Machine model: TI AM335x BeagleBone Black
[    0.000000] Memory policy: Data cache writeback
[    0.000000] cma: Reserved 16 MiB at 0x9e800000
[    0.000000] Zone ranges:
[    0.000000]   Normal   [mem 0x0000000080000000-0x000000009fdfffff]
[    0.000000]   HighMem  empty
[    0.000000] Movable zone start for each node
[    0.000000] Early memory node ranges
[    0.000000]   node   0: [mem 0x0000000080000000-0x000000009fdfffff]
[    0.000000] Initmem setup node 0 [mem 0x0000000080000000-0x000000009fdfffff]
[    0.000000] On node 0, zone Normal: 512 pages in unavailable ranges
[    0.000000] OF: reserved mem: Reserved memory: No reserved-memory node in the DT
[    0.000000] CPU: All CPU(s) started in SVC mode.
[    0.000000] AM335X ES2.1 (sgx neon)
[    0.000000] percpu: Embedded 17 pages/cpu s39948 r8192 d21492 u69632
[    0.000000] pcpu-alloc: s39948 r8192 d21492 u69632 alloc=17*4096
[    0.000000] pcpu-alloc: [0] 0 
[    0.000000] Kernel command line: console=ttyO0,115200n8 root=/dev/nfs rw nfsroot=192.168.255.126:/home/user01/nfs,nfsvers=3 ip=192.168.255.1:192.168.255.126::255.255.255.0:bbb1:eth0 nfsrootdebug
[    0.000000] Unknown kernel command line parameters "nfsrootdebug", will be passed to user space.
[    0.000000] printk: log buffer data + meta data: 65536 + 204800 = 270336 bytes
[    0.000000] Dentry cache hash table entries: 65536 (order: 6, 262144 bytes, linear)
[    0.000000] Inode-cache hash table entries: 32768 (order: 5, 131072 bytes, linear)
[    0.000000] Built 1 zonelists, mobility grouping on.  Total pages: 130560
[    0.000000] mem auto-init: stack:off, heap alloc:off, heap free:off
[    0.000000] SLUB: HWalign=16, Order=0-3, MinObjects=0, CPUs=1, Nodes=1
[    0.000000] rcu: Hierarchical RCU implementation.
[    0.000000] rcu: 	RCU event tracing is enabled.
[    0.000000] rcu: 	RCU restricting CPUs from NR_CPUS=2 to nr_cpu_ids=1.
[    0.000000] 	Tracing variant of Tasks RCU enabled.
[    0.000000] rcu: RCU calculated value of scheduler-enlistment delay is 10 jiffies.
[    0.000000] rcu: Adjusting geometry for rcu_fanout_leaf=16, nr_cpu_ids=1
[    0.000000] RCU Tasks Trace: Setting shift to 0 and lim to 1 rcu_task_cb_adjust=1 rcu_task_cpu_ids=1.
[    0.000000] NR_IRQS: 16, nr_irqs: 16, preallocated irqs: 16
[    0.000000] IRQ: Found an INTC at 0x(ptrval) (revision 5.0) with 128 interrupts
[    0.000000] rcu: srcu_init: Setting srcu_struct sizes based on contention.
[    0.000000] TI gptimer clocksource: always-on /ocp/interconnect@44c00000/segment@200000/target-module@31000
[    0.000002] sched_clock: 32 bits at 24MHz, resolution 41ns, wraps every 89478484971ns
[    0.000027] clocksource: dmtimer: mask: 0xffffffff max_cycles: 0xffffffff, max_idle_ns: 79635851949 ns
[    0.000501] TI gptimer clockevent: 24000000 Hz at /ocp/interconnect@48000000/segment@0/target-module@40000
[    0.002076] Console: colour dummy device 80x30
[    0.002146] WARNING: Your 'console=ttyO0' has been replaced by 'ttyS0'
[    0.002154] This ensures that you still see kernel messages. Please
[    0.002158] update your kernel commandline.
[    0.002199] Calibrating delay loop... 996.14 BogoMIPS (lpj=4980736)
[    0.090615] CPU: Testing write buffer coherency: ok
[    0.090701] CPU0: Spectre v2: using BPIALL workaround
[    0.090710] pid_max: default: 32768 minimum: 301
[    0.091026] Mount-cache hash table entries: 1024 (order: 0, 4096 bytes, linear)
[    0.091049] Mountpoint-cache hash table entries: 1024 (order: 0, 4096 bytes, linear)
[    0.092642] CPU0: thread -1, cpu 0, socket -1, mpidr 0
[    0.092699] cacheinfo: Unable to detect cache hierarchy for CPU 0
[    0.094672] Setting up static identity map for 0x80100000 - 0x80100078
[    0.094991] rcu: Hierarchical SRCU implementation.
[    0.095002] rcu: 	Max phase no-delay instances is 1000.
[    0.096692] smp: Bringing up secondary CPUs ...
[    0.096749] smp: Brought up 1 node, 1 CPU
[    0.096762] SMP: Total of 1 processors activated (996.14 BogoMIPS).
[    0.096773] CPU: All CPU(s) started in SVC mode.
[    0.096984] Memory: 479952K/522240K available (12288K kernel code, 1224K rwdata, 2956K rodata, 1024K init, 258K bss, 24360K reserved, 16384K cma-reserved, 0K highmem)
[    0.097801] devtmpfs: initialized
[    0.115448] VFP support v0.3: implementor 41 architecture 3 part 30 variant c rev 3
[    0.116114] clocksource: jiffies: mask: 0xffffffff max_cycles: 0xffffffff, max_idle_ns: 19112604462750000 ns
[    0.116171] posixtimers hash table entries: 512 (order: 0, 4096 bytes, linear)
[    0.116197] futex hash table entries: 256 (16384 bytes on 1 NUMA nodes, total 16 KiB, linear).
[    0.119398] NET: Registered PF_NETLINK/PF_ROUTE protocol family
[    0.122537] DMA: preallocated 256 KiB pool for atomic coherent allocations
[    0.123158] audit: initializing netlink subsys (disabled)
[    0.124508] thermal_sys: Registered thermal governor 'fair_share'
[    0.124522] thermal_sys: Registered thermal governor 'step_wise'
[    0.124531] thermal_sys: Registered thermal governor 'user_space'
[    0.124637] audit: type=2000 audit(0.120:1): state=initialized audit_enabled=0 res=1
[    0.124705] cpuidle: using governor menu
[    0.142558] /ocp/interconnect@44c00000/segment@200000/target-module@b000/i2c@0/tda19988@70: Fixed dependency cycle(s) with /ocp/interconnect@48000000/segment@300000/target-module@e000/lcdc@0
[    0.143659] /ocp/interconnect@48000000/segment@300000/target-module@e000/lcdc@0: Fixed dependency cycle(s) with /ocp/interconnect@44c00000/segment@200000/target-module@b000/i2c@0/tda19988@70
[    0.145849] No ATAGs?
[    0.145888] hw-breakpoint: debug architecture 0x4 unsupported.
[    0.148973] kprobes: kprobe jump-optimization is enabled. All kprobes are optimized if possible.
[    0.154019] iommu: Default domain type: Translated
[    0.154043] iommu: DMA domain TLB invalidation policy: strict mode
[    0.155614] reg-fixed-voltage fixedregulator0: using DT '/fixedregulator0' for '(default)' GPIO lookup
[    0.155668] of_get_named_gpiod_flags: can't parse 'gpios' property of node '/fixedregulator0[0]'
[    0.155696] of_get_named_gpiod_flags: can't parse 'gpio' property of node '/fixedregulator0[0]'
[    0.155715] reg-fixed-voltage fixedregulator0: using lookup tables for GPIO lookup
[    0.155726] reg-fixed-voltage fixedregulator0: No GPIO consumer (default) found
[    0.161481] SCSI subsystem initialized
[    0.161955] libata version 3.00 loaded.
[    0.162338] pps_core: LinuxPPS API ver. 1 registered
[    0.162350] pps_core: Software ver. 5.3.6 - Copyright 2005-2007 Rodolfo Giometti <giometti@linux.it>
[    0.162374] PTP clock support registered
[    0.171351] vgaarb: loaded
[    0.171746] clocksource: Switched to clocksource dmtimer
[    0.172364] VFS: Disk quotas dquot_6.6.0
[    0.172425] VFS: Dquot-cache hash table entries: 1024 (order 0, 4096 bytes)
[    0.196579] NET: Registered PF_INET protocol family
[    0.196919] IP idents hash table entries: 8192 (order: 4, 65536 bytes, linear)
[    0.198332] tcp_listen_portaddr_hash hash table entries: 512 (order: 0, 4096 bytes, linear)
[    0.198367] Table-perturb hash table entries: 65536 (order: 6, 262144 bytes, linear)
[    0.198384] TCP established hash table entries: 4096 (order: 2, 16384 bytes, linear)
[    0.198430] TCP bind hash table entries: 4096 (order: 4, 65536 bytes, linear)
[    0.198531] TCP: Hash tables configured (established 4096 bind 4096)
[    0.198650] UDP hash table entries: 256 (order: 2, 14336 bytes, linear)
[    0.198684] UDP-Lite hash table entries: 256 (order: 2, 14336 bytes, linear)
[    0.198887] NET: Registered PF_UNIX/PF_LOCAL protocol family
[    0.202559] RPC: Registered named UNIX socket transport module.
[    0.202581] RPC: Registered udp transport module.
[    0.202586] RPC: Registered tcp transport module.
[    0.202591] RPC: Registered tcp-with-tls transport module.
[    0.202596] RPC: Registered tcp NFSv4.1 backchannel transport module.
[    0.202621] PCI: CLS 0 bytes, default 64
[    0.204065] Initialise system trusted keyrings
[    0.212154] workingset: timestamp_bits=14 max_order=17 bucket_order=3
[    0.213601] NFS: Registering the id_resolver key type
[    0.213669] Key type id_resolver registered
[    0.213676] Key type id_legacy registered
[    0.213793] jffs2: version 2.2. (NAND) (SUMMARY)  Â© 2001-2006 Red Hat, Inc.
[    0.214265] Key type asymmetric registered
[    0.214284] Asymmetric key parser 'x509' registered
[    0.214358] io scheduler mq-deadline registered
[    0.214368] io scheduler kyber registered
[    0.214450] io scheduler bfq registered
[    0.216322] target-module@4b000000:target-module@140000:pmu@0:fck: device ID is greater than 24
[    0.222142] ledtrig-cpu: registered to indicate activity on CPUs
[    0.232011] Serial: 8250/16550 driver, 6 ports, IRQ sharing enabled
[    0.265724] brd: module loaded
[    0.286947] loop: module loaded
[    0.287893] mtdoops: mtd device (mtddev=name/number) must be supplied
[    0.289443] mdio_bus fixed-0: using lookup tables for GPIO lookup
[    0.289469] mdio_bus fixed-0: No GPIO consumer reset found
[    0.290911] i2c_dev: i2c /dev entries driver
[    0.292101] cpuidle: enable-method property 'ti,am3352' found operations
[    0.292574] sdhci: Secure Digital Host Controller Interface driver
[    0.292586] sdhci: Copyright(c) Pierre Ossman
[    0.292775] sdhci-pltfm: SDHCI platform and OF driver helper
[    0.302127] hw perfevents: enabled with armv7_cortex_a8 PMU driver, 5 (8000000f) counters available
[    0.302695] Initializing XFRM netlink socket
[    0.302870] NET: Registered PF_INET6 protocol family
[    0.304898] Segment Routing with IPv6
[    0.304981] In-situ OAM (IOAM) with IPv6
[    0.305077] sit: IPv6, IPv4 and MPLS over IPv4 tunneling driver
[    0.306055] NET: Registered PF_PACKET protocol family
[    0.306075] PFKEY is deprecated and scheduled to be removed in 2027, please contact the netdev mailing list
[    0.306092] NET: Registered PF_KEY protocol family
[    0.306213] Key type dns_resolver registered
[    0.306437] ThumbEE CPU extension supported.
[    0.306459] Registering SWP/SWPB emulation handler
[    0.306984] omap_voltage_late_init: Voltage driver support not added
[    0.307663] SmartReflex Class3 initialized
[    0.343697] Loading compiled-in X.509 certificates
[    0.380830] /ocp/interconnect@44c00000/segment@200000/target-module@b000/i2c@0/tda19988@70: Fixed dependency cycle(s) with /ocp/interconnect@48000000/segment@300000/target-module@e000/lcdc@0
[    0.387391] /ocp/interconnect@44c00000/segment@200000/target-module@b000/i2c@0/tda19988@70: Fixed dependency cycle(s) with /ocp/interconnect@48000000/segment@300000/target-module@e000/lcdc@0
[    0.393095] gpiochip_find_base_unlocked: found new base at 512
[    0.443762] /ocp/interconnect@44c00000/segment@200000/target-module@b000/i2c@0/tda19988@70: Fixed dependency cycle(s) with /ocp/interconnect@48000000/segment@300000/target-module@e000/lcdc@0
[    0.444668] /ocp/interconnect@44c00000/segment@200000/target-module@b000/i2c@0/tda19988@70: Fixed dependency cycle(s) with /ocp/interconnect@48000000/segment@300000/target-module@e000/lcdc@0
[    0.448239] /ocp/interconnect@44c00000/segment@200000/target-module@10000/scm@0/pinmux@800: Fixed dependency cycle(s) with /ocp/interconnect@44c00000/segment@200000/target-module@10000/scm@0/pinmux@800/clkout2-pins
[    0.448825] pinctrl-single 44e10800.pinmux: 142 pins, size 568
[    0.454483] ti-sysc 44e31000.target-module: probe with driver ti-sysc failed with error -16
[    0.482381] /ocp/interconnect@48000000/segment@300000/target-module@e000/lcdc@0: Fixed dependency cycle(s) with /ocp/interconnect@44c00000/segment@200000/target-module@b000/i2c@0/tda19988@70
[    0.490540] ti-sysc 48040000.target-module: probe with driver ti-sysc failed with error -16
[    0.502397] gpiochip_find_base_unlocked: found new base at 512
[    0.502501] gpio gpiochip0: (gpio-0-31): created GPIO range 0->7 ==> 44e10800.pinmux PIN 0->7
[    0.502522] gpio gpiochip0: (gpio-0-31): created GPIO range 8->11 ==> 44e10800.pinmux PIN 90->93
[    0.502538] gpio gpiochip0: (gpio-0-31): created GPIO range 12->27 ==> 44e10800.pinmux PIN 12->27
[    0.502554] gpio gpiochip0: (gpio-0-31): created GPIO range 28->31 ==> 44e10800.pinmux PIN 30->33
[    0.537122] gpio gpiochip0: (gpio-0-31): added GPIO chardev (254:0)
[    0.537373] gpio gpiochip0: registered GPIOs 512 to 543 on gpio-0-31
[    0.537463] OMAP GPIO hardware version 0.1
[    0.563560] i2c i2c-2: using DT '/ocp/interconnect@48000000/segment@100000/target-module@9c000/i2c@0' for 'scl' GPIO lookup
[    0.563634] of_get_named_gpiod_flags: can't parse 'scl-gpios' property of node '/ocp/interconnect@48000000/segment@100000/target-module@9c000/i2c@0[0]'
[    0.563676] of_get_named_gpiod_flags: can't parse 'scl-gpio' property of node '/ocp/interconnect@48000000/segment@100000/target-module@9c000/i2c@0[0]'
[    0.563713] i2c i2c-2: using lookup tables for GPIO lookup
[    0.563723] i2c i2c-2: No GPIO consumer scl found
[    0.563744] i2c i2c-2: using DT '/ocp/interconnect@48000000/segment@100000/target-module@9c000/i2c@0' for 'sda' GPIO lookup
[    0.563780] of_get_named_gpiod_flags: can't parse 'sda-gpios' property of node '/ocp/interconnect@48000000/segment@100000/target-module@9c000/i2c@0[0]'
[    0.563818] of_get_named_gpiod_flags: can't parse 'sda-gpio' property of node '/ocp/interconnect@48000000/segment@100000/target-module@9c000/i2c@0[0]'
[    0.563850] i2c i2c-2: using lookup tables for GPIO lookup
[    0.563857] i2c i2c-2: No GPIO consumer sda found
[    0.564583] omap_i2c 4819c000.i2c: bus 2 rev0.11 at 100 kHz
[    0.570267] gpiochip_find_base_unlocked: found new base at 544
[    0.570390] gpio gpiochip1: (gpio-32-63): created GPIO range 0->17 ==> 44e10800.pinmux PIN 34->51
[    0.570416] gpio gpiochip1: (gpio-32-63): created GPIO range 18->21 ==> 44e10800.pinmux PIN 77->80
[    0.570432] gpio gpiochip1: (gpio-32-63): created GPIO range 22->31 ==> 44e10800.pinmux PIN 56->65
[    0.589446] gpio gpiochip1: (gpio-32-63): added GPIO chardev (254:1)
[    0.589675] gpio gpiochip1: registered GPIOs 544 to 575 on gpio-32-63
[    0.592185] gpiochip_find_base_unlocked: found new base at 576
[    0.592277] gpio gpiochip2: (gpio-64-95): created GPIO range 0->4 ==> 44e10800.pinmux PIN 66->70
[    0.592297] gpio gpiochip2: (gpio-64-95): created GPIO range 5->6 ==> 44e10800.pinmux PIN 98->99
[    0.592313] gpio gpiochip2: (gpio-64-95): created GPIO range 7->8 ==> 44e10800.pinmux PIN 75->76
[    0.592328] gpio gpiochip2: (gpio-64-95): created GPIO range 13->13 ==> 44e10800.pinmux PIN 141->141
[    0.592345] gpio gpiochip2: (gpio-64-95): created GPIO range 14->21 ==> 44e10800.pinmux PIN 100->107
[    0.603518] gpio gpiochip2: (gpio-64-95): added GPIO chardev (254:2)
[    0.603764] gpio gpiochip2: registered GPIOs 576 to 607 on gpio-64-95
[    0.609543] 48000000.interconnect:segment@200000:target-module@0:mpu@0:fck: device ID is greater than 24
[    0.610448] /ocp/interconnect@48000000/segment@300000/target-module@e000/lcdc@0: Fixed dependency cycle(s) with /ocp/interconnect@44c00000/segment@200000/target-module@b000/i2c@0/tda19988@70
[    0.613628] /ocp/interconnect@48000000/segment@300000/target-module@e000/lcdc@0: Fixed dependency cycle(s) with /ocp/interconnect@44c00000/segment@200000/target-module@b000/i2c@0/tda19988@70
[    0.614373] /ocp/interconnect@44c00000/segment@200000/target-module@b000/i2c@0/tda19988@70: Fixed dependency cycle(s) with /ocp/interconnect@48000000/segment@300000/target-module@e000/lcdc@0
[    0.614548] /ocp/interconnect@48000000/segment@300000/target-module@e000/lcdc@0: Fixed dependency cycle(s) with /ocp/interconnect@44c00000/segment@200000/target-module@b000/i2c@0/tda19988@70
[    0.622082] sdhci-omap 481d8000.mmc: using DT '/ocp/interconnect@48000000/segment@100000/target-module@d8000/mmc@0' for 'wp' GPIO lookup
[    0.622154] of_get_named_gpiod_flags: can't parse 'wp-gpios' property of node '/ocp/interconnect@48000000/segment@100000/target-module@d8000/mmc@0[0]'
[    0.622199] of_get_named_gpiod_flags: can't parse 'wp-gpio' property of node '/ocp/interconnect@48000000/segment@100000/target-module@d8000/mmc@0[0]'
[    0.622236] sdhci-omap 481d8000.mmc: using lookup tables for GPIO lookup
[    0.622247] sdhci-omap 481d8000.mmc: No GPIO consumer wp found
[    0.622445] sdhci-omap 481d8000.mmc: supply pbias not found, using dummy regulator
[    0.623131] sdhci-omap 481d8000.mmc: supply vqmmc not found, using dummy regulator
[    0.662293] mdio_bus 4a101000.mdio: using DT '/ocp/interconnect@4a000000/segment@0/target-module@100000/switch@0/mdio@1000' for 'reset' GPIO lookup
[    0.662366] of_get_named_gpiod_flags: can't parse 'reset-gpios' property of node '/ocp/interconnect@4a000000/segment@0/target-module@100000/switch@0/mdio@1000[0]'
[    0.662415] of_get_named_gpiod_flags: can't parse 'reset-gpio' property of node '/ocp/interconnect@4a000000/segment@0/target-module@100000/switch@0/mdio@1000[0]'
[    0.662462] mdio_bus 4a101000.mdio: using lookup tables for GPIO lookup
[    0.662472] mdio_bus 4a101000.mdio: No GPIO consumer reset found
[    0.731527] davinci_mdio 4a101000.mdio: davinci mdio revision 1.6, bus freq 1000000
[    0.746433] mdio_bus 4a101000.mdio:00: using DT '/ocp/interconnect@4a000000/segment@0/target-module@100000/switch@0/mdio@1000/ethernet-phy@0' for 'reset' GPIO lookup
[    0.746537] of_get_named_gpiod_flags: parsed 'reset-gpios' property of node '/ocp/interconnect@4a000000/segment@0/target-module@100000/switch@0/mdio@1000/ethernet-phy@0[0]' - status (0)
[    0.746705] gpio gpiochip0: Persistence not supported for GPIO 8
[    0.879838] davinci_mdio 4a101000.mdio: phy[0]: device 4a101000.mdio:00, driver SMSC LAN8710/LAN8720
[    0.880615] cpsw-switch 4a100000.switch: initialized cpsw ale version 1.4
[    0.880638] cpsw-switch 4a100000.switch: ALE Table size 1024, Policers 0
[    0.887832] cpsw-switch 4a100000.switch: cpts: overflow check period 500 (jiffies)
[    0.887855] cpsw-switch 4a100000.switch: CPTS: ref_clk_freq:250000000 calc_mult:2147483648 calc_shift:29 error:0 nsec/sec
[    0.887964] cpsw-switch 4a100000.switch: Detected MACID = 6c:ec:eb:68:de:78
[    0.889859] cpsw-switch 4a100000.switch: initialized (regs 0x4a100000, pool size 256) hw_ver:0019010C 1.12 (0)
[    0.920359] debugfs: '49000000.dma' already exists in 'dmaengine'
[    0.920404] edma 49000000.dma: TI EDMA DMA engine driver
[    0.963169] gpio-clk clk_mcasp0: using DT '/clk_mcasp0' for 'enable' GPIO lookup
[    0.963244] of_get_named_gpiod_flags: parsed 'enable-gpios' property of node '/clk_mcasp0[0]' - status (0)
[    0.963288] gpio gpiochip0: Persistence not supported for GPIO 27
[    0.964055] gpiochip_find_base_unlocked: found new base at 608
[    0.964170] gpio gpiochip3: (gpio-96-127): created GPIO range 0->7 ==> 44e10800.pinmux PIN 82->89
[    0.964191] gpio gpiochip3: (gpio-96-127): created GPIO range 8->11 ==> 44e10800.pinmux PIN 52->55
[    0.964206] gpio gpiochip3: (gpio-96-127): created GPIO range 12->15 ==> 44e10800.pinmux PIN 94->97
[    0.964222] gpio gpiochip3: (gpio-96-127): created GPIO range 16->17 ==> 44e10800.pinmux PIN 71->72
[    0.964237] gpio gpiochip3: (gpio-96-127): created GPIO range 18->18 ==> 44e10800.pinmux PIN 135->135
[    0.964254] gpio gpiochip3: (gpio-96-127): created GPIO range 19->20 ==> 44e10800.pinmux PIN 108->109
[    0.964270] gpio gpiochip3: (gpio-96-127): created GPIO range 21->21 ==> 44e10800.pinmux PIN 73->73
[    0.964287] gpio gpiochip3: (gpio-96-127): created GPIO range 22->23 ==> 44e10800.pinmux PIN 8->9
[    0.964304] gpio gpiochip3: (gpio-96-127): created GPIO range 26->27 ==> 44e10800.pinmux PIN 10->11
[    0.964322] gpio gpiochip3: (gpio-96-127): created GPIO range 28->28 ==> 44e10800.pinmux PIN 74->74
[    0.964339] gpio gpiochip3: (gpio-96-127): created GPIO range 29->29 ==> 44e10800.pinmux PIN 81->81
[    0.964357] gpio gpiochip3: (gpio-96-127): created GPIO range 30->31 ==> 44e10800.pinmux PIN 28->29
[    0.975151] gpio gpiochip3: (gpio-96-127): added GPIO chardev (254:3)
[    0.975410] gpio gpiochip3: registered GPIOs 608 to 639 on gpio-96-127
[    0.977363] omap8250 44e09000.serial: using DT '/ocp/interconnect@44c00000/segment@200000/target-module@9000/serial@0' for 'rs485-term' GPIO lookup
[    0.977433] of_get_named_gpiod_flags: can't parse 'rs485-term-gpios' property of node '/ocp/interconnect@44c00000/segment@200000/target-module@9000/serial@0[0]'
[    0.977478] of_get_named_gpiod_flags: can't parse 'rs485-term-gpio' property of node '/ocp/interconnect@44c00000/segment@200000/target-module@9000/serial@0[0]'
[    0.977516] omap8250 44e09000.serial: using lookup tables for GPIO lookup
[    0.977526] omap8250 44e09000.serial: No GPIO consumer rs485-term found
[    0.977536] omap8250 44e09000.serial: using DT '/ocp/interconnect@44c00000/segment@200000/target-module@9000/serial@0' for 'rs485-rx-during-tx' GPIO lookup
[    0.977572] of_get_named_gpiod_flags: can't parse 'rs485-rx-during-tx-gpios' property of node '/ocp/interconnect@44c00000/segment@200000/target-module@9000/serial@0[0]'
[    0.977609] of_get_named_gpiod_flags: can't parse 'rs485-rx-during-tx-gpio' property of node '/ocp/interconnect@44c00000/segment@200000/target-module@9000/serial@0[0]'
[    0.977641] omap8250 44e09000.serial: using lookup tables for GPIO lookup
[    0.977649] omap8250 44e09000.serial: No GPIO consumer rs485-rx-during-tx found
[    0.978100] 44e09000.serial: ttyS0 at MMIO 0x44e09000 (irq = 34, base_baud = 3000000) is a 8250
[    0.978221] printk: legacy console [ttyS0] enabled
