Labgrid Console Logfile for main
Logfile started at 2025-07-09 17:35:11.750068
=== Log starts here ===
reading args
spl_load_image_fat_os: error reading image args, err - -1
reading u-boot.img
reading u-boot.img


U-Boot 2014.04-00014-g47880f5 (Apr 22 2014 - 13:23:54)

I2C:   ready
DRAM:  512 MiB
NAND:  0 MiB
MMC:   OMAP SD/MMC: 0, OMAP SD/MMC: 1
*** Warning - readenv() failed, using default environment

Net:   <ethaddr> not set. Validating first E-fuse MAC
cpsw, usb_ether
Hit any key to stop autoboot:  1  0 
gpio: pin 53 (gpio 53) value is 1
mmc0 is current device
gpio: pin 54 (gpio 54) value is 1
SD/MMC found on device 0
reading uEnv.txt
569 bytes read in 3 ms (184.6 KiB/s)
gpio: pin 55 (gpio 55) value is 1
Loaded environment from uEnv.txt
Importing environment from mmc ...
Checking if uenvcmd is set ...
gpio: pin 56 (gpio 56) value is 1
Running uenvcmd ...
cpsw Waiting for PHY auto negotiation to complete. done
link up on port 0, speed 100, full duplex
Using cpsw device
TFTP from server 192.168.255.126; our IP address is 192.168.255.1
Filename 'zImage'.
Load address: 0x81000000
Loading: *T #################################################################
	 #################################################################
	 #################################################################
	 #################################################################
	 #################################################################
	 ###########################################################
	 760.7 KiB/s
done
Bytes transferred = 5625312 (55d5e0 hex)
link up on port 0, speed 100, full duplex
Using cpsw device
TFTP from server 192.168.255.126; our IP address is 192.168.255.1
Filename 'am335x-boneblack.dtb'.
Load address: 0x82000000
Loading: *#######
	 2.3 MiB/s
done
Bytes transferred = 98244 (17fc4 hex)
Kernel image @ 0x81000000 [ 0x000000 - 0x55d5e0 ]
## Flattened Device Tree blob at 82000000
   Booting using the fdt blob at 0x82000000
   Using Device Tree in place at 82000000, end 8201afc3

Starting kernel ...

[    0.000000] Booting Linux on physical CPU 0x0
[    0.000000] Linux version 6.16.0-rc5-next-20250709 (user01@drvtest01) (arm-none-eabi-gcc (Arm GNU Toolchain 14.2.Rel1 (Build arm-14.52)) 14.2.1 20241119, GNU ld (Arm GNU Toolchain 14.2.Rel1 (Build arm-14.52)) 2.43.1.20241119) #1 SMP Wed Jul  9 17:32:16 EEST 2025
[    0.000000] CPU: ARMv7 Processor [413fc082] revision 2 (ARMv7), cr=10c5387d
[    0.000000] CPU: PIPT / VIPT nonaliasing data cache, VIPT aliasing instruction cache
[    0.000000] OF: fdt: Machine model: TI AM335x BeagleBone Black
[    0.000000] Memory policy: Data cache writeback
[    0.000000] cma: Reserved 16 MiB at 0x9e800000
[    0.000000] Zone ranges:
[    0.000000]   Normal   [mem 0x0000000080000000-0x000000009fdfffff]
[    0.000000]   HighMem  empty
[    0.000000] Movable zone start for each node
[    0.000000] Early memory node ranges
[    0.000000]   node   0: [mem 0x0000000080000000-0x000000009fdfffff]
[    0.000000] Initmem setup node 0 [mem 0x0000000080000000-0x000000009fdfffff]
[    0.000000] On node 0, zone Normal: 512 pages in unavailable ranges
[    0.000000] OF: reserved mem: Reserved memory: No reserved-memory node in the DT
[    0.000000] CPU: All CPU(s) started in SVC mode.
[    0.000000] AM335X ES2.1 (sgx neon)
[    0.000000] percpu: Embedded 17 pages/cpu s39820 r8192 d21620 u69632
[    0.000000] Kernel command line: console=ttyO0,115200n8 root=/dev/nfs rw nfsroot=192.168.255.126:/home/user01/nfs,nfsvers=3 ip=192.168.255.1:192.168.255.126::255.255.255.0:bbb1:eth0 nfsrootdebug
[    0.000000] Unknown kernel command line parameters "nfsrootdebug", will be passed to user space.
[    0.000000] printk: log buffer data + meta data: 65536 + 204800 = 270336 bytes
[    0.000000] Dentry cache hash table entries: 65536 (order: 6, 262144 bytes, linear)
[    0.000000] Inode-cache hash table entries: 32768 (order: 5, 131072 bytes, linear)
[    0.000000] Built 1 zonelists, mobility grouping on.  Total pages: 130560
[    0.000000] mem auto-init: stack:off, heap alloc:off, heap free:off
[    0.000000] SLUB: HWalign=16, Order=0-3, MinObjects=0, CPUs=1, Nodes=1
[    0.000000] rcu: Hierarchical RCU implementation.
[    0.000000] rcu: 	RCU event tracing is enabled.
[    0.000000] rcu: 	RCU restricting CPUs from NR_CPUS=2 to nr_cpu_ids=1.
[    0.000000] 	Tracing variant of Tasks RCU enabled.
[    0.000000] rcu: RCU calculated value of scheduler-enlistment delay is 10 jiffies.
[    0.000000] rcu: Adjusting geometry for rcu_fanout_leaf=16, nr_cpu_ids=1
[    0.000000] RCU Tasks Trace: Setting shift to 0 and lim to 1 rcu_task_cb_adjust=1 rcu_task_cpu_ids=1.
[    0.000000] NR_IRQS: 16, nr_irqs: 16, preallocated irqs: 16
[    0.000000] IRQ: Found an INTC at 0x(ptrval) (revision 5.0) with 128 interrupts
[    0.000000] rcu: srcu_init: Setting srcu_struct sizes based on contention.
[    0.000000] TI gptimer clocksource: always-on /ocp/interconnect@44c00000/segment@200000/target-module@31000
[    0.000003] sched_clock: 32 bits at 24MHz, resolution 41ns, wraps every 89478484971ns
[    0.000026] clocksource: dmtimer: mask: 0xffffffff max_cycles: 0xffffffff, max_idle_ns: 79635851949 ns
[    0.000531] TI gptimer clockevent: 24000000 Hz at /ocp/interconnect@48000000/segment@0/target-module@40000
[    0.002167] Console: colour dummy device 80x30
[    0.002232] WARNING: Your 'console=ttyO0' has been replaced by 'ttyS0'
[    0.002240] This ensures that you still see kernel messages. Please
[    0.002245] update your kernel commandline.
[    0.002288] Calibrating delay loop... 996.14 BogoMIPS (lpj=4980736)
[    0.090579] CPU: Testing write buffer coherency: ok
[    0.090690] CPU0: Spectre v2: using BPIALL workaround
[    0.090700] pid_max: default: 32768 minimum: 301
[    0.090862] LSM: initializing lsm=capability
[    0.091030] Mount-cache hash table entries: 1024 (order: 0, 4096 bytes, linear)
[    0.091048] Mountpoint-cache hash table entries: 1024 (order: 0, 4096 bytes, linear)
[    0.092671] CPU0: thread -1, cpu 0, socket -1, mpidr 0
[    0.092727] cacheinfo: Unable to detect cache hierarchy for CPU 0
[    0.094746] Setting up static identity map for 0x80100000 - 0x80100078
[    0.095094] rcu: Hierarchical SRCU implementation.
[    0.095105] rcu: 	Max phase no-delay instances is 1000.
[    0.096835] smp: Bringing up secondary CPUs ...
[    0.096889] smp: Brought up 1 node, 1 CPU
[    0.096902] SMP: Total of 1 processors activated (996.14 BogoMIPS).
[    0.096913] CPU: All CPU(s) started in SVC mode.
[    0.097104] Memory: 480828K/522240K available (11264K kernel code, 1214K rwdata, 2928K rodata, 1024K init, 286K bss, 23380K reserved, 16384K cma-reserved, 0K highmem)
[    0.097932] devtmpfs: initialized
[    0.114869] VFP support v0.3: implementor 41 architecture 3 part 30 variant c rev 3
[    0.115505] clocksource: jiffies: mask: 0xffffffff max_cycles: 0xffffffff, max_idle_ns: 19112604462750000 ns
[    0.115562] posixtimers hash table entries: 512 (order: 0, 4096 bytes, linear)
[    0.115586] futex hash table entries: 256 (16384 bytes on 1 NUMA nodes, total 16 KiB, linear).
[    0.116711] pinctrl core: initialized pinctrl subsystem
[    0.118755] NET: Registered PF_NETLINK/PF_ROUTE protocol family
[    0.121853] DMA: preallocated 256 KiB pool for atomic coherent allocations
[    0.122836] audit: initializing netlink subsys (disabled)
[    0.124214] thermal_sys: Registered thermal governor 'fair_share'
[    0.124230] thermal_sys: Registered thermal governor 'step_wise'
[    0.124239] thermal_sys: Registered thermal governor 'user_space'
[    0.124353] audit: type=2000 audit(0.120:1): state=initialized audit_enabled=0 res=1
[    0.124423] cpuidle: using governor menu
[    0.142402] /ocp/interconnect@44c00000/segment@200000/target-module@b000/i2c@0/tda19988@70: Fixed dependency cycle(s) with /ocp/interconnect@48000000/segment@300000/target-module@e000/lcdc@0
[    0.143535] /ocp/interconnect@48000000/segment@300000/target-module@e000/lcdc@0: Fixed dependency cycle(s) with /ocp/interconnect@44c00000/segment@200000/target-module@b000/i2c@0/tda19988@70
[    0.145737] No ATAGs?
[    0.145781] hw-breakpoint: debug architecture 0x4 unsupported.
[    0.148535] kprobes: kprobe jump-optimization is enabled. All kprobes are optimized if possible.
[    0.153930] iommu: Default domain type: Translated
[    0.153952] iommu: DMA domain TLB invalidation policy: strict mode
[    0.161381] SCSI subsystem initialized
[    0.162252] pps_core: LinuxPPS API ver. 1 registered
[    0.162263] pps_core: Software ver. 5.3.6 - Copyright 2005-2007 Rodolfo Giometti <giometti@linux.it>
[    0.162287] PTP clock support registered
[    0.170909] vgaarb: loaded
[    0.171284] clocksource: Switched to clocksource dmtimer
[    0.171950] VFS: Disk quotas dquot_6.6.0
[    0.172007] VFS: Dquot-cache hash table entries: 1024 (order 0, 4096 bytes)
[    0.196785] NET: Registered PF_INET protocol family
[    0.197132] IP idents hash table entries: 8192 (order: 4, 65536 bytes, linear)
[    0.198563] tcp_listen_portaddr_hash hash table entries: 512 (order: 0, 4096 bytes, linear)
[    0.198600] Table-perturb hash table entries: 65536 (order: 6, 262144 bytes, linear)
[    0.198620] TCP established hash table entries: 4096 (order: 2, 16384 bytes, linear)
[    0.198666] TCP bind hash table entries: 4096 (order: 4, 65536 bytes, linear)
[    0.198765] TCP: Hash tables configured (established 4096 bind 4096)
[    0.198885] UDP hash table entries: 256 (order: 1, 14336 bytes, linear)
[    0.198921] UDP-Lite hash table entries: 256 (order: 1, 14336 bytes, linear)
[    0.199111] NET: Registered PF_UNIX/PF_LOCAL protocol family
[    0.200383] RPC: Registered named UNIX socket transport module.
[    0.200406] RPC: Registered udp transport module.
[    0.200410] RPC: Registered tcp transport module.
[    0.200415] RPC: Registered tcp-with-tls transport module.
[    0.200421] RPC: Registered tcp NFSv4.1 backchannel transport module.
[    0.200443] PCI: CLS 0 bytes, default 64
[    0.201989] Initialise system trusted keyrings
[    0.211935] workingset: timestamp_bits=14 max_order=17 bucket_order=3
[    0.213299] NFS: Registering the id_resolver key type
[    0.213388] Key type id_resolver registered
[    0.213396] Key type id_legacy registered
[    0.213504] jffs2: version 2.2. (NAND) (SUMMARY)  Â© 2001-2006 Red Hat, Inc.
[    0.213965] Key type asymmetric registered
[    0.213981] Asymmetric key parser 'x509' registered
[    0.214051] io scheduler mq-deadline registered
[    0.214062] io scheduler kyber registered
[    0.214136] io scheduler bfq registered
[    0.216024] target-module@4b000000:target-module@140000:pmu@0:fck: device ID is greater than 24
[    0.222220] l3-aon-clkctrl:0000:0: failed to disable
[    0.231731] ledtrig-cpu: registered to indicate activity on CPUs
[    0.234601] Serial: 8250/16550 driver, 6 ports, IRQ sharing enabled
[    0.277596] brd: module loaded
[    0.297868] loop: module loaded
[    0.298798] mtdoops: mtd device (mtddev=name/number) must be supplied
[    0.302173] i2c_dev: i2c /dev entries driver
[    0.303195] cpuidle: enable-method property 'ti,am3352' found operations
[    0.303646] sdhci: Secure Digital Host Controller Interface driver
[    0.303656] sdhci: Copyright(c) Pierre Ossman
[    0.303844] sdhci-pltfm: SDHCI platform and OF driver helper
[    0.311864] hw perfevents: enabled with armv7_cortex_a8 PMU driver, 5 (8000000f) counters available
[    0.312398] Initializing XFRM netlink socket
[    0.312589] NET: Registered PF_INET6 protocol family
[    0.318267] l3-aon-clkctrl:0000:0: failed to disable
[    0.319723] Segment Routing with IPv6
[    0.319807] In-situ OAM (IOAM) with IPv6
[    0.319902] sit: IPv6, IPv4 and MPLS over IPv4 tunneling driver
[    0.320858] NET: Registered PF_PACKET protocol family
[    0.320888] NET: Registered PF_KEY protocol family
[    0.321000] Key type dns_resolver registered
[    0.321225] ThumbEE CPU extension supported.
[    0.321465] Registering SWP/SWPB emulation handler
[    0.322008] omap_voltage_late_init: Voltage driver support not added
[    0.322695] SmartReflex Class3 initialized
[    0.360928] Loading compiled-in X.509 certificates
[    0.400370] /ocp/interconnect@44c00000/segment@200000/target-module@b000/i2c@0/tda19988@70: Fixed dependency cycle(s) with /ocp/interconnect@48000000/segment@300000/target-module@e000/lcdc@0
[    0.406901] /ocp/interconnect@44c00000/segment@200000/target-module@b000/i2c@0/tda19988@70: Fixed dependency cycle(s) with /ocp/interconnect@48000000/segment@300000/target-module@e000/lcdc@0
[    0.436081] /ocp/interconnect@44c00000/segment@200000/target-module@b000/i2c@0/tda19988@70: Fixed dependency cycle(s) with /ocp/interconnect@48000000/segment@300000/target-module@e000/lcdc@0
[    0.436954] /ocp/interconnect@44c00000/segment@200000/target-module@b000/i2c@0/tda19988@70: Fixed dependency cycle(s) with /ocp/interconnect@48000000/segment@300000/target-module@e000/lcdc@0
[    0.440432] /ocp/interconnect@44c00000/segment@200000/target-module@10000/scm@0/pinmux@800: Fixed dependency cycle(s) with /ocp/interconnect@44c00000/segment@200000/target-module@10000/scm@0/pinmux@800/clkout2-pins
[    0.441040] pinctrl-single 44e10800.pinmux: 142 pins, size 568
[    0.446607] ti-sysc 44e31000.target-module: probe with driver ti-sysc failed with error -16
[    0.472635] /ocp/interconnect@48000000/segment@300000/target-module@e000/lcdc@0: Fixed dependency cycle(s) with /ocp/interconnect@44c00000/segment@200000/target-module@b000/i2c@0/tda19988@70
[    0.480661] ti-sysc 48040000.target-module: probe with driver ti-sysc failed with error -16
[    0.526040] OMAP GPIO hardware version 0.1
[    0.566574] omap_i2c 4819c000.i2c: bus 2 rev0.11 at 100 kHz
[    0.592836] 48000000.interconnect:segment@200000:target-module@0:mpu@0:fck: device ID is greater than 24
[    0.593752] /ocp/interconnect@48000000/segment@300000/target-module@e000/lcdc@0: Fixed dependency cycle(s) with /ocp/interconnect@44c00000/segment@200000/target-module@b000/i2c@0/tda19988@70
[    0.596608] /ocp/interconnect@48000000/segment@300000/target-module@e000/lcdc@0: Fixed dependency cycle(s) with /ocp/interconnect@44c00000/segment@200000/target-module@b000/i2c@0/tda19988@70
[    0.597320] /ocp/interconnect@44c00000/segment@200000/target-module@b000/i2c@0/tda19988@70: Fixed dependency cycle(s) with /ocp/interconnect@48000000/segment@300000/target-module@e000/lcdc@0
[    0.597481] /ocp/interconnect@48000000/segment@300000/target-module@e000/lcdc@0: Fixed dependency cycle(s) with /ocp/interconnect@44c00000/segment@200000/target-module@b000/i2c@0/tda19988@70
[    0.608775] sdhci-omap 481d8000.mmc: supply pbias not found, using dummy regulator
[    0.609259] sdhci-omap 481d8000.mmc: supply vqmmc not found, using dummy regulator
[    0.663776] davinci_mdio 4a101000.mdio: davinci mdio revision 1.6, bus freq 1000000
[    0.820533] davinci_mdio 4a101000.mdio: phy[0]: device 4a101000.mdio:00, driver SMSC LAN8710/LAN8720
[    0.821434] cpsw-switch 4a100000.switch: initialized cpsw ale version 1.4
[    0.821458] cpsw-switch 4a100000.switch: ALE Table size 1024, Policers 0
[    0.834684] cpsw-switch 4a100000.switch: cpts: overflow check period 500 (jiffies)
[    0.834708] cpsw-switch 4a100000.switch: CPTS: ref_clk_freq:250000000 calc_mult:2147483648 calc_shift:29 error:0 nsec/sec
[    0.834811] cpsw-switch 4a100000.switch: Detected MACID = 6c:ec:eb:68:de:78
[    0.836663] cpsw-switch 4a100000.switch: initialized (regs 0x4a100000, pool size 256) hw_ver:0019010C 1.12 (0)
[    0.847766] debugfs: '49000000.dma' already exists in 'dmaengine'
[    0.847809] edma 49000000.dma: TI EDMA DMA engine driver
[    0.904705] 44e09000.serial: ttyS0 at MMIO 0x44e09000 (irq = 34, base_baud = 3000000) is a 8250
[    0.904798] printk: legacy console [ttyS0] enabled
[    2.372261] tps65217-pmic: Failed to locate of_node [id: -1]
[    2.378323] tps65217-bl: Failed to locate of_node [id: -1]
[    2.384429] platform tps65217-charger: DMA mask not set
[    2.390467] platform tps65217-pwrbutton: DMA mask not set
[    2.397860] tps65217 0-0024: TPS65217 ID 0xe version 1.2
[    2.404012] /ocp/interconnect@48000000/segment@300000/target-module@e000/lcdc@0: Fixed dependency cycle(s) with /ocp/interconnect@44c00000/segment@200000/target-module@b000/i2c@0/tda19988@70
[    2.421411] /ocp/interconnect@44c00000/segment@200000/target-module@b000/i2c@0/tda19988@70: Fixed dependency cycle(s) with /ocp/interconnect@48000000/segment@300000/target-module@e000/lcdc@0
[    2.438770] omap_i2c 44e0b000.i2c: bus 0 rev0.11 at 400 kHz
[    2.446645] omap_gpio 44e07000.gpio: Could not set line 6 debounce to 200000 microseconds (-22)
[    2.455561] sdhci-omap 48060000.mmc: Got CD GPIO
[    2.460566] sdhci-omap 48060000.mmc: supply pbias not found, using dummy regulator
[    2.470563] sdhci-omap 48060000.mmc: supply vqmmc not found, using dummy regulator
[    2.479728] sdhci-omap 481d8000.mmc: supply pbias not found, using dummy regulator
[    2.489651] sdhci-omap 481d8000.mmc: supply vqmmc not found, using dummy regulator
[    2.525226] mmc0: SDHCI controller on 48060000.mmc [48060000.mmc] using External DMA
[    2.533554] mmc1: SDHCI controller on 481d8000.mmc [481d8000.mmc] using External DMA
[    2.542333] cpsw-switch 4a100000.switch: starting ndev. mode: dual_mac
[    2.590439] mmc0: new high speed SDHC card at address 5048
[    2.597501] mmcblk0: mmc0:5048 SD16G 14.4 GiB
[    2.605795]  mmcblk0: p1 p2
[    2.609170] mmcblk0: p2 size 31221760 extends beyond EOD, truncated
[    2.622653] SMSC LAN8710/LAN8720 4a101000.mdio:00: attached PHY driver (mii_bus:phy_addr=4a101000.mdio:00, irq=POLL)
[    2.633647] mmc1: new high speed MMC card at address 0001
[    2.646223] mmcblk1: mmc1:0001 MMC04G 3.60 GiB
[    2.653871]  mmcblk1: p1 p2
[    2.658105] mmcblk1boot0: mmc1:0001 MMC04G 2.00 MiB
[    2.666863] mmcblk1boot1: mmc1:0001 MMC04G 2.00 MiB
[    2.676159] mmcblk1rpmb: mmc1:0001 MMC04G 128 KiB, chardev (249:0)
[    5.762075] cpsw-switch 4a100000.switch eth0: Link is Up - 100Mbps/Full - flow control off
[    5.801543] IP-Config: Complete:
[    5.804821]      device=eth0, hwaddr=6c:ec:eb:68:de:78, ipaddr=192.168.255.1, mask=255.255.255.0, gw=255.255.255.255
[    5.815490]      host=bbb1, domain=, nis-domain=(none)
[    5.820660]      bootserver=192.168.255.126, rootserver=192.168.255.126, rootpath=
[    5.821080] clk: Disabling unused clocks
[    5.832927] PM: genpd: Disabling unused power domains
[    5.838048] KTAP version 1
[    5.840769] 1..0
[    5.843251] check access for rdinit=/init failed: -2, ignoring
[    5.871216] VFS: Mounted root (nfs filesystem) on device 0:17.
[    5.878239] devtmpfs: mounted
[    5.883107] Freeing unused kernel image (initmem) memory: 1024K
[    5.889730] Run /sbin/init as init process
[    6.565046] systemd[1]: System time before build time, advancing clock.
[    8.121306] random: crng init done
[    8.134038] systemd[1]: systemd 232 running in system mode. (+PAM +AUDIT +SELINUX +IMA +APPARMOR +SMACK +SYSVINIT +UTMP +LIBCRYPTSETUP +GCRYPT +GNUTLS +ACL +XZ +LZ4 +SECCOMP +BLKID +ELFUTILS +KMOD +IDN)
[    8.153137] systemd[1]: Detected architecture arm.

Welcome to [1mDebian GNU/Linux 9 (stretch)[0m!

[    8.184527] systemd[1]: Set hostname to <arm>.
[    9.303974] systemd[1]: systemd-journald-dev-log.socket: SO_PASSSEC failed: Operation not supported
[    9.313699] systemd[1]: Listening on Journal Socket (/dev/log).
[[0;32m  OK  [0m] Listening on Journal Socket (/dev/log).
[    9.332176] systemd[1]: Started Forward Password Requests to Wall Directory Watch.
[[0;32m  OK  [0m] Started Forward Password Requests to Wall Directory Watch.
[    9.362379] systemd[1]: Listening on Journal Audit Socket.
[[0;32m  OK  [0m] Listening on Journal Audit Socket.
[    9.391952] systemd[1]: syslog.socket: SO_PASSSEC failed: Operation not supported
[    9.399648] systemd[1]: Listening on Syslog Socket.
[[0;32m  OK  [0m] Listening on Syslog Socket.
[    9.423379] systemd[1]: Listening on udev Control Socket.
[[0;32m  OK  [0m] Listening on udev Control Socket.
[[0;32m  OK  [0m] Listening on /dev/initctl Compatibility Named Pipe.
[[0;32m  OK  [0m] Started Dispatch Password Requests to Console Directory Watch.
[[0;32m  OK  [0m] Reached target Paths.
[[0;32m  OK  [0m] Reached target Encrypted Volumes.
[[0;32m  OK  [0m] Set up automount Arbitrary Executabâ€¦rmats File System Automount Point.
[[0;32m  OK  [0m] Listening on udev Kernel Socket.
[[0;32m  OK  [0m] Reached target Swap.
[[0;32m  OK  [0m] Created slice System Slice.
[[0;32m  OK  [0m] Created slice system-serial\x2dgetty.slice.
         Mounting POSIX Message Queue File System...
[[0;32m  OK  [0m] Created slice system-getty.slice.
[[0;32m  OK  [0m] Listening on Journal Socket.
         Starting Remount Root and Kernel File Systems...
         Starting Create list of required stâ€¦ce nodes for the current kernel...
         Starting Journal Service...
         Starting Load Kernel Modules...
[[0;32m  OK  [0m] Reached target Remote File Systems.
[[0;32m  OK  [0m] Created slice User and Session Slice.
[[0;32m  OK  [0m] Reached target Slices.
         Mounting Debug File System...
[[0;32m  OK  [0m] Mounted POSIX Message Queue File System.
[[0;32m  OK  [0m] Started Remount Root and Kernel File Systems.
[[0;32m  OK  [0m] Started Create list of required staâ€¦vice nodes for the current kernel.
         Starting Create Static Device Nodes in /dev...
         Starting Load/Save Random Seed...
         Starting udev Coldplug all Devices...
[[0;32m  OK  [0m] Mounted Debug File System.
[[0;32m  OK  [0m] Started Load Kernel Modules.
         Mounting Configuration File System...
         Starting Apply Kernel Variables...
[[0;32m  OK  [0m] Started Load/Save Random Seed.
[[0;32m  OK  [0m] Mounted Configuration File System.
[[0;32m  OK  [0m] Started Apply Kernel Variables.
[[0;32m  OK  [0m] Started Create Static Device Nodes in /dev.
         Starting udev Kernel Device Manager...
[[0;32m  OK  [0m] Reached target Local File Systems (Pre).
[[0;32m  OK  [0m] Reached target Local File Systems.
         Starting Raise network interfaces...
[[0;32m  OK  [0m] Started Journal Service.
         Starting Flush Journal to Persistent Storage...
[   11.731528] systemd-journald[84]: Received request to flush runtime journal from PID 1
[[0;32m  OK  [0m] Started Flush Journal to Persistent Storage.
         Starting Create Volatile Files and Directories...
[[0;32m  OK  [0m] Started udev Kernel Device Manager.
[[0;32m  OK  [0m] Started Create Volatile Files and Directories.
         Starting Network Time Synchronization...
         Starting Update UTMP about System Boot/Shutdown...
[[0;32m  OK  [0m] Started Update UTMP about System Boot/Shutdown.
[[0;32m  OK  [0m] Started udev Coldplug all Devices.
[   14.971032] remoteproc remoteproc0: wkup_m3 is available
[   15.075357] omap_rtc 44e3e000.rtc: registered as rtc0
[   15.080541] omap_rtc 44e3e000.rtc: setting system clock to 2000-01-01T00:00:00 UTC (946684800)
[   15.271926] omap_wdt: OMAP Watchdog Timer Rev 0x01: initial timeout 60 sec
[   15.476063] at24 2-0054: supply vcc not found, using dummy regulator
[   15.489939] am335x-phy-driver 47401300.usb-phy: dummy supplies not allowed for exclusive requests (id=vbus)
[   15.513602] input: tps65217_pwrbutton as /devices/platform/ocp/44c00000.interconnect/44c00000.interconnect:segment@200000/44e0b000.target-module/44e0b000.i2c/i2c-0/0-0024/tps65217-pwrbutton/input/input0
[   15.578169] at24 2-0055: supply vcc not found, using dummy regulator
[   15.693042] at24 2-0056: supply vcc not found, using dummy regulator
[[0;32m  OK  [0m] Found device /dev/ttyS0.
[[0;32m  OK  [0m] Started Network Time Synchronization.
[   15.745876] am335x-phy-driver 47401b00.usb-phy: dummy supplies not allowed for exclusive requests (id=vbus)
[   15.793995] at24 2-0057: supply vcc not found, using dummy regulator
[   15.922169] at24 0-0050: 32768 byte 24c256 EEPROM, writable, 1 bytes/write
[[0;32m  OK  [0m] Reached target System Time Synchronized.
[[0;32m  OK  [0m] Reached target System Initialization.
[[0;32m  OK  [0m] Started Daily apt download activities.
[[0;32m  OK  [0m] Started Daily apt upgrade and clean activities.
[[0;32m  OK  [0m] Listening on Avahi mDNS/DNS-SD Stack Activation Socket.
[[0;32m  OK  [0m] Started Daily Cleanup of Temporary Directories.
[[0;32m  OK  [0m] Reached target Timers.
[[0;32m  OK  [0m] Listening on D-Bus System Message Bus Socket.
[[0;32m  OK  [0m] Reached target Sockets.
[   16.760592] usbcore: registered new interface driver usbfs
[   16.766511] usbcore: registered new interface driver hub
[   16.772042] usbcore: registered new device driver usb
[[0;32m  OK  [0m] Reached target Basic System.
         Starting LSB: Load kernel modules needed to enable cpufreq scaling...
         Starting LSB: Start busybox udhcpd at boot time...
         Starting DUN service...
         Starting Generic Board Startup...
         Starting Cape Manager Service...
         Starting Login Service...
[   17.531992] musb-hdrc musb-hdrc.1: MUSB HDRC host driver
[   17.537412] musb-hdrc musb-hdrc.1: new USB bus registered, assigned bus number 1
[   17.686090] tda998x 0-0070: found TDA19988
[   17.760658] usb usb1: New USB device found, idVendor=1d6b, idProduct=0002, bcdDevice= 6.16
[   17.769776] usb usb1: New USB device strings: Mfr=3, Product=2, SerialNumber=1
[   17.777238] usb usb1: Product: MUSB HDRC host driver
[   17.782295] usb usb1: Manufacturer: Linux 6.16.0-rc5-next-20250709 musb-hcd
[   17.789295] usb usb1: SerialNumber: musb-hdrc.1
[[0;32m  OK  [0m] Started Regular background program processing daemon.
[   17.961059] omap-mailbox 480c8000.mailbox: omap mailbox rev 0x400
         Starting Telephony service...
[   18.065590] remoteproc remoteproc0: powering up wkup_m3
         Starting System Logging Service...
         Starting Avahi mDNS/DNS-SD Stack...
[   18.276360] hub 1-0:1.0: USB hub found
[   18.348333] hub 1-0:1.0: 1 port detected
[[0;32m  OK  [0m] Started D-Bus System Message Bus.
[   18.437944] remoteproc remoteproc0: Direct firmware load for am335x-pm-firmware.elf failed with error -2
[   18.447770] remoteproc remoteproc0: request_firmware failed: -2
[   18.453818] wkup_m3_ipc 44e11324.wkup_m3_ipc: rproc_boot failed
[   20.846104] omap_rng 48310000.rng: Random Number Generator ver. 20
[   21.154886] tilcdc 4830e000.lcdc: bound 0-0070 (ops tda998x_audio_codec_init [tda998x])
[   21.246233] [drm] Initialized tilcdc 1.0.0 for 4830e000.lcdc on minor 0
[   21.307475] tilcdc 4830e000.lcdc: [drm] Cannot find any crtc or sizes
[   21.315944] tilcdc 4830e000.lcdc: [drm] Cannot find any crtc or sizes
[   21.839578] omap-sham 53100000.sham: hw accel on OMAP rev 4.3
[   21.878586] PM: Cannot get wkup_m3_ipc handle
[   21.964239] omap-aes 53500000.aes: OMAP AES hw accel rev: 3.2
[   21.993901] omap-sham 53100000.sham: will run requests pump with realtime priority
[   22.021898] PM: Cannot get wkup_m3_ipc handle
[   22.101581] omap-aes 53500000.aes: will run requests pump with realtime priority
[   22.126790] PM: Cannot get wkup_m3_ipc handle
[   22.414572] ------------[ cut here ]------------
[   22.419269] WARNING: net/8021q/vlan_core.c:236 at vlan_for_each+0x114/0x134, CPU#0: avahi-daemon/230
[   22.428647] RTNL: assertion failed at net/8021q/vlan_core.c (236)
[   22.434821] Modules linked in: snd_soc_simple_card omap_aes_driver snd_soc_simple_card_utils omap_crypto pm33xx omap_sham libaes crypto_engine ti_emif_sram tilcdc drm_dma_helper drm_client_lib omap_rng rng_core snd_soc_davinci_mcasp snd_soc_ti_udma snd_soc_ti_edma snd_soc_ti_sdma snd_soc_core snd_pcm_dmaengine snd_pcm omap_mailbox snd_timer snd musb_dsps soundcore tda998x musb_hdrc cec udc_core drm_kms_helper usbcore drm wkup_m3_ipc drm_panel_orientation_quirks phy_am335x at24 tps65218_pwrbutton phy_am335x_control phy_generic omap_wdt usb_common cppi41 watchdog rtc_omap wkup_m3_rproc leds_gpio cpufreq_dt led_class ip_tables x_tables autofs4
[   22.492168] CPU: 0 UID: 107 PID: 230 Comm: avahi-daemon Not tainted 6.16.0-rc5-next-20250709 #1 NONE 
[   22.492186] Hardware name: Generic AM33XX (Flattened Device Tree)
[   22.492195] Call trace: 
[   22.492211]  unwind_backtrace from show_stack+0x10/0x14
[   22.492251]  show_stack from dump_stack_lvl+0x50/0x64
[   22.492275]  dump_stack_lvl from __warn+0x88/0x148
[   22.492308]  __warn from warn_slowpath_fmt+0x19c/0x1b0
[   22.492333]  warn_slowpath_fmt from vlan_for_each+0x114/0x134
[   22.492356]  vlan_for_each from cpsw_add_mc_addr+0x40/0xa4
[   22.492375]  cpsw_add_mc_addr from __hw_addr_ref_sync_dev+0x108/0x140
[   22.492400]  __hw_addr_ref_sync_dev from __dev_mc_add+0x7c/0x80
[   22.492418]  __dev_mc_add from igmp6_group_added+0xc8/0xe0
[   22.492438]  igmp6_group_added from __ipv6_dev_mc_inc+0x218/0x364
[   22.492452]  __ipv6_dev_mc_inc from __ipv6_sock_mc_join+0x11c/0x214
[   22.492465]  __ipv6_sock_mc_join from do_ipv6_setsockopt+0x1214/0x1310
[   22.492487]  do_ipv6_setsockopt from ipv6_setsockopt+0x60/0xcc
[   22.492504]  ipv6_setsockopt from udpv6_setsockopt+0x2c/0x6c
[   22.492524]  udpv6_setsockopt from sock_common_setsockopt+0x30/0x40
[   22.492550]  sock_common_setsockopt from do_sock_setsockopt+0x50/0x9c
[   22.492568]  do_sock_setsockopt from __sys_setsockopt+0x70/0xbc
[   22.492583]  __sys_setsockopt from ret_fast_syscall+0x0/0x58
[   22.492598] Exception stack(0xe0171fa8 to 0xe0171ff0)
[   22.492611] 1fa0:                   00000014 b6ffcce8 0000000d 00000029 00000014 bee489ec
[   22.492623] 1fc0: 00000014 b6ffcce8 00000014 00000126 0000000d b6fa5ff4 0049e988 00486558
[   22.492631] 1fe0: b6fbb088 bee489d8 b6f98309 b6e6f41a
[   22.492639] ---[ end trace 0000000000000000 ]---
[[0;32m  OK  [0m] Started Telephony service.
[[0;32m  OK  [0m] Started DUN service.
[[0;32m  OK  [0m] Started Avahi mDNS/DNS-SD Stack.
         Starting Connection service...
[[0;32m  OK  [0m] Started System Logging Service.
[[0;32m  OK  [0m] Started Cape Manager Service.
[   24.974797] Bluetooth: Core ver 2.22
[   24.978602] NET: Registered PF_BLUETOOTH protocol family
[   24.984194] Bluetooth: HCI device and connection manager initialized
[   24.990647] Bluetooth: HCI socket layer initialized
[   24.995616] Bluetooth: L2CAP socket layer initialized
[   25.000733] Bluetooth: SCO socket layer initialized
[   25.841572] gpio-537 (nxp,calib): gpiod_direction_output_nonotify: tried to set a GPIO tied to an IRQ as output
[   25.959763] PM: Cannot get wkup_m3_ipc handle
[   26.105292] tda9950 0-0034: TDA9950 CEC interface, hardware version 3.3
[   26.207687] PM: Cannot get wkup_m3_ipc handle
[[0;32m  OK  [0m] Started LSB: Start busybox udhcpd at boot time.
[[0;32m  OK  [0m] Started Raise network interfaces.
[[0;32m  OK  [0m] Started LSB: Load kernel modules needed to enable cpufreq scaling.
[   29.026292] configfs-gadget.g_multi gadget.0: HOST MAC 1c:ba:8c:a2:ed:6c
[   29.033263] configfs-gadget.g_multi gadget.0: MAC 1c:ba:8c:a2:ed:70
[   29.040530] configfs-gadget.g_multi gadget.0: HOST MAC 1c:ba:8c:a2:ed:6c
[   29.047429] configfs-gadget.g_multi gadget.0: MAC 1c:ba:8c:a2:ed:6d
[   29.054952] PM: Cannot get wkup_m3_ipc handle
[[0;32m  OK  [0m] Started Connection service.
[[0;32m  OK  [0m] Started Login Service.
[[0;32m  OK  [0m] Reached target Sound Card.
         Starting LSB: set CPUFreq kernel parameters...
[[0;32m  OK  [0m] Reached target Network.
         Starting OpenBSD Secure Shell server...
         Starting Permit User Sessions...
         Starting The Apache HTTP Server...
[[0;32m  OK  [0m] Reached target Network is Online.
         Starting LSB: Advanced IEEE 802.11 management daemon...
[[0;32m  OK  [0m] Started Permit User Sessions.
[[0;32m  OK  [0m] Started LSB: Advanced IEEE 802.11 management daemon.
[[0;32m  OK  [0m] Started Serial Getty on ttyS0.
[[0;32m  OK  [0m] Started Getty on tty1.
[[0;32m  OK  [0m] Reached target Login Prompts.
[[0;32m  OK  [0m] Started LSB: set CPUFreq kernel parameters.
         Starting Hostname Service...
         Starting WPA supplicant...
[[0;32m  OK  [0m] Started OpenBSD Secure Shell server.
         Stopping LSB: Start busybox udhcpd at boot time...
[[0;32m  OK  [0m] Started Hostname Service.
[[0;32m  OK  [0m] Started WPA supplicant.
[[0;32m  OK  [0m] Stopped LSB: Start busybox udhcpd at boot time.
         Starting dnsmasq - A lightweight DHCP and caching DNS server...
[[0;32m  OK  [0m] Started The Apache HTTP Server.
[[0;32m  OK  [0m] Started dnsmasq - A lightweight DHCP and caching DNS server.
[[0;32m  OK  [0m] Reached target Host and Network Name Lookups.
[[0;32m  OK  [0m] Started Serial Getty on ttyGS0.
[[0;32m  OK  [0m] Started Generic Board Startup.
[[0;32m  OK  [0m] Reached target Multi-User System.
[[0;32m  OK  [0m] Reached target Graphical Interface.
         Starting Update UTMP about System Runlevel Changes...
[[0;32m  OK  [0m] Started Update UTMP about System Runlevel Changes.

Debian GNU/Linux 9 arm ttyS0

default username:password is [debian:temppwd]

arm login: root
Password: 
Last login: Sat Jan  1 00:00:36 UTC 2000 on ttyS0
root
Linux arm 6.16.0-rc5-next-20250709 #1 SMP Wed Jul  9 17:32:16 EEST 2025 armv7l

The programs included with the Debian GNU/Linux system are free software;
the exact distribution terms for each program are described in the
individual files in /usr/share/doc/*/copyright.

Debian GNU/Linux comes with ABSOLUTELY NO WARRANTY, to the extent
permitted by applicable law.
root@arm:~# root
dmesg -n 1
-bash: root: command not found
root@arm:~# dmesg -n 1
root@arm:~# echo 'WGFL''JGZLQP'
WGFLJGZLQP
root@arm:~# run() { echo -n "$MARKER"; sh -c "$@"; echo "$MARKER $?"; }
root@arm:~# echo 'SXBV''HHJVWH'
SXBVHHJVWH
root@arm:~# MARKER='TEUT''UYUFVW' run 'cat /proc/version'
TEUTUYUFVWLinux version 6.16.0-rc5-next-20250709 (user01@drvtest01) (arm-none-eabi-gcc (Arm GNU Toolchain 14.2.Rel1 (Build arm-14.52)) 14.2.1 20241119, GNU ld (Arm GNU Toolchain 14.2.Rel1 (Build arm-14.52)) 2.43.1.20241119) #1 SMP Wed Jul  9 17:32:16 EEST 2025
TEUTUYUFVW 0
root@arm:~# echo 'BJWT''QZTHEN'
BJWTQZTHEN
root@arm:~# MARKER='SPEM''TKMHME' run false
SPEMTKMHMESPEMTKMHME 1
root@arm:~# Labgrid Console Logfile for main
Logfile started at 2025-07-09 17:36:18.724155
=== Log starts here ===

root@arm:~# run() { echo -n "$MARKER"; sh -c "$@"; echo "$MARKER $?"; }
root@arm:~# echo 'JXNN''BUJTAL'
JXNNBUJTAL
root@arm:~# MARKER='KJVK''EQZLJL' run 'ls /iio_generic_buffer; echo $?'
KJVKEQZLJL/iio_generic_buffer
0
KJVKEQZLJL 0
root@arm:~# Labgrid Console Logfile for main
Logfile started at 2025-07-09 17:36:22.097997
=== Log starts here ===

root@arm:~# run() { echo -n "$MARKER"; sh -c "$@"; echo "$MARKER $?"; }
root@arm:~# echo 'SJJX''THTUVX'
SJJXTHTUVX
root@arm:~# MARKER='BNMH''OUHXUZ' run dmesg
BNMHOUHXUZ[    0.000000] Booting Linux on physical CPU 0x0
[    0.000000] Linux version 6.16.0-rc5-next-20250709 (user01@drvtest01) (arm-none-eabi-gcc (Arm GNU Toolchain 14.2.Rel1 (Build arm-14.52)) 14.2.1 20241119, GNU ld (Arm GNU Toolchain 14.2.Rel1 (Build arm-14.52)) 2.43.1.20241119) #1 SMP Wed Jul  9 17:32:16 EEST 2025
[    0.000000] CPU: ARMv7 Processor [413fc082] revision 2 (ARMv7), cr=10c5387d
[    0.000000] CPU: PIPT / VIPT nonaliasing data cache, VIPT aliasing instruction cache
[    0.000000] OF: fdt: Machine model: TI AM335x BeagleBone Black
[    0.000000] Memory policy: Data cache writeback
[    0.000000] cma: Reserved 16 MiB at 0x9e800000
[    0.000000] Zone ranges:
[    0.000000]   Normal   [mem 0x0000000080000000-0x000000009fdfffff]
[    0.000000]   HighMem  empty
[    0.000000] Movable zone start for each node
[    0.000000] Early memory node ranges
[    0.000000]   node   0: [mem 0x0000000080000000-0x000000009fdfffff]
[    0.000000] Initmem setup node 0 [mem 0x0000000080000000-0x000000009fdfffff]
[    0.000000] On node 0, zone Normal: 512 pages in unavailable ranges
[    0.000000] OF: reserved mem: Reserved memory: No reserved-memory node in the DT
[    0.000000] CPU: All CPU(s) started in SVC mode.
[    0.000000] AM335X ES2.1 (sgx neon)
[    0.000000] percpu: Embedded 17 pages/cpu s39820 r8192 d21620 u69632
[    0.000000] pcpu-alloc: s39820 r8192 d21620 u69632 alloc=17*4096
[    0.000000] pcpu-alloc: [0] 0 
[    0.000000] Kernel command line: console=ttyO0,115200n8 root=/dev/nfs rw nfsroot=192.168.255.126:/home/user01/nfs,nfsvers=3 ip=192.168.255.1:192.168.255.126::255.255.255.0:bbb1:eth0 nfsrootdebug
[    0.000000] Unknown kernel command line parameters "nfsrootdebug", will be passed to user space.
[    0.000000] printk: log buffer data + meta data: 65536 + 204800 = 270336 bytes
[    0.000000] Dentry cache hash table entries: 65536 (order: 6, 262144 bytes, linear)
[    0.000000] Inode-cache hash table entries: 32768 (order: 5, 131072 bytes, linear)
[    0.000000] Built 1 zonelists, mobility grouping on.  Total pages: 130560
[    0.000000] mem auto-init: stack:off, heap alloc:off, heap free:off
[    0.000000] SLUB: HWalign=16, Order=0-3, MinObjects=0, CPUs=1, Nodes=1
[    0.000000] rcu: Hierarchical RCU implementation.
[    0.000000] rcu: 	RCU event tracing is enabled.
[    0.000000] rcu: 	RCU restricting CPUs from NR_CPUS=2 to nr_cpu_ids=1.
[    0.000000] 	Tracing variant of Tasks RCU enabled.
[    0.000000] rcu: RCU calculated value of scheduler-enlistment delay is 10 jiffies.
[    0.000000] rcu: Adjusting geometry for rcu_fanout_leaf=16, nr_cpu_ids=1
[    0.000000] RCU Tasks Trace: Setting shift to 0 and lim to 1 rcu_task_cb_adjust=1 rcu_task_cpu_ids=1.
[    0.000000] NR_IRQS: 16, nr_irqs: 16, preallocated irqs: 16
[    0.000000] IRQ: Found an INTC at 0x(ptrval) (revision 5.0) with 128 interrupts
[    0.000000] rcu: srcu_init: Setting srcu_struct sizes based on contention.
[    0.000000] TI gptimer clocksource: always-on /ocp/interconnect@44c00000/segment@200000/target-module@31000
[    0.000003] sched_clock: 32 bits at 24MHz, resolution 41ns, wraps every 89478484971ns
[    0.000026] clocksource: dmtimer: mask: 0xffffffff max_cycles: 0xffffffff, max_idle_ns: 79635851949 ns
[    0.000531] TI gptimer clockevent: 24000000 Hz at /ocp/interconnect@48000000/segment@0/target-module@40000
[    0.002167] Console: colour dummy device 80x30
[    0.002232] WARNING: Your 'console=ttyO0' has been replaced by 'ttyS0'
[    0.002240] This ensures that you still see kernel messages. Please
[    0.002245] update your kernel commandline.
[    0.002288] Calibrating delay loop... 996.14 BogoMIPS (lpj=4980736)
[    0.090579] CPU: Testing write buffer coherency: ok
[    0.090690] CPU0: Spectre v2: using BPIALL workaround
[    0.090700] pid_max: default: 32768 minimum: 301
[    0.090862] LSM: initializing lsm=capability
[    0.091030] Mount-cache hash table entries: 1024 (order: 0, 4096 bytes, linear)
[    0.091048] Mountpoint-cache hash table entries: 1024 (order: 0, 4096 bytes, linear)
[    0.092671] CPU0: thread -1, cpu 0, socket -1, mpidr 0
[    0.092727] cacheinfo: Unable to detect cache hierarchy for CPU 0
[    0.094746] Setting up static identity map for 0x80100000 - 0x80100078
[    0.095094] rcu: Hierarchical SRCU implementation.
[    0.095105] rcu: 	Max phase no-delay instances is 1000.
[    0.096835] smp: Bringing up secondary CPUs ...
[    0.096889] smp: Brought up 1 node, 1 CPU
[    0.096902] SMP: Total of 1 processors activated (996.14 BogoMIPS).
[    0.096913] CPU: All CPU(s) started in SVC mode.
[    0.097104] Memory: 480828K/522240K available (11264K kernel code, 1214K rwdata, 2928K rodata, 1024K init, 286K bss, 23380K reserved, 16384K cma-reserved, 0K highmem)
[    0.097932] devtmpfs: initialized
[    0.114869] VFP support v0.3: implementor 41 architecture 3 part 30 variant c rev 3
[    0.115505] clocksource: jiffies: mask: 0xffffffff max_cycles: 0xffffffff, max_idle_ns: 19112604462750000 ns
[    0.115562] posixtimers hash table entries: 512 (order: 0, 4096 bytes, linear)
[    0.115586] futex hash table entries: 256 (16384 bytes on 1 NUMA nodes, total 16 KiB, linear).
[    0.116711] pinctrl core: initialized pinctrl subsystem
[    0.118755] NET: Registered PF_NETLINK/PF_ROUTE protocol family
[    0.121853] DMA: preallocated 256 KiB pool for atomic coherent allocations
[    0.122836] audit: initializing netlink subsys (disabled)
[    0.124214] thermal_sys: Registered thermal governor 'fair_share'
[    0.124230] thermal_sys: Registered thermal governor 'step_wise'
[    0.124239] thermal_sys: Registered thermal governor 'user_space'
[    0.124353] audit: type=2000 audit(0.120:1): state=initialized audit_enabled=0 res=1
[    0.124423] cpuidle: using governor menu
[    0.142402] /ocp/interconnect@44c00000/segment@200000/target-module@b000/i2c@0/tda19988@70: Fixed dependency cycle(s) with /ocp/interconnect@48000000/segment@300000/target-module@e000/lcdc@0
[    0.143535] /ocp/interconnect@48000000/segment@300000/target-module@e000/lcdc@0: Fixed dependency cycle(s) with /ocp/interconnect@44c00000/segment@200000/target-module@b000/i2c@0/tda19988@70
[    0.145737] No ATAGs?
[    0.145781] hw-breakpoint: debug architecture 0x4 unsupported.
[    0.148535] kprobes: kprobe jump-optimization is enabled. All kprobes are optimized if possible.
[    0.153930] iommu: Default domain type: Translated
[    0.153952] iommu: DMA domain TLB invalidation policy: strict mode
[    0.155526] reg-fixed-voltage fixedregulator0: using DT '/fixedregulator0' for '(default)' GPIO lookup
[    0.155580] of_get_named_gpiod_flags: can't parse 'gpios' property of node '/fixedregulator0[0]'
[    0.155609] of_get_named_gpiod_flags: can't parse 'gpio' property of node '/fixedregulator0[0]'
[    0.155626] reg-fixed-voltage fixedregulator0: using lookup tables for GPIO lookup
[    0.155636] reg-fixed-voltage fixedregulator0: No GPIO consumer (default) found
[    0.161381] SCSI subsystem initialized
[    0.161874] libata version 3.00 loaded.
[    0.162252] pps_core: LinuxPPS API ver. 1 registered
[    0.162263] pps_core: Software ver. 5.3.6 - Copyright 2005-2007 Rodolfo Giometti <giometti@linux.it>
[    0.162287] PTP clock support registered
[    0.170909] vgaarb: loaded
[    0.171284] clocksource: Switched to clocksource dmtimer
[    0.171950] VFS: Disk quotas dquot_6.6.0
[    0.172007] VFS: Dquot-cache hash table entries: 1024 (order 0, 4096 bytes)
[    0.196785] NET: Registered PF_INET protocol family
[    0.197132] IP idents hash table entries: 8192 (order: 4, 65536 bytes, linear)
[    0.198563] tcp_listen_portaddr_hash hash table entries: 512 (order: 0, 4096 bytes, linear)
[    0.198600] Table-perturb hash table entries: 65536 (order: 6, 262144 bytes, linear)
[    0.198620] TCP established hash table entries: 4096 (order: 2, 16384 bytes, linear)
[    0.198666] TCP bind hash table entries: 4096 (order: 4, 65536 bytes, linear)
[    0.198765] TCP: Hash tables configured (established 4096 bind 4096)
[    0.198885] UDP hash table entries: 256 (order: 1, 14336 bytes, linear)
[    0.198921] UDP-Lite hash table entries: 256 (order: 1, 14336 bytes, linear)
[    0.199111] NET: Registered PF_UNIX/PF_LOCAL protocol family
[    0.200383] RPC: Registered named UNIX socket transport module.
[    0.200406] RPC: Registered udp transport module.
[    0.200410] RPC: Registered tcp transport module.
[    0.200415] RPC: Registered tcp-with-tls transport module.
[    0.200421] RPC: Registered tcp NFSv4.1 backchannel transport module.
[    0.200443] PCI: CLS 0 bytes, default 64
[    0.201989] Initialise system trusted keyrings
[    0.211935] workingset: timestamp_bits=14 max_order=17 bucket_order=3
[    0.213299] NFS: Registering the id_resolver key type
[    0.213388] Key type id_resolver registered
[    0.213396] Key type id_legacy registered
[    0.213504] jffs2: version 2.2. (NAND) (SUMMARY)  Â© 2001-2006 Red Hat, Inc.
[    0.213965] Key type asymmetric registered
[    0.213981] Asymmetric key parser 'x509' registered
[    0.214051] io scheduler mq-deadline registered
[    0.214062] io scheduler kyber registered
[    0.214136] io scheduler bfq registered
[    0.216024] target-module@4b000000:target-module@140000:pmu@0:fck: device ID is greater than 24
[    0.222220] l3-aon-clkctrl:0000:0: failed to disable
[    0.231731] ledtrig-cpu: registered to indicate activity on CPUs
[    0.234601] Serial: 8250/16550 driver, 6 ports, IRQ sharing enabled
[    0.277596] brd: module loaded
[    0.297868] loop: module loaded
[    0.298798] mtdoops: mtd device (mtddev=name/number) must be supplied
[    0.300517] mdio_bus fixed-0: using lookup tables for GPIO lookup
[    0.300543] mdio_bus fixed-0: No GPIO consumer reset found
[    0.302173] i2c_dev: i2c /dev entries driver
[    0.303195] cpuidle: enable-method property 'ti,am3352' found operations
[    0.303646] sdhci: Secure Digital Host Controller Interface driver
[    0.303656] sdhci: Copyright(c) Pierre Ossman
[    0.303844] sdhci-pltfm: SDHCI platform and OF driver helper
[    0.311864] hw perfevents: enabled with armv7_cortex_a8 PMU driver, 5 (8000000f) counters available
[    0.312398] Initializing XFRM netlink socket
[    0.312589] NET: Registered PF_INET6 protocol family
[    0.318267] l3-aon-clkctrl:0000:0: failed to disable
[    0.319723] Segment Routing with IPv6
[    0.319807] In-situ OAM (IOAM) with IPv6
[    0.319902] sit: IPv6, IPv4 and MPLS over IPv4 tunneling driver
[    0.320858] NET: Registered PF_PACKET protocol family
[    0.320888] NET: Registered PF_KEY protocol family
[    0.321000] Key type dns_resolver registered
[    0.321225] ThumbEE CPU extension supported.
[    0.321465] Registering SWP/SWPB emulation handler
[    0.322008] omap_voltage_late_init: Voltage driver support not added
[    0.322695] SmartReflex Class3 initialized
[    0.360928] Loading compiled-in X.509 certificates
[    0.400370] /ocp/interconnect@44c00000/segment@200000/target-module@b000/i2c@0/tda19988@70: Fixed dependency cycle(s) with /ocp/interconnect@48000000/segment@300000/target-module@e000/lcdc@0
[    0.406901] /ocp/interconnect@44c00000/segment@200000/target-module@b000/i2c@0/tda19988@70: Fixed dependency cycle(s) with /ocp/interconnect@48000000/segment@300000/target-module@e000/lcdc@0
[    0.412624] gpiochip_find_base_unlocked: found new base at 512
[    0.436081] /ocp/interconnect@44c00000/segment@200000/target-module@b000/i2c@0/tda19988@70: Fixed dependency cycle(s) with /ocp/interconnect@48000000/segment@300000/target-module@e000/lcdc@0
[    0.436954] /ocp/interconnect@44c00000/segment@200000/target-module@b000/i2c@0/tda19988@70: Fixed dependency cycle(s) with /ocp/interconnect@48000000/segment@300000/target-module@e000/lcdc@0
[    0.440432] /ocp/interconnect@44c00000/segment@200000/target-module@10000/scm@0/pinmux@800: Fixed dependency cycle(s) with /ocp/interconnect@44c00000/segment@200000/target-module@10000/scm@0/pinmux@800/clkout2-pins
[    0.441040] pinctrl-single 44e10800.pinmux: 142 pins, size 568
[    0.446607] ti-sysc 44e31000.target-module: probe with driver ti-sysc failed with error -16
[    0.472635] /ocp/interconnect@48000000/segment@300000/target-module@e000/lcdc@0: Fixed dependency cycle(s) with /ocp/interconnect@44c00000/segment@200000/target-module@b000/i2c@0/tda19988@70
[    0.480661] ti-sysc 48040000.target-module: probe with driver ti-sysc failed with error -16
[    0.492391] gpiochip_find_base_unlocked: found new base at 512
[    0.492493] gpio gpiochip0: (gpio-0-31): created GPIO range 0->7 ==> 44e10800.pinmux PIN 0->7
[    0.492512] gpio gpiochip0: (gpio-0-31): created GPIO range 8->11 ==> 44e10800.pinmux PIN 90->93
[    0.492527] gpio gpiochip0: (gpio-0-31): created GPIO range 12->27 ==> 44e10800.pinmux PIN 12->27
[    0.492542] gpio gpiochip0: (gpio-0-31): created GPIO range 28->31 ==> 44e10800.pinmux PIN 30->33
[    0.525816] gpio gpiochip0: (gpio-0-31): added GPIO chardev (254:0)
[    0.525954] gpio gpiochip0: registered GPIOs 512 to 543 on gpio-0-31
[    0.526040] OMAP GPIO hardware version 0.1
[    0.565546] i2c i2c-2: using DT '/ocp/interconnect@48000000/segment@100000/target-module@9c000/i2c@0' for 'scl' GPIO lookup
[    0.565619] of_get_named_gpiod_flags: can't parse 'scl-gpios' property of node '/ocp/interconnect@48000000/segment@100000/target-module@9c000/i2c@0[0]'
[    0.565660] of_get_named_gpiod_flags: can't parse 'scl-gpio' property of node '/ocp/interconnect@48000000/segment@100000/target-module@9c000/i2c@0[0]'
[    0.565696] i2c i2c-2: using lookup tables for GPIO lookup
[    0.565706] i2c i2c-2: No GPIO consumer scl found
[    0.565726] i2c i2c-2: using DT '/ocp/interconnect@48000000/segment@100000/target-module@9c000/i2c@0' for 'sda' GPIO lookup
[    0.565761] of_get_named_gpiod_flags: can't parse 'sda-gpios' property of node '/ocp/interconnect@48000000/segment@100000/target-module@9c000/i2c@0[0]'
[    0.565798] of_get_named_gpiod_flags: can't parse 'sda-gpio' property of node '/ocp/interconnect@48000000/segment@100000/target-module@9c000/i2c@0[0]'
[    0.565829] i2c i2c-2: using lookup tables for GPIO lookup
[    0.565836] i2c i2c-2: No GPIO consumer sda found
[    0.566574] omap_i2c 4819c000.i2c: bus 2 rev0.11 at 100 kHz
[    0.572445] gpiochip_find_base_unlocked: found new base at 544
[    0.572552] gpio gpiochip1: (gpio-32-63): created GPIO range 0->17 ==> 44e10800.pinmux PIN 34->51
[    0.572572] gpio gpiochip1: (gpio-32-63): created GPIO range 18->21 ==> 44e10800.pinmux PIN 77->80
[    0.572588] gpio gpiochip1: (gpio-32-63): created GPIO range 22->31 ==> 44e10800.pinmux PIN 56->65
[    0.583546] gpio gpiochip1: (gpio-32-63): added GPIO chardev (254:1)
[    0.583717] gpio gpiochip1: registered GPIOs 544 to 575 on gpio-32-63
[    0.585990] gpiochip_find_base_unlocked: found new base at 576
[    0.586082] gpio gpiochip2: (gpio-64-95): created GPIO range 0->4 ==> 44e10800.pinmux PIN 66->70
[    0.586102] gpio gpiochip2: (gpio-64-95): created GPIO range 5->6 ==> 44e10800.pinmux PIN 98->99
[    0.586117] gpio gpiochip2: (gpio-64-95): created GPIO range 7->8 ==> 44e10800.pinmux PIN 75->76
[    0.586132] gpio gpiochip2: (gpio-64-95): created GPIO range 13->13 ==> 44e10800.pinmux PIN 141->141
[    0.586148] gpio gpiochip2: (gpio-64-95): created GPIO range 14->21 ==> 44e10800.pinmux PIN 100->107
[    0.586793] gpio gpiochip2: (gpio-64-95): added GPIO chardev (254:2)
[    0.586926] gpio gpiochip2: registered GPIOs 576 to 607 on gpio-64-95
[    0.592836] 48000000.interconnect:segment@200000:target-module@0:mpu@0:fck: device ID is greater than 24
[    0.593752] /ocp/interconnect@48000000/segment@300000/target-module@e000/lcdc@0: Fixed dependency cycle(s) with /ocp/interconnect@44c00000/segment@200000/target-module@b000/i2c@0/tda19988@70
[    0.596608] /ocp/interconnect@48000000/segment@300000/target-module@e000/lcdc@0: Fixed dependency cycle(s) with /ocp/interconnect@44c00000/segment@200000/target-module@b000/i2c@0/tda19988@70
[    0.597320] /ocp/interconnect@44c00000/segment@200000/target-module@b000/i2c@0/tda19988@70: Fixed dependency cycle(s) with /ocp/interconnect@48000000/segment@300000/target-module@e000/lcdc@0
[    0.597481] /ocp/interconnect@48000000/segment@300000/target-module@e000/lcdc@0: Fixed dependency cycle(s) with /ocp/interconnect@44c00000/segment@200000/target-module@b000/i2c@0/tda19988@70
[    0.607278] mdio_bus 4a101000.mdio: using DT '/ocp/interconnect@4a000000/segment@0/target-module@100000/switch@0/mdio@1000' for 'reset' GPIO lookup
[    0.607351] of_get_named_gpiod_flags: can't parse 'reset-gpios' property of node '/ocp/interconnect@4a000000/segment@0/target-module@100000/switch@0/mdio@1000[0]'
[    0.607397] of_get_named_gpiod_flags: can't parse 'reset-gpio' property of node '/ocp/interconnect@4a000000/segment@0/target-module@100000/switch@0/mdio@1000[0]'
[    0.607443] mdio_bus 4a101000.mdio: using lookup tables for GPIO lookup
[    0.607452] mdio_bus 4a101000.mdio: No GPIO consumer reset found
[    0.608419] sdhci-omap 481d8000.mmc: using DT '/ocp/interconnect@48000000/segment@100000/target-module@d8000/mmc@0' for 'wp' GPIO lookup
[    0.608492] of_get_named_gpiod_flags: can't parse 'wp-gpios' property of node '/ocp/interconnect@48000000/segment@100000/target-module@d8000/mmc@0[0]'
[    0.608534] of_get_named_gpiod_flags: can't parse 'wp-gpio' property of node '/ocp/interconnect@48000000/segment@100000/target-module@d8000/mmc@0[0]'
[    0.608567] sdhci-omap 481d8000.mmc: using lookup tables for GPIO lookup
[    0.608576] sdhci-omap 481d8000.mmc: No GPIO consumer wp found
[    0.608775] sdhci-omap 481d8000.mmc: supply pbias not found, using dummy regulator
[    0.609259] sdhci-omap 481d8000.mmc: supply vqmmc not found, using dummy regulator
[    0.663776] davinci_mdio 4a101000.mdio: davinci mdio revision 1.6, bus freq 1000000
[    0.684994] mdio_bus 4a101000.mdio:00: using DT '/ocp/interconnect@4a000000/segment@0/target-module@100000/switch@0/mdio@1000/ethernet-phy@0' for 'reset' GPIO lookup
[    0.685098] of_get_named_gpiod_flags: parsed 'reset-gpios' property of node '/ocp/interconnect@4a000000/segment@0/target-module@100000/switch@0/mdio@1000/ethernet-phy@0[0]' - status (0)
[    0.685262] gpio gpiochip0: Persistence not supported for GPIO 8
[    0.820533] davinci_mdio 4a101000.mdio: phy[0]: device 4a101000.mdio:00, driver SMSC LAN8710/LAN8720
[    0.821434] cpsw-switch 4a100000.switch: initialized cpsw ale version 1.4
[    0.821458] cpsw-switch 4a100000.switch: ALE Table size 1024, Policers 0
[    0.834684] cpsw-switch 4a100000.switch: cpts: overflow check period 500 (jiffies)
[    0.834708] cpsw-switch 4a100000.switch: CPTS: ref_clk_freq:250000000 calc_mult:2147483648 calc_shift:29 error:0 nsec/sec
[    0.834811] cpsw-switch 4a100000.switch: Detected MACID = 6c:ec:eb:68:de:78
[    0.836663] cpsw-switch 4a100000.switch: initialized (regs 0x4a100000, pool size 256) hw_ver:0019010C 1.12 (0)
[    0.847766] debugfs: '49000000.dma' already exists in 'dmaengine'
[    0.847809] edma 49000000.dma: TI EDMA DMA engine driver
[    0.888995] gpio-clk clk_mcasp0: using DT '/clk_mcasp0' for 'enable' GPIO lookup
[    0.889073] of_get_named_gpiod_flags: parsed 'enable-gpios' property of node '/clk_mcasp0[0]' - status (0)
[    0.889118] gpio gpiochip0: Persistence not supported for GPIO 27
[    0.889965] gpiochip_find_base_unlocked: found new base at 608
[    0.890074] gpio gpiochip3: (gpio-96-127): created GPIO range 0->7 ==> 44e10800.pinmux PIN 82->89
[    0.890093] gpio gpiochip3: (gpio-96-127): created GPIO range 8->11 ==> 44e10800.pinmux PIN 52->55
[    0.890108] gpio gpiochip3: (gpio-96-127): created GPIO range 12->15 ==> 44e10800.pinmux PIN 94->97
[    0.890124] gpio gpiochip3: (gpio-96-127): created GPIO range 16->17 ==> 44e10800.pinmux PIN 71->72
[    0.890139] gpio gpiochip3: (gpio-96-127): created GPIO range 18->18 ==> 44e10800.pinmux PIN 135->135
[    0.890155] gpio gpiochip3: (gpio-96-127): created GPIO range 19->20 ==> 44e10800.pinmux PIN 108->109
[    0.890171] gpio gpiochip3: (gpio-96-127): created GPIO range 21->21 ==> 44e10800.pinmux PIN 73->73
[    0.890188] gpio gpiochip3: (gpio-96-127): created GPIO range 22->23 ==> 44e10800.pinmux PIN 8->9
[    0.890205] gpio gpiochip3: (gpio-96-127): created GPIO range 26->27 ==> 44e10800.pinmux PIN 10->11
[    0.890222] gpio gpiochip3: (gpio-96-127): created GPIO range 28->28 ==> 44e10800.pinmux PIN 74->74
[    0.890240] gpio gpiochip3: (gpio-96-127): created GPIO range 29->29 ==> 44e10800.pinmux PIN 81->81
[    0.890258] gpio gpiochip3: (gpio-96-127): created GPIO range 30->31 ==> 44e10800.pinmux PIN 28->29
[    0.901894] gpio gpiochip3: (gpio-96-127): added GPIO chardev (254:3)
[    0.902057] gpio gpiochip3: registered GPIOs 608 to 639 on gpio-96-127
[    0.903961] omap8250 44e09000.serial: using DT '/ocp/interconnect@44c00000/segment@200000/target-module@9000/serial@0' for 'rs485-term' GPIO lookup
[    0.904032] of_get_named_gpiod_flags: can't parse 'rs485-term-gpios' property of node '/ocp/interconnect@44c00000/segment@200000/target-module@9000/serial@0[0]'
[    0.904075] of_get_named_gpiod_flags: can't parse 'rs485-term-gpio' property of node '/ocp/interconnect@44c00000/segment@200000/target-module@9000/serial@0[0]'
[    0.904110] omap8250 44e09000.serial: using lookup tables for GPIO lookup
[    0.904120] omap8250 44e09000.serial: No GPIO consumer rs485-term found
[    0.904130] omap8250 44e09000.serial: using DT '/ocp/interconnect@44c00000/segment@200000/target-module@9000/serial@0' for 'rs485-rx-during-tx' GPIO lookup
[    0.904165] of_get_named_gpiod_flags: can't parse 'rs485-rx-during-tx-gpios' property of node '/ocp/interconnect@44c00000/segment@200000/target-module@9000/serial@0[0]'
[    0.904201] of_get_named_gpiod_flags: can't parse 'rs485-rx-during-tx-gpio' property of node '/ocp/interconnect@44c00000/segment@200000/target-module@9000/serial@0[0]'
[    0.904232] omap8250 44e09000.serial: using lookup tables for GPIO lookup
[    0.904240] omap8250 44e09000.serial: No GPIO consumer rs485-rx-during-tx found
[    0.904705] 44e09000.serial: ttyS0 at MMIO 0x44e09000 (irq = 34, base_baud = 3000000) is a 8250
[    0.904798] printk: legacy console [ttyS0] enabled
[    2.354136] i2c i2c-0: using DT '/ocp/interconnect@44c00000/segment@200000/target-module@b000/i2c@0' for 'scl' GPIO lookup
[    2.354234] of_get_named_gpiod_flags: can't parse 'scl-gpios' property of node '/ocp/interconnect@44c00000/segment@200000/target-module@b000/i2c@0[0]'
[    2.354282] of_get_named_gpiod_flags: can't parse 'scl-gpio' property of node '/ocp/interconnect@44c00000/segment@200000/target-module@b000/i2c@0[0]'
[    2.354321] i2c i2c-0: using lookup tables for GPIO lookup
[    2.354335] i2c i2c-0: No GPIO consumer scl found
[    2.354359] i2c i2c-0: using DT '/ocp/interconnect@44c00000/segment@200000/target-module@b000/i2c@0' for 'sda' GPIO lookup
[    2.354398] of_get_named_gpiod_flags: can't parse 'sda-gpios' property of node '/ocp/interconnect@44c00000/segment@200000/target-module@b000/i2c@0[0]'
[    2.354438] of_get_named_gpiod_flags: can't parse 'sda-gpio' property of node '/ocp/interconnect@44c00000/segment@200000/target-module@b000/i2c@0[0]'
[    2.354473] i2c i2c-0: using lookup tables for GPIO lookup
[    2.354485] i2c i2c-0: No GPIO consumer sda found
[    2.372261] tps65217-pmic: Failed to locate of_node [id: -1]
[    2.378323] tps65217-bl: Failed to locate of_node [id: -1]
[    2.384429] platform tps65217-charger: DMA mask not set
[    2.390467] platform tps65217-pwrbutton: DMA mask not set
[    2.397860] tps65217 0-0024: TPS65217 ID 0xe version 1.2
[    2.404012] /ocp/interconnect@48000000/segment@300000/target-module@e000/lcdc@0: Fixed dependency cycle(s) with /ocp/interconnect@44c00000/segment@200000/target-module@b000/i2c@0/tda19988@70
[    2.421411] /ocp/interconnect@44c00000/segment@200000/target-module@b000/i2c@0/tda19988@70: Fixed dependency cycle(s) with /ocp/interconnect@48000000/segment@300000/target-module@e000/lcdc@0
[    2.438770] omap_i2c 44e0b000.i2c: bus 0 rev0.11 at 400 kHz
[    2.446438] sdhci-omap 48060000.mmc: using DT '/ocp/interconnect@48000000/segment@0/target-module@60000/mmc@0' for 'cd' GPIO lookup
[    2.446547] of_get_named_gpiod_flags: parsed 'cd-gpios' property of node '/ocp/interconnect@48000000/segment@0/target-module@60000/mmc@0[0]' - status (0)
[    2.446617] gpio gpiochip3: Persistence not supported for GPIO 6
[    2.446645] omap_gpio 44e07000.gpio: Could not set line 6 debounce to 200000 microseconds (-22)
[    2.455561] sdhci-omap 48060000.mmc: Got CD GPIO
[    2.460213] sdhci-omap 48060000.mmc: using DT '/ocp/interconnect@48000000/segment@0/target-module@60000/mmc@0' for 'wp' GPIO lookup
[    2.460264] of_get_named_gpiod_flags: can't parse 'wp-gpios' property of node '/ocp/interconnect@48000000/segment@0/target-module@60000/mmc@0[0]'
[    2.460308] of_get_named_gpiod_flags: can't parse 'wp-gpio' property of node '/ocp/interconnect@48000000/segment@0/target-module@60000/mmc@0[0]'
[    2.460345] sdhci-omap 48060000.mmc: using lookup tables for GPIO lookup
[    2.460358] sdhci-omap 48060000.mmc: No GPIO consumer wp found
[    2.460566] sdhci-omap 48060000.mmc: supply pbias not found, using dummy regulator
[    2.469373] sdhci-omap 481d8000.mmc: using DT '/ocp/interconnect@48000000/segment@100000/target-module@d8000/mmc@0' for 'wp' GPIO lookup
[    2.469448] of_get_named_gpiod_flags: can't parse 'wp-gpios' property of node '/ocp/interconnect@48000000/segment@100000/target-module@d8000/mmc@0[0]'
[    2.469496] of_get_named_gpiod_flags: can't parse 'wp-gpio' property of node '/ocp/interconnect@48000000/segment@100000/target-module@d8000/mmc@0[0]'
[    2.469534] sdhci-omap 481d8000.mmc: using lookup tables for GPIO lookup
[    2.469547] sdhci-omap 481d8000.mmc: No GPIO consumer wp found
[    2.470563] sdhci-omap 48060000.mmc: supply vqmmc not found, using dummy regulator
[    2.479728] sdhci-omap 481d8000.mmc: supply pbias not found, using dummy regulator
[    2.489651] sdhci-omap 481d8000.mmc: supply vqmmc not found, using dummy regulator
[    2.525226] mmc0: SDHCI controller on 48060000.mmc [48060000.mmc] using External DMA
[    2.533554] mmc1: SDHCI controller on 481d8000.mmc [481d8000.mmc] using External DMA
[    2.542333] cpsw-switch 4a100000.switch: starting ndev. mode: dual_mac
[    2.590439] mmc0: new high speed SDHC card at address 5048
[    2.597501] mmcblk0: mmc0:5048 SD16G 14.4 GiB
[    2.605795]  mmcblk0: p1 p2
[    2.609170] mmcblk0: p2 size 31221760 extends beyond EOD, truncated
[    2.622653] SMSC LAN8710/LAN8720 4a101000.mdio:00: attached PHY driver (mii_bus:phy_addr=4a101000.mdio:00, irq=POLL)
[    2.633647] mmc1: new high speed MMC card at address 0001
[    2.646223] mmcblk1: mmc1:0001 MMC04G 3.60 GiB
[    2.653871]  mmcblk1: p1 p2
[    2.658105] mmcblk1boot0: mmc1:0001 MMC04G 2.00 MiB
[    2.666863] mmcblk1boot1: mmc1:0001 MMC04G 2.00 MiB
[    2.676159] mmcblk1rpmb: mmc1:0001 MMC04G 128 KiB, chardev (249:0)
[    5.762075] cpsw-switch 4a100000.switch eth0: Link is Up - 100Mbps/Full - flow control off
[    5.801543] IP-Config: Complete:
[    5.804821]      device=eth0, hwaddr=6c:ec:eb:68:de:78, ipaddr=192.168.255.1, mask=255.255.255.0, gw=255.255.255.255
[    5.815490]      host=bbb1, domain=, nis-domain=(none)
[    5.820660]      bootserver=192.168.255.126, rootserver=192.168.255.126, rootpath=
[    5.821080] clk: Disabling unused clocks
[    5.832927] PM: genpd: Disabling unused power domains
[    5.838048] KTAP version 1
[    5.840769] 1..0
[    5.843251] check access for rdinit=/init failed: -2, ignoring
[    5.871216] VFS: Mounted root (nfs filesystem) on device 0:17.
[    5.878239] devtmpfs: mounted
[    5.883107] Freeing unused kernel image (initmem) memory: 1024K
[    5.889730] Run /sbin/init as init process
[    5.893925]   with arguments:
[    5.893940]     /sbin/init
[    5.893949]     nfsrootdebug
[    5.893959]   with environment:
[    5.893967]     HOME=/
[    5.893976]     TERM=linux
[    6.565046] systemd[1]: System time before build time, advancing clock.
[    8.121306] random: crng init done
[    8.134038] systemd[1]: systemd 232 running in system mode. (+PAM +AUDIT +SELINUX +IMA +APPARMOR +SMACK +SYSVINIT +UTMP +LIBCRYPTSETUP +GCRYPT +GNUTLS +ACL +XZ +LZ4 +SECCOMP +BLKID +ELFUTILS +KMOD +IDN)
[    8.153137] systemd[1]: Detected architecture arm.
[    8.184527] systemd[1]: Set hostname to <arm>.
[    9.303974] systemd[1]: systemd-journald-dev-log.socket: SO_PASSSEC failed: Operation not supported
[    9.313699] systemd[1]: Listening on Journal Socket (/dev/log).
[    9.332176] systemd[1]: Started Forward Password Requests to Wall Directory Watch.
[    9.362379] systemd[1]: Listening on Journal Audit Socket.
[    9.391952] systemd[1]: syslog.socket: SO_PASSSEC failed: Operation not supported
[    9.399648] systemd[1]: Listening on Syslog Socket.
[    9.423379] systemd[1]: Listening on udev Control Socket.
[   11.731528] systemd-journald[84]: Received request to flush runtime journal from PID 1
[   14.490858] leds-gpio leds: using DT '/leds/led2' for '(default)' GPIO lookup
[   14.490968] of_get_named_gpiod_flags: parsed 'gpios' property of node '/leds/led2[0]' - status (0)
[   14.491026] gpio gpiochip0: Persistence not supported for GPIO 21
[   14.491043] gpio-533 (?): no flags found for GPIO (default)
[   14.591905] leds-gpio leds: using DT '/leds/led3' for '(default)' GPIO lookup
[   14.592024] of_get_named_gpiod_flags: parsed 'gpios' property of node '/leds/led3[0]' - status (0)
[   14.592082] gpio gpiochip0: Persistence not supported for GPIO 22
[   14.592097] gpio-534 (?): no flags found for GPIO (default)
[   14.613046] leds-gpio leds: using DT '/leds/led4' for '(default)' GPIO lookup
[   14.613146] of_get_named_gpiod_flags: parsed 'gpios' property of node '/leds/led4[0]' - status (0)
[   14.613200] gpio gpiochip0: Persistence not supported for GPIO 23
[   14.613216] gpio-535 (?): no flags found for GPIO (default)
[   14.641789] leds-gpio leds: using DT '/leds/led5' for '(default)' GPIO lookup
[   14.641887] of_get_named_gpiod_flags: parsed 'gpios' property of node '/leds/led5[0]' - status (0)
[   14.641941] gpio gpiochip0: Persistence not supported for GPIO 24
[   14.641956] gpio-536 (?): no flags found for GPIO (default)
[   14.971032] remoteproc remoteproc0: wkup_m3 is available
[   15.075357] omap_rtc 44e3e000.rtc: registered as rtc0
[   15.080541] omap_rtc 44e3e000.rtc: setting system clock to 2000-01-01T00:00:00 UTC (946684800)
[   15.089427] omap_rtc 44e3e000.rtc: using DT '/ocp/interconnect@44c00000/segment@200000/target-module@3e000/rtc@0' for 'wp' GPIO lookup
[   15.089502] of_get_named_gpiod_flags: can't parse 'wp-gpios' property of node '/ocp/interconnect@44c00000/segment@200000/target-module@3e000/rtc@0[0]'
[   15.089553] of_get_named_gpiod_flags: can't parse 'wp-gpio' property of node '/ocp/interconnect@44c00000/segment@200000/target-module@3e000/rtc@0[0]'
[   15.089594] omap_rtc 44e3e000.rtc: using lookup tables for GPIO lookup
[   15.089608] omap_rtc 44e3e000.rtc: No GPIO consumer wp found
[   15.271926] omap_wdt: OMAP Watchdog Timer Rev 0x01: initial timeout 60 sec
[   15.476063] at24 2-0054: supply vcc not found, using dummy regulator
[   15.489481] am335x-phy-driver 47401300.usb-phy: using DT '/ocp/target-module@47400000/usb-phy@1300' for 'reset' GPIO lookup
[   15.489576] of_get_named_gpiod_flags: can't parse 'reset-gpios' property of node '/ocp/target-module@47400000/usb-phy@1300[0]'
[   15.489620] of_get_named_gpiod_flags: can't parse 'reset-gpio' property of node '/ocp/target-module@47400000/usb-phy@1300[0]'
[   15.489659] am335x-phy-driver 47401300.usb-phy: using lookup tables for GPIO lookup
[   15.489674] am335x-phy-driver 47401300.usb-phy: No GPIO consumer reset found
[   15.489688] am335x-phy-driver 47401300.usb-phy: using DT '/ocp/target-module@47400000/usb-phy@1300' for 'vbus-detect' GPIO lookup
[   15.489719] of_get_named_gpiod_flags: can't parse 'vbus-detect-gpios' property of node '/ocp/target-module@47400000/usb-phy@1300[0]'
[   15.489752] of_get_named_gpiod_flags: can't parse 'vbus-detect-gpio' property of node '/ocp/target-module@47400000/usb-phy@1300[0]'
[   15.489778] am335x-phy-driver 47401300.usb-phy: using lookup tables for GPIO lookup
[   15.489790] am335x-phy-driver 47401300.usb-phy: No GPIO consumer vbus-detect found
[   15.489939] am335x-phy-driver 47401300.usb-phy: dummy supplies not allowed for exclusive requests (id=vbus)
[   15.513602] input: tps65217_pwrbutton as /devices/platform/ocp/44c00000.interconnect/44c00000.interconnect:segment@200000/44e0b000.target-module/44e0b000.i2c/i2c-0/0-0024/tps65217-pwrbutton/input/input0
[   15.578169] at24 2-0055: supply vcc not found, using dummy regulator
[   15.693042] at24 2-0056: supply vcc not found, using dummy regulator
[   15.745148] am335x-phy-driver 47401b00.usb-phy: using DT '/ocp/target-module@47400000/usb-phy@1b00' for 'reset' GPIO lookup
[   15.745330] of_get_named_gpiod_flags: can't parse 'reset-gpios' property of node '/ocp/target-module@47400000/usb-phy@1b00[0]'
[   15.745378] of_get_named_gpiod_flags: can't parse 'reset-gpio' property of node '/ocp/target-module@47400000/usb-phy@1b00[0]'
[   15.745462] am335x-phy-driver 47401b00.usb-phy: using lookup tables for GPIO lookup
[   15.745478] am335x-phy-driver 47401b00.usb-phy: No GPIO consumer reset found
[   15.745493] am335x-phy-driver 47401b00.usb-phy: using DT '/ocp/target-module@47400000/usb-phy@1b00' for 'vbus-detect' GPIO lookup
[   15.745564] of_get_named_gpiod_flags: can't parse 'vbus-detect-gpios' property of node '/ocp/target-module@47400000/usb-phy@1b00[0]'
[   15.745601] of_get_named_gpiod_flags: can't parse 'vbus-detect-gpio' property of node '/ocp/target-module@47400000/usb-phy@1b00[0]'
[   15.745629] am335x-phy-driver 47401b00.usb-phy: using lookup tables for GPIO lookup
[   15.745641] am335x-phy-driver 47401b00.usb-phy: No GPIO consumer vbus-detect found
[   15.745876] am335x-phy-driver 47401b00.usb-phy: dummy supplies not allowed for exclusive requests (id=vbus)
[   15.793995] at24 2-0057: supply vcc not found, using dummy regulator
[   15.921630] at24 0-0050: using DT '/ocp/interconnect@44c00000/segment@200000/target-module@b000/i2c@0/eeprom@50' for 'wp' GPIO lookup
[   15.921742] of_get_named_gpiod_flags: can't parse 'wp-gpios' property of node '/ocp/interconnect@44c00000/segment@200000/target-module@b000/i2c@0/eeprom@50[0]'
[   15.921800] of_get_named_gpiod_flags: can't parse 'wp-gpio' property of node '/ocp/interconnect@44c00000/segment@200000/target-module@b000/i2c@0/eeprom@50[0]'
[   15.921847] at24 0-0050: using lookup tables for GPIO lookup
[   15.921860] at24 0-0050: No GPIO consumer wp found
[   15.922169] at24 0-0050: 32768 byte 24c256 EEPROM, writable, 1 bytes/write
[   16.760592] usbcore: registered new interface driver usbfs
[   16.766511] usbcore: registered new interface driver hub
[   16.772042] usbcore: registered new device driver usb
[   17.531992] musb-hdrc musb-hdrc.1: MUSB HDRC host driver
[   17.537412] musb-hdrc musb-hdrc.1: new USB bus registered, assigned bus number 1
[   17.686090] tda998x 0-0070: found TDA19988
[   17.760658] usb usb1: New USB device found, idVendor=1d6b, idProduct=0002, bcdDevice= 6.16
[   17.769776] usb usb1: New USB device strings: Mfr=3, Product=2, SerialNumber=1
[   17.777238] usb usb1: Product: MUSB HDRC host driver
[   17.782295] usb usb1: Manufacturer: Linux 6.16.0-rc5-next-20250709 musb-hcd
[   17.789295] usb usb1: SerialNumber: musb-hdrc.1
[   17.961059] omap-mailbox 480c8000.mailbox: omap mailbox rev 0x400
[   18.065590] remoteproc remoteproc0: powering up wkup_m3
[   18.276360] hub 1-0:1.0: USB hub found
[   18.348333] hub 1-0:1.0: 1 port detected
[   18.437944] remoteproc remoteproc0: Direct firmware load for am335x-pm-firmware.elf failed with error -2
[   18.447770] remoteproc remoteproc0: request_firmware failed: -2
[   18.453818] wkup_m3_ipc 44e11324.wkup_m3_ipc: rproc_boot failed
[   20.846104] omap_rng 48310000.rng: Random Number Generator ver. 20
[   21.154886] tilcdc 4830e000.lcdc: bound 0-0070 (ops tda998x_audio_codec_init [tda998x])
[   21.246233] [drm] Initialized tilcdc 1.0.0 for 4830e000.lcdc on minor 0
[   21.307475] tilcdc 4830e000.lcdc: [drm] Cannot find any crtc or sizes
[   21.315944] tilcdc 4830e000.lcdc: [drm] Cannot find any crtc or sizes
[   21.839578] omap-sham 53100000.sham: hw accel on OMAP rev 4.3
[   21.878586] PM: Cannot get wkup_m3_ipc handle
[   21.964239] omap-aes 53500000.aes: OMAP AES hw accel rev: 3.2
[   21.993901] omap-sham 53100000.sham: will run requests pump with realtime priority
[   22.021898] PM: Cannot get wkup_m3_ipc handle
[   22.101581] omap-aes 53500000.aes: will run requests pump with realtime priority
[   22.126790] PM: Cannot get wkup_m3_ipc handle
[   22.414572] ------------[ cut here ]------------
[   22.419269] WARNING: net/8021q/vlan_core.c:236 at vlan_for_each+0x114/0x134, CPU#0: avahi-daemon/230
[   22.428647] RTNL: assertion failed at net/8021q/vlan_core.c (236)
[   22.434821] Modules linked in: snd_soc_simple_card omap_aes_driver snd_soc_simple_card_utils omap_crypto pm33xx omap_sham libaes crypto_engine ti_emif_sram tilcdc drm_dma_helper drm_client_lib omap_rng rng_core snd_soc_davinci_mcasp snd_soc_ti_udma snd_soc_ti_edma snd_soc_ti_sdma snd_soc_core snd_pcm_dmaengine snd_pcm omap_mailbox snd_timer snd musb_dsps soundcore tda998x musb_hdrc cec udc_core drm_kms_helper usbcore drm wkup_m3_ipc drm_panel_orientation_quirks phy_am335x at24 tps65218_pwrbutton phy_am335x_control phy_generic omap_wdt usb_common cppi41 watchdog rtc_omap wkup_m3_rproc leds_gpio cpufreq_dt led_class ip_tables x_tables autofs4
[   22.492168] CPU: 0 UID: 107 PID: 230 Comm: avahi-daemon Not tainted 6.16.0-rc5-next-20250709 #1 NONE 
[   22.492186] Hardware name: Generic AM33XX (Flattened Device Tree)
[   22.492195] Call trace: 
[   22.492211]  unwind_backtrace from show_stack+0x10/0x14
[   22.492251]  show_stack from dump_stack_lvl+0x50/0x64
[   22.492275]  dump_stack_lvl from __warn+0x88/0x148
[   22.492308]  __warn from warn_slowpath_fmt+0x19c/0x1b0
[   22.492333]  warn_slowpath_fmt from vlan_for_each+0x114/0x134
[   22.492356]  vlan_for_each from cpsw_add_mc_addr+0x40/0xa4
[   22.492375]  cpsw_add_mc_addr from __hw_addr_ref_sync_dev+0x108/0x140
[   22.492400]  __hw_addr_ref_sync_dev from __dev_mc_add+0x7c/0x80
[   22.492418]  __dev_mc_add from igmp6_group_added+0xc8/0xe0
[   22.492438]  igmp6_group_added from __ipv6_dev_mc_inc+0x218/0x364
[   22.492452]  __ipv6_dev_mc_inc from __ipv6_sock_mc_join+0x11c/0x214
[   22.492465]  __ipv6_sock_mc_join from do_ipv6_setsockopt+0x1214/0x1310
[   22.492487]  do_ipv6_setsockopt from ipv6_setsockopt+0x60/0xcc
[   22.492504]  ipv6_setsockopt from udpv6_setsockopt+0x2c/0x6c
[   22.492524]  udpv6_setsockopt from sock_common_setsockopt+0x30/0x40
[   22.492550]  sock_common_setsockopt from do_sock_setsockopt+0x50/0x9c
[   22.492568]  do_sock_setsockopt from __sys_setsockopt+0x70/0xbc
[   22.492583]  __sys_setsockopt from ret_fast_syscall+0x0/0x58
[   22.492598] Exception stack(0xe0171fa8 to 0xe0171ff0)
[   22.492611] 1fa0:                   00000014 b6ffcce8 0000000d 00000029 00000014 bee489ec
[   22.492623] 1fc0: 00000014 b6ffcce8 00000014 00000126 0000000d b6fa5ff4 0049e988 00486558
[   22.492631] 1fe0: b6fbb088 bee489d8 b6f98309 b6e6f41a
[   22.492639] ---[ end trace 0000000000000000 ]---
[   24.974797] Bluetooth: Core ver 2.22
[   24.978602] NET: Registered PF_BLUETOOTH protocol family
[   24.984194] Bluetooth: HCI device and connection manager initialized
[   24.990647] Bluetooth: HCI socket layer initialized
[   24.995616] Bluetooth: L2CAP socket layer initialized
[   25.000733] Bluetooth: SCO socket layer initialized
[   25.823057] tda998x 0-0070: using DT '/ocp/interconnect@44c00000/segment@200000/target-module@b000/i2c@0/tda19988@70' for 'nxp,calib' GPIO lookup
[   25.823369] of_get_named_gpiod_flags: parsed 'nxp,calib-gpios' property of node '/ocp/interconnect@44c00000/segment@200000/target-module@b000/i2c@0/tda19988@70[0]' - status (0)
[   25.823508] gpio gpiochip0: Persistence not supported for GPIO 25
[   25.823525] gpio-537 (nxp,calib): no flags found for GPIO nxp,calib
[   25.841572] gpio-537 (nxp,calib): gpiod_direction_output_nonotify: tried to set a GPIO tied to an IRQ as output
[   25.897164] asoc-simple-card sound: using DT '/sound' for 'simple-audio-card,hp-det' GPIO lookup
[   25.897254] of_get_named_gpiod_flags: can't parse 'simple-audio-card,hp-det-gpios' property of node '/sound[0]'
[   25.897294] of_get_named_gpiod_flags: can't parse 'simple-audio-card,hp-det-gpio' property of node '/sound[0]'
[   25.897319] asoc-simple-card sound: using lookup tables for GPIO lookup
[   25.897332] asoc-simple-card sound: No GPIO consumer simple-audio-card,hp-det found
[   25.897346] asoc-simple-card sound: using DT '/sound' for 'simple-audio-card,mic-det' GPIO lookup
[   25.897371] of_get_named_gpiod_flags: can't parse 'simple-audio-card,mic-det-gpios' property of node '/sound[0]'
[   25.897399] of_get_named_gpiod_flags: can't parse 'simple-audio-card,mic-det-gpio' property of node '/sound[0]'
[   25.897418] asoc-simple-card sound: using lookup tables for GPIO lookup
[   25.897429] asoc-simple-card sound: No GPIO consumer simple-audio-card,mic-det found
[   25.959763] PM: Cannot get wkup_m3_ipc handle
[   26.105292] tda9950 0-0034: TDA9950 CEC interface, hardware version 3.3
[   26.207687] PM: Cannot get wkup_m3_ipc handle
[   28.740275] userial_init: registered 8 ttyGS* devices
[   28.963371] rndis_register: configNr = 0
[   29.025036] udc musb-hdrc.0: binding gadget driver [g_multi]
[   29.025136] configfs-gadget.g_multi gadget.0: adding 'rndis'/ae4be51e to config 'c'/e8622e35
[   29.026292] configfs-gadget.g_multi gadget.0: HOST MAC 1c:ba:8c:a2:ed:6c
[   29.033263] configfs-gadget.g_multi gadget.0: MAC 1c:ba:8c:a2:ed:70
[   29.039636] rndis_set_param_medium: 0 0
[   29.039655] configfs-gadget.g_multi gadget.0: RNDIS: IN/ep1in OUT/ep1out NOTIFY/ep2in
[   29.039673] configfs-gadget.g_multi gadget.0: adding 'cdc_ethernet'/b691fc67 to config 'c'/e8622e35
[   29.040530] configfs-gadget.g_multi gadget.0: HOST MAC 1c:ba:8c:a2:ed:6c
[   29.047429] configfs-gadget.g_multi gadget.0: MAC 1c:ba:8c:a2:ed:6d
[   29.053799] configfs-gadget.g_multi gadget.0: CDC Ethernet: IN/ep3in OUT/ep2out NOTIFY/ep4in
[   29.053818] configfs-gadget.g_multi gadget.0: adding 'acm'/bcb8dd08 to config 'c'/e8622e35
[   29.053863] configfs-gadget.g_multi gadget.0: acm ttyGS0: IN/ep5in OUT/ep3out NOTIFY/ep6in
[   29.054952] PM: Cannot get wkup_m3_ipc handle
[   30.202293] configfs-gadget.g_multi gadget.0: eth_open
[   31.770462] configfs-gadget.g_multi gadget.0: stop stats: rx/tx 0/0, errs 0/0
[   35.479662] gs_open: ttyGS0 (febf0515,a8e721a0)
[   35.496469] gs_close: ttyGS0 (febf0515,a8e721a0) ...
[   35.496524] gs_close: ttyGS0 (febf0515,a8e721a0) done!
[   35.496748] gs_open: ttyGS0 (6b87776b,a8e721a0)
[   35.496828] gs_close: ttyGS0 (6b87776b,a8e721a0) ...
[   35.496848] gs_close: ttyGS0 (6b87776b,a8e721a0) done!
[   35.625767] gs_open: ttyGS0 (27ae5e97,0d49ec8b)
[   35.626023] gs_close: ttyGS0 (27ae5e97,0d49ec8b) ...
[   35.626057] gs_close: ttyGS0 (27ae5e97,0d49ec8b) done!
[   35.630703] gs_open: ttyGS0 (27ae5e97,0d49ec8b)
BNMHOUHXUZ 0
root@arm:~# echo 'NSQV''VOKTSJ'
NSQVVOKTSJ
root@arm:~# MARKER='MPQE''MZFNJX' run 'modprobe test_linear_ranges'
MPQEMZFNJXMPQEMZFNJX 0
root@arm:~# echo 'QLWF''KHHJYO'
QLWFKHHJYO
root@arm:~# MARKER='ZQEY''KTGQBC' run dmesg
ZQEYKTGQBC[    0.000000] Booting Linux on physical CPU 0x0
[    0.000000] Linux version 6.16.0-rc5-next-20250709 (user01@drvtest01) (arm-none-eabi-gcc (Arm GNU Toolchain 14.2.Rel1 (Build arm-14.52)) 14.2.1 20241119, GNU ld (Arm GNU Toolchain 14.2.Rel1 (Build arm-14.52)) 2.43.1.20241119) #1 SMP Wed Jul  9 17:32:16 EEST 2025
[    0.000000] CPU: ARMv7 Processor [413fc082] revision 2 (ARMv7), cr=10c5387d
[    0.000000] CPU: PIPT / VIPT nonaliasing data cache, VIPT aliasing instruction cache
[    0.000000] OF: fdt: Machine model: TI AM335x BeagleBone Black
[    0.000000] Memory policy: Data cache writeback
[    0.000000] cma: Reserved 16 MiB at 0x9e800000
[    0.000000] Zone ranges:
[    0.000000]   Normal   [mem 0x0000000080000000-0x000000009fdfffff]
[    0.000000]   HighMem  empty
[    0.000000] Movable zone start for each node
[    0.000000] Early memory node ranges
[    0.000000]   node   0: [mem 0x0000000080000000-0x000000009fdfffff]
[    0.000000] Initmem setup node 0 [mem 0x0000000080000000-0x000000009fdfffff]
[    0.000000] On node 0, zone Normal: 512 pages in unavailable ranges
[    0.000000] OF: reserved mem: Reserved memory: No reserved-memory node in the DT
[    0.000000] CPU: All CPU(s) started in SVC mode.
[    0.000000] AM335X ES2.1 (sgx neon)
[    0.000000] percpu: Embedded 17 pages/cpu s39820 r8192 d21620 u69632
[    0.000000] pcpu-alloc: s39820 r8192 d21620 u69632 alloc=17*4096
[    0.000000] pcpu-alloc: [0] 0 
[    0.000000] Kernel command line: console=ttyO0,115200n8 root=/dev/nfs rw nfsroot=192.168.255.126:/home/user01/nfs,nfsvers=3 ip=192.168.255.1:192.168.255.126::255.255.255.0:bbb1:eth0 nfsrootdebug
[    0.000000] Unknown kernel command line parameters "nfsrootdebug", will be passed to user space.
[    0.000000] printk: log buffer data + meta data: 65536 + 204800 = 270336 bytes
[    0.000000] Dentry cache hash table entries: 65536 (order: 6, 262144 bytes, linear)
[    0.000000] Inode-cache hash table entries: 32768 (order: 5, 131072 bytes, linear)
[    0.000000] Built 1 zonelists, mobility grouping on.  Total pages: 130560
[    0.000000] mem auto-init: stack:off, heap alloc:off, heap free:off
[    0.000000] SLUB: HWalign=16, Order=0-3, MinObjects=0, CPUs=1, Nodes=1
[    0.000000] rcu: Hierarchical RCU implementation.
[    0.000000] rcu: 	RCU event tracing is enabled.
[    0.000000] rcu: 	RCU restricting CPUs from NR_CPUS=2 to nr_cpu_ids=1.
[    0.000000] 	Tracing variant of Tasks RCU enabled.
[    0.000000] rcu: RCU calculated value of scheduler-enlistment delay is 10 jiffies.
[    0.000000] rcu: Adjusting geometry for rcu_fanout_leaf=16, nr_cpu_ids=1
[    0.000000] RCU Tasks Trace: Setting shift to 0 and lim to 1 rcu_task_cb_adjust=1 rcu_task_cpu_ids=1.
[    0.000000] NR_IRQS: 16, nr_irqs: 16, preallocated irqs: 16
[    0.000000] IRQ: Found an INTC at 0x(ptrval) (revision 5.0) with 128 interrupts
[    0.000000] rcu: srcu_init: Setting srcu_struct sizes based on contention.
[    0.000000] TI gptimer clocksource: always-on /ocp/interconnect@44c00000/segment@200000/target-module@31000
[    0.000003] sched_clock: 32 bits at 24MHz, resolution 41ns, wraps every 89478484971ns
[    0.000026] clocksource: dmtimer: mask: 0xffffffff max_cycles: 0xffffffff, max_idle_ns: 79635851949 ns
[    0.000531] TI gptimer clockevent: 24000000 Hz at /ocp/interconnect@48000000/segment@0/target-module@40000
[    0.002167] Console: colour dummy device 80x30
[    0.002232] WARNING: Your 'console=ttyO0' has been replaced by 'ttyS0'
[    0.002240] This ensures that you still see kernel messages. Please
[    0.002245] update your kernel commandline.
[    0.002288] Calibrating delay loop... 996.14 BogoMIPS (lpj=4980736)
[    0.090579] CPU: Testing write buffer coherency: ok
[    0.090690] CPU0: Spectre v2: using BPIALL workaround
[    0.090700] pid_max: default: 32768 minimum: 301
[    0.090862] LSM: initializing lsm=capability
[    0.091030] Mount-cache hash table entries: 1024 (order: 0, 4096 bytes, linear)
[    0.091048] Mountpoint-cache hash table entries: 1024 (order: 0, 4096 bytes, linear)
[    0.092671] CPU0: thread -1, cpu 0, socket -1, mpidr 0
[    0.092727] cacheinfo: Unable to detect cache hierarchy for CPU 0
[    0.094746] Setting up static identity map for 0x80100000 - 0x80100078
[    0.095094] rcu: Hierarchical SRCU implementation.
[    0.095105] rcu: 	Max phase no-delay instances is 1000.
[    0.096835] smp: Bringing up secondary CPUs ...
[    0.096889] smp: Brought up 1 node, 1 CPU
[    0.096902] SMP: Total of 1 processors activated (996.14 BogoMIPS).
[    0.096913] CPU: All CPU(s) started in SVC mode.
[    0.097104] Memory: 480828K/522240K available (11264K kernel code, 1214K rwdata, 2928K rodata, 1024K init, 286K bss, 23380K reserved, 16384K cma-reserved, 0K highmem)
[    0.097932] devtmpfs: initialized
[    0.114869] VFP support v0.3: implementor 41 architecture 3 part 30 variant c rev 3
[    0.115505] clocksource: jiffies: mask: 0xffffffff max_cycles: 0xffffffff, max_idle_ns: 19112604462750000 ns
[    0.115562] posixtimers hash table entries: 512 (order: 0, 4096 bytes, linear)
[    0.115586] futex hash table entries: 256 (16384 bytes on 1 NUMA nodes, total 16 KiB, linear).
[    0.116711] pinctrl core: initialized pinctrl subsystem
[    0.118755] NET: Registered PF_NETLINK/PF_ROUTE protocol family
[    0.121853] DMA: preallocated 256 KiB pool for atomic coherent allocations
[    0.122836] audit: initializing netlink subsys (disabled)
[    0.124214] thermal_sys: Registered thermal governor 'fair_share'
[    0.124230] thermal_sys: Registered thermal governor 'step_wise'
[    0.124239] thermal_sys: Registered thermal governor 'user_space'
[    0.124353] audit: type=2000 audit(0.120:1): state=initialized audit_enabled=0 res=1
[    0.124423] cpuidle: using governor menu
[    0.142402] /ocp/interconnect@44c00000/segment@200000/target-module@b000/i2c@0/tda19988@70: Fixed dependency cycle(s) with /ocp/interconnect@48000000/segment@300000/target-module@e000/lcdc@0
[    0.143535] /ocp/interconnect@48000000/segment@300000/target-module@e000/lcdc@0: Fixed dependency cycle(s) with /ocp/interconnect@44c00000/segment@200000/target-module@b000/i2c@0/tda19988@70
[    0.145737] No ATAGs?
[    0.145781] hw-breakpoint: debug architecture 0x4 unsupported.
[    0.148535] kprobes: kprobe jump-optimization is enabled. All kprobes are optimized if possible.
[    0.153930] iommu: Default domain type: Translated
[    0.153952] iommu: DMA domain TLB invalidation policy: strict mode
[    0.155526] reg-fixed-voltage fixedregulator0: using DT '/fixedregulator0' for '(default)' GPIO lookup
[    0.155580] of_get_named_gpiod_flags: can't parse 'gpios' property of node '/fixedregulator0[0]'
[    0.155609] of_get_named_gpiod_flags: can't parse 'gpio' property of node '/fixedregulator0[0]'
[    0.155626] reg-fixed-voltage fixedregulator0: using lookup tables for GPIO lookup
[    0.155636] reg-fixed-voltage fixedregulator0: No GPIO consumer (default) found
[    0.161381] SCSI subsystem initialized
[    0.161874] libata version 3.00 loaded.
[    0.162252] pps_core: LinuxPPS API ver. 1 registered
[    0.162263] pps_core: Software ver. 5.3.6 - Copyright 2005-2007 Rodolfo Giometti <giometti@linux.it>
[    0.162287] PTP clock support registered
[    0.170909] vgaarb: loaded
[    0.171284] clocksource: Switched to clocksource dmtimer
[    0.171950] VFS: Disk quotas dquot_6.6.0
[    0.172007] VFS: Dquot-cache hash table entries: 1024 (order 0, 4096 bytes)
[    0.196785] NET: Registered PF_INET protocol family
[    0.197132] IP idents hash table entries: 8192 (order: 4, 65536 bytes, linear)
[    0.198563] tcp_listen_portaddr_hash hash table entries: 512 (order: 0, 4096 bytes, linear)
[    0.198600] Table-perturb hash table entries: 65536 (order: 6, 262144 bytes, linear)
[    0.198620] TCP established hash table entries: 4096 (order: 2, 16384 bytes, linear)
[    0.198666] TCP bind hash table entries: 4096 (order: 4, 65536 bytes, linear)
[    0.198765] TCP: Hash tables configured (established 4096 bind 4096)
[    0.198885] UDP hash table entries: 256 (order: 1, 14336 bytes, linear)
[    0.198921] UDP-Lite hash table entries: 256 (order: 1, 14336 bytes, linear)
[    0.199111] NET: Registered PF_UNIX/PF_LOCAL protocol family
[    0.200383] RPC: Registered named UNIX socket transport module.
[    0.200406] RPC: Registered udp transport module.
[    0.200410] RPC: Registered tcp transport module.
[    0.200415] RPC: Registered tcp-with-tls transport module.
[    0.200421] RPC: Registered tcp NFSv4.1 backchannel transport module.
[    0.200443] PCI: CLS 0 bytes, default 64
[    0.201989] Initialise system trusted keyrings
[    0.211935] workingset: timestamp_bits=14 max_order=17 bucket_order=3
[    0.213299] NFS: Registering the id_resolver key type
[    0.213388] Key type id_resolver registered
[    0.213396] Key type id_legacy registered
[    0.213504] jffs2: version 2.2. (NAND) (SUMMARY)  Â© 2001-2006 Red Hat, Inc.
[    0.213965] Key type asymmetric registered
[    0.213981] Asymmetric key parser 'x509' registered
[    0.214051] io scheduler mq-deadline registered
[    0.214062] io scheduler kyber registered
[    0.214136] io scheduler bfq registered
[    0.216024] target-module@4b000000:target-module@140000:pmu@0:fck: device ID is greater than 24
[    0.222220] l3-aon-clkctrl:0000:0: failed to disable
[    0.231731] ledtrig-cpu: registered to indicate activity on CPUs
[    0.234601] Serial: 8250/16550 driver, 6 ports, IRQ sharing enabled
[    0.277596] brd: module loaded
[    0.297868] loop: module loaded
[    0.298798] mtdoops: mtd device (mtddev=name/number) must be supplied
[    0.300517] mdio_bus fixed-0: using lookup tables for GPIO lookup
[    0.300543] mdio_bus fixed-0: No GPIO consumer reset found
[    0.302173] i2c_dev: i2c /dev entries driver
[    0.303195] cpuidle: enable-method property 'ti,am3352' found operations
[    0.303646] sdhci: Secure Digital Host Controller Interface driver
[    0.303656] sdhci: Copyright(c) Pierre Ossman
[    0.303844] sdhci-pltfm: SDHCI platform and OF driver helper
[    0.311864] hw perfevents: enabled with armv7_cortex_a8 PMU driver, 5 (8000000f) counters available
[    0.312398] Initializing XFRM netlink socket
[    0.312589] NET: Registered PF_INET6 protocol family
[    0.318267] l3-aon-clkctrl:0000:0: failed to disable
[    0.319723] Segment Routing with IPv6
[    0.319807] In-situ OAM (IOAM) with IPv6
[    0.319902] sit: IPv6, IPv4 and MPLS over IPv4 tunneling driver
[    0.320858] NET: Registered PF_PACKET protocol family
[    0.320888] NET: Registered PF_KEY protocol family
[    0.321000] Key type dns_resolver registered
[    0.321225] ThumbEE CPU extension supported.
[    0.321465] Registering SWP/SWPB emulation handler
[    0.322008] omap_voltage_late_init: Voltage driver support not added
[    0.322695] SmartReflex Class3 initialized
[    0.360928] Loading compiled-in X.509 certificates
[    0.400370] /ocp/interconnect@44c00000/segment@200000/target-module@b000/i2c@0/tda19988@70: Fixed dependency cycle(s) with /ocp/interconnect@48000000/segment@300000/target-module@e000/lcdc@0
[    0.406901] /ocp/interconnect@44c00000/segment@200000/target-module@b000/i2c@0/tda19988@70: Fixed dependency cycle(s) with /ocp/interconnect@48000000/segment@300000/target-module@e000/lcdc@0
[    0.412624] gpiochip_find_base_unlocked: found new base at 512
[    0.436081] /ocp/interconnect@44c00000/segment@200000/target-module@b000/i2c@0/tda19988@70: Fixed dependency cycle(s) with /ocp/interconnect@48000000/segment@300000/target-module@e000/lcdc@0
[    0.436954] /ocp/interconnect@44c00000/segment@200000/target-module@b000/i2c@0/tda19988@70: Fixed dependency cycle(s) with /ocp/interconnect@48000000/segment@300000/target-module@e000/lcdc@0
[    0.440432] /ocp/interconnect@44c00000/segment@200000/target-module@10000/scm@0/pinmux@800: Fixed dependency cycle(s) with /ocp/interconnect@44c00000/segment@200000/target-module@10000/scm@0/pinmux@800/clkout2-pins
[    0.441040] pinctrl-single 44e10800.pinmux: 142 pins, size 568
[    0.446607] ti-sysc 44e31000.target-module: probe with driver ti-sysc failed with error -16
[    0.472635] /ocp/interconnect@48000000/segment@300000/target-module@e000/lcdc@0: Fixed dependency cycle(s) with /ocp/interconnect@44c00000/segment@200000/target-module@b000/i2c@0/tda19988@70
[    0.480661] ti-sysc 48040000.target-module: probe with driver ti-sysc failed with error -16
[    0.492391] gpiochip_find_base_unlocked: found new base at 512
[    0.492493] gpio gpiochip0: (gpio-0-31): created GPIO range 0->7 ==> 44e10800.pinmux PIN 0->7
[    0.492512] gpio gpiochip0: (gpio-0-31): created GPIO range 8->11 ==> 44e10800.pinmux PIN 90->93
[    0.492527] gpio gpiochip0: (gpio-0-31): created GPIO range 12->27 ==> 44e10800.pinmux PIN 12->27
[    0.492542] gpio gpiochip0: (gpio-0-31): created GPIO range 28->31 ==> 44e10800.pinmux PIN 30->33
[    0.525816] gpio gpiochip0: (gpio-0-31): added GPIO chardev (254:0)
[    0.525954] gpio gpiochip0: registered GPIOs 512 to 543 on gpio-0-31
[    0.526040] OMAP GPIO hardware version 0.1
[    0.565546] i2c i2c-2: using DT '/ocp/interconnect@48000000/segment@100000/target-module@9c000/i2c@0' for 'scl' GPIO lookup
[    0.565619] of_get_named_gpiod_flags: can't parse 'scl-gpios' property of node '/ocp/interconnect@48000000/segment@100000/target-module@9c000/i2c@0[0]'
[    0.565660] of_get_named_gpiod_flags: can't parse 'scl-gpio' property of node '/ocp/interconnect@48000000/segment@100000/target-module@9c000/i2c@0[0]'
[    0.565696] i2c i2c-2: using lookup tables for GPIO lookup
[    0.565706] i2c i2c-2: No GPIO consumer scl found
[    0.565726] i2c i2c-2: using DT '/ocp/interconnect@48000000/segment@100000/target-module@9c000/i2c@0' for 'sda' GPIO lookup
[    0.565761] of_get_named_gpiod_flags: can't parse 'sda-gpios' property of node '/ocp/interconnect@48000000/segment@100000/target-module@9c000/i2c@0[0]'
[    0.565798] of_get_named_gpiod_flags: can't parse 'sda-gpio' property of node '/ocp/interconnect@48000000/segment@100000/target-module@9c000/i2c@0[0]'
[    0.565829] i2c i2c-2: using lookup tables for GPIO lookup
[    0.565836] i2c i2c-2: No GPIO consumer sda found
[    0.566574] omap_i2c 4819c000.i2c: bus 2 rev0.11 at 100 kHz
[    0.572445] gpiochip_find_base_unlocked: found new base at 544
[    0.572552] gpio gpiochip1: (gpio-32-63): created GPIO range 0->17 ==> 44e10800.pinmux PIN 34->51
[    0.572572] gpio gpiochip1: (gpio-32-63): created GPIO range 18->21 ==> 44e10800.pinmux PIN 77->80
[    0.572588] gpio gpiochip1: (gpio-32-63): created GPIO range 22->31 ==> 44e10800.pinmux PIN 56->65
[    0.583546] gpio gpiochip1: (gpio-32-63): added GPIO chardev (254:1)
[    0.583717] gpio gpiochip1: registered GPIOs 544 to 575 on gpio-32-63
[    0.585990] gpiochip_find_base_unlocked: found new base at 576
[    0.586082] gpio gpiochip2: (gpio-64-95): created GPIO range 0->4 ==> 44e10800.pinmux PIN 66->70
[    0.586102] gpio gpiochip2: (gpio-64-95): created GPIO range 5->6 ==> 44e10800.pinmux PIN 98->99
[    0.586117] gpio gpiochip2: (gpio-64-95): created GPIO range 7->8 ==> 44e10800.pinmux PIN 75->76
[    0.586132] gpio gpiochip2: (gpio-64-95): created GPIO range 13->13 ==> 44e10800.pinmux PIN 141->141
[    0.586148] gpio gpiochip2: (gpio-64-95): created GPIO range 14->21 ==> 44e10800.pinmux PIN 100->107
[    0.586793] gpio gpiochip2: (gpio-64-95): added GPIO chardev (254:2)
[    0.586926] gpio gpiochip2: registered GPIOs 576 to 607 on gpio-64-95
[    0.592836] 48000000.interconnect:segment@200000:target-module@0:mpu@0:fck: device ID is greater than 24
[    0.593752] /ocp/interconnect@48000000/segment@300000/target-module@e000/lcdc@0: Fixed dependency cycle(s) with /ocp/interconnect@44c00000/segment@200000/target-module@b000/i2c@0/tda19988@70
[    0.596608] /ocp/interconnect@48000000/segment@300000/target-module@e000/lcdc@0: Fixed dependency cycle(s) with /ocp/interconnect@44c00000/segment@200000/target-module@b000/i2c@0/tda19988@70
[    0.597320] /ocp/interconnect@44c00000/segment@200000/target-module@b000/i2c@0/tda19988@70: Fixed dependency cycle(s) with /ocp/interconnect@48000000/segment@300000/target-module@e000/lcdc@0
[    0.597481] /ocp/interconnect@48000000/segment@300000/target-module@e000/lcdc@0: Fixed dependency cycle(s) with /ocp/interconnect@44c00000/segment@200000/target-module@b000/i2c@0/tda19988@70
[    0.607278] mdio_bus 4a101000.mdio: using DT '/ocp/interconnect@4a000000/segment@0/target-module@100000/switch@0/mdio@1000' for 'reset' GPIO lookup
[    0.607351] of_get_named_gpiod_flags: can't parse 'reset-gpios' property of node '/ocp/interconnect@4a000000/segment@0/target-module@100000/switch@0/mdio@1000[0]'
[    0.607397] of_get_named_gpiod_flags: can't parse 'reset-gpio' property of node '/ocp/interconnect@4a000000/segment@0/target-module@100000/switch@0/mdio@1000[0]'
[    0.607443] mdio_bus 4a101000.mdio: using lookup tables for GPIO lookup
[    0.607452] mdio_bus 4a101000.mdio: No GPIO consumer reset found
[    0.608419] sdhci-omap 481d8000.mmc: using DT '/ocp/interconnect@48000000/segment@100000/target-module@d8000/mmc@0' for 'wp' GPIO lookup
[    0.608492] of_get_named_gpiod_flags: can't parse 'wp-gpios' property of node '/ocp/interconnect@48000000/segment@100000/target-module@d8000/mmc@0[0]'
[    0.608534] of_get_named_gpiod_flags: can't parse 'wp-gpio' property of node '/ocp/interconnect@48000000/segment@100000/target-module@d8000/mmc@0[0]'
[    0.608567] sdhci-omap 481d8000.mmc: using lookup tables for GPIO lookup
[    0.608576] sdhci-omap 481d8000.mmc: No GPIO consumer wp found
[    0.608775] sdhci-omap 481d8000.mmc: supply pbias not found, using dummy regulator
[    0.609259] sdhci-omap 481d8000.mmc: supply vqmmc not found, using dummy regulator
[    0.663776] davinci_mdio 4a101000.mdio: davinci mdio revision 1.6, bus freq 1000000
[    0.684994] mdio_bus 4a101000.mdio:00: using DT '/ocp/interconnect@4a000000/segment@0/target-module@100000/switch@0/mdio@1000/ethernet-phy@0' for 'reset' GPIO lookup
[    0.685098] of_get_named_gpiod_flags: parsed 'reset-gpios' property of node '/ocp/interconnect@4a000000/segment@0/target-module@100000/switch@0/mdio@1000/ethernet-phy@0[0]' - status (0)
[    0.685262] gpio gpiochip0: Persistence not supported for GPIO 8
[    0.820533] davinci_mdio 4a101000.mdio: phy[0]: device 4a101000.mdio:00, driver SMSC LAN8710/LAN8720
[    0.821434] cpsw-switch 4a100000.switch: initialized cpsw ale version 1.4
[    0.821458] cpsw-switch 4a100000.switch: ALE Table size 1024, Policers 0
[    0.834684] cpsw-switch 4a100000.switch: cpts: overflow check period 500 (jiffies)
[    0.834708] cpsw-switch 4a100000.switch: CPTS: ref_clk_freq:250000000 calc_mult:2147483648 calc_shift:29 error:0 nsec/sec
[    0.834811] cpsw-switch 4a100000.switch: Detected MACID = 6c:ec:eb:68:de:78
[    0.836663] cpsw-switch 4a100000.switch: initialized (regs 0x4a100000, pool size 256) hw_ver:0019010C 1.12 (0)
[    0.847766] debugfs: '49000000.dma' already exists in 'dmaengine'
[    0.847809] edma 49000000.dma: TI EDMA DMA engine driver
[    0.888995] gpio-clk clk_mcasp0: using DT '/clk_mcasp0' for 'enable' GPIO lookup
[    0.889073] of_get_named_gpiod_flags: parsed 'enable-gpios' property of node '/clk_mcasp0[0]' - status (0)
[    0.889118] gpio gpiochip0: Persistence not supported for GPIO 27
[    0.889965] gpiochip_find_base_unlocked: found new base at 608
[    0.890074] gpio gpiochip3: (gpio-96-127): created GPIO range 0->7 ==> 44e10800.pinmux PIN 82->89
[    0.890093] gpio gpiochip3: (gpio-96-127): created GPIO range 8->11 ==> 44e10800.pinmux PIN 52->55
[    0.890108] gpio gpiochip3: (gpio-96-127): created GPIO range 12->15 ==> 44e10800.pinmux PIN 94->97
[    0.890124] gpio gpiochip3: (gpio-96-127): created GPIO range 16->17 ==> 44e10800.pinmux PIN 71->72
[    0.890139] gpio gpiochip3: (gpio-96-127): created GPIO range 18->18 ==> 44e10800.pinmux PIN 135->135
[    0.890155] gpio gpiochip3: (gpio-96-127): created GPIO range 19->20 ==> 44e10800.pinmux PIN 108->109
[    0.890171] gpio gpiochip3: (gpio-96-127): created GPIO range 21->21 ==> 44e10800.pinmux PIN 73->73
[    0.890188] gpio gpiochip3: (gpio-96-127): created GPIO range 22->23 ==> 44e10800.pinmux PIN 8->9
