Labgrid Console Logfile for main
Logfile started at 2025-07-15 14:53:21.427848
=== Log starts here ===
reading args
spl_load_image_fat_os: error reading image args, err - -1
reading u-boot.img
reading u-boot.img


U-Boot 2014.04-00014-g47880f5 (Apr 22 2014 - 13:23:54)

I2C:   ready
DRAM:  512 MiB
NAND:  0 MiB
MMC:   OMAP SD/MMC: 0, OMAP SD/MMC: 1
*** Warning - readenv() failed, using default environment

Net:   <ethaddr> not set. Validating first E-fuse MAC
cpsw, usb_ether
Hit any key to stop autoboot:  1  0 
gpio: pin 53 (gpio 53) value is 1
mmc0 is current device
gpio: pin 54 (gpio 54) value is 1
SD/MMC found on device 0
reading uEnv.txt
569 bytes read in 4 ms (138.7 KiB/s)
gpio: pin 55 (gpio 55) value is 1
Loaded environment from uEnv.txt
Importing environment from mmc ...
Checking if uenvcmd is set ...
gpio: pin 56 (gpio 56) value is 1
Running uenvcmd ...
cpsw Waiting for PHY auto negotiation to complete. done
link up on port 0, speed 100, full duplex
Using cpsw device
TFTP from server 192.168.255.126; our IP address is 192.168.255.1
Filename 'zImage'.
Load address: 0x81000000
Loading: *#################################################################
	 #################################################################
	 #################################################################
	 #################################################################
	 #################################################################
	 ###########################################################
	 2.4 MiB/s
done
Bytes transferred = 5634840 (55fb18 hex)
link up on port 0, speed 100, full duplex
Using cpsw device
TFTP from server 192.168.255.126; our IP address is 192.168.255.1
Filename 'am335x-boneblack.dtb'.
Load address: 0x82000000
Loading: *#######
	 2.3 MiB/s
done
Bytes transferred = 98244 (17fc4 hex)
Kernel image @ 0x81000000 [ 0x000000 - 0x55fb18 ]
## Flattened Device Tree blob at 82000000
   Booting using the fdt blob at 0x82000000
   Using Device Tree in place at 82000000, end 8201afc3

Starting kernel ...

[    0.000000] Booting Linux on physical CPU 0x0
[    0.000000] Linux version 6.16.0-rc6-next-20250715 (user01@drvtest01) (arm-none-eabi-gcc (Arm GNU Toolchain 14.2.Rel1 (Build arm-14.52)) 14.2.1 20241119, GNU ld (Arm GNU Toolchain 14.2.Rel1 (Build arm-14.52)) 2.43.1.20241119) #1 SMP Tue Jul 15 14:49:53 EEST 2025
[    0.000000] CPU: ARMv7 Processor [413fc082] revision 2 (ARMv7), cr=10c5387d
[    0.000000] CPU: PIPT / VIPT nonaliasing data cache, VIPT aliasing instruction cache
[    0.000000] OF: fdt: Machine model: TI AM335x BeagleBone Black
[    0.000000] Memory policy: Data cache writeback
[    0.000000] cma: Reserved 16 MiB at 0x9e800000
[    0.000000] Zone ranges:
[    0.000000]   Normal   [mem 0x0000000080000000-0x000000009fdfffff]
[    0.000000]   HighMem  empty
[    0.000000] Movable zone start for each node
[    0.000000] Early memory node ranges
[    0.000000]   node   0: [mem 0x0000000080000000-0x000000009fdfffff]
[    0.000000] Initmem setup node 0 [mem 0x0000000080000000-0x000000009fdfffff]
[    0.000000] On node 0, zone Normal: 512 pages in unavailable ranges
[    0.000000] OF: reserved mem: Reserved memory: No reserved-memory node in the DT
[    0.000000] CPU: All CPU(s) started in SVC mode.
[    0.000000] AM335X ES2.1 (sgx neon)
[    0.000000] percpu: Embedded 17 pages/cpu s39820 r8192 d21620 u69632
[    0.000000] Kernel command line: console=ttyO0,115200n8 root=/dev/nfs rw nfsroot=192.168.255.126:/home/user01/nfs,nfsvers=3 ip=192.168.255.1:192.168.255.126::255.255.255.0:bbb1:eth0 nfsrootdebug
[    0.000000] Unknown kernel command line parameters "nfsrootdebug", will be passed to user space.
[    0.000000] printk: log buffer data + meta data: 65536 + 204800 = 270336 bytes
[    0.000000] Dentry cache hash table entries: 65536 (order: 6, 262144 bytes, linear)
[    0.000000] Inode-cache hash table entries: 32768 (order: 5, 131072 bytes, linear)
[    0.000000] Built 1 zonelists, mobility grouping on.  Total pages: 130560
[    0.000000] mem auto-init: stack:off, heap alloc:off, heap free:off
[    0.000000] SLUB: HWalign=16, Order=0-3, MinObjects=0, CPUs=1, Nodes=1
[    0.000000] rcu: Hierarchical RCU implementation.
[    0.000000] rcu: 	RCU event tracing is enabled.
[    0.000000] rcu: 	RCU restricting CPUs from NR_CPUS=2 to nr_cpu_ids=1.
[    0.000000] 	Tracing variant of Tasks RCU enabled.
[    0.000000] rcu: RCU calculated value of scheduler-enlistment delay is 10 jiffies.
[    0.000000] rcu: Adjusting geometry for rcu_fanout_leaf=16, nr_cpu_ids=1
[    0.000000] RCU Tasks Trace: Setting shift to 0 and lim to 1 rcu_task_cb_adjust=1 rcu_task_cpu_ids=1.
[    0.000000] NR_IRQS: 16, nr_irqs: 16, preallocated irqs: 16
[    0.000000] IRQ: Found an INTC at 0x(ptrval) (revision 5.0) with 128 interrupts
[    0.000000] rcu: srcu_init: Setting srcu_struct sizes based on contention.
[    0.000000] TI gptimer clocksource: always-on /ocp/interconnect@44c00000/segment@200000/target-module@31000
[    0.000003] sched_clock: 32 bits at 24MHz, resolution 41ns, wraps every 89478484971ns
[    0.000027] clocksource: dmtimer: mask: 0xffffffff max_cycles: 0xffffffff, max_idle_ns: 79635851949 ns
[    0.000536] TI gptimer clockevent: 24000000 Hz at /ocp/interconnect@48000000/segment@0/target-module@40000
[    0.002168] Console: colour dummy device 80x30
[    0.002235] WARNING: Your 'console=ttyO0' has been replaced by 'ttyS0'
[    0.002243] This ensures that you still see kernel messages. Please
[    0.002247] update your kernel commandline.
[    0.002291] Calibrating delay loop... 996.14 BogoMIPS (lpj=4980736)
[    0.090584] CPU: Testing write buffer coherency: ok
[    0.090704] CPU0: Spectre v2: using BPIALL workaround
[    0.090714] pid_max: default: 32768 minimum: 301
[    0.090870] LSM: initializing lsm=capability
[    0.091034] Mount-cache hash table entries: 1024 (order: 0, 4096 bytes, linear)
[    0.091053] Mountpoint-cache hash table entries: 1024 (order: 0, 4096 bytes, linear)
[    0.092659] CPU0: thread -1, cpu 0, socket -1, mpidr 0
[    0.092717] cacheinfo: Unable to detect cache hierarchy for CPU 0
[    0.094716] Setting up static identity map for 0x80100000 - 0x80100078
[    0.095030] rcu: Hierarchical SRCU implementation.
[    0.095041] rcu: 	Max phase no-delay instances is 1000.
[    0.096760] smp: Bringing up secondary CPUs ...
[    0.096813] smp: Brought up 1 node, 1 CPU
[    0.096825] SMP: Total of 1 processors activated (996.14 BogoMIPS).
[    0.096836] CPU: All CPU(s) started in SVC mode.
[    0.097027] Memory: 480824K/522240K available (11264K kernel code, 1219K rwdata, 2932K rodata, 1024K init, 284K bss, 23384K reserved, 16384K cma-reserved, 0K highmem)
[    0.097850] devtmpfs: initialized
[    0.115068] VFP support v0.3: implementor 41 architecture 3 part 30 variant c rev 3
[    0.115702] clocksource: jiffies: mask: 0xffffffff max_cycles: 0xffffffff, max_idle_ns: 19112604462750000 ns
[    0.115757] posixtimers hash table entries: 512 (order: 0, 4096 bytes, linear)
[    0.115784] futex hash table entries: 256 (16384 bytes on 1 NUMA nodes, total 16 KiB, linear).
[    0.116919] pinctrl core: initialized pinctrl subsystem
[    0.119060] NET: Registered PF_NETLINK/PF_ROUTE protocol family
[    0.122233] DMA: preallocated 256 KiB pool for atomic coherent allocations
[    0.122850] audit: initializing netlink subsys (disabled)
[    0.124181] thermal_sys: Registered thermal governor 'fair_share'
[    0.124197] thermal_sys: Registered thermal governor 'step_wise'
[    0.124206] thermal_sys: Registered thermal governor 'user_space'
[    0.124313] audit: type=2000 audit(0.120:1): state=initialized audit_enabled=0 res=1
[    0.124379] cpuidle: using governor menu
[    0.142376] /ocp/interconnect@44c00000/segment@200000/target-module@b000/i2c@0/tda19988@70: Fixed dependency cycle(s) with /ocp/interconnect@48000000/segment@300000/target-module@e000/lcdc@0
[    0.143505] /ocp/interconnect@48000000/segment@300000/target-module@e000/lcdc@0: Fixed dependency cycle(s) with /ocp/interconnect@44c00000/segment@200000/target-module@b000/i2c@0/tda19988@70
[    0.145702] No ATAGs?
[    0.145744] hw-breakpoint: debug architecture 0x4 unsupported.
[    0.148863] kprobes: kprobe jump-optimization is enabled. All kprobes are optimized if possible.
[    0.154158] iommu: Default domain type: Translated
[    0.154181] iommu: DMA domain TLB invalidation policy: strict mode
[    0.161558] SCSI subsystem initialized
[    0.162442] pps_core: LinuxPPS API ver. 1 registered
[    0.162452] pps_core: Software ver. 5.3.6 - Copyright 2005-2007 Rodolfo Giometti <giometti@linux.it>
[    0.162476] PTP clock support registered
[    0.171063] vgaarb: loaded
[    0.171436] clocksource: Switched to clocksource dmtimer
[    0.172105] VFS: Disk quotas dquot_6.6.0
[    0.172159] VFS: Dquot-cache hash table entries: 1024 (order 0, 4096 bytes)
[    0.196290] NET: Registered PF_INET protocol family
[    0.196630] IP idents hash table entries: 8192 (order: 4, 65536 bytes, linear)
[    0.198045] tcp_listen_portaddr_hash hash table entries: 512 (order: 0, 4096 bytes, linear)
[    0.198081] Table-perturb hash table entries: 65536 (order: 6, 262144 bytes, linear)
[    0.198100] TCP established hash table entries: 4096 (order: 2, 16384 bytes, linear)
[    0.198145] TCP bind hash table entries: 4096 (order: 4, 65536 bytes, linear)
[    0.198245] TCP: Hash tables configured (established 4096 bind 4096)
[    0.198367] UDP hash table entries: 256 (order: 1, 14336 bytes, linear)
[    0.198405] UDP-Lite hash table entries: 256 (order: 1, 14336 bytes, linear)
[    0.198592] NET: Registered PF_UNIX/PF_LOCAL protocol family
[    0.199883] RPC: Registered named UNIX socket transport module.
[    0.199904] RPC: Registered udp transport module.
[    0.199909] RPC: Registered tcp transport module.
[    0.199914] RPC: Registered tcp-with-tls transport module.
[    0.199920] RPC: Registered tcp NFSv4.1 backchannel transport module.
[    0.199944] PCI: CLS 0 bytes, default 64
[    0.201337] Initialise system trusted keyrings
[    0.212113] workingset: timestamp_bits=14 max_order=17 bucket_order=3
[    0.213517] NFS: Registering the id_resolver key type
[    0.213590] Key type id_resolver registered
[    0.213598] Key type id_legacy registered
[    0.213704] jffs2: version 2.2. (NAND) (SUMMARY)  Â© 2001-2006 Red Hat, Inc.
[    0.214161] Key type asymmetric registered
[    0.214175] Asymmetric key parser 'x509' registered
[    0.214245] io scheduler mq-deadline registered
[    0.214254] io scheduler kyber registered
[    0.214331] io scheduler bfq registered
[    0.216228] target-module@4b000000:target-module@140000:pmu@0:fck: device ID is greater than 24
[    0.222421] l3-aon-clkctrl:0000:0: failed to disable
[    0.231730] ledtrig-cpu: registered to indicate activity on CPUs
[    0.235478] Serial: 8250/16550 driver, 6 ports, IRQ sharing enabled
[    0.277633] brd: module loaded
[    0.297707] loop: module loaded
[    0.298634] mtdoops: mtd device (mtddev=name/number) must be supplied
[    0.301995] i2c_dev: i2c /dev entries driver
[    0.303009] cpuidle: enable-method property 'ti,am3352' found operations
[    0.303448] sdhci: Secure Digital Host Controller Interface driver
[    0.303458] sdhci: Copyright(c) Pierre Ossman
[    0.303629] sdhci-pltfm: SDHCI platform and OF driver helper
[    0.317959] hw perfevents: enabled with armv7_cortex_a8 PMU driver, 5 (8000000f) counters available
[    0.318482] Initializing XFRM netlink socket
[    0.318668] NET: Registered PF_INET6 protocol family
[    0.324377] l3-aon-clkctrl:0000:0: failed to disable
[    0.335102] Segment Routing with IPv6
[    0.335187] In-situ OAM (IOAM) with IPv6
[    0.335286] sit: IPv6, IPv4 and MPLS over IPv4 tunneling driver
[    0.336247] NET: Registered PF_PACKET protocol family
[    0.336272] NET: Registered PF_KEY protocol family
[    0.336394] Key type dns_resolver registered
[    0.336624] ThumbEE CPU extension supported.
[    0.336644] Registering SWP/SWPB emulation handler
[    0.337179] omap_voltage_late_init: Voltage driver support not added
[    0.337840] SmartReflex Class3 initialized
[    0.376756] Loading compiled-in X.509 certificates
[    0.407084] /ocp/interconnect@44c00000/segment@200000/target-module@b000/i2c@0/tda19988@70: Fixed dependency cycle(s) with /ocp/interconnect@48000000/segment@300000/target-module@e000/lcdc@0
[    0.413660] /ocp/interconnect@44c00000/segment@200000/target-module@b000/i2c@0/tda19988@70: Fixed dependency cycle(s) with /ocp/interconnect@48000000/segment@300000/target-module@e000/lcdc@0
[    0.445299] /ocp/interconnect@44c00000/segment@200000/target-module@b000/i2c@0/tda19988@70: Fixed dependency cycle(s) with /ocp/interconnect@48000000/segment@300000/target-module@e000/lcdc@0
[    0.446182] /ocp/interconnect@44c00000/segment@200000/target-module@b000/i2c@0/tda19988@70: Fixed dependency cycle(s) with /ocp/interconnect@48000000/segment@300000/target-module@e000/lcdc@0
[    0.449655] /ocp/interconnect@44c00000/segment@200000/target-module@10000/scm@0/pinmux@800: Fixed dependency cycle(s) with /ocp/interconnect@44c00000/segment@200000/target-module@10000/scm@0/pinmux@800/clkout2-pins
[    0.450265] pinctrl-single 44e10800.pinmux: 142 pins, size 568
[    0.455825] ti-sysc 44e31000.target-module: probe with driver ti-sysc failed with error -16
[    0.483740] /ocp/interconnect@48000000/segment@300000/target-module@e000/lcdc@0: Fixed dependency cycle(s) with /ocp/interconnect@44c00000/segment@200000/target-module@b000/i2c@0/tda19988@70
[    0.491912] ti-sysc 48040000.target-module: probe with driver ti-sysc failed with error -16
[    0.543111] OMAP GPIO hardware version 0.1
[    0.579934] omap_i2c 4819c000.i2c: bus 2 rev0.11 at 100 kHz
[    0.609741] 48000000.interconnect:segment@200000:target-module@0:mpu@0:fck: device ID is greater than 24
[    0.610653] /ocp/interconnect@48000000/segment@300000/target-module@e000/lcdc@0: Fixed dependency cycle(s) with /ocp/interconnect@44c00000/segment@200000/target-module@b000/i2c@0/tda19988@70
[    0.613844] /ocp/interconnect@48000000/segment@300000/target-module@e000/lcdc@0: Fixed dependency cycle(s) with /ocp/interconnect@44c00000/segment@200000/target-module@b000/i2c@0/tda19988@70
[    0.614571] /ocp/interconnect@44c00000/segment@200000/target-module@b000/i2c@0/tda19988@70: Fixed dependency cycle(s) with /ocp/interconnect@48000000/segment@300000/target-module@e000/lcdc@0
[    0.614737] /ocp/interconnect@48000000/segment@300000/target-module@e000/lcdc@0: Fixed dependency cycle(s) with /ocp/interconnect@44c00000/segment@200000/target-module@b000/i2c@0/tda19988@70
[    0.626006] sdhci-omap 481d8000.mmc: supply pbias not found, using dummy regulator
[    0.626498] sdhci-omap 481d8000.mmc: supply vqmmc not found, using dummy regulator
[    0.678169] davinci_mdio 4a101000.mdio: davinci mdio revision 1.6, bus freq 1000000
[    0.814322] davinci_mdio 4a101000.mdio: phy[0]: device 4a101000.mdio:00, driver SMSC LAN8710/LAN8720
[    0.815083] cpsw-switch 4a100000.switch: initialized cpsw ale version 1.4
[    0.815105] cpsw-switch 4a100000.switch: ALE Table size 1024, Policers 0
[    0.815275] cpsw-switch 4a100000.switch: cpts: overflow check period 500 (jiffies)
[    0.815292] cpsw-switch 4a100000.switch: CPTS: ref_clk_freq:250000000 calc_mult:2147483648 calc_shift:29 error:0 nsec/sec
[    0.815396] cpsw-switch 4a100000.switch: Detected MACID = 6c:ec:eb:68:de:78
[    0.817248] cpsw-switch 4a100000.switch: initialized (regs 0x4a100000, pool size 256) hw_ver:0019010C 1.12 (0)
[    0.828352] debugfs: '49000000.dma' already exists in 'dmaengine'
[    0.828395] edma 49000000.dma: TI EDMA DMA engine driver
[    0.893691] 44e09000.serial: ttyS0 at MMIO 0x44e09000 (irq = 34, base_baud = 3000000) is a 8250
[    0.893778] printk: legacy console [ttyS0] enabled
[    2.392409] tps65217-pmic: Failed to locate of_node [id: -1]
[    2.398471] tps65217-bl: Failed to locate of_node [id: -1]
[    2.404550] platform tps65217-charger: DMA mask not set
[    2.410603] platform tps65217-pwrbutton: DMA mask not set
[    2.417896] tps65217 0-0024: TPS65217 ID 0xe version 1.2
[    2.424040] /ocp/interconnect@48000000/segment@300000/target-module@e000/lcdc@0: Fixed dependency cycle(s) with /ocp/interconnect@44c00000/segment@200000/target-module@b000/i2c@0/tda19988@70
[    2.441438] /ocp/interconnect@44c00000/segment@200000/target-module@b000/i2c@0/tda19988@70: Fixed dependency cycle(s) with /ocp/interconnect@48000000/segment@300000/target-module@e000/lcdc@0
[    2.458794] omap_i2c 44e0b000.i2c: bus 0 rev0.11 at 400 kHz
[    2.466673] omap_gpio 44e07000.gpio: Could not set line 6 debounce to 200000 microseconds (-22)
[    2.475590] sdhci-omap 48060000.mmc: Got CD GPIO
[    2.480601] sdhci-omap 48060000.mmc: supply pbias not found, using dummy regulator
[    2.490673] sdhci-omap 48060000.mmc: supply vqmmc not found, using dummy regulator
[    2.499747] sdhci-omap 481d8000.mmc: supply pbias not found, using dummy regulator
[    2.509924] sdhci-omap 481d8000.mmc: supply vqmmc not found, using dummy regulator
[    2.545159] mmc0: SDHCI controller on 48060000.mmc [48060000.mmc] using External DMA
[    2.553481] mmc1: SDHCI controller on 481d8000.mmc [481d8000.mmc] using External DMA
[    2.562249] cpsw-switch 4a100000.switch: starting ndev. mode: dual_mac
[    2.610523] mmc0: new high speed SDHC card at address 5048
[    2.617549] mmcblk0: mmc0:5048 SD16G 14.4 GiB
[    2.625842]  mmcblk0: p1 p2
[    2.629216] mmcblk0: p2 size 31221760 extends beyond EOD, truncated
[    2.642626] SMSC LAN8710/LAN8720 4a101000.mdio:00: attached PHY driver (mii_bus:phy_addr=4a101000.mdio:00, irq=POLL)
[    2.653613] mmc1: new high speed MMC card at address 0001
[    2.666245] mmcblk1: mmc1:0001 MMC04G 3.60 GiB
[    2.673880]  mmcblk1: p1 p2
[    2.678103] mmcblk1boot0: mmc1:0001 MMC04G 2.00 MiB
[    2.686832] mmcblk1boot1: mmc1:0001 MMC04G 2.00 MiB
[    2.696074] mmcblk1rpmb: mmc1:0001 MMC04G 128 KiB, chardev (249:0)
[    5.842208] cpsw-switch 4a100000.switch eth0: Link is Up - 100Mbps/Full - flow control off
[    5.881686] IP-Config: Complete:
[    5.884963]      device=eth0, hwaddr=6c:ec:eb:68:de:78, ipaddr=192.168.255.1, mask=255.255.255.0, gw=255.255.255.255
[    5.895624]      host=bbb1, domain=, nis-domain=(none)
[    5.900792]      bootserver=192.168.255.126, rootserver=192.168.255.126, rootpath=
[    5.901211] clk: Disabling unused clocks
[    5.913111] KTAP version 1
[    5.915839] 1..0
[    5.918266] check access for rdinit=/init failed: -2, ignoring
[    5.954395] VFS: Mounted root (nfs filesystem) on device 0:17.
[    5.961171] devtmpfs: mounted
[    5.966059] Freeing unused kernel image (initmem) memory: 1024K
[    5.972738] Run /sbin/init as init process
[    6.651572] systemd[1]: System time before build time, advancing clock.
[    8.211457] random: crng init done
[    8.227721] systemd[1]: systemd 232 running in system mode. (+PAM +AUDIT +SELINUX +IMA +APPARMOR +SMACK +SYSVINIT +UTMP +LIBCRYPTSETUP +GCRYPT +GNUTLS +ACL +XZ +LZ4 +SECCOMP +BLKID +ELFUTILS +KMOD +IDN)
[    8.246743] systemd[1]: Detected architecture arm.

Welcome to [1mDebian GNU/Linux 9 (stretch)[0m!

[    8.274693] systemd[1]: Set hostname to <arm>.
[    9.368083] systemd[1]: Started Forward Password Requests to Wall Directory Watch.
[[0;32m  OK  [0m] Started Forward Password Requests to Wall Directory Watch.
[    9.405062] systemd[1]: Listening on Journal Audit Socket.
[[0;32m  OK  [0m] Listening on Journal Audit Socket.
[    9.432447] systemd[1]: Started Dispatch Password Requests to Console Directory Watch.
[[0;32m  OK  [0m] Started Dispatch Password Requests to Console Directory Watch.
[    9.461851] systemd[1]: Reached target Remote File Systems.
[[0;32m  OK  [0m] Reached target Remote File Systems.
[    9.493103] systemd[1]: Set up automount Arbitrary Executable File Formats File System Automount Point.
[[0;32m  OK  [0m] Set up automount Arbitrary Executabâ€¦rmats File System Automount Point.
[    9.521858] systemd[1]: Reached target Paths.
[[0;32m  OK  [0m] Reached target Paths.
[    9.543454] systemd[1]: Listening on udev Control Socket.
[[0;32m  OK  [0m] Listening on udev Control Socket.
[[0;32m  OK  [0m] Created slice System Slice.
         Mounting Debug File System...
[[0;32m  OK  [0m] Listening on udev Kernel Socket.
[[0;32m  OK  [0m] Created slice system-getty.slice.
[[0;32m  OK  [0m] Listening on Journal Socket.
[[0;32m  OK  [0m] Listening on Journal Socket (/dev/log).
         Starting Create list of required stâ€¦ce nodes for the current kernel...
[[0;32m  OK  [0m] Listening on /dev/initctl Compatibility Named Pipe.
         Starting Remount Root and Kernel File Systems...
[[0;32m  OK  [0m] Created slice system-serial\x2dgetty.slice.
[[0;32m  OK  [0m] Created slice User and Session Slice.
[[0;32m  OK  [0m] Reached target Slices.
[[0;32m  OK  [0m] Reached target Swap.
[[0;32m  OK  [0m] Listening on Syslog Socket.
         Starting Journal Service...
[[0;32m  OK  [0m] Reached target Encrypted Volumes.
         Mounting POSIX Message Queue File System...
         Starting Load Kernel Modules...
[[0;32m  OK  [0m] Mounted Debug File System.
[[0;32m  OK  [0m] Mounted POSIX Message Queue File System.
[[0;32m  OK  [0m] Started Create list of required staâ€¦vice nodes for the current kernel.
[[0;32m  OK  [0m] Started Remount Root and Kernel File Systems.
         Starting Load/Save Random Seed...
         Starting udev Coldplug all Devices...
         Starting Create Static Device Nodes in /dev...
[[0;32m  OK  [0m] Started Load Kernel Modules.
         Starting Apply Kernel Variables...
         Mounting Configuration File System...
[[0;32m  OK  [0m] Started Load/Save Random Seed.
[[0;32m  OK  [0m] Mounted Configuration File System.
[[0;32m  OK  [0m] Started Apply Kernel Variables.
[[0;32m  OK  [0m] Started Journal Service.
[[0;32m  OK  [0m] Started Create Static Device Nodes in /dev.
         Starting udev Kernel Device Manager...
[[0;32m  OK  [0m] Reached target Local File Systems (Pre).
[[0;32m  OK  [0m] Reached target Local File Systems.
         Starting Raise network interfaces...
         Starting Flush Journal to Persistent Storage...
[   11.706728] systemd-journald[86]: Received request to flush runtime journal from PID 1
[[0;32m  OK  [0m] Started Flush Journal to Persistent Storage.
         Starting Create Volatile Files and Directories...
[[0;32m  OK  [0m] Started udev Kernel Device Manager.
[   12.646414] omap_prm 44e00d00.prm: sync_state() pending due to 44d00000.cpu
[[0;32m  OK  [0m] Started Create Volatile Files and Directories.
         Starting Update UTMP about System Boot/Shutdown...
         Starting Network Time Synchronization...
[[0;32m  OK  [0m] Started Update UTMP about System Boot/Shutdown.
[[0;32m  OK  [0m] Started udev Coldplug all Devices.
[   14.654895] remoteproc remoteproc0: wkup_m3 is available
[   14.915293] omap_wdt: OMAP Watchdog Timer Rev 0x01: initial timeout 60 sec
[   14.985976] at24 2-0054: supply vcc not found, using dummy regulator
[   15.118033] at24 2-0055: supply vcc not found, using dummy regulator
[[0;32m  OK  [0m] Found device /dev/ttyS0.
[   15.232319] at24 2-0056: supply vcc not found, using dummy regulator
[   15.292443] at24 2-0057: supply vcc not found, using dummy regulator
[   15.365380] at24 0-0050: 32768 byte 24c256 EEPROM, writable, 1 bytes/write
[   15.505709] omap_rtc 44e3e000.rtc: registered as rtc0
[   15.511243] omap_rtc 44e3e000.rtc: setting system clock to 2000-01-01T00:00:00 UTC (946684800)
[   15.528626] input: tps65217_pwrbutton as /devices/platform/ocp/44c00000.interconnect/44c00000.interconnect:segment@200000/44e0b000.target-module/44e0b000.i2c/i2c-0/0-0024/tps65217-pwrbutton/input/input0
[[0;32m  OK  [0m] Started Network Time Synchronization.
[[0;32m  OK  [0m] Reached target System Initialization.
[   16.024667] am335x-phy-driver 47401300.usb-phy: dummy supplies not allowed for exclusive requests (id=vbus)
[   16.148529] am335x-phy-driver 47401b00.usb-phy: dummy supplies not allowed for exclusive requests (id=vbus)
[[0;32m  OK  [0m] Listening on Avahi mDNS/DNS-SD Stack Activation Socket.
[[0;32m  OK  [0m] Started Daily Cleanup of Temporary Directories.
[[0;32m  OK  [0m] Listening on D-Bus System Message Bus Socket[   16.299499] usbcore: registered new interface driver usbfs
.
[   16.307446] usbcore: registered new interface driver hub
[   16.313034] usbcore: registered new device driver usb
[[0;32m  OK  [0m] Reached target Sockets.
[[0;32m  OK  [0m] Reached target Basic System.
         Starting LSB: Load kernel modules needed to enable cpufreq scaling...
         Starting System Logging Service...
         Starting DUN service...
         Starting Generic Board Startup...
         Starting Avahi mDNS/DNS-SD Stack...
         Starting Cape Manager Service...
[[0;32m  OK  [0m] Started D-Bus System Message Bus.
[   17.326586] musb-hdrc musb-hdrc.1: MUSB HDRC host driver
[   17.332150] musb-hdrc musb-hdrc.1: new USB bus registered, assigned bus number 1
[   17.467213] omap-mailbox 480c8000.mailbox: omap mailbox rev 0x400
[   17.533520] tda998x 0-0070: found TDA19988
[   17.562772] remoteproc remoteproc0: powering up wkup_m3
[   17.657237] usb usb1: New USB device found, idVendor=1d6b, idProduct=0002, bcdDevice= 6.16
[   17.665766] usb usb1: New USB device strings: Mfr=3, Product=2, SerialNumber=1
[   17.673107] usb usb1: Product: MUSB HDRC host driver
[   17.678102] usb usb1: Manufacturer: Linux 6.16.0-rc6-next-20250715 musb-hcd
[   17.685130] usb usb1: SerialNumber: musb-hdrc.1
[   17.872098] remoteproc remoteproc0: Direct firmware load for am335x-pm-firmware.elf failed with error -2
[   17.881778] remoteproc remoteproc0: request_firmware failed: -2
[   17.887740] wkup_m3_ipc 44e11324.wkup_m3_ipc: rproc_boot failed
[   18.174265] hub 1-0:1.0: USB hub found
[   18.239281] hub 1-0:1.0: 1 port detected
[   20.090019] omap_rng 48310000.rng: Random Number Generator ver. 20
[   20.305850] tilcdc 4830e000.lcdc: bound 0-0070 (ops tda998x_audio_codec_init [tda998x])
[   20.392364] [drm] Initialized tilcdc 1.0.0 for 4830e000.lcdc on minor 0
[   20.444778] tilcdc 4830e000.lcdc: [drm] Cannot find any crtc or sizes
[   20.453205] tilcdc 4830e000.lcdc: [drm] Cannot find any crtc or sizes
[   20.996344] ------------[ cut here ]------------
[   21.001040] WARNING: net/8021q/vlan_core.c:236 at vlan_for_each+0x114/0x134, CPU#0: avahi-daemon/179
[   21.010423] RTNL: assertion failed at net/8021q/vlan_core.c (236)
[   21.016618] Modules linked in: tilcdc drm_dma_helper omap_rng drm_client_lib rng_core snd_soc_davinci_mcasp snd_soc_ti_udma snd_soc_ti_edma snd_soc_ti_sdma snd_soc_core snd_pcm_dmaengine snd_pcm snd_timer snd omap_mailbox soundcore tda998x cec musb_dsps musb_hdrc drm_kms_helper udc_core usbcore drm phy_am335x phy_generic cppi41 wkup_m3_ipc usb_common tps65218_pwrbutton rtc_omap drm_panel_orientation_quirks at24 omap_wdt phy_am335x_control watchdog wkup_m3_rproc leds_gpio led_class cpufreq_dt ip_tables x_tables autofs4
[   21.063041] CPU: 0 UID: 107 PID: 179 Comm: avahi-daemon Not tainted 6.16.0-rc6-next-20250715 #1 NONE 
[   21.063060] Hardware name: Generic AM33XX (Flattened Device Tree)
[   21.063068] Call trace: 
[   21.063084]  unwind_backtrace from show_stack+0x10/0x14
[   21.063122]  show_stack from dump_stack_lvl+0x50/0x64
[   21.063147]  dump_stack_lvl from __warn+0x88/0x148
[   21.063183]  __warn from warn_slowpath_fmt+0x19c/0x1b0
[   21.063202]  warn_slowpath_fmt from vlan_for_each+0x114/0x134
[   21.063223]  vlan_for_each from cpsw_add_mc_addr+0x40/0xa4
[   21.063249]  cpsw_add_mc_addr from __hw_addr_ref_sync_dev+0x108/0x140
[   21.063279]  __hw_addr_ref_sync_dev from __dev_mc_add+0x7c/0x80
[   21.063301]  __dev_mc_add from igmp6_group_added+0xc8/0xe0
[   21.063326]  igmp6_group_added from __ipv6_dev_mc_inc+0x218/0x364
[   21.063343]  __ipv6_dev_mc_inc from __ipv6_sock_mc_join+0x11c/0x214
[   21.063359]  __ipv6_sock_mc_join from do_ipv6_setsockopt+0x1214/0x1310
[   21.063388]  do_ipv6_setsockopt from ipv6_setsockopt+0x60/0xcc
[   21.063408]  ipv6_setsockopt from udpv6_setsockopt+0x2c/0x6c
[   21.063431]  udpv6_setsockopt from sock_common_setsockopt+0x30/0x40
[   21.063464]  sock_common_setsockopt from do_sock_setsockopt+0x50/0x9c
[   21.063485]  do_sock_setsockopt from __sys_setsockopt+0x70/0xbc
[   21.063504]  __sys_setsockopt from ret_fast_syscall+0x0/0x58
[   21.063521] Exception stack(0xe0141fa8 to 0xe0141ff0)
[   21.063535] 1fa0:                   00000014 b6fafce8 0000000d 00000029 00000014 be8f89ec
[   21.063547] 1fc0: 00000014 b6fafce8 00000014 00000126 0000000d b6f58ff4 004ae988 00496558
[   21.063556] 1fe0: b6f6e088 be8f89d8 b6f4b309 b6e2241a
[   21.063563] ---[ end trace 0000000000000000 ]---
[[0;32m  OK  [0m] Started DUN service.
[[0;32m  OK  [0m] Started Avahi mDNS/DNS-SD Stack.
         Starting Connection service...
         Starting LSB: Start busybox udhcpd at boot time...
[   21.637211] PM: Cannot get wkup_m3_ipc handle
[   21.687566] omap-sham 53100000.sham: hw accel on OMAP rev 4.3
[[0;32m  OK  [0m] Started Regular background program processing daemon.
         Starting Telephony service...
[   21.834773] omap-sham 53100000.sham: will run requests pump with realtime priority
[   21.843597] PM: Cannot get wkup_m3_ipc handle
[   21.920513] omap-aes 53500000.aes: OMAP AES hw accel rev: 3.2
         Starting Login Service...
[[0;32m  OK  [0m] Reached target System Time Synchronized.
[   22.080635] omap-aes 53500000.aes: will run requests pump with realtime priority
[   22.092801] PM: Cannot get wkup_m3_ipc handle
[[0;32m  OK  [0m] Started Daily apt download activities.
[[0;32m  OK  [0m] Started Daily apt upgrade and clean activities.
[[0;32m  OK  [0m] Reached target Timers.
[[0;32m  OK  [0m] Started System Logging Service.
[[0;32m  OK  [0m] Started Cape Manager Service.
[   24.902657] Bluetooth: Core ver 2.22
[   24.906486] NET: Registered PF_BLUETOOTH protocol family
[   24.912037] Bluetooth: HCI device and connection manager initialized
[   24.918455] Bluetooth: HCI socket layer initialized
[   24.923424] Bluetooth: L2CAP socket layer initialized
[   24.928536] Bluetooth: SCO socket layer initialized
[   25.492763] gpio-537 (nxp,calib): gpiod_direction_output_nonotify: tried to set a GPIO tied to an IRQ as output
[   25.669907] PM: Cannot get wkup_m3_ipc handle
[   25.761819] tda9950 0-0034: TDA9950 CEC interface, hardware version 3.3
[   25.830818] PM: Cannot get wkup_m3_ipc handle
[   25.926679] PM: Cannot get wkup_m3_ipc handle
[[0;32m  OK  [0m] Started LSB: Start busybox udhcpd at boot time.
[[0;32m  OK  [0m] Started Raise network interfaces.
[   28.752880] configfs-gadget.g_multi gadget.0: HOST MAC 1c:ba:8c:a2:ed:6c
[   28.759808] configfs-gadget.g_multi gadget.0: MAC 1c:ba:8c:a2:ed:70
[   28.767222] configfs-gadget.g_multi gadget.0: HOST MAC 1c:ba:8c:a2:ed:6c
[   28.774077] configfs-gadget.g_multi gadget.0: MAC 1c:ba:8c:a2:ed:6d
[   28.787013] PM: Cannot get wkup_m3_ipc handle
[[0;32m  OK  [0m] Started LSB: Load kernel modules needed to enable cpufreq scaling.
[[0;32m  OK  [0m] Started Telephony service.
[[0;32m  OK  [0m] Started Connection service.
[[0;32m  OK  [0m] Started Login Service.
[[0;32m  OK  [0m] Reached target Sound Card.
         Starting LSB: set CPUFreq kernel parameters...
[[0;32m  OK  [0m] Reached target Network.
[[0;32m  OK  [0m] Reached target Network is Online.
         Starting LSB: Advanced IEEE 802.11 management daemon...
         Starting The Apache HTTP Server...
         Starting OpenBSD Secure Shell server...
         Starting Permit User Sessions...
[[0;32m  OK  [0m] Started LSB: Advanced IEEE 802.11 management daemon.
[[0;32m  OK  [0m] Started Permit User Sessions.
         Starting Hostname Service...
[[0;32m  OK  [0m] Started Serial Getty on ttyS0.
[[0;32m  OK  [0m] Started Getty on tty1.
[[0;32m  OK  [0m] Reached target Login Prompts.
         Starting WPA supplicant...
[[0;32m  OK  [0m] Started LSB: set CPUFreq kernel parameters.
[[0;32m  OK  [0m] Started Hostname Service.
[[0;32m  OK  [0m] Started WPA supplicant.
         Stopping LSB: Start busybox udhcpd at boot time...
[[0;32m  OK  [0m] Started OpenBSD Secure Shell server.
[[0;32m  OK  [0m] Stopped LSB: Start busybox udhcpd at boot time.
         Starting dnsmasq - A lightweight DHCP and caching DNS server...
[[0;32m  OK  [0m] Started The Apache HTTP Server.
[[0;32m  OK  [0m] Started dnsmasq - A lightweight DHCP and caching DNS server.
[[0;32m  OK  [0m] Reached target Host and Network Name Lookups.
[[0;32m  OK  [0m] Started Serial Getty on ttyGS0.
[[0;32m  OK  [0m] Started Generic Board Startup.
[[0;32m  OK  [0m] Reached target Multi-User System.
[[0;32m  OK  [0m] Reached target Graphical Interface.
         Starting Update UTMP about System Runlevel Changes...
[[0;32m  OK  [0m] Started Update UTMP about System Runlevel Changes.

Debian GNU/Linux 9 arm ttyS0

default username:password is [debian:temppwd]

arm login: root
Password: 
Last login: Sat Jan  1 00:00:31 UTC 2000 on ttyS0
root
Linux arm 6.16.0-rc6-next-20250715 #1 SMP Tue Jul 15 14:49:53 EEST 2025 armv7l

The programs included with the Debian GNU/Linux system are free software;
the exact distribution terms for each program are described in the
individual files in /usr/share/doc/*/copyright.

Debian GNU/Linux comes with ABSOLUTELY NO WARRANTY, to the extent
permitted by applicable law.
root@arm:~# root
-bash: root: command not found
root@arm:~# dmesg -n 1
root@arm:~# echo 'ZXSS''MKQUEB'
ZXSSMKQUEB
root@arm:~# run() { echo -n "$MARKER"; sh -c "$@"; echo "$MARKER $?"; }
root@arm:~# echo 'HLFA''JTSKLE'
HLFAJTSKLE
root@arm:~# MARKER='WNNB''VZEPXW' run 'cat /proc/version'
WNNBVZEPXWLinux version 6.16.0-rc6-next-20250715 (user01@drvtest01) (arm-none-eabi-gcc (Arm GNU Toolchain 14.2.Rel1 (Build arm-14.52)) 14.2.1 20241119, GNU ld (Arm GNU Toolchain 14.2.Rel1 (Build arm-14.52)) 2.43.1.20241119) #1 SMP Tue Jul 15 14:49:53 EEST 2025
WNNBVZEPXW 0
root@arm:~# echo 'JNSY''XNNAVK'
JNSYXNNAVK
root@arm:~# MARKER='HBBH''FKQPAS' run false
HBBHFKQPASHBBHFKQPAS 1
root@arm:~# Labgrid Console Logfile for main
Logfile started at 2025-07-15 14:54:22.377724
=== Log starts here ===

root@arm:~# run() { echo -n "$MARKER"; sh -c "$@"; echo "$MARKER $?"; }
root@arm:~# echo 'ZLLT''CAOPXX'
ZLLTCAOPXX
root@arm:~# MARKER='BWET''UBYULM' run 'ls /iio_generic_buffer; echo $?'
BWETUBYULM/iio_generic_buffer
0
BWETUBYULM 0
root@arm:~# Labgrid Console Logfile for main
Logfile started at 2025-07-15 14:54:25.789500
=== Log starts here ===

root@arm:~# run() { echo -n "$MARKER"; sh -c "$@"; echo "$MARKER $?"; }
root@arm:~# echo 'SPXT''OAHXEC'
SPXTOAHXEC
root@arm:~# MARKER='PLMU''BPENNQ' run dmesg
PLMUBPENNQ[    0.000000] Booting Linux on physical CPU 0x0
[    0.000000] Linux version 6.16.0-rc6-next-20250715 (user01@drvtest01) (arm-none-eabi-gcc (Arm GNU Toolchain 14.2.Rel1 (Build arm-14.52)) 14.2.1 20241119, GNU ld (Arm GNU Toolchain 14.2.Rel1 (Build arm-14.52)) 2.43.1.20241119) #1 SMP Tue Jul 15 14:49:53 EEST 2025
[    0.000000] CPU: ARMv7 Processor [413fc082] revision 2 (ARMv7), cr=10c5387d
[    0.000000] CPU: PIPT / VIPT nonaliasing data cache, VIPT aliasing instruction cache
[    0.000000] OF: fdt: Machine model: TI AM335x BeagleBone Black
[    0.000000] Memory policy: Data cache writeback
[    0.000000] cma: Reserved 16 MiB at 0x9e800000
[    0.000000] Zone ranges:
[    0.000000]   Normal   [mem 0x0000000080000000-0x000000009fdfffff]
[    0.000000]   HighMem  empty
[    0.000000] Movable zone start for each node
[    0.000000] Early memory node ranges
[    0.000000]   node   0: [mem 0x0000000080000000-0x000000009fdfffff]
[    0.000000] Initmem setup node 0 [mem 0x0000000080000000-0x000000009fdfffff]
[    0.000000] On node 0, zone Normal: 512 pages in unavailable ranges
[    0.000000] OF: reserved mem: Reserved memory: No reserved-memory node in the DT
[    0.000000] CPU: All CPU(s) started in SVC mode.
[    0.000000] AM335X ES2.1 (sgx neon)
[    0.000000] percpu: Embedded 17 pages/cpu s39820 r8192 d21620 u69632
[    0.000000] pcpu-alloc: s39820 r8192 d21620 u69632 alloc=17*4096
[    0.000000] pcpu-alloc: [0] 0 
[    0.000000] Kernel command line: console=ttyO0,115200n8 root=/dev/nfs rw nfsroot=192.168.255.126:/home/user01/nfs,nfsvers=3 ip=192.168.255.1:192.168.255.126::255.255.255.0:bbb1:eth0 nfsrootdebug
[    0.000000] Unknown kernel command line parameters "nfsrootdebug", will be passed to user space.
[    0.000000] printk: log buffer data + meta data: 65536 + 204800 = 270336 bytes
[    0.000000] Dentry cache hash table entries: 65536 (order: 6, 262144 bytes, linear)
[    0.000000] Inode-cache hash table entries: 32768 (order: 5, 131072 bytes, linear)
[    0.000000] Built 1 zonelists, mobility grouping on.  Total pages: 130560
[    0.000000] mem auto-init: stack:off, heap alloc:off, heap free:off
[    0.000000] SLUB: HWalign=16, Order=0-3, MinObjects=0, CPUs=1, Nodes=1
[    0.000000] rcu: Hierarchical RCU implementation.
[    0.000000] rcu: 	RCU event tracing is enabled.
[    0.000000] rcu: 	RCU restricting CPUs from NR_CPUS=2 to nr_cpu_ids=1.
[    0.000000] 	Tracing variant of Tasks RCU enabled.
[    0.000000] rcu: RCU calculated value of scheduler-enlistment delay is 10 jiffies.
[    0.000000] rcu: Adjusting geometry for rcu_fanout_leaf=16, nr_cpu_ids=1
[    0.000000] RCU Tasks Trace: Setting shift to 0 and lim to 1 rcu_task_cb_adjust=1 rcu_task_cpu_ids=1.
[    0.000000] NR_IRQS: 16, nr_irqs: 16, preallocated irqs: 16
[    0.000000] IRQ: Found an INTC at 0x(ptrval) (revision 5.0) with 128 interrupts
[    0.000000] rcu: srcu_init: Setting srcu_struct sizes based on contention.
[    0.000000] TI gptimer clocksource: always-on /ocp/interconnect@44c00000/segment@200000/target-module@31000
[    0.000003] sched_clock: 32 bits at 24MHz, resolution 41ns, wraps every 89478484971ns
[    0.000027] clocksource: dmtimer: mask: 0xffffffff max_cycles: 0xffffffff, max_idle_ns: 79635851949 ns
[    0.000536] TI gptimer clockevent: 24000000 Hz at /ocp/interconnect@48000000/segment@0/target-module@40000
[    0.002168] Console: colour dummy device 80x30
[    0.002235] WARNING: Your 'console=ttyO0' has been replaced by 'ttyS0'
[    0.002243] This ensures that you still see kernel messages. Please
[    0.002247] update your kernel commandline.
[    0.002291] Calibrating delay loop... 996.14 BogoMIPS (lpj=4980736)
[    0.090584] CPU: Testing write buffer coherency: ok
[    0.090704] CPU0: Spectre v2: using BPIALL workaround
[    0.090714] pid_max: default: 32768 minimum: 301
[    0.090870] LSM: initializing lsm=capability
[    0.091034] Mount-cache hash table entries: 1024 (order: 0, 4096 bytes, linear)
[    0.091053] Mountpoint-cache hash table entries: 1024 (order: 0, 4096 bytes, linear)
[    0.092659] CPU0: thread -1, cpu 0, socket -1, mpidr 0
[    0.092717] cacheinfo: Unable to detect cache hierarchy for CPU 0
[    0.094716] Setting up static identity map for 0x80100000 - 0x80100078
[    0.095030] rcu: Hierarchical SRCU implementation.
[    0.095041] rcu: 	Max phase no-delay instances is 1000.
[    0.096760] smp: Bringing up secondary CPUs ...
[    0.096813] smp: Brought up 1 node, 1 CPU
[    0.096825] SMP: Total of 1 processors activated (996.14 BogoMIPS).
[    0.096836] CPU: All CPU(s) started in SVC mode.
[    0.097027] Memory: 480824K/522240K available (11264K kernel code, 1219K rwdata, 2932K rodata, 1024K init, 284K bss, 23384K reserved, 16384K cma-reserved, 0K highmem)
[    0.097850] devtmpfs: initialized
[    0.115068] VFP support v0.3: implementor 41 architecture 3 part 30 variant c rev 3
[    0.115702] clocksource: jiffies: mask: 0xffffffff max_cycles: 0xffffffff, max_idle_ns: 19112604462750000 ns
[    0.115757] posixtimers hash table entries: 512 (order: 0, 4096 bytes, linear)
[    0.115784] futex hash table entries: 256 (16384 bytes on 1 NUMA nodes, total 16 KiB, linear).
[    0.116919] pinctrl core: initialized pinctrl subsystem
[    0.119060] NET: Registered PF_NETLINK/PF_ROUTE protocol family
[    0.122233] DMA: preallocated 256 KiB pool for atomic coherent allocations
[    0.122850] audit: initializing netlink subsys (disabled)
[    0.124181] thermal_sys: Registered thermal governor 'fair_share'
[    0.124197] thermal_sys: Registered thermal governor 'step_wise'
[    0.124206] thermal_sys: Registered thermal governor 'user_space'
[    0.124313] audit: type=2000 audit(0.120:1): state=initialized audit_enabled=0 res=1
[    0.124379] cpuidle: using governor menu
[    0.142376] /ocp/interconnect@44c00000/segment@200000/target-module@b000/i2c@0/tda19988@70: Fixed dependency cycle(s) with /ocp/interconnect@48000000/segment@300000/target-module@e000/lcdc@0
[    0.143505] /ocp/interconnect@48000000/segment@300000/target-module@e000/lcdc@0: Fixed dependency cycle(s) with /ocp/interconnect@44c00000/segment@200000/target-module@b000/i2c@0/tda19988@70
[    0.145702] No ATAGs?
[    0.145744] hw-breakpoint: debug architecture 0x4 unsupported.
[    0.148863] kprobes: kprobe jump-optimization is enabled. All kprobes are optimized if possible.
[    0.154158] iommu: Default domain type: Translated
[    0.154181] iommu: DMA domain TLB invalidation policy: strict mode
[    0.155740] reg-fixed-voltage fixedregulator0: using DT '/fixedregulator0' for '(default)' GPIO lookup
[    0.155795] of_get_named_gpiod_flags: can't parse 'gpios' property of node '/fixedregulator0[0]'
[    0.155824] of_get_named_gpiod_flags: can't parse 'gpio' property of node '/fixedregulator0[0]'
[    0.155841] reg-fixed-voltage fixedregulator0: using lookup tables for GPIO lookup
[    0.155850] reg-fixed-voltage fixedregulator0: No GPIO consumer (default) found
[    0.161558] SCSI subsystem initialized
[    0.162051] libata version 3.00 loaded.
[    0.162442] pps_core: LinuxPPS API ver. 1 registered
[    0.162452] pps_core: Software ver. 5.3.6 - Copyright 2005-2007 Rodolfo Giometti <giometti@linux.it>
[    0.162476] PTP clock support registered
[    0.171063] vgaarb: loaded
[    0.171436] clocksource: Switched to clocksource dmtimer
[    0.172105] VFS: Disk quotas dquot_6.6.0
[    0.172159] VFS: Dquot-cache hash table entries: 1024 (order 0, 4096 bytes)
[    0.196290] NET: Registered PF_INET protocol family
[    0.196630] IP idents hash table entries: 8192 (order: 4, 65536 bytes, linear)
[    0.198045] tcp_listen_portaddr_hash hash table entries: 512 (order: 0, 4096 bytes, linear)
[    0.198081] Table-perturb hash table entries: 65536 (order: 6, 262144 bytes, linear)
[    0.198100] TCP established hash table entries: 4096 (order: 2, 16384 bytes, linear)
[    0.198145] TCP bind hash table entries: 4096 (order: 4, 65536 bytes, linear)
[    0.198245] TCP: Hash tables configured (established 4096 bind 4096)
[    0.198367] UDP hash table entries: 256 (order: 1, 14336 bytes, linear)
[    0.198405] UDP-Lite hash table entries: 256 (order: 1, 14336 bytes, linear)
[    0.198592] NET: Registered PF_UNIX/PF_LOCAL protocol family
[    0.199883] RPC: Registered named UNIX socket transport module.
[    0.199904] RPC: Registered udp transport module.
[    0.199909] RPC: Registered tcp transport module.
[    0.199914] RPC: Registered tcp-with-tls transport module.
[    0.199920] RPC: Registered tcp NFSv4.1 backchannel transport module.
[    0.199944] PCI: CLS 0 bytes, default 64
[    0.201337] Initialise system trusted keyrings
[    0.212113] workingset: timestamp_bits=14 max_order=17 bucket_order=3
[    0.213517] NFS: Registering the id_resolver key type
[    0.213590] Key type id_resolver registered
[    0.213598] Key type id_legacy registered
[    0.213704] jffs2: version 2.2. (NAND) (SUMMARY)  Â© 2001-2006 Red Hat, Inc.
[    0.214161] Key type asymmetric registered
[    0.214175] Asymmetric key parser 'x509' registered
[    0.214245] io scheduler mq-deadline registered
[    0.214254] io scheduler kyber registered
[    0.214331] io scheduler bfq registered
[    0.216228] target-module@4b000000:target-module@140000:pmu@0:fck: device ID is greater than 24
[    0.222421] l3-aon-clkctrl:0000:0: failed to disable
[    0.231730] ledtrig-cpu: registered to indicate activity on CPUs
[    0.235478] Serial: 8250/16550 driver, 6 ports, IRQ sharing enabled
[    0.277633] brd: module loaded
[    0.297707] loop: module loaded
[    0.298634] mtdoops: mtd device (mtddev=name/number) must be supplied
[    0.300332] mdio_bus fixed-0: using lookup tables for GPIO lookup
[    0.300358] mdio_bus fixed-0: No GPIO consumer reset found
[    0.301995] i2c_dev: i2c /dev entries driver
[    0.303009] cpuidle: enable-method property 'ti,am3352' found operations
[    0.303448] sdhci: Secure Digital Host Controller Interface driver
[    0.303458] sdhci: Copyright(c) Pierre Ossman
[    0.303629] sdhci-pltfm: SDHCI platform and OF driver helper
[    0.317959] hw perfevents: enabled with armv7_cortex_a8 PMU driver, 5 (8000000f) counters available
[    0.318482] Initializing XFRM netlink socket
[    0.318668] NET: Registered PF_INET6 protocol family
[    0.324377] l3-aon-clkctrl:0000:0: failed to disable
[    0.335102] Segment Routing with IPv6
[    0.335187] In-situ OAM (IOAM) with IPv6
[    0.335286] sit: IPv6, IPv4 and MPLS over IPv4 tunneling driver
[    0.336247] NET: Registered PF_PACKET protocol family
[    0.336272] NET: Registered PF_KEY protocol family
[    0.336394] Key type dns_resolver registered
[    0.336624] ThumbEE CPU extension supported.
[    0.336644] Registering SWP/SWPB emulation handler
[    0.337179] omap_voltage_late_init: Voltage driver support not added
[    0.337840] SmartReflex Class3 initialized
[    0.376756] Loading compiled-in X.509 certificates
[    0.407084] /ocp/interconnect@44c00000/segment@200000/target-module@b000/i2c@0/tda19988@70: Fixed dependency cycle(s) with /ocp/interconnect@48000000/segment@300000/target-module@e000/lcdc@0
[    0.413660] /ocp/interconnect@44c00000/segment@200000/target-module@b000/i2c@0/tda19988@70: Fixed dependency cycle(s) with /ocp/interconnect@48000000/segment@300000/target-module@e000/lcdc@0
[    0.419195] gpiochip_find_base_unlocked: found new base at 512
[    0.445299] /ocp/interconnect@44c00000/segment@200000/target-module@b000/i2c@0/tda19988@70: Fixed dependency cycle(s) with /ocp/interconnect@48000000/segment@300000/target-module@e000/lcdc@0
[    0.446182] /ocp/interconnect@44c00000/segment@200000/target-module@b000/i2c@0/tda19988@70: Fixed dependency cycle(s) with /ocp/interconnect@48000000/segment@300000/target-module@e000/lcdc@0
[    0.449655] /ocp/interconnect@44c00000/segment@200000/target-module@10000/scm@0/pinmux@800: Fixed dependency cycle(s) with /ocp/interconnect@44c00000/segment@200000/target-module@10000/scm@0/pinmux@800/clkout2-pins
[    0.450265] pinctrl-single 44e10800.pinmux: 142 pins, size 568
[    0.455825] ti-sysc 44e31000.target-module: probe with driver ti-sysc failed with error -16
[    0.483740] /ocp/interconnect@48000000/segment@300000/target-module@e000/lcdc@0: Fixed dependency cycle(s) with /ocp/interconnect@44c00000/segment@200000/target-module@b000/i2c@0/tda19988@70
[    0.491912] ti-sysc 48040000.target-module: probe with driver ti-sysc failed with error -16
[    0.503485] gpiochip_find_base_unlocked: found new base at 512
[    0.503586] gpio gpiochip0: (gpio-0-31): created GPIO range 0->7 ==> 44e10800.pinmux PIN 0->7
[    0.503605] gpio gpiochip0: (gpio-0-31): created GPIO range 8->11 ==> 44e10800.pinmux PIN 90->93
[    0.503620] gpio gpiochip0: (gpio-0-31): created GPIO range 12->27 ==> 44e10800.pinmux PIN 12->27
[    0.503635] gpio gpiochip0: (gpio-0-31): created GPIO range 28->31 ==> 44e10800.pinmux PIN 30->33
[    0.542867] gpio gpiochip0: (gpio-0-31): added GPIO chardev (254:0)
[    0.543023] gpio gpiochip0: registered GPIOs 512 to 543 on gpio-0-31
[    0.543111] OMAP GPIO hardware version 0.1
[    0.578929] i2c i2c-2: using DT '/ocp/interconnect@48000000/segment@100000/target-module@9c000/i2c@0' for 'scl' GPIO lookup
[    0.579000] of_get_named_gpiod_flags: can't parse 'scl-gpios' property of node '/ocp/interconnect@48000000/segment@100000/target-module@9c000/i2c@0[0]'
[    0.579041] of_get_named_gpiod_flags: can't parse 'scl-gpio' property of node '/ocp/interconnect@48000000/segment@100000/target-module@9c000/i2c@0[0]'
[    0.579077] i2c i2c-2: using lookup tables for GPIO lookup
[    0.579086] i2c i2c-2: No GPIO consumer scl found
[    0.579107] i2c i2c-2: using DT '/ocp/interconnect@48000000/segment@100000/target-module@9c000/i2c@0' for 'sda' GPIO lookup
[    0.579141] of_get_named_gpiod_flags: can't parse 'sda-gpios' property of node '/ocp/interconnect@48000000/segment@100000/target-module@9c000/i2c@0[0]'
[    0.579177] of_get_named_gpiod_flags: can't parse 'sda-gpio' property of node '/ocp/interconnect@48000000/segment@100000/target-module@9c000/i2c@0[0]'
[    0.579209] i2c i2c-2: using lookup tables for GPIO lookup
[    0.579216] i2c i2c-2: No GPIO consumer sda found
[    0.579934] omap_i2c 4819c000.i2c: bus 2 rev0.11 at 100 kHz
[    0.585782] gpiochip_find_base_unlocked: found new base at 544
[    0.585881] gpio gpiochip1: (gpio-32-63): created GPIO range 0->17 ==> 44e10800.pinmux PIN 34->51
[    0.585901] gpio gpiochip1: (gpio-32-63): created GPIO range 18->21 ==> 44e10800.pinmux PIN 77->80
[    0.585917] gpio gpiochip1: (gpio-32-63): created GPIO range 22->31 ==> 44e10800.pinmux PIN 56->65
[    0.593688] gpio gpiochip1: (gpio-32-63): added GPIO chardev (254:1)
[    0.593852] gpio gpiochip1: registered GPIOs 544 to 575 on gpio-32-63
[    0.596123] gpiochip_find_base_unlocked: found new base at 576
[    0.596218] gpio gpiochip2: (gpio-64-95): created GPIO range 0->4 ==> 44e10800.pinmux PIN 66->70
[    0.596238] gpio gpiochip2: (gpio-64-95): created GPIO range 5->6 ==> 44e10800.pinmux PIN 98->99
[    0.596253] gpio gpiochip2: (gpio-64-95): created GPIO range 7->8 ==> 44e10800.pinmux PIN 75->76
[    0.596268] gpio gpiochip2: (gpio-64-95): created GPIO range 13->13 ==> 44e10800.pinmux PIN 141->141
[    0.596284] gpio gpiochip2: (gpio-64-95): created GPIO range 14->21 ==> 44e10800.pinmux PIN 100->107
[    0.603917] gpio gpiochip2: (gpio-64-95): added GPIO chardev (254:2)
[    0.604076] gpio gpiochip2: registered GPIOs 576 to 607 on gpio-64-95
[    0.609741] 48000000.interconnect:segment@200000:target-module@0:mpu@0:fck: device ID is greater than 24
[    0.610653] /ocp/interconnect@48000000/segment@300000/target-module@e000/lcdc@0: Fixed dependency cycle(s) with /ocp/interconnect@44c00000/segment@200000/target-module@b000/i2c@0/tda19988@70
[    0.613844] /ocp/interconnect@48000000/segment@300000/target-module@e000/lcdc@0: Fixed dependency cycle(s) with /ocp/interconnect@44c00000/segment@200000/target-module@b000/i2c@0/tda19988@70
[    0.614571] /ocp/interconnect@44c00000/segment@200000/target-module@b000/i2c@0/tda19988@70: Fixed dependency cycle(s) with /ocp/interconnect@48000000/segment@300000/target-module@e000/lcdc@0
[    0.614737] /ocp/interconnect@48000000/segment@300000/target-module@e000/lcdc@0: Fixed dependency cycle(s) with /ocp/interconnect@44c00000/segment@200000/target-module@b000/i2c@0/tda19988@70
[    0.624524] mdio_bus 4a101000.mdio: using DT '/ocp/interconnect@4a000000/segment@0/target-module@100000/switch@0/mdio@1000' for 'reset' GPIO lookup
[    0.624594] of_get_named_gpiod_flags: can't parse 'reset-gpios' property of node '/ocp/interconnect@4a000000/segment@0/target-module@100000/switch@0/mdio@1000[0]'
[    0.624640] of_get_named_gpiod_flags: can't parse 'reset-gpio' property of node '/ocp/interconnect@4a000000/segment@0/target-module@100000/switch@0/mdio@1000[0]'
[    0.624686] mdio_bus 4a101000.mdio: using lookup tables for GPIO lookup
[    0.624695] mdio_bus 4a101000.mdio: No GPIO consumer reset found
[    0.625666] sdhci-omap 481d8000.mmc: using DT '/ocp/interconnect@48000000/segment@100000/target-module@d8000/mmc@0' for 'wp' GPIO lookup
[    0.625723] of_get_named_gpiod_flags: can't parse 'wp-gpios' property of node '/ocp/interconnect@48000000/segment@100000/target-module@d8000/mmc@0[0]'
[    0.625764] of_get_named_gpiod_flags: can't parse 'wp-gpio' property of node '/ocp/interconnect@48000000/segment@100000/target-module@d8000/mmc@0[0]'
[    0.625798] sdhci-omap 481d8000.mmc: using lookup tables for GPIO lookup
[    0.625807] sdhci-omap 481d8000.mmc: No GPIO consumer wp found
[    0.626006] sdhci-omap 481d8000.mmc: supply pbias not found, using dummy regulator
[    0.626498] sdhci-omap 481d8000.mmc: supply vqmmc not found, using dummy regulator
[    0.678169] davinci_mdio 4a101000.mdio: davinci mdio revision 1.6, bus freq 1000000
[    0.695736] mdio_bus 4a101000.mdio:00: using DT '/ocp/interconnect@4a000000/segment@0/target-module@100000/switch@0/mdio@1000/ethernet-phy@0' for 'reset' GPIO lookup
[    0.695837] of_get_named_gpiod_flags: parsed 'reset-gpios' property of node '/ocp/interconnect@4a000000/segment@0/target-module@100000/switch@0/mdio@1000/ethernet-phy@0[0]' - status (0)
[    0.695997] gpio gpiochip0: Persistence not supported for GPIO 8
[    0.814322] davinci_mdio 4a101000.mdio: phy[0]: device 4a101000.mdio:00, driver SMSC LAN8710/LAN8720
[    0.815083] cpsw-switch 4a100000.switch: initialized cpsw ale version 1.4
[    0.815105] cpsw-switch 4a100000.switch: ALE Table size 1024, Policers 0
[    0.815275] cpsw-switch 4a100000.switch: cpts: overflow check period 500 (jiffies)
[    0.815292] cpsw-switch 4a100000.switch: CPTS: ref_clk_freq:250000000 calc_mult:2147483648 calc_shift:29 error:0 nsec/sec
[    0.815396] cpsw-switch 4a100000.switch: Detected MACID = 6c:ec:eb:68:de:78
[    0.817248] cpsw-switch 4a100000.switch: initialized (regs 0x4a100000, pool size 256) hw_ver:0019010C 1.12 (0)
[    0.828352] debugfs: '49000000.dma' already exists in 'dmaengine'
[    0.828395] edma 49000000.dma: TI EDMA DMA engine driver
[    0.871118] gpio-clk clk_mcasp0: using DT '/clk_mcasp0' for 'enable' GPIO lookup
[    0.871195] of_get_named_gpiod_flags: parsed 'enable-gpios' property of node '/clk_mcasp0[0]' - status (0)
[    0.871239] gpio gpiochip0: Persistence not supported for GPIO 27
[    0.872320] gpiochip_find_base_unlocked: found new base at 608
[    0.872434] gpio gpiochip3: (gpio-96-127): created GPIO range 0->7 ==> 44e10800.pinmux PIN 82->89
[    0.872457] gpio gpiochip3: (gpio-96-127): created GPIO range 8->11 ==> 44e10800.pinmux PIN 52->55
[    0.872472] gpio gpiochip3: (gpio-96-127): created GPIO range 12->15 ==> 44e10800.pinmux PIN 94->97
[    0.872488] gpio gpiochip3: (gpio-96-127): created GPIO range 16->17 ==> 44e10800.pinmux PIN 71->72
[    0.872504] gpio gpiochip3: (gpio-96-127): created GPIO range 18->18 ==> 44e10800.pinmux PIN 135->135
[    0.872520] gpio gpiochip3: (gpio-96-127): created GPIO range 19->20 ==> 44e10800.pinmux PIN 108->109
[    0.872536] gpio gpiochip3: (gpio-96-127): created GPIO range 21->21 ==> 44e10800.pinmux PIN 73->73
[    0.872552] gpio gpiochip3: (gpio-96-127): created GPIO range 22->23 ==> 44e10800.pinmux PIN 8->9
[    0.872569] gpio gpiochip3: (gpio-96-127): created GPIO range 26->27 ==> 44e10800.pinmux PIN 10->11
[    0.872587] gpio gpiochip3: (gpio-96-127): created GPIO range 28->28 ==> 44e10800.pinmux PIN 74->74
[    0.872605] gpio gpiochip3: (gpio-96-127): created GPIO range 29->29 ==> 44e10800.pinmux PIN 81->81
[    0.872623] gpio gpiochip3: (gpio-96-127): created GPIO range 30->31 ==> 44e10800.pinmux PIN 28->29
[    0.890703] gpio gpiochip3: (gpio-96-127): added GPIO chardev (254:3)
[    0.890872] gpio gpiochip3: registered GPIOs 608 to 639 on gpio-96-127
[    0.892979] omap8250 44e09000.serial: using DT '/ocp/interconnect@44c00000/segment@200000/target-module@9000/serial@0' for 'rs485-term' GPIO lookup
[    0.893052] of_get_named_gpiod_flags: can't parse 'rs485-term-gpios' property of node '/ocp/interconnect@44c00000/segment@200000/target-module@9000/serial@0[0]'
[    0.893097] of_get_named_gpiod_flags: can't parse 'rs485-term-gpio' property of node '/ocp/interconnect@44c00000/segment@200000/target-module@9000/serial@0[0]'
[    0.893133] omap8250 44e09000.serial: using lookup tables for GPIO lookup
[    0.893142] omap8250 44e09000.serial: No GPIO consumer rs485-term found
[    0.893152] omap8250 44e09000.serial: using DT '/ocp/interconnect@44c00000/segment@200000/target-module@9000/serial@0' for 'rs485-rx-during-tx' GPIO lookup
[    0.893187] of_get_named_gpiod_flags: can't parse 'rs485-rx-during-tx-gpios' property of node '/ocp/interconnect@44c00000/segment@200000/target-module@9000/serial@0[0]'
[    0.893223] of_get_named_gpiod_flags: can't parse 'rs485-rx-during-tx-gpio' property of node '/ocp/interconnect@44c00000/segment@200000/target-module@9000/serial@0[0]'
[    0.893254] omap8250 44e09000.serial: using lookup tables for GPIO lookup
[    0.893262] omap8250 44e09000.serial: No GPIO consumer rs485-rx-during-tx found
[    0.893691] 44e09000.serial: ttyS0 at MMIO 0x44e09000 (irq = 34, base_baud = 3000000) is a 8250
[    0.893778] printk: legacy console [ttyS0] enabled
[    2.378637] i2c i2c-0: using DT '/ocp/interconnect@44c00000/segment@200000/target-module@b000/i2c@0' for 'scl' GPIO lookup
[    2.378726] of_get_named_gpiod_flags: can't parse 'scl-gpios' property of node '/ocp/interconnect@44c00000/segment@200000/target-module@b000/i2c@0[0]'
[    2.378773] of_get_named_gpiod_flags: can't parse 'scl-gpio' property of node '/ocp/interconnect@44c00000/segment@200000/target-module@b000/i2c@0[0]'
[    2.378813] i2c i2c-0: using lookup tables for GPIO lookup
[    2.378826] i2c i2c-0: No GPIO consumer scl found
[    2.378851] i2c i2c-0: using DT '/ocp/interconnect@44c00000/segment@200000/target-module@b000/i2c@0' for 'sda' GPIO lookup
[    2.378891] of_get_named_gpiod_flags: can't parse 'sda-gpios' property of node '/ocp/interconnect@44c00000/segment@200000/target-module@b000/i2c@0[0]'
[    2.378931] of_get_named_gpiod_flags: can't parse 'sda-gpio' property of node '/ocp/interconnect@44c00000/segment@200000/target-module@b000/i2c@0[0]'
[    2.378967] i2c i2c-0: using lookup tables for GPIO lookup
[    2.378979] i2c i2c-0: No GPIO consumer sda found
[    2.392409] tps65217-pmic: Failed to locate of_node [id: -1]
[    2.398471] tps65217-bl: Failed to locate of_node [id: -1]
[    2.404550] platform tps65217-charger: DMA mask not set
[    2.410603] platform tps65217-pwrbutton: DMA mask not set
[    2.417896] tps65217 0-0024: TPS65217 ID 0xe version 1.2
[    2.424040] /ocp/interconnect@48000000/segment@300000/target-module@e000/lcdc@0: Fixed dependency cycle(s) with /ocp/interconnect@44c00000/segment@200000/target-module@b000/i2c@0/tda19988@70
[    2.441438] /ocp/interconnect@44c00000/segment@200000/target-module@b000/i2c@0/tda19988@70: Fixed dependency cycle(s) with /ocp/interconnect@48000000/segment@300000/target-module@e000/lcdc@0
[    2.458794] omap_i2c 44e0b000.i2c: bus 0 rev0.11 at 400 kHz
[    2.466467] sdhci-omap 48060000.mmc: using DT '/ocp/interconnect@48000000/segment@0/target-module@60000/mmc@0' for 'cd' GPIO lookup
[    2.466577] of_get_named_gpiod_flags: parsed 'cd-gpios' property of node '/ocp/interconnect@48000000/segment@0/target-module@60000/mmc@0[0]' - status (0)
[    2.466648] gpio gpiochip3: Persistence not supported for GPIO 6
[    2.466673] omap_gpio 44e07000.gpio: Could not set line 6 debounce to 200000 microseconds (-22)
[    2.475590] sdhci-omap 48060000.mmc: Got CD GPIO
[    2.480244] sdhci-omap 48060000.mmc: using DT '/ocp/interconnect@48000000/segment@0/target-module@60000/mmc@0' for 'wp' GPIO lookup
[    2.480295] of_get_named_gpiod_flags: can't parse 'wp-gpios' property of node '/ocp/interconnect@48000000/segment@0/target-module@60000/mmc@0[0]'
[    2.480339] of_get_named_gpiod_flags: can't parse 'wp-gpio' property of node '/ocp/interconnect@48000000/segment@0/target-module@60000/mmc@0[0]'
[    2.480377] sdhci-omap 48060000.mmc: using lookup tables for GPIO lookup
[    2.480390] sdhci-omap 48060000.mmc: No GPIO consumer wp found
[    2.480601] sdhci-omap 48060000.mmc: supply pbias not found, using dummy regulator
[    2.489470] sdhci-omap 481d8000.mmc: using DT '/ocp/interconnect@48000000/segment@100000/target-module@d8000/mmc@0' for 'wp' GPIO lookup
[    2.489546] of_get_named_gpiod_flags: can't parse 'wp-gpios' property of node '/ocp/interconnect@48000000/segment@100000/target-module@d8000/mmc@0[0]'
[    2.489595] of_get_named_gpiod_flags: can't parse 'wp-gpio' property of node '/ocp/interconnect@48000000/segment@100000/target-module@d8000/mmc@0[0]'
[    2.489634] sdhci-omap 481d8000.mmc: using lookup tables for GPIO lookup
[    2.489647] sdhci-omap 481d8000.mmc: No GPIO consumer wp found
[    2.490673] sdhci-omap 48060000.mmc: supply vqmmc not found, using dummy regulator
[    2.499747] sdhci-omap 481d8000.mmc: supply pbias not found, using dummy regulator
[    2.509924] sdhci-omap 481d8000.mmc: supply vqmmc not found, using dummy regulator
[    2.545159] mmc0: SDHCI controller on 48060000.mmc [48060000.mmc] using External DMA
[    2.553481] mmc1: SDHCI controller on 481d8000.mmc [481d8000.mmc] using External DMA
[    2.562249] cpsw-switch 4a100000.switch: starting ndev. mode: dual_mac
[    2.610523] mmc0: new high speed SDHC card at address 5048
[    2.617549] mmcblk0: mmc0:5048 SD16G 14.4 GiB
[    2.625842]  mmcblk0: p1 p2
[    2.629216] mmcblk0: p2 size 31221760 extends beyond EOD, truncated
[    2.642626] SMSC LAN8710/LAN8720 4a101000.mdio:00: attached PHY driver (mii_bus:phy_addr=4a101000.mdio:00, irq=POLL)
[    2.653613] mmc1: new high speed MMC card at address 0001
[    2.666245] mmcblk1: mmc1:0001 MMC04G 3.60 GiB
[    2.673880]  mmcblk1: p1 p2
[    2.678103] mmcblk1boot0: mmc1:0001 MMC04G 2.00 MiB
[    2.686832] mmcblk1boot1: mmc1:0001 MMC04G 2.00 MiB
[    2.696074] mmcblk1rpmb: mmc1:0001 MMC04G 128 KiB, chardev (249:0)
[    5.842208] cpsw-switch 4a100000.switch eth0: Link is Up - 100Mbps/Full - flow control off
[    5.881686] IP-Config: Complete:
[    5.884963]      device=eth0, hwaddr=6c:ec:eb:68:de:78, ipaddr=192.168.255.1, mask=255.255.255.0, gw=255.255.255.255
[    5.895624]      host=bbb1, domain=, nis-domain=(none)
[    5.900792]      bootserver=192.168.255.126, rootserver=192.168.255.126, rootpath=
[    5.901211] clk: Disabling unused clocks
[    5.913111] KTAP version 1
[    5.915839] 1..0
[    5.918266] check access for rdinit=/init failed: -2, ignoring
[    5.954395] VFS: Mounted root (nfs filesystem) on device 0:17.
[    5.961171] devtmpfs: mounted
[    5.966059] Freeing unused kernel image (initmem) memory: 1024K
[    5.972738] Run /sbin/init as init process
[    5.976864]   with arguments:
[    5.976877]     /sbin/init
[    5.976886]     nfsrootdebug
[    5.976896]   with environment:
[    5.976904]     HOME=/
[    5.976912]     TERM=linux
[    6.651572] systemd[1]: System time before build time, advancing clock.
[    8.211457] random: crng init done
[    8.227721] systemd[1]: systemd 232 running in system mode. (+PAM +AUDIT +SELINUX +IMA +APPARMOR +SMACK +SYSVINIT +UTMP +LIBCRYPTSETUP +GCRYPT +GNUTLS +ACL +XZ +LZ4 +SECCOMP +BLKID +ELFUTILS +KMOD +IDN)
[    8.246743] systemd[1]: Detected architecture arm.
[    8.274693] systemd[1]: Set hostname to <arm>.
[    9.368083] systemd[1]: Started Forward Password Requests to Wall Directory Watch.
[    9.405062] systemd[1]: Listening on Journal Audit Socket.
[    9.432447] systemd[1]: Started Dispatch Password Requests to Console Directory Watch.
[    9.461851] systemd[1]: Reached target Remote File Systems.
[    9.493103] systemd[1]: Set up automount Arbitrary Executable File Formats File System Automount Point.
[    9.521858] systemd[1]: Reached target Paths.
[    9.543454] systemd[1]: Listening on udev Control Socket.
[   11.706728] systemd-journald[86]: Received request to flush runtime journal from PID 1
[   12.646414] omap_prm 44e00d00.prm: sync_state() pending due to 44d00000.cpu
[   14.250822] leds-gpio leds: using DT '/leds/led2' for '(default)' GPIO lookup
[   14.250928] of_get_named_gpiod_flags: parsed 'gpios' property of node '/leds/led2[0]' - status (0)
[   14.250987] gpio gpiochip0: Persistence not supported for GPIO 21
[   14.251003] gpio-533 (?): no flags found for GPIO (default)
[   14.351090] leds-gpio leds: using DT '/leds/led3' for '(default)' GPIO lookup
[   14.351207] of_get_named_gpiod_flags: parsed 'gpios' property of node '/leds/led3[0]' - status (0)
[   14.351268] gpio gpiochip0: Persistence not supported for GPIO 22
[   14.351282] gpio-534 (?): no flags found for GPIO (default)
[   14.366918] leds-gpio leds: using DT '/leds/led4' for '(default)' GPIO lookup
[   14.367016] of_get_named_gpiod_flags: parsed 'gpios' property of node '/leds/led4[0]' - status (0)
[   14.367073] gpio gpiochip0: Persistence not supported for GPIO 23
[   14.367088] gpio-535 (?): no flags found for GPIO (default)
[   14.390238] leds-gpio leds: using DT '/leds/led5' for '(default)' GPIO lookup
[   14.390339] of_get_named_gpiod_flags: parsed 'gpios' property of node '/leds/led5[0]' - status (0)
[   14.390391] gpio gpiochip0: Persistence not supported for GPIO 24
[   14.390405] gpio-536 (?): no flags found for GPIO (default)
[   14.654895] remoteproc remoteproc0: wkup_m3 is available
[   14.915293] omap_wdt: OMAP Watchdog Timer Rev 0x01: initial timeout 60 sec
[   14.985976] at24 2-0054: supply vcc not found, using dummy regulator
[   15.118033] at24 2-0055: supply vcc not found, using dummy regulator
[   15.232319] at24 2-0056: supply vcc not found, using dummy regulator
[   15.292443] at24 2-0057: supply vcc not found, using dummy regulator
[   15.364830] at24 0-0050: using DT '/ocp/interconnect@44c00000/segment@200000/target-module@b000/i2c@0/eeprom@50' for 'wp' GPIO lookup
[   15.364945] of_get_named_gpiod_flags: can't parse 'wp-gpios' property of node '/ocp/interconnect@44c00000/segment@200000/target-module@b000/i2c@0/eeprom@50[0]'
[   15.365003] of_get_named_gpiod_flags: can't parse 'wp-gpio' property of node '/ocp/interconnect@44c00000/segment@200000/target-module@b000/i2c@0/eeprom@50[0]'
[   15.365049] at24 0-0050: using lookup tables for GPIO lookup
[   15.365064] at24 0-0050: No GPIO consumer wp found
[   15.365380] at24 0-0050: 32768 byte 24c256 EEPROM, writable, 1 bytes/write
[   15.505709] omap_rtc 44e3e000.rtc: registered as rtc0
[   15.511243] omap_rtc 44e3e000.rtc: setting system clock to 2000-01-01T00:00:00 UTC (946684800)
[   15.520095] omap_rtc 44e3e000.rtc: using DT '/ocp/interconnect@44c00000/segment@200000/target-module@3e000/rtc@0' for 'wp' GPIO lookup
[   15.520171] of_get_named_gpiod_flags: can't parse 'wp-gpios' property of node '/ocp/interconnect@44c00000/segment@200000/target-module@3e000/rtc@0[0]'
[   15.520221] of_get_named_gpiod_flags: can't parse 'wp-gpio' property of node '/ocp/interconnect@44c00000/segment@200000/target-module@3e000/rtc@0[0]'
[   15.520263] omap_rtc 44e3e000.rtc: using lookup tables for GPIO lookup
[   15.520276] omap_rtc 44e3e000.rtc: No GPIO consumer wp found
[   15.528626] input: tps65217_pwrbutton as /devices/platform/ocp/44c00000.interconnect/44c00000.interconnect:segment@200000/44e0b000.target-module/44e0b000.i2c/i2c-0/0-0024/tps65217-pwrbutton/input/input0
[   16.024205] am335x-phy-driver 47401300.usb-phy: using DT '/ocp/target-module@47400000/usb-phy@1300' for 'reset' GPIO lookup
[   16.024304] of_get_named_gpiod_flags: can't parse 'reset-gpios' property of node '/ocp/target-module@47400000/usb-phy@1300[0]'
[   16.024348] of_get_named_gpiod_flags: can't parse 'reset-gpio' property of node '/ocp/target-module@47400000/usb-phy@1300[0]'
[   16.024385] am335x-phy-driver 47401300.usb-phy: using lookup tables for GPIO lookup
[   16.024399] am335x-phy-driver 47401300.usb-phy: No GPIO consumer reset found
[   16.024413] am335x-phy-driver 47401300.usb-phy: using DT '/ocp/target-module@47400000/usb-phy@1300' for 'vbus-detect' GPIO lookup
[   16.024445] of_get_named_gpiod_flags: can't parse 'vbus-detect-gpios' property of node '/ocp/target-module@47400000/usb-phy@1300[0]'
[   16.024477] of_get_named_gpiod_flags: can't parse 'vbus-detect-gpio' property of node '/ocp/target-module@47400000/usb-phy@1300[0]'
[   16.024504] am335x-phy-driver 47401300.usb-phy: using lookup tables for GPIO lookup
[   16.024517] am335x-phy-driver 47401300.usb-phy: No GPIO consumer vbus-detect found
[   16.024667] am335x-phy-driver 47401300.usb-phy: dummy supplies not allowed for exclusive requests (id=vbus)
[   16.148078] am335x-phy-driver 47401b00.usb-phy: using DT '/ocp/target-module@47400000/usb-phy@1b00' for 'reset' GPIO lookup
[   16.148172] of_get_named_gpiod_flags: can't parse 'reset-gpios' property of node '/ocp/target-module@47400000/usb-phy@1b00[0]'
[   16.148215] of_get_named_gpiod_flags: can't parse 'reset-gpio' property of node '/ocp/target-module@47400000/usb-phy@1b00[0]'
[   16.148251] am335x-phy-driver 47401b00.usb-phy: using lookup tables for GPIO lookup
[   16.148266] am335x-phy-driver 47401b00.usb-phy: No GPIO consumer reset found
[   16.148280] am335x-phy-driver 47401b00.usb-phy: using DT '/ocp/target-module@47400000/usb-phy@1b00' for 'vbus-detect' GPIO lookup
[   16.148311] of_get_named_gpiod_flags: can't parse 'vbus-detect-gpios' property of node '/ocp/target-module@47400000/usb-phy@1b00[0]'
[   16.148343] of_get_named_gpiod_flags: can't parse 'vbus-detect-gpio' property of node '/ocp/target-module@47400000/usb-phy@1b00[0]'
[   16.148369] am335x-phy-driver 47401b00.usb-phy: using lookup tables for GPIO lookup
[   16.148382] am335x-phy-driver 47401b00.usb-phy: No GPIO consumer vbus-detect found
[   16.148529] am335x-phy-driver 47401b00.usb-phy: dummy supplies not allowed for exclusive requests (id=vbus)
[   16.299499] usbcore: registered new interface driver usbfs
[   16.307446] usbcore: registered new interface driver hub
[   16.313034] usbcore: registered new device driver usb
[   17.326586] musb-hdrc musb-hdrc.1: MUSB HDRC host driver
[   17.332150] musb-hdrc musb-hdrc.1: new USB bus registered, assigned bus number 1
[   17.467213] omap-mailbox 480c8000.mailbox: omap mailbox rev 0x400
[   17.533520] tda998x 0-0070: found TDA19988
[   17.562772] remoteproc remoteproc0: powering up wkup_m3
[   17.657237] usb usb1: New USB device found, idVendor=1d6b, idProduct=0002, bcdDevice= 6.16
[   17.665766] usb usb1: New USB device strings: Mfr=3, Product=2, SerialNumber=1
[   17.673107] usb usb1: Product: MUSB HDRC host driver
[   17.678102] usb usb1: Manufacturer: Linux 6.16.0-rc6-next-20250715 musb-hcd
[   17.685130] usb usb1: SerialNumber: musb-hdrc.1
[   17.872098] remoteproc remoteproc0: Direct firmware load for am335x-pm-firmware.elf failed with error -2
[   17.881778] remoteproc remoteproc0: request_firmware failed: -2
[   17.887740] wkup_m3_ipc 44e11324.wkup_m3_ipc: rproc_boot failed
[   18.174265] hub 1-0:1.0: USB hub found
[   18.239281] hub 1-0:1.0: 1 port detected
[   20.090019] omap_rng 48310000.rng: Random Number Generator ver. 20
[   20.305850] tilcdc 4830e000.lcdc: bound 0-0070 (ops tda998x_audio_codec_init [tda998x])
[   20.392364] [drm] Initialized tilcdc 1.0.0 for 4830e000.lcdc on minor 0
[   20.444778] tilcdc 4830e000.lcdc: [drm] Cannot find any crtc or sizes
[   20.453205] tilcdc 4830e000.lcdc: [drm] Cannot find any crtc or sizes
[   20.996344] ------------[ cut here ]------------
[   21.001040] WARNING: net/8021q/vlan_core.c:236 at vlan_for_each+0x114/0x134, CPU#0: avahi-daemon/179
[   21.010423] RTNL: assertion failed at net/8021q/vlan_core.c (236)
[   21.016618] Modules linked in: tilcdc drm_dma_helper omap_rng drm_client_lib rng_core snd_soc_davinci_mcasp snd_soc_ti_udma snd_soc_ti_edma snd_soc_ti_sdma snd_soc_core snd_pcm_dmaengine snd_pcm snd_timer snd omap_mailbox soundcore tda998x cec musb_dsps musb_hdrc drm_kms_helper udc_core usbcore drm phy_am335x phy_generic cppi41 wkup_m3_ipc usb_common tps65218_pwrbutton rtc_omap drm_panel_orientation_quirks at24 omap_wdt phy_am335x_control watchdog wkup_m3_rproc leds_gpio led_class cpufreq_dt ip_tables x_tables autofs4
[   21.063041] CPU: 0 UID: 107 PID: 179 Comm: avahi-daemon Not tainted 6.16.0-rc6-next-20250715 #1 NONE 
[   21.063060] Hardware name: Generic AM33XX (Flattened Device Tree)
[   21.063068] Call trace: 
[   21.063084]  unwind_backtrace from show_stack+0x10/0x14
[   21.063122]  show_stack from dump_stack_lvl+0x50/0x64
[   21.063147]  dump_stack_lvl from __warn+0x88/0x148
[   21.063183]  __warn from warn_slowpath_fmt+0x19c/0x1b0
[   21.063202]  warn_slowpath_fmt from vlan_for_each+0x114/0x134
[   21.063223]  vlan_for_each from cpsw_add_mc_addr+0x40/0xa4
[   21.063249]  cpsw_add_mc_addr from __hw_addr_ref_sync_dev+0x108/0x140
[   21.063279]  __hw_addr_ref_sync_dev from __dev_mc_add+0x7c/0x80
[   21.063301]  __dev_mc_add from igmp6_group_added+0xc8/0xe0
[   21.063326]  igmp6_group_added from __ipv6_dev_mc_inc+0x218/0x364
[   21.063343]  __ipv6_dev_mc_inc from __ipv6_sock_mc_join+0x11c/0x214
[   21.063359]  __ipv6_sock_mc_join from do_ipv6_setsockopt+0x1214/0x1310
[   21.063388]  do_ipv6_setsockopt from ipv6_setsockopt+0x60/0xcc
[   21.063408]  ipv6_setsockopt from udpv6_setsockopt+0x2c/0x6c
[   21.063431]  udpv6_setsockopt from sock_common_setsockopt+0x30/0x40
[   21.063464]  sock_common_setsockopt from do_sock_setsockopt+0x50/0x9c
[   21.063485]  do_sock_setsockopt from __sys_setsockopt+0x70/0xbc
[   21.063504]  __sys_setsockopt from ret_fast_syscall+0x0/0x58
[   21.063521] Exception stack(0xe0141fa8 to 0xe0141ff0)
[   21.063535] 1fa0:                   00000014 b6fafce8 0000000d 00000029 00000014 be8f89ec
[   21.063547] 1fc0: 00000014 b6fafce8 00000014 00000126 0000000d b6f58ff4 004ae988 00496558
[   21.063556] 1fe0: b6f6e088 be8f89d8 b6f4b309 b6e2241a
[   21.063563] ---[ end trace 0000000000000000 ]---
[   21.637211] PM: Cannot get wkup_m3_ipc handle
[   21.687566] omap-sham 53100000.sham: hw accel on OMAP rev 4.3
[   21.834773] omap-sham 53100000.sham: will run requests pump with realtime priority
[   21.843597] PM: Cannot get wkup_m3_ipc handle
[   21.920513] omap-aes 53500000.aes: OMAP AES hw accel rev: 3.2
[   22.080635] omap-aes 53500000.aes: will run requests pump with realtime priority
[   22.092801] PM: Cannot get wkup_m3_ipc handle
[   24.902657] Bluetooth: Core ver 2.22
[   24.906486] NET: Registered PF_BLUETOOTH protocol family
[   24.912037] Bluetooth: HCI device and connection manager initialized
[   24.918455] Bluetooth: HCI socket layer initialized
[   24.923424] Bluetooth: L2CAP socket layer initialized
[   24.928536] Bluetooth: SCO socket layer initialized
[   25.477216] tda998x 0-0070: using DT '/ocp/interconnect@44c00000/segment@200000/target-module@b000/i2c@0/tda19988@70' for 'nxp,calib' GPIO lookup
[   25.477360] of_get_named_gpiod_flags: parsed 'nxp,calib-gpios' property of node '/ocp/interconnect@44c00000/segment@200000/target-module@b000/i2c@0/tda19988@70[0]' - status (0)
[   25.477445] gpio gpiochip0: Persistence not supported for GPIO 25
[   25.477460] gpio-537 (nxp,calib): no flags found for GPIO nxp,calib
[   25.492763] gpio-537 (nxp,calib): gpiod_direction_output_nonotify: tried to set a GPIO tied to an IRQ as output
[   25.669907] PM: Cannot get wkup_m3_ipc handle
[   25.675958] asoc-simple-card sound: using DT '/sound' for 'simple-audio-card,hp-det' GPIO lookup
[   25.676032] of_get_named_gpiod_flags: can't parse 'simple-audio-card,hp-det-gpios' property of node '/sound[0]'
[   25.676069] of_get_named_gpiod_flags: can't parse 'simple-audio-card,hp-det-gpio' property of node '/sound[0]'
[   25.676094] asoc-simple-card sound: using lookup tables for GPIO lookup
[   25.676107] asoc-simple-card sound: No GPIO consumer simple-audio-card,hp-det found
[   25.676122] asoc-simple-card sound: using DT '/sound' for 'simple-audio-card,mic-det' GPIO lookup
[   25.676147] of_get_named_gpiod_flags: can't parse 'simple-audio-card,mic-det-gpios' property of node '/sound[0]'
[   25.676172] of_get_named_gpiod_flags: can't parse 'simple-audio-card,mic-det-gpio' property of node '/sound[0]'
[   25.676192] asoc-simple-card sound: using lookup tables for GPIO lookup
[   25.676204] asoc-simple-card sound: No GPIO consumer simple-audio-card,mic-det found
[   25.761819] tda9950 0-0034: TDA9950 CEC interface, hardware version 3.3
[   25.830818] PM: Cannot get wkup_m3_ipc handle
[   25.926679] PM: Cannot get wkup_m3_ipc handle
[   28.344945] userial_init: registered 8 ttyGS* devices
[   28.647803] rndis_register: configNr = 0
[   28.751390] udc musb-hdrc.0: binding gadget driver [g_multi]
[   28.751727] configfs-gadget.g_multi gadget.0: adding 'rndis'/447e616f to config 'c'/2b08b4ba
[   28.752880] configfs-gadget.g_multi gadget.0: HOST MAC 1c:ba:8c:a2:ed:6c
[   28.759808] configfs-gadget.g_multi gadget.0: MAC 1c:ba:8c:a2:ed:70
[   28.766297] rndis_set_param_medium: 0 0
[   28.766319] configfs-gadget.g_multi gadget.0: RNDIS: IN/ep1in OUT/ep1out NOTIFY/ep2in
[   28.766336] configfs-gadget.g_multi gadget.0: adding 'cdc_ethernet'/ef0dbb35 to config 'c'/2b08b4ba
[   28.767222] configfs-gadget.g_multi gadget.0: HOST MAC 1c:ba:8c:a2:ed:6c
[   28.774077] configfs-gadget.g_multi gadget.0: MAC 1c:ba:8c:a2:ed:6d
[   28.780424] configfs-gadget.g_multi gadget.0: CDC Ethernet: IN/ep3in OUT/ep2out NOTIFY/ep4in
[   28.780441] configfs-gadget.g_multi gadget.0: adding 'acm'/5455a949 to config 'c'/2b08b4ba
[   28.780476] configfs-gadget.g_multi gadget.0: acm ttyGS0: IN/ep5in OUT/ep3out NOTIFY/ep6in
[   28.787013] PM: Cannot get wkup_m3_ipc handle
[   29.953507] configfs-gadget.g_multi gadget.0: eth_open
[   31.270878] configfs-gadget.g_multi gadget.0: stop stats: rx/tx 0/0, errs 0/0
[   35.324271] gs_open: ttyGS0 (eaa3bf01,6feb1e08)
[   35.324433] gs_close: ttyGS0 (eaa3bf01,6feb1e08) ...
[   35.324456] gs_close: ttyGS0 (eaa3bf01,6feb1e08) done!
[   35.326285] gs_open: ttyGS0 (d2f7795c,6feb1e08)
[   35.326413] gs_close: ttyGS0 (d2f7795c,6feb1e08) ...
[   35.326435] gs_close: ttyGS0 (d2f7795c,6feb1e08) done!
[   35.490571] gs_open: ttyGS0 (eaa3bf01,8d595b62)
[   35.490815] gs_close: ttyGS0 (eaa3bf01,8d595b62) ...
[   35.490843] gs_close: ttyGS0 (eaa3bf01,8d595b62) done!
[   35.495712] gs_open: ttyGS0 (eaa3bf01,8d595b62)
PLMUBPENNQ 0
root@arm:~# echo 'AMKE''YSZJPJ'
AMKEYSZJPJ
root@arm:~# MARKER='CBOE''NWHMLZ' run 'modprobe test_linear_ranges'
CBOENWHMLZCBOENWHMLZ 0
root@arm:~# echo 'OJZK''HLWSMT'
OJZKHLWSMT
root@arm:~# MARKER='HKVJ''CHCLOJ' run dmesg
HKVJCHCLOJ[    0.000000] Booting Linux on physical CPU 0x0
[    0.000000] Linux version 6.16.0-rc6-next-20250715 (user01@drvtest01) (arm-none-eabi-gcc (Arm GNU Toolchain 14.2.Rel1 (Build arm-14.52)) 14.2.1 20241119, GNU ld (Arm GNU Toolchain 14.2.Rel1 (Build arm-14.52)) 2.43.1.20241119) #1 SMP Tue Jul 15 14:49:53 EEST 2025
[    0.000000] CPU: ARMv7 Processor [413fc082] revision 2 (ARMv7), cr=10c5387d
[    0.000000] CPU: PIPT / VIPT nonaliasing data cache, VIPT aliasing instruction cache
[    0.000000] OF: fdt: Machine model: TI AM335x BeagleBone Black
[    0.000000] Memory policy: Data cache writeback
[    0.000000] cma: Reserved 16 MiB at 0x9e800000
[    0.000000] Zone ranges:
[    0.000000]   Normal   [mem 0x0000000080000000-0x000000009fdfffff]
[    0.000000]   HighMem  empty
[    0.000000] Movable zone start for each node
[    0.000000] Early memory node ranges
[    0.000000]   node   0: [mem 0x0000000080000000-0x000000009fdfffff]
[    0.000000] Initmem setup node 0 [mem 0x0000000080000000-0x000000009fdfffff]
[    0.000000] On node 0, zone Normal: 512 pages in unavailable ranges
[    0.000000] OF: reserved mem: Reserved memory: No reserved-memory node in the DT
[    0.000000] CPU: All CPU(s) started in SVC mode.
[    0.000000] AM335X ES2.1 (sgx neon)
[    0.000000] percpu: Embedded 17 pages/cpu s39820 r8192 d21620 u69632
[    0.000000] pcpu-alloc: s39820 r8192 d21620 u69632 alloc=17*4096
[    0.000000] pcpu-alloc: [0] 0 
[    0.000000] Kernel command line: console=ttyO0,115200n8 root=/dev/nfs rw nfsroot=192.168.255.126:/home/user01/nfs,nfsvers=3 ip=192.168.255.1:192.168.255.126::255.255.255.0:bbb1:eth0 nfsrootdebug
[    0.000000] Unknown kernel command line parameters "nfsrootdebug", will be passed to user space.
[    0.000000] printk: log buffer data + meta data: 65536 + 204800 = 270336 bytes
[    0.000000] Dentry cache hash table entries: 65536 (order: 6, 262144 bytes, linear)
[    0.000000] Inode-cache hash table entries: 32768 (order: 5, 131072 bytes, linear)
[    0.000000] Built 1 zonelists, mobility grouping on.  Total pages: 130560
[    0.000000] mem auto-init: stack:off, heap alloc:off, heap free:off
[    0.000000] SLUB: HWalign=16, Order=0-3, MinObjects=0, CPUs=1, Nodes=1
[    0.000000] rcu: Hierarchical RCU implementation.
[    0.000000] rcu: 	RCU event tracing is enabled.
[    0.000000] rcu: 	RCU restricting CPUs from NR_CPUS=2 to nr_cpu_ids=1.
[    0.000000] 	Tracing variant of Tasks RCU enabled.
[    0.000000] rcu: RCU calculated value of scheduler-enlistment delay is 10 jiffies.
[    0.000000] rcu: Adjusting geometry for rcu_fanout_leaf=16, nr_cpu_ids=1
[    0.000000] RCU Tasks Trace: Setting shift to 0 and lim to 1 rcu_task_cb_adjust=1 rcu_task_cpu_ids=1.
[    0.000000] NR_IRQS: 16, nr_irqs: 16, preallocated irqs: 16
[    0.000000] IRQ: Found an INTC at 0x(ptrval) (revision 5.0) with 128 interrupts
[    0.000000] rcu: srcu_init: Setting srcu_struct sizes based on contention.
[    0.000000] TI gptimer clocksource: always-on /ocp/interconnect@44c00000/segment@200000/target-module@31000
[    0.000003] sched_clock: 32 bits at 24MHz, resolution 41ns, wraps every 89478484971ns
[    0.000027] clocksource: dmtimer: mask: 0xffffffff max_cycles: 0xffffffff, max_idle_ns: 79635851949 ns
[    0.000536] TI gptimer clockevent: 24000000 Hz at /ocp/interconnect@48000000/segment@0/target-module@40000
[    0.002168] Console: colour dummy device 80x30
[    0.002235] WARNING: Your 'console=ttyO0' has been replaced by 'ttyS0'
[    0.002243] This ensures that you still see kernel messages. Please
[    0.002247] update your kernel commandline.
[    0.002291] Calibrating delay loop... 996.14 BogoMIPS (lpj=4980736)
[    0.090584] CPU: Testing write buffer coherency: ok
[    0.090704] CPU0: Spectre v2: using BPIALL workaround
[    0.090714] pid_max: default: 32768 minimum: 301
[    0.090870] LSM: initializing lsm=capability
[    0.091034] Mount-cache hash table entries: 1024 (order: 0, 4096 bytes, linear)
[    0.091053] Mountpoint-cache hash table entries: 1024 (order: 0, 4096 bytes, linear)
[    0.092659] CPU0: thread -1, cpu 0, socket -1, mpidr 0
[    0.092717] cacheinfo: Unable to detect cache hierarchy for CPU 0
[    0.094716] Setting up static identity map for 0x80100000 - 0x80100078
[    0.095030] rcu: Hierarchical SRCU implementation.
[    0.095041] rcu: 	Max phase no-delay instances is 1000.
[    0.096760] smp: Bringing up secondary CPUs ...
[    0.096813] smp: Brought up 1 node, 1 CPU
[    0.096825] SMP: Total of 1 processors activated (996.14 BogoMIPS).
[    0.096836] CPU: All CPU(s) started in SVC mode.
[    0.097027] Memory: 480824K/522240K available (11264K kernel code, 1219K rwdata, 2932K rodata, 1024K init, 284K bss, 23384K reserved, 16384K cma-reserved, 0K highmem)
[    0.097850] devtmpfs: initialized
[    0.115068] VFP support v0.3: implementor 41 architecture 3 part 30 variant c rev 3
[    0.115702] clocksource: jiffies: mask: 0xffffffff max_cycles: 0xffffffff, max_idle_ns: 19112604462750000 ns
[    0.115757] posixtimers hash table entries: 512 (order: 0, 4096 bytes, linear)
[    0.115784] futex hash table entries: 256 (16384 bytes on 1 NUMA nodes, total 16 KiB, linear).
[    0.116919] pinctrl core: initialized pinctrl subsystem
[    0.119060] NET: Registered PF_NETLINK/PF_ROUTE protocol family
[    0.122233] DMA: preallocated 256 KiB pool for atomic coherent allocations
[    0.122850] audit: initializing netlink subsys (disabled)
[    0.124181] thermal_sys: Registered thermal governor 'fair_share'
[    0.124197] thermal_sys: Registered thermal governor 'step_wise'
[    0.124206] thermal_sys: Registered thermal governor 'user_space'
[    0.124313] audit: type=2000 audit(0.120:1): state=initialized audit_enabled=0 res=1
[    0.124379] cpuidle: using governor menu
[    0.142376] /ocp/interconnect@44c00000/segment@200000/target-module@b000/i2c@0/tda19988@70: Fixed dependency cycle(s) with /ocp/interconnect@48000000/segment@300000/target-module@e000/lcdc@0
[    0.143505] /ocp/interconnect@48000000/segment@300000/target-module@e000/lcdc@0: Fixed dependency cycle(s) with /ocp/interconnect@44c00000/segment@200000/target-module@b000/i2c@0/tda19988@70
[    0.145702] No ATAGs?
[    0.145744] hw-breakpoint: debug architecture 0x4 unsupported.
[    0.148863] kprobes: kprobe jump-optimization is enabled. All kprobes are optimized if possible.
[    0.154158] iommu: Default domain type: Translated
[    0.154181] iommu: DMA domain TLB invalidation policy: strict mode
[    0.155740] reg-fixed-voltage fixedregulator0: using DT '/fixedregulator0' for '(default)' GPIO lookup
[    0.155795] of_get_named_gpiod_flags: can't parse 'gpios' property of node '/fixedregulator0[0]'
[    0.155824] of_get_named_gpiod_flags: can't parse 'gpio' property of node '/fixedregulator0[0]'
[    0.155841] reg-fixed-voltage fixedregulator0: using lookup tables for GPIO lookup
[    0.155850] reg-fixed-voltage fixedregulator0: No GPIO consumer (default) found
[    0.161558] SCSI subsystem initialized
[    0.162051] libata version 3.00 loaded.
[    0.162442] pps_core: LinuxPPS API ver. 1 registered
[    0.162452] pps_core: Software ver. 5.3.6 - Copyright 2005-2007 Rodolfo Giometti <giometti@linux.it>
[    0.162476] PTP clock support registered
[    0.171063] vgaarb: loaded
[    0.171436] clocksource: Switched to clocksource dmtimer
[    0.172105] VFS: Disk quotas dquot_6.6.0
[    0.172159] VFS: Dquot-cache hash table entries: 1024 (order 0, 4096 bytes)
[    0.196290] NET: Registered PF_INET protocol family
[    0.196630] IP idents hash table entries: 8192 (order: 4, 65536 bytes, linear)
[    0.198045] tcp_listen_portaddr_hash hash table entries: 512 (order: 0, 4096 bytes, linear)
[    0.198081] Table-perturb hash table entries: 65536 (order: 6, 262144 bytes, linear)
[    0.198100] TCP established hash table entries: 4096 (order: 2, 16384 bytes, linear)
[    0.198145] TCP bind hash table entries: 4096 (order: 4, 65536 bytes, linear)
[    0.198245] TCP: Hash tables configured (established 4096 bind 4096)
[    0.198367] UDP hash table entries: 256 (order: 1, 14336 bytes, linear)
[    0.198405] UDP-Lite hash table entries: 256 (order: 1, 14336 bytes, linear)
[    0.198592] NET: Registered PF_UNIX/PF_LOCAL protocol family
[    0.199883] RPC: Registered named UNIX socket transport module.
[    0.199904] RPC: Registered udp transport module.
[    0.199909] RPC: Registered tcp transport module.
[    0.199914] RPC: Registered tcp-with-tls transport module.
[    0.199920] RPC: Registered tcp NFSv4.1 backchannel transport module.
[    0.199944] PCI: CLS 0 bytes, default 64
[    0.201337] Initialise system trusted keyrings
[    0.212113] workingset: timestamp_bits=14 max_order=17 bucket_order=3
[    0.213517] NFS: Registering the id_resolver key type
[    0.213590] Key type id_resolver registered
[    0.213598] Key type id_legacy registered
[    0.213704] jffs2: version 2.2. (NAND) (SUMMARY)  Â© 2001-2006 Red Hat, Inc.
[    0.214161] Key type asymmetric registered
[    0.214175] Asymmetric key parser 'x509' registered
[    0.214245] io scheduler mq-deadline registered
[    0.214254] io scheduler kyber registered
[    0.214331] io scheduler bfq registered
[    0.216228] target-module@4b000000:target-module@140000:pmu@0:fck: device ID is greater than 24
[    0.222421] l3-aon-clkctrl:0000:0: failed to disable
[    0.231730] ledtrig-cpu: registered to indicate activity on CPUs
[    0.235478] Serial: 8250/16550 driver, 6 ports, IRQ sharing enabled
[    0.277633] brd: module loaded
[    0.297707] loop: module loaded
[    0.298634] mtdoops: mtd device (mtddev=name/number) must be supplied
[    0.300332] mdio_bus fixed-0: using lookup tables for GPIO lookup
[    0.300358] mdio_bus fixed-0: No GPIO consumer reset found
[    0.301995] i2c_dev: i2c /dev entries driver
[    0.303009] cpuidle: enable-method property 'ti,am3352' found operations
[    0.303448] sdhci: Secure Digital Host Controller Interface driver
[    0.303458] sdhci: Copyright(c) Pierre Ossman
[    0.303629] sdhci-pltfm: SDHCI platform and OF driver helper
[    0.317959] hw perfevents: enabled with armv7_cortex_a8 PMU driver, 5 (8000000f) counters available
[    0.318482] Initializing XFRM netlink socket
[    0.318668] NET: Registered PF_INET6 protocol family
[    0.324377] l3-aon-clkctrl:0000:0: failed to disable
[    0.335102] Segment Routing with IPv6
[    0.335187] In-situ OAM (IOAM) with IPv6
[    0.335286] sit: IPv6, IPv4 and MPLS over IPv4 tunneling driver
[    0.336247] NET: Registered PF_PACKET protocol family
[    0.336272] NET: Registered PF_KEY protocol family
[    0.336394] Key type dns_resolver registered
[    0.336624] ThumbEE CPU extension supported.
[    0.336644] Registering SWP/SWPB emulation handler
[    0.337179] omap_voltage_late_init: Voltage driver support not added
[    0.337840] SmartReflex Class3 initialized
[    0.376756] Loading compiled-in X.509 certificates
[    0.407084] /ocp/interconnect@44c00000/segment@200000/target-module@b000/i2c@0/tda19988@70: Fixed dependency cycle(s) with /ocp/interconnect@48000000/segment@300000/target-module@e000/lcdc@0
[    0.413660] /ocp/interconnect@44c00000/segment@200000/target-module@b000/i2c@0/tda19988@70: Fixed dependency cycle(s) with /ocp/interconnect@48000000/segment@300000/target-module@e000/lcdc@0
[    0.419195] gpiochip_find_base_unlocked: found new base at 512
[    0.445299] /ocp/interconnect@44c00000/segment@200000/target-module@b000/i2c@0/tda19988@70: Fixed dependency cycle(s) with /ocp/interconnect@48000000/segment@300000/target-module@e000/lcdc@0
[    0.446182] /ocp/interconnect@44c00000/segment@200000/target-module@b000/i2c@0/tda19988@70: Fixed dependency cycle(s) with /ocp/interconnect@48000000/segment@300000/target-module@e000/lcdc@0
[    0.449655] /ocp/interconnect@44c00000/segment@200000/target-module@10000/scm@0/pinmux@800: Fixed dependency cycle(s) with /ocp/interconnect@44c00000/segment@200000/target-module@10000/scm@0/pinmux@800/clkout2-pins
[    0.450265] pinctrl-single 44e10800.pinmux: 142 pins, size 568
[    0.455825] ti-sysc 44e31000.target-module: probe with driver ti-sysc failed with error -16
[    0.483740] /ocp/interconnect@48000000/segment@300000/target-module@e000/lcdc@0: Fixed dependency cycle(s) with /ocp/interconnect@44c00000/segment@200000/target-module@b000/i2c@0/tda19988@70
[    0.491912] ti-sysc 48040000.target-module: probe with driver ti-sysc failed with error -16
[    0.503485] gpiochip_find_base_unlocked: found new base at 512
[    0.503586] gpio gpiochip0: (gpio-0-31): created GPIO range 0->7 ==> 44e10800.pinmux PIN 0->7
[    0.503605] gpio gpiochip0: (gpio-0-31): created GPIO range 8->11 ==> 44e10800.pinmux PIN 90->93
[    0.503620] gpio gpiochip0: (gpio-0-31): created GPIO range 12->27 ==> 44e10800.pinmux PIN 12->27
[    0.503635] gpio gpiochip0: (gpio-0-31): created GPIO range 28->31 ==> 44e10800.pinmux PIN 30->33
[    0.542867] gpio gpiochip0: (gpio-0-31): added GPIO chardev (254:0)
[    0.543023] gpio gpiochip0: registered GPIOs 512 to 543 on gpio-0-31
[    0.543111] OMAP GPIO hardware version 0.1
[    0.578929] i2c i2c-2: using DT '/ocp/interconnect@48000000/segment@100000/target-module@9c000/i2c@0' for 'scl' GPIO lookup
[    0.579000] of_get_named_gpiod_flags: can't parse 'scl-gpios' property of node '/ocp/interconnect@48000000/segment@100000/target-module@9c000/i2c@0[0]'
[    0.579041] of_get_named_gpiod_flags: can't parse 'scl-gpio' property of node '/ocp/interconnect@48000000/segment@100000/target-module@9c000/i2c@0[0]'
[    0.579077] i2c i2c-2: using lookup tables for GPIO lookup
[    0.579086] i2c i2c-2: No GPIO consumer scl found
[    0.579107] i2c i2c-2: using DT '/ocp/interconnect@48000000/segment@100000/target-module@9c000/i2c@0' for 'sda' GPIO lookup
[    0.579141] of_get_named_gpiod_flags: can't parse 'sda-gpios' property of node '/ocp/interconnect@48000000/segment@100000/target-module@9c000/i2c@0[0]'
[    0.579177] of_get_named_gpiod_flags: can't parse 'sda-gpio' property of node '/ocp/interconnect@48000000/segment@100000/target-module@9c000/i2c@0[0]'
[    0.579209] i2c i2c-2: using lookup tables for GPIO lookup
[    0.579216] i2c i2c-2: No GPIO consumer sda found
[    0.579934] omap_i2c 4819c000.i2c: bus 2 rev0.11 at 100 kHz
[    0.585782] gpiochip_find_base_unlocked: found new base at 544
[    0.585881] gpio gpiochip1: (gpio-32-63): created GPIO range 0->17 ==> 44e10800.pinmux PIN 34->51
[    0.585901] gpio gpiochip1: (gpio-32-63): created GPIO range 18->21 ==> 44e10800.pinmux PIN 77->80
[    0.585917] gpio gpiochip1: (gpio-32-63): created GPIO range 22->31 ==> 44e10800.pinmux PIN 56->65
[    0.593688] gpio gpiochip1: (gpio-32-63): added GPIO chardev (254:1)
[    0.593852] gpio gpiochip1: registered GPIOs 544 to 575 on gpio-32-63
[    0.596123] gpiochip_find_base_unlocked: found new base at 576
[    0.596218] gpio gpiochip2: (gpio-64-95): created GPIO range 0->4 ==> 44e10800.pinmux PIN 66->70
[    0.596238] gpio gpiochip2: (gpio-64-95): created GPIO range 5->6 ==> 44e10800.pinmux PIN 98->99
[    0.596253] gpio gpiochip2: (gpio-64-95): created GPIO range 7->8 ==> 44e10800.pinmux PIN 75->76
[    0.596268] gpio gpiochip2: (gpio-64-95): created GPIO range 13->13 ==> 44e10800.pinmux PIN 141->141
[    0.596284] gpio gpiochip2: (gpio-64-95): created GPIO range 14->21 ==> 44e10800.pinmux PIN 100->107
[    0.603917] gpio gpiochip2: (gpio-64-95): added GPIO chardev (254:2)
[    0.604076] gpio gpiochip2: registered GPIOs 576 to 607 on gpio-64-95
[    0.609741] 48000000.interconnect:segment@200000:target-module@0:mpu@0:fck: device ID is greater than 24
[    0.610653] /ocp/interconnect@48000000/segment@300000/target-module@e000/lcdc@0: Fixed dependency cycle(s) with /ocp/interconnect@44c00000/segment@200000/target-module@b000/i2c@0/tda19988@70
[    0.613844] /ocp/interconnect@48000000/segment@300000/target-module@e000/lcdc@0: Fixed dependency cycle(s) with /ocp/interconnect@44c00000/segment@200000/target-module@b000/i2c@0/tda19988@70
[    0.614571] /ocp/interconnect@44c00000/segment@200000/target-module@b000/i2c@0/tda19988@70: Fixed dependency cycle(s) with /ocp/interconnect@48000000/segment@300000/target-module@e000/lcdc@0
[    0.614737] /ocp/interconnect@48000000/segment@300000/target-module@e000/lcdc@0: Fixed dependency cycle(s) with /ocp/interconnect@44c00000/segment@200000/target-module@b000/i2c@0/tda19988@70
[    0.624524] mdio_bus 4a101000.mdio: using DT '/ocp/interconnect@4a000000/segment@0/target-module@100000/switch@0/mdio@1000' for 'reset' GPIO lookup
[    0.624594] of_get_named_gpiod_flags: can't parse 'reset-gpios' property of node '/ocp/interconnect@4a000000/segment@0/target-module@100000/switch@0/mdio@1000[0]'
[    0.624640] of_get_named_gpiod_flags: can't parse 'reset-gpio' property of node '/ocp/interconnect@4a000000/segment@0/target-module@100000/switch@0/mdio@1000[0]'
[    0.624686] mdio_bus 4a101000.mdio: using lookup tables for GPIO lookup
[    0.624695] mdio_bus 4a101000.mdio: No GPIO consumer reset found
[    0.625666] sdhci-omap 481d8000.mmc: using DT '/ocp/interconnect@48000000/segment@100000/target-module@d8000/mmc@0' for 'wp' GPIO lookup
[    0.625723] of_get_named_gpiod_flags: can't parse 'wp-gpios' property of node '/ocp/interconnect@48000000/segment@100000/target-module@d8000/mmc@0[0]'
[    0.625764] of_get_named_gpiod_flags: can't parse 'wp-gpio' property of node '/ocp/interconnect@48000000/segment@100000/target-module@d8000/mmc@0[0]'
[    0.625798] sdhci-omap 481d8000.mmc: using lookup tables for GPIO lookup
[    0.625807] sdhci-omap 481d8000.mmc: No GPIO consumer wp found
[    0.626006] sdhci-omap 481d8000.mmc: supply pbias not found, using dummy regulator
[    0.626498] sdhci-omap 481d8000.mmc: supply vqmmc not found, using dummy regulator
[    0.678169] davinci_mdio 4a101000.mdio: davinci mdio revision 1.6, bus freq 1000000
[    0.695736] mdio_bus 4a101000.mdio:00: using DT '/ocp/interconnect@4a000000/segment@0/target-module@100000/switch@0/mdio@1000/ethernet-phy@0' for 'reset' GPIO lookup
[    0.695837] of_get_named_gpiod_flags: parsed 'reset-gpios' property of node '/ocp/interconnect@4a000000/segment@0/target-module@100000/switch@0/mdio@1000/ethernet-phy@0[0]' - status (0)
[    0.695997] gpio gpiochip0: Persistence not supported for GPIO 8
[    0.814322] davinci_mdio 4a101000.mdio: phy[0]: device 4a101000.mdio:00, driver SMSC LAN8710/LAN8720
[    0.815083] cpsw-switch 4a100000.switch: initialized cpsw ale version 1.4
[    0.815105] cpsw-switch 4a100000.switch: ALE Table size 1024, Policers 0
[    0.815275] cpsw-switch 4a100000.switch: cpts: overflow check period 500 (jiffies)
[    0.815292] cpsw-switch 4a100000.switch: CPTS: ref_clk_freq:250000000 calc_mult:2147483648 calc_shift:29 error:0 nsec/sec
[    0.815396] cpsw-switch 4a100000.switch: Detected MACID = 6c:ec:eb:68:de:78
[    0.817248] cpsw-switch 4a100000.switch: initialized (regs 0x4a100000, pool size 256) hw_ver:0019010C 1.12 (0)
[    0.828352] debugfs: '49000000.dma' already exists in 'dmaengine'
[    0.828395] edma 49000000.dma: TI EDMA DMA engine driver
[    0.871118] gpio-clk clk_mcasp0: using DT '/clk_mcasp0' for 'enable' GPIO lookup
[    0.871195] of_get_named_gpiod_flags: parsed 'enable-gpios' property of node '/clk_mcasp0[0]' - status (0)
[    0.871239] gpio gpiochip0: Persistence not supported for GPIO 27
[    0.872320] gpiochip_find_base_unlocked: found new base at 608
[    0.872434] gpio gpiochip3: (gpio-96-127): created GPIO range 0->7 ==> 44e10800.pinmux PIN 82->89
[    0.872457] gpio gpiochip3: (gpio-96-127): created GPIO range 8->11 ==> 44e10800.pinmux PIN 52->55
[    0.872472] gpio gpiochip3: (gpio-96-127): created GPIO range 12->15 ==> 44e10800.pinmux PIN 94->97
[    0.872488] gpio gpiochip3: (gpio-96-127): created GPIO range 16->17 ==> 44e10800.pinmux PIN 71->72
[    0.872504] gpio gpiochip3: (gpio-96-127): created GPIO range 18->18 ==> 44e10800.pinmux PIN 135->135
[    0.872520] gpio gpiochip3: (gpio-96-127): created GPIO range 19->20 ==> 44e10800.pinmux PIN 108->109
[    0.872536] gpio gpiochip3: (gpio-96-127): created GPIO range 21->21 ==> 44e10800.pinmux PIN 73->73
[    0.872552] gpio gpiochip3: (gpio-96-127): created GPIO range 22->23 ==> 44e10800.pinmux PIN 8->9
[    0.872569] gpio gpiochip3: (gpio-96-127): created GPIO range 26->27 ==> 44e10800.pinmux PIN 10->11
