Labgrid Console Logfile for main
Logfile started at 2025-09-24 18:36:50.756345
=== Log starts here ===
NAND:  0 MiB
MMC:   OMAP SD/MMC: 0, OMAP SD/MMC: 1
*** Warning - readenv() failed, using default environment

Net:   <ethaddr> not set. Validating first E-fuse MAC
cpsw, usb_ether
Hit any key to stop autoboot:  1  0 
gpio: pin 53 (gpio 53) value is 1
mmc0 is current device
gpio: pin 54 (gpio 54) value is 1
SD/MMC found on device 0
reading uEnv.txt
569 bytes read in 4 ms (138.7 KiB/s)
gpio: pin 55 (gpio 55) value is 1
Loaded environment from uEnv.txt
Importing environment from mmc ...
Checking if uenvcmd is set ...
gpio: pin 56 (gpio 56) value is 1
Running uenvcmd ...
cpsw Waiting for PHY auto negotiation to complete. done
link up on port 0, speed 100, full duplex
Using cpsw device
TFTP from server 192.168.255.126; our IP address is 192.168.255.1
Filename 'zImage'.
Load address: 0x81000000
Loading: *#################################################################
	 #################################################################
	 #################################################################
	 #################################################################
	 #################################################################
	 ###############################################################
	 2.4 MiB/s
done
Bytes transferred = 5683000 (56b738 hex)
link up on port 0, speed 100, full duplex
Using cpsw device
TFTP from server 192.168.255.126; our IP address is 192.168.255.1
Filename 'am335x-boneblack.dtb'.
Load address: 0x82000000
Loading: *#######
	 1.5 MiB/s
done
Bytes transferred = 98148 (17f64 hex)
Kernel image @ 0x81000000 [ 0x000000 - 0x56b738 ]
## Flattened Device Tree blob at 82000000
   Booting using the fdt blob at 0x82000000
   Using Device Tree in place at 82000000, end 8201af63

Starting kernel ...

[    0.000000] Booting Linux on physical CPU 0x0
[    0.000000] Linux version 6.17.0-rc7-next-20250924 (user01@drvtest01) (arm-none-eabi-gcc (Arm GNU Toolchain 14.2.Rel1 (Build arm-14.52)) 14.2.1 20241119, GNU ld (Arm GNU Toolchain 14.2.Rel1 (Build arm-14.52)) 2.43.1.20241119) #1 SMP Wed Sep 24 18:35:07 EEST 2025
[    0.000000] CPU: ARMv7 Processor [413fc082] revision 2 (ARMv7), cr=10c5387d
[    0.000000] CPU: PIPT / VIPT nonaliasing data cache, VIPT aliasing instruction cache
[    0.000000] OF: fdt: Machine model: TI AM335x BeagleBone Black
[    0.000000] Memory policy: Data cache writeback
[    0.000000] cma: Reserved 16 MiB at 0x9e800000
[    0.000000] Zone ranges:
[    0.000000]   Normal   [mem 0x0000000080000000-0x000000009fdfffff]
[    0.000000]   HighMem  empty
[    0.000000] Movable zone start for each node
[    0.000000] Early memory node ranges
[    0.000000]   node   0: [mem 0x0000000080000000-0x000000009fdfffff]
[    0.000000] Initmem setup node 0 [mem 0x0000000080000000-0x000000009fdfffff]
[    0.000000] On node 0, zone Normal: 512 pages in unavailable ranges
[    0.000000] OF: reserved mem: Reserved memory: No reserved-memory node in the DT
[    0.000000] CPU: All CPU(s) started in SVC mode.
[    0.000000] AM335X ES2.1 (sgx neon)
[    0.000000] percpu: Embedded 17 pages/cpu s39884 r8192 d21556 u69632
[    0.000000] Kernel command line: console=ttyO0,115200n8 root=/dev/nfs rw nfsroot=192.168.255.126:/home/user01/nfs,nfsvers=3 ip=192.168.255.1:192.168.255.126::255.255.255.0:bbb1:eth0 nfsrootdebug
[    0.000000] Unknown kernel command line parameters "nfsrootdebug", will be passed to user space.
[    0.000000] printk: log buffer data + meta data: 65536 + 204800 = 270336 bytes
[    0.000000] Dentry cache hash table entries: 65536 (order: 6, 262144 bytes, linear)
[    0.000000] Inode-cache hash table entries: 32768 (order: 5, 131072 bytes, linear)
[    0.000000] Built 1 zonelists, mobility grouping on.  Total pages: 130560
[    0.000000] mem auto-init: stack:off, heap alloc:off, heap free:off
[    0.000000] SLUB: HWalign=16, Order=0-3, MinObjects=0, CPUs=1, Nodes=1
[    0.000000] rcu: Hierarchical RCU implementation.
[    0.000000] rcu: 	RCU event tracing is enabled.
[    0.000000] rcu: 	RCU restricting CPUs from NR_CPUS=2 to nr_cpu_ids=1.
[    0.000000] 	Tracing variant of Tasks RCU enabled.
[    0.000000] rcu: RCU calculated value of scheduler-enlistment delay is 10 jiffies.
[    0.000000] rcu: Adjusting geometry for rcu_fanout_leaf=16, nr_cpu_ids=1
[    0.000000] RCU Tasks Trace: Setting shift to 0 and lim to 1 rcu_task_cb_adjust=1 rcu_task_cpu_ids=1.
[    0.000000] NR_IRQS: 16, nr_irqs: 16, preallocated irqs: 16
[    0.000000] IRQ: Found an INTC at 0x(ptrval) (revision 5.0) with 128 interrupts
[    0.000000] rcu: srcu_init: Setting srcu_struct sizes based on contention.
[    0.000000] TI gptimer clocksource: always-on /ocp/interconnect@44c00000/segment@200000/target-module@31000
[    0.000003] sched_clock: 32 bits at 24MHz, resolution 41ns, wraps every 89478484971ns
[    0.000026] clocksource: dmtimer: mask: 0xffffffff max_cycles: 0xffffffff, max_idle_ns: 79635851949 ns
[    0.000496] TI gptimer clockevent: 24000000 Hz at /ocp/interconnect@48000000/segment@0/target-module@40000
[    0.002057] Console: colour dummy device 80x30
[    0.002124] WARNING: Your 'console=ttyO0' has been replaced by 'ttyS0'
[    0.002132] This ensures that you still see kernel messages. Please
[    0.002136] update your kernel commandline.
[    0.002178] Calibrating delay loop... 996.14 BogoMIPS (lpj=4980736)
[    0.090606] CPU: Testing write buffer coherency: ok
[    0.090688] CPU0: Spectre v2: using BPIALL workaround
[    0.090698] pid_max: default: 32768 minimum: 301
[    0.090878] LSM: initializing lsm=capability
[    0.091042] Mount-cache hash table entries: 1024 (order: 0, 4096 bytes, linear)
[    0.091062] Mountpoint-cache hash table entries: 1024 (order: 0, 4096 bytes, linear)
[    0.092632] CPU0: thread -1, cpu 0, socket -1, mpidr 0
[    0.092690] cacheinfo: Unable to detect cache hierarchy for CPU 0
[    0.094708] Setting up static identity map for 0x80100000 - 0x80100078
[    0.095023] rcu: Hierarchical SRCU implementation.
[    0.095035] rcu: 	Max phase no-delay instances is 1000.
[    0.096727] smp: Bringing up secondary CPUs ...
[    0.096779] smp: Brought up 1 node, 1 CPU
[    0.096792] SMP: Total of 1 processors activated (996.14 BogoMIPS).
[    0.096803] CPU: All CPU(s) started in SVC mode.
[    0.097001] Memory: 480868K/522240K available (11264K kernel code, 1226K rwdata, 2948K rodata, 1024K init, 256K bss, 23336K reserved, 16384K cma-reserved, 0K highmem)
[    0.097810] devtmpfs: initialized
[    0.115372] VFP support v0.3: implementor 41 architecture 3 part 30 variant c rev 3
[    0.116009] clocksource: jiffies: mask: 0xffffffff max_cycles: 0xffffffff, max_idle_ns: 19112604462750000 ns
[    0.116068] posixtimers hash table entries: 512 (order: 0, 4096 bytes, linear)
[    0.116094] futex hash table entries: 256 (16384 bytes on 1 NUMA nodes, total 16 KiB, linear).
[    0.117241] pinctrl core: initialized pinctrl subsystem
[    0.119340] NET: Registered PF_NETLINK/PF_ROUTE protocol family
[    0.122406] DMA: preallocated 256 KiB pool for atomic coherent allocations
[    0.123013] audit: initializing netlink subsys (disabled)
[    0.124353] thermal_sys: Registered thermal governor 'fair_share'
[    0.124368] thermal_sys: Registered thermal governor 'step_wise'
[    0.124377] thermal_sys: Registered thermal governor 'user_space'
[    0.124484] audit: type=2000 audit(0.120:1): state=initialized audit_enabled=0 res=1
[    0.124554] cpuidle: using governor menu
[    0.142688] /ocp/interconnect@44c00000/segment@200000/target-module@b000/i2c@0/tda19988@70: Fixed dependency cycle(s) with /ocp/interconnect@48000000/segment@300000/target-module@e000/lcdc@0
[    0.143776] /ocp/interconnect@48000000/segment@300000/target-module@e000/lcdc@0: Fixed dependency cycle(s) with /ocp/interconnect@44c00000/segment@200000/target-module@b000/i2c@0/tda19988@70
[    0.145987] No ATAGs?
[    0.146024] hw-breakpoint: debug architecture 0x4 unsupported.
[    0.149105] kprobes: kprobe jump-optimization is enabled. All kprobes are optimized if possible.
[    0.153793] iommu: Default domain type: Translated
[    0.153816] iommu: DMA domain TLB invalidation policy: strict mode
[    0.161589] SCSI subsystem initialized
[    0.162448] pps_core: LinuxPPS API ver. 1 registered
[    0.162459] pps_core: Software ver. 5.3.6 - Copyright 2005-2007 Rodolfo Giometti <giometti@linux.it>
[    0.162483] PTP clock support registered
[    0.170843] vgaarb: loaded
[    0.171228] clocksource: Switched to clocksource dmtimer
[    0.171915] VFS: Disk quotas dquot_6.6.0
[    0.171975] VFS: Dquot-cache hash table entries: 1024 (order 0, 4096 bytes)
[    0.196163] NET: Registered PF_INET protocol family
[    0.196500] IP idents hash table entries: 8192 (order: 4, 65536 bytes, linear)
[    0.197929] tcp_listen_portaddr_hash hash table entries: 512 (order: 0, 4096 bytes, linear)
[    0.197967] Table-perturb hash table entries: 65536 (order: 6, 262144 bytes, linear)
[    0.197983] TCP established hash table entries: 4096 (order: 2, 16384 bytes, linear)
[    0.198029] TCP bind hash table entries: 4096 (order: 4, 65536 bytes, linear)
[    0.198128] TCP: Hash tables configured (established 4096 bind 4096)
[    0.198252] UDP hash table entries: 256 (order: 1, 14336 bytes, linear)
[    0.198285] UDP-Lite hash table entries: 256 (order: 1, 14336 bytes, linear)
[    0.198505] NET: Registered PF_UNIX/PF_LOCAL protocol family
[    0.201910] RPC: Registered named UNIX socket transport module.
[    0.201933] RPC: Registered udp transport module.
[    0.201938] RPC: Registered tcp transport module.
[    0.201943] RPC: Registered tcp-with-tls transport module.
[    0.201948] RPC: Registered tcp NFSv4.1 backchannel transport module.
[    0.201973] PCI: CLS 0 bytes, default 64
[    0.203408] Initialise system trusted keyrings
[    0.211953] workingset: timestamp_bits=14 max_order=17 bucket_order=3
[    0.213424] NFS: Registering the id_resolver key type
[    0.213502] Key type id_resolver registered
[    0.213510] Key type id_legacy registered
[    0.213621] jffs2: version 2.2. (NAND) (SUMMARY)  Â© 2001-2006 Red Hat, Inc.
[    0.214092] Key type asymmetric registered
[    0.214111] Asymmetric key parser 'x509' registered
[    0.214187] io scheduler mq-deadline registered
[    0.214197] io scheduler kyber registered
[    0.214278] io scheduler bfq registered
[    0.216123] target-module@4b000000:target-module@140000:pmu@0:fck: device ID is greater than 24
[    0.221486] ledtrig-cpu: registered to indicate activity on CPUs
[    0.225206] Serial: 8250/16550 driver, 6 ports, IRQ sharing enabled
[    0.265859] brd: module loaded
[    0.287596] loop: module loaded
[    0.288530] mtdoops: mtd device (mtddev=name/number) must be supplied
[    0.291693] i2c_dev: i2c /dev entries driver
[    0.292721] cpuidle: enable-method property 'ti,am3352' found operations
[    0.293170] sdhci: Secure Digital Host Controller Interface driver
[    0.293178] sdhci: Copyright(c) Pierre Ossman
[    0.293363] sdhci-pltfm: SDHCI platform and OF driver helper
[    0.301614] hw perfevents: enabled with armv7_cortex_a8 PMU driver, 5 (8000000f) counters available
[    0.302178] Initializing XFRM netlink socket
[    0.302346] NET: Registered PF_INET6 protocol family
[    0.304334] Segment Routing with IPv6
[    0.304417] In-situ OAM (IOAM) with IPv6
[    0.304510] sit: IPv6, IPv4 and MPLS over IPv4 tunneling driver
[    0.305483] NET: Registered PF_PACKET protocol family
[    0.305512] NET: Registered PF_KEY protocol family
[    0.305635] Key type dns_resolver registered
[    0.305868] ThumbEE CPU extension supported.
[    0.305887] Registering SWP/SWPB emulation handler
[    0.306411] omap_voltage_late_init: Voltage driver support not added
[    0.307076] SmartReflex Class3 initialized
[    0.343479] Loading compiled-in X.509 certificates
[    0.396321] /ocp/interconnect@44c00000/segment@200000/target-module@b000/i2c@0/tda19988@70: Fixed dependency cycle(s) with /ocp/interconnect@48000000/segment@300000/target-module@e000/lcdc@0
[    0.402831] /ocp/interconnect@44c00000/segment@200000/target-module@b000/i2c@0/tda19988@70: Fixed dependency cycle(s) with /ocp/interconnect@48000000/segment@300000/target-module@e000/lcdc@0
[    0.423245] /ocp/interconnect@44c00000/segment@200000/target-module@b000/i2c@0/tda19988@70: Fixed dependency cycle(s) with /ocp/interconnect@48000000/segment@300000/target-module@e000/lcdc@0
[    0.424131] /ocp/interconnect@44c00000/segment@200000/target-module@b000/i2c@0/tda19988@70: Fixed dependency cycle(s) with /ocp/interconnect@48000000/segment@300000/target-module@e000/lcdc@0
[    0.427559] /ocp/interconnect@44c00000/segment@200000/target-module@10000/scm@0/pinmux@800: Fixed dependency cycle(s) with /ocp/interconnect@44c00000/segment@200000/target-module@10000/scm@0/pinmux@800/clkout2-pins
[    0.428151] pinctrl-single 44e10800.pinmux: 142 pins, size 568
[    0.433775] ti-sysc 44e31000.target-module: probe with driver ti-sysc failed with error -16
[    0.447593] /ocp/interconnect@48000000/segment@300000/target-module@e000/lcdc@0: Fixed dependency cycle(s) with /ocp/interconnect@44c00000/segment@200000/target-module@b000/i2c@0/tda19988@70
[    0.456008] ti-sysc 48040000.target-module: probe with driver ti-sysc failed with error -16
[    0.502701] OMAP GPIO hardware version 0.1
[    0.529896] omap_i2c 4819c000.i2c: bus 2 rev0.11 at 100 kHz
[    0.579240] 48000000.interconnect:segment@200000:target-module @0:mpu@0:fck: device ID is greater than 24
[    0.580153] /ocp/interconnect@48000000/segment@300000/target-module@e000/lcdc@0: Fixed dependency cycle(s) with /ocp/interconnect@44c00000/segment@200000/target-module@b000/i2c@0/tda19988@70
[    0.583264] /ocp/interconnect@48000000/segment@300000/target-module@e000/lcdc@0: Fixed dependency cycle(s) with /ocp/interconnect@44c00000/segment@200000/target-module@b000/i2c@0/tda19988@70
[    0.583984] /ocp/interconnect@44c00000/segment@200000/target-module@b000/ i2c@0/tda19988@70: Fixed dependency cycle(s) with /ocp/interconnect@48000000/segment@300000/target-module@e000/lcdc@0
[    0.584154] /ocp/interconnect@48000000/segment@300000/target-module@e000/lcdc@0: Fixed dependency cycle(s) with /ocp/interconnect@44c00000/segment@200000/target-module@b000/i2c@0/tda19988@70
[    0.591707] sdhci-omap 481d8000.mmc: supply pbias not found, using dummy regulator
[    0.597920] sdhci-omap 481d8000.mmc: supply vqmmc not found, using dummy regulator
[    0.653369] davinci_mdio 4a101000.mdio: davinci mdio revision 1.6, bus freq 1000000
[    0.783500] davinci_mdio 4a101000.mdio: phy[0]: device 4a101000.mdio:00, driver SMSC LAN8710/LAN8720
[    0.784282] cpsw-switch 4a100000.switch: initialized cpsw ale version 1.4
[    0.784307] cpsw-switch 4a100000.switch: ALE Table size 1024, Policers 0
[    0.784647] cpsw-switch 4a100000.switch: cpts: overflow check period 500 (jiffies)
[    0.784667] cpsw-switch 4a100000.switch: CPTS: ref_clk_freq:250000000 calc_mult:2147483648 calc_shift:29 error:0 nsec/sec
[    0.784773] cpsw-switch 4a100000.switch: Detected MACID = 6c:ec:eb:68:de:78
[    0.786663] cpsw-switch 4a100000.switch: initialized (regs 0x4a100000, pool size 256) hw_ver:0019010C 1.12 (0)
[    0.813656] debugfs: '49000000.dma' already exists in 'dmaengine'
[    0.813699] edma 49000000.dma: TI EDMA DMA engine driver
[    0.888158] 44e09000.serial: ttyS0 at MMIO 0x44e09000 (irq = 34, base_baud = 3000000) is a 8250
[    0.888251] printk: legacy console [ttyS0] enabled
[    2.4
[    2.751520] mmc1: new high speed MMC card at address 0001
[    2.758326] mmcblk1: mmc1:0001 MMC04G 3.60 GiB
[    2.766206]  mmcblk1: p1 p2
[    2.769947] SMSC LAN8710/LAN8720 4a101000.mdio:00: attached PHY driver (mii_bus:phy_addr=4a101000.mdio:00, irq=POLL)
[    2.782613] mmcblk1boot0: mmc1:0001 MMC04G 2.00 MiB
[    2.796433] mmcblk1boot1: mmc1:0001 MMC04G 2.00 MiB
[    2.805137] mmcblk1rpmb: mmc1:0001 MMC04G 128 KiB, chardev (249:0)
[    2.854299] mmc0: new high speed SDHC card at address aaaa
[    2.861125] mmcblk0: mmc0:aaaa SE32G 29.7 GiB
[    2.870406]  mmcblk0: p1 p2
[    5.921982] cpsw-switch 4a100000.switch eth0: Link is Up - 100Mbps/Full - flow control off
[    5.951238] IP-Config: Complete:
[    5.954507]      device=eth0, hwaddr=6c:ec:eb:68:de:78, ipaddr=192.168.255.1, mask=255.255.255.0, gw=255.255.255.255
[    5.965160]      host=bbb1, domain=, nis-domain=(none)
[    5.970329]      bootserver=192.168.255.126, rootserver=192.168.255.126, rootpath=
[    5.970768] clk: Disabling unused clocks
[    5.982625] PM: genpd: Disabling unused power domains
[    5.987770] KTAP version 1
[    5.990491] 1..0
[    5.993217] check access for rdinit=/init failed: -2, ignoring
[    6.031645] VFS: Mounted root (nfs filesystem) on device 0:17.
[    6.038625] devtmpfs: mounted
[    6.043341] Freeing unused kernel image (initmem) memory: 1024K
[    6.049932] Run /sbin/init as init process
[    6.742909] systemd[1]: System time before build time, advancing clock.
[    8.261253] random: crng init done
[    8.293904] systemd[1]: systemd 232 running in system mode. (+PAM +AUDIT +SELINUX +IMA +APPARMOR +SMACK +SYSVINIT +UTMP +LIBCRYPTSETUP +GCRYPT +GNUTLS +ACL +XZ +LZ4 +SECCOMP +BLKID +ELFUTILS +KMOD +IDN)
[    8.312994] systemd[1]: Detected architecture arm.

Welcome to [1mDebian GNU/Linux 9 (stretch)[0m!

[    8.344777] systemd[1]: Set hostname to <arm>.
[    9.477457] systemd[1]: Set up automount Arbitrary Executable File Formats File System Automount Point.
[[0;32m  OK  [0m] Set up automount Arbitrary Executabâ€¦rmats File System Automount Point.
[    9.515431] systemd[1]: systemd-journald.socket: SO_PASSSEC failed: Operation not supported
[    9.524347] systemd[1]: systemd-journald.socket: SO_PASSSEC failed: Operation not supported
[    9.533089] systemd[1]: Listening on Journal Socket.
[[0;32m  OK  [0m] Listening on Journal Socket.
[    9.562057] systemd[1]: syslog.socket: SO_PASSSEC failed: Operation not supported
[    9.569764] systemd[1]: Listening on Syslog Socket.
[[0;32m  OK  [0m] Listening on Syslog Socket.
[    9.591869] systemd[1]: Listening on udev Kernel Socket.
[[0;32m  OK  [0m] Listening on udev Kernel Socket.
[[0;32m  OK  [0m] Listening on /dev/initctl Compatibility Named Pipe.
[[0;32m  OK  [0m] Started Forward Password Requests to Wall Directory Watch.
[[0;32m  OK  [0m] Started Dispatch Password Requests to Console Directory Watch.
[[0;32m  OK  [0m] Reached target Paths.
[[0;32m  OK  [0m] Listening on udev Control Socket.
[[0;32m  OK  [0m] Reached target Remote File Systems.
[[0;32m  OK  [0m] Reached target Encrypted Volumes.
[[0;32m  OK  [0m] Listening on Journal Socket (/dev/log).
[[0;32m  OK  [0m] Listening on Journal Audit Socket.
[[0;32m  OK  [0m] Created slice User and Session Slice.
[[0;32m  OK  [0m] Reached target Swap.
[[0;32m  OK  [0m] Created slice System Slice.
[[0;32m  OK  [0m] Reached target Slices.
[[0;32m  OK  [0m] Created slice system-serial\x2dgetty.slice.
         Mounting POSIX Message Queue File System...
         Starting Remount Root and Kernel File Systems...
         Starting Load Kernel Modules...
         Starting Create list of required stâ€¦ce nodes for the current kernel...
         Starting Journal Service...
[[0;32m  OK  [0m] Created slice system-getty.slice.
         Mounting Debug File System...
[[0;32m  OK  [0m] Mounted POSIX Message Queue File System.
[[0;32m  OK  [0m] Started Remount Root and Kernel File Systems.
[[0;32m  OK  [0m] Started Create list of required staâ€¦vice nodes for the current kernel.
         Starting Create Static Device Nodes in /dev...
         Starting Load/Save Random Seed...
         Starting udev Coldplug all Devices...
[[0;32m  OK  [0m] Mounted Debug File System.
[[0;32m  OK  [0m] Started Load Kernel Modules.
         Starting Apply Kernel Variables...
         Mounting Configuration File System...
[[0;32m  OK  [0m] Started Load/Save Random Seed.
[[0;32m  OK  [0m] Mounted Configuration File System.
[[0;32m  OK  [0m] Started Apply Kernel Variables.
[[0;32m  OK  [0m] Started Create Static Device Nodes in /dev.
         Starting udev Kernel Device Manager...
[[0;32m  OK  [0m] Reached target Local File Systems (Pre).
[[0;32m  OK  [0m] Reached target Local File Systems.
         Starting Raise network interfaces...
[[0;32m  OK  [0m] Started Journal Service.
         Starting Flush Journal to Persistent Storage...
[   12.024505] systemd-journald[81]: Received request to flush runtime journal from PID 1
[[0;32m  OK  [0m] Started Flush Journal to Persistent Storage.
         Starting Create Volatile Files and Directories...
[[0;32m  OK  [0m] Started udev Kernel Device Manager.
[   12.647851] omap_prm 44e00d00.prm: sync_state() pending due to 44d00000.cpu
[[0;32m  OK  [0m] Started Create Volatile Files and Directories.
         Starting Update UTMP about System Boot/Shutdown...
         Starting Network Time Synchronization...
[[0;32m  OK  [0m] Started Update UTMP about System Boot/Shutdown.
[[0;32m  OK  [0m] Started udev Coldplug all Devices.
[[0;32m  OK  [0m] Started Network Time Synchronization.
[[0;32m  OK  [0m] Reached target System Time Synchronized.
[[0;32m  OK  [0m] Reached target System Initialization.
[[0;32m  OK  [0m] Listening on Avahi mDNS/DNS-SD Stack Activation Socket.
[[0;32m  OK  [0m] Listening on D-Bus System Message Bus Socket.
[[0;32m  OK  [0m] Reached target Sockets.
[[0;32m  OK  [0m] Reached target Basic System.
[   15.304091] remoteproc remoteproc0: wkup_m3 is available
         Starting System Logging Service...
[   15.488218] omap_rtc 44e3e000.rtc: registered as rtc0
[   15.493566] omap_rtc 44e3e000.rtc: setting system clock to 2000-01-01T00:00:00 UTC (946684800)
[[0;32m  OK  [0m] Started Regular background program processing daemon.
[   15.610193] at24 2-0054: supply vcc not found, using dummy regulator
         Starting Telephony service...
[   15.718557] at24 2-0055: supply vcc not found, using dummy regulator
         Starting Login Service...[   15.815782] omap_wdt: OMAP Watchdog Timer Rev 0x01: initial timeout 60 sec

[   15.865190] at24 2-0056: supply vcc not found, using dummy regulator
[   15.945087] input: tps65217_pwrbutton as /devices/platform/ocp/44c00000.interconnect/44c00000.interconnect:segment@200000/44e0b000.target-module/44e0b000.i2c/i2c-0/0-0024/tps65217-pwrbutton/input/input0
[   16.004622] at24 2-0057: supply vcc not found, using dummy regulator
         Starting Generic Board Startup...
[[0;32m  OK  [0m] Started Daily apt download activities.
[[0;32m  OK  [0m] Started Daily apt upgrade and clean activities.
[   16.166846] at24 0-0050: 32768 byte 24c256 EEPROM, writable, 1 bytes/write
         Starting DUN service...
[[0;32m  OK  [0m] Started Daily Cleanup of Temporary Directories.
[[0;32m  OK  [0m] Reached target Timers.
         Starting Avahi mDNS/DNS-SD Stack...
         Starting LSB: Start busybox udhcpd at boot time...
         Starting LSB: Load kernel modules needed to enable cpufreq scaling...
[[0;32m  OK  [0m] Started D-Bus System Message Bus.
[   17.308068] am335x-phy-driver 47401300.usb-phy: dummy supplies not allowed for exclusive requests (id=vbus)
[   17.527237] am335x-phy-driver 47401b00.usb-phy: dummy supplies not allowed for exclusive requests (id=vbus)
[   17.594731] usbcore: registered new interface driver usbfs
[   17.600397] usbcore: registered new interface driver hub
[   17.606099] usbcore: registered new device driver usb
[   18.653372] musb-hdrc musb-hdrc.1: MUSB HDRC host driver
[   18.658790] musb-hdrc musb-hdrc.1: new USB bus registered, assigned bus number 1
[   18.745254] omap-mailbox 480c8000.mailbox: omap mailbox rev 0x400
[   18.811327] tda998x 0-0070: found TDA19988
[   18.899106] remoteproc remoteproc0: powering up wkup_m3
[   18.952148] usb usb1: New USB device found, idVendor=1d6b, idProduct=0002, bcdDevice= 6.17
[   18.960750] usb usb1: New USB device strings: Mfr=3, Product=2, SerialNumber=1
[   18.968180] usb usb1: Product: MUSB HDRC host driver
[   18.973353] usb usb1: Manufacturer: Linux 6.17.0-rc7-next-20250924 musb-hcd
[   18.980356] usb usb1: SerialNumber: musb-hdrc.1
[   19.191815] remoteproc remoteproc0: Direct firmware load for am335x-pm-firmware.elf failed with error -2
[   19.201527] remoteproc remoteproc0: request_firmware failed: -2
[   19.207490] wkup_m3_ipc 44e11324.wkup_m3_ipc: rproc_boot failed
[   19.392391] hub 1-0:1.0: USB hub found
[   19.469779] hub 1-0:1.0: 1 port detected
[   21.566283] omap_rng 48310000.rng: Random Number Generator ver. 20
[   21.725310] tilcdc 4830e000.lcdc: bound 0-0070 (ops tda998x_audio_codec_init [tda998x])
[   21.785281] ------------[ cut here ]------------
[   21.789979] WARNING: net/8021q/vlan_core.c:236 at vlan_for_each+0x114/0x134, CPU#0: avahi-daemon/183
[   21.799355] RTNL: assertion failed at net/8021q/vlan_core.c (236)
[   21.805533] Modules linked in: tilcdc(+) omap_rng drm_dma_helper rng_core drm_client_lib snd_soc_davinci_mcasp snd_soc_ti_udma snd_soc_ti_edma snd_soc_ti_sdma snd_soc_core snd_pcm_dmaengine snd_pcm snd_timer omap_mailbox snd musb_dsps tda998x musb_hdrc soundcore cec udc_core drm_kms_helper usbcore phy_am335x drm phy_generic cppi41 usb_common wkup_m3_ipc phy_am335x_control drm_panel_orientation_quirks tps65218_pwrbutton omap_wdt at24 watchdog rtc_omap wkup_m3_rproc leds_gpio led_class cpufreq_dt autofs4
[   21.850522] CPU: 0 UID: 107 PID: 183 Comm: avahi-daemon Not tainted 6.17.0-rc7-next-20250924 #1 NONE 
[   21.850540] Hardware name: Generic AM33XX (Flattened Device Tree)
[   21.850549] Call trace: 
[   21.850565]  unwind_backtrace from show_stack+0x10/0x14
[   21.850602]  show_stack from dump_stack_lvl+0x50/0x64
[   21.850628]  dump_stack_lvl from __warn+0x88/0x148
[   21.850647]  __warn from warn_slowpath_fmt+0x19c/0x1b0
[   21.850660]  warn_slowpath_fmt from vlan_for_each+0x114/0x134
[   21.850681]  vlan_for_each from cpsw_add_mc_addr+0x40/0xa4
[   21.850705]  cpsw_add_mc_addr from __hw_addr_ref_sync_dev+0x108/0x140
[   21.850734]  __hw_addr_ref_sync_dev from __dev_mc_add+0x7c/0x80
[   21.850756]  __dev_mc_add from igmp6_group_added+0xc8/0xe0
[   21.850783]  igmp6_group_added from __ipv6_dev_mc_inc+0x218/0x364
[   21.850801]  __ipv6_dev_mc_inc from __ipv6_sock_mc_join+0x11c/0x1c0
[   21.850820]  __ipv6_sock_mc_join from do_ipv6_setsockopt+0x1214/0x1310
[   21.850851]  do_ipv6_setsockopt from ipv6_setsockopt+0x60/0xcc
[   21.850871]  ipv6_setsockopt from udpv6_setsockopt+0x2c/0x6c
[   21.850895]  udpv6_setsockopt from sock_common_setsockopt+0x30/0x40
[   21.850928]  sock_common_setsockopt from do_sock_setsockopt+0x50/0x9c
[   21.850949]  do_sock_setsockopt from __sys_setsockopt+0x70/0xbc
[   21.850968]  __sys_setsockopt from ret_fast_syscall+0x0/0x58
[   21.850984] Exception stack(0xe0159fa8 to 0xe0159ff0)
[   21.850998] 9fa0:                   00000014 b6fe3ce8 0000000d 00000029 00000014 be8ce9ec
[   21.851010] 9fc0: 00000014 b6fe3ce8 00000014 00000126 0000000d b6f8cff4 004be988 004a6558
[   21.851019] 9fe0: b6fa2088 be8ce9d8 b6f7f309 b6e5641a
[   21.851026] ---[ end trace 0000000000000000 ]---
[   22.074460] [drm] Initialized tilcdc 1.0.0 for 4830e000.lcdc on minor 0
[[0;32m  OK  [0m] Started DUN service.
[   22.111500] tilcdc 4830e000.lcdc: [drm] Cannot find any crtc or sizes
[[0;32m  OK  [0m] Started Avahi mDNS/DNS-SD Stack.
[   22.149500] tilcdc 4830e000.lcdc: [drm] Cannot find any crtc or sizes
[[0;32m  OK  [0m] Started Telephony service.
         Starting Connection service...
         Starting Cape Manager Service...
[[0;32m  OK  [0m] Started System Logging Service.
[[0;32m  OK  [0m] Found device /dev/ttyS0.
[   23.578864] Bluetooth: Core ver 2.22
[   23.582905] NET: Registered PF_BLUETOOTH protocol family
[   23.588257] Bluetooth: HCI device and connection manager initialized
[   23.594763] Bluetooth: HCI socket layer initialized
[   23.599681] Bluetooth: L2CAP socket layer initialized
[   23.604832] Bluetooth: SCO socket layer initialized
[[0;32m  OK  [0m] Started Cape Manager Service.
[   24.177542] omap-sham 53100000.sham: hw accel on OMAP rev 4.3
[   24.205638] PM: Cannot get wkup_m3_ipc handle
[   24.292563] omap-aes 53500000.aes: OMAP AES hw accel rev: 3.2
[   24.341343] omap-sham 53100000.sham: will run requests pump with realtime priority
[   24.359952] PM: Cannot get wkup_m3_ipc handle
[   24.409589] omap-aes 53500000.aes: will run requests pump with realtime priority
[   24.436226] PM: Cannot get wkup_m3_ipc handle
[   27.883006] gpio-537 (nxp,calib): gpiod_direction_output_nonotify: tried to set a GPIO tied to an IRQ as output
[   28.007539] PM: Cannot get wkup_m3_ipc handle
[   28.165469] PM: Cannot get wkup_m3_ipc handle
[   28.195470] tda9950 0-0034: TDA9950 CEC interface, hardware version 3.3
[   28.285361] PM: Cannot get wkup_m3_ipc handle
[[0;32m  OK  [0m] Started LSB: Start busybox udhcpd at boot time.
[[0;32m  OK  [0m] Started Raise network interfaces.
[[0;32m  OK  [0m] Started LSB: Load kernel modules needed to enable cpufreq scaling.
[   29.898736] configfs-gadget.g_multi gadget.0: HOST MAC 1c:ba:8c:a2:ed:6c
[   29.905728] configfs-gadget.g_multi gadget.0: MAC 1c:ba:8c:a2:ed:70
[   29.913069] configfs-gadget.g_multi gadget.0: HOST MAC 1c:ba:8c:a2:ed:6c
[   29.919830] configfs-gadget.g_multi gadget.0: MAC 1c:ba:8c:a2:ed:6d
[   29.941802] PM: Cannot get wkup_m3_ipc handle
[[0;32m  OK  [0m] Started Connection service.
[[0;32m  OK  [0m] Started Login Service.
         Starting Hostname Service...
         Starting WPA supplicant...
[[0;32m  OK  [0m] Reached target Sound Card.
         Starting LSB: set CPUFreq kernel parameters...
[[0;32m  OK  [0m] Started Hostname Service.
[[0;32m  OK  [0m] Started WPA supplicant.
[[0;32m  OK  [0m] Reached target Network.
         Starting Permit User Sessions...
         Starting The Apache HTTP Server...
         Starting OpenBSD Secure Shell server...
[[0;32m  OK  [0m] Reached target Network is Online.
         Starting LSB: Advanced IEEE 802.11 management daemon...
[[0;32m  OK  [0m] Started LSB: set CPUFreq kernel parameters.
[[0;32m  OK  [0m] Started Permit User Sessions.
[[0;32m  OK  [0m] Started LSB: Advanced IEEE 802.11 management daemon.
[[0;32m  OK  [0m] Started Serial Getty on ttyS0.
[[0;32m  OK  [0m] Started Getty on tty1.
[[0;32m  OK  [0m] Reached target Login Prompts.
         Stopping LSB: Start busybox udhcpd at boot time...
[[0;32m  OK  [0m] Stopped LSB: Start busybox udhcpd at boot time.
[[0;32m  OK  [0m] Started OpenBSD Secure Shell server.
         Starting dnsmasq - A lightweight DHCP and caching DNS server...
[[0;32m  OK  [0m] Started The Apache HTTP Server.
[[0;32m  OK  [0m] Started dnsmasq - A lightweight DHCP and caching DNS server.
[[0;32m  OK  [0m] Reached target Host and Network Name Lookups.
[[0;32m  OK  [0m] Started Serial Getty on ttyGS0.
[[0;32m  OK  [0m] Started Generic Board Startup.
[[0;32m  OK  [0m] Reached target Multi-User System.
[[0;32m  OK  [0m] Reached target Graphical Interface.
         Starting Update UTMP about System Runlevel Changes...
[[0;32m  OK  [0m] Started Update UTMP about System Runlevel Changes.

Debian GNU/Linux 9 arm ttyS0

default username:password is [debian:temppwd]

arm login: root
Password: 
Last login: Sat Jan  1 00:00:42 UTC 2000 on ttyS0
root
Linux arm 6.17.0-rc7-next-20250924 #1 SMP Wed Sep 24 18:35:07 EEST 2025 armv7l

The programs included with the Debian GNU/Linux system are free software;
the exact distribution terms for each program are described in the
individual files in /usr/share/doc/*/copyright.

Debian GNU/Linux comes with ABSOLUTELY NO WARRANTY, to the extent
permitted by applicable law.
root@arm:~# root
-bash: root: command not found
root@arm:~# dmesg -n 1
root@arm:~# echo 'ZOFQ''TLUCSS'
ZOFQTLUCSS
root@arm:~# run() { echo -n "$MARKER"; sh -c "$@"; echo "$MARKER $?"; }
root@arm:~# echo 'AJJH''FFSEVQ'
AJJHFFSEVQ
root@arm:~# MARKER='ACXJ''KAQMKP' run 'cat /proc/version'
ACXJKAQMKPLinux version 6.17.0-rc7-next-20250924 (user01@drvtest01) (arm-none-eabi-gcc (Arm GNU Toolchain 14.2.Rel1 (Build arm-14.52)) 14.2.1 20241119, GNU ld (Arm GNU Toolchain 14.2.Rel1 (Build arm-14.52)) 2.43.1.20241119) #1 SMP Wed Sep 24 18:35:07 EEST 2025
ACXJKAQMKP 0
root@arm:~# echo 'BMXX''HCSUQA'
BMXXHCSUQA
root@arm:~# MARKER='JPAW''ZWVWFJ' run false
JPAWZWVWFJJPAWZWVWFJ 1
root@arm:~# Labgrid Console Logfile for main
Logfile started at 2025-09-24 18:38:01.753883
=== Log starts here ===

root@arm:~# run() { echo -n "$MARKER"; sh -c "$@"; echo "$MARKER $?"; }
root@arm:~# echo 'UYVO''MLWJEW'
UYVOMLWJEW
root@arm:~# MARKER='XBCL''FWLOQX' run 'ls /iio_generic_buffer; echo $?'
XBCLFWLOQX/iio_generic_buffer
0
XBCLFWLOQX 0
root@arm:~# Labgrid Console Logfile for main
Logfile started at 2025-09-24 18:38:05.090926
=== Log starts here ===

root@arm:~# run() { echo -n "$MARKER"; sh -c "$@"; echo "$MARKER $?"; }
root@arm:~# echo 'WKVT''UTVVQN'
WKVTUTVVQN
root@arm:~# MARKER='OBQC''QPLKEE' run dmesg
OBQCQPLKEE[    0.000000] Booting Linux on physical CPU 0x0
[    0.000000] Linux version 6.17.0-rc7-next-20250924 (user01@drvtest01) (arm-none-eabi-gcc (Arm GNU Toolchain 14.2.Rel1 (Build arm-14.52)) 14.2.1 20241119, GNU ld (Arm GNU Toolchain 14.2.Rel1 (Build arm-14.52)) 2.43.1.20241119) #1 SMP Wed Sep 24 18:35:07 EEST 2025
[    0.000000] CPU: ARMv7 Processor [413fc082] revision 2 (ARMv7), cr=10c5387d
[    0.000000] CPU: PIPT / VIPT nonaliasing data cache, VIPT aliasing instruction cache
[    0.000000] OF: fdt: Machine model: TI AM335x BeagleBone Black
[    0.000000] Memory policy: Data cache writeback
[    0.000000] cma: Reserved 16 MiB at 0x9e800000
[    0.000000] Zone ranges:
[    0.000000]   Normal   [mem 0x0000000080000000-0x000000009fdfffff]
[    0.000000]   HighMem  empty
[    0.000000] Movable zone start for each node
[    0.000000] Early memory node ranges
[    0.000000]   node   0: [mem 0x0000000080000000-0x000000009fdfffff]
[    0.000000] Initmem setup node 0 [mem 0x0000000080000000-0x000000009fdfffff]
[    0.000000] On node 0, zone Normal: 512 pages in unavailable ranges
[    0.000000] OF: reserved mem: Reserved memory: No reserved-memory node in the DT
[    0.000000] CPU: All CPU(s) started in SVC mode.
[    0.000000] AM335X ES2.1 (sgx neon)
[    0.000000] percpu: Embedded 17 pages/cpu s39884 r8192 d21556 u69632
[    0.000000] pcpu-alloc: s39884 r8192 d21556 u69632 alloc=17*4096
[    0.000000] pcpu-alloc: [0] 0 
[    0.000000] Kernel command line: console=ttyO0,115200n8 root=/dev/nfs rw nfsroot=192.168.255.126:/home/user01/nfs,nfsvers=3 ip=192.168.255.1:192.168.255.126::255.255.255.0:bbb1:eth0 nfsrootdebug
[    0.000000] Unknown kernel command line parameters "nfsrootdebug", will be passed to user space.
[    0.000000] printk: log buffer data + meta data: 65536 + 204800 = 270336 bytes
[    0.000000] Dentry cache hash table entries: 65536 (order: 6, 262144 bytes, linear)
[    0.000000] Inode-cache hash table entries: 32768 (order: 5, 131072 bytes, linear)
[    0.000000] Built 1 zonelists, mobility grouping on.  Total pages: 130560
[    0.000000] mem auto-init: stack:off, heap alloc:off, heap free:off
[    0.000000] SLUB: HWalign=16, Order=0-3, MinObjects=0, CPUs=1, Nodes=1
[    0.000000] rcu: Hierarchical RCU implementation.
[    0.000000] rcu: 	RCU event tracing is enabled.
[    0.000000] rcu: 	RCU restricting CPUs from NR_CPUS=2 to nr_cpu_ids=1.
[    0.000000] 	Tracing variant of Tasks RCU enabled.
[    0.000000] rcu: RCU calculated value of scheduler-enlistment delay is 10 jiffies.
[    0.000000] rcu: Adjusting geometry for rcu_fanout_leaf=16, nr_cpu_ids=1
[    0.000000] RCU Tasks Trace: Setting shift to 0 and lim to 1 rcu_task_cb_adjust=1 rcu_task_cpu_ids=1.
[    0.000000] NR_IRQS: 16, nr_irqs: 16, preallocated irqs: 16
[    0.000000] IRQ: Found an INTC at 0x(ptrval) (revision 5.0) with 128 interrupts
[    0.000000] rcu: srcu_init: Setting srcu_struct sizes based on contention.
[    0.000000] TI gptimer clocksource: always-on /ocp/interconnect@44c00000/segment@200000/target-module@31000
[    0.000003] sched_clock: 32 bits at 24MHz, resolution 41ns, wraps every 89478484971ns
[    0.000026] clocksource: dmtimer: mask: 0xffffffff max_cycles: 0xffffffff, max_idle_ns: 79635851949 ns
[    0.000496] TI gptimer clockevent: 24000000 Hz at /ocp/interconnect@48000000/segment@0/target-module@40000
[    0.002057] Console: colour dummy device 80x30
[    0.002124] WARNING: Your 'console=ttyO0' has been replaced by 'ttyS0'
[    0.002132] This ensures that you still see kernel messages. Please
[    0.002136] update your kernel commandline.
[    0.002178] Calibrating delay loop... 996.14 BogoMIPS (lpj=4980736)
[    0.090606] CPU: Testing write buffer coherency: ok
[    0.090688] CPU0: Spectre v2: using BPIALL workaround
[    0.090698] pid_max: default: 32768 minimum: 301
[    0.090878] LSM: initializing lsm=capability
[    0.091042] Mount-cache hash table entries: 1024 (order: 0, 4096 bytes, linear)
[    0.091062] Mountpoint-cache hash table entries: 1024 (order: 0, 4096 bytes, linear)
[    0.092632] CPU0: thread -1, cpu 0, socket -1, mpidr 0
[    0.092690] cacheinfo: Unable to detect cache hierarchy for CPU 0
[    0.094708] Setting up static identity map for 0x80100000 - 0x80100078
[    0.095023] rcu: Hierarchical SRCU implementation.
[    0.095035] rcu: 	Max phase no-delay instances is 1000.
[    0.096727] smp: Bringing up secondary CPUs ...
[    0.096779] smp: Brought up 1 node, 1 CPU
[    0.096792] SMP: Total of 1 processors activated (996.14 BogoMIPS).
[    0.096803] CPU: All CPU(s) started in SVC mode.
[    0.097001] Memory: 480868K/522240K available (11264K kernel code, 1226K rwdata, 2948K rodata, 1024K init, 256K bss, 23336K reserved, 16384K cma-reserved, 0K highmem)
[    0.097810] devtmpfs: initialized
[    0.115372] VFP support v0.3: implementor 41 architecture 3 part 30 variant c rev 3
[    0.116009] clocksource: jiffies: mask: 0xffffffff max_cycles: 0xffffffff, max_idle_ns: 19112604462750000 ns
[    0.116068] posixtimers hash table entries: 512 (order: 0, 4096 bytes, linear)
[    0.116094] futex hash table entries: 256 (16384 bytes on 1 NUMA nodes, total 16 KiB, linear).
[    0.117241] pinctrl core: initialized pinctrl subsystem
[    0.119340] NET: Registered PF_NETLINK/PF_ROUTE protocol family
[    0.122406] DMA: preallocated 256 KiB pool for atomic coherent allocations
[    0.123013] audit: initializing netlink subsys (disabled)
[    0.124353] thermal_sys: Registered thermal governor 'fair_share'
[    0.124368] thermal_sys: Registered thermal governor 'step_wise'
[    0.124377] thermal_sys: Registered thermal governor 'user_space'
[    0.124484] audit: type=2000 audit(0.120:1): state=initialized audit_enabled=0 res=1
[    0.124554] cpuidle: using governor menu
[    0.142688] /ocp/interconnect@44c00000/segment@200000/target-module@b000/i2c@0/tda19988@70: Fixed dependency cycle(s) with /ocp/interconnect@48000000/segment@300000/target-module@e000/lcdc@0
[    0.143776] /ocp/interconnect@48000000/segment@300000/target-module@e000/lcdc@0: Fixed dependency cycle(s) with /ocp/interconnect@44c00000/segment@200000/target-module@b000/i2c@0/tda19988@70
[    0.145987] No ATAGs?
[    0.146024] hw-breakpoint: debug architecture 0x4 unsupported.
[    0.149105] kprobes: kprobe jump-optimization is enabled. All kprobes are optimized if possible.
[    0.153793] iommu: Default domain type: Translated
[    0.153816] iommu: DMA domain TLB invalidation policy: strict mode
[    0.155365] reg-fixed-voltage fixedregulator0: using DT '/fixedregulator0' for '(default)' GPIO lookup
[    0.155419] of_get_named_gpiod_flags: can't parse 'gpios' property of node '/fixedregulator0[0]'
[    0.155446] of_get_named_gpiod_flags: can't parse 'gpio' property of node '/fixedregulator0[0]'
[    0.155464] reg-fixed-voltage fixedregulator0: using lookup tables for GPIO lookup
[    0.155475] reg-fixed-voltage fixedregulator0: No GPIO consumer (default) found
[    0.161589] SCSI subsystem initialized
[    0.162065] libata version 3.00 loaded.
[    0.162448] pps_core: LinuxPPS API ver. 1 registered
[    0.162459] pps_core: Software ver. 5.3.6 - Copyright 2005-2007 Rodolfo Giometti <giometti@linux.it>
[    0.162483] PTP clock support registered
[    0.170843] vgaarb: loaded
[    0.171228] clocksource: Switched to clocksource dmtimer
[    0.171915] VFS: Disk quotas dquot_6.6.0
[    0.171975] VFS: Dquot-cache hash table entries: 1024 (order 0, 4096 bytes)
[    0.196163] NET: Registered PF_INET protocol family
[    0.196500] IP idents hash table entries: 8192 (order: 4, 65536 bytes, linear)
[    0.197929] tcp_listen_portaddr_hash hash table entries: 512 (order: 0, 4096 bytes, linear)
[    0.197967] Table-perturb hash table entries: 65536 (order: 6, 262144 bytes, linear)
[    0.197983] TCP established hash table entries: 4096 (order: 2, 16384 bytes, linear)
[    0.198029] TCP bind hash table entries: 4096 (order: 4, 65536 bytes, linear)
[    0.198128] TCP: Hash tables configured (established 4096 bind 4096)
[    0.198252] UDP hash table entries: 256 (order: 1, 14336 bytes, linear)
[    0.198285] UDP-Lite hash table entries: 256 (order: 1, 14336 bytes, linear)
[    0.198505] NET: Registered PF_UNIX/PF_LOCAL protocol family
[    0.201910] RPC: Registered named UNIX socket transport module.
[    0.201933] RPC: Registered udp transport module.
[    0.201938] RPC: Registered tcp transport module.
[    0.201943] RPC: Registered tcp-with-tls transport module.
[    0.201948] RPC: Registered tcp NFSv4.1 backchannel transport module.
[    0.201973] PCI: CLS 0 bytes, default 64
[    0.203408] Initialise system trusted keyrings
[    0.211953] workingset: timestamp_bits=14 max_order=17 bucket_order=3
[    0.213424] NFS: Registering the id_resolver key type
[    0.213502] Key type id_resolver registered
[    0.213510] Key type id_legacy registered
[    0.213621] jffs2: version 2.2. (NAND) (SUMMARY)  Â© 2001-2006 Red Hat, Inc.
[    0.214092] Key type asymmetric registered
[    0.214111] Asymmetric key parser 'x509' registered
[    0.214187] io scheduler mq-deadline registered
[    0.214197] io scheduler kyber registered
[    0.214278] io scheduler bfq registered
[    0.216123] target-module@4b000000:target-module@140000:pmu@0:fck: device ID is greater than 24
[    0.221486] ledtrig-cpu: registered to indicate activity on CPUs
[    0.225206] Serial: 8250/16550 driver, 6 ports, IRQ sharing enabled
[    0.265859] brd: module loaded
[    0.287596] loop: module loaded
[    0.288530] mtdoops: mtd device (mtddev=name/number) must be supplied
[    0.290075] mdio_bus fixed-0: using lookup tables for GPIO lookup
[    0.290097] mdio_bus fixed-0: No GPIO consumer reset found
[    0.291693] i2c_dev: i2c /dev entries driver
[    0.292721] cpuidle: enable-method property 'ti,am3352' found operations
[    0.293170] sdhci: Secure Digital Host Controller Interface driver
[    0.293178] sdhci: Copyright(c) Pierre Ossman
[    0.293363] sdhci-pltfm: SDHCI platform and OF driver helper
[    0.301614] hw perfevents: enabled with armv7_cortex_a8 PMU driver, 5 (8000000f) counters available
[    0.302178] Initializing XFRM netlink socket
[    0.302346] NET: Registered PF_INET6 protocol family
[    0.304334] Segment Routing with IPv6
[    0.304417] In-situ OAM (IOAM) with IPv6
[    0.304510] sit: IPv6, IPv4 and MPLS over IPv4 tunneling driver
[    0.305483] NET: Registered PF_PACKET protocol family
[    0.305512] NET: Registered PF_KEY protocol family
[    0.305635] Key type dns_resolver registered
[    0.305868] ThumbEE CPU extension supported.
[    0.305887] Registering SWP/SWPB emulation handler
[    0.306411] omap_voltage_late_init: Voltage driver support not added
[    0.307076] SmartReflex Class3 initialized
[    0.343479] Loading compiled-in X.509 certificates
[    0.396321] /ocp/interconnect@44c00000/segment@200000/target-module@b000/i2c@0/tda19988@70: Fixed dependency cycle(s) with /ocp/interconnect@48000000/segment@300000/target-module@e000/lcdc@0
[    0.402831] /ocp/interconnect@44c00000/segment@200000/target-module@b000/i2c@0/tda19988@70: Fixed dependency cycle(s) with /ocp/interconnect@48000000/segment@300000/target-module@e000/lcdc@0
[    0.408370] gpiochip_find_base_unlocked: found new base at 512
[    0.423245] /ocp/interconnect@44c00000/segment@200000/target-module@b000/i2c@0/tda19988@70: Fixed dependency cycle(s) with /ocp/interconnect@48000000/segment@300000/target-module@e000/lcdc@0
[    0.424131] /ocp/interconnect@44c00000/segment@200000/target-module@b000/i2c@0/tda19988@70: Fixed dependency cycle(s) with /ocp/interconnect@48000000/segment@300000/target-module@e000/lcdc@0
[    0.427559] /ocp/interconnect@44c00000/segment@200000/target-module@10000/scm@0/pinmux@800: Fixed dependency cycle(s) with /ocp/interconnect@44c00000/segment@200000/target-module@10000/scm@0/pinmux@800/clkout2-pins
[    0.428151] pinctrl-single 44e10800.pinmux: 142 pins, size 568
[    0.433775] ti-sysc 44e31000.target-module: probe with driver ti-sysc failed with error -16
[    0.447593] /ocp/interconnect@48000000/segment@300000/target-module@e000/lcdc@0: Fixed dependency cycle(s) with /ocp/interconnect@44c00000/segment@200000/target-module@b000/i2c@0/tda19988@70
[    0.456008] ti-sysc 48040000.target-module: probe with driver ti-sysc failed with error -16
[    0.467610] gpiochip_find_base_unlocked: found new base at 512
[    0.467705] gpio gpiochip0: (gpio-0-31): created GPIO range 0->7 ==> 44e10800.pinmux PIN 0->7
[    0.467726] gpio gpiochip0: (gpio-0-31): created GPIO range 8->11 ==> 44e10800.pinmux PIN 90->93
[    0.467743] gpio gpiochip0: (gpio-0-31): created GPIO range 12->27 ==> 44e10800.pinmux PIN 12->27
[    0.467766] gpio gpiochip0: (gpio-0-31): created GPIO range 28->31 ==> 44e10800.pinmux PIN 30->33
[    0.502367] gpio gpiochip0: (gpio-0-31): added GPIO chardev (254:0)
[    0.502615] gpio gpiochip0: registered GPIOs 512 to 543 on gpio-0-31
[    0.502701] OMAP GPIO hardware version 0.1
[    0.528882] i2c i2c-2: using DT '/ocp/interconnect@48000000/segment@100000/target-module@9c000/i2c@0' for 'scl' GPIO lookup
[    0.528953] of_get_named_gpiod_flags: can't parse 'scl-gpios' property of node '/ocp/interconnect@48000000/segment@100000/target-module@9c000/i2c@0[0]'
[    0.528995] of_get_named_gpiod_flags: can't parse 'scl-gpio' property of node '/ocp/interconnect@48000000/segment@100000/target-module@9c000/i2c@0[0]'
[    0.529031] i2c i2c-2: using lookup tables for GPIO lookup
[    0.529041] i2c i2c-2: No GPIO consumer scl found
[    0.529063] i2c i2c-2: using DT '/ocp/interconnect@48000000/segment@100000/target-module@9c000/i2c@0' for 'sda' GPIO lookup
[    0.529097] of_get_named_gpiod_flags: can't parse 'sda-gpios' property of node '/ocp/interconnect@48000000/segment@100000/target-module@9c000/i2c@0[0]'
[    0.529134] of_get_named_gpiod_flags: can't parse 'sda-gpio' property of node '/ocp/interconnect@48000000/segment@100000/target-module@9c000/i2c@0[0]'
[    0.529165] i2c i2c-2: using lookup tables for GPIO lookup
[    0.529173] i2c i2c-2: No GPIO consumer sda found
[    0.529896] omap_i2c 4819c000.i2c: bus 2 rev0.11 at 100 kHz
[    0.535727] gpiochip_find_base_unlocked: found new base at 544
[    0.535843] gpio gpiochip1: (gpio-32-63): created GPIO range 0->17 ==> 44e10800.pinmux PIN 34->51
[    0.535864] gpio gpiochip1: (gpio-32-63): created GPIO range 18->21 ==> 44e10800.pinmux PIN 77->80
[    0.535880] gpio gpiochip1: (gpio-32-63): created GPIO range 22->31 ==> 44e10800.pinmux PIN 56->65
[    0.557662] gpio gpiochip1: (gpio-32-63): added GPIO chardev (254:1)
[    0.557896] gpio gpiochip1: registered GPIOs 544 to 575 on gpio-32-63
[    0.560210] gpiochip_find_base_unlocked: found new base at 576
[    0.560299] gpio gpiochip2: (gpio-64-95): created GPIO range 0->4 ==> 44e10800.pinmux PIN 66->70
[    0.560319] gpio gpiochip2: (gpio-64-95): created GPIO range 5->6 ==> 44e10800.pinmux PIN 98->99
[    0.560334] gpio gpiochip2: (gpio-64-95): created GPIO range 7->8 ==> 44e10800.pinmux PIN 75->76
[    0.560350] gpio gpiochip2: (gpio-64-95): created GPIO range 13->13 ==> 44e10800.pinmux PIN 141->141
[    0.560366] gpio gpiochip2: (gpio-64-95): created GPIO range 14->21 ==> 44e10800.pinmux PIN 100->107
[    0.573328] gpio gpiochip2: (gpio-64-95): added GPIO chardev (254:2)
[    0.573548] gpio gpiochip2: registered GPIOs 576 to 607 on gpio-64-95
[    0.579240] 48000000.interconnect:segment@200000:target-module@0:mpu@0:fck: device ID is greater than 24
[    0.580153] /ocp/interconnect@48000000/segment@300000/target-module@e000/lcdc@0: Fixed dependency cycle(s) with /ocp/interconnect@44c00000/segment@200000/target-module@b000/i2c@0/tda19988@70
[    0.583264] /ocp/interconnect@48000000/segment@300000/target-module@e000/lcdc@0: Fixed dependency cycle(s) with /ocp/interconnect@44c00000/segment@200000/target-module@b000/i2c@0/tda19988@70
[    0.583984] /ocp/interconnect@44c00000/segment@200000/target-module@b000/i2c@0/tda19988@70: Fixed dependency cycle(s) with /ocp/interconnect@48000000/segment@300000/target-module@e000/lcdc@0
[    0.584154] /ocp/interconnect@48000000/segment@300000/target-module@e000/lcdc@0: Fixed dependency cycle(s) with /ocp/interconnect@44c00000/segment@200000/target-module@b000/i2c@0/tda19988@70
[    0.591186] sdhci-omap 481d8000.mmc: using DT '/ocp/interconnect@48000000/segment@100000/target-module@d8000/mmc@0' for 'wp' GPIO lookup
[    0.591406] of_get_named_gpiod_flags: can't parse 'wp-gpios' property of node '/ocp/interconnect@48000000/segment@100000/target-module@d8000/mmc@0[0]'
[    0.591457] of_get_named_gpiod_flags: can't parse 'wp-gpio' property of node '/ocp/interconnect@48000000/segment@100000/target-module@d8000/mmc@0[0]'
[    0.591495] sdhci-omap 481d8000.mmc: using lookup tables for GPIO lookup
[    0.591506] sdhci-omap 481d8000.mmc: No GPIO consumer wp found
[    0.591707] sdhci-omap 481d8000.mmc: supply pbias not found, using dummy regulator
[    0.596895] mdio_bus 4a101000.mdio: using DT '/ocp/interconnect@4a000000/segment@0/target-module@100000/switch@0/mdio@1000' for 'reset' GPIO lookup
[    0.596968] of_get_named_gpiod_flags: can't parse 'reset-gpios' property of node '/ocp/interconnect@4a000000/segment@0/target-module@100000/switch@0/mdio@1000[0]'
[    0.597015] of_get_named_gpiod_flags: can't parse 'reset-gpio' property of node '/ocp/interconnect@4a000000/segment@0/target-module@100000/switch@0/mdio@1000[0]'
[    0.597063] mdio_bus 4a101000.mdio: using lookup tables for GPIO lookup
[    0.597073] mdio_bus 4a101000.mdio: No GPIO consumer reset found
[    0.597920] sdhci-omap 481d8000.mmc: supply vqmmc not found, using dummy regulator
[    0.653369] davinci_mdio 4a101000.mdio: davinci mdio revision 1.6, bus freq 1000000
[    0.655169] mdio_bus 4a101000.mdio:00: using DT '/ocp/interconnect@4a000000/segment@0/target-module@100000/switch@0/mdio@1000/ethernet-phy@0' for 'reset' GPIO lookup
[    0.655271] of_get_named_gpiod_flags: parsed 'reset-gpios' property of node '/ocp/interconnect@4a000000/segment@0/target-module@100000/switch@0/mdio@1000/ethernet-phy@0[0]' - status (0)
[    0.655431] gpio gpiochip0: Persistence not supported for GPIO 8
[    0.783500] davinci_mdio 4a101000.mdio: phy[0]: device 4a101000.mdio:00, driver SMSC LAN8710/LAN8720
[    0.784282] cpsw-switch 4a100000.switch: initialized cpsw ale version 1.4
[    0.784307] cpsw-switch 4a100000.switch: ALE Table size 1024, Policers 0
[    0.784647] cpsw-switch 4a100000.switch: cpts: overflow check period 500 (jiffies)
[    0.784667] cpsw-switch 4a100000.switch: CPTS: ref_clk_freq:250000000 calc_mult:2147483648 calc_shift:29 error:0 nsec/sec
[    0.784773] cpsw-switch 4a100000.switch: Detected MACID = 6c:ec:eb:68:de:78
[    0.786663] cpsw-switch 4a100000.switch: initialized (regs 0x4a100000, pool size 256) hw_ver:0019010C 1.12 (0)
[    0.813656] debugfs: '49000000.dma' already exists in 'dmaengine'
[    0.813699] edma 49000000.dma: TI EDMA DMA engine driver
[    0.861520] gpio-clk clk_mcasp0: using DT '/clk_mcasp0' for 'enable' GPIO lookup
[    0.861601] of_get_named_gpiod_flags: parsed 'enable-gpios' property of node '/clk_mcasp0[0]' - status (0)
[    0.861649] gpio gpiochip0: Persistence not supported for GPIO 27
[    0.862437] gpiochip_find_base_unlocked: found new base at 608
[    0.862550] gpio gpiochip3: (gpio-96-127): created GPIO range 0->7 ==> 44e10800.pinmux PIN 82->89
[    0.862569] gpio gpiochip3: (gpio-96-127): created GPIO range 8->11 ==> 44e10800.pinmux PIN 52->55
[    0.862585] gpio gpiochip3: (gpio-96-127): created GPIO range 12->15 ==> 44e10800.pinmux PIN 94->97
[    0.862601] gpio gpiochip3: (gpio-96-127): created GPIO range 16->17 ==> 44e10800.pinmux PIN 71->72
[    0.862619] gpio gpiochip3: (gpio-96-127): created GPIO range 18->18 ==> 44e10800.pinmux PIN 135->135
[    0.862637] gpio gpiochip3: (gpio-96-127): created GPIO range 19->20 ==> 44e10800.pinmux PIN 108->109
[    0.862654] gpio gpiochip3: (gpio-96-127): created GPIO range 21->21 ==> 44e10800.pinmux PIN 73->73
[    0.862671] gpio gpiochip3: (gpio-96-127): created GPIO range 22->23 ==> 44e10800.pinmux PIN 8->9
[    0.862689] gpio gpiochip3: (gpio-96-127): created GPIO range 26->27 ==> 44e10800.pinmux PIN 10->11
[    0.862707] gpio gpiochip3: (gpio-96-127): created GPIO range 28->28 ==> 44e10800.pinmux PIN 74->74
[    0.862726] gpio gpiochip3: (gpio-96-127): created GPIO range 29->29 ==> 44e10800.pinmux PIN 81->81
[    0.862744] gpio gpiochip3: (gpio-96-127): created GPIO range 30->31 ==> 44e10800.pinmux PIN 28->29
[    0.874449] gpio gpiochip3: (gpio-96-127): added GPIO chardev (254:3)
[    0.874694] gpio gpiochip3: registered GPIOs 608 to 639 on gpio-96-127
[    0.887425] omap8250 44e09000.serial: using DT '/ocp/interconnect@44c00000/segment@200000/target-module@9000/serial@0' for 'rs485-term' GPIO lookup
[    0.887501] of_get_named_gpiod_flags: can't parse 'rs485-term-gpios' property of node '/ocp/interconnect@44c00000/segment@200000/target-module@9000/serial@0[0]'
[    0.887546] of_get_named_gpiod_flags: can't parse 'rs485-term-gpio' property of node '/ocp/interconnect@44c00000/segment@200000/target-module@9000/serial@0[0]'
[    0.887582] omap8250 44e09000.serial: using lookup tables for GPIO lookup
[    0.887593] omap8250 44e09000.serial: No GPIO consumer rs485-term found
[    0.887603] omap8250 44e09000.serial: using DT '/ocp/interconnect@44c00000/segment@200000/target-module@9000/serial@0' for 'rs485-rx-during-tx' GPIO lookup
[    0.887638] of_get_named_gpiod_flags: can't parse 'rs485-rx-during-tx-gpios' property of node '/ocp/interconnect@44c00000/segment@200000/target-module@9000/serial@0[0]'
[    0.887675] of_get_named_gpiod_flags: can't parse 'rs485-rx-during-tx-gpio' property of node '/ocp/interconnect@44c00000/segment@200000/target-module@9000/serial@0[0]'
[    0.887707] omap8250 44e09000.serial: using lookup tables for GPIO lookup
[    0.887715] omap8250 44e09000.serial: No GPIO consumer rs485-rx-during-tx found
[    0.888158] 44e09000.serial: ttyS0 at MMIO 0x44e09000 (irq = 34, base_baud = 3000000) is a 8250
[    0.888251] printk: legacy console [ttyS0] enabled
[    2.446054] i2c i2c-0: using DT '/ocp/interconnect@44c00000/segment@200000/target-module@b000/i2c@0' for 'scl' GPIO lookup
[    2.446142] of_get_named_gpiod_flags: can't parse 'scl-gpios' property of node '/ocp/interconnect@44c00000/segment@200000/target-module@b000/i2c@0[0]'
[    2.446188] of_get_named_gpiod_flags: can't parse 'scl-gpio' property of node '/ocp/interconnect@44c00000/segment@200000/target-module@b000/i2c@0[0]'
[    2.446228] i2c i2c-0: using lookup tables for GPIO lookup
[    2.446242] i2c i2c-0: No GPIO consumer scl found
[    2.446268] i2c i2c-0: using DT '/ocp/interconnect@44c00000/segment@200000/target-module@b000/i2c@0' for 'sda' GPIO lookup
[    2.446307] of_get_named_gpiod_flags: can't parse 'sda-gpios' property of node '/ocp/interconnect@44c00000/segment@200000/target-module@b000/i2c@0[0]'
[    2.446348] of_get_named_gpiod_flags: can't parse 'sda-gpio' property of node '/ocp/interconnect@44c00000/segment@200000/target-module@b000/i2c@0[0]'
[    2.446383] i2c i2c-0: using lookup tables for GPIO lookup
[    2.446395] i2c i2c-0: No GPIO consumer sda found
[    2.462196] tps65217-pmic: Failed to locate of_node [id: -1]
[    2.468256] tps65217-bl: Failed to locate of_node [id: -1]
[    2.474344] platform tps65217-charger: DMA mask not set
[    2.480364] platform tps65217-pwrbutton: DMA mask not set
[    2.487655] tps65217 0-0024: TPS65217 ID 0xe version 1.2
[    2.493764] /ocp/interconnect@48000000/segment@300000/target-module@e000/lcdc@0: Fixed dependency cycle(s) with /ocp/interconnect@44c00000/segment@200000/target-module@b000/i2c@0/tda19988@70
[    2.511229] /ocp/interconnect@44c00000/segment@200000/target-module@b000/i2c@0/tda19988@70: Fixed dependency cycle(s) with /ocp/interconnect@48000000/segment@300000/target-module@e000/lcdc@0
[    2.528604] omap_i2c 44e0b000.i2c: bus 0 rev0.11 at 400 kHz
[    2.536363] sdhci-omap 48060000.mmc: using DT '/ocp/interconnect@48000000/segment@0/target-module@60000/mmc@0' for 'cd' GPIO lookup
[    2.536468] of_get_named_gpiod_flags: parsed 'cd-gpios' property of node '/ocp/interconnect@48000000/segment@0/target-module@60000/mmc@0[0]' - status (0)
[    2.536537] gpio gpiochip3: Persistence not supported for GPIO 6
[    2.536561] omap_gpio 44e07000.gpio: Could not set line 6 debounce to 200000 microseconds (-22)
[    2.545441] sdhci-omap 48060000.mmc: Got CD GPIO
[    2.550092] sdhci-omap 48060000.mmc: using DT '/ocp/interconnect@48000000/segment@0/target-module@60000/mmc@0' for 'wp' GPIO lookup
[    2.550142] of_get_named_gpiod_flags: can't parse 'wp-gpios' property of node '/ocp/interconnect@48000000/segment@0/target-module@60000/mmc@0[0]'
[    2.550185] of_get_named_gpiod_flags: can't parse 'wp-gpio' property of node '/ocp/interconnect@48000000/segment@0/target-module@60000/mmc@0[0]'
[    2.550225] sdhci-omap 48060000.mmc: using lookup tables for GPIO lookup
[    2.550239] sdhci-omap 48060000.mmc: No GPIO consumer wp found
[    2.550448] sdhci-omap 48060000.mmc: supply pbias not found, using dummy regulator
[    2.559290] sdhci-omap 481d8000.mmc: using DT '/ocp/interconnect@48000000/segment@100000/target-module@d8000/mmc@0' for 'wp' GPIO lookup
[    2.559362] of_get_named_gpiod_flags: can't parse 'wp-gpios' property of node '/ocp/interconnect@48000000/segment@100000/target-module@d8000/mmc@0[0]'
[    2.559410] of_get_named_gpiod_flags: can't parse 'wp-gpio' property of node '/ocp/interconnect@48000000/segment@100000/target-module@d8000/mmc@0[0]'
[    2.559449] sdhci-omap 481d8000.mmc: using lookup tables for GPIO lookup
[    2.559464] sdhci-omap 481d8000.mmc: No GPIO consumer wp found
[    2.560673] sdhci-omap 48060000.mmc: supply vqmmc not found, using dummy regulator
[    2.569574] sdhci-omap 481d8000.mmc: supply pbias not found, using dummy regulator
[    2.578223] sdhci-omap 481d8000.mmc: supply vqmmc not found, using dummy regulator
[    2.670121] mmc1: SDHCI controller on 481d8000.mmc [481d8000.mmc] using External DMA
[    2.678552] mmc0: SDHCI controller on 48060000.mmc [48060000.mmc] using External DMA
[    2.687316] cpsw-switch 4a100000.switch: starting ndev. mode: dual_mac
[    2.751520] mmc1: new high speed MMC card at address 0001
[    2.758326] mmcblk1: mmc1:0001 MMC04G 3.60 GiB
[    2.766206]  mmcblk1: p1 p2
[    2.769947] SMSC LAN8710/LAN8720 4a101000.mdio:00: attached PHY driver (mii_bus:phy_addr=4a101000.mdio:00, irq=POLL)
[    2.782613] mmcblk1boot0: mmc1:0001 MMC04G 2.00 MiB
[    2.796433] mmcblk1boot1: mmc1:0001 MMC04G 2.00 MiB
[    2.805137] mmcblk1rpmb: mmc1:0001 MMC04G 128 KiB, chardev (249:0)
[    2.854299] mmc0: new high speed SDHC card at address aaaa
[    2.861125] mmcblk0: mmc0:aaaa SE32G 29.7 GiB
[    2.870406]  mmcblk0: p1 p2
[    5.921982] cpsw-switch 4a100000.switch eth0: Link is Up - 100Mbps/Full - flow control off
[    5.951238] IP-Config: Complete:
[    5.954507]      device=eth0, hwaddr=6c:ec:eb:68:de:78, ipaddr=192.168.255.1, mask=255.255.255.0, gw=255.255.255.255
[    5.965160]      host=bbb1, domain=, nis-domain=(none)
[    5.970329]      bootserver=192.168.255.126, rootserver=192.168.255.126, rootpath=
[    5.970768] clk: Disabling unused clocks
[    5.982625] PM: genpd: Disabling unused power domains
[    5.987770] KTAP version 1
[    5.990491] 1..0
[    5.993217] check access for rdinit=/init failed: -2, ignoring
[    6.031645] VFS: Mounted root (nfs filesystem) on device 0:17.
[    6.038625] devtmpfs: mounted
[    6.043341] Freeing unused kernel image (initmem) memory: 1024K
[    6.049932] Run /sbin/init as init process
[    6.054167]   with arguments:
[    6.054183]     /sbin/init
[    6.054193]     nfsrootdebug
[    6.054202]   with environment:
[    6.054210]     HOME=/
[    6.054219]     TERM=linux
[    6.742909] systemd[1]: System time before build time, advancing clock.
[    8.261253] random: crng init done
[    8.293904] systemd[1]: systemd 232 running in system mode. (+PAM +AUDIT +SELINUX +IMA +APPARMOR +SMACK +SYSVINIT +UTMP +LIBCRYPTSETUP +GCRYPT +GNUTLS +ACL +XZ +LZ4 +SECCOMP +BLKID +ELFUTILS +KMOD +IDN)
[    8.312994] systemd[1]: Detected architecture arm.
[    8.344777] systemd[1]: Set hostname to <arm>.
[    9.477457] systemd[1]: Set up automount Arbitrary Executable File Formats File System Automount Point.
[    9.515431] systemd[1]: systemd-journald.socket: SO_PASSSEC failed: Operation not supported
[    9.524347] systemd[1]: systemd-journald.socket: SO_PASSSEC failed: Operation not supported
[    9.533089] systemd[1]: Listening on Journal Socket.
[    9.562057] systemd[1]: syslog.socket: SO_PASSSEC failed: Operation not supported
[    9.569764] systemd[1]: Listening on Syslog Socket.
[    9.591869] systemd[1]: Listening on udev Kernel Socket.
[   12.024505] systemd-journald[81]: Received request to flush runtime journal from PID 1
[   12.647851] omap_prm 44e00d00.prm: sync_state() pending due to 44d00000.cpu
[   14.725487] leds-gpio leds: using DT '/leds/led2' for '(default)' GPIO lookup
[   14.725599] of_get_named_gpiod_flags: parsed 'gpios' property of node '/leds/led2[0]' - status (0)
[   14.725658] gpio gpiochip0: Persistence not supported for GPIO 21
[   14.725673] gpio-533 (?): no flags found for GPIO (default)
[   14.793833] leds-gpio leds: using DT '/leds/led3' for '(default)' GPIO lookup
[   14.794097] of_get_named_gpiod_flags: parsed 'gpios' property of node '/leds/led3[0]' - status (0)
[   14.794160] gpio gpiochip0: Persistence not supported for GPIO 22
[   14.794174] gpio-534 (?): no flags found for GPIO (default)
[   14.817295] leds-gpio leds: using DT '/leds/led4' for '(default)' GPIO lookup
[   14.817394] of_get_named_gpiod_flags: parsed 'gpios' property of node '/leds/led4[0]' - status (0)
[   14.817449] gpio gpiochip0: Persistence not supported for GPIO 23
[   14.817464] gpio-535 (?): no flags found for GPIO (default)
[   14.833653] leds-gpio leds: using DT '/leds/led5' for '(default)' GPIO lookup
[   14.833768] of_get_named_gpiod_flags: parsed 'gpios' property of node '/leds/led5[0]' - status (0)
[   14.833823] gpio gpiochip0: Persistence not supported for GPIO 24
[   14.833838] gpio-536 (?): no flags found for GPIO (default)
[   15.304091] remoteproc remoteproc0: wkup_m3 is available
[   15.488218] omap_rtc 44e3e000.rtc: registered as rtc0
[   15.493566] omap_rtc 44e3e000.rtc: setting system clock to 2000-01-01T00:00:00 UTC (946684800)
[   15.502331] omap_rtc 44e3e000.rtc: using DT '/ocp/interconnect@44c00000/segment@200000/target-module@3e000/rtc@0' for 'wp' GPIO lookup
[   15.502403] of_get_named_gpiod_flags: can't parse 'wp-gpios' property of node '/ocp/interconnect@44c00000/segment@200000/target-module@3e000/rtc@0[0]'
[   15.502454] of_get_named_gpiod_flags: can't parse 'wp-gpio' property of node '/ocp/interconnect@44c00000/segment@200000/target-module@3e000/rtc@0[0]'
[   15.502495] omap_rtc 44e3e000.rtc: using lookup tables for GPIO lookup
[   15.502510] omap_rtc 44e3e000.rtc: No GPIO consumer wp found
[   15.610193] at24 2-0054: supply vcc not found, using dummy regulator
[   15.718557] at24 2-0055: supply vcc not found, using dummy regulator
[   15.815782] omap_wdt: OMAP Watchdog Timer Rev 0x01: initial timeout 60 sec
[   15.865190] at24 2-0056: supply vcc not found, using dummy regulator
[   15.945087] input: tps65217_pwrbutton as /devices/platform/ocp/44c00000.interconnect/44c00000.interconnect:segment@200000/44e0b000.target-module/44e0b000.i2c/i2c-0/0-0024/tps65217-pwrbutton/input/input0
[   16.004622] at24 2-0057: supply vcc not found, using dummy regulator
[   16.165881] at24 0-0050: using DT '/ocp/interconnect@44c00000/segment@200000/target-module@b000/i2c@0/eeprom@50' for 'wp' GPIO lookup
[   16.166046] of_get_named_gpiod_flags: can't parse 'wp-gpios' property of node '/ocp/interconnect@44c00000/segment@200000/target-module@b000/i2c@0/eeprom@50[0]'
[   16.166163] of_get_named_gpiod_flags: can't parse 'wp-gpio' property of node '/ocp/interconnect@44c00000/segment@200000/target-module@b000/i2c@0/eeprom@50[0]'
[   16.166258] at24 0-0050: using lookup tables for GPIO lookup
[   16.166273] at24 0-0050: No GPIO consumer wp found
[   16.166846] at24 0-0050: 32768 byte 24c256 EEPROM, writable, 1 bytes/write
[   17.307610] am335x-phy-driver 47401300.usb-phy: using DT '/ocp/target-module@47400000/usb-phy@1300' for 'reset' GPIO lookup
[   17.307702] of_get_named_gpiod_flags: can't parse 'reset-gpios' property of node '/ocp/target-module@47400000/usb-phy@1300[0]'
[   17.307746] of_get_named_gpiod_flags: can't parse 'reset-gpio' property of node '/ocp/target-module@47400000/usb-phy@1300[0]'
[   17.307785] am335x-phy-driver 47401300.usb-phy: using lookup tables for GPIO lookup
[   17.307800] am335x-phy-driver 47401300.usb-phy: No GPIO consumer reset found
[   17.307815] am335x-phy-driver 47401300.usb-phy: using DT '/ocp/target-module@47400000/usb-phy@1300' for 'vbus-detect' GPIO lookup
[   17.307847] of_get_named_gpiod_flags: can't parse 'vbus-detect-gpios' property of node '/ocp/target-module@47400000/usb-phy@1300[0]'
[   17.307879] of_get_named_gpiod_flags: can't parse 'vbus-detect-gpio' property of node '/ocp/target-module@47400000/usb-phy@1300[0]'
[   17.307906] am335x-phy-driver 47401300.usb-phy: using lookup tables for GPIO lookup
[   17.307918] am335x-phy-driver 47401300.usb-phy: No GPIO consumer vbus-detect found
[   17.308068] am335x-phy-driver 47401300.usb-phy: dummy supplies not allowed for exclusive requests (id=vbus)
[   17.526767] am335x-phy-driver 47401b00.usb-phy: using DT '/ocp/target-module@47400000/usb-phy@1b00' for 'reset' GPIO lookup
[   17.526865] of_get_named_gpiod_flags: can't parse 'reset-gpios' property of node '/ocp/target-module@47400000/usb-phy@1b00[0]'
[   17.526910] of_get_named_gpiod_flags: can't parse 'reset-gpio' property of node '/ocp/target-module@47400000/usb-phy@1b00[0]'
[   17.526950] am335x-phy-driver 47401b00.usb-phy: using lookup tables for GPIO lookup
[   17.526965] am335x-phy-driver 47401b00.usb-phy: No GPIO consumer reset found
[   17.526980] am335x-phy-driver 47401b00.usb-phy: using DT '/ocp/target-module@47400000/usb-phy@1b00' for 'vbus-detect' GPIO lookup
[   17.527012] of_get_named_gpiod_flags: can't parse 'vbus-detect-gpios' property of node '/ocp/target-module@47400000/usb-phy@1b00[0]'
[   17.527047] of_get_named_gpiod_flags: can't parse 'vbus-detect-gpio' property of node '/ocp/target-module@47400000/usb-phy@1b00[0]'
[   17.527074] am335x-phy-driver 47401b00.usb-phy: using lookup tables for GPIO lookup
[   17.527086] am335x-phy-driver 47401b00.usb-phy: No GPIO consumer vbus-detect found
[   17.527237] am335x-phy-driver 47401b00.usb-phy: dummy supplies not allowed for exclusive requests (id=vbus)
[   17.594731] usbcore: registered new interface driver usbfs
[   17.600397] usbcore: registered new interface driver hub
[   17.606099] usbcore: registered new device driver usb
[   18.653372] musb-hdrc musb-hdrc.1: MUSB HDRC host driver
[   18.658790] musb-hdrc musb-hdrc.1: new USB bus registered, assigned bus number 1
[   18.745254] omap-mailbox 480c8000.mailbox: omap mailbox rev 0x400
[   18.811327] tda998x 0-0070: found TDA19988
[   18.899106] remoteproc remoteproc0: powering up wkup_m3
[   18.952148] usb usb1: New USB device found, idVendor=1d6b, idProduct=0002, bcdDevice= 6.17
[   18.960750] usb usb1: New USB device strings: Mfr=3, Product=2, SerialNumber=1
[   18.968180] usb usb1: Product: MUSB HDRC host driver
[   18.973353] usb usb1: Manufacturer: Linux 6.17.0-rc7-next-20250924 musb-hcd
[   18.980356] usb usb1: SerialNumber: musb-hdrc.1
[   19.191815] remoteproc remoteproc0: Direct firmware load for am335x-pm-firmware.elf failed with error -2
[   19.201527] remoteproc remoteproc0: request_firmware failed: -2
[   19.207490] wkup_m3_ipc 44e11324.wkup_m3_ipc: rproc_boot failed
[   19.392391] hub 1-0:1.0: USB hub found
[   19.469779] hub 1-0:1.0: 1 port detected
[   21.566283] omap_rng 48310000.rng: Random Number Generator ver. 20
[   21.725310] tilcdc 4830e000.lcdc: bound 0-0070 (ops tda998x_audio_codec_init [tda998x])
[   21.785281] ------------[ cut here ]------------
[   21.789979] WARNING: net/8021q/vlan_core.c:236 at vlan_for_each+0x114/0x134, CPU#0: avahi-daemon/183
[   21.799355] RTNL: assertion failed at net/8021q/vlan_core.c (236)
[   21.805533] Modules linked in: tilcdc(+) omap_rng drm_dma_helper rng_core drm_client_lib snd_soc_davinci_mcasp snd_soc_ti_udma snd_soc_ti_edma snd_soc_ti_sdma snd_soc_core snd_pcm_dmaengine snd_pcm snd_timer omap_mailbox snd musb_dsps tda998x musb_hdrc soundcore cec udc_core drm_kms_helper usbcore phy_am335x drm phy_generic cppi41 usb_common wkup_m3_ipc phy_am335x_control drm_panel_orientation_quirks tps65218_pwrbutton omap_wdt at24 watchdog rtc_omap wkup_m3_rproc leds_gpio led_class cpufreq_dt autofs4
[   21.850522] CPU: 0 UID: 107 PID: 183 Comm: avahi-daemon Not tainted 6.17.0-rc7-next-20250924 #1 NONE 
[   21.850540] Hardware name: Generic AM33XX (Flattened Device Tree)
[   21.850549] Call trace: 
[   21.850565]  unwind_backtrace from show_stack+0x10/0x14
[   21.850602]  show_stack from dump_stack_lvl+0x50/0x64
[   21.850628]  dump_stack_lvl from __warn+0x88/0x148
[   21.850647]  __warn from warn_slowpath_fmt+0x19c/0x1b0
[   21.850660]  warn_slowpath_fmt from vlan_for_each+0x114/0x134
[   21.850681]  vlan_for_each from cpsw_add_mc_addr+0x40/0xa4
[   21.850705]  cpsw_add_mc_addr from __hw_addr_ref_sync_dev+0x108/0x140
[   21.850734]  __hw_addr_ref_sync_dev from __dev_mc_add+0x7c/0x80
[   21.850756]  __dev_mc_add from igmp6_group_added+0xc8/0xe0
[   21.850783]  igmp6_group_added from __ipv6_dev_mc_inc+0x218/0x364
[   21.850801]  __ipv6_dev_mc_inc from __ipv6_sock_mc_join+0x11c/0x1c0
[   21.850820]  __ipv6_sock_mc_join from do_ipv6_setsockopt+0x1214/0x1310
[   21.850851]  do_ipv6_setsockopt from ipv6_setsockopt+0x60/0xcc
[   21.850871]  ipv6_setsockopt from udpv6_setsockopt+0x2c/0x6c
[   21.850895]  udpv6_setsockopt from sock_common_setsockopt+0x30/0x40
[   21.850928]  sock_common_setsockopt from do_sock_setsockopt+0x50/0x9c
[   21.850949]  do_sock_setsockopt from __sys_setsockopt+0x70/0xbc
[   21.850968]  __sys_setsockopt from ret_fast_syscall+0x0/0x58
[   21.850984] Exception stack(0xe0159fa8 to 0xe0159ff0)
[   21.850998] 9fa0:                   00000014 b6fe3ce8 0000000d 00000029 00000014 be8ce9ec
[   21.851010] 9fc0: 00000014 b6fe3ce8 00000014 00000126 0000000d b6f8cff4 004be988 004a6558
[   21.851019] 9fe0: b6fa2088 be8ce9d8 b6f7f309 b6e5641a
[   21.851026] ---[ end trace 0000000000000000 ]---
[   22.074460] [drm] Initialized tilcdc 1.0.0 for 4830e000.lcdc on minor 0
[   22.111500] tilcdc 4830e000.lcdc: [drm] Cannot find any crtc or sizes
[   22.149500] tilcdc 4830e000.lcdc: [drm] Cannot find any crtc or sizes
[   23.578864] Bluetooth: Core ver 2.22
[   23.582905] NET: Registered PF_BLUETOOTH protocol family
[   23.588257] Bluetooth: HCI device and connection manager initialized
[   23.594763] Bluetooth: HCI socket layer initialized
[   23.599681] Bluetooth: L2CAP socket layer initialized
[   23.604832] Bluetooth: SCO socket layer initialized
[   24.177542] omap-sham 53100000.sham: hw accel on OMAP rev 4.3
[   24.205638] PM: Cannot get wkup_m3_ipc handle
[   24.292563] omap-aes 53500000.aes: OMAP AES hw accel rev: 3.2
[   24.341343] omap-sham 53100000.sham: will run requests pump with realtime priority
[   24.359952] PM: Cannot get wkup_m3_ipc handle
[   24.409589] omap-aes 53500000.aes: will run requests pump with realtime priority
[   24.436226] PM: Cannot get wkup_m3_ipc handle
[   27.875339] tda998x 0-0070: using DT '/ocp/interconnect@44c00000/segment@200000/target-module@b000/i2c@0/tda19988@70' for 'nxp,calib' GPIO lookup
[   27.875614] of_get_named_gpiod_flags: parsed 'nxp,calib-gpios' property of node '/ocp/interconnect@44c00000/segment@200000/target-module@b000/i2c@0/tda19988@70[0]' - status (0)
[   27.875751] gpio gpiochip0: Persistence not supported for GPIO 25
[   27.875819] gpio-537 (nxp,calib): no flags found for GPIO nxp,calib
[   27.883006] gpio-537 (nxp,calib): gpiod_direction_output_nonotify: tried to set a GPIO tied to an IRQ as output
[   28.007539] PM: Cannot get wkup_m3_ipc handle
[   28.013635] asoc-simple-card sound: using DT '/sound' for 'simple-audio-card,hp-det' GPIO lookup
[   28.013708] of_get_named_gpiod_flags: can't parse 'simple-audio-card,hp-det-gpios' property of node '/sound[0]'
[   28.013743] of_get_named_gpiod_flags: can't parse 'simple-audio-card,hp-det-gpio' property of node '/sound[0]'
[   28.013768] asoc-simple-card sound: using lookup tables for GPIO lookup
[   28.013783] asoc-simple-card sound: No GPIO consumer simple-audio-card,hp-det found
[   28.013797] asoc-simple-card sound: using DT '/sound' for 'simple-audio-card,mic-det' GPIO lookup
[   28.013822] of_get_named_gpiod_flags: can't parse 'simple-audio-card,mic-det-gpios' property of node '/sound[0]'
[   28.013847] of_get_named_gpiod_flags: can't parse 'simple-audio-card,mic-det-gpio' property of node '/sound[0]'
[   28.013867] asoc-simple-card sound: using lookup tables for GPIO lookup
[   28.013880] asoc-simple-card sound: No GPIO consumer simple-audio-card,mic-det found
[   28.165469] PM: Cannot get wkup_m3_ipc handle
[   28.195470] tda9950 0-0034: TDA9950 CEC interface, hardware version 3.3
[   28.285361] PM: Cannot get wkup_m3_ipc handle
[   29.525627] userial_init: registered 8 ttyGS* devices
[   29.817564] rndis_register: configNr = 0
[   29.897477] udc musb-hdrc.0: binding gadget driver [g_multi]
[   29.897577] configfs-gadget.g_multi gadget.0: adding 'rndis'/649ea747 to config 'c'/218481a4
[   29.898736] configfs-gadget.g_multi gadget.0: HOST MAC 1c:ba:8c:a2:ed:6c
[   29.905728] configfs-gadget.g_multi gadget.0: MAC 1c:ba:8c:a2:ed:70
[   29.912134] rndis_set_param_medium: 0 0
[   29.912157] configfs-gadget.g_multi gadget.0: RNDIS: IN/ep1in OUT/ep1out NOTIFY/ep2in
[   29.912174] configfs-gadget.g_multi gadget.0: adding 'cdc_ethernet'/779ae66e to config 'c'/218481a4
[   29.913069] configfs-gadget.g_multi gadget.0: HOST MAC 1c:ba:8c:a2:ed:6c
[   29.919830] configfs-gadget.g_multi gadget.0: MAC 1c:ba:8c:a2:ed:6d
[   29.926259] configfs-gadget.g_multi gadget.0: CDC Ethernet: IN/ep3in OUT/ep2out NOTIFY/ep4in
[   29.926279] configfs-gadget.g_multi gadget.0: adding 'acm'/c51fac2c to config 'c'/218481a4
[   29.926328] configfs-gadget.g_multi gadget.0: acm ttyGS0: IN/ep5in OUT/ep3out NOTIFY/ep6in
[   29.941802] PM: Cannot get wkup_m3_ipc handle
[   31.156572] configfs-gadget.g_multi gadget.0: eth_open
[   36.089116] gs_open: ttyGS0 (1b1c7067,30f237a9)
[   36.089283] gs_close: ttyGS0 (1b1c7067,30f237a9) ...
[   36.089311] gs_close: ttyGS0 (1b1c7067,30f237a9) done!
[   36.111949] gs_open: ttyGS0 (1b1c7067,30f237a9)
[   36.112093] gs_close: ttyGS0 (1b1c7067,30f237a9) ...
[   36.112116] gs_close: ttyGS0 (1b1c7067,30f237a9) done!
[   36.252446] gs_open: ttyGS0 (74c09093,4186b2dc)
[   36.252680] gs_close: ttyGS0 (74c09093,4186b2dc) ...
[   36.252708] gs_close: ttyGS0 (74c09093,4186b2dc) done!
[   36.255476] gs_open: ttyGS0 (74c09093,30f237a9)
OBQCQPLKEE 0
root@arm:~# echo 'LOLF''KVOPGS'
LOLFKVOPGS
root@arm:~# MARKER='MCXK''VUOSUM' run 'modprobe test_linear_ranges'
MCXKVUOSUMMCXKVUOSUM 0
root@arm:~# echo 'XZUE''HVZUVF'
XZUEHVZUVF
root@arm:~# MARKER='BBHE''CPTVJU' run dmesg
BBHECPTVJU[    0.000000] Booting Linux on physical CPU 0x0
[    0.000000] Linux version 6.17.0-rc7-next-20250924 (user01@drvtest01) (arm-none-eabi-gcc (Arm GNU Toolchain 14.2.Rel1 (Build arm-14.52)) 14.2.1 20241119, GNU ld (Arm GNU Toolchain 14.2.Rel1 (Build arm-14.52)) 2.43.1.20241119) #1 SMP Wed Sep 24 18:35:07 EEST 2025
[    0.000000] CPU: ARMv7 Processor [413fc082] revision 2 (ARMv7), cr=10c5387d
[    0.000000] CPU: PIPT / VIPT nonaliasing data cache, VIPT aliasing instruction cache
[    0.000000] OF: fdt: Machine model: TI AM335x BeagleBone Black
[    0.000000] Memory policy: Data cache writeback
[    0.000000] cma: Reserved 16 MiB at 0x9e800000
[    0.000000] Zone ranges:
[    0.000000]   Normal   [mem 0x0000000080000000-0x000000009fdfffff]
[    0.000000]   HighMem  empty
[    0.000000] Movable zone start for each node
[    0.000000] Early memory node ranges
[    0.000000]   node   0: [mem 0x0000000080000000-0x000000009fdfffff]
[    0.000000] Initmem setup node 0 [mem 0x0000000080000000-0x000000009fdfffff]
[    0.000000] On node 0, zone Normal: 512 pages in unavailable ranges
[    0.000000] OF: reserved mem: Reserved memory: No reserved-memory node in the DT
[    0.000000] CPU: All CPU(s) started in SVC mode.
[    0.000000] AM335X ES2.1 (sgx neon)
[    0.000000] percpu: Embedded 17 pages/cpu s39884 r8192 d21556 u69632
[    0.000000] pcpu-alloc: s39884 r8192 d21556 u69632 alloc=17*4096
[    0.000000] pcpu-alloc: [0] 0 
[    0.000000] Kernel command line: console=ttyO0,115200n8 root=/dev/nfs rw nfsroot=192.168.255.126:/home/user01/nfs,nfsvers=3 ip=192.168.255.1:192.168.255.126::255.255.255.0:bbb1:eth0 nfsrootdebug
[    0.000000] Unknown kernel command line parameters "nfsrootdebug", will be passed to user space.
[    0.000000] printk: log buffer data + meta data: 65536 + 204800 = 270336 bytes
[    0.000000] Dentry cache hash table entries: 65536 (order: 6, 262144 bytes, linear)
[    0.000000] Inode-cache hash table entries: 32768 (order: 5, 131072 bytes, linear)
[    0.000000] Built 1 zonelists, mobility grouping on.  Total pages: 130560
[    0.000000] mem auto-init: stack:off, heap alloc:off, heap free:off
[    0.000000] SLUB: HWalign=16, Order=0-3, MinObjects=0, CPUs=1, Nodes=1
[    0.000000] rcu: Hierarchical RCU implementation.
[    0.000000] rcu: 	RCU event tracing is enabled.
[    0.000000] rcu: 	RCU restricting CPUs from NR_CPUS=2 to nr_cpu_ids=1.
[    0.000000] 	Tracing variant of Tasks RCU enabled.
[    0.000000] rcu: RCU calculated value of scheduler-enlistment delay is 10 jiffies.
[    0.000000] rcu: Adjusting geometry for rcu_fanout_leaf=16, nr_cpu_ids=1
[    0.000000] RCU Tasks Trace: Setting shift to 0 and lim to 1 rcu_task_cb_adjust=1 rcu_task_cpu_ids=1.
[    0.000000] NR_IRQS: 16, nr_irqs: 16, preallocated irqs: 16
[    0.000000] IRQ: Found an INTC at 0x(ptrval) (revision 5.0) with 128 interrupts
[    0.000000] rcu: srcu_init: Setting srcu_struct sizes based on contention.
[    0.000000] TI gptimer clocksource: always-on /ocp/interconnect@44c00000/segment@200000/target-module@31000
[    0.000003] sched_clock: 32 bits at 24MHz, resolution 41ns, wraps every 89478484971ns
[    0.000026] clocksource: dmtimer: mask: 0xffffffff max_cycles: 0xffffffff, max_idle_ns: 79635851949 ns
[    0.000496] TI gptimer clockevent: 24000000 Hz at /ocp/interconnect@48000000/segment@0/target-module@40000
[    0.002057] Console: colour dummy device 80x30
[    0.002124] WARNING: Your 'console=ttyO0' has been replaced by 'ttyS0'
[    0.002132] This ensures that you still see kernel messages. Please
[    0.002136] update your kernel commandline.
[    0.002178] Calibrating delay loop... 996.14 BogoMIPS (lpj=4980736)
[    0.090606] CPU: Testing write buffer coherency: ok
[    0.090688] CPU0: Spectre v2: using BPIALL workaround
[    0.090698] pid_max: default: 32768 minimum: 301
[    0.090878] LSM: initializing lsm=capability
[    0.091042] Mount-cache hash table entries: 1024 (order: 0, 4096 bytes, linear)
[    0.091062] Mountpoint-cache hash table entries: 1024 (order: 0, 4096 bytes, linear)
[    0.092632] CPU0: thread -1, cpu 0, socket -1, mpidr 0
[    0.092690] cacheinfo: Unable to detect cache hierarchy for CPU 0
[    0.094708] Setting up static identity map for 0x80100000 - 0x80100078
[    0.095023] rcu: Hierarchical SRCU implementation.
[    0.095035] rcu: 	Max phase no-delay instances is 1000.
[    0.096727] smp: Bringing up secondary CPUs ...
[    0.096779] smp: Brought up 1 node, 1 CPU
[    0.096792] SMP: Total of 1 processors activated (996.14 BogoMIPS).
[    0.096803] CPU: All CPU(s) started in SVC mode.
[    0.097001] Memory: 480868K/522240K available (11264K kernel code, 1226K rwdata, 2948K rodata, 1024K init, 256K bss, 23336K reserved, 16384K cma-reserved, 0K highmem)
[    0.097810] devtmpfs: initialized
[    0.115372] VFP support v0.3: implementor 41 architecture 3 part 30 variant c rev 3
[    0.116009] clocksource: jiffies: mask: 0xffffffff max_cycles: 0xffffffff, max_idle_ns: 19112604462750000 ns
[    0.116068] posixtimers hash table entries: 512 (order: 0, 4096 bytes, linear)
[    0.116094] futex hash table entries: 256 (16384 bytes on 1 NUMA nodes, total 16 KiB, linear).
[    0.117241] pinctrl core: initialized pinctrl subsystem
[    0.119340] NET: Registered PF_NETLINK/PF_ROUTE protocol family
[    0.122406] DMA: preallocated 256 KiB pool for atomic coherent allocations
[    0.123013] audit: initializing netlink subsys (disabled)
[    0.124353] thermal_sys: Registered thermal governor 'fair_share'
[    0.124368] thermal_sys: Registered thermal governor 'step_wise'
[    0.124377] thermal_sys: Registered thermal governor 'user_space'
[    0.124484] audit: type=2000 audit(0.120:1): state=initialized audit_enabled=0 res=1
[    0.124554] cpuidle: using governor menu
[    0.142688] /ocp/interconnect@44c00000/segment@200000/target-module@b000/i2c@0/tda19988@70: Fixed dependency cycle(s) with /ocp/interconnect@48000000/segment@300000/target-module@e000/lcdc@0
[    0.143776] /ocp/interconnect@48000000/segment@300000/target-module@e000/lcdc@0: Fixed dependency cycle(s) with /ocp/interconnect@44c00000/segment@200000/target-module@b000/i2c@0/tda19988@70
[    0.145987] No ATAGs?
[    0.146024] hw-breakpoint: debug architecture 0x4 unsupported.
[    0.149105] kprobes: kprobe jump-optimization is enabled. All kprobes are optimized if possible.
[    0.153793] iommu: Default domain type: Translated
[    0.153816] iommu: DMA domain TLB invalidation policy: strict mode
[    0.155365] reg-fixed-voltage fixedregulator0: using DT '/fixedregulator0' for '(default)' GPIO lookup
[    0.155419] of_get_named_gpiod_flags: can't parse 'gpios' property of node '/fixedregulator0[0]'
[    0.155446] of_get_named_gpiod_flags: can't parse 'gpio' property of node '/fixedregulator0[0]'
[    0.155464] reg-fixed-voltage fixedregulator0: using lookup tables for GPIO lookup
[    0.155475] reg-fixed-voltage fixedregulator0: No GPIO consumer (default) found
[    0.161589] SCSI subsystem initialized
[    0.162065] libata version 3.00 loaded.
[    0.162448] pps_core: LinuxPPS API ver. 1 registered
[    0.162459] pps_core: Software ver. 5.3.6 - Copyright 2005-2007 Rodolfo Giometti <giometti@linux.it>
[    0.162483] PTP clock support registered
[    0.170843] vgaarb: loaded
[    0.171228] clocksource: Switched to clocksource dmtimer
[    0.171915] VFS: Disk quotas dquot_6.6.0
[    0.171975] VFS: Dquot-cache hash table entries: 1024 (order 0, 4096 bytes)
[    0.196163] NET: Registered PF_INET protocol family
[    0.196500] IP idents hash table entries: 8192 (order: 4, 65536 bytes, linear)
[    0.197929] tcp_listen_portaddr_hash hash table entries: 512 (order: 0, 4096 bytes, linear)
[    0.197967] Table-perturb hash table entries: 65536 (order: 6, 262144 bytes, linear)
[    0.197983] TCP established hash table entries: 4096 (order: 2, 16384 bytes, linear)
[    0.198029] TCP bind hash table entries: 4096 (order: 4, 65536 bytes, linear)
[    0.198128] TCP: Hash tables configured (established 4096 bind 4096)
[    0.198252] UDP hash table entries: 256 (order: 1, 14336 bytes, linear)
[    0.198285] UDP-Lite hash table entries: 256 (order: 1, 14336 bytes, linear)
[    0.198505] NET: Registered PF_UNIX/PF_LOCAL protocol family
[    0.201910] RPC: Registered named UNIX socket transport module.
[    0.201933] RPC: Registered udp transport module.
[    0.201938] RPC: Registered tcp transport module.
[    0.201943] RPC: Registered tcp-with-tls transport module.
[    0.201948] RPC: Registered tcp NFSv4.1 backchannel transport module.
[    0.201973] PCI: CLS 0 bytes, default 64
[    0.203408] Initialise system trusted keyrings
[    0.211953] workingset: timestamp_bits=14 max_order=17 bucket_order=3
[    0.213424] NFS: Registering the id_resolver key type
[    0.213502] Key type id_resolver registered
[    0.213510] Key type id_legacy registered
[    0.213621] jffs2: version 2.2. (NAND) (SUMMARY)  Â© 2001-2006 Red Hat, Inc.
[    0.214092] Key type asymmetric registered
[    0.214111] Asymmetric key parser 'x509' registered
[    0.214187] io scheduler mq-deadline registered
[    0.214197] io scheduler kyber registered
[    0.214278] io scheduler bfq registered
[    0.216123] target-module@4b000000:target-module@140000:pmu@0:fck: device ID is greater than 24
[    0.221486] ledtrig-cpu: registered to indicate activity on CPUs
[    0.225206] Serial: 8250/16550 driver, 6 ports, IRQ sharing enabled
[    0.265859] brd: module loaded
[    0.287596] loop: module loaded
[    0.288530] mtdoops: mtd device (mtddev=name/number) must be supplied
[    0.290075] mdio_bus fixed-0: using lookup tables for GPIO lookup
[    0.290097] mdio_bus fixed-0: No GPIO consumer reset found
[    0.291693] i2c_dev: i2c /dev entries driver
[    0.292721] cpuidle: enable-method property 'ti,am3352' found operations
[    0.293170] sdhci: Secure Digital Host Controller Interface driver
[    0.293178] sdhci: Copyright(c) Pierre Ossman
[    0.293363] sdhci-pltfm: SDHCI platform and OF driver helper
[    0.301614] hw perfevents: enabled with armv7_cortex_a8 PMU driver, 5 (8000000f) counters available
[    0.302178] Initializing XFRM netlink socket
[    0.302346] NET: Registered PF_INET6 protocol family
[    0.304334] Segment Routing with IPv6
[    0.304417] In-situ OAM (IOAM) with IPv6
[    0.304510] sit: IPv6, IPv4 and MPLS over IPv4 tunneling driver
[    0.305483] NET: Registered PF_PACKET protocol family
[    0.305512] NET: Registered PF_KEY protocol family
[    0.305635] Key type dns_resolver registered
[    0.305868] ThumbEE CPU extension supported.
[    0.305887] Registering SWP/SWPB emulation handler
[    0.306411] omap_voltage_late_init: Voltage driver support not added
[    0.307076] SmartReflex Class3 initialized
[    0.343479] Loading compiled-in X.509 certificates
[    0.396321] /ocp/interconnect@44c00000/segment@200000/target-module@b000/i2c@0/tda19988@70: Fixed dependency cycle(s) with /ocp/interconnect@48000000/segment@300000/target-module@e000/lcdc@0
[    0.402831] /ocp/interconnect@44c00000/segment@200000/target-module@b000/i2c@0/tda19988@70: Fixed dependency cycle(s) with /ocp/interconnect@48000000/segment@300000/target-module@e000/lcdc@0
[    0.408370] gpiochip_find_base_unlocked: found new base at 512
[    0.423245] /ocp/interconnect@44c00000/segment@200000/target-module@b000/i2c@0/tda19988@70: Fixed dependency cycle(s) with /ocp/interconnect@48000000/segment@300000/target-module@e000/lcdc@0
[    0.424131] /ocp/interconnect@44c00000/segment@200000/target-module@b000/i2c@0/tda19988@70: Fixed dependency cycle(s) with /ocp/interconnect@48000000/segment@300000/target-module@e000/lcdc@0
[    0.427559] /ocp/interconnect@44c00000/segment@200000/target-module@10000/scm@0/pinmux@800: Fixed dependency cycle(s) with /ocp/interconnect@44c00000/segment@200000/target-module@10000/scm@0/pinmux@800/clkout2-pins
[    0.428151] pinctrl-single 44e10800.pinmux: 142 pins, size 568
[    0.433775] ti-sysc 44e31000.target-module: probe with driver ti-sysc failed with error -16
[    0.447593] /ocp/interconnect@48000000/segment@300000/target-module@e000/lcdc@0: Fixed dependency cycle(s) with /ocp/interconnect@44c00000/segment@200000/target-module@b000/i2c@0/tda19988@70
[    0.456008] ti-sysc 48040000.target-module: probe with driver ti-sysc failed with error -16
[    0.467610] gpiochip_find_base_unlocked: found new base at 512
[    0.467705] gpio gpiochip0: (gpio-0-31): created GPIO range 0->7 ==> 44e10800.pinmux PIN 0->7
[    0.467726] gpio gpiochip0: (gpio-0-31): created GPIO range 8->11 ==> 44e10800.pinmux PIN 90->93
[    0.467743] gpio gpiochip0: (gpio-0-31): created GPIO range 12->27 ==> 44e10800.pinmux PIN 12->27
[    0.467766] gpio gpiochip0: (gpio-0-31): created GPIO range 28->31 ==> 44e10800.pinmux PIN 30->33
[    0.502367] gpio gpiochip0: (gpio-0-31): added GPIO chardev (254:0)
[    0.502615] gpio gpiochip0: registered GPIOs 512 to 543 on gpio-0-31
[    0.502701] OMAP GPIO hardware version 0.1
[    0.528882] i2c i2c-2: using DT '/ocp/interconnect@48000000/segment@100000/target-module@9c000/i2c@0' for 'scl' GPIO lookup
[    0.528953] of_get_named_gpiod_flags: can't parse 'scl-gpios' property of node '/ocp/interconnect@48000000/segment@100000/target-module@9c000/i2c@0[0]'
[    0.528995] of_get_named_gpiod_flags: can't parse 'scl-gpio' property of node '/ocp/interconnect@48000000/segment@100000/target-module@9c000/i2c@0[0]'
[    0.529031] i2c i2c-2: using lookup tables for GPIO lookup
[    0.529041] i2c i2c-2: No GPIO consumer scl found
[    0.529063] i2c i2c-2: using DT '/ocp/interconnect@48000000/segment@100000/target-module@9c000/i2c@0' for 'sda' GPIO lookup
[    0.529097] of_get_named_gpiod_flags: can't parse 'sda-gpios' property of node '/ocp/interconnect@48000000/segment@100000/target-module@9c000/i2c@0[0]'
[    0.529134] of_get_named_gpiod_flags: can't parse 'sda-gpio' property of node '/ocp/interconnect@48000000/segment@100000/target-module@9c000/i2c@0[0]'
[    0.529165] i2c i2c-2: using lookup tables for GPIO lookup
[    0.529173] i2c i2c-2: No GPIO consumer sda found
[    0.529896] omap_i2c 4819c000.i2c: bus 2 rev0.11 at 100 kHz
[    0.535727] gpiochip_find_base_unlocked: found new base at 544
[    0.535843] gpio gpiochip1: (gpio-32-63): created GPIO range 0->17 ==> 44e10800.pinmux PIN 34->51
[    0.535864] gpio gpiochip1: (gpio-32-63): created GPIO range 18->21 ==> 44e10800.pinmux PIN 77->80
[    0.535880] gpio gpiochip1: (gpio-32-63): created GPIO range 22->31 ==> 44e10800.pinmux PIN 56->65
[    0.557662] gpio gpiochip1: (gpio-32-63): added GPIO chardev (254:1)
[    0.557896] gpio gpiochip1: registered GPIOs 544 to 575 on gpio-32-63
[    0.560210] gpiochip_find_base_unlocked: found new base at 576
[    0.560299] gpio gpiochip2: (gpio-64-95): created GPIO range 0->4 ==> 44e10800.pinmux PIN 66->70
[    0.560319] gpio gpiochip2: (gpio-64-95): created GPIO range 5->6 ==> 44e10800.pinmux PIN 98->99
[    0.560334] gpio gpiochip2: (gpio-64-95): created GPIO range 7->8 ==> 44e10800.pinmux PIN 75->76
[    0.560350] gpio gpiochip2: (gpio-64-95): created GPIO range 13->13 ==> 44e10800.pinmux PIN 141->141
[    0.560366] gpio gpiochip2: (gpio-64-95): created GPIO range 14->21 ==> 44e10800.pinmux PIN 100->107
[    0.573328] gpio gpiochip2: (gpio-64-95): added GPIO chardev (254:2)
[    0.573548] gpio gpiochip2: registered GPIOs 576 to 607 on gpio-64-95
[    0.579240] 48000000.interconnect:segment@200000:target-module@0:mpu@0:fck: device ID is greater than 24
[    0.580153] /ocp/interconnect@48000000/segment@300000/target-module@e000/lcdc@0: Fixed dependency cycle(s) with /ocp/interconnect@44c00000/segment@200000/target-module@b000/i2c@0/tda19988@70
[    0.583264] /ocp/interconnect@48000000/segment@300000/target-module@e000/lcdc@0: Fixed dependency cycle(s) with /ocp/interconnect@44c00000/segment@200000/target-module@b000/i2c@0/tda19988@70
[    0.583984] /ocp/interconnect@44c00000/segment@200000/target-module@b000/i2c@0/tda19988@70: Fixed dependency cycle(s) with /ocp/interconnect@48000000/segment@300000/target-module@e000/lcdc@0
[    0.584154] /ocp/interconnect@48000000/segment@300000/target-module@e000/lcdc@0: Fixed dependency cycle(s) with /ocp/interconnect@44c00000/segment@200000/target-module@b000/i2c@0/tda19988@70
[    0.591186] sdhci-omap 481d8000.mmc: using DT '/ocp/interconnect@48000000/segment@100000/target-module@d8000/mmc@0' for 'wp' GPIO lookup
[    0.591406] of_get_named_gpiod_flags: can't parse 'wp-gpios' property of node '/ocp/interconnect@48000000/segment@100000/target-module@d8000/mmc@0[0]'
[    0.591457] of_get_named_gpiod_flags: can't parse 'wp-gpio' property of node '/ocp/interconnect@48000000/segment@100000/target-module@d8000/mmc@0[0]'
[    0.591495] sdhci-omap 481d8000.mmc: using lookup tables for GPIO lookup
[    0.591506] sdhci-omap 481d8000.mmc: No GPIO consumer wp found
[    0.591707] sdhci-omap 481d8000.mmc: supply pbias not found, using dummy regulator
[    0.596895] mdio_bus 4a101000.mdio: using DT '/ocp/interconnect@4a000000/segment@0/target-module@100000/switch@0/mdio@1000' for 'reset' GPIO lookup
[    0.596968] of_get_named_gpiod_flags: can't parse 'reset-gpios' property of node '/ocp/interconnect@4a000000/segment@0/target-module@100000/switch@0/mdio@1000[0]'
[    0.597015] of_get_named_gpiod_flags: can't parse 'reset-gpio' property of node '/ocp/interconnect@4a000000/segment@0/target-module@100000/switch@0/mdio@1000[0]'
[    0.597063] mdio_bus 4a101000.mdio: using lookup tables for GPIO lookup
[    0.597073] mdio_bus 4a101000.mdio: No GPIO consumer reset found
[    0.597920] sdhci-omap 481d8000.mmc: supply vqmmc not found, using dummy regulator
[    0.653369] davinci_mdio 4a101000.mdio: davinci mdio revision 1.6, bus freq 1000000
[    0.655169] mdio_bus 4a101000.mdio:00: using DT '/ocp/interconnect@4a000000/segment@0/target-module@100000/switch@0/mdio@1000/ethernet-phy@0' for 'reset' GPIO lookup
[    0.655271] of_get_named_gpiod_flags: parsed 'reset-gpios' property of node '/ocp/interconnect@4a000000/segment@0/target-module@100000/switch@0/mdio@1000/ethernet-phy@0[0]' - status (0)
[    0.655431] gpio gpiochip0: Persistence not supported for GPIO 8
[    0.783500] davinci_mdio 4a101000.mdio: phy[0]: device 4a101000.mdio:00, driver SMSC LAN8710/LAN8720
[    0.784282] cpsw-switch 4a100000.switch: initialized cpsw ale version 1.4
[    0.784307] cpsw-switch 4a100000.switch: ALE Table size 1024, Policers 0
[    0.784647] cpsw-switch 4a100000.switch: cpts: overflow check period 500 (jiffies)
[    0.784667] cpsw-switch 4a100000.switch: CPTS: ref_clk_freq:250000000 calc_mult:2147483648 calc_shift:29 error:0 nsec/sec
[    0.784773] cpsw-switch 4a100000.switch: Detected MACID = 6c:ec:eb:68:de:78
[    0.786663] cpsw-switch 4a100000.switch: initialized (regs 0x4a100000, pool size 256) hw_ver:0019010C 1.12 (0)
[    0.813656] debugfs: '49000000.dma' already exists in 'dmaengine'
[    0.813699] edma 49000000.dma: TI EDMA DMA engine driver
[    0.861520] gpio-clk clk_mcasp0: using DT '/clk_mcasp0' for 'enable' GPIO lookup
[    0.861601] of_get_named_gpiod_flags: parsed 'enable-gpios' property of node '/clk_mcasp0[0]' - status (0)
[    0.861649] gpio gpiochip0: Persistence not supported for GPIO 27
[    0.862437] gpiochip_find_base_unlocked: found new base at 608
[    0.862550] gpio gpiochip3: (gpio-96-127): created GPIO range 0->7 ==> 44e10800.pinmux PIN 82->89
[    0.862569] gpio gpiochip3: (gpio-96-127): created GPIO range 8->11 ==> 44e10800.pinmux PIN 52->55
[    0.862585] gpio gpiochip3: (gpio-96-127): created GPIO range 12->15 ==> 44e10800.pinmux PIN 94->97
[    0.862601] gpio gpiochip3: (gpio-96-127): created GPIO range 16->17 ==> 44e10800.pinmux PIN 71->72
[    0.862619] gpio gpiochip3: (gpio-96-127): created GPIO range 18->18 ==> 44e10800.pinmux PIN 135->135
[    0.862637] gpio gpiochip3: (gpio-96-127): created GPIO range 19->20 ==> 44e10800.pinmux PIN 108->109
[    0.862654] gpio gpiochip3: (gpio-96-127): created GPIO range 21->21 ==> 44e10800.pinmux PIN 73->73
[    0.862671] gpio gpiochip3: (gpio-96-127): created GPIO range 22->23 ==> 44e10800.pinmux PIN 8->9
[    0.862689] gpio gpiochip3: (gpio-96-127): created GPIO range 26->27 ==> 44e10800.pinmux PIN 10->11
[    0.862707] gpio gpiochip3: (gpio-96-127): created GPIO range 28->28 ==> 44e10800.pinmux PIN 74->74
[    0.862726] gpio gpiochip3: (gpio-96-127): created GPIO range 29->29 ==> 44e10800.pinmux PIN 81->81
[    0.862744] gpio gpiochip3: (gpio-96-127): created GPIO range 30->31 ==> 44e10800.pinmux PIN 28->29
[    0.874449] gpio gpiochip3: (gpio-96-127): added GPIO chardev (254:3)
[    0.874694] gpio gpiochip3: registered GPIOs 608 to 639 on gpio-96-127
[    0.887425] omap8250 44e09000.serial: using DT '/ocp/interconnect@44c00000/segment@200000/target-module@9000/serial@0' for 'rs485-term' GPIO lookup
[    0.887501] of_get_named_gpiod_flags: can't parse 'rs485-term-gpios' property of node '/ocp/interconnect@44c00000/segment@200000/target-module@9000/serial@0[0]'
[    0.887546] of_get_named_gpiod_flags: can't parse 'rs485-term-gpio' property of node '/ocp/interconnect@44c00000/segment@200000/target-module@9000/serial@0[0]'
[    0.887582] omap8250 44e09000.serial: using lookup tables for GPIO lookup
[    0.887593] omap8250 44e09000.serial: No GPIO consumer rs485-term found
[    0.887603] omap8250 44e09000.serial: using DT '/ocp/interconnect@44c00000/segment@200000/target-module@9000/serial@0' for 'rs485-rx-during-tx' GPIO lookup
[    0.887638] of_get_named_gpiod_flags: can't parse 'rs485-rx-during-tx-gpios' property of node '/ocp/interconnect@44c00000/segment@200000/target-module@9000/serial@0[0]'
[    0.887675] of_get_named_gpiod_flags: can't parse 'rs485-rx-during-tx-gpio' property of node '/ocp/interconnect@44c00000/segment@200000/target-module@9000/serial@0[0]'
[    0.887707] omap8250 44e09000.serial: using lookup tables for GPIO lookup
[    0.887715] omap8250 44e09000.serial: No GPIO consumer rs485-rx-during-tx found
[    0.888158] 44e09000.serial: ttyS0 at MMIO 0x44e09000 (irq = 34, base_baud = 3000000) is a 8250
[    0.888251] printk: legacy console [ttyS0] enabled
[    2.446054] i2c i2c-0: using DT '/ocp/interconnect@44c00000/segment@200000/target-module@b000/i2c@0' for 'scl' GPIO lookup
[    2.446142] of_get_named_gpiod_flags: can't parse 'scl-gpios' property of node '/ocp/interconnect@44c00000/segment@200000/target-module@b000/i2c@0[0]'
