Labgrid Console Logfile for main
Logfile started at 2025-07-25 06:54:14.525359
=== Log starts here ===
reading args
spl_load_image_fat_os: error reading image args, err - -1
reading u-boot.img
reading u-boot.img


U-Boot 2014.04-00014-g47880f5 (Apr 22 2014 - 13:23:54)

I2C:   ready
DRAM:  512 MiB
NAND:  0 MiB
MMC:   OMAP SD/MMC: 0, OMAP SD/MMC: 1
*** Warning - readenv() failed, using default environment

Net:   <ethaddr> not set. Validating first E-fuse MAC
Could not get PHY for cpsw: addr 0
cpsw, usb_ether
Hit any key to stop autoboot:  1  0 
gpio: pin 53 (gpio 53) value is 1
mmc0 is current device
gpio: pin 54 (gpio 54) value is 1
SD/MMC found on device 0
reading uEnv.txt
569 bytes read in 3 ms (184.6 KiB/s)
gpio: pin 55 (gpio 55) value is 1
Loaded environment from uEnv.txt
Importing environment from mmc ...
Checking if uenvcmd is set ...
gpio: pin 56 (gpio 56) value is 1
Running uenvcmd ...
Using cpsw device
TFTP from server 192.168.255.126; our IP address is 192.168.255.1
Filename 'zImage'.
Load address: 0x81000000
Loading: *T T T T T T T T T T T T T T Labgrid Console Logfile for main
Logfile started at 2025-07-25 06:55:31.648883
=== Log starts here ===
reading args
spl_load_image_fat_os: error reading image args, err - -1
reading u-boot.img
reading u-boot.img


U-Boot 2014.04-00014-g47880f5 (Apr 22 2014 - 13:23:54)

I2C:   ready
DRAM:  512 MiB
NAND:  0 MiB
MMC:   OMAP SD/MMC: 0, OMAP SD/MMC: 1
*** Warning - readenv() failed, using default environment

Net:   <ethaddr> not set. Validating first E-fuse MAC
cpsw, usb_ether
Hit any key to stop autoboot:  1  0 
gpio: pin 53 (gpio 53) value is 1
mmc0 is current device
gpio: pin 54 (gpio 54) value is 1
SD/MMC found on device 0
reading uEnv.txt
569 bytes read in 4 ms (138.7 KiB/s)
gpio: pin 55 (gpio 55) value is 1
Loaded environment from uEnv.txt
Importing environment from mmc ...
Checking if uenvcmd is set ...
gpio: pin 56 (gpio 56) value is 1
Running uenvcmd ...
cpsw Waiting for PHY auto negotiation to complete. done
link up on port 0, speed 100, full duplex
Using cpsw device
TFTP from server 192.168.255.126; our IP address is 192.168.255.1
Filename 'zImage'.
Load address: 0x81000000
Loading: *#################################################################
	 #################################################################
	 #################################################################
	 #################################################################
	 #################################################################
	 ############################################################
	 2.4 MiB/s
done
Bytes transferred = 5647480 (562c78 hex)
link up on port 0, speed 100, full duplex
Using cpsw device
TFTP from server 192.168.255.126; our IP address is 192.168.255.1
Filename 'am335x-boneblack.dtb'.
Load address: 0x82000000
Loading: *#######
	 2.4 MiB/s
done
Bytes transferred = 98244 (17fc4 hex)
Kernel image @ 0x81000000 [ 0x000000 - 0x562c78 ]
## Flattened Device Tree blob at 82000000
   Booting using the fdt blob at 0x82000000
   Using Device Tree in place at 82000000, end 8201afc3

Starting kernel ...

[    0.000000] Booting Linux on physical CPU 0x0
[    0.000000] Linux version 6.16.0-rc7-next-20250725 (user01@drvtest01) (arm-none-eabi-gcc (Arm GNU Toolchain 14.2.Rel1 (Build arm-14.52)) 14.2.1 20241119, GNU ld (Arm GNU Toolchain 14.2.Rel1 (Build arm-14.52)) 2.43.1.20241119) #1 SMP Fri Jul 25 06:51:03 EEST 2025
[    0.000000] CPU: ARMv7 Processor [413fc082] revision 2 (ARMv7), cr=10c5387d
[    0.000000] CPU: PIPT / VIPT nonaliasing data cache, VIPT aliasing instruction cache
[    0.000000] OF: fdt: Machine model: TI AM335x BeagleBone Black
[    0.000000] Memory policy: Data cache writeback
[    0.000000] cma: Reserved 16 MiB at 0x9e800000
[    0.000000] Zone ranges:
[    0.000000]   Normal   [mem 0x0000000080000000-0x000000009fdfffff]
[    0.000000]   HighMem  empty
[    0.000000] Movable zone start for each node
[    0.000000] Early memory node ranges
[    0.000000]   node   0: [mem 0x0000000080000000-0x000000009fdfffff]
[    0.000000] Initmem setup node 0 [mem 0x0000000080000000-0x000000009fdfffff]
[    0.000000] On node 0, zone Normal: 512 pages in unavailable ranges
[    0.000000] OF: reserved mem: Reserved memory: No reserved-memory node in the DT
[    0.000000] CPU: All CPU(s) started in SVC mode.
[    0.000000] AM335X ES2.1 (sgx neon)
[    0.000000] percpu: Embedded 17 pages/cpu s39820 r8192 d21620 u69632
[    0.000000] Kernel command line: console=ttyO0,115200n8 root=/dev/nfs rw nfsroot=192.168.255.126:/home/user01/nfs,nfsvers=3 ip=192.168.255.1:192.168.255.126::255.255.255.0:bbb1:eth0 nfsrootdebug
[    0.000000] Unknown kernel command line parameters "nfsrootdebug", will be passed to user space.
[    0.000000] printk: log buffer data + meta data: 65536 + 204800 = 270336 bytes
[    0.000000] Dentry cache hash table entries: 65536 (order: 6, 262144 bytes, linear)
[    0.000000] Inode-cache hash table entries: 32768 (order: 5, 131072 bytes, linear)
[    0.000000] Built 1 zonelists, mobility grouping on.  Total pages: 130560
[    0.000000] mem auto-init: stack:off, heap alloc:off, heap free:off
[    0.000000] SLUB: HWalign=16, Order=0-3, MinObjects=0, CPUs=1, Nodes=1
[    0.000000] rcu: Hierarchical RCU implementation.
[    0.000000] rcu: 	RCU event tracing is enabled.
[    0.000000] rcu: 	RCU restricting CPUs from NR_CPUS=2 to nr_cpu_ids=1.
[    0.000000] 	Tracing variant of Tasks RCU enabled.
[    0.000000] rcu: RCU calculated value of scheduler-enlistment delay is 10 jiffies.
[    0.000000] rcu: Adjusting geometry for rcu_fanout_leaf=16, nr_cpu_ids=1
[    0.000000] RCU Tasks Trace: Setting shift to 0 and lim to 1 rcu_task_cb_adjust=1 rcu_task_cpu_ids=1.
[    0.000000] NR_IRQS: 16, nr_irqs: 16, preallocated irqs: 16
[    0.000000] IRQ: Found an INTC at 0x(ptrval) (revision 5.0) with 128 interrupts
[    0.000000] rcu: srcu_init: Setting srcu_struct sizes based on contention.
[    0.000000] TI gptimer clocksource: always-on /ocp/interconnect@44c00000/segment@200000/target-module@31000
[    0.000003] sched_clock: 32 bits at 24MHz, resolution 41ns, wraps every 89478484971ns
[    0.000026] clocksource: dmtimer: mask: 0xffffffff max_cycles: 0xffffffff, max_idle_ns: 79635851949 ns
[    0.000525] TI gptimer clockevent: 24000000 Hz at /ocp/interconnect@48000000/segment@0/target-module@40000
[    0.002148] Console: colour dummy device 80x30
[    0.002215] WARNING: Your 'console=ttyO0' has been replaced by 'ttyS0'
[    0.002224] This ensures that you still see kernel messages. Please
[    0.002228] update your kernel commandline.
[    0.002272] Calibrating delay loop... 996.14 BogoMIPS (lpj=4980736)
[    0.090571] CPU: Testing write buffer coherency: ok
[    0.090686] CPU0: Spectre v2: using BPIALL workaround
[    0.090697] pid_max: default: 32768 minimum: 301
[    0.090851] LSM: initializing lsm=capability
[    0.091014] Mount-cache hash table entries: 1024 (order: 0, 4096 bytes, linear)
[    0.091035] Mountpoint-cache hash table entries: 1024 (order: 0, 4096 bytes, linear)
[    0.092610] CPU0: thread -1, cpu 0, socket -1, mpidr 0
[    0.092670] cacheinfo: Unable to detect cache hierarchy for CPU 0
[    0.094667] Setting up static identity map for 0x80100000 - 0x80100078
[    0.094986] rcu: Hierarchical SRCU implementation.
[    0.094996] rcu: 	Max phase no-delay instances is 1000.
[    0.096720] smp: Bringing up secondary CPUs ...
[    0.096773] smp: Brought up 1 node, 1 CPU
[    0.096786] SMP: Total of 1 processors activated (996.14 BogoMIPS).
[    0.096797] CPU: All CPU(s) started in SVC mode.
[    0.096997] Memory: 480848K/522240K available (11264K kernel code, 1220K rwdata, 2936K rodata, 1024K init, 255K bss, 23356K reserved, 16384K cma-reserved, 0K highmem)
[    0.097821] devtmpfs: initialized
[    0.115122] VFP support v0.3: implementor 41 architecture 3 part 30 variant c rev 3
[    0.115764] clocksource: jiffies: mask: 0xffffffff max_cycles: 0xffffffff, max_idle_ns: 19112604462750000 ns
[    0.115823] posixtimers hash table entries: 512 (order: 0, 4096 bytes, linear)
[    0.115852] futex hash table entries: 256 (16384 bytes on 1 NUMA nodes, total 16 KiB, linear).
[    0.116977] pinctrl core: initialized pinctrl subsystem
[    0.119124] NET: Registered PF_NETLINK/PF_ROUTE protocol family
[    0.122296] DMA: preallocated 256 KiB pool for atomic coherent allocations
[    0.122901] audit: initializing netlink subsys (disabled)
[    0.124229] thermal_sys: Registered thermal governor 'fair_share'
[    0.124244] thermal_sys: Registered thermal governor 'step_wise'
[    0.124253] thermal_sys: Registered thermal governor 'user_space'
[    0.124358] audit: type=2000 audit(0.120:1): state=initialized audit_enabled=0 res=1
[    0.124428] cpuidle: using governor menu
[    0.142573] /ocp/interconnect@44c00000/segment@200000/target-module@b000/i2c@0/tda19988@70: Fixed dependency cycle(s) with /ocp/interconnect@48000000/segment@300000/target-module@e000/lcdc@0
[    0.143681] /ocp/interconnect@48000000/segment@300000/target-module@e000/lcdc@0: Fixed dependency cycle(s) with /ocp/interconnect@44c00000/segment@200000/target-module@b000/i2c@0/tda19988@70
[    0.145908] No ATAGs?
[    0.145951] hw-breakpoint: debug architecture 0x4 unsupported.
[    0.149068] kprobes: kprobe jump-optimization is enabled. All kprobes are optimized if possible.
[    0.154368] iommu: Default domain type: Translated
[    0.154391] iommu: DMA domain TLB invalidation policy: strict mode
[    0.161763] SCSI subsystem initialized
[    0.162617] pps_core: LinuxPPS API ver. 1 registered
[    0.162628] pps_core: Software ver. 5.3.6 - Copyright 2005-2007 Rodolfo Giometti <giometti@linux.it>
[    0.162652] PTP clock support registered
[    0.171298] vgaarb: loaded
[    0.171673] clocksource: Switched to clocksource dmtimer
[    0.172351] VFS: Disk quotas dquot_6.6.0
[    0.172409] VFS: Dquot-cache hash table entries: 1024 (order 0, 4096 bytes)
[    0.196881] NET: Registered PF_INET protocol family
[    0.197224] IP idents hash table entries: 8192 (order: 4, 65536 bytes, linear)
[    0.198632] tcp_listen_portaddr_hash hash table entries: 512 (order: 0, 4096 bytes, linear)
[    0.198668] Table-perturb hash table entries: 65536 (order: 6, 262144 bytes, linear)
[    0.198685] TCP established hash table entries: 4096 (order: 2, 16384 bytes, linear)
[    0.198731] TCP bind hash table entries: 4096 (order: 4, 65536 bytes, linear)
[    0.198831] TCP: Hash tables configured (established 4096 bind 4096)
[    0.198950] UDP hash table entries: 256 (order: 1, 14336 bytes, linear)
[    0.198984] UDP-Lite hash table entries: 256 (order: 1, 14336 bytes, linear)
[    0.199172] NET: Registered PF_UNIX/PF_LOCAL protocol family
[    0.200434] RPC: Registered named UNIX socket transport module.
[    0.200453] RPC: Registered udp transport module.
[    0.200458] RPC: Registered tcp transport module.
[    0.200463] RPC: Registered tcp-with-tls transport module.
[    0.200468] RPC: Registered tcp NFSv4.1 backchannel transport module.
[    0.200493] PCI: CLS 0 bytes, default 64
[    0.202026] Initialise system trusted keyrings
[    0.212803] workingset: timestamp_bits=14 max_order=17 bucket_order=3
[    0.214211] NFS: Registering the id_resolver key type
[    0.214290] Key type id_resolver registered
[    0.214297] Key type id_legacy registered
[    0.214404] jffs2: version 2.2. (NAND) (SUMMARY)  Â© 2001-2006 Red Hat, Inc.
[    0.214864] Key type asymmetric registered
[    0.214880] Asymmetric key parser 'x509' registered
[    0.214950] io scheduler mq-deadline registered
[    0.214962] io scheduler kyber registered
[    0.215036] io scheduler bfq registered
[    0.216899] target-module@4b000000:target-module@140000:pmu@0:fck: device ID is greater than 24
[    0.223079] l3-aon-clkctrl:0000:0: failed to disable
[    0.232307] ledtrig-cpu: registered to indicate activity on CPUs
[    0.236032] Serial: 8250/16550 driver, 6 ports, IRQ sharing enabled
[    0.278705] brd: module loaded
[    0.298071] loop: module loaded
[    0.299009] mtdoops: mtd device (mtddev=name/number) must be supplied
[    0.302336] i2c_dev: i2c /dev entries driver
[    0.303350] cpuidle: enable-method property 'ti,am3352' found operations
[    0.303797] sdhci: Secure Digital Host Controller Interface driver
[    0.303806] sdhci: Copyright(c) Pierre Ossman
[    0.303976] sdhci-pltfm: SDHCI platform and OF driver helper
[    0.318313] hw perfevents: enabled with armv7_cortex_a8 PMU driver, 5 (8000000f) counters available
[    0.318841] Initializing XFRM netlink socket
[    0.319023] NET: Registered PF_INET6 protocol family
[    0.324678] l3-aon-clkctrl:0000:0: failed to disable
[    0.333143] Segment Routing with IPv6
[    0.333229] In-situ OAM (IOAM) with IPv6
[    0.333321] sit: IPv6, IPv4 and MPLS over IPv4 tunneling driver
[    0.334269] NET: Registered PF_PACKET protocol family
[    0.334299] NET: Registered PF_KEY protocol family
[    0.334421] Key type dns_resolver registered
[    0.334648] ThumbEE CPU extension supported.
[    0.334667] Registering SWP/SWPB emulation handler
[    0.335208] omap_voltage_late_init: Voltage driver support not added
[    0.335862] SmartReflex Class3 initialized
[    0.377517] Loading compiled-in X.509 certificates
[    0.406975] /ocp/interconnect@44c00000/segment@200000/target-module@b000/i2c@0/tda19988@70: Fixed dependency cycle(s) with /ocp/interconnect@48000000/segment@300000/target-module@e000/lcdc@0
[    0.413656] /ocp/interconnect@44c00000/segment@200000/target-module@b000/i2c@0/tda19988@70: Fixed dependency cycle(s) with /ocp/interconnect@48000000/segment@300000/target-module@e000/lcdc@0
[    0.445823] /ocp/interconnect@44c00000/segment@200000/target-module@b000/i2c@0/tda19988@70: Fixed dependency cycle(s) with /ocp/interconnect@48000000/segment@300000/target-module@e000/lcdc@0
[    0.446696] /ocp/interconnect@44c00000/segment@200000/target-module@b000/i2c@0/tda19988@70: Fixed dependency cycle(s) with /ocp/interconnect@48000000/segment@300000/target-module@e000/lcdc@0
[    0.450199] /ocp/interconnect@44c00000/segment@200000/target-module@10000/scm@0/pinmux@800: Fixed dependency cycle(s) with /ocp/interconnect@44c00000/segment@200000/target-module@10000/scm@0/pinmux@800/clkout2-pins
[    0.450792] pinctrl-single 44e10800.pinmux: 142 pins, size 568
[    0.456384] ti-sysc 44e31000.target-module: probe with driver ti-sysc failed with error -16
[    0.496085] /ocp/interconnect@48000000/segment@300000/target-module@e000/lcdc@0: Fixed dependency cycle(s) with /ocp/interconnect@44c00000/segment@200000/target-module@b000/i2c@0/tda19988@70
[    0.504441] ti-sysc 48040000.target-module: probe with driver ti-sysc failed with error -16
[    0.539255] OMAP GPIO hardware version 0.1
[    0.581264] omap_i2c 4819c000.i2c: bus 2 rev0.11 at 100 kHz
[    0.611177] 48000000.interconnect:segment@200000:target-module@0:mpu@0:fck: device ID is greater than 24
[    0.612297] /ocp/interconnect@48000000/segment@300000/target-module@e000/lcdc@0: Fixed dependency cycle(s) with /ocp/interconnect@44c00000/segment@200000/target-module@b000/i2c@0/tda19988@70
[    0.615192] /ocp/interconnect@48000000/segment@300000/target-module@e000/lcdc@0: Fixed dependency cycle(s) with /ocp/interconnect@44c00000/segment@200000/target-module@b000/i2c@0/tda19988@70
[    0.615904] /ocp/interconnect@44c00000/segment@200000/target-module@b000/i2c@0/tda19988@70: Fixed dependency cycle(s) with /ocp/interconnect@48000000/segment@300000/target-module@e000/lcdc@0
[    0.616064] /ocp/interconnect@48000000/segment@300000/target-module@e000/lcdc@0: Fixed dependency cycle(s) with /ocp/interconnect@44c00000/segment@ 200000/target-module@b000/i2c@0/tda19988@70
[    0.627230] sdhci-omap 481d8000.mmc: supply pbias not found, using dummy regulator
[    0.627722] sdhci-omap 481d8000.mmc: supply vqmmc not found, using dummy regulator
[    0.679545] davinci_mdio 4a101000.mdio: davinci mdio revision 1.6, bus freq 1000000
[    0.816513] davinci_mdio 4a101000.mdio: phy[0]: device 4a101000.mdio:00, driver SMSC LAN8710/LAN8720
[    0.817288] cpsw-switch 4a100000.switch: initialized cpsw ale version 1.4
[    0.817311] cpsw- switch 4a100000.switch: ALE Table size 1024, Policers 0
[    0.817463] cpsw-switch 4a100000.switch: cpts: overflow check period 500 (jiffies)
[    0.817479] cpsw-switch 4a100000.switch: CPTS: ref_clk_freq:250000000 calc_mult:2147483648 calc_shift:29 error:0 nsec/sec
[    0.817586] cpsw-switch 4a100000.switch: Detected MACID = 6c:ec:eb:68:de:78
[    0.819424] cpsw-switch 4a100000.switch: initialized (regs 0x4a100000, pool size 256) hw_ver:0019010C 1.12 (0)
[    0.830509] debugfs: '49000000.dma' already exists in 'dmaengine'
[    0.830553] edma 49000000.dma: TI EDMA DMA engine driver
[    0.880000] 44e09000.serial: ttyS0 at MMIO 0x44e09000 (irq = 34, base_baud = 3000000) is a 8250
[    0.880094] printk: legacy console [ttyS0] enabled
[    2.402605] tps65217-pmic: Failed to locate of_node [id: -1]
[    2.408672] tps65217-bl: Failed to locate of_node [id: -1]
[    2.414717] platform tps65217-charger: DMA mask not set
[    2.420762] platform tps65217-pwrbutton: DMA mask not set
[    2.428057] tps65217 0-0024: TPS65217 ID 0xe version 1.2
[    2.434176] /ocp/interconnect@48000000/segment@300000/target-module@e000/lcdc@0: Fixed dependency cycle(s) with /ocp/interconnect@44c00000/segment@200000/target-module@b000/i2c@0/tda19988@70
[    2.451562] /ocp/interconnect@44c00000/segment@200000/target-module@b000/i2c@0/tda19988@70: Fixed dependency cycle(s) with /ocp/interconnect@48000000/segment@300000/target-module@e000/lcdc@0
[    2.468923] omap_i2c 44e0b000.i2c: bus 0 rev0.11 at 400 kHz
[    2.476794] omap_gp
[    5.842426] cpsw-switch 4a100000.switch eth0: Link is Up - 100Mbps/Full - flow control off
[    5.871686] IP-Config: Complete:
[    5.874960]      device=eth0, hwaddr=6c:ec:eb:68:de:78, ipaddr=192.168.255.1, mask=255.255.255.0, gw=255.255.255.255
[    5.885599]      host=bbb1, domain=, nis-domain=(none)
[    5.890765]      bootserver=192.168.255.126, rootserver=192.168.255.126, rootpath=
[    5.891174] clk: Disabling unused clocks
[    5.903097] KTAP version 1
[    5.905832] 1..0
[    5.908520] check access for rdinit=/init failed: -2, ignoring
[    5.949226] VFS: Mounted root (nfs filesystem) on device 0:17.
[    5.956409] devtmpfs: mounted
[    5.960880] Freeing unused kernel image (initmem) memory: 1024K
[    5.967766] Run /sbin/init as init process
[    6.646600] systemd[1]: System time before build time, advancing clock.
[    8.171695] random: crng init done
[    8.184293] systemd[1]: systemd 232 running in system mode. (+PAM +AUDIT +SELINUX +IMA +APPARMOR +SMACK +SYSVINIT +UTMP +LIBCRYPTSETUP +GCRYPT +GNUTLS +ACL +XZ +LZ4 +SECCOMP +BLKID +ELFUTILS +KMOD +IDN)
[    8.203373] systemd[1]: Detected architecture arm.

Welcome to [1mDebian GNU/Linux 9 (stretch)[0m!

[    8.234797] systemd[1]: Set hostname to <arm>.
[    9.339661] systemd[1]: Created slice System Slice.
[[0;32m  OK  [0m] Created slice System Slice.
[    9.365740] systemd[1]: systemd-journald.socket: SO_PASSSEC failed: Operation not supported
[    9.374636] systemd[1]: systemd-journald.socket: SO_PASSSEC failed: Operation not supported
[    9.383373] systemd[1]: Listening on Journal Socket.
[[0;32m  OK  [0m] Listening on Journal Socket.
[    9.413403] systemd[1]: Created slice system-getty.slice.
[[0;32m  OK  [0m] Created slice system-getty.slice.
[    9.455730] systemd[1]: Starting Remount Root and Kernel File Systems...
         Starting Remount Root and Kernel File Systems...
[    9.474697] systemd[1]: Created slice User and Session Slice.
[[0;32m  OK  [0m] Created slice User and Session Slice.
         Mounting Debug File System...
[[0;32m  OK  [0m] Created slice system-serial\x2dgetty.slice.
[[0;32m  OK  [0m] Listening on udev Kernel Socket.
[[0;32m  OK  [0m] Reached target Slices.
[[0;32m  OK  [0m] Listening on Journal Socket (/dev/log).
[[0;32m  OK  [0m] Listening on Syslog Socket.
         Starting Load Kernel Modules...
[[0;32m  OK  [0m] Reached target Remote File Systems.
[[0;32m  OK  [0m] Listening on Journal Audit Socket.
         Starting Journal Service...
[[0;32m  OK  [0m] Started Dispatch Password Requests to Console Directory Watch.
[[0;32m  OK  [0m] Set up automount Arbitrary Executabâ€¦rmats File System Automount Point.
[[0;32m  OK  [0m] Reached target Swap.
[[0;32m  OK  [0m] Listening on udev Control Socket.
[[0;32m  OK  [0m] Listening on /dev/initctl Compatibility Named Pipe.
         Mounting POSIX Message Queue File System...
         Starting Create list of required stâ€¦ce nodes for the current kernel...
[[0;32m  OK  [0m] Started Forward Password Requests to Wall Directory Watch.
[[0;32m  OK  [0m] Reached target Encrypted Volumes.
[[0;32m  OK  [0m] Reached target Paths.
[[0;32m  OK  [0m] Mounted POSIX Message Queue File System.
[[0;32m  OK  [0m] Mounted Debug File System.
[[0;32m  OK  [0m] Started Remount Root and Kernel File Systems.
[[0;32m  OK  [0m] Started Load Kernel Modules.
[[0;32m  OK  [0m] Started Create list of required staâ€¦vice nodes for the current kernel.
         Starting Create Static Device Nodes in /dev...
         Mounting Configuration File System...
         Starting Apply Kernel Variables...
         Starting Load/Save Random Seed...
         Starting udev Coldplug all Devices...
[[0;32m  OK  [0m] Mounted Configuration File System.
[[0;32m  OK  [0m] Started Apply Kernel Variables.
[[0;32m  OK  [0m] Started Load/Save Random Seed.
[[0;32m  OK  [0m] Started Create Static Device Nodes in /dev.
         Starting udev Kernel Device Manager...
[[0;32m  OK  [0m] Reached target Local File Systems (Pre).
[[0;32m  OK  [0m] Reached target Local File Systems.
         Starting Raise network interfaces...
[[0;32m  OK  [0m] Started Journal Service.
         Starting Flush Journal to Persistent Storage...
[   11.515235] systemd-journald[91]: Received request to flush runtime journal from PID 1
[[0;32m  OK  [0m] Started Flush Journal to Persistent Storage.
         Starting Create Volatile Files and Directories...
[[0;32m  OK  [0m] Started udev Kernel Device Manager.
[   12.652132] omap_prm 44e00d00.prm: sync_state() pending due to 44d00000.cpu
[[0;32m  OK  [0m] Started Create Volatile Files and Directories.
         Starting Update UTMP about System Boot/Shutdown...
         Starting Network Time Synchronization...
[[0;32m  OK  [0m] Started Update UTMP about System Boot/Shutdown.
[[0;32m  OK  [0m] Started udev Coldplug all Devices.
[[0;32m  OK  [0m] Started Network Time Synchronization.
[[0;32m  OK  [0m] Reached target System Time Synchronized.
[[0;32m  OK  [0m] Reached target System Initialization.
[[0;32m  OK  [0m] Started Daily Cleanup of Temporary Directories.
[[0;32m  OK  [0m] Listening on D-Bus System Message Bus Socket.
[[0;32m  OK  [0m] Listening on Avahi mDNS/DNS-SD Stack Activation Socket.
[[0;32m  OK  [0m] Reached target Sockets.
[[0;32m  OK  [0m] Reached target Basic System.
[   14.906211] remoteproc remoteproc0: wkup_m3 is available
         Starting Cape Manager Service...
[   15.045070] at24 2-0054: supply vcc not found, using dummy regulator
         Starting System Logging Service...
[   15.192855] at24 2-0055: supply vcc not found, using dummy regulator
         Starting LSB: Load kernel modules needed to enable cpufreq scaling...
[   15.356370] at24 2-0056: supply vcc not found, using dummy regulator
         Starting Avahi mDNS/DNS-SD Stack...
[   15.496064] at24 2-0057: supply vcc not found, using dummy regulator
[[0;32m  OK  [0m] Started D-Bus System Message Bus.
[   15.607730] at24 0-0050: 32768 byte 24c256 EEPROM, writable, 1 bytes/write
[   15.873075] input: tps65217_pwrbutton as /devices/platform/ocp/44c00000.interconnect/44c00000.interconnect:segment@200000/44e0b000.target-module/44e0b000.i2c/i2c-0/0-0024/tps65217-pwrbutton/input/input0
[   16.262783] omap_wdt: OMAP Watchdog Timer Rev 0x01: initial timeout 60 sec
[   16.274455] omap_rtc 44e3e000.rtc: registered as rtc0
[   16.279659] omap_rtc 44e3e000.rtc: setting system clock to 2000-01-01T00:00:00 UTC (946684800)
[   16.563741] am335x-phy-driver 47401300.usb-phy: dummy supplies not allowed for exclusive requests (id=vbus)
[   16.734359] am335x-phy-driver 47401b00.usb-phy: dummy supplies not allowed for exclusive requests (id=vbus)
[   17.003075] usbcore: registered new interface driver usbfs
[   17.008713] usbcore: registered new interface driver hub
[   17.014326] usbcore: registered new device driver usb
[   17.375472] tda998x 0-0070: found TDA19988
[   17.707012] musb-hdrc musb-hdrc.1: MUSB HDRC host driver
[   17.712641] musb-hdrc musb-hdrc.1: new USB bus registered, assigned bus number 1
[   17.954077] usb usb1: New USB device found, idVendor=1d6b, idProduct=0002, bcdDevice= 6.16
[   17.962673] usb usb1: New USB device strings: Mfr=3, Product=2, SerialNumber=1
[   17.969944] usb usb1: Product: MUSB HDRC host driver
[   17.975049] usb usb1: Manufacturer: Linux 6.16.0-rc7-next-20250725 musb-hcd
[   17.982117] usb usb1: SerialNumber: musb-hdrc.1
[   18.143780] omap-mailbox 480c8000.mailbox: omap mailbox rev 0x400
[   18.245352] remoteproc remoteproc0: powering up wkup_m3
[   18.363262] hub 1-0:1.0: USB hub found
[   18.423078] remoteproc remoteproc0: Direct firmware load for am335x-pm-firmware.elf failed with error -2
[   18.432917] remoteproc remoteproc0: request_firmware failed: -2
[   18.438881] wkup_m3_ipc 44e11324.wkup_m3_ipc: rproc_boot failed
[   18.456130] hub 1-0:1.0: 1 port detected
[[0;32m  OK  [0m] Started Avahi mDNS/DNS-SD Stack.
[   20.251082] ------------[ cut here ]------------
[   20.255932] WARNING: net/8021q/vlan_core.c:236 at vlan_for_each+0x114/0x134, CPU#0: avahi-daemon/183
[   20.265213] RTNL: assertion failed at net/8021q/vlan_core.c (236)
[   20.271340] Modules linked in: snd_soc_davinci_mcasp snd_soc_ti_udma snd_soc_ti_edma snd_soc_ti_sdma snd_soc_core snd_pcm_dmaengine snd_pcm omap_mailbox snd_timer snd soundcore musb_dsps musb_hdrc tda998x udc_core cec usbcore drm_kms_helper phy_am335x phy_generic omap_wdt rtc_omap usb_common drm wkup_m3_ipc watchdog phy_am335x_control tps65218_pwrbutton drm_panel_orientation_quirks at24 cppi41 wkup_m3_rproc leds_gpio led_class cpufreq_dt ip_tables x_tables autofs4
[   20.312927] CPU: 0 UID: 107 PID: 183 Comm: avahi-daemon Not tainted 6.16.0-rc7-next-20250725 #1 NONE 
[   20.312947] Hardware name: Generic AM33XX (Flattened Device Tree)
[   20.312956] Call trace: 
[   20.312972]  unwind_backtrace from show_stack+0x10/0x14
[   20.313008]  show_stack from dump_stack_lvl+0x50/0x64
[   20.313034]  dump_stack_lvl from __warn+0x88/0x148
[   20.313052]  __warn from warn_slowpath_fmt+0x19c/0x1b0
[   20.313066]  warn_slowpath_fmt from vlan_for_each+0x114/0x134
[   20.313087]  vlan_for_each from cpsw_add_mc_addr+0x40/0xa4
[   20.313118]  cpsw_add_mc_addr from __hw_addr_ref_sync_dev+0x108/0x140
[   20.313153]  __hw_addr_ref_sync_dev from __dev_mc_add+0x7c/0x80
[   20.313177]  __dev_mc_add from igmp6_group_added+0xc8/0xe0
[   20.313206]  igmp6_group_added from __ipv6_dev_mc_inc+0x218/0x364
[   20.313226]  __ipv6_dev_mc_inc from __ipv6_sock_mc_join+0x11c/0x214
[   20.313244]  __ipv6_sock_mc_join from do_ipv6_setsockopt+0x1214/0x1310
[   20.313279]  do_ipv6_setsockopt from ipv6_setsockopt+0x60/0xcc
[   20.313302]  ipv6_setsockopt from udpv6_setsockopt+0x2c/0x6c
[   20.313321]  udpv6_setsockopt from sock_common_setsockopt+0x30/0x40
[   20.313339]  sock_common_setsockopt from do_sock_setsockopt+0x50/0x9c
[   20.313362]  do_sock_setsockopt from __sys_setsockopt+0x70/0xbc
[   20.313386]  __sys_setsockopt from ret_fast_syscall+0x0/0x58
[   20.313404] Exception stack(0xe0151fa8 to 0xe0151ff0)
[   20.313418] 1fa0:                   00000014 b6fd8ce8 0000000d 00000029 00000014 bee489ec
[   20.313431] 1fc0: 00000014 b6fd8ce8 00000014 00000126 0000000d b6f81ff4 0049e988 00486558
[   20.313439] 1fe0: b6f97088 bee489d8 b6f74309 b6e4b41a
[   20.313448] ---[ end trace 0000000000000000 ]---
         Starting Connection service...
[[0;32m  OK  [0m] Started Daily apt download activities.
[[0;32m  OK  [0m] Started Regular background program processin[   20.860079] omap_rng 48310000.rng: Random Number Generator ver. 20
g daemon.
[   21.014678] tilcdc 4830e000.lcdc: bound 0-0070 (ops tda998x_audio_codec_init [tda998x])
         Starting Generic Board Startup...
         Starting LSB: Start busybox udhcpd at boot time...
[   21.132738] [drm] Initialized tilcdc 1.0.0 for 4830e000.lcdc on minor 0
[   21.157451] tilcdc 4830e000.lcdc: [drm] Cannot find any crtc or sizes
[   21.165553] tilcdc 4830e000.lcdc: [drm] Cannot find any crtc or sizes
[[0;32m  OK  [0m] Started Daily apt upgrade and clean activities.
[[0;32m  OK  [0m] Reached target Timers.
         Starting Telephony service...
         Starting Login Service...
         Starting DUN service...
[[0;32m  OK  [0m] Started System Logging Service.
[[0;32m  OK  [0m] Started Cape Manager Service.
[   22.560207] PM: Cannot get wkup_m3_ipc handle
[   22.655770] omap-sham 53100000.sham: hw accel on OMAP rev 4.3
[   22.788074] omap-sham 53100000.sham: will run requests pump with realtime priority
[   22.798427] PM: Cannot get wkup_m3_ipc handle
[   22.922107] omap-aes 53500000.aes: OMAP AES hw accel rev: 3.2
[[0;32m  OK  [0m] Found device /dev/ttyS0.
[   23.044106] omap-aes 53500000.aes: will run requests pump with realtime priority
[   23.053537] PM: Cannot get wkup_m3_ipc handle
[   24.834844] Bluetooth: Core ver 2.22
[   24.838678] NET: Registered PF_BLUETOOTH protocol family
[   24.844256] Bluetooth: HCI device and connection manager initialized
[   24.850675] Bluetooth: HCI socket layer initialized
[   24.855696] Bluetooth: L2CAP socket layer initialized
[   24.860864] Bluetooth: SCO socket layer initialized
[   26.458638] gpio-537 (nxp,calib): gpiod_direction_output_nonotify: tried to set a GPIO tied to an IRQ as output
[   26.481339] PM: Cannot get wkup_m3_ipc handle
[   26.600471] PM: Cannot get wkup_m3_ipc handle
[   26.740319] tda9950 0-0034: TDA9950 CEC interface, hardware version 3.3
[   26.862544] PM: Cannot get wkup_m3_ipc handle
[[0;32m  OK  [0m] Started LSB: Start busybox udhcpd at boot time.
[[0;32m  OK  [0m] Started Raise network interfaces.
[[0;32m  OK  [0m] Started LSB: Load kernel modules needed to enable cpufreq scaling.
[   29.854464] configfs-gadget.g_multi gadget.0: HOST MAC 1c:ba:8c:a2:ed:6c
[   29.861243] configfs-gadget.g_multi gadget.0: MAC 1c:ba:8c:a2:ed:70
[   29.868790] configfs-gadget.g_multi gadget.0: HOST MAC 1c:ba:8c:a2:ed:6c
[   29.875656] configfs-gadget.g_multi gadget.0: MAC 1c:ba:8c:a2:ed:6d
[   29.883170] PM: Cannot get wkup_m3_ipc handle
[[0;32m  OK  [0m] Started DUN service.
[[0;32m  OK  [0m] Started Telephony service.
[[0;32m  OK  [0m] Started Connection service.
[[0;32m  OK  [0m] Started Login Service.
[[0;32m  OK  [0m] Reached target Sound Card.
         Starting LSB: set CPUFreq kernel parameters...
[[0;32m  OK  [0m] Reached target Network.
         Starting OpenBSD Secure Shell server...
         Starting The Apache HTTP Server...
         Starting Permit User Sessions...
[[0;32m  OK  [0m] Reached target Network is Online.
         Starting LSB: Advanced IEEE 802.11 management daemon...
[[0;32m  OK  [0m] Started LSB: Advanced IEEE 802.11 management daemon.
[[0;32m  OK  [0m] Started Permit User Sessions.
         Starting Hostname Service...
[[0;32m  OK  [0m] Started Getty on tty1.
[[0;32m  OK  [0m] Started Serial Getty on ttyS0.
[[0;32m  OK  [0m] Reached target Login Prompts.
         Starting WPA supplicant...
[[0;32m  OK  [0m] Started LSB: set CPUFreq kernel parameters.
[[0;32m  OK  [0m] Started Hostname Service.
[[0;32m  OK  [0m] Started WPA supplicant.
[[0;32m  OK  [0m] Started OpenBSD Secure Shell server.
         Stopping LSB: Start busybox udhcpd at boot time...
[[0;32m  OK  [0m] Stopped LSB: Start busybox udhcpd at boot time.
[[0;32m  OK  [0m] Started The Apache HTTP Server.
         Starting dnsmasq - A lightweight DHCP and caching DNS server...
[[0;32m  OK  [0m] Started dnsmasq - A lightweight DHCP and caching DNS server.
[[0;32m  OK  [0m] Reached target Host and Network Name Lookups.
[[0;32m  OK  [0m] Started Serial Getty on ttyGS0.
[[0;32m  OK  [0m] Started Generic Board Startup.
[[0;32m  OK  [0m] Reached target Multi-User System.
[[0;32m  OK  [0m] Reached target Graphical Interface.
         Starting Update UTMP about System Runlevel Changes...
[[0;32m  OK  [0m] Started Update UTMP about System Runlevel Changes.

Debian GNU/Linux 9 arm ttyS0

default username:password is [debian:temppwd]

arm login: root
Password: 
Last login: Sat Jan  1 00:00:35 UTC 2000 on ttyS0
root
Linux arm 6.16.0-rc7-next-20250725 #1 SMP Fri Jul 25 06:51:03 EEST 2025 armv7l

The programs included with the Debian GNU/Linux system are free software;
the exact distribution terms for each program are described in the
individual files in /usr/share/doc/*/copyright.

Debian GNU/Linux comes with ABSOLUTELY NO WARRANTY, to the extent
permitted by applicable law.
root@arm:~# root
-bash: root: command not found
root@arm:~# dmesg -n 1
echo 'JLBZ''VBESUM'
root@arm:~# echo 'JLBZ''VBESUM'
JLBZVBESUM
root@arm:~# run() { echo -n "$MARKER"; sh -c "$@"; echo "$MARKER $?"; }
root@arm:~# echo 'FGVT''PJAWGP'
FGVTPJAWGP
root@arm:~# MARKER='VCPX''WHZJSP' run 'cat /proc/version'
VCPXWHZJSPLinux version 6.16.0-rc7-next-20250725 (user01@drvtest01) (arm-none-eabi-gcc (Arm GNU Toolchain 14.2.Rel1 (Build arm-14.52)) 14.2.1 20241119, GNU ld (Arm GNU Toolchain 14.2.Rel1 (Build arm-14.52)) 2.43.1.20241119) #1 SMP Fri Jul 25 06:51:03 EEST 2025
VCPXWHZJSP 0
root@arm:~# echo 'TVAF''MLOCKO'
TVAFMLOCKO
root@arm:~# MARKER='MJQJ''USSEWN' run false
MJQJUSSEWNMJQJUSSEWN 1
root@arm:~# Labgrid Console Logfile for main
Logfile started at 2025-07-25 06:56:41.596835
=== Log starts here ===

root@arm:~# run() { echo -n "$MARKER"; sh -c "$@"; echo "$MARKER $?"; }
root@arm:~# echo 'NEZX''PLKUGT'
NEZXPLKUGT
root@arm:~# MARKER='EBXQ''ZLVTQO' run 'ls /iio_generic_buffer; echo $?'
EBXQZLVTQO/iio_generic_buffer
0
EBXQZLVTQO 0
root@arm:~# Labgrid Console Logfile for main
Logfile started at 2025-07-25 06:56:44.956230
=== Log starts here ===

root@arm:~# run() { echo -n "$MARKER"; sh -c "$@"; echo "$MARKER $?"; }
root@arm:~# echo 'KMCN''YHWPVN'
KMCNYHWPVN
root@arm:~# MARKER='VFOA''GOAUYZ' run dmesg
VFOAGOAUYZ[    0.000000] Booting Linux on physical CPU 0x0
[    0.000000] Linux version 6.16.0-rc7-next-20250725 (user01@drvtest01) (arm-none-eabi-gcc (Arm GNU Toolchain 14.2.Rel1 (Build arm-14.52)) 14.2.1 20241119, GNU ld (Arm GNU Toolchain 14.2.Rel1 (Build arm-14.52)) 2.43.1.20241119) #1 SMP Fri Jul 25 06:51:03 EEST 2025
[    0.000000] CPU: ARMv7 Processor [413fc082] revision 2 (ARMv7), cr=10c5387d
[    0.000000] CPU: PIPT / VIPT nonaliasing data cache, VIPT aliasing instruction cache
[    0.000000] OF: fdt: Machine model: TI AM335x BeagleBone Black
[    0.000000] Memory policy: Data cache writeback
[    0.000000] cma: Reserved 16 MiB at 0x9e800000
[    0.000000] Zone ranges:
[    0.000000]   Normal   [mem 0x0000000080000000-0x000000009fdfffff]
[    0.000000]   HighMem  empty
[    0.000000] Movable zone start for each node
[    0.000000] Early memory node ranges
[    0.000000]   node   0: [mem 0x0000000080000000-0x000000009fdfffff]
[    0.000000] Initmem setup node 0 [mem 0x0000000080000000-0x000000009fdfffff]
[    0.000000] On node 0, zone Normal: 512 pages in unavailable ranges
[    0.000000] OF: reserved mem: Reserved memory: No reserved-memory node in the DT
[    0.000000] CPU: All CPU(s) started in SVC mode.
[    0.000000] AM335X ES2.1 (sgx neon)
[    0.000000] percpu: Embedded 17 pages/cpu s39820 r8192 d21620 u69632
[    0.000000] pcpu-alloc: s39820 r8192 d21620 u69632 alloc=17*4096
[    0.000000] pcpu-alloc: [0] 0 
[    0.000000] Kernel command line: console=ttyO0,115200n8 root=/dev/nfs rw nfsroot=192.168.255.126:/home/user01/nfs,nfsvers=3 ip=192.168.255.1:192.168.255.126::255.255.255.0:bbb1:eth0 nfsrootdebug
[    0.000000] Unknown kernel command line parameters "nfsrootdebug", will be passed to user space.
[    0.000000] printk: log buffer data + meta data: 65536 + 204800 = 270336 bytes
[    0.000000] Dentry cache hash table entries: 65536 (order: 6, 262144 bytes, linear)
[    0.000000] Inode-cache hash table entries: 32768 (order: 5, 131072 bytes, linear)
[    0.000000] Built 1 zonelists, mobility grouping on.  Total pages: 130560
[    0.000000] mem auto-init: stack:off, heap alloc:off, heap free:off
[    0.000000] SLUB: HWalign=16, Order=0-3, MinObjects=0, CPUs=1, Nodes=1
[    0.000000] rcu: Hierarchical RCU implementation.
[    0.000000] rcu: 	RCU event tracing is enabled.
[    0.000000] rcu: 	RCU restricting CPUs from NR_CPUS=2 to nr_cpu_ids=1.
[    0.000000] 	Tracing variant of Tasks RCU enabled.
[    0.000000] rcu: RCU calculated value of scheduler-enlistment delay is 10 jiffies.
[    0.000000] rcu: Adjusting geometry for rcu_fanout_leaf=16, nr_cpu_ids=1
[    0.000000] RCU Tasks Trace: Setting shift to 0 and lim to 1 rcu_task_cb_adjust=1 rcu_task_cpu_ids=1.
[    0.000000] NR_IRQS: 16, nr_irqs: 16, preallocated irqs: 16
[    0.000000] IRQ: Found an INTC at 0x(ptrval) (revision 5.0) with 128 interrupts
[    0.000000] rcu: srcu_init: Setting srcu_struct sizes based on contention.
[    0.000000] TI gptimer clocksource: always-on /ocp/interconnect@44c00000/segment@200000/target-module@31000
[    0.000003] sched_clock: 32 bits at 24MHz, resolution 41ns, wraps every 89478484971ns
[    0.000026] clocksource: dmtimer: mask: 0xffffffff max_cycles: 0xffffffff, max_idle_ns: 79635851949 ns
[    0.000525] TI gptimer clockevent: 24000000 Hz at /ocp/interconnect@48000000/segment@0/target-module@40000
[    0.002148] Console: colour dummy device 80x30
[    0.002215] WARNING: Your 'console=ttyO0' has been replaced by 'ttyS0'
[    0.002224] This ensures that you still see kernel messages. Please
[    0.002228] update your kernel commandline.
[    0.002272] Calibrating delay loop... 996.14 BogoMIPS (lpj=4980736)
[    0.090571] CPU: Testing write buffer coherency: ok
[    0.090686] CPU0: Spectre v2: using BPIALL workaround
[    0.090697] pid_max: default: 32768 minimum: 301
[    0.090851] LSM: initializing lsm=capability
[    0.091014] Mount-cache hash table entries: 1024 (order: 0, 4096 bytes, linear)
[    0.091035] Mountpoint-cache hash table entries: 1024 (order: 0, 4096 bytes, linear)
[    0.092610] CPU0: thread -1, cpu 0, socket -1, mpidr 0
[    0.092670] cacheinfo: Unable to detect cache hierarchy for CPU 0
[    0.094667] Setting up static identity map for 0x80100000 - 0x80100078
[    0.094986] rcu: Hierarchical SRCU implementation.
[    0.094996] rcu: 	Max phase no-delay instances is 1000.
[    0.096720] smp: Bringing up secondary CPUs ...
[    0.096773] smp: Brought up 1 node, 1 CPU
[    0.096786] SMP: Total of 1 processors activated (996.14 BogoMIPS).
[    0.096797] CPU: All CPU(s) started in SVC mode.
[    0.096997] Memory: 480848K/522240K available (11264K kernel code, 1220K rwdata, 2936K rodata, 1024K init, 255K bss, 23356K reserved, 16384K cma-reserved, 0K highmem)
[    0.097821] devtmpfs: initialized
[    0.115122] VFP support v0.3: implementor 41 architecture 3 part 30 variant c rev 3
[    0.115764] clocksource: jiffies: mask: 0xffffffff max_cycles: 0xffffffff, max_idle_ns: 19112604462750000 ns
[    0.115823] posixtimers hash table entries: 512 (order: 0, 4096 bytes, linear)
[    0.115852] futex hash table entries: 256 (16384 bytes on 1 NUMA nodes, total 16 KiB, linear).
[    0.116977] pinctrl core: initialized pinctrl subsystem
[    0.119124] NET: Registered PF_NETLINK/PF_ROUTE protocol family
[    0.122296] DMA: preallocated 256 KiB pool for atomic coherent allocations
[    0.122901] audit: initializing netlink subsys (disabled)
[    0.124229] thermal_sys: Registered thermal governor 'fair_share'
[    0.124244] thermal_sys: Registered thermal governor 'step_wise'
[    0.124253] thermal_sys: Registered thermal governor 'user_space'
[    0.124358] audit: type=2000 audit(0.120:1): state=initialized audit_enabled=0 res=1
[    0.124428] cpuidle: using governor menu
[    0.142573] /ocp/interconnect@44c00000/segment@200000/target-module@b000/i2c@0/tda19988@70: Fixed dependency cycle(s) with /ocp/interconnect@48000000/segment@300000/target-module@e000/lcdc@0
[    0.143681] /ocp/interconnect@48000000/segment@300000/target-module@e000/lcdc@0: Fixed dependency cycle(s) with /ocp/interconnect@44c00000/segment@200000/target-module@b000/i2c@0/tda19988@70
[    0.145908] No ATAGs?
[    0.145951] hw-breakpoint: debug architecture 0x4 unsupported.
[    0.149068] kprobes: kprobe jump-optimization is enabled. All kprobes are optimized if possible.
[    0.154368] iommu: Default domain type: Translated
[    0.154391] iommu: DMA domain TLB invalidation policy: strict mode
[    0.155949] reg-fixed-voltage fixedregulator0: using DT '/fixedregulator0' for '(default)' GPIO lookup
[    0.156004] of_get_named_gpiod_flags: can't parse 'gpios' property of node '/fixedregulator0[0]'
[    0.156032] of_get_named_gpiod_flags: can't parse 'gpio' property of node '/fixedregulator0[0]'
[    0.156049] reg-fixed-voltage fixedregulator0: using lookup tables for GPIO lookup
[    0.156060] reg-fixed-voltage fixedregulator0: No GPIO consumer (default) found
[    0.161763] SCSI subsystem initialized
[    0.162235] libata version 3.00 loaded.
[    0.162617] pps_core: LinuxPPS API ver. 1 registered
[    0.162628] pps_core: Software ver. 5.3.6 - Copyright 2005-2007 Rodolfo Giometti <giometti@linux.it>
[    0.162652] PTP clock support registered
[    0.171298] vgaarb: loaded
[    0.171673] clocksource: Switched to clocksource dmtimer
[    0.172351] VFS: Disk quotas dquot_6.6.0
[    0.172409] VFS: Dquot-cache hash table entries: 1024 (order 0, 4096 bytes)
[    0.196881] NET: Registered PF_INET protocol family
[    0.197224] IP idents hash table entries: 8192 (order: 4, 65536 bytes, linear)
[    0.198632] tcp_listen_portaddr_hash hash table entries: 512 (order: 0, 4096 bytes, linear)
[    0.198668] Table-perturb hash table entries: 65536 (order: 6, 262144 bytes, linear)
[    0.198685] TCP established hash table entries: 4096 (order: 2, 16384 bytes, linear)
[    0.198731] TCP bind hash table entries: 4096 (order: 4, 65536 bytes, linear)
[    0.198831] TCP: Hash tables configured (established 4096 bind 4096)
[    0.198950] UDP hash table entries: 256 (order: 1, 14336 bytes, linear)
[    0.198984] UDP-Lite hash table entries: 256 (order: 1, 14336 bytes, linear)
[    0.199172] NET: Registered PF_UNIX/PF_LOCAL protocol family
[    0.200434] RPC: Registered named UNIX socket transport module.
[    0.200453] RPC: Registered udp transport module.
[    0.200458] RPC: Registered tcp transport module.
[    0.200463] RPC: Registered tcp-with-tls transport module.
[    0.200468] RPC: Registered tcp NFSv4.1 backchannel transport module.
[    0.200493] PCI: CLS 0 bytes, default 64
[    0.202026] Initialise system trusted keyrings
[    0.212803] workingset: timestamp_bits=14 max_order=17 bucket_order=3
[    0.214211] NFS: Registering the id_resolver key type
[    0.214290] Key type id_resolver registered
[    0.214297] Key type id_legacy registered
[    0.214404] jffs2: version 2.2. (NAND) (SUMMARY)  Â© 2001-2006 Red Hat, Inc.
[    0.214864] Key type asymmetric registered
[    0.214880] Asymmetric key parser 'x509' registered
[    0.214950] io scheduler mq-deadline registered
[    0.214962] io scheduler kyber registered
[    0.215036] io scheduler bfq registered
[    0.216899] target-module@4b000000:target-module@140000:pmu@0:fck: device ID is greater than 24
[    0.223079] l3-aon-clkctrl:0000:0: failed to disable
[    0.232307] ledtrig-cpu: registered to indicate activity on CPUs
[    0.236032] Serial: 8250/16550 driver, 6 ports, IRQ sharing enabled
[    0.278705] brd: module loaded
[    0.298071] loop: module loaded
[    0.299009] mtdoops: mtd device (mtddev=name/number) must be supplied
[    0.300707] mdio_bus fixed-0: using lookup tables for GPIO lookup
[    0.300734] mdio_bus fixed-0: No GPIO consumer reset found
[    0.302336] i2c_dev: i2c /dev entries driver
[    0.303350] cpuidle: enable-method property 'ti,am3352' found operations
[    0.303797] sdhci: Secure Digital Host Controller Interface driver
[    0.303806] sdhci: Copyright(c) Pierre Ossman
[    0.303976] sdhci-pltfm: SDHCI platform and OF driver helper
[    0.318313] hw perfevents: enabled with armv7_cortex_a8 PMU driver, 5 (8000000f) counters available
[    0.318841] Initializing XFRM netlink socket
[    0.319023] NET: Registered PF_INET6 protocol family
[    0.324678] l3-aon-clkctrl:0000:0: failed to disable
[    0.333143] Segment Routing with IPv6
[    0.333229] In-situ OAM (IOAM) with IPv6
[    0.333321] sit: IPv6, IPv4 and MPLS over IPv4 tunneling driver
[    0.334269] NET: Registered PF_PACKET protocol family
[    0.334299] NET: Registered PF_KEY protocol family
[    0.334421] Key type dns_resolver registered
[    0.334648] ThumbEE CPU extension supported.
[    0.334667] Registering SWP/SWPB emulation handler
[    0.335208] omap_voltage_late_init: Voltage driver support not added
[    0.335862] SmartReflex Class3 initialized
[    0.377517] Loading compiled-in X.509 certificates
[    0.406975] /ocp/interconnect@44c00000/segment@200000/target-module@b000/i2c@0/tda19988@70: Fixed dependency cycle(s) with /ocp/interconnect@48000000/segment@300000/target-module@e000/lcdc@0
[    0.413656] /ocp/interconnect@44c00000/segment@200000/target-module@b000/i2c@0/tda19988@70: Fixed dependency cycle(s) with /ocp/interconnect@48000000/segment@300000/target-module@e000/lcdc@0
[    0.419220] gpiochip_find_base_unlocked: found new base at 512
[    0.445823] /ocp/interconnect@44c00000/segment@200000/target-module@b000/i2c@0/tda19988@70: Fixed dependency cycle(s) with /ocp/interconnect@48000000/segment@300000/target-module@e000/lcdc@0
[    0.446696] /ocp/interconnect@44c00000/segment@200000/target-module@b000/i2c@0/tda19988@70: Fixed dependency cycle(s) with /ocp/interconnect@48000000/segment@300000/target-module@e000/lcdc@0
[    0.450199] /ocp/interconnect@44c00000/segment@200000/target-module@10000/scm@0/pinmux@800: Fixed dependency cycle(s) with /ocp/interconnect@44c00000/segment@200000/target-module@10000/scm@0/pinmux@800/clkout2-pins
[    0.450792] pinctrl-single 44e10800.pinmux: 142 pins, size 568
[    0.456384] ti-sysc 44e31000.target-module: probe with driver ti-sysc failed with error -16
[    0.496085] /ocp/interconnect@48000000/segment@300000/target-module@e000/lcdc@0: Fixed dependency cycle(s) with /ocp/interconnect@44c00000/segment@200000/target-module@b000/i2c@0/tda19988@70
[    0.504441] ti-sysc 48040000.target-module: probe with driver ti-sysc failed with error -16
[    0.515996] gpiochip_find_base_unlocked: found new base at 512
[    0.516097] gpio gpiochip0: (gpio-0-31): created GPIO range 0->7 ==> 44e10800.pinmux PIN 0->7
[    0.516117] gpio gpiochip0: (gpio-0-31): created GPIO range 8->11 ==> 44e10800.pinmux PIN 90->93
[    0.516133] gpio gpiochip0: (gpio-0-31): created GPIO range 12->27 ==> 44e10800.pinmux PIN 12->27
[    0.516148] gpio gpiochip0: (gpio-0-31): created GPIO range 28->31 ==> 44e10800.pinmux PIN 30->33
[    0.538957] gpio gpiochip0: (gpio-0-31): added GPIO chardev (254:0)
[    0.539171] gpio gpiochip0: registered GPIOs 512 to 543 on gpio-0-31
[    0.539255] OMAP GPIO hardware version 0.1
[    0.580266] i2c i2c-2: using DT '/ocp/interconnect@48000000/segment@100000/target-module@9c000/i2c@0' for 'scl' GPIO lookup
[    0.580343] of_get_named_gpiod_flags: can't parse 'scl-gpios' property of node '/ocp/interconnect@48000000/segment@100000/target-module@9c000/i2c@0[0]'
[    0.580384] of_get_named_gpiod_flags: can't parse 'scl-gpio' property of node '/ocp/interconnect@48000000/segment@100000/target-module@9c000/i2c@0[0]'
[    0.580421] i2c i2c-2: using lookup tables for GPIO lookup
[    0.580431] i2c i2c-2: No GPIO consumer scl found
[    0.580452] i2c i2c-2: using DT '/ocp/interconnect@48000000/segment@100000/target-module@9c000/i2c@0' for 'sda' GPIO lookup
[    0.580487] of_get_named_gpiod_flags: can't parse 'sda-gpios' property of node '/ocp/interconnect@48000000/segment@100000/target-module@9c000/i2c@0[0]'
[    0.580523] of_get_named_gpiod_flags: can't parse 'sda-gpio' property of node '/ocp/interconnect@48000000/segment@100000/target-module@9c000/i2c@0[0]'
[    0.580554] i2c i2c-2: using lookup tables for GPIO lookup
[    0.580561] i2c i2c-2: No GPIO consumer sda found
[    0.581264] omap_i2c 4819c000.i2c: bus 2 rev0.11 at 100 kHz
[    0.587052] gpiochip_find_base_unlocked: found new base at 544
[    0.587154] gpio gpiochip1: (gpio-32-63): created GPIO range 0->17 ==> 44e10800.pinmux PIN 34->51
[    0.587174] gpio gpiochip1: (gpio-32-63): created GPIO range 18->21 ==> 44e10800.pinmux PIN 77->80
[    0.587190] gpio gpiochip1: (gpio-32-63): created GPIO range 22->31 ==> 44e10800.pinmux PIN 56->65
[    0.601892] gpio gpiochip1: (gpio-32-63): added GPIO chardev (254:1)
[    0.602117] gpio gpiochip1: registered GPIOs 544 to 575 on gpio-32-63
[    0.604394] gpiochip_find_base_unlocked: found new base at 576
[    0.604489] gpio gpiochip2: (gpio-64-95): created GPIO range 0->4 ==> 44e10800.pinmux PIN 66->70
[    0.604508] gpio gpiochip2: (gpio-64-95): created GPIO range 5->6 ==> 44e10800.pinmux PIN 98->99
[    0.604524] gpio gpiochip2: (gpio-64-95): created GPIO range 7->8 ==> 44e10800.pinmux PIN 75->76
[    0.604539] gpio gpiochip2: (gpio-64-95): created GPIO range 13->13 ==> 44e10800.pinmux PIN 141->141
[    0.604565] gpio gpiochip2: (gpio-64-95): created GPIO range 14->21 ==> 44e10800.pinmux PIN 100->107
[    0.605310] gpio gpiochip2: (gpio-64-95): added GPIO chardev (254:2)
[    0.605522] gpio gpiochip2: registered GPIOs 576 to 607 on gpio-64-95
[    0.611177] 48000000.interconnect:segment@200000:target-module@0:mpu@0:fck: device ID is greater than 24
[    0.612297] /ocp/interconnect@48000000/segment@300000/target-module@e000/lcdc@0: Fixed dependency cycle(s) with /ocp/interconnect@44c00000/segment@200000/target-module@b000/i2c@0/tda19988@70
[    0.615192] /ocp/interconnect@48000000/segment@300000/target-module@e000/lcdc@0: Fixed dependency cycle(s) with /ocp/interconnect@44c00000/segment@200000/target-module@b000/i2c@0/tda19988@70
[    0.615904] /ocp/interconnect@44c00000/segment@200000/target-module@b000/i2c@0/tda19988@70: Fixed dependency cycle(s) with /ocp/interconnect@48000000/segment@300000/target-module@e000/lcdc@0
[    0.616064] /ocp/interconnect@48000000/segment@300000/target-module@e000/lcdc@0: Fixed dependency cycle(s) with /ocp/interconnect@44c00000/segment@200000/target-module@b000/i2c@0/tda19988@70
[    0.625802] mdio_bus 4a101000.mdio: using DT '/ocp/interconnect@4a000000/segment@0/target-module@100000/switch@0/mdio@1000' for 'reset' GPIO lookup
[    0.625875] of_get_named_gpiod_flags: can't parse 'reset-gpios' property of node '/ocp/interconnect@4a000000/segment@0/target-module@100000/switch@0/mdio@1000[0]'
[    0.625921] of_get_named_gpiod_flags: can't parse 'reset-gpio' property of node '/ocp/interconnect@4a000000/segment@0/target-module@100000/switch@0/mdio@1000[0]'
[    0.625967] mdio_bus 4a101000.mdio: using lookup tables for GPIO lookup
[    0.625977] mdio_bus 4a101000.mdio: No GPIO consumer reset found
[    0.626894] sdhci-omap 481d8000.mmc: using DT '/ocp/interconnect@48000000/segment@100000/target-module@d8000/mmc@0' for 'wp' GPIO lookup
[    0.626952] of_get_named_gpiod_flags: can't parse 'wp-gpios' property of node '/ocp/interconnect@48000000/segment@100000/target-module@d8000/mmc@0[0]'
[    0.626993] of_get_named_gpiod_flags: can't parse 'wp-gpio' property of node '/ocp/interconnect@48000000/segment@100000/target-module@d8000/mmc@0[0]'
[    0.627026] sdhci-omap 481d8000.mmc: using lookup tables for GPIO lookup
[    0.627035] sdhci-omap 481d8000.mmc: No GPIO consumer wp found
[    0.627230] sdhci-omap 481d8000.mmc: supply pbias not found, using dummy regulator
[    0.627722] sdhci-omap 481d8000.mmc: supply vqmmc not found, using dummy regulator
[    0.679545] davinci_mdio 4a101000.mdio: davinci mdio revision 1.6, bus freq 1000000
[    0.697250] mdio_bus 4a101000.mdio:00: using DT '/ocp/interconnect@4a000000/segment@0/target-module@100000/switch@0/mdio@1000/ethernet-phy@0' for 'reset' GPIO lookup
[    0.697351] of_get_named_gpiod_flags: parsed 'reset-gpios' property of node '/ocp/interconnect@4a000000/segment@0/target-module@100000/switch@0/mdio@1000/ethernet-phy@0[0]' - status (0)
[    0.697518] gpio gpiochip0: Persistence not supported for GPIO 8
[    0.816513] davinci_mdio 4a101000.mdio: phy[0]: device 4a101000.mdio:00, driver SMSC LAN8710/LAN8720
[    0.817288] cpsw-switch 4a100000.switch: initialized cpsw ale version 1.4
[    0.817311] cpsw-switch 4a100000.switch: ALE Table size 1024, Policers 0
[    0.817463] cpsw-switch 4a100000.switch: cpts: overflow check period 500 (jiffies)
[    0.817479] cpsw-switch 4a100000.switch: CPTS: ref_clk_freq:250000000 calc_mult:2147483648 calc_shift:29 error:0 nsec/sec
[    0.817586] cpsw-switch 4a100000.switch: Detected MACID = 6c:ec:eb:68:de:78
[    0.819424] cpsw-switch 4a100000.switch: initialized (regs 0x4a100000, pool size 256) hw_ver:0019010C 1.12 (0)
[    0.830509] debugfs: '49000000.dma' already exists in 'dmaengine'
[    0.830553] edma 49000000.dma: TI EDMA DMA engine driver
[    0.872756] gpio-clk clk_mcasp0: using DT '/clk_mcasp0' for 'enable' GPIO lookup
[    0.872832] of_get_named_gpiod_flags: parsed 'enable-gpios' property of node '/clk_mcasp0[0]' - status (0)
[    0.872876] gpio gpiochip0: Persistence not supported for GPIO 27
[    0.873780] gpiochip_find_base_unlocked: found new base at 608
[    0.873894] gpio gpiochip3: (gpio-96-127): created GPIO range 0->7 ==> 44e10800.pinmux PIN 82->89
[    0.873916] gpio gpiochip3: (gpio-96-127): created GPIO range 8->11 ==> 44e10800.pinmux PIN 52->55
[    0.873932] gpio gpiochip3: (gpio-96-127): created GPIO range 12->15 ==> 44e10800.pinmux PIN 94->97
[    0.873948] gpio gpiochip3: (gpio-96-127): created GPIO range 16->17 ==> 44e10800.pinmux PIN 71->72
[    0.873964] gpio gpiochip3: (gpio-96-127): created GPIO range 18->18 ==> 44e10800.pinmux PIN 135->135
[    0.873980] gpio gpiochip3: (gpio-96-127): created GPIO range 19->20 ==> 44e10800.pinmux PIN 108->109
[    0.873996] gpio gpiochip3: (gpio-96-127): created GPIO range 21->21 ==> 44e10800.pinmux PIN 73->73
[    0.874013] gpio gpiochip3: (gpio-96-127): created GPIO range 22->23 ==> 44e10800.pinmux PIN 8->9
[    0.874030] gpio gpiochip3: (gpio-96-127): created GPIO range 26->27 ==> 44e10800.pinmux PIN 10->11
[    0.874047] gpio gpiochip3: (gpio-96-127): created GPIO range 28->28 ==> 44e10800.pinmux PIN 74->74
[    0.874065] gpio gpiochip3: (gpio-96-127): created GPIO range 29->29 ==> 44e10800.pinmux PIN 81->81
[    0.874084] gpio gpiochip3: (gpio-96-127): created GPIO range 30->31 ==> 44e10800.pinmux PIN 28->29
[    0.877111] gpio gpiochip3: (gpio-96-127): added GPIO chardev (254:3)
[    0.877340] gpio gpiochip3: registered GPIOs 608 to 639 on gpio-96-127
[    0.879284] omap8250 44e09000.serial: using DT '/ocp/interconnect@44c00000/segment@200000/target-module@9000/serial@0' for 'rs485-term' GPIO lookup
[    0.879357] of_get_named_gpiod_flags: can't parse 'rs485-term-gpios' property of node '/ocp/interconnect@44c00000/segment@200000/target-module@9000/serial@0[0]'
[    0.879400] of_get_named_gpiod_flags: can't parse 'rs485-term-gpio' property of node '/ocp/interconnect@44c00000/segment@200000/target-module@9000/serial@0[0]'
[    0.879435] omap8250 44e09000.serial: using lookup tables for GPIO lookup
[    0.879445] omap8250 44e09000.serial: No GPIO consumer rs485-term found
[    0.879455] omap8250 44e09000.serial: using DT '/ocp/interconnect@44c00000/segment@200000/target-module@9000/serial@0' for 'rs485-rx-during-tx' GPIO lookup
[    0.879491] of_get_named_gpiod_flags: can't parse 'rs485-rx-during-tx-gpios' property of node '/ocp/interconnect@44c00000/segment@200000/target-module@9000/serial@0[0]'
[    0.879527] of_get_named_gpiod_flags: can't parse 'rs485-rx-during-tx-gpio' property of node '/ocp/interconnect@44c00000/segment@200000/target-module@9000/serial@0[0]'
[    0.879559] omap8250 44e09000.serial: using lookup tables for GPIO lookup
[    0.879566] omap8250 44e09000.serial: No GPIO consumer rs485-rx-during-tx found
[    0.880000] 44e09000.serial: ttyS0 at MMIO 0x44e09000 (irq = 34, base_baud = 3000000) is a 8250
[    0.880094] printk: legacy console [ttyS0] enabled
[    2.381908] i2c i2c-0: using DT '/ocp/interconnect@44c00000/segment@200000/target-module@b000/i2c@0' for 'scl' GPIO lookup
[    2.382000] of_get_named_gpiod_flags: can't parse 'scl-gpios' property of node '/ocp/interconnect@44c00000/segment@200000/target-module@b000/i2c@0[0]'
[    2.382049] of_get_named_gpiod_flags: can't parse 'scl-gpio' property of node '/ocp/interconnect@44c00000/segment@200000/target-module@b000/i2c@0[0]'
[    2.382090] i2c i2c-0: using lookup tables for GPIO lookup
[    2.382104] i2c i2c-0: No GPIO consumer scl found
[    2.382129] i2c i2c-0: using DT '/ocp/interconnect@44c00000/segment@200000/target-module@b000/i2c@0' for 'sda' GPIO lookup
[    2.382168] of_get_named_gpiod_flags: can't parse 'sda-gpios' property of node '/ocp/interconnect@44c00000/segment@200000/target-module@b000/i2c@0[0]'
[    2.382208] of_get_named_gpiod_flags: can't parse 'sda-gpio' property of node '/ocp/interconnect@44c00000/segment@200000/target-module@b000/i2c@0[0]'
[    2.382244] i2c i2c-0: using lookup tables for GPIO lookup
[    2.382256] i2c i2c-0: No GPIO consumer sda found
[    2.402605] tps65217-pmic: Failed to locate of_node [id: -1]
[    2.408672] tps65217-bl: Failed to locate of_node [id: -1]
[    2.414717] platform tps65217-charger: DMA mask not set
[    2.420762] platform tps65217-pwrbutton: DMA mask not set
[    2.428057] tps65217 0-0024: TPS65217 ID 0xe version 1.2
[    2.434176] /ocp/interconnect@48000000/segment@300000/target-module@e000/lcdc@0: Fixed dependency cycle(s) with /ocp/interconnect@44c00000/segment@200000/target-module@b000/i2c@0/tda19988@70
[    2.451562] /ocp/interconnect@44c00000/segment@200000/target-module@b000/i2c@0/tda19988@70: Fixed dependency cycle(s) with /ocp/interconnect@48000000/segment@300000/target-module@e000/lcdc@0
[    2.468923] omap_i2c 44e0b000.i2c: bus 0 rev0.11 at 400 kHz
[    2.476592] sdhci-omap 48060000.mmc: using DT '/ocp/interconnect@48000000/segment@0/target-module@60000/mmc@0' for 'cd' GPIO lookup
[    2.476698] of_get_named_gpiod_flags: parsed 'cd-gpios' property of node '/ocp/interconnect@48000000/segment@0/target-module@60000/mmc@0[0]' - status (0)
[    2.476767] gpio gpiochip3: Persistence not supported for GPIO 6
[    2.476794] omap_gpio 44e07000.gpio: Could not set line 6 debounce to 200000 microseconds (-22)
[    2.485718] sdhci-omap 48060000.mmc: Got CD GPIO
[    2.490375] sdhci-omap 48060000.mmc: using DT '/ocp/interconnect@48000000/segment@0/target-module@60000/mmc@0' for 'wp' GPIO lookup
[    2.490424] of_get_named_gpiod_flags: can't parse 'wp-gpios' property of node '/ocp/interconnect@48000000/segment@0/target-module@60000/mmc@0[0]'
[    2.490469] of_get_named_gpiod_flags: can't parse 'wp-gpio' property of node '/ocp/interconnect@48000000/segment@0/target-module@60000/mmc@0[0]'
[    2.490508] sdhci-omap 48060000.mmc: using lookup tables for GPIO lookup
[    2.490523] sdhci-omap 48060000.mmc: No GPIO consumer wp found
[    2.490742] sdhci-omap 48060000.mmc: supply pbias not found, using dummy regulator
[    2.499558] sdhci-omap 481d8000.mmc: using DT '/ocp/interconnect@48000000/segment@100000/target-module@d8000/mmc@0' for 'wp' GPIO lookup
[    2.499635] of_get_named_gpiod_flags: can't parse 'wp-gpios' property of node '/ocp/interconnect@48000000/segment@100000/target-module@d8000/mmc@0[0]'
[    2.499684] of_get_named_gpiod_flags: can't parse 'wp-gpio' property of node '/ocp/interconnect@48000000/segment@100000/target-module@d8000/mmc@0[0]'
[    2.499723] sdhci-omap 481d8000.mmc: using lookup tables for GPIO lookup
[    2.499737] sdhci-omap 481d8000.mmc: No GPIO consumer wp found
[    2.500767] sdhci-omap 48060000.mmc: supply vqmmc not found, using dummy regulator
[    2.509852] sdhci-omap 481d8000.mmc: supply pbias not found, using dummy regulator
[    2.519275] sdhci-omap 481d8000.mmc: supply vqmmc not found, using dummy regulator
[    2.555423] mmc0: SDHCI controller on 48060000.mmc [48060000.mmc] using External DMA
[    2.563731] mmc1: SDHCI controller on 481d8000.mmc [481d8000.mmc] using External DMA
[    2.572503] cpsw-switch 4a100000.switch: starting ndev. mode: dual_mac
[    2.620763] mmc0: new high speed SDHC card at address 5048
[    2.627819] mmcblk0: mmc0:5048 SD16G 14.4 GiB
[    2.636100]  mmcblk0: p1 p2
[    2.639484] mmcblk0: p2 size 31221760 extends beyond EOD, truncated
[    2.652934] SMSC LAN8710/LAN8720 4a101000.mdio:00: attached PHY driver (mii_bus:phy_addr=4a101000.mdio:00, irq=POLL)
[    2.663905] mmc1: new high speed MMC card at address 0001
[    2.676507] mmcblk1: mmc1:0001 MMC04G 3.60 GiB
[    2.684188]  mmcblk1: p1 p2
[    2.688397] mmcblk1boot0: mmc1:0001 MMC04G 2.00 MiB
[    2.697068] mmcblk1boot1: mmc1:0001 MMC04G 2.00 MiB
[    2.706273] mmcblk1rpmb: mmc1:0001 MMC04G 128 KiB, chardev (249:0)
[    5.842426] cpsw-switch 4a100000.switch eth0: Link is Up - 100Mbps/Full - flow control off
[    5.871686] IP-Config: Complete:
[    5.874960]      device=eth0, hwaddr=6c:ec:eb:68:de:78, ipaddr=192.168.255.1, mask=255.255.255.0, gw=255.255.255.255
[    5.885599]      host=bbb1, domain=, nis-domain=(none)
[    5.890765]      bootserver=192.168.255.126, rootserver=192.168.255.126, rootpath=
[    5.891174] clk: Disabling unused clocks
[    5.903097] KTAP version 1
[    5.905832] 1..0
[    5.908520] check access for rdinit=/init failed: -2, ignoring
[    5.949226] VFS: Mounted root (nfs filesystem) on device 0:17.
[    5.956409] devtmpfs: mounted
[    5.960880] Freeing unused kernel image (initmem) memory: 1024K
[    5.967766] Run /sbin/init as init process
[    5.971984]   with arguments:
[    5.971998]     /sbin/init
[    5.972008]     nfsrootdebug
[    5.972017]   with environment:
[    5.972025]     HOME=/
[    5.972034]     TERM=linux
[    6.646600] systemd[1]: System time before build time, advancing clock.
[    8.171695] random: crng init done
[    8.184293] systemd[1]: systemd 232 running in system mode. (+PAM +AUDIT +SELINUX +IMA +APPARMOR +SMACK +SYSVINIT +UTMP +LIBCRYPTSETUP +GCRYPT +GNUTLS +ACL +XZ +LZ4 +SECCOMP +BLKID +ELFUTILS +KMOD +IDN)
[    8.203373] systemd[1]: Detected architecture arm.
[    8.234797] systemd[1]: Set hostname to <arm>.
[    9.339661] systemd[1]: Created slice System Slice.
[    9.365740] systemd[1]: systemd-journald.socket: SO_PASSSEC failed: Operation not supported
[    9.374636] systemd[1]: systemd-journald.socket: SO_PASSSEC failed: Operation not supported
[    9.383373] systemd[1]: Listening on Journal Socket.
[    9.413403] systemd[1]: Created slice system-getty.slice.
[    9.455730] systemd[1]: Starting Remount Root and Kernel File Systems...
[    9.474697] systemd[1]: Created slice User and Session Slice.
[   11.515235] systemd-journald[91]: Received request to flush runtime journal from PID 1
[   12.652132] omap_prm 44e00d00.prm: sync_state() pending due to 44d00000.cpu
[   14.425850] leds-gpio leds: using DT '/leds/led2' for '(default)' GPIO lookup
[   14.425955] of_get_named_gpiod_flags: parsed 'gpios' property of node '/leds/led2[0]' - status (0)
[   14.426017] gpio gpiochip0: Persistence not supported for GPIO 21
[   14.426033] gpio-533 (?): no flags found for GPIO (default)
[   14.530467] leds-gpio leds: using DT '/leds/led3' for '(default)' GPIO lookup
[   14.530577] of_get_named_gpiod_flags: parsed 'gpios' property of node '/leds/led3[0]' - status (0)
[   14.530636] gpio gpiochip0: Persistence not supported for GPIO 22
[   14.530651] gpio-534 (?): no flags found for GPIO (default)
[   14.582086] leds-gpio leds: using DT '/leds/led4' for '(default)' GPIO lookup
[   14.582179] of_get_named_gpiod_flags: parsed 'gpios' property of node '/leds/led4[0]' - status (0)
[   14.582232] gpio gpiochip0: Persistence not supported for GPIO 23
[   14.582246] gpio-535 (?): no flags found for GPIO (default)
[   14.592414] leds-gpio leds: using DT '/leds/led5' for '(default)' GPIO lookup
[   14.592512] of_get_named_gpiod_flags: parsed 'gpios' property of node '/leds/led5[0]' - status (0)
[   14.592563] gpio gpiochip0: Persistence not supported for GPIO 24
[   14.592578] gpio-536 (?): no flags found for GPIO (default)
[   14.906211] remoteproc remoteproc0: wkup_m3 is available
[   15.045070] at24 2-0054: supply vcc not found, using dummy regulator
[   15.192855] at24 2-0055: supply vcc not found, using dummy regulator
[   15.356370] at24 2-0056: supply vcc not found, using dummy regulator
[   15.496064] at24 2-0057: supply vcc not found, using dummy regulator
[   15.606770] at24 0-0050: using DT '/ocp/interconnect@44c00000/segment@200000/target-module@b000/i2c@0/eeprom@50' for 'wp' GPIO lookup
[   15.606978] of_get_named_gpiod_flags: can't parse 'wp-gpios' property of node '/ocp/interconnect@44c00000/segment@200000/target-module@b000/i2c@0/eeprom@50[0]'
[   15.607046] of_get_named_gpiod_flags: can't parse 'wp-gpio' property of node '/ocp/interconnect@44c00000/segment@200000/target-module@b000/i2c@0/eeprom@50[0]'
[   15.607135] at24 0-0050: using lookup tables for GPIO lookup
[   15.607152] at24 0-0050: No GPIO consumer wp found
[   15.607730] at24 0-0050: 32768 byte 24c256 EEPROM, writable, 1 bytes/write
[   15.873075] input: tps65217_pwrbutton as /devices/platform/ocp/44c00000.interconnect/44c00000.interconnect:segment@200000/44e0b000.target-module/44e0b000.i2c/i2c-0/0-0024/tps65217-pwrbutton/input/input0
[   16.262783] omap_wdt: OMAP Watchdog Timer Rev 0x01: initial timeout 60 sec
[   16.274455] omap_rtc 44e3e000.rtc: registered as rtc0
[   16.279659] omap_rtc 44e3e000.rtc: setting system clock to 2000-01-01T00:00:00 UTC (946684800)
[   16.288542] omap_rtc 44e3e000.rtc: using DT '/ocp/interconnect@44c00000/segment@200000/target-module@3e000/rtc@0' for 'wp' GPIO lookup
[   16.288618] of_get_named_gpiod_flags: can't parse 'wp-gpios' property of node '/ocp/interconnect@44c00000/segment@200000/target-module@3e000/rtc@0[0]'
[   16.288668] of_get_named_gpiod_flags: can't parse 'wp-gpio' property of node '/ocp/interconnect@44c00000/segment@200000/target-module@3e000/rtc@0[0]'
[   16.288710] omap_rtc 44e3e000.rtc: using lookup tables for GPIO lookup
[   16.288725] omap_rtc 44e3e000.rtc: No GPIO consumer wp found
[   16.563279] am335x-phy-driver 47401300.usb-phy: using DT '/ocp/target-module@47400000/usb-phy@1300' for 'reset' GPIO lookup
[   16.563374] of_get_named_gpiod_flags: can't parse 'reset-gpios' property of node '/ocp/target-module@47400000/usb-phy@1300[0]'
[   16.563420] of_get_named_gpiod_flags: can't parse 'reset-gpio' property of node '/ocp/target-module@47400000/usb-phy@1300[0]'
[   16.563457] am335x-phy-driver 47401300.usb-phy: using lookup tables for GPIO lookup
[   16.563473] am335x-phy-driver 47401300.usb-phy: No GPIO consumer reset found
[   16.563487] am335x-phy-driver 47401300.usb-phy: using DT '/ocp/target-module@47400000/usb-phy@1300' for 'vbus-detect' GPIO lookup
[   16.563517] of_get_named_gpiod_flags: can't parse 'vbus-detect-gpios' property of node '/ocp/target-module@47400000/usb-phy@1300[0]'
[   16.563550] of_get_named_gpiod_flags: can't parse 'vbus-detect-gpio' property of node '/ocp/target-module@47400000/usb-phy@1300[0]'
[   16.563577] am335x-phy-driver 47401300.usb-phy: using lookup tables for GPIO lookup
[   16.563589] am335x-phy-driver 47401300.usb-phy: No GPIO consumer vbus-detect found
[   16.563741] am335x-phy-driver 47401300.usb-phy: dummy supplies not allowed for exclusive requests (id=vbus)
[   16.733900] am335x-phy-driver 47401b00.usb-phy: using DT '/ocp/target-module@47400000/usb-phy@1b00' for 'reset' GPIO lookup
[   16.733992] of_get_named_gpiod_flags: can't parse 'reset-gpios' property of node '/ocp/target-module@47400000/usb-phy@1b00[0]'
[   16.734038] of_get_named_gpiod_flags: can't parse 'reset-gpio' property of node '/ocp/target-module@47400000/usb-phy@1b00[0]'
[   16.734077] am335x-phy-driver 47401b00.usb-phy: using lookup tables for GPIO lookup
[   16.734092] am335x-phy-driver 47401b00.usb-phy: No GPIO consumer reset found
[   16.734106] am335x-phy-driver 47401b00.usb-phy: using DT '/ocp/target-module@47400000/usb-phy@1b00' for 'vbus-detect' GPIO lookup
[   16.734137] of_get_named_gpiod_flags: can't parse 'vbus-detect-gpios' property of node '/ocp/target-module@47400000/usb-phy@1b00[0]'
[   16.734170] of_get_named_gpiod_flags: can't parse 'vbus-detect-gpio' property of node '/ocp/target-module@47400000/usb-phy@1b00[0]'
[   16.734197] am335x-phy-driver 47401b00.usb-phy: using lookup tables for GPIO lookup
[   16.734209] am335x-phy-driver 47401b00.usb-phy: No GPIO consumer vbus-detect found
[   16.734359] am335x-phy-driver 47401b00.usb-phy: dummy supplies not allowed for exclusive requests (id=vbus)
[   17.003075] usbcore: registered new interface driver usbfs
[   17.008713] usbcore: registered new interface driver hub
[   17.014326] usbcore: registered new device driver usb
[   17.375472] tda998x 0-0070: found TDA19988
[   17.707012] musb-hdrc musb-hdrc.1: MUSB HDRC host driver
[   17.712641] musb-hdrc musb-hdrc.1: new USB bus registered, assigned bus number 1
[   17.954077] usb usb1: New USB device found, idVendor=1d6b, idProduct=0002, bcdDevice= 6.16
[   17.962673] usb usb1: New USB device strings: Mfr=3, Product=2, SerialNumber=1
[   17.969944] usb usb1: Product: MUSB HDRC host driver
[   17.975049] usb usb1: Manufacturer: Linux 6.16.0-rc7-next-20250725 musb-hcd
[   17.982117] usb usb1: SerialNumber: musb-hdrc.1
[   18.143780] omap-mailbox 480c8000.mailbox: omap mailbox rev 0x400
[   18.245352] remoteproc remoteproc0: powering up wkup_m3
[   18.363262] hub 1-0:1.0: USB hub found
[   18.423078] remoteproc remoteproc0: Direct firmware load for am335x-pm-firmware.elf failed with error -2
[   18.432917] remoteproc remoteproc0: request_firmware failed: -2
[   18.438881] wkup_m3_ipc 44e11324.wkup_m3_ipc: rproc_boot failed
[   18.456130] hub 1-0:1.0: 1 port detected
[   20.251082] ------------[ cut here ]------------
[   20.255932] WARNING: net/8021q/vlan_core.c:236 at vlan_for_each+0x114/0x134, CPU#0: avahi-daemon/183
[   20.265213] RTNL: assertion failed at net/8021q/vlan_core.c (236)
[   20.271340] Modules linked in: snd_soc_davinci_mcasp snd_soc_ti_udma snd_soc_ti_edma snd_soc_ti_sdma snd_soc_core snd_pcm_dmaengine snd_pcm omap_mailbox snd_timer snd soundcore musb_dsps musb_hdrc tda998x udc_core cec usbcore drm_kms_helper phy_am335x phy_generic omap_wdt rtc_omap usb_common drm wkup_m3_ipc watchdog phy_am335x_control tps65218_pwrbutton drm_panel_orientation_quirks at24 cppi41 wkup_m3_rproc leds_gpio led_class cpufreq_dt ip_tables x_tables autofs4
[   20.312927] CPU: 0 UID: 107 PID: 183 Comm: avahi-daemon Not tainted 6.16.0-rc7-next-20250725 #1 NONE 
[   20.312947] Hardware name: Generic AM33XX (Flattened Device Tree)
[   20.312956] Call trace: 
[   20.312972]  unwind_backtrace from show_stack+0x10/0x14
[   20.313008]  show_stack from dump_stack_lvl+0x50/0x64
[   20.313034]  dump_stack_lvl from __warn+0x88/0x148
[   20.313052]  __warn from warn_slowpath_fmt+0x19c/0x1b0
[   20.313066]  warn_slowpath_fmt from vlan_for_each+0x114/0x134
[   20.313087]  vlan_for_each from cpsw_add_mc_addr+0x40/0xa4
[   20.313118]  cpsw_add_mc_addr from __hw_addr_ref_sync_dev+0x108/0x140
[   20.313153]  __hw_addr_ref_sync_dev from __dev_mc_add+0x7c/0x80
[   20.313177]  __dev_mc_add from igmp6_group_added+0xc8/0xe0
[   20.313206]  igmp6_group_added from __ipv6_dev_mc_inc+0x218/0x364
[   20.313226]  __ipv6_dev_mc_inc from __ipv6_sock_mc_join+0x11c/0x214
[   20.313244]  __ipv6_sock_mc_join from do_ipv6_setsockopt+0x1214/0x1310
[   20.313279]  do_ipv6_setsockopt from ipv6_setsockopt+0x60/0xcc
[   20.313302]  ipv6_setsockopt from udpv6_setsockopt+0x2c/0x6c
[   20.313321]  udpv6_setsockopt from sock_common_setsockopt+0x30/0x40
[   20.313339]  sock_common_setsockopt from do_sock_setsockopt+0x50/0x9c
[   20.313362]  do_sock_setsockopt from __sys_setsockopt+0x70/0xbc
[   20.313386]  __sys_setsockopt from ret_fast_syscall+0x0/0x58
[   20.313404] Exception stack(0xe0151fa8 to 0xe0151ff0)
[   20.313418] 1fa0:                   00000014 b6fd8ce8 0000000d 00000029 00000014 bee489ec
[   20.313431] 1fc0: 00000014 b6fd8ce8 00000014 00000126 0000000d b6f81ff4 0049e988 00486558
[   20.313439] 1fe0: b6f97088 bee489d8 b6f74309 b6e4b41a
[   20.313448] ---[ end trace 0000000000000000 ]---
[   20.860079] omap_rng 48310000.rng: Random Number Generator ver. 20
[   21.014678] tilcdc 4830e000.lcdc: bound 0-0070 (ops tda998x_audio_codec_init [tda998x])
[   21.132738] [drm] Initialized tilcdc 1.0.0 for 4830e000.lcdc on minor 0
[   21.157451] tilcdc 4830e000.lcdc: [drm] Cannot find any crtc or sizes
[   21.165553] tilcdc 4830e000.lcdc: [drm] Cannot find any crtc or sizes
[   22.560207] PM: Cannot get wkup_m3_ipc handle
[   22.655770] omap-sham 53100000.sham: hw accel on OMAP rev 4.3
[   22.788074] omap-sham 53100000.sham: will run requests pump with realtime priority
[   22.798427] PM: Cannot get wkup_m3_ipc handle
[   22.922107] omap-aes 53500000.aes: OMAP AES hw accel rev: 3.2
[   23.044106] omap-aes 53500000.aes: will run requests pump with realtime priority
[   23.053537] PM: Cannot get wkup_m3_ipc handle
[   24.834844] Bluetooth: Core ver 2.22
[   24.838678] NET: Registered PF_BLUETOOTH protocol family
[   24.844256] Bluetooth: HCI device and connection manager initialized
[   24.850675] Bluetooth: HCI socket layer initialized
[   24.855696] Bluetooth: L2CAP socket layer initialized
[   24.860864] Bluetooth: SCO socket layer initialized
[   26.456180] tda998x 0-0070: using DT '/ocp/interconnect@44c00000/segment@200000/target-module@b000/i2c@0/tda19988@70' for 'nxp,calib' GPIO lookup
[   26.456322] of_get_named_gpiod_flags: parsed 'nxp,calib-gpios' property of node '/ocp/interconnect@44c00000/segment@200000/target-module@b000/i2c@0/tda19988@70[0]' - status (0)
[   26.456409] gpio gpiochip0: Persistence not supported for GPIO 25
[   26.456426] gpio-537 (nxp,calib): no flags found for GPIO nxp,calib
[   26.458638] gpio-537 (nxp,calib): gpiod_direction_output_nonotify: tried to set a GPIO tied to an IRQ as output
[   26.481339] PM: Cannot get wkup_m3_ipc handle
[   26.487404] asoc-simple-card sound: using DT '/sound' for 'simple-audio-card,hp-det' GPIO lookup
[   26.487475] of_get_named_gpiod_flags: can't parse 'simple-audio-card,hp-det-gpios' property of node '/sound[0]'
[   26.487510] of_get_named_gpiod_flags: can't parse 'simple-audio-card,hp-det-gpio' property of node '/sound[0]'
[   26.487536] asoc-simple-card sound: using lookup tables for GPIO lookup
[   26.487550] asoc-simple-card sound: No GPIO consumer simple-audio-card,hp-det found
[   26.487565] asoc-simple-card sound: using DT '/sound' for 'simple-audio-card,mic-det' GPIO lookup
[   26.487590] of_get_named_gpiod_flags: can't parse 'simple-audio-card,mic-det-gpios' property of node '/sound[0]'
[   26.487615] of_get_named_gpiod_flags: can't parse 'simple-audio-card,mic-det-gpio' property of node '/sound[0]'
[   26.487635] asoc-simple-card sound: using lookup tables for GPIO lookup
[   26.487647] asoc-simple-card sound: No GPIO consumer simple-audio-card,mic-det found
[   26.600471] PM: Cannot get wkup_m3_ipc handle
[   26.740319] tda9950 0-0034: TDA9950 CEC interface, hardware version 3.3
[   26.862544] PM: Cannot get wkup_m3_ipc handle
[   29.596113] userial_init: registered 8 ttyGS* devices
[   29.788238] rndis_register: configNr = 0
[   29.853230] udc musb-hdrc.0: binding gadget driver [g_multi]
[   29.853325] configfs-gadget.g_multi gadget.0: adding 'rndis'/aea95af2 to config 'c'/a1218ae4
[   29.854464] configfs-gadget.g_multi gadget.0: HOST MAC 1c:ba:8c:a2:ed:6c
[   29.861243] configfs-gadget.g_multi gadget.0: MAC 1c:ba:8c:a2:ed:70
[   29.867818] rndis_set_param_medium: 0 0
[   29.867843] configfs-gadget.g_multi gadget.0: RNDIS: IN/ep1in OUT/ep1out NOTIFY/ep2in
[   29.867860] configfs-gadget.g_multi gadget.0: adding 'cdc_ethernet'/ca07ffba to config 'c'/a1218ae4
[   29.868790] configfs-gadget.g_multi gadget.0: HOST MAC 1c:ba:8c:a2:ed:6c
[   29.875656] configfs-gadget.g_multi gadget.0: MAC 1c:ba:8c:a2:ed:6d
[   29.882022] configfs-gadget.g_multi gadget.0: CDC Ethernet: IN/ep3in OUT/ep2out NOTIFY/ep4in
[   29.882040] configfs-gadget.g_multi gadget.0: adding 'acm'/337ae9c0 to config 'c'/a1218ae4
[   29.882078] configfs-gadget.g_multi gadget.0: acm ttyGS0: IN/ep5in OUT/ep3out NOTIFY/ep6in
[   29.883170] PM: Cannot get wkup_m3_ipc handle
[   31.864888] configfs-gadget.g_multi gadget.0: eth_open
[   35.970629] gs_open: ttyGS0 (9b0d1398,780ad00f)
[   35.970789] gs_close: ttyGS0 (9b0d1398,780ad00f) ...
[   35.970812] gs_close: ttyGS0 (9b0d1398,780ad00f) done!
[   35.987576] gs_open: ttyGS0 (4265be40,780ad00f)
[   35.987714] gs_close: ttyGS0 (4265be40,780ad00f) ...
[   35.987736] gs_close: ttyGS0 (4265be40,780ad00f) done!
[   36.105321] gs_open: ttyGS0 (4265be40,a2c3e3cc)
[   36.105560] gs_close: ttyGS0 (4265be40,a2c3e3cc) ...
[   36.105587] gs_close: ttyGS0 (4265be40,a2c3e3cc) done!
[   36.106566] gs_open: ttyGS0 (4265be40,a2c3e3cc)
VFOAGOAUYZ 0
root@arm:~# echo 'XNJA''OPKGJP'
XNJAOPKGJP
root@arm:~# MARKER='VOLJ''SGOFMZ' run 'modprobe test_linear_ranges'
VOLJSGOFMZVOLJSGOFMZ 0
root@arm:~# echo 'UPKF''TQJJZG'
UPKFTQJJZG
root@arm:~# MARKER='UYTT''WNGTKW' run dmesg
UYTTWNGTKW[    0.000000] Booting Linux on physical CPU 0x0
[    0.000000] Linux version 6.16.0-rc7-next-20250725 (user01@drvtest01) (arm-none-eabi-gcc (Arm GNU Toolchain 14.2.Rel1 (Build arm-14.52)) 14.2.1 20241119, GNU ld (Arm GNU Toolchain 14.2.Rel1 (Build arm-14.52)) 2.43.1.20241119) #1 SMP Fri Jul 25 06:51:03 EEST 2025
[    0.000000] CPU: ARMv7 Processor [413fc082] revision 2 (ARMv7), cr=10c5387d
[    0.000000] CPU: PIPT / VIPT nonaliasing data cache, VIPT aliasing instruction cache
[    0.000000] OF: fdt: Machine model: TI AM335x BeagleBone Black
[    0.000000] Memory policy: Data cache writeback
[    0.000000] cma: Reserved 16 MiB at 0x9e800000
[    0.000000] Zone ranges:
[    0.000000]   Normal   [mem 0x0000000080000000-0x000000009fdfffff]
[    0.000000]   HighMem  empty
[    0.000000] Movable zone start for each node
[    0.000000] Early memory node ranges
[    0.000000]   node   0: [mem 0x0000000080000000-0x000000009fdfffff]
[    0.000000] Initmem setup node 0 [mem 0x0000000080000000-0x000000009fdfffff]
[    0.000000] On node 0, zone Normal: 512 pages in unavailable ranges
[    0.000000] OF: reserved mem: Reserved memory: No reserved-memory node in the DT
[    0.000000] CPU: All CPU(s) started in SVC mode.
[    0.000000] AM335X ES2.1 (sgx neon)
[    0.000000] percpu: Embedded 17 pages/cpu s39820 r8192 d21620 u69632
[    0.000000] pcpu-alloc: s39820 r8192 d21620 u69632 alloc=17*4096
[    0.000000] pcpu-alloc: [0] 0 
[    0.000000] Kernel command line: console=ttyO0,115200n8 root=/dev/nfs rw nfsroot=192.168.255.126:/home/user01/nfs,nfsvers=3 ip=192.168.255.1:192.168.255.126::255.255.255.0:bbb1:eth0 nfsrootdebug
[    0.000000] Unknown kernel command line parameters "nfsrootdebug", will be passed to user space.
[    0.000000] printk: log buffer data + meta data: 65536 + 204800 = 270336 bytes
[    0.000000] Dentry cache hash table entries: 65536 (order: 6, 262144 bytes, linear)
[    0.000000] Inode-cache hash table entries: 32768 (order: 5, 131072 bytes, linear)
[    0.000000] Built 1 zonelists, mobility grouping on.  Total pages: 130560
[    0.000000] mem auto-init: stack:off, heap alloc:off, heap free:off
[    0.000000] SLUB: HWalign=16, Order=0-3, MinObjects=0, CPUs=1, Nodes=1
[    0.000000] rcu: Hierarchical RCU implementation.
[    0.000000] rcu: 	RCU event tracing is enabled.
[    0.000000] rcu: 	RCU restricting CPUs from NR_CPUS=2 to nr_cpu_ids=1.
[    0.000000] 	Tracing variant of Tasks RCU enabled.
[    0.000000] rcu: RCU calculated value of scheduler-enlistment delay is 10 jiffies.
[    0.000000] rcu: Adjusting geometry for rcu_fanout_leaf=16, nr_cpu_ids=1
[    0.000000] RCU Tasks Trace: Setting shift to 0 and lim to 1 rcu_task_cb_adjust=1 rcu_task_cpu_ids=1.
[    0.000000] NR_IRQS: 16, nr_irqs: 16, preallocated irqs: 16
[    0.000000] IRQ: Found an INTC at 0x(ptrval) (revision 5.0) with 128 interrupts
[    0.000000] rcu: srcu_init: Setting srcu_struct sizes based on contention.
[    0.000000] TI gptimer clocksource: always-on /ocp/interconnect@44c00000/segment@200000/target-module@31000
[    0.000003] sched_clock: 32 bits at 24MHz, resolution 41ns, wraps every 89478484971ns
[    0.000026] clocksource: dmtimer: mask: 0xffffffff max_cycles: 0xffffffff, max_idle_ns: 79635851949 ns
[    0.000525] TI gptimer clockevent: 24000000 Hz at /ocp/interconnect@48000000/segment@0/target-module@40000
[    0.002148] Console: colour dummy device 80x30
[    0.002215] WARNING: Your 'console=ttyO0' has been replaced by 'ttyS0'
[    0.002224] This ensures that you still see kernel messages. Please
[    0.002228] update your kernel commandline.
[    0.002272] Calibrating delay loop... 996.14 BogoMIPS (lpj=4980736)
[    0.090571] CPU: Testing write buffer coherency: ok
[    0.090686] CPU0: Spectre v2: using BPIALL workaround
[    0.090697] pid_max: default: 32768 minimum: 301
[    0.090851] LSM: initializing lsm=capability
[    0.091014] Mount-cache hash table entries: 1024 (order: 0, 4096 bytes, linear)
[    0.091035] Mountpoint-cache hash table entries: 1024 (order: 0, 4096 bytes, linear)
[    0.092610] CPU0: thread -1, cpu 0, socket -1, mpidr 0
[    0.092670] cacheinfo: Unable to detect cache hierarchy for CPU 0
[    0.094667] Setting up static identity map for 0x80100000 - 0x80100078
[    0.094986] rcu: Hierarchical SRCU implementation.
[    0.094996] rcu: 	Max phase no-delay instances is 1000.
[    0.096720] smp: Bringing up secondary CPUs ...
[    0.096773] smp: Brought up 1 node, 1 CPU
[    0.096786] SMP: Total of 1 processors activated (996.14 BogoMIPS).
[    0.096797] CPU: All CPU(s) started in SVC mode.
[    0.096997] Memory: 480848K/522240K available (11264K kernel code, 1220K rwdata, 2936K rodata, 1024K init, 255K bss, 23356K reserved, 16384K cma-reserved, 0K highmem)
[    0.097821] devtmpfs: initialized
[    0.115122] VFP support v0.3: implementor 41 architecture 3 part 30 variant c rev 3
[    0.115764] clocksource: jiffies: mask: 0xffffffff max_cycles: 0xffffffff, max_idle_ns: 19112604462750000 ns
[    0.115823] posixtimers hash table entries: 512 (order: 0, 4096 bytes, linear)
[    0.115852] futex hash table entries: 256 (16384 bytes on 1 NUMA nodes, total 16 KiB, linear).
[    0.116977] pinctrl core: initialized pinctrl subsystem
[    0.119124] NET: Registered PF_NETLINK/PF_ROUTE protocol family
[    0.122296] DMA: preallocated 256 KiB pool for atomic coherent allocations
[    0.122901] audit: initializing netlink subsys (disabled)
[    0.124229] thermal_sys: Registered thermal governor 'fair_share'
[    0.124244] thermal_sys: Registered thermal governor 'step_wise'
[    0.124253] thermal_sys: Registered thermal governor 'user_space'
[    0.124358] audit: type=2000 audit(0.120:1): state=initialized audit_enabled=0 res=1
[    0.124428] cpuidle: using governor menu
[    0.142573] /ocp/interconnect@44c00000/segment@200000/target-module@b000/i2c@0/tda19988@70: Fixed dependency cycle(s) with /ocp/interconnect@48000000/segment@300000/target-module@e000/lcdc@0
[    0.143681] /ocp/interconnect@48000000/segment@300000/target-module@e000/lcdc@0: Fixed dependency cycle(s) with /ocp/interconnect@44c00000/segment@200000/target-module@b000/i2c@0/tda19988@70
[    0.145908] No ATAGs?
[    0.145951] hw-breakpoint: debug architecture 0x4 unsupported.
[    0.149068] kprobes: kprobe jump-optimization is enabled. All kprobes are optimized if possible.
[    0.154368] iommu: Default domain type: Translated
[    0.154391] iommu: DMA domain TLB invalidation policy: strict mode
[    0.155949] reg-fixed-voltage fixedregulator0: using DT '/fixedregulator0' for '(default)' GPIO lookup
[    0.156004] of_get_named_gpiod_flags: can't parse 'gpios' property of node '/fixedregulator0[0]'
[    0.156032] of_get_named_gpiod_flags: can't parse 'gpio' property of node '/fixedregulator0[0]'
[    0.156049] reg-fixed-voltage fixedregulator0: using lookup tables for GPIO lookup
[    0.156060] reg-fixed-voltage fixedregulator0: No GPIO consumer (default) found
[    0.161763] SCSI subsystem initialized
[    0.162235] libata version 3.00 loaded.
[    0.162617] pps_core: LinuxPPS API ver. 1 registered
[    0.162628] pps_core: Software ver. 5.3.6 - Copyright 2005-2007 Rodolfo Giometti <giometti@linux.it>
[    0.162652] PTP clock support registered
[    0.171298] vgaarb: loaded
[    0.171673] clocksource: Switched to clocksource dmtimer
[    0.172351] VFS: Disk quotas dquot_6.6.0
[    0.172409] VFS: Dquot-cache hash table entries: 1024 (order 0, 4096 bytes)
[    0.196881] NET: Registered PF_INET protocol family
[    0.197224] IP idents hash table entries: 8192 (order: 4, 65536 bytes, linear)
[    0.198632] tcp_listen_portaddr_hash hash table entries: 512 (order: 0, 4096 bytes, linear)
[    0.198668] Table-perturb hash table entries: 65536 (order: 6, 262144 bytes, linear)
[    0.198685] TCP established hash table entries: 4096 (order: 2, 16384 bytes, linear)
[    0.198731] TCP bind hash table entries: 4096 (order: 4, 65536 bytes, linear)
[    0.198831] TCP: Hash tables configured (established 4096 bind 4096)
[    0.198950] UDP hash table entries: 256 (order: 1, 14336 bytes, linear)
[    0.198984] UDP-Lite hash table entries: 256 (order: 1, 14336 bytes, linear)
[    0.199172] NET: Registered PF_UNIX/PF_LOCAL protocol family
[    0.200434] RPC: Registered named UNIX socket transport module.
[    0.200453] RPC: Registered udp transport module.
[    0.200458] RPC: Registered tcp transport module.
[    0.200463] RPC: Registered tcp-with-tls transport module.
[    0.200468] RPC: Registered tcp NFSv4.1 backchannel transport module.
[    0.200493] PCI: CLS 0 bytes, default 64
[    0.202026] Initialise system trusted keyrings
[    0.212803] workingset: timestamp_bits=14 max_order=17 bucket_order=3
[    0.214211] NFS: Registering the id_resolver key type
[    0.214290] Key type id_resolver registered
[    0.214297] Key type id_legacy registered
[    0.214404] jffs2: version 2.2. (NAND) (SUMMARY)  Â© 2001-2006 Red Hat, Inc.
[    0.214864] Key type asymmetric registered
[    0.214880] Asymmetric key parser 'x509' registered
[    0.214950] io scheduler mq-deadline registered
[    0.214962] io scheduler kyber registered
[    0.215036] io scheduler bfq registered
[    0.216899] target-module@4b000000:target-module@140000:pmu@0:fck: device ID is greater than 24
[    0.223079] l3-aon-clkctrl:0000:0: failed to disable
[    0.232307] ledtrig-cpu: registered to indicate activity on CPUs
[    0.236032] Serial: 8250/16550 driver, 6 ports, IRQ sharing enabled
[    0.278705] brd: module loaded
[    0.298071] loop: module loaded
[    0.299009] mtdoops: mtd device (mtddev=name/number) must be supplied
[    0.300707] mdio_bus fixed-0: using lookup tables for GPIO lookup
[    0.300734] mdio_bus fixed-0: No GPIO consumer reset found
[    0.302336] i2c_dev: i2c /dev entries driver
[    0.303350] cpuidle: enable-method property 'ti,am3352' found operations
[    0.303797] sdhci: Secure Digital Host Controller Interface driver
[    0.303806] sdhci: Copyright(c) Pierre Ossman
[    0.303976] sdhci-pltfm: SDHCI platform and OF driver helper
[    0.318313] hw perfevents: enabled with armv7_cortex_a8 PMU driver, 5 (8000000f) counters available
[    0.318841] Initializing XFRM netlink socket
[    0.319023] NET: Registered PF_INET6 protocol family
[    0.324678] l3-aon-clkctrl:0000:0: failed to disable
[    0.333143] Segment Routing with IPv6
[    0.333229] In-situ OAM (IOAM) with IPv6
[    0.333321] sit: IPv6, IPv4 and MPLS over IPv4 tunneling driver
[    0.334269] NET: Registered PF_PACKET protocol family
[    0.334299] NET: Registered PF_KEY protocol family
[    0.334421] Key type dns_resolver registered
[    0.334648] ThumbEE CPU extension supported.
[    0.334667] Registering SWP/SWPB emulation handler
[    0.335208] omap_voltage_late_init: Voltage driver support not added
[    0.335862] SmartReflex Class3 initialized
[    0.377517] Loading compiled-in X.509 certificates
[    0.406975] /ocp/interconnect@44c00000/segment@200000/target-module@b000/i2c@0/tda19988@70: Fixed dependency cycle(s) with /ocp/interconnect@48000000/segment@300000/target-module@e000/lcdc@0
[    0.413656] /ocp/interconnect@44c00000/segment@200000/target-module@b000/i2c@0/tda19988@70: Fixed dependency cycle(s) with /ocp/interconnect@48000000/segment@300000/target-module@e000/lcdc@0
[    0.419220] gpiochip_find_base_unlocked: found new base at 512
[    0.445823] /ocp/interconnect@44c00000/segment@200000/target-module@b000/i2c@0/tda19988@70: Fixed dependency cycle(s) with /ocp/interconnect@48000000/segment@300000/target-module@e000/lcdc@0
[    0.446696] /ocp/interconnect@44c00000/segment@200000/target-module@b000/i2c@0/tda19988@70: Fixed dependency cycle(s) with /ocp/interconnect@48000000/segment@300000/target-module@e000/lcdc@0
[    0.450199] /ocp/interconnect@44c00000/segment@200000/target-module@10000/scm@0/pinmux@800: Fixed dependency cycle(s) with /ocp/interconnect@44c00000/segment@200000/target-module@10000/scm@0/pinmux@800/clkout2-pins
[    0.450792] pinctrl-single 44e10800.pinmux: 142 pins, size 568
[    0.456384] ti-sysc 44e31000.target-module: probe with driver ti-sysc failed with error -16
[    0.496085] /ocp/interconnect@48000000/segment@300000/target-module@e000/lcdc@0: Fixed dependency cycle(s) with /ocp/interconnect@44c00000/segment@200000/target-module@b000/i2c@0/tda19988@70
[    0.504441] ti-sysc 48040000.target-module: probe with driver ti-sysc failed with error -16
[    0.515996] gpiochip_find_base_unlocked: found new base at 512
[    0.516097] gpio gpiochip0: (gpio-0-31): created GPIO range 0->7 ==> 44e10800.pinmux PIN 0->7
[    0.516117] gpio gpiochip0: (gpio-0-31): created GPIO range 8->11 ==> 44e10800.pinmux PIN 90->93
[    0.516133] gpio gpiochip0: (gpio-0-31): created GPIO range 12->27 ==> 44e10800.pinmux PIN 12->27
[    0.516148] gpio gpiochip0: (gpio-0-31): created GPIO range 28->31 ==> 44e10800.pinmux PIN 30->33
[    0.538957] gpio gpiochip0: (gpio-0-31): added GPIO chardev (254:0)
[    0.539171] gpio gpiochip0: registered GPIOs 512 to 543 on gpio-0-31
[    0.539255] OMAP GPIO hardware version 0.1
[    0.580266] i2c i2c-2: using DT '/ocp/interconnect@48000000/segment@100000/target-module@9c000/i2c@0' for 'scl' GPIO lookup
[    0.580343] of_get_named_gpiod_flags: can't parse 'scl-gpios' property of node '/ocp/interconnect@48000000/segment@100000/target-module@9c000/i2c@0[0]'
[    0.580384] of_get_named_gpiod_flags: can't parse 'scl-gpio' property of node '/ocp/interconnect@48000000/segment@100000/target-module@9c000/i2c@0[0]'
[    0.580421] i2c i2c-2: using lookup tables for GPIO lookup
[    0.580431] i2c i2c-2: No GPIO consumer scl found
[    0.580452] i2c i2c-2: using DT '/ocp/interconnect@48000000/segment@100000/target-module@9c000/i2c@0' for 'sda' GPIO lookup
[    0.580487] of_get_named_gpiod_flags: can't parse 'sda-gpios' property of node '/ocp/interconnect@48000000/segment@100000/target-module@9c000/i2c@0[0]'
[    0.580523] of_get_named_gpiod_flags: can't parse 'sda-gpio' property of node '/ocp/interconnect@48000000/segment@100000/target-module@9c000/i2c@0[0]'
[    0.580554] i2c i2c-2: using lookup tables for GPIO lookup
[    0.580561] i2c i2c-2: No GPIO consumer sda found
[    0.581264] omap_i2c 4819c000.i2c: bus 2 rev0.11 at 100 kHz
[    0.587052] gpiochip_find_base_unlocked: found new base at 544
[    0.587154] gpio gpiochip1: (gpio-32-63): created GPIO range 0->17 ==> 44e10800.pinmux PIN 34->51
[    0.587174] gpio gpiochip1: (gpio-32-63): created GPIO range 18->21 ==> 44e10800.pinmux PIN 77->80
[    0.587190] gpio gpiochip1: (gpio-32-63): created GPIO range 22->31 ==> 44e10800.pinmux PIN 56->65
[    0.601892] gpio gpiochip1: (gpio-32-63): added GPIO chardev (254:1)
[    0.602117] gpio gpiochip1: registered GPIOs 544 to 575 on gpio-32-63
[    0.604394] gpiochip_find_base_unlocked: found new base at 576
[    0.604489] gpio gpiochip2: (gpio-64-95): created GPIO range 0->4 ==> 44e10800.pinmux PIN 66->70
[    0.604508] gpio gpiochip2: (gpio-64-95): created GPIO range 5->6 ==> 44e10800.pinmux PIN 98->99
[    0.604524] gpio gpiochip2: (gpio-64-95): created GPIO range 7->8 ==> 44e10800.pinmux PIN 75->76
[    0.604539] gpio gpiochip2: (gpio-64-95): created GPIO range 13->13 ==> 44e10800.pinmux PIN 141->141
[    0.604565] gpio gpiochip2: (gpio-64-95): created GPIO range 14->21 ==> 44e10800.pinmux PIN 100->107
[    0.605310] gpio gpiochip2: (gpio-64-95): added GPIO chardev (254:2)
[    0.605522] gpio gpiochip2: registered GPIOs 576 to 607 on gpio-64-95
[    0.611177] 48000000.interconnect:segment@200000:target-module@0:mpu@0:fck: device ID is greater than 24
[    0.612297] /ocp/interconnect@48000000/segment@300000/target-module@e000/lcdc@0: Fixed dependency cycle(s) with /ocp/interconnect@44c00000/segment@200000/target-module@b000/i2c@0/tda19988@70
[    0.615192] /ocp/interconnect@48000000/segment@300000/target-module@e000/lcdc@0: Fixed dependency cycle(s) with /ocp/interconnect@44c00000/segment@200000/target-module@b000/i2c@0/tda19988@70
[    0.615904] /ocp/interconnect@44c00000/segment@200000/target-module@b000/i2c@0/tda19988@70: Fixed dependency cycle(s) with /ocp/interconnect@48000000/segment@300000/target-module@e000/lcdc@0
[    0.616064] /ocp/interconnect@48000000/segment@300000/target-module@e000/lcdc@0: Fixed dependency cycle(s) with /ocp/interconnect@44c00000/segment@200000/target-module@b000/i2c@0/tda19988@70
[    0.625802] mdio_bus 4a101000.mdio: using DT '/ocp/interconnect@4a000000/segment@0/target-module@100000/switch@0/mdio@1000' for 'reset' GPIO lookup
[    0.625875] of_get_named_gpiod_flags: can't parse 'reset-gpios' property of node '/ocp/interconnect@4a000000/segment@0/target-module@100000/switch@0/mdio@1000[0]'
[    0.625921] of_get_named_gpiod_flags: can't parse 'reset-gpio' property of node '/ocp/interconnect@4a000000/segment@0/target-module@100000/switch@0/mdio@1000[0]'
[    0.625967] mdio_bus 4a101000.mdio: using lookup tables for GPIO lookup
[    0.625977] mdio_bus 4a101000.mdio: No GPIO consumer reset found
[    0.626894] sdhci-omap 481d8000.mmc: using DT '/ocp/interconnect@48000000/segment@100000/target-module@d8000/mmc@0' for 'wp' GPIO lookup
[    0.626952] of_get_named_gpiod_flags: can't parse 'wp-gpios' property of node '/ocp/interconnect@48000000/segment@100000/target-module@d8000/mmc@0[0]'
[    0.626993] of_get_named_gpiod_flags: can't parse 'wp-gpio' property of node '/ocp/interconnect@48000000/segment@100000/target-module@d8000/mmc@0[0]'
[    0.627026] sdhci-omap 481d8000.mmc: using lookup tables for GPIO lookup
[    0.627035] sdhci-omap 481d8000.mmc: No GPIO consumer wp found
[    0.627230] sdhci-omap 481d8000.mmc: supply pbias not found, using dummy regulator
[    0.627722] sdhci-omap 481d8000.mmc: supply vqmmc not found, using dummy regulator
[    0.679545] davinci_mdio 4a101000.mdio: davinci mdio revision 1.6, bus freq 1000000
[    0.697250] mdio_bus 4a101000.mdio:00: using DT '/ocp/interconnect@4a000000/segment@0/target-module@100000/switch@0/mdio@1000/ethernet-phy@0' for 'reset' GPIO lookup
[    0.697351] of_get_named_gpiod_flags: parsed 'reset-gpios' property of node '/ocp/interconnect@4a000000/segment@0/target-module@100000/switch@0/mdio@1000/ethernet-phy@0[0]' - status (0)
[    0.697518] gpio gpiochip0: Persistence not supported for GPIO 8
[    0.816513] davinci_mdio 4a101000.mdio: phy[0]: device 4a101000.mdio:00, driver SMSC LAN8710/LAN8720
[    0.817288] cpsw-switch 4a100000.switch: initialized cpsw ale version 1.4
[    0.817311] cpsw-switch 4a100000.switch: ALE Table size 1024, Policers 0
[    0.817463] cpsw-switch 4a100000.switch: cpts: overflow check period 500 (jiffies)
[    0.817479] cpsw-switch 4a100000.switch: CPTS: ref_clk_freq:250000000 calc_mult:2147483648 calc_shift:29 error:0 nsec/sec
[    0.817586] cpsw-switch 4a100000.switch: Detected MACID = 6c:ec:eb:68:de:78
[    0.819424] cpsw-switch 4a100000.switch: initialized (regs 0x4a100000, pool size 256) hw_ver:0019010C 1.12 (0)
[    0.830509] debugfs: '49000000.dma' already exists in 'dmaengine'
[    0.830553] edma 49000000.dma: TI EDMA DMA engine driver
[    0.872756] gpio-clk clk_mcasp0: using DT '/clk_mcasp0' for 'enable' GPIO lookup
[    0.872832] of_get_named_gpiod_flags: parsed 'enable-gpios' property of node '/clk_mcasp0[0]' - status (0)
[    0.872876] gpio gpiochip0: Persistence not supported for GPIO 27
[    0.873780] gpiochip_find_base_unlocked: found new base at 608
[    0.873894] gpio gpiochip3: (gpio-96-127): created GPIO range 0->7 ==> 44e10800.pinmux PIN 82->89
[    0.873916] gpio gpiochip3: (gpio-96-127): created GPIO range 8->11 ==> 44e10800.pinmux PIN 52->55
[    0.873932] gpio gpiochip3: (gpio-96-127): created GPIO range 12->15 ==> 44e10800.pinmux PIN 94->97
[    0.873948] gpio gpiochip3: (gpio-96-127): created GPIO range 16->17 ==> 44e10800.pinmux PIN 71->72
[    0.873964] gpio gpiochip3: (gpio-96-127): created GPIO range 18->18 ==> 44e10800.pinmux PIN 135->135
[    0.873980] gpio gpiochip3: (gpio-96-127): created GPIO range 19->20 ==> 44e10800.pinmux PIN 108->109
[    0.873996] gpio gpiochip3: (gpio-96-127): created GPIO range 21->21 ==> 44e10800.pinmux PIN 73->73
[    0.874013] gpio gpiochip3: (gpio-96-127): created GPIO range 22->23 ==> 44e10800.pinmux PIN 8->9
[    0.874030] gpio gpiochip3: (gpio-96-127): created GPIO range 26->27 ==> 44e10800.pinmux PIN 10->11
[    0.874047] gpio gpiochip3: (gpio-96-127): created GPIO range 28->28 ==> 44e10800.pinmux PIN 74->74
[    0.874065] gpio gpiochip3: (gpio-96-127): created GPIO range 29->29 ==> 44e10800.pinmux PIN 81->81
[    0.874084] gpio gpiochip3: (gpio-96-127): created GPIO range 30->31 ==> 44e10800.pinmux PIN 28->29
[    0.877111] gpio gpiochip3: (gpio-96-127): added GPIO chardev (254:3)
[    0.877340] gpio gpiochip3: registered GPIOs 608 to 639 on gpio-96-127
