Labgrid Console Logfile for main
Logfile started at 2025-04-08 07:42:54.692258
=== Log starts here ===
reading args
spl_load_image_fat_os: error reading image args, err - -1
reading u-boot.img
reading u-boot.img


U-Boot 2014.04-00014-g47880f5 (Apr 22 2014 - 13:23:54)

I2C:   ready
DRAM:  512 MiB
NAND:  0 MiB
MMC:   OMAP SD/MMC: 0, OMAP SD/MMC: 1
*** Warning - readenv() failed, using default environment

Net:   <ethaddr> not set. Validating first E-fuse MAC
cpsw, usb_ether
Hit any key to stop autoboot:  1  0 
gpio: pin 53 (gpio 53) value is 1
mmc0 is current device
gpio: pin 54 (gpio 54) value is 1
SD/MMC found on device 0
reading uEnv.txt
569 bytes read in 3 ms (184.6 KiB/s)
gpio: pin 55 (gpio 55) value is 1
Loaded environment from uEnv.txt
Importing environment from mmc ...
Checking if uenvcmd is set ...
gpio: pin 56 (gpio 56) value is 1
Running uenvcmd ...
cpsw Waiting for PHY auto negotiation to complete. done
link up on port 0, speed 100, full duplex
Using cpsw device
TFTP from server 192.168.255.126; our IP address is 192.168.255.1
Filename 'zImage'.
Load address: 0x81000000
Loading: *#################################################################
	 #################################################################
	 #################################################################
	 #################################################################
	 #################################################################
	 ############################################################
	 2.4 MiB/s
done
Bytes transferred = 5639784 (560e68 hex)
link up on port 0, speed 100, full duplex
Using cpsw device
TFTP from server 192.168.255.126; our IP address is 192.168.255.1
Filename 'am335x-boneblack.dtb'.
Load address: 0x82000000
Loading: *#######
	 2.2 MiB/s
done
Bytes transferred = 98244 (17fc4 hex)
Kernel image @ 0x81000000 [ 0x000000 - 0x560e68 ]
## Flattened Device Tree blob at 82000000
   Booting using the fdt blob at 0x82000000
   Using Device Tree in place at 82000000, end 8201afc3

Starting kernel ...

[    0.000000] Booting Linux on physical CPU 0x0
[    0.000000] Linux version 6.15.0-rc1-next-20250408 (user01@drvtest01) (arm-none-eabi-gcc (Arm GNU Toolchain 14.2.Rel1 (Build arm-14.52)) 14.2.1 20241119, GNU ld (Arm GNU Toolchain 14.2.Rel1 (Build arm-14.52)) 2.43.1.20241119) #1 SMP Tue Apr  8 07:41:36 EEST 2025
[    0.000000] CPU: ARMv7 Processor [413fc082] revision 2 (ARMv7), cr=10c5387d
[    0.000000] CPU: PIPT / VIPT nonaliasing data cache, VIPT aliasing instruction cache
[    0.000000] OF: fdt: Machine model: TI AM335x BeagleBone Black
[    0.000000] Memory policy: Data cache writeback
[    0.000000] cma: Reserved 16 MiB at 0x9e800000
[    0.000000] Zone ranges:
[    0.000000]   Normal   [mem 0x0000000080000000-0x000000009fdfffff]
[    0.000000]   HighMem  empty
[    0.000000] Movable zone start for each node
[    0.000000] Early memory node ranges
[    0.000000]   node   0: [mem 0x0000000080000000-0x000000009fdfffff]
[    0.000000] Initmem setup node 0 [mem 0x0000000080000000-0x000000009fdfffff]
[    0.000000] On node 0, zone Normal: 512 pages in unavailable ranges
[    0.000000] OF: reserved mem: Reserved memory: No reserved-memory node in the DT
[    0.000000] CPU: All CPU(s) started in SVC mode.
[    0.000000] AM335X ES2.1 (sgx neon)
[    0.000000] percpu: Embedded 17 pages/cpu s39692 r8192 d21748 u69632
[    0.000000] Kernel command line: console=ttyO0,115200n8 root=/dev/nfs rw nfsroot=192.168.255.126:/home/user01/nfs,nfsvers=3 ip=192.168.255.1:192.168.255.126::255.255.255.0:bbb1:eth0 nfsrootdebug
[    0.000000] Unknown kernel command line parameters "nfsrootdebug", will be passed to user space.
[    0.000000] printk: log buffer data + meta data: 65536 + 204800 = 270336 bytes
[    0.000000] Dentry cache hash table entries: 65536 (order: 6, 262144 bytes, linear)
[    0.000000] Inode-cache hash table entries: 32768 (order: 5, 131072 bytes, linear)
[    0.000000] Built 1 zonelists, mobility grouping on.  Total pages: 130560
[    0.000000] mem auto-init: stack:off, heap alloc:off, heap free:off
[    0.000000] SLUB: HWalign=16, Order=0-3, MinObjects=0, CPUs=1, Nodes=1
[    0.000000] rcu: Hierarchical RCU implementation.
[    0.000000] rcu: 	RCU event tracing is enabled.
[    0.000000] rcu: 	RCU restricting CPUs from NR_CPUS=2 to nr_cpu_ids=1.
[    0.000000] 	Tracing variant of Tasks RCU enabled.
[    0.000000] rcu: RCU calculated value of scheduler-enlistment delay is 10 jiffies.
[    0.000000] rcu: Adjusting geometry for rcu_fanout_leaf=16, nr_cpu_ids=1
[    0.000000] RCU Tasks Trace: Setting shift to 0 and lim to 1 rcu_task_cb_adjust=1 rcu_task_cpu_ids=1.
[    0.000000] NR_IRQS: 16, nr_irqs: 16, preallocated irqs: 16
[    0.000000] IRQ: Found an INTC at 0x(ptrval) (revision 5.0) with 128 interrupts
[    0.000000] rcu: srcu_init: Setting srcu_struct sizes based on contention.
[    0.000000] TI gptimer clocksource: always-on /ocp/interconnect@44c00000/segment@200000/target-module@31000
[    0.000003] sched_clock: 32 bits at 24MHz, resolution 41ns, wraps every 89478484971ns
[    0.000027] clocksource: dmtimer: mask: 0xffffffff max_cycles: 0xffffffff, max_idle_ns: 79635851949 ns
[    0.000494] TI gptimer clockevent: 24000000 Hz at /ocp/interconnect@48000000/segment@0/target-module@40000
[    0.001969] ------------[ cut here ]------------
[    0.001983] WARNING: CPU: 0 PID: 0 at init/main.c:1022 start_kernel+0x4fc/0x6d4
[    0.002017] Interrupts were enabled early
[    0.002022] Modules linked in:
[    0.002042] CPU: 0 UID: 0 PID: 0 Comm: swapper/0 Not tainted 6.15.0-rc1-next-20250408 #1 NONE 
[    0.002058] Hardware name: Generic AM33XX (Flattened Device Tree)
[    0.002067] Call trace: 
[    0.002087]  unwind_backtrace from show_stack+0x10/0x14
[    0.002119]  show_stack from dump_stack_lvl+0x50/0x64
[    0.002142]  dump_stack_lvl from __warn+0x74/0x12c
[    0.002174]  __warn from warn_slowpath_fmt+0x19c/0x1b0
[    0.002197]  warn_slowpath_fmt from start_kernel+0x4fc/0x6d4
[    0.002216]  start_kernel from 0x0
[    0.002229] ---[ end trace 0000000000000000 ]---
[    0.002385] Console: colour dummy device 80x30
[    0.002444] WARNING: Your 'console=ttyO0' has been replaced by 'ttyS0'
[    0.002452] This ensures that you still see kernel messages. Please
[    0.002456] update your kernel commandline.
[    0.002499] Calibrating delay loop... 996.14 BogoMIPS (lpj=4980736)
[    0.090539] CPU: Testing write buffer coherency: ok
[    0.090645] CPU0: Spectre v2: using BPIALL workaround
[    0.090656] pid_max: default: 32768 minimum: 301
[    0.090816] LSM: initializing lsm=capability
[    0.090996] Mount-cache hash table entries: 1024 (order: 0, 4096 bytes, linear)
[    0.091016] Mountpoint-cache hash table entries: 1024 (order: 0, 4096 bytes, linear)
[    0.092625] CPU0: thread -1, cpu 0, socket -1, mpidr 0
[    0.092684] cacheinfo: Unable to detect cache hierarchy for CPU 0
[    0.150730] Setting up static identity map for 0x80100000 - 0x80100078
[    0.160683] rcu: Hierarchical SRCU implementation.
[    0.160694] rcu: 	Max phase no-delay instances is 1000.
[    0.162421] smp: Bringing up secondary CPUs ...
[    0.162477] smp: Brought up 1 node, 1 CPU
[    0.162490] SMP: Total of 1 processors activated (996.14 BogoMIPS).
[    0.162501] CPU: All CPU(s) started in SVC mode.
[    0.162691] Memory: 480824K/522240K available (11264K kernel code, 1216K rwdata, 2976K rodata, 1024K init, 288K bss, 23384K reserved, 16384K cma-reserved, 0K highmem)
[    0.163496] devtmpfs: initialized
[    0.180736] VFP support v0.3: implementor 41 architecture 3 part 30 variant c rev 3
[    0.181478] clocksource: jiffies: mask: 0xffffffff max_cycles: 0xffffffff, max_idle_ns: 19112604462750000 ns
[    0.181523] posixtimers hash table entries: 512 (order: 0, 4096 bytes, linear)
[    0.181542] futex hash table entries: 256 (order: 2, 16384 bytes, linear)
[    0.182685] pinctrl core: initialized pinctrl subsystem
[    0.184737] NET: Registered PF_NETLINK/PF_ROUTE protocol family
[    0.187549] DMA: preallocated 256 KiB pool for atomic coherent allocations
[    0.188496] audit: initializing netlink subsys (disabled)
[    0.189882] thermal_sys: Registered thermal governor 'fair_share'
[    0.189898] thermal_sys: Registered thermal governor 'step_wise'
[    0.189908] thermal_sys: Registered thermal governor 'user_space'
[    0.190021] audit: type=2000 audit(0.000:1): state=initialized audit_enabled=0 res=1
[    0.190092] cpuidle: using governor menu
[    0.208411] /ocp/interconnect@44c00000/segment@200000/target-module@b000/i2c@0/tda19988@70: Fixed dependency cycle(s) with /ocp/interconnect@48000000/segment@300000/target-module@e000/lcdc@0
[    0.209539] /ocp/interconnect@48000000/segment@300000/target-module@e000/lcdc@0: Fixed dependency cycle(s) with /ocp/interconnect@44c00000/segment@200000/target-module@b000/i2c@0/tda19988@70
[    0.211935] No ATAGs?
[    0.211979] hw-breakpoint: debug architecture 0x4 unsupported.
[    0.214655] kprobes: kprobe jump-optimization is enabled. All kprobes are optimized if possible.
[    0.223763] iommu: Default domain type: Translated
[    0.223787] iommu: DMA domain TLB invalidation policy: strict mode
[    0.231951] SCSI subsystem initialized
[    0.232819] pps_core: LinuxPPS API ver. 1 registered
[    0.232830] pps_core: Software ver. 5.3.6 - Copyright 2005-2007 Rodolfo Giometti <giometti@linux.it>
[    0.232854] PTP clock support registered
[    0.240960] vgaarb: loaded
[    0.241328] clocksource: Switched to clocksource dmtimer
[    0.242006] VFS: Disk quotas dquot_6.6.0
[    0.242065] VFS: Dquot-cache hash table entries: 1024 (order 0, 4096 bytes)
[    0.265760] NET: Registered PF_INET protocol family
[    0.266093] IP idents hash table entries: 8192 (order: 4, 65536 bytes, linear)
[    0.267511] tcp_listen_portaddr_hash hash table entries: 512 (order: 0, 4096 bytes, linear)
[    0.267549] Table-perturb hash table entries: 65536 (order: 6, 262144 bytes, linear)
[    0.267567] TCP established hash table entries: 4096 (order: 2, 16384 bytes, linear)
[    0.267612] TCP bind hash table entries: 4096 (order: 4, 65536 bytes, linear)
[    0.267712] TCP: Hash tables configured (established 4096 bind 4096)
[    0.267834] UDP hash table entries: 256 (order: 1, 14336 bytes, linear)
[    0.267870] UDP-Lite hash table entries: 256 (order: 1, 14336 bytes, linear)
[    0.268057] NET: Registered PF_UNIX/PF_LOCAL protocol family
[    0.269313] RPC: Registered named UNIX socket transport module.
[    0.269334] RPC: Registered udp transport module.
[    0.269339] RPC: Registered tcp transport module.
[    0.269344] RPC: Registered tcp-with-tls transport module.
[    0.269349] RPC: Registered tcp NFSv4.1 backchannel transport module.
[    0.269373] PCI: CLS 0 bytes, default 64
[    0.270761] Initialise system trusted keyrings
[    0.282151] workingset: timestamp_bits=14 max_order=17 bucket_order=3
[    0.283507] NFS: Registering the id_resolver key type
[    0.283576] Key type id_resolver registered
[    0.283584] Key type id_legacy registered
[    0.283690] jffs2: version 2.2. (NAND) (SUMMARY)  Â© 2001-2006 Red Hat, Inc.
[    0.284100] Key type asymmetric registered
[    0.284115] Asymmetric key parser 'x509' registered
[    0.284181] io scheduler mq-deadline registered
[    0.284191] io scheduler kyber registered
[    0.284266] io scheduler bfq register ed
[    0.285822] ledtrig-cpu: registered to indicate activity on CPUs
[    0.291801] Serial: 8250/16550 driver, 6 ports, IRQ sharing enabled
[    0.330465] brd: module loaded
[    0.356807] loop: module loaded
[    0.357711] mtdoops: mtd device (mtdd1948] cpuidle: enable-method property 'ti,am3352' found operations
[    0.362404] sdhci: Secure Digital Host Controller Interface driver
[    0.362413] sdhci: Copyright(c) Pierre Ossman
[    0.362580] sdhci-pltfm: SDHCI platform and OF driver helper
[    0.363583] Initializing XFRM netlink socket
[    0.363754] NET: Registered PF_INET6 protocol family
[    0.365726] Segment Routing with IPv6
[    0.365810] In-situ OAM (IOAM) with IPv6
[    0.365909] sit: IPv6, IPv4 and MPLS over IPv4 tunneling driver
[    0.366862] NET: Registered PF_PACKET protocol family
[    0.366896] NET: Registered PF_KEY protocol family
[    0.367029] Key type dns_resolver registered
[    0.367245] ThumbEE CPU extension supported.
[    0.367265] Registering SWP/SWPB emulation handler
[    0.367801] omap_voltage_late_init: Voltage driver support not added
[    0.368153] SmartReflex Class3 initialized
[    0.412412] Loading compiled-in X.509 certificates
[    0.443939] /ocp/interconnect@44c00000/segment@200000/target-module@b000/i2c@0/tda19988@70: Fixed dependency cycle(s) with /ocp/interconnect@48000000/segment@300000/target-module@e000/lcdc@0
[    0.450342] /ocp/interconnect@44c00000/segment@200000/target-module@b000/i2c@0/tda19988@70: Fixed dependency cycle(s) with /ocp/interconnect@48000000/segment@300000/target-module@e000/lcdc@0
[    0.489803] /ocp/interconnect@44c00000/segment@200000/target-module@b000/i2c@0/tda19988@70: Fixed dependency cycle(s) with /ocp/interconnect@48000000/segment@300000/target-module@e000/lcdc@0
[    0.490704] /ocp/interconnect@44c00000/segment@200000/target-module@b000/i2c@0/tda19988@70: Fixed dependency cycle(s) with /ocp/interconnect@48000000/segment@300000/target-module@e000/lcdc@0
[    0.494458] /ocp/interconnect@44c00000/segment@200000/target-module@10000/scm@0/pinmux@800: Fixed dependency cycle(s) with /ocp/interconnect@44c00000/segment@200000/target-module@10000/scm@0/pinmux@800/clkout2-pins
[    0.495064] pinctrl-single 44e10800.pinmux: 142 pins, size 568
[    0.500355] ti-sysc 44e31000.target-module: probe with driver ti-sysc failed with error -16
[    0.526109] /ocp/interconnect@48000000/segment@300000/target-module@e000/lcdc@0: Fixed dependency cycle(s) with /ocp/interconnect@44c00000/segment@200000/target-module@b000/i2c@0/tda19988@70
[    0.534427] ti-sysc 48040000.target-module: probe with driver ti-sysc failed with error -16
[    0.591189] OMAP GPIO hardware version 0.1
[    0.630026] omap_i2c 4819c000.i2c: bus 2 rev0.11 at 100 kHz
[    0.666612] 48000000.interconnect:segment@200000:target-module@0:mpu@0:fck: device ID is greater than 24
[    0.667487] /ocp/interconnect@48000000/segment@300000/target-module@e000/lcdc@0: Fixed dependency cycle(s) with /ocp/interconnect@44c00000/segment@200000/target-module@b000/i2c@0/tda19988@70
[    0.670267] /ocp/interconnect@48000000/segment@300000/target-module@e000/lcdc@0: Fixed dependency cycle(s) with /ocp/interconnect@44c00000/segment@200000/target-module@b000/i2c@0/tda19988@70
[    0.670969] /ocp/interconnect@44c00000/segment@200000/target-module@b000/i2c@0/tda19988@70: Fixed dependency cycle(s) with /ocp/interconnect@48000000/segment@300000/target-module@e000/lcdc@0
[    0.671143] /ocp/interconnect@48000000/segment@300000/target-module@e000/lcdc@0: Fixed dependency cycle(s) with /ocp/interconnect@44c00000/segment@200000/target-module@b000/i2c@0/tda19988@70
[    0.682432] sdhci-omap 481d8000.mmc: supply pbias not found, using dummy regulator
[    0.697987] sdhci-omap 481d8000.mmc: supply vqmmc not found, using dummy regulator
[    0.738095] davinci_mdio 4a101000.mdio: davinci mdio revision 1.6, bus freq 1000000
[    0.874864] davinci_mdio 4a101000.mdio : phy[0]: device 4a101000.mdio:00, driver SMSC LAN8710/LAN8720
[    0.875636] cpsw-switch 4a100000.switch: initialized cpsw ale version 1.4
[    0.875660] cpsw-switch 4a100000.switch: ALE Table size 1024, Policers 0
[    0.875811] cpsw-switch 4a100000.s_node [id: -1]
[    2.508326] tps65217-bl: Failed to locate of_node [id: -1]
[    2.515764] platform tps65217-charger: DMA mask not set
[    2.523090] platform tps65217-pwrbutton: DMA mask not set
[    2.530877] tps65217 0-0024: TPS65217 ID 0xe version 1.2
[    2.537010] /ocp/interconnect@48000000/segment@300000/target-module@e000/lcdc@0: Fixed dependency cycle(s) with /ocp/interconnect@44c00000/segment@200000/target-module@b000/i2c@0/tda19988@70
[    2.554385] /ocp/interconnect@44c00000/segment@200000/target-module@b000/i2c@0/tda19988@70: Fixed dependency cycle(s) with /ocp/interconnect@48000000/segment@300000/target-module@e000/lcdc@0
[    2.571758] omap_i2c 44e0b000.i2c: bus 0 rev0.11 at 400 kHz
[    2.579668] omap_gpio 44e07000.gpio: Could not set line 6 debounce to 200000 microseconds (-22)
[    2.588565] sdhci-omap 48060000.mmc: Got CD GPIO
[    2.593608] sdhci-omap 48060000.mmc: supply pbias not found, using dummy regulator
[    2.603620] sdhci-omap 48060000.mmc: supply vqmmc not found, using dummy regulator
[    2.612607] sdhci-omap 481d8000.mmc: supply pbias not found, using dummy regulator
[    2.620644] sdhci-omap 481d8000.mmc: supply vqmmc not found, using dummy regulator
[    2.659276] mmc1: SDHCI controller on 481d8000.mmc [481d8000.mmc] using External DMA
[    2.668306] mmc0: SDHCI controller on 48060000.mmc [48060000.mmc] using External DMA
[    2.677078] cpsw-switch 4a100000.switch: starting ndev. mode: dual_mac
[    2.720484] mmc0: new high speed SDHC card at address 5048
[    2.727565] mmcblk0: mmc0:5048 SD16G 14.4 GiB
[    2.735555]  mmcblk0: p1 p2
[    2.738957] mmcblk0: p2 size 31221760 extends beyond EOD, truncated
[    2.752609] SMSC LAN8710/LAN8720 4a101000.mdio:00: attached PHY driver (mii_bus:phy_addr=4a101000.mdio:00, irq=POLL)
[    2.765210] mmc1: new high speed MMC card at address 0001
[    2.772130] mmcblk1: mmc1:0001 MMC04G 3.60 GiB
[    2.783747]  mmcblk1: p1 p2
[    2.788019] mmcblk1boot0: mmc1:0001 MMC04G 2.00 MiB
[    2.795158] mmcblk1boot1: mmc1:0001 MMC04G 2.00 MiB
[    2.802513] mmcblk1rpmb: mmc1:0001 MMC04G 128 KiB, chardev (250:0)
[    8.002107] cpsw-switch 4a100000.switch eth0: Link is Up - 100Mbps/Full - flow control off
[    8.041585] IP-Config: Complete:
[    8.044862]      device=eth0, hwaddr=6c:ec:eb:68:de:78, ipaddr=192.168.255.1, mask=255.255.255.0, gw=255.255.255.255
[    8.055532]      host=bbb1, domain=, nis-domain=(none)
[    8.060698]      bootserver=192.168.255.126, rootserver=192.168.255.126, rootpath=
[    8.061131] clk: Disabling unused clocks
[    8.072979] PM: genpd: Disabling unused power domains
[    8.078097] KTAP version 1
[    8.080816] 1..0
[    8.114224] VFS: Mounted root (nfs filesystem) on device 0:17.
[    8.121012] devtmpfs: mounted
[    8.125783] Freeing unused kernel image (initmem) memory: 1024K
[    8.132552] Run /sbin/init as init process
[    8.828984] systemd[1]: System time before build time, advancing clock.
[   10.271349] random: crng init done
[   10.312946] systemd[1]: systemd 232 running in system mode. (+PAM +AUDIT +SELINUX +IMA +APPARMOR +SMACK +SYSVINIT +UTMP +LIBCRYPTSETUP +GCRYPT +GNUTLS +ACL +XZ +LZ4 +SECCOMP +BLKID +ELFUTILS +KMOD +IDN)
[   10.332080] systemd[1]: Detected architecture arm.

Welcome to [1mDebian GNU/Linux 9 (stretch)[0m!

[   10.364469] systemd[1]: Set hostname to <arm>.
[   11.440839] systemd[1]: Listening on Journal Socket (/dev/log).
[[0;32m  OK  [0m] Listening on Journal Socket (/dev/log).
[   11.462045] systemd[1]: Listening on udev Kernel Socket.
[[0;32m  OK  [0m] Listening on udev Kernel Socket.
[   11.492944] systemd[1]: Created slice User and Session Slice.
[[0;32m  OK  [0m] Created slice User and Session Slice.
[   11.523412] systemd[1]: Listening on /dev/initctl Compatibility Named Pipe.
[[0;32m  OK  [0m] Listening on /dev/initctl Compatibility Named Pipe.
[   11.553095] systemd[1]: Set up automount Arbitrary Executable File Formats File System Automount Point.
[[0;32m  OK  [0m] Set up automount Arbitrary Executabâ€¦rmats File System Automount Point.
[   11.582397] systemd[1]: Listening on Journal Audit Socket.
[[0;32m  OK  [0m] Listening on Journal Audit Socket.
[   11.612734] systemd[1]: Created slice System Slice.
[[0;32m  OK  [0m] Created slice System Slice.
[[0;32m  OK  [0m] Created slice system-getty.slice.
         Mounting Debug File System...
[[0;32m  OK  [0m] Started Forward Password Requests to Wall Directory Watch.
[[0;32m  OK  [0m] Reached target Remote File Systems.
[[0;32m  OK  [0m] Reached target Slices.
[[0;32m  OK  [0m] Reached target Swap.
         Mounting POSIX Message Queue File System...
[[0;32m  OK  [0m] Listening on Syslog Socket.
[[0;32m  OK  [0m] Created slice system-serial\x2dgetty.slice.
[[0;32m  OK  [0m] Listening on Journal Socket.
         Starting Load Kernel Modules...
         Starting Remount Root and Kernel File Systems...
         Starting Create list of required stâ€¦ce nodes for the current kernel...
         Starting Journal Service...
[[0;32m  OK  [0m] Started Dispatch Password Requests to Console Directory Watch.
[[0;32m  OK  [0m] Reached target Encrypted Volumes.
[[0;32m  OK  [0m] Reached target Paths.
[[0;32m  OK  [0m] Listening on udev Control Socket.
[[0;32m  OK  [0m] Mounted POSIX Message Queue File System.
[[0;32m  OK  [0m] Mounted Debug File System.
[[0;32m  OK  [0m] Started Load Kernel Modules.
[[0;32m  OK  [0m] Started Remount Root and Kernel File Systems.
[[0;32m  OK  [0m] Started Create list of required staâ€¦vice nodes for the current kernel.
         Starting Create Static Device Nodes in /dev...
         Starting Load/Save Random Seed...
         Starting udev Coldplug all Devices...
         Mounting Configuration File System...
         Starting Apply Kernel Variables...
[[0;32m  OK  [0m] Started Load/Save Random Seed.
[[0;32m  OK  [0m] Mounted Configuration File System.
[[0;32m  OK  [0m] Started Apply Kernel Variables.
[[0;32m  OK  [0m] Started Create Static Device Nodes in /dev.
         Starting udev Kernel Device Manager...
[[0;32m  OK  [0m] Reached target Local File Systems (Pre).
[[0;32m  OK  [0m] Reached target Local File Systems.
         Starting Raise network interfaces...
[[0;32m  OK  [0m] Started Journal Service.
         Starting Flush Journal to Persistent Storage...
[   13.823222] systemd-journald[88]: Received request to flush runtime journal from PID 1
[[0;32m  OK  [0m] Started Flush Journal to Persistent Storage.
         Starting Create Volatile Files and Directories...
[[0;32m  OK  [0m] Started udev Kernel Device Manager.
[[0;32m  OK  [0m] Started Create Volatile Files and Directories.
         Starting Network Time Synchronization...
         Starting Update UTMP about System Boot/Shutdown...
[[0;32m  OK  [0m] Started udev Coldplug all Devices.
[   16.807586] remoteproc remoteproc0: wkup_m3 is available
[   16.990262] am335x-phy-driver 47401300.usb-phy: dummy supplies not allowed for exclusive requests (id=vbus)
[[0;32m  OK  [0m] Started Update UTMP about System Boot/Shutdown.
[   17.133606] at24 2-0054: supply vcc not found, using dummy regulator
[   17.198682] am335x-phy-driver 47401b00.usb-phy: dummy supplies not allowed for exclusive requests (id=vbus)
[   17.307934] at24 2-0055: supply vcc not found, using dummy regulator
[[0;32m  OK  [0m] Found device /dev/ttyS0.
[   17.424258] at24 2-0056: supply vcc not found, using dummy regulator
[   17.523634] input: tps65217_pwrbutton as /devices/platform/ocp/44c00000.interconnect/44c00000.interconnect:segment@200000/44e0b000.target-module/44e0b000.i2c/i2c-0/0-0024/tps65217-pwrbutton/input/input0
[   17.575859] at24 2-0057: supply vcc not found, using dummy regulator
[   17.677415] at24 0-0050: 32768 byte 24c256 EEPROM, writable, 1 bytes/write
[   17.767175] wkup_m3_ipc 44e11324.wkup_m3_ipc: IPC Request for A8->M3 Channel failed! -517
[   17.922512] omap_rtc 44e3e000.rtc: registered as rtc0
[   17.927717] omap_rtc 44e3e000.rtc: setting system clock to 2000-01-01T00:00:00 UTC (946684800)
[   17.940766] wkup_m3_ipc 44e11324.wkup_m3_ipc: IPC Request for A8->M3 Channel failed! -517
[   18.037144] omap_wdt: OMAP Watchdog Timer Rev 0x01: initial timeout 60 sec
[   18.109106] wkup_m3_ipc 44e11324.wkup_m3_ipc: IPC Request for A8->M3 Channel failed! -517
[[0;32m  OK  [0m] Started Network Time Synchronization.
[   18.590972] usbcore: registered new interface driver usbfs
[   18.596812] usbcore: registered new interface driver hub
[   18.602311] usbcore: registered new device driver usb
[[0;32m  OK  [0m] Reached target System Initialization.
[[0;32m  OK  [0m] Listening on Avahi mDNS/DNS-SD Stack Activation Socket.
[[0;32m  OK  [0m] Listening on D-Bus System Message Bus Socket.
[[0;32m  OK  [0m] Reached target Sockets.
[[0;32m  OK  [0m] Reached target Basic System.
         Starting Generic Board Startup...
         Starting LSB: Start busybox udhcpd at boot time...
[   19.267861] wkup_m3_ipc 44e11324.wkup_m3_ipc: IPC Request for A8->M3 Channel failed! -517
         Starting Telephony service...
[   19.344699] omap-mailbox 480c8000.mailbox: omap mailbox rev 0x400
[   19.435331] musb-hdrc musb-hdrc.1: MUSB HDRC host driver
[   19.440750] musb-hdrc musb-hdrc.1: new USB bus registered, assigned bus number 1
         Starting LSB: Load kernel modules needed to enable cpufreq scaling...
[   19.508702] remoteproc remoteproc0: powering up wkup_m3
[   19.585556] tda998x 0-0070: found TDA19988
[   19.639919] remoteproc remoteproc0: Direct firmware load for am335x-pm-firmware.elf failed with error -2
[   19.649643] remoteproc remoteproc0: request_firmware failed: -2
[   19.655653] wkup_m3_ipc 44e11324.wkup_m3_ipc: rproc_boot failed
         Starting Cape Manager Service...
[   19.776921] usb usb1: New USB device found, idVendor=1d6b, idProduct=0002, bcdDevice= 6.15
[   19.785498] usb usb1: New USB device strings: Mfr=3, Product=2, SerialNumber=1
[   19.792854] usb usb1: Product: MUSB HDRC host driver
[   19.797848] usb usb1: Manufacturer: Linux 6.15.0-rc1-next-20250408 musb-hcd
[   19.804886] usb usb1: SerialNumber: musb-hdrc.1
         Starting Avahi mDNS/DNS-SD Stack...
         Starting DUN service...
[   20.272733] hub 1-0:1.0: USB hub found
[[0;32m  OK  [0m] Started Regular background program processing daemon.
[   20.340945] hub 1-0:1.0: 1 port detected
[[0;32m  OK  [0m] Started D-Bus System Message Bus.
[   21.933878] omap_rng 48310000.rng: Random Number Generator ver. 20
[   22.062561] tilcdc 4830e000.lcdc: bound 0-0070 (ops tda998x_audio_codec_init [tda998x])
[   22.189613] [drm] Initialized tilcdc 1.0.0 for 4830e000.lcdc on minor 0
[   22.302035] tilcdc 4830e000.lcdc: [drm] Cannot find any crtc or sizes
[   22.314174] tilcdc 4830e000.lcdc: [drm] Cannot find any crtc or sizes
[   23.378097] PM: Cannot get wkup_m3_ipc handle
[   23.434764] omap-sham 53100000.sham: hw accel on OMAP rev 4.3
[   23.535251] omap-sham 53100000.sham: will run requests pump with realtime priority
[   23.545308] PM: Cannot get wkup_m3_ipc handle
[   23.656174] omap-aes 53500000.aes: OMAP AES hw accel rev: 3.2
[   23.779579] omap-aes 53500000.aes: will run requests pump with realtime priority
[   23.790715] PM: Cannot get wkup_m3_ipc handle
[[0;32m  OK  [0m] Started DUN service.
[[0;32m  OK  [0m] Started Telephony service.
[[0;32m  OK  [0m] Started Avahi mDNS/DNS-SD Stack.
         Starting Connection service...
         Starting Login Service...
         Starting System Logging Service...
[[0;32m  OK  [0m] Started Daily Cleanup of Temporary Directories.
[[0;32m  OK  [0m] Reached target System Time Synchronized.
[[0;32m  OK  [0m] Started Daily apt download activities.
[[0;32m  OK  [0m] Started Daily apt upgrade and clean activities.
[[0;32m  OK  [0m] Reached target Timers.
[[0;32m  OK  [0m] Started Cape Manager Service.
[   25.851089] Bluetooth: Core ver 2.22
[   25.855152] NET: Registered PF_BLUETOOTH protocol family
[   25.860504] Bluetooth: HCI device and connection manager initialized
[   25.867028] Bluetooth: HCI socket layer initialized
[   25.871977] Bluetooth: L2CAP socket layer initialized
[   25.877089] Bluetooth: SCO socket layer initialized
[[0;32m  OK  [0m] Started System Logging Service.
[   27.602164] gpio-537 (nxp,calib): gpiod_direction_output_nonotify: tried to set a GPIO tied to an IRQ as output
[   27.655069] PM: Cannot get wkup_m3_ipc handle
[   27.777202] PM: Cannot get wkup_m3_ipc handle
[   27.893442] tda9950 0-0034: TDA9950 CEC interface, hardware version 3.3
[   27.989518] PM: Cannot get wkup_m3_ipc handle
[[0;32m  OK  [0m] Started LSB: Start busybox udhcpd at boot time.
[[0;32m  OK  [0m] Started Raise network interfaces.
[   30.429099] configfs-gadget.g_multi gadget.0: HOST MAC 1c:ba:8c:a2:ed:6c
[   30.436122] configfs-gadget.g_multi gadget.0: MAC 1c:ba:8c:a2:ed:70
[   30.443769] configfs-gadget.g_multi gadget.0: HOST MAC 1c:ba:8c:a2:ed:6c
[   30.450534] configfs-gadget.g_multi gadget.0: MAC 1c:ba:8c:a2:ed:6d
[   30.457854] PM: Cannot get wkup_m3_ipc handle
[[0;32m  OK  [0m] Started LSB: Load kernel modules needed to enable cpufreq scaling.
[[0;32m  OK  [0m] Started Connection service.
[[0;32m  OK  [0m] Started Login Service.
[[0;32m  OK  [0m] Reached target Sound Card.
         Starting LSB: set CPUFreq kernel parameters...
[[0;32m  OK  [0m] Reached target Network.
         Starting OpenBSD Secure Shell server...
         Starting Permit User Sessions...
[[0;32m  OK  [0m] Reached target Network is Online.
         Starting LSB: Advanced IEEE 802.11 management daemon...
         Starting The Apache HTTP Server...
[[0;32m  OK  [0m] Started LSB: Advanced IEEE 802.11 management daemon.
[[0;32m  OK  [0m] Started Permit User Sessions.
         Starting Hostname Service...
         Starting WPA supplicant...
[[0;32m  OK  [0m] Started Serial Getty on ttyS0.
[[0;32m  OK  [0m] Started Getty on tty1.
[[0;32m  OK  [0m] Reached target Login Prompts.
[[0;32m  OK  [0m] Started LSB: set CPUFreq kernel parameters.
[[0;32m  OK  [0m] Started Hostname Service.
[[0;32m  OK  [0m] Started WPA supplicant.
         Stopping LSB: Start busybox udhcpd at boot time...
[[0;32m  OK  [0m] Started OpenBSD Secure Shell server.
[[0;32m  OK  [0m] Stopped LSB: Start busybox udhcpd at boot time.
         Starting dnsmasq - A lightweight DHCP and caching DNS server...
[[0;32m  OK  [0m] Started The Apache HTTP Server.
[[0;32m  OK  [0m] Started dnsmasq - A lightweight DHCP and caching DNS server.
[[0;32m  OK  [0m] Reached target Host and Network Name Lookups.
[[0;32m  OK  [0m] Started Serial Getty on ttyGS0.
[[0;32m  OK  [0m] Started Generic Board Startup.
[[0;32m  OK  [0m] Reached target Multi-User System.
[[0;32m  OK  [0m] Reached target Graphical Interface.
         Starting Update UTMP about System Runlevel Changes...
[[0;32m  OK  [0m] Started Update UTMP about System Runlevel Changes.

Debian GNU/Linux 9 arm ttyS0

default username:password is [debian:temppwd]

arm login: root
Password: 
Last login: Sat Jan  1 00:00:28 UTC 2000 on ttyS0
root
Linux arm 6.15.0-rc1-next-20250408 #1 SMP Tue Apr  8 07:41:36 EEST 2025 armv7l

The programs included with the Debian GNU/Linux system are free software;
the exact distribution terms for each program are described in the
individual files in /usr/share/doc/*/copyright.

Debian GNU/Linux comes with ABSOLUTELY NO WARRANTY, to the extent
permitted by applicable law.
root@arm:~# root
-bash: root: command not found
root@arm:~# dmesg -n 1
echo 'WEBJ''YSYSTL'
root@arm:~# echo 'WEBJ''YSYSTL'
WEBJYSYSTL
root@arm:~# run() { echo -n "$MARKER"; sh -c "$@"; echo "$MARKER $?"; }
root@arm:~# echo 'PQNQ''FCNXQX'
PQNQFCNXQX
root@arm:~# MARKER='PZXX''ELBVOY' run 'cat /proc/version'
PZXXELBVOYLinux version 6.15.0-rc1-next-20250408 (user01@drvtest01) (arm-none-eabi-gcc (Arm GNU Toolchain 14.2.Rel1 (Build arm-14.52)) 14.2.1 20241119, GNU ld (Arm GNU Toolchain 14.2.Rel1 (Build arm-14.52)) 2.43.1.20241119) #1 SMP Tue Apr  8 07:41:36 EEST 2025
PZXXELBVOY 0
root@arm:~# echo 'FXNJ''YEXPHM'
FXNJYEXPHM
root@arm:~# MARKER='BHOE''QZBEOH' run false
BHOEQZBEOHBHOEQZBEOH 1
root@arm:~# Labgrid Console Logfile for main
Logfile started at 2025-04-08 07:43:56.824857
=== Log starts here ===

root@arm:~# run() { echo -n "$MARKER"; sh -c "$@"; echo "$MARKER $?"; }
root@arm:~# echo 'FXFW''QAKNMK'
FXFWQAKNMK
root@arm:~# MARKER='XBYW''ATCHYS' run 'ls /iio_generic_buffer; echo $?'
XBYWATCHYS/iio_generic_buffer
0
XBYWATCHYS 0
root@arm:~# Labgrid Console Logfile for main
Logfile started at 2025-04-08 07:44:00.166777
=== Log starts here ===

root@arm:~# run() { echo -n "$MARKER"; sh -c "$@"; echo "$MARKER $?"; }
root@arm:~# echo 'PLWJ''GTQASE'
PLWJGTQASE
root@arm:~# MARKER='LSOH''QVYGGK' run dmesg
LSOHQVYGGK[    0.000000] Booting Linux on physical CPU 0x0
[    0.000000] Linux version 6.15.0-rc1-next-20250408 (user01@drvtest01) (arm-none-eabi-gcc (Arm GNU Toolchain 14.2.Rel1 (Build arm-14.52)) 14.2.1 20241119, GNU ld (Arm GNU Toolchain 14.2.Rel1 (Build arm-14.52)) 2.43.1.20241119) #1 SMP Tue Apr  8 07:41:36 EEST 2025
[    0.000000] CPU: ARMv7 Processor [413fc082] revision 2 (ARMv7), cr=10c5387d
[    0.000000] CPU: PIPT / VIPT nonaliasing data cache, VIPT aliasing instruction cache
[    0.000000] OF: fdt: Machine model: TI AM335x BeagleBone Black
[    0.000000] Memory policy: Data cache writeback
[    0.000000] cma: Reserved 16 MiB at 0x9e800000
[    0.000000] Zone ranges:
[    0.000000]   Normal   [mem 0x0000000080000000-0x000000009fdfffff]
[    0.000000]   HighMem  empty
[    0.000000] Movable zone start for each node
[    0.000000] Early memory node ranges
[    0.000000]   node   0: [mem 0x0000000080000000-0x000000009fdfffff]
[    0.000000] Initmem setup node 0 [mem 0x0000000080000000-0x000000009fdfffff]
[    0.000000] On node 0, zone Normal: 512 pages in unavailable ranges
[    0.000000] OF: reserved mem: Reserved memory: No reserved-memory node in the DT
[    0.000000] CPU: All CPU(s) started in SVC mode.
[    0.000000] AM335X ES2.1 (sgx neon)
[    0.000000] percpu: Embedded 17 pages/cpu s39692 r8192 d21748 u69632
[    0.000000] pcpu-alloc: s39692 r8192 d21748 u69632 alloc=17*4096
[    0.000000] pcpu-alloc: [0] 0 
[    0.000000] Kernel command line: console=ttyO0,115200n8 root=/dev/nfs rw nfsroot=192.168.255.126:/home/user01/nfs,nfsvers=3 ip=192.168.255.1:192.168.255.126::255.255.255.0:bbb1:eth0 nfsrootdebug
[    0.000000] Unknown kernel command line parameters "nfsrootdebug", will be passed to user space.
[    0.000000] printk: log buffer data + meta data: 65536 + 204800 = 270336 bytes
[    0.000000] Dentry cache hash table entries: 65536 (order: 6, 262144 bytes, linear)
[    0.000000] Inode-cache hash table entries: 32768 (order: 5, 131072 bytes, linear)
[    0.000000] Built 1 zonelists, mobility grouping on.  Total pages: 130560
[    0.000000] mem auto-init: stack:off, heap alloc:off, heap free:off
[    0.000000] SLUB: HWalign=16, Order=0-3, MinObjects=0, CPUs=1, Nodes=1
[    0.000000] rcu: Hierarchical RCU implementation.
[    0.000000] rcu: 	RCU event tracing is enabled.
[    0.000000] rcu: 	RCU restricting CPUs from NR_CPUS=2 to nr_cpu_ids=1.
[    0.000000] 	Tracing variant of Tasks RCU enabled.
[    0.000000] rcu: RCU calculated value of scheduler-enlistment delay is 10 jiffies.
[    0.000000] rcu: Adjusting geometry for rcu_fanout_leaf=16, nr_cpu_ids=1
[    0.000000] RCU Tasks Trace: Setting shift to 0 and lim to 1 rcu_task_cb_adjust=1 rcu_task_cpu_ids=1.
[    0.000000] NR_IRQS: 16, nr_irqs: 16, preallocated irqs: 16
[    0.000000] IRQ: Found an INTC at 0x(ptrval) (revision 5.0) with 128 interrupts
[    0.000000] rcu: srcu_init: Setting srcu_struct sizes based on contention.
[    0.000000] TI gptimer clocksource: always-on /ocp/interconnect@44c00000/segment@200000/target-module@31000
[    0.000003] sched_clock: 32 bits at 24MHz, resolution 41ns, wraps every 89478484971ns
[    0.000027] clocksource: dmtimer: mask: 0xffffffff max_cycles: 0xffffffff, max_idle_ns: 79635851949 ns
[    0.000494] TI gptimer clockevent: 24000000 Hz at /ocp/interconnect@48000000/segment@0/target-module@40000
[    0.001969] ------------[ cut here ]------------
[    0.001983] WARNING: CPU: 0 PID: 0 at init/main.c:1022 start_kernel+0x4fc/0x6d4
[    0.002017] Interrupts were enabled early
[    0.002022] Modules linked in:
[    0.002042] CPU: 0 UID: 0 PID: 0 Comm: swapper/0 Not tainted 6.15.0-rc1-next-20250408 #1 NONE 
[    0.002058] Hardware name: Generic AM33XX (Flattened Device Tree)
[    0.002067] Call trace: 
[    0.002087]  unwind_backtrace from show_stack+0x10/0x14
[    0.002119]  show_stack from dump_stack_lvl+0x50/0x64
[    0.002142]  dump_stack_lvl from __warn+0x74/0x12c
[    0.002174]  __warn from warn_slowpath_fmt+0x19c/0x1b0
[    0.002197]  warn_slowpath_fmt from start_kernel+0x4fc/0x6d4
[    0.002216]  start_kernel from 0x0
[    0.002229] ---[ end trace 0000000000000000 ]---
[    0.002385] Console: colour dummy device 80x30
[    0.002444] WARNING: Your 'console=ttyO0' has been replaced by 'ttyS0'
[    0.002452] This ensures that you still see kernel messages. Please
[    0.002456] update your kernel commandline.
[    0.002499] Calibrating delay loop... 996.14 BogoMIPS (lpj=4980736)
[    0.090539] CPU: Testing write buffer coherency: ok
[    0.090645] CPU0: Spectre v2: using BPIALL workaround
[    0.090656] pid_max: default: 32768 minimum: 301
[    0.090816] LSM: initializing lsm=capability
[    0.090996] Mount-cache hash table entries: 1024 (order: 0, 4096 bytes, linear)
[    0.091016] Mountpoint-cache hash table entries: 1024 (order: 0, 4096 bytes, linear)
[    0.092625] CPU0: thread -1, cpu 0, socket -1, mpidr 0
[    0.092684] cacheinfo: Unable to detect cache hierarchy for CPU 0
[    0.150730] Setting up static identity map for 0x80100000 - 0x80100078
[    0.160683] rcu: Hierarchical SRCU implementation.
[    0.160694] rcu: 	Max phase no-delay instances is 1000.
[    0.162421] smp: Bringing up secondary CPUs ...
[    0.162477] smp: Brought up 1 node, 1 CPU
[    0.162490] SMP: Total of 1 processors activated (996.14 BogoMIPS).
[    0.162501] CPU: All CPU(s) started in SVC mode.
[    0.162691] Memory: 480824K/522240K available (11264K kernel code, 1216K rwdata, 2976K rodata, 1024K init, 288K bss, 23384K reserved, 16384K cma-reserved, 0K highmem)
[    0.163496] devtmpfs: initialized
[    0.180736] VFP support v0.3: implementor 41 architecture 3 part 30 variant c rev 3
[    0.181478] clocksource: jiffies: mask: 0xffffffff max_cycles: 0xffffffff, max_idle_ns: 19112604462750000 ns
[    0.181523] posixtimers hash table entries: 512 (order: 0, 4096 bytes, linear)
[    0.181542] futex hash table entries: 256 (order: 2, 16384 bytes, linear)
[    0.182685] pinctrl core: initialized pinctrl subsystem
[    0.184737] NET: Registered PF_NETLINK/PF_ROUTE protocol family
[    0.187549] DMA: preallocated 256 KiB pool for atomic coherent allocations
[    0.188496] audit: initializing netlink subsys (disabled)
[    0.189882] thermal_sys: Registered thermal governor 'fair_share'
[    0.189898] thermal_sys: Registered thermal governor 'step_wise'
[    0.189908] thermal_sys: Registered thermal governor 'user_space'
[    0.190021] audit: type=2000 audit(0.000:1): state=initialized audit_enabled=0 res=1
[    0.190092] cpuidle: using governor menu
[    0.208411] /ocp/interconnect@44c00000/segment@200000/target-module@b000/i2c@0/tda19988@70: Fixed dependency cycle(s) with /ocp/interconnect@48000000/segment@300000/target-module@e000/lcdc@0
[    0.209539] /ocp/interconnect@48000000/segment@300000/target-module@e000/lcdc@0: Fixed dependency cycle(s) with /ocp/interconnect@44c00000/segment@200000/target-module@b000/i2c@0/tda19988@70
[    0.211935] No ATAGs?
[    0.211979] hw-breakpoint: debug architecture 0x4 unsupported.
[    0.214655] kprobes: kprobe jump-optimization is enabled. All kprobes are optimized if possible.
[    0.223763] iommu: Default domain type: Translated
[    0.223787] iommu: DMA domain TLB invalidation policy: strict mode
[    0.225337] reg-fixed-voltage fixedregulator0: using DT '/fixedregulator0' for '(default)' GPIO lookup
[    0.225388] of_get_named_gpiod_flags: can't parse 'gpios' property of node '/fixedregulator0[0]'
[    0.225416] of_get_named_gpiod_flags: can't parse 'gpio' property of node '/fixedregulator0[0]'
[    0.225434] reg-fixed-voltage fixedregulator0: using lookup tables for GPIO lookup
[    0.225444] reg-fixed-voltage fixedregulator0: No GPIO consumer (default) found
[    0.231951] SCSI subsystem initialized
[    0.232442] libata version 3.00 loaded.
[    0.232819] pps_core: LinuxPPS API ver. 1 registered
[    0.232830] pps_core: Software ver. 5.3.6 - Copyright 2005-2007 Rodolfo Giometti <giometti@linux.it>
[    0.232854] PTP clock support registered
[    0.240960] vgaarb: loaded
[    0.241328] clocksource: Switched to clocksource dmtimer
[    0.242006] VFS: Disk quotas dquot_6.6.0
[    0.242065] VFS: Dquot-cache hash table entries: 1024 (order 0, 4096 bytes)
[    0.265760] NET: Registered PF_INET protocol family
[    0.266093] IP idents hash table entries: 8192 (order: 4, 65536 bytes, linear)
[    0.267511] tcp_listen_portaddr_hash hash table entries: 512 (order: 0, 4096 bytes, linear)
[    0.267549] Table-perturb hash table entries: 65536 (order: 6, 262144 bytes, linear)
[    0.267567] TCP established hash table entries: 4096 (order: 2, 16384 bytes, linear)
[    0.267612] TCP bind hash table entries: 4096 (order: 4, 65536 bytes, linear)
[    0.267712] TCP: Hash tables configured (established 4096 bind 4096)
[    0.267834] UDP hash table entries: 256 (order: 1, 14336 bytes, linear)
[    0.267870] UDP-Lite hash table entries: 256 (order: 1, 14336 bytes, linear)
[    0.268057] NET: Registered PF_UNIX/PF_LOCAL protocol family
[    0.269313] RPC: Registered named UNIX socket transport module.
[    0.269334] RPC: Registered udp transport module.
[    0.269339] RPC: Registered tcp transport module.
[    0.269344] RPC: Registered tcp-with-tls transport module.
[    0.269349] RPC: Registered tcp NFSv4.1 backchannel transport module.
[    0.269373] PCI: CLS 0 bytes, default 64
[    0.270761] Initialise system trusted keyrings
[    0.282151] workingset: timestamp_bits=14 max_order=17 bucket_order=3
[    0.283507] NFS: Registering the id_resolver key type
[    0.283576] Key type id_resolver registered
[    0.283584] Key type id_legacy registered
[    0.283690] jffs2: version 2.2. (NAND) (SUMMARY)  Â© 2001-2006 Red Hat, Inc.
[    0.284100] Key type asymmetric registered
[    0.284115] Asymmetric key parser 'x509' registered
[    0.284181] io scheduler mq-deadline registered
[    0.284191] io scheduler kyber registered
[    0.284266] io scheduler bfq registered
[    0.285822] ledtrig-cpu: registered to indicate activity on CPUs
[    0.291801] Serial: 8250/16550 driver, 6 ports, IRQ sharing enabled
[    0.330465] brd: module loaded
[    0.356807] loop: module loaded
[    0.357711] mtdoops: mtd device (mtddev=name/number) must be supplied
[    0.359401] mdio_bus fixed-0: using lookup tables for GPIO lookup
[    0.359425] mdio_bus fixed-0: No GPIO consumer reset found
[    0.360779] i2c_dev: i2c /dev entries driver
[    0.361948] cpuidle: enable-method property 'ti,am3352' found operations
[    0.362404] sdhci: Secure Digital Host Controller Interface driver
[    0.362413] sdhci: Copyright(c) Pierre Ossman
[    0.362580] sdhci-pltfm: SDHCI platform and OF driver helper
[    0.363583] Initializing XFRM netlink socket
[    0.363754] NET: Registered PF_INET6 protocol family
[    0.365726] Segment Routing with IPv6
[    0.365810] In-situ OAM (IOAM) with IPv6
[    0.365909] sit: IPv6, IPv4 and MPLS over IPv4 tunneling driver
[    0.366862] NET: Registered PF_PACKET protocol family
[    0.366896] NET: Registered PF_KEY protocol family
[    0.367029] Key type dns_resolver registered
[    0.367245] ThumbEE CPU extension supported.
[    0.367265] Registering SWP/SWPB emulation handler
[    0.367801] omap_voltage_late_init: Voltage driver support not added
[    0.368153] SmartReflex Class3 initialized
[    0.412412] Loading compiled-in X.509 certificates
[    0.443939] /ocp/interconnect@44c00000/segment@200000/target-module@b000/i2c@0/tda19988@70: Fixed dependency cycle(s) with /ocp/interconnect@48000000/segment@300000/target-module@e000/lcdc@0
[    0.450342] /ocp/interconnect@44c00000/segment@200000/target-module@b000/i2c@0/tda19988@70: Fixed dependency cycle(s) with /ocp/interconnect@48000000/segment@300000/target-module@e000/lcdc@0
[    0.456018] gpiochip_find_base_unlocked: found new base at 512
[    0.489803] /ocp/interconnect@44c00000/segment@200000/target-module@b000/i2c@0/tda19988@70: Fixed dependency cycle(s) with /ocp/interconnect@48000000/segment@300000/target-module@e000/lcdc@0
[    0.490704] /ocp/interconnect@44c00000/segment@200000/target-module@b000/i2c@0/tda19988@70: Fixed dependency cycle(s) with /ocp/interconnect@48000000/segment@300000/target-module@e000/lcdc@0
[    0.494458] /ocp/interconnect@44c00000/segment@200000/target-module@10000/scm@0/pinmux@800: Fixed dependency cycle(s) with /ocp/interconnect@44c00000/segment@200000/target-module@10000/scm@0/pinmux@800/clkout2-pins
[    0.495064] pinctrl-single 44e10800.pinmux: 142 pins, size 568
[    0.500355] ti-sysc 44e31000.target-module: probe with driver ti-sysc failed with error -16
[    0.526109] /ocp/interconnect@48000000/segment@300000/target-module@e000/lcdc@0: Fixed dependency cycle(s) with /ocp/interconnect@44c00000/segment@200000/target-module@b000/i2c@0/tda19988@70
[    0.534427] ti-sysc 48040000.target-module: probe with driver ti-sysc failed with error -16
[    0.545828] gpiochip_find_base_unlocked: found new base at 512
[    0.545934] gpio gpiochip0: (gpio-0-31): created GPIO range 0->7 ==> 44e10800.pinmux PIN 0->7
[    0.545954] gpio gpiochip0: (gpio-0-31): created GPIO range 8->11 ==> 44e10800.pinmux PIN 90->93
[    0.545970] gpio gpiochip0: (gpio-0-31): created GPIO range 12->27 ==> 44e10800.pinmux PIN 12->27
[    0.545991] gpio gpiochip0: (gpio-0-31): created GPIO range 28->31 ==> 44e10800.pinmux PIN 30->33
[    0.590961] gpio gpiochip0: (gpio-0-31): added GPIO chardev (254:0)
[    0.591106] gpio gpiochip0: registered GPIOs 512 to 543 on gpio-0-31
[    0.591189] OMAP GPIO hardware version 0.1
[    0.629002] i2c i2c-2: using DT '/ocp/interconnect@48000000/segment@100000/target-module@9c000/i2c@0' for 'scl' GPIO lookup
[    0.629077] of_get_named_gpiod_flags: can't parse 'scl-gpios' property of node '/ocp/interconnect@48000000/segment@100000/target-module@9c000/i2c@0[0]'
[    0.629120] of_get_named_gpiod_flags: can't parse 'scl-gpio' property of node '/ocp/interconnect@48000000/segment@100000/target-module@9c000/i2c@0[0]'
[    0.629156] i2c i2c-2: using lookup tables for GPIO lookup
[    0.629165] i2c i2c-2: No GPIO consumer scl found
[    0.629187] i2c i2c-2: using DT '/ocp/interconnect@48000000/segment@100000/target-module@9c000/i2c@0' for 'sda' GPIO lookup
[    0.629222] of_get_named_gpiod_flags: can't parse 'sda-gpios' property of node '/ocp/interconnect@48000000/segment@100000/target-module@9c000/i2c@0[0]'
[    0.629257] of_get_named_gpiod_flags: can't parse 'sda-gpio' property of node '/ocp/interconnect@48000000/segment@100000/target-module@9c000/i2c@0[0]'
[    0.629288] i2c i2c-2: using lookup tables for GPIO lookup
[    0.629295] i2c i2c-2: No GPIO consumer sda found
[    0.630026] omap_i2c 4819c000.i2c: bus 2 rev0.11 at 100 kHz
[    0.635739] gpiochip_find_base_unlocked: found new base at 544
[    0.635844] gpio gpiochip1: (gpio-32-63): created GPIO range 0->17 ==> 44e10800.pinmux PIN 34->51
[    0.635863] gpio gpiochip1: (gpio-32-63): created GPIO range 18->21 ==> 44e10800.pinmux PIN 77->80
[    0.635879] gpio gpiochip1: (gpio-32-63): created GPIO range 22->31 ==> 44e10800.pinmux PIN 56->65
[    0.657435] gpio gpiochip1: (gpio-32-63): added GPIO chardev (254:1)
[    0.657613] gpio gpiochip1: registered GPIOs 544 to 575 on gpio-32-63
[    0.659877] gpiochip_find_base_unlocked: found new base at 576
[    0.659970] gpio gpiochip2: (gpio-64-95): created GPIO range 0->4 ==> 44e10800.pinmux PIN 66->70
[    0.659990] gpio gpiochip2: (gpio-64-95): created GPIO range 5->6 ==> 44e10800.pinmux PIN 98->99
[    0.660005] gpio gpiochip2: (gpio-64-95): created GPIO range 7->8 ==> 44e10800.pinmux PIN 75->76
[    0.660020] gpio gpiochip2: (gpio-64-95): created GPIO range 13->13 ==> 44e10800.pinmux PIN 141->141
[    0.660036] gpio gpiochip2: (gpio-64-95): created GPIO range 14->21 ==> 44e10800.pinmux PIN 100->107
[    0.660691] gpio gpiochip2: (gpio-64-95): added GPIO chardev (254:2)
[    0.660827] gpio gpiochip2: registered GPIOs 576 to 607 on gpio-64-95
[    0.666612] 48000000.interconnect:segment@200000:target-module@0:mpu@0:fck: device ID is greater than 24
[    0.667487] /ocp/interconnect@48000000/segment@300000/target-module@e000/lcdc@0: Fixed dependency cycle(s) with /ocp/interconnect@44c00000/segment@200000/target-module@b000/i2c@0/tda19988@70
[    0.670267] /ocp/interconnect@48000000/segment@300000/target-module@e000/lcdc@0: Fixed dependency cycle(s) with /ocp/interconnect@44c00000/segment@200000/target-module@b000/i2c@0/tda19988@70
[    0.670969] /ocp/interconnect@44c00000/segment@200000/target-module@b000/i2c@0/tda19988@70: Fixed dependency cycle(s) with /ocp/interconnect@48000000/segment@300000/target-module@e000/lcdc@0
[    0.671143] /ocp/interconnect@48000000/segment@300000/target-module@e000/lcdc@0: Fixed dependency cycle(s) with /ocp/interconnect@44c00000/segment@200000/target-module@b000/i2c@0/tda19988@70
[    0.680868] mdio_bus 4a101000.mdio: using DT '/ocp/interconnect@4a000000/segment@0/target-module@100000/switch@0/mdio@1000' for 'reset' GPIO lookup
[    0.680941] of_get_named_gpiod_flags: can't parse 'reset-gpios' property of node '/ocp/interconnect@4a000000/segment@0/target-module@100000/switch@0/mdio@1000[0]'
[    0.680986] of_get_named_gpiod_flags: can't parse 'reset-gpio' property of node '/ocp/interconnect@4a000000/segment@0/target-module@100000/switch@0/mdio@1000[0]'
[    0.681032] mdio_bus 4a101000.mdio: using lookup tables for GPIO lookup
[    0.681041] mdio_bus 4a101000.mdio: No GPIO consumer reset found
[    0.682093] sdhci-omap 481d8000.mmc: using DT '/ocp/interconnect@48000000/segment@100000/target-module@d8000/mmc@0' for 'wp' GPIO lookup
[    0.682154] of_get_named_gpiod_flags: can't parse 'wp-gpios' property of node '/ocp/interconnect@48000000/segment@100000/target-module@d8000/mmc@0[0]'
[    0.682197] of_get_named_gpiod_flags: can't parse 'wp-gpio' property of node '/ocp/interconnect@48000000/segment@100000/target-module@d8000/mmc@0[0]'
[    0.682231] sdhci-omap 481d8000.mmc: using lookup tables for GPIO lookup
[    0.682240] sdhci-omap 481d8000.mmc: No GPIO consumer wp found
[    0.682432] sdhci-omap 481d8000.mmc: supply pbias not found, using dummy regulator
[    0.697987] sdhci-omap 481d8000.mmc: supply vqmmc not found, using dummy regulator
[    0.738095] davinci_mdio 4a101000.mdio: davinci mdio revision 1.6, bus freq 1000000
[    0.752485] mdio_bus 4a101000.mdio:00: using DT '/ocp/interconnect@4a000000/segment@0/target-module@100000/switch@0/mdio@1000/ethernet-phy@0' for 'reset' GPIO lookup
[    0.752586] of_get_named_gpiod_flags: parsed 'reset-gpios' property of node '/ocp/interconnect@4a000000/segment@0/target-module@100000/switch@0/mdio@1000/ethernet-phy@0[0]' - status (0)
[    0.752753] gpio gpiochip0: Persistence not supported for GPIO 8
[    0.874864] davinci_mdio 4a101000.mdio: phy[0]: device 4a101000.mdio:00, driver SMSC LAN8710/LAN8720
[    0.875636] cpsw-switch 4a100000.switch: initialized cpsw ale version 1.4
[    0.875660] cpsw-switch 4a100000.switch: ALE Table size 1024, Policers 0
[    0.875811] cpsw-switch 4a100000.switch: cpts: overflow check period 500 (jiffies)
[    0.875826] cpsw-switch 4a100000.switch: CPTS: ref_clk_freq:250000000 calc_mult:2147483648 calc_shift:29 error:0 nsec/sec
[    0.875939] cpsw-switch 4a100000.switch: Detected MACID = 6c:ec:eb:68:de:78
[    0.877792] cpsw-switch 4a100000.switch: initialized (regs 0x4a100000, pool size 256) hw_ver:0019010C 1.12 (0)
[    0.888873] debugfs: Directory '49000000.dma' with parent 'dmaengine' already present!
[    0.888920] edma 49000000.dma: TI EDMA DMA engine driver
[    0.933607] target-module@4b000000:target-module@140000:pmu@0:fck: device ID is greater than 24
[    0.956490] hw perfevents: enabled with armv7_cortex_a8 PMU driver, 5 (8000000f) counters available
[    0.957424] gpio-clk clk_mcasp0: using DT '/clk_mcasp0' for 'enable' GPIO lookup
[    0.957494] of_get_named_gpiod_flags: parsed 'enable-gpios' property of node '/clk_mcasp0[0]' - status (0)
[    0.957538] gpio gpiochip0: Persistence not supported for GPIO 27
[    0.958329] gpiochip_find_base_unlocked: found new base at 608
[    0.958433] gpio gpiochip3: (gpio-96-127): created GPIO range 0->7 ==> 44e10800.pinmux PIN 82->89
[    0.958453] gpio gpiochip3: (gpio-96-127): created GPIO range 8->11 ==> 44e10800.pinmux PIN 52->55
[    0.958469] gpio gpiochip3: (gpio-96-127): created GPIO range 12->15 ==> 44e10800.pinmux PIN 94->97
[    0.958485] gpio gpiochip3: (gpio-96-127): created GPIO range 16->17 ==> 44e10800.pinmux PIN 71->72
[    0.958500] gpio gpiochip3: (gpio-96-127): created GPIO range 18->18 ==> 44e10800.pinmux PIN 135->135
[    0.958516] gpio gpiochip3: (gpio-96-127): created GPIO range 19->20 ==> 44e10800.pinmux PIN 108->109
[    0.958533] gpio gpiochip3: (gpio-96-127): created GPIO range 21->21 ==> 44e10800.pinmux PIN 73->73
[    0.958549] gpio gpiochip3: (gpio-96-127): created GPIO range 22->23 ==> 44e10800.pinmux PIN 8->9
[    0.958566] gpio gpiochip3: (gpio-96-127): created GPIO range 26->27 ==> 44e10800.pinmux PIN 10->11
[    0.958583] gpio gpiochip3: (gpio-96-127): created GPIO range 28->28 ==> 44e10800.pinmux PIN 74->74
[    0.958601] gpio gpiochip3: (gpio-96-127): created GPIO range 29->29 ==> 44e10800.pinmux PIN 81->81
[    0.958619] gpio gpiochip3: (gpio-96-127): created GPIO range 30->31 ==> 44e10800.pinmux PIN 28->29
[    0.964184] l3-aon-clkctrl:0000:0: failed to disable
[    0.975573] gpio gpiochip3: (gpio-96-127): added GPIO chardev (254:3)
[    0.975728] gpio gpiochip3: registered GPIOs 608 to 639 on gpio-96-127
[    0.977588] omap8250 44e09000.serial: using DT '/ocp/interconnect@44c00000/segment@200000/target-module@9000/serial@0' for 'rs485-term' GPIO lookup
[    0.977657] of_get_named_gpiod_flags: can't parse 'rs485-term-gpios' property of node '/ocp/interconnect@44c00000/segment@200000/target-module@9000/serial@0[0]'
[    0.977700] of_get_named_gpiod_flags: can't parse 'rs485-term-gpio' property of node '/ocp/interconnect@44c00000/segment@200000/target-module@9000/serial@0[0]'
[    0.977736] omap8250 44e09000.serial: using lookup tables for GPIO lookup
[    0.977745] omap8250 44e09000.serial: No GPIO consumer rs485-term found
[    0.977755] omap8250 44e09000.serial: using DT '/ocp/interconnect@44c00000/segment@200000/target-module@9000/serial@0' for 'rs485-rx-during-tx' GPIO lookup
[    0.977790] of_get_named_gpiod_flags: can't parse 'rs485-rx-during-tx-gpios' property of node '/ocp/interconnect@44c00000/segment@200000/target-module@9000/serial@0[0]'
[    0.977826] of_get_named_gpiod_flags: can't parse 'rs485-rx-during-tx-gpio' property of node '/ocp/interconnect@44c00000/segment@200000/target-module@9000/serial@0[0]'
[    0.977857] omap8250 44e09000.serial: using lookup tables for GPIO lookup
[    0.977865] omap8250 44e09000.serial: No GPIO consumer rs485-rx-during-tx found
[    0.978225] 44e09000.serial: ttyS0 at MMIO 0x44e09000 (irq = 34, base_baud = 3000000) is a 8250
[    0.978318] printk: legacy console [ttyS0] enabled
[    2.482602] i2c i2c-0: using DT '/ocp/interconnect@44c00000/segment@200000/target-module@b000/i2c@0' for 'scl' GPIO lookup
[    2.482690] of_get_named_gpiod_flags: can't parse 'scl-gpios' property of node '/ocp/interconnect@44c00000/segment@200000/target-module@b000/i2c@0[0]'
[    2.482737] of_get_named_gpiod_flags: can't parse 'scl-gpio' property of node '/ocp/interconnect@44c00000/segment@200000/target-module@b000/i2c@0[0]'
[    2.482777] i2c i2c-0: using lookup tables for GPIO lookup
[    2.482790] i2c i2c-0: No GPIO consumer scl found
[    2.482815] i2c i2c-0: using DT '/ocp/interconnect@44c00000/segment@200000/target-module@b000/i2c@0' for 'sda' GPIO lookup
[    2.482854] of_get_named_gpiod_flags: can't parse 'sda-gpios' property of node '/ocp/interconnect@44c00000/segment@200000/target-module@b000/i2c@0[0]'
[    2.482894] of_get_named_gpiod_flags: can't parse 'sda-gpio' property of node '/ocp/interconnect@44c00000/segment@200000/target-module@b000/i2c@0[0]'
[    2.482929] i2c i2c-0: using lookup tables for GPIO lookup
[    2.482939] i2c i2c-0: No GPIO consumer sda found
[    2.502275] tps65217-pmic: Failed to locate of_node [id: -1]
[    2.508326] tps65217-bl: Failed to locate of_node [id: -1]
[    2.515764] platform tps65217-charger: DMA mask not set
[    2.523090] platform tps65217-pwrbutton: DMA mask not set
[    2.530877] tps65217 0-0024: TPS65217 ID 0xe version 1.2
[    2.537010] /ocp/interconnect@48000000/segment@300000/target-module@e000/lcdc@0: Fixed dependency cycle(s) with /ocp/interconnect@44c00000/segment@200000/target-module@b000/i2c@0/tda19988@70
[    2.554385] /ocp/interconnect@44c00000/segment@200000/target-module@b000/i2c@0/tda19988@70: Fixed dependency cycle(s) with /ocp/interconnect@48000000/segment@300000/target-module@e000/lcdc@0
[    2.571758] omap_i2c 44e0b000.i2c: bus 0 rev0.11 at 400 kHz
[    2.579470] sdhci-omap 48060000.mmc: using DT '/ocp/interconnect@48000000/segment@0/target-module@60000/mmc@0' for 'cd' GPIO lookup
[    2.579575] of_get_named_gpiod_flags: parsed 'cd-gpios' property of node '/ocp/interconnect@48000000/segment@0/target-module@60000/mmc@0[0]' - status (0)
[    2.579642] gpio gpiochip3: Persistence not supported for GPIO 6
[    2.579668] omap_gpio 44e07000.gpio: Could not set line 6 debounce to 200000 microseconds (-22)
[    2.588565] sdhci-omap 48060000.mmc: Got CD GPIO
[    2.593250] sdhci-omap 48060000.mmc: using DT '/ocp/interconnect@48000000/segment@0/target-module@60000/mmc@0' for 'wp' GPIO lookup
[    2.593302] of_get_named_gpiod_flags: can't parse 'wp-gpios' property of node '/ocp/interconnect@48000000/segment@0/target-module@60000/mmc@0[0]'
[    2.593345] of_get_named_gpiod_flags: can't parse 'wp-gpio' property of node '/ocp/interconnect@48000000/segment@0/target-module@60000/mmc@0[0]'
[    2.593383] sdhci-omap 48060000.mmc: using lookup tables for GPIO lookup
[    2.593396] sdhci-omap 48060000.mmc: No GPIO consumer wp found
[    2.593608] sdhci-omap 48060000.mmc: supply pbias not found, using dummy regulator
[    2.602431] sdhci-omap 481d8000.mmc: using DT '/ocp/interconnect@48000000/segment@100000/target-module@d8000/mmc@0' for 'wp' GPIO lookup
[    2.602505] of_get_named_gpiod_flags: can't parse 'wp-gpios' property of node '/ocp/interconnect@48000000/segment@100000/target-module@d8000/mmc@0[0]'
[    2.602553] of_get_named_gpiod_flags: can't parse 'wp-gpio' property of node '/ocp/interconnect@48000000/segment@100000/target-module@d8000/mmc@0[0]'
[    2.602591] sdhci-omap 481d8000.mmc: using lookup tables for GPIO lookup
[    2.602604] sdhci-omap 481d8000.mmc: No GPIO consumer wp found
[    2.603620] sdhci-omap 48060000.mmc: supply vqmmc not found, using dummy regulator
[    2.612607] sdhci-omap 481d8000.mmc: supply pbias not found, using dummy regulator
[    2.620644] sdhci-omap 481d8000.mmc: supply vqmmc not found, using dummy regulator
[    2.659276] mmc1: SDHCI controller on 481d8000.mmc [481d8000.mmc] using External DMA
[    2.668306] mmc0: SDHCI controller on 48060000.mmc [48060000.mmc] using External DMA
[    2.677078] cpsw-switch 4a100000.switch: starting ndev. mode: dual_mac
[    2.720484] mmc0: new high speed SDHC card at address 5048
[    2.727565] mmcblk0: mmc0:5048 SD16G 14.4 GiB
[    2.735555]  mmcblk0: p1 p2
[    2.738957] mmcblk0: p2 size 31221760 extends beyond EOD, truncated
[    2.752609] SMSC LAN8710/LAN8720 4a101000.mdio:00: attached PHY driver (mii_bus:phy_addr=4a101000.mdio:00, irq=POLL)
[    2.765210] mmc1: new high speed MMC card at address 0001
[    2.772130] mmcblk1: mmc1:0001 MMC04G 3.60 GiB
[    2.783747]  mmcblk1: p1 p2
[    2.788019] mmcblk1boot0: mmc1:0001 MMC04G 2.00 MiB
[    2.795158] mmcblk1boot1: mmc1:0001 MMC04G 2.00 MiB
[    2.802513] mmcblk1rpmb: mmc1:0001 MMC04G 128 KiB, chardev (250:0)
[    8.002107] cpsw-switch 4a100000.switch eth0: Link is Up - 100Mbps/Full - flow control off
[    8.041585] IP-Config: Complete:
[    8.044862]      device=eth0, hwaddr=6c:ec:eb:68:de:78, ipaddr=192.168.255.1, mask=255.255.255.0, gw=255.255.255.255
[    8.055532]      host=bbb1, domain=, nis-domain=(none)
[    8.060698]      bootserver=192.168.255.126, rootserver=192.168.255.126, rootpath=
[    8.061131] clk: Disabling unused clocks
[    8.072979] PM: genpd: Disabling unused power domains
[    8.078097] KTAP version 1
[    8.080816] 1..0
[    8.114224] VFS: Mounted root (nfs filesystem) on device 0:17.
[    8.121012] devtmpfs: mounted
[    8.125783] Freeing unused kernel image (initmem) memory: 1024K
[    8.132552] Run /sbin/init as init process
[    8.136679]   with arguments:
[    8.136692]     /sbin/init
[    8.136701]     nfsrootdebug
[    8.136710]   with environment:
[    8.136719]     HOME=/
[    8.136728]     TERM=linux
[    8.828984] systemd[1]: System time before build time, advancing clock.
[   10.271349] random: crng init done
[   10.312946] systemd[1]: systemd 232 running in system mode. (+PAM +AUDIT +SELINUX +IMA +APPARMOR +SMACK +SYSVINIT +UTMP +LIBCRYPTSETUP +GCRYPT +GNUTLS +ACL +XZ +LZ4 +SECCOMP +BLKID +ELFUTILS +KMOD +IDN)
[   10.332080] systemd[1]: Detected architecture arm.
[   10.364469] systemd[1]: Set hostname to <arm>.
[   11.440839] systemd[1]: Listening on Journal Socket (/dev/log).
[   11.462045] systemd[1]: Listening on udev Kernel Socket.
[   11.492944] systemd[1]: Created slice User and Session Slice.
[   11.523412] systemd[1]: Listening on /dev/initctl Compatibility Named Pipe.
[   11.553095] systemd[1]: Set up automount Arbitrary Executable File Formats File System Automount Point.
[   11.582397] systemd[1]: Listening on Journal Audit Socket.
[   11.612734] systemd[1]: Created slice System Slice.
[   13.823222] systemd-journald[88]: Received request to flush runtime journal from PID 1
[   16.343201] leds-gpio leds: using DT '/leds/led2' for '(default)' GPIO lookup
[   16.343306] of_get_named_gpiod_flags: parsed 'gpios' property of node '/leds/led2[0]' - status (0)
[   16.343363] gpio gpiochip0: Persistence not supported for GPIO 21
[   16.343378] gpio-533 (?): no flags found for GPIO (default)
[   16.394111] leds-gpio leds: using DT '/leds/led3' for '(default)' GPIO lookup
[   16.394378] of_get_named_gpiod_flags: parsed 'gpios' property of node '/leds/led3[0]' - status (0)
[   16.394444] gpio gpiochip0: Persistence not supported for GPIO 22
[   16.394460] gpio-534 (?): no flags found for GPIO (default)
[   16.439564] leds-gpio leds: using DT '/leds/led4' for '(default)' GPIO lookup
[   16.439670] of_get_named_gpiod_flags: parsed 'gpios' property of node '/leds/led4[0]' - status (0)
[   16.439724] gpio gpiochip0: Persistence not supported for GPIO 23
[   16.439739] gpio-535 (?): no flags found for GPIO (default)
[   16.517110] leds-gpio leds: using DT '/leds/led5' for '(default)' GPIO lookup
[   16.517214] of_get_named_gpiod_flags: parsed 'gpios' property of node '/leds/led5[0]' - status (0)
[   16.517268] gpio gpiochip0: Persistence not supported for GPIO 24
[   16.517282] gpio-536 (?): no flags found for GPIO (default)
[   16.807586] remoteproc remoteproc0: wkup_m3 is available
[   16.989811] am335x-phy-driver 47401300.usb-phy: using DT '/ocp/target-module@47400000/usb-phy@1300' for 'reset' GPIO lookup
[   16.989907] of_get_named_gpiod_flags: can't parse 'reset-gpios' property of node '/ocp/target-module@47400000/usb-phy@1300[0]'
[   16.989952] of_get_named_gpiod_flags: can't parse 'reset-gpio' property of node '/ocp/target-module@47400000/usb-phy@1300[0]'
[   16.989991] am335x-phy-driver 47401300.usb-phy: using lookup tables for GPIO lookup
[   16.990005] am335x-phy-driver 47401300.usb-phy: No GPIO consumer reset found
[   16.990018] am335x-phy-driver 47401300.usb-phy: using DT '/ocp/target-module@47400000/usb-phy@1300' for 'vbus-detect' GPIO lookup
[   16.990048] of_get_named_gpiod_flags: can't parse 'vbus-detect-gpios' property of node '/ocp/target-module@47400000/usb-phy@1300[0]'
[   16.990080] of_get_named_gpiod_flags: can't parse 'vbus-detect-gpio' property of node '/ocp/target-module@47400000/usb-phy@1300[0]'
[   16.990105] am335x-phy-driver 47401300.usb-phy: using lookup tables for GPIO lookup
[   16.990117] am335x-phy-driver 47401300.usb-phy: No GPIO consumer vbus-detect found
[   16.990262] am335x-phy-driver 47401300.usb-phy: dummy supplies not allowed for exclusive requests (id=vbus)
[   17.133606] at24 2-0054: supply vcc not found, using dummy regulator
[   17.198235] am335x-phy-driver 47401b00.usb-phy: using DT '/ocp/target-module@47400000/usb-phy@1b00' for 'reset' GPIO lookup
[   17.198329] of_get_named_gpiod_flags: can't parse 'reset-gpios' property of node '/ocp/target-module@47400000/usb-phy@1b00[0]'
[   17.198370] of_get_named_gpiod_flags: can't parse 'reset-gpio' property of node '/ocp/target-module@47400000/usb-phy@1b00[0]'
[   17.198408] am335x-phy-driver 47401b00.usb-phy: using lookup tables for GPIO lookup
[   17.198422] am335x-phy-driver 47401b00.usb-phy: No GPIO consumer reset found
[   17.198436] am335x-phy-driver 47401b00.usb-phy: using DT '/ocp/target-module@47400000/usb-phy@1b00' for 'vbus-detect' GPIO lookup
[   17.198466] of_get_named_gpiod_flags: can't parse 'vbus-detect-gpios' property of node '/ocp/target-module@47400000/usb-phy@1b00[0]'
[   17.198498] of_get_named_gpiod_flags: can't parse 'vbus-detect-gpio' property of node '/ocp/target-module@47400000/usb-phy@1b00[0]'
[   17.198524] am335x-phy-driver 47401b00.usb-phy: using lookup tables for GPIO lookup
[   17.198535] am335x-phy-driver 47401b00.usb-phy: No GPIO consumer vbus-detect found
[   17.198682] am335x-phy-driver 47401b00.usb-phy: dummy supplies not allowed for exclusive requests (id=vbus)
[   17.307934] at24 2-0055: supply vcc not found, using dummy regulator
[   17.424258] at24 2-0056: supply vcc not found, using dummy regulator
[   17.523634] input: tps65217_pwrbutton as /devices/platform/ocp/44c00000.interconnect/44c00000.interconnect:segment@200000/44e0b000.target-module/44e0b000.i2c/i2c-0/0-0024/tps65217-pwrbutton/input/input0
[   17.575859] at24 2-0057: supply vcc not found, using dummy regulator
[   17.676321] at24 0-0050: using DT '/ocp/interconnect@44c00000/segment@200000/target-module@b000/i2c@0/eeprom@50' for 'wp' GPIO lookup
[   17.676491] of_get_named_gpiod_flags: can't parse 'wp-gpios' property of node '/ocp/interconnect@44c00000/segment@200000/target-module@b000/i2c@0/eeprom@50[0]'
[   17.676631] of_get_named_gpiod_flags: can't parse 'wp-gpio' property of node '/ocp/interconnect@44c00000/segment@200000/target-module@b000/i2c@0/eeprom@50[0]'
[   17.676725] at24 0-0050: using lookup tables for GPIO lookup
[   17.676741] at24 0-0050: No GPIO consumer wp found
[   17.677415] at24 0-0050: 32768 byte 24c256 EEPROM, writable, 1 bytes/write
[   17.767175] wkup_m3_ipc 44e11324.wkup_m3_ipc: IPC Request for A8->M3 Channel failed! -517
[   17.922512] omap_rtc 44e3e000.rtc: registered as rtc0
[   17.927717] omap_rtc 44e3e000.rtc: setting system clock to 2000-01-01T00:00:00 UTC (946684800)
[   17.936550] omap_rtc 44e3e000.rtc: using DT '/ocp/interconnect@44c00000/segment@200000/target-module@3e000/rtc@0' for 'wp' GPIO lookup
[   17.936625] of_get_named_gpiod_flags: can't parse 'wp-gpios' property of node '/ocp/interconnect@44c00000/segment@200000/target-module@3e000/rtc@0[0]'
[   17.936676] of_get_named_gpiod_flags: can't parse 'wp-gpio' property of node '/ocp/interconnect@44c00000/segment@200000/target-module@3e000/rtc@0[0]'
[   17.936716] omap_rtc 44e3e000.rtc: using lookup tables for GPIO lookup
[   17.936729] omap_rtc 44e3e000.rtc: No GPIO consumer wp found
[   17.940766] wkup_m3_ipc 44e11324.wkup_m3_ipc: IPC Request for A8->M3 Channel failed! -517
[   18.037144] omap_wdt: OMAP Watchdog Timer Rev 0x01: initial timeout 60 sec
[   18.109106] wkup_m3_ipc 44e11324.wkup_m3_ipc: IPC Request for A8->M3 Channel failed! -517
[   18.590972] usbcore: registered new interface driver usbfs
[   18.596812] usbcore: registered new interface driver hub
[   18.602311] usbcore: registered new device driver usb
[   19.267861] wkup_m3_ipc 44e11324.wkup_m3_ipc: IPC Request for A8->M3 Channel failed! -517
[   19.344699] omap-mailbox 480c8000.mailbox: omap mailbox rev 0x400
[   19.435331] musb-hdrc musb-hdrc.1: MUSB HDRC host driver
[   19.440750] musb-hdrc musb-hdrc.1: new USB bus registered, assigned bus number 1
[   19.508702] remoteproc remoteproc0: powering up wkup_m3
[   19.585556] tda998x 0-0070: found TDA19988
[   19.639919] remoteproc remoteproc0: Direct firmware load for am335x-pm-firmware.elf failed with error -2
[   19.649643] remoteproc remoteproc0: request_firmware failed: -2
[   19.655653] wkup_m3_ipc 44e11324.wkup_m3_ipc: rproc_boot failed
[   19.776921] usb usb1: New USB device found, idVendor=1d6b, idProduct=0002, bcdDevice= 6.15
[   19.785498] usb usb1: New USB device strings: Mfr=3, Product=2, SerialNumber=1
[   19.792854] usb usb1: Product: MUSB HDRC host driver
[   19.797848] usb usb1: Manufacturer: Linux 6.15.0-rc1-next-20250408 musb-hcd
[   19.804886] usb usb1: SerialNumber: musb-hdrc.1
[   20.272733] hub 1-0:1.0: USB hub found
[   20.340945] hub 1-0:1.0: 1 port detected
[   21.933878] omap_rng 48310000.rng: Random Number Generator ver. 20
[   22.062561] tilcdc 4830e000.lcdc: bound 0-0070 (ops tda998x_audio_codec_init [tda998x])
[   22.189613] [drm] Initialized tilcdc 1.0.0 for 4830e000.lcdc on minor 0
[   22.302035] tilcdc 4830e000.lcdc: [drm] Cannot find any crtc or sizes
[   22.314174] tilcdc 4830e000.lcdc: [drm] Cannot find any crtc or sizes
[   23.378097] PM: Cannot get wkup_m3_ipc handle
[   23.434764] omap-sham 53100000.sham: hw accel on OMAP rev 4.3
[   23.535251] omap-sham 53100000.sham: will run requests pump with realtime priority
[   23.545308] PM: Cannot get wkup_m3_ipc handle
[   23.656174] omap-aes 53500000.aes: OMAP AES hw accel rev: 3.2
[   23.779579] omap-aes 53500000.aes: will run requests pump with realtime priority
[   23.790715] PM: Cannot get wkup_m3_ipc handle
[   25.851089] Bluetooth: Core ver 2.22
[   25.855152] NET: Registered PF_BLUETOOTH protocol family
[   25.860504] Bluetooth: HCI device and connection manager initialized
[   25.867028] Bluetooth: HCI socket layer initialized
[   25.871977] Bluetooth: L2CAP socket layer initialized
[   25.877089] Bluetooth: SCO socket layer initialized
[   27.574408] tda998x 0-0070: using DT '/ocp/interconnect@44c00000/segment@200000/target-module@b000/i2c@0/tda19988@70' for 'nxp,calib' GPIO lookup
[   27.574551] of_get_named_gpiod_flags: parsed 'nxp,calib-gpios' property of node '/ocp/interconnect@44c00000/segment@200000/target-module@b000/i2c@0/tda19988@70[0]' - status (0)
[   27.574951] gpio gpiochip0: Persistence not supported for GPIO 25
[   27.574979] gpio-537 (nxp,calib): no flags found for GPIO nxp,calib
[   27.602164] gpio-537 (nxp,calib): gpiod_direction_output_nonotify: tried to set a GPIO tied to an IRQ as output
[   27.655069] PM: Cannot get wkup_m3_ipc handle
[   27.660834] asoc-simple-card sound: using DT '/sound' for 'simple-audio-card,hp-det' GPIO lookup
[   27.660909] of_get_named_gpiod_flags: can't parse 'simple-audio-card,hp-det-gpios' property of node '/sound[0]'
[   27.660946] of_get_named_gpiod_flags: can't parse 'simple-audio-card,hp-det-gpio' property of node '/sound[0]'
[   27.660971] asoc-simple-card sound: using lookup tables for GPIO lookup
[   27.660983] asoc-simple-card sound: No GPIO consumer simple-audio-card,hp-det found
[   27.660999] asoc-simple-card sound: using DT '/sound' for 'simple-audio-card,mic-det' GPIO lookup
[   27.661023] of_get_named_gpiod_flags: can't parse 'simple-audio-card,mic-det-gpios' property of node '/sound[0]'
[   27.661048] of_get_named_gpiod_flags: can't parse 'simple-audio-card,mic-det-gpio' property of node '/sound[0]'
[   27.661067] asoc-simple-card sound: using lookup tables for GPIO lookup
[   27.661079] asoc-simple-card sound: No GPIO consumer simple-audio-card,mic-det found
[   27.777202] PM: Cannot get wkup_m3_ipc handle
[   27.893442] tda9950 0-0034: TDA9950 CEC interface, hardware version 3.3
[   27.989518] PM: Cannot get wkup_m3_ipc handle
[   30.114648] userial_init: registered 8 ttyGS* devices
[   30.342681] rndis_register: configNr = 0
[   30.427829] udc musb-hdrc.0: binding gadget driver [g_multi]
[   30.427925] configfs-gadget.g_multi gadget.0: adding 'rndis'/1982e902 to config 'c'/a86611a0
[   30.429099] configfs-gadget.g_multi gadget.0: HOST MAC 1c:ba:8c:a2:ed:6c
[   30.436122] configfs-gadget.g_multi gadget.0: MAC 1c:ba:8c:a2:ed:70
[   30.442752] rndis_set_param_medium: 0 0
[   30.442779] configfs-gadget.g_multi gadget.0: RNDIS: IN/ep1in OUT/ep1out NOTIFY/ep2in
[   30.442797] configfs-gadget.g_multi gadget.0: adding 'cdc_ethernet'/ab427edf to config 'c'/a86611a0
[   30.443769] configfs-gadget.g_multi gadget.0: HOST MAC 1c:ba:8c:a2:ed:6c
[   30.450534] configfs-gadget.g_multi gadget.0: MAC 1c:ba:8c:a2:ed:6d
[   30.456969] configfs-gadget.g_multi gadget.0: CDC Ethernet: IN/ep3in OUT/ep2out NOTIFY/ep4in
[   30.456988] configfs-gadget.g_multi gadget.0: adding 'acm'/6002b49a to config 'c'/a86611a0
[   30.457026] configfs-gadget.g_multi gadget.0: acm ttyGS0: IN/ep5in OUT/ep3out NOTIFY/ep6in
[   30.457854] PM: Cannot get wkup_m3_ipc handle
[   31.636292] configfs-gadget.g_multi gadget.0: eth_open
[   33.036691] configfs-gadget.g_multi gadget.0: stop stats: rx/tx 0/0, errs 0/0
[   37.159112] gs_open: ttyGS0 (1640d3cc,e885e8ed)
[   37.159273] gs_close: ttyGS0 (1640d3cc,e885e8ed) ...
[   37.159296] gs_close: ttyGS0 (1640d3cc,e885e8ed) done!
[   37.176983] gs_open: ttyGS0 (7d4b6175,d131354c)
[   37.177102] gs_close: ttyGS0 (7d4b6175,d131354c) ...
[   37.177124] gs_close: ttyGS0 (7d4b6175,d131354c) done!
[   37.346631] gs_open: ttyGS0 (0e51a91c,05b3824f)
[   37.346878] gs_close: ttyGS0 (0e51a91c,05b3824f) ...
[   37.346905] gs_close: ttyGS0 (0e51a91c,05b3824f) done!
[   37.348375] gs_open: ttyGS0 (0e51a91c,d131354c)
LSOHQVYGGK 0
root@arm:~# echo 'FOXB''MFJELH'
FOXBMFJELH
root@arm:~# MARKER='ZTGL''LJATHG' run 'modprobe test_linear_ranges'
ZTGLLJATHGZTGLLJATHG 0
root@arm:~# echo 'PFBM''TJQJQH'
PFBMTJQJQH
root@arm:~# MARKER='AHLL''PJHOAX' run dmesg
AHLLPJHOAX[    0.000000] Booting Linux on physical CPU 0x0
[    0.000000] Linux version 6.15.0-rc1-next-20250408 (user01@drvtest01) (arm-none-eabi-gcc (Arm GNU Toolchain 14.2.Rel1 (Build arm-14.52)) 14.2.1 20241119, GNU ld (Arm GNU Toolchain 14.2.Rel1 (Build arm-14.52)) 2.43.1.20241119) #1 SMP Tue Apr  8 07:41:36 EEST 2025
[    0.000000] CPU: ARMv7 Processor [413fc082] revision 2 (ARMv7), cr=10c5387d
[    0.000000] CPU: PIPT / VIPT nonaliasing data cache, VIPT aliasing instruction cache
[    0.000000] OF: fdt: Machine model: TI AM335x BeagleBone Black
[    0.000000] Memory policy: Data cache writeback
[    0.000000] cma: Reserved 16 MiB at 0x9e800000
[    0.000000] Zone ranges:
[    0.000000]   Normal   [mem 0x0000000080000000-0x000000009fdfffff]
[    0.000000]   HighMem  empty
[    0.000000] Movable zone start for each node
[    0.000000] Early memory node ranges
[    0.000000]   node   0: [mem 0x0000000080000000-0x000000009fdfffff]
[    0.000000] Initmem setup node 0 [mem 0x0000000080000000-0x000000009fdfffff]
[    0.000000] On node 0, zone Normal: 512 pages in unavailable ranges
[    0.000000] OF: reserved mem: Reserved memory: No reserved-memory node in the DT
[    0.000000] CPU: All CPU(s) started in SVC mode.
[    0.000000] AM335X ES2.1 (sgx neon)
[    0.000000] percpu: Embedded 17 pages/cpu s39692 r8192 d21748 u69632
[    0.000000] pcpu-alloc: s39692 r8192 d21748 u69632 alloc=17*4096
[    0.000000] pcpu-alloc: [0] 0 
[    0.000000] Kernel command line: console=ttyO0,115200n8 root=/dev/nfs rw nfsroot=192.168.255.126:/home/user01/nfs,nfsvers=3 ip=192.168.255.1:192.168.255.126::255.255.255.0:bbb1:eth0 nfsrootdebug
[    0.000000] Unknown kernel command line parameters "nfsrootdebug", will be passed to user space.
[    0.000000] printk: log buffer data + meta data: 65536 + 204800 = 270336 bytes
[    0.000000] Dentry cache hash table entries: 65536 (order: 6, 262144 bytes, linear)
[    0.000000] Inode-cache hash table entries: 32768 (order: 5, 131072 bytes, linear)
[    0.000000] Built 1 zonelists, mobility grouping on.  Total pages: 130560
[    0.000000] mem auto-init: stack:off, heap alloc:off, heap free:off
[    0.000000] SLUB: HWalign=16, Order=0-3, MinObjects=0, CPUs=1, Nodes=1
[    0.000000] rcu: Hierarchical RCU implementation.
[    0.000000] rcu: 	RCU event tracing is enabled.
[    0.000000] rcu: 	RCU restricting CPUs from NR_CPUS=2 to nr_cpu_ids=1.
[    0.000000] 	Tracing variant of Tasks RCU enabled.
[    0.000000] rcu: RCU calculated value of scheduler-enlistment delay is 10 jiffies.
[    0.000000] rcu: Adjusting geometry for rcu_fanout_leaf=16, nr_cpu_ids=1
[    0.000000] RCU Tasks Trace: Setting shift to 0 and lim to 1 rcu_task_cb_adjust=1 rcu_task_cpu_ids=1.
[    0.000000] NR_IRQS: 16, nr_irqs: 16, preallocated irqs: 16
[    0.000000] IRQ: Found an INTC at 0x(ptrval) (revision 5.0) with 128 interrupts
[    0.000000] rcu: srcu_init: Setting srcu_struct sizes based on contention.
[    0.000000] TI gptimer clocksource: always-on /ocp/interconnect@44c00000/segment@200000/target-module@31000
[    0.000003] sched_clock: 32 bits at 24MHz, resolution 41ns, wraps every 89478484971ns
[    0.000027] clocksource: dmtimer: mask: 0xffffffff max_cycles: 0xffffffff, max_idle_ns: 79635851949 ns
[    0.000494] TI gptimer clockevent: 24000000 Hz at /ocp/interconnect@48000000/segment@0/target-module@40000
[    0.001969] ------------[ cut here ]------------
[    0.001983] WARNING: CPU: 0 PID: 0 at init/main.c:1022 start_kernel+0x4fc/0x6d4
[    0.002017] Interrupts were enabled early
[    0.002022] Modules linked in:
[    0.002042] CPU: 0 UID: 0 PID: 0 Comm: swapper/0 Not tainted 6.15.0-rc1-next-20250408 #1 NONE 
[    0.002058] Hardware name: Generic AM33XX (Flattened Device Tree)
[    0.002067] Call trace: 
[    0.002087]  unwind_backtrace from show_stack+0x10/0x14
[    0.002119]  show_stack from dump_stack_lvl+0x50/0x64
[    0.002142]  dump_stack_lvl from __warn+0x74/0x12c
[    0.002174]  __warn from warn_slowpath_fmt+0x19c/0x1b0
[    0.002197]  warn_slowpath_fmt from start_kernel+0x4fc/0x6d4
[    0.002216]  start_kernel from 0x0
[    0.002229] ---[ end trace 0000000000000000 ]---
[    0.002385] Console: colour dummy device 80x30
[    0.002444] WARNING: Your 'console=ttyO0' has been replaced by 'ttyS0'
[    0.002452] This ensures that you still see kernel messages. Please
[    0.002456] update your kernel commandline.
[    0.002499] Calibrating delay loop... 996.14 BogoMIPS (lpj=4980736)
[    0.090539] CPU: Testing write buffer coherency: ok
[    0.090645] CPU0: Spectre v2: using BPIALL workaround
[    0.090656] pid_max: default: 32768 minimum: 301
[    0.090816] LSM: initializing lsm=capability
[    0.090996] Mount-cache hash table entries: 1024 (order: 0, 4096 bytes, linear)
[    0.091016] Mountpoint-cache hash table entries: 1024 (order: 0, 4096 bytes, linear)
[    0.092625] CPU0: thread -1, cpu 0, socket -1, mpidr 0
[    0.092684] cacheinfo: Unable to detect cache hierarchy for CPU 0
[    0.150730] Setting up static identity map for 0x80100000 - 0x80100078
[    0.160683] rcu: Hierarchical SRCU implementation.
[    0.160694] rcu: 	Max phase no-delay instances is 1000.
[    0.162421] smp: Bringing up secondary CPUs ...
[    0.162477] smp: Brought up 1 node, 1 CPU
[    0.162490] SMP: Total of 1 processors activated (996.14 BogoMIPS).
[    0.162501] CPU: All CPU(s) started in SVC mode.
[    0.162691] Memory: 480824K/522240K available (11264K kernel code, 1216K rwdata, 2976K rodata, 1024K init, 288K bss, 23384K reserved, 16384K cma-reserved, 0K highmem)
[    0.163496] devtmpfs: initialized
[    0.180736] VFP support v0.3: implementor 41 architecture 3 part 30 variant c rev 3
[    0.181478] clocksource: jiffies: mask: 0xffffffff max_cycles: 0xffffffff, max_idle_ns: 19112604462750000 ns
[    0.181523] posixtimers hash table entries: 512 (order: 0, 4096 bytes, linear)
[    0.181542] futex hash table entries: 256 (order: 2, 16384 bytes, linear)
[    0.182685] pinctrl core: initialized pinctrl subsystem
[    0.184737] NET: Registered PF_NETLINK/PF_ROUTE protocol family
[    0.187549] DMA: preallocated 256 KiB pool for atomic coherent allocations
[    0.188496] audit: initializing netlink subsys (disabled)
[    0.189882] thermal_sys: Registered thermal governor 'fair_share'
[    0.189898] thermal_sys: Registered thermal governor 'step_wise'
[    0.189908] thermal_sys: Registered thermal governor 'user_space'
[    0.190021] audit: type=2000 audit(0.000:1): state=initialized audit_enabled=0 res=1
[    0.190092] cpuidle: using governor menu
[    0.208411] /ocp/interconnect@44c00000/segment@200000/target-module@b000/i2c@0/tda19988@70: Fixed dependency cycle(s) with /ocp/interconnect@48000000/segment@300000/target-module@e000/lcdc@0
[    0.209539] /ocp/interconnect@48000000/segment@300000/target-module@e000/lcdc@0: Fixed dependency cycle(s) with /ocp/interconnect@44c00000/segment@200000/target-module@b000/i2c@0/tda19988@70
[    0.211935] No ATAGs?
[    0.211979] hw-breakpoint: debug architecture 0x4 unsupported.
[    0.214655] kprobes: kprobe jump-optimization is enabled. All kprobes are optimized if possible.
[    0.223763] iommu: Default domain type: Translated
[    0.223787] iommu: DMA domain TLB invalidation policy: strict mode
[    0.225337] reg-fixed-voltage fixedregulator0: using DT '/fixedregulator0' for '(default)' GPIO lookup
[    0.225388] of_get_named_gpiod_flags: can't parse 'gpios' property of node '/fixedregulator0[0]'
[    0.225416] of_get_named_gpiod_flags: can't parse 'gpio' property of node '/fixedregulator0[0]'
[    0.225434] reg-fixed-voltage fixedregulator0: using lookup tables for GPIO lookup
[    0.225444] reg-fixed-voltage fixedregulator0: No GPIO consumer (default) found
[    0.231951] SCSI subsystem initialized
[    0.232442] libata version 3.00 loaded.
[    0.232819] pps_core: LinuxPPS API ver. 1 registered
[    0.232830] pps_core: Software ver. 5.3.6 - Copyright 2005-2007 Rodolfo Giometti <giometti@linux.it>
[    0.232854] PTP clock support registered
[    0.240960] vgaarb: loaded
[    0.241328] clocksource: Switched to clocksource dmtimer
[    0.242006] VFS: Disk quotas dquot_6.6.0
[    0.242065] VFS: Dquot-cache hash table entries: 1024 (order 0, 4096 bytes)
[    0.265760] NET: Registered PF_INET protocol family
[    0.266093] IP idents hash table entries: 8192 (order: 4, 65536 bytes, linear)
[    0.267511] tcp_listen_portaddr_hash hash table entries: 512 (order: 0, 4096 bytes, linear)
[    0.267549] Table-perturb hash table entries: 65536 (order: 6, 262144 bytes, linear)
[    0.267567] TCP established hash table entries: 4096 (order: 2, 16384 bytes, linear)
[    0.267612] TCP bind hash table entries: 4096 (order: 4, 65536 bytes, linear)
[    0.267712] TCP: Hash tables configured (established 4096 bind 4096)
[    0.267834] UDP hash table entries: 256 (order: 1, 14336 bytes, linear)
[    0.267870] UDP-Lite hash table entries: 256 (order: 1, 14336 bytes, linear)
[    0.268057] NET: Registered PF_UNIX/PF_LOCAL protocol family
[    0.269313] RPC: Registered named UNIX socket transport module.
[    0.269334] RPC: Registered udp transport module.
[    0.269339] RPC: Registered tcp transport module.
[    0.269344] RPC: Registered tcp-with-tls transport module.
[    0.269349] RPC: Registered tcp NFSv4.1 backchannel transport module.
[    0.269373] PCI: CLS 0 bytes, default 64
[    0.270761] Initialise system trusted keyrings
[    0.282151] workingset: timestamp_bits=14 max_order=17 bucket_order=3
[    0.283507] NFS: Registering the id_resolver key type
[    0.283576] Key type id_resolver registered
[    0.283584] Key type id_legacy registered
[    0.283690] jffs2: version 2.2. (NAND) (SUMMARY)  Â© 2001-2006 Red Hat, Inc.
[    0.284100] Key type asymmetric registered
[    0.284115] Asymmetric key parser 'x509' registered
[    0.284181] io scheduler mq-deadline registered
[    0.284191] io scheduler kyber registered
[    0.284266] io scheduler bfq registered
[    0.285822] ledtrig-cpu: registered to indicate activity on CPUs
[    0.291801] Serial: 8250/16550 driver, 6 ports, IRQ sharing enabled
[    0.330465] brd: module loaded
[    0.356807] loop: module loaded
[    0.357711] mtdoops: mtd device (mtddev=name/number) must be supplied
[    0.359401] mdio_bus fixed-0: using lookup tables for GPIO lookup
[    0.359425] mdio_bus fixed-0: No GPIO consumer reset found
[    0.360779] i2c_dev: i2c /dev entries driver
[    0.361948] cpuidle: enable-method property 'ti,am3352' found operations
[    0.362404] sdhci: Secure Digital Host Controller Interface driver
[    0.362413] sdhci: Copyright(c) Pierre Ossman
[    0.362580] sdhci-pltfm: SDHCI platform and OF driver helper
[    0.363583] Initializing XFRM netlink socket
[    0.363754] NET: Registered PF_INET6 protocol family
[    0.365726] Segment Routing with IPv6
[    0.365810] In-situ OAM (IOAM) with IPv6
[    0.365909] sit: IPv6, IPv4 and MPLS over IPv4 tunneling driver
[    0.366862] NET: Registered PF_PACKET protocol family
[    0.366896] NET: Registered PF_KEY protocol family
[    0.367029] Key type dns_resolver registered
[    0.367245] ThumbEE CPU extension supported.
[    0.367265] Registering SWP/SWPB emulation handler
[    0.367801] omap_voltage_late_init: Voltage driver support not added
[    0.368153] SmartReflex Class3 initialized
[    0.412412] Loading compiled-in X.509 certificates
[    0.443939] /ocp/interconnect@44c00000/segment@200000/target-module@b000/i2c@0/tda19988@70: Fixed dependency cycle(s) with /ocp/interconnect@48000000/segment@300000/target-module@e000/lcdc@0
[    0.450342] /ocp/interconnect@44c00000/segment@200000/target-module@b000/i2c@0/tda19988@70: Fixed dependency cycle(s) with /ocp/interconnect@48000000/segment@300000/target-module@e000/lcdc@0
[    0.456018] gpiochip_find_base_unlocked: found new base at 512
[    0.489803] /ocp/interconnect@44c00000/segment@200000/target-module@b000/i2c@0/tda19988@70: Fixed dependency cycle(s) with /ocp/interconnect@48000000/segment@300000/target-module@e000/lcdc@0
[    0.490704] /ocp/interconnect@44c00000/segment@200000/target-module@b000/i2c@0/tda19988@70: Fixed dependency cycle(s) with /ocp/interconnect@48000000/segment@300000/target-module@e000/lcdc@0
[    0.494458] /ocp/interconnect@44c00000/segment@200000/target-module@10000/scm@0/pinmux@800: Fixed dependency cycle(s) with /ocp/interconnect@44c00000/segment@200000/target-module@10000/scm@0/pinmux@800/clkout2-pins
[    0.495064] pinctrl-single 44e10800.pinmux: 142 pins, size 568
[    0.500355] ti-sysc 44e31000.target-module: probe with driver ti-sysc failed with error -16
[    0.526109] /ocp/interconnect@48000000/segment@300000/target-module@e000/lcdc@0: Fixed dependency cycle(s) with /ocp/interconnect@44c00000/segment@200000/target-module@b000/i2c@0/tda19988@70
[    0.534427] ti-sysc 48040000.target-module: probe with driver ti-sysc failed with error -16
[    0.545828] gpiochip_find_base_unlocked: found new base at 512
[    0.545934] gpio gpiochip0: (gpio-0-31): created GPIO range 0->7 ==> 44e10800.pinmux PIN 0->7
[    0.545954] gpio gpiochip0: (gpio-0-31): created GPIO range 8->11 ==> 44e10800.pinmux PIN 90->93
[    0.545970] gpio gpiochip0: (gpio-0-31): created GPIO range 12->27 ==> 44e10800.pinmux PIN 12->27
[    0.545991] gpio gpiochip0: (gpio-0-31): created GPIO range 28->31 ==> 44e10800.pinmux PIN 30->33
[    0.590961] gpio gpiochip0: (gpio-0-31): added GPIO chardev (254:0)
[    0.591106] gpio gpiochip0: registered GPIOs 512 to 543 on gpio-0-31
[    0.591189] OMAP GPIO hardware version 0.1
[    0.629002] i2c i2c-2: using DT '/ocp/interconnect@48000000/segment@100000/target-module@9c000/i2c@0' for 'scl' GPIO lookup
[    0.629077] of_get_named_gpiod_flags: can't parse 'scl-gpios' property of node '/ocp/interconnect@48000000/segment@100000/target-module@9c000/i2c@0[0]'
[    0.629120] of_get_named_gpiod_flags: can't parse 'scl-gpio' property of node '/ocp/interconnect@48000000/segment@100000/target-module@9c000/i2c@0[0]'
[    0.629156] i2c i2c-2: using lookup tables for GPIO lookup
[    0.629165] i2c i2c-2: No GPIO consumer scl found
[    0.629187] i2c i2c-2: using DT '/ocp/interconnect@48000000/segment@100000/target-module@9c000/i2c@0' for 'sda' GPIO lookup
[    0.629222] of_get_named_gpiod_flags: can't parse 'sda-gpios' property of node '/ocp/interconnect@48000000/segment@100000/target-module@9c000/i2c@0[0]'
[    0.629257] of_get_named_gpiod_flags: can't parse 'sda-gpio' property of node '/ocp/interconnect@48000000/segment@100000/target-module@9c000/i2c@0[0]'
[    0.629288] i2c i2c-2: using lookup tables for GPIO lookup
[    0.629295] i2c i2c-2: No GPIO consumer sda found
[    0.630026] omap_i2c 4819c000.i2c: bus 2 rev0.11 at 100 kHz
[    0.635739] gpiochip_find_base_unlocked: found new base at 544
[    0.635844] gpio gpiochip1: (gpio-32-63): created GPIO range 0->17 ==> 44e10800.pinmux PIN 34->51
[    0.635863] gpio gpiochip1: (gpio-32-63): created GPIO range 18->21 ==> 44e10800.pinmux PIN 77->80
[    0.635879] gpio gpiochip1: (gpio-32-63): created GPIO range 22->31 ==> 44e10800.pinmux PIN 56->65
[    0.657435] gpio gpiochip1: (gpio-32-63): added GPIO chardev (254:1)
[    0.657613] gpio gpiochip1: registered GPIOs 544 to 575 on gpio-32-63
[    0.659877] gpiochip_find_base_unlocked: found new base at 576
[    0.659970] gpio gpiochip2: (gpio-64-95): created GPIO range 0->4 ==> 44e10800.pinmux PIN 66->70
[    0.659990] gpio gpiochip2: (gpio-64-95): created GPIO range 5->6 ==> 44e10800.pinmux PIN 98->99
[    0.660005] gpio gpiochip2: (gpio-64-95): created GPIO range 7->8 ==> 44e10800.pinmux PIN 75->76
[    0.660020] gpio gpiochip2: (gpio-64-95): created GPIO range 13->13 ==> 44e10800.pinmux PIN 141->141
[    0.660036] gpio gpiochip2: (gpio-64-95): created GPIO range 14->21 ==> 44e10800.pinmux PIN 100->107
[    0.660691] gpio gpiochip2: (gpio-64-95): added GPIO chardev (254:2)
[    0.660827] gpio gpiochip2: registered GPIOs 576 to 607 on gpio-64-95
[    0.666612] 48000000.interconnect:segment@200000:target-module@0:mpu@0:fck: device ID is greater than 24
[    0.667487] /ocp/interconnect@48000000/segment@300000/target-module@e000/lcdc@0: Fixed dependency cycle(s) with /ocp/interconnect@44c00000/segment@200000/target-module@b000/i2c@0/tda19988@70
[    0.670267] /ocp/interconnect@48000000/segment@300000/target-module@e000/lcdc@0: Fixed dependency cycle(s) with /ocp/interconnect@44c00000/segment@200000/target-module@b000/i2c@0/tda19988@70
[    0.670969] /ocp/interconnect@44c00000/segment@200000/target-module@b000/i2c@0/tda19988@70: Fixed dependency cycle(s) with /ocp/interconnect@48000000/segment@300000/target-module@e000/lcdc@0
[    0.671143] /ocp/interconnect@48000000/segment@300000/target-module@e000/lcdc@0: Fixed dependency cycle(s) with /ocp/interconnect@44c00000/segment@200000/target-module@b000/i2c@0/tda19988@70
[    0.680868] mdio_bus 4a101000.mdio: using DT '/ocp/interconnect@4a000000/segment@0/target-module@100000/switch@0/mdio@1000' for 'reset' GPIO lookup
[    0.680941] of_get_named_gpiod_flags: can't parse 'reset-gpios' property of node '/ocp/interconnect@4a000000/segment@0/target-module@100000/switch@0/mdio@1000[0]'
[    0.680986] of_get_named_gpiod_flags: can't parse 'reset-gpio' property of node '/ocp/interconnect@4a000000/segment@0/target-module@100000/switch@0/mdio@1000[0]'
[    0.681032] mdio_bus 4a101000.mdio: using lookup tables for GPIO lookup
[    0.681041] mdio_bus 4a101000.mdio: No GPIO consumer reset found
[    0.682093] sdhci-omap 481d8000.mmc: using DT '/ocp/interconnect@48000000/segment@100000/target-module@d8000/mmc@0' for 'wp' GPIO lookup
[    0.682154] of_get_named_gpiod_flags: can't parse 'wp-gpios' property of node '/ocp/interconnect@48000000/segment@100000/target-module@d8000/mmc@0[0]'
[    0.682197] of_get_named_gpiod_flags: can't parse 'wp-gpio' property of node '/ocp/interconnect@48000000/segment@100000/target-module@d8000/mmc@0[0]'
[    0.682231] sdhci-omap 481d8000.mmc: using lookup tables for GPIO lookup
[    0.682240] sdhci-omap 481d8000.mmc: No GPIO consumer wp found
[    0.682432] sdhci-omap 481d8000.mmc: supply pbias not found, using dummy regulator
[    0.697987] sdhci-omap 481d8000.mmc: supply vqmmc not found, using dummy regulator
[    0.738095] davinci_mdio 4a101000.mdio: davinci mdio revision 1.6, bus freq 1000000
[    0.752485] mdio_bus 4a101000.mdio:00: using DT '/ocp/interconnect@4a000000/segment@0/target-module@100000/switch@0/mdio@1000/ethernet-phy@0' for 'reset' GPIO lookup
[    0.752586] of_get_named_gpiod_flags: parsed 'reset-gpios' property of node '/ocp/interconnect@4a000000/segment@0/target-module@100000/switch@0/mdio@1000/ethernet-phy@0[0]' - status (0)
[    0.752753] gpio gpiochip0: Persistence not supported for GPIO 8
[    0.874864] davinci_mdio 4a101000.mdio: phy[0]: device 4a101000.mdio:00, driver SMSC LAN8710/LAN8720
[    0.875636] cpsw-switch 4a100000.switch: initialized cpsw ale version 1.4
[    0.875660] cpsw-switch 4a100000.switch: ALE Table size 1024, Policers 0
[    0.875811] cpsw-switch 4a100000.switch: cpts: overflow check period 500 (jiffies)
[    0.875826] cpsw-switch 4a100000.switch: CPTS: ref_clk_freq:250000000 calc_mult:2147483648 calc_shift:29 error:0 nsec/sec
[    0.875939] cpsw-switch 4a100000.switch: Detected MACID = 6c:ec:eb:68:de:78
[    0.877792] cpsw-switch 4a100000.switch: initialized (regs 0x4a100000, pool size 256) hw_ver:0019010C 1.12 (0)
[    0.888873] debugfs: Directory '49000000.dma' with parent 'dmaengine' already present!
[    0.888920] edma 49000000.dma: TI EDMA DMA engine driver
[    0.933607] target-module@4b000000:target-module@140000:pmu@0:fck: device ID is greater than 24
[    0.956490] hw perfevents: enabled with armv7_cortex_a8 PMU driver, 5 (8000000f) counters available
[    0.957424] gpio-clk clk_mcasp0: using DT '/clk_mcasp0' for 'enable' GPIO lookup
[    0.957494] of_get_named_gpiod_flags: parsed 'enable-gpios' property of node '/clk_mcasp0[0]' - status (0)
[    0.957538] gpio gpiochip0: Persistence not supported for GPIO 27
[    0.958329] gpiochip_find_base_unlocked: found new base at 608
[    0.958433] gpio gpiochip3: (gpio-96-127): created GPIO range 0->7 ==> 44e10800.pinmux PIN 82->89
[    0.958453] gpio gpiochip3: (gpio-96-127): created GPIO range 8->11 ==> 44e10800.pinmux PIN 52->55
[    0.958469] gpio gpiochip3: (gpio-96-127): created GPIO range 12->15 ==> 44e10800.pinmux PIN 94->97
[    0.958485] gpio gpiochip3: (gpio-96-127): created GPIO range 16->17 ==> 44e10800.pinmux PIN 71->72
[    0.958500] gpio gpiochip3: (gpio-96-127): created GPIO range 18->18 ==> 44e10800.pinmux PIN 135->135
[    0.958516] gpio gpiochip3: (gpio-96-127): created GPIO range 19->20 ==> 44e10800.pinmux PIN 108->109
[    0.958533] gpio gpiochip3: (gpio-96-127): created GPIO range 21->21 ==> 44e10800.pinmux PIN 73->73
[    0.958549] gpio gpiochip3: (gpio-96-127): created GPIO range 22->23 ==> 44e10800.pinmux PIN 8->9
[    0.958566] gpio gpiochip3: (gpio-96-127): created GPIO range 26->27 ==> 44e10800.pinmux PIN 10->11
[    0.958583] gpio gpiochip3: (gpio-96-127): created GPIO range 28->28 ==> 44e10800.pinmux PIN 74->74
[    0.958601] gpio gpiochip3: (gpio-96-127): created GPIO range 29->29 ==> 44e10800.pinmux PIN 81->81
[    0.958619] gpio gpiochip3: (gpio-96-127): created GPIO range 30->31 ==> 44e10800.pinmux PIN 28->29
[    0.964184] l3-aon-clkctrl:0000:0: failed to disable
[    0.975573] gpio gpiochip3: (gpio-96-127): added GPIO chardev (254:3)
[    0.975728] gpio gpiochip3: registered GPIOs 608 to 639 on gpio-96-127
[    0.977588] omap8250 44e09000.serial: using DT '/ocp/interconnect@44c00000/segment@200000/target-module@9000/serial@0' for 'rs485-term' GPIO lookup
[    0.977657] of_get_named_gpiod_flags: can't parse 'rs485-term-gpios' property of node '/ocp/interconnect@44c00000/segment@200000/target-module@9000/serial@0[0]'
[    0.977700] of_get_named_gpiod_flags: can't parse 'rs485-term-gpio' property of node '/ocp/interconnect@44c00000/segment@200000/target-module@9000/serial@0[0]'
[    0.977736] omap8250 44e09000.serial: using lookup tables for GPIO lookup
[    0.977745] omap8250 44e09000.serial: No GPIO consumer rs485-term found
[    0.977755] omap8250 44e09000.serial: using DT '/ocp/interconnect@44c00000/segment@200000/target-module@9000/serial@0' for 'rs485-rx-during-tx' GPIO lookup
[    0.977790] of_get_named_gpiod_flags: can't parse 'rs485-rx-during-tx-gpios' property of node '/ocp/interconnect@44c00000/segment@200000/target-module@9000/serial@0[0]'
[    0.977826] of_get_named_gpiod_flags: can't parse 'rs485-rx-during-tx-gpio' property of node '/ocp/interconnect@44c00000/segment@200000/target-module@9000/serial@0[0]'
[    0.977857] omap8250 44e09000.serial: using lookup tables for GPIO lookup
[    0.977865] omap8250 44e09000.serial: No GPIO consumer rs485-rx-during-tx found
[    0.978225] 44e09000.serial: ttyS0 at MMIO 0x44e09000 (irq = 34, base_baud = 3000000) is a 8250
[    0.978318] printk: legacy console [ttyS0] enabled
[    2.482602] i2c i2c-0: using DT '/ocp/interconnect@44c00000/segment@200000/target-module@b000/i2c@0' for 'scl' GPIO lookup
[    2.482690] of_get_named_gpiod_flags: can't parse 'scl-gpios' property of node '/ocp/interconnect@44c00000/segment@200000/target-module@b000/i2c@0[0]'
[    2.482737] of_get_named_gpiod_flags: can't parse 'scl-gpio' property of node '/ocp/interconnect@44c00000/segment@200000/target-module@b000/i2c@0[0]'
[    2.482777] i2c i2c-0: using lookup tables for GPIO lookup
[    2.482790] i2c i2c-0: No GPIO consumer scl found
[    2.482815] i2c i2c-0: using DT '/ocp/interconnect@44c00000/segment@200000/target-module@b000/i2c@0' for 'sda' GPIO lookup
[    2.482854] of_get_named_gpiod_flags: can't parse 'sda-gpios' property of node '/ocp/interconnect@44c00000/segment@200000/target-module@b000/i2c@0[0]'
[    2.482894] of_get_named_gpiod_flags: can't parse 'sda-gpio' property of node '/ocp/interconnect@44c00000/segment@200000/target-module@b000/i2c@0[0]'
[    2.482929] i2c i2c-0: using lookup tables for GPIO lookup
[    2.482939] i2c i2c-0: No GPIO consumer sda found
[    2.502275] tps65217-pmic: Failed to locate of_node [id: -1]
[    2.508326] tps65217-bl: Failed to locate of_node [id: -1]
[    2.515764] platform tps65217-charger: DMA mask not set
[    2.523090] platform tps65217-pwrbutton: DMA mask not set
[    2.530877] tps65217 0-0024: TPS65217 ID 0xe version 1.2
