Labgrid Console Logfile for main
Logfile started at 2025-08-15 13:50:30.306876
=== Log starts here ===
reading args
spl_load_image_fat_os: error reading image args, err - -1
reading u-boot.img
reading u-boot.img


U-Boot 2014.04-00014-g47880f5 (Apr 22 2014 - 13:23:54)

I2C:   ready
DRAM:  512 MiB
NAND:  0 MiB
MMC:   OMAP SD/MMC: 0, OMAP SD/MMC: 1
*** Warning - readenv() failed, using default environment

Net:   <ethaddr> not set. Validating first E-fuse MAC
cpsw, usb_ether
Hit any key to stop autoboot:  1  0 
gpio: pin 53 (gpio 53) value is 1
mmc0 is current device
gpio: pin 54 (gpio 54) value is 1
SD/MMC found on device 0
reading uEnv.txt
569 bytes read in 3 ms (184.6 KiB/s)
gpio: pin 55 (gpio 55) value is 1
Loaded environment from uEnv.txt
Importing environment from mmc ...
Checking if uenvcmd is set ...
gpio: pin 56 (gpio 56) value is 1
Running uenvcmd ...
cpsw Waiting for PHY auto negotiation to complete. done
link up on port 0, speed 100, full duplex
Using cpsw device
TFTP from server 192.168.255.126; our IP address is 192.168.255.1
Filename 'zImage'.
Load address: 0x81000000
Loading: *#################################################################
	 #################################################################
	 #################################################################
	 #################################################################
	 #################################################################
	 #############################
	 2.4 MiB/s
done
Bytes transferred = 5186216 (4f22a8 hex)
link up on port 0, speed 100, full duplex
Using cpsw device
TFTP from server 192.168.255.126; our IP address is 192.168.255.1
Filename 'am335x-boneblack.dtb'.
Load address: 0x82000000
Loading: *#######
	 1.7 MiB/s
done
Bytes transferred = 97756 (17ddc hex)
Kernel image @ 0x81000000 [ 0x000000 - 0x4f22a8 ]
## Flattened Device Tree blob at 82000000
   Booting using the fdt blob at 0x82000000
   Using Device Tree in place at 82000000, end 8201addb

Starting kernel ...

[    0.000000] Booting Linux on physical CPU 0x0
[    0.000000] Linux version 6.1.148 (user01@drvtest01) (arm-none-eabi-gcc (Arm GNU Toolchain 14.2.Rel1 (Build arm-14.52)) 14.2.1 20241119, GNU ld (Arm GNU Toolchain 14.2.Rel1 (Build arm-14.52)) 2.43.1.20241119) #1 SMP Fri Aug 15 13:44:14 EEST 2025
[    0.000000] CPU: ARMv7 Processor [413fc082] revision 2 (ARMv7), cr=10c5387d
[    0.000000] CPU: PIPT / VIPT nonaliasing data cache, VIPT aliasing instruction cache
[    0.000000] OF: fdt: Machine model: TI AM335x BeagleBone Black
[    0.000000] Memory policy: Data cache writeback
[    0.000000] cma: Reserved 16 MiB at 0x9ec00000
[    0.000000] Zone ranges:
[    0.000000]   Normal   [mem 0x0000000080000000-0x000000009fdfffff]
[    0.000000]   HighMem  empty
[    0.000000] Movable zone start for each node
[    0.000000] Early memory node ranges
[    0.000000]   node   0: [mem 0x0000000080000000-0x000000009fdfffff]
[    0.000000] Initmem setup node 0 [mem 0x0000000080000000-0x000000009fdfffff]
[    0.000000] CPU: All CPU(s) started in SVC mode.
[    0.000000] AM335X ES2.1 (sgx neon)
[    0.000000] percpu: Embedded 16 pages/cpu s34196 r8192 d23148 u65536
[    0.000000] Built 1 zonelists, mobility grouping on.  Total pages: 129412
[    0.000000] Kernel command line: console=ttyO0,115200n8 root=/dev/nfs rw nfsroot=192.168.255.126:/home/user01/nfs,nfsvers=3 ip=192.168.255.1:192.168.255.126::255.255.255.0:bbb1:eth0 nfsrootdebug
[    0.000000] Unknown kernel command line parameters "nfsrootdebug", will be passed to user space.
[    0.000000] Dentry cache hash table entries: 65536 (order: 6, 262144 bytes, linear)
[    0.000000] Inode-cache hash table entries: 32768 (order: 5, 131072 bytes, linear)
[    0.000000] mem auto-init: stack:off, heap alloc:off, heap free:off
[    0.000000] Memory: 484644K/522240K available (10240K kernel code, 1145K rwdata, 2604K rodata, 1024K init, 286K bss, 21212K reserved, 16384K cma-reserved, 0K highmem)
[    0.000000] SLUB: HWalign=64, Order=0-3, MinObjects=0, CPUs=1, Nodes=1
[    0.000000] trace event string verifier disabled
[    0.000000] rcu: Hierarchical RCU implementation.
[    0.000000] rcu: 	RCU event tracing is enabled.
[    0.000000] rcu: 	RCU restricting CPUs from NR_CPUS=2 to nr_cpu_ids=1.
[    0.000000] rcu: RCU calculated value of scheduler-enlistment delay is 10 jiffies.
[    0.000000] rcu: Adjusting geometry for rcu_fanout_leaf=16, nr_cpu_ids=1
[    0.000000] NR_IRQS: 16, nr_irqs: 16, preallocated irqs: 16
[    0.000000] IRQ: Found an INTC at 0x(ptrval) (revision 5.0) with 128 interrupts
[    0.000000] rcu: srcu_init: Setting srcu_struct sizes based on contention.
[    0.000000] TI gptimer clocksource: always-on /ocp/interconnect@44c00000/segment@200000/target-module@31000
[    0.000003] sched_clock: 32 bits at 24MHz, resolution 41ns, wraps every 89478484971ns
[    0.000026] clocksource: dmtimer: mask: 0xffffffff max_cycles: 0xffffffff, max_idle_ns: 79635851949 ns
[    0.000442] TI gptimer clockevent: 24000000 Hz at /ocp/interconnect@48000000/segment@0/target-module@40000
[    0.001977] Console: colour dummy device 80x30
[    0.002024] WARNING: Your 'console=ttyO0' has been replaced by 'ttyS0'
[    0.002032] This ensures that you still see kernel messages. Please
[    0.002037] update your kernel commandline.
[    0.002078] Calibrating delay loop... 996.14 BogoMIPS (lpj=4980736)
[    0.090484] CPU: Testing write buffer coherency: ok
[    0.090581] CPU0: Spectre v2: using BPIALL workaround
[    0.090592] pid_max: default: 32768 minimum: 301
[    0.090721] LSM: Security Framework initializing
[    0.090894] Mount-cache hash table entries: 1024 (order: 0, 4096 bytes, linear)
[    0.090912] Mountpoint-cache hash table entries: 1024 (order: 0, 4096 bytes, linear)
[    0.092402] CPU0: thread -1, cpu 0, socket -1, mpidr 0
[    0.093654] Setting up static identity map for 0x80100000 - 0x80100078
[    0.093887] rcu: Hierarchical SRCU implementation.
[    0.093895] rcu: 	Max phase no-delay instances is 1000.
[    0.095201] smp: Bringing up secondary CPUs ...
[    0.095219] smp: Brought up 1 node, 1 CPU
[    0.095229] SMP: Total of 1 processors activated (996.14 BogoMIPS).
[    0.095240] CPU: All CPU(s) started in SVC mode.
[    0.096132] devtmpfs: initialized
[    0.111751] VFP support v0.3: implementor 41 architecture 3 part 30 variant c rev 3
[    0.112063] clocksource: jiffies: mask: 0xffffffff max_cycles: 0xffffffff, max_idle_ns: 19112604462750000 ns
[    0.112098] futex hash table entries: 256 (order: 2, 16384 bytes, linear)
[    0.113388] pinctrl core: initialized pinctrl subsystem
[    0.115296] NET: Registered PF_NETLINK/PF_ROUTE protocol family
[    0.117291] DMA: preallocated 256 KiB pool for atomic coherent allocations
[    0.117860] audit: initializing netlink subsys (disabled)
[    0.119051] thermal_sys: Registered thermal governor 'fair_share'
[    0.119070] thermal_sys: Registered thermal governor 'step_wise'
[    0.119076] thermal_sys: Registered thermal governor 'user_space'
[    0.119198] cpuidle: using governor menu
[    0.135825] /ocp/interconnect@44c00000/segment@200000/target-module@b000/i2c@0/tda19988@70: Fixed dependency cycle(s) with /ocp/interconnect@48000000/segment@300000/target-module@e000/lcdc@0
[    0.136862] /ocp/interconnect@48000000/segment@300000/target-module@e000/lcdc@0: Fixed dependency cycle(s) with /ocp/interconnect@44c00000/segment@200000/target-module@b000/i2c@0/tda19988@70
[    0.138872] No ATAGs?
[    0.138887] hw-breakpoint: debug architecture 0x4 unsupported.
[    0.147529] audit: type=2000 audit(0.110:1): state=initialized audit_enabled=0 res=1
[    0.147823] kprobes: kprobe jump-optimization is enabled. All kprobes are optimized if possible.
[    0.164599] iommu: Default domain type: Translated 
[    0.164611] iommu: DMA domain TLB invalidation policy: strict mode 
[    0.166046] SCSI subsystem initialized
[    0.166895] pps_core: LinuxPPS API ver. 1 registered
[    0.166905] pps_core: Software ver. 5.3.6 - Copyright 2005-2007 Rodolfo Giometti <giometti@linux.it>
[    0.166934] PTP clock support registered
[    0.180635] vgaarb: loaded
[    0.180960] clocksource: Switched to clocksource dmtimer
[    0.181559] VFS: Disk quotas dquot_6.6.0
[    0.181632] VFS: Dquot-cache hash table entries: 1024 (order 0, 4096 bytes)
[    0.198123] NET: Registered PF_INET protocol family
[    0.198460] IP idents hash table entries: 8192 (order: 4, 65536 bytes, linear)
[    0.199827] tcp_listen_portaddr_hash hash table entries: 512 (order: 0, 4096 bytes, linear)
[    0.199875] Table-perturb hash table entries: 65536 (order: 6, 262144 bytes, linear)
[    0.199893] TCP established hash table entries: 4096 (order: 2, 16384 bytes, linear)
[    0.199942] TCP bind hash table entries: 4096 (order: 4, 65536 bytes, linear)
[    0.200042] TCP: Hash tables configured (established 4096 bind 4096)
[    0.200159] UDP hash table entries: 256 (order: 1, 8192 bytes, linear)
[    0.200186] UDP-Lite hash table entries: 256 (order: 1, 8192 bytes, linear)
[    0.200361] NET: Registered PF_UNIX/PF_LOCAL protocol family
[    0.216685] RPC: Registered named UNIX socket transport module.
[    0.216706] RPC: Registered udp transport module.
[    0.216711] RPC: Registered tcp transport module.
[    0.216716] RPC: Registered tcp NFSv4.1 backchannel transport module.
[    0.216736] PCI: CLS 0 bytes, default 64
[    0.218203] Initialise system trusted keyrings
[    0.219181] workingset: timestamp_bits=14 max_order=17 bucket_order=3
[    0.228536] NFS: Registering the id_resolver key type
[    0.228614] Key type id_resolver registered
[    0.228621] Key type id_legacy registered
[    0.228673] jffs2: version 2.2. (NAND) (SUMMARY)  Â© 2001-2006 Red Hat, Inc.
[    0.229396] Key type asymmetric registered
[    0.229411] Asymmetric key parser 'x509' registered
[    0.229557] io scheduler mq-deadline registered
[    0.229569] io scheduler kyber registered
[    0.229802] io scheduler bfq registered
[    0.233438] hw perfevents: enabled with armv7_cortex_a8 PMU driver, 5 counters available
[    0.241681] l3-aon-clkctrl:0000:0: failed to disable
[    0.242010] Serial: 8250/16550 driver, 6 ports, IRQ sharing enabled
[    0.276280] brd: module loaded
[    0.297522] loop: module loaded
[    0.298414] mtdoops: mtd device (mtddev=name/number) must be supplied
[    0.300893] i2c_dev: i2c /dev entries driver
[    0.301984] cpuidle: enable-method property 'ti,am3352' found operations
[    0.302409] sdhci: Secure Digital Host Controller Interface driver
[    0.302420] sdhci: Copyright(c) Pierre Ossman
[    0.302595] sdhci-pltfm: SDHCI platform and OF driver helper
[    0.302843] ledtrig-cpu: registered to indicate activity on CPUs
[    0.303584] Initializing XFRM netlink socket
[    0.304151] NET: Registered PF_INET6 protocol family
[    0.315224] Segment Routing with IPv6
[    0.315299] In-situ OAM (IOAM) with IPv6
[    0.315392] sit: IPv6, IPv4 and MPLS over IPv4 tunneling driver
[    0.316279] NET: Registered PF_PACKET protocol family
[    0.316307] NET: Registered PF_KEY protocol family
[    0.316439] Key type dns_resolver registered
[    0.316552] ThumbEE CPU extension supported.
[    0.316569] Registering SWP/SWPB emulation handler
[    0.317080] omap_voltage_late_init: Voltage driver support not added
[    0.317695] SmartReflex Class3 initialized
[    0.318638] Loading compiled-in X.509 certificates
[    0.407435] /ocp/interconnect@44c00000/segment@200000/target-module@b000/i2c@0/tda19988@70: Fixed dependency cycle(s) with /ocp/interconnect@48000000/segment@300000/target-module@e000/lcdc@0
[    0.413545] /ocp/interconnect@44c00000/segment@200000/target-module@b000/i2c@0/tda19988@70: Fixed dependency cycle(s) with /ocp/interconnect@48000000/segment@300000/target-module@e000/lcdc@0
[    0.421183] /ocp/interconnect@44c00000/segment@200000/target-module@b000/i2c@0/tda19988@70: Fixed dependency cycle(s) with /ocp/interconnect@48000000/segment@300000/target-module@e000/lcdc@0
[    0.422049] /ocp/interconnect@44c00000/segment@200000/target-module@b000/i2c@0/tda19988@70: Fixed dependency cycle(s) with /ocp/interconnect@48000000/segment@300000/target-module@e000/lcdc@0
[    0.425140] /ocp/interconnect@44c00000/segment@200000/target-module@10000/scm@0/pinmux@800: Fixed dependency cycle(s) with /ocp/interconnect@44c00000/segment@200000/target-module@10000/scm@0/pinmux@800/pinmux_clkout2_pin
[    0.425723] pinctrl-single 44e10800.pinmux: 142 pins, size 568
[    0.430406] ti-sysc: probe of 44e31000.target-module failed with error -16
[    0.470436] /ocp/interconnect@48000000/segment@300000/target-module@e000/lcdc@0: Fixed dependency cycle(s) with /ocp/interconnect@44c00000/segment@200000/target-module@b000/i2c@0/tda19988@70
[    0.477771] ti-sysc: probe of 48040000.target-module failed with error -16
[    0.488254] gpio gpiochip0: (gpio-0-31): not an immutable chip, please consider fixing it!
[    0.515086] OMAP GPIO hardware version 0.1
[    0.534130] omap_i2c 4819c000.i2c: bus 2 rev0.11 at 100 kHz
[    0.539344] gpio gpiochip1: (gpio-32-63): not an immutable chip, please consider fixing it!
[    0.557737] gpio gpiochip2: (gpio-64-95): not an immutable chip, please consider fixing it!
[    0.564240] /ocp/interconnect@48000000/segment@300000/target-module@e000/lcdc@0: Fixed dependency cycle(s) with /ocp/interconnect@44c00000/segment@200000/target-module@b000/i2c@0/tda19988@70
[    0.566821] /ocp/interconnect@48000000/segment@300000/target-module@e000/lcdc@0: Fixed dependency cycle(s) with /ocp/interconnect@44c00000/segment@200000/target-module@b000/i2c@0/tda19988@70
[    0.567468] /ocp/interconnect@44c00000/segment@200000/target-module@b000/i2c@0/tda19988@70: Fixed dependency cycle(s) with /ocp/interconnect@48000000/segment@300000/target-module@e000/lcdc@0
[    0.567625] /ocp/interconnect@48000000/segment@300000/target-module@e000/lcdc@0: Fixed dependency cycle(s) with /ocp/interconnect@44c00000/segment@200000/target-module@b000/i2c@0/tda19988@70
[    0.577823] sdhci-omap 481d8000.mmc: supply pbias not found, using dummy regulator
[    0.578262] sdhci-omap 481d8000.mmc: supply vqmmc not found, using dummy regulator
[    0.634571] davinci_mdio 4a101000.mdio: davinci mdio revision 1.6, bus freq 1000000
[    0.811244] davinci_mdio 4a101000.mdio: phy[0]: device 4a101000.mdio:00, driver SMSC LAN8710/LAN8720
[    0.811833] cpsw-switch 4a100000.switch: ini tialized cpsw ale version 1.4
[    0.811853] cpsw-switch 4a100000.switch: ALE Table size 1024
[    0.812142] cpsw-switch 4a100000.switch: cpts: overflow check period 500 (jiffies)
[    0.812162] cpsw-switch 4a100000.switch: CPTS: ref_clk_freq:250000000 calc_mult:2147483648 calc_shift:29 error:0 nsec/sec
[    0.812254] cpsw-switch 4a100000.switch: Detected MACID = 6c:ec:eb:68:de:78
[    0.813934] cpsw-switch 4a100000.switch: initialized (regs 0x4a100000, pool size 256) hw_ver:0019010C 1.12 (0)
[    0 .823920] debugfs: Directory '49000000.dma' with parent 'dmaengine' already present!
[    0.823961] edma 49000000.dma: TI EDMA DMA engine driver
[    0.871582] gpio gpiochip3: (gpio-96-127): not an immutable chip, please consider fixing it!
[    0.874284] 44e09000.serial: ttyS0 at MMIO 0x44e09000 (irq = 34, base_baud = 3000000) is a 8250
[    2.168938] printk: console [ttyS0] enabled
[    2.201840] tps65217-pmic: Failed to locate of_node [id: -1]
[    2.217671] tps65217-bl: Failed to locate of_node [id: -1]
[    2.226329] tps65217 0-0024: TPS65217 ID 0xe version 1.2
[    2.232346] /ocp/interconnect@48000000/segment@300000/target-module@e000/lcdc@0: Fixed dependency cycle(s) with /ocp/interconnect@44c00000/segment@200000/target-module@b000/i2c@0/tda19988@70
[    2.249694] /ocp/interconnect@44c00000/segment@200000/target-module@b000/i2c@0/tda19988@70: Fixed dependency cycle(s) with /ocp/interconnect@48000000/segment@300000/target-module@e000/lcdc@0
[    2.267034] omap_i2c 44e0b000.i2c: bus 0 rev0.11 at 400 kHz
[    2.274569] omap_gpio 44e07000.gpio: Could not set line 6 debounce to 200000 microseconds (-22)
[    2.283417] sdhci-omap 48060000.mmc: Got CD GPIO
[    2.288384] sdhci-omap 48060000.mmc: supply pbias not found, using dummy regulator
[    2.297860] sdhci-omap 48060000.mmc: supply vqmmc not found, using dummy regulator
[    2.308812] sdhci-omap 481d8000.mmc: supply pbias not found, using dummy regulator
[    2.317191] sdhci-omap 481d8000.mmc: supply vqmmc not found, using dummy regulator
[  
[    5.681713] cpsw-switch 4a100000.switch eth0: Link is Up - 100Mbps/Full - flow control off
[    5.690107] IPv6: ADDRCONF(NETDEV_CHANGE): eth0: link becomes ready
[    5.740977] IP-Config: Complete:
[    5.744248]      device=eth0, hwaddr=6c:ec:eb:68:de:78, ipaddr=192.168.255.1, mask=255.255.255.0, gw=255.255.255.255
[    5.754869]      host=bbb1, domain=, nis-domain=(none)
[    5.760033]      bootserver=192.168.255.126, rootserver=192.168.255.126, rootpath=
[    5.760465] clk: Disabling unused clocks
[    5.772331] KTAP version 1
[    5.775060] 1..0
[    5.798546] VFS: Mounted root (nfs filesystem) on device 0:16.
[    5.805625] devtmpfs: mounted
[    5.809975] Freeing unused kernel image (initmem) memory: 1024K
[    5.816622] Run /sbin/init as init process
[    6.495923] systemd[1]: System time before build time, advancing clock.
[    7.940967] random: crng init done
[    8.012404] systemd[1]: systemd 232 running in system mode. (+PAM +AUDIT +SELINUX +IMA +APPARMOR +SMACK +SYSVINIT +UTMP +LIBCRYPTSETUP +GCRYPT +GNUTLS +ACL +XZ +LZ4 +SECCOMP +BLKID +ELFUTILS +KMOD +IDN)
[    8.031583] systemd[1]: Detected architecture arm.

Welcome to [1mDebian GNU/Linux 9 (stretch)[0m!

[    8.073780] systemd[1]: Set hostname to <arm>.
[    9.125787] systemd[1]: Listening on Journal Audit Socket.
[[0;32m  OK  [0m] Listening on Journal Audit Socket.
[    9.163079] systemd[1]: Listening on udev Control Socket.
[[0;32m  OK  [0m] Listening on udev Control Socket.
[    9.202796] systemd[1]: Listening on /dev/initctl Compatibility Named Pipe.
[[0;32m  OK  [0m] Listening on /dev/initctl Compatibility Named Pipe.
[    9.241903] systemd[1]: Started Dispatch Password Requests to Console Directory Watch.
[[0;32m  OK  [0m] Started Dispatch Password Requests to Console Directory Watch.
[    9.281282] systemd[1]: Reached target Swap.
[[0;32m  OK  [0m] Reached target Swap.
[    9.312458] systemd[1]: Created slice System Slice.
[[0;32m  OK  [0m] Created slice System Slice.
[    9.352318] systemd[1]: Created slice system-serial\x2dgetty.slice.
[[0;32m  OK  [0m] Created slice system-serial\x2dgetty.slice.
[[0;32m  OK  [0m] Created slice system-getty.slice.
         Mounting Debug File System...
[[0;32m  OK  [0m] Created slice User and Session Slice.
[[0;32m  OK  [0m] Listening on Journal Socket (/dev/log).
[[0;32m  OK  [0m] Listening on Journal Socket.
         Starting Load Kernel Modules...
         Starting Remount Root and Kernel File Systems...
[[0;32m  OK  [0m] Started Forward Password Requests to Wall Directory Watch.
[[0;32m  OK  [0m] Reached target Paths.
[[0;32m  OK  [0m] Set up automount Arbitrary Executabâ€¦rmats File System Automount Point.
         Starting Create list of required stâ€¦ce nodes for the current kernel...
[[0;32m  OK  [0m] Reached target Slices.
[[0;32m  OK  [0m] Reached target Remote File Systems.
[[0;32m  OK  [0m] Listening on Syslog Socket.
         Starting Journal Service...
         Mounting POSIX Message Queue File System...
[[0;32m  OK  [0m] Reached target Encrypted Volumes.
[[0;32m  OK  [0m] Listening on udev Kernel Socket.
[[0;32m  OK  [0m] Mounted Debug File System.
[[0;32m  OK  [0m] Started Load Kernel Modules.
[[0;32m  OK  [0m] Started Remount Root and Kernel File Systems.
[[0;32m  OK  [0m] Started Create list of required staâ€¦vice nodes for the current kernel.
[[0;32m  OK  [0m] Mounted POSIX Message Queue File System.
         Starting Create Static Device Nodes in /dev...
         Starting udev Coldplug all Devices...
         Starting Load/Save Random Seed...
         Starting Apply Kernel Variables...
         Mounting Configuration File System...
[[0;32m  OK  [0m] Mounted Configuration File System.
[[0;32m  OK  [0m] Started Load/Save Random Seed.
[[0;32m  OK  [0m] Started Apply Kernel Variables.
[[0;32m  OK  [0m] Started Create Static Device Nodes in /dev.
         Starting udev Kernel Device Manager...
[[0;32m  OK  [0m] Reached target Local File Systems (Pre).
[[0;32m  OK  [0m] Reached target Local File Systems.
         Starting Raise network interfaces...
[[0;32m  OK  [0m] Started Journal Service.
         Starting Flush Journal to Persistent Storage...
[   11.649967] systemd-journald[103]: Received request to flush runtime journal from PID 1
[[0;32m  OK  [0m] Started Flush Journal to Persistent Storage.
         Starting Create Volatile Files and Directories...
[[0;32m  OK  [0m] Started udev Kernel Device Manager.
[[0;32m  OK  [0m] Started Create Volatile Files and Directories.
         Starting Update UTMP about System Boot/Shutdown...
         Starting Network Time Synchronization...
[[0;32m  OK  [0m] Started Update UTMP about System Boot/Shutdown.
[[0;32m  OK  [0m] Started Network Time Synchronization.
[[0;32m  OK  [0m] Reached target System Time Synchronized.
[[0;32m  OK  [0m] Started udev Coldplug all Devices.
[[0;32m  OK  [0m] Reached target System Initialization.
[[0;32m  OK  [0m] Started Daily Cleanup of Temporary Directories.
[[0;32m  OK  [0m] Listening on Avahi mDNS/DNS-SD Stack Activation Socket.
[[0;32m  OK  [0m] Listening on D-Bus System Message Bus Socket.
[[0;32m  OK  [0m] Reached target Sockets.
[[0;32m  OK  [0m] Reached target Basic System.
[   14.813448] remoteproc remoteproc0: wkup_m3 is available
         Starting Generic Board Startup...
[   14.918187] at24 2-0054: supply vcc not found, using dummy regulator
[[0;32m  OK  [0m] Started Regular background program processing daemon.
[   15.093645] at24 2-0055: supply vcc not found, using dummy regulator
         Starting Avahi mDNS/DNS-SD Stack...
[   15.238801] at24 2-0056: supply vcc not found, using dummy regulator
         Starting Cape Manager Service...
         Starting Login Service...
[   15.357567] at24 2-0057: supply vcc not found, using dummy regulator
[   15.492366] at24 0-0050: 32768 byte 24c256 EEPROM, writable, 1 bytes/write
         Starting System Logging Service...
         Starting LSB: Start busybox udhcpd at boot time...
         Starting Telephony service...
         Starting LSB: Load kernel modules needed to enable cpufreq scaling...
[   15.876310] tps6521x_pwrbutton tps65217-pwrbutton: DMA mask not set
[   15.890003] wkup_m3_ipc 44e11324.wkup_m3_ipc: IPC Request for A8->M3 Channel failed! -517
         Starting DUN service...
[   15.977091] input: tps65217_pwrbutton as /devices/platform/ocp/44c00000.interconnect/44c00000.interconnect:segment@200000/44e0b000.target-module/44e0b000.i2c/i2c-0/0-0024/tps65217-pwrbutton/input/input0
[   16.005641] wkup_m3_ipc 44e11324.wkup_m3_ipc: IPC Request for A8->M3 Channel failed! -517
[   16.145596] omap_wdt: OMAP Watchdog Timer Rev 0x01: initial timeout 60 sec
[   16.154272] wkup_m3_ipc 44e11324.wkup_m3_ipc: IPC Request for A8->M3 Channel failed! -517
[   16.203428] omap_rtc 44e3e000.rtc: registered as rtc0
[   16.208597] omap_rtc 44e3e000.rtc: setting system clock to 2000-01-01T00:00:00 UTC (946684800)
[[0;32m  OK  [0m] Started Daily apt download activities.
[   16.279719] wkup_m3_ipc 44e11324.wkup_m3_ipc: IPC Request for A8->M3 Channel failed! -517
[[0;32m  OK  [0m] Started Daily apt upgrade and clean activities.
[[0;32m  OK  [0m] Reached target Timers.
[[0;32m  OK  [0m] Started D-Bus System Message Bus.
[   16.483515] wkup_m3_ipc 44e11324.wkup_m3_ipc: IPC Request for A8->M3 Channel failed! -517
[   16.694693] am335x-phy-driver 47401300.usb-phy: supply vcc not found, using dummy regulator
[   16.703717] am335x-phy-driver 47401300.usb-phy: dummy supplies not allowed for exclusive requests
[   16.949419] am335x-phy-driver 47401b00.usb-phy: supply vcc not found, using dummy regulator
[   16.959506] am335x-phy-driver 47401b00.usb-phy: dummy supplies not allowed for exclusive requests
[   16.971959] wkup_m3_ipc 44e11324.wkup_m3_ipc: IPC Request for A8->M3 Channel failed! -517
[   17.308876] wkup_m3_ipc 44e11324.wkup_m3_ipc: IPC Request for A8->M3 Channel failed! -517
[   17.453297] usbcore: registered new interface driver usbfs
[   17.458916] usbcore: registered new interface driver hub
[   17.464495] usbcore: registered new device driver usb
[   18.437312] omap-mailbox 480c8000.mailbox: omap mailbox rev 0x400
[   18.467289] remoteproc remoteproc0: powering up wkup_m3
[   18.636671] tda998x 0-0070: found TDA19988
[   18.680036] remoteproc remoteproc0: Direct firmware load for am335x-pm-firmware.elf failed with error -2
[   18.689833] remoteproc remoteproc0: request_firmware failed: -2
[   18.695833] wkup_m3_ipc 44e11324.wkup_m3_ipc: rproc_boot failed
[   18.752505] musb-hdrc musb-hdrc.1: MUSB HDRC host driver
[   18.757918] musb-hdrc musb-hdrc.1: new USB bus registered, assigned bus number 1
[   19.104543] usb usb1: New USB device found, idVendor=1d6b, idProduct=0002, bcdDevice= 6.01
[   19.113049] usb usb1: New USB device strings: Mfr=3, Product=2, SerialNumber=1
[   19.120314] usb usb1: Product: MUSB HDRC host driver
[   19.125345] usb usb1: Manufacturer: Linux 6.1.148 musb-hcd
[   19.130858] usb usb1: SerialNumber: musb-hdrc.1
[   19.537490] hub 1-0:1.0: USB hub found
[   19.587814] hub 1-0:1.0: 1 port detected
[   20.666819] tilcdc 4830e000.lcdc: bound 0-0070 (ops tda998x_audio_codec_init [tda998x])
[   20.781171] omap_rng 48310000.rng: Random Number Generator ver. 20
[   20.890065] [drm] Initialized tilcdc 1.0.0 20121205 for 4830e000.lcdc on minor 0
[   20.999390] tilcdc 4830e000.lcdc: [drm] Cannot find any crtc or sizes
[   21.012396] tilcdc 4830e000.lcdc: [drm] Cannot find any crtc or sizes
[[0;32m  OK  [0m] Started Avahi mDNS/DNS-SD Stack.
[[0;32m  OK  [0m] Started Telephony service.
[[0;32m  OK  [0m] Started DUN service.
         Starting Connection service...
[[0;32m  OK  [0m] Started System Logging Service.
[[0;32m  OK  [0m] Started Cape Manager Service.
[   22.074695] omap-sham 53100000.sham: hw accel on OMAP rev 4.3
[   22.146639] omap-sham 53100000.sham: will run requests pump with realtime priority
[   22.689590] omap-aes 53500000.aes: OMAP AES hw accel rev: 3.2
[   22.746847] PM: Cannot get wkup_m3_ipc handle
[   22.753270] omap-aes 53500000.aes: will run requests pump with realtime priority
[   22.937044] PM: Cannot get wkup_m3_ipc handle
[[0;32m  OK  [0m] Found device /dev/ttyS0.
[   23.289725] Bluetooth: Core ver 2.22
[   23.293724] NET: Registered PF_BLUETOOTH protocol family
[   23.299072] Bluetooth: HCI device and connection manager initialized
[   23.305558] Bluetooth: HCI socket layer initialized
[   23.310469] Bluetooth: L2CAP socket layer initialized
[   23.315623] Bluetooth: SCO socket layer initialized
[[0;32m  OK  [0m] Started Raise network interfaces.
[[0;32m  OK  [0m] Started LSB: Start busybox udhcpd at boot time.
[   26.255354] PM: Cannot get wkup_m3_ipc handle
[   26.374628] PM: Cannot get wkup_m3_ipc handle
[   27.085403] using random self ethernet address
[   27.089917] using random host ethernet address
[   27.358322] using random self ethernet address
[   27.363084] using random host ethernet address
[   28.018943] usb0: HOST MAC 1c:ba:8c:a2:ed:6c
[   28.023496] usb0: MAC 1c:ba:8c:a2:ed:70
[   28.028262] usb1: HOST MAC 1c:ba:8c:a2:ed:6c
[   28.032657] usb1: MAC 1c:ba:8c:a2:ed:6d
[   28.052195] PM: Cannot get wkup_m3_ipc handle
[[0;32m  OK  [0m] Started LSB: Load kernel modules needed to enable cpufreq scaling.
[[0;32m  OK  [0m] Started Connection service.
[[0;32m  OK  [0m] Started Login Service.
         Starting Hostname Service...
         Starting WPA supplicant...
[[0;32m  OK  [0m] Reached target Sound Card.
         Starting LSB: set CPUFreq kernel parameters...
[[0;32m  OK  [0m] Started WPA supplicant.
[[0;32m  OK  [0m] Reached target Network.
         Starting OpenBSD Secure Shell server...
         Starting Permit User Sessions...
         Starting The Apache HTTP Server...
[[0;32m  OK  [0m] Reached target Network is Online.
         Starting LSB: Advanced IEEE 802.11 management daemon...
[[0;32m  OK  [0m] Started Hostname Service.
[[0;32m  OK  [0m] Started LSB: Advanced IEEE 802.11 management daemon.
[[0;32m  OK  [0m] Started Permit User Sessions.
[[0;32m  OK  [0m] Started Getty on tty1.
[[0;32m  OK  [0m] Started Serial Getty on ttyS0.
[[0;32m  OK  [0m] Reached target Login Prompts.
[[0;32m  OK  [0m] Started LSB: set CPUFreq kernel parameters.
         Stopping LSB: Start busybox udhcpd at boot time...
[[0;32m  OK  [0m] Started OpenBSD Secure Shell server.
[[0;32m  OK  [0m] Stopped LSB: Start busybox udhcpd at boot time.
         Starting dnsmasq - A lightweight DHCP and caching DNS server...
[[0;32m  OK  [0m] Started The Apache HTTP Server.
[[0;32m  OK  [0m] Started dnsmasq - A lightweight DHCP and caching DNS server.
[[0;32m  OK  [0m] Reached target Host and Network Name Lookups.
[[0;32m  OK  [0m] Started Serial Getty on ttyGS0.
[[0;32m  OK  [0m] Started Generic Board Startup.
[[0;32m  OK  [0m] Reached target Multi-User System.
[[0;32m  OK  [0m] Reached target Graphical Interface.
         Starting Update UTMP about System Runlevel Changes...
[[0;32m  OK  [0m] Started Update UTMP about System Runlevel Changes.

Debian GNU/Linux 9 arm ttyS0

default username:password is [debian:temppwd]

arm login: roo[
Password: 
Last login: Sat Jan  1 00:00:41 UTC 2000 on ttyS0
root
Linux arm 6.1.148 #1 SMP Fri Aug 15 13:44:14 EEST 2025 armv7l

The programs included with the Debian GNU/Linux system are free software;
the exact distribution terms for each program are described in the
individual files in /usr/share/doc/*/copyright.

Debian GNU/Linux comes with ABSOLUTELY NO WARRANTY, to the extent
permitted by applicable law.
root@arm:~# root
-bash: root: command not found
root@arm:~# dmesg -n 1
root@arm:~# echo 'CFQT''BWPMWF'
CFQTBWPMWF
root@arm:~# run() { echo -n "$MARKER"; sh -c "$@"; echo "$MARKER $?"; }
root@arm:~# echo 'HVTZ''GHOZTO'
HVTZGHOZTO
root@arm:~# MARKER='VAPQ''SBZBTE' run 'cat /proc/version'
VAPQSBZBTELinux version 6.1.148 (user01@drvtest01) (arm-none-eabi-gcc (Arm GNU Toolchain 14.2.Rel1 (Build arm-14.52)) 14.2.1 20241119, GNU ld (Arm GNU Toolchain 14.2.Rel1 (Build arm-14.52)) 2.43.1.20241119) #1 SMP Fri Aug 15 13:44:14 EEST 2025
VAPQSBZBTE 0
root@arm:~# echo 'VENZ''JZQNUF'
VENZJZQNUF
root@arm:~# MARKER='QOKE''TUJGFP' run false
QOKETUJGFPQOKETUJGFP 1
root@arm:~# Labgrid Console Logfile for main
Logfile started at 2025-08-15 13:51:25.546644
=== Log starts here ===

root@arm:~# run() { echo -n "$MARKER"; sh -c "$@"; echo "$MARKER $?"; }
root@arm:~# echo 'WYPV''GWPOQX'
WYPVGWPOQX
root@arm:~# MARKER='PCJA''KLENPZ' run 'ls /iio_generic_buffer; echo $?'
PCJAKLENPZ/iio_generic_buffer
0
PCJAKLENPZ 0
root@arm:~# Labgrid Console Logfile for main
Logfile started at 2025-08-15 13:51:28.958485
=== Log starts here ===

root@arm:~# run() { echo -n "$MARKER"; sh -c "$@"; echo "$MARKER $?"; }
root@arm:~# echo 'KKOA''ZQXULU'
KKOAZQXULU
root@arm:~# MARKER='ZYBH''XUWFVT' run dmesg
ZYBHXUWFVT[    0.000000] Booting Linux on physical CPU 0x0
[    0.000000] Linux version 6.1.148 (user01@drvtest01) (arm-none-eabi-gcc (Arm GNU Toolchain 14.2.Rel1 (Build arm-14.52)) 14.2.1 20241119, GNU ld (Arm GNU Toolchain 14.2.Rel1 (Build arm-14.52)) 2.43.1.20241119) #1 SMP Fri Aug 15 13:44:14 EEST 2025
[    0.000000] CPU: ARMv7 Processor [413fc082] revision 2 (ARMv7), cr=10c5387d
[    0.000000] CPU: PIPT / VIPT nonaliasing data cache, VIPT aliasing instruction cache
[    0.000000] OF: fdt: Machine model: TI AM335x BeagleBone Black
[    0.000000] Memory policy: Data cache writeback
[    0.000000] cma: Reserved 16 MiB at 0x9ec00000
[    0.000000] Zone ranges:
[    0.000000]   Normal   [mem 0x0000000080000000-0x000000009fdfffff]
[    0.000000]   HighMem  empty
[    0.000000] Movable zone start for each node
[    0.000000] Early memory node ranges
[    0.000000]   node   0: [mem 0x0000000080000000-0x000000009fdfffff]
[    0.000000] Initmem setup node 0 [mem 0x0000000080000000-0x000000009fdfffff]
[    0.000000] CPU: All CPU(s) started in SVC mode.
[    0.000000] AM335X ES2.1 (sgx neon)
[    0.000000] percpu: Embedded 16 pages/cpu s34196 r8192 d23148 u65536
[    0.000000] pcpu-alloc: s34196 r8192 d23148 u65536 alloc=16*4096
[    0.000000] pcpu-alloc: [0] 0 
[    0.000000] Built 1 zonelists, mobility grouping on.  Total pages: 129412
[    0.000000] Kernel command line: console=ttyO0,115200n8 root=/dev/nfs rw nfsroot=192.168.255.126:/home/user01/nfs,nfsvers=3 ip=192.168.255.1:192.168.255.126::255.255.255.0:bbb1:eth0 nfsrootdebug
[    0.000000] Unknown kernel command line parameters "nfsrootdebug", will be passed to user space.
[    0.000000] Dentry cache hash table entries: 65536 (order: 6, 262144 bytes, linear)
[    0.000000] Inode-cache hash table entries: 32768 (order: 5, 131072 bytes, linear)
[    0.000000] mem auto-init: stack:off, heap alloc:off, heap free:off
[    0.000000] Memory: 484644K/522240K available (10240K kernel code, 1145K rwdata, 2604K rodata, 1024K init, 286K bss, 21212K reserved, 16384K cma-reserved, 0K highmem)
[    0.000000] SLUB: HWalign=64, Order=0-3, MinObjects=0, CPUs=1, Nodes=1
[    0.000000] trace event string verifier disabled
[    0.000000] rcu: Hierarchical RCU implementation.
[    0.000000] rcu: 	RCU event tracing is enabled.
[    0.000000] rcu: 	RCU restricting CPUs from NR_CPUS=2 to nr_cpu_ids=1.
[    0.000000] rcu: RCU calculated value of scheduler-enlistment delay is 10 jiffies.
[    0.000000] rcu: Adjusting geometry for rcu_fanout_leaf=16, nr_cpu_ids=1
[    0.000000] NR_IRQS: 16, nr_irqs: 16, preallocated irqs: 16
[    0.000000] IRQ: Found an INTC at 0x(ptrval) (revision 5.0) with 128 interrupts
[    0.000000] rcu: srcu_init: Setting srcu_struct sizes based on contention.
[    0.000000] TI gptimer clocksource: always-on /ocp/interconnect@44c00000/segment@200000/target-module@31000
[    0.000003] sched_clock: 32 bits at 24MHz, resolution 41ns, wraps every 89478484971ns
[    0.000026] clocksource: dmtimer: mask: 0xffffffff max_cycles: 0xffffffff, max_idle_ns: 79635851949 ns
[    0.000442] TI gptimer clockevent: 24000000 Hz at /ocp/interconnect@48000000/segment@0/target-module@40000
[    0.001977] Console: colour dummy device 80x30
[    0.002024] WARNING: Your 'console=ttyO0' has been replaced by 'ttyS0'
[    0.002032] This ensures that you still see kernel messages. Please
[    0.002037] update your kernel commandline.
[    0.002078] Calibrating delay loop... 996.14 BogoMIPS (lpj=4980736)
[    0.090484] CPU: Testing write buffer coherency: ok
[    0.090581] CPU0: Spectre v2: using BPIALL workaround
[    0.090592] pid_max: default: 32768 minimum: 301
[    0.090721] LSM: Security Framework initializing
[    0.090894] Mount-cache hash table entries: 1024 (order: 0, 4096 bytes, linear)
[    0.090912] Mountpoint-cache hash table entries: 1024 (order: 0, 4096 bytes, linear)
[    0.092402] CPU0: thread -1, cpu 0, socket -1, mpidr 0
[    0.093654] Setting up static identity map for 0x80100000 - 0x80100078
[    0.093887] rcu: Hierarchical SRCU implementation.
[    0.093895] rcu: 	Max phase no-delay instances is 1000.
[    0.095201] smp: Bringing up secondary CPUs ...
[    0.095219] smp: Brought up 1 node, 1 CPU
[    0.095229] SMP: Total of 1 processors activated (996.14 BogoMIPS).
[    0.095240] CPU: All CPU(s) started in SVC mode.
[    0.096132] devtmpfs: initialized
[    0.111751] VFP support v0.3: implementor 41 architecture 3 part 30 variant c rev 3
[    0.112063] clocksource: jiffies: mask: 0xffffffff max_cycles: 0xffffffff, max_idle_ns: 19112604462750000 ns
[    0.112098] futex hash table entries: 256 (order: 2, 16384 bytes, linear)
[    0.113388] pinctrl core: initialized pinctrl subsystem
[    0.115296] NET: Registered PF_NETLINK/PF_ROUTE protocol family
[    0.117291] DMA: preallocated 256 KiB pool for atomic coherent allocations
[    0.117860] audit: initializing netlink subsys (disabled)
[    0.119051] thermal_sys: Registered thermal governor 'fair_share'
[    0.119070] thermal_sys: Registered thermal governor 'step_wise'
[    0.119076] thermal_sys: Registered thermal governor 'user_space'
[    0.119198] cpuidle: using governor menu
[    0.135825] /ocp/interconnect@44c00000/segment@200000/target-module@b000/i2c@0/tda19988@70: Fixed dependency cycle(s) with /ocp/interconnect@48000000/segment@300000/target-module@e000/lcdc@0
[    0.136862] /ocp/interconnect@48000000/segment@300000/target-module@e000/lcdc@0: Fixed dependency cycle(s) with /ocp/interconnect@44c00000/segment@200000/target-module@b000/i2c@0/tda19988@70
[    0.138872] No ATAGs?
[    0.138887] hw-breakpoint: debug architecture 0x4 unsupported.
[    0.147529] audit: type=2000 audit(0.110:1): state=initialized audit_enabled=0 res=1
[    0.147823] kprobes: kprobe jump-optimization is enabled. All kprobes are optimized if possible.
[    0.163318] reg-fixed-voltage fixedregulator0: GPIO lookup for consumer (null)
[    0.163347] reg-fixed-voltage fixedregulator0: using device tree for GPIO lookup
[    0.163367] of_get_named_gpiod_flags: can't parse 'gpios' property of node '/fixedregulator0[0]'
[    0.163403] of_get_named_gpiod_flags: can't parse 'gpio' property of node '/fixedregulator0[0]'
[    0.163425] reg-fixed-voltage fixedregulator0: using lookup tables for GPIO lookup
[    0.163435] reg-fixed-voltage fixedregulator0: No GPIO consumer (null) found
[    0.164599] iommu: Default domain type: Translated 
[    0.164611] iommu: DMA domain TLB invalidation policy: strict mode 
[    0.166046] SCSI subsystem initialized
[    0.166564] libata version 3.00 loaded.
[    0.166895] pps_core: LinuxPPS API ver. 1 registered
[    0.166905] pps_core: Software ver. 5.3.6 - Copyright 2005-2007 Rodolfo Giometti <giometti@linux.it>
[    0.166934] PTP clock support registered
[    0.180635] vgaarb: loaded
[    0.180960] clocksource: Switched to clocksource dmtimer
[    0.181559] VFS: Disk quotas dquot_6.6.0
[    0.181632] VFS: Dquot-cache hash table entries: 1024 (order 0, 4096 bytes)
[    0.198123] NET: Registered PF_INET protocol family
[    0.198460] IP idents hash table entries: 8192 (order: 4, 65536 bytes, linear)
[    0.199827] tcp_listen_portaddr_hash hash table entries: 512 (order: 0, 4096 bytes, linear)
[    0.199875] Table-perturb hash table entries: 65536 (order: 6, 262144 bytes, linear)
[    0.199893] TCP established hash table entries: 4096 (order: 2, 16384 bytes, linear)
[    0.199942] TCP bind hash table entries: 4096 (order: 4, 65536 bytes, linear)
[    0.200042] TCP: Hash tables configured (established 4096 bind 4096)
[    0.200159] UDP hash table entries: 256 (order: 1, 8192 bytes, linear)
[    0.200186] UDP-Lite hash table entries: 256 (order: 1, 8192 bytes, linear)
[    0.200361] NET: Registered PF_UNIX/PF_LOCAL protocol family
[    0.216685] RPC: Registered named UNIX socket transport module.
[    0.216706] RPC: Registered udp transport module.
[    0.216711] RPC: Registered tcp transport module.
[    0.216716] RPC: Registered tcp NFSv4.1 backchannel transport module.
[    0.216736] PCI: CLS 0 bytes, default 64
[    0.218203] Initialise system trusted keyrings
[    0.219181] workingset: timestamp_bits=14 max_order=17 bucket_order=3
[    0.228536] NFS: Registering the id_resolver key type
[    0.228614] Key type id_resolver registered
[    0.228621] Key type id_legacy registered
[    0.228673] jffs2: version 2.2. (NAND) (SUMMARY)  Â© 2001-2006 Red Hat, Inc.
[    0.229396] Key type asymmetric registered
[    0.229411] Asymmetric key parser 'x509' registered
[    0.229557] io scheduler mq-deadline registered
[    0.229569] io scheduler kyber registered
[    0.229802] io scheduler bfq registered
[    0.233438] hw perfevents: enabled with armv7_cortex_a8 PMU driver, 5 counters available
[    0.241681] l3-aon-clkctrl:0000:0: failed to disable
[    0.242010] Serial: 8250/16550 driver, 6 ports, IRQ sharing enabled
[    0.276280] brd: module loaded
[    0.297522] loop: module loaded
[    0.298414] mtdoops: mtd device (mtddev=name/number) must be supplied
[    0.299758] mdio_bus fixed-0: GPIO lookup for consumer reset
[    0.299778] mdio_bus fixed-0: using lookup tables for GPIO lookup
[    0.299788] mdio_bus fixed-0: No GPIO consumer reset found
[    0.300893] i2c_dev: i2c /dev entries driver
[    0.301984] cpuidle: enable-method property 'ti,am3352' found operations
[    0.302409] sdhci: Secure Digital Host Controller Interface driver
[    0.302420] sdhci: Copyright(c) Pierre Ossman
[    0.302595] sdhci-pltfm: SDHCI platform and OF driver helper
[    0.302843] ledtrig-cpu: registered to indicate activity on CPUs
[    0.303584] Initializing XFRM netlink socket
[    0.304151] NET: Registered PF_INET6 protocol family
[    0.315224] Segment Routing with IPv6
[    0.315299] In-situ OAM (IOAM) with IPv6
[    0.315392] sit: IPv6, IPv4 and MPLS over IPv4 tunneling driver
[    0.316279] NET: Registered PF_PACKET protocol family
[    0.316307] NET: Registered PF_KEY protocol family
[    0.316439] Key type dns_resolver registered
[    0.316552] ThumbEE CPU extension supported.
[    0.316569] Registering SWP/SWPB emulation handler
[    0.317080] omap_voltage_late_init: Voltage driver support not added
[    0.317695] SmartReflex Class3 initialized
[    0.318638] Loading compiled-in X.509 certificates
[    0.407435] /ocp/interconnect@44c00000/segment@200000/target-module@b000/i2c@0/tda19988@70: Fixed dependency cycle(s) with /ocp/interconnect@48000000/segment@300000/target-module@e000/lcdc@0
[    0.413545] /ocp/interconnect@44c00000/segment@200000/target-module@b000/i2c@0/tda19988@70: Fixed dependency cycle(s) with /ocp/interconnect@48000000/segment@300000/target-module@e000/lcdc@0
[    0.421183] /ocp/interconnect@44c00000/segment@200000/target-module@b000/i2c@0/tda19988@70: Fixed dependency cycle(s) with /ocp/interconnect@48000000/segment@300000/target-module@e000/lcdc@0
[    0.422049] /ocp/interconnect@44c00000/segment@200000/target-module@b000/i2c@0/tda19988@70: Fixed dependency cycle(s) with /ocp/interconnect@48000000/segment@300000/target-module@e000/lcdc@0
[    0.425140] /ocp/interconnect@44c00000/segment@200000/target-module@10000/scm@0/pinmux@800: Fixed dependency cycle(s) with /ocp/interconnect@44c00000/segment@200000/target-module@10000/scm@0/pinmux@800/pinmux_clkout2_pin
[    0.425723] pinctrl-single 44e10800.pinmux: 142 pins, size 568
[    0.430406] ti-sysc: probe of 44e31000.target-module failed with error -16
[    0.470436] /ocp/interconnect@48000000/segment@300000/target-module@e000/lcdc@0: Fixed dependency cycle(s) with /ocp/interconnect@44c00000/segment@200000/target-module@b000/i2c@0/tda19988@70
[    0.477771] ti-sysc: probe of 48040000.target-module failed with error -16
[    0.488120] gpio gpiochip0: (gpio-0-31): created GPIO range 0->7 ==> 44e10800.pinmux PIN 0->7
[    0.488158] gpio gpiochip0: (gpio-0-31): created GPIO range 8->11 ==> 44e10800.pinmux PIN 90->93
[    0.488174] gpio gpiochip0: (gpio-0-31): created GPIO range 12->27 ==> 44e10800.pinmux PIN 12->27
[    0.488189] gpio gpiochip0: (gpio-0-31): created GPIO range 28->31 ==> 44e10800.pinmux PIN 30->33
[    0.488254] gpio gpiochip0: (gpio-0-31): not an immutable chip, please consider fixing it!
[    0.514834] gpio gpiochip0: (gpio-0-31): added GPIO chardev (254:0)
[    0.515003] gpio gpiochip0: registered GPIOs 0 to 31 on gpio-0-31
[    0.515086] OMAP GPIO hardware version 0.1
[    0.533199] i2c i2c-2: GPIO lookup for consumer scl
[    0.533229] i2c i2c-2: using device tree for GPIO lookup
[    0.533254] of_get_named_gpiod_flags: can't parse 'scl-gpios' property of node '/ocp/interconnect@48000000/segment@100000/target-module@9c000/i2c@0[0]'
[    0.533298] of_get_named_gpiod_flags: can't parse 'scl-gpio' property of node '/ocp/interconnect@48000000/segment@100000/target-module@9c000/i2c@0[0]'
[    0.533338] i2c i2c-2: using lookup tables for GPIO lookup
[    0.533348] i2c i2c-2: No GPIO consumer scl found
[    0.533368] i2c i2c-2: GPIO lookup for consumer sda
[    0.533375] i2c i2c-2: using device tree for GPIO lookup
[    0.533389] of_get_named_gpiod_flags: can't parse 'sda-gpios' property of node '/ocp/interconnect@48000000/segment@100000/target-module@9c000/i2c@0[0]'
[    0.533425] of_get_named_gpiod_flags: can't parse 'sda-gpio' property of node '/ocp/interconnect@48000000/segment@100000/target-module@9c000/i2c@0[0]'
[    0.533459] i2c i2c-2: using lookup tables for GPIO lookup
[    0.533466] i2c i2c-2: No GPIO consumer sda found
[    0.534130] omap_i2c 4819c000.i2c: bus 2 rev0.11 at 100 kHz
[    0.539228] gpio gpiochip1: (gpio-32-63): created GPIO range 0->17 ==> 44e10800.pinmux PIN 34->51
[    0.539263] gpio gpiochip1: (gpio-32-63): created GPIO range 18->21 ==> 44e10800.pinmux PIN 77->80
[    0.539279] gpio gpiochip1: (gpio-32-63): created GPIO range 22->31 ==> 44e10800.pinmux PIN 56->65
[    0.539344] gpio gpiochip1: (gpio-32-63): not an immutable chip, please consider fixing it!
[    0.555392] gpio gpiochip1: (gpio-32-63): added GPIO chardev (254:1)
[    0.555530] gpio gpiochip1: registered GPIOs 32 to 63 on gpio-32-63
[    0.557599] gpio gpiochip2: (gpio-64-95): created GPIO range 0->4 ==> 44e10800.pinmux PIN 66->70
[    0.557627] gpio gpiochip2: (gpio-64-95): created GPIO range 5->6 ==> 44e10800.pinmux PIN 98->99
[    0.557643] gpio gpiochip2: (gpio-64-95): created GPIO range 7->8 ==> 44e10800.pinmux PIN 75->76
[    0.557658] gpio gpiochip2: (gpio-64-95): created GPIO range 13->13 ==> 44e10800.pinmux PIN 141->141
[    0.557674] gpio gpiochip2: (gpio-64-95): created GPIO range 14->21 ==> 44e10800.pinmux PIN 100->107
[    0.557737] gpio gpiochip2: (gpio-64-95): not an immutable chip, please consider fixing it!
[    0.558197] gpio gpiochip2: (gpio-64-95): added GPIO chardev (254:2)
[    0.558308] gpio gpiochip2: registered GPIOs 64 to 95 on gpio-64-95
[    0.564240] /ocp/interconnect@48000000/segment@300000/target-module@e000/lcdc@0: Fixed dependency cycle(s) with /ocp/interconnect@44c00000/segment@200000/target-module@b000/i2c@0/tda19988@70
[    0.566821] /ocp/interconnect@48000000/segment@300000/target-module@e000/lcdc@0: Fixed dependency cycle(s) with /ocp/interconnect@44c00000/segment@200000/target-module@b000/i2c@0/tda19988@70
[    0.567468] /ocp/interconnect@44c00000/segment@200000/target-module@b000/i2c@0/tda19988@70: Fixed dependency cycle(s) with /ocp/interconnect@48000000/segment@300000/target-module@e000/lcdc@0
[    0.567625] /ocp/interconnect@48000000/segment@300000/target-module@e000/lcdc@0: Fixed dependency cycle(s) with /ocp/interconnect@44c00000/segment@200000/target-module@b000/i2c@0/tda19988@70
[    0.576306] mdio_bus 4a101000.mdio: GPIO lookup for consumer reset
[    0.576334] mdio_bus 4a101000.mdio: using device tree for GPIO lookup
[    0.576357] of_get_named_gpiod_flags: can't parse 'reset-gpios' property of node '/ocp/interconnect@4a000000/segment@0/target-module@100000/switch@0/mdio@1000[0]'
[    0.576403] of_get_named_gpiod_flags: can't parse 'reset-gpio' property of node '/ocp/interconnect@4a000000/segment@0/target-module@100000/switch@0/mdio@1000[0]'
[    0.576449] mdio_bus 4a101000.mdio: using lookup tables for GPIO lookup
[    0.576458] mdio_bus 4a101000.mdio: No GPIO consumer reset found
[    0.577505] sdhci-omap 481d8000.mmc: GPIO lookup for consumer wp
[    0.577530] sdhci-omap 481d8000.mmc: using device tree for GPIO lookup
[    0.577547] of_get_named_gpiod_flags: can't parse 'wp-gpios' property of node '/ocp/interconnect@48000000/segment@100000/target-module@d8000/mmc@0[0]'
[    0.577594] of_get_named_gpiod_flags: can't parse 'wp-gpio' property of node '/ocp/interconnect@48000000/segment@100000/target-module@d8000/mmc@0[0]'
[    0.577630] sdhci-omap 481d8000.mmc: using lookup tables for GPIO lookup
[    0.577638] sdhci-omap 481d8000.mmc: No GPIO consumer wp found
[    0.577823] sdhci-omap 481d8000.mmc: supply pbias not found, using dummy regulator
[    0.578262] sdhci-omap 481d8000.mmc: supply vqmmc not found, using dummy regulator
[    0.634571] davinci_mdio 4a101000.mdio: davinci mdio revision 1.6, bus freq 1000000
[    0.654760] mdio_bus 4a101000.mdio:00: GPIO lookup for consumer reset
[    0.654784] mdio_bus 4a101000.mdio:00: using device tree for GPIO lookup
[    0.654825] of_get_named_gpiod_flags: parsed 'reset-gpios' property of node '/ocp/interconnect@4a000000/segment@0/target-module@100000/switch@0/mdio@1000/ethernet-phy@0[0]' - status (0)
[    0.654986] gpio gpiochip0: Persistence not supported for GPIO 8
[    0.811244] davinci_mdio 4a101000.mdio: phy[0]: device 4a101000.mdio:00, driver SMSC LAN8710/LAN8720
[    0.811833] cpsw-switch 4a100000.switch: initialized cpsw ale version 1.4
[    0.811853] cpsw-switch 4a100000.switch: ALE Table size 1024
[    0.812142] cpsw-switch 4a100000.switch: cpts: overflow check period 500 (jiffies)
[    0.812162] cpsw-switch 4a100000.switch: CPTS: ref_clk_freq:250000000 calc_mult:2147483648 calc_shift:29 error:0 nsec/sec
[    0.812254] cpsw-switch 4a100000.switch: Detected MACID = 6c:ec:eb:68:de:78
[    0.813934] cpsw-switch 4a100000.switch: initialized (regs 0x4a100000, pool size 256) hw_ver:0019010C 1.12 (0)
[    0.823920] debugfs: Directory '49000000.dma' with parent 'dmaengine' already present!
[    0.823961] edma 49000000.dma: TI EDMA DMA engine driver
[    0.870149] gpio-clk clk_mcasp0: GPIO lookup for consumer enable
[    0.870182] gpio-clk clk_mcasp0: using device tree for GPIO lookup
[    0.870220] of_get_named_gpiod_flags: parsed 'enable-gpios' property of node '/clk_mcasp0[0]' - status (0)
[    0.870263] gpio gpiochip0: Persistence not supported for GPIO 27
[    0.871309] gpio gpiochip3: (gpio-96-127): created GPIO range 0->7 ==> 44e10800.pinmux PIN 82->89
[    0.871346] gpio gpiochip3: (gpio-96-127): created GPIO range 8->11 ==> 44e10800.pinmux PIN 52->55
[    0.871362] gpio gpiochip3: (gpio-96-127): created GPIO range 12->15 ==> 44e10800.pinmux PIN 94->97
[    0.871379] gpio gpiochip3: (gpio-96-127): created GPIO range 16->17 ==> 44e10800.pinmux PIN 71->72
[    0.871394] gpio gpiochip3: (gpio-96-127): created GPIO range 18->18 ==> 44e10800.pinmux PIN 135->135
[    0.871410] gpio gpiochip3: (gpio-96-127): created GPIO range 19->20 ==> 44e10800.pinmux PIN 108->109
[    0.871426] gpio gpiochip3: (gpio-96-127): created GPIO range 21->21 ==> 44e10800.pinmux PIN 73->73
[    0.871443] gpio gpiochip3: (gpio-96-127): created GPIO range 22->23 ==> 44e10800.pinmux PIN 8->9
[    0.871459] gpio gpiochip3: (gpio-96-127): created GPIO range 26->27 ==> 44e10800.pinmux PIN 10->11
[    0.871476] gpio gpiochip3: (gpio-96-127): created GPIO range 28->28 ==> 44e10800.pinmux PIN 74->74
[    0.871493] gpio gpiochip3: (gpio-96-127): created GPIO range 29->29 ==> 44e10800.pinmux PIN 81->81
[    0.871511] gpio gpiochip3: (gpio-96-127): created GPIO range 30->31 ==> 44e10800.pinmux PIN 28->29
[    0.871582] gpio gpiochip3: (gpio-96-127): not an immutable chip, please consider fixing it!
[    0.872403] gpio gpiochip3: (gpio-96-127): added GPIO chardev (254:3)
[    0.872534] gpio gpiochip3: registered GPIOs 96 to 127 on gpio-96-127
[    0.874092] omap8250 44e09000.serial: GPIO lookup for consumer rs485-term
[    0.874115] omap8250 44e09000.serial: using device tree for GPIO lookup
[    0.874137] of_get_named_gpiod_flags: can't parse 'rs485-term-gpios' property of node '/ocp/interconnect@44c00000/segment@200000/target-module@9000/serial@0[0]'
[    0.874185] of_get_named_gpiod_flags: can't parse 'rs485-term-gpio' property of node '/ocp/interconnect@44c00000/segment@200000/target-module@9000/serial@0[0]'
[    0.874226] omap8250 44e09000.serial: using lookup tables for GPIO lookup
[    0.874236] omap8250 44e09000.serial: No GPIO consumer rs485-term found
[    0.874284] 44e09000.serial: ttyS0 at MMIO 0x44e09000 (irq = 34, base_baud = 3000000) is a 8250
[    2.168938] printk: console [ttyS0] enabled
[    2.175770] i2c i2c-0: GPIO lookup for consumer scl
[    2.175808] i2c i2c-0: using device tree for GPIO lookup
[    2.175832] of_get_named_gpiod_flags: can't parse 'scl-gpios' property of node '/ocp/interconnect@44c00000/segment@200000/target-module@b000/i2c@0[0]'
[    2.175878] of_get_named_gpiod_flags: can't parse 'scl-gpio' property of node '/ocp/interconnect@44c00000/segment@200000/target-module@b000/i2c@0[0]'
[    2.175919] i2c i2c-0: using lookup tables for GPIO lookup
[    2.175931] i2c i2c-0: No GPIO consumer scl found
[    2.175953] i2c i2c-0: GPIO lookup for consumer sda
[    2.175962] i2c i2c-0: using device tree for GPIO lookup
[    2.175977] of_get_named_gpiod_flags: can't parse 'sda-gpios' property of node '/ocp/interconnect@44c00000/segment@200000/target-module@b000/i2c@0[0]'
[    2.176016] of_get_named_gpiod_flags: can't parse 'sda-gpio' property of node '/ocp/interconnect@44c00000/segment@200000/target-module@b000/i2c@0[0]'
[    2.176050] i2c i2c-0: using lookup tables for GPIO lookup
[    2.176060] i2c i2c-0: No GPIO consumer sda found
[    2.201840] tps65217-pmic: Failed to locate of_node [id: -1]
[    2.217671] tps65217-bl: Failed to locate of_node [id: -1]
[    2.226329] tps65217 0-0024: TPS65217 ID 0xe version 1.2
[    2.232346] /ocp/interconnect@48000000/segment@300000/target-module@e000/lcdc@0: Fixed dependency cycle(s) with /ocp/interconnect@44c00000/segment@200000/target-module@b000/i2c@0/tda19988@70
[    2.249694] /ocp/interconnect@44c00000/segment@200000/target-module@b000/i2c@0/tda19988@70: Fixed dependency cycle(s) with /ocp/interconnect@48000000/segment@300000/target-module@e000/lcdc@0
[    2.267034] omap_i2c 44e0b000.i2c: bus 0 rev0.11 at 400 kHz
[    2.274357] sdhci-omap 48060000.mmc: GPIO lookup for consumer cd
[    2.274387] sdhci-omap 48060000.mmc: using device tree for GPIO lookup
[    2.274427] of_get_named_gpiod_flags: parsed 'cd-gpios' property of node '/ocp/interconnect@48000000/segment@0/target-module@60000/mmc@0[0]' - status (0)
[    2.274545] gpio gpiochip3: Persistence not supported for GPIO 6
[    2.274569] omap_gpio 44e07000.gpio: Could not set line 6 debounce to 200000 microseconds (-22)
[    2.283417] sdhci-omap 48060000.mmc: Got CD GPIO
[    2.288064] sdhci-omap 48060000.mmc: GPIO lookup for consumer wp
[    2.288075] sdhci-omap 48060000.mmc: using device tree for GPIO lookup
[    2.288095] of_get_named_gpiod_flags: can't parse 'wp-gpios' property of node '/ocp/interconnect@48000000/segment@0/target-module@60000/mmc@0[0]'
[    2.288140] of_get_named_gpiod_flags: can't parse 'wp-gpio' property of node '/ocp/interconnect@48000000/segment@0/target-module@60000/mmc@0[0]'
[    2.288180] sdhci-omap 48060000.mmc: using lookup tables for GPIO lookup
[    2.288191] sdhci-omap 48060000.mmc: No GPIO consumer wp found
[    2.288384] sdhci-omap 48060000.mmc: supply pbias not found, using dummy regulator
[    2.297129] sdhci-omap 481d8000.mmc: GPIO lookup for consumer wp
[    2.297159] sdhci-omap 481d8000.mmc: using device tree for GPIO lookup
[    2.297179] of_get_named_gpiod_flags: can't parse 'wp-gpios' property of node '/ocp/interconnect@48000000/segment@100000/target-module@d8000/mmc@0[0]'
[    2.297227] of_get_named_gpiod_flags: can't parse 'wp-gpio' property of node '/ocp/interconnect@48000000/segment@100000/target-module@d8000/mmc@0[0]'
[    2.297266] sdhci-omap 481d8000.mmc: using lookup tables for GPIO lookup
[    2.297276] sdhci-omap 481d8000.mmc: No GPIO consumer wp found
[    2.297860] sdhci-omap 48060000.mmc: supply vqmmc not found, using dummy regulator
[    2.308812] sdhci-omap 481d8000.mmc: supply pbias not found, using dummy regulator
[    2.317191] sdhci-omap 481d8000.mmc: supply vqmmc not found, using dummy regulator
[    2.351002] mmc1: SDHCI controller on 481d8000.mmc [481d8000.mmc] using External DMA
[    2.359791] mmc0: SDHCI controller on 48060000.mmc [48060000.mmc] using External DMA
[    2.368510] cpsw-switch 4a100000.switch: starting ndev. mode: dual_mac
[    2.431271] mmc1: new high speed MMC card at address 0001
[    2.438055] mmcblk1: mmc1:0001 MMC04G 3.60 GiB 
[    2.445612]  mmcblk1: p1 p2
[    2.449045] mmc0: new high speed SDHC card at address aaaa
[    2.456244] mmcblk1boot0: mmc1:0001 MMC04G 2.00 MiB 
[    2.462631] mmcblk0: mmc0:aaaa SE32G 29.7 GiB 
[    2.468983] mmcblk1boot1: mmc1:0001 MMC04G 2.00 MiB 
[    2.477095] mmcblk1rpmb: mmc1:0001 MMC04G 128 KiB, chardev (250:0)
[    2.483809]  mmcblk0: p1 p2
[    2.522151] SMSC LAN8710/LAN8720 4a101000.mdio:00: attached PHY driver (mii_bus:phy_addr=4a101000.mdio:00, irq=POLL)
[    5.681713] cpsw-switch 4a100000.switch eth0: Link is Up - 100Mbps/Full - flow control off
[    5.690107] IPv6: ADDRCONF(NETDEV_CHANGE): eth0: link becomes ready
[    5.740977] IP-Config: Complete:
[    5.744248]      device=eth0, hwaddr=6c:ec:eb:68:de:78, ipaddr=192.168.255.1, mask=255.255.255.0, gw=255.255.255.255
[    5.754869]      host=bbb1, domain=, nis-domain=(none)
[    5.760033]      bootserver=192.168.255.126, rootserver=192.168.255.126, rootpath=
[    5.760465] clk: Disabling unused clocks
[    5.772331] KTAP version 1
[    5.775060] 1..0
[    5.798546] VFS: Mounted root (nfs filesystem) on device 0:16.
[    5.805625] devtmpfs: mounted
[    5.809975] Freeing unused kernel image (initmem) memory: 1024K
[    5.816622] Run /sbin/init as init process
[    5.820748]   with arguments:
[    5.820759]     /sbin/init
[    5.820766]     nfsrootdebug
[    5.820773]   with environment:
[    5.820780]     HOME=/
[    5.820787]     TERM=linux
[    6.495923] systemd[1]: System time before build time, advancing clock.
[    7.940967] random: crng init done
[    8.012404] systemd[1]: systemd 232 running in system mode. (+PAM +AUDIT +SELINUX +IMA +APPARMOR +SMACK +SYSVINIT +UTMP +LIBCRYPTSETUP +GCRYPT +GNUTLS +ACL +XZ +LZ4 +SECCOMP +BLKID +ELFUTILS +KMOD +IDN)
[    8.031583] systemd[1]: Detected architecture arm.
[    8.073780] systemd[1]: Set hostname to <arm>.
[    9.125787] systemd[1]: Listening on Journal Audit Socket.
[    9.163079] systemd[1]: Listening on udev Control Socket.
[    9.202796] systemd[1]: Listening on /dev/initctl Compatibility Named Pipe.
[    9.241903] systemd[1]: Started Dispatch Password Requests to Console Directory Watch.
[    9.281282] systemd[1]: Reached target Swap.
[    9.312458] systemd[1]: Created slice System Slice.
[    9.352318] systemd[1]: Created slice system-serial\x2dgetty.slice.
[   11.649967] systemd-journald[103]: Received request to flush runtime journal from PID 1
[   14.491512] of_get_named_gpiod_flags: parsed 'gpios' property of node '/leds/led2[0]' - status (0)
[   14.491604] gpio gpiochip0: Persistence not supported for GPIO 21
[   14.491617] gpio-21 (?): no flags found for gpios
[   14.491852] of_get_named_gpiod_flags: parsed 'gpios' property of node '/leds/led3[0]' - status (0)
[   14.491891] gpio gpiochip0: Persistence not supported for GPIO 22
[   14.491901] gpio-22 (?): no flags found for gpios
[   14.506306] of_get_named_gpiod_flags: parsed 'gpios' property of node '/leds/led4[0]' - status (0)
[   14.506380] gpio gpiochip0: Persistence not supported for GPIO 23
[   14.506393] gpio-23 (?): no flags found for gpios
[   14.521375] of_get_named_gpiod_flags: parsed 'gpios' property of node '/leds/led5[0]' - status (0)
[   14.521451] gpio gpiochip0: Persistence not supported for GPIO 24
[   14.521464] gpio-24 (?): no flags found for gpios
[   14.813448] remoteproc remoteproc0: wkup_m3 is available
[   14.918187] at24 2-0054: supply vcc not found, using dummy regulator
[   15.093645] at24 2-0055: supply vcc not found, using dummy regulator
[   15.238801] at24 2-0056: supply vcc not found, using dummy regulator
[   15.357567] at24 2-0057: supply vcc not found, using dummy regulator
[   15.491944] at24 0-0050: GPIO lookup for consumer wp
[   15.491989] at24 0-0050: using device tree for GPIO lookup
[   15.492018] of_get_named_gpiod_flags: can't parse 'wp-gpios' property of node '/ocp/interconnect@44c00000/segment@200000/target-module@b000/i2c@0/baseboard_eeprom@50[0]'
[   15.492086] of_get_named_gpiod_flags: can't parse 'wp-gpio' property of node '/ocp/interconnect@44c00000/segment@200000/target-module@b000/i2c@0/baseboard_eeprom@50[0]'
[   15.492136] at24 0-0050: using lookup tables for GPIO lookup
[   15.492148] at24 0-0050: No GPIO consumer wp found
[   15.492366] at24 0-0050: 32768 byte 24c256 EEPROM, writable, 1 bytes/write
[   15.876310] tps6521x_pwrbutton tps65217-pwrbutton: DMA mask not set
[   15.890003] wkup_m3_ipc 44e11324.wkup_m3_ipc: IPC Request for A8->M3 Channel failed! -517
[   15.977091] input: tps65217_pwrbutton as /devices/platform/ocp/44c00000.interconnect/44c00000.interconnect:segment@200000/44e0b000.target-module/44e0b000.i2c/i2c-0/0-0024/tps65217-pwrbutton/input/input0
[   16.005641] wkup_m3_ipc 44e11324.wkup_m3_ipc: IPC Request for A8->M3 Channel failed! -517
[   16.145596] omap_wdt: OMAP Watchdog Timer Rev 0x01: initial timeout 60 sec
[   16.154272] wkup_m3_ipc 44e11324.wkup_m3_ipc: IPC Request for A8->M3 Channel failed! -517
[   16.203428] omap_rtc 44e3e000.rtc: registered as rtc0
[   16.208597] omap_rtc 44e3e000.rtc: setting system clock to 2000-01-01T00:00:00 UTC (946684800)
[   16.217429] omap_rtc 44e3e000.rtc: GPIO lookup for consumer wp
[   16.217445] omap_rtc 44e3e000.rtc: using device tree for GPIO lookup
[   16.217471] of_get_named_gpiod_flags: can't parse 'wp-gpios' property of node '/ocp/interconnect@44c00000/segment@200000/target-module@3e000/rtc@0[0]'
[   16.217526] of_get_named_gpiod_flags: can't parse 'wp-gpio' property of node '/ocp/interconnect@44c00000/segment@200000/target-module@3e000/rtc@0[0]'
[   16.217570] omap_rtc 44e3e000.rtc: using lookup tables for GPIO lookup
[   16.217583] omap_rtc 44e3e000.rtc: No GPIO consumer wp found
[   16.279719] wkup_m3_ipc 44e11324.wkup_m3_ipc: IPC Request for A8->M3 Channel failed! -517
[   16.483515] wkup_m3_ipc 44e11324.wkup_m3_ipc: IPC Request for A8->M3 Channel failed! -517
[   16.694283] am335x-phy-driver 47401300.usb-phy: GPIO lookup for consumer reset
[   16.694329] am335x-phy-driver 47401300.usb-phy: using device tree for GPIO lookup
[   16.694357] of_get_named_gpiod_flags: can't parse 'reset-gpios' property of node '/ocp/target-module@47400000/usb-phy@1300[0]'
[   16.694410] of_get_named_gpiod_flags: can't parse 'reset-gpio' property of node '/ocp/target-module@47400000/usb-phy@1300[0]'
[   16.694444] am335x-phy-driver 47401300.usb-phy: using lookup tables for GPIO lookup
[   16.694456] am335x-phy-driver 47401300.usb-phy: No GPIO consumer reset found
[   16.694468] am335x-phy-driver 47401300.usb-phy: GPIO lookup for consumer vbus-detect
[   16.694477] am335x-phy-driver 47401300.usb-phy: using device tree for GPIO lookup
[   16.694493] of_get_named_gpiod_flags: can't parse 'vbus-detect-gpios' property of node '/ocp/target-module@47400000/usb-phy@1300[0]'
[   16.694525] of_get_named_gpiod_flags: can't parse 'vbus-detect-gpio' property of node '/ocp/target-module@47400000/usb-phy@1300[0]'
[   16.694551] am335x-phy-driver 47401300.usb-phy: using lookup tables for GPIO lookup
[   16.694561] am335x-phy-driver 47401300.usb-phy: No GPIO consumer vbus-detect found
[   16.694693] am335x-phy-driver 47401300.usb-phy: supply vcc not found, using dummy regulator
[   16.703717] am335x-phy-driver 47401300.usb-phy: dummy supplies not allowed for exclusive requests
[   16.948643] am335x-phy-driver 47401b00.usb-phy: GPIO lookup for consumer reset
[   16.948742] am335x-phy-driver 47401b00.usb-phy: using device tree for GPIO lookup
[   16.948819] of_get_named_gpiod_flags: can't parse 'reset-gpios' property of node '/ocp/target-module@47400000/usb-phy@1b00[0]'
[   16.948874] of_get_named_gpiod_flags: can't parse 'reset-gpio' property of node '/ocp/target-module@47400000/usb-phy@1b00[0]'
[   16.948957] am335x-phy-driver 47401b00.usb-phy: using lookup tables for GPIO lookup
[   16.948971] am335x-phy-driver 47401b00.usb-phy: No GPIO consumer reset found
[   16.948983] am335x-phy-driver 47401b00.usb-phy: GPIO lookup for consumer vbus-detect
[   16.948992] am335x-phy-driver 47401b00.usb-phy: using device tree for GPIO lookup
[   16.949068] of_get_named_gpiod_flags: can't parse 'vbus-detect-gpios' property of node '/ocp/target-module@47400000/usb-phy@1b00[0]'
[   16.949104] of_get_named_gpiod_flags: can't parse 'vbus-detect-gpio' property of node '/ocp/target-module@47400000/usb-phy@1b00[0]'
[   16.949171] am335x-phy-driver 47401b00.usb-phy: using lookup tables for GPIO lookup
[   16.949184] am335x-phy-driver 47401b00.usb-phy: No GPIO consumer vbus-detect found
[   16.949419] am335x-phy-driver 47401b00.usb-phy: supply vcc not found, using dummy regulator
[   16.959506] am335x-phy-driver 47401b00.usb-phy: dummy supplies not allowed for exclusive requests
[   16.971959] wkup_m3_ipc 44e11324.wkup_m3_ipc: IPC Request for A8->M3 Channel failed! -517
[   17.308876] wkup_m3_ipc 44e11324.wkup_m3_ipc: IPC Request for A8->M3 Channel failed! -517
[   17.453297] usbcore: registered new interface driver usbfs
[   17.458916] usbcore: registered new interface driver hub
[   17.464495] usbcore: registered new device driver usb
[   18.437312] omap-mailbox 480c8000.mailbox: omap mailbox rev 0x400
[   18.467289] remoteproc remoteproc0: powering up wkup_m3
[   18.636671] tda998x 0-0070: found TDA19988
[   18.680036] remoteproc remoteproc0: Direct firmware load for am335x-pm-firmware.elf failed with error -2
[   18.689833] remoteproc remoteproc0: request_firmware failed: -2
[   18.695833] wkup_m3_ipc 44e11324.wkup_m3_ipc: rproc_boot failed
[   18.752505] musb-hdrc musb-hdrc.1: MUSB HDRC host driver
[   18.757918] musb-hdrc musb-hdrc.1: new USB bus registered, assigned bus number 1
[   19.104543] usb usb1: New USB device found, idVendor=1d6b, idProduct=0002, bcdDevice= 6.01
[   19.113049] usb usb1: New USB device strings: Mfr=3, Product=2, SerialNumber=1
[   19.120314] usb usb1: Product: MUSB HDRC host driver
[   19.125345] usb usb1: Manufacturer: Linux 6.1.148 musb-hcd
[   19.130858] usb usb1: SerialNumber: musb-hdrc.1
[   19.537490] hub 1-0:1.0: USB hub found
[   19.587814] hub 1-0:1.0: 1 port detected
[   20.666819] tilcdc 4830e000.lcdc: bound 0-0070 (ops tda998x_audio_codec_init [tda998x])
[   20.781171] omap_rng 48310000.rng: Random Number Generator ver. 20
[   20.890065] [drm] Initialized tilcdc 1.0.0 20121205 for 4830e000.lcdc on minor 0
[   20.999390] tilcdc 4830e000.lcdc: [drm] Cannot find any crtc or sizes
[   21.012396] tilcdc 4830e000.lcdc: [drm] Cannot find any crtc or sizes
[   22.074695] omap-sham 53100000.sham: hw accel on OMAP rev 4.3
[   22.146639] omap-sham 53100000.sham: will run requests pump with realtime priority
[   22.689590] omap-aes 53500000.aes: OMAP AES hw accel rev: 3.2
[   22.746847] PM: Cannot get wkup_m3_ipc handle
[   22.753270] omap-aes 53500000.aes: will run requests pump with realtime priority
[   22.937044] PM: Cannot get wkup_m3_ipc handle
[   23.289725] Bluetooth: Core ver 2.22
[   23.293724] NET: Registered PF_BLUETOOTH protocol family
[   23.299072] Bluetooth: HCI device and connection manager initialized
[   23.305558] Bluetooth: HCI socket layer initialized
[   23.310469] Bluetooth: L2CAP socket layer initialized
[   23.315623] Bluetooth: SCO socket layer initialized
[   26.255354] PM: Cannot get wkup_m3_ipc handle
[   26.261297] asoc-simple-card sound: GPIO lookup for consumer simple-audio-card,hp-det
[   26.261336] asoc-simple-card sound: using device tree for GPIO lookup
[   26.261368] of_get_named_gpiod_flags: can't parse 'simple-audio-card,hp-det-gpios' property of node '/sound[0]'
[   26.261410] of_get_named_gpiod_flags: can't parse 'simple-audio-card,hp-det-gpio' property of node '/sound[0]'
[   26.261438] asoc-simple-card sound: using lookup tables for GPIO lookup
[   26.261450] asoc-simple-card sound: No GPIO consumer simple-audio-card,hp-det found
[   26.261462] asoc-simple-card sound: GPIO lookup for consumer simple-audio-card,mic-det
[   26.261473] asoc-simple-card sound: using device tree for GPIO lookup
[   26.261488] of_get_named_gpiod_flags: can't parse 'simple-audio-card,mic-det-gpios' property of node '/sound[0]'
[   26.261513] of_get_named_gpiod_flags: can't parse 'simple-audio-card,mic-det-gpio' property of node '/sound[0]'
[   26.261533] asoc-simple-card sound: using lookup tables for GPIO lookup
[   26.261543] asoc-simple-card sound: No GPIO consumer simple-audio-card,mic-det found
[   26.374628] PM: Cannot get wkup_m3_ipc handle
[   27.085403] using random self ethernet address
[   27.089917] using random host ethernet address
[   27.358322] using random self ethernet address
[   27.363084] using random host ethernet address
[   27.619794] userial_init: registered 8 ttyGS* devices
[   27.889903] rndis_register: configNr = 0
[   28.017815] udc musb-hdrc.0: binding gadget driver [g_multi]
[   28.017908] configfs-gadget.g_multi gadget.0: adding 'rndis'/88cc9485 to config 'c'/17c64e61
[   28.018943] usb0: HOST MAC 1c:ba:8c:a2:ed:6c
[   28.023496] usb0: MAC 1c:ba:8c:a2:ed:70
[   28.027418] rndis_set_param_medium: 0 0
[   28.027440] configfs-gadget.g_multi gadget.0: RNDIS: dual speed IN/ep1in OUT/ep1out NOTIFY/ep2in
[   28.027455] configfs-gadget.g_multi gadget.0: adding 'cdc_ethernet'/758c576e to config 'c'/17c64e61
[   28.028262] usb1: HOST MAC 1c:ba:8c:a2:ed:6c
[   28.032657] usb1: MAC 1c:ba:8c:a2:ed:6d
[   28.036553] configfs-gadget.g_multi gadget.0: CDC Ethernet: dual speed IN/ep3in OUT/ep2out NOTIFY/ep4in
[   28.036572] configfs-gadget.g_multi gadget.0: adding 'acm'/957aa622 to config 'c'/17c64e61
[   28.036604] configfs-gadget.g_multi gadget.0: acm ttyGS0: dual speed IN/ep5in OUT/ep3out NOTIFY/ep6in
[   28.052195] PM: Cannot get wkup_m3_ipc handle
[   29.425906] usb1: eth_open
[   34.610531] gs_open: ttyGS0 (a4f66177,3ef1b377)
[   34.610698] gs_close: ttyGS0 (a4f66177,3ef1b377) ...
[   34.610722] gs_close: ttyGS0 (a4f66177,3ef1b377) done!
[   34.629905] gs_open: ttyGS0 (a4f66177,c76bf61d)
[   34.630044] gs_close: ttyGS0 (a4f66177,c76bf61d) ...
[   34.630063] gs_close: ttyGS0 (a4f66177,c76bf61d) done!
[   34.816148] gs_open: ttyGS0 (417ed908,471cec7f)
[   34.816365] gs_close: ttyGS0 (417ed908,471cec7f) ...
[   34.816391] gs_close: ttyGS0 (417ed908,471cec7f) done!
[   34.820508] gs_open: ttyGS0 (417ed908,7f32e653)
ZYBHXUWFVT 0
root@arm:~# echo 'GQMB''QNAEMW'
GQMBQNAEMW
root@arm:~# MARKER='MVCV''KLMWBE' run 'modprobe test_linear_ranges'
MVCVKLMWBEMVCVKLMWBE 0
root@arm:~# echo 'FSXJ''EZVKMF'
FSXJEZVKMF
root@arm:~# MARKER='LHYW''HZJMKA' run dmesg
LHYWHZJMKA[    0.000000] Booting Linux on physical CPU 0x0
[    0.000000] Linux version 6.1.148 (user01@drvtest01) (arm-none-eabi-gcc (Arm GNU Toolchain 14.2.Rel1 (Build arm-14.52)) 14.2.1 20241119, GNU ld (Arm GNU Toolchain 14.2.Rel1 (Build arm-14.52)) 2.43.1.20241119) #1 SMP Fri Aug 15 13:44:14 EEST 2025
[    0.000000] CPU: ARMv7 Processor [413fc082] revision 2 (ARMv7), cr=10c5387d
[    0.000000] CPU: PIPT / VIPT nonaliasing data cache, VIPT aliasing instruction cache
[    0.000000] OF: fdt: Machine model: TI AM335x BeagleBone Black
[    0.000000] Memory policy: Data cache writeback
[    0.000000] cma: Reserved 16 MiB at 0x9ec00000
[    0.000000] Zone ranges:
[    0.000000]   Normal   [mem 0x0000000080000000-0x000000009fdfffff]
[    0.000000]   HighMem  empty
[    0.000000] Movable zone start for each node
[    0.000000] Early memory node ranges
[    0.000000]   node   0: [mem 0x0000000080000000-0x000000009fdfffff]
[    0.000000] Initmem setup node 0 [mem 0x0000000080000000-0x000000009fdfffff]
[    0.000000] CPU: All CPU(s) started in SVC mode.
[    0.000000] AM335X ES2.1 (sgx neon)
[    0.000000] percpu: Embedded 16 pages/cpu s34196 r8192 d23148 u65536
[    0.000000] pcpu-alloc: s34196 r8192 d23148 u65536 alloc=16*4096
[    0.000000] pcpu-alloc: [0] 0 
[    0.000000] Built 1 zonelists, mobility grouping on.  Total pages: 129412
[    0.000000] Kernel command line: console=ttyO0,115200n8 root=/dev/nfs rw nfsroot=192.168.255.126:/home/user01/nfs,nfsvers=3 ip=192.168.255.1:192.168.255.126::255.255.255.0:bbb1:eth0 nfsrootdebug
[    0.000000] Unknown kernel command line parameters "nfsrootdebug", will be passed to user space.
[    0.000000] Dentry cache hash table entries: 65536 (order: 6, 262144 bytes, linear)
[    0.000000] Inode-cache hash table entries: 32768 (order: 5, 131072 bytes, linear)
[    0.000000] mem auto-init: stack:off, heap alloc:off, heap free:off
[    0.000000] Memory: 484644K/522240K available (10240K kernel code, 1145K rwdata, 2604K rodata, 1024K init, 286K bss, 21212K reserved, 16384K cma-reserved, 0K highmem)
[    0.000000] SLUB: HWalign=64, Order=0-3, MinObjects=0, CPUs=1, Nodes=1
[    0.000000] trace event string verifier disabled
[    0.000000] rcu: Hierarchical RCU implementation.
[    0.000000] rcu: 	RCU event tracing is enabled.
[    0.000000] rcu: 	RCU restricting CPUs from NR_CPUS=2 to nr_cpu_ids=1.
[    0.000000] rcu: RCU calculated value of scheduler-enlistment delay is 10 jiffies.
[    0.000000] rcu: Adjusting geometry for rcu_fanout_leaf=16, nr_cpu_ids=1
[    0.000000] NR_IRQS: 16, nr_irqs: 16, preallocated irqs: 16
[    0.000000] IRQ: Found an INTC at 0x(ptrval) (revision 5.0) with 128 interrupts
[    0.000000] rcu: srcu_init: Setting srcu_struct sizes based on contention.
[    0.000000] TI gptimer clocksource: always-on /ocp/interconnect@44c00000/segment@200000/target-module@31000
[    0.000003] sched_clock: 32 bits at 24MHz, resolution 41ns, wraps every 89478484971ns
[    0.000026] clocksource: dmtimer: mask: 0xffffffff max_cycles: 0xffffffff, max_idle_ns: 79635851949 ns
[    0.000442] TI gptimer clockevent: 24000000 Hz at /ocp/interconnect@48000000/segment@0/target-module@40000
[    0.001977] Console: colour dummy device 80x30
[    0.002024] WARNING: Your 'console=ttyO0' has been replaced by 'ttyS0'
[    0.002032] This ensures that you still see kernel messages. Please
[    0.002037] update your kernel commandline.
[    0.002078] Calibrating delay loop... 996.14 BogoMIPS (lpj=4980736)
[    0.090484] CPU: Testing write buffer coherency: ok
[    0.090581] CPU0: Spectre v2: using BPIALL workaround
[    0.090592] pid_max: default: 32768 minimum: 301
[    0.090721] LSM: Security Framework initializing
[    0.090894] Mount-cache hash table entries: 1024 (order: 0, 4096 bytes, linear)
[    0.090912] Mountpoint-cache hash table entries: 1024 (order: 0, 4096 bytes, linear)
[    0.092402] CPU0: thread -1, cpu 0, socket -1, mpidr 0
[    0.093654] Setting up static identity map for 0x80100000 - 0x80100078
[    0.093887] rcu: Hierarchical SRCU implementation.
[    0.093895] rcu: 	Max phase no-delay instances is 1000.
[    0.095201] smp: Bringing up secondary CPUs ...
[    0.095219] smp: Brought up 1 node, 1 CPU
[    0.095229] SMP: Total of 1 processors activated (996.14 BogoMIPS).
[    0.095240] CPU: All CPU(s) started in SVC mode.
[    0.096132] devtmpfs: initialized
[    0.111751] VFP support v0.3: implementor 41 architecture 3 part 30 variant c rev 3
[    0.112063] clocksource: jiffies: mask: 0xffffffff max_cycles: 0xffffffff, max_idle_ns: 19112604462750000 ns
[    0.112098] futex hash table entries: 256 (order: 2, 16384 bytes, linear)
[    0.113388] pinctrl core: initialized pinctrl subsystem
[    0.115296] NET: Registered PF_NETLINK/PF_ROUTE protocol family
[    0.117291] DMA: preallocated 256 KiB pool for atomic coherent allocations
[    0.117860] audit: initializing netlink subsys (disabled)
[    0.119051] thermal_sys: Registered thermal governor 'fair_share'
[    0.119070] thermal_sys: Registered thermal governor 'step_wise'
[    0.119076] thermal_sys: Registered thermal governor 'user_space'
[    0.119198] cpuidle: using governor menu
[    0.135825] /ocp/interconnect@44c00000/segment@200000/target-module@b000/i2c@0/tda19988@70: Fixed dependency cycle(s) with /ocp/interconnect@48000000/segment@300000/target-module@e000/lcdc@0
[    0.136862] /ocp/interconnect@48000000/segment@300000/target-module@e000/lcdc@0: Fixed dependency cycle(s) with /ocp/interconnect@44c00000/segment@200000/target-module@b000/i2c@0/tda19988@70
[    0.138872] No ATAGs?
[    0.138887] hw-breakpoint: debug architecture 0x4 unsupported.
[    0.147529] audit: type=2000 audit(0.110:1): state=initialized audit_enabled=0 res=1
[    0.147823] kprobes: kprobe jump-optimization is enabled. All kprobes are optimized if possible.
[    0.163318] reg-fixed-voltage fixedregulator0: GPIO lookup for consumer (null)
[    0.163347] reg-fixed-voltage fixedregulator0: using device tree for GPIO lookup
[    0.163367] of_get_named_gpiod_flags: can't parse 'gpios' property of node '/fixedregulator0[0]'
[    0.163403] of_get_named_gpiod_flags: can't parse 'gpio' property of node '/fixedregulator0[0]'
[    0.163425] reg-fixed-voltage fixedregulator0: using lookup tables for GPIO lookup
[    0.163435] reg-fixed-voltage fixedregulator0: No GPIO consumer (null) found
[    0.164599] iommu: Default domain type: Translated 
[    0.164611] iommu: DMA domain TLB invalidation policy: strict mode 
[    0.166046] SCSI subsystem initialized
[    0.166564] libata version 3.00 loaded.
[    0.166895] pps_core: LinuxPPS API ver. 1 registered
[    0.166905] pps_core: Software ver. 5.3.6 - Copyright 2005-2007 Rodolfo Giometti <giometti@linux.it>
[    0.166934] PTP clock support registered
[    0.180635] vgaarb: loaded
[    0.180960] clocksource: Switched to clocksource dmtimer
[    0.181559] VFS: Disk quotas dquot_6.6.0
[    0.181632] VFS: Dquot-cache hash table entries: 1024 (order 0, 4096 bytes)
[    0.198123] NET: Registered PF_INET protocol family
[    0.198460] IP idents hash table entries: 8192 (order: 4, 65536 bytes, linear)
[    0.199827] tcp_listen_portaddr_hash hash table entries: 512 (order: 0, 4096 bytes, linear)
[    0.199875] Table-perturb hash table entries: 65536 (order: 6, 262144 bytes, linear)
[    0.199893] TCP established hash table entries: 4096 (order: 2, 16384 bytes, linear)
[    0.199942] TCP bind hash table entries: 4096 (order: 4, 65536 bytes, linear)
[    0.200042] TCP: Hash tables configured (established 4096 bind 4096)
[    0.200159] UDP hash table entries: 256 (order: 1, 8192 bytes, linear)
[    0.200186] UDP-Lite hash table entries: 256 (order: 1, 8192 bytes, linear)
[    0.200361] NET: Registered PF_UNIX/PF_LOCAL protocol family
[    0.216685] RPC: Registered named UNIX socket transport module.
[    0.216706] RPC: Registered udp transport module.
[    0.216711] RPC: Registered tcp transport module.
[    0.216716] RPC: Registered tcp NFSv4.1 backchannel transport module.
[    0.216736] PCI: CLS 0 bytes, default 64
[    0.218203] Initialise system trusted keyrings
[    0.219181] workingset: timestamp_bits=14 max_order=17 bucket_order=3
[    0.228536] NFS: Registering the id_resolver key type
[    0.228614] Key type id_resolver registered
[    0.228621] Key type id_legacy registered
[    0.228673] jffs2: version 2.2. (NAND) (SUMMARY)  Â© 2001-2006 Red Hat, Inc.
[    0.229396] Key type asymmetric registered
[    0.229411] Asymmetric key parser 'x509' registered
[    0.229557] io scheduler mq-deadline registered
[    0.229569] io scheduler kyber registered
[    0.229802] io scheduler bfq registered
[    0.233438] hw perfevents: enabled with armv7_cortex_a8 PMU driver, 5 counters available
[    0.241681] l3-aon-clkctrl:0000:0: failed to disable
[    0.242010] Serial: 8250/16550 driver, 6 ports, IRQ sharing enabled
[    0.276280] brd: module loaded
[    0.297522] loop: module loaded
[    0.298414] mtdoops: mtd device (mtddev=name/number) must be supplied
[    0.299758] mdio_bus fixed-0: GPIO lookup for consumer reset
[    0.299778] mdio_bus fixed-0: using lookup tables for GPIO lookup
[    0.299788] mdio_bus fixed-0: No GPIO consumer reset found
[    0.300893] i2c_dev: i2c /dev entries driver
[    0.301984] cpuidle: enable-method property 'ti,am3352' found operations
[    0.302409] sdhci: Secure Digital Host Controller Interface driver
[    0.302420] sdhci: Copyright(c) Pierre Ossman
[    0.302595] sdhci-pltfm: SDHCI platform and OF driver helper
[    0.302843] ledtrig-cpu: registered to indicate activity on CPUs
[    0.303584] Initializing XFRM netlink socket
[    0.304151] NET: Registered PF_INET6 protocol family
[    0.315224] Segment Routing with IPv6
[    0.315299] In-situ OAM (IOAM) with IPv6
[    0.315392] sit: IPv6, IPv4 and MPLS over IPv4 tunneling driver
[    0.316279] NET: Registered PF_PACKET protocol family
[    0.316307] NET: Registered PF_KEY protocol family
[    0.316439] Key type dns_resolver registered
[    0.316552] ThumbEE CPU extension supported.
[    0.316569] Registering SWP/SWPB emulation handler
[    0.317080] omap_voltage_late_init: Voltage driver support not added
[    0.317695] SmartReflex Class3 initialized
[    0.318638] Loading compiled-in X.509 certificates
[    0.407435] /ocp/interconnect@44c00000/segment@200000/target-module@b000/i2c@0/tda19988@70: Fixed dependency cycle(s) with /ocp/interconnect@48000000/segment@300000/target-module@e000/lcdc@0
[    0.413545] /ocp/interconnect@44c00000/segment@200000/target-module@b000/i2c@0/tda19988@70: Fixed dependency cycle(s) with /ocp/interconnect@48000000/segment@300000/target-module@e000/lcdc@0
[    0.421183] /ocp/interconnect@44c00000/segment@200000/target-module@b000/i2c@0/tda19988@70: Fixed dependency cycle(s) with /ocp/interconnect@48000000/segment@300000/target-module@e000/lcdc@0
[    0.422049] /ocp/interconnect@44c00000/segment@200000/target-module@b000/i2c@0/tda19988@70: Fixed dependency cycle(s) with /ocp/interconnect@48000000/segment@300000/target-module@e000/lcdc@0
[    0.425140] /ocp/interconnect@44c00000/segment@200000/target-module@10000/scm@0/pinmux@800: Fixed dependency cycle(s) with /ocp/interconnect@44c00000/segment@200000/target-module@10000/scm@0/pinmux@800/pinmux_clkout2_pin
[    0.425723] pinctrl-single 44e10800.pinmux: 142 pins, size 568
[    0.430406] ti-sysc: probe of 44e31000.target-module failed with error -16
[    0.470436] /ocp/interconnect@48000000/segment@300000/target-module@e000/lcdc@0: Fixed dependency cycle(s) with /ocp/interconnect@44c00000/segment@200000/target-module@b000/i2c@0/tda19988@70
[    0.477771] ti-sysc: probe of 48040000.target-module failed with error -16
[    0.488120] gpio gpiochip0: (gpio-0-31): created GPIO range 0->7 ==> 44e10800.pinmux PIN 0->7
[    0.488158] gpio gpiochip0: (gpio-0-31): created GPIO range 8->11 ==> 44e10800.pinmux PIN 90->93
[    0.488174] gpio gpiochip0: (gpio-0-31): created GPIO range 12->27 ==> 44e10800.pinmux PIN 12->27
[    0.488189] gpio gpiochip0: (gpio-0-31): created GPIO range 28->31 ==> 44e10800.pinmux PIN 30->33
[    0.488254] gpio gpiochip0: (gpio-0-31): not an immutable chip, please consider fixing it!
[    0.514834] gpio gpiochip0: (gpio-0-31): added GPIO chardev (254:0)
[    0.515003] gpio gpiochip0: registered GPIOs 0 to 31 on gpio-0-31
[    0.515086] OMAP GPIO hardware version 0.1
[    0.533199] i2c i2c-2: GPIO lookup for consumer scl
[    0.533229] i2c i2c-2: using device tree for GPIO lookup
[    0.533254] of_get_named_gpiod_flags: can't parse 'scl-gpios' property of node '/ocp/interconnect@48000000/segment@100000/target-module@9c000/i2c@0[0]'
[    0.533298] of_get_named_gpiod_flags: can't parse 'scl-gpio' property of node '/ocp/interconnect@48000000/segment@100000/target-module@9c000/i2c@0[0]'
[    0.533338] i2c i2c-2: using lookup tables for GPIO lookup
[    0.533348] i2c i2c-2: No GPIO consumer scl found
[    0.533368] i2c i2c-2: GPIO lookup for consumer sda
[    0.533375] i2c i2c-2: using device tree for GPIO lookup
[    0.533389] of_get_named_gpiod_flags: can't parse 'sda-gpios' property of node '/ocp/interconnect@48000000/segment@100000/target-module@9c000/i2c@0[0]'
[    0.533425] of_get_named_gpiod_flags: can't parse 'sda-gpio' property of node '/ocp/interconnect@48000000/segment@100000/target-module@9c000/i2c@0[0]'
[    0.533459] i2c i2c-2: using lookup tables for GPIO lookup
[    0.533466] i2c i2c-2: No GPIO consumer sda found
[    0.534130] omap_i2c 4819c000.i2c: bus 2 rev0.11 at 100 kHz
[    0.539228] gpio gpiochip1: (gpio-32-63): created GPIO range 0->17 ==> 44e10800.pinmux PIN 34->51
[    0.539263] gpio gpiochip1: (gpio-32-63): created GPIO range 18->21 ==> 44e10800.pinmux PIN 77->80
[    0.539279] gpio gpiochip1: (gpio-32-63): created GPIO range 22->31 ==> 44e10800.pinmux PIN 56->65
[    0.539344] gpio gpiochip1: (gpio-32-63): not an immutable chip, please consider fixing it!
[    0.555392] gpio gpiochip1: (gpio-32-63): added GPIO chardev (254:1)
[    0.555530] gpio gpiochip1: registered GPIOs 32 to 63 on gpio-32-63
[    0.557599] gpio gpiochip2: (gpio-64-95): created GPIO range 0->4 ==> 44e10800.pinmux PIN 66->70
[    0.557627] gpio gpiochip2: (gpio-64-95): created GPIO range 5->6 ==> 44e10800.pinmux PIN 98->99
[    0.557643] gpio gpiochip2: (gpio-64-95): created GPIO range 7->8 ==> 44e10800.pinmux PIN 75->76
[    0.557658] gpio gpiochip2: (gpio-64-95): created GPIO range 13->13 ==> 44e10800.pinmux PIN 141->141
[    0.557674] gpio gpiochip2: (gpio-64-95): created GPIO range 14->21 ==> 44e10800.pinmux PIN 100->107
[    0.557737] gpio gpiochip2: (gpio-64-95): not an immutable chip, please consider fixing it!
[    0.558197] gpio gpiochip2: (gpio-64-95): added GPIO chardev (254:2)
[    0.558308] gpio gpiochip2: registered GPIOs 64 to 95 on gpio-64-95
[    0.564240] /ocp/interconnect@48000000/segment@300000/target-module@e000/lcdc@0: Fixed dependency cycle(s) with /ocp/interconnect@44c00000/segment@200000/target-module@b000/i2c@0/tda19988@70
[    0.566821] /ocp/interconnect@48000000/segment@300000/target-module@e000/lcdc@0: Fixed dependency cycle(s) with /ocp/interconnect@44c00000/segment@200000/target-module@b000/i2c@0/tda19988@70
[    0.567468] /ocp/interconnect@44c00000/segment@200000/target-module@b000/i2c@0/tda19988@70: Fixed dependency cycle(s) with /ocp/interconnect@48000000/segment@300000/target-module@e000/lcdc@0
[    0.567625] /ocp/interconnect@48000000/segment@300000/target-module@e000/lcdc@0: Fixed dependency cycle(s) with /ocp/interconnect@44c00000/segment@200000/target-module@b000/i2c@0/tda19988@70
[    0.576306] mdio_bus 4a101000.mdio: GPIO lookup for consumer reset
[    0.576334] mdio_bus 4a101000.mdio: using device tree for GPIO lookup
[    0.576357] of_get_named_gpiod_flags: can't parse 'reset-gpios' property of node '/ocp/interconnect@4a000000/segment@0/target-module@100000/switch@0/mdio@1000[0]'
[    0.576403] of_get_named_gpiod_flags: can't parse 'reset-gpio' property of node '/ocp/interconnect@4a000000/segment@0/target-module@100000/switch@0/mdio@1000[0]'
[    0.576449] mdio_bus 4a101000.mdio: using lookup tables for GPIO lookup
[    0.576458] mdio_bus 4a101000.mdio: No GPIO consumer reset found
[    0.577505] sdhci-omap 481d8000.mmc: GPIO lookup for consumer wp
[    0.577530] sdhci-omap 481d8000.mmc: using device tree for GPIO lookup
[    0.577547] of_get_named_gpiod_flags: can't parse 'wp-gpios' property of node '/ocp/interconnect@48000000/segment@100000/target-module@d8000/mmc@0[0]'
[    0.577594] of_get_named_gpiod_flags: can't parse 'wp-gpio' property of node '/ocp/interconnect@48000000/segment@100000/target-module@d8000/mmc@0[0]'
[    0.577630] sdhci-omap 481d8000.mmc: using lookup tables for GPIO lookup
[    0.577638] sdhci-omap 481d8000.mmc: No GPIO consumer wp found
[    0.577823] sdhci-omap 481d8000.mmc: supply pbias not found, using dummy regulator
[    0.578262] sdhci-omap 481d8000.mmc: supply vqmmc not found, using dummy regulator
[    0.634571] davinci_mdio 4a101000.mdio: davinci mdio revision 1.6, bus freq 1000000
[    0.654760] mdio_bus 4a101000.mdio:00: GPIO lookup for consumer reset
[    0.654784] mdio_bus 4a101000.mdio:00: using device tree for GPIO lookup
[    0.654825] of_get_named_gpiod_flags: parsed 'reset-gpios' property of node '/ocp/interconnect@4a000000/segment@0/target-module@100000/switch@0/mdio@1000/ethernet-phy@0[0]' - status (0)
[    0.654986] gpio gpiochip0: Persistence not supported for GPIO 8
[    0.811244] davinci_mdio 4a101000.mdio: phy[0]: device 4a101000.mdio:00, driver SMSC LAN8710/LAN8720
[    0.811833] cpsw-switch 4a100000.switch: initialized cpsw ale version 1.4
[    0.811853] cpsw-switch 4a100000.switch: ALE Table size 1024
[    0.812142] cpsw-switch 4a100000.switch: cpts: overflow check period 500 (jiffies)
[    0.812162] cpsw-switch 4a100000.switch: CPTS: ref_clk_freq:250000000 calc_mult:2147483648 calc_shift:29 error:0 nsec/sec
[    0.812254] cpsw-switch 4a100000.switch: Detected MACID = 6c:ec:eb:68:de:78
[    0.813934] cpsw-switch 4a100000.switch: initialized (regs 0x4a100000, pool size 256) hw_ver:0019010C 1.12 (0)
[    0.823920] debugfs: Directory '49000000.dma' with parent 'dmaengine' already present!
[    0.823961] edma 49000000.dma: TI EDMA DMA engine driver
[    0.870149] gpio-clk clk_mcasp0: GPIO lookup for consumer enable
[    0.870182] gpio-clk clk_mcasp0: using device tree for GPIO lookup
[    0.870220] of_get_named_gpiod_flags: parsed 'enable-gpios' property of node '/clk_mcasp0[0]' - status (0)
[    0.870263] gpio gpiochip0: Persistence not supported for GPIO 27
[    0.871309] gpio gpiochip3: (gpio-96-127): created GPIO range 0->7 ==> 44e10800.pinmux PIN 82->89
[    0.871346] gpio gpiochip3: (gpio-96-127): created GPIO range 8->11 ==> 44e10800.pinmux PIN 52->55
[    0.871362] gpio gpiochip3: (gpio-96-127): created GPIO range 12->15 ==> 44e10800.pinmux PIN 94->97
[    0.871379] gpio gpiochip3: (gpio-96-127): created GPIO range 16->17 ==> 44e10800.pinmux PIN 71->72
[    0.871394] gpio gpiochip3: (gpio-96-127): created GPIO range 18->18 ==> 44e10800.pinmux PIN 135->135
[    0.871410] gpio gpiochip3: (gpio-96-127): created GPIO range 19->20 ==> 44e10800.pinmux PIN 108->109
[    0.871426] gpio gpiochip3: (gpio-96-127): created GPIO range 21->21 ==> 44e10800.pinmux PIN 73->73
[    0.871443] gpio gpiochip3: (gpio-96-127): created GPIO range 22->23 ==> 44e10800.pinmux PIN 8->9
[    0.871459] gpio gpiochip3: (gpio-96-127): created GPIO range 26->27 ==> 44e10800.pinmux PIN 10->11
[    0.871476] gpio gpiochip3: (gpio-96-127): created GPIO range 28->28 ==> 44e10800.pinmux PIN 74->74
[    0.871493] gpio gpiochip3: (gpio-96-127): created GPIO range 29->29 ==> 44e10800.pinmux PIN 81->81
[    0.871511] gpio gpiochip3: (gpio-96-127): created GPIO range 30->31 ==> 44e10800.pinmux PIN 28->29
[    0.871582] gpio gpiochip3: (gpio-96-127): not an immutable chip, please consider fixing it!
[    0.872403] gpio gpiochip3: (gpio-96-127): added GPIO chardev (254:3)
[    0.872534] gpio gpiochip3: registered GPIOs 96 to 127 on gpio-96-127
[    0.874092] omap8250 44e09000.serial: GPIO lookup for consumer rs485-term
[    0.874115] omap8250 44e09000.serial: using device tree for GPIO lookup
[    0.874137] of_get_named_gpiod_flags: can't parse 'rs485-term-gpios' property of node '/ocp/interconnect@44c00000/segment@200000/target-module@9000/serial@0[0]'
[    0.874185] of_get_named_gpiod_flags: can't parse 'rs485-term-gpio' property of node '/ocp/interconnect@44c00000/segment@200000/target-module@9000/serial@0[0]'
[    0.874226] omap8250 44e09000.serial: using lookup tables for GPIO lookup
[    0.874236] omap8250 44e09000.serial: No GPIO consumer rs485-term found
[    0.874284] 44e09000.serial: ttyS0 at MMIO 0x44e09000 (irq = 34, base_baud = 3000000) is a 8250
[    2.168938] printk: console [ttyS0] enabled
[    2.175770] i2c i2c-0: GPIO lookup for consumer scl
[    2.175808] i2c i2c-0: using device tree for GPIO lookup
[    2.175832] of_get_named_gpiod_flags: can't parse 'scl-gpios' property of node '/ocp/interconnect@44c00000/segment@200000/target-module@b000/i2c@0[0]'
[    2.175878] of_get_named_gpiod_flags: can't parse 'scl-gpio' property of node '/ocp/interconnect@44c00000/segment@200000/target-module@b000/i2c@0[0]'
[    2.175919] i2c i2c-0: using lookup tables for GPIO lookup
[    2.175931] i2c i2c-0: No GPIO consumer scl found
[    2.175953] i2c i2c-0: GPIO lookup for consumer sda
[    2.175962] i2c i2c-0: using device tree for GPIO lookup
[    2.175977] of_get_named_gpiod_flags: can't parse 'sda-gpios' property of node '/ocp/interconnect@44c00000/segment@200000/target-module@b000/i2c@0[0]'
[    2.176016] of_get_named_gpiod_flags: can't parse 'sda-gpio' property of node '/ocp/interconnect@44c00000/segment@200000/target-module@b000/i2c@0[0]'
[    2.176050] i2c i2c-0: using lookup tables for GPIO lookup
[    2.176060] i2c i2c-0: No GPIO consumer sda found
[    2.201840] tps65217-pmic: Failed to locate of_node [id: -1]
[    2.217671] tps65217-bl: Failed to locate of_node [id: -1]
[    2.226329] tps65217 0-0024: TPS65217 ID 0xe version 1.2
[    2.232346] /ocp/interconnect@48000000/segment@300000/target-module@e000/lcdc@0: Fixed dependency cycle(s) with /ocp/interconnect@44c00000/segment@200000/target-module@b000/i2c@0/tda19988@70
[    2.249694] /ocp/interconnect@44c00000/segment@200000/target-module@b000/i2c@0/tda19988@70: Fixed dependency cycle(s) with /ocp/interconnect@48000000/segment@300000/target-module@e000/lcdc@0
[    2.267034] omap_i2c 44e0b000.i2c: bus 0 rev0.11 at 400 kHz
[    2.274357] sdhci-omap 48060000.mmc: GPIO lookup for consumer cd
[    2.274387] sdhci-omap 48060000.mmc: using device tree for GPIO lookup
[    2.274427] of_get_named_gpiod_flags: parsed 'cd-gpios' property of node '/ocp/interconnect@48000000/segment@0/target-module@60000/mmc@0[0]' - status (0)
[    2.274545] gpio gpiochip3: Persistence not supported for GPIO 6
[    2.274569] omap_gpio 44e07000.gpio: Could not set line 6 debounce to 200000 microseconds (-22)
[    2.283417] sdhci-omap 48060000.mmc: Got CD GPIO
[    2.288064] sdhci-omap 48060000.mmc: GPIO lookup for consumer wp
[    2.288075] sdhci-omap 48060000.mmc: using device tree for GPIO lookup
[    2.288095] of_get_named_gpiod_flags: can't parse 'wp-gpios' property of node '/ocp/interconnect@48000000/segment@0/target-module@60000/mmc@0[0]'
[    2.288140] of_get_named_gpiod_flags: can't parse 'wp-gpio' property of node '/ocp/interconnect@48000000/segment@0/target-module@60000/mmc@0[0]'
[    2.288180] sdhci-omap 48060000.mmc: using lookup tables for GPIO lookup
[    2.288191] sdhci-omap 48060000.mmc: No GPIO consumer wp found
[    2.288384] sdhci-omap 48060000.mmc: supply pbias not found, using dummy regulator
[    2.297129] sdhci-omap 481d8000.mmc: GPIO lookup for consumer wp
[    2.297159] sdhci-omap 481d8000.mmc: using device tree for GPIO lookup
[    2.297179] of_get_named_gpiod_flags: can't parse 'wp-gpios' property of node '/ocp/interconnect@48000000/segment@100000/target-module@d8000/mmc@0[0]'
[    2.297227] of_get_named_gpiod_flags: can't parse 'wp-gpio' property of node '/ocp/interconnect@48000000/segment@100000/target-module@d8000/mmc@0[0]'
[    2.297266] sdhci-omap 481d8000.mmc: using lookup tables for GPIO lookup
[    2.297276] sdhci-omap 481d8000.mmc: No GPIO consumer wp found
[    2.297860] sdhci-omap 48060000.mmc: supply vqmmc not found, using dummy regulator
[    2.308812] sdhci-omap 481d8000.mmc: supply pbias not found, using dummy regulator
[    2.317191] sdhci-omap 481d8000.mmc: supply vqmmc not found, using dummy regulator
[    2.351002] mmc1: SDHCI controller on 481d8000.mmc [481d8000.mmc] using External DMA
[    2.359791] mmc0: SDHCI controller on 48060000.mmc [48060000.mmc] using External DMA
[    2.368510] cpsw-switch 4a100000.switch: starting ndev. mode: dual_mac
[    2.431271] mmc1: new high speed MMC card at address 0001
[    2.438055] mmcblk1: mmc1:0001 MMC04G 3.60 GiB 
[    2.445612]  mmcblk1: p1 p2
[    2.449045] mmc0: new high speed SDHC card at address aaaa
[    2.456244] mmcblk1boot0: mmc1:0001 MMC04G 2.00 MiB 
[    2.462631] mmcblk0: mmc0:aaaa SE32G 29.7 GiB 
[    2.468983] mmcblk1boot1: mmc1:0001 MMC04G 2.00 MiB 
[    2.477095] mmcblk1rpmb: mmc1:0001 MMC04G 128 KiB, chardev (250:0)
[    2.483809]  mmcblk0: p1 p2
[    2.522151] SMSC LAN8710/LAN8720 4a101000.mdio:00: attached PHY driver (mii_bus:phy_addr=4a101000.mdio:00, irq=POLL)
[    5.681713] cpsw-switch 4a100000.switch eth0: Link is Up - 100Mbps/Full - flow control off
[    5.690107] IPv6: ADDRCONF(NETDEV_CHANGE): eth0: link becomes ready
[    5.740977] IP-Config: Complete:
[    5.744248]      device=eth0, hwaddr=6c:ec:eb:68:de:78, ipaddr=192.168.255.1, mask=255.255.255.0, gw=255.255.255.255
[    5.754869]      host=bbb1, domain=, nis-domain=(none)
[    5.760033]      bootserver=192.168.255.126, rootserver=192.168.255.126, rootpath=
[    5.760465] clk: Disabling unused clocks
[    5.772331] KTAP version 1
[    5.775060] 1..0
[    5.798546] VFS: Mounted root (nfs filesystem) on device 0:16.
[    5.805625] devtmpfs: mounted
[    5.809975] Freeing unused kernel image (initmem) memory: 1024K
[    5.816622] Run /sbin/init as init process
[    5.820748]   with arguments:
[    5.820759]     /sbin/init
[    5.820766]     nfsrootdebug
[    5.820773]   with environment:
[    5.820780]     HOME=/
[    5.820787]     TERM=linux
[    6.495923] systemd[1]: System time before build time, advancing clock.
[    7.940967] random: crng init done
[    8.012404] systemd[1]: systemd 232 running in system mode. (+PAM +AUDIT +SELINUX +IMA +APPARMOR +SMACK +SYSVINIT +UTMP +LIBCRYPTSETUP +GCRYPT +GNUTLS +ACL +XZ +LZ4 +SECCOMP +BLKID +ELFUTILS +KMOD +IDN)
[    8.031583] systemd[1]: Detected architecture arm.
[    8.073780] systemd[1]: Set hostname to <arm>.
[    9.125787] systemd[1]: Listening on Journal Audit Socket.
[    9.163079] systemd[1]: Listening on udev Control Socket.
[    9.202796] systemd[1]: Listening on /dev/initctl Compatibility Named Pipe.
[    9.241903] systemd[1]: Started Dispatch Password Requests to Console Directory Watch.
[    9.281282] systemd[1]: Reached target Swap.
[    9.312458] systemd[1]: Created slice System Slice.
[    9.352318] systemd[1]: Created slice system-serial\x2dgetty.slice.
[   11.649967] systemd-journald[103]: Received request to flush runtime journal from PID 1
[   14.491512] of_get_named_gpiod_flags: parsed 'gpios' property of node '/leds/led2[0]' - status (0)
[   14.491604] gpio gpiochip0: Persistence not supported for GPIO 21
[   14.491617] gpio-21 (?): no flags found for gpios
[   14.491852] of_get_named_gpiod_flags: parsed 'gpios' property of node '/leds/led3[0]' - status (0)
[   14.491891] gpio gpiochip0: Persistence not supported for GPIO 22
[   14.491901] gpio-22 (?): no flags found for gpios
[   14.506306] of_get_named_gpiod_flags: parsed 'gpios' property of node '/leds/led4[0]' - status (0)
[   14.506380] gpio gpiochip0: Persistence not supported for GPIO 23
