Labgrid Console Logfile for main
Logfile started at 2025-01-09 07:53:36.059428
=== Log starts here ===
reading args
spl_load_image_fat_os: error reading image args, err - -1
reading u-boot.img
reading u-boot.img


U-Boot 2014.04-00014-g47880f5 (Apr 22 2014 - 13:23:54)

I2C:   ready
DRAM:  512 MiB
NAND:  0 MiB
MMC:   OMAP SD/MMC: 0, OMAP SD/MMC: 1
*** Warning - readenv() failed, using default environment

Net:   <ethaddr> not set. Validating first E-fuse MAC
cpsw, usb_ether
Hit any key to stop autoboot:  1  0 
gpio: pin 53 (gpio 53) value is 1
mmc0 is current device
gpio: pin 54 (gpio 54) value is 1
SD/MMC found on device 0
reading uEnv.txt
569 bytes read in 4 ms (138.7 KiB/s)
gpio: pin 55 (gpio 55) value is 1
Loaded environment from uEnv.txt
Importing environment from mmc ...
Checking if uenvcmd is set ...
gpio: pin 56 (gpio 56) value is 1
Running uenvcmd ...
cpsw Waiting for PHY auto negotiation to complete. done
link up on port 0, speed 100, full duplex
Using cpsw device
TFTP from server 192.168.255.126; our IP address is 192.168.255.1
Filename 'zImage'.
Load address: 0x81000000
Loading: *T #################################################################
	 #################################################################
	 #################################################################
	 #################################################################
	 #################################################################
	 ######################################################
	 750 KiB/s
done
Bytes transferred = 5549872 (54af30 hex)
link up on port 0, speed 100, full duplex
Using cpsw device
TFTP from server 192.168.255.126; our IP address is 192.168.255.1
Filename 'am335x-boneblack.dtb'.
Load address: 0x82000000
Loading: *#######
	 1.4 MiB/s
done
Bytes transferred = 98244 (17fc4 hex)
Kernel image @ 0x81000000 [ 0x000000 - 0x54af30 ]
## Flattened Device Tree blob at 82000000
   Booting using the fdt blob at 0x82000000
   Using Device Tree in place at 82000000, end 8201afc3

Starting kernel ...

[    0.000000] Booting Linux on physical CPU 0x0
[    0.000000] Linux version 6.13.0-rc6-next-20250109 (user01@drvtest01) (arm-linux-gnueabihf-gcc (Linaro GCC 6.4-2017.11) 6.4.1 20171012, GNU ld (Linaro_Binutils-2017.11) 2.27.0.20161229) #6 SMP Thu Jan  9 07:52:44 EET 2025
[    0.000000] CPU: ARMv7 Processor [413fc082] revision 2 (ARMv7), cr=10c5387d
[    0.000000] CPU: PIPT / VIPT nonaliasing data cache, VIPT aliasing instruction cache
[    0.000000] OF: fdt: Machine model: TI AM335x BeagleBone Black
[    0.000000] Memory policy: Data cache writeback
[    0.000000] cma: Reserved 16 MiB at 0x9e800000 on node -1
[    0.000000] Zone ranges:
[    0.000000]   Normal   [mem 0x0000000080000000-0x000000009fdfffff]
[    0.000000]   HighMem  empty
[    0.000000] Movable zone start for each node
[    0.000000] Early memory node ranges
[    0.000000]   node   0: [mem 0x0000000080000000-0x000000009fdfffff]
[    0.000000] Initmem setup node 0 [mem 0x0000000080000000-0x000000009fdfffff]
[    0.000000] OF: reserved mem: Reserved memory: No reserved-memory node in the DT
[    0.000000] CPU: All CPU(s) started in SVC mode.
[    0.000000] AM335X ES2.1 (sgx neon)
[    0.000000] percpu: Embedded 17 pages/cpu s39628 r8192 d21812 u69632
[    0.000000] Kernel command line: console=ttyO0,115200n8 root=/dev/nfs rw nfsroot=192.168.255.126:/home/user01/nfs,nfsvers=3 ip=192.168.255.1:192.168.255.126::255.255.255.0:bbb1:eth0 nfsrootdebug
[    0.000000] Unknown kernel command line parameters "nfsrootdebug", will be passed to user space.
[    0.000000] printk: log buffer data + meta data: 65536 + 204800 = 270336 bytes
[    0.000000] Dentry cache hash table entries: 65536 (order: 6, 262144 bytes, linear)
[    0.000000] Inode-cache hash table entries: 32768 (order: 5, 131072 bytes, linear)
[    0.000000] Built 1 zonelists, mobility grouping on.  Total pages: 130560
[    0.000000] mem auto-init: stack:off, heap alloc:off, heap free:off
[    0.000000] SLUB: HWalign=64, Order=0-3, MinObjects=0, CPUs=1, Nodes=1
[    0.000000] rcu: Hierarchical RCU implementation.
[    0.000000] rcu: 	RCU event tracing is enabled.
[    0.000000] rcu: 	RCU restricting CPUs from NR_CPUS=2 to nr_cpu_ids=1.
[    0.000000] 	Tracing variant of Tasks RCU enabled.
[    0.000000] rcu: RCU calculated value of scheduler-enlistment delay is 10 jiffies.
[    0.000000] rcu: Adjusting geometry for rcu_fanout_leaf=16, nr_cpu_ids=1
[    0.000000] RCU Tasks Trace: Setting shift to 0 and lim to 1 rcu_task_cb_adjust=1 rcu_task_cpu_ids=1.
[    0.000000] NR_IRQS: 16, nr_irqs: 16, preallocated irqs: 16
[    0.000000] IRQ: Found an INTC at 0x(ptrval) (revision 5.0) with 128 interrupts
[    0.000000] rcu: srcu_init: Setting srcu_struct sizes based on contention.
[    0.000000] TI gptimer clocksource: always-on /ocp/interconnect@44c00000/segment@200000/target-module@31000
[    0.000003] sched_clock: 32 bits at 24MHz, resolution 41ns, wraps every 89478484971ns
[    0.000024] clocksource: dmtimer: mask: 0xffffffff max_cycles: 0xffffffff, max_idle_ns: 79635851949 ns
[    0.000513] TI gptimer clockevent: 24000000 Hz at /ocp/interconnect@48000000/segment@0/target-module@40000
[    0.002172] Console: colour dummy device 80x30
[    0.002239] WARNING: Your 'console=ttyO0' has been replaced by 'ttyS0'
[    0.002247] This ensures that you still see kernel messages. Please
[    0.002252] update your kernel commandline.
[    0.002295] Calibrating delay loop... 996.14 BogoMIPS (lpj=4980736)
[    0.090564] CPU: Testing write buffer coherency: ok
[    0.090679] CPU0: Spectre v2: using BPIALL workaround
[    0.090691] pid_max: default: 32768 minimum: 301
[    0.090811] LSM: initializing lsm=capability
[    0.090988] Mount-cache hash table entries: 1024 (order: 0, 4096 bytes, linear)
[    0.091009] Mountpoint-cache hash table entries: 1024 (order: 0, 4096 bytes, linear)
[    0.092663] CPU0: thread -1, cpu 0, socket -1, mpidr 0
[    0.160926] Setting up static identity map for 0x80100000 - 0x80100078
[    0.170715] rcu: Hierarchical SRCU implementation.
[    0.170728] rcu: 	Max phase no-delay instances is 1000.
[    0.190761] smp: Bringing up secondary CPUs ...
[    0.190820] smp: Brought up 1 node, 1 CPU
[    0.190835] SMP: Total of 1 processors activated (996.14 BogoMIPS).
[    0.190846] CPU: All CPU(s) started in SVC mode.
[    0.191017] Memory: 480836K/522240K available (11264K kernel code, 1214K rwdata, 2908K rodata, 1024K init, 296K bss, 23388K reserved, 16384K cma-reserved, 0K highmem)
[    0.191891] devtmpfs: initialized
[    0.208735] VFP support v0.3: implementor 41 architecture 3 part 30 variant c rev 3
[    0.209083] clocksource: jiffies: mask: 0xffffffff max_cycles: 0xffffffff, max_idle_ns: 19112604462750000 ns
[    0.209119] futex hash table entries: 256 (order: 2, 16384 bytes, linear)
[    0.210409] pinctrl core: initialized pinctrl subsystem
[    0.213430] NET: Registered PF_NETLINK/PF_ROUTE protocol family
[    0.216238] DMA: preallocated 256 KiB pool for atomic coherent allocations
[    0.217136] audit: initializing netlink subsys (disabled)
[    0.218559] thermal_sys: Registered thermal governor 'fair_share'
[    0.218575] thermal_sys: Registered thermal governor 'step_wise'
[    0.218586] thermal_sys: Registered thermal governor 'user_space'
[    0.218741] audit: type=2000 audit(0.210:1): state=initialized audit_enabled=0 res=1
[    0.218777] cpuidle: using governor menu
[    0.237121] /ocp/interconnect@44c00000/segment@200000/target-module@b000/i2c@0/tda19988@70: Fixed dependency cycle(s) with /ocp/interconnect@48000000/segment@300000/target-module@e000/lcdc@0
[    0.238302] /ocp/interconnect@48000000/segment@300000/target-module@e000/lcdc@0: Fixed dependency cycle(s) with /ocp/interconnect@44c00000/segment@200000/target-module@b000/i2c@0/tda19988@70
[    0.240516] No ATAGs?
[    0.240537] hw-breakpoint: debug architecture 0x4 unsupported.
[    0.243551] kprobes: kprobe jump-optimization is enabled. All kprobes are optimized if possible.
[    0.254207] iommu: Default domain type: Translated
[    0.254231] iommu: DMA domain TLB invalidation policy: strict mode
[    0.261986] SCSI subsystem initialized
[    0.262857] pps_core: LinuxPPS API ver. 1 registered
[    0.262869] pps_core: Software ver. 5.3.6 - Copyright 2005-2007 Rodolfo Giometti <giometti@linux.it>
[    0.262893] PTP clock support registered
[    0.271360] vgaarb: loaded
[    0.271781] clocksource: Switched to clocksource dmtimer
[    0.272436] VFS: Disk quotas dquot_6.6.0
[    0.272480] VFS: Dquot-cache hash table entries: 1024 (order 0, 4096 bytes)
[    0.297033] NET: Registered PF_INET protocol family
[    0.297387] IP idents hash table entries: 8192 (order: 4, 65536 bytes, linear)
[    0.298813] tcp_listen_portaddr_hash hash table entries: 512 (order: 0, 4096 bytes, linear)
[    0.298852] Table-perturb hash table entries: 65536 (order: 6, 262144 bytes, linear)
[    0.298869] TCP established hash table entries: 4096 (order: 2, 16384 bytes, linear)
[    0.298914] TCP bind hash table entries: 4096 (order: 4, 65536 bytes, linear)
[    0.299014] TCP: Hash tables configured (established 4096 bind 4096)
[    0.299132] UDP hash table entries: 256 (order: 1, 14336 bytes, linear)
[    0.299170] UDP-Lite hash table entries: 256 (order: 1, 14336 bytes, linear)
[    0.299349] NET: Registered PF_UNIX/PF_LOCAL protocol family
[    0.302717] RPC: Registered named UNIX socket transport module.
[    0.302739] RPC: Registered udp transport module.
[    0.302745] RPC: Registered tcp transport module.
[    0.302750] RPC: Registered tcp-with-tls transport module.
[    0.302756] RPC: Registered tcp NFSv4.1 backchannel transport module.
[    0.302781] PCI: CLS 0 bytes, default 64
[    0.304246] Initialise system trusted keyrings
[    0.312720] workingset: timestamp_bits=14 max_order=17 bucket_order=3
[    0.314061] NFS: Registering the id_resolver key type
[    0.314142] Key type id_resolver registered
[    0.314149] Key type id_legacy registered
[    0.314202] jffs2: version 2.2. (NAND) (SUMMARY)  Â© 2001-2006 Red Hat, Inc.
[    0.314610] Key type asymmetric registered
[    0.314627] Asymmetric key parser 'x509' registered
[    0.314694] io scheduler mq-deadline registered
[    0.314705] io scheduler kyber registered
[    0.314777] io scheduler bfq registered
[    0.316377] ledtrig-cpu: registered to indicate activity on CPUs
[    0.322574] Serial: 8250/16550 driver, 6 ports, IRQ sharing enabled
[    0.377011] brd: module loaded
[    0.396955] loop: module loaded
[    0.397884] mtdoops: mtd device (mtddev=name/number) must be supplied
[    0.401017] i2c_dev: i2c /dev entries driver
[    0.402194] cpuidle: enable-method property 'ti,am3352' found operations
[    0.402666] sdhci: Secure Digital Host Controller Interface driver
[    0.402677] sdhci: Copyright(c) Pierre Ossman
[    0.402855] sdhci-pltfm: SDHCI platform and OF driver helper
[    0.403889] Initializing XFRM netlink socket
[    0.404043] NET: Registered PF_INET6 protocol family
[    0.414035] Segment Routing with IPv6
[    0.414130] In-situ OAM (IOAM) with IPv6
[    0.414230] sit: IPv6, IPv4 and MPLS over IPv4 tunneling driver
[    0.415186] NET: Registered PF_PACKET protocol family
[    0.415221] NET: Registered PF_KEY protocol family
[    0.415339] Key type dns_resolver registered
[    0.415613] ThumbEE CPU extension supported.
[    0.415635] Registering SWP/SWPB emulation handler
[    0.416176] omap_voltage_late_init: Voltage driver support not added
[    0.416535] SmartReflex Class3 initialized
[    0.442764] Loading compiled-in X.509 certificates
[    0.490765] /ocp/interconnect@44c00000/segment@200000/target-module@b000/i2c@0/tda19988@70: Fixed dependency cycle(s) with /ocp/interconnect@48000000/segment@300000/target-module@e000/lcdc@0
[    0.497407] /ocp/interconnect@44c00000/segment@200000/target-module@b000/i2c@0/tda19988@70: Fixed dependency cycle(s) with /ocp/interconnect@48000000/segment@300000/target-module@e000/lcdc@0
[    0.527130] /ocp/interconnect@44c00000/segment@200000/target-module@b000/i2c@0/tda19988@70: Fixed dependency cycle(s) with /ocp/interconnect@48000000/segment@300000/target-module@e000/lcdc@0
[    0.528005] /ocp/interconnect@44c00000/segment@200000/target-module@b000/i2c@0/tda19988@70: Fixed dependency cycle(s) with /ocp/interconnect@48000000/segment@300000/target-module@e000/lcdc@0
[    0.531467] /ocp/interconnect@44c00000/segment@200000/target-module@10000/scm@0/pinmux@800: Fixed dependency cycle(s) with /ocp/interconnect@44c00000/segment@200000/target-module@10000/scm@0/pinmux@800/clkout2-pins
[    0.532264] pinctrl-single 44e10800.pinmux: 142 pins, size 568
[    0.537520] ti-sysc 44e31000.target-module: probe with driver ti-sysc failed with error -16
[    0.569376] /ocp/interconnect@48000000/segment@300000/target-module@e000/lcdc@0: Fixed dependency cycle(s) with /ocp/interconnect@44c00000/segment@200000/target-module@b000/i2c@0/tda19988@70
[    0.577610] ti-sysc 48040000.target-module: probe with driver ti-sysc failed with error -16
[    0.630096] OMAP GPIO hardware version 0.1
[    0.644797] omap_i2c 4819c000.i2c: bus 2 rev0.11 at 100 kHz
[    0.684101] 48000000.interconnect:segment@200000:target-module@0:mpu@0:fck: device ID is greater than 24
[    0.685003] /ocp/interconnect@48000000/segment@300000/target-module@e000/lcdc@0: Fixed dependency cycle(s) with /ocp/interconnect@44c00000/segment@200000/target-module@b000/i2c@0/tda19988@70
[    0.687739] /ocp/interconnect@48000000/segment@300000/target-module@e000/lcdc@0: Fixed dependency cycle(s) with /ocp/interconnect@44c00000/segment@200000/target-module@b000/i2c@0/tda19988@70
[    0.688438] /ocp/interconnect@44c00000/segment@200000/target-module@b000/i2c@0/tda19988@70: Fixed dependency cycle(s) with /ocp/interconnect@48000000/segment@300000/target-module@e000/lcdc@0
[    0.688606] /ocp/interconnect@48000000/segment@300000/target-module@e000/lcdc@0: Fixed dependency cycle(s) with /ocp/interconnect@44c00000/segment@200000/target-module@b000/i2c@0/tda19988@70
[    0.699940] sdhci-omap 481d8000.mmc: supply pbias not found, using dummy regulator
[    0.700443] sdhci-omap 481d8000.mmc: supply vqmmc not found, using dummy regulator
[    0.756360] davinci_mdio 4a101000.mdio: davinci mdio revision 1.6, bus freq 1000000
[    0.908624] davinci_mdio 4a101000.mdio: phy[0]: device 4a101000.mdio:00, driver SMSC LAN8710/LAN8720
[    0.909415] cpsw-switch 4a100000.switch: initialized cpsw ale version 1.4
[    0.909437] cpsw-switch 4a100000.switch: ALE Table size 1024, Policers 0
[    0.909765] cpsw-switch 4a100000.switch: cpts: overflow check period 500 (jiffies)
[    0.909787] cpsw-switch 4a100000.switch: CPTS: ref_clk_freq:250000000 calc_mult:2147483648 calc_shift:29 error:0 nsec/sec
[    0.909899] cpsw-switch 4a100000.switch: Detected MACID = 6c:ec:eb:68:de:78
[    0.911732] cpsw-switch 4a100000.switch: initialized (regs 0x4a100000, pool size 256) hw_ver:0019010C 1.12 (0)
[    0.922908] debugfs: Directory '49000000.dma' with parent 'dmaengine' already present!
[    0.922950] edma 49000000.dma: TI EDMA DMA engine driver
[    0.974175] target-module@4b000000:target-module@140000:pmu@0:fck: device ID is greater than 24
[    0.987871] hw perfevents: enabled with armv7_cortex_a8 PMU driver, 5 (8000000f) counters available
[    0.995601] l3-aon-clkctrl:0000:0: failed to disable
[    1.007533] 44e09000.serial: ttyS0 at MMIO 0x44e09000 (irq = 34, base_baud = 3000000) is a 8250
[    1.007621] printk: legacy console [ttyS0] enabled
[    2.492792] tps65217-pmic: Failed to locate of_node [id: -1]
[    2.498861] tps65217-bl: Failed to locate of_node [id: -1]
[    2.510265] tps65217 0-0024: TPS65217 ID 0xe version 1.2
[    2.516418] /ocp/interconnect@48000000/segment@300000/target-module@e000/lcdc@0: Fixed dependency cycle(s) with /ocp/interconnect@44c00000/segment@200000/target-module@b000/i2c@0/tda19988@70
[    2.533777] /ocp/interconnect@44c00000/segment@200000/target-module@b000/i2c@0/tda19988@70: Fixed dependency cycle(s) with /ocp/interconnect@48000000/segment@300000/target-module@e000/lcdc@0
[    2.551139] omap_i2c 44e0b000.i2c: bus 0 rev0.11 at 400 kHz
[    2.559179] omap_gpio 44e07000.gpio: Could not set line 6 debounce to 200000 microseconds (-22)
[    2.568075] sdhci-omap 48060000.mmc: Got CD GPIO
[    2.573118] sdhci-omap 48060000.mmc: supply pbias not found, using dummy regulator
[    2.583218] sdhci-omap 48060000.mmc: supply vqmmc not found, using dummy regulator
[    2.592238] sdhci-omap 481d8000.mmc: supply pbias not found, using dummy regulator
[    2.600238] sdhci-omap 481d8000.mmc: supply vqmmc not found, using dummy regulator
[    2.638792] mmc1: SDHCI controller on 481d8000.mmc [481d8000.mmc] using External DMA
[    2.648049] mmc0: SDHCI controller on 48060000.mmc [48060000.mmc] using External DMA
[    2.656888] cpsw-switch 4a100000.switch: starting ndev. mode: dual_mac
[    2.701072] mmc0: new high speed SDHC card at address 5048
[    2.708151] mmcblk0: mmc0:5048 SD16G 14.4 GiB
[    2.716296]  mmcblk0: p1 p2
[    2.719692] mmcblk0: p2 size 31221760 extends beyond EOD, truncated
[    2.733029] SMSC LAN8710/LAN8720 4a101000.mdio:00: attached PHY driver (mii_bus:phy_addr=4a101000.mdio:00, irq=POLL)
[    2.745673] mmc1: new high speed MMC card at address 0001
[    2.756832] mmcblk1: mmc1:0001 MMC04G 3.60 GiB
[    2.764276]  mmcblk1: p1 p2
[    2.768506] mmcblk1boot0: mmc1:0001 MMC04G 2.00 MiB
[    2.775900] mmcblk1boot1: mmc1:0001 MMC04G 2.00 MiB
[    2.783220] mmcblk1rpmb: mmc1:0001 MMC04G 128 KiB, chardev (250:0)
[    5.922558] cpsw-switch 4a100000.switch eth0: Link is Up - 100Mbps/Full - flow control off
[    5.951800] IP-Config: Complete:
[    5.955075]      device=eth0, hwaddr=6c:ec:eb:68:de:78, ipaddr=192.168.255.1, mask=255.255.255.0, gw=255.255.255.255
[    5.965721]      host=bbb1, domain=, nis-domain=(none)
[    5.970889]      bootserver=192.168.255.126, rootserver=192.168.255.126, rootpath=
[    5.971335] clk: Disabling unused clocks
[    5.983217] PM: genpd: Disabling unused power domains
[    5.988337] KTAP version 1
[    5.991059] 1..0
[    6.027387] VFS: Mounted root (nfs filesystem) on device 0:17.
[    6.034593] devtmpfs: mounted
[    6.039315] Freeing unused kernel image (initmem) memory: 1024K
[    6.046260] Run /sbin/init as init process
[    6.762796] systemd[1]: System time before build time, advancing clock.
[    8.241808] random: crng init done
[    8.283047] systemd[1]: systemd 232 running in system mode. (+PAM +AUDIT +SELINUX +IMA +APPARMOR +SMACK +SYSVINIT +UTMP +LIBCRYPTSETUP +GCRYPT +GNUTLS +ACL +XZ +LZ4 +SECCOMP +BLKID +ELFUTILS +KMOD +IDN)
[    8.302253] systemd[1]: Detected architecture arm.

Welcome to [1mDebian GNU/Linux 9 (stretch)[0m!

[    8.335176] systemd[1]: Set hostname to <arm>.
[    9.451481] systemd[1]: Listening on udev Kernel Socket.
[[0;32m  OK  [0m] Listening on udev Kernel Socket.
[    9.472230] systemd[1]: Reached target Remote File Systems.
[[0;32m  OK  [0m] Reached target Remote File Systems.
[    9.503553] systemd[1]: Set up automount Arbitrary Executable File Formats File System Automount Point.
[[0;32m  OK  [0m] Set up automount Arbitrary Executabâ€¦rmats File System Automount Point.
[    9.533415] systemd[1]: Created slice User and Session Slice.
[[0;32m  OK  [0m] Created slice User and Session Slice.
[    9.563802] systemd[1]: Listening on Syslog Socket.
[[0;32m  OK  [0m] Listening on Syslog Socket.
[    9.592705] systemd[1]: Started Forward Password Requests to Wall Directory Watch.
[[0;32m  OK  [0m] Started Forward Password Requests to Wall Directory Watch.
[    9.623839] systemd[1]: Listening on udev Control Socket.
[[0;32m  OK  [0m] Listening on udev Control Socket.
[[0;32m  OK  [0m] Created slice System Slice.
[[0;32m  OK  [0m] Reached target Slices.
[[0;32m  OK  [0m] Created slice system-serial\x2dgetty.slice.
[[0;32m  OK  [0m] Created slice system-getty.slice.
         Mounting POSIX Message Queue File System...
[[0;32m  OK  [0m] Listening on Journal Socket (/dev/log).
[[0;32m  OK  [0m] Started Dispatch Password Requests to Console Directory Watch.
[[0;32m  OK  [0m] Listening on Journal Socket.
         Starting Remount Root and Kernel File Systems...
         Starting Create list of required stâ€¦ce nodes for the current kernel...
         Starting Load Kernel Modules...
         Mounting Debug File System...
[[0;32m  OK  [0m] Listening on /dev/initctl Compatibility Named Pipe.
[[0;32m  OK  [0m] Reached target Swap.
[[0;32m  OK  [0m] Reached target Paths.
[[0;32m  OK  [0m] Reached target Encrypted Volumes.
[[0;32m  OK  [0m] Listening on Journal Audit Socket.
         Starting Journal Service...
[[0;32m  OK  [0m] Mounted POSIX Message Queue File System.
[[0;32m  OK  [0m] Started Remount Root and Kernel File Systems.
[[0;32m  OK  [0m] Started Create list of required staâ€¦vice nodes for the current kernel.
[[0;32m  OK  [0m] Mounted Debug File System.
         Starting Create Static Device Nodes in /dev...
         Starting udev Coldplug all Devices...
         Starting Load/Save Random Seed...
[[0;32m  OK  [0m] Started Load Kernel Modules.
         Mounting Configuration File System...
         Starting Apply Kernel Variables...
[[0;32m  OK  [0m] Mounted Configuration File System.
[[0;32m  OK  [0m] Started Load/Save Random Seed.
[[0;32m  OK  [0m] Started Apply Kernel Variables.
[[0;32m  OK  [0m] Started Create Static Device Nodes in /dev.
[[0;32m  OK  [0m] Reached target Local File Systems (Pre).
[[0;32m  OK  [0m] Reached target Local File Systems.
         Starting Raise network interfaces...
         Starting udev Kernel Device Manager...
[[0;32m  OK  [0m] Started Journal Service.
         Starting Flush Journal to Persistent Storage...
[   11.888235] systemd-journald[87]: Received request to flush runtime journal from PID 1
[[0;32m  OK  [0m] Started Flush Journal to Persistent Storage.
         Starting Create Volatile Files and Directories...
[[0;32m  OK  [0m] Started udev Kernel Device Manager.
[[0;32m  OK  [0m] Started Create Volatile Files and Directories.
         Starting Update UTMP about System Boot/Shutdown...
         Starting Network Time Synchronization...
[[0;32m  OK  [0m] Started Update UTMP about System Boot/Shutdown.
[[0;32m  OK  [0m] Started udev Coldplug all Devices.
[   14.943833] remoteproc remoteproc0: wkup_m3 is available
[   14.958329] at24 2-0054: supply vcc not found, using dummy regulator
[   15.134115] at24 2-0055: supply vcc not found, using dummy regulator
[   15.233514] at24 2-0056: supply vcc not found, using dummy regulator
[   15.328746] at24 2-0057: supply vcc not found, using dummy regulator
[   15.448402] at24 0-0050: 32768 byte 24c256 EEPROM, writable, 1 bytes/write
[   15.499496] tps6521x_pwrbutton tps65217-pwrbutton: DMA mask not set
[   15.616108] input: tps65217_pwrbutton as /devices/platform/ocp/44c00000.interconnect/44c00000.interconnect:segment@200000/44e0b000.target-module/44e0b000.i2c/i2c-0/0-0024/tps65217-pwrbutton/input/input0
[   15.706457] wkup_m3_ipc 44e11324.wkup_m3_ipc: IPC Request for A8->M3 Channel failed! -517
[[0;32m  OK  [0m] Found device /dev/ttyS0.
[   15.852375] omap_rtc 44e3e000.rtc: registered as rtc0
[   15.857964] omap_rtc 44e3e000.rtc: setting system clock to 2000-01-01T00:00:00 UTC (946684800)
[   15.868607] wkup_m3_ipc 44e11324.wkup_m3_ipc: IPC Request for A8->M3 Channel failed! -517
[[0;32m  OK  [0m] Started Network Time Synchronization.
[   15.889485] omap_wdt: OMAP Watchdog Timer Rev 0x01: initial timeout 60 sec
[   16.005853] wkup_m3_ipc 44e11324.wkup_m3_ipc: IPC Request for A8->M3 Channel failed! -517
[   16.327878] am335x-phy-driver 47401300.usb-phy: dummy supplies not allowed for exclusive requests (id=vbus)
[[0;32m  OK  [0m] Reached target System Time Synchronized.
[[0;32m  OK  [0m] Reached target System Initialization.
[[0;32m  OK  [0m] Started Daily Cleanup of Temporary Directories.
[[0;32m  OK  [0m] Started Daily apt download activities.
[   16.460789] usbcore: registered new interface driver usbfs
[   16.466713] usbcore: registered new interface driver hub
[   16.472289] usbcore: registered new device driver usb
[[0;32m  OK  [0m] Listening on Avahi mDNS/DNS-SD Stack Activation Socket.
[[0;32m  OK  [0m] Listening on D-Bus System Message Bus Socket.
[[0;32m  OK  [0m] Reached target Sockets.
[[0;32m  OK  [0m] Started Daily apt upgrade and clean activities.
[   16.654958] tda998x 0-0070: found TDA19988
[[0;32m  OK  [0m] Reached target Timers.
[[0;32m  OK  [0m] Reached target Basic System.
[   16.759315] wkup_m3_ipc 44e11324.wkup_m3_ipc: IPC Request for A8->M3 Channel failed! -517
         Starting Avahi mDNS/DNS-SD Stack...
[   16.884080] am335x-phy-driver 47401b00.usb-phy: dummy supplies not allowed for exclusive requests (id=vbus)
[   16.912856] wkup_m3_ipc 44e11324.wkup_m3_ipc: IPC Request for A8->M3 Channel failed! -517
[   16.926933] wkup_m3_ipc 44e11324.wkup_m3_ipc: IPC Request for A8->M3 Channel failed! -517
         Starting Login Service...
[[0;32m  OK  [0m] Started D-Bus System Message Bus.
[   17.342812] wkup_m3_ipc 44e11324.wkup_m3_ipc: IPC Request for A8->M3 Channel failed! -517
[   17.355480] musb-hdrc musb-hdrc.1: MUSB HDRC host driver
[   17.360891] musb-hdrc musb-hdrc.1: new USB bus registered, assigned bus number 1
[   17.733740] usb usb1: New USB device found, idVendor=1d6b, idProduct=0002, bcdDevice= 6.13
[   17.742207] usb usb1: New USB device strings: Mfr=3, Product=2, SerialNumber=1
[   17.749474] usb usb1: Product: MUSB HDRC host driver
[   17.754552] usb usb1: Manufacturer: Linux 6.13.0-rc6-next-20250109 musb-hcd
[   17.761555] usb usb1: SerialNumber: musb-hdrc.1
[   17.921614] omap-mailbox 480c8000.mailbox: omap mailbox rev 0x400
[   18.225224] hub 1-0:1.0: USB hub found
[   18.272900] hub 1-0:1.0: 1 port detected
[   18.424171] remoteproc remoteproc0: powering up wkup_m3
[   18.566698] remoteproc remoteproc0: Direct firmware load for am335x-pm-firmware.elf failed with error -2
[   18.576552] remoteproc remoteproc0: request_firmware failed: -2
[   18.582660] wkup_m3_ipc 44e11324.wkup_m3_ipc: rproc_boot failed
[   19.596418] tilcdc 4830e000.lcdc: bound 0-0070 (ops tda998x_driver_exit [tda998x])
[   19.718885] [drm] Initialized tilcdc 1.0.0 for 4830e000.lcdc on minor 0
[   19.815645] tilcdc 4830e000.lcdc: [drm] Cannot find any crtc or sizes
[   19.832417] tilcdc 4830e000.lcdc: [drm] Cannot find any crtc or sizes
 [   20.117907] omap_rng 48310000.rng: Random Number Generator  ver. 20
[[0;32m  OK  [0m] Started Avahi mDNS/DNS-SD Stack. 
         Starting Connection service...
[   20.708972] PM: C annot get wkup_m3_ipc handle
         Starting System Logging  Service
[[0;32m  OK  [0m] Started System Logging Service.
[[0;32m  OK  [0m] Started Cape Manager Service.
[   24.600579] PM: Cannot get wkup_m3_ipc handle
[   24.705957] PM: Cannot get wkup_m3_ipc handle
[   24.762597] Bluetooth: Core ver 2.22
[   24.766436] NET: Registered PF_BLUETOOTH protocol family
[   24.771913] Bluetooth: HCI device and connection manager initialized
[   24.778330] Bluetooth: HCI socket layer initialized
[   24.783280] Bluetooth: L2CAP socket layer initialized
[   24.788397] Bluetooth: SCO socket layer initialized
[[0;32m  OK  [0m] Started Raise network interfaces.
[[0;32m  OK  [0m] Started LSB: Start busybox udhcpd at boot time.
[[0;32m  OK  [0m] Started LSB: Load kernel modules needed to enable cpufreq scaling.
[[0;32m  OK  [0m] Started DUN service.
[[0;32m  OK  [0m] Started Telephony service.
[[0;32m  OK  [0m] Started Connection service.
[   29.097781] configfs-gadget.g_multi gadget.0: HOST MAC 1c:ba:8c:a2:ed:6c
[   29.097806] configfs-gadget.g_multi gadget.0: MAC 1c:ba:8c:a2:ed:70
[   29.098734] configfs-gadget.g_multi gadget.0: HOST MAC 1c:ba:8c:a2:ed:6c
[   29.098755] configfs-gadget.g_multi gadget.0: MAC 1c:ba:8c:a2:ed:6d
[   29.103820] PM: Cannot get wkup_m3_ipc handle
[[0;32m  OK  [0m] Started Login Service.
[[0;32m  OK  [0m] Reached target Sound Card.
         Starting LSB: set CPUFreq kernel parameters...
[[0;32m  OK  [0m] Reached target Network.
         Starting The Apache HTTP Server...
         Starting Permit User Sessions...
         Starting OpenBSD Secure Shell server...
[[0;32m  OK  [0m] Reached target Network is Online.
         Starting LSB: Advanced IEEE 802.11 management daemon...
[[0;32m  OK  [0m] Started Permit User Sessions.
[[0;32m  OK  [0m] Started LSB: Advanced IEEE 802.11 management daemon.
         Starting Hostname Service...
[[0;32m  OK  [0m] Started Getty on tty1.
[[0;32m  OK  [0m] Started Serial Getty on ttyS0.
[[0;32m  OK  [0m] Reached target Login Prompts.
         Starting WPA supplicant...
[[0;32m  OK  [0m] Started LSB: set CPUFreq kernel parameters.
[[0;32m  OK  [0m] Started Hostname Service.
[[0;32m  OK  [0m] Started WPA supplicant.
[[0;32m  OK  [0m] Started OpenBSD Secure Shell server.
         Stopping LSB: Start busybox udhcpd at boot time...
[[0;32m  OK  [0m] Stopped LSB: Start busybox udhcpd at boot time.
[[0;32m  OK  [0m] Started The Apache HTTP Server.
         Starting dnsmasq - A lightweight DHCP and caching DNS server...
[[0;32m  OK  [0m] Started dnsmasq - A lightweight DHCP and caching DNS server.
[[0;32m  OK  [0m] Reached target Host and Network Name Lookups.
[[0;32m  OK  [0m] Started Serial Getty on ttyGS0.
[[0;32m  OK  [0m] Started Generic Board Startup.
[[0;32m  OK  [0m] Reached target Multi-User System.
[[0;32m  OK  [0m] Reached target Graphical Interface.
         Starting Update UTMP about System Runlevel Changes...
[[0;32m  OK  [0m] Started Update UTMP about System Runlevel Changes.

Debian GNU/Linux 9 arm ttyS0

default username:password is [debian:temppwd]

arm login: root
Password: 
Last login: Sat Jan  1 00:00:29 UTC 2000 on ttyS0
root
Linux arm 6.13.0-rc6-next-20250109 #6 SMP Thu Jan  9 07:52:44 EET 2025 armv7l

The programs included with the Debian GNU/Linux system are free software;
the exact distribution terms for each program are described in the
individual files in /usr/share/doc/*/copyright.

Debian GNU/Linux comes with ABSOLUTELY NO WARRANTY, to the extent
permitted by applicable law.
root@arm:~# root
dmesg -n 1
-bash: root: command not found
root@arm:~# dmesg -n 1
root@arm:~# echo 'QZZW''GTQFJX'
QZZWGTQFJX
root@arm:~# run() { echo -n "$MARKER"; sh -c "$@"; echo "$MARKER $?"; }
root@arm:~# echo 'AGOH''EQNXGN'
AGOHEQNXGN
root@arm:~# MARKER='GEQL''MWFKEF' run 'cat /proc/version'
GEQLMWFKEFLinux version 6.13.0-rc6-next-20250109 (user01@drvtest01) (arm-linux-gnueabihf-gcc (Linaro GCC 6.4-2017.11) 6.4.1 20171012, GNU ld (Linaro_Binutils-2017.11) 2.27.0.20161229) #6 SMP Thu Jan  9 07:52:44 EET 2025
GEQLMWFKEF 0
root@arm:~# echo 'YLFW''ELEZLJ'
YLFWELEZLJ
root@arm:~# MARKER='BEZG''WTYTEZ' run false
BEZGWTYTEZBEZGWTYTEZ 1
root@arm:~# Labgrid Console Logfile for main
Logfile started at 2025-01-09 07:54:44.585951
=== Log starts here ===

root@arm:~# run() { echo -n "$MARKER"; sh -c "$@"; echo "$MARKER $?"; }
root@arm:~# echo 'CPEH''OSWWNP'
CPEHOSWWNP
root@arm:~# MARKER='HWAS''ZZNMUY' run 'ls /iio_generic_buffer; echo $?'
HWASZZNMUY/iio_generic_buffer
0
HWASZZNMUY 0
root@arm:~# Labgrid Console Logfile for main
Logfile started at 2025-01-09 07:54:47.944812
=== Log starts here ===

root@arm:~# run() { echo -n "$MARKER"; sh -c "$@"; echo "$MARKER $?"; }
root@arm:~# echo 'ZUOX''MUJTMN'
ZUOXMUJTMN
root@arm:~# MARKER='LNVZ''AUKUYW' run dmesg
LNVZAUKUYW[    0.000000] Booting Linux on physical CPU 0x0
[    0.000000] Linux version 6.13.0-rc6-next-20250109 (user01@drvtest01) (arm-linux-gnueabihf-gcc (Linaro GCC 6.4-2017.11) 6.4.1 20171012, GNU ld (Linaro_Binutils-2017.11) 2.27.0.20161229) #6 SMP Thu Jan  9 07:52:44 EET 2025
[    0.000000] CPU: ARMv7 Processor [413fc082] revision 2 (ARMv7), cr=10c5387d
[    0.000000] CPU: PIPT / VIPT nonaliasing data cache, VIPT aliasing instruction cache
[    0.000000] OF: fdt: Machine model: TI AM335x BeagleBone Black
[    0.000000] Memory policy: Data cache writeback
[    0.000000] cma: Reserved 16 MiB at 0x9e800000 on node -1
[    0.000000] Zone ranges:
[    0.000000]   Normal   [mem 0x0000000080000000-0x000000009fdfffff]
[    0.000000]   HighMem  empty
[    0.000000] Movable zone start for each node
[    0.000000] Early memory node ranges
[    0.000000]   node   0: [mem 0x0000000080000000-0x000000009fdfffff]
[    0.000000] Initmem setup node 0 [mem 0x0000000080000000-0x000000009fdfffff]
[    0.000000] OF: reserved mem: Reserved memory: No reserved-memory node in the DT
[    0.000000] CPU: All CPU(s) started in SVC mode.
[    0.000000] AM335X ES2.1 (sgx neon)
[    0.000000] percpu: Embedded 17 pages/cpu s39628 r8192 d21812 u69632
[    0.000000] pcpu-alloc: s39628 r8192 d21812 u69632 alloc=17*4096
[    0.000000] pcpu-alloc: [0] 0 
[    0.000000] Kernel command line: console=ttyO0,115200n8 root=/dev/nfs rw nfsroot=192.168.255.126:/home/user01/nfs,nfsvers=3 ip=192.168.255.1:192.168.255.126::255.255.255.0:bbb1:eth0 nfsrootdebug
[    0.000000] Unknown kernel command line parameters "nfsrootdebug", will be passed to user space.
[    0.000000] printk: log buffer data + meta data: 65536 + 204800 = 270336 bytes
[    0.000000] Dentry cache hash table entries: 65536 (order: 6, 262144 bytes, linear)
[    0.000000] Inode-cache hash table entries: 32768 (order: 5, 131072 bytes, linear)
[    0.000000] Built 1 zonelists, mobility grouping on.  Total pages: 130560
[    0.000000] mem auto-init: stack:off, heap alloc:off, heap free:off
[    0.000000] SLUB: HWalign=64, Order=0-3, MinObjects=0, CPUs=1, Nodes=1
[    0.000000] rcu: Hierarchical RCU implementation.
[    0.000000] rcu: 	RCU event tracing is enabled.
[    0.000000] rcu: 	RCU restricting CPUs from NR_CPUS=2 to nr_cpu_ids=1.
[    0.000000] 	Tracing variant of Tasks RCU enabled.
[    0.000000] rcu: RCU calculated value of scheduler-enlistment delay is 10 jiffies.
[    0.000000] rcu: Adjusting geometry for rcu_fanout_leaf=16, nr_cpu_ids=1
[    0.000000] RCU Tasks Trace: Setting shift to 0 and lim to 1 rcu_task_cb_adjust=1 rcu_task_cpu_ids=1.
[    0.000000] NR_IRQS: 16, nr_irqs: 16, preallocated irqs: 16
[    0.000000] IRQ: Found an INTC at 0x(ptrval) (revision 5.0) with 128 interrupts
[    0.000000] rcu: srcu_init: Setting srcu_struct sizes based on contention.
[    0.000000] TI gptimer clocksource: always-on /ocp/interconnect@44c00000/segment@200000/target-module@31000
[    0.000003] sched_clock: 32 bits at 24MHz, resolution 41ns, wraps every 89478484971ns
[    0.000024] clocksource: dmtimer: mask: 0xffffffff max_cycles: 0xffffffff, max_idle_ns: 79635851949 ns
[    0.000513] TI gptimer clockevent: 24000000 Hz at /ocp/interconnect@48000000/segment@0/target-module@40000
[    0.002172] Console: colour dummy device 80x30
[    0.002239] WARNING: Your 'console=ttyO0' has been replaced by 'ttyS0'
[    0.002247] This ensures that you still see kernel messages. Please
[    0.002252] update your kernel commandline.
[    0.002295] Calibrating delay loop... 996.14 BogoMIPS (lpj=4980736)
[    0.090564] CPU: Testing write buffer coherency: ok
[    0.090679] CPU0: Spectre v2: using BPIALL workaround
[    0.090691] pid_max: default: 32768 minimum: 301
[    0.090811] LSM: initializing lsm=capability
[    0.090988] Mount-cache hash table entries: 1024 (order: 0, 4096 bytes, linear)
[    0.091009] Mountpoint-cache hash table entries: 1024 (order: 0, 4096 bytes, linear)
[    0.092663] CPU0: thread -1, cpu 0, socket -1, mpidr 0
[    0.160926] Setting up static identity map for 0x80100000 - 0x80100078
[    0.170715] rcu: Hierarchical SRCU implementation.
[    0.170728] rcu: 	Max phase no-delay instances is 1000.
[    0.190761] smp: Bringing up secondary CPUs ...
[    0.190820] smp: Brought up 1 node, 1 CPU
[    0.190835] SMP: Total of 1 processors activated (996.14 BogoMIPS).
[    0.190846] CPU: All CPU(s) started in SVC mode.
[    0.191017] Memory: 480836K/522240K available (11264K kernel code, 1214K rwdata, 2908K rodata, 1024K init, 296K bss, 23388K reserved, 16384K cma-reserved, 0K highmem)
[    0.191891] devtmpfs: initialized
[    0.208735] VFP support v0.3: implementor 41 architecture 3 part 30 variant c rev 3
[    0.209083] clocksource: jiffies: mask: 0xffffffff max_cycles: 0xffffffff, max_idle_ns: 19112604462750000 ns
[    0.209119] futex hash table entries: 256 (order: 2, 16384 bytes, linear)
[    0.210409] pinctrl core: initialized pinctrl subsystem
[    0.213430] NET: Registered PF_NETLINK/PF_ROUTE protocol family
[    0.216238] DMA: preallocated 256 KiB pool for atomic coherent allocations
[    0.217136] audit: initializing netlink subsys (disabled)
[    0.218559] thermal_sys: Registered thermal governor 'fair_share'
[    0.218575] thermal_sys: Registered thermal governor 'step_wise'
[    0.218586] thermal_sys: Registered thermal governor 'user_space'
[    0.218741] audit: type=2000 audit(0.210:1): state=initialized audit_enabled=0 res=1
[    0.218777] cpuidle: using governor menu
[    0.237121] /ocp/interconnect@44c00000/segment@200000/target-module@b000/i2c@0/tda19988@70: Fixed dependency cycle(s) with /ocp/interconnect@48000000/segment@300000/target-module@e000/lcdc@0
[    0.238302] /ocp/interconnect@48000000/segment@300000/target-module@e000/lcdc@0: Fixed dependency cycle(s) with /ocp/interconnect@44c00000/segment@200000/target-module@b000/i2c@0/tda19988@70
[    0.240516] No ATAGs?
[    0.240537] hw-breakpoint: debug architecture 0x4 unsupported.
[    0.243551] kprobes: kprobe jump-optimization is enabled. All kprobes are optimized if possible.
[    0.254207] iommu: Default domain type: Translated
[    0.254231] iommu: DMA domain TLB invalidation policy: strict mode
[    0.255923] reg-fixed-voltage fixedregulator0: using DT '/fixedregulator0' for '(default)' GPIO lookup
[    0.255979] of_get_named_gpiod_flags: can't parse 'gpios' property of node '/fixedregulator0[0]'
[    0.256009] of_get_named_gpiod_flags: can't parse 'gpio' property of node '/fixedregulator0[0]'
[    0.256027] reg-fixed-voltage fixedregulator0: using lookup tables for GPIO lookup
[    0.256038] reg-fixed-voltage fixedregulator0: No GPIO consumer (default) found
[    0.261986] SCSI subsystem initialized
[    0.262489] libata version 3.00 loaded.
[    0.262857] pps_core: LinuxPPS API ver. 1 registered
[    0.262869] pps_core: Software ver. 5.3.6 - Copyright 2005-2007 Rodolfo Giometti <giometti@linux.it>
[    0.262893] PTP clock support registered
[    0.271360] vgaarb: loaded
[    0.271781] clocksource: Switched to clocksource dmtimer
[    0.272436] VFS: Disk quotas dquot_6.6.0
[    0.272480] VFS: Dquot-cache hash table entries: 1024 (order 0, 4096 bytes)
[    0.297033] NET: Registered PF_INET protocol family
[    0.297387] IP idents hash table entries: 8192 (order: 4, 65536 bytes, linear)
[    0.298813] tcp_listen_portaddr_hash hash table entries: 512 (order: 0, 4096 bytes, linear)
[    0.298852] Table-perturb hash table entries: 65536 (order: 6, 262144 bytes, linear)
[    0.298869] TCP established hash table entries: 4096 (order: 2, 16384 bytes, linear)
[    0.298914] TCP bind hash table entries: 4096 (order: 4, 65536 bytes, linear)
[    0.299014] TCP: Hash tables configured (established 4096 bind 4096)
[    0.299132] UDP hash table entries: 256 (order: 1, 14336 bytes, linear)
[    0.299170] UDP-Lite hash table entries: 256 (order: 1, 14336 bytes, linear)
[    0.299349] NET: Registered PF_UNIX/PF_LOCAL protocol family
[    0.302717] RPC: Registered named UNIX socket transport module.
[    0.302739] RPC: Registered udp transport module.
[    0.302745] RPC: Registered tcp transport module.
[    0.302750] RPC: Registered tcp-with-tls transport module.
[    0.302756] RPC: Registered tcp NFSv4.1 backchannel transport module.
[    0.302781] PCI: CLS 0 bytes, default 64
[    0.304246] Initialise system trusted keyrings
[    0.312720] workingset: timestamp_bits=14 max_order=17 bucket_order=3
[    0.314061] NFS: Registering the id_resolver key type
[    0.314142] Key type id_resolver registered
[    0.314149] Key type id_legacy registered
[    0.314202] jffs2: version 2.2. (NAND) (SUMMARY)  Â© 2001-2006 Red Hat, Inc.
[    0.314610] Key type asymmetric registered
[    0.314627] Asymmetric key parser 'x509' registered
[    0.314694] io scheduler mq-deadline registered
[    0.314705] io scheduler kyber registered
[    0.314777] io scheduler bfq registered
[    0.316377] ledtrig-cpu: registered to indicate activity on CPUs
[    0.322574] Serial: 8250/16550 driver, 6 ports, IRQ sharing enabled
[    0.377011] brd: module loaded
[    0.396955] loop: module loaded
[    0.397884] mtdoops: mtd device (mtddev=name/number) must be supplied
[    0.399621] mdio_bus fixed-0: using lookup tables for GPIO lookup
[    0.399645] mdio_bus fixed-0: No GPIO consumer reset found
[    0.401017] i2c_dev: i2c /dev entries driver
[    0.402194] cpuidle: enable-method property 'ti,am3352' found operations
[    0.402666] sdhci: Secure Digital Host Controller Interface driver
[    0.402677] sdhci: Copyright(c) Pierre Ossman
[    0.402855] sdhci-pltfm: SDHCI platform and OF driver helper
[    0.403889] Initializing XFRM netlink socket
[    0.404043] NET: Registered PF_INET6 protocol family
[    0.414035] Segment Routing with IPv6
[    0.414130] In-situ OAM (IOAM) with IPv6
[    0.414230] sit: IPv6, IPv4 and MPLS over IPv4 tunneling driver
[    0.415186] NET: Registered PF_PACKET protocol family
[    0.415221] NET: Registered PF_KEY protocol family
[    0.415339] Key type dns_resolver registered
[    0.415613] ThumbEE CPU extension supported.
[    0.415635] Registering SWP/SWPB emulation handler
[    0.416176] omap_voltage_late_init: Voltage driver support not added
[    0.416535] SmartReflex Class3 initialized
[    0.442764] Loading compiled-in X.509 certificates
[    0.490765] /ocp/interconnect@44c00000/segment@200000/target-module@b000/i2c@0/tda19988@70: Fixed dependency cycle(s) with /ocp/interconnect@48000000/segment@300000/target-module@e000/lcdc@0
[    0.497407] /ocp/interconnect@44c00000/segment@200000/target-module@b000/i2c@0/tda19988@70: Fixed dependency cycle(s) with /ocp/interconnect@48000000/segment@300000/target-module@e000/lcdc@0
[    0.503093] gpiochip_find_base_unlocked: found new base at 512
[    0.527130] /ocp/interconnect@44c00000/segment@200000/target-module@b000/i2c@0/tda19988@70: Fixed dependency cycle(s) with /ocp/interconnect@48000000/segment@300000/target-module@e000/lcdc@0
[    0.528005] /ocp/interconnect@44c00000/segment@200000/target-module@b000/i2c@0/tda19988@70: Fixed dependency cycle(s) with /ocp/interconnect@48000000/segment@300000/target-module@e000/lcdc@0
[    0.531467] /ocp/interconnect@44c00000/segment@200000/target-module@10000/scm@0/pinmux@800: Fixed dependency cycle(s) with /ocp/interconnect@44c00000/segment@200000/target-module@10000/scm@0/pinmux@800/clkout2-pins
[    0.532264] pinctrl-single 44e10800.pinmux: 142 pins, size 568
[    0.537520] ti-sysc 44e31000.target-module: probe with driver ti-sysc failed with error -16
[    0.569376] /ocp/interconnect@48000000/segment@300000/target-module@e000/lcdc@0: Fixed dependency cycle(s) with /ocp/interconnect@44c00000/segment@200000/target-module@b000/i2c@0/tda19988@70
[    0.577610] ti-sysc 48040000.target-module: probe with driver ti-sysc failed with error -16
[    0.588912] gpiochip_find_base_unlocked: found new base at 512
[    0.589012] gpio gpiochip0: (gpio-0-31): created GPIO range 0->7 ==> 44e10800.pinmux PIN 0->7
[    0.589032] gpio gpiochip0: (gpio-0-31): created GPIO range 8->11 ==> 44e10800.pinmux PIN 90->93
[    0.589048] gpio gpiochip0: (gpio-0-31): created GPIO range 12->27 ==> 44e10800.pinmux PIN 12->27
[    0.589064] gpio gpiochip0: (gpio-0-31): created GPIO range 28->31 ==> 44e10800.pinmux PIN 30->33
[    0.629863] gpio gpiochip0: (gpio-0-31): added GPIO chardev (254:0)
[    0.630010] gpio gpiochip0: registered GPIOs 512 to 543 on gpio-0-31
[    0.630096] OMAP GPIO hardware version 0.1
[    0.643785] i2c i2c-2: using DT '/ocp/interconnect@48000000/segment@100000/target-module@9c000/i2c@0' for 'scl' GPIO lookup
[    0.643857] of_get_named_gpiod_flags: can't parse 'scl-gpios' property of node '/ocp/interconnect@48000000/segment@100000/target-module@9c000/i2c@0[0]'
[    0.643902] of_get_named_gpiod_flags: can't parse 'scl-gpio' property of node '/ocp/interconnect@48000000/segment@100000/target-module@9c000/i2c@0[0]'
[    0.643939] i2c i2c-2: using lookup tables for GPIO lookup
[    0.643950] i2c i2c-2: No GPIO consumer scl found
[    0.643972] i2c i2c-2: using DT '/ocp/interconnect@48000000/segment@100000/target-module@9c000/i2c@0' for 'sda' GPIO lookup
[    0.644009] of_get_named_gpiod_flags: can't parse 'sda-gpios' property of node '/ocp/interconnect@48000000/segment@100000/target-module@9c000/i2c@0[0]'
[    0.644048] of_get_named_gpiod_flags: can't parse 'sda-gpio' property of node '/ocp/interconnect@48000000/segment@100000/target-module@9c000/i2c@0[0]'
[    0.644081] i2c i2c-2: using lookup tables for GPIO lookup
[    0.644089] i2c i2c-2: No GPIO consumer sda found
[    0.644797] omap_i2c 4819c000.i2c: bus 2 rev0.11 at 100 kHz
[    0.650202] gpiochip_find_base_unlocked: found new base at 544
[    0.650306] gpio gpiochip1: (gpio-32-63): created GPIO range 0->17 ==> 44e10800.pinmux PIN 34->51
[    0.650327] gpio gpiochip1: (gpio-32-63): created GPIO range 18->21 ==> 44e10800.pinmux PIN 77->80
[    0.650343] gpio gpiochip1: (gpio-32-63): created GPIO range 22->31 ==> 44e10800.pinmux PIN 56->65
[    0.674836] gpio gpiochip1: (gpio-32-63): added GPIO chardev (254:1)
[    0.674992] gpio gpiochip1: registered GPIOs 544 to 575 on gpio-32-63
[    0.677264] gpiochip_find_base_unlocked: found new base at 576
[    0.677365] gpio gpiochip2: (gpio-64-95): created GPIO range 0->4 ==> 44e10800.pinmux PIN 66->70
[    0.677385] gpio gpiochip2: (gpio-64-95): created GPIO range 5->6 ==> 44e10800.pinmux PIN 98->99
[    0.677402] gpio gpiochip2: (gpio-64-95): created GPIO range 7->8 ==> 44e10800.pinmux PIN 75->76
[    0.677417] gpio gpiochip2: (gpio-64-95): created GPIO range 13->13 ==> 44e10800.pinmux PIN 141->141
[    0.677434] gpio gpiochip2: (gpio-64-95): created GPIO range 14->21 ==> 44e10800.pinmux PIN 100->107
[    0.678158] gpio gpiochip2: (gpio-64-95): added GPIO chardev (254:2)
[    0.678289] gpio gpiochip2: registered GPIOs 576 to 607 on gpio-64-95
[    0.684101] 48000000.interconnect:segment@200000:target-module@0:mpu@0:fck: device ID is greater than 24
[    0.685003] /ocp/interconnect@48000000/segment@300000/target-module@e000/lcdc@0: Fixed dependency cycle(s) with /ocp/interconnect@44c00000/segment@200000/target-module@b000/i2c@0/tda19988@70
[    0.687739] /ocp/interconnect@48000000/segment@300000/target-module@e000/lcdc@0: Fixed dependency cycle(s) with /ocp/interconnect@44c00000/segment@200000/target-module@b000/i2c@0/tda19988@70
[    0.688438] /ocp/interconnect@44c00000/segment@200000/target-module@b000/i2c@0/tda19988@70: Fixed dependency cycle(s) with /ocp/interconnect@48000000/segment@300000/target-module@e000/lcdc@0
[    0.688606] /ocp/interconnect@48000000/segment@300000/target-module@e000/lcdc@0: Fixed dependency cycle(s) with /ocp/interconnect@44c00000/segment@200000/target-module@b000/i2c@0/tda19988@70
[    0.698221] mdio_bus 4a101000.mdio: using DT '/ocp/interconnect@4a000000/segment@0/target-module@100000/switch@0/mdio@1000' for 'reset' GPIO lookup
[    0.698296] of_get_named_gpiod_flags: can't parse 'reset-gpios' property of node '/ocp/interconnect@4a000000/segment@0/target-module@100000/switch@0/mdio@1000[0]'
[    0.698343] of_get_named_gpiod_flags: can't parse 'reset-gpio' property of node '/ocp/interconnect@4a000000/segment@0/target-module@100000/switch@0/mdio@1000[0]'
[    0.698391] mdio_bus 4a101000.mdio: using lookup tables for GPIO lookup
[    0.698402] mdio_bus 4a101000.mdio: No GPIO consumer reset found
[    0.699593] sdhci-omap 481d8000.mmc: using DT '/ocp/interconnect@48000000/segment@100000/target-module@d8000/mmc@0' for 'wp' GPIO lookup
[    0.699657] of_get_named_gpiod_flags: can't parse 'wp-gpios' property of node '/ocp/interconnect@48000000/segment@100000/target-module@d8000/mmc@0[0]'
[    0.699700] of_get_named_gpiod_flags: can't parse 'wp-gpio' property of node '/ocp/interconnect@48000000/segment@100000/target-module@d8000/mmc@0[0]'
[    0.699736] sdhci-omap 481d8000.mmc: using lookup tables for GPIO lookup
[    0.699745] sdhci-omap 481d8000.mmc: No GPIO consumer wp found
[    0.699940] sdhci-omap 481d8000.mmc: supply pbias not found, using dummy regulator
[    0.700443] sdhci-omap 481d8000.mmc: supply vqmmc not found, using dummy regulator
[    0.756360] davinci_mdio 4a101000.mdio: davinci mdio revision 1.6, bus freq 1000000
[    0.773677] mdio_bus 4a101000.mdio:00: using DT '/ocp/interconnect@4a000000/segment@0/target-module@100000/switch@0/mdio@1000/ethernet-phy@0' for 'reset' GPIO lookup
[    0.773784] of_get_named_gpiod_flags: parsed 'reset-gpios' property of node '/ocp/interconnect@4a000000/segment@0/target-module@100000/switch@0/mdio@1000/ethernet-phy@0[0]' - status (0)
[    0.773950] gpio gpiochip0: Persistence not supported for GPIO 8
[    0.908624] davinci_mdio 4a101000.mdio: phy[0]: device 4a101000.mdio:00, driver SMSC LAN8710/LAN8720
[    0.909415] cpsw-switch 4a100000.switch: initialized cpsw ale version 1.4
[    0.909437] cpsw-switch 4a100000.switch: ALE Table size 1024, Policers 0
[    0.909765] cpsw-switch 4a100000.switch: cpts: overflow check period 500 (jiffies)
[    0.909787] cpsw-switch 4a100000.switch: CPTS: ref_clk_freq:250000000 calc_mult:2147483648 calc_shift:29 error:0 nsec/sec
[    0.909899] cpsw-switch 4a100000.switch: Detected MACID = 6c:ec:eb:68:de:78
[    0.911732] cpsw-switch 4a100000.switch: initialized (regs 0x4a100000, pool size 256) hw_ver:0019010C 1.12 (0)
[    0.922908] debugfs: Directory '49000000.dma' with parent 'dmaengine' already present!
[    0.922950] edma 49000000.dma: TI EDMA DMA engine driver
[    0.974175] target-module@4b000000:target-module@140000:pmu@0:fck: device ID is greater than 24
[    0.987871] hw perfevents: enabled with armv7_cortex_a8 PMU driver, 5 (8000000f) counters available
[    0.988780] gpio-clk clk_mcasp0: using DT '/clk_mcasp0' for 'enable' GPIO lookup
[    0.988855] of_get_named_gpiod_flags: parsed 'enable-gpios' property of node '/clk_mcasp0[0]' - status (0)
[    0.988900] gpio gpiochip0: Persistence not supported for GPIO 27
[    0.989730] gpiochip_find_base_unlocked: found new base at 608
[    0.989840] gpio gpiochip3: (gpio-96-127): created GPIO range 0->7 ==> 44e10800.pinmux PIN 82->89
[    0.989862] gpio gpiochip3: (gpio-96-127): created GPIO range 8->11 ==> 44e10800.pinmux PIN 52->55
[    0.989878] gpio gpiochip3: (gpio-96-127): created GPIO range 12->15 ==> 44e10800.pinmux PIN 94->97
[    0.989894] gpio gpiochip3: (gpio-96-127): created GPIO range 16->17 ==> 44e10800.pinmux PIN 71->72
[    0.989910] gpio gpiochip3: (gpio-96-127): created GPIO range 18->18 ==> 44e10800.pinmux PIN 135->135
[    0.989926] gpio gpiochip3: (gpio-96-127): created GPIO range 19->20 ==> 44e10800.pinmux PIN 108->109
[    0.989943] gpio gpiochip3: (gpio-96-127): created GPIO range 21->21 ==> 44e10800.pinmux PIN 73->73
[    0.989961] gpio gpiochip3: (gpio-96-127): created GPIO range 22->23 ==> 44e10800.pinmux PIN 8->9
[    0.989978] gpio gpiochip3: (gpio-96-127): created GPIO range 26->27 ==> 44e10800.pinmux PIN 10->11
[    0.989996] gpio gpiochip3: (gpio-96-127): created GPIO range 28->28 ==> 44e10800.pinmux PIN 74->74
[    0.990014] gpio gpiochip3: (gpio-96-127): created GPIO range 29->29 ==> 44e10800.pinmux PIN 81->81
[    0.990033] gpio gpiochip3: (gpio-96-127): created GPIO range 30->31 ==> 44e10800.pinmux PIN 28->29
[    0.995601] l3-aon-clkctrl:0000:0: failed to disable
[    1.004659] gpio gpiochip3: (gpio-96-127): added GPIO chardev (254:3)
[    1.004811] gpio gpiochip3: registered GPIOs 608 to 639 on gpio-96-127
[    1.006874] omap8250 44e09000.serial: using DT '/ocp/interconnect@44c00000/segment@200000/target-module@9000/serial@0' for 'rs485-term' GPIO lookup
[    1.006945] of_get_named_gpiod_flags: can't parse 'rs485-term-gpios' property of node '/ocp/interconnect@44c00000/segment@200000/target-module@9000/serial@0[0]'
[    1.006991] of_get_named_gpiod_flags: can't parse 'rs485-term-gpio' property of node '/ocp/interconnect@44c00000/segment@200000/target-module@9000/serial@0[0]'
[    1.007029] omap8250 44e09000.serial: using lookup tables for GPIO lookup
[    1.007039] omap8250 44e09000.serial: No GPIO consumer rs485-term found
[    1.007051] omap8250 44e09000.serial: using DT '/ocp/interconnect@44c00000/segment@200000/target-module@9000/serial@0' for 'rs485-rx-during-tx' GPIO lookup
[    1.007088] of_get_named_gpiod_flags: can't parse 'rs485-rx-during-tx-gpios' property of node '/ocp/interconnect@44c00000/segment@200000/target-module@9000/serial@0[0]'
[    1.007127] of_get_named_gpiod_flags: can't parse 'rs485-rx-during-tx-gpio' property of node '/ocp/interconnect@44c00000/segment@200000/target-module@9000/serial@0[0]'
[    1.007160] omap8250 44e09000.serial: using lookup tables for GPIO lookup
[    1.007168] omap8250 44e09000.serial: No GPIO consumer rs485-rx-during-tx found
[    1.007533] 44e09000.serial: ttyS0 at MMIO 0x44e09000 (irq = 34, base_baud = 3000000) is a 8250
[    1.007621] printk: legacy console [ttyS0] enabled
[    2.476200] i2c i2c-0: using DT '/ocp/interconnect@44c00000/segment@200000/target-module@b000/i2c@0' for 'scl' GPIO lookup
[    2.476291] of_get_named_gpiod_flags: can't parse 'scl-gpios' property of node '/ocp/interconnect@44c00000/segment@200000/target-module@b000/i2c@0[0]'
[    2.476340] of_get_named_gpiod_flags: can't parse 'scl-gpio' property of node '/ocp/interconnect@44c00000/segment@200000/target-module@b000/i2c@0[0]'
[    2.476382] i2c i2c-0: using lookup tables for GPIO lookup
[    2.476397] i2c i2c-0: No GPIO consumer scl found
[    2.476424] i2c i2c-0: using DT '/ocp/interconnect@44c00000/segment@200000/target-module@b000/i2c@0' for 'sda' GPIO lookup
[    2.476466] of_get_named_gpiod_flags: can't parse 'sda-gpios' property of node '/ocp/interconnect@44c00000/segment@200000/target-module@b000/i2c@0[0]'
[    2.476509] of_get_named_gpiod_flags: can't parse 'sda-gpio' property of node '/ocp/interconnect@44c00000/segment@200000/target-module@b000/i2c@0[0]'
[    2.476547] i2c i2c-0: using lookup tables for GPIO lookup
[    2.476559] i2c i2c-0: No GPIO consumer sda found
[    2.492792] tps65217-pmic: Failed to locate of_node [id: -1]
[    2.498861] tps65217-bl: Failed to locate of_node [id: -1]
[    2.510265] tps65217 0-0024: TPS65217 ID 0xe version 1.2
[    2.516418] /ocp/interconnect@48000000/segment@300000/target-module@e000/lcdc@0: Fixed dependency cycle(s) with /ocp/interconnect@44c00000/segment@200000/target-module@b000/i2c@0/tda19988@70
[    2.533777] /ocp/interconnect@44c00000/segment@200000/target-module@b000/i2c@0/tda19988@70: Fixed dependency cycle(s) with /ocp/interconnect@48000000/segment@300000/target-module@e000/lcdc@0
[    2.551139] omap_i2c 44e0b000.i2c: bus 0 rev0.11 at 400 kHz
[    2.558976] sdhci-omap 48060000.mmc: using DT '/ocp/interconnect@48000000/segment@0/target-module@60000/mmc@0' for 'cd' GPIO lookup
[    2.559088] of_get_named_gpiod_flags: parsed 'cd-gpios' property of node '/ocp/interconnect@48000000/segment@0/target-module@60000/mmc@0[0]' - status (0)
[    2.559154] gpio gpiochip3: Persistence not supported for GPIO 6
[    2.559179] omap_gpio 44e07000.gpio: Could not set line 6 debounce to 200000 microseconds (-22)
[    2.568075] sdhci-omap 48060000.mmc: Got CD GPIO
[    2.572758] sdhci-omap 48060000.mmc: using DT '/ocp/interconnect@48000000/segment@0/target-module@60000/mmc@0' for 'wp' GPIO lookup
[    2.572811] of_get_named_gpiod_flags: can't parse 'wp-gpios' property of node '/ocp/interconnect@48000000/segment@0/target-module@60000/mmc@0[0]'
[    2.572856] of_get_named_gpiod_flags: can't parse 'wp-gpio' property of node '/ocp/interconnect@48000000/segment@0/target-module@60000/mmc@0[0]'
[    2.572896] sdhci-omap 48060000.mmc: using lookup tables for GPIO lookup
[    2.572911] sdhci-omap 48060000.mmc: No GPIO consumer wp found
[    2.573118] sdhci-omap 48060000.mmc: supply pbias not found, using dummy regulator
[    2.581949] sdhci-omap 481d8000.mmc: using DT '/ocp/interconnect@48000000/segment@100000/target-module@d8000/mmc@0' for 'wp' GPIO lookup
[    2.582030] of_get_named_gpiod_flags: can't parse 'wp-gpios' property of node '/ocp/interconnect@48000000/segment@100000/target-module@d8000/mmc@0[0]'
[    2.582081] of_get_named_gpiod_flags: can't parse 'wp-gpio' property of node '/ocp/interconnect@48000000/segment@100000/target-module@d8000/mmc@0[0]'
[    2.582122] sdhci-omap 481d8000.mmc: using lookup tables for GPIO lookup
[    2.582137] sdhci-omap 481d8000.mmc: No GPIO consumer wp found
[    2.583218] sdhci-omap 48060000.mmc: supply vqmmc not found, using dummy regulator
[    2.592238] sdhci-omap 481d8000.mmc: supply pbias not found, using dummy regulator
[    2.600238] sdhci-omap 481d8000.mmc: supply vqmmc not found, using dummy regulator
[    2.638792] mmc1: SDHCI controller on 481d8000.mmc [481d8000.mmc] using External DMA
[    2.648049] mmc0: SDHCI controller on 48060000.mmc [48060000.mmc] using External DMA
[    2.656888] cpsw-switch 4a100000.switch: starting ndev. mode: dual_mac
[    2.701072] mmc0: new high speed SDHC card at address 5048
[    2.708151] mmcblk0: mmc0:5048 SD16G 14.4 GiB
[    2.716296]  mmcblk0: p1 p2
[    2.719692] mmcblk0: p2 size 31221760 extends beyond EOD, truncated
[    2.733029] SMSC LAN8710/LAN8720 4a101000.mdio:00: attached PHY driver (mii_bus:phy_addr=4a101000.mdio:00, irq=POLL)
[    2.745673] mmc1: new high speed MMC card at address 0001
[    2.756832] mmcblk1: mmc1:0001 MMC04G 3.60 GiB
[    2.764276]  mmcblk1: p1 p2
[    2.768506] mmcblk1boot0: mmc1:0001 MMC04G 2.00 MiB
[    2.775900] mmcblk1boot1: mmc1:0001 MMC04G 2.00 MiB
[    2.783220] mmcblk1rpmb: mmc1:0001 MMC04G 128 KiB, chardev (250:0)
[    5.922558] cpsw-switch 4a100000.switch eth0: Link is Up - 100Mbps/Full - flow control off
[    5.951800] IP-Config: Complete:
[    5.955075]      device=eth0, hwaddr=6c:ec:eb:68:de:78, ipaddr=192.168.255.1, mask=255.255.255.0, gw=255.255.255.255
[    5.965721]      host=bbb1, domain=, nis-domain=(none)
[    5.970889]      bootserver=192.168.255.126, rootserver=192.168.255.126, rootpath=
[    5.971335] clk: Disabling unused clocks
[    5.983217] PM: genpd: Disabling unused power domains
[    5.988337] KTAP version 1
[    5.991059] 1..0
[    6.027387] VFS: Mounted root (nfs filesystem) on device 0:17.
[    6.034593] devtmpfs: mounted
[    6.039315] Freeing unused kernel image (initmem) memory: 1024K
[    6.046260] Run /sbin/init as init process
[    6.050401]   with arguments:
[    6.050413]     /sbin/init
[    6.050423]     nfsrootdebug
[    6.050433]   with environment:
[    6.050442]     HOME=/
[    6.050451]     TERM=linux
[    6.762796] systemd[1]: System time before build time, advancing clock.
[    8.241808] random: crng init done
[    8.283047] systemd[1]: systemd 232 running in system mode. (+PAM +AUDIT +SELINUX +IMA +APPARMOR +SMACK +SYSVINIT +UTMP +LIBCRYPTSETUP +GCRYPT +GNUTLS +ACL +XZ +LZ4 +SECCOMP +BLKID +ELFUTILS +KMOD +IDN)
[    8.302253] systemd[1]: Detected architecture arm.
[    8.335176] systemd[1]: Set hostname to <arm>.
[    9.451481] systemd[1]: Listening on udev Kernel Socket.
[    9.472230] systemd[1]: Reached target Remote File Systems.
[    9.503553] systemd[1]: Set up automount Arbitrary Executable File Formats File System Automount Point.
[    9.533415] systemd[1]: Created slice User and Session Slice.
[    9.563802] systemd[1]: Listening on Syslog Socket.
[    9.592705] systemd[1]: Started Forward Password Requests to Wall Directory Watch.
[    9.623839] systemd[1]: Listening on udev Control Socket.
[   11.888235] systemd-journald[87]: Received request to flush runtime journal from PID 1
[   14.532074] leds-gpio leds: using DT '/leds/led2' for '(default)' GPIO lookup
[   14.532184] of_get_named_gpiod_flags: parsed 'gpios' property of node '/leds/led2[0]' - status (0)
[   14.532245] gpio gpiochip0: Persistence not supported for GPIO 21
[   14.532261] gpio-533 (?): no flags found for GPIO (default)
[   14.625286] leds-gpio leds: using DT '/leds/led3' for '(default)' GPIO lookup
[   14.625400] of_get_named_gpiod_flags: parsed 'gpios' property of node '/leds/led3[0]' - status (0)
[   14.625459] gpio gpiochip0: Persistence not supported for GPIO 22
[   14.625475] gpio-534 (?): no flags found for GPIO (default)
[   14.663863] leds-gpio leds: using DT '/leds/led4' for '(default)' GPIO lookup
[   14.663967] of_get_named_gpiod_flags: parsed 'gpios' property of node '/leds/led4[0]' - status (0)
[   14.664022] gpio gpiochip0: Persistence not supported for GPIO 23
[   14.664038] gpio-535 (?): no flags found for GPIO (default)
[   14.709092] leds-gpio leds: using DT '/leds/led5' for '(default)' GPIO lookup
[   14.709202] of_get_named_gpiod_flags: parsed 'gpios' property of node '/leds/led5[0]' - status (0)
[   14.709254] gpio gpiochip0: Persistence not supported for GPIO 24
[   14.709270] gpio-536 (?): no flags found for GPIO (default)
[   14.943833] remoteproc remoteproc0: wkup_m3 is available
[   14.958329] at24 2-0054: supply vcc not found, using dummy regulator
[   15.134115] at24 2-0055: supply vcc not found, using dummy regulator
[   15.233514] at24 2-0056: supply vcc not found, using dummy regulator
[   15.328746] at24 2-0057: supply vcc not found, using dummy regulator
[   15.447811] at24 0-0050: using DT '/ocp/interconnect@44c00000/segment@200000/target-module@b000/i2c@0/eeprom@50' for 'wp' GPIO lookup
[   15.447934] of_get_named_gpiod_flags: can't parse 'wp-gpios' property of node '/ocp/interconnect@44c00000/segment@200000/target-module@b000/i2c@0/eeprom@50[0]'
[   15.447996] of_get_named_gpiod_flags: can't parse 'wp-gpio' property of node '/ocp/interconnect@44c00000/segment@200000/target-module@b000/i2c@0/eeprom@50[0]'
[   15.448045] at24 0-0050: using lookup tables for GPIO lookup
[   15.448060] at24 0-0050: No GPIO consumer wp found
[   15.448402] at24 0-0050: 32768 byte 24c256 EEPROM, writable, 1 bytes/write
[   15.499496] tps6521x_pwrbutton tps65217-pwrbutton: DMA mask not set
[   15.616108] input: tps65217_pwrbutton as /devices/platform/ocp/44c00000.interconnect/44c00000.interconnect:segment@200000/44e0b000.target-module/44e0b000.i2c/i2c-0/0-0024/tps65217-pwrbutton/input/input0
[   15.706457] wkup_m3_ipc 44e11324.wkup_m3_ipc: IPC Request for A8->M3 Channel failed! -517
[   15.852375] omap_rtc 44e3e000.rtc: registered as rtc0
[   15.857964] omap_rtc 44e3e000.rtc: setting system clock to 2000-01-01T00:00:00 UTC (946684800)
[   15.866732] omap_rtc 44e3e000.rtc: using DT '/ocp/interconnect@44c00000/segment@200000/target-module@3e000/rtc@0' for 'wp' GPIO lookup
[   15.866803] of_get_named_gpiod_flags: can't parse 'wp-gpios' property of node '/ocp/interconnect@44c00000/segment@200000/target-module@3e000/rtc@0[0]'
[   15.866856] of_get_named_gpiod_flags: can't parse 'wp-gpio' property of node '/ocp/interconnect@44c00000/segment@200000/target-module@3e000/rtc@0[0]'
[   15.866898] omap_rtc 44e3e000.rtc: using lookup tables for GPIO lookup
[   15.866913] omap_rtc 44e3e000.rtc: No GPIO consumer wp found
[   15.868607] wkup_m3_ipc 44e11324.wkup_m3_ipc: IPC Request for A8->M3 Channel failed! -517
[   15.889485] omap_wdt: OMAP Watchdog Timer Rev 0x01: initial timeout 60 sec
[   16.005853] wkup_m3_ipc 44e11324.wkup_m3_ipc: IPC Request for A8->M3 Channel failed! -517
[   16.327389] am335x-phy-driver 47401300.usb-phy: using DT '/ocp/target-module@47400000/usb-phy@1300' for 'reset' GPIO lookup
[   16.327502] of_get_named_gpiod_flags: can't parse 'reset-gpios' property of node '/ocp/target-module@47400000/usb-phy@1300[0]'
[   16.327551] of_get_named_gpiod_flags: can't parse 'reset-gpio' property of node '/ocp/target-module@47400000/usb-phy@1300[0]'
[   16.327589] am335x-phy-driver 47401300.usb-phy: using lookup tables for GPIO lookup
[   16.327604] am335x-phy-driver 47401300.usb-phy: No GPIO consumer reset found
[   16.327620] am335x-phy-driver 47401300.usb-phy: using DT '/ocp/target-module@47400000/usb-phy@1300' for 'vbus-detect' GPIO lookup
[   16.327653] of_get_named_gpiod_flags: can't parse 'vbus-detect-gpios' property of node '/ocp/target-module@47400000/usb-phy@1300[0]'
[   16.327687] of_get_named_gpiod_flags: can't parse 'vbus-detect-gpio' property of node '/ocp/target-module@47400000/usb-phy@1300[0]'
[   16.327715] am335x-phy-driver 47401300.usb-phy: using lookup tables for GPIO lookup
[   16.327728] am335x-phy-driver 47401300.usb-phy: No GPIO consumer vbus-detect found
[   16.327878] am335x-phy-driver 47401300.usb-phy: dummy supplies not allowed for exclusive requests (id=vbus)
[   16.460789] usbcore: registered new interface driver usbfs
[   16.466713] usbcore: registered new interface driver hub
[   16.472289] usbcore: registered new device driver usb
[   16.654958] tda998x 0-0070: found TDA19988
[   16.759315] wkup_m3_ipc 44e11324.wkup_m3_ipc: IPC Request for A8->M3 Channel failed! -517
[   16.883609] am335x-phy-driver 47401b00.usb-phy: using DT '/ocp/target-module@47400000/usb-phy@1b00' for 'reset' GPIO lookup
[   16.883706] of_get_named_gpiod_flags: can't parse 'reset-gpios' property of node '/ocp/target-module@47400000/usb-phy@1b00[0]'
[   16.883751] of_get_named_gpiod_flags: can't parse 'reset-gpio' property of node '/ocp/target-module@47400000/usb-phy@1b00[0]'
[   16.883790] am335x-phy-driver 47401b00.usb-phy: using lookup tables for GPIO lookup
[   16.883806] am335x-phy-driver 47401b00.usb-phy: No GPIO consumer reset found
[   16.883821] am335x-phy-driver 47401b00.usb-phy: using DT '/ocp/target-module@47400000/usb-phy@1b00' for 'vbus-detect' GPIO lookup
[   16.883854] of_get_named_gpiod_flags: can't parse 'vbus-detect-gpios' property of node '/ocp/target-module@47400000/usb-phy@1b00[0]'
[   16.883889] of_get_named_gpiod_flags: can't parse 'vbus-detect-gpio' property of node '/ocp/target-module@47400000/usb-phy@1b00[0]'
[   16.883916] am335x-phy-driver 47401b00.usb-phy: using lookup tables for GPIO lookup
[   16.883929] am335x-phy-driver 47401b00.usb-phy: No GPIO consumer vbus-detect found
[   16.884080] am335x-phy-driver 47401b00.usb-phy: dummy supplies not allowed for exclusive requests (id=vbus)
[   16.912856] wkup_m3_ipc 44e11324.wkup_m3_ipc: IPC Request for A8->M3 Channel failed! -517
[   16.926933] wkup_m3_ipc 44e11324.wkup_m3_ipc: IPC Request for A8->M3 Channel failed! -517
[   17.342812] wkup_m3_ipc 44e11324.wkup_m3_ipc: IPC Request for A8->M3 Channel failed! -517
[   17.355480] musb-hdrc musb-hdrc.1: MUSB HDRC host driver
[   17.360891] musb-hdrc musb-hdrc.1: new USB bus registered, assigned bus number 1
[   17.733740] usb usb1: New USB device found, idVendor=1d6b, idProduct=0002, bcdDevice= 6.13
[   17.742207] usb usb1: New USB device strings: Mfr=3, Product=2, SerialNumber=1
[   17.749474] usb usb1: Product: MUSB HDRC host driver
[   17.754552] usb usb1: Manufacturer: Linux 6.13.0-rc6-next-20250109 musb-hcd
[   17.761555] usb usb1: SerialNumber: musb-hdrc.1
[   17.921614] omap-mailbox 480c8000.mailbox: omap mailbox rev 0x400
[   18.225224] hub 1-0:1.0: USB hub found
[   18.272900] hub 1-0:1.0: 1 port detected
[   18.424171] remoteproc remoteproc0: powering up wkup_m3
[   18.566698] remoteproc remoteproc0: Direct firmware load for am335x-pm-firmware.elf failed with error -2
[   18.576552] remoteproc remoteproc0: request_firmware failed: -2
[   18.582660] wkup_m3_ipc 44e11324.wkup_m3_ipc: rproc_boot failed
[   19.596418] tilcdc 4830e000.lcdc: bound 0-0070 (ops tda998x_driver_exit [tda998x])
[   19.718885] [drm] Initialized tilcdc 1.0.0 for 4830e000.lcdc on minor 0
[   19.815645] tilcdc 4830e000.lcdc: [drm] Cannot find any crtc or sizes
[   19.832417] tilcdc 4830e000.lcdc: [drm] Cannot find any crtc or sizes
[   20.117907] omap_rng 48310000.rng: Random Number Generator ver. 20
[   20.708972] PM: Cannot get wkup_m3_ipc handle
[   20.778969] omap-sham 53100000.sham: hw accel on OMAP rev 4.3
[   20.908103] omap-sham 53100000.sham: will run requests pump with realtime priority
[   20.917113] PM: Cannot get wkup_m3_ipc handle
[   21.170386] omap-aes 53500000.aes: OMAP AES hw accel rev: 3.2
[   21.312209] omap-aes 53500000.aes: will run requests pump with realtime priority
[   21.337803] PM: Cannot get wkup_m3_ipc handle
[   24.600579] PM: Cannot get wkup_m3_ipc handle
[   24.606676] asoc-simple-card sound: using DT '/sound' for 'simple-audio-card,hp-det' GPIO lookup
[   24.606757] of_get_named_gpiod_flags: can't parse 'simple-audio-card,hp-det-gpios' property of node '/sound[0]'
[   24.606795] of_get_named_gpiod_flags: can't parse 'simple-audio-card,hp-det-gpio' property of node '/sound[0]'
[   24.606820] asoc-simple-card sound: using lookup tables for GPIO lookup
[   24.606835] asoc-simple-card sound: No GPIO consumer simple-audio-card,hp-det found
[   24.606851] asoc-simple-card sound: using DT '/sound' for 'simple-audio-card,mic-det' GPIO lookup
[   24.606877] of_get_named_gpiod_flags: can't parse 'simple-audio-card,mic-det-gpios' property of node '/sound[0]'
[   24.606905] of_get_named_gpiod_flags: can't parse 'simple-audio-card,mic-det-gpio' property of node '/sound[0]'
[   24.606926] asoc-simple-card sound: using lookup tables for GPIO lookup
[   24.606938] asoc-simple-card sound: No GPIO consumer simple-audio-card,mic-det found
[   24.705957] PM: Cannot get wkup_m3_ipc handle
[   24.762597] Bluetooth: Core ver 2.22
[   24.766436] NET: Registered PF_BLUETOOTH protocol family
[   24.771913] Bluetooth: HCI device and connection manager initialized
[   24.778330] Bluetooth: HCI socket layer initialized
[   24.783280] Bluetooth: L2CAP socket layer initialized
[   24.788397] Bluetooth: SCO socket layer initialized
[   28.793814] userial_init: registered 8 ttyGS* devices
[   28.987284] rndis_register: configNr = 0
[   29.096558] udc musb-hdrc.0: binding gadget driver [g_multi]
[   29.096640] configfs-gadget.g_multi gadget.0: adding 'rndis'/ceb619fc to config 'c'/2a399f4f
[   29.097781] configfs-gadget.g_multi gadget.0: HOST MAC 1c:ba:8c:a2:ed:6c
[   29.097806] configfs-gadget.g_multi gadget.0: MAC 1c:ba:8c:a2:ed:70
[   29.097870] rndis_set_param_medium: 0 0
[   29.097887] configfs-gadget.g_multi gadget.0: RNDIS: IN/ep1in OUT/ep1out NOTIFY/ep2in
[   29.097903] configfs-gadget.g_multi gadget.0: adding 'cdc_ethernet'/9c01cf47 to config 'c'/2a399f4f
[   29.098734] configfs-gadget.g_multi gadget.0: HOST MAC 1c:ba:8c:a2:ed:6c
[   29.098755] configfs-gadget.g_multi gadget.0: MAC 1c:ba:8c:a2:ed:6d
[   29.098790] configfs-gadget.g_multi gadget.0: CDC Ethernet: IN/ep3in OUT/ep2out NOTIFY/ep4in
[   29.098804] configfs-gadget.g_multi gadget.0: adding 'acm'/ba738bd6 to config 'c'/2a399f4f
[   29.098838] configfs-gadget.g_multi gadget.0: acm ttyGS0: IN/ep5in OUT/ep3out NOTIFY/ep6in
[   29.103820] PM: Cannot get wkup_m3_ipc handle
[   31.258032] configfs-gadget.g_multi gadget.0: eth_open
[   35.135945] gs_open: ttyGS0 (02483091,6c5c4df5)
[   35.136110] gs_close: ttyGS0 (02483091,6c5c4df5) ...
[   35.136133] gs_close: ttyGS0 (02483091,6c5c4df5) done!
[   35.154235] gs_open: ttyGS0 (fae714ca,7f1fa144)
[   35.154387] gs_close: ttyGS0 (fae714ca,7f1fa144) ...
[   35.154413] gs_close: ttyGS0 (fae714ca,7f1fa144) done!
[   35.334779] gs_open: ttyGS0 (69cd4e2c,7b92a263)
[   35.335019] gs_close: ttyGS0 (69cd4e2c,7b92a263) ...
[   35.335048] gs_close: ttyGS0 (69cd4e2c,7b92a263) done!
[   35.340824] gs_open: ttyGS0 (69cd4e2c,7b92a263)
LNVZAUKUYW 0
root@arm:~# echo 'TNYU''LWVLKU'
TNYULWVLKU
root@arm:~# MARKER='FVWA''TVAGQA' run 'modprobe test_linear_ranges'
FVWATVAGQAFVWATVAGQA 0
root@arm:~# echo 'GBGS''ONYAFE'
GBGSONYAFE
root@arm:~# MARKER='WUSQ''KQFOGT' run dmesg
WUSQKQFOGT[    0.000000] Booting Linux on physical CPU 0x0
[    0.000000] Linux version 6.13.0-rc6-next-20250109 (user01@drvtest01) (arm-linux-gnueabihf-gcc (Linaro GCC 6.4-2017.11) 6.4.1 20171012, GNU ld (Linaro_Binutils-2017.11) 2.27.0.20161229) #6 SMP Thu Jan  9 07:52:44 EET 2025
[    0.000000] CPU: ARMv7 Processor [413fc082] revision 2 (ARMv7), cr=10c5387d
[    0.000000] CPU: PIPT / VIPT nonaliasing data cache, VIPT aliasing instruction cache
[    0.000000] OF: fdt: Machine model: TI AM335x BeagleBone Black
[    0.000000] Memory policy: Data cache writeback
[    0.000000] cma: Reserved 16 MiB at 0x9e800000 on node -1
[    0.000000] Zone ranges:
[    0.000000]   Normal   [mem 0x0000000080000000-0x000000009fdfffff]
[    0.000000]   HighMem  empty
[    0.000000] Movable zone start for each node
[    0.000000] Early memory node ranges
[    0.000000]   node   0: [mem 0x0000000080000000-0x000000009fdfffff]
[    0.000000] Initmem setup node 0 [mem 0x0000000080000000-0x000000009fdfffff]
[    0.000000] OF: reserved mem: Reserved memory: No reserved-memory node in the DT
[    0.000000] CPU: All CPU(s) started in SVC mode.
[    0.000000] AM335X ES2.1 (sgx neon)
[    0.000000] percpu: Embedded 17 pages/cpu s39628 r8192 d21812 u69632
[    0.000000] pcpu-alloc: s39628 r8192 d21812 u69632 alloc=17*4096
[    0.000000] pcpu-alloc: [0] 0 
[    0.000000] Kernel command line: console=ttyO0,115200n8 root=/dev/nfs rw nfsroot=192.168.255.126:/home/user01/nfs,nfsvers=3 ip=192.168.255.1:192.168.255.126::255.255.255.0:bbb1:eth0 nfsrootdebug
[    0.000000] Unknown kernel command line parameters "nfsrootdebug", will be passed to user space.
[    0.000000] printk: log buffer data + meta data: 65536 + 204800 = 270336 bytes
[    0.000000] Dentry cache hash table entries: 65536 (order: 6, 262144 bytes, linear)
[    0.000000] Inode-cache hash table entries: 32768 (order: 5, 131072 bytes, linear)
[    0.000000] Built 1 zonelists, mobility grouping on.  Total pages: 130560
[    0.000000] mem auto-init: stack:off, heap alloc:off, heap free:off
[    0.000000] SLUB: HWalign=64, Order=0-3, MinObjects=0, CPUs=1, Nodes=1
[    0.000000] rcu: Hierarchical RCU implementation.
[    0.000000] rcu: 	RCU event tracing is enabled.
[    0.000000] rcu: 	RCU restricting CPUs from NR_CPUS=2 to nr_cpu_ids=1.
[    0.000000] 	Tracing variant of Tasks RCU enabled.
[    0.000000] rcu: RCU calculated value of scheduler-enlistment delay is 10 jiffies.
[    0.000000] rcu: Adjusting geometry for rcu_fanout_leaf=16, nr_cpu_ids=1
[    0.000000] RCU Tasks Trace: Setting shift to 0 and lim to 1 rcu_task_cb_adjust=1 rcu_task_cpu_ids=1.
[    0.000000] NR_IRQS: 16, nr_irqs: 16, preallocated irqs: 16
[    0.000000] IRQ: Found an INTC at 0x(ptrval) (revision 5.0) with 128 interrupts
[    0.000000] rcu: srcu_init: Setting srcu_struct sizes based on contention.
[    0.000000] TI gptimer clocksource: always-on /ocp/interconnect@44c00000/segment@200000/target-module@31000
[    0.000003] sched_clock: 32 bits at 24MHz, resolution 41ns, wraps every 89478484971ns
[    0.000024] clocksource: dmtimer: mask: 0xffffffff max_cycles: 0xffffffff, max_idle_ns: 79635851949 ns
[    0.000513] TI gptimer clockevent: 24000000 Hz at /ocp/interconnect@48000000/segment@0/target-module@40000
[    0.002172] Console: colour dummy device 80x30
[    0.002239] WARNING: Your 'console=ttyO0' has been replaced by 'ttyS0'
[    0.002247] This ensures that you still see kernel messages. Please
[    0.002252] update your kernel commandline.
[    0.002295] Calibrating delay loop... 996.14 BogoMIPS (lpj=4980736)
[    0.090564] CPU: Testing write buffer coherency: ok
[    0.090679] CPU0: Spectre v2: using BPIALL workaround
[    0.090691] pid_max: default: 32768 minimum: 301
[    0.090811] LSM: initializing lsm=capability
[    0.090988] Mount-cache hash table entries: 1024 (order: 0, 4096 bytes, linear)
[    0.091009] Mountpoint-cache hash table entries: 1024 (order: 0, 4096 bytes, linear)
[    0.092663] CPU0: thread -1, cpu 0, socket -1, mpidr 0
[    0.160926] Setting up static identity map for 0x80100000 - 0x80100078
[    0.170715] rcu: Hierarchical SRCU implementation.
[    0.170728] rcu: 	Max phase no-delay instances is 1000.
[    0.190761] smp: Bringing up secondary CPUs ...
[    0.190820] smp: Brought up 1 node, 1 CPU
[    0.190835] SMP: Total of 1 processors activated (996.14 BogoMIPS).
[    0.190846] CPU: All CPU(s) started in SVC mode.
[    0.191017] Memory: 480836K/522240K available (11264K kernel code, 1214K rwdata, 2908K rodata, 1024K init, 296K bss, 23388K reserved, 16384K cma-reserved, 0K highmem)
[    0.191891] devtmpfs: initialized
[    0.208735] VFP support v0.3: implementor 41 architecture 3 part 30 variant c rev 3
[    0.209083] clocksource: jiffies: mask: 0xffffffff max_cycles: 0xffffffff, max_idle_ns: 19112604462750000 ns
[    0.209119] futex hash table entries: 256 (order: 2, 16384 bytes, linear)
[    0.210409] pinctrl core: initialized pinctrl subsystem
[    0.213430] NET: Registered PF_NETLINK/PF_ROUTE protocol family
[    0.216238] DMA: preallocated 256 KiB pool for atomic coherent allocations
[    0.217136] audit: initializing netlink subsys (disabled)
[    0.218559] thermal_sys: Registered thermal governor 'fair_share'
[    0.218575] thermal_sys: Registered thermal governor 'step_wise'
[    0.218586] thermal_sys: Registered thermal governor 'user_space'
[    0.218741] audit: type=2000 audit(0.210:1): state=initialized audit_enabled=0 res=1
[    0.218777] cpuidle: using governor menu
[    0.237121] /ocp/interconnect@44c00000/segment@200000/target-module@b000/i2c@0/tda19988@70: Fixed dependency cycle(s) with /ocp/interconnect@48000000/segment@300000/target-module@e000/lcdc@0
[    0.238302] /ocp/interconnect@48000000/segment@300000/target-module@e000/lcdc@0: Fixed dependency cycle(s) with /ocp/interconnect@44c00000/segment@200000/target-module@b000/i2c@0/tda19988@70
[    0.240516] No ATAGs?
[    0.240537] hw-breakpoint: debug architecture 0x4 unsupported.
[    0.243551] kprobes: kprobe jump-optimization is enabled. All kprobes are optimized if possible.
[    0.254207] iommu: Default domain type: Translated
[    0.254231] iommu: DMA domain TLB invalidation policy: strict mode
[    0.255923] reg-fixed-voltage fixedregulator0: using DT '/fixedregulator0' for '(default)' GPIO lookup
[    0.255979] of_get_named_gpiod_flags: can't parse 'gpios' property of node '/fixedregulator0[0]'
[    0.256009] of_get_named_gpiod_flags: can't parse 'gpio' property of node '/fixedregulator0[0]'
[    0.256027] reg-fixed-voltage fixedregulator0: using lookup tables for GPIO lookup
[    0.256038] reg-fixed-voltage fixedregulator0: No GPIO consumer (default) found
[    0.261986] SCSI subsystem initialized
[    0.262489] libata version 3.00 loaded.
[    0.262857] pps_core: LinuxPPS API ver. 1 registered
[    0.262869] pps_core: Software ver. 5.3.6 - Copyright 2005-2007 Rodolfo Giometti <giometti@linux.it>
[    0.262893] PTP clock support registered
[    0.271360] vgaarb: loaded
[    0.271781] clocksource: Switched to clocksource dmtimer
[    0.272436] VFS: Disk quotas dquot_6.6.0
[    0.272480] VFS: Dquot-cache hash table entries: 1024 (order 0, 4096 bytes)
[    0.297033] NET: Registered PF_INET protocol family
[    0.297387] IP idents hash table entries: 8192 (order: 4, 65536 bytes, linear)
[    0.298813] tcp_listen_portaddr_hash hash table entries: 512 (order: 0, 4096 bytes, linear)
[    0.298852] Table-perturb hash table entries: 65536 (order: 6, 262144 bytes, linear)
[    0.298869] TCP established hash table entries: 4096 (order: 2, 16384 bytes, linear)
[    0.298914] TCP bind hash table entries: 4096 (order: 4, 65536 bytes, linear)
[    0.299014] TCP: Hash tables configured (established 4096 bind 4096)
[    0.299132] UDP hash table entries: 256 (order: 1, 14336 bytes, linear)
[    0.299170] UDP-Lite hash table entries: 256 (order: 1, 14336 bytes, linear)
[    0.299349] NET: Registered PF_UNIX/PF_LOCAL protocol family
[    0.302717] RPC: Registered named UNIX socket transport module.
[    0.302739] RPC: Registered udp transport module.
[    0.302745] RPC: Registered tcp transport module.
[    0.302750] RPC: Registered tcp-with-tls transport module.
[    0.302756] RPC: Registered tcp NFSv4.1 backchannel transport module.
[    0.302781] PCI: CLS 0 bytes, default 64
[    0.304246] Initialise system trusted keyrings
[    0.312720] workingset: timestamp_bits=14 max_order=17 bucket_order=3
[    0.314061] NFS: Registering the id_resolver key type
[    0.314142] Key type id_resolver registered
[    0.314149] Key type id_legacy registered
[    0.314202] jffs2: version 2.2. (NAND) (SUMMARY)  Â© 2001-2006 Red Hat, Inc.
[    0.314610] Key type asymmetric registered
[    0.314627] Asymmetric key parser 'x509' registered
[    0.314694] io scheduler mq-deadline registered
[    0.314705] io scheduler kyber registered
[    0.314777] io scheduler bfq registered
[    0.316377] ledtrig-cpu: registered to indicate activity on CPUs
[    0.322574] Serial: 8250/16550 driver, 6 ports, IRQ sharing enabled
[    0.377011] brd: module loaded
[    0.396955] loop: module loaded
[    0.397884] mtdoops: mtd device (mtddev=name/number) must be supplied
[    0.399621] mdio_bus fixed-0: using lookup tables for GPIO lookup
[    0.399645] mdio_bus fixed-0: No GPIO consumer reset found
[    0.401017] i2c_dev: i2c /dev entries driver
[    0.402194] cpuidle: enable-method property 'ti,am3352' found operations
[    0.402666] sdhci: Secure Digital Host Controller Interface driver
[    0.402677] sdhci: Copyright(c) Pierre Ossman
[    0.402855] sdhci-pltfm: SDHCI platform and OF driver helper
[    0.403889] Initializing XFRM netlink socket
[    0.404043] NET: Registered PF_INET6 protocol family
[    0.414035] Segment Routing with IPv6
[    0.414130] In-situ OAM (IOAM) with IPv6
[    0.414230] sit: IPv6, IPv4 and MPLS over IPv4 tunneling driver
[    0.415186] NET: Registered PF_PACKET protocol family
[    0.415221] NET: Registered PF_KEY protocol family
[    0.415339] Key type dns_resolver registered
[    0.415613] ThumbEE CPU extension supported.
[    0.415635] Registering SWP/SWPB emulation handler
[    0.416176] omap_voltage_late_init: Voltage driver support not added
[    0.416535] SmartReflex Class3 initialized
[    0.442764] Loading compiled-in X.509 certificates
[    0.490765] /ocp/interconnect@44c00000/segment@200000/target-module@b000/i2c@0/tda19988@70: Fixed dependency cycle(s) with /ocp/interconnect@48000000/segment@300000/target-module@e000/lcdc@0
[    0.497407] /ocp/interconnect@44c00000/segment@200000/target-module@b000/i2c@0/tda19988@70: Fixed dependency cycle(s) with /ocp/interconnect@48000000/segment@300000/target-module@e000/lcdc@0
[    0.503093] gpiochip_find_base_unlocked: found new base at 512
[    0.527130] /ocp/interconnect@44c00000/segment@200000/target-module@b000/i2c@0/tda19988@70: Fixed dependency cycle(s) with /ocp/interconnect@48000000/segment@300000/target-module@e000/lcdc@0
[    0.528005] /ocp/interconnect@44c00000/segment@200000/target-module@b000/i2c@0/tda19988@70: Fixed dependency cycle(s) with /ocp/interconnect@48000000/segment@300000/target-module@e000/lcdc@0
[    0.531467] /ocp/interconnect@44c00000/segment@200000/target-module@10000/scm@0/pinmux@800: Fixed dependency cycle(s) with /ocp/interconnect@44c00000/segment@200000/target-module@10000/scm@0/pinmux@800/clkout2-pins
[    0.532264] pinctrl-single 44e10800.pinmux: 142 pins, size 568
[    0.537520] ti-sysc 44e31000.target-module: probe with driver ti-sysc failed with error -16
[    0.569376] /ocp/interconnect@48000000/segment@300000/target-module@e000/lcdc@0: Fixed dependency cycle(s) with /ocp/interconnect@44c00000/segment@200000/target-module@b000/i2c@0/tda19988@70
[    0.577610] ti-sysc 48040000.target-module: probe with driver ti-sysc failed with error -16
[    0.588912] gpiochip_find_base_unlocked: found new base at 512
[    0.589012] gpio gpiochip0: (gpio-0-31): created GPIO range 0->7 ==> 44e10800.pinmux PIN 0->7
[    0.589032] gpio gpiochip0: (gpio-0-31): created GPIO range 8->11 ==> 44e10800.pinmux PIN 90->93
[    0.589048] gpio gpiochip0: (gpio-0-31): created GPIO range 12->27 ==> 44e10800.pinmux PIN 12->27
[    0.589064] gpio gpiochip0: (gpio-0-31): created GPIO range 28->31 ==> 44e10800.pinmux PIN 30->33
[    0.629863] gpio gpiochip0: (gpio-0-31): added GPIO chardev (254:0)
[    0.630010] gpio gpiochip0: registered GPIOs 512 to 543 on gpio-0-31
[    0.630096] OMAP GPIO hardware version 0.1
[    0.643785] i2c i2c-2: using DT '/ocp/interconnect@48000000/segment@100000/target-module@9c000/i2c@0' for 'scl' GPIO lookup
[    0.643857] of_get_named_gpiod_flags: can't parse 'scl-gpios' property of node '/ocp/interconnect@48000000/segment@100000/target-module@9c000/i2c@0[0]'
[    0.643902] of_get_named_gpiod_flags: can't parse 'scl-gpio' property of node '/ocp/interconnect@48000000/segment@100000/target-module@9c000/i2c@0[0]'
[    0.643939] i2c i2c-2: using lookup tables for GPIO lookup
[    0.643950] i2c i2c-2: No GPIO consumer scl found
[    0.643972] i2c i2c-2: using DT '/ocp/interconnect@48000000/segment@100000/target-module@9c000/i2c@0' for 'sda' GPIO lookup
[    0.644009] of_get_named_gpiod_flags: can't parse 'sda-gpios' property of node '/ocp/interconnect@48000000/segment@100000/target-module@9c000/i2c@0[0]'
[    0.644048] of_get_named_gpiod_flags: can't parse 'sda-gpio' property of node '/ocp/interconnect@48000000/segment@100000/target-module@9c000/i2c@0[0]'
[    0.644081] i2c i2c-2: using lookup tables for GPIO lookup
[    0.644089] i2c i2c-2: No GPIO consumer sda found
[    0.644797] omap_i2c 4819c000.i2c: bus 2 rev0.11 at 100 kHz
[    0.650202] gpiochip_find_base_unlocked: found new base at 544
[    0.650306] gpio gpiochip1: (gpio-32-63): created GPIO range 0->17 ==> 44e10800.pinmux PIN 34->51
[    0.650327] gpio gpiochip1: (gpio-32-63): created GPIO range 18->21 ==> 44e10800.pinmux PIN 77->80
[    0.650343] gpio gpiochip1: (gpio-32-63): created GPIO range 22->31 ==> 44e10800.pinmux PIN 56->65
[    0.674836] gpio gpiochip1: (gpio-32-63): added GPIO chardev (254:1)
[    0.674992] gpio gpiochip1: registered GPIOs 544 to 575 on gpio-32-63
[    0.677264] gpiochip_find_base_unlocked: found new base at 576
[    0.677365] gpio gpiochip2: (gpio-64-95): created GPIO range 0->4 ==> 44e10800.pinmux PIN 66->70
[    0.677385] gpio gpiochip2: (gpio-64-95): created GPIO range 5->6 ==> 44e10800.pinmux PIN 98->99
[    0.677402] gpio gpiochip2: (gpio-64-95): created GPIO range 7->8 ==> 44e10800.pinmux PIN 75->76
[    0.677417] gpio gpiochip2: (gpio-64-95): created GPIO range 13->13 ==> 44e10800.pinmux PIN 141->141
[    0.677434] gpio gpiochip2: (gpio-64-95): created GPIO range 14->21 ==> 44e10800.pinmux PIN 100->107
[    0.678158] gpio gpiochip2: (gpio-64-95): added GPIO chardev (254:2)
[    0.678289] gpio gpiochip2: registered GPIOs 576 to 607 on gpio-64-95
[    0.684101] 48000000.interconnect:segment@200000:target-module@0:mpu@0:fck: device ID is greater than 24
[    0.685003] /ocp/interconnect@48000000/segment@300000/target-module@e000/lcdc@0: Fixed dependency cycle(s) with /ocp/interconnect@44c00000/segment@200000/target-module@b000/i2c@0/tda19988@70
[    0.687739] /ocp/interconnect@48000000/segment@300000/target-module@e000/lcdc@0: Fixed dependency cycle(s) with /ocp/interconnect@44c00000/segment@200000/target-module@b000/i2c@0/tda19988@70
[    0.688438] /ocp/interconnect@44c00000/segment@200000/target-module@b000/i2c@0/tda19988@70: Fixed dependency cycle(s) with /ocp/interconnect@48000000/segment@300000/target-module@e000/lcdc@0
[    0.688606] /ocp/interconnect@48000000/segment@300000/target-module@e000/lcdc@0: Fixed dependency cycle(s) with /ocp/interconnect@44c00000/segment@200000/target-module@b000/i2c@0/tda19988@70
[    0.698221] mdio_bus 4a101000.mdio: using DT '/ocp/interconnect@4a000000/segment@0/target-module@100000/switch@0/mdio@1000' for 'reset' GPIO lookup
[    0.698296] of_get_named_gpiod_flags: can't parse 'reset-gpios' property of node '/ocp/interconnect@4a000000/segment@0/target-module@100000/switch@0/mdio@1000[0]'
[    0.698343] of_get_named_gpiod_flags: can't parse 'reset-gpio' property of node '/ocp/interconnect@4a000000/segment@0/target-module@100000/switch@0/mdio@1000[0]'
[    0.698391] mdio_bus 4a101000.mdio: using lookup tables for GPIO lookup
[    0.698402] mdio_bus 4a101000.mdio: No GPIO consumer reset found
[    0.699593] sdhci-omap 481d8000.mmc: using DT '/ocp/interconnect@48000000/segment@100000/target-module@d8000/mmc@0' for 'wp' GPIO lookup
[    0.699657] of_get_named_gpiod_flags: can't parse 'wp-gpios' property of node '/ocp/interconnect@48000000/segment@100000/target-module@d8000/mmc@0[0]'
[    0.699700] of_get_named_gpiod_flags: can't parse 'wp-gpio' property of node '/ocp/interconnect@48000000/segment@100000/target-module@d8000/mmc@0[0]'
[    0.699736] sdhci-omap 481d8000.mmc: using lookup tables for GPIO lookup
[    0.699745] sdhci-omap 481d8000.mmc: No GPIO consumer wp found
[    0.699940] sdhci-omap 481d8000.mmc: supply pbias not found, using dummy regulator
[    0.700443] sdhci-omap 481d8000.mmc: supply vqmmc not found, using dummy regulator
[    0.756360] davinci_mdio 4a101000.mdio: davinci mdio revision 1.6, bus freq 1000000
[    0.773677] mdio_bus 4a101000.mdio:00: using DT '/ocp/interconnect@4a000000/segment@0/target-module@100000/switch@0/mdio@1000/ethernet-phy@0' for 'reset' GPIO lookup
[    0.773784] of_get_named_gpiod_flags: parsed 'reset-gpios' property of node '/ocp/interconnect@4a000000/segment@0/target-module@100000/switch@0/mdio@1000/ethernet-phy@0[0]' - status (0)
[    0.773950] gpio gpiochip0: Persistence not supported for GPIO 8
[    0.908624] davinci_mdio 4a101000.mdio: phy[0]: device 4a101000.mdio:00, driver SMSC LAN8710/LAN8720
[    0.909415] cpsw-switch 4a100000.switch: initialized cpsw ale version 1.4
[    0.909437] cpsw-switch 4a100000.switch: ALE Table size 1024, Policers 0
[    0.909765] cpsw-switch 4a100000.switch: cpts: overflow check period 500 (jiffies)
[    0.909787] cpsw-switch 4a100000.switch: CPTS: ref_clk_freq:250000000 calc_mult:2147483648 calc_shift:29 error:0 nsec/sec
[    0.909899] cpsw-switch 4a100000.switch: Detected MACID = 6c:ec:eb:68:de:78
[    0.911732] cpsw-switch 4a100000.switch: initialized (regs 0x4a100000, pool size 256) hw_ver:0019010C 1.12 (0)
[    0.922908] debugfs: Directory '49000000.dma' with parent 'dmaengine' already present!
[    0.922950] edma 49000000.dma: TI EDMA DMA engine driver
[    0.974175] target-module@4b000000:target-module@140000:pmu@0:fck: device ID is greater than 24
[    0.987871] hw perfevents: enabled with armv7_cortex_a8 PMU driver, 5 (8000000f) counters available
[    0.988780] gpio-clk clk_mcasp0: using DT '/clk_mcasp0' for 'enable' GPIO lookup
[    0.988855] of_get_named_gpiod_flags: parsed 'enable-gpios' property of node '/clk_mcasp0[0]' - status (0)
[    0.988900] gpio gpiochip0: Persistence not supported for GPIO 27
[    0.989730] gpiochip_find_base_unlocked: found new base at 608
[    0.989840] gpio gpiochip3: (gpio-96-127): created GPIO range 0->7 ==> 44e10800.pinmux PIN 82->89
[    0.989862] gpio gpiochip3: (gpio-96-127): created GPIO range 8->11 ==> 44e10800.pinmux PIN 52->55
[    0.989878] gpio gpiochip3: (gpio-96-127): created GPIO range 12->15 ==> 44e10800.pinmux PIN 94->97
[    0.989894] gpio gpiochip3: (gpio-96-127): created GPIO range 16->17 ==> 44e10800.pinmux PIN 71->72
[    0.989910] gpio gpiochip3: (gpio-96-127): created GPIO range 18->18 ==> 44e10800.pinmux PIN 135->135
[    0.989926] gpio gpiochip3: (gpio-96-127): created GPIO range 19->20 ==> 44e10800.pinmux PIN 108->109
[    0.989943] gpio gpiochip3: (gpio-96-127): created GPIO range 21->21 ==> 44e10800.pinmux PIN 73->73
[    0.989961] gpio gpiochip3: (gpio-96-127): created GPIO range 22->23 ==> 44e10800.pinmux PIN 8->9
[    0.989978] gpio gpiochip3: (gpio-96-127): created GPIO range 26->27 ==> 44e10800.pinmux PIN 10->11
[    0.989996] gpio gpiochip3: (gpio-96-127): created GPIO range 28->28 ==> 44e10800.pinmux PIN 74->74
[    0.990014] gpio gpiochip3: (gpio-96-127): created GPIO range 29->29 ==> 44e10800.pinmux PIN 81->81
[    0.990033] gpio gpiochip3: (gpio-96-127): created GPIO range 30->31 ==> 44e10800.pinmux PIN 28->29
[    0.995601] l3-aon-clkctrl:0000:0: failed to disable
[    1.004659] gpio gpiochip3: (gpio-96-127): added GPIO chardev (254:3)
[    1.004811] gpio gpiochip3: registered GPIOs 608 to 639 on gpio-96-127
[    1.006874] omap8250 44e09000.serial: using DT '/ocp/interconnect@44c00000/segment@200000/target-module@9000/serial@0' for 'rs485-term' GPIO lookup
[    1.006945] of_get_named_gpiod_flags: can't parse 'rs485-term-gpios' property of node '/ocp/interconnect@44c00000/segment@200000/target-module@9000/serial@0[0]'
[    1.006991] of_get_named_gpiod_flags: can't parse 'rs485-term-gpio' property of node '/ocp/interconnect@44c00000/segment@200000/target-module@9000/serial@0[0]'
[    1.007029] omap8250 44e09000.serial: using lookup tables for GPIO lookup
[    1.007039] omap8250 44e09000.serial: No GPIO consumer rs485-term found
[    1.007051] omap8250 44e09000.serial: using DT '/ocp/interconnect@44c00000/segment@200000/target-module@9000/serial@0' for 'rs485-rx-during-tx' GPIO lookup
[    1.007088] of_get_named_gpiod_flags: can't parse 'rs485-rx-during-tx-gpios' property of node '/ocp/interconnect@44c00000/segment@200000/target-module@9000/serial@0[0]'
[    1.007127] of_get_named_gpiod_flags: can't parse 'rs485-rx-during-tx-gpio' property of node '/ocp/interconnect@44c00000/segment@200000/target-module@9000/serial@0[0]'
[    1.007160] omap8250 44e09000.serial: using lookup tables for GPIO lookup
[    1.007168] omap8250 44e09000.serial: No GPIO consumer rs485-rx-during-tx found
[    1.007533] 44e09000.serial: ttyS0 at MMIO 0x44e09000 (irq = 34, base_baud = 3000000) is a 8250
[    1.007621] printk: legacy console [ttyS0] enabled
[    2.476200] i2c i2c-0: using DT '/ocp/interconnect@44c00000/segment@200000/target-module@b000/i2c@0' for 'scl' GPIO lookup
[    2.476291] of_get_named_gpiod_flags: can't parse 'scl-gpios' property of node '/ocp/interconnect@44c00000/segment@200000/target-module@b000/i2c@0[0]'
[    2.476340] of_get_named_gpiod_flags: can't parse 'scl-gpio' property of node '/ocp/interconnect@44c00000/segment@200000/target-module@b000/i2c@0[0]'
[    2.476382] i2c i2c-0: using lookup tables for GPIO lookup
[    2.476397] i2c i2c-0: No GPIO consumer scl found
[    2.476424] i2c i2c-0: using DT '/ocp/interconnect@44c00000/segment@200000/target-module@b000/i2c@0' for 'sda' GPIO lookup
[    2.476466] of_get_named_gpiod_flags: can't parse 'sda-gpios' property of node '/ocp/interconnect@44c00000/segment@200000/target-module@b000/i2c@0[0]'
[    2.476509] of_get_named_gpiod_flags: can't parse 'sda-gpio' property of node '/ocp/interconnect@44c00000/segment@200000/target-module@b000/i2c@0[0]'
[    2.476547] i2c i2c-0: using lookup tables for GPIO lookup
[    2.476559] i2c i2c-0: No GPIO consumer sda found
[    2.492792] tps65217-pmic: Failed to locate of_node [id: -1]
[    2.498861] tps65217-bl: Failed to locate of_node [id: -1]
[    2.510265] tps65217 0-0024: TPS65217 ID 0xe version 1.2
[    2.516418] /ocp/interconnect@48000000/segment@300000/target-module@e000/lcdc@0: Fixed dependency cycle(s) with /ocp/interconnect@44c00000/segment@200000/target-module@b000/i2c@0/tda19988@70
[    2.533777] /ocp/interconnect@44c00000/segment@200000/target-module@b000/i2c@0/tda19988@70: Fixed dependency cycle(s) with /ocp/interconnect@48000000/segment@300000/target-module@e000/lcdc@0
[    2.551139] omap_i2c 44e0b000.i2c: bus 0 rev0.11 at 400 kHz
[    2.558976] sdhci-omap 48060000.mmc: using DT '/ocp/interconnect@48000000/segment@0/target-module@60000/mmc@0' for 'cd' GPIO lookup
[    2.559088] of_get_named_gpiod_flags: parsed 'cd-gpios' property of node '/ocp/interconnect@48000000/segment@0/target-module@60000/mmc@0[0]' - status (0)
[    2.559154] gpio gpiochip3: Persistence not supported for GPIO 6
[    2.559179] omap_gpio 44e07000.gpio: Could not set line 6 debounce to 200000 microseconds (-22)
[    2.568075] sdhci-omap 48060000.mmc: Got CD GPIO
[    2.572758] sdhci-omap 48060000.mmc: using DT '/ocp/interconnect@48000000/segment@0/target-module@60000/mmc@0' for 'wp' GPIO lookup
[    2.572811] of_get_named_gpiod_flags: can't parse 'wp-gpios' property of node '/ocp/interconnect@48000000/segment@0/target-module@60000/mmc@0[0]'
[    2.572856] of_get_named_gpiod_flags: can't parse 'wp-gpio' property of node '/ocp/interconnect@48000000/segment@0/target-module@60000/mmc@0[0]'
[    2.572896] sdhci-omap 48060000.mmc: using lookup tables for GPIO lookup
[    2.572911] sdhci-omap 48060000.mmc: No GPIO consumer wp found
[    2.573118] sdhci-omap 48060000.mmc: supply pbias not found, using dummy regulator
[    2.581949] sdhci-omap 481d8000.mmc: using DT '/ocp/interconnect@48000000/segment@100000/target-module@d8000/mmc@0' for 'wp' GPIO lookup
[    2.582030] of_get_named_gpiod_flags: can't parse 'wp-gpios' property of node '/ocp/interconnect@48000000/segment@100000/target-module@d8000/mmc@0[0]'
[    2.582081] of_get_named_gpiod_flags: can't parse 'wp-gpio' property of node '/ocp/interconnect@48000000/segment@100000/target-module@d8000/mmc@0[0]'
[    2.582122] sdhci-omap 481d8000.mmc: using lookup tables for GPIO lookup
[    2.582137] sdhci-omap 481d8000.mmc: No GPIO consumer wp found
[    2.583218] sdhci-omap 48060000.mmc: supply vqmmc not found, using dummy regulator
[    2.592238] sdhci-omap 481d8000.mmc: supply pbias not found, using dummy regulator
[    2.600238] sdhci-omap 481d8000.mmc: supply vqmmc not found, using dummy regulator
[    2.638792] mmc1: SDHCI controller on 481d8000.mmc [481d8000.mmc] using External DMA
[    2.648049] mmc0: SDHCI controller on 48060000.mmc [48060000.mmc] using External DMA
[    2.656888] cpsw-switch 4a100000.switch: starting ndev. mode: dual_mac
[    2.701072] mmc0: new high speed SDHC card at address 5048
[    2.708151] mmcblk0: mmc0:5048 SD16G 14.4 GiB
[    2.716296]  mmcblk0: p1 p2
[    2.719692] mmcblk0: p2 size 31221760 extends beyond EOD, truncated
[    2.733029] SMSC LAN8710/LAN8720 4a101000.mdio:00: attached PHY driver (mii_bus:phy_addr=4a101000.mdio:00, irq=POLL)
[    2.745673] mmc1: new high speed MMC card at address 0001
[    2.756832] mmcblk1: mmc1:0001 MMC04G 3.60 GiB
[    2.764276]  mmcblk1: p1 p2
[    2.768506] mmcblk1boot0: mmc1:0001 MMC04G 2.00 MiB
[    2.775900] mmcblk1boot1: mmc1:0001 MMC04G 2.00 MiB
[    2.783220] mmcblk1rpmb: mmc1:0001 MMC04G 128 KiB, chardev (250:0)
[    5.922558] cpsw-switch 4a100000.switch eth0: Link is Up - 100Mbps/Full - flow control off
[    5.951800] IP-Config: Complete:
[    5.955075]      device=eth0, hwaddr=6c:ec:eb:68:de:78, ipaddr=192.168.255.1, mask=255.255.255.0, gw=255.255.255.255
