Labgrid Console Logfile for main
Logfile started at 2024-11-11 11:19:58.230347
=== Log starts here ===
reading args
spl_load_image_fat_os: error reading image args, err - -1
reading u-boot.img
reading u-boot.img


U-Boot 2014.04-00014-g47880f5 (Apr 22 2014 - 13:23:54)

I2C:   ready
DRAM:  512 MiB
NAND:  0 MiB
MMC:   OMAP SD/MMC: 0, OMAP SD/MMC: 1
*** Warning - readenv() failed, using default environment

Net:   <ethaddr> not set. Validating first E-fuse MAC
cpsw, usb_ether
Hit any key to stop autoboot:  1  0 
gpio: pin 53 (gpio 53) value is 1
mmc0 is current device
gpio: pin 54 (gpio 54) value is 1
SD/MMC found on device 0
reading uEnv.txt
569 bytes read in 3 ms (184.6 KiB/s)
gpio: pin 55 (gpio 55) value is 1
Loaded environment from uEnv.txt
Importing environment from mmc ...
Checking if uenvcmd is set ...
gpio: pin 56 (gpio 56) value is 1
Running uenvcmd ...
cpsw Waiting for PHY auto negotiation to complete. done
link up on port 0, speed 100, full duplex
Using cpsw device
TFTP from server 192.168.255.126; our IP address is 192.168.255.1
Filename 'zImage'.
Load address: 0x81000000
Loading: *T #################################################################
	 #################################################################
	 #################################################################
	 #################################################################
	 #################################################################
	 #####################################################
	 752.9 KiB/s
done
Bytes transferred = 5536448 (547ac0 hex)
link up on port 0, speed 100, full duplex
Using cpsw device
TFTP from server 192.168.255.126; our IP address is 192.168.255.1
Filename 'am335x-boneblack.dtb'.
Load address: 0x82000000
Loading: *#######
	 2.2 MiB/s
done
Bytes transferred = 98244 (17fc4 hex)
Kernel image @ 0x81000000 [ 0x000000 - 0x547ac0 ]
## Flattened Device Tree blob at 82000000
   Booting using the fdt blob at 0x82000000
   Using Device Tree in place at 82000000, end 8201afc3

Starting kernel ...

[    0.000000] Booting Linux on physical CPU 0x0
[    0.000000] Linux version 6.12.0-rc7-next-20241111 (user01@drvtest01) (arm-linux-gnueabihf-gcc (Linaro GCC 6.4-2017.11) 6.4.1 20171012, GNU ld (Linaro_Binutils-2017.11) 2.27.0.20161229) #134 SMP Mon Nov 11 11:17:33 EET 2024
[    0.000000] CPU: ARMv7 Processor [413fc082] revision 2 (ARMv7), cr=10c5387d
[    0.000000] CPU: PIPT / VIPT nonaliasing data cache, VIPT aliasing instruction cache
[    0.000000] OF: fdt: Machine model: TI AM335x BeagleBone Black
[    0.000000] Memory policy: Data cache writeback
[    0.000000] cma: Reserved 16 MiB at 0x9e800000 on node -1
[    0.000000] Zone ranges:
[    0.000000]   Normal   [mem 0x0000000080000000-0x000000009fdfffff]
[    0.000000]   HighMem  empty
[    0.000000] Movable zone start for each node
[    0.000000] Early memory node ranges
[    0.000000]   node   0: [mem 0x0000000080000000-0x000000009fdfffff]
[    0.000000] Initmem setup node 0 [mem 0x0000000080000000-0x000000009fdfffff]
[    0.000000] OF: reserved mem: Reserved memory: No reserved-memory node in the DT
[    0.000000] CPU: All CPU(s) started in SVC mode.
[    0.000000] AM335X ES2.1 (sgx neon)
[    0.000000] percpu: Embedded 17 pages/cpu s39564 r8192 d21876 u69632
[    0.000000] Kernel command line: console=ttyO0,115200n8 root=/dev/nfs rw nfsroot=192.168.255.126:/home/user01/nfs,nfsvers=3 ip=192.168.255.1:192.168.255.126::255.255.255.0:bbb1:eth0 nfsrootdebug
[    0.000000] Unknown kernel command line parameters "nfsrootdebug", will be passed to user space.
[    0.000000] printk: log buffer data + meta data: 65536 + 204800 = 270336 bytes
[    0.000000] Dentry cache hash table entries: 65536 (order: 6, 262144 bytes, linear)
[    0.000000] Inode-cache hash table entries: 32768 (order: 5, 131072 bytes, linear)
[    0.000000] Built 1 zonelists, mobility grouping on.  Total pages: 130560
[    0.000000] mem auto-init: stack:off, heap alloc:off, heap free:off
[    0.000000] SLUB: HWalign=64, Order=0-3, MinObjects=0, CPUs=1, Nodes=1
[    0.000000] trace event string verifier disabled
[    0.000000] rcu: Hierarchical RCU implementation.
[    0.000000] rcu: 	RCU event tracing is enabled.
[    0.000000] rcu: 	RCU restricting CPUs from NR_CPUS=2 to nr_cpu_ids=1.
[    0.000000] 	Tracing variant of Tasks RCU enabled.
[    0.000000] rcu: RCU calculated value of scheduler-enlistment delay is 10 jiffies.
[    0.000000] rcu: Adjusting geometry for rcu_fanout_leaf=16, nr_cpu_ids=1
[    0.000000] RCU Tasks Trace: Setting shift to 0 and lim to 1 rcu_task_cb_adjust=1 rcu_task_cpu_ids=1.
[    0.000000] NR_IRQS: 16, nr_irqs: 16, preallocated irqs: 16
[    0.000000] IRQ: Found an INTC at 0x(ptrval) (revision 5.0) with 128 interrupts
[    0.000000] rcu: srcu_init: Setting srcu_struct sizes based on contention.
[    0.000000] TI gptimer clocksource: always-on /ocp/interconnect@44c00000/segment@200000/target-module@31000
[    0.000003] sched_clock: 32 bits at 24MHz, resolution 41ns, wraps every 89478484971ns
[    0.000026] clocksource: dmtimer: mask: 0xffffffff max_cycles: 0xffffffff, max_idle_ns: 79635851949 ns
[    0.000510] TI gptimer clockevent: 24000000 Hz at /ocp/interconnect@48000000/segment@0/target-module@40000
[    0.002163] Console: colour dummy device 80x30
[    0.002230] WARNING: Your 'console=ttyO0' has been replaced by 'ttyS0'
[    0.002238] This ensures that you still see kernel messages. Please
[    0.002243] update your kernel commandline.
[    0.002287] Calibrating delay loop... 996.14 BogoMIPS (lpj=4980736)
[    0.090561] CPU: Testing write buffer coherency: ok
[    0.090677] CPU0: Spectre v2: using BPIALL workaround
[    0.090689] pid_max: default: 32768 minimum: 301
[    0.090814] LSM: initializing lsm=capability
[    0.090996] Mount-cache hash table entries: 1024 (order: 0, 4096 bytes, linear)
[    0.091016] Mountpoint-cache hash table entries: 1024 (order: 0, 4096 bytes, linear)
[    0.092676] CPU0: thread -1, cpu 0, socket -1, mpidr 0
[    0.160937] Setting up static identity map for 0x80100000 - 0x80100078
[    0.170712] rcu: Hierarchical SRCU implementation.
[    0.170724] rcu: 	Max phase no-delay instances is 1000.
[    0.190779] smp: Bringing up secondary CPUs ...
[    0.190835] smp: Brought up 1 node, 1 CPU
[    0.190851] SMP: Total of 1 processors activated (996.14 BogoMIPS).
[    0.190864] CPU: All CPU(s) started in SVC mode.
[    0.191060] Memory: 480840K/522240K available (11264K kernel code, 1213K rwdata, 2896K rodata, 1024K init, 297K bss, 23388K reserved, 16384K cma-reserved, 0K highmem)
[    0.191928] devtmpfs: initialized
[    0.209133] VFP support v0.3: implementor 41 architecture 3 part 30 variant c rev 3
[    0.209485] clocksource: jiffies: mask: 0xffffffff max_cycles: 0xffffffff, max_idle_ns: 19112604462750000 ns
[    0.209519] futex hash table entries: 256 (order: 2, 16384 bytes, linear)
[    0.211031] pinctrl core: initialized pinctrl subsystem
[    0.213860] NET: Registered PF_NETLINK/PF_ROUTE protocol family
[    0.216690] DMA: preallocated 256 KiB pool for atomic coherent allocations
[    0.217605] audit: initializing netlink subsys (disabled)
[    0.219042] thermal_sys: Registered thermal governor 'fair_share'
[    0.219059] thermal_sys: Registered thermal governor 'step_wise'
[    0.219067] thermal_sys: Registered thermal governor 'user_space'
[    0.219220] audit: type=2000 audit(0.210:1): state=initialized audit_enabled=0 res=1
[    0.219258] cpuidle: using governor menu
[    0.237815] /ocp/interconnect@44c00000/segment@200000/target-module@b000/i2c@0/tda19988@70: Fixed dependency cycle(s) with /ocp/interconnect@48000000/segment@300000/target-module@e000/lcdc@0
[    0.239003] /ocp/interconnect@48000000/segment@300000/target-module@e000/lcdc@0: Fixed dependency cycle(s) with /ocp/interconnect@44c00000/segment@200000/target-module@b000/i2c@0/tda19988@70
[    0.241429] No ATAGs?
[    0.241450] hw-breakpoint: debug architecture 0x4 unsupported.
[    0.244238] kprobes: kprobe jump-optimization is enabled. All kprobes are optimized if possible.
[    0.254243] iommu: Default domain type: Translated
[    0.254267] iommu: DMA domain TLB invalidation policy: strict mode
[    0.262476] SCSI subsystem initialized
[    0.263332] pps_core: LinuxPPS API ver. 1 registered
[    0.263343] pps_core: Software ver. 5.3.6 - Copyright 2005-2007 Rodolfo Giometti <giometti@linux.it>
[    0.263369] PTP clock support registered
[    0.270935] vgaarb: loaded
[    0.271343] clocksource: Switched to clocksource dmtimer
[    0.272013] VFS: Disk quotas dquot_6.6.0
[    0.272057] VFS: Dquot-cache hash table entries: 1024 (order 0, 4096 bytes)
[    0.296308] NET: Registered PF_INET protocol family
[    0.296671] IP idents hash table entries: 8192 (order: 4, 65536 bytes, linear)
[    0.298095] tcp_listen_portaddr_hash hash table entries: 512 (order: 0, 4096 bytes, linear)
[    0.298131] Table-perturb hash table entries: 65536 (order: 6, 262144 bytes, linear)
[    0.298148] TCP established hash table entries: 4096 (order: 2, 16384 bytes, linear)
[    0.298191] TCP bind hash table entries: 4096 (order: 4, 65536 bytes, linear)
[    0.298290] TCP: Hash tables configured (established 4096 bind 4096)
[    0.298412] UDP hash table entries: 256 (order: 1, 8192 bytes, linear)
[    0.298440] UDP-Lite hash table entries: 256 (order: 1, 8192 bytes, linear)
[    0.298616] NET: Registered PF_UNIX/PF_LOCAL protocol family
[    0.302010] RPC: Registered named UNIX socket transport module.
[    0.302032] RPC: Registered udp transport module.
[    0.302038] RPC: Registered tcp transport module.
[    0.302043] RPC: Registered tcp-with-tls transport module.
[    0.302048] RPC: Registered tcp NFSv4.1 backchannel transport module.
[    0.302074] PCI: CLS 0 bytes, default 64
[    0.303566] Initialise system trusted keyrings
[    0.311890] workingset: timestamp_bits=14 max_order=17 bucket_order=3
[    0.313236] NFS: Registering the id_resolver key type
[    0.313306] Key type id_resolver registered
[    0.313314] Key type id_legacy registered
[    0.313368] jffs2: version 2.2. (NAND) (SUMMARY)  Â© 2001-2006 Red Hat, Inc.
[    0.313776] Key type asymmetric registered
[    0.313793] Asymmetric key parser 'x509' registered
[    0.313860] io scheduler mq-deadline registered
[    0.313871] io scheduler kyber registered
[    0.313947] io scheduler bfq registered
[    0.315583] ledtrig-cpu: registered to indicate activity on CPUs
[    0.322584] Serial: 8250/16550 driver, 6 ports, IRQ sharing enabled
[    0.372095] brd: module loaded
[    0.385298] loop: module loaded
[    0.386232] mtdoops: mtd device (mtddev=name/number) must be supplied
[    0.401756] i2c_dev: i2c /dev entries driver
[    0.402748] cpuidle: enable-method property 'ti,am3352' found operations
[    0.403196] sdhci: Secure Digital Host Controller Interface driver
[    0.403205] sdhci: Copyright(c) Pierre Ossman
[    0.403376] sdhci-pltfm: SDHCI platform and OF driver helper
[    0.404391] Initializing XFRM netlink socket
[    0.404535] NET: Registered PF_INET6 protocol family
[    0.406606] Segment Routing with IPv6
[    0.406700] In-situ OAM (IOAM) with IPv6
[    0.406803] sit: IPv6, IPv4 and MPLS over IPv4 tunneling driver
[    0.407761] NET: Registered PF_PACKET protocol family
[    0.407800] NET: Registered PF_KEY protocol family
[    0.407930] Key type dns_resolver registered
[    0.408214] ThumbEE CPU extension supported.
[    0.408237] Registering SWP/SWPB emulation handler
[    0.408780] omap_voltage_late_init: Voltage driver support not added
[    0.409137] SmartReflex Class3 initialized
[    0.443968] Loading compiled-in X.509 certificates
[    0.491651] /ocp/interconnect@44c00000/segment@200000/target-module@b000/i2c@0/tda19988@70: Fixed dependency cycle(s) with /ocp/interconnect@48000000/segment@300000/target-module@e000/lcdc@0
[    0.498161] /ocp/interconnect@44c00000/segment@200000/target-module@b000/i2c@0/tda19988@70: Fixed dependency cycle(s) with /ocp/interconnect@48000000/segment@300000/target-module@e000/lcdc@0
[    0.528088] /ocp/interconnect@44c00000/segment@200000/target-module@b000/i2c@0/tda19988@70: Fixed dependency cycle(s) with /ocp/interconnect@48000000/segment@300000/target-module@e000/lcdc@0
[    0.528958] /ocp/interconnect@44c00000/segment@200000/target-module@b000/i2c@0/tda19988@70: Fixed dependency cycle(s) with /ocp/interconnect@48000000/segment@300000/target-module@e000/lcdc@0
[    0.532758] /ocp/interconnect@44c00000/segment@200000/target-module@10000/scm@0/pinmux@800: Fixed dependency cycle(s) with /ocp/interconnect@44c00000/segment@200000/target-module@10000/scm@0/pinmux@800/clkout2-pins
[    0.533336] pinctrl-single 44e10800.pinmux: 142 pins, size 568
[    0.538548] ti-sysc 44e31000.target-module: probe with driver ti-sysc failed with error -16
[    0.559651] /ocp/interconnect@48000000/segment@300000/target-module@e000/lcdc@0: Fixed dependency cycle(s) with /ocp/interconnect@44c00000/segment@200000/target-module@b000/i2c@0/tda19988@70
[    0.567885] ti-sysc 48040000.target-module: probe with driver ti-sysc failed with error -16
[    0.617810] OMAP GPIO hardware version 0.1
[    0.645723] omap_i2c 4819c000.i2c: bus 2 rev0.11 at 100 kHz
[    0.671772] 48000000.interconnect:segment@200000:target-module@0:mpu@0:fck: device ID is greater than 24
[    0.672715] /ocp/interconnect@48000000/segment@300000/target-module@e000/lcdc@0: Fixed dependency cycle(s) with /ocp/interconnect@44c00000/segment@200000/target-module@b000/i2c@0/tda19988@70
[    0.675547] /ocp/interconnect@48000000/segment@300000/target-module@e000/lcdc@0: Fixed dependency cycle(s) with /ocp/interconnect@44c00000/segment@200000/target-module@b000/i2c@0/tda19988@70
[    0.676247] /ocp/interconnect@44c00000/segment@200000/target-module@b000/i2c@0/tda19988@70: Fixed dependency cycle(s) with /ocp/interconnect@48000000/segment@300000/target-module@e000/lcdc@0
[    0.676411] /ocp/interconnect@48000000/segment@300000/target-module@e000/lcdc@0: Fixed dependency cycle(s) with /ocp/interconnect@44c00000/segment@200000/target-module@b000/i2c@0/tda19988@70
[    0.687941] sdhci-omap 481d8000.mmc: supply pbias not found, using dummy regulator
[    0.688450] sdhci-omap 481d8000.mmc: supply vqmmc not found, using dummy regulator
[    0.749460] davinci_mdio 4a101000.mdio: davinci mdio revision 1.6, bus freq 1000000
[    0.897082] davinci_mdio 4a101000.mdio: phy[0]: device 4a101000.mdio:00, driver SMSC LAN8710/LAN8720
[    0.897865] cpsw-switch 4a100000.switch: initialized cpsw ale version 1.4
[    0.897889] cpsw-switch 4a100000.switch: ALE Table size 1024, Policers 0
[    0.898208] cpsw-switch 4a100000.switch: cpts: overflow check period 500 (jiffies)
[    0.898230] cpsw-switch 4a100000.switch: CPTS: ref_clk_freq:250000000 calc_mult:2147483648 calc_shift:29 error:0 nsec/sec
[    0.898342] cpsw-switch 4a100000.switch: Detected MACID = 6c:ec:eb:68:de:78
[    0.900191] cpsw-switch 4a100000.switch: initialized (regs 0x4a100000, pool size 256) hw_ver:0019010C 1.12 (0)
[    0.911548] debugfs: Directory '49000000.dma' with parent 'dmaengine' already present!
[    0.911587] edma 49000000.dma: TI EDMA DMA engine driver
[    0.944833] target-module@4b000000:target-module@140000:pmu@0:fck: device ID is greater than 24
[    0.966185] hw perfevents: enabled with armv7_cortex_a8 PMU driver, 5 (8000000f) counters available
[    0.973881] l3-aon-clkctrl:0000:0: failed to disable
[    0.977145] 44e09000.serial: ttyS0 at MMIO 0x44e09000 (irq = 34, base_baud = 3000000) is a 8250
[    0.977234] printk: legacy console [ttyS0] enabled
 [    2.502364] tps65217-pmic: Failed to locate of_node [id: -1 ]
[    2.508426] tps65217-bl: Failed to locate of_node [id: - 1]
[    2.519869] tps65217 0-0024: TPS65217 ID 0xe version 1. 2
[    2.526031] /ocp/interconnect@48000000/segment@300000/ta rget-mod
[    2.710586] mmc0: new high speed SDHC card at address 5048
[    2.717675] mmcblk0: mmc0:5048 SD16G 14.4 GiB
[    2.725846]  mmcblk0: p1 p2
[    2.729243] mmcblk0: p2 size 31221760 extends beyond EOD, truncated
[    2.742661] SMSC LAN8710/LAN8720 4a101000.mdio:00: attached PHY driver (mii_bus:phy_addr=4a101000.mdio:00, irq=POLL)
[    2.759732] mmc1: new high speed MMC card at address 0001
[    2.766746] mmcblk1: mmc1:0001 MMC04G 3.60 GiB
[    2.774291]  mmcblk1: p1 p2
[    2.778544] mmcblk1boot0: mmc1:0001 MMC04G 2.00 MiB
[    2.785877] mmcblk1boot1: mmc1:0001 MMC04G 2.00 MiB
[    2.793469] mmcblk1rpmb: mmc1:0001 MMC04G 128 KiB, chardev (250:0)
[    5.922120] cpsw-switch 4a100000.switch eth0: Link is Up - 100Mbps/Full - flow control off
[    5.951367] IP-Config: Complete:
[    5.954644]      device=eth0, hwaddr=6c:ec:eb:68:de:78, ipaddr=192.168.255.1, mask=255.255.255.0, gw=255.255.255.255
[    5.965286]      host=bbb1, domain=, nis-domain=(none)
[    5.970454]      bootserver=192.168.255.126, rootserver=192.168.255.126, rootpath=
[    5.970901] clk: Disabling unused clocks
[    5.982772] PM: genpd: Disabling unused power domains
[    5.987892] KTAP version 1
[    5.990614] 1..0
[    6.015683] VFS: Mounted root (nfs filesystem) on device 0:17.
[    6.023029] devtmpfs: mounted
[    6.027706] Freeing unused kernel image (initmem) memory: 1024K
[    6.034531] Run /sbin/init as init process
[    6.742746] systemd[1]: System time before build time, advancing clock.
[    8.201373] random: crng init done
[    8.242265] systemd[1]: systemd 232 running in system mode. (+PAM +AUDIT +SELINUX +IMA +APPARMOR +SMACK +SYSVINIT +UTMP +LIBCRYPTSETUP +GCRYPT +GNUTLS +ACL +XZ +LZ4 +SECCOMP +BLKID +ELFUTILS +KMOD +IDN)
[    8.261296] systemd[1]: Detected architecture arm.

Welcome to [1mDebian GNU/Linux 9 (stretch)[0m!

[    8.294570] systemd[1]: Set hostname to <arm>.
[    9.407728] systemd[1]: Started Dispatch Password Requests to Console Directory Watch.
[[0;32m  OK  [0m] Started Dispatch Password Requests to Console Directory Watch.
[    9.443701] systemd[1]: Listening on Journal Socket (/dev/log).
[[0;32m  OK  [0m] Listening on Journal Socket (/dev/log).
[    9.471779] systemd[1]: Reached target Remote File Systems.
[[0;32m  OK  [0m] Reached target Remote File Systems.
[    9.503403] systemd[1]: Listening on udev Control Socket.
[[0;32m  OK  [0m] Listening on udev Control Socket.
[    9.532053] systemd[1]: Listening on udev Kernel Socket.
[[0;32m  OK  [0m] Listening on udev Kernel Socket.
[    9.563065] systemd[1]: Set up automount Arbitrary Executable File Formats File System Automount Point.
[[0;32m  OK  [0m] Set up automount Arbitrary Executabâ€¦rmats File System Automount Point.
[    9.591787] systemd[1]: Reached target Swap.
[[0;32m  OK  [0m] Reached target Swap.
[[0;32m  OK  [0m] Listening on Syslog Socket.
[[0;32m  OK  [0m] Listening on Journal Audit Socket.
[[0;32m  OK  [0m] Started Forward Password Requests to Wall Directory Watch.
[[0;32m  OK  [0m] Reached target Paths.
[[0;32m  OK  [0m] Reached target Encrypted Volumes.
[[0;32m  OK  [0m] Listening on /dev/initctl Compatibility Named Pipe.
[[0;32m  OK  [0m] Listening on Journal Socket.
[[0;32m  OK  [0m] Created slice User and Session Slice.
[[0;32m  OK  [0m] Created slice System Slice.
[[0;32m  OK  [0m] Reached target Slices.
         Mounting POSIX Message Queue File System...
         Starting Load Kernel Modules...
         Starting Create list of required stâ€¦ce nodes for the current kernel...
         Starting Journal Service...
         Mounting Debug File System...
[[0;32m  OK  [0m] Created slice system-serial\x2dgetty.slice.
[[0;32m  OK  [0m] Created slice system-getty.slice.
         Starting Remount Root and Kernel File Systems...
[[0;32m  OK  [0m] Mounted POSIX Message Queue File System.
[[0;32m  OK  [0m] Mounted Debug File System.
[[0;32m  OK  [0m] Started Create list of required staâ€¦vice nodes for the current kernel.
         Starting Create Static Device Nodes in /dev...
[[0;32m  OK  [0m] Started Load Kernel Modules.
         Mounting Configuration File System...
         Starting Apply Kernel Variables...
[[0;32m  OK  [0m] Started Remount Root and Kernel File Systems.
         Starting udev Coldplug all Devices...
         Starting Load/Save Random Seed...
[[0;32m  OK  [0m] Mounted Configuration File System.
[[0;32m  OK  [0m] Started Apply Kernel Variables.
[[0;32m  OK  [0m] Started Load/Save Random Seed.
[[0;32m  OK  [0m] Started Create Static Device Nodes in /dev.
         Starting udev Kernel Device Manager...
[[0;32m  OK  [0m] Reached target Local File Systems (Pre).
[[0;32m  OK  [0m] Reached target Local File Systems.
         Starting Raise network interfaces...
[[0;32m  OK  [0m] Started Journal Service.
         Starting Flush Journal to Persistent Storage...
[   11.952241] systemd-journald[81]: Received request to flush runtime journal from PID 1
[[0;32m  OK  [0m] Started Flush Journal to Persistent Storage.
         Starting Create Volatile Files and Directories...
[[0;32m  OK  [0m] Started udev Kernel Device Manager.
[[0;32m  OK  [0m] Started Create Volatile Files and Directories.
         Starting Update UTMP about System Boot/Shutdown...
         Starting Network Time Synchronization...
[[0;32m  OK  [0m] Started Update UTMP about System Boot/Shutdown.
[[0;32m  OK  [0m] Started udev Coldplug all Devices.
[   15.005857] remoteproc remoteproc0: wkup_m3 is available
[   15.238095] at24 2-0054: supply vcc not found, using dummy regulator
[   15.262787] omap_wdt: OMAP Watchdog Timer Rev 0x01: initial timeout 60 sec
[   15.344918] at24 2-0055: supply vcc not found, using dummy regulator
[[0;32m  OK  [0m] Started Network Time Synchronization.
[   15.455607] at24 2-0056: supply vcc not found, using dummy regulator
[   15.527065] tps6521x_pwrbutton tps65217-pwrbutton: DMA mask not set
[   15.568699] at24 2-0057: supply vcc not found, using dummy regulator
[   15.649280] input: tps65217_pwrbutton as /devices/platform/ocp/44c00000.interconnect/44c00000.interconnect:segment@200000/44e0b000.target-module/44e0b000.i2c/i2c-0/0-0024/tps65217-pwrbutton/input/input0
[   15.713279] at24 0-0050: 32768 byte 24c256 EEPROM, writable, 1 bytes/write
[[0;32m  OK  [0m] Found device /dev/ttyS0.
[[0;32m  OK  [0m] Reached target System Initialization.
[   15.908191] omap_rtc 44e3e000.rtc: registered as rtc0
[   15.913569] omap_rtc 44e3e000.rtc: setting system clock to 2000-01-01T00:00:00 UTC (946684800)
[   15.996275] wkup_m3_ipc 44e11324.wkup_m3_ipc: IPC Request for A8->M3 Channel failed! -517
[[0;32m  OK  [0m] Listening on Avahi mDNS/DNS-SD Stack Activation Socket.
[   16.092546] wkup_m3_ipc 44e11324.wkup_m3_ipc: IPC Request for A8->M3 Channel failed! -517
[[0;32m  OK  [0m] Listening on D-Bus System Message Bus Socket.
[[0;32m  OK  [0m] Reached target Sockets.
[[0;32m  OK  [0m] Reached target Basic System.
         Starting LSB: Load kernel modules needed to enable cpufreq scaling...
         Starting Login Service...
[   16.530151] am335x-phy-driver 47401300.usb-phy: dummy supplies not allowed for exclusive requests (id=vbus)
         Starting Telephony service...
[   16.676267] am335x-phy-driver 47401b00.usb-phy: dummy supplies not allowed for exclusive requests (id=vbus)
[   16.687457] wkup_m3_ipc 44e11324.wkup_m3_ipc: IPC Request for A8->M3 Channel failed! -517
[[0;32m  OK  [0m] Started D-Bus System Message Bus.
[   16.863127] usbcore: registered new interface driver usbfs
[   16.869942] usbcore: registered new interface driver hub
[   16.875610] usbcore: registered new device driver usb
[   16.888769] wkup_m3_ipc 44e11324.wkup_m3_ipc: IPC Request for A8->M3 Channel failed! -517
[   17.606515] tda998x 0-0070: found TDA19988
[   17.705224] wkup_m3_ipc 44e11324.wkup_m3_ipc: IPC Request for A8->M3 Channel failed! -517
[   17.803963] musb-hdrc musb-hdrc.1: MUSB HDRC host driver
[   17.809381] musb-hdrc musb-hdrc.1: new USB bus registered, assigned bus number 1
[   17.842325] wkup_m3_ipc 44e11324.wkup_m3_ipc: IPC Request for A8->M3 Channel failed! -517
[   18.012106] omap-mailbox 480c8000.mailbox: omap mailbox rev 0x400
[   18.040970] usb usb1: New USB device found, idVendor=1d6b, idProduct=0002, bcdDevice= 6.12
[   18.049519] usb usb1: New USB device strings: Mfr=3, Product=2, SerialNumber=1
[   18.056860] usb usb1: Product: MUSB HDRC host driver
[   18.061895] usb usb1: Manufacturer: Linux 6.12.0-rc7-next-20241111 musb-hcd
[   18.068895] usb usb1: SerialNumber: musb-hdrc.1
[   18.137761] remoteproc remoteproc0: powering up wkup_m3
[   18.361834] remoteproc remoteproc0: Direct firmware load for am335x-pm-firmware.elf failed with error -2
[   18.371547] remoteproc remoteproc0: request_firmware failed: -2
[   18.377509] wkup_m3_ipc 44e11324.wkup_m3_ipc: rproc_boot failed
[   18.513570] hub 1-0:1.0: USB hub found
[   18.543987] hub 1-0:1.0: 1 port detected
[   20.130306] omap_rng 48310000.rng: Random Number Generator ver. 20
[   20.282623] tilcdc 4830e000.lcdc: bound 0-0070 (ops 0xbf07c030)
[   20.326957] [drm] Initialized tilcdc 1.0.0 for 4830e000.lcdc on minor 0
[   20.384938] tilcdc 4830e000.lcdc: [drm] Cannot find any crtc or sizes
[   20.393017] tilcdc 4830e000.lcdc: [drm] Cannot find any crtc or sizes
[[0;32m  OK  [0m] Started Telephony service.
         Starting Connection service...
         Starting Generic Board Startup...
         Starting DUN service...
         Starting Avahi mDNS/DNS-SD Stack...
         Starting Cape Manager Service...
         Starting System Logging Service...
[   21.348092] omap-sham 53100000.sham: hw accel on OMAP rev 4.3
[   21.374164] PM: Cannot get wkup_m3_ipc handle
         Starting LSB: Start busybox udhcpd at boot time...
[   21.440455] omap-aes 53500000.aes: OMAP AES hw accel rev: 3.2
[[0;32m  OK  [0m] Started Daily Cleanup of Temporary Directories.
[   21.489948] omap-sham 53100000.sham: will run requests pump with realtime priority
[   21.504262] PM: Cannot get wkup_m3_ipc handle
[   21.606611] omap-aes 53500000.aes: will run requests pump with realtime priority
[   21.622150] PM: Cannot get wkup_m3_ipc handle
[[0;32m  OK  [0m] Started Regular background program processing daemon.
[[0;32m  OK  [0m] Reached target System Time Synchronized.
[[0;32m  OK  [0m] Started Daily apt download activities.
[[0;32m  OK  [0m] Started Daily apt upgrade and clean activities.
[[0;32m  OK  [0m] Reached target Timers.
[   22.768161] Bluetooth: Core ver 2.22
[   22.772372] NET: Registered PF_BLUETOOTH protocol family
[   22.777941] Bluetooth: HCI device and connection manager initialized
[   22.784471] Bluetooth: HCI socket layer initialized
[   22.789390] Bluetooth: L2CAP socket layer initialized
[   22.794553] Bluetooth: SCO socket layer initialized
[[0;32m  OK  [0m] Started System Logging Service.
[[0;32m  OK  [0m] Started Cape Manager Service.
[   25.391234] PM: Cannot get wkup_m3_ipc handle
[   25.492888] PM: Cannot get wkup_m3_ipc handle
[[0;32m  OK  [0m] Started Raise network interfaces.
[[0;32m  OK  [0m] Started LSB: Start busybox udhcpd at boot time.
[[0;32m  OK  [0m] Started LSB: Load kernel modules needed to enable cpufreq scaling.
[   29.185638] configfs-gadget.g_multi gadget.0: HOST MAC 1c:ba:8c:a2:ed:6c
[   29.192725] configfs-gadget.g_multi gadget.0: MAC 1c:ba:8c:a2:ed:70
[   29.200160] configfs-gadget.g_multi gadget.0: HOST MAC 1c:ba:8c:a2:ed:6c
[   29.207065] configfs-gadget.g_multi gadget.0: MAC 1c:ba:8c:a2:ed:6d
[   29.217625] PM: Cannot get wkup_m3_ipc handle
[[0;32m  OK  [0m] Started DUN service.
[[0;32m  OK  [0m] Started Connection service.
[[0;32m  OK  [0m] Started Avahi mDNS/DNS-SD Stack.
[[0;32m  OK  [0m] Started Login Service.
[[0;32m  OK  [0m] Reached target Sound Card.
         Starting LSB: set CPUFreq kernel parameters...
[[0;32m  OK  [0m] Reached target Network.
         Starting Permit User Sessions...
         Starting The Apache HTTP Server...
         Starting OpenBSD Secure Shell server...
[[0;32m  OK  [0m] Reached target Network is Online.
         Starting LSB: Advanced IEEE 802.11 management daemon...
[[0;32m  OK  [0m] Started Permit User Sessions.
[[0;32m  OK  [0m] Started LSB: Advanced IEEE 802.11 management daemon.
         Starting Hostname Service...
         Starting WPA supplicant...
[[0;32m  OK  [0m] Started Getty on tty1.
[[0;32m  OK  [0m] Started Serial Getty on ttyS0.
[[0;32m  OK  [0m] Reached target Login Prompts.
[[0;32m  OK  [0m] Started LSB: set CPUFreq kernel parameters.
[[0;32m  OK  [0m] Started Hostname Service.
[[0;32m  OK  [0m] Started WPA supplicant.
[[0;32m  OK  [0m] Started OpenBSD Secure Shell server.
         Stopping LSB: Start busybox udhcpd at boot time...
[[0;32m  OK  [0m] Stopped LSB: Start busybox udhcpd at boot time.
[[0;32m  OK  [0m] Started The Apache HTTP Server.
         Starting dnsmasq - A lightweight DHCP and caching DNS server...
[[0;32m  OK  [0m] Started dnsmasq - A lightweight DHCP and caching DNS server.
[[0;32m  OK  [0m] Reached target Host and Network Name Lookups.
[[0;32m  OK  [0m] Started Serial Getty on ttyGS0.
[[0;32m  OK  [0m] Started Generic Board Startup.
[[0;32m  OK  [0m] Reached target Multi-User System.
[[0;32m  OK  [0m] Reached target Graphical Interface.
         Starting Update UTMP about System Runlevel Changes...
[[0;32m  OK  [0m] Started Update UTMP about System Runlevel Changes.

Debian GNU/Linux 9 arm ttyS0

default username:password is [debian:temppwd]

arm login: root
Password: 
Last login: Sat Dec  9 19:10:29 UTC 2017 on ttyS0
root
Linux arm 6.12.0-rc7-next-20241111 #134 SMP Mon Nov 11 11:17:33 EET 2024 armv7l

The programs included with the Debian GNU/Linux system are free software;
the exact distribution terms for each program are described in the
individual files in /usr/share/doc/*/copyright.

Debian GNU/Linux comes with ABSOLUTELY NO WARRANTY, to the extent
permitted by applicable law.
root@arm:~# root
dmesg -n 1
-bash: root: command not found
root@arm:~# dmesg -n 1
root@arm:~# echo 'OPVT''SKJOBA'
OPVTSKJOBA
root@arm:~# run() { echo -n "$MARKER"; sh -c "$@"; echo "$MARKER $?"; }
root@arm:~# echo 'VGMF''XAUTGJ'
VGMFXAUTGJ
root@arm:~# MARKER='QJJP''MZVQBV' run 'cat /proc/version'
QJJPMZVQBVLinux version 6.12.0-rc7-next-20241111 (user01@drvtest01) (arm-linux-gnueabihf-gcc (Linaro GCC 6.4-2017.11) 6.4.1 20171012, GNU ld (Linaro_Binutils-2017.11) 2.27.0.20161229) #134 SMP Mon Nov 11 11:17:33 EET 2024
QJJPMZVQBV 0
root@arm:~# echo 'VANZ''QGJYAG'
VANZQGJYAG
root@arm:~# MARKER='LPOJ''HNLLQJ' run false
LPOJHNLLQJLPOJHNLLQJ 1
root@arm:~# Labgrid Console Logfile for main
Logfile started at 2024-11-11 11:20:59.447218
=== Log starts here ===

root@arm:~# run() { echo -n "$MARKER"; sh -c "$@"; echo "$MARKER $?"; }
root@arm:~# echo 'KPEW''YLWJPA'
KPEWYLWJPA
root@arm:~# MARKER='SQVU''VUFUOC' run 'insmod /mva_overlay.ko'
SQVUVUFUOCSQVUVUFUOC 0
root@arm:~# echo 'WVXX''OJQLHX'
WVXXOJQLHX
root@arm:~# MARKER='HOJL''FHWZQJ' run lsmod
HOJLFHWZQJModule                  Size  Used by
mva_overlay            65536  0
usb_f_acm              12288  2
u_serial               16384  3 usb_f_acm
usb_f_ecm              16384  2
usb_f_rndis            24576  2
u_ether                16384  2 usb_f_ecm,usb_f_rndis
libcomposite           57344  15 usb_f_ecm,usb_f_acm,u_ether,usb_f_rndis
iptable_nat            12288  0
nf_nat                 36864  1 iptable_nat
nf_conntrack          110592  1 nf_nat
nf_defrag_ipv6         16384  1 nf_conntrack
nf_defrag_ipv4         12288  1 nf_conntrack
iptable_mangle         12288  0
iptable_filter         12288  0
snd_soc_hdmi_codec     16384  1
evdev                  20480  0
bluetooth             614400  2
snd_soc_simple_card    16384  0
snd_soc_simple_card_utils    20480  1 snd_soc_simple_card
omap_aes_driver        24576  0
pm33xx                 12288  0
omap_sham              28672  0
ecdh_generic           12288  1 bluetooth
omap_crypto            12288  1 omap_aes_driver
ecc                    36864  1 ecdh_generic
ti_emif_sram           12288  1 pm33xx
crypto_engine          12288  2 omap_aes_driver,omap_sham
libaes                 12288  2 omap_aes_driver,bluetooth
tilcdc                 32768  0
omap_rng               12288  0
drm_dma_helper         16384  1 tilcdc
drm_client_lib         12288  1 tilcdc
rng_core               16384  1 omap_rng
snd_soc_davinci_mcasp    32768  2
snd_soc_ti_udma        12288  1 snd_soc_davinci_mcasp
snd_soc_ti_edma        12288  1 snd_soc_davinci_mcasp
snd_soc_ti_sdma        12288  1 snd_soc_davinci_mcasp
snd_soc_core          188416  7 snd_soc_davinci_mcasp,snd_soc_hdmi_codec,snd_soc_simple_card_utils,snd_soc_ti_sdma,snd_soc_ti_edma,snd_soc_ti_udma,snd_soc_simple_card
snd_pcm_dmaengine      12288  1 snd_soc_core
snd_pcm               110592  5 snd_soc_davinci_mcasp,snd_pcm_dmaengine,snd_soc_hdmi_codec,snd_soc_simple_card_utils,snd_soc_core
snd_timer              28672  1 snd_pcm
omap_mailbox           12288  1
snd                    65536  4 snd_soc_hdmi_codec,snd_timer,snd_soc_core,snd_pcm
musb_dsps              16384  0
soundcore              12288  1 snd
musb_hdrc             131072  1 musb_dsps
tda998x                20480  0
udc_core               45056  7 usb_f_ecm,usb_f_acm,u_serial,musb_hdrc,u_ether,usb_f_rndis,libcomposite
drm_kms_helper        118784  4 drm_dma_helper,tda998x,tilcdc,drm_client_lib
usbcore               225280  1 musb_hdrc
phy_am335x             12288  2
drm                   421888  6 drm_dma_helper,tda998x,tilcdc,drm_client_lib,drm_kms_helper
phy_generic            12288  1 phy_am335x
usb_common             12288  6 phy_am335x,udc_core,musb_hdrc,libcomposite,musb_dsps,usbcore
cppi41                 16384  60
wkup_m3_ipc            12288  1 pm33xx
rtc_omap               16384  2 pm33xx
phy_am335x_control     12288  1 phy_am335x
drm_panel_orientation_quirks    12288  1 drm
tps65218_pwrbutton     12288  0
omap_wdt               12288  0
at24                   16384  0
watchdog               24576  1 omap_wdt
wkup_m3_rproc          12288  1
leds_gpio              12288  0
led_class              12288  1 leds_gpio
cpufreq_dt             12288  0
ip_tables              20480  3 iptable_mangle,iptable_filter,iptable_nat
x_tables               24576  4 iptable_mangle,ip_tables,iptable_filter,iptable_nat
autofs4                40960  2
HOJLFHWZQJ 0
root@arm:~# Labgrid Console Logfile for main
Logfile started at 2024-11-11 11:21:03.185024
=== Log starts here ===

root@arm:~# run() { echo -n "$MARKER"; sh -c "$@"; echo "$MARKER $?"; }
root@arm:~# echo 'KNXS''FFOMJZ'
KNXSFFOMJZ
root@arm:~# MARKER='SJXC''WEBJPF' run 'dd if=/bd9576_test.dtbo of=/sys/kernel/mvaa_overlay/overlay_add bs=1M'
SJXCWEBJPF0+1 records in
0+1 records out
3397 bytes (3.4 kB, 3.3 KiB) copied, 0.0817603 s, 41.5 kB/s
SJXCWEBJPF 0
root@arm:~# echo 'FHSY''YPELXU'
FHSYYPELXU
root@arm:~# MARKER='TLAS''MMSCUZ' run lsmod
TLASMMSCUZModule                  Size  Used by
bd9576_wdt             12288  0
bd9576_regulator       16384  0
rohm_bd9576            12288  0
mva_overlay            65536  0
usb_f_acm              12288  2
u_serial               16384  3 usb_f_acm
usb_f_ecm              16384  2
usb_f_rndis            24576  2
u_ether                16384  2 usb_f_ecm,usb_f_rndis
libcomposite           57344  15 usb_f_ecm,usb_f_acm,u_ether,usb_f_rndis
iptable_nat            12288  0
nf_nat                 36864  1 iptable_nat
nf_conntrack          110592  1 nf_nat
nf_defrag_ipv6         16384  1 nf_conntrack
nf_defrag_ipv4         12288  1 nf_conntrack
iptable_mangle         12288  0
iptable_filter         12288  0
snd_soc_hdmi_codec     16384  1
evdev                  20480  0
bluetooth             614400  2
snd_soc_simple_card    16384  0
snd_soc_simple_card_utils    20480  1 snd_soc_simple_card
omap_aes_driver        24576  0
pm33xx                 12288  0
omap_sham              28672  0
ecdh_generic           12288  1 bluetooth
omap_crypto            12288  1 omap_aes_driver
ecc                    36864  1 ecdh_generic
ti_emif_sram           12288  1 pm33xx
crypto_engine          12288  2 omap_aes_driver,omap_sham
libaes                 12288  2 omap_aes_driver,bluetooth
tilcdc                 32768  0
omap_rng               12288  0
drm_dma_helper         16384  1 tilcdc
drm_client_lib         12288  1 tilcdc
rng_core               16384  1 omap_rng
snd_soc_davinci_mcasp    32768  2
snd_soc_ti_udma        12288  1 snd_soc_davinci_mcasp
snd_soc_ti_edma        12288  1 snd_soc_davinci_mcasp
snd_soc_ti_sdma        12288  1 snd_soc_davinci_mcasp
snd_soc_core          188416  7 snd_soc_davinci_mcasp,snd_soc_hdmi_codec,snd_soc_simple_card_utils,snd_soc_ti_sdma,snd_soc_ti_edma,snd_soc_ti_udma,snd_soc_simple_card
snd_pcm_dmaengine      12288  1 snd_soc_core
snd_pcm               110592  5 snd_soc_davinci_mcasp,snd_pcm_dmaengine,snd_soc_hdmi_codec,snd_soc_simple_card_utils,snd_soc_core
snd_timer              28672  1 snd_pcm
omap_mailbox           12288  1
snd                    65536  4 snd_soc_hdmi_codec,snd_timer,snd_soc_core,snd_pcm
musb_dsps              16384  0
soundcore              12288  1 snd
musb_hdrc             131072  1 musb_dsps
tda998x                20480  0
udc_core               45056  7 usb_f_ecm,usb_f_acm,u_serial,musb_hdrc,u_ether,usb_f_rndis,libcomposite
drm_kms_helper        118784  4 drm_dma_helper,tda998x,tilcdc,drm_client_lib
usbcore               225280  1 musb_hdrc
phy_am335x             12288  2
drm                   421888  6 drm_dma_helper,tda998x,tilcdc,drm_client_lib,drm_kms_helper
phy_generic            12288  1 phy_am335x
usb_common             12288  6 phy_am335x,udc_core,musb_hdrc,libcomposite,musb_dsps,usbcore
cppi41                 16384  60
wkup_m3_ipc            12288  1 pm33xx
rtc_omap               16384  2 pm33xx
phy_am335x_control     12288  1 phy_am335x
drm_panel_orientation_quirks    12288  1 drm
tps65218_pwrbutton     12288  0
omap_wdt               12288  0
at24                   16384  0
watchdog               24576  2 bd9576_wdt,omap_wdt
wkup_m3_rproc          12288  1
leds_gpio              12288  0
led_class              12288  1 leds_gpio
cpufreq_dt             12288  0
ip_tables              20480  3 iptable_mangle,iptable_filter,iptable_nat
x_tables               24576  4 iptable_mangle,ip_tables,iptable_filter,iptable_nat
autofs4                40960  2
TLASMMSCUZ 0
root@arm:~# Labgrid Console Logfile for main
Logfile started at 2024-11-11 11:21:09.019666
=== Log starts here ===

root@arm:~# run() { echo -n "$MARKER"; sh -c "$@"; echo "$MARKER $?"; }
root@arm:~# echo 'ZYLG''FQYMFT'
ZYLGFQYMFT
root@arm:~# MARKER='ELVY''UGSJHK' run 'insmod /bd9576-test.ko'
ELVYUGSJHKELVYUGSJHK 0
root@arm:~# echo 'ZFKU''KSOTYA'
ZFKUKSOTYA
root@arm:~# MARKER='MKPL''UJPMZN' run lsmod
MKPLUJPMZNModule                  Size  Used by
bd9576_test            12288  0
bd9576_wdt             12288  0
bd9576_regulator       16384  6
rohm_bd9576            12288  0
mva_overlay            65536  0
usb_f_acm              12288  2
u_serial               16384  3 usb_f_acm
usb_f_ecm              16384  2
usb_f_rndis            24576  2
u_ether                16384  2 usb_f_ecm,usb_f_rndis
libcomposite           57344  15 usb_f_ecm,usb_f_acm,u_ether,usb_f_rndis
iptable_nat            12288  0
nf_nat                 36864  1 iptable_nat
nf_conntrack          110592  1 nf_nat
nf_defrag_ipv6         16384  1 nf_conntrack
nf_defrag_ipv4         12288  1 nf_conntrack
iptable_mangle         12288  0
iptable_filter         12288  0
snd_soc_hdmi_codec     16384  1
evdev                  20480  0
bluetooth             614400  2
snd_soc_simple_card    16384  0
snd_soc_simple_card_utils    20480  1 snd_soc_simple_card
omap_aes_driver        24576  0
pm33xx                 12288  0
omap_sham              28672  0
ecdh_generic           12288  1 bluetooth
omap_crypto            12288  1 omap_aes_driver
ecc                    36864  1 ecdh_generic
ti_emif_sram           12288  1 pm33xx
crypto_engine          12288  2 omap_aes_driver,omap_sham
libaes                 12288  2 omap_aes_driver,bluetooth
tilcdc                 32768  0
omap_rng               12288  0
drm_dma_helper         16384  1 tilcdc
drm_client_lib         12288  1 tilcdc
rng_core               16384  1 omap_rng
snd_soc_davinci_mcasp    32768  2
snd_soc_ti_udma        12288  1 snd_soc_davinci_mcasp
snd_soc_ti_edma        12288  1 snd_soc_davinci_mcasp
snd_soc_ti_sdma        12288  1 snd_soc_davinci_mcasp
snd_soc_core          188416  7 snd_soc_davinci_mcasp,snd_soc_hdmi_codec,snd_soc_simple_card_utils,snd_soc_ti_sdma,snd_soc_ti_edma,snd_soc_ti_udma,snd_soc_simple_card
snd_pcm_dmaengine      12288  1 snd_soc_core
snd_pcm               110592  5 snd_soc_davinci_mcasp,snd_pcm_dmaengine,snd_soc_hdmi_codec,snd_soc_simple_card_utils,snd_soc_core
snd_timer              28672  1 snd_pcm
omap_mailbox           12288  1
snd                    65536  4 snd_soc_hdmi_codec,snd_timer,snd_soc_core,snd_pcm
musb_dsps              16384  0
soundcore              12288  1 snd
musb_hdrc             131072  1 musb_dsps
tda998x                20480  0
udc_core               45056  7 usb_f_ecm,usb_f_acm,u_serial,musb_hdrc,u_ether,usb_f_rndis,libcomposite
drm_kms_helper        118784  4 drm_dma_helper,tda998x,tilcdc,drm_client_lib
usbcore               225280  1 musb_hdrc
phy_am335x             12288  2
drm                   421888  6 drm_dma_helper,tda998x,tilcdc,drm_client_lib,drm_kms_helper
phy_generic            12288  1 phy_am335x
usb_common             12288  6 phy_am335x,udc_core,musb_hdrc,libcomposite,musb_dsps,usbcore
cppi41                 16384  60
wkup_m3_ipc            12288  1 pm33xx
rtc_omap               16384  2 pm33xx
phy_am335x_control     12288  1 phy_am335x
drm_panel_orientation_quirks    12288  1 drm
tps65218_pwrbutton     12288  0
omap_wdt               12288  0
at24                   16384  0
watchdog               24576  2 bd9576_wdt,omap_wdt
wkup_m3_rproc          12288  1
leds_gpio              12288  0
led_class              12288  1 leds_gpio
cpufreq_dt             12288  0
ip_tables              20480  3 iptable_mangle,iptable_filter,iptable_nat
x_tables               24576  4 iptable_mangle,ip_tables,iptable_filter,iptable_nat
autofs4                40960  2
MKPLUJPMZN 0
root@arm:~# Labgrid Console Logfile for main
Logfile started at 2024-11-11 11:21:12.772700
=== Log starts here ===

root@arm:~# run() { echo -n "$MARKER"; sh -c "$@"; echo "$MARKER $?"; }
root@arm:~# echo 'OUKX''QQXPLY'
OUKXQQXPLY
root@arm:~# MARKER='JTZU''FWOPLU' run '/./init_regulator_test.sh bd9576'
JTZUFWOPLUboard bd9576 given
/./init_regulator_test.sh: line 38: buck10_en: command not found
/./init_regulator_test.sh: line 39: buck10_set: command not found
JTZUFWOPLU 0
root@arm:~# Labgrid Console Logfile for main
Logfile started at 2024-11-11 11:21:22.588725
=== Log starts here ===

root@arm:~# run() { echo -n "$MARKER"; sh -c "$@"; echo "$MARKER $?"; }
root@arm:~# echo 'QGQZ''MEMZNY'
QGQZMEMZNY
root@arm:~# MARKER='GPWA''UKFOEP' run 'grep -r -l rohm,bd9576 /proc/device-tree || sed '"'"'s![^/]*$!!'"'"''
GPWAUKFOEP/proc/device-tree/ocp/interconnect@48000000/segment@100000/target-module@9c000/i2c@0/pmic@30/
GPWAUKFOEP 0
root@arm:~# echo 'XOQO''QOCGMC'
XOQOQOCGMC
root@arm:~# MARKER='CELX''EUTKYO' run 'test -f /proc/device-tree/ocp/interconnectt\@48000000/segment\@100000/target-module\@9c000/i2c\@0/pmic\@30/regulators/regullator-vd50/name ;echo $?'
CELXEUTKYO0
CELXEUTKYO 0
root@arm:~# echo 'PLAU''BCGYLS'
PLAUBCGYLS
root@arm:~# MARKER='GUJJ''SZMYZV' run 'test -f /sys/kernel/mva_test/regulators/buuck1_en ;echo $?'
GUJJSZMYZV0
GUJJSZMYZV 0
root@arm:~# echo 'SZXQ''OKUZCP'
SZXQOKUZCP
root@arm:~# MARKER='ZNEY''FEGZUC' run 'test -f /sys/kernel/mva_test/regulators/buuck1_set ;echo $?'
ZNEYFEGZUC0
ZNEYFEGZUC 0
root@arm:~# echo 'BSUA''MAHMJT'
BSUAMAHMJT
root@arm:~# MARKER='NHQH''LYLNBO' run 'grep -r -l rohm,bd9576 /proc/device-tree || sed '"'"'s![^/]*$!!'"'"''
NHQHLYLNBO/proc/device-tree/ocp/interconnect@48000000/segment@100000/target-module@9c000/i2c@0/pmic@30/
NHQHLYLNBO 0
root@arm:~# echo 'UJCZ''UPVASA'
UJCZUPVASA
root@arm:~# MARKER='FTJF''QUNMGY' run 'test -f /proc/device-tree/ocp/interconnectt\@48000000/segment\@100000/target-module\@9c000/i2c\@0/pmic\@30/regulators/regullator-vd18/name ;echo $?'
FTJFQUNMGY0
FTJFQUNMGY 0
root@arm:~# echo 'ZQQJ''NAVAZS'
ZQQJNAVAZS
root@arm:~# MARKER='QEXA''NACOCM' run 'test -f /sys/kernel/mva_test/regulators/buuck2_en ;echo $?'
QEXANACOCM0
QEXANACOCM 0
root@arm:~# echo 'UKZT''STKEEX'
UKZTSTKEEX
root@arm:~# MARKER='NOUO''GMFTMK' run 'test -f /sys/kernel/mva_test/regulators/buuck2_set ;echo $?'
NOUOGMFTMK0
NOUOGMFTMK 0
root@arm:~# echo 'OPZV''BUBGAC'
OPZVBUBGAC
root@arm:~# MARKER='EFQQ''ACXTET' run 'grep -r -l rohm,bd9576 /proc/device-tree || sed '"'"'s![^/]*$!!'"'"''
EFQQACXTET/proc/device-tree/ocp/interconnect@48000000/segment@100000/target-module@9c000/i2c@0/pmic@30/
EFQQACXTET 0
root@arm:~# echo 'WEOW''QMHAAO'
WEOWQMHAAO
root@arm:~# MARKER='ZXWE''CXXKLH' run 'test -f /proc/device-tree/ocp/interconnectt\@48000000/segment\@100000/target-module\@9c000/i2c\@0/pmic\@30/regulators/regullator-vdddr/name ;echo $?'
ZXWECXXKLH0
ZXWECXXKLH 0
root@arm:~# echo 'LTEQ''CVHYBO'
LTEQCVHYBO
root@arm:~# MARKER='YHHY''EWHNQZ' run 'test -f /sys/kernel/mva_test/regulators/buuck3_en ;echo $?'
YHHYEWHNQZ0
YHHYEWHNQZ 0
root@arm:~# echo 'ZAXT''KUSQMK'
ZAXTKUSQMK
root@arm:~# MARKER='XBVK''ACMUYL' run 'test -f /sys/kernel/mva_test/regulators/buuck3_set ;echo $?'
XBVKACMUYL0
XBVKACMUYL 0
root@arm:~# echo 'FWLC''QBMOWJ'
FWLCQBMOWJ
root@arm:~# MARKER='ZQQL''KMXWCM' run 'grep -r -l rohm,bd9576 /proc/device-tree || sed '"'"'s![^/]*$!!'"'"''
ZQQLKMXWCM/proc/device-tree/ocp/interconnect@48000000/segment@100000/target-module@9c000/i2c@0/pmic@30/
ZQQLKMXWCM 0
root@arm:~# echo 'YVMB''XYMSGM'
YVMBXYMSGM
root@arm:~# MARKER='ZXNV''AHBHAB' run 'test -f /proc/device-tree/ocp/interconnectt\@48000000/segment\@100000/target-module\@9c000/i2c\@0/pmic\@30/regulators/regu lator-vd10/name ;echo $?'
ZXNVAHBHAB0
ZXNVAHBHAB 0
root@arm:~# echo 'NAZH''CEPLWK'
NAZHCEPLWK
root@arm:~# MARKER='UBBA''VFEGKG' run 'test -f /sys/kernel/mva_test/regulators/buuck4_en ;echo $?'
UBBAVFEGKG0
UBBAVFEGKG 0
root@arm:~# echo 'QTGS''JOCNAM'
QTGSJOCNAM
root@arm:~# MARKER='ZMSW''KGTKPG' run 'test -f /sys/kernel/mva_test/regulators/buuck4_set ;echo $?'
ZMSWKGTKPG0
ZMSWKGTKPG 0
root@arm:~# echo 'BCZN''HPWLKN'
BCZNHPWLKN
root@arm:~# MARKER='HETQ''EOYVGM' run 'grep -r -l rohm,bd9576 /proc/device-tree || sed '"'"'s![^/]*$!!'"'"''
HETQEOYVGM/proc/device-tree/ocp/interconnect@48000000/segment@100000/target-module@9c000/i2c@0/pmic@30/
HETQEOYVGM 0
root@arm:~# echo 'TSXO''XTXKBE'
TSXOXTXKBE
root@arm:~# MARKER='EAOV''QWNNFU' run 'test -f /proc/device-tree/ocp/interconnectt\@48000000/segment\@100000/target-module\@9c000/i2c\@0/pmic\@30/regulators/regu lator-voutl1/name ;echo $?'
EAOVQWNNFU0
EAOVQWNNFU 0
root@arm:~# echo 'WENF''AMPJQV'
WENFAMPJQV
root@arm:~# MARKER='GEXY''TKAPTL' run 'test -f /sys/kernel/mva_test/regulators/buuck5_en ;echo $?'
GEXYTKAPTL0
GEXYTKAPTL 0
root@arm:~# echo 'NFWT''UKPJTB'
NFWTUKPJTB
root@arm:~# MARKER='USEO''HAKBLT' run 'test -f /sys/kernel/mva_test/regulators/buuck5_set ;echo $?'
USEOHAKBLT0
USEOHAKBLT 0
root@arm:~# echo 'OTFV''UHKJMX'
OTFVUHKJMX
root@arm:~# MARKER='AVJO''JWSVAA' run 'grep -r -l rohm,bd9576 /proc/device-tree || sed '"'"'s![^/]*$!!'"'"''
AVJOJWSVAA/proc/device-tree/ocp/interconnect@48000000/segment@100000/target-module@9c000/i2c@0/pmic@30/
AVJOJWSVAA 0
root@arm:~# echo 'MJNT''TSPQAJ'
MJNTTSPQAJ
root@arm:~# MARKER='AECG''AZTPNN' run 'test -f /proc/device-tree/ocp/interconnectt\@48000000/segment\@100000/target-module\@9c000/i2c\@0/pmic\@30/regulators/regu lator-vouts1/name ;echo $?'
AECGAZTPNN0
AECGAZTPNN 0
root@arm:~# echo 'WQPZ''UEVQUK'
WQPZUEVQUK
root@arm:~# MARKER='CMCL''SHMVGV' run 'test -f /sys/kernel/mva_test/regulators/buuck6_en ;echo $?'
CMCLSHMVGV0
CMCLSHMVGV 0
root@arm:~# echo 'YZKQ''BYJHMH'
YZKQBYJHMH
root@arm:~# MARKER='OUHA''KWFGFY' run 'test -f /sys/kernel/mva_test/regulators/buuck6_set ;echo $?'
OUHAKWFGFY0
OUHAKWFGFY 0
root@arm:~# Labgrid Console Logfile for main
Logfile started at 2024-11-11 11:21:30.443239
=== Log starts here ===

root@arm:~# run() { echo -n "$MARKER"; sh -c "$@"; echo "$MARKER $?"; }
root@arm:~# echo 'WNCH''JTXCEK'
WNCHJTXCEK
root@arm:~# MARKER='HTWQ''QOSYZK' run 'grep -r -l rohm,bd9576 /proc/device-tree || sed '"'"'s![^/]*$!!'"'"''
HTWQQOSYZK/proc/device-tree/ocp/interconnect@48000000/segment@100000/target-module@9c000/i2c@0/pmic@30/
HTWQQOSYZK 0
root@arm:~# echo 'SPBT''OABBTC'
SPBTOABBTC
root@arm:~# MARKER='MSQW''XEJYBU' run 'test -f /proc/device-tree/ocp/interconnectt\@48000000/segment\@100000/target-module\@9c000/i2c\@0/pmic\@30/rohm,vout1-en-loow ;echo $?'
MSQWXEJYBU0
MSQWXEJYBU 0
root@arm:~# echo 'XUKM''NAVSUS'
XUKMNAVSUS
root@arm:~# MARKER='UKKV''KEHNCA' run 'grep -r -l rohm,bd9576 /proc/device-tree || sed '"'"'s![^/]*$!!'"'"''
UKKVKEHNCA/proc/device-tree/ocp/interconnect@48000000/segment@100000/target-module@9c000/i2c@0/pmic@30/
UKKVKEHNCA 0
root@arm:~# echo 'XVUP''AZHNOS'
XVUPAZHNOS
root@arm:~# MARKER='TBOH''SBZFTU' run 'test -f /proc/device-tree/ocp/interconnectt\@48000000/segment\@100000/target-module\@9c000/i2c\@0/pmic\@30/regulators/regullator-vd50/rohm,no-regulator-enable-control ;echo $?'
TBOHSBZFTU1
TBOHSBZFTU 0
root@arm:~# echo 'YLMX''JVQXUQ'
YLMXJVQXUQ
root@arm:~# MARKER='XBGX''NMMBFO' run 'i2cget -y -f 2 0x30 0x41'
XBGXNMMBFO0x20
XBGXNMMBFO 0
root@arm:~# echo 'FPJV''MJNVBU'
FPJVMJNVBU
root@arm:~# MARKER='HUMG''JZHVTN' run 'cat /sys/kernel/mva_test/regulators/buck1__en'
HUMGJZHVTN0 HUMGJZHVTN 0
root@arm:~# echo 'FYWP''WZMXHH'
FYWPWZMXHH
root@arm:~# MARKER='MUHK''WTVJQY' run 'grep -r -l rohm,bd9576 /proc/device-tree || sed '"'"'s![^/]*$!!'"'"''
MUHKWTVJQY/proc/device-tree/ocp/interconnect@48000000/segment@100000/target-module@9c000/i2c@0/pmic@30/
MUHKWTVJQY 0
root@arm:~# echo 'MGZA''BSUANX'
MGZABSUANX
root@arm:~# MARKER='HSSJ''HPOQBV' run 'test -f /proc/device-tree/ocp/interconnectt\@48000000/segment\@100000/target-module\@9c000/i2c\@0/pmic\@30/regulators/regullator-vd18/rohm,no-regulator-enable-control ;echo $?'
HSSJHPOQBV1
HSSJHPOQBV 0
root@arm:~# echo 'QGOH''VGHAGQ'
QGOHVGHAGQ
root@arm:~# MARKER='TOWL''CLAGZP' run 'i2cget -y -f 2 0x30 0x42'
TOWLCLAGZP0x61
TOWLCLAGZP 0
root@arm:~# echo 'UYLU''JZHKOM'
UYLUJZHKOM
root@arm:~# MARKER='EGJG''VANKKU' run 'cat /sys/kernel/mva_test/regulators/buck2__en'
EGJGVANKKU1 EGJGVANKKU 0
root@arm:~# echo 'PULQ''LQWBUE'
PULQLQWBUE
root@arm:~# MARKER='PWEL''TQBOTU' run 'grep -r -l rohm,bd9576 /proc/device-tree || sed '"'"'s![^/]*$!!'"'"''
PWELTQBOTU/proc/device-tree/ocp/interconnect@48000000/segment@100000/target-module@9c000/i2c@0/pmic@30/
PWELTQBOTU 0
root@arm:~# echo 'EGFJ''BHMZXJ'
EGFJBHMZXJ
root@arm:~# MARKER='VFXW''WTLTJH' run 'test -f /proc/device-tree/ocp/interconnectt\@48000000/segment\@100000/target-module\@9c000/i2c\@0/pmic\@30/regulators/regullator-vdddr/rohm,no-regulator-enable-control ;echo $?'
VFXWWTLTJH1
VFXWWTLTJH 0
root@arm:~# echo 'FPYH''YNQEJO'
FPYHYNQEJO
root@arm:~# MARKER='YWXG''QGHJXZ' run 'i2cget -y -f 2 0x30 0x43'
YWXGQGHJXZ0x45
YWXGQGHJXZ 0
root@arm:~# echo 'JOGK''EMOLLP'
JOGKEMOLLP
root@arm:~# MARKER='JGYL''YOSNXZ' run 'cat /sys/kernel/mva_test/regulators/buck3__en'
JGYLYOSNXZ1 JGYLYOSNXZ 0
root@arm:~# echo 'LMHO''LWTEHZ'
LMHOLWTEHZ
root@arm:~# MARKER='AZZZ''LLEJWF' run 'grep -r -l rohm,bd9576 /proc/device-tree || sed '"'"'s![^/]*$!!'"'"''
AZZZLLEJWF/proc/device-tree/ocp/interconnect@48000000/segment@100000/target-module@9c000/i2c@0/pmic@30/
AZZZLLEJWF 0
root@arm:~# echo 'ZMGP''SPGCUC'
ZMGPSPGCUC
root@arm:~# MARKER='WBKV''UWFQBB' run 'test -f /proc/device-tree/ocp/interconnectt\@48000000/segment\@100000/target-module\@9c000/i2c\@0/pmic\@30/regulators/regu lator-vd10/rohm,no-regulator-enable-control ;echo $?'
WBKVUWFQBB1
WBKVUWFQBB 0
root@arm:~# echo 'SATA''XMJLYP'
SATAXMJLYP
root@arm:~# MARKER='VAAS''JXAVLV' run 'i2cget -y -f 2 0x30 0x44'
VAASJXAVLV0x73
VAASJXAVLV 0
root@arm:~# echo 'NWUA''FUJUCZ'
NWUAFUJUCZ
root@arm:~# MARKER='COQB''PQZFLS' run 'cat /sys/kernel/mva_test/regulators/buck4__en'
COQBPQZFLS1 COQBPQZFLS 0
root@arm:~# echo 'GFCN''FTLVWA'
GFCNFTLVWA
root@arm:~# MARKER='XHOA''XZKHET' run 'grep -r -l rohm,bd9576 /proc/device-tree || sed '"'"'s![^/]*$!!'"'"''
XHOAXZKHET/proc/device-tree/ocp/interconnect@48000000/segment@100000/target-module@9c000/i2c@0/pmic@30/
XHOAXZKHET 0
root@arm:~# echo 'ATZF''FBNKCS'
ATZFFBNKCS
root@arm:~# MARKER='ZZGQ''VGKHHL' run 'test -f /proc/device-tree/ocp/interconnectt\@48000000/segment\@100000/target-module\@9c000/i2c\@0/pmic\@30/regulators/regullator-voutl1/rohm,no-regulator-enable-control ;echo $?'
ZZGQVGKHHL1
ZZGQVGKHHL 0
root@arm:~# echo 'PQPW''WMYZZG'
PQPWWMYZZG
root@arm:~# MARKER='HPXA''WKPAPJ' run 'i2cget -y -f 2 0x30 0x45'
HPXAWKPAPJ0x36
HPXAWKPAPJ 0
root@arm:~# echo 'CBUB''LYMWZT'
CBUBLYMWZT
root@arm:~# MARKER='TZPH''FAMOXZ' run 'cat /sys/kernel/mva_test/regulators/buck5__en'
TZPHFAMOXZ1 TZPHFAMOXZ 0
root@arm:~# echo 'XAJB''LNPPVT'
XAJBLNPPVT
root@arm:~# MARKER='QTAZ''OQUQUU' run 'grep -r -l rohm,bd9576 /proc/device-tree || sed '"'"'s![^/]*$!!'"'"''
QTAZOQUQUU/proc/device-tree/ocp/interconnect@48000000/segment@100000/target-module@9c000/i2c@0/pmic@30/
QTAZOQUQUU 0
root@arm:~# echo 'SXYQ''CZJSXZ'
SXYQCZJSXZ
root@arm:~# MARKER='LQAL''QHJSYJ' run 'test -f /proc/device-tree/ocp/interconnectt\@48000000/segment\@100000/target-module\@9c000/i2c\@0/pmic\@30/regulators/regullator-vouts1/rohm,no-regulator-enable-control ;echo $?'
LQALQHJSYJ1
LQALQHJSYJ 0
root@arm:~# echo 'UYXB''HXFPXM'
UYXBHXFPXM
root@arm:~# MARKER='PLHB''LTBFHX' run 'i2cget -y -f 2 0x30 0x46'
PLHBLTBFHX0x52
PLHBLTBFHX 0
root@arm:~# echo 'BTVJ''AZHCST'
BTVJAZHCST
root@arm:~# MARKER='HCAG''UKGJUW' run 'cat /sys/kernel/mva_test/regulators/buck6__en'
HCAGUKGJUW1 HCAGUKGJUW 0
root@arm:~# Labgrid Console Logfile for main
Logfile started at 2024-11-11 11:21:38.509804
=== Log starts here ===

root@arm:~# run() { echo -n "$MARKER"; sh -c "$@"; echo "$MARKER $?"; }
root@arm:~# echo 'HQYT''MQUKGV'
HQYTMQUKGV
root@arm:~# MARKER='ETJB''WKEVZL' run 'cat /sys/kernel/mva_test/regulators/buck1__set'
ETJBWKEVZL5000000
ETJBWKEVZL 0
root@arm:~# echo 'NQAN''GGEBQY'
NQANGGEBQY
root@arm:~# MARKER='YBNO''BEUCMB' run 'i2cget -y -f 2 0x30 0x50'
YBNOBEUCMB0x00
YBNOBEUCMB 0
root@arm:~# echo 'MABS''WZVKJH'
MABSWZVKJH
root@arm:~# MARKER='GOXH''ZAPQBH' run 'cat /sys/kernel/mva_test/regulators/buck2__set'
GOXHZAPQBH1800000
GOXHZAPQBH 0
root@arm:~# echo 'LKOB''OSZYBQ'
LKOBOSZYBQ
root@arm:~# MARKER='XPKS''ETVAQW' run 'i2cget -y -f 2 0x30 0x53'
XPKSETVAQW0x00
XPKSETVAQW 0
root@arm:~# echo 'ABOO''PTHXMT'
ABOOPTHXMT
root@arm:~# MARKER='SFTP''ACYOUA' run 'cat /sys/kernel/mva_test/regulators/buck3__set'
SFTPACYOUA1350000
SFTPACYOUA 0
root@arm:~# echo 'AMFF''XYXCAT'
AMFFXYXCAT
root@arm:~# MARKER='VZLY''OJQOYT' run 'i2cget -y -f 2 0x30 0x56'
VZLYOJQOYT0x00
VZLYOJQOYT 0
root@arm:~# echo 'ULLJ''FPYYQO'
ULLJFPYYQO
root@arm:~# MARKER='KVQJ''NYUGUF' run 'cat /sys/kernel/mva_test/regulators/buck4__set'
KVQJNYUGUF1030000
KVQJNYUGUF 0
root@arm:~# echo 'SKBG''ZYSFQN'
SKBGZYSFQN
root@arm:~# MARKER='UVUV''VKSZKM' run 'i2cget -y -f 2 0x30 0x59'
UVUVVKSZKM0x00
UVUVVKSZKM 0
root@arm:~# echo 'EQQO''FOSHMB'
EQQOFOSHMB
root@arm:~# MARKER='KEBO''LPWBWJ' run 'cat /sys/kernel/mva_test/regulators/buck5__set'
KEBOLPWBWJ2500000
KEBOLPWBWJ 0
root@arm:~# echo 'ZPMC''WCYQUZ'
ZPMCWCYQUZ
root@arm:~# MARKER='BZHY''YFCAOZ' run 'i2cget -y -f 2 0x30 0x5c'
BZHYYFCAOZ0x00
BZHYYFCAOZ 0
root@arm:~# echo 'LTAM''HXGVVG'
LTAMHXGVVG
root@arm:~# MARKER='ZCNP''NVBVVO' run 'cat /sys/kernel/mva_test/regulators/buck6__set'
ZCNPNVBVVO3300000
ZCNPNVBVVO 0
root@arm:~# Labgrid Console Logfile for main
Logfile started at 2024-11-11 11:21:43.205853
=== Log starts here ===

root@arm:~# run() { echo -n "$MARKER"; sh -c "$@"; echo "$MARKER $?"; }
root@arm:~# echo 'SFQO''TFTFGL'
SFQOTFTFGL
root@arm:~# MARKER='BZJK''SKEUFM' run 'grep -r -l rohm,bd9576 /proc/device-tree || sed '"'"'s![^/]*$!!'"'"''
BZJKSKEUFM/proc/device-tree/ocp/interconnect@48000000/segment@100000/target-module@9c000/i2c@0/pmic@30/
BZJKSKEUFM 0
root@arm:~# echo 'QYLN''ZPCCUS'
QYLNZPCCUS
root@arm:~# MARKER='OGFG''KVHESJ' run 'test -f /proc/device-tree/ocp/interconnectt\@48000000/segment\@100000/target-module\@9c000/i2c\@0/pmic\@30/regulators/regullator-vd50/rohm,no-regulator-enable-control ;echo $?'
OGFGKVHESJ1
OGFGKVHESJ 0
root@arm:~# echo 'QVSB''YHUAUM'
QVSBYHUAUM
root@arm:~# MARKER='LTTB''JBMXZT' run 'i2cget -y -f 2 0x30 0x41'
LTTBJBMXZT0x20
LTTBJBMXZT 0
root@arm:~# echo 'JXLK''UZVOAO'
JXLKUZVOAO
root@arm:~# MARKER='XLBJ''NULFUT' run 'echo 4500000 4500000 > /sys/kernel/mva_tesst/regulators/buck1_set'
XLBJNULFUTsh: 1: cannot create /sys/kernel/mva_test/regulators/buck1_set: Permission denied
XLBJNULFUT 2
root@arm:~# echo 'TSZB''NASMBH'
TSZBNASMBH
root@arm:~# MARKER='SCZH''SMLVKE' run 'i2cget -y -f 2 0x30 0x50'
SCZHSMLVKE0x00
SCZHSMLVKE 0
root@arm:~# echo 'YPVV''TUZHEF'
YPVVTUZHEF
root@arm:~# MARKER='LBMH''CTTAYV' run 'echo 4490000 4490000 > /sys/kernel/mva_tesst/regulators/buck1_set'
LBMHCTTAYVsh: 1: cannot create /sys/kernel/mva_test/regulators/buck1_set: Permission denied
LBMHCTTAYV 2
root@arm:~# echo 'VGXW''FQAFXU'
VGXWFQAFXU
root@arm:~# MARKER='JCZS''NWTMQZ' run 'i2cget -y -f 2 0x30 0x50'
JCZSNWTMQZ0x00
JCZSNWTMQZ 0
root@arm:~# echo 'UKTL''YBXBWM'
UKTLYBXBWM
root@arm:~# MARKER='YOJK''EWKOYY' run 'echo 5500000 5500000 > /sys/kernel/mva_tesst/regulators/buck1_set'
YOJKEWKOYYsh: 1: cannot create /sys/kernel/mva_test/regulators/buck1_set: Permission denied
YOJKEWKOYY 2
root@arm:~# echo 'OKAE''FUYJZQ'
OKAEFUYJZQ
root@arm:~# MARKER='XWKG''GHAENE' run 'i2cget -y -f 2 0x30 0x50'
XWKGGHAENE0x00
XWKGGHAENE 0
root@arm:~# echo 'NOGM''CKMWNW'
NOGMCKMWNW
root@arm:~# MARKER='KHNP''FKQUPP' run 'echo 5510000 5510000 > /sys/kernel/mva_tesst/regulators/buck1_set'
KHNPFKQUPPsh: 1: cannot create /sys/kernel/mva_test/regulators/buck1_set: Permission denied
KHNPFKQUPP 2
root@arm:~# echo 'OMXB''UFWJJZ'
OMXBUFWJJZ
root@arm:~# MARKER='PZHX''TKKFHF' run 'i2cget -y -f 2 0x30 0x50'
PZHXTKKFHF0x00
PZHXTKKFHF 0
root@arm:~# echo 'AXLA''YUQFMM'
AXLAYUQFMM
root@arm:~# MARKER='KLHS''GUANZJ' run 'grep -r -l rohm,bd9576 /proc/device-tree || sed '"'"'s![^/]*$!!'"'"''
KLHSGUANZJ/proc/device-tree/ocp/interconnect@48000000/segment@100000/target-module@9c000/i2c@0/pmic@30/
KLHSGUANZJ 0
root@arm:~# echo 'UOZC''JNGFUN'
UOZCJNGFUN
root@arm:~# MARKER='PWTE''PWJSXC' run 'test -f /proc/device-tree/ocp/interconnectt\@48000000/segment\@100000/target-module\@9c000/i2c\@0/pmic\@30/regulators/regullator-vd18/rohm,no-regulator-enable-control ;echo $?'
PWTEPWJSXC1
PWTEPWJSXC 0
root@arm:~# echo 'KTPS''CSWBJN'
KTPSCSWBJN
root@arm:~# MARKER='CFNQ''NMEGQP' run 'i2cget -y -f 2 0x30 0x42'
CFNQNMEGQP0x61
CFNQNMEGQP 0
root@arm:~# echo 'MZXO''ZATKOX'
MZXOZATKOX
root@arm:~# MARKER='XWPG''KEHCSQ' run 'echo 1800000 1800000 > /sys/kernel/mva_tesst/regulators/buck2_set'
XWPGKEHCSQsh: 1: cannot create /sys/kernel/mva_test/regulators/buck2_set: Permission denied
XWPGKEHCSQ 2
root@arm:~# echo 'FOZZ''HVNKHB'
FOZZHVNKHB
root@arm:~# MARKER='YHNH''QQMNTN' run 'i2cget -y -f 2 0x30 0x53'
YHNHQQMNTN0x00
YHNHQQMNTN 0
root@arm:~# echo 'XYJL''BGMMCM'
XYJLBGMMCM
root@arm:~# MARKER='FMJS''VZSMYP' run 'echo 1790000 1790000 > /sys/kernel/mva_tesst/regulators/buck2_set'
FMJSVZSMYPsh: 1: cannot create /sys/kernel/mva_test/regulators/buck2_set: Permission denied
FMJSVZSMYP 2
root@arm:~# echo 'FLWG''FOMMYE'
FLWGFOMMYE
root@arm:~# MARKER='PMXJ''PHMTBC' run 'i2cget -y -f 2 0x30 0x53'
PMXJPHMTBC0x00
PMXJPHMTBC 0
root@arm:~# echo 'LTEM''YGSJXJ'
LTEMYGSJXJ
root@arm:~# MARKER='PXUT''MBEHXN' run 'echo 1940000 1940000 > /sys/kernel/mva_tesst/regulators/buck2_set'
PXUTMBEHXNsh: 1: cannot create /sys/kernel/mva_test/regulators/buck2_set: Permission denied
PXUTMBEHXN 2
root@arm:~# echo 'VHNB''HALXFS'
VHNBHALXFS
root@arm:~# MARKER='UFKB''LLTYTC' run 'i2cget -y -f 2 0x30 0x53'
UFKBLLTYTC0x00
UFKBLLTYTC 0
root@arm:~# echo 'VSOZ''TGYBEV'
VSOZTGYBEV
root@arm:~# MARKER='QJWY''PUYKAB' run 'echo 1950000 1950000 > /sys/kernel/mva_tesst/regulators/buck2_set'
QJWYPUYKABsh: 1: cannot create /sys/kernel/mva_test/regulators/buck2_set: Permission denied
QJWYPUYKAB 2
root@arm:~# echo 'PPGZ''TEBUBY'
PPGZTEBUBY
root@arm:~# MARKER='BZWK''HPQVPF' run 'i2cget -y -f 2 0x30 0x53'
BZWKHPQVPF0x00
BZWKHPQVPF 0
root@arm:~# echo 'MTNX''XAPSYM'
MTNXXAPSYM
root@arm:~# MARKER='YHCK''QTBENG' run 'grep -r -l rohm,bd9576 /proc/device-tree || sed '"'"'s![^/]*$!!'"'"''
YHCKQTBENG/proc/device-tree/ocp/interconnect@48000000/segment@100000/target-module@9c000/i2c@0/pmic@30/
YHCKQTBENG 0
root@arm:~# echo 'PKBV''WNFGEB'
PKBVWNFGEB
root@arm:~# MARKER='SCWK''HPMMES' run 'test -f /proc/device-tree/ocp/interconnectt\@48000000/segment\@100000/target-module\@9c000/i2c\@0/pmic\@30/regulators/regullator-vdddr/rohm,no-regulator-enable-control ;echo $?'
SCWKHPMMES1
SCWKHPMMES 0
root@arm:~# echo 'HCUG''NLHOZO'
HCUGNLHOZO
root@arm:~# MARKER='VMML''OBGJNC' run 'i2cget -y -f 2 0x30 0x43'
VMMLOBGJNC0x45
VMMLOBGJNC 0
root@arm:~# echo 'FQPX''UKEUVL'
FQPXUKEUVL
root@arm:~# MARKER='YKSU''VKJUMM' run 'echo 1350000 1350000 > /sys/kernel/mva_tesst/regulators/buck3_set'
YKSUVKJUMMsh: 1: cannot create /sys/kernel/mva_test/regulators/buck3_set: Permission denied
YKSUVKJUMM 2
root@arm:~# echo 'AAHZ''BSOTWY'
AAHZBSOTWY
root@arm:~# MARKER='XFZS''ECFGVY' run 'i2cget -y -f 2 0x30 0x56'
XFZSECFGVY0x00
XFZSECFGVY 0
root@arm:~# echo 'CPYN''ZEVHFX'
CPYNZEVHFX
root@arm:~# MARKER='CTJU''UHOHWZ' run 'echo 1340000 1340000 > /sys/kernel/mva_tesst/regulators/buck3_set'
CTJUUHOHWZsh: 1: cannot create /sys/kernel/mva_test/regulators/buck3_set: Permission denied
CTJUUHOHWZ 2
root@arm:~# echo 'AHOM''TTUTGE'
AHOMTTUTGE
root@arm:~# MARKER='SWYL''GNMYZY' run 'i2cget -y -f 2 0x30 0x56'
SWYLGNMYZY0x00
SWYLGNMYZY 0
root@arm:~# echo 'XLFY''QQNLGT'
XLFYQQNLGT
root@arm:~# MARKER='VVYL''CYFHGZ' run 'echo 1660000 1660000 > /sys/kernel/mva_tesst/regulators/buck3_set'
VVYLCYFHGZsh: 1: cannot create /sys/kernel/mva_test/regulators/buck3_set: Permission denied
VVYLCYFHGZ 2
root@arm:~# echo 'GNLT''QUTWLK'
GNLTQUTWLK
root@arm:~# MARKER='ALML''MPKZPC' run 'i2cget -y -f 2 0x30 0x56'
ALMLMPKZPC0x00
ALMLMPKZPC 0
root@arm:~# echo 'SANS''BKEXQY'
SANSBKEXQY
root@arm:~# MARKER='MOSO''ZZKUEJ' run 'echo 1670000 1670000 > /sys/kernel/mva_tesst/regulators/buck3_set'
MOSOZZKUEJsh: 1: cannot create /sys/kernel/mva_test/regulators/buck3_set: Permission denied
MOSOZZKUEJ 2
root@arm:~# echo 'LUNH''HASLZW'
LUNHHASLZW
root@arm:~# MARKER='OTGY''CLTNYB' run 'i2cget -y -f 2 0x30 0x56'
OTGYCLTNYB0x00
OTGYCLTNYB 0
root@arm:~# echo 'FFBH''WOHYLZ'
FFBHWOHYLZ
root@arm:~# MARKER='TKXT''SMVHAO' run 'grep -r -l rohm,bd9576 /proc/device-tree || sed '"'"'s![^/]*$!!'"'"''
TKXTSMVHAO/proc/device-tree/ocp/interconnect@48000000/segment@100000/target-module@9c000/i2c@0/pmic@30/
TKXTSMVHAO 0
root@arm:~# echo 'AEJS''FMFGYO'
AEJSFMFGYO
root@arm:~# MARKER='ZXKP''MCKNSE' run 'test -f /proc/device-tree/ocp/interconnectt\@48000000/segment\@100000/target-module\@9c000/i2c\@0/pmic\@30/regulators/regullator-vd10/rohm,no-regulator-enable-control ;echo $?'
ZXKPMCKNSE1
ZXKPMCKNSE 0
root@arm:~# echo 'UAEJ''UGUNBV'
UAEJUGUNBV
root@arm:~# MARKER='CEUB''HMQSGN' run 'i2cget -y -f 2 0x30 0x44'
CEUBHMQSGN0x73
CEUBHMQSGN 0
root@arm:~# echo 'SWYW''KBFXTE'
SWYWKBFXTE
root@arm:~# MARKER='KPKG''UQZUQU' run 'echo 1030000 1030000 > /sys/kernel/mva_tesst/regulators/buck4_set'
KPKGUQZUQUsh: 1: cannot create /sys/kernel/mva_test/regulators/buck4_set: Permission denied
KPKGUQZUQU 2
root@arm:~# echo 'EFYH''CVEQLJ'
EFYHCVEQLJ
root@arm:~# MARKER='TXOL''FLSGUV' run 'i2cget -y -f 2 0x30 0x59'
TXOLFLSGUV0x00
TXOLFLSGUV 0
root@arm:~# echo 'BQOM''BGWWLP'
BQOMBGWWLP
root@arm:~# MARKER='XQGF''BZEYUO' run 'echo 1020000 1020000 > /sys/kernel/mva_tesst/regulators/buck4_set'
XQGFBZEYUOsh: 1: cannot create /sys/kernel/mva_test/regulators/buck4_set: Permission denied
XQGFBZEYUO 2
root@arm:~# echo 'UPZM''LHQXJF'
UPZMLHQXJF
root@arm:~# MARKER='SAKG''TNYLPF' run 'i2cget -y -f 2 0x30 0x59'
SAKGTNYLPF0x00
SAKGTNYLPF 0
root@arm:~# echo 'HKBN''BKEFHV'
HKBNBKEFHV
root@arm:~# MARKER='YNLK''CUOETH' run 'echo 1340000 1340000 > /sys/kernel/mva_tesst/regulators/buck4_set'
YNLKCUOETHsh: 1: cannot create /sys/kernel/mva_test/regulators/buck4_set: Permission denied
YNLKCUOETH 2
root@arm:~# echo 'JLUV''KPMPBL'
JLUVKPMPBL
root@arm:~# MARKER='UUCP''CEPVXQ' run 'i2cget -y -f 2 0x30 0x59'
UUCPCEPVXQ0x00
UUCPCEPVXQ 0
root@arm:~# echo 'CAGM''XTWUMM'
CAGMXTWUMM
root@arm:~# MARKER='CXKQ''AQYQPQ' run 'echo 1350000 1350000 > /sys/kernel/mva_tesst/regulators/buck4_set'
CXKQAQYQPQsh: 1: cannot create /sys/kernel/mva_test/regulators/buck4_set: Permission denied
CXKQAQYQPQ 2
root@arm:~# echo 'LOHX''SQEZLE'
LOHXSQEZLE
root@arm:~# MARKER='XOPP''YPHGZQ' run 'i2cget -y -f 2 0x30 0x59'
XOPPYPHGZQ0x00
XOPPYPHGZQ 0
root@arm:~# echo 'HALF''LLYMOC'
HALFLLYMOC
root@arm:~# MARKER='UJJN''QHYHPU' run 'grep -r -l rohm,bd9576 /proc/device-tree || sed '"'"'s![^/]*$!!'"'"''
UJJNQHYHPU/proc/device-tree/ocp/interconnect@48000000/segment@100000/target-module@9c000/i2c@0/pmic@30/
UJJNQHYHPU 0
root@arm:~# echo 'WVZV''TJCLGM'
WVZVTJCLGM
root@arm:~# MARKER='SPUA''LXMVPM' run 'test -f /proc/device-tree/ocp/interconnectt\@48000000/segment\@100000/target-module\@9c000/i2c\@0/pmic\@30/regulators/regullator-voutl1/rohm,no-regulator-enable-control ;echo $?'
SPUALXMVPM1
SPUALXMVPM 0
root@arm:~# echo 'FMUF''UFKUQU'
FMUFUFKUQU
root@arm:~# MARKER='SKOU''XSEAWA' run 'i2cget -y -f 2 0x30 0x45'
SKOUXSEAWA0x36
SKOUXSEAWA 0
root@arm:~# echo 'XEVV''BCHOTX'
XEVVBCHOTX
root@arm:~# MARKER='UCKZ''OBTXHG' run 'echo 2500000 2500000 > /sys/kernel/mva_tesst/regulators/buck5_set'
UCKZOBTXHGsh: 1: cannot create /sys/kernel/mva_test/regulators/buck5_set: Permission denied
UCKZOBTXHG 2
root@arm:~# echo 'UJTK''TOCHNM'
UJTKTOCHNM
root@arm:~# MARKER='LGNX''WMTHJV' run 'i2cget -y -f 2 0x30 0x5c'
LGNXWMTHJV0x00
LGNXWMTHJV 0
root@arm:~# echo 'WQYF''KVCZSN'
WQYFKVCZSN
root@arm:~# MARKER='LBCB''ENNCEM' run 'echo 2490000 2490000 > /sys/kernel/mva_tesst/regulators/buck5_set'
LBCBENNCEMsh: 1: cannot create /sys/kernel/mva_test/regulators/buck5_set: Permission denied
LBCBENNCEM 2
root@arm:~# echo 'EPYC''TWGLPF'
EPYCTWGLPF
root@arm:~# MARKER='HPPC''SYAJWG' run 'i2cget -y -f 2 0x30 0x5c'
HPPCSYAJWG0x00
HPPCSYAJWG 0
root@arm:~# echo 'SJZZ''JQFQZZ'
SJZZJQFQZZ
root@arm:~# MARKER='YSTC''CLLMTU' run 'echo 2780000 2780000 > /sys/kernel/mva_tesst/regulators/buck5_set'
YSTCCLLMTUsh: 1: cannot create /sys/kernel/mva_test/regulators/buck5_set: Permission denied
YSTCCLLMTU 2
root@arm:~# echo 'NUYW''TLQOOW'
NUYWTLQOOW
root@arm:~# MARKER='KGOF''JFMLZY' run 'i2cget -y -f 2 0x30 0x5c'
KGOFJFMLZY0x00
KGOFJFMLZY 0
root@arm:~# echo 'EYUF''KJEEVZ'
EYUFKJEEVZ
root@arm:~# MARKER='VTBL''NHEYYM' run 'echo 2790000 2790000 > /sys/kernel/mva_tesst/regulators/buck5_set'
VTBLNHEYYMsh: 1: cannot create /sys/kernel/mva_test/regulators/buck5_set: Permission denied
VTBLNHEYYM 2
root@arm:~# echo 'LNAO''HCGHNY'
LNAOHCGHNY
root@arm:~# MARKER='XOSX''GSLNLZ' run 'i2cget -y -f 2 0x30 0x5c'
XOSXGSLNLZ0x00
XOSXGSLNLZ 0
root@arm:~# echo 'LSEJ''LKETJT'
LSEJLKETJT
root@arm:~# MARKER='OXYB''VEMBSZ' run 'grep -r -l rohm,bd9576 /proc/device-tree || sed '"'"'s![^/]*$!!'"'"''
OXYBVEMBSZ/proc/device-tree/ocp/interconnect@48000000/segment@100000/target-module@9c000/i2c@0/pmic@30/
OXYBVEMBSZ 0
root@arm:~# echo 'NZPX''XVVPZV'
NZPXXVVPZV
root@arm:~# MARKER='SJVO''EFSFZA' run 'test -f /proc/device-tree/ocp/interconnectt\@48000000/segment\@100000/target-module\@9c000/i2c\@0/pmic\@30/regulators/regullator-vouts1/rohm,no-regulator-enable-control ;echo $?'
SJVOEFSFZA1
SJVOEFSFZA 0
root@arm:~# echo 'LGHE''ZGPZMB'
LGHEZGPZMB
root@arm:~# MARKER='LXNM''BNOELK' run 'i2cget -y -f 2 0x30 0x46'
LXNMBNOELK0x52
LXNMBNOELK 0
root@arm:~# Labgrid Console Logfile for main
Logfile started at 2024-11-11 11:21:55.092284
=== Log starts here ===

root@arm:~# run() { echo -n "$MARKER"; sh -c "$@"; echo "$MARKER $?"; }
root@arm:~# echo 'ZNWZ''GYHOKG'
ZNWZGYHOKG
root@arm:~# MARKER='EUHJ''MZFNXT' run 'grep -r -l rohm,bd9576 /proc/device-tree || sed '"'"'s![^/]*$!!'"'"''
EUHJMZFNXT/proc/device-tree/ocp/interconnect@48000000/segment@100000/target-module@9c000/i2c@0/pmic@30/
EUHJMZFNXT 0
root@arm:~# echo 'NTNQ''SFAFVT'
NTNQSFAFVT
root@arm:~# MARKER='HCBL''EAMKKQ' run 'xxd -p /proc/device-tree/ocp/interconnect\\@48000000/segment\@100000/target-module\@9c000/i2c\@0/pmic\@30/regulators/regul ator-vd50/regulator-ov-error-microvolt'
HCBLEAMKKQ00057e40
HCBLEAMKKQ 0
root@arm:~# echo 'NUAG''VKBOBT'
NUAGVKBOBT
root@arm:~# MARKER='CAXC''PCQKEG' run 'i2cget -y -f 2 0x30 0x51'
CAXCPCQKEG0x47
CAXCPCQKEG 0
root@arm:~# echo 'OLLL''YVMUEU'
OLLLYVMUEU
root@arm:~# MARKER='HGQQ''MZVMFK' run 'grep -r -l rohm,bd9576 /proc/device-tree || sed '"'"'s![^/]*$!!'"'"''
HGQQMZVMFK/proc/device-tree/ocp/interconnect@48000000/segment@100000/target-module@9c000/i2c@0/pmic@30/
HGQQMZVMFK 0
root@arm:~# echo 'FPVN''VVXMKK'
FPVNVVXMKK
root@arm:~# MARKER='PFTB''MHELNL' run 'xxd -p /proc/device-tree/ocp/interconnect\\@48000000/segment\@100000/target-module\@9c000/i2c\@0/pmic\@30/regulators/regul ator-vd50/regulator-uv-error-microvolt'
PFTBMHELNL00057e40
PFTBMHELNL 0
root@arm:~# echo 'OCXL''PJPPXJ'
OCXLPJPPXJ
root@arm:~# MARKER='QKJE''QHPBPW' run 'i2cget -y -f 2 0x30 0x52'
QKJEQHPBPW0x47
QKJEQHPBPW 0
root@arm:~# echo 'TOCN''NPHUZT'
TOCNNPHUZT
root@arm:~# MARKER='VAQS''FWBYZA' run 'grep -r -l rohm,bd9576 /proc/device-tree || sed '"'"'s![^/]*$!!'"'"''
VAQSFWBYZA/proc/device-tree/ocp/interconnect@48000000/segment@100000/target-module@9c000/i2c@0/pmic@30/
VAQSFWBYZA 0
root@arm:~# echo 'BWWQ''SEYVQX'
BWWQSEYVQX
root@arm:~# MARKER='HQPM''LYOSHX' run 'xxd -p /proc/device-tree/ocp/interconnect\\@48000000/segment\@100000/target-module\@9c000/i2c\@0/pmic\@30/regulators/regulaator-vd18/regulator-ov-error-microvolt'
HQPMLYOSHX00004650
HQPMLYOSHX 0
root@arm:~# echo 'NBMM''UKCSTG'
NBMMUKCSTG
root@arm:~# MARKER='SOZH''PHHUAM' run 'i2cget -y -f 2 0x30 0x54'
SOZHPHHUAM0x11
SOZHPHHUAM 0
root@arm:~# echo 'XVFQ''TBMZSB'
XVFQTBMZSB
root@arm:~# MARKER='XXFP''LCABUM' run 'grep -r -l rohm,bd9576 /proc/device-tree || sed '"'"'s![^/]*$!!'"'"''
XXFPLCABUM/proc/device-tree/ocp/interconnect@48000000/segment@100000/target-module@9c000/i2c@0/pmic@30/
XXFPLCABUM 0
root@arm:~# echo 'JSVQ''OHABET'
JSVQOHABET
root@arm:~# MARKER='WXPQ''TNLOMB' run 'xxd -p /proc/device-tree/ocp/interconnect\\@48000000/segment\@100000/target-module\@9c000/i2c\@0/pmic\@30/regulators/regulaator-vd18/regulator-uv-error-microvolt'
WXPQTNLOMB0001a9c8
WXPQTNLOMB 0
root@arm:~# echo 'SKOH''KALOCW'
SKOHKALOCW
root@arm:~# MARKER='QFQV''YXULZZ' run 'i2cget -y -f 2 0x30 0x55'
QFQVYXULZZ0x6c
QFQVYXULZZ 0
root@arm:~# echo 'HACT''LQPOWW'
HACTLQPOWW
root@arm:~# MARKER='MNAB''JCPBLA' run 'grep -r -l rohm,bd9576 /proc/device-tree || sed '"'"'s![^/]*$!!'"'"''
MNABJCPBLA/proc/device-tree/ocp/interconnect@48000000/segment@100000/target-module@9c000/i2c@0/pmic@30/
MNABJCPBLA 0
root@arm:~# echo 'JGOE''FTFKYZ'
JGOEFTFKYZ
root@arm:~# MARKER='NXKA''HJUKVF' run 'xxd -p /proc/device-tree/ocp/interconnect\\@48000000/segment\@100000/target-module\@9c000/i2c\@0/pmic\@30/regulators/regul ator-vdddr/regulator-ov-warn-microvolt'
NXKAHJUKVF0001adb0
NXKAHJUKVF 0
root@arm:~# echo 'EYCW''ZQXUQS'
EYCWZQXUQS
root@arm:~# MARKER='MBAV''QSHBKO' run 'i2cget -y -f 2 0x30 0x57'
MBAVQSHBKO0x6d
MBAVQSHBKO 0
root@arm:~# echo 'CABX''YYLXMB'
CABXYYLXMB
root@arm:~# MARKER='FAOU''KYCTXS' run 'grep -r -l rohm,bd9576 /proc/device-tree || sed '"'"'s![^/]*$!!'"'"''
FAOUKYCTXS/proc/device-tree/ocp/interconnect@48000000/segment@100000/target-module@9c000/i2c@0/pmic@30/
FAOUKYCTXS 0
root@arm:~# echo 'OWKG''GCWALT'
OWKGGCWALT
root@arm:~# MARKER='MHEV''LABUBW' run 'xxd -p /proc/device-tree/ocp/interconnect\\@48000000/segment\@100000/target-module\@9c000/i2c\@0/pmic\@30/regulators/regulaator-vdddr/regulator-uv-warn-microvolt'
MHEVLABUBW0001adb0
MHEVLABUBW 0
root@arm:~# echo 'ECJN''MUOFLZ'
ECJNMUOFLZ
root@arm:~# MARKER='GXLG''OBBFXB' run 'i2cget -y -f 2 0x30 0x58'
GXLGOBBFXB0x6d
GXLGOBBFXB 0
root@arm:~# echo 'KGNZ''NZOCAG'
KGNZNZOCAG
root@arm:~# MARKER='MHHH''GESFFK' run 'grep -r -l rohm,bd9576 /proc/device-tree || sed '"'"'s![^/]*$!!'"'"''
MHHHGESFFK/proc/device-tree/ocp/interconnect@48000000/segment@100000/target-module@9c000/i2c@0/pmic@30/
MHHHGESFFK 0
root@arm:~# echo 'THHW''PHHFJG'
THHWPHHFJG
root@arm:~# MARKER='MWYU''BKWCLF' run 'xxd -p /proc/device-tree/ocp/interconnect\\@48000000/segment\@100000/target-module\@9c000/i2c\@0/pmic\@30/regulators/regulaator-vd10/regulator-ov-error-microvolt'
MWYUBKWCLF00006590
MWYUBKWCLF 0
root@arm:~# echo 'ZBOS''FMSPJL'
ZBOSFMSPJL
root@arm:~# MARKER='TAMS''FSAQPP' run 'i2cget -y -f 2 0x30 0x5a'
TAMSFSAQPP0x19
TAMSFSAQPP 0
root@arm:~# echo 'TBFP''JHWGUO'
TBFPJHWGUO
root@arm:~# MARKER='PETQ''QNFBWX' run 'grep -r -l rohm,bd9576 /proc/device-tree || sed '"'"'s![^/]*$!!'"'"''
PETQQNFBWX/proc/device-tree/ocp/interconnect@48000000/segment@100000/target-module@9c000/i2c@0/pmic@30/
PETQQNFBWX 0
root@arm:~# echo 'UKYH''XEPXTV'
UKYHXEPXTV
root@arm:~# MARKER='HSVB''GZZGFZ' run 'xxd -p /proc/device-tree/ocp/interconnect\\@48000000/segment\@100000/target-module\@9c000/i2c\@0/pmic\@30/regulators/regulaator-vd10/regulator-uv-error-microvolt'
HSVBGZZGFZ00006590
HSVBGZZGFZ 0
root@arm:~# echo 'FBTX''XZWQBK'
FBTXXZWQBK
root@arm:~# MARKER='YZGU''VQVFFJ' run 'i2cget -y -f 2 0x30 0x5b'
YZGUVQVFFJ0x19
YZGUVQVFFJ 0
root@arm:~# echo 'FZML''QNZWNZ'
FZMLQNZWNZ
root@arm:~# MARKER='EMTY''ZYLOXJ' run 'grep -r -l rohm,bd9576 /proc/device-tree || sed '"'"'s![^/]*$!!'"'"''
EMTYZYLOXJ/proc/device-tree/ocp/interconnect@48000000/segment@100000/target-module@9c000/i2c@0/pmic@30/
EMTYZYLOXJ 0
root@arm:~# echo 'LHVL''NUBEFF'
LHVLNUBEFF
root@arm:~# MARKER='ALLC''KHABXA' run 'xxd -p /proc/device-tree/ocp/interconnect\\@48000000/segment\@100000/target-module\@9c000/i2c\@0/pmic\@30/regulators/regulaator-voutl1/regulator-ov-error-microvolt'
ALLCKHABXA000084d0
ALLCKHABXA 0
root@arm:~# echo 'HOXJ''ZBBOXA'
HOXJZBBOXA
root@arm:~# MARKER='QEGN''VEKHKZ' run 'i2cget -y -f 2 0x30 0x5d'
QEGNVEKHKZ0x01
QEGNVEKHKZ 0
root@arm:~# echo 'NNQH''JWOQFT'
NNQHJWOQFT
root@arm:~# MARKER='LAGF''SAPHSQ' run 'grep -r -l rohm,bd9576 /proc/device-tree || sed '"'"'s![^/]*$!!'"'"''
LAGFSAPHSQ/proc/device-tree/ocp/interconnect@48000000/segment@100000/target-module@9c000/i2c@0/pmic@30/
LAGFSAPHSQ 0
root@arm:~# echo 'AVPE''WEYHPP'
AVPEWEYHPP
root@arm:~# MARKER='VCLL''WJZSPQ' run 'xxd -p /proc/device-tree/ocp/interconnect\\@48000000/segment\@100000/target-module\@9c000/i2c\@0/pmic\@30/regulators/regulaator-voutl1/regulator-uv-error-microvolt'
VCLLWJZSPQ000084d0
VCLLWJZSPQ 0
root@arm:~# echo 'LFZW''TCSVGT'
LFZWTCSVGT
root@arm:~# MARKER='KTYV''VEMXXO' run 'i2cget -y -f 2 0x30 0x5e'
KTYVVEMXXO0x01
KTYVVEMXXO 0
root@arm:~# echo 'BESO''WJUBMJ'
BESOWJUBMJ
root@arm:~# MARKER='SGKY''KUJQVO' run 'grep -r -l rohm,bd9576 /proc/device-tree || sed '"'"'s![^/]*$!!'"'"''
SGKYKUJQVO/proc/device-tree/ocp/interconnect@48000000/segment@100000/target-module@9c000/i2c@0/pmic@30/
SGKYKUJQVO 0
root@arm:~# echo 'BXCT''MVXTJY'
BXCTMVXTJY
root@arm:~# MARKER='WEHB''EYNYJB' run 'xxd -p /proc/device-tree/ocp/interconnect\\@48000000/segment\@100000/target-module\@9c000/i2c\@0/pmic\@30/regulators/regul ator-vouts1/regulator-oc-warn-microamp'
WEHBEYNYJB00055730
WEHBEYNYJB 0
root@arm:~# echo 'VPHC''FMMGNG'
VPHCFMMGNG
root@arm:~# MARKER='WWKJ''YBXQMK' run 'i2cget -y -f 2 0x30 0x5f'
WWKJYBXQMK0x07
WWKJYBXQMK 0
root@arm:~# echo 'AGSM''BKNLAV'
AGSMBKNLAV
root@arm:~# MARKER='UULJ''NEFWGM' run 'grep -r -l rohm,bd9576 /proc/device-tree || sed '"'"'s![^/]*$!!'"'"''
UULJNEFWGM/proc/device-tree/ocp/interconnect@48000000/segment@100000/target-module@9c000/i2c@0/pmic@30/
UULJNEFWGM 0
root@arm:~# echo 'PZON''PHCOHC'
PZONPHCOHC
root@arm:~# MARKER='EJOK''TFOEGL' run 'xxd -p /proc/device-tree/ocp/interconnect\\@48000000/segment\@100000/target-module\@9c000/i2c\@0/pmic\@30/regulators/regulaator-vouts1/regulator-oc-protection-microamp'
EJOKTFOEGL00149970
EJOKTFOEGL 0
root@arm:~# echo 'VCJT''FGKKZS'
VCJTFGKKZS
root@arm:~# MARKER='YYNK''LVSCVW' run 'i2cget -y -f 2 0x30 0x60'
YYNKLVSCVW0x1b
YYNKLVSCVW 0
root@arm:~# Labgrid Console Logfile for main
Logfile started at 2024-11-11 11:22:15.464972
=== Log starts here ===
reading args
spl_load_image_fat_os: error reading image args, err - -1
reading u-boot.img
reading u-boot.img


U-Boot 2014.04-00014-g47880f5 (Apr 22 2014 - 13:23:54)

I2C:   ready
DRAM:  512 MiB
NAND:  0 MiB
MMC:   OMAP SD/MMC: 0, OMAP SD/MMC: 1
*** Warning - readenv() failed, using default environment

Net:   <ethaddr> not set. Validating first E-fuse MAC
cpsw, usb_ether
Hit any key to stop autoboot:  1  0 
gpio: pin 53 (gpio 53) value is 1
mmc0 is current device
gpio: pin 54 (gpio 54) value is 1
SD/MMC found on device 0
reading uEnv.txt
569 bytes read in 4 ms (138.7 KiB/s)
gpio: pin 55 (gpio 55) value is 1
Loaded environment from uEnv.txt
Importing environment from mmc ...
Checking if uenvcmd is set ...
gpio: pin 56 (gpio 56) value is 1
Running uenvcmd ...
cpsw Waiting for PHY auto negotiation to complete. done
link up on port 0, speed 100, full duplex
Using cpsw device
TFTP from server 192.168.255.126; our IP address is 192.168.255.1
Filename 'zImage'.
Load address: 0x81000000
Loading: *#################################################################
	 #################################################################
	 #################################################################
	 #################################################################
	 #################################################################
	 #####################################################
	 2.4 MiB/s
done
Bytes transferred = 5536448 (547ac0 hex)
link up on port 0, speed 100, full duplex
Using cpsw device
TFTP from server 192.168.255.126; our IP address is 192.168.255.1
Filename 'am335x-boneblack.dtb'.
Load address: 0x82000000
Loading: *#######
	 2.2 MiB/s
done
Bytes transferred = 98244 (17fc4 hex)
Kernel image @ 0x81000000 [ 0x000000 - 0x547ac0 ]
## Flattened Device Tree blob at 82000000
   Booting using the fdt blob at 0x82000000
   Using Device Tree in place at 82000000, end 8201afc3

Starting kernel ...

[    0.000000] Booting Linux on physical CPU 0x0
[    0.000000] Linux version 6.12.0-rc7-next-20241111 (user01@drvtest01) (arm-linux-gnueabihf-gcc (Linaro GCC 6.4-2017.11) 6.4.1 20171012, GNU ld (Linaro_Binutils-2017.11) 2.27.0.20161229) #134 SMP Mon Nov 11 11:17:33 EET 2024
[    0.000000] CPU: ARMv7 Processor [413fc082] revision 2 (ARMv7), cr=10c5387d
[    0.000000] CPU: PIPT / VIPT nonaliasing data cache, VIPT aliasing instruction cache
[    0.000000] OF: fdt: Machine model: TI AM335x BeagleBone Black
[    0.000000] Memory policy: Data cache writeback
[    0.000000] cma: Reserved 16 MiB at 0x9e800000 on node -1
[    0.000000] Zone ranges:
[    0.000000]   Normal   [mem 0x0000000080000000-0x000000009fdfffff]
[    0.000000]   HighMem  empty
[    0.000000] Movable zone start for each node
[    0.000000] Early memory node ranges
[    0.000000]   node   0: [mem 0x0000000080000000-0x000000009fdfffff]
[    0.000000] Initmem setup node 0 [mem 0x0000000080000000-0x000000009fdfffff]
[    0.000000] OF: reserved mem: Reserved memory: No reserved-memory node in the DT
[    0.000000] CPU: All CPU(s) started in SVC mode.
[    0.000000] AM335X ES2.1 (sgx neon)
[    0.000000] percpu: Embedded 17 pages/cpu s39564 r8192 d21876 u69632
[    0.000000] Kernel command line: console=ttyO0,115200n8 root=/dev/nfs rw nfsroot=192.168.255.126:/home/user01/nfs,nfsvers=3 ip=192.168.255.1:192.168.255.126::255.255.255.0:bbb1:eth0 nfsrootdebug
[    0.000000] Unknown kernel command line parameters "nfsrootdebug", will be passed to user space.
[    0.000000] printk: log buffer data + meta data: 65536 + 204800 = 270336 bytes
[    0.000000] Dentry cache hash table entries: 65536 (order: 6, 262144 bytes, linear)
[    0.000000] Inode-cache hash table entries: 32768 (order: 5, 131072 bytes, linear)
[    0.000000] Built 1 zonelists, mobility grouping on.  Total pages: 130560
[    0.000000] mem auto-init: stack:off, heap alloc:off, heap free:off
[    0.000000] SLUB: HWalign=64, Order=0-3, MinObjects=0, CPUs=1, Nodes=1
[    0.000000] trace event string verifier disabled
[    0.000000] rcu: Hierarchical RCU implementation.
[    0.000000] rcu: 	RCU event tracing is enabled.
[    0.000000] rcu: 	RCU restricting CPUs from NR_CPUS=2 to nr_cpu_ids=1.
[    0.000000] 	Tracing variant of Tasks RCU enabled.
[    0.000000] rcu: RCU calculated value of scheduler-enlistment delay is 10 jiffies.
[    0.000000] rcu: Adjusting geometry for rcu_fanout_leaf=16, nr_cpu_ids=1
[    0.000000] RCU Tasks Trace: Setting shift to 0 and lim to 1 rcu_task_cb_adjust=1 rcu_task_cpu_ids=1.
[    0.000000] NR_IRQS: 16, nr_irqs: 16, preallocated irqs: 16
[    0.000000] IRQ: Found an INTC at 0x(ptrval) (revision 5.0) with 128 interrupts
[    0.000000] rcu: srcu_init: Setting srcu_struct sizes based on contention.
[    0.000000] TI gptimer clocksource: always-on /ocp/interconnect@44c00000/segment@200000/target-module@31000
[    0.000003] sched_clock: 32 bits at 24MHz, resolution 41ns, wraps every 89478484971ns
[    0.000027] clocksource: dmtimer: mask: 0xffffffff max_cycles: 0xffffffff, max_idle_ns: 79635851949 ns
[    0.000514] TI gptimer clockevent: 24000000 Hz at /ocp/interconnect@48000000/segment@0/target-module@40000
[    0.002164] Console: colour dummy device 80x30
[    0.002231] WARNING: Your 'console=ttyO0' has been replaced by 'ttyS0'
[    0.002239] This ensures that you still see kernel messages. Please
[    0.002243] update your kernel commandline.
[    0.002287] Calibrating delay loop... 996.14 BogoMIPS (lpj=4980736)
[    0.090565] CPU: Testing write buffer coherency: ok
[    0.090669] CPU0: Spectre v2: using BPIALL workaround
[    0.090681] pid_max: default: 32768 minimum: 301
[    0.090805] LSM: initializing lsm=capability
[    0.090982] Mount-cache hash table entries: 1024 (order: 0, 4096 bytes, linear)
[    0.091001] Mountpoint-cache hash table entries: 1024 (order: 0, 4096 bytes, linear)
[    0.092666] CPU0: thread -1, cpu 0, socket -1, mpidr 0
[    0.160939] Setting up static identity map for 0x80100000 - 0x80100078
[    0.170718] rcu: Hierarchical SRCU implementation.
[    0.170729] rcu: 	Max phase no-delay instances is 1000.
[    0.190779] smp: Bringing up secondary CPUs ...
[    0.190835] smp: Brought up 1 node, 1 CPU
[    0.190851] SMP: Total of 1 processors activated (996.14 BogoMIPS).
[    0.190863] CPU: All CPU(s) started in SVC mode.
[    0.191053] Memory: 480840K/522240K available (11264K kernel code, 1213K rwdata, 2896K rodata, 1024K init, 297K bss, 23388K reserved, 16384K cma-reserved, 0K highmem)
[    0.191928] devtmpfs: initialized
[    0.209149] VFP support v0.3: implementor 41 architecture 3 part 30 variant c rev 3
[    0.209507] clocksource: jiffies: mask: 0xffffffff max_cycles: 0xffffffff, max_idle_ns: 19112604462750000 ns
[    0.209541] futex hash table entries: 256 (order: 2, 16384 bytes, linear)
[    0.211052] pinctrl core: initialized pinctrl subsystem
[    0.213894] NET: Registered PF_NETLINK/PF_ROUTE protocol family
[    0.216736] DMA: preallocated 256 KiB pool for atomic coherent allocations
[    0.217656] audit: initializing netlink subsys (disabled)
[    0.219105] thermal_sys: Registered thermal governor 'fair_share'
[    0.219123] thermal_sys: Registered thermal governor 'step_wise'
[    0.219132] thermal_sys: Registered thermal governor 'user_space'
[    0.219289] audit: type=2000 audit(0.210:1): state=initialized audit_enabled=0 res=1
[    0.219326] cpuidle: using governor menu
[    0.237892] /ocp/interconnect@44c00000/segment@200000/target-module@b000/i2c@0/tda19988@70: Fixed dependency cycle(s) with /ocp/interconnect@48000000/segment@300000/target-module@e000/lcdc@0
[    0.239067] /ocp/interconnect@48000000/segment@300000/target-module@e000/lcdc@0: Fixed dependency cycle(s) with /ocp/interconnect@44c00000/segment@200000/target-module@b000/i2c@0/tda19988@70
[    0.241496] No ATAGs?
[    0.241517] hw-breakpoint: debug architecture 0x4 unsupported.
[    0.244307] kprobes: kprobe jump-optimization is enabled. All kprobes are optimized if possible.
[    0.254306] iommu: Default domain type: Translated
[    0.254330] iommu: DMA domain TLB invalidation policy: strict mode
[    0.262563] SCSI subsystem initialized
[    0.263426] pps_core: LinuxPPS API ver. 1 registered
[    0.263437] pps_core: Software ver. 5.3.6 - Copyright 2005-2007 Rodolfo Giometti <giometti@linux.it>
[    0.263463] PTP clock support registered
[    0.271042] vgaarb: loaded
[    0.271460] clocksource: Switched to clocksource dmtimer
[    0.272128] VFS: Disk quotas dquot_6.6.0
[    0.272175] VFS: Dquot-cache hash table entries: 1024 (order 0, 4096 bytes)
[    0.296428] NET: Registered PF_INET protocol family
[    0.296787] IP idents hash table entries: 8192 (order: 4, 65536 bytes, linear)
[    0.298212] tcp_listen_portaddr_hash hash table entries: 512 (order: 0, 4096 bytes, linear)
[    0.298249] Table-perturb hash table entries: 65536 (order: 6, 262144 bytes, linear)
[    0.298266] TCP established hash table entries: 4096 (order: 2, 16384 bytes, linear)
[    0.298309] TCP bind hash table entries: 4096 (order: 4, 65536 bytes, linear)
[    0.298409] TCP: Hash tables configured (established 4096 bind 4096)
[    0.298528] UDP hash table entries: 256 (order: 1, 8192 bytes, linear)
[    0.298558] UDP-Lite hash table entries: 256 (order: 1, 8192 bytes, linear)
[    0.298739] NET: Registered PF_UNIX/PF_LOCAL protocol family
[    0.302133] RPC: Registered named UNIX socket transport module.
[    0.302156] RPC: Registered udp transport module.
[    0.302162] RPC: Registered tcp transport module.
[    0.302167] RPC: Registered tcp-with-tls transport module.
[    0.302172] RPC: Registered tcp NFSv4.1 backchannel transport module.
[    0.302197] PCI: CLS 0 bytes, default 64
[    0.303701] Initialise system trusted keyrings
[    0.312018] workingset: timestamp_bits=14 max_order=17 bucket_order=3
[    0.313374] NFS: Registering the id_resolver key type
[    0.313442] Key type id_resolver registered
[    0.313451] Key type id_legacy registered
[    0.313504] jffs2: version 2.2. (NAND) (SUMMARY)  Â© 2001-2006 Red Hat, Inc.
[    0.313921] Key type asymmetric registered
[    0.313937] Asymmetric key parser 'x509' registered
[    0.314007] io scheduler mq-deadline registered
[    0.314019] io scheduler kyber registered
[    0.314095] io scheduler bfq registered
[    0.315735] ledtrig-cpu: registered to indicate activity on CPUs
[    0.322727] Serial: 8250/16550 driver, 6 ports, IRQ sharing enabled
[    0.372286] brd: module loaded
[    0.385413] loop: module loaded
[    0.386359] mtdoops: mtd device (mtddev=name/number) must be supplied
[    0.401987] i2c_dev: i2c /dev entries driver
[    0.402982] cpuidle: enable-method property 'ti,am3352' found operations
[    0.403431] sdhci: Secure Digital Host Controller Interface driver
[    0.403442] sdhci: Copyright(c) Pierre Ossman
[    0.403615] sdhci-pltfm: SDHCI platform and OF driver helper
[    0.404622] Initializing XFRM netlink socket
[    0.404768] NET: Registered PF_INET6 protocol family
[    0.406801] Segment Routing with IPv6
[    0.406897] In-situ OAM (IOAM) with IPv6
[    0.406999] sit: IPv6, IPv4 and MPLS over IPv4 tunneling driver
[    0.407975] NET: Registered PF_PACKET protocol family
[    0.408015] NET: Registered PF_KEY protocol family
[    0.408166] Key type dns_resolver registered
[    0.408441] ThumbEE CPU extension supported.
[    0.408459] Registering SWP/SWPB emulation handler
[    0.409002] omap_voltage_late_init: Voltage driver support not added
[    0.409354] SmartReflex Class3 initialized
[    0.443501] Loading compiled-in X.509 certificates
[    0.492238] /ocp/interconnect@44c00000/segment@200000/target-module@b000/i2c@0/tda19988@70: Fixed dependency cycle(s) with /ocp/interconnect@48000000/segment@300000/target-module@e000/lcdc@0
[    0.498741] /ocp/interconnect@44c00000/segment@200000/target-module@b000/i2c@0/tda19988@70: Fixed dependency cycle(s) with /ocp/interconnect@48000000/segment@300000/target-module@e000/lcdc@0
[    0.543298] /ocp/interconnect@44c00000/segment@200000/target-module@b000/i2c@0/tda19988@70: Fixed dependency cycle(s) with /ocp/interconnect@48000000/segment@300000/target-module@e000/lcdc@0
[    0.544196] /ocp/interconnect@44c00000/segment@200000/target-module@b000/i2c@0/tda19988@70: Fixed dependency cycle(s) with /ocp/interconnect@48000000/segment@300000/target-module@e000/lcdc@0
[    0.547696] /ocp/interconnect@44c00000/segment@200000/target-module@10000/scm@0/pinmux@800: Fixed dependency cycle(s) with /ocp/interconnect@44c00000/segment@200000/target-module@10000/scm@0/pinmux@800/clkout2-pins
[    0.548356] pinctrl-single 44e10800.pinmux: 142 pins, size 568
[    0.553868] ti-sysc 44e31000.target-module: probe with driver ti-sysc failed with error -16
[    0.581994] /ocp/interconnect@48000000/segment@300000/target-module@e000/lcdc@0: Fixed dependency cycle(s) with /ocp/interconnect@44c00000/segment@200000/target-module@b000/i2c@0/tda19988@70
[    0.589936] ti-sysc 48040000.target-module: probe with driver ti-sysc failed with error -16
[    0.641003] OMAP GPIO hardware version 0.1
[    0.674614] omap_i2c 4819c000.i2c: bus 2 rev0.11 at 100 kHz
[    0.701825] 48000000.interconnect:segment@200000:target-module@0:mpu@0:fck: device ID is greater than 24
[    0.702773] /ocp/interconnect@48000000/segment@300000/target-module@e000/lcdc@0: Fixed dependency cycle(s) with /ocp/interconnect@44c00000/segment@200000/target-module@b000/i2c@0/tda19988@70
[    0.705595] /ocp/interconnect@48000000/segment@300000/target-module@e000/lcdc@0: Fixed dependency cycle(s) with /ocp/interconnect@44c00000/segment@200000/target-module@b000/i2c@0/tda19988@70
[    0.706287] /ocp/interconnect@44c00000/segment@200000/target-module@b000/i2c@0/tda19988@70: Fixed dependency cycle(s) with /ocp/interconnect@48000000/segment@300000/target-module@e000/lcdc@0
[    0.706452] /ocp/interconnect@48000000/segment@300000/target-module@e000/lcdc@0: Fixed dependency cycle(s) with /ocp/interconnect@44c00000/segment@200000/target-module@b000/i2c@0/tda19988@70
[    0.717994] sdhci-omap 481d8000.mmc: supply pbias not found, using dummy regulator
[    0.718487] sdhci-omap 481d8000.mmc: supply vqmmc not found, using dummy regulator
[    0.766401] davinci_mdio 4a101000.mdio: davinci mdio revision 1.6, bus freq 1000000
[    0.919780] davinci_mdio 4a101000.mdio: phy[0]: device 4a101000.mdio:00, driver SMSC LAN8710/LAN8720
[    0.920578] cpsw-switch 4a100000.switch: initialized cpsw ale version 1.4
[    0.920602] cpsw-switch 4a100000.switch: ALE Table size 1024, Policers 0
[    0.920748] cpsw-switch 4a100000.switch: cpts: overflow check period 500 (jiffies)
[    0.920766] cpsw-switch 4a100000.switch: CPTS: ref_clk_freq:250000000 calc_mult:2147483648 calc_shift:29 error:0 nsec/sec
[    0.920874] cpsw-switch 4a100000.switch: Detected MACID = 6c:ec:eb:68:de:78
[    0.922905] cpsw-switch 4a100000.switch: initialized (regs 0x4a100000, pool size 256) hw_ver:0019010C 1.12 (0)
[    0.934025] debugfs: Directory '49000000.dma' with parent 'dmaengine' already present!
[    0.934065] edma 49000000.dma: TI EDMA DMA engine driver
[    0.988351] target-module@4b000000:target-module@140000:pmu@0:fck: device ID is greater than 24
[    0.998909] hw perfevents: enabled with armv7_cortex_a8 PMU driver, 5 (8000000f) counters available
[    1.006800] l3-aon-clkctrl:0000:0: failed to disable
[    1.021041] 44e09000.serial: ttyS0 at MMIO 0x44e09000 (irq = 34, base_baud = 3000000) is a 8250
[    1.021131] printk: legacy console [ttyS0] enabled
[    2.502484] tps65217-pmic: Failed to locate of_node [id: -1]
[    2.508553] tps65217-bl: Failed to locate of_node [id: -1]
[    2.520004] tps65217 0-0024: TPS65217 ID 0xe version 1.2
[    2.526163] /ocp/interconnect@48000000/segment@300000/target-module@e000/lcdc@0: Fixed dependency cycle(s) with /ocp/interconnect@44c00000/segment@200000/target-module@b000/i2c@0/tda19988@70
[    2.543545] /ocp/interconnect@44c00000/segment@200000/target-module@b000/i2c@0/tda19988@70: Fixed dependency cycle(s) with /ocp/interconnect@48000000/segment@300000/target-module@e000/lcdc@0
[    2.560921] omap_i2c 44e0b000.i2c: bus 0 rev0.11 at 400 kHz
[    2.568961] omap_gpio 44e07000.gpio: Could not set line 6 debounce to 200000 microseconds (-22)
[    2.577845] sdhci-omap 48060000.mmc: Got CD GPIO
[    2.582900] sdhci-omap 48060000.mmc: supply pbias not found, using dummy regulator
[    2.593472] sdhci-omap 48060000.mmc: supply vqmmc not found, using dummy regulator
[    2.602309] sdhci-omap 481d8000.mmc: supply pbias not found, using dummy regulator
[    2.610290] sdhci-omap 481d8000.mmc: supply vqmmc not found, using dummy regulator
 [    2.648679] mmc1: SDHCI controller on 481d8000.mmc [481d800 0.mmc] using External DMA
[    2.657911] mmc0: SDHCI controll er on 48060000.mmc [48060000.mmc] using External DMA
[    2.6 66731] cpsw-switch 4a100000.switch: starting ndev. mode: dual_ mac
[  
[    5.922227] cpsw-switch 4a100000.switch eth0: Link is Up - 100Mbps/Full - flow control off
[    5.951479] IP-Config: Complete:
[    5.954757]      device=eth0, hwaddr=6c:ec:eb:68:de:78, ipaddr=192.168.255.1, mask=255.255.255.0, gw=255.255.255.255
[    5.965401]      host=bbb1, domain=, nis-domain=(none)
[    5.970570]      bootserver=192.168.255.126, rootserver=192.168.255.126, rootpath=
[    5.970988] clk: Disabling unused clocks
[    5.982857] PM: genpd: Disabling unused power domains
[    5.987978] KTAP version 1
[    5.990700] 1..0
[    6.016480] VFS: Mounted root (nfs filesystem) on device 0:17.
[    6.023561] devtmpfs: mounted
[    6.028224] Freeing unused kernel image (initmem) memory: 1024K
[    6.035091] Run /sbin/init as init process
[    6.747009] systemd[1]: System time before build time, advancing clock.
[    8.231481] random: crng init done
[    8.271890] systemd[1]: systemd 232 running in system mode. (+PAM +AUDIT +SELINUX +IMA +APPARMOR +SMACK +SYSVINIT +UTMP +LIBCRYPTSETUP +GCRYPT +GNUTLS +ACL +XZ +LZ4 +SECCOMP +BLKID +ELFUTILS +KMOD +IDN)
[    8.290875] systemd[1]: Detected architecture arm.

Welcome to [1mDebian GNU/Linux 9 (stretch)[0m!

[    8.324641] systemd[1]: Set hostname to <arm>.
[    9.449579] systemd[1]: Created slice System Slice.
[[0;32m  OK  [0m] Created slice System Slice.
[    9.472400] systemd[1]: Started Forward Password Requests to Wall Directory Watch.
[[0;32m  OK  [0m] Started Forward Password Requests to Wall Directory Watch.
[    9.502565] systemd[1]: Listening on Journal Audit Socket.
[[0;32m  OK  [0m] Listening on Journal Audit Socket.
[    9.532146] systemd[1]: Listening on udev Kernel Socket.
[[0;32m  OK  [0m] Listening on udev Kernel Socket.
[    9.562767] systemd[1]: Created slice User and Session Slice.
[[0;32m  OK  [0m] Created slice User and Session Slice.
[    9.622085] systemd[1]: Mounting Debug File System...
         Mounting Debug File System...
[    9.634733] systemd[1]: Set up automount Arbitrary Executable File Formats File System Automount Point.
[[0;32m  OK  [0m] Set up automount Arbitrary Executabâ€¦rmats File System Automount Point.
[[0;32m  OK  [0m] Created slice system-serial\x2dgetty.slice.
[[0;32m  OK  [0m] Reached target Remote File Systems.
         Mounting POSIX Message Queue File System...
[[0;32m  OK  [0m] Reached target Swap.
[[0;32m  OK  [0m] Listening on Syslog Socket.
[[0;32m  OK  [0m] Reached target Slices.
[[0;32m  OK  [0m] Listening on /dev/initctl Compatibility Named Pipe.
[[0;32m  OK  [0m] Started Dispatch Password Requests to Console Directory Watch.
[[0;32m  OK  [0m] Reached target Encrypted Volumes.
[[0;32m  OK  [0m] Reached target Paths.
[[0;32m  OK  [0m] Created slice system-getty.slice.
[[0;32m  OK  [0m] Listening on udev Control Socket.
[[0;32m  OK  [0m] Listening on Journal Socket (/dev/log).
[[0;32m  OK  [0m] Listening on Journal Socket.
         Starting Create list of required stâ€¦ce nodes for the current kernel...
         Starting Remount Root and Kernel File Systems...
         Starting Load Kernel Modules...
         Starting Journal Service...
[[0;32m  OK  [0m] Mounted POSIX Message Queue File System.
[[0;32m  OK  [0m] Mounted Debug File System.
[[0;32m  OK  [0m] Started Create list of required staâ€¦vice nodes for the current kernel.
[[0;32m  OK  [0m] Started Remount Root and Kernel File Systems.
         Starting Load/Save Random Seed...
         Starting udev Coldplug all Devices...
         Starting Create Static Device Nodes in /dev...
[[0;32m  OK  [0m] Started Load Kernel Modules.
         Mounting Configuration File System...
         Starting Apply Kernel Variables...
[[0;32m  OK  [0m] Started Load/Save Random Seed.
[[0;32m  OK  [0m] Mounted Configuration File System.
[[0;32m  OK  [0m] Started Apply Kernel Variables.
[[0;32m  OK  [0m] Started Create Static Device Nodes in /dev.
[[0;32m  OK  [0m] Reached target Local File Systems (Pre).
[[0;32m  OK  [0m] Reached target Local File Systems.
         Starting Raise network interfaces...
         Starting udev Kernel Device Manager...
[[0;32m  OK  [0m] Started Journal Service.
         Starting Flush Journal to Persistent Storage...
[   11.963383] systemd-journald[88]: Received request to flush runtime journal from PID 1
[[0;32m  OK  [0m] Started Flush Journal to Persistent Storage.
         Starting Create Volatile Files and Directories...
[[0;32m  OK  [0m] Started udev Kernel Device Manager.
[[0;32m  OK  [0m] Started Create Volatile Files and Directories.
         Starting Network Time Synchronization...
         Starting Update UTMP about System Boot/Shutdown...
[[0;32m  OK  [0m] Started udev Coldplug all Devices.
[[0;32m  OK  [0m] Started Update UTMP about System Boot/Shutdown.
[   15.015161] remoteproc remoteproc0: wkup_m3 is available
[   15.128229] at24 2-0054: supply vcc not found, using dummy regulator
