Labgrid Console Logfile for main
Logfile started at 2024-11-22 17:05:22.954777
=== Log starts here ===
reading args
spl_load_image_fat_os: error reading image args, err - -1
reading u-boot.img
reading u-boot.img


U-Boot 2014.04-00014-g47880f5 (Apr 22 2014 - 13:23:54)

I2C:   ready
DRAM:  512 MiB
NAND:  0 MiB
MMC:   OMAP SD/MMC: 0, OMAP SD/MMC: 1
*** Warning - readenv() failed, using default environment

Net:   <ethaddr> not set. Validating first E-fuse MAC
cpsw, usb_ether
Hit any key to stop autoboot:  1  0 
gpio: pin 53 (gpio 53) value is 1
mmc0 is current device
gpio: pin 54 (gpio 54) value is 1
SD/MMC found on device 0
reading uEnv.txt
569 bytes read in 4 ms (138.7 KiB/s)
gpio: pin 55 (gpio 55) value is 1
Loaded environment from uEnv.txt
Importing environment from mmc ...
Checking if uenvcmd is set ...
gpio: pin 56 (gpio 56) value is 1
Running uenvcmd ...
cpsw Waiting for PHY auto negotiation to complete. done
link up on port 0, speed 100, full duplex
Using cpsw device
TFTP from server 192.168.255.126; our IP address is 192.168.255.1
Filename 'zImage'.
Load address: 0x81000000
Loading: *#################################################################
	 #################################################################
	 #################################################################
	 #################################################################
	 #################################################################
	 ############################
	 2.4 MiB/s
done
Bytes transferred = 5170240 (4ee440 hex)
link up on port 0, speed 100, full duplex
Using cpsw device
TFTP from server 192.168.255.126; our IP address is 192.168.255.1
Filename 'am335x-boneblack.dtb'.
Load address: 0x82000000
Loading: *#######
	 1.5 MiB/s
done
Bytes transferred = 97630 (17d5e hex)
Kernel image @ 0x81000000 [ 0x000000 - 0x4ee440 ]
## Flattened Device Tree blob at 82000000
   Booting using the fdt blob at 0x82000000
   Using Device Tree in place at 82000000, end 8201ad5d

Starting kernel ...

[    0.000000] Booting Linux on physical CPU 0x0
[    0.000000] Linux version 6.1.119 (user01@drvtest01) (arm-linux-gnueabihf-gcc (Linaro GCC 6.4-2017.11) 6.4.1 20171012, GNU ld (Linaro_Binutils-2017.11) 2.27.0.20161229) #10 SMP Fri Nov 22 17:04:21 EET 2024
[    0.000000] CPU: ARMv7 Processor [413fc082] revision 2 (ARMv7), cr=10c5387d
[    0.000000] CPU: PIPT / VIPT nonaliasing data cache, VIPT aliasing instruction cache
[    0.000000] OF: fdt: Machine model: TI AM335x BeagleBone Black
[    0.000000] Memory policy: Data cache writeback
[    0.000000] cma: Reserved 16 MiB at 0x9ec00000
[    0.000000] Zone ranges:
[    0.000000]   Normal   [mem 0x0000000080000000-0x000000009fdfffff]
[    0.000000]   HighMem  empty
[    0.000000] Movable zone start for each node
[    0.000000] Early memory node ranges
[    0.000000]   node   0: [mem 0x0000000080000000-0x000000009fdfffff]
[    0.000000] Initmem setup node 0 [mem 0x0000000080000000-0x000000009fdfffff]
[    0.000000] CPU: All CPU(s) started in SVC mode.
[    0.000000] AM335X ES2.1 (sgx neon)
[    0.000000] percpu: Embedded 16 pages/cpu s34196 r8192 d23148 u65536
[    0.000000] Built 1 zonelists, mobility grouping on.  Total pages: 129412
[    0.000000] Kernel command line: console=ttyO0,115200n8 root=/dev/nfs rw nfsroot=192.168.255.126:/home/user01/nfs,nfsvers=3 ip=192.168.255.1:192.168.255.126::255.255.255.0:bbb1:eth0 nfsrootdebug
[    0.000000] Unknown kernel command line parameters "nfsrootdebug", will be passed to user space.
[    0.000000] Dentry cache hash table entries: 65536 (order: 6, 262144 bytes, linear)
[    0.000000] Inode-cache hash table entries: 32768 (order: 5, 131072 bytes, linear)
[    0.000000] mem auto-init: stack:off, heap alloc:off, heap free:off
[    0.000000] Memory: 484644K/522240K available (10240K kernel code, 1143K rwdata, 2604K rodata, 1024K init, 287K bss, 21212K reserved, 16384K cma-reserved, 0K highmem)
[    0.000000] SLUB: HWalign=64, Order=0-3, MinObjects=0, CPUs=1, Nodes=1
[    0.000000] trace event string verifier disabled
[    0.000000] rcu: Hierarchical RCU implementation.
[    0.000000] rcu: 	RCU event tracing is enabled.
[    0.000000] rcu: 	RCU restricting CPUs from NR_CPUS=2 to nr_cpu_ids=1.
[    0.000000] rcu: RCU calculated value of scheduler-enlistment delay is 10 jiffies.
[    0.000000] rcu: Adjusting geometry for rcu_fanout_leaf=16, nr_cpu_ids=1
[    0.000000] NR_IRQS: 16, nr_irqs: 16, preallocated irqs: 16
[    0.000000] IRQ: Found an INTC at 0x(ptrval) (revision 5.0) with 128 interrupts
[    0.000000] rcu: srcu_init: Setting srcu_struct sizes based on contention.
[    0.000000] TI gptimer clocksource: always-on /ocp/interconnect@44c00000/segment@200000/target-module@31000
[    0.000002] sched_clock: 32 bits at 24MHz, resolution 41ns, wraps every 89478484971ns
[    0.000025] clocksource: dmtimer: mask: 0xffffffff max_cycles: 0xffffffff, max_idle_ns: 79635851949 ns
[    0.000445] TI gptimer clockevent: 24000000 Hz at /ocp/interconnect@48000000/segment@0/target-module@40000
[    0.002013] Console: colour dummy device 80x30
[    0.002062] WARNING: Your 'console=ttyO0' has been replaced by 'ttyS0'
[    0.002070] This ensures that you still see kernel messages. Please
[    0.002075] update your kernel commandline.
[    0.002116] Calibrating delay loop... 996.14 BogoMIPS (lpj=4980736)
[    0.090491] CPU: Testing write buffer coherency: ok
[    0.090589] CPU0: Spectre v2: using BPIALL workaround
[    0.090600] pid_max: default: 32768 minimum: 301
[    0.090742] LSM: Security Framework initializing
[    0.090923] Mount-cache hash table entries: 1024 (order: 0, 4096 bytes, linear)
[    0.090943] Mountpoint-cache hash table entries: 1024 (order: 0, 4096 bytes, linear)
[    0.092502] CPU0: thread -1, cpu 0, socket -1, mpidr 0
[    0.093803] Setting up static identity map for 0x80100000 - 0x80100078
[    0.094054] rcu: Hierarchical SRCU implementation.
[    0.094062] rcu: 	Max phase no-delay instances is 1000.
[    0.095401] smp: Bringing up secondary CPUs ...
[    0.095419] smp: Brought up 1 node, 1 CPU
[    0.095431] SMP: Total of 1 processors activated (996.14 BogoMIPS).
[    0.095443] CPU: All CPU(s) started in SVC mode.
[    0.096361] devtmpfs: initialized
[    0.112569] VFP support v0.3: implementor 41 architecture 3 part 30 variant c rev 3
[    0.112890] clocksource: jiffies: mask: 0xffffffff max_cycles: 0xffffffff, max_idle_ns: 19112604462750000 ns
[    0.112926] futex hash table entries: 256 (order: 2, 16384 bytes, linear)
[    0.114245] pinctrl core: initialized pinctrl subsystem
[    0.116253] NET: Registered PF_NETLINK/PF_ROUTE protocol family
[    0.118314] DMA: preallocated 256 KiB pool for atomic coherent allocations
[    0.118908] audit: initializing netlink subsys (disabled)
[    0.120142] thermal_sys: Registered thermal governor 'fair_share'
[    0.120158] thermal_sys: Registered thermal governor 'step_wise'
[    0.120164] thermal_sys: Registered thermal governor 'user_space'
[    0.120284] cpuidle: using governor menu
[    0.137572] No ATAGs?
[    0.137598] hw-breakpoint: debug architecture 0x4 unsupported.
[    0.146742] audit: type=2000 audit(0.110:1): state=initialized audit_enabled=0 res=1
[    0.147055] kprobes: kprobe jump-optimization is enabled. All kprobes are optimized if possible.
[    0.164709] iommu: Default domain type: Translated 
[    0.164724] iommu: DMA domain TLB invalidation policy: strict mode 
[    0.166190] SCSI subsystem initialized
[    0.167070] pps_core: LinuxPPS API ver. 1 registered
[    0.167080] pps_core: Software ver. 5.3.6 - Copyright 2005-2007 Rodolfo Giometti <giometti@linux.it>
[    0.167104] PTP clock support registered
[    0.180931] vgaarb: loaded
[    0.181309] clocksource: Switched to clocksource dmtimer
[    0.181944] VFS: Disk quotas dquot_6.6.0
[    0.182020] VFS: Dquot-cache hash table entries: 1024 (order 0, 4096 bytes)
[    0.198940] NET: Registered PF_INET protocol family
[    0.199286] IP idents hash table entries: 8192 (order: 4, 65536 bytes, linear)
[    0.200691] tcp_listen_portaddr_hash hash table entries: 512 (order: 0, 4096 bytes, linear)
[    0.200737] Table-perturb hash table entries: 65536 (order: 6, 262144 bytes, linear)
[    0.200757] TCP established hash table entries: 4096 (order: 2, 16384 bytes, linear)
[    0.200804] TCP bind hash table entries: 4096 (order: 4, 65536 bytes, linear)
[    0.200904] TCP: Hash tables configured (established 4096 bind 4096)
[    0.201023] UDP hash table entries: 256 (order: 1, 8192 bytes, linear)
[    0.201050] UDP-Lite hash table entries: 256 (order: 1, 8192 bytes, linear)
[    0.201249] NET: Registered PF_UNIX/PF_LOCAL protocol family
[    0.212066] RPC: Registered named UNIX socket transport module.
[    0.212091] RPC: Registered udp transport module.
[    0.212096] RPC: Registered tcp transport module.
[    0.212102] RPC: Registered tcp NFSv4.1 backchannel transport module.
[    0.212122] PCI: CLS 0 bytes, default 64
[    0.213676] Initialise system trusted keyrings
[    0.214703] workingset: timestamp_bits=14 max_order=17 bucket_order=3
[    0.235586] NFS: Registering the id_resolver key type
[    0.235673] Key type id_resolver registered
[    0.235680] Key type id_legacy registered
[    0.235740] jffs2: version 2.2. (NAND) (SUMMARY)  Â© 2001-2006 Red Hat, Inc.
[    0.236514] Key type asymmetric registered
[    0.236534] Asymmetric key parser 'x509' registered
[    0.236683] io scheduler mq-deadline registered
[    0.236698] io scheduler kyber registered
[    0.236942] io scheduler bfq registered
[    0.256684] Serial: 8250/16550 driver, 6 ports, IRQ sharing enabled
[    0.284192] brd: module loaded
[    0.305205] loop: module loaded
[    0.306108] mtdoops: mtd device (mtddev=name/number) must be supplied
[    0.308641] i2c_dev: i2c /dev entries driver
[    0.309555] cpuidle: enable-method property 'ti,am3352' found operations
[    0.309994] sdhci: Secure Digital Host Controller Interface driver
[    0.310005] sdhci: Copyright(c) Pierre Ossman
[    0.310179] sdhci-pltfm: SDHCI platform and OF driver helper
[    0.310447] ledtrig-cpu: registered to indicate activity on CPUs
[    0.311175] Initializing XFRM netlink socket
[    0.311925] NET: Registered PF_INET6 protocol family
[    0.324521] Segment Routing with IPv6
[    0.324598] In-situ OAM (IOAM) with IPv6
[    0.324706] sit: IPv6, IPv4 and MPLS over IPv4 tunneling driver
[    0.325609] NET: Registered PF_PACKET protocol family
[    0.325639] NET: Registered PF_KEY protocol family
[    0.325755] Key type dns_resolver registered
[    0.325913] ThumbEE CPU extension supported.
[    0.325957] Registering SWP/SWPB emulation handler
[    0.326469] omap_voltage_late_init: Voltage driver support not added
[    0.326806] SmartReflex Class3 initialized
[    0.327750] Loading compiled-in X.509 certificates
[    0.405237] platform 44e10800.pinmux: Fixed dependency cycle(s) with /ocp/interconnect@44c00000/segment@200000/target-module@10000/scm@0/pinmux@800/pinmux_clkout2_pin
[    0.405825] pinctrl-single 44e10800.pinmux: 142 pins, size 568
[    0.410463] ti-sysc: probe of 44e31000.target-module failed with error -16
[    0.459199] ti-sysc: probe of 48040000.target-module failed with error -16
[    0.469778] gpio gpiochip0: (gpio-0-31): not an immutable chip, please consider fixing it!
[    0.498973] OMAP GPIO hardware version 0.1
[    0.530156] omap_i2c 4819c000.i2c: bus 2 rev0.11 at 100 kHz
[    0.535586] gpio gpiochip1: (gpio-32-63): not an immutable chip, please consider fixing it!
[    0.538511] gpio gpiochip2: (gpio-64-95): not an immutable chip, please consider fixing it!
[    0.548238] platform 4830e000.lcdc: Fixed dependency cycle(s) with /ocp/interconnect@44c00000/segment@200000/target-module@b000/i2c@0/tda19988@70
[    0.558159] sdhci-omap 481d8000.mmc: supply pbias not found, using dummy regulator
[    0.558616] sdhci-omap 481d8000.mmc: supply vqmmc not found, using dummy regulator
[    0.622119] davinci_mdio 4a101000.mdio: davinci mdio revision 1.6, bus freq 1000000
[    0.684247] davinci_mdio 4a101000.mdio: phy[0]: device 4a101000.mdio:00, driver SMSC LAN8710/LAN8720
[    0.684760] cpsw-switch 4a100000.switch: initialized cpsw ale version 1.4
[    0.684779] cpsw-switch 4a100000.switch: ALE Table size 1024
[    0.684923] cpsw-switch 4a100000.switch: cpts: overflow check period 500 (jiffies)
[    0.684939] cpsw-switch 4a100000.switch: CPTS: ref_clk_freq:250000000 calc_mult:2147483648 calc_shift:29 error:0 nsec/sec
[    0.685028] cpsw-switch 4a100000.switch: Detected MACID = 6c:ec:eb:68:de:78
[    0.686729] cpsw-switch 4a100000.switch: initialized (regs 0x4a100000, pool size 256) hw_ver:0019010C 1.12 (0)
[    0.696842] debugfs: Directory '49000000.dma' with parent 'dmaengine' already present!
[    0.696883] edma 49000000.dma: TI EDMA DMA engine driver
[    0.750510] hw perfevents: enabled with armv7_cortex_a8 PMU driver, 5 counters available
[    0.752759] gpio gpiochip3: (gpio-96-127): not an immutable chip, please consider fixing it!
[    0.757975] l3-aon-clkctrl:0000:0: failed to disable
[    0.760351] 44e09000.serial: ttyS0 at MMIO 0x44e09000 (irq = 34, base_baud = 3000000) is a 8250
[    2.079108] printk: console [ttyS0] enabled
[    2.112231] tps65217-pmic: Failed to locate of_node [id: -1]
[    2.128411] tps65217-bl: Failed to locate of_node [id: -1]
[    2.137125] tps65217 0-0024: TPS65217 ID 0xe version 1.2
[    2.143150] platform 4830e000.lcdc: Fixed dependency cycle(s) with /ocp/interconnect@44c00000/segment@200000/target-module@b000/i2c@0/tda19988@70
[    2.156510] i2c 0-0070: Fixed dependency cycle(s) with /ocp/interconnect@48000000/segment@300000/target-module@e000/lcdc@0
[    2.167962] omap_i2c 44e0b000.i2c: bus 0 rev0.11 at 400 kHz
[    2.175586] omap_gpio 44e07000.gpio: Could not set line 6 debounce to 200000 microseconds (-22)
[    2.184446] sdhci-omap 48060000.mmc: Got CD GPIO
[    2.189422] sdhci-omap 48060000.mmc: supply pbias not found, using dummy regulator
[    2.201658] sdhci-omap 48060000.mmc: supply vqmmc not found, using dummy regulator
[    2.210088] sdhci-omap 481d8000.mmc: supply pbias not found, using dummy regulator
[    2.218320] sdhci-omap 481d8000.mmc: supply vqmmc not found, using dummy regulator
[    2.254055] mmc1: SDHCI controller on 481d8000.mmc [481d8000.mmc] using External DMA
[    2.262970] mmc0: SDHCI controller on 48060000.mmc [48060000.mmc] using External DMA
[    2.271742] cpsw-switch 4a100000.switch: starting ndev. mode: dual_mac
[    2.315121] mmc0: new high speed SDHC card at address 5048
[    2.321996] mmcblk0: mmc0:5048 SD16G 14.4 GiB 
[    2.329660]  mmcblk0: p1 p2
[    2.333071] mmcblk0: p2 size 31221760 extends beyond EOD, truncated
[    2.359393] mmc1: new high speed MMC card at address 0001
[    2.366191] mmcblk1: mmc1:0001 MMC04G 3.60 GiB 
[    2.373357] SMSC LAN8710/LAN8720 4a101000.mdio:00: attached PHY driver (mii_bus:phy_addr=4a101000.mdio:00, irq=POLL)
[    2.384180]  mmcblk1: p1 p2
[    2.388405] mmcblk1boot0: mmc1:0001 MMC04G 2.00 MiB 
[    2.396771] mmcblk1boot1: mmc1:0001 MMC04G 2.00 MiB 
[    2.408287] mmcblk1rpmb: mmc1:0001 MMC04G 128 KiB, chardev (250:0)
[    5.522070] cpsw-switch 4a100000.switch eth0: Link is Up - 100Mbps/Full - flow control off
[    5.530448] IPv6: ADDRCONF(NETDEV_CHANGE): eth0: link becomes ready
[    5.581347] IP-Config: Complete:
[    5.584615]      device=eth0, hwaddr=6c:ec:eb:68:de:78, ipaddr=192.168.255.1, mask=255.255.255.0, gw=255.255.255.255
[    5.595250]      host=bbb1, domain=, nis-domain=(none)
[    5.600415]      bootserver=192.168.255.126, rootserver=192.168.255.126, rootpath=
[    5.600863] clk: Disabling unused clocks
[    5.612765] KTAP version 1
[    5.615489] 1..0
[    5.644113] VFS: Mounted root (nfs filesystem) on device 0:16.
[    5.650876] devtmpfs: mounted
[    5.655636] Freeing unused kernel image (initmem) memory: 1024K
[    5.662239] Run /sbin/init as init process
[    6.339134] systemd[1]: System time before build time, advancing clock.
[    7.841319] random: crng init done
[    7.911835] systemd[1]: systemd 232 running in system mode. (+PAM +AUDIT +SELINUX +IMA +APPARMOR +SMACK +SYSVINIT +UTMP +LIBCRYPTSETUP +GCRYPT +GNUTLS +ACL +XZ +LZ4 +SECCOMP +BLKID +ELFUTILS +KMOD +IDN)
[    7.930832] systemd[1]: Detected architecture arm.

Welcome to [1mDebian GNU/Linux 9 (stretch)[0m!

[    7.974276] systemd[1]: Set hostname to <arm>.
[    9.038678] systemd[1]: Listening on Syslog Socket.
[[0;32m  OK  [0m] Listening on Syslog Socket.
[    9.072372] systemd[1]: Listening on Journal Audit Socket.
[[0;32m  OK  [0m] Listening on Journal Audit Socket.
[    9.113025] systemd[1]: Set up automount Arbitrary Executable File Formats File System Automount Point.
[[0;32m  OK  [0m] Set up automount Arbitrary Executabâ€¦rmats File System Automount Point.
[    9.152171] systemd[1]: Listening on Journal Socket.
[[0;32m  OK  [0m] Listening on Journal Socket.
[    9.191672] systemd[1]: Reached target Remote File Systems.
[[0;32m  OK  [0m] Reached target Remote File Systems.
[    9.231880] systemd[1]: Listening on udev Kernel Socket.
[[0;32m  OK  [0m] Listening on udev Kernel Socket.
[    9.273170] systemd[1]: Listening on udev Control Socket.
[[0;32m  OK  [0m] Listening on udev Control Socket.
[[0;32m  OK  [0m] Listening on Journal Socket (/dev/log).
[[0;32m  OK  [0m] Listening on /dev/initctl Compatibility Named Pipe.
[[0;32m  OK  [0m] Reached target Swap.
[[0;32m  OK  [0m] Started Forward Password Requests to Wall Directory Watch.
[[0;32m  OK  [0m] Started Dispatch Password Requests to Console Directory Watch.
[[0;32m  OK  [0m] Reached target Encrypted Volumes.
[[0;32m  OK  [0m] Reached target Paths.
[[0;32m  OK  [0m] Created slice User and Session Slice.
[[0;32m  OK  [0m] Created slice System Slice.
         Starting Create list of required stâ€¦ce nodes for the current kernel...
         Mounting POSIX Message Queue File System...
         Starting Remount Root and Kernel File Systems...
         Mounting Debug File System...
[[0;32m  OK  [0m] Created slice system-serial\x2dgetty.slice.
[[0;32m  OK  [0m] Created slice system-getty.slice.
         Starting Load Kernel Modules...
[[0;32m  OK  [0m] Reached target Slices.
         Starting Journal Service...
[[0;32m  OK  [0m] Mounted POSIX Message Queue File System.
[[0;32m  OK  [0m] Mounted Debug File System.
[[0;32m  OK  [0m] Started Create list of required staâ€¦vice nodes for the current kernel.
[[0;32m  OK  [0m] Started Remount Root and Kernel File Systems.
         Starting udev Coldplug all Devices...
         Starting Load/Save Random Seed...
         Starting Create Static Device Nodes in /dev...
[[0;32m  OK  [0m] Started Load Kernel Modules.
         Mounting Configuration File System...
         Starting Apply Kernel Variables...
[[0;32m  OK  [0m] Mounted Configuration File System.
[[0;32m  OK  [0m] Started Load/Save Random Seed.
[[0;32m  OK  [0m] Started Apply Kernel Variables.
[[0;32m  OK  [0m] Started Create Static Device Nodes in /dev.
         Starting udev Kernel Device Manager...
[[0;32m  OK  [0m] Reached target Local File Systems (Pre).
[[0;32m  OK  [0m] Reached target Local File Systems.
         Starting Raise network interfaces...
[[0;32m  OK  [0m] Started Journal Service.
         Starting Flush Journal to Persistent Storage...
[[0;32m  OK  [0m] Started udev Kernel Device Manager.
[   12.122628] systemd-journald[99]: Received request to flush runtime journal from PID 1
[[0;32m  OK  [0m] Started Flush Journal to Persistent Storage.
         Starting Create Volatile Files and Directories...
[[0;32m  OK  [0m] Started Create Volatile Files and Directories.
         Starting Update UTMP about System Boot/Shutdown...
         Starting Network Time Synchronization...
[[0;32m  OK  [0m] Started Update UTMP about System Boot/Shutdown.
[[0;32m  OK  [0m] Started udev Coldplug all Devices.
[   14.833301] remoteproc remoteproc0: wkup_m3 is available
[   14.935520] at24 2-0054: supply vcc not found, using dummy regulator
[[0;32m  OK  [0m] Found device /dev/ttyS0.[   15.077042] at24 2-0055: supply vcc not found, using dummy regulator

[[0;32m  OK  [0m] Started Network Time Synchronization.
[[0;32m  OK  [0m] Reached target System Initialization.
[   15.282325] at24 2-0056: supply vcc not found, using dummy regulator
[[0;32m  OK  [0m] Listening on D-Bus System Message Bus Socket.
[[0;32m  OK  [0m] Started Daily Cleanup of Temporary Directories.
[   15.411683] at24 2-0057: supply vcc not found, using dummy regulator
[[0;32m  OK  [0m] Listening on Avahi mDNS/DNS-SD Stack Activation Socket.
[[0;32m  OK  [0m] Reached target Sockets.
[   15.549181] at24 0-0050: 32768 byte 24c256 EEPROM, writable, 1 bytes/write
[[0;32m  OK  [0m] Reached target Basic System.
[   15.640168] tps6521x_pwrbutton tps65217-pwrbutton: DMA mask not set
         Starting Avahi mDNS/DNS-SD Stack...
[   15.720042] input: tps65217_pwrbutton as /devices/platform/ocp/44c00000.interconnect/44c00000.interconnect:segment@200000/44e0b000.target-module/44e0b000.i2c/i2c-0/0-0024/tps65217-pwrbutton/input/input0
         Starting LSB: Start busybox udhcpd at boot time...
[   15.822717] omap_rtc 44e3e000.rtc: registered as rtc0
[   15.827887] omap_rtc 44e3e000.rtc: setting system clock to 2000-01-01T00:00:00 UTC (946684800)
         Starting Login Service...
[   15.924883] wkup_m3_ipc 44e11324.wkup_m3_ipc: IPC Request for A8->M3 Channel failed! -517
[   15.962939] omap_wdt: OMAP Watchdog Timer Rev 0x01: initial timeout 60 sec
[   15.971226] wkup_m3_ipc 44e11324.wkup_m3_ipc: IPC Request for A8->M3 Channel failed! -517
         Starting Generic Board Startup...
         Starting DUN service...
[   16.220827] wkup_m3_ipc 44e11324.wkup_m3_ipc: IPC Request for A8->M3 Channel failed! -517
         Starting LSB: Load kernel modules needed to enable cpufreq scaling...
[   16.459025] am335x-phy-driver 47401300.usb-phy: supply vcc not found, using dummy regulator
[   16.467985] am335x-phy-driver 47401300.usb-phy: dummy supplies not allowed for exclusive requests
         Starting Cape Manager Service...
[[0;32m  OK  [0m] Started D-Bus System Message Bus.
[   16.773251] am335x-phy-driver 47401b00.usb-phy: supply vcc not found, using dummy regulator
[   16.782224] am335x-phy-driver 47401b00.usb-phy: dummy supplies not allowed for exclusive requests
[   16.802325] wkup_m3_ipc 44e11324.wkup_m3_ipc: IPC Request for A8->M3 Channel failed! -517
[   17.192980] wkup_m3_ipc 44e11324.wkup_m3_ipc: IPC Request for A8->M3 Channel failed! -517
[   17.252772] usbcore: registered new interface driver usbfs
[   17.258390] usbcore: registered new interface driver hub
[   17.263989] usbcore: registered new device driver usb
[   18.135701] omap-mailbox 480c8000.mailbox: omap mailbox rev 0x400
[   18.174356] remoteproc remoteproc0: powering up wkup_m3
[   18.278259] musb-hdrc musb-hdrc.1: MUSB HDRC host driver
[   18.283896] musb-hdrc musb-hdrc.1: new USB bus registered, assigned bus number 1
[   18.296073] tda998x 0-0070: found TDA19988
[   18.369567] remoteproc remoteproc0: Direct firmware load for am335x-pm-firmware.elf failed with error -2
[   18.379464] remoteproc remoteproc0: request_firmware failed: -2
[   18.385558] wkup_m3_ipc 44e11324.wkup_m3_ipc: rproc_boot failed
[   18.636903] usb usb1: New USB device found, idVendor=1d6b, idProduct=0002, bcdDevice= 6.01
[   18.645439] usb usb1: New USB device strings: Mfr=3, Product=2, SerialNumber=1
[   18.652750] usb usb1: Product: MUSB HDRC host driver
[   18.657743] usb usb1: Manufacturer: Linux 6.1.119 musb-hcd
[   18.663281] usb usb1: SerialNumber: musb-hdrc.1
[   19.163842] hub 1-0:1.0: USB hub found
[   19.257833] hub 1-0:1.0: 1 port detected
[   20.381855] omap_rng 48310000.rng: Random Number Generator ver. 20
[   20.589748] tilcdc 4830e000.lcdc: bound 0-0070 (ops tda998x_driver_exit [tda998x])
[   20.721803] [drm] Initialized tilcdc 1.0.0 20121205 for 4830e000.lcdc on minor 0
[   20.834248] tilcdc 4830e000.lcdc: [drm] Cannot find any crtc or sizes
[   20.852198] tilcdc 4830e000.lcdc: [drm] Cannot find any crtc or sizes
[[0;32m  OK  [0m] Started Avahi mDNS/DNS-SD Stack.
[[0;32m  OK  [0m] Started DUN service.
         Starting Connection service...
         Starting System Logging Service...
[[0;32m  OK  [0m] Started Regular background program processing daemon.
[   21.409386] PM: Cannot get wkup_m3_ipc handle
[   21.485988] omap-sham 53100000.sham: hw accel on OMAP rev 4.3
         Starting Telephony service...
[   21.629633] omap-sham 53100000.sham: will run requests pump with realtime priority
[[0;32m  OK  [0m] Reached target System Time Synchronized.
[   21.732088] omap-aes 53500000.aes: OMAP AES hw accel rev: 3.2
[[0;32m  OK  [0m] Started Daily apt download activities.
[[0;32m  OK  [0m] Started Daily apt upgrade and clean activities.
[[0;32m  OK  [0m] Reached target Timers.
[   21.904457] omap-aes 53500000.aes: will run requests pump with realtime priority
[   21.958199] PM: Cannot get wkup_m3_ipc handle
[[0;32m  OK  [0m] Started Cape Manager Service.
[   22.153675] PM: Cannot get wkup_m3_ipc handle
[[0;32m  OK  [0m] Started System Logging Service.
[   24.289366] Bluetooth: Core ver 2.22
[   24.293310] NET: Registered PF_BLUETOOTH protocol family
[   24.298658] Bluetooth: HCI device and connection manager initialized
[   24.305150] Bluetooth: HCI socket layer initialized
[   24.310062] Bluetooth: L2CAP socket layer initialized
[   24.315221] Bluetooth: SCO socket layer initialized
[   25.608730] PM: Cannot get wkup_m3_ipc handle
[   25.730762] PM: Cannot get wkup_m3_ipc handle
[[0;32m  OK  [0m] Started Raise network interfaces.
[[0;32m  OK  [0m] Started LSB: Start busybox udhcpd at boot time.
[   27.208427] using random self ethernet address
[   27.213110] using random host ethernet address
[   27.473428] using random self ethernet address
[   27.477945] using random host ethernet address
[   28.160501] usb0: HOST MAC 1c:ba:8c:a2:ed:6c
[   28.165063] usb0: MAC 1c:ba:8c:a2:ed:70
[   28.169882] usb1: HOST MAC 1c:ba:8c:a2:ed:6c
[   28.174279] usb1: MAC 1c:ba:8c:a2:ed:6d
[   28.192614] PM: Cannot get wkup_m3_ipc handle
[[0;32m  OK  [0m] Started LSB: Load kernel modules needed to enable cpufreq scaling.
[[0;32m  OK  [0m] Started Telephony service.
[[0;32m  OK  [0m] Started Connection service.
[[0;32m  OK  [0m] Started Login Service.
         Starting Hostname Service...
         Starting WPA supplicant...
[[0;32m  OK  [0m] Reached target Sound Card.
         Starting LSB: set CPUFreq kernel parameters...
[[0;32m  OK  [0m] Started WPA supplicant.
[[0;32m  OK  [0m] Reached target Network.
[[0;32m  OK  [0m] Reached target Network is Online.
         Starting LSB: Advanced IEEE 802.11 management daemon...
         Starting The Apache HTTP Server...
         Starting OpenBSD Secure Shell server...
         Starting Permit User Sessions...
[[0;32m  OK  [0m] Started LSB: Advanced IEEE 802.11 management daemon.
[[0;32m  OK  [0m] Started Hostname Service.
[[0;32m  OK  [0m] Started Permit User Sessions.
[[0;32m  OK  [0m] Started Serial Getty on ttyS0.
[[0;32m  OK  [0m] Started Getty on tty1.
[[0;32m  OK  [0m] Reached target Login Prompts.
[[0;32m  OK  [0m] Started LSB: set CPUFreq kernel parameters.
         Stopping LSB: Start busybox udhcpd at boot time...
[[0;32m  OK  [0m] Stopped LSB: Start busybox udhcpd at boot time.
[[0;32m  OK  [0m] Started OpenBSD Secure Shell server.
         Starting dnsmasq - A lightweight DHCP and caching DNS server...
[[0;32m  OK  [0m] Started The Apache HTTP Server.
[[0;32m  OK  [0m] Started dnsmasq - A lightweight DHCP and caching DNS server.
[[0;32m  OK  [0m] Reached target Host and Network Name Lookups.
[[0;32m  OK  [0m] Started Serial Getty on ttyGS0.
[[0;32m  OK  [0m] Started Generic Board Startup.
[[0;32m  OK  [0m] Reached target Multi-User System.
[[0;32m  OK  [0m] Reached target Graphical Interface.
         Starting Update UTMP about System Runlevel Changes...
[[0;32m  OK  [0m] Started Update UTMP about System Runlevel Changes.

Debian GNU/Linux 9 arm ttyS0

default username:password is [debian:temppwd]

arm login: root
Password: 
Last login: Sat Jan  1 00:00:36 UTC 2000 on ttyS0
root
Linux arm 6.1.119 #10 SMP Fri Nov 22 17:04:21 EET 2024 armv7l

The programs included with the Debian GNU/Linux system are free software;
the exact distribution terms for each program are described in the
individual files in /usr/share/doc/*/copyright.

Debian GNU/Linux comes with ABSOLUTELY NO WARRANTY, to the extent
permitted by applicable law.
root@arm:~# root
-bash: root: command not found
root@arm:~# dmesg -n 1
root@arm:~# echo 'AWHK''WCSZXS'
AWHKWCSZXS
root@arm:~# run() { echo -n "$MARKER"; sh -c "$@"; echo "$MARKER $?"; }
root@arm:~# echo 'BMWP''HLTJVG'
BMWPHLTJVG
root@arm:~# MARKER='EXQT''TOUTCN' run 'cat /proc/version'
EXQTTOUTCNLinux version 6.1.119 (user01@drvtest01) (arm-linux-gnueabihf-gcc (Linaro GCC 6.4-2017.11) 6.4.1 20171012, GNU ld (Linaro_Binutils-2017.11) 2.27.0.20161229) #10 SMP Fri Nov 22 17:04:21 EET 2024
EXQTTOUTCN 0
root@arm:~# echo 'EUYE''CSZZOT'
EUYECSZZOT
root@arm:~# MARKER='JCKF''KPZONK' run false
JCKFKPZONKJCKFKPZONK 1
root@arm:~# Labgrid Console Logfile for main
Logfile started at 2024-11-22 17:06:17.318284
=== Log starts here ===

root@arm:~# run() { echo -n "$MARKER"; sh -c "$@"; echo "$MARKER $?"; }
root@arm:~# echo 'HOHE''NETZNO'
HOHENETZNO
root@arm:~# MARKER='LXBS''JBKTTW' run dmesg
LXBSJBKTTW[    0.000000] Booting Linux on physical CPU 0x0
[    0.000000] Linux version 6.1.119 (user01@drvtest01) (arm-linux-gnueabihf-gcc (Linaro GCC 6.4-2017.11) 6.4.1 20171012, GNU ld (Linaro_Binutils-2017.11) 2.27.0.20161229) #10 SMP Fri Nov 22 17:04:21 EET 2024
[    0.000000] CPU: ARMv7 Processor [413fc082] revision 2 (ARMv7), cr=10c5387d
[    0.000000] CPU: PIPT / VIPT nonaliasing data cache, VIPT aliasing instruction cache
[    0.000000] OF: fdt: Machine model: TI AM335x BeagleBone Black
[    0.000000] Memory policy: Data cache writeback
[    0.000000] cma: Reserved 16 MiB at 0x9ec00000
[    0.000000] Zone ranges:
[    0.000000]   Normal   [mem 0x0000000080000000-0x000000009fdfffff]
[    0.000000]   HighMem  empty
[    0.000000] Movable zone start for each node
[    0.000000] Early memory node ranges
[    0.000000]   node   0: [mem 0x0000000080000000-0x000000009fdfffff]
[    0.000000] Initmem setup node 0 [mem 0x0000000080000000-0x000000009fdfffff]
[    0.000000] CPU: All CPU(s) started in SVC mode.
[    0.000000] AM335X ES2.1 (sgx neon)
[    0.000000] percpu: Embedded 16 pages/cpu s34196 r8192 d23148 u65536
[    0.000000] pcpu-alloc: s34196 r8192 d23148 u65536 alloc=16*4096
[    0.000000] pcpu-alloc: [0] 0 
[    0.000000] Built 1 zonelists, mobility grouping on.  Total pages: 129412
[    0.000000] Kernel command line: console=ttyO0,115200n8 root=/dev/nfs rw nfsroot=192.168.255.126:/home/user01/nfs,nfsvers=3 ip=192.168.255.1:192.168.255.126::255.255.255.0:bbb1:eth0 nfsrootdebug
[    0.000000] Unknown kernel command line parameters "nfsrootdebug", will be passed to user space.
[    0.000000] Dentry cache hash table entries: 65536 (order: 6, 262144 bytes, linear)
[    0.000000] Inode-cache hash table entries: 32768 (order: 5, 131072 bytes, linear)
[    0.000000] mem auto-init: stack:off, heap alloc:off, heap free:off
[    0.000000] Memory: 484644K/522240K available (10240K kernel code, 1143K rwdata, 2604K rodata, 1024K init, 287K bss, 21212K reserved, 16384K cma-reserved, 0K highmem)
[    0.000000] SLUB: HWalign=64, Order=0-3, MinObjects=0, CPUs=1, Nodes=1
[    0.000000] trace event string verifier disabled
[    0.000000] rcu: Hierarchical RCU implementation.
[    0.000000] rcu: 	RCU event tracing is enabled.
[    0.000000] rcu: 	RCU restricting CPUs from NR_CPUS=2 to nr_cpu_ids=1.
[    0.000000] rcu: RCU calculated value of scheduler-enlistment delay is 10 jiffies.
[    0.000000] rcu: Adjusting geometry for rcu_fanout_leaf=16, nr_cpu_ids=1
[    0.000000] NR_IRQS: 16, nr_irqs: 16, preallocated irqs: 16
[    0.000000] IRQ: Found an INTC at 0x(ptrval) (revision 5.0) with 128 interrupts
[    0.000000] rcu: srcu_init: Setting srcu_struct sizes based on contention.
[    0.000000] TI gptimer clocksource: always-on /ocp/interconnect@44c00000/segment@200000/target-module@31000
[    0.000002] sched_clock: 32 bits at 24MHz, resolution 41ns, wraps every 89478484971ns
[    0.000025] clocksource: dmtimer: mask: 0xffffffff max_cycles: 0xffffffff, max_idle_ns: 79635851949 ns
[    0.000445] TI gptimer clockevent: 24000000 Hz at /ocp/interconnect@48000000/segment@0/target-module@40000
[    0.002013] Console: colour dummy device 80x30
[    0.002062] WARNING: Your 'console=ttyO0' has been replaced by 'ttyS0'
[    0.002070] This ensures that you still see kernel messages. Please
[    0.002075] update your kernel commandline.
[    0.002116] Calibrating delay loop... 996.14 BogoMIPS (lpj=4980736)
[    0.090491] CPU: Testing write buffer coherency: ok
[    0.090589] CPU0: Spectre v2: using BPIALL workaround
[    0.090600] pid_max: default: 32768 minimum: 301
[    0.090742] LSM: Security Framework initializing
[    0.090923] Mount-cache hash table entries: 1024 (order: 0, 4096 bytes, linear)
[    0.090943] Mountpoint-cache hash table entries: 1024 (order: 0, 4096 bytes, linear)
[    0.092502] CPU0: thread -1, cpu 0, socket -1, mpidr 0
[    0.093803] Setting up static identity map for 0x80100000 - 0x80100078
[    0.094054] rcu: Hierarchical SRCU implementation.
[    0.094062] rcu: 	Max phase no-delay instances is 1000.
[    0.095401] smp: Bringing up secondary CPUs ...
[    0.095419] smp: Brought up 1 node, 1 CPU
[    0.095431] SMP: Total of 1 processors activated (996.14 BogoMIPS).
[    0.095443] CPU: All CPU(s) started in SVC mode.
[    0.096361] devtmpfs: initialized
[    0.112569] VFP support v0.3: implementor 41 architecture 3 part 30 variant c rev 3
[    0.112890] clocksource: jiffies: mask: 0xffffffff max_cycles: 0xffffffff, max_idle_ns: 19112604462750000 ns
[    0.112926] futex hash table entries: 256 (order: 2, 16384 bytes, linear)
[    0.114245] pinctrl core: initialized pinctrl subsystem
[    0.116253] NET: Registered PF_NETLINK/PF_ROUTE protocol family
[    0.118314] DMA: preallocated 256 KiB pool for atomic coherent allocations
[    0.118908] audit: initializing netlink subsys (disabled)
[    0.120142] thermal_sys: Registered thermal governor 'fair_share'
[    0.120158] thermal_sys: Registered thermal governor 'step_wise'
[    0.120164] thermal_sys: Registered thermal governor 'user_space'
[    0.120284] cpuidle: using governor menu
[    0.137572] No ATAGs?
[    0.137598] hw-breakpoint: debug architecture 0x4 unsupported.
[    0.146742] audit: type=2000 audit(0.110:1): state=initialized audit_enabled=0 res=1
[    0.147055] kprobes: kprobe jump-optimization is enabled. All kprobes are optimized if possible.
[    0.163385] reg-fixed-voltage fixedregulator0: GPIO lookup for consumer (null)
[    0.163415] reg-fixed-voltage fixedregulator0: using device tree for GPIO lookup
[    0.163438] of_get_named_gpiod_flags: can't parse 'gpios' property of node '/fixedregulator0[0]'
[    0.163476] of_get_named_gpiod_flags: can't parse 'gpio' property of node '/fixedregulator0[0]'
[    0.163499] reg-fixed-voltage fixedregulator0: using lookup tables for GPIO lookup
[    0.163510] reg-fixed-voltage fixedregulator0: No GPIO consumer (null) found
[    0.164709] iommu: Default domain type: Translated 
[    0.164724] iommu: DMA domain TLB invalidation policy: strict mode 
[    0.166190] SCSI subsystem initialized
[    0.166729] libata version 3.00 loaded.
[    0.167070] pps_core: LinuxPPS API ver. 1 registered
[    0.167080] pps_core: Software ver. 5.3.6 - Copyright 2005-2007 Rodolfo Giometti <giometti@linux.it>
[    0.167104] PTP clock support registered
[    0.180931] vgaarb: loaded
[    0.181309] clocksource: Switched to clocksource dmtimer
[    0.181944] VFS: Disk quotas dquot_6.6.0
[    0.182020] VFS: Dquot-cache hash table entries: 1024 (order 0, 4096 bytes)
[    0.198940] NET: Registered PF_INET protocol family
[    0.199286] IP idents hash table entries: 8192 (order: 4, 65536 bytes, linear)
[    0.200691] tcp_listen_portaddr_hash hash table entries: 512 (order: 0, 4096 bytes, linear)
[    0.200737] Table-perturb hash table entries: 65536 (order: 6, 262144 bytes, linear)
[    0.200757] TCP established hash table entries: 4096 (order: 2, 16384 bytes, linear)
[    0.200804] TCP bind hash table entries: 4096 (order: 4, 65536 bytes, linear)
[    0.200904] TCP: Hash tables configured (established 4096 bind 4096)
[    0.201023] UDP hash table entries: 256 (order: 1, 8192 bytes, linear)
[    0.201050] UDP-Lite hash table entries: 256 (order: 1, 8192 bytes, linear)
[    0.201249] NET: Registered PF_UNIX/PF_LOCAL protocol family
[    0.212066] RPC: Registered named UNIX socket transport module.
[    0.212091] RPC: Registered udp transport module.
[    0.212096] RPC: Registered tcp transport module.
[    0.212102] RPC: Registered tcp NFSv4.1 backchannel transport module.
[    0.212122] PCI: CLS 0 bytes, default 64
[    0.213676] Initialise system trusted keyrings
[    0.214703] workingset: timestamp_bits=14 max_order=17 bucket_order=3
[    0.235586] NFS: Registering the id_resolver key type
[    0.235673] Key type id_resolver registered
[    0.235680] Key type id_legacy registered
[    0.235740] jffs2: version 2.2. (NAND) (SUMMARY)  Â© 2001-2006 Red Hat, Inc.
[    0.236514] Key type asymmetric registered
[    0.236534] Asymmetric key parser 'x509' registered
[    0.236683] io scheduler mq-deadline registered
[    0.236698] io scheduler kyber registered
[    0.236942] io scheduler bfq registered
[    0.256684] Serial: 8250/16550 driver, 6 ports, IRQ sharing enabled
[    0.284192] brd: module loaded
[    0.305205] loop: module loaded
[    0.306108] mtdoops: mtd device (mtddev=name/number) must be supplied
[    0.307493] mdio_bus fixed-0: GPIO lookup for consumer reset
[    0.307514] mdio_bus fixed-0: using lookup tables for GPIO lookup
[    0.307524] mdio_bus fixed-0: No GPIO consumer reset found
[    0.308641] i2c_dev: i2c /dev entries driver
[    0.309555] cpuidle: enable-method property 'ti,am3352' found operations
[    0.309994] sdhci: Secure Digital Host Controller Interface driver
[    0.310005] sdhci: Copyright(c) Pierre Ossman
[    0.310179] sdhci-pltfm: SDHCI platform and OF driver helper
[    0.310447] ledtrig-cpu: registered to indicate activity on CPUs
[    0.311175] Initializing XFRM netlink socket
[    0.311925] NET: Registered PF_INET6 protocol family
[    0.324521] Segment Routing with IPv6
[    0.324598] In-situ OAM (IOAM) with IPv6
[    0.324706] sit: IPv6, IPv4 and MPLS over IPv4 tunneling driver
[    0.325609] NET: Registered PF_PACKET protocol family
[    0.325639] NET: Registered PF_KEY protocol family
[    0.325755] Key type dns_resolver registered
[    0.325913] ThumbEE CPU extension supported.
[    0.325957] Registering SWP/SWPB emulation handler
[    0.326469] omap_voltage_late_init: Voltage driver support not added
[    0.326806] SmartReflex Class3 initialized
[    0.327750] Loading compiled-in X.509 certificates
[    0.405237] platform 44e10800.pinmux: Fixed dependency cycle(s) with /ocp/interconnect@44c00000/segment@200000/target-module@10000/scm@0/pinmux@800/pinmux_clkout2_pin
[    0.405825] pinctrl-single 44e10800.pinmux: 142 pins, size 568
[    0.410463] ti-sysc: probe of 44e31000.target-module failed with error -16
[    0.459199] ti-sysc: probe of 48040000.target-module failed with error -16
[    0.469639] gpio gpiochip0: (gpio-0-31): created GPIO range 0->7 ==> 44e10800.pinmux PIN 0->7
[    0.469679] gpio gpiochip0: (gpio-0-31): created GPIO range 8->11 ==> 44e10800.pinmux PIN 90->93
[    0.469695] gpio gpiochip0: (gpio-0-31): created GPIO range 12->27 ==> 44e10800.pinmux PIN 12->27
[    0.469711] gpio gpiochip0: (gpio-0-31): created GPIO range 28->31 ==> 44e10800.pinmux PIN 30->33
[    0.469778] gpio gpiochip0: (gpio-0-31): not an immutable chip, please consider fixing it!
[    0.498735] gpio gpiochip0: (gpio-0-31): added GPIO chardev (254:0)
[    0.498892] gpio gpiochip0: registered GPIOs 0 to 31 on gpio-0-31
[    0.498973] OMAP GPIO hardware version 0.1
[    0.529197] i2c i2c-2: GPIO lookup for consumer scl
[    0.529228] i2c i2c-2: using device tree for GPIO lookup
[    0.529254] of_get_named_gpiod_flags: can't parse 'scl-gpios' property of node '/ocp/interconnect@48000000/segment@100000/target-module@9c000/i2c@0[0]'
[    0.529302] of_get_named_gpiod_flags: can't parse 'scl-gpio' property of node '/ocp/interconnect@48000000/segment@100000/target-module@9c000/i2c@0[0]'
[    0.529343] i2c i2c-2: using lookup tables for GPIO lookup
[    0.529352] i2c i2c-2: No GPIO consumer scl found
[    0.529374] i2c i2c-2: GPIO lookup for consumer sda
[    0.529382] i2c i2c-2: using device tree for GPIO lookup
[    0.529396] of_get_named_gpiod_flags: can't parse 'sda-gpios' property of node '/ocp/interconnect@48000000/segment@100000/target-module@9c000/i2c@0[0]'
[    0.529435] of_get_named_gpiod_flags: can't parse 'sda-gpio' property of node '/ocp/interconnect@48000000/segment@100000/target-module@9c000/i2c@0[0]'
[    0.529471] i2c i2c-2: using lookup tables for GPIO lookup
[    0.529479] i2c i2c-2: No GPIO consumer sda found
[    0.530156] omap_i2c 4819c000.i2c: bus 2 rev0.11 at 100 kHz
[    0.535452] gpio gpiochip1: (gpio-32-63): created GPIO range 0->17 ==> 44e10800.pinmux PIN 34->51
[    0.535490] gpio gpiochip1: (gpio-32-63): created GPIO range 18->21 ==> 44e10800.pinmux PIN 77->80
[    0.535520] gpio gpiochip1: (gpio-32-63): created GPIO range 22->31 ==> 44e10800.pinmux PIN 56->65
[    0.535586] gpio gpiochip1: (gpio-32-63): not an immutable chip, please consider fixing it!
[    0.536192] gpio gpiochip1: (gpio-32-63): added GPIO chardev (254:1)
[    0.536334] gpio gpiochip1: registered GPIOs 32 to 63 on gpio-32-63
[    0.538364] gpio gpiochip2: (gpio-64-95): created GPIO range 0->4 ==> 44e10800.pinmux PIN 66->70
[    0.538397] gpio gpiochip2: (gpio-64-95): created GPIO range 5->6 ==> 44e10800.pinmux PIN 98->99
[    0.538413] gpio gpiochip2: (gpio-64-95): created GPIO range 7->8 ==> 44e10800.pinmux PIN 75->76
[    0.538428] gpio gpiochip2: (gpio-64-95): created GPIO range 13->13 ==> 44e10800.pinmux PIN 141->141
[    0.538445] gpio gpiochip2: (gpio-64-95): created GPIO range 14->21 ==> 44e10800.pinmux PIN 100->107
[    0.538511] gpio gpiochip2: (gpio-64-95): not an immutable chip, please consider fixing it!
[    0.538958] gpio gpiochip2: (gpio-64-95): added GPIO chardev (254:2)
[    0.539078] gpio gpiochip2: registered GPIOs 64 to 95 on gpio-64-95
[    0.548238] platform 4830e000.lcdc: Fixed dependency cycle(s) with /ocp/interconnect@44c00000/segment@200000/target-module@b000/i2c@0/tda19988@70
[    0.556603] mdio_bus 4a101000.mdio: GPIO lookup for consumer reset
[    0.556634] mdio_bus 4a101000.mdio: using device tree for GPIO lookup
[    0.556657] of_get_named_gpiod_flags: can't parse 'reset-gpios' property of node '/ocp/interconnect@4a000000/segment@0/target-module@100000/switch@0/mdio@1000[0]'
[    0.556706] of_get_named_gpiod_flags: can't parse 'reset-gpio' property of node '/ocp/interconnect@4a000000/segment@0/target-module@100000/switch@0/mdio@1000[0]'
[    0.556753] mdio_bus 4a101000.mdio: using lookup tables for GPIO lookup
[    0.556764] mdio_bus 4a101000.mdio: No GPIO consumer reset found
[    0.557837] sdhci-omap 481d8000.mmc: GPIO lookup for consumer wp
[    0.557862] sdhci-omap 481d8000.mmc: using device tree for GPIO lookup
[    0.557881] of_get_named_gpiod_flags: can't parse 'wp-gpios' property of node '/ocp/interconnect@48000000/segment@100000/target-module@d8000/mmc@0[0]'
[    0.557931] of_get_named_gpiod_flags: can't parse 'wp-gpio' property of node '/ocp/interconnect@48000000/segment@100000/target-module@d8000/mmc@0[0]'
[    0.557969] sdhci-omap 481d8000.mmc: using lookup tables for GPIO lookup
[    0.557979] sdhci-omap 481d8000.mmc: No GPIO consumer wp found
[    0.558159] sdhci-omap 481d8000.mmc: supply pbias not found, using dummy regulator
[    0.558616] sdhci-omap 481d8000.mmc: supply vqmmc not found, using dummy regulator
[    0.622119] davinci_mdio 4a101000.mdio: davinci mdio revision 1.6, bus freq 1000000
[    0.656943] mdio_bus 4a101000.mdio:00: GPIO lookup for consumer reset
[    0.656967] mdio_bus 4a101000.mdio:00: using device tree for GPIO lookup
[    0.656992] of_get_named_gpiod_flags: can't parse 'reset-gpios' property of node '/ocp/interconnect@4a000000/segment@0/target-module@100000/switch@0/mdio@1000/ethernet-phy@0[0]'
[    0.657065] of_get_named_gpiod_flags: can't parse 'reset-gpio' property of node '/ocp/interconnect@4a000000/segment@0/target-module@100000/switch@0/mdio@1000/ethernet-phy@0[0]'
[    0.657120] mdio_bus 4a101000.mdio:00: using lookup tables for GPIO lookup
[    0.657130] mdio_bus 4a101000.mdio:00: No GPIO consumer reset found
[    0.684247] davinci_mdio 4a101000.mdio: phy[0]: device 4a101000.mdio:00, driver SMSC LAN8710/LAN8720
[    0.684760] cpsw-switch 4a100000.switch: initialized cpsw ale version 1.4
[    0.684779] cpsw-switch 4a100000.switch: ALE Table size 1024
[    0.684923] cpsw-switch 4a100000.switch: cpts: overflow check period 500 (jiffies)
[    0.684939] cpsw-switch 4a100000.switch: CPTS: ref_clk_freq:250000000 calc_mult:2147483648 calc_shift:29 error:0 nsec/sec
[    0.685028] cpsw-switch 4a100000.switch: Detected MACID = 6c:ec:eb:68:de:78
[    0.686729] cpsw-switch 4a100000.switch: initialized (regs 0x4a100000, pool size 256) hw_ver:0019010C 1.12 (0)
[    0.696842] debugfs: Directory '49000000.dma' with parent 'dmaengine' already present!
[    0.696883] edma 49000000.dma: TI EDMA DMA engine driver
[    0.750510] hw perfevents: enabled with armv7_cortex_a8 PMU driver, 5 counters available
[    0.751469] gpio-clk clk_mcasp0: GPIO lookup for consumer enable
[    0.751493] gpio-clk clk_mcasp0: using device tree for GPIO lookup
[    0.751535] of_get_named_gpiod_flags: parsed 'enable-gpios' property of node '/clk_mcasp0[0]' - status (0)
[    0.751661] gpio gpiochip0: Persistence not supported for GPIO 27
[    0.752483] gpio gpiochip3: (gpio-96-127): created GPIO range 0->7 ==> 44e10800.pinmux PIN 82->89
[    0.752515] gpio gpiochip3: (gpio-96-127): created GPIO range 8->11 ==> 44e10800.pinmux PIN 52->55
[    0.752531] gpio gpiochip3: (gpio-96-127): created GPIO range 12->15 ==> 44e10800.pinmux PIN 94->97
[    0.752549] gpio gpiochip3: (gpio-96-127): created GPIO range 16->17 ==> 44e10800.pinmux PIN 71->72
[    0.752565] gpio gpiochip3: (gpio-96-127): created GPIO range 18->18 ==> 44e10800.pinmux PIN 135->135
[    0.752582] gpio gpiochip3: (gpio-96-127): created GPIO range 19->20 ==> 44e10800.pinmux PIN 108->109
[    0.752599] gpio gpiochip3: (gpio-96-127): created GPIO range 21->21 ==> 44e10800.pinmux PIN 73->73
[    0.752616] gpio gpiochip3: (gpio-96-127): created GPIO range 22->23 ==> 44e10800.pinmux PIN 8->9
[    0.752634] gpio gpiochip3: (gpio-96-127): created GPIO range 26->27 ==> 44e10800.pinmux PIN 10->11
[    0.752652] gpio gpiochip3: (gpio-96-127): created GPIO range 28->28 ==> 44e10800.pinmux PIN 74->74
[    0.752670] gpio gpiochip3: (gpio-96-127): created GPIO range 29->29 ==> 44e10800.pinmux PIN 81->81
[    0.752689] gpio gpiochip3: (gpio-96-127): created GPIO range 30->31 ==> 44e10800.pinmux PIN 28->29
[    0.752759] gpio gpiochip3: (gpio-96-127): not an immutable chip, please consider fixing it!
[    0.757975] l3-aon-clkctrl:0000:0: failed to disable
[    0.758442] gpio gpiochip3: (gpio-96-127): added GPIO chardev (254:3)
[    0.758570] gpio gpiochip3: registered GPIOs 96 to 127 on gpio-96-127
[    0.760146] omap8250 44e09000.serial: GPIO lookup for consumer rs485-term
[    0.760172] omap8250 44e09000.serial: using device tree for GPIO lookup
[    0.760197] of_get_named_gpiod_flags: can't parse 'rs485-term-gpios' property of node '/ocp/interconnect@44c00000/segment@200000/target-module@9000/serial@0[0]'
[    0.760247] of_get_named_gpiod_flags: can't parse 'rs485-term-gpio' property of node '/ocp/interconnect@44c00000/segment@200000/target-module@9000/serial@0[0]'
[    0.760290] omap8250 44e09000.serial: using lookup tables for GPIO lookup
[    0.760301] omap8250 44e09000.serial: No GPIO consumer rs485-term found
[    0.760351] 44e09000.serial: ttyS0 at MMIO 0x44e09000 (irq = 34, base_baud = 3000000) is a 8250
[    2.079108] printk: console [ttyS0] enabled
[    2.086012] i2c i2c-0: GPIO lookup for consumer scl
[    2.086051] i2c i2c-0: using device tree for GPIO lookup
[    2.086079] of_get_named_gpiod_flags: can't parse 'scl-gpios' property of node '/ocp/interconnect@44c00000/segment@200000/target-module@b000/i2c@0[0]'
[    2.086127] of_get_named_gpiod_flags: can't parse 'scl-gpio' property of node '/ocp/interconnect@44c00000/segment@200000/target-module@b000/i2c@0[0]'
[    2.086170] i2c i2c-0: using lookup tables for GPIO lookup
[    2.086183] i2c i2c-0: No GPIO consumer scl found
[    2.086206] i2c i2c-0: GPIO lookup for consumer sda
[    2.086216] i2c i2c-0: using device tree for GPIO lookup
[    2.086231] of_get_named_gpiod_flags: can't parse 'sda-gpios' property of node '/ocp/interconnect@44c00000/segment@200000/target-module@b000/i2c@0[0]'
[    2.086272] of_get_named_gpiod_flags: can't parse 'sda-gpio' property of node '/ocp/interconnect@44c00000/segment@200000/target-module@b000/i2c@0[0]'
[    2.086309] i2c i2c-0: using lookup tables for GPIO lookup
[    2.086319] i2c i2c-0: No GPIO consumer sda found
[    2.112231] tps65217-pmic: Failed to locate of_node [id: -1]
[    2.128411] tps65217-bl: Failed to locate of_node [id: -1]
[    2.137125] tps65217 0-0024: TPS65217 ID 0xe version 1.2
[    2.143150] platform 4830e000.lcdc: Fixed dependency cycle(s) with /ocp/interconnect@44c00000/segment@200000/target-module@b000/i2c@0/tda19988@70
[    2.156510] i2c 0-0070: Fixed dependency cycle(s) with /ocp/interconnect@48000000/segment@300000/target-module@e000/lcdc@0
[    2.167962] omap_i2c 44e0b000.i2c: bus 0 rev0.11 at 400 kHz
[    2.175363] sdhci-omap 48060000.mmc: GPIO lookup for consumer cd
[    2.175394] sdhci-omap 48060000.mmc: using device tree for GPIO lookup
[    2.175437] of_get_named_gpiod_flags: parsed 'cd-gpios' property of node '/ocp/interconnect@48000000/segment@0/target-module@60000/mmc@0[0]' - status (0)
[    2.175562] gpio gpiochip3: Persistence not supported for GPIO 6
[    2.175586] omap_gpio 44e07000.gpio: Could not set line 6 debounce to 200000 microseconds (-22)
[    2.184446] sdhci-omap 48060000.mmc: Got CD GPIO
[    2.189091] sdhci-omap 48060000.mmc: GPIO lookup for consumer wp
[    2.189102] sdhci-omap 48060000.mmc: using device tree for GPIO lookup
[    2.189122] of_get_named_gpiod_flags: can't parse 'wp-gpios' property of node '/ocp/interconnect@48000000/segment@0/target-module@60000/mmc@0[0]'
[    2.189168] of_get_named_gpiod_flags: can't parse 'wp-gpio' property of node '/ocp/interconnect@48000000/segment@0/target-module@60000/mmc@0[0]'
[    2.189211] sdhci-omap 48060000.mmc: using lookup tables for GPIO lookup
[    2.189223] sdhci-omap 48060000.mmc: No GPIO consumer wp found
[    2.189422] sdhci-omap 48060000.mmc: supply pbias not found, using dummy regulator
[    2.198212] sdhci-omap 481d8000.mmc: GPIO lookup for consumer wp
[    2.198246] sdhci-omap 481d8000.mmc: using device tree for GPIO lookup
[    2.198281] of_get_named_gpiod_flags: can't parse 'wp-gpios' property of node '/ocp/interconnect@48000000/segment@100000/target-module@d8000/mmc@0[0]'
[    2.198335] of_get_named_gpiod_flags: can't parse 'wp-gpio' property of node '/ocp/interconnect@48000000/segment@100000/target-module@d8000/mmc@0[0]'
[    2.198376] sdhci-omap 481d8000.mmc: using lookup tables for GPIO lookup
[    2.198389] sdhci-omap 481d8000.mmc: No GPIO consumer wp found
[    2.201658] sdhci-omap 48060000.mmc: supply vqmmc not found, using dummy regulator
[    2.210088] sdhci-omap 481d8000.mmc: supply pbias not found, using dummy regulator
[    2.218320] sdhci-omap 481d8000.mmc: supply vqmmc not found, using dummy regulator
[    2.254055] mmc1: SDHCI controller on 481d8000.mmc [481d8000.mmc] using External DMA
[    2.262970] mmc0: SDHCI controller on 48060000.mmc [48060000.mmc] using External DMA
[    2.271742] cpsw-switch 4a100000.switch: starting ndev. mode: dual_mac
[    2.315121] mmc0: new high speed SDHC card at address 5048
[    2.321996] mmcblk0: mmc0:5048 SD16G 14.4 GiB 
[    2.329660]  mmcblk0: p1 p2
[    2.333071] mmcblk0: p2 size 31221760 extends beyond EOD, truncated
[    2.359393] mmc1: new high speed MMC card at address 0001
[    2.366191] mmcblk1: mmc1:0001 MMC04G 3.60 GiB 
[    2.373357] SMSC LAN8710/LAN8720 4a101000.mdio:00: attached PHY driver (mii_bus:phy_addr=4a101000.mdio:00, irq=POLL)
[    2.384180]  mmcblk1: p1 p2
[    2.388405] mmcblk1boot0: mmc1:0001 MMC04G 2.00 MiB 
[    2.396771] mmcblk1boot1: mmc1:0001 MMC04G 2.00 MiB 
[    2.408287] mmcblk1rpmb: mmc1:0001 MMC04G 128 KiB, chardev (250:0)
[    5.522070] cpsw-switch 4a100000.switch eth0: Link is Up - 100Mbps/Full - flow control off
[    5.530448] IPv6: ADDRCONF(NETDEV_CHANGE): eth0: link becomes ready
[    5.581347] IP-Config: Complete:
[    5.584615]      device=eth0, hwaddr=6c:ec:eb:68:de:78, ipaddr=192.168.255.1, mask=255.255.255.0, gw=255.255.255.255
[    5.595250]      host=bbb1, domain=, nis-domain=(none)
[    5.600415]      bootserver=192.168.255.126, rootserver=192.168.255.126, rootpath=
[    5.600863] clk: Disabling unused clocks
[    5.612765] KTAP version 1
[    5.615489] 1..0
[    5.644113] VFS: Mounted root (nfs filesystem) on device 0:16.
[    5.650876] devtmpfs: mounted
[    5.655636] Freeing unused kernel image (initmem) memory: 1024K
[    5.662239] Run /sbin/init as init process
[    5.666362]   with arguments:
[    5.666372]     /sbin/init
[    5.666380]     nfsrootdebug
[    5.666388]   with environment:
[    5.666395]     HOME=/
[    5.666402]     TERM=linux
[    6.339134] systemd[1]: System time before build time, advancing clock.
[    7.841319] random: crng init done
[    7.911835] systemd[1]: systemd 232 running in system mode. (+PAM +AUDIT +SELINUX +IMA +APPARMOR +SMACK +SYSVINIT +UTMP +LIBCRYPTSETUP +GCRYPT +GNUTLS +ACL +XZ +LZ4 +SECCOMP +BLKID +ELFUTILS +KMOD +IDN)
[    7.930832] systemd[1]: Detected architecture arm.
[    7.974276] systemd[1]: Set hostname to <arm>.
[    9.038678] systemd[1]: Listening on Syslog Socket.
[    9.072372] systemd[1]: Listening on Journal Audit Socket.
[    9.113025] systemd[1]: Set up automount Arbitrary Executable File Formats File System Automount Point.
[    9.152171] systemd[1]: Listening on Journal Socket.
[    9.191672] systemd[1]: Reached target Remote File Systems.
[    9.231880] systemd[1]: Listening on udev Kernel Socket.
[    9.273170] systemd[1]: Listening on udev Control Socket.
[   12.122628] systemd-journald[99]: Received request to flush runtime journal from PID 1
[   14.513303] of_get_named_gpiod_flags: parsed 'gpios' property of node '/leds/led2[0]' - status (0)
[   14.513398] gpio gpiochip0: Persistence not supported for GPIO 21
[   14.513412] gpio-21 (?): no flags found for gpios
[   14.513667] of_get_named_gpiod_flags: parsed 'gpios' property of node '/leds/led3[0]' - status (0)
[   14.513711] gpio gpiochip0: Persistence not supported for GPIO 22
[   14.513723] gpio-22 (?): no flags found for gpios
[   14.531800] of_get_named_gpiod_flags: parsed 'gpios' property of node '/leds/led4[0]' - status (0)
[   14.531882] gpio gpiochip0: Persistence not supported for GPIO 23
[   14.531896] gpio-23 (?): no flags found for gpios
[   14.558797] of_get_named_gpiod_flags: parsed 'gpios' property of node '/leds/led5[0]' - status (0)
[   14.558885] gpio gpiochip0: Persistence not supported for GPIO 24
[   14.558898] gpio-24 (?): no flags found for gpios
[   14.833301] remoteproc remoteproc0: wkup_m3 is available
[   14.935520] at24 2-0054: supply vcc not found, using dummy regulator
[   15.077042] at24 2-0055: supply vcc not found, using dummy regulator
[   15.282325] at24 2-0056: supply vcc not found, using dummy regulator
[   15.411683] at24 2-0057: supply vcc not found, using dummy regulator
[   15.548702] at24 0-0050: GPIO lookup for consumer wp
[   15.548749] at24 0-0050: using device tree for GPIO lookup
[   15.548782] of_get_named_gpiod_flags: can't parse 'wp-gpios' property of node '/ocp/interconnect@44c00000/segment@200000/target-module@b000/i2c@0/baseboard_eeprom@50[0]'
[   15.548854] of_get_named_gpiod_flags: can't parse 'wp-gpio' property of node '/ocp/interconnect@44c00000/segment@200000/target-module@b000/i2c@0/baseboard_eeprom@50[0]'
[   15.548906] at24 0-0050: using lookup tables for GPIO lookup
[   15.548919] at24 0-0050: No GPIO consumer wp found
[   15.549181] at24 0-0050: 32768 byte 24c256 EEPROM, writable, 1 bytes/write
[   15.640168] tps6521x_pwrbutton tps65217-pwrbutton: DMA mask not set
[   15.720042] input: tps65217_pwrbutton as /devices/platform/ocp/44c00000.interconnect/44c00000.interconnect:segment@200000/44e0b000.target-module/44e0b000.i2c/i2c-0/0-0024/tps65217-pwrbutton/input/input0
[   15.822717] omap_rtc 44e3e000.rtc: registered as rtc0
[   15.827887] omap_rtc 44e3e000.rtc: setting system clock to 2000-01-01T00:00:00 UTC (946684800)
[   15.836707] omap_rtc 44e3e000.rtc: GPIO lookup for consumer wp
[   15.836723] omap_rtc 44e3e000.rtc: using device tree for GPIO lookup
[   15.836754] of_get_named_gpiod_flags: can't parse 'wp-gpios' property of node '/ocp/interconnect@44c00000/segment@200000/target-module@3e000/rtc@0[0]'
[   15.836812] of_get_named_gpiod_flags: can't parse 'wp-gpio' property of node '/ocp/interconnect@44c00000/segment@200000/target-module@3e000/rtc@0[0]'
[   15.836857] omap_rtc 44e3e000.rtc: using lookup tables for GPIO lookup
[   15.836870] omap_rtc 44e3e000.rtc: No GPIO consumer wp found
[   15.924883] wkup_m3_ipc 44e11324.wkup_m3_ipc: IPC Request for A8->M3 Channel failed! -517
[   15.962939] omap_wdt: OMAP Watchdog Timer Rev 0x01: initial timeout 60 sec
[   15.971226] wkup_m3_ipc 44e11324.wkup_m3_ipc: IPC Request for A8->M3 Channel failed! -517
[   16.220827] wkup_m3_ipc 44e11324.wkup_m3_ipc: IPC Request for A8->M3 Channel failed! -517
[   16.458601] am335x-phy-driver 47401300.usb-phy: GPIO lookup for consumer reset
[   16.458651] am335x-phy-driver 47401300.usb-phy: using device tree for GPIO lookup
[   16.458682] of_get_named_gpiod_flags: can't parse 'reset-gpios' property of node '/ocp/target-module@47400000/usb-phy@1300[0]'
[   16.458733] of_get_named_gpiod_flags: can't parse 'reset-gpio' property of node '/ocp/target-module@47400000/usb-phy@1300[0]'
[   16.458769] am335x-phy-driver 47401300.usb-phy: using lookup tables for GPIO lookup
[   16.458782] am335x-phy-driver 47401300.usb-phy: No GPIO consumer reset found
[   16.458793] am335x-phy-driver 47401300.usb-phy: GPIO lookup for consumer vbus-detect
[   16.458803] am335x-phy-driver 47401300.usb-phy: using device tree for GPIO lookup
[   16.458821] of_get_named_gpiod_flags: can't parse 'vbus-detect-gpios' property of node '/ocp/target-module@47400000/usb-phy@1300[0]'
[   16.458853] of_get_named_gpiod_flags: can't parse 'vbus-detect-gpio' property of node '/ocp/target-module@47400000/usb-phy@1300[0]'
[   16.458880] am335x-phy-driver 47401300.usb-phy: using lookup tables for GPIO lookup
[   16.458891] am335x-phy-driver 47401300.usb-phy: No GPIO consumer vbus-detect found
[   16.459025] am335x-phy-driver 47401300.usb-phy: supply vcc not found, using dummy regulator
[   16.467985] am335x-phy-driver 47401300.usb-phy: dummy supplies not allowed for exclusive requests
[   16.772834] am335x-phy-driver 47401b00.usb-phy: GPIO lookup for consumer reset
[   16.772881] am335x-phy-driver 47401b00.usb-phy: using device tree for GPIO lookup
[   16.772911] of_get_named_gpiod_flags: can't parse 'reset-gpios' property of node '/ocp/target-module@47400000/usb-phy@1b00[0]'
[   16.772959] of_get_named_gpiod_flags: can't parse 'reset-gpio' property of node '/ocp/target-module@47400000/usb-phy@1b00[0]'
[   16.772994] am335x-phy-driver 47401b00.usb-phy: using lookup tables for GPIO lookup
[   16.773007] am335x-phy-driver 47401b00.usb-phy: No GPIO consumer reset found
[   16.773018] am335x-phy-driver 47401b00.usb-phy: GPIO lookup for consumer vbus-detect
[   16.773029] am335x-phy-driver 47401b00.usb-phy: using device tree for GPIO lookup
[   16.773046] of_get_named_gpiod_flags: can't parse 'vbus-detect-gpios' property of node '/ocp/target-module@47400000/usb-phy@1b00[0]'
[   16.773078] of_get_named_gpiod_flags: can't parse 'vbus-detect-gpio' property of node '/ocp/target-module@47400000/usb-phy@1b00[0]'
[   16.773106] am335x-phy-driver 47401b00.usb-phy: using lookup tables for GPIO lookup
[   16.773117] am335x-phy-driver 47401b00.usb-phy: No GPIO consumer vbus-detect found
[   16.773251] am335x-phy-driver 47401b00.usb-phy: supply vcc not found, using dummy regulator
[   16.782224] am335x-phy-driver 47401b00.usb-phy: dummy supplies not allowed for exclusive requests
[   16.802325] wkup_m3_ipc 44e11324.wkup_m3_ipc: IPC Request for A8->M3 Channel failed! -517
[   17.192980] wkup_m3_ipc 44e11324.wkup_m3_ipc: IPC Request for A8->M3 Channel failed! -517
[   17.252772] usbcore: registered new interface driver usbfs
[   17.258390] usbcore: registered new interface driver hub
[   17.263989] usbcore: registered new device driver usb
[   18.135701] omap-mailbox 480c8000.mailbox: omap mailbox rev 0x400
[   18.174356] remoteproc remoteproc0: powering up wkup_m3
[   18.278259] musb-hdrc musb-hdrc.1: MUSB HDRC host driver
[   18.283896] musb-hdrc musb-hdrc.1: new USB bus registered, assigned bus number 1
[   18.296073] tda998x 0-0070: found TDA19988
[   18.369567] remoteproc remoteproc0: Direct firmware load for am335x-pm-firmware.elf failed with error -2
[   18.379464] remoteproc remoteproc0: request_firmware failed: -2
[   18.385558] wkup_m3_ipc 44e11324.wkup_m3_ipc: rproc_boot failed
[   18.636903] usb usb1: New USB device found, idVendor=1d6b, idProduct=0002, bcdDevice= 6.01
[   18.645439] usb usb1: New USB device strings: Mfr=3, Product=2, SerialNumber=1
[   18.652750] usb usb1: Product: MUSB HDRC host driver
[   18.657743] usb usb1: Manufacturer: Linux 6.1.119 musb-hcd
[   18.663281] usb usb1: SerialNumber: musb-hdrc.1
[   19.163842] hub 1-0:1.0: USB hub found
[   19.257833] hub 1-0:1.0: 1 port detected
[   20.381855] omap_rng 48310000.rng: Random Number Generator ver. 20
[   20.589748] tilcdc 4830e000.lcdc: bound 0-0070 (ops tda998x_driver_exit [tda998x])
[   20.721803] [drm] Initialized tilcdc 1.0.0 20121205 for 4830e000.lcdc on minor 0
[   20.834248] tilcdc 4830e000.lcdc: [drm] Cannot find any crtc or sizes
[   20.852198] tilcdc 4830e000.lcdc: [drm] Cannot find any crtc or sizes
[   21.409386] PM: Cannot get wkup_m3_ipc handle
[   21.485988] omap-sham 53100000.sham: hw accel on OMAP rev 4.3
[   21.629633] omap-sham 53100000.sham: will run requests pump with realtime priority
[   21.732088] omap-aes 53500000.aes: OMAP AES hw accel rev: 3.2
[   21.904457] omap-aes 53500000.aes: will run requests pump with realtime priority
[   21.958199] PM: Cannot get wkup_m3_ipc handle
[   22.153675] PM: Cannot get wkup_m3_ipc handle
[   24.289366] Bluetooth: Core ver 2.22
[   24.293310] NET: Registered PF_BLUETOOTH protocol family
[   24.298658] Bluetooth: HCI device and connection manager initialized
[   24.305150] Bluetooth: HCI socket layer initialized
[   24.310062] Bluetooth: L2CAP socket layer initialized
[   24.315221] Bluetooth: SCO socket layer initialized
[   25.608730] PM: Cannot get wkup_m3_ipc handle
[   25.614679] asoc-simple-card sound: GPIO lookup for consumer simple-audio-card,hp-det
[   25.614716] asoc-simple-card sound: using device tree for GPIO lookup
[   25.614756] of_get_named_gpiod_flags: can't parse 'simple-audio-card,hp-det-gpios' property of node '/sound[0]'
[   25.614799] of_get_named_gpiod_flags: can't parse 'simple-audio-card,hp-det-gpio' property of node '/sound[0]'
[   25.614826] asoc-simple-card sound: using lookup tables for GPIO lookup
[   25.614839] asoc-simple-card sound: No GPIO consumer simple-audio-card,hp-det found
[   25.614852] asoc-simple-card sound: GPIO lookup for consumer simple-audio-card,mic-det
[   25.614862] asoc-simple-card sound: using device tree for GPIO lookup
[   25.614879] of_get_named_gpiod_flags: can't parse 'simple-audio-card,mic-det-gpios' property of node '/sound[0]'
[   25.614905] of_get_named_gpiod_flags: can't parse 'simple-audio-card,mic-det-gpio' property of node '/sound[0]'
[   25.614926] asoc-simple-card sound: using lookup tables for GPIO lookup
[   25.614937] asoc-simple-card sound: No GPIO consumer simple-audio-card,mic-det found
[   25.730762] PM: Cannot get wkup_m3_ipc handle
[   27.208427] using random self ethernet address
[   27.213110] using random host ethernet address
[   27.473428] using random self ethernet address
[   27.477945] using random host ethernet address
[   27.782371] userial_init: registered 8 ttyGS* devices
[   28.038725] rndis_register: configNr = 0
[   28.159317] udc musb-hdrc.0: binding gadget driver [g_multi]
[   28.159408] configfs-gadget.g_multi gadget.0: adding 'rndis'/b2013238 to config 'c'/903345c0
[   28.160501] usb0: HOST MAC 1c:ba:8c:a2:ed:6c
[   28.165063] usb0: MAC 1c:ba:8c:a2:ed:70
[   28.168973] rndis_set_param_medium: 0 0
[   28.168996] configfs-gadget.g_multi gadget.0: RNDIS: dual speed IN/ep1in OUT/ep1out NOTIFY/ep2in
[   28.169012] configfs-gadget.g_multi gadget.0: adding 'cdc_ethernet'/bf44746a to config 'c'/903345c0
[   28.169882] usb1: HOST MAC 1c:ba:8c:a2:ed:6c
[   28.174279] usb1: MAC 1c:ba:8c:a2:ed:6d
[   28.178178] configfs-gadget.g_multi gadget.0: CDC Ethernet: dual speed IN/ep3in OUT/ep2out NOTIFY/ep4in
[   28.178196] configfs-gadget.g_multi gadget.0: adding 'acm'/f901bcb4 to config 'c'/903345c0
[   28.178229] configfs-gadget.g_multi gadget.0: acm ttyGS0: dual speed IN/ep5in OUT/ep3out NOTIFY/ep6in
[   28.192614] PM: Cannot get wkup_m3_ipc handle
[   29.571211] usb1: eth_open
[   34.687929] gs_open: ttyGS0 (617cae20,17ba3760)
[   34.688086] gs_close: ttyGS0 (617cae20,17ba3760) ...
[   34.688107] gs_close: ttyGS0 (617cae20,17ba3760) done!
[   34.688275] gs_open: ttyGS0 (dc3e9628,a56bc391)
[   34.688349] gs_close: ttyGS0 (dc3e9628,a56bc391) ...
[   34.688366] gs_close: ttyGS0 (dc3e9628,a56bc391) done!
[   34.869986] gs_open: ttyGS0 (93e5fd92,fe286798)
[   34.870165] gs_close: ttyGS0 (93e5fd92,fe286798) ...
[   34.870188] gs_close: ttyGS0 (93e5fd92,fe286798) done!
[   34.874624] gs_open: ttyGS0 (2e8cf0e6,a3561626)
LXBSJBKTTW 0
root@arm:~# echo 'PPAA''BVOMAB'
PPAABVOMAB
root@arm:~# MARKER='GTUN''KEEQGO' run 'modprobe test_linear_ranges'
GTUNKEEQGOGTUNKEEQGO 0
root@arm:~# echo 'FKSY''NEFKJT'
FKSYNEFKJT
root@arm:~# MARKER='GSFE''USKMEL' run dmesg
GSFEUSKMEL[    0.000000] Booting Linux on physical CPU 0x0
[    0.000000] Linux version 6.1.119 (user01@drvtest01) (arm-linux-gnueabihf-gcc (Linaro GCC 6.4-2017.11) 6.4.1 20171012, GNU ld (Linaro_Binutils-2017.11) 2.27.0.20161229) #10 SMP Fri Nov 22 17:04:21 EET 2024
[    0.000000] CPU: ARMv7 Processor [413fc082] revision 2 (ARMv7), cr=10c5387d
[    0.000000] CPU: PIPT / VIPT nonaliasing data cache, VIPT aliasing instruction cache
[    0.000000] OF: fdt: Machine model: TI AM335x BeagleBone Black
[    0.000000] Memory policy: Data cache writeback
[    0.000000] cma: Reserved 16 MiB at 0x9ec00000
[    0.000000] Zone ranges:
[    0.000000]   Normal   [mem 0x0000000080000000-0x000000009fdfffff]
[    0.000000]   HighMem  empty
[    0.000000] Movable zone start for each node
[    0.000000] Early memory node ranges
[    0.000000]   node   0: [mem 0x0000000080000000-0x000000009fdfffff]
[    0.000000] Initmem setup node 0 [mem 0x0000000080000000-0x000000009fdfffff]
[    0.000000] CPU: All CPU(s) started in SVC mode.
[    0.000000] AM335X ES2.1 (sgx neon)
[    0.000000] percpu: Embedded 16 pages/cpu s34196 r8192 d23148 u65536
[    0.000000] pcpu-alloc: s34196 r8192 d23148 u65536 alloc=16*4096
[    0.000000] pcpu-alloc: [0] 0 
[    0.000000] Built 1 zonelists, mobility grouping on.  Total pages: 129412
[    0.000000] Kernel command line: console=ttyO0,115200n8 root=/dev/nfs rw nfsroot=192.168.255.126:/home/user01/nfs,nfsvers=3 ip=192.168.255.1:192.168.255.126::255.255.255.0:bbb1:eth0 nfsrootdebug
[    0.000000] Unknown kernel command line parameters "nfsrootdebug", will be passed to user space.
[    0.000000] Dentry cache hash table entries: 65536 (order: 6, 262144 bytes, linear)
[    0.000000] Inode-cache hash table entries: 32768 (order: 5, 131072 bytes, linear)
[    0.000000] mem auto-init: stack:off, heap alloc:off, heap free:off
[    0.000000] Memory: 484644K/522240K available (10240K kernel code, 1143K rwdata, 2604K rodata, 1024K init, 287K bss, 21212K reserved, 16384K cma-reserved, 0K highmem)
[    0.000000] SLUB: HWalign=64, Order=0-3, MinObjects=0, CPUs=1, Nodes=1
[    0.000000] trace event string verifier disabled
[    0.000000] rcu: Hierarchical RCU implementation.
[    0.000000] rcu: 	RCU event tracing is enabled.
[    0.000000] rcu: 	RCU restricting CPUs from NR_CPUS=2 to nr_cpu_ids=1.
[    0.000000] rcu: RCU calculated value of scheduler-enlistment delay is 10 jiffies.
[    0.000000] rcu: Adjusting geometry for rcu_fanout_leaf=16, nr_cpu_ids=1
[    0.000000] NR_IRQS: 16, nr_irqs: 16, preallocated irqs: 16
[    0.000000] IRQ: Found an INTC at 0x(ptrval) (revision 5.0) with 128 interrupts
[    0.000000] rcu: srcu_init: Setting srcu_struct sizes based on contention.
[    0.000000] TI gptimer clocksource: always-on /ocp/interconnect@44c00000/segment@200000/target-module@31000
[    0.000002] sched_clock: 32 bits at 24MHz, resolution 41ns, wraps every 89478484971ns
[    0.000025] clocksource: dmtimer: mask: 0xffffffff max_cycles: 0xffffffff, max_idle_ns: 79635851949 ns
[    0.000445] TI gptimer clockevent: 24000000 Hz at /ocp/interconnect@48000000/segment@0/target-module@40000
[    0.002013] Console: colour dummy device 80x30
[    0.002062] WARNING: Your 'console=ttyO0' has been replaced by 'ttyS0'
[    0.002070] This ensures that you still see kernel messages. Please
[    0.002075] update your kernel commandline.
[    0.002116] Calibrating delay loop... 996.14 BogoMIPS (lpj=4980736)
[    0.090491] CPU: Testing write buffer coherency: ok
[    0.090589] CPU0: Spectre v2: using BPIALL workaround
[    0.090600] pid_max: default: 32768 minimum: 301
[    0.090742] LSM: Security Framework initializing
[    0.090923] Mount-cache hash table entries: 1024 (order: 0, 4096 bytes, linear)
[    0.090943] Mountpoint-cache hash table entries: 1024 (order: 0, 4096 bytes, linear)
[    0.092502] CPU0: thread -1, cpu 0, socket -1, mpidr 0
[    0.093803] Setting up static identity map for 0x80100000 - 0x80100078
[    0.094054] rcu: Hierarchical SRCU implementation.
[    0.094062] rcu: 	Max phase no-delay instances is 1000.
[    0.095401] smp: Bringing up secondary CPUs ...
[    0.095419] smp: Brought up 1 node, 1 CPU
[    0.095431] SMP: Total of 1 processors activated (996.14 BogoMIPS).
[    0.095443] CPU: All CPU(s) started in SVC mode.
[    0.096361] devtmpfs: initialized
[    0.112569] VFP support v0.3: implementor 41 architecture 3 part 30 variant c rev 3
[    0.112890] clocksource: jiffies: mask: 0xffffffff max_cycles: 0xffffffff, max_idle_ns: 19112604462750000 ns
[    0.112926] futex hash table entries: 256 (order: 2, 16384 bytes, linear)
[    0.114245] pinctrl core: initialized pinctrl subsystem
[    0.116253] NET: Registered PF_NETLINK/PF_ROUTE protocol family
[    0.118314] DMA: preallocated 256 KiB pool for atomic coherent allocations
[    0.118908] audit: initializing netlink subsys (disabled)
[    0.120142] thermal_sys: Registered thermal governor 'fair_share'
[    0.120158] thermal_sys: Registered thermal governor 'step_wise'
[    0.120164] thermal_sys: Registered thermal governor 'user_space'
[    0.120284] cpuidle: using governor menu
[    0.137572] No ATAGs?
[    0.137598] hw-breakpoint: debug architecture 0x4 unsupported.
[    0.146742] audit: type=2000 audit(0.110:1): state=initialized audit_enabled=0 res=1
[    0.147055] kprobes: kprobe jump-optimization is enabled. All kprobes are optimized if possible.
[    0.163385] reg-fixed-voltage fixedregulator0: GPIO lookup for consumer (null)
[    0.163415] reg-fixed-voltage fixedregulator0: using device tree for GPIO lookup
[    0.163438] of_get_named_gpiod_flags: can't parse 'gpios' property of node '/fixedregulator0[0]'
[    0.163476] of_get_named_gpiod_flags: can't parse 'gpio' property of node '/fixedregulator0[0]'
[    0.163499] reg-fixed-voltage fixedregulator0: using lookup tables for GPIO lookup
[    0.163510] reg-fixed-voltage fixedregulator0: No GPIO consumer (null) found
[    0.164709] iommu: Default domain type: Translated 
[    0.164724] iommu: DMA domain TLB invalidation policy: strict mode 
[    0.166190] SCSI subsystem initialized
[    0.166729] libata version 3.00 loaded.
[    0.167070] pps_core: LinuxPPS API ver. 1 registered
[    0.167080] pps_core: Software ver. 5.3.6 - Copyright 2005-2007 Rodolfo Giometti <giometti@linux.it>
[    0.167104] PTP clock support registered
[    0.180931] vgaarb: loaded
[    0.181309] clocksource: Switched to clocksource dmtimer
[    0.181944] VFS: Disk quotas dquot_6.6.0
[    0.182020] VFS: Dquot-cache hash table entries: 1024 (order 0, 4096 bytes)
[    0.198940] NET: Registered PF_INET protocol family
[    0.199286] IP idents hash table entries: 8192 (order: 4, 65536 bytes, linear)
[    0.200691] tcp_listen_portaddr_hash hash table entries: 512 (order: 0, 4096 bytes, linear)
[    0.200737] Table-perturb hash table entries: 65536 (order: 6, 262144 bytes, linear)
[    0.200757] TCP established hash table entries: 4096 (order: 2, 16384 bytes, linear)
[    0.200804] TCP bind hash table entries: 4096 (order: 4, 65536 bytes, linear)
[    0.200904] TCP: Hash tables configured (established 4096 bind 4096)
[    0.201023] UDP hash table entries: 256 (order: 1, 8192 bytes, linear)
[    0.201050] UDP-Lite hash table entries: 256 (order: 1, 8192 bytes, linear)
[    0.201249] NET: Registered PF_UNIX/PF_LOCAL protocol family
[    0.212066] RPC: Registered named UNIX socket transport module.
[    0.212091] RPC: Registered udp transport module.
[    0.212096] RPC: Registered tcp transport module.
[    0.212102] RPC: Registered tcp NFSv4.1 backchannel transport module.
[    0.212122] PCI: CLS 0 bytes, default 64
[    0.213676] Initialise system trusted keyrings
[    0.214703] workingset: timestamp_bits=14 max_order=17 bucket_order=3
[    0.235586] NFS: Registering the id_resolver key type
[    0.235673] Key type id_resolver registered
[    0.235680] Key type id_legacy registered
[    0.235740] jffs2: version 2.2. (NAND) (SUMMARY)  Â© 2001-2006 Red Hat, Inc.
[    0.236514] Key type asymmetric registered
[    0.236534] Asymmetric key parser 'x509' registered
[    0.236683] io scheduler mq-deadline registered
[    0.236698] io scheduler kyber registered
[    0.236942] io scheduler bfq registered
[    0.256684] Serial: 8250/16550 driver, 6 ports, IRQ sharing enabled
[    0.284192] brd: module loaded
[    0.305205] loop: module loaded
[    0.306108] mtdoops: mtd device (mtddev=name/number) must be supplied
[    0.307493] mdio_bus fixed-0: GPIO lookup for consumer reset
[    0.307514] mdio_bus fixed-0: using lookup tables for GPIO lookup
[    0.307524] mdio_bus fixed-0: No GPIO consumer reset found
[    0.308641] i2c_dev: i2c /dev entries driver
[    0.309555] cpuidle: enable-method property 'ti,am3352' found operations
[    0.309994] sdhci: Secure Digital Host Controller Interface driver
[    0.310005] sdhci: Copyright(c) Pierre Ossman
[    0.310179] sdhci-pltfm: SDHCI platform and OF driver helper
[    0.310447] ledtrig-cpu: registered to indicate activity on CPUs
[    0.311175] Initializing XFRM netlink socket
[    0.311925] NET: Registered PF_INET6 protocol family
[    0.324521] Segment Routing with IPv6
[    0.324598] In-situ OAM (IOAM) with IPv6
[    0.324706] sit: IPv6, IPv4 and MPLS over IPv4 tunneling driver
[    0.325609] NET: Registered PF_PACKET protocol family
[    0.325639] NET: Registered PF_KEY protocol family
[    0.325755] Key type dns_resolver registered
[    0.325913] ThumbEE CPU extension supported.
[    0.325957] Registering SWP/SWPB emulation handler
[    0.326469] omap_voltage_late_init: Voltage driver support not added
[    0.326806] SmartReflex Class3 initialized
[    0.327750] Loading compiled-in X.509 certificates
[    0.405237] platform 44e10800.pinmux: Fixed dependency cycle(s) with /ocp/interconnect@44c00000/segment@200000/target-module@10000/scm@0/pinmux@800/pinmux_clkout2_pin
[    0.405825] pinctrl-single 44e10800.pinmux: 142 pins, size 568
[    0.410463] ti-sysc: probe of 44e31000.target-module failed with error -16
[    0.459199] ti-sysc: probe of 48040000.target-module failed with error -16
[    0.469639] gpio gpiochip0: (gpio-0-31): created GPIO range 0->7 ==> 44e10800.pinmux PIN 0->7
[    0.469679] gpio gpiochip0: (gpio-0-31): created GPIO range 8->11 ==> 44e10800.pinmux PIN 90->93
[    0.469695] gpio gpiochip0: (gpio-0-31): created GPIO range 12->27 ==> 44e10800.pinmux PIN 12->27
[    0.469711] gpio gpiochip0: (gpio-0-31): created GPIO range 28->31 ==> 44e10800.pinmux PIN 30->33
[    0.469778] gpio gpiochip0: (gpio-0-31): not an immutable chip, please consider fixing it!
[    0.498735] gpio gpiochip0: (gpio-0-31): added GPIO chardev (254:0)
[    0.498892] gpio gpiochip0: registered GPIOs 0 to 31 on gpio-0-31
[    0.498973] OMAP GPIO hardware version 0.1
[    0.529197] i2c i2c-2: GPIO lookup for consumer scl
[    0.529228] i2c i2c-2: using device tree for GPIO lookup
[    0.529254] of_get_named_gpiod_flags: can't parse 'scl-gpios' property of node '/ocp/interconnect@48000000/segment@100000/target-module@9c000/i2c@0[0]'
[    0.529302] of_get_named_gpiod_flags: can't parse 'scl-gpio' property of node '/ocp/interconnect@48000000/segment@100000/target-module@9c000/i2c@0[0]'
[    0.529343] i2c i2c-2: using lookup tables for GPIO lookup
[    0.529352] i2c i2c-2: No GPIO consumer scl found
[    0.529374] i2c i2c-2: GPIO lookup for consumer sda
[    0.529382] i2c i2c-2: using device tree for GPIO lookup
[    0.529396] of_get_named_gpiod_flags: can't parse 'sda-gpios' property of node '/ocp/interconnect@48000000/segment@100000/target-module@9c000/i2c@0[0]'
[    0.529435] of_get_named_gpiod_flags: can't parse 'sda-gpio' property of node '/ocp/interconnect@48000000/segment@100000/target-module@9c000/i2c@0[0]'
[    0.529471] i2c i2c-2: using lookup tables for GPIO lookup
[    0.529479] i2c i2c-2: No GPIO consumer sda found
[    0.530156] omap_i2c 4819c000.i2c: bus 2 rev0.11 at 100 kHz
[    0.535452] gpio gpiochip1: (gpio-32-63): created GPIO range 0->17 ==> 44e10800.pinmux PIN 34->51
[    0.535490] gpio gpiochip1: (gpio-32-63): created GPIO range 18->21 ==> 44e10800.pinmux PIN 77->80
[    0.535520] gpio gpiochip1: (gpio-32-63): created GPIO range 22->31 ==> 44e10800.pinmux PIN 56->65
[    0.535586] gpio gpiochip1: (gpio-32-63): not an immutable chip, please consider fixing it!
[    0.536192] gpio gpiochip1: (gpio-32-63): added GPIO chardev (254:1)
[    0.536334] gpio gpiochip1: registered GPIOs 32 to 63 on gpio-32-63
[    0.538364] gpio gpiochip2: (gpio-64-95): created GPIO range 0->4 ==> 44e10800.pinmux PIN 66->70
[    0.538397] gpio gpiochip2: (gpio-64-95): created GPIO range 5->6 ==> 44e10800.pinmux PIN 98->99
[    0.538413] gpio gpiochip2: (gpio-64-95): created GPIO range 7->8 ==> 44e10800.pinmux PIN 75->76
[    0.538428] gpio gpiochip2: (gpio-64-95): created GPIO range 13->13 ==> 44e10800.pinmux PIN 141->141
[    0.538445] gpio gpiochip2: (gpio-64-95): created GPIO range 14->21 ==> 44e10800.pinmux PIN 100->107
[    0.538511] gpio gpiochip2: (gpio-64-95): not an immutable chip, please consider fixing it!
[    0.538958] gpio gpiochip2: (gpio-64-95): added GPIO chardev (254:2)
[    0.539078] gpio gpiochip2: registered GPIOs 64 to 95 on gpio-64-95
[    0.548238] platform 4830e000.lcdc: Fixed dependency cycle(s) with /ocp/interconnect@44c00000/segment@200000/target-module@b000/i2c@0/tda19988@70
[    0.556603] mdio_bus 4a101000.mdio: GPIO lookup for consumer reset
[    0.556634] mdio_bus 4a101000.mdio: using device tree for GPIO lookup
[    0.556657] of_get_named_gpiod_flags: can't parse 'reset-gpios' property of node '/ocp/interconnect@4a000000/segment@0/target-module@100000/switch@0/mdio@1000[0]'
[    0.556706] of_get_named_gpiod_flags: can't parse 'reset-gpio' property of node '/ocp/interconnect@4a000000/segment@0/target-module@100000/switch@0/mdio@1000[0]'
[    0.556753] mdio_bus 4a101000.mdio: using lookup tables for GPIO lookup
[    0.556764] mdio_bus 4a101000.mdio: No GPIO consumer reset found
[    0.557837] sdhci-omap 481d8000.mmc: GPIO lookup for consumer wp
[    0.557862] sdhci-omap 481d8000.mmc: using device tree for GPIO lookup
[    0.557881] of_get_named_gpiod_flags: can't parse 'wp-gpios' property of node '/ocp/interconnect@48000000/segment@100000/target-module@d8000/mmc@0[0]'
[    0.557931] of_get_named_gpiod_flags: can't parse 'wp-gpio' property of node '/ocp/interconnect@48000000/segment@100000/target-module@d8000/mmc@0[0]'
[    0.557969] sdhci-omap 481d8000.mmc: using lookup tables for GPIO lookup
[    0.557979] sdhci-omap 481d8000.mmc: No GPIO consumer wp found
[    0.558159] sdhci-omap 481d8000.mmc: supply pbias not found, using dummy regulator
[    0.558616] sdhci-omap 481d8000.mmc: supply vqmmc not found, using dummy regulator
[    0.622119] davinci_mdio 4a101000.mdio: davinci mdio revision 1.6, bus freq 1000000
[    0.656943] mdio_bus 4a101000.mdio:00: GPIO lookup for consumer reset
[    0.656967] mdio_bus 4a101000.mdio:00: using device tree for GPIO lookup
[    0.656992] of_get_named_gpiod_flags: can't parse 'reset-gpios' property of node '/ocp/interconnect@4a000000/segment@0/target-module@100000/switch@0/mdio@1000/ethernet-phy@0[0]'
[    0.657065] of_get_named_gpiod_flags: can't parse 'reset-gpio' property of node '/ocp/interconnect@4a000000/segment@0/target-module@100000/switch@0/mdio@1000/ethernet-phy@0[0]'
[    0.657120] mdio_bus 4a101000.mdio:00: using lookup tables for GPIO lookup
[    0.657130] mdio_bus 4a101000.mdio:00: No GPIO consumer reset found
[    0.684247] davinci_mdio 4a101000.mdio: phy[0]: device 4a101000.mdio:00, driver SMSC LAN8710/LAN8720
[    0.684760] cpsw-switch 4a100000.switch: initialized cpsw ale version 1.4
[    0.684779] cpsw-switch 4a100000.switch: ALE Table size 1024
[    0.684923] cpsw-switch 4a100000.switch: cpts: overflow check period 500 (jiffies)
[    0.684939] cpsw-switch 4a100000.switch: CPTS: ref_clk_freq:250000000 calc_mult:2147483648 calc_shift:29 error:0 nsec/sec
[    0.685028] cpsw-switch 4a100000.switch: Detected MACID = 6c:ec:eb:68:de:78
[    0.686729] cpsw-switch 4a100000.switch: initialized (regs 0x4a100000, pool size 256) hw_ver:0019010C 1.12 (0)
[    0.696842] debugfs: Directory '49000000.dma' with parent 'dmaengine' already present!
[    0.696883] edma 49000000.dma: TI EDMA DMA engine driver
[    0.750510] hw perfevents: enabled with armv7_cortex_a8 PMU driver, 5 counters available
[    0.751469] gpio-clk clk_mcasp0: GPIO lookup for consumer enable
[    0.751493] gpio-clk clk_mcasp0: using device tree for GPIO lookup
[    0.751535] of_get_named_gpiod_flags: parsed 'enable-gpios' property of node '/clk_mcasp0[0]' - status (0)
[    0.751661] gpio gpiochip0: Persistence not supported for GPIO 27
[    0.752483] gpio gpiochip3: (gpio-96-127): created GPIO range 0->7 ==> 44e10800.pinmux PIN 82->89
[    0.752515] gpio gpiochip3: (gpio-96-127): created GPIO range 8->11 ==> 44e10800.pinmux PIN 52->55
[    0.752531] gpio gpiochip3: (gpio-96-127): created GPIO range 12->15 ==> 44e10800.pinmux PIN 94->97
[    0.752549] gpio gpiochip3: (gpio-96-127): created GPIO range 16->17 ==> 44e10800.pinmux PIN 71->72
[    0.752565] gpio gpiochip3: (gpio-96-127): created GPIO range 18->18 ==> 44e10800.pinmux PIN 135->135
[    0.752582] gpio gpiochip3: (gpio-96-127): created GPIO range 19->20 ==> 44e10800.pinmux PIN 108->109
[    0.752599] gpio gpiochip3: (gpio-96-127): created GPIO range 21->21 ==> 44e10800.pinmux PIN 73->73
[    0.752616] gpio gpiochip3: (gpio-96-127): created GPIO range 22->23 ==> 44e10800.pinmux PIN 8->9
[    0.752634] gpio gpiochip3: (gpio-96-127): created GPIO range 26->27 ==> 44e10800.pinmux PIN 10->11
[    0.752652] gpio gpiochip3: (gpio-96-127): created GPIO range 28->28 ==> 44e10800.pinmux PIN 74->74
[    0.752670] gpio gpiochip3: (gpio-96-127): created GPIO range 29->29 ==> 44e10800.pinmux PIN 81->81
[    0.752689] gpio gpiochip3: (gpio-96-127): created GPIO range 30->31 ==> 44e10800.pinmux PIN 28->29
[    0.752759] gpio gpiochip3: (gpio-96-127): not an immutable chip, please consider fixing it!
[    0.757975] l3-aon-clkctrl:0000:0: failed to disable
[    0.758442] gpio gpiochip3: (gpio-96-127): added GPIO chardev (254:3)
[    0.758570] gpio gpiochip3: registered GPIOs 96 to 127 on gpio-96-127
[    0.760146] omap8250 44e09000.serial: GPIO lookup for consumer rs485-term
[    0.760172] omap8250 44e09000.serial: using device tree for GPIO lookup
[    0.760197] of_get_named_gpiod_flags: can't parse 'rs485-term-gpios' property of node '/ocp/interconnect@44c00000/segment@200000/target-module@9000/serial@0[0]'
[    0.760247] of_get_named_gpiod_flags: can't parse 'rs485-term-gpio' property of node '/ocp/interconnect@44c00000/segment@200000/target-module@9000/serial@0[0]'
[    0.760290] omap8250 44e09000.serial: using lookup tables for GPIO lookup
[    0.760301] omap8250 44e09000.serial: No GPIO consumer rs485-term found
[    0.760351] 44e09000.serial: ttyS0 at MMIO 0x44e09000 (irq = 34, base_baud = 3000000) is a 8250
[    2.079108] printk: console [ttyS0] enabled
[    2.086012] i2c i2c-0: GPIO lookup for consumer scl
[    2.086051] i2c i2c-0: using device tree for GPIO lookup
[    2.086079] of_get_named_gpiod_flags: can't parse 'scl-gpios' property of node '/ocp/interconnect@44c00000/segment@200000/target-module@b000/i2c@0[0]'
[    2.086127] of_get_named_gpiod_flags: can't parse 'scl-gpio' property of node '/ocp/interconnect@44c00000/segment@200000/target-module@b000/i2c@0[0]'
[    2.086170] i2c i2c-0: using lookup tables for GPIO lookup
[    2.086183] i2c i2c-0: No GPIO consumer scl found
[    2.086206] i2c i2c-0: GPIO lookup for consumer sda
[    2.086216] i2c i2c-0: using device tree for GPIO lookup
[    2.086231] of_get_named_gpiod_flags: can't parse 'sda-gpios' property of node '/ocp/interconnect@44c00000/segment@200000/target-module@b000/i2c@0[0]'
[    2.086272] of_get_named_gpiod_flags: can't parse 'sda-gpio' property of node '/ocp/interconnect@44c00000/segment@200000/target-module@b000/i2c@0[0]'
[    2.086309] i2c i2c-0: using lookup tables for GPIO lookup
[    2.086319] i2c i2c-0: No GPIO consumer sda found
[    2.112231] tps65217-pmic: Failed to locate of_node [id: -1]
[    2.128411] tps65217-bl: Failed to locate of_node [id: -1]
[    2.137125] tps65217 0-0024: TPS65217 ID 0xe version 1.2
[    2.143150] platform 4830e000.lcdc: Fixed dependency cycle(s) with /ocp/interconnect@44c00000/segment@200000/target-module@b000/i2c@0/tda19988@70
[    2.156510] i2c 0-0070: Fixed dependency cycle(s) with /ocp/interconnect@48000000/segment@300000/target-module@e000/lcdc@0
[    2.167962] omap_i2c 44e0b000.i2c: bus 0 rev0.11 at 400 kHz
[    2.175363] sdhci-omap 48060000.mmc: GPIO lookup for consumer cd
[    2.175394] sdhci-omap 48060000.mmc: using device tree for GPIO lookup
[    2.175437] of_get_named_gpiod_flags: parsed 'cd-gpios' property of node '/ocp/interconnect@48000000/segment@0/target-module@60000/mmc@0[0]' - status (0)
[    2.175562] gpio gpiochip3: Persistence not supported for GPIO 6
[    2.175586] omap_gpio 44e07000.gpio: Could not set line 6 debounce to 200000 microseconds (-22)
[    2.184446] sdhci-omap 48060000.mmc: Got CD GPIO
[    2.189091] sdhci-omap 48060000.mmc: GPIO lookup for consumer wp
[    2.189102] sdhci-omap 48060000.mmc: using device tree for GPIO lookup
[    2.189122] of_get_named_gpiod_flags: can't parse 'wp-gpios' property of node '/ocp/interconnect@48000000/segment@0/target-module@60000/mmc@0[0]'
[    2.189168] of_get_named_gpiod_flags: can't parse 'wp-gpio' property of node '/ocp/interconnect@48000000/segment@0/target-module@60000/mmc@0[0]'
[    2.189211] sdhci-omap 48060000.mmc: using lookup tables for GPIO lookup
[    2.189223] sdhci-omap 48060000.mmc: No GPIO consumer wp found
[    2.189422] sdhci-omap 48060000.mmc: supply pbias not found, using dummy regulator
[    2.198212] sdhci-omap 481d8000.mmc: GPIO lookup for consumer wp
[    2.198246] sdhci-omap 481d8000.mmc: using device tree for GPIO lookup
[    2.198281] of_get_named_gpiod_flags: can't parse 'wp-gpios' property of node '/ocp/interconnect@48000000/segment@100000/target-module@d8000/mmc@0[0]'
[    2.198335] of_get_named_gpiod_flags: can't parse 'wp-gpio' property of node '/ocp/interconnect@48000000/segment@100000/target-module@d8000/mmc@0[0]'
[    2.198376] sdhci-omap 481d8000.mmc: using lookup tables for GPIO lookup
[    2.198389] sdhci-omap 481d8000.mmc: No GPIO consumer wp found
[    2.201658] sdhci-omap 48060000.mmc: supply vqmmc not found, using dummy regulator
[    2.210088] sdhci-omap 481d8000.mmc: supply pbias not found, using dummy regulator
[    2.218320] sdhci-omap 481d8000.mmc: supply vqmmc not found, using dummy regulator
[    2.254055] mmc1: SDHCI controller on 481d8000.mmc [481d8000.mmc] using External DMA
[    2.262970] mmc0: SDHCI controller on 48060000.mmc [48060000.mmc] using External DMA
[    2.271742] cpsw-switch 4a100000.switch: starting ndev. mode: dual_mac
[    2.315121] mmc0: new high speed SDHC card at address 5048
[    2.321996] mmcblk0: mmc0:5048 SD16G 14.4 GiB 
[    2.329660]  mmcblk0: p1 p2
[    2.333071] mmcblk0: p2 size 31221760 extends beyond EOD, truncated
[    2.359393] mmc1: new high speed MMC card at address 0001
[    2.366191] mmcblk1: mmc1:0001 MMC04G 3.60 GiB 
[    2.373357] SMSC LAN8710/LAN8720 4a101000.mdio:00: attached PHY driver (mii_bus:phy_addr=4a101000.mdio:00, irq=POLL)
[    2.384180]  mmcblk1: p1 p2
[    2.388405] mmcblk1boot0: mmc1:0001 MMC04G 2.00 MiB 
[    2.396771] mmcblk1boot1: mmc1:0001 MMC04G 2.00 MiB 
[    2.408287] mmcblk1rpmb: mmc1:0001 MMC04G 128 KiB, chardev (250:0)
[    5.522070] cpsw-switch 4a100000.switch eth0: Link is Up - 100Mbps/Full - flow control off
[    5.530448] IPv6: ADDRCONF(NETDEV_CHANGE): eth0: link becomes ready
[    5.581347] IP-Config: Complete:
[    5.584615]      device=eth0, hwaddr=6c:ec:eb:68:de:78, ipaddr=192.168.255.1, mask=255.255.255.0, gw=255.255.255.255
[    5.595250]      host=bbb1, domain=, nis-domain=(none)
[    5.600415]      bootserver=192.168.255.126, rootserver=192.168.255.126, rootpath=
[    5.600863] clk: Disabling unused clocks
[    5.612765] KTAP version 1
[    5.615489] 1..0
[    5.644113] VFS: Mounted root (nfs filesystem) on device 0:16.
[    5.650876] devtmpfs: mounted
[    5.655636] Freeing unused kernel image (initmem) memory: 1024K
[    5.662239] Run /sbin/init as init process
[    5.666362]   with arguments:
[    5.666372]     /sbin/init
[    5.666380]     nfsrootdebug
[    5.666388]   with environment:
[    5.666395]     HOME=/
[    5.666402]     TERM=linux
[    6.339134] systemd[1]: System time before build time, advancing clock.
[    7.841319] random: crng init done
[    7.911835] systemd[1]: systemd 232 running in system mode. (+PAM +AUDIT +SELINUX +IMA +APPARMOR +SMACK +SYSVINIT +UTMP +LIBCRYPTSETUP +GCRYPT +GNUTLS +ACL +XZ +LZ4 +SECCOMP +BLKID +ELFUTILS +KMOD +IDN)
[    7.930832] systemd[1]: Detected architecture arm.
[    7.974276] systemd[1]: Set hostname to <arm>.
[    9.038678] systemd[1]: Listening on Syslog Socket.
[    9.072372] systemd[1]: Listening on Journal Audit Socket.
[    9.113025] systemd[1]: Set up automount Arbitrary Executable File Formats File System Automount Point.
[    9.152171] systemd[1]: Listening on Journal Socket.
[    9.191672] systemd[1]: Reached target Remote File Systems.
[    9.231880] systemd[1]: Listening on udev Kernel Socket.
[    9.273170] systemd[1]: Listening on udev Control Socket.
[   12.122628] systemd-journald[99]: Received request to flush runtime journal from PID 1
[   14.513303] of_get_named_gpiod_flags: parsed 'gpios' property of node '/leds/led2[0]' - status (0)
[   14.513398] gpio gpiochip0: Persistence not supported for GPIO 21
[   14.513412] gpio-21 (?): no flags found for gpios
[   14.513667] of_get_named_gpiod_flags: parsed 'gpios' property of node '/leds/led3[0]' - status (0)
[   14.513711] gpio gpiochip0: Persistence not supported for GPIO 22
[   14.513723] gpio-22 (?): no flags found for gpios
[   14.531800] of_get_named_gpiod_flags: parsed 'gpios' property of node '/leds/led4[0]' - status (0)
[   14.531882] gpio gpiochip0: Persistence not supported for GPIO 23
[   14.531896] gpio-23 (?): no flags found for gpios
[   14.558797] of_get_named_gpiod_flags: parsed 'gpios' property of node '/leds/led5[0]' - status (0)
[   14.558885] gpio gpiochip0: Persistence not supported for GPIO 24
[   14.558898] gpio-24 (?): no flags found for gpios
[   14.833301] remoteproc remoteproc0: wkup_m3 is available
[   14.935520] at24 2-0054: supply vcc not found, using dummy regulator
[   15.077042] at24 2-0055: supply vcc not found, using dummy regulator
[   15.282325] at24 2-0056: supply vcc not found, using dummy regulator
[   15.411683] at24 2-0057: supply vcc not found, using dummy regulator
[   15.548702] at24 0-0050: GPIO lookup for consumer wp
[   15.548749] at24 0-0050: using device tree for GPIO lookup
[   15.548782] of_get_named_gpiod_flags: can't parse 'wp-gpios' property of node '/ocp/interconnect@44c00000/segment@200000/target-module@b000/i2c@0/baseboard_eeprom@50[0]'
[   15.548854] of_get_named_gpiod_flags: can't parse 'wp-gpio' property of node '/ocp/interconnect@44c00000/segment@200000/target-module@b000/i2c@0/baseboard_eeprom@50[0]'
[   15.548906] at24 0-0050: using lookup tables for GPIO lookup
[   15.548919] at24 0-0050: No GPIO consumer wp found
[   15.549181] at24 0-0050: 32768 byte 24c256 EEPROM, writable, 1 bytes/write
[   15.640168] tps6521x_pwrbutton tps65217-pwrbutton: DMA mask not set
[   15.720042] input: tps65217_pwrbutton as /devices/platform/ocp/44c00000.interconnect/44c00000.interconnect:segment@200000/44e0b000.target-module/44e0b000.i2c/i2c-0/0-0024/tps65217-pwrbutton/input/input0
[   15.822717] omap_rtc 44e3e000.rtc: registered as rtc0
[   15.827887] omap_rtc 44e3e000.rtc: setting system clock to 2000-01-01T00:00:00 UTC (946684800)
[   15.836707] omap_rtc 44e3e000.rtc: GPIO lookup for consumer wp
[   15.836723] omap_rtc 44e3e000.rtc: using device tree for GPIO lookup
[   15.836754] of_get_named_gpiod_flags: can't parse 'wp-gpios' property of node '/ocp/interconnect@44c00000/segment@200000/target-module@3e000/rtc@0[0]'
[   15.836812] of_get_named_gpiod_flags: can't parse 'wp-gpio' property of node '/ocp/interconnect@44c00000/segment@200000/target-module@3e000/rtc@0[0]'
[   15.836857] omap_rtc 44e3e000.rtc: using lookup tables for GPIO lookup
[   15.836870] omap_rtc 44e3e000.rtc: No GPIO consumer wp found
[   15.924883] wkup_m3_ipc 44e11324.wkup_m3_ipc: IPC Request for A8->M3 Channel failed! -517
[   15.962939] omap_wdt: OMAP Watchdog Timer Rev 0x01: initial timeout 60 sec
[   15.971226] wkup_m3_ipc 44e11324.wkup_m3_ipc: IPC Request for A8->M3 Channel failed! -517
[   16.220827] wkup_m3_ipc 44e11324.wkup_m3_ipc: IPC Request for A8->M3 Channel failed! -517
[   16.458601] am335x-phy-driver 47401300.usb-phy: GPIO lookup for consumer reset
[   16.458651] am335x-phy-driver 47401300.usb-phy: using device tree for GPIO lookup
[   16.458682] of_get_named_gpiod_flags: can't parse 'reset-gpios' property of node '/ocp/target-module@47400000/usb-phy@1300[0]'
[   16.458733] of_get_named_gpiod_flags: can't parse 'reset-gpio' property of node '/ocp/target-module@47400000/usb-phy@1300[0]'
[   16.458769] am335x-phy-driver 47401300.usb-phy: using lookup tables for GPIO lookup
[   16.458782] am335x-phy-driver 47401300.usb-phy: No GPIO consumer reset found
[   16.458793] am335x-phy-driver 47401300.usb-phy: GPIO lookup for consumer vbus-detect
[   16.458803] am335x-phy-driver 47401300.usb-phy: using device tree for GPIO lookup
[   16.458821] of_get_named_gpiod_flags: can't parse 'vbus-detect-gpios' property of node '/ocp/target-module@47400000/usb-phy@1300[0]'
[   16.458853] of_get_named_gpiod_flags: can't parse 'vbus-detect-gpio' property of node '/ocp/target-module@47400000/usb-phy@1300[0]'
[   16.458880] am335x-phy-driver 47401300.usb-phy: using lookup tables for GPIO lookup
[   16.458891] am335x-phy-driver 47401300.usb-phy: No GPIO consumer vbus-detect found
[   16.459025] am335x-phy-driver 47401300.usb-phy: supply vcc not found, using dummy regulator
[   16.467985] am335x-phy-driver 47401300.usb-phy: dummy supplies not allowed for exclusive requests
[   16.772834] am335x-phy-driver 47401b00.usb-phy: GPIO lookup for consumer reset
[   16.772881] am335x-phy-driver 47401b00.usb-phy: using device tree for GPIO lookup
[   16.772911] of_get_named_gpiod_flags: can't parse 'reset-gpios' property of node '/ocp/target-module@47400000/usb-phy@1b00[0]'
[   16.772959] of_get_named_gpiod_flags: can't parse 'reset-gpio' property of node '/ocp/target-module@47400000/usb-phy@1b00[0]'
[   16.772994] am335x-phy-driver 47401b00.usb-phy: using lookup tables for GPIO lookup
[   16.773007] am335x-phy-driver 47401b00.usb-phy: No GPIO consumer reset found
[   16.773018] am335x-phy-driver 47401b00.usb-phy: GPIO lookup for consumer vbus-detect
[   16.773029] am335x-phy-driver 47401b00.usb-phy: using device tree for GPIO lookup
[   16.773046] of_get_named_gpiod_flags: can't parse 'vbus-detect-gpios' property of node '/ocp/target-module@47400000/usb-phy@1b00[0]'
[   16.773078] of_get_named_gpiod_flags: can't parse 'vbus-detect-gpio' property of node '/ocp/target-module@47400000/usb-phy@1b00[0]'
[   16.773106] am335x-phy-driver 47401b00.usb-phy: using lookup tables for GPIO lookup
[   16.773117] am335x-phy-driver 47401b00.usb-phy: No GPIO consumer vbus-detect found
[   16.773251] am335x-phy-driver 47401b00.usb-phy: supply vcc not found, using dummy regulator
[   16.782224] am335x-phy-driver 47401b00.usb-phy: dummy supplies not allowed for exclusive requests
[   16.802325] wkup_m3_ipc 44e11324.wkup_m3_ipc: IPC Request for A8->M3 Channel failed! -517
[   17.192980] wkup_m3_ipc 44e11324.wkup_m3_ipc: IPC Request for A8->M3 Channel failed! -517
