Labgrid Console Logfile for main
Logfile started at 2025-02-17 09:42:43.160693
=== Log starts here ===
reading args
spl_load_image_fat_os: error reading image args, err - -1
reading u-boot.img
reading u-boot.img


U-Boot 2014.04-00014-g47880f5 (Apr 22 2014 - 13:23:54)

I2C:   ready
DRAM:  512 MiB
NAND:  0 MiB
MMC:   OMAP SD/MMC: 0, OMAP SD/MMC: 1
*** Warning - readenv() failed, using default environment

Net:   <ethaddr> not set. Validating first E-fuse MAC
cpsw, usb_ether
Hit any key to stop autoboot:  1  0 
gpio: pin 53 (gpio 53) value is 1
mmc0 is current device
gpio: pin 54 (gpio 54) value is 1
SD/MMC found on device 0
reading uEnv.txt
569 bytes read in 4 ms (138.7 KiB/s)
gpio: pin 55 (gpio 55) value is 1
Loaded environment from uEnv.txt
Importing environment from mmc ...
Checking if uenvcmd is set ...
gpio: pin 56 (gpio 56) value is 1
Running uenvcmd ...
cpsw Waiting for PHY auto negotiation to complete. done
link up on port 0, speed 100, full duplex
Using cpsw device
TFTP from server 192.168.255.126; our IP address is 192.168.255.1
Filename 'zImage'.
Load address: 0x81000000
Loading: *#################################################################
	 #################################################################
	 #################################################################
	 #################################################################
	 #################################################################
	 #####################################################
	 2.4 MiB/s
done
Bytes transferred = 5543032 (549478 hex)
link up on port 0, speed 100, full duplex
Using cpsw device
TFTP from server 192.168.255.126; our IP address is 192.168.255.1
Filename 'am335x-boneblack.dtb'.
Load address: 0x82000000
Loading: *#######
	 1.4 MiB/s
done
Bytes transferred = 98244 (17fc4 hex)
Kernel image @ 0x81000000 [ 0x000000 - 0x549478 ]
## Flattened Device Tree blob at 82000000
   Booting using the fdt blob at 0x82000000
   Using Device Tree in place at 82000000, end 8201afc3

Starting kernel ...

[    0.000000] Booting Linux on physical CPU 0x0
[    0.000000] Linux version 6.14.0-rc2-next-20250217 (user01@drvtest01) (arm-none-eabi-gcc (Arm GNU Toolchain 14.2.Rel1 (Build arm-14.52)) 14.2.1 20241119, GNU ld (Arm GNU Toolchain 14.2.Rel1 (Build arm-14.52)) 2.43.1.20241119) #1 SMP Mon Feb 17 09:41:24 EET 2025
[    0.000000] CPU: ARMv7 Processor [413fc082] revision 2 (ARMv7), cr=10c5387d
[    0.000000] CPU: PIPT / VIPT nonaliasing data cache, VIPT aliasing instruction cache
[    0.000000] OF: fdt: Machine model: TI AM335x BeagleBone Black
[    0.000000] Memory policy: Data cache writeback
[    0.000000] cma: Reserved 16 MiB at 0x9e800000 on node -1
[    0.000000] Zone ranges:
[    0.000000]   Normal   [mem 0x0000000080000000-0x000000009fdfffff]
[    0.000000]   HighMem  empty
[    0.000000] Movable zone start for each node
[    0.000000] Early memory node ranges
[    0.000000]   node   0: [mem 0x0000000080000000-0x000000009fdfffff]
[    0.000000] Initmem setup node 0 [mem 0x0000000080000000-0x000000009fdfffff]
[    0.000000] OF: reserved mem: Reserved memory: No reserved-memory node in the DT
[    0.000000] CPU: All CPU(s) started in SVC mode.
[    0.000000] AM335X ES2.1 (sgx neon)
[    0.000000] percpu: Embedded 17 pages/cpu s39628 r8192 d21812 u69632
[    0.000000] Kernel command line: console=ttyO0,115200n8 root=/dev/nfs rw nfsroot=192.168.255.126:/home/user01/nfs,nfsvers=3 ip=192.168.255.1:192.168.255.126::255.255.255.0:bbb1:eth0 nfsrootdebug
[    0.000000] Unknown kernel command line parameters "nfsrootdebug", will be passed to user space.
[    0.000000] printk: log buffer data + meta data: 65536 + 204800 = 270336 bytes
[    0.000000] Dentry cache hash table entries: 65536 (order: 6, 262144 bytes, linear)
[    0.000000] Inode-cache hash table entries: 32768 (order: 5, 131072 bytes, linear)
[    0.000000] Built 1 zonelists, mobility grouping on.  Total pages: 130560
[    0.000000] mem auto-init: stack:off, heap alloc:off, heap free:off
[    0.000000] SLUB: HWalign=16, Order=0-3, MinObjects=0, CPUs=1, Nodes=1
[    0.000000] rcu: Hierarchical RCU implementation.
[    0.000000] rcu: 	RCU event tracing is enabled.
[    0.000000] rcu: 	RCU restricting CPUs from NR_CPUS=2 to nr_cpu_ids=1.
[    0.000000] 	Tracing variant of Tasks RCU enabled.
[    0.000000] rcu: RCU calculated value of scheduler-enlistment delay is 10 jiffies.
[    0.000000] rcu: Adjusting geometry for rcu_fanout_leaf=16, nr_cpu_ids=1
[    0.000000] RCU Tasks Trace: Setting shift to 0 and lim to 1 rcu_task_cb_adjust=1 rcu_task_cpu_ids=1.
[    0.000000] NR_IRQS: 16, nr_irqs: 16, preallocated irqs: 16
[    0.000000] IRQ: Found an INTC at 0x(ptrval) (revision 5.0) with 128 interrupts
[    0.000000] rcu: srcu_init: Setting srcu_struct sizes based on contention.
[    0.000000] TI gptimer clocksource: always-on /ocp/interconnect@44c00000/segment@200000/target-module@31000
[    0.000003] sched_clock: 32 bits at 24MHz, resolution 41ns, wraps every 89478484971ns
[    0.000026] clocksource: dmtimer: mask: 0xffffffff max_cycles: 0xffffffff, max_idle_ns: 79635851949 ns
[    0.000521] TI gptimer clockevent: 24000000 Hz at /ocp/interconnect@48000000/segment@0/target-module@40000
[    0.002277] Console: colour dummy device 80x30
[    0.002343] WARNING: Your 'console=ttyO0' has been replaced by 'ttyS0'
[    0.002350] This ensures that you still see kernel messages. Please
[    0.002354] update your kernel commandline.
[    0.002395] Calibrating delay loop... 996.14 BogoMIPS (lpj=4980736)
[    0.090566] CPU: Testing write buffer coherency: ok
[    0.090677] CPU0: Spectre v2: using BPIALL workaround
[    0.090688] pid_max: default: 32768 minimum: 301
[    0.090846] LSM: initializing lsm=capability
[    0.091016] Mount-cache hash table entries: 1024 (order: 0, 4096 bytes, linear)
[    0.091036] Mountpoint-cache hash table entries: 1024 (order: 0, 4096 bytes, linear)
[    0.092640] CPU0: thread -1, cpu 0, socket -1, mpidr 0
[    0.092698] cacheinfo: Unable to detect cache hierarchy for CPU 0
[    0.160763] Setting up static identity map for 0x80100000 - 0x80100078
[    0.170715] rcu: Hierarchical SRCU implementation.
[    0.170727] rcu: 	Max phase no-delay instances is 1000.
[    0.190762] smp: Bringing up secondary CPUs ...
[    0.190818] smp: Brought up 1 node, 1 CPU
[    0.190832] SMP: Total of 1 processors activated (996.14 BogoMIPS).
[    0.190842] CPU: All CPU(s) started in SVC mode.
[    0.191016] Memory: 480848K/522240K available (11264K kernel code, 1213K rwdata, 2892K rodata, 1024K init, 288K bss, 23380K reserved, 16384K cma-reserved, 0K highmem)
[    0.191858] devtmpfs: initialized
[    0.209404] VFP support v0.3: implementor 41 architecture 3 part 30 variant c rev 3
[    0.210051] clocksource: jiffies: mask: 0xffffffff max_cycles: 0xffffffff, max_idle_ns: 19112604462750000 ns
[    0.210091] futex hash table entries: 256 (order: 2, 16384 bytes, linear)
[    0.211633] pinctrl core: initialized pinctrl subsystem
[    0.214422] NET: Registered PF_NETLINK/PF_ROUTE protocol family
[    0.217169] DMA: preallocated 256 KiB pool for atomic coherent allocations
[    0.218118] audit: initializing netlink subsys (disabled)
[    0.219489] thermal_sys: Registered thermal governor 'fair_share'
[    0.219507] thermal_sys: Registered thermal governor 'step_wise'
[    0.219515] thermal_sys: Registered thermal governor 'user_space'
[    0.219655] audit: type=2000 audit(0.210:1): state=initialized audit_enabled=0 res=1
[    0.219689] cpuidle: using governor menu
[    0.237762] /ocp/interconnect@44c00000/segment@200000/target-module@b000/i2c@0/tda19988@70: Fixed dependency cycle(s) with /ocp/interconnect@48000000/segment@300000/target-module@e000/lcdc@0
[    0.238895] /ocp/interconnect@48000000/segment@300000/target-module@e000/lcdc@0: Fixed dependency cycle(s) with /ocp/interconnect@44c00000/segment@200000/target-module@b000/i2c@0/tda19988@70
[    0.241276] No ATAGs?
[    0.241319] hw-breakpoint: debug architecture 0x4 unsupported.
[    0.244225] kprobes: kprobe jump-optimization is enabled. All kprobes are optimized if possible.
[    0.254083] iommu: Default domain type: Translated
[    0.254106] iommu: DMA domain TLB invalidation policy: strict mode
[    0.262546] SCSI subsystem initialized
[    0.263399] pps_core: LinuxPPS API ver. 1 registered
[    0.263410] pps_core: Software ver. 5.3.6 - Copyright 2005-2007 Rodolfo Giometti <giometti@linux.it>
[    0.263435] PTP clock support registered
[    0.270946] vgaarb: loaded
[    0.271303] clocksource: Switched to clocksource dmtimer
[    0.271978] VFS: Disk quotas dquot_6.6.0
[    0.272033] VFS: Dquot-cache hash table entries: 1024 (order 0, 4096 bytes)
[    0.296158] NET: Registered PF_INET protocol family
[    0.296502] IP idents hash table entries: 8192 (order: 4, 65536 bytes, linear)
[    0.297931] tcp_listen_portaddr_hash hash table entries: 512 (order: 0, 4096 bytes, linear)
[    0.297969] Table-perturb hash table entries: 65536 (order: 6, 262144 bytes, linear)
[    0.297987] TCP established hash table entries: 4096 (order: 2, 16384 bytes, linear)
[    0.298031] TCP bind hash table entries: 4096 (order: 4, 65536 bytes, linear)
[    0.298131] TCP: Hash tables configured (established 4096 bind 4096)
[    0.298252] UDP hash table entries: 256 (order: 1, 14336 bytes, linear)
[    0.298287] UDP-Lite hash table entries: 256 (order: 1, 14336 bytes, linear)
[    0.298476] NET: Registered PF_UNIX/PF_LOCAL protocol family
[    0.302021] RPC: Registered named UNIX socket transport module.
[    0.302043] RPC: Registered udp transport module.
[    0.302048] RPC: Registered tcp transport module.
[    0.302053] RPC: Registered tcp-with-tls transport module.
[    0.302058] RPC: Registered tcp NFSv4.1 backchannel transport module.
[    0.302082] PCI: CLS 0 bytes, default 64
[    0.303518] Initialise system trusted keyrings
[    0.311960] workingset: timestamp_bits=14 max_order=17 bucket_order=3
[    0.313347] NFS: Registering the id_resolver key type
[    0.313428] Key type id_resolver registered
[    0.313436] Key type id_legacy registered
[    0.313542] jffs2: version 2.2. (NAND) (SUMMARY)  Â© 2001-2006 Red Hat, Inc.
[    0.313958] Key type asymmetric registered
[    0.313974] Asymmetric key parser 'x509' registered
[    0.314034] io scheduler mq-deadline registered
[    0.314045] io scheduler kyber registered
[    0.314115] io scheduler bfq registered
[    0.315768] ledtrig-cpu: registered to indicate activity on CPUs
[    0.322141] Serial: 8250/16550 driver, 6 ports, IRQ sharing enabled
[    0.362211] brd: module loaded
[    0.391069] loop: module loaded
[    0.392148] mtdoops: mtd device (mtddev=name/number) must be supplied
[    0.395413] i2c_dev: i2c /dev entries driver
[    0.396402] cpuidle: enable-method property 'ti,am3352' found operations
[    0.396869] sdhci: Secure Digital Host Controller Interface driver
[    0.396879] sdhci: Copyright(c) Pierre Ossman
[    0.397070] sdhci-pltfm: SDHCI platform and OF driver helper
[    0.398114] Initializing XFRM netlink socket
[    0.398286] NET: Registered PF_INET6 protocol family
[    0.407142] Segment Routing with IPv6
[    0.407231] In-situ OAM (IOAM) with IPv6
[    0.407336] sit: IPv6, IPv4 and MPLS over IPv4 tunneling driver
[    0.408309] NET: Registered PF_PACKET protocol family
[    0.408345] NET: Registered PF_KEY protocol family
[    0.408458] Key type dns_resolver registered
[    0.408683] ThumbEE CPU extension supported.
[    0.408701] Registering SWP/SWPB emulation handler
[    0.409260] omap_voltage_late_init: Voltage driver support not added
[    0.409625] SmartReflex Class3 initialized
[    0.448297] Loading compiled-in X.509 certificates
[    0.498719] /ocp/interconnect@44c00000/segment@200000/target-module@b000/i2c@0/tda19988@70: Fixed dependency cycle(s) with /ocp/interconnect@48000000/segment@300000/target-module@e000/lcdc@0
[    0.505306] /ocp/interconnect@44c00000/segment@200000/target-module@b000/i2c@0/tda19988@70: Fixed dependency cycle(s) with /ocp/interconnect@48000000/segment@300000/target-module@e000/lcdc@0
[    0.528116] /ocp/interconnect@44c00000/segment@200000/target-module@b000/i2c@0/tda19988@70: Fixed dependency cycle(s) with /ocp/interconnect@48000000/segment@300000/target-module@e000/lcdc@0
[    0.528990] /ocp/interconnect@44c00000/segment@200000/target-module@b000/i2c@0/tda19988@70: Fixed dependency cycle(s) with /ocp/interconnect@48000000/segment@300000/target-module@e000/lcdc@0
[    0.532744] /ocp/interconnect@44c00000/segment@200000/target-module@10000/scm@0/pinmux@800: Fixed dependency cycle(s) with /ocp/interconnect@44c00000/segment@200000/target-module@10000/scm@0/pinmux@800/clkout2-pins
[    0.533353] pinctrl-single 44e10800.pinmux: 142 pins, size 568
[    0.538622] ti-sysc 44e31000.target-module: probe with driver ti-sysc failed with error -16
[    0.565147] /ocp/interconnect@48000000/segment@300000/target-module@e000/lcdc@0: Fixed dependency cycle(s) with /ocp/interconnect@44c00000/segment@200000/target-module@b000/i2c@0/tda19988@70
[    0.573332] ti-sysc 48040000.target-module: probe with driver ti-sysc failed with error -16
[    0.619103] OMAP GPIO hardware version 0.1
[    0.645448] omap_i2c 4819c000.i2c: bus 2 rev0.11 at 100 kHz
[    0.676217] 48000000.interconnect:segment@200000:target-module@0:mpu@0:fck: device ID is greater than 24
[    0.677117] /ocp/interconnect@48000000/segment@300000/target-module@e000/lcdc@0: Fixed dependency cycle(s) with /ocp/interconnect@44c00000/segment@200000/target-module@b000/i2c@0/tda19988@70
[    0.679917] /ocp/interconnect@48000000/segment@300000/target-module@e000/lcdc@0: Fixed dependency cycle(s) with /ocp/interconnect@44c00000/segment@200000/target-module@b000/i2c@0/tda19988@70
[    0.680635] /ocp/interconnect@44c00000/segment@200000/target-module@b000/i2c@0/tda19988@70: Fixed dependency cycle(s) with /ocp/interconnect@48000000/segment@300000/target-module@e000/lcdc@0
[    0.680792] /ocp/interconnect@48000000/segment@300000/target-module@e000/lcdc@0: Fixed dependency cycle(s) with /ocp/interconnect@44c00000/segment@200000/target-module@b000/i2c@0/tda19988@70
[    0.692189] sdhci-omap 481d8000.mmc: supply pbias not found, using dummy regulator
[    0.703941] sdhci-omap 481d8000.mmc: supply vqmmc not found, using dummy regulator
[    0.741844] davinci_mdio 4a101000.mdio: davinci mdio revision 1.6, bus freq 1000000
[    0.926071] davinci_mdio 4a101000.mdio: phy[0]: device 4a101000.mdio:00, driver SMSC LAN8710/LAN8720
[    0.926867] cpsw-switch 4a100000.switch: initialized cpsw ale version 1.4
[    0.926892] cpsw-switch 4a100000.switch: ALE Table size 1024, Policers 0
[    0.927035] cpsw-switch 4a100000.switch: cpts: overflow check period 500 (jiffies)
[    0.927052] cpsw-switch 4a100000.switch: CPTS: ref_clk_freq:250000000 calc_mult:2147483648 calc_shift:29 error:0 nsec/sec
[    0.927161] cpsw-switch 4a100000.switch: Detected MACID = 6c:ec:eb:68:de:78
[    0.929004] cpsw-switch 4a100000.switch: initialized (regs 0x4a100000, pool size 256) hw_ver:0019010C 1.12 (0)
[    0.940058] debugfs: Directory '49000000.dma' with parent 'dmaengine' already present!
[    0.940101] edma 49000000.dma: TI EDMA DMA engine driver
[    0.977980] target-module@4b000000:target-module @140000:pmu@0:fck: device ID is greater than 24
[    1.013125 ] hw perfevents: enabled with armv7_cortex_a8 PMU driver, 5 (8 000000f) counters available
[    1.020879] l3-aon-clkctrl:000 0:0: failed to disable
[    1.033947] 44e09000.serial: ttyS0 at MMIO 
[    2.528583] omap_gpio 44e07000.gpio: Could not set line 6 debounce to 200000 microseconds (-22)
[    2.537475] sdhci-omap 48060000.mmc: Got CD GPIO
[    2.542511] sdhci-omap 48060000.mmc: supply pbias not found, using dummy regulator
[    2.552625] sdhci-omap 48060000.mmc: supply vqmmc not found, using dummy regulator
[    2.561766] sdhci-omap 481d8000.mmc: supply pbias not found, using dummy regulator
[    2.569772] sdhci-omap 481d8000.mmc: supply vqmmc not found, using dummy regulator
[    2.607121] mmc1: SDHCI controller on 481d8000.mmc [481d8000.mmc] using External DMA
[    2.616520] mmc0: SDHCI controller on 48060000.mmc [48060000.mmc] using External DMA
[    2.625337] cpsw-switch 4a100000.switch: starting ndev. mode: dual_mac
[    2.670583] mmc0: new high speed SDHC card at address 5048
[    2.677644] mmcblk0: mmc0:5048 SD16G 14.4 GiB
[    2.685716]  mmcblk0: p1 p2
[    2.689090] mmcblk0: p2 size 31221760 extends beyond EOD, truncated
[    2.702585] SMSC LAN8710/LAN8720 4a101000.mdio:00: attached PHY driver (mii_bus:phy_addr=4a101000.mdio:00, irq=POLL)
[    2.714739] mmc1: new high speed MMC card at address 0001
[    2.721698] mmcblk1: mmc1:0001 MMC04G 3.60 GiB
[    2.733603]  mmcblk1: p1 p2
[    2.737882] mmcblk1boot0: mmc1:0001 MMC04G 2.00 MiB
[    2.745137] mmcblk1boot1: mmc1:0001 MMC04G 2.00 MiB
[    2.752507] mmcblk1rpmb: mmc1:0001 MMC04G 128 KiB, chardev (250:0)
[    5.842073] cpsw-switch 4a100000.switch eth0: Link is Up - 100Mbps/Full - flow control off
[    5.881564] IP-Config: Complete:
[    5.884845]      device=eth0, hwaddr=6c:ec:eb:68:de:78, ipaddr=192.168.255.1, mask=255.255.255.0, gw=255.255.255.255
[    5.895512]      host=bbb1, domain=, nis-domain=(none)
[    5.900678]      bootserver=192.168.255.126, rootserver=192.168.255.126, rootpath=
[    5.901103] clk: Disabling unused clocks
[    5.912950] PM: genpd: Disabling unused power domains
[    5.918067] KTAP version 1
[    5.920788] 1..0
[    5.949301] VFS: Mounted root (nfs filesystem) on device 0:17.
[    5.956532] devtmpfs: mounted
[    5.960995] Freeing unused kernel image (initmem) memory: 1024K
[    5.967886] Run /sbin/init as init process
[    6.671912] systemd[1]: System time before build time, advancing clock.
[    8.151327] random: crng init done
[    8.193315] systemd[1]: systemd 232 running in system mode. (+PAM +AUDIT +SELINUX +IMA +APPARMOR +SMACK +SYSVINIT +UTMP +LIBCRYPTSETUP +GCRYPT +GNUTLS +ACL +XZ +LZ4 +SECCOMP +BLKID +ELFUTILS +KMOD +IDN)
[    8.212299] systemd[1]: Detected architecture arm.

Welcome to [1mDebian GNU/Linux 9 (stretch)[0m!

[    8.244452] systemd[1]: Set hostname to <arm>.
[    9.336462] systemd[1]: Reached target Remote File Systems.
[[0;32m  OK  [0m] Reached target Remote File Systems.
[    9.363291] systemd[1]: Listening on Syslog Socket.
[[0;32m  OK  [0m] Listening on Syslog Socket.
[    9.392182] systemd[1]: Started Forward Password Requests to Wall Directory Watch.
[[0;32m  OK  [0m] Started Forward Password Requests to Wall Directory Watch.
[    9.422362] systemd[1]: Listening on Journal Audit Socket.
[[0;32m  OK  [0m] Listening on Journal Audit Socket.
[    9.451734] systemd[1]: Reached target Swap.
[[0;32m  OK  [0m] Reached target Swap.
[    9.472021] systemd[1]: Listening on Journal Socket (/dev/log).
[[0;32m  OK  [0m] Listening on Journal Socket (/dev/log).
[    9.503376] systemd[1]: Listening on udev Control Socket.
[[0;32m  OK  [0m] Listening on udev Control Socket.
[[0;32m  OK  [0m] Set up automount Arbitrary Executabâ€¦rmats File System Automount Point.
[[0;32m  OK  [0m] Created slice System Slice.
         Mounting POSIX Message Queue File System...
         Mounting Debug File System...
[[0;32m  OK  [0m] Created slice system-serial\x2dgetty.slice.
[[0;32m  OK  [0m] Listening on udev Kernel Socket.
[[0;32m  OK  [0m] Created slice system-getty.slice.
[[0;32m  OK  [0m] Created slice User and Session Slice.
[[0;32m  OK  [0m] Listening on Journal Socket.
         Starting Remount Root and Kernel File Systems...
         Starting Load Kernel Modules...
         Starting Create list of required stâ€¦ce nodes for the current kernel...
         Starting Journal Service...
[[0;32m  OK  [0m] Started Dispatch Password Requests to Console Directory Watch.
[[0;32m  OK  [0m] Reached target Paths.
[[0;32m  OK  [0m] Listening on /dev/initctl Compatibility Named Pipe.
[[0;32m  OK  [0m] Reached target Encrypted Volumes.
[[0;32m  OK  [0m] Reached target Slices.
[[0;32m  OK  [0m] Mounted POSIX Message Queue File System.
[[0;32m  OK  [0m] Mounted Debug File System.
[[0;32m  OK  [0m] Started Remount Root and Kernel File Systems.
[[0;32m  OK  [0m] Started Load Kernel Modules.
[[0;32m  OK  [0m] Started Create list of required staâ€¦vice nodes for the current kernel.
         Starting Create Static Device Nodes in /dev...
         Mounting Configuration File System...
         Starting Apply Kernel Variables...
         Starting udev Coldplug all Devices...
         Starting Load/Save Random Seed...
[[0;32m  OK  [0m] Mounted Configuration File System.
[[0;32m  OK  [0m] Started Apply Kernel Variables.
[[0;32m  OK  [0m] Started Load/Save Random Seed.
[[0;32m  OK  [0m] Started Create Static Device Nodes in /dev.
         Starting udev Kernel Device Manager...
[[0;32m  OK  [0m] Reached target Local File Systems (Pre).
[[0;32m  OK  [0m] Reached target Local File Systems.
         Starting Raise network interfaces...
[[0;32m  OK  [0m] Started Journal Service.
         Starting Flush Journal to Persistent Storage...
[   11.644085] systemd-journald[88]: Received request to flush runtime journal from PID 1
[[0;32m  OK  [0m] Started Flush Journal to Persistent Storage.
         Starting Create Volatile Files and Directories...
[[0;32m  OK  [0m] Started udev Kernel Device Manager.
[[0;32m  OK  [0m] Started Create Volatile Files and Directories.
         Starting Update UTMP about System Boot/Shutdown...
         Starting Network Time Synchronization...
[[0;32m  OK  [0m] Started Update UTMP about System Boot/Shutdown.
[[0;32m  OK  [0m] Started udev Coldplug all Devices.
[[0;32m  OK  [0m] Started Network Time Synchronization.
[[0;32m  OK  [0m] Reached target System Initialization.
[   14.905474] remoteproc remoteproc0: wkup_m3 is available
[[0;32m  OK  [0m] Listening on Avahi mDNS/DNS-SD Stack Activation Socket.
[[0;32m  OK  [0m] Started Daily Cleanup of Temporary Directories.
[   15.019258] omap_rtc 44e3e000.rtc: registered as rtc0
[   15.024588] omap_rtc 44e3e000.rtc: setting system clock to 2000-01-01T00:00:00 UTC (946684800)
[[0;32m  OK  [0m] Listening on D-Bus System Message Bus Socket.
[[0;32m  OK  [0m] Reached target Sockets.
[[0;32m  OK  [0m] Reached target Basic System.
[   15.193193] at24 2-0054: supply vcc not found, using dummy regulator
[   15.231785] omap_wdt: OMAP Watchdog Timer Rev 0x01: initial timeout 60 sec
[[0;32m  OK  [0m] Started Regular background program processing daemon.
[   15.324995] am335x-phy-driver 47401300.usb-phy: dummy supplies not allowed for exclusive requests (id=vbus)
[   15.372664] at24 2-0055: supply vcc not found, using dummy regulator
         Starting System Logging Service...
[   15.503497] at24 2-0056: supply vcc not found, using dummy regulator
         Starting Login Service...
[   15.603118] at24 2-0057: supply vcc not found, using dummy regulator
[   15.624643] am335x-phy-driver 47401b00.usb-phy: dummy supplies not allowed for exclusive requests (id=vbus)
         Starting LSB: Start busybox udhcpd at boot time...
[   15.729811] tps6521x_pwrbutton tps65217-pwrbutton: DMA mask not set
         Starting Generic Board Startup...
[   15.883933] input: tps65217_pwrbutton as /devices/platform/ocp/44c00000.interconnect/44c00000.interconnect:segment@200000/44e0b000.target-module/44e0b000.i2c/i2c-0/0-0024/tps65217-pwrbutton/input/input0
[   15.944068] at24 0-0050: 32768 byte 24c256 EEPROM, writable, 1 bytes/write
         Starting Cape Manager Service...
[[0;32m  OK  [0m] Started D-Bus System Message Bus.
[   16.263282] wkup_m3_ipc 44e11324.wkup_m3_ipc: IPC Request for A8->M3 Channel failed! -517
[   16.808328] usbcore: registered new interface driver usbfs
[   16.814184] usbcore: registered new interface driver hub
[   16.819631] usbcore: registered new device driver usb
[   17.502818] omap-mailbox 480c8000.mailbox: omap mailbox rev 0x400
[   17.574684] remoteproc remoteproc0: powering up wkup_m3
[   17.736973] remoteproc remoteproc0: Direct firmware load for am335x-pm-firmware.elf failed with error -2
[   17.746833] remoteproc remoteproc0: request_firmware failed: -2
[   17.752866] wkup_m3_ipc 44e11324.wkup_m3_ipc: rproc_boot failed
[   17.816121] musb-hdrc musb-hdrc.1: MUSB HDRC host driver
[   17.821692] musb-hdrc musb-hdrc.1: new USB bus registered, assigned bus number 1
[   17.856021] tda998x 0-0070: found TDA19988
[   18.084504] usb usb1: New USB device found, idVendor=1d6b, idProduct=0002, bcdDevice= 6.14
[   18.093047] usb usb1: New USB device strings: Mfr=3, Product=2, SerialNumber=1
[   18.100314] usb usb1: Product: MUSB HDRC host driver
[   18.105372] usb usb1: Manufacturer: Linux 6.14.0-rc2-next-20250217 musb-hcd
[   18.112417] usb usb1: SerialNumber: musb-hdrc.1
[   18.505744] hub 1-0:1.0: USB hub found
[   18.572899] hub 1-0:1.0: 1 port detected
[   19.901922] omap_rng 48310000.rng: Random Number Generator ver. 20
[   20.176431] tilcdc 4830e000.lcdc: bound 0-0070 (ops tda998x_audio_codec_init [tda998x])
[   20.269786] [drm] Initialized tilcdc 1.0.0 for 4830e000.lcdc on minor 0
[   20.351860] tilcdc 4830e000.lcdc: [drm] Cannot find any crtc or sizes
[   20.359742] tilcdc 4830e000.lcdc: [drm] Cannot find any crtc or sizes
         Starting Connection service...
         Starting Telephony service...
         Starting LSB: Load kernel modules needed to enable cpufreq scaling...
         Starting DUN service...
         Starting Avahi mDNS/DNS-SD Stack...
[[0;32m  OK  [0m] Reached target System Time Synchronized.
[[0;32m  OK  [0m] Started Daily apt download activities.
[[0;32m  OK  [0m] Started Daily apt upgrade and clean activities.
[[0;32m  OK  [0m] Reached target Timers.
[   21.416204] PM: Cannot get wkup_m3_ipc handle
[   21.436887] omap-sham 53100000.sham: hw accel on OMAP rev 4.3
[   21.571964] omap-sham 53100000.sham: will run requests pump with realtime priority
[[0;32m  OK  [0m] Started System Logging Service.[   21.602294] PM: Cannot get wkup_m3_ipc handle

[   21.657256] omap-aes 53500000.aes: OMAP AES hw accel rev: 3.2
[[0;32m  OK  [0m] Started Cape Manager Service.
[   21.781530] omap-aes 53500000.aes: will run requests pump with realtime priority
[   21.802404] PM: Cannot get wkup_m3_ipc handle
[[0;32m  OK  [0m] Found device /dev/ttyS0.
[   24.378263] Bluetooth: Core ver 2.22
[   24.382294] NET: Registered PF_BLUETOOTH protocol family
[   24.387649] Bluetooth: HCI device and connection manager initialized
[   24.394209] Bluetooth: HCI socket layer initialized
[   24.399128] Bluetooth: L2CAP socket layer initialized
[   24.404300] Bluetooth: SCO socket layer initialized
[   25.733370] gpio-537 (nxp,calib): gpiod_direction_output_nonotify: tried to set a GPIO tied to an IRQ as output
[   25.919655] PM: Cannot get wkup_m3_ipc handle
[   26.093123] PM: Cannot get wkup_m3_ipc handle
[   26.126798] tda9950 0-0034: TDA9950 CEC interface, hardware version 3.3
[[0;32m  OK  [0m] Started LSB: Start busybox udhcpd at boot time.
[   26.212758] PM: Cannot get wkup_m3_ipc handle
[[0;32m  OK  [0m] Started Raise network interfaces.
[[0;32m  OK  [0m] Started LSB: Load kernel modules needed to enable cpufreq scaling.
[   28.610796] configfs-gadget.g_multi gadget.0: HOST MAC 1c:ba:8c:a2:ed:6c
[   28.617801] configfs-gadget.g_multi gadget.0: MAC 1c:ba:8c:a2:ed:70
[   28.625252] configfs-gadget.g_multi gadget.0: HOST MAC 1c:ba:8c:a2:ed:6c
[   28.632157] configfs-gadget.g_multi gadget.0: MAC 1c:ba:8c:a2:ed:6d
[   28.651891] PM: Cannot get wkup_m3_ipc handle
[[0;32m  OK  [0m] Started DUN service.
[[0;32m  OK  [0m] Started Telephony service.
[[0;32m  OK  [0m] Started Connection service.
[[0;32m  OK  [0m] Started Avahi mDNS/DNS-SD Stack.
[[0;32m  OK  [0m] Started Login Service.
[[0;32m  OK  [0m] Reached target Sound Card.
         Starting LSB: set CPUFreq kernel parameters...
[[0;32m  OK  [0m] Reached target Network.
         Starting OpenBSD Secure Shell server...
         Starting Permit User Sessions...
         Starting The Apache HTTP Server...
[[0;32m  OK  [0m] Reached target Network is Online.
         Starting LSB: Advanced IEEE 802.11 management daemon...
[[0;32m  OK  [0m] Started Permit User Sessions.
[[0;32m  OK  [0m] Started LSB: Advanced IEEE 802.11 management daemon.
         Starting Hostname Service...
         Starting WPA supplicant...
[[0;32m  OK  [0m] Started Serial Getty on ttyS0.
[[0;32m  OK  [0m] Started Getty on tty1.
[[0;32m  OK  [0m] Reached target Login Prompts.
[[0;32m  OK  [0m] Started LSB: set CPUFreq kernel parameters.
[[0;32m  OK  [0m] Started Hostname Service.
[[0;32m  OK  [0m] Started WPA supplicant.
         Stopping LSB: Start busybox udhcpd at boot time...
[[0;32m  OK  [0m] Started OpenBSD Secure Shell server.
[[0;32m  OK  [0m] Stopped LSB: Start busybox udhcpd at boot time.
         Starting dnsmasq - A lightweight DHCP and caching DNS server...
[[0;32m  OK  [0m] Started The Apache HTTP Server.
[[0;32m  OK  [0m] Started dnsmasq - A lightweight DHCP and caching DNS server.
[[0;32m  OK  [0m] Reached target Host and Network Name Lookups.
[[0;32m  OK  [0m] Started Serial Getty on ttyGS0.
[[0;32m  OK  [0m] Started Generic Board Startup.
[[0;32m  OK  [0m] Reached target Multi-User System.
[[0;32m  OK  [0m] Reached target Graphical Interface.
         Starting Update UTMP about System Runlevel Changes...
[[0;32m  OK  [0m] Started Update UTMP about System Runlevel Changes.

Debian GNU/Linux 9 arm ttyS0

default username:password is [debian:temppwd]

arm login: root
Password: 
Last login: Sat Jan  1 00:00:33 UTC 2000 on ttyS0
root
Linux arm 6.14.0-rc2-next-20250217 #1 SMP Mon Feb 17 09:41:24 EET 2025 armv7l

The programs included with the Debian GNU/Linux system are free software;
the exact distribution terms for each program are described in the
individual files in /usr/share/doc/*/copyright.

Debian GNU/Linux comes with ABSOLUTELY NO WARRANTY, to the extent
permitted by applicable law.
root@arm:~# root
-bash: root: command not found
root@arm:~# dmesg -n 1
echo 'GCJF''XZNZTT'
root@arm:~# echo 'GCJF''XZNZTT'
GCJFXZNZTT
root@arm:~# run() { echo -n "$MARKER"; sh -c "$@"; echo "$MARKER $?"; }
root@arm:~# echo 'FPLN''LEASSJ'
FPLNLEASSJ
root@arm:~# MARKER='EMAC''TXBKTO' run 'cat /proc/version'
EMACTXBKTOLinux version 6.14.0-rc2-next-20250217 (user01@drvtest01) (arm-none-eabi-gcc (Arm GNU Toolchain 14.2.Rel1 (Build arm-14.52)) 14.2.1 20241119, GNU ld (Arm GNU Toolchain 14.2.Rel1 (Build arm-14.52)) 2.43.1.20241119) #1 SMP Mon Feb 17 09:41:24 EET 2025
EMACTXBKTO 0
root@arm:~# echo 'XWGQ''JPKEQH'
XWGQJPKEQH
root@arm:~# MARKER='NYOQ''PBOTQJ' run false
NYOQPBOTQJNYOQPBOTQJ 1
root@arm:~# Labgrid Console Logfile for main
Logfile started at 2025-02-17 09:43:40.798826
=== Log starts here ===

root@arm:~# run() { echo -n "$MARKER"; sh -c "$@"; echo "$MARKER $?"; }
root@arm:~# echo 'POEQ''XOEXOG'
POEQXOEXOG
root@arm:~# MARKER='VWJM''AFTJMW' run 'ls /iio_generic_buffer; echo $?'
VWJMAFTJMW/iio_generic_buffer
0
VWJMAFTJMW 0
root@arm:~# Labgrid Console Logfile for main
Logfile started at 2025-02-17 09:43:44.189271
=== Log starts here ===

root@arm:~# run() { echo -n "$MARKER"; sh -c "$@"; echo "$MARKER $?"; }
root@arm:~# echo 'BEEV''XLTVZK'
BEEVXLTVZK
root@arm:~# MARKER='BKEY''PHVMOF' run dmesg
BKEYPHVMOF[    0.000000] Booting Linux on physical CPU 0x0
[    0.000000] Linux version 6.14.0-rc2-next-20250217 (user01@drvtest01) (arm-none-eabi-gcc (Arm GNU Toolchain 14.2.Rel1 (Build arm-14.52)) 14.2.1 20241119, GNU ld (Arm GNU Toolchain 14.2.Rel1 (Build arm-14.52)) 2.43.1.20241119) #1 SMP Mon Feb 17 09:41:24 EET 2025
[    0.000000] CPU: ARMv7 Processor [413fc082] revision 2 (ARMv7), cr=10c5387d
[    0.000000] CPU: PIPT / VIPT nonaliasing data cache, VIPT aliasing instruction cache
[    0.000000] OF: fdt: Machine model: TI AM335x BeagleBone Black
[    0.000000] Memory policy: Data cache writeback
[    0.000000] cma: Reserved 16 MiB at 0x9e800000 on node -1
[    0.000000] Zone ranges:
[    0.000000]   Normal   [mem 0x0000000080000000-0x000000009fdfffff]
[    0.000000]   HighMem  empty
[    0.000000] Movable zone start for each node
[    0.000000] Early memory node ranges
[    0.000000]   node   0: [mem 0x0000000080000000-0x000000009fdfffff]
[    0.000000] Initmem setup node 0 [mem 0x0000000080000000-0x000000009fdfffff]
[    0.000000] OF: reserved mem: Reserved memory: No reserved-memory node in the DT
[    0.000000] CPU: All CPU(s) started in SVC mode.
[    0.000000] AM335X ES2.1 (sgx neon)
[    0.000000] percpu: Embedded 17 pages/cpu s39628 r8192 d21812 u69632
[    0.000000] pcpu-alloc: s39628 r8192 d21812 u69632 alloc=17*4096
[    0.000000] pcpu-alloc: [0] 0 
[    0.000000] Kernel command line: console=ttyO0,115200n8 root=/dev/nfs rw nfsroot=192.168.255.126:/home/user01/nfs,nfsvers=3 ip=192.168.255.1:192.168.255.126::255.255.255.0:bbb1:eth0 nfsrootdebug
[    0.000000] Unknown kernel command line parameters "nfsrootdebug", will be passed to user space.
[    0.000000] printk: log buffer data + meta data: 65536 + 204800 = 270336 bytes
[    0.000000] Dentry cache hash table entries: 65536 (order: 6, 262144 bytes, linear)
[    0.000000] Inode-cache hash table entries: 32768 (order: 5, 131072 bytes, linear)
[    0.000000] Built 1 zonelists, mobility grouping on.  Total pages: 130560
[    0.000000] mem auto-init: stack:off, heap alloc:off, heap free:off
[    0.000000] SLUB: HWalign=16, Order=0-3, MinObjects=0, CPUs=1, Nodes=1
[    0.000000] rcu: Hierarchical RCU implementation.
[    0.000000] rcu: 	RCU event tracing is enabled.
[    0.000000] rcu: 	RCU restricting CPUs from NR_CPUS=2 to nr_cpu_ids=1.
[    0.000000] 	Tracing variant of Tasks RCU enabled.
[    0.000000] rcu: RCU calculated value of scheduler-enlistment delay is 10 jiffies.
[    0.000000] rcu: Adjusting geometry for rcu_fanout_leaf=16, nr_cpu_ids=1
[    0.000000] RCU Tasks Trace: Setting shift to 0 and lim to 1 rcu_task_cb_adjust=1 rcu_task_cpu_ids=1.
[    0.000000] NR_IRQS: 16, nr_irqs: 16, preallocated irqs: 16
[    0.000000] IRQ: Found an INTC at 0x(ptrval) (revision 5.0) with 128 interrupts
[    0.000000] rcu: srcu_init: Setting srcu_struct sizes based on contention.
[    0.000000] TI gptimer clocksource: always-on /ocp/interconnect@44c00000/segment@200000/target-module@31000
[    0.000003] sched_clock: 32 bits at 24MHz, resolution 41ns, wraps every 89478484971ns
[    0.000026] clocksource: dmtimer: mask: 0xffffffff max_cycles: 0xffffffff, max_idle_ns: 79635851949 ns
[    0.000521] TI gptimer clockevent: 24000000 Hz at /ocp/interconnect@48000000/segment@0/target-module@40000
[    0.002277] Console: colour dummy device 80x30
[    0.002343] WARNING: Your 'console=ttyO0' has been replaced by 'ttyS0'
[    0.002350] This ensures that you still see kernel messages. Please
[    0.002354] update your kernel commandline.
[    0.002395] Calibrating delay loop... 996.14 BogoMIPS (lpj=4980736)
[    0.090566] CPU: Testing write buffer coherency: ok
[    0.090677] CPU0: Spectre v2: using BPIALL workaround
[    0.090688] pid_max: default: 32768 minimum: 301
[    0.090846] LSM: initializing lsm=capability
[    0.091016] Mount-cache hash table entries: 1024 (order: 0, 4096 bytes, linear)
[    0.091036] Mountpoint-cache hash table entries: 1024 (order: 0, 4096 bytes, linear)
[    0.092640] CPU0: thread -1, cpu 0, socket -1, mpidr 0
[    0.092698] cacheinfo: Unable to detect cache hierarchy for CPU 0
[    0.160763] Setting up static identity map for 0x80100000 - 0x80100078
[    0.170715] rcu: Hierarchical SRCU implementation.
[    0.170727] rcu: 	Max phase no-delay instances is 1000.
[    0.190762] smp: Bringing up secondary CPUs ...
[    0.190818] smp: Brought up 1 node, 1 CPU
[    0.190832] SMP: Total of 1 processors activated (996.14 BogoMIPS).
[    0.190842] CPU: All CPU(s) started in SVC mode.
[    0.191016] Memory: 480848K/522240K available (11264K kernel code, 1213K rwdata, 2892K rodata, 1024K init, 288K bss, 23380K reserved, 16384K cma-reserved, 0K highmem)
[    0.191858] devtmpfs: initialized
[    0.209404] VFP support v0.3: implementor 41 architecture 3 part 30 variant c rev 3
[    0.210051] clocksource: jiffies: mask: 0xffffffff max_cycles: 0xffffffff, max_idle_ns: 19112604462750000 ns
[    0.210091] futex hash table entries: 256 (order: 2, 16384 bytes, linear)
[    0.211633] pinctrl core: initialized pinctrl subsystem
[    0.214422] NET: Registered PF_NETLINK/PF_ROUTE protocol family
[    0.217169] DMA: preallocated 256 KiB pool for atomic coherent allocations
[    0.218118] audit: initializing netlink subsys (disabled)
[    0.219489] thermal_sys: Registered thermal governor 'fair_share'
[    0.219507] thermal_sys: Registered thermal governor 'step_wise'
[    0.219515] thermal_sys: Registered thermal governor 'user_space'
[    0.219655] audit: type=2000 audit(0.210:1): state=initialized audit_enabled=0 res=1
[    0.219689] cpuidle: using governor menu
[    0.237762] /ocp/interconnect@44c00000/segment@200000/target-module@b000/i2c@0/tda19988@70: Fixed dependency cycle(s) with /ocp/interconnect@48000000/segment@300000/target-module@e000/lcdc@0
[    0.238895] /ocp/interconnect@48000000/segment@300000/target-module@e000/lcdc@0: Fixed dependency cycle(s) with /ocp/interconnect@44c00000/segment@200000/target-module@b000/i2c@0/tda19988@70
[    0.241276] No ATAGs?
[    0.241319] hw-breakpoint: debug architecture 0x4 unsupported.
[    0.244225] kprobes: kprobe jump-optimization is enabled. All kprobes are optimized if possible.
[    0.254083] iommu: Default domain type: Translated
[    0.254106] iommu: DMA domain TLB invalidation policy: strict mode
[    0.261387] reg-fixed-voltage fixedregulator0: using DT '/fixedregulator0' for '(default)' GPIO lookup
[    0.261442] of_get_named_gpiod_flags: can't parse 'gpios' property of node '/fixedregulator0[0]'
[    0.261471] of_get_named_gpiod_flags: can't parse 'gpio' property of node '/fixedregulator0[0]'
[    0.261489] reg-fixed-voltage fixedregulator0: using lookup tables for GPIO lookup
[    0.261500] reg-fixed-voltage fixedregulator0: No GPIO consumer (default) found
[    0.262546] SCSI subsystem initialized
[    0.263023] libata version 3.00 loaded.
[    0.263399] pps_core: LinuxPPS API ver. 1 registered
[    0.263410] pps_core: Software ver. 5.3.6 - Copyright 2005-2007 Rodolfo Giometti <giometti@linux.it>
[    0.263435] PTP clock support registered
[    0.270946] vgaarb: loaded
[    0.271303] clocksource: Switched to clocksource dmtimer
[    0.271978] VFS: Disk quotas dquot_6.6.0
[    0.272033] VFS: Dquot-cache hash table entries: 1024 (order 0, 4096 bytes)
[    0.296158] NET: Registered PF_INET protocol family
[    0.296502] IP idents hash table entries: 8192 (order: 4, 65536 bytes, linear)
[    0.297931] tcp_listen_portaddr_hash hash table entries: 512 (order: 0, 4096 bytes, linear)
[    0.297969] Table-perturb hash table entries: 65536 (order: 6, 262144 bytes, linear)
[    0.297987] TCP established hash table entries: 4096 (order: 2, 16384 bytes, linear)
[    0.298031] TCP bind hash table entries: 4096 (order: 4, 65536 bytes, linear)
[    0.298131] TCP: Hash tables configured (established 4096 bind 4096)
[    0.298252] UDP hash table entries: 256 (order: 1, 14336 bytes, linear)
[    0.298287] UDP-Lite hash table entries: 256 (order: 1, 14336 bytes, linear)
[    0.298476] NET: Registered PF_UNIX/PF_LOCAL protocol family
[    0.302021] RPC: Registered named UNIX socket transport module.
[    0.302043] RPC: Registered udp transport module.
[    0.302048] RPC: Registered tcp transport module.
[    0.302053] RPC: Registered tcp-with-tls transport module.
[    0.302058] RPC: Registered tcp NFSv4.1 backchannel transport module.
[    0.302082] PCI: CLS 0 bytes, default 64
[    0.303518] Initialise system trusted keyrings
[    0.311960] workingset: timestamp_bits=14 max_order=17 bucket_order=3
[    0.313347] NFS: Registering the id_resolver key type
[    0.313428] Key type id_resolver registered
[    0.313436] Key type id_legacy registered
[    0.313542] jffs2: version 2.2. (NAND) (SUMMARY)  Â© 2001-2006 Red Hat, Inc.
[    0.313958] Key type asymmetric registered
[    0.313974] Asymmetric key parser 'x509' registered
[    0.314034] io scheduler mq-deadline registered
[    0.314045] io scheduler kyber registered
[    0.314115] io scheduler bfq registered
[    0.315768] ledtrig-cpu: registered to indicate activity on CPUs
[    0.322141] Serial: 8250/16550 driver, 6 ports, IRQ sharing enabled
[    0.362211] brd: module loaded
[    0.391069] loop: module loaded
[    0.392148] mtdoops: mtd device (mtddev=name/number) must be supplied
[    0.393968] mdio_bus fixed-0: using lookup tables for GPIO lookup
[    0.393991] mdio_bus fixed-0: No GPIO consumer reset found
[    0.395413] i2c_dev: i2c /dev entries driver
[    0.396402] cpuidle: enable-method property 'ti,am3352' found operations
[    0.396869] sdhci: Secure Digital Host Controller Interface driver
[    0.396879] sdhci: Copyright(c) Pierre Ossman
[    0.397070] sdhci-pltfm: SDHCI platform and OF driver helper
[    0.398114] Initializing XFRM netlink socket
[    0.398286] NET: Registered PF_INET6 protocol family
[    0.407142] Segment Routing with IPv6
[    0.407231] In-situ OAM (IOAM) with IPv6
[    0.407336] sit: IPv6, IPv4 and MPLS over IPv4 tunneling driver
[    0.408309] NET: Registered PF_PACKET protocol family
[    0.408345] NET: Registered PF_KEY protocol family
[    0.408458] Key type dns_resolver registered
[    0.408683] ThumbEE CPU extension supported.
[    0.408701] Registering SWP/SWPB emulation handler
[    0.409260] omap_voltage_late_init: Voltage driver support not added
[    0.409625] SmartReflex Class3 initialized
[    0.448297] Loading compiled-in X.509 certificates
[    0.498719] /ocp/interconnect@44c00000/segment@200000/target-module@b000/i2c@0/tda19988@70: Fixed dependency cycle(s) with /ocp/interconnect@48000000/segment@300000/target-module@e000/lcdc@0
[    0.505306] /ocp/interconnect@44c00000/segment@200000/target-module@b000/i2c@0/tda19988@70: Fixed dependency cycle(s) with /ocp/interconnect@48000000/segment@300000/target-module@e000/lcdc@0
[    0.510714] gpiochip_find_base_unlocked: found new base at 512
[    0.528116] /ocp/interconnect@44c00000/segment@200000/target-module@b000/i2c@0/tda19988@70: Fixed dependency cycle(s) with /ocp/interconnect@48000000/segment@300000/target-module@e000/lcdc@0
[    0.528990] /ocp/interconnect@44c00000/segment@200000/target-module@b000/i2c@0/tda19988@70: Fixed dependency cycle(s) with /ocp/interconnect@48000000/segment@300000/target-module@e000/lcdc@0
[    0.532744] /ocp/interconnect@44c00000/segment@200000/target-module@10000/scm@0/pinmux@800: Fixed dependency cycle(s) with /ocp/interconnect@44c00000/segment@200000/target-module@10000/scm@0/pinmux@800/clkout2-pins
[    0.533353] pinctrl-single 44e10800.pinmux: 142 pins, size 568
[    0.538622] ti-sysc 44e31000.target-module: probe with driver ti-sysc failed with error -16
[    0.565147] /ocp/interconnect@48000000/segment@300000/target-module@e000/lcdc@0: Fixed dependency cycle(s) with /ocp/interconnect@44c00000/segment@200000/target-module@b000/i2c@0/tda19988@70
[    0.573332] ti-sysc 48040000.target-module: probe with driver ti-sysc failed with error -16
[    0.584906] gpiochip_find_base_unlocked: found new base at 512
[    0.585004] gpio gpiochip0: (gpio-0-31): created GPIO range 0->7 ==> 44e10800.pinmux PIN 0->7
[    0.585024] gpio gpiochip0: (gpio-0-31): created GPIO range 8->11 ==> 44e10800.pinmux PIN 90->93
[    0.585040] gpio gpiochip0: (gpio-0-31): created GPIO range 12->27 ==> 44e10800.pinmux PIN 12->27
[    0.585055] gpio gpiochip0: (gpio-0-31): created GPIO range 28->31 ==> 44e10800.pinmux PIN 30->33
[    0.618849] gpio gpiochip0: (gpio-0-31): added GPIO chardev (254:0)
[    0.619019] gpio gpiochip0: registered GPIOs 512 to 543 on gpio-0-31
[    0.619103] OMAP GPIO hardware version 0.1
[    0.644404] i2c i2c-2: using DT '/ocp/interconnect@48000000/segment@100000/target-module@9c000/i2c@0' for 'scl' GPIO lookup
[    0.644476] of_get_named_gpiod_flags: can't parse 'scl-gpios' property of node '/ocp/interconnect@48000000/segment@100000/target-module@9c000/i2c@0[0]'
[    0.644519] of_get_named_gpiod_flags: can't parse 'scl-gpio' property of node '/ocp/interconnect@48000000/segment@100000/target-module@9c000/i2c@0[0]'
[    0.644554] i2c i2c-2: using lookup tables for GPIO lookup
[    0.644564] i2c i2c-2: No GPIO consumer scl found
[    0.644586] i2c i2c-2: using DT '/ocp/interconnect@48000000/segment@100000/target-module@9c000/i2c@0' for 'sda' GPIO lookup
[    0.644621] of_get_named_gpiod_flags: can't parse 'sda-gpios' property of node '/ocp/interconnect@48000000/segment@100000/target-module@9c000/i2c@0[0]'
[    0.644659] of_get_named_gpiod_flags: can't parse 'sda-gpio' property of node '/ocp/interconnect@48000000/segment@100000/target-module@9c000/i2c@0[0]'
[    0.644689] i2c i2c-2: using lookup tables for GPIO lookup
[    0.644697] i2c i2c-2: No GPIO consumer sda found
[    0.645448] omap_i2c 4819c000.i2c: bus 2 rev0.11 at 100 kHz
[    0.650888] gpiochip_find_base_unlocked: found new base at 544
[    0.650989] gpio gpiochip1: (gpio-32-63): created GPIO range 0->17 ==> 44e10800.pinmux PIN 34->51
[    0.651008] gpio gpiochip1: (gpio-32-63): created GPIO range 18->21 ==> 44e10800.pinmux PIN 77->80
[    0.651024] gpio gpiochip1: (gpio-32-63): created GPIO range 22->31 ==> 44e10800.pinmux PIN 56->65
[    0.666928] gpio gpiochip1: (gpio-32-63): added GPIO chardev (254:1)
[    0.667101] gpio gpiochip1: registered GPIOs 544 to 575 on gpio-32-63
[    0.669397] gpiochip_find_base_unlocked: found new base at 576
[    0.669487] gpio gpiochip2: (gpio-64-95): created GPIO range 0->4 ==> 44e10800.pinmux PIN 66->70
[    0.669507] gpio gpiochip2: (gpio-64-95): created GPIO range 5->6 ==> 44e10800.pinmux PIN 98->99
[    0.669522] gpio gpiochip2: (gpio-64-95): created GPIO range 7->8 ==> 44e10800.pinmux PIN 75->76
[    0.669538] gpio gpiochip2: (gpio-64-95): created GPIO range 13->13 ==> 44e10800.pinmux PIN 141->141
[    0.669553] gpio gpiochip2: (gpio-64-95): created GPIO range 14->21 ==> 44e10800.pinmux PIN 100->107
[    0.670210] gpio gpiochip2: (gpio-64-95): added GPIO chardev (254:2)
[    0.670359] gpio gpiochip2: registered GPIOs 576 to 607 on gpio-64-95
[    0.676217] 48000000.interconnect:segment@200000:target-module@0:mpu@0:fck: device ID is greater than 24
[    0.677117] /ocp/interconnect@48000000/segment@300000/target-module@e000/lcdc@0: Fixed dependency cycle(s) with /ocp/interconnect@44c00000/segment@200000/target-module@b000/i2c@0/tda19988@70
[    0.679917] /ocp/interconnect@48000000/segment@300000/target-module@e000/lcdc@0: Fixed dependency cycle(s) with /ocp/interconnect@44c00000/segment@200000/target-module@b000/i2c@0/tda19988@70
[    0.680635] /ocp/interconnect@44c00000/segment@200000/target-module@b000/i2c@0/tda19988@70: Fixed dependency cycle(s) with /ocp/interconnect@48000000/segment@300000/target-module@e000/lcdc@0
[    0.680792] /ocp/interconnect@48000000/segment@300000/target-module@e000/lcdc@0: Fixed dependency cycle(s) with /ocp/interconnect@44c00000/segment@200000/target-module@b000/i2c@0/tda19988@70
[    0.690580] mdio_bus 4a101000.mdio: using DT '/ocp/interconnect@4a000000/segment@0/target-module@100000/switch@0/mdio@1000' for 'reset' GPIO lookup
[    0.690650] of_get_named_gpiod_flags: can't parse 'reset-gpios' property of node '/ocp/interconnect@4a000000/segment@0/target-module@100000/switch@0/mdio@1000[0]'
[    0.690697] of_get_named_gpiod_flags: can't parse 'reset-gpio' property of node '/ocp/interconnect@4a000000/segment@0/target-module@100000/switch@0/mdio@1000[0]'
[    0.690744] mdio_bus 4a101000.mdio: using lookup tables for GPIO lookup
[    0.690753] mdio_bus 4a101000.mdio: No GPIO consumer reset found
[    0.691848] sdhci-omap 481d8000.mmc: using DT '/ocp/interconnect@48000000/segment@100000/target-module@d8000/mmc@0' for 'wp' GPIO lookup
[    0.691908] of_get_named_gpiod_flags: can't parse 'wp-gpios' property of node '/ocp/interconnect@48000000/segment@100000/target-module@d8000/mmc@0[0]'
[    0.691949] of_get_named_gpiod_flags: can't parse 'wp-gpio' property of node '/ocp/interconnect@48000000/segment@100000/target-module@d8000/mmc@0[0]'
[    0.691983] sdhci-omap 481d8000.mmc: using lookup tables for GPIO lookup
[    0.691992] sdhci-omap 481d8000.mmc: No GPIO consumer wp found
[    0.692189] sdhci-omap 481d8000.mmc: supply pbias not found, using dummy regulator
[    0.703941] sdhci-omap 481d8000.mmc: supply vqmmc not found, using dummy regulator
[    0.741844] davinci_mdio 4a101000.mdio: davinci mdio revision 1.6, bus freq 1000000
[    0.794406] mdio_bus 4a101000.mdio:00: using DT '/ocp/interconnect@4a000000/segment@0/target-module@100000/switch@0/mdio@1000/ethernet-phy@0' for 'reset' GPIO lookup
[    0.794509] of_get_named_gpiod_flags: parsed 'reset-gpios' property of node '/ocp/interconnect@4a000000/segment@0/target-module@100000/switch@0/mdio@1000/ethernet-phy@0[0]' - status (0)
[    0.794668] gpio gpiochip0: Persistence not supported for GPIO 8
[    0.926071] davinci_mdio 4a101000.mdio: phy[0]: device 4a101000.mdio:00, driver SMSC LAN8710/LAN8720
[    0.926867] cpsw-switch 4a100000.switch: initialized cpsw ale version 1.4
[    0.926892] cpsw-switch 4a100000.switch: ALE Table size 1024, Policers 0
[    0.927035] cpsw-switch 4a100000.switch: cpts: overflow check period 500 (jiffies)
[    0.927052] cpsw-switch 4a100000.switch: CPTS: ref_clk_freq:250000000 calc_mult:2147483648 calc_shift:29 error:0 nsec/sec
[    0.927161] cpsw-switch 4a100000.switch: Detected MACID = 6c:ec:eb:68:de:78
[    0.929004] cpsw-switch 4a100000.switch: initialized (regs 0x4a100000, pool size 256) hw_ver:0019010C 1.12 (0)
[    0.940058] debugfs: Directory '49000000.dma' with parent 'dmaengine' already present!
[    0.940101] edma 49000000.dma: TI EDMA DMA engine driver
[    0.977980] target-module@4b000000:target-module@140000:pmu@0:fck: device ID is greater than 24
[    1.013125] hw perfevents: enabled with armv7_cortex_a8 PMU driver, 5 (8000000f) counters available
[    1.014088] gpio-clk clk_mcasp0: using DT '/clk_mcasp0' for 'enable' GPIO lookup
[    1.014155] of_get_named_gpiod_flags: parsed 'enable-gpios' property of node '/clk_mcasp0[0]' - status (0)
[    1.014198] gpio gpiochip0: Persistence not supported for GPIO 27
[    1.015005] gpiochip_find_base_unlocked: found new base at 608
[    1.015114] gpio gpiochip3: (gpio-96-127): created GPIO range 0->7 ==> 44e10800.pinmux PIN 82->89
[    1.015134] gpio gpiochip3: (gpio-96-127): created GPIO range 8->11 ==> 44e10800.pinmux PIN 52->55
[    1.015150] gpio gpiochip3: (gpio-96-127): created GPIO range 12->15 ==> 44e10800.pinmux PIN 94->97
[    1.015165] gpio gpiochip3: (gpio-96-127): created GPIO range 16->17 ==> 44e10800.pinmux PIN 71->72
[    1.015181] gpio gpiochip3: (gpio-96-127): created GPIO range 18->18 ==> 44e10800.pinmux PIN 135->135
[    1.015197] gpio gpiochip3: (gpio-96-127): created GPIO range 19->20 ==> 44e10800.pinmux PIN 108->109
[    1.015213] gpio gpiochip3: (gpio-96-127): created GPIO range 21->21 ==> 44e10800.pinmux PIN 73->73
[    1.015230] gpio gpiochip3: (gpio-96-127): created GPIO range 22->23 ==> 44e10800.pinmux PIN 8->9
[    1.015247] gpio gpiochip3: (gpio-96-127): created GPIO range 26->27 ==> 44e10800.pinmux PIN 10->11
[    1.015264] gpio gpiochip3: (gpio-96-127): created GPIO range 28->28 ==> 44e10800.pinmux PIN 74->74
[    1.015285] gpio gpiochip3: (gpio-96-127): created GPIO range 29->29 ==> 44e10800.pinmux PIN 81->81
[    1.015309] gpio gpiochip3: (gpio-96-127): created GPIO range 30->31 ==> 44e10800.pinmux PIN 28->29
[    1.020879] l3-aon-clkctrl:0000:0: failed to disable
[    1.021197] gpio gpiochip3: (gpio-96-127): added GPIO chardev (254:3)
[    1.021587] gpio gpiochip3: registered GPIOs 608 to 639 on gpio-96-127
[    1.033288] omap8250 44e09000.serial: using DT '/ocp/interconnect@44c00000/segment@200000/target-module@9000/serial@0' for 'rs485-term' GPIO lookup
[    1.033364] of_get_named_gpiod_flags: can't parse 'rs485-term-gpios' property of node '/ocp/interconnect@44c00000/segment@200000/target-module@9000/serial@0[0]'
[    1.033408] of_get_named_gpiod_flags: can't parse 'rs485-term-gpio' property of node '/ocp/interconnect@44c00000/segment@200000/target-module@9000/serial@0[0]'
[    1.033443] omap8250 44e09000.serial: using lookup tables for GPIO lookup
[    1.033454] omap8250 44e09000.serial: No GPIO consumer rs485-term found
[    1.033463] omap8250 44e09000.serial: using DT '/ocp/interconnect@44c00000/segment@200000/target-module@9000/serial@0' for 'rs485-rx-during-tx' GPIO lookup
[    1.033498] of_get_named_gpiod_flags: can't parse 'rs485-rx-during-tx-gpios' property of node '/ocp/interconnect@44c00000/segment@200000/target-module@9000/serial@0[0]'
[    1.033535] of_get_named_gpiod_flags: can't parse 'rs485-rx-during-tx-gpio' property of node '/ocp/interconnect@44c00000/segment@200000/target-module@9000/serial@0[0]'
[    1.033565] omap8250 44e09000.serial: using lookup tables for GPIO lookup
[    1.033574] omap8250 44e09000.serial: No GPIO consumer rs485-rx-during-tx found
[    1.033947] 44e09000.serial: ttyS0 at MMIO 0x44e09000 (irq = 34, base_baud = 3000000) is a 8250
[    1.034037] printk: legacy console [ttyS0] enabled
[    2.447764] i2c i2c-0: using DT '/ocp/interconnect@44c00000/segment@200000/target-module@b000/i2c@0' for 'scl' GPIO lookup
[    2.447851] of_get_named_gpiod_flags: can't parse 'scl-gpios' property of node '/ocp/interconnect@44c00000/segment@200000/target-module@b000/i2c@0[0]'
[    2.447900] of_get_named_gpiod_flags: can't parse 'scl-gpio' property of node '/ocp/interconnect@44c00000/segment@200000/target-module@b000/i2c@0[0]'
[    2.447940] i2c i2c-0: using lookup tables for GPIO lookup
[    2.447954] i2c i2c-0: No GPIO consumer scl found
[    2.447979] i2c i2c-0: using DT '/ocp/interconnect@44c00000/segment@200000/target-module@b000/i2c@0' for 'sda' GPIO lookup
[    2.448018] of_get_named_gpiod_flags: can't parse 'sda-gpios' property of node '/ocp/interconnect@44c00000/segment@200000/target-module@b000/i2c@0[0]'
[    2.448059] of_get_named_gpiod_flags: can't parse 'sda-gpio' property of node '/ocp/interconnect@44c00000/segment@200000/target-module@b000/i2c@0[0]'
[    2.448095] i2c i2c-0: using lookup tables for GPIO lookup
[    2.448106] i2c i2c-0: No GPIO consumer sda found
[    2.462282] tps65217-pmic: Failed to locate of_node [id: -1]
[    2.468337] tps65217-bl: Failed to locate of_node [id: -1]
[    2.479620] tps65217 0-0024: TPS65217 ID 0xe version 1.2
[    2.485793] /ocp/interconnect@48000000/segment@300000/target-module@e000/lcdc@0: Fixed dependency cycle(s) with /ocp/interconnect@44c00000/segment@200000/target-module@b000/i2c@0/tda19988@70
[    2.503183] /ocp/interconnect@44c00000/segment@200000/target-module@b000/i2c@0/tda19988@70: Fixed dependency cycle(s) with /ocp/interconnect@48000000/segment@300000/target-module@e000/lcdc@0
[    2.520555] omap_i2c 44e0b000.i2c: bus 0 rev0.11 at 400 kHz
[    2.528387] sdhci-omap 48060000.mmc: using DT '/ocp/interconnect@48000000/segment@0/target-module@60000/mmc@0' for 'cd' GPIO lookup
[    2.528494] of_get_named_gpiod_flags: parsed 'cd-gpios' property of node '/ocp/interconnect@48000000/segment@0/target-module@60000/mmc@0[0]' - status (0)
[    2.528559] gpio gpiochip3: Persistence not supported for GPIO 6
[    2.528583] omap_gpio 44e07000.gpio: Could not set line 6 debounce to 200000 microseconds (-22)
[    2.537475] sdhci-omap 48060000.mmc: Got CD GPIO
[    2.542159] sdhci-omap 48060000.mmc: using DT '/ocp/interconnect@48000000/segment@0/target-module@60000/mmc@0' for 'wp' GPIO lookup
[    2.542207] of_get_named_gpiod_flags: can't parse 'wp-gpios' property of node '/ocp/interconnect@48000000/segment@0/target-module@60000/mmc@0[0]'
[    2.542251] of_get_named_gpiod_flags: can't parse 'wp-gpio' property of node '/ocp/interconnect@48000000/segment@0/target-module@60000/mmc@0[0]'
[    2.542289] sdhci-omap 48060000.mmc: using lookup tables for GPIO lookup
[    2.542302] sdhci-omap 48060000.mmc: No GPIO consumer wp found
[    2.542511] sdhci-omap 48060000.mmc: supply pbias not found, using dummy regulator
[    2.551219] sdhci-omap 481d8000.mmc: using DT '/ocp/interconnect@48000000/segment@100000/target-module@d8000/mmc@0' for 'wp' GPIO lookup
[    2.551396] of_get_named_gpiod_flags: can't parse 'wp-gpios' property of node '/ocp/interconnect@48000000/segment@100000/target-module@d8000/mmc@0[0]'
[    2.551451] of_get_named_gpiod_flags: can't parse 'wp-gpio' property of node '/ocp/interconnect@48000000/segment@100000/target-module@d8000/mmc@0[0]'
[    2.551491] sdhci-omap 481d8000.mmc: using lookup tables for GPIO lookup
[    2.551504] sdhci-omap 481d8000.mmc: No GPIO consumer wp found
[    2.552625] sdhci-omap 48060000.mmc: supply vqmmc not found, using dummy regulator
[    2.561766] sdhci-omap 481d8000.mmc: supply pbias not found, using dummy regulator
[    2.569772] sdhci-omap 481d8000.mmc: supply vqmmc not found, using dummy regulator
[    2.607121] mmc1: SDHCI controller on 481d8000.mmc [481d8000.mmc] using External DMA
[    2.616520] mmc0: SDHCI controller on 48060000.mmc [48060000.mmc] using External DMA
[    2.625337] cpsw-switch 4a100000.switch: starting ndev. mode: dual_mac
[    2.670583] mmc0: new high speed SDHC card at address 5048
[    2.677644] mmcblk0: mmc0:5048 SD16G 14.4 GiB
[    2.685716]  mmcblk0: p1 p2
[    2.689090] mmcblk0: p2 size 31221760 extends beyond EOD, truncated
[    2.702585] SMSC LAN8710/LAN8720 4a101000.mdio:00: attached PHY driver (mii_bus:phy_addr=4a101000.mdio:00, irq=POLL)
[    2.714739] mmc1: new high speed MMC card at address 0001
[    2.721698] mmcblk1: mmc1:0001 MMC04G 3.60 GiB
[    2.733603]  mmcblk1: p1 p2
[    2.737882] mmcblk1boot0: mmc1:0001 MMC04G 2.00 MiB
[    2.745137] mmcblk1boot1: mmc1:0001 MMC04G 2.00 MiB
[    2.752507] mmcblk1rpmb: mmc1:0001 MMC04G 128 KiB, chardev (250:0)
[    5.842073] cpsw-switch 4a100000.switch eth0: Link is Up - 100Mbps/Full - flow control off
[    5.881564] IP-Config: Complete:
[    5.884845]      device=eth0, hwaddr=6c:ec:eb:68:de:78, ipaddr=192.168.255.1, mask=255.255.255.0, gw=255.255.255.255
[    5.895512]      host=bbb1, domain=, nis-domain=(none)
[    5.900678]      bootserver=192.168.255.126, rootserver=192.168.255.126, rootpath=
[    5.901103] clk: Disabling unused clocks
[    5.912950] PM: genpd: Disabling unused power domains
[    5.918067] KTAP version 1
[    5.920788] 1..0
[    5.949301] VFS: Mounted root (nfs filesystem) on device 0:17.
[    5.956532] devtmpfs: mounted
[    5.960995] Freeing unused kernel image (initmem) memory: 1024K
[    5.967886] Run /sbin/init as init process
[    5.972071]   with arguments:
[    5.972086]     /sbin/init
[    5.972095]     nfsrootdebug
[    5.972104]   with environment:
[    5.972113]     HOME=/
[    5.972122]     TERM=linux
[    6.671912] systemd[1]: System time before build time, advancing clock.
[    8.151327] random: crng init done
[    8.193315] systemd[1]: systemd 232 running in system mode. (+PAM +AUDIT +SELINUX +IMA +APPARMOR +SMACK +SYSVINIT +UTMP +LIBCRYPTSETUP +GCRYPT +GNUTLS +ACL +XZ +LZ4 +SECCOMP +BLKID +ELFUTILS +KMOD +IDN)
[    8.212299] systemd[1]: Detected architecture arm.
[    8.244452] systemd[1]: Set hostname to <arm>.
[    9.336462] systemd[1]: Reached target Remote File Systems.
[    9.363291] systemd[1]: Listening on Syslog Socket.
[    9.392182] systemd[1]: Started Forward Password Requests to Wall Directory Watch.
[    9.422362] systemd[1]: Listening on Journal Audit Socket.
[    9.451734] systemd[1]: Reached target Swap.
[    9.472021] systemd[1]: Listening on Journal Socket (/dev/log).
[    9.503376] systemd[1]: Listening on udev Control Socket.
[   11.644085] systemd-journald[88]: Received request to flush runtime journal from PID 1
[   14.397847] leds-gpio leds: using DT '/leds/led2' for '(default)' GPIO lookup
[   14.397952] of_get_named_gpiod_flags: parsed 'gpios' property of node '/leds/led2[0]' - status (0)
[   14.398008] gpio gpiochip0: Persistence not supported for GPIO 21
[   14.398023] gpio-533 (?): no flags found for GPIO (default)
[   14.413224] leds-gpio leds: using DT '/leds/led3' for '(default)' GPIO lookup
[   14.413528] of_get_named_gpiod_flags: parsed 'gpios' property of node '/leds/led3[0]' - status (0)
[   14.413600] gpio gpiochip0: Persistence not supported for GPIO 22
[   14.413617] gpio-534 (?): no flags found for GPIO (default)
[   14.458681] leds-gpio leds: using DT '/leds/led4' for '(default)' GPIO lookup
[   14.458779] of_get_named_gpiod_flags: parsed 'gpios' property of node '/leds/led4[0]' - status (0)
[   14.458828] gpio gpiochip0: Persistence not supported for GPIO 23
[   14.458843] gpio-535 (?): no flags found for GPIO (default)
[   14.517529] leds-gpio leds: using DT '/leds/led5' for '(default)' GPIO lookup
[   14.517633] of_get_named_gpiod_flags: parsed 'gpios' property of node '/leds/led5[0]' - status (0)
[   14.517685] gpio gpiochip0: Persistence not supported for GPIO 24
[   14.517700] gpio-536 (?): no flags found for GPIO (default)
[   14.905474] remoteproc remoteproc0: wkup_m3 is available
[   15.019258] omap_rtc 44e3e000.rtc: registered as rtc0
[   15.024588] omap_rtc 44e3e000.rtc: setting system clock to 2000-01-01T00:00:00 UTC (946684800)
[   15.033348] omap_rtc 44e3e000.rtc: using DT '/ocp/interconnect@44c00000/segment@200000/target-module@3e000/rtc@0' for 'wp' GPIO lookup
[   15.033420] of_get_named_gpiod_flags: can't parse 'wp-gpios' property of node '/ocp/interconnect@44c00000/segment@200000/target-module@3e000/rtc@0[0]'
[   15.033470] of_get_named_gpiod_flags: can't parse 'wp-gpio' property of node '/ocp/interconnect@44c00000/segment@200000/target-module@3e000/rtc@0[0]'
[   15.033510] omap_rtc 44e3e000.rtc: using lookup tables for GPIO lookup
[   15.033524] omap_rtc 44e3e000.rtc: No GPIO consumer wp found
[   15.193193] at24 2-0054: supply vcc not found, using dummy regulator
[   15.231785] omap_wdt: OMAP Watchdog Timer Rev 0x01: initial timeout 60 sec
[   15.324537] am335x-phy-driver 47401300.usb-phy: using DT '/ocp/target-module@47400000/usb-phy@1300' for 'reset' GPIO lookup
[   15.324632] of_get_named_gpiod_flags: can't parse 'reset-gpios' property of node '/ocp/target-module@47400000/usb-phy@1300[0]'
[   15.324677] of_get_named_gpiod_flags: can't parse 'reset-gpio' property of node '/ocp/target-module@47400000/usb-phy@1300[0]'
[   15.324715] am335x-phy-driver 47401300.usb-phy: using lookup tables for GPIO lookup
[   15.324730] am335x-phy-driver 47401300.usb-phy: No GPIO consumer reset found
[   15.324744] am335x-phy-driver 47401300.usb-phy: using DT '/ocp/target-module@47400000/usb-phy@1300' for 'vbus-detect' GPIO lookup
[   15.324775] of_get_named_gpiod_flags: can't parse 'vbus-detect-gpios' property of node '/ocp/target-module@47400000/usb-phy@1300[0]'
[   15.324808] of_get_named_gpiod_flags: can't parse 'vbus-detect-gpio' property of node '/ocp/target-module@47400000/usb-phy@1300[0]'
[   15.324834] am335x-phy-driver 47401300.usb-phy: using lookup tables for GPIO lookup
[   15.324846] am335x-phy-driver 47401300.usb-phy: No GPIO consumer vbus-detect found
[   15.324995] am335x-phy-driver 47401300.usb-phy: dummy supplies not allowed for exclusive requests (id=vbus)
[   15.372664] at24 2-0055: supply vcc not found, using dummy regulator
[   15.503497] at24 2-0056: supply vcc not found, using dummy regulator
[   15.603118] at24 2-0057: supply vcc not found, using dummy regulator
[   15.624190] am335x-phy-driver 47401b00.usb-phy: using DT '/ocp/target-module@47400000/usb-phy@1b00' for 'reset' GPIO lookup
[   15.624282] of_get_named_gpiod_flags: can't parse 'reset-gpios' property of node '/ocp/target-module@47400000/usb-phy@1b00[0]'
[   15.624327] of_get_named_gpiod_flags: can't parse 'reset-gpio' property of node '/ocp/target-module@47400000/usb-phy@1b00[0]'
[   15.624364] am335x-phy-driver 47401b00.usb-phy: using lookup tables for GPIO lookup
[   15.624379] am335x-phy-driver 47401b00.usb-phy: No GPIO consumer reset found
[   15.624393] am335x-phy-driver 47401b00.usb-phy: using DT '/ocp/target-module@47400000/usb-phy@1b00' for 'vbus-detect' GPIO lookup
[   15.624424] of_get_named_gpiod_flags: can't parse 'vbus-detect-gpios' property of node '/ocp/target-module@47400000/usb-phy@1b00[0]'
[   15.624455] of_get_named_gpiod_flags: can't parse 'vbus-detect-gpio' property of node '/ocp/target-module@47400000/usb-phy@1b00[0]'
[   15.624482] am335x-phy-driver 47401b00.usb-phy: using lookup tables for GPIO lookup
[   15.624494] am335x-phy-driver 47401b00.usb-phy: No GPIO consumer vbus-detect found
[   15.624643] am335x-phy-driver 47401b00.usb-phy: dummy supplies not allowed for exclusive requests (id=vbus)
[   15.729811] tps6521x_pwrbutton tps65217-pwrbutton: DMA mask not set
[   15.883933] input: tps65217_pwrbutton as /devices/platform/ocp/44c00000.interconnect/44c00000.interconnect:segment@200000/44e0b000.target-module/44e0b000.i2c/i2c-0/0-0024/tps65217-pwrbutton/input/input0
[   15.943455] at24 0-0050: using DT '/ocp/interconnect@44c00000/segment@200000/target-module@b000/i2c@0/eeprom@50' for 'wp' GPIO lookup
[   15.943583] of_get_named_gpiod_flags: can't parse 'wp-gpios' property of node '/ocp/interconnect@44c00000/segment@200000/target-module@b000/i2c@0/eeprom@50[0]'
[   15.943644] of_get_named_gpiod_flags: can't parse 'wp-gpio' property of node '/ocp/interconnect@44c00000/segment@200000/target-module@b000/i2c@0/eeprom@50[0]'
[   15.943690] at24 0-0050: using lookup tables for GPIO lookup
[   15.943705] at24 0-0050: No GPIO consumer wp found
[   15.944068] at24 0-0050: 32768 byte 24c256 EEPROM, writable, 1 bytes/write
[   16.263282] wkup_m3_ipc 44e11324.wkup_m3_ipc: IPC Request for A8->M3 Channel failed! -517
[   16.808328] usbcore: registered new interface driver usbfs
[   16.814184] usbcore: registered new interface driver hub
[   16.819631] usbcore: registered new device driver usb
[   17.502818] omap-mailbox 480c8000.mailbox: omap mailbox rev 0x400
[   17.574684] remoteproc remoteproc0: powering up wkup_m3
[   17.736973] remoteproc remoteproc0: Direct firmware load for am335x-pm-firmware.elf failed with error -2
[   17.746833] remoteproc remoteproc0: request_firmware failed: -2
[   17.752866] wkup_m3_ipc 44e11324.wkup_m3_ipc: rproc_boot failed
[   17.816121] musb-hdrc musb-hdrc.1: MUSB HDRC host driver
[   17.821692] musb-hdrc musb-hdrc.1: new USB bus registered, assigned bus number 1
[   17.856021] tda998x 0-0070: found TDA19988
[   18.084504] usb usb1: New USB device found, idVendor=1d6b, idProduct=0002, bcdDevice= 6.14
[   18.093047] usb usb1: New USB device strings: Mfr=3, Product=2, SerialNumber=1
[   18.100314] usb usb1: Product: MUSB HDRC host driver
[   18.105372] usb usb1: Manufacturer: Linux 6.14.0-rc2-next-20250217 musb-hcd
[   18.112417] usb usb1: SerialNumber: musb-hdrc.1
[   18.505744] hub 1-0:1.0: USB hub found
[   18.572899] hub 1-0:1.0: 1 port detected
[   19.901922] omap_rng 48310000.rng: Random Number Generator ver. 20
[   20.176431] tilcdc 4830e000.lcdc: bound 0-0070 (ops tda998x_audio_codec_init [tda998x])
[   20.269786] [drm] Initialized tilcdc 1.0.0 for 4830e000.lcdc on minor 0
[   20.351860] tilcdc 4830e000.lcdc: [drm] Cannot find any crtc or sizes
[   20.359742] tilcdc 4830e000.lcdc: [drm] Cannot find any crtc or sizes
[   21.416204] PM: Cannot get wkup_m3_ipc handle
[   21.436887] omap-sham 53100000.sham: hw accel on OMAP rev 4.3
[   21.571964] omap-sham 53100000.sham: will run requests pump with realtime priority
[   21.602294] PM: Cannot get wkup_m3_ipc handle
[   21.657256] omap-aes 53500000.aes: OMAP AES hw accel rev: 3.2
[   21.781530] omap-aes 53500000.aes: will run requests pump with realtime priority
[   21.802404] PM: Cannot get wkup_m3_ipc handle
[   24.378263] Bluetooth: Core ver 2.22
[   24.382294] NET: Registered PF_BLUETOOTH protocol family
[   24.387649] Bluetooth: HCI device and connection manager initialized
[   24.394209] Bluetooth: HCI socket layer initialized
[   24.399128] Bluetooth: L2CAP socket layer initialized
[   24.404300] Bluetooth: SCO socket layer initialized
[   25.730155] tda998x 0-0070: using DT '/ocp/interconnect@44c00000/segment@200000/target-module@b000/i2c@0/tda19988@70' for 'nxp,calib' GPIO lookup
[   25.730297] of_get_named_gpiod_flags: parsed 'nxp,calib-gpios' property of node '/ocp/interconnect@44c00000/segment@200000/target-module@b000/i2c@0/tda19988@70[0]' - status (0)
[   25.730381] gpio gpiochip0: Persistence not supported for GPIO 25
[   25.730396] gpio-537 (nxp,calib): no flags found for GPIO nxp,calib
[   25.733370] gpio-537 (nxp,calib): gpiod_direction_output_nonotify: tried to set a GPIO tied to an IRQ as output
[   25.919655] PM: Cannot get wkup_m3_ipc handle
[   25.925704] asoc-simple-card sound: using DT '/sound' for 'simple-audio-card,hp-det' GPIO lookup
[   25.925776] of_get_named_gpiod_flags: can't parse 'simple-audio-card,hp-det-gpios' property of node '/sound[0]'
[   25.925810] of_get_named_gpiod_flags: can't parse 'simple-audio-card,hp-det-gpio' property of node '/sound[0]'
[   25.925835] asoc-simple-card sound: using lookup tables for GPIO lookup
[   25.925849] asoc-simple-card sound: No GPIO consumer simple-audio-card,hp-det found
[   25.925864] asoc-simple-card sound: using DT '/sound' for 'simple-audio-card,mic-det' GPIO lookup
[   25.925889] of_get_named_gpiod_flags: can't parse 'simple-audio-card,mic-det-gpios' property of node '/sound[0]'
[   25.925914] of_get_named_gpiod_flags: can't parse 'simple-audio-card,mic-det-gpio' property of node '/sound[0]'
[   25.925933] asoc-simple-card sound: using lookup tables for GPIO lookup
[   25.925945] asoc-simple-card sound: No GPIO consumer simple-audio-card,mic-det found
[   26.093123] PM: Cannot get wkup_m3_ipc handle
[   26.126798] tda9950 0-0034: TDA9950 CEC interface, hardware version 3.3
[   26.212758] PM: Cannot get wkup_m3_ipc handle
[   28.315813] userial_init: registered 8 ttyGS* devices
[   28.546530] rndis_register: configNr = 0
[   28.609528] udc musb-hdrc.0: binding gadget driver [g_multi]
[   28.609624] configfs-gadget.g_multi gadget.0: adding 'rndis'/f380eaf9 to config 'c'/2bdcfd06
[   28.610796] configfs-gadget.g_multi gadget.0: HOST MAC 1c:ba:8c:a2:ed:6c
[   28.617801] configfs-gadget.g_multi gadget.0: MAC 1c:ba:8c:a2:ed:70
[   28.624228] rndis_set_param_medium: 0 0
[   28.624252] configfs-gadget.g_multi gadget.0: RNDIS: IN/ep1in OUT/ep1out NOTIFY/ep2in
[   28.624269] configfs-gadget.g_multi gadget.0: adding 'cdc_ethernet'/a41e246f to config 'c'/2bdcfd06
[   28.625252] configfs-gadget.g_multi gadget.0: HOST MAC 1c:ba:8c:a2:ed:6c
[   28.632157] configfs-gadget.g_multi gadget.0: MAC 1c:ba:8c:a2:ed:6d
[   28.638497] configfs-gadget.g_multi gadget.0: CDC Ethernet: IN/ep3in OUT/ep2out NOTIFY/ep4in
[   28.638514] configfs-gadget.g_multi gadget.0: adding 'acm'/a7a66925 to config 'c'/2bdcfd06
[   28.638547] configfs-gadget.g_multi gadget.0: acm ttyGS0: IN/ep5in OUT/ep3out NOTIFY/ep6in
[   28.651891] PM: Cannot get wkup_m3_ipc handle
[   29.763964] configfs-gadget.g_multi gadget.0: eth_open
[   30.521006] configfs-gadget.g_multi gadget.0: stop stats: rx/tx 0/0, errs 0/0
[   35.065323] gs_open: ttyGS0 (085b1106,967af80e)
[   35.065478] gs_close: ttyGS0 (085b1106,967af80e) ...
[   35.065501] gs_close: ttyGS0 (085b1106,967af80e) done!
[   35.084300] gs_open: ttyGS0 (58d259de,80be37a4)
[   35.084437] gs_close: ttyGS0 (58d259de,80be37a4) ...
[   35.084460] gs_close: ttyGS0 (58d259de,80be37a4) done!
[   35.275609] gs_open: ttyGS0 (aa616d4d,594b1d90)
[   35.276028] gs_close: ttyGS0 (aa616d4d,594b1d90) ...
[   35.276064] gs_close: ttyGS0 (aa616d4d,594b1d90) done!
[   35.283735] gs_open: ttyGS0 (aa616d4d,594b1d90)
BKEYPHVMOF 0
root@arm:~# echo 'JOWK''YZLKBZ'
JOWKYZLKBZ
root@arm:~# MARKER='YLOU''OGABFZ' run 'modprobe test_linear_ranges'
YLOUOGABFZYLOUOGABFZ 0
root@arm:~# echo 'HLFS''HKMGHX'
HLFSHKMGHX
root@arm:~# MARKER='BSYO''WAGBVL' run dmesg
BSYOWAGBVL[    0.000000] Booting Linux on physical CPU 0x0
[    0.000000] Linux version 6.14.0-rc2-next-20250217 (user01@drvtest01) (arm-none-eabi-gcc (Arm GNU Toolchain 14.2.Rel1 (Build arm-14.52)) 14.2.1 20241119, GNU ld (Arm GNU Toolchain 14.2.Rel1 (Build arm-14.52)) 2.43.1.20241119) #1 SMP Mon Feb 17 09:41:24 EET 2025
[    0.000000] CPU: ARMv7 Processor [413fc082] revision 2 (ARMv7), cr=10c5387d
[    0.000000] CPU: PIPT / VIPT nonaliasing data cache, VIPT aliasing instruction cache
[    0.000000] OF: fdt: Machine model: TI AM335x BeagleBone Black
[    0.000000] Memory policy: Data cache writeback
[    0.000000] cma: Reserved 16 MiB at 0x9e800000 on node -1
[    0.000000] Zone ranges:
[    0.000000]   Normal   [mem 0x0000000080000000-0x000000009fdfffff]
[    0.000000]   HighMem  empty
[    0.000000] Movable zone start for each node
[    0.000000] Early memory node ranges
[    0.000000]   node   0: [mem 0x0000000080000000-0x000000009fdfffff]
[    0.000000] Initmem setup node 0 [mem 0x0000000080000000-0x000000009fdfffff]
[    0.000000] OF: reserved mem: Reserved memory: No reserved-memory node in the DT
[    0.000000] CPU: All CPU(s) started in SVC mode.
[    0.000000] AM335X ES2.1 (sgx neon)
[    0.000000] percpu: Embedded 17 pages/cpu s39628 r8192 d21812 u69632
[    0.000000] pcpu-alloc: s39628 r8192 d21812 u69632 alloc=17*4096
[    0.000000] pcpu-alloc: [0] 0 
[    0.000000] Kernel command line: console=ttyO0,115200n8 root=/dev/nfs rw nfsroot=192.168.255.126:/home/user01/nfs,nfsvers=3 ip=192.168.255.1:192.168.255.126::255.255.255.0:bbb1:eth0 nfsrootdebug
[    0.000000] Unknown kernel command line parameters "nfsrootdebug", will be passed to user space.
[    0.000000] printk: log buffer data + meta data: 65536 + 204800 = 270336 bytes
[    0.000000] Dentry cache hash table entries: 65536 (order: 6, 262144 bytes, linear)
[    0.000000] Inode-cache hash table entries: 32768 (order: 5, 131072 bytes, linear)
[    0.000000] Built 1 zonelists, mobility grouping on.  Total pages: 130560
[    0.000000] mem auto-init: stack:off, heap alloc:off, heap free:off
[    0.000000] SLUB: HWalign=16, Order=0-3, MinObjects=0, CPUs=1, Nodes=1
[    0.000000] rcu: Hierarchical RCU implementation.
[    0.000000] rcu: 	RCU event tracing is enabled.
[    0.000000] rcu: 	RCU restricting CPUs from NR_CPUS=2 to nr_cpu_ids=1.
[    0.000000] 	Tracing variant of Tasks RCU enabled.
[    0.000000] rcu: RCU calculated value of scheduler-enlistment delay is 10 jiffies.
[    0.000000] rcu: Adjusting geometry for rcu_fanout_leaf=16, nr_cpu_ids=1
[    0.000000] RCU Tasks Trace: Setting shift to 0 and lim to 1 rcu_task_cb_adjust=1 rcu_task_cpu_ids=1.
[    0.000000] NR_IRQS: 16, nr_irqs: 16, preallocated irqs: 16
[    0.000000] IRQ: Found an INTC at 0x(ptrval) (revision 5.0) with 128 interrupts
[    0.000000] rcu: srcu_init: Setting srcu_struct sizes based on contention.
[    0.000000] TI gptimer clocksource: always-on /ocp/interconnect@44c00000/segment@200000/target-module@31000
[    0.000003] sched_clock: 32 bits at 24MHz, resolution 41ns, wraps every 89478484971ns
[    0.000026] clocksource: dmtimer: mask: 0xffffffff max_cycles: 0xffffffff, max_idle_ns: 79635851949 ns
[    0.000521] TI gptimer clockevent: 24000000 Hz at /ocp/interconnect@48000000/segment@0/target-module@40000
[    0.002277] Console: colour dummy device 80x30
[    0.002343] WARNING: Your 'console=ttyO0' has been replaced by 'ttyS0'
[    0.002350] This ensures that you still see kernel messages. Please
[    0.002354] update your kernel commandline.
[    0.002395] Calibrating delay loop... 996.14 BogoMIPS (lpj=4980736)
[    0.090566] CPU: Testing write buffer coherency: ok
[    0.090677] CPU0: Spectre v2: using BPIALL workaround
[    0.090688] pid_max: default: 32768 minimum: 301
[    0.090846] LSM: initializing lsm=capability
[    0.091016] Mount-cache hash table entries: 1024 (order: 0, 4096 bytes, linear)
[    0.091036] Mountpoint-cache hash table entries: 1024 (order: 0, 4096 bytes, linear)
[    0.092640] CPU0: thread -1, cpu 0, socket -1, mpidr 0
[    0.092698] cacheinfo: Unable to detect cache hierarchy for CPU 0
[    0.160763] Setting up static identity map for 0x80100000 - 0x80100078
[    0.170715] rcu: Hierarchical SRCU implementation.
[    0.170727] rcu: 	Max phase no-delay instances is 1000.
[    0.190762] smp: Bringing up secondary CPUs ...
[    0.190818] smp: Brought up 1 node, 1 CPU
[    0.190832] SMP: Total of 1 processors activated (996.14 BogoMIPS).
[    0.190842] CPU: All CPU(s) started in SVC mode.
[    0.191016] Memory: 480848K/522240K available (11264K kernel code, 1213K rwdata, 2892K rodata, 1024K init, 288K bss, 23380K reserved, 16384K cma-reserved, 0K highmem)
[    0.191858] devtmpfs: initialized
[    0.209404] VFP support v0.3: implementor 41 architecture 3 part 30 variant c rev 3
[    0.210051] clocksource: jiffies: mask: 0xffffffff max_cycles: 0xffffffff, max_idle_ns: 19112604462750000 ns
[    0.210091] futex hash table entries: 256 (order: 2, 16384 bytes, linear)
[    0.211633] pinctrl core: initialized pinctrl subsystem
[    0.214422] NET: Registered PF_NETLINK/PF_ROUTE protocol family
[    0.217169] DMA: preallocated 256 KiB pool for atomic coherent allocations
[    0.218118] audit: initializing netlink subsys (disabled)
[    0.219489] thermal_sys: Registered thermal governor 'fair_share'
[    0.219507] thermal_sys: Registered thermal governor 'step_wise'
[    0.219515] thermal_sys: Registered thermal governor 'user_space'
[    0.219655] audit: type=2000 audit(0.210:1): state=initialized audit_enabled=0 res=1
[    0.219689] cpuidle: using governor menu
[    0.237762] /ocp/interconnect@44c00000/segment@200000/target-module@b000/i2c@0/tda19988@70: Fixed dependency cycle(s) with /ocp/interconnect@48000000/segment@300000/target-module@e000/lcdc@0
[    0.238895] /ocp/interconnect@48000000/segment@300000/target-module@e000/lcdc@0: Fixed dependency cycle(s) with /ocp/interconnect@44c00000/segment@200000/target-module@b000/i2c@0/tda19988@70
[    0.241276] No ATAGs?
[    0.241319] hw-breakpoint: debug architecture 0x4 unsupported.
[    0.244225] kprobes: kprobe jump-optimization is enabled. All kprobes are optimized if possible.
[    0.254083] iommu: Default domain type: Translated
[    0.254106] iommu: DMA domain TLB invalidation policy: strict mode
[    0.261387] reg-fixed-voltage fixedregulator0: using DT '/fixedregulator0' for '(default)' GPIO lookup
[    0.261442] of_get_named_gpiod_flags: can't parse 'gpios' property of node '/fixedregulator0[0]'
[    0.261471] of_get_named_gpiod_flags: can't parse 'gpio' property of node '/fixedregulator0[0]'
[    0.261489] reg-fixed-voltage fixedregulator0: using lookup tables for GPIO lookup
[    0.261500] reg-fixed-voltage fixedregulator0: No GPIO consumer (default) found
[    0.262546] SCSI subsystem initialized
[    0.263023] libata version 3.00 loaded.
[    0.263399] pps_core: LinuxPPS API ver. 1 registered
[    0.263410] pps_core: Software ver. 5.3.6 - Copyright 2005-2007 Rodolfo Giometti <giometti@linux.it>
[    0.263435] PTP clock support registered
[    0.270946] vgaarb: loaded
[    0.271303] clocksource: Switched to clocksource dmtimer
[    0.271978] VFS: Disk quotas dquot_6.6.0
[    0.272033] VFS: Dquot-cache hash table entries: 1024 (order 0, 4096 bytes)
[    0.296158] NET: Registered PF_INET protocol family
[    0.296502] IP idents hash table entries: 8192 (order: 4, 65536 bytes, linear)
[    0.297931] tcp_listen_portaddr_hash hash table entries: 512 (order: 0, 4096 bytes, linear)
[    0.297969] Table-perturb hash table entries: 65536 (order: 6, 262144 bytes, linear)
[    0.297987] TCP established hash table entries: 4096 (order: 2, 16384 bytes, linear)
[    0.298031] TCP bind hash table entries: 4096 (order: 4, 65536 bytes, linear)
[    0.298131] TCP: Hash tables configured (established 4096 bind 4096)
[    0.298252] UDP hash table entries: 256 (order: 1, 14336 bytes, linear)
[    0.298287] UDP-Lite hash table entries: 256 (order: 1, 14336 bytes, linear)
[    0.298476] NET: Registered PF_UNIX/PF_LOCAL protocol family
[    0.302021] RPC: Registered named UNIX socket transport module.
[    0.302043] RPC: Registered udp transport module.
[    0.302048] RPC: Registered tcp transport module.
[    0.302053] RPC: Registered tcp-with-tls transport module.
[    0.302058] RPC: Registered tcp NFSv4.1 backchannel transport module.
[    0.302082] PCI: CLS 0 bytes, default 64
[    0.303518] Initialise system trusted keyrings
[    0.311960] workingset: timestamp_bits=14 max_order=17 bucket_order=3
[    0.313347] NFS: Registering the id_resolver key type
[    0.313428] Key type id_resolver registered
[    0.313436] Key type id_legacy registered
[    0.313542] jffs2: version 2.2. (NAND) (SUMMARY)  Â© 2001-2006 Red Hat, Inc.
[    0.313958] Key type asymmetric registered
[    0.313974] Asymmetric key parser 'x509' registered
[    0.314034] io scheduler mq-deadline registered
[    0.314045] io scheduler kyber registered
[    0.314115] io scheduler bfq registered
[    0.315768] ledtrig-cpu: registered to indicate activity on CPUs
[    0.322141] Serial: 8250/16550 driver, 6 ports, IRQ sharing enabled
[    0.362211] brd: module loaded
[    0.391069] loop: module loaded
[    0.392148] mtdoops: mtd device (mtddev=name/number) must be supplied
[    0.393968] mdio_bus fixed-0: using lookup tables for GPIO lookup
[    0.393991] mdio_bus fixed-0: No GPIO consumer reset found
[    0.395413] i2c_dev: i2c /dev entries driver
[    0.396402] cpuidle: enable-method property 'ti,am3352' found operations
[    0.396869] sdhci: Secure Digital Host Controller Interface driver
[    0.396879] sdhci: Copyright(c) Pierre Ossman
[    0.397070] sdhci-pltfm: SDHCI platform and OF driver helper
[    0.398114] Initializing XFRM netlink socket
[    0.398286] NET: Registered PF_INET6 protocol family
[    0.407142] Segment Routing with IPv6
[    0.407231] In-situ OAM (IOAM) with IPv6
[    0.407336] sit: IPv6, IPv4 and MPLS over IPv4 tunneling driver
[    0.408309] NET: Registered PF_PACKET protocol family
[    0.408345] NET: Registered PF_KEY protocol family
[    0.408458] Key type dns_resolver registered
[    0.408683] ThumbEE CPU extension supported.
[    0.408701] Registering SWP/SWPB emulation handler
[    0.409260] omap_voltage_late_init: Voltage driver support not added
[    0.409625] SmartReflex Class3 initialized
[    0.448297] Loading compiled-in X.509 certificates
[    0.498719] /ocp/interconnect@44c00000/segment@200000/target-module@b000/i2c@0/tda19988@70: Fixed dependency cycle(s) with /ocp/interconnect@48000000/segment@300000/target-module@e000/lcdc@0
[    0.505306] /ocp/interconnect@44c00000/segment@200000/target-module@b000/i2c@0/tda19988@70: Fixed dependency cycle(s) with /ocp/interconnect@48000000/segment@300000/target-module@e000/lcdc@0
[    0.510714] gpiochip_find_base_unlocked: found new base at 512
[    0.528116] /ocp/interconnect@44c00000/segment@200000/target-module@b000/i2c@0/tda19988@70: Fixed dependency cycle(s) with /ocp/interconnect@48000000/segment@300000/target-module@e000/lcdc@0
[    0.528990] /ocp/interconnect@44c00000/segment@200000/target-module@b000/i2c@0/tda19988@70: Fixed dependency cycle(s) with /ocp/interconnect@48000000/segment@300000/target-module@e000/lcdc@0
[    0.532744] /ocp/interconnect@44c00000/segment@200000/target-module@10000/scm@0/pinmux@800: Fixed dependency cycle(s) with /ocp/interconnect@44c00000/segment@200000/target-module@10000/scm@0/pinmux@800/clkout2-pins
[    0.533353] pinctrl-single 44e10800.pinmux: 142 pins, size 568
[    0.538622] ti-sysc 44e31000.target-module: probe with driver ti-sysc failed with error -16
[    0.565147] /ocp/interconnect@48000000/segment@300000/target-module@e000/lcdc@0: Fixed dependency cycle(s) with /ocp/interconnect@44c00000/segment@200000/target-module@b000/i2c@0/tda19988@70
[    0.573332] ti-sysc 48040000.target-module: probe with driver ti-sysc failed with error -16
[    0.584906] gpiochip_find_base_unlocked: found new base at 512
[    0.585004] gpio gpiochip0: (gpio-0-31): created GPIO range 0->7 ==> 44e10800.pinmux PIN 0->7
[    0.585024] gpio gpiochip0: (gpio-0-31): created GPIO range 8->11 ==> 44e10800.pinmux PIN 90->93
[    0.585040] gpio gpiochip0: (gpio-0-31): created GPIO range 12->27 ==> 44e10800.pinmux PIN 12->27
[    0.585055] gpio gpiochip0: (gpio-0-31): created GPIO range 28->31 ==> 44e10800.pinmux PIN 30->33
[    0.618849] gpio gpiochip0: (gpio-0-31): added GPIO chardev (254:0)
[    0.619019] gpio gpiochip0: registered GPIOs 512 to 543 on gpio-0-31
[    0.619103] OMAP GPIO hardware version 0.1
[    0.644404] i2c i2c-2: using DT '/ocp/interconnect@48000000/segment@100000/target-module@9c000/i2c@0' for 'scl' GPIO lookup
[    0.644476] of_get_named_gpiod_flags: can't parse 'scl-gpios' property of node '/ocp/interconnect@48000000/segment@100000/target-module@9c000/i2c@0[0]'
[    0.644519] of_get_named_gpiod_flags: can't parse 'scl-gpio' property of node '/ocp/interconnect@48000000/segment@100000/target-module@9c000/i2c@0[0]'
[    0.644554] i2c i2c-2: using lookup tables for GPIO lookup
[    0.644564] i2c i2c-2: No GPIO consumer scl found
[    0.644586] i2c i2c-2: using DT '/ocp/interconnect@48000000/segment@100000/target-module@9c000/i2c@0' for 'sda' GPIO lookup
[    0.644621] of_get_named_gpiod_flags: can't parse 'sda-gpios' property of node '/ocp/interconnect@48000000/segment@100000/target-module@9c000/i2c@0[0]'
[    0.644659] of_get_named_gpiod_flags: can't parse 'sda-gpio' property of node '/ocp/interconnect@48000000/segment@100000/target-module@9c000/i2c@0[0]'
[    0.644689] i2c i2c-2: using lookup tables for GPIO lookup
[    0.644697] i2c i2c-2: No GPIO consumer sda found
[    0.645448] omap_i2c 4819c000.i2c: bus 2 rev0.11 at 100 kHz
[    0.650888] gpiochip_find_base_unlocked: found new base at 544
[    0.650989] gpio gpiochip1: (gpio-32-63): created GPIO range 0->17 ==> 44e10800.pinmux PIN 34->51
[    0.651008] gpio gpiochip1: (gpio-32-63): created GPIO range 18->21 ==> 44e10800.pinmux PIN 77->80
[    0.651024] gpio gpiochip1: (gpio-32-63): created GPIO range 22->31 ==> 44e10800.pinmux PIN 56->65
[    0.666928] gpio gpiochip1: (gpio-32-63): added GPIO chardev (254:1)
[    0.667101] gpio gpiochip1: registered GPIOs 544 to 575 on gpio-32-63
[    0.669397] gpiochip_find_base_unlocked: found new base at 576
[    0.669487] gpio gpiochip2: (gpio-64-95): created GPIO range 0->4 ==> 44e10800.pinmux PIN 66->70
[    0.669507] gpio gpiochip2: (gpio-64-95): created GPIO range 5->6 ==> 44e10800.pinmux PIN 98->99
[    0.669522] gpio gpiochip2: (gpio-64-95): created GPIO range 7->8 ==> 44e10800.pinmux PIN 75->76
[    0.669538] gpio gpiochip2: (gpio-64-95): created GPIO range 13->13 ==> 44e10800.pinmux PIN 141->141
[    0.669553] gpio gpiochip2: (gpio-64-95): created GPIO range 14->21 ==> 44e10800.pinmux PIN 100->107
[    0.670210] gpio gpiochip2: (gpio-64-95): added GPIO chardev (254:2)
[    0.670359] gpio gpiochip2: registered GPIOs 576 to 607 on gpio-64-95
[    0.676217] 48000000.interconnect:segment@200000:target-module@0:mpu@0:fck: device ID is greater than 24
[    0.677117] /ocp/interconnect@48000000/segment@300000/target-module@e000/lcdc@0: Fixed dependency cycle(s) with /ocp/interconnect@44c00000/segment@200000/target-module@b000/i2c@0/tda19988@70
[    0.679917] /ocp/interconnect@48000000/segment@300000/target-module@e000/lcdc@0: Fixed dependency cycle(s) with /ocp/interconnect@44c00000/segment@200000/target-module@b000/i2c@0/tda19988@70
[    0.680635] /ocp/interconnect@44c00000/segment@200000/target-module@b000/i2c@0/tda19988@70: Fixed dependency cycle(s) with /ocp/interconnect@48000000/segment@300000/target-module@e000/lcdc@0
[    0.680792] /ocp/interconnect@48000000/segment@300000/target-module@e000/lcdc@0: Fixed dependency cycle(s) with /ocp/interconnect@44c00000/segment@200000/target-module@b000/i2c@0/tda19988@70
[    0.690580] mdio_bus 4a101000.mdio: using DT '/ocp/interconnect@4a000000/segment@0/target-module@100000/switch@0/mdio@1000' for 'reset' GPIO lookup
[    0.690650] of_get_named_gpiod_flags: can't parse 'reset-gpios' property of node '/ocp/interconnect@4a000000/segment@0/target-module@100000/switch@0/mdio@1000[0]'
[    0.690697] of_get_named_gpiod_flags: can't parse 'reset-gpio' property of node '/ocp/interconnect@4a000000/segment@0/target-module@100000/switch@0/mdio@1000[0]'
[    0.690744] mdio_bus 4a101000.mdio: using lookup tables for GPIO lookup
[    0.690753] mdio_bus 4a101000.mdio: No GPIO consumer reset found
[    0.691848] sdhci-omap 481d8000.mmc: using DT '/ocp/interconnect@48000000/segment@100000/target-module@d8000/mmc@0' for 'wp' GPIO lookup
[    0.691908] of_get_named_gpiod_flags: can't parse 'wp-gpios' property of node '/ocp/interconnect@48000000/segment@100000/target-module@d8000/mmc@0[0]'
[    0.691949] of_get_named_gpiod_flags: can't parse 'wp-gpio' property of node '/ocp/interconnect@48000000/segment@100000/target-module@d8000/mmc@0[0]'
[    0.691983] sdhci-omap 481d8000.mmc: using lookup tables for GPIO lookup
[    0.691992] sdhci-omap 481d8000.mmc: No GPIO consumer wp found
[    0.692189] sdhci-omap 481d8000.mmc: supply pbias not found, using dummy regulator
[    0.703941] sdhci-omap 481d8000.mmc: supply vqmmc not found, using dummy regulator
[    0.741844] davinci_mdio 4a101000.mdio: davinci mdio revision 1.6, bus freq 1000000
[    0.794406] mdio_bus 4a101000.mdio:00: using DT '/ocp/interconnect@4a000000/segment@0/target-module@100000/switch@0/mdio@1000/ethernet-phy@0' for 'reset' GPIO lookup
[    0.794509] of_get_named_gpiod_flags: parsed 'reset-gpios' property of node '/ocp/interconnect@4a000000/segment@0/target-module@100000/switch@0/mdio@1000/ethernet-phy@0[0]' - status (0)
[    0.794668] gpio gpiochip0: Persistence not supported for GPIO 8
[    0.926071] davinci_mdio 4a101000.mdio: phy[0]: device 4a101000.mdio:00, driver SMSC LAN8710/LAN8720
[    0.926867] cpsw-switch 4a100000.switch: initialized cpsw ale version 1.4
[    0.926892] cpsw-switch 4a100000.switch: ALE Table size 1024, Policers 0
[    0.927035] cpsw-switch 4a100000.switch: cpts: overflow check period 500 (jiffies)
[    0.927052] cpsw-switch 4a100000.switch: CPTS: ref_clk_freq:250000000 calc_mult:2147483648 calc_shift:29 error:0 nsec/sec
[    0.927161] cpsw-switch 4a100000.switch: Detected MACID = 6c:ec:eb:68:de:78
[    0.929004] cpsw-switch 4a100000.switch: initialized (regs 0x4a100000, pool size 256) hw_ver:0019010C 1.12 (0)
[    0.940058] debugfs: Directory '49000000.dma' with parent 'dmaengine' already present!
[    0.940101] edma 49000000.dma: TI EDMA DMA engine driver
[    0.977980] target-module@4b000000:target-module@140000:pmu@0:fck: device ID is greater than 24
[    1.013125] hw perfevents: enabled with armv7_cortex_a8 PMU driver, 5 (8000000f) counters available
[    1.014088] gpio-clk clk_mcasp0: using DT '/clk_mcasp0' for 'enable' GPIO lookup
[    1.014155] of_get_named_gpiod_flags: parsed 'enable-gpios' property of node '/clk_mcasp0[0]' - status (0)
[    1.014198] gpio gpiochip0: Persistence not supported for GPIO 27
[    1.015005] gpiochip_find_base_unlocked: found new base at 608
[    1.015114] gpio gpiochip3: (gpio-96-127): created GPIO range 0->7 ==> 44e10800.pinmux PIN 82->89
[    1.015134] gpio gpiochip3: (gpio-96-127): created GPIO range 8->11 ==> 44e10800.pinmux PIN 52->55
[    1.015150] gpio gpiochip3: (gpio-96-127): created GPIO range 12->15 ==> 44e10800.pinmux PIN 94->97
[    1.015165] gpio gpiochip3: (gpio-96-127): created GPIO range 16->17 ==> 44e10800.pinmux PIN 71->72
[    1.015181] gpio gpiochip3: (gpio-96-127): created GPIO range 18->18 ==> 44e10800.pinmux PIN 135->135
[    1.015197] gpio gpiochip3: (gpio-96-127): created GPIO range 19->20 ==> 44e10800.pinmux PIN 108->109
[    1.015213] gpio gpiochip3: (gpio-96-127): created GPIO range 21->21 ==> 44e10800.pinmux PIN 73->73
[    1.015230] gpio gpiochip3: (gpio-96-127): created GPIO range 22->23 ==> 44e10800.pinmux PIN 8->9
[    1.015247] gpio gpiochip3: (gpio-96-127): created GPIO range 26->27 ==> 44e10800.pinmux PIN 10->11
[    1.015264] gpio gpiochip3: (gpio-96-127): created GPIO range 28->28 ==> 44e10800.pinmux PIN 74->74
[    1.015285] gpio gpiochip3: (gpio-96-127): created GPIO range 29->29 ==> 44e10800.pinmux PIN 81->81
[    1.015309] gpio gpiochip3: (gpio-96-127): created GPIO range 30->31 ==> 44e10800.pinmux PIN 28->29
[    1.020879] l3-aon-clkctrl:0000:0: failed to disable
[    1.021197] gpio gpiochip3: (gpio-96-127): added GPIO chardev (254:3)
[    1.021587] gpio gpiochip3: registered GPIOs 608 to 639 on gpio-96-127
[    1.033288] omap8250 44e09000.serial: using DT '/ocp/interconnect@44c00000/segment@200000/target-module@9000/serial@0' for 'rs485-term' GPIO lookup
[    1.033364] of_get_named_gpiod_flags: can't parse 'rs485-term-gpios' property of node '/ocp/interconnect@44c00000/segment@200000/target-module@9000/serial@0[0]'
[    1.033408] of_get_named_gpiod_flags: can't parse 'rs485-term-gpio' property of node '/ocp/interconnect@44c00000/segment@200000/target-module@9000/serial@0[0]'
[    1.033443] omap8250 44e09000.serial: using lookup tables for GPIO lookup
[    1.033454] omap8250 44e09000.serial: No GPIO consumer rs485-term found
[    1.033463] omap8250 44e09000.serial: using DT '/ocp/interconnect@44c00000/segment@200000/target-module@9000/serial@0' for 'rs485-rx-during-tx' GPIO lookup
[    1.033498] of_get_named_gpiod_flags: can't parse 'rs485-rx-during-tx-gpios' property of node '/ocp/interconnect@44c00000/segment@200000/target-module@9000/serial@0[0]'
[    1.033535] of_get_named_gpiod_flags: can't parse 'rs485-rx-during-tx-gpio' property of node '/ocp/interconnect@44c00000/segment@200000/target-module@9000/serial@0[0]'
[    1.033565] omap8250 44e09000.serial: using lookup tables for GPIO lookup
[    1.033574] omap8250 44e09000.serial: No GPIO consumer rs485-rx-during-tx found
[    1.033947] 44e09000.serial: ttyS0 at MMIO 0x44e09000 (irq = 34, base_baud = 3000000) is a 8250
[    1.034037] printk: legacy console [ttyS0] enabled
[    2.447764] i2c i2c-0: using DT '/ocp/interconnect@44c00000/segment@200000/target-module@b000/i2c@0' for 'scl' GPIO lookup
[    2.447851] of_get_named_gpiod_flags: can't parse 'scl-gpios' property of node '/ocp/interconnect@44c00000/segment@200000/target-module@b000/i2c@0[0]'
[    2.447900] of_get_named_gpiod_flags: can't parse 'scl-gpio' property of node '/ocp/interconnect@44c00000/segment@200000/target-module@b000/i2c@0[0]'
[    2.447940] i2c i2c-0: using lookup tables for GPIO lookup
[    2.447954] i2c i2c-0: No GPIO consumer scl found
[    2.447979] i2c i2c-0: using DT '/ocp/interconnect@44c00000/segment@200000/target-module@b000/i2c@0' for 'sda' GPIO lookup
[    2.448018] of_get_named_gpiod_flags: can't parse 'sda-gpios' property of node '/ocp/interconnect@44c00000/segment@200000/target-module@b000/i2c@0[0]'
[    2.448059] of_get_named_gpiod_flags: can't parse 'sda-gpio' property of node '/ocp/interconnect@44c00000/segment@200000/target-module@b000/i2c@0[0]'
[    2.448095] i2c i2c-0: using lookup tables for GPIO lookup
[    2.448106] i2c i2c-0: No GPIO consumer sda found
[    2.462282] tps65217-pmic: Failed to locate of_node [id: -1]
[    2.468337] tps65217-bl: Failed to locate of_node [id: -1]
[    2.479620] tps65217 0-0024: TPS65217 ID 0xe version 1.2
[    2.485793] /ocp/interconnect@48000000/segment@300000/target-module@e000/lcdc@0: Fixed dependency cycle(s) with /ocp/interconnect@44c00000/segment@200000/target-module@b000/i2c@0/tda19988@70
[    2.503183] /ocp/interconnect@44c00000/segment@200000/target-module@b000/i2c@0/tda19988@70: Fixed dependency cycle(s) with /ocp/interconnect@48000000/segment@300000/target-module@e000/lcdc@0
[    2.520555] omap_i2c 44e0b000.i2c: bus 0 rev0.11 at 400 kHz
[    2.528387] sdhci-omap 48060000.mmc: using DT '/ocp/interconnect@48000000/segment@0/target-module@60000/mmc@0' for 'cd' GPIO lookup
[    2.528494] of_get_named_gpiod_flags: parsed 'cd-gpios' property of node '/ocp/interconnect@48000000/segment@0/target-module@60000/mmc@0[0]' - status (0)
[    2.528559] gpio gpiochip3: Persistence not supported for GPIO 6
[    2.528583] omap_gpio 44e07000.gpio: Could not set line 6 debounce to 200000 microseconds (-22)
[    2.537475] sdhci-omap 48060000.mmc: Got CD GPIO
[    2.542159] sdhci-omap 48060000.mmc: using DT '/ocp/interconnect@48000000/segment@0/target-module@60000/mmc@0' for 'wp' GPIO lookup
[    2.542207] of_get_named_gpiod_flags: can't parse 'wp-gpios' property of node '/ocp/interconnect@48000000/segment@0/target-module@60000/mmc@0[0]'
[    2.542251] of_get_named_gpiod_flags: can't parse 'wp-gpio' property of node '/ocp/interconnect@48000000/segment@0/target-module@60000/mmc@0[0]'
[    2.542289] sdhci-omap 48060000.mmc: using lookup tables for GPIO lookup
[    2.542302] sdhci-omap 48060000.mmc: No GPIO consumer wp found
[    2.542511] sdhci-omap 48060000.mmc: supply pbias not found, using dummy regulator
[    2.551219] sdhci-omap 481d8000.mmc: using DT '/ocp/interconnect@48000000/segment@100000/target-module@d8000/mmc@0' for 'wp' GPIO lookup
[    2.551396] of_get_named_gpiod_flags: can't parse 'wp-gpios' property of node '/ocp/interconnect@48000000/segment@100000/target-module@d8000/mmc@0[0]'
[    2.551451] of_get_named_gpiod_flags: can't parse 'wp-gpio' property of node '/ocp/interconnect@48000000/segment@100000/target-module@d8000/mmc@0[0]'
[    2.551491] sdhci-omap 481d8000.mmc: using lookup tables for GPIO lookup
[    2.551504] sdhci-omap 481d8000.mmc: No GPIO consumer wp found
[    2.552625] sdhci-omap 48060000.mmc: supply vqmmc not found, using dummy regulator
[    2.561766] sdhci-omap 481d8000.mmc: supply pbias not found, using dummy regulator
[    2.569772] sdhci-omap 481d8000.mmc: supply vqmmc not found, using dummy regulator
[    2.607121] mmc1: SDHCI controller on 481d8000.mmc [481d8000.mmc] using External DMA
[    2.616520] mmc0: SDHCI controller on 48060000.mmc [48060000.mmc] using External DMA
[    2.625337] cpsw-switch 4a100000.switch: starting ndev. mode: dual_mac
[    2.670583] mmc0: new high speed SDHC card at address 5048
[    2.677644] mmcblk0: mmc0:5048 SD16G 14.4 GiB
[    2.685716]  mmcblk0: p1 p2
[    2.689090] mmcblk0: p2 size 31221760 extends beyond EOD, truncated
[    2.702585] SMSC LAN8710/LAN8720 4a101000.mdio:00: attached PHY driver (mii_bus:phy_addr=4a101000.mdio:00, irq=POLL)
[    2.714739] mmc1: new high speed MMC card at address 0001
[    2.721698] mmcblk1: mmc1:0001 MMC04G 3.60 GiB
[    2.733603]  mmcblk1: p1 p2
[    2.737882] mmcblk1boot0: mmc1:0001 MMC04G 2.00 MiB
[    2.745137] mmcblk1boot1: mmc1:0001 MMC04G 2.00 MiB
[    2.752507] mmcblk1rpmb: mmc1:0001 MMC04G 128 KiB, chardev (250:0)
