Labgrid Console Logfile for main
Logfile started at 2025-08-01 09:51:28.097716
=== Log starts here ===
reading args
spl_load_image_fat_os: error reading image args, err - -1
reading u-boot.img
reading u-boot.img


U-Boot 2014.04-00014-g47880f5 (Apr 22 2014 - 13:23:54)

I2C:   ready
DRAM:  512 MiB
NAND:  0 MiB
MMC:   OMAP SD/MMC: 0, OMAP SD/MMC: 1
*** Warning - readenv() failed, using default environment

Net:   <ethaddr> not set. Validating first E-fuse MAC
cpsw, usb_ether
Hit any key to stop autoboot:  1  0 
gpio: pin 53 (gpio 53) value is 1
mmc0 is current device
gpio: pin 54 (gpio 54) value is 1
SD/MMC found on device 0
reading uEnv.txt
569 bytes read in 3 ms (184.6 KiB/s)
gpio: pin 55 (gpio 55) value is 1
Loaded environment from uEnv.txt
Importing environment from mmc ...
Checking if uenvcmd is set ...
gpio: pin 56 (gpio 56) value is 1
Running uenvcmd ...
cpsw Waiting for PHY auto negotiation to complete. done
link up on port 0, speed 100, full duplex
Using cpsw device
TFTP from server 192.168.255.126; our IP address is 192.168.255.1
Filename 'zImage'.
Load address: 0x81000000
Loading: *#################################################################
	 #################################################################
	 #################################################################
	 #################################################################
	 #################################################################
	 ############################################################
	 2.4 MiB/s
done
Bytes transferred = 5647840 (562de0 hex)
link up on port 0, speed 100, full duplex
Using cpsw device
TFTP from server 192.168.255.126; our IP address is 192.168.255.1
Filename 'am335x-boneblack.dtb'.
Load address: 0x82000000
Loading: *#######
	 2.3 MiB/s
done
Bytes transferred = 98244 (17fc4 hex)
Kernel image @ 0x81000000 [ 0x000000 - 0x562de0 ]
## Flattened Device Tree blob at 82000000
   Booting using the fdt blob at 0x82000000
   Using Device Tree in place at 82000000, end 8201afc3

Starting kernel ...

[    0.000000] Booting Linux on physical CPU 0x0
[    0.000000] Linux version 6.16.0-next-20250801 (user01@drvtest01) (arm-none-eabi-gcc (Arm GNU Toolchain 14.2.Rel1 (Build arm-14.52)) 14.2.1 20241119, GNU ld (Arm GNU Toolchain 14.2.Rel1 (Build arm-14.52)) 2.43.1.20241119) #1 SMP Fri Aug  1 09:48:13 EEST 2025
[    0.000000] CPU: ARMv7 Processor [413fc082] revision 2 (ARMv7), cr=10c5387d
[    0.000000] CPU: PIPT / VIPT nonaliasing data cache, VIPT aliasing instruction cache
[    0.000000] OF: fdt: Machine model: TI AM335x BeagleBone Black
[    0.000000] Memory policy: Data cache writeback
[    0.000000] cma: Reserved 16 MiB at 0x9e800000
[    0.000000] Zone ranges:
[    0.000000]   Normal   [mem 0x0000000080000000-0x000000009fdfffff]
[    0.000000]   HighMem  empty
[    0.000000] Movable zone start for each node
[    0.000000] Early memory node ranges
[    0.000000]   node   0: [mem 0x0000000080000000-0x000000009fdfffff]
[    0.000000] Initmem setup node 0 [mem 0x0000000080000000-0x000000009fdfffff]
[    0.000000] On node 0, zone Normal: 512 pages in unavailable ranges
[    0.000000] OF: reserved mem: Reserved memory: No reserved-memory node in the DT
[    0.000000] CPU: All CPU(s) started in SVC mode.
[    0.000000] AM335X ES2.1 (sgx neon)
[    0.000000] percpu: Embedded 17 pages/cpu s39820 r8192 d21620 u69632
[    0.000000] Kernel command line: console=ttyO0,115200n8 root=/dev/nfs rw nfsroot=192.168.255.126:/home/user01/nfs,nfsvers=3 ip=192.168.255.1:192.168.255.126::255.255.255.0:bbb1:eth0 nfsrootdebug
[    0.000000] Unknown kernel command line parameters "nfsrootdebug", will be passed to user space.
[    0.000000] printk: log buffer data + meta data: 65536 + 204800 = 270336 bytes
[    0.000000] Dentry cache hash table entries: 65536 (order: 6, 262144 bytes, linear)
[    0.000000] Inode-cache hash table entries: 32768 (order: 5, 131072 bytes, linear)
[    0.000000] Built 1 zonelists, mobility grouping on.  Total pages: 130560
[    0.000000] mem auto-init: stack:off, heap alloc:off, heap free:off
[    0.000000] SLUB: HWalign=16, Order=0-3, MinObjects=0, CPUs=1, Nodes=1
[    0.000000] rcu: Hierarchical RCU implementation.
[    0.000000] rcu: 	RCU event tracing is enabled.
[    0.000000] rcu: 	RCU restricting CPUs from NR_CPUS=2 to nr_cpu_ids=1.
[    0.000000] 	Tracing variant of Tasks RCU enabled.
[    0.000000] rcu: RCU calculated value of scheduler-enlistment delay is 10 jiffies.
[    0.000000] rcu: Adjusting geometry for rcu_fanout_leaf=16, nr_cpu_ids=1
[    0.000000] RCU Tasks Trace: Setting shift to 0 and lim to 1 rcu_task_cb_adjust=1 rcu_task_cpu_ids=1.
[    0.000000] NR_IRQS: 16, nr_irqs: 16, preallocated irqs: 16
[    0.000000] IRQ: Found an INTC at 0x(ptrval) (revision 5.0) with 128 interrupts
[    0.000000] rcu: srcu_init: Setting srcu_struct sizes based on contention.
[    0.000000] TI gptimer clocksource: always-on /ocp/interconnect@44c00000/segment@200000/target-module@31000
[    0.000002] sched_clock: 32 bits at 24MHz, resolution 41ns, wraps every 89478484971ns
[    0.000026] clocksource: dmtimer: mask: 0xffffffff max_cycles: 0xffffffff, max_idle_ns: 79635851949 ns
[    0.000519] TI gptimer clockevent: 24000000 Hz at /ocp/interconnect@48000000/segment@0/target-module@40000
[    0.002129] Console: colour dummy device 80x30
[    0.002193] WARNING: Your 'console=ttyO0' has been replaced by 'ttyS0'
[    0.002200] This ensures that you still see kernel messages. Please
[    0.002205] update your kernel commandline.
[    0.002252] Calibrating delay loop... 996.14 BogoMIPS (lpj=4980736)
[    0.090569] CPU: Testing write buffer coherency: ok
[    0.090682] CPU0: Spectre v2: using BPIALL workaround
[    0.090692] pid_max: default: 32768 minimum: 301
[    0.090850] LSM: initializing lsm=capability
[    0.091013] Mount-cache hash table entries: 1024 (order: 0, 4096 bytes, linear)
[    0.091031] Mountpoint-cache hash table entries: 1024 (order: 0, 4096 bytes, linear)
[    0.092607] CPU0: thread -1, cpu 0, socket -1, mpidr 0
[    0.092664] cacheinfo: Unable to detect cache hierarchy for CPU 0
[    0.094659] Setting up static identity map for 0x80100000 - 0x80100078
[    0.095001] rcu: Hierarchical SRCU implementation.
[    0.095013] rcu: 	Max phase no-delay instances is 1000.
[    0.096741] smp: Bringing up secondary CPUs ...
[    0.096794] smp: Brought up 1 node, 1 CPU
[    0.096806] SMP: Total of 1 processors activated (996.14 BogoMIPS).
[    0.096817] CPU: All CPU(s) started in SVC mode.
[    0.097014] Memory: 480856K/522240K available (11264K kernel code, 1218K rwdata, 2936K rodata, 1024K init, 254K bss, 23352K reserved, 16384K cma-reserved, 0K highmem)
[    0.097821] devtmpfs: initialized
[    0.115302] VFP support v0.3: implementor 41 architecture 3 part 30 variant c rev 3
[    0.115938] clocksource: jiffies: mask: 0xffffffff max_cycles: 0xffffffff, max_idle_ns: 19112604462750000 ns
[    0.115995] posixtimers hash table entries: 512 (order: 0, 4096 bytes, linear)
[    0.116023] futex hash table entries: 256 (16384 bytes on 1 NUMA nodes, total 16 KiB, linear).
[    0.117150] pinctrl core: initialized pinctrl subsystem
[    0.119284] NET: Registered PF_NETLINK/PF_ROUTE protocol family
[    0.122401] DMA: preallocated 256 KiB pool for atomic coherent allocations
[    0.123004] audit: initializing netlink subsys (disabled)
[    0.124330] thermal_sys: Registered thermal governor 'fair_share'
[    0.124345] thermal_sys: Registered thermal governor 'step_wise'
[    0.124354] thermal_sys: Registered thermal governor 'user_space'
[    0.124462] audit: type=2000 audit(0.120:1): state=initialized audit_enabled=0 res=1
[    0.124531] cpuidle: using governor menu
[    0.142511] /ocp/interconnect@44c00000/segment@200000/target-module@b000/i2c@0/tda19988@70: Fixed dependency cycle(s) with /ocp/interconnect@48000000/segment@300000/target-module@e000/lcdc@0
[    0.143647] /ocp/interconnect@48000000/segment@300000/target-module@e000/lcdc@0: Fixed dependency cycle(s) with /ocp/interconnect@44c00000/segment@200000/target-module@b000/i2c@0/tda19988@70
[    0.145885] No ATAGs?
[    0.145926] hw-breakpoint: debug architecture 0x4 unsupported.
[    0.149013] kprobes: kprobe jump-optimization is enabled. All kprobes are optimized if possible.
[    0.154023] iommu: Default domain type: Translated
[    0.154045] iommu: DMA domain TLB invalidation policy: strict mode
[    0.161462] SCSI subsystem initialized
[    0.162316] pps_core: LinuxPPS API ver. 1 registered
[    0.162326] pps_core: Software ver. 5.3.6 - Copyright 2005-2007 Rodolfo Giometti <giometti@linux.it>
[    0.162350] PTP clock support registered
[    0.171356] vgaarb: loaded
[    0.171733] clocksource: Switched to clocksource dmtimer
[    0.172413] VFS: Disk quotas dquot_6.6.0
[    0.172473] VFS: Dquot-cache hash table entries: 1024 (order 0, 4096 bytes)
[    0.196890] NET: Registered PF_INET protocol family
[    0.197230] IP idents hash table entries: 8192 (order: 4, 65536 bytes, linear)
[    0.198654] tcp_listen_portaddr_hash hash table entries: 512 (order: 0, 4096 bytes, linear)
[    0.198691] Table-perturb hash table entries: 65536 (order: 6, 262144 bytes, linear)
[    0.198711] TCP established hash table entries: 4096 (order: 2, 16384 bytes, linear)
[    0.198756] TCP bind hash table entries: 4096 (order: 4, 65536 bytes, linear)
[    0.198855] TCP: Hash tables configured (established 4096 bind 4096)
[    0.198976] UDP hash table entries: 256 (order: 1, 14336 bytes, linear)
[    0.199010] UDP-Lite hash table entries: 256 (order: 1, 14336 bytes, linear)
[    0.199206] NET: Registered PF_UNIX/PF_LOCAL protocol family
[    0.200471] RPC: Registered named UNIX socket transport module.
[    0.200491] RPC: Registered udp transport module.
[    0.200496] RPC: Registered tcp transport module.
[    0.200501] RPC: Registered tcp-with-tls transport module.
[    0.200506] RPC: Registered tcp NFSv4.1 backchannel transport module.
[    0.200530] PCI: CLS 0 bytes, default 64
[    0.202067] Initialise system trusted keyrings
[    0.212395] workingset: timestamp_bits=14 max_order=17 bucket_order=3
[    0.213803] NFS: Registering the id_resolver key type
[    0.213866] Key type id_resolver registered
[    0.213873] Key type id_legacy registered
[    0.213983] jffs2: version 2.2. (NAND) (SUMMARY)  Â© 2001-2006 Red Hat, Inc.
[    0.214443] Key type asymmetric registered
[    0.214460] Asymmetric key parser 'x509' registered
[    0.214531] io scheduler mq-deadline registered
[    0.214540] io scheduler kyber registered
[    0.214611] io scheduler bfq registered
[    0.216470] target-module@4b000000:target-module@140000:pmu@0:fck: device ID is greater than 24
[    0.222652] l3-aon-clkctrl:0000:0: failed to disable
[    0.231925] ledtrig-cpu: registered to indicate activity on CPUs
[    0.235717] Serial: 8250/16550 driver, 6 ports, IRQ sharing enabled
[    0.282083] brd: module loaded
[    0.290509] loop: module loaded
[    0.291445] mtdoops: mtd device (mtddev=name/number) must be supplied
[    0.294742] i2c_dev: i2c /dev entries driver
[    0.295738] cpuidle: enable-method property 'ti,am3352' found operations
[    0.296185] sdhci: Secure Digital Host Controller Interface driver
[    0.296194] sdhci: Copyright(c) Pierre Ossman
[    0.296370] sdhci-pltfm: SDHCI platform and OF driver helper
[    0.302291] hw perfevents: enabled with armv7_cortex_a8 PMU driver, 5 (8000000f) counters available
[    0.302819] Initializing XFRM netlink socket
[    0.303003] NET: Registered PF_INET6 protocol family
[    0.308669] l3-aon-clkctrl:0000:0: failed to disable
[    0.312434] Segment Routing with IPv6
[    0.312520] In-situ OAM (IOAM) with IPv6
[    0.312617] sit: IPv6, IPv4 and MPLS over IPv4 tunneling driver
[    0.313591] NET: Registered PF_PACKET protocol family
[    0.313617] NET: Registered PF_KEY protocol family
[    0.313765] Key type dns_resolver registered
[    0.313992] ThumbEE CPU extension supported.
[    0.314012] Registering SWP/SWPB emulation handler
[    0.314547] omap_voltage_late_init: Voltage driver support not added
[    0.315205] SmartReflex Class3 initialized
[    0.345349] Loading compiled-in X.509 certificates
[    0.381377] /ocp/interconnect@44c00000/segment@200000/target-module@b000/i2c@0/tda19988@70: Fi xed dependency cycle(s) with /ocp/interconnect@48000000/segment@300000/target-module@e000/lcdc@0
[    0.387955] /ocp/interconnect@44c00000/segment@200000/target-module@b000/i2c@0/tda19988@70: Fixed dependency cycle(s) with /ocp/interconnect@48000000/segment@300000/target-module@e000/lcdc@0
[    0.420185] /ocp/interconnect@44c00000/segment@200000/target-module@b000/i2c@0/tda19988@70: Fixed dependency cycle(s) with /ocp/interconnect@48000000/segment@300000/target-module@e000/lcdc@0
[    0.421056] /ocp/in terconnect@44c00000/segment@200000/target-module@b000/i2c@0/tda19988@70: Fixed dependency cycle(s) with /ocp/interconnect@48000000/segment@300000/target-module@e000/lcdc@0
[    0.424906] /ocp/interconnect@44c00000/segment@200000/target-module@10000/scm@0/pinmux@800: Fixed dependency cycle(s) with /ocp/interconnect@44c00000/segment@200000/target-module@10000/scm@0/pinmux@800/clkout2-pins
[    0.425491] pinctrl-single 44e10800.pinmux: 142 pins, size 568
[    0.430805] ti-sysc 44e31000.target-module: probe with driver ti-sysc failed with error -16
[    0.477211] /ocp/interconnect@48000000/segment@300000/target-module@e000/lcdc@0: Fixed dependency cycle(s) with /ocp/interconnect@44c00000/segment@200000/target-module@b000/i2c@0/tda19988@70
[    0.485629] ti-sysc 48040000.target-module: probe with driver ti-sysc failed with error -16
[    0.522168] OMAP GPIO hardware version 0.1
[    0.557504] omap_i2c 4819c000.i2c: bus 2 rev0.11 at 100 kHz
[    0.586062] 48000000.interconnect:segment@200000:target-module@0:mpu@0:fck: device ID is greater than 24
[    0.586954] /ocp/interconnect@48000000/segment@300000/target-module@e000/lcdc@0: Fixed dependency cycle(s) with /ocp/interconnect@44c00000/segment@200000/target-module@b000/i2c@0/tda19988@70
[    0.589803] /ocp/interconnect@48000000/segment@300000/target-module@e000/lcdc@0: Fixed dependency cycle(s) with /ocp/interconnect@44c00000/segment@200000/target-module@b000/i2c@0/tda19988@70
[    0.590507] /ocp/interconnect@44c00000/segment@200000/target-module@b000/i2c@0/
[    2.442686] tps65217-pmic: Failed to locate of_node [id: -1]
[    2.448748] tps65217-bl: Failed to locate of_node [id: -1]
[    2.454835] platform tps65217-charger: DMA mask not set
[    2.460887] platform tps65217-pwrbutton: DMA mask not set
[    2.468173] tps65217 0-0024: TPS65217 ID 0xe version 1.2
[    2.474317] /ocp/interconnect@48000000/segment@300000/target-module@e000/lcdc@0: Fixed dependency cycle(s) with /ocp/interconnect@44c00000/segment@200000/target-module@b000/i2c@0/tda19988@70
[    2.491749] /ocp/interconnect@44c00000/segment@200000/target-module@b000/i2c@0/tda19988@70: Fixed dependency cycle(s) with /ocp/interconnect@48000000/segment@300000/target-module@e000/lcdc@0
[    2.509088] omap_i2c 44e0b000.i2c: bus 0 rev0.11 at 400 kHz
[    2.516967] omap_gpio 44e07000.gpio: Could not set line 6 debounce to 200000 microseconds (-22)
[    2.525887] sdhci-omap 48060000.mmc: Got CD GPIO
[    2.530898] sdhci-omap 48060000.mmc: supply pbias not found, using dummy regulator
[    2.540903] sdhci-omap 48060000.mmc: supply vqmmc not found, using dummy regulator
[    2.550066] sdhci-omap 481d8000.mmc: supply pbias not found, using dummy regulator
[    2.559866] sdhci-omap 481d8000.mmc: supply vqmmc not found, using dummy regulator
[    2.595456] mmc0: SDHCI controller on 48060000.mmc [48060000.mmc] using External DMA
[    2.603774] mmc1: SDHCI controller on 481d8000.mmc [481d8000.mmc] using External DMA
[    2.612535] cpsw-switch 4a100000.switch: starting ndev. mode: dual_mac
[    2.625772] Generic PHY 4a101000.mdio:00: attached PHY driver (mii_bus:phy_addr=4a101000.mdio:00, irq=POLL)
[    2.644058] cpsw-switch 4a100000.switch eth0: Link is Up - 100Mbps/Full - flow control off
[    2.671756] IP-Config: Complete:
[    2.675030]      device=eth0, hwaddr=6c:ec:eb:68:de:78, ipaddr=192.168.255.1, mask=255.255.255.0, gw=255.255.255.255
[    2.685688]      host=bbb1, domain=, nis-domain=(none)
[    2.690857]      bootserver=192.168.255.126, rootserver=192.168.255.126, rootpath=
[    2.691284] clk: Disabling unused clocks
[    2.703194] KTAP version 1
[    2.705924] 1..0
[    2.708919] check access for rdinit=/init failed: -2, ignoring
[    2.730468] mmc0: new high speed SDHC card at address 5048
[    2.740574] mmcblk0: mmc0:5048 SD16G 14.4 GiB
[    2.752551]  mmcblk0: p1 p2
[    2.756081] mmcblk0: p2 size 31221760 extends beyond EOD, truncated
[    2.767204] VFS: Mounted root (nfs filesystem) on device 0:17.
[    2.774362] devtmpfs: mounted
[    2.778911] Freeing unused kernel image (initmem) memory: 1024K
[    2.785914] Run /sbin/init as init process
[    2.794458] mmc1: new high speed MMC card at address 0001
[    2.802757] mmcblk1: mmc1:0001 MMC04G 3.60 GiB
[    2.813662]  mmcblk1: p1 p2
[    2.820824] mmcblk1boot0: mmc1:0001 MMC04G 2.00 MiB
[    2.833622] mmcblk1boot1: mmc1:0001 MMC04G 2.00 MiB
[    2.850015] mmcblk1rpmb: mmc1:0001 MMC04G 128 KiB, chardev (249:0)
[    3.505850] systemd[1]: System time before build time, advancing clock.
[    5.101752] random: crng init done
[    5.117995] systemd[1]: systemd 232 running in system mode. (+PAM +AUDIT +SELINUX +IMA +APPARMOR +SMACK +SYSVINIT +UTMP +LIBCRYPTSETUP +GCRYPT +GNUTLS +ACL +XZ +LZ4 +SECCOMP +BLKID +ELFUTILS +KMOD +IDN)
[    5.137217] systemd[1]: Detected architecture arm.

Welcome to [1mDebian GNU/Linux 9 (stretch)[0m!

[    5.164942] systemd[1]: Set hostname to <arm>.
[    6.253849] systemd[1]: Listening on Journal Audit Socket.
[[0;32m  OK  [0m] Listening on Journal Audit Socket.
[    6.272650] systemd[1]: Started Forward Password Requests to Wall Directory Watch.
[[0;32m  OK  [0m] Started Forward Password Requests to Wall Directory Watch.
[    6.303447] systemd[1]: Created slice System Slice.
[[0;32m  OK  [0m] Created slice System Slice.
[    6.333213] systemd[1]: Created slice system-getty.slice.
[[0;32m  OK  [0m] Created slice system-getty.slice.
[    6.372476] systemd[1]: Mounting POSIX Message Queue File System...
         Mounting POSIX Message Queue File System...
[    6.414341] systemd[1]: Mounting Debug File System...
         Mounting Debug File System...
[    6.435522] systemd[1]: Reached target Swap.
[[0;32m  OK  [0m] Reached target Swap.
[[0;32m  OK  [0m] Created slice system-serial\x2dgetty.slice.
[[0;32m  OK  [0m] Started Dispatch Password Requests to Console Directory Watch.
[[0;32m  OK  [0m] Listening on Syslog Socket.
[[0;32m  OK  [0m] Reached target Encrypted Volumes.
[[0;32m  OK  [0m] Set up automount Arbitrary Executabâ€¦rmats File System Automount Point.
[[0;32m  OK  [0m] Created slice User and Session Slice.
[[0;32m  OK  [0m] Reached target Remote File Systems.
[[0;32m  OK  [0m] Listening on Journal Socket.
         Starting Create list of required stâ€¦ce nodes for the current kernel...
         Starting Load Kernel Modules...
         Starting Remount Root and Kernel File Systems...
[[0;32m  OK  [0m] Reached target Paths.
[[0;32m  OK  [0m] Listening on /dev/initctl Compatibility Named Pipe.
[[0;32m  OK  [0m] Listening on Journal Socket (/dev/log).
         Starting Journal Service...
[[0;32m  OK  [0m] Reached target Slices.
[[0;32m  OK  [0m] Listening on udev Kernel Socket.
[[0;32m  OK  [0m] Listening on udev Control Socket.
[[0;32m  OK  [0m] Mounted POSIX Message Queue File System.
[[0;32m  OK  [0m] Mounted Debug File System.
[[0;32m  OK  [0m] Started Create list of required staâ€¦vice nodes for the current kernel.
[[0;32m  OK  [0m] Started Load Kernel Modules.
[[0;32m  OK  [0m] Started Remount Root and Kernel File Systems.
         Starting udev Coldplug all Devices...
         Starting Load/Save Random Seed...
         Mounting Configuration File System...
         Starting Apply Kernel Variables...
         Starting Create Static Device Nodes in /dev...
[[0;32m  OK  [0m] Mounted Configuration File System.
[[0;32m  OK  [0m] Started Load/Save Random Seed.
[[0;32m  OK  [0m] Started Apply Kernel Variables.
[[0;32m  OK  [0m] Started Create Static Device Nodes in /dev.
         Starting udev Kernel Device Manager...
[[0;32m  OK  [0m] Reached target Local File Systems (Pre).
[[0;32m  OK  [0m] Reached target Local File Systems.
         Starting Raise network interfaces...
[[0;32m  OK  [0m] Started Journal Service.
         Starting Flush Journal to Persistent Storage...
[    8.573652] systemd-journald[88]: Received request to flush runtime journal from PID 1
[[0;32m  OK  [0m] Started Flush Journal to Persistent Storage.
         Starting Create Volatile Files and Directories...
[[0;32m  OK  [0m] Started udev Kernel Device Manager.
[[0;32m  OK  [0m] Started Create Volatile Files and Directories.
         Starting Update UTMP about System Boot/Shutdown...
         Starting Network Time Synchronization...
[[0;32m  OK  [0m] Started udev Coldplug all Devices.
[[0;32m  OK  [0m] Started Update UTMP about System Boot/Shutdown.
[   11.590181] remoteproc remoteproc0: wkup_m3 is available
[   11.656771] omap_rtc 44e3e000.rtc: registered as rtc0
[   11.662207] omap_rtc 44e3e000.rtc: setting system clock to 2000-01-01T00:00:01 UTC (946684801)
[   11.725790] at24 2-0054: supply vcc not found, using dummy regulator
[   11.844815] at24 2-0055: supply vcc not found, using dummy regulator
[[0;32m  OK  [0m] Found device /dev/ttyS0.
[   11.953860] at24 2-0056: supply vcc not found, using dummy regulator
[   12.044650] at24 2-0057: supply vcc not found, using dummy regulator
[   12.159623] input: tps65217_pwrbutton as /devices/platform/ocp/44c00000.interconnect/44c00000.interconnect:segment@200000/44e0b000.target-module/44e0b000.i2c/i2c-0/0-0024/tps65217-pwrbutton/input/input0
[   12.190671] at24 0-0050: 32768 byte 24c256 EEPROM, writable, 1 bytes/write
[   12.823452] am335x-phy-driver 47401300.usb-phy: dummy supplies not allowed for exclusive requests (id=vbus)
[[0;32m  OK  [0m] Started Network Time Synchronization.
[[0;32m  OK  [0m] Reached target System Initialization.
[   12.883085] omap_wdt: OMAP Watchdog Timer Rev 0x01: initial timeout 60 sec
[[0;32m  OK  [0m] Listening on Avahi mDNS/DNS-SD Stack Activation Socket.
[   12.974845] am335x-phy-driver 47401b00.usb-phy: dummy supplies not allowed for exclusive requests (id=vbus)
[[0;32m  OK  [0m] Listening on D-Bus System Message Bus Socket.
[[0;32m  OK  [0m] Reached target Sockets.
[[0;32m  OK  [0m] Reached target Basic System.
[[0;32m  OK  [0m] Started D-Bus System Message Bus.
[   13.513157] usbcore: registered new interface driver usbfs
[   13.518811] usbcore: registered new interface driver hub
[   13.524450] usbcore: registered new device driver usb
[   14.102278] omap-mailbox 480c8000.mailbox: omap mailbox rev 0x400
[   14.148918] remoteproc remoteproc0: powering up wkup_m3
[   14.196171] musb-hdrc musb-hdrc.1: MUSB HDRC host driver
[   14.201595] musb-hdrc musb-hdrc.1: new USB bus registered, assigned bus number 1
[   14.212940] tda998x 0-0070: found TDA19988
[   14.319123] remoteproc remoteproc0: Direct firmware load for am335x-pm-firmware.elf failed with error -2
[   14.328993] remoteproc remoteproc0: request_firmware failed: -2
[   14.335075] wkup_m3_ipc 44e11324.wkup_m3_ipc: rproc_boot failed
[   14.479841] usb usb1: New USB device found, idVendor=1d6b, idProduct=0002, bcdDevice= 6.16
[   14.490009] usb usb1: New USB device strings: Mfr=3, Product=2, SerialNumber=1
[   14.497460] usb usb1: Product: MUSB HDRC host driver
[   14.502522] usb usb1: Manufacturer: Linux 6.16.0-next-20250801 musb-hcd
[   14.509173] usb usb1: SerialNumber: musb-hdrc.1
[   14.876537] hub 1-0:1.0: USB hub found
[   14.959836] hub 1-0:1.0: 1 port detected
[   16.591692] omap_rng 48310000.rng: Random Number Generator ver. 20
[   16.752329] tilcdc 4830e000.lcdc: bound 0-0070 (ops 0xbf1770f8)
[   16.825857] [drm] Initialized tilcdc 1.0.0 for 4830e000.lcdc on minor 0
[   16.902280] tilcdc 4830e000.lcdc: [drm] Cannot find any crtc or sizes
[   16.915499] tilcdc 4830e000.lcdc: [drm] Cannot find any crtc or sizes
         Starting Connection service...
         Starting Avahi mDNS/DNS-SD Stack...
         Starting Telephony service...
         Starting System Logging Service...
         Starting DUN service...
         Starting Cape Manager Service...
[[0;32m  OK  [0m] Started Regular background program processing daemon.
         Starting LSB: Load kernel modules needed to enable cpufreq scaling...
[   17.885863] PM: Cannot get wkup_m3_ipc handle
         Starting LSB: Start busybox udhcpd at boot time...
         Starting Generic Board Startup...
[[0;32m  OK  [0m] Started Daily Cleanup of Temporary Directories.
[   18.222731] omap-sham 53100000.sham: hw accel on OMAP rev 4.3
         Starting Login Service...
[[0;32m  OK  [0m] Reached target System Time Synchronized.
[   18.426615] omap-sham 53100000.sham: will run requests pump with realtime priority
[   18.437839] PM: Cannot get wkup_m3_ipc handle
[[0;32m  OK  [0m] Started Daily apt download activities.
[   18.496478] omap-aes 53500000.aes: OMAP AES hw accel rev: 3.2
[[0;32m  OK  [0m] Started Daily apt upgrade and clean activities.
[[0;32m  OK  [0m] Reached target Timers.
[   18.626205] omap-aes 53500000.aes: will run requests pump with realtime priority
[   18.642292] PM: Cannot get wkup_m3_ipc handle
[   20.634938] ------------[ cut here ]------------
[   20.639639] WARNING: net/8021q/vlan_core.c:236 at vlan_for_each+0x114/0x134, CPU#0: avahi-daemon/274
[   20.649046] RTNL: assertion failed at net/8021q/vlan_core.c (236)
[   20.655213] Modules linked in: ecdh_generic ecc omap_aes_driver snd_soc_simple_card omap_crypto omap_sham libaes snd_soc_simple_card_utils crypto_engine pm33xx ti_emif_sram tilcdc omap_rng drm_dma_helper rng_core drm_client_lib snd_soc_davinci_mcasp snd_soc_ti_udma snd_soc_ti_edma snd_soc_ti_sdma snd_soc_core snd_pcm_dmaengine snd_pcm snd_timer snd omap_mailbox musb_dsps soundcore tda998x musb_hdrc cec udc_core drm_kms_helper usbcore drm omap_wdt phy_am335x phy_generic watchdog wkup_m3_ipc usb_common drm_panel_orientation_quirks tps65218_pwrbutton phy_am335x_control at24 rtc_omap wkup_m3_rproc cppi41 leds_gpio led_class cpufreq_dt autofs4
[   20.712396] CPU: 0 UID: 107 PID: 274 Comm: avahi-daemon Not tainted 6.16.0-next-20250801 #1 NONE 
[   20.712416] Hardware name: Generic AM33XX (Flattened Device Tree)
[   20.712425] Call trace: 
[   20.712440]  unwind_backtrace from show_stack+0x10/0x14
[   20.712479]  show_stack from dump_stack_lvl+0x50/0x64
[   20.712505]  dump_stack_lvl from __warn+0x88/0x148
[   20.712524]  __warn from warn_slowpath_fmt+0x19c/0x1b0
[   20.712536]  warn_slowpath_fmt from vlan_for_each+0x114/0x134
[   20.712562]  vlan_for_each from cpsw_add_mc_addr+0x40/0xa4
[   20.712591]  cpsw_add_mc_addr from __hw_addr_ref_sync_dev+0x108/0x140
[   20.712624]  __hw_addr_ref_sync_dev from __dev_mc_add+0x7c/0x80
[   20.712648]  __dev_mc_add from igmp6_group_added+0xc8/0xe0
[   20.712678]  igmp6_group_added from __ipv6_dev_mc_inc+0x218/0x364
[   20.712697]  __ipv6_dev_mc_inc from __ipv6_sock_mc_join+0x11c/0x214
[   20.712716]  __ipv6_sock_mc_join from do_ipv6_setsockopt+0x1214/0x1310
[   20.712751]  do_ipv6_setsockopt from ipv6_setsockopt+0x60/0xcc
[   20.712774]  ipv6_setsockopt from udpv6_setsockopt+0x2c/0x6c
[   20.712792]  udpv6_setsockopt from sock_common_setsockopt+0x30/0x40
[   20.712824]  sock_common_setsockopt from do_sock_setsockopt+0x50/0x9c
[   20.712846]  do_sock_setsockopt from __sys_setsockopt+0x70/0xbc
[   20.712867]  __sys_setsockopt from ret_fast_syscall+0x0/0x58
[   20.712885] Exception stack(0xe0141fa8 to 0xe0141ff0)
[   20.712899] 1fa0:                   00000014 b6f27ce8 0000000d 00000029 00000014 beadc9ec
[   20.712910] 1fc0: 00000014 b6f27ce8 00000014 00000126 0000000d b6ed0ff4 004be988 004a6558
[   20.712920] 1fe0: b6ee6088 beadc9d8 b6ec3309 b6d9a41a
[   20.712927] ---[ end trace 0000000000000000 ]---
[   21.614034] Bluetooth: Core ver 2.22
[   21.617861] NET: Registered PF_BLUETOOTH protocol family
[   21.623362] Bluetooth: HCI device and connection manager initialized
[   21.629773] Bluetooth: HCI socket layer initialized
[   21.634751] Bluetooth: L2CAP socket layer initialized
[   21.639866] Bluetooth: SCO socket layer initialized
[[0;32m  OK  [0m] Started System Logging Service.
[[0;32m  OK  [0m] Started Cape Manager Service.
[   22.203438] PM: Cannot get wkup_m3_ipc handle
[   22.273774] gpio-537 (nxp,calib): gpiod_direction_output_nonotify: tried to set a GPIO tied to an IRQ as output
[   22.332036] PM: Cannot get wkup_m3_ipc handle
[   22.530333] tda9950 0-0034: TDA9950 CEC interface, hardware version 3.3
[   22.620313] PM: Cannot get wkup_m3_ipc handle
[[0;32m  OK  [0m] Started LSB: Start busybox udhcpd at boot time.
[[0;32m  OK  [0m] Started Raise network interfaces.
[[0;32m  OK  [0m] Started LSB: Load kernel modules needed to enable cpufreq scaling.
[[0;32m  OK  [0m] Started DUN service.
[[0;32m  OK  [0m] Started Telephony service.
[   26.313479] configfs-gadget.g_multi gadget.0: HOST MAC 1c:ba:8c:a2:ed:6c
[   26.320253] configfs-gadget.g_multi gadget.0: MAC 1c:ba:8c:a2:ed:70
[   26.327704] configfs-gadget.g_multi gadget.0: HOST MAC 1c:ba:8c:a2:ed:6c
[   26.334559] configfs-gadget.g_multi gadget.0: MAC 1c:ba:8c:a2:ed:6d
[   26.352277] PM: Cannot get wkup_m3_ipc handle
[[0;32m  OK  [0m] Started Avahi mDNS/DNS-SD Stack.
[[0;32m  OK  [0m] Started Connection service.
[[0;32m  OK  [0m] Started Login Service.
         Starting Hostname Service...
         Starting WPA supplicant...
[[0;32m  OK  [0m] Reached target Sound Card.
         Starting LSB: set CPUFreq kernel parameters...
[[0;32m  OK  [0m] Started WPA supplicant.
[[0;32m  OK  [0m] Reached target Network.
         Starting The Apache HTTP Server...
         Starting Permit User Sessions...
         Starting OpenBSD Secure Shell server...
[[0;32m  OK  [0m] Reached target Network is Online.
         Starting LSB: Advanced IEEE 802.11 management daemon...
[[0;32m  OK  [0m] Started Hostname Service.
[[0;32m  OK  [0m] Started LSB: Advanced IEEE 802.11 management daemon.
[[0;32m  OK  [0m] Started LSB: set CPUFreq kernel parameters.
[[0;32m  OK  [0m] Started Permit User Sessions.
[[0;32m  OK  [0m] Started Getty on tty1.
[[0;32m  OK  [0m] Started Serial Getty on ttyS0.
[[0;32m  OK  [0m] Reached target Login Prompts.
[[0;32m  OK  [0m] Started OpenBSD Secure Shell server.
         Stopping LSB: Start busybox udhcpd at boot time...
[[0;32m  OK  [0m] Stopped LSB: Start busybox udhcpd at boot time.
[[0;32m  OK  [0m] Started The Apache HTTP Server.
         Starting dnsmasq - A lightweight DHCP and caching DNS server...
[[0;32m  OK  [0m] Started dnsmasq - A lightweight DHCP and caching DNS server.
[[0;32m  OK  [0m] Reached target Host and Network Name Lookups.
[[0;32m  OK  [0m] Started Serial Getty on ttyGS0.
[[0;32m  OK  [0m] Started Generic Board Startup.
[[0;32m  OK  [0m] Reached target Multi-User System.
[[0;32m  OK  [0m] Reached target Graphical Interface.
         Starting Update UTMP about System Runlevel Changes...
[[0;32m  OK  [0m] Started Update UTMP about System Runlevel Changes.

Debian GNU/Linux 9 arm ttyS0

default username:password is [debian:temppwd]

arm login: [   36.962637] PM: Cannot get wkup_m3_ipc handle
[   36.967759] platform pm33xx: deferred probe pending: (reason unknown)
root
Password: 
Last login: Sat Jan  1 00:00:33 UTC 2000 on ttyS0
root
Linux arm 6.16.0-next-20250801 #1 SMP Fri Aug  1 09:48:13 EEST 2025 armv7l

The programs included with the Debian GNU/Linux system are free software;
the exact distribution terms for each program are described in the
individual files in /usr/share/doc/*/copyright.

Debian GNU/Linux comes with ABSOLUTELY NO WARRANTY, to the extent
permitted by applicable law.
root@arm:~# root
dmesg -n 1
-bash: root: command not found
root@arm:~# dmesg -n 1
root@arm:~# echo 'JUZP''LHACYA'
JUZPLHACYA
root@arm:~# run() { echo -n "$MARKER"; sh -c "$@"; echo "$MARKER $?"; }
root@arm:~# echo 'WTVZ''XKAJZA'
WTVZXKAJZA
root@arm:~# MARKER='CVWW''LFYWPJ' run 'cat /proc/version'
CVWWLFYWPJLinux version 6.16.0-next-20250801 (user01@drvtest01) (arm-none-eabi-gcc (Arm GNU Toolchain 14.2.Rel1 (Build arm-14.52)) 14.2.1 20241119, GNU ld (Arm GNU Toolchain 14.2.Rel1 (Build arm-14.52)) 2.43.1.20241119) #1 SMP Fri Aug  1 09:48:13 EEST 2025
CVWWLFYWPJ 0
root@arm:~# echo 'PWJM''OYVPSS'
PWJMOYVPSS
root@arm:~# MARKER='VOXL''GUGCFQ' run false
VOXLGUGCFQVOXLGUGCFQ 1
root@arm:~# Labgrid Console Logfile for main
Logfile started at 2025-08-01 09:52:25.863268
=== Log starts here ===

root@arm:~# run() { echo -n "$MARKER"; sh -c "$@"; echo "$MARKER $?"; }
root@arm:~# echo 'YYQG''PXBVJM'
YYQGPXBVJM
root@arm:~# MARKER='PUAY''QTFVAY' run 'ls /iio_generic_buffer; echo $?'
PUAYQTFVAY/iio_generic_buffer
0
PUAYQTFVAY 0
root@arm:~# Labgrid Console Logfile for main
Logfile started at 2025-08-01 09:52:29.197778
=== Log starts here ===

root@arm:~# run() { echo -n "$MARKER"; sh -c "$@"; echo "$MARKER $?"; }
root@arm:~# echo 'YPVS''KLJJQQ'
YPVSKLJJQQ
root@arm:~# MARKER='UPMX''GTSOVQ' run dmesg
UPMXGTSOVQ[    0.000000] Booting Linux on physical CPU 0x0
[    0.000000] Linux version 6.16.0-next-20250801 (user01@drvtest01) (arm-none-eabi-gcc (Arm GNU Toolchain 14.2.Rel1 (Build arm-14.52)) 14.2.1 20241119, GNU ld (Arm GNU Toolchain 14.2.Rel1 (Build arm-14.52)) 2.43.1.20241119) #1 SMP Fri Aug  1 09:48:13 EEST 2025
[    0.000000] CPU: ARMv7 Processor [413fc082] revision 2 (ARMv7), cr=10c5387d
[    0.000000] CPU: PIPT / VIPT nonaliasing data cache, VIPT aliasing instruction cache
[    0.000000] OF: fdt: Machine model: TI AM335x BeagleBone Black
[    0.000000] Memory policy: Data cache writeback
[    0.000000] cma: Reserved 16 MiB at 0x9e800000
[    0.000000] Zone ranges:
[    0.000000]   Normal   [mem 0x0000000080000000-0x000000009fdfffff]
[    0.000000]   HighMem  empty
[    0.000000] Movable zone start for each node
[    0.000000] Early memory node ranges
[    0.000000]   node   0: [mem 0x0000000080000000-0x000000009fdfffff]
[    0.000000] Initmem setup node 0 [mem 0x0000000080000000-0x000000009fdfffff]
[    0.000000] On node 0, zone Normal: 512 pages in unavailable ranges
[    0.000000] OF: reserved mem: Reserved memory: No reserved-memory node in the DT
[    0.000000] CPU: All CPU(s) started in SVC mode.
[    0.000000] AM335X ES2.1 (sgx neon)
[    0.000000] percpu: Embedded 17 pages/cpu s39820 r8192 d21620 u69632
[    0.000000] pcpu-alloc: s39820 r8192 d21620 u69632 alloc=17*4096
[    0.000000] pcpu-alloc: [0] 0 
[    0.000000] Kernel command line: console=ttyO0,115200n8 root=/dev/nfs rw nfsroot=192.168.255.126:/home/user01/nfs,nfsvers=3 ip=192.168.255.1:192.168.255.126::255.255.255.0:bbb1:eth0 nfsrootdebug
[    0.000000] Unknown kernel command line parameters "nfsrootdebug", will be passed to user space.
[    0.000000] printk: log buffer data + meta data: 65536 + 204800 = 270336 bytes
[    0.000000] Dentry cache hash table entries: 65536 (order: 6, 262144 bytes, linear)
[    0.000000] Inode-cache hash table entries: 32768 (order: 5, 131072 bytes, linear)
[    0.000000] Built 1 zonelists, mobility grouping on.  Total pages: 130560
[    0.000000] mem auto-init: stack:off, heap alloc:off, heap free:off
[    0.000000] SLUB: HWalign=16, Order=0-3, MinObjects=0, CPUs=1, Nodes=1
[    0.000000] rcu: Hierarchical RCU implementation.
[    0.000000] rcu: 	RCU event tracing is enabled.
[    0.000000] rcu: 	RCU restricting CPUs from NR_CPUS=2 to nr_cpu_ids=1.
[    0.000000] 	Tracing variant of Tasks RCU enabled.
[    0.000000] rcu: RCU calculated value of scheduler-enlistment delay is 10 jiffies.
[    0.000000] rcu: Adjusting geometry for rcu_fanout_leaf=16, nr_cpu_ids=1
[    0.000000] RCU Tasks Trace: Setting shift to 0 and lim to 1 rcu_task_cb_adjust=1 rcu_task_cpu_ids=1.
[    0.000000] NR_IRQS: 16, nr_irqs: 16, preallocated irqs: 16
[    0.000000] IRQ: Found an INTC at 0x(ptrval) (revision 5.0) with 128 interrupts
[    0.000000] rcu: srcu_init: Setting srcu_struct sizes based on contention.
[    0.000000] TI gptimer clocksource: always-on /ocp/interconnect@44c00000/segment@200000/target-module@31000
[    0.000002] sched_clock: 32 bits at 24MHz, resolution 41ns, wraps every 89478484971ns
[    0.000026] clocksource: dmtimer: mask: 0xffffffff max_cycles: 0xffffffff, max_idle_ns: 79635851949 ns
[    0.000519] TI gptimer clockevent: 24000000 Hz at /ocp/interconnect@48000000/segment@0/target-module@40000
[    0.002129] Console: colour dummy device 80x30
[    0.002193] WARNING: Your 'console=ttyO0' has been replaced by 'ttyS0'
[    0.002200] This ensures that you still see kernel messages. Please
[    0.002205] update your kernel commandline.
[    0.002252] Calibrating delay loop... 996.14 BogoMIPS (lpj=4980736)
[    0.090569] CPU: Testing write buffer coherency: ok
[    0.090682] CPU0: Spectre v2: using BPIALL workaround
[    0.090692] pid_max: default: 32768 minimum: 301
[    0.090850] LSM: initializing lsm=capability
[    0.091013] Mount-cache hash table entries: 1024 (order: 0, 4096 bytes, linear)
[    0.091031] Mountpoint-cache hash table entries: 1024 (order: 0, 4096 bytes, linear)
[    0.092607] CPU0: thread -1, cpu 0, socket -1, mpidr 0
[    0.092664] cacheinfo: Unable to detect cache hierarchy for CPU 0
[    0.094659] Setting up static identity map for 0x80100000 - 0x80100078
[    0.095001] rcu: Hierarchical SRCU implementation.
[    0.095013] rcu: 	Max phase no-delay instances is 1000.
[    0.096741] smp: Bringing up secondary CPUs ...
[    0.096794] smp: Brought up 1 node, 1 CPU
[    0.096806] SMP: Total of 1 processors activated (996.14 BogoMIPS).
[    0.096817] CPU: All CPU(s) started in SVC mode.
[    0.097014] Memory: 480856K/522240K available (11264K kernel code, 1218K rwdata, 2936K rodata, 1024K init, 254K bss, 23352K reserved, 16384K cma-reserved, 0K highmem)
[    0.097821] devtmpfs: initialized
[    0.115302] VFP support v0.3: implementor 41 architecture 3 part 30 variant c rev 3
[    0.115938] clocksource: jiffies: mask: 0xffffffff max_cycles: 0xffffffff, max_idle_ns: 19112604462750000 ns
[    0.115995] posixtimers hash table entries: 512 (order: 0, 4096 bytes, linear)
[    0.116023] futex hash table entries: 256 (16384 bytes on 1 NUMA nodes, total 16 KiB, linear).
[    0.117150] pinctrl core: initialized pinctrl subsystem
[    0.119284] NET: Registered PF_NETLINK/PF_ROUTE protocol family
[    0.122401] DMA: preallocated 256 KiB pool for atomic coherent allocations
[    0.123004] audit: initializing netlink subsys (disabled)
[    0.124330] thermal_sys: Registered thermal governor 'fair_share'
[    0.124345] thermal_sys: Registered thermal governor 'step_wise'
[    0.124354] thermal_sys: Registered thermal governor 'user_space'
[    0.124462] audit: type=2000 audit(0.120:1): state=initialized audit_enabled=0 res=1
[    0.124531] cpuidle: using governor menu
[    0.142511] /ocp/interconnect@44c00000/segment@200000/target-module@b000/i2c@0/tda19988@70: Fixed dependency cycle(s) with /ocp/interconnect@48000000/segment@300000/target-module@e000/lcdc@0
[    0.143647] /ocp/interconnect@48000000/segment@300000/target-module@e000/lcdc@0: Fixed dependency cycle(s) with /ocp/interconnect@44c00000/segment@200000/target-module@b000/i2c@0/tda19988@70
[    0.145885] No ATAGs?
[    0.145926] hw-breakpoint: debug architecture 0x4 unsupported.
[    0.149013] kprobes: kprobe jump-optimization is enabled. All kprobes are optimized if possible.
[    0.154023] iommu: Default domain type: Translated
[    0.154045] iommu: DMA domain TLB invalidation policy: strict mode
[    0.155604] reg-fixed-voltage fixedregulator0: using DT '/fixedregulator0' for '(default)' GPIO lookup
[    0.155662] of_get_named_gpiod_flags: can't parse 'gpios' property of node '/fixedregulator0[0]'
[    0.155690] of_get_named_gpiod_flags: can't parse 'gpio' property of node '/fixedregulator0[0]'
[    0.155707] reg-fixed-voltage fixedregulator0: using lookup tables for GPIO lookup
[    0.155718] reg-fixed-voltage fixedregulator0: No GPIO consumer (default) found
[    0.161462] SCSI subsystem initialized
[    0.161935] libata version 3.00 loaded.
[    0.162316] pps_core: LinuxPPS API ver. 1 registered
[    0.162326] pps_core: Software ver. 5.3.6 - Copyright 2005-2007 Rodolfo Giometti <giometti@linux.it>
[    0.162350] PTP clock support registered
[    0.171356] vgaarb: loaded
[    0.171733] clocksource: Switched to clocksource dmtimer
[    0.172413] VFS: Disk quotas dquot_6.6.0
[    0.172473] VFS: Dquot-cache hash table entries: 1024 (order 0, 4096 bytes)
[    0.196890] NET: Registered PF_INET protocol family
[    0.197230] IP idents hash table entries: 8192 (order: 4, 65536 bytes, linear)
[    0.198654] tcp_listen_portaddr_hash hash table entries: 512 (order: 0, 4096 bytes, linear)
[    0.198691] Table-perturb hash table entries: 65536 (order: 6, 262144 bytes, linear)
[    0.198711] TCP established hash table entries: 4096 (order: 2, 16384 bytes, linear)
[    0.198756] TCP bind hash table entries: 4096 (order: 4, 65536 bytes, linear)
[    0.198855] TCP: Hash tables configured (established 4096 bind 4096)
[    0.198976] UDP hash table entries: 256 (order: 1, 14336 bytes, linear)
[    0.199010] UDP-Lite hash table entries: 256 (order: 1, 14336 bytes, linear)
[    0.199206] NET: Registered PF_UNIX/PF_LOCAL protocol family
[    0.200471] RPC: Registered named UNIX socket transport module.
[    0.200491] RPC: Registered udp transport module.
[    0.200496] RPC: Registered tcp transport module.
[    0.200501] RPC: Registered tcp-with-tls transport module.
[    0.200506] RPC: Registered tcp NFSv4.1 backchannel transport module.
[    0.200530] PCI: CLS 0 bytes, default 64
[    0.202067] Initialise system trusted keyrings
[    0.212395] workingset: timestamp_bits=14 max_order=17 bucket_order=3
[    0.213803] NFS: Registering the id_resolver key type
[    0.213866] Key type id_resolver registered
[    0.213873] Key type id_legacy registered
[    0.213983] jffs2: version 2.2. (NAND) (SUMMARY)  Â© 2001-2006 Red Hat, Inc.
[    0.214443] Key type asymmetric registered
[    0.214460] Asymmetric key parser 'x509' registered
[    0.214531] io scheduler mq-deadline registered
[    0.214540] io scheduler kyber registered
[    0.214611] io scheduler bfq registered
[    0.216470] target-module@4b000000:target-module@140000:pmu@0:fck: device ID is greater than 24
[    0.222652] l3-aon-clkctrl:0000:0: failed to disable
[    0.231925] ledtrig-cpu: registered to indicate activity on CPUs
[    0.235717] Serial: 8250/16550 driver, 6 ports, IRQ sharing enabled
[    0.282083] brd: module loaded
[    0.290509] loop: module loaded
[    0.291445] mtdoops: mtd device (mtddev=name/number) must be supplied
[    0.293318] mdio_bus fixed-0: using lookup tables for GPIO lookup
[    0.293343] mdio_bus fixed-0: No GPIO consumer reset found
[    0.294742] i2c_dev: i2c /dev entries driver
[    0.295738] cpuidle: enable-method property 'ti,am3352' found operations
[    0.296185] sdhci: Secure Digital Host Controller Interface driver
[    0.296194] sdhci: Copyright(c) Pierre Ossman
[    0.296370] sdhci-pltfm: SDHCI platform and OF driver helper
[    0.302291] hw perfevents: enabled with armv7_cortex_a8 PMU driver, 5 (8000000f) counters available
[    0.302819] Initializing XFRM netlink socket
[    0.303003] NET: Registered PF_INET6 protocol family
[    0.308669] l3-aon-clkctrl:0000:0: failed to disable
[    0.312434] Segment Routing with IPv6
[    0.312520] In-situ OAM (IOAM) with IPv6
[    0.312617] sit: IPv6, IPv4 and MPLS over IPv4 tunneling driver
[    0.313591] NET: Registered PF_PACKET protocol family
[    0.313617] NET: Registered PF_KEY protocol family
[    0.313765] Key type dns_resolver registered
[    0.313992] ThumbEE CPU extension supported.
[    0.314012] Registering SWP/SWPB emulation handler
[    0.314547] omap_voltage_late_init: Voltage driver support not added
[    0.315205] SmartReflex Class3 initialized
[    0.345349] Loading compiled-in X.509 certificates
[    0.381377] /ocp/interconnect@44c00000/segment@200000/target-module@b000/i2c@0/tda19988@70: Fixed dependency cycle(s) with /ocp/interconnect@48000000/segment@300000/target-module@e000/lcdc@0
[    0.387955] /ocp/interconnect@44c00000/segment@200000/target-module@b000/i2c@0/tda19988@70: Fixed dependency cycle(s) with /ocp/interconnect@48000000/segment@300000/target-module@e000/lcdc@0
[    0.393684] gpiochip_find_base_unlocked: found new base at 512
[    0.420185] /ocp/interconnect@44c00000/segment@200000/target-module@b000/i2c@0/tda19988@70: Fixed dependency cycle(s) with /ocp/interconnect@48000000/segment@300000/target-module@e000/lcdc@0
[    0.421056] /ocp/interconnect@44c00000/segment@200000/target-module@b000/i2c@0/tda19988@70: Fixed dependency cycle(s) with /ocp/interconnect@48000000/segment@300000/target-module@e000/lcdc@0
[    0.424906] /ocp/interconnect@44c00000/segment@200000/target-module@10000/scm@0/pinmux@800: Fixed dependency cycle(s) with /ocp/interconnect@44c00000/segment@200000/target-module@10000/scm@0/pinmux@800/clkout2-pins
[    0.425491] pinctrl-single 44e10800.pinmux: 142 pins, size 568
[    0.430805] ti-sysc 44e31000.target-module: probe with driver ti-sysc failed with error -16
[    0.477211] /ocp/interconnect@48000000/segment@300000/target-module@e000/lcdc@0: Fixed dependency cycle(s) with /ocp/interconnect@44c00000/segment@200000/target-module@b000/i2c@0/tda19988@70
[    0.485629] ti-sysc 48040000.target-module: probe with driver ti-sysc failed with error -16
[    0.497204] gpiochip_find_base_unlocked: found new base at 512
[    0.497301] gpio gpiochip0: (gpio-0-31): created GPIO range 0->7 ==> 44e10800.pinmux PIN 0->7
[    0.497322] gpio gpiochip0: (gpio-0-31): created GPIO range 8->11 ==> 44e10800.pinmux PIN 90->93
[    0.497337] gpio gpiochip0: (gpio-0-31): created GPIO range 12->27 ==> 44e10800.pinmux PIN 12->27
[    0.497352] gpio gpiochip0: (gpio-0-31): created GPIO range 28->31 ==> 44e10800.pinmux PIN 30->33
[    0.521863] gpio gpiochip0: (gpio-0-31): added GPIO chardev (254:0)
[    0.522084] gpio gpiochip0: registered GPIOs 512 to 543 on gpio-0-31
[    0.522168] OMAP GPIO hardware version 0.1
[    0.556502] i2c i2c-2: using DT '/ocp/interconnect@48000000/segment@100000/target-module@9c000/i2c@0' for 'scl' GPIO lookup
[    0.556580] of_get_named_gpiod_flags: can't parse 'scl-gpios' property of node '/ocp/interconnect@48000000/segment@100000/target-module@9c000/i2c@0[0]'
[    0.556623] of_get_named_gpiod_flags: can't parse 'scl-gpio' property of node '/ocp/interconnect@48000000/segment@100000/target-module@9c000/i2c@0[0]'
[    0.556659] i2c i2c-2: using lookup tables for GPIO lookup
[    0.556669] i2c i2c-2: No GPIO consumer scl found
[    0.556689] i2c i2c-2: using DT '/ocp/interconnect@48000000/segment@100000/target-module@9c000/i2c@0' for 'sda' GPIO lookup
[    0.556725] of_get_named_gpiod_flags: can't parse 'sda-gpios' property of node '/ocp/interconnect@48000000/segment@100000/target-module@9c000/i2c@0[0]'
[    0.556762] of_get_named_gpiod_flags: can't parse 'sda-gpio' property of node '/ocp/interconnect@48000000/segment@100000/target-module@9c000/i2c@0[0]'
[    0.556793] i2c i2c-2: using lookup tables for GPIO lookup
[    0.556800] i2c i2c-2: No GPIO consumer sda found
[    0.557504] omap_i2c 4819c000.i2c: bus 2 rev0.11 at 100 kHz
[    0.563421] gpiochip_find_base_unlocked: found new base at 544
[    0.563524] gpio gpiochip1: (gpio-32-63): created GPIO range 0->17 ==> 44e10800.pinmux PIN 34->51
[    0.563546] gpio gpiochip1: (gpio-32-63): created GPIO range 18->21 ==> 44e10800.pinmux PIN 77->80
[    0.563562] gpio gpiochip1: (gpio-32-63): created GPIO range 22->31 ==> 44e10800.pinmux PIN 56->65
[    0.576574] gpio gpiochip1: (gpio-32-63): added GPIO chardev (254:1)
[    0.576791] gpio gpiochip1: registered GPIOs 544 to 575 on gpio-32-63
[    0.579065] gpiochip_find_base_unlocked: found new base at 576
[    0.579154] gpio gpiochip2: (gpio-64-95): created GPIO range 0->4 ==> 44e10800.pinmux PIN 66->70
[    0.579181] gpio gpiochip2: (gpio-64-95): created GPIO range 5->6 ==> 44e10800.pinmux PIN 98->99
[    0.579197] gpio gpiochip2: (gpio-64-95): created GPIO range 7->8 ==> 44e10800.pinmux PIN 75->76
[    0.579213] gpio gpiochip2: (gpio-64-95): created GPIO range 13->13 ==> 44e10800.pinmux PIN 141->141
[    0.579229] gpio gpiochip2: (gpio-64-95): created GPIO range 14->21 ==> 44e10800.pinmux PIN 100->107
[    0.579870] gpio gpiochip2: (gpio-64-95): added GPIO chardev (254:2)
[    0.580079] gpio gpiochip2: registered GPIOs 576 to 607 on gpio-64-95
[    0.586062] 48000000.interconnect:segment@200000:target-module@0:mpu@0:fck: device ID is greater than 24
[    0.586954] /ocp/interconnect@48000000/segment@300000/target-module@e000/lcdc@0: Fixed dependency cycle(s) with /ocp/interconnect@44c00000/segment@200000/target-module@b000/i2c@0/tda19988@70
[    0.589803] /ocp/interconnect@48000000/segment@300000/target-module@e000/lcdc@0: Fixed dependency cycle(s) with /ocp/interconnect@44c00000/segment@200000/target-module@b000/i2c@0/tda19988@70
[    0.590507] /ocp/interconnect@44c00000/segment@200000/target-module@b000/i2c@0/tda19988@70: Fixed dependency cycle(s) with /ocp/interconnect@48000000/segment@300000/target-module@e000/lcdc@0
[    0.590663] /ocp/interconnect@48000000/segment@300000/target-module@e000/lcdc@0: Fixed dependency cycle(s) with /ocp/interconnect@44c00000/segment@200000/target-module@b000/i2c@0/tda19988@70
[    0.600555] mdio_bus 4a101000.mdio: using DT '/ocp/interconnect@4a000000/segment@0/target-module@100000/switch@0/mdio@1000' for 'reset' GPIO lookup
[    0.600625] of_get_named_gpiod_flags: can't parse 'reset-gpios' property of node '/ocp/interconnect@4a000000/segment@0/target-module@100000/switch@0/mdio@1000[0]'
[    0.600671] of_get_named_gpiod_flags: can't parse 'reset-gpio' property of node '/ocp/interconnect@4a000000/segment@0/target-module@100000/switch@0/mdio@1000[0]'
[    0.600717] mdio_bus 4a101000.mdio: using lookup tables for GPIO lookup
[    0.600727] mdio_bus 4a101000.mdio: No GPIO consumer reset found
[    0.601647] sdhci-omap 481d8000.mmc: using DT '/ocp/interconnect@48000000/segment@100000/target-module@d8000/mmc@0' for 'wp' GPIO lookup
[    0.601847] of_get_named_gpiod_flags: can't parse 'wp-gpios' property of node '/ocp/interconnect@48000000/segment@100000/target-module@d8000/mmc@0[0]'
[    0.601897] of_get_named_gpiod_flags: can't parse 'wp-gpio' property of node '/ocp/interconnect@48000000/segment@100000/target-module@d8000/mmc@0[0]'
[    0.601933] sdhci-omap 481d8000.mmc: using lookup tables for GPIO lookup
[    0.601944] sdhci-omap 481d8000.mmc: No GPIO consumer wp found
[    0.602145] sdhci-omap 481d8000.mmc: supply pbias not found, using dummy regulator
[    0.621297] sdhci-omap 481d8000.mmc: supply vqmmc not found, using dummy regulator
[    0.642215] davinci_mdio 4a101000.mdio: davinci mdio revision 1.6, bus freq 1000000
[    0.664428] mdio_bus 4a101000.mdio:00: using DT '/ocp/interconnect@4a000000/segment@0/target-module@100000/switch@0/mdio@1000/ethernet-phy@0' for 'reset' GPIO lookup
[    0.664533] of_get_named_gpiod_flags: parsed 'reset-gpios' property of node '/ocp/interconnect@4a000000/segment@0/target-module@100000/switch@0/mdio@1000/ethernet-phy@0[0]' - status (0)
[    0.664696] gpio gpiochip0: Persistence not supported for GPIO 8
[    0.738660] mdio_bus 4a101000.mdio:00: Resources present before probing
[    0.738700] davinci_mdio 4a101000.mdio: phy[0]: device 4a101000.mdio:00, driver unknown
[    0.739471] cpsw-switch 4a100000.switch: initialized cpsw ale version 1.4
[    0.739491] cpsw-switch 4a100000.switch: ALE Table size 1024, Policers 0
[    0.750228] cpsw-switch 4a100000.switch: cpts: overflow check period 500 (jiffies)
[    0.750251] cpsw-switch 4a100000.switch: CPTS: ref_clk_freq:250000000 calc_mult:2147483648 calc_shift:29 error:0 nsec/sec
[    0.750359] cpsw-switch 4a100000.switch: Detected MACID = 6c:ec:eb:68:de:78
[    0.752398] cpsw-switch 4a100000.switch: initialized (regs 0x4a100000, pool size 256) hw_ver:0019010C 1.12 (0)
[    0.763614] debugfs: '49000000.dma' already exists in 'dmaengine'
[    0.763656] edma 49000000.dma: TI EDMA DMA engine driver
[    0.812857] gpio-clk clk_mcasp0: using DT '/clk_mcasp0' for 'enable' GPIO lookup
[    0.812934] of_get_named_gpiod_flags: parsed 'enable-gpios' property of node '/clk_mcasp0[0]' - status (0)
[    0.812980] gpio gpiochip0: Persistence not supported for GPIO 27
[    0.813846] gpiochip_find_base_unlocked: found new base at 608
[    0.813960] gpio gpiochip3: (gpio-96-127): created GPIO range 0->7 ==> 44e10800.pinmux PIN 82->89
[    0.813983] gpio gpiochip3: (gpio-96-127): created GPIO range 8->11 ==> 44e10800.pinmux PIN 52->55
[    0.814004] gpio gpiochip3: (gpio-96-127): created GPIO range 12->15 ==> 44e10800.pinmux PIN 94->97
[    0.814021] gpio gpiochip3: (gpio-96-127): created GPIO range 16->17 ==> 44e10800.pinmux PIN 71->72
[    0.814036] gpio gpiochip3: (gpio-96-127): created GPIO range 18->18 ==> 44e10800.pinmux PIN 135->135
[    0.814053] gpio gpiochip3: (gpio-96-127): created GPIO range 19->20 ==> 44e10800.pinmux PIN 108->109
[    0.814070] gpio gpiochip3: (gpio-96-127): created GPIO range 21->21 ==> 44e10800.pinmux PIN 73->73
[    0.814087] gpio gpiochip3: (gpio-96-127): created GPIO range 22->23 ==> 44e10800.pinmux PIN 8->9
[    0.814104] gpio gpiochip3: (gpio-96-127): created GPIO range 26->27 ==> 44e10800.pinmux PIN 10->11
[    0.814121] gpio gpiochip3: (gpio-96-127): created GPIO range 28->28 ==> 44e10800.pinmux PIN 74->74
[    0.814139] gpio gpiochip3: (gpio-96-127): created GPIO range 29->29 ==> 44e10800.pinmux PIN 81->81
[    0.814157] gpio gpiochip3: (gpio-96-127): created GPIO range 30->31 ==> 44e10800.pinmux PIN 28->29
[    0.827324] gpio gpiochip3: (gpio-96-127): added GPIO chardev (254:3)
[    0.827576] gpio gpiochip3: registered GPIOs 608 to 639 on gpio-96-127
[    0.829420] omap8250 44e09000.serial: using DT '/ocp/interconnect@44c00000/segment@200000/target-module@9000/serial@0' for 'rs485-term' GPIO lookup
[    0.829488] of_get_named_gpiod_flags: can't parse 'rs485-term-gpios' property of node '/ocp/interconnect@44c00000/segment@200000/target-module@9000/serial@0[0]'
[    0.829532] of_get_named_gpiod_flags: can't parse 'rs485-term-gpio' property of node '/ocp/interconnect@44c00000/segment@200000/target-module@9000/serial@0[0]'
[    0.829569] omap8250 44e09000.serial: using lookup tables for GPIO lookup
[    0.829579] omap8250 44e09000.serial: No GPIO consumer rs485-term found
[    0.829589] omap8250 44e09000.serial: using DT '/ocp/interconnect@44c00000/segment@200000/target-module@9000/serial@0' for 'rs485-rx-during-tx' GPIO lookup
[    0.829625] of_get_named_gpiod_flags: can't parse 'rs485-rx-during-tx-gpios' property of node '/ocp/interconnect@44c00000/segment@200000/target-module@9000/serial@0[0]'
[    0.829661] of_get_named_gpiod_flags: can't parse 'rs485-rx-during-tx-gpio' property of node '/ocp/interconnect@44c00000/segment@200000/target-module@9000/serial@0[0]'
[    0.829693] omap8250 44e09000.serial: using lookup tables for GPIO lookup
[    0.829701] omap8250 44e09000.serial: No GPIO consumer rs485-rx-during-tx found
[    0.830180] 44e09000.serial: ttyS0 at MMIO 0x44e09000 (irq = 34, base_baud = 3000000) is a 8250
[    0.830270] printk: legacy console [ttyS0] enabled
[    2.426588] i2c i2c-0: using DT '/ocp/interconnect@44c00000/segment@200000/target-module@b000/i2c@0' for 'scl' GPIO lookup
[    2.426674] of_get_named_gpiod_flags: can't parse 'scl-gpios' property of node '/ocp/interconnect@44c00000/segment@200000/target-module@b000/i2c@0[0]'
[    2.426721] of_get_named_gpiod_flags: can't parse 'scl-gpio' property of node '/ocp/interconnect@44c00000/segment@200000/target-module@b000/i2c@0[0]'
[    2.426760] i2c i2c-0: using lookup tables for GPIO lookup
[    2.426774] i2c i2c-0: No GPIO consumer scl found
[    2.426798] i2c i2c-0: using DT '/ocp/interconnect@44c00000/segment@200000/target-module@b000/i2c@0' for 'sda' GPIO lookup
[    2.426838] of_get_named_gpiod_flags: can't parse 'sda-gpios' property of node '/ocp/interconnect@44c00000/segment@200000/target-module@b000/i2c@0[0]'
[    2.426879] of_get_named_gpiod_flags: can't parse 'sda-gpio' property of node '/ocp/interconnect@44c00000/segment@200000/target-module@b000/i2c@0[0]'
[    2.426914] i2c i2c-0: using lookup tables for GPIO lookup
[    2.426925] i2c i2c-0: No GPIO consumer sda found
[    2.442686] tps65217-pmic: Failed to locate of_node [id: -1]
[    2.448748] tps65217-bl: Failed to locate of_node [id: -1]
[    2.454835] platform tps65217-charger: DMA mask not set
[    2.460887] platform tps65217-pwrbutton: DMA mask not set
[    2.468173] tps65217 0-0024: TPS65217 ID 0xe version 1.2
[    2.474317] /ocp/interconnect@48000000/segment@300000/target-module@e000/lcdc@0: Fixed dependency cycle(s) with /ocp/interconnect@44c00000/segment@200000/target-module@b000/i2c@0/tda19988@70
[    2.491749] /ocp/interconnect@44c00000/segment@200000/target-module@b000/i2c@0/tda19988@70: Fixed dependency cycle(s) with /ocp/interconnect@48000000/segment@300000/target-module@e000/lcdc@0
[    2.509088] omap_i2c 44e0b000.i2c: bus 0 rev0.11 at 400 kHz
[    2.516765] sdhci-omap 48060000.mmc: using DT '/ocp/interconnect@48000000/segment@0/target-module@60000/mmc@0' for 'cd' GPIO lookup
[    2.516874] of_get_named_gpiod_flags: parsed 'cd-gpios' property of node '/ocp/interconnect@48000000/segment@0/target-module@60000/mmc@0[0]' - status (0)
[    2.516940] gpio gpiochip3: Persistence not supported for GPIO 6
[    2.516967] omap_gpio 44e07000.gpio: Could not set line 6 debounce to 200000 microseconds (-22)
[    2.525887] sdhci-omap 48060000.mmc: Got CD GPIO
[    2.530541] sdhci-omap 48060000.mmc: using DT '/ocp/interconnect@48000000/segment@0/target-module@60000/mmc@0' for 'wp' GPIO lookup
[    2.530591] of_get_named_gpiod_flags: can't parse 'wp-gpios' property of node '/ocp/interconnect@48000000/segment@0/target-module@60000/mmc@0[0]'
[    2.530635] of_get_named_gpiod_flags: can't parse 'wp-gpio' property of node '/ocp/interconnect@48000000/segment@0/target-module@60000/mmc@0[0]'
[    2.530674] sdhci-omap 48060000.mmc: using lookup tables for GPIO lookup
[    2.530687] sdhci-omap 48060000.mmc: No GPIO consumer wp found
[    2.530898] sdhci-omap 48060000.mmc: supply pbias not found, using dummy regulator
[    2.539715] sdhci-omap 481d8000.mmc: using DT '/ocp/interconnect@48000000/segment@100000/target-module@d8000/mmc@0' for 'wp' GPIO lookup
[    2.539792] of_get_named_gpiod_flags: can't parse 'wp-gpios' property of node '/ocp/interconnect@48000000/segment@100000/target-module@d8000/mmc@0[0]'
[    2.539840] of_get_named_gpiod_flags: can't parse 'wp-gpio' property of node '/ocp/interconnect@48000000/segment@100000/target-module@d8000/mmc@0[0]'
[    2.539879] sdhci-omap 481d8000.mmc: using lookup tables for GPIO lookup
[    2.539892] sdhci-omap 481d8000.mmc: No GPIO consumer wp found
[    2.540903] sdhci-omap 48060000.mmc: supply vqmmc not found, using dummy regulator
[    2.550066] sdhci-omap 481d8000.mmc: supply pbias not found, using dummy regulator
[    2.559866] sdhci-omap 481d8000.mmc: supply vqmmc not found, using dummy regulator
[    2.595456] mmc0: SDHCI controller on 48060000.mmc [48060000.mmc] using External DMA
[    2.603774] mmc1: SDHCI controller on 481d8000.mmc [481d8000.mmc] using External DMA
[    2.612535] cpsw-switch 4a100000.switch: starting ndev. mode: dual_mac
[    2.625772] Generic PHY 4a101000.mdio:00: attached PHY driver (mii_bus:phy_addr=4a101000.mdio:00, irq=POLL)
[    2.644058] cpsw-switch 4a100000.switch eth0: Link is Up - 100Mbps/Full - flow control off
[    2.671756] IP-Config: Complete:
[    2.675030]      device=eth0, hwaddr=6c:ec:eb:68:de:78, ipaddr=192.168.255.1, mask=255.255.255.0, gw=255.255.255.255
[    2.685688]      host=bbb1, domain=, nis-domain=(none)
[    2.690857]      bootserver=192.168.255.126, rootserver=192.168.255.126, rootpath=
[    2.691284] clk: Disabling unused clocks
[    2.703194] KTAP version 1
[    2.705924] 1..0
[    2.708919] check access for rdinit=/init failed: -2, ignoring
[    2.730468] mmc0: new high speed SDHC card at address 5048
[    2.740574] mmcblk0: mmc0:5048 SD16G 14.4 GiB
[    2.752551]  mmcblk0: p1 p2
[    2.756081] mmcblk0: p2 size 31221760 extends beyond EOD, truncated
[    2.767204] VFS: Mounted root (nfs filesystem) on device 0:17.
[    2.774362] devtmpfs: mounted
[    2.778911] Freeing unused kernel image (initmem) memory: 1024K
[    2.785914] Run /sbin/init as init process
[    2.790112]   with arguments:
[    2.790126]     /sbin/init
[    2.790136]     nfsrootdebug
[    2.790145]   with environment:
[    2.790154]     HOME=/
[    2.790162]     TERM=linux
[    2.794458] mmc1: new high speed MMC card at address 0001
[    2.802757] mmcblk1: mmc1:0001 MMC04G 3.60 GiB
[    2.813662]  mmcblk1: p1 p2
[    2.820824] mmcblk1boot0: mmc1:0001 MMC04G 2.00 MiB
[    2.833622] mmcblk1boot1: mmc1:0001 MMC04G 2.00 MiB
[    2.850015] mmcblk1rpmb: mmc1:0001 MMC04G 128 KiB, chardev (249:0)
[    3.505850] systemd[1]: System time before build time, advancing clock.
[    5.101752] random: crng init done
[    5.117995] systemd[1]: systemd 232 running in system mode. (+PAM +AUDIT +SELINUX +IMA +APPARMOR +SMACK +SYSVINIT +UTMP +LIBCRYPTSETUP +GCRYPT +GNUTLS +ACL +XZ +LZ4 +SECCOMP +BLKID +ELFUTILS +KMOD +IDN)
[    5.137217] systemd[1]: Detected architecture arm.
[    5.164942] systemd[1]: Set hostname to <arm>.
[    6.253849] systemd[1]: Listening on Journal Audit Socket.
[    6.272650] systemd[1]: Started Forward Password Requests to Wall Directory Watch.
[    6.303447] systemd[1]: Created slice System Slice.
[    6.333213] systemd[1]: Created slice system-getty.slice.
[    6.372476] systemd[1]: Mounting POSIX Message Queue File System...
[    6.414341] systemd[1]: Mounting Debug File System...
[    6.435522] systemd[1]: Reached target Swap.
[    8.573652] systemd-journald[88]: Received request to flush runtime journal from PID 1
[   11.117408] leds-gpio leds: using DT '/leds/led2' for '(default)' GPIO lookup
[   11.117515] of_get_named_gpiod_flags: parsed 'gpios' property of node '/leds/led2[0]' - status (0)
[   11.117574] gpio gpiochip0: Persistence not supported for GPIO 21
[   11.117589] gpio-533 (?): no flags found for GPIO (default)
[   11.234410] leds-gpio leds: using DT '/leds/led3' for '(default)' GPIO lookup
[   11.234793] of_get_named_gpiod_flags: parsed 'gpios' property of node '/leds/led3[0]' - status (0)
[   11.234916] gpio gpiochip0: Persistence not supported for GPIO 22
[   11.234934] gpio-534 (?): no flags found for GPIO (default)
[   11.266403] leds-gpio leds: using DT '/leds/led4' for '(default)' GPIO lookup
[   11.266507] of_get_named_gpiod_flags: parsed 'gpios' property of node '/leds/led4[0]' - status (0)
[   11.266559] gpio gpiochip0: Persistence not supported for GPIO 23
[   11.266574] gpio-535 (?): no flags found for GPIO (default)
[   11.304713] leds-gpio leds: using DT '/leds/led5' for '(default)' GPIO lookup
[   11.304969] of_get_named_gpiod_flags: parsed 'gpios' property of node '/leds/led5[0]' - status (0)
[   11.305032] gpio gpiochip0: Persistence not supported for GPIO 24
[   11.305047] gpio-536 (?): no flags found for GPIO (default)
[   11.590181] remoteproc remoteproc0: wkup_m3 is available
[   11.656771] omap_rtc 44e3e000.rtc: registered as rtc0
[   11.662207] omap_rtc 44e3e000.rtc: setting system clock to 2000-01-01T00:00:01 UTC (946684801)
[   11.670909] omap_rtc 44e3e000.rtc: using DT '/ocp/interconnect@44c00000/segment@200000/target-module@3e000/rtc@0' for 'wp' GPIO lookup
[   11.670980] of_get_named_gpiod_flags: can't parse 'wp-gpios' property of node '/ocp/interconnect@44c00000/segment@200000/target-module@3e000/rtc@0[0]'
[   11.671030] of_get_named_gpiod_flags: can't parse 'wp-gpio' property of node '/ocp/interconnect@44c00000/segment@200000/target-module@3e000/rtc@0[0]'
[   11.671070] omap_rtc 44e3e000.rtc: using lookup tables for GPIO lookup
[   11.671085] omap_rtc 44e3e000.rtc: No GPIO consumer wp found
[   11.725790] at24 2-0054: supply vcc not found, using dummy regulator
[   11.844815] at24 2-0055: supply vcc not found, using dummy regulator
[   11.953860] at24 2-0056: supply vcc not found, using dummy regulator
[   12.044650] at24 2-0057: supply vcc not found, using dummy regulator
[   12.159623] input: tps65217_pwrbutton as /devices/platform/ocp/44c00000.interconnect/44c00000.interconnect:segment@200000/44e0b000.target-module/44e0b000.i2c/i2c-0/0-0024/tps65217-pwrbutton/input/input0
[   12.189841] at24 0-0050: using DT '/ocp/interconnect@44c00000/segment@200000/target-module@b000/i2c@0/eeprom@50' for 'wp' GPIO lookup
[   12.190187] of_get_named_gpiod_flags: can't parse 'wp-gpios' property of node '/ocp/interconnect@44c00000/segment@200000/target-module@b000/i2c@0/eeprom@50[0]'
[   12.190252] of_get_named_gpiod_flags: can't parse 'wp-gpio' property of node '/ocp/interconnect@44c00000/segment@200000/target-module@b000/i2c@0/eeprom@50[0]'
[   12.190300] at24 0-0050: using lookup tables for GPIO lookup
[   12.190315] at24 0-0050: No GPIO consumer wp found
[   12.190671] at24 0-0050: 32768 byte 24c256 EEPROM, writable, 1 bytes/write
[   12.822980] am335x-phy-driver 47401300.usb-phy: using DT '/ocp/target-module@47400000/usb-phy@1300' for 'reset' GPIO lookup
[   12.823083] of_get_named_gpiod_flags: can't parse 'reset-gpios' property of node '/ocp/target-module@47400000/usb-phy@1300[0]'
[   12.823130] of_get_named_gpiod_flags: can't parse 'reset-gpio' property of node '/ocp/target-module@47400000/usb-phy@1300[0]'
[   12.823167] am335x-phy-driver 47401300.usb-phy: using lookup tables for GPIO lookup
[   12.823182] am335x-phy-driver 47401300.usb-phy: No GPIO consumer reset found
[   12.823196] am335x-phy-driver 47401300.usb-phy: using DT '/ocp/target-module@47400000/usb-phy@1300' for 'vbus-detect' GPIO lookup
[   12.823229] of_get_named_gpiod_flags: can't parse 'vbus-detect-gpios' property of node '/ocp/target-module@47400000/usb-phy@1300[0]'
[   12.823263] of_get_named_gpiod_flags: can't parse 'vbus-detect-gpio' property of node '/ocp/target-module@47400000/usb-phy@1300[0]'
[   12.823290] am335x-phy-driver 47401300.usb-phy: using lookup tables for GPIO lookup
[   12.823302] am335x-phy-driver 47401300.usb-phy: No GPIO consumer vbus-detect found
[   12.823452] am335x-phy-driver 47401300.usb-phy: dummy supplies not allowed for exclusive requests (id=vbus)
[   12.883085] omap_wdt: OMAP Watchdog Timer Rev 0x01: initial timeout 60 sec
[   12.974393] am335x-phy-driver 47401b00.usb-phy: using DT '/ocp/target-module@47400000/usb-phy@1b00' for 'reset' GPIO lookup
[   12.974488] of_get_named_gpiod_flags: can't parse 'reset-gpios' property of node '/ocp/target-module@47400000/usb-phy@1b00[0]'
[   12.974531] of_get_named_gpiod_flags: can't parse 'reset-gpio' property of node '/ocp/target-module@47400000/usb-phy@1b00[0]'
[   12.974568] am335x-phy-driver 47401b00.usb-phy: using lookup tables for GPIO lookup
[   12.974583] am335x-phy-driver 47401b00.usb-phy: No GPIO consumer reset found
[   12.974597] am335x-phy-driver 47401b00.usb-phy: using DT '/ocp/target-module@47400000/usb-phy@1b00' for 'vbus-detect' GPIO lookup
[   12.974628] of_get_named_gpiod_flags: can't parse 'vbus-detect-gpios' property of node '/ocp/target-module@47400000/usb-phy@1b00[0]'
[   12.974660] of_get_named_gpiod_flags: can't parse 'vbus-detect-gpio' property of node '/ocp/target-module@47400000/usb-phy@1b00[0]'
[   12.974686] am335x-phy-driver 47401b00.usb-phy: using lookup tables for GPIO lookup
[   12.974698] am335x-phy-driver 47401b00.usb-phy: No GPIO consumer vbus-detect found
[   12.974845] am335x-phy-driver 47401b00.usb-phy: dummy supplies not allowed for exclusive requests (id=vbus)
[   13.513157] usbcore: registered new interface driver usbfs
[   13.518811] usbcore: registered new interface driver hub
[   13.524450] usbcore: registered new device driver usb
[   14.102278] omap-mailbox 480c8000.mailbox: omap mailbox rev 0x400
[   14.148918] remoteproc remoteproc0: powering up wkup_m3
[   14.196171] musb-hdrc musb-hdrc.1: MUSB HDRC host driver
[   14.201595] musb-hdrc musb-hdrc.1: new USB bus registered, assigned bus number 1
[   14.212940] tda998x 0-0070: found TDA19988
[   14.319123] remoteproc remoteproc0: Direct firmware load for am335x-pm-firmware.elf failed with error -2
[   14.328993] remoteproc remoteproc0: request_firmware failed: -2
[   14.335075] wkup_m3_ipc 44e11324.wkup_m3_ipc: rproc_boot failed
[   14.479841] usb usb1: New USB device found, idVendor=1d6b, idProduct=0002, bcdDevice= 6.16
[   14.490009] usb usb1: New USB device strings: Mfr=3, Product=2, SerialNumber=1
[   14.497460] usb usb1: Product: MUSB HDRC host driver
[   14.502522] usb usb1: Manufacturer: Linux 6.16.0-next-20250801 musb-hcd
[   14.509173] usb usb1: SerialNumber: musb-hdrc.1
[   14.876537] hub 1-0:1.0: USB hub found
[   14.959836] hub 1-0:1.0: 1 port detected
[   16.591692] omap_rng 48310000.rng: Random Number Generator ver. 20
[   16.752329] tilcdc 4830e000.lcdc: bound 0-0070 (ops 0xbf1770f8)
[   16.825857] [drm] Initialized tilcdc 1.0.0 for 4830e000.lcdc on minor 0
[   16.902280] tilcdc 4830e000.lcdc: [drm] Cannot find any crtc or sizes
[   16.915499] tilcdc 4830e000.lcdc: [drm] Cannot find any crtc or sizes
[   17.885863] PM: Cannot get wkup_m3_ipc handle
[   18.222731] omap-sham 53100000.sham: hw accel on OMAP rev 4.3
[   18.426615] omap-sham 53100000.sham: will run requests pump with realtime priority
[   18.437839] PM: Cannot get wkup_m3_ipc handle
[   18.496478] omap-aes 53500000.aes: OMAP AES hw accel rev: 3.2
[   18.626205] omap-aes 53500000.aes: will run requests pump with realtime priority
[   18.642292] PM: Cannot get wkup_m3_ipc handle
[   20.634938] ------------[ cut here ]------------
[   20.639639] WARNING: net/8021q/vlan_core.c:236 at vlan_for_each+0x114/0x134, CPU#0: avahi-daemon/274
[   20.649046] RTNL: assertion failed at net/8021q/vlan_core.c (236)
[   20.655213] Modules linked in: ecdh_generic ecc omap_aes_driver snd_soc_simple_card omap_crypto omap_sham libaes snd_soc_simple_card_utils crypto_engine pm33xx ti_emif_sram tilcdc omap_rng drm_dma_helper rng_core drm_client_lib snd_soc_davinci_mcasp snd_soc_ti_udma snd_soc_ti_edma snd_soc_ti_sdma snd_soc_core snd_pcm_dmaengine snd_pcm snd_timer snd omap_mailbox musb_dsps soundcore tda998x musb_hdrc cec udc_core drm_kms_helper usbcore drm omap_wdt phy_am335x phy_generic watchdog wkup_m3_ipc usb_common drm_panel_orientation_quirks tps65218_pwrbutton phy_am335x_control at24 rtc_omap wkup_m3_rproc cppi41 leds_gpio led_class cpufreq_dt autofs4
[   20.712396] CPU: 0 UID: 107 PID: 274 Comm: avahi-daemon Not tainted 6.16.0-next-20250801 #1 NONE 
[   20.712416] Hardware name: Generic AM33XX (Flattened Device Tree)
[   20.712425] Call trace: 
[   20.712440]  unwind_backtrace from show_stack+0x10/0x14
[   20.712479]  show_stack from dump_stack_lvl+0x50/0x64
[   20.712505]  dump_stack_lvl from __warn+0x88/0x148
[   20.712524]  __warn from warn_slowpath_fmt+0x19c/0x1b0
[   20.712536]  warn_slowpath_fmt from vlan_for_each+0x114/0x134
[   20.712562]  vlan_for_each from cpsw_add_mc_addr+0x40/0xa4
[   20.712591]  cpsw_add_mc_addr from __hw_addr_ref_sync_dev+0x108/0x140
[   20.712624]  __hw_addr_ref_sync_dev from __dev_mc_add+0x7c/0x80
[   20.712648]  __dev_mc_add from igmp6_group_added+0xc8/0xe0
[   20.712678]  igmp6_group_added from __ipv6_dev_mc_inc+0x218/0x364
[   20.712697]  __ipv6_dev_mc_inc from __ipv6_sock_mc_join+0x11c/0x214
[   20.712716]  __ipv6_sock_mc_join from do_ipv6_setsockopt+0x1214/0x1310
[   20.712751]  do_ipv6_setsockopt from ipv6_setsockopt+0x60/0xcc
[   20.712774]  ipv6_setsockopt from udpv6_setsockopt+0x2c/0x6c
[   20.712792]  udpv6_setsockopt from sock_common_setsockopt+0x30/0x40
[   20.712824]  sock_common_setsockopt from do_sock_setsockopt+0x50/0x9c
[   20.712846]  do_sock_setsockopt from __sys_setsockopt+0x70/0xbc
[   20.712867]  __sys_setsockopt from ret_fast_syscall+0x0/0x58
[   20.712885] Exception stack(0xe0141fa8 to 0xe0141ff0)
[   20.712899] 1fa0:                   00000014 b6f27ce8 0000000d 00000029 00000014 beadc9ec
[   20.712910] 1fc0: 00000014 b6f27ce8 00000014 00000126 0000000d b6ed0ff4 004be988 004a6558
[   20.712920] 1fe0: b6ee6088 beadc9d8 b6ec3309 b6d9a41a
[   20.712927] ---[ end trace 0000000000000000 ]---
[   21.614034] Bluetooth: Core ver 2.22
[   21.617861] NET: Registered PF_BLUETOOTH protocol family
[   21.623362] Bluetooth: HCI device and connection manager initialized
[   21.629773] Bluetooth: HCI socket layer initialized
[   21.634751] Bluetooth: L2CAP socket layer initialized
[   21.639866] Bluetooth: SCO socket layer initialized
[   22.203438] PM: Cannot get wkup_m3_ipc handle
[   22.209235] asoc-simple-card sound: using DT '/sound' for 'simple-audio-card,hp-det' GPIO lookup
[   22.209311] of_get_named_gpiod_flags: can't parse 'simple-audio-card,hp-det-gpios' property of node '/sound[0]'
[   22.209347] of_get_named_gpiod_flags: can't parse 'simple-audio-card,hp-det-gpio' property of node '/sound[0]'
[   22.209371] asoc-simple-card sound: using lookup tables for GPIO lookup
[   22.209386] asoc-simple-card sound: No GPIO consumer simple-audio-card,hp-det found
[   22.209400] asoc-simple-card sound: using DT '/sound' for 'simple-audio-card,mic-det' GPIO lookup
[   22.209425] of_get_named_gpiod_flags: can't parse 'simple-audio-card,mic-det-gpios' property of node '/sound[0]'
[   22.209450] of_get_named_gpiod_flags: can't parse 'simple-audio-card,mic-det-gpio' property of node '/sound[0]'
[   22.209470] asoc-simple-card sound: using lookup tables for GPIO lookup
[   22.209481] asoc-simple-card sound: No GPIO consumer simple-audio-card,mic-det found
[   22.271406] tda998x 0-0070: using DT '/ocp/interconnect@44c00000/segment@200000/target-module@b000/i2c@0/tda19988@70' for 'nxp,calib' GPIO lookup
[   22.271682] of_get_named_gpiod_flags: parsed 'nxp,calib-gpios' property of node '/ocp/interconnect@44c00000/segment@200000/target-module@b000/i2c@0/tda19988@70[0]' - status (0)
[   22.271983] gpio gpiochip0: Persistence not supported for GPIO 25
[   22.272004] gpio-537 (nxp,calib): no flags found for GPIO nxp,calib
[   22.273774] gpio-537 (nxp,calib): gpiod_direction_output_nonotify: tried to set a GPIO tied to an IRQ as output
[   22.332036] PM: Cannot get wkup_m3_ipc handle
[   22.530333] tda9950 0-0034: TDA9950 CEC interface, hardware version 3.3
[   22.620313] PM: Cannot get wkup_m3_ipc handle
[   26.104133] userial_init: registered 8 ttyGS* devices
[   26.264550] rndis_register: configNr = 0
[   26.312203] udc musb-hdrc.0: binding gadget driver [g_multi]
[   26.312332] configfs-gadget.g_multi gadget.0: adding 'rndis'/25b47275 to config 'c'/d1b272ce
[   26.313479] configfs-gadget.g_multi gadget.0: HOST MAC 1c:ba:8c:a2:ed:6c
[   26.320253] configfs-gadget.g_multi gadget.0: MAC 1c:ba:8c:a2:ed:70
[   26.326759] rndis_set_param_medium: 0 0
[   26.326784] configfs-gadget.g_multi gadget.0: RNDIS: IN/ep1in OUT/ep1out NOTIFY/ep2in
[   26.326802] configfs-gadget.g_multi gadget.0: adding 'cdc_ethernet'/e941dbf6 to config 'c'/d1b272ce
[   26.327704] configfs-gadget.g_multi gadget.0: HOST MAC 1c:ba:8c:a2:ed:6c
[   26.334559] configfs-gadget.g_multi gadget.0: MAC 1c:ba:8c:a2:ed:6d
[   26.340894] configfs-gadget.g_multi gadget.0: CDC Ethernet: IN/ep3in OUT/ep2out NOTIFY/ep4in
[   26.340912] configfs-gadget.g_multi gadget.0: adding 'acm'/0100d4fc to config 'c'/d1b272ce
[   26.340946] configfs-gadget.g_multi gadget.0: acm ttyGS0: IN/ep5in OUT/ep3out NOTIFY/ep6in
[   26.352277] PM: Cannot get wkup_m3_ipc handle
[   28.347078] configfs-gadget.g_multi gadget.0: eth_open
[   32.038037] gs_open: ttyGS0 (a20dc677,46c3bdcc)
[   32.038191] gs_close: ttyGS0 (a20dc677,46c3bdcc) ...
[   32.038213] gs_close: ttyGS0 (a20dc677,46c3bdcc) done!
[   32.049102] gs_open: ttyGS0 (a20dc677,72660b50)
[   32.049220] gs_close: ttyGS0 (a20dc677,72660b50) ...
[   32.049240] gs_close: ttyGS0 (a20dc677,72660b50) done!
[   32.229380] gs_open: ttyGS0 (d1803f00,23025c12)
[   32.229657] gs_close: ttyGS0 (d1803f00,23025c12) ...
[   32.229687] gs_close: ttyGS0 (d1803f00,23025c12) done!
[   32.235863] gs_open: ttyGS0 (d1803f00,23025c12)
[   36.962637] PM: Cannot get wkup_m3_ipc handle
[   36.967759] platform pm33xx: deferred probe pending: (reason unknown)
UPMXGTSOVQ 0
root@arm:~# echo 'JQNN''WZEAPJ'
JQNNWZEAPJ
root@arm:~# MARKER='BPSK''AJBEUZ' run 'modprobe test_linear_ranges'
BPSKAJBEUZBPSKAJBEUZ 0
root@arm:~# echo 'PCTX''MVPYUM'
PCTXMVPYUM
root@arm:~# MARKER='JFBB''EQFLXH' run dmesg
JFBBEQFLXH[    0.000000] Booting Linux on physical CPU 0x0
[    0.000000] Linux version 6.16.0-next-20250801 (user01@drvtest01) (arm-none-eabi-gcc (Arm GNU Toolchain 14.2.Rel1 (Build arm-14.52)) 14.2.1 20241119, GNU ld (Arm GNU Toolchain 14.2.Rel1 (Build arm-14.52)) 2.43.1.20241119) #1 SMP Fri Aug  1 09:48:13 EEST 2025
[    0.000000] CPU: ARMv7 Processor [413fc082] revision 2 (ARMv7), cr=10c5387d
[    0.000000] CPU: PIPT / VIPT nonaliasing data cache, VIPT aliasing instruction cache
[    0.000000] OF: fdt: Machine model: TI AM335x BeagleBone Black
[    0.000000] Memory policy: Data cache writeback
[    0.000000] cma: Reserved 16 MiB at 0x9e800000
[    0.000000] Zone ranges:
[    0.000000]   Normal   [mem 0x0000000080000000-0x000000009fdfffff]
[    0.000000]   HighMem  empty
[    0.000000] Movable zone start for each node
[    0.000000] Early memory node ranges
[    0.000000]   node   0: [mem 0x0000000080000000-0x000000009fdfffff]
[    0.000000] Initmem setup node 0 [mem 0x0000000080000000-0x000000009fdfffff]
[    0.000000] On node 0, zone Normal: 512 pages in unavailable ranges
[    0.000000] OF: reserved mem: Reserved memory: No reserved-memory node in the DT
[    0.000000] CPU: All CPU(s) started in SVC mode.
[    0.000000] AM335X ES2.1 (sgx neon)
[    0.000000] percpu: Embedded 17 pages/cpu s39820 r8192 d21620 u69632
[    0.000000] pcpu-alloc: s39820 r8192 d21620 u69632 alloc=17*4096
[    0.000000] pcpu-alloc: [0] 0 
[    0.000000] Kernel command line: console=ttyO0,115200n8 root=/dev/nfs rw nfsroot=192.168.255.126:/home/user01/nfs,nfsvers=3 ip=192.168.255.1:192.168.255.126::255.255.255.0:bbb1:eth0 nfsrootdebug
[    0.000000] Unknown kernel command line parameters "nfsrootdebug", will be passed to user space.
[    0.000000] printk: log buffer data + meta data: 65536 + 204800 = 270336 bytes
[    0.000000] Dentry cache hash table entries: 65536 (order: 6, 262144 bytes, linear)
[    0.000000] Inode-cache hash table entries: 32768 (order: 5, 131072 bytes, linear)
[    0.000000] Built 1 zonelists, mobility grouping on.  Total pages: 130560
[    0.000000] mem auto-init: stack:off, heap alloc:off, heap free:off
[    0.000000] SLUB: HWalign=16, Order=0-3, MinObjects=0, CPUs=1, Nodes=1
[    0.000000] rcu: Hierarchical RCU implementation.
[    0.000000] rcu: 	RCU event tracing is enabled.
[    0.000000] rcu: 	RCU restricting CPUs from NR_CPUS=2 to nr_cpu_ids=1.
[    0.000000] 	Tracing variant of Tasks RCU enabled.
[    0.000000] rcu: RCU calculated value of scheduler-enlistment delay is 10 jiffies.
[    0.000000] rcu: Adjusting geometry for rcu_fanout_leaf=16, nr_cpu_ids=1
[    0.000000] RCU Tasks Trace: Setting shift to 0 and lim to 1 rcu_task_cb_adjust=1 rcu_task_cpu_ids=1.
[    0.000000] NR_IRQS: 16, nr_irqs: 16, preallocated irqs: 16
[    0.000000] IRQ: Found an INTC at 0x(ptrval) (revision 5.0) with 128 interrupts
[    0.000000] rcu: srcu_init: Setting srcu_struct sizes based on contention.
[    0.000000] TI gptimer clocksource: always-on /ocp/interconnect@44c00000/segment@200000/target-module@31000
[    0.000002] sched_clock: 32 bits at 24MHz, resolution 41ns, wraps every 89478484971ns
[    0.000026] clocksource: dmtimer: mask: 0xffffffff max_cycles: 0xffffffff, max_idle_ns: 79635851949 ns
[    0.000519] TI gptimer clockevent: 24000000 Hz at /ocp/interconnect@48000000/segment@0/target-module@40000
[    0.002129] Console: colour dummy device 80x30
[    0.002193] WARNING: Your 'console=ttyO0' has been replaced by 'ttyS0'
[    0.002200] This ensures that you still see kernel messages. Please
[    0.002205] update your kernel commandline.
[    0.002252] Calibrating delay loop... 996.14 BogoMIPS (lpj=4980736)
[    0.090569] CPU: Testing write buffer coherency: ok
[    0.090682] CPU0: Spectre v2: using BPIALL workaround
[    0.090692] pid_max: default: 32768 minimum: 301
[    0.090850] LSM: initializing lsm=capability
[    0.091013] Mount-cache hash table entries: 1024 (order: 0, 4096 bytes, linear)
[    0.091031] Mountpoint-cache hash table entries: 1024 (order: 0, 4096 bytes, linear)
[    0.092607] CPU0: thread -1, cpu 0, socket -1, mpidr 0
[    0.092664] cacheinfo: Unable to detect cache hierarchy for CPU 0
[    0.094659] Setting up static identity map for 0x80100000 - 0x80100078
[    0.095001] rcu: Hierarchical SRCU implementation.
[    0.095013] rcu: 	Max phase no-delay instances is 1000.
[    0.096741] smp: Bringing up secondary CPUs ...
[    0.096794] smp: Brought up 1 node, 1 CPU
[    0.096806] SMP: Total of 1 processors activated (996.14 BogoMIPS).
[    0.096817] CPU: All CPU(s) started in SVC mode.
[    0.097014] Memory: 480856K/522240K available (11264K kernel code, 1218K rwdata, 2936K rodata, 1024K init, 254K bss, 23352K reserved, 16384K cma-reserved, 0K highmem)
[    0.097821] devtmpfs: initialized
[    0.115302] VFP support v0.3: implementor 41 architecture 3 part 30 variant c rev 3
[    0.115938] clocksource: jiffies: mask: 0xffffffff max_cycles: 0xffffffff, max_idle_ns: 19112604462750000 ns
[    0.115995] posixtimers hash table entries: 512 (order: 0, 4096 bytes, linear)
[    0.116023] futex hash table entries: 256 (16384 bytes on 1 NUMA nodes, total 16 KiB, linear).
[    0.117150] pinctrl core: initialized pinctrl subsystem
[    0.119284] NET: Registered PF_NETLINK/PF_ROUTE protocol family
[    0.122401] DMA: preallocated 256 KiB pool for atomic coherent allocations
[    0.123004] audit: initializing netlink subsys (disabled)
[    0.124330] thermal_sys: Registered thermal governor 'fair_share'
[    0.124345] thermal_sys: Registered thermal governor 'step_wise'
[    0.124354] thermal_sys: Registered thermal governor 'user_space'
[    0.124462] audit: type=2000 audit(0.120:1): state=initialized audit_enabled=0 res=1
[    0.124531] cpuidle: using governor menu
[    0.142511] /ocp/interconnect@44c00000/segment@200000/target-module@b000/i2c@0/tda19988@70: Fixed dependency cycle(s) with /ocp/interconnect@48000000/segment@300000/target-module@e000/lcdc@0
[    0.143647] /ocp/interconnect@48000000/segment@300000/target-module@e000/lcdc@0: Fixed dependency cycle(s) with /ocp/interconnect@44c00000/segment@200000/target-module@b000/i2c@0/tda19988@70
[    0.145885] No ATAGs?
[    0.145926] hw-breakpoint: debug architecture 0x4 unsupported.
[    0.149013] kprobes: kprobe jump-optimization is enabled. All kprobes are optimized if possible.
[    0.154023] iommu: Default domain type: Translated
[    0.154045] iommu: DMA domain TLB invalidation policy: strict mode
[    0.155604] reg-fixed-voltage fixedregulator0: using DT '/fixedregulator0' for '(default)' GPIO lookup
[    0.155662] of_get_named_gpiod_flags: can't parse 'gpios' property of node '/fixedregulator0[0]'
[    0.155690] of_get_named_gpiod_flags: can't parse 'gpio' property of node '/fixedregulator0[0]'
[    0.155707] reg-fixed-voltage fixedregulator0: using lookup tables for GPIO lookup
[    0.155718] reg-fixed-voltage fixedregulator0: No GPIO consumer (default) found
[    0.161462] SCSI subsystem initialized
[    0.161935] libata version 3.00 loaded.
[    0.162316] pps_core: LinuxPPS API ver. 1 registered
[    0.162326] pps_core: Software ver. 5.3.6 - Copyright 2005-2007 Rodolfo Giometti <giometti@linux.it>
[    0.162350] PTP clock support registered
[    0.171356] vgaarb: loaded
[    0.171733] clocksource: Switched to clocksource dmtimer
[    0.172413] VFS: Disk quotas dquot_6.6.0
[    0.172473] VFS: Dquot-cache hash table entries: 1024 (order 0, 4096 bytes)
[    0.196890] NET: Registered PF_INET protocol family
[    0.197230] IP idents hash table entries: 8192 (order: 4, 65536 bytes, linear)
[    0.198654] tcp_listen_portaddr_hash hash table entries: 512 (order: 0, 4096 bytes, linear)
[    0.198691] Table-perturb hash table entries: 65536 (order: 6, 262144 bytes, linear)
[    0.198711] TCP established hash table entries: 4096 (order: 2, 16384 bytes, linear)
[    0.198756] TCP bind hash table entries: 4096 (order: 4, 65536 bytes, linear)
[    0.198855] TCP: Hash tables configured (established 4096 bind 4096)
[    0.198976] UDP hash table entries: 256 (order: 1, 14336 bytes, linear)
[    0.199010] UDP-Lite hash table entries: 256 (order: 1, 14336 bytes, linear)
[    0.199206] NET: Registered PF_UNIX/PF_LOCAL protocol family
[    0.200471] RPC: Registered named UNIX socket transport module.
[    0.200491] RPC: Registered udp transport module.
[    0.200496] RPC: Registered tcp transport module.
[    0.200501] RPC: Registered tcp-with-tls transport module.
[    0.200506] RPC: Registered tcp NFSv4.1 backchannel transport module.
[    0.200530] PCI: CLS 0 bytes, default 64
[    0.202067] Initialise system trusted keyrings
[    0.212395] workingset: timestamp_bits=14 max_order=17 bucket_order=3
[    0.213803] NFS: Registering the id_resolver key type
[    0.213866] Key type id_resolver registered
[    0.213873] Key type id_legacy registered
[    0.213983] jffs2: version 2.2. (NAND) (SUMMARY)  Â© 2001-2006 Red Hat, Inc.
[    0.214443] Key type asymmetric registered
[    0.214460] Asymmetric key parser 'x509' registered
[    0.214531] io scheduler mq-deadline registered
[    0.214540] io scheduler kyber registered
[    0.214611] io scheduler bfq registered
[    0.216470] target-module@4b000000:target-module@140000:pmu@0:fck: device ID is greater than 24
[    0.222652] l3-aon-clkctrl:0000:0: failed to disable
[    0.231925] ledtrig-cpu: registered to indicate activity on CPUs
[    0.235717] Serial: 8250/16550 driver, 6 ports, IRQ sharing enabled
[    0.282083] brd: module loaded
[    0.290509] loop: module loaded
[    0.291445] mtdoops: mtd device (mtddev=name/number) must be supplied
[    0.293318] mdio_bus fixed-0: using lookup tables for GPIO lookup
[    0.293343] mdio_bus fixed-0: No GPIO consumer reset found
[    0.294742] i2c_dev: i2c /dev entries driver
[    0.295738] cpuidle: enable-method property 'ti,am3352' found operations
[    0.296185] sdhci: Secure Digital Host Controller Interface driver
[    0.296194] sdhci: Copyright(c) Pierre Ossman
[    0.296370] sdhci-pltfm: SDHCI platform and OF driver helper
[    0.302291] hw perfevents: enabled with armv7_cortex_a8 PMU driver, 5 (8000000f) counters available
[    0.302819] Initializing XFRM netlink socket
[    0.303003] NET: Registered PF_INET6 protocol family
[    0.308669] l3-aon-clkctrl:0000:0: failed to disable
[    0.312434] Segment Routing with IPv6
[    0.312520] In-situ OAM (IOAM) with IPv6
[    0.312617] sit: IPv6, IPv4 and MPLS over IPv4 tunneling driver
[    0.313591] NET: Registered PF_PACKET protocol family
[    0.313617] NET: Registered PF_KEY protocol family
[    0.313765] Key type dns_resolver registered
[    0.313992] ThumbEE CPU extension supported.
[    0.314012] Registering SWP/SWPB emulation handler
[    0.314547] omap_voltage_late_init: Voltage driver support not added
[    0.315205] SmartReflex Class3 initialized
[    0.345349] Loading compiled-in X.509 certificates
[    0.381377] /ocp/interconnect@44c00000/segment@200000/target-module@b000/i2c@0/tda19988@70: Fixed dependency cycle(s) with /ocp/interconnect@48000000/segment@300000/target-module@e000/lcdc@0
[    0.387955] /ocp/interconnect@44c00000/segment@200000/target-module@b000/i2c@0/tda19988@70: Fixed dependency cycle(s) with /ocp/interconnect@48000000/segment@300000/target-module@e000/lcdc@0
[    0.393684] gpiochip_find_base_unlocked: found new base at 512
[    0.420185] /ocp/interconnect@44c00000/segment@200000/target-module@b000/i2c@0/tda19988@70: Fixed dependency cycle(s) with /ocp/interconnect@48000000/segment@300000/target-module@e000/lcdc@0
[    0.421056] /ocp/interconnect@44c00000/segment@200000/target-module@b000/i2c@0/tda19988@70: Fixed dependency cycle(s) with /ocp/interconnect@48000000/segment@300000/target-module@e000/lcdc@0
[    0.424906] /ocp/interconnect@44c00000/segment@200000/target-module@10000/scm@0/pinmux@800: Fixed dependency cycle(s) with /ocp/interconnect@44c00000/segment@200000/target-module@10000/scm@0/pinmux@800/clkout2-pins
[    0.425491] pinctrl-single 44e10800.pinmux: 142 pins, size 568
[    0.430805] ti-sysc 44e31000.target-module: probe with driver ti-sysc failed with error -16
[    0.477211] /ocp/interconnect@48000000/segment@300000/target-module@e000/lcdc@0: Fixed dependency cycle(s) with /ocp/interconnect@44c00000/segment@200000/target-module@b000/i2c@0/tda19988@70
[    0.485629] ti-sysc 48040000.target-module: probe with driver ti-sysc failed with error -16
[    0.497204] gpiochip_find_base_unlocked: found new base at 512
[    0.497301] gpio gpiochip0: (gpio-0-31): created GPIO range 0->7 ==> 44e10800.pinmux PIN 0->7
[    0.497322] gpio gpiochip0: (gpio-0-31): created GPIO range 8->11 ==> 44e10800.pinmux PIN 90->93
[    0.497337] gpio gpiochip0: (gpio-0-31): created GPIO range 12->27 ==> 44e10800.pinmux PIN 12->27
[    0.497352] gpio gpiochip0: (gpio-0-31): created GPIO range 28->31 ==> 44e10800.pinmux PIN 30->33
[    0.521863] gpio gpiochip0: (gpio-0-31): added GPIO chardev (254:0)
[    0.522084] gpio gpiochip0: registered GPIOs 512 to 543 on gpio-0-31
[    0.522168] OMAP GPIO hardware version 0.1
[    0.556502] i2c i2c-2: using DT '/ocp/interconnect@48000000/segment@100000/target-module@9c000/i2c@0' for 'scl' GPIO lookup
[    0.556580] of_get_named_gpiod_flags: can't parse 'scl-gpios' property of node '/ocp/interconnect@48000000/segment@100000/target-module@9c000/i2c@0[0]'
[    0.556623] of_get_named_gpiod_flags: can't parse 'scl-gpio' property of node '/ocp/interconnect@48000000/segment@100000/target-module@9c000/i2c@0[0]'
[    0.556659] i2c i2c-2: using lookup tables for GPIO lookup
[    0.556669] i2c i2c-2: No GPIO consumer scl found
[    0.556689] i2c i2c-2: using DT '/ocp/interconnect@48000000/segment@100000/target-module@9c000/i2c@0' for 'sda' GPIO lookup
[    0.556725] of_get_named_gpiod_flags: can't parse 'sda-gpios' property of node '/ocp/interconnect@48000000/segment@100000/target-module@9c000/i2c@0[0]'
[    0.556762] of_get_named_gpiod_flags: can't parse 'sda-gpio' property of node '/ocp/interconnect@48000000/segment@100000/target-module@9c000/i2c@0[0]'
[    0.556793] i2c i2c-2: using lookup tables for GPIO lookup
[    0.556800] i2c i2c-2: No GPIO consumer sda found
[    0.557504] omap_i2c 4819c000.i2c: bus 2 rev0.11 at 100 kHz
[    0.563421] gpiochip_find_base_unlocked: found new base at 544
[    0.563524] gpio gpiochip1: (gpio-32-63): created GPIO range 0->17 ==> 44e10800.pinmux PIN 34->51
[    0.563546] gpio gpiochip1: (gpio-32-63): created GPIO range 18->21 ==> 44e10800.pinmux PIN 77->80
[    0.563562] gpio gpiochip1: (gpio-32-63): created GPIO range 22->31 ==> 44e10800.pinmux PIN 56->65
[    0.576574] gpio gpiochip1: (gpio-32-63): added GPIO chardev (254:1)
[    0.576791] gpio gpiochip1: registered GPIOs 544 to 575 on gpio-32-63
[    0.579065] gpiochip_find_base_unlocked: found new base at 576
[    0.579154] gpio gpiochip2: (gpio-64-95): created GPIO range 0->4 ==> 44e10800.pinmux PIN 66->70
[    0.579181] gpio gpiochip2: (gpio-64-95): created GPIO range 5->6 ==> 44e10800.pinmux PIN 98->99
[    0.579197] gpio gpiochip2: (gpio-64-95): created GPIO range 7->8 ==> 44e10800.pinmux PIN 75->76
[    0.579213] gpio gpiochip2: (gpio-64-95): created GPIO range 13->13 ==> 44e10800.pinmux PIN 141->141
[    0.579229] gpio gpiochip2: (gpio-64-95): created GPIO range 14->21 ==> 44e10800.pinmux PIN 100->107
[    0.579870] gpio gpiochip2: (gpio-64-95): added GPIO chardev (254:2)
[    0.580079] gpio gpiochip2: registered GPIOs 576 to 607 on gpio-64-95
[    0.586062] 48000000.interconnect:segment@200000:target-module@0:mpu@0:fck: device ID is greater than 24
[    0.586954] /ocp/interconnect@48000000/segment@300000/target-module@e000/lcdc@0: Fixed dependency cycle(s) with /ocp/interconnect@44c00000/segment@200000/target-module@b000/i2c@0/tda19988@70
[    0.589803] /ocp/interconnect@48000000/segment@300000/target-module@e000/lcdc@0: Fixed dependency cycle(s) with /ocp/interconnect@44c00000/segment@200000/target-module@b000/i2c@0/tda19988@70
[    0.590507] /ocp/interconnect@44c00000/segment@200000/target-module@b000/i2c@0/tda19988@70: Fixed dependency cycle(s) with /ocp/interconnect@48000000/segment@300000/target-module@e000/lcdc@0
[    0.590663] /ocp/interconnect@48000000/segment@300000/target-module@e000/lcdc@0: Fixed dependency cycle(s) with /ocp/interconnect@44c00000/segment@200000/target-module@b000/i2c@0/tda19988@70
[    0.600555] mdio_bus 4a101000.mdio: using DT '/ocp/interconnect@4a000000/segment@0/target-module@100000/switch@0/mdio@1000' for 'reset' GPIO lookup
[    0.600625] of_get_named_gpiod_flags: can't parse 'reset-gpios' property of node '/ocp/interconnect@4a000000/segment@0/target-module@100000/switch@0/mdio@1000[0]'
[    0.600671] of_get_named_gpiod_flags: can't parse 'reset-gpio' property of node '/ocp/interconnect@4a000000/segment@0/target-module@100000/switch@0/mdio@1000[0]'
[    0.600717] mdio_bus 4a101000.mdio: using lookup tables for GPIO lookup
[    0.600727] mdio_bus 4a101000.mdio: No GPIO consumer reset found
[    0.601647] sdhci-omap 481d8000.mmc: using DT '/ocp/interconnect@48000000/segment@100000/target-module@d8000/mmc@0' for 'wp' GPIO lookup
[    0.601847] of_get_named_gpiod_flags: can't parse 'wp-gpios' property of node '/ocp/interconnect@48000000/segment@100000/target-module@d8000/mmc@0[0]'
[    0.601897] of_get_named_gpiod_flags: can't parse 'wp-gpio' property of node '/ocp/interconnect@48000000/segment@100000/target-module@d8000/mmc@0[0]'
[    0.601933] sdhci-omap 481d8000.mmc: using lookup tables for GPIO lookup
[    0.601944] sdhci-omap 481d8000.mmc: No GPIO consumer wp found
[    0.602145] sdhci-omap 481d8000.mmc: supply pbias not found, using dummy regulator
[    0.621297] sdhci-omap 481d8000.mmc: supply vqmmc not found, using dummy regulator
[    0.642215] davinci_mdio 4a101000.mdio: davinci mdio revision 1.6, bus freq 1000000
[    0.664428] mdio_bus 4a101000.mdio:00: using DT '/ocp/interconnect@4a000000/segment@0/target-module@100000/switch@0/mdio@1000/ethernet-phy@0' for 'reset' GPIO lookup
[    0.664533] of_get_named_gpiod_flags: parsed 'reset-gpios' property of node '/ocp/interconnect@4a000000/segment@0/target-module@100000/switch@0/mdio@1000/ethernet-phy@0[0]' - status (0)
[    0.664696] gpio gpiochip0: Persistence not supported for GPIO 8
[    0.738660] mdio_bus 4a101000.mdio:00: Resources present before probing
[    0.738700] davinci_mdio 4a101000.mdio: phy[0]: device 4a101000.mdio:00, driver unknown
[    0.739471] cpsw-switch 4a100000.switch: initialized cpsw ale version 1.4
[    0.739491] cpsw-switch 4a100000.switch: ALE Table size 1024, Policers 0
[    0.750228] cpsw-switch 4a100000.switch: cpts: overflow check period 500 (jiffies)
[    0.750251] cpsw-switch 4a100000.switch: CPTS: ref_clk_freq:250000000 calc_mult:2147483648 calc_shift:29 error:0 nsec/sec
[    0.750359] cpsw-switch 4a100000.switch: Detected MACID = 6c:ec:eb:68:de:78
[    0.752398] cpsw-switch 4a100000.switch: initialized (regs 0x4a100000, pool size 256) hw_ver:0019010C 1.12 (0)
[    0.763614] debugfs: '49000000.dma' already exists in 'dmaengine'
[    0.763656] edma 49000000.dma: TI EDMA DMA engine driver
[    0.812857] gpio-clk clk_mcasp0: using DT '/clk_mcasp0' for 'enable' GPIO lookup
[    0.812934] of_get_named_gpiod_flags: parsed 'enable-gpios' property of node '/clk_mcasp0[0]' - status (0)
[    0.812980] gpio gpiochip0: Persistence not supported for GPIO 27
[    0.813846] gpiochip_find_base_unlocked: found new base at 608
[    0.813960] gpio gpiochip3: (gpio-96-127): created GPIO range 0->7 ==> 44e10800.pinmux PIN 82->89
[    0.813983] gpio gpiochip3: (gpio-96-127): created GPIO range 8->11 ==> 44e10800.pinmux PIN 52->55
[    0.814004] gpio gpiochip3: (gpio-96-127): created GPIO range 12->15 ==> 44e10800.pinmux PIN 94->97
[    0.814021] gpio gpiochip3: (gpio-96-127): created GPIO range 16->17 ==> 44e10800.pinmux PIN 71->72
[    0.814036] gpio gpiochip3: (gpio-96-127): created GPIO range 18->18 ==> 44e10800.pinmux PIN 135->135
[    0.814053] gpio gpiochip3: (gpio-96-127): created GPIO range 19->20 ==> 44e10800.pinmux PIN 108->109
[    0.814070] gpio gpiochip3: (gpio-96-127): created GPIO range 21->21 ==> 44e10800.pinmux PIN 73->73
[    0.814087] gpio gpiochip3: (gpio-96-127): created GPIO range 22->23 ==> 44e10800.pinmux PIN 8->9
[    0.814104] gpio gpiochip3: (gpio-96-127): created GPIO range 26->27 ==> 44e10800.pinmux PIN 10->11
[    0.814121] gpio gpiochip3: (gpio-96-127): created GPIO range 28->28 ==> 44e10800.pinmux PIN 74->74
[    0.814139] gpio gpiochip3: (gpio-96-127): created GPIO range 29->29 ==> 44e10800.pinmux PIN 81->81
[    0.814157] gpio gpiochip3: (gpio-96-127): created GPIO range 30->31 ==> 44e10800.pinmux PIN 28->29
[    0.827324] gpio gpiochip3: (gpio-96-127): added GPIO chardev (254:3)
[    0.827576] gpio gpiochip3: registered GPIOs 608 to 639 on gpio-96-127
[    0.829420] omap8250 44e09000.serial: using DT '/ocp/interconnect@44c00000/segment@200000/target-module@9000/serial@0' for 'rs485-term' GPIO lookup
[    0.829488] of_get_named_gpiod_flags: can't parse 'rs485-term-gpios' property of node '/ocp/interconnect@44c00000/segment@200000/target-module@9000/serial@0[0]'
[    0.829532] of_get_named_gpiod_flags: can't parse 'rs485-term-gpio' property of node '/ocp/interconnect@44c00000/segment@200000/target-module@9000/serial@0[0]'
[    0.829569] omap8250 44e09000.serial: using lookup tables for GPIO lookup
[    0.829579] omap8250 44e09000.serial: No GPIO consumer rs485-term found
[    0.829589] omap8250 44e09000.serial: using DT '/ocp/interconnect@44c00000/segment@200000/target-module@9000/serial@0' for 'rs485-rx-during-tx' GPIO lookup
[    0.829625] of_get_named_gpiod_flags: can't parse 'rs485-rx-during-tx-gpios' property of node '/ocp/interconnect@44c00000/segment@200000/target-module@9000/serial@0[0]'
