Labgrid Console Logfile for main
Logfile started at 2025-02-28 10:38:57.149802
=== Log starts here ===
reading args
spl_load_image_fat_os: error reading image args, err - -1
reading u-boot.img
reading u-boot.img


U-Boot 2014.04-00014-g47880f5 (Apr 22 2014 - 13:23:54)

I2C:   ready
DRAM:  512 MiB
NAND:  0 MiB
MMC:   OMAP SD/MMC: 0, OMAP SD/MMC: 1
*** Warning - readenv() failed, using default environment

Net:   <ethaddr> not set. Validating first E-fuse MAC
cpsw, usb_ether
Hit any key to stop autoboot:  1  0 
gpio: pin 53 (gpio 53) value is 1
mmc0 is current device
gpio: pin 54 (gpio 54) value is 1
SD/MMC found on device 0
reading uEnv.txt
569 bytes read in 4 ms (138.7 KiB/s)
gpio: pin 55 (gpio 55) value is 1
Loaded environment from uEnv.txt
Importing environment from mmc ...
Checking if uenvcmd is set ...
gpio: pin 56 (gpio 56) value is 1
Running uenvcmd ...
cpsw Waiting for PHY auto negotiation to complete. done
link up on port 0, speed 100, full duplex
Using cpsw device
TFTP from server 192.168.255.126; our IP address is 192.168.255.1
Filename 'zImage'.
Load address: 0x81000000
Loading: *#################################################################
	 #################################################################
	 #################################################################
	 #################################################################
	 #################################################################
	 ######################################################
	 2.4 MiB/s
done
Bytes transferred = 5552072 (54b7c8 hex)
link up on port 0, speed 100, full duplex
Using cpsw device
TFTP from server 192.168.255.126; our IP address is 192.168.255.1
Filename 'am335x-boneblack.dtb'.
Load address: 0x82000000
Loading: *#######
	 2.2 MiB/s
done
Bytes transferred = 98244 (17fc4 hex)
Kernel image @ 0x81000000 [ 0x000000 - 0x54b7c8 ]
## Flattened Device Tree blob at 82000000
   Booting using the fdt blob at 0x82000000
   Using Device Tree in place at 82000000, end 8201afc3

Starting kernel ...

[    0.000000] Booting Linux on physical CPU 0x0
[    0.000000] Linux version 6.14.0-rc4-next-20250228 (user01@drvtest01) (arm-none-eabi-gcc (Arm GNU Toolchain 14.2.Rel1 (Build arm-14.52)) 14.2.1 20241119, GNU ld (Arm GNU Toolchain 14.2.Rel1 (Build arm-14.52)) 2.43.1.20241119) #1 SMP Fri Feb 28 10:37:27 EET 2025
[    0.000000] CPU: ARMv7 Processor [413fc082] revision 2 (ARMv7), cr=10c5387d
[    0.000000] CPU: PIPT / VIPT nonaliasing data cache, VIPT aliasing instruction cache
[    0.000000] OF: fdt: Machine model: TI AM335x BeagleBone Black
[    0.000000] Memory policy: Data cache writeback
[    0.000000] cma: Reserved 16 MiB at 0x00000000
[    0.000000] Zone ranges:
[    0.000000]   Normal   [mem 0x0000000080000000-0x000000009fdfffff]
[    0.000000]   HighMem  empty
[    0.000000] Movable zone start for each node
[    0.000000] Early memory node ranges
[    0.000000]   node   0: [mem 0x0000000080000000-0x000000009fdfffff]
[    0.000000] Initmem setup node 0 [mem 0x0000000080000000-0x000000009fdfffff]
[    0.000000] OF: reserved mem: Reserved memory: No reserved-memory node in the DT
[    0.000000] CPU: All CPU(s) started in SVC mode.
[    0.000000] AM335X ES2.1 (sgx neon)
[    0.000000] percpu: Embedded 17 pages/cpu s39692 r8192 d21748 u69632
[    0.000000] Kernel command line: console=ttyO0,115200n8 root=/dev/nfs rw nfsroot=192.168.255.126:/home/user01/nfs,nfsvers=3 ip=192.168.255.1:192.168.255.126::255.255.255.0:bbb1:eth0 nfsrootdebug
[    0.000000] Unknown kernel command line parameters "nfsrootdebug", will be passed to user space.
[    0.000000] printk: log buffer data + meta data: 65536 + 204800 = 270336 bytes
[    0.000000] Dentry cache hash table entries: 65536 (order: 6, 262144 bytes, linear)
[    0.000000] Inode-cache hash table entries: 32768 (order: 5, 131072 bytes, linear)
[    0.000000] Built 1 zonelists, mobility grouping on.  Total pages: 130560
[    0.000000] mem auto-init: stack:off, heap alloc:off, heap free:off
[    0.000000] SLUB: HWalign=16, Order=0-3, MinObjects=0, CPUs=1, Nodes=1
[    0.000000] rcu: Hierarchical RCU implementation.
[    0.000000] rcu: 	RCU event tracing is enabled.
[    0.000000] rcu: 	RCU restricting CPUs from NR_CPUS=2 to nr_cpu_ids=1.
[    0.000000] 	Tracing variant of Tasks RCU enabled.
[    0.000000] rcu: RCU calculated value of scheduler-enlistment delay is 10 jiffies.
[    0.000000] rcu: Adjusting geometry for rcu_fanout_leaf=16, nr_cpu_ids=1
[    0.000000] RCU Tasks Trace: Setting shift to 0 and lim to 1 rcu_task_cb_adjust=1 rcu_task_cpu_ids=1.
[    0.000000] NR_IRQS: 16, nr_irqs: 16, preallocated irqs: 16
[    0.000000] IRQ: Found an INTC at 0x(ptrval) (revision 5.0) with 128 interrupts
[    0.000000] rcu: srcu_init: Setting srcu_struct sizes based on contention.
[    0.000000] TI gptimer clocksource: always-on /ocp/interconnect@44c00000/segment@200000/target-module@31000
[    0.000003] sched_clock: 32 bits at 24MHz, resolution 41ns, wraps every 89478484971ns
[    0.000027] clocksource: dmtimer: mask: 0xffffffff max_cycles: 0xffffffff, max_idle_ns: 79635851949 ns
[    0.000505] TI gptimer clockevent: 24000000 Hz at /ocp/interconnect@48000000/segment@0/target-module@40000
[    0.002139] Console: colour dummy device 80x30
[    0.002202] WARNING: Your 'console=ttyO0' has been replaced by 'ttyS0'
[    0.002209] This ensures that you still see kernel messages. Please
[    0.002214] update your kernel commandline.
[    0.002255] Calibrating delay loop... 996.14 BogoMIPS (lpj=4980736)
[    0.090554] CPU: Testing write buffer coherency: ok
[    0.090675] CPU0: Spectre v2: using BPIALL workaround
[    0.090686] pid_max: default: 32768 minimum: 301
[    0.090840] LSM: initializing lsm=capability
[    0.091017] Mount-cache hash table entries: 1024 (order: 0, 4096 bytes, linear)
[    0.091037] Mountpoint-cache hash table entries: 1024 (order: 0, 4096 bytes, linear)
[    0.092617] CPU0: thread -1, cpu 0, socket -1, mpidr 0
[    0.092678] cacheinfo: Unable to detect cache hierarchy for CPU 0
[    0.160754] Setting up static identity map for 0x80100000 - 0x80100078
[    0.170708] rcu: Hierarchical SRCU implementation.
[    0.170721] rcu: 	Max phase no-delay instances is 1000.
[    0.190754] smp: Bringing up secondary CPUs ...
[    0.190811] smp: Brought up 1 node, 1 CPU
[    0.190826] SMP: Total of 1 processors activated (996.14 BogoMIPS).
[    0.190836] CPU: All CPU(s) started in SVC mode.
[    0.191026] Memory: 480832K/522240K available (11264K kernel code, 1213K rwdata, 2896K rodata, 1024K init, 288K bss, 23380K reserved, 16384K cma-reserved, 0K highmem)
[    0.191857] devtmpfs: initialized
[    0.208883] VFP support v0.3: implementor 41 architecture 3 part 30 variant c rev 3
[    0.209515] clocksource: jiffies: mask: 0xffffffff max_cycles: 0xffffffff, max_idle_ns: 19112604462750000 ns
[    0.209560] futex hash table entries: 256 (order: 2, 16384 bytes, linear)
[    0.210888] pinctrl core: initialized pinctrl subsystem
[    0.213580] NET: Registered PF_NETLINK/PF_ROUTE protocol family
[    0.216395] DMA: preallocated 256 KiB pool for atomic coherent allocations
[    0.217315] audit: initializing netlink subsys (disabled)
[    0.218670] thermal_sys: Registered thermal governor 'fair_share'
[    0.218686] thermal_sys: Registered thermal governor 'step_wise'
[    0.218696] thermal_sys: Registered thermal governor 'user_space'
[    0.218833] audit: type=2000 audit(0.210:1): state=initialized audit_enabled=0 res=1
[    0.218867] cpuidle: using governor menu
[    0.236982] /ocp/interconnect@44c00000/segment@200000/target-module@b000/i2c@0/tda19988@70: Fixed dependency cycle(s) with /ocp/interconnect@48000000/segment@300000/target-module@e000/lcdc@0
[    0.238109] /ocp/interconnect@48000000/segment@300000/target-module@e000/lcdc@0: Fixed dependency cycle(s) with /ocp/interconnect@44c00000/segment@200000/target-module@b000/i2c@0/tda19988@70
[    0.240297] No ATAGs?
[    0.240341] hw-breakpoint: debug architecture 0x4 unsupported.
[    0.243216] kprobes: kprobe jump-optimization is enabled. All kprobes are optimized if possible.
[    0.253964] iommu: Default domain type: Translated
[    0.253985] iommu: DMA domain TLB invalidation policy: strict mode
[    0.261512] SCSI subsystem initialized
[    0.262338] pps_core: LinuxPPS API ver. 1 registered
[    0.262349] pps_core: Software ver. 5.3.6 - Copyright 2005-2007 Rodolfo Giometti <giometti@linux.it>
[    0.262372] PTP clock support registered
[    0.270868] vgaarb: loaded
[    0.271228] clocksource: Switched to clocksource dmtimer
[    0.271905] VFS: Disk quotas dquot_6.6.0
[    0.271966] VFS: Dquot-cache hash table entries: 1024 (order 0, 4096 bytes)
[    0.296843] NET: Registered PF_INET protocol family
[    0.297187] IP idents hash table entries: 8192 (order: 4, 65536 bytes, linear)
[    0.298615] tcp_listen_portaddr_hash hash table entries: 512 (order: 0, 4096 bytes, linear)
[    0.298651] Table-perturb hash table entries: 65536 (order: 6, 262144 bytes, linear)
[    0.298670] TCP established hash table entries: 4096 (order: 2, 16384 bytes, linear)
[    0.298713] TCP bind hash table entries: 4096 (order: 4, 65536 bytes, linear)
[    0.298812] TCP: Hash tables configured (established 4096 bind 4096)
[    0.298930] UDP hash table entries: 256 (order: 1, 14336 bytes, linear)
[    0.298965] UDP-Lite hash table entries: 256 (order: 1, 14336 bytes, linear)
[    0.299150] NET: Registered PF_UNIX/PF_LOCAL protocol family
[    0.300398] RPC: Registered named UNIX socket transport module.
[    0.300419] RPC: Registered udp transport module.
[    0.300424] RPC: Registered tcp transport module.
[    0.300428] RPC: Registered tcp-with-tls transport module.
[    0.300433] RPC: Registered tcp NFSv4.1 backchannel transport module.
[    0.300457] PCI: CLS 0 bytes, default 64
[    0.302036] Initialise system trusted keyrings
[    0.312316] workingset: timestamp_bits=14 max_order=17 bucket_order=3
[    0.313657] NFS: Registering the id_resolver key type
[    0.313724] Key type id_resolver registered
[    0.313731] Key type id_legacy registered
[    0.313841] jffs2: version 2.2. (NAND) (SUMMARY)  Â© 2001-2006 Red Hat, Inc.
[    0.314257] Key type asymmetric registered
[    0.314273] Asymmetric key parser 'x509' registered
[    0.314338] io scheduler mq-deadline registered
[    0.314349] io scheduler kyber registered
[    0.314422] io scheduler bfq registered
[    0.315990] ledtrig-cpu: registered to indicate activity on CPUs
[    0.322175] Serial: 8250/16550 driver, 6 ports, IRQ sharing enabled
[    0.366527] brd: module loaded
[    0.385814] loop: module loaded
[    0.386735] mtdoops: mtd device (mtddev=name/number) must be supplied
[    0.389829] i2c_dev: i2c /dev entries driver
[    0.390796] cpuidle: enable-method property 'ti,am3352' found operations
[    0.391399] sdhci: Secure Digital Host Controller Interface driver
[    0.391411] sdhci: Copyright(c) Pierre Ossman
[    0.391603] sdhci-pltfm: SDHCI platform and OF driver helper
[    0.392626] Initializing XFRM netlink socket
[    0.392805] NET: Registered PF_INET6 protocol family
[    0.407721] Segment Routing with IPv6
[    0.407808] In-situ OAM (IOAM) with IPv6
[    0.407912] sit: IPv6, IPv4 and MPLS over IPv4 tunneling driver
[    0.408863] NET: Registered PF_PACKET protocol family
[    0.408897] NET: Registered PF_KEY protocol family
[    0.409011] Key type dns_resolver registered
[    0.409249] ThumbEE CPU extension supported.
[    0.409272] Registering SWP/SWPB emulation handler
[    0.409813] omap_voltage_late_init: Voltage driver support not added
[    0.410156] SmartReflex Class3 initialized
[    0.441332] Loading compiled-in X.509 certificates
[    0.483421] /ocp/interconnect@44c00000/segment@200000/target-module@b000/i2c@0/tda19988@70: Fixed dependency cycle(s) with /ocp/interconnect@48000000/segment@300000/target-module@e000/lcdc@0
[    0.489807] /ocp/interconnect@44c00000/segment@200000/target-module@b000/i2c@0/tda19988@70: Fixed dependency cycle(s) with /ocp/interconnect@48000000/segment@300000/target-module@e000/lcdc@0
[    0.529179] /ocp/interconnect@44c00000/segment@200000/target-module@b000/i2c@0/tda19988@70: Fixed dependency cycle(s) with /ocp/interconnect@48000000/segment@300000/target-module@e000/lcdc@0
[    0.530080] /ocp/interconnect@44c00000/segment@200000/target-module@b000/i2c@0/tda19988@70: Fixed dependency cycle(s) with /ocp/interconnect@48000000/segment@300000/target-module@e000/lcdc@0
[    0.533786] /ocp/interconnect@44c00000/segment@200000/target-module@10000/scm@0/pinmux@800: Fixed dependency cycle(s) with /ocp/interconnect@44c00000/segment@200000/target-module@10000/scm@0/pinmux@800/clkout2-pins
[    0.534385] pinctrl-single 44e10800.pinmux: 142 pins, size 568
[    0.539573] ti-sysc 44e31000.target-module: probe with driver ti-sysc failed with error -16
[    0.555337] /ocp/interconnect@48000000/segment@300000/target-module@e000/lcdc@0: Fixed dependency cycle(s) with /ocp/interconnect@44c00000/segment@200000/target-module@b000/i2c@0/tda19988@70
[    0.563455] ti-sysc 48040000.target-module: probe with driver ti-sysc failed with error -16
[    0.621396] OMAP GPIO hardware version 0.1
[    0.649558] omap_i2c 4819c000.i2c: bus 2 rev0.11 at 100 kHz
[    0.682556] 48000000.interconnect:segment@200000:target-module@0:mpu@0:fck: device ID is greater than 24
[    0.683437] /ocp/interconnect@48000000/segment@300000/target-module@e000/lcdc@0: Fixed dependency cycle(s) with /ocp/interconnect@44c00000/segment@200000/target-module@b000/i2c@0/tda19988@70
[    0.686201] /ocp/interconnect@48000000/segment@300000/target-module@e000/lcdc@0: Fixed dependency cycle(s) with /ocp/interconnect@44c00000/segment@200000/target-module@b000/i2c@0/tda19988@70
[    0.686896] /ocp/interconnect@44c00000/segment@200000/target-module@b000/i2c@0/tda19988@70: Fixed dependency cycle(s) with /ocp/interconnect@48000000/segment@300000/target-module@e000/lcdc@0
[    0.687068] /ocp/interconnect@48000000/segment@300000/target-module@e000/lcdc@0: Fixed dependency cycle(s) with /ocp/interconnect@44c00000/segment@200000/target-module@b000/i2c@0/tda19988@70
[    0.698043] sdhci-omap 481d8000.mmc: supply pbias not found, using dummy regulator
[    0.698544] sdhci-omap 481d8000.mmc: supply vqmmc not found, using dummy regulator
[    0.746525] davinci_mdio 4a101000.mdio: davinci mdio revision 1.6, bus freq 1000000
[    0.903872] davinci_mdio 4a101000.mdio: phy[0]: device 4a101000.mdio:00, driver SMSC LAN8710/LAN8720
[    0.904668] cpsw-switch 4a100000.switch: initialized cpsw ale version 1.4
[    0.904689] cpsw-switch 4a100000.switch: ALE Table size 1024, Policers 0
[    0.904840] cpsw-switch 4a100000.switch: cpts: overflow check period 500 (jiffies)
[    0.904856] cpsw-switch 4a100000.switch: CPTS: ref_clk_freq:250000000 calc_mult:2147483648 calc_shift:29 error:0 nsec/sec
[    0.904958] cpsw-switch 4a100000.switch: Detected MACID = 6c:ec:eb:68:de:78
[    0.906743] cpsw-switch 4a100000.switch: initialized (regs 0x4a100000, pool size 256) hw_ver:0019010C 1.12 (0)
[    0.917841] debugfs: Directory '49000000.dma' with parent 'dmaengine' already present!
[    0.917884] edma 49000000.dma: TI EDMA DMA engine driver
[    0.960956] target-module@4b000000:target-module@140000:pmu@0:fck: device ID  is greater than 24
[    0.975705] hw perfevents: enabled with armv7_cortex_a8 PMU driver, 5 (8000000f) counters available
[    0.983451] l3-aon-clkctrl:0000:0: failed to disable
[    0.986474] 44e09000.serial: ttyS0 at MMIO 0x44e09000 (irq = 34, base_ba@200000/target-module@b000/i2c@0/tda19988@70
[    2.483167] /ocp/interconnect@44c00000/segment@200000/target-module@b000/i2c@0/tda19988@70: Fixed dependency cycle(s) with /ocp/interconnect@48000000/segment@300000/target-module@e000/lcdc@0
[    2.500559] omap_i2c 44e0b000.i2c: bus 0 rev0.11 at 400 kHz
[    2.508544] omap_gpio 44e07000.gpio: Could not set line 6 debounce to 200000 microseconds (-22)
[    2.517423] sdhci-omap 48060000.mmc: Got CD GPIO
[    2.522458] sdhci-omap 48060000.mmc: supply pbias not found, using dummy regulator
[    2.532713] sdhci-omap 48060000.mmc: supply vqmmc not found, using dummy regulator
[    2.541735] sdhci-omap 481d8000.mmc: supply pbias not found, using dummy regulator
[    2.549748] sdhci-omap 481d8000.mmc: supply vqmmc not found, using dummy regulator
[    2.588318] mmc1: SDHCI controller on 481d8000.mmc [481d8000.mmc] using External DMA
[    2.597515] mmc0: SDHCI controller on 48060000.mmc [48060000.mmc] using External DMA
[    2.606339] cpsw-switch 4a100000.switch: starting ndev. mode: dual_mac
[    2.656809] mmc0: new high speed SDHC card at address 5048
[    2.663888] mmcblk0: mmc0:5048 SD16G 14.4 GiB
[    2.671905]  mmcblk0: p1 p2
[    2.675378] mmcblk0: p2 size 31221760 extends beyond EOD, truncated
[    2.683805] SMSC LAN8710/LAN8720 4a101000.mdio:00: attached PHY driver (mii_bus:phy_addr=4a101000.mdio:00, irq=POLL)
[    2.701688] mmc1: new high speed MMC card at address 0001
[    2.708609] mmcblk1: mmc1:0001 MMC04G 3.60 GiB
[    2.716112]  mmcblk1: p1 p2
[    2.720445] mmcblk1boot0: mmc1:0001 MMC04G 2.00 MiB
[    2.727538] mmcblk1boot1: mmc1:0001 MMC04G 2.00 MiB
[    2.734768] mmcblk1rpmb: mmc1:0001 MMC04G 128 KiB, chardev (250:0)
[    5.842002] cpsw-switch 4a100000.switch eth0: Link is Up - 100Mbps/Full - flow control off
[    5.871249] IP-Config: Complete:
[    5.874525]      device=eth0, hwaddr=6c:ec:eb:68:de:78, ipaddr=192.168.255.1, mask=255.255.255.0, gw=255.255.255.255
[    5.885167]      host=bbb1, domain=, nis-domain=(none)
[    5.890336]      bootserver=192.168.255.126, rootserver=192.168.255.126, rootpath=
[    5.890745] clk: Disabling unused clocks
[    5.902609] PM: genpd: Disabling unused power domains
[    5.907725] KTAP version 1
[    5.910446] 1..0
[    5.960406] VFS: Mounted root (nfs filesystem) on device 0:17.
[    5.967609] devtmpfs: mounted
[    5.972189] Freeing unused kernel image (initmem) memory: 1024K
[    5.978846] Run /sbin/init as init process
[    6.710949] systemd[1]: System time before build time, advancing clock.
[    8.161250] random: crng init done
[    8.203426] systemd[1]: systemd 232 running in system mode. (+PAM +AUDIT +SELINUX +IMA +APPARMOR +SMACK +SYSVINIT +UTMP +LIBCRYPTSETUP +GCRYPT +GNUTLS +ACL +XZ +LZ4 +SECCOMP +BLKID +ELFUTILS +KMOD +IDN)
[    8.222509] systemd[1]: Detected architecture arm.

Welcome to [1mDebian GNU/Linux 9 (stretch)[0m!

[    8.254709] systemd[1]: Set hostname to <arm>.
[    9.370712] systemd[1]: Reached target Remote File Systems.
[[0;32m  OK  [0m] Reached target Remote File Systems.
[    9.392139] systemd[1]: Started Forward Password Requests to Wall Directory Watch.
[[0;32m  OK  [0m] Started Forward Password Requests to Wall Directory Watch.
[    9.422854] systemd[1]: Created slice User and Session Slice.
[[0;32m  OK  [0m] Created slice User and Session Slice.
[    9.451667] systemd[1]: Reached target Swap.
[[0;32m  OK  [0m] Reached target Swap.
[    9.473292] systemd[1]: Listening on udev Control Socket.
[[0;32m  OK  [0m] Listening on udev Control Socket.
[    9.503141] systemd[1]: Listening on /dev/initctl Compatibility Named Pipe.
[[0;32m  OK  [0m] Listening on /dev/initctl Compatibility Named Pipe.
[    9.533190] systemd[1]: Listening on Journal Socket (/dev/log).
[[0;32m  OK  [0m] Listening on Journal Socket (/dev/log).
[[0;32m  OK  [0m] Listening on Journal Socket.
[[0;32m  OK  [0m] Listening on Syslog Socket.
[[0;32m  OK  [0m] Started Dispatch Password Requests to Console Directory Watch.
[[0;32m  OK  [0m] Reached target Paths.
[[0;32m  OK  [0m] Reached target Encrypted Volumes.
[[0;32m  OK  [0m] Listening on udev Kernel Socket.
[[0;32m  OK  [0m] Listening on Journal Audit Socket.
[[0;32m  OK  [0m] Set up automount Arbitrary Executabâ€¦rmats File System Automount Point.
[[0;32m  OK  [0m] Created slice System Slice.
[[0;32m  OK  [0m] Created slice system-getty.slice.
[[0;32m  OK  [0m] Reached target Slices.
         Starting Remount Root and Kernel File Systems...
         Mounting Debug File System...
[[0;32m  OK  [0m] Created slice system-serial\x2dgetty.slice.
         Starting Create list of required stâ€¦ce nodes for the current kernel...
         Starting Load Kernel Modules...
         Mounting POSIX Message Queue File System...
         Starting Journal Service...
[[0;32m  OK  [0m] Mounted Debug File System.
[[0;32m  OK  [0m] Started Remount Root and Kernel File Systems.
[[0;32m  OK  [0m] Started Create list of required staâ€¦vice nodes for the current kernel.
[[0;32m  OK  [0m] Mounted POSIX Message Queue File System.
         Starting Create Static Device Nodes in /dev...
         Starting Load/Save Random Seed...
         Starting udev Coldplug all Devices...
[[0;32m  OK  [0m] Started Load Kernel Modules.
         Mounting Configuration File System...
         Starting Apply Kernel Variables...
[[0;32m  OK  [0m] Started Load/Save Random Seed.
[[0;32m  OK  [0m] Mounted Configuration File System.
[[0;32m  OK  [0m] Started Apply Kernel Variables.
[[0;32m  OK  [0m] Started Create Static Device Nodes in /dev.
[[0;32m  OK  [0m] Reached target Local File Systems (Pre).
[[0;32m  OK  [0m] Reached target Local File Systems.
         Starting Raise network interfaces...
         Starting udev Kernel Device Manager...
[[0;32m  OK  [0m] Started Journal Service.
         Starting Flush Journal to Persistent Storage...
[   11.950012] systemd-journald[93]: Received request to flush runtime journal from PID 1
[[0;32m  OK  [0m] Started Flush Journal to Persistent Storage.
         Starting Create Volatile Files and Directories...
[[0;32m  OK  [0m] Started udev Kernel Device Manager.
[[0;32m  OK  [0m] Started Create Volatile Files and Directories.
         Starting Network Time Synchronization...
         Starting Update UTMP about System Boot/Shutdown...
[[0;32m  OK  [0m] Started udev Coldplug all Devices.
[   14.808608] remoteproc remoteproc0: wkup_m3 is available
[   15.029359] omap_rtc 44e3e000.rtc: registered as rtc0
[   15.034696] omap_rtc 44e3e000.rtc: setting system clock to 2000-01-01T00:00:00 UTC (946684800)
[   15.083849] at24 2-0054: supply vcc not found, using dummy regulator
[   15.157062] omap_wdt: OMAP Watchdog Timer Rev 0x01: initial timeout 60 sec
[   15.207256] at24 2-0055: supply vcc not found, using dummy regulator
[   15.334904] at24 2-0056: supply vcc not found, using dummy regulator
[   15.355552] am335x-phy-driver 47401300.usb-phy: dummy supplies not allowed for exclusive requests (id=vbus)
[   15.436188] at24 2-0057: supply vcc not found, using dummy regulator
[   15.496508] tps6521x_pwrbutton tps65217-pwrbutton: DMA mask not set
[[0;32m  OK  [0m] Found device /dev/ttyS0.
[   15.520826] am335x-phy-driver 47401b00.usb-phy: dummy supplies not allowed for exclusive requests (id=vbus)
[[0;32m  OK  [0m] Started Update UTMP about System Boot/Shutdown.
[   15.632261] input: tps65217_pwrbutton as /devices/platform/ocp/44c00000.interconnect/44c00000.interconnect:segment@200000/44e0b000.target-module/44e0b000.i2c/i2c-0/0-0024/tps65217-pwrbutton/input/input0
[   15.652779] at24 0-0050: 32768 byte 24c256 EEPROM, writable, 1 bytes/write
[   15.787156] wkup_m3_ipc 44e11324.wkup_m3_ipc: IPC Request for A8->M3 Channel failed! -517
[   16.014959] wkup_m3_ipc 44e11324.wkup_m3_ipc: IPC Request for A8->M3 Channel failed! -517
[   16.517201] usbcore: registered new interface driver usbfs
[   16.524491] usbcore: registered new interface driver hub
[   16.529948] usbcore: registered new device driver usb
[[0;32m  OK  [0m] Started Network Time Synchronization.
[[0;32m  OK  [0m] Reached target System Initialization.
[[0;32m  OK  [0m] Listening on Avahi mDNS/DNS-SD Stack Activation Socket.
[[0;32m  OK  [0m] Listening on D-Bus System Message Bus Socket.
[[0;32m  OK  [0m] Reached target Sockets.
[[0;32m  OK  [0m] Reached target Basic System.
         Starting Generic Board Startup...
         Starting LSB: Start busybox udhcpd at boot time...
[   17.356716] wkup_m3_ipc 44e11324.wkup_m3_ipc: IPC Request for A8->M3 Channel failed! -517
         Starting System Logging Service...
[   17.494527] omap-mailbox 480c8000.mailbox: omap mailbox rev 0x400
[   17.524097] musb-hdrc musb-hdrc.1: MUSB HDRC host driver
[   17.529515] musb-hdrc musb-hdrc.1: new USB bus registered, assigned bus number 1
         Starting LSB: Load kernel modules needed to enable cpufreq scaling...
[   17.653544] remoteproc remoteproc0: powering up wkup_m3
[   17.753726] remoteproc remoteproc0: Direct firmware load for am335x-pm-firmware.elf failed with error -2
[   17.763582] remoteproc remoteproc0: request_firmware failed: -2
[   17.769550] wkup_m3_ipc 44e11324.wkup_m3_ipc: rproc_boot failed
[[0;32m  OK  [0m] Started Regular background program processing daemon.
[   17.818133] tda998x 0-0070: found TDA19988
[   17.888172] usb usb1: New USB device found, idVendor=1d6b, idProduct=0002, bcdDevice= 6.14
[   17.896711] usb usb1: New USB device strings: Mfr=3, Product=2, SerialNumber=1
[   17.904045] usb usb1: Product: MUSB HDRC host driver
[   17.909040] usb usb1: Manufacturer: Linux 6.14.0-rc4-next-20250228 musb-hcd
[   17.916067] usb usb1: SerialNumber: musb-hdrc.1
         Starting Telephony service...
[[0;32m  OK  [0m] Started D-Bus System Message Bus.
[   18.431009] hub 1-0:1.0: USB hub found
[   18.529139] hub 1-0:1.0: 1 port detected
[   20.067502] omap_rng 48310000.rng: Random Number Generator ver. 20
[   20.292726] tilcdc 4830e000.lcdc: bound 0-0070 (ops tda998x_audio_codec_init [tda998x])
[   20.412647] [drm] Initialized tilcdc 1.0.0 for 4830e000.lcdc on minor 0
[   20.502181] tilcdc 4830e000.lcdc: [drm] Cannot find any crtc or sizes
[   20.513494] tilcdc 4830e000.lcdc: [drm] Cannot find any crtc or sizes
[   21.210877] PM: Cannot get wkup_m3_ipc handle
[   21.248362] omap-sham 53100000.sham: hw accel on OMAP rev 4.3
[   21.360285] omap-aes 53500000.aes: OMAP AES hw accel rev: 3.2
[   21.378904] omap-sham 53100000.sham: will run requests pump with realtime priority
[   21.389077] PM: Cannot get wkup_m3_ipc handle
[   21.481867] omap-aes 53500000.aes: will run requests pump with realtime priority
[   21.493641] PM: Cannot get wkup_m3_ipc handle
[[0;32m  OK  [0m] Started Telephony service.
         Starting Connection service...
[[0;32m  OK  [0m] Started Daily Cleanup of Temporary Directories.
         Starting Login Service...
         Starting DUN service...
         Starting Avahi mDNS/DNS-SD Stack...
         Starting Cape Manager Service...
[[0;32m  OK  [0m] Reached target System Time Synchronized.
[[0;32m  OK  [0m] Started Daily apt download activities.
[[0;32m  OK  [0m] Started Daily apt upgrade and clean activities.
[[0;32m  OK  [0m] Reached target Timers.
[[0;32m  OK  [0m] Started System Logging Service.
[   23.863786] Bluetooth: Core ver 2.22
[   23.867724] NET: Registered PF_BLUETOOTH protocol family
[   23.873393] Bluetooth: HCI device and connection manager initialized
[   23.879811] Bluetooth: HCI socket layer initialized
[   23.884839] Bluetooth: L2CAP socket layer initialized
[   23.889965] Bluetooth: SCO socket layer initialized
[[0;32m  OK  [0m] Started Cape Manager Service.
[   25.436692] PM: Cannot get wkup_m3_ipc handle
[   25.494569] gpio-537 (nxp,calib): gpiod_direction_output_nonotify: tried to set a GPIO tied to an IRQ as output
[   25.547188] PM: Cannot get wkup_m3_ipc handle
[   25.733540] tda9950 0-0034: TDA9950 CEC interface, hardware version 3.3
[   25.796419] PM: Cannot get wkup_m3_ipc handle
[[0;32m  OK  [0m] Started LSB: Start busybox udhcpd at boot time.
[[0;32m  OK  [0m] Started Raise network interfaces.
[[0;32m  OK  [0m] Started LSB: Load kernel modules needed to enable cpufreq scaling.
[   28.464077] configfs-gadget.g_multi gadget.0: HOST MAC 1c:ba:8c:a2:ed:6c
[   28.470888] configfs-gadget.g_multi gadget.0: MAC 1c:ba:8c:a2:ed:70
[   28.478459] configfs-gadget.g_multi gadget.0: HOST MAC 1c:ba:8c:a2:ed:6c
[   28.485316] configfs-gadget.g_multi gadget.0: MAC 1c:ba:8c:a2:ed:6d
[   28.492491] PM: Cannot get wkup_m3_ipc handle
[[0;32m  OK  [0m] Started DUN service.
[[0;32m  OK  [0m] Started Connection service.
[[0;32m  OK  [0m] Started Avahi mDNS/DNS-SD Stack.
[[0;32m  OK  [0m] Started Login Service.
[[0;32m  OK  [0m] Reached target Sound Card.
         Starting LSB: set CPUFreq kernel parameters...
[[0;32m  OK  [0m] Reached target Network.
         Starting Permit User Sessions...
[[0;32m  OK  [0m] Reached target Network is Online.
         Starting LSB: Advanced IEEE 802.11 management daemon...
         Starting The Apache HTTP Server...
         Starting OpenBSD Secure Shell server...
[[0;32m  OK  [0m] Started Permit User Sessions.
[[0;32m  OK  [0m] Started LSB: Advanced IEEE 802.11 management daemon.
         Starting Hostname Service...
         Starting WPA supplicant...
[[0;32m  OK  [0m] Started Serial Getty on ttyS0.
[[0;32m  OK  [0m] Started Getty on tty1.
[[0;32m  OK  [0m] Reached target Login Prompts.
[[0;32m  OK  [0m] Started LSB: set CPUFreq kernel parameters.
[[0;32m  OK  [0m] Started Hostname Service.
[[0;32m  OK  [0m] Started WPA supplicant.
         Stopping LSB: Start busybox udhcpd at boot time...
[[0;32m  OK  [0m] Started OpenBSD Secure Shell server.
[[0;32m  OK  [0m] Stopped LSB: Start busybox udhcpd at boot time.
         Starting dnsmasq - A lightweight DHCP and caching DNS server...
[[0;32m  OK  [0m] Started The Apache HTTP Server.
[[0;32m  OK  [0m] Started dnsmasq - A lightweight DHCP and caching DNS server.
[[0;32m  OK  [0m] Reached target Host and Network Name Lookups.
[[0;32m  OK  [0m] Started Serial Getty on ttyGS0.
[[0;32m  OK  [0m] Started Generic Board Startup.
[[0;32m  OK  [0m] Reached target Multi-User System.
[[0;32m  OK  [0m] Reached target Graphical Interface.
         Starting Update UTMP about System Runlevel Changes...
[[0;32m  OK  [0m] Started Update UTMP about System Runlevel Changes.

Debian GNU/Linux 9 arm ttyS0

default username:password is [debian:temppwd]

arm login: root
Password: 
Last login: Sat Dec  9 19:10:28 UTC 2017 on ttyS0
root
Linux arm 6.14.0-rc4-next-20250228 #1 SMP Fri Feb 28 10:37:27 EET 2025 armv7l

The programs included with the Debian GNU/Linux system are free software;
the exact distribution terms for each program are described in the
individual files in /usr/share/doc/*/copyright.

Debian GNU/Linux comes with ABSOLUTELY NO WARRANTY, to the extent
permitted by applicable law.
root@arm:~# root
dmesg -n 1
-bash: root: command not found
root@arm:~# dmesg -n 1
root@arm:~# echo 'ZTLT''OMQELQ'
ZTLTOMQELQ
root@arm:~# run() { echo -n "$MARKER"; sh -c "$@"; echo "$MARKER $?"; }
root@arm:~# echo 'EYPE''GCFOJO'
EYPEGCFOJO
root@arm:~# MARKER='XUHG''OZNWZS' run 'cat /proc/version'
XUHGOZNWZSLinux version 6.14.0-rc4-next-20250228 (user01@drvtest01) (arm-none-eabi-gcc (Arm GNU Toolchain 14.2.Rel1 (Build arm-14.52)) 14.2.1 20241119, GNU ld (Arm GNU Toolchain 14.2.Rel1 (Build arm-14.52)) 2.43.1.20241119) #1 SMP Fri Feb 28 10:37:27 EET 2025
XUHGOZNWZS 0
root@arm:~# echo 'KOMX''SFCJOQ'
KOMXSFCJOQ
root@arm:~# MARKER='MXOG''OFYFFM' run false
MXOGOFYFFMMXOGOFYFFM 1
root@arm:~# Labgrid Console Logfile for main
Logfile started at 2025-02-28 10:39:56.668577
=== Log starts here ===

root@arm:~# run() { echo -n "$MARKER"; sh -c "$@"; echo "$MARKER $?"; }
root@arm:~# echo 'SEWA''OZTKFO'
SEWAOZTKFO
root@arm:~# MARKER='KTXX''AYMUVF' run 'ls /iio_generic_buffer; echo $?'
KTXXAYMUVF/iio_generic_buffer
0
KTXXAYMUVF 0
root@arm:~# Labgrid Console Logfile for main
Logfile started at 2025-02-28 10:40:00.074499
=== Log starts here ===

root@arm:~# run() { echo -n "$MARKER"; sh -c "$@"; echo "$MARKER $?"; }
root@arm:~# echo 'FCOV''ATGJNP'
FCOVATGJNP
root@arm:~# MARKER='MABX''KTSLYZ' run dmesg
MABXKTSLYZ[    0.000000] Booting Linux on physical CPU 0x0
[    0.000000] Linux version 6.14.0-rc4-next-20250228 (user01@drvtest01) (arm-none-eabi-gcc (Arm GNU Toolchain 14.2.Rel1 (Build arm-14.52)) 14.2.1 20241119, GNU ld (Arm GNU Toolchain 14.2.Rel1 (Build arm-14.52)) 2.43.1.20241119) #1 SMP Fri Feb 28 10:37:27 EET 2025
[    0.000000] CPU: ARMv7 Processor [413fc082] revision 2 (ARMv7), cr=10c5387d
[    0.000000] CPU: PIPT / VIPT nonaliasing data cache, VIPT aliasing instruction cache
[    0.000000] OF: fdt: Machine model: TI AM335x BeagleBone Black
[    0.000000] Memory policy: Data cache writeback
[    0.000000] cma: Reserved 16 MiB at 0x00000000
[    0.000000] Zone ranges:
[    0.000000]   Normal   [mem 0x0000000080000000-0x000000009fdfffff]
[    0.000000]   HighMem  empty
[    0.000000] Movable zone start for each node
[    0.000000] Early memory node ranges
[    0.000000]   node   0: [mem 0x0000000080000000-0x000000009fdfffff]
[    0.000000] Initmem setup node 0 [mem 0x0000000080000000-0x000000009fdfffff]
[    0.000000] OF: reserved mem: Reserved memory: No reserved-memory node in the DT
[    0.000000] CPU: All CPU(s) started in SVC mode.
[    0.000000] AM335X ES2.1 (sgx neon)
[    0.000000] percpu: Embedded 17 pages/cpu s39692 r8192 d21748 u69632
[    0.000000] pcpu-alloc: s39692 r8192 d21748 u69632 alloc=17*4096
[    0.000000] pcpu-alloc: [0] 0 
[    0.000000] Kernel command line: console=ttyO0,115200n8 root=/dev/nfs rw nfsroot=192.168.255.126:/home/user01/nfs,nfsvers=3 ip=192.168.255.1:192.168.255.126::255.255.255.0:bbb1:eth0 nfsrootdebug
[    0.000000] Unknown kernel command line parameters "nfsrootdebug", will be passed to user space.
[    0.000000] printk: log buffer data + meta data: 65536 + 204800 = 270336 bytes
[    0.000000] Dentry cache hash table entries: 65536 (order: 6, 262144 bytes, linear)
[    0.000000] Inode-cache hash table entries: 32768 (order: 5, 131072 bytes, linear)
[    0.000000] Built 1 zonelists, mobility grouping on.  Total pages: 130560
[    0.000000] mem auto-init: stack:off, heap alloc:off, heap free:off
[    0.000000] SLUB: HWalign=16, Order=0-3, MinObjects=0, CPUs=1, Nodes=1
[    0.000000] rcu: Hierarchical RCU implementation.
[    0.000000] rcu: 	RCU event tracing is enabled.
[    0.000000] rcu: 	RCU restricting CPUs from NR_CPUS=2 to nr_cpu_ids=1.
[    0.000000] 	Tracing variant of Tasks RCU enabled.
[    0.000000] rcu: RCU calculated value of scheduler-enlistment delay is 10 jiffies.
[    0.000000] rcu: Adjusting geometry for rcu_fanout_leaf=16, nr_cpu_ids=1
[    0.000000] RCU Tasks Trace: Setting shift to 0 and lim to 1 rcu_task_cb_adjust=1 rcu_task_cpu_ids=1.
[    0.000000] NR_IRQS: 16, nr_irqs: 16, preallocated irqs: 16
[    0.000000] IRQ: Found an INTC at 0x(ptrval) (revision 5.0) with 128 interrupts
[    0.000000] rcu: srcu_init: Setting srcu_struct sizes based on contention.
[    0.000000] TI gptimer clocksource: always-on /ocp/interconnect@44c00000/segment@200000/target-module@31000
[    0.000003] sched_clock: 32 bits at 24MHz, resolution 41ns, wraps every 89478484971ns
[    0.000027] clocksource: dmtimer: mask: 0xffffffff max_cycles: 0xffffffff, max_idle_ns: 79635851949 ns
[    0.000505] TI gptimer clockevent: 24000000 Hz at /ocp/interconnect@48000000/segment@0/target-module@40000
[    0.002139] Console: colour dummy device 80x30
[    0.002202] WARNING: Your 'console=ttyO0' has been replaced by 'ttyS0'
[    0.002209] This ensures that you still see kernel messages. Please
[    0.002214] update your kernel commandline.
[    0.002255] Calibrating delay loop... 996.14 BogoMIPS (lpj=4980736)
[    0.090554] CPU: Testing write buffer coherency: ok
[    0.090675] CPU0: Spectre v2: using BPIALL workaround
[    0.090686] pid_max: default: 32768 minimum: 301
[    0.090840] LSM: initializing lsm=capability
[    0.091017] Mount-cache hash table entries: 1024 (order: 0, 4096 bytes, linear)
[    0.091037] Mountpoint-cache hash table entries: 1024 (order: 0, 4096 bytes, linear)
[    0.092617] CPU0: thread -1, cpu 0, socket -1, mpidr 0
[    0.092678] cacheinfo: Unable to detect cache hierarchy for CPU 0
[    0.160754] Setting up static identity map for 0x80100000 - 0x80100078
[    0.170708] rcu: Hierarchical SRCU implementation.
[    0.170721] rcu: 	Max phase no-delay instances is 1000.
[    0.190754] smp: Bringing up secondary CPUs ...
[    0.190811] smp: Brought up 1 node, 1 CPU
[    0.190826] SMP: Total of 1 processors activated (996.14 BogoMIPS).
[    0.190836] CPU: All CPU(s) started in SVC mode.
[    0.191026] Memory: 480832K/522240K available (11264K kernel code, 1213K rwdata, 2896K rodata, 1024K init, 288K bss, 23380K reserved, 16384K cma-reserved, 0K highmem)
[    0.191857] devtmpfs: initialized
[    0.208883] VFP support v0.3: implementor 41 architecture 3 part 30 variant c rev 3
[    0.209515] clocksource: jiffies: mask: 0xffffffff max_cycles: 0xffffffff, max_idle_ns: 19112604462750000 ns
[    0.209560] futex hash table entries: 256 (order: 2, 16384 bytes, linear)
[    0.210888] pinctrl core: initialized pinctrl subsystem
[    0.213580] NET: Registered PF_NETLINK/PF_ROUTE protocol family
[    0.216395] DMA: preallocated 256 KiB pool for atomic coherent allocations
[    0.217315] audit: initializing netlink subsys (disabled)
[    0.218670] thermal_sys: Registered thermal governor 'fair_share'
[    0.218686] thermal_sys: Registered thermal governor 'step_wise'
[    0.218696] thermal_sys: Registered thermal governor 'user_space'
[    0.218833] audit: type=2000 audit(0.210:1): state=initialized audit_enabled=0 res=1
[    0.218867] cpuidle: using governor menu
[    0.236982] /ocp/interconnect@44c00000/segment@200000/target-module@b000/i2c@0/tda19988@70: Fixed dependency cycle(s) with /ocp/interconnect@48000000/segment@300000/target-module@e000/lcdc@0
[    0.238109] /ocp/interconnect@48000000/segment@300000/target-module@e000/lcdc@0: Fixed dependency cycle(s) with /ocp/interconnect@44c00000/segment@200000/target-module@b000/i2c@0/tda19988@70
[    0.240297] No ATAGs?
[    0.240341] hw-breakpoint: debug architecture 0x4 unsupported.
[    0.243216] kprobes: kprobe jump-optimization is enabled. All kprobes are optimized if possible.
[    0.253964] iommu: Default domain type: Translated
[    0.253985] iommu: DMA domain TLB invalidation policy: strict mode
[    0.255592] reg-fixed-voltage fixedregulator0: using DT '/fixedregulator0' for '(default)' GPIO lookup
[    0.255644] of_get_named_gpiod_flags: can't parse 'gpios' property of node '/fixedregulator0[0]'
[    0.255673] of_get_named_gpiod_flags: can't parse 'gpio' property of node '/fixedregulator0[0]'
[    0.255692] reg-fixed-voltage fixedregulator0: using lookup tables for GPIO lookup
[    0.255702] reg-fixed-voltage fixedregulator0: No GPIO consumer (default) found
[    0.261512] SCSI subsystem initialized
[    0.261980] libata version 3.00 loaded.
[    0.262338] pps_core: LinuxPPS API ver. 1 registered
[    0.262349] pps_core: Software ver. 5.3.6 - Copyright 2005-2007 Rodolfo Giometti <giometti@linux.it>
[    0.262372] PTP clock support registered
[    0.270868] vgaarb: loaded
[    0.271228] clocksource: Switched to clocksource dmtimer
[    0.271905] VFS: Disk quotas dquot_6.6.0
[    0.271966] VFS: Dquot-cache hash table entries: 1024 (order 0, 4096 bytes)
[    0.296843] NET: Registered PF_INET protocol family
[    0.297187] IP idents hash table entries: 8192 (order: 4, 65536 bytes, linear)
[    0.298615] tcp_listen_portaddr_hash hash table entries: 512 (order: 0, 4096 bytes, linear)
[    0.298651] Table-perturb hash table entries: 65536 (order: 6, 262144 bytes, linear)
[    0.298670] TCP established hash table entries: 4096 (order: 2, 16384 bytes, linear)
[    0.298713] TCP bind hash table entries: 4096 (order: 4, 65536 bytes, linear)
[    0.298812] TCP: Hash tables configured (established 4096 bind 4096)
[    0.298930] UDP hash table entries: 256 (order: 1, 14336 bytes, linear)
[    0.298965] UDP-Lite hash table entries: 256 (order: 1, 14336 bytes, linear)
[    0.299150] NET: Registered PF_UNIX/PF_LOCAL protocol family
[    0.300398] RPC: Registered named UNIX socket transport module.
[    0.300419] RPC: Registered udp transport module.
[    0.300424] RPC: Registered tcp transport module.
[    0.300428] RPC: Registered tcp-with-tls transport module.
[    0.300433] RPC: Registered tcp NFSv4.1 backchannel transport module.
[    0.300457] PCI: CLS 0 bytes, default 64
[    0.302036] Initialise system trusted keyrings
[    0.312316] workingset: timestamp_bits=14 max_order=17 bucket_order=3
[    0.313657] NFS: Registering the id_resolver key type
[    0.313724] Key type id_resolver registered
[    0.313731] Key type id_legacy registered
[    0.313841] jffs2: version 2.2. (NAND) (SUMMARY)  Â© 2001-2006 Red Hat, Inc.
[    0.314257] Key type asymmetric registered
[    0.314273] Asymmetric key parser 'x509' registered
[    0.314338] io scheduler mq-deadline registered
[    0.314349] io scheduler kyber registered
[    0.314422] io scheduler bfq registered
[    0.315990] ledtrig-cpu: registered to indicate activity on CPUs
[    0.322175] Serial: 8250/16550 driver, 6 ports, IRQ sharing enabled
[    0.366527] brd: module loaded
[    0.385814] loop: module loaded
[    0.386735] mtdoops: mtd device (mtddev=name/number) must be supplied
[    0.388454] mdio_bus fixed-0: using lookup tables for GPIO lookup
[    0.388474] mdio_bus fixed-0: No GPIO consumer reset found
[    0.389829] i2c_dev: i2c /dev entries driver
[    0.390796] cpuidle: enable-method property 'ti,am3352' found operations
[    0.391399] sdhci: Secure Digital Host Controller Interface driver
[    0.391411] sdhci: Copyright(c) Pierre Ossman
[    0.391603] sdhci-pltfm: SDHCI platform and OF driver helper
[    0.392626] Initializing XFRM netlink socket
[    0.392805] NET: Registered PF_INET6 protocol family
[    0.407721] Segment Routing with IPv6
[    0.407808] In-situ OAM (IOAM) with IPv6
[    0.407912] sit: IPv6, IPv4 and MPLS over IPv4 tunneling driver
[    0.408863] NET: Registered PF_PACKET protocol family
[    0.408897] NET: Registered PF_KEY protocol family
[    0.409011] Key type dns_resolver registered
[    0.409249] ThumbEE CPU extension supported.
[    0.409272] Registering SWP/SWPB emulation handler
[    0.409813] omap_voltage_late_init: Voltage driver support not added
[    0.410156] SmartReflex Class3 initialized
[    0.441332] Loading compiled-in X.509 certificates
[    0.483421] /ocp/interconnect@44c00000/segment@200000/target-module@b000/i2c@0/tda19988@70: Fixed dependency cycle(s) with /ocp/interconnect@48000000/segment@300000/target-module@e000/lcdc@0
[    0.489807] /ocp/interconnect@44c00000/segment@200000/target-module@b000/i2c@0/tda19988@70: Fixed dependency cycle(s) with /ocp/interconnect@48000000/segment@300000/target-module@e000/lcdc@0
[    0.495549] gpiochip_find_base_unlocked: found new base at 512
[    0.529179] /ocp/interconnect@44c00000/segment@200000/target-module@b000/i2c@0/tda19988@70: Fixed dependency cycle(s) with /ocp/interconnect@48000000/segment@300000/target-module@e000/lcdc@0
[    0.530080] /ocp/interconnect@44c00000/segment@200000/target-module@b000/i2c@0/tda19988@70: Fixed dependency cycle(s) with /ocp/interconnect@48000000/segment@300000/target-module@e000/lcdc@0
[    0.533786] /ocp/interconnect@44c00000/segment@200000/target-module@10000/scm@0/pinmux@800: Fixed dependency cycle(s) with /ocp/interconnect@44c00000/segment@200000/target-module@10000/scm@0/pinmux@800/clkout2-pins
[    0.534385] pinctrl-single 44e10800.pinmux: 142 pins, size 568
[    0.539573] ti-sysc 44e31000.target-module: probe with driver ti-sysc failed with error -16
[    0.555337] /ocp/interconnect@48000000/segment@300000/target-module@e000/lcdc@0: Fixed dependency cycle(s) with /ocp/interconnect@44c00000/segment@200000/target-module@b000/i2c@0/tda19988@70
[    0.563455] ti-sysc 48040000.target-module: probe with driver ti-sysc failed with error -16
[    0.574680] gpiochip_find_base_unlocked: found new base at 512
[    0.574778] gpio gpiochip0: (gpio-0-31): created GPIO range 0->7 ==> 44e10800.pinmux PIN 0->7
[    0.574798] gpio gpiochip0: (gpio-0-31): created GPIO range 8->11 ==> 44e10800.pinmux PIN 90->93
[    0.574814] gpio gpiochip0: (gpio-0-31): created GPIO range 12->27 ==> 44e10800.pinmux PIN 12->27
[    0.574830] gpio gpiochip0: (gpio-0-31): created GPIO range 28->31 ==> 44e10800.pinmux PIN 30->33
[    0.621044] gpio gpiochip0: (gpio-0-31): added GPIO chardev (254:0)
[    0.621307] gpio gpiochip0: registered GPIOs 512 to 543 on gpio-0-31
[    0.621396] OMAP GPIO hardware version 0.1
[    0.648515] i2c i2c-2: using DT '/ocp/interconnect@48000000/segment@100000/target-module@9c000/i2c@0' for 'scl' GPIO lookup
[    0.648589] of_get_named_gpiod_flags: can't parse 'scl-gpios' property of node '/ocp/interconnect@48000000/segment@100000/target-module@9c000/i2c@0[0]'
[    0.648631] of_get_named_gpiod_flags: can't parse 'scl-gpio' property of node '/ocp/interconnect@48000000/segment@100000/target-module@9c000/i2c@0[0]'
[    0.648667] i2c i2c-2: using lookup tables for GPIO lookup
[    0.648676] i2c i2c-2: No GPIO consumer scl found
[    0.648698] i2c i2c-2: using DT '/ocp/interconnect@48000000/segment@100000/target-module@9c000/i2c@0' for 'sda' GPIO lookup
[    0.648733] of_get_named_gpiod_flags: can't parse 'sda-gpios' property of node '/ocp/interconnect@48000000/segment@100000/target-module@9c000/i2c@0[0]'
[    0.648770] of_get_named_gpiod_flags: can't parse 'sda-gpio' property of node '/ocp/interconnect@48000000/segment@100000/target-module@9c000/i2c@0[0]'
[    0.648801] i2c i2c-2: using lookup tables for GPIO lookup
[    0.648808] i2c i2c-2: No GPIO consumer sda found
[    0.649558] omap_i2c 4819c000.i2c: bus 2 rev0.11 at 100 kHz
[    0.655388] gpiochip_find_base_unlocked: found new base at 544
[    0.655485] gpio gpiochip1: (gpio-32-63): created GPIO range 0->17 ==> 44e10800.pinmux PIN 34->51
[    0.655505] gpio gpiochip1: (gpio-32-63): created GPIO range 18->21 ==> 44e10800.pinmux PIN 77->80
[    0.655521] gpio gpiochip1: (gpio-32-63): created GPIO range 22->31 ==> 44e10800.pinmux PIN 56->65
[    0.673511] gpio gpiochip1: (gpio-32-63): added GPIO chardev (254:1)
[    0.673667] gpio gpiochip1: registered GPIOs 544 to 575 on gpio-32-63
[    0.675883] gpiochip_find_base_unlocked: found new base at 576
[    0.675971] gpio gpiochip2: (gpio-64-95): created GPIO range 0->4 ==> 44e10800.pinmux PIN 66->70
[    0.675991] gpio gpiochip2: (gpio-64-95): created GPIO range 5->6 ==> 44e10800.pinmux PIN 98->99
[    0.676007] gpio gpiochip2: (gpio-64-95): created GPIO range 7->8 ==> 44e10800.pinmux PIN 75->76
[    0.676023] gpio gpiochip2: (gpio-64-95): created GPIO range 13->13 ==> 44e10800.pinmux PIN 141->141
[    0.676039] gpio gpiochip2: (gpio-64-95): created GPIO range 14->21 ==> 44e10800.pinmux PIN 100->107
[    0.676691] gpio gpiochip2: (gpio-64-95): added GPIO chardev (254:2)
[    0.676830] gpio gpiochip2: registered GPIOs 576 to 607 on gpio-64-95
[    0.682556] 48000000.interconnect:segment@200000:target-module@0:mpu@0:fck: device ID is greater than 24
[    0.683437] /ocp/interconnect@48000000/segment@300000/target-module@e000/lcdc@0: Fixed dependency cycle(s) with /ocp/interconnect@44c00000/segment@200000/target-module@b000/i2c@0/tda19988@70
[    0.686201] /ocp/interconnect@48000000/segment@300000/target-module@e000/lcdc@0: Fixed dependency cycle(s) with /ocp/interconnect@44c00000/segment@200000/target-module@b000/i2c@0/tda19988@70
[    0.686896] /ocp/interconnect@44c00000/segment@200000/target-module@b000/i2c@0/tda19988@70: Fixed dependency cycle(s) with /ocp/interconnect@48000000/segment@300000/target-module@e000/lcdc@0
[    0.687068] /ocp/interconnect@48000000/segment@300000/target-module@e000/lcdc@0: Fixed dependency cycle(s) with /ocp/interconnect@44c00000/segment@200000/target-module@b000/i2c@0/tda19988@70
[    0.696644] mdio_bus 4a101000.mdio: using DT '/ocp/interconnect@4a000000/segment@0/target-module@100000/switch@0/mdio@1000' for 'reset' GPIO lookup
[    0.696717] of_get_named_gpiod_flags: can't parse 'reset-gpios' property of node '/ocp/interconnect@4a000000/segment@0/target-module@100000/switch@0/mdio@1000[0]'
[    0.696764] of_get_named_gpiod_flags: can't parse 'reset-gpio' property of node '/ocp/interconnect@4a000000/segment@0/target-module@100000/switch@0/mdio@1000[0]'
[    0.696809] mdio_bus 4a101000.mdio: using lookup tables for GPIO lookup
[    0.696818] mdio_bus 4a101000.mdio: No GPIO consumer reset found
[    0.697703] sdhci-omap 481d8000.mmc: using DT '/ocp/interconnect@48000000/segment@100000/target-module@d8000/mmc@0' for 'wp' GPIO lookup
[    0.697763] of_get_named_gpiod_flags: can't parse 'wp-gpios' property of node '/ocp/interconnect@48000000/segment@100000/target-module@d8000/mmc@0[0]'
[    0.697806] of_get_named_gpiod_flags: can't parse 'wp-gpio' property of node '/ocp/interconnect@48000000/segment@100000/target-module@d8000/mmc@0[0]'
[    0.697840] sdhci-omap 481d8000.mmc: using lookup tables for GPIO lookup
[    0.697849] sdhci-omap 481d8000.mmc: No GPIO consumer wp found
[    0.698043] sdhci-omap 481d8000.mmc: supply pbias not found, using dummy regulator
[    0.698544] sdhci-omap 481d8000.mmc: supply vqmmc not found, using dummy regulator
[    0.746525] davinci_mdio 4a101000.mdio: davinci mdio revision 1.6, bus freq 1000000
[    0.774884] mdio_bus 4a101000.mdio:00: using DT '/ocp/interconnect@4a000000/segment@0/target-module@100000/switch@0/mdio@1000/ethernet-phy@0' for 'reset' GPIO lookup
[    0.774990] of_get_named_gpiod_flags: parsed 'reset-gpios' property of node '/ocp/interconnect@4a000000/segment@0/target-module@100000/switch@0/mdio@1000/ethernet-phy@0[0]' - status (0)
[    0.775152] gpio gpiochip0: Persistence not supported for GPIO 8
[    0.903872] davinci_mdio 4a101000.mdio: phy[0]: device 4a101000.mdio:00, driver SMSC LAN8710/LAN8720
[    0.904668] cpsw-switch 4a100000.switch: initialized cpsw ale version 1.4
[    0.904689] cpsw-switch 4a100000.switch: ALE Table size 1024, Policers 0
[    0.904840] cpsw-switch 4a100000.switch: cpts: overflow check period 500 (jiffies)
[    0.904856] cpsw-switch 4a100000.switch: CPTS: ref_clk_freq:250000000 calc_mult:2147483648 calc_shift:29 error:0 nsec/sec
[    0.904958] cpsw-switch 4a100000.switch: Detected MACID = 6c:ec:eb:68:de:78
[    0.906743] cpsw-switch 4a100000.switch: initialized (regs 0x4a100000, pool size 256) hw_ver:0019010C 1.12 (0)
[    0.917841] debugfs: Directory '49000000.dma' with parent 'dmaengine' already present!
[    0.917884] edma 49000000.dma: TI EDMA DMA engine driver
[    0.960956] target-module@4b000000:target-module@140000:pmu@0:fck: device ID is greater than 24
[    0.975705] hw perfevents: enabled with armv7_cortex_a8 PMU driver, 5 (8000000f) counters available
[    0.976646] gpio-clk clk_mcasp0: using DT '/clk_mcasp0' for 'enable' GPIO lookup
[    0.976716] of_get_named_gpiod_flags: parsed 'enable-gpios' property of node '/clk_mcasp0[0]' - status (0)
[    0.976759] gpio gpiochip0: Persistence not supported for GPIO 27
[    0.977579] gpiochip_find_base_unlocked: found new base at 608
[    0.977687] gpio gpiochip3: (gpio-96-127): created GPIO range 0->7 ==> 44e10800.pinmux PIN 82->89
[    0.977709] gpio gpiochip3: (gpio-96-127): created GPIO range 8->11 ==> 44e10800.pinmux PIN 52->55
[    0.977725] gpio gpiochip3: (gpio-96-127): created GPIO range 12->15 ==> 44e10800.pinmux PIN 94->97
[    0.977742] gpio gpiochip3: (gpio-96-127): created GPIO range 16->17 ==> 44e10800.pinmux PIN 71->72
[    0.977758] gpio gpiochip3: (gpio-96-127): created GPIO range 18->18 ==> 44e10800.pinmux PIN 135->135
[    0.977774] gpio gpiochip3: (gpio-96-127): created GPIO range 19->20 ==> 44e10800.pinmux PIN 108->109
[    0.977791] gpio gpiochip3: (gpio-96-127): created GPIO range 21->21 ==> 44e10800.pinmux PIN 73->73
[    0.977809] gpio gpiochip3: (gpio-96-127): created GPIO range 22->23 ==> 44e10800.pinmux PIN 8->9
[    0.977842] gpio gpiochip3: (gpio-96-127): created GPIO range 26->27 ==> 44e10800.pinmux PIN 10->11
[    0.977861] gpio gpiochip3: (gpio-96-127): created GPIO range 28->28 ==> 44e10800.pinmux PIN 74->74
[    0.977880] gpio gpiochip3: (gpio-96-127): created GPIO range 29->29 ==> 44e10800.pinmux PIN 81->81
[    0.977898] gpio gpiochip3: (gpio-96-127): created GPIO range 30->31 ==> 44e10800.pinmux PIN 28->29
[    0.983451] l3-aon-clkctrl:0000:0: failed to disable
[    0.983918] gpio gpiochip3: (gpio-96-127): added GPIO chardev (254:3)
[    0.984062] gpio gpiochip3: registered GPIOs 608 to 639 on gpio-96-127
[    0.985815] omap8250 44e09000.serial: using DT '/ocp/interconnect@44c00000/segment@200000/target-module@9000/serial@0' for 'rs485-term' GPIO lookup
[    0.985887] of_get_named_gpiod_flags: can't parse 'rs485-term-gpios' property of node '/ocp/interconnect@44c00000/segment@200000/target-module@9000/serial@0[0]'
[    0.985929] of_get_named_gpiod_flags: can't parse 'rs485-term-gpio' property of node '/ocp/interconnect@44c00000/segment@200000/target-module@9000/serial@0[0]'
[    0.985965] omap8250 44e09000.serial: using lookup tables for GPIO lookup
[    0.985975] omap8250 44e09000.serial: No GPIO consumer rs485-term found
[    0.985985] omap8250 44e09000.serial: using DT '/ocp/interconnect@44c00000/segment@200000/target-module@9000/serial@0' for 'rs485-rx-during-tx' GPIO lookup
[    0.986020] of_get_named_gpiod_flags: can't parse 'rs485-rx-during-tx-gpios' property of node '/ocp/interconnect@44c00000/segment@200000/target-module@9000/serial@0[0]'
[    0.986057] of_get_named_gpiod_flags: can't parse 'rs485-rx-during-tx-gpio' property of node '/ocp/interconnect@44c00000/segment@200000/target-module@9000/serial@0[0]'
[    0.986089] omap8250 44e09000.serial: using lookup tables for GPIO lookup
[    0.986096] omap8250 44e09000.serial: No GPIO consumer rs485-rx-during-tx found
[    0.986474] 44e09000.serial: ttyS0 at MMIO 0x44e09000 (irq = 34, base_baud = 3000000) is a 8250
[    0.986561] printk: legacy console [ttyS0] enabled
[    2.424897] i2c i2c-0: using DT '/ocp/interconnect@44c00000/segment@200000/target-module@b000/i2c@0' for 'scl' GPIO lookup
[    2.424996] of_get_named_gpiod_flags: can't parse 'scl-gpios' property of node '/ocp/interconnect@44c00000/segment@200000/target-module@b000/i2c@0[0]'
[    2.425044] of_get_named_gpiod_flags: can't parse 'scl-gpio' property of node '/ocp/interconnect@44c00000/segment@200000/target-module@b000/i2c@0[0]'
[    2.425084] i2c i2c-0: using lookup tables for GPIO lookup
[    2.425098] i2c i2c-0: No GPIO consumer scl found
[    2.425123] i2c i2c-0: using DT '/ocp/interconnect@44c00000/segment@200000/target-module@b000/i2c@0' for 'sda' GPIO lookup
[    2.425163] of_get_named_gpiod_flags: can't parse 'sda-gpios' property of node '/ocp/interconnect@44c00000/segment@200000/target-module@b000/i2c@0[0]'
[    2.425204] of_get_named_gpiod_flags: can't parse 'sda-gpio' property of node '/ocp/interconnect@44c00000/segment@200000/target-module@b000/i2c@0[0]'
[    2.425239] i2c i2c-0: using lookup tables for GPIO lookup
[    2.425250] i2c i2c-0: No GPIO consumer sda found
[    2.442200] tps65217-pmic: Failed to locate of_node [id: -1]
[    2.448251] tps65217-bl: Failed to locate of_node [id: -1]
[    2.459632] tps65217 0-0024: TPS65217 ID 0xe version 1.2
[    2.465786] /ocp/interconnect@48000000/segment@300000/target-module@e000/lcdc@0: Fixed dependency cycle(s) with /ocp/interconnect@44c00000/segment@200000/target-module@b000/i2c@0/tda19988@70
[    2.483167] /ocp/interconnect@44c00000/segment@200000/target-module@b000/i2c@0/tda19988@70: Fixed dependency cycle(s) with /ocp/interconnect@48000000/segment@300000/target-module@e000/lcdc@0
[    2.500559] omap_i2c 44e0b000.i2c: bus 0 rev0.11 at 400 kHz
[    2.508340] sdhci-omap 48060000.mmc: using DT '/ocp/interconnect@48000000/segment@0/target-module@60000/mmc@0' for 'cd' GPIO lookup
[    2.508450] of_get_named_gpiod_flags: parsed 'cd-gpios' property of node '/ocp/interconnect@48000000/segment@0/target-module@60000/mmc@0[0]' - status (0)
[    2.508516] gpio gpiochip3: Persistence not supported for GPIO 6
[    2.508544] omap_gpio 44e07000.gpio: Could not set line 6 debounce to 200000 microseconds (-22)
[    2.517423] sdhci-omap 48060000.mmc: Got CD GPIO
[    2.522105] sdhci-omap 48060000.mmc: using DT '/ocp/interconnect@48000000/segment@0/target-module@60000/mmc@0' for 'wp' GPIO lookup
[    2.522155] of_get_named_gpiod_flags: can't parse 'wp-gpios' property of node '/ocp/interconnect@48000000/segment@0/target-module@60000/mmc@0[0]'
[    2.522199] of_get_named_gpiod_flags: can't parse 'wp-gpio' property of node '/ocp/interconnect@48000000/segment@0/target-module@60000/mmc@0[0]'
[    2.522236] sdhci-omap 48060000.mmc: using lookup tables for GPIO lookup
[    2.522250] sdhci-omap 48060000.mmc: No GPIO consumer wp found
[    2.522458] sdhci-omap 48060000.mmc: supply pbias not found, using dummy regulator
[    2.531147] sdhci-omap 481d8000.mmc: using DT '/ocp/interconnect@48000000/segment@100000/target-module@d8000/mmc@0' for 'wp' GPIO lookup
[    2.531326] of_get_named_gpiod_flags: can't parse 'wp-gpios' property of node '/ocp/interconnect@48000000/segment@100000/target-module@d8000/mmc@0[0]'
[    2.531379] of_get_named_gpiod_flags: can't parse 'wp-gpio' property of node '/ocp/interconnect@48000000/segment@100000/target-module@d8000/mmc@0[0]'
[    2.531419] sdhci-omap 481d8000.mmc: using lookup tables for GPIO lookup
[    2.531432] sdhci-omap 481d8000.mmc: No GPIO consumer wp found
[    2.532713] sdhci-omap 48060000.mmc: supply vqmmc not found, using dummy regulator
[    2.541735] sdhci-omap 481d8000.mmc: supply pbias not found, using dummy regulator
[    2.549748] sdhci-omap 481d8000.mmc: supply vqmmc not found, using dummy regulator
[    2.588318] mmc1: SDHCI controller on 481d8000.mmc [481d8000.mmc] using External DMA
[    2.597515] mmc0: SDHCI controller on 48060000.mmc [48060000.mmc] using External DMA
[    2.606339] cpsw-switch 4a100000.switch: starting ndev. mode: dual_mac
[    2.656809] mmc0: new high speed SDHC card at address 5048
[    2.663888] mmcblk0: mmc0:5048 SD16G 14.4 GiB
[    2.671905]  mmcblk0: p1 p2
[    2.675378] mmcblk0: p2 size 31221760 extends beyond EOD, truncated
[    2.683805] SMSC LAN8710/LAN8720 4a101000.mdio:00: attached PHY driver (mii_bus:phy_addr=4a101000.mdio:00, irq=POLL)
[    2.701688] mmc1: new high speed MMC card at address 0001
[    2.708609] mmcblk1: mmc1:0001 MMC04G 3.60 GiB
[    2.716112]  mmcblk1: p1 p2
[    2.720445] mmcblk1boot0: mmc1:0001 MMC04G 2.00 MiB
[    2.727538] mmcblk1boot1: mmc1:0001 MMC04G 2.00 MiB
[    2.734768] mmcblk1rpmb: mmc1:0001 MMC04G 128 KiB, chardev (250:0)
[    5.842002] cpsw-switch 4a100000.switch eth0: Link is Up - 100Mbps/Full - flow control off
[    5.871249] IP-Config: Complete:
[    5.874525]      device=eth0, hwaddr=6c:ec:eb:68:de:78, ipaddr=192.168.255.1, mask=255.255.255.0, gw=255.255.255.255
[    5.885167]      host=bbb1, domain=, nis-domain=(none)
[    5.890336]      bootserver=192.168.255.126, rootserver=192.168.255.126, rootpath=
[    5.890745] clk: Disabling unused clocks
[    5.902609] PM: genpd: Disabling unused power domains
[    5.907725] KTAP version 1
[    5.910446] 1..0
[    5.960406] VFS: Mounted root (nfs filesystem) on device 0:17.
[    5.967609] devtmpfs: mounted
[    5.972189] Freeing unused kernel image (initmem) memory: 1024K
[    5.978846] Run /sbin/init as init process
[    5.983064]   with arguments:
[    5.983080]     /sbin/init
[    5.983090]     nfsrootdebug
[    5.983099]   with environment:
[    5.983108]     HOME=/
[    5.983117]     TERM=linux
[    6.710949] systemd[1]: System time before build time, advancing clock.
[    8.161250] random: crng init done
[    8.203426] systemd[1]: systemd 232 running in system mode. (+PAM +AUDIT +SELINUX +IMA +APPARMOR +SMACK +SYSVINIT +UTMP +LIBCRYPTSETUP +GCRYPT +GNUTLS +ACL +XZ +LZ4 +SECCOMP +BLKID +ELFUTILS +KMOD +IDN)
[    8.222509] systemd[1]: Detected architecture arm.
[    8.254709] systemd[1]: Set hostname to <arm>.
[    9.370712] systemd[1]: Reached target Remote File Systems.
[    9.392139] systemd[1]: Started Forward Password Requests to Wall Directory Watch.
[    9.422854] systemd[1]: Created slice User and Session Slice.
[    9.451667] systemd[1]: Reached target Swap.
[    9.473292] systemd[1]: Listening on udev Control Socket.
[    9.503141] systemd[1]: Listening on /dev/initctl Compatibility Named Pipe.
[    9.533190] systemd[1]: Listening on Journal Socket (/dev/log).
[   11.950012] systemd-journald[93]: Received request to flush runtime journal from PID 1
[   14.377900] leds-gpio leds: using DT '/leds/led2' for '(default)' GPIO lookup
[   14.378005] of_get_named_gpiod_flags: parsed 'gpios' property of node '/leds/led2[0]' - status (0)
[   14.378064] gpio gpiochip0: Persistence not supported for GPIO 21
[   14.378079] gpio-533 (?): no flags found for GPIO (default)
[   14.507787] leds-gpio leds: using DT '/leds/led3' for '(default)' GPIO lookup
[   14.508027] of_get_named_gpiod_flags: parsed 'gpios' property of node '/leds/led3[0]' - status (0)
[   14.508092] gpio gpiochip0: Persistence not supported for GPIO 22
[   14.508108] gpio-534 (?): no flags found for GPIO (default)
[   14.530316] leds-gpio leds: using DT '/leds/led4' for '(default)' GPIO lookup
[   14.530423] of_get_named_gpiod_flags: parsed 'gpios' property of node '/leds/led4[0]' - status (0)
[   14.530477] gpio gpiochip0: Persistence not supported for GPIO 23
[   14.530492] gpio-535 (?): no flags found for GPIO (default)
[   14.559392] leds-gpio leds: using DT '/leds/led5' for '(default)' GPIO lookup
[   14.559496] of_get_named_gpiod_flags: parsed 'gpios' property of node '/leds/led5[0]' - status (0)
[   14.559551] gpio gpiochip0: Persistence not supported for GPIO 24
[   14.559567] gpio-536 (?): no flags found for GPIO (default)
[   14.808608] remoteproc remoteproc0: wkup_m3 is available
[   15.029359] omap_rtc 44e3e000.rtc: registered as rtc0
[   15.034696] omap_rtc 44e3e000.rtc: setting system clock to 2000-01-01T00:00:00 UTC (946684800)
[   15.043474] omap_rtc 44e3e000.rtc: using DT '/ocp/interconnect@44c00000/segment@200000/target-module@3e000/rtc@0' for 'wp' GPIO lookup
[   15.043549] of_get_named_gpiod_flags: can't parse 'wp-gpios' property of node '/ocp/interconnect@44c00000/segment@200000/target-module@3e000/rtc@0[0]'
[   15.043599] of_get_named_gpiod_flags: can't parse 'wp-gpio' property of node '/ocp/interconnect@44c00000/segment@200000/target-module@3e000/rtc@0[0]'
[   15.043640] omap_rtc 44e3e000.rtc: using lookup tables for GPIO lookup
[   15.043654] omap_rtc 44e3e000.rtc: No GPIO consumer wp found
[   15.083849] at24 2-0054: supply vcc not found, using dummy regulator
[   15.157062] omap_wdt: OMAP Watchdog Timer Rev 0x01: initial timeout 60 sec
[   15.207256] at24 2-0055: supply vcc not found, using dummy regulator
[   15.334904] at24 2-0056: supply vcc not found, using dummy regulator
[   15.355092] am335x-phy-driver 47401300.usb-phy: using DT '/ocp/target-module@47400000/usb-phy@1300' for 'reset' GPIO lookup
[   15.355187] of_get_named_gpiod_flags: can't parse 'reset-gpios' property of node '/ocp/target-module@47400000/usb-phy@1300[0]'
[   15.355231] of_get_named_gpiod_flags: can't parse 'reset-gpio' property of node '/ocp/target-module@47400000/usb-phy@1300[0]'
[   15.355268] am335x-phy-driver 47401300.usb-phy: using lookup tables for GPIO lookup
[   15.355283] am335x-phy-driver 47401300.usb-phy: No GPIO consumer reset found
[   15.355299] am335x-phy-driver 47401300.usb-phy: using DT '/ocp/target-module@47400000/usb-phy@1300' for 'vbus-detect' GPIO lookup
[   15.355332] of_get_named_gpiod_flags: can't parse 'vbus-detect-gpios' property of node '/ocp/target-module@47400000/usb-phy@1300[0]'
[   15.355363] of_get_named_gpiod_flags: can't parse 'vbus-detect-gpio' property of node '/ocp/target-module@47400000/usb-phy@1300[0]'
[   15.355390] am335x-phy-driver 47401300.usb-phy: using lookup tables for GPIO lookup
[   15.355402] am335x-phy-driver 47401300.usb-phy: No GPIO consumer vbus-detect found
[   15.355552] am335x-phy-driver 47401300.usb-phy: dummy supplies not allowed for exclusive requests (id=vbus)
[   15.436188] at24 2-0057: supply vcc not found, using dummy regulator
[   15.496508] tps6521x_pwrbutton tps65217-pwrbutton: DMA mask not set
[   15.520373] am335x-phy-driver 47401b00.usb-phy: using DT '/ocp/target-module@47400000/usb-phy@1b00' for 'reset' GPIO lookup
[   15.520467] of_get_named_gpiod_flags: can't parse 'reset-gpios' property of node '/ocp/target-module@47400000/usb-phy@1b00[0]'
[   15.520511] of_get_named_gpiod_flags: can't parse 'reset-gpio' property of node '/ocp/target-module@47400000/usb-phy@1b00[0]'
[   15.520547] am335x-phy-driver 47401b00.usb-phy: using lookup tables for GPIO lookup
[   15.520562] am335x-phy-driver 47401b00.usb-phy: No GPIO consumer reset found
[   15.520577] am335x-phy-driver 47401b00.usb-phy: using DT '/ocp/target-module@47400000/usb-phy@1b00' for 'vbus-detect' GPIO lookup
[   15.520609] of_get_named_gpiod_flags: can't parse 'vbus-detect-gpios' property of node '/ocp/target-module@47400000/usb-phy@1b00[0]'
[   15.520640] of_get_named_gpiod_flags: can't parse 'vbus-detect-gpio' property of node '/ocp/target-module@47400000/usb-phy@1b00[0]'
[   15.520667] am335x-phy-driver 47401b00.usb-phy: using lookup tables for GPIO lookup
[   15.520679] am335x-phy-driver 47401b00.usb-phy: No GPIO consumer vbus-detect found
[   15.520826] am335x-phy-driver 47401b00.usb-phy: dummy supplies not allowed for exclusive requests (id=vbus)
[   15.632261] input: tps65217_pwrbutton as /devices/platform/ocp/44c00000.interconnect/44c00000.interconnect:segment@200000/44e0b000.target-module/44e0b000.i2c/i2c-0/0-0024/tps65217-pwrbutton/input/input0
[   15.652281] at24 0-0050: using DT '/ocp/interconnect@44c00000/segment@200000/target-module@b000/i2c@0/eeprom@50' for 'wp' GPIO lookup
[   15.652382] of_get_named_gpiod_flags: can't parse 'wp-gpios' property of node '/ocp/interconnect@44c00000/segment@200000/target-module@b000/i2c@0/eeprom@50[0]'
[   15.652439] of_get_named_gpiod_flags: can't parse 'wp-gpio' property of node '/ocp/interconnect@44c00000/segment@200000/target-module@b000/i2c@0/eeprom@50[0]'
[   15.652484] at24 0-0050: using lookup tables for GPIO lookup
[   15.652498] at24 0-0050: No GPIO consumer wp found
[   15.652779] at24 0-0050: 32768 byte 24c256 EEPROM, writable, 1 bytes/write
[   15.787156] wkup_m3_ipc 44e11324.wkup_m3_ipc: IPC Request for A8->M3 Channel failed! -517
[   16.014959] wkup_m3_ipc 44e11324.wkup_m3_ipc: IPC Request for A8->M3 Channel failed! -517
[   16.517201] usbcore: registered new interface driver usbfs
[   16.524491] usbcore: registered new interface driver hub
[   16.529948] usbcore: registered new device driver usb
[   17.356716] wkup_m3_ipc 44e11324.wkup_m3_ipc: IPC Request for A8->M3 Channel failed! -517
[   17.494527] omap-mailbox 480c8000.mailbox: omap mailbox rev 0x400
[   17.524097] musb-hdrc musb-hdrc.1: MUSB HDRC host driver
[   17.529515] musb-hdrc musb-hdrc.1: new USB bus registered, assigned bus number 1
[   17.653544] remoteproc remoteproc0: powering up wkup_m3
[   17.753726] remoteproc remoteproc0: Direct firmware load for am335x-pm-firmware.elf failed with error -2
[   17.763582] remoteproc remoteproc0: request_firmware failed: -2
[   17.769550] wkup_m3_ipc 44e11324.wkup_m3_ipc: rproc_boot failed
[   17.818133] tda998x 0-0070: found TDA19988
[   17.888172] usb usb1: New USB device found, idVendor=1d6b, idProduct=0002, bcdDevice= 6.14
[   17.896711] usb usb1: New USB device strings: Mfr=3, Product=2, SerialNumber=1
[   17.904045] usb usb1: Product: MUSB HDRC host driver
[   17.909040] usb usb1: Manufacturer: Linux 6.14.0-rc4-next-20250228 musb-hcd
[   17.916067] usb usb1: SerialNumber: musb-hdrc.1
[   18.431009] hub 1-0:1.0: USB hub found
[   18.529139] hub 1-0:1.0: 1 port detected
[   20.067502] omap_rng 48310000.rng: Random Number Generator ver. 20
[   20.292726] tilcdc 4830e000.lcdc: bound 0-0070 (ops tda998x_audio_codec_init [tda998x])
[   20.412647] [drm] Initialized tilcdc 1.0.0 for 4830e000.lcdc on minor 0
[   20.502181] tilcdc 4830e000.lcdc: [drm] Cannot find any crtc or sizes
[   20.513494] tilcdc 4830e000.lcdc: [drm] Cannot find any crtc or sizes
[   21.210877] PM: Cannot get wkup_m3_ipc handle
[   21.248362] omap-sham 53100000.sham: hw accel on OMAP rev 4.3
[   21.360285] omap-aes 53500000.aes: OMAP AES hw accel rev: 3.2
[   21.378904] omap-sham 53100000.sham: will run requests pump with realtime priority
[   21.389077] PM: Cannot get wkup_m3_ipc handle
[   21.481867] omap-aes 53500000.aes: will run requests pump with realtime priority
[   21.493641] PM: Cannot get wkup_m3_ipc handle
[   23.863786] Bluetooth: Core ver 2.22
[   23.867724] NET: Registered PF_BLUETOOTH protocol family
[   23.873393] Bluetooth: HCI device and connection manager initialized
[   23.879811] Bluetooth: HCI socket layer initialized
[   23.884839] Bluetooth: L2CAP socket layer initialized
[   23.889965] Bluetooth: SCO socket layer initialized
[   25.436692] PM: Cannot get wkup_m3_ipc handle
[   25.442718] asoc-simple-card sound: using DT '/sound' for 'simple-audio-card,hp-det' GPIO lookup
[   25.442793] of_get_named_gpiod_flags: can't parse 'simple-audio-card,hp-det-gpios' property of node '/sound[0]'
[   25.442827] of_get_named_gpiod_flags: can't parse 'simple-audio-card,hp-det-gpio' property of node '/sound[0]'
[   25.442852] asoc-simple-card sound: using lookup tables for GPIO lookup
[   25.442866] asoc-simple-card sound: No GPIO consumer simple-audio-card,hp-det found
[   25.442881] asoc-simple-card sound: using DT '/sound' for 'simple-audio-card,mic-det' GPIO lookup
[   25.442905] of_get_named_gpiod_flags: can't parse 'simple-audio-card,mic-det-gpios' property of node '/sound[0]'
[   25.442930] of_get_named_gpiod_flags: can't parse 'simple-audio-card,mic-det-gpio' property of node '/sound[0]'
[   25.442950] asoc-simple-card sound: using lookup tables for GPIO lookup
[   25.442962] asoc-simple-card sound: No GPIO consumer simple-audio-card,mic-det found
[   25.477134] tda998x 0-0070: using DT '/ocp/interconnect@44c00000/segment@200000/target-module@b000/i2c@0/tda19988@70' for 'nxp,calib' GPIO lookup
[   25.477279] of_get_named_gpiod_flags: parsed 'nxp,calib-gpios' property of node '/ocp/interconnect@44c00000/segment@200000/target-module@b000/i2c@0/tda19988@70[0]' - status (0)
[   25.477364] gpio gpiochip0: Persistence not supported for GPIO 25
[   25.477381] gpio-537 (nxp,calib): no flags found for GPIO nxp,calib
[   25.494569] gpio-537 (nxp,calib): gpiod_direction_output_nonotify: tried to set a GPIO tied to an IRQ as output
[   25.547188] PM: Cannot get wkup_m3_ipc handle
[   25.733540] tda9950 0-0034: TDA9950 CEC interface, hardware version 3.3
[   25.796419] PM: Cannot get wkup_m3_ipc handle
[   28.145453] userial_init: registered 8 ttyGS* devices
[   28.382327] rndis_register: configNr = 0
[   28.462829] udc musb-hdrc.0: binding gadget driver [g_multi]
[   28.462925] configfs-gadget.g_multi gadget.0: adding 'rndis'/d43686a3 to config 'c'/0f41b827
[   28.464077] configfs-gadget.g_multi gadget.0: HOST MAC 1c:ba:8c:a2:ed:6c
[   28.470888] configfs-gadget.g_multi gadget.0: MAC 1c:ba:8c:a2:ed:70
[   28.477458] rndis_set_param_medium: 0 0
[   28.477486] configfs-gadget.g_multi gadget.0: RNDIS: IN/ep1in OUT/ep1out NOTIFY/ep2in
[   28.477504] configfs-gadget.g_multi gadget.0: adding 'cdc_ethernet'/8c7ab16d to config 'c'/0f41b827
[   28.478459] configfs-gadget.g_multi gadget.0: HOST MAC 1c:ba:8c:a2:ed:6c
[   28.485316] configfs-gadget.g_multi gadget.0: MAC 1c:ba:8c:a2:ed:6d
[   28.491686] configfs-gadget.g_multi gadget.0: CDC Ethernet: IN/ep3in OUT/ep2out NOTIFY/ep4in
[   28.491707] configfs-gadget.g_multi gadget.0: adding 'acm'/3173b25d to config 'c'/0f41b827
[   28.491744] configfs-gadget.g_multi gadget.0: acm ttyGS0: IN/ep5in OUT/ep3out NOTIFY/ep6in
[   28.492491] PM: Cannot get wkup_m3_ipc handle
[   29.609553] configfs-gadget.g_multi gadget.0: eth_open
[   30.585611] configfs-gadget.g_multi gadget.0: stop stats: rx/tx 0/0, errs 0/0
[   35.053118] gs_open: ttyGS0 (0cdc8189,cfd1fccb)
[   35.053279] gs_close: ttyGS0 (0cdc8189,cfd1fccb) ...
[   35.053302] gs_close: ttyGS0 (0cdc8189,cfd1fccb) done!
[   35.056946] gs_open: ttyGS0 (83e8f41e,09f4433c)
[   35.057097] gs_close: ttyGS0 (83e8f41e,09f4433c) ...
[   35.057120] gs_close: ttyGS0 (83e8f41e,09f4433c) done!
[   35.183366] gs_open: ttyGS0 (155254ec,01125431)
[   35.183605] gs_close: ttyGS0 (155254ec,01125431) ...
[   35.183632] gs_close: ttyGS0 (155254ec,01125431) done!
[   35.186226] gs_open: ttyGS0 (155254ec,01125431)
MABXKTSLYZ 0
root@arm:~# echo 'NTMY''CBTCYJ'
NTMYCBTCYJ
root@arm:~# MARKER='OXTV''VSLVJH' run 'modprobe test_linear_ranges'
OXTVVSLVJHOXTVVSLVJH 0
root@arm:~# echo 'SJQB''ANEXME'
SJQBANEXME
root@arm:~# MARKER='LZBE''QZKEQK' run dmesg
LZBEQZKEQK[    0.000000] Booting Linux on physical CPU 0x0
[    0.000000] Linux version 6.14.0-rc4-next-20250228 (user01@drvtest01) (arm-none-eabi-gcc (Arm GNU Toolchain 14.2.Rel1 (Build arm-14.52)) 14.2.1 20241119, GNU ld (Arm GNU Toolchain 14.2.Rel1 (Build arm-14.52)) 2.43.1.20241119) #1 SMP Fri Feb 28 10:37:27 EET 2025
[    0.000000] CPU: ARMv7 Processor [413fc082] revision 2 (ARMv7), cr=10c5387d
[    0.000000] CPU: PIPT / VIPT nonaliasing data cache, VIPT aliasing instruction cache
[    0.000000] OF: fdt: Machine model: TI AM335x BeagleBone Black
[    0.000000] Memory policy: Data cache writeback
[    0.000000] cma: Reserved 16 MiB at 0x00000000
[    0.000000] Zone ranges:
[    0.000000]   Normal   [mem 0x0000000080000000-0x000000009fdfffff]
[    0.000000]   HighMem  empty
[    0.000000] Movable zone start for each node
[    0.000000] Early memory node ranges
[    0.000000]   node   0: [mem 0x0000000080000000-0x000000009fdfffff]
[    0.000000] Initmem setup node 0 [mem 0x0000000080000000-0x000000009fdfffff]
[    0.000000] OF: reserved mem: Reserved memory: No reserved-memory node in the DT
[    0.000000] CPU: All CPU(s) started in SVC mode.
[    0.000000] AM335X ES2.1 (sgx neon)
[    0.000000] percpu: Embedded 17 pages/cpu s39692 r8192 d21748 u69632
[    0.000000] pcpu-alloc: s39692 r8192 d21748 u69632 alloc=17*4096
[    0.000000] pcpu-alloc: [0] 0 
[    0.000000] Kernel command line: console=ttyO0,115200n8 root=/dev/nfs rw nfsroot=192.168.255.126:/home/user01/nfs,nfsvers=3 ip=192.168.255.1:192.168.255.126::255.255.255.0:bbb1:eth0 nfsrootdebug
[    0.000000] Unknown kernel command line parameters "nfsrootdebug", will be passed to user space.
[    0.000000] printk: log buffer data + meta data: 65536 + 204800 = 270336 bytes
[    0.000000] Dentry cache hash table entries: 65536 (order: 6, 262144 bytes, linear)
[    0.000000] Inode-cache hash table entries: 32768 (order: 5, 131072 bytes, linear)
[    0.000000] Built 1 zonelists, mobility grouping on.  Total pages: 130560
[    0.000000] mem auto-init: stack:off, heap alloc:off, heap free:off
[    0.000000] SLUB: HWalign=16, Order=0-3, MinObjects=0, CPUs=1, Nodes=1
[    0.000000] rcu: Hierarchical RCU implementation.
[    0.000000] rcu: 	RCU event tracing is enabled.
[    0.000000] rcu: 	RCU restricting CPUs from NR_CPUS=2 to nr_cpu_ids=1.
[    0.000000] 	Tracing variant of Tasks RCU enabled.
[    0.000000] rcu: RCU calculated value of scheduler-enlistment delay is 10 jiffies.
[    0.000000] rcu: Adjusting geometry for rcu_fanout_leaf=16, nr_cpu_ids=1
[    0.000000] RCU Tasks Trace: Setting shift to 0 and lim to 1 rcu_task_cb_adjust=1 rcu_task_cpu_ids=1.
[    0.000000] NR_IRQS: 16, nr_irqs: 16, preallocated irqs: 16
[    0.000000] IRQ: Found an INTC at 0x(ptrval) (revision 5.0) with 128 interrupts
[    0.000000] rcu: srcu_init: Setting srcu_struct sizes based on contention.
[    0.000000] TI gptimer clocksource: always-on /ocp/interconnect@44c00000/segment@200000/target-module@31000
[    0.000003] sched_clock: 32 bits at 24MHz, resolution 41ns, wraps every 89478484971ns
[    0.000027] clocksource: dmtimer: mask: 0xffffffff max_cycles: 0xffffffff, max_idle_ns: 79635851949 ns
[    0.000505] TI gptimer clockevent: 24000000 Hz at /ocp/interconnect@48000000/segment@0/target-module@40000
[    0.002139] Console: colour dummy device 80x30
[    0.002202] WARNING: Your 'console=ttyO0' has been replaced by 'ttyS0'
[    0.002209] This ensures that you still see kernel messages. Please
[    0.002214] update your kernel commandline.
[    0.002255] Calibrating delay loop... 996.14 BogoMIPS (lpj=4980736)
[    0.090554] CPU: Testing write buffer coherency: ok
[    0.090675] CPU0: Spectre v2: using BPIALL workaround
[    0.090686] pid_max: default: 32768 minimum: 301
[    0.090840] LSM: initializing lsm=capability
[    0.091017] Mount-cache hash table entries: 1024 (order: 0, 4096 bytes, linear)
[    0.091037] Mountpoint-cache hash table entries: 1024 (order: 0, 4096 bytes, linear)
[    0.092617] CPU0: thread -1, cpu 0, socket -1, mpidr 0
[    0.092678] cacheinfo: Unable to detect cache hierarchy for CPU 0
[    0.160754] Setting up static identity map for 0x80100000 - 0x80100078
[    0.170708] rcu: Hierarchical SRCU implementation.
[    0.170721] rcu: 	Max phase no-delay instances is 1000.
[    0.190754] smp: Bringing up secondary CPUs ...
[    0.190811] smp: Brought up 1 node, 1 CPU
[    0.190826] SMP: Total of 1 processors activated (996.14 BogoMIPS).
[    0.190836] CPU: All CPU(s) started in SVC mode.
[    0.191026] Memory: 480832K/522240K available (11264K kernel code, 1213K rwdata, 2896K rodata, 1024K init, 288K bss, 23380K reserved, 16384K cma-reserved, 0K highmem)
[    0.191857] devtmpfs: initialized
[    0.208883] VFP support v0.3: implementor 41 architecture 3 part 30 variant c rev 3
[    0.209515] clocksource: jiffies: mask: 0xffffffff max_cycles: 0xffffffff, max_idle_ns: 19112604462750000 ns
[    0.209560] futex hash table entries: 256 (order: 2, 16384 bytes, linear)
[    0.210888] pinctrl core: initialized pinctrl subsystem
[    0.213580] NET: Registered PF_NETLINK/PF_ROUTE protocol family
[    0.216395] DMA: preallocated 256 KiB pool for atomic coherent allocations
[    0.217315] audit: initializing netlink subsys (disabled)
[    0.218670] thermal_sys: Registered thermal governor 'fair_share'
[    0.218686] thermal_sys: Registered thermal governor 'step_wise'
[    0.218696] thermal_sys: Registered thermal governor 'user_space'
[    0.218833] audit: type=2000 audit(0.210:1): state=initialized audit_enabled=0 res=1
[    0.218867] cpuidle: using governor menu
[    0.236982] /ocp/interconnect@44c00000/segment@200000/target-module@b000/i2c@0/tda19988@70: Fixed dependency cycle(s) with /ocp/interconnect@48000000/segment@300000/target-module@e000/lcdc@0
[    0.238109] /ocp/interconnect@48000000/segment@300000/target-module@e000/lcdc@0: Fixed dependency cycle(s) with /ocp/interconnect@44c00000/segment@200000/target-module@b000/i2c@0/tda19988@70
[    0.240297] No ATAGs?
[    0.240341] hw-breakpoint: debug architecture 0x4 unsupported.
[    0.243216] kprobes: kprobe jump-optimization is enabled. All kprobes are optimized if possible.
[    0.253964] iommu: Default domain type: Translated
[    0.253985] iommu: DMA domain TLB invalidation policy: strict mode
[    0.255592] reg-fixed-voltage fixedregulator0: using DT '/fixedregulator0' for '(default)' GPIO lookup
[    0.255644] of_get_named_gpiod_flags: can't parse 'gpios' property of node '/fixedregulator0[0]'
[    0.255673] of_get_named_gpiod_flags: can't parse 'gpio' property of node '/fixedregulator0[0]'
[    0.255692] reg-fixed-voltage fixedregulator0: using lookup tables for GPIO lookup
[    0.255702] reg-fixed-voltage fixedregulator0: No GPIO consumer (default) found
[    0.261512] SCSI subsystem initialized
[    0.261980] libata version 3.00 loaded.
[    0.262338] pps_core: LinuxPPS API ver. 1 registered
[    0.262349] pps_core: Software ver. 5.3.6 - Copyright 2005-2007 Rodolfo Giometti <giometti@linux.it>
[    0.262372] PTP clock support registered
[    0.270868] vgaarb: loaded
[    0.271228] clocksource: Switched to clocksource dmtimer
[    0.271905] VFS: Disk quotas dquot_6.6.0
[    0.271966] VFS: Dquot-cache hash table entries: 1024 (order 0, 4096 bytes)
[    0.296843] NET: Registered PF_INET protocol family
[    0.297187] IP idents hash table entries: 8192 (order: 4, 65536 bytes, linear)
[    0.298615] tcp_listen_portaddr_hash hash table entries: 512 (order: 0, 4096 bytes, linear)
[    0.298651] Table-perturb hash table entries: 65536 (order: 6, 262144 bytes, linear)
[    0.298670] TCP established hash table entries: 4096 (order: 2, 16384 bytes, linear)
[    0.298713] TCP bind hash table entries: 4096 (order: 4, 65536 bytes, linear)
[    0.298812] TCP: Hash tables configured (established 4096 bind 4096)
[    0.298930] UDP hash table entries: 256 (order: 1, 14336 bytes, linear)
[    0.298965] UDP-Lite hash table entries: 256 (order: 1, 14336 bytes, linear)
[    0.299150] NET: Registered PF_UNIX/PF_LOCAL protocol family
[    0.300398] RPC: Registered named UNIX socket transport module.
[    0.300419] RPC: Registered udp transport module.
[    0.300424] RPC: Registered tcp transport module.
[    0.300428] RPC: Registered tcp-with-tls transport module.
[    0.300433] RPC: Registered tcp NFSv4.1 backchannel transport module.
[    0.300457] PCI: CLS 0 bytes, default 64
[    0.302036] Initialise system trusted keyrings
[    0.312316] workingset: timestamp_bits=14 max_order=17 bucket_order=3
[    0.313657] NFS: Registering the id_resolver key type
[    0.313724] Key type id_resolver registered
[    0.313731] Key type id_legacy registered
[    0.313841] jffs2: version 2.2. (NAND) (SUMMARY)  Â© 2001-2006 Red Hat, Inc.
[    0.314257] Key type asymmetric registered
[    0.314273] Asymmetric key parser 'x509' registered
[    0.314338] io scheduler mq-deadline registered
[    0.314349] io scheduler kyber registered
[    0.314422] io scheduler bfq registered
[    0.315990] ledtrig-cpu: registered to indicate activity on CPUs
[    0.322175] Serial: 8250/16550 driver, 6 ports, IRQ sharing enabled
[    0.366527] brd: module loaded
[    0.385814] loop: module loaded
[    0.386735] mtdoops: mtd device (mtddev=name/number) must be supplied
[    0.388454] mdio_bus fixed-0: using lookup tables for GPIO lookup
[    0.388474] mdio_bus fixed-0: No GPIO consumer reset found
[    0.389829] i2c_dev: i2c /dev entries driver
[    0.390796] cpuidle: enable-method property 'ti,am3352' found operations
[    0.391399] sdhci: Secure Digital Host Controller Interface driver
[    0.391411] sdhci: Copyright(c) Pierre Ossman
[    0.391603] sdhci-pltfm: SDHCI platform and OF driver helper
[    0.392626] Initializing XFRM netlink socket
[    0.392805] NET: Registered PF_INET6 protocol family
[    0.407721] Segment Routing with IPv6
[    0.407808] In-situ OAM (IOAM) with IPv6
[    0.407912] sit: IPv6, IPv4 and MPLS over IPv4 tunneling driver
[    0.408863] NET: Registered PF_PACKET protocol family
[    0.408897] NET: Registered PF_KEY protocol family
[    0.409011] Key type dns_resolver registered
[    0.409249] ThumbEE CPU extension supported.
[    0.409272] Registering SWP/SWPB emulation handler
[    0.409813] omap_voltage_late_init: Voltage driver support not added
[    0.410156] SmartReflex Class3 initialized
[    0.441332] Loading compiled-in X.509 certificates
[    0.483421] /ocp/interconnect@44c00000/segment@200000/target-module@b000/i2c@0/tda19988@70: Fixed dependency cycle(s) with /ocp/interconnect@48000000/segment@300000/target-module@e000/lcdc@0
[    0.489807] /ocp/interconnect@44c00000/segment@200000/target-module@b000/i2c@0/tda19988@70: Fixed dependency cycle(s) with /ocp/interconnect@48000000/segment@300000/target-module@e000/lcdc@0
[    0.495549] gpiochip_find_base_unlocked: found new base at 512
[    0.529179] /ocp/interconnect@44c00000/segment@200000/target-module@b000/i2c@0/tda19988@70: Fixed dependency cycle(s) with /ocp/interconnect@48000000/segment@300000/target-module@e000/lcdc@0
[    0.530080] /ocp/interconnect@44c00000/segment@200000/target-module@b000/i2c@0/tda19988@70: Fixed dependency cycle(s) with /ocp/interconnect@48000000/segment@300000/target-module@e000/lcdc@0
[    0.533786] /ocp/interconnect@44c00000/segment@200000/target-module@10000/scm@0/pinmux@800: Fixed dependency cycle(s) with /ocp/interconnect@44c00000/segment@200000/target-module@10000/scm@0/pinmux@800/clkout2-pins
[    0.534385] pinctrl-single 44e10800.pinmux: 142 pins, size 568
[    0.539573] ti-sysc 44e31000.target-module: probe with driver ti-sysc failed with error -16
[    0.555337] /ocp/interconnect@48000000/segment@300000/target-module@e000/lcdc@0: Fixed dependency cycle(s) with /ocp/interconnect@44c00000/segment@200000/target-module@b000/i2c@0/tda19988@70
[    0.563455] ti-sysc 48040000.target-module: probe with driver ti-sysc failed with error -16
[    0.574680] gpiochip_find_base_unlocked: found new base at 512
[    0.574778] gpio gpiochip0: (gpio-0-31): created GPIO range 0->7 ==> 44e10800.pinmux PIN 0->7
[    0.574798] gpio gpiochip0: (gpio-0-31): created GPIO range 8->11 ==> 44e10800.pinmux PIN 90->93
[    0.574814] gpio gpiochip0: (gpio-0-31): created GPIO range 12->27 ==> 44e10800.pinmux PIN 12->27
[    0.574830] gpio gpiochip0: (gpio-0-31): created GPIO range 28->31 ==> 44e10800.pinmux PIN 30->33
[    0.621044] gpio gpiochip0: (gpio-0-31): added GPIO chardev (254:0)
[    0.621307] gpio gpiochip0: registered GPIOs 512 to 543 on gpio-0-31
[    0.621396] OMAP GPIO hardware version 0.1
[    0.648515] i2c i2c-2: using DT '/ocp/interconnect@48000000/segment@100000/target-module@9c000/i2c@0' for 'scl' GPIO lookup
[    0.648589] of_get_named_gpiod_flags: can't parse 'scl-gpios' property of node '/ocp/interconnect@48000000/segment@100000/target-module@9c000/i2c@0[0]'
[    0.648631] of_get_named_gpiod_flags: can't parse 'scl-gpio' property of node '/ocp/interconnect@48000000/segment@100000/target-module@9c000/i2c@0[0]'
[    0.648667] i2c i2c-2: using lookup tables for GPIO lookup
[    0.648676] i2c i2c-2: No GPIO consumer scl found
[    0.648698] i2c i2c-2: using DT '/ocp/interconnect@48000000/segment@100000/target-module@9c000/i2c@0' for 'sda' GPIO lookup
[    0.648733] of_get_named_gpiod_flags: can't parse 'sda-gpios' property of node '/ocp/interconnect@48000000/segment@100000/target-module@9c000/i2c@0[0]'
[    0.648770] of_get_named_gpiod_flags: can't parse 'sda-gpio' property of node '/ocp/interconnect@48000000/segment@100000/target-module@9c000/i2c@0[0]'
[    0.648801] i2c i2c-2: using lookup tables for GPIO lookup
[    0.648808] i2c i2c-2: No GPIO consumer sda found
[    0.649558] omap_i2c 4819c000.i2c: bus 2 rev0.11 at 100 kHz
[    0.655388] gpiochip_find_base_unlocked: found new base at 544
[    0.655485] gpio gpiochip1: (gpio-32-63): created GPIO range 0->17 ==> 44e10800.pinmux PIN 34->51
[    0.655505] gpio gpiochip1: (gpio-32-63): created GPIO range 18->21 ==> 44e10800.pinmux PIN 77->80
[    0.655521] gpio gpiochip1: (gpio-32-63): created GPIO range 22->31 ==> 44e10800.pinmux PIN 56->65
[    0.673511] gpio gpiochip1: (gpio-32-63): added GPIO chardev (254:1)
[    0.673667] gpio gpiochip1: registered GPIOs 544 to 575 on gpio-32-63
[    0.675883] gpiochip_find_base_unlocked: found new base at 576
[    0.675971] gpio gpiochip2: (gpio-64-95): created GPIO range 0->4 ==> 44e10800.pinmux PIN 66->70
[    0.675991] gpio gpiochip2: (gpio-64-95): created GPIO range 5->6 ==> 44e10800.pinmux PIN 98->99
[    0.676007] gpio gpiochip2: (gpio-64-95): created GPIO range 7->8 ==> 44e10800.pinmux PIN 75->76
[    0.676023] gpio gpiochip2: (gpio-64-95): created GPIO range 13->13 ==> 44e10800.pinmux PIN 141->141
[    0.676039] gpio gpiochip2: (gpio-64-95): created GPIO range 14->21 ==> 44e10800.pinmux PIN 100->107
[    0.676691] gpio gpiochip2: (gpio-64-95): added GPIO chardev (254:2)
[    0.676830] gpio gpiochip2: registered GPIOs 576 to 607 on gpio-64-95
[    0.682556] 48000000.interconnect:segment@200000:target-module@0:mpu@0:fck: device ID is greater than 24
[    0.683437] /ocp/interconnect@48000000/segment@300000/target-module@e000/lcdc@0: Fixed dependency cycle(s) with /ocp/interconnect@44c00000/segment@200000/target-module@b000/i2c@0/tda19988@70
[    0.686201] /ocp/interconnect@48000000/segment@300000/target-module@e000/lcdc@0: Fixed dependency cycle(s) with /ocp/interconnect@44c00000/segment@200000/target-module@b000/i2c@0/tda19988@70
[    0.686896] /ocp/interconnect@44c00000/segment@200000/target-module@b000/i2c@0/tda19988@70: Fixed dependency cycle(s) with /ocp/interconnect@48000000/segment@300000/target-module@e000/lcdc@0
[    0.687068] /ocp/interconnect@48000000/segment@300000/target-module@e000/lcdc@0: Fixed dependency cycle(s) with /ocp/interconnect@44c00000/segment@200000/target-module@b000/i2c@0/tda19988@70
[    0.696644] mdio_bus 4a101000.mdio: using DT '/ocp/interconnect@4a000000/segment@0/target-module@100000/switch@0/mdio@1000' for 'reset' GPIO lookup
[    0.696717] of_get_named_gpiod_flags: can't parse 'reset-gpios' property of node '/ocp/interconnect@4a000000/segment@0/target-module@100000/switch@0/mdio@1000[0]'
[    0.696764] of_get_named_gpiod_flags: can't parse 'reset-gpio' property of node '/ocp/interconnect@4a000000/segment@0/target-module@100000/switch@0/mdio@1000[0]'
[    0.696809] mdio_bus 4a101000.mdio: using lookup tables for GPIO lookup
[    0.696818] mdio_bus 4a101000.mdio: No GPIO consumer reset found
[    0.697703] sdhci-omap 481d8000.mmc: using DT '/ocp/interconnect@48000000/segment@100000/target-module@d8000/mmc@0' for 'wp' GPIO lookup
[    0.697763] of_get_named_gpiod_flags: can't parse 'wp-gpios' property of node '/ocp/interconnect@48000000/segment@100000/target-module@d8000/mmc@0[0]'
[    0.697806] of_get_named_gpiod_flags: can't parse 'wp-gpio' property of node '/ocp/interconnect@48000000/segment@100000/target-module@d8000/mmc@0[0]'
[    0.697840] sdhci-omap 481d8000.mmc: using lookup tables for GPIO lookup
[    0.697849] sdhci-omap 481d8000.mmc: No GPIO consumer wp found
[    0.698043] sdhci-omap 481d8000.mmc: supply pbias not found, using dummy regulator
[    0.698544] sdhci-omap 481d8000.mmc: supply vqmmc not found, using dummy regulator
[    0.746525] davinci_mdio 4a101000.mdio: davinci mdio revision 1.6, bus freq 1000000
[    0.774884] mdio_bus 4a101000.mdio:00: using DT '/ocp/interconnect@4a000000/segment@0/target-module@100000/switch@0/mdio@1000/ethernet-phy@0' for 'reset' GPIO lookup
[    0.774990] of_get_named_gpiod_flags: parsed 'reset-gpios' property of node '/ocp/interconnect@4a000000/segment@0/target-module@100000/switch@0/mdio@1000/ethernet-phy@0[0]' - status (0)
[    0.775152] gpio gpiochip0: Persistence not supported for GPIO 8
[    0.903872] davinci_mdio 4a101000.mdio: phy[0]: device 4a101000.mdio:00, driver SMSC LAN8710/LAN8720
[    0.904668] cpsw-switch 4a100000.switch: initialized cpsw ale version 1.4
[    0.904689] cpsw-switch 4a100000.switch: ALE Table size 1024, Policers 0
[    0.904840] cpsw-switch 4a100000.switch: cpts: overflow check period 500 (jiffies)
[    0.904856] cpsw-switch 4a100000.switch: CPTS: ref_clk_freq:250000000 calc_mult:2147483648 calc_shift:29 error:0 nsec/sec
[    0.904958] cpsw-switch 4a100000.switch: Detected MACID = 6c:ec:eb:68:de:78
[    0.906743] cpsw-switch 4a100000.switch: initialized (regs 0x4a100000, pool size 256) hw_ver:0019010C 1.12 (0)
[    0.917841] debugfs: Directory '49000000.dma' with parent 'dmaengine' already present!
[    0.917884] edma 49000000.dma: TI EDMA DMA engine driver
[    0.960956] target-module@4b000000:target-module@140000:pmu@0:fck: device ID is greater than 24
[    0.975705] hw perfevents: enabled with armv7_cortex_a8 PMU driver, 5 (8000000f) counters available
[    0.976646] gpio-clk clk_mcasp0: using DT '/clk_mcasp0' for 'enable' GPIO lookup
[    0.976716] of_get_named_gpiod_flags: parsed 'enable-gpios' property of node '/clk_mcasp0[0]' - status (0)
[    0.976759] gpio gpiochip0: Persistence not supported for GPIO 27
[    0.977579] gpiochip_find_base_unlocked: found new base at 608
[    0.977687] gpio gpiochip3: (gpio-96-127): created GPIO range 0->7 ==> 44e10800.pinmux PIN 82->89
[    0.977709] gpio gpiochip3: (gpio-96-127): created GPIO range 8->11 ==> 44e10800.pinmux PIN 52->55
[    0.977725] gpio gpiochip3: (gpio-96-127): created GPIO range 12->15 ==> 44e10800.pinmux PIN 94->97
[    0.977742] gpio gpiochip3: (gpio-96-127): created GPIO range 16->17 ==> 44e10800.pinmux PIN 71->72
[    0.977758] gpio gpiochip3: (gpio-96-127): created GPIO range 18->18 ==> 44e10800.pinmux PIN 135->135
[    0.977774] gpio gpiochip3: (gpio-96-127): created GPIO range 19->20 ==> 44e10800.pinmux PIN 108->109
[    0.977791] gpio gpiochip3: (gpio-96-127): created GPIO range 21->21 ==> 44e10800.pinmux PIN 73->73
[    0.977809] gpio gpiochip3: (gpio-96-127): created GPIO range 22->23 ==> 44e10800.pinmux PIN 8->9
[    0.977842] gpio gpiochip3: (gpio-96-127): created GPIO range 26->27 ==> 44e10800.pinmux PIN 10->11
[    0.977861] gpio gpiochip3: (gpio-96-127): created GPIO range 28->28 ==> 44e10800.pinmux PIN 74->74
[    0.977880] gpio gpiochip3: (gpio-96-127): created GPIO range 29->29 ==> 44e10800.pinmux PIN 81->81
[    0.977898] gpio gpiochip3: (gpio-96-127): created GPIO range 30->31 ==> 44e10800.pinmux PIN 28->29
[    0.983451] l3-aon-clkctrl:0000:0: failed to disable
[    0.983918] gpio gpiochip3: (gpio-96-127): added GPIO chardev (254:3)
[    0.984062] gpio gpiochip3: registered GPIOs 608 to 639 on gpio-96-127
[    0.985815] omap8250 44e09000.serial: using DT '/ocp/interconnect@44c00000/segment@200000/target-module@9000/serial@0' for 'rs485-term' GPIO lookup
[    0.985887] of_get_named_gpiod_flags: can't parse 'rs485-term-gpios' property of node '/ocp/interconnect@44c00000/segment@200000/target-module@9000/serial@0[0]'
[    0.985929] of_get_named_gpiod_flags: can't parse 'rs485-term-gpio' property of node '/ocp/interconnect@44c00000/segment@200000/target-module@9000/serial@0[0]'
[    0.985965] omap8250 44e09000.serial: using lookup tables for GPIO lookup
[    0.985975] omap8250 44e09000.serial: No GPIO consumer rs485-term found
[    0.985985] omap8250 44e09000.serial: using DT '/ocp/interconnect@44c00000/segment@200000/target-module@9000/serial@0' for 'rs485-rx-during-tx' GPIO lookup
[    0.986020] of_get_named_gpiod_flags: can't parse 'rs485-rx-during-tx-gpios' property of node '/ocp/interconnect@44c00000/segment@200000/target-module@9000/serial@0[0]'
[    0.986057] of_get_named_gpiod_flags: can't parse 'rs485-rx-during-tx-gpio' property of node '/ocp/interconnect@44c00000/segment@200000/target-module@9000/serial@0[0]'
[    0.986089] omap8250 44e09000.serial: using lookup tables for GPIO lookup
[    0.986096] omap8250 44e09000.serial: No GPIO consumer rs485-rx-during-tx found
[    0.986474] 44e09000.serial: ttyS0 at MMIO 0x44e09000 (irq = 34, base_baud = 3000000) is a 8250
[    0.986561] printk: legacy console [ttyS0] enabled
[    2.424897] i2c i2c-0: using DT '/ocp/interconnect@44c00000/segment@200000/target-module@b000/i2c@0' for 'scl' GPIO lookup
[    2.424996] of_get_named_gpiod_flags: can't parse 'scl-gpios' property of node '/ocp/interconnect@44c00000/segment@200000/target-module@b000/i2c@0[0]'
[    2.425044] of_get_named_gpiod_flags: can't parse 'scl-gpio' property of node '/ocp/interconnect@44c00000/segment@200000/target-module@b000/i2c@0[0]'
[    2.425084] i2c i2c-0: using lookup tables for GPIO lookup
[    2.425098] i2c i2c-0: No GPIO consumer scl found
[    2.425123] i2c i2c-0: using DT '/ocp/interconnect@44c00000/segment@200000/target-module@b000/i2c@0' for 'sda' GPIO lookup
[    2.425163] of_get_named_gpiod_flags: can't parse 'sda-gpios' property of node '/ocp/interconnect@44c00000/segment@200000/target-module@b000/i2c@0[0]'
[    2.425204] of_get_named_gpiod_flags: can't parse 'sda-gpio' property of node '/ocp/interconnect@44c00000/segment@200000/target-module@b000/i2c@0[0]'
[    2.425239] i2c i2c-0: using lookup tables for GPIO lookup
[    2.425250] i2c i2c-0: No GPIO consumer sda found
[    2.442200] tps65217-pmic: Failed to locate of_node [id: -1]
[    2.448251] tps65217-bl: Failed to locate of_node [id: -1]
[    2.459632] tps65217 0-0024: TPS65217 ID 0xe version 1.2
[    2.465786] /ocp/interconnect@48000000/segment@300000/target-module@e000/lcdc@0: Fixed dependency cycle(s) with /ocp/interconnect@44c00000/segment@200000/target-module@b000/i2c@0/tda19988@70
[    2.483167] /ocp/interconnect@44c00000/segment@200000/target-module@b000/i2c@0/tda19988@70: Fixed dependency cycle(s) with /ocp/interconnect@48000000/segment@300000/target-module@e000/lcdc@0
[    2.500559] omap_i2c 44e0b000.i2c: bus 0 rev0.11 at 400 kHz
[    2.508340] sdhci-omap 48060000.mmc: using DT '/ocp/interconnect@48000000/segment@0/target-module@60000/mmc@0' for 'cd' GPIO lookup
[    2.508450] of_get_named_gpiod_flags: parsed 'cd-gpios' property of node '/ocp/interconnect@48000000/segment@0/target-module@60000/mmc@0[0]' - status (0)
[    2.508516] gpio gpiochip3: Persistence not supported for GPIO 6
[    2.508544] omap_gpio 44e07000.gpio: Could not set line 6 debounce to 200000 microseconds (-22)
[    2.517423] sdhci-omap 48060000.mmc: Got CD GPIO
[    2.522105] sdhci-omap 48060000.mmc: using DT '/ocp/interconnect@48000000/segment@0/target-module@60000/mmc@0' for 'wp' GPIO lookup
[    2.522155] of_get_named_gpiod_flags: can't parse 'wp-gpios' property of node '/ocp/interconnect@48000000/segment@0/target-module@60000/mmc@0[0]'
[    2.522199] of_get_named_gpiod_flags: can't parse 'wp-gpio' property of node '/ocp/interconnect@48000000/segment@0/target-module@60000/mmc@0[0]'
[    2.522236] sdhci-omap 48060000.mmc: using lookup tables for GPIO lookup
[    2.522250] sdhci-omap 48060000.mmc: No GPIO consumer wp found
[    2.522458] sdhci-omap 48060000.mmc: supply pbias not found, using dummy regulator
[    2.531147] sdhci-omap 481d8000.mmc: using DT '/ocp/interconnect@48000000/segment@100000/target-module@d8000/mmc@0' for 'wp' GPIO lookup
[    2.531326] of_get_named_gpiod_flags: can't parse 'wp-gpios' property of node '/ocp/interconnect@48000000/segment@100000/target-module@d8000/mmc@0[0]'
[    2.531379] of_get_named_gpiod_flags: can't parse 'wp-gpio' property of node '/ocp/interconnect@48000000/segment@100000/target-module@d8000/mmc@0[0]'
[    2.531419] sdhci-omap 481d8000.mmc: using lookup tables for GPIO lookup
[    2.531432] sdhci-omap 481d8000.mmc: No GPIO consumer wp found
[    2.532713] sdhci-omap 48060000.mmc: supply vqmmc not found, using dummy regulator
[    2.541735] sdhci-omap 481d8000.mmc: supply pbias not found, using dummy regulator
[    2.549748] sdhci-omap 481d8000.mmc: supply vqmmc not found, using dummy regulator
[    2.588318] mmc1: SDHCI controller on 481d8000.mmc [481d8000.mmc] using External DMA
[    2.597515] mmc0: SDHCI controller on 48060000.mmc [48060000.mmc] using External DMA
[    2.606339] cpsw-switch 4a100000.switch: starting ndev. mode: dual_mac
