Labgrid Console Logfile for main
Logfile started at 2024-12-05 15:35:46.625649
=== Log starts here ===

U-Boot SPL 2014.04-00014-g47880f5 (Apr 22 2014 - 13:23:54)
reading args
spl_load_image_fat_os: error reading image args, err - -1
reading u-boot.img
reading u-boot.img


U-Boot 2014.04-00014-g47880f5 (Apr 22 2014 - 13:23:54)

I2C:   ready
DRAM:  512 MiB
NAND:  0 MiB
MMC:   OMAP SD/MMC: 0, OMAP SD/MMC: 1
*** Warning - readenv() failed, using default environment

Net:   <ethaddr> not set. Validating first E-fuse MAC
cpsw, usb_ether
Hit any key to stop autoboot:  1  0 
gpio: pin 53 (gpio 53) value is 1
mmc0 is current device
gpio: pin 54 (gpio 54) value is 1
SD/MMC found on device 0
reading uEnv.txt
569 bytes read in 4 ms (138.7 KiB/s)
gpio: pin 55 (gpio 55) value is 1
Loaded environment from uEnv.txt
Importing environment from mmc ...
Checking if uenvcmd is set ...
gpio: pin 56 (gpio 56) value is 1
Running uenvcmd ...
cpsw Waiting for PHY auto negotiation to complete. done
link up on port 0, speed 100, full duplex
Using cpsw device
TFTP from server 192.168.255.126; our IP address is 192.168.255.1
Filename 'zImage'.
Load address: 0x81000000
Loading: *#################################################################
	 #################################################################
	 #################################################################
	 #################################################################
	 #################################################################
	 ###############################################
	 2.4 MiB/s
done
Bytes transferred = 5452928 (533480 hex)
link up on port 0, speed 100, full duplex
Using cpsw device
TFTP from server 192.168.255.126; our IP address is 192.168.255.1
Filename 'am335x-boneblack.dtb'.
Load address: 0x82000000
Loading: *#######
	 1.4 MiB/s
done
Bytes transferred = 97996 (17ecc hex)
Kernel image @ 0x81000000 [ 0x000000 - 0x533480 ]
## Flattened Device Tree blob at 82000000
   Booting using the fdt blob at 0x82000000
   Using Device Tree in place at 82000000, end 8201aecb

Starting kernel ...

[    0.000000] Booting Linux on physical CPU 0x0
[    0.000000] Linux version 6.11.11 (user01@drvtest01) (arm-linux-gnueabihf-gcc (Linaro GCC 6.4-2017.11) 6.4.1 20171012, GNU ld (Linaro_Binutils-2017.11) 2.27.0.20161229) #10 SMP Thu Dec  5 15:34:55 EET 2024
[    0.000000] CPU: ARMv7 Processor [413fc082] revision 2 (ARMv7), cr=10c5387d
[    0.000000] CPU: PIPT / VIPT nonaliasing data cache, VIPT aliasing instruction cache
[    0.000000] OF: fdt: Machine model: TI AM335x BeagleBone Black
[    0.000000] Memory policy: Data cache writeback
[    0.000000] cma: Reserved 16 MiB at 0x9e800000 on node -1
[    0.000000] Zone ranges:
[    0.000000]   Normal   [mem 0x0000000080000000-0x000000009fdfffff]
[    0.000000]   HighMem  empty
[    0.000000] Movable zone start for each node
[    0.000000] Early memory node ranges
[    0.000000]   node   0: [mem 0x0000000080000000-0x000000009fdfffff]
[    0.000000] Initmem setup node 0 [mem 0x0000000080000000-0x000000009fdfffff]
[    0.000000] CPU: All CPU(s) started in SVC mode.
[    0.000000] AM335X ES2.1 (sgx neon)
[    0.000000] percpu: Embedded 17 pages/cpu s39628 r8192 d21812 u69632
[    0.000000] Kernel command line: console=ttyO0,115200n8 root=/dev/nfs rw nfsroot=192.168.255.126:/home/user01/nfs,nfsvers=3 ip=192.168.255.1:192.168.255.126::255.255.255.0:bbb1:eth0 nfsrootdebug
[    0.000000] Unknown kernel command line parameters "nfsrootdebug", will be passed to user space.
[    0.000000] Dentry cache hash table entries: 65536 (order: 6, 262144 bytes, linear)
[    0.000000] Inode-cache hash table entries: 32768 (order: 5, 131072 bytes, linear)
[    0.000000] Built 1 zonelists, mobility grouping on.  Total pages: 130560
[    0.000000] mem auto-init: stack:off, heap alloc:off, heap free:off
[    0.000000] SLUB: HWalign=64, Order=0-3, MinObjects=0, CPUs=1, Nodes=1
[    0.000000] trace event string verifier disabled
[    0.000000] rcu: Hierarchical RCU implementation.
[    0.000000] rcu: 	RCU event tracing is enabled.
[    0.000000] rcu: 	RCU restricting CPUs from NR_CPUS=2 to nr_cpu_ids=1.
[    0.000000] rcu: RCU calculated value of scheduler-enlistment delay is 10 jiffies.
[    0.000000] rcu: Adjusting geometry for rcu_fanout_leaf=16, nr_cpu_ids=1
[    0.000000] NR_IRQS: 16, nr_irqs: 16, preallocated irqs: 16
[    0.000000] IRQ: Found an INTC at 0x(ptrval) (revision 5.0) with 128 interrupts
[    0.000000] rcu: srcu_init: Setting srcu_struct sizes based on contention.
[    0.000000] TI gptimer clocksource: always-on /ocp/interconnect@44c00000/segment@200000/target-module@31000
[    0.000002] sched_clock: 32 bits at 24MHz, resolution 41ns, wraps every 89478484971ns
[    0.000028] clocksource: dmtimer: mask: 0xffffffff max_cycles: 0xffffffff, max_idle_ns: 79635851949 ns
[    0.000503] TI gptimer clockevent: 24000000 Hz at /ocp/interconnect@48000000/segment@0/target-module@40000
[    0.002117] Console: colour dummy device 80x30
[    0.002188] WARNING: Your 'console=ttyO0' has been replaced by 'ttyS0'
[    0.002198] This ensures that you still see kernel messages. Please
[    0.002205] update your kernel commandline.
[    0.002247] Calibrating delay loop... 996.14 BogoMIPS (lpj=4980736)
[    0.090561] CPU: Testing write buffer coherency: ok
[    0.090664] CPU0: Spectre v2: using BPIALL workaround
[    0.090678] pid_max: default: 32768 minimum: 301
[    0.090802] LSM: initializing lsm=capability
[    0.090971] Mount-cache hash table entries: 1024 (order: 0, 4096 bytes, linear)
[    0.090997] Mountpoint-cache hash table entries: 1024 (order: 0, 4096 bytes, linear)
[    0.092544] CPU0: thread -1, cpu 0, socket -1, mpidr 0
[    0.094278] Setting up static identity map for 0x80100000 - 0x80100078
[    0.094593] rcu: Hierarchical SRCU implementation.
[    0.094607] rcu: 	Max phase no-delay instances is 1000.
[    0.096276] smp: Bringing up secondary CPUs ...
[    0.096337] smp: Brought up 1 node, 1 CPU
[    0.096354] SMP: Total of 1 processors activated (996.14 BogoMIPS).
[    0.096369] CPU: All CPU(s) started in SVC mode.
[    0.096565] Memory: 480876K/522240K available (11264K kernel code, 1197K rwdata, 2856K rodata, 1024K init, 297K bss, 23344K reserved, 16384K cma-reserved, 0K highmem)
[    0.097377] devtmpfs: initialized
[    0.114289] VFP support v0.3: implementor 41 architecture 3 part 30 variant c rev 3
[    0.114644] clocksource: jiffies: mask: 0xffffffff max_cycles: 0xffffffff, max_idle_ns: 19112604462750000 ns
[    0.114680] futex hash table entries: 256 (order: 2, 16384 bytes, linear)
[    0.115932] pinctrl core: initialized pinctrl subsystem
[    0.118676] NET: Registered PF_NETLINK/PF_ROUTE protocol family
[    0.121727] DMA: preallocated 256 KiB pool for atomic coherent allocations
[    0.122704] audit: initializing netlink subsys (disabled)
[    0.124097] thermal_sys: Registered thermal governor 'fair_share'
[    0.124118] thermal_sys: Registered thermal governor 'step_wise'
[    0.124130] thermal_sys: Registered thermal governor 'user_space'
[    0.124241] audit: type=2000 audit(0.120:1): state=initialized audit_enabled=0 res=1
[    0.124313] cpuidle: using governor menu
[    0.143151] No ATAGs?
[    0.143184] hw-breakpoint: debug architecture 0x4 unsupported.
[    0.146063] kprobes: kprobe jump-optimization is enabled. All kprobes are optimized if possible.
[    0.164378] iommu: Default domain type: Translated
[    0.164405] iommu: DMA domain TLB invalidation policy: strict mode
[    0.171318] SCSI subsystem initialized
[    0.181720] pps_core: LinuxPPS API ver. 1 registered
[    0.181735] pps_core: Software ver. 5.3.6 - Copyright 2005-2007 Rodolfo Giometti <giometti@linux.it>
[    0.181761] PTP clock support registered
[    0.183728] vgaarb: loaded
[    0.184133] clocksource: Switched to clocksource dmtimer
[    0.184739] VFS: Disk quotas dquot_6.6.0
[    0.184789] VFS: Dquot-cache hash table entries: 1024 (order 0, 4096 bytes)
[    0.210906] NET: Registered PF_INET protocol family
[    0.211263] IP idents hash table entries: 8192 (order: 4, 65536 bytes, linear)
[    0.212666] tcp_listen_portaddr_hash hash table entries: 512 (order: 0, 4096 bytes, linear)
[    0.212710] Table-perturb hash table entries: 65536 (order: 6, 262144 bytes, linear)
[    0.212730] TCP established hash table entries: 4096 (order: 2, 16384 bytes, linear)
[    0.212775] TCP bind hash table entries: 4096 (order: 4, 65536 bytes, linear)
[    0.212878] TCP: Hash tables configured (established 4096 bind 4096)
[    0.213001] UDP hash table entries: 256 (order: 1, 8192 bytes, linear)
[    0.213031] UDP-Lite hash table entries: 256 (order: 1, 8192 bytes, linear)
[    0.213210] NET: Registered PF_UNIX/PF_LOCAL protocol family
[    0.225034] RPC: Registered named UNIX socket transport module.
[    0.225065] RPC: Registered udp transport module.
[    0.225072] RPC: Registered tcp transport module.
[    0.225079] RPC: Registered tcp-with-tls transport module.
[    0.225086] RPC: Registered tcp NFSv4.1 backchannel transport module.
[    0.225116] PCI: CLS 0 bytes, default 64
[    0.226578] Initialise system trusted keyrings
[    0.227297] workingset: timestamp_bits=14 max_order=17 bucket_order=3
[    0.228989] NFS: Registering the id_resolver key type
[    0.229097] Key type id_resolver registered
[    0.229107] Key type id_legacy registered
[    0.229162] jffs2: version 2.2. (NAND) (SUMMARY)  Â© 2001-2006 Red Hat, Inc.
[    0.229585] Key type asymmetric registered
[    0.229606] Asymmetric key parser 'x509' registered
[    0.229671] io scheduler mq-deadline registered
[    0.229685] io scheduler kyber registered
[    0.229759] io scheduler bfq registered
[    0.244661] Serial: 8250/16550 driver, 6 ports, IRQ sharing enabled
[    0.290924] brd: module loaded
[    0.307410] loop: module loaded
[    0.308357] mtdoops: mtd device (mtddev=name/number) must be supplied
[    0.319591] i2c_dev: i2c /dev entries driver
[    0.320560] cpuidle: enable-method property 'ti,am3352' found operations
[    0.321013] sdhci: Secure Digital Host Controller Interface driver
[    0.321027] sdhci: Copyright(c) Pierre Ossman
[    0.321203] sdhci-pltfm: SDHCI platform and OF driver helper
[    0.321485] ledtrig-cpu: registered to indicate activity on CPUs
[    0.322415] Initializing XFRM netlink socket
[    0.322540] NET: Registered PF_INET6 protocol family
[    0.341659] Segment Routing with IPv6
[    0.341759] In-situ OAM (IOAM) with IPv6
[    0.341859] sit: IPv6, IPv4 and MPLS over IPv4 tunneling driver
[    0.342819] NET: Registered PF_PACKET protocol family
[    0.342868] NET: Registered PF_KEY protocol family
[    0.342988] Key type dns_resolver registered
[    0.343262] ThumbEE CPU extension supported.
[    0.343286] Registering SWP/SWPB emulation handler
[    0.343806] omap_voltage_late_init: Voltage driver support not added
[    0.344334] SmartReflex Class3 initialized
[    0.365035] Loading compiled-in X.509 certificates
[    0.454030] platform 44e10800.pinmux: Fixed dependency cycle(s) with /ocp/interconnect@44c00000/segment@200000/target-module@10000/scm@0/pinmux@800/clkout2-pins
[    0.454859] pinctrl-single 44e10800.pinmux: 142 pins, size 568
[    0.459907] ti-sysc 44e31000.target-module: probe with driver ti-sysc failed with error -16
[    0.501170] ti-sysc 48040000.target-module: probe with driver ti-sysc failed with error -16
[    0.538271] OMAP GPIO hardware version 0.1
[    0.556646] omap_i2c 4819c000.i2c: bus 2 rev0.11 at 100 kHz
[    0.595339] 48000000.interconnect:segment@200000:target-module@0:mpu@0:fck: device ID is greater than 24
[    0.599468] platform 4830e000.lcdc: Fixed dependency cycle(s) with /ocp/interconnect@44c00000/segment@200000/target-module@b000/i2c@0/tda19988@70
[    0.611618] sdhci-omap 481d8000.mmc: supply pbias not found, using dummy regulator
[    0.612088] sdhci-omap 481d8000.mmc: supply vqmmc not found, using dummy regulator
[    0.688666] davinci_mdio 4a101000.mdio: davinci mdio revision 1.6, bus freq 1000000
[    0.812881] davinci_mdio 4a101000.mdio: phy[0]: device 4a101000.mdio:00, driver SMSC LAN8710/LAN8720
[    0.813521] cpsw-switch 4a100000.switch: initialized cpsw ale version 1.4
[    0.813548] cpsw-switch 4a100000.switch: ALE Table size 1024
[    0.813707] cpsw-switch 4a100000.switch: cpts: overflow check period 500 (jiffies)
[    0.813727] cpsw-switch 4a100000.switch: CPTS: ref_clk_freq:250000000 calc_mult:2147483648 calc_shift:29 error:0 nsec/sec
[    0.813842] cpsw-switch 4a100000.switch: Detected MACID = 6c:ec:eb:68:de:78
[    0.815829] cpsw-switch 4a100000.switch: initialized (regs 0x4a100000, pool size 256) hw_ver:0019010C 1.12 (0)
[    0.826711] debugfs: Directory '49000000.dma' with parent 'dmaengine' already present!
[    0.826759] edma 49000000.dma: TI EDMA DMA engine driver
[    0.858405] target-module@4b000000:target-module@140000:pmu@0:fck: device ID is greater than 24
[    0.881147] hw perfevents: enabled with armv7_cortex_a8 PMU driver, 5 counters available
[    0.888824] l3-aon-clkctrl:0000:0: failed to disable
[    0.903286] 44e09000.serial: ttyS0 at MMIO 0x44e09000 (irq = 34, base_baud = 3000000) is a 8250
[    0.903372] printk: legacy console [ttyS0] enabled
[    2.116437] tps65217-pmic: Failed to locate of_node [id: -1]
[    2.122515] tps65217-bl: Failed to locate of_node [id: -1]
[    2.153764] tps65217 0-0024: TPS65217 ID 0xe version 1.2
[    2.159925] platform 4830e000.lcdc: Fixed dependency cycle(s) with /ocp/interconnect@44c00000/segment@200000/target-module@b000/i2c@0/tda19988@70
[    2.173374] i2c 0-0070: Fixed dependency cycle(s) with /ocp/interconnect@48000000/segment@300000/target-module@e000/lcdc@0
[    2.184799] omap_i2c 44e0b000.i2c: bus 0 rev0.11 at 400 kHz
[    2.203298] omap_gpio 44e07000.gpio: Could not set line 6 debounce to 200000 microseconds (-22)
[    2.212241] sdhci-omap 48060000.mmc: Got CD GPIO
[    2.217321] sdhci-omap 48060000.mmc: supply pbias not found, using dummy regulator
[    2.230304] sdhci-omap 48060000.mmc: supply vqmmc not found, using dummy regulator
[    2.239002] sdhci-omap 481d8000.mmc: supply pbias not found, using dummy regulator
[    2.247303] sdhci-omap 481d8000.mmc: supply vqmmc not found, using dummy regulator
[    2.284675] mmc1: SDHCI controller on 481d8000.mmc [481d8000.mmc] using External DMA
[    2.293037] mmc0: SDHCI controller on 48060000.mmc [48060000.mmc] using External DMA
[    2.301905] cpsw-switch 4a100000.switch: starting ndev. mode: dual_mac
[    2.343348] mmc0: new high speed SDHC card at address 5048
[    2.350367] mmcblk0: mmc0:5048 SD16G 14.4 GiB
[    2.358375]  mmcblk0: p1 p2
[    2.361730] mmcblk0: p2 size 31221760 extends beyond EOD, truncated
[    2.376220] mmc1: new high speed MMC card at address 0001
[    2.382959] mmcblk1: mmc1:0001 MMC04G 3.60 GiB
[    2.390556]  mmcblk1: p1 p2
[    2.394183] SMSC LAN8710/LAN8720 4a101000.mdio:00: attached PHY driver (mii_bus:phy_addr=4a101000.mdio:00, irq=POLL)
[    2.405722] mmcblk1boot0: mmc1:0001 MMC04G 2.00 MiB
[    2.412667] mmcblk1boot1: mmc1:0001 MMC04G 2.00 MiB
[    2.425709] mmcblk1rpmb: mmc1:0001 MMC04G 128 KiB, chardev (250:0)
[    5.524882] cpsw-switch 4a100000.switch eth0: Link is Up - 100Mbps/Full - flow control off
[    5.564143] IP-Config: Complete:
[    5.567412]      device=eth0, hwaddr=6c:ec:eb:68:de:78, ipaddr=192.168.255.1, mask=255.255.255.0, gw=255.255.255.255
[    5.578032]      host=bbb1, domain=, nis-domain=(none)
[    5.583200]      bootserver=192.168.255.126, rootserver=192.168.255.126, rootpath=
[    5.583623] clk: Disabling unused clocks
[    5.595487] PM: genpd: Disabling unused power domains
[    5.600608] KTAP version 1
[    5.603329] 1..0
[    5.637673] VFS: Mounted root (nfs filesystem) on device 0:17.
[    5.644709] devtmpfs: mounted
[    5.649395] Freeing unused kernel image (initmem) memory: 1024K
[    5.656182] Run /sbin/init as init process
[    6.345380] systemd[1]: System time before build time, advancing clock.
[    7.814150] random: crng init done
[    7.885854] systemd[1]: systemd 232 running in system mode. (+PAM +AUDIT +SELINUX +IMA +APPARMOR +SMACK +SYSVINIT +UTMP +LIBCRYPTSETUP +GCRYPT +GNUTLS +ACL +XZ +LZ4 +SECCOMP +BLKID +ELFUTILS +KMOD +IDN)
[    7.904997] systemd[1]: Detected architecture arm.

Welcome to [1mDebian GNU/Linux 9 (stretch)[0m!

[    7.947300] systemd[1]: Set hostname to <arm>.
[    9.026872] systemd[1]: Created slice System Slice.
[[0;32m  OK  [0m] Created slice System Slice.
[    9.055562] systemd[1]: Created slice system-serial\x2dgetty.slice.
[[0;32m  OK  [0m] Created slice system-serial\x2dgetty.slice.
[    9.095173] systemd[1]: Listening on Journal Audit Socket.
[[0;32m  OK  [0m] Listening on Journal Audit Socket.
[    9.136059] systemd[1]: Listening on Journal Socket (/dev/log).
[[0;32m  OK  [0m] Listening on Journal Socket (/dev/log).
[    9.174948] systemd[1]: Started Forward Password Requests to Wall Directory Watch.
[[0;32m  OK  [0m] Started Forward Password Requests to Wall Directory Watch.
[    9.216039] systemd[1]: Listening on udev Control Socket.
[[0;32m  OK  [0m] Listening on udev Control Socket.
[    9.254470] systemd[1]: Reached target Remote File Systems.
[[0;32m  OK  [0m] Reached target Remote File Systems.
         Mounting Debug File System...
[[0;32m  OK  [0m] Created slice system-getty.slice.
[[0;32m  OK  [0m] Listening on Journal Socket.
         Starting Create list of required stâ€¦ce nodes for the current kernel...
         Starting Load Kernel Modules...
[[0;32m  OK  [0m] Reached target Swap.
[[0;32m  OK  [0m] Listening on Syslog Socket.
         Starting Journal Service...
[[0;32m  OK  [0m] Created slice User and Session Slice.
[[0;32m  OK  [0m] Reached target Slices.
[[0;32m  OK  [0m] Listening on /dev/initctl Compatibility Named Pipe.
         Starting Remount Root and Kernel File Systems...
[[0;32m  OK  [0m] Listening on udev Kernel Socket.
         Mounting POSIX Message Queue File System...
[[0;32m  OK  [0m] Started Dispatch Password Requests to Console Directory Watch.
[[0;32m  OK  [0m] Reached target Paths.
[[0;32m  OK  [0m] Reached target Encrypted Volumes.
[[0;32m  OK  [0m] Set up automount Arbitrary Executabâ€¦rmats File System Automount Point.
[[0;32m  OK  [0m] Mounted POSIX Message Queue File System.
[[0;32m  OK  [0m] Mounted Debug File System.
[[0;32m  OK  [0m] Started Create list of required staâ€¦vice nodes for the current kernel.
[[0;32m  OK  [0m] Started Load Kernel Modules.
[[0;32m  OK  [0m] Started Remount Root and Kernel File Systems.
         Starting udev Coldplug all Devices...
         Starting Load/Save Random Seed...
         Mounting Configuration File System...
         Starting Apply Kernel Variables...
         Starting Create Static Device Nodes in /dev...
[[0;32m  OK  [0m] Mounted Configuration File System.
[[0;32m  OK  [0m] Started Load/Save Random Seed.
[[0;32m  OK  [0m] Started Apply Kernel Variables.
[[0;32m  OK  [0m] Started Journal Service.
         Starting Flush Journal to Persistent Storage...
[[0;32m  OK  [0m] Started Create Static Device Nodes in /dev.
[[0;32m  OK  [0m] Reached target Local File Systems (Pre).
[[0;32m  OK  [0m] Reached target Local File Systems.
         Starting Raise network interfaces...
         Starting udev Kernel Device Manager...
[   11.216854] systemd-journald[84]: Received request to flush runtime journal from PID 1
[[0;32m  OK  [0m] Started Flush Journal to Persistent Storage.
         Starting Create Volatile Files and Directories...
[[0;32m  OK  [0m] Started udev Kernel Device Manager.
[[0;32m  OK  [0m] Started Create Volatile Files and Directories.
         Starting Network Time Synchronization...
         Starting Update UTMP about System Boot/Shutdown...
[[0;32m  OK  [0m] Started udev Coldplug all Devices.
[[0;32m  OK  [0m] Started Update UTMP about System Boot/Shutdown.
[[0;32m  OK  [0m] Started Network Time Synchronization.
[[0;32m  OK  [0m] Reached target System Time Synchronized.
[[0;32m  OK  [0m] Reached target System Initialization.
[   14.467087] remoteproc remoteproc0: wkup_m3 is available
[[0;32m  OK  [0m] Started Daily apt download activities.
[[0;32m  OK  [0m] Started Daily apt upgrade and clean activities.
[[0;32m  OK  [0m] Started Daily Cleanup of Temporary Directories.
[[0;32m  OK  [0m] Reached target Timers.
[[0;32m  OK  [0m] Listening on D-Bus System Message Bus Socket.
[   14.728356] am335x-phy-driver 47401300.usb-phy: dummy supplies not allowed for exclusive requests (id=vbus)
[[0;32m  OK  [0m] Listening on Avahi mDNS/DNS-SD Stack Activation Socket.
[[0;32m  OK  [0m] Reached target Sockets.[   14.851550] am335x-phy-driver 47401b00.usb-phy: dummy supplies not allowed for exclusive requests (id=vbus)

[[0;32m  OK  [0m] Reached target Basic System.
[   15.038285] wkup_m3_ipc 44e11324.wkup_m3_ipc: IPC Request for A8->M3 Channel failed! -517
[   15.055054] usbcore: registered new interface driver usbfs
[   15.060709] usbcore: registered new interface driver hub
[   15.066423] usbcore: registered new device driver usb
[   15.086388] at24 2-0054: supply vcc not found, using dummy regulator
[[0;32m  OK  [0m] Started Regular background program processing daemon.
         Starting DUN service...
[   15.208138] at24 2-0055: supply vcc not found, using dummy regulator
[   15.320866] at24 2-0056: supply vcc not found, using dummy regulator
         Starting System Logging Service...
[   15.410651] at24 2-0057: supply vcc not found, using dummy regulator
[   15.427510] wkup_m3_ipc 44e11324.wkup_m3_ipc: IPC Request for A8->M3 Channel failed! -517
[[0;32m  OK  [0m] Started D-Bus System Message Bus.
[   15.527265] omap_wdt: OMAP Watchdog Timer Rev 0x01: initial timeout 60 sec
[   15.568040] wkup_m3_ipc 44e11324.wkup_m3_ipc: IPC Request for A8->M3 Channel failed! -517
[   15.586269] at24 0-0050: 32768 byte 24c256 EEPROM, writable, 1 bytes/write
[   15.715422] wkup_m3_ipc 44e11324.wkup_m3_ipc: IPC Request for A8->M3 Channel failed! -517
[   15.899538] omap_rtc 44e3e000.rtc: registered as rtc0
[   15.904871] omap_rtc 44e3e000.rtc: setting system clock to 2000-01-01T00:00:00 UTC (946684800)
[   15.915488] wkup_m3_ipc 44e11324.wkup_m3_ipc: IPC Request for A8->M3 Channel failed! -517
[   15.971235] tps6521x_pwrbutton tps65217-pwrbutton: DMA mask not set
[   16.082605] input: tps65217_pwrbutton as /devices/platform/ocp/44c00000.interconnect/44c00000.interconnect:segment@200000/44e0b000.target-module/44e0b000.i2c/i2c-0/0-0024/tps65217-pwrbutton/input/input0
[   16.105403] wkup_m3_ipc 44e11324.wkup_m3_ipc: IPC Request for A8->M3 Channel failed! -517
[   16.368882] wkup_m3_ipc 44e11324.wkup_m3_ipc: IPC Request for A8->M3 Channel failed! -517
[   16.482757] musb-hdrc musb-hdrc.1: MUSB HDRC host driver
[   16.488434] musb-hdrc musb-hdrc.1: new USB bus registered, assigned bus number 1
[   16.534826] wkup_m3_ipc 44e11324.wkup_m3_ipc: IPC Request for A8->M3 Channel failed! -517
[   16.652722] usb usb1: New USB device found, idVendor=1d6b, idProduct=0002, bcdDevice= 6.11
[   16.661250] usb usb1: New USB device strings: Mfr=3, Product=2, SerialNumber=1
[   16.668568] usb usb1: Product: MUSB HDRC host driver
[   16.673563] usb usb1: Manufacturer: Linux 6.11.11 musb-hcd
[   16.679104] usb usb1: SerialNumber: musb-hdrc.1
[   16.831249] hub 1-0:1.0: USB hub found
[   16.896787] hub 1-0:1.0: 1 port detected
[   16.958741] wkup_m3_ipc 44e11324.wkup_m3_ipc: IPC Request for A8->M3 Channel failed! -517
[   17.066201] wkup_m3_ipc 44e11324.wkup_m3_ipc: IPC Request for A8->M3 Channel failed! -517
[   17.244745] tda998x 0-0070: found TDA19988
[   17.348980] wkup_m3_ipc 44e11324.wkup_m3_ipc: IPC Request for A8->M3 Channel failed! -517
 [   17.486596] omap-mailbox 480c8000.mailbox: omap mailbox rev  0x400
[   17.575138] remoteproc remoteproc0: powering up wku p_m3
[   17.707111] remoteproc remoteproc0: Direct firmware l oad for am335x-pm-firmware.elf failed with error -2
[   17.71 6982] re
[   19.429174] tilcdc 4830e000.lcdc: bound 0-0070 (ops 0xbf0cd030)
[   19.439451] omap_rng 48310000.rng: Random Number Generator ver. 20
[   19.524990] [drm] Initialized tilcdc 1.0.0 for 4830e000.lcdc on minor 0
[[0;32m  OK  [0m] Started DUN service.
[   19.587965] tilcdc 4830e000.lcdc: [drm] Cannot find any crtc or sizes
         Starting Connection service...
[   19.721550] tilcdc 4830e000.lcdc: [drm] Cannot find any crtc or sizes
         Starting LSB: Start busybox udhcpd at boot time...
         Starting Generic Board Startup...
         Starting Telephony service...
         Starting Cape Manager Service...
         Starting LSB: Load kernel modules needed to enable cpufreq scaling...
         Starting Login Service...
         Starting Avahi mDNS/DNS-SD Stack...
[[0;32m  OK  [0m] Started System Logging Service.
[   20.777723] PM: Cannot get wkup_m3_ipc handle
[   20.810180] omap-sham 53100000.sham: hw accel on OMAP rev 4.3
[   20.985144] omap-sham 53100000.sham: will run requests pump with realtime priority
[   21.004735] PM: Cannot get wkup_m3_ipc handle
[   21.301184] omap-aes 53500000.aes: OMAP AES hw accel rev: 3.2
[   21.421205] omap-aes 53500000.aes: will run requests pump with realtime priority
[   21.432736] PM: Cannot get wkup_m3_ipc handle
[[0;32m  OK  [0m] Found device /dev/ttyS0.
[[0;32m  OK  [0m] Started Cape Manager Service.
[   23.248957] Bluetooth: Core ver 2.22
[   23.252781] NET: Registered PF_BLUETOOTH protocol family
[   23.258372] Bluetooth: HCI device and connection manager initialized
[   23.265025] Bluetooth: HCI socket layer initialized
[   23.269945] Bluetooth: L2CAP socket layer initialized
[   23.275120] Bluetooth: SCO socket layer initialized
[   24.787121] PM: Cannot get wkup_m3_ipc handle
[   24.925766] PM: Cannot get wkup_m3_ipc handle
[[0;32m  OK  [0m] Started LSB: Start busybox udhcpd at boot time.
[[0;32m  OK  [0m] Started Raise network interfaces.
[[0;32m  OK  [0m] Started LSB: Load kernel modules needed to enable cpufreq scaling.
[   28.503805] configfs-gadget.g_multi gadget.0: HOST MAC 1c:ba:8c:a2:ed:6c
[   28.510834] configfs-gadget.g_multi gadget.0: MAC 1c:ba:8c:a2:ed:70
[   28.518359] configfs-gadget.g_multi gadget.0: HOST MAC 1c:ba:8c:a2:ed:6c
[   28.525218] configfs-gadget.g_multi gadget.0: MAC 1c:ba:8c:a2:ed:6d
[   28.535117] PM: Cannot get wkup_m3_ipc handle
[[0;32m  OK  [0m] Started Telephony service.
[[0;32m  OK  [0m] Started Connection service.
[[0;32m  OK  [0m] Started Avahi mDNS/DNS-SD Stack.
[[0;32m  OK  [0m] Reached target Sound Card.
         Starting LSB: set CPUFreq kernel parameters...
[[0;32m  OK  [0m] Reached target Network.
         Starting The Apache HTTP Server...
[[0;32m  OK  [0m] Reached target Network is Online.
         Starting LSB: Advanced IEEE 802.11 management daemon...
         Starting Permit User Sessions...
         Starting OpenBSD Secure Shell server...
[[0;32m  OK  [0m] Started LSB: Advanced IEEE 802.11 management daemon.
[[0;32m  OK  [0m] Started Permit User Sessions.
[[0;32m  OK  [0m] Started Login Service.
         Starting Hostname Service...
         Starting WPA supplicant...
[[0;32m  OK  [0m] Started Serial Getty on ttyS0.
[[0;32m  OK  [0m] Started Getty on tty1.
[[0;32m  OK  [0m] Reached target Login Prompts.
[[0;32m  OK  [0m] Started LSB: set CPUFreq kernel parameters.
[[0;32m  OK  [0m] Started WPA supplicant.
[[0;32m  OK  [0m] Started Hostname Service.
[[0;32m  OK  [0m] Started OpenBSD Secure Shell server.
         Stopping LSB: Start busybox udhcpd at boot time...
[[0;32m  OK  [0m] Stopped LSB: Start busybox udhcpd at boot time.
[[0;32m  OK  [0m] Started The Apache HTTP Server.
         Starting dnsmasq - A lightweight DHCP and caching DNS server...
[[0;32m  OK  [0m] Started dnsmasq - A lightweight DHCP and caching DNS server.
[[0;32m  OK  [0m] Reached target Host and Network Name Lookups.
[[0;32m  OK  [0m] Started Serial Getty on ttyGS0.
[[0;32m  OK  [0m] Started Generic Board Startup.
[[0;32m  OK  [0m] Reached target Multi-User System.
[[0;32m  OK  [0m] Reached target Graphical Interface.
         Starting Update UTMP about System Runlevel Changes...
[[0;32m  OK  [0m] Started Update UTMP about System Runlevel Changes.

Debian GNU/Linux 9 arm ttyS0

default username:password is [debian:temppwd]

arm login: root
Password: 
Last login: Sat Jan  1 00:00:29 UTC 2000 on ttyS0
root
Linux arm 6.11.11 #10 SMP Thu Dec  5 15:34:55 EET 2024 armv7l

The programs included with the Debian GNU/Linux system are free software;
the exact distribution terms for each program are described in the
individual files in /usr/share/doc/*/copyright.

Debian GNU/Linux comes with ABSOLUTELY NO WARRANTY, to the extent
permitted by applicable law.
root@arm:~# root
-bash: root: command not found
root@arm:~# dmesg -n 1
root@arm:~# echo 'UXQH''OCWBVJ'
UXQHOCWBVJ
root@arm:~# run() { echo -n "$MARKER"; sh -c "$@"; echo "$MARKER $?"; }
root@arm:~# echo 'OMCV''SBUFOS'
OMCVSBUFOS
root@arm:~# MARKER='WQKX''XHBZZY' run 'cat /proc/version'
WQKXXHBZZYLinux version 6.11.11 (user01@drvtest01) (arm-linux-gnueabihf-gcc (Linaro GCC 6.4-2017.11) 6.4.1 20171012, GNU ld (Linaro_Binutils-2017.11) 2.27.0.20161229) #10 SMP Thu Dec  5 15:34:55 EET 2024
WQKXXHBZZY 0
root@arm:~# echo 'BQQL''HCQBCN'
BQQLHCQBCN
root@arm:~# MARKER='XMWA''WKQNMF' run false
XMWAWKQNMFXMWAWKQNMF 1
root@arm:~# Labgrid Console Logfile for main
Logfile started at 2024-12-05 15:36:51.304380
=== Log starts here ===

root@arm:~# run() { echo -n "$MARKER"; sh -c "$@"; echo "$MARKER $?"; }
root@arm:~# echo 'NTET''ZGLGXB'
NTETZGLGXB
root@arm:~# MARKER='ALKN''LNMVXB' run dmesg
ALKNLNMVXB[    0.000000] Booting Linux on physical CPU 0x0
[    0.000000] Linux version 6.11.11 (user01@drvtest01) (arm-linux-gnueabihf-gcc (Linaro GCC 6.4-2017.11) 6.4.1 20171012, GNU ld (Linaro_Binutils-2017.11) 2.27.0.20161229) #10 SMP Thu Dec  5 15:34:55 EET 2024
[    0.000000] CPU: ARMv7 Processor [413fc082] revision 2 (ARMv7), cr=10c5387d
[    0.000000] CPU: PIPT / VIPT nonaliasing data cache, VIPT aliasing instruction cache
[    0.000000] OF: fdt: Machine model: TI AM335x BeagleBone Black
[    0.000000] Memory policy: Data cache writeback
[    0.000000] cma: Reserved 16 MiB at 0x9e800000 on node -1
[    0.000000] Zone ranges:
[    0.000000]   Normal   [mem 0x0000000080000000-0x000000009fdfffff]
[    0.000000]   HighMem  empty
[    0.000000] Movable zone start for each node
[    0.000000] Early memory node ranges
[    0.000000]   node   0: [mem 0x0000000080000000-0x000000009fdfffff]
[    0.000000] Initmem setup node 0 [mem 0x0000000080000000-0x000000009fdfffff]
[    0.000000] CPU: All CPU(s) started in SVC mode.
[    0.000000] AM335X ES2.1 (sgx neon)
[    0.000000] percpu: Embedded 17 pages/cpu s39628 r8192 d21812 u69632
[    0.000000] pcpu-alloc: s39628 r8192 d21812 u69632 alloc=17*4096
[    0.000000] pcpu-alloc: [0] 0 
[    0.000000] Kernel command line: console=ttyO0,115200n8 root=/dev/nfs rw nfsroot=192.168.255.126:/home/user01/nfs,nfsvers=3 ip=192.168.255.1:192.168.255.126::255.255.255.0:bbb1:eth0 nfsrootdebug
[    0.000000] Unknown kernel command line parameters "nfsrootdebug", will be passed to user space.
[    0.000000] Dentry cache hash table entries: 65536 (order: 6, 262144 bytes, linear)
[    0.000000] Inode-cache hash table entries: 32768 (order: 5, 131072 bytes, linear)
[    0.000000] Built 1 zonelists, mobility grouping on.  Total pages: 130560
[    0.000000] mem auto-init: stack:off, heap alloc:off, heap free:off
[    0.000000] SLUB: HWalign=64, Order=0-3, MinObjects=0, CPUs=1, Nodes=1
[    0.000000] trace event string verifier disabled
[    0.000000] rcu: Hierarchical RCU implementation.
[    0.000000] rcu: 	RCU event tracing is enabled.
[    0.000000] rcu: 	RCU restricting CPUs from NR_CPUS=2 to nr_cpu_ids=1.
[    0.000000] rcu: RCU calculated value of scheduler-enlistment delay is 10 jiffies.
[    0.000000] rcu: Adjusting geometry for rcu_fanout_leaf=16, nr_cpu_ids=1
[    0.000000] NR_IRQS: 16, nr_irqs: 16, preallocated irqs: 16
[    0.000000] IRQ: Found an INTC at 0x(ptrval) (revision 5.0) with 128 interrupts
[    0.000000] rcu: srcu_init: Setting srcu_struct sizes based on contention.
[    0.000000] TI gptimer clocksource: always-on /ocp/interconnect@44c00000/segment@200000/target-module@31000
[    0.000002] sched_clock: 32 bits at 24MHz, resolution 41ns, wraps every 89478484971ns
[    0.000028] clocksource: dmtimer: mask: 0xffffffff max_cycles: 0xffffffff, max_idle_ns: 79635851949 ns
[    0.000503] TI gptimer clockevent: 24000000 Hz at /ocp/interconnect@48000000/segment@0/target-module@40000
[    0.002117] Console: colour dummy device 80x30
[    0.002188] WARNING: Your 'console=ttyO0' has been replaced by 'ttyS0'
[    0.002198] This ensures that you still see kernel messages. Please
[    0.002205] update your kernel commandline.
[    0.002247] Calibrating delay loop... 996.14 BogoMIPS (lpj=4980736)
[    0.090561] CPU: Testing write buffer coherency: ok
[    0.090664] CPU0: Spectre v2: using BPIALL workaround
[    0.090678] pid_max: default: 32768 minimum: 301
[    0.090802] LSM: initializing lsm=capability
[    0.090971] Mount-cache hash table entries: 1024 (order: 0, 4096 bytes, linear)
[    0.090997] Mountpoint-cache hash table entries: 1024 (order: 0, 4096 bytes, linear)
[    0.092544] CPU0: thread -1, cpu 0, socket -1, mpidr 0
[    0.094278] Setting up static identity map for 0x80100000 - 0x80100078
[    0.094593] rcu: Hierarchical SRCU implementation.
[    0.094607] rcu: 	Max phase no-delay instances is 1000.
[    0.096276] smp: Bringing up secondary CPUs ...
[    0.096337] smp: Brought up 1 node, 1 CPU
[    0.096354] SMP: Total of 1 processors activated (996.14 BogoMIPS).
[    0.096369] CPU: All CPU(s) started in SVC mode.
[    0.096565] Memory: 480876K/522240K available (11264K kernel code, 1197K rwdata, 2856K rodata, 1024K init, 297K bss, 23344K reserved, 16384K cma-reserved, 0K highmem)
[    0.097377] devtmpfs: initialized
[    0.114289] VFP support v0.3: implementor 41 architecture 3 part 30 variant c rev 3
[    0.114644] clocksource: jiffies: mask: 0xffffffff max_cycles: 0xffffffff, max_idle_ns: 19112604462750000 ns
[    0.114680] futex hash table entries: 256 (order: 2, 16384 bytes, linear)
[    0.115932] pinctrl core: initialized pinctrl subsystem
[    0.118676] NET: Registered PF_NETLINK/PF_ROUTE protocol family
[    0.121727] DMA: preallocated 256 KiB pool for atomic coherent allocations
[    0.122704] audit: initializing netlink subsys (disabled)
[    0.124097] thermal_sys: Registered thermal governor 'fair_share'
[    0.124118] thermal_sys: Registered thermal governor 'step_wise'
[    0.124130] thermal_sys: Registered thermal governor 'user_space'
[    0.124241] audit: type=2000 audit(0.120:1): state=initialized audit_enabled=0 res=1
[    0.124313] cpuidle: using governor menu
[    0.143151] No ATAGs?
[    0.143184] hw-breakpoint: debug architecture 0x4 unsupported.
[    0.146063] kprobes: kprobe jump-optimization is enabled. All kprobes are optimized if possible.
[    0.164378] iommu: Default domain type: Translated
[    0.164405] iommu: DMA domain TLB invalidation policy: strict mode
[    0.165976] reg-fixed-voltage fixedregulator0: using DT '/fixedregulator0' for '(default)' GPIO lookup
[    0.166038] of_get_named_gpiod_flags: can't parse 'gpios' property of node '/fixedregulator0[0]'
[    0.166070] of_get_named_gpiod_flags: can't parse 'gpio' property of node '/fixedregulator0[0]'
[    0.166092] reg-fixed-voltage fixedregulator0: using lookup tables for GPIO lookup
[    0.166104] reg-fixed-voltage fixedregulator0: No GPIO consumer (default) found
[    0.171318] SCSI subsystem initialized
[    0.181338] libata version 3.00 loaded.
[    0.181720] pps_core: LinuxPPS API ver. 1 registered
[    0.181735] pps_core: Software ver. 5.3.6 - Copyright 2005-2007 Rodolfo Giometti <giometti@linux.it>
[    0.181761] PTP clock support registered
[    0.183728] vgaarb: loaded
[    0.184133] clocksource: Switched to clocksource dmtimer
[    0.184739] VFS: Disk quotas dquot_6.6.0
[    0.184789] VFS: Dquot-cache hash table entries: 1024 (order 0, 4096 bytes)
[    0.210906] NET: Registered PF_INET protocol family
[    0.211263] IP idents hash table entries: 8192 (order: 4, 65536 bytes, linear)
[    0.212666] tcp_listen_portaddr_hash hash table entries: 512 (order: 0, 4096 bytes, linear)
[    0.212710] Table-perturb hash table entries: 65536 (order: 6, 262144 bytes, linear)
[    0.212730] TCP established hash table entries: 4096 (order: 2, 16384 bytes, linear)
[    0.212775] TCP bind hash table entries: 4096 (order: 4, 65536 bytes, linear)
[    0.212878] TCP: Hash tables configured (established 4096 bind 4096)
[    0.213001] UDP hash table entries: 256 (order: 1, 8192 bytes, linear)
[    0.213031] UDP-Lite hash table entries: 256 (order: 1, 8192 bytes, linear)
[    0.213210] NET: Registered PF_UNIX/PF_LOCAL protocol family
[    0.225034] RPC: Registered named UNIX socket transport module.
[    0.225065] RPC: Registered udp transport module.
[    0.225072] RPC: Registered tcp transport module.
[    0.225079] RPC: Registered tcp-with-tls transport module.
[    0.225086] RPC: Registered tcp NFSv4.1 backchannel transport module.
[    0.225116] PCI: CLS 0 bytes, default 64
[    0.226578] Initialise system trusted keyrings
[    0.227297] workingset: timestamp_bits=14 max_order=17 bucket_order=3
[    0.228989] NFS: Registering the id_resolver key type
[    0.229097] Key type id_resolver registered
[    0.229107] Key type id_legacy registered
[    0.229162] jffs2: version 2.2. (NAND) (SUMMARY)  Â© 2001-2006 Red Hat, Inc.
[    0.229585] Key type asymmetric registered
[    0.229606] Asymmetric key parser 'x509' registered
[    0.229671] io scheduler mq-deadline registered
[    0.229685] io scheduler kyber registered
[    0.229759] io scheduler bfq registered
[    0.244661] Serial: 8250/16550 driver, 6 ports, IRQ sharing enabled
[    0.290924] brd: module loaded
[    0.307410] loop: module loaded
[    0.308357] mtdoops: mtd device (mtddev=name/number) must be supplied
[    0.318151] mdio_bus fixed-0: using lookup tables for GPIO lookup
[    0.318186] mdio_bus fixed-0: No GPIO consumer reset found
[    0.319591] i2c_dev: i2c /dev entries driver
[    0.320560] cpuidle: enable-method property 'ti,am3352' found operations
[    0.321013] sdhci: Secure Digital Host Controller Interface driver
[    0.321027] sdhci: Copyright(c) Pierre Ossman
[    0.321203] sdhci-pltfm: SDHCI platform and OF driver helper
[    0.321485] ledtrig-cpu: registered to indicate activity on CPUs
[    0.322415] Initializing XFRM netlink socket
[    0.322540] NET: Registered PF_INET6 protocol family
[    0.341659] Segment Routing with IPv6
[    0.341759] In-situ OAM (IOAM) with IPv6
[    0.341859] sit: IPv6, IPv4 and MPLS over IPv4 tunneling driver
[    0.342819] NET: Registered PF_PACKET protocol family
[    0.342868] NET: Registered PF_KEY protocol family
[    0.342988] Key type dns_resolver registered
[    0.343262] ThumbEE CPU extension supported.
[    0.343286] Registering SWP/SWPB emulation handler
[    0.343806] omap_voltage_late_init: Voltage driver support not added
[    0.344334] SmartReflex Class3 initialized
[    0.365035] Loading compiled-in X.509 certificates
[    0.424748] gpiochip_find_base_unlocked: found new base at 512
[    0.454030] platform 44e10800.pinmux: Fixed dependency cycle(s) with /ocp/interconnect@44c00000/segment@200000/target-module@10000/scm@0/pinmux@800/clkout2-pins
[    0.454859] pinctrl-single 44e10800.pinmux: 142 pins, size 568
[    0.459907] ti-sysc 44e31000.target-module: probe with driver ti-sysc failed with error -16
[    0.501170] ti-sysc 48040000.target-module: probe with driver ti-sysc failed with error -16
[    0.512196] gpiochip_find_base_unlocked: found new base at 512
[    0.512309] gpio gpiochip0: (gpio-0-31): created GPIO range 0->7 ==> 44e10800.pinmux PIN 0->7
[    0.512331] gpio gpiochip0: (gpio-0-31): created GPIO range 8->11 ==> 44e10800.pinmux PIN 90->93
[    0.512349] gpio gpiochip0: (gpio-0-31): created GPIO range 12->27 ==> 44e10800.pinmux PIN 12->27
[    0.512367] gpio gpiochip0: (gpio-0-31): created GPIO range 28->31 ==> 44e10800.pinmux PIN 30->33
[    0.537983] gpio gpiochip0: (gpio-0-31): added GPIO chardev (254:0)
[    0.538179] gpio gpiochip0: registered GPIOs 512 to 543 on gpio-0-31
[    0.538271] OMAP GPIO hardware version 0.1
[    0.555560] i2c i2c-2: using DT '/ocp/interconnect@48000000/segment@100000/target-module@9c000/i2c@0' for 'scl' GPIO lookup
[    0.555653] of_get_named_gpiod_flags: can't parse 'scl-gpios' property of node '/ocp/interconnect@48000000/segment@100000/target-module@9c000/i2c@0[0]'
[    0.555701] of_get_named_gpiod_flags: can't parse 'scl-gpio' property of node '/ocp/interconnect@48000000/segment@100000/target-module@9c000/i2c@0[0]'
[    0.555741] i2c i2c-2: using lookup tables for GPIO lookup
[    0.555754] i2c i2c-2: No GPIO consumer scl found
[    0.555777] i2c i2c-2: using DT '/ocp/interconnect@48000000/segment@100000/target-module@9c000/i2c@0' for 'sda' GPIO lookup
[    0.555816] of_get_named_gpiod_flags: can't parse 'sda-gpios' property of node '/ocp/interconnect@48000000/segment@100000/target-module@9c000/i2c@0[0]'
[    0.555857] of_get_named_gpiod_flags: can't parse 'sda-gpio' property of node '/ocp/interconnect@48000000/segment@100000/target-module@9c000/i2c@0[0]'
[    0.555891] i2c i2c-2: using lookup tables for GPIO lookup
[    0.555901] i2c i2c-2: No GPIO consumer sda found
[    0.556646] omap_i2c 4819c000.i2c: bus 2 rev0.11 at 100 kHz
[    0.561933] gpiochip_find_base_unlocked: found new base at 544
[    0.562045] gpio gpiochip1: (gpio-32-63): created GPIO range 0->17 ==> 44e10800.pinmux PIN 34->51
[    0.562069] gpio gpiochip1: (gpio-32-63): created GPIO range 18->21 ==> 44e10800.pinmux PIN 77->80
[    0.562086] gpio gpiochip1: (gpio-32-63): created GPIO range 22->31 ==> 44e10800.pinmux PIN 56->65
[    0.574656] gpio gpiochip1: (gpio-32-63): added GPIO chardev (254:1)
[    0.574815] gpio gpiochip1: registered GPIOs 544 to 575 on gpio-32-63
[    0.577029] gpiochip_find_base_unlocked: found new base at 576
[    0.577128] gpio gpiochip2: (gpio-64-95): created GPIO range 0->4 ==> 44e10800.pinmux PIN 66->70
[    0.577151] gpio gpiochip2: (gpio-64-95): created GPIO range 5->6 ==> 44e10800.pinmux PIN 98->99
[    0.577170] gpio gpiochip2: (gpio-64-95): created GPIO range 7->8 ==> 44e10800.pinmux PIN 75->76
[    0.577189] gpio gpiochip2: (gpio-64-95): created GPIO range 13->13 ==> 44e10800.pinmux PIN 141->141
[    0.577207] gpio gpiochip2: (gpio-64-95): created GPIO range 14->21 ==> 44e10800.pinmux PIN 100->107
[    0.589465] gpio gpiochip2: (gpio-64-95): added GPIO chardev (254:2)
[    0.589634] gpio gpiochip2: registered GPIOs 576 to 607 on gpio-64-95
[    0.595339] 48000000.interconnect:segment@200000:target-module@0:mpu@0:fck: device ID is greater than 24
[    0.599468] platform 4830e000.lcdc: Fixed dependency cycle(s) with /ocp/interconnect@44c00000/segment@200000/target-module@b000/i2c@0/tda19988@70
[    0.608861] mdio_bus 4a101000.mdio: using DT '/ocp/interconnect@4a000000/segment@0/target-module@100000/switch@0/mdio@1000' for 'reset' GPIO lookup
[    0.608953] of_get_named_gpiod_flags: can't parse 'reset-gpios' property of node '/ocp/interconnect@4a000000/segment@0/target-module@100000/switch@0/mdio@1000[0]'
[    0.609006] of_get_named_gpiod_flags: can't parse 'reset-gpio' property of node '/ocp/interconnect@4a000000/segment@0/target-module@100000/switch@0/mdio@1000[0]'
[    0.609058] mdio_bus 4a101000.mdio: using lookup tables for GPIO lookup
[    0.609070] mdio_bus 4a101000.mdio: No GPIO consumer reset found
[    0.611232] sdhci-omap 481d8000.mmc: using DT '/ocp/interconnect@48000000/segment@100000/target-module@d8000/mmc@0' for 'wp' GPIO lookup
[    0.611311] of_get_named_gpiod_flags: can't parse 'wp-gpios' property of node '/ocp/interconnect@48000000/segment@100000/target-module@d8000/mmc@0[0]'
[    0.611362] of_get_named_gpiod_flags: can't parse 'wp-gpio' property of node '/ocp/interconnect@48000000/segment@100000/target-module@d8000/mmc@0[0]'
[    0.611401] sdhci-omap 481d8000.mmc: using lookup tables for GPIO lookup
[    0.611413] sdhci-omap 481d8000.mmc: No GPIO consumer wp found
[    0.611618] sdhci-omap 481d8000.mmc: supply pbias not found, using dummy regulator
[    0.612088] sdhci-omap 481d8000.mmc: supply vqmmc not found, using dummy regulator
[    0.688666] davinci_mdio 4a101000.mdio: davinci mdio revision 1.6, bus freq 1000000
[    0.709321] mdio_bus 4a101000.mdio:00: using DT '/ocp/interconnect@4a000000/segment@0/target-module@100000/switch@0/mdio@1000/ethernet-phy@0' for 'reset' GPIO lookup
[    0.709434] of_get_named_gpiod_flags: parsed 'reset-gpios' property of node '/ocp/interconnect@4a000000/segment@0/target-module@100000/switch@0/mdio@1000/ethernet-phy@0[0]' - status (0)
[    0.709605] gpio gpiochip0: Persistence not supported for GPIO 8
[    0.812881] davinci_mdio 4a101000.mdio: phy[0]: device 4a101000.mdio:00, driver SMSC LAN8710/LAN8720
[    0.813521] cpsw-switch 4a100000.switch: initialized cpsw ale version 1.4
[    0.813548] cpsw-switch 4a100000.switch: ALE Table size 1024
[    0.813707] cpsw-switch 4a100000.switch: cpts: overflow check period 500 (jiffies)
[    0.813727] cpsw-switch 4a100000.switch: CPTS: ref_clk_freq:250000000 calc_mult:2147483648 calc_shift:29 error:0 nsec/sec
[    0.813842] cpsw-switch 4a100000.switch: Detected MACID = 6c:ec:eb:68:de:78
[    0.815829] cpsw-switch 4a100000.switch: initialized (regs 0x4a100000, pool size 256) hw_ver:0019010C 1.12 (0)
[    0.826711] debugfs: Directory '49000000.dma' with parent 'dmaengine' already present!
[    0.826759] edma 49000000.dma: TI EDMA DMA engine driver
[    0.858405] target-module@4b000000:target-module@140000:pmu@0:fck: device ID is greater than 24
[    0.881147] hw perfevents: enabled with armv7_cortex_a8 PMU driver, 5 counters available
[    0.882045] gpio-clk clk_mcasp0: using DT '/clk_mcasp0' for 'enable' GPIO lookup
[    0.882117] of_get_named_gpiod_flags: parsed 'enable-gpios' property of node '/clk_mcasp0[0]' - status (0)
[    0.882166] gpio gpiochip0: Persistence not supported for GPIO 27
[    0.882978] gpiochip_find_base_unlocked: found new base at 608
[    0.883099] gpio gpiochip3: (gpio-96-127): created GPIO range 0->7 ==> 44e10800.pinmux PIN 82->89
[    0.883123] gpio gpiochip3: (gpio-96-127): created GPIO range 8->11 ==> 44e10800.pinmux PIN 52->55
[    0.883143] gpio gpiochip3: (gpio-96-127): created GPIO range 12->15 ==> 44e10800.pinmux PIN 94->97
[    0.883160] gpio gpiochip3: (gpio-96-127): created GPIO range 16->17 ==> 44e10800.pinmux PIN 71->72
[    0.883178] gpio gpiochip3: (gpio-96-127): created GPIO range 18->18 ==> 44e10800.pinmux PIN 135->135
[    0.883198] gpio gpiochip3: (gpio-96-127): created GPIO range 19->20 ==> 44e10800.pinmux PIN 108->109
[    0.883216] gpio gpiochip3: (gpio-96-127): created GPIO range 21->21 ==> 44e10800.pinmux PIN 73->73
[    0.883235] gpio gpiochip3: (gpio-96-127): created GPIO range 22->23 ==> 44e10800.pinmux PIN 8->9
[    0.883255] gpio gpiochip3: (gpio-96-127): created GPIO range 26->27 ==> 44e10800.pinmux PIN 10->11
[    0.883274] gpio gpiochip3: (gpio-96-127): created GPIO range 28->28 ==> 44e10800.pinmux PIN 74->74
[    0.883295] gpio gpiochip3: (gpio-96-127): created GPIO range 29->29 ==> 44e10800.pinmux PIN 81->81
[    0.883316] gpio gpiochip3: (gpio-96-127): created GPIO range 30->31 ==> 44e10800.pinmux PIN 28->29
[    0.888824] l3-aon-clkctrl:0000:0: failed to disable
[    0.900447] gpio gpiochip3: (gpio-96-127): added GPIO chardev (254:3)
[    0.900600] gpio gpiochip3: registered GPIOs 608 to 639 on gpio-96-127
[    0.902594] omap8250 44e09000.serial: using DT '/ocp/interconnect@44c00000/segment@200000/target-module@9000/serial@0' for 'rs485-term' GPIO lookup
[    0.902674] of_get_named_gpiod_flags: can't parse 'rs485-term-gpios' property of node '/ocp/interconnect@44c00000/segment@200000/target-module@9000/serial@0[0]'
[    0.902724] of_get_named_gpiod_flags: can't parse 'rs485-term-gpio' property of node '/ocp/interconnect@44c00000/segment@200000/target-module@9000/serial@0[0]'
[    0.902764] omap8250 44e09000.serial: using lookup tables for GPIO lookup
[    0.902776] omap8250 44e09000.serial: No GPIO consumer rs485-term found
[    0.902787] omap8250 44e09000.serial: using DT '/ocp/interconnect@44c00000/segment@200000/target-module@9000/serial@0' for 'rs485-rx-during-tx' GPIO lookup
[    0.902826] of_get_named_gpiod_flags: can't parse 'rs485-rx-during-tx-gpios' property of node '/ocp/interconnect@44c00000/segment@200000/target-module@9000/serial@0[0]'
[    0.902868] of_get_named_gpiod_flags: can't parse 'rs485-rx-during-tx-gpio' property of node '/ocp/interconnect@44c00000/segment@200000/target-module@9000/serial@0[0]'
[    0.902903] omap8250 44e09000.serial: using lookup tables for GPIO lookup
[    0.902914] omap8250 44e09000.serial: No GPIO consumer rs485-rx-during-tx found
[    0.903286] 44e09000.serial: ttyS0 at MMIO 0x44e09000 (irq = 34, base_baud = 3000000) is a 8250
[    0.903372] printk: legacy console [ttyS0] enabled
[    2.076811] i2c i2c-0: using DT '/ocp/interconnect@44c00000/segment@200000/target-module@b000/i2c@0' for 'scl' GPIO lookup
[    2.076900] of_get_named_gpiod_flags: can't parse 'scl-gpios' property of node '/ocp/interconnect@44c00000/segment@200000/target-module@b000/i2c@0[0]'
[    2.076950] of_get_named_gpiod_flags: can't parse 'scl-gpio' property of node '/ocp/interconnect@44c00000/segment@200000/target-module@b000/i2c@0[0]'
[    2.076991] i2c i2c-0: using lookup tables for GPIO lookup
[    2.077004] i2c i2c-0: No GPIO consumer scl found
[    2.077029] i2c i2c-0: using DT '/ocp/interconnect@44c00000/segment@200000/target-module@b000/i2c@0' for 'sda' GPIO lookup
[    2.077070] of_get_named_gpiod_flags: can't parse 'sda-gpios' property of node '/ocp/interconnect@44c00000/segment@200000/target-module@b000/i2c@0[0]'
[    2.077114] of_get_named_gpiod_flags: can't parse 'sda-gpio' property of node '/ocp/interconnect@44c00000/segment@200000/target-module@b000/i2c@0[0]'
[    2.077151] i2c i2c-0: using lookup tables for GPIO lookup
[    2.077162] i2c i2c-0: No GPIO consumer sda found
[    2.116437] tps65217-pmic: Failed to locate of_node [id: -1]
[    2.122515] tps65217-bl: Failed to locate of_node [id: -1]
[    2.153764] tps65217 0-0024: TPS65217 ID 0xe version 1.2
[    2.159925] platform 4830e000.lcdc: Fixed dependency cycle(s) with /ocp/interconnect@44c00000/segment@200000/target-module@b000/i2c@0/tda19988@70
[    2.173374] i2c 0-0070: Fixed dependency cycle(s) with /ocp/interconnect@48000000/segment@300000/target-module@e000/lcdc@0
[    2.184799] omap_i2c 44e0b000.i2c: bus 0 rev0.11 at 400 kHz
[    2.203086] sdhci-omap 48060000.mmc: using DT '/ocp/interconnect@48000000/segment@0/target-module@60000/mmc@0' for 'cd' GPIO lookup
[    2.203201] of_get_named_gpiod_flags: parsed 'cd-gpios' property of node '/ocp/interconnect@48000000/segment@0/target-module@60000/mmc@0[0]' - status (0)
[    2.203273] gpio gpiochip3: Persistence not supported for GPIO 6
[    2.203298] omap_gpio 44e07000.gpio: Could not set line 6 debounce to 200000 microseconds (-22)
[    2.212241] sdhci-omap 48060000.mmc: Got CD GPIO
[    2.216943] sdhci-omap 48060000.mmc: using DT '/ocp/interconnect@48000000/segment@0/target-module@60000/mmc@0' for 'wp' GPIO lookup
[    2.216996] of_get_named_gpiod_flags: can't parse 'wp-gpios' property of node '/ocp/interconnect@48000000/segment@0/target-module@60000/mmc@0[0]'
[    2.217043] of_get_named_gpiod_flags: can't parse 'wp-gpio' property of node '/ocp/interconnect@48000000/segment@0/target-module@60000/mmc@0[0]'
[    2.217084] sdhci-omap 48060000.mmc: using lookup tables for GPIO lookup
[    2.217098] sdhci-omap 48060000.mmc: No GPIO consumer wp found
[    2.217321] sdhci-omap 48060000.mmc: supply pbias not found, using dummy regulator
[    2.226722] sdhci-omap 481d8000.mmc: using DT '/ocp/interconnect@48000000/segment@100000/target-module@d8000/mmc@0' for 'wp' GPIO lookup
[    2.226805] of_get_named_gpiod_flags: can't parse 'wp-gpios' property of node '/ocp/interconnect@48000000/segment@100000/target-module@d8000/mmc@0[0]'
[    2.226855] of_get_named_gpiod_flags: can't parse 'wp-gpio' property of node '/ocp/interconnect@48000000/segment@100000/target-module@d8000/mmc@0[0]'
[    2.226896] sdhci-omap 481d8000.mmc: using lookup tables for GPIO lookup
[    2.226910] sdhci-omap 481d8000.mmc: No GPIO consumer wp found
[    2.230304] sdhci-omap 48060000.mmc: supply vqmmc not found, using dummy regulator
[    2.239002] sdhci-omap 481d8000.mmc: supply pbias not found, using dummy regulator
[    2.247303] sdhci-omap 481d8000.mmc: supply vqmmc not found, using dummy regulator
[    2.284675] mmc1: SDHCI controller on 481d8000.mmc [481d8000.mmc] using External DMA
[    2.293037] mmc0: SDHCI controller on 48060000.mmc [48060000.mmc] using External DMA
[    2.301905] cpsw-switch 4a100000.switch: starting ndev. mode: dual_mac
[    2.343348] mmc0: new high speed SDHC card at address 5048
[    2.350367] mmcblk0: mmc0:5048 SD16G 14.4 GiB
[    2.358375]  mmcblk0: p1 p2
[    2.361730] mmcblk0: p2 size 31221760 extends beyond EOD, truncated
[    2.376220] mmc1: new high speed MMC card at address 0001
[    2.382959] mmcblk1: mmc1:0001 MMC04G 3.60 GiB
[    2.390556]  mmcblk1: p1 p2
[    2.394183] SMSC LAN8710/LAN8720 4a101000.mdio:00: attached PHY driver (mii_bus:phy_addr=4a101000.mdio:00, irq=POLL)
[    2.405722] mmcblk1boot0: mmc1:0001 MMC04G 2.00 MiB
[    2.412667] mmcblk1boot1: mmc1:0001 MMC04G 2.00 MiB
[    2.425709] mmcblk1rpmb: mmc1:0001 MMC04G 128 KiB, chardev (250:0)
[    5.524882] cpsw-switch 4a100000.switch eth0: Link is Up - 100Mbps/Full - flow control off
[    5.564143] IP-Config: Complete:
[    5.567412]      device=eth0, hwaddr=6c:ec:eb:68:de:78, ipaddr=192.168.255.1, mask=255.255.255.0, gw=255.255.255.255
[    5.578032]      host=bbb1, domain=, nis-domain=(none)
[    5.583200]      bootserver=192.168.255.126, rootserver=192.168.255.126, rootpath=
[    5.583623] clk: Disabling unused clocks
[    5.595487] PM: genpd: Disabling unused power domains
[    5.600608] KTAP version 1
[    5.603329] 1..0
[    5.637673] VFS: Mounted root (nfs filesystem) on device 0:17.
[    5.644709] devtmpfs: mounted
[    5.649395] Freeing unused kernel image (initmem) memory: 1024K
[    5.656182] Run /sbin/init as init process
[    5.660314]   with arguments:
[    5.660327]     /sbin/init
[    5.660337]     nfsrootdebug
[    5.660346]   with environment:
[    5.660355]     HOME=/
[    5.660364]     TERM=linux
[    6.345380] systemd[1]: System time before build time, advancing clock.
[    7.814150] random: crng init done
[    7.885854] systemd[1]: systemd 232 running in system mode. (+PAM +AUDIT +SELINUX +IMA +APPARMOR +SMACK +SYSVINIT +UTMP +LIBCRYPTSETUP +GCRYPT +GNUTLS +ACL +XZ +LZ4 +SECCOMP +BLKID +ELFUTILS +KMOD +IDN)
[    7.904997] systemd[1]: Detected architecture arm.
[    7.947300] systemd[1]: Set hostname to <arm>.
[    9.026872] systemd[1]: Created slice System Slice.
[    9.055562] systemd[1]: Created slice system-serial\x2dgetty.slice.
[    9.095173] systemd[1]: Listening on Journal Audit Socket.
[    9.136059] systemd[1]: Listening on Journal Socket (/dev/log).
[    9.174948] systemd[1]: Started Forward Password Requests to Wall Directory Watch.
[    9.216039] systemd[1]: Listening on udev Control Socket.
[    9.254470] systemd[1]: Reached target Remote File Systems.
[   11.216854] systemd-journald[84]: Received request to flush runtime journal from PID 1
[   14.009083] leds-gpio leds: using DT '/leds/led2' for '(default)' GPIO lookup
[   14.009204] of_get_named_gpiod_flags: parsed 'gpios' property of node '/leds/led2[0]' - status (0)
[   14.009265] gpio gpiochip0: Persistence not supported for GPIO 21
[   14.009282] gpio-533 (?): no flags found for GPIO (default)
[   14.082088] leds-gpio leds: using DT '/leds/led3' for '(default)' GPIO lookup
[   14.082197] of_get_named_gpiod_flags: parsed 'gpios' property of node '/leds/led3[0]' - status (0)
[   14.082254] gpio gpiochip0: Persistence not supported for GPIO 22
[   14.082270] gpio-534 (?): no flags found for GPIO (default)
[   14.131003] leds-gpio leds: using DT '/leds/led4' for '(default)' GPIO lookup
[   14.131109] of_get_named_gpiod_flags: parsed 'gpios' property of node '/leds/led4[0]' - status (0)
[   14.131166] gpio gpiochip0: Persistence not supported for GPIO 23
[   14.131182] gpio-535 (?): no flags found for GPIO (default)
[   14.155326] leds-gpio leds: using DT '/leds/led5' for '(default)' GPIO lookup
[   14.155425] of_get_named_gpiod_flags: parsed 'gpios' property of node '/leds/led5[0]' - status (0)
[   14.155478] gpio gpiochip0: Persistence not supported for GPIO 24
[   14.155493] gpio-536 (?): no flags found for GPIO (default)
[   14.467087] remoteproc remoteproc0: wkup_m3 is available
[   14.727888] am335x-phy-driver 47401300.usb-phy: using DT '/ocp/target-module@47400000/usb-phy@1300' for 'reset' GPIO lookup
[   14.727984] of_get_named_gpiod_flags: can't parse 'reset-gpios' property of node '/ocp/target-module@47400000/usb-phy@1300[0]'
[   14.728033] of_get_named_gpiod_flags: can't parse 'reset-gpio' property of node '/ocp/target-module@47400000/usb-phy@1300[0]'
[   14.728073] am335x-phy-driver 47401300.usb-phy: using lookup tables for GPIO lookup
[   14.728088] am335x-phy-driver 47401300.usb-phy: No GPIO consumer reset found
[   14.728103] am335x-phy-driver 47401300.usb-phy: using DT '/ocp/target-module@47400000/usb-phy@1300' for 'vbus-detect' GPIO lookup
[   14.728135] of_get_named_gpiod_flags: can't parse 'vbus-detect-gpios' property of node '/ocp/target-module@47400000/usb-phy@1300[0]'
[   14.728169] of_get_named_gpiod_flags: can't parse 'vbus-detect-gpio' property of node '/ocp/target-module@47400000/usb-phy@1300[0]'
[   14.728198] am335x-phy-driver 47401300.usb-phy: using lookup tables for GPIO lookup
[   14.728210] am335x-phy-driver 47401300.usb-phy: No GPIO consumer vbus-detect found
[   14.728356] am335x-phy-driver 47401300.usb-phy: dummy supplies not allowed for exclusive requests (id=vbus)
[   14.851090] am335x-phy-driver 47401b00.usb-phy: using DT '/ocp/target-module@47400000/usb-phy@1b00' for 'reset' GPIO lookup
[   14.851182] of_get_named_gpiod_flags: can't parse 'reset-gpios' property of node '/ocp/target-module@47400000/usb-phy@1b00[0]'
[   14.851227] of_get_named_gpiod_flags: can't parse 'reset-gpio' property of node '/ocp/target-module@47400000/usb-phy@1b00[0]'
[   14.851266] am335x-phy-driver 47401b00.usb-phy: using lookup tables for GPIO lookup
[   14.851280] am335x-phy-driver 47401b00.usb-phy: No GPIO consumer reset found
[   14.851296] am335x-phy-driver 47401b00.usb-phy: using DT '/ocp/target-module@47400000/usb-phy@1b00' for 'vbus-detect' GPIO lookup
[   14.851328] of_get_named_gpiod_flags: can't parse 'vbus-detect-gpios' property of node '/ocp/target-module@47400000/usb-phy@1b00[0]'
[   14.851361] of_get_named_gpiod_flags: can't parse 'vbus-detect-gpio' property of node '/ocp/target-module@47400000/usb-phy@1b00[0]'
[   14.851390] am335x-phy-driver 47401b00.usb-phy: using lookup tables for GPIO lookup
[   14.851402] am335x-phy-driver 47401b00.usb-phy: No GPIO consumer vbus-detect found
[   14.851550] am335x-phy-driver 47401b00.usb-phy: dummy supplies not allowed for exclusive requests (id=vbus)
[   15.038285] wkup_m3_ipc 44e11324.wkup_m3_ipc: IPC Request for A8->M3 Channel failed! -517
[   15.055054] usbcore: registered new interface driver usbfs
[   15.060709] usbcore: registered new interface driver hub
[   15.066423] usbcore: registered new device driver usb
[   15.086388] at24 2-0054: supply vcc not found, using dummy regulator
[   15.208138] at24 2-0055: supply vcc not found, using dummy regulator
[   15.320866] at24 2-0056: supply vcc not found, using dummy regulator
[   15.410651] at24 2-0057: supply vcc not found, using dummy regulator
[   15.427510] wkup_m3_ipc 44e11324.wkup_m3_ipc: IPC Request for A8->M3 Channel failed! -517
[   15.527265] omap_wdt: OMAP Watchdog Timer Rev 0x01: initial timeout 60 sec
[   15.568040] wkup_m3_ipc 44e11324.wkup_m3_ipc: IPC Request for A8->M3 Channel failed! -517
[   15.585696] at24 0-0050: using DT '/ocp/interconnect@44c00000/segment@200000/target-module@b000/i2c@0/baseboard_eeprom@50' for 'wp' GPIO lookup
[   15.585819] of_get_named_gpiod_flags: can't parse 'wp-gpios' property of node '/ocp/interconnect@44c00000/segment@200000/target-module@b000/i2c@0/baseboard_eeprom@50[0]'
[   15.585886] of_get_named_gpiod_flags: can't parse 'wp-gpio' property of node '/ocp/interconnect@44c00000/segment@200000/target-module@b000/i2c@0/baseboard_eeprom@50[0]'
[   15.585935] at24 0-0050: using lookup tables for GPIO lookup
[   15.585949] at24 0-0050: No GPIO consumer wp found
[   15.586269] at24 0-0050: 32768 byte 24c256 EEPROM, writable, 1 bytes/write
[   15.715422] wkup_m3_ipc 44e11324.wkup_m3_ipc: IPC Request for A8->M3 Channel failed! -517
[   15.899538] omap_rtc 44e3e000.rtc: registered as rtc0
[   15.904871] omap_rtc 44e3e000.rtc: setting system clock to 2000-01-01T00:00:00 UTC (946684800)
[   15.913569] omap_rtc 44e3e000.rtc: using DT '/ocp/interconnect@44c00000/segment@200000/target-module@3e000/rtc@0' for 'wp' GPIO lookup
[   15.913644] of_get_named_gpiod_flags: can't parse 'wp-gpios' property of node '/ocp/interconnect@44c00000/segment@200000/target-module@3e000/rtc@0[0]'
[   15.913697] of_get_named_gpiod_flags: can't parse 'wp-gpio' property of node '/ocp/interconnect@44c00000/segment@200000/target-module@3e000/rtc@0[0]'
[   15.913740] omap_rtc 44e3e000.rtc: using lookup tables for GPIO lookup
[   15.913753] omap_rtc 44e3e000.rtc: No GPIO consumer wp found
[   15.915488] wkup_m3_ipc 44e11324.wkup_m3_ipc: IPC Request for A8->M3 Channel failed! -517
[   15.971235] tps6521x_pwrbutton tps65217-pwrbutton: DMA mask not set
[   16.082605] input: tps65217_pwrbutton as /devices/platform/ocp/44c00000.interconnect/44c00000.interconnect:segment@200000/44e0b000.target-module/44e0b000.i2c/i2c-0/0-0024/tps65217-pwrbutton/input/input0
[   16.105403] wkup_m3_ipc 44e11324.wkup_m3_ipc: IPC Request for A8->M3 Channel failed! -517
[   16.368882] wkup_m3_ipc 44e11324.wkup_m3_ipc: IPC Request for A8->M3 Channel failed! -517
[   16.482757] musb-hdrc musb-hdrc.1: MUSB HDRC host driver
[   16.488434] musb-hdrc musb-hdrc.1: new USB bus registered, assigned bus number 1
[   16.534826] wkup_m3_ipc 44e11324.wkup_m3_ipc: IPC Request for A8->M3 Channel failed! -517
[   16.652722] usb usb1: New USB device found, idVendor=1d6b, idProduct=0002, bcdDevice= 6.11
[   16.661250] usb usb1: New USB device strings: Mfr=3, Product=2, SerialNumber=1
[   16.668568] usb usb1: Product: MUSB HDRC host driver
[   16.673563] usb usb1: Manufacturer: Linux 6.11.11 musb-hcd
[   16.679104] usb usb1: SerialNumber: musb-hdrc.1
[   16.831249] hub 1-0:1.0: USB hub found
[   16.896787] hub 1-0:1.0: 1 port detected
[   16.958741] wkup_m3_ipc 44e11324.wkup_m3_ipc: IPC Request for A8->M3 Channel failed! -517
[   17.066201] wkup_m3_ipc 44e11324.wkup_m3_ipc: IPC Request for A8->M3 Channel failed! -517
[   17.244745] tda998x 0-0070: found TDA19988
[   17.348980] wkup_m3_ipc 44e11324.wkup_m3_ipc: IPC Request for A8->M3 Channel failed! -517
[   17.486596] omap-mailbox 480c8000.mailbox: omap mailbox rev 0x400
[   17.575138] remoteproc remoteproc0: powering up wkup_m3
[   17.707111] remoteproc remoteproc0: Direct firmware load for am335x-pm-firmware.elf failed with error -2
[   17.716982] remoteproc remoteproc0: request_firmware failed: -2
[   17.722949] wkup_m3_ipc 44e11324.wkup_m3_ipc: rproc_boot failed
[   19.429174] tilcdc 4830e000.lcdc: bound 0-0070 (ops 0xbf0cd030)
[   19.439451] omap_rng 48310000.rng: Random Number Generator ver. 20
[   19.524990] [drm] Initialized tilcdc 1.0.0 for 4830e000.lcdc on minor 0
[   19.587965] tilcdc 4830e000.lcdc: [drm] Cannot find any crtc or sizes
[   19.721550] tilcdc 4830e000.lcdc: [drm] Cannot find any crtc or sizes
[   20.777723] PM: Cannot get wkup_m3_ipc handle
[   20.810180] omap-sham 53100000.sham: hw accel on OMAP rev 4.3
[   20.985144] omap-sham 53100000.sham: will run requests pump with realtime priority
[   21.004735] PM: Cannot get wkup_m3_ipc handle
[   21.301184] omap-aes 53500000.aes: OMAP AES hw accel rev: 3.2
[   21.421205] omap-aes 53500000.aes: will run requests pump with realtime priority
[   21.432736] PM: Cannot get wkup_m3_ipc handle
[   23.248957] Bluetooth: Core ver 2.22
[   23.252781] NET: Registered PF_BLUETOOTH protocol family
[   23.258372] Bluetooth: HCI device and connection manager initialized
[   23.265025] Bluetooth: HCI socket layer initialized
[   23.269945] Bluetooth: L2CAP socket layer initialized
[   23.275120] Bluetooth: SCO socket layer initialized
[   24.787121] PM: Cannot get wkup_m3_ipc handle
[   24.792878] asoc-simple-card sound: using DT '/sound' for 'simple-audio-card,hp-det' GPIO lookup
[   24.792950] of_get_named_gpiod_flags: can't parse 'simple-audio-card,hp-det-gpios' property of node '/sound[0]'
[   24.792987] of_get_named_gpiod_flags: can't parse 'simple-audio-card,hp-det-gpio' property of node '/sound[0]'
[   24.793014] asoc-simple-card sound: using lookup tables for GPIO lookup
[   24.793028] asoc-simple-card sound: No GPIO consumer simple-audio-card,hp-det found
[   24.793043] asoc-simple-card sound: using DT '/sound' for 'simple-audio-card,mic-det' GPIO lookup
[   24.793068] of_get_named_gpiod_flags: can't parse 'simple-audio-card,mic-det-gpios' property of node '/sound[0]'
[   24.793096] of_get_named_gpiod_flags: can't parse 'simple-audio-card,mic-det-gpio' property of node '/sound[0]'
[   24.793116] asoc-simple-card sound: using lookup tables for GPIO lookup
[   24.793129] asoc-simple-card sound: No GPIO consumer simple-audio-card,mic-det found
[   24.925766] PM: Cannot get wkup_m3_ipc handle
[   28.249691] userial_init: registered 8 ttyGS* devices
[   28.430859] rndis_register: configNr = 0
[   28.502568] udc musb-hdrc.0: binding gadget driver [g_multi]
[   28.502663] configfs-gadget.g_multi gadget.0: adding 'rndis'/30f8c25c to config 'c'/4f06d9ab
[   28.503805] configfs-gadget.g_multi gadget.0: HOST MAC 1c:ba:8c:a2:ed:6c
[   28.510834] configfs-gadget.g_multi gadget.0: MAC 1c:ba:8c:a2:ed:70
[   28.517377] rndis_set_param_medium: 0 0
[   28.517404] configfs-gadget.g_multi gadget.0: RNDIS: IN/ep1in OUT/ep1out NOTIFY/ep2in
[   28.517421] configfs-gadget.g_multi gadget.0: adding 'cdc_ethernet'/82534bae to config 'c'/4f06d9ab
[   28.518359] configfs-gadget.g_multi gadget.0: HOST MAC 1c:ba:8c:a2:ed:6c
[   28.525218] configfs-gadget.g_multi gadget.0: MAC 1c:ba:8c:a2:ed:6d
[   28.531558] configfs-gadget.g_multi gadget.0: CDC Ethernet: IN/ep3in OUT/ep2out NOTIFY/ep4in
[   28.531577] configfs-gadget.g_multi gadget.0: adding 'acm'/725d8408 to config 'c'/4f06d9ab
[   28.531623] configfs-gadget.g_multi gadget.0: acm ttyGS0: IN/ep5in OUT/ep3out NOTIFY/ep6in
[   28.535117] PM: Cannot get wkup_m3_ipc handle
[   30.761312] configfs-gadget.g_multi gadget.0: eth_open
[   34.669726] gs_open: ttyGS0 (f89e57f7,505f4b34)
[   34.669860] gs_close: ttyGS0 (f89e57f7,505f4b34) ...
[   34.669884] gs_close: ttyGS0 (f89e57f7,505f4b34) done!
[   34.682352] gs_open: ttyGS0 (2fbc32d1,b754aa2c)
[   34.682463] gs_close: ttyGS0 (2fbc32d1,b754aa2c) ...
[   34.682487] gs_close: ttyGS0 (2fbc32d1,b754aa2c) done!
[   34.849357] gs_open: ttyGS0 (2fbc32d1,505f4b34)
[   34.857279] gs_close: ttyGS0 (2fbc32d1,505f4b34) ...
[   34.857345] gs_close: ttyGS0 (2fbc32d1,505f4b34) done!
[   34.857965] gs_open: ttyGS0 (f89e57f7,505f4b34)
ALKNLNMVXB 0
root@arm:~# echo 'HBQG''TZPSOV'
HBQGTZPSOV
root@arm:~# MARKER='KGPF''HTVBUC' run 'modprobe test_linear_ranges'
KGPFHTVBUCKGPFHTVBUC 0
root@arm:~# echo 'UVBP''HZZJJW'
UVBPHZZJJW
root@arm:~# MARKER='MLCN''YTAGXN' run dmesg
MLCNYTAGXN[    0.000000] Booting Linux on physical CPU 0x0
[    0.000000] Linux version 6.11.11 (user01@drvtest01) (arm-linux-gnueabihf-gcc (Linaro GCC 6.4-2017.11) 6.4.1 20171012, GNU ld (Linaro_Binutils-2017.11) 2.27.0.20161229) #10 SMP Thu Dec  5 15:34:55 EET 2024
[    0.000000] CPU: ARMv7 Processor [413fc082] revision 2 (ARMv7), cr=10c5387d
[    0.000000] CPU: PIPT / VIPT nonaliasing data cache, VIPT aliasing instruction cache
[    0.000000] OF: fdt: Machine model: TI AM335x BeagleBone Black
[    0.000000] Memory policy: Data cache writeback
[    0.000000] cma: Reserved 16 MiB at 0x9e800000 on node -1
[    0.000000] Zone ranges:
[    0.000000]   Normal   [mem 0x0000000080000000-0x000000009fdfffff]
[    0.000000]   HighMem  empty
[    0.000000] Movable zone start for each node
[    0.000000] Early memory node ranges
[    0.000000]   node   0: [mem 0x0000000080000000-0x000000009fdfffff]
[    0.000000] Initmem setup node 0 [mem 0x0000000080000000-0x000000009fdfffff]
[    0.000000] CPU: All CPU(s) started in SVC mode.
[    0.000000] AM335X ES2.1 (sgx neon)
[    0.000000] percpu: Embedded 17 pages/cpu s39628 r8192 d21812 u69632
[    0.000000] pcpu-alloc: s39628 r8192 d21812 u69632 alloc=17*4096
[    0.000000] pcpu-alloc: [0] 0 
[    0.000000] Kernel command line: console=ttyO0,115200n8 root=/dev/nfs rw nfsroot=192.168.255.126:/home/user01/nfs,nfsvers=3 ip=192.168.255.1:192.168.255.126::255.255.255.0:bbb1:eth0 nfsrootdebug
[    0.000000] Unknown kernel command line parameters "nfsrootdebug", will be passed to user space.
[    0.000000] Dentry cache hash table entries: 65536 (order: 6, 262144 bytes, linear)
[    0.000000] Inode-cache hash table entries: 32768 (order: 5, 131072 bytes, linear)
[    0.000000] Built 1 zonelists, mobility grouping on.  Total pages: 130560
[    0.000000] mem auto-init: stack:off, heap alloc:off, heap free:off
[    0.000000] SLUB: HWalign=64, Order=0-3, MinObjects=0, CPUs=1, Nodes=1
[    0.000000] trace event string verifier disabled
[    0.000000] rcu: Hierarchical RCU implementation.
[    0.000000] rcu: 	RCU event tracing is enabled.
[    0.000000] rcu: 	RCU restricting CPUs from NR_CPUS=2 to nr_cpu_ids=1.
[    0.000000] rcu: RCU calculated value of scheduler-enlistment delay is 10 jiffies.
[    0.000000] rcu: Adjusting geometry for rcu_fanout_leaf=16, nr_cpu_ids=1
[    0.000000] NR_IRQS: 16, nr_irqs: 16, preallocated irqs: 16
[    0.000000] IRQ: Found an INTC at 0x(ptrval) (revision 5.0) with 128 interrupts
[    0.000000] rcu: srcu_init: Setting srcu_struct sizes based on contention.
[    0.000000] TI gptimer clocksource: always-on /ocp/interconnect@44c00000/segment@200000/target-module@31000
[    0.000002] sched_clock: 32 bits at 24MHz, resolution 41ns, wraps every 89478484971ns
[    0.000028] clocksource: dmtimer: mask: 0xffffffff max_cycles: 0xffffffff, max_idle_ns: 79635851949 ns
[    0.000503] TI gptimer clockevent: 24000000 Hz at /ocp/interconnect@48000000/segment@0/target-module@40000
[    0.002117] Console: colour dummy device 80x30
[    0.002188] WARNING: Your 'console=ttyO0' has been replaced by 'ttyS0'
[    0.002198] This ensures that you still see kernel messages. Please
[    0.002205] update your kernel commandline.
[    0.002247] Calibrating delay loop... 996.14 BogoMIPS (lpj=4980736)
[    0.090561] CPU: Testing write buffer coherency: ok
[    0.090664] CPU0: Spectre v2: using BPIALL workaround
[    0.090678] pid_max: default: 32768 minimum: 301
[    0.090802] LSM: initializing lsm=capability
[    0.090971] Mount-cache hash table entries: 1024 (order: 0, 4096 bytes, linear)
[    0.090997] Mountpoint-cache hash table entries: 1024 (order: 0, 4096 bytes, linear)
[    0.092544] CPU0: thread -1, cpu 0, socket -1, mpidr 0
[    0.094278] Setting up static identity map for 0x80100000 - 0x80100078
[    0.094593] rcu: Hierarchical SRCU implementation.
[    0.094607] rcu: 	Max phase no-delay instances is 1000.
[    0.096276] smp: Bringing up secondary CPUs ...
[    0.096337] smp: Brought up 1 node, 1 CPU
[    0.096354] SMP: Total of 1 processors activated (996.14 BogoMIPS).
[    0.096369] CPU: All CPU(s) started in SVC mode.
[    0.096565] Memory: 480876K/522240K available (11264K kernel code, 1197K rwdata, 2856K rodata, 1024K init, 297K bss, 23344K reserved, 16384K cma-reserved, 0K highmem)
[    0.097377] devtmpfs: initialized
[    0.114289] VFP support v0.3: implementor 41 architecture 3 part 30 variant c rev 3
[    0.114644] clocksource: jiffies: mask: 0xffffffff max_cycles: 0xffffffff, max_idle_ns: 19112604462750000 ns
[    0.114680] futex hash table entries: 256 (order: 2, 16384 bytes, linear)
[    0.115932] pinctrl core: initialized pinctrl subsystem
[    0.118676] NET: Registered PF_NETLINK/PF_ROUTE protocol family
[    0.121727] DMA: preallocated 256 KiB pool for atomic coherent allocations
[    0.122704] audit: initializing netlink subsys (disabled)
[    0.124097] thermal_sys: Registered thermal governor 'fair_share'
[    0.124118] thermal_sys: Registered thermal governor 'step_wise'
[    0.124130] thermal_sys: Registered thermal governor 'user_space'
[    0.124241] audit: type=2000 audit(0.120:1): state=initialized audit_enabled=0 res=1
[    0.124313] cpuidle: using governor menu
[    0.143151] No ATAGs?
[    0.143184] hw-breakpoint: debug architecture 0x4 unsupported.
[    0.146063] kprobes: kprobe jump-optimization is enabled. All kprobes are optimized if possible.
[    0.164378] iommu: Default domain type: Translated
[    0.164405] iommu: DMA domain TLB invalidation policy: strict mode
[    0.165976] reg-fixed-voltage fixedregulator0: using DT '/fixedregulator0' for '(default)' GPIO lookup
[    0.166038] of_get_named_gpiod_flags: can't parse 'gpios' property of node '/fixedregulator0[0]'
[    0.166070] of_get_named_gpiod_flags: can't parse 'gpio' property of node '/fixedregulator0[0]'
[    0.166092] reg-fixed-voltage fixedregulator0: using lookup tables for GPIO lookup
[    0.166104] reg-fixed-voltage fixedregulator0: No GPIO consumer (default) found
[    0.171318] SCSI subsystem initialized
[    0.181338] libata version 3.00 loaded.
[    0.181720] pps_core: LinuxPPS API ver. 1 registered
[    0.181735] pps_core: Software ver. 5.3.6 - Copyright 2005-2007 Rodolfo Giometti <giometti@linux.it>
[    0.181761] PTP clock support registered
[    0.183728] vgaarb: loaded
[    0.184133] clocksource: Switched to clocksource dmtimer
[    0.184739] VFS: Disk quotas dquot_6.6.0
[    0.184789] VFS: Dquot-cache hash table entries: 1024 (order 0, 4096 bytes)
[    0.210906] NET: Registered PF_INET protocol family
[    0.211263] IP idents hash table entries: 8192 (order: 4, 65536 bytes, linear)
[    0.212666] tcp_listen_portaddr_hash hash table entries: 512 (order: 0, 4096 bytes, linear)
[    0.212710] Table-perturb hash table entries: 65536 (order: 6, 262144 bytes, linear)
[    0.212730] TCP established hash table entries: 4096 (order: 2, 16384 bytes, linear)
[    0.212775] TCP bind hash table entries: 4096 (order: 4, 65536 bytes, linear)
[    0.212878] TCP: Hash tables configured (established 4096 bind 4096)
[    0.213001] UDP hash table entries: 256 (order: 1, 8192 bytes, linear)
[    0.213031] UDP-Lite hash table entries: 256 (order: 1, 8192 bytes, linear)
[    0.213210] NET: Registered PF_UNIX/PF_LOCAL protocol family
[    0.225034] RPC: Registered named UNIX socket transport module.
[    0.225065] RPC: Registered udp transport module.
[    0.225072] RPC: Registered tcp transport module.
[    0.225079] RPC: Registered tcp-with-tls transport module.
[    0.225086] RPC: Registered tcp NFSv4.1 backchannel transport module.
[    0.225116] PCI: CLS 0 bytes, default 64
[    0.226578] Initialise system trusted keyrings
[    0.227297] workingset: timestamp_bits=14 max_order=17 bucket_order=3
[    0.228989] NFS: Registering the id_resolver key type
[    0.229097] Key type id_resolver registered
[    0.229107] Key type id_legacy registered
[    0.229162] jffs2: version 2.2. (NAND) (SUMMARY)  Â© 2001-2006 Red Hat, Inc.
[    0.229585] Key type asymmetric registered
[    0.229606] Asymmetric key parser 'x509' registered
[    0.229671] io scheduler mq-deadline registered
[    0.229685] io scheduler kyber registered
[    0.229759] io scheduler bfq registered
[    0.244661] Serial: 8250/16550 driver, 6 ports, IRQ sharing enabled
[    0.290924] brd: module loaded
[    0.307410] loop: module loaded
[    0.308357] mtdoops: mtd device (mtddev=name/number) must be supplied
[    0.318151] mdio_bus fixed-0: using lookup tables for GPIO lookup
[    0.318186] mdio_bus fixed-0: No GPIO consumer reset found
[    0.319591] i2c_dev: i2c /dev entries driver
[    0.320560] cpuidle: enable-method property 'ti,am3352' found operations
[    0.321013] sdhci: Secure Digital Host Controller Interface driver
[    0.321027] sdhci: Copyright(c) Pierre Ossman
[    0.321203] sdhci-pltfm: SDHCI platform and OF driver helper
[    0.321485] ledtrig-cpu: registered to indicate activity on CPUs
[    0.322415] Initializing XFRM netlink socket
[    0.322540] NET: Registered PF_INET6 protocol family
[    0.341659] Segment Routing with IPv6
[    0.341759] In-situ OAM (IOAM) with IPv6
[    0.341859] sit: IPv6, IPv4 and MPLS over IPv4 tunneling driver
[    0.342819] NET: Registered PF_PACKET protocol family
[    0.342868] NET: Registered PF_KEY protocol family
[    0.342988] Key type dns_resolver registered
[    0.343262] ThumbEE CPU extension supported.
[    0.343286] Registering SWP/SWPB emulation handler
[    0.343806] omap_voltage_late_init: Voltage driver support not added
[    0.344334] SmartReflex Class3 initialized
[    0.365035] Loading compiled-in X.509 certificates
[    0.424748] gpiochip_find_base_unlocked: found new base at 512
[    0.454030] platform 44e10800.pinmux: Fixed dependency cycle(s) with /ocp/interconnect@44c00000/segment@200000/target-module@10000/scm@0/pinmux@800/clkout2-pins
[    0.454859] pinctrl-single 44e10800.pinmux: 142 pins, size 568
[    0.459907] ti-sysc 44e31000.target-module: probe with driver ti-sysc failed with error -16
[    0.501170] ti-sysc 48040000.target-module: probe with driver ti-sysc failed with error -16
[    0.512196] gpiochip_find_base_unlocked: found new base at 512
[    0.512309] gpio gpiochip0: (gpio-0-31): created GPIO range 0->7 ==> 44e10800.pinmux PIN 0->7
[    0.512331] gpio gpiochip0: (gpio-0-31): created GPIO range 8->11 ==> 44e10800.pinmux PIN 90->93
[    0.512349] gpio gpiochip0: (gpio-0-31): created GPIO range 12->27 ==> 44e10800.pinmux PIN 12->27
[    0.512367] gpio gpiochip0: (gpio-0-31): created GPIO range 28->31 ==> 44e10800.pinmux PIN 30->33
[    0.537983] gpio gpiochip0: (gpio-0-31): added GPIO chardev (254:0)
[    0.538179] gpio gpiochip0: registered GPIOs 512 to 543 on gpio-0-31
[    0.538271] OMAP GPIO hardware version 0.1
[    0.555560] i2c i2c-2: using DT '/ocp/interconnect@48000000/segment@100000/target-module@9c000/i2c@0' for 'scl' GPIO lookup
[    0.555653] of_get_named_gpiod_flags: can't parse 'scl-gpios' property of node '/ocp/interconnect@48000000/segment@100000/target-module@9c000/i2c@0[0]'
[    0.555701] of_get_named_gpiod_flags: can't parse 'scl-gpio' property of node '/ocp/interconnect@48000000/segment@100000/target-module@9c000/i2c@0[0]'
[    0.555741] i2c i2c-2: using lookup tables for GPIO lookup
[    0.555754] i2c i2c-2: No GPIO consumer scl found
[    0.555777] i2c i2c-2: using DT '/ocp/interconnect@48000000/segment@100000/target-module@9c000/i2c@0' for 'sda' GPIO lookup
[    0.555816] of_get_named_gpiod_flags: can't parse 'sda-gpios' property of node '/ocp/interconnect@48000000/segment@100000/target-module@9c000/i2c@0[0]'
[    0.555857] of_get_named_gpiod_flags: can't parse 'sda-gpio' property of node '/ocp/interconnect@48000000/segment@100000/target-module@9c000/i2c@0[0]'
[    0.555891] i2c i2c-2: using lookup tables for GPIO lookup
[    0.555901] i2c i2c-2: No GPIO consumer sda found
[    0.556646] omap_i2c 4819c000.i2c: bus 2 rev0.11 at 100 kHz
[    0.561933] gpiochip_find_base_unlocked: found new base at 544
[    0.562045] gpio gpiochip1: (gpio-32-63): created GPIO range 0->17 ==> 44e10800.pinmux PIN 34->51
[    0.562069] gpio gpiochip1: (gpio-32-63): created GPIO range 18->21 ==> 44e10800.pinmux PIN 77->80
[    0.562086] gpio gpiochip1: (gpio-32-63): created GPIO range 22->31 ==> 44e10800.pinmux PIN 56->65
[    0.574656] gpio gpiochip1: (gpio-32-63): added GPIO chardev (254:1)
[    0.574815] gpio gpiochip1: registered GPIOs 544 to 575 on gpio-32-63
[    0.577029] gpiochip_find_base_unlocked: found new base at 576
[    0.577128] gpio gpiochip2: (gpio-64-95): created GPIO range 0->4 ==> 44e10800.pinmux PIN 66->70
[    0.577151] gpio gpiochip2: (gpio-64-95): created GPIO range 5->6 ==> 44e10800.pinmux PIN 98->99
[    0.577170] gpio gpiochip2: (gpio-64-95): created GPIO range 7->8 ==> 44e10800.pinmux PIN 75->76
[    0.577189] gpio gpiochip2: (gpio-64-95): created GPIO range 13->13 ==> 44e10800.pinmux PIN 141->141
[    0.577207] gpio gpiochip2: (gpio-64-95): created GPIO range 14->21 ==> 44e10800.pinmux PIN 100->107
[    0.589465] gpio gpiochip2: (gpio-64-95): added GPIO chardev (254:2)
[    0.589634] gpio gpiochip2: registered GPIOs 576 to 607 on gpio-64-95
[    0.595339] 48000000.interconnect:segment@200000:target-module@0:mpu@0:fck: device ID is greater than 24
[    0.599468] platform 4830e000.lcdc: Fixed dependency cycle(s) with /ocp/interconnect@44c00000/segment@200000/target-module@b000/i2c@0/tda19988@70
[    0.608861] mdio_bus 4a101000.mdio: using DT '/ocp/interconnect@4a000000/segment@0/target-module@100000/switch@0/mdio@1000' for 'reset' GPIO lookup
[    0.608953] of_get_named_gpiod_flags: can't parse 'reset-gpios' property of node '/ocp/interconnect@4a000000/segment@0/target-module@100000/switch@0/mdio@1000[0]'
[    0.609006] of_get_named_gpiod_flags: can't parse 'reset-gpio' property of node '/ocp/interconnect@4a000000/segment@0/target-module@100000/switch@0/mdio@1000[0]'
[    0.609058] mdio_bus 4a101000.mdio: using lookup tables for GPIO lookup
[    0.609070] mdio_bus 4a101000.mdio: No GPIO consumer reset found
[    0.611232] sdhci-omap 481d8000.mmc: using DT '/ocp/interconnect@48000000/segment@100000/target-module@d8000/mmc@0' for 'wp' GPIO lookup
[    0.611311] of_get_named_gpiod_flags: can't parse 'wp-gpios' property of node '/ocp/interconnect@48000000/segment@100000/target-module@d8000/mmc@0[0]'
[    0.611362] of_get_named_gpiod_flags: can't parse 'wp-gpio' property of node '/ocp/interconnect@48000000/segment@100000/target-module@d8000/mmc@0[0]'
[    0.611401] sdhci-omap 481d8000.mmc: using lookup tables for GPIO lookup
[    0.611413] sdhci-omap 481d8000.mmc: No GPIO consumer wp found
[    0.611618] sdhci-omap 481d8000.mmc: supply pbias not found, using dummy regulator
[    0.612088] sdhci-omap 481d8000.mmc: supply vqmmc not found, using dummy regulator
[    0.688666] davinci_mdio 4a101000.mdio: davinci mdio revision 1.6, bus freq 1000000
[    0.709321] mdio_bus 4a101000.mdio:00: using DT '/ocp/interconnect@4a000000/segment@0/target-module@100000/switch@0/mdio@1000/ethernet-phy@0' for 'reset' GPIO lookup
[    0.709434] of_get_named_gpiod_flags: parsed 'reset-gpios' property of node '/ocp/interconnect@4a000000/segment@0/target-module@100000/switch@0/mdio@1000/ethernet-phy@0[0]' - status (0)
[    0.709605] gpio gpiochip0: Persistence not supported for GPIO 8
[    0.812881] davinci_mdio 4a101000.mdio: phy[0]: device 4a101000.mdio:00, driver SMSC LAN8710/LAN8720
[    0.813521] cpsw-switch 4a100000.switch: initialized cpsw ale version 1.4
[    0.813548] cpsw-switch 4a100000.switch: ALE Table size 1024
[    0.813707] cpsw-switch 4a100000.switch: cpts: overflow check period 500 (jiffies)
[    0.813727] cpsw-switch 4a100000.switch: CPTS: ref_clk_freq:250000000 calc_mult:2147483648 calc_shift:29 error:0 nsec/sec
[    0.813842] cpsw-switch 4a100000.switch: Detected MACID = 6c:ec:eb:68:de:78
[    0.815829] cpsw-switch 4a100000.switch: initialized (regs 0x4a100000, pool size 256) hw_ver:0019010C 1.12 (0)
[    0.826711] debugfs: Directory '49000000.dma' with parent 'dmaengine' already present!
[    0.826759] edma 49000000.dma: TI EDMA DMA engine driver
[    0.858405] target-module@4b000000:target-module@140000:pmu@0:fck: device ID is greater than 24
[    0.881147] hw perfevents: enabled with armv7_cortex_a8 PMU driver, 5 counters available
[    0.882045] gpio-clk clk_mcasp0: using DT '/clk_mcasp0' for 'enable' GPIO lookup
[    0.882117] of_get_named_gpiod_flags: parsed 'enable-gpios' property of node '/clk_mcasp0[0]' - status (0)
[    0.882166] gpio gpiochip0: Persistence not supported for GPIO 27
[    0.882978] gpiochip_find_base_unlocked: found new base at 608
[    0.883099] gpio gpiochip3: (gpio-96-127): created GPIO range 0->7 ==> 44e10800.pinmux PIN 82->89
[    0.883123] gpio gpiochip3: (gpio-96-127): created GPIO range 8->11 ==> 44e10800.pinmux PIN 52->55
[    0.883143] gpio gpiochip3: (gpio-96-127): created GPIO range 12->15 ==> 44e10800.pinmux PIN 94->97
[    0.883160] gpio gpiochip3: (gpio-96-127): created GPIO range 16->17 ==> 44e10800.pinmux PIN 71->72
[    0.883178] gpio gpiochip3: (gpio-96-127): created GPIO range 18->18 ==> 44e10800.pinmux PIN 135->135
[    0.883198] gpio gpiochip3: (gpio-96-127): created GPIO range 19->20 ==> 44e10800.pinmux PIN 108->109
[    0.883216] gpio gpiochip3: (gpio-96-127): created GPIO range 21->21 ==> 44e10800.pinmux PIN 73->73
[    0.883235] gpio gpiochip3: (gpio-96-127): created GPIO range 22->23 ==> 44e10800.pinmux PIN 8->9
[    0.883255] gpio gpiochip3: (gpio-96-127): created GPIO range 26->27 ==> 44e10800.pinmux PIN 10->11
[    0.883274] gpio gpiochip3: (gpio-96-127): created GPIO range 28->28 ==> 44e10800.pinmux PIN 74->74
[    0.883295] gpio gpiochip3: (gpio-96-127): created GPIO range 29->29 ==> 44e10800.pinmux PIN 81->81
[    0.883316] gpio gpiochip3: (gpio-96-127): created GPIO range 30->31 ==> 44e10800.pinmux PIN 28->29
[    0.888824] l3-aon-clkctrl:0000:0: failed to disable
[    0.900447] gpio gpiochip3: (gpio-96-127): added GPIO chardev (254:3)
[    0.900600] gpio gpiochip3: registered GPIOs 608 to 639 on gpio-96-127
[    0.902594] omap8250 44e09000.serial: using DT '/ocp/interconnect@44c00000/segment@200000/target-module@9000/serial@0' for 'rs485-term' GPIO lookup
[    0.902674] of_get_named_gpiod_flags: can't parse 'rs485-term-gpios' property of node '/ocp/interconnect@44c00000/segment@200000/target-module@9000/serial@0[0]'
[    0.902724] of_get_named_gpiod_flags: can't parse 'rs485-term-gpio' property of node '/ocp/interconnect@44c00000/segment@200000/target-module@9000/serial@0[0]'
[    0.902764] omap8250 44e09000.serial: using lookup tables for GPIO lookup
[    0.902776] omap8250 44e09000.serial: No GPIO consumer rs485-term found
[    0.902787] omap8250 44e09000.serial: using DT '/ocp/interconnect@44c00000/segment@200000/target-module@9000/serial@0' for 'rs485-rx-during-tx' GPIO lookup
[    0.902826] of_get_named_gpiod_flags: can't parse 'rs485-rx-during-tx-gpios' property of node '/ocp/interconnect@44c00000/segment@200000/target-module@9000/serial@0[0]'
[    0.902868] of_get_named_gpiod_flags: can't parse 'rs485-rx-during-tx-gpio' property of node '/ocp/interconnect@44c00000/segment@200000/target-module@9000/serial@0[0]'
[    0.902903] omap8250 44e09000.serial: using lookup tables for GPIO lookup
[    0.902914] omap8250 44e09000.serial: No GPIO consumer rs485-rx-during-tx found
[    0.903286] 44e09000.serial: ttyS0 at MMIO 0x44e09000 (irq = 34, base_baud = 3000000) is a 8250
[    0.903372] printk: legacy console [ttyS0] enabled
[    2.076811] i2c i2c-0: using DT '/ocp/interconnect@44c00000/segment@200000/target-module@b000/i2c@0' for 'scl' GPIO lookup
[    2.076900] of_get_named_gpiod_flags: can't parse 'scl-gpios' property of node '/ocp/interconnect@44c00000/segment@200000/target-module@b000/i2c@0[0]'
[    2.076950] of_get_named_gpiod_flags: can't parse 'scl-gpio' property of node '/ocp/interconnect@44c00000/segment@200000/target-module@b000/i2c@0[0]'
[    2.076991] i2c i2c-0: using lookup tables for GPIO lookup
[    2.077004] i2c i2c-0: No GPIO consumer scl found
[    2.077029] i2c i2c-0: using DT '/ocp/interconnect@44c00000/segment@200000/target-module@b000/i2c@0' for 'sda' GPIO lookup
[    2.077070] of_get_named_gpiod_flags: can't parse 'sda-gpios' property of node '/ocp/interconnect@44c00000/segment@200000/target-module@b000/i2c@0[0]'
[    2.077114] of_get_named_gpiod_flags: can't parse 'sda-gpio' property of node '/ocp/interconnect@44c00000/segment@200000/target-module@b000/i2c@0[0]'
[    2.077151] i2c i2c-0: using lookup tables for GPIO lookup
[    2.077162] i2c i2c-0: No GPIO consumer sda found
[    2.116437] tps65217-pmic: Failed to locate of_node [id: -1]
[    2.122515] tps65217-bl: Failed to locate of_node [id: -1]
[    2.153764] tps65217 0-0024: TPS65217 ID 0xe version 1.2
[    2.159925] platform 4830e000.lcdc: Fixed dependency cycle(s) with /ocp/interconnect@44c00000/segment@200000/target-module@b000/i2c@0/tda19988@70
[    2.173374] i2c 0-0070: Fixed dependency cycle(s) with /ocp/interconnect@48000000/segment@300000/target-module@e000/lcdc@0
[    2.184799] omap_i2c 44e0b000.i2c: bus 0 rev0.11 at 400 kHz
[    2.203086] sdhci-omap 48060000.mmc: using DT '/ocp/interconnect@48000000/segment@0/target-module@60000/mmc@0' for 'cd' GPIO lookup
[    2.203201] of_get_named_gpiod_flags: parsed 'cd-gpios' property of node '/ocp/interconnect@48000000/segment@0/target-module@60000/mmc@0[0]' - status (0)
[    2.203273] gpio gpiochip3: Persistence not supported for GPIO 6
[    2.203298] omap_gpio 44e07000.gpio: Could not set line 6 debounce to 200000 microseconds (-22)
[    2.212241] sdhci-omap 48060000.mmc: Got CD GPIO
[    2.216943] sdhci-omap 48060000.mmc: using DT '/ocp/interconnect@48000000/segment@0/target-module@60000/mmc@0' for 'wp' GPIO lookup
[    2.216996] of_get_named_gpiod_flags: can't parse 'wp-gpios' property of node '/ocp/interconnect@48000000/segment@0/target-module@60000/mmc@0[0]'
[    2.217043] of_get_named_gpiod_flags: can't parse 'wp-gpio' property of node '/ocp/interconnect@48000000/segment@0/target-module@60000/mmc@0[0]'
[    2.217084] sdhci-omap 48060000.mmc: using lookup tables for GPIO lookup
[    2.217098] sdhci-omap 48060000.mmc: No GPIO consumer wp found
[    2.217321] sdhci-omap 48060000.mmc: supply pbias not found, using dummy regulator
[    2.226722] sdhci-omap 481d8000.mmc: using DT '/ocp/interconnect@48000000/segment@100000/target-module@d8000/mmc@0' for 'wp' GPIO lookup
[    2.226805] of_get_named_gpiod_flags: can't parse 'wp-gpios' property of node '/ocp/interconnect@48000000/segment@100000/target-module@d8000/mmc@0[0]'
[    2.226855] of_get_named_gpiod_flags: can't parse 'wp-gpio' property of node '/ocp/interconnect@48000000/segment@100000/target-module@d8000/mmc@0[0]'
[    2.226896] sdhci-omap 481d8000.mmc: using lookup tables for GPIO lookup
[    2.226910] sdhci-omap 481d8000.mmc: No GPIO consumer wp found
[    2.230304] sdhci-omap 48060000.mmc: supply vqmmc not found, using dummy regulator
[    2.239002] sdhci-omap 481d8000.mmc: supply pbias not found, using dummy regulator
[    2.247303] sdhci-omap 481d8000.mmc: supply vqmmc not found, using dummy regulator
[    2.284675] mmc1: SDHCI controller on 481d8000.mmc [481d8000.mmc] using External DMA
[    2.293037] mmc0: SDHCI controller on 48060000.mmc [48060000.mmc] using External DMA
[    2.301905] cpsw-switch 4a100000.switch: starting ndev. mode: dual_mac
[    2.343348] mmc0: new high speed SDHC card at address 5048
[    2.350367] mmcblk0: mmc0:5048 SD16G 14.4 GiB
[    2.358375]  mmcblk0: p1 p2
[    2.361730] mmcblk0: p2 size 31221760 extends beyond EOD, truncated
[    2.376220] mmc1: new high speed MMC card at address 0001
[    2.382959] mmcblk1: mmc1:0001 MMC04G 3.60 GiB
[    2.390556]  mmcblk1: p1 p2
[    2.394183] SMSC LAN8710/LAN8720 4a101000.mdio:00: attached PHY driver (mii_bus:phy_addr=4a101000.mdio:00, irq=POLL)
[    2.405722] mmcblk1boot0: mmc1:0001 MMC04G 2.00 MiB
[    2.412667] mmcblk1boot1: mmc1:0001 MMC04G 2.00 MiB
[    2.425709] mmcblk1rpmb: mmc1:0001 MMC04G 128 KiB, chardev (250:0)
[    5.524882] cpsw-switch 4a100000.switch eth0: Link is Up - 100Mbps/Full - flow control off
[    5.564143] IP-Config: Complete:
[    5.567412]      device=eth0, hwaddr=6c:ec:eb:68:de:78, ipaddr=192.168.255.1, mask=255.255.255.0, gw=255.255.255.255
[    5.578032]      host=bbb1, domain=, nis-domain=(none)
[    5.583200]      bootserver=192.168.255.126, rootserver=192.168.255.126, rootpath=
[    5.583623] clk: Disabling unused clocks
[    5.595487] PM: genpd: Disabling unused power domains
[    5.600608] KTAP version 1
[    5.603329] 1..0
[    5.637673] VFS: Mounted root (nfs filesystem) on device 0:17.
[    5.644709] devtmpfs: mounted
[    5.649395] Freeing unused kernel image (initmem) memory: 1024K
[    5.656182] Run /sbin/init as init process
[    5.660314]   with arguments:
[    5.660327]     /sbin/init
[    5.660337]     nfsrootdebug
[    5.660346]   with environment:
[    5.660355]     HOME=/
[    5.660364]     TERM=linux
[    6.345380] systemd[1]: System time before build time, advancing clock.
[    7.814150] random: crng init done
[    7.885854] systemd[1]: systemd 232 running in system mode. (+PAM +AUDIT +SELINUX +IMA +APPARMOR +SMACK +SYSVINIT +UTMP +LIBCRYPTSETUP +GCRYPT +GNUTLS +ACL +XZ +LZ4 +SECCOMP +BLKID +ELFUTILS +KMOD +IDN)
[    7.904997] systemd[1]: Detected architecture arm.
[    7.947300] systemd[1]: Set hostname to <arm>.
[    9.026872] systemd[1]: Created slice System Slice.
[    9.055562] systemd[1]: Created slice system-serial\x2dgetty.slice.
[    9.095173] systemd[1]: Listening on Journal Audit Socket.
[    9.136059] systemd[1]: Listening on Journal Socket (/dev/log).
[    9.174948] systemd[1]: Started Forward Password Requests to Wall Directory Watch.
[    9.216039] systemd[1]: Listening on udev Control Socket.
[    9.254470] systemd[1]: Reached target Remote File Systems.
[   11.216854] systemd-journald[84]: Received request to flush runtime journal from PID 1
[   14.009083] leds-gpio leds: using DT '/leds/led2' for '(default)' GPIO lookup
[   14.009204] of_get_named_gpiod_flags: parsed 'gpios' property of node '/leds/led2[0]' - status (0)
[   14.009265] gpio gpiochip0: Persistence not supported for GPIO 21
[   14.009282] gpio-533 (?): no flags found for GPIO (default)
[   14.082088] leds-gpio leds: using DT '/leds/led3' for '(default)' GPIO lookup
[   14.082197] of_get_named_gpiod_flags: parsed 'gpios' property of node '/leds/led3[0]' - status (0)
[   14.082254] gpio gpiochip0: Persistence not supported for GPIO 22
[   14.082270] gpio-534 (?): no flags found for GPIO (default)
[   14.131003] leds-gpio leds: using DT '/leds/led4' for '(default)' GPIO lookup
[   14.131109] of_get_named_gpiod_flags: parsed 'gpios' property of node '/leds/led4[0]' - status (0)
[   14.131166] gpio gpiochip0: Persistence not supported for GPIO 23
[   14.131182] gpio-535 (?): no flags found for GPIO (default)
[   14.155326] leds-gpio leds: using DT '/leds/led5' for '(default)' GPIO lookup
[   14.155425] of_get_named_gpiod_flags: parsed 'gpios' property of node '/leds/led5[0]' - status (0)
[   14.155478] gpio gpiochip0: Persistence not supported for GPIO 24
[   14.155493] gpio-536 (?): no flags found for GPIO (default)
[   14.467087] remoteproc remoteproc0: wkup_m3 is available
[   14.727888] am335x-phy-driver 47401300.usb-phy: using DT '/ocp/target-module@47400000/usb-phy@1300' for 'reset' GPIO lookup
[   14.727984] of_get_named_gpiod_flags: can't parse 'reset-gpios' property of node '/ocp/target-module@47400000/usb-phy@1300[0]'
[   14.728033] of_get_named_gpiod_flags: can't parse 'reset-gpio' property of node '/ocp/target-module@47400000/usb-phy@1300[0]'
[   14.728073] am335x-phy-driver 47401300.usb-phy: using lookup tables for GPIO lookup
[   14.728088] am335x-phy-driver 47401300.usb-phy: No GPIO consumer reset found
[   14.728103] am335x-phy-driver 47401300.usb-phy: using DT '/ocp/target-module@47400000/usb-phy@1300' for 'vbus-detect' GPIO lookup
[   14.728135] of_get_named_gpiod_flags: can't parse 'vbus-detect-gpios' property of node '/ocp/target-module@47400000/usb-phy@1300[0]'
[   14.728169] of_get_named_gpiod_flags: can't parse 'vbus-detect-gpio' property of node '/ocp/target-module@47400000/usb-phy@1300[0]'
[   14.728198] am335x-phy-driver 47401300.usb-phy: using lookup tables for GPIO lookup
[   14.728210] am335x-phy-driver 47401300.usb-phy: No GPIO consumer vbus-detect found
[   14.728356] am335x-phy-driver 47401300.usb-phy: dummy supplies not allowed for exclusive requests (id=vbus)
[   14.851090] am335x-phy-driver 47401b00.usb-phy: using DT '/ocp/target-module@47400000/usb-phy@1b00' for 'reset' GPIO lookup
[   14.851182] of_get_named_gpiod_flags: can't parse 'reset-gpios' property of node '/ocp/target-module@47400000/usb-phy@1b00[0]'
[   14.851227] of_get_named_gpiod_flags: can't parse 'reset-gpio' property of node '/ocp/target-module@47400000/usb-phy@1b00[0]'
[   14.851266] am335x-phy-driver 47401b00.usb-phy: using lookup tables for GPIO lookup
[   14.851280] am335x-phy-driver 47401b00.usb-phy: No GPIO consumer reset found
[   14.851296] am335x-phy-driver 47401b00.usb-phy: using DT '/ocp/target-module@47400000/usb-phy@1b00' for 'vbus-detect' GPIO lookup
[   14.851328] of_get_named_gpiod_flags: can't parse 'vbus-detect-gpios' property of node '/ocp/target-module@47400000/usb-phy@1b00[0]'
[   14.851361] of_get_named_gpiod_flags: can't parse 'vbus-detect-gpio' property of node '/ocp/target-module@47400000/usb-phy@1b00[0]'
[   14.851390] am335x-phy-driver 47401b00.usb-phy: using lookup tables for GPIO lookup
[   14.851402] am335x-phy-driver 47401b00.usb-phy: No GPIO consumer vbus-detect found
[   14.851550] am335x-phy-driver 47401b00.usb-phy: dummy supplies not allowed for exclusive requests (id=vbus)
[   15.038285] wkup_m3_ipc 44e11324.wkup_m3_ipc: IPC Request for A8->M3 Channel failed! -517
[   15.055054] usbcore: registered new interface driver usbfs
[   15.060709] usbcore: registered new interface driver hub
[   15.066423] usbcore: registered new device driver usb
[   15.086388] at24 2-0054: supply vcc not found, using dummy regulator
[   15.208138] at24 2-0055: supply vcc not found, using dummy regulator
[   15.320866] at24 2-0056: supply vcc not found, using dummy regulator
[   15.410651] at24 2-0057: supply vcc not found, using dummy regulator
[   15.427510] wkup_m3_ipc 44e11324.wkup_m3_ipc: IPC Request for A8->M3 Channel failed! -517
[   15.527265] omap_wdt: OMAP Watchdog Timer Rev 0x01: initial timeout 60 sec
[   15.568040] wkup_m3_ipc 44e11324.wkup_m3_ipc: IPC Request for A8->M3 Channel failed! -517
