Labgrid Console Logfile for main
Logfile started at 2024-10-30 12:06:09.650025
=== Log starts here ===
reading args
spl_load_image_fat_os: error reading image args, err - -1
reading u-boot.img
reading u-boot.img


U-Boot 2014.04-00014-g47880f5 (Apr 22 2014 - 13:23:54)

I2C:   ready
DRAM:  512 MiB
NAND:  0 MiB
MMC:   OMAP SD/MMC: 0, OMAP SD/MMC: 1
*** Warning - readenv() failed, using default environment

Net:   <ethaddr> not set. Validating first E-fuse MAC
cpsw, usb_ether
Hit any key to stop autoboot:  1  0 
gpio: pin 53 (gpio 53) value is 1
mmc0 is current device
gpio: pin 54 (gpio 54) value is 1
SD/MMC found on device 0
reading uEnv.txt
569 bytes read in 4 ms (138.7 KiB/s)
gpio: pin 55 (gpio 55) value is 1
Loaded environment from uEnv.txt
Importing environment from mmc ...
Checking if uenvcmd is set ...
gpio: pin 56 (gpio 56) value is 1
Running uenvcmd ...
cpsw Waiting for PHY auto negotiation to complete. done
link up on port 0, speed 100, full duplex
Using cpsw device
TFTP from server 192.168.255.126; our IP address is 192.168.255.1
Filename 'zImage'.
Load address: 0x81000000
Loading: *#################################################################
	 #################################################################
	 #################################################################
	 #################################################################
	 #################################################################
	 ####################################################
	 2.4 MiB/s
done
Bytes transferred = 5523856 (544990 hex)
link up on port 0, speed 100, full duplex
Using cpsw device
TFTP from server 192.168.255.126; our IP address is 192.168.255.1
Filename 'am335x-boneblack.dtb'.
Load address: 0x82000000
Loading: *#######
	 2.2 MiB/s
done
Bytes transferred = 98244 (17fc4 hex)
Kernel image @ 0x81000000 [ 0x000000 - 0x544990 ]
## Flattened Device Tree blob at 82000000
   Booting using the fdt blob at 0x82000000
   Using Device Tree in place at 82000000, end 8201afc3

Starting kernel ...

[    0.000000] Booting Linux on physical CPU 0x0
[    0.000000] Linux version 6.12.0-rc5-next-20241030 (user01@drvtest01) (arm-linux-gnueabihf-gcc (Linaro GCC 6.4-2017.11) 6.4.1 20171012, GNU ld (Linaro_Binutils-2017.11) 2.27.0.20161229) #126 SMP Wed Oct 30 12:03:41 EET 2024
[    0.000000] CPU: ARMv7 Processor [413fc082] revision 2 (ARMv7), cr=10c5387d
[    0.000000] CPU: PIPT / VIPT nonaliasing data cache, VIPT aliasing instruction cache
[    0.000000] OF: fdt: Machine model: TI AM335x BeagleBone Black
[    0.000000] Memory policy: Data cache writeback
[    0.000000] cma: Reserved 16 MiB at 0x9e800000 on node -1
[    0.000000] Zone ranges:
[    0.000000]   Normal   [mem 0x0000000080000000-0x000000009fdfffff]
[    0.000000]   HighMem  empty
[    0.000000] Movable zone start for each node
[    0.000000] Early memory node ranges
[    0.000000]   node   0: [mem 0x0000000080000000-0x000000009fdfffff]
[    0.000000] Initmem setup node 0 [mem 0x0000000080000000-0x000000009fdfffff]
[    0.000000] OF: reserved mem: Reserved memory: No reserved-memory node in the DT
[    0.000000] CPU: All CPU(s) started in SVC mode.
[    0.000000] AM335X ES2.1 (sgx neon)
[    0.000000] percpu: Embedded 17 pages/cpu s39756 r8192 d21684 u69632
[    0.000000] Kernel command line: console=ttyO0,115200n8 root=/dev/nfs rw nfsroot=192.168.255.126:/home/user01/nfs,nfsvers=3 ip=192.168.255.1:192.168.255.126::255.255.255.0:bbb1:eth0 nfsrootdebug
[    0.000000] Unknown kernel command line parameters "nfsrootdebug", will be passed to user space.
[    0.000000] printk: log buffer data + meta data: 65536 + 204800 = 270336 bytes
[    0.000000] Dentry cache hash table entries: 65536 (order: 6, 262144 bytes, linear)
[    0.000000] Inode-cache hash table entries: 32768 (order: 5, 131072 bytes, linear)
[    0.000000] Built 1 zonelists, mobility grouping on.  Total pages: 130560
[    0.000000] mem auto-init: stack:off, heap alloc:off, heap free:off
[    0.000000] SLUB: HWalign=64, Order=0-3, MinObjects=0, CPUs=1, Nodes=1
[    0.000000] trace event string verifier disabled
[    0.000000] rcu: Hierarchical RCU implementation.
[    0.000000] rcu: 	RCU event tracing is enabled.
[    0.000000] rcu: 	RCU restricting CPUs from NR_CPUS=2 to nr_cpu_ids=1.
[    0.000000] 	Tracing variant of Tasks RCU enabled.
[    0.000000] rcu: RCU calculated value of scheduler-enlistment delay is 10 jiffies.
[    0.000000] rcu: Adjusting geometry for rcu_fanout_leaf=16, nr_cpu_ids=1
[    0.000000] RCU Tasks Trace: Setting shift to 0 and lim to 1 rcu_task_cb_adjust=1 rcu_task_cpu_ids=1.
[    0.000000] NR_IRQS: 16, nr_irqs: 16, preallocated irqs: 16
[    0.000000] IRQ: Found an INTC at 0x(ptrval) (revision 5.0) with 128 interrupts
[    0.000000] rcu: srcu_init: Setting srcu_struct sizes based on contention.
[    0.000000] TI gptimer clocksource: always-on /ocp/interconnect@44c00000/segment@200000/target-module@31000
[    0.000002] sched_clock: 32 bits at 24MHz, resolution 41ns, wraps every 89478484971ns
[    0.000026] clocksource: dmtimer: mask: 0xffffffff max_cycles: 0xffffffff, max_idle_ns: 79635851949 ns
[    0.000506] TI gptimer clockevent: 24000000 Hz at /ocp/interconnect@48000000/segment@0/target-module@40000
[    0.002125] Console: colour dummy device 80x30
[    0.002191] WARNING: Your 'console=ttyO0' has been replaced by 'ttyS0'
[    0.002200] This ensures that you still see kernel messages. Please
[    0.002205] update your kernel commandline.
[    0.002249] Calibrating delay loop... 996.14 BogoMIPS (lpj=4980736)
[    0.090559] CPU: Testing write buffer coherency: ok
[    0.090660] CPU0: Spectre v2: using BPIALL workaround
[    0.090673] pid_max: default: 32768 minimum: 301
[    0.090802] LSM: initializing lsm=capability
[    0.090982] Mount-cache hash table entries: 1024 (order: 0, 4096 bytes, linear)
[    0.091002] Mountpoint-cache hash table entries: 1024 (order: 0, 4096 bytes, linear)
[    0.092654] CPU0: thread -1, cpu 0, socket -1, mpidr 0
[    0.160950] Setting up static identity map for 0x80100000 - 0x80100078
[    0.170721] rcu: Hierarchical SRCU implementation.
[    0.170736] rcu: 	Max phase no-delay instances is 1000.
[    0.190776] smp: Bringing up secondary CPUs ...
[    0.190835] smp: Brought up 1 node, 1 CPU
[    0.190850] SMP: Total of 1 processors activated (996.14 BogoMIPS).
[    0.190862] CPU: All CPU(s) started in SVC mode.
[    0.191054] Memory: 480860K/522240K available (11264K kernel code, 1217K rwdata, 2892K rodata, 1024K init, 297K bss, 23368K reserved, 16384K cma-reserved, 0K highmem)
[    0.191926] devtmpfs: initialized
[    0.208571] VFP support v0.3: implementor 41 architecture 3 part 30 variant c rev 3
[    0.208917] clocksource: jiffies: mask: 0xffffffff max_cycles: 0xffffffff, max_idle_ns: 19112604462750000 ns
[    0.208951] futex hash table entries: 256 (order: 2, 16384 bytes, linear)
[    0.210213] pinctrl core: initialized pinctrl subsystem
[    0.213235] NET: Registered PF_NETLINK/PF_ROUTE protocol family
[    0.216059] DMA: preallocated 256 KiB pool for atomic coherent allocations
[    0.216978] audit: initializing netlink subsys (disabled)
[    0.218428] thermal_sys: Registered thermal governor 'fair_share'
[    0.218445] thermal_sys: Registered thermal governor 'step_wise'
[    0.218456] thermal_sys: Registered thermal governor 'user_space'
[    0.218614] audit: type=2000 audit(0.210:1): state=initialized audit_enabled=0 res=1
[    0.218651] cpuidle: using governor menu
[    0.237565] No ATAGs?
[    0.237590] hw-breakpoint: debug architecture 0x4 unsupported.
[    0.240312] kprobes: kprobe jump-optimization is enabled. All kprobes are optimized if possible.
[    0.254038] iommu: Default domain type: Translated
[    0.254061] iommu: DMA domain TLB invalidation policy: strict mode
[    0.261722] SCSI subsystem initialized
[    0.262580] pps_core: LinuxPPS API ver. 1 registered
[    0.262591] pps_core: Software ver. 5.3.6 - Copyright 2005-2007 Rodolfo Giometti <giometti@linux.it>
[    0.262615] PTP clock support registered
[    0.270897] vgaarb: loaded
[    0.271308] clocksource: Switched to clocksource dmtimer
[    0.271996] VFS: Disk quotas dquot_6.6.0
[    0.272041] VFS: Dquot-cache hash table entries: 1024 (order 0, 4096 bytes)
[    0.296830] NET: Registered PF_INET protocol family
[    0.297184] IP idents hash table entries: 8192 (order: 4, 65536 bytes, linear)
[    0.298600] tcp_listen_portaddr_hash hash table entries: 512 (order: 0, 4096 bytes, linear)
[    0.298636] Table-perturb hash table entries: 65536 (order: 6, 262144 bytes, linear)
[    0.298658] TCP established hash table entries: 4096 (order: 2, 16384 bytes, linear)
[    0.298702] TCP bind hash table entries: 4096 (order: 4, 65536 bytes, linear)
[    0.298801] TCP: Hash tables configured (established 4096 bind 4096)
[    0.298919] UDP hash table entries: 256 (order: 1, 8192 bytes, linear)
[    0.298950] UDP-Lite hash table entries: 256 (order: 1, 8192 bytes, linear)
[    0.299124] NET: Registered PF_UNIX/PF_LOCAL protocol family
[    0.312776] RPC: Registered named UNIX socket transport module.
[    0.312797] RPC: Registered udp transport module.
[    0.312802] RPC: Registered tcp transport module.
[    0.312807] RPC: Registered tcp-with-tls transport module.
[    0.312813] RPC: Registered tcp NFSv4.1 backchannel transport module.
[    0.312838] PCI: CLS 0 bytes, default 64
[    0.314328] Initialise system trusted keyrings
[    0.314889] workingset: timestamp_bits=14 max_order=17 bucket_order=3
[    0.316312] NFS: Registering the id_resolver key type
[    0.316392] Key type id_resolver registered
[    0.316401] Key type id_legacy registered
[    0.316448] jffs2: version 2.2. (NAND) (SUMMARY)  Â© 2001-2006 Red Hat, Inc.
[    0.316844] Key type asymmetric registered
[    0.316857] Asymmetric key parser 'x509' registered
[    0.316922] io scheduler mq-deadline registered
[    0.316933] io scheduler kyber registered
[    0.317003] io scheduler bfq registered
[    0.319054] ledtrig-cpu: registered to indicate activity on CPUs
[    0.331664] Serial: 8250/16550 driver, 6 ports, IRQ sharing enabled
[    0.384190] brd: module loaded
[    0.392914] loop: module loaded
[    0.393844] mtdoops: mtd device (mtddev=name/number) must be supplied
[    0.396972] i2c_dev: i2c /dev entries driver
[    0.397947] cpuidle: enable-method property 'ti,am3352' found operations
[    0.398395] sdhci: Secure Digital Host Controller Interface driver
[    0.398404] sdhci: Copyright(c) Pierre Ossman
[    0.398580] sdhci-pltfm: SDHCI platform and OF driver helper
[    0.399588] Initializing XFRM netlink socket
[    0.399740] NET: Registered PF_INET6 protocol family
[    0.417536] Segment Routing with IPv6
[    0.417626] In-situ OAM (IOAM) with IPv6
[    0.417726] sit: IPv6, IPv4 and MPLS over IPv4 tunneling driver
[    0.418690] NET: Registered PF_PACKET protocol family
[    0.418726] NET: Registered PF_KEY protocol family
[    0.418854] Key type dns_resolver registered
[    0.419127] ThumbEE CPU extension supported.
[    0.419148] Registering SWP/SWPB emulation handler
[    0.419676] omap_voltage_late_init: Voltage driver support not added
[    0.420026] SmartReflex Class3 initialized
[    0.430147] Loading compiled-in X.509 certificates
[    0.501859] platform 44e10800.pinmux: Fixed dependency cycle(s) with /ocp/interconnect@44c00000/segment@200000/target-module@10000/scm@0/pinmux@800/clkout2-pins
[    0.502450] pinctrl-single 44e10800.pinmux: 142 pins, size 568
[    0.507478] ti-sysc 44e31000.target-module: probe with driver ti-sysc failed with error -16
[    0.522161] ti-sysc 48040000.target-module: probe with driver ti-sysc failed with error -16
[    0.569974] OMAP GPIO hardware version 0.1
[    0.595031] omap_i2c 4819c000.i2c: bus 2 rev0.11 at 100 kHz
[    0.621028] 48000000.interconnect:segment@200000:target-module@0:mpu@0:fck: device ID is greater than 24
[    0.625450] platform 4830e000.lcdc: Fixed dependency cycle(s) with /ocp/interconnect@44c00000/segment@200000/target-module@b000/i2c@0/tda19988@70
[    0.636360] sdhci-omap 481d8000.mmc: supply pbias not found, using dummy regulator
[    0.636861] sdhci-omap 481d8000.mmc: supply vqmmc not found, using dummy regulator
[    0.693282] davinci_mdio 4a101000.mdio: davinci mdio revision 1.6, bus freq 1000000
[    0.805047] davinci_mdio 4a101000.mdio: phy[0]: device 4a101000.mdio:00, driver SMSC LAN8710/LAN8720
[    0.805842] cpsw-switch 4a100000.switch: initialized cpsw ale version 1.4
[    0.805865] cpsw-switch 4a100000.switch: ALE Table size 1024, Policers 0
[    0.806022] cpsw-switch 4a100000.switch: cpts: overflow check period 500 (jiffies)
[    0.806037] cpsw-switch 4a100000.switch: CPTS: ref_clk_freq:250000000 calc_mult:2147483648 calc_shift:29 error:0 nsec/sec
[    0.806145] cpsw-switch 4a100000.switch: Detected MACID = 6c:ec:eb:68:de:78
[    0.807948] cpsw-switch 4a100000.switch: initialized (regs 0x4a100000, pool size 256) hw_ver:0019010C 1.12 (0)
[    0.818973] debugfs: Directory '49000000.dma' with parent 'dmaengine' already present!
[    0.819016] edma 49000000.dma: TI EDMA DMA engine driver
[    0.837660] target-module@4b000000:target-module@140000:pmu@0:fck: device ID is greater than 24
[    0.867032] hw perfevents: enabled with armv7_cortex_a8 PMU driver, 5 (8000000f) counters available
[    0.874839] l3-aon-clkctrl:0000:0: failed to disable
[    0.877848] 44e09000.serial: ttyS0 at MMIO 0x44e09000 (irq = 34, base_baud = 3000000) is a 8250
[    0.877931] printk: legacy console [ttyS0] enabled
[    2.302309] tps65217-pmic: Failed to locate of_node [id: -1]
[    2.308387] tps65217-bl: Failed to locate of_node [id: -1]
[    2.319823] tps65217 0-0024: TPS65217 ID 0xe version 1.2
[    2.325961] platform 4830e000.lcdc: Fixed dependency cycle(s) with /ocp/interconnect@44c00000/segment@200000/target-module@b000/i2c@0/tda19988@70
[    2.339386] i2c 0-0070: Fixed dependency cycle(s) with /ocp/interconnect@48000000/segment@300000/target-module@e000/lcdc@0
[    2.350787] omap_i2c 44e0b000.i2c: bus 0 rev0.11 at 400 kHz
[    2.358655] omap_gpio 44e07000.gpio: Could not set line 6 debounce to 200000 microseconds (-22)
[    2.367549] sdhci-omap 48060000.mmc: Got CD GPIO
[    2.372595] sdhci-omap 48060000.mmc: supply pbias not found, using dummy regulator
[    2.383015] sdhci-omap 48060000.mmc: supply vqmmc not found, using dummy regulator
[    2.392054] sdhci-omap 481d8000.mmc: supply pbias not found, using dummy regulator
[    2.400053] sdhci-omap 481d8000.mmc: supply vqmmc not found, using dummy regulator
[    2.435298] mmc0: SDHCI controller on 48060000.mmc [48060000.mmc] using External DMA
[    2.443627] mmc1: SDHCI controller on 481d8000.mmc [481d8000.mmc] using External DMA
[    2.452381] cpsw-switch 4a100000.switch: starting ndev. mode: dual_mac
[    2.502362] mmc0: new high speed SDHC card at address 5048
[    2.509442] mmcblk0: mmc0:5048 SD16G 14.4 GiB
[    2.517605]  mmcblk0: p1 p2
[    2.521013] mmcblk0: p2 size 31221760 extends beyond EOD, truncated
[    2.532608] SMSC LAN8710/LAN8720 4a101000.mdio:00: attached PHY driver (mii_bus:phy_addr=4a101000.mdio:00, irq=POLL)
[    2.550737] mmc1: new high speed MMC card at address 0001
[    2.557744] mmcblk1: mmc1:0001 MMC04G 3.60 GiB
[    2.565329]  mmcblk1: p1 p2
[    2.569706] mmcblk1boot0: mmc1:0001 MMC04G 2.00 MiB
[    2.576857] mmcblk1boot1: mmc1:0001 MMC04G 2.00 MiB
[    2.584273] mmcblk1rpmb: mmc1:0001 MMC04G 128 KiB, chardev (250:0)
[    5.682101] cpsw-switch 4a100000.switch eth0: Link is Up - 100Mbps/Full - flow control off
[    5.721558] IP-Config: Complete:
[    5.724833]      device=eth0, hwaddr=6c:ec:eb:68:de:78, ipaddr=192.168.255.1, mask=255.255.255.0, gw=255.255.255.255
[    5.735508]      host=bbb1, domain=, nis-domain=(none)
[    5.740678]      bootserver=192.168.255.126, rootserver=192.168.255.126, rootpath=
[    5.741114] clk: Disabling unused clocks
[    5.752960] PM: genpd: Disabling unused power domains
[    5.758077] KTAP version 1
[    5.760799] 1..0
[    5.786360] VFS: Mounted root (nfs filesystem) on device 0:17.
[    5.793506] devtmpfs: mounted
[    5.798173] Freeing unused kernel image (initmem) memory: 1024K
[    5.805197] Run /sbin/init as init process
[    6.522560] systemd[1]: System time before build time, advancing clock.
[    8.021332] random: crng init done
[    8.063551] systemd[1]: systemd 232 running in system mode. (+PAM +AUDIT +SELINUX +IMA +APPARMOR +SMACK +SYSVINIT +UTMP +LIBCRYPTSETUP +GCRYPT +GNUTLS +ACL +XZ +LZ4 +SECCOMP +BLKID +ELFUTILS +KMOD +IDN)
[    8.082777] systemd[1]: Detected architecture arm.

Welcome to [1mDebian GNU/Linux 9 (stretch)[0m!

[    8.114615] systemd[1]: Set hostname to <arm>.
[    9.235906] systemd[1]: Reached target Remote File Systems.
[[0;32m  OK  [0m] Reached target Remote File Systems.
[    9.262956] systemd[1]: Created slice User and Session Slice.
[[0;32m  OK  [0m] Created slice User and Session Slice.
[    9.293434] systemd[1]: Listening on udev Control Socket.
[[0;32m  OK  [0m] Listening on udev Control Socket.
[    9.323257] systemd[1]: Listening on Syslog Socket.
[[0;32m  OK  [0m] Listening on Syslog Socket.
[    9.353089] systemd[1]: Set up automount Arbitrary Executable File Formats File System Automount Point.
[[0;32m  OK  [0m] Set up automount Arbitrary Executabâ€¦rmats File System Automount Point.
[    9.383401] systemd[1]: Listening on /dev/initctl Compatibility Named Pipe.
[[0;32m  OK  [0m] Listening on /dev/initctl Compatibility Named Pipe.
[    9.412247] systemd[1]: Started Forward Password Requests to Wall Directory Watch.
[[0;32m  OK  [0m] Started Forward Password Requests to Wall Directory Watch.
[[0;32m  OK  [0m] Reached target Swap.
[[0;32m  OK  [0m] Listening on Journal Socket.
[[0;32m  OK  [0m] Created slice System Slice.
[[0;32m  OK  [0m] Created slice system-getty.slice.
         Mounting POSIX Message Queue File System...
         Starting Create list of required stâ€¦ce nodes for the current kernel...
         Starting Remount Root and Kernel File Systems...
         Mounting Debug File System...
[[0;32m  OK  [0m] Listening on udev Kernel Socket.
[[0;32m  OK  [0m] Created slice system-serial\x2dgetty.slice.
[[0;32m  OK  [0m] Reached target Slices.
         Starting Load Kernel Modules...
[[0;32m  OK  [0m] Listening on Journal Socket (/dev/log).
[[0;32m  OK  [0m] Listening on Journal Audit Socket.
         Starting Journal Service...
[[0;32m  OK  [0m] Started Dispatch Password Requests to Console Directory Watch.
[[0;32m  OK  [0m] Reached target Paths.
[[0;32m  OK  [0m] Reached target Encrypted Volumes.
[[0;32m  OK  [0m] Mounted POSIX Message Queue File System.
[[0;32m  OK  [0m] Mounted Debug File System.
[[0;32m  OK  [0m] Started Create list of required staâ€¦vice nodes for the current kernel.
[[0;32m  OK  [0m] Started Remount Root and Kernel File Systems.
         Starting udev Coldplug all Devices...
         Starting Load/Save Random Seed...
         Starting Create Static Device Nodes in /dev...
[[0;32m  OK  [0m] Started Load Kernel Modules.
         Mounting Configuration File System...
         Starting Apply Kernel Variables...
[[0;32m  OK  [0m] Mounted Configuration File System.
[[0;32m  OK  [0m] Started Load/Save Random Seed.
[[0;32m  OK  [0m] Started Apply Kernel Variables.
[[0;32m  OK  [0m] Started Create Static Device Nodes in /dev.
         Starting udev Kernel Device Manager...
[[0;32m  OK  [0m] Reached target Local File Systems (Pre).
[[0;32m  OK  [0m] Reached target Local File Systems.
         Starting Raise network interfaces...
[[0;32m  OK  [0m] Started Journal Service.
         Starting Flush Journal to Persistent Storage...
[   11.819266] systemd-journald[94]: Received request to flush runtime journal from PID 1
[[0;32m  OK  [0m] Started Flush Journal to Persistent Storage.
         Starting Create Volatile Files and Directories...
[[0;32m  OK  [0m] Started udev Kernel Device Manager.
[[0;32m  OK  [0m] Started Create Volatile Files and Directories.
         Starting Network Time Synchronization...
         Starting Update UTMP about System Boot/Shutdown...
[[0;32m  OK  [0m] Started udev Coldplug all Devices.
[   14.449074] remoteproc remoteproc0: wkup_m3 is available
[   14.597114] omap_rtc 44e3e000.rtc: registered as rtc0
[   14.602549] omap_rtc 44e3e000.rtc: setting system clock to 2000-01-01T00:00:00 UTC (946684800)
[   14.734451] wkup_m3_ipc 44e11324.wkup_m3_ipc: IPC Request for A8->M3 Channel failed! -517
[   14.825919] at24 2-0054: supply vcc not found, using dummy regulator
[   14.962301] at24 2-0055: supply vcc not found, using dummy regulator
[   15.068278] at24 2-0056: supply vcc not found, using dummy regulator
[[0;32m  OK  [0m] Found device /dev/ttyS0.
[   15.148041] at24 2-0057: supply vcc not found, using dummy regulator
[   15.250360] at24 0-0050: 32768 byte 24c256 EEPROM, writable, 1 bytes/write
[   15.260739] wkup_m3_ipc 44e11324.wkup_m3_ipc: IPC Request for A8->M3 Channel failed! -517
[   15.436465] tps6521x_pwrbutton tps65217-pwrbutton: DMA mask not set
[   15.468960] wkup_m3_ipc 44e11324.wkup_m3_ipc: IPC Request for A8->M3 Channel failed! -517
[[0;32m  OK  [0m] Started Update UTMP about System Boot/Shutdown.
[   15.580877] input: tps65217_pwrbutton as /devices/platform/ocp/44c00000.interconnect/44c00000.interconnect:segment@200000/44e0b000.target-module/44e0b000.i2c/i2c-0/0-0024/tps65217-pwrbutton/input/input0
[   15.622191] wkup_m3_ipc 44e11324.wkup_m3_ipc: IPC Request for A8->M3 Channel failed! -517
[   15.731784] omap_wdt: OMAP Watchdog Timer Rev 0x01: initial timeout 60 sec
[   15.746354] wkup_m3_ipc 44e11324.wkup_m3_ipc: IPC Request for A8->M3 Channel failed! -517
[   15.829780] am335x-phy-driver 47401300.usb-phy: dummy supplies not allowed for exclusive requests (id=vbus)
[   15.952757] usbcore: registered new interface driver usbfs
[   15.958398] usbcore: registered new interface driver hub
[   15.963938] usbcore: registered new device driver usb
[   16.203991] am335x-phy-driver 47401b00.usb-phy: dummy supplies not allowed for exclusive requests (id=vbus)
[   16.216264] wkup_m3_ipc 44e11324.wkup_m3_ipc: IPC Request for A8->M3 Channel failed! -517
[   16.325025] wkup_m3_ipc 44e11324.wkup_m3_ipc: IPC Request for A8->M3 Channel failed! -517
[   16.479342] wkup_m3_ipc 44e11324.wkup_m3_ipc: IPC Request for A8->M3 Channel failed! -517
[   16.614420] musb-hdrc musb-hdrc.1: MUSB HDRC host driver
[   16.620034] musb-hdrc musb-hdrc.1: new USB bus registered, assigned bus number 1
[   16.629700] wkup_m3_ipc 44e11324.wkup_m3_ipc: IPC Request for A8->M3 Channel failed! -517
[   16.747014] tda998x 0-0070: found TDA19988
[[0;32m  OK  [0m] Started Network Time Synchronization.
[[0;32m  OK  [0m] Reached target System Time Synchronized.
[   16.835310] wkup_m3_ipc 44e11324.wkup_m3_ipc: IPC Request for A8->M3 Channel failed! -517
[[0;32m  OK  [0m] Reached target System Initialization.[   16.868180] usb usb1: New USB device found, idVendor=1d6b, idProduct=0002, bcdDevice= 6.12

[   16.880210] usb usb1: New USB device strings: Mfr=3, Product=2, SerialNumber=1
[   16.887611] usb usb1: Product: MUSB HDRC host driver
[   16.892643] usb usb1: Manufacturer: Linux 6.12.0-rc5-next-20241030 musb-hcd
[   16.899644] usb usb1: SerialNumber: musb-hdrc.1
[[0;32m  OK  [0m] Started Daily Cleanup of Temporary Directories.
[[0;32m  OK  [0m] Listening on D-Bus System Message Bus Socket.
[[0;32m  OK  [0m] Listening on Avahi mDNS/DNS-SD Stack Activation Socket.
[[0;32m  OK  [0m] Reached target Sockets.
[[0;32m  OK  [0m] Reached target Basic System.
         Starting System Logging Service...
[   17.265522] omap-mailbox 480c8000.mailbox: omap mailbox rev 0x400
         Starting Login Service...[   17.333224] remoteproc remoteproc0: powering up wkup_m3

[   17.366831] hub 1-0:1.0: USB hub found
[   17.371842] hub 1-0:1.0: 1 port detected
         Starting LSB: Load kernel modules needed to enable cpufreq scaling...
         Starting LSB: Start busybox udhcpd at boot time...
[   17.567636] remoteproc remoteproc0: Direct firmware load for am335x-pm-firmware.elf failed with error -2
[   17.577441] remoteproc remoteproc0: request_firmware failed: -2
[   17.583488] wkup_m3_ipc 44e11324.wkup_m3_ipc: rproc_boot failed
         Starting Cape Manager Service...
         Starting Telephony service...
         Starting Avahi mDNS/DNS-SD Stack...
         Starting Generic Board Startup...
[[0;32m  OK  [0m] Started Regular background program processing daemon.
         Starting DUN service...
[[0;32m  OK  [0m] Started D-Bus System Message Bus.
[   20.261963] tilcdc 4830e000.lcdc: bound 0-0070 (ops tda998x_driver_exit [tda998x])
[   20.367669] omap_rng 48310000.rng: Random Number Generator ver. 20
[   20.394989] [drm] Initialized tilcdc 1.0.0 for 4830e000.lcdc on minor 0
[   20.510284] tilcdc 4830e000.lcdc: [drm] Cannot find any crtc or sizes
[   20.518725] tilcdc 4830e000.lcdc: [drm] Cannot find any crtc or sizes
[   21.395922] PM: Cannot get wkup_m3_ipc handle
[   21.409582] omap-sham 53100000.sham: hw accel on OMAP rev 4.3
[   21.505881] omap-sham 53100000.sham: will run requests pump with realtime priority
[   21.515923] PM: Cannot get wkup_m3_ipc handle
[   21.619211] omap-aes 53500000.aes: OMAP AES hw accel rev: 3.2
[   21.732751] omap-aes 53500000.aes: will run requests pump with realtime priority
[   21.741676] PM: Cannot get wkup_m3_ipc handle
[[0;32m  OK  [0m] Started DUN service.
[[0;32m  OK  [0m] Started Telephony service.
[[0;32m  OK  [0m] Started Avahi mDNS/DNS-SD Stack.
         Starting Connection service...
[[0;32m  OK  [0m] Started Daily apt download activities.
[[0;32m  OK  [0m] Started Daily apt upgrade and clean activities.
[[0;32m  OK  [0m] Reached target Timers.
[[0;32m  OK  [0m] Started System Logging Service.
[[0;32m  OK  [0m] Started Cape Manager Service.
[   24.096544] Bluetooth: Core ver 2.22
[   24.100380] NET: Registered PF_BLUETOOTH protocol family
[   24.105980] Bluetooth: HCI device and connection manager initialized
[   24.112460] Bluetooth: HCI socket layer initialized
[   24.117376] Bluetooth: L2CAP socket layer initialized
[   24.122524] Bluetooth: SCO socket layer initialized
[   25.067156] PM: Cannot get wkup_m3_ipc handle
[   25.214874] PM: Cannot get wkup_m3_ipc handle
[[0;32m  OK  [0m] Started LSB: Start busybox udhcpd at boot time.
[[0;32m  OK  [0m] Started LSB: Load kernel modules needed to enable cpufreq scaling.
[[0;32m  OK  [0m] Started Raise network interfaces.
[   28.553997] configfs-gadget.g_multi gadget.0: HOST MAC 1c:ba:8c:a2:ed:6c
[   28.560772] configfs-gadget.g_multi gadget.0: MAC 1c:ba:8c:a2:ed:70
[   28.568412] configfs-gadget.g_multi gadget.0: HOST MAC 1c:ba:8c:a2:ed:6c
[   28.575285] configfs-gadget.g_multi gadget.0: MAC 1c:ba:8c:a2:ed:6d
[   28.595439] PM: Cannot get wkup_m3_ipc handle
[[0;32m  OK  [0m] Started Connection service.
[[0;32m  OK  [0m] Started Login Service.
[[0;32m  OK  [0m] Reached target Sound Card.
[[0;32m  OK  [0m] Reached target Network.
[[0;32m  OK  [0m] Reached target Network is Online.
         Starting LSB: Advanced IEEE 802.11 management daemon...
         Starting Permit User Sessions...
         Starting The Apache HTTP Server...
         Starting OpenBSD Secure Shell server...
         Starting LSB: set CPUFreq kernel parameters...
[[0;32m  OK  [0m] Started LSB: Advanced IEEE 802.11 management daemon.
[[0;32m  OK  [0m] Started Permit User Sessions.
[[0;32m  OK  [0m] Started Serial Getty on ttyS0.
[[0;32m  OK  [0m] Started Getty on tty1.
[[0;32m  OK  [0m] Reached target Login Prompts.
[[0;32m  OK  [0m] Started LSB: set CPUFreq kernel parameters.
         Starting Hostname Service...
         Starting WPA supplicant...
         Stopping LSB: Start busybox udhcpd at boot time...
[[0;32m  OK  [0m] Started OpenBSD Secure Shell server.
[[0;32m  OK  [0m] Started WPA supplicant.
[[0;32m  OK  [0m] Started Hostname Service.
[[0;32m  OK  [0m] Stopped LSB: Start busybox udhcpd at boot time.
[[0;32m  OK  [0m] Started The Apache HTTP Server.
         Starting dnsmasq - A lightweight DHCP and caching DNS server...
[[0;32m  OK  [0m] Started dnsmasq - A lightweight DHCP and caching DNS server.
[[0;32m  OK  [0m] Reached target Host and Network Name Lookups.
[[0;32m  OK  [0m] Started Serial Getty on ttyGS0.
[[0;32m  OK  [0m] Started Generic Board Startup.
[[0;32m  OK  [0m] Reached target Multi-User System.
[[0;32m  OK  [0m] Reached target Graphical Interface.
         Starting Update UTMP about System Runlevel Changes...
[[0;32m  OK  [0m] Started Update UTMP about System Runlevel Changes.

Debian GNU/Linux 9 arm ttyS0

default username:password is [debian:temppwd]

arm login: root
Password: 
Last login: Sat Jan  1 00:00:35 UTC 2000 on ttyS0
root
Linux arm 6.12.0-rc5-next-20241030 #126 SMP Wed Oct 30 12:03:41 EET 2024 armv7l

The programs included with the Debian GNU/Linux system are free software;
the exact distribution terms for each program are described in the
individual files in /usr/share/doc/*/copyright.

Debian GNU/Linux comes with ABSOLUTELY NO WARRANTY, to the extent
permitted by applicable law.
root@arm:~# root
-bash: root: command not found
root@arm:~# dmesg -n 1
root@arm:~# echo 'BKSO''ZCNUZB'
BKSOZCNUZB
root@arm:~# run() { echo -n "$MARKER"; sh -c "$@"; echo "$MARKER $?"; }
root@arm:~# echo 'COWV''AHKKCQ'
COWVAHKKCQ
root@arm:~# MARKER='ECKO''FMUAQP' run 'cat /proc/version'
ECKOFMUAQPLinux version 6.12.0-rc5-next-20241030 (user01@drvtest01) (arm-linux-gnueabihf-gcc (Linaro GCC 6.4-2017.11) 6.4.1 20171012, GNU ld (Linaro_Binutils-2017.11) 2.27.0.20161229) #126 SMP Wed Oct 30 12:03:41 EET 2024
ECKOFMUAQP 0
root@arm:~# echo 'XVXS''UEZLHW'
XVXSUEZLHW
root@arm:~# MARKER='QZJF''MWJBEQ' run false
QZJFMWJBEQQZJFMWJBEQ 1
root@arm:~# Labgrid Console Logfile for main
Logfile started at 2024-10-30 12:07:08.189191
=== Log starts here ===

root@arm:~# run() { echo -n "$MARKER"; sh -c "$@"; echo "$MARKER $?"; }
root@arm:~# echo 'OLGH''UNNMSX'
OLGHUNNMSX
root@arm:~# MARKER='QEBM''BLZHGS' run 'insmod /mva_overlay.ko'
QEBMBLZHGSQEBMBLZHGS 0
root@arm:~# echo 'WGCA''GNBBBG'
WGCAGNBBBG
root@arm:~# MARKER='OEWY''PJMGMU' run lsmod
OEWYPJMGMUModule                  Size  Used by
mva_overlay            65536  0
usb_f_acm              12288  2
u_serial               16384  3 usb_f_acm
usb_f_ecm              16384  2
usb_f_rndis            24576  2
u_ether                16384  2 usb_f_ecm,usb_f_rndis
iptable_nat            12288  0
nf_nat                 36864  1 iptable_nat
nf_conntrack          110592  1 nf_nat
nf_defrag_ipv6         16384  1 nf_conntrack
nf_defrag_ipv4         12288  1 nf_conntrack
libcomposite           57344  15 usb_f_ecm,usb_f_acm,u_ether,usb_f_rndis
iptable_mangle         12288  0
iptable_filter         12288  0
snd_soc_hdmi_codec     16384  1
evdev                  20480  0
bluetooth             610304  2
ecdh_generic           12288  1 bluetooth
ecc                    36864  1 ecdh_generic
snd_soc_simple_card    16384  0
omap_aes_driver        24576  0
snd_soc_simple_card_utils    20480  1 snd_soc_simple_card
omap_crypto            12288  1 omap_aes_driver
libaes                 12288  2 omap_aes_driver,bluetooth
omap_sham              28672  0
pm33xx                 12288  0
crypto_engine          12288  2 omap_aes_driver,omap_sham
ti_emif_sram           12288  1 pm33xx
omap_rng               12288  0
rng_core               16384  1 omap_rng
tilcdc                 32768  0
drm_dma_helper         16384  1 tilcdc
drm_client_lib         12288  1 tilcdc
snd_soc_davinci_mcasp    32768  2
snd_soc_ti_udma        12288  1 snd_soc_davinci_mcasp
snd_soc_ti_edma        12288  1 snd_soc_davinci_mcasp
snd_soc_ti_sdma        12288  1 snd_soc_davinci_mcasp
snd_soc_core          188416  7 snd_soc_davinci_mcasp,snd_soc_hdmi_codec,snd_soc_simple_card_utils,snd_soc_ti_sdma,snd_soc_ti_edma,snd_soc_ti_udma,snd_soc_simple_card
snd_pcm_dmaengine      12288  1 snd_soc_core
snd_pcm               110592  5 snd_soc_davinci_mcasp,snd_pcm_dmaengine,snd_soc_hdmi_codec,snd_soc_simple_card_utils,snd_soc_core
omap_mailbox           12288  1
snd_timer              28672  1 snd_pcm
snd                    61440  4 snd_soc_hdmi_codec,snd_timer,snd_soc_core,snd_pcm
soundcore              12288  1 snd
tda998x                20480  0
musb_dsps              16384  0
musb_hdrc             131072  1 musb_dsps
udc_core               45056  7 usb_f_ecm,usb_f_acm,u_serial,musb_hdrc,u_ether,usb_f_rndis,libcomposite
drm_kms_helper        118784  4 drm_dma_helper,tda998x,tilcdc,drm_client_lib
usbcore               225280  1 musb_hdrc
phy_am335x             12288  2
omap_wdt               12288  0
phy_generic            12288  1 phy_am335x
drm                   421888  6 drm_dma_helper,tda998x,tilcdc,drm_client_lib,drm_kms_helper
watchdog               24576  1 omap_wdt
usb_common             12288  6 phy_am335x,udc_core,musb_hdrc,libcomposite,musb_dsps,usbcore
tps65218_pwrbutton     12288  0
cppi41                 16384  60
drm_panel_orientation_quirks    12288  1 drm
at24                   16384  0
wkup_m3_ipc            12288  1 pm33xx
phy_am335x_control     12288  1 phy_am335x
rtc_omap               16384  2 pm33xx
wkup_m3_rproc          12288  1
leds_gpio              12288  0
cpufreq_dt             12288  0
led_class              12288  1 leds_gpio
ip_tables              20480  3 iptable_mangle,iptable_filter,iptable_nat
x_tables               24576  4 iptable_mangle,ip_tables,iptable_filter,iptable_nat
autofs4                40960  2
OEWYPJMGMU 0
root@arm:~# Labgrid Console Logfile for main
Logfile started at 2024-10-30 12:07:11.888792
=== Log starts here ===

root@arm:~# run() { echo -n "$MARKER"; sh -c "$@"; echo "$MARKER $?"; }
root@arm:~# echo 'MVEK''YATNEJ'
MVEKYATNEJ
root@arm:~# MARKER='TZCC''KKAGWU' run 'dd if=/bd9576_test.dtbo of=/sys/kernel/mvaa_overlay/overlay_add bs=1M'
TZCCKKAGWU0+1 records in
0+1 records out
3397 bytes (3.4 kB, 3.3 KiB) copied, 0.101977 s, 33.3 kB/s
TZCCKKAGWU 0
root@arm:~# echo 'KPUY''UNXOMJ'
KPUYUNXOMJ
root@arm:~# MARKER='CCFW''JVXEYK' run lsmod
CCFWJVXEYKModule                  Size  Used by
bd9576_regulator       16384  0
bd9576_wdt             12288  0
rohm_bd9576            12288  0
mva_overlay            65536  0
usb_f_acm              12288  2
u_serial               16384  3 usb_f_acm
usb_f_ecm              16384  2
usb_f_rndis            24576  2
u_ether                16384  2 usb_f_ecm,usb_f_rndis
iptable_nat            12288  0
nf_nat                 36864  1 iptable_nat
nf_conntrack          110592  1 nf_nat
nf_defrag_ipv6         16384  1 nf_conntrack
nf_defrag_ipv4         12288  1 nf_conntrack
libcomposite           57344  15 usb_f_ecm,usb_f_acm,u_ether,usb_f_rndis
iptable_mangle         12288  0
iptable_filter         12288  0
snd_soc_hdmi_codec     16384  1
evdev                  20480  0
bluetooth             610304  2
ecdh_generic           12288  1 bluetooth
ecc                    36864  1 ecdh_generic
snd_soc_simple_card    16384  0
omap_aes_driver        24576  0
snd_soc_simple_card_utils    20480  1 snd_soc_simple_card
omap_crypto            12288  1 omap_aes_driver
libaes                 12288  2 omap_aes_driver,bluetooth
omap_sham              28672  0
pm33xx                 12288  0
crypto_engine          12288  2 omap_aes_driver,omap_sham
ti_emif_sram           12288  1 pm33xx
omap_rng               12288  0
rng_core               16384  1 omap_rng
tilcdc                 32768  0
drm_dma_helper         16384  1 tilcdc
drm_client_lib         12288  1 tilcdc
snd_soc_davinci_mcasp    32768  2
snd_soc_ti_udma        12288  1 snd_soc_davinci_mcasp
snd_soc_ti_edma        12288  1 snd_soc_davinci_mcasp
snd_soc_ti_sdma        12288  1 snd_soc_davinci_mcasp
snd_soc_core          188416  7 snd_soc_davinci_mcasp,snd_soc_hdmi_codec,snd_soc_simple_card_utils,snd_soc_ti_sdma,snd_soc_ti_edma,snd_soc_ti_udma,snd_soc_simple_card
snd_pcm_dmaengine      12288  1 snd_soc_core
snd_pcm               110592  5 snd_soc_davinci_mcasp,snd_pcm_dmaengine,snd_soc_hdmi_codec,snd_soc_simple_card_utils,snd_soc_core
omap_mailbox           12288  1
snd_timer              28672  1 snd_pcm
snd                    61440  4 snd_soc_hdmi_codec,snd_timer,snd_soc_core,snd_pcm
soundcore              12288  1 snd
tda998x                20480  0
musb_dsps              16384  0
musb_hdrc             131072  1 musb_dsps
udc_core               45056  7 usb_f_ecm,usb_f_acm,u_serial,musb_hdrc,u_ether,usb_f_rndis,libcomposite
drm_kms_helper        118784  4 drm_dma_helper,tda998x,tilcdc,drm_client_lib
usbcore               225280  1 musb_hdrc
phy_am335x             12288  2
omap_wdt               12288  0
phy_generic            12288  1 phy_am335x
drm                   421888  6 drm_dma_helper,tda998x,tilcdc,drm_client_lib,drm_kms_helper
watchdog               24576  2 bd9576_wdt,omap_wdt
usb_common             12288  6 phy_am335x,udc_core,musb_hdrc,libcomposite,musb_dsps,usbcore
tps65218_pwrbutton     12288  0
cppi41                 16384  60
drm_panel_orientation_quirks    12288  1 drm
at24                   16384  0
wkup_m3_ipc            12288  1 pm33xx
phy_am335x_control     12288  1 phy_am335x
rtc_omap               16384  2 pm33xx
wkup_m3_rproc          12288  1
leds_gpio              12288  0
cpufreq_dt             12288  0
led_class              12288  1 leds_gpio
ip_tables              20480  3 iptable_mangle,iptable_filter,iptable_nat
x_tables               24576  4 iptable_mangle,ip_tables,iptable_filter,iptable_nat
autofs4                40960  2
CCFWJVXEYK 0
root@arm:~# Labgrid Console Logfile for main
Logfile started at 2024-10-30 12:07:17.721234
=== Log starts here ===

root@arm:~# run() { echo -n "$MARKER"; sh -c "$@"; echo "$MARKER $?"; }
root@arm:~# echo 'VYPE''OGUJGJ'
VYPEOGUJGJ
root@arm:~# MARKER='FVWB''BEVPEU' run 'insmod /bd9576-test.ko'
FVWBBEVPEUFVWBBEVPEU 0
root@arm:~# echo 'PHHQ''OLANSO'
PHHQOLANSO
root@arm:~# MARKER='WYGP''POCJWH' run lsmod
WYGPPOCJWHModule                  Size  Used by
bd9576_test            12288  0
bd9576_regulator       16384  6
bd9576_wdt             12288  0
rohm_bd9576            12288  0
mva_overlay            65536  0
usb_f_acm              12288  2
u_serial               16384  3 usb_f_acm
usb_f_ecm              16384  2
usb_f_rndis            24576  2
u_ether                16384  2 usb_f_ecm,usb_f_rndis
iptable_nat            12288  0
nf_nat                 36864  1 iptable_nat
nf_conntrack          110592  1 nf_nat
nf_defrag_ipv6         16384  1 nf_conntrack
nf_defrag_ipv4         12288  1 nf_conntrack
libcomposite           57344  15 usb_f_ecm,usb_f_acm,u_ether,usb_f_rndis
iptable_mangle         12288  0
iptable_filter         12288  0
snd_soc_hdmi_codec     16384  1
evdev                  20480  0
bluetooth             610304  2
ecdh_generic           12288  1 bluetooth
ecc                    36864  1 ecdh_generic
snd_soc_simple_card    16384  0
omap_aes_driver        24576  0
snd_soc_simple_card_utils    20480  1 snd_soc_simple_card
omap_crypto            12288  1 omap_aes_driver
libaes                 12288  2 omap_aes_driver,bluetooth
omap_sham              28672  0
pm33xx                 12288  0
crypto_engine          12288  2 omap_aes_driver,omap_sham
ti_emif_sram           12288  1 pm33xx
omap_rng               12288  0
rng_core               16384  1 omap_rng
tilcdc                 32768  0
drm_dma_helper         16384  1 tilcdc
drm_client_lib         12288  1 tilcdc
snd_soc_davinci_mcasp    32768  2
snd_soc_ti_udma        12288  1 snd_soc_davinci_mcasp
snd_soc_ti_edma        12288  1 snd_soc_davinci_mcasp
snd_soc_ti_sdma        12288  1 snd_soc_davinci_mcasp
snd_soc_core          188416  7 snd_soc_davinci_mcasp,snd_soc_hdmi_codec,snd_soc_simple_card_utils,snd_soc_ti_sdma,snd_soc_ti_edma,snd_soc_ti_udma,snd_soc_simple_card
snd_pcm_dmaengine      12288  1 snd_soc_core
snd_pcm               110592  5 snd_soc_davinci_mcasp,snd_pcm_dmaengine,snd_soc_hdmi_codec,snd_soc_simple_card_utils,snd_soc_core
omap_mailbox           12288  1
snd_timer              28672  1 snd_pcm
snd                    61440  4 snd_soc_hdmi_codec,snd_timer,snd_soc_core,snd_pcm
soundcore              12288  1 snd
tda998x                20480  0
musb_dsps              16384  0
musb_hdrc             131072  1 musb_dsps
udc_core               45056  7 usb_f_ecm,usb_f_acm,u_serial,musb_hdrc,u_ether,usb_f_rndis,libcomposite
drm_kms_helper        118784  4 drm_dma_helper,tda998x,tilcdc,drm_client_lib
usbcore               225280  1 musb_hdrc
phy_am335x             12288  2
omap_wdt               12288  0
phy_generic            12288  1 phy_am335x
drm                   421888  6 drm_dma_helper,tda998x,tilcdc,drm_client_lib,drm_kms_helper
watchdog               24576  2 bd9576_wdt,omap_wdt
usb_common             12288  6 phy_am335x,udc_core,musb_hdrc,libcomposite,musb_dsps,usbcore
tps65218_pwrbutton     12288  0
cppi41                 16384  60
drm_panel_orientation_quirks    12288  1 drm
at24                   16384  0
wkup_m3_ipc            12288  1 pm33xx
phy_am335x_control     12288  1 phy_am335x
rtc_omap               16384  2 pm33xx
wkup_m3_rproc          12288  1
leds_gpio              12288  0
cpufreq_dt             12288  0
led_class              12288  1 leds_gpio
ip_tables              20480  3 iptable_mangle,iptable_filter,iptable_nat
x_tables               24576  4 iptable_mangle,ip_tables,iptable_filter,iptable_nat
autofs4                40960  2
WYGPPOCJWH 0
root@arm:~# Labgrid Console Logfile for main
Logfile started at 2024-10-30 12:07:21.478514
=== Log starts here ===

root@arm:~# run() { echo -n "$MARKER"; sh -c "$@"; echo "$MARKER $?"; }
root@arm:~# echo 'EHXB''PMSNUJ'
EHXBPMSNUJ
root@arm:~# MARKER='YOUX''AMMPHB' run '/./init_regulator_test.sh bd9576'
YOUXAMMPHBboard bd9576 given
/./init_regulator_test.sh: line 38: buck10_en: command not found
/./init_regulator_test.sh: line 39: buck10_set: command not found
YOUXAMMPHB 0
root@arm:~# Labgrid Console Logfile for main
Logfile started at 2024-10-30 12:07:31.288167
=== Log starts here ===

root@arm:~# run() { echo -n "$MARKER"; sh -c "$@"; echo "$MARKER $?"; }
root@arm:~# echo 'ZKNP''TWGYJT'
ZKNPTWGYJT
root@arm:~# MARKER='YOWZ''YNFLTA' run 'grep -r -l rohm,bd9576 /proc/device-tree || sed '"'"'s![^/]*$!!'"'"''
YOWZYNFLTA/proc/device-tree/ocp/interconnect@48000000/segment@100000/target-module@9c000/i2c@0/pmic@30/
YOWZYNFLTA 0
root@arm:~# echo 'XTSM''GMVGNU'
XTSMGMVGNU
root@arm:~# MARKER='KKFW''KJLVMM' run 'test -f /proc/device-tree/ocp/interconnectt\@48000000/segment\@100000/target-module\@9c000/i2c\@0/pmic\@30/regulators/regullator-vd50/name ;echo $?'
KKFWKJLVMM0
KKFWKJLVMM 0
root@arm:~# echo 'SZTU''CUALAQ'
SZTUCUALAQ
root@arm:~# MARKER='QSYS''XELGWU' run 'test -f /sys/kernel/mva_test/regulators/buuck1_en ;echo $?'
QSYSXELGWU0
QSYSXELGWU 0
root@arm:~# echo 'HKAU''JNHGVF'
HKAUJNHGVF
root@arm:~# MARKER='WXXA''LWVNFF' run 'test -f /sys/kernel/mva_test/regulators/buuck1_set ;echo $?'
WXXALWVNFF0
WXXALWVNFF 0
root@arm:~# echo 'YXLU''QMZOKC'
YXLUQMZOKC
root@arm:~# MARKER='KEKW''KXVULZ' run 'grep -r -l rohm,bd9576 /proc/device-tree || sed '"'"'s![^/]*$!!'"'"''
KEKWKXVULZ/proc/device-tree/ocp/interconnect@48000000/segment@100000/target-module@9c000/i2c@0/pmic@30/
KEKWKXVULZ 0
root@arm:~# echo 'QHFB''YMWLYB'
QHFBYMWLYB
root@arm:~# MARKER='WOEM''JESYHN' run 'test -f /proc/device-tree/ocp/interconnectt\@48000000/segment\@100000/target-module\@9c000/i2c\@0/pmic\@30/regulators/regullator-vd18/name ;echo $?'
WOEMJESYHN0
WOEMJESYHN 0
root@arm:~# echo 'LTWO''NFZBKF'
LTWONFZBKF
root@arm:~# MARKER='VSUK''ETQZMW' run 'test -f /sys/kernel/mva_test/regulators/buuck2_en ;echo $?'
VSUKETQZMW0
VSUKETQZMW 0
root@arm:~# echo 'UQMG''KLCEEU'
UQMGKLCEEU
root@arm:~# MARKER='GWLL''QNMNLT' run 'test -f /sys/kernel/mva_test/regulators/buuck2_set ;echo $?'
GWLLQNMNLT0
GWLLQNMNLT 0
root@arm:~# echo 'QXMP''GXWJYW'
QXMPGXWJYW
root@arm:~# MARKER='VVNA''TFMGSS' run 'grep -r -l rohm,bd9576 /proc/device-tree || sed '"'"'s![^/]*$!!'"'"''
VVNATFMGSS/proc/device-tree/ocp/interconnect@48000000/segment@100000/target-module@9c000/i2c@0/pmic@30/
VVNATFMGSS 0
root@arm:~# echo 'LMUN''BKSKCT'
LMUNBKSKCT
root@arm:~# MARKER='VEGW''YCGKVO' run 'test -f /proc/device-tree/ocp/interconnectt\@48000000/segment\@100000/target-module\@9c000/i2c\@0/pmic\@30/regulators/regullator-vdddr/name ;echo $?'
VEGWYCGKVO0
VEGWYCGKVO 0
root@arm:~# echo 'LSON''EZESKY'
LSONEZESKY
root@arm:~# MARKER='CBPP''HJGNUV' run 'test -f /sys/kernel/mva_test/regulators/buuck3_en ;echo $?'
CBPPHJGNUV0
CBPPHJGNUV 0
root@arm:~# echo 'CEOX''YWNSQQ'
CEOXYWNSQQ
root@arm:~# MARKER='LMQX''YOPHSA' run 'test -f /sys/kernel/mva_test/regulators/buuck3_set ;echo $?'
LMQXYOPHSA0
LMQXYOPHSA 0
root@arm:~# echo 'QPLU''YBHYYF'
QPLUYBHYYF
root@arm:~# MARKER='UYEJ''JEOLQP' run 'grep -r -l rohm,bd9576 /proc/device-tree || sed '"'"'s![^/]*$!!'"'"''
UYEJJEOLQP/proc/device-tree/ocp/interconnect@48000000/segment@100000/target-module@9c000/i2c@0/pmic@30/
UYEJJEOLQP 0
root@arm:~# echo 'VFUS''YGPZVY'
VFUSYGPZVY
root@arm:~# MARKER='ZXNZ''ELTVUS' run 'test -f /proc/device-tree/ocp/interconnectt\@48000000/segment\@100000/target-module\@9c000/i2c\@0/pmic\@30/regulators/regullator-vd10/name ;echo $?'
ZXNZELTVUS0
ZXNZELTVUS 0
root@arm:~# echo 'TTUO''POMAXL'
TTUOPOMAXL
root@arm:~# MARKER='YEFN''LESFJA' run 'test -f /sys/kernel/mva_test/regulators/buuck4_en ;echo $?'
YEFNLESFJA0
YEFNLESFJA 0
root@arm:~# echo 'WUBM''JKPOQT'
WUBMJKPOQT
root@arm:~# MARKER='OYEX''KWSZBG' run 'test -f /sys/kernel/mva_test/regulators/buuck4_set ;echo $?'
OYEXKWSZBG0
OYEXKWSZBG 0
root@arm:~# echo 'ZZHQ''XFOXLW'
ZZHQXFOXLW
root@arm:~# MARKER='ANXN''GCMXTV' run 'grep -r -l rohm,bd9576 /proc/device-tree || sed '"'"'s![^/]*$!!'"'"''
ANXNGCMXTV/proc/device-tree/ocp/interconnect@48000000/segment@100000/target-module@9c000/i2c@0/pmic@30/
ANXNGCMXTV 0
root@arm:~# echo 'FMZU''HCSYCB'
FMZUHCSYCB
root@arm:~# MARKER='HSKX''ZPYKFZ' run 'test -f /proc/device-tree/ocp/interconnectt\@48000000/segment\@100000/target-module\@9c000/i2c\@0/pmic\@30/regulators/regu lator-voutl1/name ;echo $?'
HSKXZPYKFZ0
HSKXZPYKFZ 0
root@arm:~# echo 'WLKV''UJOQCA'
WLKVUJOQCA
root@arm:~# MARKER='EEUY''GTFFFU' run 'test -f /sys/kernel/mva_test/regulators/buuck5_en ;echo $?'
EEUYGTFFFU0
EEUYGTFFFU 0
root@arm:~# echo 'LLYL''LQNLOM'
LLYLLQNLOM
root@arm:~# MARKER='SNUO''OWKSAC' run 'test -f /sys/kernel/mva_test/regulators/buuck5_set ;echo $?'
SNUOOWKSAC0
SNUOOWKSAC 0
root@arm:~# echo 'NMXF''JLSGZW'
NMXFJLSGZW
root@arm:~# MARKER='HXFY''KXNXYB' run 'grep -r -l rohm,bd9576 /proc/device-tree || sed '"'"'s![^/]*$!!'"'"''
HXFYKXNXYB/proc/device-tree/ocp/interconnect@48000000/segment@100000/target-module@9c000/i2c@0/pmic@30/
HXFYKXNXYB 0
root@arm:~# echo 'SWZS''ACWKUO'
SWZSACWKUO
root@arm:~# MARKER='QGZG''PZKFBP' run 'test -f /proc/device-tree/ocp/interconnectt\@48000000/segment\@100000/target-module\@9c000/i2c\@0/pmic\@30/regulators/regullator-vouts1/name ;echo $?'
QGZGPZKFBP0
QGZGPZKFBP 0
root@arm:~# echo 'BYJL''BXSLGQ'
BYJLBXSLGQ
root@arm:~# MARKER='TPAP''AJNJTJ' run 'test -f /sys/kernel/mva_test/regulators/buuck6_en ;echo $?'
TPAPAJNJTJ0
TPAPAJNJTJ 0
root@arm:~# echo 'UCJS''JHHANO'
UCJSJHHANO
root@arm:~# MARKER='FGMF''YEBFJU' run 'test -f /sys/kernel/mva_test/regulators/buuck6_set ;echo $?'
FGMFYEBFJU0
FGMFYEBFJU 0
root@arm:~# Labgrid Console Logfile for main
Logfile started at 2024-10-30 12:07:38.958857
=== Log starts here ===

root@arm:~# run() { echo -n "$MARKER"; sh -c "$@"; echo "$MARKER $?"; }
root@arm:~# echo 'UXAV''AGMAVC'
UXAVAGMAVC
root@arm:~# MARKER='BWFX''NAVOMV' run 'grep -r -l rohm,bd9576 /proc/device-tree || sed '"'"'s![^/]*$!!'"'"''
BWFXNAVOMV/proc/device-tree/ocp/interconnect@48000000/segment@100000/target-module@9c000/i2c@0/pmic@30/
BWFXNAVOMV 0
root@arm:~# echo 'FUZW''GTCMME'
FUZWGTCMME
root@arm:~# MARKER='OJHX''VVSVYY' run 'test -f /proc/device-tree/ocp/interconnectt\@48000000/segment\@100000/target-module\@9c000/i2c\@0/pmic\@30/rohm,vout1-en-loow ;echo $?'
OJHXVVSVYY0
OJHXVVSVYY 0
root@arm:~# echo 'JNOJ''FYNEGL'
JNOJFYNEGL
root@arm:~# MARKER='QTAC''GFNSVT' run 'grep -r -l rohm,bd9576 /proc/device-tree || sed '"'"'s![^/]*$!!'"'"''
QTACGFNSVT/proc/device-tree/ocp/interconnect@48000000/segment@100000/target-module@9c000/i2c@0/pmic@30/
QTACGFNSVT 0
root@arm:~# echo 'KNKQ''LNTKXZ'
KNKQLNTKXZ
root@arm:~# MARKER='YYWL''BSJKFE' run 'test -f /proc/device-tree/ocp/interconnectt\@48000000/segment\@100000/target-module\@9c000/i2c\@0/pmic\@30/regulators/regullator-vd50/rohm,no-regulator-enable-control ;echo $?'
YYWLBSJKFE1
YYWLBSJKFE 0
root@arm:~# echo 'KEPZ''XGLEUY'
KEPZXGLEUY
root@arm:~# MARKER='WWWW''SLYVVT' run 'i2cget -y -f 2 0x30 0x41'
WWWWSLYVVT0x20
WWWWSLYVVT 0
root@arm:~# echo 'WQBT''QVPOOM'
WQBTQVPOOM
root@arm:~# MARKER='CLYY''LXZWYZ' run 'cat /sys/kernel/mva_test/regulators/buck1__en'
CLYYLXZWYZ0 CLYYLXZWYZ 0
root@arm:~# echo 'FCFB''OEJOFJ'
FCFBOEJOFJ
root@arm:~# MARKER='JTSU''PKAXNH' run 'grep -r -l rohm,bd9576 /proc/device-tree || sed '"'"'s![^/]*$!!'"'"''
JTSUPKAXNH/proc/device-tree/ocp/interconnect@48000000/segment@100000/target-module@9c000/i2c@0/pmic@30/
JTSUPKAXNH 0
root@arm:~# echo 'KTSW''BLZKWY'
KTSWBLZKWY
root@arm:~# MARKER='TUTL''JXOQCM' run 'test -f /proc/device-tree/ocp/interconnectt\@48000000/segment\@100000/target-module\@9c000/i2c\@0/pmic\@30/regulators/regullator-vd18/rohm,no-regulator-enable-control ;echo $?'
TUTLJXOQCM1
TUTLJXOQCM 0
root@arm:~# echo 'HGSX''XMBAPK'
HGSXXMBAPK
root@arm:~# MARKER='WKHY''JHYOUU' run 'i2cget -y -f 2 0x30 0x42'
WKHYJHYOUU0x61
WKHYJHYOUU 0
root@arm:~# echo 'YCHH''YBOGOB'
YCHHYBOGOB
root@arm:~# MARKER='MHFY''QXFLSV' run 'cat /sys/kernel/mva_test/regulators/buck2__en'
MHFYQXFLSV1 MHFYQXFLSV 0
root@arm:~# echo 'QLWC''GUZJOX'
QLWCGUZJOX
root@arm:~# MARKER='XCOH''OFOSFF' run 'grep -r -l rohm,bd9576 /proc/device-tree || sed '"'"'s![^/]*$!!'"'"''
XCOHOFOSFF/proc/device-tree/ocp/interconnect@48000000/segment@100000/target-module@9c000/i2c@0/pmic@30/
XCOHOFOSFF 0
root@arm:~# echo 'XVGW''OBQNXN'
XVGWOBQNXN
root@arm:~# MARKER='LLHF''AFSKEG' run 'test -f /proc/device-tree/ocp/interconnectt\@48000000/segment\@100000/target-module\@9c000/i2c\@0/pmic\@30/regulators/regu lator-vdddr/rohm,no-regulator-enable-control ;echo $?'
LLHFAFSKEG1
LLHFAFSKEG 0
root@arm:~# echo 'JGSN''CQALGE'
JGSNCQALGE
root@arm:~# MARKER='LPVF''MUAQAT' run 'i2cget -y -f 2 0x30 0x43'
LPVFMUAQAT0x45
LPVFMUAQAT 0
root@arm:~# echo 'NPQN''JKWAOO'
NPQNJKWAOO
root@arm:~# MARKER='VNKX''PQMBKN' run 'cat /sys/kernel/mva_test/regulators/buck3__en'
VNKXPQMBKN1 VNKXPQMBKN 0
root@arm:~# echo 'NYGK''UVYZZH'
NYGKUVYZZH
root@arm:~# MARKER='WAYC''OMPLAC' run 'grep -r -l rohm,bd9576 /proc/device-tree || sed '"'"'s![^/]*$!!'"'"''
WAYCOMPLAC/proc/device-tree/ocp/interconnect@48000000/segment@100000/target-module@9c000/i2c@0/pmic@30/
WAYCOMPLAC 0
root@arm:~# echo 'LCAW''JUYMPF'
LCAWJUYMPF
root@arm:~# MARKER='FAXA''HVXCWS' run 'test -f /proc/device-tree/ocp/interconnectt\@48000000/segment\@100000/target-module\@9c000/i2c\@0/pmic\@30/regulators/regullator-vd10/rohm,no-regulator-enable-control ;echo $?'
FAXAHVXCWS1
FAXAHVXCWS 0
root@arm:~# echo 'YHYJ''MWVCGN'
YHYJMWVCGN
root@arm:~# MARKER='QPVU''NSETLN' run 'i2cget -y -f 2 0x30 0x44'
QPVUNSETLN0x73
QPVUNSETLN 0
root@arm:~# echo 'AQLC''YJPVCC'
AQLCYJPVCC
root@arm:~# MARKER='BWQF''PXXBCC' run 'cat /sys/kernel/mva_test/regulators/buck4__en'
BWQFPXXBCC1 BWQFPXXBCC 0
root@arm:~# echo 'THTX''UPPVHY'
THTXUPPVHY
root@arm:~# MARKER='JEZE''PTLWTE' run 'grep -r -l rohm,bd9576 /proc/device-tree || sed '"'"'s![^/]*$!!'"'"''
JEZEPTLWTE/proc/device-tree/ocp/interconnect@48000000/segment@100000/target-module@9c000/i2c@0/pmic@30/
JEZEPTLWTE 0
root@arm:~# echo 'UXKC''SQYCLW'
UXKCSQYCLW
root@arm:~# MARKER='LTJK''MLUBTB' run 'test -f /proc/device-tree/ocp/interconnectt\@48000000/segment\@100000/target-module\@9c000/i2c\@0/pmic\@30/regulators/regullator-voutl1/rohm,no-regulator-enable-control ;echo $?'
LTJKMLUBTB1
LTJKMLUBTB 0
root@arm:~# echo 'HENE''PCZAWG'
HENEPCZAWG
root@arm:~# MARKER='OMLV''SUCGST' run 'i2cget -y -f 2 0x30 0x45'
OMLVSUCGST0x36
OMLVSUCGST 0
root@arm:~# echo 'BBFL''WQCXZX'
BBFLWQCXZX
root@arm:~# MARKER='KOFE''ZJZVCZ' run 'cat /sys/kernel/mva_test/regulators/buck5__en'
KOFEZJZVCZ1 KOFEZJZVCZ 0
root@arm:~# echo 'PPOW''BQSVUP'
PPOWBQSVUP
root@arm:~# MARKER='TKZE''CUKZVT' run 'grep -r -l rohm,bd9576 /proc/device-tree || sed '"'"'s![^/]*$!!'"'"''
TKZECUKZVT/proc/device-tree/ocp/interconnect@48000000/segment@100000/target-module@9c000/i2c@0/pmic@30/
TKZECUKZVT 0
root@arm:~# echo 'QOQS''BSTPJM'
QOQSBSTPJM
root@arm:~# MARKER='ZACY''BFSEAK' run 'test -f /proc/device-tree/ocp/interconnectt\@48000000/segment\@100000/target-module\@9c000/i2c\@0/pmic\@30/regulators/regullator-vouts1/rohm,no-regulator-enable-control ;echo $?'
ZACYBFSEAK1
ZACYBFSEAK 0
root@arm:~# echo 'TZGG''FGPEEN'
TZGGFGPEEN
root@arm:~# MARKER='NLHE''CMFGAW' run 'i2cget -y -f 2 0x30 0x46'
NLHECMFGAW0x52
NLHECMFGAW 0
root@arm:~# echo 'USPM''XHBEUO'
USPMXHBEUO
root@arm:~# MARKER='XGBG''VGHWZH' run 'cat /sys/kernel/mva_test/regulators/buck6__en'
XGBGVGHWZH1 XGBGVGHWZH 0
root@arm:~# Labgrid Console Logfile for main
Logfile started at 2024-10-30 12:07:46.851802
=== Log starts here ===

root@arm:~# run() { echo -n "$MARKER"; sh -c "$@"; echo "$MARKER $?"; }
root@arm:~# echo 'NQBK''BQMHEY'
NQBKBQMHEY
root@arm:~# MARKER='CGBY''WYLHVA' run 'cat /sys/kernel/mva_test/regulators/buck1__set'
CGBYWYLHVA5000000
CGBYWYLHVA 0
root@arm:~# echo 'ZKWG''SAOUUN'
ZKWGSAOUUN
root@arm:~# MARKER='QKWG''ZQHETX' run 'i2cget -y -f 2 0x30 0x50'
QKWGZQHETX0x00
QKWGZQHETX 0
root@arm:~# echo 'YUGV''EMECZT'
YUGVEMECZT
root@arm:~# MARKER='AYUL''AANGNH' run 'cat /sys/kernel/mva_test/regulators/buck2__set'
AYULAANGNH1800000
AYULAANGNH 0
root@arm:~# echo 'ZGQJ''HYLCPO'
ZGQJHYLCPO
root@arm:~# MARKER='YLYZ''KSBZHH' run 'i2cget -y -f 2 0x30 0x53'
YLYZKSBZHH0x00
YLYZKSBZHH 0
root@arm:~# echo 'BBMB''TLTAME'
BBMBTLTAME
root@arm:~# MARKER='HAHH''MEFFVM' run 'cat /sys/kernel/mva_test/regulators/buck3__set'
HAHHMEFFVM1350000
HAHHMEFFVM 0
root@arm:~# echo 'TMXZ''MYVGVN'
TMXZMYVGVN
root@arm:~# MARKER='GTYJ''ZLMKGG' run 'i2cget -y -f 2 0x30 0x56'
GTYJZLMKGG0x00
GTYJZLMKGG 0
root@arm:~# echo 'VPJJ''PBQWHH'
VPJJPBQWHH
root@arm:~# MARKER='JONY''TLCGZM' run 'cat /sys/kernel/mva_test/regulators/buck4__set'
JONYTLCGZM1030000
JONYTLCGZM 0
root@arm:~# echo 'OJFG''QPUKXC'
OJFGQPUKXC
root@arm:~# MARKER='MNCS''NJUZTL' run 'i2cget -y -f 2 0x30 0x59'
MNCSNJUZTL0x00
MNCSNJUZTL 0
root@arm:~# echo 'MLLU''UJBUPB'
MLLUUJBUPB
root@arm:~# MARKER='SATS''BPBQAE' run 'cat /sys/kernel/mva_test/regulators/buck5__set'
SATSBPBQAE2500000
SATSBPBQAE 0
root@arm:~# echo 'GEEL''ETABNE'
GEELETABNE
root@arm:~# MARKER='QGVX''OFZCZE' run 'i2cget -y -f 2 0x30 0x5c'
QGVXOFZCZE0x00
QGVXOFZCZE 0
root@arm:~# echo 'PAMV''MCNLLC'
PAMVMCNLLC
root@arm:~# MARKER='GVNH''HJNNUT' run 'cat /sys/kernel/mva_test/regulators/buck6__set'
GVNHHJNNUT3300000
GVNHHJNNUT 0
root@arm:~# Labgrid Console Logfile for main
Logfile started at 2024-10-30 12:07:51.434516
=== Log starts here ===

root@arm:~# run() { echo -n "$MARKER"; sh -c "$@"; echo "$MARKER $?"; }
root@arm:~# echo 'USFW''MBFAWZ'
USFWMBFAWZ
root@arm:~# MARKER='FQYX''BNJFGX' run 'grep -r -l rohm,bd9576 /proc/device-tree || sed '"'"'s![^/]*$!!'"'"''
FQYXBNJFGX/proc/device-tree/ocp/interconnect@48000000/segment@100000/target-module@9c000/i2c@0/pmic@30/
FQYXBNJFGX 0
root@arm:~# echo 'FCWK''PHOPXE'
FCWKPHOPXE
root@arm:~# MARKER='CEEJ''JLQUAY' run 'test -f /proc/device-tree/ocp/interconnectt\@48000000/segment\@100000/target-module\@9c000/i2c\@0/pmic\@30/regulators/regullator-vd50/rohm,no-regulator-enable-control ;echo $?'
CEEJJLQUAY1
CEEJJLQUAY 0
root@arm:~# echo 'BBAT''VAWQXE'
BBATVAWQXE
root@arm:~# MARKER='NCYM''UVCMLS' run 'i2cget -y -f 2 0x30 0x41'
NCYMUVCMLS0x20
NCYMUVCMLS 0
root@arm:~# echo 'JGKO''HQFWUN'
JGKOHQFWUN
root@arm:~# MARKER='YKYZ''MVOTGW' run 'echo 4500000 4500000 > /sys/kernel/mva_tesst/regulators/buck1_set'
YKYZMVOTGWsh: 1: cannot create /sys/kernel/mva_test/regulators/buck1_set: Permission denied
YKYZMVOTGW 2
root@arm:~# echo 'VJWN''STAPKW'
VJWNSTAPKW
root@arm:~# MARKER='KLXP''WWHCGU' run 'i2cget -y -f 2 0x30 0x50'
KLXPWWHCGU0x00
KLXPWWHCGU 0
root@arm:~# echo 'LPZC''MNJJXT'
LPZCMNJJXT
root@arm:~# MARKER='XTVK''AYBSHN' run 'echo 4490000 4490000 > /sys/kernel/mva_tesst/regulators/buck1_set'
XTVKAYBSHNsh: 1: cannot create /sys/kernel/mva_test/regulators/buck1_set: Permission denied
XTVKAYBSHN 2
root@arm:~# echo 'WNTG''YZUMCO'
WNTGYZUMCO
root@arm:~# MARKER='ETGK''XZTVVW' run 'i2cget -y -f 2 0x30 0x50'
ETGKXZTVVW0x00
ETGKXZTVVW 0
root@arm:~# echo 'AWXS''ZWEGXJ'
AWXSZWEGXJ
root@arm:~# MARKER='ASFZ''QZAHJG' run 'echo 5500000 5500000 > /sys/kernel/mva_tesst/regulators/buck1_set'
ASFZQZAHJGsh: 1: cannot create /sys/kernel/mva_test/regulators/buck1_set: Permission denied
ASFZQZAHJG 2
root@arm:~# echo 'BNOC''VNYBGE'
BNOCVNYBGE
root@arm:~# MARKER='XOXL''KZJAPK' run 'i2cget -y -f 2 0x30 0x50'
XOXLKZJAPK0x00
XOXLKZJAPK 0
root@arm:~# echo 'MXLW''NQNJPV'
MXLWNQNJPV
root@arm:~# MARKER='QFEC''NENWMU' run 'echo 5510000 5510000 > /sys/kernel/mva_tesst/regulators/buck1_set'
QFECNENWMUsh: 1: cannot create /sys/kernel/mva_test/regulators/buck1_set: Permission denied
QFECNENWMU 2
root@arm:~# echo 'AYVJ''SBKSHZ'
AYVJSBKSHZ
root@arm:~# MARKER='YBHE''TOQHBW' run 'i2cget -y -f 2 0x30 0x50'
YBHETOQHBW0x00
YBHETOQHBW 0
root@arm:~# echo 'FPVO''HLUUMW'
FPVOHLUUMW
root@arm:~# MARKER='LVQG''JVZFQB' run 'grep -r -l rohm,bd9576 /proc/device-tree || sed '"'"'s![^/]*$!!'"'"''
LVQGJVZFQB/proc/device-tree/ocp/interconnect@48000000/segment@100000/target-module@9c000/i2c@0/pmic@30/
LVQGJVZFQB 0
root@arm:~# echo 'ESOJ''NUBJPL'
ESOJNUBJPL
root@arm:~# MARKER='TAAO''CEQKKY' run 'test -f /proc/device-tree/ocp/interconnectt\@48000000/segment\@100000/target-module\@9c000/i2c\@0/pmic\@30/regulators/regullator-vd18/rohm,no-regulator-enable-control ;echo $?'
TAAOCEQKKY1
TAAOCEQKKY 0
root@arm:~# echo 'KUYB''FJUAEW'
KUYBFJUAEW
root@arm:~# MARKER='ZNPM''ZXBMBE' run 'i2cget -y -f 2 0x30 0x42'
ZNPMZXBMBE0x61
ZNPMZXBMBE 0
root@arm:~# echo 'NEVS''PCYZQM'
NEVSPCYZQM
root@arm:~# MARKER='KQLL''LMXBTP' run 'echo 1800000 1800000 > /sys/kernel/mva_tesst/regulators/buck2_set'
KQLLLMXBTPsh: 1: cannot create /sys/kernel/mva_test/regulators/buck2_set: Permission denied
KQLLLMXBTP 2
root@arm:~# echo 'NJWZ''VSJKZF'
NJWZVSJKZF
root@arm:~# MARKER='OYQL''UNYQVE' run 'i2cget -y -f 2 0x30 0x53'
OYQLUNYQVE0x00
OYQLUNYQVE 0
root@arm:~# echo 'WLBL''NJGHSX'
WLBLNJGHSX
root@arm:~# MARKER='ETYA''LSMEHK' run 'echo 1790000 1790000 > /sys/kernel/mva_tesst/regulators/buck2_set'
ETYALSMEHKsh: 1: cannot create /sys/kernel/mva_test/regulators/buck2_set: Permission denied
ETYALSMEHK 2
root@arm:~# echo 'BWVK''EYFWNZ'
BWVKEYFWNZ
root@arm:~# MARKER='HEAT''EJUGCB' run 'i2cget -y -f 2 0x30 0x53'
HEATEJUGCB0x00
HEATEJUGCB 0
root@arm:~# echo 'ZMTE''LHXYYO'
ZMTELHXYYO
root@arm:~# MARKER='YXJH''SUUMEH' run 'echo 1940000 1940000 > /sys/kernel/mva_tesst/regulators/buck2_set'
YXJHSUUMEHsh: 1: cannot create /sys/kernel/mva_test/regulators/buck2_set: Permission denied
YXJHSUUMEH 2
root@arm:~# echo 'YKJC''JMWWXW'
YKJCJMWWXW
root@arm:~# MARKER='BYMX''YJTKOW' run 'i2cget -y -f 2 0x30 0x53'
BYMXYJTKOW0x00
BYMXYJTKOW 0
root@arm:~# echo 'OCXJ''QFBQOL'
OCXJQFBQOL
root@arm:~# MARKER='HNMB''NGAFWL' run 'echo 1950000 1950000 > /sys/kernel/mva_tesst/regulators/buck2_set'
HNMBNGAFWLsh: 1: cannot create /sys/kernel/mva_test/regulators/buck2_set: Permission denied
HNMBNGAFWL 2
root@arm:~# echo 'OCVC''CCSCPS'
OCVCCCSCPS
root@arm:~# MARKER='MSHV''AQYCAS' run 'i2cget -y -f 2 0x30 0x53'
MSHVAQYCAS0x00
MSHVAQYCAS 0
root@arm:~# echo 'QYYZ''BVAYUF'
QYYZBVAYUF
root@arm:~# MARKER='BHSK''KEAWHT' run 'grep -r -l rohm,bd9576 /proc/device-tree || sed '"'"'s![^/]*$!!'"'"''
BHSKKEAWHT/proc/device-tree/ocp/interconnect@48000000/segment@100000/target-module@9c000/i2c@0/pmic@30/
BHSKKEAWHT 0
root@arm:~# echo 'XAQZ''BQXAUL'
XAQZBQXAUL
root@arm:~# MARKER='AGPE''BMTCYO' run 'test -f /proc/device-tree/ocp/interconnectt\@48000000/segment\@100000/target-module\@9c000/i2c\@0/pmic\@30/regulators/regullator-vdddr/rohm,no-regulator-enable-control ;echo $?'
AGPEBMTCYO1
AGPEBMTCYO 0
root@arm:~# echo 'YTPX''PPEAXP'
YTPXPPEAXP
root@arm:~# MARKER='EEBN''OKQTUV' run 'i2cget -y -f 2 0x30 0x43'
EEBNOKQTUV0x45
EEBNOKQTUV 0
root@arm:~# echo 'VUKU''GLLOEM'
VUKUGLLOEM
root@arm:~# MARKER='TWJU''HPZVQZ' run 'echo 1350000 1350000 > /sys/kernel/mva_tesst/regulators/buck3_set'
TWJUHPZVQZsh: 1: cannot create /sys/kernel/mva_test/regulators/buck3_set: Permission denied
TWJUHPZVQZ 2
root@arm:~# echo 'JMFW''UQZPYA'
JMFWUQZPYA
root@arm:~# MARKER='YPNT''TYJVLK' run 'i2cget -y -f 2 0x30 0x56'
YPNTTYJVLK0x00
YPNTTYJVLK 0
root@arm:~# echo 'QMTF''EMCLYH'
QMTFEMCLYH
root@arm:~# MARKER='PHOZ''YHNYQL' run 'echo 1340000 1340000 > /sys/kernel/mva_tesst/regulators/buck3_set'
PHOZYHNYQLsh: 1: cannot create /sys/kernel/mva_test/regulators/buck3_set: Permission denied
PHOZYHNYQL 2
root@arm:~# echo 'WCNE''MTUMWH'
WCNEMTUMWH
root@arm:~# MARKER='QXJM''WVGMNG' run 'i2cget -y -f 2 0x30 0x56'
QXJMWVGMNG0x00
QXJMWVGMNG 0
root@arm:~# echo 'VCOW''SWQJKJ'
VCOWSWQJKJ
root@arm:~# MARKER='NSBF''MFACTG' run 'echo 1660000 1660000 > /sys/kernel/mva_tesst/regulators/buck3_set'
NSBFMFACTGsh: 1: cannot create /sys/kernel/mva_test/regulators/buck3_set: Permission denied
NSBFMFACTG 2
root@arm:~# echo 'EMFW''CQVSEV'
EMFWCQVSEV
root@arm:~# MARKER='BCYF''XJCUVB' run 'i2cget -y -f 2 0x30 0x56'
BCYFXJCUVB0x00
BCYFXJCUVB 0
root@arm:~# echo 'XJEO''PJTXGX'
XJEOPJTXGX
root@arm:~# MARKER='YYGF''MMYFZX' run 'echo 1670000 1670000 > /sys/kernel/mva_tesst/regulators/buck3_set'
YYGFMMYFZXsh: 1: cannot create /sys/kernel/mva_test/regulators/buck3_set: Permission denied
YYGFMMYFZX 2
root@arm:~# echo 'GXHL''MYAUBB'
GXHLMYAUBB
root@arm:~# MARKER='PSLX''NACZVU' run 'i2cget -y -f 2 0x30 0x56'
PSLXNACZVU0x00
PSLXNACZVU 0
root@arm:~# echo 'EBGK''SXGKYM'
EBGKSXGKYM
root@arm:~# MARKER='ZHFS''AWVCWJ' run 'grep -r -l rohm,bd9576 /proc/device-tree || sed '"'"'s![^/]*$!!'"'"''
ZHFSAWVCWJ/proc/device-tree/ocp/interconnect@48000000/segment@100000/target-module@9c000/i2c@0/pmic@30/
ZHFSAWVCWJ 0
root@arm:~# echo 'BYPL''VYJPHG'
BYPLVYJPHG
root@arm:~# MARKER='WGBY''SOMHSH' run 'test -f /proc/device-tree/ocp/interconnectt\@48000000/segment\@100000/target-module\@9c000/i2c\@0/pmic\@30/regulators/regullator-vd10/rohm,no-regulator-enable-control ;echo $?'
WGBYSOMHSH1
WGBYSOMHSH 0
root@arm:~# echo 'TZFA''XGFLMZ'
TZFAXGFLMZ
root@arm:~# MARKER='ZCJL''WSMBOL' run 'i2cget -y -f 2 0x30 0x44'
ZCJLWSMBOL0x73
ZCJLWSMBOL 0
root@arm:~# echo 'BWMF''AXBWJC'
BWMFAXBWJC
root@arm:~# MARKER='JBPN''XZXCES' run 'echo 1030000 1030000 > /sys/kernel/mva_tesst/regulators/buck4_set'
JBPNXZXCESsh: 1: cannot create /sys/kernel/mva_test/regulators/buck4_set: Permission denied
JBPNXZXCES 2
root@arm:~# echo 'NAWF''WGQPKX'
NAWFWGQPKX
root@arm:~# MARKER='SFME''UNSBLH' run 'i2cget -y -f 2 0x30 0x59'
SFMEUNSBLH0x00
SFMEUNSBLH 0
root@arm:~# echo 'KNSW''YCCKUV'
KNSWYCCKUV
root@arm:~# MARKER='MHLJ''OAXALU' run 'echo 1020000 1020000 > /sys/kernel/mva_tesst/regulators/buck4_set'
MHLJOAXALUsh: 1: cannot create /sys/kernel/mva_test/regulators/buck4_set: Permission denied
MHLJOAXALU 2
root@arm:~# echo 'FZFJ''NLXHGX'
FZFJNLXHGX
root@arm:~# MARKER='EGUA''GENFBL' run 'i2cget -y -f 2 0x30 0x59'
EGUAGENFBL0x00
EGUAGENFBL 0
root@arm:~# echo 'ELMK''TMCLZB'
ELMKTMCLZB
root@arm:~# MARKER='PGEF''YHATME' run 'echo 1340000 1340000 > /sys/kernel/mva_tesst/regulators/buck4_set'
PGEFYHATMEsh: 1: cannot create /sys/kernel/mva_test/regulators/buck4_set: Permission denied
PGEFYHATME 2
root@arm:~# echo 'AFNV''AHNBLK'
AFNVAHNBLK
root@arm:~# MARKER='KSCW''BAOQSB' run 'i2cget -y -f 2 0x30 0x59'
KSCWBAOQSB0x00
KSCWBAOQSB 0
root@arm:~# echo 'FAUZ''FZCNJU'
FAUZFZCNJU
root@arm:~# MARKER='BNJK''KKMNNS' run 'echo 1350000 1350000 > /sys/kernel/mva_tesst/regulators/buck4_set'
BNJKKKMNNSsh: 1: cannot create /sys/kernel/mva_test/regulators/buck4_set: Permission denied
BNJKKKMNNS 2
root@arm:~# echo 'KMOW''AUECMO'
KMOWAUECMO
root@arm:~# MARKER='PPUM''ZTAGOU' run 'i2cget -y -f 2 0x30 0x59'
PPUMZTAGOU0x00
PPUMZTAGOU 0
root@arm:~# echo 'XPKK''EEPFAU'
XPKKEEPFAU
root@arm:~# MARKER='QWMY''HMVPEO' run 'grep -r -l rohm,bd9576 /proc/device-tree || sed '"'"'s![^/]*$!!'"'"''
QWMYHMVPEO/proc/device-tree/ocp/interconnect@48000000/segment@100000/target-module@9c000/i2c@0/pmic@30/
QWMYHMVPEO 0
root@arm:~# echo 'HKMU''NVAQFB'
HKMUNVAQFB
root@arm:~# MARKER='UUSC''QESJSK' run 'test -f /proc/device-tree/ocp/interconnectt\@48000000/segment\@100000/target-module\@9c000/i2c\@0/pmic\@30/regulators/regullator-voutl1/rohm,no-regulator-enable-control ;echo $?'
UUSCQESJSK1
UUSCQESJSK 0
root@arm:~# echo 'SCJK''KTPEFU'
SCJKKTPEFU
root@arm:~# MARKER='BOVL''YTWTHE' run 'i2cget -y -f 2 0x30 0x45'
BOVLYTWTHE0x36
BOVLYTWTHE 0
root@arm:~# echo 'UMBB''ZPAZFP'
UMBBZPAZFP
root@arm:~# MARKER='CUGK''ETFNMY' run 'echo 2500000 2500000 > /sys/kernel/mva_tesst/regulators/buck5_set'
CUGKETFNMYsh: 1: cannot create /sys/kernel/mva_test/regulators/buck5_set: Permission denied
CUGKETFNMY 2
root@arm:~# echo 'VACZ''WJTTKX'
VACZWJTTKX
root@arm:~# MARKER='FLJK''WJWXTX' run 'i2cget -y -f 2 0x30 0x5c'
FLJKWJWXTX0x00
FLJKWJWXTX 0
root@arm:~# echo 'PQFS''BLJGUZ'
PQFSBLJGUZ
root@arm:~# MARKER='CPUC''OEBXWC' run 'echo 2490000 2490000 > /sys/kernel/mva_tesst/regulators/buck5_set'
CPUCOEBXWCsh: 1: cannot create /sys/kernel/mva_test/regulators/buck5_set: Permission denied
CPUCOEBXWC 2
root@arm:~# echo 'FJWE''YZTJMQ'
FJWEYZTJMQ
root@arm:~# MARKER='PECJ''VVLJOV' run 'i2cget -y -f 2 0x30 0x5c'
PECJVVLJOV0x00
PECJVVLJOV 0
root@arm:~# echo 'ZBGW''TCGWFM'
ZBGWTCGWFM
root@arm:~# MARKER='XSXJ''KSLKEE' run 'echo 2780000 2780000 > /sys/kernel/mva_tesst/regulators/buck5_set'
XSXJKSLKEEsh: 1: cannot create /sys/kernel/mva_test/regulators/buck5_set: Permission denied
XSXJKSLKEE 2
root@arm:~# echo 'XESW''WWGQKY'
XESWWWGQKY
root@arm:~# MARKER='AWQF''NULCSJ' run 'i2cget -y -f 2 0x30 0x5c'
AWQFNULCSJ0x00
AWQFNULCSJ 0
root@arm:~# echo 'CCWN''QYLJHS'
CCWNQYLJHS
root@arm:~# MARKER='YLGU''CTKJWE' run 'echo 2790000 2790000 > /sys/kernel/mva_tesst/regulators/buck5_set'
YLGUCTKJWEsh: 1: cannot create /sys/kernel/mva_test/regulators/buck5_set: Permission denied
YLGUCTKJWE 2
root@arm:~# echo 'JOUF''MYTAYZ'
JOUFMYTAYZ
root@arm:~# MARKER='OSMB''KJBJGX' run 'i2cget -y -f 2 0x30 0x5c'
OSMBKJBJGX0x00
OSMBKJBJGX 0
root@arm:~# echo 'PLOH''NMFQYN'
PLOHNMFQYN
root@arm:~# MARKER='YWMO''VMCWPV' run 'grep -r -l rohm,bd9576 /proc/device-tree || sed '"'"'s![^/]*$!!'"'"''
YWMOVMCWPV/proc/device-tree/ocp/interconnect@48000000/segment@100000/target-module@9c000/i2c@0/pmic@30/
YWMOVMCWPV 0
root@arm:~# echo 'EKQS''QJTOKW'
EKQSQJTOKW
root@arm:~# MARKER='OOBJ''UOALKZ' run 'test -f /proc/device-tree/ocp/interconnectt\@48000000/segment\@100000/target-module\@9c000/i2c\@0/pmic\@30/regulators/regullator-vouts1/rohm,no-regulator-enable-control ;echo $?'
OOBJUOALKZ1
OOBJUOALKZ 0
root@arm:~# echo 'STXX''WNPQCJ'
STXXWNPQCJ
root@arm:~# MARKER='XKCU''NLJYET' run 'i2cget -y -f 2 0x30 0x46'
XKCUNLJYET0x52
XKCUNLJYET 0
root@arm:~# Labgrid Console Logfile for main
Logfile started at 2024-10-30 12:08:03.398611
=== Log starts here ===

root@arm:~# run() { echo -n "$MARKER"; sh -c "$@"; echo "$MARKER $?"; }
root@arm:~# echo 'YSEP''YWSZHQ'
YSEPYWSZHQ
root@arm:~# MARKER='CFVB''VLPWKN' run 'grep -r -l rohm,bd9576 /proc/device-tree || sed '"'"'s![^/]*$!!'"'"''
CFVBVLPWKN/proc/device-tree/ocp/interconnect@48000000/segment@100000/target-module@9c000/i2c@0/pmic@30/
CFVBVLPWKN 0
root@arm:~# echo 'TMAW''SAQBEN'
TMAWSAQBEN
root@arm:~# MARKER='ZWGX''HVQWAL' run 'xxd -p /proc/device-tree/ocp/interconnect\\@48000000/segment\@100000/target-module\@9c000/i2c\@0/pmic\@30/regulators/regulaator-vd50/regulator-ov-error-microvolt'
ZWGXHVQWAL00057e40
ZWGXHVQWAL 0
root@arm:~# echo 'USTZ''CBAHSW'
USTZCBAHSW
root@arm:~# MARKER='WVXW''NOFHOL' run 'i2cget -y -f 2 0x30 0x51'
WVXWNOFHOL0x47
WVXWNOFHOL 0
root@arm:~# echo 'YBOA''OQQOWV'
YBOAOQQOWV
root@arm:~# MARKER='QMNK''JMEYJM' run 'grep -r -l rohm,bd9576 /proc/device-tree || sed '"'"'s![^/]*$!!'"'"''
QMNKJMEYJM/proc/device-tree/ocp/interconnect@48000000/segment@100000/target-module@9c000/i2c@0/pmic@30/
QMNKJMEYJM 0
root@arm:~# echo 'XETM''YOAPAB'
XETMYOAPAB
root@arm:~# MARKER='SHYS''LOTWVB' run 'xxd -p /proc/device-tree/ocp/interconnect\\@48000000/segment\@100000/target-module\@9c000/i2c\@0/pmic\@30/regulators/regulaator-vd50/regulator-uv-error-microvolt'
SHYSLOTWVB00057e40
SHYSLOTWVB 0
root@arm:~# echo 'VUBH''HXSWEY'
VUBHHXSWEY
root@arm:~# MARKER='LVFM''FLYYYE' run 'i2cget -y -f 2 0x30 0x52'
LVFMFLYYYE0x47
LVFMFLYYYE 0
root@arm:~# echo 'EWJY''USEBHE'
EWJYUSEBHE
root@arm:~# MARKER='GTTH''OPNJPN' run 'grep -r -l rohm,bd9576 /proc/device-tree || sed '"'"'s![^/]*$!!'"'"''
GTTHOPNJPN/proc/device-tree/ocp/interconnect@48000000/segment@100000/target-module@9c000/i2c@0/pmic@30/
GTTHOPNJPN 0
root@arm:~# echo 'WALA''BWENVY'
WALABWENVY
root@arm:~# MARKER='CEOH''QXKCAM' run 'xxd -p /proc/device-tree/ocp/interconnect\\@48000000/segment\@100000/target-module\@9c000/i2c\@0/pmic\@30/regulators/regulaator-vd18/regulator-ov-error-microvolt'
CEOHQXKCAM00004650
CEOHQXKCAM 0
root@arm:~# echo 'LTXN''JKPASV'
LTXNJKPASV
root@arm:~# MARKER='XYFU''EHPCOA' run 'i2cget -y -f 2 0x30 0x54'
XYFUEHPCOA0x11
XYFUEHPCOA 0
root@arm:~# echo 'WYWS''HYFWEC'
WYWSHYFWEC
root@arm:~# MARKER='ZVYB''ZUQJQQ' run 'grep -r -l rohm,bd9576 /proc/device-tree || sed '"'"'s![^/]*$!!'"'"''
ZVYBZUQJQQ/proc/device-tree/ocp/interconnect@48000000/segment@100000/target-module@9c000/i2c@0/pmic@30/
ZVYBZUQJQQ 0
root@arm:~# echo 'VXQT''HNWWQT'
VXQTHNWWQT
root@arm:~# MARKER='PEZQ''KQYFKL' run 'xxd -p /proc/device-tree/ocp/interconnect\\@48000000/segment\@100000/target-module\@9c000/i2c\@0/pmic\@30/regulators/regul ator-vd18/regulator-uv-error-microvolt'
PEZQKQYFKL0001a9c8
PEZQKQYFKL 0
root@arm:~# echo 'HGEG''SMVOTP'
HGEGSMVOTP
root@arm:~# MARKER='SUUV''FBOUNC' run 'i2cget -y -f 2 0x30 0x55'
SUUVFBOUNC0x6c
SUUVFBOUNC 0
root@arm:~# echo 'NFUJ''CHFYMO'
NFUJCHFYMO
root@arm:~# MARKER='OSMK''OXSKLE' run 'grep -r -l rohm,bd9576 /proc/device-tree || sed '"'"'s![^/]*$!!'"'"''
OSMKOXSKLE/proc/device-tree/ocp/interconnect@48000000/segment@100000/target-module@9c000/i2c@0/pmic@30/
OSMKOXSKLE 0
root@arm:~# echo 'WGFG''NCXBNT'
WGFGNCXBNT
root@arm:~# MARKER='EVKF''JYPOES' run 'xxd -p /proc/device-tree/ocp/interconnect\\@48000000/segment\@100000/target-module\@9c000/i2c\@0/pmic\@30/regulators/regulaator-vdddr/regulator-ov-warn-microvolt'
EVKFJYPOES0001adb0
EVKFJYPOES 0
root@arm:~# echo 'GGUO''OYPTHQ'
GGUOOYPTHQ
root@arm:~# MARKER='QAPL''LLJNGQ' run 'i2cget -y -f 2 0x30 0x57'
QAPLLLJNGQ0x6d
QAPLLLJNGQ 0
root@arm:~# echo 'QMXE''JQSZXC'
QMXEJQSZXC
root@arm:~# MARKER='FMSJ''JLWOLB' run 'grep -r -l rohm,bd9576 /proc/device-tree || sed '"'"'s![^/]*$!!'"'"''
FMSJJLWOLB/proc/device-tree/ocp/interconnect@48000000/segment@100000/target-module@9c000/i2c@0/pmic@30/
FMSJJLWOLB 0
root@arm:~# echo 'AATZ''PQUZFZ'
AATZPQUZFZ
root@arm:~# MARKER='POFM''SJMAGN' run 'xxd -p /proc/device-tree/ocp/interconnect\\@48000000/segment\@100000/target-module\@9c000/i2c\@0/pmic\@30/regulators/regulaator-vdddr/regulator-uv-warn-microvolt'
POFMSJMAGN0001adb0
POFMSJMAGN 0
root@arm:~# echo 'HVCT''GAQAYN'
HVCTGAQAYN
root@arm:~# MARKER='UMMK''JNGGKS' run 'i2cget -y -f 2 0x30 0x58'
UMMKJNGGKS0x6d
UMMKJNGGKS 0
root@arm:~# echo 'VZML''LXAFBN'
VZMLLXAFBN
root@arm:~# MARKER='JKNV''VQWJEC' run 'grep -r -l rohm,bd9576 /proc/device-tree || sed '"'"'s![^/]*$!!'"'"''
JKNVVQWJEC/proc/device-tree/ocp/interconnect@48000000/segment@100000/target-module@9c000/i2c@0/pmic@30/
JKNVVQWJEC 0
root@arm:~# echo 'BBHJ''QWHWSL'
BBHJQWHWSL
root@arm:~# MARKER='KSNY''GLAZJN' run 'xxd -p /proc/device-tree/ocp/interconnect\\@48000000/segment\@100000/target-module\@9c000/i2c\@0/pmic\@30/regulators/regul ator-vd10/regulator-ov-error-microvolt'
KSNYGLAZJN00006590
KSNYGLAZJN 0
root@arm:~# echo 'HPMG''BUNWYL'
HPMGBUNWYL
root@arm:~# MARKER='YQHH''CTLLMM' run 'i2cget -y -f 2 0x30 0x5a'
YQHHCTLLMM0x19
YQHHCTLLMM 0
root@arm:~# echo 'WLEM''XBUJFF'
WLEMXBUJFF
root@arm:~# MARKER='PJSK''KLPFBJ' run 'grep -r -l rohm,bd9576 /proc/device-tree || sed '"'"'s![^/]*$!!'"'"''
PJSKKLPFBJ/proc/device-tree/ocp/interconnect@48000000/segment@100000/target-module@9c000/i2c@0/pmic@30/
PJSKKLPFBJ 0
root@arm:~# echo 'MFVF''WKJPJZ'
MFVFWKJPJZ
root@arm:~# MARKER='BGSZ''GQCLQG' run 'xxd -p /proc/device-tree/ocp/interconnect\\@48000000/segment\@100000/target-module\@9c000/i2c\@0/pmic\@30/regulators/regulaator-vd10/regulator-uv-error-microvolt'
BGSZGQCLQG00006590
BGSZGQCLQG 0
root@arm:~# echo 'EMXT''OTKJPC'
EMXTOTKJPC
root@arm:~# MARKER='MEGL''QOUFXB' run 'i2cget -y -f 2 0x30 0x5b'
MEGLQOUFXB0x19
MEGLQOUFXB 0
root@arm:~# echo 'THOM''VJKWPC'
THOMVJKWPC
root@arm:~# MARKER='BLXX''GAKBTH' run 'grep -r -l rohm,bd9576 /proc/device-tree || sed '"'"'s![^/]*$!!'"'"''
BLXXGAKBTH/proc/device-tree/ocp/interconnect@48000000/segment@100000/target-module@9c000/i2c@0/pmic@30/
BLXXGAKBTH 0
root@arm:~# echo 'WOXV''PEBMZT'
WOXVPEBMZT
root@arm:~# MARKER='BXZX''BCKBQF' run 'xxd -p /proc/device-tree/ocp/interconnect\\@48000000/segment\@100000/target-module\@9c000/i2c\@0/pmic\@30/regulators/regulaator-voutl1/regulator-ov-error-microvolt'
BXZXBCKBQF000084d0
BXZXBCKBQF 0
root@arm:~# echo 'QKZC''WXWXGX'
QKZCWXWXGX
root@arm:~# MARKER='FCCW''VTTEYS' run 'i2cget -y -f 2 0x30 0x5d'
FCCWVTTEYS0x01
FCCWVTTEYS 0
root@arm:~# echo 'BLNU''QJSNGS'
BLNUQJSNGS
root@arm:~# MARKER='YCKK''UTXEJQ' run 'grep -r -l rohm,bd9576 /proc/device-tree || sed '"'"'s![^/]*$!!'"'"''
YCKKUTXEJQ/proc/device-tree/ocp/interconnect@48000000/segment@100000/target-module@9c000/i2c@0/pmic@30/
YCKKUTXEJQ 0
root@arm:~# echo 'OOYC''BSTBQL'
OOYCBSTBQL
root@arm:~# MARKER='UTUH''TZOMTQ' run 'xxd -p /proc/device-tree/ocp/interconnect\\@48000000/segment\@100000/target-module\@9c000/i2c\@0/pmic\@30/regulators/regulaator-voutl1/regulator-uv-error-microvolt'
UTUHTZOMTQ000084d0
UTUHTZOMTQ 0
root@arm:~# echo 'CPLM''TKSKEU'
CPLMTKSKEU
root@arm:~# MARKER='ACSH''NHAWTK' run 'i2cget -y -f 2 0x30 0x5e'
ACSHNHAWTK0x01
ACSHNHAWTK 0
root@arm:~# echo 'OPFP''TTUOWZ'
OPFPTTUOWZ
root@arm:~# MARKER='XXJE''QHAYUY' run 'grep -r -l rohm,bd9576 /proc/device-tree || sed '"'"'s![^/]*$!!'"'"''
XXJEQHAYUY/proc/device-tree/ocp/interconnect@48000000/segment@100000/target-module@9c000/i2c@0/pmic@30/
XXJEQHAYUY 0
root@arm:~# echo 'JQVM''KPFSMW'
JQVMKPFSMW
root@arm:~# MARKER='MOBH''WAASCS' run 'xxd -p /proc/device-tree/ocp/interconnect\\@48000000/segment\@100000/target-module\@9c000/i2c\@0/pmic\@30/regulators/regulaator-vouts1/regulator-oc-warn-microamp'
MOBHWAASCS00055730
MOBHWAASCS 0
root@arm:~# echo 'GMWS''TAHYWV'
GMWSTAHYWV
root@arm:~# MARKER='LOXQ''JZCSVE' run 'i2cget -y -f 2 0x30 0x5f'
LOXQJZCSVE0x07
LOXQJZCSVE 0
root@arm:~# echo 'TWWH''CKSNFS'
TWWHCKSNFS
root@arm:~# MARKER='EMAS''EXCNXZ' run 'grep -r -l rohm,bd9576 /proc/device-tree || sed '"'"'s![^/]*$!!'"'"''
EMASEXCNXZ/proc/device-tree/ocp/interconnect@48000000/segment@100000/target-module@9c000/i2c@0/pmic@30/
EMASEXCNXZ 0
root@arm:~# echo 'WPUW''FCKWTB'
WPUWFCKWTB
root@arm:~# MARKER='OEKS''YEEAMS' run 'xxd -p /proc/device-tree/ocp/interconnect\\@48000000/segment\@100000/target-module\@9c000/i2c\@0/pmic\@30/regulators/regulaator-vouts1/regulator-oc-protection-microamp'
OEKSYEEAMS00149970
OEKSYEEAMS 0
root@arm:~# echo 'JQNA''PNAWMC'
JQNAPNAWMC
root@arm:~# MARKER='PBTZ''NKNFWP' run 'i2cget -y -f 2 0x30 0x60'
PBTZNKNFWP0x1b
PBTZNKNFWP 0
root@arm:~# Labgrid Console Logfile for main
Logfile started at 2024-10-30 12:08:23.725661
=== Log starts here ===
reading args
spl_load_image_fat_os: error reading image args, err - -1
reading u-boot.img
reading u-boot.img


U-Boot 2014.04-00014-g47880f5 (Apr 22 2014 - 13:23:54)

I2C:   ready
DRAM:  512 MiB
NAND:  0 MiB
MMC:   OMAP SD/MMC: 0, OMAP SD/MMC: 1
*** Warning - readenv() failed, using default environment

Net:   <ethaddr> not set. Validating first E-fuse MAC
cpsw, usb_ether
Hit any key to stop autoboot:  1  0 
gpio: pin 53 (gpio 53) value is 1
mmc0 is current device
gpio: pin 54 (gpio 54) value is 1
SD/MMC found on device 0
reading uEnv.txt
569 bytes read in 4 ms (138.7 KiB/s)
gpio: pin 55 (gpio 55) value is 1
Loaded environment from uEnv.txt
Importing environment from mmc ...
Checking if uenvcmd is set ...
gpio: pin 56 (gpio 56) value is 1
Running uenvcmd ...
cpsw Waiting for PHY auto negotiation to complete. done
link up on port 0, speed 100, full duplex
Using cpsw device
TFTP from server 192.168.255.126; our IP address is 192.168.255.1
Filename 'zImage'.
Load address: 0x81000000
Loading: *#################################################################
	 #################################################################
	 #################################################################
	 #################################################################
	 #################################################################
	 ####################################################
	 2.4 MiB/s
done
Bytes transferred = 5523856 (544990 hex)
link up on port 0, speed 100, full duplex
Using cpsw device
TFTP from server 192.168.255.126; our IP address is 192.168.255.1
Filename 'am335x-boneblack.dtb'.
Load address: 0x82000000
Loading: *#######
	 2.2 MiB/s
done
Bytes transferred = 98244 (17fc4 hex)
Kernel image @ 0x81000000 [ 0x000000 - 0x544990 ]
## Flattened Device Tree blob at 82000000
   Booting using the fdt blob at 0x82000000
   Using Device Tree in place at 82000000, end 8201afc3

Starting kernel ...

[    0.000000] Booting Linux on physical CPU 0x0
[    0.000000] Linux version 6.12.0-rc5-next-20241030 (user01@drvtest01) (arm-linux-gnueabihf-gcc (Linaro GCC 6.4-2017.11) 6.4.1 20171012, GNU ld (Linaro_Binutils-2017.11) 2.27.0.20161229) #126 SMP Wed Oct 30 12:03:41 EET 2024
[    0.000000] CPU: ARMv7 Processor [413fc082] revision 2 (ARMv7), cr=10c5387d
[    0.000000] CPU: PIPT / VIPT nonaliasing data cache, VIPT aliasing instruction cache
[    0.000000] OF: fdt: Machine model: TI AM335x BeagleBone Black
[    0.000000] Memory policy: Data cache writeback
[    0.000000] cma: Reserved 16 MiB at 0x9e800000 on node -1
[    0.000000] Zone ranges:
[    0.000000]   Normal   [mem 0x0000000080000000-0x000000009fdfffff]
[    0.000000]   HighMem  empty
[    0.000000] Movable zone start for each node
[    0.000000] Early memory node ranges
[    0.000000]   node   0: [mem 0x0000000080000000-0x000000009fdfffff]
[    0.000000] Initmem setup node 0 [mem 0x0000000080000000-0x000000009fdfffff]
[    0.000000] OF: reserved mem: Reserved memory: No reserved-memory node in the DT
[    0.000000] CPU: All CPU(s) started in SVC mode.
[    0.000000] AM335X ES2.1 (sgx neon)
[    0.000000] percpu: Embedded 17 pages/cpu s39756 r8192 d21684 u69632
[    0.000000] Kernel command line: console=ttyO0,115200n8 root=/dev/nfs rw nfsroot=192.168.255.126:/home/user01/nfs,nfsvers=3 ip=192.168.255.1:192.168.255.126::255.255.255.0:bbb1:eth0 nfsrootdebug
[    0.000000] Unknown kernel command line parameters "nfsrootdebug", will be passed to user space.
[    0.000000] printk: log buffer data + meta data: 65536 + 204800 = 270336 bytes
[    0.000000] Dentry cache hash table entries: 65536 (order: 6, 262144 bytes, linear)
[    0.000000] Inode-cache hash table entries: 32768 (order: 5, 131072 bytes, linear)
[    0.000000] Built 1 zonelists, mobility grouping on.  Total pages: 130560
[    0.000000] mem auto-init: stack:off, heap alloc:off, heap free:off
[    0.000000] SLUB: HWalign=64, Order=0-3, MinObjects=0, CPUs=1, Nodes=1
[    0.000000] trace event string verifier disabled
[    0.000000] rcu: Hierarchical RCU implementation.
[    0.000000] rcu: 	RCU event tracing is enabled.
[    0.000000] rcu: 	RCU restricting CPUs from NR_CPUS=2 to nr_cpu_ids=1.
[    0.000000] 	Tracing variant of Tasks RCU enabled.
[    0.000000] rcu: RCU calculated value of scheduler-enlistment delay is 10 jiffies.
[    0.000000] rcu: Adjusting geometry for rcu_fanout_leaf=16, nr_cpu_ids=1
[    0.000000] RCU Tasks Trace: Setting shift to 0 and lim to 1 rcu_task_cb_adjust=1 rcu_task_cpu_ids=1.
[    0.000000] NR_IRQS: 16, nr_irqs: 16, preallocated irqs: 16
[    0.000000] IRQ: Found an INTC at 0x(ptrval) (revision 5.0) with 128 interrupts
[    0.000000] rcu: srcu_init: Setting srcu_struct sizes based on contention.
[    0.000000] TI gptimer clocksource: always-on /ocp/interconnect@44c00000/segment@200000/target-module@31000
[    0.000002] sched_clock: 32 bits at 24MHz, resolution 41ns, wraps every 89478484971ns
[    0.000026] clocksource: dmtimer: mask: 0xffffffff max_cycles: 0xffffffff, max_idle_ns: 79635851949 ns
[    0.000508] TI gptimer clockevent: 24000000 Hz at /ocp/interconnect@48000000/segment@0/target-module@40000
[    0.002126] Console: colour dummy device 80x30
[    0.002193] WARNING: Your 'console=ttyO0' has been replaced by 'ttyS0'
[    0.002201] This ensures that you still see kernel messages. Please
[    0.002206] update your kernel commandline.
[    0.002249] Calibrating delay loop... 996.14 BogoMIPS (lpj=4980736)
[    0.090558] CPU: Testing write buffer coherency: ok
[    0.090676] CPU0: Spectre v2: using BPIALL workaround
[    0.090688] pid_max: default: 32768 minimum: 301
[    0.090817] LSM: initializing lsm=capability
[    0.090995] Mount-cache hash table entries: 1024 (order: 0, 4096 bytes, linear)
[    0.091015] Mountpoint-cache hash table entries: 1024 (order: 0, 4096 bytes, linear)
[    0.092652] CPU0: thread -1, cpu 0, socket -1, mpidr 0
[    0.160936] Setting up static identity map for 0x80100000 - 0x80100078
[    0.170723] rcu: Hierarchical SRCU implementation.
[    0.170736] rcu: 	Max phase no-delay instances is 1000.
[    0.190777] smp: Bringing up secondary CPUs ...
[    0.190832] smp: Brought up 1 node, 1 CPU
[    0.190848] SMP: Total of 1 processors activated (996.14 BogoMIPS).
[    0.190860] CPU: All CPU(s) started in SVC mode.
[    0.191057] Memory: 480860K/522240K available (11264K kernel code, 1217K rwdata, 2892K rodata, 1024K init, 297K bss, 23368K reserved, 16384K cma-reserved, 0K highmem)
[    0.191913] devtmpfs: initialized
[    0.208546] VFP support v0.3: implementor 41 architecture 3 part 30 variant c rev 3
[    0.208896] clocksource: jiffies: mask: 0xffffffff max_cycles: 0xffffffff, max_idle_ns: 19112604462750000 ns
[    0.208928] futex hash table entries: 256 (order: 2, 16384 bytes, linear)
[    0.210200] pinctrl core: initialized pinctrl subsystem
[    0.213223] NET: Registered PF_NETLINK/PF_ROUTE protocol family
[    0.216052] DMA: preallocated 256 KiB pool for atomic coherent allocations
[    0.216967] audit: initializing netlink subsys (disabled)
[    0.218405] thermal_sys: Registered thermal governor 'fair_share'
[    0.218420] thermal_sys: Registered thermal governor 'step_wise'
[    0.218430] thermal_sys: Registered thermal governor 'user_space'
[    0.218592] audit: type=2000 audit(0.210:1): state=initialized audit_enabled=0 res=1
[    0.218627] cpuidle: using governor menu
[    0.237561] No ATAGs?
[    0.237586] hw-breakpoint: debug architecture 0x4 unsupported.
[    0.240289] kprobes: kprobe jump-optimization is enabled. All kprobes are optimized if possible.
[    0.254005] iommu: Default domain type: Translated
[    0.254028] iommu: DMA domain TLB invalidation policy: strict mode
[    0.261695] SCSI subsystem initialized
[    0.262556] pps_core: LinuxPPS API ver. 1 registered
[    0.262566] pps_core: Software ver. 5.3.6 - Copyright 2005-2007 Rodolfo Giometti <giometti@linux.it>
[    0.262591] PTP clock support registered
[    0.270883] vgaarb: loaded
[    0.271298] clocksource: Switched to clocksource dmtimer
[    0.271987] VFS: Disk quotas dquot_6.6.0
[    0.272030] VFS: Dquot-cache hash table entries: 1024 (order 0, 4096 bytes)
[    0.297117] NET: Registered PF_INET protocol family
[    0.297475] IP idents hash table entries: 8192 (order: 4, 65536 bytes, linear)
[    0.298903] tcp_listen_portaddr_hash hash table entries: 512 (order: 0, 4096 bytes, linear)
[    0.298937] Table-perturb hash table entries: 65536 (order: 6, 262144 bytes, linear)
[    0.298959] TCP established hash table entries: 4096 (order: 2, 16384 bytes, linear)
[    0.299003] TCP bind hash table entries: 4096 (order: 4, 65536 bytes, linear)
[    0.299103] TCP: Hash tables configured (established 4096 bind 4096)
[    0.299219] UDP hash table entries: 256 (order: 1, 8192 bytes, linear)
[    0.299249] UDP-Lite hash table entries: 256 (order: 1, 8192 bytes, linear)
[    0.299423] NET: Registered PF_UNIX/PF_LOCAL protocol family
[    0.300702] RPC: Registered named UNIX socket transport module.
[    0.300724] RPC: Registered udp transport module.
[    0.300730] RPC: Registered tcp transport module.
[    0.300735] RPC: Registered tcp-with-tls transport module.
[    0.300741] RPC: Registered tcp NFSv4.1 backchannel transport module.
[    0.300766] PCI: CLS 0 bytes, default 64
[    0.302379] Initialise system trusted keyrings
[    0.312669] workingset: timestamp_bits=14 max_order=17 bucket_order=3
[    0.313991] NFS: Registering the id_resolver key type
[    0.314087] Key type id_resolver registered
[    0.314095] Key type id_legacy registered
[    0.314145] jffs2: version 2.2. (NAND) (SUMMARY)  Â© 2001-2006 Red Hat, Inc.
[    0.314550] Key type asymmetric registered
[    0.314567] Asymmetric key parser 'x509' registered
[    0.314633] io scheduler mq-deadline registered
[    0.314645] io scheduler kyber registered
[    0.314713] io scheduler bfq registered
[    0.316336] ledtrig-cpu: registered to indicate activity on CPUs
[    0.322141] Serial: 8250/16550 driver, 6 ports, IRQ sharing enabled
[    0.373000] brd: module loaded
[    0.393125] loop: module loaded
[    0.394061] mtdoops: mtd device (mtddev=name/number) must be supplied
[    0.397224] i2c_dev: i2c /dev entries driver
[    0.398197] cpuidle: enable-method property 'ti,am3352' found operations
[    0.398645] sdhci: Secure Digital Host Controller Interface driver
[    0.398655] sdhci: Copyright(c) Pierre Ossman
[    0.398830] sdhci-pltfm: SDHCI platform and OF driver helper
[    0.399838] Initializing XFRM netlink socket
[    0.399990] NET: Registered PF_INET6 protocol family
[    0.402233] Segment Routing with IPv6
[    0.402325] In-situ OAM (IOAM) with IPv6
[    0.402427] sit: IPv6, IPv4 and MPLS over IPv4 tunneling driver
[    0.403387] NET: Registered PF_PACKET protocol family
[    0.403421] NET: Registered PF_KEY protocol family
[    0.403625] Key type dns_resolver registered
[    0.403901] ThumbEE CPU extension supported.
[    0.403922] Registering SWP/SWPB emulation handler
[    0.404452] omap_voltage_late_init: Voltage driver support not added
[    0.404803] SmartReflex Class3 initialized
[    0.439483] Loading compiled-in X.509 certificates
[    0.513476] platform 44e10800.pinmux: Fixed dependency cycle(s) with /ocp/interconnect@44c00000/segment@200000/target-module@10000/scm@0/pinmux@800/clkout2-pins
[    0.514034] pinctrl-single 44e10800.pinmux: 142 pins, size 568
[    0.519076] ti-sysc 44e31000.target-module: probe with driver ti-sysc failed with error -16
[    0.566436] ti-sysc 48040000.target-module: probe with driver ti-sysc failed with error -16
[    0.591535] OMAP GPIO hardware version 0.1
[    0.632947] omap_i2c 4819c000.i2c: bus 2 rev0.11 at 100 kHz
[    0.671602] 48000000.interconnect:segment@200000:target-module@0:mpu@0:fck: device ID is greater than 24
[    0.675754] platform 4830e000.lcdc: Fixed dependency cycle(s) with /ocp/interconnect@44c00000/segment@200000/target-module@b000/i2c@0/tda19988@70
[    0.686607] sdhci-omap 481d8000.mmc: supply pbias not found, using dummy regulator
[    0.687118] sdhci-omap 481d8000.mmc: supply vqmmc not found, using dummy regulator
[    0.735235] davinci_mdio 4a101000.mdio: davinci mdio revision 1.6, bus freq 1000000
[    0.849784] davinci_mdio 4a101000.mdio: phy[0]: device 4a101000.mdio:00, driver SMSC LAN8710/LAN8720
[    0.850584] cpsw-switch 4a100000.switch: initialized cpsw ale version 1.4
[    0.850606] cpsw-switch 4a100000.switch: ALE Table size 1024, Policers 0
[    0.876132] cpsw-switch 4a100000.switch: cpts: overflow check period 500 (jiffies)
[    0.876160] cpsw-switch 4a100000.switch: CPTS: ref_clk_freq:250000000 calc_mult:2147483648 calc_shift:29 error:0 nsec/sec
[    0.876269] cpsw-switch 4a100000.switch: Detected MACID = 6c:ec:eb:68:de:78
[    0.878116] cpsw-switch 4a100000.switch: initialized (regs 0x4a100000, pool size 256) hw_ver:0019010C 1.12 (0)
[    0.889115] debugfs: Directory '49000000.dma' with parent 'dmaengine' already present!
[    0.889156] edma 49000000.dma: TI EDMA DMA engine driver
[    0.949460] target-module@4b000000:target-module@140000:pmu@0:fck: device ID is greater than 24
[    0.951561] hw perfevents: enabled with armv7_cortex_a8 PMU driver, 5 (8000000f) counters available
[    0.959305] l3-aon-clkctrl:0000:0: failed to disable
[    0.962588] 44e09000.serial: ttyS0 at MMIO 0x44e09000 (irq = 34, base_baud = 3000000) is a 8250
[    0.962676] printk: legacy console [ttyS0] enabled
[    2.302320] tps65217-pmic: Failed to locate of_node [id: -1]
[    2.308390] tps65217-bl: Failed to locate of_node [id: -1]
[    2.319815] tps65217 0-0024: TPS65217 ID 0xe version 1.2
[    2.325964] platform 4830e000.lcdc: Fixed dependency cycle(s) with /ocp/interconnect@44c00000/segment@200000/target-module@b000/i2c@0/tda19988@70
[    2.339395] i2c 0-0070: Fixed dependency cycle(s) with /ocp/interconnect@48000000/segment@300000/target-module@e000/lcdc@0
[    2.350802] omap_i2c 44e0b000.i2c: bus 0 rev0.11 at 400 kHz
[    2.358649] omap_gpio 44e07000.gpio: Could not set line 6 debounce to 200000 microseconds (-22)
[    2.367533] sdhci-omap 48060000.mmc: Got CD GPIO
[    2.372573] sdhci-omap 48060000.mmc: supply pbias not found, using dummy regulator
[    2.383007] sdhci-omap 48060000.mmc: supply vqmmc not found, using dummy regulator
[    2.392016] sdhci-omap 481d8000.mmc: supply pbias not found, using dummy regulator
[    2.400017] sdhci-omap 481d8000.mmc: supply vqmmc not found, using dummy regulator
[    2.435293] mmc0: SDHCI controller on 48060000.mmc [48060000.mmc] using External DMA
[    2.443627] mmc1: SDHCI controller on 481d8000.mmc [481d8000.mmc] using External DMA
[    2.452400] cpsw-switch 4a100000.switch: starting ndev. mode: dual_mac
[    2.502215] mmc0: new high speed SDHC card at address 5048
[    2.509275] mmcblk0: mmc0:5048 SD16G 14.4 GiB
[    2.517481]  mmcblk0: p1 p2
[    2.520894] mmcblk0: p2 size 31221760 extends beyond EOD, truncated
[    2.532513] SMSC LAN8710/LAN8720 4a101000.mdio:00: attached PHY driver (mii_bus:phy_addr=4a101000.mdio:00, irq=POLL)
[    2.550247] mmc1: new high speed MMC card at address 0001
[    2.557239] mmcblk1: mmc1:0001 MMC04G 3.60 GiB
[    2.564664]  mmcblk1: p1 p2
[    2.568907] mmcblk1boot0: mmc1:0001 MMC04G 2.00 MiB
[    2.576313] mmcblk1boot1: mmc1:0001 MMC04G 2.00 MiB
[    2.583903] mmcblk1rpmb: mmc1:0001 MMC04G 128 KiB, chardev (250:0)
[    5.682083] cpsw-switch 4a100000.switch eth0: Link is Up - 100Mbps/Full - flow control off
[    5.721546] IP-Config: Complete:
[    5.724824]      device=eth0, hwaddr=6c:ec:eb:68:de:78, ipaddr=192.168.255.1, mask=255.255.255.0, gw=255.255.255.255
[    5.735503]      host=bbb1, domain=, nis-domain=(none)
[    5.740673]      bootserver=192.168.255.126, rootserver=192.168.255.126, rootpath=
[    5.741137] clk: Disabling unused clocks
[    5.752990] PM: genpd: Disabling unused power domains
[    5.758108] KTAP version 1
[    5.760829] 1..0
[    5.786190] VFS: Mounted root (nfs filesystem) on device 0:17.
[    5.793341] devtmpfs: mounted
[    5.798003] Freeing unused kernel image (initmem) memory: 1024K
[    5.805025] Run /sbin/init as init process
[    6.530898] systemd[1]: System time before build time, advancing clock.
[    8.021324] random: crng init done
[    8.062159] systemd[1]: systemd 232 running in system mode. (+PAM +AUDIT +SELINUX +IMA +APPARMOR +SMACK +SYSVINIT +UTMP +LIBCRYPTSETUP +GCRYPT +GNUTLS +ACL +XZ +LZ4 +SECCOMP +BLKID +ELFUTILS +KMOD +IDN)
[    8.081190] systemd[1]: Detected architecture arm.

Welcome to [1mDebian GNU/Linux 9 (stretch)[0m!

[    8.114544] systemd[1]: Set hostname to <arm>.
[    9.234716] systemd[1]: Started Dispatch Password Requests to Console Directory Watch.
[[0;32m  OK  [0m] Started Dispatch Password Requests to Console Directory Watch.
[    9.262147] systemd[1]: Started Forward Password Requests to Wall Directory Watch.
[[0;32m  OK  [0m] Started Forward Password Requests to Wall Directory Watch.
[    9.291664] systemd[1]: Reached target Encrypted Volumes.
[[0;32m  OK  [0m] Reached target Encrypted Volumes.
[    9.323019] systemd[1]: Set up automount Arbitrary Executable File Formats File System Automount Point.
[[0;32m  OK  [0m] Set up automount Arbitrary Executabâ€¦rmats File System Automount Point.
[    9.351746] systemd[1]: Reached target Remote File Systems.
[[0;32m  OK  [0m] Reached target Remote File Systems.
[    9.383285] systemd[1]: Listening on Syslog Socket.
[[0;32m  OK  [0m] Listening on Syslog Socket.
[    9.412940] systemd[1]: Created slice User and Session Slice.
[[0;32m  OK  [0m] Created slice User and Session Slice.
[[0;32m  OK  [0m] Listening on udev Kernel Socket.
[[0;32m  OK  [0m] Listening on Journal Audit Socket.
[[0;32m  OK  [0m] Listening on Journal Socket.
[[0;32m  OK  [0m] Listening on /dev/initctl Compatibility Named Pipe.
[[0;32m  OK  [0m] Listening on udev Control Socket.
[[0;32m  OK  [0m] Reached target Paths.
[[0;32m  OK  [0m] Reached target Swap.
[[0;32m  OK  [0m] Listening on Journal Socket (/dev/log).
[[0;32m  OK  [0m] Created slice System Slice.
         Starting Journal Service...
         Starting Remount Root and Kernel File Systems...
         Starting Load Kernel Modules...
[[0;32m  OK  [0m] Reached target Slices.
         Mounting POSIX Message Queue File System...
         Mounting Debug File System...
[[0;32m  OK  [0m] Created slice system-serial\x2dgetty.slice.
[[0;32m  OK  [0m] Created slice system-getty.slice.
         Starting Create list of required stâ€¦ce nodes for the current kernel...
[[0;32m  OK  [0m] Started Remount Root and Kernel File Systems.
         Starting Load/Save Random Seed...
         Starting udev Coldplug all Devices...
[[0;32m  OK  [0m] Mounted POSIX Message Queue File System.
[[0;32m  OK  [0m] Mounted Debug File System.
[[0;32m  OK  [0m] Started Load Kernel Modules.
[[0;32m  OK  [0m] Started Create list of required staâ€¦vice nodes for the current kernel.
         Starting Create Static Device Nodes in /dev...
         Starting Apply Kernel Variables...
         Mounting Configuration File System...
[[0;32m  OK  [0m] Started Load/Save Random Seed.
[[0;32m  OK  [0m] Mounted Configuration File System.
[[0;32m  OK  [0m] Started Apply Kernel Variables.
[[0;32m  OK  [0m] Started Journal Service.
         Starting Flush Journal to Persistent Storage...
[[0;32m  OK  [0m] Started Create Static Device Nodes in /dev.
[[0;32m  OK  [0m] Reached target Local File Systems (Pre).
[[0;32m  OK  [0m] Reached target Local File Systems.
         Starting Raise network interfaces...
         Starting udev Kernel Device Manager...
[   11.535819] systemd-journald[79]: Received request to flush runtime journal from PID 1
[[0;32m  OK  [0m] Started Flush Journal to Persistent Storage.
         Starting Create Volatile Files and Directories...
[[0;32m  OK  [0m] Started udev Kernel Device Manager.
[[0;32m  OK  [0m] Started Create Volatile Files and Directories.
         Starting Network Time Synchronization...
         Starting Update UTMP about System Boot/Shutdown...
[[0;32m  OK  [0m] Started Update UTMP about System Boot/Shutdown.
[[0;32m  OK  [0m] Started udev Coldplug all Devices.
[[0;32m  OK  [0m] Started Network Time Synchronization.
[[0;32m  OK  [0m] Reached target System Initialization.
[[0;32m  OK  [0m] Listening on D-Bus System Message Bus Socket.
[[0;32m  OK  [0m] Started Daily Cleanup of Temporary Directories.
[[0;32m  OK  [0m] Listening on Avahi mDNS/DNS-SD Stack Activation Socket.
[[0;32m  OK  [0m] Reached target Sockets.
[[0;32m  OK  [0m] Reached target Basic System.
[   14.951190] remoteproc remoteproc0: wkup_m3 is available
         Starting LSB: Start busybox udhcpd at boot time...
[[0;32m  OK  [0m] Started D-Bus System Message Bus.
[   15.202694] am335x-phy-driver 47401300.usb-phy: dummy supplies not allowed for exclusive requests (id=vbus)
[   15.232426] omap_wdt: OMAP Watchdog Timer Rev 0x01: initial timeout 60 sec
[   15.291183] at24 2-0054: supply vcc not found, using dummy regulator
[   15.416867] at24 2-0055: supply vcc not found, using dummy regulator
[   15.526524] at24 2-0056: supply vcc not found, using dummy regulator
[   15.571880] am335x-phy-driver 47401b00.usb-phy: dummy supplies not allowed for exclusive requests (id=vbus)
[   15.635974] at24 2-0057: supply vcc not found, using dummy regulator
[   15.719515] at24 0-0050: 32768 byte 24c256 EEPROM, writable, 1 bytes/write
[   15.730222] tps6521x_pwrbutton tps65217-pwrbutton: DMA mask not set
[   15.842570] input: tps65217_pwrbutton as /devices/platform/ocp/44c00000.interconnect/44c00000.interconnect:segment@200000/44e0b000.target-module/44e0b000.i2c/i2c-0/0-0024/tps65217-pwrbutton/input/input0
[   15.875266] wkup_m3_ipc 44e11324.wkup_m3_ipc: IPC Request for A8->M3 Channel failed! -517
[   15.916523] omap_rtc 44e3e000.rtc: registered as rtc0
[   15.921926] omap_rtc 44e3e000.rtc: setting system clock to 2000-01-01T00:00:00 UTC (946684800)
[   15.934606] wkup_m3_ipc 44e11324.wkup_m3_ipc: IPC Request for A8->M3 Channel failed! -517
[   16.527167] usbcore: registered new interface driver usbfs
[   16.533075] usbcore: registered new interface driver hub
[   16.538531] usbcore: registered new device driver usb
[   17.152344] wkup_m3_ipc 44e11324.wkup_m3_ipc: IPC Request for A8->M3 Channel failed! -517
[   17.249222] musb-hdrc musb-hdrc.1: MUSB HDRC host driver
