Labgrid Console Logfile for main
Logfile started at 2025-02-12 08:06:39.987353
=== Log starts here ===

U-Boot SPL 2014.04-00014-g47880f5 (Apr 22 2014 - 13:23:54)
reading args
spl_load_image_fat_os: error reading image args, err - -1
reading u-boot.img
reading u-boot.img


U-Boot 2014.04-00014-g47880f5 (Apr 22 2014 - 13:23:54)

I2C:   ready
DRAM:  512 MiB
NAND:  0 MiB
MMC:   OMAP SD/MMC: 0, OMAP SD/MMC: 1
*** Warning - readenv() failed, using default environment

Net:   <ethaddr> not set. Validating first E-fuse MAC
cpsw, usb_ether
Hit any key to stop autoboot:  1  0 
gpio: pin 53 (gpio 53) value is 1
mmc0 is current device
gpio: pin 54 (gpio 54) value is 1
SD/MMC found on device 0
reading uEnv.txt
569 bytes read in 3 ms (184.6 KiB/s)
gpio: pin 55 (gpio 55) value is 1
Loaded environment from uEnv.txt
Importing environment from mmc ...
Checking if uenvcmd is set ...
gpio: pin 56 (gpio 56) value is 1
Running uenvcmd ...
cpsw Waiting for PHY auto negotiation to complete. done
link up on port 0, speed 100, full duplex
Using cpsw device
TFTP from server 192.168.255.126; our IP address is 192.168.255.1
Filename 'zImage'.
Load address: 0x81000000
Loading: *#################################################################
	 #################################################################
	 #################################################################
	 #################################################################
	 #################################################################
	 #####################################################
	 2.4 MiB/s
done
Bytes transferred = 5547320 (54a538 hex)
link up on port 0, speed 100, full duplex
Using cpsw device
TFTP from server 192.168.255.126; our IP address is 192.168.255.1
Filename 'am335x-boneblack.dtb'.
Load address: 0x82000000
Loading: *#######
	 1.4 MiB/s
done
Bytes transferred = 98244 (17fc4 hex)
Kernel image @ 0x81000000 [ 0x000000 - 0x54a538 ]
## Flattened Device Tree blob at 82000000
   Booting using the fdt blob at 0x82000000
   Using Device Tree in place at 82000000, end 8201afc3

Starting kernel ...

[    0.000000] Booting Linux on physical CPU 0x0
[    0.000000] Linux version 6.14.0-rc2-next-20250212 (user01@drvtest01) (arm-none-eabi-gcc (Arm GNU Toolchain 14.2.Rel1 (Build arm-14.52)) 14.2.1 20241119, GNU ld (Arm GNU Toolchain 14.2.Rel1 (Build arm-14.52)) 2.43.1.20241119) #1 SMP Wed Feb 12 08:05:23 EET 2025
[    0.000000] CPU: ARMv7 Processor [413fc082] revision 2 (ARMv7), cr=10c5387d
[    0.000000] CPU: PIPT / VIPT nonaliasing data cache, VIPT aliasing instruction cache
[    0.000000] OF: fdt: Machine model: TI AM335x BeagleBone Black
[    0.000000] Memory policy: Data cache writeback
[    0.000000] cma: Reserved 16 MiB at 0x00000000
[    0.000000] Zone ranges:
[    0.000000]   Normal   [mem 0x0000000080000000-0x000000009fdfffff]
[    0.000000]   HighMem  empty
[    0.000000] Movable zone start for each node
[    0.000000] Early memory node ranges
[    0.000000]   node   0: [mem 0x0000000080000000-0x000000009fdfffff]
[    0.000000] Initmem setup node 0 [mem 0x0000000080000000-0x000000009fdfffff]
[    0.000000] OF: reserved mem: Reserved memory: No reserved-memory node in the DT
[    0.000000] CPU: All CPU(s) started in SVC mode.
[    0.000000] AM335X ES2.1 (sgx neon)
[    0.000000] percpu: Embedded 17 pages/cpu s39628 r8192 d21812 u69632
[    0.000000] Kernel command line: console=ttyO0,115200n8 root=/dev/nfs rw nfsroot=192.168.255.126:/home/user01/nfs,nfsvers=3 ip=192.168.255.1:192.168.255.126::255.255.255.0:bbb1:eth0 nfsrootdebug
[    0.000000] Unknown kernel command line parameters "nfsrootdebug", will be passed to user space.
[    0.000000] printk: log buffer data + meta data: 65536 + 204800 = 270336 bytes
[    0.000000] Dentry cache hash table entries: 65536 (order: 6, 262144 bytes, linear)
[    0.000000] Inode-cache hash table entries: 32768 (order: 5, 131072 bytes, linear)
[    0.000000] Built 1 zonelists, mobility grouping on.  Total pages: 130560
[    0.000000] mem auto-init: stack:off, heap alloc:off, heap free:off
[    0.000000] SLUB: HWalign=16, Order=0-3, MinObjects=0, CPUs=1, Nodes=1
[    0.000000] rcu: Hierarchical RCU implementation.
[    0.000000] rcu: 	RCU event tracing is enabled.
[    0.000000] rcu: 	RCU restricting CPUs from NR_CPUS=2 to nr_cpu_ids=1.
[    0.000000] 	Tracing variant of Tasks RCU enabled.
[    0.000000] rcu: RCU calculated value of scheduler-enlistment delay is 10 jiffies.
[    0.000000] rcu: Adjusting geometry for rcu_fanout_leaf=16, nr_cpu_ids=1
[    0.000000] RCU Tasks Trace: Setting shift to 0 and lim to 1 rcu_task_cb_adjust=1 rcu_task_cpu_ids=1.
[    0.000000] NR_IRQS: 16, nr_irqs: 16, preallocated irqs: 16
[    0.000000] IRQ: Found an INTC at 0x(ptrval) (revision 5.0) with 128 interrupts
[    0.000000] rcu: srcu_init: Setting srcu_struct sizes based on contention.
[    0.000000] TI gptimer clocksource: always-on /ocp/interconnect@44c00000/segment@200000/target-module@31000
[    0.000003] sched_clock: 32 bits at 24MHz, resolution 41ns, wraps every 89478484971ns
[    0.000026] clocksource: dmtimer: mask: 0xffffffff max_cycles: 0xffffffff, max_idle_ns: 79635851949 ns
[    0.000498] TI gptimer clockevent: 24000000 Hz at /ocp/interconnect@48000000/segment@0/target-module@40000
[    0.002131] Console: colour dummy device 80x30
[    0.002197] WARNING: Your 'console=ttyO0' has been replaced by 'ttyS0'
[    0.002205] This ensures that you still see kernel messages. Please
[    0.002210] update your kernel commandline.
[    0.002248] Calibrating delay loop... 996.14 BogoMIPS (lpj=4980736)
[    0.090544] CPU: Testing write buffer coherency: ok
[    0.090652] CPU0: Spectre v2: using BPIALL workaround
[    0.090663] pid_max: default: 32768 minimum: 301
[    0.090829] LSM: initializing lsm=capability
[    0.090998] Mount-cache hash table entries: 1024 (order: 0, 4096 bytes, linear)
[    0.091016] Mountpoint-cache hash table entries: 1024 (order: 0, 4096 bytes, linear)
[    0.092598] CPU0: thread -1, cpu 0, socket -1, mpidr 0
[    0.092656] cacheinfo: Unable to detect cache hierarchy for CPU 0
[    0.160732] Setting up static identity map for 0x80100000 - 0x80100078
[    0.170689] rcu: Hierarchical SRCU implementation.
[    0.170700] rcu: 	Max phase no-delay instances is 1000.
[    0.190741] smp: Bringing up secondary CPUs ...
[    0.190791] smp: Brought up 1 node, 1 CPU
[    0.190806] SMP: Total of 1 processors activated (996.14 BogoMIPS).
[    0.190818] CPU: All CPU(s) started in SVC mode.
[    0.190988] Memory: 480848K/522240K available (11264K kernel code, 1212K rwdata, 2896K rodata, 1024K init, 290K bss, 23380K reserved, 16384K cma-reserved, 0K highmem)
[    0.191827] devtmpfs: initialized
[    0.208429] VFP support v0.3: implementor 41 architecture 3 part 30 variant c rev 3
[    0.209049] clocksource: jiffies: mask: 0xffffffff max_cycles: 0xffffffff, max_idle_ns: 19112604462750000 ns
[    0.209092] futex hash table entries: 256 (order: 2, 16384 bytes, linear)
[    0.210200] pinctrl core: initialized pinctrl subsystem
[    0.213103] NET: Registered PF_NETLINK/PF_ROUTE protocol family
[    0.215864] DMA: preallocated 256 KiB pool for atomic coherent allocations
[    0.216764] audit: initializing netlink subsys (disabled)
[    0.218094] thermal_sys: Registered thermal governor 'fair_share'
[    0.218109] thermal_sys: Registered thermal governor 'step_wise'
[    0.218117] thermal_sys: Registered thermal governor 'user_space'
[    0.218259] audit: type=2000 audit(0.210:1): state=initialized audit_enabled=0 res=1
[    0.218295] cpuidle: using governor menu
[    0.236333] /ocp/interconnect@44c00000/segment@200000/target-module@b000/i2c@0/tda19988@70: Fixed dependency cycle(s) with /ocp/interconnect@48000000/segment@300000/target-module@e000/lcdc@0
[    0.237474] /ocp/interconnect@48000000/segment@300000/target-module@e000/lcdc@0: Fixed dependency cycle(s) with /ocp/interconnect@44c00000/segment@200000/target-module@b000/i2c@0/tda19988@70
[    0.239639] No ATAGs?
[    0.239681] hw-breakpoint: debug architecture 0x4 unsupported.
[    0.242541] kprobes: kprobe jump-optimization is enabled. All kprobes are optimized if possible.
[    0.254182] iommu: Default domain type: Translated
[    0.254204] iommu: DMA domain TLB invalidation policy: strict mode
[    0.262579] SCSI subsystem initialized
[    0.263415] pps_core: LinuxPPS API ver. 1 registered
[    0.263426] pps_core: Software ver. 5.3.6 - Copyright 2005-2007 Rodolfo Giometti <giometti@linux.it>
[    0.263450] PTP clock support registered
[    0.270945] vgaarb: loaded
[    0.271295] clocksource: Switched to clocksource dmtimer
[    0.271953] VFS: Disk quotas dquot_6.6.0
[    0.272009] VFS: Dquot-cache hash table entries: 1024 (order 0, 4096 bytes)
[    0.295764] NET: Registered PF_INET protocol family
[    0.296115] IP idents hash table entries: 8192 (order: 4, 65536 bytes, linear)
[    0.297543] tcp_listen_portaddr_hash hash table entries: 512 (order: 0, 4096 bytes, linear)
[    0.297582] Table-perturb hash table entries: 65536 (order: 6, 262144 bytes, linear)
[    0.297600] TCP established hash table entries: 4096 (order: 2, 16384 bytes, linear)
[    0.297645] TCP bind hash table entries: 4096 (order: 4, 65536 bytes, linear)
[    0.297745] TCP: Hash tables configured (established 4096 bind 4096)
[    0.297865] UDP hash table entries: 256 (order: 1, 14336 bytes, linear)
[    0.297900] UDP-Lite hash table entries: 256 (order: 1, 14336 bytes, linear)
[    0.298089] NET: Registered PF_UNIX/PF_LOCAL protocol family
[    0.302124] RPC: Registered named UNIX socket transport module.
[    0.302146] RPC: Registered udp transport module.
[    0.302152] RPC: Registered tcp transport module.
[    0.302156] RPC: Registered tcp-with-tls transport module.
[    0.302162] RPC: Registered tcp NFSv4.1 backchannel transport module.
[    0.302187] PCI: CLS 0 bytes, default 64
[    0.303568] Initialise system trusted keyrings
[    0.312096] workingset: timestamp_bits=14 max_order=17 bucket_order=3
[    0.313433] NFS: Registering the id_resolver key type
[    0.313524] Key type id_resolver registered
[    0.313531] Key type id_legacy registered
[    0.313638] jffs2: version 2.2. (NAND) (SUMMARY)  Â© 2001-2006 Red Hat, Inc.
[    0.314048] Key type asymmetric registered
[    0.314064] Asymmetric key parser 'x509' registered
[    0.314128] io scheduler mq-deadline registered
[    0.314139] io scheduler kyber registered
[    0.314211] io scheduler bfq registered
[    0.315774] ledtrig-cpu: registered to indicate activity on CPUs
[    0.321639] Serial: 8250/16550 driver, 6 ports, IRQ sharing enabled
[    0.358894] brd: module loaded
[    0.387011] loop: module loaded
[    0.387914] mtdoops: mtd device (mtddev=name/number) must be supplied
[    0.390973] i2c_dev: i2c /dev entries driver
[    0.392100] cpuidle: enable-method property 'ti,am3352' found operations
[    0.392543] sdhci: Secure Digital Host Controller Interface driver
[    0.392552] sdhci: Copyright(c) Pierre Ossman
[    0.392731] sdhci-pltfm: SDHCI platform and OF driver helper
[    0.393732] Initializing XFRM netlink socket
[    0.393898] NET: Registered PF_INET6 protocol family
[    0.395884] Segment Routing with IPv6
[    0.395969] In-situ OAM (IOAM) with IPv6
[    0.396069] sit: IPv6, IPv4 and MPLS over IPv4 tunneling driver
[    0.396985] NET: Registered PF_PACKET protocol family
[    0.397017] NET: Registered PF_KEY protocol family
[    0.397129] Key type dns_resolver registered
[    0.397352] ThumbEE CPU extension supported.
[    0.397370] Registering SWP/SWPB emulation handler
[    0.397909] omap_voltage_late_init: Voltage driver support not added
[    0.398269] SmartReflex Class3 initialized
[    0.428785] Loading compiled-in X.509 certificates
[    0.475488] /ocp/interconnect@44c00000/segment@200000/target-module@b000/i2c@0/tda19988@70: Fixed dependency cycle(s) with /ocp/interconnect@48000000/segment@300000/target-module@e000/lcdc@0
[    0.481945] /ocp/interconnect@44c00000/segment@200000/target-module@b000/i2c@0/tda19988@70: Fixed dependency cycle(s) with /ocp/interconnect@48000000/segment@300000/target-module@e000/lcdc@0
[    0.502201] /ocp/interconnect@44c00000/segment@200000/target-module@b000/i2c@0/tda19988@70: Fixed dependency cycle(s) with /ocp/interconnect@48000000/segment@300000/target-module@e000/lcdc@0
[    0.503113] /ocp/interconnect@44c 00000/segment@200000/target-module@b000/i2c@0/tda19988@70: Fix ed dependency cycle(s) with /ocp/interconnect@48000000/segment@300000/target-module@e000/lcdc@0
[    0.506531] /ocp/interconnect@44c00000/segment@200000/target-module@10000/scm@0/pinmux@800: Fiummy regulator
[    0.742738] davinci_mdio 4a101000.mdio: davinci mdio revision 1.6, bus freq 1000000
[    0.908305] davinci_mdio 4a101000.mdio: phy[0]: device 4a101000.mdio:00, driver SMSC LAN8710/LAN8720
[    0.909102] cpsw-switch 4a100000.switch: initialized cpsw ale version 1.4
[    0.909127] cpsw-switch 4a100000.switch: ALE Table size 1024, Policers 0
[    0.909260] cpsw-switch 4a100000.switch: cpts: overflow check period 500 (jiffies)
[    0.909278] cpsw-switch 4a100000.switch: CPTS: ref_clk_freq:250000000 calc_mult:2147483648 calc_shift:29 error:0 nsec/sec
[    0.909382] cpsw-switch 4a100000.switch: Detected MACID = 6c:ec:eb:68:de:78
[    0.911150] cpsw-switch 4a100000.switch: initialized (regs 0x4a100000, pool size 256) hw_ver:0019010C 1.12 (0)
[    0.922029] debugfs: Directory '49000000.dma' with parent 'dmaengine' already present!
[    0.922070] edma 49000000.dma: TI EDMA DMA engine driver
[    0.955089] target-module@4b000000:target-module@140000:pmu@0:fck: device ID is greater than 24
[    0.965953] hw perfevents: enabled with armv7_cortex_a8 PMU driver, 5 (8000000f) counters available
[    0.973700] l3-aon-clkctrl:0000:0: failed to disable
[    0.987504] 44e09000.serial: ttyS0 at MMIO 0x44e09000 (irq = 34, base_baud = 3000000) is a 8250
[    0.987594] printk: legacy console [ttyS0] enabled
[    2.462256] tps65217-pmic: Failed to locate of_node [id: -1]
[    2.468298] tps65217-bl: Failed to locate of_node [id: -1]
[    2.479597] tps65217 0-0024: TPS65217 ID 0xe version 1.2
[    2.485733] /ocp/interconnect@48000000/segment@300000/target-module@e000/lcdc@0: Fixed dependency cycle(s) with /ocp/interconnect@44c00000/segment@200000/target-module@b000/i2c@0/tda19988@70
[    2.503110] /ocp/interconnect@44c00000/segment@200000/target-module@b000/i2c@0/tda19988@70: Fixed dependency cycle(s) with /ocp/interconnect@48000000/segment@300000/target-module@e000/lcdc@0
[    2.520461] omap_i2c 44e0b000.i2c: bus 0 rev0.11 at 400 kHz
[    2.528439] omap_gpio 44e07000.gpio: Could not set line 6 debounce to 200000 microseconds (-22)
[    2.537330] sdhci-omap 48060000.mmc: Got CD GPIO
[    2.542364] sdhci-omap 48060000.mmc: supply pbias not found, using dummy regulator
[    2.552650] sdhci-omap 48060000.mmc: supply vqmmc not found, using dummy regulator
[    2.561630] sdhci-omap 481d8000.mmc: supply pbias not found, using dummy regulator
[    2.569632] sdhci-omap 481d8000.mmc: supply vqmmc not found, using dummy regulator
[    2.607905] mmc1: SDHCI controller on 481d8000.mmc [481d8000.mmc] using External DMA
[    2.617117] mmc0: SDHCI controller on 48060000.mmc [48060000.mmc] using External DMA
[    2.625893] cpsw-switch 4a100000.switch: starting ndev. mode: dual_mac
 [    2.670591] mmc0: new high speed SDHC card at address 5048 
[    2.677638] mmcblk0: mmc0:5048 SD16G 14.4 GiB
[    2.6856 70]  mmcblk0: p1 p2
[    2.689040] mmcblk0: p2 size 31221760  extends beyond EOD, truncated
[    2.702547] SMSC LAN8710/LAN 8720 4a1
[    5.842082] cpsw-switch 4a100000.switch eth0: Link is Up - 100Mbps/Full - flow control off
[    5.881548] IP-Config: Complete:
[    5.884828]      device=eth0, hwaddr=6c:ec:eb:68:de:78, ipaddr=192.168.255.1, mask=255.255.255.0, gw=255.255.255.255
[    5.895503]      host=bbb1, domain=, nis-domain=(none)
[    5.900673]      bootserver=192.168.255.126, rootserver=192.168.255.126, rootpath=
[    5.901089] clk: Disabling unused clocks
[    5.912956] PM: genpd: Disabling unused power domains
[    5.918074] KTAP version 1
[    5.920795] 1..0
[    5.945051] VFS: Mounted root (nfs filesystem) on device 0:17.
[    5.951882] devtmpfs: mounted
[    5.956359] Freeing unused kernel image (initmem) memory: 1024K
[    5.963277] Run /sbin/init as init process
[    6.651706] systemd[1]: System time before build time, advancing clock.
[    8.111319] random: crng init done
[    8.151708] systemd[1]: systemd 232 running in system mode. (+PAM +AUDIT +SELINUX +IMA +APPARMOR +SMACK +SYSVINIT +UTMP +LIBCRYPTSETUP +GCRYPT +GNUTLS +ACL +XZ +LZ4 +SECCOMP +BLKID +ELFUTILS +KMOD +IDN)
[    8.170611] systemd[1]: Detected architecture arm.

Welcome to [1mDebian GNU/Linux 9 (stretch)[0m!

[    8.204401] systemd[1]: Set hostname to <arm>.
[    9.297784] systemd[1]: Listening on Journal Audit Socket.
[[0;32m  OK  [0m] Listening on Journal Audit Socket.
[    9.323340] systemd[1]: Listening on /dev/initctl Compatibility Named Pipe.
[[0;32m  OK  [0m] Listening on /dev/initctl Compatibility Named Pipe.
[    9.352924] systemd[1]: Created slice System Slice.
[[0;32m  OK  [0m] Created slice System Slice.
[    9.411912] systemd[1]: Mounting POSIX Message Queue File System...
         Mounting POSIX Message Queue File System...
[    9.453001] systemd[1]: Mounting Debug File System...
         Mounting Debug File System...
[    9.469115] systemd[1]: dev-hugepages.mount: Couldn't determine result for ConditionVirtualization=!private-users, assuming failed: No such file or directory
[    9.533188] systemd[1]: Listening on udev Control Socket.
[[0;32m  OK  [0m] Listening on udev Control Socket.
[[0;32m  OK  [0m] Reached target Remote File Systems.
[[0;32m  OK  [0m] Started Dispatch Password Requests to Console Directory Watch.
[[0;32m  OK  [0m] Created slice system-getty.slice.
[[0;32m  OK  [0m] Started Forward Password Requests to Wall Directory Watch.
[[0;32m  OK  [0m] Reached target Paths.
[[0;32m  OK  [0m] Reached target Encrypted Volumes.
[[0;32m  OK  [0m] Listening on udev Kernel Socket.
[[0;32m  OK  [0m] Listening on Journal Socket (/dev/log).
[[0;32m  OK  [0m] Listening on Syslog Socket.
[[0;32m  OK  [0m] Listening on Journal Socket.
         Starting Create list of required stâ€¦ce nodes for the current kernel...
         Starting Journal Service...
         Starting Load Kernel Modules...
         Starting Remount Root and Kernel File Systems...
[[0;32m  OK  [0m] Set up automount Arbitrary Executabâ€¦rmats File System Automount Point.
[[0;32m  OK  [0m] Created slice system-serial\x2dgetty.slice.
[[0;32m  OK  [0m] Created slice User and Session Slice.
[[0;32m  OK  [0m] Reached target Slices.
[[0;32m  OK  [0m] Reached target Swap.
[[0;32m  OK  [0m] Mounted POSIX Message Queue File System.
[[0;32m  OK  [0m] Mounted Debug File System.
[[0;32m  OK  [0m] Started Create list of required staâ€¦vice nodes for the current kernel.
[[0;32m  OK  [0m] Started Remount Root and Kernel File Systems.
[[0;32m  OK  [0m] Started Load Kernel Modules.
         Starting Apply Kernel Variables...
         Mounting Configuration File System...
         Starting udev Coldplug all Devices...
         Starting Load/Save Random Seed...
         Starting Create Static Device Nodes in /dev...
[[0;32m  OK  [0m] Mounted Configuration File System.
[[0;32m  OK  [0m] Started Apply Kernel Variables.
[[0;32m  OK  [0m] Started Load/Save Random Seed.
[[0;32m  OK  [0m] Started Journal Service.
         Starting Flush Journal to Persistent Storage...
[[0;32m  OK  [0m] Started Create Static Device Nodes in /dev.
[[0;32m  OK  [0m] Reached target Local File Systems (Pre).
[[0;32m  OK  [0m] Reached target Local File Systems.
         Starting Raise network interfaces...
         Starting udev Kernel Device Manager...
[   11.270849] systemd-journald[89]: Received request to flush runtime journal from PID 1
[[0;32m  OK  [0m] Started Flush Journal to Persistent Storage.
         Starting Create Volatile Files and Directories...
[[0;32m  OK  [0m] Started udev Kernel Device Manager.
[[0;32m  OK  [0m] Started Create Volatile Files and Directories.
         Starting Update UTMP about System Boot/Shutdown...
         Starting Network Time Synchronization...
[[0;32m  OK  [0m] Started Update UTMP about System Boot/Shutdown.
[[0;32m  OK  [0m] Started udev Coldplug all Devices.
[   14.318230] remoteproc remoteproc0: wkup_m3 is available
[   14.631818] omap_rtc 44e3e000.rtc: registered as rtc0
[   14.638597] omap_rtc 44e3e000.rtc: setting system clock to 2000-01-01T00:00:00 UTC (946684800)
[   14.756144] omap_wdt: OMAP Watchdog Timer Rev 0x01: initial timeout 60 sec
[   14.859272] am335x-phy-driver 47401300.usb-phy: dummy supplies not allowed for exclusive requests (id=vbus)
[   14.903444] at24 2-0054: supply vcc not found, using dummy regulator
[   15.006074] at24 2-0055: supply vcc not found, using dummy regulator
[   15.021163] usbcore: registered new interface driver usbfs
[   15.027013] usbcore: registered new interface driver hub
[   15.032528] usbcore: registered new device driver usb
[   15.105482] at24 2-0056: supply vcc not found, using dummy regulator
[   15.205883] at24 2-0057: supply vcc not found, using dummy regulator
[[0;32m  OK  [0m] Found device /dev/ttyS0.
[[0;32m  OK  [0m] Started Network Time Synchronization.
[   15.258407] am335x-phy-driver 47401b00.usb-phy: dummy supplies not allowed for exclusive requests (id=vbus)
[[0;32m  OK  [0m] Reached target System Initialization.
[   15.311800] tps6521x_pwrbutton tps65217-pwrbutton: DMA mask not set
[[0;32m  OK  [0m] Listening on Avahi mDNS/DNS-SD Stack Activation Socket.
[[0;32m  OK  [0m] Started Daily Cleanup of Temporary Directories.
[   15.432570] input: tps65217_pwrbutton as /devices/platform/ocp/44c00000.interconnect/44c00000.interconnect:segment@200000/44e0b000.target-module/44e0b000.i2c/i2c-0/0-0024/tps65217-pwrbutton/input/input0
[   15.455157] at24 0-0050: 32768 byte 24c256 EEPROM, writable, 1 bytes/write
[[0;32m  OK  [0m] Listening on D-Bus System Message Bus Socket.
[[0;32m  OK  [0m] Reached target Sockets.
[[0;32m  OK  [0m] Reached target Basic System.
         Starting Generic Board Startup...
[   15.936887] musb-hdrc musb-hdrc.1: MUSB HDRC host driver
[   15.942435] musb-hdrc musb-hdrc.1: new USB bus registered, assigned bus number 1
         Starting DUN service...
         Starting LSB: Start busybox udhcpd at boot time...
[   16.162327] usb usb1: New USB device found, idVendor=1d6b, idProduct=0002, bcdDevice= 6.14
[   16.170688] usb usb1: New USB device strings: Mfr=3, Product=2, SerialNumber=1
[   16.178026] usb usb1: Product: MUSB HDRC host driver
[   16.183052] usb usb1: Manufacturer: Linux 6.14.0-rc2-next-20250212 musb-hcd
[   16.190052] usb usb1: SerialNumber: musb-hdrc.1
[   16.264144] wkup_m3_ipc 44e11324.wkup_m3_ipc: IPC Request for A8->M3 Channel failed! -517
         Starting Login Service...
         Starting Cape Manager Service...
[[0;32m  OK  [0m] Started D-Bus System Message Bus.
[   16.670425] hub 1-0:1.0: USB hub found
[   16.767716] hub 1-0:1.0: 1 port detected
[   16.808557] wkup_m3_ipc 44e11324.wkup_m3_ipc: IPC Request for A8->M3 Channel failed! -517
[   16.922266] wkup_m3_ipc 44e11324.wkup_m3_ipc: IPC Request for A8->M3 Channel failed! -517
[   17.555599] tda998x 0-0070: found TDA19988
[   17.623576] wkup_m3_ipc 44e11324.wkup_m3_ipc: IPC Request for A8->M3 Channel failed! -517
[   17.733670] omap-mailbox 480c8000.mailbox: omap mailbox rev 0x400
[   17.874055] remoteproc remoteproc0: powering up wkup_m3
[   18.165110] remoteproc remoteproc0: Direct firmware load for am335x-pm-firmware.elf failed with error -2
[   18.175041] remoteproc remoteproc0: request_firmware failed: -2
[   18.181004] wkup_m3_ipc 44e11324.wkup_m3_ipc: rproc_boot failed
[   19.424044] tilcdc 4830e000.lcdc: bound 0-0070 (ops 0xbf0a60f8)
[   19.534997] [drm] Initialized tilcdc 1.0.0 for 4830e000.lcdc on minor 0
[   19.629928] tilcdc 4830e000.lcdc: [drm] Cannot find any crtc or sizes
[   19.638150] tilcdc 4830e000.lcdc: [drm] Cannot find any crtc or sizes
[   19.925924] omap_rng 48310000.rng: Random Number Generator ver. 20
[[0;32m  OK  [0m] Started DUN service.
         Starting LSB: Load kernel modules needed to enable cpufreq scaling...
         Starting Avahi mDNS/DNS-SD Stack...
[   20.673749] PM: Cannot get wkup_m3_ipc handle
[   20.794547] omap-sham 53100000.sham: hw accel on OMAP rev 4.3
         Starting Connection service...
[   20.907381] omap-sham 53100000.sham: will run requests pump with realtime priority
[   20.916360] PM: Cannot get wkup_m3_ipc handle
         Starting Telephony service...[   21.075351] omap-aes 53500000.aes: OMAP AES hw accel rev: 3.2

[   21.215290] omap-aes 53500000.aes: will run requests pump with realtime priority
[   21.228378] PM: Cannot get wkup_m3_ipc handle
         Starting System Logging Service...
[[0;32m  OK  [0m] Started Regular background program processing daemon.
[[0;32m  OK  [0m] Reached target System Time Synchronized.
[[0;32m  OK  [0m] Started Daily apt download activities.
[[0;32m  OK  [0m] Started Daily apt upgrade and clean activities.
[[0;32m  OK  [0m] Reached target Timers.
[[0;32m  OK  [0m] Started Cape Manager Service.
[[0;32m  OK  [0m] Started System Logging Service.
[   24.195322] Bluetooth: Core ver 2.22
[   24.199154] NET: Registered PF_BLUETOOTH protocol family
[   24.204738] Bluetooth: HCI device and connection manager initialized
[   24.211156] Bluetooth: HCI socket layer initialized
[   24.216135] Bluetooth: L2CAP socket layer initialized
[   24.221251] Bluetooth: SCO socket layer initialized
[   24.990842] PM: Cannot get wkup_m3_ipc handle
[   25.103456] PM: Cannot get wkup_m3_ipc handle
[[0;32m  OK  [0m] Started LSB: Start busybox udhcpd at boot time.
[   27.777886] configfs-gadget.g_multi gadget.0: HOST MAC 1c:ba:8c:a2:ed:6c
[   27.784890] configfs-gadget.g_multi gadget.0: MAC 1c:ba:8c:a2:ed:70
[   27.792302] configfs-gadget.g_multi gadget.0: HOST MAC 1c:ba:8c:a2:ed:6c
[   27.799067] configfs-gadget.g_multi gadget.0: MAC 1c:ba:8c:a2:ed:6d
[   27.807388] PM: Cannot get wkup_m3_ipc handle
[[0;32m  OK  [0m] Started Raise network interfaces.
[[0;32m  OK  [0m] Started LSB: Load kernel modules needed to enable cpufreq scaling.
[[0;32m  OK  [0m] Started Telephony service.
[[0;32m  OK  [0m] Started Avahi mDNS/DNS-SD Stack.
[[0;32m  OK  [0m] Started Connection service.
[[0;32m  OK  [0m] Started Login Service.
[[0;32m  OK  [0m] Reached target Sound Card.
         Starting LSB: set CPUFreq kernel parameters...
[[0;32m  OK  [0m] Reached target Network.
         Starting Permit User Sessions...
         Starting The Apache HTTP Server...
         Starting OpenBSD Secure Shell server...
[[0;32m  OK  [0m] Reached target Network is Online.
         Starting LSB: Advanced IEEE 802.11 management daemon...
[[0;32m  OK  [0m] Started Permit User Sessions.
[[0;32m  OK  [0m] Started LSB: Advanced IEEE 802.11 management daemon.
         Starting Hostname Service...
         Starting WPA supplicant...
[[0;32m  OK  [0m] Started Serial Getty on ttyS0.
[[0;32m  OK  [0m] Started Getty on tty1.
[[0;32m  OK  [0m] Reached target Login Prompts.
[[0;32m  OK  [0m] Started LSB: set CPUFreq kernel parameters.
[[0;32m  OK  [0m] Started WPA supplicant.
[[0;32m  OK  [0m] Started Hostname Service.
         Stopping LSB: Start busybox udhcpd at boot time...
[[0;32m  OK  [0m] Started OpenBSD Secure Shell server.
[[0;32m  OK  [0m] Stopped LSB: Start busybox udhcpd at boot time.
         Starting dnsmasq - A lightweight DHCP and caching DNS server...
[[0;32m  OK  [0m] Started The Apache HTTP Server.
[[0;32m  OK  [0m] Started dnsmasq - A lightweight DHCP and caching DNS server.
[[0;32m  OK  [0m] Reached target Host and Network Name Lookups.
[[0;32m  OK  [0m] Started Serial Getty on ttyGS0.
[[0;32m  OK  [0m] Started Generic Board Startup.
[[0;32m  OK  [0m] Reached target Multi-User System.
[[0;32m  OK  [0m] Reached target Graphical Interface.
         Starting Update UTMP about System Runlevel Changes...
[[0;32m  OK  [0m] Started Update UTMP about System Runlevel Changes.

Debian GNU/Linux 9 arm ttyS0

default username:password is [debian:temppwd]

arm login: root
Password: 
Last login: Sat Jan  1 00:00:30 UTC 2000 on ttyS0
root
Linux arm 6.14.0-rc2-next-20250212 #1 SMP Wed Feb 12 08:05:23 EET 2025 armv7l

The programs included with the Debian GNU/Linux system are free software;
the exact distribution terms for each program are described in the
individual files in /usr/share/doc/*/copyright.

Debian GNU/Linux comes with ABSOLUTELY NO WARRANTY, to the extent
permitted by applicable law.
root@arm:~# root
-bash: root: command not found
root@arm:~# dmesg -n 1
root@arm:~# echo 'FLUQ''MFSGBP'
FLUQMFSGBP
root@arm:~# run() { echo -n "$MARKER"; sh -c "$@"; echo "$MARKER $?"; }
root@arm:~# echo 'HSOK''TEXQXC'
HSOKTEXQXC
root@arm:~# MARKER='BCJS''FWUOEY' run 'cat /proc/version'
BCJSFWUOEYLinux version 6.14.0-rc2-next-20250212 (user01@drvtest01) (arm-none-eabi-gcc (Arm GNU Toolchain 14.2.Rel1 (Build arm-14.52)) 14.2.1 20241119, GNU ld (Arm GNU Toolchain 14.2.Rel1 (Build arm-14.52)) 2.43.1.20241119) #1 SMP Wed Feb 12 08:05:23 EET 2025
BCJSFWUOEY 0
root@arm:~# echo 'BCOY''EYBUUB'
BCOYEYBUUB
root@arm:~# MARKER='JWTW''SGZGFG' run false
JWTWSGZGFGJWTWSGZGFG 1
root@arm:~# Labgrid Console Logfile for main
Logfile started at 2025-02-12 08:07:45.532656
=== Log starts here ===

root@arm:~# run() { echo -n "$MARKER"; sh -c "$@"; echo "$MARKER $?"; }
root@arm:~# echo 'YGLJ''QPOFOL'
YGLJQPOFOL
root@arm:~# MARKER='LQEB''KPWVHU' run 'ls /iio_generic_buffer; echo $?'
LQEBKPWVHU/iio_generic_buffer
0
LQEBKPWVHU 0
root@arm:~# Labgrid Console Logfile for main
Logfile started at 2025-02-12 08:07:48.954606
=== Log starts here ===

root@arm:~# run() { echo -n "$MARKER"; sh -c "$@"; echo "$MARKER $?"; }
root@arm:~# echo 'KQGO''XTMZHU'
KQGOXTMZHU
root@arm:~# MARKER='UJKZ''MEVLLT' run dmesg
UJKZMEVLLT[    0.000000] Booting Linux on physical CPU 0x0
[    0.000000] Linux version 6.14.0-rc2-next-20250212 (user01@drvtest01) (arm-none-eabi-gcc (Arm GNU Toolchain 14.2.Rel1 (Build arm-14.52)) 14.2.1 20241119, GNU ld (Arm GNU Toolchain 14.2.Rel1 (Build arm-14.52)) 2.43.1.20241119) #1 SMP Wed Feb 12 08:05:23 EET 2025
[    0.000000] CPU: ARMv7 Processor [413fc082] revision 2 (ARMv7), cr=10c5387d
[    0.000000] CPU: PIPT / VIPT nonaliasing data cache, VIPT aliasing instruction cache
[    0.000000] OF: fdt: Machine model: TI AM335x BeagleBone Black
[    0.000000] Memory policy: Data cache writeback
[    0.000000] cma: Reserved 16 MiB at 0x00000000
[    0.000000] Zone ranges:
[    0.000000]   Normal   [mem 0x0000000080000000-0x000000009fdfffff]
[    0.000000]   HighMem  empty
[    0.000000] Movable zone start for each node
[    0.000000] Early memory node ranges
[    0.000000]   node   0: [mem 0x0000000080000000-0x000000009fdfffff]
[    0.000000] Initmem setup node 0 [mem 0x0000000080000000-0x000000009fdfffff]
[    0.000000] OF: reserved mem: Reserved memory: No reserved-memory node in the DT
[    0.000000] CPU: All CPU(s) started in SVC mode.
[    0.000000] AM335X ES2.1 (sgx neon)
[    0.000000] percpu: Embedded 17 pages/cpu s39628 r8192 d21812 u69632
[    0.000000] pcpu-alloc: s39628 r8192 d21812 u69632 alloc=17*4096
[    0.000000] pcpu-alloc: [0] 0 
[    0.000000] Kernel command line: console=ttyO0,115200n8 root=/dev/nfs rw nfsroot=192.168.255.126:/home/user01/nfs,nfsvers=3 ip=192.168.255.1:192.168.255.126::255.255.255.0:bbb1:eth0 nfsrootdebug
[    0.000000] Unknown kernel command line parameters "nfsrootdebug", will be passed to user space.
[    0.000000] printk: log buffer data + meta data: 65536 + 204800 = 270336 bytes
[    0.000000] Dentry cache hash table entries: 65536 (order: 6, 262144 bytes, linear)
[    0.000000] Inode-cache hash table entries: 32768 (order: 5, 131072 bytes, linear)
[    0.000000] Built 1 zonelists, mobility grouping on.  Total pages: 130560
[    0.000000] mem auto-init: stack:off, heap alloc:off, heap free:off
[    0.000000] SLUB: HWalign=16, Order=0-3, MinObjects=0, CPUs=1, Nodes=1
[    0.000000] rcu: Hierarchical RCU implementation.
[    0.000000] rcu: 	RCU event tracing is enabled.
[    0.000000] rcu: 	RCU restricting CPUs from NR_CPUS=2 to nr_cpu_ids=1.
[    0.000000] 	Tracing variant of Tasks RCU enabled.
[    0.000000] rcu: RCU calculated value of scheduler-enlistment delay is 10 jiffies.
[    0.000000] rcu: Adjusting geometry for rcu_fanout_leaf=16, nr_cpu_ids=1
[    0.000000] RCU Tasks Trace: Setting shift to 0 and lim to 1 rcu_task_cb_adjust=1 rcu_task_cpu_ids=1.
[    0.000000] NR_IRQS: 16, nr_irqs: 16, preallocated irqs: 16
[    0.000000] IRQ: Found an INTC at 0x(ptrval) (revision 5.0) with 128 interrupts
[    0.000000] rcu: srcu_init: Setting srcu_struct sizes based on contention.
[    0.000000] TI gptimer clocksource: always-on /ocp/interconnect@44c00000/segment@200000/target-module@31000
[    0.000003] sched_clock: 32 bits at 24MHz, resolution 41ns, wraps every 89478484971ns
[    0.000026] clocksource: dmtimer: mask: 0xffffffff max_cycles: 0xffffffff, max_idle_ns: 79635851949 ns
[    0.000498] TI gptimer clockevent: 24000000 Hz at /ocp/interconnect@48000000/segment@0/target-module@40000
[    0.002131] Console: colour dummy device 80x30
[    0.002197] WARNING: Your 'console=ttyO0' has been replaced by 'ttyS0'
[    0.002205] This ensures that you still see kernel messages. Please
[    0.002210] update your kernel commandline.
[    0.002248] Calibrating delay loop... 996.14 BogoMIPS (lpj=4980736)
[    0.090544] CPU: Testing write buffer coherency: ok
[    0.090652] CPU0: Spectre v2: using BPIALL workaround
[    0.090663] pid_max: default: 32768 minimum: 301
[    0.090829] LSM: initializing lsm=capability
[    0.090998] Mount-cache hash table entries: 1024 (order: 0, 4096 bytes, linear)
[    0.091016] Mountpoint-cache hash table entries: 1024 (order: 0, 4096 bytes, linear)
[    0.092598] CPU0: thread -1, cpu 0, socket -1, mpidr 0
[    0.092656] cacheinfo: Unable to detect cache hierarchy for CPU 0
[    0.160732] Setting up static identity map for 0x80100000 - 0x80100078
[    0.170689] rcu: Hierarchical SRCU implementation.
[    0.170700] rcu: 	Max phase no-delay instances is 1000.
[    0.190741] smp: Bringing up secondary CPUs ...
[    0.190791] smp: Brought up 1 node, 1 CPU
[    0.190806] SMP: Total of 1 processors activated (996.14 BogoMIPS).
[    0.190818] CPU: All CPU(s) started in SVC mode.
[    0.190988] Memory: 480848K/522240K available (11264K kernel code, 1212K rwdata, 2896K rodata, 1024K init, 290K bss, 23380K reserved, 16384K cma-reserved, 0K highmem)
[    0.191827] devtmpfs: initialized
[    0.208429] VFP support v0.3: implementor 41 architecture 3 part 30 variant c rev 3
[    0.209049] clocksource: jiffies: mask: 0xffffffff max_cycles: 0xffffffff, max_idle_ns: 19112604462750000 ns
[    0.209092] futex hash table entries: 256 (order: 2, 16384 bytes, linear)
[    0.210200] pinctrl core: initialized pinctrl subsystem
[    0.213103] NET: Registered PF_NETLINK/PF_ROUTE protocol family
[    0.215864] DMA: preallocated 256 KiB pool for atomic coherent allocations
[    0.216764] audit: initializing netlink subsys (disabled)
[    0.218094] thermal_sys: Registered thermal governor 'fair_share'
[    0.218109] thermal_sys: Registered thermal governor 'step_wise'
[    0.218117] thermal_sys: Registered thermal governor 'user_space'
[    0.218259] audit: type=2000 audit(0.210:1): state=initialized audit_enabled=0 res=1
[    0.218295] cpuidle: using governor menu
[    0.236333] /ocp/interconnect@44c00000/segment@200000/target-module@b000/i2c@0/tda19988@70: Fixed dependency cycle(s) with /ocp/interconnect@48000000/segment@300000/target-module@e000/lcdc@0
[    0.237474] /ocp/interconnect@48000000/segment@300000/target-module@e000/lcdc@0: Fixed dependency cycle(s) with /ocp/interconnect@44c00000/segment@200000/target-module@b000/i2c@0/tda19988@70
[    0.239639] No ATAGs?
[    0.239681] hw-breakpoint: debug architecture 0x4 unsupported.
[    0.242541] kprobes: kprobe jump-optimization is enabled. All kprobes are optimized if possible.
[    0.254182] iommu: Default domain type: Translated
[    0.254204] iommu: DMA domain TLB invalidation policy: strict mode
[    0.261453] reg-fixed-voltage fixedregulator0: using DT '/fixedregulator0' for '(default)' GPIO lookup
[    0.261508] of_get_named_gpiod_flags: can't parse 'gpios' property of node '/fixedregulator0[0]'
[    0.261538] of_get_named_gpiod_flags: can't parse 'gpio' property of node '/fixedregulator0[0]'
[    0.261555] reg-fixed-voltage fixedregulator0: using lookup tables for GPIO lookup
[    0.261565] reg-fixed-voltage fixedregulator0: No GPIO consumer (default) found
[    0.262579] SCSI subsystem initialized
[    0.263060] libata version 3.00 loaded.
[    0.263415] pps_core: LinuxPPS API ver. 1 registered
[    0.263426] pps_core: Software ver. 5.3.6 - Copyright 2005-2007 Rodolfo Giometti <giometti@linux.it>
[    0.263450] PTP clock support registered
[    0.270945] vgaarb: loaded
[    0.271295] clocksource: Switched to clocksource dmtimer
[    0.271953] VFS: Disk quotas dquot_6.6.0
[    0.272009] VFS: Dquot-cache hash table entries: 1024 (order 0, 4096 bytes)
[    0.295764] NET: Registered PF_INET protocol family
[    0.296115] IP idents hash table entries: 8192 (order: 4, 65536 bytes, linear)
[    0.297543] tcp_listen_portaddr_hash hash table entries: 512 (order: 0, 4096 bytes, linear)
[    0.297582] Table-perturb hash table entries: 65536 (order: 6, 262144 bytes, linear)
[    0.297600] TCP established hash table entries: 4096 (order: 2, 16384 bytes, linear)
[    0.297645] TCP bind hash table entries: 4096 (order: 4, 65536 bytes, linear)
[    0.297745] TCP: Hash tables configured (established 4096 bind 4096)
[    0.297865] UDP hash table entries: 256 (order: 1, 14336 bytes, linear)
[    0.297900] UDP-Lite hash table entries: 256 (order: 1, 14336 bytes, linear)
[    0.298089] NET: Registered PF_UNIX/PF_LOCAL protocol family
[    0.302124] RPC: Registered named UNIX socket transport module.
[    0.302146] RPC: Registered udp transport module.
[    0.302152] RPC: Registered tcp transport module.
[    0.302156] RPC: Registered tcp-with-tls transport module.
[    0.302162] RPC: Registered tcp NFSv4.1 backchannel transport module.
[    0.302187] PCI: CLS 0 bytes, default 64
[    0.303568] Initialise system trusted keyrings
[    0.312096] workingset: timestamp_bits=14 max_order=17 bucket_order=3
[    0.313433] NFS: Registering the id_resolver key type
[    0.313524] Key type id_resolver registered
[    0.313531] Key type id_legacy registered
[    0.313638] jffs2: version 2.2. (NAND) (SUMMARY)  Â© 2001-2006 Red Hat, Inc.
[    0.314048] Key type asymmetric registered
[    0.314064] Asymmetric key parser 'x509' registered
[    0.314128] io scheduler mq-deadline registered
[    0.314139] io scheduler kyber registered
[    0.314211] io scheduler bfq registered
[    0.315774] ledtrig-cpu: registered to indicate activity on CPUs
[    0.321639] Serial: 8250/16550 driver, 6 ports, IRQ sharing enabled
[    0.358894] brd: module loaded
[    0.387011] loop: module loaded
[    0.387914] mtdoops: mtd device (mtddev=name/number) must be supplied
[    0.389613] mdio_bus fixed-0: using lookup tables for GPIO lookup
[    0.389634] mdio_bus fixed-0: No GPIO consumer reset found
[    0.390973] i2c_dev: i2c /dev entries driver
[    0.392100] cpuidle: enable-method property 'ti,am3352' found operations
[    0.392543] sdhci: Secure Digital Host Controller Interface driver
[    0.392552] sdhci: Copyright(c) Pierre Ossman
[    0.392731] sdhci-pltfm: SDHCI platform and OF driver helper
[    0.393732] Initializing XFRM netlink socket
[    0.393898] NET: Registered PF_INET6 protocol family
[    0.395884] Segment Routing with IPv6
[    0.395969] In-situ OAM (IOAM) with IPv6
[    0.396069] sit: IPv6, IPv4 and MPLS over IPv4 tunneling driver
[    0.396985] NET: Registered PF_PACKET protocol family
[    0.397017] NET: Registered PF_KEY protocol family
[    0.397129] Key type dns_resolver registered
[    0.397352] ThumbEE CPU extension supported.
[    0.397370] Registering SWP/SWPB emulation handler
[    0.397909] omap_voltage_late_init: Voltage driver support not added
[    0.398269] SmartReflex Class3 initialized
[    0.428785] Loading compiled-in X.509 certificates
[    0.475488] /ocp/interconnect@44c00000/segment@200000/target-module@b000/i2c@0/tda19988@70: Fixed dependency cycle(s) with /ocp/interconnect@48000000/segment@300000/target-module@e000/lcdc@0
[    0.481945] /ocp/interconnect@44c00000/segment@200000/target-module@b000/i2c@0/tda19988@70: Fixed dependency cycle(s) with /ocp/interconnect@48000000/segment@300000/target-module@e000/lcdc@0
[    0.487443] gpiochip_find_base_unlocked: found new base at 512
[    0.502201] /ocp/interconnect@44c00000/segment@200000/target-module@b000/i2c@0/tda19988@70: Fixed dependency cycle(s) with /ocp/interconnect@48000000/segment@300000/target-module@e000/lcdc@0
[    0.503113] /ocp/interconnect@44c00000/segment@200000/target-module@b000/i2c@0/tda19988@70: Fixed dependency cycle(s) with /ocp/interconnect@48000000/segment@300000/target-module@e000/lcdc@0
[    0.506531] /ocp/interconnect@44c00000/segment@200000/target-module@10000/scm@0/pinmux@800: Fixed dependency cycle(s) with /ocp/interconnect@44c00000/segment@200000/target-module@10000/scm@0/pinmux@800/clkout2-pins
[    0.507125] pinctrl-single 44e10800.pinmux: 142 pins, size 568
[    0.512496] ti-sysc 44e31000.target-module: probe with driver ti-sysc failed with error -16
[    0.548082] /ocp/interconnect@48000000/segment@300000/target-module@e000/lcdc@0: Fixed dependency cycle(s) with /ocp/interconnect@44c00000/segment@200000/target-module@b000/i2c@0/tda19988@70
[    0.556305] ti-sysc 48040000.target-module: probe with driver ti-sysc failed with error -16
[    0.567818] gpiochip_find_base_unlocked: found new base at 512
[    0.567916] gpio gpiochip0: (gpio-0-31): created GPIO range 0->7 ==> 44e10800.pinmux PIN 0->7
[    0.567936] gpio gpiochip0: (gpio-0-31): created GPIO range 8->11 ==> 44e10800.pinmux PIN 90->93
[    0.567952] gpio gpiochip0: (gpio-0-31): created GPIO range 12->27 ==> 44e10800.pinmux PIN 12->27
[    0.567968] gpio gpiochip0: (gpio-0-31): created GPIO range 28->31 ==> 44e10800.pinmux PIN 30->33
[    0.604116] gpio gpiochip0: (gpio-0-31): added GPIO chardev (254:0)
[    0.604284] gpio gpiochip0: registered GPIOs 512 to 543 on gpio-0-31
[    0.604369] OMAP GPIO hardware version 0.1
[    0.638641] i2c i2c-2: using DT '/ocp/interconnect@48000000/segment@100000/target-module@9c000/i2c@0' for 'scl' GPIO lookup
[    0.638716] of_get_named_gpiod_flags: can't parse 'scl-gpios' property of node '/ocp/interconnect@48000000/segment@100000/target-module@9c000/i2c@0[0]'
[    0.638759] of_get_named_gpiod_flags: can't parse 'scl-gpio' property of node '/ocp/interconnect@48000000/segment@100000/target-module@9c000/i2c@0[0]'
[    0.638793] i2c i2c-2: using lookup tables for GPIO lookup
[    0.638803] i2c i2c-2: No GPIO consumer scl found
[    0.638825] i2c i2c-2: using DT '/ocp/interconnect@48000000/segment@100000/target-module@9c000/i2c@0' for 'sda' GPIO lookup
[    0.638859] of_get_named_gpiod_flags: can't parse 'sda-gpios' property of node '/ocp/interconnect@48000000/segment@100000/target-module@9c000/i2c@0[0]'
[    0.638896] of_get_named_gpiod_flags: can't parse 'sda-gpio' property of node '/ocp/interconnect@48000000/segment@100000/target-module@9c000/i2c@0[0]'
[    0.638926] i2c i2c-2: using lookup tables for GPIO lookup
[    0.638935] i2c i2c-2: No GPIO consumer sda found
[    0.639624] omap_i2c 4819c000.i2c: bus 2 rev0.11 at 100 kHz
[    0.645357] gpiochip_find_base_unlocked: found new base at 544
[    0.645455] gpio gpiochip1: (gpio-32-63): created GPIO range 0->17 ==> 44e10800.pinmux PIN 34->51
[    0.645474] gpio gpiochip1: (gpio-32-63): created GPIO range 18->21 ==> 44e10800.pinmux PIN 77->80
[    0.645491] gpio gpiochip1: (gpio-32-63): created GPIO range 22->31 ==> 44e10800.pinmux PIN 56->65
[    0.660603] gpio gpiochip1: (gpio-32-63): added GPIO chardev (254:1)
[    0.660784] gpio gpiochip1: registered GPIOs 544 to 575 on gpio-32-63
[    0.663165] gpiochip_find_base_unlocked: found new base at 576
[    0.663254] gpio gpiochip2: (gpio-64-95): created GPIO range 0->4 ==> 44e10800.pinmux PIN 66->70
[    0.663274] gpio gpiochip2: (gpio-64-95): created GPIO range 5->6 ==> 44e10800.pinmux PIN 98->99
[    0.663289] gpio gpiochip2: (gpio-64-95): created GPIO range 7->8 ==> 44e10800.pinmux PIN 75->76
[    0.663305] gpio gpiochip2: (gpio-64-95): created GPIO range 13->13 ==> 44e10800.pinmux PIN 141->141
[    0.663321] gpio gpiochip2: (gpio-64-95): created GPIO range 14->21 ==> 44e10800.pinmux PIN 100->107
[    0.664035] gpio gpiochip2: (gpio-64-95): added GPIO chardev (254:2)
[    0.664170] gpio gpiochip2: registered GPIOs 576 to 607 on gpio-64-95
[    0.669597] 48000000.interconnect:segment@200000:target-module@0:mpu@0:fck: device ID is greater than 24
[    0.670466] /ocp/interconnect@48000000/segment@300000/target-module@e000/lcdc@0: Fixed dependency cycle(s) with /ocp/interconnect@44c00000/segment@200000/target-module@b000/i2c@0/tda19988@70
[    0.673581] /ocp/interconnect@48000000/segment@300000/target-module@e000/lcdc@0: Fixed dependency cycle(s) with /ocp/interconnect@44c00000/segment@200000/target-module@b000/i2c@0/tda19988@70
[    0.674285] /ocp/interconnect@44c00000/segment@200000/target-module@b000/i2c@0/tda19988@70: Fixed dependency cycle(s) with /ocp/interconnect@48000000/segment@300000/target-module@e000/lcdc@0
[    0.674461] /ocp/interconnect@48000000/segment@300000/target-module@e000/lcdc@0: Fixed dependency cycle(s) with /ocp/interconnect@44c00000/segment@200000/target-module@b000/i2c@0/tda19988@70
[    0.683991] mdio_bus 4a101000.mdio: using DT '/ocp/interconnect@4a000000/segment@0/target-module@100000/switch@0/mdio@1000' for 'reset' GPIO lookup
[    0.684062] of_get_named_gpiod_flags: can't parse 'reset-gpios' property of node '/ocp/interconnect@4a000000/segment@0/target-module@100000/switch@0/mdio@1000[0]'
[    0.684107] of_get_named_gpiod_flags: can't parse 'reset-gpio' property of node '/ocp/interconnect@4a000000/segment@0/target-module@100000/switch@0/mdio@1000[0]'
[    0.684152] mdio_bus 4a101000.mdio: using lookup tables for GPIO lookup
[    0.684162] mdio_bus 4a101000.mdio: No GPIO consumer reset found
[    0.685396] sdhci-omap 481d8000.mmc: using DT '/ocp/interconnect@48000000/segment@100000/target-module@d8000/mmc@0' for 'wp' GPIO lookup
[    0.685460] of_get_named_gpiod_flags: can't parse 'wp-gpios' property of node '/ocp/interconnect@48000000/segment@100000/target-module@d8000/mmc@0[0]'
[    0.685503] of_get_named_gpiod_flags: can't parse 'wp-gpio' property of node '/ocp/interconnect@48000000/segment@100000/target-module@d8000/mmc@0[0]'
[    0.685537] sdhci-omap 481d8000.mmc: using lookup tables for GPIO lookup
[    0.685547] sdhci-omap 481d8000.mmc: No GPIO consumer wp found
[    0.685739] sdhci-omap 481d8000.mmc: supply pbias not found, using dummy regulator
[    0.686239] sdhci-omap 481d8000.mmc: supply vqmmc not found, using dummy regulator
[    0.742738] davinci_mdio 4a101000.mdio: davinci mdio revision 1.6, bus freq 1000000
[    0.764624] mdio_bus 4a101000.mdio:00: using DT '/ocp/interconnect@4a000000/segment@0/target-module@100000/switch@0/mdio@1000/ethernet-phy@0' for 'reset' GPIO lookup
[    0.764722] of_get_named_gpiod_flags: parsed 'reset-gpios' property of node '/ocp/interconnect@4a000000/segment@0/target-module@100000/switch@0/mdio@1000/ethernet-phy@0[0]' - status (0)
[    0.764890] gpio gpiochip0: Persistence not supported for GPIO 8
[    0.908305] davinci_mdio 4a101000.mdio: phy[0]: device 4a101000.mdio:00, driver SMSC LAN8710/LAN8720
[    0.909102] cpsw-switch 4a100000.switch: initialized cpsw ale version 1.4
[    0.909127] cpsw-switch 4a100000.switch: ALE Table size 1024, Policers 0
[    0.909260] cpsw-switch 4a100000.switch: cpts: overflow check period 500 (jiffies)
[    0.909278] cpsw-switch 4a100000.switch: CPTS: ref_clk_freq:250000000 calc_mult:2147483648 calc_shift:29 error:0 nsec/sec
[    0.909382] cpsw-switch 4a100000.switch: Detected MACID = 6c:ec:eb:68:de:78
[    0.911150] cpsw-switch 4a100000.switch: initialized (regs 0x4a100000, pool size 256) hw_ver:0019010C 1.12 (0)
[    0.922029] debugfs: Directory '49000000.dma' with parent 'dmaengine' already present!
[    0.922070] edma 49000000.dma: TI EDMA DMA engine driver
[    0.955089] target-module@4b000000:target-module@140000:pmu@0:fck: device ID is greater than 24
[    0.965953] hw perfevents: enabled with armv7_cortex_a8 PMU driver, 5 (8000000f) counters available
[    0.966896] gpio-clk clk_mcasp0: using DT '/clk_mcasp0' for 'enable' GPIO lookup
[    0.966965] of_get_named_gpiod_flags: parsed 'enable-gpios' property of node '/clk_mcasp0[0]' - status (0)
[    0.967009] gpio gpiochip0: Persistence not supported for GPIO 27
[    0.967827] gpiochip_find_base_unlocked: found new base at 608
[    0.967937] gpio gpiochip3: (gpio-96-127): created GPIO range 0->7 ==> 44e10800.pinmux PIN 82->89
[    0.967956] gpio gpiochip3: (gpio-96-127): created GPIO range 8->11 ==> 44e10800.pinmux PIN 52->55
[    0.967972] gpio gpiochip3: (gpio-96-127): created GPIO range 12->15 ==> 44e10800.pinmux PIN 94->97
[    0.967988] gpio gpiochip3: (gpio-96-127): created GPIO range 16->17 ==> 44e10800.pinmux PIN 71->72
[    0.968005] gpio gpiochip3: (gpio-96-127): created GPIO range 18->18 ==> 44e10800.pinmux PIN 135->135
[    0.968022] gpio gpiochip3: (gpio-96-127): created GPIO range 19->20 ==> 44e10800.pinmux PIN 108->109
[    0.968039] gpio gpiochip3: (gpio-96-127): created GPIO range 21->21 ==> 44e10800.pinmux PIN 73->73
[    0.968075] gpio gpiochip3: (gpio-96-127): created GPIO range 22->23 ==> 44e10800.pinmux PIN 8->9
[    0.968093] gpio gpiochip3: (gpio-96-127): created GPIO range 26->27 ==> 44e10800.pinmux PIN 10->11
[    0.968111] gpio gpiochip3: (gpio-96-127): created GPIO range 28->28 ==> 44e10800.pinmux PIN 74->74
[    0.968129] gpio gpiochip3: (gpio-96-127): created GPIO range 29->29 ==> 44e10800.pinmux PIN 81->81
[    0.968147] gpio gpiochip3: (gpio-96-127): created GPIO range 30->31 ==> 44e10800.pinmux PIN 28->29
[    0.973700] l3-aon-clkctrl:0000:0: failed to disable
[    0.984928] gpio gpiochip3: (gpio-96-127): added GPIO chardev (254:3)
[    0.985076] gpio gpiochip3: registered GPIOs 608 to 639 on gpio-96-127
[    0.986827] omap8250 44e09000.serial: using DT '/ocp/interconnect@44c00000/segment@200000/target-module@9000/serial@0' for 'rs485-term' GPIO lookup
[    0.986896] of_get_named_gpiod_flags: can't parse 'rs485-term-gpios' property of node '/ocp/interconnect@44c00000/segment@200000/target-module@9000/serial@0[0]'
[    0.986940] of_get_named_gpiod_flags: can't parse 'rs485-term-gpio' property of node '/ocp/interconnect@44c00000/segment@200000/target-module@9000/serial@0[0]'
[    0.986976] omap8250 44e09000.serial: using lookup tables for GPIO lookup
[    0.986987] omap8250 44e09000.serial: No GPIO consumer rs485-term found
[    0.986997] omap8250 44e09000.serial: using DT '/ocp/interconnect@44c00000/segment@200000/target-module@9000/serial@0' for 'rs485-rx-during-tx' GPIO lookup
[    0.987032] of_get_named_gpiod_flags: can't parse 'rs485-rx-during-tx-gpios' property of node '/ocp/interconnect@44c00000/segment@200000/target-module@9000/serial@0[0]'
[    0.987069] of_get_named_gpiod_flags: can't parse 'rs485-rx-during-tx-gpio' property of node '/ocp/interconnect@44c00000/segment@200000/target-module@9000/serial@0[0]'
[    0.987100] omap8250 44e09000.serial: using lookup tables for GPIO lookup
[    0.987108] omap8250 44e09000.serial: No GPIO consumer rs485-rx-during-tx found
[    0.987504] 44e09000.serial: ttyS0 at MMIO 0x44e09000 (irq = 34, base_baud = 3000000) is a 8250
[    0.987594] printk: legacy console [ttyS0] enabled
[    2.442874] i2c i2c-0: using DT '/ocp/interconnect@44c00000/segment@200000/target-module@b000/i2c@0' for 'scl' GPIO lookup
[    2.442970] of_get_named_gpiod_flags: can't parse 'scl-gpios' property of node '/ocp/interconnect@44c00000/segment@200000/target-module@b000/i2c@0[0]'
[    2.443017] of_get_named_gpiod_flags: can't parse 'scl-gpio' property of node '/ocp/interconnect@44c00000/segment@200000/target-module@b000/i2c@0[0]'
[    2.443058] i2c i2c-0: using lookup tables for GPIO lookup
[    2.443071] i2c i2c-0: No GPIO consumer scl found
[    2.443096] i2c i2c-0: using DT '/ocp/interconnect@44c00000/segment@200000/target-module@b000/i2c@0' for 'sda' GPIO lookup
[    2.443136] of_get_named_gpiod_flags: can't parse 'sda-gpios' property of node '/ocp/interconnect@44c00000/segment@200000/target-module@b000/i2c@0[0]'
[    2.443176] of_get_named_gpiod_flags: can't parse 'sda-gpio' property of node '/ocp/interconnect@44c00000/segment@200000/target-module@b000/i2c@0[0]'
[    2.443211] i2c i2c-0: using lookup tables for GPIO lookup
[    2.443222] i2c i2c-0: No GPIO consumer sda found
[    2.462256] tps65217-pmic: Failed to locate of_node [id: -1]
[    2.468298] tps65217-bl: Failed to locate of_node [id: -1]
[    2.479597] tps65217 0-0024: TPS65217 ID 0xe version 1.2
[    2.485733] /ocp/interconnect@48000000/segment@300000/target-module@e000/lcdc@0: Fixed dependency cycle(s) with /ocp/interconnect@44c00000/segment@200000/target-module@b000/i2c@0/tda19988@70
[    2.503110] /ocp/interconnect@44c00000/segment@200000/target-module@b000/i2c@0/tda19988@70: Fixed dependency cycle(s) with /ocp/interconnect@48000000/segment@300000/target-module@e000/lcdc@0
[    2.520461] omap_i2c 44e0b000.i2c: bus 0 rev0.11 at 400 kHz
[    2.528243] sdhci-omap 48060000.mmc: using DT '/ocp/interconnect@48000000/segment@0/target-module@60000/mmc@0' for 'cd' GPIO lookup
[    2.528349] of_get_named_gpiod_flags: parsed 'cd-gpios' property of node '/ocp/interconnect@48000000/segment@0/target-module@60000/mmc@0[0]' - status (0)
[    2.528414] gpio gpiochip3: Persistence not supported for GPIO 6
[    2.528439] omap_gpio 44e07000.gpio: Could not set line 6 debounce to 200000 microseconds (-22)
[    2.537330] sdhci-omap 48060000.mmc: Got CD GPIO
[    2.542013] sdhci-omap 48060000.mmc: using DT '/ocp/interconnect@48000000/segment@0/target-module@60000/mmc@0' for 'wp' GPIO lookup
[    2.542060] of_get_named_gpiod_flags: can't parse 'wp-gpios' property of node '/ocp/interconnect@48000000/segment@0/target-module@60000/mmc@0[0]'
[    2.542102] of_get_named_gpiod_flags: can't parse 'wp-gpio' property of node '/ocp/interconnect@48000000/segment@0/target-module@60000/mmc@0[0]'
[    2.542140] sdhci-omap 48060000.mmc: using lookup tables for GPIO lookup
[    2.542155] sdhci-omap 48060000.mmc: No GPIO consumer wp found
[    2.542364] sdhci-omap 48060000.mmc: supply pbias not found, using dummy regulator
[    2.551060] sdhci-omap 481d8000.mmc: using DT '/ocp/interconnect@48000000/segment@100000/target-module@d8000/mmc@0' for 'wp' GPIO lookup
[    2.551135] of_get_named_gpiod_flags: can't parse 'wp-gpios' property of node '/ocp/interconnect@48000000/segment@100000/target-module@d8000/mmc@0[0]'
[    2.551184] of_get_named_gpiod_flags: can't parse 'wp-gpio' property of node '/ocp/interconnect@48000000/segment@100000/target-module@d8000/mmc@0[0]'
[    2.551223] sdhci-omap 481d8000.mmc: using lookup tables for GPIO lookup
[    2.551236] sdhci-omap 481d8000.mmc: No GPIO consumer wp found
[    2.552650] sdhci-omap 48060000.mmc: supply vqmmc not found, using dummy regulator
[    2.561630] sdhci-omap 481d8000.mmc: supply pbias not found, using dummy regulator
[    2.569632] sdhci-omap 481d8000.mmc: supply vqmmc not found, using dummy regulator
[    2.607905] mmc1: SDHCI controller on 481d8000.mmc [481d8000.mmc] using External DMA
[    2.617117] mmc0: SDHCI controller on 48060000.mmc [48060000.mmc] using External DMA
[    2.625893] cpsw-switch 4a100000.switch: starting ndev. mode: dual_mac
[    2.670591] mmc0: new high speed SDHC card at address 5048
[    2.677638] mmcblk0: mmc0:5048 SD16G 14.4 GiB
[    2.685670]  mmcblk0: p1 p2
[    2.689040] mmcblk0: p2 size 31221760 extends beyond EOD, truncated
[    2.702547] SMSC LAN8710/LAN8720 4a101000.mdio:00: attached PHY driver (mii_bus:phy_addr=4a101000.mdio:00, irq=POLL)
[    2.715101] mmc1: new high speed MMC card at address 0001
[    2.722048] mmcblk1: mmc1:0001 MMC04G 3.60 GiB
[    2.733545]  mmcblk1: p1 p2
[    2.737768] mmcblk1boot0: mmc1:0001 MMC04G 2.00 MiB
[    2.745113] mmcblk1boot1: mmc1:0001 MMC04G 2.00 MiB
[    2.752470] mmcblk1rpmb: mmc1:0001 MMC04G 128 KiB, chardev (250:0)
[    5.842082] cpsw-switch 4a100000.switch eth0: Link is Up - 100Mbps/Full - flow control off
[    5.881548] IP-Config: Complete:
[    5.884828]      device=eth0, hwaddr=6c:ec:eb:68:de:78, ipaddr=192.168.255.1, mask=255.255.255.0, gw=255.255.255.255
[    5.895503]      host=bbb1, domain=, nis-domain=(none)
[    5.900673]      bootserver=192.168.255.126, rootserver=192.168.255.126, rootpath=
[    5.901089] clk: Disabling unused clocks
[    5.912956] PM: genpd: Disabling unused power domains
[    5.918074] KTAP version 1
[    5.920795] 1..0
[    5.945051] VFS: Mounted root (nfs filesystem) on device 0:17.
[    5.951882] devtmpfs: mounted
[    5.956359] Freeing unused kernel image (initmem) memory: 1024K
[    5.963277] Run /sbin/init as init process
[    5.967414]   with arguments:
[    5.967426]     /sbin/init
[    5.967436]     nfsrootdebug
[    5.967445]   with environment:
[    5.967454]     HOME=/
[    5.967463]     TERM=linux
[    6.651706] systemd[1]: System time before build time, advancing clock.
[    8.111319] random: crng init done
[    8.151708] systemd[1]: systemd 232 running in system mode. (+PAM +AUDIT +SELINUX +IMA +APPARMOR +SMACK +SYSVINIT +UTMP +LIBCRYPTSETUP +GCRYPT +GNUTLS +ACL +XZ +LZ4 +SECCOMP +BLKID +ELFUTILS +KMOD +IDN)
[    8.170611] systemd[1]: Detected architecture arm.
[    8.204401] systemd[1]: Set hostname to <arm>.
[    9.297784] systemd[1]: Listening on Journal Audit Socket.
[    9.323340] systemd[1]: Listening on /dev/initctl Compatibility Named Pipe.
[    9.352924] systemd[1]: Created slice System Slice.
[    9.411912] systemd[1]: Mounting POSIX Message Queue File System...
[    9.453001] systemd[1]: Mounting Debug File System...
[    9.469115] systemd[1]: dev-hugepages.mount: Couldn't determine result for ConditionVirtualization=!private-users, assuming failed: No such file or directory
[    9.533188] systemd[1]: Listening on udev Control Socket.
[   11.270849] systemd-journald[89]: Received request to flush runtime journal from PID 1
[   13.995123] leds-gpio leds: using DT '/leds/led2' for '(default)' GPIO lookup
[   13.995229] of_get_named_gpiod_flags: parsed 'gpios' property of node '/leds/led2[0]' - status (0)
[   13.995288] gpio gpiochip0: Persistence not supported for GPIO 21
[   13.995304] gpio-533 (?): no flags found for GPIO (default)
[   14.030368] leds-gpio leds: using DT '/leds/led3' for '(default)' GPIO lookup
[   14.030478] of_get_named_gpiod_flags: parsed 'gpios' property of node '/leds/led3[0]' - status (0)
[   14.030724] gpio gpiochip0: Persistence not supported for GPIO 22
[   14.030745] gpio-534 (?): no flags found for GPIO (default)
[   14.061844] leds-gpio leds: using DT '/leds/led4' for '(default)' GPIO lookup
[   14.061945] of_get_named_gpiod_flags: parsed 'gpios' property of node '/leds/led4[0]' - status (0)
[   14.061996] gpio gpiochip0: Persistence not supported for GPIO 23
[   14.062011] gpio-535 (?): no flags found for GPIO (default)
[   14.094967] leds-gpio leds: using DT '/leds/led5' for '(default)' GPIO lookup
[   14.095067] of_get_named_gpiod_flags: parsed 'gpios' property of node '/leds/led5[0]' - status (0)
[   14.095118] gpio gpiochip0: Persistence not supported for GPIO 24
[   14.095134] gpio-536 (?): no flags found for GPIO (default)
[   14.318230] remoteproc remoteproc0: wkup_m3 is available
[   14.631818] omap_rtc 44e3e000.rtc: registered as rtc0
[   14.638597] omap_rtc 44e3e000.rtc: setting system clock to 2000-01-01T00:00:00 UTC (946684800)
[   14.647563] omap_rtc 44e3e000.rtc: using DT '/ocp/interconnect@44c00000/segment@200000/target-module@3e000/rtc@0' for 'wp' GPIO lookup
[   14.647641] of_get_named_gpiod_flags: can't parse 'wp-gpios' property of node '/ocp/interconnect@44c00000/segment@200000/target-module@3e000/rtc@0[0]'
[   14.647692] of_get_named_gpiod_flags: can't parse 'wp-gpio' property of node '/ocp/interconnect@44c00000/segment@200000/target-module@3e000/rtc@0[0]'
[   14.647734] omap_rtc 44e3e000.rtc: using lookup tables for GPIO lookup
[   14.647748] omap_rtc 44e3e000.rtc: No GPIO consumer wp found
[   14.756144] omap_wdt: OMAP Watchdog Timer Rev 0x01: initial timeout 60 sec
[   14.858809] am335x-phy-driver 47401300.usb-phy: using DT '/ocp/target-module@47400000/usb-phy@1300' for 'reset' GPIO lookup
[   14.858905] of_get_named_gpiod_flags: can't parse 'reset-gpios' property of node '/ocp/target-module@47400000/usb-phy@1300[0]'
[   14.858953] of_get_named_gpiod_flags: can't parse 'reset-gpio' property of node '/ocp/target-module@47400000/usb-phy@1300[0]'
[   14.858991] am335x-phy-driver 47401300.usb-phy: using lookup tables for GPIO lookup
[   14.859006] am335x-phy-driver 47401300.usb-phy: No GPIO consumer reset found
[   14.859021] am335x-phy-driver 47401300.usb-phy: using DT '/ocp/target-module@47400000/usb-phy@1300' for 'vbus-detect' GPIO lookup
[   14.859053] of_get_named_gpiod_flags: can't parse 'vbus-detect-gpios' property of node '/ocp/target-module@47400000/usb-phy@1300[0]'
[   14.859084] of_get_named_gpiod_flags: can't parse 'vbus-detect-gpio' property of node '/ocp/target-module@47400000/usb-phy@1300[0]'
[   14.859111] am335x-phy-driver 47401300.usb-phy: using lookup tables for GPIO lookup
[   14.859123] am335x-phy-driver 47401300.usb-phy: No GPIO consumer vbus-detect found
[   14.859272] am335x-phy-driver 47401300.usb-phy: dummy supplies not allowed for exclusive requests (id=vbus)
[   14.903444] at24 2-0054: supply vcc not found, using dummy regulator
[   15.006074] at24 2-0055: supply vcc not found, using dummy regulator
[   15.021163] usbcore: registered new interface driver usbfs
[   15.027013] usbcore: registered new interface driver hub
[   15.032528] usbcore: registered new device driver usb
[   15.105482] at24 2-0056: supply vcc not found, using dummy regulator
[   15.205883] at24 2-0057: supply vcc not found, using dummy regulator
[   15.257955] am335x-phy-driver 47401b00.usb-phy: using DT '/ocp/target-module@47400000/usb-phy@1b00' for 'reset' GPIO lookup
[   15.258049] of_get_named_gpiod_flags: can't parse 'reset-gpios' property of node '/ocp/target-module@47400000/usb-phy@1b00[0]'
[   15.258094] of_get_named_gpiod_flags: can't parse 'reset-gpio' property of node '/ocp/target-module@47400000/usb-phy@1b00[0]'
[   15.258130] am335x-phy-driver 47401b00.usb-phy: using lookup tables for GPIO lookup
[   15.258145] am335x-phy-driver 47401b00.usb-phy: No GPIO consumer reset found
[   15.258159] am335x-phy-driver 47401b00.usb-phy: using DT '/ocp/target-module@47400000/usb-phy@1b00' for 'vbus-detect' GPIO lookup
[   15.258190] of_get_named_gpiod_flags: can't parse 'vbus-detect-gpios' property of node '/ocp/target-module@47400000/usb-phy@1b00[0]'
[   15.258222] of_get_named_gpiod_flags: can't parse 'vbus-detect-gpio' property of node '/ocp/target-module@47400000/usb-phy@1b00[0]'
[   15.258249] am335x-phy-driver 47401b00.usb-phy: using lookup tables for GPIO lookup
[   15.258261] am335x-phy-driver 47401b00.usb-phy: No GPIO consumer vbus-detect found
[   15.258407] am335x-phy-driver 47401b00.usb-phy: dummy supplies not allowed for exclusive requests (id=vbus)
[   15.311800] tps6521x_pwrbutton tps65217-pwrbutton: DMA mask not set
[   15.432570] input: tps65217_pwrbutton as /devices/platform/ocp/44c00000.interconnect/44c00000.interconnect:segment@200000/44e0b000.target-module/44e0b000.i2c/i2c-0/0-0024/tps65217-pwrbutton/input/input0
[   15.454567] at24 0-0050: using DT '/ocp/interconnect@44c00000/segment@200000/target-module@b000/i2c@0/eeprom@50' for 'wp' GPIO lookup
[   15.454682] of_get_named_gpiod_flags: can't parse 'wp-gpios' property of node '/ocp/interconnect@44c00000/segment@200000/target-module@b000/i2c@0/eeprom@50[0]'
[   15.454742] of_get_named_gpiod_flags: can't parse 'wp-gpio' property of node '/ocp/interconnect@44c00000/segment@200000/target-module@b000/i2c@0/eeprom@50[0]'
[   15.454788] at24 0-0050: using lookup tables for GPIO lookup
[   15.454804] at24 0-0050: No GPIO consumer wp found
[   15.455157] at24 0-0050: 32768 byte 24c256 EEPROM, writable, 1 bytes/write
[   15.936887] musb-hdrc musb-hdrc.1: MUSB HDRC host driver
[   15.942435] musb-hdrc musb-hdrc.1: new USB bus registered, assigned bus number 1
[   16.162327] usb usb1: New USB device found, idVendor=1d6b, idProduct=0002, bcdDevice= 6.14
[   16.170688] usb usb1: New USB device strings: Mfr=3, Product=2, SerialNumber=1
[   16.178026] usb usb1: Product: MUSB HDRC host driver
[   16.183052] usb usb1: Manufacturer: Linux 6.14.0-rc2-next-20250212 musb-hcd
[   16.190052] usb usb1: SerialNumber: musb-hdrc.1
[   16.264144] wkup_m3_ipc 44e11324.wkup_m3_ipc: IPC Request for A8->M3 Channel failed! -517
[   16.670425] hub 1-0:1.0: USB hub found
[   16.767716] hub 1-0:1.0: 1 port detected
[   16.808557] wkup_m3_ipc 44e11324.wkup_m3_ipc: IPC Request for A8->M3 Channel failed! -517
[   16.922266] wkup_m3_ipc 44e11324.wkup_m3_ipc: IPC Request for A8->M3 Channel failed! -517
[   17.555599] tda998x 0-0070: found TDA19988
[   17.623576] wkup_m3_ipc 44e11324.wkup_m3_ipc: IPC Request for A8->M3 Channel failed! -517
[   17.733670] omap-mailbox 480c8000.mailbox: omap mailbox rev 0x400
[   17.874055] remoteproc remoteproc0: powering up wkup_m3
[   18.165110] remoteproc remoteproc0: Direct firmware load for am335x-pm-firmware.elf failed with error -2
[   18.175041] remoteproc remoteproc0: request_firmware failed: -2
[   18.181004] wkup_m3_ipc 44e11324.wkup_m3_ipc: rproc_boot failed
[   19.424044] tilcdc 4830e000.lcdc: bound 0-0070 (ops 0xbf0a60f8)
[   19.534997] [drm] Initialized tilcdc 1.0.0 for 4830e000.lcdc on minor 0
[   19.629928] tilcdc 4830e000.lcdc: [drm] Cannot find any crtc or sizes
[   19.638150] tilcdc 4830e000.lcdc: [drm] Cannot find any crtc or sizes
[   19.925924] omap_rng 48310000.rng: Random Number Generator ver. 20
[   20.673749] PM: Cannot get wkup_m3_ipc handle
[   20.794547] omap-sham 53100000.sham: hw accel on OMAP rev 4.3
[   20.907381] omap-sham 53100000.sham: will run requests pump with realtime priority
[   20.916360] PM: Cannot get wkup_m3_ipc handle
[   21.075351] omap-aes 53500000.aes: OMAP AES hw accel rev: 3.2
[   21.215290] omap-aes 53500000.aes: will run requests pump with realtime priority
[   21.228378] PM: Cannot get wkup_m3_ipc handle
[   24.195322] Bluetooth: Core ver 2.22
[   24.199154] NET: Registered PF_BLUETOOTH protocol family
[   24.204738] Bluetooth: HCI device and connection manager initialized
[   24.211156] Bluetooth: HCI socket layer initialized
[   24.216135] Bluetooth: L2CAP socket layer initialized
[   24.221251] Bluetooth: SCO socket layer initialized
[   24.990842] PM: Cannot get wkup_m3_ipc handle
[   24.996845] asoc-simple-card sound: using DT '/sound' for 'simple-audio-card,hp-det' GPIO lookup
[   24.996920] of_get_named_gpiod_flags: can't parse 'simple-audio-card,hp-det-gpios' property of node '/sound[0]'
[   24.996956] of_get_named_gpiod_flags: can't parse 'simple-audio-card,hp-det-gpio' property of node '/sound[0]'
[   24.996980] asoc-simple-card sound: using lookup tables for GPIO lookup
[   24.996994] asoc-simple-card sound: No GPIO consumer simple-audio-card,hp-det found
[   24.997010] asoc-simple-card sound: using DT '/sound' for 'simple-audio-card,mic-det' GPIO lookup
[   24.997033] of_get_named_gpiod_flags: can't parse 'simple-audio-card,mic-det-gpios' property of node '/sound[0]'
[   24.997059] of_get_named_gpiod_flags: can't parse 'simple-audio-card,mic-det-gpio' property of node '/sound[0]'
[   24.997079] asoc-simple-card sound: using lookup tables for GPIO lookup
[   24.997090] asoc-simple-card sound: No GPIO consumer simple-audio-card,mic-det found
[   25.103456] PM: Cannot get wkup_m3_ipc handle
[   27.285651] userial_init: registered 8 ttyGS* devices
[   27.628039] rndis_register: configNr = 0
[   27.776647] udc musb-hdrc.0: binding gadget driver [g_multi]
[   27.776750] configfs-gadget.g_multi gadget.0: adding 'rndis'/5d68b342 to config 'c'/a8636b07
[   27.777886] configfs-gadget.g_multi gadget.0: HOST MAC 1c:ba:8c:a2:ed:6c
[   27.784890] configfs-gadget.g_multi gadget.0: MAC 1c:ba:8c:a2:ed:70
[   27.791250] rndis_set_param_medium: 0 0
[   27.791358] configfs-gadget.g_multi gadget.0: RNDIS: IN/ep1in OUT/ep1out NOTIFY/ep2in
[   27.791380] configfs-gadget.g_multi gadget.0: adding 'cdc_ethernet'/28cc6348 to config 'c'/a8636b07
[   27.792302] configfs-gadget.g_multi gadget.0: HOST MAC 1c:ba:8c:a2:ed:6c
[   27.799067] configfs-gadget.g_multi gadget.0: MAC 1c:ba:8c:a2:ed:6d
[   27.805505] configfs-gadget.g_multi gadget.0: CDC Ethernet: IN/ep3in OUT/ep2out NOTIFY/ep4in
[   27.805526] configfs-gadget.g_multi gadget.0: adding 'acm'/e22cfd61 to config 'c'/a8636b07
[   27.805563] configfs-gadget.g_multi gadget.0: acm ttyGS0: IN/ep5in OUT/ep3out NOTIFY/ep6in
[   27.807388] PM: Cannot get wkup_m3_ipc handle
[   29.125319] configfs-gadget.g_multi gadget.0: eth_open
[   30.052497] configfs-gadget.g_multi gadget.0: stop stats: rx/tx 0/0, errs 0/0
[   34.429597] gs_open: ttyGS0 (ffe346ff,c4493a69)
[   34.429752] gs_close: ttyGS0 (ffe346ff,c4493a69) ...
[   34.429774] gs_close: ttyGS0 (ffe346ff,c4493a69) done!
[   34.450444] gs_open: ttyGS0 (5e940fed,73aa7376)
[   34.450592] gs_close: ttyGS0 (5e940fed,73aa7376) ...
[   34.450615] gs_close: ttyGS0 (5e940fed,73aa7376) done!
[   34.613521] gs_open: ttyGS0 (41ee8c85,e38880aa)
[   34.613991] gs_close: ttyGS0 (41ee8c85,e38880aa) ...
[   34.614027] gs_close: ttyGS0 (41ee8c85,e38880aa) done!
[   34.618571] gs_open: ttyGS0 (41ee8c85,73aa7376)
UJKZMEVLLT 0
root@arm:~# echo 'LZKJ''VWTLCC'
LZKJVWTLCC
root@arm:~# MARKER='LAOT''LGVGHX' run 'modprobe test_linear_ranges'
LAOTLGVGHXLAOTLGVGHX 0
root@arm:~# echo 'KKHE''BNQAOZ'
KKHEBNQAOZ
root@arm:~# MARKER='LLYA''VCAULM' run dmesg
LLYAVCAULM[    0.000000] Booting Linux on physical CPU 0x0
[    0.000000] Linux version 6.14.0-rc2-next-20250212 (user01@drvtest01) (arm-none-eabi-gcc (Arm GNU Toolchain 14.2.Rel1 (Build arm-14.52)) 14.2.1 20241119, GNU ld (Arm GNU Toolchain 14.2.Rel1 (Build arm-14.52)) 2.43.1.20241119) #1 SMP Wed Feb 12 08:05:23 EET 2025
[    0.000000] CPU: ARMv7 Processor [413fc082] revision 2 (ARMv7), cr=10c5387d
[    0.000000] CPU: PIPT / VIPT nonaliasing data cache, VIPT aliasing instruction cache
[    0.000000] OF: fdt: Machine model: TI AM335x BeagleBone Black
[    0.000000] Memory policy: Data cache writeback
[    0.000000] cma: Reserved 16 MiB at 0x00000000
[    0.000000] Zone ranges:
[    0.000000]   Normal   [mem 0x0000000080000000-0x000000009fdfffff]
[    0.000000]   HighMem  empty
[    0.000000] Movable zone start for each node
[    0.000000] Early memory node ranges
[    0.000000]   node   0: [mem 0x0000000080000000-0x000000009fdfffff]
[    0.000000] Initmem setup node 0 [mem 0x0000000080000000-0x000000009fdfffff]
[    0.000000] OF: reserved mem: Reserved memory: No reserved-memory node in the DT
[    0.000000] CPU: All CPU(s) started in SVC mode.
[    0.000000] AM335X ES2.1 (sgx neon)
[    0.000000] percpu: Embedded 17 pages/cpu s39628 r8192 d21812 u69632
[    0.000000] pcpu-alloc: s39628 r8192 d21812 u69632 alloc=17*4096
[    0.000000] pcpu-alloc: [0] 0 
[    0.000000] Kernel command line: console=ttyO0,115200n8 root=/dev/nfs rw nfsroot=192.168.255.126:/home/user01/nfs,nfsvers=3 ip=192.168.255.1:192.168.255.126::255.255.255.0:bbb1:eth0 nfsrootdebug
[    0.000000] Unknown kernel command line parameters "nfsrootdebug", will be passed to user space.
[    0.000000] printk: log buffer data + meta data: 65536 + 204800 = 270336 bytes
[    0.000000] Dentry cache hash table entries: 65536 (order: 6, 262144 bytes, linear)
[    0.000000] Inode-cache hash table entries: 32768 (order: 5, 131072 bytes, linear)
[    0.000000] Built 1 zonelists, mobility grouping on.  Total pages: 130560
[    0.000000] mem auto-init: stack:off, heap alloc:off, heap free:off
[    0.000000] SLUB: HWalign=16, Order=0-3, MinObjects=0, CPUs=1, Nodes=1
[    0.000000] rcu: Hierarchical RCU implementation.
[    0.000000] rcu: 	RCU event tracing is enabled.
[    0.000000] rcu: 	RCU restricting CPUs from NR_CPUS=2 to nr_cpu_ids=1.
[    0.000000] 	Tracing variant of Tasks RCU enabled.
[    0.000000] rcu: RCU calculated value of scheduler-enlistment delay is 10 jiffies.
[    0.000000] rcu: Adjusting geometry for rcu_fanout_leaf=16, nr_cpu_ids=1
[    0.000000] RCU Tasks Trace: Setting shift to 0 and lim to 1 rcu_task_cb_adjust=1 rcu_task_cpu_ids=1.
[    0.000000] NR_IRQS: 16, nr_irqs: 16, preallocated irqs: 16
[    0.000000] IRQ: Found an INTC at 0x(ptrval) (revision 5.0) with 128 interrupts
[    0.000000] rcu: srcu_init: Setting srcu_struct sizes based on contention.
[    0.000000] TI gptimer clocksource: always-on /ocp/interconnect@44c00000/segment@200000/target-module@31000
[    0.000003] sched_clock: 32 bits at 24MHz, resolution 41ns, wraps every 89478484971ns
[    0.000026] clocksource: dmtimer: mask: 0xffffffff max_cycles: 0xffffffff, max_idle_ns: 79635851949 ns
[    0.000498] TI gptimer clockevent: 24000000 Hz at /ocp/interconnect@48000000/segment@0/target-module@40000
[    0.002131] Console: colour dummy device 80x30
[    0.002197] WARNING: Your 'console=ttyO0' has been replaced by 'ttyS0'
[    0.002205] This ensures that you still see kernel messages. Please
[    0.002210] update your kernel commandline.
[    0.002248] Calibrating delay loop... 996.14 BogoMIPS (lpj=4980736)
[    0.090544] CPU: Testing write buffer coherency: ok
[    0.090652] CPU0: Spectre v2: using BPIALL workaround
[    0.090663] pid_max: default: 32768 minimum: 301
[    0.090829] LSM: initializing lsm=capability
[    0.090998] Mount-cache hash table entries: 1024 (order: 0, 4096 bytes, linear)
[    0.091016] Mountpoint-cache hash table entries: 1024 (order: 0, 4096 bytes, linear)
[    0.092598] CPU0: thread -1, cpu 0, socket -1, mpidr 0
[    0.092656] cacheinfo: Unable to detect cache hierarchy for CPU 0
[    0.160732] Setting up static identity map for 0x80100000 - 0x80100078
[    0.170689] rcu: Hierarchical SRCU implementation.
[    0.170700] rcu: 	Max phase no-delay instances is 1000.
[    0.190741] smp: Bringing up secondary CPUs ...
[    0.190791] smp: Brought up 1 node, 1 CPU
[    0.190806] SMP: Total of 1 processors activated (996.14 BogoMIPS).
[    0.190818] CPU: All CPU(s) started in SVC mode.
[    0.190988] Memory: 480848K/522240K available (11264K kernel code, 1212K rwdata, 2896K rodata, 1024K init, 290K bss, 23380K reserved, 16384K cma-reserved, 0K highmem)
[    0.191827] devtmpfs: initialized
[    0.208429] VFP support v0.3: implementor 41 architecture 3 part 30 variant c rev 3
[    0.209049] clocksource: jiffies: mask: 0xffffffff max_cycles: 0xffffffff, max_idle_ns: 19112604462750000 ns
[    0.209092] futex hash table entries: 256 (order: 2, 16384 bytes, linear)
[    0.210200] pinctrl core: initialized pinctrl subsystem
[    0.213103] NET: Registered PF_NETLINK/PF_ROUTE protocol family
[    0.215864] DMA: preallocated 256 KiB pool for atomic coherent allocations
[    0.216764] audit: initializing netlink subsys (disabled)
[    0.218094] thermal_sys: Registered thermal governor 'fair_share'
[    0.218109] thermal_sys: Registered thermal governor 'step_wise'
[    0.218117] thermal_sys: Registered thermal governor 'user_space'
[    0.218259] audit: type=2000 audit(0.210:1): state=initialized audit_enabled=0 res=1
[    0.218295] cpuidle: using governor menu
[    0.236333] /ocp/interconnect@44c00000/segment@200000/target-module@b000/i2c@0/tda19988@70: Fixed dependency cycle(s) with /ocp/interconnect@48000000/segment@300000/target-module@e000/lcdc@0
[    0.237474] /ocp/interconnect@48000000/segment@300000/target-module@e000/lcdc@0: Fixed dependency cycle(s) with /ocp/interconnect@44c00000/segment@200000/target-module@b000/i2c@0/tda19988@70
[    0.239639] No ATAGs?
[    0.239681] hw-breakpoint: debug architecture 0x4 unsupported.
[    0.242541] kprobes: kprobe jump-optimization is enabled. All kprobes are optimized if possible.
[    0.254182] iommu: Default domain type: Translated
[    0.254204] iommu: DMA domain TLB invalidation policy: strict mode
[    0.261453] reg-fixed-voltage fixedregulator0: using DT '/fixedregulator0' for '(default)' GPIO lookup
[    0.261508] of_get_named_gpiod_flags: can't parse 'gpios' property of node '/fixedregulator0[0]'
[    0.261538] of_get_named_gpiod_flags: can't parse 'gpio' property of node '/fixedregulator0[0]'
[    0.261555] reg-fixed-voltage fixedregulator0: using lookup tables for GPIO lookup
[    0.261565] reg-fixed-voltage fixedregulator0: No GPIO consumer (default) found
[    0.262579] SCSI subsystem initialized
[    0.263060] libata version 3.00 loaded.
[    0.263415] pps_core: LinuxPPS API ver. 1 registered
[    0.263426] pps_core: Software ver. 5.3.6 - Copyright 2005-2007 Rodolfo Giometti <giometti@linux.it>
[    0.263450] PTP clock support registered
[    0.270945] vgaarb: loaded
[    0.271295] clocksource: Switched to clocksource dmtimer
[    0.271953] VFS: Disk quotas dquot_6.6.0
[    0.272009] VFS: Dquot-cache hash table entries: 1024 (order 0, 4096 bytes)
[    0.295764] NET: Registered PF_INET protocol family
[    0.296115] IP idents hash table entries: 8192 (order: 4, 65536 bytes, linear)
[    0.297543] tcp_listen_portaddr_hash hash table entries: 512 (order: 0, 4096 bytes, linear)
[    0.297582] Table-perturb hash table entries: 65536 (order: 6, 262144 bytes, linear)
[    0.297600] TCP established hash table entries: 4096 (order: 2, 16384 bytes, linear)
[    0.297645] TCP bind hash table entries: 4096 (order: 4, 65536 bytes, linear)
[    0.297745] TCP: Hash tables configured (established 4096 bind 4096)
[    0.297865] UDP hash table entries: 256 (order: 1, 14336 bytes, linear)
[    0.297900] UDP-Lite hash table entries: 256 (order: 1, 14336 bytes, linear)
[    0.298089] NET: Registered PF_UNIX/PF_LOCAL protocol family
[    0.302124] RPC: Registered named UNIX socket transport module.
[    0.302146] RPC: Registered udp transport module.
[    0.302152] RPC: Registered tcp transport module.
[    0.302156] RPC: Registered tcp-with-tls transport module.
[    0.302162] RPC: Registered tcp NFSv4.1 backchannel transport module.
[    0.302187] PCI: CLS 0 bytes, default 64
[    0.303568] Initialise system trusted keyrings
[    0.312096] workingset: timestamp_bits=14 max_order=17 bucket_order=3
[    0.313433] NFS: Registering the id_resolver key type
[    0.313524] Key type id_resolver registered
[    0.313531] Key type id_legacy registered
[    0.313638] jffs2: version 2.2. (NAND) (SUMMARY)  Â© 2001-2006 Red Hat, Inc.
[    0.314048] Key type asymmetric registered
[    0.314064] Asymmetric key parser 'x509' registered
[    0.314128] io scheduler mq-deadline registered
[    0.314139] io scheduler kyber registered
[    0.314211] io scheduler bfq registered
[    0.315774] ledtrig-cpu: registered to indicate activity on CPUs
[    0.321639] Serial: 8250/16550 driver, 6 ports, IRQ sharing enabled
[    0.358894] brd: module loaded
[    0.387011] loop: module loaded
[    0.387914] mtdoops: mtd device (mtddev=name/number) must be supplied
[    0.389613] mdio_bus fixed-0: using lookup tables for GPIO lookup
[    0.389634] mdio_bus fixed-0: No GPIO consumer reset found
[    0.390973] i2c_dev: i2c /dev entries driver
[    0.392100] cpuidle: enable-method property 'ti,am3352' found operations
[    0.392543] sdhci: Secure Digital Host Controller Interface driver
[    0.392552] sdhci: Copyright(c) Pierre Ossman
[    0.392731] sdhci-pltfm: SDHCI platform and OF driver helper
[    0.393732] Initializing XFRM netlink socket
[    0.393898] NET: Registered PF_INET6 protocol family
[    0.395884] Segment Routing with IPv6
[    0.395969] In-situ OAM (IOAM) with IPv6
[    0.396069] sit: IPv6, IPv4 and MPLS over IPv4 tunneling driver
[    0.396985] NET: Registered PF_PACKET protocol family
[    0.397017] NET: Registered PF_KEY protocol family
[    0.397129] Key type dns_resolver registered
[    0.397352] ThumbEE CPU extension supported.
[    0.397370] Registering SWP/SWPB emulation handler
[    0.397909] omap_voltage_late_init: Voltage driver support not added
[    0.398269] SmartReflex Class3 initialized
[    0.428785] Loading compiled-in X.509 certificates
[    0.475488] /ocp/interconnect@44c00000/segment@200000/target-module@b000/i2c@0/tda19988@70: Fixed dependency cycle(s) with /ocp/interconnect@48000000/segment@300000/target-module@e000/lcdc@0
[    0.481945] /ocp/interconnect@44c00000/segment@200000/target-module@b000/i2c@0/tda19988@70: Fixed dependency cycle(s) with /ocp/interconnect@48000000/segment@300000/target-module@e000/lcdc@0
[    0.487443] gpiochip_find_base_unlocked: found new base at 512
[    0.502201] /ocp/interconnect@44c00000/segment@200000/target-module@b000/i2c@0/tda19988@70: Fixed dependency cycle(s) with /ocp/interconnect@48000000/segment@300000/target-module@e000/lcdc@0
[    0.503113] /ocp/interconnect@44c00000/segment@200000/target-module@b000/i2c@0/tda19988@70: Fixed dependency cycle(s) with /ocp/interconnect@48000000/segment@300000/target-module@e000/lcdc@0
[    0.506531] /ocp/interconnect@44c00000/segment@200000/target-module@10000/scm@0/pinmux@800: Fixed dependency cycle(s) with /ocp/interconnect@44c00000/segment@200000/target-module@10000/scm@0/pinmux@800/clkout2-pins
[    0.507125] pinctrl-single 44e10800.pinmux: 142 pins, size 568
[    0.512496] ti-sysc 44e31000.target-module: probe with driver ti-sysc failed with error -16
[    0.548082] /ocp/interconnect@48000000/segment@300000/target-module@e000/lcdc@0: Fixed dependency cycle(s) with /ocp/interconnect@44c00000/segment@200000/target-module@b000/i2c@0/tda19988@70
[    0.556305] ti-sysc 48040000.target-module: probe with driver ti-sysc failed with error -16
[    0.567818] gpiochip_find_base_unlocked: found new base at 512
[    0.567916] gpio gpiochip0: (gpio-0-31): created GPIO range 0->7 ==> 44e10800.pinmux PIN 0->7
[    0.567936] gpio gpiochip0: (gpio-0-31): created GPIO range 8->11 ==> 44e10800.pinmux PIN 90->93
[    0.567952] gpio gpiochip0: (gpio-0-31): created GPIO range 12->27 ==> 44e10800.pinmux PIN 12->27
[    0.567968] gpio gpiochip0: (gpio-0-31): created GPIO range 28->31 ==> 44e10800.pinmux PIN 30->33
[    0.604116] gpio gpiochip0: (gpio-0-31): added GPIO chardev (254:0)
[    0.604284] gpio gpiochip0: registered GPIOs 512 to 543 on gpio-0-31
[    0.604369] OMAP GPIO hardware version 0.1
[    0.638641] i2c i2c-2: using DT '/ocp/interconnect@48000000/segment@100000/target-module@9c000/i2c@0' for 'scl' GPIO lookup
[    0.638716] of_get_named_gpiod_flags: can't parse 'scl-gpios' property of node '/ocp/interconnect@48000000/segment@100000/target-module@9c000/i2c@0[0]'
[    0.638759] of_get_named_gpiod_flags: can't parse 'scl-gpio' property of node '/ocp/interconnect@48000000/segment@100000/target-module@9c000/i2c@0[0]'
[    0.638793] i2c i2c-2: using lookup tables for GPIO lookup
[    0.638803] i2c i2c-2: No GPIO consumer scl found
[    0.638825] i2c i2c-2: using DT '/ocp/interconnect@48000000/segment@100000/target-module@9c000/i2c@0' for 'sda' GPIO lookup
[    0.638859] of_get_named_gpiod_flags: can't parse 'sda-gpios' property of node '/ocp/interconnect@48000000/segment@100000/target-module@9c000/i2c@0[0]'
[    0.638896] of_get_named_gpiod_flags: can't parse 'sda-gpio' property of node '/ocp/interconnect@48000000/segment@100000/target-module@9c000/i2c@0[0]'
[    0.638926] i2c i2c-2: using lookup tables for GPIO lookup
[    0.638935] i2c i2c-2: No GPIO consumer sda found
[    0.639624] omap_i2c 4819c000.i2c: bus 2 rev0.11 at 100 kHz
[    0.645357] gpiochip_find_base_unlocked: found new base at 544
[    0.645455] gpio gpiochip1: (gpio-32-63): created GPIO range 0->17 ==> 44e10800.pinmux PIN 34->51
[    0.645474] gpio gpiochip1: (gpio-32-63): created GPIO range 18->21 ==> 44e10800.pinmux PIN 77->80
[    0.645491] gpio gpiochip1: (gpio-32-63): created GPIO range 22->31 ==> 44e10800.pinmux PIN 56->65
[    0.660603] gpio gpiochip1: (gpio-32-63): added GPIO chardev (254:1)
[    0.660784] gpio gpiochip1: registered GPIOs 544 to 575 on gpio-32-63
[    0.663165] gpiochip_find_base_unlocked: found new base at 576
[    0.663254] gpio gpiochip2: (gpio-64-95): created GPIO range 0->4 ==> 44e10800.pinmux PIN 66->70
[    0.663274] gpio gpiochip2: (gpio-64-95): created GPIO range 5->6 ==> 44e10800.pinmux PIN 98->99
[    0.663289] gpio gpiochip2: (gpio-64-95): created GPIO range 7->8 ==> 44e10800.pinmux PIN 75->76
[    0.663305] gpio gpiochip2: (gpio-64-95): created GPIO range 13->13 ==> 44e10800.pinmux PIN 141->141
[    0.663321] gpio gpiochip2: (gpio-64-95): created GPIO range 14->21 ==> 44e10800.pinmux PIN 100->107
[    0.664035] gpio gpiochip2: (gpio-64-95): added GPIO chardev (254:2)
[    0.664170] gpio gpiochip2: registered GPIOs 576 to 607 on gpio-64-95
[    0.669597] 48000000.interconnect:segment@200000:target-module@0:mpu@0:fck: device ID is greater than 24
[    0.670466] /ocp/interconnect@48000000/segment@300000/target-module@e000/lcdc@0: Fixed dependency cycle(s) with /ocp/interconnect@44c00000/segment@200000/target-module@b000/i2c@0/tda19988@70
[    0.673581] /ocp/interconnect@48000000/segment@300000/target-module@e000/lcdc@0: Fixed dependency cycle(s) with /ocp/interconnect@44c00000/segment@200000/target-module@b000/i2c@0/tda19988@70
[    0.674285] /ocp/interconnect@44c00000/segment@200000/target-module@b000/i2c@0/tda19988@70: Fixed dependency cycle(s) with /ocp/interconnect@48000000/segment@300000/target-module@e000/lcdc@0
[    0.674461] /ocp/interconnect@48000000/segment@300000/target-module@e000/lcdc@0: Fixed dependency cycle(s) with /ocp/interconnect@44c00000/segment@200000/target-module@b000/i2c@0/tda19988@70
[    0.683991] mdio_bus 4a101000.mdio: using DT '/ocp/interconnect@4a000000/segment@0/target-module@100000/switch@0/mdio@1000' for 'reset' GPIO lookup
[    0.684062] of_get_named_gpiod_flags: can't parse 'reset-gpios' property of node '/ocp/interconnect@4a000000/segment@0/target-module@100000/switch@0/mdio@1000[0]'
[    0.684107] of_get_named_gpiod_flags: can't parse 'reset-gpio' property of node '/ocp/interconnect@4a000000/segment@0/target-module@100000/switch@0/mdio@1000[0]'
[    0.684152] mdio_bus 4a101000.mdio: using lookup tables for GPIO lookup
[    0.684162] mdio_bus 4a101000.mdio: No GPIO consumer reset found
[    0.685396] sdhci-omap 481d8000.mmc: using DT '/ocp/interconnect@48000000/segment@100000/target-module@d8000/mmc@0' for 'wp' GPIO lookup
[    0.685460] of_get_named_gpiod_flags: can't parse 'wp-gpios' property of node '/ocp/interconnect@48000000/segment@100000/target-module@d8000/mmc@0[0]'
[    0.685503] of_get_named_gpiod_flags: can't parse 'wp-gpio' property of node '/ocp/interconnect@48000000/segment@100000/target-module@d8000/mmc@0[0]'
[    0.685537] sdhci-omap 481d8000.mmc: using lookup tables for GPIO lookup
[    0.685547] sdhci-omap 481d8000.mmc: No GPIO consumer wp found
[    0.685739] sdhci-omap 481d8000.mmc: supply pbias not found, using dummy regulator
[    0.686239] sdhci-omap 481d8000.mmc: supply vqmmc not found, using dummy regulator
[    0.742738] davinci_mdio 4a101000.mdio: davinci mdio revision 1.6, bus freq 1000000
[    0.764624] mdio_bus 4a101000.mdio:00: using DT '/ocp/interconnect@4a000000/segment@0/target-module@100000/switch@0/mdio@1000/ethernet-phy@0' for 'reset' GPIO lookup
[    0.764722] of_get_named_gpiod_flags: parsed 'reset-gpios' property of node '/ocp/interconnect@4a000000/segment@0/target-module@100000/switch@0/mdio@1000/ethernet-phy@0[0]' - status (0)
[    0.764890] gpio gpiochip0: Persistence not supported for GPIO 8
[    0.908305] davinci_mdio 4a101000.mdio: phy[0]: device 4a101000.mdio:00, driver SMSC LAN8710/LAN8720
[    0.909102] cpsw-switch 4a100000.switch: initialized cpsw ale version 1.4
[    0.909127] cpsw-switch 4a100000.switch: ALE Table size 1024, Policers 0
[    0.909260] cpsw-switch 4a100000.switch: cpts: overflow check period 500 (jiffies)
[    0.909278] cpsw-switch 4a100000.switch: CPTS: ref_clk_freq:250000000 calc_mult:2147483648 calc_shift:29 error:0 nsec/sec
[    0.909382] cpsw-switch 4a100000.switch: Detected MACID = 6c:ec:eb:68:de:78
[    0.911150] cpsw-switch 4a100000.switch: initialized (regs 0x4a100000, pool size 256) hw_ver:0019010C 1.12 (0)
[    0.922029] debugfs: Directory '49000000.dma' with parent 'dmaengine' already present!
[    0.922070] edma 49000000.dma: TI EDMA DMA engine driver
[    0.955089] target-module@4b000000:target-module@140000:pmu@0:fck: device ID is greater than 24
[    0.965953] hw perfevents: enabled with armv7_cortex_a8 PMU driver, 5 (8000000f) counters available
[    0.966896] gpio-clk clk_mcasp0: using DT '/clk_mcasp0' for 'enable' GPIO lookup
[    0.966965] of_get_named_gpiod_flags: parsed 'enable-gpios' property of node '/clk_mcasp0[0]' - status (0)
[    0.967009] gpio gpiochip0: Persistence not supported for GPIO 27
[    0.967827] gpiochip_find_base_unlocked: found new base at 608
[    0.967937] gpio gpiochip3: (gpio-96-127): created GPIO range 0->7 ==> 44e10800.pinmux PIN 82->89
[    0.967956] gpio gpiochip3: (gpio-96-127): created GPIO range 8->11 ==> 44e10800.pinmux PIN 52->55
[    0.967972] gpio gpiochip3: (gpio-96-127): created GPIO range 12->15 ==> 44e10800.pinmux PIN 94->97
[    0.967988] gpio gpiochip3: (gpio-96-127): created GPIO range 16->17 ==> 44e10800.pinmux PIN 71->72
[    0.968005] gpio gpiochip3: (gpio-96-127): created GPIO range 18->18 ==> 44e10800.pinmux PIN 135->135
[    0.968022] gpio gpiochip3: (gpio-96-127): created GPIO range 19->20 ==> 44e10800.pinmux PIN 108->109
[    0.968039] gpio gpiochip3: (gpio-96-127): created GPIO range 21->21 ==> 44e10800.pinmux PIN 73->73
[    0.968075] gpio gpiochip3: (gpio-96-127): created GPIO range 22->23 ==> 44e10800.pinmux PIN 8->9
[    0.968093] gpio gpiochip3: (gpio-96-127): created GPIO range 26->27 ==> 44e10800.pinmux PIN 10->11
[    0.968111] gpio gpiochip3: (gpio-96-127): created GPIO range 28->28 ==> 44e10800.pinmux PIN 74->74
[    0.968129] gpio gpiochip3: (gpio-96-127): created GPIO range 29->29 ==> 44e10800.pinmux PIN 81->81
[    0.968147] gpio gpiochip3: (gpio-96-127): created GPIO range 30->31 ==> 44e10800.pinmux PIN 28->29
[    0.973700] l3-aon-clkctrl:0000:0: failed to disable
[    0.984928] gpio gpiochip3: (gpio-96-127): added GPIO chardev (254:3)
[    0.985076] gpio gpiochip3: registered GPIOs 608 to 639 on gpio-96-127
[    0.986827] omap8250 44e09000.serial: using DT '/ocp/interconnect@44c00000/segment@200000/target-module@9000/serial@0' for 'rs485-term' GPIO lookup
[    0.986896] of_get_named_gpiod_flags: can't parse 'rs485-term-gpios' property of node '/ocp/interconnect@44c00000/segment@200000/target-module@9000/serial@0[0]'
[    0.986940] of_get_named_gpiod_flags: can't parse 'rs485-term-gpio' property of node '/ocp/interconnect@44c00000/segment@200000/target-module@9000/serial@0[0]'
[    0.986976] omap8250 44e09000.serial: using lookup tables for GPIO lookup
[    0.986987] omap8250 44e09000.serial: No GPIO consumer rs485-term found
[    0.986997] omap8250 44e09000.serial: using DT '/ocp/interconnect@44c00000/segment@200000/target-module@9000/serial@0' for 'rs485-rx-during-tx' GPIO lookup
[    0.987032] of_get_named_gpiod_flags: can't parse 'rs485-rx-during-tx-gpios' property of node '/ocp/interconnect@44c00000/segment@200000/target-module@9000/serial@0[0]'
[    0.987069] of_get_named_gpiod_flags: can't parse 'rs485-rx-during-tx-gpio' property of node '/ocp/interconnect@44c00000/segment@200000/target-module@9000/serial@0[0]'
[    0.987100] omap8250 44e09000.serial: using lookup tables for GPIO lookup
[    0.987108] omap8250 44e09000.serial: No GPIO consumer rs485-rx-during-tx found
[    0.987504] 44e09000.serial: ttyS0 at MMIO 0x44e09000 (irq = 34, base_baud = 3000000) is a 8250
[    0.987594] printk: legacy console [ttyS0] enabled
[    2.442874] i2c i2c-0: using DT '/ocp/interconnect@44c00000/segment@200000/target-module@b000/i2c@0' for 'scl' GPIO lookup
[    2.442970] of_get_named_gpiod_flags: can't parse 'scl-gpios' property of node '/ocp/interconnect@44c00000/segment@200000/target-module@b000/i2c@0[0]'
[    2.443017] of_get_named_gpiod_flags: can't parse 'scl-gpio' property of node '/ocp/interconnect@44c00000/segment@200000/target-module@b000/i2c@0[0]'
[    2.443058] i2c i2c-0: using lookup tables for GPIO lookup
[    2.443071] i2c i2c-0: No GPIO consumer scl found
[    2.443096] i2c i2c-0: using DT '/ocp/interconnect@44c00000/segment@200000/target-module@b000/i2c@0' for 'sda' GPIO lookup
[    2.443136] of_get_named_gpiod_flags: can't parse 'sda-gpios' property of node '/ocp/interconnect@44c00000/segment@200000/target-module@b000/i2c@0[0]'
[    2.443176] of_get_named_gpiod_flags: can't parse 'sda-gpio' property of node '/ocp/interconnect@44c00000/segment@200000/target-module@b000/i2c@0[0]'
[    2.443211] i2c i2c-0: using lookup tables for GPIO lookup
[    2.443222] i2c i2c-0: No GPIO consumer sda found
[    2.462256] tps65217-pmic: Failed to locate of_node [id: -1]
[    2.468298] tps65217-bl: Failed to locate of_node [id: -1]
[    2.479597] tps65217 0-0024: TPS65217 ID 0xe version 1.2
[    2.485733] /ocp/interconnect@48000000/segment@300000/target-module@e000/lcdc@0: Fixed dependency cycle(s) with /ocp/interconnect@44c00000/segment@200000/target-module@b000/i2c@0/tda19988@70
[    2.503110] /ocp/interconnect@44c00000/segment@200000/target-module@b000/i2c@0/tda19988@70: Fixed dependency cycle(s) with /ocp/interconnect@48000000/segment@300000/target-module@e000/lcdc@0
[    2.520461] omap_i2c 44e0b000.i2c: bus 0 rev0.11 at 400 kHz
[    2.528243] sdhci-omap 48060000.mmc: using DT '/ocp/interconnect@48000000/segment@0/target-module@60000/mmc@0' for 'cd' GPIO lookup
[    2.528349] of_get_named_gpiod_flags: parsed 'cd-gpios' property of node '/ocp/interconnect@48000000/segment@0/target-module@60000/mmc@0[0]' - status (0)
[    2.528414] gpio gpiochip3: Persistence not supported for GPIO 6
[    2.528439] omap_gpio 44e07000.gpio: Could not set line 6 debounce to 200000 microseconds (-22)
[    2.537330] sdhci-omap 48060000.mmc: Got CD GPIO
[    2.542013] sdhci-omap 48060000.mmc: using DT '/ocp/interconnect@48000000/segment@0/target-module@60000/mmc@0' for 'wp' GPIO lookup
[    2.542060] of_get_named_gpiod_flags: can't parse 'wp-gpios' property of node '/ocp/interconnect@48000000/segment@0/target-module@60000/mmc@0[0]'
[    2.542102] of_get_named_gpiod_flags: can't parse 'wp-gpio' property of node '/ocp/interconnect@48000000/segment@0/target-module@60000/mmc@0[0]'
[    2.542140] sdhci-omap 48060000.mmc: using lookup tables for GPIO lookup
[    2.542155] sdhci-omap 48060000.mmc: No GPIO consumer wp found
[    2.542364] sdhci-omap 48060000.mmc: supply pbias not found, using dummy regulator
[    2.551060] sdhci-omap 481d8000.mmc: using DT '/ocp/interconnect@48000000/segment@100000/target-module@d8000/mmc@0' for 'wp' GPIO lookup
[    2.551135] of_get_named_gpiod_flags: can't parse 'wp-gpios' property of node '/ocp/interconnect@48000000/segment@100000/target-module@d8000/mmc@0[0]'
[    2.551184] of_get_named_gpiod_flags: can't parse 'wp-gpio' property of node '/ocp/interconnect@48000000/segment@100000/target-module@d8000/mmc@0[0]'
[    2.551223] sdhci-omap 481d8000.mmc: using lookup tables for GPIO lookup
[    2.551236] sdhci-omap 481d8000.mmc: No GPIO consumer wp found
[    2.552650] sdhci-omap 48060000.mmc: supply vqmmc not found, using dummy regulator
[    2.561630] sdhci-omap 481d8000.mmc: supply pbias not found, using dummy regulator
[    2.569632] sdhci-omap 481d8000.mmc: supply vqmmc not found, using dummy regulator
[    2.607905] mmc1: SDHCI controller on 481d8000.mmc [481d8000.mmc] using External DMA
[    2.617117] mmc0: SDHCI controller on 48060000.mmc [48060000.mmc] using External DMA
[    2.625893] cpsw-switch 4a100000.switch: starting ndev. mode: dual_mac
[    2.670591] mmc0: new high speed SDHC card at address 5048
[    2.677638] mmcblk0: mmc0:5048 SD16G 14.4 GiB
[    2.685670]  mmcblk0: p1 p2
[    2.689040] mmcblk0: p2 size 31221760 extends beyond EOD, truncated
[    2.702547] SMSC LAN8710/LAN8720 4a101000.mdio:00: attached PHY driver (mii_bus:phy_addr=4a101000.mdio:00, irq=POLL)
[    2.715101] mmc1: new high speed MMC card at address 0001
[    2.722048] mmcblk1: mmc1:0001 MMC04G 3.60 GiB
[    2.733545]  mmcblk1: p1 p2
[    2.737768] mmcblk1boot0: mmc1:0001 MMC04G 2.00 MiB
[    2.745113] mmcblk1boot1: mmc1:0001 MMC04G 2.00 MiB
[    2.752470] mmcblk1rpmb: mmc1:0001 MMC04G 128 KiB, chardev (250:0)
[    5.842082] cpsw-switch 4a100000.switch eth0: Link is Up - 100Mbps/Full - flow control off
[    5.881548] IP-Config: Complete:
[    5.884828]      device=eth0, hwaddr=6c:ec:eb:68:de:78, ipaddr=192.168.255.1, mask=255.255.255.0, gw=255.255.255.255
[    5.895503]      host=bbb1, domain=, nis-domain=(none)
[    5.900673]      bootserver=192.168.255.126, rootserver=192.168.255.126, rootpath=
[    5.901089] clk: Disabling unused clocks
[    5.912956] PM: genpd: Disabling unused power domains
[    5.918074] KTAP version 1
[    5.920795] 1..0
[    5.945051] VFS: Mounted root (nfs filesystem) on device 0:17.
[    5.951882] devtmpfs: mounted
[    5.956359] Freeing unused kernel image (initmem) memory: 1024K
[    5.963277] Run /sbin/init as init process
[    5.967414]   with arguments:
[    5.967426]     /sbin/init
[    5.967436]     nfsrootdebug
[    5.967445]   with environment:
[    5.967454]     HOME=/
[    5.967463]     TERM=linux
[    6.651706] systemd[1]: System time before build time, advancing clock.
[    8.111319] random: crng init done
[    8.151708] systemd[1]: systemd 232 running in system mode. (+PAM +AUDIT +SELINUX +IMA +APPARMOR +SMACK +SYSVINIT +UTMP +LIBCRYPTSETUP +GCRYPT +GNUTLS +ACL +XZ +LZ4 +SECCOMP +BLKID +ELFUTILS +KMOD +IDN)
[    8.170611] systemd[1]: Detected architecture arm.
[    8.204401] systemd[1]: Set hostname to <arm>.
[    9.297784] systemd[1]: Listening on Journal Audit Socket.
[    9.323340] systemd[1]: Listening on /dev/initctl Compatibility Named Pipe.
[    9.352924] systemd[1]: Created slice System Slice.
[    9.411912] systemd[1]: Mounting POSIX Message Queue File System...
