Labgrid Console Logfile for main
Logfile started at 2025-07-16 15:31:25.741873
=== Log starts here ===
reading args
spl_load_image_fat_os: error reading image args, err - -1
reading u-boot.img
reading u-boot.img


U-Boot 2014.04-00014-g47880f5 (Apr 22 2014 - 13:23:54)

I2C:   ready
DRAM:  512 MiB
NAND:  0 MiB
MMC:   OMAP SD/MMC: 0, OMAP SD/MMC: 1
*** Warning - readenv() failed, using default environment

Net:   <ethaddr> not set. Validating first E-fuse MAC
cpsw, usb_ether
Hit any key to stop autoboot:  1  0 
gpio: pin 53 (gpio 53) value is 1
mmc0 is current device
gpio: pin 54 (gpio 54) value is 1
SD/MMC found on device 0
reading uEnv.txt
569 bytes read in 4 ms (138.7 KiB/s)
gpio: pin 55 (gpio 55) value is 1
Loaded environment from uEnv.txt
Importing environment from mmc ...
Checking if uenvcmd is set ...
gpio: pin 56 (gpio 56) value is 1
Running uenvcmd ...
cpsw Waiting for PHY auto negotiation to complete. done
link up on port 0, speed 100, full duplex
Using cpsw device
TFTP from server 192.168.255.126; our IP address is 192.168.255.1
Filename 'zImage'.
Load address: 0x81000000
Loading: *#################################################################
	 #################################################################
	 #################################################################
	 #################################################################
	 #################################################################
	 ###########################################################
	 2.4 MiB/s
done
Bytes transferred = 5635104 (55fc20 hex)
link up on port 0, speed 100, full duplex
Using cpsw device
TFTP from server 192.168.255.126; our IP address is 192.168.255.1
Filename 'am335x-boneblack.dtb'.
Load address: 0x82000000
Loading: *#######
	 2.4 MiB/s
done
Bytes transferred = 98244 (17fc4 hex)
Kernel image @ 0x81000000 [ 0x000000 - 0x55fc20 ]
## Flattened Device Tree blob at 82000000
   Booting using the fdt blob at 0x82000000
   Using Device Tree in place at 82000000, end 8201afc3

Starting kernel ...

[    0.000000] Booting Linux on physical CPU 0x0
[    0.000000] Linux version 6.16.0-rc6-next-20250716 (user01@drvtest01) (arm-none-eabi-gcc (Arm GNU Toolchain 14.2.Rel1 (Build arm-14.52)) 14.2.1 20241119, GNU ld (Arm GNU Toolchain 14.2.Rel1 (Build arm-14.52)) 2.43.1.20241119) #1 SMP Wed Jul 16 15:28:19 EEST 2025
[    0.000000] CPU: ARMv7 Processor [413fc082] revision 2 (ARMv7), cr=10c5387d
[    0.000000] CPU: PIPT / VIPT nonaliasing data cache, VIPT aliasing instruction cache
[    0.000000] OF: fdt: Machine model: TI AM335x BeagleBone Black
[    0.000000] Memory policy: Data cache writeback
[    0.000000] cma: Reserved 16 MiB at 0x9e800000
[    0.000000] Zone ranges:
[    0.000000]   Normal   [mem 0x0000000080000000-0x000000009fdfffff]
[    0.000000]   HighMem  empty
[    0.000000] Movable zone start for each node
[    0.000000] Early memory node ranges
[    0.000000]   node   0: [mem 0x0000000080000000-0x000000009fdfffff]
[    0.000000] Initmem setup node 0 [mem 0x0000000080000000-0x000000009fdfffff]
[    0.000000] On node 0, zone Normal: 512 pages in unavailable ranges
[    0.000000] OF: reserved mem: Reserved memory: No reserved-memory node in the DT
[    0.000000] CPU: All CPU(s) started in SVC mode.
[    0.000000] AM335X ES2.1 (sgx neon)
[    0.000000] percpu: Embedded 17 pages/cpu s39820 r8192 d21620 u69632
[    0.000000] Kernel command line: console=ttyO0,115200n8 root=/dev/nfs rw nfsroot=192.168.255.126:/home/user01/nfs,nfsvers=3 ip=192.168.255.1:192.168.255.126::255.255.255.0:bbb1:eth0 nfsrootdebug
[    0.000000] Unknown kernel command line parameters "nfsrootdebug", will be passed to user space.
[    0.000000] printk: log buffer data + meta data: 65536 + 204800 = 270336 bytes
[    0.000000] Dentry cache hash table entries: 65536 (order: 6, 262144 bytes, linear)
[    0.000000] Inode-cache hash table entries: 32768 (order: 5, 131072 bytes, linear)
[    0.000000] Built 1 zonelists, mobility grouping on.  Total pages: 130560
[    0.000000] mem auto-init: stack:off, heap alloc:off, heap free:off
[    0.000000] SLUB: HWalign=16, Order=0-3, MinObjects=0, CPUs=1, Nodes=1
[    0.000000] rcu: Hierarchical RCU implementation.
[    0.000000] rcu: 	RCU event tracing is enabled.
[    0.000000] rcu: 	RCU restricting CPUs from NR_CPUS=2 to nr_cpu_ids=1.
[    0.000000] 	Tracing variant of Tasks RCU enabled.
[    0.000000] rcu: RCU calculated value of scheduler-enlistment delay is 10 jiffies.
[    0.000000] rcu: Adjusting geometry for rcu_fanout_leaf=16, nr_cpu_ids=1
[    0.000000] RCU Tasks Trace: Setting shift to 0 and lim to 1 rcu_task_cb_adjust=1 rcu_task_cpu_ids=1.
[    0.000000] NR_IRQS: 16, nr_irqs: 16, preallocated irqs: 16
[    0.000000] IRQ: Found an INTC at 0x(ptrval) (revision 5.0) with 128 interrupts
[    0.000000] rcu: srcu_init: Setting srcu_struct sizes based on contention.
[    0.000000] TI gptimer clocksource: always-on /ocp/interconnect@44c00000/segment@200000/target-module@31000
[    0.000002] sched_clock: 32 bits at 24MHz, resolution 41ns, wraps every 89478484971ns
[    0.000026] clocksource: dmtimer: mask: 0xffffffff max_cycles: 0xffffffff, max_idle_ns: 79635851949 ns
[    0.000530] TI gptimer clockevent: 24000000 Hz at /ocp/interconnect@48000000/segment@0/target-module@40000
[    0.002146] Console: colour dummy device 80x30
[    0.002213] WARNING: Your 'console=ttyO0' has been replaced by 'ttyS0'
[    0.002221] This ensures that you still see kernel messages. Please
[    0.002226] update your kernel commandline.
[    0.002271] Calibrating delay loop... 996.14 BogoMIPS (lpj=4980736)
[    0.090581] CPU: Testing write buffer coherency: ok
[    0.090693] CPU0: Spectre v2: using BPIALL workaround
[    0.090704] pid_max: default: 32768 minimum: 301
[    0.090864] LSM: initializing lsm=capability
[    0.091030] Mount-cache hash table entries: 1024 (order: 0, 4096 bytes, linear)
[    0.091046] Mountpoint-cache hash table entries: 1024 (order: 0, 4096 bytes, linear)
[    0.092624] CPU0: thread -1, cpu 0, socket -1, mpidr 0
[    0.092683] cacheinfo: Unable to detect cache hierarchy for CPU 0
[    0.094671] Setting up static identity map for 0x80100000 - 0x80100078
[    0.094992] rcu: Hierarchical SRCU implementation.
[    0.095002] rcu: 	Max phase no-delay instances is 1000.
[    0.096709] smp: Bringing up secondary CPUs ...
[    0.096761] smp: Brought up 1 node, 1 CPU
[    0.096773] SMP: Total of 1 processors activated (996.14 BogoMIPS).
[    0.096784] CPU: All CPU(s) started in SVC mode.
[    0.096982] Memory: 480816K/522240K available (11264K kernel code, 1221K rwdata, 2936K rodata, 1024K init, 287K bss, 23388K reserved, 16384K cma-reserved, 0K highmem)
[    0.097805] devtmpfs: initialized
[    0.115012] VFP support v0.3: implementor 41 architecture 3 part 30 variant c rev 3
[    0.115652] clocksource: jiffies: mask: 0xffffffff max_cycles: 0xffffffff, max_idle_ns: 19112604462750000 ns
[    0.115707] posixtimers hash table entries: 512 (order: 0, 4096 bytes, linear)
[    0.115734] futex hash table entries: 256 (16384 bytes on 1 NUMA nodes, total 16 KiB, linear).
[    0.116870] pinctrl core: initialized pinctrl subsystem
[    0.119013] NET: Registered PF_NETLINK/PF_ROUTE protocol family
[    0.122178] DMA: preallocated 256 KiB pool for atomic coherent allocations
[    0.122790] audit: initializing netlink subsys (disabled)
[    0.124109] thermal_sys: Registered thermal governor 'fair_share'
[    0.124124] thermal_sys: Registered thermal governor 'step_wise'
[    0.124133] thermal_sys: Registered thermal governor 'user_space'
[    0.124243] audit: type=2000 audit(0.120:1): state=initialized audit_enabled=0 res=1
[    0.124313] cpuidle: using governor menu
[    0.142432] /ocp/interconnect@44c00000/segment@200000/target-module@b000/i2c@0/tda19988@70: Fixed dependency cycle(s) with /ocp/interconnect@48000000/segment@300000/target-module@e000/lcdc@0
[    0.143548] /ocp/interconnect@48000000/segment@300000/target-module@e000/lcdc@0: Fixed dependency cycle(s) with /ocp/interconnect@44c00000/segment@200000/target-module@b000/i2c@0/tda19988@70
[    0.145751] No ATAGs?
[    0.145795] hw-breakpoint: debug architecture 0x4 unsupported.
[    0.148900] kprobes: kprobe jump-optimization is enabled. All kprobes are optimized if possible.
[    0.154237] iommu: Default domain type: Translated
[    0.154260] iommu: DMA domain TLB invalidation policy: strict mode
[    0.161810] SCSI subsystem initialized
[    0.162687] pps_core: LinuxPPS API ver. 1 registered
[    0.162697] pps_core: Software ver. 5.3.6 - Copyright 2005-2007 Rodolfo Giometti <giometti@linux.it>
[    0.162722] PTP clock support registered
[    0.171426] vgaarb: loaded
[    0.171795] clocksource: Switched to clocksource dmtimer
[    0.172469] VFS: Disk quotas dquot_6.6.0
[    0.172528] VFS: Dquot-cache hash table entries: 1024 (order 0, 4096 bytes)
[    0.197258] NET: Registered PF_INET protocol family
[    0.197600] IP idents hash table entries: 8192 (order: 4, 65536 bytes, linear)
[    0.198994] tcp_listen_portaddr_hash hash table entries: 512 (order: 0, 4096 bytes, linear)
[    0.199031] Table-perturb hash table entries: 65536 (order: 6, 262144 bytes, linear)
[    0.199051] TCP established hash table entries: 4096 (order: 2, 16384 bytes, linear)
[    0.199096] TCP bind hash table entries: 4096 (order: 4, 65536 bytes, linear)
[    0.199196] TCP: Hash tables configured (established 4096 bind 4096)
[    0.199312] UDP hash table entries: 256 (order: 1, 14336 bytes, linear)
[    0.199348] UDP-Lite hash table entries: 256 (order: 1, 14336 bytes, linear)
[    0.199536] NET: Registered PF_UNIX/PF_LOCAL protocol family
[    0.202600] RPC: Registered named UNIX socket transport module.
[    0.202622] RPC: Registered udp transport module.
[    0.202626] RPC: Registered tcp transport module.
[    0.202631] RPC: Registered tcp-with-tls transport module.
[    0.202637] RPC: Registered tcp NFSv4.1 backchannel transport module.
[    0.202662] PCI: CLS 0 bytes, default 64
[    0.204038] Initialise system trusted keyrings
[    0.212701] workingset: timestamp_bits=14 max_order=17 bucket_order=3
[    0.214107] NFS: Registering the id_resolver key type
[    0.214183] Key type id_resolver registered
[    0.214192] Key type id_legacy registered
[    0.214302] jffs2: version 2.2. (NAND) (SUMMARY)  Â© 2001-2006 Red Hat, Inc.
[    0.214763] Key type asymmetric registered
[    0.214781] Asymmetric key parser 'x509' registered
[    0.214853] io scheduler mq-deadline registered
[    0.214863] io scheduler kyber registered
[    0.214938] io scheduler bfq registered
[    0.216817] target-module@4b000000:target-module@140000:pmu@0:fck: device ID is greater than 24
[    0.223019] l3-aon-clkctrl:0000:0: failed to disable
[    0.232031] ledtrig-cpu: registered to indicate activity on CPUs
[    0.235761] Serial: 8250/16550 driver, 6 ports, IRQ sharing enabled
[    0.275986] brd: module loaded
[    0.299172] loop: module loaded
[    0.300110] mtdoops: mtd device (mtddev=name/number) must be supplied
[    0.303422] i2c_dev: i2c /dev entries driver
[    0.304422] cpuidle: enable-method property 'ti,am3352' found operations
[    0.304866] sdhci: Secure Digital Host Controller Interface driver
[    0.304876] sdhci: Copyright(c) Pierre Ossman
[    0.305051] sdhci-pltfm: SDHCI platform and OF driver helper
[     0.313281] hw perfevents: enabled with armv7_cortex_a8 PMU driver, 5 (8000000f) counters available
[    0.313805] Initializing XFRM netlink socket
[    0.313995] NET: Registered PF_INET6 protocol family
[    0.319651] l3-aon-clkctrl:0000:0: failed to disable
[    0.327973] Segment Routing with IPv6
[    0.328056] In-situ OAM (IOAM) with IPv6
[    0.328154] sit: IPv6, IPv4 and MPLS over IPv4 tunneling driver
[    0.329118] NET: Registered PF_PACKET protocol family
[    0.329147] NET: Registered PF _KEY protocol family
[    0.329268] Key type dns_resolver registered
[    0.329492] ThumbEE CPU extension supported.
[    0.329512] Registering SWP/SWPB emulation handler
[    0.330048] omap_voltage_late_init: Voltage driver support not added
[    0.330711] SmartReflex Class3 initialized
[    0.362320] Loading compiled-in X.509 certificates
[    0.393189] /ocp/interconnect@44c00000/segment@200000/target-module@b000/i2c@0/tda19988@70: Fixed dependency cycle(s) with /ocp/interconnect@48000000/segment@300000/target-module@e000/lcdc@0
[    0.399571] /ocp/interconnect@44c00000/segment@200000/target-module@b000/i2c@0/tda19988@70: Fixed dependency cycle(s) with /ocp/interconnect@48000000/segment@300000/target-module@e000/lcdc@0
[    0.439541] /ocp/interconnect@44c00000/segment@200000/target-module@b000/i2c@0/tda19988@70: Fixed dependency cycle(s) with /ocp/interconnect@48000000/segment@300000/target-module@e000/lcdc@0
[    0.440411] /ocp/interconnect@44c00000/segment@200000/target-module@b000/i2c@0/tda19988@70: Fixed dependency cycle(s) with /ocp/interconnect@48000000/segment@300000/target-module@e000/lcdc@0
[    0.444146] /ocp/interconnect@44c00000/segment@200000/target-module@10000/scm@0/pinmux@800: Fixed dependency cycle(s) with /ocp/interconnect@44c00000/segment@200000/target-module@10000/scm@0/pinmux@800/clkout2-pins
[    0.444739] pinctrl-single 44e10800.pinmux: 142 pins, size 568
[    0.450021] ti-sysc 44e31000.target-module: probe with driver ti-sysc failed with error -16
[    0.465997] /ocp/intercconnect@44c00000/segment@200000/target-module@b000/i2c@0/tda19988@70
[    0.605170] /ocp/interconnect@44c00000/segment@200000/target-module@b000/i2c@0/tda19988@70: Fixed dependency cycle(s) with /ocp/interconnect@48000000/segment@300000/target-module@e000/lcdc@0
[    0.605332] /ocp/interconnect@48000000/segment@300000/target-module@e000/lcdc@0: Fixed dependency cycle(s) with /ocp/interconnect@44c00000/segment@200000/target-module@b000/i2c@0/tda19988@70
[    0.616438] sdhci-omap 481d8000.mmc: supply pbias not found, using dummy regulator
[    0.616924] sdhci-omap 481d8000.mmc: supply vqmmc not found, using dummy regulator
[    0.663092] davinci_mdio 4a101000.mdio: davinci mdio revision 1.6, bus freq 1000000
[    0.823058] davinci_mdio 4a101000.mdio: phy[0]: device 4a101000.mdio:00, driver SMSC LAN8710/LAN8720
[    0.823826] cpsw-switch 4a100000.switch: initialized cpsw ale version 1.4
[    0.823849] cpsw-switch 4a100000.switch: ALE Table size 1024, Policers 0
[    0.824012] cpsw-switch 4a100000.switch: cpts: overflow check period 500 (jiffies)
[    0.824029] cpsw-switch 4a100000.switch: CPTS: ref_clk_freq:250000000 calc_mult:2147483648 calc_shift:29 error:0 nsec/sec
[    0.824133] cpsw-switch 4a100000.switch: Detected MACID = 6c:ec:eb:68:de:78
[    0.825980] cpsw-switch 4a100000.switch: initialized (regs 0x4a100000, pool size 256) hw_ver:0019010C 1.12 (0)
[    0.836956] debugfs: '49000000.dma' already exists in 'dmaengine'
[    0.836998] edma 49000000.dma: TI EDMA DMA engine driver
[    0.914081] 44e09000.serial: ttyS0 at MMIO 0x44e09000 (irq = 34, base_baud = 3000000) is a 8250
[    0.914170] printk: legacy console [ttyS0] enabled
 [    2.412735] tps65217-pmic: Failed to locate of_node [id: -1]
[    2.418810] tps65217-bl: Failed to locate of_node [id: -1]
[    2.424908] platform tps65217-charger: DMA mask not set
[    2.430943] platform tps65217-pwrbutton: DMA mask not set
[    2.438218] tps65217 0-0024: TPS65217 ID 0xe version 1.2
[    2.444343] /ocp/interconnect@48000000/segment@300000/target-module@e000/lcdc@0: Fixed dependency cycle(s) with /ocp/interconnect@44c00000/segment@200000/target-module@b000/i2c@0/tda19988@70
[     2.461720] /ocp/interconnect@44c00000/segment@200000/target-module@b000/i2c@0/tda19988@70: Fixed dependency cycle(s) with /ocp/interconnect@48000000/segment@300000/target-module@e000/lcdc@0
[    2.479088] omap_i2c 44e0b000.i2c: bus 0 rev0.11 at 400 kHz
[    2.486964] omap_gpio 44e07000.gpio: Could not set line 6 debounce to 200000 microseconds (-22)
[    2.495883] sdhci-omap 48060000.mmc: Got CD GPIO
[    2.500892] sdhci-omap 48060000.mmc: supply pbias not found, using dummy regulator
[    2.510865] sdhci-omap 48060000.mmc: supply vqmmc not found, using dummy regulator
[    2.520206] sdhci-omap 481d8000.mmc: supply pbias not found, using dummy regulator
[    2.529892] sdhci-omap 481d8000.mmc: supply vqmmc not found, using dummy regulator
[    2.565536] mmc0: SDHCI controller on 48060000.mmc [48060000.mmc] using External DMA
[    2.573863] mmc1: SDHCI controller on 481d8000.mmc [481d8000.mmc] using External DMA
[    2.582638] cpsw-switch 4a100000.switch: starting ndev. mode: dual_mac
[    2.630854] mmc0: new high speed SDHC card at address 5048
[    2.637896] mmcblk0: mmc0:5048 SD16G 14.4 GiB
[    2.646153]  mmcblk0: p1 p2
[    2.649544] mmcblk0: p2 size 31221760 extends beyond EOD, truncated
[    2.663024] SMSC LAN8710/LAN8720 4a101000.mdio:00: attached PHY driver (mii_bus:phy_addr=4a101000.mdio:00, irq=POLL)
[    2.674007] mmc1: new high speed MMC card at address 0001
[    2.686600] mmcblk1: mmc1:0001 MMC04G 3.60 GiB
[    2.694277]  mmcblk1: p1 p2
[    2.698487] mmcblk1boot0: mmc1:0001 MMC04G 
[    5.842560] cpsw-switch 4a100000.switch eth0: Link is Up - 100Mbps/Full - flow control off
[    5.882041] IP-Config: Complete:
[    5.885318]      device=eth0, hwaddr=6c:ec:eb:68:de:78, ipaddr=192.168.255.1, mask=255.255.255.0, gw=255.255.255.255
[    5.895977]      host=bbb1, domain=, nis-domain=(none)
[    5.901144]      bootserver=192.168.255.126, rootserver=192.168.255.126, rootpath=
[    5.901567] clk: Disabling unused clocks
[    5.913468] KTAP version 1
[    5.916201] 1..0
[    5.918632] check access for rdinit=/init failed: -2, ignoring
[    5.958283] VFS: Mounted root (nfs filesystem) on device 0:17.
[    5.965517] devtmpfs: mounted
[    5.970023] Freeing unused kernel image (initmem) memory: 1024K
[    5.976825] Run /sbin/init as init process
[    6.650395] systemd[1]: System time before build time, advancing clock.
[    8.181812] random: crng init done
[    8.198050] systemd[1]: systemd 232 running in system mode. (+PAM +AUDIT +SELINUX +IMA +APPARMOR +SMACK +SYSVINIT +UTMP +LIBCRYPTSETUP +GCRYPT +GNUTLS +ACL +XZ +LZ4 +SECCOMP +BLKID +ELFUTILS +KMOD +IDN)
[    8.217050] systemd[1]: Detected architecture arm.

Welcome to [1mDebian GNU/Linux 9 (stretch)[0m!

[    8.244938] systemd[1]: Set hostname to <arm>.
[    9.337278] systemd[1]: Started Dispatch Password Requests to Console Directory Watch.
[[0;32m  OK  [0m] Started Dispatch Password Requests to Console Directory Watch.
[    9.373430] systemd[1]: Created slice System Slice.
[[0;32m  OK  [0m] Created slice System Slice.
[    9.405698] systemd[1]: systemd-journald-dev-log.socket: SO_PASSSEC failed: Operation not supported
[    9.415350] systemd[1]: Listening on Journal Socket (/dev/log).
[[0;32m  OK  [0m] Listening on Journal Socket (/dev/log).
[    9.443685] systemd[1]: Set up automount Arbitrary Executable File Formats File System Automount Point.
[[0;32m  OK  [0m] Set up automount Arbitrary Executabâ€¦rmats File System Automount Point.
[    9.473857] systemd[1]: Listening on /dev/initctl Compatibility Named Pipe.
[[0;32m  OK  [0m] Listening on /dev/initctl Compatibility Named Pipe.
[    9.502208] systemd[1]: Reached target Swap.
[[0;32m  OK  [0m] Reached target Swap.
[[0;32m  OK  [0m] Listening on Journal Audit Socket.
         Mounting POSIX Message Queue File System...
[[0;32m  OK  [0m] Listening on udev Control Socket.
[[0;32m  OK  [0m] Reached target Remote File Systems.
[[0;32m  OK  [0m] Listening on Journal Socket.
         Starting Load Kernel Modules...
         Starting Create list of required stâ€¦ce nodes for the current kernel...
[[0;32m  OK  [0m] Started Forward Password Requests to Wall Directory Watch.
[[0;32m  OK  [0m] Reached target Paths.
[[0;32m  OK  [0m] Reached target Encrypted Volumes.
[[0;32m  OK  [0m] Listening on udev Kernel Socket.
[[0;32m  OK  [0m] Created slice system-getty.slice.
[[0;32m  OK  [0m] Created slice User and Session Slice.
         Mounting Debug File System...
[[0;32m  OK  [0m] Listening on Syslog Socket.
         Starting Journal Service...
[[0;32m  OK  [0m] Created slice system-serial\x2dgetty.slice.
         Starting Remount Root and Kernel File Systems...
[[0;32m  OK  [0m] Reached target Slices.
[[0;32m  OK  [0m] Mounted POSIX Message Queue File System.
[[0;32m  OK  [0m] Mounted Debug File System.
[[0;32m  OK  [0m] Started Load Kernel Modules.
[[0;32m  OK  [0m] Started Create list of required staâ€¦vice nodes for the current kernel.
         Starting Create Static Device Nodes in /dev...
         Mounting Configuration File System...
         Starting Apply Kernel Variables...
[[0;32m  OK  [0m] Started Remount Root and Kernel File Systems.
         Starting Load/Save Random Seed...
         Starting udev Coldplug all Devices...
[[0;32m  OK  [0m] Mounted Configuration File System.
[[0;32m  OK  [0m] Started Apply Kernel Variables.
[[0;32m  OK  [0m] Started Load/Save Random Seed.
[[0;32m  OK  [0m] Started Create Static Device Nodes in /dev.
         Starting udev Kernel Device Manager...
[[0;32m  OK  [0m] Reached target Local File Systems (Pre).
[[0;32m  OK  [0m] Reached target Local File Systems.
         Starting Raise network interfaces...
[[0;32m  OK  [0m] Started Journal Service.
         Starting Flush Journal to Persistent Storage...
[   11.640369] systemd-journald[86]: Received request to flush runtime journal from PID 1
[[0;32m  OK  [0m] Started Flush Journal to Persistent Storage.
         Starting Create Volatile Files and Directories...
[[0;32m  OK  [0m] Started udev Kernel Device Manager.
[   12.642598] omap_prm 44e00d00.prm: sync_state() pending due to 44d00000.cpu
[[0;32m  OK  [0m] Started Create Volatile Files and Directories.
         Starting Update UTMP about System Boot/Shutdown...
         Starting Network Time Synchronization...
[[0;32m  OK  [0m] Started Update UTMP about System Boot/Shutdown.
[[0;32m  OK  [0m] Started udev Coldplug all Devices.
[[0;32m  OK  [0m] Started Network Time Synchronization.[   14.794675] remoteproc remoteproc0: wkup_m3 is available

[[0;32m  OK  [0m] Reached target System Time Synchronized.
[[0;32m  OK  [0m] Reached target System Initialization.
[[0;32m  OK  [0m] Started Daily Cleanup of Temporary Directories.
[   14.913458] omap_rtc 44e3e000.rtc: registered as rtc0
[   14.918640] omap_rtc 44e3e000.rtc: setting system clock to 2000-01-01T00:00:00 UTC (946684800)
[[0;32m  OK  [0m] Started Daily apt download activities.
[[0;32m  OK  [0m] Listening on D-Bus System Message Bus Socket.
[   15.054824] omap_wdt: OMAP Watchdog Timer Rev 0x01: initial timeout 60 sec
[[0;32m  OK  [0m] Started Daily apt upgrade and clean activities.
[[0;32m  OK  [0m] Reached target Timers.
[[0;32m  OK  [0m] Listening on Avahi mDNS/DNS-SD Stack Activation Socket.
[[0;32m  OK  [0m] Reached target Sockets.
[[0;32m  OK  [0m] Reached target Basic System.
[   15.284436] at24 2-0054: supply vcc not found, using dummy regulator
[   15.345507] am335x-phy-driver 47401300.usb-phy: dummy supplies not allowed for exclusive requests (id=vbus)
         Starting System Logging Service...
[   15.409454] at24 2-0055: supply vcc not found, using dummy regulator
[   15.533772] at24 2-0056: supply vcc not found, using dummy regulator
[   15.653649] at24 2-0057: supply vcc not found, using dummy regulator
[[0;32m  OK  [0m] Started Regular background program processing daemon.
[   15.707323] am335x-phy-driver 47401b00.usb-phy: dummy supplies not allowed for exclusive requests (id=vbus)
         Starting Cape Manager Service...
[   15.794030] at24 0-0050: 32768 byte 24c256 EEPROM, writable, 1 bytes/write
[   15.874296] input: tps65217_pwrbutton as /devices/platform/ocp/44c00000.interconnect/44c00000.interconnect:segment@200000/44e0b000.target-module/44e0b000.i2c/i2c-0/0-0024/tps65217-pwrbutton/input/input0
         Starting LSB: Start busybox udhcpd at boot time...
         Starting Avahi mDNS/DNS-SD Stack...
         Starting Login Service...
         Starting DUN service...
         Starting LSB: Load kernel modules needed to enable cpufreq scaling...
         Starting Telephony service...
[[0;32m  OK  [0m] Started D-Bus System Message Bus.
[   16.815306] usbcore: registered new interface driver usbfs
[   16.820955] usbcore: registered new interface driver hub
[   16.826610] usbcore: registered new device driver usb
[   17.700775] omap-mailbox 480c8000.mailbox: omap mailbox rev 0x400
[   17.757414] remoteproc remoteproc0: powering up wkup_m3
[   17.798267] musb-hdrc musb-hdrc.1: MUSB HDRC host driver
[   17.803938] musb-hdrc musb-hdrc.1: new USB bus registered, assigned bus number 1
[   17.936627] tda998x 0-0070: found TDA19988
[   17.994121] remoteproc remoteproc0: Direct firmware load for am335x-pm-firmware.elf failed with error -2
[   18.004789] remoteproc remoteproc0: request_firmware failed: -2
[   18.010762] wkup_m3_ipc 44e11324.wkup_m3_ipc: rproc_boot failed
[   18.026252] usb usb1: New USB device found, idVendor=1d6b, idProduct=0002, bcdDevice= 6.16
[   18.034722] usb usb1: New USB device strings: Mfr=3, Product=2, SerialNumber=1
[   18.042032] usb usb1: Product: MUSB HDRC host driver
[   18.047026] usb usb1: Manufacturer: Linux 6.16.0-rc6-next-20250716 musb-hcd
[   18.054063] usb usb1: SerialNumber: musb-hdrc.1
[   18.556816] hub 1-0:1.0: USB hub found
[   18.654866] hub 1-0:1.0: 1 port detected
[   19.817518] omap_rng 48310000.rng: Random Number Generator ver. 20
[   20.012337] tilcdc 4830e000.lcdc: bound 0-0070 (ops tda998x_audio_codec_init [tda998x])
[   20.153767] [drm] Initialized tilcdc 1.0.0 for 4830e000.lcdc on minor 0
[   20.218488] tilcdc 4830e000.lcdc: [drm] Cannot find any crtc or sizes
[   20.241603] tilcdc 4830e000.lcdc: [drm] Cannot find any crtc or sizes
[   20.874981] ------------[ cut here ]------------
[   20.879685] WARNING: net/8021q/vlan_core.c:236 at vlan_for_each+0x114/0x134, CPU#0: avahi-daemon/178
[   20.889044] RTNL: assertion failed at net/8021q/vlan_core.c (236)
[   20.895203] Modules linked in: tilcdc omap_rng drm_dma_helper rng_core snd_soc_davinci_mcasp drm_client_lib snd_soc_ti_udma snd_soc_ti_edma snd_soc_ti_sdma snd_soc_core snd_pcm_dmaengine snd_pcm snd_timer snd omap_mailbox tda998x musb_dsps soundcore musb_hdrc cec udc_core drm_kms_helper usbcore drm wkup_m3_ipc tps65218_pwrbutton phy_am335x drm_panel_orientation_quirks at24 phy_am335x_control phy_generic usb_common omap_wdt watchdog rtc_omap cppi41 wkup_m3_rproc leds_gpio led_class cpufreq_dt ip_tables x_tables autofs4
[   20.941616] CPU: 0 UID: 107 PID: 178 Comm: avahi-daemon Not tainted 6.16.0-rc6-next-20250716 #1 NONE 
[   20.941636] Hardware name: Generic AM33XX (Flattened Device Tree)
[   20.941644] Call trace: 
[   20.941660]  unwind_backtrace from show_stack+0x10/0x14
[   20.941697]  show_stack from dump_stack_lvl+0x50/0x64
[   20.941723]  dump_stack_lvl from __warn+0x88/0x148
[   20.941741]  __warn from warn_slowpath_fmt+0x19c/0x1b0
[   20.941753]  warn_slowpath_fmt from vlan_for_each+0x114/0x134
[   20.941775]  vlan_for_each from cpsw_add_mc_addr+0x40/0xa4
[   20.941803]  cpsw_add_mc_addr from __hw_addr_ref_sync_dev+0x108/0x140
[   20.941836]  __hw_addr_ref_sync_dev from __dev_mc_add+0x7c/0x80
[   20.941859]  __dev_mc_add from igmp6_group_added+0xc8/0xe0
[   20.941887]  igmp6_group_added from __ipv6_dev_mc_inc+0x218/0x364
[   20.941904]  __ipv6_dev_mc_inc from __ipv6_sock_mc_join+0x11c/0x214
[   20.941921]  __ipv6_sock_mc_join from do_ipv6_setsockopt+0x1214/0x1310
[   20.941951]  do_ipv6_setsockopt from ipv6_setsockopt+0x60/0xcc
[   20.941972]  ipv6_setsockopt from udpv6_setsockopt+0x2c/0x6c
[   20.941997]  udpv6_setsockopt from sock_common_setsockopt+0x30/0x40
[   20.942031]  sock_common_setsockopt from do_sock_setsockopt+0x50/0x9c
[   20.942052]  do_sock_setsockopt from __sys_setsockopt+0x70/0xbc
[   20.942071]  __sys_setsockopt from ret_fast_syscall+0x0/0x58
[   20.942088] Exception stack(0xe0135fa8 to 0xe0135ff0)
[   20.942103] 5fa0:                   00000014 b6f09ce8 0000000d 00000029 00000014 beb7e9ec
[   20.942114] 5fc0: 00000014 b6f09ce8 00000014 00000126 0000000d b6eb2ff4 004de988 004c6558
[   20.942123] 5fe0: b6ec8088 beb7e9d8 b6ea5309 b6d7c41a
[   21.090913] ---[ end trace 0000000000000000 ]---
[[0;32m  OK  [0m] Started Telephony service.
[[0;32m  OK  [0m] Started DUN service.
[[0;32m  OK  [0m] Started Avahi mDNS/DNS-SD Stack.
         Starting Connection service...
         Starting Generic Board Startup...
[[0;32m  OK  [0m] Started System Logging Service.
[[0;32m  OK  [0m] Started Cape Manager Service.
[   21.762501] PM: Cannot get wkup_m3_ipc handle
[   21.777645] omap-sham 53100000.sham: hw accel on OMAP rev 4.3
[   21.896660] omap-sham 53100000.sham: will run requests pump with realtime priority
[   21.906300] PM: Cannot get wkup_m3_ipc handle
[   22.004847] omap-aes 53500000.aes: OMAP AES hw accel rev: 3.2
[   22.102607] omap-aes 53500000.aes: will run requests pump with realtime priority
[   22.113609] PM: Cannot get wkup_m3_ipc handle
[[0;32m  OK  [0m] Found device /dev/ttyS0.
[   23.071520] Bluetooth: Core ver 2.22
[   23.076160] NET: Registered PF_BLUETOOTH protocol family
[   23.081715] Bluetooth: HCI device and connection manager initialized
[   23.088270] Bluetooth: HCI socket layer initialized
[   23.093239] Bluetooth: L2CAP socket layer initialized
[   23.098355] Bluetooth: SCO socket layer initialized
[   25.550277] gpio-537 (nxp,calib): gpiod_direction_output_nonotify: tried to set a GPIO tied to an IRQ as output
[   25.655148] PM: Cannot get wkup_m3_ipc handle
[   25.837400] tda9950 0-0034: TDA9950 CEC interface, hardware version 3.3
[   25.964055] PM: Cannot get wkup_m3_ipc handle
[[0;32m  OK  [0m] Started LSB: Start busybox udhcpd at boot time.
[[0;32m  OK  [0m] Started Raise network interfaces.
[[0;32m  OK  [0m] Started LSB: Load kernel modules needed to enable cpufreq scaling.
[   29.220526] configfs-gadget.g_multi gadget.0: HOST MAC 1c:ba:8c:a2:ed:6c
[   29.227527] configfs-gadget.g_multi gadget.0: MAC 1c:ba:8c:a2:ed:70
[   29.234874] configfs-gadget.g_multi gadget.0: HOST MAC 1c:ba:8c:a2:ed:6c
[   29.241636] configfs-gadget.g_multi gadget.0: MAC 1c:ba:8c:a2:ed:6d
[[0;32m  OK  [0m] Started Connection service.
[   29.257527] PM: Cannot get wkup_m3_ipc handle
[[0;32m  OK  [0m] Reached target Sound Card.
         Starting LSB: set CPUFreq kernel parameters...
[[0;32m  OK  [0m] Reached target Network.
         Starting Permit User Sessions...
         Starting OpenBSD Secure Shell server...
         Starting The Apache HTTP Server...
[[0;32m  OK  [0m] Reached target Network is Online.
         Starting LSB: Advanced IEEE 802.11 management daemon...
[[0;32m  OK  [0m] Started Permit User Sessions.
[[0;32m  OK  [0m] Started Login Service.
[[0;32m  OK  [0m] Started LSB: Advanced IEEE 802.11 management daemon.
[[0;32m  OK  [0m] Started Getty on tty1.
[[0;32m  OK  [0m] Started Serial Getty on ttyS0.
[[0;32m  OK  [0m] Reached target Login Prompts.
         Starting Hostname Service...
         Starting WPA supplicant...
[[0;32m  OK  [0m] Started LSB: set CPUFreq kernel parameters.
[[0;32m  OK  [0m] Started WPA supplicant.
[[0;32m  OK  [0m] Started Hostname Service.
[[0;32m  OK  [0m] Started OpenBSD Secure Shell server.
         Stopping LSB: Start busybox udhcpd at boot time...
[[0;32m  OK  [0m] Stopped LSB: Start busybox udhcpd at boot time.
[[0;32m  OK  [0m] Started The Apache HTTP Server.
         Starting dnsmasq - A lightweight DHCP and caching DNS server...
[[0;32m  OK  [0m] Started dnsmasq - A lightweight DHCP and caching DNS server.
[[0;32m  OK  [0m] Reached target Host and Network Name Lookups.
[[0;32m  OK  [0m] Started Serial Getty on ttyGS0.
[[0;32m  OK  [0m] Started Generic Board Startup.
[[0;32m  OK  [0m] Reached target Multi-User System.
[[0;32m  OK  [0m] Reached target Graphical Interface.
         Starting Update UTMP about System Runlevel Changes...
[[0;32m  OK  [0m] Started Update UTMP about System Runlevel Changes.

Debian GNU/Linux 9 arm ttyS0

default username:password is [debian:temppwd]

arm login: root
Password: 
Last login: Sat Jan  1 00:00:37 UTC 2000 on ttyS0
root
Linux arm 6.16.0-rc6-next-20250716 #1 SMP Wed Jul 16 15:28:19 EEST 2025 armv7l

The programs included with the Debian GNU/Linux system are free software;
the exact distribution terms for each program are described in the
individual files in /usr/share/doc/*/copyright.

Debian GNU/Linux comes with ABSOLUTELY NO WARRANTY, to the extent
permitted by applicable law.
root@arm:~# root
dmesg -n 1
-bash: root: command not found
root@arm:~# dmesg -n 1
root@arm:~# echo 'ZJBJ''LAESNV'
ZJBJLAESNV
root@arm:~# run() { echo -n "$MARKER"; sh -c "$@"; echo "$MARKER $?"; }
root@arm:~# echo 'WWTH''THZOTJ'
WWTHTHZOTJ
root@arm:~# MARKER='HZCQ''QGELUV' run 'cat /proc/version'
HZCQQGELUVLinux version 6.16.0-rc6-next-20250716 (user01@drvtest01) (arm-none-eabi-gcc (Arm GNU Toolchain 14.2.Rel1 (Build arm-14.52)) 14.2.1 20241119, GNU ld (Arm GNU Toolchain 14.2.Rel1 (Build arm-14.52)) 2.43.1.20241119) #1 SMP Wed Jul 16 15:28:19 EEST 2025
HZCQQGELUV 0
root@arm:~# echo 'JNMY''LXGCZH'
JNMYLXGCZH
root@arm:~# MARKER='OHEV''VTTYGZ' run false
OHEVVTTYGZOHEVVTTYGZ 1
root@arm:~# Labgrid Console Logfile for main
Logfile started at 2025-07-16 15:32:29.758064
=== Log starts here ===

root@arm:~# run() { echo -n "$MARKER"; sh -c "$@"; echo "$MARKER $?"; }
root@arm:~# echo 'PWPU''AHUJKK'
PWPUAHUJKK
root@arm:~# MARKER='VUXM''THXLNF' run 'ls /iio_generic_buffer; echo $?'
VUXMTHXLNF/iio_generic_buffer
0
VUXMTHXLNF 0
root@arm:~# Labgrid Console Logfile for main
Logfile started at 2025-07-16 15:32:33.152755
=== Log starts here ===

root@arm:~# run() { echo -n "$MARKER"; sh -c "$@"; echo "$MARKER $?"; }
root@arm:~# echo 'GWQA''MCUHPN'
GWQAMCUHPN
root@arm:~# MARKER='YKNK''KWJNWP' run dmesg
YKNKKWJNWP[    0.000000] Booting Linux on physical CPU 0x0
[    0.000000] Linux version 6.16.0-rc6-next-20250716 (user01@drvtest01) (arm-none-eabi-gcc (Arm GNU Toolchain 14.2.Rel1 (Build arm-14.52)) 14.2.1 20241119, GNU ld (Arm GNU Toolchain 14.2.Rel1 (Build arm-14.52)) 2.43.1.20241119) #1 SMP Wed Jul 16 15:28:19 EEST 2025
[    0.000000] CPU: ARMv7 Processor [413fc082] revision 2 (ARMv7), cr=10c5387d
[    0.000000] CPU: PIPT / VIPT nonaliasing data cache, VIPT aliasing instruction cache
[    0.000000] OF: fdt: Machine model: TI AM335x BeagleBone Black
[    0.000000] Memory policy: Data cache writeback
[    0.000000] cma: Reserved 16 MiB at 0x9e800000
[    0.000000] Zone ranges:
[    0.000000]   Normal   [mem 0x0000000080000000-0x000000009fdfffff]
[    0.000000]   HighMem  empty
[    0.000000] Movable zone start for each node
[    0.000000] Early memory node ranges
[    0.000000]   node   0: [mem 0x0000000080000000-0x000000009fdfffff]
[    0.000000] Initmem setup node 0 [mem 0x0000000080000000-0x000000009fdfffff]
[    0.000000] On node 0, zone Normal: 512 pages in unavailable ranges
[    0.000000] OF: reserved mem: Reserved memory: No reserved-memory node in the DT
[    0.000000] CPU: All CPU(s) started in SVC mode.
[    0.000000] AM335X ES2.1 (sgx neon)
[    0.000000] percpu: Embedded 17 pages/cpu s39820 r8192 d21620 u69632
[    0.000000] pcpu-alloc: s39820 r8192 d21620 u69632 alloc=17*4096
[    0.000000] pcpu-alloc: [0] 0 
[    0.000000] Kernel command line: console=ttyO0,115200n8 root=/dev/nfs rw nfsroot=192.168.255.126:/home/user01/nfs,nfsvers=3 ip=192.168.255.1:192.168.255.126::255.255.255.0:bbb1:eth0 nfsrootdebug
[    0.000000] Unknown kernel command line parameters "nfsrootdebug", will be passed to user space.
[    0.000000] printk: log buffer data + meta data: 65536 + 204800 = 270336 bytes
[    0.000000] Dentry cache hash table entries: 65536 (order: 6, 262144 bytes, linear)
[    0.000000] Inode-cache hash table entries: 32768 (order: 5, 131072 bytes, linear)
[    0.000000] Built 1 zonelists, mobility grouping on.  Total pages: 130560
[    0.000000] mem auto-init: stack:off, heap alloc:off, heap free:off
[    0.000000] SLUB: HWalign=16, Order=0-3, MinObjects=0, CPUs=1, Nodes=1
[    0.000000] rcu: Hierarchical RCU implementation.
[    0.000000] rcu: 	RCU event tracing is enabled.
[    0.000000] rcu: 	RCU restricting CPUs from NR_CPUS=2 to nr_cpu_ids=1.
[    0.000000] 	Tracing variant of Tasks RCU enabled.
[    0.000000] rcu: RCU calculated value of scheduler-enlistment delay is 10 jiffies.
[    0.000000] rcu: Adjusting geometry for rcu_fanout_leaf=16, nr_cpu_ids=1
[    0.000000] RCU Tasks Trace: Setting shift to 0 and lim to 1 rcu_task_cb_adjust=1 rcu_task_cpu_ids=1.
[    0.000000] NR_IRQS: 16, nr_irqs: 16, preallocated irqs: 16
[    0.000000] IRQ: Found an INTC at 0x(ptrval) (revision 5.0) with 128 interrupts
[    0.000000] rcu: srcu_init: Setting srcu_struct sizes based on contention.
[    0.000000] TI gptimer clocksource: always-on /ocp/interconnect@44c00000/segment@200000/target-module@31000
[    0.000002] sched_clock: 32 bits at 24MHz, resolution 41ns, wraps every 89478484971ns
[    0.000026] clocksource: dmtimer: mask: 0xffffffff max_cycles: 0xffffffff, max_idle_ns: 79635851949 ns
[    0.000530] TI gptimer clockevent: 24000000 Hz at /ocp/interconnect@48000000/segment@0/target-module@40000
[    0.002146] Console: colour dummy device 80x30
[    0.002213] WARNING: Your 'console=ttyO0' has been replaced by 'ttyS0'
[    0.002221] This ensures that you still see kernel messages. Please
[    0.002226] update your kernel commandline.
[    0.002271] Calibrating delay loop... 996.14 BogoMIPS (lpj=4980736)
[    0.090581] CPU: Testing write buffer coherency: ok
[    0.090693] CPU0: Spectre v2: using BPIALL workaround
[    0.090704] pid_max: default: 32768 minimum: 301
[    0.090864] LSM: initializing lsm=capability
[    0.091030] Mount-cache hash table entries: 1024 (order: 0, 4096 bytes, linear)
[    0.091046] Mountpoint-cache hash table entries: 1024 (order: 0, 4096 bytes, linear)
[    0.092624] CPU0: thread -1, cpu 0, socket -1, mpidr 0
[    0.092683] cacheinfo: Unable to detect cache hierarchy for CPU 0
[    0.094671] Setting up static identity map for 0x80100000 - 0x80100078
[    0.094992] rcu: Hierarchical SRCU implementation.
[    0.095002] rcu: 	Max phase no-delay instances is 1000.
[    0.096709] smp: Bringing up secondary CPUs ...
[    0.096761] smp: Brought up 1 node, 1 CPU
[    0.096773] SMP: Total of 1 processors activated (996.14 BogoMIPS).
[    0.096784] CPU: All CPU(s) started in SVC mode.
[    0.096982] Memory: 480816K/522240K available (11264K kernel code, 1221K rwdata, 2936K rodata, 1024K init, 287K bss, 23388K reserved, 16384K cma-reserved, 0K highmem)
[    0.097805] devtmpfs: initialized
[    0.115012] VFP support v0.3: implementor 41 architecture 3 part 30 variant c rev 3
[    0.115652] clocksource: jiffies: mask: 0xffffffff max_cycles: 0xffffffff, max_idle_ns: 19112604462750000 ns
[    0.115707] posixtimers hash table entries: 512 (order: 0, 4096 bytes, linear)
[    0.115734] futex hash table entries: 256 (16384 bytes on 1 NUMA nodes, total 16 KiB, linear).
[    0.116870] pinctrl core: initialized pinctrl subsystem
[    0.119013] NET: Registered PF_NETLINK/PF_ROUTE protocol family
[    0.122178] DMA: preallocated 256 KiB pool for atomic coherent allocations
[    0.122790] audit: initializing netlink subsys (disabled)
[    0.124109] thermal_sys: Registered thermal governor 'fair_share'
[    0.124124] thermal_sys: Registered thermal governor 'step_wise'
[    0.124133] thermal_sys: Registered thermal governor 'user_space'
[    0.124243] audit: type=2000 audit(0.120:1): state=initialized audit_enabled=0 res=1
[    0.124313] cpuidle: using governor menu
[    0.142432] /ocp/interconnect@44c00000/segment@200000/target-module@b000/i2c@0/tda19988@70: Fixed dependency cycle(s) with /ocp/interconnect@48000000/segment@300000/target-module@e000/lcdc@0
[    0.143548] /ocp/interconnect@48000000/segment@300000/target-module@e000/lcdc@0: Fixed dependency cycle(s) with /ocp/interconnect@44c00000/segment@200000/target-module@b000/i2c@0/tda19988@70
[    0.145751] No ATAGs?
[    0.145795] hw-breakpoint: debug architecture 0x4 unsupported.
[    0.148900] kprobes: kprobe jump-optimization is enabled. All kprobes are optimized if possible.
[    0.154237] iommu: Default domain type: Translated
[    0.154260] iommu: DMA domain TLB invalidation policy: strict mode
[    0.155824] reg-fixed-voltage fixedregulator0: using DT '/fixedregulator0' for '(default)' GPIO lookup
[    0.155879] of_get_named_gpiod_flags: can't parse 'gpios' property of node '/fixedregulator0[0]'
[    0.155908] of_get_named_gpiod_flags: can't parse 'gpio' property of node '/fixedregulator0[0]'
[    0.155926] reg-fixed-voltage fixedregulator0: using lookup tables for GPIO lookup
[    0.155935] reg-fixed-voltage fixedregulator0: No GPIO consumer (default) found
[    0.161810] SCSI subsystem initialized
[    0.162300] libata version 3.00 loaded.
[    0.162687] pps_core: LinuxPPS API ver. 1 registered
[    0.162697] pps_core: Software ver. 5.3.6 - Copyright 2005-2007 Rodolfo Giometti <giometti@linux.it>
[    0.162722] PTP clock support registered
[    0.171426] vgaarb: loaded
[    0.171795] clocksource: Switched to clocksource dmtimer
[    0.172469] VFS: Disk quotas dquot_6.6.0
[    0.172528] VFS: Dquot-cache hash table entries: 1024 (order 0, 4096 bytes)
[    0.197258] NET: Registered PF_INET protocol family
[    0.197600] IP idents hash table entries: 8192 (order: 4, 65536 bytes, linear)
[    0.198994] tcp_listen_portaddr_hash hash table entries: 512 (order: 0, 4096 bytes, linear)
[    0.199031] Table-perturb hash table entries: 65536 (order: 6, 262144 bytes, linear)
[    0.199051] TCP established hash table entries: 4096 (order: 2, 16384 bytes, linear)
[    0.199096] TCP bind hash table entries: 4096 (order: 4, 65536 bytes, linear)
[    0.199196] TCP: Hash tables configured (established 4096 bind 4096)
[    0.199312] UDP hash table entries: 256 (order: 1, 14336 bytes, linear)
[    0.199348] UDP-Lite hash table entries: 256 (order: 1, 14336 bytes, linear)
[    0.199536] NET: Registered PF_UNIX/PF_LOCAL protocol family
[    0.202600] RPC: Registered named UNIX socket transport module.
[    0.202622] RPC: Registered udp transport module.
[    0.202626] RPC: Registered tcp transport module.
[    0.202631] RPC: Registered tcp-with-tls transport module.
[    0.202637] RPC: Registered tcp NFSv4.1 backchannel transport module.
[    0.202662] PCI: CLS 0 bytes, default 64
[    0.204038] Initialise system trusted keyrings
[    0.212701] workingset: timestamp_bits=14 max_order=17 bucket_order=3
[    0.214107] NFS: Registering the id_resolver key type
[    0.214183] Key type id_resolver registered
[    0.214192] Key type id_legacy registered
[    0.214302] jffs2: version 2.2. (NAND) (SUMMARY)  Â© 2001-2006 Red Hat, Inc.
[    0.214763] Key type asymmetric registered
[    0.214781] Asymmetric key parser 'x509' registered
[    0.214853] io scheduler mq-deadline registered
[    0.214863] io scheduler kyber registered
[    0.214938] io scheduler bfq registered
[    0.216817] target-module@4b000000:target-module@140000:pmu@0:fck: device ID is greater than 24
[    0.223019] l3-aon-clkctrl:0000:0: failed to disable
[    0.232031] ledtrig-cpu: registered to indicate activity on CPUs
[    0.235761] Serial: 8250/16550 driver, 6 ports, IRQ sharing enabled
[    0.275986] brd: module loaded
[    0.299172] loop: module loaded
[    0.300110] mtdoops: mtd device (mtddev=name/number) must be supplied
[    0.301972] mdio_bus fixed-0: using lookup tables for GPIO lookup
[    0.302000] mdio_bus fixed-0: No GPIO consumer reset found
[    0.303422] i2c_dev: i2c /dev entries driver
[    0.304422] cpuidle: enable-method property 'ti,am3352' found operations
[    0.304866] sdhci: Secure Digital Host Controller Interface driver
[    0.304876] sdhci: Copyright(c) Pierre Ossman
[    0.305051] sdhci-pltfm: SDHCI platform and OF driver helper
[    0.313281] hw perfevents: enabled with armv7_cortex_a8 PMU driver, 5 (8000000f) counters available
[    0.313805] Initializing XFRM netlink socket
[    0.313995] NET: Registered PF_INET6 protocol family
[    0.319651] l3-aon-clkctrl:0000:0: failed to disable
[    0.327973] Segment Routing with IPv6
[    0.328056] In-situ OAM (IOAM) with IPv6
[    0.328154] sit: IPv6, IPv4 and MPLS over IPv4 tunneling driver
[    0.329118] NET: Registered PF_PACKET protocol family
[    0.329147] NET: Registered PF_KEY protocol family
[    0.329268] Key type dns_resolver registered
[    0.329492] ThumbEE CPU extension supported.
[    0.329512] Registering SWP/SWPB emulation handler
[    0.330048] omap_voltage_late_init: Voltage driver support not added
[    0.330711] SmartReflex Class3 initialized
[    0.362320] Loading compiled-in X.509 certificates
[    0.393189] /ocp/interconnect@44c00000/segment@200000/target-module@b000/i2c@0/tda19988@70: Fixed dependency cycle(s) with /ocp/interconnect@48000000/segment@300000/target-module@e000/lcdc@0
[    0.399571] /ocp/interconnect@44c00000/segment@200000/target-module@b000/i2c@0/tda19988@70: Fixed dependency cycle(s) with /ocp/interconnect@48000000/segment@300000/target-module@e000/lcdc@0
[    0.405300] gpiochip_find_base_unlocked: found new base at 512
[    0.439541] /ocp/interconnect@44c00000/segment@200000/target-module@b000/i2c@0/tda19988@70: Fixed dependency cycle(s) with /ocp/interconnect@48000000/segment@300000/target-module@e000/lcdc@0
[    0.440411] /ocp/interconnect@44c00000/segment@200000/target-module@b000/i2c@0/tda19988@70: Fixed dependency cycle(s) with /ocp/interconnect@48000000/segment@300000/target-module@e000/lcdc@0
[    0.444146] /ocp/interconnect@44c00000/segment@200000/target-module@10000/scm@0/pinmux@800: Fixed dependency cycle(s) with /ocp/interconnect@44c00000/segment@200000/target-module@10000/scm@0/pinmux@800/clkout2-pins
[    0.444739] pinctrl-single 44e10800.pinmux: 142 pins, size 568
[    0.450021] ti-sysc 44e31000.target-module: probe with driver ti-sysc failed with error -16
[    0.465997] /ocp/interconnect@48000000/segment@300000/target-module@e000/lcdc@0: Fixed dependency cycle(s) with /ocp/interconnect@44c00000/segment@200000/target-module@b000/i2c@0/tda19988@70
[    0.474138] ti-sysc 48040000.target-module: probe with driver ti-sysc failed with error -16
[    0.485612] gpiochip_find_base_unlocked: found new base at 512
[    0.485712] gpio gpiochip0: (gpio-0-31): created GPIO range 0->7 ==> 44e10800.pinmux PIN 0->7
[    0.485731] gpio gpiochip0: (gpio-0-31): created GPIO range 8->11 ==> 44e10800.pinmux PIN 90->93
[    0.485747] gpio gpiochip0: (gpio-0-31): created GPIO range 12->27 ==> 44e10800.pinmux PIN 12->27
[    0.485762] gpio gpiochip0: (gpio-0-31): created GPIO range 28->31 ==> 44e10800.pinmux PIN 30->33
[    0.529987] gpio gpiochip0: (gpio-0-31): added GPIO chardev (254:0)
[    0.530137] gpio gpiochip0: registered GPIOs 512 to 543 on gpio-0-31
[    0.530223] OMAP GPIO hardware version 0.1
[    0.555710] i2c i2c-2: using DT '/ocp/interconnect@48000000/segment@100000/target-module@9c000/i2c@0' for 'scl' GPIO lookup
[    0.555781] of_get_named_gpiod_flags: can't parse 'scl-gpios' property of node '/ocp/interconnect@48000000/segment@100000/target-module@9c000/i2c@0[0]'
[    0.555823] of_get_named_gpiod_flags: can't parse 'scl-gpio' property of node '/ocp/interconnect@48000000/segment@100000/target-module@9c000/i2c@0[0]'
[    0.555858] i2c i2c-2: using lookup tables for GPIO lookup
[    0.555868] i2c i2c-2: No GPIO consumer scl found
[    0.555889] i2c i2c-2: using DT '/ocp/interconnect@48000000/segment@100000/target-module@9c000/i2c@0' for 'sda' GPIO lookup
[    0.555923] of_get_named_gpiod_flags: can't parse 'sda-gpios' property of node '/ocp/interconnect@48000000/segment@100000/target-module@9c000/i2c@0[0]'
[    0.555960] of_get_named_gpiod_flags: can't parse 'sda-gpio' property of node '/ocp/interconnect@48000000/segment@100000/target-module@9c000/i2c@0[0]'
[    0.555991] i2c i2c-2: using lookup tables for GPIO lookup
[    0.555999] i2c i2c-2: No GPIO consumer sda found
[    0.556715] omap_i2c 4819c000.i2c: bus 2 rev0.11 at 100 kHz
[    0.562543] gpiochip_find_base_unlocked: found new base at 544
[    0.562641] gpio gpiochip1: (gpio-32-63): created GPIO range 0->17 ==> 44e10800.pinmux PIN 34->51
[    0.562661] gpio gpiochip1: (gpio-32-63): created GPIO range 18->21 ==> 44e10800.pinmux PIN 77->80
[    0.562676] gpio gpiochip1: (gpio-32-63): created GPIO range 22->31 ==> 44e10800.pinmux PIN 56->65
[    0.580847] gpio gpiochip1: (gpio-32-63): added GPIO chardev (254:1)
[    0.581021] gpio gpiochip1: registered GPIOs 544 to 575 on gpio-32-63
[    0.583529] gpiochip_find_base_unlocked: found new base at 576
[    0.583625] gpio gpiochip2: (gpio-64-95): created GPIO range 0->4 ==> 44e10800.pinmux PIN 66->70
[    0.583645] gpio gpiochip2: (gpio-64-95): created GPIO range 5->6 ==> 44e10800.pinmux PIN 98->99
[    0.583660] gpio gpiochip2: (gpio-64-95): created GPIO range 7->8 ==> 44e10800.pinmux PIN 75->76
[    0.583676] gpio gpiochip2: (gpio-64-95): created GPIO range 13->13 ==> 44e10800.pinmux PIN 141->141
[    0.583691] gpio gpiochip2: (gpio-64-95): created GPIO range 14->21 ==> 44e10800.pinmux PIN 100->107
[    0.594615] gpio gpiochip2: (gpio-64-95): added GPIO chardev (254:2)
[    0.594773] gpio gpiochip2: registered GPIOs 576 to 607 on gpio-64-95
[    0.600428] 48000000.interconnect:segment@200000:target-module@0:mpu@0:fck: device ID is greater than 24
[    0.601328] /ocp/interconnect@48000000/segment@300000/target-module@e000/lcdc@0: Fixed dependency cycle(s) with /ocp/interconnect@44c00000/segment@200000/target-module@b000/i2c@0/tda19988@70
[    0.604453] /ocp/interconnect@48000000/segment@300000/target-module@e000/lcdc@0: Fixed dependency cycle(s) with /ocp/interconnect@44c00000/segment@200000/target-module@b000/i2c@0/tda19988@70
[    0.605170] /ocp/interconnect@44c00000/segment@200000/target-module@b000/i2c@0/tda19988@70: Fixed dependency cycle(s) with /ocp/interconnect@48000000/segment@300000/target-module@e000/lcdc@0
[    0.605332] /ocp/interconnect@48000000/segment@300000/target-module@e000/lcdc@0: Fixed dependency cycle(s) with /ocp/interconnect@44c00000/segment@200000/target-module@b000/i2c@0/tda19988@70
[    0.615018] mdio_bus 4a101000.mdio: using DT '/ocp/interconnect@4a000000/segment@0/target-module@100000/switch@0/mdio@1000' for 'reset' GPIO lookup
[    0.615088] of_get_named_gpiod_flags: can't parse 'reset-gpios' property of node '/ocp/interconnect@4a000000/segment@0/target-module@100000/switch@0/mdio@1000[0]'
[    0.615135] of_get_named_gpiod_flags: can't parse 'reset-gpio' property of node '/ocp/interconnect@4a000000/segment@0/target-module@100000/switch@0/mdio@1000[0]'
[    0.615181] mdio_bus 4a101000.mdio: using lookup tables for GPIO lookup
[    0.615192] mdio_bus 4a101000.mdio: No GPIO consumer reset found
[    0.616104] sdhci-omap 481d8000.mmc: using DT '/ocp/interconnect@48000000/segment@100000/target-module@d8000/mmc@0' for 'wp' GPIO lookup
[    0.616162] of_get_named_gpiod_flags: can't parse 'wp-gpios' property of node '/ocp/interconnect@48000000/segment@100000/target-module@d8000/mmc@0[0]'
[    0.616204] of_get_named_gpiod_flags: can't parse 'wp-gpio' property of node '/ocp/interconnect@48000000/segment@100000/target-module@d8000/mmc@0[0]'
[    0.616237] sdhci-omap 481d8000.mmc: using lookup tables for GPIO lookup
[    0.616247] sdhci-omap 481d8000.mmc: No GPIO consumer wp found
[    0.616438] sdhci-omap 481d8000.mmc: supply pbias not found, using dummy regulator
[    0.616924] sdhci-omap 481d8000.mmc: supply vqmmc not found, using dummy regulator
[    0.663092] davinci_mdio 4a101000.mdio: davinci mdio revision 1.6, bus freq 1000000
[    0.684534] mdio_bus 4a101000.mdio:00: using DT '/ocp/interconnect@4a000000/segment@0/target-module@100000/switch@0/mdio@1000/ethernet-phy@0' for 'reset' GPIO lookup
[    0.684637] of_get_named_gpiod_flags: parsed 'reset-gpios' property of node '/ocp/interconnect@4a000000/segment@0/target-module@100000/switch@0/mdio@1000/ethernet-phy@0[0]' - status (0)
[    0.684801] gpio gpiochip0: Persistence not supported for GPIO 8
[    0.823058] davinci_mdio 4a101000.mdio: phy[0]: device 4a101000.mdio:00, driver SMSC LAN8710/LAN8720
[    0.823826] cpsw-switch 4a100000.switch: initialized cpsw ale version 1.4
[    0.823849] cpsw-switch 4a100000.switch: ALE Table size 1024, Policers 0
[    0.824012] cpsw-switch 4a100000.switch: cpts: overflow check period 500 (jiffies)
[    0.824029] cpsw-switch 4a100000.switch: CPTS: ref_clk_freq:250000000 calc_mult:2147483648 calc_shift:29 error:0 nsec/sec
[    0.824133] cpsw-switch 4a100000.switch: Detected MACID = 6c:ec:eb:68:de:78
[    0.825980] cpsw-switch 4a100000.switch: initialized (regs 0x4a100000, pool size 256) hw_ver:0019010C 1.12 (0)
[    0.836956] debugfs: '49000000.dma' already exists in 'dmaengine'
[    0.836998] edma 49000000.dma: TI EDMA DMA engine driver
[    0.887210] gpio-clk clk_mcasp0: using DT '/clk_mcasp0' for 'enable' GPIO lookup
[    0.887286] of_get_named_gpiod_flags: parsed 'enable-gpios' property of node '/clk_mcasp0[0]' - status (0)
[    0.887330] gpio gpiochip0: Persistence not supported for GPIO 27
[    0.888192] gpiochip_find_base_unlocked: found new base at 608
[    0.888304] gpio gpiochip3: (gpio-96-127): created GPIO range 0->7 ==> 44e10800.pinmux PIN 82->89
[    0.888325] gpio gpiochip3: (gpio-96-127): created GPIO range 8->11 ==> 44e10800.pinmux PIN 52->55
[    0.888341] gpio gpiochip3: (gpio-96-127): created GPIO range 12->15 ==> 44e10800.pinmux PIN 94->97
[    0.888356] gpio gpiochip3: (gpio-96-127): created GPIO range 16->17 ==> 44e10800.pinmux PIN 71->72
[    0.888372] gpio gpiochip3: (gpio-96-127): created GPIO range 18->18 ==> 44e10800.pinmux PIN 135->135
[    0.888388] gpio gpiochip3: (gpio-96-127): created GPIO range 19->20 ==> 44e10800.pinmux PIN 108->109
[    0.888404] gpio gpiochip3: (gpio-96-127): created GPIO range 21->21 ==> 44e10800.pinmux PIN 73->73
[    0.888420] gpio gpiochip3: (gpio-96-127): created GPIO range 22->23 ==> 44e10800.pinmux PIN 8->9
[    0.888437] gpio gpiochip3: (gpio-96-127): created GPIO range 26->27 ==> 44e10800.pinmux PIN 10->11
[    0.888455] gpio gpiochip3: (gpio-96-127): created GPIO range 28->28 ==> 44e10800.pinmux PIN 74->74
[    0.888472] gpio gpiochip3: (gpio-96-127): created GPIO range 29->29 ==> 44e10800.pinmux PIN 81->81
[    0.888491] gpio gpiochip3: (gpio-96-127): created GPIO range 30->31 ==> 44e10800.pinmux PIN 28->29
[    0.900379] gpio gpiochip3: (gpio-96-127): added GPIO chardev (254:3)
[    0.900542] gpio gpiochip3: registered GPIOs 608 to 639 on gpio-96-127
[    0.913366] omap8250 44e09000.serial: using DT '/ocp/interconnect@44c00000/segment@200000/target-module@9000/serial@0' for 'rs485-term' GPIO lookup
[    0.913441] of_get_named_gpiod_flags: can't parse 'rs485-term-gpios' property of node '/ocp/interconnect@44c00000/segment@200000/target-module@9000/serial@0[0]'
[    0.913486] of_get_named_gpiod_flags: can't parse 'rs485-term-gpio' property of node '/ocp/interconnect@44c00000/segment@200000/target-module@9000/serial@0[0]'
[    0.913521] omap8250 44e09000.serial: using lookup tables for GPIO lookup
[    0.913531] omap8250 44e09000.serial: No GPIO consumer rs485-term found
[    0.913542] omap8250 44e09000.serial: using DT '/ocp/interconnect@44c00000/segment@200000/target-module@9000/serial@0' for 'rs485-rx-during-tx' GPIO lookup
[    0.913576] of_get_named_gpiod_flags: can't parse 'rs485-rx-during-tx-gpios' property of node '/ocp/interconnect@44c00000/segment@200000/target-module@9000/serial@0[0]'
[    0.913613] of_get_named_gpiod_flags: can't parse 'rs485-rx-during-tx-gpio' property of node '/ocp/interconnect@44c00000/segment@200000/target-module@9000/serial@0[0]'
[    0.913644] omap8250 44e09000.serial: using lookup tables for GPIO lookup
[    0.913652] omap8250 44e09000.serial: No GPIO consumer rs485-rx-during-tx found
[    0.914081] 44e09000.serial: ttyS0 at MMIO 0x44e09000 (irq = 34, base_baud = 3000000) is a 8250
[    0.914170] printk: legacy console [ttyS0] enabled
[    2.395502] i2c i2c-0: using DT '/ocp/interconnect@44c00000/segment@200000/target-module@b000/i2c@0' for 'scl' GPIO lookup
[    2.395591] of_get_named_gpiod_flags: can't parse 'scl-gpios' property of node '/ocp/interconnect@44c00000/segment@200000/target-module@b000/i2c@0[0]'
[    2.395637] of_get_named_gpiod_flags: can't parse 'scl-gpio' property of node '/ocp/interconnect@44c00000/segment@200000/target-module@b000/i2c@0[0]'
[    2.395677] i2c i2c-0: using lookup tables for GPIO lookup
[    2.395692] i2c i2c-0: No GPIO consumer scl found
[    2.395717] i2c i2c-0: using DT '/ocp/interconnect@44c00000/segment@200000/target-module@b000/i2c@0' for 'sda' GPIO lookup
[    2.395756] of_get_named_gpiod_flags: can't parse 'sda-gpios' property of node '/ocp/interconnect@44c00000/segment@200000/target-module@b000/i2c@0[0]'
[    2.395796] of_get_named_gpiod_flags: can't parse 'sda-gpio' property of node '/ocp/interconnect@44c00000/segment@200000/target-module@b000/i2c@0[0]'
[    2.395831] i2c i2c-0: using lookup tables for GPIO lookup
[    2.395843] i2c i2c-0: No GPIO consumer sda found
[    2.412735] tps65217-pmic: Failed to locate of_node [id: -1]
[    2.418810] tps65217-bl: Failed to locate of_node [id: -1]
[    2.424908] platform tps65217-charger: DMA mask not set
[    2.430943] platform tps65217-pwrbutton: DMA mask not set
[    2.438218] tps65217 0-0024: TPS65217 ID 0xe version 1.2
[    2.444343] /ocp/interconnect@48000000/segment@300000/target-module@e000/lcdc@0: Fixed dependency cycle(s) with /ocp/interconnect@44c00000/segment@200000/target-module@b000/i2c@0/tda19988@70
[    2.461720] /ocp/interconnect@44c00000/segment@200000/target-module@b000/i2c@0/tda19988@70: Fixed dependency cycle(s) with /ocp/interconnect@48000000/segment@300000/target-module@e000/lcdc@0
[    2.479088] omap_i2c 44e0b000.i2c: bus 0 rev0.11 at 400 kHz
[    2.486754] sdhci-omap 48060000.mmc: using DT '/ocp/interconnect@48000000/segment@0/target-module@60000/mmc@0' for 'cd' GPIO lookup
[    2.486870] of_get_named_gpiod_flags: parsed 'cd-gpios' property of node '/ocp/interconnect@48000000/segment@0/target-module@60000/mmc@0[0]' - status (0)
[    2.486938] gpio gpiochip3: Persistence not supported for GPIO 6
[    2.486964] omap_gpio 44e07000.gpio: Could not set line 6 debounce to 200000 microseconds (-22)
[    2.495883] sdhci-omap 48060000.mmc: Got CD GPIO
[    2.500539] sdhci-omap 48060000.mmc: using DT '/ocp/interconnect@48000000/segment@0/target-module@60000/mmc@0' for 'wp' GPIO lookup
[    2.500586] of_get_named_gpiod_flags: can't parse 'wp-gpios' property of node '/ocp/interconnect@48000000/segment@0/target-module@60000/mmc@0[0]'
[    2.500630] of_get_named_gpiod_flags: can't parse 'wp-gpio' property of node '/ocp/interconnect@48000000/segment@0/target-module@60000/mmc@0[0]'
[    2.500670] sdhci-omap 48060000.mmc: using lookup tables for GPIO lookup
[    2.500683] sdhci-omap 48060000.mmc: No GPIO consumer wp found
[    2.500892] sdhci-omap 48060000.mmc: supply pbias not found, using dummy regulator
[    2.509718] sdhci-omap 481d8000.mmc: using DT '/ocp/interconnect@48000000/segment@100000/target-module@d8000/mmc@0' for 'wp' GPIO lookup
[    2.509793] of_get_named_gpiod_flags: can't parse 'wp-gpios' property of node '/ocp/interconnect@48000000/segment@100000/target-module@d8000/mmc@0[0]'
[    2.509840] of_get_named_gpiod_flags: can't parse 'wp-gpio' property of node '/ocp/interconnect@48000000/segment@100000/target-module@d8000/mmc@0[0]'
[    2.509878] sdhci-omap 481d8000.mmc: using lookup tables for GPIO lookup
[    2.509892] sdhci-omap 481d8000.mmc: No GPIO consumer wp found
[    2.510865] sdhci-omap 48060000.mmc: supply vqmmc not found, using dummy regulator
[    2.520206] sdhci-omap 481d8000.mmc: supply pbias not found, using dummy regulator
[    2.529892] sdhci-omap 481d8000.mmc: supply vqmmc not found, using dummy regulator
[    2.565536] mmc0: SDHCI controller on 48060000.mmc [48060000.mmc] using External DMA
[    2.573863] mmc1: SDHCI controller on 481d8000.mmc [481d8000.mmc] using External DMA
[    2.582638] cpsw-switch 4a100000.switch: starting ndev. mode: dual_mac
[    2.630854] mmc0: new high speed SDHC card at address 5048
[    2.637896] mmcblk0: mmc0:5048 SD16G 14.4 GiB
[    2.646153]  mmcblk0: p1 p2
[    2.649544] mmcblk0: p2 size 31221760 extends beyond EOD, truncated
[    2.663024] SMSC LAN8710/LAN8720 4a101000.mdio:00: attached PHY driver (mii_bus:phy_addr=4a101000.mdio:00, irq=POLL)
[    2.674007] mmc1: new high speed MMC card at address 0001
[    2.686600] mmcblk1: mmc1:0001 MMC04G 3.60 GiB
[    2.694277]  mmcblk1: p1 p2
[    2.698487] mmcblk1boot0: mmc1:0001 MMC04G 2.00 MiB
[    2.707189] mmcblk1boot1: mmc1:0001 MMC04G 2.00 MiB
[    2.716411] mmcblk1rpmb: mmc1:0001 MMC04G 128 KiB, chardev (249:0)
[    5.842560] cpsw-switch 4a100000.switch eth0: Link is Up - 100Mbps/Full - flow control off
[    5.882041] IP-Config: Complete:
[    5.885318]      device=eth0, hwaddr=6c:ec:eb:68:de:78, ipaddr=192.168.255.1, mask=255.255.255.0, gw=255.255.255.255
[    5.895977]      host=bbb1, domain=, nis-domain=(none)
[    5.901144]      bootserver=192.168.255.126, rootserver=192.168.255.126, rootpath=
[    5.901567] clk: Disabling unused clocks
[    5.913468] KTAP version 1
[    5.916201] 1..0
[    5.918632] check access for rdinit=/init failed: -2, ignoring
[    5.958283] VFS: Mounted root (nfs filesystem) on device 0:17.
[    5.965517] devtmpfs: mounted
[    5.970023] Freeing unused kernel image (initmem) memory: 1024K
[    5.976825] Run /sbin/init as init process
[    5.980958]   with arguments:
[    5.980972]     /sbin/init
[    5.980981]     nfsrootdebug
[    5.980990]   with environment:
[    5.980999]     HOME=/
[    5.981008]     TERM=linux
[    6.650395] systemd[1]: System time before build time, advancing clock.
[    8.181812] random: crng init done
[    8.198050] systemd[1]: systemd 232 running in system mode. (+PAM +AUDIT +SELINUX +IMA +APPARMOR +SMACK +SYSVINIT +UTMP +LIBCRYPTSETUP +GCRYPT +GNUTLS +ACL +XZ +LZ4 +SECCOMP +BLKID +ELFUTILS +KMOD +IDN)
[    8.217050] systemd[1]: Detected architecture arm.
[    8.244938] systemd[1]: Set hostname to <arm>.
[    9.337278] systemd[1]: Started Dispatch Password Requests to Console Directory Watch.
[    9.373430] systemd[1]: Created slice System Slice.
[    9.405698] systemd[1]: systemd-journald-dev-log.socket: SO_PASSSEC failed: Operation not supported
[    9.415350] systemd[1]: Listening on Journal Socket (/dev/log).
[    9.443685] systemd[1]: Set up automount Arbitrary Executable File Formats File System Automount Point.
[    9.473857] systemd[1]: Listening on /dev/initctl Compatibility Named Pipe.
[    9.502208] systemd[1]: Reached target Swap.
[   11.640369] systemd-journald[86]: Received request to flush runtime journal from PID 1
[   12.642598] omap_prm 44e00d00.prm: sync_state() pending due to 44d00000.cpu
[   14.299858] leds-gpio leds: using DT '/leds/led2' for '(default)' GPIO lookup
[   14.299974] of_get_named_gpiod_flags: parsed 'gpios' property of node '/leds/led2[0]' - status (0)
[   14.300032] gpio gpiochip0: Persistence not supported for GPIO 21
[   14.300047] gpio-533 (?): no flags found for GPIO (default)
[   14.337735] leds-gpio leds: using DT '/leds/led3' for '(default)' GPIO lookup
[   14.337851] of_get_named_gpiod_flags: parsed 'gpios' property of node '/leds/led3[0]' - status (0)
[   14.337911] gpio gpiochip0: Persistence not supported for GPIO 22
[   14.337924] gpio-534 (?): no flags found for GPIO (default)
[   14.371074] leds-gpio leds: using DT '/leds/led4' for '(default)' GPIO lookup
[   14.371176] of_get_named_gpiod_flags: parsed 'gpios' property of node '/leds/led4[0]' - status (0)
[   14.371230] gpio gpiochip0: Persistence not supported for GPIO 23
[   14.371245] gpio-535 (?): no flags found for GPIO (default)
[   14.393084] leds-gpio leds: using DT '/leds/led5' for '(default)' GPIO lookup
[   14.393193] of_get_named_gpiod_flags: parsed 'gpios' property of node '/leds/led5[0]' - status (0)
[   14.393251] gpio gpiochip0: Persistence not supported for GPIO 24
[   14.393266] gpio-536 (?): no flags found for GPIO (default)
[   14.794675] remoteproc remoteproc0: wkup_m3 is available
[   14.913458] omap_rtc 44e3e000.rtc: registered as rtc0
[   14.918640] omap_rtc 44e3e000.rtc: setting system clock to 2000-01-01T00:00:00 UTC (946684800)
[   14.927508] omap_rtc 44e3e000.rtc: using DT '/ocp/interconnect@44c00000/segment@200000/target-module@3e000/rtc@0' for 'wp' GPIO lookup
[   14.927582] of_get_named_gpiod_flags: can't parse 'wp-gpios' property of node '/ocp/interconnect@44c00000/segment@200000/target-module@3e000/rtc@0[0]'
[   14.927633] of_get_named_gpiod_flags: can't parse 'wp-gpio' property of node '/ocp/interconnect@44c00000/segment@200000/target-module@3e000/rtc@0[0]'
[   14.927673] omap_rtc 44e3e000.rtc: using lookup tables for GPIO lookup
[   14.927687] omap_rtc 44e3e000.rtc: No GPIO consumer wp found
[   15.054824] omap_wdt: OMAP Watchdog Timer Rev 0x01: initial timeout 60 sec
[   15.284436] at24 2-0054: supply vcc not found, using dummy regulator
[   15.345048] am335x-phy-driver 47401300.usb-phy: using DT '/ocp/target-module@47400000/usb-phy@1300' for 'reset' GPIO lookup
[   15.345145] of_get_named_gpiod_flags: can't parse 'reset-gpios' property of node '/ocp/target-module@47400000/usb-phy@1300[0]'
[   15.345190] of_get_named_gpiod_flags: can't parse 'reset-gpio' property of node '/ocp/target-module@47400000/usb-phy@1300[0]'
[   15.345227] am335x-phy-driver 47401300.usb-phy: using lookup tables for GPIO lookup
[   15.345242] am335x-phy-driver 47401300.usb-phy: No GPIO consumer reset found
[   15.345257] am335x-phy-driver 47401300.usb-phy: using DT '/ocp/target-module@47400000/usb-phy@1300' for 'vbus-detect' GPIO lookup
[   15.345288] of_get_named_gpiod_flags: can't parse 'vbus-detect-gpios' property of node '/ocp/target-module@47400000/usb-phy@1300[0]'
[   15.345320] of_get_named_gpiod_flags: can't parse 'vbus-detect-gpio' property of node '/ocp/target-module@47400000/usb-phy@1300[0]'
[   15.345346] am335x-phy-driver 47401300.usb-phy: using lookup tables for GPIO lookup
[   15.345358] am335x-phy-driver 47401300.usb-phy: No GPIO consumer vbus-detect found
[   15.345507] am335x-phy-driver 47401300.usb-phy: dummy supplies not allowed for exclusive requests (id=vbus)
[   15.409454] at24 2-0055: supply vcc not found, using dummy regulator
[   15.533772] at24 2-0056: supply vcc not found, using dummy regulator
[   15.653649] at24 2-0057: supply vcc not found, using dummy regulator
[   15.706870] am335x-phy-driver 47401b00.usb-phy: using DT '/ocp/target-module@47400000/usb-phy@1b00' for 'reset' GPIO lookup
[   15.706961] of_get_named_gpiod_flags: can't parse 'reset-gpios' property of node '/ocp/target-module@47400000/usb-phy@1b00[0]'
[   15.707006] of_get_named_gpiod_flags: can't parse 'reset-gpio' property of node '/ocp/target-module@47400000/usb-phy@1b00[0]'
[   15.707044] am335x-phy-driver 47401b00.usb-phy: using lookup tables for GPIO lookup
[   15.707058] am335x-phy-driver 47401b00.usb-phy: No GPIO consumer reset found
[   15.707073] am335x-phy-driver 47401b00.usb-phy: using DT '/ocp/target-module@47400000/usb-phy@1b00' for 'vbus-detect' GPIO lookup
[   15.707104] of_get_named_gpiod_flags: can't parse 'vbus-detect-gpios' property of node '/ocp/target-module@47400000/usb-phy@1b00[0]'
[   15.707136] of_get_named_gpiod_flags: can't parse 'vbus-detect-gpio' property of node '/ocp/target-module@47400000/usb-phy@1b00[0]'
[   15.707163] am335x-phy-driver 47401b00.usb-phy: using lookup tables for GPIO lookup
[   15.707174] am335x-phy-driver 47401b00.usb-phy: No GPIO consumer vbus-detect found
[   15.707323] am335x-phy-driver 47401b00.usb-phy: dummy supplies not allowed for exclusive requests (id=vbus)
[   15.793085] at24 0-0050: using DT '/ocp/interconnect@44c00000/segment@200000/target-module@b000/i2c@0/eeprom@50' for 'wp' GPIO lookup
[   15.793290] of_get_named_gpiod_flags: can't parse 'wp-gpios' property of node '/ocp/interconnect@44c00000/segment@200000/target-module@b000/i2c@0/eeprom@50[0]'
[   15.793399] of_get_named_gpiod_flags: can't parse 'wp-gpio' property of node '/ocp/interconnect@44c00000/segment@200000/target-module@b000/i2c@0/eeprom@50[0]'
[   15.793485] at24 0-0050: using lookup tables for GPIO lookup
[   15.793502] at24 0-0050: No GPIO consumer wp found
[   15.794030] at24 0-0050: 32768 byte 24c256 EEPROM, writable, 1 bytes/write
[   15.874296] input: tps65217_pwrbutton as /devices/platform/ocp/44c00000.interconnect/44c00000.interconnect:segment@200000/44e0b000.target-module/44e0b000.i2c/i2c-0/0-0024/tps65217-pwrbutton/input/input0
[   16.815306] usbcore: registered new interface driver usbfs
[   16.820955] usbcore: registered new interface driver hub
[   16.826610] usbcore: registered new device driver usb
[   17.700775] omap-mailbox 480c8000.mailbox: omap mailbox rev 0x400
[   17.757414] remoteproc remoteproc0: powering up wkup_m3
[   17.798267] musb-hdrc musb-hdrc.1: MUSB HDRC host driver
[   17.803938] musb-hdrc musb-hdrc.1: new USB bus registered, assigned bus number 1
[   17.936627] tda998x 0-0070: found TDA19988
[   17.994121] remoteproc remoteproc0: Direct firmware load for am335x-pm-firmware.elf failed with error -2
[   18.004789] remoteproc remoteproc0: request_firmware failed: -2
[   18.010762] wkup_m3_ipc 44e11324.wkup_m3_ipc: rproc_boot failed
[   18.026252] usb usb1: New USB device found, idVendor=1d6b, idProduct=0002, bcdDevice= 6.16
[   18.034722] usb usb1: New USB device strings: Mfr=3, Product=2, SerialNumber=1
[   18.042032] usb usb1: Product: MUSB HDRC host driver
[   18.047026] usb usb1: Manufacturer: Linux 6.16.0-rc6-next-20250716 musb-hcd
[   18.054063] usb usb1: SerialNumber: musb-hdrc.1
[   18.556816] hub 1-0:1.0: USB hub found
[   18.654866] hub 1-0:1.0: 1 port detected
[   19.817518] omap_rng 48310000.rng: Random Number Generator ver. 20
[   20.012337] tilcdc 4830e000.lcdc: bound 0-0070 (ops tda998x_audio_codec_init [tda998x])
[   20.153767] [drm] Initialized tilcdc 1.0.0 for 4830e000.lcdc on minor 0
[   20.218488] tilcdc 4830e000.lcdc: [drm] Cannot find any crtc or sizes
[   20.241603] tilcdc 4830e000.lcdc: [drm] Cannot find any crtc or sizes
[   20.874981] ------------[ cut here ]------------
[   20.879685] WARNING: net/8021q/vlan_core.c:236 at vlan_for_each+0x114/0x134, CPU#0: avahi-daemon/178
[   20.889044] RTNL: assertion failed at net/8021q/vlan_core.c (236)
[   20.895203] Modules linked in: tilcdc omap_rng drm_dma_helper rng_core snd_soc_davinci_mcasp drm_client_lib snd_soc_ti_udma snd_soc_ti_edma snd_soc_ti_sdma snd_soc_core snd_pcm_dmaengine snd_pcm snd_timer snd omap_mailbox tda998x musb_dsps soundcore musb_hdrc cec udc_core drm_kms_helper usbcore drm wkup_m3_ipc tps65218_pwrbutton phy_am335x drm_panel_orientation_quirks at24 phy_am335x_control phy_generic usb_common omap_wdt watchdog rtc_omap cppi41 wkup_m3_rproc leds_gpio led_class cpufreq_dt ip_tables x_tables autofs4
[   20.941616] CPU: 0 UID: 107 PID: 178 Comm: avahi-daemon Not tainted 6.16.0-rc6-next-20250716 #1 NONE 
[   20.941636] Hardware name: Generic AM33XX (Flattened Device Tree)
[   20.941644] Call trace: 
[   20.941660]  unwind_backtrace from show_stack+0x10/0x14
[   20.941697]  show_stack from dump_stack_lvl+0x50/0x64
[   20.941723]  dump_stack_lvl from __warn+0x88/0x148
[   20.941741]  __warn from warn_slowpath_fmt+0x19c/0x1b0
[   20.941753]  warn_slowpath_fmt from vlan_for_each+0x114/0x134
[   20.941775]  vlan_for_each from cpsw_add_mc_addr+0x40/0xa4
[   20.941803]  cpsw_add_mc_addr from __hw_addr_ref_sync_dev+0x108/0x140
[   20.941836]  __hw_addr_ref_sync_dev from __dev_mc_add+0x7c/0x80
[   20.941859]  __dev_mc_add from igmp6_group_added+0xc8/0xe0
[   20.941887]  igmp6_group_added from __ipv6_dev_mc_inc+0x218/0x364
[   20.941904]  __ipv6_dev_mc_inc from __ipv6_sock_mc_join+0x11c/0x214
[   20.941921]  __ipv6_sock_mc_join from do_ipv6_setsockopt+0x1214/0x1310
[   20.941951]  do_ipv6_setsockopt from ipv6_setsockopt+0x60/0xcc
[   20.941972]  ipv6_setsockopt from udpv6_setsockopt+0x2c/0x6c
[   20.941997]  udpv6_setsockopt from sock_common_setsockopt+0x30/0x40
[   20.942031]  sock_common_setsockopt from do_sock_setsockopt+0x50/0x9c
[   20.942052]  do_sock_setsockopt from __sys_setsockopt+0x70/0xbc
[   20.942071]  __sys_setsockopt from ret_fast_syscall+0x0/0x58
[   20.942088] Exception stack(0xe0135fa8 to 0xe0135ff0)
[   20.942103] 5fa0:                   00000014 b6f09ce8 0000000d 00000029 00000014 beb7e9ec
[   20.942114] 5fc0: 00000014 b6f09ce8 00000014 00000126 0000000d b6eb2ff4 004de988 004c6558
[   20.942123] 5fe0: b6ec8088 beb7e9d8 b6ea5309 b6d7c41a
[   21.090913] ---[ end trace 0000000000000000 ]---
[   21.762501] PM: Cannot get wkup_m3_ipc handle
[   21.777645] omap-sham 53100000.sham: hw accel on OMAP rev 4.3
[   21.896660] omap-sham 53100000.sham: will run requests pump with realtime priority
[   21.906300] PM: Cannot get wkup_m3_ipc handle
[   22.004847] omap-aes 53500000.aes: OMAP AES hw accel rev: 3.2
[   22.102607] omap-aes 53500000.aes: will run requests pump with realtime priority
[   22.113609] PM: Cannot get wkup_m3_ipc handle
[   23.071520] Bluetooth: Core ver 2.22
[   23.076160] NET: Registered PF_BLUETOOTH protocol family
[   23.081715] Bluetooth: HCI device and connection manager initialized
[   23.088270] Bluetooth: HCI socket layer initialized
[   23.093239] Bluetooth: L2CAP socket layer initialized
[   23.098355] Bluetooth: SCO socket layer initialized
[   25.544489] tda998x 0-0070: using DT '/ocp/interconnect@44c00000/segment@200000/target-module@b000/i2c@0/tda19988@70' for 'nxp,calib' GPIO lookup
[   25.544630] of_get_named_gpiod_flags: parsed 'nxp,calib-gpios' property of node '/ocp/interconnect@44c00000/segment@200000/target-module@b000/i2c@0/tda19988@70[0]' - status (0)
[   25.544714] gpio gpiochip0: Persistence not supported for GPIO 25
[   25.544729] gpio-537 (nxp,calib): no flags found for GPIO nxp,calib
[   25.550277] gpio-537 (nxp,calib): gpiod_direction_output_nonotify: tried to set a GPIO tied to an IRQ as output
[   25.587260] asoc-simple-card sound: using DT '/sound' for 'simple-audio-card,hp-det' GPIO lookup
[   25.587345] of_get_named_gpiod_flags: can't parse 'simple-audio-card,hp-det-gpios' property of node '/sound[0]'
[   25.587379] of_get_named_gpiod_flags: can't parse 'simple-audio-card,hp-det-gpio' property of node '/sound[0]'
[   25.587404] asoc-simple-card sound: using lookup tables for GPIO lookup
[   25.587419] asoc-simple-card sound: No GPIO consumer simple-audio-card,hp-det found
[   25.587434] asoc-simple-card sound: using DT '/sound' for 'simple-audio-card,mic-det' GPIO lookup
[   25.587458] of_get_named_gpiod_flags: can't parse 'simple-audio-card,mic-det-gpios' property of node '/sound[0]'
[   25.587484] of_get_named_gpiod_flags: can't parse 'simple-audio-card,mic-det-gpio' property of node '/sound[0]'
[   25.587504] asoc-simple-card sound: using lookup tables for GPIO lookup
[   25.587516] asoc-simple-card sound: No GPIO consumer simple-audio-card,mic-det found
[   25.655148] PM: Cannot get wkup_m3_ipc handle
[   25.837400] tda9950 0-0034: TDA9950 CEC interface, hardware version 3.3
[   25.964055] PM: Cannot get wkup_m3_ipc handle
[   28.961261] userial_init: registered 8 ttyGS* devices
[   29.153552] rndis_register: configNr = 0
[   29.219277] udc musb-hdrc.0: binding gadget driver [g_multi]
[   29.219375] configfs-gadget.g_multi gadget.0: adding 'rndis'/c4f3eb5c to config 'c'/769da815
[   29.220526] configfs-gadget.g_multi gadget.0: HOST MAC 1c:ba:8c:a2:ed:6c
[   29.227527] configfs-gadget.g_multi gadget.0: MAC 1c:ba:8c:a2:ed:70
[   29.233955] rndis_set_param_medium: 0 0
[   29.233979] configfs-gadget.g_multi gadget.0: RNDIS: IN/ep1in OUT/ep1out NOTIFY/ep2in
[   29.233997] configfs-gadget.g_multi gadget.0: adding 'cdc_ethernet'/ce5996ce to config 'c'/769da815
[   29.234874] configfs-gadget.g_multi gadget.0: HOST MAC 1c:ba:8c:a2:ed:6c
[   29.241636] configfs-gadget.g_multi gadget.0: MAC 1c:ba:8c:a2:ed:6d
[   29.248062] configfs-gadget.g_multi gadget.0: CDC Ethernet: IN/ep3in OUT/ep2out NOTIFY/ep4in
[   29.248083] configfs-gadget.g_multi gadget.0: adding 'acm'/7b8b98ce to config 'c'/769da815
[   29.248120] configfs-gadget.g_multi gadget.0: acm ttyGS0: IN/ep5in OUT/ep3out NOTIFY/ep6in
[   29.257527] PM: Cannot get wkup_m3_ipc handle
[   31.826137] configfs-gadget.g_multi gadget.0: eth_open
[   35.295525] gs_open: ttyGS0 (4335c757,4f1026e0)
[   35.295685] gs_close: ttyGS0 (4335c757,4f1026e0) ...
[   35.295709] gs_close: ttyGS0 (4335c757,4f1026e0) done!
[   35.295871] gs_open: ttyGS0 (adcc37b3,4f1026e0)
[   35.295946] gs_close: ttyGS0 (adcc37b3,4f1026e0) ...
[   35.295964] gs_close: ttyGS0 (adcc37b3,4f1026e0) done!
[   35.478960] gs_open: ttyGS0 (adcc37b3,d9332775)
[   35.479229] gs_close: ttyGS0 (adcc37b3,d9332775) ...
[   35.479263] gs_close: ttyGS0 (adcc37b3,d9332775) done!
[   35.484204] gs_open: ttyGS0 (adcc37b3,c595d36e)
YKNKKWJNWP 0
root@arm:~# echo 'TQEG''CYACKP'
TQEGCYACKP
root@arm:~# MARKER='LANV''PBBJTQ' run 'modprobe test_linear_ranges'
LANVPBBJTQLANVPBBJTQ 0
root@arm:~# echo 'UEJN''SKFEMK'
UEJNSKFEMK
root@arm:~# MARKER='ZKTQ''PGKSEJ' run dmesg
ZKTQPGKSEJ[    0.000000] Booting Linux on physical CPU 0x0
[    0.000000] Linux version 6.16.0-rc6-next-20250716 (user01@drvtest01) (arm-none-eabi-gcc (Arm GNU Toolchain 14.2.Rel1 (Build arm-14.52)) 14.2.1 20241119, GNU ld (Arm GNU Toolchain 14.2.Rel1 (Build arm-14.52)) 2.43.1.20241119) #1 SMP Wed Jul 16 15:28:19 EEST 2025
[    0.000000] CPU: ARMv7 Processor [413fc082] revision 2 (ARMv7), cr=10c5387d
[    0.000000] CPU: PIPT / VIPT nonaliasing data cache, VIPT aliasing instruction cache
[    0.000000] OF: fdt: Machine model: TI AM335x BeagleBone Black
[    0.000000] Memory policy: Data cache writeback
[    0.000000] cma: Reserved 16 MiB at 0x9e800000
[    0.000000] Zone ranges:
[    0.000000]   Normal   [mem 0x0000000080000000-0x000000009fdfffff]
[    0.000000]   HighMem  empty
[    0.000000] Movable zone start for each node
[    0.000000] Early memory node ranges
[    0.000000]   node   0: [mem 0x0000000080000000-0x000000009fdfffff]
[    0.000000] Initmem setup node 0 [mem 0x0000000080000000-0x000000009fdfffff]
[    0.000000] On node 0, zone Normal: 512 pages in unavailable ranges
[    0.000000] OF: reserved mem: Reserved memory: No reserved-memory node in the DT
[    0.000000] CPU: All CPU(s) started in SVC mode.
[    0.000000] AM335X ES2.1 (sgx neon)
[    0.000000] percpu: Embedded 17 pages/cpu s39820 r8192 d21620 u69632
[    0.000000] pcpu-alloc: s39820 r8192 d21620 u69632 alloc=17*4096
[    0.000000] pcpu-alloc: [0] 0 
[    0.000000] Kernel command line: console=ttyO0,115200n8 root=/dev/nfs rw nfsroot=192.168.255.126:/home/user01/nfs,nfsvers=3 ip=192.168.255.1:192.168.255.126::255.255.255.0:bbb1:eth0 nfsrootdebug
[    0.000000] Unknown kernel command line parameters "nfsrootdebug", will be passed to user space.
[    0.000000] printk: log buffer data + meta data: 65536 + 204800 = 270336 bytes
[    0.000000] Dentry cache hash table entries: 65536 (order: 6, 262144 bytes, linear)
[    0.000000] Inode-cache hash table entries: 32768 (order: 5, 131072 bytes, linear)
[    0.000000] Built 1 zonelists, mobility grouping on.  Total pages: 130560
[    0.000000] mem auto-init: stack:off, heap alloc:off, heap free:off
[    0.000000] SLUB: HWalign=16, Order=0-3, MinObjects=0, CPUs=1, Nodes=1
[    0.000000] rcu: Hierarchical RCU implementation.
[    0.000000] rcu: 	RCU event tracing is enabled.
[    0.000000] rcu: 	RCU restricting CPUs from NR_CPUS=2 to nr_cpu_ids=1.
[    0.000000] 	Tracing variant of Tasks RCU enabled.
[    0.000000] rcu: RCU calculated value of scheduler-enlistment delay is 10 jiffies.
[    0.000000] rcu: Adjusting geometry for rcu_fanout_leaf=16, nr_cpu_ids=1
[    0.000000] RCU Tasks Trace: Setting shift to 0 and lim to 1 rcu_task_cb_adjust=1 rcu_task_cpu_ids=1.
[    0.000000] NR_IRQS: 16, nr_irqs: 16, preallocated irqs: 16
[    0.000000] IRQ: Found an INTC at 0x(ptrval) (revision 5.0) with 128 interrupts
[    0.000000] rcu: srcu_init: Setting srcu_struct sizes based on contention.
[    0.000000] TI gptimer clocksource: always-on /ocp/interconnect@44c00000/segment@200000/target-module@31000
[    0.000002] sched_clock: 32 bits at 24MHz, resolution 41ns, wraps every 89478484971ns
[    0.000026] clocksource: dmtimer: mask: 0xffffffff max_cycles: 0xffffffff, max_idle_ns: 79635851949 ns
[    0.000530] TI gptimer clockevent: 24000000 Hz at /ocp/interconnect@48000000/segment@0/target-module@40000
[    0.002146] Console: colour dummy device 80x30
[    0.002213] WARNING: Your 'console=ttyO0' has been replaced by 'ttyS0'
[    0.002221] This ensures that you still see kernel messages. Please
[    0.002226] update your kernel commandline.
[    0.002271] Calibrating delay loop... 996.14 BogoMIPS (lpj=4980736)
[    0.090581] CPU: Testing write buffer coherency: ok
[    0.090693] CPU0: Spectre v2: using BPIALL workaround
[    0.090704] pid_max: default: 32768 minimum: 301
[    0.090864] LSM: initializing lsm=capability
[    0.091030] Mount-cache hash table entries: 1024 (order: 0, 4096 bytes, linear)
[    0.091046] Mountpoint-cache hash table entries: 1024 (order: 0, 4096 bytes, linear)
[    0.092624] CPU0: thread -1, cpu 0, socket -1, mpidr 0
[    0.092683] cacheinfo: Unable to detect cache hierarchy for CPU 0
[    0.094671] Setting up static identity map for 0x80100000 - 0x80100078
[    0.094992] rcu: Hierarchical SRCU implementation.
[    0.095002] rcu: 	Max phase no-delay instances is 1000.
[    0.096709] smp: Bringing up secondary CPUs ...
[    0.096761] smp: Brought up 1 node, 1 CPU
[    0.096773] SMP: Total of 1 processors activated (996.14 BogoMIPS).
[    0.096784] CPU: All CPU(s) started in SVC mode.
[    0.096982] Memory: 480816K/522240K available (11264K kernel code, 1221K rwdata, 2936K rodata, 1024K init, 287K bss, 23388K reserved, 16384K cma-reserved, 0K highmem)
[    0.097805] devtmpfs: initialized
[    0.115012] VFP support v0.3: implementor 41 architecture 3 part 30 variant c rev 3
[    0.115652] clocksource: jiffies: mask: 0xffffffff max_cycles: 0xffffffff, max_idle_ns: 19112604462750000 ns
[    0.115707] posixtimers hash table entries: 512 (order: 0, 4096 bytes, linear)
[    0.115734] futex hash table entries: 256 (16384 bytes on 1 NUMA nodes, total 16 KiB, linear).
[    0.116870] pinctrl core: initialized pinctrl subsystem
[    0.119013] NET: Registered PF_NETLINK/PF_ROUTE protocol family
[    0.122178] DMA: preallocated 256 KiB pool for atomic coherent allocations
[    0.122790] audit: initializing netlink subsys (disabled)
[    0.124109] thermal_sys: Registered thermal governor 'fair_share'
[    0.124124] thermal_sys: Registered thermal governor 'step_wise'
[    0.124133] thermal_sys: Registered thermal governor 'user_space'
[    0.124243] audit: type=2000 audit(0.120:1): state=initialized audit_enabled=0 res=1
[    0.124313] cpuidle: using governor menu
[    0.142432] /ocp/interconnect@44c00000/segment@200000/target-module@b000/i2c@0/tda19988@70: Fixed dependency cycle(s) with /ocp/interconnect@48000000/segment@300000/target-module@e000/lcdc@0
[    0.143548] /ocp/interconnect@48000000/segment@300000/target-module@e000/lcdc@0: Fixed dependency cycle(s) with /ocp/interconnect@44c00000/segment@200000/target-module@b000/i2c@0/tda19988@70
[    0.145751] No ATAGs?
[    0.145795] hw-breakpoint: debug architecture 0x4 unsupported.
[    0.148900] kprobes: kprobe jump-optimization is enabled. All kprobes are optimized if possible.
[    0.154237] iommu: Default domain type: Translated
[    0.154260] iommu: DMA domain TLB invalidation policy: strict mode
[    0.155824] reg-fixed-voltage fixedregulator0: using DT '/fixedregulator0' for '(default)' GPIO lookup
[    0.155879] of_get_named_gpiod_flags: can't parse 'gpios' property of node '/fixedregulator0[0]'
[    0.155908] of_get_named_gpiod_flags: can't parse 'gpio' property of node '/fixedregulator0[0]'
[    0.155926] reg-fixed-voltage fixedregulator0: using lookup tables for GPIO lookup
[    0.155935] reg-fixed-voltage fixedregulator0: No GPIO consumer (default) found
[    0.161810] SCSI subsystem initialized
[    0.162300] libata version 3.00 loaded.
[    0.162687] pps_core: LinuxPPS API ver. 1 registered
[    0.162697] pps_core: Software ver. 5.3.6 - Copyright 2005-2007 Rodolfo Giometti <giometti@linux.it>
[    0.162722] PTP clock support registered
[    0.171426] vgaarb: loaded
[    0.171795] clocksource: Switched to clocksource dmtimer
[    0.172469] VFS: Disk quotas dquot_6.6.0
[    0.172528] VFS: Dquot-cache hash table entries: 1024 (order 0, 4096 bytes)
[    0.197258] NET: Registered PF_INET protocol family
[    0.197600] IP idents hash table entries: 8192 (order: 4, 65536 bytes, linear)
[    0.198994] tcp_listen_portaddr_hash hash table entries: 512 (order: 0, 4096 bytes, linear)
[    0.199031] Table-perturb hash table entries: 65536 (order: 6, 262144 bytes, linear)
[    0.199051] TCP established hash table entries: 4096 (order: 2, 16384 bytes, linear)
[    0.199096] TCP bind hash table entries: 4096 (order: 4, 65536 bytes, linear)
[    0.199196] TCP: Hash tables configured (established 4096 bind 4096)
[    0.199312] UDP hash table entries: 256 (order: 1, 14336 bytes, linear)
[    0.199348] UDP-Lite hash table entries: 256 (order: 1, 14336 bytes, linear)
[    0.199536] NET: Registered PF_UNIX/PF_LOCAL protocol family
[    0.202600] RPC: Registered named UNIX socket transport module.
[    0.202622] RPC: Registered udp transport module.
[    0.202626] RPC: Registered tcp transport module.
[    0.202631] RPC: Registered tcp-with-tls transport module.
[    0.202637] RPC: Registered tcp NFSv4.1 backchannel transport module.
[    0.202662] PCI: CLS 0 bytes, default 64
[    0.204038] Initialise system trusted keyrings
[    0.212701] workingset: timestamp_bits=14 max_order=17 bucket_order=3
[    0.214107] NFS: Registering the id_resolver key type
[    0.214183] Key type id_resolver registered
[    0.214192] Key type id_legacy registered
[    0.214302] jffs2: version 2.2. (NAND) (SUMMARY)  Â© 2001-2006 Red Hat, Inc.
[    0.214763] Key type asymmetric registered
[    0.214781] Asymmetric key parser 'x509' registered
[    0.214853] io scheduler mq-deadline registered
[    0.214863] io scheduler kyber registered
[    0.214938] io scheduler bfq registered
[    0.216817] target-module@4b000000:target-module@140000:pmu@0:fck: device ID is greater than 24
[    0.223019] l3-aon-clkctrl:0000:0: failed to disable
[    0.232031] ledtrig-cpu: registered to indicate activity on CPUs
[    0.235761] Serial: 8250/16550 driver, 6 ports, IRQ sharing enabled
[    0.275986] brd: module loaded
[    0.299172] loop: module loaded
[    0.300110] mtdoops: mtd device (mtddev=name/number) must be supplied
[    0.301972] mdio_bus fixed-0: using lookup tables for GPIO lookup
[    0.302000] mdio_bus fixed-0: No GPIO consumer reset found
[    0.303422] i2c_dev: i2c /dev entries driver
[    0.304422] cpuidle: enable-method property 'ti,am3352' found operations
[    0.304866] sdhci: Secure Digital Host Controller Interface driver
[    0.304876] sdhci: Copyright(c) Pierre Ossman
[    0.305051] sdhci-pltfm: SDHCI platform and OF driver helper
[    0.313281] hw perfevents: enabled with armv7_cortex_a8 PMU driver, 5 (8000000f) counters available
[    0.313805] Initializing XFRM netlink socket
[    0.313995] NET: Registered PF_INET6 protocol family
[    0.319651] l3-aon-clkctrl:0000:0: failed to disable
[    0.327973] Segment Routing with IPv6
[    0.328056] In-situ OAM (IOAM) with IPv6
[    0.328154] sit: IPv6, IPv4 and MPLS over IPv4 tunneling driver
[    0.329118] NET: Registered PF_PACKET protocol family
[    0.329147] NET: Registered PF_KEY protocol family
[    0.329268] Key type dns_resolver registered
[    0.329492] ThumbEE CPU extension supported.
[    0.329512] Registering SWP/SWPB emulation handler
[    0.330048] omap_voltage_late_init: Voltage driver support not added
[    0.330711] SmartReflex Class3 initialized
[    0.362320] Loading compiled-in X.509 certificates
[    0.393189] /ocp/interconnect@44c00000/segment@200000/target-module@b000/i2c@0/tda19988@70: Fixed dependency cycle(s) with /ocp/interconnect@48000000/segment@300000/target-module@e000/lcdc@0
[    0.399571] /ocp/interconnect@44c00000/segment@200000/target-module@b000/i2c@0/tda19988@70: Fixed dependency cycle(s) with /ocp/interconnect@48000000/segment@300000/target-module@e000/lcdc@0
[    0.405300] gpiochip_find_base_unlocked: found new base at 512
[    0.439541] /ocp/interconnect@44c00000/segment@200000/target-module@b000/i2c@0/tda19988@70: Fixed dependency cycle(s) with /ocp/interconnect@48000000/segment@300000/target-module@e000/lcdc@0
[    0.440411] /ocp/interconnect@44c00000/segment@200000/target-module@b000/i2c@0/tda19988@70: Fixed dependency cycle(s) with /ocp/interconnect@48000000/segment@300000/target-module@e000/lcdc@0
[    0.444146] /ocp/interconnect@44c00000/segment@200000/target-module@10000/scm@0/pinmux@800: Fixed dependency cycle(s) with /ocp/interconnect@44c00000/segment@200000/target-module@10000/scm@0/pinmux@800/clkout2-pins
[    0.444739] pinctrl-single 44e10800.pinmux: 142 pins, size 568
[    0.450021] ti-sysc 44e31000.target-module: probe with driver ti-sysc failed with error -16
[    0.465997] /ocp/interconnect@48000000/segment@300000/target-module@e000/lcdc@0: Fixed dependency cycle(s) with /ocp/interconnect@44c00000/segment@200000/target-module@b000/i2c@0/tda19988@70
[    0.474138] ti-sysc 48040000.target-module: probe with driver ti-sysc failed with error -16
[    0.485612] gpiochip_find_base_unlocked: found new base at 512
[    0.485712] gpio gpiochip0: (gpio-0-31): created GPIO range 0->7 ==> 44e10800.pinmux PIN 0->7
[    0.485731] gpio gpiochip0: (gpio-0-31): created GPIO range 8->11 ==> 44e10800.pinmux PIN 90->93
[    0.485747] gpio gpiochip0: (gpio-0-31): created GPIO range 12->27 ==> 44e10800.pinmux PIN 12->27
[    0.485762] gpio gpiochip0: (gpio-0-31): created GPIO range 28->31 ==> 44e10800.pinmux PIN 30->33
[    0.529987] gpio gpiochip0: (gpio-0-31): added GPIO chardev (254:0)
[    0.530137] gpio gpiochip0: registered GPIOs 512 to 543 on gpio-0-31
[    0.530223] OMAP GPIO hardware version 0.1
[    0.555710] i2c i2c-2: using DT '/ocp/interconnect@48000000/segment@100000/target-module@9c000/i2c@0' for 'scl' GPIO lookup
[    0.555781] of_get_named_gpiod_flags: can't parse 'scl-gpios' property of node '/ocp/interconnect@48000000/segment@100000/target-module@9c000/i2c@0[0]'
[    0.555823] of_get_named_gpiod_flags: can't parse 'scl-gpio' property of node '/ocp/interconnect@48000000/segment@100000/target-module@9c000/i2c@0[0]'
[    0.555858] i2c i2c-2: using lookup tables for GPIO lookup
[    0.555868] i2c i2c-2: No GPIO consumer scl found
[    0.555889] i2c i2c-2: using DT '/ocp/interconnect@48000000/segment@100000/target-module@9c000/i2c@0' for 'sda' GPIO lookup
[    0.555923] of_get_named_gpiod_flags: can't parse 'sda-gpios' property of node '/ocp/interconnect@48000000/segment@100000/target-module@9c000/i2c@0[0]'
[    0.555960] of_get_named_gpiod_flags: can't parse 'sda-gpio' property of node '/ocp/interconnect@48000000/segment@100000/target-module@9c000/i2c@0[0]'
[    0.555991] i2c i2c-2: using lookup tables for GPIO lookup
[    0.555999] i2c i2c-2: No GPIO consumer sda found
[    0.556715] omap_i2c 4819c000.i2c: bus 2 rev0.11 at 100 kHz
[    0.562543] gpiochip_find_base_unlocked: found new base at 544
[    0.562641] gpio gpiochip1: (gpio-32-63): created GPIO range 0->17 ==> 44e10800.pinmux PIN 34->51
[    0.562661] gpio gpiochip1: (gpio-32-63): created GPIO range 18->21 ==> 44e10800.pinmux PIN 77->80
[    0.562676] gpio gpiochip1: (gpio-32-63): created GPIO range 22->31 ==> 44e10800.pinmux PIN 56->65
[    0.580847] gpio gpiochip1: (gpio-32-63): added GPIO chardev (254:1)
[    0.581021] gpio gpiochip1: registered GPIOs 544 to 575 on gpio-32-63
[    0.583529] gpiochip_find_base_unlocked: found new base at 576
[    0.583625] gpio gpiochip2: (gpio-64-95): created GPIO range 0->4 ==> 44e10800.pinmux PIN 66->70
[    0.583645] gpio gpiochip2: (gpio-64-95): created GPIO range 5->6 ==> 44e10800.pinmux PIN 98->99
[    0.583660] gpio gpiochip2: (gpio-64-95): created GPIO range 7->8 ==> 44e10800.pinmux PIN 75->76
[    0.583676] gpio gpiochip2: (gpio-64-95): created GPIO range 13->13 ==> 44e10800.pinmux PIN 141->141
[    0.583691] gpio gpiochip2: (gpio-64-95): created GPIO range 14->21 ==> 44e10800.pinmux PIN 100->107
[    0.594615] gpio gpiochip2: (gpio-64-95): added GPIO chardev (254:2)
[    0.594773] gpio gpiochip2: registered GPIOs 576 to 607 on gpio-64-95
[    0.600428] 48000000.interconnect:segment@200000:target-module@0:mpu@0:fck: device ID is greater than 24
[    0.601328] /ocp/interconnect@48000000/segment@300000/target-module@e000/lcdc@0: Fixed dependency cycle(s) with /ocp/interconnect@44c00000/segment@200000/target-module@b000/i2c@0/tda19988@70
[    0.604453] /ocp/interconnect@48000000/segment@300000/target-module@e000/lcdc@0: Fixed dependency cycle(s) with /ocp/interconnect@44c00000/segment@200000/target-module@b000/i2c@0/tda19988@70
[    0.605170] /ocp/interconnect@44c00000/segment@200000/target-module@b000/i2c@0/tda19988@70: Fixed dependency cycle(s) with /ocp/interconnect@48000000/segment@300000/target-module@e000/lcdc@0
[    0.605332] /ocp/interconnect@48000000/segment@300000/target-module@e000/lcdc@0: Fixed dependency cycle(s) with /ocp/interconnect@44c00000/segment@200000/target-module@b000/i2c@0/tda19988@70
[    0.615018] mdio_bus 4a101000.mdio: using DT '/ocp/interconnect@4a000000/segment@0/target-module@100000/switch@0/mdio@1000' for 'reset' GPIO lookup
[    0.615088] of_get_named_gpiod_flags: can't parse 'reset-gpios' property of node '/ocp/interconnect@4a000000/segment@0/target-module@100000/switch@0/mdio@1000[0]'
[    0.615135] of_get_named_gpiod_flags: can't parse 'reset-gpio' property of node '/ocp/interconnect@4a000000/segment@0/target-module@100000/switch@0/mdio@1000[0]'
[    0.615181] mdio_bus 4a101000.mdio: using lookup tables for GPIO lookup
[    0.615192] mdio_bus 4a101000.mdio: No GPIO consumer reset found
[    0.616104] sdhci-omap 481d8000.mmc: using DT '/ocp/interconnect@48000000/segment@100000/target-module@d8000/mmc@0' for 'wp' GPIO lookup
[    0.616162] of_get_named_gpiod_flags: can't parse 'wp-gpios' property of node '/ocp/interconnect@48000000/segment@100000/target-module@d8000/mmc@0[0]'
[    0.616204] of_get_named_gpiod_flags: can't parse 'wp-gpio' property of node '/ocp/interconnect@48000000/segment@100000/target-module@d8000/mmc@0[0]'
[    0.616237] sdhci-omap 481d8000.mmc: using lookup tables for GPIO lookup
[    0.616247] sdhci-omap 481d8000.mmc: No GPIO consumer wp found
[    0.616438] sdhci-omap 481d8000.mmc: supply pbias not found, using dummy regulator
[    0.616924] sdhci-omap 481d8000.mmc: supply vqmmc not found, using dummy regulator
[    0.663092] davinci_mdio 4a101000.mdio: davinci mdio revision 1.6, bus freq 1000000
[    0.684534] mdio_bus 4a101000.mdio:00: using DT '/ocp/interconnect@4a000000/segment@0/target-module@100000/switch@0/mdio@1000/ethernet-phy@0' for 'reset' GPIO lookup
[    0.684637] of_get_named_gpiod_flags: parsed 'reset-gpios' property of node '/ocp/interconnect@4a000000/segment@0/target-module@100000/switch@0/mdio@1000/ethernet-phy@0[0]' - status (0)
[    0.684801] gpio gpiochip0: Persistence not supported for GPIO 8
[    0.823058] davinci_mdio 4a101000.mdio: phy[0]: device 4a101000.mdio:00, driver SMSC LAN8710/LAN8720
[    0.823826] cpsw-switch 4a100000.switch: initialized cpsw ale version 1.4
[    0.823849] cpsw-switch 4a100000.switch: ALE Table size 1024, Policers 0
[    0.824012] cpsw-switch 4a100000.switch: cpts: overflow check period 500 (jiffies)
[    0.824029] cpsw-switch 4a100000.switch: CPTS: ref_clk_freq:250000000 calc_mult:2147483648 calc_shift:29 error:0 nsec/sec
[    0.824133] cpsw-switch 4a100000.switch: Detected MACID = 6c:ec:eb:68:de:78
[    0.825980] cpsw-switch 4a100000.switch: initialized (regs 0x4a100000, pool size 256) hw_ver:0019010C 1.12 (0)
[    0.836956] debugfs: '49000000.dma' already exists in 'dmaengine'
[    0.836998] edma 49000000.dma: TI EDMA DMA engine driver
[    0.887210] gpio-clk clk_mcasp0: using DT '/clk_mcasp0' for 'enable' GPIO lookup
[    0.887286] of_get_named_gpiod_flags: parsed 'enable-gpios' property of node '/clk_mcasp0[0]' - status (0)
[    0.887330] gpio gpiochip0: Persistence not supported for GPIO 27
[    0.888192] gpiochip_find_base_unlocked: found new base at 608
[    0.888304] gpio gpiochip3: (gpio-96-127): created GPIO range 0->7 ==> 44e10800.pinmux PIN 82->89
[    0.888325] gpio gpiochip3: (gpio-96-127): created GPIO range 8->11 ==> 44e10800.pinmux PIN 52->55
[    0.888341] gpio gpiochip3: (gpio-96-127): created GPIO range 12->15 ==> 44e10800.pinmux PIN 94->97
[    0.888356] gpio gpiochip3: (gpio-96-127): created GPIO range 16->17 ==> 44e10800.pinmux PIN 71->72
[    0.888372] gpio gpiochip3: (gpio-96-127): created GPIO range 18->18 ==> 44e10800.pinmux PIN 135->135
[    0.888388] gpio gpiochip3: (gpio-96-127): created GPIO range 19->20 ==> 44e10800.pinmux PIN 108->109
[    0.888404] gpio gpiochip3: (gpio-96-127): created GPIO range 21->21 ==> 44e10800.pinmux PIN 73->73
[    0.888420] gpio gpiochip3: (gpio-96-127): created GPIO range 22->23 ==> 44e10800.pinmux PIN 8->9
[    0.888437] gpio gpiochip3: (gpio-96-127): created GPIO range 26->27 ==> 44e10800.pinmux PIN 10->11
[    0.888455] gpio gpiochip3: (gpio-96-127): created GPIO range 28->28 ==> 44e10800.pinmux PIN 74->74
[    0.888472] gpio gpiochip3: (gpio-96-127): created GPIO range 29->29 ==> 44e10800.pinmux PIN 81->81
[    0.888491] gpio gpiochip3: (gpio-96-127): created GPIO range 30->31 ==> 44e10800.pinmux PIN 28->29
[    0.900379] gpio gpiochip3: (gpio-96-127): added GPIO chardev (254:3)
[    0.900542] gpio gpiochip3: registered GPIOs 608 to 639 on gpio-96-127
[    0.913366] omap8250 44e09000.serial: using DT '/ocp/interconnect@44c00000/segment@200000/target-module@9000/serial@0' for 'rs485-term' GPIO lookup
[    0.913441] of_get_named_gpiod_flags: can't parse 'rs485-term-gpios' property of node '/ocp/interconnect@44c00000/segment@200000/target-module@9000/serial@0[0]'
[    0.913486] of_get_named_gpiod_flags: can't parse 'rs485-term-gpio' property of node '/ocp/interconnect@44c00000/segment@200000/target-module@9000/serial@0[0]'
[    0.913521] omap8250 44e09000.serial: using lookup tables for GPIO lookup
[    0.913531] omap8250 44e09000.serial: No GPIO consumer rs485-term found
