Labgrid Console Logfile for main
Logfile started at 2025-10-06 14:28:20.299073
=== Log starts here ===
reading args
spl_load_image_fat_os: error reading image args, err - -1
reading u-boot.img
reading u-boot.img


U-Boot 2014.04-00014-g47880f5 (Apr 22 2014 - 13:23:54)

I2C:   ready
DRAM:  512 MiB
NAND:  0 MiB
MMC:   OMAP SD/MMC: 0, OMAP SD/MMC: 1
*** Warning - readenv() failed, using default environment

Net:   <ethaddr> not set. Validating first E-fuse MAC
cpsw, usb_ether
Hit any key to stop autoboot:  1  0 
gpio: pin 53 (gpio 53) value is 1
mmc0 is current device
gpio: pin 54 (gpio 54) value is 1
SD/MMC found on device 0
reading uEnv.txt
569 bytes read in 4 ms (138.7 KiB/s)
gpio: pin 55 (gpio 55) value is 1
Loaded environment from uEnv.txt
Importing environment from mmc ...
Checking if uenvcmd is set ...
gpio: pin 56 (gpio 56) value is 1
Running uenvcmd ...
cpsw Waiting for PHY auto negotiation to complete. done
link up on port 0, speed 100, full duplex
Using cpsw device
TFTP from server 192.168.255.126; our IP address is 192.168.255.1
Filename 'zImage'.
Load address: 0x81000000
Loading: *#################################################################
	 #################################################################
	 #################################################################
	 #################################################################
	 #################################################################
	 ##########################################################
	 2.4 MiB/s
done
Bytes transferred = 5619952 (55c0f0 hex)
link up on port 0, speed 100, full duplex
Using cpsw device
TFTP from server 192.168.255.126; our IP address is 192.168.255.1
Filename 'am335x-boneblack.dtb'.
Load address: 0x82000000
Loading: *#######
	 2.3 MiB/s
done
Bytes transferred = 98244 (17fc4 hex)
Kernel image @ 0x81000000 [ 0x000000 - 0x55c0f0 ]
## Flattened Device Tree blob at 82000000
   Booting using the fdt blob at 0x82000000
   Using Device Tree in place at 82000000, end 8201afc3

Starting kernel ...

[    0.000000] Booting Linux on physical CPU 0x0
[    0.000000] Linux version 6.16.11-90815-ga10e06965ed3 (user01@drvtest01) (arm-none-eabi-gcc (Arm GNU Toolchain 14.2.Rel1 (Build arm-14.52)) 14.2.1 20241119, GNU ld (Arm GNU Toolchain 14.2.Rel1 (Build arm-14.52)) 2.43.1.20241119) #1 SMP Mon Oct  6 14:26:41 EEST 2025
[    0.000000] CPU: ARMv7 Processor [413fc082] revision 2 (ARMv7), cr=10c5387d
[    0.000000] CPU: PIPT / VIPT nonaliasing data cache, VIPT aliasing instruction cache
[    0.000000] OF: fdt: Machine model: TI AM335x BeagleBone Black
[    0.000000] Memory policy: Data cache writeback
[    0.000000] cma: Reserved 16 MiB at 0x9e800000
[    0.000000] Zone ranges:
[    0.000000]   Normal   [mem 0x0000000080000000-0x000000009fdfffff]
[    0.000000]   HighMem  empty
[    0.000000] Movable zone start for each node
[    0.000000] Early memory node ranges
[    0.000000]   node   0: [mem 0x0000000080000000-0x000000009fdfffff]
[    0.000000] Initmem setup node 0 [mem 0x0000000080000000-0x000000009fdfffff]
[    0.000000] On node 0, zone Normal: 512 pages in unavailable ranges
[    0.000000] OF: reserved mem: Reserved memory: No reserved-memory node in the DT
[    0.000000] CPU: All CPU(s) started in SVC mode.
[    0.000000] AM335X ES2.1 (sgx neon)
[    0.000000] percpu: Embedded 17 pages/cpu s39820 r8192 d21620 u69632
[    0.000000] Kernel command line: console=ttyO0,115200n8 root=/dev/nfs rw nfsroot=192.168.255.126:/home/user01/nfs,nfsvers=3 ip=192.168.255.1:192.168.255.126::255.255.255.0:bbb1:eth0 nfsrootdebug
[    0.000000] Unknown kernel command line parameters "nfsrootdebug", will be passed to user space.
[    0.000000] printk: log buffer data + meta data: 65536 + 204800 = 270336 bytes
[    0.000000] Dentry cache hash table entries: 65536 (order: 6, 262144 bytes, linear)
[    0.000000] Inode-cache hash table entries: 32768 (order: 5, 131072 bytes, linear)
[    0.000000] Built 1 zonelists, mobility grouping on.  Total pages: 130560
[    0.000000] mem auto-init: stack:off, heap alloc:off, heap free:off
[    0.000000] SLUB: HWalign=16, Order=0-3, MinObjects=0, CPUs=1, Nodes=1
[    0.000000] rcu: Hierarchical RCU implementation.
[    0.000000] rcu: 	RCU event tracing is enabled.
[    0.000000] rcu: 	RCU restricting CPUs from NR_CPUS=2 to nr_cpu_ids=1.
[    0.000000] 	Tracing variant of Tasks RCU enabled.
[    0.000000] rcu: RCU calculated value of scheduler-enlistment delay is 10 jiffies.
[    0.000000] rcu: Adjusting geometry for rcu_fanout_leaf=16, nr_cpu_ids=1
[    0.000000] RCU Tasks Trace: Setting shift to 0 and lim to 1 rcu_task_cb_adjust=1 rcu_task_cpu_ids=1.
[    0.000000] NR_IRQS: 16, nr_irqs: 16, preallocated irqs: 16
[    0.000000] IRQ: Found an INTC at 0x(ptrval) (revision 5.0) with 128 interrupts
[    0.000000] rcu: srcu_init: Setting srcu_struct sizes based on contention.
[    0.000000] TI gptimer clocksource: always-on /ocp/interconnect@44c00000/segment@200000/target-module@31000
[    0.000003] sched_clock: 32 bits at 24MHz, resolution 41ns, wraps every 89478484971ns
[    0.000027] clocksource: dmtimer: mask: 0xffffffff max_cycles: 0xffffffff, max_idle_ns: 79635851949 ns
[    0.000507] TI gptimer clockevent: 24000000 Hz at /ocp/interconnect@48000000/segment@0/target-module@40000
[    0.002143] Console: colour dummy device 80x30
[    0.002204] WARNING: Your 'console=ttyO0' has been replaced by 'ttyS0'
[    0.002212] This ensures that you still see kernel messages. Please
[    0.002216] update your kernel commandline.
[    0.002259] Calibrating delay loop... 996.14 BogoMIPS (lpj=4980736)
[    0.090555] CPU: Testing write buffer coherency: ok
[    0.090665] CPU0: Spectre v2: using BPIALL workaround
[    0.090676] pid_max: default: 32768 minimum: 301
[    0.090838] LSM: initializing lsm=capability
[    0.091013] Mount-cache hash table entries: 1024 (order: 0, 4096 bytes, linear)
[    0.091031] Mountpoint-cache hash table entries: 1024 (order: 0, 4096 bytes, linear)
[    0.092648] CPU0: thread -1, cpu 0, socket -1, mpidr 0
[    0.092709] cacheinfo: Unable to detect cache hierarchy for CPU 0
[    0.094715] Setting up static identity map for 0x80100000 - 0x80100078
[    0.095035] rcu: Hierarchical SRCU implementation.
[    0.095047] rcu: 	Max phase no-delay instances is 1000.
[    0.096787] smp: Bringing up secondary CPUs ...
[    0.096845] smp: Brought up 1 node, 1 CPU
[    0.096858] SMP: Total of 1 processors activated (996.14 BogoMIPS).
[    0.096869] CPU: All CPU(s) started in SVC mode.
[    0.097058] Memory: 480820K/522240K available (11264K kernel code, 1221K rwdata, 2924K rodata, 1024K init, 287K bss, 23388K reserved, 16384K cma-reserved, 0K highmem)
[    0.097880] devtmpfs: initialized
[    0.115081] VFP support v0.3: implementor 41 architecture 3 part 30 variant c rev 3
[    0.115706] clocksource: jiffies: mask: 0xffffffff max_cycles: 0xffffffff, max_idle_ns: 19112604462750000 ns
[    0.115762] posixtimers hash table entries: 512 (order: 0, 4096 bytes, linear)
[    0.115785] futex hash table entries: 256 (16384 bytes on 1 NUMA nodes, total 16 KiB, linear).
[    0.116933] pinctrl core: initialized pinctrl subsystem
[    0.118979] NET: Registered PF_NETLINK/PF_ROUTE protocol family
[    0.122095] DMA: preallocated 256 KiB pool for atomic coherent allocations
[    0.123059] audit: initializing netlink subsys (disabled)
[    0.124406] thermal_sys: Registered thermal governor 'fair_share'
[    0.124423] thermal_sys: Registered thermal governor 'step_wise'
[    0.124431] thermal_sys: Registered thermal governor 'user_space'
[    0.124546] audit: type=2000 audit(0.120:1): state=initialized audit_enabled=0 res=1
[    0.124615] cpuidle: using governor menu
[    0.142674] /ocp/interconnect@44c00000/segment@200000/target-module@b000/i2c@0/tda19988@70: Fixed dependency cycle(s) with /ocp/interconnect@48000000/segment@300000/target-module@e000/lcdc@0
[    0.143795] /ocp/interconnect@48000000/segment@300000/target-module@e000/lcdc@0: Fixed dependency cycle(s) with /ocp/interconnect@44c00000/segment@200000/target-module@b000/i2c@0/tda19988@70
[    0.146008] No ATAGs?
[    0.146050] hw-breakpoint: debug architecture 0x4 unsupported.
[    0.148761] kprobes: kprobe jump-optimization is enabled. All kprobes are optimized if possible.
[    0.154071] iommu: Default domain type: Translated
[    0.154093] iommu: DMA domain TLB invalidation policy: strict mode
[    0.161643] SCSI subsystem initialized
[    0.162498] pps_core: LinuxPPS API ver. 1 registered
[    0.162510] pps_core: Software ver. 5.3.6 - Copyright 2005-2007 Rodolfo Giometti <giometti@linux.it>
[    0.162540] PTP clock support registered
[    0.171399] vgaarb: loaded
[    0.171761] clocksource: Switched to clocksource dmtimer
[    0.172436] VFS: Disk quotas dquot_6.6.0
[    0.172492] VFS: Dquot-cache hash table entries: 1024 (order 0, 4096 bytes)
[    0.197119] NET: Registered PF_INET protocol family
[    0.197464] IP idents hash table entries: 8192 (order: 4, 65536 bytes, linear)
[    0.198907] tcp_listen_portaddr_hash hash table entries: 512 (order: 0, 4096 bytes, linear)
[    0.198946] Table-perturb hash table entries: 65536 (order: 6, 262144 bytes, linear)
[    0.198966] TCP established hash table entries: 4096 (order: 2, 16384 bytes, linear)
[    0.199011] TCP bind hash table entries: 4096 (order: 4, 65536 bytes, linear)
[    0.199111] TCP: Hash tables configured (established 4096 bind 4096)
[    0.199234] UDP hash table entries: 256 (order: 1, 14336 bytes, linear)
[    0.199269] UDP-Lite hash table entries: 256 (order: 1, 14336 bytes, linear)
[    0.199460] NET: Registered PF_UNIX/PF_LOCAL protocol family
[    0.200735] RPC: Registered named UNIX socket transport module.
[    0.200757] RPC: Registered udp transport module.
[    0.200762] RPC: Registered tcp transport module.
[    0.200767] RPC: Registered tcp-with-tls transport module.
[    0.200772] RPC: Registered tcp NFSv4.1 backchannel transport module.
[    0.200797] PCI: CLS 0 bytes, default 64
[    0.202333] Initialise system trusted keyrings
[    0.212587] workingset: timestamp_bits=14 max_order=17 bucket_order=3
[    0.213940] NFS: Registering the id_resolver key type
[    0.214047] Key type id_resolver registered
[    0.214055] Key type id_legacy registered
[    0.214162] jffs2: version 2.2. (NAND) (SUMMARY)  Â© 2001-2006 Red Hat, Inc.
[    0.214632] Key type asymmetric registered
[    0.214650] Asymmetric key parser 'x509' registered
[    0.214722] io scheduler mq-deadline registered
[    0.214733] io scheduler kyber registered
[    0.214803] io scheduler bfq registered
[    0.216681] target-module@4b000000:target-module@140000:pmu@0:fck: device ID is greater than 24
[    0.222864] l3-aon-clkctrl:0000:0: failed to disable
[    0.223113] ledtrig-cpu: registered to indicate activity on CPUs
[    0.232297] Serial: 8250/16550 driver, 6 ports, IRQ sharing enabled
[    0.272662] brd: module loaded
[    0.289711] loop: module loaded
[    0.290646] mtdoops: mtd device (mtddev=name/number) must be supplied
[    0.294545] i2c_dev: i2c /dev entries driver
[    0.295541] cpuidle: enable-method property 'ti,am3352' found operations
[    0.295975] sdhci: Secure Digital Host Controller Interface driver
[    0.295985] sdhci: Copyright(c) Pierre Ossman
[    0.296159] sdhci-pltfm: SDHCI platform and OF driver helper
[    0.314675] hw perfevents: enabled with armv7_cortex_a8 PMU driver, 5 (8000000f) counters available
[    0.315205] Initializing XFRM netlink socket
[    0.315390] NET: Registered PF_INET6 protocol family
[    0.321035] l3-aon-clkctrl:0000:0: failed to disable
[    0.336009] Segment Routing with IPv6
[    0.336095] In-situ OAM (IOAM) with IPv6
[    0.336193] sit: IPv6, IPv4 and MPLS over IPv4 tunneling driver
[    0.337149] NET: Registered PF_PACKET protocol family
[    0.337176] NET: Registered PF_KEY protocol family
[    0.337290] Key type dns_resolver registered
[    0.337511] ThumbEE CPU extension supported.
[    0.337533] Registering SWP/SWPB emulation handler
[    0.338072] omap_voltage_late_init: Voltage driver support not added
[    0.338767] SmartReflex Class3 initialized
[    0.363661] Loading compiled-in X.509 certificates
[    0.405845] /ocp/interconnect@44c00000/segment@200000/target-module@b000/i2c@0/tda19988@70: Fixed dependency cycle(s) with /ocp/interconnect@48000000/segment@300000/target-module@e000/lcdc@0
[    0.412389] /ocp/interconnect@44c00000/segment@200000/target-module@b000/i2c@0/tda19988@70: Fixed dependency cycle(s) with /ocp/interconnect@48000000/segment@300000/target-module@e000/lcdc@0
[    0.442310] /ocp/interconnect@44c00000/segment@200000/target-module@b000/i2c@0/tda19988@70: Fixed dependency cycle(s) with /ocp/interconnect@48000000/segment@300000/target-module@e000/lcdc@0
[    0.443251] /ocp/interconnect@44c00000/segment@200000/target-module@b000/i2c@0/tda19988@70: Fixed dependency cycle(s) with /ocp/interconnect@48000000/segment@300000/target-module@e000/lcdc@0
[    0.446760] /ocp/interconnect@44c00000/segment@200000/target-module@10000/scm@0/pinmux@800: Fixed dependency cycle(s) with /ocp/interconnect@44c00000/segment@200000/target-module@10000/scm@0/pinmux@800/clkout2-pins
[    0.447359] pinctrl-single 44e10800.pinmux: 142 pins, size 568
[    0.452852] ti-sysc 44e31000.target-module: probe with driver ti-sysc failed with error -16
[    0.479108] /ocp/interconnect@48000000/segment@300000/target-module@e000/lcdc@0: Fixed dependency cycle(s) with /ocp/interconnect@44c00000/segment@200000/target-module@b000/i2c@0/tda19988@70
[    0.487516] ti-sysc 48040000.target-module: probe with driver ti-sysc failed with error -16
[    0.533301] OMAP GPIO hardware version 0.1
[    0.574045] omap_i2c 4819c000.i2c: bus 2 rev0.11 at 100 kHz
[    0.614115] 48000000.interconnect:segment@200000:target-module@0:mpu@0:fck: device ID is greater than 24
[    0.615037] /ocp/interconnect@48000000/segment@300000/target-module@e000/lcdc@0: Fixed dependency cycle(s) with /ocp/interconnect@44c00000/segment@200000/target-module@b000/i2c@0/tda19988@70
[    0.617840] /ocp/interconnect@48000000/segment@300000/target-module@e000/lcdc@0: Fixed dependency cycle(s) with /ocp/interconnect@44c00000/segment@200000/target-module@b000/i2c@0/tda19988@70
[    0.618561] /ocp/interconnect@44c00000/segment@200000/target-module@b000/i2c@0/tda19988@70: Fixed dependency cycle(s) with /ocp/interconnect@48000000/segment@300000/target-module@e000/lcdc@0
[    0.618718] /ocp/interconnect@48000000/segment@300000/target-module@e000/lcdc@0: Fixed dependency cycle(s) with /ocp/interconnect@44c00000/segment@200000/target-module@b000/i2c@0/tda19988@70
[    0.629919] sdhci-omap 481d8000.mmc: supply pbias not found, using dummy regulator
[    0.630409] sdhci-omap 481d8000.mmc: supply vqmmc not found, using dummy regulator
[    0.683273] davinci_mdio 4a101000.mdio: davinci mdio revision 1.6, bus freq 1000000
[    0.833205] davinci_mdio 4a101000.mdio: phy[0]: device 4a101000.mdio:00, driver SMSC LAN8710/LAN8720
[    0.833979] cpsw-switch 4a100000.switch: initialized cpsw ale version 1.4
[    0.834000] cpsw-switch 4a100000.switch: ALE Table size 1024, Policers 0
[    0.834153] cpsw-switch 4a100000.switch: cpts: overflow check period 500 (jiffies)
[    0.834171] cpsw-switch 4a100000.switch: CPTS: ref_clk_freq:250000000 calc_mult:2147483648 calc_shift:29 error:0 nsec/sec
[    0.834287] cpsw-switch 4a100000.switch: Detected MACID = 6c:ec:eb:68:de:78
[    0.836166] cpsw-switch 4a100000.switch: initialized (regs 0x4a100000, pool size 256) hw_ver:0019010C 1.12 (0)
[    0.847140] debugfs: Directory '49000000.dma' with parent 'dmaengine' already present!
[    0.847182] edma 49000000.dma: TI EDMA DMA engine driver
[    0.898160] 44e09000.serial: ttyS0 at MMIO 0x44e09000 (irq = 34, base_baud = 3000000) is a 8250
[    0.898250] printk: legacy console [ttyS0] enabled
[    2.392741] tps65217-pmic: Failed to locate of_node [id: -1]
[    2.398812] tps65217-bl: Failed to locate of_node [id: -1]
[    2.404858] platform tps65217-charger: DMA mask not set
[    2.410910] platform tps65217-pwrbutton: DMA mask not set
[    2.418314] tps65217 0-0024: TPS65217 ID 0xe version 1.2
[    2.424441] /ocp/interconnect@48000000/segment@300000/target-module@e000/lcdc@0: Fixed dependency cycle(s) with /ocp/interconnect@44c00000/segment@200000/target-module@b000/i2c@0/tda19988@70
[    2.441847] /ocp/interconnect@44c00000/segment@200000/target-module@b000/i2c@0/tda19988@70: Fixed dependency cycle(s) with /ocp/interconnect@48000000/segment@300000/target-module@e000/lcdc@0
[    2.459194] omap_i2c 44e0b000.i2c: bus 0 rev0.11 at 400 kHz
[    2.467047] omap_gpio 44e07000.gpio: Could not set line 6 debounce to 200000 microseconds (-22)
[    2.475978] sdhci-omap 48060000.mmc: Got CD GPIO
[    2.480992] sdhci-omap 48060000.mmc: supply pbias not found, using dummy regulator
[    2.491181] sdhci-omap 48060000.mmc: supply vqmmc not found, using dummy regulator
[    2.500295] sdhci-omap 481d8000.mmc: supply pbias not found, using dummy regulator
[    2.509966] sdhci-omap 481d8000.mmc: supply vqmmc not found, using dummy regulator
[    2.545641] mmc0: SDHCI controller on 48060000.mmc [48060000.mmc] using External DMA
[    2.553948] mmc1: SDHCI controller on 481d8000.mmc [481d8000.mmc] using External DMA
[    2.562680] cpsw-switch 4a100000.switch: starting ndev. mode: dual_mac
[    2.632202] mmc1: new high speed MMC card at address 0001
[    2.639013] mmcblk1: mmc1:0001 MMC04G 3.60 GiB
[    2.646933]  mmcblk1: p1 p2
[    2.650695] SMSC LAN8710/LAN8720 4a101000.mdio:00: attached PHY driver (mii_bus:phy_addr=4a101000.mdio:00, irq=POLL)
[    2.663390] mmcblk1boot0: mmc1:0001 MMC04G 2.00 MiB
[    2.677305] mmcblk1boot1: mmc1:0001 MMC04G 2.00 MiB
[    2.686264] mmcblk1rpmb: mmc1:0001 MMC04G 128 KiB, chardev (250:0)
[    2.735361] mmc0: new high speed SDHC card at address aaaa
[    2.742298] mmcblk0: mmc0:aaaa SE32G 29.7 GiB
[    2.751446]  mmcblk0: p1 p2
[    5.842531] cpsw-switch 4a100000.switch eth0: Link is Up - 100Mbps/Full - flow control off
[    5.871783] IP-Config: Complete:
[    5.875049]      device=eth0, hwaddr=6c:ec:eb:68:de:78, ipaddr=192.168.255.1, mask=255.255.255.0, gw=255.255.255.255
[    5.885689]      host=bbb1, domain=, nis-domain=(none)
[    5.890857]      bootserver=192.168.255.126, rootserver=192.168.255.126, rootpath=
[    5.891265] clk: Disabling unused clocks
[    5.903112] PM: genpd: Disabling unused power domains
[    5.908233] KTAP version 1
[    5.910954] 1..0
[    5.939554] VFS: Mounted root (nfs filesystem) on device 0:17.
[    5.946808] devtmpfs: mounted
[    5.951322] Freeing unused kernel image (initmem) memory: 1024K
[    5.958133] Run /sbin/init as init process
[    6.656826] systemd[1]: System time before build time, advancing clock.
[    8.131783] random: crng init done
[    8.144256] systemd[1]: systemd 232 running in system mode. (+PAM +AUDIT +SELINUX +IMA +APPARMOR +SMACK +SYSVINIT +UTMP +LIBCRYPTSETUP +GCRYPT +GNUTLS +ACL +XZ +LZ4 +SECCOMP +BLKID +ELFUTILS +KMOD +IDN)
[    8.163440] systemd[1]: Detected architecture arm.

Welcome to [1mDebian GNU/Linux 9 (stretch)[0m!

[    8.194729] systemd[1]: Set hostname to <arm>.
[    9.327997] systemd[1]: systemd-journald-dev-log.socket: SO_PASSSEC failed: Operation not supported
[    9.337770] systemd[1]: Listening on Journal Socket (/dev/log).
[[0;32m  OK  [0m] Listening on Journal Socket (/dev/log).
[    9.362680] systemd[1]: Started Dispatch Password Requests to Console Directory Watch.
[[0;32m  OK  [0m] Started Dispatch Password Requests to Console Directory Watch.
[    9.392618] systemd[1]: Started Forward Password Requests to Wall Directory Watch.
[[0;32m  OK  [0m] Started Forward Password Requests to Wall Directory Watch.
[    9.422134] systemd[1]: Reached target Encrypted Volumes.
[[0;32m  OK  [0m] Reached target Encrypted Volumes.
[    9.452386] systemd[1]: systemd-journald.socket: SO_PASSSEC failed: Operation not supported
[    9.461015] systemd[1]: systemd-journald.socket: SO_PASSSEC failed: Operation not supported
[[0;32m  OK  [0m] Listening on Journal Socket.
[[0;32m  OK  [0m] Reached target Remote File Systems.
[[0;32m  OK  [0m] Listening on Journal Audit Socket.
[[0;32m  OK  [0m] Reached target Swap.
[[0;32m  OK  [0m] Reached target Paths.
[[0;32m  OK  [0m] Listening on udev Control Socket.
[[0;32m  OK  [0m] Created slice User and Session Slice.
[[0;32m  OK  [0m] Set up automount Arbitrary Executabâ€¦rmats File System Automount Point.
[[0;32m  OK  [0m] Listening on /dev/initctl Compatibility Named Pipe.
[[0;32m  OK  [0m] Created slice System Slice.
[[0;32m  OK  [0m] Created slice system-serial\x2dgetty.slice.
[[0;32m  OK  [0m] Reached target Slices.
         Starting Remount Root and Kernel File Systems...
         Mounting POSIX Message Queue File System...
[[0;32m  OK  [0m] Created slice system-getty.slice.
         Mounting Debug File System...
         Starting Load Kernel Modules...
[[0;32m  OK  [0m] Listening on udev Kernel Socket.
         Starting Create list of required stâ€¦ce nodes for the current kernel...
[[0;32m  OK  [0m] Listening on Syslog Socket.
         Starting Journal Service...
[[0;32m  OK  [0m] Mounted POSIX Message Queue File System.
[[0;32m  OK  [0m] Mounted Debug File System.
[[0;32m  OK  [0m] Started Remount Root and Kernel File Systems.
[[0;32m  OK  [0m] Started Create list of required staâ€¦vice nodes for the current kernel.
         Starting Create Static Device Nodes in /dev...
         Starting Load/Save Random Seed...
         Starting udev Coldplug all Devices...
[[0;32m  OK  [0m] Started Load Kernel Modules.
         Mounting Configuration File System...
         Starting Apply Kernel Variables...
[[0;32m  OK  [0m] Started Load/Save Random Seed.
[[0;32m  OK  [0m] Mounted Configuration File System.
[[0;32m  OK  [0m] Started Apply Kernel Variables.
[[0;32m  OK  [0m] Started Create Static Device Nodes in /dev.
         Starting udev Kernel Device Manager...
[[0;32m  OK  [0m] Reached target Local File Systems (Pre).
[[0;32m  OK  [0m] Reached target Local File Systems.
         Starting Raise network interfaces...
[[0;32m  OK  [0m] Started Journal Service.
         Starting Flush Journal to Persistent Storage...
[   11.944370] systemd-journald[94]: Received request to flush runtime journal from PID 1
[[0;32m  OK  [0m] Started Flush Journal to Persistent Storage.
         Starting Create Volatile Files and Directories...
[[0;32m  OK  [0m] Started udev Kernel Device Manager.
[[0;32m  OK  [0m] Started Create Volatile Files and Directories.
         Starting Update UTMP about System Boot/Shutdown...
         Starting Network Time Synchronization...
[[0;32m  OK  [0m] Started Update UTMP about System Boot/Shutdown.
[[0;32m  OK  [0m] Started udev Coldplug all Devices.
[   14.898679] remoteproc remoteproc0: wkup_m3 is available
[   15.136501] omap_rtc 44e3e000.rtc: registered as rtc0
[   15.141962] omap_rtc 44e3e000.rtc: setting system clock to 2000-01-01T00:00:00 UTC (946684800)
[   15.216066] at24 2-0054: supply vcc not found, using dummy regulator
[   15.281715] am335x-phy-driver 47401300.usb-phy: dummy supplies not allowed for exclusive requests (id=vbus)
[   15.344439] at24 2-0055: supply vcc not found, using dummy regulator
[   15.475828] at24 2-0056: supply vcc not found, using dummy regulator
[   15.572972] at24 2-0057: supply vcc not found, using dummy regulator
[   15.616417] am335x-phy-driver 47401b00.usb-phy: dummy supplies not allowed for exclusive requests (id=vbus)
[   15.718816] at24 0-0050: 32768 byte 24c256 EEPROM, writable, 1 bytes/write
[[0;32m  OK  [0m] Found device /dev/ttyS0.
[[0;32m  OK  [0m] Started Network Time Synchronization.
[[0;32m  OK  [0m] Reached target System Initialization.
[   15.880154] input: tps65217_pwrbutton as /devices/platform/ocp/44c00000.interconnect/44c00000.interconnect:segment@200000/44e0b000.target-module/44e0b000.i2c/i2c-0/0-0024/tps65217-pwrbutton/input/input0
[[0;32m  OK  [0m] Listening on D-Bus System Message Bus Socket.
[[0;32m  OK  [0m] Started Daily Cleanup of Temporary Directories.
[[0;32m  OK  [0m] Listening on Avahi mDNS/DNS-SD Stack Activation Socket.
[[0;32m  OK  [0m] Reached target Sockets.
[[0;32m  OK  [0m] Reached target Basic System.
         Starting Generic Board Startup...
         Starting LSB: Start busybox udhcpd at boot time...
[   16.399661] omap_wdt: OMAP Watchdog Timer Rev 0x01: initial timeout 60 sec
         Starting System Logging Service...
         Starting DUN service...
[   16.821215] usbcore: registered new interface driver usbfs
[   16.827180] usbcore: registered new interface driver hub
[   16.832772] usbcore: registered new device driver usb
[[0;32m  OK  [0m] Started Regular background program processing daemon.
         Starting Telephony service...
         Starting LSB: Load kernel modules needed to enable cpufreq scaling...
         Starting Cape Manager Service...
[[0;32m  OK  [0m] Started D-Bus System Message Bus.
[   17.708157] omap-mailbox 480c8000.mailbox: omap mailbox rev 0x400
[   17.743631] musb-hdrc musb-hdrc.1: MUSB HDRC host driver
[   17.749049] musb-hdrc musb-hdrc.1: new USB bus registered, assigned bus number 1
[   17.808841] tda998x 0-0070: found TDA19988
[   17.833580] remoteproc remoteproc0: powering up wkup_m3
[   18.064118] remoteproc remoteproc0: Direct firmware load for am335x-pm-firmware.elf failed with error -2
[   18.073913] remoteproc remoteproc0: request_firmware failed: -2
[   18.079878] wkup_m3_ipc 44e11324.wkup_m3_ipc: rproc_boot failed
[   18.096460] usb usb1: New USB device found, idVendor=1d6b, idProduct=0002, bcdDevice= 6.16
[   18.104999] usb usb1: New USB device strings: Mfr=3, Product=2, SerialNumber=1
[   18.112318] usb usb1: Product: MUSB HDRC host driver
[   18.117310] usb usb1: Manufacturer: Linux 6.16.11-90815-ga10e06965ed3 musb-hcd
[   18.124615] usb usb1: SerialNumber: musb-hdrc.1
[   18.555344] hub 1-0:1.0: USB hub found
[   18.621210] hub 1-0:1.0: 1 port detected
[   20.388422] omap_rng 48310000.rng: Random Number Generator ver. 20
[   20.436714] tilcdc 4830e000.lcdc: bound 0-0070 (ops tda998x_audio_codec_init [tda998x])
[   20.590423] [drm] Initialized tilcdc 1.0.0 for 4830e000.lcdc on minor 0
[   20.666529] tilcdc 4830e000.lcdc: [drm] Cannot find any crtc or sizes
[   20.676988] tilcdc 4830e000.lcdc: [drm] Cannot find any crtc or sizes
[[0;32m  OK  [0m] Started DUN service.
[[0;32m  OK  [0m] Started Telephony service.
         Starting Connection service...
[   21.494220] PM: Cannot get wkup_m3_ipc handle
         Starting Avahi mDNS/DNS-SD Stack...
[   21.615961] omap-sham 53100000.sham: hw accel on OMAP rev 4.3
         Starting Login Service...
[[0;32m  OK  [0m] Reached target System Time Synchronized.
[   21.734844] omap-sham 53100000.sham: will run requests pump with realtime priority
[   21.744867] PM: Cannot get wkup_m3_ipc handle
[[0;32m  OK  [0m] Started Daily apt download activities.
[   21.858785] omap-aes 53500000.aes: OMAP AES hw accel rev: 3.2
[[0;32m  OK  [0m] Started Daily apt upgrade and clean activities.
[[0;32m  OK  [0m] Reached target Timers.
[   21.982058] omap-aes 53500000.aes: will run requests pump with realtime priority
[   22.002310] PM: Cannot get wkup_m3_ipc handle
[[0;32m  OK  [0m] Started System Logging Service.
[[0;32m  OK  [0m] Started Cape Manager Service.
[   23.552717] Bluetooth: Core ver 2.22
[   23.556547] NET: Registered PF_BLUETOOTH protocol family
[   23.562034] Bluetooth: HCI device and connection manager initialized
[   23.568452] Bluetooth: HCI socket layer initialized
[   23.573430] Bluetooth: L2CAP socket layer initialized
[   23.578543] Bluetooth: SCO socket layer initialized
[   25.466133] PM: Cannot get wkup_m3_ipc handle
[   25.521566] gpio-537 (nxp,calib): gpiod_direction_output_nonotify: tried to set a GPIO tied to an IRQ as output
[   25.783220] PM: Cannot get wkup_m3_ipc handle
[   25.853572] tda9950 0-0034: TDA9950 CEC interface, hardware version 3.3
[   25.983138] PM: Cannot get wkup_m3_ipc handle
[[0;32m  OK  [0m] Started LSB: Start busybox udhcpd at boot time.
[[0;32m  OK  [0m] Started Raise network interfaces.
[[0;32m  OK  [0m] Started LSB: Load kernel modules needed to enable cpufreq scaling.
[   28.621393] configfs-gadget.g_multi gadget.0: HOST MAC 1c:ba:8c:a2:ed:6c
[   28.628392] configfs-gadget.g_multi gadget.0: MAC 1c:ba:8c:a2:ed:70
[   28.635756] configfs-gadget.g_multi gadget.0: HOST MAC 1c:ba:8c:a2:ed:6c
[   28.642593] configfs-gadget.g_multi gadget.0: MAC 1c:ba:8c:a2:ed:6d
[   28.663508] PM: Cannot get wkup_m3_ipc handle
[[0;32m  OK  [0m] Started Avahi mDNS/DNS-SD Stack.
[[0;32m  OK  [0m] Started Connection service.
[[0;32m  OK  [0m] Started Login Service.
[[0;32m  OK  [0m] Reached target Sound Card.
         Starting LSB: set CPUFreq kernel parameters...
[[0;32m  OK  [0m] Reached target Network.
[[0;32m  OK  [0m] Reached target Network is Online.
         Starting LSB: Advanced IEEE 802.11 management daemon...
         Starting Permit User Sessions...
         Starting The Apache HTTP Server...
         Starting OpenBSD Secure Shell server...
[[0;32m  OK  [0m] Started LSB: Advanced IEEE 802.11 management daemon.
[[0;32m  OK  [0m] Started Permit User Sessions.
         Starting Hostname Service...
         Starting WPA supplicant...
[[0;32m  OK  [0m] Started Getty on tty1.
[[0;32m  OK  [0m] Started Serial Getty on ttyS0.
[[0;32m  OK  [0m] Reached target Login Prompts.
[[0;32m  OK  [0m] Started LSB: set CPUFreq kernel parameters.
[[0;32m  OK  [0m] Started WPA supplicant.
[[0;32m  OK  [0m] Started Hostname Service.
         Stopping LSB: Start busybox udhcpd at boot time...
[[0;32m  OK  [0m] Started OpenBSD Secure Shell server.
[[0;32m  OK  [0m] Stopped LSB: Start busybox udhcpd at boot time.
         Starting dnsmasq - A lightweight DHCP and caching DNS server...
[[0;32m  OK  [0m] Started The Apache HTTP Server.
[[0;32m  OK  [0m] Started dnsmasq - A lightweight DHCP and caching DNS server.
[[0;32m  OK  [0m] Reached target Host and Network Name Lookups.
[[0;32m  OK  [0m] Started Serial Getty on ttyGS0.
[[0;32m  OK  [0m] Started Generic Board Startup.
[[0;32m  OK  [0m] Reached target Multi-User System.
[[0;32m  OK  [0m] Reached target Graphical Interface.
         Starting Update UTMP about System Runlevel Changes...
[[0;32m  OK  [0m] Started Update UTMP about System Runlevel Changes.

Debian GNU/Linux 9 arm ttyS0

default username:password is [debian:temppwd]

arm login: root
Password: 
Last login: Sat Jan  1 00:00:34 UTC 2000 on ttyS0
root
Linux arm 6.16.11-90815-ga10e06965ed3 #1 SMP Mon Oct  6 14:26:41 EEST 2025 armv7l

The programs included with the Debian GNU/Linux system are free software;
the exact distribution terms for each program are described in the
individual files in /usr/share/doc/*/copyright.

Debian GNU/Linux comes with ABSOLUTELY NO WARRANTY, to the extent
permitted by applicable law.
root@arm:~# root
dmesg -n 1
-bash: root: command not found
root@arm:~# dmesg -n 1
root@arm:~# echo 'OMLY''QCYHYE'
OMLYQCYHYE
root@arm:~# run() { echo -n "$MARKER"; sh -c "$@"; echo "$MARKER $?"; }
root@arm:~# echo 'AZAG''KYTQBW'
AZAGKYTQBW
root@arm:~# MARKER='GTAH''BPGPCB' run 'cat /proc/version'
GTAHBPGPCBLinux version 6.16.11-90815-ga10e06965ed3 (user01@drvtest01) (arm-none-eabi-gcc (Arm GNU Toolchain 14.2.Rel1 (Build arm-14.52)) 14.2.1 20241119, GNU ld (Arm GNU Toolchain 14.2.Rel1 (Build arm-14.52)) 2.43.1.20241119) #1 SMP Mon Oct  6 14:26:41 EEST 2025
GTAHBPGPCB 0
root@arm:~# echo 'ZLNE''VMUMGY'
ZLNEVMUMGY
root@arm:~# MARKER='ULJW''CGHHOV' run false
ULJWCGHHOVULJWCGHHOV 1
root@arm:~# Labgrid Console Logfile for main
Logfile started at 2025-10-06 14:29:27.128327
=== Log starts here ===

root@arm:~# run() { echo -n "$MARKER"; sh -c "$@"; echo "$MARKER $?"; }
root@arm:~# echo 'BCPO''XWTSOC'
BCPOXWTSOC
root@arm:~# MARKER='BCBF''ATVEUT' run 'ls /iio_generic_buffer; echo $?'
BCBFATVEUT/iio_generic_buffer
0
BCBFATVEUT 0
root@arm:~# Labgrid Console Logfile for main
Logfile started at 2025-10-06 14:29:30.467843
=== Log starts here ===

root@arm:~# run() { echo -n "$MARKER"; sh -c "$@"; echo "$MARKER $?"; }
root@arm:~# echo 'MCCG''JZPLUJ'
MCCGJZPLUJ
root@arm:~# MARKER='ZWXB''UPNNCU' run dmesg
ZWXBUPNNCU[    0.000000] Booting Linux on physical CPU 0x0
[    0.000000] Linux version 6.16.11-90815-ga10e06965ed3 (user01@drvtest01) (arm-none-eabi-gcc (Arm GNU Toolchain 14.2.Rel1 (Build arm-14.52)) 14.2.1 20241119, GNU ld (Arm GNU Toolchain 14.2.Rel1 (Build arm-14.52)) 2.43.1.20241119) #1 SMP Mon Oct  6 14:26:41 EEST 2025
[    0.000000] CPU: ARMv7 Processor [413fc082] revision 2 (ARMv7), cr=10c5387d
[    0.000000] CPU: PIPT / VIPT nonaliasing data cache, VIPT aliasing instruction cache
[    0.000000] OF: fdt: Machine model: TI AM335x BeagleBone Black
[    0.000000] Memory policy: Data cache writeback
[    0.000000] cma: Reserved 16 MiB at 0x9e800000
[    0.000000] Zone ranges:
[    0.000000]   Normal   [mem 0x0000000080000000-0x000000009fdfffff]
[    0.000000]   HighMem  empty
[    0.000000] Movable zone start for each node
[    0.000000] Early memory node ranges
[    0.000000]   node   0: [mem 0x0000000080000000-0x000000009fdfffff]
[    0.000000] Initmem setup node 0 [mem 0x0000000080000000-0x000000009fdfffff]
[    0.000000] On node 0, zone Normal: 512 pages in unavailable ranges
[    0.000000] OF: reserved mem: Reserved memory: No reserved-memory node in the DT
[    0.000000] CPU: All CPU(s) started in SVC mode.
[    0.000000] AM335X ES2.1 (sgx neon)
[    0.000000] percpu: Embedded 17 pages/cpu s39820 r8192 d21620 u69632
[    0.000000] pcpu-alloc: s39820 r8192 d21620 u69632 alloc=17*4096
[    0.000000] pcpu-alloc: [0] 0 
[    0.000000] Kernel command line: console=ttyO0,115200n8 root=/dev/nfs rw nfsroot=192.168.255.126:/home/user01/nfs,nfsvers=3 ip=192.168.255.1:192.168.255.126::255.255.255.0:bbb1:eth0 nfsrootdebug
[    0.000000] Unknown kernel command line parameters "nfsrootdebug", will be passed to user space.
[    0.000000] printk: log buffer data + meta data: 65536 + 204800 = 270336 bytes
[    0.000000] Dentry cache hash table entries: 65536 (order: 6, 262144 bytes, linear)
[    0.000000] Inode-cache hash table entries: 32768 (order: 5, 131072 bytes, linear)
[    0.000000] Built 1 zonelists, mobility grouping on.  Total pages: 130560
[    0.000000] mem auto-init: stack:off, heap alloc:off, heap free:off
[    0.000000] SLUB: HWalign=16, Order=0-3, MinObjects=0, CPUs=1, Nodes=1
[    0.000000] rcu: Hierarchical RCU implementation.
[    0.000000] rcu: 	RCU event tracing is enabled.
[    0.000000] rcu: 	RCU restricting CPUs from NR_CPUS=2 to nr_cpu_ids=1.
[    0.000000] 	Tracing variant of Tasks RCU enabled.
[    0.000000] rcu: RCU calculated value of scheduler-enlistment delay is 10 jiffies.
[    0.000000] rcu: Adjusting geometry for rcu_fanout_leaf=16, nr_cpu_ids=1
[    0.000000] RCU Tasks Trace: Setting shift to 0 and lim to 1 rcu_task_cb_adjust=1 rcu_task_cpu_ids=1.
[    0.000000] NR_IRQS: 16, nr_irqs: 16, preallocated irqs: 16
[    0.000000] IRQ: Found an INTC at 0x(ptrval) (revision 5.0) with 128 interrupts
[    0.000000] rcu: srcu_init: Setting srcu_struct sizes based on contention.
[    0.000000] TI gptimer clocksource: always-on /ocp/interconnect@44c00000/segment@200000/target-module@31000
[    0.000003] sched_clock: 32 bits at 24MHz, resolution 41ns, wraps every 89478484971ns
[    0.000027] clocksource: dmtimer: mask: 0xffffffff max_cycles: 0xffffffff, max_idle_ns: 79635851949 ns
[    0.000507] TI gptimer clockevent: 24000000 Hz at /ocp/interconnect@48000000/segment@0/target-module@40000
[    0.002143] Console: colour dummy device 80x30
[    0.002204] WARNING: Your 'console=ttyO0' has been replaced by 'ttyS0'
[    0.002212] This ensures that you still see kernel messages. Please
[    0.002216] update your kernel commandline.
[    0.002259] Calibrating delay loop... 996.14 BogoMIPS (lpj=4980736)
[    0.090555] CPU: Testing write buffer coherency: ok
[    0.090665] CPU0: Spectre v2: using BPIALL workaround
[    0.090676] pid_max: default: 32768 minimum: 301
[    0.090838] LSM: initializing lsm=capability
[    0.091013] Mount-cache hash table entries: 1024 (order: 0, 4096 bytes, linear)
[    0.091031] Mountpoint-cache hash table entries: 1024 (order: 0, 4096 bytes, linear)
[    0.092648] CPU0: thread -1, cpu 0, socket -1, mpidr 0
[    0.092709] cacheinfo: Unable to detect cache hierarchy for CPU 0
[    0.094715] Setting up static identity map for 0x80100000 - 0x80100078
[    0.095035] rcu: Hierarchical SRCU implementation.
[    0.095047] rcu: 	Max phase no-delay instances is 1000.
[    0.096787] smp: Bringing up secondary CPUs ...
[    0.096845] smp: Brought up 1 node, 1 CPU
[    0.096858] SMP: Total of 1 processors activated (996.14 BogoMIPS).
[    0.096869] CPU: All CPU(s) started in SVC mode.
[    0.097058] Memory: 480820K/522240K available (11264K kernel code, 1221K rwdata, 2924K rodata, 1024K init, 287K bss, 23388K reserved, 16384K cma-reserved, 0K highmem)
[    0.097880] devtmpfs: initialized
[    0.115081] VFP support v0.3: implementor 41 architecture 3 part 30 variant c rev 3
[    0.115706] clocksource: jiffies: mask: 0xffffffff max_cycles: 0xffffffff, max_idle_ns: 19112604462750000 ns
[    0.115762] posixtimers hash table entries: 512 (order: 0, 4096 bytes, linear)
[    0.115785] futex hash table entries: 256 (16384 bytes on 1 NUMA nodes, total 16 KiB, linear).
[    0.116933] pinctrl core: initialized pinctrl subsystem
[    0.118979] NET: Registered PF_NETLINK/PF_ROUTE protocol family
[    0.122095] DMA: preallocated 256 KiB pool for atomic coherent allocations
[    0.123059] audit: initializing netlink subsys (disabled)
[    0.124406] thermal_sys: Registered thermal governor 'fair_share'
[    0.124423] thermal_sys: Registered thermal governor 'step_wise'
[    0.124431] thermal_sys: Registered thermal governor 'user_space'
[    0.124546] audit: type=2000 audit(0.120:1): state=initialized audit_enabled=0 res=1
[    0.124615] cpuidle: using governor menu
[    0.142674] /ocp/interconnect@44c00000/segment@200000/target-module@b000/i2c@0/tda19988@70: Fixed dependency cycle(s) with /ocp/interconnect@48000000/segment@300000/target-module@e000/lcdc@0
[    0.143795] /ocp/interconnect@48000000/segment@300000/target-module@e000/lcdc@0: Fixed dependency cycle(s) with /ocp/interconnect@44c00000/segment@200000/target-module@b000/i2c@0/tda19988@70
[    0.146008] No ATAGs?
[    0.146050] hw-breakpoint: debug architecture 0x4 unsupported.
[    0.148761] kprobes: kprobe jump-optimization is enabled. All kprobes are optimized if possible.
[    0.154071] iommu: Default domain type: Translated
[    0.154093] iommu: DMA domain TLB invalidation policy: strict mode
[    0.155668] reg-fixed-voltage fixedregulator0: using DT '/fixedregulator0' for '(default)' GPIO lookup
[    0.155722] of_get_named_gpiod_flags: can't parse 'gpios' property of node '/fixedregulator0[0]'
[    0.155749] of_get_named_gpiod_flags: can't parse 'gpio' property of node '/fixedregulator0[0]'
[    0.155768] reg-fixed-voltage fixedregulator0: using lookup tables for GPIO lookup
[    0.155778] reg-fixed-voltage fixedregulator0: No GPIO consumer (default) found
[    0.161643] SCSI subsystem initialized
[    0.162124] libata version 3.00 loaded.
[    0.162498] pps_core: LinuxPPS API ver. 1 registered
[    0.162510] pps_core: Software ver. 5.3.6 - Copyright 2005-2007 Rodolfo Giometti <giometti@linux.it>
[    0.162540] PTP clock support registered
[    0.171399] vgaarb: loaded
[    0.171761] clocksource: Switched to clocksource dmtimer
[    0.172436] VFS: Disk quotas dquot_6.6.0
[    0.172492] VFS: Dquot-cache hash table entries: 1024 (order 0, 4096 bytes)
[    0.197119] NET: Registered PF_INET protocol family
[    0.197464] IP idents hash table entries: 8192 (order: 4, 65536 bytes, linear)
[    0.198907] tcp_listen_portaddr_hash hash table entries: 512 (order: 0, 4096 bytes, linear)
[    0.198946] Table-perturb hash table entries: 65536 (order: 6, 262144 bytes, linear)
[    0.198966] TCP established hash table entries: 4096 (order: 2, 16384 bytes, linear)
[    0.199011] TCP bind hash table entries: 4096 (order: 4, 65536 bytes, linear)
[    0.199111] TCP: Hash tables configured (established 4096 bind 4096)
[    0.199234] UDP hash table entries: 256 (order: 1, 14336 bytes, linear)
[    0.199269] UDP-Lite hash table entries: 256 (order: 1, 14336 bytes, linear)
[    0.199460] NET: Registered PF_UNIX/PF_LOCAL protocol family
[    0.200735] RPC: Registered named UNIX socket transport module.
[    0.200757] RPC: Registered udp transport module.
[    0.200762] RPC: Registered tcp transport module.
[    0.200767] RPC: Registered tcp-with-tls transport module.
[    0.200772] RPC: Registered tcp NFSv4.1 backchannel transport module.
[    0.200797] PCI: CLS 0 bytes, default 64
[    0.202333] Initialise system trusted keyrings
[    0.212587] workingset: timestamp_bits=14 max_order=17 bucket_order=3
[    0.213940] NFS: Registering the id_resolver key type
[    0.214047] Key type id_resolver registered
[    0.214055] Key type id_legacy registered
[    0.214162] jffs2: version 2.2. (NAND) (SUMMARY)  Â© 2001-2006 Red Hat, Inc.
[    0.214632] Key type asymmetric registered
[    0.214650] Asymmetric key parser 'x509' registered
[    0.214722] io scheduler mq-deadline registered
[    0.214733] io scheduler kyber registered
[    0.214803] io scheduler bfq registered
[    0.216681] target-module@4b000000:target-module@140000:pmu@0:fck: device ID is greater than 24
[    0.222864] l3-aon-clkctrl:0000:0: failed to disable
[    0.223113] ledtrig-cpu: registered to indicate activity on CPUs
[    0.232297] Serial: 8250/16550 driver, 6 ports, IRQ sharing enabled
[    0.272662] brd: module loaded
[    0.289711] loop: module loaded
[    0.290646] mtdoops: mtd device (mtddev=name/number) must be supplied
[    0.293162] mdio_bus fixed-0: using lookup tables for GPIO lookup
[    0.293186] mdio_bus fixed-0: No GPIO consumer reset found
[    0.294545] i2c_dev: i2c /dev entries driver
[    0.295541] cpuidle: enable-method property 'ti,am3352' found operations
[    0.295975] sdhci: Secure Digital Host Controller Interface driver
[    0.295985] sdhci: Copyright(c) Pierre Ossman
[    0.296159] sdhci-pltfm: SDHCI platform and OF driver helper
[    0.314675] hw perfevents: enabled with armv7_cortex_a8 PMU driver, 5 (8000000f) counters available
[    0.315205] Initializing XFRM netlink socket
[    0.315390] NET: Registered PF_INET6 protocol family
[    0.321035] l3-aon-clkctrl:0000:0: failed to disable
[    0.336009] Segment Routing with IPv6
[    0.336095] In-situ OAM (IOAM) with IPv6
[    0.336193] sit: IPv6, IPv4 and MPLS over IPv4 tunneling driver
[    0.337149] NET: Registered PF_PACKET protocol family
[    0.337176] NET: Registered PF_KEY protocol family
[    0.337290] Key type dns_resolver registered
[    0.337511] ThumbEE CPU extension supported.
[    0.337533] Registering SWP/SWPB emulation handler
[    0.338072] omap_voltage_late_init: Voltage driver support not added
[    0.338767] SmartReflex Class3 initialized
[    0.363661] Loading compiled-in X.509 certificates
[    0.405845] /ocp/interconnect@44c00000/segment@200000/target-module@b000/i2c@0/tda19988@70: Fixed dependency cycle(s) with /ocp/interconnect@48000000/segment@300000/target-module@e000/lcdc@0
[    0.412389] /ocp/interconnect@44c00000/segment@200000/target-module@b000/i2c@0/tda19988@70: Fixed dependency cycle(s) with /ocp/interconnect@48000000/segment@300000/target-module@e000/lcdc@0
[    0.417929] gpiochip_find_base_unlocked: found new base at 512
[    0.442310] /ocp/interconnect@44c00000/segment@200000/target-module@b000/i2c@0/tda19988@70: Fixed dependency cycle(s) with /ocp/interconnect@48000000/segment@300000/target-module@e000/lcdc@0
[    0.443251] /ocp/interconnect@44c00000/segment@200000/target-module@b000/i2c@0/tda19988@70: Fixed dependency cycle(s) with /ocp/interconnect@48000000/segment@300000/target-module@e000/lcdc@0
[    0.446760] /ocp/interconnect@44c00000/segment@200000/target-module@10000/scm@0/pinmux@800: Fixed dependency cycle(s) with /ocp/interconnect@44c00000/segment@200000/target-module@10000/scm@0/pinmux@800/clkout2-pins
[    0.447359] pinctrl-single 44e10800.pinmux: 142 pins, size 568
[    0.452852] ti-sysc 44e31000.target-module: probe with driver ti-sysc failed with error -16
[    0.479108] /ocp/interconnect@48000000/segment@300000/target-module@e000/lcdc@0: Fixed dependency cycle(s) with /ocp/interconnect@44c00000/segment@200000/target-module@b000/i2c@0/tda19988@70
[    0.487516] ti-sysc 48040000.target-module: probe with driver ti-sysc failed with error -16
[    0.498963] gpiochip_find_base_unlocked: found new base at 512
[    0.499061] gpio gpiochip0: (gpio-0-31): created GPIO range 0->7 ==> 44e10800.pinmux PIN 0->7
[    0.499081] gpio gpiochip0: (gpio-0-31): created GPIO range 8->11 ==> 44e10800.pinmux PIN 90->93
[    0.499096] gpio gpiochip0: (gpio-0-31): created GPIO range 12->27 ==> 44e10800.pinmux PIN 12->27
[    0.499111] gpio gpiochip0: (gpio-0-31): created GPIO range 28->31 ==> 44e10800.pinmux PIN 30->33
[    0.533071] gpio gpiochip0: (gpio-0-31): added GPIO chardev (254:0)
[    0.533214] gpio gpiochip0: registered GPIOs 512 to 543 on gpio-0-31
[    0.533301] OMAP GPIO hardware version 0.1
[    0.573044] i2c i2c-2: using DT '/ocp/interconnect@48000000/segment@100000/target-module@9c000/i2c@0' for 'scl' GPIO lookup
[    0.573118] of_get_named_gpiod_flags: can't parse 'scl-gpios' property of node '/ocp/interconnect@48000000/segment@100000/target-module@9c000/i2c@0[0]'
[    0.573158] of_get_named_gpiod_flags: can't parse 'scl-gpio' property of node '/ocp/interconnect@48000000/segment@100000/target-module@9c000/i2c@0[0]'
[    0.573194] i2c i2c-2: using lookup tables for GPIO lookup
[    0.573204] i2c i2c-2: No GPIO consumer scl found
[    0.573225] i2c i2c-2: using DT '/ocp/interconnect@48000000/segment@100000/target-module@9c000/i2c@0' for 'sda' GPIO lookup
[    0.573260] of_get_named_gpiod_flags: can't parse 'sda-gpios' property of node '/ocp/interconnect@48000000/segment@100000/target-module@9c000/i2c@0[0]'
[    0.573296] of_get_named_gpiod_flags: can't parse 'sda-gpio' property of node '/ocp/interconnect@48000000/segment@100000/target-module@9c000/i2c@0[0]'
[    0.573327] i2c i2c-2: using lookup tables for GPIO lookup
[    0.573335] i2c i2c-2: No GPIO consumer sda found
[    0.574045] omap_i2c 4819c000.i2c: bus 2 rev0.11 at 100 kHz
[    0.579665] gpiochip_find_base_unlocked: found new base at 544
[    0.579769] gpio gpiochip1: (gpio-32-63): created GPIO range 0->17 ==> 44e10800.pinmux PIN 34->51
[    0.579789] gpio gpiochip1: (gpio-32-63): created GPIO range 18->21 ==> 44e10800.pinmux PIN 77->80
[    0.579804] gpio gpiochip1: (gpio-32-63): created GPIO range 22->31 ==> 44e10800.pinmux PIN 56->65
[    0.604936] gpio gpiochip1: (gpio-32-63): added GPIO chardev (254:1)
[    0.605089] gpio gpiochip1: registered GPIOs 544 to 575 on gpio-32-63
[    0.607369] gpiochip_find_base_unlocked: found new base at 576
[    0.607460] gpio gpiochip2: (gpio-64-95): created GPIO range 0->4 ==> 44e10800.pinmux PIN 66->70
[    0.607479] gpio gpiochip2: (gpio-64-95): created GPIO range 5->6 ==> 44e10800.pinmux PIN 98->99
[    0.607494] gpio gpiochip2: (gpio-64-95): created GPIO range 7->8 ==> 44e10800.pinmux PIN 75->76
[    0.607509] gpio gpiochip2: (gpio-64-95): created GPIO range 13->13 ==> 44e10800.pinmux PIN 141->141
[    0.607525] gpio gpiochip2: (gpio-64-95): created GPIO range 14->21 ==> 44e10800.pinmux PIN 100->107
[    0.608167] gpio gpiochip2: (gpio-64-95): added GPIO chardev (254:2)
[    0.608303] gpio gpiochip2: registered GPIOs 576 to 607 on gpio-64-95
[    0.614115] 48000000.interconnect:segment@200000:target-module@0:mpu@0:fck: device ID is greater than 24
[    0.615037] /ocp/interconnect@48000000/segment@300000/target-module@e000/lcdc@0: Fixed dependency cycle(s) with /ocp/interconnect@44c00000/segment@200000/target-module@b000/i2c@0/tda19988@70
[    0.617840] /ocp/interconnect@48000000/segment@300000/target-module@e000/lcdc@0: Fixed dependency cycle(s) with /ocp/interconnect@44c00000/segment@200000/target-module@b000/i2c@0/tda19988@70
[    0.618561] /ocp/interconnect@44c00000/segment@200000/target-module@b000/i2c@0/tda19988@70: Fixed dependency cycle(s) with /ocp/interconnect@48000000/segment@300000/target-module@e000/lcdc@0
[    0.618718] /ocp/interconnect@48000000/segment@300000/target-module@e000/lcdc@0: Fixed dependency cycle(s) with /ocp/interconnect@44c00000/segment@200000/target-module@b000/i2c@0/tda19988@70
[    0.628451] mdio_bus 4a101000.mdio: using DT '/ocp/interconnect@4a000000/segment@0/target-module@100000/switch@0/mdio@1000' for 'reset' GPIO lookup
[    0.628524] of_get_named_gpiod_flags: can't parse 'reset-gpios' property of node '/ocp/interconnect@4a000000/segment@0/target-module@100000/switch@0/mdio@1000[0]'
[    0.628570] of_get_named_gpiod_flags: can't parse 'reset-gpio' property of node '/ocp/interconnect@4a000000/segment@0/target-module@100000/switch@0/mdio@1000[0]'
[    0.628617] mdio_bus 4a101000.mdio: using lookup tables for GPIO lookup
[    0.628627] mdio_bus 4a101000.mdio: No GPIO consumer reset found
[    0.629580] sdhci-omap 481d8000.mmc: using DT '/ocp/interconnect@48000000/segment@100000/target-module@d8000/mmc@0' for 'wp' GPIO lookup
[    0.629639] of_get_named_gpiod_flags: can't parse 'wp-gpios' property of node '/ocp/interconnect@48000000/segment@100000/target-module@d8000/mmc@0[0]'
[    0.629680] of_get_named_gpiod_flags: can't parse 'wp-gpio' property of node '/ocp/interconnect@48000000/segment@100000/target-module@d8000/mmc@0[0]'
[    0.629714] sdhci-omap 481d8000.mmc: using lookup tables for GPIO lookup
[    0.629723] sdhci-omap 481d8000.mmc: No GPIO consumer wp found
[    0.629919] sdhci-omap 481d8000.mmc: supply pbias not found, using dummy regulator
[    0.630409] sdhci-omap 481d8000.mmc: supply vqmmc not found, using dummy regulator
[    0.683273] davinci_mdio 4a101000.mdio: davinci mdio revision 1.6, bus freq 1000000
[    0.701078] mdio_bus 4a101000.mdio:00: using DT '/ocp/interconnect@4a000000/segment@0/target-module@100000/switch@0/mdio@1000/ethernet-phy@0' for 'reset' GPIO lookup
[    0.701179] of_get_named_gpiod_flags: parsed 'reset-gpios' property of node '/ocp/interconnect@4a000000/segment@0/target-module@100000/switch@0/mdio@1000/ethernet-phy@0[0]' - status (0)
[    0.701339] gpio gpiochip0: Persistence not supported for GPIO 8
[    0.833205] davinci_mdio 4a101000.mdio: phy[0]: device 4a101000.mdio:00, driver SMSC LAN8710/LAN8720
[    0.833979] cpsw-switch 4a100000.switch: initialized cpsw ale version 1.4
[    0.834000] cpsw-switch 4a100000.switch: ALE Table size 1024, Policers 0
[    0.834153] cpsw-switch 4a100000.switch: cpts: overflow check period 500 (jiffies)
[    0.834171] cpsw-switch 4a100000.switch: CPTS: ref_clk_freq:250000000 calc_mult:2147483648 calc_shift:29 error:0 nsec/sec
[    0.834287] cpsw-switch 4a100000.switch: Detected MACID = 6c:ec:eb:68:de:78
[    0.836166] cpsw-switch 4a100000.switch: initialized (regs 0x4a100000, pool size 256) hw_ver:0019010C 1.12 (0)
[    0.847140] debugfs: Directory '49000000.dma' with parent 'dmaengine' already present!
[    0.847182] edma 49000000.dma: TI EDMA DMA engine driver
[    0.890609] gpio-clk clk_mcasp0: using DT '/clk_mcasp0' for 'enable' GPIO lookup
[    0.890685] of_get_named_gpiod_flags: parsed 'enable-gpios' property of node '/clk_mcasp0[0]' - status (0)
[    0.890726] gpio gpiochip0: Persistence not supported for GPIO 27
[    0.891601] gpiochip_find_base_unlocked: found new base at 608
[    0.891714] gpio gpiochip3: (gpio-96-127): created GPIO range 0->7 ==> 44e10800.pinmux PIN 82->89
[    0.891949] gpio gpiochip3: (gpio-96-127): created GPIO range 8->11 ==> 44e10800.pinmux PIN 52->55
[    0.891971] gpio gpiochip3: (gpio-96-127): created GPIO range 12->15 ==> 44e10800.pinmux PIN 94->97
[    0.891988] gpio gpiochip3: (gpio-96-127): created GPIO range 16->17 ==> 44e10800.pinmux PIN 71->72
[    0.892003] gpio gpiochip3: (gpio-96-127): created GPIO range 18->18 ==> 44e10800.pinmux PIN 135->135
[    0.892019] gpio gpiochip3: (gpio-96-127): created GPIO range 19->20 ==> 44e10800.pinmux PIN 108->109
[    0.892035] gpio gpiochip3: (gpio-96-127): created GPIO range 21->21 ==> 44e10800.pinmux PIN 73->73
[    0.892052] gpio gpiochip3: (gpio-96-127): created GPIO range 22->23 ==> 44e10800.pinmux PIN 8->9
[    0.892069] gpio gpiochip3: (gpio-96-127): created GPIO range 26->27 ==> 44e10800.pinmux PIN 10->11
[    0.892086] gpio gpiochip3: (gpio-96-127): created GPIO range 28->28 ==> 44e10800.pinmux PIN 74->74
[    0.892103] gpio gpiochip3: (gpio-96-127): created GPIO range 29->29 ==> 44e10800.pinmux PIN 81->81
[    0.892121] gpio gpiochip3: (gpio-96-127): created GPIO range 30->31 ==> 44e10800.pinmux PIN 28->29
[    0.893481] gpio gpiochip3: (gpio-96-127): added GPIO chardev (254:3)
[    0.893634] gpio gpiochip3: registered GPIOs 608 to 639 on gpio-96-127
[    0.897424] omap8250 44e09000.serial: using DT '/ocp/interconnect@44c00000/segment@200000/target-module@9000/serial@0' for 'rs485-term' GPIO lookup
[    0.897502] of_get_named_gpiod_flags: can't parse 'rs485-term-gpios' property of node '/ocp/interconnect@44c00000/segment@200000/target-module@9000/serial@0[0]'
[    0.897547] of_get_named_gpiod_flags: can't parse 'rs485-term-gpio' property of node '/ocp/interconnect@44c00000/segment@200000/target-module@9000/serial@0[0]'
[    0.897584] omap8250 44e09000.serial: using lookup tables for GPIO lookup
[    0.897595] omap8250 44e09000.serial: No GPIO consumer rs485-term found
[    0.897605] omap8250 44e09000.serial: using DT '/ocp/interconnect@44c00000/segment@200000/target-module@9000/serial@0' for 'rs485-rx-during-tx' GPIO lookup
[    0.897639] of_get_named_gpiod_flags: can't parse 'rs485-rx-during-tx-gpios' property of node '/ocp/interconnect@44c00000/segment@200000/target-module@9000/serial@0[0]'
[    0.897676] of_get_named_gpiod_flags: can't parse 'rs485-rx-during-tx-gpio' property of node '/ocp/interconnect@44c00000/segment@200000/target-module@9000/serial@0[0]'
[    0.897707] omap8250 44e09000.serial: using lookup tables for GPIO lookup
[    0.897715] omap8250 44e09000.serial: No GPIO consumer rs485-rx-during-tx found
[    0.898160] 44e09000.serial: ttyS0 at MMIO 0x44e09000 (irq = 34, base_baud = 3000000) is a 8250
[    0.898250] printk: legacy console [ttyS0] enabled
[    2.377341] i2c i2c-0: using DT '/ocp/interconnect@44c00000/segment@200000/target-module@b000/i2c@0' for 'scl' GPIO lookup
[    2.377428] of_get_named_gpiod_flags: can't parse 'scl-gpios' property of node '/ocp/interconnect@44c00000/segment@200000/target-module@b000/i2c@0[0]'
[    2.377475] of_get_named_gpiod_flags: can't parse 'scl-gpio' property of node '/ocp/interconnect@44c00000/segment@200000/target-module@b000/i2c@0[0]'
[    2.377515] i2c i2c-0: using lookup tables for GPIO lookup
[    2.377529] i2c i2c-0: No GPIO consumer scl found
[    2.377555] i2c i2c-0: using DT '/ocp/interconnect@44c00000/segment@200000/target-module@b000/i2c@0' for 'sda' GPIO lookup
[    2.377594] of_get_named_gpiod_flags: can't parse 'sda-gpios' property of node '/ocp/interconnect@44c00000/segment@200000/target-module@b000/i2c@0[0]'
[    2.377635] of_get_named_gpiod_flags: can't parse 'sda-gpio' property of node '/ocp/interconnect@44c00000/segment@200000/target-module@b000/i2c@0[0]'
[    2.377670] i2c i2c-0: using lookup tables for GPIO lookup
[    2.377681] i2c i2c-0: No GPIO consumer sda found
[    2.392741] tps65217-pmic: Failed to locate of_node [id: -1]
[    2.398812] tps65217-bl: Failed to locate of_node [id: -1]
[    2.404858] platform tps65217-charger: DMA mask not set
[    2.410910] platform tps65217-pwrbutton: DMA mask not set
[    2.418314] tps65217 0-0024: TPS65217 ID 0xe version 1.2
[    2.424441] /ocp/interconnect@48000000/segment@300000/target-module@e000/lcdc@0: Fixed dependency cycle(s) with /ocp/interconnect@44c00000/segment@200000/target-module@b000/i2c@0/tda19988@70
[    2.441847] /ocp/interconnect@44c00000/segment@200000/target-module@b000/i2c@0/tda19988@70: Fixed dependency cycle(s) with /ocp/interconnect@48000000/segment@300000/target-module@e000/lcdc@0
[    2.459194] omap_i2c 44e0b000.i2c: bus 0 rev0.11 at 400 kHz
[    2.466845] sdhci-omap 48060000.mmc: using DT '/ocp/interconnect@48000000/segment@0/target-module@60000/mmc@0' for 'cd' GPIO lookup
[    2.466952] of_get_named_gpiod_flags: parsed 'cd-gpios' property of node '/ocp/interconnect@48000000/segment@0/target-module@60000/mmc@0[0]' - status (0)
[    2.467021] gpio gpiochip3: Persistence not supported for GPIO 6
[    2.467047] omap_gpio 44e07000.gpio: Could not set line 6 debounce to 200000 microseconds (-22)
[    2.475978] sdhci-omap 48060000.mmc: Got CD GPIO
[    2.480632] sdhci-omap 48060000.mmc: using DT '/ocp/interconnect@48000000/segment@0/target-module@60000/mmc@0' for 'wp' GPIO lookup
[    2.480682] of_get_named_gpiod_flags: can't parse 'wp-gpios' property of node '/ocp/interconnect@48000000/segment@0/target-module@60000/mmc@0[0]'
[    2.480725] of_get_named_gpiod_flags: can't parse 'wp-gpio' property of node '/ocp/interconnect@48000000/segment@0/target-module@60000/mmc@0[0]'
[    2.480765] sdhci-omap 48060000.mmc: using lookup tables for GPIO lookup
[    2.480779] sdhci-omap 48060000.mmc: No GPIO consumer wp found
[    2.480992] sdhci-omap 48060000.mmc: supply pbias not found, using dummy regulator
[    2.489820] sdhci-omap 481d8000.mmc: using DT '/ocp/interconnect@48000000/segment@100000/target-module@d8000/mmc@0' for 'wp' GPIO lookup
[    2.489893] of_get_named_gpiod_flags: can't parse 'wp-gpios' property of node '/ocp/interconnect@48000000/segment@100000/target-module@d8000/mmc@0[0]'
[    2.489940] of_get_named_gpiod_flags: can't parse 'wp-gpio' property of node '/ocp/interconnect@48000000/segment@100000/target-module@d8000/mmc@0[0]'
[    2.489980] sdhci-omap 481d8000.mmc: using lookup tables for GPIO lookup
[    2.489994] sdhci-omap 481d8000.mmc: No GPIO consumer wp found
[    2.491181] sdhci-omap 48060000.mmc: supply vqmmc not found, using dummy regulator
[    2.500295] sdhci-omap 481d8000.mmc: supply pbias not found, using dummy regulator
[    2.509966] sdhci-omap 481d8000.mmc: supply vqmmc not found, using dummy regulator
[    2.545641] mmc0: SDHCI controller on 48060000.mmc [48060000.mmc] using External DMA
[    2.553948] mmc1: SDHCI controller on 481d8000.mmc [481d8000.mmc] using External DMA
[    2.562680] cpsw-switch 4a100000.switch: starting ndev. mode: dual_mac
[    2.632202] mmc1: new high speed MMC card at address 0001
[    2.639013] mmcblk1: mmc1:0001 MMC04G 3.60 GiB
[    2.646933]  mmcblk1: p1 p2
[    2.650695] SMSC LAN8710/LAN8720 4a101000.mdio:00: attached PHY driver (mii_bus:phy_addr=4a101000.mdio:00, irq=POLL)
[    2.663390] mmcblk1boot0: mmc1:0001 MMC04G 2.00 MiB
[    2.677305] mmcblk1boot1: mmc1:0001 MMC04G 2.00 MiB
[    2.686264] mmcblk1rpmb: mmc1:0001 MMC04G 128 KiB, chardev (250:0)
[    2.735361] mmc0: new high speed SDHC card at address aaaa
[    2.742298] mmcblk0: mmc0:aaaa SE32G 29.7 GiB
[    2.751446]  mmcblk0: p1 p2
[    5.842531] cpsw-switch 4a100000.switch eth0: Link is Up - 100Mbps/Full - flow control off
[    5.871783] IP-Config: Complete:
[    5.875049]      device=eth0, hwaddr=6c:ec:eb:68:de:78, ipaddr=192.168.255.1, mask=255.255.255.0, gw=255.255.255.255
[    5.885689]      host=bbb1, domain=, nis-domain=(none)
[    5.890857]      bootserver=192.168.255.126, rootserver=192.168.255.126, rootpath=
[    5.891265] clk: Disabling unused clocks
[    5.903112] PM: genpd: Disabling unused power domains
[    5.908233] KTAP version 1
[    5.910954] 1..0
[    5.939554] VFS: Mounted root (nfs filesystem) on device 0:17.
[    5.946808] devtmpfs: mounted
[    5.951322] Freeing unused kernel image (initmem) memory: 1024K
[    5.958133] Run /sbin/init as init process
[    5.962341]   with arguments:
[    5.962356]     /sbin/init
[    5.962366]     nfsrootdebug
[    5.962375]   with environment:
[    5.962383]     HOME=/
[    5.962392]     TERM=linux
[    6.656826] systemd[1]: System time before build time, advancing clock.
[    8.131783] random: crng init done
[    8.144256] systemd[1]: systemd 232 running in system mode. (+PAM +AUDIT +SELINUX +IMA +APPARMOR +SMACK +SYSVINIT +UTMP +LIBCRYPTSETUP +GCRYPT +GNUTLS +ACL +XZ +LZ4 +SECCOMP +BLKID +ELFUTILS +KMOD +IDN)
[    8.163440] systemd[1]: Detected architecture arm.
[    8.194729] systemd[1]: Set hostname to <arm>.
[    9.327997] systemd[1]: systemd-journald-dev-log.socket: SO_PASSSEC failed: Operation not supported
[    9.337770] systemd[1]: Listening on Journal Socket (/dev/log).
[    9.362680] systemd[1]: Started Dispatch Password Requests to Console Directory Watch.
[    9.392618] systemd[1]: Started Forward Password Requests to Wall Directory Watch.
[    9.422134] systemd[1]: Reached target Encrypted Volumes.
[    9.452386] systemd[1]: systemd-journald.socket: SO_PASSSEC failed: Operation not supported
[    9.461015] systemd[1]: systemd-journald.socket: SO_PASSSEC failed: Operation not supported
[   11.944370] systemd-journald[94]: Received request to flush runtime journal from PID 1
[   14.481445] leds-gpio leds: using DT '/leds/led2' for '(default)' GPIO lookup
[   14.481551] of_get_named_gpiod_flags: parsed 'gpios' property of node '/leds/led2[0]' - status (0)
[   14.481608] gpio gpiochip0: Persistence not supported for GPIO 21
[   14.481623] gpio-533 (?): no flags found for GPIO (default)
[   14.555738] leds-gpio leds: using DT '/leds/led3' for '(default)' GPIO lookup
[   14.555849] of_get_named_gpiod_flags: parsed 'gpios' property of node '/leds/led3[0]' - status (0)
[   14.555905] gpio gpiochip0: Persistence not supported for GPIO 22
[   14.555921] gpio-534 (?): no flags found for GPIO (default)
[   14.591533] leds-gpio leds: using DT '/leds/led4' for '(default)' GPIO lookup
[   14.591634] of_get_named_gpiod_flags: parsed 'gpios' property of node '/leds/led4[0]' - status (0)
[   14.591685] gpio gpiochip0: Persistence not supported for GPIO 23
[   14.591701] gpio-535 (?): no flags found for GPIO (default)
[   14.632226] leds-gpio leds: using DT '/leds/led5' for '(default)' GPIO lookup
[   14.632323] of_get_named_gpiod_flags: parsed 'gpios' property of node '/leds/led5[0]' - status (0)
[   14.632375] gpio gpiochip0: Persistence not supported for GPIO 24
[   14.632390] gpio-536 (?): no flags found for GPIO (default)
[   14.898679] remoteproc remoteproc0: wkup_m3 is available
[   15.136501] omap_rtc 44e3e000.rtc: registered as rtc0
[   15.141962] omap_rtc 44e3e000.rtc: setting system clock to 2000-01-01T00:00:00 UTC (946684800)
[   15.150888] omap_rtc 44e3e000.rtc: using DT '/ocp/interconnect@44c00000/segment@200000/target-module@3e000/rtc@0' for 'wp' GPIO lookup
[   15.150963] of_get_named_gpiod_flags: can't parse 'wp-gpios' property of node '/ocp/interconnect@44c00000/segment@200000/target-module@3e000/rtc@0[0]'
[   15.151015] of_get_named_gpiod_flags: can't parse 'wp-gpio' property of node '/ocp/interconnect@44c00000/segment@200000/target-module@3e000/rtc@0[0]'
[   15.151055] omap_rtc 44e3e000.rtc: using lookup tables for GPIO lookup
[   15.151070] omap_rtc 44e3e000.rtc: No GPIO consumer wp found
[   15.216066] at24 2-0054: supply vcc not found, using dummy regulator
[   15.281259] am335x-phy-driver 47401300.usb-phy: using DT '/ocp/target-module@47400000/usb-phy@1300' for 'reset' GPIO lookup
[   15.281354] of_get_named_gpiod_flags: can't parse 'reset-gpios' property of node '/ocp/target-module@47400000/usb-phy@1300[0]'
[   15.281399] of_get_named_gpiod_flags: can't parse 'reset-gpio' property of node '/ocp/target-module@47400000/usb-phy@1300[0]'
[   15.281437] am335x-phy-driver 47401300.usb-phy: using lookup tables for GPIO lookup
[   15.281452] am335x-phy-driver 47401300.usb-phy: No GPIO consumer reset found
[   15.281465] am335x-phy-driver 47401300.usb-phy: using DT '/ocp/target-module@47400000/usb-phy@1300' for 'vbus-detect' GPIO lookup
[   15.281496] of_get_named_gpiod_flags: can't parse 'vbus-detect-gpios' property of node '/ocp/target-module@47400000/usb-phy@1300[0]'
[   15.281528] of_get_named_gpiod_flags: can't parse 'vbus-detect-gpio' property of node '/ocp/target-module@47400000/usb-phy@1300[0]'
[   15.281554] am335x-phy-driver 47401300.usb-phy: using lookup tables for GPIO lookup
[   15.281566] am335x-phy-driver 47401300.usb-phy: No GPIO consumer vbus-detect found
[   15.281715] am335x-phy-driver 47401300.usb-phy: dummy supplies not allowed for exclusive requests (id=vbus)
[   15.344439] at24 2-0055: supply vcc not found, using dummy regulator
[   15.475828] at24 2-0056: supply vcc not found, using dummy regulator
[   15.572972] at24 2-0057: supply vcc not found, using dummy regulator
[   15.615956] am335x-phy-driver 47401b00.usb-phy: using DT '/ocp/target-module@47400000/usb-phy@1b00' for 'reset' GPIO lookup
[   15.616056] of_get_named_gpiod_flags: can't parse 'reset-gpios' property of node '/ocp/target-module@47400000/usb-phy@1b00[0]'
[   15.616099] of_get_named_gpiod_flags: can't parse 'reset-gpio' property of node '/ocp/target-module@47400000/usb-phy@1b00[0]'
[   15.616136] am335x-phy-driver 47401b00.usb-phy: using lookup tables for GPIO lookup
[   15.616151] am335x-phy-driver 47401b00.usb-phy: No GPIO consumer reset found
[   15.616166] am335x-phy-driver 47401b00.usb-phy: using DT '/ocp/target-module@47400000/usb-phy@1b00' for 'vbus-detect' GPIO lookup
[   15.616196] of_get_named_gpiod_flags: can't parse 'vbus-detect-gpios' property of node '/ocp/target-module@47400000/usb-phy@1b00[0]'
[   15.616227] of_get_named_gpiod_flags: can't parse 'vbus-detect-gpio' property of node '/ocp/target-module@47400000/usb-phy@1b00[0]'
[   15.616254] am335x-phy-driver 47401b00.usb-phy: using lookup tables for GPIO lookup
[   15.616266] am335x-phy-driver 47401b00.usb-phy: No GPIO consumer vbus-detect found
[   15.616417] am335x-phy-driver 47401b00.usb-phy: dummy supplies not allowed for exclusive requests (id=vbus)
[   15.718300] at24 0-0050: using DT '/ocp/interconnect@44c00000/segment@200000/target-module@b000/i2c@0/eeprom@50' for 'wp' GPIO lookup
[   15.718409] of_get_named_gpiod_flags: can't parse 'wp-gpios' property of node '/ocp/interconnect@44c00000/segment@200000/target-module@b000/i2c@0/eeprom@50[0]'
[   15.718469] of_get_named_gpiod_flags: can't parse 'wp-gpio' property of node '/ocp/interconnect@44c00000/segment@200000/target-module@b000/i2c@0/eeprom@50[0]'
[   15.718518] at24 0-0050: using lookup tables for GPIO lookup
[   15.718534] at24 0-0050: No GPIO consumer wp found
[   15.718816] at24 0-0050: 32768 byte 24c256 EEPROM, writable, 1 bytes/write
[   15.880154] input: tps65217_pwrbutton as /devices/platform/ocp/44c00000.interconnect/44c00000.interconnect:segment@200000/44e0b000.target-module/44e0b000.i2c/i2c-0/0-0024/tps65217-pwrbutton/input/input0
[   16.399661] omap_wdt: OMAP Watchdog Timer Rev 0x01: initial timeout 60 sec
[   16.821215] usbcore: registered new interface driver usbfs
[   16.827180] usbcore: registered new interface driver hub
[   16.832772] usbcore: registered new device driver usb
[   17.708157] omap-mailbox 480c8000.mailbox: omap mailbox rev 0x400
[   17.743631] musb-hdrc musb-hdrc.1: MUSB HDRC host driver
[   17.749049] musb-hdrc musb-hdrc.1: new USB bus registered, assigned bus number 1
[   17.808841] tda998x 0-0070: found TDA19988
[   17.833580] remoteproc remoteproc0: powering up wkup_m3
[   18.064118] remoteproc remoteproc0: Direct firmware load for am335x-pm-firmware.elf failed with error -2
[   18.073913] remoteproc remoteproc0: request_firmware failed: -2
[   18.079878] wkup_m3_ipc 44e11324.wkup_m3_ipc: rproc_boot failed
[   18.096460] usb usb1: New USB device found, idVendor=1d6b, idProduct=0002, bcdDevice= 6.16
[   18.104999] usb usb1: New USB device strings: Mfr=3, Product=2, SerialNumber=1
[   18.112318] usb usb1: Product: MUSB HDRC host driver
[   18.117310] usb usb1: Manufacturer: Linux 6.16.11-90815-ga10e06965ed3 musb-hcd
[   18.124615] usb usb1: SerialNumber: musb-hdrc.1
[   18.555344] hub 1-0:1.0: USB hub found
[   18.621210] hub 1-0:1.0: 1 port detected
[   20.388422] omap_rng 48310000.rng: Random Number Generator ver. 20
[   20.436714] tilcdc 4830e000.lcdc: bound 0-0070 (ops tda998x_audio_codec_init [tda998x])
[   20.590423] [drm] Initialized tilcdc 1.0.0 for 4830e000.lcdc on minor 0
[   20.666529] tilcdc 4830e000.lcdc: [drm] Cannot find any crtc or sizes
[   20.676988] tilcdc 4830e000.lcdc: [drm] Cannot find any crtc or sizes
[   21.494220] PM: Cannot get wkup_m3_ipc handle
[   21.615961] omap-sham 53100000.sham: hw accel on OMAP rev 4.3
[   21.734844] omap-sham 53100000.sham: will run requests pump with realtime priority
[   21.744867] PM: Cannot get wkup_m3_ipc handle
[   21.858785] omap-aes 53500000.aes: OMAP AES hw accel rev: 3.2
[   21.982058] omap-aes 53500000.aes: will run requests pump with realtime priority
[   22.002310] PM: Cannot get wkup_m3_ipc handle
[   23.552717] Bluetooth: Core ver 2.22
[   23.556547] NET: Registered PF_BLUETOOTH protocol family
[   23.562034] Bluetooth: HCI device and connection manager initialized
[   23.568452] Bluetooth: HCI socket layer initialized
[   23.573430] Bluetooth: L2CAP socket layer initialized
[   23.578543] Bluetooth: SCO socket layer initialized
[   25.466133] PM: Cannot get wkup_m3_ipc handle
[   25.472255] asoc-simple-card sound: using DT '/sound' for 'simple-audio-card,hp-det' GPIO lookup
[   25.472330] of_get_named_gpiod_flags: can't parse 'simple-audio-card,hp-det-gpios' property of node '/sound[0]'
[   25.472365] of_get_named_gpiod_flags: can't parse 'simple-audio-card,hp-det-gpio' property of node '/sound[0]'
[   25.472390] asoc-simple-card sound: using lookup tables for GPIO lookup
[   25.472404] asoc-simple-card sound: No GPIO consumer simple-audio-card,hp-det found
[   25.472418] asoc-simple-card sound: using DT '/sound' for 'simple-audio-card,mic-det' GPIO lookup
[   25.472442] of_get_named_gpiod_flags: can't parse 'simple-audio-card,mic-det-gpios' property of node '/sound[0]'
[   25.472467] of_get_named_gpiod_flags: can't parse 'simple-audio-card,mic-det-gpio' property of node '/sound[0]'
[   25.472487] asoc-simple-card sound: using lookup tables for GPIO lookup
[   25.472498] asoc-simple-card sound: No GPIO consumer simple-audio-card,mic-det found
[   25.515124] tda998x 0-0070: using DT '/ocp/interconnect@44c00000/segment@200000/target-module@b000/i2c@0/tda19988@70' for 'nxp,calib' GPIO lookup
[   25.515267] of_get_named_gpiod_flags: parsed 'nxp,calib-gpios' property of node '/ocp/interconnect@44c00000/segment@200000/target-module@b000/i2c@0/tda19988@70[0]' - status (0)
[   25.515349] gpio gpiochip0: Persistence not supported for GPIO 25
[   25.515365] gpio-537 (nxp,calib): no flags found for GPIO nxp,calib
[   25.521566] gpio-537 (nxp,calib): gpiod_direction_output_nonotify: tried to set a GPIO tied to an IRQ as output
[   25.783220] PM: Cannot get wkup_m3_ipc handle
[   25.853572] tda9950 0-0034: TDA9950 CEC interface, hardware version 3.3
[   25.983138] PM: Cannot get wkup_m3_ipc handle
[   28.247560] userial_init: registered 8 ttyGS* devices
[   28.529743] rndis_register: configNr = 0
[   28.620139] udc musb-hdrc.0: binding gadget driver [g_multi]
[   28.620238] configfs-gadget.g_multi gadget.0: adding 'rndis'/54ef61f2 to config 'c'/8788caf9
[   28.621393] configfs-gadget.g_multi gadget.0: HOST MAC 1c:ba:8c:a2:ed:6c
[   28.628392] configfs-gadget.g_multi gadget.0: MAC 1c:ba:8c:a2:ed:70
[   28.634818] rndis_set_param_medium: 0 0
[   28.634838] configfs-gadget.g_multi gadget.0: RNDIS: IN/ep1in OUT/ep1out NOTIFY/ep2in
[   28.634855] configfs-gadget.g_multi gadget.0: adding 'cdc_ethernet'/8866a4be to config 'c'/8788caf9
[   28.635756] configfs-gadget.g_multi gadget.0: HOST MAC 1c:ba:8c:a2:ed:6c
[   28.642593] configfs-gadget.g_multi gadget.0: MAC 1c:ba:8c:a2:ed:6d
[   28.648924] configfs-gadget.g_multi gadget.0: CDC Ethernet: IN/ep3in OUT/ep2out NOTIFY/ep4in
[   28.648943] configfs-gadget.g_multi gadget.0: adding 'acm'/f9cec091 to config 'c'/8788caf9
[   28.648978] configfs-gadget.g_multi gadget.0: acm ttyGS0: IN/ep5in OUT/ep3out NOTIFY/ep6in
[   28.663508] PM: Cannot get wkup_m3_ipc handle
[   29.787978] configfs-gadget.g_multi gadget.0: eth_open
[   30.680859] configfs-gadget.g_multi gadget.0: stop stats: rx/tx 0/0, errs 0/0
[   35.164439] gs_open: ttyGS0 (6725e5fa,433f4ddd)
[   35.164624] gs_close: ttyGS0 (6725e5fa,433f4ddd) ...
[   35.164647] gs_close: ttyGS0 (6725e5fa,433f4ddd) done!
[   35.167506] gs_open: ttyGS0 (17f26a46,b0f2aa79)
[   35.168863] gs_close: ttyGS0 (17f26a46,b0f2aa79) ...
[   35.168911] gs_close: ttyGS0 (17f26a46,b0f2aa79) done!
[   35.311117] gs_open: ttyGS0 (17f26a46,260e13da)
[   35.311589] gs_close: ttyGS0 (17f26a46,260e13da) ...
[   35.311624] gs_close: ttyGS0 (17f26a46,260e13da) done!
[   35.320565] gs_open: ttyGS0 (17f26a46,260e13da)
ZWXBUPNNCU 0
root@arm:~# echo 'BSMK''MUYYWT'
BSMKMUYYWT
root@arm:~# MARKER='TQFL''ALXOCO' run 'modprobe test_linear_ranges'
TQFLALXOCOTQFLALXOCO 0
root@arm:~# echo 'CMGS''HXHGWL'
CMGSHXHGWL
root@arm:~# MARKER='FWFN''YGZAJP' run dmesg
FWFNYGZAJP[    0.000000] Booting Linux on physical CPU 0x0
[    0.000000] Linux version 6.16.11-90815-ga10e06965ed3 (user01@drvtest01) (arm-none-eabi-gcc (Arm GNU Toolchain 14.2.Rel1 (Build arm-14.52)) 14.2.1 20241119, GNU ld (Arm GNU Toolchain 14.2.Rel1 (Build arm-14.52)) 2.43.1.20241119) #1 SMP Mon Oct  6 14:26:41 EEST 2025
[    0.000000] CPU: ARMv7 Processor [413fc082] revision 2 (ARMv7), cr=10c5387d
[    0.000000] CPU: PIPT / VIPT nonaliasing data cache, VIPT aliasing instruction cache
[    0.000000] OF: fdt: Machine model: TI AM335x BeagleBone Black
[    0.000000] Memory policy: Data cache writeback
[    0.000000] cma: Reserved 16 MiB at 0x9e800000
[    0.000000] Zone ranges:
[    0.000000]   Normal   [mem 0x0000000080000000-0x000000009fdfffff]
[    0.000000]   HighMem  empty
[    0.000000] Movable zone start for each node
[    0.000000] Early memory node ranges
[    0.000000]   node   0: [mem 0x0000000080000000-0x000000009fdfffff]
[    0.000000] Initmem setup node 0 [mem 0x0000000080000000-0x000000009fdfffff]
[    0.000000] On node 0, zone Normal: 512 pages in unavailable ranges
[    0.000000] OF: reserved mem: Reserved memory: No reserved-memory node in the DT
[    0.000000] CPU: All CPU(s) started in SVC mode.
[    0.000000] AM335X ES2.1 (sgx neon)
[    0.000000] percpu: Embedded 17 pages/cpu s39820 r8192 d21620 u69632
[    0.000000] pcpu-alloc: s39820 r8192 d21620 u69632 alloc=17*4096
[    0.000000] pcpu-alloc: [0] 0 
[    0.000000] Kernel command line: console=ttyO0,115200n8 root=/dev/nfs rw nfsroot=192.168.255.126:/home/user01/nfs,nfsvers=3 ip=192.168.255.1:192.168.255.126::255.255.255.0:bbb1:eth0 nfsrootdebug
[    0.000000] Unknown kernel command line parameters "nfsrootdebug", will be passed to user space.
[    0.000000] printk: log buffer data + meta data: 65536 + 204800 = 270336 bytes
[    0.000000] Dentry cache hash table entries: 65536 (order: 6, 262144 bytes, linear)
[    0.000000] Inode-cache hash table entries: 32768 (order: 5, 131072 bytes, linear)
[    0.000000] Built 1 zonelists, mobility grouping on.  Total pages: 130560
[    0.000000] mem auto-init: stack:off, heap alloc:off, heap free:off
[    0.000000] SLUB: HWalign=16, Order=0-3, MinObjects=0, CPUs=1, Nodes=1
[    0.000000] rcu: Hierarchical RCU implementation.
[    0.000000] rcu: 	RCU event tracing is enabled.
[    0.000000] rcu: 	RCU restricting CPUs from NR_CPUS=2 to nr_cpu_ids=1.
[    0.000000] 	Tracing variant of Tasks RCU enabled.
[    0.000000] rcu: RCU calculated value of scheduler-enlistment delay is 10 jiffies.
[    0.000000] rcu: Adjusting geometry for rcu_fanout_leaf=16, nr_cpu_ids=1
[    0.000000] RCU Tasks Trace: Setting shift to 0 and lim to 1 rcu_task_cb_adjust=1 rcu_task_cpu_ids=1.
[    0.000000] NR_IRQS: 16, nr_irqs: 16, preallocated irqs: 16
[    0.000000] IRQ: Found an INTC at 0x(ptrval) (revision 5.0) with 128 interrupts
[    0.000000] rcu: srcu_init: Setting srcu_struct sizes based on contention.
[    0.000000] TI gptimer clocksource: always-on /ocp/interconnect@44c00000/segment@200000/target-module@31000
[    0.000003] sched_clock: 32 bits at 24MHz, resolution 41ns, wraps every 89478484971ns
[    0.000027] clocksource: dmtimer: mask: 0xffffffff max_cycles: 0xffffffff, max_idle_ns: 79635851949 ns
[    0.000507] TI gptimer clockevent: 24000000 Hz at /ocp/interconnect@48000000/segment@0/target-module@40000
[    0.002143] Console: colour dummy device 80x30
[    0.002204] WARNING: Your 'console=ttyO0' has been replaced by 'ttyS0'
[    0.002212] This ensures that you still see kernel messages. Please
[    0.002216] update your kernel commandline.
[    0.002259] Calibrating delay loop... 996.14 BogoMIPS (lpj=4980736)
[    0.090555] CPU: Testing write buffer coherency: ok
[    0.090665] CPU0: Spectre v2: using BPIALL workaround
[    0.090676] pid_max: default: 32768 minimum: 301
[    0.090838] LSM: initializing lsm=capability
[    0.091013] Mount-cache hash table entries: 1024 (order: 0, 4096 bytes, linear)
[    0.091031] Mountpoint-cache hash table entries: 1024 (order: 0, 4096 bytes, linear)
[    0.092648] CPU0: thread -1, cpu 0, socket -1, mpidr 0
[    0.092709] cacheinfo: Unable to detect cache hierarchy for CPU 0
[    0.094715] Setting up static identity map for 0x80100000 - 0x80100078
[    0.095035] rcu: Hierarchical SRCU implementation.
[    0.095047] rcu: 	Max phase no-delay instances is 1000.
[    0.096787] smp: Bringing up secondary CPUs ...
[    0.096845] smp: Brought up 1 node, 1 CPU
[    0.096858] SMP: Total of 1 processors activated (996.14 BogoMIPS).
[    0.096869] CPU: All CPU(s) started in SVC mode.
[    0.097058] Memory: 480820K/522240K available (11264K kernel code, 1221K rwdata, 2924K rodata, 1024K init, 287K bss, 23388K reserved, 16384K cma-reserved, 0K highmem)
[    0.097880] devtmpfs: initialized
[    0.115081] VFP support v0.3: implementor 41 architecture 3 part 30 variant c rev 3
[    0.115706] clocksource: jiffies: mask: 0xffffffff max_cycles: 0xffffffff, max_idle_ns: 19112604462750000 ns
[    0.115762] posixtimers hash table entries: 512 (order: 0, 4096 bytes, linear)
[    0.115785] futex hash table entries: 256 (16384 bytes on 1 NUMA nodes, total 16 KiB, linear).
[    0.116933] pinctrl core: initialized pinctrl subsystem
[    0.118979] NET: Registered PF_NETLINK/PF_ROUTE protocol family
[    0.122095] DMA: preallocated 256 KiB pool for atomic coherent allocations
[    0.123059] audit: initializing netlink subsys (disabled)
[    0.124406] thermal_sys: Registered thermal governor 'fair_share'
[    0.124423] thermal_sys: Registered thermal governor 'step_wise'
[    0.124431] thermal_sys: Registered thermal governor 'user_space'
[    0.124546] audit: type=2000 audit(0.120:1): state=initialized audit_enabled=0 res=1
[    0.124615] cpuidle: using governor menu
[    0.142674] /ocp/interconnect@44c00000/segment@200000/target-module@b000/i2c@0/tda19988@70: Fixed dependency cycle(s) with /ocp/interconnect@48000000/segment@300000/target-module@e000/lcdc@0
[    0.143795] /ocp/interconnect@48000000/segment@300000/target-module@e000/lcdc@0: Fixed dependency cycle(s) with /ocp/interconnect@44c00000/segment@200000/target-module@b000/i2c@0/tda19988@70
[    0.146008] No ATAGs?
[    0.146050] hw-breakpoint: debug architecture 0x4 unsupported.
[    0.148761] kprobes: kprobe jump-optimization is enabled. All kprobes are optimized if possible.
[    0.154071] iommu: Default domain type: Translated
[    0.154093] iommu: DMA domain TLB invalidation policy: strict mode
[    0.155668] reg-fixed-voltage fixedregulator0: using DT '/fixedregulator0' for '(default)' GPIO lookup
[    0.155722] of_get_named_gpiod_flags: can't parse 'gpios' property of node '/fixedregulator0[0]'
[    0.155749] of_get_named_gpiod_flags: can't parse 'gpio' property of node '/fixedregulator0[0]'
[    0.155768] reg-fixed-voltage fixedregulator0: using lookup tables for GPIO lookup
[    0.155778] reg-fixed-voltage fixedregulator0: No GPIO consumer (default) found
[    0.161643] SCSI subsystem initialized
[    0.162124] libata version 3.00 loaded.
[    0.162498] pps_core: LinuxPPS API ver. 1 registered
[    0.162510] pps_core: Software ver. 5.3.6 - Copyright 2005-2007 Rodolfo Giometti <giometti@linux.it>
[    0.162540] PTP clock support registered
[    0.171399] vgaarb: loaded
[    0.171761] clocksource: Switched to clocksource dmtimer
[    0.172436] VFS: Disk quotas dquot_6.6.0
[    0.172492] VFS: Dquot-cache hash table entries: 1024 (order 0, 4096 bytes)
[    0.197119] NET: Registered PF_INET protocol family
[    0.197464] IP idents hash table entries: 8192 (order: 4, 65536 bytes, linear)
[    0.198907] tcp_listen_portaddr_hash hash table entries: 512 (order: 0, 4096 bytes, linear)
[    0.198946] Table-perturb hash table entries: 65536 (order: 6, 262144 bytes, linear)
[    0.198966] TCP established hash table entries: 4096 (order: 2, 16384 bytes, linear)
[    0.199011] TCP bind hash table entries: 4096 (order: 4, 65536 bytes, linear)
[    0.199111] TCP: Hash tables configured (established 4096 bind 4096)
[    0.199234] UDP hash table entries: 256 (order: 1, 14336 bytes, linear)
[    0.199269] UDP-Lite hash table entries: 256 (order: 1, 14336 bytes, linear)
[    0.199460] NET: Registered PF_UNIX/PF_LOCAL protocol family
[    0.200735] RPC: Registered named UNIX socket transport module.
[    0.200757] RPC: Registered udp transport module.
[    0.200762] RPC: Registered tcp transport module.
[    0.200767] RPC: Registered tcp-with-tls transport module.
[    0.200772] RPC: Registered tcp NFSv4.1 backchannel transport module.
[    0.200797] PCI: CLS 0 bytes, default 64
[    0.202333] Initialise system trusted keyrings
[    0.212587] workingset: timestamp_bits=14 max_order=17 bucket_order=3
[    0.213940] NFS: Registering the id_resolver key type
[    0.214047] Key type id_resolver registered
[    0.214055] Key type id_legacy registered
[    0.214162] jffs2: version 2.2. (NAND) (SUMMARY)  Â© 2001-2006 Red Hat, Inc.
[    0.214632] Key type asymmetric registered
[    0.214650] Asymmetric key parser 'x509' registered
[    0.214722] io scheduler mq-deadline registered
[    0.214733] io scheduler kyber registered
[    0.214803] io scheduler bfq registered
[    0.216681] target-module@4b000000:target-module@140000:pmu@0:fck: device ID is greater than 24
[    0.222864] l3-aon-clkctrl:0000:0: failed to disable
[    0.223113] ledtrig-cpu: registered to indicate activity on CPUs
[    0.232297] Serial: 8250/16550 driver, 6 ports, IRQ sharing enabled
[    0.272662] brd: module loaded
[    0.289711] loop: module loaded
[    0.290646] mtdoops: mtd device (mtddev=name/number) must be supplied
[    0.293162] mdio_bus fixed-0: using lookup tables for GPIO lookup
[    0.293186] mdio_bus fixed-0: No GPIO consumer reset found
[    0.294545] i2c_dev: i2c /dev entries driver
[    0.295541] cpuidle: enable-method property 'ti,am3352' found operations
[    0.295975] sdhci: Secure Digital Host Controller Interface driver
[    0.295985] sdhci: Copyright(c) Pierre Ossman
[    0.296159] sdhci-pltfm: SDHCI platform and OF driver helper
[    0.314675] hw perfevents: enabled with armv7_cortex_a8 PMU driver, 5 (8000000f) counters available
[    0.315205] Initializing XFRM netlink socket
[    0.315390] NET: Registered PF_INET6 protocol family
[    0.321035] l3-aon-clkctrl:0000:0: failed to disable
[    0.336009] Segment Routing with IPv6
[    0.336095] In-situ OAM (IOAM) with IPv6
[    0.336193] sit: IPv6, IPv4 and MPLS over IPv4 tunneling driver
[    0.337149] NET: Registered PF_PACKET protocol family
[    0.337176] NET: Registered PF_KEY protocol family
[    0.337290] Key type dns_resolver registered
[    0.337511] ThumbEE CPU extension supported.
[    0.337533] Registering SWP/SWPB emulation handler
[    0.338072] omap_voltage_late_init: Voltage driver support not added
[    0.338767] SmartReflex Class3 initialized
[    0.363661] Loading compiled-in X.509 certificates
[    0.405845] /ocp/interconnect@44c00000/segment@200000/target-module@b000/i2c@0/tda19988@70: Fixed dependency cycle(s) with /ocp/interconnect@48000000/segment@300000/target-module@e000/lcdc@0
[    0.412389] /ocp/interconnect@44c00000/segment@200000/target-module@b000/i2c@0/tda19988@70: Fixed dependency cycle(s) with /ocp/interconnect@48000000/segment@300000/target-module@e000/lcdc@0
[    0.417929] gpiochip_find_base_unlocked: found new base at 512
[    0.442310] /ocp/interconnect@44c00000/segment@200000/target-module@b000/i2c@0/tda19988@70: Fixed dependency cycle(s) with /ocp/interconnect@48000000/segment@300000/target-module@e000/lcdc@0
[    0.443251] /ocp/interconnect@44c00000/segment@200000/target-module@b000/i2c@0/tda19988@70: Fixed dependency cycle(s) with /ocp/interconnect@48000000/segment@300000/target-module@e000/lcdc@0
[    0.446760] /ocp/interconnect@44c00000/segment@200000/target-module@10000/scm@0/pinmux@800: Fixed dependency cycle(s) with /ocp/interconnect@44c00000/segment@200000/target-module@10000/scm@0/pinmux@800/clkout2-pins
[    0.447359] pinctrl-single 44e10800.pinmux: 142 pins, size 568
[    0.452852] ti-sysc 44e31000.target-module: probe with driver ti-sysc failed with error -16
[    0.479108] /ocp/interconnect@48000000/segment@300000/target-module@e000/lcdc@0: Fixed dependency cycle(s) with /ocp/interconnect@44c00000/segment@200000/target-module@b000/i2c@0/tda19988@70
[    0.487516] ti-sysc 48040000.target-module: probe with driver ti-sysc failed with error -16
[    0.498963] gpiochip_find_base_unlocked: found new base at 512
[    0.499061] gpio gpiochip0: (gpio-0-31): created GPIO range 0->7 ==> 44e10800.pinmux PIN 0->7
[    0.499081] gpio gpiochip0: (gpio-0-31): created GPIO range 8->11 ==> 44e10800.pinmux PIN 90->93
[    0.499096] gpio gpiochip0: (gpio-0-31): created GPIO range 12->27 ==> 44e10800.pinmux PIN 12->27
[    0.499111] gpio gpiochip0: (gpio-0-31): created GPIO range 28->31 ==> 44e10800.pinmux PIN 30->33
[    0.533071] gpio gpiochip0: (gpio-0-31): added GPIO chardev (254:0)
[    0.533214] gpio gpiochip0: registered GPIOs 512 to 543 on gpio-0-31
[    0.533301] OMAP GPIO hardware version 0.1
[    0.573044] i2c i2c-2: using DT '/ocp/interconnect@48000000/segment@100000/target-module@9c000/i2c@0' for 'scl' GPIO lookup
[    0.573118] of_get_named_gpiod_flags: can't parse 'scl-gpios' property of node '/ocp/interconnect@48000000/segment@100000/target-module@9c000/i2c@0[0]'
[    0.573158] of_get_named_gpiod_flags: can't parse 'scl-gpio' property of node '/ocp/interconnect@48000000/segment@100000/target-module@9c000/i2c@0[0]'
[    0.573194] i2c i2c-2: using lookup tables for GPIO lookup
[    0.573204] i2c i2c-2: No GPIO consumer scl found
[    0.573225] i2c i2c-2: using DT '/ocp/interconnect@48000000/segment@100000/target-module@9c000/i2c@0' for 'sda' GPIO lookup
[    0.573260] of_get_named_gpiod_flags: can't parse 'sda-gpios' property of node '/ocp/interconnect@48000000/segment@100000/target-module@9c000/i2c@0[0]'
[    0.573296] of_get_named_gpiod_flags: can't parse 'sda-gpio' property of node '/ocp/interconnect@48000000/segment@100000/target-module@9c000/i2c@0[0]'
[    0.573327] i2c i2c-2: using lookup tables for GPIO lookup
[    0.573335] i2c i2c-2: No GPIO consumer sda found
[    0.574045] omap_i2c 4819c000.i2c: bus 2 rev0.11 at 100 kHz
[    0.579665] gpiochip_find_base_unlocked: found new base at 544
[    0.579769] gpio gpiochip1: (gpio-32-63): created GPIO range 0->17 ==> 44e10800.pinmux PIN 34->51
[    0.579789] gpio gpiochip1: (gpio-32-63): created GPIO range 18->21 ==> 44e10800.pinmux PIN 77->80
[    0.579804] gpio gpiochip1: (gpio-32-63): created GPIO range 22->31 ==> 44e10800.pinmux PIN 56->65
[    0.604936] gpio gpiochip1: (gpio-32-63): added GPIO chardev (254:1)
[    0.605089] gpio gpiochip1: registered GPIOs 544 to 575 on gpio-32-63
[    0.607369] gpiochip_find_base_unlocked: found new base at 576
[    0.607460] gpio gpiochip2: (gpio-64-95): created GPIO range 0->4 ==> 44e10800.pinmux PIN 66->70
[    0.607479] gpio gpiochip2: (gpio-64-95): created GPIO range 5->6 ==> 44e10800.pinmux PIN 98->99
[    0.607494] gpio gpiochip2: (gpio-64-95): created GPIO range 7->8 ==> 44e10800.pinmux PIN 75->76
[    0.607509] gpio gpiochip2: (gpio-64-95): created GPIO range 13->13 ==> 44e10800.pinmux PIN 141->141
[    0.607525] gpio gpiochip2: (gpio-64-95): created GPIO range 14->21 ==> 44e10800.pinmux PIN 100->107
[    0.608167] gpio gpiochip2: (gpio-64-95): added GPIO chardev (254:2)
[    0.608303] gpio gpiochip2: registered GPIOs 576 to 607 on gpio-64-95
[    0.614115] 48000000.interconnect:segment@200000:target-module@0:mpu@0:fck: device ID is greater than 24
[    0.615037] /ocp/interconnect@48000000/segment@300000/target-module@e000/lcdc@0: Fixed dependency cycle(s) with /ocp/interconnect@44c00000/segment@200000/target-module@b000/i2c@0/tda19988@70
[    0.617840] /ocp/interconnect@48000000/segment@300000/target-module@e000/lcdc@0: Fixed dependency cycle(s) with /ocp/interconnect@44c00000/segment@200000/target-module@b000/i2c@0/tda19988@70
[    0.618561] /ocp/interconnect@44c00000/segment@200000/target-module@b000/i2c@0/tda19988@70: Fixed dependency cycle(s) with /ocp/interconnect@48000000/segment@300000/target-module@e000/lcdc@0
[    0.618718] /ocp/interconnect@48000000/segment@300000/target-module@e000/lcdc@0: Fixed dependency cycle(s) with /ocp/interconnect@44c00000/segment@200000/target-module@b000/i2c@0/tda19988@70
[    0.628451] mdio_bus 4a101000.mdio: using DT '/ocp/interconnect@4a000000/segment@0/target-module@100000/switch@0/mdio@1000' for 'reset' GPIO lookup
[    0.628524] of_get_named_gpiod_flags: can't parse 'reset-gpios' property of node '/ocp/interconnect@4a000000/segment@0/target-module@100000/switch@0/mdio@1000[0]'
[    0.628570] of_get_named_gpiod_flags: can't parse 'reset-gpio' property of node '/ocp/interconnect@4a000000/segment@0/target-module@100000/switch@0/mdio@1000[0]'
[    0.628617] mdio_bus 4a101000.mdio: using lookup tables for GPIO lookup
[    0.628627] mdio_bus 4a101000.mdio: No GPIO consumer reset found
[    0.629580] sdhci-omap 481d8000.mmc: using DT '/ocp/interconnect@48000000/segment@100000/target-module@d8000/mmc@0' for 'wp' GPIO lookup
[    0.629639] of_get_named_gpiod_flags: can't parse 'wp-gpios' property of node '/ocp/interconnect@48000000/segment@100000/target-module@d8000/mmc@0[0]'
[    0.629680] of_get_named_gpiod_flags: can't parse 'wp-gpio' property of node '/ocp/interconnect@48000000/segment@100000/target-module@d8000/mmc@0[0]'
[    0.629714] sdhci-omap 481d8000.mmc: using lookup tables for GPIO lookup
[    0.629723] sdhci-omap 481d8000.mmc: No GPIO consumer wp found
[    0.629919] sdhci-omap 481d8000.mmc: supply pbias not found, using dummy regulator
[    0.630409] sdhci-omap 481d8000.mmc: supply vqmmc not found, using dummy regulator
[    0.683273] davinci_mdio 4a101000.mdio: davinci mdio revision 1.6, bus freq 1000000
[    0.701078] mdio_bus 4a101000.mdio:00: using DT '/ocp/interconnect@4a000000/segment@0/target-module@100000/switch@0/mdio@1000/ethernet-phy@0' for 'reset' GPIO lookup
[    0.701179] of_get_named_gpiod_flags: parsed 'reset-gpios' property of node '/ocp/interconnect@4a000000/segment@0/target-module@100000/switch@0/mdio@1000/ethernet-phy@0[0]' - status (0)
[    0.701339] gpio gpiochip0: Persistence not supported for GPIO 8
[    0.833205] davinci_mdio 4a101000.mdio: phy[0]: device 4a101000.mdio:00, driver SMSC LAN8710/LAN8720
[    0.833979] cpsw-switch 4a100000.switch: initialized cpsw ale version 1.4
[    0.834000] cpsw-switch 4a100000.switch: ALE Table size 1024, Policers 0
[    0.834153] cpsw-switch 4a100000.switch: cpts: overflow check period 500 (jiffies)
[    0.834171] cpsw-switch 4a100000.switch: CPTS: ref_clk_freq:250000000 calc_mult:2147483648 calc_shift:29 error:0 nsec/sec
[    0.834287] cpsw-switch 4a100000.switch: Detected MACID = 6c:ec:eb:68:de:78
[    0.836166] cpsw-switch 4a100000.switch: initialized (regs 0x4a100000, pool size 256) hw_ver:0019010C 1.12 (0)
[    0.847140] debugfs: Directory '49000000.dma' with parent 'dmaengine' already present!
[    0.847182] edma 49000000.dma: TI EDMA DMA engine driver
[    0.890609] gpio-clk clk_mcasp0: using DT '/clk_mcasp0' for 'enable' GPIO lookup
[    0.890685] of_get_named_gpiod_flags: parsed 'enable-gpios' property of node '/clk_mcasp0[0]' - status (0)
[    0.890726] gpio gpiochip0: Persistence not supported for GPIO 27
[    0.891601] gpiochip_find_base_unlocked: found new base at 608
[    0.891714] gpio gpiochip3: (gpio-96-127): created GPIO range 0->7 ==> 44e10800.pinmux PIN 82->89
[    0.891949] gpio gpiochip3: (gpio-96-127): created GPIO range 8->11 ==> 44e10800.pinmux PIN 52->55
[    0.891971] gpio gpiochip3: (gpio-96-127): created GPIO range 12->15 ==> 44e10800.pinmux PIN 94->97
[    0.891988] gpio gpiochip3: (gpio-96-127): created GPIO range 16->17 ==> 44e10800.pinmux PIN 71->72
[    0.892003] gpio gpiochip3: (gpio-96-127): created GPIO range 18->18 ==> 44e10800.pinmux PIN 135->135
[    0.892019] gpio gpiochip3: (gpio-96-127): created GPIO range 19->20 ==> 44e10800.pinmux PIN 108->109
[    0.892035] gpio gpiochip3: (gpio-96-127): created GPIO range 21->21 ==> 44e10800.pinmux PIN 73->73
[    0.892052] gpio gpiochip3: (gpio-96-127): created GPIO range 22->23 ==> 44e10800.pinmux PIN 8->9
[    0.892069] gpio gpiochip3: (gpio-96-127): created GPIO range 26->27 ==> 44e10800.pinmux PIN 10->11
[    0.892086] gpio gpiochip3: (gpio-96-127): created GPIO range 28->28 ==> 44e10800.pinmux PIN 74->74
[    0.892103] gpio gpiochip3: (gpio-96-127): created GPIO range 29->29 ==> 44e10800.pinmux PIN 81->81
[    0.892121] gpio gpiochip3: (gpio-96-127): created GPIO range 30->31 ==> 44e10800.pinmux PIN 28->29
[    0.893481] gpio gpiochip3: (gpio-96-127): added GPIO chardev (254:3)
[    0.893634] gpio gpiochip3: registered GPIOs 608 to 639 on gpio-96-127
[    0.897424] omap8250 44e09000.serial: using DT '/ocp/interconnect@44c00000/segment@200000/target-module@9000/serial@0' for 'rs485-term' GPIO lookup
[    0.897502] of_get_named_gpiod_flags: can't parse 'rs485-term-gpios' property of node '/ocp/interconnect@44c00000/segment@200000/target-module@9000/serial@0[0]'
[    0.897547] of_get_named_gpiod_flags: can't parse 'rs485-term-gpio' property of node '/ocp/interconnect@44c00000/segment@200000/target-module@9000/serial@0[0]'
[    0.897584] omap8250 44e09000.serial: using lookup tables for GPIO lookup
[    0.897595] omap8250 44e09000.serial: No GPIO consumer rs485-term found
[    0.897605] omap8250 44e09000.serial: using DT '/ocp/interconnect@44c00000/segment@200000/target-module@9000/serial@0' for 'rs485-rx-during-tx' GPIO lookup
[    0.897639] of_get_named_gpiod_flags: can't parse 'rs485-rx-during-tx-gpios' property of node '/ocp/interconnect@44c00000/segment@200000/target-module@9000/serial@0[0]'
[    0.897676] of_get_named_gpiod_flags: can't parse 'rs485-rx-during-tx-gpio' property of node '/ocp/interconnect@44c00000/segment@200000/target-module@9000/serial@0[0]'
[    0.897707] omap8250 44e09000.serial: using lookup tables for GPIO lookup
[    0.897715] omap8250 44e09000.serial: No GPIO consumer rs485-rx-during-tx found
[    0.898160] 44e09000.serial: ttyS0 at MMIO 0x44e09000 (irq = 34, base_baud = 3000000) is a 8250
[    0.898250] printk: legacy console [ttyS0] enabled
[    2.377341] i2c i2c-0: using DT '/ocp/interconnect@44c00000/segment@200000/target-module@b000/i2c@0' for 'scl' GPIO lookup
[    2.377428] of_get_named_gpiod_flags: can't parse 'scl-gpios' property of node '/ocp/interconnect@44c00000/segment@200000/target-module@b000/i2c@0[0]'
[    2.377475] of_get_named_gpiod_flags: can't parse 'scl-gpio' property of node '/ocp/interconnect@44c00000/segment@200000/target-module@b000/i2c@0[0]'
[    2.377515] i2c i2c-0: using lookup tables for GPIO lookup
[    2.377529] i2c i2c-0: No GPIO consumer scl found
[    2.377555] i2c i2c-0: using DT '/ocp/interconnect@44c00000/segment@200000/target-module@b000/i2c@0' for 'sda' GPIO lookup
[    2.377594] of_get_named_gpiod_flags: can't parse 'sda-gpios' property of node '/ocp/interconnect@44c00000/segment@200000/target-module@b000/i2c@0[0]'
[    2.377635] of_get_named_gpiod_flags: can't parse 'sda-gpio' property of node '/ocp/interconnect@44c00000/segment@200000/target-module@b000/i2c@0[0]'
[    2.377670] i2c i2c-0: using lookup tables for GPIO lookup
[    2.377681] i2c i2c-0: No GPIO consumer sda found
[    2.392741] tps65217-pmic: Failed to locate of_node [id: -1]
[    2.398812] tps65217-bl: Failed to locate of_node [id: -1]
[    2.404858] platform tps65217-charger: DMA mask not set
[    2.410910] platform tps65217-pwrbutton: DMA mask not set
[    2.418314] tps65217 0-0024: TPS65217 ID 0xe version 1.2
[    2.424441] /ocp/interconnect@48000000/segment@300000/target-module@e000/lcdc@0: Fixed dependency cycle(s) with /ocp/interconnect@44c00000/segment@200000/target-module@b000/i2c@0/tda19988@70
[    2.441847] /ocp/interconnect@44c00000/segment@200000/target-module@b000/i2c@0/tda19988@70: Fixed dependency cycle(s) with /ocp/interconnect@48000000/segment@300000/target-module@e000/lcdc@0
[    2.459194] omap_i2c 44e0b000.i2c: bus 0 rev0.11 at 400 kHz
[    2.466845] sdhci-omap 48060000.mmc: using DT '/ocp/interconnect@48000000/segment@0/target-module@60000/mmc@0' for 'cd' GPIO lookup
[    2.466952] of_get_named_gpiod_flags: parsed 'cd-gpios' property of node '/ocp/interconnect@48000000/segment@0/target-module@60000/mmc@0[0]' - status (0)
[    2.467021] gpio gpiochip3: Persistence not supported for GPIO 6
[    2.467047] omap_gpio 44e07000.gpio: Could not set line 6 debounce to 200000 microseconds (-22)
[    2.475978] sdhci-omap 48060000.mmc: Got CD GPIO
[    2.480632] sdhci-omap 48060000.mmc: using DT '/ocp/interconnect@48000000/segment@0/target-module@60000/mmc@0' for 'wp' GPIO lookup
[    2.480682] of_get_named_gpiod_flags: can't parse 'wp-gpios' property of node '/ocp/interconnect@48000000/segment@0/target-module@60000/mmc@0[0]'
[    2.480725] of_get_named_gpiod_flags: can't parse 'wp-gpio' property of node '/ocp/interconnect@48000000/segment@0/target-module@60000/mmc@0[0]'
[    2.480765] sdhci-omap 48060000.mmc: using lookup tables for GPIO lookup
[    2.480779] sdhci-omap 48060000.mmc: No GPIO consumer wp found
[    2.480992] sdhci-omap 48060000.mmc: supply pbias not found, using dummy regulator
[    2.489820] sdhci-omap 481d8000.mmc: using DT '/ocp/interconnect@48000000/segment@100000/target-module@d8000/mmc@0' for 'wp' GPIO lookup
