Labgrid Console Logfile for main
Logfile started at 2025-11-21 05:12:06.962324
=== Log starts here ===
reading args
spl_load_image_fat_os: error reading image args, err - -1
reading u-boot.img
reading u-boot.img


U-Boot 2014.04-00014-g47880f5 (Apr 22 2014 - 13:23:54)

I2C:   ready
DRAM:  512 MiB
NAND:  0 MiB
MMC:   OMAP SD/MMC: 0, OMAP SD/MMC: 1
*** Warning - readenv() failed, using default environment

Net:   <ethaddr> not set. Validating first E-fuse MAC
cpsw, usb_ether
Hit any key to stop autoboot:  1  0 
gpio: pin 53 (gpio 53) value is 1
mmc0 is current device
gpio: pin 54 (gpio 54) value is 1
SD/MMC found on device 0
reading uEnv.txt
569 bytes read in 4 ms (138.7 KiB/s)
gpio: pin 55 (gpio 55) value is 1
Loaded environment from uEnv.txt
Importing environment from mmc ...
Checking if uenvcmd is set ...
gpio: pin 56 (gpio 56) value is 1
Running uenvcmd ...
cpsw Waiting for PHY auto negotiation to complete. done
link up on port 0, speed 100, full duplex
Using cpsw device
TFTP from server 192.168.255.126; our IP address is 192.168.255.1
Filename 'zImage'.
Load address: 0x81000000
Loading: *#################################################################
	 #################################################################
	 #################################################################
	 #################################################################
	 #################################################################
	 #################################################################
	 2.4 MiB/s
done
Bytes transferred = 5720280 (5748d8 hex)
link up on port 0, speed 100, full duplex
Using cpsw device
TFTP from server 192.168.255.126; our IP address is 192.168.255.1
Filename 'am335x-boneblack.dtb'.
Load address: 0x82000000
Loading: *#######
	 2.3 MiB/s
done
Bytes transferred = 98077 (17f1d hex)
Kernel image @ 0x81000000 [ 0x000000 - 0x5748d8 ]
## Flattened Device Tree blob at 82000000
   Booting using the fdt blob at 0x82000000
   Using Device Tree in place at 82000000, end 8201af1c

Starting kernel ...

[    0.000000] Booting Linux on physical CPU 0x0
[    0.000000] Linux version 6.18.0-rc6-next-20251120 (user01@drvtest01) (arm-none-eabi-gcc (Arm GNU Toolchain 14.2.Rel1 (Build arm-14.52)) 14.2.1 20241119, GNU ld (Arm GNU Toolchain 14.2.Rel1 (Build arm-14.52)) 2.43.1.20241119) #1 SMP Fri Nov 21 05:10:31 EET 2025
[    0.000000] CPU: ARMv7 Processor [413fc082] revision 2 (ARMv7), cr=10c5387d
[    0.000000] CPU: PIPT / VIPT nonaliasing data cache, VIPT aliasing instruction cache
[    0.000000] OF: fdt: Machine model: TI AM335x BeagleBone Black
[    0.000000] Memory policy: Data cache writeback
[    0.000000] cma: Reserved 16 MiB at 0x9e800000
[    0.000000] Zone ranges:
[    0.000000]   Normal   [mem 0x0000000080000000-0x000000009fdfffff]
[    0.000000]   HighMem  empty
[    0.000000] Movable zone start for each node
[    0.000000] Early memory node ranges
[    0.000000]   node   0: [mem 0x0000000080000000-0x000000009fdfffff]
[    0.000000] Initmem setup node 0 [mem 0x0000000080000000-0x000000009fdfffff]
[    0.000000] On node 0, zone Normal: 512 pages in unavailable ranges
[    0.000000] OF: reserved mem: Reserved memory: No reserved-memory node in the DT
[    0.000000] CPU: All CPU(s) started in SVC mode.
[    0.000000] AM335X ES2.1 (sgx neon)
[    0.000000] percpu: Embedded 17 pages/cpu s39948 r8192 d21492 u69632
[    0.000000] Kernel command line: console=ttyO0,115200n8 root=/dev/nfs rw nfsroot=192.168.255.126:/home/user01/nfs,nfsvers=3 ip=192.168.255.1:192.168.255.126::255.255.255.0:bbb1:eth0 nfsrootdebug
[    0.000000] Unknown kernel command line parameters "nfsrootdebug", will be passed to user space.
[    0.000000] printk: log buffer data + meta data: 65536 + 204800 = 270336 bytes
[    0.000000] Dentry cache hash table entries: 65536 (order: 6, 262144 bytes, linear)
[    0.000000] Inode-cache hash table entries: 32768 (order: 5, 131072 bytes, linear)
[    0.000000] Built 1 zonelists, mobility grouping on.  Total pages: 130560
[    0.000000] mem auto-init: stack:off, heap alloc:off, heap free:off
[    0.000000] SLUB: HWalign=16, Order=0-3, MinObjects=0, CPUs=1, Nodes=1
[    0.000000] rcu: Hierarchical RCU implementation.
[    0.000000] rcu: 	RCU event tracing is enabled.
[    0.000000] rcu: 	RCU restricting CPUs from NR_CPUS=2 to nr_cpu_ids=1.
[    0.000000] 	Tracing variant of Tasks RCU enabled.
[    0.000000] rcu: RCU calculated value of scheduler-enlistment delay is 10 jiffies.
[    0.000000] rcu: Adjusting geometry for rcu_fanout_leaf=16, nr_cpu_ids=1
[    0.000000] RCU Tasks Trace: Setting shift to 0 and lim to 1 rcu_task_cb_adjust=1 rcu_task_cpu_ids=1.
[    0.000000] NR_IRQS: 16, nr_irqs: 16, preallocated irqs: 16
[    0.000000] IRQ: Found an INTC at 0x(ptrval) (revision 5.0) with 128 interrupts
[    0.000000] rcu: srcu_init: Setting srcu_struct sizes based on contention.
[    0.000000] TI gptimer clocksource: always-on /ocp/interconnect@44c00000/segment@200000/target-module@31000
[    0.000003] sched_clock: 32 bits at 24MHz, resolution 41ns, wraps every 89478484971ns
[    0.000027] clocksource: dmtimer: mask: 0xffffffff max_cycles: 0xffffffff, max_idle_ns: 79635851949 ns
[    0.000564] TI gptimer clockevent: 24000000 Hz at /ocp/interconnect@48000000/segment@0/target-module@40000
[    0.002132] Console: colour dummy device 80x30
[    0.002202] WARNING: Your 'console=ttyO0' has been replaced by 'ttyS0'
[    0.002211] This ensures that you still see kernel messages. Please
[    0.002215] update your kernel commandline.
[    0.002255] Calibrating delay loop... 996.14 BogoMIPS (lpj=4980736)
[    0.090682] CPU: Testing write buffer coherency: ok
[    0.090765] CPU0: Spectre v2: using BPIALL workaround
[    0.090776] pid_max: default: 32768 minimum: 301
[    0.091083] Mount-cache hash table entries: 1024 (order: 0, 4096 bytes, linear)
[    0.091103] Mountpoint-cache hash table entries: 1024 (order: 0, 4096 bytes, linear)
[    0.092705] CPU0: thread -1, cpu 0, socket -1, mpidr 0
[    0.092760] cacheinfo: Unable to detect cache hierarchy for CPU 0
[    0.094749] Setting up static identity map for 0x80100000 - 0x80100078
[    0.095071] rcu: Hierarchical SRCU implementation.
[    0.095080] rcu: 	Max phase no-delay instances is 1000.
[    0.096798] smp: Bringing up secondary CPUs ...
[    0.096855] smp: Brought up 1 node, 1 CPU
[    0.096868] SMP: Total of 1 processors activated (996.14 BogoMIPS).
[    0.096880] CPU: All CPU(s) started in SVC mode.
[    0.097128] Memory: 479964K/522240K available (12288K kernel code, 1231K rwdata, 2956K rodata, 1024K init, 256K bss, 24364K reserved, 16384K cma-reserved, 0K highmem)
[    0.097990] devtmpfs: initialized
[    0.115462] VFP support v0.3: implementor 41 architecture 3 part 30 variant c rev 3
[    0.116136] clocksource: jiffies: mask: 0xffffffff max_cycles: 0xffffffff, max_idle_ns: 19112604462750000 ns
[    0.116190] posixtimers hash table entries: 512 (order: 0, 4096 bytes, linear)
[    0.116215] futex hash table entries: 256 (16384 bytes on 1 NUMA nodes, total 16 KiB, linear).
[    0.119396] NET: Registered PF_NETLINK/PF_ROUTE protocol family
[    0.122518] DMA: preallocated 256 KiB pool for atomic coherent allocations
[    0.123509] audit: initializing netlink subsys (disabled)
[    0.124885] thermal_sys: Registered thermal governor 'fair_share'
[    0.124901] thermal_sys: Registered thermal governor 'step_wise'
[    0.124910] thermal_sys: Registered thermal governor 'user_space'
[    0.125025] audit: type=2000 audit(0.120:1): state=initialized audit_enabled=0 res=1
[    0.125096] cpuidle: using governor menu
[    0.143129] /ocp/interconnect@44c00000/segment@200000/target-module@b000/i2c@0/tda19988@70: Fixed dependency cycle(s) with /ocp/interconnect@48000000/segment@300000/target-module@e000/lcdc@0
[    0.144214] /ocp/interconnect@48000000/segment@300000/target-module@e000/lcdc@0: Fixed dependency cycle(s) with /ocp/interconnect@44c00000/segment@200000/target-module@b000/i2c@0/tda19988@70
[    0.146387] No ATAGs?
[    0.146426] hw-breakpoint: debug architecture 0x4 unsupported.
[    0.149068] kprobes: kprobe jump-optimization is enabled. All kprobes are optimized if possible.
[    0.163935] iommu: Default domain type: Translated
[    0.163958] iommu: DMA domain TLB invalidation policy: strict mode
[    0.166754] SCSI subsystem initialized
[    0.167595] pps_core: LinuxPPS API ver. 1 registered
[    0.167606] pps_core: Software ver. 5.3.6 - Copyright 2005-2007 Rodolfo Giometti <giometti@linux.it>
[    0.167630] PTP clock support registered
[    0.180852] vgaarb: loaded
[    0.181252] clocksource: Switched to clocksource dmtimer
[    0.181865] VFS: Disk quotas dquot_6.6.0
[    0.181924] VFS: Dquot-cache hash table entries: 1024 (order 0, 4096 bytes)
[    0.205837] NET: Registered PF_INET protocol family
[    0.206171] IP idents hash table entries: 8192 (order: 4, 65536 bytes, linear)
[    0.207599] tcp_listen_portaddr_hash hash table entries: 512 (order: 0, 4096 bytes, linear)
[    0.207630] Table-perturb hash table entries: 65536 (order: 6, 262144 bytes, linear)
[    0.207649] TCP established hash table entries: 4096 (order: 2, 16384 bytes, linear)
[    0.207694] TCP bind hash table entries: 4096 (order: 4, 65536 bytes, linear)
[    0.207794] TCP: Hash tables configured (established 4096 bind 4096)
[    0.207920] UDP hash table entries: 256 (order: 2, 14336 bytes, linear)
[    0.207953] UDP-Lite hash table entries: 256 (order: 2, 14336 bytes, linear)
[    0.208164] NET: Registered PF_UNIX/PF_LOCAL protocol family
[    0.209436] RPC: Registered named UNIX socket transport module.
[    0.209456] RPC: Registered udp transport module.
[    0.209462] RPC: Registered tcp transport module.
[    0.209466] RPC: Registered tcp-with-tls transport module.
[    0.209471] RPC: Registered tcp NFSv4.1 backchannel transport module.
[    0.209496] PCI: CLS 0 bytes, default 64
[    0.210952] Initialise system trusted keyrings
[    0.221734] workingset: timestamp_bits=14 max_order=17 bucket_order=3
[    0.223178] NFS: Registering the id_resolver key type
[    0.223246] Key type id_resolver registered
[    0.223254] Key type id_legacy registered
[    0.223365] jffs2: version 2.2. (NAND) (SUMMARY)  Â© 2001-2006 Red Hat, Inc.
[    0.223915] Key type asymmetric registered
[    0.223932] Asymmetric key parser 'x509' registered
[    0.224009] io scheduler mq-deadline registered
[    0.224019] io scheduler kyber registered
[    0.224102] io scheduler bfq registered
[    0.225914] target-module@4b000000:target-module@140000:pmu@0:fck: device ID is greater than 24
[    0.227069] ledtrig-cpu: registered to indicate activity on CPUs
[    0.241877] Serial: 8250/16550 driver, 6 ports, IRQ sharing enabled
[    0.296740] brd: module loaded
[    0.305274] loop: module loaded
[    0.306203] mtdoops: mtd device (mtddev=name/number) must be supplied
[    0.316113] i2c_dev: i2c /dev entries driver
[    0.317146] cpuidle: enable-method property 'ti,am3352' found operations
[    0.317619] sdhci: Secure Digital Host Controller Interface driver
[    0.317630] sdhci: Copyright(c) Pierre Ossman
[    0.317816] sdhci-pltfm: SDHCI platform and OF driver helper
[    0.319357] hw perfevents: enabled with armv7_cortex_a8 PMU driver, 5 (8000000f) counters available
[    0.319891] Initializing XFRM netlink socket
[    0.320065] NET: Registered PF_INET6 protocol family
[    0.335827] Segment Routing with IPv6
[    0.335912] In-situ OAM (IOAM) with IPv6
[    0.336007] sit: IPv6, IPv4 and MPLS over IPv4 tunneling driver
[    0.337035] NET: Registered PF_PACKET protocol family
[    0.337055] PFKEY is deprecated and scheduled to be removed in 2027, please contact the netdev mailing list
[    0.337071] NET: Registered PF_KEY protocol family
[    0.337210] Key type dns_resolver registered
[    0.337443] ThumbEE CPU extension supported.
[    0.337464] Registering SWP/SWPB emulation handler
[    0.337987] omap_voltage_late_init: Voltage driver support not added
[    0.338654] SmartReflex Class3 initialized
[    0.364970] Loading compiled-in X.509 certificates
[    0.404002] /ocp/interconnect@44c00000/segment@200000/target-module@b000/i2c@0/tda19988@70: Fixed dependency cycle(s) with /ocp/interconnect@48000000/segment@300000/target-module@e000/lcdc@0
[    0.410411] /ocp/interconnect@44c00000/segment@200000/target-module@b000/i2c@0/tda19988@70: Fixed dependency cycle(s) with /ocp/interconnect@48000000/segment@300000/target-module@e000/lcdc@0
[    0.441045] /ocp/interconnect@44c00000/segment@200000/target-module@b000/i2c@0/tda19988@70: Fixed dependency cycle(s) with /ocp/interconnect@48000000/segment@300000/target-module@e000/lcdc@0
[    0.442178] /ocp/interconnect@44c00000/segment@200000/target-module@b000/i2c@0/tda19988@70: Fixed dependency cycle(s) with /ocp/interconnect@48000000/segment@300000/target-module@e000/lcdc@0
[    0.445745] /ocp/interconnect@44c00000/segment@200000/target-module@10000/scm@0/pinmux@800: Fixed dependency cycle(s) with /ocp/interconnect@44c00000/segment@200000/target-module@10000/scm@0/pinmux@800/clkout2-pins
[    0.446367] pinctrl-single 44e10800.pinmux: 142 pins, size 568
[    0.479848] /ocp/interconnect@48000000/segment@300000/target-module@e000/lcdc@0: Fixed dependency cycle(s) with /ocp/interconnect@44c00000/segment@200000/target-module@b000/i2c@0/tda19988@70
[    0.535163] OMAP GPIO hardware version 0.1
[    0.579991] omap_i2c 4819c000.i2c: bus 2 rev0.11 at 100 kHz
[    0.607016] 48000000.interconnect:segment@200000:target-module@0:mpu@0:fck: device ID is greater than 24
[    0.607928] /ocp/interconnect@48000000/segment@300000/target-module@e000/lcdc@0: Fixed dependency cycle(s) with /ocp/interconnect@44c00000/segment@200000/target-module@b000/i2c@0/tda19988@70
[    0.610801] /ocp/interconnect@48000000/segment@300000/target-module@e000/lcdc@0: Fixed dependency cycle(s) with /ocp/interconnect@44c00000/segment@200000/target-module@b000/i2c@0/tda19988@70
[    0.611702] /ocp/interconnect@44c00000/segment@200000/target-module@b000/i2c@0/tda19988@70: Fixed dependency cycle(s) with /ocp/interconnect@48000000/segment@300000/target-module@e000/lcdc@0
[    0.611885] /ocp/interconnect@48000000/segment@300000/target-module@e000/lcdc@0: Fixed dependency cycle(s) with /ocp/interconnect@44c00000/segment@200000/target-module@b000/i2c@0/tda19988@70
[    0.620338] sdhci-omap 481d8000.mmc: supply pbias not found, using dummy regulator
[    0.621343] sdhci-omap 481d8000.mmc: supply vqmmc not found, using dummy regulator
[    0.693280] davinci_mdio 4a101000.mdio: davinci mdio revision 1.6, bus freq 1000000
[    0.832657] davinci_mdio 4a101000.mdio: phy[0]: device 4a101000.mdio:00, driver SMSC LAN8710/LAN8720
[    0.833423] cpsw-switch 4a100000.switch: initialized cpsw ale version 1.4
[    0.833446] cpsw-switch 4a100000.switch: ALE Table size 1024, Policers 0
[    0.833618] cpsw-switch 4a100000.switch: cpts: overflow check period 500 (jiffies)
[    0.833636] cpsw-switch 4a100000.switch: CPTS: ref_clk_freq:250000000 calc_mult:2147483648 calc_shift:29 error:0 nsec/sec
[    0.833731] cpsw-switch 4a100000.switch: Detected MACID = 6c:ec:eb:68:de:78
[    0.835635] cpsw-switch 4a100000.switch: initialized (regs 0x4a100000, pool size 256) hw_ver:0019010C 1.12 (0)
[    0.847153] debugfs: '49000000.dma' already exists in 'dmaengine'
[    0.847197] edma 49000000.dma: TI EDMA DMA engine driver
[    0.887365] ti-sysc 44e31000.target-module: Failed to create device link (0x180) with supplier ocp for /ocp/interconnect@44c00000/segment@200000/target-module@31000/timer@0
[    0.887425] ti-sysc 48040000.target-module: Failed to create device link (0x180) with supplier ocp for /ocp/interconnect@48000000/segment@0/target-module@40000/timer@0
[    0.918293] 44e09000.serial: ttyS0 at MMIO 0x44e09000 (irq = 34, base_baud = 3000000) is a 8250
[    0.918414] printk: legacy console [ttyS0] enabled
[    2.452214] tps65217-pmic: Failed to locate of_node [id: -1]
[    2.458285] tps65217-bl: Failed to locate of_node [id: -1]
[    2.465788] platform tps65217-charger: DMA mask not set
[    2.472831] platform tps65217-pwrbutton: DMA mask not set
[    2.480589] tps65217 0-0024: TPS65217 ID 0xe version 1.2
[    2.486658] /ocp/interconnect@48000000/segment@300000/target-module@e000/lcdc@0: Fixed dependency cycle(s) with /ocp/interconnect@44c00000/segment@200000/target-module@b000/i2c@0/tda19988@70
[    2.504085] /ocp/interconnect@44c00000/segment@200000/target-module@b000/i2c@0/tda19988@70: Fixed dependency cycle(s) with /ocp/interconnect@48000000/segment@300000/target-module@e000/lcdc@0
[    2.521488] omap_i2c 44e0b000.i2c: bus 0 rev0.11 at 400 kHz
[    2.529563] omap_gpio 44e07000.gpio: Could not set line 6 debounce to 200000 microseconds (-22)
[    2.538451] sdhci-omap 48060000.mmc: Got CD GPIO
[    2.543492] sdhci-omap 48060000.mmc: supply pbias not found, using dummy regulator
[    2.553858] sdhci-omap 48060000.mmc: supply vqmmc not found, using dummy regulator
[    2.563071] sdhci-omap 481d8000.mmc: supply pbias not found, using dummy regulator
[    2.571663] sdhci-omap 481d8000.mmc: supply vqmmc not found, using dummy regulator
[    2.609655] mmc1: SDHCI controller on 481d8000.mmc [481d8000.mmc] using External DMA
[    2.618737] mmc0: SDHCI controller on 48060000.mmc [48060000.mmc] using External DMA
[    2.627641] cpsw-switch 4a100000.switch: starting ndev. mode: dual_mac
[    2.691504] mmc1: new high speed MMC card at address 0001
[    2.698352] mmcblk1: mmc1:0001 MMC04G 3.60 GiB
[    2.706194]  mmcblk1: p1 p2
[    2.709963] SMSC LAN8710/LAN8720 4a101000.mdio:00: attached PHY driver (mii_bus:phy_addr=4a101000.mdio:00, irq=POLL)
[    2.722960] mmcblk1boot0: mmc1:0001 MMC04G 2.00 MiB
[    2.736394] mmcblk1boot1: mmc1:0001 MMC04G 2.00 MiB
[    2.745313] mmcblk1rpmb: mmc1:0001 MMC04G 128 KiB, chardev (249:0)
[    2.794748] mmc0: new high speed SDHC card at address aaaa
[    2.801680] mmcblk0: mmc0:aaaa SE32G 29.7 GiB
[    2.810689]  mmcblk0: p1 p2
[    5.841982] cpsw-switch 4a100000.switch eth0: Link is Up - 100Mbps/Full - flow control off
[    5.871234] IP-Config: Complete:
[    5.874505]      device=eth0, hwaddr=6c:ec:eb:68:de:78, ipaddr=192.168.255.1, mask=255.255.255.0, gw=255.255.255.255
[    5.885145]      host=bbb1, domain=, nis-domain=(none)
[    5.890313]      bootserver=192.168.255.126, rootserver=192.168.255.126, rootpath=
[    5.890742] clk: Disabling unused clocks
[    5.902608] PM: genpd: Disabling unused power domains
[    5.907776] KTAP version 1
[    5.910501] 1..0
[    5.913311] check access for rdinit=/init failed: -2, ignoring
[    5.941103] VFS: Mounted root (nfs filesystem) on device 0:17.
[    5.948201] devtmpfs: mounted
[    5.952996] Freeing unused kernel image (initmem) memory: 1024K
[    5.959635] Run /sbin/init as init process
[    6.674614] systemd[1]: System time before build time, advancing clock.
[    8.241243] random: crng init done
[    8.254033] systemd[1]: systemd 232 running in system mode. (+PAM +AUDIT +SELINUX +IMA +APPARMOR +SMACK +SYSVINIT +UTMP +LIBCRYPTSETUP +GCRYPT +GNUTLS +ACL +XZ +LZ4 +SECCOMP +BLKID +ELFUTILS +KMOD +IDN)
[    8.273120] systemd[1]: Detected architecture arm.

Welcome to [1mDebian GNU/Linux 9 (stretch)[0m!

[    8.304384] systemd[1]: Set hostname to <arm>.
[    9.415164] systemd[1]: Reached target Swap.
[[0;32m  OK  [0m] Reached target Swap.
[    9.435512] systemd[1]: Listening on udev Control Socket.
[[0;32m  OK  [0m] Listening on udev Control Socket.
[    9.463069] systemd[1]: systemd-journald.socket: SO_PASSSEC failed: Operation not supported
[    9.472006] systemd[1]: systemd-journald.socket: SO_PASSSEC failed: Operation not supported
[    9.480589] systemd[1]: Listening on Journal Socket.
[[0;32m  OK  [0m] Listening on Journal Socket.
[    9.503187] systemd[1]: Listening on /dev/initctl Compatibility Named Pipe.
[[0;32m  OK  [0m] Listening on /dev/initctl Compatibility Named Pipe.
[    9.532700] systemd[1]: Created slice User and Session Slice.
[[0;32m  OK  [0m] Created slice User and Session Slice.
[[0;32m  OK  [0m] Listening on udev Kernel Socket.
[[0;32m  OK  [0m] Listening on Syslog Socket.
[[0;32m  OK  [0m] Listening on Journal Audit Socket.
[[0;32m  OK  [0m] Started Dispatch Password Requests to Console Directory Watch.
[[0;32m  OK  [0m] Started Forward Password Requests to Wall Directory Watch.
[[0;32m  OK  [0m] Reached target Paths.
[[0;32m  OK  [0m] Reached target Encrypted Volumes.
[[0;32m  OK  [0m] Created slice System Slice.
         Starting Remount Root and Kernel File Systems...
[[0;32m  OK  [0m] Reached target Slices.
         Starting Load Kernel Modules...
         Mounting Debug File System...
[[0;32m  OK  [0m] Created slice system-serial\x2dgetty.slice.
[[0;32m  OK  [0m] Created slice system-getty.slice.
[[0;32m  OK  [0m] Reached target Remote File Systems.
         Starting Create list of required stâ€¦ce nodes for the current kernel...
[[0;32m  OK  [0m] Set up automount Arbitrary Executabâ€¦rmats File System Automount Point.
[[0;32m  OK  [0m] Listening on Journal Socket (/dev/log).
         Starting Journal Service...
         Mounting POSIX Message Queue File System...
[[0;32m  OK  [0m] Mounted Debug File System.
[[0;32m  OK  [0m] Started Remount Root and Kernel File Systems.
[[0;32m  OK  [0m] Started Load Kernel Modules.
[[0;32m  OK  [0m] Started Create list of required staâ€¦vice nodes for the current kernel.
[[0;32m  OK  [0m] Mounted POSIX Message Queue File System.
         Starting Create Static Device Nodes in /dev...
         Mounting Configuration File System...
         Starting Apply Kernel Variables...
         Starting udev Coldplug all Devices...
         Starting Load/Save Random Seed...
[[0;32m  OK  [0m] Mounted Configuration File System.
[[0;32m  OK  [0m] Started Apply Kernel Variables.
[[0;32m  OK  [0m] Started Load/Save Random Seed.
[[0;32m  OK  [0m] Started Create Static Device Nodes in /dev.
         Starting udev Kernel Device Manager...
[[0;32m  OK  [0m] Reached target Local File Systems (Pre).
[[0;32m  OK  [0m] Reached target Local File Systems.
         Starting Raise network interfaces...
[[0;32m  OK  [0m] Started Journal Service.
         Starting Flush Journal to Persistent Storage...
[   11.926847] systemd-journald[112]: Received request to flush runtime journal from PID 1
[[0;32m  OK  [0m] Started Flush Journal to Persistent Storage.
         Starting Create Volatile Files and Directories...
[[0;32m  OK  [0m] Started udev Kernel Device Manager.
[   12.641991] omap_prm 44e00d00.prm: sync_state() pending due to 44d00000.cpu
[[0;32m  OK  [0m] Started Create Volatile Files and Directories.
         Starting Network Time Synchronization...
         Starting Update UTMP about System Boot/Shutdown...
[[0;32m  OK  [0m] Started Update UTMP about System Boot/Shutdown.
[[0;32m  OK  [0m] Started udev Coldplug all Devices.
[[0;32m  OK  [0m] Started Network Time Synchronization.
[[0;32m  OK  [0m] Reached target System Time Synchronized.
[[0;32m  OK  [0m] Reached target System Initialization.
[[0;32m  OK  [0m] Started Daily Cleanup of Temporary Directories.
[[0;32m  OK  [0m] Started Daily apt download activities.
[[0;32m  OK  [0m] Listening on D-Bus System Message Bus Socket.
[[0;32m  OK  [0m] Listening on Avahi mDNS/DNS-SD Stack Activation Socket.
[[0;32m  OK  [0m] Reached target Sockets.
[[0;32m  OK  [0m] Reached target Basic System.
[   15.412358] remoteproc remoteproc0: wkup_m3 is available
[[0;32m  OK  [0m] Started Regular background program processing daemon.
         Starting DUN service...
[   15.689845] at24 2-0054: supply vcc not found, using dummy regulator
         Starting Login Service...
[   15.844629] at24 2-0055: supply vcc not found, using dummy regulator
         Starting Generic Board Startup...
[   15.942769] at24 2-0056: supply vcc not found, using dummy regulator
[   15.993697] input: tps65217_pwrbutton as /devices/platform/ocp/44c00000.interconnect/44c00000.interconnect:segment@200000/44e0b000.target-module/44e0b000.i2c/i2c-0/0-0024/tps65217-pwrbutton/input/input0
         Starting LSB: Start busybox udhcpd at boot time...
[   16.103675] at24 2-0057: supply vcc not found, using dummy regulator
         Starting Avahi mDNS/DNS-SD Stack...
[   16.181674] omap_rtc 44e3e000.rtc: registered as rtc0
[   16.186867] omap_rtc 44e3e000.rtc: setting system clock to 2000-01-01T00:00:00 UTC (946684800)
[   16.258310] at24 0-0050: 4096 byte 24c32 EEPROM, writable, 1 bytes/write
[[0;32m  OK  [0m] Started D-Bus System Message Bus.
[   16.422816] omap_wdt: OMAP Watchdog Timer Rev 0x01: initial timeout 60 sec
[   17.584328] am335x-phy-driver 47401300.usb-phy: dummy supplies not allowed for exclusive requests (id=vbus)
[   17.740419] am335x-phy-driver 47401b00.usb-phy: dummy supplies not allowed for exclusive requests (id=vbus)
[   17.892269] usbcore: registered new interface driver usbfs
[   17.897908] usbcore: registered new interface driver hub
[   17.903536] usbcore: registered new device driver usb
[   18.754929] omap-mailbox 480c8000.mailbox: omap mailbox rev 0x400
[   18.830161] remoteproc remoteproc0: powering up wkup_m3
[   18.957824] remoteproc remoteproc0: Direct firmware load for am335x-pm-firmware.elf failed with error -2
[   18.967664] remoteproc remoteproc0: request_firmware failed: -2
[   18.973730] wkup_m3_ipc 44e11324.wkup_m3_ipc: rproc_boot failed
[   19.048640] musb-hdrc musb-hdrc.1: MUSB HDRC host driver
[   19.054256] musb-hdrc musb-hdrc.1: new USB bus registered, assigned bus number 1
[   19.210066] tda998x 0-0070: found TDA19988
[   19.366958] usb usb1: New USB device found, idVendor=1d6b, idProduct=0002, bcdDevice= 6.18
[   19.375488] usb usb1: New USB device strings: Mfr=3, Product=2, SerialNumber=1
[   19.382812] usb usb1: Product: MUSB HDRC host driver
[   19.387806] usb usb1: Manufacturer: Linux 6.18.0-rc6-next-20251120 musb-hcd
[   19.394962] usb usb1: SerialNumber: musb-hdrc.1
[   19.783757] hub 1-0:1.0: USB hub found
[   19.836754] hub 1-0:1.0: 1 port detected
[   21.417384] omap_rng 48310000.rng: Random Number Generator ver. 20
[[0;32m  OK  [0m] Started DUN service.
[   21.577626] ------------[ cut here ]------------
[   21.582472] WARNING: net/8021q/vlan_core.c:236 at vlan_for_each+0x114/0x134, CPU#0: avahi-daemon/217
[   21.591731] RTNL: assertion failed at net/8021q/vlan_core.c (236)
[   21.597857] Modules linked in: drm_client_lib omap_rng rng_core snd_soc_davinci_mcasp snd_soc_ti_udma snd_soc_ti_edma snd_soc_ti_sdma snd_soc_core snd_pcm_dmaengine snd_pcm snd_timer tda998x snd musb_dsps omap_mailbox musb_hdrc cec soundcore drm_kms_helper udc_core usbcore drm phy_am335x phy_generic usb_common cppi41 drm_panel_orientation_quirks omap_wdt wkup_m3_ipc watchdog rtc_omap tps65218_pwrbutton at24 phy_am335x_control wkup_m3_rproc leds_gpio led_class cpufreq_dt autofs4
[   21.640646] CPU: 0 UID: 107 PID: 217 Comm: avahi-daemon Not tainted 6.18.0-rc6-next-20251120 #1 NONE 
[   21.640664] Hardware name: Generic AM33XX (Flattened Device Tree)
[   21.640673] Call trace: 
[   21.640689]  unwind_backtrace from show_stack+0x10/0x14
[   21.640726]  show_stack from dump_stack_lvl+0x50/0x64
[   21.640752]  dump_stack_lvl from __warn+0x88/0x148
[   21.640769]  __warn from warn_slowpath_fmt+0x19c/0x1b0
[   21.640782]  warn_slowpath_fmt from vlan_for_each+0x114/0x134
[   21.640799]  vlan_for_each from cpsw_add_mc_addr+0x40/0xa4
[   21.640831]  cpsw_add_mc_addr from __hw_addr_ref_sync_dev+0x108/0x140
[   21.640859]  __hw_addr_ref_sync_dev from __dev_mc_add+0x7c/0x80
[   21.640877]  __dev_mc_add from igmp6_group_added+0xc8/0xe0
[   21.640898]  igmp6_group_added from __ipv6_dev_mc_inc+0x218/0x364
[   21.640912]  __ipv6_dev_mc_inc from __ipv6_sock_mc_join+0x11c/0x1c0
[   21.640926]  __ipv6_sock_mc_join from do_ipv6_setsockopt+0x1214/0x1310
[   21.640951]  do_ipv6_setsockopt from ipv6_setsockopt+0x60/0xcc
[   21.640968]  ipv6_setsockopt from udpv6_setsockopt+0x2c/0x6c
[   21.640989]  udpv6_setsockopt from sock_common_setsockopt+0x30/0x40
[   21.641015]  sock_common_setsockopt from do_sock_setsockopt+0x50/0x9c
[   21.641032]  do_sock_setsockopt from __sys_setsockopt+0x70/0xbc
[   21.641047]  __sys_setsockopt from ret_fast_syscall+0x0/0x58
[   21.641061] Exception stack(0xe011dfa8 to 0xe011dff0)
[   21.641076] dfa0:                   00000014 b6f6bce8 0000000d 00000029 00000014 beea09ec
[   21.641088] dfc0: 00000014 b6f6bce8 00000014 00000126 0000000d b6f14ff4 0050e988 004f6558
[   21.641097] dfe0: b6f2a088 beea09d8 b6f07309 b6dde41a
[   21.641104] ---[ end trace 0000000000000000 ]---
[[0;32m  OK  [0m] Started Avahi mDNS/DNS-SD Stack.
         Starting Connection service...
         Starting LSB: Load kernel modules needed to enable cpufreq scaling...
[   22.184546] tilcdc 4830e000.lcdc: bound 0-0070 (ops tda998x_driver_exit [tda998x])
[   22.330856] [drm] Initialized tilcdc 1.0.0 for 4830e000.lcdc on minor 0
         Starting Cape Manager Service...
[   22.391720] tilcdc 4830e000.lcdc: [drm] Cannot find any crtc or sizes
[   22.405091] tilcdc 4830e000.lcdc: [drm] Cannot find any crtc or sizes
         Starting System Logging Service...
         Starting Telephony service...
[[0;32m  OK  [0m] Started Daily apt upgrade and clean activities.
[[0;32m  OK  [0m] Reached target Timers.
[[0;32m  OK  [0m] Found device /dev/ttyS0.
[   23.745412] PM: Cannot get wkup_m3_ipc handle
[   23.857875] omap-sham 53100000.sham: hw accel on OMAP rev 4.3
[   23.981767] omap-sham 53100000.sham: will run requests pump with realtime priority
[   23.995739] PM: Cannot get wkup_m3_ipc handle
[   24.204568] omap-aes 53500000.aes: OMAP AES hw accel rev: 3.2
[   24.355945] omap-aes 53500000.aes: will run requests pump with realtime priority
[   24.364884] PM: Cannot get wkup_m3_ipc handle
[[0;32m  OK  [0m] Started Cape Manager Service.
[[0;32m  OK  [0m] Started System Logging Service.
[   26.227916] Bluetooth: Core ver 2.22
[   26.231924] NET: Registered PF_BLUETOOTH protocol family
[   26.237278] Bluetooth: HCI device and connection manager initialized
[   26.243800] Bluetooth: HCI socket layer initialized
[   26.248719] Bluetooth: L2CAP socket layer initialized
[   26.253865] Bluetooth: SCO socket layer initialized
[[0;32m  OK  [0m] Started LSB: Start busybox udhcpd at boot time.
[   27.936361] gpio-537 (nxp,calib): gpiod_direction_output_nonotify: tried to set a GPIO tied to an IRQ as output
[   28.035762] PM: Cannot get wkup_m3_ipc handle
[   28.147987] PM: Cannot get wkup_m3_ipc handle
[   28.242137] tda9950 0-0034: TDA9950 CEC interface, hardware version 3.3
[   28.350858] PM: Cannot get wkup_m3_ipc handle
[[0;32m  OK  [0m] Started Raise network interfaces.
[   30.158433] configfs-gadget.g_multi gadget.0: HOST MAC 1c:ba:8c:a2:ed:6c
[   30.165454] configfs-gadget.g_multi gadget.0: MAC 1c:ba:8c:a2:ed:70
[   30.172875] configfs-gadget.g_multi gadget.0: HOST MAC 1c:ba:8c:a2:ed:6c
[   30.179635] configfs-gadget.g_multi gadget.0: MAC 1c:ba:8c:a2:ed:6d
[   30.192995] PM: Cannot get wkup_m3_ipc handle
[[0;32m  OK  [0m] Started LSB: Load kernel modules needed to enable cpufreq scaling.
[[0;32m  OK  [0m] Started Telephony service.
[[0;32m  OK  [0m] Started Connection service.
[[0;32m  OK  [0m] Started Login Service.
         Starting Hostname Service...
         Starting WPA supplicant...
[[0;32m  OK  [0m] Reached target Sound Card.
         Starting LSB: set CPUFreq kernel parameters...
[[0;32m  OK  [0m] Started Hostname Service.
[[0;32m  OK  [0m] Started WPA supplicant.
[[0;32m  OK  [0m] Reached target Network.
         Starting OpenBSD Secure Shell server...
         Starting Permit User Sessions...
[[0;32m  OK  [0m] Reached target Network is Online.
         Starting LSB: Advanced IEEE 802.11 management daemon...
         Starting The Apache HTTP Server...
[[0;32m  OK  [0m] Started LSB: Advanced IEEE 802.11 management daemon.
[[0;32m  OK  [0m] Started Permit User Sessions.
[[0;32m  OK  [0m] Started LSB: set CPUFreq kernel parameters.
[[0;32m  OK  [0m] Started Serial Getty on ttyS0.
[[0;32m  OK  [0m] Started Getty on tty1.
[[0;32m  OK  [0m] Reached target Login Prompts.
         Stopping LSB: Start busybox udhcpd at boot time...
[[0;32m  OK  [0m] Stopped LSB: Start busybox udhcpd at boot time.
[[0;32m  OK  [0m] Started OpenBSD Secure Shell server.
         Starting dnsmasq - A lightweight DHCP and caching DNS server...
[[0;32m  OK  [0m] Started The Apache HTTP Server.
[[0;32m  OK  [0m] Started dnsmasq - A lightweight DHCP and caching DNS server.
[[0;32m  OK  [0m] Reached target Host and Network Name Lookups.
[[0;32m  OK  [0m] Started Serial Getty on ttyGS0.
[[0;32m  OK  [0m] Started Generic Board Startup.
[[0;32m  OK  [0m] Reached target Multi-User System.
[[0;32m  OK  [0m] Reached target Graphical Interface.
         Starting Update UTMP about System Runlevel Changes...
[[0;32m  OK  [0m] Started Update UTMP about System Runlevel Changes.

Debian GNU/Linux 9 arm ttyS0

default username:password is [debian:temppwd]

arm login: root
Password: 
Last login: Sat Jan  1 00:00:33 UTC 2000 on ttyS0
root
Linux arm 6.18.0-rc6-next-20251120 #1 SMP Fri Nov 21 05:10:31 EET 2025 armv7l

The programs included with the Debian GNU/Linux system are free software;
the exact distribution terms for each program are described in the
individual files in /usr/share/doc/*/copyright.

Debian GNU/Linux comes with ABSOLUTELY NO WARRANTY, to the extent
permitted by applicable law.
root@arm:~# root
dmesg -n 1
-bash: root: command not found
root@arm:~# dmesg -n 1
root@arm:~# echo 'HULE''HGOABB'
HULEHGOABB
root@arm:~# run() { echo -n "$MARKER"; sh -c "$@"; echo "$MARKER $?"; }
root@arm:~# echo 'OBNZ''XJKETQ'
OBNZXJKETQ
root@arm:~# MARKER='UJPT''ANQGYK' run 'cat /proc/version'
UJPTANQGYKLinux version 6.18.0-rc6-next-20251120 (user01@drvtest01) (arm-none-eabi-gcc (Arm GNU Toolchain 14.2.Rel1 (Build arm-14.52)) 14.2.1 20241119, GNU ld (Arm GNU Toolchain 14.2.Rel1 (Build arm-14.52)) 2.43.1.20241119) #1 SMP Fri Nov 21 05:10:31 EET 2025
UJPTANQGYK 0
root@arm:~# echo 'WLBQ''KWPSZE'
WLBQKWPSZE
root@arm:~# MARKER='ZEHO''HELFTL' run false
ZEHOHELFTLZEHOHELFTL 1
root@arm:~# Labgrid Console Logfile for main
Logfile started at 2025-11-21 05:13:22.432837
=== Log starts here ===

root@arm:~# run() { echo -n "$MARKER"; sh -c "$@"; echo "$MARKER $?"; }
root@arm:~# echo 'BUBU''PGZEMG'
BUBUPGZEMG
root@arm:~# MARKER='LCCY''NCFGFT' run 'ls /iio_generic_buffer; echo $?'
LCCYNCFGFT/iio_generic_buffer
0
LCCYNCFGFT 0
root@arm:~# Labgrid Console Logfile for main
Logfile started at 2025-11-21 05:13:25.971015
=== Log starts here ===

root@arm:~# run() { echo -n "$MARKER"; sh -c "$@"; echo "$MARKER $?"; }
root@arm:~# echo 'OLMZ''WHOPSL'
OLMZWHOPSL
root@arm:~# MARKER='WOGC''AFXNOQ' run dmesg
WOGCAFXNOQ[    0.000000] Booting Linux on physical CPU 0x0
[    0.000000] Linux version 6.18.0-rc6-next-20251120 (user01@drvtest01) (arm-none-eabi-gcc (Arm GNU Toolchain 14.2.Rel1 (Build arm-14.52)) 14.2.1 20241119, GNU ld (Arm GNU Toolchain 14.2.Rel1 (Build arm-14.52)) 2.43.1.20241119) #1 SMP Fri Nov 21 05:10:31 EET 2025
[    0.000000] CPU: ARMv7 Processor [413fc082] revision 2 (ARMv7), cr=10c5387d
[    0.000000] CPU: PIPT / VIPT nonaliasing data cache, VIPT aliasing instruction cache
[    0.000000] OF: fdt: Machine model: TI AM335x BeagleBone Black
[    0.000000] Memory policy: Data cache writeback
[    0.000000] cma: Reserved 16 MiB at 0x9e800000
[    0.000000] Zone ranges:
[    0.000000]   Normal   [mem 0x0000000080000000-0x000000009fdfffff]
[    0.000000]   HighMem  empty
[    0.000000] Movable zone start for each node
[    0.000000] Early memory node ranges
[    0.000000]   node   0: [mem 0x0000000080000000-0x000000009fdfffff]
[    0.000000] Initmem setup node 0 [mem 0x0000000080000000-0x000000009fdfffff]
[    0.000000] On node 0, zone Normal: 512 pages in unavailable ranges
[    0.000000] OF: reserved mem: Reserved memory: No reserved-memory node in the DT
[    0.000000] CPU: All CPU(s) started in SVC mode.
[    0.000000] AM335X ES2.1 (sgx neon)
[    0.000000] percpu: Embedded 17 pages/cpu s39948 r8192 d21492 u69632
[    0.000000] pcpu-alloc: s39948 r8192 d21492 u69632 alloc=17*4096
[    0.000000] pcpu-alloc: [0] 0 
[    0.000000] Kernel command line: console=ttyO0,115200n8 root=/dev/nfs rw nfsroot=192.168.255.126:/home/user01/nfs,nfsvers=3 ip=192.168.255.1:192.168.255.126::255.255.255.0:bbb1:eth0 nfsrootdebug
[    0.000000] Unknown kernel command line parameters "nfsrootdebug", will be passed to user space.
[    0.000000] printk: log buffer data + meta data: 65536 + 204800 = 270336 bytes
[    0.000000] Dentry cache hash table entries: 65536 (order: 6, 262144 bytes, linear)
[    0.000000] Inode-cache hash table entries: 32768 (order: 5, 131072 bytes, linear)
[    0.000000] Built 1 zonelists, mobility grouping on.  Total pages: 130560
[    0.000000] mem auto-init: stack:off, heap alloc:off, heap free:off
[    0.000000] SLUB: HWalign=16, Order=0-3, MinObjects=0, CPUs=1, Nodes=1
[    0.000000] rcu: Hierarchical RCU implementation.
[    0.000000] rcu: 	RCU event tracing is enabled.
[    0.000000] rcu: 	RCU restricting CPUs from NR_CPUS=2 to nr_cpu_ids=1.
[    0.000000] 	Tracing variant of Tasks RCU enabled.
[    0.000000] rcu: RCU calculated value of scheduler-enlistment delay is 10 jiffies.
[    0.000000] rcu: Adjusting geometry for rcu_fanout_leaf=16, nr_cpu_ids=1
[    0.000000] RCU Tasks Trace: Setting shift to 0 and lim to 1 rcu_task_cb_adjust=1 rcu_task_cpu_ids=1.
[    0.000000] NR_IRQS: 16, nr_irqs: 16, preallocated irqs: 16
[    0.000000] IRQ: Found an INTC at 0x(ptrval) (revision 5.0) with 128 interrupts
[    0.000000] rcu: srcu_init: Setting srcu_struct sizes based on contention.
[    0.000000] TI gptimer clocksource: always-on /ocp/interconnect@44c00000/segment@200000/target-module@31000
[    0.000003] sched_clock: 32 bits at 24MHz, resolution 41ns, wraps every 89478484971ns
[    0.000027] clocksource: dmtimer: mask: 0xffffffff max_cycles: 0xffffffff, max_idle_ns: 79635851949 ns
[    0.000564] TI gptimer clockevent: 24000000 Hz at /ocp/interconnect@48000000/segment@0/target-module@40000
[    0.002132] Console: colour dummy device 80x30
[    0.002202] WARNING: Your 'console=ttyO0' has been replaced by 'ttyS0'
[    0.002211] This ensures that you still see kernel messages. Please
[    0.002215] update your kernel commandline.
[    0.002255] Calibrating delay loop... 996.14 BogoMIPS (lpj=4980736)
[    0.090682] CPU: Testing write buffer coherency: ok
[    0.090765] CPU0: Spectre v2: using BPIALL workaround
[    0.090776] pid_max: default: 32768 minimum: 301
[    0.091083] Mount-cache hash table entries: 1024 (order: 0, 4096 bytes, linear)
[    0.091103] Mountpoint-cache hash table entries: 1024 (order: 0, 4096 bytes, linear)
[    0.092705] CPU0: thread -1, cpu 0, socket -1, mpidr 0
[    0.092760] cacheinfo: Unable to detect cache hierarchy for CPU 0
[    0.094749] Setting up static identity map for 0x80100000 - 0x80100078
[    0.095071] rcu: Hierarchical SRCU implementation.
[    0.095080] rcu: 	Max phase no-delay instances is 1000.
[    0.096798] smp: Bringing up secondary CPUs ...
[    0.096855] smp: Brought up 1 node, 1 CPU
[    0.096868] SMP: Total of 1 processors activated (996.14 BogoMIPS).
[    0.096880] CPU: All CPU(s) started in SVC mode.
[    0.097128] Memory: 479964K/522240K available (12288K kernel code, 1231K rwdata, 2956K rodata, 1024K init, 256K bss, 24364K reserved, 16384K cma-reserved, 0K highmem)
[    0.097990] devtmpfs: initialized
[    0.115462] VFP support v0.3: implementor 41 architecture 3 part 30 variant c rev 3
[    0.116136] clocksource: jiffies: mask: 0xffffffff max_cycles: 0xffffffff, max_idle_ns: 19112604462750000 ns
[    0.116190] posixtimers hash table entries: 512 (order: 0, 4096 bytes, linear)
[    0.116215] futex hash table entries: 256 (16384 bytes on 1 NUMA nodes, total 16 KiB, linear).
[    0.119396] NET: Registered PF_NETLINK/PF_ROUTE protocol family
[    0.122518] DMA: preallocated 256 KiB pool for atomic coherent allocations
[    0.123509] audit: initializing netlink subsys (disabled)
[    0.124885] thermal_sys: Registered thermal governor 'fair_share'
[    0.124901] thermal_sys: Registered thermal governor 'step_wise'
[    0.124910] thermal_sys: Registered thermal governor 'user_space'
[    0.125025] audit: type=2000 audit(0.120:1): state=initialized audit_enabled=0 res=1
[    0.125096] cpuidle: using governor menu
[    0.143129] /ocp/interconnect@44c00000/segment@200000/target-module@b000/i2c@0/tda19988@70: Fixed dependency cycle(s) with /ocp/interconnect@48000000/segment@300000/target-module@e000/lcdc@0
[    0.144214] /ocp/interconnect@48000000/segment@300000/target-module@e000/lcdc@0: Fixed dependency cycle(s) with /ocp/interconnect@44c00000/segment@200000/target-module@b000/i2c@0/tda19988@70
[    0.146387] No ATAGs?
[    0.146426] hw-breakpoint: debug architecture 0x4 unsupported.
[    0.149068] kprobes: kprobe jump-optimization is enabled. All kprobes are optimized if possible.
[    0.163935] iommu: Default domain type: Translated
[    0.163958] iommu: DMA domain TLB invalidation policy: strict mode
[    0.165527] reg-fixed-voltage fixedregulator0: using DT '/fixedregulator0' for '(default)' GPIO lookup
[    0.165583] of_get_named_gpiod_flags: can't parse 'gpios' property of node '/fixedregulator0[0]'
[    0.165610] of_get_named_gpiod_flags: can't parse 'gpio' property of node '/fixedregulator0[0]'
[    0.165629] reg-fixed-voltage fixedregulator0: using lookup tables for GPIO lookup
[    0.165640] reg-fixed-voltage fixedregulator0: No GPIO consumer (default) found
[    0.166754] SCSI subsystem initialized
[    0.167209] libata version 3.00 loaded.
[    0.167595] pps_core: LinuxPPS API ver. 1 registered
[    0.167606] pps_core: Software ver. 5.3.6 - Copyright 2005-2007 Rodolfo Giometti <giometti@linux.it>
[    0.167630] PTP clock support registered
[    0.180852] vgaarb: loaded
[    0.181252] clocksource: Switched to clocksource dmtimer
[    0.181865] VFS: Disk quotas dquot_6.6.0
[    0.181924] VFS: Dquot-cache hash table entries: 1024 (order 0, 4096 bytes)
[    0.205837] NET: Registered PF_INET protocol family
[    0.206171] IP idents hash table entries: 8192 (order: 4, 65536 bytes, linear)
[    0.207599] tcp_listen_portaddr_hash hash table entries: 512 (order: 0, 4096 bytes, linear)
[    0.207630] Table-perturb hash table entries: 65536 (order: 6, 262144 bytes, linear)
[    0.207649] TCP established hash table entries: 4096 (order: 2, 16384 bytes, linear)
[    0.207694] TCP bind hash table entries: 4096 (order: 4, 65536 bytes, linear)
[    0.207794] TCP: Hash tables configured (established 4096 bind 4096)
[    0.207920] UDP hash table entries: 256 (order: 2, 14336 bytes, linear)
[    0.207953] UDP-Lite hash table entries: 256 (order: 2, 14336 bytes, linear)
[    0.208164] NET: Registered PF_UNIX/PF_LOCAL protocol family
[    0.209436] RPC: Registered named UNIX socket transport module.
[    0.209456] RPC: Registered udp transport module.
[    0.209462] RPC: Registered tcp transport module.
[    0.209466] RPC: Registered tcp-with-tls transport module.
[    0.209471] RPC: Registered tcp NFSv4.1 backchannel transport module.
[    0.209496] PCI: CLS 0 bytes, default 64
[    0.210952] Initialise system trusted keyrings
[    0.221734] workingset: timestamp_bits=14 max_order=17 bucket_order=3
[    0.223178] NFS: Registering the id_resolver key type
[    0.223246] Key type id_resolver registered
[    0.223254] Key type id_legacy registered
[    0.223365] jffs2: version 2.2. (NAND) (SUMMARY)  Â© 2001-2006 Red Hat, Inc.
[    0.223915] Key type asymmetric registered
[    0.223932] Asymmetric key parser 'x509' registered
[    0.224009] io scheduler mq-deadline registered
[    0.224019] io scheduler kyber registered
[    0.224102] io scheduler bfq registered
[    0.225914] target-module@4b000000:target-module@140000:pmu@0:fck: device ID is greater than 24
[    0.227069] ledtrig-cpu: registered to indicate activity on CPUs
[    0.241877] Serial: 8250/16550 driver, 6 ports, IRQ sharing enabled
[    0.296740] brd: module loaded
[    0.305274] loop: module loaded
[    0.306203] mtdoops: mtd device (mtddev=name/number) must be supplied
[    0.314643] mdio_bus fixed-0: using lookup tables for GPIO lookup
[    0.314667] mdio_bus fixed-0: No GPIO consumer reset found
[    0.316113] i2c_dev: i2c /dev entries driver
[    0.317146] cpuidle: enable-method property 'ti,am3352' found operations
[    0.317619] sdhci: Secure Digital Host Controller Interface driver
[    0.317630] sdhci: Copyright(c) Pierre Ossman
[    0.317816] sdhci-pltfm: SDHCI platform and OF driver helper
[    0.319357] hw perfevents: enabled with armv7_cortex_a8 PMU driver, 5 (8000000f) counters available
[    0.319891] Initializing XFRM netlink socket
[    0.320065] NET: Registered PF_INET6 protocol family
[    0.335827] Segment Routing with IPv6
[    0.335912] In-situ OAM (IOAM) with IPv6
[    0.336007] sit: IPv6, IPv4 and MPLS over IPv4 tunneling driver
[    0.337035] NET: Registered PF_PACKET protocol family
[    0.337055] PFKEY is deprecated and scheduled to be removed in 2027, please contact the netdev mailing list
[    0.337071] NET: Registered PF_KEY protocol family
[    0.337210] Key type dns_resolver registered
[    0.337443] ThumbEE CPU extension supported.
[    0.337464] Registering SWP/SWPB emulation handler
[    0.337987] omap_voltage_late_init: Voltage driver support not added
[    0.338654] SmartReflex Class3 initialized
[    0.364970] Loading compiled-in X.509 certificates
[    0.404002] /ocp/interconnect@44c00000/segment@200000/target-module@b000/i2c@0/tda19988@70: Fixed dependency cycle(s) with /ocp/interconnect@48000000/segment@300000/target-module@e000/lcdc@0
[    0.410411] /ocp/interconnect@44c00000/segment@200000/target-module@b000/i2c@0/tda19988@70: Fixed dependency cycle(s) with /ocp/interconnect@48000000/segment@300000/target-module@e000/lcdc@0
[    0.416174] gpiochip_find_base_unlocked: found new base at 512
[    0.441045] /ocp/interconnect@44c00000/segment@200000/target-module@b000/i2c@0/tda19988@70: Fixed dependency cycle(s) with /ocp/interconnect@48000000/segment@300000/target-module@e000/lcdc@0
[    0.442178] /ocp/interconnect@44c00000/segment@200000/target-module@b000/i2c@0/tda19988@70: Fixed dependency cycle(s) with /ocp/interconnect@48000000/segment@300000/target-module@e000/lcdc@0
[    0.445745] /ocp/interconnect@44c00000/segment@200000/target-module@10000/scm@0/pinmux@800: Fixed dependency cycle(s) with /ocp/interconnect@44c00000/segment@200000/target-module@10000/scm@0/pinmux@800/clkout2-pins
[    0.446367] pinctrl-single 44e10800.pinmux: 142 pins, size 568
[    0.479848] /ocp/interconnect@48000000/segment@300000/target-module@e000/lcdc@0: Fixed dependency cycle(s) with /ocp/interconnect@44c00000/segment@200000/target-module@b000/i2c@0/tda19988@70
[    0.499940] gpiochip_find_base_unlocked: found new base at 512
[    0.500041] gpio gpiochip0: (gpio-0-31): created GPIO range 0->7 ==> 44e10800.pinmux PIN 0->7
[    0.500062] gpio gpiochip0: (gpio-0-31): created GPIO range 8->11 ==> 44e10800.pinmux PIN 90->93
[    0.500079] gpio gpiochip0: (gpio-0-31): created GPIO range 12->27 ==> 44e10800.pinmux PIN 12->27
[    0.500094] gpio gpiochip0: (gpio-0-31): created GPIO range 28->31 ==> 44e10800.pinmux PIN 30->33
[    0.534836] gpio gpiochip0: (gpio-0-31): added GPIO chardev (254:0)
[    0.535072] gpio gpiochip0: registered GPIOs 512 to 543 on gpio-0-31
[    0.535163] OMAP GPIO hardware version 0.1
[    0.578947] i2c i2c-2: using DT '/ocp/interconnect@48000000/segment@100000/target-module@9c000/i2c@0' for 'scl' GPIO lookup
[    0.579019] of_get_named_gpiod_flags: can't parse 'scl-gpios' property of node '/ocp/interconnect@48000000/segment@100000/target-module@9c000/i2c@0[0]'
[    0.579062] of_get_named_gpiod_flags: can't parse 'scl-gpio' property of node '/ocp/interconnect@48000000/segment@100000/target-module@9c000/i2c@0[0]'
[    0.579098] i2c i2c-2: using lookup tables for GPIO lookup
[    0.579108] i2c i2c-2: No GPIO consumer scl found
[    0.579130] i2c i2c-2: using DT '/ocp/interconnect@48000000/segment@100000/target-module@9c000/i2c@0' for 'sda' GPIO lookup
[    0.579165] of_get_named_gpiod_flags: can't parse 'sda-gpios' property of node '/ocp/interconnect@48000000/segment@100000/target-module@9c000/i2c@0[0]'
[    0.579202] of_get_named_gpiod_flags: can't parse 'sda-gpio' property of node '/ocp/interconnect@48000000/segment@100000/target-module@9c000/i2c@0[0]'
[    0.579233] i2c i2c-2: using lookup tables for GPIO lookup
[    0.579240] i2c i2c-2: No GPIO consumer sda found
[    0.579991] omap_i2c 4819c000.i2c: bus 2 rev0.11 at 100 kHz
[    0.585913] gpiochip_find_base_unlocked: found new base at 544
[    0.586020] gpio gpiochip1: (gpio-32-63): created GPIO range 0->17 ==> 44e10800.pinmux PIN 34->51
[    0.586041] gpio gpiochip1: (gpio-32-63): created GPIO range 18->21 ==> 44e10800.pinmux PIN 77->80
[    0.586057] gpio gpiochip1: (gpio-32-63): created GPIO range 22->31 ==> 44e10800.pinmux PIN 56->65
[    0.587165] gpio gpiochip1: (gpio-32-63): added GPIO chardev (254:1)
[    0.587382] gpio gpiochip1: registered GPIOs 544 to 575 on gpio-32-63
[    0.589637] gpiochip_find_base_unlocked: found new base at 576
[    0.589729] gpio gpiochip2: (gpio-64-95): created GPIO range 0->4 ==> 44e10800.pinmux PIN 66->70
[    0.589750] gpio gpiochip2: (gpio-64-95): created GPIO range 5->6 ==> 44e10800.pinmux PIN 98->99
[    0.589766] gpio gpiochip2: (gpio-64-95): created GPIO range 7->8 ==> 44e10800.pinmux PIN 75->76
[    0.589781] gpio gpiochip2: (gpio-64-95): created GPIO range 13->13 ==> 44e10800.pinmux PIN 141->141
[    0.589797] gpio gpiochip2: (gpio-64-95): created GPIO range 14->21 ==> 44e10800.pinmux PIN 100->107
[    0.600919] gpio gpiochip2: (gpio-64-95): added GPIO chardev (254:2)
[    0.601167] gpio gpiochip2: registered GPIOs 576 to 607 on gpio-64-95
[    0.607016] 48000000.interconnect:segment@200000:target-module@0:mpu@0:fck: device ID is greater than 24
[    0.607928] /ocp/interconnect@48000000/segment@300000/target-module@e000/lcdc@0: Fixed dependency cycle(s) with /ocp/interconnect@44c00000/segment@200000/target-module@b000/i2c@0/tda19988@70
[    0.610801] /ocp/interconnect@48000000/segment@300000/target-module@e000/lcdc@0: Fixed dependency cycle(s) with /ocp/interconnect@44c00000/segment@200000/target-module@b000/i2c@0/tda19988@70
[    0.611702] /ocp/interconnect@44c00000/segment@200000/target-module@b000/i2c@0/tda19988@70: Fixed dependency cycle(s) with /ocp/interconnect@48000000/segment@300000/target-module@e000/lcdc@0
[    0.611885] /ocp/interconnect@48000000/segment@300000/target-module@e000/lcdc@0: Fixed dependency cycle(s) with /ocp/interconnect@44c00000/segment@200000/target-module@b000/i2c@0/tda19988@70
[    0.619973] sdhci-omap 481d8000.mmc: using DT '/ocp/interconnect@48000000/segment@100000/target-module@d8000/mmc@0' for 'wp' GPIO lookup
[    0.620047] of_get_named_gpiod_flags: can't parse 'wp-gpios' property of node '/ocp/interconnect@48000000/segment@100000/target-module@d8000/mmc@0[0]'
[    0.620092] of_get_named_gpiod_flags: can't parse 'wp-gpio' property of node '/ocp/interconnect@48000000/segment@100000/target-module@d8000/mmc@0[0]'
[    0.620127] sdhci-omap 481d8000.mmc: using lookup tables for GPIO lookup
[    0.620137] sdhci-omap 481d8000.mmc: No GPIO consumer wp found
[    0.620338] sdhci-omap 481d8000.mmc: supply pbias not found, using dummy regulator
[    0.621343] sdhci-omap 481d8000.mmc: supply vqmmc not found, using dummy regulator
[    0.643217] mdio_bus 4a101000.mdio: using DT '/ocp/interconnect@4a000000/segment@0/target-module@100000/switch@0/mdio@1000' for 'reset' GPIO lookup
[    0.643293] of_get_named_gpiod_flags: can't parse 'reset-gpios' property of node '/ocp/interconnect@4a000000/segment@0/target-module@100000/switch@0/mdio@1000[0]'
[    0.643338] of_get_named_gpiod_flags: can't parse 'reset-gpio' property of node '/ocp/interconnect@4a000000/segment@0/target-module@100000/switch@0/mdio@1000[0]'
[    0.643385] mdio_bus 4a101000.mdio: using lookup tables for GPIO lookup
[    0.643395] mdio_bus 4a101000.mdio: No GPIO consumer reset found
[    0.693280] davinci_mdio 4a101000.mdio: davinci mdio revision 1.6, bus freq 1000000
[    0.711468] mdio_bus 4a101000.mdio:00: using DT '/ocp/interconnect@4a000000/segment@0/target-module@100000/switch@0/mdio@1000/ethernet-phy@0' for 'reset' GPIO lookup
[    0.711566] of_get_named_gpiod_flags: parsed 'reset-gpios' property of node '/ocp/interconnect@4a000000/segment@0/target-module@100000/switch@0/mdio@1000/ethernet-phy@0[0]' - status (0)
[    0.711721] gpio gpiochip0: Persistence not supported for GPIO 8
[    0.832657] davinci_mdio 4a101000.mdio: phy[0]: device 4a101000.mdio:00, driver SMSC LAN8710/LAN8720
[    0.833423] cpsw-switch 4a100000.switch: initialized cpsw ale version 1.4
[    0.833446] cpsw-switch 4a100000.switch: ALE Table size 1024, Policers 0
[    0.833618] cpsw-switch 4a100000.switch: cpts: overflow check period 500 (jiffies)
[    0.833636] cpsw-switch 4a100000.switch: CPTS: ref_clk_freq:250000000 calc_mult:2147483648 calc_shift:29 error:0 nsec/sec
[    0.833731] cpsw-switch 4a100000.switch: Detected MACID = 6c:ec:eb:68:de:78
[    0.835635] cpsw-switch 4a100000.switch: initialized (regs 0x4a100000, pool size 256) hw_ver:0019010C 1.12 (0)
[    0.847153] debugfs: '49000000.dma' already exists in 'dmaengine'
[    0.847197] edma 49000000.dma: TI EDMA DMA engine driver
[    0.887365] ti-sysc 44e31000.target-module: Failed to create device link (0x180) with supplier ocp for /ocp/interconnect@44c00000/segment@200000/target-module@31000/timer@0
[    0.887425] ti-sysc 48040000.target-module: Failed to create device link (0x180) with supplier ocp for /ocp/interconnect@48000000/segment@0/target-module@40000/timer@0
[    0.888356] gpio-clk clk_mcasp0: using DT '/clk_mcasp0' for 'enable' GPIO lookup
[    0.888425] of_get_named_gpiod_flags: parsed 'enable-gpios' property of node '/clk_mcasp0[0]' - status (0)
[    0.888469] gpio gpiochip0: Persistence not supported for GPIO 27
[    0.889215] gpiochip_find_base_unlocked: found new base at 608
[    0.889328] gpio gpiochip3: (gpio-96-127): created GPIO range 0->7 ==> 44e10800.pinmux PIN 82->89
[    0.889350] gpio gpiochip3: (gpio-96-127): created GPIO range 8->11 ==> 44e10800.pinmux PIN 52->55
[    0.889365] gpio gpiochip3: (gpio-96-127): created GPIO range 12->15 ==> 44e10800.pinmux PIN 94->97
[    0.889381] gpio gpiochip3: (gpio-96-127): created GPIO range 16->17 ==> 44e10800.pinmux PIN 71->72
[    0.889396] gpio gpiochip3: (gpio-96-127): created GPIO range 18->18 ==> 44e10800.pinmux PIN 135->135
[    0.889413] gpio gpiochip3: (gpio-96-127): created GPIO range 19->20 ==> 44e10800.pinmux PIN 108->109
[    0.889430] gpio gpiochip3: (gpio-96-127): created GPIO range 21->21 ==> 44e10800.pinmux PIN 73->73
[    0.889447] gpio gpiochip3: (gpio-96-127): created GPIO range 22->23 ==> 44e10800.pinmux PIN 8->9
[    0.889463] gpio gpiochip3: (gpio-96-127): created GPIO range 26->27 ==> 44e10800.pinmux PIN 10->11
[    0.889481] gpio gpiochip3: (gpio-96-127): created GPIO range 28->28 ==> 44e10800.pinmux PIN 74->74
[    0.889499] gpio gpiochip3: (gpio-96-127): created GPIO range 29->29 ==> 44e10800.pinmux PIN 81->81
[    0.889518] gpio gpiochip3: (gpio-96-127): created GPIO range 30->31 ==> 44e10800.pinmux PIN 28->29
[    0.904324] gpio gpiochip3: (gpio-96-127): added GPIO chardev (254:3)
[    0.904575] gpio gpiochip3: registered GPIOs 608 to 639 on gpio-96-127
[    0.917534] omap8250 44e09000.serial: using DT '/ocp/interconnect@44c00000/segment@200000/target-module@9000/serial@0' for 'rs485-term' GPIO lookup
[    0.917611] of_get_named_gpiod_flags: can't parse 'rs485-term-gpios' property of node '/ocp/interconnect@44c00000/segment@200000/target-module@9000/serial@0[0]'
[    0.917655] of_get_named_gpiod_flags: can't parse 'rs485-term-gpio' property of node '/ocp/interconnect@44c00000/segment@200000/target-module@9000/serial@0[0]'
[    0.917691] omap8250 44e09000.serial: using lookup tables for GPIO lookup
[    0.917701] omap8250 44e09000.serial: No GPIO consumer rs485-term found
[    0.917711] omap8250 44e09000.serial: using DT '/ocp/interconnect@44c00000/segment@200000/target-module@9000/serial@0' for 'rs485-rx-during-tx' GPIO lookup
[    0.917747] of_get_named_gpiod_flags: can't parse 'rs485-rx-during-tx-gpios' property of node '/ocp/interconnect@44c00000/segment@200000/target-module@9000/serial@0[0]'
[    0.917784] of_get_named_gpiod_flags: can't parse 'rs485-rx-during-tx-gpio' property of node '/ocp/interconnect@44c00000/segment@200000/target-module@9000/serial@0[0]'
[    0.917815] omap8250 44e09000.serial: using lookup tables for GPIO lookup
[    0.917822] omap8250 44e09000.serial: No GPIO consumer rs485-rx-during-tx found
[    0.918293] 44e09000.serial: ttyS0 at MMIO 0x44e09000 (irq = 34, base_baud = 3000000) is a 8250
[    0.918414] printk: legacy console [ttyS0] enabled
[    2.438497] i2c i2c-0: using DT '/ocp/interconnect@44c00000/segment@200000/target-module@b000/i2c@0' for 'scl' GPIO lookup
[    2.438586] of_get_named_gpiod_flags: can't parse 'scl-gpios' property of node '/ocp/interconnect@44c00000/segment@200000/target-module@b000/i2c@0[0]'
[    2.438633] of_get_named_gpiod_flags: can't parse 'scl-gpio' property of node '/ocp/interconnect@44c00000/segment@200000/target-module@b000/i2c@0[0]'
[    2.438674] i2c i2c-0: using lookup tables for GPIO lookup
[    2.438689] i2c i2c-0: No GPIO consumer scl found
[    2.438714] i2c i2c-0: using DT '/ocp/interconnect@44c00000/segment@200000/target-module@b000/i2c@0' for 'sda' GPIO lookup
[    2.438753] of_get_named_gpiod_flags: can't parse 'sda-gpios' property of node '/ocp/interconnect@44c00000/segment@200000/target-module@b000/i2c@0[0]'
[    2.438794] of_get_named_gpiod_flags: can't parse 'sda-gpio' property of node '/ocp/interconnect@44c00000/segment@200000/target-module@b000/i2c@0[0]'
[    2.438829] i2c i2c-0: using lookup tables for GPIO lookup
[    2.438840] i2c i2c-0: No GPIO consumer sda found
[    2.452214] tps65217-pmic: Failed to locate of_node [id: -1]
[    2.458285] tps65217-bl: Failed to locate of_node [id: -1]
[    2.465788] platform tps65217-charger: DMA mask not set
[    2.472831] platform tps65217-pwrbutton: DMA mask not set
[    2.480589] tps65217 0-0024: TPS65217 ID 0xe version 1.2
[    2.486658] /ocp/interconnect@48000000/segment@300000/target-module@e000/lcdc@0: Fixed dependency cycle(s) with /ocp/interconnect@44c00000/segment@200000/target-module@b000/i2c@0/tda19988@70
[    2.504085] /ocp/interconnect@44c00000/segment@200000/target-module@b000/i2c@0/tda19988@70: Fixed dependency cycle(s) with /ocp/interconnect@48000000/segment@300000/target-module@e000/lcdc@0
[    2.521488] omap_i2c 44e0b000.i2c: bus 0 rev0.11 at 400 kHz
[    2.529362] sdhci-omap 48060000.mmc: using DT '/ocp/interconnect@48000000/segment@0/target-module@60000/mmc@0' for 'cd' GPIO lookup
[    2.529473] of_get_named_gpiod_flags: parsed 'cd-gpios' property of node '/ocp/interconnect@48000000/segment@0/target-module@60000/mmc@0[0]' - status (0)
[    2.529537] gpio gpiochip3: Persistence not supported for GPIO 6
[    2.529563] omap_gpio 44e07000.gpio: Could not set line 6 debounce to 200000 microseconds (-22)
[    2.538451] sdhci-omap 48060000.mmc: Got CD GPIO
[    2.543132] sdhci-omap 48060000.mmc: using DT '/ocp/interconnect@48000000/segment@0/target-module@60000/mmc@0' for 'wp' GPIO lookup
[    2.543182] of_get_named_gpiod_flags: can't parse 'wp-gpios' property of node '/ocp/interconnect@48000000/segment@0/target-module@60000/mmc@0[0]'
[    2.543226] of_get_named_gpiod_flags: can't parse 'wp-gpio' property of node '/ocp/interconnect@48000000/segment@0/target-module@60000/mmc@0[0]'
[    2.543266] sdhci-omap 48060000.mmc: using lookup tables for GPIO lookup
[    2.543280] sdhci-omap 48060000.mmc: No GPIO consumer wp found
[    2.543492] sdhci-omap 48060000.mmc: supply pbias not found, using dummy regulator
[    2.552375] sdhci-omap 481d8000.mmc: using DT '/ocp/interconnect@48000000/segment@100000/target-module@d8000/mmc@0' for 'wp' GPIO lookup
[    2.552452] of_get_named_gpiod_flags: can't parse 'wp-gpios' property of node '/ocp/interconnect@48000000/segment@100000/target-module@d8000/mmc@0[0]'
[    2.552499] of_get_named_gpiod_flags: can't parse 'wp-gpio' property of node '/ocp/interconnect@48000000/segment@100000/target-module@d8000/mmc@0[0]'
[    2.552537] sdhci-omap 481d8000.mmc: using lookup tables for GPIO lookup
[    2.552550] sdhci-omap 481d8000.mmc: No GPIO consumer wp found
[    2.553858] sdhci-omap 48060000.mmc: supply vqmmc not found, using dummy regulator
[    2.563071] sdhci-omap 481d8000.mmc: supply pbias not found, using dummy regulator
[    2.571663] sdhci-omap 481d8000.mmc: supply vqmmc not found, using dummy regulator
[    2.609655] mmc1: SDHCI controller on 481d8000.mmc [481d8000.mmc] using External DMA
[    2.618737] mmc0: SDHCI controller on 48060000.mmc [48060000.mmc] using External DMA
[    2.627641] cpsw-switch 4a100000.switch: starting ndev. mode: dual_mac
[    2.691504] mmc1: new high speed MMC card at address 0001
[    2.698352] mmcblk1: mmc1:0001 MMC04G 3.60 GiB
[    2.706194]  mmcblk1: p1 p2
[    2.709963] SMSC LAN8710/LAN8720 4a101000.mdio:00: attached PHY driver (mii_bus:phy_addr=4a101000.mdio:00, irq=POLL)
[    2.722960] mmcblk1boot0: mmc1:0001 MMC04G 2.00 MiB
[    2.736394] mmcblk1boot1: mmc1:0001 MMC04G 2.00 MiB
[    2.745313] mmcblk1rpmb: mmc1:0001 MMC04G 128 KiB, chardev (249:0)
[    2.794748] mmc0: new high speed SDHC card at address aaaa
[    2.801680] mmcblk0: mmc0:aaaa SE32G 29.7 GiB
[    2.810689]  mmcblk0: p1 p2
[    5.841982] cpsw-switch 4a100000.switch eth0: Link is Up - 100Mbps/Full - flow control off
[    5.871234] IP-Config: Complete:
[    5.874505]      device=eth0, hwaddr=6c:ec:eb:68:de:78, ipaddr=192.168.255.1, mask=255.255.255.0, gw=255.255.255.255
[    5.885145]      host=bbb1, domain=, nis-domain=(none)
[    5.890313]      bootserver=192.168.255.126, rootserver=192.168.255.126, rootpath=
[    5.890742] clk: Disabling unused clocks
[    5.902608] PM: genpd: Disabling unused power domains
[    5.907776] KTAP version 1
[    5.910501] 1..0
[    5.913311] check access for rdinit=/init failed: -2, ignoring
[    5.941103] VFS: Mounted root (nfs filesystem) on device 0:17.
[    5.948201] devtmpfs: mounted
[    5.952996] Freeing unused kernel image (initmem) memory: 1024K
[    5.959635] Run /sbin/init as init process
[    5.963853]   with arguments:
[    5.963869]     /sbin/init
[    5.963880]     nfsrootdebug
[    5.963890]   with environment:
[    5.963898]     HOME=/
[    5.963907]     TERM=linux
[    6.674614] systemd[1]: System time before build time, advancing clock.
[    8.241243] random: crng init done
[    8.254033] systemd[1]: systemd 232 running in system mode. (+PAM +AUDIT +SELINUX +IMA +APPARMOR +SMACK +SYSVINIT +UTMP +LIBCRYPTSETUP +GCRYPT +GNUTLS +ACL +XZ +LZ4 +SECCOMP +BLKID +ELFUTILS +KMOD +IDN)
[    8.273120] systemd[1]: Detected architecture arm.
[    8.304384] systemd[1]: Set hostname to <arm>.
[    9.415164] systemd[1]: Reached target Swap.
[    9.435512] systemd[1]: Listening on udev Control Socket.
[    9.463069] systemd[1]: systemd-journald.socket: SO_PASSSEC failed: Operation not supported
[    9.472006] systemd[1]: systemd-journald.socket: SO_PASSSEC failed: Operation not supported
[    9.480589] systemd[1]: Listening on Journal Socket.
[    9.503187] systemd[1]: Listening on /dev/initctl Compatibility Named Pipe.
[    9.532700] systemd[1]: Created slice User and Session Slice.
[   11.926847] systemd-journald[112]: Received request to flush runtime journal from PID 1
[   12.641991] omap_prm 44e00d00.prm: sync_state() pending due to 44d00000.cpu
[   14.833343] leds-gpio leds: using DT '/leds/led2' for '(default)' GPIO lookup
[   14.833450] of_get_named_gpiod_flags: parsed 'gpios' property of node '/leds/led2[0]' - status (0)
[   14.833505] gpio gpiochip0: Persistence not supported for GPIO 21
[   14.833520] gpio-533 (?): no flags found for GPIO (default)
[   14.923233] leds-gpio leds: using DT '/leds/led3' for '(default)' GPIO lookup
[   14.923350] of_get_named_gpiod_flags: parsed 'gpios' property of node '/leds/led3[0]' - status (0)
[   14.923406] gpio gpiochip0: Persistence not supported for GPIO 22
[   14.923421] gpio-534 (?): no flags found for GPIO (default)
[   14.931695] leds-gpio leds: using DT '/leds/led4' for '(default)' GPIO lookup
[   14.931798] of_get_named_gpiod_flags: parsed 'gpios' property of node '/leds/led4[0]' - status (0)
[   14.931849] gpio gpiochip0: Persistence not supported for GPIO 23
[   14.931864] gpio-535 (?): no flags found for GPIO (default)
[   14.951867] leds-gpio leds: using DT '/leds/led5' for '(default)' GPIO lookup
[   14.951966] of_get_named_gpiod_flags: parsed 'gpios' property of node '/leds/led5[0]' - status (0)
[   14.952018] gpio gpiochip0: Persistence not supported for GPIO 24
[   14.952034] gpio-536 (?): no flags found for GPIO (default)
[   15.412358] remoteproc remoteproc0: wkup_m3 is available
[   15.689845] at24 2-0054: supply vcc not found, using dummy regulator
[   15.844629] at24 2-0055: supply vcc not found, using dummy regulator
[   15.942769] at24 2-0056: supply vcc not found, using dummy regulator
[   15.993697] input: tps65217_pwrbutton as /devices/platform/ocp/44c00000.interconnect/44c00000.interconnect:segment@200000/44e0b000.target-module/44e0b000.i2c/i2c-0/0-0024/tps65217-pwrbutton/input/input0
[   16.103675] at24 2-0057: supply vcc not found, using dummy regulator
[   16.181674] omap_rtc 44e3e000.rtc: registered as rtc0
[   16.186867] omap_rtc 44e3e000.rtc: setting system clock to 2000-01-01T00:00:00 UTC (946684800)
[   16.195658] omap_rtc 44e3e000.rtc: using DT '/ocp/interconnect@44c00000/segment@200000/target-module@3e000/rtc@0' for 'wp' GPIO lookup
[   16.195734] of_get_named_gpiod_flags: can't parse 'wp-gpios' property of node '/ocp/interconnect@44c00000/segment@200000/target-module@3e000/rtc@0[0]'
[   16.195783] of_get_named_gpiod_flags: can't parse 'wp-gpio' property of node '/ocp/interconnect@44c00000/segment@200000/target-module@3e000/rtc@0[0]'
[   16.195825] omap_rtc 44e3e000.rtc: using lookup tables for GPIO lookup
[   16.195839] omap_rtc 44e3e000.rtc: No GPIO consumer wp found
[   16.257318] at24 0-0050: using DT '/ocp/interconnect@44c00000/segment@200000/target-module@b000/i2c@0/eeprom@50' for 'wp' GPIO lookup
[   16.257533] of_get_named_gpiod_flags: can't parse 'wp-gpios' property of node '/ocp/interconnect@44c00000/segment@200000/target-module@b000/i2c@0/eeprom@50[0]'
[   16.257640] of_get_named_gpiod_flags: can't parse 'wp-gpio' property of node '/ocp/interconnect@44c00000/segment@200000/target-module@b000/i2c@0/eeprom@50[0]'
[   16.257694] at24 0-0050: using lookup tables for GPIO lookup
[   16.257709] at24 0-0050: No GPIO consumer wp found
[   16.258310] at24 0-0050: 4096 byte 24c32 EEPROM, writable, 1 bytes/write
[   16.422816] omap_wdt: OMAP Watchdog Timer Rev 0x01: initial timeout 60 sec
[   17.583852] am335x-phy-driver 47401300.usb-phy: using DT '/ocp/target-module@47400000/usb-phy@1300' for 'reset' GPIO lookup
[   17.583960] of_get_named_gpiod_flags: can't parse 'reset-gpios' property of node '/ocp/target-module@47400000/usb-phy@1300[0]'
[   17.584007] of_get_named_gpiod_flags: can't parse 'reset-gpio' property of node '/ocp/target-module@47400000/usb-phy@1300[0]'
[   17.584047] am335x-phy-driver 47401300.usb-phy: using lookup tables for GPIO lookup
[   17.584061] am335x-phy-driver 47401300.usb-phy: No GPIO consumer reset found
[   17.584076] am335x-phy-driver 47401300.usb-phy: using DT '/ocp/target-module@47400000/usb-phy@1300' for 'vbus-detect' GPIO lookup
[   17.584106] of_get_named_gpiod_flags: can't parse 'vbus-detect-gpios' property of node '/ocp/target-module@47400000/usb-phy@1300[0]'
[   17.584138] of_get_named_gpiod_flags: can't parse 'vbus-detect-gpio' property of node '/ocp/target-module@47400000/usb-phy@1300[0]'
[   17.584164] am335x-phy-driver 47401300.usb-phy: using lookup tables for GPIO lookup
[   17.584176] am335x-phy-driver 47401300.usb-phy: No GPIO consumer vbus-detect found
[   17.584328] am335x-phy-driver 47401300.usb-phy: dummy supplies not allowed for exclusive requests (id=vbus)
[   17.739837] am335x-phy-driver 47401b00.usb-phy: using DT '/ocp/target-module@47400000/usb-phy@1b00' for 'reset' GPIO lookup
[   17.739986] of_get_named_gpiod_flags: can't parse 'reset-gpios' property of node '/ocp/target-module@47400000/usb-phy@1b00[0]'
[   17.740088] of_get_named_gpiod_flags: can't parse 'reset-gpio' property of node '/ocp/target-module@47400000/usb-phy@1b00[0]'
[   17.740130] am335x-phy-driver 47401b00.usb-phy: using lookup tables for GPIO lookup
[   17.740144] am335x-phy-driver 47401b00.usb-phy: No GPIO consumer reset found
[   17.740161] am335x-phy-driver 47401b00.usb-phy: using DT '/ocp/target-module@47400000/usb-phy@1b00' for 'vbus-detect' GPIO lookup
[   17.740192] of_get_named_gpiod_flags: can't parse 'vbus-detect-gpios' property of node '/ocp/target-module@47400000/usb-phy@1b00[0]'
[   17.740225] of_get_named_gpiod_flags: can't parse 'vbus-detect-gpio' property of node '/ocp/target-module@47400000/usb-phy@1b00[0]'
[   17.740251] am335x-phy-driver 47401b00.usb-phy: using lookup tables for GPIO lookup
[   17.740263] am335x-phy-driver 47401b00.usb-phy: No GPIO consumer vbus-detect found
[   17.740419] am335x-phy-driver 47401b00.usb-phy: dummy supplies not allowed for exclusive requests (id=vbus)
[   17.892269] usbcore: registered new interface driver usbfs
[   17.897908] usbcore: registered new interface driver hub
[   17.903536] usbcore: registered new device driver usb
[   18.754929] omap-mailbox 480c8000.mailbox: omap mailbox rev 0x400
[   18.830161] remoteproc remoteproc0: powering up wkup_m3
[   18.957824] remoteproc remoteproc0: Direct firmware load for am335x-pm-firmware.elf failed with error -2
[   18.967664] remoteproc remoteproc0: request_firmware failed: -2
[   18.973730] wkup_m3_ipc 44e11324.wkup_m3_ipc: rproc_boot failed
[   19.048640] musb-hdrc musb-hdrc.1: MUSB HDRC host driver
[   19.054256] musb-hdrc musb-hdrc.1: new USB bus registered, assigned bus number 1
[   19.210066] tda998x 0-0070: found TDA19988
[   19.366958] usb usb1: New USB device found, idVendor=1d6b, idProduct=0002, bcdDevice= 6.18
[   19.375488] usb usb1: New USB device strings: Mfr=3, Product=2, SerialNumber=1
[   19.382812] usb usb1: Product: MUSB HDRC host driver
[   19.387806] usb usb1: Manufacturer: Linux 6.18.0-rc6-next-20251120 musb-hcd
[   19.394962] usb usb1: SerialNumber: musb-hdrc.1
[   19.783757] hub 1-0:1.0: USB hub found
[   19.836754] hub 1-0:1.0: 1 port detected
[   21.417384] omap_rng 48310000.rng: Random Number Generator ver. 20
[   21.577626] ------------[ cut here ]------------
[   21.582472] WARNING: net/8021q/vlan_core.c:236 at vlan_for_each+0x114/0x134, CPU#0: avahi-daemon/217
[   21.591731] RTNL: assertion failed at net/8021q/vlan_core.c (236)
[   21.597857] Modules linked in: drm_client_lib omap_rng rng_core snd_soc_davinci_mcasp snd_soc_ti_udma snd_soc_ti_edma snd_soc_ti_sdma snd_soc_core snd_pcm_dmaengine snd_pcm snd_timer tda998x snd musb_dsps omap_mailbox musb_hdrc cec soundcore drm_kms_helper udc_core usbcore drm phy_am335x phy_generic usb_common cppi41 drm_panel_orientation_quirks omap_wdt wkup_m3_ipc watchdog rtc_omap tps65218_pwrbutton at24 phy_am335x_control wkup_m3_rproc leds_gpio led_class cpufreq_dt autofs4
[   21.640646] CPU: 0 UID: 107 PID: 217 Comm: avahi-daemon Not tainted 6.18.0-rc6-next-20251120 #1 NONE 
[   21.640664] Hardware name: Generic AM33XX (Flattened Device Tree)
[   21.640673] Call trace: 
[   21.640689]  unwind_backtrace from show_stack+0x10/0x14
[   21.640726]  show_stack from dump_stack_lvl+0x50/0x64
[   21.640752]  dump_stack_lvl from __warn+0x88/0x148
[   21.640769]  __warn from warn_slowpath_fmt+0x19c/0x1b0
[   21.640782]  warn_slowpath_fmt from vlan_for_each+0x114/0x134
[   21.640799]  vlan_for_each from cpsw_add_mc_addr+0x40/0xa4
[   21.640831]  cpsw_add_mc_addr from __hw_addr_ref_sync_dev+0x108/0x140
[   21.640859]  __hw_addr_ref_sync_dev from __dev_mc_add+0x7c/0x80
[   21.640877]  __dev_mc_add from igmp6_group_added+0xc8/0xe0
[   21.640898]  igmp6_group_added from __ipv6_dev_mc_inc+0x218/0x364
[   21.640912]  __ipv6_dev_mc_inc from __ipv6_sock_mc_join+0x11c/0x1c0
[   21.640926]  __ipv6_sock_mc_join from do_ipv6_setsockopt+0x1214/0x1310
[   21.640951]  do_ipv6_setsockopt from ipv6_setsockopt+0x60/0xcc
[   21.640968]  ipv6_setsockopt from udpv6_setsockopt+0x2c/0x6c
[   21.640989]  udpv6_setsockopt from sock_common_setsockopt+0x30/0x40
[   21.641015]  sock_common_setsockopt from do_sock_setsockopt+0x50/0x9c
[   21.641032]  do_sock_setsockopt from __sys_setsockopt+0x70/0xbc
[   21.641047]  __sys_setsockopt from ret_fast_syscall+0x0/0x58
[   21.641061] Exception stack(0xe011dfa8 to 0xe011dff0)
[   21.641076] dfa0:                   00000014 b6f6bce8 0000000d 00000029 00000014 beea09ec
[   21.641088] dfc0: 00000014 b6f6bce8 00000014 00000126 0000000d b6f14ff4 0050e988 004f6558
[   21.641097] dfe0: b6f2a088 beea09d8 b6f07309 b6dde41a
[   21.641104] ---[ end trace 0000000000000000 ]---
[   22.184546] tilcdc 4830e000.lcdc: bound 0-0070 (ops tda998x_driver_exit [tda998x])
[   22.330856] [drm] Initialized tilcdc 1.0.0 for 4830e000.lcdc on minor 0
[   22.391720] tilcdc 4830e000.lcdc: [drm] Cannot find any crtc or sizes
[   22.405091] tilcdc 4830e000.lcdc: [drm] Cannot find any crtc or sizes
[   23.745412] PM: Cannot get wkup_m3_ipc handle
[   23.857875] omap-sham 53100000.sham: hw accel on OMAP rev 4.3
[   23.981767] omap-sham 53100000.sham: will run requests pump with realtime priority
[   23.995739] PM: Cannot get wkup_m3_ipc handle
[   24.204568] omap-aes 53500000.aes: OMAP AES hw accel rev: 3.2
[   24.355945] omap-aes 53500000.aes: will run requests pump with realtime priority
[   24.364884] PM: Cannot get wkup_m3_ipc handle
[   26.227916] Bluetooth: Core ver 2.22
[   26.231924] NET: Registered PF_BLUETOOTH protocol family
[   26.237278] Bluetooth: HCI device and connection manager initialized
[   26.243800] Bluetooth: HCI socket layer initialized
[   26.248719] Bluetooth: L2CAP socket layer initialized
[   26.253865] Bluetooth: SCO socket layer initialized
[   27.917164] tda998x 0-0070: using DT '/ocp/interconnect@44c00000/segment@200000/target-module@b000/i2c@0/tda19988@70' for 'nxp,calib' GPIO lookup
[   27.917309] of_get_named_gpiod_flags: parsed 'nxp,calib-gpios' property of node '/ocp/interconnect@44c00000/segment@200000/target-module@b000/i2c@0/tda19988@70[0]' - status (0)
[   27.917392] gpio gpiochip0: Persistence not supported for GPIO 25
[   27.917407] gpio-537 (nxp,calib): no flags found for GPIO nxp,calib
[   27.936361] gpio-537 (nxp,calib): gpiod_direction_output_nonotify: tried to set a GPIO tied to an IRQ as output
[   28.035762] PM: Cannot get wkup_m3_ipc handle
[   28.041798] asoc-simple-card sound: using DT '/sound' for 'simple-audio-card,hp-det' GPIO lookup
[   28.041884] of_get_named_gpiod_flags: can't parse 'simple-audio-card,hp-det-gpios' property of node '/sound[0]'
[   28.041920] of_get_named_gpiod_flags: can't parse 'simple-audio-card,hp-det-gpio' property of node '/sound[0]'
[   28.041945] asoc-simple-card sound: using lookup tables for GPIO lookup
[   28.041959] asoc-simple-card sound: No GPIO consumer simple-audio-card,hp-det found
[   28.041974] asoc-simple-card sound: using DT '/sound' for 'simple-audio-card,mic-det' GPIO lookup
[   28.041999] of_get_named_gpiod_flags: can't parse 'simple-audio-card,mic-det-gpios' property of node '/sound[0]'
[   28.042026] of_get_named_gpiod_flags: can't parse 'simple-audio-card,mic-det-gpio' property of node '/sound[0]'
[   28.042045] asoc-simple-card sound: using lookup tables for GPIO lookup
[   28.042057] asoc-simple-card sound: No GPIO consumer simple-audio-card,mic-det found
[   28.147987] PM: Cannot get wkup_m3_ipc handle
[   28.242137] tda9950 0-0034: TDA9950 CEC interface, hardware version 3.3
[   28.350858] PM: Cannot get wkup_m3_ipc handle
[   29.806319] userial_init: registered 8 ttyGS* devices
[   30.071088] rndis_register: configNr = 0
[   30.157141] udc musb-hdrc.0: binding gadget driver [g_multi]
[   30.157255] configfs-gadget.g_multi gadget.0: adding 'rndis'/acb6b60c to config 'c'/4f60ae64
[   30.158433] configfs-gadget.g_multi gadget.0: HOST MAC 1c:ba:8c:a2:ed:6c
[   30.165454] configfs-gadget.g_multi gadget.0: MAC 1c:ba:8c:a2:ed:70
[   30.171900] rndis_set_param_medium: 0 0
[   30.171924] configfs-gadget.g_multi gadget.0: RNDIS: IN/ep1in OUT/ep1out NOTIFY/ep2in
[   30.171942] configfs-gadget.g_multi gadget.0: adding 'cdc_ethernet'/64d754ab to config 'c'/4f60ae64
[   30.172875] configfs-gadget.g_multi gadget.0: HOST MAC 1c:ba:8c:a2:ed:6c
[   30.179635] configfs-gadget.g_multi gadget.0: MAC 1c:ba:8c:a2:ed:6d
[   30.186057] configfs-gadget.g_multi gadget.0: CDC Ethernet: IN/ep3in OUT/ep2out NOTIFY/ep4in
[   30.186076] configfs-gadget.g_multi gadget.0: adding 'acm'/b2595522 to config 'c'/4f60ae64
[   30.186111] configfs-gadget.g_multi gadget.0: acm ttyGS0: IN/ep5in OUT/ep3out NOTIFY/ep6in
[   30.192995] PM: Cannot get wkup_m3_ipc handle
[   31.511750] configfs-gadget.g_multi gadget.0: eth_open
[   36.643721] gs_open: ttyGS0 (4e28644a,bd99b87c)
[   36.643877] gs_close: ttyGS0 (4e28644a,bd99b87c) ...
[   36.643901] gs_close: ttyGS0 (4e28644a,bd99b87c) done!
[   36.665740] gs_open: ttyGS0 (7430ae81,2c9055ce)
[   36.665859] gs_close: ttyGS0 (7430ae81,2c9055ce) ...
[   36.665880] gs_close: ttyGS0 (7430ae81,2c9055ce) done!
[   36.802034] gs_open: ttyGS0 (7430ae81,cf21f234)
[   36.802305] gs_close: ttyGS0 (7430ae81,cf21f234) ...
[   36.802332] gs_close: ttyGS0 (7430ae81,cf21f234) done!
[   36.804540] gs_open: ttyGS0 (7430ae81,cf21f234)
WOGCAFXNOQ 0
root@arm:~# echo 'YZYM''SKPSTL'
YZYMSKPSTL
root@arm:~# MARKER='VNPW''AMQJYN' run 'modprobe test_linear_ranges'
VNPWAMQJYNVNPWAMQJYN 0
root@arm:~# echo 'OSXF''NBJZPG'
OSXFNBJZPG
root@arm:~# MARKER='OWXB''YSKOJT' run dmesg
OWXBYSKOJT[    0.000000] Booting Linux on physical CPU 0x0
[    0.000000] Linux version 6.18.0-rc6-next-20251120 (user01@drvtest01) (arm-none-eabi-gcc (Arm GNU Toolchain 14.2.Rel1 (Build arm-14.52)) 14.2.1 20241119, GNU ld (Arm GNU Toolchain 14.2.Rel1 (Build arm-14.52)) 2.43.1.20241119) #1 SMP Fri Nov 21 05:10:31 EET 2025
[    0.000000] CPU: ARMv7 Processor [413fc082] revision 2 (ARMv7), cr=10c5387d
[    0.000000] CPU: PIPT / VIPT nonaliasing data cache, VIPT aliasing instruction cache
[    0.000000] OF: fdt: Machine model: TI AM335x BeagleBone Black
[    0.000000] Memory policy: Data cache writeback
[    0.000000] cma: Reserved 16 MiB at 0x9e800000
[    0.000000] Zone ranges:
[    0.000000]   Normal   [mem 0x0000000080000000-0x000000009fdfffff]
[    0.000000]   HighMem  empty
[    0.000000] Movable zone start for each node
[    0.000000] Early memory node ranges
[    0.000000]   node   0: [mem 0x0000000080000000-0x000000009fdfffff]
[    0.000000] Initmem setup node 0 [mem 0x0000000080000000-0x000000009fdfffff]
[    0.000000] On node 0, zone Normal: 512 pages in unavailable ranges
[    0.000000] OF: reserved mem: Reserved memory: No reserved-memory node in the DT
[    0.000000] CPU: All CPU(s) started in SVC mode.
[    0.000000] AM335X ES2.1 (sgx neon)
[    0.000000] percpu: Embedded 17 pages/cpu s39948 r8192 d21492 u69632
[    0.000000] pcpu-alloc: s39948 r8192 d21492 u69632 alloc=17*4096
[    0.000000] pcpu-alloc: [0] 0 
[    0.000000] Kernel command line: console=ttyO0,115200n8 root=/dev/nfs rw nfsroot=192.168.255.126:/home/user01/nfs,nfsvers=3 ip=192.168.255.1:192.168.255.126::255.255.255.0:bbb1:eth0 nfsrootdebug
[    0.000000] Unknown kernel command line parameters "nfsrootdebug", will be passed to user space.
[    0.000000] printk: log buffer data + meta data: 65536 + 204800 = 270336 bytes
[    0.000000] Dentry cache hash table entries: 65536 (order: 6, 262144 bytes, linear)
[    0.000000] Inode-cache hash table entries: 32768 (order: 5, 131072 bytes, linear)
[    0.000000] Built 1 zonelists, mobility grouping on.  Total pages: 130560
[    0.000000] mem auto-init: stack:off, heap alloc:off, heap free:off
[    0.000000] SLUB: HWalign=16, Order=0-3, MinObjects=0, CPUs=1, Nodes=1
[    0.000000] rcu: Hierarchical RCU implementation.
[    0.000000] rcu: 	RCU event tracing is enabled.
[    0.000000] rcu: 	RCU restricting CPUs from NR_CPUS=2 to nr_cpu_ids=1.
[    0.000000] 	Tracing variant of Tasks RCU enabled.
[    0.000000] rcu: RCU calculated value of scheduler-enlistment delay is 10 jiffies.
[    0.000000] rcu: Adjusting geometry for rcu_fanout_leaf=16, nr_cpu_ids=1
[    0.000000] RCU Tasks Trace: Setting shift to 0 and lim to 1 rcu_task_cb_adjust=1 rcu_task_cpu_ids=1.
[    0.000000] NR_IRQS: 16, nr_irqs: 16, preallocated irqs: 16
[    0.000000] IRQ: Found an INTC at 0x(ptrval) (revision 5.0) with 128 interrupts
[    0.000000] rcu: srcu_init: Setting srcu_struct sizes based on contention.
[    0.000000] TI gptimer clocksource: always-on /ocp/interconnect@44c00000/segment@200000/target-module@31000
[    0.000003] sched_clock: 32 bits at 24MHz, resolution 41ns, wraps every 89478484971ns
[    0.000027] clocksource: dmtimer: mask: 0xffffffff max_cycles: 0xffffffff, max_idle_ns: 79635851949 ns
[    0.000564] TI gptimer clockevent: 24000000 Hz at /ocp/interconnect@48000000/segment@0/target-module@40000
[    0.002132] Console: colour dummy device 80x30
[    0.002202] WARNING: Your 'console=ttyO0' has been replaced by 'ttyS0'
[    0.002211] This ensures that you still see kernel messages. Please
[    0.002215] update your kernel commandline.
[    0.002255] Calibrating delay loop... 996.14 BogoMIPS (lpj=4980736)
[    0.090682] CPU: Testing write buffer coherency: ok
[    0.090765] CPU0: Spectre v2: using BPIALL workaround
[    0.090776] pid_max: default: 32768 minimum: 301
[    0.091083] Mount-cache hash table entries: 1024 (order: 0, 4096 bytes, linear)
[    0.091103] Mountpoint-cache hash table entries: 1024 (order: 0, 4096 bytes, linear)
[    0.092705] CPU0: thread -1, cpu 0, socket -1, mpidr 0
[    0.092760] cacheinfo: Unable to detect cache hierarchy for CPU 0
[    0.094749] Setting up static identity map for 0x80100000 - 0x80100078
[    0.095071] rcu: Hierarchical SRCU implementation.
[    0.095080] rcu: 	Max phase no-delay instances is 1000.
[    0.096798] smp: Bringing up secondary CPUs ...
[    0.096855] smp: Brought up 1 node, 1 CPU
[    0.096868] SMP: Total of 1 processors activated (996.14 BogoMIPS).
[    0.096880] CPU: All CPU(s) started in SVC mode.
[    0.097128] Memory: 479964K/522240K available (12288K kernel code, 1231K rwdata, 2956K rodata, 1024K init, 256K bss, 24364K reserved, 16384K cma-reserved, 0K highmem)
[    0.097990] devtmpfs: initialized
[    0.115462] VFP support v0.3: implementor 41 architecture 3 part 30 variant c rev 3
[    0.116136] clocksource: jiffies: mask: 0xffffffff max_cycles: 0xffffffff, max_idle_ns: 19112604462750000 ns
[    0.116190] posixtimers hash table entries: 512 (order: 0, 4096 bytes, linear)
[    0.116215] futex hash table entries: 256 (16384 bytes on 1 NUMA nodes, total 16 KiB, linear).
[    0.119396] NET: Registered PF_NETLINK/PF_ROUTE protocol family
[    0.122518] DMA: preallocated 256 KiB pool for atomic coherent allocations
[    0.123509] audit: initializing netlink subsys (disabled)
[    0.124885] thermal_sys: Registered thermal governor 'fair_share'
[    0.124901] thermal_sys: Registered thermal governor 'step_wise'
[    0.124910] thermal_sys: Registered thermal governor 'user_space'
[    0.125025] audit: type=2000 audit(0.120:1): state=initialized audit_enabled=0 res=1
[    0.125096] cpuidle: using governor menu
[    0.143129] /ocp/interconnect@44c00000/segment@200000/target-module@b000/i2c@0/tda19988@70: Fixed dependency cycle(s) with /ocp/interconnect@48000000/segment@300000/target-module@e000/lcdc@0
[    0.144214] /ocp/interconnect@48000000/segment@300000/target-module@e000/lcdc@0: Fixed dependency cycle(s) with /ocp/interconnect@44c00000/segment@200000/target-module@b000/i2c@0/tda19988@70
[    0.146387] No ATAGs?
[    0.146426] hw-breakpoint: debug architecture 0x4 unsupported.
[    0.149068] kprobes: kprobe jump-optimization is enabled. All kprobes are optimized if possible.
[    0.163935] iommu: Default domain type: Translated
[    0.163958] iommu: DMA domain TLB invalidation policy: strict mode
[    0.165527] reg-fixed-voltage fixedregulator0: using DT '/fixedregulator0' for '(default)' GPIO lookup
[    0.165583] of_get_named_gpiod_flags: can't parse 'gpios' property of node '/fixedregulator0[0]'
[    0.165610] of_get_named_gpiod_flags: can't parse 'gpio' property of node '/fixedregulator0[0]'
[    0.165629] reg-fixed-voltage fixedregulator0: using lookup tables for GPIO lookup
[    0.165640] reg-fixed-voltage fixedregulator0: No GPIO consumer (default) found
[    0.166754] SCSI subsystem initialized
[    0.167209] libata version 3.00 loaded.
[    0.167595] pps_core: LinuxPPS API ver. 1 registered
[    0.167606] pps_core: Software ver. 5.3.6 - Copyright 2005-2007 Rodolfo Giometti <giometti@linux.it>
[    0.167630] PTP clock support registered
[    0.180852] vgaarb: loaded
[    0.181252] clocksource: Switched to clocksource dmtimer
[    0.181865] VFS: Disk quotas dquot_6.6.0
[    0.181924] VFS: Dquot-cache hash table entries: 1024 (order 0, 4096 bytes)
[    0.205837] NET: Registered PF_INET protocol family
[    0.206171] IP idents hash table entries: 8192 (order: 4, 65536 bytes, linear)
[    0.207599] tcp_listen_portaddr_hash hash table entries: 512 (order: 0, 4096 bytes, linear)
[    0.207630] Table-perturb hash table entries: 65536 (order: 6, 262144 bytes, linear)
[    0.207649] TCP established hash table entries: 4096 (order: 2, 16384 bytes, linear)
[    0.207694] TCP bind hash table entries: 4096 (order: 4, 65536 bytes, linear)
[    0.207794] TCP: Hash tables configured (established 4096 bind 4096)
[    0.207920] UDP hash table entries: 256 (order: 2, 14336 bytes, linear)
[    0.207953] UDP-Lite hash table entries: 256 (order: 2, 14336 bytes, linear)
[    0.208164] NET: Registered PF_UNIX/PF_LOCAL protocol family
[    0.209436] RPC: Registered named UNIX socket transport module.
[    0.209456] RPC: Registered udp transport module.
[    0.209462] RPC: Registered tcp transport module.
[    0.209466] RPC: Registered tcp-with-tls transport module.
[    0.209471] RPC: Registered tcp NFSv4.1 backchannel transport module.
[    0.209496] PCI: CLS 0 bytes, default 64
[    0.210952] Initialise system trusted keyrings
[    0.221734] workingset: timestamp_bits=14 max_order=17 bucket_order=3
[    0.223178] NFS: Registering the id_resolver key type
[    0.223246] Key type id_resolver registered
[    0.223254] Key type id_legacy registered
[    0.223365] jffs2: version 2.2. (NAND) (SUMMARY)  Â© 2001-2006 Red Hat, Inc.
[    0.223915] Key type asymmetric registered
[    0.223932] Asymmetric key parser 'x509' registered
[    0.224009] io scheduler mq-deadline registered
[    0.224019] io scheduler kyber registered
[    0.224102] io scheduler bfq registered
[    0.225914] target-module@4b000000:target-module@140000:pmu@0:fck: device ID is greater than 24
[    0.227069] ledtrig-cpu: registered to indicate activity on CPUs
[    0.241877] Serial: 8250/16550 driver, 6 ports, IRQ sharing enabled
[    0.296740] brd: module loaded
[    0.305274] loop: module loaded
[    0.306203] mtdoops: mtd device (mtddev=name/number) must be supplied
[    0.314643] mdio_bus fixed-0: using lookup tables for GPIO lookup
[    0.314667] mdio_bus fixed-0: No GPIO consumer reset found
[    0.316113] i2c_dev: i2c /dev entries driver
[    0.317146] cpuidle: enable-method property 'ti,am3352' found operations
[    0.317619] sdhci: Secure Digital Host Controller Interface driver
[    0.317630] sdhci: Copyright(c) Pierre Ossman
[    0.317816] sdhci-pltfm: SDHCI platform and OF driver helper
[    0.319357] hw perfevents: enabled with armv7_cortex_a8 PMU driver, 5 (8000000f) counters available
[    0.319891] Initializing XFRM netlink socket
[    0.320065] NET: Registered PF_INET6 protocol family
[    0.335827] Segment Routing with IPv6
[    0.335912] In-situ OAM (IOAM) with IPv6
[    0.336007] sit: IPv6, IPv4 and MPLS over IPv4 tunneling driver
[    0.337035] NET: Registered PF_PACKET protocol family
[    0.337055] PFKEY is deprecated and scheduled to be removed in 2027, please contact the netdev mailing list
[    0.337071] NET: Registered PF_KEY protocol family
[    0.337210] Key type dns_resolver registered
[    0.337443] ThumbEE CPU extension supported.
[    0.337464] Registering SWP/SWPB emulation handler
[    0.337987] omap_voltage_late_init: Voltage driver support not added
[    0.338654] SmartReflex Class3 initialized
[    0.364970] Loading compiled-in X.509 certificates
[    0.404002] /ocp/interconnect@44c00000/segment@200000/target-module@b000/i2c@0/tda19988@70: Fixed dependency cycle(s) with /ocp/interconnect@48000000/segment@300000/target-module@e000/lcdc@0
[    0.410411] /ocp/interconnect@44c00000/segment@200000/target-module@b000/i2c@0/tda19988@70: Fixed dependency cycle(s) with /ocp/interconnect@48000000/segment@300000/target-module@e000/lcdc@0
[    0.416174] gpiochip_find_base_unlocked: found new base at 512
[    0.441045] /ocp/interconnect@44c00000/segment@200000/target-module@b000/i2c@0/tda19988@70: Fixed dependency cycle(s) with /ocp/interconnect@48000000/segment@300000/target-module@e000/lcdc@0
[    0.442178] /ocp/interconnect@44c00000/segment@200000/target-module@b000/i2c@0/tda19988@70: Fixed dependency cycle(s) with /ocp/interconnect@48000000/segment@300000/target-module@e000/lcdc@0
[    0.445745] /ocp/interconnect@44c00000/segment@200000/target-module@10000/scm@0/pinmux@800: Fixed dependency cycle(s) with /ocp/interconnect@44c00000/segment@200000/target-module@10000/scm@0/pinmux@800/clkout2-pins
[    0.446367] pinctrl-single 44e10800.pinmux: 142 pins, size 568
[    0.479848] /ocp/interconnect@48000000/segment@300000/target-module@e000/lcdc@0: Fixed dependency cycle(s) with /ocp/interconnect@44c00000/segment@200000/target-module@b000/i2c@0/tda19988@70
[    0.499940] gpiochip_find_base_unlocked: found new base at 512
[    0.500041] gpio gpiochip0: (gpio-0-31): created GPIO range 0->7 ==> 44e10800.pinmux PIN 0->7
[    0.500062] gpio gpiochip0: (gpio-0-31): created GPIO range 8->11 ==> 44e10800.pinmux PIN 90->93
[    0.500079] gpio gpiochip0: (gpio-0-31): created GPIO range 12->27 ==> 44e10800.pinmux PIN 12->27
[    0.500094] gpio gpiochip0: (gpio-0-31): created GPIO range 28->31 ==> 44e10800.pinmux PIN 30->33
[    0.534836] gpio gpiochip0: (gpio-0-31): added GPIO chardev (254:0)
[    0.535072] gpio gpiochip0: registered GPIOs 512 to 543 on gpio-0-31
[    0.535163] OMAP GPIO hardware version 0.1
[    0.578947] i2c i2c-2: using DT '/ocp/interconnect@48000000/segment@100000/target-module@9c000/i2c@0' for 'scl' GPIO lookup
[    0.579019] of_get_named_gpiod_flags: can't parse 'scl-gpios' property of node '/ocp/interconnect@48000000/segment@100000/target-module@9c000/i2c@0[0]'
[    0.579062] of_get_named_gpiod_flags: can't parse 'scl-gpio' property of node '/ocp/interconnect@48000000/segment@100000/target-module@9c000/i2c@0[0]'
[    0.579098] i2c i2c-2: using lookup tables for GPIO lookup
[    0.579108] i2c i2c-2: No GPIO consumer scl found
[    0.579130] i2c i2c-2: using DT '/ocp/interconnect@48000000/segment@100000/target-module@9c000/i2c@0' for 'sda' GPIO lookup
[    0.579165] of_get_named_gpiod_flags: can't parse 'sda-gpios' property of node '/ocp/interconnect@48000000/segment@100000/target-module@9c000/i2c@0[0]'
[    0.579202] of_get_named_gpiod_flags: can't parse 'sda-gpio' property of node '/ocp/interconnect@48000000/segment@100000/target-module@9c000/i2c@0[0]'
[    0.579233] i2c i2c-2: using lookup tables for GPIO lookup
[    0.579240] i2c i2c-2: No GPIO consumer sda found
[    0.579991] omap_i2c 4819c000.i2c: bus 2 rev0.11 at 100 kHz
[    0.585913] gpiochip_find_base_unlocked: found new base at 544
[    0.586020] gpio gpiochip1: (gpio-32-63): created GPIO range 0->17 ==> 44e10800.pinmux PIN 34->51
[    0.586041] gpio gpiochip1: (gpio-32-63): created GPIO range 18->21 ==> 44e10800.pinmux PIN 77->80
[    0.586057] gpio gpiochip1: (gpio-32-63): created GPIO range 22->31 ==> 44e10800.pinmux PIN 56->65
[    0.587165] gpio gpiochip1: (gpio-32-63): added GPIO chardev (254:1)
[    0.587382] gpio gpiochip1: registered GPIOs 544 to 575 on gpio-32-63
[    0.589637] gpiochip_find_base_unlocked: found new base at 576
[    0.589729] gpio gpiochip2: (gpio-64-95): created GPIO range 0->4 ==> 44e10800.pinmux PIN 66->70
[    0.589750] gpio gpiochip2: (gpio-64-95): created GPIO range 5->6 ==> 44e10800.pinmux PIN 98->99
[    0.589766] gpio gpiochip2: (gpio-64-95): created GPIO range 7->8 ==> 44e10800.pinmux PIN 75->76
[    0.589781] gpio gpiochip2: (gpio-64-95): created GPIO range 13->13 ==> 44e10800.pinmux PIN 141->141
[    0.589797] gpio gpiochip2: (gpio-64-95): created GPIO range 14->21 ==> 44e10800.pinmux PIN 100->107
[    0.600919] gpio gpiochip2: (gpio-64-95): added GPIO chardev (254:2)
[    0.601167] gpio gpiochip2: registered GPIOs 576 to 607 on gpio-64-95
[    0.607016] 48000000.interconnect:segment@200000:target-module@0:mpu@0:fck: device ID is greater than 24
[    0.607928] /ocp/interconnect@48000000/segment@300000/target-module@e000/lcdc@0: Fixed dependency cycle(s) with /ocp/interconnect@44c00000/segment@200000/target-module@b000/i2c@0/tda19988@70
[    0.610801] /ocp/interconnect@48000000/segment@300000/target-module@e000/lcdc@0: Fixed dependency cycle(s) with /ocp/interconnect@44c00000/segment@200000/target-module@b000/i2c@0/tda19988@70
[    0.611702] /ocp/interconnect@44c00000/segment@200000/target-module@b000/i2c@0/tda19988@70: Fixed dependency cycle(s) with /ocp/interconnect@48000000/segment@300000/target-module@e000/lcdc@0
[    0.611885] /ocp/interconnect@48000000/segment@300000/target-module@e000/lcdc@0: Fixed dependency cycle(s) with /ocp/interconnect@44c00000/segment@200000/target-module@b000/i2c@0/tda19988@70
[    0.619973] sdhci-omap 481d8000.mmc: using DT '/ocp/interconnect@48000000/segment@100000/target-module@d8000/mmc@0' for 'wp' GPIO lookup
[    0.620047] of_get_named_gpiod_flags: can't parse 'wp-gpios' property of node '/ocp/interconnect@48000000/segment@100000/target-module@d8000/mmc@0[0]'
[    0.620092] of_get_named_gpiod_flags: can't parse 'wp-gpio' property of node '/ocp/interconnect@48000000/segment@100000/target-module@d8000/mmc@0[0]'
[    0.620127] sdhci-omap 481d8000.mmc: using lookup tables for GPIO lookup
[    0.620137] sdhci-omap 481d8000.mmc: No GPIO consumer wp found
[    0.620338] sdhci-omap 481d8000.mmc: supply pbias not found, using dummy regulator
[    0.621343] sdhci-omap 481d8000.mmc: supply vqmmc not found, using dummy regulator
[    0.643217] mdio_bus 4a101000.mdio: using DT '/ocp/interconnect@4a000000/segment@0/target-module@100000/switch@0/mdio@1000' for 'reset' GPIO lookup
[    0.643293] of_get_named_gpiod_flags: can't parse 'reset-gpios' property of node '/ocp/interconnect@4a000000/segment@0/target-module@100000/switch@0/mdio@1000[0]'
[    0.643338] of_get_named_gpiod_flags: can't parse 'reset-gpio' property of node '/ocp/interconnect@4a000000/segment@0/target-module@100000/switch@0/mdio@1000[0]'
[    0.643385] mdio_bus 4a101000.mdio: using lookup tables for GPIO lookup
[    0.643395] mdio_bus 4a101000.mdio: No GPIO consumer reset found
[    0.693280] davinci_mdio 4a101000.mdio: davinci mdio revision 1.6, bus freq 1000000
[    0.711468] mdio_bus 4a101000.mdio:00: using DT '/ocp/interconnect@4a000000/segment@0/target-module@100000/switch@0/mdio@1000/ethernet-phy@0' for 'reset' GPIO lookup
[    0.711566] of_get_named_gpiod_flags: parsed 'reset-gpios' property of node '/ocp/interconnect@4a000000/segment@0/target-module@100000/switch@0/mdio@1000/ethernet-phy@0[0]' - status (0)
[    0.711721] gpio gpiochip0: Persistence not supported for GPIO 8
[    0.832657] davinci_mdio 4a101000.mdio: phy[0]: device 4a101000.mdio:00, driver SMSC LAN8710/LAN8720
[    0.833423] cpsw-switch 4a100000.switch: initialized cpsw ale version 1.4
[    0.833446] cpsw-switch 4a100000.switch: ALE Table size 1024, Policers 0
[    0.833618] cpsw-switch 4a100000.switch: cpts: overflow check period 500 (jiffies)
[    0.833636] cpsw-switch 4a100000.switch: CPTS: ref_clk_freq:250000000 calc_mult:2147483648 calc_shift:29 error:0 nsec/sec
[    0.833731] cpsw-switch 4a100000.switch: Detected MACID = 6c:ec:eb:68:de:78
[    0.835635] cpsw-switch 4a100000.switch: initialized (regs 0x4a100000, pool size 256) hw_ver:0019010C 1.12 (0)
[    0.847153] debugfs: '49000000.dma' already exists in 'dmaengine'
[    0.847197] edma 49000000.dma: TI EDMA DMA engine driver
[    0.887365] ti-sysc 44e31000.target-module: Failed to create device link (0x180) with supplier ocp for /ocp/interconnect@44c00000/segment@200000/target-module@31000/timer@0
[    0.887425] ti-sysc 48040000.target-module: Failed to create device link (0x180) with supplier ocp for /ocp/interconnect@48000000/segment@0/target-module@40000/timer@0
[    0.888356] gpio-clk clk_mcasp0: using DT '/clk_mcasp0' for 'enable' GPIO lookup
[    0.888425] of_get_named_gpiod_flags: parsed 'enable-gpios' property of node '/clk_mcasp0[0]' - status (0)
[    0.888469] gpio gpiochip0: Persistence not supported for GPIO 27
[    0.889215] gpiochip_find_base_unlocked: found new base at 608
[    0.889328] gpio gpiochip3: (gpio-96-127): created GPIO range 0->7 ==> 44e10800.pinmux PIN 82->89
[    0.889350] gpio gpiochip3: (gpio-96-127): created GPIO range 8->11 ==> 44e10800.pinmux PIN 52->55
[    0.889365] gpio gpiochip3: (gpio-96-127): created GPIO range 12->15 ==> 44e10800.pinmux PIN 94->97
[    0.889381] gpio gpiochip3: (gpio-96-127): created GPIO range 16->17 ==> 44e10800.pinmux PIN 71->72
[    0.889396] gpio gpiochip3: (gpio-96-127): created GPIO range 18->18 ==> 44e10800.pinmux PIN 135->135
[    0.889413] gpio gpiochip3: (gpio-96-127): created GPIO range 19->20 ==> 44e10800.pinmux PIN 108->109
[    0.889430] gpio gpiochip3: (gpio-96-127): created GPIO range 21->21 ==> 44e10800.pinmux PIN 73->73
[    0.889447] gpio gpiochip3: (gpio-96-127): created GPIO range 22->23 ==> 44e10800.pinmux PIN 8->9
[    0.889463] gpio gpiochip3: (gpio-96-127): created GPIO range 26->27 ==> 44e10800.pinmux PIN 10->11
[    0.889481] gpio gpiochip3: (gpio-96-127): created GPIO range 28->28 ==> 44e10800.pinmux PIN 74->74
