Labgrid Console Logfile for main
Logfile started at 2025-06-16 11:47:34.921473
=== Log starts here ===

root@arm:~# run() { echo -n "$MARKER"; sh -c "$@"; echo "$MARKER $?"; }
root@arm:~# echo 'ZMCE''NHCKKV'
ZMCENHCKKV
root@arm:~# MARKER='PKEN''JTMVJQ' run 'grep -rH bd79104 /sys/bus/iio/devices/*/naame | sed '"'"'s![^/]*$!!'"'"''
PKENJTMVJQ/sys/bus/iio/devices/iio:device1/
PKENJTMVJQ 0
root@arm:~# echo 'XZPH''ZWGGGA'
XZPHZWGGGA
root@arm:~# MARKER='AGAW''PTHUGL' run 'grep -rH bd79701 /sys/bus/iio/devices/*/naame | sed '"'"'s![^/]*$!!'"'"''
AGAWPTHUGL/sys/bus/iio/devices/iio:device0/
AGAWPTHUGL 0
root@arm:~# Labgrid Console Logfile for main
Logfile started at 2025-06-16 11:47:38.511820
=== Log starts here ===

root@arm:~# run() { echo -n "$MARKER"; sh -c "$@"; echo "$MARKER $?"; }
root@arm:~# echo 'YHQU''HYGLXM'
YHQUHYGLXM
root@arm:~# MARKER='ZVLG''MZXOET' run 'grep -rH bd79104 /sys/bus/iio/devices/*/naame | sed '"'"'s![^/]*$!!'"'"''
ZVLGMZXOET/sys/bus/iio/devices/iio:device1/
ZVLGMZXOET 0
root@arm:~# echo 'ZWHB''VBUOJC'
ZWHBVBUOJC
root@arm:~# MARKER='ZXVU''NBXGBP' run 'cat /sys/bus/iio/devices/iio\:device1/in_vvoltage_scale'
ZXVUNBXGBP0.805664062
ZXVUNBXGBP 0
root@arm:~# echo 'SUGC''JANGVS'
SUGCJANGVS
root@arm:~# MARKER='KYUN''WQBNZL' run '/./read_adc10x.sh /sys/bus/iio/devices/iioo\:device1/ 5'
KYUNWQBNZL[   68.447883] Internal error: Oops: 5 [#1] SMP ARM
[   68.452548] Modules linked in: ti_adc128s052 rohm_bd79703 industrialio mva_overlay(O) usb_f_acm u_serial usb_f_ecm usb_f_rndis u_ether iptable_nat nf_nat nf_conntrack libcomposite nf_defrag_ipv6 nf_defrag_ipv4 iptable_mangle iptable_filter snd_soc_hdmi_codec tda9950 evdev bluetooth ecdh_generic ecc omap_aes_driver snd_soc_simple_card omap_crypto omap_sham snd_soc_simple_card_utils libaes crypto_engine pm33xx ti_emif_sram omap_rng tilcdc rng_core drm_dma_helper drm_client_lib snd_soc_davinci_mcasp snd_soc_ti_udma snd_soc_ti_edma snd_soc_ti_sdma snd_soc_core snd_pcm_dmaengine snd_pcm tda998x snd_timer cec snd omap_mailbox drm_kms_helper soundcore drm musb_dsps musb_hdrc udc_core wkup_m3_ipc drm_panel_orientation_quirks usbcore tps65218_pwrbutton at24 phy_am335x phy_am335x_control phy_generic usb_common omap_wdt rtc_omap cppi41 watchdog wkup_m3_rproc leds_gpio cpufreq_dt led_class ip_tables x_tables autofs4
[   68.533478] CPU: 0 UID: 0 PID: 635 Comm: cat Tainted: G           O        6.16.0-rc2-next-20250616 #1 NONE 
[   68.543366] Tainted: [O]=OOT_MODULE
[   68.546871] Hardware name: Generic AM33XX (Flattened Device Tree)
[   68.552993] PC is at __spi_pump_transfer_message+0xc8/0x5b8
[   68.558626] LR is at 0xc3328b80
[   68.561785] pc : [<c088d908>]    lr : [<c3328b80>]    psr: a0070013
[   68.568082] sp : e0481d10  ip : 00000000  fp : 7ffff000
[   68.573331] r10: 00000002  r9 : c31aeb84  r8 : c31aebc0
[   68.578581] r7 : e0481d94  r6 : 00000000  r5 : c3328800  r4 : c1220ae0
[   68.585139] r3 : c0891868  r2 : 6e756f73  r1 : c3564a10  r0 : 00000000
[   68.591699] Flags: NzCv  IRQs on  FIQs on  Mode SVC_32  ISA ARM  Segment none
[   68.598873] Control: 10c5387d  Table: 8322c019  DAC: 00000051
[   68.604645] Register r0 information: NULL pointer
[   68.609384] Register r1 information: slab kmalloc-256 start c3564a00 pointer offset 16 size 256
[   68.618157] Register r2 information: non-paged memory
[   68.623238] Register r3 information: non-slab/vmalloc memory
[   68.628931] Register r4 information: non-slab/vmalloc memory
[   68.634622] Register r5 information: slab kmalloc-1k start c3328800 pointer offset 0 size 1024
[   68.643301] Register r6 information: NULL pointer
[   68.648033] Register r7 information: 2-page vmalloc region starting at 0xe0480000 allocated at kernel_clone+0x90/0x39c
[   68.658813] Register r8 information: slab kmalloc-1k start c31ae800 pointer offset 960 size 1024
[   68.667669] Register r9 information: slab kmalloc-1k start c31ae800 pointer offset 900 size 1024
[   68.676522] Register r10 information: non-paged memory
[   68.681689] Register r11 information: non-paged memory
[   68.686856] Register r12 information: NULL pointer
[   68.691674] Process cat (pid: 635, stack limit = 0xe465b6fb)
[   68.697370] Stack: (0xe0481d10 to 0xe0482000)
[   68.701751] 1d00:                                     e0481d3c d2e4c7f2 c3328800 e0481d94
[   68.709972] 1d20: c3328800 c3328800 e0481d94 00000000 c3328a10 c31aebc0 c31aeb84 00000002
[   68.718192] 1d40: 7ffff000 c088e060 00000000 00000000 e0481d50 e0481d50 00000000 d2e4c7f2
[   68.726411] 1d60: c36f8500 c359e400 e0481d94 c359e400 c31aeb80 c31aebc0 c31aeb84 c088e1d8
[   68.734632] 1d80: e0481dec e0481d94 c359e400 bf418178 b6c66fff e0481e44 e0481e44 c359e400
[   68.742851] 1da0: 00010100 ffffff8d 00000000 00000000 00000002 00000000 00000000 00000000
[   68.751070] 1dc0: 00000000 00000000 00000000 e0481dcc e0481dcc d2e4c7f2 c359e400 e0481e7c
[   68.759290] 1de0: 00000000 bf418290 00000000 00000000 c31aebc0 00000002 00000000 00000000
[   68.767509] 1e00: 00000000 00000000 00000000 00000000 00000000 00000000 00000000 08000080
[   68.775728] 1e20: 00000000 00000000 00000000 003d0900 00000000 00000000 00000000 00000000
[   68.783948] 1e40: 00000000 e0481d94 e0481d94 d2e4c7f2 bf4181a0 c29e4000 e0481e7c c29e4000
[   68.792167] 1e60: c31ae808 c35856f8 00000001 bf4016b4 00000000 00000001 00000002 00000000
[   68.800387] 1e80: c2a053b0 c11663a4 00000000 d2e4c7f2 c35856e0 c60a0880 c36eb200 c07b828c
[   68.808607] 1ea0: c35856e0 c0c71b5c c36eb200 c03facf0 c35856e0 00000001 e0481f28 e0481f10
[   68.816826] 1ec0: 00000000 c037fc54 00000000 c3585708 b6c45000 00000000 8795d34f c03f94b0
[   68.825046] 1ee0: 00000000 e0481f80 c368a3f0 b6c46000 00000001 c0c220c8 00000000 c034b040
[   68.833265] 1f00: c322edb0 c322edb0 00000000 00000000 00000000 00000000 b6c46000 00020000
[   68.841484] 1f20: 00000001 00000000 c368a3f0 00000000 00000000 00000000 00000000 00000000
[   68.849703] 1f40: 00000000 00000000 00000000 00000000 00000022 d2e4c7f2 000b6c45 c368a3f0
[   68.857922] 1f60: c368a3f0 00000000 00000000 c01002ec c3672900 00000003 00000000 c034b988
[   68.866142] 1f80: 00000000 00000000 00000000 d2e4c7f2 000000c0 00020000 7fffe000 004161f0
[   68.874361] 1fa0: 00000003 c0100080 00020000 7fffe000 00000003 b6c46000 00020000 b6c46000
[   68.882580] 1fc0: 00020000 7fffe000 004161f0 00000003 00000003 00000000 00020000 00000000
[   68.890799] 1fe0: 00000000 bed99b0c 004036d5 b6e8bac6 00070030 00000003 00000000 00000000
[   68.899014] Call trace: 
[   68.899032]  __spi_pump_transfer_message from __spi_sync+0x268/0x3bc
[   68.907972]  __spi_sync from spi_sync+0x24/0x3c
[   68.912538]  spi_sync from spi_sync_transfer.constprop.0+0x6c/0x94 [ti_adc128s052]
[   68.920202]  spi_sync_transfer.constprop.0 [ti_adc128s052] from adc128_read_raw+0xf0/0x140 [ti_adc128s052]
[   68.929914]  adc128_read_raw [ti_adc128s052] from iio_read_channel_info+0xe8/0x10c [industrialio]
[   68.938904]  iio_read_channel_info [industrialio] from dev_attr_show+0x18/0x48
[   68.946206]  dev_attr_show from sysfs_kf_seq_show+0x8c/0x11c
[   68.951912]  sysfs_kf_seq_show from seq_read_iter+0xd8/0x4e0
[   68.957612]  seq_read_iter from vfs_read+0x20c/0x2c0
[   68.962619]  vfs_read from ksys_read+0x60/0xe4
[   68.967096]  ksys_read from ret_fast_syscall+0x0/0x58
[   68.972182] Exception stack(0xe0481fa8 to 0xe0481ff0)
[   68.977263] 1fa0:                   00020000 7fffe000 00000003 b6c46000 00020000 b6c46000
[   68.985483] 1fc0: 00020000 7fffe000 004161f0 00000003 00000003 00000000 00020000 00000000
[   68.993700] 1fe0: 00000000 bed99b0c 004036d5 b6e8bac6
[   68.998782] Code: e3520000 0a00008b e5922000 e3510000 (e592b048) 
[   69.005389] ---[ end trace 0000000000000000 ]---

Message from syslogd@arm at Jan  1 00:00:54 ...
 kernel:[   68.447883] Internal error: Oops: 5 [#1] SMP ARM

Message from syslogd@arm at Jan  1 00:00:54 ...
 kernel:[   68.691674] Process cat (pid: 635, stack limit = 0xe465b6fb)

Message from syslogd@arm at Jan  1 00:00:54 ...
 kernel:[   68.697370] Stack: (0xe0481d10 to 0xe0482000)

Message from syslogd@arm at Jan  1 00:00:54 ...
 kernel:[   68.701751] 1d00:                                     e0481d3c d2e4c7f2 c3328800 e0481d94

Message from syslogd@arm at Jan  1 00:00:54 ...
 kernel:[   68.709972] 1d20: c3328800 c3328800 e0481d94 00000000 c3328a10 c31aebc0 c31aeb84 00000002

Message from syslogd@arm at Jan  1 00:00:54 ...
 kernel:[   68.718192] 1d40: 7ffff000 c088e060 00000000 00000000 e0481d50 e0481d50 00000000 d2e4c7f2

Message from syslogd@arm at Jan  1 00:00:54 ...
 kernel:[   68.726411] 1d60: c36f8500 c359e400 e0481d94 c359e400 c31aeb80 c31aebc0 c31aeb84 c088e1d8

Message from syslogd@arm at Jan  1 00:00:54 ...
 kernel:[   68.734632] 1d80: e0481dec e0481d94 c359e400 bf418178 b6c66fff e0481e44 e0481e44 c359e400

Message from syslogd@arm at Jan  1 00:00:54 ...
 kernel:[   68.742851] 1da0: 00010100 ffffff8d 00000000 00000000 00000002 00000000 00000000 00000000

Message from syslogd@arm at Jan  1 00:00:54 ...
 kernel:[   68.751070] 1dc0: 00000000 00000000 00000000 e0481dcc e0481dcc d2e4c7f2 c359e400 e0481e7c

Message from syslogd@arm at Jan  1 00:00:54 ...
 kernel:[   68.759290] 1de0: 00000000 bf418290 00000000 00000000 c31aebc0 00000002 00000000 00000000

Message from syslogd@arm at Jan  1 00:00:54 ...
 kernel:[   68.767509] 1e00: 00000000 00000000 00000000 00000000 00000000 00000000 00000000 08000080

Message from syslogd@arm at Jan  1 00:00:54 ...
 kernel:[   68.775728] 1e20: 00000000 00000000 00000000 003d0900 00000000 00000000 00000000 00000000

Message from syslogd@arm at Jan  1 00:00:54 ...
 kernel:[   68.783948] 1e40: 00000000 e0481d94 e0481d94 d2e4c7f2 bf4181a0 c29e4000 e0481e7c c29e4000

Message from syslogd@arm at Jan  1 00:00:54 ...
 kernel:[   68.792167] 1e60: c31ae808 c35856f8 00000001 bf4016b4 00000000 00000001 00000002 00000000

Message from syslogd@arm at Jan  1 00:00:54 ...
 kernel:[   68.800387] 1e80: c2a053b0 c11663a4 00000000 d2e4c7f2 c35856e0 c60a0880 c36eb200 c07b828c

Message from syslogd@arm at Jan  1 00:00:54 ...
 kernel:[   68.808607] 1ea0: c35856e0 c0c71b5c c36eb200 c03facf0 c35856e0 00000001 e0481f28 e0481f10

Message from syslogd@arm at Jan  1 00:00:54 ...
 kernel:[   68.816826] 1ec0: 00000000 c037fc54 00000000 c3585708 b6c45000 00000000 8795d34f c03f94b0

Message from syslogd@arm at Jan  1 00:00:54 ...
 kernel:[   68.825046] 1ee0: 00000000 e0481f80 c368a3f0 b6c46000 00000001 c0c220c8 00000000 c034b040

Message from syslogd@arm at Jan  1 00:00:54 ...
 kernel:[   68.833265] 1f00: c322edb0 c322edb0 00000000 00000000 00000000 00000000 b6c46000 00020000

Message from syslogd@arm at Jan  1 00:00:54 ...
 kernel:[   68.841484] 1f20: 00000001 00000000 c368a3f0 00000000 00000000 00000000 00000000 00000000

Message from syslogd@arm at Jan  1 00:00:54 ...
 kernel:[   68.849703] 1f40: 00000000 00000000 00000000 00000000 00000022 d2e4c7f2 000b6c45 c368a3f0

Message from syslogd@arm at Jan  1 00:00:54 ...
 kernel:[   68.857922] 1f60: c368a3f0 00000000 00000000 c01002ec c3672900 00000003 00000000 c034b988

Message from syslogd@arm at Jan  1 00:00:54 ...
 kernel:[   68.866142] 1f80: 00000000 00000000 00000000 d2e4c7f2 000000c0 00020000 7fffe000 004161f0

Message from syslogd@arm at Jan  1 00:00:54 ...
 kernel:[   68.874361] 1fa0: 00000003 c0100080 00020000 7fffe000 00000003 b6c46000 00020000 b6c46000

Message from syslogd@arm at Jan  1 00:00:54 ...
 kernel:[   68.882580] 1fc0: 00020000 7fffe000 004161f0 00000003 00000003 00000000 00020000 00000000

Message from syslogd@arm at Jan  1 00:00:54 ...
 kernel:[   68.890799] 1fe0: 00000000 bed99b0c 004036d5 b6e8bac6 00070030 00000003 00000000 00000000

Message from syslogd@arm at Jan
Message from syslogd@arm at Jan  1 00:00:54 ...
 kernel:[ /./read_adc10x.sh: line 3:   635 Segmentation fault      cat $1in_voltage$2_raw
