Labgrid Console Logfile for main
Logfile started at 2025-07-11 18:18:11.812444
=== Log starts here ===
reading args
spl_load_image_fat_os: error reading image args, err - -1
reading u-boot.img
reading u-boot.img


U-Boot 2014.04-00014-g47880f5 (Apr 22 2014 - 13:23:54)

I2C:   ready
DRAM:  512 MiB
NAND:  0 MiB
MMC:   OMAP SD/MMC: 0, OMAP SD/MMC: 1
*** Warning - readenv() failed, using default environment

Net:   <ethaddr> not set. Validating first E-fuse MAC
cpsw, usb_ether
Hit any key to stop autoboot:  1  0 
gpio: pin 53 (gpio 53) value is 1
mmc0 is current device
gpio: pin 54 (gpio 54) value is 1
SD/MMC found on device 0
reading uEnv.txt
569 bytes read in 3 ms (184.6 KiB/s)
gpio: pin 55 (gpio 55) value is 1
Loaded environment from uEnv.txt
Importing environment from mmc ...
Checking if uenvcmd is set ...
gpio: pin 56 (gpio 56) value is 1
Running uenvcmd ...
cpsw Waiting for PHY auto negotiation to complete. done
link up on port 0, speed 100, full duplex
Using cpsw device
TFTP from server 192.168.255.126; our IP address is 192.168.255.1
Filename 'zImage'.
Load address: 0x81000000
Loading: *#################################################################
	 #################################################################
	 #################################################################
	 #################################################################
	 #################################################################
	 ####################################################
	 2.4 MiB/s
done
Bytes transferred = 5524824 (544d58 hex)
link up on port 0, speed 100, full duplex
Using cpsw device
TFTP from server 192.168.255.126; our IP address is 192.168.255.1
Filename 'am335x-boneblack.dtb'.
Load address: 0x82000000
Loading: *#######
	 2.4 MiB/s
done
Bytes transferred = 98336 (18020 hex)
Kernel image @ 0x81000000 [ 0x000000 - 0x544d58 ]
## Flattened Device Tree blob at 82000000
   Booting using the fdt blob at 0x82000000
   Using Device Tree in place at 82000000, end 8201b01f

Starting kernel ...

[    0.000000] Booting Linux on physical CPU 0x0
[    0.000000] Linux version 6.12.37 (user01@drvtest01) (arm-none-eabi-gcc (Arm GNU Toolchain 14.2.Rel1 (Build arm-14.52)) 14.2.1 20241119, GNU ld (Arm GNU Toolchain 14.2.Rel1 (Build arm-14.52)) 2.43.1.20241119) #1 SMP Fri Jul 11 18:15:05 EEST 2025
[    0.000000] CPU: ARMv7 Processor [413fc082] revision 2 (ARMv7), cr=10c5387d
[    0.000000] CPU: PIPT / VIPT nonaliasing data cache, VIPT aliasing instruction cache
[    0.000000] OF: fdt: Machine model: TI AM335x BeagleBone Black
[    0.000000] Memory policy: Data cache writeback
[    0.000000] cma: Reserved 16 MiB at 0x9e800000 on node -1
[    0.000000] Zone ranges:
[    0.000000]   Normal   [mem 0x0000000080000000-0x000000009fdfffff]
[    0.000000]   HighMem  empty
[    0.000000] Movable zone start for each node
[    0.000000] Early memory node ranges
[    0.000000]   node   0: [mem 0x0000000080000000-0x000000009fdfffff]
[    0.000000] Initmem setup node 0 [mem 0x0000000080000000-0x000000009fdfffff]
[    0.000000] OF: reserved mem: Reserved memory: No reserved-memory node in the DT
[    0.000000] CPU: All CPU(s) started in SVC mode.
[    0.000000] AM335X ES2.1 (sgx neon)
[    0.000000] percpu: Embedded 17 pages/cpu s40396 r8192 d21044 u69632
[    0.000000] Kernel command line: console=ttyO0,115200n8 root=/dev/nfs rw nfsroot=192.168.255.126:/home/user01/nfs,nfsvers=3 ip=192.168.255.1:192.168.255.126::255.255.255.0:bbb1:eth0 nfsrootdebug
[    0.000000] Unknown kernel command line parameters "nfsrootdebug", will be passed to user space.
[    0.000000] Dentry cache hash table entries: 65536 (order: 6, 262144 bytes, linear)
[    0.000000] Inode-cache hash table entries: 32768 (order: 5, 131072 bytes, linear)
[    0.000000] Built 1 zonelists, mobility grouping on.  Total pages: 130560
[    0.000000] mem auto-init: stack:off, heap alloc:off, heap free:off
[    0.000000] SLUB: HWalign=64, Order=0-3, MinObjects=0, CPUs=1, Nodes=1
[    0.000000] rcu: Hierarchical RCU implementation.
[    0.000000] rcu: 	RCU event tracing is enabled.
[    0.000000] rcu: 	RCU restricting CPUs from NR_CPUS=2 to nr_cpu_ids=1.
[    0.000000] rcu: RCU calculated value of scheduler-enlistment delay is 10 jiffies.
[    0.000000] rcu: Adjusting geometry for rcu_fanout_leaf=16, nr_cpu_ids=1
[    0.000000] NR_IRQS: 16, nr_irqs: 16, preallocated irqs: 16
[    0.000000] IRQ: Found an INTC at 0x(ptrval) (revision 5.0) with 128 interrupts
[    0.000000] rcu: srcu_init: Setting srcu_struct sizes based on contention.
[    0.000000] TI gptimer clocksource: always-on /ocp/interconnect@44c00000/segment@200000/target-module@31000
[    0.000003] sched_clock: 32 bits at 24MHz, resolution 41ns, wraps every 89478484971ns
[    0.000027] clocksource: dmtimer: mask: 0xffffffff max_cycles: 0xffffffff, max_idle_ns: 79635851949 ns
[    0.000492] TI gptimer clockevent: 24000000 Hz at /ocp/interconnect@48000000/segment@0/target-module@40000
[    0.002084] Console: colour dummy device 80x30
[    0.002149] WARNING: Your 'console=ttyO0' has been replaced by 'ttyS0'
[    0.002157] This ensures that you still see kernel messages. Please
[    0.002161] update your kernel commandline.
[    0.002203] Calibrating delay loop... 996.14 BogoMIPS (lpj=4980736)
[    0.090540] CPU: Testing write buffer coherency: ok
[    0.090655] CPU0: Spectre v2: using BPIALL workaround
[    0.090665] pid_max: default: 32768 minimum: 301
[    0.090794] LSM: initializing lsm=capability
[    0.090963] Mount-cache hash table entries: 1024 (order: 0, 4096 bytes, linear)
[    0.090985] Mountpoint-cache hash table entries: 1024 (order: 0, 4096 bytes, linear)
[    0.092540] CPU0: thread -1, cpu 0, socket -1, mpidr 0
[    0.094579] Setting up static identity map for 0x80100000 - 0x80100078
[    0.094888] rcu: Hierarchical SRCU implementation.
[    0.094898] rcu: 	Max phase no-delay instances is 1000.
[    0.096633] smp: Bringing up secondary CPUs ...
[    0.096687] smp: Brought up 1 node, 1 CPU
[    0.096701] SMP: Total of 1 processors activated (996.14 BogoMIPS).
[    0.096713] CPU: All CPU(s) started in SVC mode.
[    0.096897] Memory: 480868K/522240K available (11264K kernel code, 1211K rwdata, 2880K rodata, 1024K init, 295K bss, 23360K reserved, 16384K cma-reserved, 0K highmem)
[    0.097711] devtmpfs: initialized
[    0.114341] VFP support v0.3: implementor 41 architecture 3 part 30 variant c rev 3
[    0.114684] clocksource: jiffies: mask: 0xffffffff max_cycles: 0xffffffff, max_idle_ns: 19112604462750000 ns
[    0.114719] futex hash table entries: 256 (order: 2, 16384 bytes, linear)
[    0.116023] pinctrl core: initialized pinctrl subsystem
[    0.118133] NET: Registered PF_NETLINK/PF_ROUTE protocol family
[    0.121160] DMA: preallocated 256 KiB pool for atomic coherent allocations
[    0.122077] audit: initializing netlink subsys (disabled)
[    0.123430] thermal_sys: Registered thermal governor 'fair_share'
[    0.123446] thermal_sys: Registered thermal governor 'step_wise'
[    0.123455] thermal_sys: Registered thermal governor 'user_space'
[    0.123565] audit: type=2000 audit(0.120:1): state=initialized audit_enabled=0 res=1
[    0.123642] cpuidle: using governor menu
[    0.141265] /ocp/interconnect@44c00000/segment@200000/target-module@b000/i2c@0/tda19988@70: Fixed dependency cycle(s) with /ocp/interconnect@48000000/segment@300000/target-module@e000/lcdc@0
[    0.142385] /ocp/interconnect@48000000/segment@300000/target-module@e000/lcdc@0: Fixed dependency cycle(s) with /ocp/interconnect@44c00000/segment@200000/target-module@b000/i2c@0/tda19988@70
[    0.144562] No ATAGs?
[    0.144578] hw-breakpoint: debug architecture 0x4 unsupported.
[    0.147212] kprobes: kprobe jump-optimization is enabled. All kprobes are optimized if possible.
[    0.153867] iommu: Default domain type: Translated
[    0.153887] iommu: DMA domain TLB invalidation policy: strict mode
[    0.161345] SCSI subsystem initialized
[    0.162171] pps_core: LinuxPPS API ver. 1 registered
[    0.162182] pps_core: Software ver. 5.3.6 - Copyright 2005-2007 Rodolfo Giometti <giometti@linux.it>
[    0.162206] PTP clock support registered
[    0.170968] vgaarb: loaded
[    0.171321] clocksource: Switched to clocksource dmtimer
[    0.171970] VFS: Disk quotas dquot_6.6.0
[    0.172012] VFS: Dquot-cache hash table entries: 1024 (order 0, 4096 bytes)
[    0.196028] NET: Registered PF_INET protocol family
[    0.196361] IP idents hash table entries: 8192 (order: 4, 65536 bytes, linear)
[    0.197734] tcp_listen_portaddr_hash hash table entries: 512 (order: 0, 4096 bytes, linear)
[    0.197770] Table-perturb hash table entries: 65536 (order: 6, 262144 bytes, linear)
[    0.197787] TCP established hash table entries: 4096 (order: 2, 16384 bytes, linear)
[    0.197833] TCP bind hash table entries: 4096 (order: 4, 65536 bytes, linear)
[    0.197933] TCP: Hash tables configured (established 4096 bind 4096)
[    0.198055] UDP hash table entries: 256 (order: 1, 8192 bytes, linear)
[    0.198085] UDP-Lite hash table entries: 256 (order: 1, 8192 bytes, linear)
[    0.198253] NET: Registered PF_UNIX/PF_LOCAL protocol family
[    0.199516] RPC: Registered named UNIX socket transport module.
[    0.199535] RPC: Registered udp transport module.
[    0.199541] RPC: Registered tcp transport module.
[    0.199546] RPC: Registered tcp-with-tls transport module.
[    0.199550] RPC: Registered tcp NFSv4.1 backchannel transport module.
[    0.199573] PCI: CLS 0 bytes, default 64
[    0.200959] Initialise system trusted keyrings
[    0.211843] workingset: timestamp_bits=14 max_order=17 bucket_order=3
[    0.213114] NFS: Registering the id_resolver key type
[    0.213183] Key type id_resolver registered
[    0.213192] Key type id_legacy registered
[    0.213241] jffs2: version 2.2. (NAND) (SUMMARY)  Â© 2001-2006 Red Hat, Inc.
[    0.213649] Key type asymmetric registered
[    0.213665] Asymmetric key parser 'x509' registered
[    0.213730] io scheduler mq-deadline registered
[    0.213740] io scheduler kyber registered
[    0.213804] io scheduler bfq registered
[    0.215643] target-module@4b000000:target-module@140000:pmu@0:fck: device ID is greater than 24
[    0.221842] l3-aon-clkctrl:0000:0: failed to disable
[    0.222102] ledtrig-cpu: registered to indicate activity on CPUs
[    0.232115] Serial: 8250/16550 driver, 6 ports, IRQ sharing enabled
[    0.265648] brd: module loaded
[    0.284103] loop: module loaded
[    0.285034] mtdoops: mtd device (mtddev=name/number) must be supplied
[    0.288119] i2c_dev: i2c /dev entries driver
[    0.289076] cpuidle: enable-method property 'ti,am3352' found operations
[    0.289510] sdhci: Secure Digital Host Controller Interface driver
[    0.289520] sdhci: Copyright(c) Pierre Ossman
[    0.289698] sdhci-pltfm: SDHCI platform and OF driver helper
[    0.314554] hw perfevents: enabled with armv7_cortex_a8 PMU driver, 5 (8000000f) counters available
[    0.315087] Initializing XFRM netlink socket
[    0.315228] NET: Registered PF_INET6 protocol family
[    0.320858] l3-aon-clkctrl:0000:0: failed to disable
[    0.322520] Segment Routing with IPv6
[    0.322604] In-situ OAM (IOAM) with IPv6
[    0.322701] sit: IPv6, IPv4 and MPLS over IPv4 tunneling driver
[    0.323636] NET: Registered PF_PACKET protocol family
[    0.323664] NET: Registered PF_KEY protocol family
[    0.323786] Key type dns_resolver registered
[    0.324008] ThumbEE CPU extension supported.
[    0.324028] Registering SWP/SWPB emulation handler
[    0.324546] omap_voltage_late_init: Voltage driver support not added
[    0.325238] SmartReflex Class3 initialized
[    0.357018] Loading compiled-in X.509 certificates
[    0.396406] /ocp/interconnect@44c00000/segment@200000/target-module@b000/i2c@0/tda19988@70: Fixed dependency cycle(s) with /ocp/interconnect@48000000/segment@300000/target-module@e000/lcdc@0
[    0.402719] /ocp/interconnect@44c00000/segment@200000/target-module@b000/i2c@0/tda19988@70: Fixed dependency cycle(s) with /ocp/interconnect@48000000/segment@300000/target-module@e000/lcdc@0
[    0.432421] /ocp/interconnect@44c00000/segment@200000/target-module@b000/i2c@0/tda19988@70: Fixed dependency cycle(s) with /ocp/interconnect@48000000/segment@300000/target-module@e000/lcdc@0
[    0.433284] /ocp/interconnect@44c00000/segment@200000/target-module@b000/i2c@0/tda19988@70: Fixed dependency cycle(s) with /ocp/interconnect@48000000/segment@300000/target-module@e000/lcdc@0
[    0.436529] /ocp/interconnect@44c00000/segment@200000/target-module@10000/scm@0/pinmux@800: Fixed dependency cycle(s) with /ocp/interconnect@44c00000/segment@200000/target-module@10000/scm@0/pinmux@800/clkout2-pins
[    0.437108] pinctrl-single 44e10800.pinmux: 142 pins, size 568
[    0.442298] ti-sysc 44e31000.target-module: probe with driver ti-sysc failed with error -16
[    0.468333] /ocp/interconnect@48000000/segment@300000/target-module@e000/lcdc@0: Fixed dependency cycle(s) with /ocp/interconnect@44c00000/segment@200000/target-module@b000/i2c@0/tda19988@70
[    0.476120] ti-sysc 48040000.target-module: probe with driver ti-sysc failed with error -16
[    0.532893] OMAP GPIO hardware version 0.1
[    0.561620] omap_i2c 4819c000.i2c: bus 2 rev0.11 at 100 kHz
[    0.601924] 48000000.interconnect:segment@200000:target-module@0:mpu@0:fck: device ID is greater than 24
[    0.602826] /ocp/interconnect@48000000/segment@300000/target-module@e000/lcdc@0: Fixed dependency cycle(s) with /ocp/interconnect@44c00000/segment@200000/target-module@b000/i2c@0/tda19988@70
[    0.605451] /ocp/interconnect@48000000/segment@300000/target-module@e000/lcdc@0: Fixed dependency  cycle(s) with /ocp/interconnect@44c00000/segment@200000/target-module@b000/i2c@0/tda19988@70
[    0.606105] /ocp/interconnect@44c00000/segment@200000/target-module@b000/i2c@0/tda19988@70: Fixed dependency cycle(s) with /ocp/interconnect@48000000/segment@300000/target-module@e000/lcdc@0
[    0.606261] /ocp/interconnect@48000000/segment@300000/target-module@e000/lcdc@0: Fixed dependency cycle(s) with /ocp/interconnect@44c00000/segment@200000/target-module@b000/i2c@0/tda19988@70
[    0.617020] sdhci-omap  481d8000.mmc: supply pbias not found, using dummy regulator
[    0.617501] sdhci-omap 481d8000.mmc: supply vqmmc not found, using dummy regulator
[    0.680602] davinci_mdio 4a101000.mdio: davinci mdio revision 1.6, bus freq 1000000
[    0.804954] davinci_mdio 4a101000.mdio: phy[0]: device 4a101000.mdio:00, driver SMSC LAN8710/LAN8720
[    0.805713] cpsw-switch 4a100000.switch: initialized cpsw ale version 1.4
[    0.805734] cpsw-switch 4a100000.switch: ALE Table size 1024, Policers 0
[    0.806055] cpsw-switch 4a100000.switch: cpts: overflow check period 500 (jiffies)
[    0.806074] cpsw-switch 4a100000.switch: CPTS: ref_clk_freq:250000000 calc_mult:2147483648 calc_shift:29 error:0 nsec/sec
[    0.806181] cpsw-switch 4a100000.switch: Detected MACID = 6c:ec:eb:68:de:78
[    0.808007] cpsw-switch 4a100000.switch: initialized (regs 0x4a100000, pool size 256) hw_ver:0019010C 1.12 (0)
[    0.818673] debugfs: Directory '49000000.dma' with parent 'dmaengine' already present!
[    0.818713] edma 49000000.dma: TI EDMA DMA engine driver
[    0.884036] 44e09000.serial: ttyS0 at MMIO 0x44e09000 (irq = 34, base_baud = 3000000) is a 8250
[    0.884123] printk: legacy console [ttyS0] enabled
[    2.312285] tps65217-pmic: Failed to locate of_node [id: -1]
[    2.318355] tps65217-bl: Failed to locate of_node [id: -1]
[    2.329616] tps65217 0-0024: TPS65217 ID 0xe version 1.2
[    2.335727] /ocp/interconnect@48000000/segment@300000/target-module@e000/lcdc@0: Fixed dependency cycle(s) with /ocp/interconnect@44c00
[    5.762088] cpsw-switch 4a100000.switch eth0: Link is Up - 100Mbps/Full - flow control off
[    5.791341] IP-Config: Complete:
[    5.794615]      device=eth0, hwaddr=6c:ec:eb:68:de:78, ipaddr=192.168.255.1, mask=255.255.255.0, gw=255.255.255.255
[    5.805255]      host=bbb1, domain=, nis-domain=(none)
[    5.810423]      bootserver=192.168.255.126, rootserver=192.168.255.126, rootpath=
[    5.810838] clk: Disabling unused clocks
[    5.822701] PM: genpd: Disabling unused power domains
[    5.827820] KTAP version 1
[    5.830541] 1..0
[    5.855131] VFS: Mounted root (nfs filesystem) on device 0:17.
[    5.862001] devtmpfs: mounted
[    5.866413] Freeing unused kernel image (initmem) memory: 1024K
[    5.873186] Run /sbin/init as init process
[    6.568965] systemd[1]: System time before build time, advancing clock.
[    8.031345] random: crng init done
[    8.063876] systemd[1]: systemd 232 running in system mode. (+PAM +AUDIT +SELINUX +IMA +APPARMOR +SMACK +SYSVINIT +UTMP +LIBCRYPTSETUP +GCRYPT +GNUTLS +ACL +XZ +LZ4 +SECCOMP +BLKID +ELFUTILS +KMOD +IDN)
[    8.083060] systemd[1]: Detected architecture arm.

Welcome to [1mDebian GNU/Linux 9 (stretch)[0m!

[    8.114444] systemd[1]: Set hostname to <arm>.
[    9.190242] systemd[1]: Listening on udev Control Socket.
[[0;32m  OK  [0m] Listening on udev Control Socket.
[    9.211991] systemd[1]: Listening on udev Kernel Socket.
[[0;32m  OK  [0m] Listening on udev Kernel Socket.
[    9.242300] systemd[1]: Started Dispatch Password Requests to Console Directory Watch.
[[0;32m  OK  [0m] Started Dispatch Password Requests to Console Directory Watch.
[    9.271745] systemd[1]: Reached target Remote File Systems.
[[0;32m  OK  [0m] Reached target Remote File Systems.
[    9.302863] systemd[1]: Created slice System Slice.
[[0;32m  OK  [0m] Created slice System Slice.
[    9.332707] systemd[1]: Created slice system-serial\x2dgetty.slice.
[[0;32m  OK  [0m] Created slice system-serial\x2dgetty.slice.
[    9.391934] systemd[1]: Mounting POSIX Message Queue File System...
         Mounting POSIX Message Queue File System...
[[0;32m  OK  [0m] Listening on /dev/initctl Compatibility Named Pipe.
[[0;32m  OK  [0m] Created slice User and Session Slice.
[[0;32m  OK  [0m] Listening on Journal Socket.
         Starting Remount Root and Kernel File Systems...
         Starting Load Kernel Modules...
         Starting Create list of required stâ€¦ce nodes for the current kernel...
[[0;32m  OK  [0m] Listening on Syslog Socket.
[[0;32m  OK  [0m] Listening on Journal Socket (/dev/log).
[[0;32m  OK  [0m] Reached target Slices.
[[0;32m  OK  [0m] Created slice system-getty.slice.
[[0;32m  OK  [0m] Reached target Swap.
[[0;32m  OK  [0m] Started Forward Password Requests to Wall Directory Watch.
[[0;32m  OK  [0m] Reached target Paths.
[[0;32m  OK  [0m] Reached target Encrypted Volumes.
         Mounting Debug File System...
[[0;32m  OK  [0m] Listening on Journal Audit Socket.
         Starting Journal Service...
[[0;32m  OK  [0m] Set up automount Arbitrary Executabâ€¦rmats File System Automount Point.
[[0;32m  OK  [0m] Mounted POSIX Message Queue File System.
[[0;32m  OK  [0m] Mounted Debug File System.
[[0;32m  OK  [0m] Started Remount Root and Kernel File Systems.
[[0;32m  OK  [0m] Started Load Kernel Modules.
[[0;32m  OK  [0m] Started Create list of required staâ€¦vice nodes for the current kernel.
         Starting Create Static Device Nodes in /dev...
         Mounting Configuration File System...
         Starting Apply Kernel Variables...
         Starting Load/Save Random Seed...
         Starting udev Coldplug all Devices...
[[0;32m  OK  [0m] Mounted Configuration File System.
[[0;32m  OK  [0m] Started Apply Kernel Variables.
[[0;32m  OK  [0m] Started Load/Save Random Seed.
[[0;32m  OK  [0m] Started Create Static Device Nodes in /dev.
         Starting udev Kernel Device Manager...
[[0;32m  OK  [0m] Reached target Local File Systems (Pre).
[[0;32m  OK  [0m] Reached target Local File Systems.
         Starting Raise network interfaces...
[[0;32m  OK  [0m] Started Journal Service.
         Starting Flush Journal to Persistent Storage...
[   11.469933] systemd-journald[86]: Received request to flush runtime journal from PID 1
[[0;32m  OK  [0m] Started Flush Journal to Persistent Storage.
         Starting Create Volatile Files and Directories...
[[0;32m  OK  [0m] Started udev Kernel Device Manager.
[[0;32m  OK  [0m] Started Create Volatile Files and Directories.
         Starting Network Time Synchronization...
         Starting Update UTMP about System Boot/Shutdown...
[[0;32m  OK  [0m] Started Update UTMP about System Boot/Shutdown.
[[0;32m  OK  [0m] Started udev Coldplug all Devices.
[[0;32m  OK  [0m] Started Network Time Synchronization.
[[0;32m  OK  [0m] Reached target System Initialization.
[[0;32m  OK  [0m] Started Daily Cleanup of Temporary Directories.
[[0;32m  OK  [0m] Listening on D-Bus System Message Bus Socket.
[[0;32m  OK  [0m] Listening on Avahi mDNS/DNS-SD Stack Activation Socket.
[[0;32m  OK  [0m] Reached target Sockets.
[[0;32m  OK  [0m] Reached target Basic System.
[   14.615192] remoteproc remoteproc0: wkup_m3 is available
         Starting LSB: Load kernel modules needed to enable cpufreq scaling...
         Starting Generic Board Startup...
[   14.944154] omap_rtc 44e3e000.rtc: registered as rtc0
[   14.949333] omap_rtc 44e3e000.rtc: setting system clock to 2000-01-01T00:00:00 UTC (946684800)
         Starting Telephony service...
[   15.056296] omap_wdt: OMAP Watchdog Timer Rev 0x01: initial timeout 60 sec
[   15.078026] at24 2-0054: supply vcc not found, using dummy regulator
         Starting Cape Manager Service...
         Starting Avahi mDNS/DNS-SD Stack...
[   15.304513] at24 2-0055: supply vcc not found, using dummy regulator
         Starting LSB: Start busybox udhcpd at boot time...
[   15.429979] at24 2-0056: supply vcc not found, using dummy regulator
[   15.545282] at24 2-0057: supply vcc not found, using dummy regulator
[   15.563981] am335x-phy-driver 47401300.usb-phy: dummy supplies not allowed for exclusive requests (id=vbus)
[   15.735089] at24 0-0050: 32768 byte 24c256 EEPROM, writable, 1 bytes/write
[[0;32m  OK  [0m] Started Regular background program processing daemon.
[   15.889483] am335x-phy-driver 47401b00.usb-phy: dummy supplies not allowed for exclusive requests (id=vbus)
         Starting System Logging Service...
[   15.907455] tps6521x_pwrbutton tps65217-pwrbutton: DMA mask not set
[[0;32m  OK  [0m] Started D-Bus System Message Bus.[   16.063119] input: tps65217_pwrbutton as /devices/platform/ocp/44c00000.interconnect/44c00000.interconnect:segment@200000/44e0b000.target-module/44e0b000.i2c/i2c-0/0-0024/tps65217-pwrbutton/input/input0

[   16.089448] wkup_m3_ipc 44e11324.wkup_m3_ipc: IPC Request for A8->M3 Channel failed! -517
[   16.115068] wkup_m3_ipc 44e11324.wkup_m3_ipc: IPC Request for A8->M3 Channel failed! -517
[   16.869827] usbcore: registered new interface driver usbfs
[   16.875655] usbcore: registered new interface driver hub
[   16.881097] usbcore: registered new device driver usb
[   17.225445] tda998x 0-0070: found TDA19988
[   17.379134] wkup_m3_ipc 44e11324.wkup_m3_ipc: IPC Request for A8->M3 Channel failed! -517
[   17.747380] wkup_m3_ipc 44e11324.wkup_m3_ipc: IPC Request for A8->M3 Channel failed! -517
[   17.874166] musb-hdrc musb-hdrc.1: MUSB HDRC host driver
[   17.879581] musb-hdrc musb-hdrc.1: new USB bus registered, assigned bus number 1
[   17.911122] omap-mailbox 480c8000.mailbox: omap mailbox rev 0x400
[   17.973901] remoteproc remoteproc0: powering up wkup_m3
[   18.150950] usb usb1: New USB device found, idVendor=1d6b, idProduct=0002, bcdDevice= 6.12
[   18.159558] usb usb1: New USB device strings: Mfr=3, Product=2, SerialNumber=1
[   18.167108] usb usb1: Product: MUSB HDRC host driver
[   18.172171] usb usb1: Manufacturer: Linux 6.12.37 musb-hcd
[   18.177688] usb usb1: SerialNumber: musb-hdrc.1
[   18.235012] remoteproc remoteproc0: Direct firmware load for am335x-pm-firmware.elf failed with error -2
[   18.244933] remoteproc remoteproc0: request_firmware failed: -2
[   18.250901] wkup_m3_ipc 44e11324.wkup_m3_ipc: rproc_boot failed
[   18.674495] hub 1-0:1.0: USB hub found
[   18.737996] hub 1-0:1.0: 1 port detected
[   20.038412] omap_rng 48310000.rng: Random Number Generator ver. 20
[   20.216614] tilcdc 4830e000.lcdc: bound 0-0070 (ops tda998x_audio_codec_init [tda998x])
[   20.333941] [drm] Initialized tilcdc 1.0.0 for 4830e000.lcdc on minor 0
[   20.421259] tilcdc 4830e000.lcdc: [drm] Cannot find any crtc or sizes
[   20.429973] tilcdc 4830e000.lcdc: [drm] Cannot find any crtc or sizes
[[0;32m  OK  [0m] Started Telephony service.
[[0;32m  OK  [0m] Started Avahi mDNS/DNS-SD Stack.
         Starting Connection service...
         Starting DUN service...
         Starting Login Service...
[[0;32m  OK  [0m] Reached target System Time Synchronized.
[[0;32m  OK  [0m] Started Daily apt download activities.
[[0;32m  OK  [0m] Started Daily apt upgrade and clean activities.
[[0;32m  OK  [0m] Reached target Timers.
[[0;32m  OK  [0m] Started System Logging Service.[   21.508346] omap-sham 53100000.sham: hw accel on OMAP rev 4.3

[   21.570093] PM: Cannot get wkup_m3_ipc handle
[[0;32m  OK  [0m] Started Cape Manager Service.
[   21.658540] omap-sham 53100000.sham: will run requests pump with realtime priority
[   21.669740] PM: Cannot get wkup_m3_ipc handle
[   21.895756] omap-aes 53500000.aes: OMAP AES hw accel rev: 3.2
[   22.041956] omap-aes 53500000.aes: will run requests pump with realtime priority
[   22.060919] PM: Cannot get wkup_m3_ipc handle
[[0;32m  OK  [0m] Found device /dev/ttyS0.
[   22.777622] Bluetooth: Core ver 2.22
[   22.781621] NET: Registered PF_BLUETOOTH protocol family
[   22.787181] Bluetooth: HCI device and connection manager initialized
[   22.793683] Bluetooth: HCI socket layer initialized
[   22.798597] Bluetooth: L2CAP socket layer initialized
[   22.803780] Bluetooth: SCO socket layer initialized
[   25.165868] PM: Cannot get wkup_m3_ipc handle
[   25.261659] PM: Cannot get wkup_m3_ipc handle
[[0;32m  OK  [0m] Started LSB: Start busybox udhcpd at boot time.
[[0;32m  OK  [0m] Started LSB: Load kernel modules needed to enable cpufreq scaling.
[[0;32m  OK  [0m] Started Raise network interfaces.
[   28.043649] configfs-gadget.g_multi gadget.0: HOST MAC 1c:ba:8c:a2:ed:6c
[   28.050424] configfs-gadget.g_multi gadget.0: MAC 1c:ba:8c:a2:ed:70
[   28.058012] configfs-gadget.g_multi gadget.0: HOST MAC 1c:ba:8c:a2:ed:6c
[   28.064883] configfs-gadget.g_multi gadget.0: MAC 1c:ba:8c:a2:ed:6d
[   28.078031] PM: Cannot get wkup_m3_ipc handle
[[0;32m  OK  [0m] Started DUN service.
[[0;32m  OK  [0m] Started Connection service.
[[0;32m  OK  [0m] Started Login Service.
[[0;32m  OK  [0m] Reached target Sound Card.
[[0;32m  OK  [0m] Reached target Network.
         Starting Permit User Sessions...
         Starting The Apache HTTP Server...
         Starting OpenBSD Secure Shell server...
[[0;32m  OK  [0m] Reached target Network is Online.
         Starting LSB: Advanced IEEE 802.11 management daemon...
         Starting LSB: set CPUFreq kernel parameters...
[[0;32m  OK  [0m] Started Permit User Sessions.
[[0;32m  OK  [0m] Started LSB: Advanced IEEE 802.11 management daemon.
         Starting Hostname Service...
         Starting WPA supplicant...
[[0;32m  OK  [0m] Started Getty on tty1.
[[0;32m  OK  [0m] Started Serial Getty on ttyS0.
[[0;32m  OK  [0m] Reached target Login Prompts.
[[0;32m  OK  [0m] Started LSB: set CPUFreq kernel parameters.
[[0;32m  OK  [0m] Started WPA supplicant.
[[0;32m  OK  [0m] Started Hostname Service.
         Stopping LSB: Start busybox udhcpd at boot time...
[[0;32m  OK  [0m] Started OpenBSD Secure Shell server.
[[0;32m  OK  [0m] Stopped LSB: Start busybox udhcpd at boot time.
[[0;32m  OK  [0m] Started The Apache HTTP Server.
         Starting dnsmasq - A lightweight DHCP and caching DNS server...
[[0;32m  OK  [0m] Started dnsmasq - A lightweight DHCP and caching DNS server.
[[0;32m  OK  [0m] Reached target Host and Network Name Lookups.
[[0;32m  OK  [0m] Started Serial Getty on ttyGS0.
[[0;32m  OK  [0m] Started Generic Board Startup.
[[0;32m  OK  [0m] Reached target Multi-User System.
[[0;32m  OK  [0m] Reached target Graphical Interface.
         Starting Update UTMP about System Runlevel Changes...
[[0;32m  OK  [0m] Started Update UTMP about System Runlevel Changes.

Debian GNU/Linux 9 arm ttyS0

default username:password is [debian:temppwd]

arm login: root
Password: 
Last login: Sat Jan  1 00:00:27 UTC 2000 on ttyS0
root
Linux arm 6.12.37 #1 SMP Fri Jul 11 18:15:05 EEST 2025 armv7l

The programs included with the Debian GNU/Linux system are free software;
the exact distribution terms for each program are described in the
individual files in /usr/share/doc/*/copyright.

Debian GNU/Linux comes with ABSOLUTELY NO WARRANTY, to the extent
permitted by applicable law.
root@arm:~# root
-bash: root: command not found
root@arm:~# dmesg -n 1
echo 'EYXM''WFZOAN'
root@arm:~# echo 'EYXM''WFZOAN'
EYXMWFZOAN
root@arm:~# run() { echo -n "$MARKER"; sh -c "$@"; echo "$MARKER $?"; }
root@arm:~# echo 'QUUQ''WCZETJ'
QUUQWCZETJ
root@arm:~# MARKER='NGVW''TVTSMM' run 'cat /proc/version'
NGVWTVTSMMLinux version 6.12.37 (user01@drvtest01) (arm-none-eabi-gcc (Arm GNU Toolchain 14.2.Rel1 (Build arm-14.52)) 14.2.1 20241119, GNU ld (Arm GNU Toolchain 14.2.Rel1 (Build arm-14.52)) 2.43.1.20241119) #1 SMP Fri Jul 11 18:15:05 EEST 2025
NGVWTVTSMM 0
root@arm:~# echo 'WMBL''QKYTEJ'
WMBLQKYTEJ
root@arm:~# MARKER='GNHS''NMJNKH' run false
GNHSNMJNKHGNHSNMJNKH 1
root@arm:~# Labgrid Console Logfile for main
Logfile started at 2025-07-11 18:19:10.391115
=== Log starts here ===

root@arm:~# run() { echo -n "$MARKER"; sh -c "$@"; echo "$MARKER $?"; }
root@arm:~# echo 'PPYJ''WVOULF'
PPYJWVOULF
root@arm:~# MARKER='MBBU''LOHWSX' run 'ls /iio_generic_buffer; echo $?'
MBBULOHWSX/iio_generic_buffer
0
MBBULOHWSX 0
root@arm:~# Labgrid Console Logfile for main
Logfile started at 2025-07-11 18:19:13.740741
=== Log starts here ===

root@arm:~# run() { echo -n "$MARKER"; sh -c "$@"; echo "$MARKER $?"; }
root@arm:~# echo 'CKHY''GPGHEF'
CKHYGPGHEF
root@arm:~# MARKER='BWSS''JWUGMC' run dmesg
BWSSJWUGMC[    0.000000] Booting Linux on physical CPU 0x0
[    0.000000] Linux version 6.12.37 (user01@drvtest01) (arm-none-eabi-gcc (Arm GNU Toolchain 14.2.Rel1 (Build arm-14.52)) 14.2.1 20241119, GNU ld (Arm GNU Toolchain 14.2.Rel1 (Build arm-14.52)) 2.43.1.20241119) #1 SMP Fri Jul 11 18:15:05 EEST 2025
[    0.000000] CPU: ARMv7 Processor [413fc082] revision 2 (ARMv7), cr=10c5387d
[    0.000000] CPU: PIPT / VIPT nonaliasing data cache, VIPT aliasing instruction cache
[    0.000000] OF: fdt: Machine model: TI AM335x BeagleBone Black
[    0.000000] Memory policy: Data cache writeback
[    0.000000] cma: Reserved 16 MiB at 0x9e800000 on node -1
[    0.000000] Zone ranges:
[    0.000000]   Normal   [mem 0x0000000080000000-0x000000009fdfffff]
[    0.000000]   HighMem  empty
[    0.000000] Movable zone start for each node
[    0.000000] Early memory node ranges
[    0.000000]   node   0: [mem 0x0000000080000000-0x000000009fdfffff]
[    0.000000] Initmem setup node 0 [mem 0x0000000080000000-0x000000009fdfffff]
[    0.000000] OF: reserved mem: Reserved memory: No reserved-memory node in the DT
[    0.000000] CPU: All CPU(s) started in SVC mode.
[    0.000000] AM335X ES2.1 (sgx neon)
[    0.000000] percpu: Embedded 17 pages/cpu s40396 r8192 d21044 u69632
[    0.000000] pcpu-alloc: s40396 r8192 d21044 u69632 alloc=17*4096
[    0.000000] pcpu-alloc: [0] 0 
[    0.000000] Kernel command line: console=ttyO0,115200n8 root=/dev/nfs rw nfsroot=192.168.255.126:/home/user01/nfs,nfsvers=3 ip=192.168.255.1:192.168.255.126::255.255.255.0:bbb1:eth0 nfsrootdebug
[    0.000000] Unknown kernel command line parameters "nfsrootdebug", will be passed to user space.
[    0.000000] Dentry cache hash table entries: 65536 (order: 6, 262144 bytes, linear)
[    0.000000] Inode-cache hash table entries: 32768 (order: 5, 131072 bytes, linear)
[    0.000000] Built 1 zonelists, mobility grouping on.  Total pages: 130560
[    0.000000] mem auto-init: stack:off, heap alloc:off, heap free:off
[    0.000000] SLUB: HWalign=64, Order=0-3, MinObjects=0, CPUs=1, Nodes=1
[    0.000000] rcu: Hierarchical RCU implementation.
[    0.000000] rcu: 	RCU event tracing is enabled.
[    0.000000] rcu: 	RCU restricting CPUs from NR_CPUS=2 to nr_cpu_ids=1.
[    0.000000] rcu: RCU calculated value of scheduler-enlistment delay is 10 jiffies.
[    0.000000] rcu: Adjusting geometry for rcu_fanout_leaf=16, nr_cpu_ids=1
[    0.000000] NR_IRQS: 16, nr_irqs: 16, preallocated irqs: 16
[    0.000000] IRQ: Found an INTC at 0x(ptrval) (revision 5.0) with 128 interrupts
[    0.000000] rcu: srcu_init: Setting srcu_struct sizes based on contention.
[    0.000000] TI gptimer clocksource: always-on /ocp/interconnect@44c00000/segment@200000/target-module@31000
[    0.000003] sched_clock: 32 bits at 24MHz, resolution 41ns, wraps every 89478484971ns
[    0.000027] clocksource: dmtimer: mask: 0xffffffff max_cycles: 0xffffffff, max_idle_ns: 79635851949 ns
[    0.000492] TI gptimer clockevent: 24000000 Hz at /ocp/interconnect@48000000/segment@0/target-module@40000
[    0.002084] Console: colour dummy device 80x30
[    0.002149] WARNING: Your 'console=ttyO0' has been replaced by 'ttyS0'
[    0.002157] This ensures that you still see kernel messages. Please
[    0.002161] update your kernel commandline.
[    0.002203] Calibrating delay loop... 996.14 BogoMIPS (lpj=4980736)
[    0.090540] CPU: Testing write buffer coherency: ok
[    0.090655] CPU0: Spectre v2: using BPIALL workaround
[    0.090665] pid_max: default: 32768 minimum: 301
[    0.090794] LSM: initializing lsm=capability
[    0.090963] Mount-cache hash table entries: 1024 (order: 0, 4096 bytes, linear)
[    0.090985] Mountpoint-cache hash table entries: 1024 (order: 0, 4096 bytes, linear)
[    0.092540] CPU0: thread -1, cpu 0, socket -1, mpidr 0
[    0.094579] Setting up static identity map for 0x80100000 - 0x80100078
[    0.094888] rcu: Hierarchical SRCU implementation.
[    0.094898] rcu: 	Max phase no-delay instances is 1000.
[    0.096633] smp: Bringing up secondary CPUs ...
[    0.096687] smp: Brought up 1 node, 1 CPU
[    0.096701] SMP: Total of 1 processors activated (996.14 BogoMIPS).
[    0.096713] CPU: All CPU(s) started in SVC mode.
[    0.096897] Memory: 480868K/522240K available (11264K kernel code, 1211K rwdata, 2880K rodata, 1024K init, 295K bss, 23360K reserved, 16384K cma-reserved, 0K highmem)
[    0.097711] devtmpfs: initialized
[    0.114341] VFP support v0.3: implementor 41 architecture 3 part 30 variant c rev 3
[    0.114684] clocksource: jiffies: mask: 0xffffffff max_cycles: 0xffffffff, max_idle_ns: 19112604462750000 ns
[    0.114719] futex hash table entries: 256 (order: 2, 16384 bytes, linear)
[    0.116023] pinctrl core: initialized pinctrl subsystem
[    0.118133] NET: Registered PF_NETLINK/PF_ROUTE protocol family
[    0.121160] DMA: preallocated 256 KiB pool for atomic coherent allocations
[    0.122077] audit: initializing netlink subsys (disabled)
[    0.123430] thermal_sys: Registered thermal governor 'fair_share'
[    0.123446] thermal_sys: Registered thermal governor 'step_wise'
[    0.123455] thermal_sys: Registered thermal governor 'user_space'
[    0.123565] audit: type=2000 audit(0.120:1): state=initialized audit_enabled=0 res=1
[    0.123642] cpuidle: using governor menu
[    0.141265] /ocp/interconnect@44c00000/segment@200000/target-module@b000/i2c@0/tda19988@70: Fixed dependency cycle(s) with /ocp/interconnect@48000000/segment@300000/target-module@e000/lcdc@0
[    0.142385] /ocp/interconnect@48000000/segment@300000/target-module@e000/lcdc@0: Fixed dependency cycle(s) with /ocp/interconnect@44c00000/segment@200000/target-module@b000/i2c@0/tda19988@70
[    0.144562] No ATAGs?
[    0.144578] hw-breakpoint: debug architecture 0x4 unsupported.
[    0.147212] kprobes: kprobe jump-optimization is enabled. All kprobes are optimized if possible.
[    0.153867] iommu: Default domain type: Translated
[    0.153887] iommu: DMA domain TLB invalidation policy: strict mode
[    0.155446] reg-fixed-voltage fixedregulator0: using DT '/fixedregulator0' for '(default)' GPIO lookup
[    0.155499] of_get_named_gpiod_flags: can't parse 'gpios' property of node '/fixedregulator0[0]'
[    0.155528] of_get_named_gpiod_flags: can't parse 'gpio' property of node '/fixedregulator0[0]'
[    0.155546] reg-fixed-voltage fixedregulator0: using lookup tables for GPIO lookup
[    0.155555] reg-fixed-voltage fixedregulator0: No GPIO consumer (default) found
[    0.161345] SCSI subsystem initialized
[    0.161816] libata version 3.00 loaded.
[    0.162171] pps_core: LinuxPPS API ver. 1 registered
[    0.162182] pps_core: Software ver. 5.3.6 - Copyright 2005-2007 Rodolfo Giometti <giometti@linux.it>
[    0.162206] PTP clock support registered
[    0.170968] vgaarb: loaded
[    0.171321] clocksource: Switched to clocksource dmtimer
[    0.171970] VFS: Disk quotas dquot_6.6.0
[    0.172012] VFS: Dquot-cache hash table entries: 1024 (order 0, 4096 bytes)
[    0.196028] NET: Registered PF_INET protocol family
[    0.196361] IP idents hash table entries: 8192 (order: 4, 65536 bytes, linear)
[    0.197734] tcp_listen_portaddr_hash hash table entries: 512 (order: 0, 4096 bytes, linear)
[    0.197770] Table-perturb hash table entries: 65536 (order: 6, 262144 bytes, linear)
[    0.197787] TCP established hash table entries: 4096 (order: 2, 16384 bytes, linear)
[    0.197833] TCP bind hash table entries: 4096 (order: 4, 65536 bytes, linear)
[    0.197933] TCP: Hash tables configured (established 4096 bind 4096)
[    0.198055] UDP hash table entries: 256 (order: 1, 8192 bytes, linear)
[    0.198085] UDP-Lite hash table entries: 256 (order: 1, 8192 bytes, linear)
[    0.198253] NET: Registered PF_UNIX/PF_LOCAL protocol family
[    0.199516] RPC: Registered named UNIX socket transport module.
[    0.199535] RPC: Registered udp transport module.
[    0.199541] RPC: Registered tcp transport module.
[    0.199546] RPC: Registered tcp-with-tls transport module.
[    0.199550] RPC: Registered tcp NFSv4.1 backchannel transport module.
[    0.199573] PCI: CLS 0 bytes, default 64
[    0.200959] Initialise system trusted keyrings
[    0.211843] workingset: timestamp_bits=14 max_order=17 bucket_order=3
[    0.213114] NFS: Registering the id_resolver key type
[    0.213183] Key type id_resolver registered
[    0.213192] Key type id_legacy registered
[    0.213241] jffs2: version 2.2. (NAND) (SUMMARY)  Â© 2001-2006 Red Hat, Inc.
[    0.213649] Key type asymmetric registered
[    0.213665] Asymmetric key parser 'x509' registered
[    0.213730] io scheduler mq-deadline registered
[    0.213740] io scheduler kyber registered
[    0.213804] io scheduler bfq registered
[    0.215643] target-module@4b000000:target-module@140000:pmu@0:fck: device ID is greater than 24
[    0.221842] l3-aon-clkctrl:0000:0: failed to disable
[    0.222102] ledtrig-cpu: registered to indicate activity on CPUs
[    0.232115] Serial: 8250/16550 driver, 6 ports, IRQ sharing enabled
[    0.265648] brd: module loaded
[    0.284103] loop: module loaded
[    0.285034] mtdoops: mtd device (mtddev=name/number) must be supplied
[    0.286731] mdio_bus fixed-0: using lookup tables for GPIO lookup
[    0.286755] mdio_bus fixed-0: No GPIO consumer reset found
[    0.288119] i2c_dev: i2c /dev entries driver
[    0.289076] cpuidle: enable-method property 'ti,am3352' found operations
[    0.289510] sdhci: Secure Digital Host Controller Interface driver
[    0.289520] sdhci: Copyright(c) Pierre Ossman
[    0.289698] sdhci-pltfm: SDHCI platform and OF driver helper
[    0.314554] hw perfevents: enabled with armv7_cortex_a8 PMU driver, 5 (8000000f) counters available
[    0.315087] Initializing XFRM netlink socket
[    0.315228] NET: Registered PF_INET6 protocol family
[    0.320858] l3-aon-clkctrl:0000:0: failed to disable
[    0.322520] Segment Routing with IPv6
[    0.322604] In-situ OAM (IOAM) with IPv6
[    0.322701] sit: IPv6, IPv4 and MPLS over IPv4 tunneling driver
[    0.323636] NET: Registered PF_PACKET protocol family
[    0.323664] NET: Registered PF_KEY protocol family
[    0.323786] Key type dns_resolver registered
[    0.324008] ThumbEE CPU extension supported.
[    0.324028] Registering SWP/SWPB emulation handler
[    0.324546] omap_voltage_late_init: Voltage driver support not added
[    0.325238] SmartReflex Class3 initialized
[    0.357018] Loading compiled-in X.509 certificates
[    0.396406] /ocp/interconnect@44c00000/segment@200000/target-module@b000/i2c@0/tda19988@70: Fixed dependency cycle(s) with /ocp/interconnect@48000000/segment@300000/target-module@e000/lcdc@0
[    0.402719] /ocp/interconnect@44c00000/segment@200000/target-module@b000/i2c@0/tda19988@70: Fixed dependency cycle(s) with /ocp/interconnect@48000000/segment@300000/target-module@e000/lcdc@0
[    0.408072] gpiochip_find_base_unlocked: found new base at 512
[    0.432421] /ocp/interconnect@44c00000/segment@200000/target-module@b000/i2c@0/tda19988@70: Fixed dependency cycle(s) with /ocp/interconnect@48000000/segment@300000/target-module@e000/lcdc@0
[    0.433284] /ocp/interconnect@44c00000/segment@200000/target-module@b000/i2c@0/tda19988@70: Fixed dependency cycle(s) with /ocp/interconnect@48000000/segment@300000/target-module@e000/lcdc@0
[    0.436529] /ocp/interconnect@44c00000/segment@200000/target-module@10000/scm@0/pinmux@800: Fixed dependency cycle(s) with /ocp/interconnect@44c00000/segment@200000/target-module@10000/scm@0/pinmux@800/clkout2-pins
[    0.437108] pinctrl-single 44e10800.pinmux: 142 pins, size 568
[    0.442298] ti-sysc 44e31000.target-module: probe with driver ti-sysc failed with error -16
[    0.468333] /ocp/interconnect@48000000/segment@300000/target-module@e000/lcdc@0: Fixed dependency cycle(s) with /ocp/interconnect@44c00000/segment@200000/target-module@b000/i2c@0/tda19988@70
[    0.476120] ti-sysc 48040000.target-module: probe with driver ti-sysc failed with error -16
[    0.486963] gpiochip_find_base_unlocked: found new base at 512
[    0.487061] gpio gpiochip0: (gpio-0-31): created GPIO range 0->7 ==> 44e10800.pinmux PIN 0->7
[    0.487081] gpio gpiochip0: (gpio-0-31): created GPIO range 8->11 ==> 44e10800.pinmux PIN 90->93
[    0.487096] gpio gpiochip0: (gpio-0-31): created GPIO range 12->27 ==> 44e10800.pinmux PIN 12->27
[    0.487111] gpio gpiochip0: (gpio-0-31): created GPIO range 28->31 ==> 44e10800.pinmux PIN 30->33
[    0.532645] gpio gpiochip0: (gpio-0-31): added GPIO chardev (254:0)
[    0.532808] gpio gpiochip0: registered GPIOs 512 to 543 on gpio-0-31
[    0.532893] OMAP GPIO hardware version 0.1
[    0.560395] i2c i2c-2: using DT '/ocp/interconnect@48000000/segment@100000/target-module@9c000/i2c@0' for 'scl' GPIO lookup
[    0.560465] of_get_named_gpiod_flags: can't parse 'scl-gpios' property of node '/ocp/interconnect@48000000/segment@100000/target-module@9c000/i2c@0[0]'
[    0.560507] of_get_named_gpiod_flags: can't parse 'scl-gpio' property of node '/ocp/interconnect@48000000/segment@100000/target-module@9c000/i2c@0[0]'
[    0.560541] i2c i2c-2: using lookup tables for GPIO lookup
[    0.560551] i2c i2c-2: No GPIO consumer scl found
[    0.560573] i2c i2c-2: using DT '/ocp/interconnect@48000000/segment@100000/target-module@9c000/i2c@0' for 'sda' GPIO lookup
[    0.560609] of_get_named_gpiod_flags: can't parse 'sda-gpios' property of node '/ocp/interconnect@48000000/segment@100000/target-module@9c000/i2c@0[0]'
[    0.560646] of_get_named_gpiod_flags: can't parse 'sda-gpio' property of node '/ocp/interconnect@48000000/segment@100000/target-module@9c000/i2c@0[0]'
[    0.560677] i2c i2c-2: using lookup tables for GPIO lookup
[    0.560684] i2c i2c-2: No GPIO consumer sda found
[    0.561620] omap_i2c 4819c000.i2c: bus 2 rev0.11 at 100 kHz
[    0.566769] gpiochip_find_base_unlocked: found new base at 544
[    0.566867] gpio gpiochip1: (gpio-32-63): created GPIO range 0->17 ==> 44e10800.pinmux PIN 34->51
[    0.566888] gpio gpiochip1: (gpio-32-63): created GPIO range 18->21 ==> 44e10800.pinmux PIN 77->80
[    0.566903] gpio gpiochip1: (gpio-32-63): created GPIO range 22->31 ==> 44e10800.pinmux PIN 56->65
[    0.585949] gpio gpiochip1: (gpio-32-63): added GPIO chardev (254:1)
[    0.586131] gpio gpiochip1: registered GPIOs 544 to 575 on gpio-32-63
[    0.588353] gpiochip_find_base_unlocked: found new base at 576
[    0.588450] gpio gpiochip2: (gpio-64-95): created GPIO range 0->4 ==> 44e10800.pinmux PIN 66->70
[    0.588470] gpio gpiochip2: (gpio-64-95): created GPIO range 5->6 ==> 44e10800.pinmux PIN 98->99
[    0.588485] gpio gpiochip2: (gpio-64-95): created GPIO range 7->8 ==> 44e10800.pinmux PIN 75->76
[    0.588500] gpio gpiochip2: (gpio-64-95): created GPIO range 13->13 ==> 44e10800.pinmux PIN 141->141
[    0.588515] gpio gpiochip2: (gpio-64-95): created GPIO range 14->21 ==> 44e10800.pinmux PIN 100->107
[    0.596268] gpio gpiochip2: (gpio-64-95): added GPIO chardev (254:2)
[    0.596406] gpio gpiochip2: registered GPIOs 576 to 607 on gpio-64-95
[    0.601924] 48000000.interconnect:segment@200000:target-module@0:mpu@0:fck: device ID is greater than 24
[    0.602826] /ocp/interconnect@48000000/segment@300000/target-module@e000/lcdc@0: Fixed dependency cycle(s) with /ocp/interconnect@44c00000/segment@200000/target-module@b000/i2c@0/tda19988@70
[    0.605451] /ocp/interconnect@48000000/segment@300000/target-module@e000/lcdc@0: Fixed dependency cycle(s) with /ocp/interconnect@44c00000/segment@200000/target-module@b000/i2c@0/tda19988@70
[    0.606105] /ocp/interconnect@44c00000/segment@200000/target-module@b000/i2c@0/tda19988@70: Fixed dependency cycle(s) with /ocp/interconnect@48000000/segment@300000/target-module@e000/lcdc@0
[    0.606261] /ocp/interconnect@48000000/segment@300000/target-module@e000/lcdc@0: Fixed dependency cycle(s) with /ocp/interconnect@44c00000/segment@200000/target-module@b000/i2c@0/tda19988@70
[    0.615576] mdio_bus 4a101000.mdio: using DT '/ocp/interconnect@4a000000/segment@0/target-module@100000/switch@0/mdio@1000' for 'reset' GPIO lookup
[    0.615659] of_get_named_gpiod_flags: can't parse 'reset-gpios' property of node '/ocp/interconnect@4a000000/segment@0/target-module@100000/switch@0/mdio@1000[0]'
[    0.615706] of_get_named_gpiod_flags: can't parse 'reset-gpio' property of node '/ocp/interconnect@4a000000/segment@0/target-module@100000/switch@0/mdio@1000[0]'
[    0.615754] mdio_bus 4a101000.mdio: using lookup tables for GPIO lookup
[    0.615763] mdio_bus 4a101000.mdio: No GPIO consumer reset found
[    0.616681] sdhci-omap 481d8000.mmc: using DT '/ocp/interconnect@48000000/segment@100000/target-module@d8000/mmc@0' for 'wp' GPIO lookup
[    0.616738] of_get_named_gpiod_flags: can't parse 'wp-gpios' property of node '/ocp/interconnect@48000000/segment@100000/target-module@d8000/mmc@0[0]'
[    0.616780] of_get_named_gpiod_flags: can't parse 'wp-gpio' property of node '/ocp/interconnect@48000000/segment@100000/target-module@d8000/mmc@0[0]'
[    0.616814] sdhci-omap 481d8000.mmc: using lookup tables for GPIO lookup
[    0.616823] sdhci-omap 481d8000.mmc: No GPIO consumer wp found
[    0.617020] sdhci-omap 481d8000.mmc: supply pbias not found, using dummy regulator
[    0.617501] sdhci-omap 481d8000.mmc: supply vqmmc not found, using dummy regulator
[    0.680602] davinci_mdio 4a101000.mdio: davinci mdio revision 1.6, bus freq 1000000
[    0.702323] mdio_bus 4a101000.mdio:00: using DT '/ocp/interconnect@4a000000/segment@0/target-module@100000/switch@0/mdio@1000/ethernet-phy@0' for 'reset' GPIO lookup
[    0.702423] of_get_named_gpiod_flags: parsed 'reset-gpios' property of node '/ocp/interconnect@4a000000/segment@0/target-module@100000/switch@0/mdio@1000/ethernet-phy@0[0]' - status (0)
[    0.702588] gpio gpiochip0: Persistence not supported for GPIO 8
[    0.804954] davinci_mdio 4a101000.mdio: phy[0]: device 4a101000.mdio:00, driver SMSC LAN8710/LAN8720
[    0.805713] cpsw-switch 4a100000.switch: initialized cpsw ale version 1.4
[    0.805734] cpsw-switch 4a100000.switch: ALE Table size 1024, Policers 0
[    0.806055] cpsw-switch 4a100000.switch: cpts: overflow check period 500 (jiffies)
[    0.806074] cpsw-switch 4a100000.switch: CPTS: ref_clk_freq:250000000 calc_mult:2147483648 calc_shift:29 error:0 nsec/sec
[    0.806181] cpsw-switch 4a100000.switch: Detected MACID = 6c:ec:eb:68:de:78
[    0.808007] cpsw-switch 4a100000.switch: initialized (regs 0x4a100000, pool size 256) hw_ver:0019010C 1.12 (0)
[    0.818673] debugfs: Directory '49000000.dma' with parent 'dmaengine' already present!
[    0.818713] edma 49000000.dma: TI EDMA DMA engine driver
[    0.878694] gpio-clk clk_mcasp0: using DT '/clk_mcasp0' for 'enable' GPIO lookup
[    0.878773] of_get_named_gpiod_flags: parsed 'enable-gpios' property of node '/clk_mcasp0[0]' - status (0)
[    0.878818] gpio gpiochip0: Persistence not supported for GPIO 27
[    0.879677] gpiochip_find_base_unlocked: found new base at 608
[    0.879810] gpio gpiochip3: (gpio-96-127): created GPIO range 0->7 ==> 44e10800.pinmux PIN 82->89
[    0.879830] gpio gpiochip3: (gpio-96-127): created GPIO range 8->11 ==> 44e10800.pinmux PIN 52->55
[    0.879848] gpio gpiochip3: (gpio-96-127): created GPIO range 12->15 ==> 44e10800.pinmux PIN 94->97
[    0.879864] gpio gpiochip3: (gpio-96-127): created GPIO range 16->17 ==> 44e10800.pinmux PIN 71->72
[    0.879886] gpio gpiochip3: (gpio-96-127): created GPIO range 18->18 ==> 44e10800.pinmux PIN 135->135
[    0.879903] gpio gpiochip3: (gpio-96-127): created GPIO range 19->20 ==> 44e10800.pinmux PIN 108->109
[    0.879919] gpio gpiochip3: (gpio-96-127): created GPIO range 21->21 ==> 44e10800.pinmux PIN 73->73
[    0.879937] gpio gpiochip3: (gpio-96-127): created GPIO range 22->23 ==> 44e10800.pinmux PIN 8->9
[    0.879955] gpio gpiochip3: (gpio-96-127): created GPIO range 26->27 ==> 44e10800.pinmux PIN 10->11
[    0.879972] gpio gpiochip3: (gpio-96-127): created GPIO range 28->28 ==> 44e10800.pinmux PIN 74->74
[    0.879990] gpio gpiochip3: (gpio-96-127): created GPIO range 29->29 ==> 44e10800.pinmux PIN 81->81
[    0.880009] gpio gpiochip3: (gpio-96-127): created GPIO range 30->31 ==> 44e10800.pinmux PIN 28->29
[    0.880853] gpio gpiochip3: (gpio-96-127): added GPIO chardev (254:3)
[    0.880986] gpio gpiochip3: registered GPIOs 608 to 639 on gpio-96-127
[    0.883306] omap8250 44e09000.serial: using DT '/ocp/interconnect@44c00000/segment@200000/target-module@9000/serial@0' for 'rs485-term' GPIO lookup
[    0.883381] of_get_named_gpiod_flags: can't parse 'rs485-term-gpios' property of node '/ocp/interconnect@44c00000/segment@200000/target-module@9000/serial@0[0]'
[    0.883427] of_get_named_gpiod_flags: can't parse 'rs485-term-gpio' property of node '/ocp/interconnect@44c00000/segment@200000/target-module@9000/serial@0[0]'
[    0.883462] omap8250 44e09000.serial: using lookup tables for GPIO lookup
[    0.883471] omap8250 44e09000.serial: No GPIO consumer rs485-term found
[    0.883482] omap8250 44e09000.serial: using DT '/ocp/interconnect@44c00000/segment@200000/target-module@9000/serial@0' for 'rs485-rx-during-tx' GPIO lookup
[    0.883517] of_get_named_gpiod_flags: can't parse 'rs485-rx-during-tx-gpios' property of node '/ocp/interconnect@44c00000/segment@200000/target-module@9000/serial@0[0]'
[    0.883554] of_get_named_gpiod_flags: can't parse 'rs485-rx-during-tx-gpio' property of node '/ocp/interconnect@44c00000/segment@200000/target-module@9000/serial@0[0]'
[    0.883585] omap8250 44e09000.serial: using lookup tables for GPIO lookup
[    0.883593] omap8250 44e09000.serial: No GPIO consumer rs485-rx-during-tx found
[    0.884036] 44e09000.serial: ttyS0 at MMIO 0x44e09000 (irq = 34, base_baud = 3000000) is a 8250
[    0.884123] printk: legacy console [ttyS0] enabled
[    2.299301] i2c i2c-0: using DT '/ocp/interconnect@44c00000/segment@200000/target-module@b000/i2c@0' for 'scl' GPIO lookup
[    2.299387] of_get_named_gpiod_flags: can't parse 'scl-gpios' property of node '/ocp/interconnect@44c00000/segment@200000/target-module@b000/i2c@0[0]'
[    2.299433] of_get_named_gpiod_flags: can't parse 'scl-gpio' property of node '/ocp/interconnect@44c00000/segment@200000/target-module@b000/i2c@0[0]'
[    2.299471] i2c i2c-0: using lookup tables for GPIO lookup
[    2.299485] i2c i2c-0: No GPIO consumer scl found
[    2.299510] i2c i2c-0: using DT '/ocp/interconnect@44c00000/segment@200000/target-module@b000/i2c@0' for 'sda' GPIO lookup
[    2.299550] of_get_named_gpiod_flags: can't parse 'sda-gpios' property of node '/ocp/interconnect@44c00000/segment@200000/target-module@b000/i2c@0[0]'
[    2.299590] of_get_named_gpiod_flags: can't parse 'sda-gpio' property of node '/ocp/interconnect@44c00000/segment@200000/target-module@b000/i2c@0[0]'
[    2.299625] i2c i2c-0: using lookup tables for GPIO lookup
[    2.299637] i2c i2c-0: No GPIO consumer sda found
[    2.312285] tps65217-pmic: Failed to locate of_node [id: -1]
[    2.318355] tps65217-bl: Failed to locate of_node [id: -1]
[    2.329616] tps65217 0-0024: TPS65217 ID 0xe version 1.2
[    2.335727] /ocp/interconnect@48000000/segment@300000/target-module@e000/lcdc@0: Fixed dependency cycle(s) with /ocp/interconnect@44c00000/segment@200000/target-module@b000/i2c@0/tda19988@70
[    2.353072] /ocp/interconnect@44c00000/segment@200000/target-module@b000/i2c@0/tda19988@70: Fixed dependency cycle(s) with /ocp/interconnect@48000000/segment@300000/target-module@e000/lcdc@0
[    2.370446] omap_i2c 44e0b000.i2c: bus 0 rev0.11 at 400 kHz
[    2.378238] sdhci-omap 48060000.mmc: using DT '/ocp/interconnect@48000000/segment@0/target-module@60000/mmc@0' for 'cd' GPIO lookup
[    2.378345] of_get_named_gpiod_flags: parsed 'cd-gpios' property of node '/ocp/interconnect@48000000/segment@0/target-module@60000/mmc@0[0]' - status (0)
[    2.378412] gpio gpiochip3: Persistence not supported for GPIO 6
[    2.378436] omap_gpio 44e07000.gpio: Could not set line 6 debounce to 200000 microseconds (-22)
[    2.387317] sdhci-omap 48060000.mmc: Got CD GPIO
[    2.392016] sdhci-omap 48060000.mmc: using DT '/ocp/interconnect@48000000/segment@0/target-module@60000/mmc@0' for 'wp' GPIO lookup
[    2.392066] of_get_named_gpiod_flags: can't parse 'wp-gpios' property of node '/ocp/interconnect@48000000/segment@0/target-module@60000/mmc@0[0]'
[    2.392110] of_get_named_gpiod_flags: can't parse 'wp-gpio' property of node '/ocp/interconnect@48000000/segment@0/target-module@60000/mmc@0[0]'
[    2.392149] sdhci-omap 48060000.mmc: using lookup tables for GPIO lookup
[    2.392163] sdhci-omap 48060000.mmc: No GPIO consumer wp found
[    2.392378] sdhci-omap 48060000.mmc: supply pbias not found, using dummy regulator
[    2.401048] sdhci-omap 481d8000.mmc: using DT '/ocp/interconnect@48000000/segment@100000/target-module@d8000/mmc@0' for 'wp' GPIO lookup
[    2.401121] of_get_named_gpiod_flags: can't parse 'wp-gpios' property of node '/ocp/interconnect@48000000/segment@100000/target-module@d8000/mmc@0[0]'
[    2.401169] of_get_named_gpiod_flags: can't parse 'wp-gpio' property of node '/ocp/interconnect@48000000/segment@100000/target-module@d8000/mmc@0[0]'
[    2.401207] sdhci-omap 481d8000.mmc: using lookup tables for GPIO lookup
[    2.401220] sdhci-omap 481d8000.mmc: No GPIO consumer wp found
[    2.402294] sdhci-omap 48060000.mmc: supply vqmmc not found, using dummy regulator
[    2.410827] sdhci-omap 481d8000.mmc: supply pbias not found, using dummy regulator
[    2.419410] sdhci-omap 481d8000.mmc: supply vqmmc not found, using dummy regulator
[    2.458177] mmc1: SDHCI controller on 481d8000.mmc [481d8000.mmc] using External DMA
[    2.467229] mmc0: SDHCI controller on 48060000.mmc [48060000.mmc] using External DMA
[    2.476104] cpsw-switch 4a100000.switch: starting ndev. mode: dual_mac
[    2.520565] mmc0: new high speed SDHC card at address 5048
[    2.527609] mmcblk0: mmc0:5048 SD16G 14.4 GiB
[    2.535648]  mmcblk0: p1 p2
[    2.539035] mmcblk0: p2 size 31221760 extends beyond EOD, truncated
[    2.552570] SMSC LAN8710/LAN8720 4a101000.mdio:00: attached PHY driver (mii_bus:phy_addr=4a101000.mdio:00, irq=POLL)
[    2.564800] mmc1: new high speed MMC card at address 0001
[    2.571719] mmcblk1: mmc1:0001 MMC04G 3.60 GiB
[    2.583556]  mmcblk1: p1 p2
[    2.587776] mmcblk1boot0: mmc1:0001 MMC04G 2.00 MiB
[    2.595089] mmcblk1boot1: mmc1:0001 MMC04G 2.00 MiB
[    2.602452] mmcblk1rpmb: mmc1:0001 MMC04G 128 KiB, chardev (250:0)
[    5.762088] cpsw-switch 4a100000.switch eth0: Link is Up - 100Mbps/Full - flow control off
[    5.791341] IP-Config: Complete:
[    5.794615]      device=eth0, hwaddr=6c:ec:eb:68:de:78, ipaddr=192.168.255.1, mask=255.255.255.0, gw=255.255.255.255
[    5.805255]      host=bbb1, domain=, nis-domain=(none)
[    5.810423]      bootserver=192.168.255.126, rootserver=192.168.255.126, rootpath=
[    5.810838] clk: Disabling unused clocks
[    5.822701] PM: genpd: Disabling unused power domains
[    5.827820] KTAP version 1
[    5.830541] 1..0
[    5.855131] VFS: Mounted root (nfs filesystem) on device 0:17.
[    5.862001] devtmpfs: mounted
[    5.866413] Freeing unused kernel image (initmem) memory: 1024K
[    5.873186] Run /sbin/init as init process
[    5.877315]   with arguments:
[    5.877328]     /sbin/init
[    5.877337]     nfsrootdebug
[    5.877346]   with environment:
[    5.877355]     HOME=/
[    5.877363]     TERM=linux
[    6.568965] systemd[1]: System time before build time, advancing clock.
[    8.031345] random: crng init done
[    8.063876] systemd[1]: systemd 232 running in system mode. (+PAM +AUDIT +SELINUX +IMA +APPARMOR +SMACK +SYSVINIT +UTMP +LIBCRYPTSETUP +GCRYPT +GNUTLS +ACL +XZ +LZ4 +SECCOMP +BLKID +ELFUTILS +KMOD +IDN)
[    8.083060] systemd[1]: Detected architecture arm.
[    8.114444] systemd[1]: Set hostname to <arm>.
[    9.190242] systemd[1]: Listening on udev Control Socket.
[    9.211991] systemd[1]: Listening on udev Kernel Socket.
[    9.242300] systemd[1]: Started Dispatch Password Requests to Console Directory Watch.
[    9.271745] systemd[1]: Reached target Remote File Systems.
[    9.302863] systemd[1]: Created slice System Slice.
[    9.332707] systemd[1]: Created slice system-serial\x2dgetty.slice.
[    9.391934] systemd[1]: Mounting POSIX Message Queue File System...
[   11.469933] systemd-journald[86]: Received request to flush runtime journal from PID 1
[   14.178830] leds-gpio leds: using DT '/leds/led2' for '(default)' GPIO lookup
[   14.178943] of_get_named_gpiod_flags: parsed 'gpios' property of node '/leds/led2[0]' - status (0)
[   14.179003] gpio gpiochip0: Persistence not supported for GPIO 21
[   14.179018] gpio-533 (?): no flags found for GPIO (default)
[   14.202147] leds-gpio leds: using DT '/leds/led3' for '(default)' GPIO lookup
[   14.202261] of_get_named_gpiod_flags: parsed 'gpios' property of node '/leds/led3[0]' - status (0)
[   14.202318] gpio gpiochip0: Persistence not supported for GPIO 22
[   14.202333] gpio-534 (?): no flags found for GPIO (default)
[   14.247319] leds-gpio leds: using DT '/leds/led4' for '(default)' GPIO lookup
[   14.247420] of_get_named_gpiod_flags: parsed 'gpios' property of node '/leds/led4[0]' - status (0)
[   14.247471] gpio gpiochip0: Persistence not supported for GPIO 23
[   14.247486] gpio-535 (?): no flags found for GPIO (default)
[   14.382128] leds-gpio leds: using DT '/leds/led5' for '(default)' GPIO lookup
[   14.382228] of_get_named_gpiod_flags: parsed 'gpios' property of node '/leds/led5[0]' - status (0)
[   14.382280] gpio gpiochip0: Persistence not supported for GPIO 24
[   14.382296] gpio-536 (?): no flags found for GPIO (default)
[   14.615192] remoteproc remoteproc0: wkup_m3 is available
[   14.944154] omap_rtc 44e3e000.rtc: registered as rtc0
[   14.949333] omap_rtc 44e3e000.rtc: setting system clock to 2000-01-01T00:00:00 UTC (946684800)
[   14.958245] omap_rtc 44e3e000.rtc: using DT '/ocp/interconnect@44c00000/segment@200000/target-module@3e000/rtc@0' for 'wp' GPIO lookup
[   14.958319] of_get_named_gpiod_flags: can't parse 'wp-gpios' property of node '/ocp/interconnect@44c00000/segment@200000/target-module@3e000/rtc@0[0]'
[   14.958369] of_get_named_gpiod_flags: can't parse 'wp-gpio' property of node '/ocp/interconnect@44c00000/segment@200000/target-module@3e000/rtc@0[0]'
[   14.958409] omap_rtc 44e3e000.rtc: using lookup tables for GPIO lookup
[   14.958423] omap_rtc 44e3e000.rtc: No GPIO consumer wp found
[   15.056296] omap_wdt: OMAP Watchdog Timer Rev 0x01: initial timeout 60 sec
[   15.078026] at24 2-0054: supply vcc not found, using dummy regulator
[   15.304513] at24 2-0055: supply vcc not found, using dummy regulator
[   15.429979] at24 2-0056: supply vcc not found, using dummy regulator
[   15.545282] at24 2-0057: supply vcc not found, using dummy regulator
[   15.563140] am335x-phy-driver 47401300.usb-phy: using DT '/ocp/target-module@47400000/usb-phy@1300' for 'reset' GPIO lookup
[   15.563288] of_get_named_gpiod_flags: can't parse 'reset-gpios' property of node '/ocp/target-module@47400000/usb-phy@1300[0]'
[   15.563413] of_get_named_gpiod_flags: can't parse 'reset-gpio' property of node '/ocp/target-module@47400000/usb-phy@1300[0]'
[   15.563498] am335x-phy-driver 47401300.usb-phy: using lookup tables for GPIO lookup
[   15.563514] am335x-phy-driver 47401300.usb-phy: No GPIO consumer reset found
[   15.563529] am335x-phy-driver 47401300.usb-phy: using DT '/ocp/target-module@47400000/usb-phy@1300' for 'vbus-detect' GPIO lookup
[   15.563611] of_get_named_gpiod_flags: can't parse 'vbus-detect-gpios' property of node '/ocp/target-module@47400000/usb-phy@1300[0]'
[   15.563648] of_get_named_gpiod_flags: can't parse 'vbus-detect-gpio' property of node '/ocp/target-module@47400000/usb-phy@1300[0]'
[   15.563715] am335x-phy-driver 47401300.usb-phy: using lookup tables for GPIO lookup
[   15.563728] am335x-phy-driver 47401300.usb-phy: No GPIO consumer vbus-detect found
[   15.563981] am335x-phy-driver 47401300.usb-phy: dummy supplies not allowed for exclusive requests (id=vbus)
[   15.734517] at24 0-0050: using DT '/ocp/interconnect@44c00000/segment@200000/target-module@b000/i2c@0/baseboard_eeprom@50' for 'wp' GPIO lookup
[   15.734631] of_get_named_gpiod_flags: can't parse 'wp-gpios' property of node '/ocp/interconnect@44c00000/segment@200000/target-module@b000/i2c@0/baseboard_eeprom@50[0]'
[   15.734693] of_get_named_gpiod_flags: can't parse 'wp-gpio' property of node '/ocp/interconnect@44c00000/segment@200000/target-module@b000/i2c@0/baseboard_eeprom@50[0]'
[   15.734739] at24 0-0050: using lookup tables for GPIO lookup
[   15.734753] at24 0-0050: No GPIO consumer wp found
[   15.735089] at24 0-0050: 32768 byte 24c256 EEPROM, writable, 1 bytes/write
[   15.888808] am335x-phy-driver 47401b00.usb-phy: using DT '/ocp/target-module@47400000/usb-phy@1b00' for 'reset' GPIO lookup
[   15.888971] of_get_named_gpiod_flags: can't parse 'reset-gpios' property of node '/ocp/target-module@47400000/usb-phy@1b00[0]'
[   15.889076] of_get_named_gpiod_flags: can't parse 'reset-gpio' property of node '/ocp/target-module@47400000/usb-phy@1b00[0]'
[   15.889195] am335x-phy-driver 47401b00.usb-phy: using lookup tables for GPIO lookup
[   15.889211] am335x-phy-driver 47401b00.usb-phy: No GPIO consumer reset found
[   15.889226] am335x-phy-driver 47401b00.usb-phy: using DT '/ocp/target-module@47400000/usb-phy@1b00' for 'vbus-detect' GPIO lookup
[   15.889260] of_get_named_gpiod_flags: can't parse 'vbus-detect-gpios' property of node '/ocp/target-module@47400000/usb-phy@1b00[0]'
[   15.889294] of_get_named_gpiod_flags: can't parse 'vbus-detect-gpio' property of node '/ocp/target-module@47400000/usb-phy@1b00[0]'
[   15.889320] am335x-phy-driver 47401b00.usb-phy: using lookup tables for GPIO lookup
[   15.889332] am335x-phy-driver 47401b00.usb-phy: No GPIO consumer vbus-detect found
[   15.889483] am335x-phy-driver 47401b00.usb-phy: dummy supplies not allowed for exclusive requests (id=vbus)
[   15.907455] tps6521x_pwrbutton tps65217-pwrbutton: DMA mask not set
[   16.063119] input: tps65217_pwrbutton as /devices/platform/ocp/44c00000.interconnect/44c00000.interconnect:segment@200000/44e0b000.target-module/44e0b000.i2c/i2c-0/0-0024/tps65217-pwrbutton/input/input0
[   16.089448] wkup_m3_ipc 44e11324.wkup_m3_ipc: IPC Request for A8->M3 Channel failed! -517
[   16.115068] wkup_m3_ipc 44e11324.wkup_m3_ipc: IPC Request for A8->M3 Channel failed! -517
[   16.869827] usbcore: registered new interface driver usbfs
[   16.875655] usbcore: registered new interface driver hub
[   16.881097] usbcore: registered new device driver usb
[   17.225445] tda998x 0-0070: found TDA19988
[   17.379134] wkup_m3_ipc 44e11324.wkup_m3_ipc: IPC Request for A8->M3 Channel failed! -517
[   17.747380] wkup_m3_ipc 44e11324.wkup_m3_ipc: IPC Request for A8->M3 Channel failed! -517
[   17.874166] musb-hdrc musb-hdrc.1: MUSB HDRC host driver
[   17.879581] musb-hdrc musb-hdrc.1: new USB bus registered, assigned bus number 1
[   17.911122] omap-mailbox 480c8000.mailbox: omap mailbox rev 0x400
[   17.973901] remoteproc remoteproc0: powering up wkup_m3
[   18.150950] usb usb1: New USB device found, idVendor=1d6b, idProduct=0002, bcdDevice= 6.12
[   18.159558] usb usb1: New USB device strings: Mfr=3, Product=2, SerialNumber=1
[   18.167108] usb usb1: Product: MUSB HDRC host driver
[   18.172171] usb usb1: Manufacturer: Linux 6.12.37 musb-hcd
[   18.177688] usb usb1: SerialNumber: musb-hdrc.1
[   18.235012] remoteproc remoteproc0: Direct firmware load for am335x-pm-firmware.elf failed with error -2
[   18.244933] remoteproc remoteproc0: request_firmware failed: -2
[   18.250901] wkup_m3_ipc 44e11324.wkup_m3_ipc: rproc_boot failed
[   18.674495] hub 1-0:1.0: USB hub found
[   18.737996] hub 1-0:1.0: 1 port detected
[   20.038412] omap_rng 48310000.rng: Random Number Generator ver. 20
[   20.216614] tilcdc 4830e000.lcdc: bound 0-0070 (ops tda998x_audio_codec_init [tda998x])
[   20.333941] [drm] Initialized tilcdc 1.0.0 for 4830e000.lcdc on minor 0
[   20.421259] tilcdc 4830e000.lcdc: [drm] Cannot find any crtc or sizes
[   20.429973] tilcdc 4830e000.lcdc: [drm] Cannot find any crtc or sizes
[   21.508346] omap-sham 53100000.sham: hw accel on OMAP rev 4.3
[   21.570093] PM: Cannot get wkup_m3_ipc handle
[   21.658540] omap-sham 53100000.sham: will run requests pump with realtime priority
[   21.669740] PM: Cannot get wkup_m3_ipc handle
[   21.895756] omap-aes 53500000.aes: OMAP AES hw accel rev: 3.2
[   22.041956] omap-aes 53500000.aes: will run requests pump with realtime priority
[   22.060919] PM: Cannot get wkup_m3_ipc handle
[   22.777622] Bluetooth: Core ver 2.22
[   22.781621] NET: Registered PF_BLUETOOTH protocol family
[   22.787181] Bluetooth: HCI device and connection manager initialized
[   22.793683] Bluetooth: HCI socket layer initialized
[   22.798597] Bluetooth: L2CAP socket layer initialized
[   22.803780] Bluetooth: SCO socket layer initialized
[   25.165868] PM: Cannot get wkup_m3_ipc handle
[   25.171905] asoc-simple-card sound: using DT '/sound' for 'simple-audio-card,hp-det' GPIO lookup
[   25.171985] of_get_named_gpiod_flags: can't parse 'simple-audio-card,hp-det-gpios' property of node '/sound[0]'
[   25.172022] of_get_named_gpiod_flags: can't parse 'simple-audio-card,hp-det-gpio' property of node '/sound[0]'
[   25.172047] asoc-simple-card sound: using lookup tables for GPIO lookup
[   25.172060] asoc-simple-card sound: No GPIO consumer simple-audio-card,hp-det found
[   25.172074] asoc-simple-card sound: using DT '/sound' for 'simple-audio-card,mic-det' GPIO lookup
[   25.172098] of_get_named_gpiod_flags: can't parse 'simple-audio-card,mic-det-gpios' property of node '/sound[0]'
[   25.172123] of_get_named_gpiod_flags: can't parse 'simple-audio-card,mic-det-gpio' property of node '/sound[0]'
[   25.172143] asoc-simple-card sound: using lookup tables for GPIO lookup
[   25.172154] asoc-simple-card sound: No GPIO consumer simple-audio-card,mic-det found
[   25.261659] PM: Cannot get wkup_m3_ipc handle
[   27.695077] userial_init: registered 8 ttyGS* devices
[   27.952659] rndis_register: configNr = 0
[   28.042418] udc musb-hdrc.0: binding gadget driver [g_multi]
[   28.042512] configfs-gadget.g_multi gadget.0: adding 'rndis'/2f716c33 to config 'c'/c72ef533
[   28.043649] configfs-gadget.g_multi gadget.0: HOST MAC 1c:ba:8c:a2:ed:6c
[   28.050424] configfs-gadget.g_multi gadget.0: MAC 1c:ba:8c:a2:ed:70
[   28.057001] rndis_set_param_medium: 0 0
[   28.057027] configfs-gadget.g_multi gadget.0: RNDIS: IN/ep1in OUT/ep1out NOTIFY/ep2in
[   28.057045] configfs-gadget.g_multi gadget.0: adding 'cdc_ethernet'/49fb5756 to config 'c'/c72ef533
[   28.058012] configfs-gadget.g_multi gadget.0: HOST MAC 1c:ba:8c:a2:ed:6c
[   28.064883] configfs-gadget.g_multi gadget.0: MAC 1c:ba:8c:a2:ed:6d
[   28.071234] configfs-gadget.g_multi gadget.0: CDC Ethernet: IN/ep3in OUT/ep2out NOTIFY/ep4in
[   28.071254] configfs-gadget.g_multi gadget.0: adding 'acm'/b4696923 to config 'c'/c72ef533
[   28.071331] configfs-gadget.g_multi gadget.0: acm ttyGS0: IN/ep5in OUT/ep3out NOTIFY/ep6in
[   28.078031] PM: Cannot get wkup_m3_ipc handle
[   29.213543] configfs-gadget.g_multi gadget.0: eth_open
[   30.152570] configfs-gadget.g_multi gadget.0: stop stats: rx/tx 0/0, errs 0/0
[   34.616533] gs_open: ttyGS0 (1fa67275,66873902)
[   34.616678] gs_close: ttyGS0 (1fa67275,66873902) ...
[   34.616699] gs_close: ttyGS0 (1fa67275,66873902) done!
[   34.618738] gs_open: ttyGS0 (20a9a1fa,66873902)
[   34.618862] gs_close: ttyGS0 (20a9a1fa,66873902) ...
[   34.618883] gs_close: ttyGS0 (20a9a1fa,66873902) done!
[   34.795350] gs_open: ttyGS0 (1fa67275,bf20496f)
[   34.795573] gs_close: ttyGS0 (1fa67275,bf20496f) ...
[   34.795598] gs_close: ttyGS0 (1fa67275,bf20496f) done!
[   34.795907] gs_open: ttyGS0 (1fa67275,bf20496f)
BWSSJWUGMC 0
root@arm:~# echo 'EFSC''ZKKOYM'
EFSCZKKOYM
root@arm:~# MARKER='STMH''GYYSQB' run 'modprobe test_linear_ranges'
STMHGYYSQBSTMHGYYSQB 0
root@arm:~# echo 'VTKV''MSMPMS'
VTKVMSMPMS
root@arm:~# MARKER='YSUK''XXMVVK' run dmesg
YSUKXXMVVK[    0.000000] Booting Linux on physical CPU 0x0
[    0.000000] Linux version 6.12.37 (user01@drvtest01) (arm-none-eabi-gcc (Arm GNU Toolchain 14.2.Rel1 (Build arm-14.52)) 14.2.1 20241119, GNU ld (Arm GNU Toolchain 14.2.Rel1 (Build arm-14.52)) 2.43.1.20241119) #1 SMP Fri Jul 11 18:15:05 EEST 2025
[    0.000000] CPU: ARMv7 Processor [413fc082] revision 2 (ARMv7), cr=10c5387d
[    0.000000] CPU: PIPT / VIPT nonaliasing data cache, VIPT aliasing instruction cache
[    0.000000] OF: fdt: Machine model: TI AM335x BeagleBone Black
[    0.000000] Memory policy: Data cache writeback
[    0.000000] cma: Reserved 16 MiB at 0x9e800000 on node -1
[    0.000000] Zone ranges:
[    0.000000]   Normal   [mem 0x0000000080000000-0x000000009fdfffff]
[    0.000000]   HighMem  empty
[    0.000000] Movable zone start for each node
[    0.000000] Early memory node ranges
[    0.000000]   node   0: [mem 0x0000000080000000-0x000000009fdfffff]
[    0.000000] Initmem setup node 0 [mem 0x0000000080000000-0x000000009fdfffff]
[    0.000000] OF: reserved mem: Reserved memory: No reserved-memory node in the DT
[    0.000000] CPU: All CPU(s) started in SVC mode.
[    0.000000] AM335X ES2.1 (sgx neon)
[    0.000000] percpu: Embedded 17 pages/cpu s40396 r8192 d21044 u69632
[    0.000000] pcpu-alloc: s40396 r8192 d21044 u69632 alloc=17*4096
[    0.000000] pcpu-alloc: [0] 0 
[    0.000000] Kernel command line: console=ttyO0,115200n8 root=/dev/nfs rw nfsroot=192.168.255.126:/home/user01/nfs,nfsvers=3 ip=192.168.255.1:192.168.255.126::255.255.255.0:bbb1:eth0 nfsrootdebug
[    0.000000] Unknown kernel command line parameters "nfsrootdebug", will be passed to user space.
[    0.000000] Dentry cache hash table entries: 65536 (order: 6, 262144 bytes, linear)
[    0.000000] Inode-cache hash table entries: 32768 (order: 5, 131072 bytes, linear)
[    0.000000] Built 1 zonelists, mobility grouping on.  Total pages: 130560
[    0.000000] mem auto-init: stack:off, heap alloc:off, heap free:off
[    0.000000] SLUB: HWalign=64, Order=0-3, MinObjects=0, CPUs=1, Nodes=1
[    0.000000] rcu: Hierarchical RCU implementation.
[    0.000000] rcu: 	RCU event tracing is enabled.
[    0.000000] rcu: 	RCU restricting CPUs from NR_CPUS=2 to nr_cpu_ids=1.
[    0.000000] rcu: RCU calculated value of scheduler-enlistment delay is 10 jiffies.
[    0.000000] rcu: Adjusting geometry for rcu_fanout_leaf=16, nr_cpu_ids=1
[    0.000000] NR_IRQS: 16, nr_irqs: 16, preallocated irqs: 16
[    0.000000] IRQ: Found an INTC at 0x(ptrval) (revision 5.0) with 128 interrupts
[    0.000000] rcu: srcu_init: Setting srcu_struct sizes based on contention.
[    0.000000] TI gptimer clocksource: always-on /ocp/interconnect@44c00000/segment@200000/target-module@31000
[    0.000003] sched_clock: 32 bits at 24MHz, resolution 41ns, wraps every 89478484971ns
[    0.000027] clocksource: dmtimer: mask: 0xffffffff max_cycles: 0xffffffff, max_idle_ns: 79635851949 ns
[    0.000492] TI gptimer clockevent: 24000000 Hz at /ocp/interconnect@48000000/segment@0/target-module@40000
[    0.002084] Console: colour dummy device 80x30
[    0.002149] WARNING: Your 'console=ttyO0' has been replaced by 'ttyS0'
[    0.002157] This ensures that you still see kernel messages. Please
[    0.002161] update your kernel commandline.
[    0.002203] Calibrating delay loop... 996.14 BogoMIPS (lpj=4980736)
[    0.090540] CPU: Testing write buffer coherency: ok
[    0.090655] CPU0: Spectre v2: using BPIALL workaround
[    0.090665] pid_max: default: 32768 minimum: 301
[    0.090794] LSM: initializing lsm=capability
[    0.090963] Mount-cache hash table entries: 1024 (order: 0, 4096 bytes, linear)
[    0.090985] Mountpoint-cache hash table entries: 1024 (order: 0, 4096 bytes, linear)
[    0.092540] CPU0: thread -1, cpu 0, socket -1, mpidr 0
[    0.094579] Setting up static identity map for 0x80100000 - 0x80100078
[    0.094888] rcu: Hierarchical SRCU implementation.
[    0.094898] rcu: 	Max phase no-delay instances is 1000.
[    0.096633] smp: Bringing up secondary CPUs ...
[    0.096687] smp: Brought up 1 node, 1 CPU
[    0.096701] SMP: Total of 1 processors activated (996.14 BogoMIPS).
[    0.096713] CPU: All CPU(s) started in SVC mode.
[    0.096897] Memory: 480868K/522240K available (11264K kernel code, 1211K rwdata, 2880K rodata, 1024K init, 295K bss, 23360K reserved, 16384K cma-reserved, 0K highmem)
[    0.097711] devtmpfs: initialized
[    0.114341] VFP support v0.3: implementor 41 architecture 3 part 30 variant c rev 3
[    0.114684] clocksource: jiffies: mask: 0xffffffff max_cycles: 0xffffffff, max_idle_ns: 19112604462750000 ns
[    0.114719] futex hash table entries: 256 (order: 2, 16384 bytes, linear)
[    0.116023] pinctrl core: initialized pinctrl subsystem
[    0.118133] NET: Registered PF_NETLINK/PF_ROUTE protocol family
[    0.121160] DMA: preallocated 256 KiB pool for atomic coherent allocations
[    0.122077] audit: initializing netlink subsys (disabled)
[    0.123430] thermal_sys: Registered thermal governor 'fair_share'
[    0.123446] thermal_sys: Registered thermal governor 'step_wise'
[    0.123455] thermal_sys: Registered thermal governor 'user_space'
[    0.123565] audit: type=2000 audit(0.120:1): state=initialized audit_enabled=0 res=1
[    0.123642] cpuidle: using governor menu
[    0.141265] /ocp/interconnect@44c00000/segment@200000/target-module@b000/i2c@0/tda19988@70: Fixed dependency cycle(s) with /ocp/interconnect@48000000/segment@300000/target-module@e000/lcdc@0
[    0.142385] /ocp/interconnect@48000000/segment@300000/target-module@e000/lcdc@0: Fixed dependency cycle(s) with /ocp/interconnect@44c00000/segment@200000/target-module@b000/i2c@0/tda19988@70
[    0.144562] No ATAGs?
[    0.144578] hw-breakpoint: debug architecture 0x4 unsupported.
[    0.147212] kprobes: kprobe jump-optimization is enabled. All kprobes are optimized if possible.
[    0.153867] iommu: Default domain type: Translated
[    0.153887] iommu: DMA domain TLB invalidation policy: strict mode
[    0.155446] reg-fixed-voltage fixedregulator0: using DT '/fixedregulator0' for '(default)' GPIO lookup
[    0.155499] of_get_named_gpiod_flags: can't parse 'gpios' property of node '/fixedregulator0[0]'
[    0.155528] of_get_named_gpiod_flags: can't parse 'gpio' property of node '/fixedregulator0[0]'
[    0.155546] reg-fixed-voltage fixedregulator0: using lookup tables for GPIO lookup
[    0.155555] reg-fixed-voltage fixedregulator0: No GPIO consumer (default) found
[    0.161345] SCSI subsystem initialized
[    0.161816] libata version 3.00 loaded.
[    0.162171] pps_core: LinuxPPS API ver. 1 registered
[    0.162182] pps_core: Software ver. 5.3.6 - Copyright 2005-2007 Rodolfo Giometti <giometti@linux.it>
[    0.162206] PTP clock support registered
[    0.170968] vgaarb: loaded
[    0.171321] clocksource: Switched to clocksource dmtimer
[    0.171970] VFS: Disk quotas dquot_6.6.0
[    0.172012] VFS: Dquot-cache hash table entries: 1024 (order 0, 4096 bytes)
[    0.196028] NET: Registered PF_INET protocol family
[    0.196361] IP idents hash table entries: 8192 (order: 4, 65536 bytes, linear)
[    0.197734] tcp_listen_portaddr_hash hash table entries: 512 (order: 0, 4096 bytes, linear)
[    0.197770] Table-perturb hash table entries: 65536 (order: 6, 262144 bytes, linear)
[    0.197787] TCP established hash table entries: 4096 (order: 2, 16384 bytes, linear)
[    0.197833] TCP bind hash table entries: 4096 (order: 4, 65536 bytes, linear)
[    0.197933] TCP: Hash tables configured (established 4096 bind 4096)
[    0.198055] UDP hash table entries: 256 (order: 1, 8192 bytes, linear)
[    0.198085] UDP-Lite hash table entries: 256 (order: 1, 8192 bytes, linear)
[    0.198253] NET: Registered PF_UNIX/PF_LOCAL protocol family
[    0.199516] RPC: Registered named UNIX socket transport module.
[    0.199535] RPC: Registered udp transport module.
[    0.199541] RPC: Registered tcp transport module.
[    0.199546] RPC: Registered tcp-with-tls transport module.
[    0.199550] RPC: Registered tcp NFSv4.1 backchannel transport module.
[    0.199573] PCI: CLS 0 bytes, default 64
[    0.200959] Initialise system trusted keyrings
[    0.211843] workingset: timestamp_bits=14 max_order=17 bucket_order=3
[    0.213114] NFS: Registering the id_resolver key type
[    0.213183] Key type id_resolver registered
[    0.213192] Key type id_legacy registered
[    0.213241] jffs2: version 2.2. (NAND) (SUMMARY)  Â© 2001-2006 Red Hat, Inc.
[    0.213649] Key type asymmetric registered
[    0.213665] Asymmetric key parser 'x509' registered
[    0.213730] io scheduler mq-deadline registered
[    0.213740] io scheduler kyber registered
[    0.213804] io scheduler bfq registered
[    0.215643] target-module@4b000000:target-module@140000:pmu@0:fck: device ID is greater than 24
[    0.221842] l3-aon-clkctrl:0000:0: failed to disable
[    0.222102] ledtrig-cpu: registered to indicate activity on CPUs
[    0.232115] Serial: 8250/16550 driver, 6 ports, IRQ sharing enabled
[    0.265648] brd: module loaded
[    0.284103] loop: module loaded
[    0.285034] mtdoops: mtd device (mtddev=name/number) must be supplied
[    0.286731] mdio_bus fixed-0: using lookup tables for GPIO lookup
[    0.286755] mdio_bus fixed-0: No GPIO consumer reset found
[    0.288119] i2c_dev: i2c /dev entries driver
[    0.289076] cpuidle: enable-method property 'ti,am3352' found operations
[    0.289510] sdhci: Secure Digital Host Controller Interface driver
[    0.289520] sdhci: Copyright(c) Pierre Ossman
[    0.289698] sdhci-pltfm: SDHCI platform and OF driver helper
[    0.314554] hw perfevents: enabled with armv7_cortex_a8 PMU driver, 5 (8000000f) counters available
[    0.315087] Initializing XFRM netlink socket
[    0.315228] NET: Registered PF_INET6 protocol family
[    0.320858] l3-aon-clkctrl:0000:0: failed to disable
[    0.322520] Segment Routing with IPv6
[    0.322604] In-situ OAM (IOAM) with IPv6
[    0.322701] sit: IPv6, IPv4 and MPLS over IPv4 tunneling driver
[    0.323636] NET: Registered PF_PACKET protocol family
[    0.323664] NET: Registered PF_KEY protocol family
[    0.323786] Key type dns_resolver registered
[    0.324008] ThumbEE CPU extension supported.
[    0.324028] Registering SWP/SWPB emulation handler
[    0.324546] omap_voltage_late_init: Voltage driver support not added
[    0.325238] SmartReflex Class3 initialized
[    0.357018] Loading compiled-in X.509 certificates
[    0.396406] /ocp/interconnect@44c00000/segment@200000/target-module@b000/i2c@0/tda19988@70: Fixed dependency cycle(s) with /ocp/interconnect@48000000/segment@300000/target-module@e000/lcdc@0
[    0.402719] /ocp/interconnect@44c00000/segment@200000/target-module@b000/i2c@0/tda19988@70: Fixed dependency cycle(s) with /ocp/interconnect@48000000/segment@300000/target-module@e000/lcdc@0
[    0.408072] gpiochip_find_base_unlocked: found new base at 512
[    0.432421] /ocp/interconnect@44c00000/segment@200000/target-module@b000/i2c@0/tda19988@70: Fixed dependency cycle(s) with /ocp/interconnect@48000000/segment@300000/target-module@e000/lcdc@0
[    0.433284] /ocp/interconnect@44c00000/segment@200000/target-module@b000/i2c@0/tda19988@70: Fixed dependency cycle(s) with /ocp/interconnect@48000000/segment@300000/target-module@e000/lcdc@0
[    0.436529] /ocp/interconnect@44c00000/segment@200000/target-module@10000/scm@0/pinmux@800: Fixed dependency cycle(s) with /ocp/interconnect@44c00000/segment@200000/target-module@10000/scm@0/pinmux@800/clkout2-pins
[    0.437108] pinctrl-single 44e10800.pinmux: 142 pins, size 568
[    0.442298] ti-sysc 44e31000.target-module: probe with driver ti-sysc failed with error -16
[    0.468333] /ocp/interconnect@48000000/segment@300000/target-module@e000/lcdc@0: Fixed dependency cycle(s) with /ocp/interconnect@44c00000/segment@200000/target-module@b000/i2c@0/tda19988@70
[    0.476120] ti-sysc 48040000.target-module: probe with driver ti-sysc failed with error -16
[    0.486963] gpiochip_find_base_unlocked: found new base at 512
[    0.487061] gpio gpiochip0: (gpio-0-31): created GPIO range 0->7 ==> 44e10800.pinmux PIN 0->7
[    0.487081] gpio gpiochip0: (gpio-0-31): created GPIO range 8->11 ==> 44e10800.pinmux PIN 90->93
[    0.487096] gpio gpiochip0: (gpio-0-31): created GPIO range 12->27 ==> 44e10800.pinmux PIN 12->27
[    0.487111] gpio gpiochip0: (gpio-0-31): created GPIO range 28->31 ==> 44e10800.pinmux PIN 30->33
[    0.532645] gpio gpiochip0: (gpio-0-31): added GPIO chardev (254:0)
[    0.532808] gpio gpiochip0: registered GPIOs 512 to 543 on gpio-0-31
[    0.532893] OMAP GPIO hardware version 0.1
[    0.560395] i2c i2c-2: using DT '/ocp/interconnect@48000000/segment@100000/target-module@9c000/i2c@0' for 'scl' GPIO lookup
[    0.560465] of_get_named_gpiod_flags: can't parse 'scl-gpios' property of node '/ocp/interconnect@48000000/segment@100000/target-module@9c000/i2c@0[0]'
[    0.560507] of_get_named_gpiod_flags: can't parse 'scl-gpio' property of node '/ocp/interconnect@48000000/segment@100000/target-module@9c000/i2c@0[0]'
[    0.560541] i2c i2c-2: using lookup tables for GPIO lookup
[    0.560551] i2c i2c-2: No GPIO consumer scl found
[    0.560573] i2c i2c-2: using DT '/ocp/interconnect@48000000/segment@100000/target-module@9c000/i2c@0' for 'sda' GPIO lookup
[    0.560609] of_get_named_gpiod_flags: can't parse 'sda-gpios' property of node '/ocp/interconnect@48000000/segment@100000/target-module@9c000/i2c@0[0]'
[    0.560646] of_get_named_gpiod_flags: can't parse 'sda-gpio' property of node '/ocp/interconnect@48000000/segment@100000/target-module@9c000/i2c@0[0]'
[    0.560677] i2c i2c-2: using lookup tables for GPIO lookup
[    0.560684] i2c i2c-2: No GPIO consumer sda found
[    0.561620] omap_i2c 4819c000.i2c: bus 2 rev0.11 at 100 kHz
[    0.566769] gpiochip_find_base_unlocked: found new base at 544
[    0.566867] gpio gpiochip1: (gpio-32-63): created GPIO range 0->17 ==> 44e10800.pinmux PIN 34->51
[    0.566888] gpio gpiochip1: (gpio-32-63): created GPIO range 18->21 ==> 44e10800.pinmux PIN 77->80
[    0.566903] gpio gpiochip1: (gpio-32-63): created GPIO range 22->31 ==> 44e10800.pinmux PIN 56->65
[    0.585949] gpio gpiochip1: (gpio-32-63): added GPIO chardev (254:1)
[    0.586131] gpio gpiochip1: registered GPIOs 544 to 575 on gpio-32-63
[    0.588353] gpiochip_find_base_unlocked: found new base at 576
[    0.588450] gpio gpiochip2: (gpio-64-95): created GPIO range 0->4 ==> 44e10800.pinmux PIN 66->70
[    0.588470] gpio gpiochip2: (gpio-64-95): created GPIO range 5->6 ==> 44e10800.pinmux PIN 98->99
[    0.588485] gpio gpiochip2: (gpio-64-95): created GPIO range 7->8 ==> 44e10800.pinmux PIN 75->76
[    0.588500] gpio gpiochip2: (gpio-64-95): created GPIO range 13->13 ==> 44e10800.pinmux PIN 141->141
[    0.588515] gpio gpiochip2: (gpio-64-95): created GPIO range 14->21 ==> 44e10800.pinmux PIN 100->107
[    0.596268] gpio gpiochip2: (gpio-64-95): added GPIO chardev (254:2)
[    0.596406] gpio gpiochip2: registered GPIOs 576 to 607 on gpio-64-95
[    0.601924] 48000000.interconnect:segment@200000:target-module@0:mpu@0:fck: device ID is greater than 24
[    0.602826] /ocp/interconnect@48000000/segment@300000/target-module@e000/lcdc@0: Fixed dependency cycle(s) with /ocp/interconnect@44c00000/segment@200000/target-module@b000/i2c@0/tda19988@70
[    0.605451] /ocp/interconnect@48000000/segment@300000/target-module@e000/lcdc@0: Fixed dependency cycle(s) with /ocp/interconnect@44c00000/segment@200000/target-module@b000/i2c@0/tda19988@70
[    0.606105] /ocp/interconnect@44c00000/segment@200000/target-module@b000/i2c@0/tda19988@70: Fixed dependency cycle(s) with /ocp/interconnect@48000000/segment@300000/target-module@e000/lcdc@0
[    0.606261] /ocp/interconnect@48000000/segment@300000/target-module@e000/lcdc@0: Fixed dependency cycle(s) with /ocp/interconnect@44c00000/segment@200000/target-module@b000/i2c@0/tda19988@70
[    0.615576] mdio_bus 4a101000.mdio: using DT '/ocp/interconnect@4a000000/segment@0/target-module@100000/switch@0/mdio@1000' for 'reset' GPIO lookup
[    0.615659] of_get_named_gpiod_flags: can't parse 'reset-gpios' property of node '/ocp/interconnect@4a000000/segment@0/target-module@100000/switch@0/mdio@1000[0]'
[    0.615706] of_get_named_gpiod_flags: can't parse 'reset-gpio' property of node '/ocp/interconnect@4a000000/segment@0/target-module@100000/switch@0/mdio@1000[0]'
[    0.615754] mdio_bus 4a101000.mdio: using lookup tables for GPIO lookup
[    0.615763] mdio_bus 4a101000.mdio: No GPIO consumer reset found
[    0.616681] sdhci-omap 481d8000.mmc: using DT '/ocp/interconnect@48000000/segment@100000/target-module@d8000/mmc@0' for 'wp' GPIO lookup
[    0.616738] of_get_named_gpiod_flags: can't parse 'wp-gpios' property of node '/ocp/interconnect@48000000/segment@100000/target-module@d8000/mmc@0[0]'
[    0.616780] of_get_named_gpiod_flags: can't parse 'wp-gpio' property of node '/ocp/interconnect@48000000/segment@100000/target-module@d8000/mmc@0[0]'
[    0.616814] sdhci-omap 481d8000.mmc: using lookup tables for GPIO lookup
[    0.616823] sdhci-omap 481d8000.mmc: No GPIO consumer wp found
[    0.617020] sdhci-omap 481d8000.mmc: supply pbias not found, using dummy regulator
[    0.617501] sdhci-omap 481d8000.mmc: supply vqmmc not found, using dummy regulator
[    0.680602] davinci_mdio 4a101000.mdio: davinci mdio revision 1.6, bus freq 1000000
[    0.702323] mdio_bus 4a101000.mdio:00: using DT '/ocp/interconnect@4a000000/segment@0/target-module@100000/switch@0/mdio@1000/ethernet-phy@0' for 'reset' GPIO lookup
[    0.702423] of_get_named_gpiod_flags: parsed 'reset-gpios' property of node '/ocp/interconnect@4a000000/segment@0/target-module@100000/switch@0/mdio@1000/ethernet-phy@0[0]' - status (0)
[    0.702588] gpio gpiochip0: Persistence not supported for GPIO 8
[    0.804954] davinci_mdio 4a101000.mdio: phy[0]: device 4a101000.mdio:00, driver SMSC LAN8710/LAN8720
[    0.805713] cpsw-switch 4a100000.switch: initialized cpsw ale version 1.4
[    0.805734] cpsw-switch 4a100000.switch: ALE Table size 1024, Policers 0
[    0.806055] cpsw-switch 4a100000.switch: cpts: overflow check period 500 (jiffies)
[    0.806074] cpsw-switch 4a100000.switch: CPTS: ref_clk_freq:250000000 calc_mult:2147483648 calc_shift:29 error:0 nsec/sec
[    0.806181] cpsw-switch 4a100000.switch: Detected MACID = 6c:ec:eb:68:de:78
[    0.808007] cpsw-switch 4a100000.switch: initialized (regs 0x4a100000, pool size 256) hw_ver:0019010C 1.12 (0)
[    0.818673] debugfs: Directory '49000000.dma' with parent 'dmaengine' already present!
[    0.818713] edma 49000000.dma: TI EDMA DMA engine driver
[    0.878694] gpio-clk clk_mcasp0: using DT '/clk_mcasp0' for 'enable' GPIO lookup
[    0.878773] of_get_named_gpiod_flags: parsed 'enable-gpios' property of node '/clk_mcasp0[0]' - status (0)
[    0.878818] gpio gpiochip0: Persistence not supported for GPIO 27
[    0.879677] gpiochip_find_base_unlocked: found new base at 608
[    0.879810] gpio gpiochip3: (gpio-96-127): created GPIO range 0->7 ==> 44e10800.pinmux PIN 82->89
[    0.879830] gpio gpiochip3: (gpio-96-127): created GPIO range 8->11 ==> 44e10800.pinmux PIN 52->55
[    0.879848] gpio gpiochip3: (gpio-96-127): created GPIO range 12->15 ==> 44e10800.pinmux PIN 94->97
[    0.879864] gpio gpiochip3: (gpio-96-127): created GPIO range 16->17 ==> 44e10800.pinmux PIN 71->72
[    0.879886] gpio gpiochip3: (gpio-96-127): created GPIO range 18->18 ==> 44e10800.pinmux PIN 135->135
[    0.879903] gpio gpiochip3: (gpio-96-127): created GPIO range 19->20 ==> 44e10800.pinmux PIN 108->109
[    0.879919] gpio gpiochip3: (gpio-96-127): created GPIO range 21->21 ==> 44e10800.pinmux PIN 73->73
[    0.879937] gpio gpiochip3: (gpio-96-127): created GPIO range 22->23 ==> 44e10800.pinmux PIN 8->9
[    0.879955] gpio gpiochip3: (gpio-96-127): created GPIO range 26->27 ==> 44e10800.pinmux PIN 10->11
[    0.879972] gpio gpiochip3: (gpio-96-127): created GPIO range 28->28 ==> 44e10800.pinmux PIN 74->74
[    0.879990] gpio gpiochip3: (gpio-96-127): created GPIO range 29->29 ==> 44e10800.pinmux PIN 81->81
[    0.880009] gpio gpiochip3: (gpio-96-127): created GPIO range 30->31 ==> 44e10800.pinmux PIN 28->29
[    0.880853] gpio gpiochip3: (gpio-96-127): added GPIO chardev (254:3)
[    0.880986] gpio gpiochip3: registered GPIOs 608 to 639 on gpio-96-127
[    0.883306] omap8250 44e09000.serial: using DT '/ocp/interconnect@44c00000/segment@200000/target-module@9000/serial@0' for 'rs485-term' GPIO lookup
[    0.883381] of_get_named_gpiod_flags: can't parse 'rs485-term-gpios' property of node '/ocp/interconnect@44c00000/segment@200000/target-module@9000/serial@0[0]'
[    0.883427] of_get_named_gpiod_flags: can't parse 'rs485-term-gpio' property of node '/ocp/interconnect@44c00000/segment@200000/target-module@9000/serial@0[0]'
[    0.883462] omap8250 44e09000.serial: using lookup tables for GPIO lookup
[    0.883471] omap8250 44e09000.serial: No GPIO consumer rs485-term found
[    0.883482] omap8250 44e09000.serial: using DT '/ocp/interconnect@44c00000/segment@200000/target-module@9000/serial@0' for 'rs485-rx-during-tx' GPIO lookup
[    0.883517] of_get_named_gpiod_flags: can't parse 'rs485-rx-during-tx-gpios' property of node '/ocp/interconnect@44c00000/segment@200000/target-module@9000/serial@0[0]'
[    0.883554] of_get_named_gpiod_flags: can't parse 'rs485-rx-during-tx-gpio' property of node '/ocp/interconnect@44c00000/segment@200000/target-module@9000/serial@0[0]'
[    0.883585] omap8250 44e09000.serial: using lookup tables for GPIO lookup
[    0.883593] omap8250 44e09000.serial: No GPIO consumer rs485-rx-during-tx found
[    0.884036] 44e09000.serial: ttyS0 at MMIO 0x44e09000 (irq = 34, base_baud = 3000000) is a 8250
[    0.884123] printk: legacy console [ttyS0] enabled
[    2.299301] i2c i2c-0: using DT '/ocp/interconnect@44c00000/segment@200000/target-module@b000/i2c@0' for 'scl' GPIO lookup
[    2.299387] of_get_named_gpiod_flags: can't parse 'scl-gpios' property of node '/ocp/interconnect@44c00000/segment@200000/target-module@b000/i2c@0[0]'
[    2.299433] of_get_named_gpiod_flags: can't parse 'scl-gpio' property of node '/ocp/interconnect@44c00000/segment@200000/target-module@b000/i2c@0[0]'
[    2.299471] i2c i2c-0: using lookup tables for GPIO lookup
[    2.299485] i2c i2c-0: No GPIO consumer scl found
[    2.299510] i2c i2c-0: using DT '/ocp/interconnect@44c00000/segment@200000/target-module@b000/i2c@0' for 'sda' GPIO lookup
[    2.299550] of_get_named_gpiod_flags: can't parse 'sda-gpios' property of node '/ocp/interconnect@44c00000/segment@200000/target-module@b000/i2c@0[0]'
[    2.299590] of_get_named_gpiod_flags: can't parse 'sda-gpio' property of node '/ocp/interconnect@44c00000/segment@200000/target-module@b000/i2c@0[0]'
[    2.299625] i2c i2c-0: using lookup tables for GPIO lookup
[    2.299637] i2c i2c-0: No GPIO consumer sda found
[    2.312285] tps65217-pmic: Failed to locate of_node [id: -1]
[    2.318355] tps65217-bl: Failed to locate of_node [id: -1]
[    2.329616] tps65217 0-0024: TPS65217 ID 0xe version 1.2
[    2.335727] /ocp/interconnect@48000000/segment@300000/target-module@e000/lcdc@0: Fixed dependency cycle(s) with /ocp/interconnect@44c00000/segment@200000/target-module@b000/i2c@0/tda19988@70
[    2.353072] /ocp/interconnect@44c00000/segment@200000/target-module@b000/i2c@0/tda19988@70: Fixed dependency cycle(s) with /ocp/interconnect@48000000/segment@300000/target-module@e000/lcdc@0
[    2.370446] omap_i2c 44e0b000.i2c: bus 0 rev0.11 at 400 kHz
[    2.378238] sdhci-omap 48060000.mmc: using DT '/ocp/interconnect@48000000/segment@0/target-module@60000/mmc@0' for 'cd' GPIO lookup
[    2.378345] of_get_named_gpiod_flags: parsed 'cd-gpios' property of node '/ocp/interconnect@48000000/segment@0/target-module@60000/mmc@0[0]' - status (0)
[    2.378412] gpio gpiochip3: Persistence not supported for GPIO 6
[    2.378436] omap_gpio 44e07000.gpio: Could not set line 6 debounce to 200000 microseconds (-22)
[    2.387317] sdhci-omap 48060000.mmc: Got CD GPIO
[    2.392016] sdhci-omap 48060000.mmc: using DT '/ocp/interconnect@48000000/segment@0/target-module@60000/mmc@0' for 'wp' GPIO lookup
[    2.392066] of_get_named_gpiod_flags: can't parse 'wp-gpios' property of node '/ocp/interconnect@48000000/segment@0/target-module@60000/mmc@0[0]'
[    2.392110] of_get_named_gpiod_flags: can't parse 'wp-gpio' property of node '/ocp/interconnect@48000000/segment@0/target-module@60000/mmc@0[0]'
[    2.392149] sdhci-omap 48060000.mmc: using lookup tables for GPIO lookup
[    2.392163] sdhci-omap 48060000.mmc: No GPIO consumer wp found
[    2.392378] sdhci-omap 48060000.mmc: supply pbias not found, using dummy regulator
[    2.401048] sdhci-omap 481d8000.mmc: using DT '/ocp/interconnect@48000000/segment@100000/target-module@d8000/mmc@0' for 'wp' GPIO lookup
[    2.401121] of_get_named_gpiod_flags: can't parse 'wp-gpios' property of node '/ocp/interconnect@48000000/segment@100000/target-module@d8000/mmc@0[0]'
[    2.401169] of_get_named_gpiod_flags: can't parse 'wp-gpio' property of node '/ocp/interconnect@48000000/segment@100000/target-module@d8000/mmc@0[0]'
[    2.401207] sdhci-omap 481d8000.mmc: using lookup tables for GPIO lookup
[    2.401220] sdhci-omap 481d8000.mmc: No GPIO consumer wp found
[    2.402294] sdhci-omap 48060000.mmc: supply vqmmc not found, using dummy regulator
[    2.410827] sdhci-omap 481d8000.mmc: supply pbias not found, using dummy regulator
[    2.419410] sdhci-omap 481d8000.mmc: supply vqmmc not found, using dummy regulator
[    2.458177] mmc1: SDHCI controller on 481d8000.mmc [481d8000.mmc] using External DMA
[    2.467229] mmc0: SDHCI controller on 48060000.mmc [48060000.mmc] using External DMA
[    2.476104] cpsw-switch 4a100000.switch: starting ndev. mode: dual_mac
[    2.520565] mmc0: new high speed SDHC card at address 5048
[    2.527609] mmcblk0: mmc0:5048 SD16G 14.4 GiB
[    2.535648]  mmcblk0: p1 p2
[    2.539035] mmcblk0: p2 size 31221760 extends beyond EOD, truncated
[    2.552570] SMSC LAN8710/LAN8720 4a101000.mdio:00: attached PHY driver (mii_bus:phy_addr=4a101000.mdio:00, irq=POLL)
[    2.564800] mmc1: new high speed MMC card at address 0001
[    2.571719] mmcblk1: mmc1:0001 MMC04G 3.60 GiB
[    2.583556]  mmcblk1: p1 p2
[    2.587776] mmcblk1boot0: mmc1:0001 MMC04G 2.00 MiB
[    2.595089] mmcblk1boot1: mmc1:0001 MMC04G 2.00 MiB
[    2.602452] mmcblk1rpmb: mmc1:0001 MMC04G 128 KiB, chardev (250:0)
[    5.762088] cpsw-switch 4a100000.switch eth0: Link is Up - 100Mbps/Full - flow control off
[    5.791341] IP-Config: Complete:
[    5.794615]      device=eth0, hwaddr=6c:ec:eb:68:de:78, ipaddr=192.168.255.1, mask=255.255.255.0, gw=255.255.255.255
[    5.805255]      host=bbb1, domain=, nis-domain=(none)
[    5.810423]      bootserver=192.168.255.126, rootserver=192.168.255.126, rootpath=
[    5.810838] clk: Disabling unused clocks
[    5.822701] PM: genpd: Disabling unused power domains
[    5.827820] KTAP version 1
[    5.830541] 1..0
[    5.855131] VFS: Mounted root (nfs filesystem) on device 0:17.
[    5.862001] devtmpfs: mounted
[    5.866413] Freeing unused kernel image (initmem) memory: 1024K
[    5.873186] Run /sbin/init as init process
[    5.877315]   with arguments:
[    5.877328]     /sbin/init
[    5.877337]     nfsrootdebug
[    5.877346]   with environment:
[    5.877355]     HOME=/
[    5.877363]     TERM=linux
[    6.568965] systemd[1]: System time before build time, advancing clock.
[    8.031345] random: crng init done
[    8.063876] systemd[1]: systemd 232 running in system mode. (+PAM +AUDIT +SELINUX +IMA +APPARMOR +SMACK +SYSVINIT +UTMP +LIBCRYPTSETUP +GCRYPT +GNUTLS +ACL +XZ +LZ4 +SECCOMP +BLKID +ELFUTILS +KMOD +IDN)
[    8.083060] systemd[1]: Detected architecture arm.
[    8.114444] systemd[1]: Set hostname to <arm>.
[    9.190242] systemd[1]: Listening on udev Control Socket.
[    9.211991] systemd[1]: Listening on udev Kernel Socket.
[    9.242300] systemd[1]: Started Dispatch Password Requests to Console Directory Watch.
[    9.271745] systemd[1]: Reached target Remote File Systems.
[    9.302863] systemd[1]: Created slice System Slice.
[    9.332707] systemd[1]: Created slice system-serial\x2dgetty.slice.
[    9.391934] systemd[1]: Mounting POSIX Message Queue File System...
[   11.469933] systemd-journald[86]: Received request to flush runtime journal from PID 1
[   14.178830] leds-gpio leds: using DT '/leds/led2' for '(default)' GPIO lookup
[   14.178943] of_get_named_gpiod_flags: parsed 'gpios' property of node '/leds/led2[0]' - status (0)
[   14.179003] gpio gpiochip0: Persistence not supported for GPIO 21
