Labgrid Console Logfile for main
Logfile started at 2024-11-08 10:31:58.133858
=== Log starts here ===
reading args
spl_load_image_fat_os: error reading image args, err - -1
reading u-boot.img
reading u-boot.img


U-Boot 2014.04-00014-g47880f5 (Apr 22 2014 - 13:23:54)

I2C:   ready
DRAM:  512 MiB
NAND:  0 MiB
MMC:   OMAP SD/MMC: 0, OMAP SD/MMC: 1
*** Warning - readenv() failed, using default environment

Net:   <ethaddr> not set. Validating first E-fuse MAC
cpsw, usb_ether
Hit any key to stop autoboot:  1  0 
gpio: pin 53 (gpio 53) value is 1
mmc0 is current device
gpio: pin 54 (gpio 54) value is 1
SD/MMC found on device 0
reading uEnv.txt
569 bytes read in 4 ms (138.7 KiB/s)
gpio: pin 55 (gpio 55) value is 1
Loaded environment from uEnv.txt
Importing environment from mmc ...
Checking if uenvcmd is set ...
gpio: pin 56 (gpio 56) value is 1
Running uenvcmd ...
cpsw Waiting for PHY auto negotiation to complete. done
link up on port 0, speed 100, full duplex
Using cpsw device
TFTP from server 192.168.255.126; our IP address is 192.168.255.1
Filename 'zImage'.
Load address: 0x81000000
Loading: *#################################################################
	 #################################################################
	 #################################################################
	 #################################################################
	 #################################################################
	 #####################################################
	 2.4 MiB/s
done
Bytes transferred = 5537544 (547f08 hex)
link up on port 0, speed 100, full duplex
Using cpsw device
TFTP from server 192.168.255.126; our IP address is 192.168.255.1
Filename 'am335x-boneblack.dtb'.
Load address: 0x82000000
Loading: *#######
	 2.2 MiB/s
done
Bytes transferred = 98244 (17fc4 hex)
Kernel image @ 0x81000000 [ 0x000000 - 0x547f08 ]
## Flattened Device Tree blob at 82000000
   Booting using the fdt blob at 0x82000000
   Using Device Tree in place at 82000000, end 8201afc3

Starting kernel ...

[    0.000000] Booting Linux on physical CPU 0x0
[    0.000000] Linux version 6.12.0-rc6-next-20241108 (user01@drvtest01) (arm-linux-gnueabihf-gcc (Linaro GCC 6.4-2017.11) 6.4.1 20171012, GNU ld (Linaro_Binutils-2017.11) 2.27.0.20161229) #133 SMP Fri Nov  8 10:29:34 EET 2024
[    0.000000] CPU: ARMv7 Processor [413fc082] revision 2 (ARMv7), cr=10c5387d
[    0.000000] CPU: PIPT / VIPT nonaliasing data cache, VIPT aliasing instruction cache
[    0.000000] OF: fdt: Machine model: TI AM335x BeagleBone Black
[    0.000000] Memory policy: Data cache writeback
[    0.000000] cma: Reserved 16 MiB at 0x9e800000 on node -1
[    0.000000] Zone ranges:
[    0.000000]   Normal   [mem 0x0000000080000000-0x000000009fdfffff]
[    0.000000]   HighMem  empty
[    0.000000] Movable zone start for each node
[    0.000000] Early memory node ranges
[    0.000000]   node   0: [mem 0x0000000080000000-0x000000009fdfffff]
[    0.000000] Initmem setup node 0 [mem 0x0000000080000000-0x000000009fdfffff]
[    0.000000] OF: reserved mem: Reserved memory: No reserved-memory node in the DT
[    0.000000] CPU: All CPU(s) started in SVC mode.
[    0.000000] AM335X ES2.1 (sgx neon)
[    0.000000] percpu: Embedded 17 pages/cpu s39564 r8192 d21876 u69632
[    0.000000] Kernel command line: console=ttyO0,115200n8 root=/dev/nfs rw nfsroot=192.168.255.126:/home/user01/nfs,nfsvers=3 ip=192.168.255.1:192.168.255.126::255.255.255.0:bbb1:eth0 nfsrootdebug
[    0.000000] Unknown kernel command line parameters "nfsrootdebug", will be passed to user space.
[    0.000000] printk: log buffer data + meta data: 65536 + 204800 = 270336 bytes
[    0.000000] Dentry cache hash table entries: 65536 (order: 6, 262144 bytes, linear)
[    0.000000] Inode-cache hash table entries: 32768 (order: 5, 131072 bytes, linear)
[    0.000000] Built 1 zonelists, mobility grouping on.  Total pages: 130560
[    0.000000] mem auto-init: stack:off, heap alloc:off, heap free:off
[    0.000000] SLUB: HWalign=64, Order=0-3, MinObjects=0, CPUs=1, Nodes=1
[    0.000000] trace event string verifier disabled
[    0.000000] rcu: Hierarchical RCU implementation.
[    0.000000] rcu: 	RCU event tracing is enabled.
[    0.000000] rcu: 	RCU restricting CPUs from NR_CPUS=2 to nr_cpu_ids=1.
[    0.000000] 	Tracing variant of Tasks RCU enabled.
[    0.000000] rcu: RCU calculated value of scheduler-enlistment delay is 10 jiffies.
[    0.000000] rcu: Adjusting geometry for rcu_fanout_leaf=16, nr_cpu_ids=1
[    0.000000] RCU Tasks Trace: Setting shift to 0 and lim to 1 rcu_task_cb_adjust=1 rcu_task_cpu_ids=1.
[    0.000000] NR_IRQS: 16, nr_irqs: 16, preallocated irqs: 16
[    0.000000] IRQ: Found an INTC at 0x(ptrval) (revision 5.0) with 128 interrupts
[    0.000000] rcu: srcu_init: Setting srcu_struct sizes based on contention.
[    0.000000] TI gptimer clocksource: always-on /ocp/interconnect@44c00000/segment@200000/target-module@31000
[    0.000003] sched_clock: 32 bits at 24MHz, resolution 41ns, wraps every 89478484971ns
[    0.000026] clocksource: dmtimer: mask: 0xffffffff max_cycles: 0xffffffff, max_idle_ns: 79635851949 ns
[    0.000498] TI gptimer clockevent: 24000000 Hz at /ocp/interconnect@48000000/segment@0/target-module@40000
[    0.002137] Console: colour dummy device 80x30
[    0.002203] WARNING: Your 'console=ttyO0' has been replaced by 'ttyS0'
[    0.002211] This ensures that you still see kernel messages. Please
[    0.002216] update your kernel commandline.
[    0.002260] Calibrating delay loop... 996.14 BogoMIPS (lpj=4980736)
[    0.090550] CPU: Testing write buffer coherency: ok
[    0.090651] CPU0: Spectre v2: using BPIALL workaround
[    0.090664] pid_max: default: 32768 minimum: 301
[    0.090789] LSM: initializing lsm=capability
[    0.090966] Mount-cache hash table entries: 1024 (order: 0, 4096 bytes, linear)
[    0.090988] Mountpoint-cache hash table entries: 1024 (order: 0, 4096 bytes, linear)
[    0.092662] CPU0: thread -1, cpu 0, socket -1, mpidr 0
[    0.160928] Setting up static identity map for 0x80100000 - 0x80100078
[    0.170702] rcu: Hierarchical SRCU implementation.
[    0.170713] rcu: 	Max phase no-delay instances is 1000.
[    0.190759] smp: Bringing up secondary CPUs ...
[    0.190817] smp: Brought up 1 node, 1 CPU
[    0.190831] SMP: Total of 1 processors activated (996.14 BogoMIPS).
[    0.190843] CPU: All CPU(s) started in SVC mode.
[    0.191040] Memory: 480840K/522240K available (11264K kernel code, 1213K rwdata, 2896K rodata, 1024K init, 297K bss, 23388K reserved, 16384K cma-reserved, 0K highmem)
[    0.191911] devtmpfs: initialized
[    0.209057] VFP support v0.3: implementor 41 architecture 3 part 30 variant c rev 3
[    0.209403] clocksource: jiffies: mask: 0xffffffff max_cycles: 0xffffffff, max_idle_ns: 19112604462750000 ns
[    0.209438] futex hash table entries: 256 (order: 2, 16384 bytes, linear)
[    0.210922] pinctrl core: initialized pinctrl subsystem
[    0.213761] NET: Registered PF_NETLINK/PF_ROUTE protocol family
[    0.216585] DMA: preallocated 256 KiB pool for atomic coherent allocations
[    0.217492] audit: initializing netlink subsys (disabled)
[    0.218946] thermal_sys: Registered thermal governor 'fair_share'
[    0.218964] thermal_sys: Registered thermal governor 'step_wise'
[    0.218974] thermal_sys: Registered thermal governor 'user_space'
[    0.219130] audit: type=2000 audit(0.210:1): state=initialized audit_enabled=0 res=1
[    0.219172] cpuidle: using governor menu
[    0.237440] /ocp/interconnect@44c00000/segment@200000/target-module@b000/i2c@0/tda19988@70: Fixed dependency cycle(s) with /ocp/interconnect@48000000/segment@300000/target-module@e000/lcdc@0
[    0.238617] /ocp/interconnect@48000000/segment@300000/target-module@e000/lcdc@0: Fixed dependency cycle(s) with /ocp/interconnect@44c00000/segment@200000/target-module@b000/i2c@0/tda19988@70
[    0.241002] No ATAGs?
[    0.241023] hw-breakpoint: debug architecture 0x4 unsupported.
[    0.243812] kprobes: kprobe jump-optimization is enabled. All kprobes are optimized if possible.
[    0.254464] iommu: Default domain type: Translated
[    0.254486] iommu: DMA domain TLB invalidation policy: strict mode
[    0.262854] SCSI subsystem initialized
[    0.263721] pps_core: LinuxPPS API ver. 1 registered
[    0.263732] pps_core: Software ver. 5.3.6 - Copyright 2005-2007 Rodolfo Giometti <giometti@linux.it>
[    0.263756] PTP clock support registered
[    0.271376] vgaarb: loaded
[    0.271785] clocksource: Switched to clocksource dmtimer
[    0.272441] VFS: Disk quotas dquot_6.6.0
[    0.272485] VFS: Dquot-cache hash table entries: 1024 (order 0, 4096 bytes)
[    0.297137] NET: Registered PF_INET protocol family
[    0.297499] IP idents hash table entries: 8192 (order: 4, 65536 bytes, linear)
[    0.298918] tcp_listen_portaddr_hash hash table entries: 512 (order: 0, 4096 bytes, linear)
[    0.298954] Table-perturb hash table entries: 65536 (order: 6, 262144 bytes, linear)
[    0.298971] TCP established hash table entries: 4096 (order: 2, 16384 bytes, linear)
[    0.299015] TCP bind hash table entries: 4096 (order: 4, 65536 bytes, linear)
[    0.299114] TCP: Hash tables configured (established 4096 bind 4096)
[    0.299232] UDP hash table entries: 256 (order: 1, 8192 bytes, linear)
[    0.299261] UDP-Lite hash table entries: 256 (order: 1, 8192 bytes, linear)
[    0.299438] NET: Registered PF_UNIX/PF_LOCAL protocol family
[    0.302850] RPC: Registered named UNIX socket transport module.
[    0.302872] RPC: Registered udp transport module.
[    0.302878] RPC: Registered tcp transport module.
[    0.302883] RPC: Registered tcp-with-tls transport module.
[    0.302889] RPC: Registered tcp NFSv4.1 backchannel transport module.
[    0.302913] PCI: CLS 0 bytes, default 64
[    0.304423] Initialise system trusted keyrings
[    0.312065] workingset: timestamp_bits=14 max_order=17 bucket_order=3
[    0.313413] NFS: Registering the id_resolver key type
[    0.313496] Key type id_resolver registered
[    0.313504] Key type id_legacy registered
[    0.313555] jffs2: version 2.2. (NAND) (SUMMARY)  Â© 2001-2006 Red Hat, Inc.
[    0.313959] Key type asymmetric registered
[    0.313977] Asymmetric key parser 'x509' registered
[    0.314045] io scheduler mq-deadline registered
[    0.314057] io scheduler kyber registered
[    0.314126] io scheduler bfq registered
[    0.315755] ledtrig-cpu: registered to indicate activity on CPUs
[    0.322397] Serial: 8250/16550 driver, 6 ports, IRQ sharing enabled
[    0.367979] brd: module loaded
[    0.386853] loop: module loaded
[    0.387800] mtdoops: mtd device (mtddev=name/number) must be supplied
[    0.390973] i2c_dev: i2c /dev entries driver
[    0.392116] cpuidle: enable-method property 'ti,am3352' found operations
[    0.392585] sdhci: Secure Digital Host Controller Interface driver
[    0.392596] sdhci: Copyright(c) Pierre Ossman
[    0.392770] sdhci-pltfm: SDHCI platform and OF driver helper
[    0.393787] Initializing XFRM netlink socket
[    0.393936] NET: Registered PF_INET6 protocol family
[    0.407165] Segment Routing with IPv6
[    0.407265] In-situ OAM (IOAM) with IPv6
[    0.407366] sit: IPv6, IPv4 and MPLS over IPv4 tunneling driver
[    0.408338] NET: Registered PF_PACKET protocol family
[    0.408375] NET: Registered PF_KEY protocol family
[    0.408505] Key type dns_resolver registered
[    0.408778] ThumbEE CPU extension supported.
[    0.408800] Registering SWP/SWPB emulation handler
[    0.409343] omap_voltage_late_init: Voltage driver support not added
[    0.409697] SmartReflex Class3 initialized
[    0.444574] Loading compiled-in X.509 certificates
[    0.492220] /ocp/interconnect@44c00000/segment@200000/target-module@b000/i2c@0/tda19988@70: Fixed dependency cycle(s) with /ocp/interconnect@48000000/segment@300000/target-module@e000/lcdc@0
[    0.498733] /ocp/interconnect@44c00000/segment@200000/target-module@b000/i2c@0/tda19988@70: Fixed dependency cycle(s) with /ocp/interconnect@48000000/segment@300000/target-module@e000/lcdc@0
[    0.528590] /ocp/interconnect@44c00000/segment@200000/target-module@b000/i2c@0/tda19988@70: Fixed dependency cycle(s) with /ocp/interconnect@48000000/segment@300000/target-module@e000/lcdc@0
[    0.529471] /ocp/interconnect@44c00000/segment@200000/target-module@b000/i2c@0/tda19988@70: Fixed dependency cycle(s) with /ocp/interconnect@48000000/segment@300000/target-module@e000/lcdc@0
[    0.533224] /ocp/interconnect@44c00000/segment@200000/target-module@10000/scm@0/pinmux@800: Fixed dependency cycle(s) with /ocp/interconnect@44c00000/segment@200000/target-module@10000/scm@0/pinmux@800/clkout2-pins
[    0.533808] pinctrl-single 44e10800.pinmux: 142 pins, size 568
[    0.538963] ti-sysc 44e31000.target-module: probe with driver ti-sysc failed with error -16
[    0.570742] /ocp/interconnect@48000000/segment@300000/target-module@e000/lcdc@0: Fixed dependency cycle(s) with /ocp/interconnect@44c00000/segment@200000/target-module@b000/i2c@0/tda19988@70
[    0.578750] ti-sysc 48040000.target-module: probe with driver ti-sysc failed with error -16
[    0.617427] OMAP GPIO hardware version 0.1
[    0.645101] omap_i2c 4819c000.i2c: bus 2 rev0.11 at 100 kHz
[    0.672578] 48000000.interconnect:segment@200000:target-module@0:mpu@0:fck: device ID is greater than 24
[    0.673513] /ocp/interconnect@48000000/segment@300000/target-module@e000/lcdc@0: Fixed dependency cycle(s) with /ocp/interconnect@44c00000/segment@200000/target-module@b000/i2c@0/tda19988@70
[    0.676247] /ocp/interconnect@48000000/segment@300000/target-module@e000/lcdc@0: Fixed dependency cycle(s) with /ocp/interconnect@44c00000/segment@200000/target-module@b000/i2c@0/tda19988@70
[    0.676940] /ocp/interconnect@44c00000/segment@200000/target-module@b000/i2c@0/tda19988@70: Fixed dependency cycle(s) with /ocp/interconnect@48000000/segment@300000/target-module@e000/lcdc@0
[    0.677107] /ocp/interconnect@48000000/segment@300000/target-module@e000/lcdc@0: Fixed dependency cycle(s) with /ocp/interconnect@44c00000/segment@200000/target-module@b000/i2c@0/tda19988@70
[    0.688298] sdhci-omap 481d8000.mmc: supply pbias not found, using dummy regulator
[    0.688811] sdhci-omap 481d8000.mmc: supply vqmmc not found, using dummy regulator
[    0.749061] davinci_mdio 4a101000.mdio: davinci mdio revision 1.6, bus freq 1000000
[    0.896689] davinci_mdio 4a101000.mdio: phy[0]: device 4a101000.mdio:00, driver SMSC LAN8710/LAN8720
[    0.897482] cpsw-switch 4a100000.switch: initialized cpsw ale version 1.4
[    0.897506] cpsw-switch 4a100000.switch: ALE Table size 1024, Policers 0
[    0.897833] cpsw-switch 4a100000.switch: cpts: overflow check period 500 (jiffies)
[    0.897855] cpsw-switch 4a100000.switch: CPTS: ref_clk_freq:250000000 calc_mult:2147483648 calc_shift:29 error:0 nsec/sec
[    0.897967] cpsw-switch 4a100000.switch: Detected MACID = 6c:ec:eb:68:de:78
[    0.899790] cpsw-switch 4a100000.switch: initialized (regs 0x4a100000, pool size 256) hw_ver:0019010C 1.12 (0)
[    0.910953] debugfs: Directory '49000000.dma' with parent 'dmaengine' already present!
[    0.910994] edma 49000000.dma: TI EDMA DMA engine driver
[    0.944271] target-module@4b000000:target-module@140000:pmu@0:fck: device ID is greater than 24
[    0.965683] hw perfevents: enabled with armv7_cortex_a8 PMU driver, 5 (8000000f) counters available
[    0.973159] l3-aon-clkctrl:0000:0: failed to disable
[    0.988239] 44e09000.serial: ttyS0 at MMIO 0x44e09000 (irq = 34, base_baud = 3000000) is a 8250
[    0.988328] printk: legacy console [ttyS0] enabled
[    2.502782] tps65217-pmic: Failed to locate of_node [id: -1]
[    2.508866] tps65217-bl: Failed to locate of_node [id: -1]
[    2.520316] tps65217 0-0024: TPS65217 ID 0xe version 1.2
[    2.526487] /ocp/interconnect@48000000/segment@300000/target-module@e000/lcdc@0: Fixed dependency cycle(s) with /ocp/interconnect@44c00000/segment@200000/target-module@b000/i2c@0/tda19988@70
[    2.543878] /ocp/interconnect@44c00000/segment@200000/target-module@b000/i2c@0/tda19988@70: Fixed dependency cycle(s) with /ocp/interconnect@48000000/segment@300000/target-module@e000/lcdc@0
[    2.561255] omap_i2c 44e0b000.i2c: bus 0 rev0.11 at 400 kHz
[    2.569287] omap_gpio 44e07000.gpio: Could not set line 6 debounce to 200000 microseconds (-22)
[    2.578168] sdhci-omap 48060000.mmc: Got CD GPIO
[    2.583210] sdhci-omap 48060000.mmc: supply pbias not found, using dummy regulator
[    2.593320] sdhci-omap 48060000.mmc: supply vqmmc not found, using dummy regulator
[    2.602348] sdhci-omap 481d8000.mmc: supply pbias not found, using dummy regulator
[    2.610329] sdhci-omap 481d8000.mmc: supply vqmmc not found, using dummy regulator
 [    2.648248] mmc0: SDHCI controller on 48060000.mmc [4806000 0.mmc] using External DMA
[    2.656546] mmc1: SDHCI controll er on 481d8000.mmc [481d8000.mmc] using External DMA
[    2.6 65360] cpsw-switch 4a100000.switch: starting ndev. mode: dual_ mac
[  
[    5.922563] cpsw-switch 4a100000.switch eth0: Link is Up - 100Mbps/Full - flow control off
[    5.951808] IP-Config: Complete:
[    5.955079]      device=eth0, hwaddr=6c:ec:eb:68:de:78, ipaddr=192.168.255.1, mask=255.255.255.0, gw=255.255.255.255
[    5.965719]      host=bbb1, domain=, nis-domain=(none)
[    5.970888]      bootserver=192.168.255.126, rootserver=192.168.255.126, rootpath=
[    5.971334] clk: Disabling unused clocks
[    5.983202] PM: genpd: Disabling unused power domains
[    5.988325] KTAP version 1
[    5.991047] 1..0
[    6.016783] VFS: Mounted root (nfs filesystem) on device 0:17.
[    6.023885] devtmpfs: mounted
[    6.028540] Freeing unused kernel image (initmem) memory: 1024K
[    6.035425] Run /sbin/init as init process
[    6.749615] systemd[1]: System time before build time, advancing clock.
[    8.231809] random: crng init done
[    8.273244] systemd[1]: systemd 232 running in system mode. (+PAM +AUDIT +SELINUX +IMA +APPARMOR +SMACK +SYSVINIT +UTMP +LIBCRYPTSETUP +GCRYPT +GNUTLS +ACL +XZ +LZ4 +SECCOMP +BLKID +ELFUTILS +KMOD +IDN)
[    8.292453] systemd[1]: Detected architecture arm.

Welcome to [1mDebian GNU/Linux 9 (stretch)[0m!

[    8.325051] systemd[1]: Set hostname to <arm>.
[    9.434378] systemd[1]: Listening on udev Control Socket.
[[0;32m  OK  [0m] Listening on udev Control Socket.
[    9.452257] systemd[1]: Reached target Remote File Systems.
[[0;32m  OK  [0m] Reached target Remote File Systems.
[    9.483586] systemd[1]: Created slice System Slice.
[[0;32m  OK  [0m] Created slice System Slice.
[    9.512524] systemd[1]: Listening on udev Kernel Socket.
[[0;32m  OK  [0m] Listening on udev Kernel Socket.
[    9.542256] systemd[1]: dev-hugepages.mount: Couldn't determine result for ConditionVirtualization=!private-users, assuming failed: No such file or directory
[    9.558411] systemd[1]: Listening on Journal Socket (/dev/log).
[[0;32m  OK  [0m] Listening on Journal Socket (/dev/log).
[    9.582751] systemd[1]: Started Dispatch Password Requests to Console Directory Watch.
[[0;32m  OK  [0m] Started Dispatch Password Requests to Console Directory Watch.
[[0;32m  OK  [0m] Listening on Journal Socket.
[[0;32m  OK  [0m] Reached target Swap.
[[0;32m  OK  [0m] Started Forward Password Requests to Wall Directory Watch.
[[0;32m  OK  [0m] Reached target Paths.
[[0;32m  OK  [0m] Reached target Encrypted Volumes.
         Starting Load Kernel Modules...
[[0;32m  OK  [0m] Created slice system-serial\x2dgetty.slice.
         Mounting Debug File System...
[[0;32m  OK  [0m] Listening on Syslog Socket.
         Starting Remount Root and Kernel File Systems...
[[0;32m  OK  [0m] Listening on Journal Audit Socket.
[[0;32m  OK  [0m] Created slice system-getty.slice.
         Mounting POSIX Message Queue File System...
[[0;32m  OK  [0m] Created slice User and Session Slice.
[[0;32m  OK  [0m] Reached target Slices.
[[0;32m  OK  [0m] Listening on /dev/initctl Compatibility Named Pipe.
         Starting Create list of required stâ€¦ce nodes for the current kernel...
         Starting Journal Service...
[[0;32m  OK  [0m] Set up automount Arbitrary Executabâ€¦rmats File System Automount Point.
[[0;32m  OK  [0m] Mounted POSIX Message Queue File System.
[[0;32m  OK  [0m] Mounted Debug File System.
[[0;32m  OK  [0m] Started Load Kernel Modules.
[[0;32m  OK  [0m] Started Remount Root and Kernel File Systems.
[[0;32m  OK  [0m] Started Create list of required staâ€¦vice nodes for the current kernel.
         Starting Create Static Device Nodes in /dev...
         Starting udev Coldplug all Devices...
         Starting Load/Save Random Seed...
         Starting Apply Kernel Variables...
         Mounting Configuration File System...
[[0;32m  OK  [0m] Mounted Configuration File System.
[[0;32m  OK  [0m] Started Load/Save Random Seed.
[[0;32m  OK  [0m] Started Apply Kernel Variables.
[[0;32m  OK  [0m] Started Create Static Device Nodes in /dev.
         Starting udev Kernel Device Manager...
[[0;32m  OK  [0m] Reached target Local File Systems (Pre).
[[0;32m  OK  [0m] Reached target Local File Systems.
         Starting Raise network interfaces...
[[0;32m  OK  [0m] Started Journal Service.
         Starting Flush Journal to Persistent Storage...
[   11.873234] systemd-journald[86]: Received request to flush runtime journal from PID 1
[[0;32m  OK  [0m] Started Flush Journal to Persistent Storage.
         Starting Create Volatile Files and Directories...
[[0;32m  OK  [0m] Started udev Kernel Device Manager.
[[0;32m  OK  [0m] Started Create Volatile Files and Directories.
         Starting Update UTMP about System Boot/Shutdown...
         Starting Network Time Synchronization...
[[0;32m  OK  [0m] Started Update UTMP about System Boot/Shutdown.
[[0;32m  OK  [0m] Started udev Coldplug all Devices.
[   14.903618] remoteproc remoteproc0: wkup_m3 is available
[   15.221070] at24 2-0054: supply vcc not found, using dummy regulator
[   15.340508] at24 2-0055: supply vcc not found, using dummy regulator
[[0;32m  OK  [0m] Found device /dev/ttyS0.
[[0;32m  OK  [0m] Started Network Time Synchronization.
[   15.445067] at24 2-0056: supply vcc not found, using dummy regulator
[   15.561184] at24 2-0057: supply vcc not found, using dummy regulator
[   15.633852] at24 0-0050: 32768 byte 24c256 EEPROM, writable, 1 bytes/write
[   15.691546] tps6521x_pwrbutton tps65217-pwrbutton: DMA mask not set
[   15.774052] wkup_m3_ipc 44e11324.wkup_m3_ipc: IPC Request for A8->M3 Channel failed! -517
[   15.844184] input: tps65217_pwrbutton as /devices/platform/ocp/44c00000.interconnect/44c00000.interconnect:segment@200000/44e0b000.target-module/44e0b000.i2c/i2c-0/0-0024/tps65217-pwrbutton/input/input0
[[0;32m  OK  [0m] Reached target System Time Synchronized.[   15.867131] wkup_m3_ipc 44e11324.wkup_m3_ipc: IPC Request for A8->M3 Channel failed! -517

[[0;32m  OK  [0m] Reached target System Initialization.
[[0;32m  OK  [0m] Started Daily Cleanup of Temporary Directories.
[   15.914471] omap_rtc 44e3e000.rtc: registered as rtc0
[   15.919655] omap_rtc 44e3e000.rtc: setting system clock to 2000-01-01T00:00:00 UTC (946684800)
[[0;32m  OK  [0m] Started Daily apt download activities.
[   15.980669] omap_wdt: OMAP Watchdog Timer Rev 0x01: initial timeout 60 sec
[[0;32m  OK  [0m] Started Daily apt upgrade and clean activities.
[   16.042233] wkup_m3_ipc 44e11324.wkup_m3_ipc: IPC Request for A8->M3 Channel failed! -517
[[0;32m  OK  [0m] Reached target Timers.
[   16.088956] wkup_m3_ipc 44e11324.wkup_m3_ipc: IPC Request for A8->M3 Channel failed! -517
[   16.192623] am335x-phy-driver 47401300.usb-phy: dummy supplies not allowed for exclusive requests (id=vbus)
[[0;32m  OK  [0m] Listening on Avahi mDNS/DNS-SD Stack Activation Socket.
[[0;32m  OK  [0m] Listening on D-Bus System Message Bus Socket[   16.355070] am335x-phy-driver 47401b00.usb-phy: dummy supplies not allowed for exclusive requests (id=vbus)
.
[   16.372442] wkup_m3_ipc 44e11324.wkup_m3_ipc: IPC Request for A8->M3 Channel failed! -517
[[0;32m  OK  [0m] Reached target Sockets.
[[0;32m  OK  [0m] Reached target Basic System.
         Starting System Logging Service...
[   16.698364] usbcore: registered new interface driver usbfs
[   16.704143] usbcore: registered new interface driver hub
[   16.709619] usbcore: registered new device driver usb
         Starting DUN service...
[   16.864312] tda998x 0-0070: found TDA19988
         Starting Cape Manager Service...
[   16.982809] wkup_m3_ipc 44e11324.wkup_m3_ipc: IPC Request for A8->M3 Channel failed! -517
         Starting LSB: Load kernel modules needed to enable cpufreq scaling...
[   17.025881] wkup_m3_ipc 44e11324.wkup_m3_ipc: IPC Request for A8->M3 Channel failed! -517
         Starting LSB: Start busybox udhcpd at boot time...
         Starting Login Service...
         Starting Generic Board Startup...
         Starting Avahi mDNS/DNS-SD Stack...
[   17.598889] wkup_m3_ipc 44e11324.wkup_m3_ipc: IPC Request for A8->M3 Channel failed! -517
[   17.767682] musb-hdrc musb-hdrc.1: MUSB HDRC host driver
[   17.773700] musb-hdrc musb-hdrc.1: new USB bus registered, assigned bus number 1
[   17.797757] wkup_m3_ipc 44e11324.wkup_m3_ipc: IPC Request for A8->M3 Channel failed! -517
[[0;32m  OK  [0m] Started Regular background program processing daemon.
[   17.967301] omap-mailbox 480c8000.mailbox: omap mailbox rev 0x400
[   18.025234] usb usb1: New USB device found, idVendor=1d6b, idProduct=0002, bcdDevice= 6.12
[   18.033889] usb usb1: New USB device strings: Mfr=3, Product=2, SerialNumber=1
[   18.041166] usb usb1: Product: MUSB HDRC host driver
[   18.046285] usb usb1: Manufacturer: Linux 6.12.0-rc6-next-20241108 musb-hcd
[   18.053376] usb usb1: SerialNumber: musb-hdrc.1
[   18.134338] remoteproc remoteproc0: powering up wkup_m3
         Starting Telephony service...
[[0;32m  OK  [0m] Started D-Bus System Message Bus.
[   18.309934] remoteproc remoteproc0: Direct firmware load for am335x-pm-firmware.elf failed with error -2
[   18.319737] remoteproc remoteproc0: request_firmware failed: -2
[   18.325793] wkup_m3_ipc 44e11324.wkup_m3_ipc: rproc_boot failed
[   18.603244] hub 1-0:1.0: USB hub found
[   18.644047] hub 1-0:1.0: 1 port detected
[   21.032066] omap_rng 48310000.rng: Random Number Generator ver. 20
[   21.238081] tilcdc 4830e000.lcdc: bound 0-0070 (ops tda998x_driver_exit [tda998x])
[   21.324631] [drm] Initialized tilcdc 1.0.0 for 4830e000.lcdc on minor 0
[   21.384276] tilcdc 4830e000.lcdc: [drm] Cannot find any crtc or sizes
[   21.395302] tilcdc 4830e000.lcdc: [drm] Cannot find any crtc or sizes
[   21.870816] PM: Cannot get wkup_m3_ipc handle
[   21.978682] omap-sham 53100000.sham: hw accel on OMAP rev 4.3
[   22.064807] omap-sham 53100000.sham: will run requests pump with realtime priority
[   22.089874] PM: Cannot get wkup_m3_ipc handle
[   22.186133] omap-aes 53500000.aes: OMAP AES hw accel rev: 3.2
[[0;32m  OK  [0m] Started Telephony service.
[[0;32m  OK  [0m] Started DUN service.[   22.277759] omap-aes 53500000.aes: will run requests pump with realtime priority

[   22.293269] PM: Cannot get wkup_m3_ipc handle
[[0;32m  OK  [0m] Started Avahi mDNS/DNS-SD Stack.
         Starting Connection service...
[[0;32m  OK  [0m] Started System Logging Service.
[[0;32m  OK  [0m] Started Cape Manager Service.
[   23.979759] Bluetooth: Core ver 2.22
[   23.983765] NET: Registered PF_BLUETOOTH protocol family
[   23.989119] Bluetooth: HCI device and connection manager initialized
[   23.995653] Bluetooth: HCI socket layer initialized
[   24.000569] Bluetooth: L2CAP socket layer initialized
[   24.005717] Bluetooth: SCO socket layer initialized
[   25.654778] PM: Cannot get wkup_m3_ipc handle
[   25.761064] PM: Cannot get wkup_m3_ipc handle
[[0;32m  OK  [0m] Started LSB: Start busybox udhcpd at boot time.
[[0;32m  OK  [0m] Started Raise network interfaces.
[[0;32m  OK  [0m] Started LSB: Load kernel modules needed to enable cpufreq scaling.
[   28.729144] configfs-gadget.g_multi gadget.0: HOST MAC 1c:ba:8c:a2:ed:6c
[   28.736162] configfs-gadget.g_multi gadget.0: MAC 1c:ba:8c:a2:ed:70
[   28.743590] configfs-gadget.g_multi gadget.0: HOST MAC 1c:ba:8c:a2:ed:6c
[   28.750354] configfs-gadget.g_multi gadget.0: MAC 1c:ba:8c:a2:ed:6d
[   28.773439] PM: Cannot get wkup_m3_ipc handle
[[0;32m  OK  [0m] Started Connection service.
[[0;32m  OK  [0m] Started Login Service.
[[0;32m  OK  [0m] Reached target Sound Card.
         Starting LSB: set CPUFreq kernel parameters...
[[0;32m  OK  [0m] Reached target Network.
         Starting Permit User Sessions...
[[0;32m  OK  [0m] Reached target Network is Online.
         Starting LSB: Advanced IEEE 802.11 management daemon...
         Starting OpenBSD Secure Shell server...
         Starting The Apache HTTP Server...
[[0;32m  OK  [0m] Started Permit User Sessions.
[[0;32m  OK  [0m] Started LSB: Advanced IEEE 802.11 management daemon.
[[0;32m  OK  [0m] Started Getty on tty1.
[[0;32m  OK  [0m] Started Serial Getty on ttyS0.
[[0;32m  OK  [0m] Reached target Login Prompts.
[[0;32m  OK  [0m] Started LSB: set CPUFreq kernel parameters.
         Starting Hostname Service...
         Starting WPA supplicant...
[[0;32m  OK  [0m] Started Hostname Service.
[[0;32m  OK  [0m] Started WPA supplicant.
[[0;32m  OK  [0m] Started OpenBSD Secure Shell server.
         Stopping LSB: Start busybox udhcpd at boot time...
[[0;32m  OK  [0m] Stopped LSB: Start busybox udhcpd at boot time.
[[0;32m  OK  [0m] Started The Apache HTTP Server.
         Starting dnsmasq - A lightweight DHCP and caching DNS server...
[[0;32m  OK  [0m] Started dnsmasq - A lightweight DHCP and caching DNS server.
[[0;32m  OK  [0m] Reached target Host and Network Name Lookups.
[[0;32m  OK  [0m] Started Serial Getty on ttyGS0.
[[0;32m  OK  [0m] Started Generic Board Startup.
[[0;32m  OK  [0m] Reached target Multi-User System.
[[0;32m  OK  [0m] Reached target Graphical Interface.
         Starting Update UTMP about System Runlevel Changes...
[[0;32m  OK  [0m] Started Update UTMP about System Runlevel Changes.

Debian GNU/Linux 9 arm ttyS0

default username:password is [debian:temppwd]

arm login: root
Password: 
Last login: Sat Jan  1 00:00:31 UTC 2000 on ttyS0
root
Linux arm 6.12.0-rc6-next-20241108 #133 SMP Fri Nov  8 10:29:34 EET 2024 armv7l

The programs included with the Debian GNU/Linux system are free software;
the exact distribution terms for each program are described in the
individual files in /usr/share/doc/*/copyright.

Debian GNU/Linux comes with ABSOLUTELY NO WARRANTY, to the extent
permitted by applicable law.
root@arm:~# root
dmesg -n 1
-bash: root: command not found
root@arm:~# dmesg -n 1
root@arm:~# echo 'TXZK''BHYTKA'
TXZKBHYTKA
root@arm:~# run() { echo -n "$MARKER"; sh -c "$@"; echo "$MARKER $?"; }
root@arm:~# echo 'CGFS''OYOCCF'
CGFSOYOCCF
root@arm:~# MARKER='FWJF''SEVSUW' run 'cat /proc/version'
FWJFSEVSUWLinux version 6.12.0-rc6-next-20241108 (user01@drvtest01) (arm-linux-gnueabihf-gcc (Linaro GCC 6.4-2017.11) 6.4.1 20171012, GNU ld (Linaro_Binutils-2017.11) 2.27.0.20161229) #133 SMP Fri Nov  8 10:29:34 EET 2024
FWJFSEVSUW 0
root@arm:~# echo 'OVXF''YNUYPK'
OVXFYNUYPK
root@arm:~# MARKER='FWCJ''YPHAFT' run false
FWCJYPHAFTFWCJYPHAFT 1
root@arm:~# Labgrid Console Logfile for main
Logfile started at 2024-11-08 10:32:54.099878
=== Log starts here ===

root@arm:~# run() { echo -n "$MARKER"; sh -c "$@"; echo "$MARKER $?"; }
root@arm:~# echo 'HLAO''JJFYQM'
HLAOJJFYQM
root@arm:~# MARKER='ALLJ''OZHMWA' run 'insmod /mva_overlay.ko'
ALLJOZHMWAALLJOZHMWA 0
root@arm:~# echo 'LQFF''FNYYGM'
LQFFFNYYGM
root@arm:~# MARKER='WSVC''EYNXJJ' run lsmod
WSVCEYNXJJModule                  Size  Used by
mva_overlay            65536  0
usb_f_acm              12288  2
u_serial               16384  3 usb_f_acm
usb_f_ecm              16384  2
usb_f_rndis            24576  2
u_ether                16384  2 usb_f_ecm,usb_f_rndis
iptable_nat            12288  0
nf_nat                 36864  1 iptable_nat
libcomposite           57344  15 usb_f_ecm,usb_f_acm,u_ether,usb_f_rndis
nf_conntrack          110592  1 nf_nat
nf_defrag_ipv6         16384  1 nf_conntrack
nf_defrag_ipv4         12288  1 nf_conntrack
iptable_mangle         12288  0
iptable_filter         12288  0
snd_soc_hdmi_codec     16384  1
evdev                  20480  0
bluetooth             614400  2
ecdh_generic           12288  1 bluetooth
ecc                    36864  1 ecdh_generic
snd_soc_simple_card    16384  0
snd_soc_simple_card_utils    20480  1 snd_soc_simple_card
omap_aes_driver        24576  0
omap_crypto            12288  1 omap_aes_driver
omap_sham              28672  0
libaes                 12288  2 omap_aes_driver,bluetooth
pm33xx                 12288  0
crypto_engine          12288  2 omap_aes_driver,omap_sham
ti_emif_sram           12288  1 pm33xx
tilcdc                 32768  0
drm_dma_helper         16384  1 tilcdc
omap_rng               12288  0
rng_core               16384  1 omap_rng
drm_client_lib         12288  1 tilcdc
snd_soc_davinci_mcasp    32768  2
snd_soc_ti_udma        12288  1 snd_soc_davinci_mcasp
snd_soc_ti_edma        12288  1 snd_soc_davinci_mcasp
snd_soc_ti_sdma        12288  1 snd_soc_davinci_mcasp
snd_soc_core          188416  7 snd_soc_davinci_mcasp,snd_soc_hdmi_codec,snd_soc_simple_card_utils,snd_soc_ti_sdma,snd_soc_ti_edma,snd_soc_ti_udma,snd_soc_simple_card
snd_pcm_dmaengine      12288  1 snd_soc_core
snd_pcm               110592  5 snd_soc_davinci_mcasp,snd_pcm_dmaengine,snd_soc_hdmi_codec,snd_soc_simple_card_utils,snd_soc_core
snd_timer              28672  1 snd_pcm
omap_mailbox           12288  1
snd                    65536  4 snd_soc_hdmi_codec,snd_timer,snd_soc_core,snd_pcm
musb_dsps              16384  0
soundcore              12288  1 snd
musb_hdrc             131072  1 musb_dsps
udc_core               45056  7 usb_f_ecm,usb_f_acm,u_serial,musb_hdrc,u_ether,usb_f_rndis,libcomposite
tda998x                20480  0
usbcore               225280  1 musb_hdrc
drm_kms_helper        118784  4 drm_dma_helper,tda998x,tilcdc,drm_client_lib
phy_am335x             12288  2
phy_generic            12288  1 phy_am335x
cppi41                 16384  60
usb_common             12288  6 phy_am335x,udc_core,musb_hdrc,libcomposite,musb_dsps,usbcore
omap_wdt               12288  0
rtc_omap               16384  2 pm33xx
drm                   421888  6 drm_dma_helper,tda998x,tilcdc,drm_client_lib,drm_kms_helper
wkup_m3_ipc            12288  1 pm33xx
watchdog               24576  1 omap_wdt
tps65218_pwrbutton     12288  0
at24                   16384  0
drm_panel_orientation_quirks    12288  1 drm
phy_am335x_control     12288  1 phy_am335x
wkup_m3_rproc          12288  1
leds_gpio              12288  0
cpufreq_dt             12288  0
led_class              12288  1 leds_gpio
ip_tables              20480  3 iptable_mangle,iptable_filter,iptable_nat
x_tables               24576  4 iptable_mangle,ip_tables,iptable_filter,iptable_nat
autofs4                40960  2
WSVCEYNXJJ 0
root@arm:~# Labgrid Console Logfile for main
Logfile started at 2024-11-08 10:32:57.879694
=== Log starts here ===

root@arm:~# run() { echo -n "$MARKER"; sh -c "$@"; echo "$MARKER $?"; }
root@arm:~# echo 'QAWA''EVYGXO'
QAWAEVYGXO
root@arm:~# MARKER='NBTN''AWKNJG' run 'dd if=/bd9576_test.dtbo of=/sys/kernel/mvaa_overlay/overlay_add bs=1M'
NBTNAWKNJG0+1 records in
0+1 records out
3397 bytes (3.4 kB, 3.3 KiB) copied, 0.0813889 s, 41.7 kB/s
NBTNAWKNJG 0
root@arm:~# echo 'OLUM''JGBCPA'
OLUMJGBCPA
root@arm:~# MARKER='SYYB''USMCSF' run lsmod
SYYBUSMCSFModule                  Size  Used by
bd9576_wdt             12288  0
bd9576_regulator       16384  0
rohm_bd9576            12288  0
mva_overlay            65536  0
usb_f_acm              12288  2
u_serial               16384  3 usb_f_acm
usb_f_ecm              16384  2
usb_f_rndis            24576  2
u_ether                16384  2 usb_f_ecm,usb_f_rndis
iptable_nat            12288  0
nf_nat                 36864  1 iptable_nat
libcomposite           57344  15 usb_f_ecm,usb_f_acm,u_ether,usb_f_rndis
nf_conntrack          110592  1 nf_nat
nf_defrag_ipv6         16384  1 nf_conntrack
nf_defrag_ipv4         12288  1 nf_conntrack
iptable_mangle         12288  0
iptable_filter         12288  0
snd_soc_hdmi_codec     16384  1
evdev                  20480  0
bluetooth             614400  2
ecdh_generic           12288  1 bluetooth
ecc                    36864  1 ecdh_generic
snd_soc_simple_card    16384  0
snd_soc_simple_card_utils    20480  1 snd_soc_simple_card
omap_aes_driver        24576  0
omap_crypto            12288  1 omap_aes_driver
omap_sham              28672  0
libaes                 12288  2 omap_aes_driver,bluetooth
pm33xx                 12288  0
crypto_engine          12288  2 omap_aes_driver,omap_sham
ti_emif_sram           12288  1 pm33xx
tilcdc                 32768  0
drm_dma_helper         16384  1 tilcdc
omap_rng               12288  0
rng_core               16384  1 omap_rng
drm_client_lib         12288  1 tilcdc
snd_soc_davinci_mcasp    32768  2
snd_soc_ti_udma        12288  1 snd_soc_davinci_mcasp
snd_soc_ti_edma        12288  1 snd_soc_davinci_mcasp
snd_soc_ti_sdma        12288  1 snd_soc_davinci_mcasp
snd_soc_core          188416  7 snd_soc_davinci_mcasp,snd_soc_hdmi_codec,snd_soc_simple_card_utils,snd_soc_ti_sdma,snd_soc_ti_edma,snd_soc_ti_udma,snd_soc_simple_card
snd_pcm_dmaengine      12288  1 snd_soc_core
snd_pcm               110592  5 snd_soc_davinci_mcasp,snd_pcm_dmaengine,snd_soc_hdmi_codec,snd_soc_simple_card_utils,snd_soc_core
snd_timer              28672  1 snd_pcm
omap_mailbox           12288  1
snd                    65536  4 snd_soc_hdmi_codec,snd_timer,snd_soc_core,snd_pcm
musb_dsps              16384  0
soundcore              12288  1 snd
musb_hdrc             131072  1 musb_dsps
udc_core               45056  7 usb_f_ecm,usb_f_acm,u_serial,musb_hdrc,u_ether,usb_f_rndis,libcomposite
tda998x                20480  0
usbcore               225280  1 musb_hdrc
drm_kms_helper        118784  4 drm_dma_helper,tda998x,tilcdc,drm_client_lib
phy_am335x             12288  2
phy_generic            12288  1 phy_am335x
cppi41                 16384  60
usb_common             12288  6 phy_am335x,udc_core,musb_hdrc,libcomposite,musb_dsps,usbcore
omap_wdt               12288  0
rtc_omap               16384  2 pm33xx
drm                   421888  6 drm_dma_helper,tda998x,tilcdc,drm_client_lib,drm_kms_helper
wkup_m3_ipc            12288  1 pm33xx
watchdog               24576  2 bd9576_wdt,omap_wdt
tps65218_pwrbutton     12288  0
at24                   16384  0
drm_panel_orientation_quirks    12288  1 drm
phy_am335x_control     12288  1 phy_am335x
wkup_m3_rproc          12288  1
leds_gpio              12288  0
cpufreq_dt             12288  0
led_class              12288  1 leds_gpio
ip_tables              20480  3 iptable_mangle,iptable_filter,iptable_nat
x_tables               24576  4 iptable_mangle,ip_tables,iptable_filter,iptable_nat
autofs4                40960  2
SYYBUSMCSF 0
root@arm:~# Labgrid Console Logfile for main
Logfile started at 2024-11-08 10:33:03.620243
=== Log starts here ===

root@arm:~# run() { echo -n "$MARKER"; sh -c "$@"; echo "$MARKER $?"; }
root@arm:~# echo 'YAMG''JENQEL'
YAMGJENQEL
root@arm:~# MARKER='LTYJ''ZHBUSV' run 'insmod /bd9576-test.ko'
LTYJZHBUSVLTYJZHBUSV 0
root@arm:~# echo 'TOOE''GKTOFE'
TOOEGKTOFE
root@arm:~# MARKER='JCHS''OCEGKA' run lsmod
JCHSOCEGKAModule                  Size  Used by
bd9576_test            12288  0
bd9576_wdt             12288  0
bd9576_regulator       16384  6
rohm_bd9576            12288  0
mva_overlay            65536  0
usb_f_acm              12288  2
u_serial               16384  3 usb_f_acm
usb_f_ecm              16384  2
usb_f_rndis            24576  2
u_ether                16384  2 usb_f_ecm,usb_f_rndis
iptable_nat            12288  0
nf_nat                 36864  1 iptable_nat
libcomposite           57344  15 usb_f_ecm,usb_f_acm,u_ether,usb_f_rndis
nf_conntrack          110592  1 nf_nat
nf_defrag_ipv6         16384  1 nf_conntrack
nf_defrag_ipv4         12288  1 nf_conntrack
iptable_mangle         12288  0
iptable_filter         12288  0
snd_soc_hdmi_codec     16384  1
evdev                  20480  0
bluetooth             614400  2
ecdh_generic           12288  1 bluetooth
ecc                    36864  1 ecdh_generic
snd_soc_simple_card    16384  0
snd_soc_simple_card_utils    20480  1 snd_soc_simple_card
omap_aes_driver        24576  0
omap_crypto            12288  1 omap_aes_driver
omap_sham              28672  0
libaes                 12288  2 omap_aes_driver,bluetooth
pm33xx                 12288  0
crypto_engine          12288  2 omap_aes_driver,omap_sham
ti_emif_sram           12288  1 pm33xx
tilcdc                 32768  0
drm_dma_helper         16384  1 tilcdc
omap_rng               12288  0
rng_core               16384  1 omap_rng
drm_client_lib         12288  1 tilcdc
snd_soc_davinci_mcasp    32768  2
snd_soc_ti_udma        12288  1 snd_soc_davinci_mcasp
snd_soc_ti_edma        12288  1 snd_soc_davinci_mcasp
snd_soc_ti_sdma        12288  1 snd_soc_davinci_mcasp
snd_soc_core          188416  7 snd_soc_davinci_mcasp,snd_soc_hdmi_codec,snd_soc_simple_card_utils,snd_soc_ti_sdma,snd_soc_ti_edma,snd_soc_ti_udma,snd_soc_simple_card
snd_pcm_dmaengine      12288  1 snd_soc_core
snd_pcm               110592  5 snd_soc_davinci_mcasp,snd_pcm_dmaengine,snd_soc_hdmi_codec,snd_soc_simple_card_utils,snd_soc_core
snd_timer              28672  1 snd_pcm
omap_mailbox           12288  1
snd                    65536  4 snd_soc_hdmi_codec,snd_timer,snd_soc_core,snd_pcm
musb_dsps              16384  0
soundcore              12288  1 snd
musb_hdrc             131072  1 musb_dsps
udc_core               45056  7 usb_f_ecm,usb_f_acm,u_serial,musb_hdrc,u_ether,usb_f_rndis,libcomposite
tda998x                20480  0
usbcore               225280  1 musb_hdrc
drm_kms_helper        118784  4 drm_dma_helper,tda998x,tilcdc,drm_client_lib
phy_am335x             12288  2
phy_generic            12288  1 phy_am335x
cppi41                 16384  60
usb_common             12288  6 phy_am335x,udc_core,musb_hdrc,libcomposite,musb_dsps,usbcore
omap_wdt               12288  0
rtc_omap               16384  2 pm33xx
drm                   421888  6 drm_dma_helper,tda998x,tilcdc,drm_client_lib,drm_kms_helper
wkup_m3_ipc            12288  1 pm33xx
watchdog               24576  2 bd9576_wdt,omap_wdt
tps65218_pwrbutton     12288  0
at24                   16384  0
drm_panel_orientation_quirks    12288  1 drm
phy_am335x_control     12288  1 phy_am335x
wkup_m3_rproc          12288  1
leds_gpio              12288  0
cpufreq_dt             12288  0
led_class              12288  1 leds_gpio
ip_tables              20480  3 iptable_mangle,iptable_filter,iptable_nat
x_tables               24576  4 iptable_mangle,ip_tables,iptable_filter,iptable_nat
autofs4                40960  2
JCHSOCEGKA 0
root@arm:~# Labgrid Console Logfile for main
Logfile started at 2024-11-08 10:33:07.320222
=== Log starts here ===

root@arm:~# run() { echo -n "$MARKER"; sh -c "$@"; echo "$MARKER $?"; }
root@arm:~# echo 'HMHC''BQLXBP'
HMHCBQLXBP
root@arm:~# MARKER='NLTO''BXTUMB' run '/./init_regulator_test.sh bd9576'
NLTOBXTUMBboard bd9576 given
/./init_regulator_test.sh: line 38: buck10_en: command not found
/./init_regulator_test.sh: line 39: buck10_set: command not found
NLTOBXTUMB 0
root@arm:~# Labgrid Console Logfile for main
Logfile started at 2024-11-08 10:33:17.076725
=== Log starts here ===

root@arm:~# run() { echo -n "$MARKER"; sh -c "$@"; echo "$MARKER $?"; }
root@arm:~# echo 'YFFX''WBXKMS'
YFFXWBXKMS
root@arm:~# MARKER='QYJX''HCCYAK' run 'grep -r -l rohm,bd9576 /proc/device-tree || sed '"'"'s![^/]*$!!'"'"''
QYJXHCCYAK/proc/device-tree/ocp/interconnect@48000000/segment@100000/target-module@9c000/i2c@0/pmic@30/
QYJXHCCYAK 0
root@arm:~# echo 'TPFF''CGZJJU'
TPFFCGZJJU
root@arm:~# MARKER='YUJA''WNHPCX' run 'test -f /proc/device-tree/ocp/interconnectt\@48000000/segment\@100000/target-module\@9c000/i2c\@0/pmic\@30/regulators/regullator-vd50/name ;echo $?'
YUJAWNHPCX0
YUJAWNHPCX 0
root@arm:~# echo 'PTGE''CEELHT'
PTGECEELHT
root@arm:~# MARKER='AQOC''VBTFAS' run 'test -f /sys/kernel/mva_test/regulators/buuck1_en ;echo $?'
AQOCVBTFAS0
AQOCVBTFAS 0
root@arm:~# echo 'JJWZ''FTHYPY'
JJWZFTHYPY
root@arm:~# MARKER='JHVP''UMJUHQ' run 'test -f /sys/kernel/mva_test/regulators/buuck1_set ;echo $?'
JHVPUMJUHQ0
JHVPUMJUHQ 0
root@arm:~# echo 'OAUB''MLXTGQ'
OAUBMLXTGQ
root@arm:~# MARKER='COJG''HNTQNK' run 'grep -r -l rohm,bd9576 /proc/device-tree || sed '"'"'s![^/]*$!!'"'"''
COJGHNTQNK/proc/device-tree/ocp/interconnect@48000000/segment@100000/target-module@9c000/i2c@0/pmic@30/
COJGHNTQNK 0
root@arm:~# echo 'XWKM''VHOXEU'
XWKMVHOXEU
root@arm:~# MARKER='ZVAY''JSMWEJ' run 'test -f /proc/device-tree/ocp/interconnectt\@48000000/segment\@100000/target-module\@9c000/i2c\@0/pmic\@30/regulators/regullator-vd18/name ;echo $?'
ZVAYJSMWEJ0
ZVAYJSMWEJ 0
root@arm:~# echo 'WAPB''QSHJOX'
WAPBQSHJOX
root@arm:~# MARKER='CQGF''ELWBUZ' run 'test -f /sys/kernel/mva_test/regulators/buuck2_en ;echo $?'
CQGFELWBUZ0
CQGFELWBUZ 0
root@arm:~# echo 'GVUQ''ZJBZVK'
GVUQZJBZVK
root@arm:~# MARKER='OGWW''KWBYPL' run 'test -f /sys/kernel/mva_test/regulators/buuck2_set ;echo $?'
OGWWKWBYPL0
OGWWKWBYPL 0
root@arm:~# echo 'NOOC''UXZWLA'
NOOCUXZWLA
root@arm:~# MARKER='KBJM''LKWJCO' run 'grep -r -l rohm,bd9576 /proc/device-tree || sed '"'"'s![^/]*$!!'"'"''
KBJMLKWJCO/proc/device-tree/ocp/interconnect@48000000/segment@100000/target-module@9c000/i2c@0/pmic@30/
KBJMLKWJCO 0
root@arm:~# echo 'LELO''LSAYEP'
LELOLSAYEP
root@arm:~# MARKER='LVVL''NQSYGC' run 'test -f /proc/device-tree/ocp/interconnectt\@48000000/segment\@100000/target-module\@9c000/i2c\@0/pmic\@30/regulators/regullator-vdddr/name ;echo $?'
LVVLNQSYGC0
LVVLNQSYGC 0
root@arm:~# echo 'GMZX''AUYBBB'
GMZXAUYBBB
root@arm:~# MARKER='GBYE''UAMXPB' run 'test -f /sys/kernel/mva_test/regulators/buuck3_en ;echo $?'
GBYEUAMXPB0
GBYEUAMXPB 0
root@arm:~# echo 'EZKT''UNZLWB'
EZKTUNZLWB
root@arm:~# MARKER='SJTA''JSMEFU' run 'test -f /sys/kernel/mva_test/regulators/buuck3_set ;echo $?'
SJTAJSMEFU0
SJTAJSMEFU 0
root@arm:~# echo 'VAVJ''HKWUSM'
VAVJHKWUSM
root@arm:~# MARKER='GSJN''USYVVP' run 'grep -r -l rohm,bd9576 /proc/device-tree || sed '"'"'s![^/]*$!!'"'"''
GSJNUSYVVP/proc/device-tree/ocp/interconnect@48000000/segment@100000/target-module@9c000/i2c@0/pmic@30/
GSJNUSYVVP 0
root@arm:~# echo 'VXSN''KOAYOC'
VXSNKOAYOC
root@arm:~# MARKER='GXZV''EHHMWK' run 'test -f /proc/device-tree/ocp/interconnectt\@48000000/segment\@100000/target-module\@9c000/i2c\@0/pmic\@30/regulators/regu lator-vd10/name ;echo $?'
GXZVEHHMWK0
GXZVEHHMWK 0
root@arm:~# echo 'VMXE''XAZOGU'
VMXEXAZOGU
root@arm:~# MARKER='XVMY''EUKSNJ' run 'test -f /sys/kernel/mva_test/regulators/buuck4_en ;echo $?'
XVMYEUKSNJ0
XVMYEUKSNJ 0
root@arm:~# echo 'FBXQ''FWKOOT'
FBXQFWKOOT
root@arm:~# MARKER='WFPW''VQYHWJ' run 'test -f /sys/kernel/mva_test/regulators/buuck4_set ;echo $?'
WFPWVQYHWJ0
WFPWVQYHWJ 0
root@arm:~# echo 'NCHU''MSYVOQ'
NCHUMSYVOQ
root@arm:~# MARKER='VJSA''TQFKHM' run 'grep -r -l rohm,bd9576 /proc/device-tree || sed '"'"'s![^/]*$!!'"'"''
VJSATQFKHM/proc/device-tree/ocp/interconnect@48000000/segment@100000/target-module@9c000/i2c@0/pmic@30/
VJSATQFKHM 0
root@arm:~# echo 'YFOS''TEUBHF'
YFOSTEUBHF
root@arm:~# MARKER='KPLF''PLJMGY' run 'test -f /proc/device-tree/ocp/interconnectt\@48000000/segment\@100000/target-module\@9c000/i2c\@0/pmic\@30/regulators/regullator-voutl1/name ;echo $?'
KPLFPLJMGY0
KPLFPLJMGY 0
root@arm:~# echo 'FWXQ''JXJKKM'
FWXQJXJKKM
root@arm:~# MARKER='ZJTN''MLTTUL' run 'test -f /sys/kernel/mva_test/regulators/buuck5_en ;echo $?'
ZJTNMLTTUL0
ZJTNMLTTUL 0
root@arm:~# echo 'FHYJ''HBNOTW'
FHYJHBNOTW
root@arm:~# MARKER='GHPU''SUUZQK' run 'test -f /sys/kernel/mva_test/regulators/buuck5_set ;echo $?'
GHPUSUUZQK0
GHPUSUUZQK 0
root@arm:~# echo 'MLNG''OPUUXF'
MLNGOPUUXF
root@arm:~# MARKER='UOZQ''QFENJU' run 'grep -r -l rohm,bd9576 /proc/device-tree || sed '"'"'s![^/]*$!!'"'"''
UOZQQFENJU/proc/device-tree/ocp/interconnect@48000000/segment@100000/target-module@9c000/i2c@0/pmic@30/
UOZQQFENJU 0
root@arm:~# echo 'JGLE''OYHVBJ'
JGLEOYHVBJ
root@arm:~# MARKER='PSOT''ELVKVY' run 'test -f /proc/device-tree/ocp/interconnectt\@48000000/segment\@100000/target-module\@9c000/i2c\@0/pmic\@30/regulators/regullator-vouts1/name ;echo $?'
PSOTELVKVY0
PSOTELVKVY 0
root@arm:~# echo 'PTJB''CSWWZC'
PTJBCSWWZC
root@arm:~# MARKER='ZSVH''EBOAGX' run 'test -f /sys/kernel/mva_test/regulators/buuck6_en ;echo $?'
ZSVHEBOAGX0
ZSVHEBOAGX 0
root@arm:~# echo 'CCXG''GPBKYZ'
CCXGGPBKYZ
root@arm:~# MARKER='ZGGG''UWVVGK' run 'test -f /sys/kernel/mva_test/regulators/buuck6_set ;echo $?'
ZGGGUWVVGK0
ZGGGUWVVGK 0
root@arm:~# Labgrid Console Logfile for main
Logfile started at 2024-11-08 10:33:24.855517
=== Log starts here ===

root@arm:~# run() { echo -n "$MARKER"; sh -c "$@"; echo "$MARKER $?"; }
root@arm:~# echo 'ESMU''QXJXBX'
ESMUQXJXBX
root@arm:~# MARKER='AHFA''EXNAPW' run 'grep -r -l rohm,bd9576 /proc/device-tree || sed '"'"'s![^/]*$!!'"'"''
AHFAEXNAPW/proc/device-tree/ocp/interconnect@48000000/segment@100000/target-module@9c000/i2c@0/pmic@30/
AHFAEXNAPW 0
root@arm:~# echo 'FUZU''GJYCFB'
FUZUGJYCFB
root@arm:~# MARKER='LVEN''SHGMQS' run 'test -f /proc/device-tree/ocp/interconnectt\@48000000/segment\@100000/target-module\@9c000/i2c\@0/pmic\@30/rohm,vout1-en-loow ;echo $?'
LVENSHGMQS0
LVENSHGMQS 0
root@arm:~# echo 'WMBF''APEASL'
WMBFAPEASL
root@arm:~# MARKER='TGOH''PPFMWJ' run 'grep -r -l rohm,bd9576 /proc/device-tree || sed '"'"'s![^/]*$!!'"'"''
TGOHPPFMWJ/proc/device-tree/ocp/interconnect@48000000/segment@100000/target-module@9c000/i2c@0/pmic@30/
TGOHPPFMWJ 0
root@arm:~# echo 'LCAO''NAKYKF'
LCAONAKYKF
root@arm:~# MARKER='THYF''UXKQTY' run 'test -f /proc/device-tree/ocp/interconnectt\@48000000/segment\@100000/target-module\@9c000/i2c\@0/pmic\@30/regulators/regullator-vd50/rohm,no-regulator-enable-control ;echo $?'
THYFUXKQTY1
THYFUXKQTY 0
root@arm:~# echo 'GWOX''TVCSNB'
GWOXTVCSNB
root@arm:~# MARKER='TGVA''ZQHAJB' run 'i2cget -y -f 2 0x30 0x41'
TGVAZQHAJB0x20
TGVAZQHAJB 0
root@arm:~# echo 'AGQL''EZHXLX'
AGQLEZHXLX
root@arm:~# MARKER='EEFQ''FOTCMV' run 'cat /sys/kernel/mva_test/regulators/buck1__en'
EEFQFOTCMV0 EEFQFOTCMV 0
root@arm:~# echo 'JCNM''SXBAEG'
JCNMSXBAEG
root@arm:~# MARKER='FJSB''ZMFWPK' run 'grep -r -l rohm,bd9576 /proc/device-tree || sed '"'"'s![^/]*$!!'"'"''
FJSBZMFWPK/proc/device-tree/ocp/interconnect@48000000/segment@100000/target-module@9c000/i2c@0/pmic@30/
FJSBZMFWPK 0
root@arm:~# echo 'FGKN''CJMWML'
FGKNCJMWML
root@arm:~# MARKER='PTVT''TVXTQK' run 'test -f /proc/device-tree/ocp/interconnectt\@48000000/segment\@100000/target-module\@9c000/i2c\@0/pmic\@30/regulators/regullator-vd18/rohm,no-regulator-enable-control ;echo $?'
PTVTTVXTQK1
PTVTTVXTQK 0
root@arm:~# echo 'QSBF''GUBLVS'
QSBFGUBLVS
root@arm:~# MARKER='FCCK''LWWUYN' run 'i2cget -y -f 2 0x30 0x42'
FCCKLWWUYN0x61
FCCKLWWUYN 0
root@arm:~# echo 'KHQK''UXZCJC'
KHQKUXZCJC
root@arm:~# MARKER='VPSQ''XSYGYT' run 'cat /sys/kernel/mva_test/regulators/buck2__en'
VPSQXSYGYT1 VPSQXSYGYT 0
root@arm:~# echo 'TNQB''WAZXBN'
TNQBWAZXBN
root@arm:~# MARKER='GWHK''AKQGBH' run 'grep -r -l rohm,bd9576 /proc/device-tree || sed '"'"'s![^/]*$!!'"'"''
GWHKAKQGBH/proc/device-tree/ocp/interconnect@48000000/segment@100000/target-module@9c000/i2c@0/pmic@30/
GWHKAKQGBH 0
root@arm:~# echo 'YSPL''VOCGFY'
YSPLVOCGFY
root@arm:~# MARKER='HLTH''BOSWPX' run 'test -f /proc/device-tree/ocp/interconnectt\@48000000/segment\@100000/target-module\@9c000/i2c\@0/pmic\@30/regulators/regullator-vdddr/rohm,no-regulator-enable-control ;echo $?'
HLTHBOSWPX1
HLTHBOSWPX 0
root@arm:~# echo 'FMTM''WAVQQP'
FMTMWAVQQP
root@arm:~# MARKER='YYFM''MCJCGW' run 'i2cget -y -f 2 0x30 0x43'
YYFMMCJCGW0x45
YYFMMCJCGW 0
root@arm:~# echo 'QSJZ''QKOHNF'
QSJZQKOHNF
root@arm:~# MARKER='LKWL''LOAOJM' run 'cat /sys/kernel/mva_test/regulators/buck3__en'
LKWLLOAOJM1 LKWLLOAOJM 0
root@arm:~# echo 'PJWX''HKWMKZ'
PJWXHKWMKZ
root@arm:~# MARKER='YCKJ''VUXJBA' run 'grep -r -l rohm,bd9576 /proc/device-tree || sed '"'"'s![^/]*$!!'"'"''
YCKJVUXJBA/proc/device-tree/ocp/interconnect@48000000/segment@100000/target-module@9c000/i2c@0/pmic@30/
YCKJVUXJBA 0
root@arm:~# echo 'SXGE''ATNLGQ'
SXGEATNLGQ
root@arm:~# MARKER='CTSX''GGZMXH' run 'test -f /proc/device-tree/ocp/interconnectt\@48000000/segment\@100000/target-module\@9c000/i2c\@0/pmic\@30/regulators/regullator-vd10/rohm,no-regulator-enable-control ;echo $?'
CTSXGGZMXH1
CTSXGGZMXH 0
root@arm:~# echo 'YHVG''FSBVTX'
YHVGFSBVTX
root@arm:~# MARKER='QQOG''LXZMEA' run 'i2cget -y -f 2 0x30 0x44'
QQOGLXZMEA0x73
QQOGLXZMEA 0
root@arm:~# echo 'LTCQ''UNOQQN'
LTCQUNOQQN
root@arm:~# MARKER='GOXX''NOOTCN' run 'cat /sys/kernel/mva_test/regulators/buck4__en'
GOXXNOOTCN1 GOXXNOOTCN 0
root@arm:~# echo 'FHMW''XMVTYV'
FHMWXMVTYV
root@arm:~# MARKER='YGAK''BVLVGZ' run 'grep -r -l rohm,bd9576 /proc/device-tree || sed '"'"'s![^/]*$!!'"'"''
YGAKBVLVGZ/proc/device-tree/ocp/interconnect@48000000/segment@100000/target-module@9c000/i2c@0/pmic@30/
YGAKBVLVGZ 0
root@arm:~# echo 'YAUA''XGNKKX'
YAUAXGNKKX
root@arm:~# MARKER='CGZK''GPOAUY' run 'test -f /proc/device-tree/ocp/interconnectt\@48000000/segment\@100000/target-module\@9c000/i2c\@0/pmic\@30/regulators/regullator-voutl1/rohm,no-regulator-enable-control ;echo $?'
CGZKGPOAUY1
CGZKGPOAUY 0
root@arm:~# echo 'PCMB''NNLEVB'
PCMBNNLEVB
root@arm:~# MARKER='ZTHG''BMSKOC' run 'i2cget -y -f 2 0x30 0x45'
ZTHGBMSKOC0x36
ZTHGBMSKOC 0
root@arm:~# echo 'PYWP''QLNOJH'
PYWPQLNOJH
root@arm:~# MARKER='SCHJ''TLEJEA' run 'cat /sys/kernel/mva_test/regulators/buck5__en'
SCHJTLEJEA1 SCHJTLEJEA 0
root@arm:~# echo 'TKJF''VWHYFH'
TKJFVWHYFH
root@arm:~# MARKER='YWAE''VBOYJO' run 'grep -r -l rohm,bd9576 /proc/device-tree || sed '"'"'s![^/]*$!!'"'"''
YWAEVBOYJO/proc/device-tree/ocp/interconnect@48000000/segment@100000/target-module@9c000/i2c@0/pmic@30/
YWAEVBOYJO 0
root@arm:~# echo 'SXVV''OZPTHN'
SXVVOZPTHN
root@arm:~# MARKER='XAOL''WUFHNH' run 'test -f /proc/device-tree/ocp/interconnectt\@48000000/segment\@100000/target-module\@9c000/i2c\@0/pmic\@30/regulators/regullator-vouts1/rohm,no-regulator-enable-control ;echo $?'
XAOLWUFHNH1
XAOLWUFHNH 0
root@arm:~# echo 'LSUU''PUUOXU'
LSUUPUUOXU
root@arm:~# MARKER='GTVE''FBWTKH' run 'i2cget -y -f 2 0x30 0x46'
GTVEFBWTKH0x52
GTVEFBWTKH 0
root@arm:~# echo 'XNSJ''XZBZHW'
XNSJXZBZHW
root@arm:~# MARKER='VTZN''CPTAFK' run 'cat /sys/kernel/mva_test/regulators/buck6__en'
VTZNCPTAFK1 VTZNCPTAFK 0
root@arm:~# Labgrid Console Logfile for main
Logfile started at 2024-11-08 10:33:32.900583
=== Log starts here ===

root@arm:~# run() { echo -n "$MARKER"; sh -c "$@"; echo "$MARKER $?"; }
root@arm:~# echo 'LSZV''TASYUA'
LSZVTASYUA
root@arm:~# MARKER='TCPV''QCMXZY' run 'cat /sys/kernel/mva_test/regulators/buck1__set'
TCPVQCMXZY5000000
TCPVQCMXZY 0
root@arm:~# echo 'UYPV''VTSCLB'
UYPVVTSCLB
root@arm:~# MARKER='OZVZ''LZBOVK' run 'i2cget -y -f 2 0x30 0x50'
OZVZLZBOVK0x00
OZVZLZBOVK 0
root@arm:~# echo 'HUNM''EEJTWP'
HUNMEEJTWP
root@arm:~# MARKER='PNPW''FVQQEZ' run 'cat /sys/kernel/mva_test/regulators/buck2__set'
PNPWFVQQEZ1800000
PNPWFVQQEZ 0
root@arm:~# echo 'BFVK''PYLSFQ'
BFVKPYLSFQ
root@arm:~# MARKER='AEPN''CNKJYH' run 'i2cget -y -f 2 0x30 0x53'
AEPNCNKJYH0x00
AEPNCNKJYH 0
root@arm:~# echo 'KKCV''ATAKFP'
KKCVATAKFP
root@arm:~# MARKER='UGSJ''FOLCXA' run 'cat /sys/kernel/mva_test/regulators/buck3__set'
UGSJFOLCXA1350000
UGSJFOLCXA 0
root@arm:~# echo 'LEJB''CCCKCN'
LEJBCCCKCN
root@arm:~# MARKER='AMAK''FGMPUS' run 'i2cget -y -f 2 0x30 0x56'
AMAKFGMPUS0x00
AMAKFGMPUS 0
root@arm:~# echo 'MZOT''QFEMMC'
MZOTQFEMMC
root@arm:~# MARKER='LLGP''ZGNMPH' run 'cat /sys/kernel/mva_test/regulators/buck4__set'
LLGPZGNMPH1030000
LLGPZGNMPH 0
root@arm:~# echo 'QNSE''PHYZTB'
QNSEPHYZTB
root@arm:~# MARKER='ZLHX''BGZSKB' run 'i2cget -y -f 2 0x30 0x59'
ZLHXBGZSKB0x00
ZLHXBGZSKB 0
root@arm:~# echo 'XTCZ''CGPJEF'
XTCZCGPJEF
root@arm:~# MARKER='KXHP''NSVTHH' run 'cat /sys/kernel/mva_test/regulators/buck5__set'
KXHPNSVTHH2500000
KXHPNSVTHH 0
root@arm:~# echo 'MHXM''MOCHBC'
MHXMMOCHBC
root@arm:~# MARKER='SVNX''HBLWGC' run 'i2cget -y -f 2 0x30 0x5c'
SVNXHBLWGC0x00
SVNXHBLWGC 0
root@arm:~# echo 'UJTX''WWFGAC'
UJTXWWFGAC
root@arm:~# MARKER='SMFF''MAYSLK' run 'cat /sys/kernel/mva_test/regulators/buck6__set'
SMFFMAYSLK3300000
SMFFMAYSLK 0
root@arm:~# Labgrid Console Logfile for main
Logfile started at 2024-11-08 10:33:37.559836
=== Log starts here ===

root@arm:~# run() { echo -n "$MARKER"; sh -c "$@"; echo "$MARKER $?"; }
root@arm:~# echo 'OTLK''BJLSNM'
OTLKBJLSNM
root@arm:~# MARKER='USAZ''HFXFBA' run 'grep -r -l rohm,bd9576 /proc/device-tree || sed '"'"'s![^/]*$!!'"'"''
USAZHFXFBA/proc/device-tree/ocp/interconnect@48000000/segment@100000/target-module@9c000/i2c@0/pmic@30/
USAZHFXFBA 0
root@arm:~# echo 'MQMB''BYZGNX'
MQMBBYZGNX
root@arm:~# MARKER='TSEY''NUGWSC' run 'test -f /proc/device-tree/ocp/interconnectt\@48000000/segment\@100000/target-module\@9c000/i2c\@0/pmic\@30/regulators/regullator-vd50/rohm,no-regulator-enable-control ;echo $?'
TSEYNUGWSC1
TSEYNUGWSC 0
root@arm:~# echo 'JOVE''HEKXPU'
JOVEHEKXPU
root@arm:~# MARKER='PQVM''NXGZJU' run 'i2cget -y -f 2 0x30 0x41'
PQVMNXGZJU0x20
PQVMNXGZJU 0
root@arm:~# echo 'AUYJ''KWHZEM'
AUYJKWHZEM
root@arm:~# MARKER='OAFV''BJELUF' run 'echo 4500000 4500000 > /sys/kernel/mva_tesst/regulators/buck1_set'
OAFVBJELUFsh: 1: cannot create /sys/kernel/mva_test/regulators/buck1_set: Permission denied
OAFVBJELUF 2
root@arm:~# echo 'UMUB''YWMGVK'
UMUBYWMGVK
root@arm:~# MARKER='CJNQ''CTKEJX' run 'i2cget -y -f 2 0x30 0x50'
CJNQCTKEJX0x00
CJNQCTKEJX 0
root@arm:~# echo 'GPLU''FCYUPV'
GPLUFCYUPV
root@arm:~# MARKER='TVPK''SHNFUB' run 'echo 4490000 4490000 > /sys/kernel/mva_tesst/regulators/buck1_set'
TVPKSHNFUBsh: 1: cannot create /sys/kernel/mva_test/regulators/buck1_set: Permission denied
TVPKSHNFUB 2
root@arm:~# echo 'XJWG''WOCSVM'
XJWGWOCSVM
root@arm:~# MARKER='LCPO''HUGECC' run 'i2cget -y -f 2 0x30 0x50'
LCPOHUGECC0x00
LCPOHUGECC 0
root@arm:~# echo 'FNJF''OAQKUQ'
FNJFOAQKUQ
root@arm:~# MARKER='AECE''BOMGBJ' run 'echo 5500000 5500000 > /sys/kernel/mva_tesst/regulators/buck1_set'
AECEBOMGBJsh: 1: cannot create /sys/kernel/mva_test/regulators/buck1_set: Permission denied
AECEBOMGBJ 2
root@arm:~# echo 'CVSM''OKMPKY'
CVSMOKMPKY
root@arm:~# MARKER='GNNF''EKOSUM' run 'i2cget -y -f 2 0x30 0x50'
GNNFEKOSUM0x00
GNNFEKOSUM 0
root@arm:~# echo 'LZPL''YPVXYB'
LZPLYPVXYB
root@arm:~# MARKER='ASGL''BGECCJ' run 'echo 5510000 5510000 > /sys/kernel/mva_tesst/regulators/buck1_set'
ASGLBGECCJsh: 1: cannot create /sys/kernel/mva_test/regulators/buck1_set: Permission denied
ASGLBGECCJ 2
root@arm:~# echo 'OAAA''JXMNUK'
OAAAJXMNUK
root@arm:~# MARKER='QFOJ''PQAYKC' run 'i2cget -y -f 2 0x30 0x50'
QFOJPQAYKC0x00
QFOJPQAYKC 0
root@arm:~# echo 'WGHE''GABBPX'
WGHEGABBPX
root@arm:~# MARKER='LBUW''OKMYNE' run 'grep -r -l rohm,bd9576 /proc/device-tree || sed '"'"'s![^/]*$!!'"'"''
LBUWOKMYNE/proc/device-tree/ocp/interconnect@48000000/segment@100000/target-module@9c000/i2c@0/pmic@30/
LBUWOKMYNE 0
root@arm:~# echo 'PCPG''EVXPHP'
PCPGEVXPHP
root@arm:~# MARKER='FLAS''EVWQAZ' run 'test -f /proc/device-tree/ocp/interconnectt\@48000000/segment\@100000/target-module\@9c000/i2c\@0/pmic\@30/regulators/regu lator-vd18/rohm,no-regulator-enable-control ;echo $?'
FLASEVWQAZ1
FLASEVWQAZ 0
root@arm:~# echo 'PUNQ''OLWVHM'
PUNQOLWVHM
root@arm:~# MARKER='LWPY''SBTSFG' run 'i2cget -y -f 2 0x30 0x42'
LWPYSBTSFG0x61
LWPYSBTSFG 0
root@arm:~# echo 'OMHZ''EUVYSE'
OMHZEUVYSE
root@arm:~# MARKER='NBAM''KEOSVP' run 'echo 1800000 1800000 > /sys/kernel/mva_tesst/regulators/buck2_set'
NBAMKEOSVPsh: 1: cannot create /sys/kernel/mva_test/regulators/buck2_set: Permission denied
NBAMKEOSVP 2
root@arm:~# echo 'FBUP''TQWNMN'
FBUPTQWNMN
root@arm:~# MARKER='FHWH''KJGMSA' run 'i2cget -y -f 2 0x30 0x53'
FHWHKJGMSA0x00
FHWHKJGMSA 0
root@arm:~# echo 'NZOF''KJXKFN'
NZOFKJXKFN
root@arm:~# MARKER='KUEV''EUNHNK' run 'echo 1790000 1790000 > /sys/kernel/mva_tesst/regulators/buck2_set'
KUEVEUNHNKsh: 1: cannot create /sys/kernel/mva_test/regulators/buck2_set: Permission denied
KUEVEUNHNK 2
root@arm:~# echo 'QZAP''BMLYJP'
QZAPBMLYJP
root@arm:~# MARKER='OOFG''VWOLUK' run 'i2cget -y -f 2 0x30 0x53'
OOFGVWOLUK0x00
OOFGVWOLUK 0
root@arm:~# echo 'ONZF''WVPGNH'
ONZFWVPGNH
root@arm:~# MARKER='ZEGU''AKVBWH' run 'echo 1940000 1940000 > /sys/kernel/mva_tesst/regulators/buck2_set'
ZEGUAKVBWHsh: 1: cannot create /sys/kernel/mva_test/regulators/buck2_set: Permission denied
ZEGUAKVBWH 2
root@arm:~# echo 'OPNF''ZBMVLB'
OPNFZBMVLB
root@arm:~# MARKER='ZVJX''SLBZFE' run 'i2cget -y -f 2 0x30 0x53'
ZVJXSLBZFE0x00
ZVJXSLBZFE 0
root@arm:~# echo 'ZQYO''LXTVAU'
ZQYOLXTVAU
root@arm:~# MARKER='HNLB''SLNAWT' run 'echo 1950000 1950000 > /sys/kernel/mva_tesst/regulators/buck2_set'
HNLBSLNAWTsh: 1: cannot create /sys/kernel/mva_test/regulators/buck2_set: Permission denied
HNLBSLNAWT 2
root@arm:~# echo 'CNPS''AOYOFZ'
CNPSAOYOFZ
root@arm:~# MARKER='NCLL''LUMXES' run 'i2cget -y -f 2 0x30 0x53'
NCLLLUMXES0x00
NCLLLUMXES 0
root@arm:~# echo 'JKWJ''QUEQOE'
JKWJQUEQOE
root@arm:~# MARKER='AYWQ''LZAUAG' run 'grep -r -l rohm,bd9576 /proc/device-tree || sed '"'"'s![^/]*$!!'"'"''
AYWQLZAUAG/proc/device-tree/ocp/interconnect@48000000/segment@100000/target-module@9c000/i2c@0/pmic@30/
AYWQLZAUAG 0
root@arm:~# echo 'EJBA''JLWWNS'
EJBAJLWWNS
root@arm:~# MARKER='GABA''ZJVAOY' run 'test -f /proc/device-tree/ocp/interconnectt\@48000000/segment\@100000/target-module\@9c000/i2c\@0/pmic\@30/regulators/regullator-vdddr/rohm,no-regulator-enable-control ;echo $?'
GABAZJVAOY1
GABAZJVAOY 0
root@arm:~# echo 'XVXM''EXHVKX'
XVXMEXHVKX
root@arm:~# MARKER='GCFO''QGNTVK' run 'i2cget -y -f 2 0x30 0x43'
GCFOQGNTVK0x45
GCFOQGNTVK 0
root@arm:~# echo 'XAVH''UZUBXH'
XAVHUZUBXH
root@arm:~# MARKER='QNHS''NOLHUA' run 'echo 1350000 1350000 > /sys/kernel/mva_tesst/regulators/buck3_set'
QNHSNOLHUAsh: 1: cannot create /sys/kernel/mva_test/regulators/buck3_set: Permission denied
QNHSNOLHUA 2
root@arm:~# echo 'YFWO''GSUFLJ'
YFWOGSUFLJ
root@arm:~# MARKER='ZBSW''QFQOTC' run 'i2cget -y -f 2 0x30 0x56'
ZBSWQFQOTC0x00
ZBSWQFQOTC 0
root@arm:~# echo 'COMX''PCWNXH'
COMXPCWNXH
root@arm:~# MARKER='WTZA''VETJLW' run 'echo 1340000 1340000 > /sys/kernel/mva_tesst/regulators/buck3_set'
WTZAVETJLWsh: 1: cannot create /sys/kernel/mva_test/regulators/buck3_set: Permission denied
WTZAVETJLW 2
root@arm:~# echo 'JJJQ''MWKJXP'
JJJQMWKJXP
root@arm:~# MARKER='PYBU''OKBWJB' run 'i2cget -y -f 2 0x30 0x56'
PYBUOKBWJB0x00
PYBUOKBWJB 0
root@arm:~# echo 'SEFS''JHYLXU'
SEFSJHYLXU
root@arm:~# MARKER='WBKM''LBANYX' run 'echo 1660000 1660000 > /sys/kernel/mva_tesst/regulators/buck3_set'
WBKMLBANYXsh: 1: cannot create /sys/kernel/mva_test/regulators/buck3_set: Permission denied
WBKMLBANYX 2
root@arm:~# echo 'WQQO''BYXQWO'
WQQOBYXQWO
root@arm:~# MARKER='ZZHU''LWTJTO' run 'i2cget -y -f 2 0x30 0x56'
ZZHULWTJTO0x00
ZZHULWTJTO 0
root@arm:~# echo 'HGGK''OCFEJT'
HGGKOCFEJT
root@arm:~# MARKER='CZHW''WHJSME' run 'echo 1670000 1670000 > /sys/kernel/mva_tesst/regulators/buck3_set'
CZHWWHJSMEsh: 1: cannot create /sys/kernel/mva_test/regulators/buck3_set: Permission denied
CZHWWHJSME 2
root@arm:~# echo 'QBVF''HNVWGK'
QBVFHNVWGK
root@arm:~# MARKER='UAGV''PECOVB' run 'i2cget -y -f 2 0x30 0x56'
UAGVPECOVB0x00
UAGVPECOVB 0
root@arm:~# echo 'NTOL''HJKXKJ'
NTOLHJKXKJ
root@arm:~# MARKER='OAZX''OZEFVH' run 'grep -r -l rohm,bd9576 /proc/device-tree || sed '"'"'s![^/]*$!!'"'"''
OAZXOZEFVH/proc/device-tree/ocp/interconnect@48000000/segment@100000/target-module@9c000/i2c@0/pmic@30/
OAZXOZEFVH 0
root@arm:~# echo 'JWKU''SCLNXG'
JWKUSCLNXG
root@arm:~# MARKER='GHOM''QTOMUK' run 'test -f /proc/device-tree/ocp/interconnectt\@48000000/segment\@100000/target-module\@9c000/i2c\@0/pmic\@30/regulators/regullator-vd10/rohm,no-regulator-enable-control ;echo $?'
GHOMQTOMUK1
GHOMQTOMUK 0
root@arm:~# echo 'XZQT''SBAWPL'
XZQTSBAWPL
root@arm:~# MARKER='QSUF''CBKUOP' run 'i2cget -y -f 2 0x30 0x44'
QSUFCBKUOP0x73
QSUFCBKUOP 0
root@arm:~# echo 'GEAB''NSTVOS'
GEABNSTVOS
root@arm:~# MARKER='UOFF''UGOYUB' run 'echo 1030000 1030000 > /sys/kernel/mva_tesst/regulators/buck4_set'
UOFFUGOYUBsh: 1: cannot create /sys/kernel/mva_test/regulators/buck4_set: Permission denied
UOFFUGOYUB 2
root@arm:~# echo 'NPAY''XULALW'
NPAYXULALW
root@arm:~# MARKER='YWHC''YVFEZY' run 'i2cget -y -f 2 0x30 0x59'
YWHCYVFEZY0x00
YWHCYVFEZY 0
root@arm:~# echo 'VQUH''XOUOZO'
VQUHXOUOZO
root@arm:~# MARKER='AMFL''ZPBBSJ' run 'echo 1020000 1020000 > /sys/kernel/mva_tesst/regulators/buck4_set'
AMFLZPBBSJsh: 1: cannot create /sys/kernel/mva_test/regulators/buck4_set: Permission denied
AMFLZPBBSJ 2
root@arm:~# echo 'BJWC''EEMSKJ'
BJWCEEMSKJ
root@arm:~# MARKER='YONX''XQSGNH' run 'i2cget -y -f 2 0x30 0x59'
YONXXQSGNH0x00
YONXXQSGNH 0
root@arm:~# echo 'BYYA''BSLEHB'
BYYABSLEHB
root@arm:~# MARKER='KCYQ''WHOOJO' run 'echo 1340000 1340000 > /sys/kernel/mva_tesst/regulators/buck4_set'
KCYQWHOOJOsh: 1: cannot create /sys/kernel/mva_test/regulators/buck4_set: Permission denied
KCYQWHOOJO 2
root@arm:~# echo 'GPCN''QMQUKV'
GPCNQMQUKV
root@arm:~# MARKER='WXGP''MFYEGW' run 'i2cget -y -f 2 0x30 0x59'
WXGPMFYEGW0x00
WXGPMFYEGW 0
root@arm:~# echo 'MSHH''HOFVXL'
MSHHHOFVXL
root@arm:~# MARKER='PHEP''XPVSLB' run 'echo 1350000 1350000 > /sys/kernel/mva_tesst/regulators/buck4_set'
PHEPXPVSLBsh: 1: cannot create /sys/kernel/mva_test/regulators/buck4_set: Permission denied
PHEPXPVSLB 2
root@arm:~# echo 'JEMQ''ABBQOL'
JEMQABBQOL
root@arm:~# MARKER='JPCT''VTQXJG' run 'i2cget -y -f 2 0x30 0x59'
JPCTVTQXJG0x00
JPCTVTQXJG 0
root@arm:~# echo 'OBFL''XNKGHL'
OBFLXNKGHL
root@arm:~# MARKER='NWAG''FKYZNK' run 'grep -r -l rohm,bd9576 /proc/device-tree || sed '"'"'s![^/]*$!!'"'"''
NWAGFKYZNK/proc/device-tree/ocp/interconnect@48000000/segment@100000/target-module@9c000/i2c@0/pmic@30/
NWAGFKYZNK 0
root@arm:~# echo 'VSUM''MCVWAY'
VSUMMCVWAY
root@arm:~# MARKER='MAEF''JSGWUC' run 'test -f /proc/device-tree/ocp/interconnectt\@48000000/segment\@100000/target-module\@9c000/i2c\@0/pmic\@30/regulators/regullator-voutl1/rohm,no-regulator-enable-control ;echo $?'
MAEFJSGWUC1
MAEFJSGWUC 0
root@arm:~# echo 'TLWQ''VFKZSV'
TLWQVFKZSV
root@arm:~# MARKER='ASBX''NFAPNT' run 'i2cget -y -f 2 0x30 0x45'
ASBXNFAPNT0x36
ASBXNFAPNT 0
root@arm:~# echo 'WPCZ''GGCGNY'
WPCZGGCGNY
root@arm:~# MARKER='QWHU''SLAGJU' run 'echo 2500000 2500000 > /sys/kernel/mva_tesst/regulators/buck5_set'
QWHUSLAGJUsh: 1: cannot create /sys/kernel/mva_test/regulators/buck5_set: Permission denied
QWHUSLAGJU 2
root@arm:~# echo 'OBOQ''PSVMKY'
OBOQPSVMKY
root@arm:~# MARKER='FYFS''XPOKJB' run 'i2cget -y -f 2 0x30 0x5c'
FYFSXPOKJB0x00
FYFSXPOKJB 0
root@arm:~# echo 'GYUM''NTSXQV'
GYUMNTSXQV
root@arm:~# MARKER='LLHL''HZLSOY' run 'echo 2490000 2490000 > /sys/kernel/mva_tesst/regulators/buck5_set'
LLHLHZLSOYsh: 1: cannot create /sys/kernel/mva_test/regulators/buck5_set: Permission denied
LLHLHZLSOY 2
root@arm:~# echo 'KTTT''QWAUBV'
KTTTQWAUBV
root@arm:~# MARKER='QKJU''BWBZKV' run 'i2cget -y -f 2 0x30 0x5c'
QKJUBWBZKV0x00
QKJUBWBZKV 0
root@arm:~# echo 'CJQZ''JFUBJJ'
CJQZJFUBJJ
root@arm:~# MARKER='BBZC''MOCWLT' run 'echo 2780000 2780000 > /sys/kernel/mva_tesst/regulators/buck5_set'
BBZCMOCWLTsh: 1: cannot create /sys/kernel/mva_test/regulators/buck5_set: Permission denied
BBZCMOCWLT 2
root@arm:~# echo 'SGVG''QEUOTT'
SGVGQEUOTT
root@arm:~# MARKER='SKEF''MSKZPA' run 'i2cget -y -f 2 0x30 0x5c'
SKEFMSKZPA0x00
SKEFMSKZPA 0
root@arm:~# echo 'ENPC''YKOZZE'
ENPCYKOZZE
root@arm:~# MARKER='VXKX''NNWCVZ' run 'echo 2790000 2790000 > /sys/kernel/mva_tesst/regulators/buck5_set'
VXKXNNWCVZsh: 1: cannot create /sys/kernel/mva_test/regulators/buck5_set: Permission denied
VXKXNNWCVZ 2
root@arm:~# echo 'EXFV''VWAWCL'
EXFVVWAWCL
root@arm:~# MARKER='GGCZ''XMXTCU' run 'i2cget -y -f 2 0x30 0x5c'
GGCZXMXTCU0x00
GGCZXMXTCU 0
root@arm:~# echo 'EQGQ''SCOAWF'
EQGQSCOAWF
root@arm:~# MARKER='NYAQ''WEBCYC' run 'grep -r -l rohm,bd9576 /proc/device-tree || sed '"'"'s![^/]*$!!'"'"''
NYAQWEBCYC/proc/device-tree/ocp/interconnect@48000000/segment@100000/target-module@9c000/i2c@0/pmic@30/
NYAQWEBCYC 0
root@arm:~# echo 'ENPZ''KJLSTB'
ENPZKJLSTB
root@arm:~# MARKER='XBCN''KXXGHT' run 'test -f /proc/device-tree/ocp/interconnectt\@48000000/segment\@100000/target-module\@9c000/i2c\@0/pmic\@30/regulators/regullator-vouts1/rohm,no-regulator-enable-control ;echo $?'
XBCNKXXGHT1
XBCNKXXGHT 0
root@arm:~# echo 'NTXP''KWOTBH'
NTXPKWOTBH
root@arm:~# MARKER='YYML''NVKFQU' run 'i2cget -y -f 2 0x30 0x46'
YYMLNVKFQU0x52
YYMLNVKFQU 0
root@arm:~# Labgrid Console Logfile for main
Logfile started at 2024-11-08 10:33:49.556187
=== Log starts here ===

root@arm:~# run() { echo -n "$MARKER"; sh -c "$@"; echo "$MARKER $?"; }
root@arm:~# echo 'GXGK''AVCMPA'
GXGKAVCMPA
root@arm:~# MARKER='TBJH''VZOYOM' run 'grep -r -l rohm,bd9576 /proc/device-tree || sed '"'"'s![^/]*$!!'"'"''
TBJHVZOYOM/proc/device-tree/ocp/interconnect@48000000/segment@100000/target-module@9c000/i2c@0/pmic@30/
TBJHVZOYOM 0
root@arm:~# echo 'LTEY''QSTLVF'
LTEYQSTLVF
root@arm:~# MARKER='GETC''VJSMQP' run 'xxd -p /proc/device-tree/ocp/interconnect\\@48000000/segment\@100000/target-module\@9c000/i2c\@0/pmic\@30/regulators/regulaator-vd50/regulator-ov-error-microvolt'
GETCVJSMQP00057e40
GETCVJSMQP 0
root@arm:~# echo 'FJUJ''ZCHTNA'
FJUJZCHTNA
root@arm:~# MARKER='SBCG''PLKZXY' run 'i2cget -y -f 2 0x30 0x51'
SBCGPLKZXY0x47
SBCGPLKZXY 0
root@arm:~# echo 'XZJO''AEUWQK'
XZJOAEUWQK
root@arm:~# MARKER='HPTK''ZHAFHC' run 'grep -r -l rohm,bd9576 /proc/device-tree || sed '"'"'s![^/]*$!!'"'"''
HPTKZHAFHC/proc/device-tree/ocp/interconnect@48000000/segment@100000/target-module@9c000/i2c@0/pmic@30/
HPTKZHAFHC 0
root@arm:~# echo 'SXKJ''SNLBJY'
SXKJSNLBJY
root@arm:~# MARKER='QJWW''FKJCQC' run 'xxd -p /proc/device-tree/ocp/interconnect\\@48000000/segment\@100000/target-module\@9c000/i2c\@0/pmic\@30/regulators/regulaator-vd50/regulator-uv-error-microvolt'
QJWWFKJCQC00057e40
QJWWFKJCQC 0
root@arm:~# echo 'FYSE''SVQAMS'
FYSESVQAMS
root@arm:~# MARKER='EYNK''PXLUHV' run 'i2cget -y -f 2 0x30 0x52'
EYNKPXLUHV0x47
EYNKPXLUHV 0
root@arm:~# echo 'MYXW''GLVMMH'
MYXWGLVMMH
root@arm:~# MARKER='PBGU''PJOQEL' run 'grep -r -l rohm,bd9576 /proc/device-tree || sed '"'"'s![^/]*$!!'"'"''
PBGUPJOQEL/proc/device-tree/ocp/interconnect@48000000/segment@100000/target-module@9c000/i2c@0/pmic@30/
PBGUPJOQEL 0
root@arm:~# echo 'MWYB''SXTJYE'
MWYBSXTJYE
root@arm:~# MARKER='CLPW''MUFCKO' run 'xxd -p /proc/device-tree/ocp/interconnect\\@48000000/segment\@100000/target-module\@9c000/i2c\@0/pmic\@30/regulators/regulaator-vd18/regulator-ov-error-microvolt'
CLPWMUFCKO00004650
CLPWMUFCKO 0
root@arm:~# echo 'WGVE''CBUMSK'
WGVECBUMSK
root@arm:~# MARKER='LCKX''UHAJWK' run 'i2cget -y -f 2 0x30 0x54'
LCKXUHAJWK0x11
LCKXUHAJWK 0
root@arm:~# echo 'WQKK''HVYYQF'
WQKKHVYYQF
root@arm:~# MARKER='PZHX''MGKEZC' run 'grep -r -l rohm,bd9576 /proc/device-tree || sed '"'"'s![^/]*$!!'"'"''
PZHXMGKEZC/proc/device-tree/ocp/interconnect@48000000/segment@100000/target-module@9c000/i2c@0/pmic@30/
PZHXMGKEZC 0
root@arm:~# echo 'HGPQ''YQETYX'
HGPQYQETYX
root@arm:~# MARKER='OKKQ''UJWJVX' run 'xxd -p /proc/device-tree/ocp/interconnect\\@48000000/segment\@100000/target-module\@9c000/i2c\@0/pmic\@30/regulators/regul ator-vd18/regulator-uv-error-microvolt'
OKKQUJWJVX0001a9c8
OKKQUJWJVX 0
root@arm:~# echo 'UMHO''AAXVMJ'
UMHOAAXVMJ
root@arm:~# MARKER='AZEW''USEUOZ' run 'i2cget -y -f 2 0x30 0x55'
AZEWUSEUOZ0x6c
AZEWUSEUOZ 0
root@arm:~# echo 'GCJY''GNCYPG'
GCJYGNCYPG
root@arm:~# MARKER='NWXU''PNUSPZ' run 'grep -r -l rohm,bd9576 /proc/device-tree || sed '"'"'s![^/]*$!!'"'"''
NWXUPNUSPZ/proc/device-tree/ocp/interconnect@48000000/segment@100000/target-module@9c000/i2c@0/pmic@30/
NWXUPNUSPZ 0
root@arm:~# echo 'YNYE''GXAQTW'
YNYEGXAQTW
root@arm:~# MARKER='SJZY''AWBEVB' run 'xxd -p /proc/device-tree/ocp/interconnect\\@48000000/segment\@100000/target-module\@9c000/i2c\@0/pmic\@30/regulators/regulaator-vdddr/regulator-ov-warn-microvolt'
SJZYAWBEVB0001adb0
SJZYAWBEVB 0
root@arm:~# echo 'MPUU''LEBVKJ'
MPUULEBVKJ
root@arm:~# MARKER='WFMY''QUNHXC' run 'i2cget -y -f 2 0x30 0x57'
WFMYQUNHXC0x6d
WFMYQUNHXC 0
root@arm:~# echo 'LOZC''MXQBWQ'
LOZCMXQBWQ
root@arm:~# MARKER='SLOW''JTWKJT' run 'grep -r -l rohm,bd9576 /proc/device-tree || sed '"'"'s![^/]*$!!'"'"''
SLOWJTWKJT/proc/device-tree/ocp/interconnect@48000000/segment@100000/target-module@9c000/i2c@0/pmic@30/
SLOWJTWKJT 0
root@arm:~# echo 'WEWO''APELZY'
WEWOAPELZY
root@arm:~# MARKER='CEAB''BTNGSP' run 'xxd -p /proc/device-tree/ocp/interconnect\\@48000000/segment\@100000/target-module\@9c000/i2c\@0/pmic\@30/regulators/regul ator-vdddr/regulator-uv-warn-microvolt'
CEABBTNGSP0001adb0
CEABBTNGSP 0
root@arm:~# echo 'XGOX''MJNCSU'
XGOXMJNCSU
root@arm:~# MARKER='SNGK''HVSUAF' run 'i2cget -y -f 2 0x30 0x58'
SNGKHVSUAF0x6d
SNGKHVSUAF 0
root@arm:~# echo 'HZYX''MLEUGX'
HZYXMLEUGX
root@arm:~# MARKER='VLEE''OTXQZK' run 'grep -r -l rohm,bd9576 /proc/device-tree || sed '"'"'s![^/]*$!!'"'"''
VLEEOTXQZK/proc/device-tree/ocp/interconnect@48000000/segment@100000/target-module@9c000/i2c@0/pmic@30/
VLEEOTXQZK 0
root@arm:~# echo 'QXQF''CVAOEN'
QXQFCVAOEN
root@arm:~# MARKER='JXFV''VKYNCA' run 'xxd -p /proc/device-tree/ocp/interconnect\\@48000000/segment\@100000/target-module\@9c000/i2c\@0/pmic\@30/regulators/regulaator-vd10/regulator-ov-error-microvolt'
JXFVVKYNCA00006590
JXFVVKYNCA 0
root@arm:~# echo 'WMJQ''GHJMKF'
WMJQGHJMKF
root@arm:~# MARKER='NWLJ''NJQXYC' run 'i2cget -y -f 2 0x30 0x5a'
NWLJNJQXYC0x19
NWLJNJQXYC 0
root@arm:~# echo 'CEAY''SLNTAN'
CEAYSLNTAN
root@arm:~# MARKER='KPEH''UKSPZT' run 'grep -r -l rohm,bd9576 /proc/device-tree || sed '"'"'s![^/]*$!!'"'"''
KPEHUKSPZT/proc/device-tree/ocp/interconnect@48000000/segment@100000/target-module@9c000/i2c@0/pmic@30/
KPEHUKSPZT 0
root@arm:~# echo 'JTYB''NVGMQY'
JTYBNVGMQY
root@arm:~# MARKER='EVOV''GYCOAE' run 'xxd -p /proc/device-tree/ocp/interconnect\\@48000000/segment\@100000/target-module\@9c000/i2c\@0/pmic\@30/regulators/regulaator-vd10/regulator-uv-error-microvolt'
EVOVGYCOAE00006590
EVOVGYCOAE 0
root@arm:~# echo 'QCYZ''MAZLKA'
QCYZMAZLKA
root@arm:~# MARKER='NGZU''BBBLLK' run 'i2cget -y -f 2 0x30 0x5b'
NGZUBBBLLK0x19
NGZUBBBLLK 0
root@arm:~# echo 'EZEW''WHOVPF'
EZEWWHOVPF
root@arm:~# MARKER='MHFG''CEXVSM' run 'grep -r -l rohm,bd9576 /proc/device-tree || sed '"'"'s![^/]*$!!'"'"''
MHFGCEXVSM/proc/device-tree/ocp/interconnect@48000000/segment@100000/target-module@9c000/i2c@0/pmic@30/
MHFGCEXVSM 0
root@arm:~# echo 'FOUU''SSPJLX'
FOUUSSPJLX
root@arm:~# MARKER='OUGX''MBEQFP' run 'xxd -p /proc/device-tree/ocp/interconnect\\@48000000/segment\@100000/target-module\@9c000/i2c\@0/pmic\@30/regulators/regulaator-voutl1/regulator-ov-error-microvolt'
OUGXMBEQFP000084d0
OUGXMBEQFP 0
root@arm:~# echo 'NSGG''LFVVLA'
NSGGLFVVLA
root@arm:~# MARKER='TYHL''WOXVTN' run 'i2cget -y -f 2 0x30 0x5d'
TYHLWOXVTN0x01
TYHLWOXVTN 0
root@arm:~# echo 'MUOS''OKQJKA'
MUOSOKQJKA
root@arm:~# MARKER='XHTZ''HVBEUE' run 'grep -r -l rohm,bd9576 /proc/device-tree || sed '"'"'s![^/]*$!!'"'"''
XHTZHVBEUE/proc/device-tree/ocp/interconnect@48000000/segment@100000/target-module@9c000/i2c@0/pmic@30/
XHTZHVBEUE 0
root@arm:~# echo 'JZMG''WCTGVL'
JZMGWCTGVL
root@arm:~# MARKER='BAOM''SBYEME' run 'xxd -p /proc/device-tree/ocp/interconnect\\@48000000/segment\@100000/target-module\@9c000/i2c\@0/pmic\@30/regulators/regulaator-voutl1/regulator-uv-error-microvolt'
BAOMSBYEME000084d0
BAOMSBYEME 0
root@arm:~# echo 'GZTX''OQBNPB'
GZTXOQBNPB
root@arm:~# MARKER='VMYO''HMJBGP' run 'i2cget -y -f 2 0x30 0x5e'
VMYOHMJBGP0x01
VMYOHMJBGP 0
root@arm:~# echo 'CCYQ''UUWUAT'
CCYQUUWUAT
root@arm:~# MARKER='JECS''WXTVEC' run 'grep -r -l rohm,bd9576 /proc/device-tree || sed '"'"'s![^/]*$!!'"'"''
JECSWXTVEC/proc/device-tree/ocp/interconnect@48000000/segment@100000/target-module@9c000/i2c@0/pmic@30/
JECSWXTVEC 0
root@arm:~# echo 'FTWK''EYKNCF'
FTWKEYKNCF
root@arm:~# MARKER='EJZM''HETECA' run 'xxd -p /proc/device-tree/ocp/interconnect\\@48000000/segment\@100000/target-module\@9c000/i2c\@0/pmic\@30/regulators/regul ator-vouts1/regulator-oc-warn-microamp'
EJZMHETECA00055730
EJZMHETECA 0
root@arm:~# echo 'MNXE''YLYJLF'
MNXEYLYJLF
root@arm:~# MARKER='AQMZ''COJPPG' run 'i2cget -y -f 2 0x30 0x5f'
AQMZCOJPPG0x07
AQMZCOJPPG 0
root@arm:~# echo 'HPVS''HWPPBY'
HPVSHWPPBY
root@arm:~# MARKER='SWPV''LAOSES' run 'grep -r -l rohm,bd9576 /proc/device-tree || sed '"'"'s![^/]*$!!'"'"''
SWPVLAOSES/proc/device-tree/ocp/interconnect@48000000/segment@100000/target-module@9c000/i2c@0/pmic@30/
SWPVLAOSES 0
root@arm:~# echo 'NOTE''KJHNZY'
NOTEKJHNZY
root@arm:~# MARKER='AZBW''UMCAMM' run 'xxd -p /proc/device-tree/ocp/interconnect\\@48000000/segment\@100000/target-module\@9c000/i2c\@0/pmic\@30/regulators/regulaator-vouts1/regulator-oc-protection-microamp'
AZBWUMCAMM00149970
AZBWUMCAMM 0
root@arm:~# echo 'WLHB''BXPYZT'
WLHBBXPYZT
root@arm:~# MARKER='GLUB''XMTTLA' run 'i2cget -y -f 2 0x30 0x60'
GLUBXMTTLA0x1b
GLUBXMTTLA 0
root@arm:~# Labgrid Console Logfile for main
Logfile started at 2024-11-08 10:34:09.978779
=== Log starts here ===
reading args
spl_load_image_fat_os: error reading image args, err - -1
reading u-boot.img
reading u-boot.img


U-Boot 2014.04-00014-g47880f5 (Apr 22 2014 - 13:23:54)

I2C:   ready
DRAM:  512 MiB
NAND:  0 MiB
MMC:   OMAP SD/MMC: 0, OMAP SD/MMC: 1
*** Warning - readenv() failed, using default environment

Net:   <ethaddr> not set. Validating first E-fuse MAC
cpsw, usb_ether
Hit any key to stop autoboot:  1  0 
gpio: pin 53 (gpio 53) value is 1
mmc0 is current device
gpio: pin 54 (gpio 54) value is 1
SD/MMC found on device 0
reading uEnv.txt
569 bytes read in 4 ms (138.7 KiB/s)
gpio: pin 55 (gpio 55) value is 1
Loaded environment from uEnv.txt
Importing environment from mmc ...
Checking if uenvcmd is set ...
gpio: pin 56 (gpio 56) value is 1
Running uenvcmd ...
cpsw Waiting for PHY auto negotiation to complete. done
link up on port 0, speed 100, full duplex
Using cpsw device
TFTP from server 192.168.255.126; our IP address is 192.168.255.1
Filename 'zImage'.
Load address: 0x81000000
Loading: *#################################################################
	 #################################################################
	 #################################################################
	 #################################################################
	 #################################################################
	 #####################################################
	 2.4 MiB/s
done
Bytes transferred = 5537544 (547f08 hex)
link up on port 0, speed 100, full duplex
Using cpsw device
TFTP from server 192.168.255.126; our IP address is 192.168.255.1
Filename 'am335x-boneblack.dtb'.
Load address: 0x82000000
Loading: *#######
	 2.2 MiB/s
done
Bytes transferred = 98244 (17fc4 hex)
Kernel image @ 0x81000000 [ 0x000000 - 0x547f08 ]
## Flattened Device Tree blob at 82000000
   Booting using the fdt blob at 0x82000000
   Using Device Tree in place at 82000000, end 8201afc3

Starting kernel ...

[    0.000000] Booting Linux on physical CPU 0x0
[    0.000000] Linux version 6.12.0-rc6-next-20241108 (user01@drvtest01) (arm-linux-gnueabihf-gcc (Linaro GCC 6.4-2017.11) 6.4.1 20171012, GNU ld (Linaro_Binutils-2017.11) 2.27.0.20161229) #133 SMP Fri Nov  8 10:29:34 EET 2024
[    0.000000] CPU: ARMv7 Processor [413fc082] revision 2 (ARMv7), cr=10c5387d
[    0.000000] CPU: PIPT / VIPT nonaliasing data cache, VIPT aliasing instruction cache
[    0.000000] OF: fdt: Machine model: TI AM335x BeagleBone Black
[    0.000000] Memory policy: Data cache writeback
[    0.000000] cma: Reserved 16 MiB at 0x9e800000 on node -1
[    0.000000] Zone ranges:
[    0.000000]   Normal   [mem 0x0000000080000000-0x000000009fdfffff]
[    0.000000]   HighMem  empty
[    0.000000] Movable zone start for each node
[    0.000000] Early memory node ranges
[    0.000000]   node   0: [mem 0x0000000080000000-0x000000009fdfffff]
[    0.000000] Initmem setup node 0 [mem 0x0000000080000000-0x000000009fdfffff]
[    0.000000] OF: reserved mem: Reserved memory: No reserved-memory node in the DT
[    0.000000] CPU: All CPU(s) started in SVC mode.
[    0.000000] AM335X ES2.1 (sgx neon)
[    0.000000] percpu: Embedded 17 pages/cpu s39564 r8192 d21876 u69632
[    0.000000] Kernel command line: console=ttyO0,115200n8 root=/dev/nfs rw nfsroot=192.168.255.126:/home/user01/nfs,nfsvers=3 ip=192.168.255.1:192.168.255.126::255.255.255.0:bbb1:eth0 nfsrootdebug
[    0.000000] Unknown kernel command line parameters "nfsrootdebug", will be passed to user space.
[    0.000000] printk: log buffer data + meta data: 65536 + 204800 = 270336 bytes
[    0.000000] Dentry cache hash table entries: 65536 (order: 6, 262144 bytes, linear)
[    0.000000] Inode-cache hash table entries: 32768 (order: 5, 131072 bytes, linear)
[    0.000000] Built 1 zonelists, mobility grouping on.  Total pages: 130560
[    0.000000] mem auto-init: stack:off, heap alloc:off, heap free:off
[    0.000000] SLUB: HWalign=64, Order=0-3, MinObjects=0, CPUs=1, Nodes=1
[    0.000000] trace event string verifier disabled
[    0.000000] rcu: Hierarchical RCU implementation.
[    0.000000] rcu: 	RCU event tracing is enabled.
[    0.000000] rcu: 	RCU restricting CPUs from NR_CPUS=2 to nr_cpu_ids=1.
[    0.000000] 	Tracing variant of Tasks RCU enabled.
[    0.000000] rcu: RCU calculated value of scheduler-enlistment delay is 10 jiffies.
[    0.000000] rcu: Adjusting geometry for rcu_fanout_leaf=16, nr_cpu_ids=1
[    0.000000] RCU Tasks Trace: Setting shift to 0 and lim to 1 rcu_task_cb_adjust=1 rcu_task_cpu_ids=1.
[    0.000000] NR_IRQS: 16, nr_irqs: 16, preallocated irqs: 16
[    0.000000] IRQ: Found an INTC at 0x(ptrval) (revision 5.0) with 128 interrupts
[    0.000000] rcu: srcu_init: Setting srcu_struct sizes based on contention.
[    0.000000] TI gptimer clocksource: always-on /ocp/interconnect@44c00000/segment@200000/target-module@31000
[    0.000002] sched_clock: 32 bits at 24MHz, resolution 41ns, wraps every 89478484971ns
[    0.000027] clocksource: dmtimer: mask: 0xffffffff max_cycles: 0xffffffff, max_idle_ns: 79635851949 ns
[    0.000499] TI gptimer clockevent: 24000000 Hz at /ocp/interconnect@48000000/segment@0/target-module@40000
[    0.002132] Console: colour dummy device 80x30
[    0.002200] WARNING: Your 'console=ttyO0' has been replaced by 'ttyS0'
[    0.002208] This ensures that you still see kernel messages. Please
[    0.002213] update your kernel commandline.
[    0.002255] Calibrating delay loop... 996.14 BogoMIPS (lpj=4980736)
[    0.090548] CPU: Testing write buffer coherency: ok
[    0.090664] CPU0: Spectre v2: using BPIALL workaround
[    0.090677] pid_max: default: 32768 minimum: 301
[    0.090803] LSM: initializing lsm=capability
[    0.090981] Mount-cache hash table entries: 1024 (order: 0, 4096 bytes, linear)
[    0.091000] Mountpoint-cache hash table entries: 1024 (order: 0, 4096 bytes, linear)
[    0.092666] CPU0: thread -1, cpu 0, socket -1, mpidr 0
[    0.160929] Setting up static identity map for 0x80100000 - 0x80100078
[    0.170698] rcu: Hierarchical SRCU implementation.
[    0.170708] rcu: 	Max phase no-delay instances is 1000.
[    0.190761] smp: Bringing up secondary CPUs ...
[    0.190820] smp: Brought up 1 node, 1 CPU
[    0.190834] SMP: Total of 1 processors activated (996.14 BogoMIPS).
[    0.190846] CPU: All CPU(s) started in SVC mode.
[    0.191037] Memory: 480840K/522240K available (11264K kernel code, 1213K rwdata, 2896K rodata, 1024K init, 297K bss, 23388K reserved, 16384K cma-reserved, 0K highmem)
[    0.191909] devtmpfs: initialized
[    0.209068] VFP support v0.3: implementor 41 architecture 3 part 30 variant c rev 3
[    0.209420] clocksource: jiffies: mask: 0xffffffff max_cycles: 0xffffffff, max_idle_ns: 19112604462750000 ns
[    0.209453] futex hash table entries: 256 (order: 2, 16384 bytes, linear)
[    0.210966] pinctrl core: initialized pinctrl subsystem
[    0.213794] NET: Registered PF_NETLINK/PF_ROUTE protocol family
[    0.216627] DMA: preallocated 256 KiB pool for atomic coherent allocations
[    0.217537] audit: initializing netlink subsys (disabled)
[    0.218987] thermal_sys: Registered thermal governor 'fair_share'
[    0.219004] thermal_sys: Registered thermal governor 'step_wise'
[    0.219013] thermal_sys: Registered thermal governor 'user_space'
[    0.219171] audit: type=2000 audit(0.210:1): state=initialized audit_enabled=0 res=1
[    0.219213] cpuidle: using governor menu
[    0.237481] /ocp/interconnect@44c00000/segment@200000/target-module@b000/i2c@0/tda19988@70: Fixed dependency cycle(s) with /ocp/interconnect@48000000/segment@300000/target-module@e000/lcdc@0
[    0.238670] /ocp/interconnect@48000000/segment@300000/target-module@e000/lcdc@0: Fixed dependency cycle(s) with /ocp/interconnect@44c00000/segment@200000/target-module@b000/i2c@0/tda19988@70
[    0.241087] No ATAGs?
[    0.241109] hw-breakpoint: debug architecture 0x4 unsupported.
[    0.243890] kprobes: kprobe jump-optimization is enabled. All kprobes are optimized if possible.
[    0.254014] iommu: Default domain type: Translated
[    0.254036] iommu: DMA domain TLB invalidation policy: strict mode
[    0.261476] SCSI subsystem initialized
[    0.262342] pps_core: LinuxPPS API ver. 1 registered
[    0.262351] pps_core: Software ver. 5.3.6 - Copyright 2005-2007 Rodolfo Giometti <giometti@linux.it>
[    0.262376] PTP clock support registered
[    0.271542] vgaarb: loaded
[    0.271956] clocksource: Switched to clocksource dmtimer
[    0.272625] VFS: Disk quotas dquot_6.6.0
[    0.272668] VFS: Dquot-cache hash table entries: 1024 (order 0, 4096 bytes)
[    0.297849] NET: Registered PF_INET protocol family
[    0.298214] IP idents hash table entries: 8192 (order: 4, 65536 bytes, linear)
[    0.299641] tcp_listen_portaddr_hash hash table entries: 512 (order: 0, 4096 bytes, linear)
[    0.299680] Table-perturb hash table entries: 65536 (order: 6, 262144 bytes, linear)
[    0.299697] TCP established hash table entries: 4096 (order: 2, 16384 bytes, linear)
[    0.299740] TCP bind hash table entries: 4096 (order: 4, 65536 bytes, linear)
[    0.299840] TCP: Hash tables configured (established 4096 bind 4096)
[    0.299961] UDP hash table entries: 256 (order: 1, 8192 bytes, linear)
[    0.299990] UDP-Lite hash table entries: 256 (order: 1, 8192 bytes, linear)
[    0.300169] NET: Registered PF_UNIX/PF_LOCAL protocol family
[    0.312802] RPC: Registered named UNIX socket transport module.
[    0.312824] RPC: Registered udp transport module.
[    0.312830] RPC: Registered tcp transport module.
[    0.312836] RPC: Registered tcp-with-tls transport module.
[    0.312841] RPC: Registered tcp NFSv4.1 backchannel transport module.
[    0.312866] PCI: CLS 0 bytes, default 64
[    0.314366] Initialise system trusted keyrings
[    0.314956] workingset: timestamp_bits=14 max_order=17 bucket_order=3
[    0.316428] NFS: Registering the id_resolver key type
[    0.316518] Key type id_resolver registered
[    0.316526] Key type id_legacy registered
[    0.316577] jffs2: version 2.2. (NAND) (SUMMARY)  Â© 2001-2006 Red Hat, Inc.
[    0.316976] Key type asymmetric registered
[    0.316991] Asymmetric key parser 'x509' registered
[    0.317052] io scheduler mq-deadline registered
[    0.317064] io scheduler kyber registered
[    0.317137] io scheduler bfq registered
[    0.319203] ledtrig-cpu: registered to indicate activity on CPUs
[    0.332637] Serial: 8250/16550 driver, 6 ports, IRQ sharing enabled
[    0.388237] brd: module loaded
[    0.397060] loop: module loaded
[    0.398001] mtdoops: mtd device (mtddev=name/number) must be supplied
[    0.401149] i2c_dev: i2c /dev entries driver
[    0.402315] cpuidle: enable-method property 'ti,am3352' found operations
[    0.402769] sdhci: Secure Digital Host Controller Interface driver
[    0.402779] sdhci: Copyright(c) Pierre Ossman
[    0.402950] sdhci-pltfm: SDHCI platform and OF driver helper
[    0.403969] Initializing XFRM netlink socket
[    0.404116] NET: Registered PF_INET6 protocol family
[    0.414144] Segment Routing with IPv6
[    0.414238] In-situ OAM (IOAM) with IPv6
[    0.414340] sit: IPv6, IPv4 and MPLS over IPv4 tunneling driver
[    0.415313] NET: Registered PF_PACKET protocol family
[    0.415351] NET: Registered PF_KEY protocol family
[    0.415482] Key type dns_resolver registered
[    0.415758] ThumbEE CPU extension supported.
[    0.415779] Registering SWP/SWPB emulation handler
[    0.416321] omap_voltage_late_init: Voltage driver support not added
[    0.416672] SmartReflex Class3 initialized
[    0.443430] Loading compiled-in X.509 certificates
[    0.491458] /ocp/interconnect@44c00000/segment@200000/target-module@b000/i2c@0/tda19988@70: Fixed dependency cycle(s) with /ocp/interconnect@48000000/segment@300000/target-module@e000/lcdc@0
[    0.498163] /ocp/interconnect@44c00000/segment@200000/target-module@b000/i2c@0/tda19988@70: Fixed dependency cycle(s) with /ocp/interconnect@48000000/segment@300000/target-module@e000/lcdc@0
[    0.519886] /ocp/interconnect@44c00000/segment@200000/target-module@b000/i2c@0/tda19988@70: Fixed dependency cycle(s) with /ocp/interconnect@48000000/segment@300000/target-module@e000/lcdc@0
[    0.520764] /ocp/interconnect@44c00000/segment@200000/target-module@b000/i2c@0/tda19988@70: Fixed dependency cycle(s) with /ocp/interconnect@48000000/segment@300000/target-module@e000/lcdc@0
[    0.524614] /ocp/interconnect@44c00000/segment@200000/target-module@10000/scm@0/pinmux@800: Fixed dependency cycle(s) with /ocp/interconnect@44c00000/segment@200000/target-module@10000/scm@0/pinmux@800/clkout2-pins
[    0.525198] pinctrl-single 44e10800.pinmux: 142 pins, size 568
[    0.530332] ti-sysc 44e31000.target-module: probe with driver ti-sysc failed with error -16
[    0.570115] /ocp/interconnect@48000000/segment@300000/target-module@e000/lcdc@0: Fixed dependency cycle(s) with /ocp/interconnect@44c00000/segment@200000/target-module@b000/i2c@0/tda19988@70
[    0.578267] ti-sysc 48040000.target-module: probe with driver ti-sysc failed with error -16
[    0.603523] OMAP GPIO hardware version 0.1
[    0.632122] omap_i2c 4819c000.i2c: bus 2 rev0.11 at 100 kHz
[    0.684330] 48000000.interconnect:segment@200000:target-module@0:mpu@0:fck: device ID is greater than 24
[    0.685231] /ocp/interconnect@48000000/segment@300000/target-module@e000/lcdc@0: Fixed dependency cycle(s) with /ocp/interconnect@44c00000/segment@200000/target-module@b000/i2c@0/tda19988@70
[    0.687924] /ocp/interconnect@48000000/segment@300000/target-module@e000/lcdc@0: Fixed dependency cycle(s) with /ocp/interconnect@44c00000/segment@200000/target-module@b000/i2c@0/tda19988@70
[    0.688621] /ocp/interconnect@44c00000/segment@200000/target-module@b000/i2c@0/tda19988@7 0: Fixed dependency cycle(s) with /ocp/interconnect@48000000/segment@300000/target-module@e000/lcdc@0
[    0.688786] /ocp/interconnect@48000000/segment@300000/target-module@e000/lcdc@0: Fixed dependency cycle(s) with /ocp/interconnect@44c00000/segment@200l: Failed to locate of_node [id: -1]
[    2.520403] tps65217 0-0024: TPS65217 ID 0xe version 1.2
[    2.526562] /ocp/interconnect@48000000/segment@300000/target-module@e000/lcdc@0: Fixed dependency cycle(s) with /ocp/interconnect@44c00000/segment@200000/target-module@b000/i2c@0/tda19988@70
[    2.543939] /ocp/interconnect@44c00000/segment@200000/target-module@b000/i2c@0/tda19988@70: Fixed dependency cycle(s) with /ocp/interconnect@48000000/segment@300000/target-module@e000/lcdc@0
[    2.561302] omap_i2c 44e0b000.i2c: bus 0 rev0.11 at 400 kHz
[    2.569366] omap_gpio 44e07000.gpio: Could not set line 6 debounce to 200000 microseconds (-22)
[    2.578264] sdhci-omap 48060000.mmc: Got CD GPIO
[    2.583333] sdhci-omap 48060000.mmc: supply pbias not found, using dummy regulator
[    2.593622] sdhci-omap 48060000.mmc: supply vqmmc not found, using dummy regulator
[    2.602639] sdhci-omap 481d8000.mmc: supply pbias not found, using dummy regulator
[    2.610630] sdhci-omap 481d8000.mmc: supply vqmmc not found, using dummy regulator
[    2.649505] mmc1: SDHCI controller on 481d8000.mmc [481d8000.mmc] using External DMA
[    2.658748] mmc0: SDHCI controller on 48060000.mmc [48060000.mmc] using External DMA
[    2.667390] cpsw-switch 4a100000.switch: starting ndev. mode: dual_mac
[    2.711234] mmc0: new high speed SDHC card at address 5048
[    2.718364] mmcblk0: mmc0:5048 SD16G 14.4 GiB
[    2.726548]  mmcblk0: p1 p2
[    2.729969] mmcblk0: p2 size 31221760 extends beyond EOD, truncated
[    2.743200] SMSC LAN8710/LAN8720 4a101000.mdio:00: attached PHY driver (mii_bus:phy_addr=4a101000.mdio:00, irq=POLL)
[    2.755874] mmc1: new high speed MMC card at address 0001
[    2.766950] mmcblk1: mmc1:0001 MMC04G 3.60 GiB
[    2.774487]  mmcblk1: p1 p2
[    2.778737] mmcblk1boot0: mmc1:0001 MMC04G 2.00 MiB
[    2.786137] mmcblk1boot1: mmc1:0001 MMC04G 2.00 MiB
[    2.793507] mmcblk1rpmb: mmc1:0001 MMC04G 128 KiB, chardev (250:0)
[    5.922747] cpsw-switch 4a100000.switch eth0: Link is Up - 100Mbps/Full - flow control off
[    5.962208] IP-Config: Complete:
[    5.965487]      device=eth0, hwaddr=6c:ec:eb:68:de:78, ipaddr=192.168.255.1, mask=255.255.255.0, gw=255.255.255.255
[    5.976155]      host=bbb1, domain=, nis-domain=(none)
[    5.981324]      bootserver=192.168.255.126, rootserver=192.168.255.126, rootpath=
[    5.981760] clk: Disabling unused clocks
[    5.993604] PM: genpd: Disabling unused power domains
[    5.998725] KTAP version 1
[    6.001446] 1..0
[    6.027083] VFS: Mounted root (nfs filesystem) on device 0:17.
[    6.034193] devtmpfs: mounted
[    6.038895] Freeing unused kernel image (initmem) memory: 1024K
[    6.045829] Run /sbin/init as init process
[    6.753047] systemd[1]: System time before build time, advancing clock.
[    8.241980] random: crng init done
[    8.283561] systemd[1]: systemd 232 running in system mode. (+PAM +AUDIT +SELINUX +IMA +APPARMOR +SMACK +SYSVINIT +UTMP +LIBCRYPTSETUP +GCRYPT +GNUTLS +ACL +XZ +LZ4 +SECCOMP +BLKID +ELFUTILS +KMOD +IDN)
[    8.302745] systemd[1]: Detected architecture arm.

Welcome to [1mDebian GNU/Linux 9 (stretch)[0m!

[    8.335170] systemd[1]: Set hostname to <arm>.
[    9.458423] systemd[1]: Listening on Journal Socket (/dev/log).
[[0;32m  OK  [0m] Listening on Journal Socket (/dev/log).
[    9.482391] systemd[1]: Reached target Swap.
[[0;32m  OK  [0m] Reached target Swap.
[    9.504254] systemd[1]: Listening on udev Control Socket.
[[0;32m  OK  [0m] Listening on udev Control Socket.
[    9.533778] systemd[1]: Set up automount Arbitrary Executable File Formats File System Automount Point.
[[0;32m  OK  [0m] Set up automount Arbitrary Executabâ€¦rmats File System Automount Point.
[    9.562598] systemd[1]: Listening on udev Kernel Socket.
[[0;32m  OK  [0m] Listening on udev Kernel Socket.
[    9.594094] systemd[1]: Listening on /dev/initctl Compatibility Named Pipe.
[[0;32m  OK  [0m] Listening on /dev/initctl Compatibility Named Pipe.
[    9.623646] systemd[1]: Created slice System Slice.
[[0;32m  OK  [0m] Created slice System Slice.
         Mounting Debug File System...
[[0;32m  OK  [0m] Created slice system-serial\x2dgetty.slice.
[[0;32m  OK  [0m] Created slice system-getty.slice.
[[0;32m  OK  [0m] Listening on Journal Socket.
         Starting Create list of required stâ€¦ce nodes for the current kernel...
         Starting Remount Root and Kernel File Systems...
         Starting Load Kernel Modules...
[[0;32m  OK  [0m] Started Dispatch Password Requests to Console Directory Watch.
[[0;32m  OK  [0m] Listening on Syslog Socket.
[[0;32m  OK  [0m] Listening on Journal Audit Socket.
[[0;32m  OK  [0m] Started Forward Password Requests to Wall Directory Watch.
[[0;32m  OK  [0m] Reached target Encrypted Volumes.
[[0;32m  OK  [0m] Reached target Paths.
         Starting Journal Service...
[[0;32m  OK  [0m] Reached target Remote File Systems.
         Mounting POSIX Message Queue File System...
[[0;32m  OK  [0m] Created slice User and Session Slice.
[[0;32m  OK  [0m] Reached target Slices.
[[0;32m  OK  [0m] Mounted Debug File System.
[[0;32m  OK  [0m] Started Create list of required staâ€¦vice nodes for the current kernel.
[[0;32m  OK  [0m] Started Remount Root and Kernel File Systems.
[[0;32m  OK  [0m] Started Load Kernel Modules.
[[0;32m  OK  [0m] Mounted POSIX Message Queue File System.
         Starting Apply Kernel Variables...
         Mounting Configuration File System...
         Starting udev Coldplug all Devices...
         Starting Load/Save Random Seed...
         Starting Create Static Device Nodes in /dev...
[[0;32m  OK  [0m] Mounted Configuration File System.
[[0;32m  OK  [0m] Started Apply Kernel Variables.
[[0;32m  OK  [0m] Started Load/Save Random Seed.
[[0;32m  OK  [0m] Started Journal Service.
[[0;32m  OK  [0m] Started Create Static Device Nodes in /dev.
[[0;32m  OK  [0m] Reached target Local File Systems (Pre).
[[0;32m  OK  [0m] Reached target Local File Systems.
         Starting Raise network interfaces...
         Starting udev Kernel Device Manager...
         Starting Flush Journal to Persistent Storage...
[   11.795181] systemd-journald[90]: Received request to flush runtime journal from PID 1
[[0;32m  OK  [0m] Started Flush Journal to Persistent Storage.
         Starting Create Volatile Files and Directories...
[[0;32m  OK  [0m] Started udev Kernel Device Manager.
[[0;32m  OK  [0m] Started Create Volatile Files and Directories.
         Starting Network Time Synchronization...
         Starting Update UTMP about System Boot/Shutdown...
[[0;32m  OK  [0m] Started Update UTMP about System Boot/Shutdown.
[[0;32m  OK  [0m] Started udev Coldplug all Devices.
[   14.792748] remoteproc remoteproc0: wkup_m3 is available
[   15.085595] am335x-phy-driver 47401300.usb-phy: dummy supplies not allowed for exclusive requests (id=vbus)
[   15.128429] usbcore: registered new interface driver usbfs
[   15.134275] usbcore: registered new interface driver hub
