Labgrid Console Logfile for main
Logfile started at 2025-01-08 13:13:47.597452
=== Log starts here ===

U-Boot SPL 2014.04-00014-g47880f5 (Apr 22 2014 - 13:23:54)
reading args
spl_load_image_fat_os: error reading image args, err - -1
reading u-boot.img
reading u-boot.img


U-Boot 2014.04-00014-g47880f5 (Apr 22 2014 - 13:23:54)

I2C:   ready
DRAM:  512 MiB
NAND:  0 MiB
MMC:   OMAP SD/MMC: 0, OMAP SD/MMC: 1
*** Warning - readenv() failed, using default environment

Net:   <ethaddr> not set. Validating first E-fuse MAC
cpsw, usb_ether
Hit any key to stop autoboot:  1  0 
gpio: pin 53 (gpio 53) value is 1
mmc0 is current device
gpio: pin 54 (gpio 54) value is 1
SD/MMC found on device 0
reading uEnv.txt
569 bytes read in 3 ms (184.6 KiB/s)
gpio: pin 55 (gpio 55) value is 1
Loaded environment from uEnv.txt
Importing environment from mmc ...
Checking if uenvcmd is set ...
gpio: pin 56 (gpio 56) value is 1
Running uenvcmd ...
cpsw Waiting for PHY auto negotiation to complete. done
link up on port 0, speed 100, full duplex
Using cpsw device
TFTP from server 192.168.255.126; our IP address is 192.168.255.1
Filename 'zImage'.
Load address: 0x81000000
Loading: *#################################################################
	 #################################################################
	 #################################################################
	 #################################################################
	 #################################################################
	 #####
	 2.4 MiB/s
done
Bytes transferred = 4838848 (49d5c0 hex)
link up on port 0, speed 100, full duplex
Using cpsw device
TFTP from server 192.168.255.126; our IP address is 192.168.255.1
Filename 'am335x-boneblack.dtb'.
Load address: 0x82000000
Loading: *#######
	 2.2 MiB/s
done
Bytes transferred = 94748 (1721c hex)
Kernel image @ 0x81000000 [ 0x000000 - 0x49d5c0 ]
## Flattened Device Tree blob at 82000000
   Booting using the fdt blob at 0x82000000
   Using Device Tree in place at 82000000, end 8201a21b

Starting kernel ...

[    0.000000] Booting Linux on physical CPU 0x0
[    0.000000] Linux version 5.15.175 (user01@drvtest01) (arm-linux-gnueabihf-gcc (Linaro GCC 6.4-2017.11) 6.4.1 20171012, GNU ld (Linaro_Binutils-2017.11) 2.27.0.20161229) #1 SMP Wed Jan 8 13:04:48 EET 2025
[    0.000000] CPU: ARMv7 Processor [413fc082] revision 2 (ARMv7), cr=10c5387d
[    0.000000] CPU: PIPT / VIPT nonaliasing data cache, VIPT aliasing instruction cache
[    0.000000] OF: fdt: Machine model: TI AM335x BeagleBone Black
[    0.000000] Memory policy: Data cache writeback
[    0.000000] cma: Reserved 16 MiB at 0x9e800000
[    0.000000] Zone ranges:
[    0.000000]   Normal   [mem 0x0000000080000000-0x000000009fdfffff]
[    0.000000]   HighMem  empty
[    0.000000] Movable zone start for each node
[    0.000000] Early memory node ranges
[    0.000000]   node   0: [mem 0x0000000080000000-0x000000009fdfffff]
[    0.000000] Initmem setup node 0 [mem 0x0000000080000000-0x000000009fdfffff]
[    0.000000] CPU: All CPU(s) started in SVC mode.
[    0.000000] AM335X ES2.1 (sgx neon)
[    0.000000] percpu: Embedded 16 pages/cpu s33804 r8192 d23540 u65536
[    0.000000] Built 1 zonelists, mobility grouping on.  Total pages: 129412
[    0.000000] Kernel command line: console=ttyO0,115200n8 root=/dev/nfs rw nfsroot=192.168.255.126:/home/user01/nfs,nfsvers=3 ip=192.168.255.1:192.168.255.126::255.255.255.0:bbb1:eth0 nfsrootdebug
[    0.000000] Unknown kernel command line parameters "nfsrootdebug", will be passed to user space.
[    0.000000] Dentry cache hash table entries: 65536 (order: 6, 262144 bytes, linear)
[    0.000000] Inode-cache hash table entries: 32768 (order: 5, 131072 bytes, linear)
[    0.000000] mem auto-init: stack:off, heap alloc:off, heap free:off
[    0.000000] Memory: 484752K/522240K available (10240K kernel code, 1079K rwdata, 2392K rodata, 1024K init, 246K bss, 21104K reserved, 16384K cma-reserved, 0K highmem)
[    0.000000] trace event string verifier disabled
[    0.000000] rcu: Hierarchical RCU implementation.
[    0.000000] rcu: 	RCU event tracing is enabled.
[    0.000000] rcu: 	RCU restricting CPUs from NR_CPUS=2 to nr_cpu_ids=1.
[    0.000000] rcu: RCU calculated value of scheduler-enlistment delay is 10 jiffies.
[    0.000000] rcu: Adjusting geometry for rcu_fanout_leaf=16, nr_cpu_ids=1
[    0.000000] NR_IRQS: 16, nr_irqs: 16, preallocated irqs: 16
[    0.000000] IRQ: Found an INTC at 0x(ptrval) (revision 5.0) with 128 interrupts
[    0.000000] TI gptimer clocksource: always-on /ocp/interconnect@44c00000/segment@200000/target-module@31000
[    0.000002] sched_clock: 32 bits at 24MHz, resolution 41ns, wraps every 89478484971ns
[    0.000027] clocksource: dmtimer: mask: 0xffffffff max_cycles: 0xffffffff, max_idle_ns: 79635851949 ns
[    0.000451] TI gptimer clockevent: 24000000 Hz at /ocp/interconnect@48000000/segment@0/target-module@40000
[    0.002299] Console: colour dummy device 80x30
[    0.002358] WARNING: Your 'console=ttyO0' has been replaced by 'ttyS0'
[    0.002370] This ensures that you still see kernel messages. Please
[    0.002378] update your kernel commandline.
[    0.002428] Calibrating delay loop... 996.14 BogoMIPS (lpj=4980736)
[    0.090569] CPU: Testing write buffer coherency: ok
[    0.090661] CPU0: Spectre v2: using BPIALL workaround
[    0.090674] pid_max: default: 32768 minimum: 301
[    0.090832] LSM: Security Framework initializing
[    0.091034] Mount-cache hash table entries: 1024 (order: 0, 4096 bytes, linear)
[    0.091060] Mountpoint-cache hash table entries: 1024 (order: 0, 4096 bytes, linear)
[    0.092712] CPU0: thread -1, cpu 0, socket -1, mpidr 0
[    0.093769] Setting up static identity map for 0x80100000 - 0x80100078
[    0.094009] rcu: Hierarchical SRCU implementation.
[    0.095205] smp: Bringing up secondary CPUs ...
[    0.095235] smp: Brought up 1 node, 1 CPU
[    0.095250] SMP: Total of 1 processors activated (996.14 BogoMIPS).
[    0.095264] CPU: All CPU(s) started in SVC mode.
[    0.096060] devtmpfs: initialized
[    0.110729] VFP support v0.3: implementor 41 architecture 3 part 30 variant c rev 3
[    0.111083] clocksource: jiffies: mask: 0xffffffff max_cycles: 0xffffffff, max_idle_ns: 19112604462750000 ns
[    0.111121] futex hash table entries: 256 (order: 2, 16384 bytes, linear)
[    0.112481] pinctrl core: initialized pinctrl subsystem
[    0.114512] NET: Registered PF_NETLINK/PF_ROUTE protocol family
[    0.117360] DMA: preallocated 256 KiB pool for atomic coherent allocations
[    0.117942] audit: initializing netlink subsys (disabled)
[    0.119197] thermal_sys: Registered thermal governor 'fair_share'
[    0.119219] thermal_sys: Registered thermal governor 'step_wise'
[    0.119235] thermal_sys: Registered thermal governor 'user_space'
[    0.119597] cpuidle: using governor menu
[    0.136252] No ATAGs?
[    0.136291] hw-breakpoint: debug architecture 0x4 unsupported.
[    0.144708] kprobes: kprobe jump-optimization is enabled. All kprobes are optimized if possible.
[    0.145065] audit: type=2000 audit(0.110:1): state=initialized audit_enabled=0 res=1
[    0.151565] iommu: Default domain type: Translated 
[    0.151591] iommu: DMA domain TLB invalidation policy: strict mode 
[    0.152894] vgaarb: loaded
[    0.153433] SCSI subsystem initialized
[    0.154186] pps_core: LinuxPPS API ver. 1 registered
[    0.154204] pps_core: Software ver. 5.3.6 - Copyright 2005-2007 Rodolfo Giometti <giometti@linux.it>
[    0.154237] PTP clock support registered
[    0.155658] clocksource: Switched to clocksource dmtimer
[    0.201536] VFS: Disk quotas dquot_6.6.0
[    0.201670] VFS: Dquot-cache hash table entries: 1024 (order 0, 4096 bytes)
[    0.265033] NET: Registered PF_INET protocol family
[    0.265380] IP idents hash table entries: 8192 (order: 4, 65536 bytes, linear)
[    0.266498] tcp_listen_portaddr_hash hash table entries: 512 (order: 0, 4096 bytes, linear)
[    0.266556] Table-perturb hash table entries: 65536 (order: 6, 262144 bytes, linear)
[    0.266581] TCP established hash table entries: 4096 (order: 2, 16384 bytes, linear)
[    0.266630] TCP bind hash table entries: 4096 (order: 3, 32768 bytes, linear)
[    0.266694] TCP: Hash tables configured (established 4096 bind 4096)
[    0.266824] UDP hash table entries: 256 (order: 1, 8192 bytes, linear)
[    0.266854] UDP-Lite hash table entries: 256 (order: 1, 8192 bytes, linear)
[    0.267044] NET: Registered PF_UNIX/PF_LOCAL protocol family
[    0.282675] RPC: Registered named UNIX socket transport module.
[    0.282709] RPC: Registered udp transport module.
[    0.282719] RPC: Registered tcp transport module.
[    0.282727] RPC: Registered tcp NFSv4.1 backchannel transport module.
[    0.282750] PCI: CLS 0 bytes, default 64
[    0.284219] Initialise system trusted keyrings
[    0.285148] workingset: timestamp_bits=14 max_order=17 bucket_order=3
[    0.286664] NFS: Registering the id_resolver key type
[    0.286748] Key type id_resolver registered
[    0.286761] Key type id_legacy registered
[    0.286818] jffs2: version 2.2. (NAND) (SUMMARY)  Â© 2001-2006 Red Hat, Inc.
[    0.287221] Key type asymmetric registered
[    0.287247] Asymmetric key parser 'x509' registered
[    0.287315] io scheduler mq-deadline registered
[    0.287331] io scheduler kyber registered
[    0.290997] Serial: 8250/16550 driver, 6 ports, IRQ sharing enabled
[    0.321520] brd: module loaded
[    0.346942] loop: module loaded
[    0.347887] mtdoops: mtd device (mtddev=name/number) must be supplied
[    0.350227] i2c_dev: i2c /dev entries driver
[    0.351129] cpuidle: enable-method property 'ti,am3352' found operations
[    0.351536] sdhci: Secure Digital Host Controller Interface driver
[    0.351554] sdhci: Copyright(c) Pierre Ossman
[    0.351721] sdhci-pltfm: SDHCI platform and OF driver helper
[    0.351952] ledtrig-cpu: registered to indicate activity on CPUs
[    0.352516] Initializing XFRM netlink socket
[    0.352748] NET: Registered PF_INET6 protocol family
[    0.367827] Segment Routing with IPv6
[    0.367927] In-situ OAM (IOAM) with IPv6
[    0.368030] sit: IPv6, IPv4 and MPLS over IPv4 tunneling driver
[    0.368862] NET: Registered PF_PACKET protocol family
[    0.368914] NET: Registered PF_KEY protocol family
[    0.369056] Key type dns_resolver registered
[    0.369199] ThumbEE CPU extension supported.
[    0.369222] Registering SWP/SWPB emulation handler
[    0.369738] omap_voltage_late_init: Voltage driver support not added
[    0.370090] SmartReflex Class3 initialized
[    0.370889] Loading compiled-in X.509 certificates
[    0.403380] pinctrl-single 44e10800.pinmux: 142 pins, size 568
[    0.407829] ti-sysc: probe of 44e31000.target-module failed with error -16
[    0.442700] ti-sysc: probe of 48040000.target-module failed with error -16
[    0.487409] OMAP GPIO hardware version 0.1
[    0.512339] omap_i2c 4819c000.i2c: bus 2 rev0.11 at 100 kHz
[    0.554246] sdhci-omap 481d8000.mmc: supply vqmmc not found, using dummy regulator
[    0.613101] davinci_mdio 4a101000.mdio: davinci mdio revision 1.6, bus freq 1000000
[    0.688251] davinci_mdio 4a101000.mdio: phy[0]: device 4a101000.mdio:00, driver SMSC LAN8710/LAN8720
[    0.688750] cpsw-switch 4a100000.switch: initialized cpsw ale version 1.4
[    0.688780] cpsw-switch 4a100000.switch: ALE Table size 1024
[    0.688898] cpsw-switch 4a100000.switch: cpts: overflow check period 500 (jiffies)
[    0.688919] cpsw-switch 4a100000.switch: CPTS: ref_clk_freq:250000000 calc_mult:2147483648 calc_shift:29 error:0 nsec/sec
[    0.689016] cpsw-switch 4a100000.switch: Detected MACID = 6c:ec:eb:68:de:78
[    0.690593] cpsw-switch 4a100000.switch: initialized (regs 0x4a100000, pool size 256) hw_ver:0019010C 1.12 (0)
[    0.700009] debugfs: Directory '49000000.dma' with parent 'dmaengine' already present!
[    0.700066] edma 49000000.dma: TI EDMA DMA engine driver
[    0.749412] hw perfevents: enabled with armv7_cortex_a8 PMU driver, 5 counters available
[    0.756328] l3-aon-clkctrl:0000:0: failed to disable
[    0.758395] 44e09000.serial: ttyS0 at MMIO 0x44e09000 (irq = 18, base_baud = 3000000) is a 8250
[    1.917361] printk: console [ttyS0] enabled
[    1.946454] tps65217-pmic: Failed to locate of_node [id: -1]
[    1.961868] tps65217-bl: Failed to locate of_node [id: -1]
[    1.970404] tps65217 0-0024: TPS65217 ID 0xe version 1.2
[    1.976370] i2c 0-0070: Fixing up cyclic dependency with 4830e000.lcdc
[    1.983239] omap_i2c 44e0b000.i2c: bus 0 rev0.11 at 400 kHz
[    1.990695] omap_gpio 44e07000.gpio: Could not set line 6 debounce to 200000 microseconds (-22)
[    1.999528] sdhci-omap 48060000.mmc: Got CD GPIO
[    2.004489] sdhci-omap 48060000.mmc: supply vqmmc not found, using dummy regulator
[    2.016722] sdhci-omap 481d8000.mmc: supply vqmmc not found, using dummy regulator
[    2.051786] mmc1: SDHCI controller on 481d8000.mmc [481d8000.mmc] using External DMA
[    2.060079] mmc0: SDHCI controller on 48060000.mmc [48060000.mmc] using External DMA
[    2.068724] cpsw-switch 4a100000.switch: starting ndev. mode: dual_mac
[    2.113195] mmc0: new high speed SDHC card at address 5048
[    2.119994] mmcblk0: mmc0:5048 SD16G 14.4 GiB 
[    2.127821]  mmcblk0: p1 p2
[    2.131028] mmcblk0: p2 size 31221760 extends beyond EOD, truncated
[    2.157511] SMSC LAN8710/LAN8720 4a101000.mdio:00: attached PHY driver (mii_bus:phy_addr=4a101000.mdio:00, irq=POLL)
[    2.178765] mmc1: new high speed MMC card at address 0001
[    2.185383] mmcblk1: mmc1:0001 MMC04G 3.60 GiB 
[    2.192676]  mmcblk1: p1 p2
[    2.196845] mmcblk1boot0: mmc1:0001 MMC04G 2.00 MiB 
[    2.203875] mmcblk1boot1: mmc1:0001 MMC04G 2.00 MiB 
[    2.210768] mmcblk1rpmb: mmc1:0001 MMC04G 128 KiB, chardev (250:0)
[    5.286413] cpsw-switch 4a100000.switch eth0: Link is Up - 100Mbps/Full - flow control off
[    5.315728] IPv6: ADDRCONF(NETDEV_CHANGE): eth0: link becomes ready
[    5.345668] IP-Config: Complete:
[    5.348927]      device=eth0, hwaddr=6c:ec:eb:68:de:78, ipaddr=192.168.255.1, mask=255.255.255.0, gw=255.255.255.255
[    5.359542]      host=bbb1, domain=, nis-domain=(none)
[    5.364705]      bootserver=192.168.255.126, rootserver=192.168.255.126, rootpath=
[    5.365094] clk: Disabling unused clocks
[    5.376949] TAP version 14
[    5.379673] 1..0
[    5.414124] VFS: Mounted root (nfs filesystem) on device 0:16.
[    5.420992] devtmpfs: mounted
[    5.425285] Freeing unused kernel image (initmem) memory: 1024K
[    5.431928] Run /sbin/init as init process
[    6.114819] systemd[1]: System time before build time, advancing clock.
[    6.308807] random: systemd: uninitialized urandom read (16 bytes read)
[    6.350799] random: systemd: uninitialized urandom read (16 bytes read)
[    6.361240] systemd[1]: systemd 232 running in system mode. (+PAM +AUDIT +SELINUX +IMA +APPARMOR +SMACK +SYSVINIT +UTMP +LIBCRYPTSETUP +GCRYPT +GNUTLS +ACL +XZ +LZ4 +SECCOMP +BLKID +ELFUTILS +KMOD +IDN)
[    6.380347] systemd[1]: Detected architecture arm.

Welcome to [1mDebian GNU/Linux 9 (stretch)[0m!

[    6.418584] systemd[1]: Set hostname to <arm>.
[    6.818601] random: systemd-cryptse: uninitialized urandom read (16 bytes read)
[    7.319672] random: systemd: uninitialized urandom read (16 bytes read)
[    7.326933] random: systemd: uninitialized urandom read (16 bytes read)
[    7.334139] random: systemd: uninitialized urandom read (16 bytes read)
[    7.414607] systemd[1]: Set up automount Arbitrary Executable File Formats File System Automount Point.
[[0;32m  OK  [0m] Set up automount Arbitrary Executabâ€¦rmats File System Automount Point.
[    7.456538] systemd[1]: Listening on udev Kernel Socket.
[[0;32m  OK  [0m] Listening on udev Kernel Socket.
[    7.497453] systemd[1]: Listening on Journal Socket (/dev/log).
[[0;32m  OK  [0m] Listening on Journal Socket (/dev/log).
[    7.536345] systemd[1]: Listening on Syslog Socket.
[[0;32m  OK  [0m] Listening on Syslog Socket.
[    7.576347] systemd[1]: Listening on Journal Socket.
[[0;32m  OK  [0m] Listening on Journal Socket.
[    7.616575] systemd[1]: Started Dispatch Password Requests to Console Directory Watch.
[[0;32m  OK  [0m] Started Dispatch Password Requests to Console Directory Watch.
[    7.656423] systemd[1]: Started Forward Password Requests to Wall Directory Watch.
[[0;32m  OK  [0m] Started Forward Password Requests to Wall Directory Watch.
[[0;32m  OK  [0m] Reached target Encrypted Volumes.
[[0;32m  OK  [0m] Reached target Paths.
[[0;32m  OK  [0m] Listening on udev Control Socket.
[[0;32m  OK  [0m] Listening on /dev/initctl Compatibility Named Pipe.
[[0;32m  OK  [0m] Reached target Swap.
[[0;32m  OK  [0m] Reached target Remote File Systems.
[[0;32m  OK  [0m] Created slice User and Session Slice.
[[0;32m  OK  [0m] Created slice System Slice.
         Mounting POSIX Message Queue File System...
[[0;32m  OK  [0m] Created slice system-serial\x2dgetty.slice.
[[0;32m  OK  [0m] Created slice system-getty.slice.
         Starting Create list of required stâ€¦ce nodes for the current kernel...
         Starting Remount Root and Kernel File Systems...
[[0;32m  OK  [0m] Reached target Slices.
         Mounting Debug File System...
[[0;32m  OK  [0m] Listening on Journal Audit Socket.
         Starting Journal Service...
         Starting Load Kernel Modules...
[[0;32m  OK  [0m] Mounted POSIX Message Queue File System.
[[0;32m  OK  [0m] Mounted Debug File System.
[[0;32m  OK  [0m] Started Create list of required staâ€¦vice nodes for the current kernel.
[[0;32m  OK  [0m] Started Remount Root and Kernel File Systems.
[    8.409613] random: systemd: uninitialized urandom read (16 bytes read)
[    8.436956] random: systemd-journal: uninitialized urandom read (16 bytes read)
         Starting Load/Save Random Seed...
[    8.480207] random: systemd-modules: uninitialized urandom read (16 bytes read)
         Starting udev Coldplug all Devices...
         Starting Create Static Device Nodes in /dev...
[[0;32m  OK  [0m] Started Load Kernel Modules.
         Mounting Configuration File System...
         Starting Apply Kernel Variables...
[[0;32m  OK  [0m] Started Load/Save Random Seed.
[[0;32m  OK  [0m] Mounted Configuration File System.
[[0;32m  OK  [0m] Started Apply Kernel Variables.
[[0;32m  OK  [0m] Started Create Static Device Nodes in /dev.
[[0;32m  OK  [0m] Reached target Local File Systems (Pre).
[[0;32m  OK  [0m] Reached target Local File Systems.
         Starting Raise network interfaces...
         Starting udev Kernel Device Manager...
[    9.446546] random: systemd-journal: uninitialized urandom read (16 bytes read)
[[0;32m  OK  [0m] Started Journal Service.
         Starting Flush Journal to Persistent Storage...
[   10.080652] systemd-journald[93]: Received request to flush runtime journal from PID 1
[[0;32m  OK  [0m] Started Flush Journal to Persistent Storage.
         Starting Create Volatile Files and Directories...
[[0;32m  OK  [0m] Started udev Kernel Device Manager.
[[0;32m  OK  [0m] Started Create Volatile Files and Directories.
         Starting Network Time Synchronization...
         Starting Update UTMP about System Boot/Shutdown...
[[0;32m  OK  [0m] Started Update UTMP about System Boot/Shutdown.
[   12.305782] random: crng init done
[   12.309245] random: 567 urandom warning(s) missed due to ratelimiting
[[0;32m  OK  [0m] Started udev Coldplug all Devices.
[[0;32m  OK  [0m] Started Network Time Synchronization.
[[0;32m  OK  [0m] Reached target System Initialization.
[[0;32m  OK  [0m] Started Daily Cleanup of Temporary Directories.
[[0;32m  OK  [0m] Listening on D-Bus System Message Bus Socket.
[[0;32m  OK  [0m] Listening on Avahi mDNS/DNS-SD Stack Activation Socket.
[[0;32m  OK  [0m] Reached target Sockets.
[[0;32m  OK  [0m] Reached target Basic System.
         Starting LSB: Start busybox udhcpd at boot time...
[   12.753027] remoteproc remoteproc0: wkup_m3 is available
[[0;32m  OK  [0m] Started Regular background program processing daemon.
         Starting Login Service...
[   13.070409] at24 2-0054: supply vcc not found, using dummy regulator
         Starting Telephony service...
[   13.281428] at24 2-0055: supply vcc not found, using dummy regulator
         Starting DUN service...
         Starting System Logging Service...
[   13.447282] at24 2-0056: supply vcc not found, using dummy regulator
         Starting LSB: Load kernel modules needed to enable cpufreq scaling...
[   13.552816] at24 2-0057: supply vcc not found, using dummy regulator
         Starting Generic Board Startup...
[   13.607603] tps6521x_pwrbutton tps65217-pwrbutton: DMA mask not set
         Starting Avahi mDNS/DNS-SD Stack...
[   13.671192] at24 0-0050: supply vcc not found, using dummy regulator
         Starting Cape Manager Service...
[   13.748588] at24 0-0050: 32768 byte 24c256 EEPROM, writable, 1 bytes/write
[   13.756440] input: tps65217_pwrbutton as /devices/platform/ocp/44c00000.interconnect/44c00000.interconnect:segment@200000/44e0b000.target-module/44e0b000.i2c/i2c-0/0-0024/tps65217-pwrbutton/input/input0
[[0;32m  OK  [0m] Started D-Bus System Message Bus.
[   13.942855] omap_rtc 44e3e000.rtc: registered as rtc0
[   13.948161] omap_rtc 44e3e000.rtc: setting system clock to 2000-01-01T00:00:00 UTC (946684800)
[   13.986365] omap_wdt: OMAP Watchdog Timer Rev 0x01: initial timeout 60 sec
[   14.402072] am335x-phy-driver 47401300.usb-phy: supply vcc not found, using dummy regulator
[   14.686260] usbcore: registered new interface driver usbfs
[   14.691870] usbcore: registered new interface driver hub
[   14.697394] usbcore: registered new device driver usb
[   15.508791] tda998x 0-0070: found TDA19988
[   15.584743] am335x-phy-driver 47401b00.usb-phy: supply vcc not found, using dummy regulator
[   15.778037] musb-hdrc musb-hdrc.1: MUSB HDRC host driver
[   15.783439] musb-hdrc musb-hdrc.1: new USB bus registered, assigned bus number 1
[   15.861037] omap-mailbox 480c8000.mailbox: omap mailbox rev 0x400
[   16.159846] usb usb1: New USB device found, idVendor=1d6b, idProduct=0002, bcdDevice= 5.15
[   16.168343] usb usb1: New USB device strings: Mfr=3, Product=2, SerialNumber=1
[   16.175606] usb usb1: Product: MUSB HDRC host driver
[   16.180644] usb usb1: Manufacturer: Linux 5.15.175 musb-hcd
[   16.186266] usb usb1: SerialNumber: musb-hdrc.1
[   16.729782] hub 1-0:1.0: USB hub found
[   16.796989] hub 1-0:1.0: 1 port detected
[   16.927305] remoteproc remoteproc0: powering up wkup_m3
[   17.046090] remoteproc remoteproc0: Direct firmware load for am335x-pm-firmware.elf failed with error -2
[   17.055781] remoteproc remoteproc0: request_firmware failed: -2
[   17.061736] wkup_m3_ipc 44e11324.wkup_m3_ipc: rproc_boot failed
[   17.441964] omap_rng 48310000.rng: Random Number Generator ver. 20
[[0;32m  OK  [0m] Started DUN service.
[[0;32m  OK  [0m] Started Avahi mDNS/DNS-SD Stack.
[[0;32m  OK  [0m] Started Telephony service.
[   17.637845] tilcdc 4830e000.lcdc: bound 0-0070 (ops tda998x_driver_exit [tda998x])
         Starting Connection service...
[[0;32m  OK  [0m] Reached target System Time Synchronized.
[   17.748039] [drm] Initialized tilcdc 1.0.0 20121205 for 4830e000.lcdc on minor 0
[[0;32m  OK  [0m] Started Daily apt download activities.
[[0;32m  OK  [0m] Started Daily apt upgrade and clean activities.
[[0;32m  OK  [0m] Reached target Timers.
[   17.913873] tilcdc 4830e000.lcdc: [drm] Cannot find any crtc or sizes
[[0;32m  OK  [0m] Started System Logging Service.
[   18.002949] tilcdc 4830e000.lcdc: [drm] Cannot find any crtc or sizes
[[0;32m  OK  [0m] Started Cape Manager Service.
[   18.586757] Bluetooth: Core ver 2.22
[   18.590589] NET: Registered PF_BLUETOOTH protocol family
[   18.596030] Bluetooth: HCI device and connection manager initialized
[   18.602440] Bluetooth: HCI socket layer initialized
[   18.607401] Bluetooth: L2CAP socket layer initialized
[   18.612513] Bluetooth: SCO socket layer initialized
[   18.782183] PM: Cannot get wkup_m3_ipc handle
[   18.889700] omap-sham 53100000.sham: hw accel on OMAP rev 4.3
[   18.917946] omap-aes 53500000.aes: OMAP AES hw accel rev: 3.2
[[0;32m  OK  [0m] Found device /dev/ttyS0.
[   19.028513] omap-aes 53500000.aes: will run requests pump with realtime priority
[   19.047591] omap-sham 53100000.sham: will run requests pump with realtime priority
[   19.297064] PM: Cannot get wkup_m3_ipc handle
[   19.331862] PM: Cannot get wkup_m3_ipc handle
[[0;32m  OK  [0m] Started Raise network interfaces.
[[0;32m  OK  [0m] Started LSB: Start busybox udhcpd at boot time.
[   22.531047] PM: Cannot get wkup_m3_ipc handle
[   22.628120] PM: Cannot get wkup_m3_ipc handle
[   23.165311] using random self ethernet address
[   23.169989] using random host ethernet address
[   23.403168] using random self ethernet address
[   23.407779] using random host ethernet address
[   23.989061] usb0: HOST MAC 1c:ba:8c:a2:ed:6c
[   23.993381] usb0: MAC 1c:ba:8c:a2:ed:70
[   23.998264] usb1: HOST MAC 1c:ba:8c:a2:ed:6c
[   24.002569] usb1: MAC 1c:ba:8c:a2:ed:6d
[[0;32m  OK  [0m] Started LSB: Load kernel modules needed to enable cpufreq scaling.
[[0;32m  OK  [0m] Started Connection service.
[[0;32m  OK  [0m] Started Login Service.
         Starting Hostname Service...
         Starting WPA supplicant...
[[0;32m  OK  [0m] Reached target Sound Card.
         Starting LSB: set CPUFreq kernel parameters...
[[0;32m  OK  [0m] Started WPA supplicant.
[[0;32m  OK  [0m] Reached target Network.
         Starting OpenBSD Secure Shell server...
[[0;32m  OK  [0m] Reached target Network is Online.
         Starting LSB: Advanced IEEE 802.11 management daemon...
         Starting Permit User Sessions...
         Starting The Apache HTTP Server...
[[0;32m  OK  [0m] Started LSB: Advanced IEEE 802.11 management daemon.
[[0;32m  OK  [0m] Started Hostname Service.
[[0;32m  OK  [0m] Started Permit User Sessions.
[[0;32m  OK  [0m] Started Serial Getty on ttyS0.
[[0;32m  OK  [0m] Started Getty on tty1.
[[0;32m  OK  [0m] Reached target Login Prompts.
[[0;32m  OK  [0m] Started LSB: set CPUFreq kernel parameters.
         Stopping LSB: Start busybox udhcpd at boot time...
[[0;32m  OK  [0m] Started OpenBSD Secure Shell server.
[[0;32m  OK  [0m] Stopped LSB: Start busybox udhcpd at boot time.
         Starting dnsmasq - A lightweight DHCP and caching DNS server...
[[0;32m  OK  [0m] Started The Apache HTTP Server.
[[0;32m  OK  [0m] Started dnsmasq - A lightweight DHCP and caching DNS server.
[[0;32m  OK  [0m] Reached target Host and Network Name Lookups.
[[0;32m  OK  [0m] Started Serial Getty on ttyGS0.
[[0;32m  OK  [0m] Started Generic Board Startup.
[[0;32m  OK  [0m] Reached target Multi-User System.
[[0;32m  OK  [0m] Reached target Graphical Interface.
         Starting Update UTMP about System Runlevel Changes...
[[0;32m  OK  [0m] Started Update UTMP about System Runlevel Changes.

Debian GNU/Linux 9 arm ttyS0

default username:password is [debian:temppwd]

arm login: roo
Password: 
Last login: Sat Jan  1 00:00:31 UTC 2000 on ttyS0
root
Linux arm 5.15.175 #1 SMP Wed Jan 8 13:04:48 EET 2025 armv7l

The programs included with the Debian GNU/Linux system are free software;
the exact distribution terms for each program are described in the
individual files in /usr/share/doc/*/copyright.

Debian GNU/Linux comes with ABSOLUTELY NO WARRANTY, to the extent
permitted by applicable law.
root@arm:~# root
-bash: root: command not found
root@arm:~# dmesg -n 1
root@arm:~# echo 'MVOL''FOJWCP'
MVOLFOJWCP
root@arm:~# run() { echo -n "$MARKER"; sh -c "$@"; echo "$MARKER $?"; }
root@arm:~# echo 'VLHW''SLGUPA'
VLHWSLGUPA
root@arm:~# MARKER='HMSW''EPJPKN' run 'cat /proc/version'
HMSWEPJPKNLinux version 5.15.175 (user01@drvtest01) (arm-linux-gnueabihf-gcc (Linaro GCC 6.4-2017.11) 6.4.1 20171012, GNU ld (Linaro_Binutils-2017.11) 2.27.0.20161229) #1 SMP Wed Jan 8 13:04:48 EET 2025
HMSWEPJPKN 0
root@arm:~# echo 'BCAH''CYVHNW'
BCAHCYVHNW
root@arm:~# MARKER='ZTWG''BECPHN' run false
ZTWGBECPHNZTWGBECPHN 1
root@arm:~# Labgrid Console Logfile for main
Logfile started at 2025-01-08 13:14:44.447563
=== Log starts here ===

root@arm:~# run() { echo -n "$MARKER"; sh -c "$@"; echo "$MARKER $?"; }
root@arm:~# echo 'CLFL''BESZWT'
CLFLBESZWT
root@arm:~# MARKER='FJMZ''MWQXHN' run 'ls /iio_generic_buffer; echo $?'
FJMZMWQXHN/iio_generic_buffer
0
FJMZMWQXHN 0
root@arm:~# Labgrid Console Logfile for main
Logfile started at 2025-01-08 13:14:47.853653
=== Log starts here ===

root@arm:~# run() { echo -n "$MARKER"; sh -c "$@"; echo "$MARKER $?"; }
root@arm:~# echo 'LLWA''MTSFPB'
LLWAMTSFPB
root@arm:~# MARKER='FGVT''BPXHFH' run dmesg
FGVTBPXHFH[    0.000000] Booting Linux on physical CPU 0x0
[    0.000000] Linux version 5.15.175 (user01@drvtest01) (arm-linux-gnueabihf-gcc (Linaro GCC 6.4-2017.11) 6.4.1 20171012, GNU ld (Linaro_Binutils-2017.11) 2.27.0.20161229) #1 SMP Wed Jan 8 13:04:48 EET 2025
[    0.000000] CPU: ARMv7 Processor [413fc082] revision 2 (ARMv7), cr=10c5387d
[    0.000000] CPU: PIPT / VIPT nonaliasing data cache, VIPT aliasing instruction cache
[    0.000000] OF: fdt: Machine model: TI AM335x BeagleBone Black
[    0.000000] Memory policy: Data cache writeback
[    0.000000] cma: Reserved 16 MiB at 0x9e800000
[    0.000000] Zone ranges:
[    0.000000]   Normal   [mem 0x0000000080000000-0x000000009fdfffff]
[    0.000000]   HighMem  empty
[    0.000000] Movable zone start for each node
[    0.000000] Early memory node ranges
[    0.000000]   node   0: [mem 0x0000000080000000-0x000000009fdfffff]
[    0.000000] Initmem setup node 0 [mem 0x0000000080000000-0x000000009fdfffff]
[    0.000000] CPU: All CPU(s) started in SVC mode.
[    0.000000] AM335X ES2.1 (sgx neon)
[    0.000000] percpu: Embedded 16 pages/cpu s33804 r8192 d23540 u65536
[    0.000000] pcpu-alloc: s33804 r8192 d23540 u65536 alloc=16*4096
[    0.000000] pcpu-alloc: [0] 0 
[    0.000000] Built 1 zonelists, mobility grouping on.  Total pages: 129412
[    0.000000] Kernel command line: console=ttyO0,115200n8 root=/dev/nfs rw nfsroot=192.168.255.126:/home/user01/nfs,nfsvers=3 ip=192.168.255.1:192.168.255.126::255.255.255.0:bbb1:eth0 nfsrootdebug
[    0.000000] Unknown kernel command line parameters "nfsrootdebug", will be passed to user space.
[    0.000000] Dentry cache hash table entries: 65536 (order: 6, 262144 bytes, linear)
[    0.000000] Inode-cache hash table entries: 32768 (order: 5, 131072 bytes, linear)
[    0.000000] mem auto-init: stack:off, heap alloc:off, heap free:off
[    0.000000] Memory: 484752K/522240K available (10240K kernel code, 1079K rwdata, 2392K rodata, 1024K init, 246K bss, 21104K reserved, 16384K cma-reserved, 0K highmem)
[    0.000000] trace event string verifier disabled
[    0.000000] rcu: Hierarchical RCU implementation.
[    0.000000] rcu: 	RCU event tracing is enabled.
[    0.000000] rcu: 	RCU restricting CPUs from NR_CPUS=2 to nr_cpu_ids=1.
[    0.000000] rcu: RCU calculated value of scheduler-enlistment delay is 10 jiffies.
[    0.000000] rcu: Adjusting geometry for rcu_fanout_leaf=16, nr_cpu_ids=1
[    0.000000] NR_IRQS: 16, nr_irqs: 16, preallocated irqs: 16
[    0.000000] IRQ: Found an INTC at 0x(ptrval) (revision 5.0) with 128 interrupts
[    0.000000] TI gptimer clocksource: always-on /ocp/interconnect@44c00000/segment@200000/target-module@31000
[    0.000002] sched_clock: 32 bits at 24MHz, resolution 41ns, wraps every 89478484971ns
[    0.000027] clocksource: dmtimer: mask: 0xffffffff max_cycles: 0xffffffff, max_idle_ns: 79635851949 ns
[    0.000451] TI gptimer clockevent: 24000000 Hz at /ocp/interconnect@48000000/segment@0/target-module@40000
[    0.002299] Console: colour dummy device 80x30
[    0.002358] WARNING: Your 'console=ttyO0' has been replaced by 'ttyS0'
[    0.002370] This ensures that you still see kernel messages. Please
[    0.002378] update your kernel commandline.
[    0.002428] Calibrating delay loop... 996.14 BogoMIPS (lpj=4980736)
[    0.090569] CPU: Testing write buffer coherency: ok
[    0.090661] CPU0: Spectre v2: using BPIALL workaround
[    0.090674] pid_max: default: 32768 minimum: 301
[    0.090832] LSM: Security Framework initializing
[    0.091034] Mount-cache hash table entries: 1024 (order: 0, 4096 bytes, linear)
[    0.091060] Mountpoint-cache hash table entries: 1024 (order: 0, 4096 bytes, linear)
[    0.092712] CPU0: thread -1, cpu 0, socket -1, mpidr 0
[    0.093769] Setting up static identity map for 0x80100000 - 0x80100078
[    0.094009] rcu: Hierarchical SRCU implementation.
[    0.095205] smp: Bringing up secondary CPUs ...
[    0.095235] smp: Brought up 1 node, 1 CPU
[    0.095250] SMP: Total of 1 processors activated (996.14 BogoMIPS).
[    0.095264] CPU: All CPU(s) started in SVC mode.
[    0.096060] devtmpfs: initialized
[    0.110729] VFP support v0.3: implementor 41 architecture 3 part 30 variant c rev 3
[    0.111083] clocksource: jiffies: mask: 0xffffffff max_cycles: 0xffffffff, max_idle_ns: 19112604462750000 ns
[    0.111121] futex hash table entries: 256 (order: 2, 16384 bytes, linear)
[    0.112481] pinctrl core: initialized pinctrl subsystem
[    0.114512] NET: Registered PF_NETLINK/PF_ROUTE protocol family
[    0.117360] DMA: preallocated 256 KiB pool for atomic coherent allocations
[    0.117942] audit: initializing netlink subsys (disabled)
[    0.119197] thermal_sys: Registered thermal governor 'fair_share'
[    0.119219] thermal_sys: Registered thermal governor 'step_wise'
[    0.119235] thermal_sys: Registered thermal governor 'user_space'
[    0.119597] cpuidle: using governor menu
[    0.136252] No ATAGs?
[    0.136291] hw-breakpoint: debug architecture 0x4 unsupported.
[    0.144708] kprobes: kprobe jump-optimization is enabled. All kprobes are optimized if possible.
[    0.145065] audit: type=2000 audit(0.110:1): state=initialized audit_enabled=0 res=1
[    0.150136] reg-fixed-voltage fixedregulator0: GPIO lookup for consumer (null)
[    0.150167] reg-fixed-voltage fixedregulator0: using device tree for GPIO lookup
[    0.150199] of_get_named_gpiod_flags: can't parse 'gpios' property of node '/fixedregulator0[0]'
[    0.150240] of_get_named_gpiod_flags: can't parse 'gpio' property of node '/fixedregulator0[0]'
[    0.150262] reg-fixed-voltage fixedregulator0: using lookup tables for GPIO lookup
[    0.150273] reg-fixed-voltage fixedregulator0: No GPIO consumer (null) found
[    0.151565] iommu: Default domain type: Translated 
[    0.151591] iommu: DMA domain TLB invalidation policy: strict mode 
[    0.152894] vgaarb: loaded
[    0.153433] SCSI subsystem initialized
[    0.153850] libata version 3.00 loaded.
[    0.154186] pps_core: LinuxPPS API ver. 1 registered
[    0.154204] pps_core: Software ver. 5.3.6 - Copyright 2005-2007 Rodolfo Giometti <giometti@linux.it>
[    0.154237] PTP clock support registered
[    0.155658] clocksource: Switched to clocksource dmtimer
[    0.201536] VFS: Disk quotas dquot_6.6.0
[    0.201670] VFS: Dquot-cache hash table entries: 1024 (order 0, 4096 bytes)
[    0.265033] NET: Registered PF_INET protocol family
[    0.265380] IP idents hash table entries: 8192 (order: 4, 65536 bytes, linear)
[    0.266498] tcp_listen_portaddr_hash hash table entries: 512 (order: 0, 4096 bytes, linear)
[    0.266556] Table-perturb hash table entries: 65536 (order: 6, 262144 bytes, linear)
[    0.266581] TCP established hash table entries: 4096 (order: 2, 16384 bytes, linear)
[    0.266630] TCP bind hash table entries: 4096 (order: 3, 32768 bytes, linear)
[    0.266694] TCP: Hash tables configured (established 4096 bind 4096)
[    0.266824] UDP hash table entries: 256 (order: 1, 8192 bytes, linear)
[    0.266854] UDP-Lite hash table entries: 256 (order: 1, 8192 bytes, linear)
[    0.267044] NET: Registered PF_UNIX/PF_LOCAL protocol family
[    0.282675] RPC: Registered named UNIX socket transport module.
[    0.282709] RPC: Registered udp transport module.
[    0.282719] RPC: Registered tcp transport module.
[    0.282727] RPC: Registered tcp NFSv4.1 backchannel transport module.
[    0.282750] PCI: CLS 0 bytes, default 64
[    0.284219] Initialise system trusted keyrings
[    0.285148] workingset: timestamp_bits=14 max_order=17 bucket_order=3
[    0.286664] NFS: Registering the id_resolver key type
[    0.286748] Key type id_resolver registered
[    0.286761] Key type id_legacy registered
[    0.286818] jffs2: version 2.2. (NAND) (SUMMARY)  Â© 2001-2006 Red Hat, Inc.
[    0.287221] Key type asymmetric registered
[    0.287247] Asymmetric key parser 'x509' registered
[    0.287315] io scheduler mq-deadline registered
[    0.287331] io scheduler kyber registered
[    0.290997] Serial: 8250/16550 driver, 6 ports, IRQ sharing enabled
[    0.321520] brd: module loaded
[    0.346942] loop: module loaded
[    0.347887] mtdoops: mtd device (mtddev=name/number) must be supplied
[    0.349138] mdio_bus fixed-0: GPIO lookup for consumer reset
[    0.349163] mdio_bus fixed-0: using lookup tables for GPIO lookup
[    0.349174] mdio_bus fixed-0: No GPIO consumer reset found
[    0.350227] i2c_dev: i2c /dev entries driver
[    0.351129] cpuidle: enable-method property 'ti,am3352' found operations
[    0.351536] sdhci: Secure Digital Host Controller Interface driver
[    0.351554] sdhci: Copyright(c) Pierre Ossman
[    0.351721] sdhci-pltfm: SDHCI platform and OF driver helper
[    0.351952] ledtrig-cpu: registered to indicate activity on CPUs
[    0.352516] Initializing XFRM netlink socket
[    0.352748] NET: Registered PF_INET6 protocol family
[    0.367827] Segment Routing with IPv6
[    0.367927] In-situ OAM (IOAM) with IPv6
[    0.368030] sit: IPv6, IPv4 and MPLS over IPv4 tunneling driver
[    0.368862] NET: Registered PF_PACKET protocol family
[    0.368914] NET: Registered PF_KEY protocol family
[    0.369056] Key type dns_resolver registered
[    0.369199] ThumbEE CPU extension supported.
[    0.369222] Registering SWP/SWPB emulation handler
[    0.369738] omap_voltage_late_init: Voltage driver support not added
[    0.370090] SmartReflex Class3 initialized
[    0.370889] Loading compiled-in X.509 certificates
[    0.403380] pinctrl-single 44e10800.pinmux: 142 pins, size 568
[    0.407829] ti-sysc: probe of 44e31000.target-module failed with error -16
[    0.442700] ti-sysc: probe of 48040000.target-module failed with error -16
[    0.452690] gpio gpiochip0: (gpio-0-31): created GPIO range 0->7 ==> 44e10800.pinmux PIN 0->7
[    0.452733] gpio gpiochip0: (gpio-0-31): created GPIO range 8->11 ==> 44e10800.pinmux PIN 90->93
[    0.452751] gpio gpiochip0: (gpio-0-31): created GPIO range 12->27 ==> 44e10800.pinmux PIN 12->27
[    0.452767] gpio gpiochip0: (gpio-0-31): created GPIO range 28->31 ==> 44e10800.pinmux PIN 30->33
[    0.487168] gpio gpiochip0: (gpio-0-31): added GPIO chardev (254:0)
[    0.487326] gpio gpiochip0: registered GPIOs 0 to 31 on gpio-0-31
[    0.487409] OMAP GPIO hardware version 0.1
[    0.511397] i2c i2c-2: GPIO lookup for consumer scl
[    0.511432] i2c i2c-2: using device tree for GPIO lookup
[    0.511458] of_get_named_gpiod_flags: can't parse 'scl-gpios' property of node '/ocp/interconnect@48000000/segment@100000/target-module@9c000/i2c@0[0]'
[    0.511507] of_get_named_gpiod_flags: can't parse 'scl-gpio' property of node '/ocp/interconnect@48000000/segment@100000/target-module@9c000/i2c@0[0]'
[    0.511550] i2c i2c-2: using lookup tables for GPIO lookup
[    0.511560] i2c i2c-2: No GPIO consumer scl found
[    0.511583] i2c i2c-2: GPIO lookup for consumer sda
[    0.511592] i2c i2c-2: using device tree for GPIO lookup
[    0.511606] of_get_named_gpiod_flags: can't parse 'sda-gpios' property of node '/ocp/interconnect@48000000/segment@100000/target-module@9c000/i2c@0[0]'
[    0.511648] of_get_named_gpiod_flags: can't parse 'sda-gpio' property of node '/ocp/interconnect@48000000/segment@100000/target-module@9c000/i2c@0[0]'
[    0.511686] i2c i2c-2: using lookup tables for GPIO lookup
[    0.511695] i2c i2c-2: No GPIO consumer sda found
[    0.512339] omap_i2c 4819c000.i2c: bus 2 rev0.11 at 100 kHz
[    0.517633] gpio gpiochip1: (gpio-32-63): created GPIO range 0->17 ==> 44e10800.pinmux PIN 34->51
[    0.517673] gpio gpiochip1: (gpio-32-63): created GPIO range 18->21 ==> 44e10800.pinmux PIN 77->80
[    0.517690] gpio gpiochip1: (gpio-32-63): created GPIO range 22->31 ==> 44e10800.pinmux PIN 56->65
[    0.532762] gpio gpiochip1: (gpio-32-63): added GPIO chardev (254:1)
[    0.532893] gpio gpiochip1: registered GPIOs 32 to 63 on gpio-32-63
[    0.534987] gpio gpiochip2: (gpio-64-95): created GPIO range 0->4 ==> 44e10800.pinmux PIN 66->70
[    0.535019] gpio gpiochip2: (gpio-64-95): created GPIO range 5->6 ==> 44e10800.pinmux PIN 98->99
[    0.535036] gpio gpiochip2: (gpio-64-95): created GPIO range 7->8 ==> 44e10800.pinmux PIN 75->76
[    0.535053] gpio gpiochip2: (gpio-64-95): created GPIO range 13->13 ==> 44e10800.pinmux PIN 141->141
[    0.535071] gpio gpiochip2: (gpio-64-95): created GPIO range 14->21 ==> 44e10800.pinmux PIN 100->107
[    0.535484] gpio gpiochip2: (gpio-64-95): added GPIO chardev (254:2)
[    0.535602] gpio gpiochip2: registered GPIOs 64 to 95 on gpio-64-95
[    0.552797] mdio_bus 4a101000.mdio: GPIO lookup for consumer reset
[    0.552832] mdio_bus 4a101000.mdio: using device tree for GPIO lookup
[    0.552856] of_get_named_gpiod_flags: can't parse 'reset-gpios' property of node '/ocp/interconnect@4a000000/segment@0/target-module@100000/switch@0/mdio@1000[0]'
[    0.552909] of_get_named_gpiod_flags: can't parse 'reset-gpio' property of node '/ocp/interconnect@4a000000/segment@0/target-module@100000/switch@0/mdio@1000[0]'
[    0.552957] mdio_bus 4a101000.mdio: using lookup tables for GPIO lookup
[    0.552968] mdio_bus 4a101000.mdio: No GPIO consumer reset found
[    0.553928] sdhci-omap 481d8000.mmc: GPIO lookup for consumer wp
[    0.553952] sdhci-omap 481d8000.mmc: using device tree for GPIO lookup
[    0.553972] of_get_named_gpiod_flags: can't parse 'wp-gpios' property of node '/ocp/interconnect@48000000/segment@100000/target-module@d8000/mmc@0[0]'
[    0.554023] of_get_named_gpiod_flags: can't parse 'wp-gpio' property of node '/ocp/interconnect@48000000/segment@100000/target-module@d8000/mmc@0[0]'
[    0.554064] sdhci-omap 481d8000.mmc: using lookup tables for GPIO lookup
[    0.554074] sdhci-omap 481d8000.mmc: No GPIO consumer wp found
[    0.554246] sdhci-omap 481d8000.mmc: supply vqmmc not found, using dummy regulator
[    0.613101] davinci_mdio 4a101000.mdio: davinci mdio revision 1.6, bus freq 1000000
[    0.661355] mdio_bus 4a101000.mdio:00: GPIO lookup for consumer reset
[    0.661384] mdio_bus 4a101000.mdio:00: using device tree for GPIO lookup
[    0.661409] of_get_named_gpiod_flags: can't parse 'reset-gpios' property of node '/ocp/interconnect@4a000000/segment@0/target-module@100000/switch@0/mdio@1000/ethernet-phy@0[0]'
[    0.661482] of_get_named_gpiod_flags: can't parse 'reset-gpio' property of node '/ocp/interconnect@4a000000/segment@0/target-module@100000/switch@0/mdio@1000/ethernet-phy@0[0]'
[    0.661537] mdio_bus 4a101000.mdio:00: using lookup tables for GPIO lookup
[    0.661548] mdio_bus 4a101000.mdio:00: No GPIO consumer reset found
[    0.688251] davinci_mdio 4a101000.mdio: phy[0]: device 4a101000.mdio:00, driver SMSC LAN8710/LAN8720
[    0.688750] cpsw-switch 4a100000.switch: initialized cpsw ale version 1.4
[    0.688780] cpsw-switch 4a100000.switch: ALE Table size 1024
[    0.688898] cpsw-switch 4a100000.switch: cpts: overflow check period 500 (jiffies)
[    0.688919] cpsw-switch 4a100000.switch: CPTS: ref_clk_freq:250000000 calc_mult:2147483648 calc_shift:29 error:0 nsec/sec
[    0.689016] cpsw-switch 4a100000.switch: Detected MACID = 6c:ec:eb:68:de:78
[    0.690593] cpsw-switch 4a100000.switch: initialized (regs 0x4a100000, pool size 256) hw_ver:0019010C 1.12 (0)
[    0.700009] debugfs: Directory '49000000.dma' with parent 'dmaengine' already present!
[    0.700066] edma 49000000.dma: TI EDMA DMA engine driver
[    0.749412] hw perfevents: enabled with armv7_cortex_a8 PMU driver, 5 counters available
[    0.749937] gpio-clk clk_mcasp0: GPIO lookup for consumer enable
[    0.749959] gpio-clk clk_mcasp0: using device tree for GPIO lookup
[    0.750000] of_get_named_gpiod_flags: parsed 'enable-gpios' property of node '/clk_mcasp0[0]' - status (0)
[    0.750114] gpio gpiochip0: Persistence not supported for GPIO 27
[    0.750867] gpio gpiochip3: (gpio-96-127): created GPIO range 0->7 ==> 44e10800.pinmux PIN 82->89
[    0.750900] gpio gpiochip3: (gpio-96-127): created GPIO range 8->11 ==> 44e10800.pinmux PIN 52->55
[    0.750918] gpio gpiochip3: (gpio-96-127): created GPIO range 12->15 ==> 44e10800.pinmux PIN 94->97
[    0.750935] gpio gpiochip3: (gpio-96-127): created GPIO range 16->17 ==> 44e10800.pinmux PIN 71->72
[    0.750952] gpio gpiochip3: (gpio-96-127): created GPIO range 18->18 ==> 44e10800.pinmux PIN 135->135
[    0.750969] gpio gpiochip3: (gpio-96-127): created GPIO range 19->20 ==> 44e10800.pinmux PIN 108->109
[    0.750987] gpio gpiochip3: (gpio-96-127): created GPIO range 21->21 ==> 44e10800.pinmux PIN 73->73
[    0.751006] gpio gpiochip3: (gpio-96-127): created GPIO range 22->23 ==> 44e10800.pinmux PIN 8->9
[    0.751024] gpio gpiochip3: (gpio-96-127): created GPIO range 26->27 ==> 44e10800.pinmux PIN 10->11
[    0.751043] gpio gpiochip3: (gpio-96-127): created GPIO range 28->28 ==> 44e10800.pinmux PIN 74->74
[    0.751062] gpio gpiochip3: (gpio-96-127): created GPIO range 29->29 ==> 44e10800.pinmux PIN 81->81
[    0.751082] gpio gpiochip3: (gpio-96-127): created GPIO range 30->31 ==> 44e10800.pinmux PIN 28->29
[    0.756328] l3-aon-clkctrl:0000:0: failed to disable
[    0.756675] gpio gpiochip3: (gpio-96-127): added GPIO chardev (254:3)
[    0.756791] gpio gpiochip3: registered GPIOs 96 to 127 on gpio-96-127
[    0.758187] omap8250 44e09000.serial: GPIO lookup for consumer rs485-term
[    0.758215] omap8250 44e09000.serial: using device tree for GPIO lookup
[    0.758239] of_get_named_gpiod_flags: can't parse 'rs485-term-gpios' property of node '/ocp/interconnect@44c00000/segment@200000/target-module@9000/serial@0[0]'
[    0.758292] of_get_named_gpiod_flags: can't parse 'rs485-term-gpio' property of node '/ocp/interconnect@44c00000/segment@200000/target-module@9000/serial@0[0]'
[    0.758336] omap8250 44e09000.serial: using lookup tables for GPIO lookup
[    0.758347] omap8250 44e09000.serial: No GPIO consumer rs485-term found
[    0.758395] 44e09000.serial: ttyS0 at MMIO 0x44e09000 (irq = 18, base_baud = 3000000) is a 8250
[    1.917361] printk: console [ttyS0] enabled
[    1.923875] i2c i2c-0: GPIO lookup for consumer scl
[    1.923907] i2c i2c-0: using device tree for GPIO lookup
[    1.923934] of_get_named_gpiod_flags: can't parse 'scl-gpios' property of node '/ocp/interconnect@44c00000/segment@200000/target-module@b000/i2c@0[0]'
[    1.923982] of_get_named_gpiod_flags: can't parse 'scl-gpio' property of node '/ocp/interconnect@44c00000/segment@200000/target-module@b000/i2c@0[0]'
[    1.924025] i2c i2c-0: using lookup tables for GPIO lookup
[    1.924035] i2c i2c-0: No GPIO consumer scl found
[    1.924057] i2c i2c-0: GPIO lookup for consumer sda
[    1.924067] i2c i2c-0: using device tree for GPIO lookup
[    1.924081] of_get_named_gpiod_flags: can't parse 'sda-gpios' property of node '/ocp/interconnect@44c00000/segment@200000/target-module@b000/i2c@0[0]'
[    1.924123] of_get_named_gpiod_flags: can't parse 'sda-gpio' property of node '/ocp/interconnect@44c00000/segment@200000/target-module@b000/i2c@0[0]'
[    1.924160] i2c i2c-0: using lookup tables for GPIO lookup
[    1.924170] i2c i2c-0: No GPIO consumer sda found
[    1.946454] tps65217-pmic: Failed to locate of_node [id: -1]
[    1.961868] tps65217-bl: Failed to locate of_node [id: -1]
[    1.970404] tps65217 0-0024: TPS65217 ID 0xe version 1.2
[    1.976370] i2c 0-0070: Fixing up cyclic dependency with 4830e000.lcdc
[    1.983239] omap_i2c 44e0b000.i2c: bus 0 rev0.11 at 400 kHz
[    1.990474] sdhci-omap 48060000.mmc: GPIO lookup for consumer cd
[    1.990501] sdhci-omap 48060000.mmc: using device tree for GPIO lookup
[    1.990545] of_get_named_gpiod_flags: parsed 'cd-gpios' property of node '/ocp/interconnect@48000000/segment@0/target-module@60000/mmc@0[0]' - status (0)
[    1.990665] gpio gpiochip3: Persistence not supported for GPIO 6
[    1.990695] omap_gpio 44e07000.gpio: Could not set line 6 debounce to 200000 microseconds (-22)
[    1.999528] sdhci-omap 48060000.mmc: Got CD GPIO
[    2.004172] sdhci-omap 48060000.mmc: GPIO lookup for consumer wp
[    2.004182] sdhci-omap 48060000.mmc: using device tree for GPIO lookup
[    2.004201] of_get_named_gpiod_flags: can't parse 'wp-gpios' property of node '/ocp/interconnect@48000000/segment@0/target-module@60000/mmc@0[0]'
[    2.004248] of_get_named_gpiod_flags: can't parse 'wp-gpio' property of node '/ocp/interconnect@48000000/segment@0/target-module@60000/mmc@0[0]'
[    2.004290] sdhci-omap 48060000.mmc: using lookup tables for GPIO lookup
[    2.004301] sdhci-omap 48060000.mmc: No GPIO consumer wp found
[    2.004489] sdhci-omap 48060000.mmc: supply vqmmc not found, using dummy regulator
[    2.013172] sdhci-omap 481d8000.mmc: GPIO lookup for consumer wp
[    2.013198] sdhci-omap 481d8000.mmc: using device tree for GPIO lookup
[    2.013220] of_get_named_gpiod_flags: can't parse 'wp-gpios' property of node '/ocp/interconnect@48000000/segment@100000/target-module@d8000/mmc@0[0]'
[    2.013274] of_get_named_gpiod_flags: can't parse 'wp-gpio' property of node '/ocp/interconnect@48000000/segment@100000/target-module@d8000/mmc@0[0]'
[    2.013315] sdhci-omap 481d8000.mmc: using lookup tables for GPIO lookup
[    2.013325] sdhci-omap 481d8000.mmc: No GPIO consumer wp found
[    2.016722] sdhci-omap 481d8000.mmc: supply vqmmc not found, using dummy regulator
[    2.051786] mmc1: SDHCI controller on 481d8000.mmc [481d8000.mmc] using External DMA
[    2.060079] mmc0: SDHCI controller on 48060000.mmc [48060000.mmc] using External DMA
[    2.068724] cpsw-switch 4a100000.switch: starting ndev. mode: dual_mac
[    2.113195] mmc0: new high speed SDHC card at address 5048
[    2.119994] mmcblk0: mmc0:5048 SD16G 14.4 GiB 
[    2.127821]  mmcblk0: p1 p2
[    2.131028] mmcblk0: p2 size 31221760 extends beyond EOD, truncated
[    2.157511] SMSC LAN8710/LAN8720 4a101000.mdio:00: attached PHY driver (mii_bus:phy_addr=4a101000.mdio:00, irq=POLL)
[    2.178765] mmc1: new high speed MMC card at address 0001
[    2.185383] mmcblk1: mmc1:0001 MMC04G 3.60 GiB 
[    2.192676]  mmcblk1: p1 p2
[    2.196845] mmcblk1boot0: mmc1:0001 MMC04G 2.00 MiB 
[    2.203875] mmcblk1boot1: mmc1:0001 MMC04G 2.00 MiB 
[    2.210768] mmcblk1rpmb: mmc1:0001 MMC04G 128 KiB, chardev (250:0)
[    5.286413] cpsw-switch 4a100000.switch eth0: Link is Up - 100Mbps/Full - flow control off
[    5.315728] IPv6: ADDRCONF(NETDEV_CHANGE): eth0: link becomes ready
[    5.345668] IP-Config: Complete:
[    5.348927]      device=eth0, hwaddr=6c:ec:eb:68:de:78, ipaddr=192.168.255.1, mask=255.255.255.0, gw=255.255.255.255
[    5.359542]      host=bbb1, domain=, nis-domain=(none)
[    5.364705]      bootserver=192.168.255.126, rootserver=192.168.255.126, rootpath=
[    5.365094] clk: Disabling unused clocks
[    5.376949] TAP version 14
[    5.379673] 1..0
[    5.414124] VFS: Mounted root (nfs filesystem) on device 0:16.
[    5.420992] devtmpfs: mounted
[    5.425285] Freeing unused kernel image (initmem) memory: 1024K
[    5.431928] Run /sbin/init as init process
[    5.436114]   with arguments:
[    5.436126]     /sbin/init
[    5.436133]     nfsrootdebug
[    5.436140]   with environment:
[    5.436146]     HOME=/
[    5.436153]     TERM=linux
[    6.114819] systemd[1]: System time before build time, advancing clock.
[    6.308807] random: systemd: uninitialized urandom read (16 bytes read)
[    6.350799] random: systemd: uninitialized urandom read (16 bytes read)
[    6.361240] systemd[1]: systemd 232 running in system mode. (+PAM +AUDIT +SELINUX +IMA +APPARMOR +SMACK +SYSVINIT +UTMP +LIBCRYPTSETUP +GCRYPT +GNUTLS +ACL +XZ +LZ4 +SECCOMP +BLKID +ELFUTILS +KMOD +IDN)
[    6.380347] systemd[1]: Detected architecture arm.
[    6.418584] systemd[1]: Set hostname to <arm>.
[    6.818601] random: systemd-cryptse: uninitialized urandom read (16 bytes read)
[    7.319672] random: systemd: uninitialized urandom read (16 bytes read)
[    7.326933] random: systemd: uninitialized urandom read (16 bytes read)
[    7.334139] random: systemd: uninitialized urandom read (16 bytes read)
[    7.414607] systemd[1]: Set up automount Arbitrary Executable File Formats File System Automount Point.
[    7.456538] systemd[1]: Listening on udev Kernel Socket.
[    7.497453] systemd[1]: Listening on Journal Socket (/dev/log).
[    7.536345] systemd[1]: Listening on Syslog Socket.
[    7.576347] systemd[1]: Listening on Journal Socket.
[    7.616575] systemd[1]: Started Dispatch Password Requests to Console Directory Watch.
[    7.656423] systemd[1]: Started Forward Password Requests to Wall Directory Watch.
[    8.409613] random: systemd: uninitialized urandom read (16 bytes read)
[    8.436956] random: systemd-journal: uninitialized urandom read (16 bytes read)
[    8.480207] random: systemd-modules: uninitialized urandom read (16 bytes read)
[    9.446546] random: systemd-journal: uninitialized urandom read (16 bytes read)
[   10.080652] systemd-journald[93]: Received request to flush runtime journal from PID 1
[   12.305782] random: crng init done
[   12.309245] random: 567 urandom warning(s) missed due to ratelimiting
[   12.501648] of_get_named_gpiod_flags: parsed 'gpios' property of node '/leds/led2[0]' - status (0)
[   12.501737] gpio gpiochip0: Persistence not supported for GPIO 21
[   12.501749] gpio-21 (?): no flags found for gpios
[   12.502004] of_get_named_gpiod_flags: parsed 'gpios' property of node '/leds/led3[0]' - status (0)
[   12.502045] gpio gpiochip0: Persistence not supported for GPIO 22
[   12.502056] gpio-22 (?): no flags found for gpios
[   12.502232] of_get_named_gpiod_flags: parsed 'gpios' property of node '/leds/led4[0]' - status (0)
[   12.502263] gpio gpiochip0: Persistence not supported for GPIO 23
[   12.502273] gpio-23 (?): no flags found for gpios
[   12.502424] of_get_named_gpiod_flags: parsed 'gpios' property of node '/leds/led5[0]' - status (0)
[   12.502455] gpio gpiochip0: Persistence not supported for GPIO 24
[   12.502465] gpio-24 (?): no flags found for gpios
[   12.753027] remoteproc remoteproc0: wkup_m3 is available
[   13.070409] at24 2-0054: supply vcc not found, using dummy regulator
[   13.281428] at24 2-0055: supply vcc not found, using dummy regulator
[   13.447282] at24 2-0056: supply vcc not found, using dummy regulator
[   13.552816] at24 2-0057: supply vcc not found, using dummy regulator
[   13.607603] tps6521x_pwrbutton tps65217-pwrbutton: DMA mask not set
[   13.671192] at24 0-0050: supply vcc not found, using dummy regulator
[   13.748112] at24 0-0050: GPIO lookup for consumer wp
[   13.748152] at24 0-0050: using device tree for GPIO lookup
[   13.748184] of_get_named_gpiod_flags: can't parse 'wp-gpios' property of node '/ocp/interconnect@44c00000/segment@200000/target-module@b000/i2c@0/baseboard_eeprom@50[0]'
[   13.748261] of_get_named_gpiod_flags: can't parse 'wp-gpio' property of node '/ocp/interconnect@44c00000/segment@200000/target-module@b000/i2c@0/baseboard_eeprom@50[0]'
[   13.748314] at24 0-0050: using lookup tables for GPIO lookup
[   13.748325] at24 0-0050: No GPIO consumer wp found
[   13.748588] at24 0-0050: 32768 byte 24c256 EEPROM, writable, 1 bytes/write
[   13.756440] input: tps65217_pwrbutton as /devices/platform/ocp/44c00000.interconnect/44c00000.interconnect:segment@200000/44e0b000.target-module/44e0b000.i2c/i2c-0/0-0024/tps65217-pwrbutton/input/input0
[   13.942855] omap_rtc 44e3e000.rtc: registered as rtc0
[   13.948161] omap_rtc 44e3e000.rtc: setting system clock to 2000-01-01T00:00:00 UTC (946684800)
[   13.956881] omap_rtc 44e3e000.rtc: GPIO lookup for consumer wp
[   13.956895] omap_rtc 44e3e000.rtc: using device tree for GPIO lookup
[   13.956926] of_get_named_gpiod_flags: can't parse 'wp-gpios' property of node '/ocp/interconnect@44c00000/segment@200000/target-module@3e000/rtc@0[0]'
[   13.956989] of_get_named_gpiod_flags: can't parse 'wp-gpio' property of node '/ocp/interconnect@44c00000/segment@200000/target-module@3e000/rtc@0[0]'
[   13.957037] omap_rtc 44e3e000.rtc: using lookup tables for GPIO lookup
[   13.957048] omap_rtc 44e3e000.rtc: No GPIO consumer wp found
[   13.986365] omap_wdt: OMAP Watchdog Timer Rev 0x01: initial timeout 60 sec
[   14.401671] am335x-phy-driver 47401300.usb-phy: GPIO lookup for consumer reset
[   14.401713] am335x-phy-driver 47401300.usb-phy: using device tree for GPIO lookup
[   14.401744] of_get_named_gpiod_flags: can't parse 'reset-gpios' property of node '/ocp/target-module@47400000/usb-phy@1300[0]'
[   14.401799] of_get_named_gpiod_flags: can't parse 'reset-gpio' property of node '/ocp/target-module@47400000/usb-phy@1300[0]'
[   14.401832] am335x-phy-driver 47401300.usb-phy: using lookup tables for GPIO lookup
[   14.401843] am335x-phy-driver 47401300.usb-phy: No GPIO consumer reset found
[   14.401854] am335x-phy-driver 47401300.usb-phy: GPIO lookup for consumer vbus-detect
[   14.401864] am335x-phy-driver 47401300.usb-phy: using device tree for GPIO lookup
[   14.401879] of_get_named_gpiod_flags: can't parse 'vbus-detect-gpios' property of node '/ocp/target-module@47400000/usb-phy@1300[0]'
[   14.401910] of_get_named_gpiod_flags: can't parse 'vbus-detect-gpio' property of node '/ocp/target-module@47400000/usb-phy@1300[0]'
[   14.401938] am335x-phy-driver 47401300.usb-phy: using lookup tables for GPIO lookup
[   14.401948] am335x-phy-driver 47401300.usb-phy: No GPIO consumer vbus-detect found
[   14.402072] am335x-phy-driver 47401300.usb-phy: supply vcc not found, using dummy regulator
[   14.686260] usbcore: registered new interface driver usbfs
[   14.691870] usbcore: registered new interface driver hub
[   14.697394] usbcore: registered new device driver usb
[   15.508791] tda998x 0-0070: found TDA19988
[   15.584347] am335x-phy-driver 47401b00.usb-phy: GPIO lookup for consumer reset
[   15.584390] am335x-phy-driver 47401b00.usb-phy: using device tree for GPIO lookup
[   15.584418] of_get_named_gpiod_flags: can't parse 'reset-gpios' property of node '/ocp/target-module@47400000/usb-phy@1b00[0]'
[   15.584470] of_get_named_gpiod_flags: can't parse 'reset-gpio' property of node '/ocp/target-module@47400000/usb-phy@1b00[0]'
[   15.584504] am335x-phy-driver 47401b00.usb-phy: using lookup tables for GPIO lookup
[   15.584515] am335x-phy-driver 47401b00.usb-phy: No GPIO consumer reset found
[   15.584526] am335x-phy-driver 47401b00.usb-phy: GPIO lookup for consumer vbus-detect
[   15.584535] am335x-phy-driver 47401b00.usb-phy: using device tree for GPIO lookup
[   15.584550] of_get_named_gpiod_flags: can't parse 'vbus-detect-gpios' property of node '/ocp/target-module@47400000/usb-phy@1b00[0]'
[   15.584582] of_get_named_gpiod_flags: can't parse 'vbus-detect-gpio' property of node '/ocp/target-module@47400000/usb-phy@1b00[0]'
[   15.584610] am335x-phy-driver 47401b00.usb-phy: using lookup tables for GPIO lookup
[   15.584620] am335x-phy-driver 47401b00.usb-phy: No GPIO consumer vbus-detect found
[   15.584743] am335x-phy-driver 47401b00.usb-phy: supply vcc not found, using dummy regulator
[   15.778037] musb-hdrc musb-hdrc.1: MUSB HDRC host driver
[   15.783439] musb-hdrc musb-hdrc.1: new USB bus registered, assigned bus number 1
[   15.861037] omap-mailbox 480c8000.mailbox: omap mailbox rev 0x400
[   16.159846] usb usb1: New USB device found, idVendor=1d6b, idProduct=0002, bcdDevice= 5.15
[   16.168343] usb usb1: New USB device strings: Mfr=3, Product=2, SerialNumber=1
[   16.175606] usb usb1: Product: MUSB HDRC host driver
[   16.180644] usb usb1: Manufacturer: Linux 5.15.175 musb-hcd
[   16.186266] usb usb1: SerialNumber: musb-hdrc.1
[   16.729782] hub 1-0:1.0: USB hub found
[   16.796989] hub 1-0:1.0: 1 port detected
[   16.927305] remoteproc remoteproc0: powering up wkup_m3
[   17.046090] remoteproc remoteproc0: Direct firmware load for am335x-pm-firmware.elf failed with error -2
[   17.055781] remoteproc remoteproc0: request_firmware failed: -2
[   17.061736] wkup_m3_ipc 44e11324.wkup_m3_ipc: rproc_boot failed
[   17.441964] omap_rng 48310000.rng: Random Number Generator ver. 20
[   17.637845] tilcdc 4830e000.lcdc: bound 0-0070 (ops tda998x_driver_exit [tda998x])
[   17.748039] [drm] Initialized tilcdc 1.0.0 20121205 for 4830e000.lcdc on minor 0
[   17.913873] tilcdc 4830e000.lcdc: [drm] Cannot find any crtc or sizes
[   18.002949] tilcdc 4830e000.lcdc: [drm] Cannot find any crtc or sizes
[   18.586757] Bluetooth: Core ver 2.22
[   18.590589] NET: Registered PF_BLUETOOTH protocol family
[   18.596030] Bluetooth: HCI device and connection manager initialized
[   18.602440] Bluetooth: HCI socket layer initialized
[   18.607401] Bluetooth: L2CAP socket layer initialized
[   18.612513] Bluetooth: SCO socket layer initialized
[   18.782183] PM: Cannot get wkup_m3_ipc handle
[   18.889700] omap-sham 53100000.sham: hw accel on OMAP rev 4.3
[   18.917946] omap-aes 53500000.aes: OMAP AES hw accel rev: 3.2
[   19.028513] omap-aes 53500000.aes: will run requests pump with realtime priority
[   19.047591] omap-sham 53100000.sham: will run requests pump with realtime priority
[   19.297064] PM: Cannot get wkup_m3_ipc handle
[   19.331862] PM: Cannot get wkup_m3_ipc handle
[   22.531047] PM: Cannot get wkup_m3_ipc handle
[   22.536841] of_get_named_gpiod_flags: can't parse 'simple-audio-card,hp-det-gpio' property of node '/sound[0]'
[   22.536903] of_get_named_gpiod_flags: can't parse 'simple-audio-card,mic-det-gpio' property of node '/sound[0]'
[   22.628120] PM: Cannot get wkup_m3_ipc handle
[   23.165311] using random self ethernet address
[   23.169989] using random host ethernet address
[   23.403168] using random self ethernet address
[   23.407779] using random host ethernet address
[   23.659095] userial_init: registered 8 ttyGS* devices
[   23.890842] rndis_register: configNr = 0
[   23.987943] udc musb-hdrc.0: registering UDC driver [g_multi]
[   23.988040] configfs-gadget gadget: adding 'rndis'/f42f0246 to config 'c'/4a38a91a
[   23.989061] usb0: HOST MAC 1c:ba:8c:a2:ed:6c
[   23.993381] usb0: MAC 1c:ba:8c:a2:ed:70
[   23.997451] rndis_set_param_medium: 0 0
[   23.997471] configfs-gadget gadget: RNDIS: dual speed IN/ep1in OUT/ep1out NOTIFY/ep2in
[   23.997487] configfs-gadget gadget: adding 'cdc_ethernet'/289ee63c to config 'c'/4a38a91a
[   23.998264] usb1: HOST MAC 1c:ba:8c:a2:ed:6c
[   24.002569] usb1: MAC 1c:ba:8c:a2:ed:6d
[   24.006525] configfs-gadget gadget: CDC Ethernet: dual speed IN/ep3in OUT/ep2out NOTIFY/ep4in
[   24.006542] configfs-gadget gadget: adding 'acm'/d050730a to config 'c'/4a38a91a
[   24.006571] configfs-gadget gadget: acm ttyGS0: dual speed IN/ep5in OUT/ep3out NOTIFY/ep6in
[   25.178920] usb1: eth_open
[   29.894790] gs_open: ttyGS0 (7c322b1b,dd7736bc)
[   29.894946] gs_close: ttyGS0 (7c322b1b,dd7736bc) ...
[   29.894967] gs_close: ttyGS0 (7c322b1b,dd7736bc) done!
[   29.907916] gs_open: ttyGS0 (a960d881,13c57359)
[   29.916717] gs_close: ttyGS0 (a960d881,13c57359) ...
[   29.916777] gs_close: ttyGS0 (a960d881,13c57359) done!
[   30.061802] gs_open: ttyGS0 (a960d881,e4b4e87d)
[   30.062008] gs_close: ttyGS0 (a960d881,e4b4e87d) ...
[   30.062035] gs_close: ttyGS0 (a960d881,e4b4e87d) done!
[   30.063671] gs_open: ttyGS0 (a960d881,6c1871a3)
FGVTBPXHFH 0
root@arm:~# echo 'XXCO''CYHLGV'
XXCOCYHLGV
root@arm:~# MARKER='FMMC''HSVCYF' run 'modprobe test_linear_ranges'
FMMCHSVCYFFMMCHSVCYF 0
root@arm:~# echo 'BZCC''FELNEE'
BZCCFELNEE
root@arm:~# MARKER='HFLL''GAYLBE' run dmesg
HFLLGAYLBE[    0.000000] Booting Linux on physical CPU 0x0
[    0.000000] Linux version 5.15.175 (user01@drvtest01) (arm-linux-gnueabihf-gcc (Linaro GCC 6.4-2017.11) 6.4.1 20171012, GNU ld (Linaro_Binutils-2017.11) 2.27.0.20161229) #1 SMP Wed Jan 8 13:04:48 EET 2025
[    0.000000] CPU: ARMv7 Processor [413fc082] revision 2 (ARMv7), cr=10c5387d
[    0.000000] CPU: PIPT / VIPT nonaliasing data cache, VIPT aliasing instruction cache
[    0.000000] OF: fdt: Machine model: TI AM335x BeagleBone Black
[    0.000000] Memory policy: Data cache writeback
[    0.000000] cma: Reserved 16 MiB at 0x9e800000
[    0.000000] Zone ranges:
[    0.000000]   Normal   [mem 0x0000000080000000-0x000000009fdfffff]
[    0.000000]   HighMem  empty
[    0.000000] Movable zone start for each node
[    0.000000] Early memory node ranges
[    0.000000]   node   0: [mem 0x0000000080000000-0x000000009fdfffff]
[    0.000000] Initmem setup node 0 [mem 0x0000000080000000-0x000000009fdfffff]
[    0.000000] CPU: All CPU(s) started in SVC mode.
[    0.000000] AM335X ES2.1 (sgx neon)
[    0.000000] percpu: Embedded 16 pages/cpu s33804 r8192 d23540 u65536
[    0.000000] pcpu-alloc: s33804 r8192 d23540 u65536 alloc=16*4096
[    0.000000] pcpu-alloc: [0] 0 
[    0.000000] Built 1 zonelists, mobility grouping on.  Total pages: 129412
[    0.000000] Kernel command line: console=ttyO0,115200n8 root=/dev/nfs rw nfsroot=192.168.255.126:/home/user01/nfs,nfsvers=3 ip=192.168.255.1:192.168.255.126::255.255.255.0:bbb1:eth0 nfsrootdebug
[    0.000000] Unknown kernel command line parameters "nfsrootdebug", will be passed to user space.
[    0.000000] Dentry cache hash table entries: 65536 (order: 6, 262144 bytes, linear)
[    0.000000] Inode-cache hash table entries: 32768 (order: 5, 131072 bytes, linear)
[    0.000000] mem auto-init: stack:off, heap alloc:off, heap free:off
[    0.000000] Memory: 484752K/522240K available (10240K kernel code, 1079K rwdata, 2392K rodata, 1024K init, 246K bss, 21104K reserved, 16384K cma-reserved, 0K highmem)
[    0.000000] trace event string verifier disabled
[    0.000000] rcu: Hierarchical RCU implementation.
[    0.000000] rcu: 	RCU event tracing is enabled.
[    0.000000] rcu: 	RCU restricting CPUs from NR_CPUS=2 to nr_cpu_ids=1.
[    0.000000] rcu: RCU calculated value of scheduler-enlistment delay is 10 jiffies.
[    0.000000] rcu: Adjusting geometry for rcu_fanout_leaf=16, nr_cpu_ids=1
[    0.000000] NR_IRQS: 16, nr_irqs: 16, preallocated irqs: 16
[    0.000000] IRQ: Found an INTC at 0x(ptrval) (revision 5.0) with 128 interrupts
[    0.000000] TI gptimer clocksource: always-on /ocp/interconnect@44c00000/segment@200000/target-module@31000
[    0.000002] sched_clock: 32 bits at 24MHz, resolution 41ns, wraps every 89478484971ns
[    0.000027] clocksource: dmtimer: mask: 0xffffffff max_cycles: 0xffffffff, max_idle_ns: 79635851949 ns
[    0.000451] TI gptimer clockevent: 24000000 Hz at /ocp/interconnect@48000000/segment@0/target-module@40000
[    0.002299] Console: colour dummy device 80x30
[    0.002358] WARNING: Your 'console=ttyO0' has been replaced by 'ttyS0'
[    0.002370] This ensures that you still see kernel messages. Please
[    0.002378] update your kernel commandline.
[    0.002428] Calibrating delay loop... 996.14 BogoMIPS (lpj=4980736)
[    0.090569] CPU: Testing write buffer coherency: ok
[    0.090661] CPU0: Spectre v2: using BPIALL workaround
[    0.090674] pid_max: default: 32768 minimum: 301
[    0.090832] LSM: Security Framework initializing
[    0.091034] Mount-cache hash table entries: 1024 (order: 0, 4096 bytes, linear)
[    0.091060] Mountpoint-cache hash table entries: 1024 (order: 0, 4096 bytes, linear)
[    0.092712] CPU0: thread -1, cpu 0, socket -1, mpidr 0
[    0.093769] Setting up static identity map for 0x80100000 - 0x80100078
[    0.094009] rcu: Hierarchical SRCU implementation.
[    0.095205] smp: Bringing up secondary CPUs ...
[    0.095235] smp: Brought up 1 node, 1 CPU
[    0.095250] SMP: Total of 1 processors activated (996.14 BogoMIPS).
[    0.095264] CPU: All CPU(s) started in SVC mode.
[    0.096060] devtmpfs: initialized
[    0.110729] VFP support v0.3: implementor 41 architecture 3 part 30 variant c rev 3
[    0.111083] clocksource: jiffies: mask: 0xffffffff max_cycles: 0xffffffff, max_idle_ns: 19112604462750000 ns
[    0.111121] futex hash table entries: 256 (order: 2, 16384 bytes, linear)
[    0.112481] pinctrl core: initialized pinctrl subsystem
[    0.114512] NET: Registered PF_NETLINK/PF_ROUTE protocol family
[    0.117360] DMA: preallocated 256 KiB pool for atomic coherent allocations
[    0.117942] audit: initializing netlink subsys (disabled)
[    0.119197] thermal_sys: Registered thermal governor 'fair_share'
[    0.119219] thermal_sys: Registered thermal governor 'step_wise'
[    0.119235] thermal_sys: Registered thermal governor 'user_space'
[    0.119597] cpuidle: using governor menu
[    0.136252] No ATAGs?
[    0.136291] hw-breakpoint: debug architecture 0x4 unsupported.
[    0.144708] kprobes: kprobe jump-optimization is enabled. All kprobes are optimized if possible.
[    0.145065] audit: type=2000 audit(0.110:1): state=initialized audit_enabled=0 res=1
[    0.150136] reg-fixed-voltage fixedregulator0: GPIO lookup for consumer (null)
[    0.150167] reg-fixed-voltage fixedregulator0: using device tree for GPIO lookup
[    0.150199] of_get_named_gpiod_flags: can't parse 'gpios' property of node '/fixedregulator0[0]'
[    0.150240] of_get_named_gpiod_flags: can't parse 'gpio' property of node '/fixedregulator0[0]'
[    0.150262] reg-fixed-voltage fixedregulator0: using lookup tables for GPIO lookup
[    0.150273] reg-fixed-voltage fixedregulator0: No GPIO consumer (null) found
[    0.151565] iommu: Default domain type: Translated 
[    0.151591] iommu: DMA domain TLB invalidation policy: strict mode 
[    0.152894] vgaarb: loaded
[    0.153433] SCSI subsystem initialized
[    0.153850] libata version 3.00 loaded.
[    0.154186] pps_core: LinuxPPS API ver. 1 registered
[    0.154204] pps_core: Software ver. 5.3.6 - Copyright 2005-2007 Rodolfo Giometti <giometti@linux.it>
[    0.154237] PTP clock support registered
[    0.155658] clocksource: Switched to clocksource dmtimer
[    0.201536] VFS: Disk quotas dquot_6.6.0
[    0.201670] VFS: Dquot-cache hash table entries: 1024 (order 0, 4096 bytes)
[    0.265033] NET: Registered PF_INET protocol family
[    0.265380] IP idents hash table entries: 8192 (order: 4, 65536 bytes, linear)
[    0.266498] tcp_listen_portaddr_hash hash table entries: 512 (order: 0, 4096 bytes, linear)
[    0.266556] Table-perturb hash table entries: 65536 (order: 6, 262144 bytes, linear)
[    0.266581] TCP established hash table entries: 4096 (order: 2, 16384 bytes, linear)
[    0.266630] TCP bind hash table entries: 4096 (order: 3, 32768 bytes, linear)
[    0.266694] TCP: Hash tables configured (established 4096 bind 4096)
[    0.266824] UDP hash table entries: 256 (order: 1, 8192 bytes, linear)
[    0.266854] UDP-Lite hash table entries: 256 (order: 1, 8192 bytes, linear)
[    0.267044] NET: Registered PF_UNIX/PF_LOCAL protocol family
[    0.282675] RPC: Registered named UNIX socket transport module.
[    0.282709] RPC: Registered udp transport module.
[    0.282719] RPC: Registered tcp transport module.
[    0.282727] RPC: Registered tcp NFSv4.1 backchannel transport module.
[    0.282750] PCI: CLS 0 bytes, default 64
[    0.284219] Initialise system trusted keyrings
[    0.285148] workingset: timestamp_bits=14 max_order=17 bucket_order=3
[    0.286664] NFS: Registering the id_resolver key type
[    0.286748] Key type id_resolver registered
[    0.286761] Key type id_legacy registered
[    0.286818] jffs2: version 2.2. (NAND) (SUMMARY)  Â© 2001-2006 Red Hat, Inc.
[    0.287221] Key type asymmetric registered
[    0.287247] Asymmetric key parser 'x509' registered
[    0.287315] io scheduler mq-deadline registered
[    0.287331] io scheduler kyber registered
[    0.290997] Serial: 8250/16550 driver, 6 ports, IRQ sharing enabled
[    0.321520] brd: module loaded
[    0.346942] loop: module loaded
[    0.347887] mtdoops: mtd device (mtddev=name/number) must be supplied
[    0.349138] mdio_bus fixed-0: GPIO lookup for consumer reset
[    0.349163] mdio_bus fixed-0: using lookup tables for GPIO lookup
[    0.349174] mdio_bus fixed-0: No GPIO consumer reset found
[    0.350227] i2c_dev: i2c /dev entries driver
[    0.351129] cpuidle: enable-method property 'ti,am3352' found operations
[    0.351536] sdhci: Secure Digital Host Controller Interface driver
[    0.351554] sdhci: Copyright(c) Pierre Ossman
[    0.351721] sdhci-pltfm: SDHCI platform and OF driver helper
[    0.351952] ledtrig-cpu: registered to indicate activity on CPUs
[    0.352516] Initializing XFRM netlink socket
[    0.352748] NET: Registered PF_INET6 protocol family
[    0.367827] Segment Routing with IPv6
[    0.367927] In-situ OAM (IOAM) with IPv6
[    0.368030] sit: IPv6, IPv4 and MPLS over IPv4 tunneling driver
[    0.368862] NET: Registered PF_PACKET protocol family
[    0.368914] NET: Registered PF_KEY protocol family
[    0.369056] Key type dns_resolver registered
[    0.369199] ThumbEE CPU extension supported.
[    0.369222] Registering SWP/SWPB emulation handler
[    0.369738] omap_voltage_late_init: Voltage driver support not added
[    0.370090] SmartReflex Class3 initialized
[    0.370889] Loading compiled-in X.509 certificates
[    0.403380] pinctrl-single 44e10800.pinmux: 142 pins, size 568
[    0.407829] ti-sysc: probe of 44e31000.target-module failed with error -16
[    0.442700] ti-sysc: probe of 48040000.target-module failed with error -16
[    0.452690] gpio gpiochip0: (gpio-0-31): created GPIO range 0->7 ==> 44e10800.pinmux PIN 0->7
[    0.452733] gpio gpiochip0: (gpio-0-31): created GPIO range 8->11 ==> 44e10800.pinmux PIN 90->93
[    0.452751] gpio gpiochip0: (gpio-0-31): created GPIO range 12->27 ==> 44e10800.pinmux PIN 12->27
[    0.452767] gpio gpiochip0: (gpio-0-31): created GPIO range 28->31 ==> 44e10800.pinmux PIN 30->33
[    0.487168] gpio gpiochip0: (gpio-0-31): added GPIO chardev (254:0)
[    0.487326] gpio gpiochip0: registered GPIOs 0 to 31 on gpio-0-31
[    0.487409] OMAP GPIO hardware version 0.1
[    0.511397] i2c i2c-2: GPIO lookup for consumer scl
[    0.511432] i2c i2c-2: using device tree for GPIO lookup
[    0.511458] of_get_named_gpiod_flags: can't parse 'scl-gpios' property of node '/ocp/interconnect@48000000/segment@100000/target-module@9c000/i2c@0[0]'
[    0.511507] of_get_named_gpiod_flags: can't parse 'scl-gpio' property of node '/ocp/interconnect@48000000/segment@100000/target-module@9c000/i2c@0[0]'
[    0.511550] i2c i2c-2: using lookup tables for GPIO lookup
[    0.511560] i2c i2c-2: No GPIO consumer scl found
[    0.511583] i2c i2c-2: GPIO lookup for consumer sda
[    0.511592] i2c i2c-2: using device tree for GPIO lookup
[    0.511606] of_get_named_gpiod_flags: can't parse 'sda-gpios' property of node '/ocp/interconnect@48000000/segment@100000/target-module@9c000/i2c@0[0]'
[    0.511648] of_get_named_gpiod_flags: can't parse 'sda-gpio' property of node '/ocp/interconnect@48000000/segment@100000/target-module@9c000/i2c@0[0]'
[    0.511686] i2c i2c-2: using lookup tables for GPIO lookup
[    0.511695] i2c i2c-2: No GPIO consumer sda found
[    0.512339] omap_i2c 4819c000.i2c: bus 2 rev0.11 at 100 kHz
[    0.517633] gpio gpiochip1: (gpio-32-63): created GPIO range 0->17 ==> 44e10800.pinmux PIN 34->51
[    0.517673] gpio gpiochip1: (gpio-32-63): created GPIO range 18->21 ==> 44e10800.pinmux PIN 77->80
[    0.517690] gpio gpiochip1: (gpio-32-63): created GPIO range 22->31 ==> 44e10800.pinmux PIN 56->65
[    0.532762] gpio gpiochip1: (gpio-32-63): added GPIO chardev (254:1)
[    0.532893] gpio gpiochip1: registered GPIOs 32 to 63 on gpio-32-63
[    0.534987] gpio gpiochip2: (gpio-64-95): created GPIO range 0->4 ==> 44e10800.pinmux PIN 66->70
[    0.535019] gpio gpiochip2: (gpio-64-95): created GPIO range 5->6 ==> 44e10800.pinmux PIN 98->99
[    0.535036] gpio gpiochip2: (gpio-64-95): created GPIO range 7->8 ==> 44e10800.pinmux PIN 75->76
[    0.535053] gpio gpiochip2: (gpio-64-95): created GPIO range 13->13 ==> 44e10800.pinmux PIN 141->141
[    0.535071] gpio gpiochip2: (gpio-64-95): created GPIO range 14->21 ==> 44e10800.pinmux PIN 100->107
[    0.535484] gpio gpiochip2: (gpio-64-95): added GPIO chardev (254:2)
[    0.535602] gpio gpiochip2: registered GPIOs 64 to 95 on gpio-64-95
[    0.552797] mdio_bus 4a101000.mdio: GPIO lookup for consumer reset
[    0.552832] mdio_bus 4a101000.mdio: using device tree for GPIO lookup
[    0.552856] of_get_named_gpiod_flags: can't parse 'reset-gpios' property of node '/ocp/interconnect@4a000000/segment@0/target-module@100000/switch@0/mdio@1000[0]'
[    0.552909] of_get_named_gpiod_flags: can't parse 'reset-gpio' property of node '/ocp/interconnect@4a000000/segment@0/target-module@100000/switch@0/mdio@1000[0]'
[    0.552957] mdio_bus 4a101000.mdio: using lookup tables for GPIO lookup
[    0.552968] mdio_bus 4a101000.mdio: No GPIO consumer reset found
[    0.553928] sdhci-omap 481d8000.mmc: GPIO lookup for consumer wp
[    0.553952] sdhci-omap 481d8000.mmc: using device tree for GPIO lookup
[    0.553972] of_get_named_gpiod_flags: can't parse 'wp-gpios' property of node '/ocp/interconnect@48000000/segment@100000/target-module@d8000/mmc@0[0]'
[    0.554023] of_get_named_gpiod_flags: can't parse 'wp-gpio' property of node '/ocp/interconnect@48000000/segment@100000/target-module@d8000/mmc@0[0]'
[    0.554064] sdhci-omap 481d8000.mmc: using lookup tables for GPIO lookup
[    0.554074] sdhci-omap 481d8000.mmc: No GPIO consumer wp found
[    0.554246] sdhci-omap 481d8000.mmc: supply vqmmc not found, using dummy regulator
[    0.613101] davinci_mdio 4a101000.mdio: davinci mdio revision 1.6, bus freq 1000000
[    0.661355] mdio_bus 4a101000.mdio:00: GPIO lookup for consumer reset
[    0.661384] mdio_bus 4a101000.mdio:00: using device tree for GPIO lookup
[    0.661409] of_get_named_gpiod_flags: can't parse 'reset-gpios' property of node '/ocp/interconnect@4a000000/segment@0/target-module@100000/switch@0/mdio@1000/ethernet-phy@0[0]'
[    0.661482] of_get_named_gpiod_flags: can't parse 'reset-gpio' property of node '/ocp/interconnect@4a000000/segment@0/target-module@100000/switch@0/mdio@1000/ethernet-phy@0[0]'
[    0.661537] mdio_bus 4a101000.mdio:00: using lookup tables for GPIO lookup
[    0.661548] mdio_bus 4a101000.mdio:00: No GPIO consumer reset found
[    0.688251] davinci_mdio 4a101000.mdio: phy[0]: device 4a101000.mdio:00, driver SMSC LAN8710/LAN8720
[    0.688750] cpsw-switch 4a100000.switch: initialized cpsw ale version 1.4
[    0.688780] cpsw-switch 4a100000.switch: ALE Table size 1024
[    0.688898] cpsw-switch 4a100000.switch: cpts: overflow check period 500 (jiffies)
[    0.688919] cpsw-switch 4a100000.switch: CPTS: ref_clk_freq:250000000 calc_mult:2147483648 calc_shift:29 error:0 nsec/sec
[    0.689016] cpsw-switch 4a100000.switch: Detected MACID = 6c:ec:eb:68:de:78
[    0.690593] cpsw-switch 4a100000.switch: initialized (regs 0x4a100000, pool size 256) hw_ver:0019010C 1.12 (0)
[    0.700009] debugfs: Directory '49000000.dma' with parent 'dmaengine' already present!
[    0.700066] edma 49000000.dma: TI EDMA DMA engine driver
[    0.749412] hw perfevents: enabled with armv7_cortex_a8 PMU driver, 5 counters available
[    0.749937] gpio-clk clk_mcasp0: GPIO lookup for consumer enable
[    0.749959] gpio-clk clk_mcasp0: using device tree for GPIO lookup
[    0.750000] of_get_named_gpiod_flags: parsed 'enable-gpios' property of node '/clk_mcasp0[0]' - status (0)
[    0.750114] gpio gpiochip0: Persistence not supported for GPIO 27
[    0.750867] gpio gpiochip3: (gpio-96-127): created GPIO range 0->7 ==> 44e10800.pinmux PIN 82->89
[    0.750900] gpio gpiochip3: (gpio-96-127): created GPIO range 8->11 ==> 44e10800.pinmux PIN 52->55
[    0.750918] gpio gpiochip3: (gpio-96-127): created GPIO range 12->15 ==> 44e10800.pinmux PIN 94->97
[    0.750935] gpio gpiochip3: (gpio-96-127): created GPIO range 16->17 ==> 44e10800.pinmux PIN 71->72
[    0.750952] gpio gpiochip3: (gpio-96-127): created GPIO range 18->18 ==> 44e10800.pinmux PIN 135->135
[    0.750969] gpio gpiochip3: (gpio-96-127): created GPIO range 19->20 ==> 44e10800.pinmux PIN 108->109
[    0.750987] gpio gpiochip3: (gpio-96-127): created GPIO range 21->21 ==> 44e10800.pinmux PIN 73->73
[    0.751006] gpio gpiochip3: (gpio-96-127): created GPIO range 22->23 ==> 44e10800.pinmux PIN 8->9
[    0.751024] gpio gpiochip3: (gpio-96-127): created GPIO range 26->27 ==> 44e10800.pinmux PIN 10->11
[    0.751043] gpio gpiochip3: (gpio-96-127): created GPIO range 28->28 ==> 44e10800.pinmux PIN 74->74
[    0.751062] gpio gpiochip3: (gpio-96-127): created GPIO range 29->29 ==> 44e10800.pinmux PIN 81->81
[    0.751082] gpio gpiochip3: (gpio-96-127): created GPIO range 30->31 ==> 44e10800.pinmux PIN 28->29
[    0.756328] l3-aon-clkctrl:0000:0: failed to disable
[    0.756675] gpio gpiochip3: (gpio-96-127): added GPIO chardev (254:3)
[    0.756791] gpio gpiochip3: registered GPIOs 96 to 127 on gpio-96-127
[    0.758187] omap8250 44e09000.serial: GPIO lookup for consumer rs485-term
[    0.758215] omap8250 44e09000.serial: using device tree for GPIO lookup
[    0.758239] of_get_named_gpiod_flags: can't parse 'rs485-term-gpios' property of node '/ocp/interconnect@44c00000/segment@200000/target-module@9000/serial@0[0]'
[    0.758292] of_get_named_gpiod_flags: can't parse 'rs485-term-gpio' property of node '/ocp/interconnect@44c00000/segment@200000/target-module@9000/serial@0[0]'
[    0.758336] omap8250 44e09000.serial: using lookup tables for GPIO lookup
[    0.758347] omap8250 44e09000.serial: No GPIO consumer rs485-term found
[    0.758395] 44e09000.serial: ttyS0 at MMIO 0x44e09000 (irq = 18, base_baud = 3000000) is a 8250
[    1.917361] printk: console [ttyS0] enabled
[    1.923875] i2c i2c-0: GPIO lookup for consumer scl
[    1.923907] i2c i2c-0: using device tree for GPIO lookup
[    1.923934] of_get_named_gpiod_flags: can't parse 'scl-gpios' property of node '/ocp/interconnect@44c00000/segment@200000/target-module@b000/i2c@0[0]'
[    1.923982] of_get_named_gpiod_flags: can't parse 'scl-gpio' property of node '/ocp/interconnect@44c00000/segment@200000/target-module@b000/i2c@0[0]'
[    1.924025] i2c i2c-0: using lookup tables for GPIO lookup
[    1.924035] i2c i2c-0: No GPIO consumer scl found
[    1.924057] i2c i2c-0: GPIO lookup for consumer sda
[    1.924067] i2c i2c-0: using device tree for GPIO lookup
[    1.924081] of_get_named_gpiod_flags: can't parse 'sda-gpios' property of node '/ocp/interconnect@44c00000/segment@200000/target-module@b000/i2c@0[0]'
[    1.924123] of_get_named_gpiod_flags: can't parse 'sda-gpio' property of node '/ocp/interconnect@44c00000/segment@200000/target-module@b000/i2c@0[0]'
[    1.924160] i2c i2c-0: using lookup tables for GPIO lookup
[    1.924170] i2c i2c-0: No GPIO consumer sda found
[    1.946454] tps65217-pmic: Failed to locate of_node [id: -1]
[    1.961868] tps65217-bl: Failed to locate of_node [id: -1]
[    1.970404] tps65217 0-0024: TPS65217 ID 0xe version 1.2
[    1.976370] i2c 0-0070: Fixing up cyclic dependency with 4830e000.lcdc
[    1.983239] omap_i2c 44e0b000.i2c: bus 0 rev0.11 at 400 kHz
[    1.990474] sdhci-omap 48060000.mmc: GPIO lookup for consumer cd
[    1.990501] sdhci-omap 48060000.mmc: using device tree for GPIO lookup
[    1.990545] of_get_named_gpiod_flags: parsed 'cd-gpios' property of node '/ocp/interconnect@48000000/segment@0/target-module@60000/mmc@0[0]' - status (0)
[    1.990665] gpio gpiochip3: Persistence not supported for GPIO 6
[    1.990695] omap_gpio 44e07000.gpio: Could not set line 6 debounce to 200000 microseconds (-22)
[    1.999528] sdhci-omap 48060000.mmc: Got CD GPIO
[    2.004172] sdhci-omap 48060000.mmc: GPIO lookup for consumer wp
[    2.004182] sdhci-omap 48060000.mmc: using device tree for GPIO lookup
[    2.004201] of_get_named_gpiod_flags: can't parse 'wp-gpios' property of node '/ocp/interconnect@48000000/segment@0/target-module@60000/mmc@0[0]'
[    2.004248] of_get_named_gpiod_flags: can't parse 'wp-gpio' property of node '/ocp/interconnect@48000000/segment@0/target-module@60000/mmc@0[0]'
[    2.004290] sdhci-omap 48060000.mmc: using lookup tables for GPIO lookup
[    2.004301] sdhci-omap 48060000.mmc: No GPIO consumer wp found
[    2.004489] sdhci-omap 48060000.mmc: supply vqmmc not found, using dummy regulator
[    2.013172] sdhci-omap 481d8000.mmc: GPIO lookup for consumer wp
[    2.013198] sdhci-omap 481d8000.mmc: using device tree for GPIO lookup
[    2.013220] of_get_named_gpiod_flags: can't parse 'wp-gpios' property of node '/ocp/interconnect@48000000/segment@100000/target-module@d8000/mmc@0[0]'
[    2.013274] of_get_named_gpiod_flags: can't parse 'wp-gpio' property of node '/ocp/interconnect@48000000/segment@100000/target-module@d8000/mmc@0[0]'
[    2.013315] sdhci-omap 481d8000.mmc: using lookup tables for GPIO lookup
[    2.013325] sdhci-omap 481d8000.mmc: No GPIO consumer wp found
[    2.016722] sdhci-omap 481d8000.mmc: supply vqmmc not found, using dummy regulator
[    2.051786] mmc1: SDHCI controller on 481d8000.mmc [481d8000.mmc] using External DMA
[    2.060079] mmc0: SDHCI controller on 48060000.mmc [48060000.mmc] using External DMA
[    2.068724] cpsw-switch 4a100000.switch: starting ndev. mode: dual_mac
[    2.113195] mmc0: new high speed SDHC card at address 5048
[    2.119994] mmcblk0: mmc0:5048 SD16G 14.4 GiB 
[    2.127821]  mmcblk0: p1 p2
[    2.131028] mmcblk0: p2 size 31221760 extends beyond EOD, truncated
[    2.157511] SMSC LAN8710/LAN8720 4a101000.mdio:00: attached PHY driver (mii_bus:phy_addr=4a101000.mdio:00, irq=POLL)
[    2.178765] mmc1: new high speed MMC card at address 0001
[    2.185383] mmcblk1: mmc1:0001 MMC04G 3.60 GiB 
[    2.192676]  mmcblk1: p1 p2
[    2.196845] mmcblk1boot0: mmc1:0001 MMC04G 2.00 MiB 
[    2.203875] mmcblk1boot1: mmc1:0001 MMC04G 2.00 MiB 
[    2.210768] mmcblk1rpmb: mmc1:0001 MMC04G 128 KiB, chardev (250:0)
[    5.286413] cpsw-switch 4a100000.switch eth0: Link is Up - 100Mbps/Full - flow control off
[    5.315728] IPv6: ADDRCONF(NETDEV_CHANGE): eth0: link becomes ready
[    5.345668] IP-Config: Complete:
[    5.348927]      device=eth0, hwaddr=6c:ec:eb:68:de:78, ipaddr=192.168.255.1, mask=255.255.255.0, gw=255.255.255.255
[    5.359542]      host=bbb1, domain=, nis-domain=(none)
[    5.364705]      bootserver=192.168.255.126, rootserver=192.168.255.126, rootpath=
[    5.365094] clk: Disabling unused clocks
[    5.376949] TAP version 14
[    5.379673] 1..0
[    5.414124] VFS: Mounted root (nfs filesystem) on device 0:16.
[    5.420992] devtmpfs: mounted
[    5.425285] Freeing unused kernel image (initmem) memory: 1024K
[    5.431928] Run /sbin/init as init process
[    5.436114]   with arguments:
[    5.436126]     /sbin/init
[    5.436133]     nfsrootdebug
[    5.436140]   with environment:
[    5.436146]     HOME=/
[    5.436153]     TERM=linux
[    6.114819] systemd[1]: System time before build time, advancing clock.
[    6.308807] random: systemd: uninitialized urandom read (16 bytes read)
[    6.350799] random: systemd: uninitialized urandom read (16 bytes read)
[    6.361240] systemd[1]: systemd 232 running in system mode. (+PAM +AUDIT +SELINUX +IMA +APPARMOR +SMACK +SYSVINIT +UTMP +LIBCRYPTSETUP +GCRYPT +GNUTLS +ACL +XZ +LZ4 +SECCOMP +BLKID +ELFUTILS +KMOD +IDN)
[    6.380347] systemd[1]: Detected architecture arm.
[    6.418584] systemd[1]: Set hostname to <arm>.
[    6.818601] random: systemd-cryptse: uninitialized urandom read (16 bytes read)
[    7.319672] random: systemd: uninitialized urandom read (16 bytes read)
[    7.326933] random: systemd: uninitialized urandom read (16 bytes read)
[    7.334139] random: systemd: uninitialized urandom read (16 bytes read)
[    7.414607] systemd[1]: Set up automount Arbitrary Executable File Formats File System Automount Point.
[    7.456538] systemd[1]: Listening on udev Kernel Socket.
[    7.497453] systemd[1]: Listening on Journal Socket (/dev/log).
[    7.536345] systemd[1]: Listening on Syslog Socket.
[    7.576347] systemd[1]: Listening on Journal Socket.
[    7.616575] systemd[1]: Started Dispatch Password Requests to Console Directory Watch.
[    7.656423] systemd[1]: Started Forward Password Requests to Wall Directory Watch.
[    8.409613] random: systemd: uninitialized urandom read (16 bytes read)
[    8.436956] random: systemd-journal: uninitialized urandom read (16 bytes read)
[    8.480207] random: systemd-modules: uninitialized urandom read (16 bytes read)
[    9.446546] random: systemd-journal: uninitialized urandom read (16 bytes read)
[   10.080652] systemd-journald[93]: Received request to flush runtime journal from PID 1
[   12.305782] random: crng init done
[   12.309245] random: 567 urandom warning(s) missed due to ratelimiting
[   12.501648] of_get_named_gpiod_flags: parsed 'gpios' property of node '/leds/led2[0]' - status (0)
[   12.501737] gpio gpiochip0: Persistence not supported for GPIO 21
[   12.501749] gpio-21 (?): no flags found for gpios
[   12.502004] of_get_named_gpiod_flags: parsed 'gpios' property of node '/leds/led3[0]' - status (0)
[   12.502045] gpio gpiochip0: Persistence not supported for GPIO 22
[   12.502056] gpio-22 (?): no flags found for gpios
[   12.502232] of_get_named_gpiod_flags: parsed 'gpios' property of node '/leds/led4[0]' - status (0)
[   12.502263] gpio gpiochip0: Persistence not supported for GPIO 23
[   12.502273] gpio-23 (?): no flags found for gpios
[   12.502424] of_get_named_gpiod_flags: parsed 'gpios' property of node '/leds/led5[0]' - status (0)
[   12.502455] gpio gpiochip0: Persistence not supported for GPIO 24
[   12.502465] gpio-24 (?): no flags found for gpios
[   12.753027] remoteproc remoteproc0: wkup_m3 is available
[   13.070409] at24 2-0054: supply vcc not found, using dummy regulator
[   13.281428] at24 2-0055: supply vcc not found, using dummy regulator
[   13.447282] at24 2-0056: supply vcc not found, using dummy regulator
[   13.552816] at24 2-0057: supply vcc not found, using dummy regulator
[   13.607603] tps6521x_pwrbutton tps65217-pwrbutton: DMA mask not set
[   13.671192] at24 0-0050: supply vcc not found, using dummy regulator
[   13.748112] at24 0-0050: GPIO lookup for consumer wp
[   13.748152] at24 0-0050: using device tree for GPIO lookup
[   13.748184] of_get_named_gpiod_flags: can't parse 'wp-gpios' property of node '/ocp/interconnect@44c00000/segment@200000/target-module@b000/i2c@0/baseboard_eeprom@50[0]'
[   13.748261] of_get_named_gpiod_flags: can't parse 'wp-gpio' property of node '/ocp/interconnect@44c00000/segment@200000/target-module@b000/i2c@0/baseboard_eeprom@50[0]'
[   13.748314] at24 0-0050: using lookup tables for GPIO lookup
[   13.748325] at24 0-0050: No GPIO consumer wp found
[   13.748588] at24 0-0050: 32768 byte 24c256 EEPROM, writable, 1 bytes/write
[   13.756440] input: tps65217_pwrbutton as /devices/platform/ocp/44c00000.interconnect/44c00000.interconnect:segment@200000/44e0b000.target-module/44e0b000.i2c/i2c-0/0-0024/tps65217-pwrbutton/input/input0
[   13.942855] omap_rtc 44e3e000.rtc: registered as rtc0
[   13.948161] omap_rtc 44e3e000.rtc: setting system clock to 2000-01-01T00:00:00 UTC (946684800)
[   13.956881] omap_rtc 44e3e000.rtc: GPIO lookup for consumer wp
[   13.956895] omap_rtc 44e3e000.rtc: using device tree for GPIO lookup
[   13.956926] of_get_named_gpiod_flags: can't parse 'wp-gpios' property of node '/ocp/interconnect@44c00000/segment@200000/target-module@3e000/rtc@0[0]'
[   13.956989] of_get_named_gpiod_flags: can't parse 'wp-gpio' property of node '/ocp/interconnect@44c00000/segment@200000/target-module@3e000/rtc@0[0]'
[   13.957037] omap_rtc 44e3e000.rtc: using lookup tables for GPIO lookup
[   13.957048] omap_rtc 44e3e000.rtc: No GPIO consumer wp found
[   13.986365] omap_wdt: OMAP Watchdog Timer Rev 0x01: initial timeout 60 sec
[   14.401671] am335x-phy-driver 47401300.usb-phy: GPIO lookup for consumer reset
[   14.401713] am335x-phy-driver 47401300.usb-phy: using device tree for GPIO lookup
[   14.401744] of_get_named_gpiod_flags: can't parse 'reset-gpios' property of node '/ocp/target-module@47400000/usb-phy@1300[0]'
[   14.401799] of_get_named_gpiod_flags: can't parse 'reset-gpio' property of node '/ocp/target-module@47400000/usb-phy@1300[0]'
[   14.401832] am335x-phy-driver 47401300.usb-phy: using lookup tables for GPIO lookup
[   14.401843] am335x-phy-driver 47401300.usb-phy: No GPIO consumer reset found
[   14.401854] am335x-phy-driver 47401300.usb-phy: GPIO lookup for consumer vbus-detect
[   14.401864] am335x-phy-driver 47401300.usb-phy: using device tree for GPIO lookup
[   14.401879] of_get_named_gpiod_flags: can't parse 'vbus-detect-gpios' property of node '/ocp/target-module@47400000/usb-phy@1300[0]'
[   14.401910] of_get_named_gpiod_flags: can't parse 'vbus-detect-gpio' property of node '/ocp/target-module@47400000/usb-phy@1300[0]'
[   14.401938] am335x-phy-driver 47401300.usb-phy: using lookup tables for GPIO lookup
[   14.401948] am335x-phy-driver 47401300.usb-phy: No GPIO consumer vbus-detect found
[   14.402072] am335x-phy-driver 47401300.usb-phy: supply vcc not found, using dummy regulator
[   14.686260] usbcore: registered new interface driver usbfs
[   14.691870] usbcore: registered new interface driver hub
[   14.697394] usbcore: registered new device driver usb
[   15.508791] tda998x 0-0070: found TDA19988
[   15.584347] am335x-phy-driver 47401b00.usb-phy: GPIO lookup for consumer reset
[   15.584390] am335x-phy-driver 47401b00.usb-phy: using device tree for GPIO lookup
[   15.584418] of_get_named_gpiod_flags: can't parse 'reset-gpios' property of node '/ocp/target-module@47400000/usb-phy@1b00[0]'
[   15.584470] of_get_named_gpiod_flags: can't parse 'reset-gpio' property of node '/ocp/target-module@47400000/usb-phy@1b00[0]'
[   15.584504] am335x-phy-driver 47401b00.usb-phy: using lookup tables for GPIO lookup
[   15.584515] am335x-phy-driver 47401b00.usb-phy: No GPIO consumer reset found
[   15.584526] am335x-phy-driver 47401b00.usb-phy: GPIO lookup for consumer vbus-detect
[   15.584535] am335x-phy-driver 47401b00.usb-phy: using device tree for GPIO lookup
[   15.584550] of_get_named_gpiod_flags: can't parse 'vbus-detect-gpios' property of node '/ocp/target-module@47400000/usb-phy@1b00[0]'
[   15.584582] of_get_named_gpiod_flags: can't parse 'vbus-detect-gpio' property of node '/ocp/target-module@47400000/usb-phy@1b00[0]'
[   15.584610] am335x-phy-driver 47401b00.usb-phy: using lookup tables for GPIO lookup
[   15.584620] am335x-phy-driver 47401b00.usb-phy: No GPIO consumer vbus-detect found
[   15.584743] am335x-phy-driver 47401b00.usb-phy: supply vcc not found, using dummy regulator
[   15.778037] musb-hdrc musb-hdrc.1: MUSB HDRC host driver
[   15.783439] musb-hdrc musb-hdrc.1: new USB bus registered, assigned bus number 1
[   15.861037] omap-mailbox 480c8000.mailbox: omap mailbox rev 0x400
[   16.159846] usb usb1: New USB device found, idVendor=1d6b, idProduct=0002, bcdDevice= 5.15
[   16.168343] usb usb1: New USB device strings: Mfr=3, Product=2, SerialNumber=1
[   16.175606] usb usb1: Product: MUSB HDRC host driver
[   16.180644] usb usb1: Manufacturer: Linux 5.15.175 musb-hcd
[   16.186266] usb usb1: SerialNumber: musb-hdrc.1
[   16.729782] hub 1-0:1.0: USB hub found
[   16.796989] hub 1-0:1.0: 1 port detected
[   16.927305] remoteproc remoteproc0: powering up wkup_m3
[   17.046090] remoteproc remoteproc0: Direct firmware load for am335x-pm-firmware.elf failed with error -2
[   17.055781] remoteproc remoteproc0: request_firmware failed: -2
[   17.061736] wkup_m3_ipc 44e11324.wkup_m3_ipc: rproc_boot failed
[   17.441964] omap_rng 48310000.rng: Random Number Generator ver. 20
[   17.637845] tilcdc 4830e000.lcdc: bound 0-0070 (ops tda998x_driver_exit [tda998x])
[   17.748039] [drm] Initialized tilcdc 1.0.0 20121205 for 4830e000.lcdc on minor 0
[   17.913873] tilcdc 4830e000.lcdc: [drm] Cannot find any crtc or sizes
[   18.002949] tilcdc 4830e000.lcdc: [drm] Cannot find any crtc or sizes
[   18.586757] Bluetooth: Core ver 2.22
[   18.590589] NET: Registered PF_BLUETOOTH protocol family
[   18.596030] Bluetooth: HCI device and connection manager initialized
[   18.602440] Bluetooth: HCI socket layer initialized
[   18.607401] Bluetooth: L2CAP socket layer initialized
[   18.612513] Bluetooth: SCO socket layer initialized
[   18.782183] PM: Cannot get wkup_m3_ipc handle
[   18.889700] omap-sham 53100000.sham: hw accel on OMAP rev 4.3
[   18.917946] omap-aes 53500000.aes: OMAP AES hw accel rev: 3.2
[   19.028513] omap-aes 53500000.aes: will run requests pump with realtime priority
[   19.047591] omap-sham 53100000.sham: will run requests pump with realtime priority
[   19.297064] PM: Cannot get wkup_m3_ipc handle
[   19.331862] PM: Cannot get wkup_m3_ipc handle
[   22.531047] PM: Cannot get wkup_m3_ipc handle
[   22.536841] of_get_named_gpiod_flags: can't parse 'simple-audio-card,hp-det-gpio' property of node '/sound[0]'
[   22.536903] of_get_named_gpiod_flags: can't parse 'simple-audio-card,mic-det-gpio' property of node '/sound[0]'
[   22.628120] PM: Cannot get wkup_m3_ipc handle
[   23.165311] using random self ethernet address
[   23.169989] using random host ethernet address
[   23.403168] using random self ethernet address
[   23.407779] using random host ethernet address
[   23.659095] userial_init: registered 8 ttyGS* devices
[   23.890842] rndis_register: configNr = 0
[   23.987943] udc musb-hdrc.0: registering UDC driver [g_multi]
[   23.988040] configfs-gadget gadget: adding 'rndis'/f42f0246 to config 'c'/4a38a91a
[   23.989061] usb0: HOST MAC 1c:ba:8c:a2:ed:6c
[   23.993381] usb0: MAC 1c:ba:8c:a2:ed:70
[   23.997451] rndis_set_param_medium: 0 0
[   23.997471] configfs-gadget gadget: RNDIS: dual speed IN/ep1in OUT/ep1out NOTIFY/ep2in
[   23.997487] configfs-gadget gadget: adding 'cdc_ethernet'/289ee63c to config 'c'/4a38a91a
[   23.998264] usb1: HOST MAC 1c:ba:8c:a2:ed:6c
[   24.002569] usb1: MAC 1c:ba:8c:a2:ed:6d
[   24.006525] configfs-gadget gadget: CDC Ethernet: dual speed IN/ep3in OUT/ep2out NOTIFY/ep4in
[   24.006542] configfs-gadget gadget: adding 'acm'/d050730a to config 'c'/4a38a91a
[   24.006571] configfs-gadget gadget: acm ttyGS0: dual speed IN/ep5in OUT/ep3out NOTIFY/ep6in
[   25.178920] usb1: eth_open
[   29.894790] gs_open: ttyGS0 (7c322b1b,dd7736bc)
[   29.894946] gs_close: ttyGS0 (7c322b1b,dd7736bc) ...
