Labgrid Console Logfile for main
Logfile started at 2025-02-27 14:52:48.939388
=== Log starts here ===
reading args
spl_load_image_fat_os: error reading image args, err - -1
reading u-boot.img
reading u-boot.img


U-Boot 2014.04-00014-g47880f5 (Apr 22 2014 - 13:23:54)

I2C:   ready
DRAM:  512 MiB
NAND:  0 MiB
MMC:   OMAP SD/MMC: 0, OMAP SD/MMC: 1
*** Warning - readenv() failed, using default environment

Net:   <ethaddr> not set. Validating first E-fuse MAC
cpsw, usb_ether
Hit any key to stop autoboot:  1  0 
gpio: pin 53 (gpio 53) value is 1
mmc0 is current device
gpio: pin 54 (gpio 54) value is 1
SD/MMC found on device 0
reading uEnv.txt
569 bytes read in 4 ms (138.7 KiB/s)
gpio: pin 55 (gpio 55) value is 1
Loaded environment from uEnv.txt
Importing environment from mmc ...
Checking if uenvcmd is set ...
gpio: pin 56 (gpio 56) value is 1
Running uenvcmd ...
cpsw Waiting for PHY auto negotiation to complete. done
link up on port 0, speed 100, full duplex
Using cpsw device
TFTP from server 192.168.255.126; our IP address is 192.168.255.1
Filename 'zImage'.
Load address: 0x81000000
Loading: *#################################################################
	 #################################################################
	 #################################################################
	 #################################################################
	 #################################################################
	 #######################################
	 2.4 MiB/s
done
Bytes transferred = 5343424 (5188c0 hex)
link up on port 0, speed 100, full duplex
Using cpsw device
TFTP from server 192.168.255.126; our IP address is 192.168.255.1
Filename 'am335x-boneblack.dtb'.
Load address: 0x82000000
Loading: *#######
	 1.4 MiB/s
done
Bytes transferred = 97772 (17dec hex)
Kernel image @ 0x81000000 [ 0x000000 - 0x5188c0 ]
## Flattened Device Tree blob at 82000000
   Booting using the fdt blob at 0x82000000
   Using Device Tree in place at 82000000, end 8201adeb

Starting kernel ...

[    0.000000] Booting Linux on physical CPU 0x0
[    0.000000] Linux version 6.6.80 (user01@drvtest01) (arm-none-eabi-gcc (Arm GNU Toolchain 14.2.Rel1 (Build arm-14.52)) 14.2.1 20241119, GNU ld (Arm GNU Toolchain 14.2.Rel1 (Build arm-14.52)) 2.43.1.20241119) #1 SMP Thu Feb 27 14:51:30 EET 2025
[    0.000000] CPU: ARMv7 Processor [413fc082] revision 2 (ARMv7), cr=10c5387d
[    0.000000] CPU: PIPT / VIPT nonaliasing data cache, VIPT aliasing instruction cache
[    0.000000] OF: fdt: Machine model: TI AM335x BeagleBone Black
[    0.000000] Memory policy: Data cache writeback
[    0.000000] cma: Reserved 16 MiB at 0x9e800000 on node -1
[    0.000000] Zone ranges:
[    0.000000]   Normal   [mem 0x0000000080000000-0x000000009fdfffff]
[    0.000000]   HighMem  empty
[    0.000000] Movable zone start for each node
[    0.000000] Early memory node ranges
[    0.000000]   node   0: [mem 0x0000000080000000-0x000000009fdfffff]
[    0.000000] Initmem setup node 0 [mem 0x0000000080000000-0x000000009fdfffff]
[    0.000000] CPU: All CPU(s) started in SVC mode.
[    0.000000] AM335X ES2.1 (sgx neon)
[    0.000000] percpu: Embedded 16 pages/cpu s36052 r8192 d21292 u65536
[    0.000000] Kernel command line: console=ttyO0,115200n8 root=/dev/nfs rw nfsroot=192.168.255.126:/home/user01/nfs,nfsvers=3 ip=192.168.255.1:192.168.255.126::255.255.255.0:bbb1:eth0 nfsrootdebug
[    0.000000] Unknown kernel command line parameters "nfsrootdebug", will be passed to user space.
[    0.000000] Dentry cache hash table entries: 65536 (order: 6, 262144 bytes, linear)
[    0.000000] Inode-cache hash table entries: 32768 (order: 5, 131072 bytes, linear)
[    0.000000] Built 1 zonelists, mobility grouping on.  Total pages: 129412
[    0.000000] mem auto-init: stack:off, heap alloc:off, heap free:off
[    0.000000] Memory: 483604K/522240K available (11264K kernel code, 1164K rwdata, 2700K rodata, 1024K init, 283K bss, 22252K reserved, 16384K cma-reserved, 0K highmem)
[    0.000000] SLUB: HWalign=64, Order=0-3, MinObjects=0, CPUs=1, Nodes=1
[    0.000000] rcu: Hierarchical RCU implementation.
[    0.000000] rcu: 	RCU event tracing is enabled.
[    0.000000] rcu: 	RCU restricting CPUs from NR_CPUS=2 to nr_cpu_ids=1.
[    0.000000] rcu: RCU calculated value of scheduler-enlistment delay is 10 jiffies.
[    0.000000] rcu: Adjusting geometry for rcu_fanout_leaf=16, nr_cpu_ids=1
[    0.000000] NR_IRQS: 16, nr_irqs: 16, preallocated irqs: 16
[    0.000000] IRQ: Found an INTC at 0x(ptrval) (revision 5.0) with 128 interrupts
[    0.000000] rcu: srcu_init: Setting srcu_struct sizes based on contention.
[    0.000000] TI gptimer clocksource: always-on /ocp/interconnect@44c00000/segment@200000/target-module@31000
[    0.000003] sched_clock: 32 bits at 24MHz, resolution 41ns, wraps every 89478484971ns
[    0.000028] clocksource: dmtimer: mask: 0xffffffff max_cycles: 0xffffffff, max_idle_ns: 79635851949 ns
[    0.000509] TI gptimer clockevent: 24000000 Hz at /ocp/interconnect@48000000/segment@0/target-module@40000
[    0.002057] Console: colour dummy device 80x30
[    0.002109] WARNING: Your 'console=ttyO0' has been replaced by 'ttyS0'
[    0.002116] This ensures that you still see kernel messages. Please
[    0.002121] update your kernel commandline.
[    0.002160] Calibrating delay loop... 996.14 BogoMIPS (lpj=4980736)
[    0.090563] CPU: Testing write buffer coherency: ok
[    0.090661] CPU0: Spectre v2: using BPIALL workaround
[    0.090673] pid_max: default: 32768 minimum: 301
[    0.090786] LSM: initializing lsm=capability,integrity
[    0.090956] Mount-cache hash table entries: 1024 (order: 0, 4096 bytes, linear)
[    0.090975] Mountpoint-cache hash table entries: 1024 (order: 0, 4096 bytes, linear)
[    0.092432] CPU0: thread -1, cpu 0, socket -1, mpidr 0
[    0.093985] Setting up static identity map for 0x80100000 - 0x80100078
[    0.094267] rcu: Hierarchical SRCU implementation.
[    0.094278] rcu: 	Max phase no-delay instances is 1000.
[    0.095641] smp: Bringing up secondary CPUs ...
[    0.095695] smp: Brought up 1 node, 1 CPU
[    0.095709] SMP: Total of 1 processors activated (996.14 BogoMIPS).
[    0.095721] CPU: All CPU(s) started in SVC mode.
[    0.096599] devtmpfs: initialized
[    0.113543] VFP support v0.3: implementor 41 architecture 3 part 30 variant c rev 3
[    0.113895] clocksource: jiffies: mask: 0xffffffff max_cycles: 0xffffffff, max_idle_ns: 19112604462750000 ns
[    0.113926] futex hash table entries: 256 (order: 2, 16384 bytes, linear)
[    0.115219] pinctrl core: initialized pinctrl subsystem
[    0.117825] NET: Registered PF_NETLINK/PF_ROUTE protocol family
[    0.120357] DMA: preallocated 256 KiB pool for atomic coherent allocations
[    0.121177] audit: initializing netlink subsys (disabled)
[    0.122493] thermal_sys: Registered thermal governor 'fair_share'
[    0.122512] thermal_sys: Registered thermal governor 'step_wise'
[    0.122518] thermal_sys: Registered thermal governor 'user_space'
[    0.122621] audit: type=2000 audit(0.120:1): state=initialized audit_enabled=0 res=1
[    0.122702] cpuidle: using governor menu
[    0.139341] /ocp/interconnect@44c00000/segment@200000/target-module@b000/i2c@0/tda19988@70: Fixed dependency cycle(s) with /ocp/interconnect@48000000/segment@300000/target-module@e000/lcdc@0
[    0.140398] /ocp/interconnect@48000000/segment@300000/target-module@e000/lcdc@0: Fixed dependency cycle(s) with /ocp/interconnect@44c00000/segment@200000/target-module@b000/i2c@0/tda19988@70
[    0.142601] No ATAGs?
[    0.142621] hw-breakpoint: debug architecture 0x4 unsupported.
[    0.145604] kprobes: kprobe jump-optimization is enabled. All kprobes are optimized if possible.
[    0.154006] iommu: Default domain type: Translated
[    0.154026] iommu: DMA domain TLB invalidation policy: strict mode
[    0.155451] SCSI subsystem initialized
[    0.161812] pps_core: LinuxPPS API ver. 1 registered
[    0.161823] pps_core: Software ver. 5.3.6 - Copyright 2005-2007 Rodolfo Giometti <giometti@linux.it>
[    0.161848] PTP clock support registered
[    0.170876] vgaarb: loaded
[    0.171197] clocksource: Switched to clocksource dmtimer
[    0.171798] VFS: Disk quotas dquot_6.6.0
[    0.171860] VFS: Dquot-cache hash table entries: 1024 (order 0, 4096 bytes)
[    0.194811] NET: Registered PF_INET protocol family
[    0.195144] IP idents hash table entries: 8192 (order: 4, 65536 bytes, linear)
[    0.196479] tcp_listen_portaddr_hash hash table entries: 512 (order: 0, 4096 bytes, linear)
[    0.196516] Table-perturb hash table entries: 65536 (order: 6, 262144 bytes, linear)
[    0.196533] TCP established hash table entries: 4096 (order: 2, 16384 bytes, linear)
[    0.196574] TCP bind hash table entries: 4096 (order: 4, 65536 bytes, linear)
[    0.196675] TCP: Hash tables configured (established 4096 bind 4096)
[    0.196807] UDP hash table entries: 256 (order: 1, 8192 bytes, linear)
[    0.196835] UDP-Lite hash table entries: 256 (order: 1, 8192 bytes, linear)
[    0.197008] NET: Registered PF_UNIX/PF_LOCAL protocol family
[    0.212101] RPC: Registered named UNIX socket transport module.
[    0.212126] RPC: Registered udp transport module.
[    0.212132] RPC: Registered tcp transport module.
[    0.212138] RPC: Registered tcp-with-tls transport module.
[    0.212143] RPC: Registered tcp NFSv4.1 backchannel transport module.
[    0.212169] PCI: CLS 0 bytes, default 64
[    0.213728] Initialise system trusted keyrings
[    0.214749] workingset: timestamp_bits=14 max_order=17 bucket_order=3
[    0.222090] NFS: Registering the id_resolver key type
[    0.222163] Key type id_resolver registered
[    0.222172] Key type id_legacy registered
[    0.222228] jffs2: version 2.2. (NAND) (SUMMARY)  Â© 2001-2006 Red Hat, Inc.
[    0.222637] Key type asymmetric registered
[    0.222653] Asymmetric key parser 'x509' registered
[    0.222719] io scheduler mq-deadline registered
[    0.222730] io scheduler kyber registered
[    0.222795] io scheduler bfq registered
[    0.231440] Serial: 8250/16550 driver, 6 ports, IRQ sharing enabled
[    0.300072] brd: module loaded
[    0.317811] loop: module loaded
[    0.318706] mtdoops: mtd device (mtddev=name/number) must be supplied
[    0.321571] i2c_dev: i2c /dev entries driver
[    0.322532] cpuidle: enable-method property 'ti,am3352' found operations
[    0.322983] sdhci: Secure Digital Host Controller Interface driver
[    0.322993] sdhci: Copyright(c) Pierre Ossman
[    0.323166] sdhci-pltfm: SDHCI platform and OF driver helper
[    0.341800] ledtrig-cpu: registered to indicate activity on CPUs
[    0.342626] Initializing XFRM netlink socket
[    0.342782] NET: Registered PF_INET6 protocol family
[    0.344478] Segment Routing with IPv6
[    0.344553] In-situ OAM (IOAM) with IPv6
[    0.344653] sit: IPv6, IPv4 and MPLS over IPv4 tunneling driver
[    0.345594] NET: Registered PF_PACKET protocol family
[    0.345628] NET: Registered PF_KEY protocol family
[    0.345739] Key type dns_resolver registered
[    0.345962] ThumbEE CPU extension supported.
[    0.345983] Registering SWP/SWPB emulation handler
[    0.346491] omap_voltage_late_init: Voltage driver support not added
[    0.346828] SmartReflex Class3 initialized
[    0.372005] Loading compiled-in X.509 certificates
[    0.413881] /ocp/interconnect@44c00000/segment@200000/target-module@b000/i2c@0/tda19988@70: Fixed dependency cycle(s) with /ocp/interconnect@48000000/segment@300000/target-module@e000/lcdc@0
[    0.419950] /ocp/interconnect@44c00000/segment@200000/target-module@b000/i2c@0/tda19988@70: Fixed dependency cycle(s) with /ocp/interconnect@48000000/segment@300000/target-module@e000/lcdc@0
[    0.427857] /ocp/interconnect@44c00000/segment@200000/target-module@b000/i2c@0/tda19988@70: Fixed dependency cycle(s) with /ocp/interconnect@48000000/segment@300000/target-module@e000/lcdc@0
[    0.428642] /ocp/interconnect@44c00000/segment@200000/target-module@b000/i2c@0/tda19988@70: Fixed dependency cycle(s) with /ocp/interconnect@48000000/segment@300000/target-module@e000/lcdc@0
[    0.431936] /ocp/interconnect@44c00000/segment@200000/target-module@10000/scm@0/pinmux@800: Fixed dependency cycle(s) with /ocp/interconnect@44c00000/segment@200000/target-module@10000/scm@0/pinmux@800/clkout2-pins
[    0.432533] pinctrl-single 44e10800.pinmux: 142 pins, size 568
[    0.437468] ti-sysc: probe of 44e31000.target-module failed with error -16
[    0.474884] /ocp/interconnect@48000000/segment@300000/target-module@e000/lcdc@0: Fixed dependency cycle(s) with /ocp/interconnect@44c00000/segment@200000/target-module@b000/i2c@0/tda19988@70
[    0.482415] ti-sysc: probe of 48040000.target-module failed with error -16
[    0.518725] OMAP GPIO hardware version 0.1
[    0.545047] omap_i2c 4819c000.i2c: bus 2 rev0.11 at 100 kHz
[    0.573581] /ocp/interconnect@48000000/segment@300000/target-module@e000/lcdc@0: Fixed dependency cycle(s) with /ocp/interconnect@44c00000/segment@200000/target-module@b000/i2c@0/tda19988@70
[    0.576168] /ocp/interconnect@48000000/segment@300000/target-module@e000/lcdc@0: Fixed dependency cycle(s) with /ocp/interconnect@44c00000/segment@200000/target-module@b000/i2c@0/tda19988@70
[    0.576832] /ocp/interconnect@44c00000/segment@200000/target-module@b000/i2c@0/tda19988@70: Fixed dependency cycle(s) with /ocp/interconnect@48000000/segment@300000/target-module@e000/lcdc@0
[    0.576999] /ocp/interconnect@48000000/segment@300000/target-module@e000/lcdc@0: Fixed dependency cycle(s) with /ocp/interconnect@44c00000/segment@200000/target-module@b000/i2c@0/tda19988@70
[    0.588492] sdhci-omap 481d8000.mmc: supply pbias not found, using dummy regulator
[    0.588968] sdhci-omap 481d8000.mmc: supply vqmmc not found, using dummy regulator
[    0.675918] davinci_mdio 4a101000.mdio: davinci mdio revision 1.6, bus freq 1000000
[    0.797503] davinci_mdio 4a101000.mdio: phy[0]: device 4a101000.mdio:00, driver SMSC LAN8710/LAN8720
[    0.798135] cpsw-switch 4a100000.switch: initialized cpsw ale version 1.4
[    0.798154] cpsw-switch 4a100000.switch: ALE Table size 1024
[    0.798294] cpsw-switch 4a100000.switch: cpts: overflow check period 500 (jiffies)
[    0.798310] cpsw-switch 4a100000.switch: CPTS: ref_clk_freq:250000000 calc_mult:2147483648 calc_shift:29 error:0 nsec/sec
[     0.798418] cpsw-switch 4a100000.switch: Detected MACID = 6c:ec: eb:68:de:78
[    0.800185] cpsw-switch 4a100000.switch: initi alized (regs 0x4a100000, pool size 256) hw_ver:0019010C 1.12 ( 0)
[    0.810830] debugfs: Directory '49000000.dma' with pare nt 'dmae
[    5.601929] cpsw-switch 4a100000.switch eth0: Link is Up - 100Mbps/Full - flow control off
[    5.641214] IP-Config: Complete:
[    5.644479]      device=eth0, hwaddr=6c:ec:eb:68:de:78, ipaddr=192.168.255.1, mask=255.255.255.0, gw=255.255.255.255
[    5.655104]      host=bbb1, domain=, nis-domain=(none)
[    5.660270]      bootserver=192.168.255.126, rootserver=192.168.255.126, rootpath=
[    5.660677] clk: Disabling unused clocks
[    5.672551] KTAP version 1
[    5.675277] 1..0
[    5.698895] VFS: Mounted root (nfs filesystem) on device 0:16.
[    5.706004] devtmpfs: mounted
[    5.710379] Freeing unused kernel image (initmem) memory: 1024K
[    5.717180] Run /sbin/init as init process
[    6.384123] systemd[1]: System time before build time, advancing clock.
[    7.841219] random: crng init done
[    7.911715] systemd[1]: systemd 232 running in system mode. (+PAM +AUDIT +SELINUX +IMA +APPARMOR +SMACK +SYSVINIT +UTMP +LIBCRYPTSETUP +GCRYPT +GNUTLS +ACL +XZ +LZ4 +SECCOMP +BLKID +ELFUTILS +KMOD +IDN)
[    7.930655] systemd[1]: Detected architecture arm.

Welcome to [1mDebian GNU/Linux 9 (stretch)[0m!

[    7.974181] systemd[1]: Set hostname to <arm>.
[    9.030866] systemd[1]: Listening on udev Control Socket.
[[0;32m  OK  [0m] Listening on udev Control Socket.
[    9.073165] systemd[1]: Listening on /dev/initctl Compatibility Named Pipe.
[[0;32m  OK  [0m] Listening on /dev/initctl Compatibility Named Pipe.
[    9.113032] systemd[1]: Listening on Syslog Socket.
[[0;32m  OK  [0m] Listening on Syslog Socket.
[    9.152783] systemd[1]: Created slice System Slice.
[[0;32m  OK  [0m] Created slice System Slice.
[    9.225413] systemd[1]: Mounting POSIX Message Queue File System...
         Mounting POSIX Message Queue File System...
[    9.262209] systemd[1]: dev-hugepages.mount: Couldn't determine result for ConditionVirtualization=!private-users, assuming failed: No such file or directory
[    9.278659] systemd[1]: Reached target Remote File Systems.
[[0;32m  OK  [0m] Reached target Remote File Systems.
[[0;32m  OK  [0m] Listening on udev Kernel Socket.
[[0;32m  OK  [0m] Listening on Journal Socket (/dev/log).
         Mounting Debug File System...
[[0;32m  OK  [0m] Reached target Swap.
[[0;32m  OK  [0m] Listening on Journal Audit Socket.
[[0;32m  OK  [0m] Started Forward Password Requests to Wall Directory Watch.
[[0;32m  OK  [0m] Listening on Journal Socket.
         Starting Journal Service...
         Starting Create list of required stâ€¦ce nodes for the current kernel...
         Starting Remount Root and Kernel File Systems...
[[0;32m  OK  [0m] Created slice system-getty.slice.
[[0;32m  OK  [0m] Created slice system-serial\x2dgetty.slice.
         Starting Load Kernel Modules...
[[0;32m  OK  [0m] Set up automount Arbitrary Executabâ€¦rmats File System Automount Point.
[[0;32m  OK  [0m] Created slice User and Session Slice.
[[0;32m  OK  [0m] Reached target Slices.
[[0;32m  OK  [0m] Started Dispatch Password Requests to Console Directory Watch.
[[0;32m  OK  [0m] Reached target Encrypted Volumes.
[[0;32m  OK  [0m] Reached target Paths.
[[0;32m  OK  [0m] Mounted POSIX Message Queue File System.
[[0;32m  OK  [0m] Mounted Debug File System.
[[0;32m  OK  [0m] Started Create list of required staâ€¦vice nodes for the current kernel.
[[0;32m  OK  [0m] Started Remount Root and Kernel File Systems.
[[0;32m  OK  [0m] Started Load Kernel Modules.
         Mounting Configuration File System...
         Starting Apply Kernel Variables...
         Starting udev Coldplug all Devices...
         Starting Load/Save Random Seed...
         Starting Create Static Device Nodes in /dev...
[[0;32m  OK  [0m] Mounted Configuration File System.
[[0;32m  OK  [0m] Started Apply Kernel Variables.
[[0;32m  OK  [0m] Started Journal Service.
         Starting Flush Journal to Persistent Storage...
[[0;32m  OK  [0m] Started Load/Save Random Seed.
[   10.831852] systemd-journald[81]: Received request to flush runtime journal from PID 1
[[0;32m  OK  [0m] Started Create Static Device Nodes in /dev.
[[0;32m  OK  [0m] Started Flush Journal to Persistent Storage.
         Starting udev Kernel Device Manager...
[[0;32m  OK  [0m] Reached target Local File Systems (Pre).
[[0;32m  OK  [0m] Reached target Local File Systems.
         Starting Raise network interfaces...
         Starting Create Volatile Files and Directories...
[[0;32m  OK  [0m] Started udev Kernel Device Manager.
[[0;32m  OK  [0m] Started Create Volatile Files and Directories.
         Starting Network Time Synchronization...
         Starting Update UTMP about System Boot/Shutdown...
[[0;32m  OK  [0m] Started Update UTMP about System Boot/Shutdown.
[[0;32m  OK  [0m] Started udev Coldplug all Devices.
[[0;32m  OK  [0m] Started Network Time Synchronization.
[[0;32m  OK  [0m] Reached target System Time Synchronized.
[[0;32m  OK  [0m] Reached target System Initialization.
[[0;32m  OK  [0m] Listening on Avahi mDNS/DNS-SD Stack Activation Socket.
[[0;32m  OK  [0m] Started Daily Cleanup of Temporary Directories.
[[0;32m  OK  [0m] Listening on D-Bus System Message Bus Socket.
[[0;32m  OK  [0m] Reached target Sockets.
[[0;32m  OK  [0m] Reached target Basic System.
         Starting DUN service...
         Starting Generic Board Startup...
         Starting LSB: Load kernel modules needed to enable cpufreq scaling...
[   14.687785] remoteproc remoteproc0: wkup_m3 is available
         Starting Avahi mDNS/DNS-SD Stack...
[   14.865146] omap_wdt: OMAP Watchdog Timer Rev 0x01: initial timeout 60 sec
         Starting LSB: Start busybox udhcpd at boot time...
[   14.920745] omap_rtc 44e3e000.rtc: registered as rtc0
[   14.926118] omap_rtc 44e3e000.rtc: setting system clock to 2000-01-01T00:00:01 UTC (946684801)
[   15.035686] am335x-phy-driver 47401300.usb-phy: dummy supplies not allowed for exclusive requests
[[0;32m  OK  [0m] Started Regular background program processing daemon.
[   15.201742] at24 2-0054: supply vcc not found, using dummy regulator
[   15.210847] wkup_m3_ipc 44e11324.wkup_m3_ipc: IPC Request for A8->M3 Channel failed! -517
[   15.292138] at24 2-0055: supply vcc not found, using dummy regulator
         Starting Cape Manager Service...
[   15.410436] at24 2-0056: supply vcc not found, using dummy regulator
[[0;32m  OK  [0m] Started Daily apt download activities.
[[0;32m  OK  [0m] Started Daily apt upgrade and clean activities.
[[0;32m  OK  [0m] Reached target Timers.
[   15.540821] at24 2-0057: supply vcc not found, using dummy regulator
         Starting Telephony service...
[   15.713866] am335x-phy-driver 47401b00.usb-phy: dummy supplies not allowed for exclusive requests
[   15.724305] wkup_m3_ipc 44e11324.wkup_m3_ipc: IPC Request for A8->M3 Channel failed! -517
         Starting System Logging Service...
[   15.772092] at24 0-0050: 32768 byte 24c256 EEPROM, writable, 1 bytes/write
[   15.834704] wkup_m3_ipc 44e11324.wkup_m3_ipc: IPC Request for A8->M3 Channel failed! -517
         Starting Login Service...
[[0;32m  OK  [0m] Started D-Bus System Message Bus.
[   16.090789] wkup_m3_ipc 44e11324.wkup_m3_ipc: IPC Request for A8->M3 Channel failed! -517
[   16.190551] tps6521x_pwrbutton tps65217-pwrbutton: DMA mask not set
[   16.272655] input: tps65217_pwrbutton as /devices/platform/ocp/44c00000.interconnect/44c00000.interconnect:segment@200000/44e0b000.target-module/44e0b000.i2c/i2c-0/0-0024/tps65217-pwrbutton/input/input0
[   16.294951] wkup_m3_ipc 44e11324.wkup_m3_ipc: IPC Request for A8->M3 Channel failed! -517
[   16.952230] usbcore: registered new interface driver usbfs
[   16.958103] usbcore: registered new interface driver hub
[   16.963692] usbcore: registered new device driver usb
[   17.648709] tda998x 0-0070: found TDA19988
[   17.724699] wkup_m3_ipc 44e11324.wkup_m3_ipc: IPC Request for A8->M3 Channel failed! -517
[   17.867449] omap-mailbox 480c8000.mailbox: omap mailbox rev 0x400
[   17.919607] remoteproc remoteproc0: powering up wkup_m3
[   18.035579] remoteproc remoteproc0: Direct firmware load for am335x-pm-firmware.elf failed with error -2
[   18.045436] remoteproc remoteproc0: request_firmware failed: -2
[   18.051591] wkup_m3_ipc 44e11324.wkup_m3_ipc: rproc_boot failed
[   18.104521] musb-hdrc musb-hdrc.1: MUSB HDRC host driver
[   18.109948] musb-hdrc musb-hdrc.1: new USB bus registered, assigned bus number 1
[   18.162043] usb usb1: New USB device found, idVendor=1d6b, idProduct=0002, bcdDevice= 6.06
[   18.171665] usb usb1: New USB device strings: Mfr=3, Product=2, SerialNumber=1
[   18.178938] usb usb1: Product: MUSB HDRC host driver
[   18.184214] usb usb1: Manufacturer: Linux 6.6.80 musb-hcd
[   18.189647] usb usb1: SerialNumber: musb-hdrc.1
[   18.349630] hub 1-0:1.0: USB hub found
[   18.404542] hub 1-0:1.0: 1 port detected
[   19.999891] omap_rng 48310000.rng: Random Number Generator ver. 20
[   20.096366] tilcdc 4830e000.lcdc: bound 0-0070 (ops 0xbf0b20fc)
[   20.223886] [drm] Initialized tilcdc 1.0.0 20121205 for 4830e000.lcdc on minor 0
[   20.359004] tilcdc 4830e000.lcdc: [drm] Cannot find any crtc or sizes
[   20.367267] tilcdc 4830e000.lcdc: [drm] Cannot find any crtc or sizes
[[0;32m  OK  [0m] Started Telephony service.
[[0;32m  OK  [0m] Started Avahi mDNS/DNS-SD Stack.
[[0;32m  OK  [0m] Started DUN service.
         Starting Connection service...
[[0;32m  OK  [0m] Started System Logging Service.
[[0;32m  OK  [0m] Started Cape Manager Service.
[   21.893279] PM: Cannot get wkup_m3_ipc handle
[   21.988135] omap-sham 53100000.sham: hw accel on OMAP rev 4.3
[   22.112906] omap-sham 53100000.sham: will run requests pump with realtime priority
[   22.123042] PM: Cannot get wkup_m3_ipc handle
[   22.200998] omap-aes 53500000.aes: OMAP AES hw accel rev: 3.2
[[0;32m  OK  [0m] Found device /dev/ttyS0.
[   22.358416] omap-aes 53500000.aes: will run requests pump with realtime priority
[   22.369142] PM: Cannot get wkup_m3_ipc handle
[   22.389178] Bluetooth: Core ver 2.22
[   22.393181] NET: Registered PF_BLUETOOTH protocol family
[   22.398530] Bluetooth: HCI device and connection manager initialized
[   22.405016] Bluetooth: HCI socket layer initialized
[   22.409930] Bluetooth: L2CAP socket layer initialized
[   22.415068] Bluetooth: SCO socket layer initialized
[   25.249360] PM: Cannot get wkup_m3_ipc handle
[   25.378930] PM: Cannot get wkup_m3_ipc handle
[[0;32m  OK  [0m] Started LSB: Start busybox udhcpd at boot time.
[   27.570593] configfs-gadget.g_multi gadget.0: HOST MAC 1c:ba:8c:a2:ed:6c
[   27.577618] configfs-gadget.g_multi gadget.0: MAC 1c:ba:8c:a2:ed:70
[   27.585021] configfs-gadget.g_multi gadget.0: HOST MAC 1c:ba:8c:a2:ed:6c
[   27.591882] configfs-gadget.g_multi gadget.0: MAC 1c:ba:8c:a2:ed:6d
[   27.605052] PM: Cannot get wkup_m3_ipc handle
[[0;32m  OK  [0m] Started LSB: Load kernel modules needed to enable cpufreq scaling.
[[0;32m  OK  [0m] Started Raise network interfaces.
[[0;32m  OK  [0m] Started Connection service.
[[0;32m  OK  [0m] Started Login Service.
[[0;32m  OK  [0m] Reached target Sound Card.
[[0;32m  OK  [0m] Reached target Network.
         Starting Permit User Sessions...
         Starting The Apache HTTP Server...
         Starting OpenBSD Secure Shell server...
[[0;32m  OK  [0m] Reached target Network is Online.
         Starting LSB: Advanced IEEE 802.11 management daemon...
         Starting LSB: set CPUFreq kernel parameters...
[[0;32m  OK  [0m] Started Permit User Sessions.
[[0;32m  OK  [0m] Started LSB: Advanced IEEE 802.11 management daemon.
         Starting Hostname Service...
         Starting WPA supplicant...
[[0;32m  OK  [0m] Started Getty on tty1.
[[0;32m  OK  [0m] Started Serial Getty on ttyS0.
[[0;32m  OK  [0m] Reached target Login Prompts.
[[0;32m  OK  [0m] Started WPA supplicant.
[[0;32m  OK  [0m] Started Hostname Service.
[[0;32m  OK  [0m] Started LSB: set CPUFreq kernel parameters.
         Stopping LSB: Start busybox udhcpd at boot time...
[[0;32m  OK  [0m] Started OpenBSD Secure Shell server.
[[0;32m  OK  [0m] Stopped LSB: Start busybox udhcpd at boot time.
[[0;32m  OK  [0m] Started The Apache HTTP Server.
         Starting dnsmasq - A lightweight DHCP and caching DNS server...
[[0;32m  OK  [0m] Started dnsmasq - A lightweight DHCP and caching DNS server.
[[0;32m  OK  [0m] Reached target Host and Network Name Lookups.
[[0;32m  OK  [0m] Started Serial Getty on ttyGS0.
[[0;32m  OK  [0m] Started Generic Board Startup.
[[0;32m  OK  [0m] Reached target Multi-User System.
[[0;32m  OK  [0m] Reached target Graphical Interface.
         Starting Update UTMP about System Runlevel Changes...
[[0;32m  OK  [0m] Started Update UTMP about System Runlevel Changes.

Debian GNU/Linux 9 arm ttyS0

default username:password is [debian:temppwd]

arm login: root
Password: 
Last login: Sat Dec  9 19:10:29 UTC 2017 on ttyS0
root
Linux arm 6.6.80 #1 SMP Thu Feb 27 14:51:30 EET 2025 armv7l

The programs included with the Debian GNU/Linux system are free software;
the exact distribution terms for each program are described in the
individual files in /usr/share/doc/*/copyright.

Debian GNU/Linux comes with ABSOLUTELY NO WARRANTY, to the extent
permitted by applicable law.
root@arm:~# root
-bash: root: command not found
root@arm:~# dmesg -n 1
root@arm:~# echo 'UBYY''ZAZLMQ'
UBYYZAZLMQ
root@arm:~# run() { echo -n "$MARKER"; sh -c "$@"; echo "$MARKER $?"; }
root@arm:~# echo 'FKPQ''PNASAA'
FKPQPNASAA
root@arm:~# MARKER='GQYT''ZBYPGC' run 'cat /proc/version'
GQYTZBYPGCLinux version 6.6.80 (user01@drvtest01) (arm-none-eabi-gcc (Arm GNU Toolchain 14.2.Rel1 (Build arm-14.52)) 14.2.1 20241119, GNU ld (Arm GNU Toolchain 14.2.Rel1 (Build arm-14.52)) 2.43.1.20241119) #1 SMP Thu Feb 27 14:51:30 EET 2025
GQYTZBYPGC 0
root@arm:~# echo 'BBPJ''KBKESQ'
BBPJKBKESQ
root@arm:~# MARKER='MXUV''OESVPG' run false
MXUVOESVPGMXUVOESVPG 1
root@arm:~# Labgrid Console Logfile for main
Logfile started at 2025-02-27 14:53:43.189092
=== Log starts here ===

root@arm:~# run() { echo -n "$MARKER"; sh -c "$@"; echo "$MARKER $?"; }
root@arm:~# echo 'BYLT''YYXOYM'
BYLTYYXOYM
root@arm:~# MARKER='TZPG''BFYKML' run 'ls /iio_generic_buffer; echo $?'
TZPGBFYKML/iio_generic_buffer
0
TZPGBFYKML 0
root@arm:~# Labgrid Console Logfile for main
Logfile started at 2025-02-27 14:53:46.691378
=== Log starts here ===

root@arm:~# run() { echo -n "$MARKER"; sh -c "$@"; echo "$MARKER $?"; }
root@arm:~# echo 'QPFW''WCQWPN'
QPFWWCQWPN
root@arm:~# MARKER='HNLU''BOTNQV' run dmesg
HNLUBOTNQV[    0.000000] Booting Linux on physical CPU 0x0
[    0.000000] Linux version 6.6.80 (user01@drvtest01) (arm-none-eabi-gcc (Arm GNU Toolchain 14.2.Rel1 (Build arm-14.52)) 14.2.1 20241119, GNU ld (Arm GNU Toolchain 14.2.Rel1 (Build arm-14.52)) 2.43.1.20241119) #1 SMP Thu Feb 27 14:51:30 EET 2025
[    0.000000] CPU: ARMv7 Processor [413fc082] revision 2 (ARMv7), cr=10c5387d
[    0.000000] CPU: PIPT / VIPT nonaliasing data cache, VIPT aliasing instruction cache
[    0.000000] OF: fdt: Machine model: TI AM335x BeagleBone Black
[    0.000000] Memory policy: Data cache writeback
[    0.000000] cma: Reserved 16 MiB at 0x9e800000 on node -1
[    0.000000] Zone ranges:
[    0.000000]   Normal   [mem 0x0000000080000000-0x000000009fdfffff]
[    0.000000]   HighMem  empty
[    0.000000] Movable zone start for each node
[    0.000000] Early memory node ranges
[    0.000000]   node   0: [mem 0x0000000080000000-0x000000009fdfffff]
[    0.000000] Initmem setup node 0 [mem 0x0000000080000000-0x000000009fdfffff]
[    0.000000] CPU: All CPU(s) started in SVC mode.
[    0.000000] AM335X ES2.1 (sgx neon)
[    0.000000] percpu: Embedded 16 pages/cpu s36052 r8192 d21292 u65536
[    0.000000] pcpu-alloc: s36052 r8192 d21292 u65536 alloc=16*4096
[    0.000000] pcpu-alloc: [0] 0 
[    0.000000] Kernel command line: console=ttyO0,115200n8 root=/dev/nfs rw nfsroot=192.168.255.126:/home/user01/nfs,nfsvers=3 ip=192.168.255.1:192.168.255.126::255.255.255.0:bbb1:eth0 nfsrootdebug
[    0.000000] Unknown kernel command line parameters "nfsrootdebug", will be passed to user space.
[    0.000000] Dentry cache hash table entries: 65536 (order: 6, 262144 bytes, linear)
[    0.000000] Inode-cache hash table entries: 32768 (order: 5, 131072 bytes, linear)
[    0.000000] Built 1 zonelists, mobility grouping on.  Total pages: 129412
[    0.000000] mem auto-init: stack:off, heap alloc:off, heap free:off
[    0.000000] Memory: 483604K/522240K available (11264K kernel code, 1164K rwdata, 2700K rodata, 1024K init, 283K bss, 22252K reserved, 16384K cma-reserved, 0K highmem)
[    0.000000] SLUB: HWalign=64, Order=0-3, MinObjects=0, CPUs=1, Nodes=1
[    0.000000] rcu: Hierarchical RCU implementation.
[    0.000000] rcu: 	RCU event tracing is enabled.
[    0.000000] rcu: 	RCU restricting CPUs from NR_CPUS=2 to nr_cpu_ids=1.
[    0.000000] rcu: RCU calculated value of scheduler-enlistment delay is 10 jiffies.
[    0.000000] rcu: Adjusting geometry for rcu_fanout_leaf=16, nr_cpu_ids=1
[    0.000000] NR_IRQS: 16, nr_irqs: 16, preallocated irqs: 16
[    0.000000] IRQ: Found an INTC at 0x(ptrval) (revision 5.0) with 128 interrupts
[    0.000000] rcu: srcu_init: Setting srcu_struct sizes based on contention.
[    0.000000] TI gptimer clocksource: always-on /ocp/interconnect@44c00000/segment@200000/target-module@31000
[    0.000003] sched_clock: 32 bits at 24MHz, resolution 41ns, wraps every 89478484971ns
[    0.000028] clocksource: dmtimer: mask: 0xffffffff max_cycles: 0xffffffff, max_idle_ns: 79635851949 ns
[    0.000509] TI gptimer clockevent: 24000000 Hz at /ocp/interconnect@48000000/segment@0/target-module@40000
[    0.002057] Console: colour dummy device 80x30
[    0.002109] WARNING: Your 'console=ttyO0' has been replaced by 'ttyS0'
[    0.002116] This ensures that you still see kernel messages. Please
[    0.002121] update your kernel commandline.
[    0.002160] Calibrating delay loop... 996.14 BogoMIPS (lpj=4980736)
[    0.090563] CPU: Testing write buffer coherency: ok
[    0.090661] CPU0: Spectre v2: using BPIALL workaround
[    0.090673] pid_max: default: 32768 minimum: 301
[    0.090786] LSM: initializing lsm=capability,integrity
[    0.090956] Mount-cache hash table entries: 1024 (order: 0, 4096 bytes, linear)
[    0.090975] Mountpoint-cache hash table entries: 1024 (order: 0, 4096 bytes, linear)
[    0.092432] CPU0: thread -1, cpu 0, socket -1, mpidr 0
[    0.093985] Setting up static identity map for 0x80100000 - 0x80100078
[    0.094267] rcu: Hierarchical SRCU implementation.
[    0.094278] rcu: 	Max phase no-delay instances is 1000.
[    0.095641] smp: Bringing up secondary CPUs ...
[    0.095695] smp: Brought up 1 node, 1 CPU
[    0.095709] SMP: Total of 1 processors activated (996.14 BogoMIPS).
[    0.095721] CPU: All CPU(s) started in SVC mode.
[    0.096599] devtmpfs: initialized
[    0.113543] VFP support v0.3: implementor 41 architecture 3 part 30 variant c rev 3
[    0.113895] clocksource: jiffies: mask: 0xffffffff max_cycles: 0xffffffff, max_idle_ns: 19112604462750000 ns
[    0.113926] futex hash table entries: 256 (order: 2, 16384 bytes, linear)
[    0.115219] pinctrl core: initialized pinctrl subsystem
[    0.117825] NET: Registered PF_NETLINK/PF_ROUTE protocol family
[    0.120357] DMA: preallocated 256 KiB pool for atomic coherent allocations
[    0.121177] audit: initializing netlink subsys (disabled)
[    0.122493] thermal_sys: Registered thermal governor 'fair_share'
[    0.122512] thermal_sys: Registered thermal governor 'step_wise'
[    0.122518] thermal_sys: Registered thermal governor 'user_space'
[    0.122621] audit: type=2000 audit(0.120:1): state=initialized audit_enabled=0 res=1
[    0.122702] cpuidle: using governor menu
[    0.139341] /ocp/interconnect@44c00000/segment@200000/target-module@b000/i2c@0/tda19988@70: Fixed dependency cycle(s) with /ocp/interconnect@48000000/segment@300000/target-module@e000/lcdc@0
[    0.140398] /ocp/interconnect@48000000/segment@300000/target-module@e000/lcdc@0: Fixed dependency cycle(s) with /ocp/interconnect@44c00000/segment@200000/target-module@b000/i2c@0/tda19988@70
[    0.142601] No ATAGs?
[    0.142621] hw-breakpoint: debug architecture 0x4 unsupported.
[    0.145604] kprobes: kprobe jump-optimization is enabled. All kprobes are optimized if possible.
[    0.154006] iommu: Default domain type: Translated
[    0.154026] iommu: DMA domain TLB invalidation policy: strict mode
[    0.155451] SCSI subsystem initialized
[    0.156208] reg-fixed-voltage fixedregulator0: using DT '/fixedregulator0' for '(null)' GPIO lookup
[    0.156261] of_get_named_gpiod_flags: can't parse 'gpios' property of node '/fixedregulator0[0]'
[    0.156289] of_get_named_gpiod_flags: can't parse 'gpio' property of node '/fixedregulator0[0]'
[    0.156306] reg-fixed-voltage fixedregulator0: using lookup tables for GPIO lookup
[    0.156317] reg-fixed-voltage fixedregulator0: No GPIO consumer (null) found
[    0.161453] libata version 3.00 loaded.
[    0.161812] pps_core: LinuxPPS API ver. 1 registered
[    0.161823] pps_core: Software ver. 5.3.6 - Copyright 2005-2007 Rodolfo Giometti <giometti@linux.it>
[    0.161848] PTP clock support registered
[    0.170876] vgaarb: loaded
[    0.171197] clocksource: Switched to clocksource dmtimer
[    0.171798] VFS: Disk quotas dquot_6.6.0
[    0.171860] VFS: Dquot-cache hash table entries: 1024 (order 0, 4096 bytes)
[    0.194811] NET: Registered PF_INET protocol family
[    0.195144] IP idents hash table entries: 8192 (order: 4, 65536 bytes, linear)
[    0.196479] tcp_listen_portaddr_hash hash table entries: 512 (order: 0, 4096 bytes, linear)
[    0.196516] Table-perturb hash table entries: 65536 (order: 6, 262144 bytes, linear)
[    0.196533] TCP established hash table entries: 4096 (order: 2, 16384 bytes, linear)
[    0.196574] TCP bind hash table entries: 4096 (order: 4, 65536 bytes, linear)
[    0.196675] TCP: Hash tables configured (established 4096 bind 4096)
[    0.196807] UDP hash table entries: 256 (order: 1, 8192 bytes, linear)
[    0.196835] UDP-Lite hash table entries: 256 (order: 1, 8192 bytes, linear)
[    0.197008] NET: Registered PF_UNIX/PF_LOCAL protocol family
[    0.212101] RPC: Registered named UNIX socket transport module.
[    0.212126] RPC: Registered udp transport module.
[    0.212132] RPC: Registered tcp transport module.
[    0.212138] RPC: Registered tcp-with-tls transport module.
[    0.212143] RPC: Registered tcp NFSv4.1 backchannel transport module.
[    0.212169] PCI: CLS 0 bytes, default 64
[    0.213728] Initialise system trusted keyrings
[    0.214749] workingset: timestamp_bits=14 max_order=17 bucket_order=3
[    0.222090] NFS: Registering the id_resolver key type
[    0.222163] Key type id_resolver registered
[    0.222172] Key type id_legacy registered
[    0.222228] jffs2: version 2.2. (NAND) (SUMMARY)  Â© 2001-2006 Red Hat, Inc.
[    0.222637] Key type asymmetric registered
[    0.222653] Asymmetric key parser 'x509' registered
[    0.222719] io scheduler mq-deadline registered
[    0.222730] io scheduler kyber registered
[    0.222795] io scheduler bfq registered
[    0.231440] Serial: 8250/16550 driver, 6 ports, IRQ sharing enabled
[    0.300072] brd: module loaded
[    0.317811] loop: module loaded
[    0.318706] mtdoops: mtd device (mtddev=name/number) must be supplied
[    0.320153] mdio_bus fixed-0: using lookup tables for GPIO lookup
[    0.320176] mdio_bus fixed-0: No GPIO consumer reset found
[    0.321571] i2c_dev: i2c /dev entries driver
[    0.322532] cpuidle: enable-method property 'ti,am3352' found operations
[    0.322983] sdhci: Secure Digital Host Controller Interface driver
[    0.322993] sdhci: Copyright(c) Pierre Ossman
[    0.323166] sdhci-pltfm: SDHCI platform and OF driver helper
[    0.341800] ledtrig-cpu: registered to indicate activity on CPUs
[    0.342626] Initializing XFRM netlink socket
[    0.342782] NET: Registered PF_INET6 protocol family
[    0.344478] Segment Routing with IPv6
[    0.344553] In-situ OAM (IOAM) with IPv6
[    0.344653] sit: IPv6, IPv4 and MPLS over IPv4 tunneling driver
[    0.345594] NET: Registered PF_PACKET protocol family
[    0.345628] NET: Registered PF_KEY protocol family
[    0.345739] Key type dns_resolver registered
[    0.345962] ThumbEE CPU extension supported.
[    0.345983] Registering SWP/SWPB emulation handler
[    0.346491] omap_voltage_late_init: Voltage driver support not added
[    0.346828] SmartReflex Class3 initialized
[    0.372005] Loading compiled-in X.509 certificates
[    0.413881] /ocp/interconnect@44c00000/segment@200000/target-module@b000/i2c@0/tda19988@70: Fixed dependency cycle(s) with /ocp/interconnect@48000000/segment@300000/target-module@e000/lcdc@0
[    0.419950] /ocp/interconnect@44c00000/segment@200000/target-module@b000/i2c@0/tda19988@70: Fixed dependency cycle(s) with /ocp/interconnect@48000000/segment@300000/target-module@e000/lcdc@0
[    0.425462] gpiochip_find_base: found new base at 512
[    0.427857] /ocp/interconnect@44c00000/segment@200000/target-module@b000/i2c@0/tda19988@70: Fixed dependency cycle(s) with /ocp/interconnect@48000000/segment@300000/target-module@e000/lcdc@0
[    0.428642] /ocp/interconnect@44c00000/segment@200000/target-module@b000/i2c@0/tda19988@70: Fixed dependency cycle(s) with /ocp/interconnect@48000000/segment@300000/target-module@e000/lcdc@0
[    0.431936] /ocp/interconnect@44c00000/segment@200000/target-module@10000/scm@0/pinmux@800: Fixed dependency cycle(s) with /ocp/interconnect@44c00000/segment@200000/target-module@10000/scm@0/pinmux@800/clkout2-pins
[    0.432533] pinctrl-single 44e10800.pinmux: 142 pins, size 568
[    0.437468] ti-sysc: probe of 44e31000.target-module failed with error -16
[    0.474884] /ocp/interconnect@48000000/segment@300000/target-module@e000/lcdc@0: Fixed dependency cycle(s) with /ocp/interconnect@44c00000/segment@200000/target-module@b000/i2c@0/tda19988@70
[    0.482415] ti-sysc: probe of 48040000.target-module failed with error -16
[    0.493172] gpiochip_find_base: found new base at 512
[    0.493240] gpio gpiochip0: (gpio-0-31): created GPIO range 0->7 ==> 44e10800.pinmux PIN 0->7
[    0.493259] gpio gpiochip0: (gpio-0-31): created GPIO range 8->11 ==> 44e10800.pinmux PIN 90->93
[    0.493274] gpio gpiochip0: (gpio-0-31): created GPIO range 12->27 ==> 44e10800.pinmux PIN 12->27
[    0.493289] gpio gpiochip0: (gpio-0-31): created GPIO range 28->31 ==> 44e10800.pinmux PIN 30->33
[    0.518466] gpio gpiochip0: (gpio-0-31): added GPIO chardev (254:0)
[    0.518638] gpio gpiochip0: registered GPIOs 512 to 543 on gpio-0-31
[    0.518725] OMAP GPIO hardware version 0.1
[    0.544045] i2c i2c-2: using DT '/ocp/interconnect@48000000/segment@100000/target-module@9c000/i2c@0' for 'scl' GPIO lookup
[    0.544118] of_get_named_gpiod_flags: can't parse 'scl-gpios' property of node '/ocp/interconnect@48000000/segment@100000/target-module@9c000/i2c@0[0]'
[    0.544162] of_get_named_gpiod_flags: can't parse 'scl-gpio' property of node '/ocp/interconnect@48000000/segment@100000/target-module@9c000/i2c@0[0]'
[    0.544196] i2c i2c-2: using lookup tables for GPIO lookup
[    0.544207] i2c i2c-2: No GPIO consumer scl found
[    0.544228] i2c i2c-2: using DT '/ocp/interconnect@48000000/segment@100000/target-module@9c000/i2c@0' for 'sda' GPIO lookup
[    0.544263] of_get_named_gpiod_flags: can't parse 'sda-gpios' property of node '/ocp/interconnect@48000000/segment@100000/target-module@9c000/i2c@0[0]'
[    0.544300] of_get_named_gpiod_flags: can't parse 'sda-gpio' property of node '/ocp/interconnect@48000000/segment@100000/target-module@9c000/i2c@0[0]'
[    0.544330] i2c i2c-2: using lookup tables for GPIO lookup
[    0.544338] i2c i2c-2: No GPIO consumer sda found
[    0.545047] omap_i2c 4819c000.i2c: bus 2 rev0.11 at 100 kHz
[    0.550161] gpiochip_find_base: found new base at 544
[    0.550224] gpio gpiochip1: (gpio-32-63): created GPIO range 0->17 ==> 44e10800.pinmux PIN 34->51
[    0.550243] gpio gpiochip1: (gpio-32-63): created GPIO range 18->21 ==> 44e10800.pinmux PIN 77->80
[    0.550258] gpio gpiochip1: (gpio-32-63): created GPIO range 22->31 ==> 44e10800.pinmux PIN 56->65
[    0.564222] gpio gpiochip1: (gpio-32-63): added GPIO chardev (254:1)
[    0.564369] gpio gpiochip1: registered GPIOs 544 to 575 on gpio-32-63
[    0.566532] gpiochip_find_base: found new base at 576
[    0.566588] gpio gpiochip2: (gpio-64-95): created GPIO range 0->4 ==> 44e10800.pinmux PIN 66->70
[    0.566606] gpio gpiochip2: (gpio-64-95): created GPIO range 5->6 ==> 44e10800.pinmux PIN 98->99
[    0.566622] gpio gpiochip2: (gpio-64-95): created GPIO range 7->8 ==> 44e10800.pinmux PIN 75->76
[    0.566637] gpio gpiochip2: (gpio-64-95): created GPIO range 13->13 ==> 44e10800.pinmux PIN 141->141
[    0.566653] gpio gpiochip2: (gpio-64-95): created GPIO range 14->21 ==> 44e10800.pinmux PIN 100->107
[    0.567217] gpio gpiochip2: (gpio-64-95): added GPIO chardev (254:2)
[    0.567358] gpio gpiochip2: registered GPIOs 576 to 607 on gpio-64-95
[    0.573581] /ocp/interconnect@48000000/segment@300000/target-module@e000/lcdc@0: Fixed dependency cycle(s) with /ocp/interconnect@44c00000/segment@200000/target-module@b000/i2c@0/tda19988@70
[    0.576168] /ocp/interconnect@48000000/segment@300000/target-module@e000/lcdc@0: Fixed dependency cycle(s) with /ocp/interconnect@44c00000/segment@200000/target-module@b000/i2c@0/tda19988@70
[    0.576832] /ocp/interconnect@44c00000/segment@200000/target-module@b000/i2c@0/tda19988@70: Fixed dependency cycle(s) with /ocp/interconnect@48000000/segment@300000/target-module@e000/lcdc@0
[    0.576999] /ocp/interconnect@48000000/segment@300000/target-module@e000/lcdc@0: Fixed dependency cycle(s) with /ocp/interconnect@44c00000/segment@200000/target-module@b000/i2c@0/tda19988@70
[    0.586164] mdio_bus 4a101000.mdio: using DT '/ocp/interconnect@4a000000/segment@0/target-module@100000/switch@0/mdio@1000' for 'reset' GPIO lookup
[    0.586237] of_get_named_gpiod_flags: can't parse 'reset-gpios' property of node '/ocp/interconnect@4a000000/segment@0/target-module@100000/switch@0/mdio@1000[0]'
[    0.586284] of_get_named_gpiod_flags: can't parse 'reset-gpio' property of node '/ocp/interconnect@4a000000/segment@0/target-module@100000/switch@0/mdio@1000[0]'
[    0.586331] mdio_bus 4a101000.mdio: using lookup tables for GPIO lookup
[    0.586341] mdio_bus 4a101000.mdio: No GPIO consumer reset found
[    0.588145] sdhci-omap 481d8000.mmc: using DT '/ocp/interconnect@48000000/segment@100000/target-module@d8000/mmc@0' for 'wp' GPIO lookup
[    0.588216] of_get_named_gpiod_flags: can't parse 'wp-gpios' property of node '/ocp/interconnect@48000000/segment@100000/target-module@d8000/mmc@0[0]'
[    0.588260] of_get_named_gpiod_flags: can't parse 'wp-gpio' property of node '/ocp/interconnect@48000000/segment@100000/target-module@d8000/mmc@0[0]'
[    0.588295] sdhci-omap 481d8000.mmc: using lookup tables for GPIO lookup
[    0.588304] sdhci-omap 481d8000.mmc: No GPIO consumer wp found
[    0.588492] sdhci-omap 481d8000.mmc: supply pbias not found, using dummy regulator
[    0.588968] sdhci-omap 481d8000.mmc: supply vqmmc not found, using dummy regulator
[    0.675918] davinci_mdio 4a101000.mdio: davinci mdio revision 1.6, bus freq 1000000
[    0.690204] mdio_bus 4a101000.mdio:00: using DT '/ocp/interconnect@4a000000/segment@0/target-module@100000/switch@0/mdio@1000/ethernet-phy@0' for 'reset' GPIO lookup
[    0.690308] of_get_named_gpiod_flags: parsed 'reset-gpios' property of node '/ocp/interconnect@4a000000/segment@0/target-module@100000/switch@0/mdio@1000/ethernet-phy@0[0]' - status (0)
[    0.690472] gpio gpiochip0: Persistence not supported for GPIO 8
[    0.797503] davinci_mdio 4a101000.mdio: phy[0]: device 4a101000.mdio:00, driver SMSC LAN8710/LAN8720
[    0.798135] cpsw-switch 4a100000.switch: initialized cpsw ale version 1.4
[    0.798154] cpsw-switch 4a100000.switch: ALE Table size 1024
[    0.798294] cpsw-switch 4a100000.switch: cpts: overflow check period 500 (jiffies)
[    0.798310] cpsw-switch 4a100000.switch: CPTS: ref_clk_freq:250000000 calc_mult:2147483648 calc_shift:29 error:0 nsec/sec
[    0.798418] cpsw-switch 4a100000.switch: Detected MACID = 6c:ec:eb:68:de:78
[    0.800185] cpsw-switch 4a100000.switch: initialized (regs 0x4a100000, pool size 256) hw_ver:0019010C 1.12 (0)
[    0.810830] debugfs: Directory '49000000.dma' with parent 'dmaengine' already present!
[    0.810873] edma 49000000.dma: TI EDMA DMA engine driver
[    0.851916] hw perfevents: enabled with armv7_cortex_a8 PMU driver, 5 counters available
[    0.852808] gpio-clk clk_mcasp0: using DT '/clk_mcasp0' for 'enable' GPIO lookup
[    0.852874] of_get_named_gpiod_flags: parsed 'enable-gpios' property of node '/clk_mcasp0[0]' - status (0)
[    0.852916] gpio gpiochip0: Persistence not supported for GPIO 27
[    0.853717] gpiochip_find_base: found new base at 608
[    0.853778] gpio gpiochip3: (gpio-96-127): created GPIO range 0->7 ==> 44e10800.pinmux PIN 82->89
[    0.853796] gpio gpiochip3: (gpio-96-127): created GPIO range 8->11 ==> 44e10800.pinmux PIN 52->55
[    0.853812] gpio gpiochip3: (gpio-96-127): created GPIO range 12->15 ==> 44e10800.pinmux PIN 94->97
[    0.853827] gpio gpiochip3: (gpio-96-127): created GPIO range 16->17 ==> 44e10800.pinmux PIN 71->72
[    0.853842] gpio gpiochip3: (gpio-96-127): created GPIO range 18->18 ==> 44e10800.pinmux PIN 135->135
[    0.853859] gpio gpiochip3: (gpio-96-127): created GPIO range 19->20 ==> 44e10800.pinmux PIN 108->109
[    0.853875] gpio gpiochip3: (gpio-96-127): created GPIO range 21->21 ==> 44e10800.pinmux PIN 73->73
[    0.853892] gpio gpiochip3: (gpio-96-127): created GPIO range 22->23 ==> 44e10800.pinmux PIN 8->9
[    0.853909] gpio gpiochip3: (gpio-96-127): created GPIO range 26->27 ==> 44e10800.pinmux PIN 10->11
[    0.853926] gpio gpiochip3: (gpio-96-127): created GPIO range 28->28 ==> 44e10800.pinmux PIN 74->74
[    0.853944] gpio gpiochip3: (gpio-96-127): created GPIO range 29->29 ==> 44e10800.pinmux PIN 81->81
[    0.853963] gpio gpiochip3: (gpio-96-127): created GPIO range 30->31 ==> 44e10800.pinmux PIN 28->29
[    0.859470] l3-aon-clkctrl:0000:0: failed to disable
[    0.859884] gpio gpiochip3: (gpio-96-127): added GPIO chardev (254:3)
[    0.860021] gpio gpiochip3: registered GPIOs 608 to 639 on gpio-96-127
[    0.862091] omap8250 44e09000.serial: using DT '/ocp/interconnect@44c00000/segment@200000/target-module@9000/serial@0' for 'rs485-term' GPIO lookup
[    0.862167] of_get_named_gpiod_flags: can't parse 'rs485-term-gpios' property of node '/ocp/interconnect@44c00000/segment@200000/target-module@9000/serial@0[0]'
[    0.862213] of_get_named_gpiod_flags: can't parse 'rs485-term-gpio' property of node '/ocp/interconnect@44c00000/segment@200000/target-module@9000/serial@0[0]'
[    0.862248] omap8250 44e09000.serial: using lookup tables for GPIO lookup
[    0.862260] omap8250 44e09000.serial: No GPIO consumer rs485-term found
[    0.862269] omap8250 44e09000.serial: using DT '/ocp/interconnect@44c00000/segment@200000/target-module@9000/serial@0' for 'rs485-rx-during-tx' GPIO lookup
[    0.862306] of_get_named_gpiod_flags: can't parse 'rs485-rx-during-tx-gpios' property of node '/ocp/interconnect@44c00000/segment@200000/target-module@9000/serial@0[0]'
[    0.862345] of_get_named_gpiod_flags: can't parse 'rs485-rx-during-tx-gpio' property of node '/ocp/interconnect@44c00000/segment@200000/target-module@9000/serial@0[0]'
[    0.862376] omap8250 44e09000.serial: using lookup tables for GPIO lookup
[    0.862384] omap8250 44e09000.serial: No GPIO consumer rs485-rx-during-tx found
[    0.862742] 44e09000.serial: ttyS0 at MMIO 0x44e09000 (irq = 34, base_baud = 3000000) is a 8250
[    0.862824] printk: console [ttyS0] enabled
[    2.149576] i2c i2c-0: using DT '/ocp/interconnect@44c00000/segment@200000/target-module@b000/i2c@0' for 'scl' GPIO lookup
[    2.149658] of_get_named_gpiod_flags: can't parse 'scl-gpios' property of node '/ocp/interconnect@44c00000/segment@200000/target-module@b000/i2c@0[0]'
[    2.149703] of_get_named_gpiod_flags: can't parse 'scl-gpio' property of node '/ocp/interconnect@44c00000/segment@200000/target-module@b000/i2c@0[0]'
[    2.149740] i2c i2c-0: using lookup tables for GPIO lookup
[    2.149752] i2c i2c-0: No GPIO consumer scl found
[    2.149775] i2c i2c-0: using DT '/ocp/interconnect@44c00000/segment@200000/target-module@b000/i2c@0' for 'sda' GPIO lookup
[    2.149813] of_get_named_gpiod_flags: can't parse 'sda-gpios' property of node '/ocp/interconnect@44c00000/segment@200000/target-module@b000/i2c@0[0]'
[    2.149852] of_get_named_gpiod_flags: can't parse 'sda-gpio' property of node '/ocp/interconnect@44c00000/segment@200000/target-module@b000/i2c@0[0]'
[    2.149885] i2c i2c-0: using lookup tables for GPIO lookup
[    2.149894] i2c i2c-0: No GPIO consumer sda found
[    2.172054] tps65217-pmic: Failed to locate of_node [id: -1]
[    2.178116] tps65217-bl: Failed to locate of_node [id: -1]
[    2.189008] tps65217 0-0024: TPS65217 ID 0xe version 1.2
[    2.195142] /ocp/interconnect@48000000/segment@300000/target-module@e000/lcdc@0: Fixed dependency cycle(s) with /ocp/interconnect@44c00000/segment@200000/target-module@b000/i2c@0/tda19988@70
[    2.212487] /ocp/interconnect@44c00000/segment@200000/target-module@b000/i2c@0/tda19988@70: Fixed dependency cycle(s) with /ocp/interconnect@48000000/segment@300000/target-module@e000/lcdc@0
[    2.229836] omap_i2c 44e0b000.i2c: bus 0 rev0.11 at 400 kHz
[    2.237537] sdhci-omap 48060000.mmc: using DT '/ocp/interconnect@48000000/segment@0/target-module@60000/mmc@0' for 'cd' GPIO lookup
[    2.237640] of_get_named_gpiod_flags: parsed 'cd-gpios' property of node '/ocp/interconnect@48000000/segment@0/target-module@60000/mmc@0[0]' - status (0)
[    2.237758] gpio gpiochip3: Persistence not supported for GPIO 6
[    2.237783] omap_gpio 44e07000.gpio: Could not set line 6 debounce to 200000 microseconds (-22)
[    2.246655] sdhci-omap 48060000.mmc: Got CD GPIO
[    2.251327] sdhci-omap 48060000.mmc: using DT '/ocp/interconnect@48000000/segment@0/target-module@60000/mmc@0' for 'wp' GPIO lookup
[    2.251376] of_get_named_gpiod_flags: can't parse 'wp-gpios' property of node '/ocp/interconnect@48000000/segment@0/target-module@60000/mmc@0[0]'
[    2.251421] of_get_named_gpiod_flags: can't parse 'wp-gpio' property of node '/ocp/interconnect@48000000/segment@0/target-module@60000/mmc@0[0]'
[    2.251457] sdhci-omap 48060000.mmc: using lookup tables for GPIO lookup
[    2.251469] sdhci-omap 48060000.mmc: No GPIO consumer wp found
[    2.251659] sdhci-omap 48060000.mmc: supply pbias not found, using dummy regulator
[    2.260628] sdhci-omap 481d8000.mmc: using DT '/ocp/interconnect@48000000/segment@100000/target-module@d8000/mmc@0' for 'wp' GPIO lookup
[    2.260704] of_get_named_gpiod_flags: can't parse 'wp-gpios' property of node '/ocp/interconnect@48000000/segment@100000/target-module@d8000/mmc@0[0]'
[    2.260750] of_get_named_gpiod_flags: can't parse 'wp-gpio' property of node '/ocp/interconnect@48000000/segment@100000/target-module@d8000/mmc@0[0]'
[    2.260786] sdhci-omap 481d8000.mmc: using lookup tables for GPIO lookup
[    2.260798] sdhci-omap 481d8000.mmc: No GPIO consumer wp found
[    2.261815] sdhci-omap 48060000.mmc: supply vqmmc not found, using dummy regulator
[    2.270470] sdhci-omap 481d8000.mmc: supply pbias not found, using dummy regulator
[    2.279386] sdhci-omap 481d8000.mmc: supply vqmmc not found, using dummy regulator
[    2.318004] mmc1: SDHCI controller on 481d8000.mmc [481d8000.mmc] using External DMA
[    2.327143] mmc0: SDHCI controller on 48060000.mmc [48060000.mmc] using External DMA
[    2.335781] cpsw-switch 4a100000.switch: starting ndev. mode: dual_mac
[    2.380091] mmc0: new high speed SDHC card at address 5048
[    2.387040] mmcblk0: mmc0:5048 SD16G 14.4 GiB
[    2.394833]  mmcblk0: p1 p2
[    2.398069] mmcblk0: p2 size 31221760 extends beyond EOD, truncated
[    2.412671] mmc1: new high speed MMC card at address 0001
[    2.419328] mmcblk1: mmc1:0001 MMC04G 3.60 GiB
[    2.426413]  mmcblk1: p1 p2
[    2.430565] mmcblk1boot0: mmc1:0001 MMC04G 2.00 MiB
[    2.437858] mmcblk1boot1: mmc1:0001 MMC04G 2.00 MiB
[    2.444837] mmcblk1rpmb: mmc1:0001 MMC04G 128 KiB, chardev (250:0)
[    2.451593] SMSC LAN8710/LAN8720 4a101000.mdio:00: attached PHY driver (mii_bus:phy_addr=4a101000.mdio:00, irq=POLL)
[    5.601929] cpsw-switch 4a100000.switch eth0: Link is Up - 100Mbps/Full - flow control off
[    5.641214] IP-Config: Complete:
[    5.644479]      device=eth0, hwaddr=6c:ec:eb:68:de:78, ipaddr=192.168.255.1, mask=255.255.255.0, gw=255.255.255.255
[    5.655104]      host=bbb1, domain=, nis-domain=(none)
[    5.660270]      bootserver=192.168.255.126, rootserver=192.168.255.126, rootpath=
[    5.660677] clk: Disabling unused clocks
[    5.672551] KTAP version 1
[    5.675277] 1..0
[    5.698895] VFS: Mounted root (nfs filesystem) on device 0:16.
[    5.706004] devtmpfs: mounted
[    5.710379] Freeing unused kernel image (initmem) memory: 1024K
[    5.717180] Run /sbin/init as init process
[    5.721387]   with arguments:
[    5.721401]     /sbin/init
[    5.721409]     nfsrootdebug
[    5.721417]   with environment:
[    5.721424]     HOME=/
[    5.721431]     TERM=linux
[    6.384123] systemd[1]: System time before build time, advancing clock.
[    7.841219] random: crng init done
[    7.911715] systemd[1]: systemd 232 running in system mode. (+PAM +AUDIT +SELINUX +IMA +APPARMOR +SMACK +SYSVINIT +UTMP +LIBCRYPTSETUP +GCRYPT +GNUTLS +ACL +XZ +LZ4 +SECCOMP +BLKID +ELFUTILS +KMOD +IDN)
[    7.930655] systemd[1]: Detected architecture arm.
[    7.974181] systemd[1]: Set hostname to <arm>.
[    9.030866] systemd[1]: Listening on udev Control Socket.
[    9.073165] systemd[1]: Listening on /dev/initctl Compatibility Named Pipe.
[    9.113032] systemd[1]: Listening on Syslog Socket.
[    9.152783] systemd[1]: Created slice System Slice.
[    9.225413] systemd[1]: Mounting POSIX Message Queue File System...
[    9.262209] systemd[1]: dev-hugepages.mount: Couldn't determine result for ConditionVirtualization=!private-users, assuming failed: No such file or directory
[    9.278659] systemd[1]: Reached target Remote File Systems.
[   10.831852] systemd-journald[81]: Received request to flush runtime journal from PID 1
[   14.046451] leds-gpio leds: using DT '/leds/led2' for '(null)' GPIO lookup
[   14.046550] of_get_named_gpiod_flags: parsed 'gpios' property of node '/leds/led2[0]' - status (0)
[   14.046602] gpio gpiochip0: Persistence not supported for GPIO 21
[   14.046615] gpio-533 (?): no flags found for (null)
[   14.046906] leds-gpio leds: using DT '/leds/led3' for '(null)' GPIO lookup
[   14.046958] of_get_named_gpiod_flags: parsed 'gpios' property of node '/leds/led3[0]' - status (0)
[   14.046992] gpio gpiochip0: Persistence not supported for GPIO 22
[   14.047003] gpio-534 (?): no flags found for (null)
[   14.091622] leds-gpio leds: using DT '/leds/led4' for '(null)' GPIO lookup
[   14.091711] of_get_named_gpiod_flags: parsed 'gpios' property of node '/leds/led4[0]' - status (0)
[   14.091756] gpio gpiochip0: Persistence not supported for GPIO 23
[   14.091768] gpio-535 (?): no flags found for (null)
[   14.124656] leds-gpio leds: using DT '/leds/led5' for '(null)' GPIO lookup
[   14.124925] of_get_named_gpiod_flags: parsed 'gpios' property of node '/leds/led5[0]' - status (0)
[   14.124982] gpio gpiochip0: Persistence not supported for GPIO 24
[   14.124995] gpio-536 (?): no flags found for (null)
[   14.687785] remoteproc remoteproc0: wkup_m3 is available
[   14.865146] omap_wdt: OMAP Watchdog Timer Rev 0x01: initial timeout 60 sec
[   14.920745] omap_rtc 44e3e000.rtc: registered as rtc0
[   14.926118] omap_rtc 44e3e000.rtc: setting system clock to 2000-01-01T00:00:01 UTC (946684801)
[   14.934876] omap_rtc 44e3e000.rtc: using DT '/ocp/interconnect@44c00000/segment@200000/target-module@3e000/rtc@0' for 'wp' GPIO lookup
[   14.934946] of_get_named_gpiod_flags: can't parse 'wp-gpios' property of node '/ocp/interconnect@44c00000/segment@200000/target-module@3e000/rtc@0[0]'
[   14.934995] of_get_named_gpiod_flags: can't parse 'wp-gpio' property of node '/ocp/interconnect@44c00000/segment@200000/target-module@3e000/rtc@0[0]'
[   14.935033] omap_rtc 44e3e000.rtc: using lookup tables for GPIO lookup
[   14.935046] omap_rtc 44e3e000.rtc: No GPIO consumer wp found
[   15.035250] am335x-phy-driver 47401300.usb-phy: using DT '/ocp/target-module@47400000/usb-phy@1300' for 'reset' GPIO lookup
[   15.035345] of_get_named_gpiod_flags: can't parse 'reset-gpios' property of node '/ocp/target-module@47400000/usb-phy@1300[0]'
[   15.035388] of_get_named_gpiod_flags: can't parse 'reset-gpio' property of node '/ocp/target-module@47400000/usb-phy@1300[0]'
[   15.035422] am335x-phy-driver 47401300.usb-phy: using lookup tables for GPIO lookup
[   15.035435] am335x-phy-driver 47401300.usb-phy: No GPIO consumer reset found
[   15.035447] am335x-phy-driver 47401300.usb-phy: using DT '/ocp/target-module@47400000/usb-phy@1300' for 'vbus-detect' GPIO lookup
[   15.035476] of_get_named_gpiod_flags: can't parse 'vbus-detect-gpios' property of node '/ocp/target-module@47400000/usb-phy@1300[0]'
[   15.035507] of_get_named_gpiod_flags: can't parse 'vbus-detect-gpio' property of node '/ocp/target-module@47400000/usb-phy@1300[0]'
[   15.035531] am335x-phy-driver 47401300.usb-phy: using lookup tables for GPIO lookup
[   15.035542] am335x-phy-driver 47401300.usb-phy: No GPIO consumer vbus-detect found
[   15.035686] am335x-phy-driver 47401300.usb-phy: dummy supplies not allowed for exclusive requests
[   15.201742] at24 2-0054: supply vcc not found, using dummy regulator
[   15.210847] wkup_m3_ipc 44e11324.wkup_m3_ipc: IPC Request for A8->M3 Channel failed! -517
[   15.292138] at24 2-0055: supply vcc not found, using dummy regulator
[   15.410436] at24 2-0056: supply vcc not found, using dummy regulator
[   15.540821] at24 2-0057: supply vcc not found, using dummy regulator
[   15.713439] am335x-phy-driver 47401b00.usb-phy: using DT '/ocp/target-module@47400000/usb-phy@1b00' for 'reset' GPIO lookup
[   15.713526] of_get_named_gpiod_flags: can't parse 'reset-gpios' property of node '/ocp/target-module@47400000/usb-phy@1b00[0]'
[   15.713567] of_get_named_gpiod_flags: can't parse 'reset-gpio' property of node '/ocp/target-module@47400000/usb-phy@1b00[0]'
[   15.713603] am335x-phy-driver 47401b00.usb-phy: using lookup tables for GPIO lookup
[   15.713616] am335x-phy-driver 47401b00.usb-phy: No GPIO consumer reset found
[   15.713629] am335x-phy-driver 47401b00.usb-phy: using DT '/ocp/target-module@47400000/usb-phy@1b00' for 'vbus-detect' GPIO lookup
[   15.713658] of_get_named_gpiod_flags: can't parse 'vbus-detect-gpios' property of node '/ocp/target-module@47400000/usb-phy@1b00[0]'
[   15.713688] of_get_named_gpiod_flags: can't parse 'vbus-detect-gpio' property of node '/ocp/target-module@47400000/usb-phy@1b00[0]'
[   15.713711] am335x-phy-driver 47401b00.usb-phy: using lookup tables for GPIO lookup
[   15.713722] am335x-phy-driver 47401b00.usb-phy: No GPIO consumer vbus-detect found
[   15.713866] am335x-phy-driver 47401b00.usb-phy: dummy supplies not allowed for exclusive requests
[   15.724305] wkup_m3_ipc 44e11324.wkup_m3_ipc: IPC Request for A8->M3 Channel failed! -517
[   15.771572] at24 0-0050: using DT '/ocp/interconnect@44c00000/segment@200000/target-module@b000/i2c@0/baseboard_eeprom@50' for 'wp' GPIO lookup
[   15.771690] of_get_named_gpiod_flags: can't parse 'wp-gpios' property of node '/ocp/interconnect@44c00000/segment@200000/target-module@b000/i2c@0/baseboard_eeprom@50[0]'
[   15.771751] of_get_named_gpiod_flags: can't parse 'wp-gpio' property of node '/ocp/interconnect@44c00000/segment@200000/target-module@b000/i2c@0/baseboard_eeprom@50[0]'
[   15.771794] at24 0-0050: using lookup tables for GPIO lookup
[   15.771807] at24 0-0050: No GPIO consumer wp found
[   15.772092] at24 0-0050: 32768 byte 24c256 EEPROM, writable, 1 bytes/write
[   15.834704] wkup_m3_ipc 44e11324.wkup_m3_ipc: IPC Request for A8->M3 Channel failed! -517
[   16.090789] wkup_m3_ipc 44e11324.wkup_m3_ipc: IPC Request for A8->M3 Channel failed! -517
[   16.190551] tps6521x_pwrbutton tps65217-pwrbutton: DMA mask not set
[   16.272655] input: tps65217_pwrbutton as /devices/platform/ocp/44c00000.interconnect/44c00000.interconnect:segment@200000/44e0b000.target-module/44e0b000.i2c/i2c-0/0-0024/tps65217-pwrbutton/input/input0
[   16.294951] wkup_m3_ipc 44e11324.wkup_m3_ipc: IPC Request for A8->M3 Channel failed! -517
[   16.952230] usbcore: registered new interface driver usbfs
[   16.958103] usbcore: registered new interface driver hub
[   16.963692] usbcore: registered new device driver usb
[   17.648709] tda998x 0-0070: found TDA19988
[   17.724699] wkup_m3_ipc 44e11324.wkup_m3_ipc: IPC Request for A8->M3 Channel failed! -517
[   17.867449] omap-mailbox 480c8000.mailbox: omap mailbox rev 0x400
[   17.919607] remoteproc remoteproc0: powering up wkup_m3
[   18.035579] remoteproc remoteproc0: Direct firmware load for am335x-pm-firmware.elf failed with error -2
[   18.045436] remoteproc remoteproc0: request_firmware failed: -2
[   18.051591] wkup_m3_ipc 44e11324.wkup_m3_ipc: rproc_boot failed
[   18.104521] musb-hdrc musb-hdrc.1: MUSB HDRC host driver
[   18.109948] musb-hdrc musb-hdrc.1: new USB bus registered, assigned bus number 1
[   18.162043] usb usb1: New USB device found, idVendor=1d6b, idProduct=0002, bcdDevice= 6.06
[   18.171665] usb usb1: New USB device strings: Mfr=3, Product=2, SerialNumber=1
[   18.178938] usb usb1: Product: MUSB HDRC host driver
[   18.184214] usb usb1: Manufacturer: Linux 6.6.80 musb-hcd
[   18.189647] usb usb1: SerialNumber: musb-hdrc.1
[   18.349630] hub 1-0:1.0: USB hub found
[   18.404542] hub 1-0:1.0: 1 port detected
[   19.999891] omap_rng 48310000.rng: Random Number Generator ver. 20
[   20.096366] tilcdc 4830e000.lcdc: bound 0-0070 (ops 0xbf0b20fc)
[   20.223886] [drm] Initialized tilcdc 1.0.0 20121205 for 4830e000.lcdc on minor 0
[   20.359004] tilcdc 4830e000.lcdc: [drm] Cannot find any crtc or sizes
[   20.367267] tilcdc 4830e000.lcdc: [drm] Cannot find any crtc or sizes
[   21.893279] PM: Cannot get wkup_m3_ipc handle
[   21.988135] omap-sham 53100000.sham: hw accel on OMAP rev 4.3
[   22.112906] omap-sham 53100000.sham: will run requests pump with realtime priority
[   22.123042] PM: Cannot get wkup_m3_ipc handle
[   22.200998] omap-aes 53500000.aes: OMAP AES hw accel rev: 3.2
[   22.358416] omap-aes 53500000.aes: will run requests pump with realtime priority
[   22.369142] PM: Cannot get wkup_m3_ipc handle
[   22.389178] Bluetooth: Core ver 2.22
[   22.393181] NET: Registered PF_BLUETOOTH protocol family
[   22.398530] Bluetooth: HCI device and connection manager initialized
[   22.405016] Bluetooth: HCI socket layer initialized
[   22.409930] Bluetooth: L2CAP socket layer initialized
[   22.415068] Bluetooth: SCO socket layer initialized
[   25.249360] PM: Cannot get wkup_m3_ipc handle
[   25.255329] asoc-simple-card sound: using DT '/sound' for 'simple-audio-card,hp-det' GPIO lookup
[   25.255399] of_get_named_gpiod_flags: can't parse 'simple-audio-card,hp-det-gpios' property of node '/sound[0]'
[   25.255434] of_get_named_gpiod_flags: can't parse 'simple-audio-card,hp-det-gpio' property of node '/sound[0]'
[   25.255456] asoc-simple-card sound: using lookup tables for GPIO lookup
[   25.255468] asoc-simple-card sound: No GPIO consumer simple-audio-card,hp-det found
[   25.255481] asoc-simple-card sound: using DT '/sound' for 'simple-audio-card,mic-det' GPIO lookup
[   25.255503] of_get_named_gpiod_flags: can't parse 'simple-audio-card,mic-det-gpios' property of node '/sound[0]'
[   25.255527] of_get_named_gpiod_flags: can't parse 'simple-audio-card,mic-det-gpio' property of node '/sound[0]'
[   25.255544] asoc-simple-card sound: using lookup tables for GPIO lookup
[   25.255554] asoc-simple-card sound: No GPIO consumer simple-audio-card,mic-det found
[   25.378930] PM: Cannot get wkup_m3_ipc handle
[   27.218422] userial_init: registered 8 ttyGS* devices
[   27.448704] rndis_register: configNr = 0
[   27.569391] udc musb-hdrc.0: binding gadget driver [g_multi]
[   27.569483] configfs-gadget.g_multi gadget.0: adding 'rndis'/42d7a70a to config 'c'/fbbfdb24
[   27.570593] configfs-gadget.g_multi gadget.0: HOST MAC 1c:ba:8c:a2:ed:6c
[   27.577618] configfs-gadget.g_multi gadget.0: MAC 1c:ba:8c:a2:ed:70
[   27.584050] rndis_set_param_medium: 0 0
[   27.584072] configfs-gadget.g_multi gadget.0: RNDIS: IN/ep1in OUT/ep1out NOTIFY/ep2in
[   27.584087] configfs-gadget.g_multi gadget.0: adding 'cdc_ethernet'/ad22cd8c to config 'c'/fbbfdb24
[   27.585021] configfs-gadget.g_multi gadget.0: HOST MAC 1c:ba:8c:a2:ed:6c
[   27.591882] configfs-gadget.g_multi gadget.0: MAC 1c:ba:8c:a2:ed:6d
[   27.598212] configfs-gadget.g_multi gadget.0: CDC Ethernet: IN/ep3in OUT/ep2out NOTIFY/ep4in
[   27.598228] configfs-gadget.g_multi gadget.0: adding 'acm'/37539b38 to config 'c'/fbbfdb24
[   27.598260] configfs-gadget.g_multi gadget.0: acm ttyGS0: IN/ep5in OUT/ep3out NOTIFY/ep6in
[   27.605052] PM: Cannot get wkup_m3_ipc handle
[   28.850033] configfs-gadget.g_multi gadget.0: eth_open
[   29.608892] configfs-gadget.g_multi gadget.0: stop stats: rx/tx 0/0, errs 0/0
[   34.316927] gs_open: ttyGS0 (24c4e567,0d55e882)
[   34.317068] gs_close: ttyGS0 (24c4e567,0d55e882) ...
[   34.317086] gs_close: ttyGS0 (24c4e567,0d55e882) done!
[   34.317240] gs_open: ttyGS0 (fc41d5d0,fe605984)
[   34.317310] gs_close: ttyGS0 (fc41d5d0,fe605984) ...
[   34.317327] gs_close: ttyGS0 (fc41d5d0,fe605984) done!
[   34.463524] gs_open: ttyGS0 (4efbeadb,1695d1f4)
[   34.463751] gs_close: ttyGS0 (4efbeadb,1695d1f4) ...
[   34.463777] gs_close: ttyGS0 (4efbeadb,1695d1f4) done!
[   34.467570] gs_open: ttyGS0 (4efbeadb,abf64f64)
HNLUBOTNQV 0
root@arm:~# echo 'EKGJ''SZGLEB'
EKGJSZGLEB
root@arm:~# MARKER='YWHN''HNVNPG' run 'modprobe test_linear_ranges'
YWHNHNVNPGYWHNHNVNPG 0
root@arm:~# echo 'FAUY''XVJSYC'
FAUYXVJSYC
root@arm:~# MARKER='BQLT''HBEBMZ' run dmesg
BQLTHBEBMZ[    0.000000] Booting Linux on physical CPU 0x0
[    0.000000] Linux version 6.6.80 (user01@drvtest01) (arm-none-eabi-gcc (Arm GNU Toolchain 14.2.Rel1 (Build arm-14.52)) 14.2.1 20241119, GNU ld (Arm GNU Toolchain 14.2.Rel1 (Build arm-14.52)) 2.43.1.20241119) #1 SMP Thu Feb 27 14:51:30 EET 2025
[    0.000000] CPU: ARMv7 Processor [413fc082] revision 2 (ARMv7), cr=10c5387d
[    0.000000] CPU: PIPT / VIPT nonaliasing data cache, VIPT aliasing instruction cache
[    0.000000] OF: fdt: Machine model: TI AM335x BeagleBone Black
[    0.000000] Memory policy: Data cache writeback
[    0.000000] cma: Reserved 16 MiB at 0x9e800000 on node -1
[    0.000000] Zone ranges:
[    0.000000]   Normal   [mem 0x0000000080000000-0x000000009fdfffff]
[    0.000000]   HighMem  empty
[    0.000000] Movable zone start for each node
[    0.000000] Early memory node ranges
[    0.000000]   node   0: [mem 0x0000000080000000-0x000000009fdfffff]
[    0.000000] Initmem setup node 0 [mem 0x0000000080000000-0x000000009fdfffff]
[    0.000000] CPU: All CPU(s) started in SVC mode.
[    0.000000] AM335X ES2.1 (sgx neon)
[    0.000000] percpu: Embedded 16 pages/cpu s36052 r8192 d21292 u65536
[    0.000000] pcpu-alloc: s36052 r8192 d21292 u65536 alloc=16*4096
[    0.000000] pcpu-alloc: [0] 0 
[    0.000000] Kernel command line: console=ttyO0,115200n8 root=/dev/nfs rw nfsroot=192.168.255.126:/home/user01/nfs,nfsvers=3 ip=192.168.255.1:192.168.255.126::255.255.255.0:bbb1:eth0 nfsrootdebug
[    0.000000] Unknown kernel command line parameters "nfsrootdebug", will be passed to user space.
[    0.000000] Dentry cache hash table entries: 65536 (order: 6, 262144 bytes, linear)
[    0.000000] Inode-cache hash table entries: 32768 (order: 5, 131072 bytes, linear)
[    0.000000] Built 1 zonelists, mobility grouping on.  Total pages: 129412
[    0.000000] mem auto-init: stack:off, heap alloc:off, heap free:off
[    0.000000] Memory: 483604K/522240K available (11264K kernel code, 1164K rwdata, 2700K rodata, 1024K init, 283K bss, 22252K reserved, 16384K cma-reserved, 0K highmem)
[    0.000000] SLUB: HWalign=64, Order=0-3, MinObjects=0, CPUs=1, Nodes=1
[    0.000000] rcu: Hierarchical RCU implementation.
[    0.000000] rcu: 	RCU event tracing is enabled.
[    0.000000] rcu: 	RCU restricting CPUs from NR_CPUS=2 to nr_cpu_ids=1.
[    0.000000] rcu: RCU calculated value of scheduler-enlistment delay is 10 jiffies.
[    0.000000] rcu: Adjusting geometry for rcu_fanout_leaf=16, nr_cpu_ids=1
[    0.000000] NR_IRQS: 16, nr_irqs: 16, preallocated irqs: 16
[    0.000000] IRQ: Found an INTC at 0x(ptrval) (revision 5.0) with 128 interrupts
[    0.000000] rcu: srcu_init: Setting srcu_struct sizes based on contention.
[    0.000000] TI gptimer clocksource: always-on /ocp/interconnect@44c00000/segment@200000/target-module@31000
[    0.000003] sched_clock: 32 bits at 24MHz, resolution 41ns, wraps every 89478484971ns
[    0.000028] clocksource: dmtimer: mask: 0xffffffff max_cycles: 0xffffffff, max_idle_ns: 79635851949 ns
[    0.000509] TI gptimer clockevent: 24000000 Hz at /ocp/interconnect@48000000/segment@0/target-module@40000
[    0.002057] Console: colour dummy device 80x30
[    0.002109] WARNING: Your 'console=ttyO0' has been replaced by 'ttyS0'
[    0.002116] This ensures that you still see kernel messages. Please
[    0.002121] update your kernel commandline.
[    0.002160] Calibrating delay loop... 996.14 BogoMIPS (lpj=4980736)
[    0.090563] CPU: Testing write buffer coherency: ok
[    0.090661] CPU0: Spectre v2: using BPIALL workaround
[    0.090673] pid_max: default: 32768 minimum: 301
[    0.090786] LSM: initializing lsm=capability,integrity
[    0.090956] Mount-cache hash table entries: 1024 (order: 0, 4096 bytes, linear)
[    0.090975] Mountpoint-cache hash table entries: 1024 (order: 0, 4096 bytes, linear)
[    0.092432] CPU0: thread -1, cpu 0, socket -1, mpidr 0
[    0.093985] Setting up static identity map for 0x80100000 - 0x80100078
[    0.094267] rcu: Hierarchical SRCU implementation.
[    0.094278] rcu: 	Max phase no-delay instances is 1000.
[    0.095641] smp: Bringing up secondary CPUs ...
[    0.095695] smp: Brought up 1 node, 1 CPU
[    0.095709] SMP: Total of 1 processors activated (996.14 BogoMIPS).
[    0.095721] CPU: All CPU(s) started in SVC mode.
[    0.096599] devtmpfs: initialized
[    0.113543] VFP support v0.3: implementor 41 architecture 3 part 30 variant c rev 3
[    0.113895] clocksource: jiffies: mask: 0xffffffff max_cycles: 0xffffffff, max_idle_ns: 19112604462750000 ns
[    0.113926] futex hash table entries: 256 (order: 2, 16384 bytes, linear)
[    0.115219] pinctrl core: initialized pinctrl subsystem
[    0.117825] NET: Registered PF_NETLINK/PF_ROUTE protocol family
[    0.120357] DMA: preallocated 256 KiB pool for atomic coherent allocations
[    0.121177] audit: initializing netlink subsys (disabled)
[    0.122493] thermal_sys: Registered thermal governor 'fair_share'
[    0.122512] thermal_sys: Registered thermal governor 'step_wise'
[    0.122518] thermal_sys: Registered thermal governor 'user_space'
[    0.122621] audit: type=2000 audit(0.120:1): state=initialized audit_enabled=0 res=1
[    0.122702] cpuidle: using governor menu
[    0.139341] /ocp/interconnect@44c00000/segment@200000/target-module@b000/i2c@0/tda19988@70: Fixed dependency cycle(s) with /ocp/interconnect@48000000/segment@300000/target-module@e000/lcdc@0
[    0.140398] /ocp/interconnect@48000000/segment@300000/target-module@e000/lcdc@0: Fixed dependency cycle(s) with /ocp/interconnect@44c00000/segment@200000/target-module@b000/i2c@0/tda19988@70
[    0.142601] No ATAGs?
[    0.142621] hw-breakpoint: debug architecture 0x4 unsupported.
[    0.145604] kprobes: kprobe jump-optimization is enabled. All kprobes are optimized if possible.
[    0.154006] iommu: Default domain type: Translated
[    0.154026] iommu: DMA domain TLB invalidation policy: strict mode
[    0.155451] SCSI subsystem initialized
[    0.156208] reg-fixed-voltage fixedregulator0: using DT '/fixedregulator0' for '(null)' GPIO lookup
[    0.156261] of_get_named_gpiod_flags: can't parse 'gpios' property of node '/fixedregulator0[0]'
[    0.156289] of_get_named_gpiod_flags: can't parse 'gpio' property of node '/fixedregulator0[0]'
[    0.156306] reg-fixed-voltage fixedregulator0: using lookup tables for GPIO lookup
[    0.156317] reg-fixed-voltage fixedregulator0: No GPIO consumer (null) found
[    0.161453] libata version 3.00 loaded.
[    0.161812] pps_core: LinuxPPS API ver. 1 registered
[    0.161823] pps_core: Software ver. 5.3.6 - Copyright 2005-2007 Rodolfo Giometti <giometti@linux.it>
[    0.161848] PTP clock support registered
[    0.170876] vgaarb: loaded
[    0.171197] clocksource: Switched to clocksource dmtimer
[    0.171798] VFS: Disk quotas dquot_6.6.0
[    0.171860] VFS: Dquot-cache hash table entries: 1024 (order 0, 4096 bytes)
[    0.194811] NET: Registered PF_INET protocol family
[    0.195144] IP idents hash table entries: 8192 (order: 4, 65536 bytes, linear)
[    0.196479] tcp_listen_portaddr_hash hash table entries: 512 (order: 0, 4096 bytes, linear)
[    0.196516] Table-perturb hash table entries: 65536 (order: 6, 262144 bytes, linear)
[    0.196533] TCP established hash table entries: 4096 (order: 2, 16384 bytes, linear)
[    0.196574] TCP bind hash table entries: 4096 (order: 4, 65536 bytes, linear)
[    0.196675] TCP: Hash tables configured (established 4096 bind 4096)
[    0.196807] UDP hash table entries: 256 (order: 1, 8192 bytes, linear)
[    0.196835] UDP-Lite hash table entries: 256 (order: 1, 8192 bytes, linear)
[    0.197008] NET: Registered PF_UNIX/PF_LOCAL protocol family
[    0.212101] RPC: Registered named UNIX socket transport module.
[    0.212126] RPC: Registered udp transport module.
[    0.212132] RPC: Registered tcp transport module.
[    0.212138] RPC: Registered tcp-with-tls transport module.
[    0.212143] RPC: Registered tcp NFSv4.1 backchannel transport module.
[    0.212169] PCI: CLS 0 bytes, default 64
[    0.213728] Initialise system trusted keyrings
[    0.214749] workingset: timestamp_bits=14 max_order=17 bucket_order=3
[    0.222090] NFS: Registering the id_resolver key type
[    0.222163] Key type id_resolver registered
[    0.222172] Key type id_legacy registered
[    0.222228] jffs2: version 2.2. (NAND) (SUMMARY)  Â© 2001-2006 Red Hat, Inc.
[    0.222637] Key type asymmetric registered
[    0.222653] Asymmetric key parser 'x509' registered
[    0.222719] io scheduler mq-deadline registered
[    0.222730] io scheduler kyber registered
[    0.222795] io scheduler bfq registered
[    0.231440] Serial: 8250/16550 driver, 6 ports, IRQ sharing enabled
[    0.300072] brd: module loaded
[    0.317811] loop: module loaded
[    0.318706] mtdoops: mtd device (mtddev=name/number) must be supplied
[    0.320153] mdio_bus fixed-0: using lookup tables for GPIO lookup
[    0.320176] mdio_bus fixed-0: No GPIO consumer reset found
[    0.321571] i2c_dev: i2c /dev entries driver
[    0.322532] cpuidle: enable-method property 'ti,am3352' found operations
[    0.322983] sdhci: Secure Digital Host Controller Interface driver
[    0.322993] sdhci: Copyright(c) Pierre Ossman
[    0.323166] sdhci-pltfm: SDHCI platform and OF driver helper
[    0.341800] ledtrig-cpu: registered to indicate activity on CPUs
[    0.342626] Initializing XFRM netlink socket
[    0.342782] NET: Registered PF_INET6 protocol family
[    0.344478] Segment Routing with IPv6
[    0.344553] In-situ OAM (IOAM) with IPv6
[    0.344653] sit: IPv6, IPv4 and MPLS over IPv4 tunneling driver
[    0.345594] NET: Registered PF_PACKET protocol family
[    0.345628] NET: Registered PF_KEY protocol family
[    0.345739] Key type dns_resolver registered
[    0.345962] ThumbEE CPU extension supported.
[    0.345983] Registering SWP/SWPB emulation handler
[    0.346491] omap_voltage_late_init: Voltage driver support not added
[    0.346828] SmartReflex Class3 initialized
[    0.372005] Loading compiled-in X.509 certificates
[    0.413881] /ocp/interconnect@44c00000/segment@200000/target-module@b000/i2c@0/tda19988@70: Fixed dependency cycle(s) with /ocp/interconnect@48000000/segment@300000/target-module@e000/lcdc@0
[    0.419950] /ocp/interconnect@44c00000/segment@200000/target-module@b000/i2c@0/tda19988@70: Fixed dependency cycle(s) with /ocp/interconnect@48000000/segment@300000/target-module@e000/lcdc@0
[    0.425462] gpiochip_find_base: found new base at 512
[    0.427857] /ocp/interconnect@44c00000/segment@200000/target-module@b000/i2c@0/tda19988@70: Fixed dependency cycle(s) with /ocp/interconnect@48000000/segment@300000/target-module@e000/lcdc@0
[    0.428642] /ocp/interconnect@44c00000/segment@200000/target-module@b000/i2c@0/tda19988@70: Fixed dependency cycle(s) with /ocp/interconnect@48000000/segment@300000/target-module@e000/lcdc@0
[    0.431936] /ocp/interconnect@44c00000/segment@200000/target-module@10000/scm@0/pinmux@800: Fixed dependency cycle(s) with /ocp/interconnect@44c00000/segment@200000/target-module@10000/scm@0/pinmux@800/clkout2-pins
[    0.432533] pinctrl-single 44e10800.pinmux: 142 pins, size 568
[    0.437468] ti-sysc: probe of 44e31000.target-module failed with error -16
[    0.474884] /ocp/interconnect@48000000/segment@300000/target-module@e000/lcdc@0: Fixed dependency cycle(s) with /ocp/interconnect@44c00000/segment@200000/target-module@b000/i2c@0/tda19988@70
[    0.482415] ti-sysc: probe of 48040000.target-module failed with error -16
[    0.493172] gpiochip_find_base: found new base at 512
[    0.493240] gpio gpiochip0: (gpio-0-31): created GPIO range 0->7 ==> 44e10800.pinmux PIN 0->7
[    0.493259] gpio gpiochip0: (gpio-0-31): created GPIO range 8->11 ==> 44e10800.pinmux PIN 90->93
[    0.493274] gpio gpiochip0: (gpio-0-31): created GPIO range 12->27 ==> 44e10800.pinmux PIN 12->27
[    0.493289] gpio gpiochip0: (gpio-0-31): created GPIO range 28->31 ==> 44e10800.pinmux PIN 30->33
[    0.518466] gpio gpiochip0: (gpio-0-31): added GPIO chardev (254:0)
[    0.518638] gpio gpiochip0: registered GPIOs 512 to 543 on gpio-0-31
[    0.518725] OMAP GPIO hardware version 0.1
[    0.544045] i2c i2c-2: using DT '/ocp/interconnect@48000000/segment@100000/target-module@9c000/i2c@0' for 'scl' GPIO lookup
[    0.544118] of_get_named_gpiod_flags: can't parse 'scl-gpios' property of node '/ocp/interconnect@48000000/segment@100000/target-module@9c000/i2c@0[0]'
[    0.544162] of_get_named_gpiod_flags: can't parse 'scl-gpio' property of node '/ocp/interconnect@48000000/segment@100000/target-module@9c000/i2c@0[0]'
[    0.544196] i2c i2c-2: using lookup tables for GPIO lookup
[    0.544207] i2c i2c-2: No GPIO consumer scl found
[    0.544228] i2c i2c-2: using DT '/ocp/interconnect@48000000/segment@100000/target-module@9c000/i2c@0' for 'sda' GPIO lookup
[    0.544263] of_get_named_gpiod_flags: can't parse 'sda-gpios' property of node '/ocp/interconnect@48000000/segment@100000/target-module@9c000/i2c@0[0]'
[    0.544300] of_get_named_gpiod_flags: can't parse 'sda-gpio' property of node '/ocp/interconnect@48000000/segment@100000/target-module@9c000/i2c@0[0]'
[    0.544330] i2c i2c-2: using lookup tables for GPIO lookup
[    0.544338] i2c i2c-2: No GPIO consumer sda found
[    0.545047] omap_i2c 4819c000.i2c: bus 2 rev0.11 at 100 kHz
[    0.550161] gpiochip_find_base: found new base at 544
[    0.550224] gpio gpiochip1: (gpio-32-63): created GPIO range 0->17 ==> 44e10800.pinmux PIN 34->51
[    0.550243] gpio gpiochip1: (gpio-32-63): created GPIO range 18->21 ==> 44e10800.pinmux PIN 77->80
[    0.550258] gpio gpiochip1: (gpio-32-63): created GPIO range 22->31 ==> 44e10800.pinmux PIN 56->65
[    0.564222] gpio gpiochip1: (gpio-32-63): added GPIO chardev (254:1)
[    0.564369] gpio gpiochip1: registered GPIOs 544 to 575 on gpio-32-63
[    0.566532] gpiochip_find_base: found new base at 576
[    0.566588] gpio gpiochip2: (gpio-64-95): created GPIO range 0->4 ==> 44e10800.pinmux PIN 66->70
[    0.566606] gpio gpiochip2: (gpio-64-95): created GPIO range 5->6 ==> 44e10800.pinmux PIN 98->99
[    0.566622] gpio gpiochip2: (gpio-64-95): created GPIO range 7->8 ==> 44e10800.pinmux PIN 75->76
[    0.566637] gpio gpiochip2: (gpio-64-95): created GPIO range 13->13 ==> 44e10800.pinmux PIN 141->141
[    0.566653] gpio gpiochip2: (gpio-64-95): created GPIO range 14->21 ==> 44e10800.pinmux PIN 100->107
[    0.567217] gpio gpiochip2: (gpio-64-95): added GPIO chardev (254:2)
[    0.567358] gpio gpiochip2: registered GPIOs 576 to 607 on gpio-64-95
[    0.573581] /ocp/interconnect@48000000/segment@300000/target-module@e000/lcdc@0: Fixed dependency cycle(s) with /ocp/interconnect@44c00000/segment@200000/target-module@b000/i2c@0/tda19988@70
[    0.576168] /ocp/interconnect@48000000/segment@300000/target-module@e000/lcdc@0: Fixed dependency cycle(s) with /ocp/interconnect@44c00000/segment@200000/target-module@b000/i2c@0/tda19988@70
[    0.576832] /ocp/interconnect@44c00000/segment@200000/target-module@b000/i2c@0/tda19988@70: Fixed dependency cycle(s) with /ocp/interconnect@48000000/segment@300000/target-module@e000/lcdc@0
[    0.576999] /ocp/interconnect@48000000/segment@300000/target-module@e000/lcdc@0: Fixed dependency cycle(s) with /ocp/interconnect@44c00000/segment@200000/target-module@b000/i2c@0/tda19988@70
[    0.586164] mdio_bus 4a101000.mdio: using DT '/ocp/interconnect@4a000000/segment@0/target-module@100000/switch@0/mdio@1000' for 'reset' GPIO lookup
[    0.586237] of_get_named_gpiod_flags: can't parse 'reset-gpios' property of node '/ocp/interconnect@4a000000/segment@0/target-module@100000/switch@0/mdio@1000[0]'
[    0.586284] of_get_named_gpiod_flags: can't parse 'reset-gpio' property of node '/ocp/interconnect@4a000000/segment@0/target-module@100000/switch@0/mdio@1000[0]'
[    0.586331] mdio_bus 4a101000.mdio: using lookup tables for GPIO lookup
[    0.586341] mdio_bus 4a101000.mdio: No GPIO consumer reset found
[    0.588145] sdhci-omap 481d8000.mmc: using DT '/ocp/interconnect@48000000/segment@100000/target-module@d8000/mmc@0' for 'wp' GPIO lookup
[    0.588216] of_get_named_gpiod_flags: can't parse 'wp-gpios' property of node '/ocp/interconnect@48000000/segment@100000/target-module@d8000/mmc@0[0]'
[    0.588260] of_get_named_gpiod_flags: can't parse 'wp-gpio' property of node '/ocp/interconnect@48000000/segment@100000/target-module@d8000/mmc@0[0]'
[    0.588295] sdhci-omap 481d8000.mmc: using lookup tables for GPIO lookup
[    0.588304] sdhci-omap 481d8000.mmc: No GPIO consumer wp found
[    0.588492] sdhci-omap 481d8000.mmc: supply pbias not found, using dummy regulator
[    0.588968] sdhci-omap 481d8000.mmc: supply vqmmc not found, using dummy regulator
[    0.675918] davinci_mdio 4a101000.mdio: davinci mdio revision 1.6, bus freq 1000000
[    0.690204] mdio_bus 4a101000.mdio:00: using DT '/ocp/interconnect@4a000000/segment@0/target-module@100000/switch@0/mdio@1000/ethernet-phy@0' for 'reset' GPIO lookup
[    0.690308] of_get_named_gpiod_flags: parsed 'reset-gpios' property of node '/ocp/interconnect@4a000000/segment@0/target-module@100000/switch@0/mdio@1000/ethernet-phy@0[0]' - status (0)
[    0.690472] gpio gpiochip0: Persistence not supported for GPIO 8
[    0.797503] davinci_mdio 4a101000.mdio: phy[0]: device 4a101000.mdio:00, driver SMSC LAN8710/LAN8720
[    0.798135] cpsw-switch 4a100000.switch: initialized cpsw ale version 1.4
[    0.798154] cpsw-switch 4a100000.switch: ALE Table size 1024
[    0.798294] cpsw-switch 4a100000.switch: cpts: overflow check period 500 (jiffies)
[    0.798310] cpsw-switch 4a100000.switch: CPTS: ref_clk_freq:250000000 calc_mult:2147483648 calc_shift:29 error:0 nsec/sec
[    0.798418] cpsw-switch 4a100000.switch: Detected MACID = 6c:ec:eb:68:de:78
[    0.800185] cpsw-switch 4a100000.switch: initialized (regs 0x4a100000, pool size 256) hw_ver:0019010C 1.12 (0)
[    0.810830] debugfs: Directory '49000000.dma' with parent 'dmaengine' already present!
[    0.810873] edma 49000000.dma: TI EDMA DMA engine driver
[    0.851916] hw perfevents: enabled with armv7_cortex_a8 PMU driver, 5 counters available
[    0.852808] gpio-clk clk_mcasp0: using DT '/clk_mcasp0' for 'enable' GPIO lookup
[    0.852874] of_get_named_gpiod_flags: parsed 'enable-gpios' property of node '/clk_mcasp0[0]' - status (0)
[    0.852916] gpio gpiochip0: Persistence not supported for GPIO 27
[    0.853717] gpiochip_find_base: found new base at 608
[    0.853778] gpio gpiochip3: (gpio-96-127): created GPIO range 0->7 ==> 44e10800.pinmux PIN 82->89
[    0.853796] gpio gpiochip3: (gpio-96-127): created GPIO range 8->11 ==> 44e10800.pinmux PIN 52->55
[    0.853812] gpio gpiochip3: (gpio-96-127): created GPIO range 12->15 ==> 44e10800.pinmux PIN 94->97
[    0.853827] gpio gpiochip3: (gpio-96-127): created GPIO range 16->17 ==> 44e10800.pinmux PIN 71->72
[    0.853842] gpio gpiochip3: (gpio-96-127): created GPIO range 18->18 ==> 44e10800.pinmux PIN 135->135
[    0.853859] gpio gpiochip3: (gpio-96-127): created GPIO range 19->20 ==> 44e10800.pinmux PIN 108->109
[    0.853875] gpio gpiochip3: (gpio-96-127): created GPIO range 21->21 ==> 44e10800.pinmux PIN 73->73
[    0.853892] gpio gpiochip3: (gpio-96-127): created GPIO range 22->23 ==> 44e10800.pinmux PIN 8->9
[    0.853909] gpio gpiochip3: (gpio-96-127): created GPIO range 26->27 ==> 44e10800.pinmux PIN 10->11
[    0.853926] gpio gpiochip3: (gpio-96-127): created GPIO range 28->28 ==> 44e10800.pinmux PIN 74->74
[    0.853944] gpio gpiochip3: (gpio-96-127): created GPIO range 29->29 ==> 44e10800.pinmux PIN 81->81
[    0.853963] gpio gpiochip3: (gpio-96-127): created GPIO range 30->31 ==> 44e10800.pinmux PIN 28->29
[    0.859470] l3-aon-clkctrl:0000:0: failed to disable
[    0.859884] gpio gpiochip3: (gpio-96-127): added GPIO chardev (254:3)
[    0.860021] gpio gpiochip3: registered GPIOs 608 to 639 on gpio-96-127
[    0.862091] omap8250 44e09000.serial: using DT '/ocp/interconnect@44c00000/segment@200000/target-module@9000/serial@0' for 'rs485-term' GPIO lookup
[    0.862167] of_get_named_gpiod_flags: can't parse 'rs485-term-gpios' property of node '/ocp/interconnect@44c00000/segment@200000/target-module@9000/serial@0[0]'
[    0.862213] of_get_named_gpiod_flags: can't parse 'rs485-term-gpio' property of node '/ocp/interconnect@44c00000/segment@200000/target-module@9000/serial@0[0]'
[    0.862248] omap8250 44e09000.serial: using lookup tables for GPIO lookup
[    0.862260] omap8250 44e09000.serial: No GPIO consumer rs485-term found
[    0.862269] omap8250 44e09000.serial: using DT '/ocp/interconnect@44c00000/segment@200000/target-module@9000/serial@0' for 'rs485-rx-during-tx' GPIO lookup
[    0.862306] of_get_named_gpiod_flags: can't parse 'rs485-rx-during-tx-gpios' property of node '/ocp/interconnect@44c00000/segment@200000/target-module@9000/serial@0[0]'
[    0.862345] of_get_named_gpiod_flags: can't parse 'rs485-rx-during-tx-gpio' property of node '/ocp/interconnect@44c00000/segment@200000/target-module@9000/serial@0[0]'
[    0.862376] omap8250 44e09000.serial: using lookup tables for GPIO lookup
[    0.862384] omap8250 44e09000.serial: No GPIO consumer rs485-rx-during-tx found
[    0.862742] 44e09000.serial: ttyS0 at MMIO 0x44e09000 (irq = 34, base_baud = 3000000) is a 8250
[    0.862824] printk: console [ttyS0] enabled
[    2.149576] i2c i2c-0: using DT '/ocp/interconnect@44c00000/segment@200000/target-module@b000/i2c@0' for 'scl' GPIO lookup
[    2.149658] of_get_named_gpiod_flags: can't parse 'scl-gpios' property of node '/ocp/interconnect@44c00000/segment@200000/target-module@b000/i2c@0[0]'
[    2.149703] of_get_named_gpiod_flags: can't parse 'scl-gpio' property of node '/ocp/interconnect@44c00000/segment@200000/target-module@b000/i2c@0[0]'
[    2.149740] i2c i2c-0: using lookup tables for GPIO lookup
[    2.149752] i2c i2c-0: No GPIO consumer scl found
[    2.149775] i2c i2c-0: using DT '/ocp/interconnect@44c00000/segment@200000/target-module@b000/i2c@0' for 'sda' GPIO lookup
[    2.149813] of_get_named_gpiod_flags: can't parse 'sda-gpios' property of node '/ocp/interconnect@44c00000/segment@200000/target-module@b000/i2c@0[0]'
[    2.149852] of_get_named_gpiod_flags: can't parse 'sda-gpio' property of node '/ocp/interconnect@44c00000/segment@200000/target-module@b000/i2c@0[0]'
[    2.149885] i2c i2c-0: using lookup tables for GPIO lookup
[    2.149894] i2c i2c-0: No GPIO consumer sda found
[    2.172054] tps65217-pmic: Failed to locate of_node [id: -1]
[    2.178116] tps65217-bl: Failed to locate of_node [id: -1]
[    2.189008] tps65217 0-0024: TPS65217 ID 0xe version 1.2
[    2.195142] /ocp/interconnect@48000000/segment@300000/target-module@e000/lcdc@0: Fixed dependency cycle(s) with /ocp/interconnect@44c00000/segment@200000/target-module@b000/i2c@0/tda19988@70
[    2.212487] /ocp/interconnect@44c00000/segment@200000/target-module@b000/i2c@0/tda19988@70: Fixed dependency cycle(s) with /ocp/interconnect@48000000/segment@300000/target-module@e000/lcdc@0
[    2.229836] omap_i2c 44e0b000.i2c: bus 0 rev0.11 at 400 kHz
[    2.237537] sdhci-omap 48060000.mmc: using DT '/ocp/interconnect@48000000/segment@0/target-module@60000/mmc@0' for 'cd' GPIO lookup
[    2.237640] of_get_named_gpiod_flags: parsed 'cd-gpios' property of node '/ocp/interconnect@48000000/segment@0/target-module@60000/mmc@0[0]' - status (0)
[    2.237758] gpio gpiochip3: Persistence not supported for GPIO 6
[    2.237783] omap_gpio 44e07000.gpio: Could not set line 6 debounce to 200000 microseconds (-22)
[    2.246655] sdhci-omap 48060000.mmc: Got CD GPIO
[    2.251327] sdhci-omap 48060000.mmc: using DT '/ocp/interconnect@48000000/segment@0/target-module@60000/mmc@0' for 'wp' GPIO lookup
[    2.251376] of_get_named_gpiod_flags: can't parse 'wp-gpios' property of node '/ocp/interconnect@48000000/segment@0/target-module@60000/mmc@0[0]'
[    2.251421] of_get_named_gpiod_flags: can't parse 'wp-gpio' property of node '/ocp/interconnect@48000000/segment@0/target-module@60000/mmc@0[0]'
[    2.251457] sdhci-omap 48060000.mmc: using lookup tables for GPIO lookup
[    2.251469] sdhci-omap 48060000.mmc: No GPIO consumer wp found
[    2.251659] sdhci-omap 48060000.mmc: supply pbias not found, using dummy regulator
[    2.260628] sdhci-omap 481d8000.mmc: using DT '/ocp/interconnect@48000000/segment@100000/target-module@d8000/mmc@0' for 'wp' GPIO lookup
[    2.260704] of_get_named_gpiod_flags: can't parse 'wp-gpios' property of node '/ocp/interconnect@48000000/segment@100000/target-module@d8000/mmc@0[0]'
[    2.260750] of_get_named_gpiod_flags: can't parse 'wp-gpio' property of node '/ocp/interconnect@48000000/segment@100000/target-module@d8000/mmc@0[0]'
[    2.260786] sdhci-omap 481d8000.mmc: using lookup tables for GPIO lookup
[    2.260798] sdhci-omap 481d8000.mmc: No GPIO consumer wp found
[    2.261815] sdhci-omap 48060000.mmc: supply vqmmc not found, using dummy regulator
[    2.270470] sdhci-omap 481d8000.mmc: supply pbias not found, using dummy regulator
[    2.279386] sdhci-omap 481d8000.mmc: supply vqmmc not found, using dummy regulator
[    2.318004] mmc1: SDHCI controller on 481d8000.mmc [481d8000.mmc] using External DMA
[    2.327143] mmc0: SDHCI controller on 48060000.mmc [48060000.mmc] using External DMA
[    2.335781] cpsw-switch 4a100000.switch: starting ndev. mode: dual_mac
[    2.380091] mmc0: new high speed SDHC card at address 5048
[    2.387040] mmcblk0: mmc0:5048 SD16G 14.4 GiB
[    2.394833]  mmcblk0: p1 p2
[    2.398069] mmcblk0: p2 size 31221760 extends beyond EOD, truncated
[    2.412671] mmc1: new high speed MMC card at address 0001
[    2.419328] mmcblk1: mmc1:0001 MMC04G 3.60 GiB
[    2.426413]  mmcblk1: p1 p2
[    2.430565] mmcblk1boot0: mmc1:0001 MMC04G 2.00 MiB
[    2.437858] mmcblk1boot1: mmc1:0001 MMC04G 2.00 MiB
[    2.444837] mmcblk1rpmb: mmc1:0001 MMC04G 128 KiB, chardev (250:0)
[    2.451593] SMSC LAN8710/LAN8720 4a101000.mdio:00: attached PHY driver (mii_bus:phy_addr=4a101000.mdio:00, irq=POLL)
[    5.601929] cpsw-switch 4a100000.switch eth0: Link is Up - 100Mbps/Full - flow control off
[    5.641214] IP-Config: Complete:
[    5.644479]      device=eth0, hwaddr=6c:ec:eb:68:de:78, ipaddr=192.168.255.1, mask=255.255.255.0, gw=255.255.255.255
[    5.655104]      host=bbb1, domain=, nis-domain=(none)
[    5.660270]      bootserver=192.168.255.126, rootserver=192.168.255.126, rootpath=
[    5.660677] clk: Disabling unused clocks
[    5.672551] KTAP version 1
[    5.675277] 1..0
[    5.698895] VFS: Mounted root (nfs filesystem) on device 0:16.
[    5.706004] devtmpfs: mounted
[    5.710379] Freeing unused kernel image (initmem) memory: 1024K
[    5.717180] Run /sbin/init as init process
[    5.721387]   with arguments:
[    5.721401]     /sbin/init
[    5.721409]     nfsrootdebug
[    5.721417]   with environment:
[    5.721424]     HOME=/
[    5.721431]     TERM=linux
[    6.384123] systemd[1]: System time before build time, advancing clock.
[    7.841219] random: crng init done
[    7.911715] systemd[1]: systemd 232 running in system mode. (+PAM +AUDIT +SELINUX +IMA +APPARMOR +SMACK +SYSVINIT +UTMP +LIBCRYPTSETUP +GCRYPT +GNUTLS +ACL +XZ +LZ4 +SECCOMP +BLKID +ELFUTILS +KMOD +IDN)
[    7.930655] systemd[1]: Detected architecture arm.
[    7.974181] systemd[1]: Set hostname to <arm>.
[    9.030866] systemd[1]: Listening on udev Control Socket.
[    9.073165] systemd[1]: Listening on /dev/initctl Compatibility Named Pipe.
[    9.113032] systemd[1]: Listening on Syslog Socket.
[    9.152783] systemd[1]: Created slice System Slice.
[    9.225413] systemd[1]: Mounting POSIX Message Queue File System...
[    9.262209] systemd[1]: dev-hugepages.mount: Couldn't determine result for ConditionVirtualization=!private-users, assuming failed: No such file or directory
[    9.278659] systemd[1]: Reached target Remote File Systems.
[   10.831852] systemd-journald[81]: Received request to flush runtime journal from PID 1
[   14.046451] leds-gpio leds: using DT '/leds/led2' for '(null)' GPIO lookup
[   14.046550] of_get_named_gpiod_flags: parsed 'gpios' property of node '/leds/led2[0]' - status (0)
[   14.046602] gpio gpiochip0: Persistence not supported for GPIO 21
[   14.046615] gpio-533 (?): no flags found for (null)
[   14.046906] leds-gpio leds: using DT '/leds/led3' for '(null)' GPIO lookup
[   14.046958] of_get_named_gpiod_flags: parsed 'gpios' property of node '/leds/led3[0]' - status (0)
[   14.046992] gpio gpiochip0: Persistence not supported for GPIO 22
[   14.047003] gpio-534 (?): no flags found for (null)
[   14.091622] leds-gpio leds: using DT '/leds/led4' for '(null)' GPIO lookup
[   14.091711] of_get_named_gpiod_flags: parsed 'gpios' property of node '/leds/led4[0]' - status (0)
[   14.091756] gpio gpiochip0: Persistence not supported for GPIO 23
[   14.091768] gpio-535 (?): no flags found for (null)
[   14.124656] leds-gpio leds: using DT '/leds/led5' for '(null)' GPIO lookup
[   14.124925] of_get_named_gpiod_flags: parsed 'gpios' property of node '/leds/led5[0]' - status (0)
[   14.124982] gpio gpiochip0: Persistence not supported for GPIO 24
[   14.124995] gpio-536 (?): no flags found for (null)
[   14.687785] remoteproc remoteproc0: wkup_m3 is available
[   14.865146] omap_wdt: OMAP Watchdog Timer Rev 0x01: initial timeout 60 sec
[   14.920745] omap_rtc 44e3e000.rtc: registered as rtc0
[   14.926118] omap_rtc 44e3e000.rtc: setting system clock to 2000-01-01T00:00:01 UTC (946684801)
[   14.934876] omap_rtc 44e3e000.rtc: using DT '/ocp/interconnect@44c00000/segment@200000/target-module@3e000/rtc@0' for 'wp' GPIO lookup
[   14.934946] of_get_named_gpiod_flags: can't parse 'wp-gpios' property of node '/ocp/interconnect@44c00000/segment@200000/target-module@3e000/rtc@0[0]'
[   14.934995] of_get_named_gpiod_flags: can't parse 'wp-gpio' property of node '/ocp/interconnect@44c00000/segment@200000/target-module@3e000/rtc@0[0]'
