Labgrid Console Logfile for main
Logfile started at 2025-09-22 01:47:25.275441
=== Log starts here ===
reading args
spl_load_image_fat_os: error reading image args, err - -1
reading u-boot.img
reading u-boot.img


U-Boot 2014.04-00014-g47880f5 (Apr 22 2014 - 13:23:54)

I2C:   ready
DRAM:  512 MiB
NAND:  0 MiB
MMC:   OMAP SD/MMC: 0, OMAP SD/MMC: 1
*** Warning - readenv() failed, using default environment

Net:   <ethaddr> not set. Validating first E-fuse MAC
cpsw, usb_ether
Hit any key to stop autoboot:  1  0 
gpio: pin 53 (gpio 53) value is 1
mmc0 is current device
gpio: pin 54 (gpio 54) value is 1
SD/MMC found on device 0
reading uEnv.txt
569 bytes read in 4 ms (138.7 KiB/s)
gpio: pin 55 (gpio 55) value is 1
Loaded environment from uEnv.txt
Importing environment from mmc ...
Checking if uenvcmd is set ...
gpio: pin 56 (gpio 56) value is 1
Running uenvcmd ...
cpsw Waiting for PHY auto negotiation to complete. done
link up on port 0, speed 100, full duplex
Using cpsw device
TFTP from server 192.168.255.126; our IP address is 192.168.255.1
Filename 'zImage'.
Load address: 0x81000000
Loading: *#################################################################
	 #################################################################
	 #################################################################
	 #################################################################
	 #################################################################
	 ############################################################
	 2.4 MiB/s
done
Bytes transferred = 5648632 (5630f8 hex)
link up on port 0, speed 100, full duplex
Using cpsw device
TFTP from server 192.168.255.126; our IP address is 192.168.255.1
Filename 'am335x-boneblack.dtb'.
Load address: 0x82000000
Loading: *#######
	 2.4 MiB/s
done
Bytes transferred = 98244 (17fc4 hex)
Kernel image @ 0x81000000 [ 0x000000 - 0x5630f8 ]
## Flattened Device Tree blob at 82000000
   Booting using the fdt blob at 0x82000000
   Using Device Tree in place at 82000000, end 8201afc3

Starting kernel ...

[    0.000000] Booting Linux on physical CPU 0x0
[    0.000000] Linux version 6.17.0-rc7 (user01@drvtest01) (arm-none-eabi-gcc (Arm GNU Toolchain 14.2.Rel1 (Build arm-14.52)) 14.2.1 20241119, GNU ld (Arm GNU Toolchain 14.2.Rel1 (Build arm-14.52)) 2.43.1.20241119) #1 SMP Mon Sep 22 01:45:48 EEST 2025
[    0.000000] CPU: ARMv7 Processor [413fc082] revision 2 (ARMv7), cr=10c5387d
[    0.000000] CPU: PIPT / VIPT nonaliasing data cache, VIPT aliasing instruction cache
[    0.000000] OF: fdt: Machine model: TI AM335x BeagleBone Black
[    0.000000] Memory policy: Data cache writeback
[    0.000000] cma: Reserved 16 MiB at 0x9e800000
[    0.000000] Zone ranges:
[    0.000000]   Normal   [mem 0x0000000080000000-0x000000009fdfffff]
[    0.000000]   HighMem  empty
[    0.000000] Movable zone start for each node
[    0.000000] Early memory node ranges
[    0.000000]   node   0: [mem 0x0000000080000000-0x000000009fdfffff]
[    0.000000] Initmem setup node 0 [mem 0x0000000080000000-0x000000009fdfffff]
[    0.000000] On node 0, zone Normal: 512 pages in unavailable ranges
[    0.000000] OF: reserved mem: Reserved memory: No reserved-memory node in the DT
[    0.000000] CPU: All CPU(s) started in SVC mode.
[    0.000000] AM335X ES2.1 (sgx neon)
[    0.000000] percpu: Embedded 17 pages/cpu s39820 r8192 d21620 u69632
[    0.000000] Kernel command line: console=ttyO0,115200n8 root=/dev/nfs rw nfsroot=192.168.255.126:/home/user01/nfs,nfsvers=3 ip=192.168.255.1:192.168.255.126::255.255.255.0:bbb1:eth0 nfsrootdebug
[    0.000000] Unknown kernel command line parameters "nfsrootdebug", will be passed to user space.
[    0.000000] printk: log buffer data + meta data: 65536 + 204800 = 270336 bytes
[    0.000000] Dentry cache hash table entries: 65536 (order: 6, 262144 bytes, linear)
[    0.000000] Inode-cache hash table entries: 32768 (order: 5, 131072 bytes, linear)
[    0.000000] Built 1 zonelists, mobility grouping on.  Total pages: 130560
[    0.000000] mem auto-init: stack:off, heap alloc:off, heap free:off
[    0.000000] SLUB: HWalign=16, Order=0-3, MinObjects=0, CPUs=1, Nodes=1
[    0.000000] rcu: Hierarchical RCU implementation.
[    0.000000] rcu: 	RCU event tracing is enabled.
[    0.000000] rcu: 	RCU restricting CPUs from NR_CPUS=2 to nr_cpu_ids=1.
[    0.000000] 	Tracing variant of Tasks RCU enabled.
[    0.000000] rcu: RCU calculated value of scheduler-enlistment delay is 10 jiffies.
[    0.000000] rcu: Adjusting geometry for rcu_fanout_leaf=16, nr_cpu_ids=1
[    0.000000] RCU Tasks Trace: Setting shift to 0 and lim to 1 rcu_task_cb_adjust=1 rcu_task_cpu_ids=1.
[    0.000000] NR_IRQS: 16, nr_irqs: 16, preallocated irqs: 16
[    0.000000] IRQ: Found an INTC at 0x(ptrval) (revision 5.0) with 128 interrupts
[    0.000000] rcu: srcu_init: Setting srcu_struct sizes based on contention.
[    0.000000] TI gptimer clocksource: always-on /ocp/interconnect@44c00000/segment@200000/target-module@31000
[    0.000003] sched_clock: 32 bits at 24MHz, resolution 41ns, wraps every 89478484971ns
[    0.000028] clocksource: dmtimer: mask: 0xffffffff max_cycles: 0xffffffff, max_idle_ns: 79635851949 ns
[    0.000530] TI gptimer clockevent: 24000000 Hz at /ocp/interconnect@48000000/segment@0/target-module@40000
[    0.002157] Console: colour dummy device 80x30
[    0.002222] WARNING: Your 'console=ttyO0' has been replaced by 'ttyS0'
[    0.002231] This ensures that you still see kernel messages. Please
[    0.002235] update your kernel commandline.
[    0.002278] Calibrating delay loop... 996.14 BogoMIPS (lpj=4980736)
[    0.090578] CPU: Testing write buffer coherency: ok
[    0.090687] CPU0: Spectre v2: using BPIALL workaround
[    0.090698] pid_max: default: 32768 minimum: 301
[    0.090853] LSM: initializing lsm=capability
[    0.091016] Mount-cache hash table entries: 1024 (order: 0, 4096 bytes, linear)
[    0.091035] Mountpoint-cache hash table entries: 1024 (order: 0, 4096 bytes, linear)
[    0.092585] CPU0: thread -1, cpu 0, socket -1, mpidr 0
[    0.092645] cacheinfo: Unable to detect cache hierarchy for CPU 0
[    0.094646] Setting up static identity map for 0x80100000 - 0x80100078
[    0.094981] rcu: Hierarchical SRCU implementation.
[    0.094992] rcu: 	Max phase no-delay instances is 1000.
[    0.096697] smp: Bringing up secondary CPUs ...
[    0.096754] smp: Brought up 1 node, 1 CPU
[    0.096768] SMP: Total of 1 processors activated (996.14 BogoMIPS).
[    0.096779] CPU: All CPU(s) started in SVC mode.
[    0.096979] Memory: 480856K/522240K available (11264K kernel code, 1218K rwdata, 2936K rodata, 1024K init, 253K bss, 23352K reserved, 16384K cma-reserved, 0K highmem)
[    0.097804] devtmpfs: initialized
[    0.115078] VFP support v0.3: implementor 41 architecture 3 part 30 variant c rev 3
[    0.115731] clocksource: jiffies: mask: 0xffffffff max_cycles: 0xffffffff, max_idle_ns: 19112604462750000 ns
[    0.115787] posixtimers hash table entries: 512 (order: 0, 4096 bytes, linear)
[    0.115814] futex hash table entries: 256 (16384 bytes on 1 NUMA nodes, total 16 KiB, linear).
[    0.116947] pinctrl core: initialized pinctrl subsystem
[    0.119093] NET: Registered PF_NETLINK/PF_ROUTE protocol family
[    0.122254] DMA: preallocated 256 KiB pool for atomic coherent allocations
[    0.122867] audit: initializing netlink subsys (disabled)
[    0.124195] thermal_sys: Registered thermal governor 'fair_share'
[    0.124210] thermal_sys: Registered thermal governor 'step_wise'
[    0.124220] thermal_sys: Registered thermal governor 'user_space'
[    0.124329] audit: type=2000 audit(0.120:1): state=initialized audit_enabled=0 res=1
[    0.124399] cpuidle: using governor menu
[    0.142399] /ocp/interconnect@44c00000/segment@200000/target-module@b000/i2c@0/tda19988@70: Fixed dependency cycle(s) with /ocp/interconnect@48000000/segment@300000/target-module@e000/lcdc@0
[    0.143524] /ocp/interconnect@48000000/segment@300000/target-module@e000/lcdc@0: Fixed dependency cycle(s) with /ocp/interconnect@44c00000/segment@200000/target-module@b000/i2c@0/tda19988@70
[    0.145751] No ATAGs?
[    0.145794] hw-breakpoint: debug architecture 0x4 unsupported.
[    0.148911] kprobes: kprobe jump-optimization is enabled. All kprobes are optimized if possible.
[    0.153937] iommu: Default domain type: Translated
[    0.153962] iommu: DMA domain TLB invalidation policy: strict mode
[    0.161387] SCSI subsystem initialized
[    0.162257] pps_core: LinuxPPS API ver. 1 registered
[    0.162267] pps_core: Software ver. 5.3.6 - Copyright 2005-2007 Rodolfo Giometti <giometti@linux.it>
[    0.162291] PTP clock support registered
[    0.171224] vgaarb: loaded
[    0.171602] clocksource: Switched to clocksource dmtimer
[    0.172264] VFS: Disk quotas dquot_6.6.0
[    0.172319] VFS: Dquot-cache hash table entries: 1024 (order 0, 4096 bytes)
[    0.196974] NET: Registered PF_INET protocol family
[    0.197318] IP idents hash table entries: 8192 (order: 4, 65536 bytes, linear)
[    0.198739] tcp_listen_portaddr_hash hash table entries: 512 (order: 0, 4096 bytes, linear)
[    0.198776] Table-perturb hash table entries: 65536 (order: 6, 262144 bytes, linear)
[    0.198795] TCP established hash table entries: 4096 (order: 2, 16384 bytes, linear)
[    0.198840] TCP bind hash table entries: 4096 (order: 4, 65536 bytes, linear)
[    0.198939] TCP: Hash tables configured (established 4096 bind 4096)
[    0.199061] UDP hash table entries: 256 (order: 1, 14336 bytes, linear)
[    0.199097] UDP-Lite hash table entries: 256 (order: 1, 14336 bytes, linear)
[    0.199281] NET: Registered PF_UNIX/PF_LOCAL protocol family
[    0.200538] RPC: Registered named UNIX socket transport module.
[    0.200558] RPC: Registered udp transport module.
[    0.200563] RPC: Registered tcp transport module.
[    0.200568] RPC: Registered tcp-with-tls transport module.
[    0.200573] RPC: Registered tcp NFSv4.1 backchannel transport module.
[    0.200599] PCI: CLS 0 bytes, default 64
[    0.202139] Initialise system trusted keyrings
[    0.212237] workingset: timestamp_bits=14 max_order=17 bucket_order=3
[    0.213632] NFS: Registering the id_resolver key type
[    0.213695] Key type id_resolver registered
[    0.213703] Key type id_legacy registered
[    0.213809] jffs2: version 2.2. (NAND) (SUMMARY)  Â© 2001-2006 Red Hat, Inc.
[    0.214269] Key type asymmetric registered
[    0.214284] Asymmetric key parser 'x509' registered
[    0.214358] io scheduler mq-deadline registered
[    0.214369] io scheduler kyber registered
[    0.214451] io scheduler bfq registered
[    0.216331] target-module@4b000000:target-module@140000:pmu@0:fck: device ID is greater than 24
[    0.222525] l3-aon-clkctrl:0000:0: failed to disable
[    0.232065] ledtrig-cpu: registered to indicate activity on CPUs
[    0.235814] Serial: 8250/16550 driver, 6 ports, IRQ sharing enabled
[    0.282349] brd: module loaded
[    0.290769] loop: module loaded
[    0.291858] mtdoops: mtd device (mtddev=name/number) must be supplied
[    0.295019] i2c_dev: i2c /dev entries driver
[    0.296020] cpuidle: enable-method property 'ti,am3352' found operations
[    0.296468] sdhci: Secure Digital Host Controller Interface driver
[    0.296477] sdhci: Copyright(c) Pierre Ossman
[    0.296653] sdhci-pltfm: SDHCI platform and OF driver helper
[    0.317191] hw perfevents: enabled with armv7_cortex_a8 PMU driver, 5 (8000000f) counters available
[    0.317729] Initializing XFRM netlink socket
[    0.317919] NET: Registered PF_INET6 protocol family
[    0.323582] l3-aon-clkctrl:0000:0: failed to disable
[    0.325216] Segment Routing with IPv6
[    0.325300] In-situ OAM (IOAM) with IPv6
[    0.325396] sit: IPv6, IPv4 and MPLS over IPv4 tunneling driver
[    0.326390] NET: Registered PF_PACKET protocol family
[    0.326419] NET: Registered PF_KEY protocol family
[    0.326570] Key type dns_resolver registered
[    0.326793] ThumbEE CPU extension supported.
[    0.326812] Registering SWP/SWPB emulation handler
[    0.327348] omap_voltage_late_init: Voltage driver support not added
[    0.328006] SmartReflex Class3 initialized
[    0.358863] Loading compiled-in X.509 certificates
[    0.403942] /ocp/interconnect@44c00000/segment@200000/target-module@b000/i2c@0/ tda19988@70: Fixed dependency cycle(s) with /ocp/interconnect@48000000/segment@300000/target-module@e000/lcdc@0
[    0.410370] /ocp/interconnect@44c00000/segment@200000/target-module@b000/i2c@0/tda19988@70: Fixed dependency cycle(s) with /ocp/interconnect@48000000/segment@300000/target-module@e000/lcdc@0
[    0.437928] /ocp/interconnect@44c00000/segment@200000/target-module@b000/i2c@0/tda19988@70: Fixed dependency cycle(s) with /ocp/interconnect@48000000/segment@300000/target-module@e000/lcdc@0
[    0. 438803] /ocp/interconnect@44c00000/segment@200000/target-module@b000/i2c@0/tda19988@70: Fixed dependency cycle(s) with /ocp/interconnect@48000000/segment@300000/target-module@e000/lcdc@0
[    0.442492] /ocp/interconnect@44c00000/segment@200000/target-module@10000/scm@0/pinmux@800: Fixed dependency cycle(s) with /ocp/interconnect@44c00000/segment@200000/target-module@10000/scm@0/pinmux@800/clkout2-pins
[    0.443111] pinctrl-single 44e10800.pinmux: 142 pins, size 568
[    0.448415] ti-sysc 44e31000.target-module: probe with driver ti-sysc failed with error -16
[    0.478054] /ocp/interconnect@48000000/segment@300000/target-module@e000/lcdc@0: Fixed dependency cycle(s) with /ocp/interconnect@44c00000/segment@200000/target-module@b000/i2c@0/tda19988@70
[    0.486484] ti-sysc 48040000.target-module: probe with driver ti-sysc failed with error -16
[    0.523334] OMAP GPIO hardware version 0.1
[    0.571345] omap_i2c 4819c000.i2c: bus 2 rev0.11 at 100 kHz
[    0.587317] 48000000.interconnect:segment@200000:target-module@0:mpu@0:fck: device ID is greater than 24
[    0.588211] /ocp/interconnect@48000000/segment@300000/target-module@e000/lcdc@0: Fixed dependency cycle(s) with /ocp/interconnect@44c00000/segment@200000/target-module@b000/i2c@0/tda19988@70
[    0.591070] /ocp/interconnect@48000000/segment@300000/target-module@e000/lcdc@0: Fixed dependency cycle(s) with /ocp/interconnect@44c00000/segment@200000/target-module@b000/i2c@0/tda19988@70
[    0.591949] /ocp/interconnect@44c00000/segment@200000/target-mod
[    2.442565] tps65217-pmic: Failed to locate of_node [id: -1]
[    2.448625] tps65217-bl: Failed to locate of_node [id: -1]
[    2.454717] platform tps65217-charger: DMA mask not set
[    2.460744] platform tps65217-pwrbutton: DMA mask not set
[    2.468030] tps65217 0-0024: TPS65217 ID 0xe version 1.2
[    2.474163] /ocp/interconnect@48000000/segment@300000/target-module@e000/lcdc@0: Fixed dependency cycle(s) with /ocp/interconnect@44c00000/segment@200000/target-module@b000/i2c@0/tda19988@70
[    2.491554] /ocp/interconnect@44c00000/segment@200000/target-module@b000/i2c@0/tda19988@70: Fixed dependency cycle(s) with /ocp/interconnect@48000000/segment@300000/target-module@e000/lcdc@0
[    2.508938] omap_i2c 44e0b000.i2c: bus 0 rev0.11 at 400 kHz
[    2.516826] omap_gpio 44e07000.gpio: Could not set line 6 debounce to 200000 microseconds (-22)
[    2.525750] sdhci-omap 48060000.mmc: Got CD GPIO
[    2.530764] sdhci-omap 48060000.mmc: supply pbias not found, using dummy regulator
[    2.540780] sdhci-omap 48060000.mmc: supply vqmmc not found, using dummy regulator
[    2.549885] sdhci-omap 481d8000.mmc: supply pbias not found, using dummy regulator
[    2.560024] sdhci-omap 481d8000.mmc: supply vqmmc not found, using dummy regulator
[    2.595332] mmc0: SDHCI controller on 48060000.mmc [48060000.mmc] using External DMA
[    2.603648] mmc1: SDHCI controller on 481d8000.mmc [481d8000.mmc] using External DMA
[    2.612405] cpsw-switch 4a100000.switch: starting ndev. mode: dual_mac
[    2.681897] mmc1: new high speed MMC card at address 0001
[    2.688713] mmcblk1: mmc1:0001 MMC04G 3.60 GiB
[    2.696655]  mmcblk1: p1 p2
[    2.700408] SMSC LAN8710/LAN8720 4a101000.mdio:00: attached PHY driver (mii_bus:phy_addr=4a101000.mdio:00, irq=POLL)
[    2.712993] mmcblk1boot0: mmc1:0001 MMC04G 2.00 MiB
[    2.726906] mmcblk1boot1: mmc1:0001 MMC04G 2.00 MiB
[    2.735913] mmcblk1rpmb: mmc1:0001 MMC04G 128 KiB, chardev (249:0)
[    2.784683] mmc0: new high speed SDHC card at address aaaa
[    2.791516] mmcblk0: mmc0:aaaa SE32G 29.7 GiB
[    2.800787]  mmcblk0: p1 p2
[    5.842367] cpsw-switch 4a100000.switch eth0: Link is Up - 100Mbps/Full - flow control off
[    5.881855] IP-Config: Complete:
[    5.885135]      device=eth0, hwaddr=6c:ec:eb:68:de:78, ipaddr=192.168.255.1, mask=255.255.255.0, gw=255.255.255.255
[    5.895817]      host=bbb1, domain=, nis-domain=(none)
[    5.900988]      bootserver=192.168.255.126, rootserver=192.168.255.126, rootpath=
[    5.901405] clk: Disabling unused clocks
[    5.913243] PM: genpd: Disabling unused power domains
[    5.918394] KTAP version 1
[    5.921116] 1..0
[    5.923603] check access for rdinit=/init failed: -2, ignoring
[    5.959737] VFS: Mounted root (nfs filesystem) on device 0:17.
[    5.966955] devtmpfs: mounted
[    5.971452] Freeing unused kernel image (initmem) memory: 1024K
[    5.978230] Run /sbin/init as init process
[    6.655358] systemd[1]: System time before build time, advancing clock.
[    8.191621] random: crng init done
[    8.213971] systemd[1]: systemd 232 running in system mode. (+PAM +AUDIT +SELINUX +IMA +APPARMOR +SMACK +SYSVINIT +UTMP +LIBCRYPTSETUP +GCRYPT +GNUTLS +ACL +XZ +LZ4 +SECCOMP +BLKID +ELFUTILS +KMOD +IDN)
[    8.233068] systemd[1]: Detected architecture arm.

Welcome to [1mDebian GNU/Linux 9 (stretch)[0m!

[    8.264750] systemd[1]: Set hostname to <arm>.
[    9.365784] systemd[1]: Reached target Remote File Systems.
[[0;32m  OK  [0m] Reached target Remote File Systems.
[    9.395556] systemd[1]: syslog.socket: SO_PASSSEC failed: Operation not supported
[    9.403548] systemd[1]: Listening on Syslog Socket.
[[0;32m  OK  [0m] Listening on Syslog Socket.
[    9.432707] systemd[1]: Listening on Journal Audit Socket.
[[0;32m  OK  [0m] Listening on Journal Audit Socket.
[    9.462037] systemd[1]: Reached target Swap.
[[0;32m  OK  [0m] Reached target Swap.
[    9.482182] systemd[1]: Listening on udev Kernel Socket.
[[0;32m  OK  [0m] Listening on udev Kernel Socket.
[    9.513232] systemd[1]: Set up automount Arbitrary Executable File Formats File System Automount Point.
[[0;32m  OK  [0m] Set up automount Arbitrary Executabâ€¦rmats File System Automount Point.
[[0;32m  OK  [0m] Started Forward Password Requests to Wall Directory Watch.
[[0;32m  OK  [0m] Created slice System Slice.
         Mounting Debug File System...
[[0;32m  OK  [0m] Created slice system-getty.slice.
[[0;32m  OK  [0m] Created slice User and Session Slice.
[[0;32m  OK  [0m] Reached target Slices.
[[0;32m  OK  [0m] Listening on Journal Socket.
         Starting Remount Root and Kernel File Systems...
         Starting Create list of required stâ€¦ce nodes for the current kernel...
         Starting Load Kernel Modules...
[[0;32m  OK  [0m] Listening on Journal Socket (/dev/log).
         Starting Journal Service...
[[0;32m  OK  [0m] Listening on udev Control Socket.
[[0;32m  OK  [0m] Created slice system-serial\x2dgetty.slice.
[[0;32m  OK  [0m] Listening on /dev/initctl Compatibility Named Pipe.
[[0;32m  OK  [0m] Started Dispatch Password Requests to Console Directory Watch.
[[0;32m  OK  [0m] Reached target Paths.
[[0;32m  OK  [0m] Reached target Encrypted Volumes.
         Mounting POSIX Message Queue File System...
[[0;32m  OK  [0m] Mounted Debug File System.
[[0;32m  OK  [0m] Started Remount Root and Kernel File Systems.
[[0;32m  OK  [0m] Started Create list of required staâ€¦vice nodes for the current kernel.
[[0;32m  OK  [0m] Started Load Kernel Modules.
[[0;32m  OK  [0m] Mounted POSIX Message Queue File System.
         Starting Apply Kernel Variables...
         Mounting Configuration File System...
         Starting Create Static Device Nodes in /dev...
         Starting Load/Save Random Seed...
         Starting udev Coldplug all Devices...
[[0;32m  OK  [0m] Mounted Configuration File System.
[[0;32m  OK  [0m] Started Apply Kernel Variables.
[[0;32m  OK  [0m] Started Load/Save Random Seed.
[[0;32m  OK  [0m] Started Create Static Device Nodes in /dev.
         Starting udev Kernel Device Manager...
[[0;32m  OK  [0m] Reached target Local File Systems (Pre).
[[0;32m  OK  [0m] Reached target Local File Systems.
         Starting Raise network interfaces...
[[0;32m  OK  [0m] Started Journal Service.
         Starting Flush Journal to Persistent Storage...
[   11.711119] systemd-journald[87]: Received request to flush runtime journal from PID 1
[[0;32m  OK  [0m] Started Flush Journal to Persistent Storage.
         Starting Create Volatile Files and Directories...
[[0;32m  OK  [0m] Started udev Kernel Device Manager.
[   12.642058] omap_prm 44e00d00.prm: sync_state() pending due to 44d00000.cpu
[[0;32m  OK  [0m] Started Create Volatile Files and Directories.
         Starting Update UTMP about System Boot/Shutdown...
         Starting Network Time Synchronization...
[[0;32m  OK  [0m] Started Update UTMP about System Boot/Shutdown.
[[0;32m  OK  [0m] Started udev Coldplug all Devices.
[[0;32m  OK  [0m] Started Network Time Synchronization.
[[0;32m  OK  [0m] Reached target System Initialization.
[   14.823627] remoteproc remoteproc0: wkup_m3 is available
[[0;32m  OK  [0m] Listening on D-Bus System Message Bus Socket.
[[0;32m  OK  [0m] Started Daily Cleanup of Temporary Directories.
[[0;32m  OK  [0m] Listening on Avahi mDNS/DNS-SD Stack Activation Socket.
[[0;32m  OK  [0m] Reached target Sockets.
[[0;32m  OK  [0m] Reached target Basic System.
         Starting System Logging Service...
         Starting LSB: Start busybox udhcpd at boot time...
[   15.174379] at24 2-0054: supply vcc not found, using dummy regulator
[   15.287808] at24 2-0055: supply vcc not found, using dummy regulator
         Starting Generic Board Startup...
[   15.416267] at24 2-0056: supply vcc not found, using dummy regulator
         Starting Cape Manager Service...
[   15.561124] at24 2-0057: supply vcc not found, using dummy regulator
         Starting Telephony service...
[   15.702607] at24 0-0050: 32768 byte 24c256 EEPROM, writable, 1 bytes/write
         Starting Login Service...
         Starting DUN service...
[   15.944590] input: tps65217_pwrbutton as /devices/platform/ocp/44c00000.interconnect/44c00000.interconnect:segment@200000/44e0b000.target-module/44e0b000.i2c/i2c-0/0-0024/tps65217-pwrbutton/input/input0
         Starting LSB: Load kernel modules needed to enable cpufreq scaling...
[   16.051843] omap_rtc 44e3e000.rtc: registered as rtc0
[   16.057016] omap_rtc 44e3e000.rtc: setting system clock to 2000-01-01T00:00:00 UTC (946684800)
[[0;32m  OK  [0m] Started D-Bus System Message Bus.
[   16.486880] omap_wdt: OMAP Watchdog Timer Rev 0x01: initial timeout 60 sec
[   16.737496] am335x-phy-driver 47401300.usb-phy: dummy supplies not allowed for exclusive requests (id=vbus)
[   17.011934] am335x-phy-driver 47401b00.usb-phy: dummy supplies not allowed for exclusive requests (id=vbus)
[   17.333785] usbcore: registered new interface driver usbfs
[   17.339427] usbcore: registered new interface driver hub
[   17.345104] usbcore: registered new device driver usb
[   17.659723] tda998x 0-0070: found TDA19988
[   18.187754] musb-hdrc musb-hdrc.1: MUSB HDRC host driver
[   18.193406] musb-hdrc musb-hdrc.1: new USB bus registered, assigned bus number 1
[   18.328320] usb usb1: New USB device found, idVendor=1d6b, idProduct=0002, bcdDevice= 6.17
[   18.336848] usb usb1: New USB device strings: Mfr=3, Product=2, SerialNumber=1
[   18.344187] usb usb1: Product: MUSB HDRC host driver
[   18.349184] usb usb1: Manufacturer: Linux 6.17.0-rc7 musb-hcd
[   18.355035] usb usb1: SerialNumber: musb-hdrc.1
[   18.440136] omap-mailbox 480c8000.mailbox: omap mailbox rev 0x400
[   18.514777] remoteproc remoteproc0: powering up wkup_m3
[   18.603586] remoteproc remoteproc0: Direct firmware load for am335x-pm-firmware.elf failed with error -2
[   18.613404] remoteproc remoteproc0: request_firmware failed: -2
[   18.619367] wkup_m3_ipc 44e11324.wkup_m3_ipc: rproc_boot failed
[   18.785974] hub 1-0:1.0: USB hub found
[   18.837548] hub 1-0:1.0: 1 port detected
[   21.068597] omap_rng 48310000.rng: Random Number Generator ver. 20
[[0;32m  OK  [0m] Started Telephony service.
[[0;32m  OK  [0m] Started DUN service.[   21.374418] tilcdc 4830e000.lcdc: bound 0-0070 (ops 0xbf1270f8)

         Starting Connection service...
[   21.460189] [drm] Initialized tilcdc 1.0.0 for 4830e000.lcdc on minor 0
[   21.538200] tilcdc 4830e000.lcdc: [drm] Cannot find any crtc or sizes
[   21.546283] tilcdc 4830e000.lcdc: [drm] Cannot find any crtc or sizes
[[0;32m  OK  [0m] Started Regular background program processing daemon.
         Starting Avahi mDNS/DNS-SD Stack...
[[0;32m  OK  [0m] Reached target System Time Synchronized.
[[0;32m  OK  [0m] Started Daily apt download activities.
[[0;32m  OK  [0m] Started Daily apt upgrade and clean activities.
[[0;32m  OK  [0m] Reached target Timers.
[[0;32m  OK  [0m] Started System Logging Service.
[[0;32m  OK  [0m] Started Cape Manager Service.
[   22.601386] PM: Cannot get wkup_m3_ipc handle
[   22.928312] omap-sham 53100000.sham: hw accel on OMAP rev 4.3
[   23.012256] omap-sham 53100000.sham: will run requests pump with realtime priority
[   23.030703] PM: Cannot get wkup_m3_ipc handle
[   23.151965] omap-aes 53500000.aes: OMAP AES hw accel rev: 3.2
[[0;32m  OK  [0m] Found device /dev/ttyS0.
[   23.276713] omap-aes 53500000.aes: will run requests pump with realtime priority
[   23.290155] PM: Cannot get wkup_m3_ipc handle
[   23.740041] Bluetooth: Core ver 2.22
[   23.744057] NET: Registered PF_BLUETOOTH protocol family
[   23.749412] Bluetooth: HCI device and connection manager initialized
[   23.755925] Bluetooth: HCI socket layer initialized
[   23.760841] Bluetooth: L2CAP socket layer initialized
[   23.766009] Bluetooth: SCO socket layer initialized
[   24.734897] ------------[ cut here ]------------
[   24.739592] WARNING: CPU: 0 PID: 322 at net/8021q/vlan_core.c:236 vlan_for_each+0x114/0x134
[   24.748206] RTNL: assertion failed at net/8021q/vlan_core.c (236)
[   24.754392] Modules linked in: bluetooth snd_soc_simple_card snd_soc_simple_card_utils omap_aes_driver omap_sham omap_crypto pm33xx crypto_engine ti_emif_sram ecdh_generic ecc libaes tilcdc drm_dma_helper omap_rng drm_client_lib rng_core snd_soc_davinci_mcasp snd_soc_ti_udma snd_soc_ti_edma snd_soc_ti_sdma snd_soc_core snd_pcm_dmaengine snd_pcm snd_timer omap_mailbox snd musb_dsps soundcore musb_hdrc udc_core tda998x cec usbcore drm_kms_helper phy_am335x phy_generic omap_wdt cppi41 usb_common drm watchdog rtc_omap wkup_m3_ipc tps65218_pwrbutton drm_panel_orientation_quirks at24 phy_am335x_control wkup_m3_rproc leds_gpio led_class cpufreq_dt autofs4
[   24.812448] CPU: 0 UID: 107 PID: 322 Comm: avahi-daemon Not tainted 6.17.0-rc7 #1 NONE 
[   24.812467] Hardware name: Generic AM33XX (Flattened Device Tree)
[   24.812475] Call trace: 
[   24.812490]  unwind_backtrace from show_stack+0x10/0x14
[   24.812528]  show_stack from dump_stack_lvl+0x50/0x64
[   24.812554]  dump_stack_lvl from __warn+0x74/0x12c
[   24.812573]  __warn from warn_slowpath_fmt+0x19c/0x1b0
[   24.812585]  warn_slowpath_fmt from vlan_for_each+0x114/0x134
[   24.812608]  vlan_for_each from cpsw_add_mc_addr+0x40/0xa4
[   24.812637]  cpsw_add_mc_addr from __hw_addr_ref_sync_dev+0x108/0x140
[   24.812670]  __hw_addr_ref_sync_dev from __dev_mc_add+0x7c/0x80
[   24.812695]  __dev_mc_add from igmp6_group_added+0xc8/0xe0
[   24.812727]  igmp6_group_added from __ipv6_dev_mc_inc+0x218/0x364
[   24.812746]  __ipv6_dev_mc_inc from __ipv6_sock_mc_join+0x11c/0x214
[   24.812765]  __ipv6_sock_mc_join from do_ipv6_setsockopt+0x1214/0x1310
[   24.812800]  do_ipv6_setsockopt from ipv6_setsockopt+0x60/0xcc
[   24.812823]  ipv6_setsockopt from udpv6_setsockopt+0x2c/0x6c
[   24.812844]  udpv6_setsockopt from sock_common_setsockopt+0x30/0x40
[   24.812861]  sock_common_setsockopt from do_sock_setsockopt+0x50/0x9c
[   24.812884]  do_sock_setsockopt from __sys_setsockopt+0x70/0xbc
[   24.812907]  __sys_setsockopt from ret_fast_syscall+0x0/0x58
[   24.812925] Exception stack(0xe0185fa8 to 0xe0185ff0)
[   24.812939] 5fa0:                   00000014 b6f42ce8 0000000d 00000029 00000014 bead99ec
[   24.812950] 5fc0: 00000014 b6f42ce8 00000014 00000126 0000000d b6eebff4 004be988 004a6558
[   24.812959] 5fe0: b6f01088 bead99d8 b6ede309 b6db541a
[   24.812967] ---[ end trace 0000000000000000 ]---
[   26.388386] gpio-537 (nxp,calib): gpiod_direction_output_nonotify: tried to set a GPIO tied to an IRQ as output
[   26.448799] PM: Cannot get wkup_m3_ipc handle
[   26.543801] PM: Cannot get wkup_m3_ipc handle
[   26.655526] tda9950 0-0034: TDA9950 CEC interface, hardware version 3.3
[   26.754451] PM: Cannot get wkup_m3_ipc handle
[[0;32m  OK  [0m] Started LSB: Start busybox udhcpd at boot time.
[   28.852688] configfs-gadget.g_multi gadget.0: HOST MAC 1c:ba:8c:a2:ed:6c
[   28.859469] configfs-gadget.g_multi gadget.0: MAC 1c:ba:8c:a2:ed:70
[   28.866840] configfs-gadget.g_multi gadget.0: HOST MAC 1c:ba:8c:a2:ed:6c
[   28.873698] configfs-gadget.g_multi gadget.0: MAC 1c:ba:8c:a2:ed:6d
[   28.882461] PM: Cannot get wkup_m3_ipc handle
[[0;32m  OK  [0m] Started Raise network interfaces.
[[0;32m  OK  [0m] Started LSB: Load kernel modules needed to enable cpufreq scaling.
[[0;32m  OK  [0m] Started Avahi mDNS/DNS-SD Stack.
[[0;32m  OK  [0m] Started Connection service.
[[0;32m  OK  [0m] Started Login Service.
         Starting Hostname Service...
         Starting WPA supplicant...
[[0;32m  OK  [0m] Reached target Sound Card.
         Starting LSB: set CPUFreq kernel parameters...
[[0;32m  OK  [0m] Started WPA supplicant.
[[0;32m  OK  [0m] Started Hostname Service.
[[0;32m  OK  [0m] Reached target Network.
         Starting The Apache HTTP Server...
[[0;32m  OK  [0m] Reached target Network is Online.
         Starting LSB: Advanced IEEE 802.11 management daemon...
         Starting OpenBSD Secure Shell server...
         Starting Permit User Sessions...
[[0;32m  OK  [0m] Started LSB: Advanced IEEE 802.11 management daemon.
[[0;32m  OK  [0m] Started LSB: set CPUFreq kernel parameters.
[[0;32m  OK  [0m] Started Permit User Sessions.
[[0;32m  OK  [0m] Started Serial Getty on ttyS0.
[[0;32m  OK  [0m] Started Getty on tty1.
[[0;32m  OK  [0m] Reached target Login Prompts.
         Stopping LSB: Start busybox udhcpd at boot time...
[[0;32m  OK  [0m] Stopped LSB: Start busybox udhcpd at boot time.
[[0;32m  OK  [0m] Started OpenBSD Secure Shell server.
         Starting dnsmasq - A lightweight DHCP and caching DNS server...
[[0;32m  OK  [0m] Started The Apache HTTP Server.
[[0;32m  OK  [0m] Started dnsmasq - A lightweight DHCP and caching DNS server.
[[0;32m  OK  [0m] Reached target Host and Network Name Lookups.
[[0;32m  OK  [0m] Started Serial Getty on ttyGS0.
[[0;32m  OK  [0m] Started Generic Board Startup.
[[0;32m  OK  [0m] Reached target Multi-User System.
[[0;32m  OK  [0m] Reached target Graphical Interface.
         Starting Update UTMP about System Runlevel Changes...
[[0;32m  OK  [0m] Started Update UTMP about System Runlevel Changes.

Debian GNU/Linux 9 arm ttyS0

default username:password is [debian:temppwd]

arm login: root
Password: 
Last login: Sat Jan  1 00:00:34 UTC 2000 on ttyS0
root
Linux arm 6.17.0-rc7 #1 SMP Mon Sep 22 01:45:48 EEST 2025 armv7l

The programs included with the Debian GNU/Linux system are free software;
the exact distribution terms for each program are described in the
individual files in /usr/share/doc/*/copyright.

Debian GNU/Linux comes with ABSOLUTELY NO WARRANTY, to the extent
permitted by applicable law.
root@arm:~# root
-bash: root: command not found
root@arm:~# dmesg -n 1
root@arm:~# echo 'BBQN''LBTYAN'
BBQNLBTYAN
root@arm:~# run() { echo -n "$MARKER"; sh -c "$@"; echo "$MARKER $?"; }
root@arm:~# echo 'YUKM''KFMMTW'
YUKMKFMMTW
root@arm:~# MARKER='JVTN''UBLSVS' run 'cat /proc/version'
JVTNUBLSVSLinux version 6.17.0-rc7 (user01@drvtest01) (arm-none-eabi-gcc (Arm GNU Toolchain 14.2.Rel1 (Build arm-14.52)) 14.2.1 20241119, GNU ld (Arm GNU Toolchain 14.2.Rel1 (Build arm-14.52)) 2.43.1.20241119) #1 SMP Mon Sep 22 01:45:48 EEST 2025
JVTNUBLSVS 0
root@arm:~# echo 'YTKY''KWNUFS'
YTKYKWNUFS
root@arm:~# MARKER='ESSF''MXCOZT' run false
ESSFMXCOZTESSFMXCOZT 1
root@arm:~# Labgrid Console Logfile for main
Logfile started at 2025-09-22 01:48:33.500481
=== Log starts here ===

root@arm:~# run() { echo -n "$MARKER"; sh -c "$@"; echo "$MARKER $?"; }
root@arm:~# echo 'TNUY''OYUBHN'
TNUYOYUBHN
root@arm:~# MARKER='YJLV''TWFKSX' run 'ls /iio_generic_buffer; echo $?'
YJLVTWFKSX/iio_generic_buffer
0
YJLVTWFKSX 0
root@arm:~# Labgrid Console Logfile for main
Logfile started at 2025-09-22 01:48:36.798019
=== Log starts here ===

root@arm:~# run() { echo -n "$MARKER"; sh -c "$@"; echo "$MARKER $?"; }
root@arm:~# echo 'NBNV''EFMNHX'
NBNVEFMNHX
root@arm:~# MARKER='TTYP''KQQTGE' run dmesg
TTYPKQQTGE[    0.000000] Booting Linux on physical CPU 0x0
[    0.000000] Linux version 6.17.0-rc7 (user01@drvtest01) (arm-none-eabi-gcc (Arm GNU Toolchain 14.2.Rel1 (Build arm-14.52)) 14.2.1 20241119, GNU ld (Arm GNU Toolchain 14.2.Rel1 (Build arm-14.52)) 2.43.1.20241119) #1 SMP Mon Sep 22 01:45:48 EEST 2025
[    0.000000] CPU: ARMv7 Processor [413fc082] revision 2 (ARMv7), cr=10c5387d
[    0.000000] CPU: PIPT / VIPT nonaliasing data cache, VIPT aliasing instruction cache
[    0.000000] OF: fdt: Machine model: TI AM335x BeagleBone Black
[    0.000000] Memory policy: Data cache writeback
[    0.000000] cma: Reserved 16 MiB at 0x9e800000
[    0.000000] Zone ranges:
[    0.000000]   Normal   [mem 0x0000000080000000-0x000000009fdfffff]
[    0.000000]   HighMem  empty
[    0.000000] Movable zone start for each node
[    0.000000] Early memory node ranges
[    0.000000]   node   0: [mem 0x0000000080000000-0x000000009fdfffff]
[    0.000000] Initmem setup node 0 [mem 0x0000000080000000-0x000000009fdfffff]
[    0.000000] On node 0, zone Normal: 512 pages in unavailable ranges
[    0.000000] OF: reserved mem: Reserved memory: No reserved-memory node in the DT
[    0.000000] CPU: All CPU(s) started in SVC mode.
[    0.000000] AM335X ES2.1 (sgx neon)
[    0.000000] percpu: Embedded 17 pages/cpu s39820 r8192 d21620 u69632
[    0.000000] pcpu-alloc: s39820 r8192 d21620 u69632 alloc=17*4096
[    0.000000] pcpu-alloc: [0] 0 
[    0.000000] Kernel command line: console=ttyO0,115200n8 root=/dev/nfs rw nfsroot=192.168.255.126:/home/user01/nfs,nfsvers=3 ip=192.168.255.1:192.168.255.126::255.255.255.0:bbb1:eth0 nfsrootdebug
[    0.000000] Unknown kernel command line parameters "nfsrootdebug", will be passed to user space.
[    0.000000] printk: log buffer data + meta data: 65536 + 204800 = 270336 bytes
[    0.000000] Dentry cache hash table entries: 65536 (order: 6, 262144 bytes, linear)
[    0.000000] Inode-cache hash table entries: 32768 (order: 5, 131072 bytes, linear)
[    0.000000] Built 1 zonelists, mobility grouping on.  Total pages: 130560
[    0.000000] mem auto-init: stack:off, heap alloc:off, heap free:off
[    0.000000] SLUB: HWalign=16, Order=0-3, MinObjects=0, CPUs=1, Nodes=1
[    0.000000] rcu: Hierarchical RCU implementation.
[    0.000000] rcu: 	RCU event tracing is enabled.
[    0.000000] rcu: 	RCU restricting CPUs from NR_CPUS=2 to nr_cpu_ids=1.
[    0.000000] 	Tracing variant of Tasks RCU enabled.
[    0.000000] rcu: RCU calculated value of scheduler-enlistment delay is 10 jiffies.
[    0.000000] rcu: Adjusting geometry for rcu_fanout_leaf=16, nr_cpu_ids=1
[    0.000000] RCU Tasks Trace: Setting shift to 0 and lim to 1 rcu_task_cb_adjust=1 rcu_task_cpu_ids=1.
[    0.000000] NR_IRQS: 16, nr_irqs: 16, preallocated irqs: 16
[    0.000000] IRQ: Found an INTC at 0x(ptrval) (revision 5.0) with 128 interrupts
[    0.000000] rcu: srcu_init: Setting srcu_struct sizes based on contention.
[    0.000000] TI gptimer clocksource: always-on /ocp/interconnect@44c00000/segment@200000/target-module@31000
[    0.000003] sched_clock: 32 bits at 24MHz, resolution 41ns, wraps every 89478484971ns
[    0.000028] clocksource: dmtimer: mask: 0xffffffff max_cycles: 0xffffffff, max_idle_ns: 79635851949 ns
[    0.000530] TI gptimer clockevent: 24000000 Hz at /ocp/interconnect@48000000/segment@0/target-module@40000
[    0.002157] Console: colour dummy device 80x30
[    0.002222] WARNING: Your 'console=ttyO0' has been replaced by 'ttyS0'
[    0.002231] This ensures that you still see kernel messages. Please
[    0.002235] update your kernel commandline.
[    0.002278] Calibrating delay loop... 996.14 BogoMIPS (lpj=4980736)
[    0.090578] CPU: Testing write buffer coherency: ok
[    0.090687] CPU0: Spectre v2: using BPIALL workaround
[    0.090698] pid_max: default: 32768 minimum: 301
[    0.090853] LSM: initializing lsm=capability
[    0.091016] Mount-cache hash table entries: 1024 (order: 0, 4096 bytes, linear)
[    0.091035] Mountpoint-cache hash table entries: 1024 (order: 0, 4096 bytes, linear)
[    0.092585] CPU0: thread -1, cpu 0, socket -1, mpidr 0
[    0.092645] cacheinfo: Unable to detect cache hierarchy for CPU 0
[    0.094646] Setting up static identity map for 0x80100000 - 0x80100078
[    0.094981] rcu: Hierarchical SRCU implementation.
[    0.094992] rcu: 	Max phase no-delay instances is 1000.
[    0.096697] smp: Bringing up secondary CPUs ...
[    0.096754] smp: Brought up 1 node, 1 CPU
[    0.096768] SMP: Total of 1 processors activated (996.14 BogoMIPS).
[    0.096779] CPU: All CPU(s) started in SVC mode.
[    0.096979] Memory: 480856K/522240K available (11264K kernel code, 1218K rwdata, 2936K rodata, 1024K init, 253K bss, 23352K reserved, 16384K cma-reserved, 0K highmem)
[    0.097804] devtmpfs: initialized
[    0.115078] VFP support v0.3: implementor 41 architecture 3 part 30 variant c rev 3
[    0.115731] clocksource: jiffies: mask: 0xffffffff max_cycles: 0xffffffff, max_idle_ns: 19112604462750000 ns
[    0.115787] posixtimers hash table entries: 512 (order: 0, 4096 bytes, linear)
[    0.115814] futex hash table entries: 256 (16384 bytes on 1 NUMA nodes, total 16 KiB, linear).
[    0.116947] pinctrl core: initialized pinctrl subsystem
[    0.119093] NET: Registered PF_NETLINK/PF_ROUTE protocol family
[    0.122254] DMA: preallocated 256 KiB pool for atomic coherent allocations
[    0.122867] audit: initializing netlink subsys (disabled)
[    0.124195] thermal_sys: Registered thermal governor 'fair_share'
[    0.124210] thermal_sys: Registered thermal governor 'step_wise'
[    0.124220] thermal_sys: Registered thermal governor 'user_space'
[    0.124329] audit: type=2000 audit(0.120:1): state=initialized audit_enabled=0 res=1
[    0.124399] cpuidle: using governor menu
[    0.142399] /ocp/interconnect@44c00000/segment@200000/target-module@b000/i2c@0/tda19988@70: Fixed dependency cycle(s) with /ocp/interconnect@48000000/segment@300000/target-module@e000/lcdc@0
[    0.143524] /ocp/interconnect@48000000/segment@300000/target-module@e000/lcdc@0: Fixed dependency cycle(s) with /ocp/interconnect@44c00000/segment@200000/target-module@b000/i2c@0/tda19988@70
[    0.145751] No ATAGs?
[    0.145794] hw-breakpoint: debug architecture 0x4 unsupported.
[    0.148911] kprobes: kprobe jump-optimization is enabled. All kprobes are optimized if possible.
[    0.153937] iommu: Default domain type: Translated
[    0.153962] iommu: DMA domain TLB invalidation policy: strict mode
[    0.155534] reg-fixed-voltage fixedregulator0: using DT '/fixedregulator0' for '(default)' GPIO lookup
[    0.155589] of_get_named_gpiod_flags: can't parse 'gpios' property of node '/fixedregulator0[0]'
[    0.155618] of_get_named_gpiod_flags: can't parse 'gpio' property of node '/fixedregulator0[0]'
[    0.155636] reg-fixed-voltage fixedregulator0: using lookup tables for GPIO lookup
[    0.155646] reg-fixed-voltage fixedregulator0: No GPIO consumer (default) found
[    0.161387] SCSI subsystem initialized
[    0.161869] libata version 3.00 loaded.
[    0.162257] pps_core: LinuxPPS API ver. 1 registered
[    0.162267] pps_core: Software ver. 5.3.6 - Copyright 2005-2007 Rodolfo Giometti <giometti@linux.it>
[    0.162291] PTP clock support registered
[    0.171224] vgaarb: loaded
[    0.171602] clocksource: Switched to clocksource dmtimer
[    0.172264] VFS: Disk quotas dquot_6.6.0
[    0.172319] VFS: Dquot-cache hash table entries: 1024 (order 0, 4096 bytes)
[    0.196974] NET: Registered PF_INET protocol family
[    0.197318] IP idents hash table entries: 8192 (order: 4, 65536 bytes, linear)
[    0.198739] tcp_listen_portaddr_hash hash table entries: 512 (order: 0, 4096 bytes, linear)
[    0.198776] Table-perturb hash table entries: 65536 (order: 6, 262144 bytes, linear)
[    0.198795] TCP established hash table entries: 4096 (order: 2, 16384 bytes, linear)
[    0.198840] TCP bind hash table entries: 4096 (order: 4, 65536 bytes, linear)
[    0.198939] TCP: Hash tables configured (established 4096 bind 4096)
[    0.199061] UDP hash table entries: 256 (order: 1, 14336 bytes, linear)
[    0.199097] UDP-Lite hash table entries: 256 (order: 1, 14336 bytes, linear)
[    0.199281] NET: Registered PF_UNIX/PF_LOCAL protocol family
[    0.200538] RPC: Registered named UNIX socket transport module.
[    0.200558] RPC: Registered udp transport module.
[    0.200563] RPC: Registered tcp transport module.
[    0.200568] RPC: Registered tcp-with-tls transport module.
[    0.200573] RPC: Registered tcp NFSv4.1 backchannel transport module.
[    0.200599] PCI: CLS 0 bytes, default 64
[    0.202139] Initialise system trusted keyrings
[    0.212237] workingset: timestamp_bits=14 max_order=17 bucket_order=3
[    0.213632] NFS: Registering the id_resolver key type
[    0.213695] Key type id_resolver registered
[    0.213703] Key type id_legacy registered
[    0.213809] jffs2: version 2.2. (NAND) (SUMMARY)  Â© 2001-2006 Red Hat, Inc.
[    0.214269] Key type asymmetric registered
[    0.214284] Asymmetric key parser 'x509' registered
[    0.214358] io scheduler mq-deadline registered
[    0.214369] io scheduler kyber registered
[    0.214451] io scheduler bfq registered
[    0.216331] target-module@4b000000:target-module@140000:pmu@0:fck: device ID is greater than 24
[    0.222525] l3-aon-clkctrl:0000:0: failed to disable
[    0.232065] ledtrig-cpu: registered to indicate activity on CPUs
[    0.235814] Serial: 8250/16550 driver, 6 ports, IRQ sharing enabled
[    0.282349] brd: module loaded
[    0.290769] loop: module loaded
[    0.291858] mtdoops: mtd device (mtddev=name/number) must be supplied
[    0.293582] mdio_bus fixed-0: using lookup tables for GPIO lookup
[    0.293608] mdio_bus fixed-0: No GPIO consumer reset found
[    0.295019] i2c_dev: i2c /dev entries driver
[    0.296020] cpuidle: enable-method property 'ti,am3352' found operations
[    0.296468] sdhci: Secure Digital Host Controller Interface driver
[    0.296477] sdhci: Copyright(c) Pierre Ossman
[    0.296653] sdhci-pltfm: SDHCI platform and OF driver helper
[    0.317191] hw perfevents: enabled with armv7_cortex_a8 PMU driver, 5 (8000000f) counters available
[    0.317729] Initializing XFRM netlink socket
[    0.317919] NET: Registered PF_INET6 protocol family
[    0.323582] l3-aon-clkctrl:0000:0: failed to disable
[    0.325216] Segment Routing with IPv6
[    0.325300] In-situ OAM (IOAM) with IPv6
[    0.325396] sit: IPv6, IPv4 and MPLS over IPv4 tunneling driver
[    0.326390] NET: Registered PF_PACKET protocol family
[    0.326419] NET: Registered PF_KEY protocol family
[    0.326570] Key type dns_resolver registered
[    0.326793] ThumbEE CPU extension supported.
[    0.326812] Registering SWP/SWPB emulation handler
[    0.327348] omap_voltage_late_init: Voltage driver support not added
[    0.328006] SmartReflex Class3 initialized
[    0.358863] Loading compiled-in X.509 certificates
[    0.403942] /ocp/interconnect@44c00000/segment@200000/target-module@b000/i2c@0/tda19988@70: Fixed dependency cycle(s) with /ocp/interconnect@48000000/segment@300000/target-module@e000/lcdc@0
[    0.410370] /ocp/interconnect@44c00000/segment@200000/target-module@b000/i2c@0/tda19988@70: Fixed dependency cycle(s) with /ocp/interconnect@48000000/segment@300000/target-module@e000/lcdc@0
[    0.416117] gpiochip_find_base_unlocked: found new base at 512
[    0.437928] /ocp/interconnect@44c00000/segment@200000/target-module@b000/i2c@0/tda19988@70: Fixed dependency cycle(s) with /ocp/interconnect@48000000/segment@300000/target-module@e000/lcdc@0
[    0.438803] /ocp/interconnect@44c00000/segment@200000/target-module@b000/i2c@0/tda19988@70: Fixed dependency cycle(s) with /ocp/interconnect@48000000/segment@300000/target-module@e000/lcdc@0
[    0.442492] /ocp/interconnect@44c00000/segment@200000/target-module@10000/scm@0/pinmux@800: Fixed dependency cycle(s) with /ocp/interconnect@44c00000/segment@200000/target-module@10000/scm@0/pinmux@800/clkout2-pins
[    0.443111] pinctrl-single 44e10800.pinmux: 142 pins, size 568
[    0.448415] ti-sysc 44e31000.target-module: probe with driver ti-sysc failed with error -16
[    0.478054] /ocp/interconnect@48000000/segment@300000/target-module@e000/lcdc@0: Fixed dependency cycle(s) with /ocp/interconnect@44c00000/segment@200000/target-module@b000/i2c@0/tda19988@70
[    0.486484] ti-sysc 48040000.target-module: probe with driver ti-sysc failed with error -16
[    0.498091] gpiochip_find_base_unlocked: found new base at 512
[    0.498197] gpio gpiochip0: (gpio-0-31): created GPIO range 0->7 ==> 44e10800.pinmux PIN 0->7
[    0.498217] gpio gpiochip0: (gpio-0-31): created GPIO range 8->11 ==> 44e10800.pinmux PIN 90->93
[    0.498233] gpio gpiochip0: (gpio-0-31): created GPIO range 12->27 ==> 44e10800.pinmux PIN 12->27
[    0.498248] gpio gpiochip0: (gpio-0-31): created GPIO range 28->31 ==> 44e10800.pinmux PIN 30->33
[    0.523025] gpio gpiochip0: (gpio-0-31): added GPIO chardev (254:0)
[    0.523250] gpio gpiochip0: registered GPIOs 512 to 543 on gpio-0-31
[    0.523334] OMAP GPIO hardware version 0.1
[    0.570325] i2c i2c-2: using DT '/ocp/interconnect@48000000/segment@100000/target-module@9c000/i2c@0' for 'scl' GPIO lookup
[    0.570402] of_get_named_gpiod_flags: can't parse 'scl-gpios' property of node '/ocp/interconnect@48000000/segment@100000/target-module@9c000/i2c@0[0]'
[    0.570446] of_get_named_gpiod_flags: can't parse 'scl-gpio' property of node '/ocp/interconnect@48000000/segment@100000/target-module@9c000/i2c@0[0]'
[    0.570484] i2c i2c-2: using lookup tables for GPIO lookup
[    0.570493] i2c i2c-2: No GPIO consumer scl found
[    0.570514] i2c i2c-2: using DT '/ocp/interconnect@48000000/segment@100000/target-module@9c000/i2c@0' for 'sda' GPIO lookup
[    0.570550] of_get_named_gpiod_flags: can't parse 'sda-gpios' property of node '/ocp/interconnect@48000000/segment@100000/target-module@9c000/i2c@0[0]'
[    0.570587] of_get_named_gpiod_flags: can't parse 'sda-gpio' property of node '/ocp/interconnect@48000000/segment@100000/target-module@9c000/i2c@0[0]'
[    0.570618] i2c i2c-2: using lookup tables for GPIO lookup
[    0.570626] i2c i2c-2: No GPIO consumer sda found
[    0.571345] omap_i2c 4819c000.i2c: bus 2 rev0.11 at 100 kHz
[    0.577072] gpiochip_find_base_unlocked: found new base at 544
[    0.577189] gpio gpiochip1: (gpio-32-63): created GPIO range 0->17 ==> 44e10800.pinmux PIN 34->51
[    0.577210] gpio gpiochip1: (gpio-32-63): created GPIO range 18->21 ==> 44e10800.pinmux PIN 77->80
[    0.577226] gpio gpiochip1: (gpio-32-63): created GPIO range 22->31 ==> 44e10800.pinmux PIN 56->65
[    0.578055] gpio gpiochip1: (gpio-32-63): added GPIO chardev (254:1)
[    0.578266] gpio gpiochip1: registered GPIOs 544 to 575 on gpio-32-63
[    0.580488] gpiochip_find_base_unlocked: found new base at 576
[    0.580583] gpio gpiochip2: (gpio-64-95): created GPIO range 0->4 ==> 44e10800.pinmux PIN 66->70
[    0.580609] gpio gpiochip2: (gpio-64-95): created GPIO range 5->6 ==> 44e10800.pinmux PIN 98->99
[    0.580627] gpio gpiochip2: (gpio-64-95): created GPIO range 7->8 ==> 44e10800.pinmux PIN 75->76
[    0.580642] gpio gpiochip2: (gpio-64-95): created GPIO range 13->13 ==> 44e10800.pinmux PIN 141->141
[    0.580658] gpio gpiochip2: (gpio-64-95): created GPIO range 14->21 ==> 44e10800.pinmux PIN 100->107
[    0.581283] gpio gpiochip2: (gpio-64-95): added GPIO chardev (254:2)
[    0.581489] gpio gpiochip2: registered GPIOs 576 to 607 on gpio-64-95
[    0.587317] 48000000.interconnect:segment@200000:target-module@0:mpu@0:fck: device ID is greater than 24
[    0.588211] /ocp/interconnect@48000000/segment@300000/target-module@e000/lcdc@0: Fixed dependency cycle(s) with /ocp/interconnect@44c00000/segment@200000/target-module@b000/i2c@0/tda19988@70
[    0.591070] /ocp/interconnect@48000000/segment@300000/target-module@e000/lcdc@0: Fixed dependency cycle(s) with /ocp/interconnect@44c00000/segment@200000/target-module@b000/i2c@0/tda19988@70
[    0.591949] /ocp/interconnect@44c00000/segment@200000/target-module@b000/i2c@0/tda19988@70: Fixed dependency cycle(s) with /ocp/interconnect@48000000/segment@300000/target-module@e000/lcdc@0
[    0.592124] /ocp/interconnect@48000000/segment@300000/target-module@e000/lcdc@0: Fixed dependency cycle(s) with /ocp/interconnect@44c00000/segment@200000/target-module@b000/i2c@0/tda19988@70
[    0.601911] mdio_bus 4a101000.mdio: using DT '/ocp/interconnect@4a000000/segment@0/target-module@100000/switch@0/mdio@1000' for 'reset' GPIO lookup
[    0.601984] of_get_named_gpiod_flags: can't parse 'reset-gpios' property of node '/ocp/interconnect@4a000000/segment@0/target-module@100000/switch@0/mdio@1000[0]'
[    0.602031] of_get_named_gpiod_flags: can't parse 'reset-gpio' property of node '/ocp/interconnect@4a000000/segment@0/target-module@100000/switch@0/mdio@1000[0]'
[    0.602080] mdio_bus 4a101000.mdio: using lookup tables for GPIO lookup
[    0.602090] mdio_bus 4a101000.mdio: No GPIO consumer reset found
[    0.603030] sdhci-omap 481d8000.mmc: using DT '/ocp/interconnect@48000000/segment@100000/target-module@d8000/mmc@0' for 'wp' GPIO lookup
[    0.603088] of_get_named_gpiod_flags: can't parse 'wp-gpios' property of node '/ocp/interconnect@48000000/segment@100000/target-module@d8000/mmc@0[0]'
[    0.603128] of_get_named_gpiod_flags: can't parse 'wp-gpio' property of node '/ocp/interconnect@48000000/segment@100000/target-module@d8000/mmc@0[0]'
[    0.603164] sdhci-omap 481d8000.mmc: using lookup tables for GPIO lookup
[    0.603173] sdhci-omap 481d8000.mmc: No GPIO consumer wp found
[    0.603367] sdhci-omap 481d8000.mmc: supply pbias not found, using dummy regulator
[    0.603855] sdhci-omap 481d8000.mmc: supply vqmmc not found, using dummy regulator
[    0.664357] davinci_mdio 4a101000.mdio: davinci mdio revision 1.6, bus freq 1000000
[    0.679369] mdio_bus 4a101000.mdio:00: using DT '/ocp/interconnect@4a000000/segment@0/target-module@100000/switch@0/mdio@1000/ethernet-phy@0' for 'reset' GPIO lookup
[    0.679469] of_get_named_gpiod_flags: parsed 'reset-gpios' property of node '/ocp/interconnect@4a000000/segment@0/target-module@100000/switch@0/mdio@1000/ethernet-phy@0[0]' - status (0)
[    0.679633] gpio gpiochip0: Persistence not supported for GPIO 8
[    0.829556] davinci_mdio 4a101000.mdio: phy[0]: device 4a101000.mdio:00, driver SMSC LAN8710/LAN8720
[    0.830356] cpsw-switch 4a100000.switch: initialized cpsw ale version 1.4
[    0.830378] cpsw-switch 4a100000.switch: ALE Table size 1024, Policers 0
[    0.830529] cpsw-switch 4a100000.switch: cpts: overflow check period 500 (jiffies)
[    0.830545] cpsw-switch 4a100000.switch: CPTS: ref_clk_freq:250000000 calc_mult:2147483648 calc_shift:29 error:0 nsec/sec
[    0.830652] cpsw-switch 4a100000.switch: Detected MACID = 6c:ec:eb:68:de:78
[    0.832732] cpsw-switch 4a100000.switch: initialized (regs 0x4a100000, pool size 256) hw_ver:0019010C 1.12 (0)
[    0.843795] debugfs: '49000000.dma' already exists in 'dmaengine'
[    0.843838] edma 49000000.dma: TI EDMA DMA engine driver
[    0.893033] gpio-clk clk_mcasp0: using DT '/clk_mcasp0' for 'enable' GPIO lookup
[    0.893113] of_get_named_gpiod_flags: parsed 'enable-gpios' property of node '/clk_mcasp0[0]' - status (0)
[    0.893156] gpio gpiochip0: Persistence not supported for GPIO 27
[    0.894021] gpiochip_find_base_unlocked: found new base at 608
[    0.894140] gpio gpiochip3: (gpio-96-127): created GPIO range 0->7 ==> 44e10800.pinmux PIN 82->89
[    0.894161] gpio gpiochip3: (gpio-96-127): created GPIO range 8->11 ==> 44e10800.pinmux PIN 52->55
[    0.894176] gpio gpiochip3: (gpio-96-127): created GPIO range 12->15 ==> 44e10800.pinmux PIN 94->97
[    0.894192] gpio gpiochip3: (gpio-96-127): created GPIO range 16->17 ==> 44e10800.pinmux PIN 71->72
[    0.894207] gpio gpiochip3: (gpio-96-127): created GPIO range 18->18 ==> 44e10800.pinmux PIN 135->135
[    0.894223] gpio gpiochip3: (gpio-96-127): created GPIO range 19->20 ==> 44e10800.pinmux PIN 108->109
[    0.894240] gpio gpiochip3: (gpio-96-127): created GPIO range 21->21 ==> 44e10800.pinmux PIN 73->73
[    0.894257] gpio gpiochip3: (gpio-96-127): created GPIO range 22->23 ==> 44e10800.pinmux PIN 8->9
[    0.894274] gpio gpiochip3: (gpio-96-127): created GPIO range 26->27 ==> 44e10800.pinmux PIN 10->11
[    0.894292] gpio gpiochip3: (gpio-96-127): created GPIO range 28->28 ==> 44e10800.pinmux PIN 74->74
[    0.894310] gpio gpiochip3: (gpio-96-127): created GPIO range 29->29 ==> 44e10800.pinmux PIN 81->81
[    0.894328] gpio gpiochip3: (gpio-96-127): created GPIO range 30->31 ==> 44e10800.pinmux PIN 28->29
[    0.902408] gpio gpiochip3: (gpio-96-127): added GPIO chardev (254:3)
[    0.902652] gpio gpiochip3: registered GPIOs 608 to 639 on gpio-96-127
[    0.922382] omap8250 44e09000.serial: using DT '/ocp/interconnect@44c00000/segment@200000/target-module@9000/serial@0' for 'rs485-term' GPIO lookup
[    0.922456] of_get_named_gpiod_flags: can't parse 'rs485-term-gpios' property of node '/ocp/interconnect@44c00000/segment@200000/target-module@9000/serial@0[0]'
[    0.922501] of_get_named_gpiod_flags: can't parse 'rs485-term-gpio' property of node '/ocp/interconnect@44c00000/segment@200000/target-module@9000/serial@0[0]'
[    0.922537] omap8250 44e09000.serial: using lookup tables for GPIO lookup
[    0.922547] omap8250 44e09000.serial: No GPIO consumer rs485-term found
[    0.922557] omap8250 44e09000.serial: using DT '/ocp/interconnect@44c00000/segment@200000/target-module@9000/serial@0' for 'rs485-rx-during-tx' GPIO lookup
[    0.922592] of_get_named_gpiod_flags: can't parse 'rs485-rx-during-tx-gpios' property of node '/ocp/interconnect@44c00000/segment@200000/target-module@9000/serial@0[0]'
[    0.922630] of_get_named_gpiod_flags: can't parse 'rs485-rx-during-tx-gpio' property of node '/ocp/interconnect@44c00000/segment@200000/target-module@9000/serial@0[0]'
[    0.922663] omap8250 44e09000.serial: using lookup tables for GPIO lookup
[    0.922671] omap8250 44e09000.serial: No GPIO consumer rs485-rx-during-tx found
[    0.923139] 44e09000.serial: ttyS0 at MMIO 0x44e09000 (irq = 34, base_baud = 3000000) is a 8250
[    0.923230] printk: legacy console [ttyS0] enabled
[    2.423575] i2c i2c-0: using DT '/ocp/interconnect@44c00000/segment@200000/target-module@b000/i2c@0' for 'scl' GPIO lookup
[    2.423665] of_get_named_gpiod_flags: can't parse 'scl-gpios' property of node '/ocp/interconnect@44c00000/segment@200000/target-module@b000/i2c@0[0]'
[    2.423712] of_get_named_gpiod_flags: can't parse 'scl-gpio' property of node '/ocp/interconnect@44c00000/segment@200000/target-module@b000/i2c@0[0]'
[    2.423753] i2c i2c-0: using lookup tables for GPIO lookup
[    2.423767] i2c i2c-0: No GPIO consumer scl found
[    2.423792] i2c i2c-0: using DT '/ocp/interconnect@44c00000/segment@200000/target-module@b000/i2c@0' for 'sda' GPIO lookup
[    2.423832] of_get_named_gpiod_flags: can't parse 'sda-gpios' property of node '/ocp/interconnect@44c00000/segment@200000/target-module@b000/i2c@0[0]'
[    2.423873] of_get_named_gpiod_flags: can't parse 'sda-gpio' property of node '/ocp/interconnect@44c00000/segment@200000/target-module@b000/i2c@0[0]'
[    2.423910] i2c i2c-0: using lookup tables for GPIO lookup
[    2.423922] i2c i2c-0: No GPIO consumer sda found
[    2.442565] tps65217-pmic: Failed to locate of_node [id: -1]
[    2.448625] tps65217-bl: Failed to locate of_node [id: -1]
[    2.454717] platform tps65217-charger: DMA mask not set
[    2.460744] platform tps65217-pwrbutton: DMA mask not set
[    2.468030] tps65217 0-0024: TPS65217 ID 0xe version 1.2
[    2.474163] /ocp/interconnect@48000000/segment@300000/target-module@e000/lcdc@0: Fixed dependency cycle(s) with /ocp/interconnect@44c00000/segment@200000/target-module@b000/i2c@0/tda19988@70
[    2.491554] /ocp/interconnect@44c00000/segment@200000/target-module@b000/i2c@0/tda19988@70: Fixed dependency cycle(s) with /ocp/interconnect@48000000/segment@300000/target-module@e000/lcdc@0
[    2.508938] omap_i2c 44e0b000.i2c: bus 0 rev0.11 at 400 kHz
[    2.516627] sdhci-omap 48060000.mmc: using DT '/ocp/interconnect@48000000/segment@0/target-module@60000/mmc@0' for 'cd' GPIO lookup
[    2.516733] of_get_named_gpiod_flags: parsed 'cd-gpios' property of node '/ocp/interconnect@48000000/segment@0/target-module@60000/mmc@0[0]' - status (0)
[    2.516800] gpio gpiochip3: Persistence not supported for GPIO 6
[    2.516826] omap_gpio 44e07000.gpio: Could not set line 6 debounce to 200000 microseconds (-22)
[    2.525750] sdhci-omap 48060000.mmc: Got CD GPIO
[    2.530404] sdhci-omap 48060000.mmc: using DT '/ocp/interconnect@48000000/segment@0/target-module@60000/mmc@0' for 'wp' GPIO lookup
[    2.530455] of_get_named_gpiod_flags: can't parse 'wp-gpios' property of node '/ocp/interconnect@48000000/segment@0/target-module@60000/mmc@0[0]'
[    2.530498] of_get_named_gpiod_flags: can't parse 'wp-gpio' property of node '/ocp/interconnect@48000000/segment@0/target-module@60000/mmc@0[0]'
[    2.530538] sdhci-omap 48060000.mmc: using lookup tables for GPIO lookup
[    2.530552] sdhci-omap 48060000.mmc: No GPIO consumer wp found
[    2.530764] sdhci-omap 48060000.mmc: supply pbias not found, using dummy regulator
[    2.539581] sdhci-omap 481d8000.mmc: using DT '/ocp/interconnect@48000000/segment@100000/target-module@d8000/mmc@0' for 'wp' GPIO lookup
[    2.539657] of_get_named_gpiod_flags: can't parse 'wp-gpios' property of node '/ocp/interconnect@48000000/segment@100000/target-module@d8000/mmc@0[0]'
[    2.539707] of_get_named_gpiod_flags: can't parse 'wp-gpio' property of node '/ocp/interconnect@48000000/segment@100000/target-module@d8000/mmc@0[0]'
[    2.539748] sdhci-omap 481d8000.mmc: using lookup tables for GPIO lookup
[    2.539761] sdhci-omap 481d8000.mmc: No GPIO consumer wp found
[    2.540780] sdhci-omap 48060000.mmc: supply vqmmc not found, using dummy regulator
[    2.549885] sdhci-omap 481d8000.mmc: supply pbias not found, using dummy regulator
[    2.560024] sdhci-omap 481d8000.mmc: supply vqmmc not found, using dummy regulator
[    2.595332] mmc0: SDHCI controller on 48060000.mmc [48060000.mmc] using External DMA
[    2.603648] mmc1: SDHCI controller on 481d8000.mmc [481d8000.mmc] using External DMA
[    2.612405] cpsw-switch 4a100000.switch: starting ndev. mode: dual_mac
[    2.681897] mmc1: new high speed MMC card at address 0001
[    2.688713] mmcblk1: mmc1:0001 MMC04G 3.60 GiB
[    2.696655]  mmcblk1: p1 p2
[    2.700408] SMSC LAN8710/LAN8720 4a101000.mdio:00: attached PHY driver (mii_bus:phy_addr=4a101000.mdio:00, irq=POLL)
[    2.712993] mmcblk1boot0: mmc1:0001 MMC04G 2.00 MiB
[    2.726906] mmcblk1boot1: mmc1:0001 MMC04G 2.00 MiB
[    2.735913] mmcblk1rpmb: mmc1:0001 MMC04G 128 KiB, chardev (249:0)
[    2.784683] mmc0: new high speed SDHC card at address aaaa
[    2.791516] mmcblk0: mmc0:aaaa SE32G 29.7 GiB
[    2.800787]  mmcblk0: p1 p2
[    5.842367] cpsw-switch 4a100000.switch eth0: Link is Up - 100Mbps/Full - flow control off
[    5.881855] IP-Config: Complete:
[    5.885135]      device=eth0, hwaddr=6c:ec:eb:68:de:78, ipaddr=192.168.255.1, mask=255.255.255.0, gw=255.255.255.255
[    5.895817]      host=bbb1, domain=, nis-domain=(none)
[    5.900988]      bootserver=192.168.255.126, rootserver=192.168.255.126, rootpath=
[    5.901405] clk: Disabling unused clocks
[    5.913243] PM: genpd: Disabling unused power domains
[    5.918394] KTAP version 1
[    5.921116] 1..0
[    5.923603] check access for rdinit=/init failed: -2, ignoring
[    5.959737] VFS: Mounted root (nfs filesystem) on device 0:17.
[    5.966955] devtmpfs: mounted
[    5.971452] Freeing unused kernel image (initmem) memory: 1024K
[    5.978230] Run /sbin/init as init process
[    5.982440]   with arguments:
[    5.982456]     /sbin/init
[    5.982466]     nfsrootdebug
[    5.982475]   with environment:
[    5.982484]     HOME=/
[    5.982493]     TERM=linux
[    6.655358] systemd[1]: System time before build time, advancing clock.
[    8.191621] random: crng init done
[    8.213971] systemd[1]: systemd 232 running in system mode. (+PAM +AUDIT +SELINUX +IMA +APPARMOR +SMACK +SYSVINIT +UTMP +LIBCRYPTSETUP +GCRYPT +GNUTLS +ACL +XZ +LZ4 +SECCOMP +BLKID +ELFUTILS +KMOD +IDN)
[    8.233068] systemd[1]: Detected architecture arm.
[    8.264750] systemd[1]: Set hostname to <arm>.
[    9.365784] systemd[1]: Reached target Remote File Systems.
[    9.395556] systemd[1]: syslog.socket: SO_PASSSEC failed: Operation not supported
[    9.403548] systemd[1]: Listening on Syslog Socket.
[    9.432707] systemd[1]: Listening on Journal Audit Socket.
[    9.462037] systemd[1]: Reached target Swap.
[    9.482182] systemd[1]: Listening on udev Kernel Socket.
[    9.513232] systemd[1]: Set up automount Arbitrary Executable File Formats File System Automount Point.
[   11.711119] systemd-journald[87]: Received request to flush runtime journal from PID 1
[   12.642058] omap_prm 44e00d00.prm: sync_state() pending due to 44d00000.cpu
[   14.497818] leds-gpio leds: using DT '/leds/led2' for '(default)' GPIO lookup
[   14.497924] of_get_named_gpiod_flags: parsed 'gpios' property of node '/leds/led2[0]' - status (0)
[   14.497980] gpio gpiochip0: Persistence not supported for GPIO 21
[   14.497995] gpio-533 (?): no flags found for GPIO (default)
[   14.586674] leds-gpio leds: using DT '/leds/led3' for '(default)' GPIO lookup
[   14.586938] of_get_named_gpiod_flags: parsed 'gpios' property of node '/leds/led3[0]' - status (0)
[   14.587000] gpio gpiochip0: Persistence not supported for GPIO 22
[   14.587016] gpio-534 (?): no flags found for GPIO (default)
[   14.595281] leds-gpio leds: using DT '/leds/led4' for '(default)' GPIO lookup
[   14.595384] of_get_named_gpiod_flags: parsed 'gpios' property of node '/leds/led4[0]' - status (0)
[   14.595437] gpio gpiochip0: Persistence not supported for GPIO 23
[   14.595452] gpio-535 (?): no flags found for GPIO (default)
[   14.626945] leds-gpio leds: using DT '/leds/led5' for '(default)' GPIO lookup
[   14.627045] of_get_named_gpiod_flags: parsed 'gpios' property of node '/leds/led5[0]' - status (0)
[   14.627097] gpio gpiochip0: Persistence not supported for GPIO 24
[   14.627112] gpio-536 (?): no flags found for GPIO (default)
[   14.823627] remoteproc remoteproc0: wkup_m3 is available
[   15.174379] at24 2-0054: supply vcc not found, using dummy regulator
[   15.287808] at24 2-0055: supply vcc not found, using dummy regulator
[   15.416267] at24 2-0056: supply vcc not found, using dummy regulator
[   15.561124] at24 2-0057: supply vcc not found, using dummy regulator
[   15.701991] at24 0-0050: using DT '/ocp/interconnect@44c00000/segment@200000/target-module@b000/i2c@0/eeprom@50' for 'wp' GPIO lookup
[   15.702107] of_get_named_gpiod_flags: can't parse 'wp-gpios' property of node '/ocp/interconnect@44c00000/segment@200000/target-module@b000/i2c@0/eeprom@50[0]'
[   15.702169] of_get_named_gpiod_flags: can't parse 'wp-gpio' property of node '/ocp/interconnect@44c00000/segment@200000/target-module@b000/i2c@0/eeprom@50[0]'
[   15.702217] at24 0-0050: using lookup tables for GPIO lookup
[   15.702232] at24 0-0050: No GPIO consumer wp found
[   15.702607] at24 0-0050: 32768 byte 24c256 EEPROM, writable, 1 bytes/write
[   15.944590] input: tps65217_pwrbutton as /devices/platform/ocp/44c00000.interconnect/44c00000.interconnect:segment@200000/44e0b000.target-module/44e0b000.i2c/i2c-0/0-0024/tps65217-pwrbutton/input/input0
[   16.051843] omap_rtc 44e3e000.rtc: registered as rtc0
[   16.057016] omap_rtc 44e3e000.rtc: setting system clock to 2000-01-01T00:00:00 UTC (946684800)
[   16.067047] omap_rtc 44e3e000.rtc: using DT '/ocp/interconnect@44c00000/segment@200000/target-module@3e000/rtc@0' for 'wp' GPIO lookup
[   16.067130] of_get_named_gpiod_flags: can't parse 'wp-gpios' property of node '/ocp/interconnect@44c00000/segment@200000/target-module@3e000/rtc@0[0]'
[   16.067182] of_get_named_gpiod_flags: can't parse 'wp-gpio' property of node '/ocp/interconnect@44c00000/segment@200000/target-module@3e000/rtc@0[0]'
[   16.067223] omap_rtc 44e3e000.rtc: using lookup tables for GPIO lookup
[   16.067237] omap_rtc 44e3e000.rtc: No GPIO consumer wp found
[   16.486880] omap_wdt: OMAP Watchdog Timer Rev 0x01: initial timeout 60 sec
[   16.737035] am335x-phy-driver 47401300.usb-phy: using DT '/ocp/target-module@47400000/usb-phy@1300' for 'reset' GPIO lookup
[   16.737130] of_get_named_gpiod_flags: can't parse 'reset-gpios' property of node '/ocp/target-module@47400000/usb-phy@1300[0]'
[   16.737175] of_get_named_gpiod_flags: can't parse 'reset-gpio' property of node '/ocp/target-module@47400000/usb-phy@1300[0]'
[   16.737214] am335x-phy-driver 47401300.usb-phy: using lookup tables for GPIO lookup
[   16.737229] am335x-phy-driver 47401300.usb-phy: No GPIO consumer reset found
[   16.737244] am335x-phy-driver 47401300.usb-phy: using DT '/ocp/target-module@47400000/usb-phy@1300' for 'vbus-detect' GPIO lookup
[   16.737275] of_get_named_gpiod_flags: can't parse 'vbus-detect-gpios' property of node '/ocp/target-module@47400000/usb-phy@1300[0]'
[   16.737308] of_get_named_gpiod_flags: can't parse 'vbus-detect-gpio' property of node '/ocp/target-module@47400000/usb-phy@1300[0]'
[   16.737335] am335x-phy-driver 47401300.usb-phy: using lookup tables for GPIO lookup
[   16.737347] am335x-phy-driver 47401300.usb-phy: No GPIO consumer vbus-detect found
[   16.737496] am335x-phy-driver 47401300.usb-phy: dummy supplies not allowed for exclusive requests (id=vbus)
[   17.011189] am335x-phy-driver 47401b00.usb-phy: using DT '/ocp/target-module@47400000/usb-phy@1b00' for 'reset' GPIO lookup
[   17.011288] of_get_named_gpiod_flags: can't parse 'reset-gpios' property of node '/ocp/target-module@47400000/usb-phy@1b00[0]'
[   17.011333] of_get_named_gpiod_flags: can't parse 'reset-gpio' property of node '/ocp/target-module@47400000/usb-phy@1b00[0]'
[   17.011370] am335x-phy-driver 47401b00.usb-phy: using lookup tables for GPIO lookup
[   17.011386] am335x-phy-driver 47401b00.usb-phy: No GPIO consumer reset found
[   17.011401] am335x-phy-driver 47401b00.usb-phy: using DT '/ocp/target-module@47400000/usb-phy@1b00' for 'vbus-detect' GPIO lookup
[   17.011433] of_get_named_gpiod_flags: can't parse 'vbus-detect-gpios' property of node '/ocp/target-module@47400000/usb-phy@1b00[0]'
[   17.011465] of_get_named_gpiod_flags: can't parse 'vbus-detect-gpio' property of node '/ocp/target-module@47400000/usb-phy@1b00[0]'
[   17.011493] am335x-phy-driver 47401b00.usb-phy: using lookup tables for GPIO lookup
[   17.011505] am335x-phy-driver 47401b00.usb-phy: No GPIO consumer vbus-detect found
[   17.011934] am335x-phy-driver 47401b00.usb-phy: dummy supplies not allowed for exclusive requests (id=vbus)
[   17.333785] usbcore: registered new interface driver usbfs
[   17.339427] usbcore: registered new interface driver hub
[   17.345104] usbcore: registered new device driver usb
[   17.659723] tda998x 0-0070: found TDA19988
[   18.187754] musb-hdrc musb-hdrc.1: MUSB HDRC host driver
[   18.193406] musb-hdrc musb-hdrc.1: new USB bus registered, assigned bus number 1
[   18.328320] usb usb1: New USB device found, idVendor=1d6b, idProduct=0002, bcdDevice= 6.17
[   18.336848] usb usb1: New USB device strings: Mfr=3, Product=2, SerialNumber=1
[   18.344187] usb usb1: Product: MUSB HDRC host driver
[   18.349184] usb usb1: Manufacturer: Linux 6.17.0-rc7 musb-hcd
[   18.355035] usb usb1: SerialNumber: musb-hdrc.1
[   18.440136] omap-mailbox 480c8000.mailbox: omap mailbox rev 0x400
[   18.514777] remoteproc remoteproc0: powering up wkup_m3
[   18.603586] remoteproc remoteproc0: Direct firmware load for am335x-pm-firmware.elf failed with error -2
[   18.613404] remoteproc remoteproc0: request_firmware failed: -2
[   18.619367] wkup_m3_ipc 44e11324.wkup_m3_ipc: rproc_boot failed
[   18.785974] hub 1-0:1.0: USB hub found
[   18.837548] hub 1-0:1.0: 1 port detected
[   21.068597] omap_rng 48310000.rng: Random Number Generator ver. 20
[   21.374418] tilcdc 4830e000.lcdc: bound 0-0070 (ops 0xbf1270f8)
[   21.460189] [drm] Initialized tilcdc 1.0.0 for 4830e000.lcdc on minor 0
[   21.538200] tilcdc 4830e000.lcdc: [drm] Cannot find any crtc or sizes
[   21.546283] tilcdc 4830e000.lcdc: [drm] Cannot find any crtc or sizes
[   22.601386] PM: Cannot get wkup_m3_ipc handle
[   22.928312] omap-sham 53100000.sham: hw accel on OMAP rev 4.3
[   23.012256] omap-sham 53100000.sham: will run requests pump with realtime priority
[   23.030703] PM: Cannot get wkup_m3_ipc handle
[   23.151965] omap-aes 53500000.aes: OMAP AES hw accel rev: 3.2
[   23.276713] omap-aes 53500000.aes: will run requests pump with realtime priority
[   23.290155] PM: Cannot get wkup_m3_ipc handle
[   23.740041] Bluetooth: Core ver 2.22
[   23.744057] NET: Registered PF_BLUETOOTH protocol family
[   23.749412] Bluetooth: HCI device and connection manager initialized
[   23.755925] Bluetooth: HCI socket layer initialized
[   23.760841] Bluetooth: L2CAP socket layer initialized
[   23.766009] Bluetooth: SCO socket layer initialized
[   24.734897] ------------[ cut here ]------------
[   24.739592] WARNING: CPU: 0 PID: 322 at net/8021q/vlan_core.c:236 vlan_for_each+0x114/0x134
[   24.748206] RTNL: assertion failed at net/8021q/vlan_core.c (236)
[   24.754392] Modules linked in: bluetooth snd_soc_simple_card snd_soc_simple_card_utils omap_aes_driver omap_sham omap_crypto pm33xx crypto_engine ti_emif_sram ecdh_generic ecc libaes tilcdc drm_dma_helper omap_rng drm_client_lib rng_core snd_soc_davinci_mcasp snd_soc_ti_udma snd_soc_ti_edma snd_soc_ti_sdma snd_soc_core snd_pcm_dmaengine snd_pcm snd_timer omap_mailbox snd musb_dsps soundcore musb_hdrc udc_core tda998x cec usbcore drm_kms_helper phy_am335x phy_generic omap_wdt cppi41 usb_common drm watchdog rtc_omap wkup_m3_ipc tps65218_pwrbutton drm_panel_orientation_quirks at24 phy_am335x_control wkup_m3_rproc leds_gpio led_class cpufreq_dt autofs4
[   24.812448] CPU: 0 UID: 107 PID: 322 Comm: avahi-daemon Not tainted 6.17.0-rc7 #1 NONE 
[   24.812467] Hardware name: Generic AM33XX (Flattened Device Tree)
[   24.812475] Call trace: 
[   24.812490]  unwind_backtrace from show_stack+0x10/0x14
[   24.812528]  show_stack from dump_stack_lvl+0x50/0x64
[   24.812554]  dump_stack_lvl from __warn+0x74/0x12c
[   24.812573]  __warn from warn_slowpath_fmt+0x19c/0x1b0
[   24.812585]  warn_slowpath_fmt from vlan_for_each+0x114/0x134
[   24.812608]  vlan_for_each from cpsw_add_mc_addr+0x40/0xa4
[   24.812637]  cpsw_add_mc_addr from __hw_addr_ref_sync_dev+0x108/0x140
[   24.812670]  __hw_addr_ref_sync_dev from __dev_mc_add+0x7c/0x80
[   24.812695]  __dev_mc_add from igmp6_group_added+0xc8/0xe0
[   24.812727]  igmp6_group_added from __ipv6_dev_mc_inc+0x218/0x364
[   24.812746]  __ipv6_dev_mc_inc from __ipv6_sock_mc_join+0x11c/0x214
[   24.812765]  __ipv6_sock_mc_join from do_ipv6_setsockopt+0x1214/0x1310
[   24.812800]  do_ipv6_setsockopt from ipv6_setsockopt+0x60/0xcc
[   24.812823]  ipv6_setsockopt from udpv6_setsockopt+0x2c/0x6c
[   24.812844]  udpv6_setsockopt from sock_common_setsockopt+0x30/0x40
[   24.812861]  sock_common_setsockopt from do_sock_setsockopt+0x50/0x9c
[   24.812884]  do_sock_setsockopt from __sys_setsockopt+0x70/0xbc
[   24.812907]  __sys_setsockopt from ret_fast_syscall+0x0/0x58
[   24.812925] Exception stack(0xe0185fa8 to 0xe0185ff0)
[   24.812939] 5fa0:                   00000014 b6f42ce8 0000000d 00000029 00000014 bead99ec
[   24.812950] 5fc0: 00000014 b6f42ce8 00000014 00000126 0000000d b6eebff4 004be988 004a6558
[   24.812959] 5fe0: b6f01088 bead99d8 b6ede309 b6db541a
[   24.812967] ---[ end trace 0000000000000000 ]---
[   26.381957] tda998x 0-0070: using DT '/ocp/interconnect@44c00000/segment@200000/target-module@b000/i2c@0/tda19988@70' for 'nxp,calib' GPIO lookup
[   26.382101] of_get_named_gpiod_flags: parsed 'nxp,calib-gpios' property of node '/ocp/interconnect@44c00000/segment@200000/target-module@b000/i2c@0/tda19988@70[0]' - status (0)
[   26.382186] gpio gpiochip0: Persistence not supported for GPIO 25
[   26.382202] gpio-537 (nxp,calib): no flags found for GPIO nxp,calib
[   26.388386] gpio-537 (nxp,calib): gpiod_direction_output_nonotify: tried to set a GPIO tied to an IRQ as output
[   26.448799] PM: Cannot get wkup_m3_ipc handle
[   26.454862] asoc-simple-card sound: using DT '/sound' for 'simple-audio-card,hp-det' GPIO lookup
[   26.454933] of_get_named_gpiod_flags: can't parse 'simple-audio-card,hp-det-gpios' property of node '/sound[0]'
[   26.454969] of_get_named_gpiod_flags: can't parse 'simple-audio-card,hp-det-gpio' property of node '/sound[0]'
[   26.454994] asoc-simple-card sound: using lookup tables for GPIO lookup
[   26.455007] asoc-simple-card sound: No GPIO consumer simple-audio-card,hp-det found
[   26.455023] asoc-simple-card sound: using DT '/sound' for 'simple-audio-card,mic-det' GPIO lookup
[   26.455048] of_get_named_gpiod_flags: can't parse 'simple-audio-card,mic-det-gpios' property of node '/sound[0]'
[   26.455073] of_get_named_gpiod_flags: can't parse 'simple-audio-card,mic-det-gpio' property of node '/sound[0]'
[   26.455094] asoc-simple-card sound: using lookup tables for GPIO lookup
[   26.455106] asoc-simple-card sound: No GPIO consumer simple-audio-card,mic-det found
[   26.543801] PM: Cannot get wkup_m3_ipc handle
[   26.655526] tda9950 0-0034: TDA9950 CEC interface, hardware version 3.3
[   26.754451] PM: Cannot get wkup_m3_ipc handle
[   28.388110] userial_init: registered 8 ttyGS* devices
[   28.722490] rndis_register: configNr = 0
[   28.851200] udc musb-hdrc.0: binding gadget driver [g_multi]
[   28.851298] configfs-gadget.g_multi gadget.0: adding 'rndis'/437ee9e7 to config 'c'/b9e5d043
[   28.852688] configfs-gadget.g_multi gadget.0: HOST MAC 1c:ba:8c:a2:ed:6c
[   28.859469] configfs-gadget.g_multi gadget.0: MAC 1c:ba:8c:a2:ed:70
[   28.865925] rndis_set_param_medium: 0 0
[   28.865946] configfs-gadget.g_multi gadget.0: RNDIS: IN/ep1in OUT/ep1out NOTIFY/ep2in
[   28.865963] configfs-gadget.g_multi gadget.0: adding 'cdc_ethernet'/23c342c7 to config 'c'/b9e5d043
[   28.866840] configfs-gadget.g_multi gadget.0: HOST MAC 1c:ba:8c:a2:ed:6c
[   28.873698] configfs-gadget.g_multi gadget.0: MAC 1c:ba:8c:a2:ed:6d
[   28.880032] configfs-gadget.g_multi gadget.0: CDC Ethernet: IN/ep3in OUT/ep2out NOTIFY/ep4in
[   28.880049] configfs-gadget.g_multi gadget.0: adding 'acm'/e94b6c1e to config 'c'/b9e5d043
[   28.880084] configfs-gadget.g_multi gadget.0: acm ttyGS0: IN/ep5in OUT/ep3out NOTIFY/ep6in
[   28.882461] PM: Cannot get wkup_m3_ipc handle
[   30.242126] configfs-gadget.g_multi gadget.0: eth_open
[   30.332924] configfs-gadget.g_multi gadget.0: stop stats: rx/tx 0/0, errs 0/0
[   35.386884] gs_open: ttyGS0 (a83eec10,a237996c)
[   35.387044] gs_close: ttyGS0 (a83eec10,a237996c) ...
[   35.387066] gs_close: ttyGS0 (a83eec10,a237996c) done!
[   35.403249] gs_open: ttyGS0 (877577a6,ec777738)
[   35.403386] gs_close: ttyGS0 (877577a6,ec777738) ...
[   35.403407] gs_close: ttyGS0 (877577a6,ec777738) done!
[   35.576775] gs_open: ttyGS0 (877577a6,3e4fa3fb)
[   35.577016] gs_close: ttyGS0 (877577a6,3e4fa3fb) ...
[   35.577043] gs_close: ttyGS0 (877577a6,3e4fa3fb) done!
[   35.578204] gs_open: ttyGS0 (877577a6,ec777738)
TTYPKQQTGE 0
root@arm:~# echo 'ZKLX''PYKNZN'
ZKLXPYKNZN
root@arm:~# MARKER='LXQH''JYQCEM' run 'modprobe test_linear_ranges'
LXQHJYQCEMLXQHJYQCEM 0
root@arm:~# echo 'BPKX''WECLCZ'
BPKXWECLCZ
root@arm:~# MARKER='KZCA''GFVCVL' run dmesg
KZCAGFVCVL[    0.000000] Booting Linux on physical CPU 0x0
[    0.000000] Linux version 6.17.0-rc7 (user01@drvtest01) (arm-none-eabi-gcc (Arm GNU Toolchain 14.2.Rel1 (Build arm-14.52)) 14.2.1 20241119, GNU ld (Arm GNU Toolchain 14.2.Rel1 (Build arm-14.52)) 2.43.1.20241119) #1 SMP Mon Sep 22 01:45:48 EEST 2025
[    0.000000] CPU: ARMv7 Processor [413fc082] revision 2 (ARMv7), cr=10c5387d
[    0.000000] CPU: PIPT / VIPT nonaliasing data cache, VIPT aliasing instruction cache
[    0.000000] OF: fdt: Machine model: TI AM335x BeagleBone Black
[    0.000000] Memory policy: Data cache writeback
[    0.000000] cma: Reserved 16 MiB at 0x9e800000
[    0.000000] Zone ranges:
[    0.000000]   Normal   [mem 0x0000000080000000-0x000000009fdfffff]
[    0.000000]   HighMem  empty
[    0.000000] Movable zone start for each node
[    0.000000] Early memory node ranges
[    0.000000]   node   0: [mem 0x0000000080000000-0x000000009fdfffff]
[    0.000000] Initmem setup node 0 [mem 0x0000000080000000-0x000000009fdfffff]
[    0.000000] On node 0, zone Normal: 512 pages in unavailable ranges
[    0.000000] OF: reserved mem: Reserved memory: No reserved-memory node in the DT
[    0.000000] CPU: All CPU(s) started in SVC mode.
[    0.000000] AM335X ES2.1 (sgx neon)
[    0.000000] percpu: Embedded 17 pages/cpu s39820 r8192 d21620 u69632
[    0.000000] pcpu-alloc: s39820 r8192 d21620 u69632 alloc=17*4096
[    0.000000] pcpu-alloc: [0] 0 
[    0.000000] Kernel command line: console=ttyO0,115200n8 root=/dev/nfs rw nfsroot=192.168.255.126:/home/user01/nfs,nfsvers=3 ip=192.168.255.1:192.168.255.126::255.255.255.0:bbb1:eth0 nfsrootdebug
[    0.000000] Unknown kernel command line parameters "nfsrootdebug", will be passed to user space.
[    0.000000] printk: log buffer data + meta data: 65536 + 204800 = 270336 bytes
[    0.000000] Dentry cache hash table entries: 65536 (order: 6, 262144 bytes, linear)
[    0.000000] Inode-cache hash table entries: 32768 (order: 5, 131072 bytes, linear)
[    0.000000] Built 1 zonelists, mobility grouping on.  Total pages: 130560
[    0.000000] mem auto-init: stack:off, heap alloc:off, heap free:off
[    0.000000] SLUB: HWalign=16, Order=0-3, MinObjects=0, CPUs=1, Nodes=1
[    0.000000] rcu: Hierarchical RCU implementation.
[    0.000000] rcu: 	RCU event tracing is enabled.
[    0.000000] rcu: 	RCU restricting CPUs from NR_CPUS=2 to nr_cpu_ids=1.
[    0.000000] 	Tracing variant of Tasks RCU enabled.
[    0.000000] rcu: RCU calculated value of scheduler-enlistment delay is 10 jiffies.
[    0.000000] rcu: Adjusting geometry for rcu_fanout_leaf=16, nr_cpu_ids=1
[    0.000000] RCU Tasks Trace: Setting shift to 0 and lim to 1 rcu_task_cb_adjust=1 rcu_task_cpu_ids=1.
[    0.000000] NR_IRQS: 16, nr_irqs: 16, preallocated irqs: 16
[    0.000000] IRQ: Found an INTC at 0x(ptrval) (revision 5.0) with 128 interrupts
[    0.000000] rcu: srcu_init: Setting srcu_struct sizes based on contention.
[    0.000000] TI gptimer clocksource: always-on /ocp/interconnect@44c00000/segment@200000/target-module@31000
[    0.000003] sched_clock: 32 bits at 24MHz, resolution 41ns, wraps every 89478484971ns
[    0.000028] clocksource: dmtimer: mask: 0xffffffff max_cycles: 0xffffffff, max_idle_ns: 79635851949 ns
[    0.000530] TI gptimer clockevent: 24000000 Hz at /ocp/interconnect@48000000/segment@0/target-module@40000
[    0.002157] Console: colour dummy device 80x30
[    0.002222] WARNING: Your 'console=ttyO0' has been replaced by 'ttyS0'
[    0.002231] This ensures that you still see kernel messages. Please
[    0.002235] update your kernel commandline.
[    0.002278] Calibrating delay loop... 996.14 BogoMIPS (lpj=4980736)
[    0.090578] CPU: Testing write buffer coherency: ok
[    0.090687] CPU0: Spectre v2: using BPIALL workaround
[    0.090698] pid_max: default: 32768 minimum: 301
[    0.090853] LSM: initializing lsm=capability
[    0.091016] Mount-cache hash table entries: 1024 (order: 0, 4096 bytes, linear)
[    0.091035] Mountpoint-cache hash table entries: 1024 (order: 0, 4096 bytes, linear)
[    0.092585] CPU0: thread -1, cpu 0, socket -1, mpidr 0
[    0.092645] cacheinfo: Unable to detect cache hierarchy for CPU 0
[    0.094646] Setting up static identity map for 0x80100000 - 0x80100078
[    0.094981] rcu: Hierarchical SRCU implementation.
[    0.094992] rcu: 	Max phase no-delay instances is 1000.
[    0.096697] smp: Bringing up secondary CPUs ...
[    0.096754] smp: Brought up 1 node, 1 CPU
[    0.096768] SMP: Total of 1 processors activated (996.14 BogoMIPS).
[    0.096779] CPU: All CPU(s) started in SVC mode.
[    0.096979] Memory: 480856K/522240K available (11264K kernel code, 1218K rwdata, 2936K rodata, 1024K init, 253K bss, 23352K reserved, 16384K cma-reserved, 0K highmem)
[    0.097804] devtmpfs: initialized
[    0.115078] VFP support v0.3: implementor 41 architecture 3 part 30 variant c rev 3
[    0.115731] clocksource: jiffies: mask: 0xffffffff max_cycles: 0xffffffff, max_idle_ns: 19112604462750000 ns
[    0.115787] posixtimers hash table entries: 512 (order: 0, 4096 bytes, linear)
[    0.115814] futex hash table entries: 256 (16384 bytes on 1 NUMA nodes, total 16 KiB, linear).
[    0.116947] pinctrl core: initialized pinctrl subsystem
[    0.119093] NET: Registered PF_NETLINK/PF_ROUTE protocol family
[    0.122254] DMA: preallocated 256 KiB pool for atomic coherent allocations
[    0.122867] audit: initializing netlink subsys (disabled)
[    0.124195] thermal_sys: Registered thermal governor 'fair_share'
[    0.124210] thermal_sys: Registered thermal governor 'step_wise'
[    0.124220] thermal_sys: Registered thermal governor 'user_space'
[    0.124329] audit: type=2000 audit(0.120:1): state=initialized audit_enabled=0 res=1
[    0.124399] cpuidle: using governor menu
[    0.142399] /ocp/interconnect@44c00000/segment@200000/target-module@b000/i2c@0/tda19988@70: Fixed dependency cycle(s) with /ocp/interconnect@48000000/segment@300000/target-module@e000/lcdc@0
[    0.143524] /ocp/interconnect@48000000/segment@300000/target-module@e000/lcdc@0: Fixed dependency cycle(s) with /ocp/interconnect@44c00000/segment@200000/target-module@b000/i2c@0/tda19988@70
[    0.145751] No ATAGs?
[    0.145794] hw-breakpoint: debug architecture 0x4 unsupported.
[    0.148911] kprobes: kprobe jump-optimization is enabled. All kprobes are optimized if possible.
[    0.153937] iommu: Default domain type: Translated
[    0.153962] iommu: DMA domain TLB invalidation policy: strict mode
[    0.155534] reg-fixed-voltage fixedregulator0: using DT '/fixedregulator0' for '(default)' GPIO lookup
[    0.155589] of_get_named_gpiod_flags: can't parse 'gpios' property of node '/fixedregulator0[0]'
[    0.155618] of_get_named_gpiod_flags: can't parse 'gpio' property of node '/fixedregulator0[0]'
[    0.155636] reg-fixed-voltage fixedregulator0: using lookup tables for GPIO lookup
[    0.155646] reg-fixed-voltage fixedregulator0: No GPIO consumer (default) found
[    0.161387] SCSI subsystem initialized
[    0.161869] libata version 3.00 loaded.
[    0.162257] pps_core: LinuxPPS API ver. 1 registered
[    0.162267] pps_core: Software ver. 5.3.6 - Copyright 2005-2007 Rodolfo Giometti <giometti@linux.it>
[    0.162291] PTP clock support registered
[    0.171224] vgaarb: loaded
[    0.171602] clocksource: Switched to clocksource dmtimer
[    0.172264] VFS: Disk quotas dquot_6.6.0
[    0.172319] VFS: Dquot-cache hash table entries: 1024 (order 0, 4096 bytes)
[    0.196974] NET: Registered PF_INET protocol family
[    0.197318] IP idents hash table entries: 8192 (order: 4, 65536 bytes, linear)
[    0.198739] tcp_listen_portaddr_hash hash table entries: 512 (order: 0, 4096 bytes, linear)
[    0.198776] Table-perturb hash table entries: 65536 (order: 6, 262144 bytes, linear)
[    0.198795] TCP established hash table entries: 4096 (order: 2, 16384 bytes, linear)
[    0.198840] TCP bind hash table entries: 4096 (order: 4, 65536 bytes, linear)
[    0.198939] TCP: Hash tables configured (established 4096 bind 4096)
[    0.199061] UDP hash table entries: 256 (order: 1, 14336 bytes, linear)
[    0.199097] UDP-Lite hash table entries: 256 (order: 1, 14336 bytes, linear)
[    0.199281] NET: Registered PF_UNIX/PF_LOCAL protocol family
[    0.200538] RPC: Registered named UNIX socket transport module.
[    0.200558] RPC: Registered udp transport module.
[    0.200563] RPC: Registered tcp transport module.
[    0.200568] RPC: Registered tcp-with-tls transport module.
[    0.200573] RPC: Registered tcp NFSv4.1 backchannel transport module.
[    0.200599] PCI: CLS 0 bytes, default 64
[    0.202139] Initialise system trusted keyrings
[    0.212237] workingset: timestamp_bits=14 max_order=17 bucket_order=3
[    0.213632] NFS: Registering the id_resolver key type
[    0.213695] Key type id_resolver registered
[    0.213703] Key type id_legacy registered
[    0.213809] jffs2: version 2.2. (NAND) (SUMMARY)  Â© 2001-2006 Red Hat, Inc.
[    0.214269] Key type asymmetric registered
[    0.214284] Asymmetric key parser 'x509' registered
[    0.214358] io scheduler mq-deadline registered
[    0.214369] io scheduler kyber registered
[    0.214451] io scheduler bfq registered
[    0.216331] target-module@4b000000:target-module@140000:pmu@0:fck: device ID is greater than 24
[    0.222525] l3-aon-clkctrl:0000:0: failed to disable
[    0.232065] ledtrig-cpu: registered to indicate activity on CPUs
[    0.235814] Serial: 8250/16550 driver, 6 ports, IRQ sharing enabled
[    0.282349] brd: module loaded
[    0.290769] loop: module loaded
[    0.291858] mtdoops: mtd device (mtddev=name/number) must be supplied
[    0.293582] mdio_bus fixed-0: using lookup tables for GPIO lookup
[    0.293608] mdio_bus fixed-0: No GPIO consumer reset found
[    0.295019] i2c_dev: i2c /dev entries driver
[    0.296020] cpuidle: enable-method property 'ti,am3352' found operations
[    0.296468] sdhci: Secure Digital Host Controller Interface driver
[    0.296477] sdhci: Copyright(c) Pierre Ossman
[    0.296653] sdhci-pltfm: SDHCI platform and OF driver helper
[    0.317191] hw perfevents: enabled with armv7_cortex_a8 PMU driver, 5 (8000000f) counters available
[    0.317729] Initializing XFRM netlink socket
[    0.317919] NET: Registered PF_INET6 protocol family
[    0.323582] l3-aon-clkctrl:0000:0: failed to disable
[    0.325216] Segment Routing with IPv6
[    0.325300] In-situ OAM (IOAM) with IPv6
[    0.325396] sit: IPv6, IPv4 and MPLS over IPv4 tunneling driver
[    0.326390] NET: Registered PF_PACKET protocol family
[    0.326419] NET: Registered PF_KEY protocol family
[    0.326570] Key type dns_resolver registered
[    0.326793] ThumbEE CPU extension supported.
[    0.326812] Registering SWP/SWPB emulation handler
[    0.327348] omap_voltage_late_init: Voltage driver support not added
[    0.328006] SmartReflex Class3 initialized
[    0.358863] Loading compiled-in X.509 certificates
[    0.403942] /ocp/interconnect@44c00000/segment@200000/target-module@b000/i2c@0/tda19988@70: Fixed dependency cycle(s) with /ocp/interconnect@48000000/segment@300000/target-module@e000/lcdc@0
[    0.410370] /ocp/interconnect@44c00000/segment@200000/target-module@b000/i2c@0/tda19988@70: Fixed dependency cycle(s) with /ocp/interconnect@48000000/segment@300000/target-module@e000/lcdc@0
[    0.416117] gpiochip_find_base_unlocked: found new base at 512
[    0.437928] /ocp/interconnect@44c00000/segment@200000/target-module@b000/i2c@0/tda19988@70: Fixed dependency cycle(s) with /ocp/interconnect@48000000/segment@300000/target-module@e000/lcdc@0
[    0.438803] /ocp/interconnect@44c00000/segment@200000/target-module@b000/i2c@0/tda19988@70: Fixed dependency cycle(s) with /ocp/interconnect@48000000/segment@300000/target-module@e000/lcdc@0
[    0.442492] /ocp/interconnect@44c00000/segment@200000/target-module@10000/scm@0/pinmux@800: Fixed dependency cycle(s) with /ocp/interconnect@44c00000/segment@200000/target-module@10000/scm@0/pinmux@800/clkout2-pins
[    0.443111] pinctrl-single 44e10800.pinmux: 142 pins, size 568
[    0.448415] ti-sysc 44e31000.target-module: probe with driver ti-sysc failed with error -16
[    0.478054] /ocp/interconnect@48000000/segment@300000/target-module@e000/lcdc@0: Fixed dependency cycle(s) with /ocp/interconnect@44c00000/segment@200000/target-module@b000/i2c@0/tda19988@70
[    0.486484] ti-sysc 48040000.target-module: probe with driver ti-sysc failed with error -16
[    0.498091] gpiochip_find_base_unlocked: found new base at 512
[    0.498197] gpio gpiochip0: (gpio-0-31): created GPIO range 0->7 ==> 44e10800.pinmux PIN 0->7
[    0.498217] gpio gpiochip0: (gpio-0-31): created GPIO range 8->11 ==> 44e10800.pinmux PIN 90->93
[    0.498233] gpio gpiochip0: (gpio-0-31): created GPIO range 12->27 ==> 44e10800.pinmux PIN 12->27
[    0.498248] gpio gpiochip0: (gpio-0-31): created GPIO range 28->31 ==> 44e10800.pinmux PIN 30->33
[    0.523025] gpio gpiochip0: (gpio-0-31): added GPIO chardev (254:0)
[    0.523250] gpio gpiochip0: registered GPIOs 512 to 543 on gpio-0-31
[    0.523334] OMAP GPIO hardware version 0.1
[    0.570325] i2c i2c-2: using DT '/ocp/interconnect@48000000/segment@100000/target-module@9c000/i2c@0' for 'scl' GPIO lookup
[    0.570402] of_get_named_gpiod_flags: can't parse 'scl-gpios' property of node '/ocp/interconnect@48000000/segment@100000/target-module@9c000/i2c@0[0]'
[    0.570446] of_get_named_gpiod_flags: can't parse 'scl-gpio' property of node '/ocp/interconnect@48000000/segment@100000/target-module@9c000/i2c@0[0]'
[    0.570484] i2c i2c-2: using lookup tables for GPIO lookup
[    0.570493] i2c i2c-2: No GPIO consumer scl found
[    0.570514] i2c i2c-2: using DT '/ocp/interconnect@48000000/segment@100000/target-module@9c000/i2c@0' for 'sda' GPIO lookup
[    0.570550] of_get_named_gpiod_flags: can't parse 'sda-gpios' property of node '/ocp/interconnect@48000000/segment@100000/target-module@9c000/i2c@0[0]'
[    0.570587] of_get_named_gpiod_flags: can't parse 'sda-gpio' property of node '/ocp/interconnect@48000000/segment@100000/target-module@9c000/i2c@0[0]'
[    0.570618] i2c i2c-2: using lookup tables for GPIO lookup
[    0.570626] i2c i2c-2: No GPIO consumer sda found
[    0.571345] omap_i2c 4819c000.i2c: bus 2 rev0.11 at 100 kHz
[    0.577072] gpiochip_find_base_unlocked: found new base at 544
[    0.577189] gpio gpiochip1: (gpio-32-63): created GPIO range 0->17 ==> 44e10800.pinmux PIN 34->51
[    0.577210] gpio gpiochip1: (gpio-32-63): created GPIO range 18->21 ==> 44e10800.pinmux PIN 77->80
[    0.577226] gpio gpiochip1: (gpio-32-63): created GPIO range 22->31 ==> 44e10800.pinmux PIN 56->65
[    0.578055] gpio gpiochip1: (gpio-32-63): added GPIO chardev (254:1)
[    0.578266] gpio gpiochip1: registered GPIOs 544 to 575 on gpio-32-63
[    0.580488] gpiochip_find_base_unlocked: found new base at 576
[    0.580583] gpio gpiochip2: (gpio-64-95): created GPIO range 0->4 ==> 44e10800.pinmux PIN 66->70
[    0.580609] gpio gpiochip2: (gpio-64-95): created GPIO range 5->6 ==> 44e10800.pinmux PIN 98->99
[    0.580627] gpio gpiochip2: (gpio-64-95): created GPIO range 7->8 ==> 44e10800.pinmux PIN 75->76
[    0.580642] gpio gpiochip2: (gpio-64-95): created GPIO range 13->13 ==> 44e10800.pinmux PIN 141->141
[    0.580658] gpio gpiochip2: (gpio-64-95): created GPIO range 14->21 ==> 44e10800.pinmux PIN 100->107
[    0.581283] gpio gpiochip2: (gpio-64-95): added GPIO chardev (254:2)
[    0.581489] gpio gpiochip2: registered GPIOs 576 to 607 on gpio-64-95
[    0.587317] 48000000.interconnect:segment@200000:target-module@0:mpu@0:fck: device ID is greater than 24
[    0.588211] /ocp/interconnect@48000000/segment@300000/target-module@e000/lcdc@0: Fixed dependency cycle(s) with /ocp/interconnect@44c00000/segment@200000/target-module@b000/i2c@0/tda19988@70
[    0.591070] /ocp/interconnect@48000000/segment@300000/target-module@e000/lcdc@0: Fixed dependency cycle(s) with /ocp/interconnect@44c00000/segment@200000/target-module@b000/i2c@0/tda19988@70
[    0.591949] /ocp/interconnect@44c00000/segment@200000/target-module@b000/i2c@0/tda19988@70: Fixed dependency cycle(s) with /ocp/interconnect@48000000/segment@300000/target-module@e000/lcdc@0
[    0.592124] /ocp/interconnect@48000000/segment@300000/target-module@e000/lcdc@0: Fixed dependency cycle(s) with /ocp/interconnect@44c00000/segment@200000/target-module@b000/i2c@0/tda19988@70
[    0.601911] mdio_bus 4a101000.mdio: using DT '/ocp/interconnect@4a000000/segment@0/target-module@100000/switch@0/mdio@1000' for 'reset' GPIO lookup
[    0.601984] of_get_named_gpiod_flags: can't parse 'reset-gpios' property of node '/ocp/interconnect@4a000000/segment@0/target-module@100000/switch@0/mdio@1000[0]'
[    0.602031] of_get_named_gpiod_flags: can't parse 'reset-gpio' property of node '/ocp/interconnect@4a000000/segment@0/target-module@100000/switch@0/mdio@1000[0]'
[    0.602080] mdio_bus 4a101000.mdio: using lookup tables for GPIO lookup
[    0.602090] mdio_bus 4a101000.mdio: No GPIO consumer reset found
[    0.603030] sdhci-omap 481d8000.mmc: using DT '/ocp/interconnect@48000000/segment@100000/target-module@d8000/mmc@0' for 'wp' GPIO lookup
[    0.603088] of_get_named_gpiod_flags: can't parse 'wp-gpios' property of node '/ocp/interconnect@48000000/segment@100000/target-module@d8000/mmc@0[0]'
[    0.603128] of_get_named_gpiod_flags: can't parse 'wp-gpio' property of node '/ocp/interconnect@48000000/segment@100000/target-module@d8000/mmc@0[0]'
[    0.603164] sdhci-omap 481d8000.mmc: using lookup tables for GPIO lookup
[    0.603173] sdhci-omap 481d8000.mmc: No GPIO consumer wp found
[    0.603367] sdhci-omap 481d8000.mmc: supply pbias not found, using dummy regulator
[    0.603855] sdhci-omap 481d8000.mmc: supply vqmmc not found, using dummy regulator
[    0.664357] davinci_mdio 4a101000.mdio: davinci mdio revision 1.6, bus freq 1000000
[    0.679369] mdio_bus 4a101000.mdio:00: using DT '/ocp/interconnect@4a000000/segment@0/target-module@100000/switch@0/mdio@1000/ethernet-phy@0' for 'reset' GPIO lookup
[    0.679469] of_get_named_gpiod_flags: parsed 'reset-gpios' property of node '/ocp/interconnect@4a000000/segment@0/target-module@100000/switch@0/mdio@1000/ethernet-phy@0[0]' - status (0)
[    0.679633] gpio gpiochip0: Persistence not supported for GPIO 8
[    0.829556] davinci_mdio 4a101000.mdio: phy[0]: device 4a101000.mdio:00, driver SMSC LAN8710/LAN8720
[    0.830356] cpsw-switch 4a100000.switch: initialized cpsw ale version 1.4
[    0.830378] cpsw-switch 4a100000.switch: ALE Table size 1024, Policers 0
[    0.830529] cpsw-switch 4a100000.switch: cpts: overflow check period 500 (jiffies)
[    0.830545] cpsw-switch 4a100000.switch: CPTS: ref_clk_freq:250000000 calc_mult:2147483648 calc_shift:29 error:0 nsec/sec
[    0.830652] cpsw-switch 4a100000.switch: Detected MACID = 6c:ec:eb:68:de:78
[    0.832732] cpsw-switch 4a100000.switch: initialized (regs 0x4a100000, pool size 256) hw_ver:0019010C 1.12 (0)
[    0.843795] debugfs: '49000000.dma' already exists in 'dmaengine'
[    0.843838] edma 49000000.dma: TI EDMA DMA engine driver
[    0.893033] gpio-clk clk_mcasp0: using DT '/clk_mcasp0' for 'enable' GPIO lookup
[    0.893113] of_get_named_gpiod_flags: parsed 'enable-gpios' property of node '/clk_mcasp0[0]' - status (0)
[    0.893156] gpio gpiochip0: Persistence not supported for GPIO 27
[    0.894021] gpiochip_find_base_unlocked: found new base at 608
[    0.894140] gpio gpiochip3: (gpio-96-127): created GPIO range 0->7 ==> 44e10800.pinmux PIN 82->89
[    0.894161] gpio gpiochip3: (gpio-96-127): created GPIO range 8->11 ==> 44e10800.pinmux PIN 52->55
[    0.894176] gpio gpiochip3: (gpio-96-127): created GPIO range 12->15 ==> 44e10800.pinmux PIN 94->97
[    0.894192] gpio gpiochip3: (gpio-96-127): created GPIO range 16->17 ==> 44e10800.pinmux PIN 71->72
[    0.894207] gpio gpiochip3: (gpio-96-127): created GPIO range 18->18 ==> 44e10800.pinmux PIN 135->135
[    0.894223] gpio gpiochip3: (gpio-96-127): created GPIO range 19->20 ==> 44e10800.pinmux PIN 108->109
[    0.894240] gpio gpiochip3: (gpio-96-127): created GPIO range 21->21 ==> 44e10800.pinmux PIN 73->73
[    0.894257] gpio gpiochip3: (gpio-96-127): created GPIO range 22->23 ==> 44e10800.pinmux PIN 8->9
[    0.894274] gpio gpiochip3: (gpio-96-127): created GPIO range 26->27 ==> 44e10800.pinmux PIN 10->11
[    0.894292] gpio gpiochip3: (gpio-96-127): created GPIO range 28->28 ==> 44e10800.pinmux PIN 74->74
[    0.894310] gpio gpiochip3: (gpio-96-127): created GPIO range 29->29 ==> 44e10800.pinmux PIN 81->81
[    0.894328] gpio gpiochip3: (gpio-96-127): created GPIO range 30->31 ==> 44e10800.pinmux PIN 28->29
[    0.902408] gpio gpiochip3: (gpio-96-127): added GPIO chardev (254:3)
[    0.902652] gpio gpiochip3: registered GPIOs 608 to 639 on gpio-96-127
[    0.922382] omap8250 44e09000.serial: using DT '/ocp/interconnect@44c00000/segment@200000/target-module@9000/serial@0' for 'rs485-term' GPIO lookup
[    0.922456] of_get_named_gpiod_flags: can't parse 'rs485-term-gpios' property of node '/ocp/interconnect@44c00000/segment@200000/target-module@9000/serial@0[0]'
[    0.922501] of_get_named_gpiod_flags: can't parse 'rs485-term-gpio' property of node '/ocp/interconnect@44c00000/segment@200000/target-module@9000/serial@0[0]'
[    0.922537] omap8250 44e09000.serial: using lookup tables for GPIO lookup
[    0.922547] omap8250 44e09000.serial: No GPIO consumer rs485-term found
[    0.922557] omap8250 44e09000.serial: using DT '/ocp/interconnect@44c00000/segment@200000/target-module@9000/serial@0' for 'rs485-rx-during-tx' GPIO lookup
[    0.922592] of_get_named_gpiod_flags: can't parse 'rs485-rx-during-tx-gpios' property of node '/ocp/interconnect@44c00000/segment@200000/target-module@9000/serial@0[0]'
[    0.922630] of_get_named_gpiod_flags: can't parse 'rs485-rx-during-tx-gpio' property of node '/ocp/interconnect@44c00000/segment@200000/target-module@9000/serial@0[0]'
