Labgrid Console Logfile for main
Logfile started at 2024-12-14 21:26:13.515713
=== Log starts here ===

U-Boot SPL 2014.04-00014-g47880f5 (Apr 22 2014 - 13:23:54)
reading args
spl_load_image_fat_os: error reading image args, err - -1
reading u-boot.img
reading u-boot.img


U-Boot 2014.04-00014-g47880f5 (Apr 22 2014 - 13:23:54)

I2C:   ready
DRAM:  512 MiB
NAND:  0 MiB
MMC:   OMAP SD/MMC: 0, OMAP SD/MMC: 1
*** Warning - readenv() failed, using default environment

Net:   <ethaddr> not set. Validating first E-fuse MAC
cpsw, usb_ether
Hit any key to stop autoboot:  1  0 
gpio: pin 53 (gpio 53) value is 1
mmc0 is current device
gpio: pin 54 (gpio 54) value is 1
SD/MMC found on device 0
reading uEnv.txt
584 bytes read in 4 ms (142.6 KiB/s)
gpio: pin 55 (gpio 55) value is 1
Loaded environment from uEnv.txt
Importing environment from mmc ...
Checking if uenvcmd is set ...
gpio: pin 56 (gpio 56) value is 1
Running uenvcmd ...
cpsw Waiting for PHY auto negotiation to complete. done
link up on port 0, speed 100, full duplex
Using cpsw device
TFTP from server 192.168.255.126; our IP address is 192.168.255.1
Filename 'zImage'.
Load address: 0x81000000
Loading: *#################################################################
	 #################################################################
	 #################################################################
	 #################################################################
	 #################################################################
	 #####
	 2.4 MiB/s
done
Bytes transferred = 4841328 (49df70 hex)
link up on port 0, speed 100, full duplex
Using cpsw device
TFTP from server 192.168.255.126; our IP address is 192.168.255.1
Filename 'am335x-boneblack.dtb'.
Load address: 0x82000000
Loading: *#######
	 2.2 MiB/s
done
Bytes transferred = 94748 (1721c hex)
Kernel image @ 0x81000000 [ 0x000000 - 0x49df70 ]
## Flattened Device Tree blob at 82000000
   Booting using the fdt blob at 0x82000000
   Using Device Tree in place at 82000000, end 8201a21b

Starting kernel ...

[    0.000000] Booting Linux on physical CPU 0x0
[    0.000000] Linux version 5.15.174 (user01@drvtest01) (arm-linux-gnueabihf-gcc (Linaro GCC 6.4-2017.11) 6.4.1 20171012, GNU ld (Linaro_Binutils-2017.11) 2.27.0.20161229) #10 SMP Sat Dec 14 21:25:12 EET 2024
[    0.000000] CPU: ARMv7 Processor [413fc082] revision 2 (ARMv7), cr=10c5387d
[    0.000000] CPU: PIPT / VIPT nonaliasing data cache, VIPT aliasing instruction cache
[    0.000000] OF: fdt: Machine model: TI AM335x BeagleBone Black
[    0.000000] earlycon: omap8250 at MMIO 0x44e09000 (options '')
[    0.000000] printk: bootconsole [omap8250] enabled
[    0.000000] Memory policy: Data cache writeback
[    0.000000] cma: Reserved 16 MiB at 0x9e800000
[    0.000000] Zone ranges:
[    0.000000]   Normal   [mem 0x0000000080000000-0x000000009fdfffff]
[    0.000000]   HighMem  empty
[    0.000000] Movable zone start for each node
[    0.000000] Early memory node ranges
[    0.000000]   node   0: [mem 0x0000000080000000-0x000000009fdfffff]
[    0.000000] Initmem setup node 0 [mem 0x0000000080000000-0x000000009fdfffff]
[    0.000000] CPU: All CPU(s) started in SVC mode.
[    0.000000] AM335X ES2.1 (sgx neon)
[    0.000000] percpu: Embedded 16 pages/cpu s33804 r8192 d23540 u65536
[    0.000000] pcpu-alloc: s33804 r8192 d23540 u65536 alloc=16*4096
[    0.000000] pcpu-alloc: [0] 0 
[    0.000000] Built 1 zonelists, mobility grouping on.  Total pages: 129412
[    0.000000] Kernel command line: console=ttyO0,115200n8 debug earlycon root=/dev/nfs rw nfsroot=192.168.255.126:/home/user01/nfs,nfsvers=3 ip=192.168.255.1:192.168.255.126::255.255.255.0:bbb1:eth0 nfsrootdebug
[    0.000000] Unknown kernel command line parameters "nfsrootdebug", will be passed to user space.
[    0.000000] Dentry cache hash table entries: 65536 (order: 6, 262144 bytes, linear)
[    0.000000] Inode-cache hash table entries: 32768 (order: 5, 131072 bytes, linear)
[    0.000000] mem auto-init: stack:off, heap alloc:off, heap free:off
[    0.000000] Memory: 484752K/522240K available (10240K kernel code, 1079K rwdata, 2392K rodata, 1024K init, 246K bss, 21104K reserved, 16384K cma-reserved, 0K highmem)
[    0.000000] trace event string verifier disabled
[    0.000000] rcu: Hierarchical RCU implementation.
[    0.000000] rcu: 	RCU event tracing is enabled.
[    0.000000] rcu: 	RCU restricting CPUs from NR_CPUS=2 to nr_cpu_ids=1.
[    0.000000] rcu: RCU calculated value of scheduler-enlistment delay is 10 jiffies.
[    0.000000] rcu: Adjusting geometry for rcu_fanout_leaf=16, nr_cpu_ids=1
[    0.000000] NR_IRQS: 16, nr_irqs: 16, preallocated irqs: 16
[    0.000000] IRQ: Found an INTC at 0x(ptrval) (revision 5.0) with 128 interrupts
[    0.000000] TI gptimer clocksource: always-on /ocp/interconnect@44c00000/segment@200000/target-module@31000
[    0.000002] sched_clock: 32 bits at 24MHz, resolution 41ns, wraps every 89478484971ns
[    0.008069] clocksource: dmtimer: mask: 0xffffffff max_cycles: 0xffffffff, max_idle_ns: 79635851949 ns
[    0.018057] TI gptimer clockevent: 24000000 Hz at /ocp/interconnect@48000000/segment@0/target-module@40000
[    0.029832] Console: colour dummy device 80x30
[    0.034449] WARNING: Your 'console=ttyO0' has been replaced by 'ttyS0'
[    0.041238] This ensures that you still see kernel messages. Please
[    0.047685] update your kernel commandline.
[    0.052038] Calibrating delay loop... 996.14 BogoMIPS (lpj=4980736)
[    0.094531] CPU: Testing write buffer coherency: ok
[    0.099645] CPU0: Spectre v2: using BPIALL workaround
[    0.104844] pid_max: default: 32768 minimum: 301
[    0.109748] LSM: Security Framework initializing
[    0.114681] Mount-cache hash table entries: 1024 (order: 0, 4096 bytes, linear)
[    0.122238] Mountpoint-cache hash table entries: 1024 (order: 0, 4096 bytes, linear)
[    0.131853] CPU0: thread -1, cpu 0, socket -1, mpidr 0
[    0.138290] Setting up static identity map for 0x80100000 - 0x80100078
[    0.145252] rcu: Hierarchical SRCU implementation.
[    0.151420] smp: Bringing up secondary CPUs ...
[    0.156095] smp: Brought up 1 node, 1 CPU
[    0.160279] SMP: Total of 1 processors activated (996.14 BogoMIPS).
[    0.166729] CPU: All CPU(s) started in SVC mode.
[    0.172303] devtmpfs: initialized
[    0.190233] VFP support v0.3: implementor 41 architecture 3 part 30 variant c rev 3
[    0.198519] clocksource: jiffies: mask: 0xffffffff max_cycles: 0xffffffff, max_idle_ns: 19112604462750000 ns
[    0.208692] futex hash table entries: 256 (order: 2, 16384 bytes, linear)
[    0.217033] pinctrl core: initialized pinctrl subsystem
[    0.224600] NET: Registered PF_NETLINK/PF_ROUTE protocol family
[    0.233562] DMA: preallocated 256 KiB pool for atomic coherent allocations
[    0.241276] audit: initializing netlink subsys (disabled)
[    0.248142] thermal_sys: Registered thermal governor 'fair_share'
[    0.248161] thermal_sys: Registered thermal governor 'step_wise'
[    0.254434] thermal_sys: Registered thermal governor 'user_space'
[    0.261000] cpuidle: using governor menu
[    0.287864] No ATAGs?
[    0.290323] hw-breakpoint: debug architecture 0x4 unsupported.
[    0.304597] kprobes: kprobe jump-optimization is enabled. All kprobes are optimized if possible.
[    0.313842] audit: type=2000 audit(0.210:1): state=initialized audit_enabled=0 res=1
[    0.327119] reg-fixed-voltage fixedregulator0: GPIO lookup for consumer (null)
[    0.334706] reg-fixed-voltage fixedregulator0: using device tree for GPIO lookup
[    0.342375] of_get_named_gpiod_flags: can't parse 'gpios' property of node '/fixedregulator0[0]'
[    0.351466] of_get_named_gpiod_flags: can't parse 'gpio' property of node '/fixedregulator0[0]'
[    0.360447] reg-fixed-voltage fixedregulator0: using lookup tables for GPIO lookup
[    0.368252] reg-fixed-voltage fixedregulator0: No GPIO consumer (null) found
[    0.376672] iommu: Default domain type: Translated 
[    0.381749] iommu: DMA domain TLB invalidation policy: strict mode 
[    0.389518] vgaarb: loaded
[    0.392830] SCSI subsystem initialized
[    0.397099] libata version 3.00 loaded.
[    0.401504] pps_core: LinuxPPS API ver. 1 registered
[    0.406617] pps_core: Software ver. 5.3.6 - Copyright 2005-2007 Rodolfo Giometti <giometti@linux.it>
[    0.416080] PTP clock support registered
[    0.421859] clocksource: Switched to clocksource dmtimer
[    0.473187] VFS: Disk quotas dquot_6.6.0
[    0.477346] VFS: Dquot-cache hash table entries: 1024 (order 0, 4096 bytes)
[    0.577836] NET: Registered PF_INET protocol family
[    0.583291] IP idents hash table entries: 8192 (order: 4, 65536 bytes, linear)
[    0.591754] tcp_listen_portaddr_hash hash table entries: 512 (order: 0, 4096 bytes, linear)
[    0.600394] Table-perturb hash table entries: 65536 (order: 6, 262144 bytes, linear)
[    0.608412] TCP established hash table entries: 4096 (order: 2, 16384 bytes, linear)
[    0.616441] TCP bind hash table entries: 4096 (order: 3, 32768 bytes, linear)
[    0.623855] TCP: Hash tables configured (established 4096 bind 4096)
[    0.630507] UDP hash table entries: 256 (order: 1, 8192 bytes, linear)
[    0.637275] UDP-Lite hash table entries: 256 (order: 1, 8192 bytes, linear)
[    0.644649] NET: Registered PF_UNIX/PF_LOCAL protocol family
[    0.714987] RPC: Registered named UNIX socket transport module.
[    0.721105] RPC: Registered udp transport module.
[    0.726001] RPC: Registered tcp transport module.
[    0.730840] RPC: Registered tcp NFSv4.1 backchannel transport module.
[    0.737495] PCI: CLS 0 bytes, default 64
[    0.743050] Initialise system trusted keyrings
[    0.796828] workingset: timestamp_bits=14 max_order=17 bucket_order=3
[    0.804917] NFS: Registering the id_resolver key type
[    0.810186] Key type id_resolver registered
[    0.814581] Key type id_legacy registered
[    0.818762] jffs2: version 2.2. (NAND) (SUMMARY)  Â© 2001-2006 Red Hat, Inc.
[    0.852317] Key type asymmetric registered
[    0.856553] Asymmetric key parser 'x509' registered
[    0.861711] io scheduler mq-deadline registered
[    0.866378] io scheduler kyber registered
[    0.904722] Serial: 8250/16550 driver, 6 ports, IRQ sharing enabled
[    0.947572] brd: module loaded
[    0.968701] loop: module loaded
[    0.972952] mtdoops: mtd device (mtddev=name/number) must be supplied
[    0.980803] mdio_bus fixed-0: GPIO lookup for consumer reset
[    0.986728] mdio_bus fixed-0: using lookup tables for GPIO lookup
[    0.993024] mdio_bus fixed-0: No GPIO consumer reset found
[    0.999722] i2c_dev: i2c /dev entries driver
[    1.005064] cpuidle: enable-method property 'ti,am3352' found operations
[    1.012436] sdhci: Secure Digital Host Controller Interface driver
[    1.018798] sdhci: Copyright(c) Pierre Ossman
[    1.023491] sdhci-pltfm: SDHCI platform and OF driver helper
[    1.085888] ledtrig-cpu: registered to indicate activity on CPUs
[    1.092683] Initializing XFRM netlink socket
[    1.097299] NET: Registered PF_INET6 protocol family
[    1.119539] Segment Routing with IPv6
[    1.123466] In-situ OAM (IOAM) with IPv6
[    1.127597] sit: IPv6, IPv4 and MPLS over IPv4 tunneling driver
[    1.134554] NET: Registered PF_PACKET protocol family
[    1.139789] NET: Registered PF_KEY protocol family
[    1.144984] Key type dns_resolver registered
[    1.149531] ThumbEE CPU extension supported.
[    1.153985] Registering SWP/SWPB emulation handler
[    1.159417] omap_voltage_late_init: Voltage driver support not added
[    1.166365] SmartReflex Class3 initialized
[    1.240095] Loading compiled-in X.509 certificates
[    1.277462] pinctrl-single 44e10800.pinmux: 142 pins, size 568
[    1.287881] ti-sysc: probe of 44e31000.target-module failed with error -16
[    1.352954] ti-sysc: probe of 48040000.target-module failed with error -16
[    1.370050] gpio gpiochip0: (gpio-0-31): created GPIO range 0->7 ==> 44e10800.pinmux PIN 0->7
[    1.378978] gpio gpiochip0: (gpio-0-31): created GPIO range 8->11 ==> 44e10800.pinmux PIN 90->93
[    1.388054] gpio gpiochip0: (gpio-0-31): created GPIO range 12->27 ==> 44e10800.pinmux PIN 12->27
[    1.397211] gpio gpiochip0: (gpio-0-31): created GPIO range 28->31 ==> 44e10800.pinmux PIN 30->33
[    1.493956] gpio gpiochip0: (gpio-0-31): added GPIO chardev (254:0)
[    1.500555] gpio gpiochip0: registered GPIOs 0 to 31 on gpio-0-31
[    1.506943] OMAP GPIO hardware version 0.1
[    1.544541] i2c i2c-2: GPIO lookup for consumer scl
[    1.549595] i2c i2c-2: using device tree for GPIO lookup
[    1.555150] of_get_named_gpiod_flags: can't parse 'scl-gpios' property of node '/ocp/interconnect@48000000/segment@100000/target-module@9c000/i2c@0[0]'
[    1.569172] of_get_named_gpiod_flags: can't parse 'scl-gpio' property of node '/ocp/interconnect@48000000/segment@100000/target-module@9c000/i2c@0[0]'
[    1.583113] i2c i2c-2: using lookup tables for GPIO lookup
[    1.588759] i2c i2c-2: No GPIO consumer scl found
[    1.593630] i2c i2c-2: GPIO lookup for consumer sda
[    1.598649] i2c i2c-2: using device tree for GPIO lookup
[    1.604138] of_get_named_gpiod_flags: can't parse 'sda-gpios' property of node '/ocp/interconnect@48000000/segment@100000/target-module@9c000/i2c@0[0]'
[    1.618146] of_get_named_gpiod_flags: can't parse 'sda-gpio' property of node '/ocp/interconnect@48000000/segment@100000/target-module@9c000/i2c@0[0]'
[    1.632062] i2c i2c-2: using lookup tables for GPIO lookup
[    1.637706] i2c i2c-2: No GPIO consumer sda found
[    1.643225] omap_i2c 4819c000.i2c: bus 2 rev0.11 at 100 kHz
[    1.654235] gpio gpiochip1: (gpio-32-63): created GPIO range 0->17 ==> 44e10800.pinmux PIN 34->51
[    1.663489] gpio gpiochip1: (gpio-32-63): created GPIO range 18->21 ==> 44e10800.pinmux PIN 77->80
[    1.672739] gpio gpiochip1: (gpio-32-63): created GPIO range 22->31 ==> 44e10800.pinmux PIN 56->65
[    1.723954] gpio gpiochip1: (gpio-32-63): added GPIO chardev (254:1)
[    1.730646] gpio gpiochip1: registered GPIOs 32 to 63 on gpio-32-63
[    1.739391] gpio gpiochip2: (gpio-64-95): created GPIO range 0->4 ==> 44e10800.pinmux PIN 66->70
[    1.748563] gpio gpiochip2: (gpio-64-95): created GPIO range 5->6 ==> 44e10800.pinmux PIN 98->99
[    1.757637] gpio gpiochip2: (gpio-64-95): created GPIO range 7->8 ==> 44e10800.pinmux PIN 75->76
[    1.766705] gpio gpiochip2: (gpio-64-95): created GPIO range 13->13 ==> 44e10800.pinmux PIN 141->141
[    1.776130] gpio gpiochip2: (gpio-64-95): created GPIO range 14->21 ==> 44e10800.pinmux PIN 100->107
[    1.785994] gpio gpiochip2: (gpio-64-95): added GPIO chardev (254:2)
[    1.792697] gpio gpiochip2: registered GPIOs 64 to 95 on gpio-64-95
[    1.816394] mdio_bus 4a101000.mdio: GPIO lookup for consumer reset
[    1.822897] mdio_bus 4a101000.mdio: using device tree for GPIO lookup
[    1.829543] of_get_named_gpiod_flags: can't parse 'reset-gpios' property of node '/ocp/interconnect@4a000000/segment@0/target-module@100000/switch@0/mdio@1000[0]'
[    1.844558] of_get_named_gpiod_flags: can't parse 'reset-gpio' property of node '/ocp/interconnect@4a000000/segment@0/target-module@100000/switch@0/mdio@1000[0]'
[    1.859469] mdio_bus 4a101000.mdio: using lookup tables for GPIO lookup
[    1.866294] mdio_bus 4a101000.mdio: No GPIO consumer reset found
[    1.873422] sdhci-omap 481d8000.mmc: GPIO lookup for consumer wp
[    1.879623] sdhci-omap 481d8000.mmc: using device tree for GPIO lookup
[    1.886430] of_get_named_gpiod_flags: can't parse 'wp-gpios' property of node '/ocp/interconnect@48000000/segment@100000/target-module@d8000/mmc@0[0]'
[    1.900368] of_get_named_gpiod_flags: can't parse 'wp-gpio' property of node '/ocp/interconnect@48000000/segment@100000/target-module@d8000/mmc@0[0]'
[    1.914241] sdhci-omap 481d8000.mmc: using lookup tables for GPIO lookup
[    1.921140] sdhci-omap 481d8000.mmc: No GPIO consumer wp found
[    1.927329] sdhci-omap 481d8000.mmc: supply vqmmc not found, using dummy regulator
[    1.937601] davinci_mdio 4a101000.mdio: davinci mdio revision 1.6, bus freq 1000000
[    1.946982] mdio_bus 4a101000.mdio:00: GPIO lookup for consumer reset
[    1.953733] mdio_bus 4a101000.mdio:00: using device tree for GPIO lookup
[    1.960648] of_get_named_gpiod_flags: can't parse 'reset-gpios' property of node '/ocp/interconnect@4a000000/segment@0/target-module@100000/switch@0/mdio@1000/ethernet-phy@0[0]'
[    1.977044] of_get_named_gpiod_flags: can't parse 'reset-gpio' property of node '/ocp/interconnect@4a000000/segment@0/target-module@100000/switch@0/mdio@1000/ethernet-phy@0[0]'
[    1.993308] mdio_bus 4a101000.mdio:00: using lookup tables for GPIO lookup
[    2.000384] mdio_bus 4a101000.mdio:00: No GPIO consumer reset found
[    2.008037] davinci_mdio 4a101000.mdio: phy[0]: device 4a101000.mdio:00, driver SMSC LAN8710/LAN8720
[    2.018004] cpsw-switch 4a100000.switch: initialized cpsw ale version 1.4
[    2.025072] cpsw-switch 4a100000.switch: ALE Table size 1024
[    2.031168] cpsw-switch 4a100000.switch: cpts: overflow check period 500 (jiffies)
[    2.039022] cpsw-switch 4a100000.switch: CPTS: ref_clk_freq:250000000 calc_mult:2147483648 calc_shift:29 error:0 nsec/sec
[    2.050422] cpsw-switch 4a100000.switch: Detected MACID = 6c:ec:eb:68:de:78
[    2.059194] cpsw-switch 4a100000.switch: initialized (regs 0x4a100000, pool size 256) hw_ver:0019010C 1.12 (0)
[    2.078900] debugfs: Directory '49000000.dma' with parent 'dmaengine' already present!
[    2.087216] edma 49000000.dma: TI EDMA DMA engine driver
[    2.110507] hw perfevents: enabled with armv7_cortex_a8 PMU driver, 5 counters available
[    2.119475] gpio-clk clk_mcasp0: GPIO lookup for consumer enable
[    2.125740] gpio-clk clk_mcasp0: using device tree for GPIO lookup
[    2.132178] of_get_named_gpiod_flags: parsed 'enable-gpios' property of node '/clk_mcasp0[0]' - status (0)
[    2.142240] gpio gpiochip0: Persistence not supported for GPIO 27
[    2.149256] gpio gpiochip3: (gpio-96-127): created GPIO range 0->7 ==> 44e10800 .pinmux PIN 82->89
[    2.158491] gpio gpiochip3: (gpio-96-12 7): created GPIO range 8->11 ==> 44e10800.pinmux PIN 52->55
[     2.167741] gpio gpiochip3: (gpio-96-127): created GPIO rang e 12->15 ==> 44e10800.pinmux PIN 94->97
[    2.177077] gpio g piochip3
[    5.952288] cpsw-switch 4a100000.switch eth0: Link is Up - 100Mbps/Full - flow control off
[    5.961625] IPv6: ADDRCONF(NETDEV_CHANGE): eth0: link becomes ready
[    5.991590] IP-Config: Complete:
[    5.994846]      device=eth0, hwaddr=6c:ec:eb:68:de:78, ipaddr=192.168.255.1, mask=255.255.255.0, gw=255.255.255.255
[    6.005462]      host=bbb1, domain=, nis-domain=(none)
[    6.010625]      bootserver=192.168.255.126, rootserver=192.168.255.126, rootpath=
[    6.011009] clk: Disabling unused clocks
[    6.022865] TAP version 14
[    6.025590] 1..0
[    6.054789] VFS: Mounted root (nfs filesystem) on device 0:16.
[    6.061472] devtmpfs: mounted
[    6.065947] Freeing unused kernel image (initmem) memory: 1024K
[    6.072605] Run /sbin/init as init process
[    6.076731]   with arguments:
[    6.079712]     /sbin/init
[    6.082483]     nfsrootdebug
[    6.085378]   with environment:
[    6.088529]     HOME=/
[    6.090897]     TERM=linux
[    6.777021] systemd[1]: System time before build time, advancing clock.
[    6.971526] random: systemd: uninitialized urandom read (16 bytes read)
[    6.983803] random: systemd: uninitialized urandom read (16 bytes read)
[    6.990915] systemd[1]: Mounting cgroup to /sys/fs/cgroup/cpu,cpuacct of type cgroup with options cpu,cpuacct.
[    7.002318] systemd[1]: Mounting cgroup to /sys/fs/cgroup/freezer of type cgroup with options freezer.
[    7.012402] systemd[1]: Mounting cgroup to /sys/fs/cgroup/devices of type cgroup with options devices.
[    7.022380] systemd[1]: Mounting cgroup to /sys/fs/cgroup/cpuset of type cgroup with options cpuset.
[    7.032278] systemd[1]: Mounting cgroup to /sys/fs/cgroup/perf_event of type cgroup with options perf_event.
[    7.042767] systemd[1]: Mounting cgroup to /sys/fs/cgroup/net_cls of type cgroup with options net_cls.
[    7.052731] systemd[1]: Mounting cgroup to /sys/fs/cgroup/memory of type cgroup with options memory.
[    7.062638] systemd[1]: Mounting cgroup to /sys/fs/cgroup/blkio of type cgroup with options blkio.
[    7.072194] systemd[1]: systemd 232 running in system mode. (+PAM +AUDIT +SELINUX +IMA +APPARMOR +SMACK +SYSVINIT +UTMP +LIBCRYPTSETUP +GCRYPT +GNUTLS +ACL +XZ +LZ4 +SECCOMP +BLKID +ELFUTILS +KMOD +IDN)
[    7.090588] systemd[1]: No virtualization found in DMI

Welcome to [1mDebian GNU/Linux 9 (stretch)[0m!

[    7.495279] systemd-fstab-generator[80]: Parsing /etc/fstab
[    7.545338] random: systemd-cryptse: uninitialized urandom read (16 bytes read)
[    7.554180] systemd-gpt-auto-generator[77]: Neither root nor /usr file system are on a (single) block device.
[    7.572066] systemd-getty-generator[82]: Automatically adding serial getty for /dev/ttyS0.
[    7.627854] systemd-sysv-generator[85]: Native unit for sudo.service already exists, skipping.
[    7.638550] systemd-sysv-generator[85]: Native unit for apache-htcacheclean.service already exists, skipping.
[    7.653348] systemd-sysv-generator[85]: Native unit for kmod.service already exists, skipping.
[    7.663917] systemd-sysv-generator[85]: Native unit for dbus.service already exists, skipping.
[    7.675097] systemd-sysv-generator[85]: Cannot find unit hostapd.service.
[    7.683941] systemd-sysv-generator[85]: Cannot find unit loadcpufreq.service.
[    7.692949] systemd-sysv-generator[85]: Native unit for ofono.service already exists, skipping.
[    7.703647] systemd-sysv-generator[85]: Native unit for avahi-daemon.service already exists, skipping.
[    7.714953] systemd-sysv-generator[85]: Native unit for cron.service already exists, skipping.
[    7.726418] systemd-sysv-generator[85]: Native unit for hwclock.service already exists, skipping.
[    7.796274] printk: systemd-sysv-ge: 61 output lines suppressed due to ratelimiting
[    7.976685] random: systemd: uninitialized urandom read (16 bytes read)
[    7.983970] random: systemd: uninitialized urandom read (16 bytes read)
[    8.036391] random: systemd: uninitialized urandom read (16 bytes read)
[[0;32m  OK  [0m] Set up automount Arbitrary Executabâ€¦rmats File System Automount Point.
[[0;32m  OK  [0m] Listening on /dev/initctl Compatibility Named Pipe.
[[0;32m  OK  [0m] Started Dispatch Password Requests to Console Directory Watch.
[[0;32m  OK  [0m] Created slice System Slice.
         Mounting POSIX Message Queue File System...
[[0;32m  OK  [0m] Listening on Journal Socket (/dev/log).[    8.425047] systemd[86]: dev-mqueue.mount: Executing: /bin/mount mqueue /dev/mqueue -t mqueue

[[0;32m  OK  [0m] Reached target Remote File Systems.
[[0;32m  OK  [0m] Created slice system-serial\x2dgetty.slice.
[[0;32m  OK  [0m] Reached target Swap.
[[0;32m  OK  [0m] Started Forward Password Requests to Wall Directory Watch.
[[0;32m  OK  [0m] Reached target Encrypted Volumes.
[[0;32m  OK  [0m] Reached target Paths.
[[0;32m  OK  [0m] Created slice User and Session Slice.
[[0;32m  OK  [0m] Reached target Slices.
[[0;32m  OK  [0m] Listening on Journal Audit Socket.
[[0;32m  OK  [0m] Listening on udev Control Socket.
[[0;32m  OK  [0m] Listening on udev Kernel Socket.
[[0;32m  OK  [0m] Created slice system-getty.slice.
[[0;32m  OK  [0m] Listening on Journal Socket.
         Starting Load Kernel Modules...
         Starting Create list of required stâ€¦ce nodes for the current kernel...
         Mounting Debug File System...
[[0;32m  OK  [0m] Listening on Syslog Socket.
[    8.992172] random: systemd: uninitialized urandom read (16 bytes read)
[    8.998987] random: systemd: uninitialized urandom read (16 bytes read)
[    9.018907] random: systemd-modules: uninitialized urandom read (16 bytes read)
         Starting Remount Root and Kernel File Systems...
         Starting Journal Service...
[[0;32m  OK  [0m] Mounted POSIX Message Queue File System.
[[0;32m  OK  [0m] Mounted Debug File System.
[[0;32m  OK  [0m] Started Load Kernel Modules.
[[0;32m  OK  [0m] Started Create list of required staâ€¦vice nodes for the current kernel.
[[0;32m  OK  [0m] Started Remount Root and Kernel File Systems.
[    9.326334] systemd-journald[94]: Fixed min_use=1.0M max_use=24.5M max_size=3.0M min_size=512.0K keep_free=36.7M n_max_files=100
         Starting udev Coldplug all Devices...
         Starting Load/Save Random Seed...
         Starting Create Static Device Nodes in /dev...
[    9.403536] systemd-journald[94]: Reserving 5582 entries in hash table.
[    9.410763] systemd-journald[94]: Vacuuming...
         Starting Apply Kernel Variables...
         Mounting Confi guration File System...
[    9.479270] systemd-journald[94]:  Vacuuming done, freed 0B of archived journals from /run/log/jo urnal/c2029cc3b8b4efd6445bffc4386d43a0.
[    9.586192] system d-journald[94]: Flushing /dev/kmsg...
[[0;32m  OK  [0m] Mou nted Con
[[0;32m  OK  [0m] Started Create Volatile Files and Directories.
[   15.241730] random: crng init done
[   15.245186] random: 457 urandom warning(s) missed due to ratelimiting
[   15.399313] systemd-journald[94]: Successfully sent stream file descriptor to service manager.
         Starting Network Time Synchronization...
[   15.525621] systemd-journald[94]: Successfully sent stream file descriptor to service manager.
         Starting Update UTMP about System Boot/Shutdown...
[   15.792150] systemd-journald[94]: /run/log/journal/c2029cc3b8b4efd6445bffc4386d43a0/system.journal: Journal header limits reached or header out-of-date, rotating.
[   15.807484] systemd-journald[94]: Rotating...
[   15.816244] systemd-journald[94]: Reserving 5582 entries in hash table.
[   15.824093] systemd-journald[94]: Vacuuming...
[   15.829077] systemd-journald[94]: Vacuuming done, freed 0B of archived journals from /run/log/journal/c2029cc3b8b4efd6445bffc4386d43a0.
[   15.845901] systemd-journald[94]: /run/log/journal/c2029cc3b8b4efd6445bffc4386d43a0/system.journal: Journal header limits reached or header out-of-date, rotating.
[   15.860780] systemd-journald[94]: Rotating...
[   15.869451] systemd-journald[94]: Reserving 5582 entries in hash table.
[[0;32m  OK  [0m] Started Update UTMP about System Boot/Shutdown.
[[0;32m  OK  [0m] Started Network Time Synchronization.
[[0;32m  OK  [0m] Reached target System Time Synchronized.
[[0;32m  OK  [0m] Reached target System Initialization.
[[0;32m  OK  [0m] Listening on D-Bus System Message Bus Socket.
[   16.823261] of_get_named_gpiod_flags: parsed 'gpios' property of node '/leds/led2[0]' - status (0)
[   16.832526] gpio gpiochip0: Persistence not supported for GPIO 21
[   16.838656] gpio-21 (?): no flags found for gpios
[   16.843696] of_get_named_gpiod_flags: parsed 'gpios' property of node '/leds/led3[0]' - status (0)
[   16.852782] gpio gpiochip0: Persistence not supported for GPIO 22
[   16.858906] gpio-22 (?): no flags found for gpios
[   16.863842] of_get_named_gpiod_flags: parsed 'gpios' property of node '/leds/led4[0]' - status (0)
[   16.873026] gpio gpiochip0: Persistence not supported for GPIO 23
[   16.879153] gpio-23 (?): no flags found for gpios
[   16.884098] of_get_named_gpiod_flags: parsed 'gpios' property of node '/leds/led5[0]' - status (0)
[   16.893161] gpio gpiochip0: Persistence not supported for GPIO 24
[   16.899285] gpio-24 (?): no flags found for gpios
[[0;32m  OK  [0m] Started Daily Cleanup of Temporary Directories.
[[0;32m  OK  [0m] Started Daily apt download activities.
[[0;32m  OK  [0m] Started Daily apt upgrade and clean activities.
[[0;32m  OK  [0m] Reached target Timers.
[[0;32m  OK  [0m] Listening on Avahi mDNS/DNS-SD Stack Activation Socket.
[[0;32m  OK  [0m] Reached target Sockets.
[   17.344993] remoteproc remoteproc0: wkup_m3 is available
[   17.371812] systemd[1]: basic.target changed dead -> active
[   17.391977] systemd[1]: basic.target: Job basic.target/start finished, result=done
[[0;32m  OK  [0m] Reached target Basic System.
[   17.491881] systemd[1]: ofono.service: Forked /usr/sbin/ofonod as 178
[   17.511921] systemd[1]: ofono.service: Changed dead -> start
         Starting Telephony service...
[   17.563218] systemd[1]: udhcpd.service: Passing 0 fds to service
[   17.661864] systemd[1]: udhcpd.service: Forked /etc/init.d/udhcpd as 182
[   17.718265] systemd[1]: udhcpd.service: Changed dead -> start
         Starting LSB: Start busybox udhcpd at boot time...
[   17.848807] systemd[1]: rsyslog.service: Passing 1 fds to service
[   17.941912] systemd[1]: rsyslog.service: Forked /usr/sbin/rsyslogd as 185
[   17.961874] systemd[1]: rsyslog.service: Changed dead -> start
         Starting System Logging Service...
          Starting Cape Manager Service...
         Starting G eneric Board Startup...
         Starting DUN service...
          Starting LSB: Load kernel modules needed to enable cpufr eq scaling...
         Starting Avahi mDNS/DNS-SD Stack...
[ [0;32m 
[[0;32m  OK  [0m] Started Cape Manager Service.
[   22.059812] using random self ethernet address
[   22.064487] using random host ethernet address
[[0;32m  OK  [0m] Found device /dev/ttyS0.
[   22.316856] using random self ethernet address
[   22.321366] using random host ethernet address
[   22.391843] systemd[1]: Sent message type=signal sender=n/a destination=n/a object=/org/freedesktop/systemd1 interface=org.freedesktop.systemd1.Manager member=UnitNew cookie=3 reply_cookie=0 error=n/a
[   22.491841] systemd[1]: Sent message type=signal sender=n/a destination=n/a object=/org/freedesktop/systemd1/unit/dev_2dttyS0_2edevice interface=org.freedesktop.DBus.Properties member=PropertiesChanged cookie=4 reply_cookie=0 error=n/a
[   22.533887] userial_init: registered 8 ttyGS* devices
[   22.631987] systemd[1]: Sent message type=signal sender=n/a destination=n/a object=/org/freedesktop/systemd1/unit/dev_2dttyS0_2edevice interface=org.freedesktop.DBus.Properties member=PropertiesChanged cookie=5 reply_cookie=0 error=n/a
[   22.745971] rndis_register: configNr = 0
[   22.771886] systemd[1]: Got message type=method_call sender=n/a destination=org.freedesktop.systemd1 object=/org/freedesktop/systemd1/unit/loadcpufreq_2eservice interface=org.freedesktop.DBus.Properties member=GetAll cookie=1 reply_cookie=0 error=n/a
[   23.025925] systemd[1]: Preset files don't specify rule for loadcpufreq.service. Enabling.
[   23.141757] systemd[1]: Sent message type=method_return sender=n/a destination=n/a object=n/a interface=n/a member=n/a cookie=1 reply_cookie=1 error=n/a
[   23.272195] systemd[1]: Got message type=method_call sender=n/a destination=org.freedesktop.systemd1 object=/org/freedesktop/systemd1/unit/udhcpd_2eservice interface=org.freedesktop.DBus.Properties member=GetAll cookie=1 reply_cookie=0 error=n/a
[   23.471860] systemd[1]: Preset files don't specify rule for udhcpd.service. Enabling.
[   23.581843] systemd[1]: Sent message type=method_return sender=n/a destination=n/a object=n/a interface=n/a member=n/a cookie=6 reply_cookie=1 error=n/a
[   23.692012] systemd[1]: Received SIGCHLD from PID 182 (udhcpd).
[   23.754536] tps6521x_pwrbutton tps65217-pwrbutton: DMA mask not set
[   23.807621] input: tps65217_pwrbutton as /devices/platform/ocp/44c00000.interconnect/44c00000.interconnect:segment@200000/44e0b000.target-module/44e0b000.i2c/i2c-0/0-0024/tps65217-pwrbutton/input/input0
[[0;32m  OK  [0m] Started LSB: Start busybox udhcpd at boot time.
[[0;32m  OK  [0m] Started Connection service.
[[0;32m  OK  [0m] Reached target Network.
[   24.621235] systemd-journald[94]: Successfully sent stream file descriptor to service manager.
         Starting OpenBSD Secure Shell server...
         Starting Permit User Sessions...
[   24.795541] systemd-journald[94]: Successfully sent stream file descriptor to service manager.
[[0;32m  OK  [0m] Reached target Network is Online.
         Starting LSB: Advanced IEEE 802.11 management daemon...
[   25.029251] systemd-journald[94]: Successfully sent stream file descriptor to service manager.
         Starting The Apache HTTP Server...
[   25.272740] systemd-journald[94]: Successfully sent stream file descriptor to service manager.
[[0;32m  OK  [0m] Started LSB: Load kernel modules needed to enable cpufreq scaling.
[   26.046078] systemd-journald[94]: Successfully sent stream file descriptor to service manager.
[[0;32m  OK  [0m] Started Permit User Sessions.
[[0;32m  OK  [0m] Started LSB: Advanced IEEE 802.11 management daemon.
[[0;32m  OK  [0m] Started OpenBSD Secure Shell server.
[   26.847493] omap_wdt: OMAP Watchdog Timer Rev 0x01: initial timeout 60 sec
 [   26.973177] omap_rtc 44e3e000.rtc: registered as rtc0
[    26.978532] omap_rtc 44e3e000.rtc: setting system clock to 2000 -01-01T00:00:00 UTC (946684800)
[   26.987373] omap_rtc 44e3e 000.rtc: GPIO lookup for consumer wp
[   26.993296] omap_rtc 44e3e000
[   32.649545] systemd[1]: dev-disk-by\x2did-mmc\x2dSD16G_0xda18eae6\x2dpart1.device: Changed dead -> plugged
[   32.704205] systemd[1]: dev-mmcblk0p1.device: Changed dead -> plugged
[   32.751987] systemd[1]: sys-devices-platform-ocp-48000000.interconnect-48000000.interconnect:segment\x400-480602fc.target\x2dmodule-48060000.mmc-mmc_host-mmc0-mmc0:5048-block-mmcblk0-mmcblk0p1.device: Changed dead -> plugged
[   32.871850] systemd[1]: Sent message type=signal sender=n/a destination=n/a object=/org/freedesktop/systemd1 interface=org.freedesktop.systemd1.Manager member=UnitNew cookie=113 reply_cookie=0 error=n/a
[   32.942677] systemd[1]: Sent message type=signal sender=n/a destination=n/a object=/org/freedesktop/systemd1 interface=org.freedesktop.systemd1.Manager member=UnitNew cookie=114 reply_cookie=0 error=n/a
[   33.031865] systemd[1]: Sent message type=signal sender=n/a destination=n/a object=/org/freedesktop/systemd1 interface=org.freedesktop.systemd1.Manager member=UnitNew cookie=115 reply_cookie=0 error=n/a
[   33.111973] systemd[1]: Sent message type=signal sender=n/a destination=n/a object=/org/freedesktop/systemd1 interface=org.freedesktop.systemd1.Manager member=UnitNew cookie=116 reply_cookie=0 error=n/a
[   33.460849] omap_rng 48310000.rng: Random Number Generator ver. 20
[   33.473450] tilcdc 4830e000.lcdc: bound 0-0070 (ops tda998x_driver_exit [tda998x])
[   33.495139] [drm] Initialized tilcdc 1.0.0 20121205 for 4830e000.lcdc on minor 0
[   33.503957] tilcdc 4830e000.lcdc: [drm] Cannot find any crtc or sizes
[   33.518331] tilcdc 4830e000.lcdc: [drm] Cannot find any crtc or sizes
[   34.365001] systemd-journald[94]: Successfully sent stream file descriptor to service manager.
[   34.380233] systemd-journald[94]: Successfully sent stream file descriptor to service manager.
[   35.326082] omap-sham 53100000.sham: hw accel on OMAP rev 4.3
[   35.345662] omap-sham 53100000.sham: will run requests pump with realtime priority
[   35.465288] omap-aes 53500000.aes: OMAP AES hw accel rev: 3.2
[   35.474814] omap-aes 53500000.aes: will run requests pump with realtime priority

Debian GNU/Linux 9 arm ttyS0

default username:password is [debian:temppwd]

arm login: [   35.640821] PM: Cannot get wkup_m3_ipc handle
[   38.422071] systemd[1]: Sent message type=signal sender=n/a destination=n/a object=/org/freedesktop/systemd1 interface=org.freedesktop.systemd1.Manager member=UnitNew cookie=183 reply_cookie=0 error=n/a
[   40.266785] PM: Cannot get wkup_m3_ipc handle
[   40.272647] of_get_named_gpiod_flags: can't parse 'simple-audio-card,hp-det-gpio' property of node '/sound[0]'
[   40.282848] of_get_named_gpiod_flags: can't parse 'simple-audio-card,mic-det-gpio' property of node '/sound[0]'
[   40.376361] PM: Cannot get wkup_m3_ipc handle
[   43.131807] systemd[1]: sound.target: Trying to enqueue job sound.target/start/fail
[   43.152060] systemd[1]: sound.target: Installed new job sound.target/start as 172
[   43.171839] systemd[1]: sound.target: Enqueued job sound.target/start as 172
[   43.221817] systemd[1]: Sent message type=signal sender=n/a destination=n/a object=/org/freedesktop/systemd1 interface=org.freedesktop.systemd1.Manager member=UnitNew cookie=188 reply_cookie=0 error=n/a
[   43.291803] systemd[1]: Sent message type=signal sender=n/a destination=n/a object=/org/freedesktop/systemd1 interface=org.freedesktop.systemd1.Manager member=JobNew cookie=189 reply_cookie=0 error=n/a
[   43.351883] systemd[1]: sound.target changed dead -> active
[   43.371835] systemd[1]: sound.target: Job sound.target/start finished, result=done
[   43.411817] systemd[1]: Sent message type=signal sender=n/a destination=n/a object=/org/freedesktop/systemd1/unit/sound_2etarget interface=org.freedesktop.DBus.Properties member=PropertiesChanged cookie=191 reply_cookie=0 error=n/a
roo
Password: 
Last login: Sat Dec  9 19:10:26 UTC 2017 on ttyS0
root
Linux arm 5.15.174 #10 SMP Sat Dec 14 21:25:12 EET 2024 armv7l

The programs included with the Debian GNU/Linux system are free software;
the exact distribution terms for each program are described in the
individual files in /usr/share/doc/*/copyright.

Debian GNU/Linux comes with ABSOLUTELY NO WARRANTY, to the extent
permitted by applicable law.
[   56.801270] systemd-journald[94]: Successfully sent stream file descriptor to service manager.
root@arm:~# root
dmesg -n 1
-bash: root: command not found
root@arm:~# dmesg -n 1
echo 'SEZV''AKKSHE'
root@arm:~# echo 'SEZV''AKKSHE'
SEZVAKKSHE
root@arm:~# run() { echo -n "$MARKER"; sh -c "$@"; echo "$MARKER $?"; }
root@arm:~# echo 'LGYQ''KMJZXT'
LGYQKMJZXT
root@arm:~# MARKER='NNSW''HWEGZJ' run 'cat /proc/version'
NNSWHWEGZJLinux version 5.15.174 (user01@drvtest01) (arm-linux-gnueabihf-gcc (Linaro GCC 6.4-2017.11) 6.4.1 20171012, GNU ld (Linaro_Binutils-2017.11) 2.27.0.20161229) #10 SMP Sat Dec 14 21:25:12 EET 2024
NNSWHWEGZJ 0
root@arm:~# echo 'HLSU''VNEZGU'
HLSUVNEZGU
root@arm:~# MARKER='NVSY''QZZCTS' run false
NVSYQZZCTSNVSYQZZCTS 1
root@arm:~# Labgrid Console Logfile for main
Logfile started at 2024-12-14 21:27:22.800838
=== Log starts here ===

root@arm:~# run() { echo -n "$MARKER"; sh -c "$@"; echo "$MARKER $?"; }
root@arm:~# echo 'SZLV''KXUHUE'
SZLVKXUHUE
root@arm:~# MARKER='HHMG''WQEAGH' run dmesg
HHMGWQEAGH[    0.000000] Booting Linux on physical CPU 0x0
[    0.000000] Linux version 5.15.174 (user01@drvtest01) (arm-linux-gnueabihf-gcc (Linaro GCC 6.4-2017.11) 6.4.1 20171012, GNU ld (Linaro_Binutils-2017.11) 2.27.0.20161229) #10 SMP Sat Dec 14 21:25:12 EET 2024
[    0.000000] CPU: ARMv7 Processor [413fc082] revision 2 (ARMv7), cr=10c5387d
[    0.000000] CPU: PIPT / VIPT nonaliasing data cache, VIPT aliasing instruction cache
[    0.000000] OF: fdt: Machine model: TI AM335x BeagleBone Black
[    0.000000] earlycon: omap8250 at MMIO 0x44e09000 (options '')
[    0.000000] printk: bootconsole [omap8250] enabled
[    0.000000] Memory policy: Data cache writeback
[    0.000000] cma: Reserved 16 MiB at 0x9e800000
[    0.000000] Zone ranges:
[    0.000000]   Normal   [mem 0x0000000080000000-0x000000009fdfffff]
[    0.000000]   HighMem  empty
[    0.000000] Movable zone start for each node
[    0.000000] Early memory node ranges
[    0.000000]   node   0: [mem 0x0000000080000000-0x000000009fdfffff]
[    0.000000] Initmem setup node 0 [mem 0x0000000080000000-0x000000009fdfffff]
[    0.000000] CPU: All CPU(s) started in SVC mode.
[    0.000000] AM335X ES2.1 (sgx neon)
[    0.000000] percpu: Embedded 16 pages/cpu s33804 r8192 d23540 u65536
[    0.000000] pcpu-alloc: s33804 r8192 d23540 u65536 alloc=16*4096
[    0.000000] pcpu-alloc: [0] 0 
[    0.000000] Built 1 zonelists, mobility grouping on.  Total pages: 129412
[    0.000000] Kernel command line: console=ttyO0,115200n8 debug earlycon root=/dev/nfs rw nfsroot=192.168.255.126:/home/user01/nfs,nfsvers=3 ip=192.168.255.1:192.168.255.126::255.255.255.0:bbb1:eth0 nfsrootdebug
[    0.000000] Unknown kernel command line parameters "nfsrootdebug", will be passed to user space.
[    0.000000] Dentry cache hash table entries: 65536 (order: 6, 262144 bytes, linear)
[    0.000000] Inode-cache hash table entries: 32768 (order: 5, 131072 bytes, linear)
[    0.000000] mem auto-init: stack:off, heap alloc:off, heap free:off
[    0.000000] Memory: 484752K/522240K available (10240K kernel code, 1079K rwdata, 2392K rodata, 1024K init, 246K bss, 21104K reserved, 16384K cma-reserved, 0K highmem)
[    0.000000] trace event string verifier disabled
[    0.000000] rcu: Hierarchical RCU implementation.
[    0.000000] rcu: 	RCU event tracing is enabled.
[    0.000000] rcu: 	RCU restricting CPUs from NR_CPUS=2 to nr_cpu_ids=1.
[    0.000000] rcu: RCU calculated value of scheduler-enlistment delay is 10 jiffies.
[    0.000000] rcu: Adjusting geometry for rcu_fanout_leaf=16, nr_cpu_ids=1
[    0.000000] NR_IRQS: 16, nr_irqs: 16, preallocated irqs: 16
[    0.000000] IRQ: Found an INTC at 0x(ptrval) (revision 5.0) with 128 interrupts
[    0.000000] TI gptimer clocksource: always-on /ocp/interconnect@44c00000/segment@200000/target-module@31000
[    0.000002] sched_clock: 32 bits at 24MHz, resolution 41ns, wraps every 89478484971ns
[    0.008069] clocksource: dmtimer: mask: 0xffffffff max_cycles: 0xffffffff, max_idle_ns: 79635851949 ns
[    0.018057] TI gptimer clockevent: 24000000 Hz at /ocp/interconnect@48000000/segment@0/target-module@40000
[    0.029832] Console: colour dummy device 80x30
[    0.034449] WARNING: Your 'console=ttyO0' has been replaced by 'ttyS0'
[    0.041238] This ensures that you still see kernel messages. Please
[    0.047685] update your kernel commandline.
[    0.052038] Calibrating delay loop... 996.14 BogoMIPS (lpj=4980736)
[    0.094531] CPU: Testing write buffer coherency: ok
[    0.099645] CPU0: Spectre v2: using BPIALL workaround
[    0.104844] pid_max: default: 32768 minimum: 301
[    0.109748] LSM: Security Framework initializing
[    0.114681] Mount-cache hash table entries: 1024 (order: 0, 4096 bytes, linear)
[    0.122238] Mountpoint-cache hash table entries: 1024 (order: 0, 4096 bytes, linear)
[    0.131853] CPU0: thread -1, cpu 0, socket -1, mpidr 0
[    0.138290] Setting up static identity map for 0x80100000 - 0x80100078
[    0.145252] rcu: Hierarchical SRCU implementation.
[    0.151420] smp: Bringing up secondary CPUs ...
[    0.156095] smp: Brought up 1 node, 1 CPU
[    0.160279] SMP: Total of 1 processors activated (996.14 BogoMIPS).
[    0.166729] CPU: All CPU(s) started in SVC mode.
[    0.172303] devtmpfs: initialized
[    0.190233] VFP support v0.3: implementor 41 architecture 3 part 30 variant c rev 3
[    0.198519] clocksource: jiffies: mask: 0xffffffff max_cycles: 0xffffffff, max_idle_ns: 19112604462750000 ns
[    0.208692] futex hash table entries: 256 (order: 2, 16384 bytes, linear)
[    0.217033] pinctrl core: initialized pinctrl subsystem
[    0.224600] NET: Registered PF_NETLINK/PF_ROUTE protocol family
[    0.233562] DMA: preallocated 256 KiB pool for atomic coherent allocations
[    0.241276] audit: initializing netlink subsys (disabled)
[    0.248142] thermal_sys: Registered thermal governor 'fair_share'
[    0.248161] thermal_sys: Registered thermal governor 'step_wise'
[    0.254434] thermal_sys: Registered thermal governor 'user_space'
[    0.261000] cpuidle: using governor menu
[    0.287864] No ATAGs?
[    0.290323] hw-breakpoint: debug architecture 0x4 unsupported.
[    0.304597] kprobes: kprobe jump-optimization is enabled. All kprobes are optimized if possible.
[    0.313842] audit: type=2000 audit(0.210:1): state=initialized audit_enabled=0 res=1
[    0.327119] reg-fixed-voltage fixedregulator0: GPIO lookup for consumer (null)
[    0.334706] reg-fixed-voltage fixedregulator0: using device tree for GPIO lookup
[    0.342375] of_get_named_gpiod_flags: can't parse 'gpios' property of node '/fixedregulator0[0]'
[    0.351466] of_get_named_gpiod_flags: can't parse 'gpio' property of node '/fixedregulator0[0]'
[    0.360447] reg-fixed-voltage fixedregulator0: using lookup tables for GPIO lookup
[    0.368252] reg-fixed-voltage fixedregulator0: No GPIO consumer (null) found
[    0.376672] iommu: Default domain type: Translated 
[    0.381749] iommu: DMA domain TLB invalidation policy: strict mode 
[    0.389518] vgaarb: loaded
[    0.392830] SCSI subsystem initialized
[    0.397099] libata version 3.00 loaded.
[    0.401504] pps_core: LinuxPPS API ver. 1 registered
[    0.406617] pps_core: Software ver. 5.3.6 - Copyright 2005-2007 Rodolfo Giometti <giometti@linux.it>
[    0.416080] PTP clock support registered
[    0.421859] clocksource: Switched to clocksource dmtimer
[    0.473187] VFS: Disk quotas dquot_6.6.0
[    0.477346] VFS: Dquot-cache hash table entries: 1024 (order 0, 4096 bytes)
[    0.577836] NET: Registered PF_INET protocol family
[    0.583291] IP idents hash table entries: 8192 (order: 4, 65536 bytes, linear)
[    0.591754] tcp_listen_portaddr_hash hash table entries: 512 (order: 0, 4096 bytes, linear)
[    0.600394] Table-perturb hash table entries: 65536 (order: 6, 262144 bytes, linear)
[    0.608412] TCP established hash table entries: 4096 (order: 2, 16384 bytes, linear)
[    0.616441] TCP bind hash table entries: 4096 (order: 3, 32768 bytes, linear)
[    0.623855] TCP: Hash tables configured (established 4096 bind 4096)
[    0.630507] UDP hash table entries: 256 (order: 1, 8192 bytes, linear)
[    0.637275] UDP-Lite hash table entries: 256 (order: 1, 8192 bytes, linear)
[    0.644649] NET: Registered PF_UNIX/PF_LOCAL protocol family
[    0.714987] RPC: Registered named UNIX socket transport module.
[    0.721105] RPC: Registered udp transport module.
[    0.726001] RPC: Registered tcp transport module.
[    0.730840] RPC: Registered tcp NFSv4.1 backchannel transport module.
[    0.737495] PCI: CLS 0 bytes, default 64
[    0.743050] Initialise system trusted keyrings
[    0.796828] workingset: timestamp_bits=14 max_order=17 bucket_order=3
[    0.804917] NFS: Registering the id_resolver key type
[    0.810186] Key type id_resolver registered
[    0.814581] Key type id_legacy registered
[    0.818762] jffs2: version 2.2. (NAND) (SUMMARY)  Â© 2001-2006 Red Hat, Inc.
[    0.852317] Key type asymmetric registered
[    0.856553] Asymmetric key parser 'x509' registered
[    0.861711] io scheduler mq-deadline registered
[    0.866378] io scheduler kyber registered
[    0.904722] Serial: 8250/16550 driver, 6 ports, IRQ sharing enabled
[    0.947572] brd: module loaded
[    0.968701] loop: module loaded
[    0.972952] mtdoops: mtd device (mtddev=name/number) must be supplied
[    0.980803] mdio_bus fixed-0: GPIO lookup for consumer reset
[    0.986728] mdio_bus fixed-0: using lookup tables for GPIO lookup
[    0.993024] mdio_bus fixed-0: No GPIO consumer reset found
[    0.999722] i2c_dev: i2c /dev entries driver
[    1.005064] cpuidle: enable-method property 'ti,am3352' found operations
[    1.012436] sdhci: Secure Digital Host Controller Interface driver
[    1.018798] sdhci: Copyright(c) Pierre Ossman
[    1.023491] sdhci-pltfm: SDHCI platform and OF driver helper
[    1.085888] ledtrig-cpu: registered to indicate activity on CPUs
[    1.092683] Initializing XFRM netlink socket
[    1.097299] NET: Registered PF_INET6 protocol family
[    1.119539] Segment Routing with IPv6
[    1.123466] In-situ OAM (IOAM) with IPv6
[    1.127597] sit: IPv6, IPv4 and MPLS over IPv4 tunneling driver
[    1.134554] NET: Registered PF_PACKET protocol family
[    1.139789] NET: Registered PF_KEY protocol family
[    1.144984] Key type dns_resolver registered
[    1.149531] ThumbEE CPU extension supported.
[    1.153985] Registering SWP/SWPB emulation handler
[    1.159417] omap_voltage_late_init: Voltage driver support not added
[    1.166365] SmartReflex Class3 initialized
[    1.240095] Loading compiled-in X.509 certificates
[    1.277462] pinctrl-single 44e10800.pinmux: 142 pins, size 568
[    1.287881] ti-sysc: probe of 44e31000.target-module failed with error -16
[    1.352954] ti-sysc: probe of 48040000.target-module failed with error -16
[    1.370050] gpio gpiochip0: (gpio-0-31): created GPIO range 0->7 ==> 44e10800.pinmux PIN 0->7
[    1.378978] gpio gpiochip0: (gpio-0-31): created GPIO range 8->11 ==> 44e10800.pinmux PIN 90->93
[    1.388054] gpio gpiochip0: (gpio-0-31): created GPIO range 12->27 ==> 44e10800.pinmux PIN 12->27
[    1.397211] gpio gpiochip0: (gpio-0-31): created GPIO range 28->31 ==> 44e10800.pinmux PIN 30->33
[    1.493956] gpio gpiochip0: (gpio-0-31): added GPIO chardev (254:0)
[    1.500555] gpio gpiochip0: registered GPIOs 0 to 31 on gpio-0-31
[    1.506943] OMAP GPIO hardware version 0.1
[    1.544541] i2c i2c-2: GPIO lookup for consumer scl
[    1.549595] i2c i2c-2: using device tree for GPIO lookup
[    1.555150] of_get_named_gpiod_flags: can't parse 'scl-gpios' property of node '/ocp/interconnect@48000000/segment@100000/target-module@9c000/i2c@0[0]'
[    1.569172] of_get_named_gpiod_flags: can't parse 'scl-gpio' property of node '/ocp/interconnect@48000000/segment@100000/target-module@9c000/i2c@0[0]'
[    1.583113] i2c i2c-2: using lookup tables for GPIO lookup
[    1.588759] i2c i2c-2: No GPIO consumer scl found
[    1.593630] i2c i2c-2: GPIO lookup for consumer sda
[    1.598649] i2c i2c-2: using device tree for GPIO lookup
[    1.604138] of_get_named_gpiod_flags: can't parse 'sda-gpios' property of node '/ocp/interconnect@48000000/segment@100000/target-module@9c000/i2c@0[0]'
[    1.618146] of_get_named_gpiod_flags: can't parse 'sda-gpio' property of node '/ocp/interconnect@48000000/segment@100000/target-module@9c000/i2c@0[0]'
[    1.632062] i2c i2c-2: using lookup tables for GPIO lookup
[    1.637706] i2c i2c-2: No GPIO consumer sda found
[    1.643225] omap_i2c 4819c000.i2c: bus 2 rev0.11 at 100 kHz
[    1.654235] gpio gpiochip1: (gpio-32-63): created GPIO range 0->17 ==> 44e10800.pinmux PIN 34->51
[    1.663489] gpio gpiochip1: (gpio-32-63): created GPIO range 18->21 ==> 44e10800.pinmux PIN 77->80
[    1.672739] gpio gpiochip1: (gpio-32-63): created GPIO range 22->31 ==> 44e10800.pinmux PIN 56->65
[    1.723954] gpio gpiochip1: (gpio-32-63): added GPIO chardev (254:1)
[    1.730646] gpio gpiochip1: registered GPIOs 32 to 63 on gpio-32-63
[    1.739391] gpio gpiochip2: (gpio-64-95): created GPIO range 0->4 ==> 44e10800.pinmux PIN 66->70
[    1.748563] gpio gpiochip2: (gpio-64-95): created GPIO range 5->6 ==> 44e10800.pinmux PIN 98->99
[    1.757637] gpio gpiochip2: (gpio-64-95): created GPIO range 7->8 ==> 44e10800.pinmux PIN 75->76
[    1.766705] gpio gpiochip2: (gpio-64-95): created GPIO range 13->13 ==> 44e10800.pinmux PIN 141->141
[    1.776130] gpio gpiochip2: (gpio-64-95): created GPIO range 14->21 ==> 44e10800.pinmux PIN 100->107
[    1.785994] gpio gpiochip2: (gpio-64-95): added GPIO chardev (254:2)
[    1.792697] gpio gpiochip2: registered GPIOs 64 to 95 on gpio-64-95
[    1.816394] mdio_bus 4a101000.mdio: GPIO lookup for consumer reset
[    1.822897] mdio_bus 4a101000.mdio: using device tree for GPIO lookup
[    1.829543] of_get_named_gpiod_flags: can't parse 'reset-gpios' property of node '/ocp/interconnect@4a000000/segment@0/target-module@100000/switch@0/mdio@1000[0]'
[    1.844558] of_get_named_gpiod_flags: can't parse 'reset-gpio' property of node '/ocp/interconnect@4a000000/segment@0/target-module@100000/switch@0/mdio@1000[0]'
[    1.859469] mdio_bus 4a101000.mdio: using lookup tables for GPIO lookup
[    1.866294] mdio_bus 4a101000.mdio: No GPIO consumer reset found
[    1.873422] sdhci-omap 481d8000.mmc: GPIO lookup for consumer wp
[    1.879623] sdhci-omap 481d8000.mmc: using device tree for GPIO lookup
[    1.886430] of_get_named_gpiod_flags: can't parse 'wp-gpios' property of node '/ocp/interconnect@48000000/segment@100000/target-module@d8000/mmc@0[0]'
[    1.900368] of_get_named_gpiod_flags: can't parse 'wp-gpio' property of node '/ocp/interconnect@48000000/segment@100000/target-module@d8000/mmc@0[0]'
[    1.914241] sdhci-omap 481d8000.mmc: using lookup tables for GPIO lookup
[    1.921140] sdhci-omap 481d8000.mmc: No GPIO consumer wp found
[    1.927329] sdhci-omap 481d8000.mmc: supply vqmmc not found, using dummy regulator
[    1.937601] davinci_mdio 4a101000.mdio: davinci mdio revision 1.6, bus freq 1000000
[    1.946982] mdio_bus 4a101000.mdio:00: GPIO lookup for consumer reset
[    1.953733] mdio_bus 4a101000.mdio:00: using device tree for GPIO lookup
[    1.960648] of_get_named_gpiod_flags: can't parse 'reset-gpios' property of node '/ocp/interconnect@4a000000/segment@0/target-module@100000/switch@0/mdio@1000/ethernet-phy@0[0]'
[    1.977044] of_get_named_gpiod_flags: can't parse 'reset-gpio' property of node '/ocp/interconnect@4a000000/segment@0/target-module@100000/switch@0/mdio@1000/ethernet-phy@0[0]'
[    1.993308] mdio_bus 4a101000.mdio:00: using lookup tables for GPIO lookup
[    2.000384] mdio_bus 4a101000.mdio:00: No GPIO consumer reset found
[    2.008037] davinci_mdio 4a101000.mdio: phy[0]: device 4a101000.mdio:00, driver SMSC LAN8710/LAN8720
[    2.018004] cpsw-switch 4a100000.switch: initialized cpsw ale version 1.4
[    2.025072] cpsw-switch 4a100000.switch: ALE Table size 1024
[    2.031168] cpsw-switch 4a100000.switch: cpts: overflow check period 500 (jiffies)
[    2.039022] cpsw-switch 4a100000.switch: CPTS: ref_clk_freq:250000000 calc_mult:2147483648 calc_shift:29 error:0 nsec/sec
[    2.050422] cpsw-switch 4a100000.switch: Detected MACID = 6c:ec:eb:68:de:78
[    2.059194] cpsw-switch 4a100000.switch: initialized (regs 0x4a100000, pool size 256) hw_ver:0019010C 1.12 (0)
[    2.078900] debugfs: Directory '49000000.dma' with parent 'dmaengine' already present!
[    2.087216] edma 49000000.dma: TI EDMA DMA engine driver
[    2.110507] hw perfevents: enabled with armv7_cortex_a8 PMU driver, 5 counters available
[    2.119475] gpio-clk clk_mcasp0: GPIO lookup for consumer enable
[    2.125740] gpio-clk clk_mcasp0: using device tree for GPIO lookup
[    2.132178] of_get_named_gpiod_flags: parsed 'enable-gpios' property of node '/clk_mcasp0[0]' - status (0)
[    2.142240] gpio gpiochip0: Persistence not supported for GPIO 27
[    2.149256] gpio gpiochip3: (gpio-96-127): created GPIO range 0->7 ==> 44e10800.pinmux PIN 82->89
[    2.158491] gpio gpiochip3: (gpio-96-127): created GPIO range 8->11 ==> 44e10800.pinmux PIN 52->55
[    2.167741] gpio gpiochip3: (gpio-96-127): created GPIO range 12->15 ==> 44e10800.pinmux PIN 94->97
[    2.177077] gpio gpiochip3: (gpio-96-127): created GPIO range 16->17 ==> 44e10800.pinmux PIN 71->72
[    2.186411] gpio gpiochip3: (gpio-96-127): created GPIO range 18->18 ==> 44e10800.pinmux PIN 135->135
[    2.195963] gpio gpiochip3: (gpio-96-127): created GPIO range 19->20 ==> 44e10800.pinmux PIN 108->109
[    2.205483] gpio gpiochip3: (gpio-96-127): created GPIO range 21->21 ==> 44e10800.pinmux PIN 73->73
[    2.214820] gpio gpiochip3: (gpio-96-127): created GPIO range 22->23 ==> 44e10800.pinmux PIN 8->9
[    2.223977] gpio gpiochip3: (gpio-96-127): created GPIO range 26->27 ==> 44e10800.pinmux PIN 10->11
[    2.233312] gpio gpiochip3: (gpio-96-127): created GPIO range 28->28 ==> 44e10800.pinmux PIN 74->74
[    2.242658] gpio gpiochip3: (gpio-96-127): created GPIO range 29->29 ==> 44e10800.pinmux PIN 81->81
[    2.251995] gpio gpiochip3: (gpio-96-127): created GPIO range 30->31 ==> 44e10800.pinmux PIN 28->29
[    2.266729] l3-aon-clkctrl:0000:0: failed to disable
[    2.272334] gpio gpiochip3: (gpio-96-127): added GPIO chardev (254:3)
[    2.279085] gpio gpiochip3: registered GPIOs 96 to 127 on gpio-96-127
[    2.287242] omap8250 44e09000.serial: GPIO lookup for consumer rs485-term
[    2.294362] omap8250 44e09000.serial: using device tree for GPIO lookup
[    2.301187] of_get_named_gpiod_flags: can't parse 'rs485-term-gpios' property of node '/ocp/interconnect@44c00000/segment@200000/target-module@9000/serial@0[0]'
[    2.316025] of_get_named_gpiod_flags: can't parse 'rs485-term-gpio' property of node '/ocp/interconnect@44c00000/segment@200000/target-module@9000/serial@0[0]'
[    2.330751] omap8250 44e09000.serial: using lookup tables for GPIO lookup
[    2.337754] omap8250 44e09000.serial: No GPIO consumer rs485-term found
[    2.344619] 44e09000.serial: ttyS0 at MMIO 0x44e09000 (irq = 18, base_baud = 3000000) is a 8250
[    2.353689] printk: console [ttyS0] enabled
[    2.362212] printk: bootconsole [omap8250] disabled
[    2.374211] i2c i2c-0: GPIO lookup for consumer scl
[    2.379142] i2c i2c-0: using device tree for GPIO lookup
[    2.384613] of_get_named_gpiod_flags: can't parse 'scl-gpios' property of node '/ocp/interconnect@44c00000/segment@200000/target-module@b000/i2c@0[0]'
[    2.398232] of_get_named_gpiod_flags: can't parse 'scl-gpio' property of node '/ocp/interconnect@44c00000/segment@200000/target-module@b000/i2c@0[0]'
[    2.411738] i2c i2c-0: using lookup tables for GPIO lookup
[    2.417251] i2c i2c-0: No GPIO consumer scl found
[    2.422007] i2c i2c-0: GPIO lookup for consumer sda
[    2.426907] i2c i2c-0: using device tree for GPIO lookup
[    2.432266] of_get_named_gpiod_flags: can't parse 'sda-gpios' property of node '/ocp/interconnect@44c00000/segment@200000/target-module@b000/i2c@0[0]'
[    2.445867] of_get_named_gpiod_flags: can't parse 'sda-gpio' property of node '/ocp/interconnect@44c00000/segment@200000/target-module@b000/i2c@0[0]'
[    2.459366] i2c i2c-0: using lookup tables for GPIO lookup
[    2.464907] i2c i2c-0: No GPIO consumer sda found
[    2.492361] tps65217-pmic: Failed to locate of_node [id: -1]
[    2.507740] tps65217-bl: Failed to locate of_node [id: -1]
[    2.516279] tps65217 0-0024: TPS65217 ID 0xe version 1.2
[    2.522248] i2c 0-0070: Fixing up cyclic dependency with 4830e000.lcdc
[    2.529129] omap_i2c 44e0b000.i2c: bus 0 rev0.11 at 400 kHz
[    2.536386] sdhci-omap 48060000.mmc: GPIO lookup for consumer cd
[    2.542530] sdhci-omap 48060000.mmc: using device tree for GPIO lookup
[    2.549144] of_get_named_gpiod_flags: parsed 'cd-gpios' property of node '/ocp/interconnect@48000000/segment@0/target-module@60000/mmc@0[0]' - status (0)
[    2.563081] gpio gpiochip3: Persistence not supported for GPIO 6
[    2.569132] omap_gpio 44e07000.gpio: Could not set line 6 debounce to 200000 microseconds (-22)
[    2.577923] sdhci-omap 48060000.mmc: Got CD GPIO
[    2.582585] sdhci-omap 48060000.mmc: GPIO lookup for consumer wp
[    2.588621] sdhci-omap 48060000.mmc: using device tree for GPIO lookup
[    2.595203] of_get_named_gpiod_flags: can't parse 'wp-gpios' property of node '/ocp/interconnect@48000000/segment@0/target-module@60000/mmc@0[0]'
[    2.608359] of_get_named_gpiod_flags: can't parse 'wp-gpio' property of node '/ocp/interconnect@48000000/segment@0/target-module@60000/mmc@0[0]'
[    2.621420] sdhci-omap 48060000.mmc: using lookup tables for GPIO lookup
[    2.628172] sdhci-omap 48060000.mmc: No GPIO consumer wp found
[    2.634236] sdhci-omap 48060000.mmc: supply vqmmc not found, using dummy regulator
[    2.642924] sdhci-omap 481d8000.mmc: GPIO lookup for consumer wp
[    2.648981] sdhci-omap 481d8000.mmc: using device tree for GPIO lookup
[    2.655629] of_get_named_gpiod_flags: can't parse 'wp-gpios' property of node '/ocp/interconnect@48000000/segment@100000/target-module@d8000/mmc@0[0]'
[    2.669234] of_get_named_gpiod_flags: can't parse 'wp-gpio' property of node '/ocp/interconnect@48000000/segment@100000/target-module@d8000/mmc@0[0]'
[    2.682756] sdhci-omap 481d8000.mmc: using lookup tables for GPIO lookup
[    2.689491] sdhci-omap 481d8000.mmc: No GPIO consumer wp found
[    2.698670] sdhci-omap 481d8000.mmc: supply vqmmc not found, using dummy regulator
[    2.731901] mmc1: SDHCI controller on 481d8000.mmc [481d8000.mmc] using External DMA
[    2.740149] mmc0: SDHCI controller on 48060000.mmc [48060000.mmc] using External DMA
[    2.748820] cpsw-switch 4a100000.switch: starting ndev. mode: dual_mac
[    2.793191] mmc0: new high speed SDHC card at address 5048
[    2.800029] mmcblk0: mmc0:5048 SD16G 14.4 GiB 
[    2.807877]  mmcblk0: p1 p2
[    2.811029] mmcblk0: p2 size 31221760 extends beyond EOD, truncated
[    2.833431] SMSC LAN8710/LAN8720 4a101000.mdio:00: attached PHY driver (mii_bus:phy_addr=4a101000.mdio:00, irq=POLL)
[    2.852693] mmc1: new high speed MMC card at address 0001
[    2.859248] mmcblk1: mmc1:0001 MMC04G 3.60 GiB 
[    2.866630]  mmcblk1: p1 p2
[    2.870700] mmcblk1boot0: mmc1:0001 MMC04G 2.00 MiB 
[    2.877886] mmcblk1boot1: mmc1:0001 MMC04G 2.00 MiB 
[    2.884768] mmcblk1rpmb: mmc1:0001 MMC04G 128 KiB, chardev (250:0)
[    5.952288] cpsw-switch 4a100000.switch eth0: Link is Up - 100Mbps/Full - flow control off
[    5.961625] IPv6: ADDRCONF(NETDEV_CHANGE): eth0: link becomes ready
[    5.991590] IP-Config: Complete:
[    5.994846]      device=eth0, hwaddr=6c:ec:eb:68:de:78, ipaddr=192.168.255.1, mask=255.255.255.0, gw=255.255.255.255
[    6.005462]      host=bbb1, domain=, nis-domain=(none)
[    6.010625]      bootserver=192.168.255.126, rootserver=192.168.255.126, rootpath=
[    6.011009] clk: Disabling unused clocks
[    6.022865] TAP version 14
[    6.025590] 1..0
[    6.054789] VFS: Mounted root (nfs filesystem) on device 0:16.
[    6.061472] devtmpfs: mounted
[    6.065947] Freeing unused kernel image (initmem) memory: 1024K
[    6.072605] Run /sbin/init as init process
[    6.076731]   with arguments:
[    6.079712]     /sbin/init
[    6.082483]     nfsrootdebug
[    6.085378]   with environment:
[    6.088529]     HOME=/
[    6.090897]     TERM=linux
[    6.777021] systemd[1]: System time before build time, advancing clock.
[    6.971526] random: systemd: uninitialized urandom read (16 bytes read)
[    6.983803] random: systemd: uninitialized urandom read (16 bytes read)
[    6.990915] systemd[1]: Mounting cgroup to /sys/fs/cgroup/cpu,cpuacct of type cgroup with options cpu,cpuacct.
[    7.002318] systemd[1]: Mounting cgroup to /sys/fs/cgroup/freezer of type cgroup with options freezer.
[    7.012402] systemd[1]: Mounting cgroup to /sys/fs/cgroup/devices of type cgroup with options devices.
[    7.022380] systemd[1]: Mounting cgroup to /sys/fs/cgroup/cpuset of type cgroup with options cpuset.
[    7.032278] systemd[1]: Mounting cgroup to /sys/fs/cgroup/perf_event of type cgroup with options perf_event.
[    7.042767] systemd[1]: Mounting cgroup to /sys/fs/cgroup/net_cls of type cgroup with options net_cls.
[    7.052731] systemd[1]: Mounting cgroup to /sys/fs/cgroup/memory of type cgroup with options memory.
[    7.062638] systemd[1]: Mounting cgroup to /sys/fs/cgroup/blkio of type cgroup with options blkio.
[    7.072194] systemd[1]: systemd 232 running in system mode. (+PAM +AUDIT +SELINUX +IMA +APPARMOR +SMACK +SYSVINIT +UTMP +LIBCRYPTSETUP +GCRYPT +GNUTLS +ACL +XZ +LZ4 +SECCOMP +BLKID +ELFUTILS +KMOD +IDN)
[    7.090588] systemd[1]: No virtualization found in DMI
[    7.495279] systemd-fstab-generator[80]: Parsing /etc/fstab
[    7.545338] random: systemd-cryptse: uninitialized urandom read (16 bytes read)
[    7.554180] systemd-gpt-auto-generator[77]: Neither root nor /usr file system are on a (single) block device.
[    7.572066] systemd-getty-generator[82]: Automatically adding serial getty for /dev/ttyS0.
[    7.627854] systemd-sysv-generator[85]: Native unit for sudo.service already exists, skipping.
[    7.638550] systemd-sysv-generator[85]: Native unit for apache-htcacheclean.service already exists, skipping.
[    7.653348] systemd-sysv-generator[85]: Native unit for kmod.service already exists, skipping.
[    7.663917] systemd-sysv-generator[85]: Native unit for dbus.service already exists, skipping.
[    7.675097] systemd-sysv-generator[85]: Cannot find unit hostapd.service.
[    7.683941] systemd-sysv-generator[85]: Cannot find unit loadcpufreq.service.
[    7.692949] systemd-sysv-generator[85]: Native unit for ofono.service already exists, skipping.
[    7.703647] systemd-sysv-generator[85]: Native unit for avahi-daemon.service already exists, skipping.
[    7.714953] systemd-sysv-generator[85]: Native unit for cron.service already exists, skipping.
[    7.726418] systemd-sysv-generator[85]: Native unit for hwclock.service already exists, skipping.
[    7.796274] printk: systemd-sysv-ge: 61 output lines suppressed due to ratelimiting
[    7.976685] random: systemd: uninitialized urandom read (16 bytes read)
[    7.983970] random: systemd: uninitialized urandom read (16 bytes read)
[    8.036391] random: systemd: uninitialized urandom read (16 bytes read)
[    8.425047] systemd[86]: dev-mqueue.mount: Executing: /bin/mount mqueue /dev/mqueue -t mqueue
[    8.992172] random: systemd: uninitialized urandom read (16 bytes read)
[    8.998987] random: systemd: uninitialized urandom read (16 bytes read)
[    9.018907] random: systemd-modules: uninitialized urandom read (16 bytes read)
[    9.326334] systemd-journald[94]: Fixed min_use=1.0M max_use=24.5M max_size=3.0M min_size=512.0K keep_free=36.7M n_max_files=100
[    9.403536] systemd-journald[94]: Reserving 5582 entries in hash table.
[    9.410763] systemd-journald[94]: Vacuuming...
[    9.479270] systemd-journald[94]: Vacuuming done, freed 0B of archived journals from /run/log/journal/c2029cc3b8b4efd6445bffc4386d43a0.
[    9.586192] systemd-journald[94]: Flushing /dev/kmsg...
[   10.013259] random: systemd-journal: uninitialized urandom read (16 bytes read)
[   10.727711] systemd-journald[94]: systemd-journald running as pid 94
[   10.794991] systemd-journald[94]: Sent READY=1 notification.
[   10.832042] systemd-journald[94]: Sent WATCHDOG=1 notification.
[   10.906511] systemd-journald[94]: Successfully sent stream file descriptor to service manager.
[   10.976220] systemd-journald[94]: Successfully sent stream file descriptor to service manager.
[   12.361881] systemd[1]: Accepted new private connection.
[   12.391824] systemd[1]: Got message type=method_call sender=n/a destination=org.freedesktop.systemd1 object=/org/freedesktop/systemd1/unit/upstart_2eservice interface=org.freedesktop.DBus.Properties member=GetAll cookie=1 reply_cookie=0 error=n/a
[   12.481831] systemd[1]: upstart.service: Failed to load configuration: No such file or directory
[   12.551872] systemd[1]: Sent message type=method_return sender=n/a destination=n/a object=n/a interface=n/a member=n/a cookie=1 reply_cookie=1 error=n/a
[   12.622082] systemd[1]: upstart.service: Collecting.
[   12.642022] systemd[1]: upstart.service: Failed to send unit change signal for upstart.service: Connection reset by peer
[   12.691814] systemd[1]: upstart.service: Failed to send unit remove signal for upstart.service: Transport endpoint is not connected
[   12.741813] systemd[1]: Received SIGCHLD from PID 110 (udevadm).
[   12.761817] systemd[1]: Child 110 (udevadm) died (code=exited, status=0/SUCCESS)
[   12.782702] systemd[1]: systemd-udev-trigger.service: Child 110 belongs to systemd-udev-trigger.service
[   15.241730] random: crng init done
[   15.245186] random: 457 urandom warning(s) missed due to ratelimiting
[   15.399313] systemd-journald[94]: Successfully sent stream file descriptor to service manager.
[   15.525621] systemd-journald[94]: Successfully sent stream file descriptor to service manager.
[   15.792150] systemd-journald[94]: /run/log/journal/c2029cc3b8b4efd6445bffc4386d43a0/system.journal: Journal header limits reached or header out-of-date, rotating.
[   15.807484] systemd-journald[94]: Rotating...
[   15.816244] systemd-journald[94]: Reserving 5582 entries in hash table.
[   15.824093] systemd-journald[94]: Vacuuming...
[   15.829077] systemd-journald[94]: Vacuuming done, freed 0B of archived journals from /run/log/journal/c2029cc3b8b4efd6445bffc4386d43a0.
[   15.845901] systemd-journald[94]: /run/log/journal/c2029cc3b8b4efd6445bffc4386d43a0/system.journal: Journal header limits reached or header out-of-date, rotating.
[   15.860780] systemd-journald[94]: Rotating...
[   15.869451] systemd-journald[94]: Reserving 5582 entries in hash table.
[   16.823261] of_get_named_gpiod_flags: parsed 'gpios' property of node '/leds/led2[0]' - status (0)
[   16.832526] gpio gpiochip0: Persistence not supported for GPIO 21
[   16.838656] gpio-21 (?): no flags found for gpios
[   16.843696] of_get_named_gpiod_flags: parsed 'gpios' property of node '/leds/led3[0]' - status (0)
[   16.852782] gpio gpiochip0: Persistence not supported for GPIO 22
[   16.858906] gpio-22 (?): no flags found for gpios
[   16.863842] of_get_named_gpiod_flags: parsed 'gpios' property of node '/leds/led4[0]' - status (0)
[   16.873026] gpio gpiochip0: Persistence not supported for GPIO 23
[   16.879153] gpio-23 (?): no flags found for gpios
[   16.884098] of_get_named_gpiod_flags: parsed 'gpios' property of node '/leds/led5[0]' - status (0)
[   16.893161] gpio gpiochip0: Persistence not supported for GPIO 24
[   16.899285] gpio-24 (?): no flags found for gpios
[   17.344993] remoteproc remoteproc0: wkup_m3 is available
[   17.371812] systemd[1]: basic.target changed dead -> active
[   17.391977] systemd[1]: basic.target: Job basic.target/start finished, result=done
[   17.491881] systemd[1]: ofono.service: Forked /usr/sbin/ofonod as 178
[   17.511921] systemd[1]: ofono.service: Changed dead -> start
[   17.563218] systemd[1]: udhcpd.service: Passing 0 fds to service
[   17.661864] systemd[1]: udhcpd.service: Forked /etc/init.d/udhcpd as 182
[   17.718265] systemd[1]: udhcpd.service: Changed dead -> start
[   17.848807] systemd[1]: rsyslog.service: Passing 1 fds to service
[   17.941912] systemd[1]: rsyslog.service: Forked /usr/sbin/rsyslogd as 185
[   17.961874] systemd[1]: rsyslog.service: Changed dead -> start
[   19.734753] at24 2-0054: supply vcc not found, using dummy regulator
[   19.776181] at24 2-0055: supply vcc not found, using dummy regulator
[   19.855145] at24 2-0056: supply vcc not found, using dummy regulator
[   19.897567] at24 2-0057: supply vcc not found, using dummy regulator
[   19.936013] at24 0-0050: supply vcc not found, using dummy regulator
[   19.949672] at24 0-0050: GPIO lookup for consumer wp
[   19.955086] at24 0-0050: using device tree for GPIO lookup
[   19.960636] of_get_named_gpiod_flags: can't parse 'wp-gpios' property of node '/ocp/interconnect@44c00000/segment@200000/target-module@b000/i2c@0/baseboard_eeprom@50[0]'
[   19.975947] of_get_named_gpiod_flags: can't parse 'wp-gpio' property of node '/ocp/interconnect@44c00000/segment@200000/target-module@b000/i2c@0/baseboard_eeprom@50[0]'
[   19.991127] at24 0-0050: using lookup tables for GPIO lookup
[   19.996836] at24 0-0050: No GPIO consumer wp found
[   20.001934] at24 0-0050: 32768 byte 24c256 EEPROM, writable, 1 bytes/write
[   20.446312] Bluetooth: Core ver 2.22
[   20.450138] NET: Registered PF_BLUETOOTH protocol family
[   20.455625] Bluetooth: HCI device and connection manager initialized
[   20.462086] Bluetooth: HCI socket layer initialized
[   20.467020] Bluetooth: L2CAP socket layer initialized
[   20.472155] Bluetooth: SCO socket layer initialized
[   21.139197] systemd-journald[94]: Successfully sent stream file descriptor to service manager.
[   21.446505] tda998x 0-0070: found TDA19988
[   22.059812] using random self ethernet address
[   22.064487] using random host ethernet address
[   22.316856] using random self ethernet address
[   22.321366] using random host ethernet address
[   22.391843] systemd[1]: Sent message type=signal sender=n/a destination=n/a object=/org/freedesktop/systemd1 interface=org.freedesktop.systemd1.Manager member=UnitNew cookie=3 reply_cookie=0 error=n/a
[   22.491841] systemd[1]: Sent message type=signal sender=n/a destination=n/a object=/org/freedesktop/systemd1/unit/dev_2dttyS0_2edevice interface=org.freedesktop.DBus.Properties member=PropertiesChanged cookie=4 reply_cookie=0 error=n/a
[   22.533887] userial_init: registered 8 ttyGS* devices
[   22.631987] systemd[1]: Sent message type=signal sender=n/a destination=n/a object=/org/freedesktop/systemd1/unit/dev_2dttyS0_2edevice interface=org.freedesktop.DBus.Properties member=PropertiesChanged cookie=5 reply_cookie=0 error=n/a
[   22.745971] rndis_register: configNr = 0
[   22.771886] systemd[1]: Got message type=method_call sender=n/a destination=org.freedesktop.systemd1 object=/org/freedesktop/systemd1/unit/loadcpufreq_2eservice interface=org.freedesktop.DBus.Properties member=GetAll cookie=1 reply_cookie=0 error=n/a
[   23.025925] systemd[1]: Preset files don't specify rule for loadcpufreq.service. Enabling.
[   23.141757] systemd[1]: Sent message type=method_return sender=n/a destination=n/a object=n/a interface=n/a member=n/a cookie=1 reply_cookie=1 error=n/a
[   23.272195] systemd[1]: Got message type=method_call sender=n/a destination=org.freedesktop.systemd1 object=/org/freedesktop/systemd1/unit/udhcpd_2eservice interface=org.freedesktop.DBus.Properties member=GetAll cookie=1 reply_cookie=0 error=n/a
[   23.471860] systemd[1]: Preset files don't specify rule for udhcpd.service. Enabling.
[   23.581843] systemd[1]: Sent message type=method_return sender=n/a destination=n/a object=n/a interface=n/a member=n/a cookie=6 reply_cookie=1 error=n/a
[   23.692012] systemd[1]: Received SIGCHLD from PID 182 (udhcpd).
[   23.754536] tps6521x_pwrbutton tps65217-pwrbutton: DMA mask not set
[   23.807621] input: tps65217_pwrbutton as /devices/platform/ocp/44c00000.interconnect/44c00000.interconnect:segment@200000/44e0b000.target-module/44e0b000.i2c/i2c-0/0-0024/tps65217-pwrbutton/input/input0
[   24.621235] systemd-journald[94]: Successfully sent stream file descriptor to service manager.
[   24.795541] systemd-journald[94]: Successfully sent stream file descriptor to service manager.
[   25.029251] systemd-journald[94]: Successfully sent stream file descriptor to service manager.
[   25.272740] systemd-journald[94]: Successfully sent stream file descriptor to service manager.
[   26.046078] systemd-journald[94]: Successfully sent stream file descriptor to service manager.
[   26.847493] omap_wdt: OMAP Watchdog Timer Rev 0x01: initial timeout 60 sec
[   26.973177] omap_rtc 44e3e000.rtc: registered as rtc0
[   26.978532] omap_rtc 44e3e000.rtc: setting system clock to 2000-01-01T00:00:00 UTC (946684800)
[   26.987373] omap_rtc 44e3e000.rtc: GPIO lookup for consumer wp
[   26.993296] omap_rtc 44e3e000.rtc: using device tree for GPIO lookup
[   26.999701] of_get_named_gpiod_flags: can't parse 'wp-gpios' property of node '/ocp/interconnect@44c00000/segment@200000/target-module@3e000/rtc@0[0]'
[   27.013323] of_get_named_gpiod_flags: can't parse 'wp-gpio' property of node '/ocp/interconnect@44c00000/segment@200000/target-module@3e000/rtc@0[0]'
[   27.026835] omap_rtc 44e3e000.rtc: using lookup tables for GPIO lookup
[   27.033417] omap_rtc 44e3e000.rtc: No GPIO consumer wp found
[   27.055224] systemd-journald[94]: Time jumped backwards, rotating.
[   27.061492] systemd-journald[94]: Rotating...
[   27.080703] systemd-journald[94]: Reserving 5582 entries in hash table.
[   27.090206] systemd-journald[94]: Vacuuming...
[   27.098016] systemd-journald[94]: Vacuuming done, freed 0B of archived journals from /run/log/journal/c2029cc3b8b4efd6445bffc4386d43a0.
[   27.412010] systemd[1]: apt-daily-upgrade.timer: Adding 16min 25.264838s random time.
[   27.435910] systemd[1]: apt-daily-upgrade.timer: Realtime timer elapses at Thu 2024-03-14 06:16:25 UTC.
[   27.491882] systemd[1]: systemd-tmpfiles-clean.timer: Time change, recalculating next elapse.
[   27.517187] systemd[1]: systemd-tmpfiles-clean.timer: Monotonic timer elapses in 14min 32.531015s.
[   27.611785] systemd[1]: apt-daily.timer: Time change, recalculating next elapse.
[   27.654843] systemd[1]: apt-daily.timer: Adding 9h 36min 53.284417s random time.
[   27.677628] am335x-phy-driver 47401300.usb-phy: GPIO lookup for consumer reset
[   27.685142] am335x-phy-driver 47401300.usb-phy: using device tree for GPIO lookup
[   27.692738] of_get_named_gpiod_flags: can't parse 'reset-gpios' property of node '/ocp/target-module@47400000/usb-phy@1300[0]'
[   27.704272] of_get_named_gpiod_flags: can't parse 'reset-gpio' property of node '/ocp/target-module@47400000/usb-phy@1300[0]'
[   27.715681] am335x-phy-driver 47401300.usb-phy: using lookup tables for GPIO lookup
[   27.723398] am335x-phy-driver 47401300.usb-phy: No GPIO consumer reset found
[   27.730481] am335x-phy-driver 47401300.usb-phy: GPIO lookup for consumer vbus-detect
[   27.738280] am335x-phy-driver 47401300.usb-phy: using device tree for GPIO lookup
[   27.745823] of_get_named_gpiod_flags: can't parse 'vbus-detect-gpios' property of node '/ocp/target-module@47400000/usb-phy@1300[0]'
[   27.757833] of_get_named_gpiod_flags: can't parse 'vbus-detect-gpio' property of node '/ocp/target-module@47400000/usb-phy@1300[0]'
[   27.769751] am335x-phy-driver 47401300.usb-phy: using lookup tables for GPIO lookup
[   27.777461] am335x-phy-driver 47401300.usb-phy: No GPIO consumer vbus-detect found
[   27.785205] am335x-phy-driver 47401300.usb-phy: supply vcc not found, using dummy regulator
[   27.804709] am335x-phy-driver 47401b00.usb-phy: GPIO lookup for consumer reset
[   27.812204] am335x-phy-driver 47401b00.usb-phy: using device tree for GPIO lookup
[   27.819772] of_get_named_gpiod_flags: can't parse 'reset-gpios' property of node '/ocp/target-module@47400000/usb-phy@1b00[0]'
[   27.831311] of_get_named_gpiod_flags: can't parse 'reset-gpio' property of node '/ocp/target-module@47400000/usb-phy@1b00[0]'
[   27.842727] am335x-phy-driver 47401b00.usb-phy: using lookup tables for GPIO lookup
[   27.850422] am335x-phy-driver 47401b00.usb-phy: No GPIO consumer reset found
[   27.857528] am335x-phy-driver 47401b00.usb-phy: GPIO lookup for consumer vbus-detect
[   27.865330] am335x-phy-driver 47401b00.usb-phy: using device tree for GPIO lookup
[   27.872875] of_get_named_gpiod_flags: can't parse 'vbus-detect-gpios' property of node '/ocp/target-module@47400000/usb-phy@1b00[0]'
[   27.884885] of_get_named_gpiod_flags: can't parse 'vbus-detect-gpio' property of node '/ocp/target-module@47400000/usb-phy@1b00[0]'
[   27.896805] am335x-phy-driver 47401b00.usb-phy: using lookup tables for GPIO lookup
[   27.904517] am335x-phy-driver 47401b00.usb-phy: No GPIO consumer vbus-detect found
[   27.912260] am335x-phy-driver 47401b00.usb-phy: supply vcc not found, using dummy regulator
[   27.933705] systemd[1]: apt-daily.timer: Realtime timer elapses at Thu 2024-03-14 03:36:53 UTC.
[   27.961881] systemd[1]: Sent message type=signal sender=n/a destination=n/a object=/org/freedesktop/systemd1/unit/apt_2ddaily_2etimer interface=org.freedesktop.DBus.Properties member=PropertiesChanged cookie=58 reply_cookie=0 error=n/a
[   28.012636] systemd[1]: Sent message type=signal sender=n/a destination=n/a object=/org/freedesktop/systemd1/unit/apt_2ddaily_2etimer interface=org.freedesktop.DBus.Properties member=PropertiesChanged cookie=59 reply_cookie=0 error=n/a
[   28.091861] systemd[1]: Sent message type=signal sender=n/a destination=n/a object=/org/freedesktop/systemd1/unit/systemd_2dtmpfiles_2dclean_2etimer interface=org.freedesktop.DBus.Properties member=PropertiesChanged cookie=60 reply_cookie=0 error=n/a
[   28.273730] usbcore: registered new interface driver usbfs
[   28.279343] usbcore: registered new interface driver hub
[   28.284957] usbcore: registered new device driver usb
[   28.452878] musb-hdrc musb-hdrc.1: MUSB HDRC host driver
[   28.458289] musb-hdrc musb-hdrc.1: new USB bus registered, assigned bus number 1
[   28.474316] usb usb1: New USB device found, idVendor=1d6b, idProduct=0002, bcdDevice= 5.15
[   28.482815] usb usb1: New USB device strings: Mfr=3, Product=2, SerialNumber=1
[   28.490078] usb usb1: Product: MUSB HDRC host driver
[   28.495138] usb usb1: Manufacturer: Linux 5.15.174 musb-hcd
[   28.500756] usb usb1: SerialNumber: musb-hdrc.1
[   28.508887] hub 1-0:1.0: USB hub found
[   28.513283] hub 1-0:1.0: 1 port detected
[   29.106780] systemd-journald[94]: Successfully sent stream file descriptor to service manager.
[   29.245268] systemd-journald[94]: Successfully sent stream file descriptor to service manager.
[   29.824021] systemd-journald[94]: Successfully sent stream file descriptor to service manager.
[   30.997984] omap-mailbox 480c8000.mailbox: omap mailbox rev 0x400
[   31.025140] remoteproc remoteproc0: powering up wkup_m3
[   31.051237] remoteproc remoteproc0: Direct firmware load for am335x-pm-firmware.elf failed with error -2
[   31.060989] remoteproc remoteproc0: request_firmware failed: -2
[   31.067007] wkup_m3_ipc 44e11324.wkup_m3_ipc: rproc_boot failed
[   32.541878] systemd[1]: dev-disk-by\x2duuid-DFA4\x2dDFD9.device: Changed dead -> plugged
[   32.575309] systemd[1]: dev-disk-by\x2dpath-platform\x2d48060000.mmc\x2dpart1.device: Changed dead -> plugged
[   32.621826] systemd[1]: dev-disk-by\x2dpartuuid-4609b632\x2d01.device: Changed dead -> plugged
[   32.649545] systemd[1]: dev-disk-by\x2did-mmc\x2dSD16G_0xda18eae6\x2dpart1.device: Changed dead -> plugged
[   32.704205] systemd[1]: dev-mmcblk0p1.device: Changed dead -> plugged
[   32.751987] systemd[1]: sys-devices-platform-ocp-48000000.interconnect-48000000.interconnect:segment\x400-480602fc.target\x2dmodule-48060000.mmc-mmc_host-mmc0-mmc0:5048-block-mmcblk0-mmcblk0p1.device: Changed dead -> plugged
[   32.871850] systemd[1]: Sent message type=signal sender=n/a destination=n/a object=/org/freedesktop/systemd1 interface=org.freedesktop.systemd1.Manager member=UnitNew cookie=113 reply_cookie=0 error=n/a
[   32.942677] systemd[1]: Sent message type=signal sender=n/a destination=n/a object=/org/freedesktop/systemd1 interface=org.freedesktop.systemd1.Manager member=UnitNew cookie=114 reply_cookie=0 error=n/a
[   33.031865] systemd[1]: Sent message type=signal sender=n/a destination=n/a object=/org/freedesktop/systemd1 interface=org.freedesktop.systemd1.Manager member=UnitNew cookie=115 reply_cookie=0 error=n/a
[   33.111973] systemd[1]: Sent message type=signal sender=n/a destination=n/a object=/org/freedesktop/systemd1 interface=org.freedesktop.systemd1.Manager member=UnitNew cookie=116 reply_cookie=0 error=n/a
[   33.460849] omap_rng 48310000.rng: Random Number Generator ver. 20
[   33.473450] tilcdc 4830e000.lcdc: bound 0-0070 (ops tda998x_driver_exit [tda998x])
[   33.495139] [drm] Initialized tilcdc 1.0.0 20121205 for 4830e000.lcdc on minor 0
[   33.503957] tilcdc 4830e000.lcdc: [drm] Cannot find any crtc or sizes
[   33.518331] tilcdc 4830e000.lcdc: [drm] Cannot find any crtc or sizes
[   34.365001] systemd-journald[94]: Successfully sent stream file descriptor to service manager.
[   34.380233] systemd-journald[94]: Successfully sent stream file descriptor to service manager.
[   35.326082] omap-sham 53100000.sham: hw accel on OMAP rev 4.3
[   35.345662] omap-sham 53100000.sham: will run requests pump with realtime priority
[   35.465288] omap-aes 53500000.aes: OMAP AES hw accel rev: 3.2
[   35.474814] omap-aes 53500000.aes: will run requests pump with realtime priority
[   35.640821] PM: Cannot get wkup_m3_ipc handle
[   38.422071] systemd[1]: Sent message type=signal sender=n/a destination=n/a object=/org/freedesktop/systemd1 interface=org.freedesktop.systemd1.Manager member=UnitNew cookie=183 reply_cookie=0 error=n/a
[   40.266785] PM: Cannot get wkup_m3_ipc handle
[   40.272647] of_get_named_gpiod_flags: can't parse 'simple-audio-card,hp-det-gpio' property of node '/sound[0]'
[   40.282848] of_get_named_gpiod_flags: can't parse 'simple-audio-card,mic-det-gpio' property of node '/sound[0]'
[   40.376361] PM: Cannot get wkup_m3_ipc handle
[   43.131807] systemd[1]: sound.target: Trying to enqueue job sound.target/start/fail
[   43.152060] systemd[1]: sound.target: Installed new job sound.target/start as 172
[   43.171839] systemd[1]: sound.target: Enqueued job sound.target/start as 172
[   43.221817] systemd[1]: Sent message type=signal sender=n/a destination=n/a object=/org/freedesktop/systemd1 interface=org.freedesktop.systemd1.Manager member=UnitNew cookie=188 reply_cookie=0 error=n/a
[   43.291803] systemd[1]: Sent message type=signal sender=n/a destination=n/a object=/org/freedesktop/systemd1 interface=org.freedesktop.systemd1.Manager member=JobNew cookie=189 reply_cookie=0 error=n/a
[   43.351883] systemd[1]: sound.target changed dead -> active
[   43.371835] systemd[1]: sound.target: Job sound.target/start finished, result=done
[   43.411817] systemd[1]: Sent message type=signal sender=n/a destination=n/a object=/org/freedesktop/systemd1/unit/sound_2etarget interface=org.freedesktop.DBus.Properties member=PropertiesChanged cookie=191 reply_cookie=0 error=n/a
[   56.801270] systemd-journald[94]: Successfully sent stream file descriptor to service manager.
[   58.185009] systemd-journald[94]: Data hash table of /run/log/journal/c2029cc3b8b4efd6445bffc4386d43a0/system.journal has a fill level at 75.0 (4189 of 5582 items, 3215360 file size, 767 bytes per hash table item), suggesting rotation.
[   58.185072] systemd-journald[94]: /run/log/journal/c2029cc3b8b4efd6445bffc4386d43a0/system.journal: Journal header limits reached or header out-of-date, rotating.
[   58.185097] systemd-journald[94]: Rotating...
[   58.189300] systemd-journald[94]: Reserving 5582 entries in hash table.
[   58.190296] systemd-journald[94]: Vacuuming...
[   58.191192] systemd-journald[94]: Vacuuming done, freed 0B of archived journals from /run/log/journal/c2029cc3b8b4efd6445bffc4386d43a0.
HHMGWQEAGH 0
root@arm:~# echo 'AVSW''UUSYUS'
AVSWUUSYUS
root@arm:~# MARKER='WPGH''MHEHWW' run 'modprobe test_linear_ranges'
WPGHMHEHWWWPGHMHEHWW 0
root@arm:~# echo 'NZYU''UHHKSA'
NZYUUHHKSA
root@arm:~# MARKER='VJLB''HCUPPO' run dmesg
VJLBHCUPPO[    0.000000] Booting Linux on physical CPU 0x0
[    0.000000] Linux version 5.15.174 (user01@drvtest01) (arm-linux-gnueabihf-gcc (Linaro GCC 6.4-2017.11) 6.4.1 20171012, GNU ld (Linaro_Binutils-2017.11) 2.27.0.20161229) #10 SMP Sat Dec 14 21:25:12 EET 2024
[    0.000000] CPU: ARMv7 Processor [413fc082] revision 2 (ARMv7), cr=10c5387d
[    0.000000] CPU: PIPT / VIPT nonaliasing data cache, VIPT aliasing instruction cache
[    0.000000] OF: fdt: Machine model: TI AM335x BeagleBone Black
[    0.000000] earlycon: omap8250 at MMIO 0x44e09000 (options '')
[    0.000000] printk: bootconsole [omap8250] enabled
[    0.000000] Memory policy: Data cache writeback
[    0.000000] cma: Reserved 16 MiB at 0x9e800000
[    0.000000] Zone ranges:
[    0.000000]   Normal   [mem 0x0000000080000000-0x000000009fdfffff]
[    0.000000]   HighMem  empty
[    0.000000] Movable zone start for each node
[    0.000000] Early memory node ranges
[    0.000000]   node   0: [mem 0x0000000080000000-0x000000009fdfffff]
[    0.000000] Initmem setup node 0 [mem 0x0000000080000000-0x000000009fdfffff]
[    0.000000] CPU: All CPU(s) started in SVC mode.
[    0.000000] AM335X ES2.1 (sgx neon)
[    0.000000] percpu: Embedded 16 pages/cpu s33804 r8192 d23540 u65536
[    0.000000] pcpu-alloc: s33804 r8192 d23540 u65536 alloc=16*4096
[    0.000000] pcpu-alloc: [0] 0 
[    0.000000] Built 1 zonelists, mobility grouping on.  Total pages: 129412
[    0.000000] Kernel command line: console=ttyO0,115200n8 debug earlycon root=/dev/nfs rw nfsroot=192.168.255.126:/home/user01/nfs,nfsvers=3 ip=192.168.255.1:192.168.255.126::255.255.255.0:bbb1:eth0 nfsrootdebug
[    0.000000] Unknown kernel command line parameters "nfsrootdebug", will be passed to user space.
[    0.000000] Dentry cache hash table entries: 65536 (order: 6, 262144 bytes, linear)
[    0.000000] Inode-cache hash table entries: 32768 (order: 5, 131072 bytes, linear)
[    0.000000] mem auto-init: stack:off, heap alloc:off, heap free:off
[    0.000000] Memory: 484752K/522240K available (10240K kernel code, 1079K rwdata, 2392K rodata, 1024K init, 246K bss, 21104K reserved, 16384K cma-reserved, 0K highmem)
[    0.000000] trace event string verifier disabled
[    0.000000] rcu: Hierarchical RCU implementation.
[    0.000000] rcu: 	RCU event tracing is enabled.
[    0.000000] rcu: 	RCU restricting CPUs from NR_CPUS=2 to nr_cpu_ids=1.
[    0.000000] rcu: RCU calculated value of scheduler-enlistment delay is 10 jiffies.
[    0.000000] rcu: Adjusting geometry for rcu_fanout_leaf=16, nr_cpu_ids=1
[    0.000000] NR_IRQS: 16, nr_irqs: 16, preallocated irqs: 16
[    0.000000] IRQ: Found an INTC at 0x(ptrval) (revision 5.0) with 128 interrupts
[    0.000000] TI gptimer clocksource: always-on /ocp/interconnect@44c00000/segment@200000/target-module@31000
[    0.000002] sched_clock: 32 bits at 24MHz, resolution 41ns, wraps every 89478484971ns
[    0.008069] clocksource: dmtimer: mask: 0xffffffff max_cycles: 0xffffffff, max_idle_ns: 79635851949 ns
[    0.018057] TI gptimer clockevent: 24000000 Hz at /ocp/interconnect@48000000/segment@0/target-module@40000
[    0.029832] Console: colour dummy device 80x30
[    0.034449] WARNING: Your 'console=ttyO0' has been replaced by 'ttyS0'
[    0.041238] This ensures that you still see kernel messages. Please
[    0.047685] update your kernel commandline.
[    0.052038] Calibrating delay loop... 996.14 BogoMIPS (lpj=4980736)
[    0.094531] CPU: Testing write buffer coherency: ok
[    0.099645] CPU0: Spectre v2: using BPIALL workaround
[    0.104844] pid_max: default: 32768 minimum: 301
[    0.109748] LSM: Security Framework initializing
[    0.114681] Mount-cache hash table entries: 1024 (order: 0, 4096 bytes, linear)
[    0.122238] Mountpoint-cache hash table entries: 1024 (order: 0, 4096 bytes, linear)
[    0.131853] CPU0: thread -1, cpu 0, socket -1, mpidr 0
[    0.138290] Setting up static identity map for 0x80100000 - 0x80100078
[    0.145252] rcu: Hierarchical SRCU implementation.
[    0.151420] smp: Bringing up secondary CPUs ...
[    0.156095] smp: Brought up 1 node, 1 CPU
[    0.160279] SMP: Total of 1 processors activated (996.14 BogoMIPS).
[    0.166729] CPU: All CPU(s) started in SVC mode.
[    0.172303] devtmpfs: initialized
[    0.190233] VFP support v0.3: implementor 41 architecture 3 part 30 variant c rev 3
[    0.198519] clocksource: jiffies: mask: 0xffffffff max_cycles: 0xffffffff, max_idle_ns: 19112604462750000 ns
[    0.208692] futex hash table entries: 256 (order: 2, 16384 bytes, linear)
[    0.217033] pinctrl core: initialized pinctrl subsystem
[    0.224600] NET: Registered PF_NETLINK/PF_ROUTE protocol family
[    0.233562] DMA: preallocated 256 KiB pool for atomic coherent allocations
[    0.241276] audit: initializing netlink subsys (disabled)
[    0.248142] thermal_sys: Registered thermal governor 'fair_share'
[    0.248161] thermal_sys: Registered thermal governor 'step_wise'
[    0.254434] thermal_sys: Registered thermal governor 'user_space'
[    0.261000] cpuidle: using governor menu
[    0.287864] No ATAGs?
[    0.290323] hw-breakpoint: debug architecture 0x4 unsupported.
[    0.304597] kprobes: kprobe jump-optimization is enabled. All kprobes are optimized if possible.
[    0.313842] audit: type=2000 audit(0.210:1): state=initialized audit_enabled=0 res=1
[    0.327119] reg-fixed-voltage fixedregulator0: GPIO lookup for consumer (null)
[    0.334706] reg-fixed-voltage fixedregulator0: using device tree for GPIO lookup
[    0.342375] of_get_named_gpiod_flags: can't parse 'gpios' property of node '/fixedregulator0[0]'
[    0.351466] of_get_named_gpiod_flags: can't parse 'gpio' property of node '/fixedregulator0[0]'
[    0.360447] reg-fixed-voltage fixedregulator0: using lookup tables for GPIO lookup
[    0.368252] reg-fixed-voltage fixedregulator0: No GPIO consumer (null) found
[    0.376672] iommu: Default domain type: Translated 
[    0.381749] iommu: DMA domain TLB invalidation policy: strict mode 
[    0.389518] vgaarb: loaded
[    0.392830] SCSI subsystem initialized
[    0.397099] libata version 3.00 loaded.
[    0.401504] pps_core: LinuxPPS API ver. 1 registered
[    0.406617] pps_core: Software ver. 5.3.6 - Copyright 2005-2007 Rodolfo Giometti <giometti@linux.it>
[    0.416080] PTP clock support registered
[    0.421859] clocksource: Switched to clocksource dmtimer
[    0.473187] VFS: Disk quotas dquot_6.6.0
[    0.477346] VFS: Dquot-cache hash table entries: 1024 (order 0, 4096 bytes)
[    0.577836] NET: Registered PF_INET protocol family
[    0.583291] IP idents hash table entries: 8192 (order: 4, 65536 bytes, linear)
[    0.591754] tcp_listen_portaddr_hash hash table entries: 512 (order: 0, 4096 bytes, linear)
[    0.600394] Table-perturb hash table entries: 65536 (order: 6, 262144 bytes, linear)
[    0.608412] TCP established hash table entries: 4096 (order: 2, 16384 bytes, linear)
[    0.616441] TCP bind hash table entries: 4096 (order: 3, 32768 bytes, linear)
[    0.623855] TCP: Hash tables configured (established 4096 bind 4096)
[    0.630507] UDP hash table entries: 256 (order: 1, 8192 bytes, linear)
[    0.637275] UDP-Lite hash table entries: 256 (order: 1, 8192 bytes, linear)
[    0.644649] NET: Registered PF_UNIX/PF_LOCAL protocol family
[    0.714987] RPC: Registered named UNIX socket transport module.
[    0.721105] RPC: Registered udp transport module.
[    0.726001] RPC: Registered tcp transport module.
[    0.730840] RPC: Registered tcp NFSv4.1 backchannel transport module.
[    0.737495] PCI: CLS 0 bytes, default 64
[    0.743050] Initialise system trusted keyrings
[    0.796828] workingset: timestamp_bits=14 max_order=17 bucket_order=3
[    0.804917] NFS: Registering the id_resolver key type
[    0.810186] Key type id_resolver registered
[    0.814581] Key type id_legacy registered
[    0.818762] jffs2: version 2.2. (NAND) (SUMMARY)  Â© 2001-2006 Red Hat, Inc.
[    0.852317] Key type asymmetric registered
[    0.856553] Asymmetric key parser 'x509' registered
[    0.861711] io scheduler mq-deadline registered
[    0.866378] io scheduler kyber registered
[    0.904722] Serial: 8250/16550 driver, 6 ports, IRQ sharing enabled
[    0.947572] brd: module loaded
[    0.968701] loop: module loaded
[    0.972952] mtdoops: mtd device (mtddev=name/number) must be supplied
[    0.980803] mdio_bus fixed-0: GPIO lookup for consumer reset
[    0.986728] mdio_bus fixed-0: using lookup tables for GPIO lookup
[    0.993024] mdio_bus fixed-0: No GPIO consumer reset found
[    0.999722] i2c_dev: i2c /dev entries driver
[    1.005064] cpuidle: enable-method property 'ti,am3352' found operations
[    1.012436] sdhci: Secure Digital Host Controller Interface driver
[    1.018798] sdhci: Copyright(c) Pierre Ossman
[    1.023491] sdhci-pltfm: SDHCI platform and OF driver helper
[    1.085888] ledtrig-cpu: registered to indicate activity on CPUs
[    1.092683] Initializing XFRM netlink socket
[    1.097299] NET: Registered PF_INET6 protocol family
[    1.119539] Segment Routing with IPv6
[    1.123466] In-situ OAM (IOAM) with IPv6
[    1.127597] sit: IPv6, IPv4 and MPLS over IPv4 tunneling driver
[    1.134554] NET: Registered PF_PACKET protocol family
[    1.139789] NET: Registered PF_KEY protocol family
[    1.144984] Key type dns_resolver registered
[    1.149531] ThumbEE CPU extension supported.
[    1.153985] Registering SWP/SWPB emulation handler
[    1.159417] omap_voltage_late_init: Voltage driver support not added
[    1.166365] SmartReflex Class3 initialized
[    1.240095] Loading compiled-in X.509 certificates
[    1.277462] pinctrl-single 44e10800.pinmux: 142 pins, size 568
[    1.287881] ti-sysc: probe of 44e31000.target-module failed with error -16
[    1.352954] ti-sysc: probe of 48040000.target-module failed with error -16
[    1.370050] gpio gpiochip0: (gpio-0-31): created GPIO range 0->7 ==> 44e10800.pinmux PIN 0->7
[    1.378978] gpio gpiochip0: (gpio-0-31): created GPIO range 8->11 ==> 44e10800.pinmux PIN 90->93
[    1.388054] gpio gpiochip0: (gpio-0-31): created GPIO range 12->27 ==> 44e10800.pinmux PIN 12->27
[    1.397211] gpio gpiochip0: (gpio-0-31): created GPIO range 28->31 ==> 44e10800.pinmux PIN 30->33
[    1.493956] gpio gpiochip0: (gpio-0-31): added GPIO chardev (254:0)
[    1.500555] gpio gpiochip0: registered GPIOs 0 to 31 on gpio-0-31
[    1.506943] OMAP GPIO hardware version 0.1
[    1.544541] i2c i2c-2: GPIO lookup for consumer scl
[    1.549595] i2c i2c-2: using device tree for GPIO lookup
[    1.555150] of_get_named_gpiod_flags: can't parse 'scl-gpios' property of node '/ocp/interconnect@48000000/segment@100000/target-module@9c000/i2c@0[0]'
[    1.569172] of_get_named_gpiod_flags: can't parse 'scl-gpio' property of node '/ocp/interconnect@48000000/segment@100000/target-module@9c000/i2c@0[0]'
[    1.583113] i2c i2c-2: using lookup tables for GPIO lookup
[    1.588759] i2c i2c-2: No GPIO consumer scl found
[    1.593630] i2c i2c-2: GPIO lookup for consumer sda
[    1.598649] i2c i2c-2: using device tree for GPIO lookup
[    1.604138] of_get_named_gpiod_flags: can't parse 'sda-gpios' property of node '/ocp/interconnect@48000000/segment@100000/target-module@9c000/i2c@0[0]'
[    1.618146] of_get_named_gpiod_flags: can't parse 'sda-gpio' property of node '/ocp/interconnect@48000000/segment@100000/target-module@9c000/i2c@0[0]'
[    1.632062] i2c i2c-2: using lookup tables for GPIO lookup
[    1.637706] i2c i2c-2: No GPIO consumer sda found
[    1.643225] omap_i2c 4819c000.i2c: bus 2 rev0.11 at 100 kHz
[    1.654235] gpio gpiochip1: (gpio-32-63): created GPIO range 0->17 ==> 44e10800.pinmux PIN 34->51
[    1.663489] gpio gpiochip1: (gpio-32-63): created GPIO range 18->21 ==> 44e10800.pinmux PIN 77->80
[    1.672739] gpio gpiochip1: (gpio-32-63): created GPIO range 22->31 ==> 44e10800.pinmux PIN 56->65
[    1.723954] gpio gpiochip1: (gpio-32-63): added GPIO chardev (254:1)
[    1.730646] gpio gpiochip1: registered GPIOs 32 to 63 on gpio-32-63
[    1.739391] gpio gpiochip2: (gpio-64-95): created GPIO range 0->4 ==> 44e10800.pinmux PIN 66->70
[    1.748563] gpio gpiochip2: (gpio-64-95): created GPIO range 5->6 ==> 44e10800.pinmux PIN 98->99
[    1.757637] gpio gpiochip2: (gpio-64-95): created GPIO range 7->8 ==> 44e10800.pinmux PIN 75->76
[    1.766705] gpio gpiochip2: (gpio-64-95): created GPIO range 13->13 ==> 44e10800.pinmux PIN 141->141
[    1.776130] gpio gpiochip2: (gpio-64-95): created GPIO range 14->21 ==> 44e10800.pinmux PIN 100->107
[    1.785994] gpio gpiochip2: (gpio-64-95): added GPIO chardev (254:2)
[    1.792697] gpio gpiochip2: registered GPIOs 64 to 95 on gpio-64-95
[    1.816394] mdio_bus 4a101000.mdio: GPIO lookup for consumer reset
[    1.822897] mdio_bus 4a101000.mdio: using device tree for GPIO lookup
[    1.829543] of_get_named_gpiod_flags: can't parse 'reset-gpios' property of node '/ocp/interconnect@4a000000/segment@0/target-module@100000/switch@0/mdio@1000[0]'
