Labgrid Console Logfile for main
Logfile started at 2024-12-05 16:32:20.013461
=== Log starts here ===
reading args
spl_load_image_fat_os: error reading image args, err - -1
reading u-boot.img
reading u-boot.img


U-Boot 2014.04-00014-g47880f5 (Apr 22 2014 - 13:23:54)

I2C:   ready
DRAM:  512 MiB
NAND:  0 MiB
MMC:   OMAP SD/MMC: 0, OMAP SD/MMC: 1
*** Warning - readenv() failed, using default environment

Net:   <ethaddr> not set. Validating first E-fuse MAC
cpsw, usb_ether
Hit any key to stop autoboot:  1  0 
gpio: pin 53 (gpio 53) value is 1
mmc0 is current device
gpio: pin 54 (gpio 54) value is 1
SD/MMC found on device 0
reading uEnv.txt
569 bytes read in 3 ms (184.6 KiB/s)
gpio: pin 55 (gpio 55) value is 1
Loaded environment from uEnv.txt
Importing environment from mmc ...
Checking if uenvcmd is set ...
gpio: pin 56 (gpio 56) value is 1
Running uenvcmd ...
cpsw Waiting for PHY auto negotiation to complete. done
link up on port 0, speed 100, full duplex
Using cpsw device
TFTP from server 192.168.255.126; our IP address is 192.168.255.1
Filename 'zImage'.
Load address: 0x81000000
Loading: *#################################################################
	 #################################################################
	 #################################################################
	 #################################################################
	 #################################################################
	 #####################################################
	 2.4 MiB/s
done
Bytes transferred = 5538392 (548258 hex)
link up on port 0, speed 100, full duplex
Using cpsw device
TFTP from server 192.168.255.126; our IP address is 192.168.255.1
Filename 'am335x-boneblack.dtb'.
Load address: 0x82000000
Loading: *#######
	 2.3 MiB/s
done
Bytes transferred = 98244 (17fc4 hex)
Kernel image @ 0x81000000 [ 0x000000 - 0x548258 ]
## Flattened Device Tree blob at 82000000
   Booting using the fdt blob at 0x82000000
   Using Device Tree in place at 82000000, end 8201afc3

Starting kernel ...

[    0.000000] Booting Linux on physical CPU 0x0
[    0.000000] Linux version 6.13.0-rc1-next-20241205 (user01@drvtest01) (arm-linux-gnueabihf-gcc (Linaro GCC 6.4-2017.11) 6.4.1 20171012, GNU ld (Linaro_Binutils-2017.11) 2.27.0.20161229) #150 SMP Thu Dec  5 16:29:59 EET 2024
[    0.000000] CPU: ARMv7 Processor [413fc082] revision 2 (ARMv7), cr=10c5387d
[    0.000000] CPU: PIPT / VIPT nonaliasing data cache, VIPT aliasing instruction cache
[    0.000000] OF: fdt: Machine model: TI AM335x BeagleBone Black
[    0.000000] Memory policy: Data cache writeback
[    0.000000] cma: Reserved 16 MiB at 0x9e800000 on node -1
[    0.000000] Zone ranges:
[    0.000000]   Normal   [mem 0x0000000080000000-0x000000009fdfffff]
[    0.000000]   HighMem  empty
[    0.000000] Movable zone start for each node
[    0.000000] Early memory node ranges
[    0.000000]   node   0: [mem 0x0000000080000000-0x000000009fdfffff]
[    0.000000] Initmem setup node 0 [mem 0x0000000080000000-0x000000009fdfffff]
[    0.000000] OF: reserved mem: Reserved memory: No reserved-memory node in the DT
[    0.000000] CPU: All CPU(s) started in SVC mode.
[    0.000000] AM335X ES2.1 (sgx neon)
[    0.000000] percpu: Embedded 17 pages/cpu s39628 r8192 d21812 u69632
[    0.000000] Kernel command line: console=ttyO0,115200n8 root=/dev/nfs rw nfsroot=192.168.255.126:/home/user01/nfs,nfsvers=3 ip=192.168.255.1:192.168.255.126::255.255.255.0:bbb1:eth0 nfsrootdebug
[    0.000000] Unknown kernel command line parameters "nfsrootdebug", will be passed to user space.
[    0.000000] printk: log buffer data + meta data: 65536 + 204800 = 270336 bytes
[    0.000000] Dentry cache hash table entries: 65536 (order: 6, 262144 bytes, linear)
[    0.000000] Inode-cache hash table entries: 32768 (order: 5, 131072 bytes, linear)
[    0.000000] Built 1 zonelists, mobility grouping on.  Total pages: 130560
[    0.000000] mem auto-init: stack:off, heap alloc:off, heap free:off
[    0.000000] SLUB: HWalign=64, Order=0-3, MinObjects=0, CPUs=1, Nodes=1
[    0.000000] trace event string verifier disabled
[    0.000000] rcu: Hierarchical RCU implementation.
[    0.000000] rcu: 	RCU event tracing is enabled.
[    0.000000] rcu: 	RCU restricting CPUs from NR_CPUS=2 to nr_cpu_ids=1.
[    0.000000] 	Tracing variant of Tasks RCU enabled.
[    0.000000] rcu: RCU calculated value of scheduler-enlistment delay is 10 jiffies.
[    0.000000] rcu: Adjusting geometry for rcu_fanout_leaf=16, nr_cpu_ids=1
[    0.000000] RCU Tasks Trace: Setting shift to 0 and lim to 1 rcu_task_cb_adjust=1 rcu_task_cpu_ids=1.
[    0.000000] NR_IRQS: 16, nr_irqs: 16, preallocated irqs: 16
[    0.000000] IRQ: Found an INTC at 0x(ptrval) (revision 5.0) with 128 interrupts
[    0.000000] rcu: srcu_init: Setting srcu_struct sizes based on contention.
[    0.000000] TI gptimer clocksource: always-on /ocp/interconnect@44c00000/segment@200000/target-module@31000
[    0.000003] sched_clock: 32 bits at 24MHz, resolution 41ns, wraps every 89478484971ns
[    0.000027] clocksource: dmtimer: mask: 0xffffffff max_cycles: 0xffffffff, max_idle_ns: 79635851949 ns
[    0.000510] TI gptimer clockevent: 24000000 Hz at /ocp/interconnect@48000000/segment@0/target-module@40000
[    0.002154] Console: colour dummy device 80x30
[    0.002219] WARNING: Your 'console=ttyO0' has been replaced by 'ttyS0'
[    0.002226] This ensures that you still see kernel messages. Please
[    0.002231] update your kernel commandline.
[    0.002275] Calibrating delay loop... 996.14 BogoMIPS (lpj=4980736)
[    0.090558] CPU: Testing write buffer coherency: ok
[    0.090684] CPU0: Spectre v2: using BPIALL workaround
[    0.090695] pid_max: default: 32768 minimum: 301
[    0.090824] LSM: initializing lsm=capability
[    0.090999] Mount-cache hash table entries: 1024 (order: 0, 4096 bytes, linear)
[    0.091020] Mountpoint-cache hash table entries: 1024 (order: 0, 4096 bytes, linear)
[    0.092691] CPU0: thread -1, cpu 0, socket -1, mpidr 0
[    0.160934] Setting up static identity map for 0x80100000 - 0x80100078
[    0.170712] rcu: Hierarchical SRCU implementation.
[    0.170723] rcu: 	Max phase no-delay instances is 1000.
[    0.190772] smp: Bringing up secondary CPUs ...
[    0.190828] smp: Brought up 1 node, 1 CPU
[    0.190843] SMP: Total of 1 processors activated (996.14 BogoMIPS).
[    0.190855] CPU: All CPU(s) started in SVC mode.
[    0.191047] Memory: 480840K/522240K available (11264K kernel code, 1214K rwdata, 2900K rodata, 1024K init, 296K bss, 23388K reserved, 16384K cma-reserved, 0K highmem)
[    0.191911] devtmpfs: initialized
[    0.208961] VFP support v0.3: implementor 41 architecture 3 part 30 variant c rev 3
[    0.209309] clocksource: jiffies: mask: 0xffffffff max_cycles: 0xffffffff, max_idle_ns: 19112604462750000 ns
[    0.209344] futex hash table entries: 256 (order: 2, 16384 bytes, linear)
[    0.210847] pinctrl core: initialized pinctrl subsystem
[    0.213643] NET: Registered PF_NETLINK/PF_ROUTE protocol family
[    0.216464] DMA: preallocated 256 KiB pool for atomic coherent allocations
[    0.217374] audit: initializing netlink subsys (disabled)
[    0.218800] thermal_sys: Registered thermal governor 'fair_share'
[    0.218816] thermal_sys: Registered thermal governor 'step_wise'
[    0.218826] thermal_sys: Registered thermal governor 'user_space'
[    0.218980] audit: type=2000 audit(0.210:1): state=initialized audit_enabled=0 res=1
[    0.219017] cpuidle: using governor menu
[    0.237657] /ocp/interconnect@44c00000/segment@200000/target-module@b000/i2c@0/tda19988@70: Fixed dependency cycle(s) with /ocp/interconnect@48000000/segment@300000/target-module@e000/lcdc@0
[    0.238810] /ocp/interconnect@48000000/segment@300000/target-module@e000/lcdc@0: Fixed dependency cycle(s) with /ocp/interconnect@44c00000/segment@200000/target-module@b000/i2c@0/tda19988@70
[    0.241207] No ATAGs?
[    0.241227] hw-breakpoint: debug architecture 0x4 unsupported.
[    0.244040] kprobes: kprobe jump-optimization is enabled. All kprobes are optimized if possible.
[    0.254045] iommu: Default domain type: Translated
[    0.254066] iommu: DMA domain TLB invalidation policy: strict mode
[    0.262248] SCSI subsystem initialized
[    0.263104] pps_core: LinuxPPS API ver. 1 registered
[    0.263113] pps_core: Software ver. 5.3.6 - Copyright 2005-2007 Rodolfo Giometti <giometti@linux.it>
[    0.263137] PTP clock support registered
[    0.271466] vgaarb: loaded
[    0.271882] clocksource: Switched to clocksource dmtimer
[    0.272544] VFS: Disk quotas dquot_6.6.0
[    0.272589] VFS: Dquot-cache hash table entries: 1024 (order 0, 4096 bytes)
[    0.297078] NET: Registered PF_INET protocol family
[    0.297438] IP idents hash table entries: 8192 (order: 4, 65536 bytes, linear)
[    0.298857] tcp_listen_portaddr_hash hash table entries: 512 (order: 0, 4096 bytes, linear)
[    0.298897] Table-perturb hash table entries: 65536 (order: 6, 262144 bytes, linear)
[    0.298913] TCP established hash table entries: 4096 (order: 2, 16384 bytes, linear)
[    0.298957] TCP bind hash table entries: 4096 (order: 4, 65536 bytes, linear)
[    0.299056] TCP: Hash tables configured (established 4096 bind 4096)
[    0.299172] UDP hash table entries: 256 (order: 1, 14336 bytes, linear)
[    0.299207] UDP-Lite hash table entries: 256 (order: 1, 14336 bytes, linear)
[    0.299387] NET: Registered PF_UNIX/PF_LOCAL protocol family
[    0.302756] RPC: Registered named UNIX socket transport module.
[    0.302779] RPC: Registered udp transport module.
[    0.302785] RPC: Registered tcp transport module.
[    0.302790] RPC: Registered tcp-with-tls transport module.
[    0.302795] RPC: Registered tcp NFSv4.1 backchannel transport module.
[    0.302821] PCI: CLS 0 bytes, default 64
[    0.304284] Initialise system trusted keyrings
[    0.312683] workingset: timestamp_bits=14 max_order=17 bucket_order=3
[    0.313995] NFS: Registering the id_resolver key type
[    0.314074] Key type id_resolver registered
[    0.314083] Key type id_legacy registered
[    0.314129] jffs2: version 2.2. (NAND) (SUMMARY)  Â© 2001-2006 Red Hat, Inc.
[    0.314532] Key type asymmetric registered
[    0.314546] Asymmetric key parser 'x509' registered
[    0.314615] io scheduler mq-deadline registered
[    0.314626] io scheduler kyber registered
[    0.314698] io scheduler bfq registered
[    0.316325] ledtrig-cpu: registered to indicate activity on CPUs
[    0.322741] Serial: 8250/16550 driver, 6 ports, IRQ sharing enabled
[    0.359961] brd: module loaded
[    0.384713] loop: module loaded
[    0.385658] mtdoops: mtd device (mtddev=name/number) must be supplied
[    0.388797] i2c_dev: i2c /dev entries driver
[    0.389771] cpuidle: enable-method property 'ti,am3352' found operations
[    0.390220] sdhci: Secure Digital Host Controller Interface driver
[    0.390228] sdhci: Copyright(c) Pierre Ossman
[    0.390402] sdhci-pltfm: SDHCI platform and OF driver helper
[    0.391411] Initializing XFRM netlink socket
[    0.391557] NET: Registered PF_INET6 protocol family
[    0.405494] Segment Routing with IPv6
[    0.405582] In-situ OAM (IOAM) with IPv6
[    0.405680] sit: IPv6, IPv4 and MPLS over IPv4 tunneling driver
[    0.406647] NET: Registered PF_PACKET protocol family
[    0.406682] NET: Registered PF_KEY protocol family
[    0.406809] Key type dns_resolver registered
[    0.407085] ThumbEE CPU extension supported.
[    0.407106] Registering SWP/SWPB emulation handler
[    0.407650] omap_voltage_late_init: Voltage driver support not added
[    0.407998] SmartReflex Class3 initialized
[    0.434327] Loading compiled-in X.509 certificates
[    0.476602] /ocp/interconnect@44c00000/segment@200000/target-module@b000/i2c@0/tda19988@70: Fixed dependency cycle(s) with /ocp/interconnect@48000000/segment@300000/target-module@e000/lcdc@0
[    0.483166] /ocp/interconnect@44c00000/segment@200000/target-module@b000/i2c@0/tda19988@70: Fixed dependency cycle(s) with /ocp/interconnect@48000000/segment@300000/target-module@e000/lcdc@0
[    0.507103] /ocp/interconnect@44c00000/segment@200000/target-module@b000/i2c@0/tda19988@70: Fixed dependency cycle(s) with /ocp/interconnect@48000000/segment@300000/target-module@e000/lcdc@0
[    0.507979] /ocp/interconnect@44c00000/segment@200000/target-module@b000/i2c@0/tda19988@70: Fixed dependency cycle(s) with /ocp/interconnect@48000000/segment@300000/target-module@e000/lcdc@0
[    0.511421] /ocp/interconnect@44c00000/segment@200000/target-module@10000/scm@0/pinmux@800: Fixed dependency cycle(s) with /ocp/interconnect@44c00000/segment@200000/target-module@10000/scm@0/pinmux@800/clkout2-pins
[    0.512256] pinctrl-single 44e10800.pinmux: 142 pins, size 568
[    0.517533] ti-sysc 44e31000.target-module: probe with driver ti-sysc failed with error -16
[    0.544200] /ocp/interconnect@48000000/segment@300000/target-module@e000/lcdc@0: Fixed dependency cycle(s) with /ocp/interconnect@44c00000/segment@200000/target-module@b000/i2c@0/tda19988@70
[    0.552240] ti-sysc 48040000.target-module: probe with driver ti-sysc failed with error -16
[    0.602404] OMAP GPIO hardware version 0.1
[    0.644208] omap_i2c 4819c000.i2c: bus 2 rev0.11 at 100 kHz
[    0.659606] 48000000.interconnect:segment@200000:target-module@0:mpu@0:fck: device ID is greater than 24
[    0.660503] /ocp/interconnect@48000000/segment@300000/target-module@e000/lcdc@0: Fixed dependency cycle(s) with /ocp/interconnect@44c00000/segment@200000/target-module@b000/i2c@0/tda19988@70
[    0.663603] /ocp/interconnect@48000000/segment@300000/target-module@e000/lcdc@0: Fixed dependency cycle(s) with /ocp/interconnect@44c00000/segment@200000/target-module@b000/i2c@0/tda19988@70
[    0.664312] /ocp/interconnect@44c00000/segment@200000/target-module@b000/i2c@0/tda19988@70: Fixed dep endency cycle(s) with /ocp/interconnect@48000000/segment@30000 0/target-module@e000/lcdc@0
[    0.664476] /ocp/interconnect@ 48000000/segment@300000/target-module@e000/lcdc@0: Fixed depen dency cycle(s) with /ocp/interconnect@44c00000/segment@200000/ target-m
[    2.502887] tps65217-pmic: Failed to locate of_node [id: -1]
[    2.508943] tps65217-bl: Failed to locate of_node [id: -1]
[    2.520311] tps65217 0-0024: TPS65217 ID 0xe version 1.2
[    2.526458] /ocp/interconnect@48000000/segment@300000/target-module@e000/lcdc@0: Fixed dependency cycle(s) with /ocp/interconnect@44c00000/segment@200000/target-module@b000/i2c@0/tda19988@70
[    2.543827] /ocp/interconnect@44c00000/segment@200000/target-module@b000/i2c@0/tda19988@70: Fixed dependency cycle(s) with /ocp/interconnect@48000000/segment@300000/target-module@e000/lcdc@0
[    2.561209] omap_i2c 44e0b000.i2c: bus 0 rev0.11 at 400 kHz
[    2.569272] omap_gpio 44e07000.gpio: Could not set line 6 debounce to 200000 microseconds (-22)
[    2.578156] sdhci-omap 48060000.mmc: Got CD GPIO
[    2.583199] sdhci-omap 48060000.mmc: supply pbias not found, using dummy regulator
[    2.593635] sdhci-omap 48060000.mmc: supply vqmmc not found, using dummy regulator
[    2.602538] sdhci-omap 481d8000.mmc: supply pbias not found, using dummy regulator
[    2.610524] sdhci-omap 481d8000.mmc: supply vqmmc not found, using dummy regulator
[    2.649715] mmc1: SDHCI controller on 481d8000.mmc [481d8000.mmc] using External DMA
[    2.658272] mmc0: SDHCI controller on 48060000.mmc [48060000.mmc] using External DMA
[    2.667079] cpsw-switch 4a100000.switch: starting ndev. mode: dual_mac
[    2.711108] mmc0: new high speed SDHC card at address 5048
[    2.718213] mmcblk0: mmc0:5048 SD16G 14.4 GiB
[    2.726353]  mmcblk0: p1 p2
[    2.729738] mmcblk0: p2 size 31221760 extends beyond EOD, truncated
[    2.743164] SMSC LAN8710/LAN8720 4a101000.mdio:00: attached PHY driver (mii_bus:phy_addr=4a101000.mdio:00, irq=POLL)
[    2.755877] mmc1: new high speed MMC card at address 0001
[    2.767045] mmcblk1: mmc1:0001 MMC04G 3.60 GiB
[    2.774531]  mmcblk1: p1 p2
[    2.778758] mmcblk1boot0: mmc1:0001 MMC04G 2.00 MiB
[    2.786094] mmcblk1boot1: mmc1:0001 MMC04G 2.00 MiB
[    2.793444] mmcblk1rpmb: mmc1:0001 MMC04G 128 KiB, chardev (250:0)
[    5.922667] cpsw-switch 4a100000.switch eth0: Link is Up - 100Mbps/Full - flow control off
[    5.962127] IP-Config: Complete:
[    5.965404]      device=eth0, hwaddr=6c:ec:eb:68:de:78, ipaddr=192.168.255.1, mask=255.255.255.0, gw=255.255.255.255
[    5.976074]      host=bbb1, domain=, nis-domain=(none)
[    5.981242]      bootserver=192.168.255.126, rootserver=192.168.255.126, rootpath=
[    5.981668] clk: Disabling unused clocks
[    5.993517] PM: genpd: Disabling unused power domains
[    5.998631] KTAP version 1
[    6.001351] 1..0
[    6.026554] VFS: Mounted root (nfs filesystem) on device 0:17.
[    6.033717] devtmpfs: mounted
[    6.038384] Freeing unused kernel image (initmem) memory: 1024K
[    6.045318] Run /sbin/init as init process
[    6.766684] systemd[1]: System time before build time, advancing clock.
[    8.211907] random: crng init done
[    8.253135] systemd[1]: systemd 232 running in system mode. (+PAM +AUDIT +SELINUX +IMA +APPARMOR +SMACK +SYSVINIT +UTMP +LIBCRYPTSETUP +GCRYPT +GNUTLS +ACL +XZ +LZ4 +SECCOMP +BLKID +ELFUTILS +KMOD +IDN)
[    8.272412] systemd[1]: Detected architecture arm.

Welcome to [1mDebian GNU/Linux 9 (stretch)[0m!

[    8.305120] systemd[1]: Set hostname to <arm>.
[    9.419257] systemd[1]: Listening on Journal Socket (/dev/log).
[[0;32m  OK  [0m] Listening on Journal Socket (/dev/log).
[    9.442828] systemd[1]: Started Dispatch Password Requests to Console Directory Watch.
[[0;32m  OK  [0m] Started Dispatch Password Requests to Console Directory Watch.
[    9.473993] systemd[1]: Listening on /dev/initctl Compatibility Named Pipe.
[[0;32m  OK  [0m] Listening on /dev/initctl Compatibility Named Pipe.
[    9.503553] systemd[1]: Created slice System Slice.
[[0;32m  OK  [0m] Created slice System Slice.
[    9.533334] systemd[1]: Created slice system-getty.slice.
[[0;32m  OK  [0m] Created slice system-getty.slice.
[    9.563255] systemd[1]: Created slice system-serial\x2dgetty.slice.
[[0;32m  OK  [0m] Created slice system-serial\x2dgetty.slice.
[    9.592561] systemd[1]: Listening on udev Kernel Socket.
[[0;32m  OK  [0m] Listening on udev Kernel Socket.
[[0;32m  OK  [0m] Listening on Journal Socket.
         Starting Load Kernel Modules...
[[0;32m  OK  [0m] Created slice User and Session Slice.
[[0;32m  OK  [0m] Reached target Slices.
         Mounting POSIX Message Queue File System...
[[0;32m  OK  [0m] Set up automount Arbitrary Executabâ€¦rmats File System Automount Point.
         Starting Create list of required stâ€¦ce nodes for the current kernel...
[[0;32m  OK  [0m] Listening on Journal Audit Socket.
[[0;32m  OK  [0m] Started Forward Password Requests to Wall Directory Watch.
[[0;32m  OK  [0m] Reached target Encrypted Volumes.
[[0;32m  OK  [0m] Reached target Paths.
         Mounting Debug File System...
[[0;32m  OK  [0m] Reached target Swap.
[[0;32m  OK  [0m] Listening on udev Control Socket.
[[0;32m  OK  [0m] Listening on Syslog Socket.
         Starting Journal Service...
         Starting Remount Root and Kernel File Systems...
[[0;32m  OK  [0m] Reached target Remote File Systems.
[[0;32m  OK  [0m] Mounted POSIX Message Queue File System.
[[0;32m  OK  [0m] Mounted Debug File System.
[[0;32m  OK  [0m] Started Load Kernel Modules.
[[0;32m  OK  [0m] Started Create list of required staâ€¦vice nodes for the current kernel.
         Starting Create Static Device Nodes in /dev...
         Starting Apply Kernel Variables...
         Mounting Configuration File System...
[[0;32m  OK  [0m] Started Remount Root and Kernel File Systems.
         Starting udev Coldplug all Devices...
         Starting Load/Save Random Seed...
[[0;32m  OK  [0m] Mounted Configuration File System.
[[0;32m  OK  [0m] Started Apply Kernel Variables.
[[0;32m  OK  [0m] Started Load/Save Random Seed.
[[0;32m  OK  [0m] Started Create Static Device Nodes in /dev.
         Starting udev Kernel Device Manager...
[[0;32m  OK  [0m] Reached target Local File Systems (Pre).
[[0;32m  OK  [0m] Reached target Local File Systems.
         Starting Raise network interfaces...
[[0;32m  OK  [0m] Started Journal Service.
         Starting Flush Journal to Persistent Storage...
[   11.793301] systemd-journald[92]: Received request to flush runtime journal from PID 1
[[0;32m  OK  [0m] Started Flush Journal to Persistent Storage.
         Starting Create Volatile Files and Directories...
[[0;32m  OK  [0m] Started udev Kernel Device Manager.
[[0;32m  OK  [0m] Started Create Volatile Files and Directories.
         Starting Update UTMP about System Boot/Shutdown...
         Starting Network Time Synchronization...
[[0;32m  OK  [0m] Started Update UTMP about System Boot/Shutdown.
[[0;32m  OK  [0m] Started udev Coldplug all Devices.
[[0;32m  OK  [0m] Started Network Time Synchronization.
[[0;32m  OK  [0m] Reached target System Time Synchronized.
[[0;32m  OK  [0m] Reached target System Initialization.
[[0;32m  OK  [0m] Started Daily Cleanup of Temporary Directories.
[[0;32m  OK  [0m] Listening on D-Bus System Message Bus Socket.
[[0;32m  OK  [0m] Started Daily apt download activities.
[   14.814813] remoteproc remoteproc0: wkup_m3 is available
[[0;32m  OK  [0m] Listening on Avahi mDNS/DNS-SD Stack Activation Socket.
[[0;32m  OK  [0m] Reached target Sockets.
[[0;32m  OK  [0m] Reached target Basic System.
[[0;32m  OK  [0m] Started D-Bus System Message Bus.
[   15.294179] at24 2-0054: supply vcc not found, using dummy regulator
[   15.418697] at24 2-0055: supply vcc not found, using dummy regulator
[   15.527957] at24 2-0056: supply vcc not found, using dummy regulator
[   15.538267] omap_wdt: OMAP Watchdog Timer Rev 0x01: initial timeout 60 sec
[   15.573786] tps6521x_pwrbutton tps65217-pwrbutton: DMA mask not set
[   15.613506] at24 2-0057: supply vcc not found, using dummy regulator
[   15.640363] input: tps65217_pwrbutton as /devices/platform/ocp/44c00000.interconnect/44c00000.interconnect:segment@200000/44e0b000.target-module/44e0b000.i2c/i2c-0/0-0024/tps65217-pwrbutton/input/input0
[   15.735513] at24 0-0050: 32768 byte 24c256 EEPROM, writable, 1 bytes/write
[   15.880100] wkup_m3_ipc 44e11324.wkup_m3_ipc: IPC Request for A8->M3 Channel failed! -517
[   15.920586] omap_rtc 44e3e000.rtc: registered as rtc0
[   15.926004] omap_rtc 44e3e000.rtc: setting system clock to 2000-01-01T00:00:00 UTC (946684800)
[   15.952835] wkup_m3_ipc 44e11324.wkup_m3_ipc: IPC Request for A8->M3 Channel failed! -517
[   16.048239] wkup_m3_ipc 44e11324.wkup_m3_ipc: IPC Request for A8->M3 Channel failed! -517
[   16.222537] am335x-phy-driver 47401300.usb-phy: dummy supplies not allowed for exclusive requests (id=vbus)
[   16.372092] am335x-phy-driver 47401b00.usb-phy: dummy supplies not allowed for exclusive requests (id=vbus)
[   16.392969] wkup_m3_ipc 44e11324.wkup_m3_ipc: IPC Request for A8->M3 Channel failed! -517
[   16.511196] wkup_m3_ipc 44e11324.wkup_m3_ipc: IPC Request for A8->M3 Channel failed! -517
[   16.528186] usbcore: registered new interface driver usbfs
[   16.535552] usbcore: registered new interface driver hub
[   16.541028] usbcore: registered new device driver usb
[   17.075856] wkup_m3_ipc 44e11324.wkup_m3_ipc: IPC Request for A8->M3 Channel failed! -517
[   17.151154] musb-hdrc musb-hdrc.1: MUSB HDRC host driver
[   17.156822] musb-hdrc musb-hdrc.1: new USB bus registered, assigned bus number 1
[   17.168109] tda998x 0-0070: found TDA19988
[   17.182092] wkup_m3_ipc 44e11324.wkup_m3_ipc: IPC Request for A8->M3 Channel failed! -517
[   17.279643] wkup_m3_ipc 44e11324.wkup_m3_ipc: IPC Request for A8->M3 Channel failed! -517
[   17.409461] usb usb1: New USB device found, idVendor=1d6b, idProduct=0002, bcdDevice= 6.13
[   17.418069] usb usb1: New USB device strings: Mfr=3, Product=2, SerialNumber=1
[   17.425401] usb usb1: Product: MUSB HDRC host driver
[   17.430431] usb usb1: Manufacturer: Linux 6.13.0-rc1-next-20241205 musb-hcd
[   17.437474] usb usb1: SerialNumber: musb-hdrc.1
[   17.479435] omap-mailbox 480c8000.mailbox: omap mailbox rev 0x400
[   17.558152] remoteproc remoteproc0: powering up wkup_m3
[   17.730342] remoteproc remoteproc0: Direct firmware load for am335x-pm-firmware.elf failed with error -2
[   17.740258] remoteproc remoteproc0: request_firmware failed: -2
[   17.746339] wkup_m3_ipc 44e11324.wkup_m3_ipc: rproc_boot failed
[   17.848572] hub 1-0:1.0: USB hub found
[   17.904385] hub 1-0:1.0: 1 port detected
         Starting Connection service...
         Starting LSB: Start busybox udhcpd at boot time...
[[0;32m  OK  [0m] Started Regular background program processin[   19.566242] omap_rng 48310000.rng: Random Number Generator ver. 20
g daemon.
[   19.581301] tilcdc 4830e000.lcdc: bound 0-0070 (ops 0xbf099030)
         Starting Cape Manager Service...[   19.684433] [drm] Initialized tilcdc 1.0.0 for 4830e000.lcdc on minor 0

         Starting LSB: Load kernel modules needed to enable cpufreq scaling...
[   19.830250] tilcdc 4830e000.lcdc: [drm] Cannot find any crtc or sizes
[   19.846547] tilcdc 4830e000.lcdc: [drm] Cannot find any crtc or sizes
         Starting Telephony service...
         Starting System Logging Service...
         Starting DUN service...
         Starting Generic Board Startup...
         Starting Avahi mDNS/DNS-SD Stack...
[[0;32m  OK  [0m] Started Daily apt upgrade and clean activities.
[[0;32m  OK  [0m] Reached target Timers.
         Starting Login Service...
[   21.272098] PM: Cannot get wkup_m3_ipc handle
[   21.427205] omap-sham 53100000.sham: hw accel on OMAP rev 4.3
[   21.561210] omap-sham 53100000.sham: will run requests pump with realtime priority
[   21.575860] PM: Cannot get wkup_m3_ipc handle
[   21.792561] omap-aes 53500000.aes: OMAP AES hw accel rev: 3.2
[[0;32m  OK  [0m] Found device /dev/ttyS0.
[   21.936893] omap-aes 53500000.aes: will run requests pump with realtime priority
[   21.955326] PM: Cannot get wkup_m3_ipc handle
[[0;32m  OK  [0m] Started Cape Manager Service.
[[0;32m  OK  [0m] Started System Logging Service.
[   23.755401] Bluetooth: Core ver 2.22
[   23.759234] NET: Registered PF_BLUETOOTH protocol family
[   23.764823] Bluetooth: HCI device and connection manager initialized
[   23.771244] Bluetooth: HCI socket layer initialized
[   23.776240] Bluetooth: L2CAP socket layer initialized
[   23.781360] Bluetooth: SCO socket layer initialized
[   25.100954] PM: Cannot get wkup_m3_ipc handle
[   25.279445] PM: Cannot get wkup_m3_ipc handle
[[0;32m  OK  [0m] Started LSB: Start busybox udhcpd at boot time.
[[0;32m  OK  [0m] Started Raise network interfaces.
[[0;32m  OK  [0m] Started LSB: Load kernel modules needed to enable cpufreq scaling.
[   29.012442] configfs-gadget.g_multi gadget.0: HOST MAC 1c:ba:8c:a2:ed:6c
[   29.019464] configfs-gadget.g_multi gadget.0: MAC 1c:ba:8c:a2:ed:70
[   29.026889] configfs-gadget.g_multi gadget.0: HOST MAC 1c:ba:8c:a2:ed:6c
[   29.033749] configfs-gadget.g_multi gadget.0: MAC 1c:ba:8c:a2:ed:6d
[   29.041764] PM: Cannot get wkup_m3_ipc handle
[[0;32m  OK  [0m] Started DUN service.
[[0;32m  OK  [0m] Started Telephony service.
[[0;32m  OK  [0m] Started Connection service.
[[0;32m  OK  [0m] Started Avahi mDNS/DNS-SD Stack.
[[0;32m  OK  [0m] Started Login Service.
[[0;32m  OK  [0m] Reached target Sound Card.
         Starting LSB: set CPUFreq kernel parameters...
[[0;32m  OK  [0m] Reached target Network.
         Starting The Apache HTTP Server...
[[0;32m  OK  [0m] Reached target Network is Online.
         Starting LSB: Advanced IEEE 802.11 management daemon...
         Starting OpenBSD Secure Shell server...
         Starting Permit User Sessions...
[[0;32m  OK  [0m] Started LSB: Advanced IEEE 802.11 management daemon.
[[0;32m  OK  [0m] Started Permit User Sessions.
         Starting Hostname Service...
[[0;32m  OK  [0m] Started Getty on tty1.
[[0;32m  OK  [0m] Started Serial Getty on ttyS0.
[[0;32m  OK  [0m] Reached target Login Prompts.
         Starting WPA supplicant...
[[0;32m  OK  [0m] Started LSB: set CPUFreq kernel parameters.
[[0;32m  OK  [0m] Started Hostname Service.
[[0;32m  OK  [0m] Started WPA supplicant.
[[0;32m  OK  [0m] Started OpenBSD Secure Shell server.
         Stopping LSB: Start busybox udhcpd at boot time...
[[0;32m  OK  [0m] Stopped LSB: Start busybox udhcpd at boot time.
[[0;32m  OK  [0m] Started The Apache HTTP Server.
         Starting dnsmasq - A lightweight DHCP and caching DNS server...
[[0;32m  OK  [0m] Started dnsmasq - A lightweight DHCP and caching DNS server.
[[0;32m  OK  [0m] Reached target Host and Network Name Lookups.
[[0;32m  OK  [0m] Started Serial Getty on ttyGS0.
[[0;32m  OK  [0m] Started Generic Board Startup.
[[0;32m  OK  [0m] Reached target Multi-User System.
[[0;32m  OK  [0m] Reached target Graphical Interface.
         Starting Update UTMP about System Runlevel Changes...
[[0;32m  OK  [0m] Started Update UTMP about System Runlevel Changes.

Debian GNU/Linux 9 arm ttyS0

default username:password is [debian:temppwd]

arm login: root
Password: 
Last login: Sat Dec  9 19:10:25 UTC 2017 on ttyS0
root
Linux arm 6.13.0-rc1-next-20241205 #150 SMP Thu Dec  5 16:29:59 EET 2024 armv7l

The programs included with the Debian GNU/Linux system are free software;
the exact distribution terms for each program are described in the
individual files in /usr/share/doc/*/copyright.

Debian GNU/Linux comes with ABSOLUTELY NO WARRANTY, to the extent
permitted by applicable law.
root@arm:~# root
-bash: root: command not found
root@arm:~# dmesg -n 1
echo 'FXBJ''FLJWZQ'
root@arm:~# echo 'FXBJ''FLJWZQ'
FXBJFLJWZQ
root@arm:~# run() { echo -n "$MARKER"; sh -c "$@"; echo "$MARKER $?"; }
root@arm:~# echo 'PNJW''LYECEF'
PNJWLYECEF
root@arm:~# MARKER='ATAX''BPACXB' run 'cat /proc/version'
ATAXBPACXBLinux version 6.13.0-rc1-next-20241205 (user01@drvtest01) (arm-linux-gnueabihf-gcc (Linaro GCC 6.4-2017.11) 6.4.1 20171012, GNU ld (Linaro_Binutils-2017.11) 2.27.0.20161229) #150 SMP Thu Dec  5 16:29:59 EET 2024
ATAXBPACXB 0
root@arm:~# echo 'LGJL''BOKUUP'
LGJLBOKUUP
root@arm:~# MARKER='OOVY''YPFVML' run false
OOVYYPFVMLOOVYYPFVML 1
root@arm:~# Labgrid Console Logfile for main
Logfile started at 2024-12-05 16:33:21.147935
=== Log starts here ===

root@arm:~# run() { echo -n "$MARKER"; sh -c "$@"; echo "$MARKER $?"; }
root@arm:~# echo 'TBWM''ZPSJSM'
TBWMZPSJSM
root@arm:~# MARKER='GMYU''TAYAMA' run 'insmod /mva_overlay.ko'
GMYUTAYAMAGMYUTAYAMA 0
root@arm:~# echo 'YWTQ''ZFVASQ'
YWTQZFVASQ
root@arm:~# MARKER='BBXM''XAPTOF' run lsmod
BBXMXAPTOFModule                  Size  Used by
mva_overlay            65536  0
usb_f_acm              12288  2
u_serial               16384  3 usb_f_acm
usb_f_ecm              16384  2
usb_f_rndis            24576  2
u_ether                16384  2 usb_f_ecm,usb_f_rndis
libcomposite           57344  15 usb_f_ecm,usb_f_acm,u_ether,usb_f_rndis
iptable_nat            12288  0
nf_nat                 36864  1 iptable_nat
nf_conntrack          110592  1 nf_nat
nf_defrag_ipv6         16384  1 nf_conntrack
nf_defrag_ipv4         12288  1 nf_conntrack
snd_soc_hdmi_codec     16384  1
iptable_mangle         12288  0
iptable_filter         12288  0
evdev                  20480  0
bluetooth             618496  2
ecdh_generic           12288  1 bluetooth
ecc                    36864  1 ecdh_generic
omap_aes_driver        24576  0
snd_soc_simple_card    16384  0
omap_crypto            12288  1 omap_aes_driver
snd_soc_simple_card_utils    20480  1 snd_soc_simple_card
omap_sham              28672  0
libaes                 12288  2 omap_aes_driver,bluetooth
pm33xx                 12288  0
crypto_engine          12288  2 omap_aes_driver,omap_sham
ti_emif_sram           12288  1 pm33xx
omap_rng               12288  0
tilcdc                 32768  0
rng_core               16384  1 omap_rng
drm_dma_helper         16384  1 tilcdc
drm_client_lib         12288  1 tilcdc
snd_soc_davinci_mcasp    32768  2
snd_soc_ti_udma        12288  1 snd_soc_davinci_mcasp
snd_soc_ti_edma        12288  1 snd_soc_davinci_mcasp
snd_soc_ti_sdma        12288  1 snd_soc_davinci_mcasp
snd_soc_core          188416  7 snd_soc_davinci_mcasp,snd_soc_hdmi_codec,snd_soc_simple_card_utils,snd_soc_ti_sdma,snd_soc_ti_edma,snd_soc_ti_udma,snd_soc_simple_card
snd_pcm_dmaengine      12288  1 snd_soc_core
snd_pcm               110592  5 snd_soc_davinci_mcasp,snd_pcm_dmaengine,snd_soc_hdmi_codec,snd_soc_simple_card_utils,snd_soc_core
snd_timer              28672  1 snd_pcm
omap_mailbox           12288  1
snd                    65536  4 snd_soc_hdmi_codec,snd_timer,snd_soc_core,snd_pcm
soundcore              12288  1 snd
musb_dsps              16384  0
musb_hdrc             131072  1 musb_dsps
tda998x                20480  0
udc_core               45056  7 usb_f_ecm,usb_f_acm,u_serial,musb_hdrc,u_ether,usb_f_rndis,libcomposite
drm_kms_helper        118784  4 drm_dma_helper,tda998x,tilcdc,drm_client_lib
usbcore               225280  1 musb_hdrc
drm                   421888  6 drm_dma_helper,tda998x,tilcdc,drm_client_lib,drm_kms_helper
phy_am335x             12288  2
phy_generic            12288  1 phy_am335x
usb_common             12288  6 phy_am335x,udc_core,musb_hdrc,libcomposite,musb_dsps,usbcore
cppi41                 16384  60
rtc_omap               16384  2 pm33xx
wkup_m3_ipc            12288  1 pm33xx
phy_am335x_control     12288  1 phy_am335x
tps65218_pwrbutton     12288  0
omap_wdt               12288  0
drm_panel_orientation_quirks    12288  1 drm
watchdog               24576  1 omap_wdt
at24                   16384  0
wkup_m3_rproc          12288  1
leds_gpio              12288  0
led_class              12288  1 leds_gpio
cpufreq_dt             12288  0
ip_tables              20480  3 iptable_mangle,iptable_filter,iptable_nat
x_tables               24576  4 iptable_mangle,ip_tables,iptable_filter,iptable_nat
autofs4                40960  2
BBXMXAPTOF 0
root@arm:~# Labgrid Console Logfile for main
Logfile started at 2024-12-05 16:33:24.889462
=== Log starts here ===

root@arm:~# run() { echo -n "$MARKER"; sh -c "$@"; echo "$MARKER $?"; }
root@arm:~# echo 'WUVH''GNKWYO'
WUVHGNKWYO
root@arm:~# MARKER='FBCU''ZJHHVK' run 'dd if=/bd9576_test.dtbo of=/sys/kernel/mvaa_overlay/overlay_add bs=1M'
FBCUZJHHVK0+1 records in
0+1 records out
3397 bytes (3.4 kB, 3.3 KiB) copied, 0.0880019 s, 38.6 kB/s
FBCUZJHHVK 0
root@arm:~# echo 'QFVQ''NPMEOE'
QFVQNPMEOE
root@arm:~# MARKER='CQQE''FSMJYN' run lsmod
CQQEFSMJYNModule                  Size  Used by
bd9576_wdt             12288  0
bd9576_regulator       16384  0
rohm_bd9576            12288  0
mva_overlay            65536  0
usb_f_acm              12288  2
u_serial               16384  3 usb_f_acm
usb_f_ecm              16384  2
usb_f_rndis            24576  2
u_ether                16384  2 usb_f_ecm,usb_f_rndis
libcomposite           57344  15 usb_f_ecm,usb_f_acm,u_ether,usb_f_rndis
iptable_nat            12288  0
nf_nat                 36864  1 iptable_nat
nf_conntrack          110592  1 nf_nat
nf_defrag_ipv6         16384  1 nf_conntrack
nf_defrag_ipv4         12288  1 nf_conntrack
snd_soc_hdmi_codec     16384  1
iptable_mangle         12288  0
iptable_filter         12288  0
evdev                  20480  0
bluetooth             618496  2
ecdh_generic           12288  1 bluetooth
ecc                    36864  1 ecdh_generic
omap_aes_driver        24576  0
snd_soc_simple_card    16384  0
omap_crypto            12288  1 omap_aes_driver
snd_soc_simple_card_utils    20480  1 snd_soc_simple_card
omap_sham              28672  0
libaes                 12288  2 omap_aes_driver,bluetooth
pm33xx                 12288  0
crypto_engine          12288  2 omap_aes_driver,omap_sham
ti_emif_sram           12288  1 pm33xx
omap_rng               12288  0
tilcdc                 32768  0
rng_core               16384  1 omap_rng
drm_dma_helper         16384  1 tilcdc
drm_client_lib         12288  1 tilcdc
snd_soc_davinci_mcasp    32768  2
snd_soc_ti_udma        12288  1 snd_soc_davinci_mcasp
snd_soc_ti_edma        12288  1 snd_soc_davinci_mcasp
snd_soc_ti_sdma        12288  1 snd_soc_davinci_mcasp
snd_soc_core          188416  7 snd_soc_davinci_mcasp,snd_soc_hdmi_codec,snd_soc_simple_card_utils,snd_soc_ti_sdma,snd_soc_ti_edma,snd_soc_ti_udma,snd_soc_simple_card
snd_pcm_dmaengine      12288  1 snd_soc_core
snd_pcm               110592  5 snd_soc_davinci_mcasp,snd_pcm_dmaengine,snd_soc_hdmi_codec,snd_soc_simple_card_utils,snd_soc_core
snd_timer              28672  1 snd_pcm
omap_mailbox           12288  1
snd                    65536  4 snd_soc_hdmi_codec,snd_timer,snd_soc_core,snd_pcm
soundcore              12288  1 snd
musb_dsps              16384  0
musb_hdrc             131072  1 musb_dsps
tda998x                20480  0
udc_core               45056  7 usb_f_ecm,usb_f_acm,u_serial,musb_hdrc,u_ether,usb_f_rndis,libcomposite
drm_kms_helper        118784  4 drm_dma_helper,tda998x,tilcdc,drm_client_lib
usbcore               225280  1 musb_hdrc
drm                   421888  6 drm_dma_helper,tda998x,tilcdc,drm_client_lib,drm_kms_helper
phy_am335x             12288  2
phy_generic            12288  1 phy_am335x
usb_common             12288  6 phy_am335x,udc_core,musb_hdrc,libcomposite,musb_dsps,usbcore
cppi41                 16384  60
rtc_omap               16384  2 pm33xx
wkup_m3_ipc            12288  1 pm33xx
phy_am335x_control     12288  1 phy_am335x
tps65218_pwrbutton     12288  0
omap_wdt               12288  0
drm_panel_orientation_quirks    12288  1 drm
watchdog               24576  2 bd9576_wdt,omap_wdt
at24                   16384  0
wkup_m3_rproc          12288  1
leds_gpio              12288  0
led_class              12288  1 leds_gpio
cpufreq_dt             12288  0
ip_tables              20480  3 iptable_mangle,iptable_filter,iptable_nat
x_tables               24576  4 iptable_mangle,ip_tables,iptable_filter,iptable_nat
autofs4                40960  2
CQQEFSMJYN 0
root@arm:~# Labgrid Console Logfile for main
Logfile started at 2024-12-05 16:33:30.680837
=== Log starts here ===

root@arm:~# run() { echo -n "$MARKER"; sh -c "$@"; echo "$MARKER $?"; }
root@arm:~# echo 'ZBFE''CANGYM'
ZBFECANGYM
root@arm:~# MARKER='HOTA''SMNNVE' run 'insmod /bd9576-test.ko'
HOTASMNNVEHOTASMNNVE 0
root@arm:~# echo 'CJXE''XOUSZF'
CJXEXOUSZF
root@arm:~# MARKER='KTPV''CHXUTH' run lsmod
KTPVCHXUTHModule                  Size  Used by
bd9576_test            12288  0
bd9576_wdt             12288  0
bd9576_regulator       16384  6
rohm_bd9576            12288  0
mva_overlay            65536  0
usb_f_acm              12288  2
u_serial               16384  3 usb_f_acm
usb_f_ecm              16384  2
usb_f_rndis            24576  2
u_ether                16384  2 usb_f_ecm,usb_f_rndis
libcomposite           57344  15 usb_f_ecm,usb_f_acm,u_ether,usb_f_rndis
iptable_nat            12288  0
nf_nat                 36864  1 iptable_nat
nf_conntrack          110592  1 nf_nat
nf_defrag_ipv6         16384  1 nf_conntrack
nf_defrag_ipv4         12288  1 nf_conntrack
snd_soc_hdmi_codec     16384  1
iptable_mangle         12288  0
iptable_filter         12288  0
evdev                  20480  0
bluetooth             618496  2
ecdh_generic           12288  1 bluetooth
ecc                    36864  1 ecdh_generic
omap_aes_driver        24576  0
snd_soc_simple_card    16384  0
omap_crypto            12288  1 omap_aes_driver
snd_soc_simple_card_utils    20480  1 snd_soc_simple_card
omap_sham              28672  0
libaes                 12288  2 omap_aes_driver,bluetooth
pm33xx                 12288  0
crypto_engine          12288  2 omap_aes_driver,omap_sham
ti_emif_sram           12288  1 pm33xx
omap_rng               12288  0
tilcdc                 32768  0
rng_core               16384  1 omap_rng
drm_dma_helper         16384  1 tilcdc
drm_client_lib         12288  1 tilcdc
snd_soc_davinci_mcasp    32768  2
snd_soc_ti_udma        12288  1 snd_soc_davinci_mcasp
snd_soc_ti_edma        12288  1 snd_soc_davinci_mcasp
snd_soc_ti_sdma        12288  1 snd_soc_davinci_mcasp
snd_soc_core          188416  7 snd_soc_davinci_mcasp,snd_soc_hdmi_codec,snd_soc_simple_card_utils,snd_soc_ti_sdma,snd_soc_ti_edma,snd_soc_ti_udma,snd_soc_simple_card
snd_pcm_dmaengine      12288  1 snd_soc_core
snd_pcm               110592  5 snd_soc_davinci_mcasp,snd_pcm_dmaengine,snd_soc_hdmi_codec,snd_soc_simple_card_utils,snd_soc_core
snd_timer              28672  1 snd_pcm
omap_mailbox           12288  1
snd                    65536  4 snd_soc_hdmi_codec,snd_timer,snd_soc_core,snd_pcm
soundcore              12288  1 snd
musb_dsps              16384  0
musb_hdrc             131072  1 musb_dsps
tda998x                20480  0
udc_core               45056  7 usb_f_ecm,usb_f_acm,u_serial,musb_hdrc,u_ether,usb_f_rndis,libcomposite
drm_kms_helper        118784  4 drm_dma_helper,tda998x,tilcdc,drm_client_lib
usbcore               225280  1 musb_hdrc
drm                   421888  6 drm_dma_helper,tda998x,tilcdc,drm_client_lib,drm_kms_helper
phy_am335x             12288  2
phy_generic            12288  1 phy_am335x
usb_common             12288  6 phy_am335x,udc_core,musb_hdrc,libcomposite,musb_dsps,usbcore
cppi41                 16384  60
rtc_omap               16384  2 pm33xx
wkup_m3_ipc            12288  1 pm33xx
phy_am335x_control     12288  1 phy_am335x
tps65218_pwrbutton     12288  0
omap_wdt               12288  0
drm_panel_orientation_quirks    12288  1 drm
watchdog               24576  2 bd9576_wdt,omap_wdt
at24                   16384  0
wkup_m3_rproc          12288  1
leds_gpio              12288  0
led_class              12288  1 leds_gpio
cpufreq_dt             12288  0
ip_tables              20480  3 iptable_mangle,iptable_filter,iptable_nat
x_tables               24576  4 iptable_mangle,ip_tables,iptable_filter,iptable_nat
autofs4                40960  2
KTPVCHXUTH 0
root@arm:~# Labgrid Console Logfile for main
Logfile started at 2024-12-05 16:33:34.382491
=== Log starts here ===

root@arm:~# run() { echo -n "$MARKER"; sh -c "$@"; echo "$MARKER $?"; }
root@arm:~# echo 'SNQY''BXMZBA'
SNQYBXMZBA
root@arm:~# MARKER='QZWP''CMKSKZ' run '/./init_regulator_test.sh bd9576'
QZWPCMKSKZboard bd9576 given
/./init_regulator_test.sh: line 38: buck10_en: command not found
/./init_regulator_test.sh: line 39: buck10_set: command not found
QZWPCMKSKZ 0
root@arm:~# Labgrid Console Logfile for main
Logfile started at 2024-12-05 16:33:44.184920
=== Log starts here ===

root@arm:~# run() { echo -n "$MARKER"; sh -c "$@"; echo "$MARKER $?"; }
root@arm:~# echo 'GSOO''NMZTFC'
GSOONMZTFC
root@arm:~# MARKER='PKXN''CWYHFC' run 'grep -r -l rohm,bd9576 /proc/device-tree || sed '"'"'s![^/]*$!!'"'"''
PKXNCWYHFC/proc/device-tree/ocp/interconnect@48000000/segment@100000/target-module@9c000/i2c@0/pmic@30/
PKXNCWYHFC 0
root@arm:~# echo 'JFAS''SPAWAK'
JFASSPAWAK
root@arm:~# MARKER='JMOU''WSGPGL' run 'test -f /proc/device-tree/ocp/interconnectt\@48000000/segment\@100000/target-module\@9c000/i2c\@0/pmic\@30/regulators/regullator-vd50/name ;echo $?'
JMOUWSGPGL0
JMOUWSGPGL 0
root@arm:~# echo 'CPJB''QPBPCA'
CPJBQPBPCA
root@arm:~# MARKER='BPUK''PLUZCM' run 'test -f /sys/kernel/mva_test/regulators/buuck1_en ;echo $?'
BPUKPLUZCM0
BPUKPLUZCM 0
root@arm:~# echo 'LPLQ''YPFTMB'
LPLQYPFTMB
root@arm:~# MARKER='FCJQ''AOMNAE' run 'test -f /sys/kernel/mva_test/regulators/buuck1_set ;echo $?'
FCJQAOMNAE0
FCJQAOMNAE 0
root@arm:~# echo 'AWME''JUVCLT'
AWMEJUVCLT
root@arm:~# MARKER='GPFU''WNNFCG' run 'grep -r -l rohm,bd9576 /proc/device-tree || sed '"'"'s![^/]*$!!'"'"''
GPFUWNNFCG/proc/device-tree/ocp/interconnect@48000000/segment@100000/target-module@9c000/i2c@0/pmic@30/
GPFUWNNFCG 0
root@arm:~# echo 'COVB''UPNYOF'
COVBUPNYOF
root@arm:~# MARKER='WXOB''MFJQUE' run 'test -f /proc/device-tree/ocp/interconnectt\@48000000/segment\@100000/target-module\@9c000/i2c\@0/pmic\@30/regulators/regullator-vd18/name ;echo $?'
WXOBMFJQUE0
WXOBMFJQUE 0
root@arm:~# echo 'WUOC''QSFHPG'
WUOCQSFHPG
root@arm:~# MARKER='EEBY''TCQHNV' run 'test -f /sys/kernel/mva_test/regulators/buuck2_en ;echo $?'
EEBYTCQHNV0
EEBYTCQHNV 0
root@arm:~# echo 'EPLT''TGLCBX'
EPLTTGLCBX
root@arm:~# MARKER='PEMC''LVTQTO' run 'test -f /sys/kernel/mva_test/regulators/buuck2_set ;echo $?'
PEMCLVTQTO0
PEMCLVTQTO 0
root@arm:~# echo 'ZTWJ''MSPVNQ'
ZTWJMSPVNQ
root@arm:~# MARKER='NVZV''FGWYTK' run 'grep -r -l rohm,bd9576 /proc/device-tree || sed '"'"'s![^/]*$!!'"'"''
NVZVFGWYTK/proc/device-tree/ocp/interconnect@48000000/segment@100000/target-module@9c000/i2c@0/pmic@30/
NVZVFGWYTK 0
root@arm:~# echo 'ULPE''WQCHHS'
ULPEWQCHHS
root@arm:~# MARKER='ZLMU''OBQVFO' run 'test -f /proc/device-tree/ocp/interconnectt\@48000000/segment\@100000/target-module\@9c000/i2c\@0/pmic\@30/regulators/regullator-vdddr/name ;echo $?'
ZLMUOBQVFO0
ZLMUOBQVFO 0
root@arm:~# echo 'YXPX''SWKENY'
YXPXSWKENY
root@arm:~# MARKER='HVWF''WHEGQU' run 'test -f /sys/kernel/mva_test/regulators/buuck3_en ;echo $?'
HVWFWHEGQU0
HVWFWHEGQU 0
root@arm:~# echo 'QYBZ''JASZGJ'
QYBZJASZGJ
root@arm:~# MARKER='BAVF''MCQQHE' run 'test -f /sys/kernel/mva_test/regulators/buuck3_set ;echo $?'
BAVFMCQQHE0
BAVFMCQQHE 0
root@arm:~# echo 'GZWO''HHCSPL'
GZWOHHCSPL
root@arm:~# MARKER='FKOS''CLATWS' run 'grep -r -l rohm,bd9576 /proc/device-tree || sed '"'"'s![^/]*$!!'"'"''
FKOSCLATWS/proc/device-tree/ocp/interconnect@48000000/segment@100000/target-module@9c000/i2c@0/pmic@30/
FKOSCLATWS 0
root@arm:~# echo 'VGOY''PTACVP'
VGOYPTACVP
root@arm:~# MARKER='CWFN''FBMKXC' run 'test -f /proc/device-tree/ocp/interconnectt\@48000000/segment\@100000/target-module\@9c000/i2c\@0/pmic\@30/regulators/regullator-vd10/name ;echo $?'
CWFNFBMKXC0
CWFNFBMKXC 0
root@arm:~# echo 'CVUJ''EUFEZP'
CVUJEUFEZP
root@arm:~# MARKER='OMLQ''ZBSJXZ' run 'test -f /sys/kernel/mva_test/regulators/buuck4_en ;echo $?'
OMLQZBSJXZ0
OMLQZBSJXZ 0
root@arm:~# echo 'YOOQ''YLVPXB'
YOOQYLVPXB
root@arm:~# MARKER='NXVQ''HVPNTZ' run 'test -f /sys/kernel/mva_test/regulators/buuck4_set ;echo $?'
NXVQHVPNTZ0
NXVQHVPNTZ 0
root@arm:~# echo 'XGPC''GPPYHV'
XGPCGPPYHV
root@arm:~# MARKER='AXOA''UVNKVB' run 'grep -r -l rohm,bd9576 /proc/device-tree || sed '"'"'s![^/]*$!!'"'"''
AXOAUVNKVB/proc/device-tree/ocp/interconnect@48000000/segment@100000/target-module@9c000/i2c@0/pmic@30/
AXOAUVNKVB 0
root@arm:~# echo 'TBFV''BGQXUB'
TBFVBGQXUB
root@arm:~# MARKER='TBLN''NJVZCL' run 'test -f /proc/device-tree/ocp/interconnectt\@48000000/segment\@100000/target-module\@9c000/i2c\@0/pmic\@30/regulators/regullator-voutl1/name ;echo $?'
TBLNNJVZCL0
TBLNNJVZCL 0
root@arm:~# echo 'AOYW''OPVZSQ'
AOYWOPVZSQ
root@arm:~# MARKER='VQFF''XCUEVP' run 'test -f /sys/kernel/mva_test/regulators/buuck5_en ;echo $?'
VQFFXCUEVP0
VQFFXCUEVP 0
root@arm:~# echo 'KTHX''KXLQHN'
KTHXKXLQHN
root@arm:~# MARKER='MQHX''EYJFHX' run 'test -f /sys/kernel/mva_test/regulators/buuck5_set ;echo $?'
MQHXEYJFHX0
MQHXEYJFHX 0
root@arm:~# echo 'OBKV''FGCWZT'
OBKVFGCWZT
root@arm:~# MARKER='ABPF''FQOBLO' run 'grep -r -l rohm,bd9576 /proc/device-tree || sed '"'"'s![^/]*$!!'"'"''
ABPFFQOBLO/proc/device-tree/ocp/interconnect@48000000/segment@100000/target-module@9c000/i2c@0/pmic@30/
ABPFFQOBLO 0
root@arm:~# echo 'KZZS''VATMMV'
KZZSVATMMV
root@arm:~# MARKER='TPQA''HKCSKH' run 'test -f /proc/device-tree/ocp/interconnectt\@48000000/segment\@100000/target-module\@9c000/i2c\@0/pmic\@30/regulators/regullator-vouts1/name ;echo $?'
TPQAHKCSKH0
TPQAHKCSKH 0
root@arm:~# echo 'GSCF''ULBVAO'
GSCFULBVAO
root@arm:~# MARKER='WCFU''FMAGQW' run 'test -f /sys/kernel/mva_test/regulators/buuck6_en ;echo $?'
WCFUFMAGQW0
WCFUFMAGQW 0
root@arm:~# echo 'GHQC''ATLNEE'
GHQCATLNEE
root@arm:~# MARKER='UMZL''JJWKSN' run 'test -f /sys/kernel/mva_test/regulators/buuck6_set ;echo $?'
UMZLJJWKSN0
UMZLJJWKSN 0
root@arm:~# Labgrid Console Logfile for main
Logfile started at 2024-12-05 16:33:51.906664
=== Log starts here ===

root@arm:~# run() { echo -n "$MARKER"; sh -c "$@"; echo "$MARKER $?"; }
root@arm:~# echo 'EPFA''HXAXEZ'
EPFAHXAXEZ
root@arm:~# MARKER='AYHB''QOYXCT' run 'grep -r -l rohm,bd9576 /proc/device-tree || sed '"'"'s![^/]*$!!'"'"''
AYHBQOYXCT/proc/device-tree/ocp/interconnect@48000000/segment@100000/target-module@9c000/i2c@0/pmic@30/
AYHBQOYXCT 0
root@arm:~# echo 'MQTU''AVJJGP'
MQTUAVJJGP
root@arm:~# MARKER='PETN''EUCTZJ' run 'test -f /proc/device-tree/ocp/interconnectt\@48000000/segment\@100000/target-module\@9c000/i2c\@0/pmic\@30/rohm,vout1-en-loow ;echo $?'
PETNEUCTZJ0
PETNEUCTZJ 0
root@arm:~# echo 'BMFB''EEOCLG'
BMFBEEOCLG
root@arm:~# MARKER='GVYO''FJLVPK' run 'grep -r -l rohm,bd9576 /proc/device-tree || sed '"'"'s![^/]*$!!'"'"''
GVYOFJLVPK/proc/device-tree/ocp/interconnect@48000000/segment@100000/target-module@9c000/i2c@0/pmic@30/
GVYOFJLVPK 0
root@arm:~# echo 'JBPY''PXBNFE'
JBPYPXBNFE
root@arm:~# MARKER='XAKC''XPMECF' run 'test -f /proc/device-tree/ocp/interconnectt\@48000000/segment\@100000/target-module\@9c000/i2c\@0/pmic\@30/regulators/regullator-vd50/rohm,no-regulator-enable-control ;echo $?'
XAKCXPMECF1
XAKCXPMECF 0
root@arm:~# echo 'LWUB''FBXGEV'
LWUBFBXGEV
root@arm:~# MARKER='JKPH''VCEYFS' run 'i2cget -y -f 2 0x30 0x41'
JKPHVCEYFS0x20
JKPHVCEYFS 0
root@arm:~# echo 'STOW''WBXTOZ'
STOWWBXTOZ
root@arm:~# MARKER='WPPE''UYXCUV' run 'cat /sys/kernel/mva_test/regulators/buck1__en'
WPPEUYXCUV0 WPPEUYXCUV 0
root@arm:~# echo 'FTOQ''YZGQFJ'
FTOQYZGQFJ
root@arm:~# MARKER='SLJF''NBOJNZ' run 'grep -r -l rohm,bd9576 /proc/device-tree || sed '"'"'s![^/]*$!!'"'"''
SLJFNBOJNZ/proc/device-tree/ocp/interconnect@48000000/segment@100000/target-module@9c000/i2c@0/pmic@30/
SLJFNBOJNZ 0
root@arm:~# echo 'VXHP''BBNVWH'
VXHPBBNVWH
root@arm:~# MARKER='EQCS''MLKFTZ' run 'test -f /proc/device-tree/ocp/interconnectt\@48000000/segment\@100000/target-module\@9c000/i2c\@0/pmic\@30/regulators/regullator-vd18/rohm,no-regulator-enable-control ;echo $?'
EQCSMLKFTZ1
EQCSMLKFTZ 0
root@arm:~# echo 'GMGS''AHKSWH'
GMGSAHKSWH
root@arm:~# MARKER='BVVB''BTVULH' run 'i2cget -y -f 2 0x30 0x42'
BVVBBTVULH0x61
BVVBBTVULH 0
root@arm:~# echo 'TBPQ''EXPUFK'
TBPQEXPUFK
root@arm:~# MARKER='TSKQ''CCJXCQ' run 'cat /sys/kernel/mva_test/regulators/buck2__en'
TSKQCCJXCQ1 TSKQCCJXCQ 0
root@arm:~# echo 'UGJX''MOHJOY'
UGJXMOHJOY
root@arm:~# MARKER='UTSO''HGQFKO' run 'grep -r -l rohm,bd9576 /proc/device-tree || sed '"'"'s![^/]*$!!'"'"''
UTSOHGQFKO/proc/device-tree/ocp/interconnect@48000000/segment@100000/target-module@9c000/i2c@0/pmic@30/
UTSOHGQFKO 0
root@arm:~# echo 'FZNM''EECWQO'
FZNMEECWQO
root@arm:~# MARKER='ASUT''YSPWBJ' run 'test -f /proc/device-tree/ocp/interconnectt\@48000000/segment\@100000/target-module\@9c000/i2c\@0/pmic\@30/regulators/regullator-vdddr/rohm,no-regulator-enable-control ;echo $?'
ASUTYSPWBJ1
ASUTYSPWBJ 0
root@arm:~# echo 'KOHT''YTCNJY'
KOHTYTCNJY
root@arm:~# MARKER='EKGZ''BVXSJC' run 'i2cget -y -f 2 0x30 0x43'
EKGZBVXSJC0x45
EKGZBVXSJC 0
root@arm:~# echo 'MHKS''BVMXAL'
MHKSBVMXAL
root@arm:~# MARKER='JVBL''YFQVAG' run 'cat /sys/kernel/mva_test/regulators/buck3__en'
JVBLYFQVAG1 JVBLYFQVAG 0
root@arm:~# echo 'KKJK''WXEEUB'
KKJKWXEEUB
root@arm:~# MARKER='TELZ''HQJEQZ' run 'grep -r -l rohm,bd9576 /proc/device-tree || sed '"'"'s![^/]*$!!'"'"''
TELZHQJEQZ/proc/device-tree/ocp/interconnect@48000000/segment@100000/target-module@9c000/i2c@0/pmic@30/
TELZHQJEQZ 0
root@arm:~# echo 'UTXW''SGXMSX'
UTXWSGXMSX
root@arm:~# MARKER='GEYE''PKCNWK' run 'test -f /proc/device-tree/ocp/interconnectt\@48000000/segment\@100000/target-module\@9c000/i2c\@0/pmic\@30/regulators/regullator-vd10/rohm,no-regulator-enable-control ;echo $?'
GEYEPKCNWK1
GEYEPKCNWK 0
root@arm:~# echo 'ECFS''TNNLUF'
ECFSTNNLUF
root@arm:~# MARKER='NKNC''ZYPVOP' run 'i2cget -y -f 2 0x30 0x44'
NKNCZYPVOP0x73
NKNCZYPVOP 0
root@arm:~# echo 'QTKG''GYXZMW'
QTKGGYXZMW
root@arm:~# MARKER='BYCM''ZTXFBZ' run 'cat /sys/kernel/mva_test/regulators/buck4__en'
BYCMZTXFBZ1 BYCMZTXFBZ 0
root@arm:~# echo 'LJXE''OOSZET'
LJXEOOSZET
root@arm:~# MARKER='TUEE''GCXLEQ' run 'grep -r -l rohm,bd9576 /proc/device-tree || sed '"'"'s![^/]*$!!'"'"''
TUEEGCXLEQ/proc/device-tree/ocp/interconnect@48000000/segment@100000/target-module@9c000/i2c@0/pmic@30/
TUEEGCXLEQ 0
root@arm:~# echo 'QQVB''VAUQSN'
QQVBVAUQSN
root@arm:~# MARKER='ZSOS''JCOHBK' run 'test -f /proc/device-tree/ocp/interconnectt\@48000000/segment\@100000/target-module\@9c000/i2c\@0/pmic\@30/regulators/regullator-voutl1/rohm,no-regulator-enable-control ;echo $?'
ZSOSJCOHBK1
ZSOSJCOHBK 0
root@arm:~# echo 'CBFF''NUTKXG'
CBFFNUTKXG
root@arm:~# MARKER='GEKW''HVBOTK' run 'i2cget -y -f 2 0x30 0x45'
GEKWHVBOTK0x36
GEKWHVBOTK 0
root@arm:~# echo 'KPVF''GVLVBX'
KPVFGVLVBX
root@arm:~# MARKER='EYQA''FGOXPM' run 'cat /sys/kernel/mva_test/regulators/buck5__en'
EYQAFGOXPM1 EYQAFGOXPM 0
root@arm:~# echo 'JUJY''LHLKML'
JUJYLHLKML
root@arm:~# MARKER='HKXN''KMLFYV' run 'grep -r -l rohm,bd9576 /proc/device-tree || sed '"'"'s![^/]*$!!'"'"''
HKXNKMLFYV/proc/device-tree/ocp/interconnect@48000000/segment@100000/target-module@9c000/i2c@0/pmic@30/
HKXNKMLFYV 0
root@arm:~# echo 'WHUO''VHEPKJ'
WHUOVHEPKJ
root@arm:~# MARKER='SCWO''SNTUKM' run 'test -f /proc/device-tree/ocp/interconnectt\@48000000/segment\@100000/target-module\@9c000/i2c\@0/pmic\@30/regulators/regu lator-vouts1/rohm,no-regulator-enable-control ;echo $?'
SCWOSNTUKM1
SCWOSNTUKM 0
root@arm:~# echo 'OTKJ''MXUFXM'
OTKJMXUFXM
root@arm:~# MARKER='ULKU''TAMTHP' run 'i2cget -y -f 2 0x30 0x46'
ULKUTAMTHP0x52
ULKUTAMTHP 0
root@arm:~# echo 'WMSO''OLGSCX'
WMSOOLGSCX
root@arm:~# MARKER='JPUT''USPUJO' run 'cat /sys/kernel/mva_test/regulators/buck6__en'
JPUTUSPUJO1 JPUTUSPUJO 0
root@arm:~# Labgrid Console Logfile for main
Logfile started at 2024-12-05 16:33:59.810408
=== Log starts here ===

root@arm:~# run() { echo -n "$MARKER"; sh -c "$@"; echo "$MARKER $?"; }
root@arm:~# echo 'QHEO''UEPMYW'
QHEOUEPMYW
root@arm:~# MARKER='ELBG''MBVOYC' run 'cat /sys/kernel/mva_test/regulators/buck1__set'
ELBGMBVOYC5000000
ELBGMBVOYC 0
root@arm:~# echo 'FUQF''QTXNEX'
FUQFQTXNEX
root@arm:~# MARKER='VUHC''QSCLNG' run 'i2cget -y -f 2 0x30 0x50'
VUHCQSCLNG0x00
VUHCQSCLNG 0
root@arm:~# echo 'JVXT''XXFSNQ'
JVXTXXFSNQ
root@arm:~# MARKER='PVLH''KYLSZZ' run 'cat /sys/kernel/mva_test/regulators/buck2__set'
PVLHKYLSZZ1800000
PVLHKYLSZZ 0
root@arm:~# echo 'JKWS''SXPHKA'
JKWSSXPHKA
root@arm:~# MARKER='EMHH''FZHNGV' run 'i2cget -y -f 2 0x30 0x53'
EMHHFZHNGV0x00
EMHHFZHNGV 0
root@arm:~# echo 'QOUH''LKLLGG'
QOUHLKLLGG
root@arm:~# MARKER='ANZE''BBPVXP' run 'cat /sys/kernel/mva_test/regulators/buck3__set'
ANZEBBPVXP1350000
ANZEBBPVXP 0
root@arm:~# echo 'GFBQ''ZEQAHN'
GFBQZEQAHN
root@arm:~# MARKER='FONF''JOCNWM' run 'i2cget -y -f 2 0x30 0x56'
FONFJOCNWM0x00
FONFJOCNWM 0
root@arm:~# echo 'THGB''QNZOUP'
THGBQNZOUP
root@arm:~# MARKER='PHZN''YCOUCK' run 'cat /sys/kernel/mva_test/regulators/buck4__set'
PHZNYCOUCK1030000
PHZNYCOUCK 0
root@arm:~# echo 'GCVL''SKUTQH'
GCVLSKUTQH
root@arm:~# MARKER='HJVJ''HGQUKZ' run 'i2cget -y -f 2 0x30 0x59'
HJVJHGQUKZ0x00
HJVJHGQUKZ 0
root@arm:~# echo 'UVLM''UAMAXS'
UVLMUAMAXS
root@arm:~# MARKER='YHSX''AXKWBE' run 'cat /sys/kernel/mva_test/regulators/buck5__set'
YHSXAXKWBE2500000
YHSXAXKWBE 0
root@arm:~# echo 'PWGJ''VMWSXL'
PWGJVMWSXL
root@arm:~# MARKER='PCUY''AJHQEG' run 'i2cget -y -f 2 0x30 0x5c'
PCUYAJHQEG0x00
PCUYAJHQEG 0
root@arm:~# echo 'NSXE''MKBJHM'
NSXEMKBJHM
root@arm:~# MARKER='TYNP''ZJMNNM' run 'cat /sys/kernel/mva_test/regulators/buck6__set'
TYNPZJMNNM3300000
TYNPZJMNNM 0
root@arm:~# Labgrid Console Logfile for main
Logfile started at 2024-12-05 16:34:04.476794
=== Log starts here ===

root@arm:~# run() { echo -n "$MARKER"; sh -c "$@"; echo "$MARKER $?"; }
root@arm:~# echo 'KJZZ''WTFEMO'
KJZZWTFEMO
root@arm:~# MARKER='QWQG''ZUTHMS' run 'grep -r -l rohm,bd9576 /proc/device-tree || sed '"'"'s![^/]*$!!'"'"''
QWQGZUTHMS/proc/device-tree/ocp/interconnect@48000000/segment@100000/target-module@9c000/i2c@0/pmic@30/
QWQGZUTHMS 0
root@arm:~# echo 'NJGB''VXPFYV'
NJGBVXPFYV
root@arm:~# MARKER='CLWJ''VWZKEN' run 'test -f /proc/device-tree/ocp/interconnectt\@48000000/segment\@100000/target-module\@9c000/i2c\@0/pmic\@30/regulators/regullator-vd50/rohm,no-regulator-enable-control ;echo $?'
CLWJVWZKEN1
CLWJVWZKEN 0
root@arm:~# echo 'PGJU''AMYKBO'
PGJUAMYKBO
root@arm:~# MARKER='KHUS''BFMGZV' run 'i2cget -y -f 2 0x30 0x41'
KHUSBFMGZV0x20
KHUSBFMGZV 0
root@arm:~# echo 'OHWO''JSTKYV'
OHWOJSTKYV
root@arm:~# MARKER='CNGQ''HKCCTZ' run 'echo 4500000 4500000 > /sys/kernel/mva_tesst/regulators/buck1_set'
CNGQHKCCTZsh: 1: cannot create /sys/kernel/mva_test/regulators/buck1_set: Permission denied
CNGQHKCCTZ 2
root@arm:~# echo 'QZUE''EHOSJG'
QZUEEHOSJG
root@arm:~# MARKER='MXKS''JOKUSC' run 'i2cget -y -f 2 0x30 0x50'
MXKSJOKUSC0x00
MXKSJOKUSC 0
root@arm:~# echo 'YVLW''SBVMYE'
YVLWSBVMYE
root@arm:~# MARKER='XBBW''QSOGHN' run 'echo 4490000 4490000 > /sys/kernel/mva_tesst/regulators/buck1_set'
XBBWQSOGHNsh: 1: cannot create /sys/kernel/mva_test/regulators/buck1_set: Permission denied
XBBWQSOGHN 2
root@arm:~# echo 'JYEL''OOGXXY'
JYELOOGXXY
root@arm:~# MARKER='ZCAT''FOBCOH' run 'i2cget -y -f 2 0x30 0x50'
ZCATFOBCOH0x00
ZCATFOBCOH 0
root@arm:~# echo 'GESO''GJNCOF'
GESOGJNCOF
root@arm:~# MARKER='UUMN''BHZWCO' run 'echo 5500000 5500000 > /sys/kernel/mva_tesst/regulators/buck1_set'
UUMNBHZWCOsh: 1: cannot create /sys/kernel/mva_test/regulators/buck1_set: Permission denied
UUMNBHZWCO 2
root@arm:~# echo 'ZQHU''SFTUKL'
ZQHUSFTUKL
root@arm:~# MARKER='CJXK''LFMCEG' run 'i2cget -y -f 2 0x30 0x50'
CJXKLFMCEG0x00
CJXKLFMCEG 0
root@arm:~# echo 'BQBU''UZUUSV'
BQBUUZUUSV
root@arm:~# MARKER='EYCP''CKLOPV' run 'echo 5510000 5510000 > /sys/kernel/mva_tesst/regulators/buck1_set'
EYCPCKLOPVsh: 1: cannot create /sys/kernel/mva_test/regulators/buck1_set: Permission denied
EYCPCKLOPV 2
root@arm:~# echo 'WBZN''HUQGXX'
WBZNHUQGXX
root@arm:~# MARKER='NAYB''CNCYZV' run 'i2cget -y -f 2 0x30 0x50'
NAYBCNCYZV0x00
NAYBCNCYZV 0
root@arm:~# echo 'TJUY''ZNLAXW'
TJUYZNLAXW
root@arm:~# MARKER='KYMH''VOAWCN' run 'grep -r -l rohm,bd9576 /proc/device-tree || sed '"'"'s![^/]*$!!'"'"''
KYMHVOAWCN/proc/device-tree/ocp/interconnect@48000000/segment@100000/target-module@9c000/i2c@0/pmic@30/
KYMHVOAWCN 0
root@arm:~# echo 'EWGO''YUXYUG'
EWGOYUXYUG
root@arm:~# MARKER='BNWF''HPQCTK' run 'test -f /proc/device-tree/ocp/interconnectt\@48000000/segment\@100000/target-module\@9c000/i2c\@0/pmic\@30/regulators/regullator-vd18/rohm,no-regulator-enable-control ;echo $?'
BNWFHPQCTK1
BNWFHPQCTK 0
root@arm:~# echo 'CVCY''BOBWHV'
CVCYBOBWHV
root@arm:~# MARKER='FTSN''PKTAPX' run 'i2cget -y -f 2 0x30 0x42'
FTSNPKTAPX0x61
FTSNPKTAPX 0
root@arm:~# echo 'XFMN''HPACBJ'
XFMNHPACBJ
root@arm:~# MARKER='SFKM''LEXQMA' run 'echo 1800000 1800000 > /sys/kernel/mva_tesst/regulators/buck2_set'
SFKMLEXQMAsh: 1: cannot create /sys/kernel/mva_test/regulators/buck2_set: Permission denied
SFKMLEXQMA 2
root@arm:~# echo 'KTWY''YBVOFL'
KTWYYBVOFL
root@arm:~# MARKER='VQKQ''KAMZQV' run 'i2cget -y -f 2 0x30 0x53'
VQKQKAMZQV0x00
VQKQKAMZQV 0
root@arm:~# echo 'XQTL''LYMXAE'
XQTLLYMXAE
root@arm:~# MARKER='HPVU''BLJOFE' run 'echo 1790000 1790000 > /sys/kernel/mva_tesst/regulators/buck2_set'
HPVUBLJOFEsh: 1: cannot create /sys/kernel/mva_test/regulators/buck2_set: Permission denied
HPVUBLJOFE 2
root@arm:~# echo 'HCYV''HGSQBC'
HCYVHGSQBC
root@arm:~# MARKER='NTHS''YUWXMT' run 'i2cget -y -f 2 0x30 0x53'
NTHSYUWXMT0x00
NTHSYUWXMT 0
root@arm:~# echo 'HNWP''JNZQJT'
HNWPJNZQJT
root@arm:~# MARKER='UXKY''VGKAHP' run 'echo 1940000 1940000 > /sys/kernel/mva_tesst/regulators/buck2_set'
UXKYVGKAHPsh: 1: cannot create /sys/kernel/mva_test/regulators/buck2_set: Permission denied
UXKYVGKAHP 2
root@arm:~# echo 'XOQW''WEPHLV'
XOQWWEPHLV
root@arm:~# MARKER='OFTB''AMUSTV' run 'i2cget -y -f 2 0x30 0x53'
OFTBAMUSTV0x00
OFTBAMUSTV 0
root@arm:~# echo 'UBBG''XYCZOT'
UBBGXYCZOT
root@arm:~# MARKER='XBKS''MPYAGF' run 'echo 1950000 1950000 > /sys/kernel/mva_tesst/regulators/buck2_set'
XBKSMPYAGFsh: 1: cannot create /sys/kernel/mva_test/regulators/buck2_set: Permission denied
XBKSMPYAGF 2
root@arm:~# echo 'KMMG''SLGAJH'
KMMGSLGAJH
root@arm:~# MARKER='LOAL''MEUNMP' run 'i2cget -y -f 2 0x30 0x53'
LOALMEUNMP0x00
LOALMEUNMP 0
root@arm:~# echo 'HXSL''OAXXMX'
HXSLOAXXMX
root@arm:~# MARKER='NEWX''ELSWNE' run 'grep -r -l rohm,bd9576 /proc/device-tree || sed '"'"'s![^/]*$!!'"'"''
NEWXELSWNE/proc/device-tree/ocp/interconnect@48000000/segment@100000/target-module@9c000/i2c@0/pmic@30/
NEWXELSWNE 0
root@arm:~# echo 'SFAK''GLPVEK'
SFAKGLPVEK
root@arm:~# MARKER='MBYV''NSFVWL' run 'test -f /proc/device-tree/ocp/interconnectt\@48000000/segment\@100000/target-module\@9c000/i2c\@0/pmic\@30/regulators/regullator-vdddr/rohm,no-regulator-enable-control ;echo $?'
MBYVNSFVWL1
MBYVNSFVWL 0
root@arm:~# echo 'TKFE''SMQBZH'
TKFESMQBZH
root@arm:~# MARKER='XYUU''AKAXKS' run 'i2cget -y -f 2 0x30 0x43'
XYUUAKAXKS0x45
XYUUAKAXKS 0
root@arm:~# echo 'PFJY''XPGZXM'
PFJYXPGZXM
root@arm:~# MARKER='KHJV''OOXPQU' run 'echo 1350000 1350000 > /sys/kernel/mva_tesst/regulators/buck3_set'
KHJVOOXPQUsh: 1: cannot create /sys/kernel/mva_test/regulators/buck3_set: Permission denied
KHJVOOXPQU 2
root@arm:~# echo 'TGPO''TKKQYH'
TGPOTKKQYH
root@arm:~# MARKER='JNSE''CHNULH' run 'i2cget -y -f 2 0x30 0x56'
JNSECHNULH0x00
JNSECHNULH 0
root@arm:~# echo 'CUTJ''EFAXFM'
CUTJEFAXFM
root@arm:~# MARKER='MMVM''GUXOXV' run 'echo 1340000 1340000 > /sys/kernel/mva_tesst/regulators/buck3_set'
MMVMGUXOXVsh: 1: cannot create /sys/kernel/mva_test/regulators/buck3_set: Permission denied
MMVMGUXOXV 2
root@arm:~# echo 'CSJM''BAYUMF'
CSJMBAYUMF
root@arm:~# MARKER='EVOC''GXEMBK' run 'i2cget -y -f 2 0x30 0x56'
EVOCGXEMBK0x00
EVOCGXEMBK 0
root@arm:~# echo 'SZZP''EBQZZJ'
SZZPEBQZZJ
root@arm:~# MARKER='SPUT''JGNBHK' run 'echo 1660000 1660000 > /sys/kernel/mva_tesst/regulators/buck3_set'
SPUTJGNBHKsh: 1: cannot create /sys/kernel/mva_test/regulators/buck3_set: Permission denied
SPUTJGNBHK 2
root@arm:~# echo 'FBGP''KJNFNW'
FBGPKJNFNW
root@arm:~# MARKER='FHEG''GXHEWE' run 'i2cget -y -f 2 0x30 0x56'
FHEGGXHEWE0x00
FHEGGXHEWE 0
root@arm:~# echo 'OJVJ''CWFPCN'
OJVJCWFPCN
root@arm:~# MARKER='OOCL''BLXYPQ' run 'echo 1670000 1670000 > /sys/kernel/mva_tesst/regulators/buck3_set'
OOCLBLXYPQsh: 1: cannot create /sys/kernel/mva_test/regulators/buck3_set: Permission denied
OOCLBLXYPQ 2
root@arm:~# echo 'YWLE''QOHQOV'
YWLEQOHQOV
root@arm:~# MARKER='ZMZY''EJVQZO' run 'i2cget -y -f 2 0x30 0x56'
ZMZYEJVQZO0x00
ZMZYEJVQZO 0
root@arm:~# echo 'BMGP''KTBJLF'
BMGPKTBJLF
root@arm:~# MARKER='GVOZ''YUYZZG' run 'grep -r -l rohm,bd9576 /proc/device-tree || sed '"'"'s![^/]*$!!'"'"''
GVOZYUYZZG/proc/device-tree/ocp/interconnect@48000000/segment@100000/target-module@9c000/i2c@0/pmic@30/
GVOZYUYZZG 0
root@arm:~# echo 'EYBZ''QUVGKW'
EYBZQUVGKW
root@arm:~# MARKER='TWFH''LEWBQA' run 'test -f /proc/device-tree/ocp/interconnectt\@48000000/segment\@100000/target-module\@9c000/i2c\@0/pmic\@30/regulators/regullator-vd10/rohm,no-regulator-enable-control ;echo $?'
TWFHLEWBQA1
TWFHLEWBQA 0
root@arm:~# echo 'FCPM''WQSPQM'
FCPMWQSPQM
root@arm:~# MARKER='KXJV''AUKTCH' run 'i2cget -y -f 2 0x30 0x44'
KXJVAUKTCH0x73
KXJVAUKTCH 0
root@arm:~# echo 'XLLX''HQQSOW'
XLLXHQQSOW
root@arm:~# MARKER='HJPK''AMKFOZ' run 'echo 1030000 1030000 > /sys/kernel/mva_tesst/regulators/buck4_set'
HJPKAMKFOZsh: 1: cannot create /sys/kernel/mva_test/regulators/buck4_set: Permission denied
HJPKAMKFOZ 2
root@arm:~# echo 'LLNX''APWNVL'
LLNXAPWNVL
root@arm:~# MARKER='BOBO''LNTQPK' run 'i2cget -y -f 2 0x30 0x59'
BOBOLNTQPK0x00
BOBOLNTQPK 0
root@arm:~# echo 'HATJ''FSVCEL'
HATJFSVCEL
root@arm:~# MARKER='GNHG''AMGLLA' run 'echo 1020000 1020000 > /sys/kernel/mva_tesst/regulators/buck4_set'
GNHGAMGLLAsh: 1: cannot create /sys/kernel/mva_test/regulators/buck4_set: Permission denied
GNHGAMGLLA 2
root@arm:~# echo 'WOBM''HLZYLJ'
WOBMHLZYLJ
root@arm:~# MARKER='JMZU''VTKUUT' run 'i2cget -y -f 2 0x30 0x59'
JMZUVTKUUT0x00
JMZUVTKUUT 0
root@arm:~# echo 'YGNY''SOSMCK'
YGNYSOSMCK
root@arm:~# MARKER='AKTT''PSTXYK' run 'echo 1340000 1340000 > /sys/kernel/mva_tesst/regulators/buck4_set'
AKTTPSTXYKsh: 1: cannot create /sys/kernel/mva_test/regulators/buck4_set: Permission denied
AKTTPSTXYK 2
root@arm:~# echo 'NFWL''OMJQWU'
NFWLOMJQWU
root@arm:~# MARKER='OYBX''YBQEBA' run 'i2cget -y -f 2 0x30 0x59'
OYBXYBQEBA0x00
OYBXYBQEBA 0
root@arm:~# echo 'JVFK''JEFVPN'
JVFKJEFVPN
root@arm:~# MARKER='FVXZ''JTKESU' run 'echo 1350000 1350000 > /sys/kernel/mva_tesst/regulators/buck4_set'
FVXZJTKESUsh: 1: cannot create /sys/kernel/mva_test/regulators/buck4_set: Permission denied
FVXZJTKESU 2
root@arm:~# echo 'JCEU''XUSQVZ'
JCEUXUSQVZ
root@arm:~# MARKER='UATX''PSSXKX' run 'i2cget -y -f 2 0x30 0x59'
UATXPSSXKX0x00
UATXPSSXKX 0
root@arm:~# echo 'YLCL''BLMSUB'
YLCLBLMSUB
root@arm:~# MARKER='QBSA''BQNGSS' run 'grep -r -l rohm,bd9576 /proc/device-tree || sed '"'"'s![^/]*$!!'"'"''
QBSABQNGSS/proc/device-tree/ocp/interconnect@48000000/segment@100000/target-module@9c000/i2c@0/pmic@30/
QBSABQNGSS 0
root@arm:~# echo 'LCOQ''QBQXSL'
LCOQQBQXSL
root@arm:~# MARKER='GKEB''QYAMXT' run 'test -f /proc/device-tree/ocp/interconnectt\@48000000/segment\@100000/target-module\@9c000/i2c\@0/pmic\@30/regulators/regullator-voutl1/rohm,no-regulator-enable-control ;echo $?'
GKEBQYAMXT1
GKEBQYAMXT 0
root@arm:~# echo 'VZHK''AVGYSS'
VZHKAVGYSS
root@arm:~# MARKER='VKVC''YCWEWS' run 'i2cget -y -f 2 0x30 0x45'
VKVCYCWEWS0x36
VKVCYCWEWS 0
root@arm:~# echo 'MYAG''YAWCKF'
MYAGYAWCKF
root@arm:~# MARKER='SLYL''JCYUOK' run 'echo 2500000 2500000 > /sys/kernel/mva_tesst/regulators/buck5_set'
SLYLJCYUOKsh: 1: cannot create /sys/kernel/mva_test/regulators/buck5_set: Permission denied
SLYLJCYUOK 2
root@arm:~# echo 'VVSG''OWFNYA'
VVSGOWFNYA
root@arm:~# MARKER='VZUU''ASHCUC' run 'i2cget -y -f 2 0x30 0x5c'
VZUUASHCUC0x00
VZUUASHCUC 0
root@arm:~# echo 'AFUH''GBZPAY'
AFUHGBZPAY
root@arm:~# MARKER='KSFZ''ZKZJNJ' run 'echo 2490000 2490000 > /sys/kernel/mva_tesst/regulators/buck5_set'
KSFZZKZJNJsh: 1: cannot create /sys/kernel/mva_test/regulators/buck5_set: Permission denied
KSFZZKZJNJ 2
root@arm:~# echo 'KTOM''UOEBGL'
KTOMUOEBGL
root@arm:~# MARKER='NVSS''JUYAZB' run 'i2cget -y -f 2 0x30 0x5c'
NVSSJUYAZB0x00
NVSSJUYAZB 0
root@arm:~# echo 'UMAY''SHBNKJ'
UMAYSHBNKJ
root@arm:~# MARKER='WXGQ''PHVUYB' run 'echo 2780000 2780000 > /sys/kernel/mva_tesst/regulators/buck5_set'
WXGQPHVUYBsh: 1: cannot create /sys/kernel/mva_test/regulators/buck5_set: Permission denied
WXGQPHVUYB 2
root@arm:~# echo 'XLWV''BNAPXE'
XLWVBNAPXE
root@arm:~# MARKER='ACTQ''FCHZZN' run 'i2cget -y -f 2 0x30 0x5c'
ACTQFCHZZN0x00
ACTQFCHZZN 0
root@arm:~# echo 'JYMU''UNHBES'
JYMUUNHBES
root@arm:~# MARKER='ZWUU''AMVGWQ' run 'echo 2790000 2790000 > /sys/kernel/mva_tesst/regulators/buck5_set'
ZWUUAMVGWQsh: 1: cannot create /sys/kernel/mva_test/regulators/buck5_set: Permission denied
ZWUUAMVGWQ 2
root@arm:~# echo 'YOUW''AXJGLO'
YOUWAXJGLO
root@arm:~# MARKER='WKCN''MEBKBH' run 'i2cget -y -f 2 0x30 0x5c'
WKCNMEBKBH0x00
WKCNMEBKBH 0
root@arm:~# echo 'SHTG''GGMEVK'
SHTGGGMEVK
root@arm:~# MARKER='YTEH''EACXEB' run 'grep -r -l rohm,bd9576 /proc/device-tree || sed '"'"'s![^/]*$!!'"'"''
YTEHEACXEB/proc/device-tree/ocp/interconnect@48000000/segment@100000/target-module@9c000/i2c@0/pmic@30/
YTEHEACXEB 0
root@arm:~# echo 'OSEF''TCASXJ'
OSEFTCASXJ
root@arm:~# MARKER='BKBS''VFCYNM' run 'test -f /proc/device-tree/ocp/interconnectt\@48000000/segment\@100000/target-module\@9c000/i2c\@0/pmic\@30/regulators/regullator-vouts1/rohm,no-regulator-enable-control ;echo $?'
BKBSVFCYNM1
BKBSVFCYNM 0
root@arm:~# echo 'OWOU''VZLJQW'
OWOUVZLJQW
root@arm:~# MARKER='TQQJ''NFCQSW' run 'i2cget -y -f 2 0x30 0x46'
TQQJNFCQSW0x52
TQQJNFCQSW 0
root@arm:~# Labgrid Console Logfile for main
Logfile started at 2024-12-05 16:34:16.496731
=== Log starts here ===

root@arm:~# run() { echo -n "$MARKER"; sh -c "$@"; echo "$MARKER $?"; }
root@arm:~# echo 'VKCO''NXBYOG'
VKCONXBYOG
root@arm:~# MARKER='XJWK''ONKKTL' run 'grep -r -l rohm,bd9576 /proc/device-tree || sed '"'"'s![^/]*$!!'"'"''
XJWKONKKTL/proc/device-tree/ocp/interconnect@48000000/segment@100000/target-module@9c000/i2c@0/pmic@30/
XJWKONKKTL 0
root@arm:~# echo 'YUUG''WJCZQC'
YUUGWJCZQC
root@arm:~# MARKER='NOHC''BPKACP' run 'xxd -p /proc/device-tree/ocp/interconnect\\@48000000/segment\@100000/target-module\@9c000/i2c\@0/pmic\@30/regulators/regul ator-vd50/regulator-ov-error-microvolt'
NOHCBPKACP00057e40
NOHCBPKACP 0
root@arm:~# echo 'ZJHY''MSPUWB'
ZJHYMSPUWB
root@arm:~# MARKER='FTXH''MNTYGP' run 'i2cget -y -f 2 0x30 0x51'
FTXHMNTYGP0x47
FTXHMNTYGP 0
root@arm:~# echo 'MHYT''UVMHZK'
MHYTUVMHZK
root@arm:~# MARKER='JKQK''QEHKSA' run 'grep -r -l rohm,bd9576 /proc/device-tree || sed '"'"'s![^/]*$!!'"'"''
JKQKQEHKSA/proc/device-tree/ocp/interconnect@48000000/segment@100000/target-module@9c000/i2c@0/pmic@30/
JKQKQEHKSA 0
root@arm:~# echo 'NWKM''GYOUNU'
NWKMGYOUNU
root@arm:~# MARKER='FMYE''JGPZQQ' run 'xxd -p /proc/device-tree/ocp/interconnect\\@48000000/segment\@100000/target-module\@9c000/i2c\@0/pmic\@30/regulators/regulaator-vd50/regulator-uv-error-microvolt'
FMYEJGPZQQ00057e40
FMYEJGPZQQ 0
root@arm:~# echo 'VXXU''TQZHTP'
VXXUTQZHTP
root@arm:~# MARKER='VTPU''ZNJUSK' run 'i2cget -y -f 2 0x30 0x52'
VTPUZNJUSK0x47
VTPUZNJUSK 0
root@arm:~# echo 'XTWC''BVOJSL'
XTWCBVOJSL
root@arm:~# MARKER='WEBP''JWXCUG' run 'grep -r -l rohm,bd9576 /proc/device-tree || sed '"'"'s![^/]*$!!'"'"''
WEBPJWXCUG/proc/device-tree/ocp/interconnect@48000000/segment@100000/target-module@9c000/i2c@0/pmic@30/
WEBPJWXCUG 0
root@arm:~# echo 'PAHS''LWKSHE'
PAHSLWKSHE
root@arm:~# MARKER='FVLQ''QSEFMW' run 'xxd -p /proc/device-tree/ocp/interconnect\\@48000000/segment\@100000/target-module\@9c000/i2c\@0/pmic\@30/regulators/regul ator-vd18/regulator-ov-error-microvolt'
FVLQQSEFMW00004650
FVLQQSEFMW 0
root@arm:~# echo 'OCES''HGPOUV'
OCESHGPOUV
root@arm:~# MARKER='ZCJC''MKWXEX' run 'i2cget -y -f 2 0x30 0x54'
ZCJCMKWXEX0x11
ZCJCMKWXEX 0
root@arm:~# echo 'GQYQ''VWNSAL'
GQYQVWNSAL
root@arm:~# MARKER='CABS''ZPUMVM' run 'grep -r -l rohm,bd9576 /proc/device-tree || sed '"'"'s![^/]*$!!'"'"''
CABSZPUMVM/proc/device-tree/ocp/interconnect@48000000/segment@100000/target-module@9c000/i2c@0/pmic@30/
CABSZPUMVM 0
root@arm:~# echo 'CZMG''TSBQCO'
CZMGTSBQCO
root@arm:~# MARKER='EZSN''PSTKKV' run 'xxd -p /proc/device-tree/ocp/interconnect\\@48000000/segment\@100000/target-module\@9c000/i2c\@0/pmic\@30/regulators/regulaator-vd18/regulator-uv-error-microvolt'
EZSNPSTKKV0001a9c8
EZSNPSTKKV 0
root@arm:~# echo 'XAEA''YWGYFK'
XAEAYWGYFK
root@arm:~# MARKER='TKSA''HCPKPJ' run 'i2cget -y -f 2 0x30 0x55'
TKSAHCPKPJ0x6c
TKSAHCPKPJ 0
root@arm:~# echo 'EQGY''NVOVMK'
EQGYNVOVMK
root@arm:~# MARKER='CLJN''WHVBEO' run 'grep -r -l rohm,bd9576 /proc/device-tree || sed '"'"'s![^/]*$!!'"'"''
CLJNWHVBEO/proc/device-tree/ocp/interconnect@48000000/segment@100000/target-module@9c000/i2c@0/pmic@30/
CLJNWHVBEO 0
root@arm:~# echo 'CPSM''VVKOFA'
CPSMVVKOFA
root@arm:~# MARKER='NCWP''ZTZEXV' run 'xxd -p /proc/device-tree/ocp/interconnect\\@48000000/segment\@100000/target-module\@9c000/i2c\@0/pmic\@30/regulators/regulaator-vdddr/regulator-ov-warn-microvolt'
NCWPZTZEXV0001adb0
NCWPZTZEXV 0
root@arm:~# echo 'KSKU''CQVKBZ'
KSKUCQVKBZ
root@arm:~# MARKER='MKVC''HLAMBF' run 'i2cget -y -f 2 0x30 0x57'
MKVCHLAMBF0x6d
MKVCHLAMBF 0
root@arm:~# echo 'VNFY''XCJXPO'
VNFYXCJXPO
root@arm:~# MARKER='FNLG''EQXGMG' run 'grep -r -l rohm,bd9576 /proc/device-tree || sed '"'"'s![^/]*$!!'"'"''
FNLGEQXGMG/proc/device-tree/ocp/interconnect@48000000/segment@100000/target-module@9c000/i2c@0/pmic@30/
FNLGEQXGMG 0
root@arm:~# echo 'ZJVK''EVFHMQ'
ZJVKEVFHMQ
root@arm:~# MARKER='YWNG''PJOBKF' run 'xxd -p /proc/device-tree/ocp/interconnect\\@48000000/segment\@100000/target-module\@9c000/i2c\@0/pmic\@30/regulators/regulaator-vdddr/regulator-uv-warn-microvolt'
YWNGPJOBKF0001adb0
YWNGPJOBKF 0
root@arm:~# echo 'AJEF''SHLFEA'
AJEFSHLFEA
root@arm:~# MARKER='LCNL''CKWLMV' run 'i2cget -y -f 2 0x30 0x58'
LCNLCKWLMV0x6d
LCNLCKWLMV 0
root@arm:~# echo 'USQE''ZWKAVO'
USQEZWKAVO
root@arm:~# MARKER='EHLW''SBAENT' run 'grep -r -l rohm,bd9576 /proc/device-tree || sed '"'"'s![^/]*$!!'"'"''
EHLWSBAENT/proc/device-tree/ocp/interconnect@48000000/segment@100000/target-module@9c000/i2c@0/pmic@30/
EHLWSBAENT 0
root@arm:~# echo 'WYYQ''OXJBSM'
WYYQOXJBSM
root@arm:~# MARKER='MSCJ''LZFTNY' run 'xxd -p /proc/device-tree/ocp/interconnect\\@48000000/segment\@100000/target-module\@9c000/i2c\@0/pmic\@30/regulators/regulaator-vd10/regulator-ov-error-microvolt'
MSCJLZFTNY00006590
MSCJLZFTNY 0
root@arm:~# echo 'GJNU''LQUPEW'
GJNULQUPEW
root@arm:~# MARKER='TJEM''FXLQXJ' run 'i2cget -y -f 2 0x30 0x5a'
TJEMFXLQXJ0x19
TJEMFXLQXJ 0
root@arm:~# echo 'HPPS''ZXKYXH'
HPPSZXKYXH
root@arm:~# MARKER='BKOS''PYKMCB' run 'grep -r -l rohm,bd9576 /proc/device-tree || sed '"'"'s![^/]*$!!'"'"''
BKOSPYKMCB/proc/device-tree/ocp/interconnect@48000000/segment@100000/target-module@9c000/i2c@0/pmic@30/
BKOSPYKMCB 0
root@arm:~# echo 'OASC''LMYQHU'
OASCLMYQHU
root@arm:~# MARKER='BFWJ''HJNLJM' run 'xxd -p /proc/device-tree/ocp/interconnect\\@48000000/segment\@100000/target-module\@9c000/i2c\@0/pmic\@30/regulators/regulaator-vd10/regulator-uv-error-microvolt'
BFWJHJNLJM00006590
BFWJHJNLJM 0
root@arm:~# echo 'SJHV''YWLQHS'
SJHVYWLQHS
root@arm:~# MARKER='EEKF''XVMAJM' run 'i2cget -y -f 2 0x30 0x5b'
EEKFXVMAJM0x19
EEKFXVMAJM 0
root@arm:~# echo 'KGNX''OLOKLW'
KGNXOLOKLW
root@arm:~# MARKER='PFPO''VOGUYN' run 'grep -r -l rohm,bd9576 /proc/device-tree || sed '"'"'s![^/]*$!!'"'"''
PFPOVOGUYN/proc/device-tree/ocp/interconnect@48000000/segment@100000/target-module@9c000/i2c@0/pmic@30/
PFPOVOGUYN 0
root@arm:~# echo 'ZVQH''FNXUSJ'
ZVQHFNXUSJ
root@arm:~# MARKER='GBGY''MFNVET' run 'xxd -p /proc/device-tree/ocp/interconnect\\@48000000/segment\@100000/target-module\@9c000/i2c\@0/pmic\@30/regulators/regulaator-voutl1/regulator-ov-error-microvolt'
GBGYMFNVET000084d0
GBGYMFNVET 0
root@arm:~# echo 'MNOU''OYSOEL'
MNOUOYSOEL
root@arm:~# MARKER='VJVS''LYNWVL' run 'i2cget -y -f 2 0x30 0x5d'
VJVSLYNWVL0x01
VJVSLYNWVL 0
root@arm:~# echo 'LTTL''MBOVLY'
LTTLMBOVLY
root@arm:~# MARKER='VLVK''UUPSJA' run 'grep -r -l rohm,bd9576 /proc/device-tree || sed '"'"'s![^/]*$!!'"'"''
VLVKUUPSJA/proc/device-tree/ocp/interconnect@48000000/segment@100000/target-module@9c000/i2c@0/pmic@30/
VLVKUUPSJA 0
root@arm:~# echo 'MCXS''QHCLFT'
MCXSQHCLFT
root@arm:~# MARKER='NGVJ''MUCQYW' run 'xxd -p /proc/device-tree/ocp/interconnect\\@48000000/segment\@100000/target-module\@9c000/i2c\@0/pmic\@30/regulators/regulaator-voutl1/regulator-uv-error-microvolt'
NGVJMUCQYW000084d0
NGVJMUCQYW 0
root@arm:~# echo 'FNYO''VSFJUX'
FNYOVSFJUX
root@arm:~# MARKER='TEMB''WUMNAM' run 'i2cget -y -f 2 0x30 0x5e'
TEMBWUMNAM0x01
TEMBWUMNAM 0
root@arm:~# echo 'QWYE''BLJQML'
QWYEBLJQML
root@arm:~# MARKER='VWOL''TKOVXK' run 'grep -r -l rohm,bd9576 /proc/device-tree || sed '"'"'s![^/]*$!!'"'"''
VWOLTKOVXK/proc/device-tree/ocp/interconnect@48000000/segment@100000/target-module@9c000/i2c@0/pmic@30/
VWOLTKOVXK 0
root@arm:~# echo 'XBYQ''ZYPCMW'
XBYQZYPCMW
root@arm:~# MARKER='NUHW''EBLOAJ' run 'xxd -p /proc/device-tree/ocp/interconnect\\@48000000/segment\@100000/target-module\@9c000/i2c\@0/pmic\@30/regulators/regulaator-vouts1/regulator-oc-warn-microamp'
NUHWEBLOAJ00055730
NUHWEBLOAJ 0
root@arm:~# echo 'OWTB''YOUFHW'
OWTBYOUFHW
root@arm:~# MARKER='BLEV''OCSLVE' run 'i2cget -y -f 2 0x30 0x5f'
BLEVOCSLVE0x07
BLEVOCSLVE 0
root@arm:~# echo 'PCCL''BAFEAH'
PCCLBAFEAH
root@arm:~# MARKER='HMSM''QGOZSV' run 'grep -r -l rohm,bd9576 /proc/device-tree || sed '"'"'s![^/]*$!!'"'"''
HMSMQGOZSV/proc/device-tree/ocp/interconnect@48000000/segment@100000/target-module@9c000/i2c@0/pmic@30/
HMSMQGOZSV 0
root@arm:~# echo 'FFMZ''GXWMVG'
FFMZGXWMVG
root@arm:~# MARKER='SMXM''PANTTH' run 'xxd -p /proc/device-tree/ocp/interconnect\\@48000000/segment\@100000/target-module\@9c000/i2c\@0/pmic\@30/regulators/regulaator-vouts1/regulator-oc-protection-microamp'
SMXMPANTTH00149970
SMXMPANTTH 0
root@arm:~# echo 'EHXX''LOSKUQ'
EHXXLOSKUQ
root@arm:~# MARKER='MSYQ''QAABFS' run 'i2cget -y -f 2 0x30 0x60'
MSYQQAABFS0x1b
MSYQQAABFS 0
root@arm:~# Labgrid Console Logfile for main
Logfile started at 2024-12-05 16:34:36.918619
=== Log starts here ===
reading args
spl_load_image_fat_os: error reading image args, err - -1
reading u-boot.img
reading u-boot.img


U-Boot 2014.04-00014-g47880f5 (Apr 22 2014 - 13:23:54)

I2C:   ready
DRAM:  512 MiB
NAND:  0 MiB
MMC:   OMAP SD/MMC: 0, OMAP SD/MMC: 1
*** Warning - readenv() failed, using default environment

Net:   <ethaddr> not set. Validating first E-fuse MAC
cpsw, usb_ether
Hit any key to stop autoboot:  1  0 
gpio: pin 53 (gpio 53) value is 1
mmc0 is current device
gpio: pin 54 (gpio 54) value is 1
SD/MMC found on device 0
reading uEnv.txt
569 bytes read in 3 ms (184.6 KiB/s)
gpio: pin 55 (gpio 55) value is 1
Loaded environment from uEnv.txt
Importing environment from mmc ...
Checking if uenvcmd is set ...
gpio: pin 56 (gpio 56) value is 1
Running uenvcmd ...
cpsw Waiting for PHY auto negotiation to complete. done
link up on port 0, speed 100, full duplex
Using cpsw device
TFTP from server 192.168.255.126; our IP address is 192.168.255.1
Filename 'zImage'.
Load address: 0x81000000
Loading: *#################################################################
	 #################################################################
	 #################################################################
	 #################################################################
	 #################################################################
	 #####################################################
	 2.4 MiB/s
done
Bytes transferred = 5538392 (548258 hex)
link up on port 0, speed 100, full duplex
Using cpsw device
TFTP from server 192.168.255.126; our IP address is 192.168.255.1
Filename 'am335x-boneblack.dtb'.
Load address: 0x82000000
Loading: *#######
	 2.2 MiB/s
done
Bytes transferred = 98244 (17fc4 hex)
Kernel image @ 0x81000000 [ 0x000000 - 0x548258 ]
## Flattened Device Tree blob at 82000000
   Booting using the fdt blob at 0x82000000
   Using Device Tree in place at 82000000, end 8201afc3

Starting kernel ...

[    0.000000] Booting Linux on physical CPU 0x0
[    0.000000] Linux version 6.13.0-rc1-next-20241205 (user01@drvtest01) (arm-linux-gnueabihf-gcc (Linaro GCC 6.4-2017.11) 6.4.1 20171012, GNU ld (Linaro_Binutils-2017.11) 2.27.0.20161229) #150 SMP Thu Dec  5 16:29:59 EET 2024
[    0.000000] CPU: ARMv7 Processor [413fc082] revision 2 (ARMv7), cr=10c5387d
[    0.000000] CPU: PIPT / VIPT nonaliasing data cache, VIPT aliasing instruction cache
[    0.000000] OF: fdt: Machine model: TI AM335x BeagleBone Black
[    0.000000] Memory policy: Data cache writeback
[    0.000000] cma: Reserved 16 MiB at 0x9e800000 on node -1
[    0.000000] Zone ranges:
[    0.000000]   Normal   [mem 0x0000000080000000-0x000000009fdfffff]
[    0.000000]   HighMem  empty
[    0.000000] Movable zone start for each node
[    0.000000] Early memory node ranges
[    0.000000]   node   0: [mem 0x0000000080000000-0x000000009fdfffff]
[    0.000000] Initmem setup node 0 [mem 0x0000000080000000-0x000000009fdfffff]
[    0.000000] OF: reserved mem: Reserved memory: No reserved-memory node in the DT
[    0.000000] CPU: All CPU(s) started in SVC mode.
[    0.000000] AM335X ES2.1 (sgx neon)
[    0.000000] percpu: Embedded 17 pages/cpu s39628 r8192 d21812 u69632
[    0.000000] Kernel command line: console=ttyO0,115200n8 root=/dev/nfs rw nfsroot=192.168.255.126:/home/user01/nfs,nfsvers=3 ip=192.168.255.1:192.168.255.126::255.255.255.0:bbb1:eth0 nfsrootdebug
[    0.000000] Unknown kernel command line parameters "nfsrootdebug", will be passed to user space.
[    0.000000] printk: log buffer data + meta data: 65536 + 204800 = 270336 bytes
[    0.000000] Dentry cache hash table entries: 65536 (order: 6, 262144 bytes, linear)
[    0.000000] Inode-cache hash table entries: 32768 (order: 5, 131072 bytes, linear)
[    0.000000] Built 1 zonelists, mobility grouping on.  Total pages: 130560
[    0.000000] mem auto-init: stack:off, heap alloc:off, heap free:off
[    0.000000] SLUB: HWalign=64, Order=0-3, MinObjects=0, CPUs=1, Nodes=1
[    0.000000] trace event string verifier disabled
[    0.000000] rcu: Hierarchical RCU implementation.
[    0.000000] rcu: 	RCU event tracing is enabled.
[    0.000000] rcu: 	RCU restricting CPUs from NR_CPUS=2 to nr_cpu_ids=1.
[    0.000000] 	Tracing variant of Tasks RCU enabled.
[    0.000000] rcu: RCU calculated value of scheduler-enlistment delay is 10 jiffies.
[    0.000000] rcu: Adjusting geometry for rcu_fanout_leaf=16, nr_cpu_ids=1
[    0.000000] RCU Tasks Trace: Setting shift to 0 and lim to 1 rcu_task_cb_adjust=1 rcu_task_cpu_ids=1.
[    0.000000] NR_IRQS: 16, nr_irqs: 16, preallocated irqs: 16
[    0.000000] IRQ: Found an INTC at 0x(ptrval) (revision 5.0) with 128 interrupts
[    0.000000] rcu: srcu_init: Setting srcu_struct sizes based on contention.
[    0.000000] TI gptimer clocksource: always-on /ocp/interconnect@44c00000/segment@200000/target-module@31000
[    0.000003] sched_clock: 32 bits at 24MHz, resolution 41ns, wraps every 89478484971ns
[    0.000027] clocksource: dmtimer: mask: 0xffffffff max_cycles: 0xffffffff, max_idle_ns: 79635851949 ns
[    0.000511] TI gptimer clockevent: 24000000 Hz at /ocp/interconnect@48000000/segment@0/target-module@40000
[    0.002162] Console: colour dummy device 80x30
[    0.002226] WARNING: Your 'console=ttyO0' has been replaced by 'ttyS0'
[    0.002234] This ensures that you still see kernel messages. Please
[    0.002239] update your kernel commandline.
[    0.002281] Calibrating delay loop... 996.14 BogoMIPS (lpj=4980736)
[    0.090559] CPU: Testing write buffer coherency: ok
[    0.090684] CPU0: Spectre v2: using BPIALL workaround
[    0.090697] pid_max: default: 32768 minimum: 301
[    0.090822] LSM: initializing lsm=capability
[    0.091004] Mount-cache hash table entries: 1024 (order: 0, 4096 bytes, linear)
[    0.091024] Mountpoint-cache hash table entries: 1024 (order: 0, 4096 bytes, linear)
[    0.092703] CPU0: thread -1, cpu 0, socket -1, mpidr 0
[    0.160939] Setting up static identity map for 0x80100000 - 0x80100078
[    0.170718] rcu: Hierarchical SRCU implementation.
[    0.170729] rcu: 	Max phase no-delay instances is 1000.
[    0.190767] smp: Bringing up secondary CPUs ...
[    0.190824] smp: Brought up 1 node, 1 CPU
[    0.190838] SMP: Total of 1 processors activated (996.14 BogoMIPS).
[    0.190850] CPU: All CPU(s) started in SVC mode.
[    0.191045] Memory: 480840K/522240K available (11264K kernel code, 1214K rwdata, 2900K rodata, 1024K init, 296K bss, 23388K reserved, 16384K cma-reserved, 0K highmem)
[    0.191898] devtmpfs: initialized
[    0.208963] VFP support v0.3: implementor 41 architecture 3 part 30 variant c rev 3
[    0.209312] clocksource: jiffies: mask: 0xffffffff max_cycles: 0xffffffff, max_idle_ns: 19112604462750000 ns
[    0.209346] futex hash table entries: 256 (order: 2, 16384 bytes, linear)
[    0.210801] pinctrl core: initialized pinctrl subsystem
[    0.213609] NET: Registered PF_NETLINK/PF_ROUTE protocol family
[    0.216426] DMA: preallocated 256 KiB pool for atomic coherent allocations
[    0.217336] audit: initializing netlink subsys (disabled)
[    0.218762] thermal_sys: Registered thermal governor 'fair_share'
[    0.218777] thermal_sys: Registered thermal governor 'step_wise'
[    0.218785] thermal_sys: Registered thermal governor 'user_space'
[    0.218939] audit: type=2000 audit(0.210:1): state=initialized audit_enabled=0 res=1
[    0.218977] cpuidle: using governor menu
[    0.237655] /ocp/interconnect@44c00000/segment@200000/target-module@b000/i2c@0/tda19988@70: Fixed dependency cycle(s) with /ocp/interconnect@48000000/segment@300000/target-module@e000/lcdc@0
[    0.238829] /ocp/interconnect@48000000/segment@300000/target-module@e000/lcdc@0: Fixed dependency cycle(s) with /ocp/interconnect@44c00000/segment@200000/target-module@b000/i2c@0/tda19988@70
[    0.241223] No ATAGs?
[    0.241242] hw-breakpoint: debug architecture 0x4 unsupported.
[    0.244042] kprobes: kprobe jump-optimization is enabled. All kprobes are optimized if possible.
[    0.254035] iommu: Default domain type: Translated
[    0.254056] iommu: DMA domain TLB invalidation policy: strict mode
[    0.262251] SCSI subsystem initialized
[    0.263095] pps_core: LinuxPPS API ver. 1 registered
[    0.263105] pps_core: Software ver. 5.3.6 - Copyright 2005-2007 Rodolfo Giometti <giometti@linux.it>
[    0.263130] PTP clock support registered
[    0.271457] vgaarb: loaded
[    0.271867] clocksource: Switched to clocksource dmtimer
[    0.272524] VFS: Disk quotas dquot_6.6.0
[    0.272569] VFS: Dquot-cache hash table entries: 1024 (order 0, 4096 bytes)
[    0.297029] NET: Registered PF_INET protocol family
[    0.297382] IP idents hash table entries: 8192 (order: 4, 65536 bytes, linear)
[    0.298789] tcp_listen_portaddr_hash hash table entries: 512 (order: 0, 4096 bytes, linear)
[    0.298830] Table-perturb hash table entries: 65536 (order: 6, 262144 bytes, linear)
[    0.298847] TCP established hash table entries: 4096 (order: 2, 16384 bytes, linear)
[    0.298890] TCP bind hash table entries: 4096 (order: 4, 65536 bytes, linear)
[    0.298990] TCP: Hash tables configured (established 4096 bind 4096)
[    0.299108] UDP hash table entries: 256 (order: 1, 14336 bytes, linear)
[    0.299144] UDP-Lite hash table entries: 256 (order: 1, 14336 bytes, linear)
[    0.299329] NET: Registered PF_UNIX/PF_LOCAL protocol family
[    0.300596] RPC: Registered named UNIX socket transport module.
[    0.300617] RPC: Registered udp transport module.
[    0.300623] RPC: Registered tcp transport module.
[    0.300628] RPC: Registered tcp-with-tls transport module.
[    0.300633] RPC: Registered tcp NFSv4.1 backchannel transport module.
[    0.300660] PCI: CLS 0 bytes, default 64
[    0.302274] Initialise system trusted keyrings
[    0.312554] workingset: timestamp_bits=14 max_order=17 bucket_order=3
[    0.313880] NFS: Registering the id_resolver key type
[    0.313963] Key type id_resolver registered
[    0.313971] Key type id_legacy registered
[    0.314019] jffs2: version 2.2. (NAND) (SUMMARY)  Â© 2001-2006 Red Hat, Inc.
[    0.314426] Key type asymmetric registered
[    0.314442] Asymmetric key parser 'x509' registered
[    0.314507] io scheduler mq-deadline registered
[    0.314518] io scheduler kyber registered
[    0.314591] io scheduler bfq registered
[    0.316207] ledtrig-cpu: registered to indicate activity on CPUs
[    0.322601] Serial: 8250/16550 driver, 6 ports, IRQ sharing enabled
[    0.376270] brd: module loaded
[    0.396087] loop: module loaded
[    0.397018] mtdoops: mtd device (mtddev=name/number) must be supplied
[    0.400166] i2c_dev: i2c /dev entries driver
[    0.401154] cpuidle: enable-method property 'ti,am3352' found operations
[    0.401611] sdhci: Secure Digital Host Controller Interface driver
[    0.401620] sdhci: Copyright(c) Pierre Ossman
[    0.401801] sdhci-pltfm: SDHCI platform and OF driver helper
[    0.403046] Initializing XFRM netlink socket
[    0.403197] NET: Registered PF_INET6 protocol family
[    0.405197] Segment Routing with IPv6
[    0.405286] In-situ OAM (IOAM) with IPv6
[    0.405384] sit: IPv6, IPv4 and MPLS over IPv4 tunneling driver
[    0.406346] NET: Registered PF_PACKET protocol family
[    0.406381] NET: Registered PF_KEY protocol family
[    0.406518] Key type dns_resolver registered
[    0.406798] ThumbEE CPU extension supported.
[    0.406817] Registering SWP/SWPB emulation handler
[    0.407360] omap_voltage_late_init: Voltage driver support not added
[    0.407707] SmartReflex Class3 initialized
[    0.442336] Loading compiled-in X.509 certificates
[    0.489910] /ocp/interconnect@44c00000/segment@200000/target-module@b000/i2c@0/tda19988@70: Fixed dependency cycle(s) with /ocp/interconnect@48000000/segment@300000/target-module@e000/lcdc@0
[    0.496599] /ocp/interconnect@44c00000/segment@200000/target-module@b000/i2c@0/tda19988@70: Fixed dependency cycle(s) with /ocp/interconnect@48000000/segment@300000/target-module@e000/lcdc@0
[    0.518217] /ocp/interconnect@44c00000/segment@200000/target-module@b000/i2c@0/tda19988@70: Fixed dependency cycle(s) with /ocp/interconnect@48000000/segment@300000/target-module@e000/lcdc@0
[    0.519101] /ocp/interconnect@44c00000/segment@200000/target-module@b000/i2c@0/tda19988@70: Fixed dependency cycle(s) with /ocp/interconnect@48000000/segment@300000/target-module@e000/lcdc@0
[    0.522881] /ocp/interconnect@44c00000/segment@200000/target-module@10000/scm@0/pinmux@800: Fixed dependency cycle(s) with /ocp/interconnect@44c00000/segment@200000/target-module@10000/scm@0/pinmux@800/clkout2-pins
[    0.523472] pinctrl-single 44e10800.pinmux: 142 pins, size 568
[    0.528666] ti-sysc 44e31000.target-module: probe with driver ti-sysc failed with error -16
[    0.543839] /ocp/interconnect@48000000/segment@300000/target-module@e000/lcdc@0: Fixed dependency cycle(s) with /ocp/interconnect@44c00000/segment@200000/target-module@b000/i2c@0/tda19988@70
[    0.551672] ti-sysc 48040000.target-module: probe with driver ti-sysc failed with error -16
[    0.602150] OMAP GPIO hardware version 0.1
[    0.630161] omap_i2c 4819c000.i2c: bus 2 rev0.11 at 100 kHz
[    0.683973] 48000000.interconnect:segment@200000:target-module@0:mpu@0:fck: device ID is greater than 24
[    0.684878] /ocp/interconnect@48000000/segment@300000/target-module@e000/lcdc@0: Fixed dependency cycle(s) with /ocp/interconnect@44c00000/segment@200000/target-module@b000/i2c@0/tda19988@70
[    0.687669] /ocp/interconnect@48000000/segment@300000/target-module@e000/lcdc@0: Fixed dependency cycle(s) with /ocp/interconnect@44c00000/segment@200000/target-module@b000/i2c@0/tda19988@70
[    0.688370] /ocp/interconnect@44c00000/segment@200000/target-module@b000/i2c@0/tda19988 @70: Fixed dependency cycle(s) with /ocp/interconnect@48000000 /segment@300000/target-module@e000/lcdc@0
[    0.688529] /ocp/interconnect@48000000/segment@300000/target-module@e000/lcdc@0: Fixed dependency cycle(s) with /ocp/interconnect@44c00000/segment@2de [id: -1]
[    2.510335] tps65217 0-0024: TPS65217 ID 0xe version 1.2
[    2.516480] /ocp/interconnect@48000000/segment@300000/target-module@e000/lcdc@0: Fixed dependency cycle(s) with /ocp/interconnect@44c00000/segment@200000/target-module@b000/i2c@0/tda19988@70
[    2.533862] /ocp/interconnect@44c00000/segment@200000/target-module@b000/i2c@0/tda19988@70: Fixed dependency cycle(s) with /ocp/interconnect@48000000/segment@300000/target-module@e000/lcdc@0
[    2.551230] omap_i2c 44e0b000.i2c: bus 0 rev0.11 at 400 kHz
[    2.559269] omap_gpio 44e07000.gpio: Could not set line 6 debounce to 200000 microseconds (-22)
[    2.568154] sdhci-omap 48060000.mmc: Got CD GPIO
[    2.573200] sdhci-omap 48060000.mmc: supply pbias not found, using dummy regulator
[    2.583231] sdhci-omap 48060000.mmc: supply vqmmc not found, using dummy regulator
[    2.592275] sdhci-omap 481d8000.mmc: supply pbias not found, using dummy regulator
[    2.600272] sdhci-omap 481d8000.mmc: supply vqmmc not found, using dummy regulator
[    2.638250] mmc0: SDHCI controller on 48060000.mmc [48060000.mmc] using External DMA
[    2.646576] mmc1: SDHCI controller on 481d8000.mmc [481d8000.mmc] using External DMA
[    2.655423] cpsw-switch 4a100000.switch: starting ndev. mode: dual_mac
[    2.701084] mmc0: new high speed SDHC card at address 5048
[    2.708164] mmcblk0: mmc0:5048 SD16G 14.4 GiB
[    2.716299]  mmcblk0: p1 p2
[    2.719689] mmcblk0: p2 size 31221760 extends beyond EOD, truncated
[    2.733135] SMSC LAN8710/LAN8720 4a101000.mdio:00: attached PHY driver (mii_bus:phy_addr=4a101000.mdio:00, irq=POLL)
[    2.745314] mmc1: new high speed MMC card at address 0001
[    2.752290] mmcblk1: mmc1:0001 MMC04G 3.60 GiB
[    2.764316]  mmcblk1: p1 p2
[    2.768590] mmcblk1boot0: mmc1:0001 MMC04G 2.00 MiB
[    2.776006] mmcblk1boot1: mmc1:0001 MMC04G 2.00 MiB
[    2.783580] mmcblk1rpmb: mmc1:0001 MMC04G 128 KiB, chardev (250:0)
[    5.922656] cpsw-switch 4a100000.switch eth0: Link is Up - 100Mbps/Full - flow control off
[    5.962110] IP-Config: Complete:
[    5.965384]      device=eth0, hwaddr=6c:ec:eb:68:de:78, ipaddr=192.168.255.1, mask=255.255.255.0, gw=255.255.255.255
[    5.976058]      host=bbb1, domain=, nis-domain=(none)
[    5.981227]      bootserver=192.168.255.126, rootserver=192.168.255.126, rootpath=
[    5.981679] clk: Disabling unused clocks
[    5.993532] PM: genpd: Disabling unused power domains
[    5.998652] KTAP version 1
[    6.001374] 1..0
[    6.026371] VFS: Mounted root (nfs filesystem) on device 0:17.
[    6.033551] devtmpfs: mounted
[    6.038220] Freeing unused kernel image (initmem) memory: 1024K
[    6.045180] Run /sbin/init as init process
[    6.767975] systemd[1]: System time before build time, advancing clock.
[    8.221891] random: crng init done
[    8.264066] systemd[1]: systemd 232 running in system mode. (+PAM +AUDIT +SELINUX +IMA +APPARMOR +SMACK +SYSVINIT +UTMP +LIBCRYPTSETUP +GCRYPT +GNUTLS +ACL +XZ +LZ4 +SECCOMP +BLKID +ELFUTILS +KMOD +IDN)
[    8.283122] systemd[1]: Detected architecture arm.

Welcome to [1mDebian GNU/Linux 9 (stretch)[0m!

[    8.314955] systemd[1]: Set hostname to <arm>.
[    9.417780] systemd[1]: Started Dispatch Password Requests to Console Directory Watch.
[[0;32m  OK  [0m] Started Dispatch Password Requests to Console Directory Watch.
[    9.454180] systemd[1]: Listening on Journal Socket.
[[0;32m  OK  [0m] Listening on Journal Socket.
[    9.482641] systemd[1]: Listening on Syslog Socket.
[[0;32m  OK  [0m] Listening on Syslog Socket.
[    9.512706] systemd[1]: Started Forward Password Requests to Wall Directory Watch.
[[0;32m  OK  [0m] Started Forward Password Requests to Wall Directory Watch.
[    9.542490] systemd[1]: Listening on udev Kernel Socket.
[[0;32m  OK  [0m] Listening on udev Kernel Socket.
[    9.572223] systemd[1]: Reached target Remote File Systems.
[[0;32m  OK  [0m] Reached target Remote File Systems.
[    9.603876] systemd[1]: Listening on udev Control Socket.
[[0;32m  OK  [0m] Listening on udev Control Socket.
[[0;32m  OK  [0m] Listening on Journal Audit Socket.
[[0;32m  OK  [0m] Listening on /dev/initctl Compatibility Named Pipe.
[[0;32m  OK  [0m] Set up automount Arbitrary Executabâ€¦rmats File System Automount Point.
[[0;32m  OK  [0m] Reached target Encrypted Volumes.
[[0;32m  OK  [0m] Reached target Swap.
[[0;32m  OK  [0m] Listening on Journal Socket (/dev/log).
[[0;32m  OK  [0m] Created slice System Slice.
         Mounting Debug File System...
[[0;32m  OK  [0m] Created slice system-serial\x2dgetty.slice.
         Starting Load Kernel Modules...
[[0;32m  OK  [0m] Created slice system-getty.slice.
         Starting Remount Root and Kernel File Systems...
         Mounting POSIX Message Queue File System...
[[0;32m  OK  [0m] Reached target Paths.
[[0;32m  OK  [0m] Created slice User and Session Slice.
[[0;32m  OK  [0m] Reached target Slices.
         Starting Create list of required stâ€¦ce nodes for the current kernel...
         Starting Journal Service...
[[0;32m  OK  [0m] Mounted POSIX Message Queue File System.
[[0;32m  OK  [0m] Mounted Debug File System.
[[0;32m  OK  [0m] Started Load Kernel Modules.
[[0;32m  OK  [0m] Started Remount Root and Kernel File Systems.
[[0;32m  OK  [0m] Started Create list of required staâ€¦vice nodes for the current kernel.
         Starting Create Static Device Nodes in /dev...
         Starting udev Coldplug all Devices...
         Starting Load/Save Random Seed...
         Starting Apply Kernel Variables...
         Mounting Configuration File System...
[[0;32m  OK  [0m] Mounted Configuration File System.
[[0;32m  OK  [0m] Started Apply Kernel Variables.
[[0;32m  OK  [0m] Started Load/Save Random Seed.
[[0;32m  OK  [0m] Started Create Static Device Nodes in /dev.
         Starting udev Kernel Device Manager...
[[0;32m  OK  [0m] Reached target Local File Systems (Pre).
[[0;32m  OK  [0m] Reached target Local File Systems.
         Starting Raise network interfaces...
[[0;32m  OK  [0m] Started Journal Service.
         Starting Flush Journal to Persistent Storage...
[   11.945942] systemd-journald[85]: Received request to flush runtime journal from PID 1
[[0;32m  OK  [0m] Started Flush Journal to Persistent Storage.
         Starting Create Volatile Files and Directories...
[[0;32m  OK  [0m] Started udev Kernel Device Manager.
[[0;32m  OK  [0m] Started Create Volatile Files and Directories.
         Starting Update UTMP about System Boot/Shutdown...
         Starting Network Time Synchronization...
[[0;32m  OK  [0m] Started Update UTMP about System Boot/Shutdown.
[[0;32m  OK  [0m] Started udev Coldplug all Devices.
[   15.073874] remoteproc remoteproc0: wkup_m3 is available
[   15.243843] am335x-phy-driver 47401300.usb-phy: dummy supplies not allowed for exclusive requests (id=vbus)
[   15.389901] at24 2-0054: supply vcc not found, using dummy regulator
[   15.397641] usbcore: registered new interface driver usbfs
[   15.403468] usbcore: registered new interface driver hub
[   15.408928] usbcore: registered new device driver usb
[   15.430363] am335x-phy-driver 47401b00.usb-phy: dummy supplies not allowed for exclusive requests (id=vbus)
[   15.499012] at24 2-0055: supply vcc not found, using dummy regulator
[   15.622055] at24 2-0056: supply vcc not found, using dummy regulator
[[0;32m  OK  [0m] Found device /dev/ttyS0.
[   15.722882] at24 2-0057: supply vcc not found, using dummy regulator
[   15.887203] at24 0-0050: 32768 byte 24c256 EEPROM, writable, 1 bytes/write
[   15.975422] tps6521x_pwrbutton tps65217-pwrbutton: DMA mask not set
[   16.062744] input: tps65217_pwrbutton as /devices/platform/ocp/44c00000.interconnect/44c00000.interconnect:segment@200000/44e0b000.target-module/44e0b000.i2c/i2c-0/0-0024/tps65217-pwrbutton/input/input0
[[0;32m  OK  [0m] Started Network Time Synchronization.
[   16.321072] wkup_m3_ipc 44e11324.wkup_m3_ipc: IPC Request for A8->M3 Channel failed! -517
[[0;32m  OK  [0m] Reached target System Initialization.
