Labgrid Console Logfile for main
Logfile started at 2024-10-29 08:28:26.597605
=== Log starts here ===
reading args
spl_load_image_fat_os: error reading image args, err - -1
reading u-boot.img
reading u-boot.img


U-Boot 2014.04-00014-g47880f5 (Apr 22 2014 - 13:23:54)

I2C:   ready
DRAM:  512 MiB
NAND:  0 MiB
MMC:   OMAP SD/MMC: 0, OMAP SD/MMC: 1
*** Warning - readenv() failed, using default environment

Net:   <ethaddr> not set. Validating first E-fuse MAC
Could not get PHY for cpsw: addr 0
cpsw, usb_ether
Hit any key to stop autoboot:  1  0 
gpio: pin 53 (gpio 53) value is 1
mmc0 is current device
gpio: pin 54 (gpio 54) value is 1
SD/MMC found on device 0
reading uEnv.txt
569 bytes read in 3 ms (184.6 KiB/s)
gpio: pin 55 (gpio 55) value is 1
Loaded environment from uEnv.txt
Importing environment from mmc ...
Checking if uenvcmd is set ...
gpio: pin 56 (gpio 56) value is 1
Running uenvcmd ...
Using cpsw device
TFTP from server 192.168.255.126; our IP address is 192.168.255.1
Filename 'zImage'.
Load address: 0x81000000
Loading: *T T T T T T T T T T T T T T Labgrid Console Logfile for main
Logfile started at 2024-10-29 08:29:48.804414
=== Log starts here ===
reading args
spl_load_image_fat_os: error reading image args, err - -1
reading u-boot.img
reading u-boot.img


U-Boot 2014.04-00014-g47880f5 (Apr 22 2014 - 13:23:54)

I2C:   ready
DRAM:  512 MiB
NAND:  0 MiB
MMC:   OMAP SD/MMC: 0, OMAP SD/MMC: 1
*** Warning - readenv() failed, using default environment

Net:   <ethaddr> not set. Validating first E-fuse MAC
cpsw, usb_ether
Hit any key to stop autoboot:  1  0 
gpio: pin 53 (gpio 53) value is 1
mmc0 is current device
gpio: pin 54 (gpio 54) value is 1
SD/MMC found on device 0
reading uEnv.txt
569 bytes read in 4 ms (138.7 KiB/s)
gpio: pin 55 (gpio 55) value is 1
Loaded environment from uEnv.txt
Importing environment from mmc ...
Checking if uenvcmd is set ...
gpio: pin 56 (gpio 56) value is 1
Running uenvcmd ...
cpsw Waiting for PHY auto negotiation to complete. done
link up on port 0, speed 100, full duplex
Using cpsw device
TFTP from server 192.168.255.126; our IP address is 192.168.255.1
Filename 'zImage'.
Load address: 0x81000000
Loading: *T #################################################################
	 #################################################################
	 #################################################################
	 #################################################################
	 #################################################################
	 ####################################################
	 752 KiB/s
done
Bytes transferred = 5522736 (544530 hex)
link up on port 0, speed 100, full duplex
Using cpsw device
TFTP from server 192.168.255.126; our IP address is 192.168.255.1
Filename 'am335x-boneblack.dtb'.
Load address: 0x82000000
Loading: *#######
	 2.2 MiB/s
done
Bytes transferred = 98244 (17fc4 hex)
Kernel image @ 0x81000000 [ 0x000000 - 0x544530 ]
## Flattened Device Tree blob at 82000000
   Booting using the fdt blob at 0x82000000
   Using Device Tree in place at 82000000, end 8201afc3

Starting kernel ...

[    0.000000] Booting Linux on physical CPU 0x0
[    0.000000] Linux version 6.12.0-rc5-next-20241029 (user01@drvtest01) (arm-linux-gnueabihf-gcc (Linaro GCC 6.4-2017.11) 6.4.1 20171012, GNU ld (Linaro_Binutils-2017.11) 2.27.0.20161229) #125 SMP Tue Oct 29 08:26:20 EET 2024
[    0.000000] CPU: ARMv7 Processor [413fc082] revision 2 (ARMv7), cr=10c5387d
[    0.000000] CPU: PIPT / VIPT nonaliasing data cache, VIPT aliasing instruction cache
[    0.000000] OF: fdt: Machine model: TI AM335x BeagleBone Black
[    0.000000] Memory policy: Data cache writeback
[    0.000000] cma: Reserved 16 MiB at 0x9e800000 on node -1
[    0.000000] Zone ranges:
[    0.000000]   Normal   [mem 0x0000000080000000-0x000000009fdfffff]
[    0.000000]   HighMem  empty
[    0.000000] Movable zone start for each node
[    0.000000] Early memory node ranges
[    0.000000]   node   0: [mem 0x0000000080000000-0x000000009fdfffff]
[    0.000000] Initmem setup node 0 [mem 0x0000000080000000-0x000000009fdfffff]
[    0.000000] OF: reserved mem: Reserved memory: No reserved-memory node in the DT
[    0.000000] CPU: All CPU(s) started in SVC mode.
[    0.000000] AM335X ES2.1 (sgx neon)
[    0.000000] percpu: Embedded 17 pages/cpu s39756 r8192 d21684 u69632
[    0.000000] Kernel command line: console=ttyO0,115200n8 root=/dev/nfs rw nfsroot=192.168.255.126:/home/user01/nfs,nfsvers=3 ip=192.168.255.1:192.168.255.126::255.255.255.0:bbb1:eth0 nfsrootdebug
[    0.000000] Unknown kernel command line parameters "nfsrootdebug", will be passed to user space.
[    0.000000] printk: log buffer data + meta data: 65536 + 204800 = 270336 bytes
[    0.000000] Dentry cache hash table entries: 65536 (order: 6, 262144 bytes, linear)
[    0.000000] Inode-cache hash table entries: 32768 (order: 5, 131072 bytes, linear)
[    0.000000] Built 1 zonelists, mobility grouping on.  Total pages: 130560
[    0.000000] mem auto-init: stack:off, heap alloc:off, heap free:off
[    0.000000] SLUB: HWalign=64, Order=0-3, MinObjects=0, CPUs=1, Nodes=1
[    0.000000] trace event string verifier disabled
[    0.000000] rcu: Hierarchical RCU implementation.
[    0.000000] rcu: 	RCU event tracing is enabled.
[    0.000000] rcu: 	RCU restricting CPUs from NR_CPUS=2 to nr_cpu_ids=1.
[    0.000000] 	Tracing variant of Tasks RCU enabled.
[    0.000000] rcu: RCU calculated value of scheduler-enlistment delay is 10 jiffies.
[    0.000000] rcu: Adjusting geometry for rcu_fanout_leaf=16, nr_cpu_ids=1
[    0.000000] RCU Tasks Trace: Setting shift to 0 and lim to 1 rcu_task_cb_adjust=1 rcu_task_cpu_ids=1.
[    0.000000] NR_IRQS: 16, nr_irqs: 16, preallocated irqs: 16
[    0.000000] IRQ: Found an INTC at 0x(ptrval) (revision 5.0) with 128 interrupts
[    0.000000] rcu: srcu_init: Setting srcu_struct sizes based on contention.
[    0.000000] TI gptimer clocksource: always-on /ocp/interconnect@44c00000/segment@200000/target-module@31000
[    0.000003] sched_clock: 32 bits at 24MHz, resolution 41ns, wraps every 89478484971ns
[    0.000027] clocksource: dmtimer: mask: 0xffffffff max_cycles: 0xffffffff, max_idle_ns: 79635851949 ns
[    0.000507] TI gptimer clockevent: 24000000 Hz at /ocp/interconnect@48000000/segment@0/target-module@40000
[    0.002165] Console: colour dummy device 80x30
[    0.002231] WARNING: Your 'console=ttyO0' has been replaced by 'ttyS0'
[    0.002239] This ensures that you still see kernel messages. Please
[    0.002244] update your kernel commandline.
[    0.002285] Calibrating delay loop... 996.14 BogoMIPS (lpj=4980736)
[    0.090561] CPU: Testing write buffer coherency: ok
[    0.090681] CPU0: Spectre v2: using BPIALL workaround
[    0.090693] pid_max: default: 32768 minimum: 301
[    0.090825] LSM: initializing lsm=capability
[    0.091001] Mount-cache hash table entries: 1024 (order: 0, 4096 bytes, linear)
[    0.091020] Mountpoint-cache hash table entries: 1024 (order: 0, 4096 bytes, linear)
[    0.092655] CPU0: thread -1, cpu 0, socket -1, mpidr 0
[    0.160943] Setting up static identity map for 0x80100000 - 0x80100078
[    0.170718] rcu: Hierarchical SRCU implementation.
[    0.170733] rcu: 	Max phase no-delay instances is 1000.
[    0.190784] smp: Bringing up secondary CPUs ...
[    0.190842] smp: Brought up 1 node, 1 CPU
[    0.190859] SMP: Total of 1 processors activated (996.14 BogoMIPS).
[    0.190872] CPU: All CPU(s) started in SVC mode.
[    0.191065] Memory: 480868K/522240K available (11264K kernel code, 1208K rwdata, 2892K rodata, 1024K init, 298K bss, 23360K reserved, 16384K cma-reserved, 0K highmem)
[    0.191928] devtmpfs: initialized
[    0.208933] VFP support v0.3: implementor 41 architecture 3 part 30 variant c rev 3
[    0.209288] clocksource: jiffies: mask: 0xffffffff max_cycles: 0xffffffff, max_idle_ns: 19112604462750000 ns
[    0.209321] futex hash table entries: 256 (order: 2, 16384 bytes, linear)
[    0.210826] pinctrl core: initialized pinctrl subsystem
[    0.213652] NET: Registered PF_NETLINK/PF_ROUTE protocol family
[    0.216506] DMA: preallocated 256 KiB pool for atomic coherent allocations
[    0.217430] audit: initializing netlink subsys (disabled)
[    0.218876] thermal_sys: Registered thermal governor 'fair_share'
[    0.218892] thermal_sys: Registered thermal governor 'step_wise'
[    0.218901] thermal_sys: Registered thermal governor 'user_space'
[    0.219061] audit: type=2000 audit(0.210:1): state=initialized audit_enabled=0 res=1
[    0.219102] cpuidle: using governor menu
[    0.238283] No ATAGs?
[    0.238308] hw-breakpoint: debug architecture 0x4 unsupported.
[    0.241193] kprobes: kprobe jump-optimization is enabled. All kprobes are optimized if possible.
[    0.254057] iommu: Default domain type: Translated
[    0.254080] iommu: DMA domain TLB invalidation policy: strict mode
[    0.261771] SCSI subsystem initialized
[    0.262619] pps_core: LinuxPPS API ver. 1 registered
[    0.262631] pps_core: Software ver. 5.3.6 - Copyright 2005-2007 Rodolfo Giometti <giometti@linux.it>
[    0.262655] PTP clock support registered
[    0.270887] vgaarb: loaded
[    0.271302] clocksource: Switched to clocksource dmtimer
[    0.271960] VFS: Disk quotas dquot_6.6.0
[    0.272002] VFS: Dquot-cache hash table entries: 1024 (order 0, 4096 bytes)
[    0.296276] NET: Registered PF_INET protocol family
[    0.296628] IP idents hash table entries: 8192 (order: 4, 65536 bytes, linear)
[    0.298038] tcp_listen_portaddr_hash hash table entries: 512 (order: 0, 4096 bytes, linear)
[    0.298078] Table-perturb hash table entries: 65536 (order: 6, 262144 bytes, linear)
[    0.298100] TCP established hash table entries: 4096 (order: 2, 16384 bytes, linear)
[    0.298145] TCP bind hash table entries: 4096 (order: 4, 65536 bytes, linear)
[    0.298245] TCP: Hash tables configured (established 4096 bind 4096)
[    0.298364] UDP hash table entries: 256 (order: 1, 8192 bytes, linear)
[    0.298393] UDP-Lite hash table entries: 256 (order: 1, 8192 bytes, linear)
[    0.298569] NET: Registered PF_UNIX/PF_LOCAL protocol family
[    0.299846] RPC: Registered named UNIX socket transport module.
[    0.299867] RPC: Registered udp transport module.
[    0.299873] RPC: Registered tcp transport module.
[    0.299879] RPC: Registered tcp-with-tls transport module.
[    0.299884] RPC: Registered tcp NFSv4.1 backchannel transport module.
[    0.299909] PCI: CLS 0 bytes, default 64
[    0.301531] Initialise system trusted keyrings
[    0.312165] workingset: timestamp_bits=14 max_order=17 bucket_order=3
[    0.313508] NFS: Registering the id_resolver key type
[    0.313604] Key type id_resolver registered
[    0.313612] Key type id_legacy registered
[    0.313663] jffs2: version 2.2. (NAND) (SUMMARY)  Â© 2001-2006 Red Hat, Inc.
[    0.314068] Key type asymmetric registered
[    0.314081] Asymmetric key parser 'x509' registered
[    0.314147] io scheduler mq-deadline registered
[    0.314159] io scheduler kyber registered
[    0.314227] io scheduler bfq registered
[    0.315864] ledtrig-cpu: registered to indicate activity on CPUs
[    0.321884] Serial: 8250/16550 driver, 6 ports, IRQ sharing enabled
[    0.372991] brd: module loaded
[    0.393711] loop: module loaded
[    0.394641] mtdoops: mtd device (mtddev=name/number) must be supplied
[    0.397759] i2c_dev: i2c /dev entries driver
[    0.398747] cpuidle: enable-method property 'ti,am3352' found operations
[    0.399198] sdhci: Secure Digital Host Controller Interface driver
[    0.399210] sdhci: Copyright(c) Pierre Ossman
[    0.399382] sdhci-pltfm: SDHCI platform and OF driver helper
[    0.400394] Initializing XFRM netlink socket
[    0.400551] NET: Registered PF_INET6 protocol family
[    0.402742] Segment Routing with IPv6
[    0.402836] In-situ OAM (IOAM) with IPv6
[    0.402937] sit: IPv6, IPv4 and MPLS over IPv4 tunneling driver
[    0.403901] NET: Registered PF_PACKET protocol family
[    0.403936] NET: Registered PF_KEY protocol family
[    0.404060] Key type dns_resolver registered
[    0.404335] ThumbEE CPU extension supported.
[    0.404356] Registering SWP/SWPB emulation handler
[    0.404886] omap_voltage_late_init: Voltage driver support not added
[    0.405237] SmartReflex Class3 initialized
[    0.440146] Loading compiled-in X.509 certificates
[    0.522650] platform 44e10800.pinmux: Fixed dependency cycle(s) with /ocp/interconnect@44c00000/segment@200000/target-module@10000/scm@0/pinmux@800/clkout2-pins
[    0.523205] pinctrl-single 44e10800.pinmux: 142 pins, size 568
[    0.528225] ti-sysc 44e31000.target-module: probe with driver ti-sysc failed with error -16
[    0.567529] ti-sysc 48040000.target-module: probe with driver ti-sysc failed with error -16
[    0.619435] OMAP GPIO hardware version 0.1
[    0.643919] omap_i2c 4819c000.i2c: bus 2 rev0.11 at 100 kHz
[    0.673220] 48000000.interconnect:segment@200000:target-module@0:mpu@0:fck: device ID is greater than 24
[    0.677320] platform 4830e000.lcdc: Fixed dependency cycle(s) with /ocp/interconnect@44c00000/segment@200000/target-module@b000/i2c@0/tda19988@70
[    0.688640] sdhci-omap 481d8000.mmc: supply pbias not found, using dummy regulator
[    0.689160] sdhci-omap 481d8000.mmc: supply vqmmc not found, using dummy regulator
[    0.737015] davinci_mdio 4a101000.mdio: davinci mdio revision 1.6, bus freq 1000000
[    0.851618] davinci_mdio 4a101000.mdio: phy[0]: device 4a101000.mdio:00, driver SMSC LAN8710/LAN8720
[    0.852411] cpsw-switch 4a100000.switch: initialized cpsw ale version 1.4
[    0.852432] cpsw-switch 4a100000.switch: ALE Table size 1024, Policers 0
[    0.852579] cpsw-switch 4a100000.switch: cpts: overflow check period 500 (jiffies)
[    0.852597] cpsw-switch 4a100000.switch: CPTS: ref_clk_freq:250000000 calc_mult:2147483648 calc_shift:29 error:0 nsec/sec
[    0.852704] cpsw-switch 4a100000.switch: Detected MACID = 6c:ec:eb:68:de:78
[    0.854530] cpsw-switch 4a100000.switch: initialized (regs 0x4a100000, pool size 256) hw_ver:0019010C 1.12 (0)
[    0.865445] debugfs: Directory '49000000.dma' with parent 'dmaengine' already present!
[    0.865486] edma 49000000.dma: TI EDMA DMA engine driver
[    0.884352] target-module@4b000000:target-module@140000:pmu@0:fck: device ID is greater than 24
[    0.906040] hw perfevents: enabled with armv7_cortex_a8 PMU driver, 5 (8000000f) counters available
[    0.913811] l3-aon-clkctrl:0000:0: failed to disable
[    0.916766] 44e09000.serial: ttyS0 at MMIO 0x44e09000 (irq = 34, base_baud = 3000000) is a 8250
[    0.916855] printk: legacy console [ttyS0] enabled
[    2.302296] tps65217-pmic: Failed to locate of_node [id: -1]
[    2.308377] tps65217-bl: Failed to locate of_node [id: -1]
[    2.319860] tps65217 0-0024: TPS65217 ID 0xe version 1.2
[    2.326006] platform 4830e000.lcdc: Fixed dependency cycle(s) with /ocp/interconnect@44c00000/segment@200000/target-module@b000/i2c@0/tda19988@70
[    2.339462] i2c 0-0070: Fixed dependency cycle(s) with /ocp/interconnect@48000000/segment@300000/target-module@e000/lcdc@0
[    2.350873] omap_i2c 44e0b000.i2c: bus 0 rev0.11 at 400 kHz
[    2.358719] omap_gpio 44e07000.gpio: Could not set line 6 debounce to 200000 microseconds (-22)
[    2.367601] sdhci-omap 48060000.mmc: Got CD GPIO
[    2.372650] sdhci-omap 48060000.mmc: supply pbias not found, using dummy regulator
[    2.383066] sdhci-omap 48060000.mmc: supply vqmmc not found, using dummy regulator
[    2.392190] sdhci-omap 481d8000.mmc: supply pbias not found, using dummy regulator
[    2.400189] sdhci-omap 481d8000.mmc: supply vqmmc not found, using dummy regulator
[    2.435396] mmc0: SDHCI controller on 48060000.mmc [48060000.mmc] using External DMA
[    2.443732] mmc1: SDHCI controller on 481d8000.mmc [481d8000.mmc] using External DMA
[    2.452524] cpsw-switch 4a100000.switch: starting ndev. mode: dual_mac
[    2.503707] mmc0: new high speed SDHC card at address 5048
[    2.510781] mmcblk0: mmc0:5048 SD16G 14.4 GiB
[    2.518974]  mmcblk0: p1 p2
[    2.522457] mmcblk0: p2 size 31221760 extends beyond EOD, truncated
[    2.532592] SMSC LAN8710/LAN8720 4a101000.mdio:00: attached PHY driver (mii_bus:phy_addr=4a101000.mdio:00, irq=POLL)
[    2.552882] mmc1: new high speed MMC card at address 0001
[    2.559701] mmcblk1: mmc1:0001 MMC04G 3.60 GiB
[    2.567400]  mmcblk1: p1 p2
[    2.571827] mmcblk1boot0: mmc1:0001 MMC04G 2.00 MiB
[    2.578866] mmcblk1boot1: mmc1:0001 MMC04G 2.00 MiB
[    2.586178] mmcblk1rpmb: mmc1:0001 MMC04G 128 KiB, chardev (250:0)
[    5.682099] cpsw-switch 4a100000.switch eth0: Link is Up - 100Mbps/Full - flow control off
[    5.721539] IP-Config: Complete:
[    5.724814]      device=eth0, hwaddr=6c:ec:eb:68:de:78, ipaddr=192.168.255.1, mask=255.255.255.0, gw=255.255.255.255
[    5.735486]      host=bbb1, domain=, nis-domain=(none)
[    5.740657]      bootserver=192.168.255.126, rootserver=192.168.255.126, rootpath=
[    5.741089] clk: Disabling unused clocks
[    5.752930] PM: genpd: Disabling unused power domains
[    5.758046] KTAP version 1
[    5.760770] 1..0
[    5.786385] VFS: Mounted root (nfs filesystem) on device 0:17.
[    5.793585] devtmpfs: mounted
[    5.798257] Freeing unused kernel image (initmem) memory: 1024K
[    5.805178] Run /sbin/init as init process
[    6.518946] systemd[1]: System time before build time, advancing clock.
[    8.001322] random: crng init done
[    8.042509] systemd[1]: systemd 232 running in system mode. (+PAM +AUDIT +SELINUX +IMA +APPARMOR +SMACK +SYSVINIT +UTMP +LIBCRYPTSETUP +GCRYPT +GNUTLS +ACL +XZ +LZ4 +SECCOMP +BLKID +ELFUTILS +KMOD +IDN)
[    8.061743] systemd[1]: Detected architecture arm.

Welcome to [1mDebian GNU/Linux 9 (stretch)[0m!

[    8.094610] systemd[1]: Set hostname to <arm>.
[    9.224324] systemd[1]: Listening on udev Kernel Socket.
[[0;32m  OK  [0m] Listening on udev Kernel Socket.
[    9.242261] systemd[1]: Started Forward Password Requests to Wall Directory Watch.
[[0;32m  OK  [0m] Started Forward Password Requests to Wall Directory Watch.
[    9.273581] systemd[1]: Listening on Journal Socket.
[[0;32m  OK  [0m] Listening on Journal Socket.
[    9.303034] systemd[1]: Created slice System Slice.
[[0;32m  OK  [0m] Created slice System Slice.
[    9.361899] systemd[1]: Mounting POSIX Message Queue File System...
         Mounting POSIX Message Queue File System...
[    9.404328] systemd[1]: Starting Load Kernel Modules...
         Starting Load Kernel Modules...
[    9.427323] systemd[1]: Created slice system-getty.slice.
[[0;32m  OK  [0m] Created slice system-getty.slice.
         Starting Remount Root and Kernel File Systems...
[[0;32m  OK  [0m] Listening on udev Control Socket.
         Mounting Debug File System...
[[0;32m  OK  [0m] Reached target Swap.
[[0;32m  OK  [0m] Listening on Journal Socket (/dev/log).
[[0;32m  OK  [0m] Listening on Journal Audit Socket.
[[0;32m  OK  [0m] Set up automount Arbitrary Executabâ€¦rmats File System Automount Point.
         Starting Create list of required stâ€¦ce nodes for the current kernel...
[[0;32m  OK  [0m] Started Dispatch Password Requests to Console Directory Watch.
[[0;32m  OK  [0m] Reached target Encrypted Volumes.
[[0;32m  OK  [0m] Listening on /dev/initctl Compatibility Named Pipe.
[[0;32m  OK  [0m] Created slice User and Session Slice.
[[0;32m  OK  [0m] Reached target Slices.
[[0;32m  OK  [0m] Listening on Syslog Socket.
         Starting Journal Service...
[[0;32m  OK  [0m] Created slice system-serial\x2dgetty.slice.
[[0;32m  OK  [0m] Reached target Paths.
[[0;32m  OK  [0m] Reached target Remote File Systems.
[[0;32m  OK  [0m] Mounted POSIX Message Queue File System.
[[0;32m  OK  [0m] Mounted Debug File System.
[[0;32m  OK  [0m] Started Load Kernel Modules.
[[0;32m  OK  [0m] Started Remount Root and Kernel File Systems.
[[0;32m  OK  [0m] Started Create list of required staâ€¦vice nodes for the current kernel.
         Starting Create Static Device Nodes in /dev...
         Starting Load/Save Random Seed...
         Starting udev Coldplug all Devices...
         Mounting Configuration File System...
         Starting Apply Kernel Variables...
[[0;32m  OK  [0m] Mounted Configuration File System.
[[0;32m  OK  [0m] Started Load/Save Random Seed.
[[0;32m  OK  [0m] Started Apply Kernel Variables.
[[0;32m  OK  [0m] Started Create Static Device Nodes in /dev.
[[0;32m  OK  [0m] Reached target Local File Systems (Pre).
[[0;32m  OK  [0m] Reached target Local File Systems.
         Starting Raise network interfaces...
         Starting udev Kernel Device Manager...
[[0;32m  OK  [0m] Started Journal Service.
         Starting Flush Journal to Persistent Storage...
[   11.513898] systemd-journald[94]: Received request to flush runtime journal from PID 1
[[0;32m  OK  [0m] Started Flush Journal to Persistent Storage.
         Starting Create Volatile Files and Directories...
[[0;32m  OK  [0m] Started udev Kernel Device Manager.
[[0;32m  OK  [0m] Started Create Volatile Files and Directories.
         Starting Network Time Synchronization...
         Starting Update UTMP about System Boot/Shutdown...
[[0;32m  OK  [0m] Started Update UTMP about System Boot/Shutdown.
[[0;32m  OK  [0m] Started udev Coldplug all Devices.
[   14.553445] remoteproc remoteproc0: wkup_m3 is available
[[0;32m  OK  [0m] Started Network Time Synchronization.
[[0;32m  OK  [0m] Reached target System Time Synchronized.
[[0;32m  OK  [0m] Reached target System Initialization.[   14.927239] omap_rtc 44e3e000.rtc: registered as rtc0

[   14.936744] omap_rtc 44e3e000.rtc: setting system clock to 2000-01-01T00:00:00 UTC (946684800)
[[0;32m  OK  [0m] Started Daily apt download activities.
[   15.032949] at24 2-0054: supply vcc not found, using dummy regulator
[[0;32m  OK  [0m] Listening on D-Bus System Message Bus Socket.
[   15.078434] omap_wdt: OMAP Watchdog Timer Rev 0x01: initial timeout 60 sec
[[0;32m  OK  [0m] Started Daily apt upgrade and clean activities.
[   15.156036] at24 2-0055: supply vcc not found, using dummy regulator
[[0;32m  OK  [0m] Listening on Avahi mDNS/DNS-SD Stack Activation Socket.
[[0;32m  OK  [0m] Reached target Sockets.
[[0;32m  OK  [0m] Reached target Basic System.[   15.283320] at24 2-0056: supply vcc not found, using dummy regulator

         Starting System Logging Service...
[   15.403190] at24 2-0057: supply vcc not found, using dummy regulator
         Starting LSB: Load kernel modules needed to enable cpufreq scaling...
[   15.552266] at24 0-0050: 32768 byte 24c256 EEPROM, writable, 1 bytes/write
         Starting Cape Manager Service...
[   15.763840] tps6521x_pwrbutton tps65217-pwrbutton: DMA mask not set
         Starting LSB: Start busybox udhcpd at boot time...
[   15.818975] am335x-phy-driver 47401300.usb-phy: dummy supplies not allowed for exclusive requests (id=vbus)
         Starting Generic Board Startup...
[   15.932504] input: tps65217_pwrbutton as /devices/platform/ocp/44c00000.interconnect/44c00000.interconnect:segment@200000/44e0b000.target-module/44e0b000.i2c/i2c-0/0-0024/tps65217-pwrbutton/input/input0
[   15.984618] wkup_m3_ipc 44e11324.wkup_m3_ipc: IPC Request for A8->M3 Channel failed! -517
[   16.087248] am335x-phy-driver 47401b00.usb-phy: dummy supplies not allowed for exclusive requests (id=vbus)
[   16.101074] wkup_m3_ipc 44e11324.wkup_m3_ipc: IPC Request for A8->M3 Channel failed! -517
         Starting Login Service...
[   16.299369] wkup_m3_ipc 44e11324.wkup_m3_ipc: IPC Request for A8->M3 Channel failed! -517
[[0;32m  OK  [0m] Started Regular background program processing daemon.
         Starting DUN service...
[   16.733372] usbcore: registered new interface driver usbfs
[   16.739015] usbcore: registered new interface driver hub
[   16.744619] usbcore: registered new device driver usb
         Starting Avahi mDNS/DNS-SD Stack...
[   16.848586] tda998x 0-0070: found TDA19988
[   16.992226] wkup_m3_ipc 44e11324.wkup_m3_ipc: IPC Request for A8->M3 Channel failed! -517
[[0;32m  OK  [0m] Started D-Bus System Message Bus.
[   17.637680] wkup_m3_ipc 44e11324.wkup_m3_ipc: IPC Request for A8->M3 Channel failed! -517
[   17.726501] musb-hdrc musb-hdrc.1: MUSB HDRC host driver
[   17.732072] musb-hdrc musb-hdrc.1: new USB bus registered, assigned bus number 1
[   17.782326] wkup_m3_ipc 44e11324.wkup_m3_ipc: IPC Request for A8->M3 Channel failed! -517
[   17.952389] omap-mailbox 480c8000.mailbox: omap mailbox rev 0x400
[   18.032584] usb usb1: New USB device found, idVendor=1d6b, idProduct=0002, bcdDevice= 6.12
[   18.041162] usb usb1: New USB device strings: Mfr=3, Product=2, SerialNumber=1
[   18.048543] usb usb1: Product: MUSB HDRC host driver
[   18.053576] usb usb1: Manufacturer: Linux 6.12.0-rc5-next-20241029 musb-hcd
[   18.060576] usb usb1: SerialNumber: musb-hdrc.1
[   18.103867] remoteproc remoteproc0: powering up wkup_m3
[   18.352518] remoteproc remoteproc0: Direct firmware load for am335x-pm-firmware.elf failed with error -2
[   18.363102] remoteproc remoteproc0: request_firmware failed: -2
[   18.369074] wkup_m3_ipc 44e11324.wkup_m3_ipc: rproc_boot failed
[   18.647933] hub 1-0:1.0: USB hub found
[   18.715735] hub 1-0:1.0: 1 port detected
[   20.536898] omap_rng 48310000.rng: Random Number Generator ver. 20
[   20.581849] tilcdc 4830e000.lcdc: bound 0-0070 (ops 0xbf060030)
[   20.630412] [drm] Initialized tilcdc 1.0.0 for 4830e000.lcdc on minor 0
[   20.680240] tilcdc 4830e000.lcdc: [drm] Cannot find any crtc or sizes
[   20.688629] tilcdc 4830e000.lcdc: [drm] Cannot find any crtc or sizes
[[0;32m  OK  [0m] Started Avahi mDNS/DNS-SD Stack.
[[0;32m  OK  [0m] Started DUN service.
         Starting Connection service...
[[0;32m  OK  [0m] Started Daily Cleanup of Temporary Directories.
[[0;32m  OK  [0m] Reached target Timers.
[   21.384909] PM: Cannot get wkup_m3_ipc handle
         Starting Telephony service...
[   21.522369] omap-sham 53100000.sham: hw accel on OMAP rev 4.3
[   21.683667] omap-sham 53100000.sham: will run requests pump with realtime priority
[   21.695868] PM: Cannot get wkup_m3_ipc handle
[   21.737619] omap-aes 53500000.aes: OMAP AES hw accel rev: 3.2
[[0;32m  OK  [0m] Started System Logging Service.
[[0;32m  OK  [0m] Started Cape Manager Service.
[   21.847135] omap-aes 53500000.aes: will run requests pump with realtime priority
[   21.859882] PM: Cannot get wkup_m3_ipc handle
[[0;32m  OK  [0m] Found device /dev/ttyS0.
[   24.397330] Bluetooth: Core ver 2.22
[   24.401160] NET: Registered PF_BLUETOOTH protocol family
[   24.406704] Bluetooth: HCI device and connection manager initialized
[   24.413192] Bluetooth: HCI socket layer initialized
[   24.418109] Bluetooth: L2CAP socket layer initialized
[   24.423259] Bluetooth: SCO socket layer initialized
[   25.121232] PM: Cannot get wkup_m3_ipc handle
[   25.263476] PM: Cannot get wkup_m3_ipc handle
[[0;32m  OK  [0m] Started LSB: Start busybox udhcpd at boot time.
[[0;32m  OK  [0m] Started LSB: Load kernel modules needed to enable cpufreq scaling.
[   28.369339] configfs-gadget.g_multi gadget.0: HOST MAC 1c:ba:8c:a2:ed:6c
[   28.376358] configfs-gadget.g_multi gadget.0: MAC 1c:ba:8c:a2:ed:70
[   28.383802] configfs-gadget.g_multi gadget.0: HOST MAC 1c:ba:8c:a2:ed:6c
[   28.390570] configfs-gadget.g_multi gadget.0: MAC 1c:ba:8c:a2:ed:6d
[[0;32m  OK  [0m] Started Raise network interfaces.[   28.403310] PM: Cannot get wkup_m3_ipc handle

[[0;32m  OK  [0m] Started Telephony service.
[[0;32m  OK  [0m] Started Connection service.
[[0;32m  OK  [0m] Started Login Service.
[[0;32m  OK  [0m] Reached target Sound Card.
[[0;32m  OK  [0m] Reached target Network.
         Starting OpenBSD Secure Shell server...
         Starting Permit User Sessions...
         Starting The Apache HTTP Server...
[[0;32m  OK  [0m] Reached target Network is Online.
         Starting LSB: Advanced IEEE 802.11 management daemon...
         Starting LSB: set CPUFreq kernel parameters...
[[0;32m  OK  [0m] Started Permit User Sessions.
[[0;32m  OK  [0m] Started LSB: Advanced IEEE 802.11 management daemon.
         Starting Hostname Service...
         Starting WPA supplicant...
[[0;32m  OK  [0m] Started Getty on tty1.
[[0;32m  OK  [0m] Started Serial Getty on ttyS0.
[[0;32m  OK  [0m] Reached target Login Prompts.
[[0;32m  OK  [0m] Started LSB: set CPUFreq kernel parameters.
[[0;32m  OK  [0m] Started WPA supplicant.
[[0;32m  OK  [0m] Started Hostname Service.
         Stopping LSB: Start busybox udhcpd at boot time...
[[0;32m  OK  [0m] Started OpenBSD Secure Shell server.
[[0;32m  OK  [0m] Stopped LSB: Start busybox udhcpd at boot time.
         Starting dnsmasq - A lightweight DHCP and caching DNS server...
[[0;32m  OK  [0m] Started The Apache HTTP Server.
[[0;32m  OK  [0m] Started dnsmasq - A lightweight DHCP and caching DNS server.
[[0;32m  OK  [0m] Reached target Host and Network Name Lookups.
[[0;32m  OK  [0m] Started Serial Getty on ttyGS0.
[[0;32m  OK  [0m] Started Generic Board Startup.
[[0;32m  OK  [0m] Reached target Multi-User System.
[[0;32m  OK  [0m] Reached target Graphical Interface.
         Starting Update UTMP about System Runlevel Changes...
[[0;32m  OK  [0m] Started Update UTMP about System Runlevel Changes.

Debian GNU/Linux 9 arm ttyS0

default username:password is [debian:temppwd]

arm login: root
Password: 
Last login: Sat Dec  9 19:10:31 UTC 2017 on ttyS0
root
Linux arm 6.12.0-rc5-next-20241029 #125 SMP Tue Oct 29 08:26:20 EET 2024 armv7l

The programs included with the Debian GNU/Linux system are free software;
the exact distribution terms for each program are described in the
individual files in /usr/share/doc/*/copyright.

Debian GNU/Linux comes with ABSOLUTELY NO WARRANTY, to the extent
permitted by applicable law.
root@arm:~# root
dmesg -n 1
-bash: root: command not found
root@arm:~# dmesg -n 1
root@arm:~# echo 'AHNU''CYXXOZ'
AHNUCYXXOZ
root@arm:~# run() { echo -n "$MARKER"; sh -c "$@"; echo "$MARKER $?"; }
root@arm:~# echo 'ZLGN''UQBCYZ'
ZLGNUQBCYZ
root@arm:~# MARKER='PLQH''AVMJHM' run 'cat /proc/version'
PLQHAVMJHMLinux version 6.12.0-rc5-next-20241029 (user01@drvtest01) (arm-linux-gnueabihf-gcc (Linaro GCC 6.4-2017.11) 6.4.1 20171012, GNU ld (Linaro_Binutils-2017.11) 2.27.0.20161229) #125 SMP Tue Oct 29 08:26:20 EET 2024
PLQHAVMJHM 0
root@arm:~# echo 'YLQA''HCLHMV'
YLQAHCLHMV
root@arm:~# MARKER='CXCB''OQYXVQ' run false
CXCBOQYXVQCXCBOQYXVQ 1
root@arm:~# Labgrid Console Logfile for main
Logfile started at 2024-10-29 08:30:58.936106
=== Log starts here ===

root@arm:~# run() { echo -n "$MARKER"; sh -c "$@"; echo "$MARKER $?"; }
root@arm:~# echo 'YAFV''ETHNGZ'
YAFVETHNGZ
root@arm:~# MARKER='VHVT''HUYPQJ' run 'insmod /mva_overlay.ko'
VHVTHUYPQJVHVTHUYPQJ 0
root@arm:~# echo 'SWVN''NSMJJA'
SWVNNSMJJA
root@arm:~# MARKER='XZPM''HOFGYY' run lsmod
XZPMHOFGYYModule                  Size  Used by
mva_overlay            65536  0
usb_f_acm              12288  2
u_serial               16384  3 usb_f_acm
usb_f_ecm              16384  2
usb_f_rndis            24576  2
u_ether                16384  2 usb_f_ecm,usb_f_rndis
iptable_nat            12288  0
nf_nat                 36864  1 iptable_nat
libcomposite           57344  15 usb_f_ecm,usb_f_acm,u_ether,usb_f_rndis
nf_conntrack          110592  1 nf_nat
nf_defrag_ipv6         16384  1 nf_conntrack
nf_defrag_ipv4         12288  1 nf_conntrack
iptable_mangle         12288  0
iptable_filter         12288  0
snd_soc_hdmi_codec     16384  1
evdev                  20480  0
bluetooth             610304  2
ecdh_generic           12288  1 bluetooth
ecc                    36864  1 ecdh_generic
snd_soc_simple_card    16384  0
snd_soc_simple_card_utils    20480  1 snd_soc_simple_card
omap_aes_driver        24576  0
omap_crypto            12288  1 omap_aes_driver
libaes                 12288  2 omap_aes_driver,bluetooth
omap_sham              28672  0
crypto_engine          12288  2 omap_aes_driver,omap_sham
pm33xx                 12288  0
ti_emif_sram           12288  1 pm33xx
tilcdc                 32768  0
omap_rng               12288  0
rng_core               16384  1 omap_rng
drm_dma_helper         16384  1 tilcdc
drm_client_lib         12288  1 tilcdc
snd_soc_davinci_mcasp    32768  2
snd_soc_ti_udma        12288  1 snd_soc_davinci_mcasp
snd_soc_ti_edma        12288  1 snd_soc_davinci_mcasp
snd_soc_ti_sdma        12288  1 snd_soc_davinci_mcasp
snd_soc_core          188416  7 snd_soc_davinci_mcasp,snd_soc_hdmi_codec,snd_soc_simple_card_utils,snd_soc_ti_sdma,snd_soc_ti_edma,snd_soc_ti_udma,snd_soc_simple_card
snd_pcm_dmaengine      12288  1 snd_soc_core
snd_pcm               110592  5 snd_soc_davinci_mcasp,snd_pcm_dmaengine,snd_soc_hdmi_codec,snd_soc_simple_card_utils,snd_soc_core
snd_timer              28672  1 snd_pcm
omap_mailbox           12288  1
snd                    61440  4 snd_soc_hdmi_codec,snd_timer,snd_soc_core,snd_pcm
musb_dsps              16384  0
soundcore              12288  1 snd
musb_hdrc             131072  1 musb_dsps
udc_core               45056  7 usb_f_ecm,usb_f_acm,u_serial,musb_hdrc,u_ether,usb_f_rndis,libcomposite
tda998x                20480  0
usbcore               225280  1 musb_hdrc
drm_kms_helper        118784  4 drm_dma_helper,tda998x,tilcdc,drm_client_lib
wkup_m3_ipc            12288  1 pm33xx
drm                   421888  6 drm_dma_helper,tda998x,tilcdc,drm_client_lib,drm_kms_helper
phy_am335x             12288  2
tps65218_pwrbutton     12288  0
phy_am335x_control     12288  1 phy_am335x
phy_generic            12288  1 phy_am335x
omap_wdt               12288  0
usb_common             12288  6 phy_am335x,udc_core,musb_hdrc,libcomposite,musb_dsps,usbcore
drm_panel_orientation_quirks    12288  1 drm
at24                   16384  0
rtc_omap               16384  2 pm33xx
watchdog               24576  1 omap_wdt
cppi41                 16384  60
wkup_m3_rproc          12288  1
leds_gpio              12288  0
led_class              12288  1 leds_gpio
cpufreq_dt             12288  0
ip_tables              20480  3 iptable_mangle,iptable_filter,iptable_nat
x_tables               24576  4 iptable_mangle,ip_tables,iptable_filter,iptable_nat
autofs4                40960  2
XZPMHOFGYY 0
root@arm:~# Labgrid Console Logfile for main
Logfile started at 2024-10-29 08:31:02.778664
=== Log starts here ===

root@arm:~# run() { echo -n "$MARKER"; sh -c "$@"; echo "$MARKER $?"; }
root@arm:~# echo 'TLVP''NBOEHF'
TLVPNBOEHF
root@arm:~# MARKER='KXPZ''VFAKPN' run 'dd if=/bd9576_test.dtbo of=/sys/kernel/mvaa_overlay/overlay_add bs=1M'
KXPZVFAKPN0+1 records in
0+1 records out
3397 bytes (3.4 kB, 3.3 KiB) copied, 0.0823463 s, 41.3 kB/s
KXPZVFAKPN 0
root@arm:~# echo 'OUPV''YBEULF'
OUPVYBEULF
root@arm:~# MARKER='PMYA''GCQCXB' run lsmod
PMYAGCQCXBModule                  Size  Used by
bd9576_wdt             12288  0
bd9576_regulator       16384  0
rohm_bd9576            12288  0
mva_overlay            65536  0
usb_f_acm              12288  2
u_serial               16384  3 usb_f_acm
usb_f_ecm              16384  2
usb_f_rndis            24576  2
u_ether                16384  2 usb_f_ecm,usb_f_rndis
iptable_nat            12288  0
nf_nat                 36864  1 iptable_nat
libcomposite           57344  15 usb_f_ecm,usb_f_acm,u_ether,usb_f_rndis
nf_conntrack          110592  1 nf_nat
nf_defrag_ipv6         16384  1 nf_conntrack
nf_defrag_ipv4         12288  1 nf_conntrack
iptable_mangle         12288  0
iptable_filter         12288  0
snd_soc_hdmi_codec     16384  1
evdev                  20480  0
bluetooth             610304  2
ecdh_generic           12288  1 bluetooth
ecc                    36864  1 ecdh_generic
snd_soc_simple_card    16384  0
snd_soc_simple_card_utils    20480  1 snd_soc_simple_card
omap_aes_driver        24576  0
omap_crypto            12288  1 omap_aes_driver
libaes                 12288  2 omap_aes_driver,bluetooth
omap_sham              28672  0
crypto_engine          12288  2 omap_aes_driver,omap_sham
pm33xx                 12288  0
ti_emif_sram           12288  1 pm33xx
tilcdc                 32768  0
omap_rng               12288  0
rng_core               16384  1 omap_rng
drm_dma_helper         16384  1 tilcdc
drm_client_lib         12288  1 tilcdc
snd_soc_davinci_mcasp    32768  2
snd_soc_ti_udma        12288  1 snd_soc_davinci_mcasp
snd_soc_ti_edma        12288  1 snd_soc_davinci_mcasp
snd_soc_ti_sdma        12288  1 snd_soc_davinci_mcasp
snd_soc_core          188416  7 snd_soc_davinci_mcasp,snd_soc_hdmi_codec,snd_soc_simple_card_utils,snd_soc_ti_sdma,snd_soc_ti_edma,snd_soc_ti_udma,snd_soc_simple_card
snd_pcm_dmaengine      12288  1 snd_soc_core
snd_pcm               110592  5 snd_soc_davinci_mcasp,snd_pcm_dmaengine,snd_soc_hdmi_codec,snd_soc_simple_card_utils,snd_soc_core
snd_timer              28672  1 snd_pcm
omap_mailbox           12288  1
snd                    61440  4 snd_soc_hdmi_codec,snd_timer,snd_soc_core,snd_pcm
musb_dsps              16384  0
soundcore              12288  1 snd
musb_hdrc             131072  1 musb_dsps
udc_core               45056  7 usb_f_ecm,usb_f_acm,u_serial,musb_hdrc,u_ether,usb_f_rndis,libcomposite
tda998x                20480  0
usbcore               225280  1 musb_hdrc
drm_kms_helper        118784  4 drm_dma_helper,tda998x,tilcdc,drm_client_lib
wkup_m3_ipc            12288  1 pm33xx
drm                   421888  6 drm_dma_helper,tda998x,tilcdc,drm_client_lib,drm_kms_helper
phy_am335x             12288  2
tps65218_pwrbutton     12288  0
phy_am335x_control     12288  1 phy_am335x
phy_generic            12288  1 phy_am335x
omap_wdt               12288  0
usb_common             12288  6 phy_am335x,udc_core,musb_hdrc,libcomposite,musb_dsps,usbcore
drm_panel_orientation_quirks    12288  1 drm
at24                   16384  0
rtc_omap               16384  2 pm33xx
watchdog               24576  2 bd9576_wdt,omap_wdt
cppi41                 16384  60
wkup_m3_rproc          12288  1
leds_gpio              12288  0
led_class              12288  1 leds_gpio
cpufreq_dt             12288  0
ip_tables              20480  3 iptable_mangle,iptable_filter,iptable_nat
x_tables               24576  4 iptable_mangle,ip_tables,iptable_filter,iptable_nat
autofs4                40960  2
PMYAGCQCXB 0
root@arm:~# Labgrid Console Logfile for main
Logfile started at 2024-10-29 08:31:08.559791
=== Log starts here ===

root@arm:~# run() { echo -n "$MARKER"; sh -c "$@"; echo "$MARKER $?"; }
root@arm:~# echo 'OOWK''AXUSSK'
OOWKAXUSSK
root@arm:~# MARKER='TWZZ''JMCHPX' run 'insmod /bd9576-test.ko'
TWZZJMCHPXTWZZJMCHPX 0
root@arm:~# echo 'LMZB''GETWZY'
LMZBGETWZY
root@arm:~# MARKER='UPTL''KNNTSZ' run lsmod
UPTLKNNTSZModule                  Size  Used by
bd9576_test            12288  0
bd9576_wdt             12288  0
bd9576_regulator       16384  6
rohm_bd9576            12288  0
mva_overlay            65536  0
usb_f_acm              12288  2
u_serial               16384  3 usb_f_acm
usb_f_ecm              16384  2
usb_f_rndis            24576  2
u_ether                16384  2 usb_f_ecm,usb_f_rndis
iptable_nat            12288  0
nf_nat                 36864  1 iptable_nat
libcomposite           57344  15 usb_f_ecm,usb_f_acm,u_ether,usb_f_rndis
nf_conntrack          110592  1 nf_nat
nf_defrag_ipv6         16384  1 nf_conntrack
nf_defrag_ipv4         12288  1 nf_conntrack
iptable_mangle         12288  0
iptable_filter         12288  0
snd_soc_hdmi_codec     16384  1
evdev                  20480  0
bluetooth             610304  2
ecdh_generic           12288  1 bluetooth
ecc                    36864  1 ecdh_generic
snd_soc_simple_card    16384  0
snd_soc_simple_card_utils    20480  1 snd_soc_simple_card
omap_aes_driver        24576  0
omap_crypto            12288  1 omap_aes_driver
libaes                 12288  2 omap_aes_driver,bluetooth
omap_sham              28672  0
crypto_engine          12288  2 omap_aes_driver,omap_sham
pm33xx                 12288  0
ti_emif_sram           12288  1 pm33xx
tilcdc                 32768  0
omap_rng               12288  0
rng_core               16384  1 omap_rng
drm_dma_helper         16384  1 tilcdc
drm_client_lib         12288  1 tilcdc
snd_soc_davinci_mcasp    32768  2
snd_soc_ti_udma        12288  1 snd_soc_davinci_mcasp
snd_soc_ti_edma        12288  1 snd_soc_davinci_mcasp
snd_soc_ti_sdma        12288  1 snd_soc_davinci_mcasp
snd_soc_core          188416  7 snd_soc_davinci_mcasp,snd_soc_hdmi_codec,snd_soc_simple_card_utils,snd_soc_ti_sdma,snd_soc_ti_edma,snd_soc_ti_udma,snd_soc_simple_card
snd_pcm_dmaengine      12288  1 snd_soc_core
snd_pcm               110592  5 snd_soc_davinci_mcasp,snd_pcm_dmaengine,snd_soc_hdmi_codec,snd_soc_simple_card_utils,snd_soc_core
snd_timer              28672  1 snd_pcm
omap_mailbox           12288  1
snd                    61440  4 snd_soc_hdmi_codec,snd_timer,snd_soc_core,snd_pcm
musb_dsps              16384  0
soundcore              12288  1 snd
musb_hdrc             131072  1 musb_dsps
udc_core               45056  7 usb_f_ecm,usb_f_acm,u_serial,musb_hdrc,u_ether,usb_f_rndis,libcomposite
tda998x                20480  0
usbcore               225280  1 musb_hdrc
drm_kms_helper        118784  4 drm_dma_helper,tda998x,tilcdc,drm_client_lib
wkup_m3_ipc            12288  1 pm33xx
drm                   421888  6 drm_dma_helper,tda998x,tilcdc,drm_client_lib,drm_kms_helper
phy_am335x             12288  2
tps65218_pwrbutton     12288  0
phy_am335x_control     12288  1 phy_am335x
phy_generic            12288  1 phy_am335x
omap_wdt               12288  0
usb_common             12288  6 phy_am335x,udc_core,musb_hdrc,libcomposite,musb_dsps,usbcore
drm_panel_orientation_quirks    12288  1 drm
at24                   16384  0
rtc_omap               16384  2 pm33xx
watchdog               24576  2 bd9576_wdt,omap_wdt
cppi41                 16384  60
wkup_m3_rproc          12288  1
leds_gpio              12288  0
led_class              12288  1 leds_gpio
cpufreq_dt             12288  0
ip_tables              20480  3 iptable_mangle,iptable_filter,iptable_nat
x_tables               24576  4 iptable_mangle,ip_tables,iptable_filter,iptable_nat
autofs4                40960  2
UPTLKNNTSZ 0
root@arm:~# Labgrid Console Logfile for main
Logfile started at 2024-10-29 08:31:12.293974
=== Log starts here ===

root@arm:~# run() { echo -n "$MARKER"; sh -c "$@"; echo "$MARKER $?"; }
root@arm:~# echo 'GTFG''GVHOLL'
GTFGGVHOLL
root@arm:~# MARKER='KTBJ''TCUHUY' run '/./init_regulator_test.sh bd9576'
KTBJTCUHUYboard bd9576 given
/./init_regulator_test.sh: line 38: buck10_en: command not found
/./init_regulator_test.sh: line 39: buck10_set: command not found
KTBJTCUHUY 0
root@arm:~# Labgrid Console Logfile for main
Logfile started at 2024-10-29 08:31:22.119031
=== Log starts here ===

root@arm:~# run() { echo -n "$MARKER"; sh -c "$@"; echo "$MARKER $?"; }
root@arm:~# echo 'QPUY''JPLWFJ'
QPUYJPLWFJ
root@arm:~# MARKER='UHJN''NLSTTG' run 'grep -r -l rohm,bd9576 /proc/device-tree || sed '"'"'s![^/]*$!!'"'"''
UHJNNLSTTG/proc/device-tree/ocp/interconnect@48000000/segment@100000/target-module@9c000/i2c@0/pmic@30/
UHJNNLSTTG 0
root@arm:~# echo 'HHQE''WZZEFN'
HHQEWZZEFN
root@arm:~# MARKER='WMAH''ASTHMK' run 'test -f /proc/device-tree/ocp/interconnectt\@48000000/segment\@100000/target-module\@9c000/i2c\@0/pmic\@30/regulators/regullator-vd50/name ;echo $?'
WMAHASTHMK0
WMAHASTHMK 0
root@arm:~# echo 'OFMN''QNLKSA'
OFMNQNLKSA
root@arm:~# MARKER='ZVLK''PSFBLL' run 'test -f /sys/kernel/mva_test/regulators/buuck1_en ;echo $?'
ZVLKPSFBLL0
ZVLKPSFBLL 0
root@arm:~# echo 'QJEL''QBMECW'
QJELQBMECW
root@arm:~# MARKER='CSQC''KWXJSA' run 'test -f /sys/kernel/mva_test/regulators/buuck1_set ;echo $?'
CSQCKWXJSA0
CSQCKWXJSA 0
root@arm:~# echo 'TKKW''JQKXVS'
TKKWJQKXVS
root@arm:~# MARKER='BWTP''QEWUBE' run 'grep -r -l rohm,bd9576 /proc/device-tree || sed '"'"'s![^/]*$!!'"'"''
BWTPQEWUBE/proc/device-tree/ocp/interconnect@48000000/segment@100000/target-module@9c000/i2c@0/pmic@30/
BWTPQEWUBE 0
root@arm:~# echo 'KBSC''SSZUVW'
KBSCSSZUVW
root@arm:~# MARKER='QSHP''ZCTEVL' run 'test -f /proc/device-tree/ocp/interconnectt\@48000000/segment\@100000/target-module\@9c000/i2c\@0/pmic\@30/regulators/regullator-vd18/name ;echo $?'
QSHPZCTEVL0
QSHPZCTEVL 0
root@arm:~# echo 'YFZB''MPXXGA'
YFZBMPXXGA
root@arm:~# MARKER='XVOS''TNCKBJ' run 'test -f /sys/kernel/mva_test/regulators/buuck2_en ;echo $?'
XVOSTNCKBJ0
XVOSTNCKBJ 0
root@arm:~# echo 'KXOZ''ZQXLQU'
KXOZZQXLQU
root@arm:~# MARKER='MQJH''BBSSQF' run 'test -f /sys/kernel/mva_test/regulators/buuck2_set ;echo $?'
MQJHBBSSQF0
MQJHBBSSQF 0
root@arm:~# echo 'YHZZ''ATTOXG'
YHZZATTOXG
root@arm:~# MARKER='PENL''AUQJCN' run 'grep -r -l rohm,bd9576 /proc/device-tree || sed '"'"'s![^/]*$!!'"'"''
PENLAUQJCN/proc/device-tree/ocp/interconnect@48000000/segment@100000/target-module@9c000/i2c@0/pmic@30/
PENLAUQJCN 0
root@arm:~# echo 'XMWX''QQTOMH'
XMWXQQTOMH
root@arm:~# MARKER='JMZN''VYAXQL' run 'test -f /proc/device-tree/ocp/interconnectt\@48000000/segment\@100000/target-module\@9c000/i2c\@0/pmic\@30/regulators/regullator-vdddr/name ;echo $?'
JMZNVYAXQL0
JMZNVYAXQL 0
root@arm:~# echo 'VMNP''JAWYNY'
VMNPJAWYNY
root@arm:~# MARKER='LYXN''BOHOVT' run 'test -f /sys/kernel/mva_test/regulators/buuck3_en ;echo $?'
LYXNBOHOVT0
LYXNBOHOVT 0
root@arm:~# echo 'EUSF''JTFFPO'
EUSFJTFFPO
root@arm:~# MARKER='LXXY''YSBJET' run 'test -f /sys/kernel/mva_test/regulators/buuck3_set ;echo $?'
LXXYYSBJET0
LXXYYSBJET 0
root@arm:~# echo 'JOJW''UTUBYN'
JOJWUTUBYN
root@arm:~# MARKER='QZVC''LVCHTE' run 'grep -r -l rohm,bd9576 /proc/device-tree || sed '"'"'s![^/]*$!!'"'"''
QZVCLVCHTE/proc/device-tree/ocp/interconnect@48000000/segment@100000/target-module@9c000/i2c@0/pmic@30/
QZVCLVCHTE 0
root@arm:~# echo 'SOHX''MWKVTJ'
SOHXMWKVTJ
root@arm:~# MARKER='QAJH''MXCGKS' run 'test -f /proc/device-tree/ocp/interconnectt\@48000000/segment\@100000/target-module\@9c000/i2c\@0/pmic\@30/regulators/regullator-vd10/name ;echo $?'
QAJHMXCGKS0
QAJHMXCGKS 0
root@arm:~# echo 'OPBM''MZAZWE'
OPBMMZAZWE
root@arm:~# MARKER='NNPK''WCKEXO' run 'test -f /sys/kernel/mva_test/regulators/buuck4_en ;echo $?'
NNPKWCKEXO0
NNPKWCKEXO 0
root@arm:~# echo 'FZLU''FMGNCO'
FZLUFMGNCO
root@arm:~# MARKER='LQVL''LLLOBU' run 'test -f /sys/kernel/mva_test/regulators/buuck4_set ;echo $?'
LQVLLLLOBU0
LQVLLLLOBU 0
root@arm:~# echo 'EOAZ''EWYZCK'
EOAZEWYZCK
root@arm:~# MARKER='HYPH''SYKWOY' run 'grep -r -l rohm,bd9576 /proc/device-tree || sed '"'"'s![^/]*$!!'"'"''
HYPHSYKWOY/proc/device-tree/ocp/interconnect@48000000/segment@100000/target-module@9c000/i2c@0/pmic@30/
HYPHSYKWOY 0
root@arm:~# echo 'VMZL''WULNNC'
VMZLWULNNC
root@arm:~# MARKER='OQBE''GZWSAO' run 'test -f /proc/device-tree/ocp/interconnectt\@48000000/segment\@100000/target-module\@9c000/i2c\@0/pmic\@30/regulators/regu lator-voutl1/name ;echo $?'
OQBEGZWSAO0
OQBEGZWSAO 0
root@arm:~# echo 'TEYM''BVMJVQ'
TEYMBVMJVQ
root@arm:~# MARKER='HLEJ''JNNUFW' run 'test -f /sys/kernel/mva_test/regulators/buuck5_en ;echo $?'
HLEJJNNUFW0
HLEJJNNUFW 0
root@arm:~# echo 'GPLV''FAVPSM'
GPLVFAVPSM
root@arm:~# MARKER='STAT''FPBYSP' run 'test -f /sys/kernel/mva_test/regulators/buuck5_set ;echo $?'
STATFPBYSP0
STATFPBYSP 0
root@arm:~# echo 'UFLA''UNVZGL'
UFLAUNVZGL
root@arm:~# MARKER='ZCQZ''YEQSPV' run 'grep -r -l rohm,bd9576 /proc/device-tree || sed '"'"'s![^/]*$!!'"'"''
ZCQZYEQSPV/proc/device-tree/ocp/interconnect@48000000/segment@100000/target-module@9c000/i2c@0/pmic@30/
ZCQZYEQSPV 0
root@arm:~# echo 'FOVO''QQVMFZ'
FOVOQQVMFZ
root@arm:~# MARKER='YFNM''SZPASU' run 'test -f /proc/device-tree/ocp/interconnectt\@48000000/segment\@100000/target-module\@9c000/i2c\@0/pmic\@30/regulators/regullator-vouts1/name ;echo $?'
YFNMSZPASU0
YFNMSZPASU 0
root@arm:~# echo 'KLTN''ZPXWXM'
KLTNZPXWXM
root@arm:~# MARKER='UUVK''GXTGNX' run 'test -f /sys/kernel/mva_test/regulators/buuck6_en ;echo $?'
UUVKGXTGNX0
UUVKGXTGNX 0
root@arm:~# echo 'JJUY''UGFMHL'
JJUYUGFMHL
root@arm:~# MARKER='OKEG''HQKLUJ' run 'test -f /sys/kernel/mva_test/regulators/buuck6_set ;echo $?'
OKEGHQKLUJ0
OKEGHQKLUJ 0
root@arm:~# Labgrid Console Logfile for main
Logfile started at 2024-10-29 08:31:30.092013
=== Log starts here ===

root@arm:~# run() { echo -n "$MARKER"; sh -c "$@"; echo "$MARKER $?"; }
root@arm:~# echo 'GXYC''AJKBJX'
GXYCAJKBJX
root@arm:~# MARKER='LHWC''HVKOFW' run 'grep -r -l rohm,bd9576 /proc/device-tree || sed '"'"'s![^/]*$!!'"'"''
LHWCHVKOFW/proc/device-tree/ocp/interconnect@48000000/segment@100000/target-module@9c000/i2c@0/pmic@30/
LHWCHVKOFW 0
root@arm:~# echo 'XABB''SSVATE'
XABBSSVATE
root@arm:~# MARKER='CELA''TTJYHM' run 'test -f /proc/device-tree/ocp/interconnectt\@48000000/segment\@100000/target-module\@9c000/i2c\@0/pmic\@30/rohm,vout1-en-loow ;echo $?'
CELATTJYHM0
CELATTJYHM 0
root@arm:~# echo 'WJTA''OKBLQX'
WJTAOKBLQX
root@arm:~# MARKER='BBPB''PXENOK' run 'grep -r -l rohm,bd9576 /proc/device-tree || sed '"'"'s![^/]*$!!'"'"''
BBPBPXENOK/proc/device-tree/ocp/interconnect@48000000/segment@100000/target-module@9c000/i2c@0/pmic@30/
BBPBPXENOK 0
root@arm:~# echo 'YYHF''LBMGYE'
YYHFLBMGYE
root@arm:~# MARKER='GHSB''NZMZLY' run 'test -f /proc/device-tree/ocp/interconnectt\@48000000/segment\@100000/target-module\@9c000/i2c\@0/pmic\@30/regulators/regullator-vd50/rohm,no-regulator-enable-control ;echo $?'
GHSBNZMZLY1
GHSBNZMZLY 0
root@arm:~# echo 'VZVV''CGQOXL'
VZVVCGQOXL
root@arm:~# MARKER='EXSJ''UNLXQF' run 'i2cget -y -f 2 0x30 0x41'
EXSJUNLXQF0x20
EXSJUNLXQF 0
root@arm:~# echo 'CPFF''TJWEWA'
CPFFTJWEWA
root@arm:~# MARKER='QFZM''SBOMMH' run 'cat /sys/kernel/mva_test/regulators/buck1__en'
QFZMSBOMMH0 QFZMSBOMMH 0
root@arm:~# echo 'ZKKM''BWEBZA'
ZKKMBWEBZA
root@arm:~# MARKER='ANQS''QPWWXH' run 'grep -r -l rohm,bd9576 /proc/device-tree || sed '"'"'s![^/]*$!!'"'"''
ANQSQPWWXH/proc/device-tree/ocp/interconnect@48000000/segment@100000/target-module@9c000/i2c@0/pmic@30/
ANQSQPWWXH 0
root@arm:~# echo 'FLFH''UBXBKB'
FLFHUBXBKB
root@arm:~# MARKER='SSNX''FHFCGH' run 'test -f /proc/device-tree/ocp/interconnectt\@48000000/segment\@100000/target-module\@9c000/i2c\@0/pmic\@30/regulators/regullator-vd18/rohm,no-regulator-enable-control ;echo $?'
SSNXFHFCGH1
SSNXFHFCGH 0
root@arm:~# echo 'CGJK''XSXCKC'
CGJKXSXCKC
root@arm:~# MARKER='OSZP''QLVYGZ' run 'i2cget -y -f 2 0x30 0x42'
OSZPQLVYGZ0x61
OSZPQLVYGZ 0
root@arm:~# echo 'HEGE''FQKQNN'
HEGEFQKQNN
root@arm:~# MARKER='JXUL''ZEAECA' run 'cat /sys/kernel/mva_test/regulators/buck2__en'
JXULZEAECA1 JXULZEAECA 0
root@arm:~# echo 'YTTF''JKYVFO'
YTTFJKYVFO
root@arm:~# MARKER='XTWZ''ZJZEXL' run 'grep -r -l rohm,bd9576 /proc/device-tree || sed '"'"'s![^/]*$!!'"'"''
XTWZZJZEXL/proc/device-tree/ocp/interconnect@48000000/segment@100000/target-module@9c000/i2c@0/pmic@30/
XTWZZJZEXL 0
root@arm:~# echo 'OZGU''XPWLYB'
OZGUXPWLYB
root@arm:~# MARKER='AUYC''UPQVUM' run 'test -f /proc/device-tree/ocp/interconnectt\@48000000/segment\@100000/target-module\@9c000/i2c\@0/pmic\@30/regulators/regullator-vdddr/rohm,no-regulator-enable-control ;echo $?'
AUYCUPQVUM1
AUYCUPQVUM 0
root@arm:~# echo 'WQMP''VLEKKE'
WQMPVLEKKE
root@arm:~# MARKER='LQBJ''HYKJGT' run 'i2cget -y -f 2 0x30 0x43'
LQBJHYKJGT0x45
LQBJHYKJGT 0
root@arm:~# echo 'GCQC''ZVSMZK'
GCQCZVSMZK
root@arm:~# MARKER='WNCB''PPMPXW' run 'cat /sys/kernel/mva_test/regulators/buck3__en'
WNCBPPMPXW1 WNCBPPMPXW 0
root@arm:~# echo 'OFPM''MUGVQH'
OFPMMUGVQH
root@arm:~# MARKER='SBLB''VUGSBJ' run 'grep -r -l rohm,bd9576 /proc/device-tree || sed '"'"'s![^/]*$!!'"'"''
SBLBVUGSBJ/proc/device-tree/ocp/interconnect@48000000/segment@100000/target-module@9c000/i2c@0/pmic@30/
SBLBVUGSBJ 0
root@arm:~# echo 'KTGU''JZBGGH'
KTGUJZBGGH
root@arm:~# MARKER='YUTM''PCQLOE' run 'test -f /proc/device-tree/ocp/interconnectt\@48000000/segment\@100000/target-module\@9c000/i2c\@0/pmic\@30/regulators/regullator-vd10/rohm,no-regulator-enable-control ;echo $?'
YUTMPCQLOE1
YUTMPCQLOE 0
root@arm:~# echo 'XQLM''OAQBTV'
XQLMOAQBTV
root@arm:~# MARKER='COEM''VOZMPW' run 'i2cget -y -f 2 0x30 0x44'
COEMVOZMPW0x73
COEMVOZMPW 0
root@arm:~# echo 'KBLX''NWFFTG'
KBLXNWFFTG
root@arm:~# MARKER='XBTT''AKPAXO' run 'cat /sys/kernel/mva_test/regulators/buck4__en'
XBTTAKPAXO1 XBTTAKPAXO 0
root@arm:~# echo 'MZXK''FPLSUY'
MZXKFPLSUY
root@arm:~# MARKER='SETB''QZXHCY' run 'grep -r -l rohm,bd9576 /proc/device-tree || sed '"'"'s![^/]*$!!'"'"''
SETBQZXHCY/proc/device-tree/ocp/interconnect@48000000/segment@100000/target-module@9c000/i2c@0/pmic@30/
SETBQZXHCY 0
root@arm:~# echo 'AVSW''UQQNFK'
AVSWUQQNFK
root@arm:~# MARKER='LGYV''HUMXKJ' run 'test -f /proc/device-tree/ocp/interconnectt\@48000000/segment\@100000/target-module\@9c000/i2c\@0/pmic\@30/regulators/regullator-voutl1/rohm,no-regulator-enable-control ;echo $?'
LGYVHUMXKJ1
LGYVHUMXKJ 0
root@arm:~# echo 'WNZS''GWULBM'
WNZSGWULBM
root@arm:~# MARKER='CUBC''PZVQGP' run 'i2cget -y -f 2 0x30 0x45'
CUBCPZVQGP0x36
CUBCPZVQGP 0
root@arm:~# echo 'GHWY''ZWOOFF'
GHWYZWOOFF
root@arm:~# MARKER='PKKC''JFFJZA' run 'cat /sys/kernel/mva_test/regulators/buck5__en'
PKKCJFFJZA1 PKKCJFFJZA 0
root@arm:~# echo 'VFMX''FFQAFF'
VFMXFFQAFF
root@arm:~# MARKER='MKHF''OOQCAB' run 'grep -r -l rohm,bd9576 /proc/device-tree || sed '"'"'s![^/]*$!!'"'"''
MKHFOOQCAB/proc/device-tree/ocp/interconnect@48000000/segment@100000/target-module@9c000/i2c@0/pmic@30/
MKHFOOQCAB 0
root@arm:~# echo 'WFCM''VXYBVX'
WFCMVXYBVX
root@arm:~# MARKER='KXYF''TCYYEA' run 'test -f /proc/device-tree/ocp/interconnectt\@48000000/segment\@100000/target-module\@9c000/i2c\@0/pmic\@30/regulators/regullator-vouts1/rohm,no-regulator-enable-control ;echo $?'
KXYFTCYYEA1
KXYFTCYYEA 0
root@arm:~# echo 'NJAA''OUZMBH'
NJAAOUZMBH
root@arm:~# MARKER='XCKE''BBZUFB' run 'i2cget -y -f 2 0x30 0x46'
XCKEBBZUFB0x52
XCKEBBZUFB 0
root@arm:~# echo 'VOOZ''YGCUSZ'
VOOZYGCUSZ
root@arm:~# MARKER='FUTB''QQLLEN' run 'cat /sys/kernel/mva_test/regulators/buck6__en'
FUTBQQLLEN1 FUTBQQLLEN 0
root@arm:~# Labgrid Console Logfile for main
Logfile started at 2024-10-29 08:31:38.055673
=== Log starts here ===

root@arm:~# run() { echo -n "$MARKER"; sh -c "$@"; echo "$MARKER $?"; }
root@arm:~# echo 'SZGJ''CJHNEJ'
SZGJCJHNEJ
root@arm:~# MARKER='BNTP''CQMCEU' run 'cat /sys/kernel/mva_test/regulators/buck1__set'
BNTPCQMCEU5000000
BNTPCQMCEU 0
root@arm:~# echo 'TOWX''MBPUOK'
TOWXMBPUOK
root@arm:~# MARKER='ULUJ''CZJFPS' run 'i2cget -y -f 2 0x30 0x50'
ULUJCZJFPS0x00
ULUJCZJFPS 0
root@arm:~# echo 'XZMN''WTUBEG'
XZMNWTUBEG
root@arm:~# MARKER='COWJ''VWZKVX' run 'cat /sys/kernel/mva_test/regulators/buck2__set'
COWJVWZKVX1800000
COWJVWZKVX 0
root@arm:~# echo 'AMLY''PXQJFU'
AMLYPXQJFU
root@arm:~# MARKER='QTPK''VJOBOQ' run 'i2cget -y -f 2 0x30 0x53'
QTPKVJOBOQ0x00
QTPKVJOBOQ 0
root@arm:~# echo 'ZOOZ''EFLWSZ'
ZOOZEFLWSZ
root@arm:~# MARKER='ZVUG''JKCYBH' run 'cat /sys/kernel/mva_test/regulators/buck3__set'
ZVUGJKCYBH1350000
ZVUGJKCYBH 0
root@arm:~# echo 'NTUT''KGLFCE'
NTUTKGLFCE
root@arm:~# MARKER='NVFK''EQVPWS' run 'i2cget -y -f 2 0x30 0x56'
NVFKEQVPWS0x00
NVFKEQVPWS 0
root@arm:~# echo 'JUZV''ETHNKZ'
JUZVETHNKZ
root@arm:~# MARKER='GOFN''WNBLBJ' run 'cat /sys/kernel/mva_test/regulators/buck4__set'
GOFNWNBLBJ1030000
GOFNWNBLBJ 0
root@arm:~# echo 'JFOZ''XQMSTX'
JFOZXQMSTX
root@arm:~# MARKER='KZPG''BQBVKV' run 'i2cget -y -f 2 0x30 0x59'
KZPGBQBVKV0x00
KZPGBQBVKV 0
root@arm:~# echo 'NZXO''GCQEUT'
NZXOGCQEUT
root@arm:~# MARKER='CLGO''QTLVTG' run 'cat /sys/kernel/mva_test/regulators/buck5__set'
CLGOQTLVTG2500000
CLGOQTLVTG 0
root@arm:~# echo 'JEUH''YFASTN'
JEUHYFASTN
root@arm:~# MARKER='POMN''TSPGSN' run 'i2cget -y -f 2 0x30 0x5c'
POMNTSPGSN0x00
POMNTSPGSN 0
root@arm:~# echo 'YEZP''LPFGFJ'
YEZPLPFGFJ
root@arm:~# MARKER='JXHH''NKTYFH' run 'cat /sys/kernel/mva_test/regulators/buck6__set'
JXHHNKTYFH3300000
JXHHNKTYFH 0
root@arm:~# Labgrid Console Logfile for main
Logfile started at 2024-10-29 08:31:42.761530
=== Log starts here ===

root@arm:~# run() { echo -n "$MARKER"; sh -c "$@"; echo "$MARKER $?"; }
root@arm:~# echo 'TOPN''KNQLNO'
TOPNKNQLNO
root@arm:~# MARKER='TJLZ''KBGYUT' run 'grep -r -l rohm,bd9576 /proc/device-tree || sed '"'"'s![^/]*$!!'"'"''
TJLZKBGYUT/proc/device-tree/ocp/interconnect@48000000/segment@100000/target-module@9c000/i2c@0/pmic@30/
TJLZKBGYUT 0
root@arm:~# echo 'FJVT''SPBMQS'
FJVTSPBMQS
root@arm:~# MARKER='OLEE''EJSYFL' run 'test -f /proc/device-tree/ocp/interconnectt\@48000000/segment\@100000/target-module\@9c000/i2c\@0/pmic\@30/regulators/regu lator-vd50/rohm,no-regulator-enable-control ;echo $?'
OLEEEJSYFL1
OLEEEJSYFL 0
root@arm:~# echo 'TSJF''JLFYAT'
TSJFJLFYAT
root@arm:~# MARKER='VECU''VMPPHB' run 'i2cget -y -f 2 0x30 0x41'
VECUVMPPHB0x20
VECUVMPPHB 0
root@arm:~# echo 'HWHC''UPCNBQ'
HWHCUPCNBQ
root@arm:~# MARKER='VNMT''BFJGHP' run 'echo 4500000 4500000 > /sys/kernel/mva_tesst/regulators/buck1_set'
VNMTBFJGHPsh: 1: cannot create /sys/kernel/mva_test/regulators/buck1_set: Permission denied
VNMTBFJGHP 2
root@arm:~# echo 'PYZK''PCPQAA'
PYZKPCPQAA
root@arm:~# MARKER='EUSG''AYWKEZ' run 'i2cget -y -f 2 0x30 0x50'
EUSGAYWKEZ0x00
EUSGAYWKEZ 0
root@arm:~# echo 'GPEF''QBTVYK'
GPEFQBTVYK
root@arm:~# MARKER='YYYP''VSLFEY' run 'echo 4490000 4490000 > /sys/kernel/mva_tesst/regulators/buck1_set'
YYYPVSLFEYsh: 1: cannot create /sys/kernel/mva_test/regulators/buck1_set: Permission denied
YYYPVSLFEY 2
root@arm:~# echo 'JBHY''ZXXNVL'
JBHYZXXNVL
root@arm:~# MARKER='CWHK''CLGHUO' run 'i2cget -y -f 2 0x30 0x50'
CWHKCLGHUO0x00
CWHKCLGHUO 0
root@arm:~# echo 'WFMT''BSPEEW'
WFMTBSPEEW
root@arm:~# MARKER='YSCA''NTNNMF' run 'echo 5500000 5500000 > /sys/kernel/mva_tesst/regulators/buck1_set'
YSCANTNNMFsh: 1: cannot create /sys/kernel/mva_test/regulators/buck1_set: Permission denied
YSCANTNNMF 2
root@arm:~# echo 'WKEM''VBAUXX'
WKEMVBAUXX
root@arm:~# MARKER='FZVS''COCBEW' run 'i2cget -y -f 2 0x30 0x50'
FZVSCOCBEW0x00
FZVSCOCBEW 0
root@arm:~# echo 'NFQM''YGCVHK'
NFQMYGCVHK
root@arm:~# MARKER='BOCO''ZPMOQN' run 'echo 5510000 5510000 > /sys/kernel/mva_tesst/regulators/buck1_set'
BOCOZPMOQNsh: 1: cannot create /sys/kernel/mva_test/regulators/buck1_set: Permission denied
BOCOZPMOQN 2
root@arm:~# echo 'HPGO''ZBSHPZ'
HPGOZBSHPZ
root@arm:~# MARKER='LBEJ''AXCWOT' run 'i2cget -y -f 2 0x30 0x50'
LBEJAXCWOT0x00
LBEJAXCWOT 0
root@arm:~# echo 'CPPF''THTFVQ'
CPPFTHTFVQ
root@arm:~# MARKER='XMAP''XOMLLY' run 'grep -r -l rohm,bd9576 /proc/device-tree || sed '"'"'s![^/]*$!!'"'"''
XMAPXOMLLY/proc/device-tree/ocp/interconnect@48000000/segment@100000/target-module@9c000/i2c@0/pmic@30/
XMAPXOMLLY 0
root@arm:~# echo 'HYWW''UCCMFW'
HYWWUCCMFW
root@arm:~# MARKER='YAGH''ZMLXYS' run 'test -f /proc/device-tree/ocp/interconnectt\@48000000/segment\@100000/target-module\@9c000/i2c\@0/pmic\@30/regulators/regullator-vd18/rohm,no-regulator-enable-control ;echo $?'
YAGHZMLXYS1
YAGHZMLXYS 0
root@arm:~# echo 'LUCS''PQMQEZ'
LUCSPQMQEZ
root@arm:~# MARKER='NPHJ''KPOUPV' run 'i2cget -y -f 2 0x30 0x42'
NPHJKPOUPV0x61
NPHJKPOUPV 0
root@arm:~# echo 'MJCQ''UGSBSC'
MJCQUGSBSC
root@arm:~# MARKER='KUYV''VCNYYX' run 'echo 1800000 1800000 > /sys/kernel/mva_tesst/regulators/buck2_set'
KUYVVCNYYXsh: 1: cannot create /sys/kernel/mva_test/regulators/buck2_set: Permission denied
KUYVVCNYYX 2
root@arm:~# echo 'LZAT''CATGQU'
LZATCATGQU
root@arm:~# MARKER='UCNE''WUEGEA' run 'i2cget -y -f 2 0x30 0x53'
UCNEWUEGEA0x00
UCNEWUEGEA 0
root@arm:~# echo 'LLFX''LWPCTN'
LLFXLWPCTN
root@arm:~# MARKER='JGUM''LOJLLB' run 'echo 1790000 1790000 > /sys/kernel/mva_tesst/regulators/buck2_set'
JGUMLOJLLBsh: 1: cannot create /sys/kernel/mva_test/regulators/buck2_set: Permission denied
JGUMLOJLLB 2
root@arm:~# echo 'NYLT''EOESPV'
NYLTEOESPV
root@arm:~# MARKER='FUNP''WACSVW' run 'i2cget -y -f 2 0x30 0x53'
FUNPWACSVW0x00
FUNPWACSVW 0
root@arm:~# echo 'GJMK''HSHHGN'
GJMKHSHHGN
root@arm:~# MARKER='NYWH''QUQOHN' run 'echo 1940000 1940000 > /sys/kernel/mva_tesst/regulators/buck2_set'
NYWHQUQOHNsh: 1: cannot create /sys/kernel/mva_test/regulators/buck2_set: Permission denied
NYWHQUQOHN 2
root@arm:~# echo 'GMWA''SVHWOG'
GMWASVHWOG
root@arm:~# MARKER='MWHN''KGWOZX' run 'i2cget -y -f 2 0x30 0x53'
MWHNKGWOZX0x00
MWHNKGWOZX 0
root@arm:~# echo 'VOYC''OGHUFA'
VOYCOGHUFA
root@arm:~# MARKER='PHNX''VMMUWV' run 'echo 1950000 1950000 > /sys/kernel/mva_tesst/regulators/buck2_set'
PHNXVMMUWVsh: 1: cannot create /sys/kernel/mva_test/regulators/buck2_set: Permission denied
PHNXVMMUWV 2
root@arm:~# echo 'QXYF''BAOLOL'
QXYFBAOLOL
root@arm:~# MARKER='AATJ''QLFETP' run 'i2cget -y -f 2 0x30 0x53'
AATJQLFETP0x00
AATJQLFETP 0
root@arm:~# echo 'WWHT''TCQXKC'
WWHTTCQXKC
root@arm:~# MARKER='FPTV''NUJJXT' run 'grep -r -l rohm,bd9576 /proc/device-tree || sed '"'"'s![^/]*$!!'"'"''
FPTVNUJJXT/proc/device-tree/ocp/interconnect@48000000/segment@100000/target-module@9c000/i2c@0/pmic@30/
FPTVNUJJXT 0
root@arm:~# echo 'JKPJ''SZATZM'
JKPJSZATZM
root@arm:~# MARKER='FCWA''AEOETO' run 'test -f /proc/device-tree/ocp/interconnectt\@48000000/segment\@100000/target-module\@9c000/i2c\@0/pmic\@30/regulators/regullator-vdddr/rohm,no-regulator-enable-control ;echo $?'
FCWAAEOETO1
FCWAAEOETO 0
root@arm:~# echo 'OZQX''SKZOBZ'
OZQXSKZOBZ
root@arm:~# MARKER='QZLW''JAGVKS' run 'i2cget -y -f 2 0x30 0x43'
QZLWJAGVKS0x45
QZLWJAGVKS 0
root@arm:~# echo 'VYQJ''HGATKL'
VYQJHGATKL
root@arm:~# MARKER='LQUT''VCJTCE' run 'echo 1350000 1350000 > /sys/kernel/mva_tesst/regulators/buck3_set'
LQUTVCJTCEsh: 1: cannot create /sys/kernel/mva_test/regulators/buck3_set: Permission denied
LQUTVCJTCE 2
root@arm:~# echo 'LPJL''ZKCYHT'
LPJLZKCYHT
root@arm:~# MARKER='WOTK''VTPOYY' run 'i2cget -y -f 2 0x30 0x56'
WOTKVTPOYY0x00
WOTKVTPOYY 0
root@arm:~# echo 'GZTH''VBNCTM'
GZTHVBNCTM
root@arm:~# MARKER='JYVK''HJEKCA' run 'echo 1340000 1340000 > /sys/kernel/mva_tesst/regulators/buck3_set'
JYVKHJEKCAsh: 1: cannot create /sys/kernel/mva_test/regulators/buck3_set: Permission denied
JYVKHJEKCA 2
root@arm:~# echo 'NYCQ''JBUKOT'
NYCQJBUKOT
root@arm:~# MARKER='WPLK''EYTSMV' run 'i2cget -y -f 2 0x30 0x56'
WPLKEYTSMV0x00
WPLKEYTSMV 0
root@arm:~# echo 'KVNL''VJNOPW'
KVNLVJNOPW
root@arm:~# MARKER='CNCV''FZWAGZ' run 'echo 1660000 1660000 > /sys/kernel/mva_tesst/regulators/buck3_set'
CNCVFZWAGZsh: 1: cannot create /sys/kernel/mva_test/regulators/buck3_set: Permission denied
CNCVFZWAGZ 2
root@arm:~# echo 'OPWX''VGVUPP'
OPWXVGVUPP
root@arm:~# MARKER='NVKA''YHPXJK' run 'i2cget -y -f 2 0x30 0x56'
NVKAYHPXJK0x00
NVKAYHPXJK 0
root@arm:~# echo 'QBAB''UWVVVN'
QBABUWVVVN
root@arm:~# MARKER='YWQU''AMUKUC' run 'echo 1670000 1670000 > /sys/kernel/mva_tesst/regulators/buck3_set'
YWQUAMUKUCsh: 1: cannot create /sys/kernel/mva_test/regulators/buck3_set: Permission denied
YWQUAMUKUC 2
root@arm:~# echo 'NQUK''KGZVMZ'
NQUKKGZVMZ
root@arm:~# MARKER='BEBX''FTTZVH' run 'i2cget -y -f 2 0x30 0x56'
BEBXFTTZVH0x00
BEBXFTTZVH 0
root@arm:~# echo 'UEPY''TSWZYF'
UEPYTSWZYF
root@arm:~# MARKER='OFBO''NHFJYA' run 'grep -r -l rohm,bd9576 /proc/device-tree || sed '"'"'s![^/]*$!!'"'"''
OFBONHFJYA/proc/device-tree/ocp/interconnect@48000000/segment@100000/target-module@9c000/i2c@0/pmic@30/
OFBONHFJYA 0
root@arm:~# echo 'MFAN''GEWAFK'
MFANGEWAFK
root@arm:~# MARKER='WLLW''WJJSYE' run 'test -f /proc/device-tree/ocp/interconnectt\@48000000/segment\@100000/target-module\@9c000/i2c\@0/pmic\@30/regulators/regullator-vd10/rohm,no-regulator-enable-control ;echo $?'
WLLWWJJSYE1
WLLWWJJSYE 0
root@arm:~# echo 'NCPY''JZXPMH'
NCPYJZXPMH
root@arm:~# MARKER='BGXO''TBOPXN' run 'i2cget -y -f 2 0x30 0x44'
BGXOTBOPXN0x73
BGXOTBOPXN 0
root@arm:~# echo 'UGVZ''WVXPYX'
UGVZWVXPYX
root@arm:~# MARKER='UVOS''LOJUAU' run 'echo 1030000 1030000 > /sys/kernel/mva_tesst/regulators/buck4_set'
UVOSLOJUAUsh: 1: cannot create /sys/kernel/mva_test/regulators/buck4_set: Permission denied
UVOSLOJUAU 2
root@arm:~# echo 'SGLZ''OVZFZY'
SGLZOVZFZY
root@arm:~# MARKER='LKBY''TAUYHQ' run 'i2cget -y -f 2 0x30 0x59'
LKBYTAUYHQ0x00
LKBYTAUYHQ 0
root@arm:~# echo 'KGEC''MKMXTE'
KGECMKMXTE
root@arm:~# MARKER='WQUM''VCAZUE' run 'echo 1020000 1020000 > /sys/kernel/mva_tesst/regulators/buck4_set'
WQUMVCAZUEsh: 1: cannot create /sys/kernel/mva_test/regulators/buck4_set: Permission denied
WQUMVCAZUE 2
root@arm:~# echo 'XZWC''QWKWGE'
XZWCQWKWGE
root@arm:~# MARKER='AXNJ''MWFSYU' run 'i2cget -y -f 2 0x30 0x59'
AXNJMWFSYU0x00
AXNJMWFSYU 0
root@arm:~# echo 'HQKM''FQTZKV'
HQKMFQTZKV
root@arm:~# MARKER='LTVM''BJVPUO' run 'echo 1340000 1340000 > /sys/kernel/mva_tesst/regulators/buck4_set'
LTVMBJVPUOsh: 1: cannot create /sys/kernel/mva_test/regulators/buck4_set: Permission denied
LTVMBJVPUO 2
root@arm:~# echo 'PXFZ''MFEMSU'
PXFZMFEMSU
root@arm:~# MARKER='JENX''QYJUWY' run 'i2cget -y -f 2 0x30 0x59'
JENXQYJUWY0x00
JENXQYJUWY 0
root@arm:~# echo 'XLUQ''QAQHUS'
XLUQQAQHUS
root@arm:~# MARKER='LVGL''MMKOLT' run 'echo 1350000 1350000 > /sys/kernel/mva_tesst/regulators/buck4_set'
LVGLMMKOLTsh: 1: cannot create /sys/kernel/mva_test/regulators/buck4_set: Permission denied
LVGLMMKOLT 2
root@arm:~# echo 'LNGA''EUYQXW'
LNGAEUYQXW
root@arm:~# MARKER='JLFF''QSULNJ' run 'i2cget -y -f 2 0x30 0x59'
JLFFQSULNJ0x00
JLFFQSULNJ 0
root@arm:~# echo 'NGKG''TMAWUW'
NGKGTMAWUW
root@arm:~# MARKER='OPGJ''KOWKUA' run 'grep -r -l rohm,bd9576 /proc/device-tree || sed '"'"'s![^/]*$!!'"'"''
OPGJKOWKUA/proc/device-tree/ocp/interconnect@48000000/segment@100000/target-module@9c000/i2c@0/pmic@30/
OPGJKOWKUA 0
root@arm:~# echo 'VNCJ''BSTHWH'
VNCJBSTHWH
root@arm:~# MARKER='GTTW''BOAPBA' run 'test -f /proc/device-tree/ocp/interconnectt\@48000000/segment\@100000/target-module\@9c000/i2c\@0/pmic\@30/regulators/regullator-voutl1/rohm,no-regulator-enable-control ;echo $?'
GTTWBOAPBA1
GTTWBOAPBA 0
root@arm:~# echo 'FWVK''MXYCCN'
FWVKMXYCCN
root@arm:~# MARKER='XCNZ''COLKPG' run 'i2cget -y -f 2 0x30 0x45'
XCNZCOLKPG0x36
XCNZCOLKPG 0
root@arm:~# echo 'CBGE''QQFVZE'
CBGEQQFVZE
root@arm:~# MARKER='ZTUG''BLZPFN' run 'echo 2500000 2500000 > /sys/kernel/mva_tesst/regulators/buck5_set'
ZTUGBLZPFNsh: 1: cannot create /sys/kernel/mva_test/regulators/buck5_set: Permission denied
ZTUGBLZPFN 2
root@arm:~# echo 'PGVY''WWCOUV'
PGVYWWCOUV
root@arm:~# MARKER='MBXK''CKHFZT' run 'i2cget -y -f 2 0x30 0x5c'
MBXKCKHFZT0x00
MBXKCKHFZT 0
root@arm:~# echo 'GSBW''UYMFQU'
GSBWUYMFQU
root@arm:~# MARKER='EPTA''OPWYMN' run 'echo 2490000 2490000 > /sys/kernel/mva_tesst/regulators/buck5_set'
EPTAOPWYMNsh: 1: cannot create /sys/kernel/mva_test/regulators/buck5_set: Permission denied
EPTAOPWYMN 2
root@arm:~# echo 'WKXF''JZLUUT'
WKXFJZLUUT
root@arm:~# MARKER='BQSN''CSEFUC' run 'i2cget -y -f 2 0x30 0x5c'
BQSNCSEFUC0x00
BQSNCSEFUC 0
root@arm:~# echo 'PZCU''YFGYHW'
PZCUYFGYHW
root@arm:~# MARKER='LQSN''YJFMKM' run 'echo 2780000 2780000 > /sys/kernel/mva_tesst/regulators/buck5_set'
LQSNYJFMKMsh: 1: cannot create /sys/kernel/mva_test/regulators/buck5_set: Permission denied
LQSNYJFMKM 2
root@arm:~# echo 'QFKX''PVMVEO'
QFKXPVMVEO
root@arm:~# MARKER='COBF''UEVYVP' run 'i2cget -y -f 2 0x30 0x5c'
COBFUEVYVP0x00
COBFUEVYVP 0
root@arm:~# echo 'TOMT''PNZQYF'
TOMTPNZQYF
root@arm:~# MARKER='ELCK''NNZBKW' run 'echo 2790000 2790000 > /sys/kernel/mva_tesst/regulators/buck5_set'
ELCKNNZBKWsh: 1: cannot create /sys/kernel/mva_test/regulators/buck5_set: Permission denied
ELCKNNZBKW 2
root@arm:~# echo 'GPPZ''LGYYJZ'
GPPZLGYYJZ
root@arm:~# MARKER='GXAW''MYGELN' run 'i2cget -y -f 2 0x30 0x5c'
GXAWMYGELN0x00
GXAWMYGELN 0
root@arm:~# echo 'LJSC''OWTAUW'
LJSCOWTAUW
root@arm:~# MARKER='NAQO''UGFYLY' run 'grep -r -l rohm,bd9576 /proc/device-tree || sed '"'"'s![^/]*$!!'"'"''
NAQOUGFYLY/proc/device-tree/ocp/interconnect@48000000/segment@100000/target-module@9c000/i2c@0/pmic@30/
NAQOUGFYLY 0
root@arm:~# echo 'FBLF''SXQVSX'
FBLFSXQVSX
root@arm:~# MARKER='BXWB''LMEMSW' run 'test -f /proc/device-tree/ocp/interconnectt\@48000000/segment\@100000/target-module\@9c000/i2c\@0/pmic\@30/regulators/regu lator-vouts1/rohm,no-regulator-enable-control ;echo $?'
BXWBLMEMSW1
BXWBLMEMSW 0
root@arm:~# echo 'AWVG''CBWSMZ'
AWVGCBWSMZ
root@arm:~# MARKER='GFQQ''KFUCEX' run 'i2cget -y -f 2 0x30 0x46'
GFQQKFUCEX0x52
GFQQKFUCEX 0
root@arm:~# Labgrid Console Logfile for main
Logfile started at 2024-10-29 08:31:54.582109
=== Log starts here ===

root@arm:~# run() { echo -n "$MARKER"; sh -c "$@"; echo "$MARKER $?"; }
root@arm:~# echo 'TPFT''PMFWOG'
TPFTPMFWOG
root@arm:~# MARKER='HKFO''ZAFXMF' run 'grep -r -l rohm,bd9576 /proc/device-tree || sed '"'"'s![^/]*$!!'"'"''
HKFOZAFXMF/proc/device-tree/ocp/interconnect@48000000/segment@100000/target-module@9c000/i2c@0/pmic@30/
HKFOZAFXMF 0
root@arm:~# echo 'AYLO''XXLHGH'
AYLOXXLHGH
root@arm:~# MARKER='MAVW''FQOGOH' run 'xxd -p /proc/device-tree/ocp/interconnect\\@48000000/segment\@100000/target-module\@9c000/i2c\@0/pmic\@30/regulators/regulaator-vd50/regulator-ov-error-microvolt'
MAVWFQOGOH00057e40
MAVWFQOGOH 0
root@arm:~# echo 'COEG''NMZYUL'
COEGNMZYUL
root@arm:~# MARKER='CWST''HSOKYO' run 'i2cget -y -f 2 0x30 0x51'
CWSTHSOKYO0x47
CWSTHSOKYO 0
root@arm:~# echo 'USAZ''MZKWKF'
USAZMZKWKF
root@arm:~# MARKER='CFZZ''PPHHEK' run 'grep -r -l rohm,bd9576 /proc/device-tree || sed '"'"'s![^/]*$!!'"'"''
CFZZPPHHEK/proc/device-tree/ocp/interconnect@48000000/segment@100000/target-module@9c000/i2c@0/pmic@30/
CFZZPPHHEK 0
root@arm:~# echo 'MWOW''ULLBCJ'
MWOWULLBCJ
root@arm:~# MARKER='ZXFQ''HWWEOY' run 'xxd -p /proc/device-tree/ocp/interconnect \@48000000/segment\@100000/target-module\@9c000/i2c\@0/pmic\@30/regulators/regulaator-vd50/regulator-uv-error-microvolt'
ZXFQHWWEOY00057e40
ZXFQHWWEOY 0
root@arm:~# echo 'YZHP''ZQPFVN'
YZHPZQPFVN
root@arm:~# MARKER='CCGF''SNKPJH' run 'i2cget -y -f 2 0x30 0x52'
CCGFSNKPJH0x47
CCGFSNKPJH 0
root@arm:~# echo 'FKYP''UOBAZB'
FKYPUOBAZB
root@arm:~# MARKER='NLSF''WJYCGW' run 'grep -r -l rohm,bd9576 /proc/device-tree || sed '"'"'s![^/]*$!!'"'"''
NLSFWJYCGW/proc/device-tree/ocp/interconnect@48000000/segment@100000/target-module@9c000/i2c@0/pmic@30/
NLSFWJYCGW 0
root@arm:~# echo 'OAKY''TNBMTT'
OAKYTNBMTT
root@arm:~# MARKER='ZQMN''HPBUXZ' run 'xxd -p /proc/device-tree/ocp/interconnect\\@48000000/segment\@100000/target-module\@9c000/i2c\@0/pmic\@30/regulators/regulaator-vd18/regulator-ov-error-microvolt'
ZQMNHPBUXZ00004650
ZQMNHPBUXZ 0
root@arm:~# echo 'CVOK''LFHGYB'
CVOKLFHGYB
root@arm:~# MARKER='JCMS''KFBJTO' run 'i2cget -y -f 2 0x30 0x54'
JCMSKFBJTO0x11
JCMSKFBJTO 0
root@arm:~# echo 'JWTT''CHQHGJ'
JWTTCHQHGJ
root@arm:~# MARKER='HXPG''YQKLTB' run 'grep -r -l rohm,bd9576 /proc/device-tree || sed '"'"'s![^/]*$!!'"'"''
HXPGYQKLTB/proc/device-tree/ocp/interconnect@48000000/segment@100000/target-module@9c000/i2c@0/pmic@30/
HXPGYQKLTB 0
root@arm:~# echo 'ZQOH''GGMGNJ'
ZQOHGGMGNJ
root@arm:~# MARKER='LYJC''JZYQHE' run 'xxd -p /proc/device-tree/ocp/interconnect\\@48000000/segment\@100000/target-module\@9c000/i2c\@0/pmic\@30/regulators/regulaator-vd18/regulator-uv-error-microvolt'
LYJCJZYQHE0001a9c8
LYJCJZYQHE 0
root@arm:~# echo 'YXKH''JMJMNM'
YXKHJMJMNM
root@arm:~# MARKER='XVOM''XCFXFC' run 'i2cget -y -f 2 0x30 0x55'
XVOMXCFXFC0x6c
XVOMXCFXFC 0
root@arm:~# echo 'TMYE''AQKGKU'
TMYEAQKGKU
root@arm:~# MARKER='WSYQ''TZCJYJ' run 'grep -r -l rohm,bd9576 /proc/device-tree || sed '"'"'s![^/]*$!!'"'"''
WSYQTZCJYJ/proc/device-tree/ocp/interconnect@48000000/segment@100000/target-module@9c000/i2c@0/pmic@30/
WSYQTZCJYJ 0
root@arm:~# echo 'HQCK''KPJGOG'
HQCKKPJGOG
root@arm:~# MARKER='PNGH''ZTONTV' run 'xxd -p /proc/device-tree/ocp/interconnect\\@48000000/segment\@100000/target-module\@9c000/i2c\@0/pmic\@30/regulators/regulaator-vdddr/regulator-ov-warn-microvolt'
PNGHZTONTV0001adb0
PNGHZTONTV 0
root@arm:~# echo 'HBNL''HPEFUY'
HBNLHPEFUY
root@arm:~# MARKER='PQGZ''FXYKWS' run 'i2cget -y -f 2 0x30 0x57'
PQGZFXYKWS0x6d
PQGZFXYKWS 0
root@arm:~# echo 'QWSJ''CHGSKP'
QWSJCHGSKP
root@arm:~# MARKER='EMFT''GXHNPE' run 'grep -r -l rohm,bd9576 /proc/device-tree || sed '"'"'s![^/]*$!!'"'"''
EMFTGXHNPE/proc/device-tree/ocp/interconnect@48000000/segment@100000/target-module@9c000/i2c@0/pmic@30/
EMFTGXHNPE 0
root@arm:~# echo 'CZBW''GZJNEX'
CZBWGZJNEX
root@arm:~# MARKER='VZVE''NWOJHW' run 'xxd -p /proc/device-tree/ocp/interconnect\\@48000000/segment\@100000/target-module\@9c000/i2c\@0/pmic\@30/regulators/regulaator-vdddr/regulator-uv-warn-microvolt'
VZVENWOJHW0001adb0
VZVENWOJHW 0
root@arm:~# echo 'PPCQ''ZOJKUT'
PPCQZOJKUT
root@arm:~# MARKER='NBCP''KHHMFW' run 'i2cget -y -f 2 0x30 0x58'
NBCPKHHMFW0x6d
NBCPKHHMFW 0
root@arm:~# echo 'MBKE''NCQYTX'
MBKENCQYTX
root@arm:~# MARKER='BQGL''FZJLKY' run 'grep -r -l rohm,bd9576 /proc/device-tree || sed '"'"'s![^/]*$!!'"'"''
BQGLFZJLKY/proc/device-tree/ocp/interconnect@48000000/segment@100000/target-module@9c000/i2c@0/pmic@30/
BQGLFZJLKY 0
root@arm:~# echo 'QFYA''LAHGNQ'
QFYALAHGNQ
root@arm:~# MARKER='QXOV''CQEXFP' run 'xxd -p /proc/device-tree/ocp/interconnect\\@48000000/segment\@100000/target-module\@9c000/i2c\@0/pmic\@30/regulators/regulaator-vd10/regulator-ov-error-microvolt'
QXOVCQEXFP00006590
QXOVCQEXFP 0
root@arm:~# echo 'SPAF''OFWHQC'
SPAFOFWHQC
root@arm:~# MARKER='UEGF''AFLZPN' run 'i2cget -y -f 2 0x30 0x5a'
UEGFAFLZPN0x19
UEGFAFLZPN 0
root@arm:~# echo 'XYVT''AVZHAN'
XYVTAVZHAN
root@arm:~# MARKER='PUPH''MOUXGS' run 'grep -r -l rohm,bd9576 /proc/device-tree || sed '"'"'s![^/]*$!!'"'"''
PUPHMOUXGS/proc/device-tree/ocp/interconnect@48000000/segment@100000/target-module@9c000/i2c@0/pmic@30/
PUPHMOUXGS 0
root@arm:~# echo 'YOHS''HUHYPG'
YOHSHUHYPG
root@arm:~# MARKER='MGKV''NAMYEG' run 'xxd -p /proc/device-tree/ocp/interconnect\\@48000000/segment\@100000/target-module\@9c000/i2c\@0/pmic\@30/regulators/regulaator-vd10/regulator-uv-error-microvolt'
MGKVNAMYEG00006590
MGKVNAMYEG 0
root@arm:~# echo 'MJTZ''PKPLWV'
MJTZPKPLWV
root@arm:~# MARKER='BNVW''GGQQUO' run 'i2cget -y -f 2 0x30 0x5b'
BNVWGGQQUO0x19
BNVWGGQQUO 0
root@arm:~# echo 'FWJX''ZFPYLP'
FWJXZFPYLP
root@arm:~# MARKER='NNBE''XZLAHJ' run 'grep -r -l rohm,bd9576 /proc/device-tree || sed '"'"'s![^/]*$!!'"'"''
NNBEXZLAHJ/proc/device-tree/ocp/interconnect@48000000/segment@100000/target-module@9c000/i2c@0/pmic@30/
NNBEXZLAHJ 0
root@arm:~# echo 'NPVS''AZNJBW'
NPVSAZNJBW
root@arm:~# MARKER='WUKB''CUCEQP' run 'xxd -p /proc/device-tree/ocp/interconnect\\@48000000/segment\@100000/target-module\@9c000/i2c\@0/pmic\@30/regulators/regulaator-voutl1/regulator-ov-error-microvolt'
WUKBCUCEQP000084d0
WUKBCUCEQP 0
root@arm:~# echo 'NAHH''BBFWON'
NAHHBBFWON
root@arm:~# MARKER='TSHA''YLCTKA' run 'i2cget -y -f 2 0x30 0x5d'
TSHAYLCTKA0x01
TSHAYLCTKA 0
root@arm:~# echo 'YZNG''XSPZFH'
YZNGXSPZFH
root@arm:~# MARKER='SYSE''OYHWSE' run 'grep -r -l rohm,bd9576 /proc/device-tree || sed '"'"'s![^/]*$!!'"'"''
SYSEOYHWSE/proc/device-tree/ocp/interconnect@48000000/segment@100000/target-module@9c000/i2c@0/pmic@30/
SYSEOYHWSE 0
root@arm:~# echo 'THPS''SZVFJS'
THPSSZVFJS
root@arm:~# MARKER='VMST''EJBWWO' run 'xxd -p /proc/device-tree/ocp/interconnect\\@48000000/segment\@100000/target-module\@9c000/i2c\@0/pmic\@30/regulators/regulaator-voutl1/regulator-uv-error-microvolt'
VMSTEJBWWO000084d0
VMSTEJBWWO 0
root@arm:~# echo 'YKEC''JFPLTJ'
YKECJFPLTJ
root@arm:~# MARKER='MFXN''JSALVY' run 'i2cget -y -f 2 0x30 0x5e'
MFXNJSALVY0x01
MFXNJSALVY 0
root@arm:~# echo 'YKGH''ALBFCM'
YKGHALBFCM
root@arm:~# MARKER='SNZV''KEVACH' run 'grep -r -l rohm,bd9576 /proc/device-tree || sed '"'"'s![^/]*$!!'"'"''
SNZVKEVACH/proc/device-tree/ocp/interconnect@48000000/segment@100000/target-module@9c000/i2c@0/pmic@30/
SNZVKEVACH 0
root@arm:~# echo 'BEAU''THHZKJ'
BEAUTHHZKJ
root@arm:~# MARKER='HGCO''EXJEEL' run 'xxd -p /proc/device-tree/ocp/interconnect\\@48000000/segment\@100000/target-module\@9c000/i2c\@0/pmic\@30/regulators/regulaator-vouts1/regulator-oc-warn-microamp'
HGCOEXJEEL00055730
HGCOEXJEEL 0
root@arm:~# echo 'WZJM''WMXJUN'
WZJMWMXJUN
root@arm:~# MARKER='JGPC''MBLVWG' run 'i2cget -y -f 2 0x30 0x5f'
JGPCMBLVWG0x07
JGPCMBLVWG 0
root@arm:~# echo 'BNKK''WTCLWG'
BNKKWTCLWG
root@arm:~# MARKER='UVGC''BOMXYE' run 'grep -r -l rohm,bd9576 /proc/device-tree || sed '"'"'s![^/]*$!!'"'"''
UVGCBOMXYE/proc/device-tree/ocp/interconnect@48000000/segment@100000/target-module@9c000/i2c@0/pmic@30/
UVGCBOMXYE 0
root@arm:~# echo 'WSZS''YKKPHE'
WSZSYKKPHE
root@arm:~# MARKER='KJQT''LYLXCS' run 'xxd -p /proc/device-tree/ocp/interconnect\\@48000000/segment\@100000/target-module\@9c000/i2c\@0/pmic\@30/regulators/regulaator-vouts1/regulator-oc-protection-microamp'
KJQTLYLXCS00149970
KJQTLYLXCS 0
root@arm:~# echo 'ZTXS''PPMAMW'
ZTXSPPMAMW
root@arm:~# MARKER='EXBT''KSSOWH' run 'i2cget -y -f 2 0x30 0x60'
EXBTKSSOWH0x1b
EXBTKSSOWH 0
root@arm:~# Labgrid Console Logfile for main
Logfile started at 2024-10-29 08:32:15.101891
=== Log starts here ===
reading args
spl_load_image_fat_os: error reading image args, err - -1
reading u-boot.img
reading u-boot.img


U-Boot 2014.04-00014-g47880f5 (Apr 22 2014 - 13:23:54)

I2C:   ready
DRAM:  512 MiB
NAND:  0 MiB
MMC:   OMAP SD/MMC: 0, OMAP SD/MMC: 1
*** Warning - readenv() failed, using default environment

Net:   <ethaddr> not set. Validating first E-fuse MAC
cpsw, usb_ether
Hit any key to stop autoboot:  1  0 
gpio: pin 53 (gpio 53) value is 1
mmc0 is current device
gpio: pin 54 (gpio 54) value is 1
SD/MMC found on device 0
reading uEnv.txt
569 bytes read in 4 ms (138.7 KiB/s)
gpio: pin 55 (gpio 55) value is 1
Loaded environment from uEnv.txt
Importing environment from mmc ...
Checking if uenvcmd is set ...
gpio: pin 56 (gpio 56) value is 1
Running uenvcmd ...
cpsw Waiting for PHY auto negotiation to complete. done
link up on port 0, speed 100, full duplex
Using cpsw device
TFTP from server 192.168.255.126; our IP address is 192.168.255.1
Filename 'zImage'.
Load address: 0x81000000
Loading: *#################################################################
	 #################################################################
	 #################################################################
	 #################################################################
	 #################################################################
	 ####################################################
	 2.4 MiB/s
done
Bytes transferred = 5522736 (544530 hex)
link up on port 0, speed 100, full duplex
Using cpsw device
TFTP from server 192.168.255.126; our IP address is 192.168.255.1
Filename 'am335x-boneblack.dtb'.
Load address: 0x82000000
Loading: *#######
	 2.2 MiB/s
done
Bytes transferred = 98244 (17fc4 hex)
Kernel image @ 0x81000000 [ 0x000000 - 0x544530 ]
## Flattened Device Tree blob at 82000000
   Booting using the fdt blob at 0x82000000
   Using Device Tree in place at 82000000, end 8201afc3

Starting kernel ...

[    0.000000] Booting Linux on physical CPU 0x0
[    0.000000] Linux version 6.12.0-rc5-next-20241029 (user01@drvtest01) (arm-linux-gnueabihf-gcc (Linaro GCC 6.4-2017.11) 6.4.1 20171012, GNU ld (Linaro_Binutils-2017.11) 2.27.0.20161229) #125 SMP Tue Oct 29 08:26:20 EET 2024
[    0.000000] CPU: ARMv7 Processor [413fc082] revision 2 (ARMv7), cr=10c5387d
[    0.000000] CPU: PIPT / VIPT nonaliasing data cache, VIPT aliasing instruction cache
[    0.000000] OF: fdt: Machine model: TI AM335x BeagleBone Black
[    0.000000] Memory policy: Data cache writeback
[    0.000000] cma: Reserved 16 MiB at 0x9e800000 on node -1
[    0.000000] Zone ranges:
[    0.000000]   Normal   [mem 0x0000000080000000-0x000000009fdfffff]
[    0.000000]   HighMem  empty
[    0.000000] Movable zone start for each node
[    0.000000] Early memory node ranges
[    0.000000]   node   0: [mem 0x0000000080000000-0x000000009fdfffff]
[    0.000000] Initmem setup node 0 [mem 0x0000000080000000-0x000000009fdfffff]
[    0.000000] OF: reserved mem: Reserved memory: No reserved-memory node in the DT
[    0.000000] CPU: All CPU(s) started in SVC mode.
[    0.000000] AM335X ES2.1 (sgx neon)
[    0.000000] percpu: Embedded 17 pages/cpu s39756 r8192 d21684 u69632
[    0.000000] Kernel command line: console=ttyO0,115200n8 root=/dev/nfs rw nfsroot=192.168.255.126:/home/user01/nfs,nfsvers=3 ip=192.168.255.1:192.168.255.126::255.255.255.0:bbb1:eth0 nfsrootdebug
[    0.000000] Unknown kernel command line parameters "nfsrootdebug", will be passed to user space.
[    0.000000] printk: log buffer data + meta data: 65536 + 204800 = 270336 bytes
[    0.000000] Dentry cache hash table entries: 65536 (order: 6, 262144 bytes, linear)
[    0.000000] Inode-cache hash table entries: 32768 (order: 5, 131072 bytes, linear)
[    0.000000] Built 1 zonelists, mobility grouping on.  Total pages: 130560
[    0.000000] mem auto-init: stack:off, heap alloc:off, heap free:off
[    0.000000] SLUB: HWalign=64, Order=0-3, MinObjects=0, CPUs=1, Nodes=1
[    0.000000] trace event string verifier disabled
[    0.000000] rcu: Hierarchical RCU implementation.
[    0.000000] rcu: 	RCU event tracing is enabled.
[    0.000000] rcu: 	RCU restricting CPUs from NR_CPUS=2 to nr_cpu_ids=1.
[    0.000000] 	Tracing variant of Tasks RCU enabled.
[    0.000000] rcu: RCU calculated value of scheduler-enlistment delay is 10 jiffies.
[    0.000000] rcu: Adjusting geometry for rcu_fanout_leaf=16, nr_cpu_ids=1
[    0.000000] RCU Tasks Trace: Setting shift to 0 and lim to 1 rcu_task_cb_adjust=1 rcu_task_cpu_ids=1.
[    0.000000] NR_IRQS: 16, nr_irqs: 16, preallocated irqs: 16
[    0.000000] IRQ: Found an INTC at 0x(ptrval) (revision 5.0) with 128 interrupts
[    0.000000] rcu: srcu_init: Setting srcu_struct sizes based on contention.
[    0.000000] TI gptimer clocksource: always-on /ocp/interconnect@44c00000/segment@200000/target-module@31000
[    0.000002] sched_clock: 32 bits at 24MHz, resolution 41ns, wraps every 89478484971ns
[    0.000028] clocksource: dmtimer: mask: 0xffffffff max_cycles: 0xffffffff, max_idle_ns: 79635851949 ns
[    0.000498] TI gptimer clockevent: 24000000 Hz at /ocp/interconnect@48000000/segment@0/target-module@40000
[    0.002150] Console: colour dummy device 80x30
[    0.002215] WARNING: Your 'console=ttyO0' has been replaced by 'ttyS0'
[    0.002223] This ensures that you still see kernel messages. Please
[    0.002228] update your kernel commandline.
[    0.002269] Calibrating delay loop... 996.14 BogoMIPS (lpj=4980736)
[    0.090552] CPU: Testing write buffer coherency: ok
[    0.090656] CPU0: Spectre v2: using BPIALL workaround
[    0.090668] pid_max: default: 32768 minimum: 301
[    0.090790] LSM: initializing lsm=capability
[    0.090971] Mount-cache hash table entries: 1024 (order: 0, 4096 bytes, linear)
[    0.090994] Mountpoint-cache hash table entries: 1024 (order: 0, 4096 bytes, linear)
[    0.092628] CPU0: thread -1, cpu 0, socket -1, mpidr 0
[    0.160936] Setting up static identity map for 0x80100000 - 0x80100078
[    0.170712] rcu: Hierarchical SRCU implementation.
[    0.170725] rcu: 	Max phase no-delay instances is 1000.
[    0.190767] smp: Bringing up secondary CPUs ...
[    0.190825] smp: Brought up 1 node, 1 CPU
[    0.190842] SMP: Total of 1 processors activated (996.14 BogoMIPS).
[    0.190854] CPU: All CPU(s) started in SVC mode.
[    0.191048] Memory: 480868K/522240K available (11264K kernel code, 1208K rwdata, 2892K rodata, 1024K init, 298K bss, 23360K reserved, 16384K cma-reserved, 0K highmem)
[    0.191909] devtmpfs: initialized
[    0.208906] VFP support v0.3: implementor 41 architecture 3 part 30 variant c rev 3
[    0.209257] clocksource: jiffies: mask: 0xffffffff max_cycles: 0xffffffff, max_idle_ns: 19112604462750000 ns
[    0.209291] futex hash table entries: 256 (order: 2, 16384 bytes, linear)
[    0.210558] pinctrl core: initialized pinctrl subsystem
[    0.213596] NET: Registered PF_NETLINK/PF_ROUTE protocol family
[    0.216449] DMA: preallocated 256 KiB pool for atomic coherent allocations
[    0.217370] audit: initializing netlink subsys (disabled)
[    0.218806] thermal_sys: Registered thermal governor 'fair_share'
[    0.218823] thermal_sys: Registered thermal governor 'step_wise'
[    0.218833] thermal_sys: Registered thermal governor 'user_space'
[    0.218988] audit: type=2000 audit(0.210:1): state=initialized audit_enabled=0 res=1
[    0.219027] cpuidle: using governor menu
[    0.238209] No ATAGs?
[    0.238235] hw-breakpoint: debug architecture 0x4 unsupported.
[    0.241101] kprobes: kprobe jump-optimization is enabled. All kprobes are optimized if possible.
[    0.254110] iommu: Default domain type: Translated
[    0.254132] iommu: DMA domain TLB invalidation policy: strict mode
[    0.261726] SCSI subsystem initialized
[    0.262576] pps_core: LinuxPPS API ver. 1 registered
[    0.262586] pps_core: Software ver. 5.3.6 - Copyright 2005-2007 Rodolfo Giometti <giometti@linux.it>
[    0.262609] PTP clock support registered
[    0.270848] vgaarb: loaded
[    0.271259] clocksource: Switched to clocksource dmtimer
[    0.271920] VFS: Disk quotas dquot_6.6.0
[    0.271965] VFS: Dquot-cache hash table entries: 1024 (order 0, 4096 bytes)
[    0.296226] NET: Registered PF_INET protocol family
[    0.296578] IP idents hash table entries: 8192 (order: 4, 65536 bytes, linear)
[    0.297998] tcp_listen_portaddr_hash hash table entries: 512 (order: 0, 4096 bytes, linear)
[    0.298037] Table-perturb hash table entries: 65536 (order: 6, 262144 bytes, linear)
[    0.298060] TCP established hash table entries: 4096 (order: 2, 16384 bytes, linear)
[    0.298104] TCP bind hash table entries: 4096 (order: 4, 65536 bytes, linear)
[    0.298205] TCP: Hash tables configured (established 4096 bind 4096)
[    0.298325] UDP hash table entries: 256 (order: 1, 8192 bytes, linear)
[    0.298354] UDP-Lite hash table entries: 256 (order: 1, 8192 bytes, linear)
[    0.298531] NET: Registered PF_UNIX/PF_LOCAL protocol family
[    0.299824] RPC: Registered named UNIX socket transport module.
[    0.299847] RPC: Registered udp transport module.
[    0.299853] RPC: Registered tcp transport module.
[    0.299858] RPC: Registered tcp-with-tls transport module.
[    0.299864] RPC: Registered tcp NFSv4.1 backchannel transport module.
[    0.299888] PCI: CLS 0 bytes, default 64
[    0.301515] Initialise system trusted keyrings
[    0.312194] workingset: timestamp_bits=14 max_order=17 bucket_order=3
[    0.313536] NFS: Registering the id_resolver key type
[    0.313609] Key type id_resolver registered
[    0.313618] Key type id_legacy registered
[    0.313668] jffs2: version 2.2. (NAND) (SUMMARY)  Â© 2001-2006 Red Hat, Inc.
[    0.314072] Key type asymmetric registered
[    0.314085] Asymmetric key parser 'x509' registered
[    0.314150] io scheduler mq-deadline registered
[    0.314162] io scheduler kyber registered
[    0.314230] io scheduler bfq registered
[    0.315886] ledtrig-cpu: registered to indicate activity on CPUs
[    0.321917] Serial: 8250/16550 driver, 6 ports, IRQ sharing enabled
[    0.372917] brd: module loaded
[    0.393677] loop: module loaded
[    0.394606] mtdoops: mtd device (mtddev=name/number) must be supplied
[    0.397714] i2c_dev: i2c /dev entries driver
[    0.398701] cpuidle: enable-method property 'ti,am3352' found operations
[    0.399148] sdhci: Secure Digital Host Controller Interface driver
[    0.399158] sdhci: Copyright(c) Pierre Ossman
[    0.399331] sdhci-pltfm: SDHCI platform and OF driver helper
[    0.400342] Initializing XFRM netlink socket
[    0.400493] NET: Registered PF_INET6 protocol family
[    0.402678] Segment Routing with IPv6
[    0.402772] In-situ OAM (IOAM) with IPv6
[    0.402871] sit: IPv6, IPv4 and MPLS over IPv4 tunneling driver
[    0.403830] NET: Registered PF_PACKET protocol family
[    0.403866] NET: Registered PF_KEY protocol family
[    0.404002] Key type dns_resolver registered
[    0.404276] ThumbEE CPU extension supported.
[    0.404297] Registering SWP/SWPB emulation handler
[    0.404827] omap_voltage_late_init: Voltage driver support not added
[    0.405174] SmartReflex Class3 initialized
[    0.440062] Loading compiled-in X.509 certificates
[    0.522615] platform 44e10800.pinmux: Fixed dependency cycle(s) with /ocp/interconnect@44c00000/segment@200000/target-module@10000/scm@0/pinmux@800/clkout2-pins
[    0.523169] pinctrl-single 44e10800.pinmux: 142 pins, size 568
[    0.528179] ti-sysc 44e31000.target-module: probe with driver ti-sysc failed with error -16
[    0.567580] ti-sysc 48040000.target-module: probe with driver ti-sysc failed with error -16
[    0.619572] OMAP GPIO hardware version 0.1
[    0.657334] omap_i2c 4819c000.i2c: bus 2 rev0.11 at 100 kHz
[    0.672904] 48000000.interconnect:segment@200000:target-module@0:mpu@0:fck: device ID is greater than 24
[    0.677007] platform 4830e000.lcdc: Fixed dependency cycle(s) with /ocp/interconnect@44c00000/segment@200000/target-module@b000/i2c@0/tda19988@70
[    0.688235] sdhci-omap 481d8000.mmc: supply pbias not found, using dummy regulator
[    0.688751] sdhci-omap 481d8000.mmc: supply vqmmc not found, using dummy regulator
[    0.736895] davinci_mdio 4a101000.mdio: davinci mdio revision 1.6, bus freq 1000000
[    0.851418] davinci_mdio 4a101000.mdio: phy[0]: device 4a101000.mdio:00, driver SMSC LAN8710/LAN8720
[    0.852207] cpsw-switch 4a100000.switch: initialized cpsw ale version 1.4
[    0.852230] cpsw-switch 4a100000.switch: ALE Table size 1024, Policers 0
[    0.852553] cpsw-switch 4a100000.switch: cpts: overflow check period 500 (jiffies)
[    0.852575] cpsw-switch 4a100000.switch: CPTS: ref_clk_freq:250000000 calc_mult:2147483648 calc_shift:29 error:0 nsec/sec
[    0.852683] cpsw-switch 4a100000.switch: Detected MACID = 6c:ec:eb:68:de:78
[    0.854498] cpsw-switch 4a100000.switch: initialized (regs 0x4a100000, pool size 256) hw_ver:0019010C 1.12 (0)
[    0.865556] debugfs: Directory '49000000.dma' with parent 'dmaengine' already present!
[    0.865597] edma 49000000.dma: TI EDMA DMA engine driver
[    0.911040] target-module@4b000000:target-module@140000:pmu@0:fck: device ID is greater than 24
[    0.934434] hw perfevents: enabled with armv7_cortex_a8 PMU driver, 5 (8000000f) counters available
[    0.942131] l3-aon-clkctrl:0000:0: failed to disable
[    0.945223] 44e09000.serial: ttyS0 at MMIO 0x44e09000 (irq = 34, base_baud = 3000000) is a 8250
[    0.945309] printk: legacy console [ttyS0] enabled
 [    2.302280] tps65217-pmic: Failed to locate of_node [id: -1 ]
[    2.308357] tps65217-bl: Failed to locate of_node [id: - 1]
[    2.319813] tps65217 0-0024: TPS65217 ID 0xe version 1. 2
[    2.325969] platform 4830e000.lcdc: Fixed dependency cycle(s) wi
[    2.448130] mmc0: SDHCI controller on 48060000.mmc [48060000.mmc] using External DMA
[    2.456894] cpsw-switch 4a100000.switch: starting ndev. mode: dual_mac
[    2.500478] mmc0: new high speed SDHC card at address 5048
[    2.507598] mmcblk0: mmc0:5048 SD16G 14.4 GiB
[    2.515753]  mmcblk0: p1 p2
[    2.519150] mmcblk0: p2 size 31221760 extends beyond EOD, truncated
[    2.532569] SMSC LAN8710/LAN8720 4a101000.mdio:00: attached PHY driver (mii_bus:phy_addr=4a101000.mdio:00, irq=POLL)
[    2.545230] mmc1: new high speed MMC card at address 0001
[    2.556454] mmcblk1: mmc1:0001 MMC04G 3.60 GiB
[    2.563985]  mmcblk1: p1 p2
[    2.568234] mmcblk1boot0: mmc1:0001 MMC04G 2.00 MiB
[    2.575497] mmcblk1boot1: mmc1:0001 MMC04G 2.00 MiB
[    2.582996] mmcblk1rpmb: mmc1:0001 MMC04G 128 KiB, chardev (250:0)
[    5.682032] cpsw-switch 4a100000.switch eth0: Link is Up - 100Mbps/Full - flow control off
[    5.711276] IP-Config: Complete:
[    5.714552]      device=eth0, hwaddr=6c:ec:eb:68:de:78, ipaddr=192.168.255.1, mask=255.255.255.0, gw=255.255.255.255
[    5.725195]      host=bbb1, domain=, nis-domain=(none)
[    5.730364]      bootserver=192.168.255.126, rootserver=192.168.255.126, rootpath=
[    5.730805] clk: Disabling unused clocks
[    5.742686] PM: genpd: Disabling unused power domains
[    5.747805] KTAP version 1
[    5.750527] 1..0
[    5.776496] VFS: Mounted root (nfs filesystem) on device 0:17.
[    5.783680] devtmpfs: mounted
[    5.788346] Freeing unused kernel image (initmem) memory: 1024K
[    5.795218] Run /sbin/init as init process
[    6.512342] systemd[1]: System time before build time, advancing clock.
[    7.991280] random: crng init done
[    8.033912] systemd[1]: systemd 232 running in system mode. (+PAM +AUDIT +SELINUX +IMA +APPARMOR +SMACK +SYSVINIT +UTMP +LIBCRYPTSETUP +GCRYPT +GNUTLS +ACL +XZ +LZ4 +SECCOMP +BLKID +ELFUTILS +KMOD +IDN)
[    8.052983] systemd[1]: Detected architecture arm.

Welcome to [1mDebian GNU/Linux 9 (stretch)[0m!

[    8.084557] systemd[1]: Set hostname to <arm>.
[    9.205132] systemd[1]: Created slice System Slice.
[[0;32m  OK  [0m] Created slice System Slice.
[    9.221859] systemd[1]: dev-hugepages.mount: Couldn't determine result for ConditionVirtualization=!private-users, assuming failed: No such file or directory
[    9.238170] systemd[1]: Listening on Journal Socket.
[[0;32m  OK  [0m] Listening on Journal Socket.
[    9.291909] systemd[1]: Mounting POSIX Message Queue File System...
         Mounting POSIX Message Queue File System...
[    9.323023] systemd[1]: Listening on udev Kernel Socket.
[[0;32m  OK  [0m] Listening on udev Kernel Socket.
[    9.368894] systemd[1]: Listening on /dev/initctl Compatibility Named Pipe.
[[0;32m  OK  [0m] Listening on /dev/initctl Compatibility Named Pipe.
[    9.418099] systemd[1]: Created slice system-serial\x2dgetty.slice.
[[0;32m  OK  [0m] Created slice system-serial\x2dgetty.slice.
[[0;32m  OK  [0m] Started Forward Password Requests to Wall Directory Watch.
[[0;32m  OK  [0m] Listening on Syslog Socket.
         Starting Load Kernel Modules...
         Mounting Debug File System...
[[0;32m  OK  [0m] Reached target Remote File Systems.
         Starting Remount Root and Kernel File Systems...
[[0;32m  OK  [0m] Created slice system-getty.slice.
         Starting Create list of required stâ€¦ce nodes for the current kernel...
[[0;32m  OK  [0m] Set up automount Arbitrary Executabâ€¦rmats File System Automount Point.
[[0;32m  OK  [0m] Listening on Journal Audit Socket.
[[0;32m  OK  [0m] Created slice User and Session Slice.
[[0;32m  OK  [0m] Reached target Slices.
[[0;32m  OK  [0m] Reached target Swap.
[[0;32m  OK  [0m] Started Dispatch Password Requests to Console Directory Watch.
[[0;32m  OK  [0m] Reached target Paths.
[[0;32m  OK  [0m] Reached target Encrypted Volumes.
[[0;32m  OK  [0m] Listening on udev Control Socket.
[[0;32m  OK  [0m] Listening on Journal Socket (/dev/log).
         Starting Journal Service...
[[0;32m  OK  [0m] Mounted POSIX Message Queue File System.
[[0;32m  OK  [0m] Mounted Debug File System.
[[0;32m  OK  [0m] Started Load Kernel Modules.
[[0;32m  OK  [0m] Started Remount Root and Kernel File Systems.
[[0;32m  OK  [0m] Started Create list of required staâ€¦vice nodes for the current kernel.
         Starting Create Static Device Nodes in /dev...
         Starting Load/Save Random Seed...
         Starting udev Coldplug all Devices...
         Mounting Configuration File System...
         Starting Apply Kernel Variables...
[[0;32m  OK  [0m] Mounted Configuration File System.
[[0;32m  OK  [0m] Started Load/Save Random Seed.
[[0;32m  OK  [0m] Started Apply Kernel Variables.
[[0;32m  OK  [0m] Started Create Static Device Nodes in /dev.
[[0;32m  OK  [0m] Reached target Local File Systems (Pre).
[[0;32m  OK  [0m] Reached target Local File Systems.
         Starting Raise network interfaces...
         Starting udev Kernel Device Manager...
[[0;32m  OK  [0m] Started Journal Service.
         Starting Flush Journal to Persistent Storage...
[   11.572770] systemd-journald[89]: Received request to flush runtime journal from PID 1
[[0;32m  OK  [0m] Started Flush Journal to Persistent Storage.
         Starting Create Volatile Files and Directories...
[[0;32m  OK  [0m] Started udev Kernel Device Manager.
[[0;32m  OK  [0m] Started Create Volatile Files and Directories.
         Starting Update UTMP about System Boot/Shutdown...
         Starting Network Time Synchronization...
[[0;32m  OK  [0m] Started Update UTMP about System Boot/Shutdown.
[[0;32m  OK  [0m] Started udev Coldplug all Devices.
[   14.556853] remoteproc remoteproc0: wkup_m3 is available
[   14.673611] at24 2-0054: supply vcc not found, using dummy regulator
[   14.816440] at24 2-0055: supply vcc not found, using dummy regulator
[   14.939986] at24 2-0056: supply vcc not found, using dummy regulator
[   15.015948] at24 2-0057: supply vcc not found, using dummy regulator
[   15.114000] at24 0-0050: 32768 byte 24c256 EEPROM, writable, 1 bytes/write
[   15.347183] wkup_m3_ipc 44e11324.wkup_m3_ipc: IPC Request for A8->M3 Channel failed! -517
[   15.370921] tps6521x_pwrbutton tps65217-pwrbutton: DMA mask not set
[   15.456830] omap_rtc 44e3e000.rtc: registered as rtc0
[   15.462152] omap_rtc 44e3e000.rtc: setting system clock to 2000-01-01T00:00:00 UTC (946684800)
[   15.475315] wkup_m3_ipc 44e11324.wkup_m3_ipc: IPC Request for A8->M3 Channel failed! -517
[   15.504321] input: tps65217_pwrbutton as /devices/platform/ocp/44c00000.interconnect/44c00000.interconnect:segment@200000/44e0b000.target-module/44e0b000.i2c/i2c-0/0-0024/tps65217-pwrbutton/input/input0
[   15.524587] omap_wdt: OMAP Watchdog Timer Rev 0x01: initial timeout 60 sec
[[0;32m  OK  [0m] Found device /dev/ttyS0.
[[0;32m  OK  [0m] Started Network Time Synchronization.
[   15.602887] wkup_m3_ipc 44e11324.wkup_m3_ipc: IPC Request for A8->M3 Channel failed! -517
[   15.746995] wkup_m3_ipc 44e11324.wkup_m3_ipc: IPC Request for A8->M3 Channel failed! -517
[   15.849697] am335x-phy-driver 47401300.usb-phy: dummy supplies not allowed for exclusive requests (id=vbus)
[[0;32m  OK  [0m] Reached target System Initialization.
[   16.003031] am335x-phy-driver 47401b00.usb-phy: dummy supplies not allowed for exclusive requests (id=vbus)
[   16.014173] wkup_m3_ipc 44e11324.wkup_m3_ipc: IPC Request for A8->M3 Channel failed! -517
[[0;32m  OK  [0m] Listening on Avahi mDNS/DNS-SD Stack Activation Socket.
[[0;32m  OK  [0m] Started Daily Cleanup of Temporary Directories.
[[0;32m  OK  [0m] Listening on D-Bus System Message Bus Socket.
[[0;32m  OK  [0m] Reached target Sockets.[   16.231142] usbcore: registered new interface driver usbfs

[   16.240000] usbcore: registered new interface driver hub
[   16.245554] usbcore: registered new device driver usb
[[0;32m  OK  [0m] Reached target Basic System.
[   16.323527] tda998x 0-0070: found TDA19988
         Starting LSB: Start busybox udhcpd at boot time...
