Labgrid Console Logfile for main
Logfile started at 2025-09-05 09:51:40.659905
=== Log starts here ===
reading args
spl_load_image_fat_os: error reading image args, err - -1
reading u-boot.img
reading u-boot.img


U-Boot 2014.04-00014-g47880f5 (Apr 22 2014 - 13:23:54)

I2C:   ready
DRAM:  512 MiB
NAND:  0 MiB
MMC:   OMAP SD/MMC: 0, OMAP SD/MMC: 1
*** Warning - readenv() failed, using default environment

Net:   <ethaddr> not set. Validating first E-fuse MAC
cpsw, usb_ether
Hit any key to stop autoboot:  1  0 
gpio: pin 53 (gpio 53) value is 1
mmc0 is current device
gpio: pin 54 (gpio 54) value is 1
SD/MMC found on device 0
reading uEnv.txt
569 bytes read in 3 ms (184.6 KiB/s)
gpio: pin 55 (gpio 55) value is 1
Loaded environment from uEnv.txt
Importing environment from mmc ...
Checking if uenvcmd is set ...
gpio: pin 56 (gpio 56) value is 1
Running uenvcmd ...
cpsw Waiting for PHY auto negotiation to complete. done
link up on port 0, speed 100, full duplex
Using cpsw device
TFTP from server 192.168.255.126; our IP address is 192.168.255.1
Filename 'zImage'.
Load address: 0x81000000
Loading: *#################################################################
	 #################################################################
	 #################################################################
	 #################################################################
	 #################################################################
	 #############################################################
	 2.4 MiB/s
done
Bytes transferred = 5659840 (565cc0 hex)
link up on port 0, speed 100, full duplex
Using cpsw device
TFTP from server 192.168.255.126; our IP address is 192.168.255.1
Filename 'am335x-boneblack.dtb'.
Load address: 0x82000000
Loading: *#######
	 2.3 MiB/s
done
Bytes transferred = 98244 (17fc4 hex)
Kernel image @ 0x81000000 [ 0x000000 - 0x565cc0 ]
## Flattened Device Tree blob at 82000000
   Booting using the fdt blob at 0x82000000
   Using Device Tree in place at 82000000, end 8201afc3

Starting kernel ...

[    0.000000] Booting Linux on physical CPU 0x0
[    0.000000] Linux version 6.17.0-rc4-next-20250905 (user01@drvtest01) (arm-none-eabi-gcc (Arm GNU Toolchain 14.2.Rel1 (Build arm-14.52)) 14.2.1 20241119, GNU ld (Arm GNU Toolchain 14.2.Rel1 (Build arm-14.52)) 2.43.1.20241119) #1 SMP Fri Sep  5 09:50:05 EEST 2025
[    0.000000] CPU: ARMv7 Processor [413fc082] revision 2 (ARMv7), cr=10c5387d
[    0.000000] CPU: PIPT / VIPT nonaliasing data cache, VIPT aliasing instruction cache
[    0.000000] OF: fdt: Machine model: TI AM335x BeagleBone Black
[    0.000000] Memory policy: Data cache writeback
[    0.000000] cma: Reserved 16 MiB at 0x9e800000
[    0.000000] Zone ranges:
[    0.000000]   Normal   [mem 0x0000000080000000-0x000000009fdfffff]
[    0.000000]   HighMem  empty
[    0.000000] Movable zone start for each node
[    0.000000] Early memory node ranges
[    0.000000]   node   0: [mem 0x0000000080000000-0x000000009fdfffff]
[    0.000000] Initmem setup node 0 [mem 0x0000000080000000-0x000000009fdfffff]
[    0.000000] On node 0, zone Normal: 512 pages in unavailable ranges
[    0.000000] OF: reserved mem: Reserved memory: No reserved-memory node in the DT
[    0.000000] CPU: All CPU(s) started in SVC mode.
[    0.000000] AM335X ES2.1 (sgx neon)
[    0.000000] percpu: Embedded 17 pages/cpu s39820 r8192 d21620 u69632
[    0.000000] Kernel command line: console=ttyO0,115200n8 root=/dev/nfs rw nfsroot=192.168.255.126:/home/user01/nfs,nfsvers=3 ip=192.168.255.1:192.168.255.126::255.255.255.0:bbb1:eth0 nfsrootdebug
[    0.000000] Unknown kernel command line parameters "nfsrootdebug", will be passed to user space.
[    0.000000] printk: log buffer data + meta data: 65536 + 204800 = 270336 bytes
[    0.000000] Dentry cache hash table entries: 65536 (order: 6, 262144 bytes, linear)
[    0.000000] Inode-cache hash table entries: 32768 (order: 5, 131072 bytes, linear)
[    0.000000] Built 1 zonelists, mobility grouping on.  Total pages: 130560
[    0.000000] mem auto-init: stack:off, heap alloc:off, heap free:off
[    0.000000] SLUB: HWalign=16, Order=0-3, MinObjects=0, CPUs=1, Nodes=1
[    0.000000] rcu: Hierarchical RCU implementation.
[    0.000000] rcu: 	RCU event tracing is enabled.
[    0.000000] rcu: 	RCU restricting CPUs from NR_CPUS=2 to nr_cpu_ids=1.
[    0.000000] 	Tracing variant of Tasks RCU enabled.
[    0.000000] rcu: RCU calculated value of scheduler-enlistment delay is 10 jiffies.
[    0.000000] rcu: Adjusting geometry for rcu_fanout_leaf=16, nr_cpu_ids=1
[    0.000000] RCU Tasks Trace: Setting shift to 0 and lim to 1 rcu_task_cb_adjust=1 rcu_task_cpu_ids=1.
[    0.000000] NR_IRQS: 16, nr_irqs: 16, preallocated irqs: 16
[    0.000000] IRQ: Found an INTC at 0x(ptrval) (revision 5.0) with 128 interrupts
[    0.000000] rcu: srcu_init: Setting srcu_struct sizes based on contention.
[    0.000000] TI gptimer clocksource: always-on /ocp/interconnect@44c00000/segment@200000/target-module@31000
[    0.000003] sched_clock: 32 bits at 24MHz, resolution 41ns, wraps every 89478484971ns
[    0.000026] clocksource: dmtimer: mask: 0xffffffff max_cycles: 0xffffffff, max_idle_ns: 79635851949 ns
[    0.000506] TI gptimer clockevent: 24000000 Hz at /ocp/interconnect@48000000/segment@0/target-module@40000
[    0.002075] Console: colour dummy device 80x30
[    0.002138] WARNING: Your 'console=ttyO0' has been replaced by 'ttyS0'
[    0.002146] This ensures that you still see kernel messages. Please
[    0.002151] update your kernel commandline.
[    0.002197] Calibrating delay loop... 996.14 BogoMIPS (lpj=4980736)
[    0.090623] CPU: Testing write buffer coherency: ok
[    0.090705] CPU0: Spectre v2: using BPIALL workaround
[    0.090716] pid_max: default: 32768 minimum: 301
[    0.090883] LSM: initializing lsm=capability
[    0.091041] Mount-cache hash table entries: 1024 (order: 0, 4096 bytes, linear)
[    0.091062] Mountpoint-cache hash table entries: 1024 (order: 0, 4096 bytes, linear)
[    0.092659] CPU0: thread -1, cpu 0, socket -1, mpidr 0
[    0.092716] cacheinfo: Unable to detect cache hierarchy for CPU 0
[    0.094715] Setting up static identity map for 0x80100000 - 0x80100078
[    0.095046] rcu: Hierarchical SRCU implementation.
[    0.095055] rcu: 	Max phase no-delay instances is 1000.
[    0.096738] smp: Bringing up secondary CPUs ...
[    0.096790] smp: Brought up 1 node, 1 CPU
[    0.096804] SMP: Total of 1 processors activated (996.14 BogoMIPS).
[    0.096815] CPU: All CPU(s) started in SVC mode.
[    0.097019] Memory: 480880K/522240K available (11264K kernel code, 1218K rwdata, 2940K rodata, 1024K init, 253K bss, 23328K reserved, 16384K cma-reserved, 0K highmem)
[    0.097824] devtmpfs: initialized
[    0.115096] VFP support v0.3: implementor 41 architecture 3 part 30 variant c rev 3
[    0.115745] clocksource: jiffies: mask: 0xffffffff max_cycles: 0xffffffff, max_idle_ns: 19112604462750000 ns
[    0.115803] posixtimers hash table entries: 512 (order: 0, 4096 bytes, linear)
[    0.115830] futex hash table entries: 256 (16384 bytes on 1 NUMA nodes, total 16 KiB, linear).
[    0.116969] pinctrl core: initialized pinctrl subsystem
[    0.119083] NET: Registered PF_NETLINK/PF_ROUTE protocol family
[    0.122194] DMA: preallocated 256 KiB pool for atomic coherent allocations
[    0.122804] audit: initializing netlink subsys (disabled)
[    0.124127] thermal_sys: Registered thermal governor 'fair_share'
[    0.124142] thermal_sys: Registered thermal governor 'step_wise'
[    0.124152] thermal_sys: Registered thermal governor 'user_space'
[    0.124254] audit: type=2000 audit(0.120:1): state=initialized audit_enabled=0 res=1
[    0.124323] cpuidle: using governor menu
[    0.142292] /ocp/interconnect@44c00000/segment@200000/target-module@b000/i2c@0/tda19988@70: Fixed dependency cycle(s) with /ocp/interconnect@48000000/segment@300000/target-module@e000/lcdc@0
[    0.143403] /ocp/interconnect@48000000/segment@300000/target-module@e000/lcdc@0: Fixed dependency cycle(s) with /ocp/interconnect@44c00000/segment@200000/target-module@b000/i2c@0/tda19988@70
[    0.145617] No ATAGs?
[    0.145653] hw-breakpoint: debug architecture 0x4 unsupported.
[    0.148745] kprobes: kprobe jump-optimization is enabled. All kprobes are optimized if possible.
[    0.154467] iommu: Default domain type: Translated
[    0.154489] iommu: DMA domain TLB invalidation policy: strict mode
[    0.161638] SCSI subsystem initialized
[    0.162493] pps_core: LinuxPPS API ver. 1 registered
[    0.162503] pps_core: Software ver. 5.3.6 - Copyright 2005-2007 Rodolfo Giometti <giometti@linux.it>
[    0.162529] PTP clock support registered
[    0.171084] vgaarb: loaded
[    0.171452] clocksource: Switched to clocksource dmtimer
[    0.172132] VFS: Disk quotas dquot_6.6.0
[    0.172188] VFS: Dquot-cache hash table entries: 1024 (order 0, 4096 bytes)
[    0.197210] NET: Registered PF_INET protocol family
[    0.197553] IP idents hash table entries: 8192 (order: 4, 65536 bytes, linear)
[    0.198965] tcp_listen_portaddr_hash hash table entries: 512 (order: 0, 4096 bytes, linear)
[    0.199001] Table-perturb hash table entries: 65536 (order: 6, 262144 bytes, linear)
[    0.199020] TCP established hash table entries: 4096 (order: 2, 16384 bytes, linear)
[    0.199064] TCP bind hash table entries: 4096 (order: 4, 65536 bytes, linear)
[    0.199164] TCP: Hash tables configured (established 4096 bind 4096)
[    0.199287] UDP hash table entries: 256 (order: 1, 14336 bytes, linear)
[    0.199323] UDP-Lite hash table entries: 256 (order: 1, 14336 bytes, linear)
[    0.199529] NET: Registered PF_UNIX/PF_LOCAL protocol family
[    0.202601] RPC: Registered named UNIX socket transport module.
[    0.202623] RPC: Registered udp transport module.
[    0.202628] RPC: Registered tcp transport module.
[    0.202633] RPC: Registered tcp-with-tls transport module.
[    0.202638] RPC: Registered tcp NFSv4.1 backchannel transport module.
[    0.202661] PCI: CLS 0 bytes, default 64
[    0.204066] Initialise system trusted keyrings
[    0.212102] workingset: timestamp_bits=14 max_order=17 bucket_order=3
[    0.213512] NFS: Registering the id_resolver key type
[    0.213600] Key type id_resolver registered
[    0.213608] Key type id_legacy registered
[    0.213711] jffs2: version 2.2. (NAND) (SUMMARY)  Â© 2001-2006 Red Hat, Inc.
[    0.214175] Key type asymmetric registered
[    0.214191] Asymmetric key parser 'x509' registered
[    0.214266] io scheduler mq-deadline registered
[    0.214277] io scheduler kyber registered
[    0.214356] io scheduler bfq registered
[    0.216220] target-module@4b000000:target-module@140000:pmu@0:fck: device ID is greater than 24
[    0.222389] l3-aon-clkctrl:0000:0: failed to disable
[    0.231715] ledtrig-cpu: registered to indicate activity on CPUs
[    0.235449] Serial: 8250/16550 driver, 6 ports, IRQ sharing enabled
[    0.274870] brd: module loaded
[    0.291796] loop: module loaded
[    0.292732] mtdoops: mtd device (mtddev=name/number) must be supplied
[    0.295721] i2c_dev: i2c /dev entries driver
[    0.296738] cpuidle: enable-method property 'ti,am3352' found operations
[     0.297189] sdhci: Secure Digital Host Controller Interface driver
[    0.297198] sdhci: Copyright(c) Pierre Ossman
[    0.297383] sdhci-pltfm: SDHCI platform and OF driver helper
[    0.317699] hw perfevents: enabled with armv7_cortex_a8 PMU driver, 5 (8000000f) counters available
[    0.318267] Initializing XFRM netlink socket
[    0.318453] NET: Registered PF_INET6 protocol family
[    0.324097] l3-aon-clkctrl:0000:0: failed to disable
[    0.325686] Segment Routing with IPv6
[    0.325764] I n-situ OAM (IOAM) with IPv6
[    0.325858] sit: IPv6, IPv4 and MPLS over IPv4 tunneling driver
[    0.326828] NET: Registered PF_PACKET protocol family
[    0.326857] NET: Registered PF_KEY protocol family
[    0.327003] Key type dns_resolver registered
[    0.327239] ThumbEE CPU extension supported.
[    0.327260] Registering SWP/SWPB emulation handler
[    0.327785] omap_voltage_late_init: Voltage driver support not added
[    0.328444] SmartReflex Class3 initialized
[    0.351976] Loading compiled-in X.509 certificates
[    0.383232] /ocp/interconnect@44c00000/segment@200000/target-module@b000/i2c@0/tda19988@70: Fixed dependency cycle(s) with /ocp/interconnect@48000000/segment@300000/target-module@e000/lcdc@0
[    0.389653] /ocp/interconnect@44c00000/segment@200000/target-module@b000/i2c@0/tda19988@70: Fixed dependency cycle(s) with /ocp/interconnect@48000000/segment@300000/target-module@e000/lcdc@0
[    0.432389] /ocp/interconnect@44c00000/segment@200000/target-module@b000/i2c@0/tda19988@70: Fixed dependency cycle(s) with /ocp/interconnect@48000000/segment@300000/target-module@e000/lcdc@0
[    0.433305] /ocp/interconnect@44c00000/segment@200000/target-module@b000/i2c@0/tda19988@70: Fixed dependency cycle(s) with /ocp/interconnect@48000000/segment@300000/target-module@e000/lcdc@0
[    0.436791] /ocp/interconnect@44c00000/segment@200000/target-module@10000/scm@0/pinmux@800: Fixed dependency cycle(s) with /ocp/interconnect@44c00000/segment@200000/target-module@10000/scm@0/pinmux@800/clkout2-pins
[i2c: bus 2 rev0.11 at 100 kHz
[    0.605681] 48000000.interconnect:segment@200000:target-module@0:mpu@0:fck: device ID is greater than 24
[    0.606576] /ocp/interconnect@48000000/segment@300000/target-module@e000/lcdc@0: Fixed dependency cycle(s) with /ocp/interconnect@44c00000/segment@200000/target-module@b000/i2c@0/tda19988@70
[    0.609415] /ocp/interconnect@48000000/segment@300000/target-module@e000/lcdc@0: Fixed dependency cycle(s) with /ocp/interconnect@44c00000/segment@200000/target-module@b000/i2c@0/tda19988@70
[    0.610119] /ocp/interconnect@44c00000/segment@200000/target-module@b000/i2c@0/tda19988@70: Fixed dependency cycle(s) with /ocp/interconnect@48000000/segment@300000/target-module@e000/lcdc@0
[    0.610281] /ocp/interconnect@48000000/segment@300000/target-module@e000/lcdc@0: Fixed dependency cycle(s) with /ocp/interconnect@44c00000/segment@200000/target-module@b000/i2c@0/tda19988@70
[    0.621689] sdhci-omap 481d8000.mmc: supply pbias not found, using dummy regulator
[    0.633768] sdhci-omap 481d8000.mmc: supply vqmmc not found, using dummy regulator
[    0.672272] davinci_mdio 4a101000.mdio: davinci mdio revision 1.6, bus freq 1000000
[    0.836773] davinci_mdio 4a101000.mdio: phy[0]: device 4a101000.mdio:00, driver SMSC LAN8710/LAN8720
[    0.837623] cpsw-switch 4a100000.switch: initialized cpsw ale version 1.4
[    0.837645] cpsw-switch 4a100000.switch: ALE Table size 1024, Policers 0
[    0.842413] cpsw-switch 4a100000.switch: cpts: overflow check period 500 (jiffies)
[    0.842436] cpsw-switch 4a100000.switch: CPTS: ref_clk_freq:250000000 calc_mult:2147483648 calc_shift:29 error:0 nsec/sec
[    0.842541] cpsw-switch 4a100000.switch: Detected MACID = 6c:ec:eb:68:de:78
[    0.844423] cpsw-switch 4a100000.switch: initialized (regs 0x4a100000, pool size 256) hw_ver:0019010C 1.12 (0)
[    0.855557] debugfs: '49000000.dma' already exists in 'dmaengine'
[    0.855601] edma 49000000.dma: TI EDMA DMA engine driver
[    0.923371] 44e09000.serial: ttyS0 at MMIO 0x44e09000 (irq = 34, base_baud = 3000000) is a 8250
[    0.923463] printk: legacy console [ttyS0] enabled
[    2.442400] tps65217-pmic: Failed to locate of_node [id: -1]
[    2.448468] tps65217-bl: Failed to locate of_node [id: -1]
[    2.454552] platform tps65217-charger: DMA mask not set
[    2.460584] platform tps65217-pwrbutton: DMA mask not set
[    2.467801] tps65217 0-0024: TPS65217 ID 0xe version 1.2
[    2.473896] /ocp/interconnect@48000000/segment@300000/target-module@e000/lcdc@0: Fixed dependency cycle(s) with /ocp/interconnect@44c00000/segment@200000/target-module@b000/i2c@0/tda19988@70
[    2.491332] /ocp/interconnect@44c00000/segment@200000/target-module@b000/i2c@0/tda19988@70: Fixed dependency cycle(s) with /ocp/interconnect@48000000/segment@300000/target-module@e000/lcdc@0
[    2.508698] omap_i2c 44e0b000.i2c: bus 0 rev0.11 at 400 kHz
[    2.516678] omap_gpio 44e07000.gpio: Could not set line 6 debounce to 200000 microseconds (-22)
[    2.525561] sdhci-omap 48060000.mmc: Got CD GPIO
[    2.530558] sdhci-omap 48060000.mmc: supply pbias not found, using dummy regulator
[    2.540735] sdhci-omap 48060000.mmc: supply vqmmc not found, using dummy regulator
[    2.549526] sdhci-omap 481d8000.mmc: supply pbias not found, using dummy regulator
[    2.559373] sdhci-omap 481d8000.mmc: supply vqmmc not found, using dummy regulator
[    2.595222] mmc0: SDHCI controller on 48060000.mmc [48060000.mmc] using External DMA
[    2.603460] mmc1: SDHCI controller on 481d8000.mmc [481d8000.mmc] using External DMA
[    2.612277] cpsw-switch 4a100000.switch: starting ndev. mode: dual_mac
[    2.681756] mmc1: new high speed MMC card at address 0001
[    2.688569] mmcblk1: mmc1:0001 MMC04G 3.60 GiB
[    2.696495]  mmcblk1: p1 p2
[    2.700328] SMSC LAN8710/LAN8720 4a101000.mdio:00: attached PHY driver (mii_bus:phy_addr=4a101000.mdio:00, irq=POLL)
[    2.712937] mmcblk1boot0: mmc1:0001 MMC04G 2.00 MiB
[    2.726775] mmcblk1boot1: mmc1:0001 MMC04G 2.00 MiB
[    2.735722] mmcblk1rpmb: mmc1:0001 MMC04G 128 KiB, chardev (249:0)
[    2.784554] mmc0: new high speed SDHC card at address aaaa
[    2.791405] mmcblk0: mmc0:aaaa SE32G 29.7 GiB
[    2.800604]  mmcblk0: p1 p2
[    5.842228] cpsw-switch 4a100000.switch eth0: Link is Up - 100Mbps/Full - flow control off
[    5.881700] IP-Config: Complete:
[    5.884976]      device=eth0, hwaddr=6c:ec:eb:68:de:78, ipaddr=192.168.255.1, mask=255.255.255.0, gw=255.255.255.255
[    5.895646]      host=bbb1, domain=, nis-domain=(none)
[    5.900814]      bootserver=192.168.255.126, rootserver=192.168.255.126, rootpath=
[    5.901255] clk: Disabling unused clocks
[    5.913142] KTAP version 1
[    5.915873] 1..0
[    5.918302] check access for rdinit=/init failed: -2, ignoring
[    5.957989] VFS: Mounted root (nfs filesystem) on device 0:17.
[    5.965265] devtmpfs: mounted
[    5.969742] Freeing unused kernel image (initmem) memory: 1024K
[    5.976535] Run /sbin/init as init process
[    6.654246] systemd[1]: System time before build time, advancing clock.
[    8.181472] random: crng init done
[    8.193992] systemd[1]: systemd 232 running in system mode. (+PAM +AUDIT +SELINUX +IMA +APPARMOR +SMACK +SYSVINIT +UTMP +LIBCRYPTSETUP +GCRYPT +GNUTLS +ACL +XZ +LZ4 +SECCOMP +BLKID +ELFUTILS +KMOD +IDN)
[    8.213060] systemd[1]: Detected architecture arm.

Welcome to [1mDebian GNU/Linux 9 (stretch)[0m!

[    8.244627] systemd[1]: Set hostname to <arm>.
[    9.366987] systemd[1]: Set up automount Arbitrary Executable File Formats File System Automount Point.
[[0;32m  OK  [0m] Set up automount Arbitrary Executabâ€¦rmats File System Automount Point.
[    9.403162] systemd[1]: Created slice User and Session Slice.
[[0;32m  OK  [0m] Created slice User and Session Slice.
[    9.434989] systemd[1]: Listening on Journal Audit Socket.
[[0;32m  OK  [0m] Listening on Journal Audit Socket.
[    9.462182] systemd[1]: Listening on udev Kernel Socket.
[[0;32m  OK  [0m] Listening on udev Kernel Socket.
[    9.493437] systemd[1]: Listening on udev Control Socket.
[[0;32m  OK  [0m] Listening on udev Control Socket.
[    9.522451] systemd[1]: Started Dispatch Password Requests to Console Directory Watch.
[[0;32m  OK  [0m] Started Dispatch Password Requests to Console Directory Watch.
[    9.552264] systemd[1]: Started Forward Password Requests to Wall Directory Watch.
[[0;32m  OK  [0m] Started Forward Password Requests to Wall Directory Watch.
[[0;32m  OK  [0m] Listening on Syslog Socket.
[[0;32m  OK  [0m] Reached target Swap.
[[0;32m  OK  [0m] Listening on Journal Socket.
[[0;32m  OK  [0m] Listening on Journal Socket (/dev/log).
[[0;32m  OK  [0m] Reached target Remote File Systems.
[[0;32m  OK  [0m] Reached target Paths.
[[0;32m  OK  [0m] Reached target Encrypted Volumes.
[[0;32m  OK  [0m] Created slice System Slice.
         Starting Journal Service...
[[0;32m  OK  [0m] Reached target Slices.
         Starting Load Kernel Modules...
         Mounting Debug File System...
[[0;32m  OK  [0m] Created slice system-serial\x2dgetty.slice.
         Starting Remount Root and Kernel File Systems...
         Mounting POSIX Message Queue File System...
[[0;32m  OK  [0m] Created slice system-getty.slice.
         Starting Create list of required stâ€¦ce nodes for the current kernel...
[[0;32m  OK  [0m] Listening on /dev/initctl Compatibility Named Pipe.
[[0;32m  OK  [0m] Mounted POSIX Message Queue File System.
[[0;32m  OK  [0m] Mounted Debug File System.
[[0;32m  OK  [0m] Started Load Kernel Modules.
[[0;32m  OK  [0m] Started Remount Root and Kernel File Systems.
[[0;32m  OK  [0m] Started Create list of required staâ€¦vice nodes for the current kernel.
         Starting Create Static Device Nodes in /dev...
         Starting Load/Save Random Seed...
         Starting udev Coldplug all Devices...
         Mounting Configuration File System...
         Starting Apply Kernel Variables...
[[0;32m  OK  [0m] Mounted Configuration File System.
[[0;32m  OK  [0m] Started Load/Save Random Seed.
[[0;32m  OK  [0m] Started Journal Service.
[[0;32m  OK  [0m] Started Apply Kernel Variables.
         Starting Flush Journal to Persistent Storage...
[[0;32m  OK  [0m] Started Create Static Device Nodes in /dev.
[[0;32m  OK  [0m] Reached target Local File Systems (Pre).
[[0;32m  OK  [0m] Reached target Local File Systems.
         Starting Raise network interfaces...
         Starting udev Kernel Device Manager...
[   11.540652] systemd-journald[86]: Received request to flush runtime journal from PID 1
[[0;32m  OK  [0m] Started Flush Journal to Persistent Storage.
         Starting Create Volatile Files and Directories...
[[0;32m  OK  [0m] Started udev Kernel Device Manager.
[   12.643683] omap_prm 44e00d00.prm: sync_state() pending due to 44d00000.cpu
[[0;32m  OK  [0m] Started Create Volatile Files and Directories.
         Starting Network Time Synchronization...
         Starting Update UTMP about System Boot/Shutdown...
[[0;32m  OK  [0m] Started Update UTMP about System Boot/Shutdown.
[[0;32m  OK  [0m] Started Network Time Synchronization.
[[0;32m  OK  [0m] Reached target System Time Synchronized.
[[0;32m  OK  [0m] Started udev Coldplug all Devices.
[[0;32m  OK  [0m] Reached target System Initialization.
[[0;32m  OK  [0m] Listening on Avahi mDNS/DNS-SD Stack Activation Socket.
[[0;32m  OK  [0m] Listening on D-Bus System Message Bus Socket.
[[0;32m  OK  [0m] Reached target Sockets.
[[0;32m  OK  [0m] Started Daily apt download activities.
[[0;32m  OK  [0m] Started Daily apt upgrade and clean activities.
[[0;32m  OK  [0m] Reached target Basic System.
         Starting Telephony service...
         Starting LSB: Load kernel modules needed to enable cpufreq scaling...
         Starting Avahi mDNS/DNS-SD Stack...
[   15.405659] remoteproc remoteproc0: wkup_m3 is available
[   15.562842] omap_rtc 44e3e000.rtc: registered as rtc0
[   15.568023] omap_rtc 44e3e000.rtc: setting system clock to 2000-01-01T00:00:00 UTC (946684800)
[[0;32m  OK  [0m] Started Regular background program processin[   15.587042] at24 2-0054: supply vcc not found, using dummy regulator
g daemon.
         Starting LSB: Start busybox udhcpd at boot time...
[   15.716336] at24 2-0055: supply vcc not found, using dummy regulator
         Starting Generic Board Startup...
[   15.882378] at24 2-0056: supply vcc not found, using dummy regulator
[   15.890695] omap_wdt: OMAP Watchdog Timer Rev 0x01: initial timeout 60 sec
[   15.914973] input: tps65217_pwrbutton as /devices/platform/ocp/44c00000.interconnect/44c00000.interconnect:segment@200000/44e0b000.target-module/44e0b000.i2c/i2c-0/0-0024/tps65217-pwrbutton/input/input0
         Starting Cape Manager Service...
[   16.045844] at24 2-0057: supply vcc not found, using dummy regulator
         Starting System Logging Service...
[   16.223629] at24 0-0050: 32768 byte 24c256 EEPROM, writable, 1 bytes/write
         Starting Login Service...
[[0;32m  OK  [0m] Started D-Bus System Message Bus.
[   17.400668] am335x-phy-driver 47401300.usb-phy: dummy supplies not allowed for exclusive requests (id=vbus)
[   17.562383] am335x-phy-driver 47401b00.usb-phy: dummy supplies not allowed for exclusive requests (id=vbus)
[   17.824392] usbcore: registered new interface driver usbfs
[   17.830121] usbcore: registered new interface driver hub
[   17.835779] usbcore: registered new device driver usb
[   18.312429] tda998x 0-0070: found TDA19988
[   18.603645] musb-hdrc musb-hdrc.1: MUSB HDRC host driver
[   18.609077] musb-hdrc musb-hdrc.1: new USB bus registered, assigned bus number 1
[   18.862535] usb usb1: New USB device found, idVendor=1d6b, idProduct=0002, bcdDevice= 6.17
[   18.870897] usb usb1: New USB device strings: Mfr=3, Product=2, SerialNumber=1
[   18.878301] usb usb1: Product: MUSB HDRC host driver
[   18.883367] usb usb1: Manufacturer: Linux 6.17.0-rc4-next-20250905 musb-hcd
[   18.890367] usb usb1: SerialNumber: musb-hdrc.1
[   19.044765] omap-mailbox 480c8000.mailbox: omap mailbox rev 0x400
[   19.142369] remoteproc remoteproc0: powering up wkup_m3
[   19.325328] hub 1-0:1.0: USB hub found
[   19.380015] hub 1-0:1.0: 1 port detected
[   19.388177] remoteproc remoteproc0: Direct firmware load for am335x-pm-firmware.elf failed with error -2
[   19.397986] remoteproc remoteproc0: request_firmware failed: -2
[   19.404002] wkup_m3_ipc 44e11324.wkup_m3_ipc: rproc_boot failed
[[0;32m  OK  [0m] Started Telephony service.
[   21.307538] ------------[ cut here ]------------
[   21.312367] WARNING: net/8021q/vlan_core.c:236 at vlan_for_each+0x114/0x134, CPU#0: avahi-daemon/178
[   21.321664] RTNL: assertion failed at net/8021q/vlan_core.c (236)
[   21.327792] Modules linked in: drm_client_lib snd_soc_davinci_mcasp snd_soc_ti_udma snd_soc_ti_edma snd_soc_ti_sdma snd_soc_core snd_pcm_dmaengine omap_mailbox snd_pcm snd_timer musb_dsps snd musb_hdrc tda998x soundcore udc_core cec drm_kms_helper usbcore phy_am335x phy_generic drm usb_common wkup_m3_ipc phy_am335x_control drm_panel_orientation_quirks tps65218_pwrbutton omap_wdt watchdog at24 rtc_omap wkup_m3_rproc cppi41 leds_gpio led_class cpufreq_dt autofs4
[   21.368996] CPU: 0 UID: 107 PID: 178 Comm: avahi-daemon Not tainted 6.17.0-rc4-next-20250905 #1 NONE 
[   21.369016] Hardware name: Generic AM33XX (Flattened Device Tree)
[   21.369025] Call trace: 
[   21.369040]  unwind_backtrace from show_stack+0x10/0x14
[   21.369076]  show_stack from dump_stack_lvl+0x50/0x64
[   21.369101]  dump_stack_lvl from __warn+0x88/0x148
[   21.369118]  __warn from warn_slowpath_fmt+0x19c/0x1b0
[   21.369131]  warn_slowpath_fmt from vlan_for_each+0x114/0x134
[   21.369147]  vlan_for_each from cpsw_add_mc_addr+0x40/0xa4
[   21.369177]  cpsw_add_mc_addr from __hw_addr_ref_sync_dev+0x108/0x140
[   21.369202]  __hw_addr_ref_sync_dev from __dev_mc_add+0x7c/0x80
[   21.369218]  __dev_mc_add from igmp6_group_added+0xc8/0xe0
[   21.369249]  igmp6_group_added from __ipv6_dev_mc_inc+0x218/0x364
[   21.369272]  __ipv6_dev_mc_inc from __ipv6_sock_mc_join+0x11c/0x1c0
[   21.369295]  __ipv6_sock_mc_join from do_ipv6_setsockopt+0x1214/0x1310
[   21.369317]  do_ipv6_setsockopt from ipv6_setsockopt+0x60/0xcc
[   21.369331]  ipv6_setsockopt from udpv6_setsockopt+0x2c/0x6c
[   21.369348]  udpv6_setsockopt from sock_common_setsockopt+0x30/0x40
[   21.369372]  sock_common_setsockopt from do_sock_setsockopt+0x50/0x9c
[   21.369402]  do_sock_setsockopt from __sys_setsockopt+0x70/0xbc
[   21.369421]  __sys_setsockopt from ret_fast_syscall+0x0/0x58
[   21.369435] Exception stack(0xe012dfa8 to 0xe012dff0)
[   21.369450] dfa0:                   00000014 b6fdfce8 0000000d 00000029 00000014 bed0a9ec
[   21.369462] dfc0: 00000014 b6fdfce8 00000014 00000126 0000000d b6f88ff4 0050e988 004f6558
[   21.369471] dfe0: b6f9e088 bed0a9d8 b6f7b309 b6e5241a
[   21.369478] ---[ end trace 0000000000000000 ]---
[[0;32m  OK  [0m] Started Avahi mDNS/DNS-SD Stack.
         Starting Connection service...
         Starting DUN service...
[[0;32m  OK  [0m] Started Daily Cleanup of Temporary Directories.
[[0;32m  OK  [0m] Reached target Timers.
[   21.930355] omap_rng 48310000.rng: Random Number Generator ver. 20
[[0;32m  OK  [0m] Started System Logging Service.
[[0;32m  OK  [0m] Started Cape Manager Service.
[   22.093340] tilcdc 4830e000.lcdc: bound 0-0070 (ops tda998x_audio_codec_init [tda998x])
[[0;32m  OK  [0m] Found device /dev/ttyS0.
[   22.293344] [drm] Initialized tilcdc 1.0.0 for 4830e000.lcdc on minor 0
[   22.371704] tilcdc 4830e000.lcdc: [drm] Cannot find any crtc or sizes
[   22.560737] tilcdc 4830e000.lcdc: [drm] Cannot find any crtc or sizes
[   23.552862] Bluetooth: Core ver 2.22
[   23.556699] NET: Registered PF_BLUETOOTH protocol family
[   23.562241] Bluetooth: HCI device and connection manager initialized
[   23.568661] Bluetooth: HCI socket layer initialized
[   23.573619] Bluetooth: L2CAP socket layer initialized
[   23.578735] Bluetooth: SCO socket layer initialized
[   23.829706] omap-sham 53100000.sham: hw accel on OMAP rev 4.3
[   23.899850] omap-sham 53100000.sham: will run requests pump with realtime priority
[   24.018604] PM: Cannot get wkup_m3_ipc handle
[   24.076812] omap-aes 53500000.aes: OMAP AES hw accel rev: 3.2
[   24.194145] omap-aes 53500000.aes: will run requests pump with realtime priority
[   24.208093] PM: Cannot get wkup_m3_ipc handle
[   27.387874] gpio-537 (nxp,calib): gpiod_direction_output_nonotify: tried to set a GPIO tied to an IRQ as output
[   27.419202] PM: Cannot get wkup_m3_ipc handle
[   27.539017] PM: Cannot get wkup_m3_ipc handle
[[0m[0;31m*     [0m] (1 of 7) A start job is running for DUN service (18s / 1min 42s)[   27.636596] tda9950 0-0034: TDA9950 CEC interface, hardware version 3.3
[   27.753649] PM: Cannot get wkup_m3_ipc handle
[K[[0;32m  OK  [0m] Started LSB: Start busybox udhcpd at boot time.
[[0;32m  OK  [0m] Started Raise network interfaces.
[[0;32m  OK  [0m] Started LSB: Load kernel modules needed to enable cpufreq scaling.
[   29.407962] configfs-gadget.g_multi gadget.0: HOST MAC 1c:ba:8c:a2:ed:6c
[   29.415009] configfs-gadget.g_multi gadget.0: MAC 1c:ba:8c:a2:ed:70
[   29.422412] configfs-gadget.g_multi gadget.0: HOST MAC 1c:ba:8c:a2:ed:6c
[   29.429177] configfs-gadget.g_multi gadget.0: MAC 1c:ba:8c:a2:ed:6d
[   29.437859] PM: Cannot get wkup_m3_ipc handle
[[0;32m  OK  [0m] Started DUN service.
[[0;32m  OK  [0m] Started Connection service.
[[0;32m  OK  [0m] Started Login Service.
         Starting Hostname Service...
         Starting WPA supplicant...
[[0;32m  OK  [0m] Reached target Sound Card.
         Starting LSB: set CPUFreq kernel parameters...
[[0;32m  OK  [0m] Started WPA supplicant.
[[0;32m  OK  [0m] Started Hostname Service.
[[0;32m  OK  [0m] Reached target Network.
         Starting Permit User Sessions...
         Starting The Apache HTTP Server...
         Starting OpenBSD Secure Shell server...
[[0;32m  OK  [0m] Reached target Network is Online.
         Starting LSB: Advanced IEEE 802.11 management daemon...
[[0;32m  OK  [0m] Started LSB: set CPUFreq kernel parameters.
[[0;32m  OK  [0m] Started Permit User Sessions.
[[0;32m  OK  [0m] Started LSB: Advanced IEEE 802.11 management daemon.
[[0;32m  OK  [0m] Started Getty on tty1.
[[0;32m  OK  [0m] Started Serial Getty on ttyS0.
[[0;32m  OK  [0m] Reached target Login Prompts.
         Stopping LSB: Start busybox udhcpd at boot time...
[[0;32m  OK  [0m] Stopped LSB: Start busybox udhcpd at boot time.
[[0;32m  OK  [0m] Started OpenBSD Secure Shell server.
         Starting dnsmasq - A lightweight DHCP and caching DNS server...
[[0;32m  OK  [0m] Started The Apache HTTP Server.
[[0;32m  OK  [0m] Started dnsmasq - A lightweight DHCP and caching DNS server.
[[0;32m  OK  [0m] Reached target Host and Network Name Lookups.
[[0;32m  OK  [0m] Started Serial Getty on ttyGS0.
[[0;32m  OK  [0m] Started Generic Board Startup.
[[0;32m  OK  [0m] Reached target Multi-User System.
[[0;32m  OK  [0m] Reached target Graphical Interface.
         Starting Update UTMP about System Runlevel Changes...
[[0;32m  OK  [0m] Started Update UTMP about System Runlevel Changes.

Debian GNU/Linux 9 arm ttyS0

default username:password is [debian:temppwd]

arm login: root
Password: 
Last login: Sat Jan  1 00:00:31 UTC 2000 on ttyS0
root
Linux arm 6.17.0-rc4-next-20250905 #1 SMP Fri Sep  5 09:50:05 EEST 2025 armv7l

The programs included with the Debian GNU/Linux system are free software;
the exact distribution terms for each program are described in the
individual files in /usr/share/doc/*/copyright.

Debian GNU/Linux comes with ABSOLUTELY NO WARRANTY, to the extent
permitted by applicable law.
root@arm:~# root
dmesg -n 1
-bash: root: command not found
root@arm:~# dmesg -n 1
root@arm:~# echo 'GBXB''AZONGF'
GBXBAZONGF
root@arm:~# run() { echo -n "$MARKER"; sh -c "$@"; echo "$MARKER $?"; }
root@arm:~# echo 'QHCZ''SCCMOQ'
QHCZSCCMOQ
root@arm:~# MARKER='CXFZ''VUTHEF' run 'cat /proc/version'
CXFZVUTHEFLinux version 6.17.0-rc4-next-20250905 (user01@drvtest01) (arm-none-eabi-gcc (Arm GNU Toolchain 14.2.Rel1 (Build arm-14.52)) 14.2.1 20241119, GNU ld (Arm GNU Toolchain 14.2.Rel1 (Build arm-14.52)) 2.43.1.20241119) #1 SMP Fri Sep  5 09:50:05 EEST 2025
CXFZVUTHEF 0
root@arm:~# echo 'GKSE''QCCLTO'
GKSEQCCLTO
root@arm:~# MARKER='JKST''VUOBPN' run false
JKSTVUOBPNJKSTVUOBPN 1
root@arm:~# Labgrid Console Logfile for main
Logfile started at 2025-09-05 09:52:46.036602
=== Log starts here ===

root@arm:~# run() { echo -n "$MARKER"; sh -c "$@"; echo "$MARKER $?"; }
root@arm:~# echo 'OSTF''MVQMVF'
OSTFMVQMVF
root@arm:~# MARKER='JZAG''UPZQNN' run 'ls /iio_generic_buffer; echo $?'
JZAGUPZQNN/iio_generic_buffer
0
JZAGUPZQNN 0
root@arm:~# Labgrid Console Logfile for main
Logfile started at 2025-09-05 09:52:49.669203
=== Log starts here ===

root@arm:~# run() { echo -n "$MARKER"; sh -c "$@"; echo "$MARKER $?"; }
root@arm:~# echo 'QAOE''SMKBHE'
QAOESMKBHE
root@arm:~# MARKER='ALSX''GELBTW' run dmesg
ALSXGELBTW[    0.000000] Booting Linux on physical CPU 0x0
[    0.000000] Linux version 6.17.0-rc4-next-20250905 (user01@drvtest01) (arm-none-eabi-gcc (Arm GNU Toolchain 14.2.Rel1 (Build arm-14.52)) 14.2.1 20241119, GNU ld (Arm GNU Toolchain 14.2.Rel1 (Build arm-14.52)) 2.43.1.20241119) #1 SMP Fri Sep  5 09:50:05 EEST 2025
[    0.000000] CPU: ARMv7 Processor [413fc082] revision 2 (ARMv7), cr=10c5387d
[    0.000000] CPU: PIPT / VIPT nonaliasing data cache, VIPT aliasing instruction cache
[    0.000000] OF: fdt: Machine model: TI AM335x BeagleBone Black
[    0.000000] Memory policy: Data cache writeback
[    0.000000] cma: Reserved 16 MiB at 0x9e800000
[    0.000000] Zone ranges:
[    0.000000]   Normal   [mem 0x0000000080000000-0x000000009fdfffff]
[    0.000000]   HighMem  empty
[    0.000000] Movable zone start for each node
[    0.000000] Early memory node ranges
[    0.000000]   node   0: [mem 0x0000000080000000-0x000000009fdfffff]
[    0.000000] Initmem setup node 0 [mem 0x0000000080000000-0x000000009fdfffff]
[    0.000000] On node 0, zone Normal: 512 pages in unavailable ranges
[    0.000000] OF: reserved mem: Reserved memory: No reserved-memory node in the DT
[    0.000000] CPU: All CPU(s) started in SVC mode.
[    0.000000] AM335X ES2.1 (sgx neon)
[    0.000000] percpu: Embedded 17 pages/cpu s39820 r8192 d21620 u69632
[    0.000000] pcpu-alloc: s39820 r8192 d21620 u69632 alloc=17*4096
[    0.000000] pcpu-alloc: [0] 0 
[    0.000000] Kernel command line: console=ttyO0,115200n8 root=/dev/nfs rw nfsroot=192.168.255.126:/home/user01/nfs,nfsvers=3 ip=192.168.255.1:192.168.255.126::255.255.255.0:bbb1:eth0 nfsrootdebug
[    0.000000] Unknown kernel command line parameters "nfsrootdebug", will be passed to user space.
[    0.000000] printk: log buffer data + meta data: 65536 + 204800 = 270336 bytes
[    0.000000] Dentry cache hash table entries: 65536 (order: 6, 262144 bytes, linear)
[    0.000000] Inode-cache hash table entries: 32768 (order: 5, 131072 bytes, linear)
[    0.000000] Built 1 zonelists, mobility grouping on.  Total pages: 130560
[    0.000000] mem auto-init: stack:off, heap alloc:off, heap free:off
[    0.000000] SLUB: HWalign=16, Order=0-3, MinObjects=0, CPUs=1, Nodes=1
[    0.000000] rcu: Hierarchical RCU implementation.
[    0.000000] rcu: 	RCU event tracing is enabled.
[    0.000000] rcu: 	RCU restricting CPUs from NR_CPUS=2 to nr_cpu_ids=1.
[    0.000000] 	Tracing variant of Tasks RCU enabled.
[    0.000000] rcu: RCU calculated value of scheduler-enlistment delay is 10 jiffies.
[    0.000000] rcu: Adjusting geometry for rcu_fanout_leaf=16, nr_cpu_ids=1
[    0.000000] RCU Tasks Trace: Setting shift to 0 and lim to 1 rcu_task_cb_adjust=1 rcu_task_cpu_ids=1.
[    0.000000] NR_IRQS: 16, nr_irqs: 16, preallocated irqs: 16
[    0.000000] IRQ: Found an INTC at 0x(ptrval) (revision 5.0) with 128 interrupts
[    0.000000] rcu: srcu_init: Setting srcu_struct sizes based on contention.
[    0.000000] TI gptimer clocksource: always-on /ocp/interconnect@44c00000/segment@200000/target-module@31000
[    0.000003] sched_clock: 32 bits at 24MHz, resolution 41ns, wraps every 89478484971ns
[    0.000026] clocksource: dmtimer: mask: 0xffffffff max_cycles: 0xffffffff, max_idle_ns: 79635851949 ns
[    0.000506] TI gptimer clockevent: 24000000 Hz at /ocp/interconnect@48000000/segment@0/target-module@40000
[    0.002075] Console: colour dummy device 80x30
[    0.002138] WARNING: Your 'console=ttyO0' has been replaced by 'ttyS0'
[    0.002146] This ensures that you still see kernel messages. Please
[    0.002151] update your kernel commandline.
[    0.002197] Calibrating delay loop... 996.14 BogoMIPS (lpj=4980736)
[    0.090623] CPU: Testing write buffer coherency: ok
[    0.090705] CPU0: Spectre v2: using BPIALL workaround
[    0.090716] pid_max: default: 32768 minimum: 301
[    0.090883] LSM: initializing lsm=capability
[    0.091041] Mount-cache hash table entries: 1024 (order: 0, 4096 bytes, linear)
[    0.091062] Mountpoint-cache hash table entries: 1024 (order: 0, 4096 bytes, linear)
[    0.092659] CPU0: thread -1, cpu 0, socket -1, mpidr 0
[    0.092716] cacheinfo: Unable to detect cache hierarchy for CPU 0
[    0.094715] Setting up static identity map for 0x80100000 - 0x80100078
[    0.095046] rcu: Hierarchical SRCU implementation.
[    0.095055] rcu: 	Max phase no-delay instances is 1000.
[    0.096738] smp: Bringing up secondary CPUs ...
[    0.096790] smp: Brought up 1 node, 1 CPU
[    0.096804] SMP: Total of 1 processors activated (996.14 BogoMIPS).
[    0.096815] CPU: All CPU(s) started in SVC mode.
[    0.097019] Memory: 480880K/522240K available (11264K kernel code, 1218K rwdata, 2940K rodata, 1024K init, 253K bss, 23328K reserved, 16384K cma-reserved, 0K highmem)
[    0.097824] devtmpfs: initialized
[    0.115096] VFP support v0.3: implementor 41 architecture 3 part 30 variant c rev 3
[    0.115745] clocksource: jiffies: mask: 0xffffffff max_cycles: 0xffffffff, max_idle_ns: 19112604462750000 ns
[    0.115803] posixtimers hash table entries: 512 (order: 0, 4096 bytes, linear)
[    0.115830] futex hash table entries: 256 (16384 bytes on 1 NUMA nodes, total 16 KiB, linear).
[    0.116969] pinctrl core: initialized pinctrl subsystem
[    0.119083] NET: Registered PF_NETLINK/PF_ROUTE protocol family
[    0.122194] DMA: preallocated 256 KiB pool for atomic coherent allocations
[    0.122804] audit: initializing netlink subsys (disabled)
[    0.124127] thermal_sys: Registered thermal governor 'fair_share'
[    0.124142] thermal_sys: Registered thermal governor 'step_wise'
[    0.124152] thermal_sys: Registered thermal governor 'user_space'
[    0.124254] audit: type=2000 audit(0.120:1): state=initialized audit_enabled=0 res=1
[    0.124323] cpuidle: using governor menu
[    0.142292] /ocp/interconnect@44c00000/segment@200000/target-module@b000/i2c@0/tda19988@70: Fixed dependency cycle(s) with /ocp/interconnect@48000000/segment@300000/target-module@e000/lcdc@0
[    0.143403] /ocp/interconnect@48000000/segment@300000/target-module@e000/lcdc@0: Fixed dependency cycle(s) with /ocp/interconnect@44c00000/segment@200000/target-module@b000/i2c@0/tda19988@70
[    0.145617] No ATAGs?
[    0.145653] hw-breakpoint: debug architecture 0x4 unsupported.
[    0.148745] kprobes: kprobe jump-optimization is enabled. All kprobes are optimized if possible.
[    0.154467] iommu: Default domain type: Translated
[    0.154489] iommu: DMA domain TLB invalidation policy: strict mode
[    0.156047] reg-fixed-voltage fixedregulator0: using DT '/fixedregulator0' for '(default)' GPIO lookup
[    0.156102] of_get_named_gpiod_flags: can't parse 'gpios' property of node '/fixedregulator0[0]'
[    0.156130] of_get_named_gpiod_flags: can't parse 'gpio' property of node '/fixedregulator0[0]'
[    0.156147] reg-fixed-voltage fixedregulator0: using lookup tables for GPIO lookup
[    0.156157] reg-fixed-voltage fixedregulator0: No GPIO consumer (default) found
[    0.161638] SCSI subsystem initialized
[    0.162115] libata version 3.00 loaded.
[    0.162493] pps_core: LinuxPPS API ver. 1 registered
[    0.162503] pps_core: Software ver. 5.3.6 - Copyright 2005-2007 Rodolfo Giometti <giometti@linux.it>
[    0.162529] PTP clock support registered
[    0.171084] vgaarb: loaded
[    0.171452] clocksource: Switched to clocksource dmtimer
[    0.172132] VFS: Disk quotas dquot_6.6.0
[    0.172188] VFS: Dquot-cache hash table entries: 1024 (order 0, 4096 bytes)
[    0.197210] NET: Registered PF_INET protocol family
[    0.197553] IP idents hash table entries: 8192 (order: 4, 65536 bytes, linear)
[    0.198965] tcp_listen_portaddr_hash hash table entries: 512 (order: 0, 4096 bytes, linear)
[    0.199001] Table-perturb hash table entries: 65536 (order: 6, 262144 bytes, linear)
[    0.199020] TCP established hash table entries: 4096 (order: 2, 16384 bytes, linear)
[    0.199064] TCP bind hash table entries: 4096 (order: 4, 65536 bytes, linear)
[    0.199164] TCP: Hash tables configured (established 4096 bind 4096)
[    0.199287] UDP hash table entries: 256 (order: 1, 14336 bytes, linear)
[    0.199323] UDP-Lite hash table entries: 256 (order: 1, 14336 bytes, linear)
[    0.199529] NET: Registered PF_UNIX/PF_LOCAL protocol family
[    0.202601] RPC: Registered named UNIX socket transport module.
[    0.202623] RPC: Registered udp transport module.
[    0.202628] RPC: Registered tcp transport module.
[    0.202633] RPC: Registered tcp-with-tls transport module.
[    0.202638] RPC: Registered tcp NFSv4.1 backchannel transport module.
[    0.202661] PCI: CLS 0 bytes, default 64
[    0.204066] Initialise system trusted keyrings
[    0.212102] workingset: timestamp_bits=14 max_order=17 bucket_order=3
[    0.213512] NFS: Registering the id_resolver key type
[    0.213600] Key type id_resolver registered
[    0.213608] Key type id_legacy registered
[    0.213711] jffs2: version 2.2. (NAND) (SUMMARY)  Â© 2001-2006 Red Hat, Inc.
[    0.214175] Key type asymmetric registered
[    0.214191] Asymmetric key parser 'x509' registered
[    0.214266] io scheduler mq-deadline registered
[    0.214277] io scheduler kyber registered
[    0.214356] io scheduler bfq registered
[    0.216220] target-module@4b000000:target-module@140000:pmu@0:fck: device ID is greater than 24
[    0.222389] l3-aon-clkctrl:0000:0: failed to disable
[    0.231715] ledtrig-cpu: registered to indicate activity on CPUs
[    0.235449] Serial: 8250/16550 driver, 6 ports, IRQ sharing enabled
[    0.274870] brd: module loaded
[    0.291796] loop: module loaded
[    0.292732] mtdoops: mtd device (mtddev=name/number) must be supplied
[    0.294290] mdio_bus fixed-0: using lookup tables for GPIO lookup
[    0.294313] mdio_bus fixed-0: No GPIO consumer reset found
[    0.295721] i2c_dev: i2c /dev entries driver
[    0.296738] cpuidle: enable-method property 'ti,am3352' found operations
[    0.297189] sdhci: Secure Digital Host Controller Interface driver
[    0.297198] sdhci: Copyright(c) Pierre Ossman
[    0.297383] sdhci-pltfm: SDHCI platform and OF driver helper
[    0.317699] hw perfevents: enabled with armv7_cortex_a8 PMU driver, 5 (8000000f) counters available
[    0.318267] Initializing XFRM netlink socket
[    0.318453] NET: Registered PF_INET6 protocol family
[    0.324097] l3-aon-clkctrl:0000:0: failed to disable
[    0.325686] Segment Routing with IPv6
[    0.325764] In-situ OAM (IOAM) with IPv6
[    0.325858] sit: IPv6, IPv4 and MPLS over IPv4 tunneling driver
[    0.326828] NET: Registered PF_PACKET protocol family
[    0.326857] NET: Registered PF_KEY protocol family
[    0.327003] Key type dns_resolver registered
[    0.327239] ThumbEE CPU extension supported.
[    0.327260] Registering SWP/SWPB emulation handler
[    0.327785] omap_voltage_late_init: Voltage driver support not added
[    0.328444] SmartReflex Class3 initialized
[    0.351976] Loading compiled-in X.509 certificates
[    0.383232] /ocp/interconnect@44c00000/segment@200000/target-module@b000/i2c@0/tda19988@70: Fixed dependency cycle(s) with /ocp/interconnect@48000000/segment@300000/target-module@e000/lcdc@0
[    0.389653] /ocp/interconnect@44c00000/segment@200000/target-module@b000/i2c@0/tda19988@70: Fixed dependency cycle(s) with /ocp/interconnect@48000000/segment@300000/target-module@e000/lcdc@0
[    0.395346] gpiochip_find_base_unlocked: found new base at 512
[    0.432389] /ocp/interconnect@44c00000/segment@200000/target-module@b000/i2c@0/tda19988@70: Fixed dependency cycle(s) with /ocp/interconnect@48000000/segment@300000/target-module@e000/lcdc@0
[    0.433305] /ocp/interconnect@44c00000/segment@200000/target-module@b000/i2c@0/tda19988@70: Fixed dependency cycle(s) with /ocp/interconnect@48000000/segment@300000/target-module@e000/lcdc@0
[    0.436791] /ocp/interconnect@44c00000/segment@200000/target-module@10000/scm@0/pinmux@800: Fixed dependency cycle(s) with /ocp/interconnect@44c00000/segment@200000/target-module@10000/scm@0/pinmux@800/clkout2-pins
[    0.437375] pinctrl-single 44e10800.pinmux: 142 pins, size 568
[    0.442856] ti-sysc 44e31000.target-module: probe with driver ti-sysc failed with error -16
[    0.478949] /ocp/interconnect@48000000/segment@300000/target-module@e000/lcdc@0: Fixed dependency cycle(s) with /ocp/interconnect@44c00000/segment@200000/target-module@b000/i2c@0/tda19988@70
[    0.487303] ti-sysc 48040000.target-module: probe with driver ti-sysc failed with error -16
[    0.498881] gpiochip_find_base_unlocked: found new base at 512
[    0.498984] gpio gpiochip0: (gpio-0-31): created GPIO range 0->7 ==> 44e10800.pinmux PIN 0->7
[    0.499003] gpio gpiochip0: (gpio-0-31): created GPIO range 8->11 ==> 44e10800.pinmux PIN 90->93
[    0.499019] gpio gpiochip0: (gpio-0-31): created GPIO range 12->27 ==> 44e10800.pinmux PIN 12->27
[    0.499034] gpio gpiochip0: (gpio-0-31): created GPIO range 28->31 ==> 44e10800.pinmux PIN 30->33
[    0.535437] gpio gpiochip0: (gpio-0-31): added GPIO chardev (254:0)
[    0.535653] gpio gpiochip0: registered GPIOs 512 to 543 on gpio-0-31
[    0.535739] OMAP GPIO hardware version 0.1
[    0.558062] i2c i2c-2: using DT '/ocp/interconnect@48000000/segment@100000/target-module@9c000/i2c@0' for 'scl' GPIO lookup
[    0.558132] of_get_named_gpiod_flags: can't parse 'scl-gpios' property of node '/ocp/interconnect@48000000/segment@100000/target-module@9c000/i2c@0[0]'
[    0.558174] of_get_named_gpiod_flags: can't parse 'scl-gpio' property of node '/ocp/interconnect@48000000/segment@100000/target-module@9c000/i2c@0[0]'
[    0.558211] i2c i2c-2: using lookup tables for GPIO lookup
[    0.558220] i2c i2c-2: No GPIO consumer scl found
[    0.558242] i2c i2c-2: using DT '/ocp/interconnect@48000000/segment@100000/target-module@9c000/i2c@0' for 'sda' GPIO lookup
[    0.558278] of_get_named_gpiod_flags: can't parse 'sda-gpios' property of node '/ocp/interconnect@48000000/segment@100000/target-module@9c000/i2c@0[0]'
[    0.558314] of_get_named_gpiod_flags: can't parse 'sda-gpio' property of node '/ocp/interconnect@48000000/segment@100000/target-module@9c000/i2c@0[0]'
[    0.558345] i2c i2c-2: using lookup tables for GPIO lookup
[    0.558353] i2c i2c-2: No GPIO consumer sda found
[    0.559079] omap_i2c 4819c000.i2c: bus 2 rev0.11 at 100 kHz
[    0.564978] gpiochip_find_base_unlocked: found new base at 544
[    0.565094] gpio gpiochip1: (gpio-32-63): created GPIO range 0->17 ==> 44e10800.pinmux PIN 34->51
[    0.565115] gpio gpiochip1: (gpio-32-63): created GPIO range 18->21 ==> 44e10800.pinmux PIN 77->80
[    0.565133] gpio gpiochip1: (gpio-32-63): created GPIO range 22->31 ==> 44e10800.pinmux PIN 56->65
[    0.578326] gpio gpiochip1: (gpio-32-63): added GPIO chardev (254:1)
[    0.578554] gpio gpiochip1: registered GPIOs 544 to 575 on gpio-32-63
[    0.580862] gpiochip_find_base_unlocked: found new base at 576
[    0.580955] gpio gpiochip2: (gpio-64-95): created GPIO range 0->4 ==> 44e10800.pinmux PIN 66->70
[    0.580975] gpio gpiochip2: (gpio-64-95): created GPIO range 5->6 ==> 44e10800.pinmux PIN 98->99
[    0.580991] gpio gpiochip2: (gpio-64-95): created GPIO range 7->8 ==> 44e10800.pinmux PIN 75->76
[    0.581005] gpio gpiochip2: (gpio-64-95): created GPIO range 13->13 ==> 44e10800.pinmux PIN 141->141
[    0.581022] gpio gpiochip2: (gpio-64-95): created GPIO range 14->21 ==> 44e10800.pinmux PIN 100->107
[    0.599509] gpio gpiochip2: (gpio-64-95): added GPIO chardev (254:2)
[    0.599730] gpio gpiochip2: registered GPIOs 576 to 607 on gpio-64-95
[    0.605681] 48000000.interconnect:segment@200000:target-module@0:mpu@0:fck: device ID is greater than 24
[    0.606576] /ocp/interconnect@48000000/segment@300000/target-module@e000/lcdc@0: Fixed dependency cycle(s) with /ocp/interconnect@44c00000/segment@200000/target-module@b000/i2c@0/tda19988@70
[    0.609415] /ocp/interconnect@48000000/segment@300000/target-module@e000/lcdc@0: Fixed dependency cycle(s) with /ocp/interconnect@44c00000/segment@200000/target-module@b000/i2c@0/tda19988@70
[    0.610119] /ocp/interconnect@44c00000/segment@200000/target-module@b000/i2c@0/tda19988@70: Fixed dependency cycle(s) with /ocp/interconnect@48000000/segment@300000/target-module@e000/lcdc@0
[    0.610281] /ocp/interconnect@48000000/segment@300000/target-module@e000/lcdc@0: Fixed dependency cycle(s) with /ocp/interconnect@44c00000/segment@200000/target-module@b000/i2c@0/tda19988@70
[    0.620088] mdio_bus 4a101000.mdio: using DT '/ocp/interconnect@4a000000/segment@0/target-module@100000/switch@0/mdio@1000' for 'reset' GPIO lookup
[    0.620159] of_get_named_gpiod_flags: can't parse 'reset-gpios' property of node '/ocp/interconnect@4a000000/segment@0/target-module@100000/switch@0/mdio@1000[0]'
[    0.620205] of_get_named_gpiod_flags: can't parse 'reset-gpio' property of node '/ocp/interconnect@4a000000/segment@0/target-module@100000/switch@0/mdio@1000[0]'
[    0.620252] mdio_bus 4a101000.mdio: using lookup tables for GPIO lookup
[    0.620262] mdio_bus 4a101000.mdio: No GPIO consumer reset found
[    0.621197] sdhci-omap 481d8000.mmc: using DT '/ocp/interconnect@48000000/segment@100000/target-module@d8000/mmc@0' for 'wp' GPIO lookup
[    0.621255] of_get_named_gpiod_flags: can't parse 'wp-gpios' property of node '/ocp/interconnect@48000000/segment@100000/target-module@d8000/mmc@0[0]'
[    0.621297] of_get_named_gpiod_flags: can't parse 'wp-gpio' property of node '/ocp/interconnect@48000000/segment@100000/target-module@d8000/mmc@0[0]'
[    0.621330] sdhci-omap 481d8000.mmc: using lookup tables for GPIO lookup
[    0.621339] sdhci-omap 481d8000.mmc: No GPIO consumer wp found
[    0.621689] sdhci-omap 481d8000.mmc: supply pbias not found, using dummy regulator
[    0.633768] sdhci-omap 481d8000.mmc: supply vqmmc not found, using dummy regulator
[    0.672272] davinci_mdio 4a101000.mdio: davinci mdio revision 1.6, bus freq 1000000
[    0.690145] mdio_bus 4a101000.mdio:00: using DT '/ocp/interconnect@4a000000/segment@0/target-module@100000/switch@0/mdio@1000/ethernet-phy@0' for 'reset' GPIO lookup
[    0.690247] of_get_named_gpiod_flags: parsed 'reset-gpios' property of node '/ocp/interconnect@4a000000/segment@0/target-module@100000/switch@0/mdio@1000/ethernet-phy@0[0]' - status (0)
[    0.690410] gpio gpiochip0: Persistence not supported for GPIO 8
[    0.836773] davinci_mdio 4a101000.mdio: phy[0]: device 4a101000.mdio:00, driver SMSC LAN8710/LAN8720
[    0.837623] cpsw-switch 4a100000.switch: initialized cpsw ale version 1.4
[    0.837645] cpsw-switch 4a100000.switch: ALE Table size 1024, Policers 0
[    0.842413] cpsw-switch 4a100000.switch: cpts: overflow check period 500 (jiffies)
[    0.842436] cpsw-switch 4a100000.switch: CPTS: ref_clk_freq:250000000 calc_mult:2147483648 calc_shift:29 error:0 nsec/sec
[    0.842541] cpsw-switch 4a100000.switch: Detected MACID = 6c:ec:eb:68:de:78
[    0.844423] cpsw-switch 4a100000.switch: initialized (regs 0x4a100000, pool size 256) hw_ver:0019010C 1.12 (0)
[    0.855557] debugfs: '49000000.dma' already exists in 'dmaengine'
[    0.855601] edma 49000000.dma: TI EDMA DMA engine driver
[    0.905333] gpio-clk clk_mcasp0: using DT '/clk_mcasp0' for 'enable' GPIO lookup
[    0.905409] of_get_named_gpiod_flags: parsed 'enable-gpios' property of node '/clk_mcasp0[0]' - status (0)
[    0.905455] gpio gpiochip0: Persistence not supported for GPIO 27
[    0.906344] gpiochip_find_base_unlocked: found new base at 608
[    0.906456] gpio gpiochip3: (gpio-96-127): created GPIO range 0->7 ==> 44e10800.pinmux PIN 82->89
[    0.906477] gpio gpiochip3: (gpio-96-127): created GPIO range 8->11 ==> 44e10800.pinmux PIN 52->55
[    0.906493] gpio gpiochip3: (gpio-96-127): created GPIO range 12->15 ==> 44e10800.pinmux PIN 94->97
[    0.906509] gpio gpiochip3: (gpio-96-127): created GPIO range 16->17 ==> 44e10800.pinmux PIN 71->72
[    0.906524] gpio gpiochip3: (gpio-96-127): created GPIO range 18->18 ==> 44e10800.pinmux PIN 135->135
[    0.906541] gpio gpiochip3: (gpio-96-127): created GPIO range 19->20 ==> 44e10800.pinmux PIN 108->109
[    0.906558] gpio gpiochip3: (gpio-96-127): created GPIO range 21->21 ==> 44e10800.pinmux PIN 73->73
[    0.906575] gpio gpiochip3: (gpio-96-127): created GPIO range 22->23 ==> 44e10800.pinmux PIN 8->9
[    0.906593] gpio gpiochip3: (gpio-96-127): created GPIO range 26->27 ==> 44e10800.pinmux PIN 10->11
[    0.906616] gpio gpiochip3: (gpio-96-127): created GPIO range 28->28 ==> 44e10800.pinmux PIN 74->74
[    0.906635] gpio gpiochip3: (gpio-96-127): created GPIO range 29->29 ==> 44e10800.pinmux PIN 81->81
[    0.906653] gpio gpiochip3: (gpio-96-127): created GPIO range 30->31 ==> 44e10800.pinmux PIN 28->29
[    0.920258] gpio gpiochip3: (gpio-96-127): added GPIO chardev (254:3)
[    0.920506] gpio gpiochip3: registered GPIOs 608 to 639 on gpio-96-127
[    0.922616] omap8250 44e09000.serial: using DT '/ocp/interconnect@44c00000/segment@200000/target-module@9000/serial@0' for 'rs485-term' GPIO lookup
[    0.922692] of_get_named_gpiod_flags: can't parse 'rs485-term-gpios' property of node '/ocp/interconnect@44c00000/segment@200000/target-module@9000/serial@0[0]'
[    0.922734] of_get_named_gpiod_flags: can't parse 'rs485-term-gpio' property of node '/ocp/interconnect@44c00000/segment@200000/target-module@9000/serial@0[0]'
[    0.922770] omap8250 44e09000.serial: using lookup tables for GPIO lookup
[    0.922780] omap8250 44e09000.serial: No GPIO consumer rs485-term found
[    0.922791] omap8250 44e09000.serial: using DT '/ocp/interconnect@44c00000/segment@200000/target-module@9000/serial@0' for 'rs485-rx-during-tx' GPIO lookup
[    0.922826] of_get_named_gpiod_flags: can't parse 'rs485-rx-during-tx-gpios' property of node '/ocp/interconnect@44c00000/segment@200000/target-module@9000/serial@0[0]'
[    0.922862] of_get_named_gpiod_flags: can't parse 'rs485-rx-during-tx-gpio' property of node '/ocp/interconnect@44c00000/segment@200000/target-module@9000/serial@0[0]'
[    0.922893] omap8250 44e09000.serial: using lookup tables for GPIO lookup
[    0.922901] omap8250 44e09000.serial: No GPIO consumer rs485-rx-during-tx found
[    0.923371] 44e09000.serial: ttyS0 at MMIO 0x44e09000 (irq = 34, base_baud = 3000000) is a 8250
[    0.923463] printk: legacy console [ttyS0] enabled
[    2.424792] i2c i2c-0: using DT '/ocp/interconnect@44c00000/segment@200000/target-module@b000/i2c@0' for 'scl' GPIO lookup
[    2.424889] of_get_named_gpiod_flags: can't parse 'scl-gpios' property of node '/ocp/interconnect@44c00000/segment@200000/target-module@b000/i2c@0[0]'
[    2.424936] of_get_named_gpiod_flags: can't parse 'scl-gpio' property of node '/ocp/interconnect@44c00000/segment@200000/target-module@b000/i2c@0[0]'
[    2.424977] i2c i2c-0: using lookup tables for GPIO lookup
[    2.424991] i2c i2c-0: No GPIO consumer scl found
[    2.425016] i2c i2c-0: using DT '/ocp/interconnect@44c00000/segment@200000/target-module@b000/i2c@0' for 'sda' GPIO lookup
[    2.425055] of_get_named_gpiod_flags: can't parse 'sda-gpios' property of node '/ocp/interconnect@44c00000/segment@200000/target-module@b000/i2c@0[0]'
[    2.425096] of_get_named_gpiod_flags: can't parse 'sda-gpio' property of node '/ocp/interconnect@44c00000/segment@200000/target-module@b000/i2c@0[0]'
[    2.425131] i2c i2c-0: using lookup tables for GPIO lookup
[    2.425142] i2c i2c-0: No GPIO consumer sda found
[    2.442400] tps65217-pmic: Failed to locate of_node [id: -1]
[    2.448468] tps65217-bl: Failed to locate of_node [id: -1]
[    2.454552] platform tps65217-charger: DMA mask not set
[    2.460584] platform tps65217-pwrbutton: DMA mask not set
[    2.467801] tps65217 0-0024: TPS65217 ID 0xe version 1.2
[    2.473896] /ocp/interconnect@48000000/segment@300000/target-module@e000/lcdc@0: Fixed dependency cycle(s) with /ocp/interconnect@44c00000/segment@200000/target-module@b000/i2c@0/tda19988@70
[    2.491332] /ocp/interconnect@44c00000/segment@200000/target-module@b000/i2c@0/tda19988@70: Fixed dependency cycle(s) with /ocp/interconnect@48000000/segment@300000/target-module@e000/lcdc@0
[    2.508698] omap_i2c 44e0b000.i2c: bus 0 rev0.11 at 400 kHz
[    2.516472] sdhci-omap 48060000.mmc: using DT '/ocp/interconnect@48000000/segment@0/target-module@60000/mmc@0' for 'cd' GPIO lookup
[    2.516579] of_get_named_gpiod_flags: parsed 'cd-gpios' property of node '/ocp/interconnect@48000000/segment@0/target-module@60000/mmc@0[0]' - status (0)
[    2.516649] gpio gpiochip3: Persistence not supported for GPIO 6
[    2.516678] omap_gpio 44e07000.gpio: Could not set line 6 debounce to 200000 microseconds (-22)
[    2.525561] sdhci-omap 48060000.mmc: Got CD GPIO
[    2.530211] sdhci-omap 48060000.mmc: using DT '/ocp/interconnect@48000000/segment@0/target-module@60000/mmc@0' for 'wp' GPIO lookup
[    2.530256] of_get_named_gpiod_flags: can't parse 'wp-gpios' property of node '/ocp/interconnect@48000000/segment@0/target-module@60000/mmc@0[0]'
[    2.530299] of_get_named_gpiod_flags: can't parse 'wp-gpio' property of node '/ocp/interconnect@48000000/segment@0/target-module@60000/mmc@0[0]'
[    2.530337] sdhci-omap 48060000.mmc: using lookup tables for GPIO lookup
[    2.530350] sdhci-omap 48060000.mmc: No GPIO consumer wp found
[    2.530558] sdhci-omap 48060000.mmc: supply pbias not found, using dummy regulator
[    2.539370] sdhci-omap 481d8000.mmc: using DT '/ocp/interconnect@48000000/segment@100000/target-module@d8000/mmc@0' for 'wp' GPIO lookup
[    2.539445] of_get_named_gpiod_flags: can't parse 'wp-gpios' property of node '/ocp/interconnect@48000000/segment@100000/target-module@d8000/mmc@0[0]'
[    2.539493] of_get_named_gpiod_flags: can't parse 'wp-gpio' property of node '/ocp/interconnect@48000000/segment@100000/target-module@d8000/mmc@0[0]'
[    2.539530] sdhci-omap 481d8000.mmc: using lookup tables for GPIO lookup
[    2.539544] sdhci-omap 481d8000.mmc: No GPIO consumer wp found
[    2.540735] sdhci-omap 48060000.mmc: supply vqmmc not found, using dummy regulator
[    2.549526] sdhci-omap 481d8000.mmc: supply pbias not found, using dummy regulator
[    2.559373] sdhci-omap 481d8000.mmc: supply vqmmc not found, using dummy regulator
[    2.595222] mmc0: SDHCI controller on 48060000.mmc [48060000.mmc] using External DMA
[    2.603460] mmc1: SDHCI controller on 481d8000.mmc [481d8000.mmc] using External DMA
[    2.612277] cpsw-switch 4a100000.switch: starting ndev. mode: dual_mac
[    2.681756] mmc1: new high speed MMC card at address 0001
[    2.688569] mmcblk1: mmc1:0001 MMC04G 3.60 GiB
[    2.696495]  mmcblk1: p1 p2
[    2.700328] SMSC LAN8710/LAN8720 4a101000.mdio:00: attached PHY driver (mii_bus:phy_addr=4a101000.mdio:00, irq=POLL)
[    2.712937] mmcblk1boot0: mmc1:0001 MMC04G 2.00 MiB
[    2.726775] mmcblk1boot1: mmc1:0001 MMC04G 2.00 MiB
[    2.735722] mmcblk1rpmb: mmc1:0001 MMC04G 128 KiB, chardev (249:0)
[    2.784554] mmc0: new high speed SDHC card at address aaaa
[    2.791405] mmcblk0: mmc0:aaaa SE32G 29.7 GiB
[    2.800604]  mmcblk0: p1 p2
[    5.842228] cpsw-switch 4a100000.switch eth0: Link is Up - 100Mbps/Full - flow control off
[    5.881700] IP-Config: Complete:
[    5.884976]      device=eth0, hwaddr=6c:ec:eb:68:de:78, ipaddr=192.168.255.1, mask=255.255.255.0, gw=255.255.255.255
[    5.895646]      host=bbb1, domain=, nis-domain=(none)
[    5.900814]      bootserver=192.168.255.126, rootserver=192.168.255.126, rootpath=
[    5.901255] clk: Disabling unused clocks
[    5.913142] KTAP version 1
[    5.915873] 1..0
[    5.918302] check access for rdinit=/init failed: -2, ignoring
[    5.957989] VFS: Mounted root (nfs filesystem) on device 0:17.
[    5.965265] devtmpfs: mounted
[    5.969742] Freeing unused kernel image (initmem) memory: 1024K
[    5.976535] Run /sbin/init as init process
[    5.980666]   with arguments:
[    5.980678]     /sbin/init
[    5.980688]     nfsrootdebug
[    5.980697]   with environment:
[    5.980705]     HOME=/
[    5.980714]     TERM=linux
[    6.654246] systemd[1]: System time before build time, advancing clock.
[    8.181472] random: crng init done
[    8.193992] systemd[1]: systemd 232 running in system mode. (+PAM +AUDIT +SELINUX +IMA +APPARMOR +SMACK +SYSVINIT +UTMP +LIBCRYPTSETUP +GCRYPT +GNUTLS +ACL +XZ +LZ4 +SECCOMP +BLKID +ELFUTILS +KMOD +IDN)
[    8.213060] systemd[1]: Detected architecture arm.
[    8.244627] systemd[1]: Set hostname to <arm>.
[    9.366987] systemd[1]: Set up automount Arbitrary Executable File Formats File System Automount Point.
[    9.403162] systemd[1]: Created slice User and Session Slice.
[    9.434989] systemd[1]: Listening on Journal Audit Socket.
[    9.462182] systemd[1]: Listening on udev Kernel Socket.
[    9.493437] systemd[1]: Listening on udev Control Socket.
[    9.522451] systemd[1]: Started Dispatch Password Requests to Console Directory Watch.
[    9.552264] systemd[1]: Started Forward Password Requests to Wall Directory Watch.
[   11.540652] systemd-journald[86]: Received request to flush runtime journal from PID 1
[   12.643683] omap_prm 44e00d00.prm: sync_state() pending due to 44d00000.cpu
[   14.689498] leds-gpio leds: using DT '/leds/led2' for '(default)' GPIO lookup
[   14.689602] of_get_named_gpiod_flags: parsed 'gpios' property of node '/leds/led2[0]' - status (0)
[   14.689662] gpio gpiochip0: Persistence not supported for GPIO 21
[   14.689679] gpio-533 (?): no flags found for GPIO (default)
[   14.763109] leds-gpio leds: using DT '/leds/led3' for '(default)' GPIO lookup
[   14.763221] of_get_named_gpiod_flags: parsed 'gpios' property of node '/leds/led3[0]' - status (0)
[   14.763279] gpio gpiochip0: Persistence not supported for GPIO 22
[   14.763294] gpio-534 (?): no flags found for GPIO (default)
[   14.789363] leds-gpio leds: using DT '/leds/led4' for '(default)' GPIO lookup
[   14.789662] of_get_named_gpiod_flags: parsed 'gpios' property of node '/leds/led4[0]' - status (0)
[   14.789727] gpio gpiochip0: Persistence not supported for GPIO 23
[   14.789742] gpio-535 (?): no flags found for GPIO (default)
[   14.802034] leds-gpio leds: using DT '/leds/led5' for '(default)' GPIO lookup
[   14.802137] of_get_named_gpiod_flags: parsed 'gpios' property of node '/leds/led5[0]' - status (0)
[   14.802189] gpio gpiochip0: Persistence not supported for GPIO 24
[   14.802205] gpio-536 (?): no flags found for GPIO (default)
[   15.405659] remoteproc remoteproc0: wkup_m3 is available
[   15.562842] omap_rtc 44e3e000.rtc: registered as rtc0
[   15.568023] omap_rtc 44e3e000.rtc: setting system clock to 2000-01-01T00:00:00 UTC (946684800)
[   15.576847] omap_rtc 44e3e000.rtc: using DT '/ocp/interconnect@44c00000/segment@200000/target-module@3e000/rtc@0' for 'wp' GPIO lookup
[   15.576921] of_get_named_gpiod_flags: can't parse 'wp-gpios' property of node '/ocp/interconnect@44c00000/segment@200000/target-module@3e000/rtc@0[0]'
[   15.576969] of_get_named_gpiod_flags: can't parse 'wp-gpio' property of node '/ocp/interconnect@44c00000/segment@200000/target-module@3e000/rtc@0[0]'
[   15.577010] omap_rtc 44e3e000.rtc: using lookup tables for GPIO lookup
[   15.577025] omap_rtc 44e3e000.rtc: No GPIO consumer wp found
[   15.587042] at24 2-0054: supply vcc not found, using dummy regulator
[   15.716336] at24 2-0055: supply vcc not found, using dummy regulator
[   15.882378] at24 2-0056: supply vcc not found, using dummy regulator
[   15.890695] omap_wdt: OMAP Watchdog Timer Rev 0x01: initial timeout 60 sec
[   15.914973] input: tps65217_pwrbutton as /devices/platform/ocp/44c00000.interconnect/44c00000.interconnect:segment@200000/44e0b000.target-module/44e0b000.i2c/i2c-0/0-0024/tps65217-pwrbutton/input/input0
[   16.045844] at24 2-0057: supply vcc not found, using dummy regulator
[   16.223043] at24 0-0050: using DT '/ocp/interconnect@44c00000/segment@200000/target-module@b000/i2c@0/eeprom@50' for 'wp' GPIO lookup
[   16.223162] of_get_named_gpiod_flags: can't parse 'wp-gpios' property of node '/ocp/interconnect@44c00000/segment@200000/target-module@b000/i2c@0/eeprom@50[0]'
[   16.223220] of_get_named_gpiod_flags: can't parse 'wp-gpio' property of node '/ocp/interconnect@44c00000/segment@200000/target-module@b000/i2c@0/eeprom@50[0]'
[   16.223268] at24 0-0050: using lookup tables for GPIO lookup
[   16.223283] at24 0-0050: No GPIO consumer wp found
[   16.223629] at24 0-0050: 32768 byte 24c256 EEPROM, writable, 1 bytes/write
[   17.400200] am335x-phy-driver 47401300.usb-phy: using DT '/ocp/target-module@47400000/usb-phy@1300' for 'reset' GPIO lookup
[   17.400304] of_get_named_gpiod_flags: can't parse 'reset-gpios' property of node '/ocp/target-module@47400000/usb-phy@1300[0]'
[   17.400350] of_get_named_gpiod_flags: can't parse 'reset-gpio' property of node '/ocp/target-module@47400000/usb-phy@1300[0]'
[   17.400387] am335x-phy-driver 47401300.usb-phy: using lookup tables for GPIO lookup
[   17.400402] am335x-phy-driver 47401300.usb-phy: No GPIO consumer reset found
[   17.400417] am335x-phy-driver 47401300.usb-phy: using DT '/ocp/target-module@47400000/usb-phy@1300' for 'vbus-detect' GPIO lookup
[   17.400448] of_get_named_gpiod_flags: can't parse 'vbus-detect-gpios' property of node '/ocp/target-module@47400000/usb-phy@1300[0]'
[   17.400480] of_get_named_gpiod_flags: can't parse 'vbus-detect-gpio' property of node '/ocp/target-module@47400000/usb-phy@1300[0]'
[   17.400506] am335x-phy-driver 47401300.usb-phy: using lookup tables for GPIO lookup
[   17.400518] am335x-phy-driver 47401300.usb-phy: No GPIO consumer vbus-detect found
[   17.400668] am335x-phy-driver 47401300.usb-phy: dummy supplies not allowed for exclusive requests (id=vbus)
[   17.561168] am335x-phy-driver 47401b00.usb-phy: using DT '/ocp/target-module@47400000/usb-phy@1b00' for 'reset' GPIO lookup
[   17.562001] of_get_named_gpiod_flags: can't parse 'reset-gpios' property of node '/ocp/target-module@47400000/usb-phy@1b00[0]'
[   17.562058] of_get_named_gpiod_flags: can't parse 'reset-gpio' property of node '/ocp/target-module@47400000/usb-phy@1b00[0]'
[   17.562099] am335x-phy-driver 47401b00.usb-phy: using lookup tables for GPIO lookup
[   17.562114] am335x-phy-driver 47401b00.usb-phy: No GPIO consumer reset found
[   17.562131] am335x-phy-driver 47401b00.usb-phy: using DT '/ocp/target-module@47400000/usb-phy@1b00' for 'vbus-detect' GPIO lookup
[   17.562162] of_get_named_gpiod_flags: can't parse 'vbus-detect-gpios' property of node '/ocp/target-module@47400000/usb-phy@1b00[0]'
[   17.562194] of_get_named_gpiod_flags: can't parse 'vbus-detect-gpio' property of node '/ocp/target-module@47400000/usb-phy@1b00[0]'
[   17.562221] am335x-phy-driver 47401b00.usb-phy: using lookup tables for GPIO lookup
[   17.562233] am335x-phy-driver 47401b00.usb-phy: No GPIO consumer vbus-detect found
[   17.562383] am335x-phy-driver 47401b00.usb-phy: dummy supplies not allowed for exclusive requests (id=vbus)
[   17.824392] usbcore: registered new interface driver usbfs
[   17.830121] usbcore: registered new interface driver hub
[   17.835779] usbcore: registered new device driver usb
[   18.312429] tda998x 0-0070: found TDA19988
[   18.603645] musb-hdrc musb-hdrc.1: MUSB HDRC host driver
[   18.609077] musb-hdrc musb-hdrc.1: new USB bus registered, assigned bus number 1
[   18.862535] usb usb1: New USB device found, idVendor=1d6b, idProduct=0002, bcdDevice= 6.17
[   18.870897] usb usb1: New USB device strings: Mfr=3, Product=2, SerialNumber=1
[   18.878301] usb usb1: Product: MUSB HDRC host driver
[   18.883367] usb usb1: Manufacturer: Linux 6.17.0-rc4-next-20250905 musb-hcd
[   18.890367] usb usb1: SerialNumber: musb-hdrc.1
[   19.044765] omap-mailbox 480c8000.mailbox: omap mailbox rev 0x400
[   19.142369] remoteproc remoteproc0: powering up wkup_m3
[   19.325328] hub 1-0:1.0: USB hub found
[   19.380015] hub 1-0:1.0: 1 port detected
[   19.388177] remoteproc remoteproc0: Direct firmware load for am335x-pm-firmware.elf failed with error -2
[   19.397986] remoteproc remoteproc0: request_firmware failed: -2
[   19.404002] wkup_m3_ipc 44e11324.wkup_m3_ipc: rproc_boot failed
[   21.307538] ------------[ cut here ]------------
[   21.312367] WARNING: net/8021q/vlan_core.c:236 at vlan_for_each+0x114/0x134, CPU#0: avahi-daemon/178
[   21.321664] RTNL: assertion failed at net/8021q/vlan_core.c (236)
[   21.327792] Modules linked in: drm_client_lib snd_soc_davinci_mcasp snd_soc_ti_udma snd_soc_ti_edma snd_soc_ti_sdma snd_soc_core snd_pcm_dmaengine omap_mailbox snd_pcm snd_timer musb_dsps snd musb_hdrc tda998x soundcore udc_core cec drm_kms_helper usbcore phy_am335x phy_generic drm usb_common wkup_m3_ipc phy_am335x_control drm_panel_orientation_quirks tps65218_pwrbutton omap_wdt watchdog at24 rtc_omap wkup_m3_rproc cppi41 leds_gpio led_class cpufreq_dt autofs4
[   21.368996] CPU: 0 UID: 107 PID: 178 Comm: avahi-daemon Not tainted 6.17.0-rc4-next-20250905 #1 NONE 
[   21.369016] Hardware name: Generic AM33XX (Flattened Device Tree)
[   21.369025] Call trace: 
[   21.369040]  unwind_backtrace from show_stack+0x10/0x14
[   21.369076]  show_stack from dump_stack_lvl+0x50/0x64
[   21.369101]  dump_stack_lvl from __warn+0x88/0x148
[   21.369118]  __warn from warn_slowpath_fmt+0x19c/0x1b0
[   21.369131]  warn_slowpath_fmt from vlan_for_each+0x114/0x134
[   21.369147]  vlan_for_each from cpsw_add_mc_addr+0x40/0xa4
[   21.369177]  cpsw_add_mc_addr from __hw_addr_ref_sync_dev+0x108/0x140
[   21.369202]  __hw_addr_ref_sync_dev from __dev_mc_add+0x7c/0x80
[   21.369218]  __dev_mc_add from igmp6_group_added+0xc8/0xe0
[   21.369249]  igmp6_group_added from __ipv6_dev_mc_inc+0x218/0x364
[   21.369272]  __ipv6_dev_mc_inc from __ipv6_sock_mc_join+0x11c/0x1c0
[   21.369295]  __ipv6_sock_mc_join from do_ipv6_setsockopt+0x1214/0x1310
[   21.369317]  do_ipv6_setsockopt from ipv6_setsockopt+0x60/0xcc
[   21.369331]  ipv6_setsockopt from udpv6_setsockopt+0x2c/0x6c
[   21.369348]  udpv6_setsockopt from sock_common_setsockopt+0x30/0x40
[   21.369372]  sock_common_setsockopt from do_sock_setsockopt+0x50/0x9c
[   21.369402]  do_sock_setsockopt from __sys_setsockopt+0x70/0xbc
[   21.369421]  __sys_setsockopt from ret_fast_syscall+0x0/0x58
[   21.369435] Exception stack(0xe012dfa8 to 0xe012dff0)
[   21.369450] dfa0:                   00000014 b6fdfce8 0000000d 00000029 00000014 bed0a9ec
[   21.369462] dfc0: 00000014 b6fdfce8 00000014 00000126 0000000d b6f88ff4 0050e988 004f6558
[   21.369471] dfe0: b6f9e088 bed0a9d8 b6f7b309 b6e5241a
[   21.369478] ---[ end trace 0000000000000000 ]---
[   21.930355] omap_rng 48310000.rng: Random Number Generator ver. 20
[   22.093340] tilcdc 4830e000.lcdc: bound 0-0070 (ops tda998x_audio_codec_init [tda998x])
[   22.293344] [drm] Initialized tilcdc 1.0.0 for 4830e000.lcdc on minor 0
[   22.371704] tilcdc 4830e000.lcdc: [drm] Cannot find any crtc or sizes
[   22.560737] tilcdc 4830e000.lcdc: [drm] Cannot find any crtc or sizes
[   23.552862] Bluetooth: Core ver 2.22
[   23.556699] NET: Registered PF_BLUETOOTH protocol family
[   23.562241] Bluetooth: HCI device and connection manager initialized
[   23.568661] Bluetooth: HCI socket layer initialized
[   23.573619] Bluetooth: L2CAP socket layer initialized
[   23.578735] Bluetooth: SCO socket layer initialized
[   23.829706] omap-sham 53100000.sham: hw accel on OMAP rev 4.3
[   23.899850] omap-sham 53100000.sham: will run requests pump with realtime priority
[   24.018604] PM: Cannot get wkup_m3_ipc handle
[   24.076812] omap-aes 53500000.aes: OMAP AES hw accel rev: 3.2
[   24.194145] omap-aes 53500000.aes: will run requests pump with realtime priority
[   24.208093] PM: Cannot get wkup_m3_ipc handle
[   27.377457] tda998x 0-0070: using DT '/ocp/interconnect@44c00000/segment@200000/target-module@b000/i2c@0/tda19988@70' for 'nxp,calib' GPIO lookup
[   27.377600] of_get_named_gpiod_flags: parsed 'nxp,calib-gpios' property of node '/ocp/interconnect@44c00000/segment@200000/target-module@b000/i2c@0/tda19988@70[0]' - status (0)
[   27.377687] gpio gpiochip0: Persistence not supported for GPIO 25
[   27.377703] gpio-537 (nxp,calib): no flags found for GPIO nxp,calib
[   27.387874] gpio-537 (nxp,calib): gpiod_direction_output_nonotify: tried to set a GPIO tied to an IRQ as output
[   27.419202] PM: Cannot get wkup_m3_ipc handle
[   27.425233] asoc-simple-card sound: using DT '/sound' for 'simple-audio-card,hp-det' GPIO lookup
[   27.425308] of_get_named_gpiod_flags: can't parse 'simple-audio-card,hp-det-gpios' property of node '/sound[0]'
[   27.425344] of_get_named_gpiod_flags: can't parse 'simple-audio-card,hp-det-gpio' property of node '/sound[0]'
[   27.425368] asoc-simple-card sound: using lookup tables for GPIO lookup
[   27.425383] asoc-simple-card sound: No GPIO consumer simple-audio-card,hp-det found
[   27.425398] asoc-simple-card sound: using DT '/sound' for 'simple-audio-card,mic-det' GPIO lookup
[   27.425422] of_get_named_gpiod_flags: can't parse 'simple-audio-card,mic-det-gpios' property of node '/sound[0]'
[   27.425448] of_get_named_gpiod_flags: can't parse 'simple-audio-card,mic-det-gpio' property of node '/sound[0]'
[   27.425468] asoc-simple-card sound: using lookup tables for GPIO lookup
[   27.425480] asoc-simple-card sound: No GPIO consumer simple-audio-card,mic-det found
[   27.539017] PM: Cannot get wkup_m3_ipc handle
[   27.636596] tda9950 0-0034: TDA9950 CEC interface, hardware version 3.3
[   27.753649] PM: Cannot get wkup_m3_ipc handle
[   29.025324] userial_init: registered 8 ttyGS* devices
[   29.289895] rndis_register: configNr = 0
[   29.406697] udc musb-hdrc.0: binding gadget driver [g_multi]
[   29.406797] configfs-gadget.g_multi gadget.0: adding 'rndis'/dd6d9e13 to config 'c'/5f2cdb13
[   29.407962] configfs-gadget.g_multi gadget.0: HOST MAC 1c:ba:8c:a2:ed:6c
[   29.415009] configfs-gadget.g_multi gadget.0: MAC 1c:ba:8c:a2:ed:70
[   29.421393] rndis_set_param_medium: 0 0
[   29.421485] configfs-gadget.g_multi gadget.0: RNDIS: IN/ep1in OUT/ep1out NOTIFY/ep2in
[   29.421509] configfs-gadget.g_multi gadget.0: adding 'cdc_ethernet'/4d3945d6 to config 'c'/5f2cdb13
[   29.422412] configfs-gadget.g_multi gadget.0: HOST MAC 1c:ba:8c:a2:ed:6c
[   29.429177] configfs-gadget.g_multi gadget.0: MAC 1c:ba:8c:a2:ed:6d
[   29.435596] configfs-gadget.g_multi gadget.0: CDC Ethernet: IN/ep3in OUT/ep2out NOTIFY/ep4in
[   29.435618] configfs-gadget.g_multi gadget.0: adding 'acm'/90652846 to config 'c'/5f2cdb13
[   29.435656] configfs-gadget.g_multi gadget.0: acm ttyGS0: IN/ep5in OUT/ep3out NOTIFY/ep6in
[   29.437859] PM: Cannot get wkup_m3_ipc handle
[   30.692460] configfs-gadget.g_multi gadget.0: eth_open
[   35.650146] gs_open: ttyGS0 (6146a99a,7b09bd46)
[   35.650285] gs_close: ttyGS0 (6146a99a,7b09bd46) ...
[   35.650308] gs_close: ttyGS0 (6146a99a,7b09bd46) done!
[   35.661829] gs_open: ttyGS0 (47472f85,1f209f9f)
[   35.661969] gs_close: ttyGS0 (47472f85,1f209f9f) ...
[   35.661990] gs_close: ttyGS0 (47472f85,1f209f9f) done!
[   35.807116] gs_open: ttyGS0 (47472f85,e263523f)
[   35.807355] gs_close: ttyGS0 (47472f85,e263523f) ...
[   35.807382] gs_close: ttyGS0 (47472f85,e263523f) done!
[   35.810927] gs_open: ttyGS0 (47472f85,fd885a08)
ALSXGELBTW 0
root@arm:~# echo 'FPYJ''NEQKSF'
FPYJNEQKSF
root@arm:~# MARKER='ZKKX''MUGUHX' run 'modprobe test_linear_ranges'
ZKKXMUGUHXZKKXMUGUHX 0
root@arm:~# echo 'LYTP''EZOQST'
LYTPEZOQST
root@arm:~# MARKER='GHYS''SKESQQ' run dmesg
GHYSSKESQQ[    0.000000] Booting Linux on physical CPU 0x0
[    0.000000] Linux version 6.17.0-rc4-next-20250905 (user01@drvtest01) (arm-none-eabi-gcc (Arm GNU Toolchain 14.2.Rel1 (Build arm-14.52)) 14.2.1 20241119, GNU ld (Arm GNU Toolchain 14.2.Rel1 (Build arm-14.52)) 2.43.1.20241119) #1 SMP Fri Sep  5 09:50:05 EEST 2025
[    0.000000] CPU: ARMv7 Processor [413fc082] revision 2 (ARMv7), cr=10c5387d
[    0.000000] CPU: PIPT / VIPT nonaliasing data cache, VIPT aliasing instruction cache
[    0.000000] OF: fdt: Machine model: TI AM335x BeagleBone Black
[    0.000000] Memory policy: Data cache writeback
[    0.000000] cma: Reserved 16 MiB at 0x9e800000
[    0.000000] Zone ranges:
[    0.000000]   Normal   [mem 0x0000000080000000-0x000000009fdfffff]
[    0.000000]   HighMem  empty
[    0.000000] Movable zone start for each node
[    0.000000] Early memory node ranges
[    0.000000]   node   0: [mem 0x0000000080000000-0x000000009fdfffff]
[    0.000000] Initmem setup node 0 [mem 0x0000000080000000-0x000000009fdfffff]
[    0.000000] On node 0, zone Normal: 512 pages in unavailable ranges
[    0.000000] OF: reserved mem: Reserved memory: No reserved-memory node in the DT
[    0.000000] CPU: All CPU(s) started in SVC mode.
[    0.000000] AM335X ES2.1 (sgx neon)
[    0.000000] percpu: Embedded 17 pages/cpu s39820 r8192 d21620 u69632
[    0.000000] pcpu-alloc: s39820 r8192 d21620 u69632 alloc=17*4096
[    0.000000] pcpu-alloc: [0] 0 
[    0.000000] Kernel command line: console=ttyO0,115200n8 root=/dev/nfs rw nfsroot=192.168.255.126:/home/user01/nfs,nfsvers=3 ip=192.168.255.1:192.168.255.126::255.255.255.0:bbb1:eth0 nfsrootdebug
[    0.000000] Unknown kernel command line parameters "nfsrootdebug", will be passed to user space.
[    0.000000] printk: log buffer data + meta data: 65536 + 204800 = 270336 bytes
[    0.000000] Dentry cache hash table entries: 65536 (order: 6, 262144 bytes, linear)
[    0.000000] Inode-cache hash table entries: 32768 (order: 5, 131072 bytes, linear)
[    0.000000] Built 1 zonelists, mobility grouping on.  Total pages: 130560
[    0.000000] mem auto-init: stack:off, heap alloc:off, heap free:off
[    0.000000] SLUB: HWalign=16, Order=0-3, MinObjects=0, CPUs=1, Nodes=1
[    0.000000] rcu: Hierarchical RCU implementation.
[    0.000000] rcu: 	RCU event tracing is enabled.
[    0.000000] rcu: 	RCU restricting CPUs from NR_CPUS=2 to nr_cpu_ids=1.
[    0.000000] 	Tracing variant of Tasks RCU enabled.
[    0.000000] rcu: RCU calculated value of scheduler-enlistment delay is 10 jiffies.
[    0.000000] rcu: Adjusting geometry for rcu_fanout_leaf=16, nr_cpu_ids=1
[    0.000000] RCU Tasks Trace: Setting shift to 0 and lim to 1 rcu_task_cb_adjust=1 rcu_task_cpu_ids=1.
[    0.000000] NR_IRQS: 16, nr_irqs: 16, preallocated irqs: 16
[    0.000000] IRQ: Found an INTC at 0x(ptrval) (revision 5.0) with 128 interrupts
[    0.000000] rcu: srcu_init: Setting srcu_struct sizes based on contention.
[    0.000000] TI gptimer clocksource: always-on /ocp/interconnect@44c00000/segment@200000/target-module@31000
[    0.000003] sched_clock: 32 bits at 24MHz, resolution 41ns, wraps every 89478484971ns
[    0.000026] clocksource: dmtimer: mask: 0xffffffff max_cycles: 0xffffffff, max_idle_ns: 79635851949 ns
[    0.000506] TI gptimer clockevent: 24000000 Hz at /ocp/interconnect@48000000/segment@0/target-module@40000
[    0.002075] Console: colour dummy device 80x30
[    0.002138] WARNING: Your 'console=ttyO0' has been replaced by 'ttyS0'
[    0.002146] This ensures that you still see kernel messages. Please
[    0.002151] update your kernel commandline.
[    0.002197] Calibrating delay loop... 996.14 BogoMIPS (lpj=4980736)
[    0.090623] CPU: Testing write buffer coherency: ok
[    0.090705] CPU0: Spectre v2: using BPIALL workaround
[    0.090716] pid_max: default: 32768 minimum: 301
[    0.090883] LSM: initializing lsm=capability
[    0.091041] Mount-cache hash table entries: 1024 (order: 0, 4096 bytes, linear)
[    0.091062] Mountpoint-cache hash table entries: 1024 (order: 0, 4096 bytes, linear)
[    0.092659] CPU0: thread -1, cpu 0, socket -1, mpidr 0
[    0.092716] cacheinfo: Unable to detect cache hierarchy for CPU 0
[    0.094715] Setting up static identity map for 0x80100000 - 0x80100078
[    0.095046] rcu: Hierarchical SRCU implementation.
[    0.095055] rcu: 	Max phase no-delay instances is 1000.
[    0.096738] smp: Bringing up secondary CPUs ...
[    0.096790] smp: Brought up 1 node, 1 CPU
[    0.096804] SMP: Total of 1 processors activated (996.14 BogoMIPS).
[    0.096815] CPU: All CPU(s) started in SVC mode.
[    0.097019] Memory: 480880K/522240K available (11264K kernel code, 1218K rwdata, 2940K rodata, 1024K init, 253K bss, 23328K reserved, 16384K cma-reserved, 0K highmem)
[    0.097824] devtmpfs: initialized
[    0.115096] VFP support v0.3: implementor 41 architecture 3 part 30 variant c rev 3
[    0.115745] clocksource: jiffies: mask: 0xffffffff max_cycles: 0xffffffff, max_idle_ns: 19112604462750000 ns
[    0.115803] posixtimers hash table entries: 512 (order: 0, 4096 bytes, linear)
[    0.115830] futex hash table entries: 256 (16384 bytes on 1 NUMA nodes, total 16 KiB, linear).
[    0.116969] pinctrl core: initialized pinctrl subsystem
[    0.119083] NET: Registered PF_NETLINK/PF_ROUTE protocol family
[    0.122194] DMA: preallocated 256 KiB pool for atomic coherent allocations
[    0.122804] audit: initializing netlink subsys (disabled)
[    0.124127] thermal_sys: Registered thermal governor 'fair_share'
[    0.124142] thermal_sys: Registered thermal governor 'step_wise'
[    0.124152] thermal_sys: Registered thermal governor 'user_space'
[    0.124254] audit: type=2000 audit(0.120:1): state=initialized audit_enabled=0 res=1
[    0.124323] cpuidle: using governor menu
[    0.142292] /ocp/interconnect@44c00000/segment@200000/target-module@b000/i2c@0/tda19988@70: Fixed dependency cycle(s) with /ocp/interconnect@48000000/segment@300000/target-module@e000/lcdc@0
[    0.143403] /ocp/interconnect@48000000/segment@300000/target-module@e000/lcdc@0: Fixed dependency cycle(s) with /ocp/interconnect@44c00000/segment@200000/target-module@b000/i2c@0/tda19988@70
[    0.145617] No ATAGs?
[    0.145653] hw-breakpoint: debug architecture 0x4 unsupported.
[    0.148745] kprobes: kprobe jump-optimization is enabled. All kprobes are optimized if possible.
[    0.154467] iommu: Default domain type: Translated
[    0.154489] iommu: DMA domain TLB invalidation policy: strict mode
[    0.156047] reg-fixed-voltage fixedregulator0: using DT '/fixedregulator0' for '(default)' GPIO lookup
[    0.156102] of_get_named_gpiod_flags: can't parse 'gpios' property of node '/fixedregulator0[0]'
[    0.156130] of_get_named_gpiod_flags: can't parse 'gpio' property of node '/fixedregulator0[0]'
[    0.156147] reg-fixed-voltage fixedregulator0: using lookup tables for GPIO lookup
[    0.156157] reg-fixed-voltage fixedregulator0: No GPIO consumer (default) found
[    0.161638] SCSI subsystem initialized
[    0.162115] libata version 3.00 loaded.
[    0.162493] pps_core: LinuxPPS API ver. 1 registered
[    0.162503] pps_core: Software ver. 5.3.6 - Copyright 2005-2007 Rodolfo Giometti <giometti@linux.it>
[    0.162529] PTP clock support registered
[    0.171084] vgaarb: loaded
[    0.171452] clocksource: Switched to clocksource dmtimer
[    0.172132] VFS: Disk quotas dquot_6.6.0
[    0.172188] VFS: Dquot-cache hash table entries: 1024 (order 0, 4096 bytes)
[    0.197210] NET: Registered PF_INET protocol family
[    0.197553] IP idents hash table entries: 8192 (order: 4, 65536 bytes, linear)
[    0.198965] tcp_listen_portaddr_hash hash table entries: 512 (order: 0, 4096 bytes, linear)
[    0.199001] Table-perturb hash table entries: 65536 (order: 6, 262144 bytes, linear)
[    0.199020] TCP established hash table entries: 4096 (order: 2, 16384 bytes, linear)
[    0.199064] TCP bind hash table entries: 4096 (order: 4, 65536 bytes, linear)
[    0.199164] TCP: Hash tables configured (established 4096 bind 4096)
[    0.199287] UDP hash table entries: 256 (order: 1, 14336 bytes, linear)
[    0.199323] UDP-Lite hash table entries: 256 (order: 1, 14336 bytes, linear)
[    0.199529] NET: Registered PF_UNIX/PF_LOCAL protocol family
[    0.202601] RPC: Registered named UNIX socket transport module.
[    0.202623] RPC: Registered udp transport module.
[    0.202628] RPC: Registered tcp transport module.
[    0.202633] RPC: Registered tcp-with-tls transport module.
[    0.202638] RPC: Registered tcp NFSv4.1 backchannel transport module.
[    0.202661] PCI: CLS 0 bytes, default 64
[    0.204066] Initialise system trusted keyrings
[    0.212102] workingset: timestamp_bits=14 max_order=17 bucket_order=3
[    0.213512] NFS: Registering the id_resolver key type
[    0.213600] Key type id_resolver registered
[    0.213608] Key type id_legacy registered
[    0.213711] jffs2: version 2.2. (NAND) (SUMMARY)  Â© 2001-2006 Red Hat, Inc.
[    0.214175] Key type asymmetric registered
[    0.214191] Asymmetric key parser 'x509' registered
[    0.214266] io scheduler mq-deadline registered
[    0.214277] io scheduler kyber registered
[    0.214356] io scheduler bfq registered
[    0.216220] target-module@4b000000:target-module@140000:pmu@0:fck: device ID is greater than 24
[    0.222389] l3-aon-clkctrl:0000:0: failed to disable
[    0.231715] ledtrig-cpu: registered to indicate activity on CPUs
[    0.235449] Serial: 8250/16550 driver, 6 ports, IRQ sharing enabled
[    0.274870] brd: module loaded
[    0.291796] loop: module loaded
[    0.292732] mtdoops: mtd device (mtddev=name/number) must be supplied
[    0.294290] mdio_bus fixed-0: using lookup tables for GPIO lookup
[    0.294313] mdio_bus fixed-0: No GPIO consumer reset found
[    0.295721] i2c_dev: i2c /dev entries driver
[    0.296738] cpuidle: enable-method property 'ti,am3352' found operations
[    0.297189] sdhci: Secure Digital Host Controller Interface driver
[    0.297198] sdhci: Copyright(c) Pierre Ossman
[    0.297383] sdhci-pltfm: SDHCI platform and OF driver helper
[    0.317699] hw perfevents: enabled with armv7_cortex_a8 PMU driver, 5 (8000000f) counters available
[    0.318267] Initializing XFRM netlink socket
[    0.318453] NET: Registered PF_INET6 protocol family
[    0.324097] l3-aon-clkctrl:0000:0: failed to disable
[    0.325686] Segment Routing with IPv6
[    0.325764] In-situ OAM (IOAM) with IPv6
[    0.325858] sit: IPv6, IPv4 and MPLS over IPv4 tunneling driver
[    0.326828] NET: Registered PF_PACKET protocol family
[    0.326857] NET: Registered PF_KEY protocol family
[    0.327003] Key type dns_resolver registered
[    0.327239] ThumbEE CPU extension supported.
[    0.327260] Registering SWP/SWPB emulation handler
[    0.327785] omap_voltage_late_init: Voltage driver support not added
[    0.328444] SmartReflex Class3 initialized
[    0.351976] Loading compiled-in X.509 certificates
[    0.383232] /ocp/interconnect@44c00000/segment@200000/target-module@b000/i2c@0/tda19988@70: Fixed dependency cycle(s) with /ocp/interconnect@48000000/segment@300000/target-module@e000/lcdc@0
[    0.389653] /ocp/interconnect@44c00000/segment@200000/target-module@b000/i2c@0/tda19988@70: Fixed dependency cycle(s) with /ocp/interconnect@48000000/segment@300000/target-module@e000/lcdc@0
[    0.395346] gpiochip_find_base_unlocked: found new base at 512
[    0.432389] /ocp/interconnect@44c00000/segment@200000/target-module@b000/i2c@0/tda19988@70: Fixed dependency cycle(s) with /ocp/interconnect@48000000/segment@300000/target-module@e000/lcdc@0
[    0.433305] /ocp/interconnect@44c00000/segment@200000/target-module@b000/i2c@0/tda19988@70: Fixed dependency cycle(s) with /ocp/interconnect@48000000/segment@300000/target-module@e000/lcdc@0
[    0.436791] /ocp/interconnect@44c00000/segment@200000/target-module@10000/scm@0/pinmux@800: Fixed dependency cycle(s) with /ocp/interconnect@44c00000/segment@200000/target-module@10000/scm@0/pinmux@800/clkout2-pins
[    0.437375] pinctrl-single 44e10800.pinmux: 142 pins, size 568
[    0.442856] ti-sysc 44e31000.target-module: probe with driver ti-sysc failed with error -16
[    0.478949] /ocp/interconnect@48000000/segment@300000/target-module@e000/lcdc@0: Fixed dependency cycle(s) with /ocp/interconnect@44c00000/segment@200000/target-module@b000/i2c@0/tda19988@70
[    0.487303] ti-sysc 48040000.target-module: probe with driver ti-sysc failed with error -16
[    0.498881] gpiochip_find_base_unlocked: found new base at 512
[    0.498984] gpio gpiochip0: (gpio-0-31): created GPIO range 0->7 ==> 44e10800.pinmux PIN 0->7
[    0.499003] gpio gpiochip0: (gpio-0-31): created GPIO range 8->11 ==> 44e10800.pinmux PIN 90->93
[    0.499019] gpio gpiochip0: (gpio-0-31): created GPIO range 12->27 ==> 44e10800.pinmux PIN 12->27
[    0.499034] gpio gpiochip0: (gpio-0-31): created GPIO range 28->31 ==> 44e10800.pinmux PIN 30->33
[    0.535437] gpio gpiochip0: (gpio-0-31): added GPIO chardev (254:0)
[    0.535653] gpio gpiochip0: registered GPIOs 512 to 543 on gpio-0-31
[    0.535739] OMAP GPIO hardware version 0.1
[    0.558062] i2c i2c-2: using DT '/ocp/interconnect@48000000/segment@100000/target-module@9c000/i2c@0' for 'scl' GPIO lookup
[    0.558132] of_get_named_gpiod_flags: can't parse 'scl-gpios' property of node '/ocp/interconnect@48000000/segment@100000/target-module@9c000/i2c@0[0]'
[    0.558174] of_get_named_gpiod_flags: can't parse 'scl-gpio' property of node '/ocp/interconnect@48000000/segment@100000/target-module@9c000/i2c@0[0]'
[    0.558211] i2c i2c-2: using lookup tables for GPIO lookup
[    0.558220] i2c i2c-2: No GPIO consumer scl found
[    0.558242] i2c i2c-2: using DT '/ocp/interconnect@48000000/segment@100000/target-module@9c000/i2c@0' for 'sda' GPIO lookup
[    0.558278] of_get_named_gpiod_flags: can't parse 'sda-gpios' property of node '/ocp/interconnect@48000000/segment@100000/target-module@9c000/i2c@0[0]'
[    0.558314] of_get_named_gpiod_flags: can't parse 'sda-gpio' property of node '/ocp/interconnect@48000000/segment@100000/target-module@9c000/i2c@0[0]'
[    0.558345] i2c i2c-2: using lookup tables for GPIO lookup
[    0.558353] i2c i2c-2: No GPIO consumer sda found
[    0.559079] omap_i2c 4819c000.i2c: bus 2 rev0.11 at 100 kHz
[    0.564978] gpiochip_find_base_unlocked: found new base at 544
[    0.565094] gpio gpiochip1: (gpio-32-63): created GPIO range 0->17 ==> 44e10800.pinmux PIN 34->51
[    0.565115] gpio gpiochip1: (gpio-32-63): created GPIO range 18->21 ==> 44e10800.pinmux PIN 77->80
[    0.565133] gpio gpiochip1: (gpio-32-63): created GPIO range 22->31 ==> 44e10800.pinmux PIN 56->65
[    0.578326] gpio gpiochip1: (gpio-32-63): added GPIO chardev (254:1)
[    0.578554] gpio gpiochip1: registered GPIOs 544 to 575 on gpio-32-63
[    0.580862] gpiochip_find_base_unlocked: found new base at 576
[    0.580955] gpio gpiochip2: (gpio-64-95): created GPIO range 0->4 ==> 44e10800.pinmux PIN 66->70
[    0.580975] gpio gpiochip2: (gpio-64-95): created GPIO range 5->6 ==> 44e10800.pinmux PIN 98->99
[    0.580991] gpio gpiochip2: (gpio-64-95): created GPIO range 7->8 ==> 44e10800.pinmux PIN 75->76
[    0.581005] gpio gpiochip2: (gpio-64-95): created GPIO range 13->13 ==> 44e10800.pinmux PIN 141->141
[    0.581022] gpio gpiochip2: (gpio-64-95): created GPIO range 14->21 ==> 44e10800.pinmux PIN 100->107
[    0.599509] gpio gpiochip2: (gpio-64-95): added GPIO chardev (254:2)
[    0.599730] gpio gpiochip2: registered GPIOs 576 to 607 on gpio-64-95
[    0.605681] 48000000.interconnect:segment@200000:target-module@0:mpu@0:fck: device ID is greater than 24
[    0.606576] /ocp/interconnect@48000000/segment@300000/target-module@e000/lcdc@0: Fixed dependency cycle(s) with /ocp/interconnect@44c00000/segment@200000/target-module@b000/i2c@0/tda19988@70
[    0.609415] /ocp/interconnect@48000000/segment@300000/target-module@e000/lcdc@0: Fixed dependency cycle(s) with /ocp/interconnect@44c00000/segment@200000/target-module@b000/i2c@0/tda19988@70
[    0.610119] /ocp/interconnect@44c00000/segment@200000/target-module@b000/i2c@0/tda19988@70: Fixed dependency cycle(s) with /ocp/interconnect@48000000/segment@300000/target-module@e000/lcdc@0
[    0.610281] /ocp/interconnect@48000000/segment@300000/target-module@e000/lcdc@0: Fixed dependency cycle(s) with /ocp/interconnect@44c00000/segment@200000/target-module@b000/i2c@0/tda19988@70
[    0.620088] mdio_bus 4a101000.mdio: using DT '/ocp/interconnect@4a000000/segment@0/target-module@100000/switch@0/mdio@1000' for 'reset' GPIO lookup
[    0.620159] of_get_named_gpiod_flags: can't parse 'reset-gpios' property of node '/ocp/interconnect@4a000000/segment@0/target-module@100000/switch@0/mdio@1000[0]'
[    0.620205] of_get_named_gpiod_flags: can't parse 'reset-gpio' property of node '/ocp/interconnect@4a000000/segment@0/target-module@100000/switch@0/mdio@1000[0]'
[    0.620252] mdio_bus 4a101000.mdio: using lookup tables for GPIO lookup
[    0.620262] mdio_bus 4a101000.mdio: No GPIO consumer reset found
[    0.621197] sdhci-omap 481d8000.mmc: using DT '/ocp/interconnect@48000000/segment@100000/target-module@d8000/mmc@0' for 'wp' GPIO lookup
[    0.621255] of_get_named_gpiod_flags: can't parse 'wp-gpios' property of node '/ocp/interconnect@48000000/segment@100000/target-module@d8000/mmc@0[0]'
[    0.621297] of_get_named_gpiod_flags: can't parse 'wp-gpio' property of node '/ocp/interconnect@48000000/segment@100000/target-module@d8000/mmc@0[0]'
[    0.621330] sdhci-omap 481d8000.mmc: using lookup tables for GPIO lookup
[    0.621339] sdhci-omap 481d8000.mmc: No GPIO consumer wp found
[    0.621689] sdhci-omap 481d8000.mmc: supply pbias not found, using dummy regulator
[    0.633768] sdhci-omap 481d8000.mmc: supply vqmmc not found, using dummy regulator
[    0.672272] davinci_mdio 4a101000.mdio: davinci mdio revision 1.6, bus freq 1000000
[    0.690145] mdio_bus 4a101000.mdio:00: using DT '/ocp/interconnect@4a000000/segment@0/target-module@100000/switch@0/mdio@1000/ethernet-phy@0' for 'reset' GPIO lookup
[    0.690247] of_get_named_gpiod_flags: parsed 'reset-gpios' property of node '/ocp/interconnect@4a000000/segment@0/target-module@100000/switch@0/mdio@1000/ethernet-phy@0[0]' - status (0)
[    0.690410] gpio gpiochip0: Persistence not supported for GPIO 8
[    0.836773] davinci_mdio 4a101000.mdio: phy[0]: device 4a101000.mdio:00, driver SMSC LAN8710/LAN8720
[    0.837623] cpsw-switch 4a100000.switch: initialized cpsw ale version 1.4
[    0.837645] cpsw-switch 4a100000.switch: ALE Table size 1024, Policers 0
[    0.842413] cpsw-switch 4a100000.switch: cpts: overflow check period 500 (jiffies)
[    0.842436] cpsw-switch 4a100000.switch: CPTS: ref_clk_freq:250000000 calc_mult:2147483648 calc_shift:29 error:0 nsec/sec
[    0.842541] cpsw-switch 4a100000.switch: Detected MACID = 6c:ec:eb:68:de:78
[    0.844423] cpsw-switch 4a100000.switch: initialized (regs 0x4a100000, pool size 256) hw_ver:0019010C 1.12 (0)
[    0.855557] debugfs: '49000000.dma' already exists in 'dmaengine'
[    0.855601] edma 49000000.dma: TI EDMA DMA engine driver
[    0.905333] gpio-clk clk_mcasp0: using DT '/clk_mcasp0' for 'enable' GPIO lookup
[    0.905409] of_get_named_gpiod_flags: parsed 'enable-gpios' property of node '/clk_mcasp0[0]' - status (0)
[    0.905455] gpio gpiochip0: Persistence not supported for GPIO 27
[    0.906344] gpiochip_find_base_unlocked: found new base at 608
[    0.906456] gpio gpiochip3: (gpio-96-127): created GPIO range 0->7 ==> 44e10800.pinmux PIN 82->89
[    0.906477] gpio gpiochip3: (gpio-96-127): created GPIO range 8->11 ==> 44e10800.pinmux PIN 52->55
[    0.906493] gpio gpiochip3: (gpio-96-127): created GPIO range 12->15 ==> 44e10800.pinmux PIN 94->97
[    0.906509] gpio gpiochip3: (gpio-96-127): created GPIO range 16->17 ==> 44e10800.pinmux PIN 71->72
[    0.906524] gpio gpiochip3: (gpio-96-127): created GPIO range 18->18 ==> 44e10800.pinmux PIN 135->135
[    0.906541] gpio gpiochip3: (gpio-96-127): created GPIO range 19->20 ==> 44e10800.pinmux PIN 108->109
[    0.906558] gpio gpiochip3: (gpio-96-127): created GPIO range 21->21 ==> 44e10800.pinmux PIN 73->73
[    0.906575] gpio gpiochip3: (gpio-96-127): created GPIO range 22->23 ==> 44e10800.pinmux PIN 8->9
[    0.906593] gpio gpiochip3: (gpio-96-127): created GPIO range 26->27 ==> 44e10800.pinmux PIN 10->11
[    0.906616] gpio gpiochip3: (gpio-96-127): created GPIO range 28->28 ==> 44e10800.pinmux PIN 74->74
[    0.906635] gpio gpiochip3: (gpio-96-127): created GPIO range 29->29 ==> 44e10800.pinmux PIN 81->81
[    0.906653] gpio gpiochip3: (gpio-96-127): created GPIO range 30->31 ==> 44e10800.pinmux PIN 28->29
[    0.920258] gpio gpiochip3: (gpio-96-127): added GPIO chardev (254:3)
[    0.920506] gpio gpiochip3: registered GPIOs 608 to 639 on gpio-96-127
[    0.922616] omap8250 44e09000.serial: using DT '/ocp/interconnect@44c00000/segment@200000/target-module@9000/serial@0' for 'rs485-term' GPIO lookup
[    0.922692] of_get_named_gpiod_flags: can't parse 'rs485-term-gpios' property of node '/ocp/interconnect@44c00000/segment@200000/target-module@9000/serial@0[0]'
