Labgrid Console Logfile for main
Logfile started at 2024-11-15 08:39:35.504307
=== Log starts here ===
reading args
spl_load_image_fat_os: error reading image args, err - -1
reading u-boot.img
reading u-boot.img


U-Boot 2014.04-00014-g47880f5 (Apr 22 2014 - 13:23:54)

I2C:   ready
DRAM:  512 MiB
NAND:  0 MiB
MMC:   OMAP SD/MMC: 0, OMAP SD/MMC: 1
*** Warning - readenv() failed, using default environment

Net:   <ethaddr> not set. Validating first E-fuse MAC
cpsw, usb_ether
Hit any key to stop autoboot:  1  0 
gpio: pin 53 (gpio 53) value is 1
mmc0 is current device
gpio: pin 54 (gpio 54) value is 1
SD/MMC found on device 0
reading uEnv.txt
569 bytes read in 4 ms (138.7 KiB/s)
gpio: pin 55 (gpio 55) value is 1
Loaded environment from uEnv.txt
Importing environment from mmc ...
Checking if uenvcmd is set ...
gpio: pin 56 (gpio 56) value is 1
Running uenvcmd ...
cpsw Waiting for PHY auto negotiation to complete. done
link up on port 0, speed 100, full duplex
Using cpsw device
TFTP from server 192.168.255.126; our IP address is 192.168.255.1
Filename 'zImage'.
Load address: 0x81000000
Loading: *#################################################################
	 #################################################################
	 #################################################################
	 #################################################################
	 #################################################################
	 #####################################################
	 2.4 MiB/s
done
Bytes transferred = 5536800 (547c20 hex)
link up on port 0, speed 100, full duplex
Using cpsw device
TFTP from server 192.168.255.126; our IP address is 192.168.255.1
Filename 'am335x-boneblack.dtb'.
Load address: 0x82000000
Loading: *#######
	 2.3 MiB/s
done
Bytes transferred = 98244 (17fc4 hex)
Kernel image @ 0x81000000 [ 0x000000 - 0x547c20 ]
## Flattened Device Tree blob at 82000000
   Booting using the fdt blob at 0x82000000
   Using Device Tree in place at 82000000, end 8201afc3

Starting kernel ...

[    0.000000] Booting Linux on physical CPU 0x0
[    0.000000] Linux version 6.12.0-rc7-next-20241115 (user01@drvtest01) (arm-linux-gnueabihf-gcc (Linaro GCC 6.4-2017.11) 6.4.1 20171012, GNU ld (Linaro_Binutils-2017.11) 2.27.0.20161229) #138 SMP Fri Nov 15 08:37:13 EET 2024
[    0.000000] CPU: ARMv7 Processor [413fc082] revision 2 (ARMv7), cr=10c5387d
[    0.000000] CPU: PIPT / VIPT nonaliasing data cache, VIPT aliasing instruction cache
[    0.000000] OF: fdt: Machine model: TI AM335x BeagleBone Black
[    0.000000] Memory policy: Data cache writeback
[    0.000000] cma: Reserved 16 MiB at 0x9e800000 on node -1
[    0.000000] Zone ranges:
[    0.000000]   Normal   [mem 0x0000000080000000-0x000000009fdfffff]
[    0.000000]   HighMem  empty
[    0.000000] Movable zone start for each node
[    0.000000] Early memory node ranges
[    0.000000]   node   0: [mem 0x0000000080000000-0x000000009fdfffff]
[    0.000000] Initmem setup node 0 [mem 0x0000000080000000-0x000000009fdfffff]
[    0.000000] OF: reserved mem: Reserved memory: No reserved-memory node in the DT
[    0.000000] CPU: All CPU(s) started in SVC mode.
[    0.000000] AM335X ES2.1 (sgx neon)
[    0.000000] percpu: Embedded 17 pages/cpu s39564 r8192 d21876 u69632
[    0.000000] Kernel command line: console=ttyO0,115200n8 root=/dev/nfs rw nfsroot=192.168.255.126:/home/user01/nfs,nfsvers=3 ip=192.168.255.1:192.168.255.126::255.255.255.0:bbb1:eth0 nfsrootdebug
[    0.000000] Unknown kernel command line parameters "nfsrootdebug", will be passed to user space.
[    0.000000] printk: log buffer data + meta data: 65536 + 204800 = 270336 bytes
[    0.000000] Dentry cache hash table entries: 65536 (order: 6, 262144 bytes, linear)
[    0.000000] Inode-cache hash table entries: 32768 (order: 5, 131072 bytes, linear)
[    0.000000] Built 1 zonelists, mobility grouping on.  Total pages: 130560
[    0.000000] mem auto-init: stack:off, heap alloc:off, heap free:off
[    0.000000] SLUB: HWalign=64, Order=0-3, MinObjects=0, CPUs=1, Nodes=1
[    0.000000] trace event string verifier disabled
[    0.000000] rcu: Hierarchical RCU implementation.
[    0.000000] rcu: 	RCU event tracing is enabled.
[    0.000000] rcu: 	RCU restricting CPUs from NR_CPUS=2 to nr_cpu_ids=1.
[    0.000000] 	Tracing variant of Tasks RCU enabled.
[    0.000000] rcu: RCU calculated value of scheduler-enlistment delay is 10 jiffies.
[    0.000000] rcu: Adjusting geometry for rcu_fanout_leaf=16, nr_cpu_ids=1
[    0.000000] RCU Tasks Trace: Setting shift to 0 and lim to 1 rcu_task_cb_adjust=1 rcu_task_cpu_ids=1.
[    0.000000] NR_IRQS: 16, nr_irqs: 16, preallocated irqs: 16
[    0.000000] IRQ: Found an INTC at 0x(ptrval) (revision 5.0) with 128 interrupts
[    0.000000] rcu: srcu_init: Setting srcu_struct sizes based on contention.
[    0.000000] TI gptimer clocksource: always-on /ocp/interconnect@44c00000/segment@200000/target-module@31000
[    0.000002] sched_clock: 32 bits at 24MHz, resolution 41ns, wraps every 89478484971ns
[    0.000028] clocksource: dmtimer: mask: 0xffffffff max_cycles: 0xffffffff, max_idle_ns: 79635851949 ns
[    0.000511] TI gptimer clockevent: 24000000 Hz at /ocp/interconnect@48000000/segment@0/target-module@40000
[    0.002153] Console: colour dummy device 80x30
[    0.002220] WARNING: Your 'console=ttyO0' has been replaced by 'ttyS0'
[    0.002227] This ensures that you still see kernel messages. Please
[    0.002232] update your kernel commandline.
[    0.002274] Calibrating delay loop... 996.14 BogoMIPS (lpj=4980736)
[    0.090562] CPU: Testing write buffer coherency: ok
[    0.090678] CPU0: Spectre v2: using BPIALL workaround
[    0.090689] pid_max: default: 32768 minimum: 301
[    0.090814] LSM: initializing lsm=capability
[    0.090990] Mount-cache hash table entries: 1024 (order: 0, 4096 bytes, linear)
[    0.091012] Mountpoint-cache hash table entries: 1024 (order: 0, 4096 bytes, linear)
[    0.092675] CPU0: thread -1, cpu 0, socket -1, mpidr 0
[    0.160938] Setting up static identity map for 0x80100000 - 0x80100078
[    0.170721] rcu: Hierarchical SRCU implementation.
[    0.170731] rcu: 	Max phase no-delay instances is 1000.
[    0.190775] smp: Bringing up secondary CPUs ...
[    0.190833] smp: Brought up 1 node, 1 CPU
[    0.190848] SMP: Total of 1 processors activated (996.14 BogoMIPS).
[    0.190859] CPU: All CPU(s) started in SVC mode.
[    0.191055] Memory: 480840K/522240K available (11264K kernel code, 1214K rwdata, 2896K rodata, 1024K init, 297K bss, 23388K reserved, 16384K cma-reserved, 0K highmem)
[    0.191924] devtmpfs: initialized
[    0.208612] VFP support v0.3: implementor 41 architecture 3 part 30 variant c rev 3
[    0.208965] clocksource: jiffies: mask: 0xffffffff max_cycles: 0xffffffff, max_idle_ns: 19112604462750000 ns
[    0.208998] futex hash table entries: 256 (order: 2, 16384 bytes, linear)
[    0.210277] pinctrl core: initialized pinctrl subsystem
[    0.213290] NET: Registered PF_NETLINK/PF_ROUTE protocol family
[    0.216120] DMA: preallocated 256 KiB pool for atomic coherent allocations
[    0.217035] audit: initializing netlink subsys (disabled)
[    0.218461] thermal_sys: Registered thermal governor 'fair_share'
[    0.218479] thermal_sys: Registered thermal governor 'step_wise'
[    0.218489] thermal_sys: Registered thermal governor 'user_space'
[    0.218647] audit: type=2000 audit(0.210:1): state=initialized audit_enabled=0 res=1
[    0.218686] cpuidle: using governor menu
[    0.237042] /ocp/interconnect@44c00000/segment@200000/target-module@b000/i2c@0/tda19988@70: Fixed dependency cycle(s) with /ocp/interconnect@48000000/segment@300000/target-module@e000/lcdc@0
[    0.238214] /ocp/interconnect@48000000/segment@300000/target-module@e000/lcdc@0: Fixed dependency cycle(s) with /ocp/interconnect@44c00000/segment@200000/target-module@b000/i2c@0/tda19988@70
[    0.240409] No ATAGs?
[    0.240430] hw-breakpoint: debug architecture 0x4 unsupported.
[    0.243391] kprobes: kprobe jump-optimization is enabled. All kprobes are optimized if possible.
[    0.254035] iommu: Default domain type: Translated
[    0.254060] iommu: DMA domain TLB invalidation policy: strict mode
[    0.261792] SCSI subsystem initialized
[    0.262652] pps_core: LinuxPPS API ver. 1 registered
[    0.262664] pps_core: Software ver. 5.3.6 - Copyright 2005-2007 Rodolfo Giometti <giometti@linux.it>
[    0.262689] PTP clock support registered
[    0.271110] vgaarb: loaded
[    0.271516] clocksource: Switched to clocksource dmtimer
[    0.272183] VFS: Disk quotas dquot_6.6.0
[    0.272227] VFS: Dquot-cache hash table entries: 1024 (order 0, 4096 bytes)
[    0.297495] NET: Registered PF_INET protocol family
[    0.297847] IP idents hash table entries: 8192 (order: 4, 65536 bytes, linear)
[    0.299266] tcp_listen_portaddr_hash hash table entries: 512 (order: 0, 4096 bytes, linear)
[    0.299302] Table-perturb hash table entries: 65536 (order: 6, 262144 bytes, linear)
[    0.299319] TCP established hash table entries: 4096 (order: 2, 16384 bytes, linear)
[    0.299362] TCP bind hash table entries: 4096 (order: 4, 65536 bytes, linear)
[    0.299462] TCP: Hash tables configured (established 4096 bind 4096)
[    0.299580] UDP hash table entries: 256 (order: 1, 8192 bytes, linear)
[    0.299609] UDP-Lite hash table entries: 256 (order: 1, 8192 bytes, linear)
[    0.299782] NET: Registered PF_UNIX/PF_LOCAL protocol family
[    0.301073] RPC: Registered named UNIX socket transport module.
[    0.301097] RPC: Registered udp transport module.
[    0.301103] RPC: Registered tcp transport module.
[    0.301109] RPC: Registered tcp-with-tls transport module.
[    0.301114] RPC: Registered tcp NFSv4.1 backchannel transport module.
[    0.301136] PCI: CLS 0 bytes, default 64
[    0.302731] Initialise system trusted keyrings
[    0.312446] workingset: timestamp_bits=14 max_order=17 bucket_order=3
[    0.313812] NFS: Registering the id_resolver key type
[    0.313884] Key type id_resolver registered
[    0.313892] Key type id_legacy registered
[    0.313943] jffs2: version 2.2. (NAND) (SUMMARY)  Â© 2001-2006 Red Hat, Inc.
[    0.314360] Key type asymmetric registered
[    0.314377] Asymmetric key parser 'x509' registered
[    0.314445] io scheduler mq-deadline registered
[    0.314456] io scheduler kyber registered
[    0.314530] io scheduler bfq registered
[    0.316156] ledtrig-cpu: registered to indicate activity on CPUs
[    0.322822] Serial: 8250/16550 driver, 6 ports, IRQ sharing enabled
[    0.367551] brd: module loaded
[    0.397444] loop: module loaded
[    0.398377] mtdoops: mtd device (mtddev=name/number) must be supplied
[    0.401660] i2c_dev: i2c /dev entries driver
[    0.402682] cpuidle: enable-method property 'ti,am3352' found operations
[    0.403133] sdhci: Secure Digital Host Controller Interface driver
[    0.403143] sdhci: Copyright(c) Pierre Ossman
[    0.403316] sdhci-pltfm: SDHCI platform and OF driver helper
[    0.404319] Initializing XFRM netlink socket
[    0.404461] NET: Registered PF_INET6 protocol family
[    0.406497] Segment Routing with IPv6
[    0.406593] In-situ OAM (IOAM) with IPv6
[    0.406692] sit: IPv6, IPv4 and MPLS over IPv4 tunneling driver
[    0.407662] NET: Registered PF_PACKET protocol family
[    0.407700] NET: Registered PF_KEY protocol family
[    0.407830] Key type dns_resolver registered
[    0.408105] ThumbEE CPU extension supported.
[    0.408129] Registering SWP/SWPB emulation handler
[    0.408672] omap_voltage_late_init: Voltage driver support not added
[    0.409023] SmartReflex Class3 initialized
[    0.443692] Loading compiled-in X.509 certificates
[    0.491130] /ocp/interconnect@44c00000/segment@200000/target-module@b000/i2c@0/tda19988@70: Fixed dependency cycle(s) with /ocp/interconnect@48000000/segment@300000/target-module@e000/lcdc@0
[    0.497796] /ocp/interconnect@44c00000/segment@200000/target-module@b000/i2c@0/tda19988@70: Fixed dependency cycle(s) with /ocp/interconnect@48000000/segment@300000/target-module@e000/lcdc@0
[    0.527579] /ocp/interconnect@44c00000/segment@200000/target-module@b000/i2c@0/tda19988@70: Fixed dependency cycle(s) with /ocp/interconnect@48000000/segment@300000/target-module@e000/lcdc@0
[    0.528483] /ocp/interconnect@44c00000/segment@200000/target-module@b000/i2c@0/tda19988@70: Fixed dependency cycle(s) with /ocp/interconnect@48000000/segment@300000/target-module@e000/lcdc@0
[    0.532178] /ocp/interconnect@44c00000/segment@200000/target-module@10000/scm@0/pinmux@800: Fixed dependency cycle(s) with /ocp/interconnect@44c00000/segment@200000/target-module@10000/scm@0/pinmux@800/clkout2-pins
[    0.532784] pinctrl-single 44e10800.pinmux: 142 pins, size 568
[    0.537940] ti-sysc 44e31000.target-module: probe with driver ti-sysc failed with error -16
[    0.569742] /ocp/interconnect@48000000/segment@300000/target-module@e000/lcdc@0: Fixed dependency cycle(s) with /ocp/interconnect@44c00000/segment@200000/target-module@b000/i2c@0/tda19988@70
[    0.577867] ti-sysc 48040000.target-module: probe with driver ti-sysc failed with error -16
[    0.630247] OMAP GPIO hardware version 0.1
[    0.654860] omap_i2c 4819c000.i2c: bus 2 rev0.11 at 100 kHz
[    0.684030] 48000000.interconnect:segment@200000:target-module@0:mpu@0:fck: device ID is greater than 24
[    0.684915] /ocp/interconnect@48000000/segment@300000/target-module@e000/lcdc@0: Fixed dependency cycle(s) with /ocp/interconnect@44c00000/segment@200000/target-module@b000/i2c@0/tda19988@70
[    0.687692] /ocp/interconnect@48000000/segment@300000/target-module@e000/lcdc@0: Fixed dependency cycle(s) with /ocp/interconnect@44c00000/segment@200000/target-module@b000/i2c@0/tda19988@70
[    0.688373] /ocp/interconnect@44c00000/segment@200000/target-module@b000/i2c@0/tda19988@7 0: Fixed dependency cycle(s) with /ocp/interconnect@48000000/s egment@300000/target-module@e000/lcdc@0
[    0.688534] /ocp/i nterconnect@48000000/segment@300000/target-module@e000/lcdc@0:  Fixed dependency cycle(s) with /ocp/interconnect@44c00000/seg ment@200
[    2.502501] tps65217-pmic: Failed to locate of_node [id: -1]
[    2.508573] tps65217-bl: Failed to locate of_node [id: -1]
[    2.519942] tps65217 0-0024: TPS65217 ID 0xe version 1.2
[    2.526095] /ocp/interconnect@48000000/segment@300000/target-module@e000/lcdc@0: Fixed dependency cycle(s) with /ocp/interconnect@44c00000/segment@200000/target-module@b000/i2c@0/tda19988@70
[    2.543472] /ocp/interconnect@44c00000/segment@200000/target-module@b000/i2c@0/tda19988@70: Fixed dependency cycle(s) with /ocp/interconnect@48000000/segment@300000/target-module@e000/lcdc@0
[    2.560834] omap_i2c 44e0b000.i2c: bus 0 rev0.11 at 400 kHz
[    2.568881] omap_gpio 44e07000.gpio: Could not set line 6 debounce to 200000 microseconds (-22)
[    2.577777] sdhci-omap 48060000.mmc: Got CD GPIO
[    2.582820] sdhci-omap 48060000.mmc: supply pbias not found, using dummy regulator
[    2.592896] sdhci-omap 48060000.mmc: supply vqmmc not found, using dummy regulator
[    2.601940] sdhci-omap 481d8000.mmc: supply pbias not found, using dummy regulator
[    2.609936] sdhci-omap 481d8000.mmc: supply vqmmc not found, using dummy regulator
[    2.647899] mmc0: SDHCI controller on 48060000.mmc [48060000.mmc] using External DMA
[    2.656230] mmc1: SDHCI controller on 481d8000.mmc [481d8000.mmc] using External DMA
[    2.665094] cpsw-switch 4a100000.switch: starting ndev. mode: dual_mac
[    2.710747] mmc0: new high speed SDHC card at address 5048
[    2.717808] mmcblk0: mmc0:5048 SD16G 14.4 GiB
[    2.725933]  mmcblk0: p1 p2
[    2.729372] mmcblk0: p2 size 31221760 extends beyond EOD, truncated
[    2.742782] SMSC LAN8710/LAN8720 4a101000.mdio:00: attached PHY driver (mii_bus:phy_addr=4a101000.mdio:00, irq=POLL)
[    2.755003] mmc1: new high speed MMC card at address 0001
[    2.761849] mmcblk1: mmc1:0001 MMC04G 3.60 GiB
[    2.773943]  mmcblk1: p1 p2
[    2.778211] mmcblk1boot0: mmc1:0001 MMC04G 2.00 MiB
[    2.785469] mmcblk1boot1: mmc1:0001 MMC04G 2.00 MiB
[    2.792885] mmcblk1rpmb: mmc1:0001 MMC04G 128 KiB, chardev (250:0)
[    8.002312] cpsw-switch 4a100000.switch eth0: Link is Up - 100Mbps/Full - flow control off
[    8.041764] IP-Config: Complete:
[    8.045042]      device=eth0, hwaddr=6c:ec:eb:68:de:78, ipaddr=192.168.255.1, mask=255.255.255.0, gw=255.255.255.255
[    8.055709]      host=bbb1, domain=, nis-domain=(none)
[    8.060879]      bootserver=192.168.255.126, rootserver=192.168.255.126, rootpath=
[    8.061307] clk: Disabling unused clocks
[    8.073162] PM: genpd: Disabling unused power domains
[    8.078283] KTAP version 1
[    8.081005] 1..0
[    8.106278] VFS: Mounted root (nfs filesystem) on device 0:17.
[    8.113372] devtmpfs: mounted
[    8.118027] Freeing unused kernel image (initmem) memory: 1024K
[    8.124981] Run /sbin/init as init process
[    8.847472] systemd[1]: System time before build time, advancing clock.
[   10.251544] random: crng init done
[   10.293161] systemd[1]: systemd 232 running in system mode. (+PAM +AUDIT +SELINUX +IMA +APPARMOR +SMACK +SYSVINIT +UTMP +LIBCRYPTSETUP +GCRYPT +GNUTLS +ACL +XZ +LZ4 +SECCOMP +BLKID +ELFUTILS +KMOD +IDN)
[   10.312333] systemd[1]: Detected architecture arm.

Welcome to [1mDebian GNU/Linux 9 (stretch)[0m!

[   10.344709] systemd[1]: Set hostname to <arm>.
[   11.458283] systemd[1]: Created slice User and Session Slice.
[[0;32m  OK  [0m] Created slice User and Session Slice.
[   11.482173] systemd[1]: Listening on udev Kernel Socket.
[[0;32m  OK  [0m] Listening on udev Kernel Socket.
[   11.512899] systemd[1]: Created slice System Slice.
[[0;32m  OK  [0m] Created slice System Slice.
[   11.542986] systemd[1]: Created slice system-getty.slice.
[[0;32m  OK  [0m] Created slice system-getty.slice.
[   11.571926] systemd[1]: Reached target Slices.
[[0;32m  OK  [0m] Reached target Slices.
[   11.592405] systemd[1]: Started Dispatch Password Requests to Console Directory Watch.
[[0;32m  OK  [0m] Started Dispatch Password Requests to Console Directory Watch.
[   11.652136] systemd[1]: Mounting Debug File System...
         Mounting Debug File System...
         Mounting POSIX Message Queue File System...
[[0;32m  OK  [0m] Listening on Syslog Socket.
[[0;32m  OK  [0m] Created slice system-serial\x2dgetty.slice.
[[0;32m  OK  [0m] Listening on udev Control Socket.
[[0;32m  OK  [0m] Reached target Swap.
[[0;32m  OK  [0m] Listening on /dev/initctl Compatibility Named Pipe.
[[0;32m  OK  [0m] Started Forward Password Requests to Wall Directory Watch.
[[0;32m  OK  [0m] Listening on Journal Socket (/dev/log).
[[0;32m  OK  [0m] Reached target Remote File Systems.
[[0;32m  OK  [0m] Reached target Paths.
[[0;32m  OK  [0m] Listening on Journal Socket.
         Starting Create list of required stâ€¦ce nodes for the current kernel...
         Starting Remount Root and Kernel File Systems...
[[0;32m  OK  [0m] Listening on Journal Audit Socket.
         Starting Journal Service...
[[0;32m  OK  [0m] Reached target Encrypted Volumes.
[[0;32m  OK  [0m] Set up automount Arbitrary Executabâ€¦rmats File System Automount Point.
         Starting Load Kernel Modules...
[[0;32m  OK  [0m] Mounted POSIX Message Queue File System.
[[0;32m  OK  [0m] Mounted Debug File System.
[[0;32m  OK  [0m] Started Create list of required staâ€¦vice nodes for the current kernel.
[[0;32m  OK  [0m] Started Remount Root and Kernel File Systems.
         Starting Load/Save Random Seed...
         Starting udev Coldplug all Devices...
         Starting Create Static Device Nodes in /dev...
[[0;32m  OK  [0m] Started Load Kernel Modules.
         Starting Apply Kernel Variables...
         Mounting Configuration File System...
[[0;32m  OK  [0m] Started Load/Save Random Seed.
[[0;32m  OK  [0m] Mounted Configuration File System.
[[0;32m  OK  [0m] Started Apply Kernel Variables.
[[0;32m  OK  [0m] Started Journal Service.
[[0;32m  OK  [0m] Started Create Static Device Nodes in /dev.
         Starting udev Kernel Device Manager...
[[0;32m  OK  [0m] Reached target Local File Systems (Pre).
[[0;32m  OK  [0m] Reached target Local File Systems.
         Starting Raise network interfaces...
         Starting Flush Journal to Persistent Storage...
[   13.780647] systemd-journald[84]: Received request to flush runtime journal from PID 1
[[0;32m  OK  [0m] Started Flush Journal to Persistent Storage.
         Starting Create Volatile Files and Directories...
[[0;32m  OK  [0m] Started udev Kernel Device Manager.
[[0;32m  OK  [0m] Started Create Volatile Files and Directories.
         Starting Update UTMP about System Boot/Shutdown...
         Starting Network Time Synchronization...
[[0;32m  OK  [0m] Started Update UTMP about System Boot/Shutdown.
[[0;32m  OK  [0m] Started udev Coldplug all Devices.
[[0;32m  OK  [0m] Started Network Time Synchronization.
[[0;32m  OK  [0m] Reached target System Initialization.
[[0;32m  OK  [0m] Listening on D-Bus System Message Bus Socket.
[   17.050889] remoteproc remoteproc0: wkup_m3 is available
[[0;32m  OK  [0m] Listening on Avahi mDNS/DNS-SD Stack Activation Socket.
[[0;32m  OK  [0m] Reached target Sockets.
[   17.159545] omap_rtc 44e3e000.rtc: registered as rtc0
[   17.164931] omap_rtc 44e3e000.rtc: setting system clock to 2000-01-01T00:00:00 UTC (946684800)
[[0;32m  OK  [0m] Reached target Basic System.
         Starting Telephony service...
[   17.358704] at24 2-0054: supply vcc not found, using dummy regulator
[   17.409055] am335x-phy-driver 47401300.usb-phy: dummy supplies not allowed for exclusive requests (id=vbus)
[[0;32m  OK  [0m] Started D-Bus System Message Bus.
[   17.525583] at24 2-0055: supply vcc not found, using dummy regulator
[   17.604155] am335x-phy-driver 47401b00.usb-phy: dummy supplies not allowed for exclusive requests (id=vbus)
[   17.660345] at24 2-0056: supply vcc not found, using dummy regulator
[   17.706745] tps6521x_pwrbutton tps65217-pwrbutton: DMA mask not set
[   17.761154] at24 2-0057: supply vcc not found, using dummy regulator
[   17.818049] input: tps65217_pwrbutton as /devices/platform/ocp/44c00000.interconnect/44c00000.interconnect:segment@200000/44e0b000.target-module/44e0b000.i2c/i2c-0/0-0024/tps65217-pwrbutton/input/input0
[   17.889788] at24 0-0050: 32768 byte 24c256 EEPROM, writable, 1 bytes/write
[   17.950140] wkup_m3_ipc 44e11324.wkup_m3_ipc: IPC Request for A8->M3 Channel failed! -517
[   18.017290] omap_wdt: OMAP Watchdog Timer Rev 0x01: initial timeout 60 sec
[   18.026310] wkup_m3_ipc 44e11324.wkup_m3_ipc: IPC Request for A8->M3 Channel failed! -517
[   18.169107] wkup_m3_ipc 44e11324.wkup_m3_ipc: IPC Request for A8->M3 Channel failed! -517
[   18.838697] usbcore: registered new interface driver usbfs
[   18.844515] usbcore: registered new interface driver hub
[   18.849955] usbcore: registered new device driver usb
[   19.350549] omap-mailbox 480c8000.mailbox: omap mailbox rev 0x400
[   19.428599] remoteproc remoteproc0: powering up wkup_m3
[   19.583458] remoteproc remoteproc0: Direct firmware load for am335x-pm-firmware.elf failed with error -2
[   19.593255] remoteproc remoteproc0: request_firmware failed: -2
[   19.599241] wkup_m3_ipc 44e11324.wkup_m3_ipc: rproc_boot failed
[   19.662997] musb-hdrc musb-hdrc.1: MUSB HDRC host driver
[   19.668418] musb-hdrc musb-hdrc.1: new USB bus registered, assigned bus number 1
[   19.839548] tda998x 0-0070: found TDA19988
[   19.861162] usb usb1: New USB device found, idVendor=1d6b, idProduct=0002, bcdDevice= 6.12
[   19.869669] usb usb1: New USB device strings: Mfr=3, Product=2, SerialNumber=1
[   19.876996] usb usb1: Product: MUSB HDRC host driver
[   19.882020] usb usb1: Manufacturer: Linux 6.12.0-rc7-next-20241115 musb-hcd
[   19.889020] usb usb1: SerialNumber: musb-hdrc.1
[   20.211391] hub 1-0:1.0: USB hub found
[   20.249032] hub 1-0:1.0: 1 port detected
[   21.445652] omap_rng 48310000.rng: Random Number Generator ver. 20
[   21.582707] tilcdc 4830e000.lcdc: bound 0-0070 (ops tda998x_driver_exit [tda998x])
[[0;32m  OK  [0m] Started Telephony service.
[   21.722847] [drm] Initialized tilcdc 1.0.0 for 4830e000.lcdc on minor 0
         Starting Connection service...
[   21.824793] tilcdc 4830e000.lcdc: [drm] Cannot find any crtc or sizes
[   21.833097] tilcdc 4830e000.lcdc: [drm] Cannot find any crtc or sizes
         Starting Avahi mDNS/DNS-SD Stack...
         Starting Cape Manager Service...
         Starting DUN service...
         Starting Login Service...
         Starting Generic Board Startup...
         Starting LSB: Start busybox udhcpd at boot time...
         Starting System Logging Service...
         Starting LSB: Load kernel modules needed to enable cpufreq scaling...
[   23.119209] omap-sham 53100000.sham: hw accel on OMAP rev 4.3
[   23.127463] PM: Cannot get wkup_m3_ipc handle
[   23.252536] omap-sham 53100000.sham: will run requests pump with realtime priority
[   23.265988] PM: Cannot get wkup_m3_ipc handle
[[0;32m  OK  [0m] Started Regular background program processing daemon.
[   23.494335] omap-aes 53500000.aes: OMAP AES hw accel rev: 3.2
[[0;32m  OK  [0m] Started Daily Cleanup of Temporary Directories.
[[0;32m  OK  [0m] Reached target System Time Synchronized.
[   23.642405] omap-aes 53500000.aes: will run requests pump with realtime priority
[   23.654024] PM: Cannot get wkup_m3_ipc handle
[[0;32m  OK  [0m] Started Daily apt download activities.
[[0;32m  OK  [0m] Started Daily apt upgrade and clean activities.
[[0;32m  OK  [0m] Reached target Timers.
[   24.274962] Bluetooth: Core ver 2.22
[   24.279921] NET: Registered PF_BLUETOOTH protocol family
[   24.286836] Bluetooth: HCI device and connection manager initialized
[   24.293360] Bluetooth: HCI socket layer initialized
[   24.298276] Bluetooth: L2CAP socket layer initialized
[   24.303595] Bluetooth: SCO socket layer initialized
[[0;32m  OK  [0m] Found device /dev/ttyS0.
[[0;32m  OK  [0m] Started Cape Manager Service.
[[0;32m  OK  [0m] Started System Logging Service.
[   27.225712] PM: Cannot get wkup_m3_ipc handle
[   27.352838] PM: Cannot get wkup_m3_ipc handle
[[0;32m  OK  [0m] Started LSB: Start busybox udhcpd at boot time.
[[0;32m  OK  [0m] Started Raise network interfaces.
[[0;32m  OK  [0m] Started LSB: Load kernel modules needed to enable cpufreq scaling.
[   31.004221] configfs-gadget.g_multi gadget.0: HOST MAC 1c:ba:8c:a2:ed:6c
[   31.010998] configfs-gadget.g_multi gadget.0: MAC 1c:ba:8c:a2:ed:70
[   31.018567] configfs-gadget.g_multi gadget.0: HOST MAC 1c:ba:8c:a2:ed:6c
[   31.025434] configfs-gadget.g_multi gadget.0: MAC 1c:ba:8c:a2:ed:6d
[   31.036925] PM: Cannot get wkup_m3_ipc handle
[[0;32m  OK  [0m] Started DUN service.
[[0;32m  OK  [0m] Started Avahi mDNS/DNS-SD Stack.
[[0;32m  OK  [0m] Started Connection service.
[[0;32m  OK  [0m] Started Login Service.
[[0;32m  OK  [0m] Reached target Sound Card.
         Starting LSB: set CPUFreq kernel parameters...
[[0;32m  OK  [0m] Reached target Network.
         Starting The Apache HTTP Server...
[[0;32m  OK  [0m] Reached target Network is Online.
         Starting LSB: Advanced IEEE 802.11 management daemon...
         Starting OpenBSD Secure Shell server...
         Starting Permit User Sessions...
[[0;32m  OK  [0m] Started LSB: Advanced IEEE 802.11 management daemon.
[[0;32m  OK  [0m] Started Permit User Sessions.
         Starting Hostname Service...
[[0;32m  OK  [0m] Started Serial Getty on ttyS0.
[[0;32m  OK  [0m] Started Getty on tty1.
[[0;32m  OK  [0m] Reached target Login Prompts.
         Starting WPA supplicant...
[[0;32m  OK  [0m] Started LSB: set CPUFreq kernel parameters.
[[0;32m  OK  [0m] Started Hostname Service.
[[0;32m  OK  [0m] Started WPA supplicant.
[[0;32m  OK  [0m] Started OpenBSD Secure Shell server.
         Stopping LSB: Start busybox udhcpd at boot time...
[[0;32m  OK  [0m] Stopped LSB: Start busybox udhcpd at boot time.
[[0;32m  OK  [0m] Started The Apache HTTP Server.
         Starting dnsmasq - A lightweight DHCP and caching DNS server...
[[0;32m  OK  [0m] Started dnsmasq - A lightweight DHCP and caching DNS server.
[[0;32m  OK  [0m] Reached target Host and Network Name Lookups.
[[0;32m  OK  [0m] Started Serial Getty on ttyGS0.
[[0;32m  OK  [0m] Started Generic Board Startup.
[[0;32m  OK  [0m] Reached target Multi-User System.
[[0;32m  OK  [0m] Reached target Graphical Interface.
         Starting Update UTMP about System Runlevel Changes...
[[0;32m  OK  [0m] Started Update UTMP about System Runlevel Changes.

Debian GNU/Linux 9 arm ttyS0

default username:password is [debian:temppwd]

arm login: root
Password: 
Last login: Sat Jan  1 00:00:28 UTC 2000 on ttyS0
root
Linux arm 6.12.0-rc7-next-20241115 #138 SMP Fri Nov 15 08:37:13 EET 2024 armv7l

The programs included with the Debian GNU/Linux system are free software;
the exact distribution terms for each program are described in the
individual files in /usr/share/doc/*/copyright.

Debian GNU/Linux comes with ABSOLUTELY NO WARRANTY, to the extent
permitted by applicable law.
root@arm:~# root
dmesg -n 1
-bash: root: command not found
root@arm:~# dmesg -n 1
root@arm:~# echo 'TCLJ''JTPGBB'
TCLJJTPGBB
root@arm:~# run() { echo -n "$MARKER"; sh -c "$@"; echo "$MARKER $?"; }
root@arm:~# echo 'VLQW''YOPHXU'
VLQWYOPHXU
root@arm:~# MARKER='GYWW''XPYWUS' run 'cat /proc/version'
GYWWXPYWUSLinux version 6.12.0-rc7-next-20241115 (user01@drvtest01) (arm-linux-gnueabihf-gcc (Linaro GCC 6.4-2017.11) 6.4.1 20171012, GNU ld (Linaro_Binutils-2017.11) 2.27.0.20161229) #138 SMP Fri Nov 15 08:37:13 EET 2024
GYWWXPYWUS 0
root@arm:~# echo 'SZFU''LEPNSY'
SZFULEPNSY
root@arm:~# MARKER='UMPX''NHKLSX' run false
UMPXNHKLSXUMPXNHKLSX 1
root@arm:~# Labgrid Console Logfile for main
Logfile started at 2024-11-15 08:40:42.912088
=== Log starts here ===

root@arm:~# run() { echo -n "$MARKER"; sh -c "$@"; echo "$MARKER $?"; }
root@arm:~# echo 'GTHU''BPOACJ'
GTHUBPOACJ
root@arm:~# MARKER='PJWV''XAOGKE' run 'insmod /mva_overlay.ko'
PJWVXAOGKEPJWVXAOGKE 0
root@arm:~# echo 'AZPV''GXNWZB'
AZPVGXNWZB
root@arm:~# MARKER='PXUA''FUZJLN' run lsmod
PXUAFUZJLNModule                  Size  Used by
mva_overlay            65536  0
usb_f_acm              12288  2
u_serial               16384  3 usb_f_acm
usb_f_ecm              16384  2
usb_f_rndis            24576  2
u_ether                16384  2 usb_f_ecm,usb_f_rndis
libcomposite           57344  15 usb_f_ecm,usb_f_acm,u_ether,usb_f_rndis
iptable_nat            12288  0
nf_nat                 36864  1 iptable_nat
nf_conntrack          110592  1 nf_nat
nf_defrag_ipv6         16384  1 nf_conntrack
nf_defrag_ipv4         12288  1 nf_conntrack
iptable_mangle         12288  0
snd_soc_hdmi_codec     16384  1
evdev                  20480  0
iptable_filter         12288  0
bluetooth             618496  2
snd_soc_simple_card    16384  0
snd_soc_simple_card_utils    20480  1 snd_soc_simple_card
omap_aes_driver        24576  0
pm33xx                 12288  0
omap_sham              28672  0
omap_crypto            12288  1 omap_aes_driver
crypto_engine          12288  2 omap_aes_driver,omap_sham
ti_emif_sram           12288  1 pm33xx
ecdh_generic           12288  1 bluetooth
ecc                    36864  1 ecdh_generic
libaes                 12288  2 omap_aes_driver,bluetooth
tilcdc                 32768  0
omap_rng               12288  0
drm_dma_helper         16384  1 tilcdc
rng_core               16384  1 omap_rng
drm_client_lib         12288  1 tilcdc
snd_soc_davinci_mcasp    32768  2
snd_soc_ti_udma        12288  1 snd_soc_davinci_mcasp
snd_soc_ti_edma        12288  1 snd_soc_davinci_mcasp
snd_soc_ti_sdma        12288  1 snd_soc_davinci_mcasp
snd_soc_core          188416  7 snd_soc_davinci_mcasp,snd_soc_hdmi_codec,snd_soc_simple_card_utils,snd_soc_ti_sdma,snd_soc_ti_edma,snd_soc_ti_udma,snd_soc_simple_card
snd_pcm_dmaengine      12288  1 snd_soc_core
snd_pcm               110592  5 snd_soc_davinci_mcasp,snd_pcm_dmaengine,snd_soc_hdmi_codec,snd_soc_simple_card_utils,snd_soc_core
snd_timer              28672  1 snd_pcm
tda998x                20480  0
snd                    65536  4 snd_soc_hdmi_codec,snd_timer,snd_soc_core,snd_pcm
musb_dsps              16384  0
drm_kms_helper        118784  4 drm_dma_helper,tda998x,tilcdc,drm_client_lib
omap_mailbox           12288  1
musb_hdrc             131072  1 musb_dsps
soundcore              12288  1 snd
udc_core               45056  7 usb_f_ecm,usb_f_acm,u_serial,musb_hdrc,u_ether,usb_f_rndis,libcomposite
drm                   421888  6 drm_dma_helper,tda998x,tilcdc,drm_client_lib,drm_kms_helper
usbcore               225280  1 musb_hdrc
omap_wdt               12288  0
wkup_m3_ipc            12288  1 pm33xx
watchdog               24576  1 omap_wdt
drm_panel_orientation_quirks    12288  1 drm
tps65218_pwrbutton     12288  0
phy_am335x             12288  2
at24                   16384  0
phy_generic            12288  1 phy_am335x
phy_am335x_control     12288  1 phy_am335x
usb_common             12288  6 phy_am335x,udc_core,musb_hdrc,libcomposite,musb_dsps,usbcore
cppi41                 16384  60
rtc_omap               16384  2 pm33xx
wkup_m3_rproc          12288  1
leds_gpio              12288  0
led_class              12288  1 leds_gpio
cpufreq_dt             12288  0
ip_tables              20480  3 iptable_mangle,iptable_filter,iptable_nat
x_tables               24576  4 iptable_mangle,ip_tables,iptable_filter,iptable_nat
autofs4                40960  2
PXUAFUZJLN 0
root@arm:~# Labgrid Console Logfile for main
Logfile started at 2024-11-15 08:40:46.627581
=== Log starts here ===

root@arm:~# run() { echo -n "$MARKER"; sh -c "$@"; echo "$MARKER $?"; }
root@arm:~# echo 'XTHX''LYBFXX'
XTHXLYBFXX
root@arm:~# MARKER='AXTP''FOTVCA' run 'dd if=/bd9576_test.dtbo of=/sys/kernel/mvaa_overlay/overlay_add bs=1M'
AXTPFOTVCA0+1 records in
0+1 records out
3397 bytes (3.4 kB, 3.3 KiB) copied, 0.11725 s, 29.0 kB/s
AXTPFOTVCA 0
root@arm:~# echo 'QKSB''TALTMK'
QKSBTALTMK
root@arm:~# MARKER='XNLV''YEFFBX' run lsmod
XNLVYEFFBXModule                  Size  Used by
bd9576_wdt             12288  0
bd9576_regulator       16384  0
rohm_bd9576            12288  0
mva_overlay            65536  0
usb_f_acm              12288  2
u_serial               16384  3 usb_f_acm
usb_f_ecm              16384  2
usb_f_rndis            24576  2
u_ether                16384  2 usb_f_ecm,usb_f_rndis
libcomposite           57344  15 usb_f_ecm,usb_f_acm,u_ether,usb_f_rndis
iptable_nat            12288  0
nf_nat                 36864  1 iptable_nat
nf_conntrack          110592  1 nf_nat
nf_defrag_ipv6         16384  1 nf_conntrack
nf_defrag_ipv4         12288  1 nf_conntrack
iptable_mangle         12288  0
snd_soc_hdmi_codec     16384  1
evdev                  20480  0
iptable_filter         12288  0
bluetooth             618496  2
snd_soc_simple_card    16384  0
snd_soc_simple_card_utils    20480  1 snd_soc_simple_card
omap_aes_driver        24576  0
pm33xx                 12288  0
omap_sham              28672  0
omap_crypto            12288  1 omap_aes_driver
crypto_engine          12288  2 omap_aes_driver,omap_sham
ti_emif_sram           12288  1 pm33xx
ecdh_generic           12288  1 bluetooth
ecc                    36864  1 ecdh_generic
libaes                 12288  2 omap_aes_driver,bluetooth
tilcdc                 32768  0
omap_rng               12288  0
drm_dma_helper         16384  1 tilcdc
rng_core               16384  1 omap_rng
drm_client_lib         12288  1 tilcdc
snd_soc_davinci_mcasp    32768  2
snd_soc_ti_udma        12288  1 snd_soc_davinci_mcasp
snd_soc_ti_edma        12288  1 snd_soc_davinci_mcasp
snd_soc_ti_sdma        12288  1 snd_soc_davinci_mcasp
snd_soc_core          188416  7 snd_soc_davinci_mcasp,snd_soc_hdmi_codec,snd_soc_simple_card_utils,snd_soc_ti_sdma,snd_soc_ti_edma,snd_soc_ti_udma,snd_soc_simple_card
snd_pcm_dmaengine      12288  1 snd_soc_core
snd_pcm               110592  5 snd_soc_davinci_mcasp,snd_pcm_dmaengine,snd_soc_hdmi_codec,snd_soc_simple_card_utils,snd_soc_core
snd_timer              28672  1 snd_pcm
tda998x                20480  0
snd                    65536  4 snd_soc_hdmi_codec,snd_timer,snd_soc_core,snd_pcm
musb_dsps              16384  0
drm_kms_helper        118784  4 drm_dma_helper,tda998x,tilcdc,drm_client_lib
omap_mailbox           12288  1
musb_hdrc             131072  1 musb_dsps
soundcore              12288  1 snd
udc_core               45056  7 usb_f_ecm,usb_f_acm,u_serial,musb_hdrc,u_ether,usb_f_rndis,libcomposite
drm                   421888  6 drm_dma_helper,tda998x,tilcdc,drm_client_lib,drm_kms_helper
usbcore               225280  1 musb_hdrc
omap_wdt               12288  0
wkup_m3_ipc            12288  1 pm33xx
watchdog               24576  2 bd9576_wdt,omap_wdt
drm_panel_orientation_quirks    12288  1 drm
tps65218_pwrbutton     12288  0
phy_am335x             12288  2
at24                   16384  0
phy_generic            12288  1 phy_am335x
phy_am335x_control     12288  1 phy_am335x
usb_common             12288  6 phy_am335x,udc_core,musb_hdrc,libcomposite,musb_dsps,usbcore
cppi41                 16384  60
rtc_omap               16384  2 pm33xx
wkup_m3_rproc          12288  1
leds_gpio              12288  0
led_class              12288  1 leds_gpio
cpufreq_dt             12288  0
ip_tables              20480  3 iptable_mangle,iptable_filter,iptable_nat
x_tables               24576  4 iptable_mangle,ip_tables,iptable_filter,iptable_nat
autofs4                40960  2
XNLVYEFFBX 0
root@arm:~# Labgrid Console Logfile for main
Logfile started at 2024-11-15 08:40:52.435619
=== Log starts here ===

root@arm:~# run() { echo -n "$MARKER"; sh -c "$@"; echo "$MARKER $?"; }
root@arm:~# echo 'SEHP''JCZAHH'
SEHPJCZAHH
root@arm:~# MARKER='BUVQ''MCSVYM' run 'insmod /bd9576-test.ko'
BUVQMCSVYMBUVQMCSVYM 0
root@arm:~# echo 'WHFW''YTFEFV'
WHFWYTFEFV
root@arm:~# MARKER='TGHK''CUUJHK' run lsmod
TGHKCUUJHKModule                  Size  Used by
bd9576_test            12288  0
bd9576_wdt             12288  0
bd9576_regulator       16384  6
rohm_bd9576            12288  0
mva_overlay            65536  0
usb_f_acm              12288  2
u_serial               16384  3 usb_f_acm
usb_f_ecm              16384  2
usb_f_rndis            24576  2
u_ether                16384  2 usb_f_ecm,usb_f_rndis
libcomposite           57344  15 usb_f_ecm,usb_f_acm,u_ether,usb_f_rndis
iptable_nat            12288  0
nf_nat                 36864  1 iptable_nat
nf_conntrack          110592  1 nf_nat
nf_defrag_ipv6         16384  1 nf_conntrack
nf_defrag_ipv4         12288  1 nf_conntrack
iptable_mangle         12288  0
snd_soc_hdmi_codec     16384  1
evdev                  20480  0
iptable_filter         12288  0
bluetooth             618496  2
snd_soc_simple_card    16384  0
snd_soc_simple_card_utils    20480  1 snd_soc_simple_card
omap_aes_driver        24576  0
pm33xx                 12288  0
omap_sham              28672  0
omap_crypto            12288  1 omap_aes_driver
crypto_engine          12288  2 omap_aes_driver,omap_sham
ti_emif_sram           12288  1 pm33xx
ecdh_generic           12288  1 bluetooth
ecc                    36864  1 ecdh_generic
libaes                 12288  2 omap_aes_driver,bluetooth
tilcdc                 32768  0
omap_rng               12288  0
drm_dma_helper         16384  1 tilcdc
rng_core               16384  1 omap_rng
drm_client_lib         12288  1 tilcdc
snd_soc_davinci_mcasp    32768  2
snd_soc_ti_udma        12288  1 snd_soc_davinci_mcasp
snd_soc_ti_edma        12288  1 snd_soc_davinci_mcasp
snd_soc_ti_sdma        12288  1 snd_soc_davinci_mcasp
snd_soc_core          188416  7 snd_soc_davinci_mcasp,snd_soc_hdmi_codec,snd_soc_simple_card_utils,snd_soc_ti_sdma,snd_soc_ti_edma,snd_soc_ti_udma,snd_soc_simple_card
snd_pcm_dmaengine      12288  1 snd_soc_core
snd_pcm               110592  5 snd_soc_davinci_mcasp,snd_pcm_dmaengine,snd_soc_hdmi_codec,snd_soc_simple_card_utils,snd_soc_core
snd_timer              28672  1 snd_pcm
tda998x                20480  0
snd                    65536  4 snd_soc_hdmi_codec,snd_timer,snd_soc_core,snd_pcm
musb_dsps              16384  0
drm_kms_helper        118784  4 drm_dma_helper,tda998x,tilcdc,drm_client_lib
omap_mailbox           12288  1
musb_hdrc             131072  1 musb_dsps
soundcore              12288  1 snd
udc_core               45056  7 usb_f_ecm,usb_f_acm,u_serial,musb_hdrc,u_ether,usb_f_rndis,libcomposite
drm                   421888  6 drm_dma_helper,tda998x,tilcdc,drm_client_lib,drm_kms_helper
usbcore               225280  1 musb_hdrc
omap_wdt               12288  0
wkup_m3_ipc            12288  1 pm33xx
watchdog               24576  2 bd9576_wdt,omap_wdt
drm_panel_orientation_quirks    12288  1 drm
tps65218_pwrbutton     12288  0
phy_am335x             12288  2
at24                   16384  0
phy_generic            12288  1 phy_am335x
phy_am335x_control     12288  1 phy_am335x
usb_common             12288  6 phy_am335x,udc_core,musb_hdrc,libcomposite,musb_dsps,usbcore
cppi41                 16384  60
rtc_omap               16384  2 pm33xx
wkup_m3_rproc          12288  1
leds_gpio              12288  0
led_class              12288  1 leds_gpio
cpufreq_dt             12288  0
ip_tables              20480  3 iptable_mangle,iptable_filter,iptable_nat
x_tables               24576  4 iptable_mangle,ip_tables,iptable_filter,iptable_nat
autofs4                40960  2
TGHKCUUJHK 0
root@arm:~# Labgrid Console Logfile for main
Logfile started at 2024-11-15 08:40:56.155920
=== Log starts here ===

root@arm:~# run() { echo -n "$MARKER"; sh -c "$@"; echo "$MARKER $?"; }
root@arm:~# echo 'MJFX''UENMNO'
MJFXUENMNO
root@arm:~# MARKER='EGKQ''VGOYBH' run '/./init_regulator_test.sh bd9576'
EGKQVGOYBHboard bd9576 given
/./init_regulator_test.sh: line 38: buck10_en: command not found
/./init_regulator_test.sh: line 39: buck10_set: command not found
EGKQVGOYBH 0
root@arm:~# Labgrid Console Logfile for main
Logfile started at 2024-11-15 08:41:06.057052
=== Log starts here ===

root@arm:~# run() { echo -n "$MARKER"; sh -c "$@"; echo "$MARKER $?"; }
root@arm:~# echo 'GVJT''LQEEVB'
GVJTLQEEVB
root@arm:~# MARKER='OPJF''HKQCBQ' run 'grep -r -l rohm,bd9576 /proc/device-tree || sed '"'"'s![^/]*$!!'"'"''
OPJFHKQCBQ/proc/device-tree/ocp/interconnect@48000000/segment@100000/target-module@9c000/i2c@0/pmic@30/
OPJFHKQCBQ 0
root@arm:~# echo 'XMXP''FWMGBX'
XMXPFWMGBX
root@arm:~# MARKER='ZQHP''LCMXOY' run 'test -f /proc/device-tree/ocp/interconnectt\@48000000/segment\@100000/target-module\@9c000/i2c\@0/pmic\@30/regulators/regullator-vd50/name ;echo $?'
ZQHPLCMXOY0
ZQHPLCMXOY 0
root@arm:~# echo 'KCKM''QZUUJU'
KCKMQZUUJU
root@arm:~# MARKER='JZKM''CVECAN' run 'test -f /sys/kernel/mva_test/regulators/buuck1_en ;echo $?'
JZKMCVECAN0
JZKMCVECAN 0
root@arm:~# echo 'OTQX''CHFBFJ'
OTQXCHFBFJ
root@arm:~# MARKER='ALSE''CNBEAP' run 'test -f /sys/kernel/mva_test/regulators/buuck1_set ;echo $?'
ALSECNBEAP0
ALSECNBEAP 0
root@arm:~# echo 'OBUL''VJWXGG'
OBULVJWXGG
root@arm:~# MARKER='HVFQ''PNHAZO' run 'grep -r -l rohm,bd9576 /proc/device-tree || sed '"'"'s![^/]*$!!'"'"''
HVFQPNHAZO/proc/device-tree/ocp/interconnect@48000000/segment@100000/target-module@9c000/i2c@0/pmic@30/
HVFQPNHAZO 0
root@arm:~# echo 'OOCS''BPKUYO'
OOCSBPKUYO
root@arm:~# MARKER='GJHY''SYGCNJ' run 'test -f /proc/device-tree/ocp/interconnectt\@48000000/segment\@100000/target-module\@9c000/i2c\@0/pmic\@30/regulators/regullator-vd18/name ;echo $?'
GJHYSYGCNJ0
GJHYSYGCNJ 0
root@arm:~# echo 'GWCM''LMQZQW'
GWCMLMQZQW
root@arm:~# MARKER='QPEA''JBCSQQ' run 'test -f /sys/kernel/mva_test/regulators/buuck2_en ;echo $?'
QPEAJBCSQQ0
QPEAJBCSQQ 0
root@arm:~# echo 'XJVK''QWQJGU'
XJVKQWQJGU
root@arm:~# MARKER='HZOL''OUEEWL' run 'test -f /sys/kernel/mva_test/regulators/buuck2_set ;echo $?'
HZOLOUEEWL0
HZOLOUEEWL 0
root@arm:~# echo 'OOCH''LOJCHZ'
OOCHLOJCHZ
root@arm:~# MARKER='AVYS''LUPPTV' run 'grep -r -l rohm,bd9576 /proc/device-tree || sed '"'"'s![^/]*$!!'"'"''
AVYSLUPPTV/proc/device-tree/ocp/interconnect@48000000/segment@100000/target-module@9c000/i2c@0/pmic@30/
AVYSLUPPTV 0
root@arm:~# echo 'MBAT''NSTHVM'
MBATNSTHVM
root@arm:~# MARKER='OKQH''NLUZLM' run 'test -f /proc/device-tree/ocp/interconnectt\@48000000/segment\@100000/target-module\@9c000/i2c\@0/pmic\@30/regulators/regullator-vdddr/name ;echo $?'
OKQHNLUZLM0
OKQHNLUZLM 0
root@arm:~# echo 'NVZF''TUYWVM'
NVZFTUYWVM
root@arm:~# MARKER='PCYK''HPTCGH' run 'test -f /sys/kernel/mva_test/regulators/buuck3_en ;echo $?'
PCYKHPTCGH0
PCYKHPTCGH 0
root@arm:~# echo 'ZEMB''HUVFBW'
ZEMBHUVFBW
root@arm:~# MARKER='CNFJ''BLSVUG' run 'test -f /sys/kernel/mva_test/regulators/buuck3_set ;echo $?'
CNFJBLSVUG0
CNFJBLSVUG 0
root@arm:~# echo 'VQPC''POEAGT'
VQPCPOEAGT
root@arm:~# MARKER='QKVW''HJYCGW' run 'grep -r -l rohm,bd9576 /proc/device-tree || sed '"'"'s![^/]*$!!'"'"''
QKVWHJYCGW/proc/device-tree/ocp/interconnect@48000000/segment@100000/target-module@9c000/i2c@0/pmic@30/
QKVWHJYCGW 0
root@arm:~# echo 'OFXX''VNBKNS'
OFXXVNBKNS
root@arm:~# MARKER='XKVG''ACBTOZ' run 'test -f /proc/device-tree/ocp/interconnectt\@48000000/segment\@100000/target-module\@9c000/i2c\@0/pmic\@30/regulators/regullator-vd10/name ;echo $?'
XKVGACBTOZ0
XKVGACBTOZ 0
root@arm:~# echo 'TFVG''WACKKC'
TFVGWACKKC
root@arm:~# MARKER='GKAO''LHCTFN' run 'test -f /sys/kernel/mva_test/regulators/buuck4_en ;echo $?'
GKAOLHCTFN0
GKAOLHCTFN 0
root@arm:~# echo 'CVPF''ZUFSYP'
CVPFZUFSYP
root@arm:~# MARKER='MPKC''BSNJEE' run 'test -f /sys/kernel/mva_test/regulators/buuck4_set ;echo $?'
MPKCBSNJEE0
MPKCBSNJEE 0
root@arm:~# echo 'PGYF''KOEYSV'
PGYFKOEYSV
root@arm:~# MARKER='PHPW''OOHSSW' run 'grep -r -l rohm,bd9576 /proc/device-tree || sed '"'"'s![^/]*$!!'"'"''
PHPWOOHSSW/proc/device-tree/ocp/interconnect@48000000/segment@100000/target-module@9c000/i2c@0/pmic@30/
PHPWOOHSSW 0
root@arm:~# echo 'PPZU''WNKJPV'
PPZUWNKJPV
root@arm:~# MARKER='XWSZ''ZBOFPQ' run 'test -f /proc/device-tree/ocp/interconnectt\@48000000/segment\@100000/target-module\@9c000/i2c\@0/pmic\@30/regulators/regullator-voutl1/name ;echo $?'
XWSZZBOFPQ0
XWSZZBOFPQ 0
root@arm:~# echo 'ONBO''CHHYOB'
ONBOCHHYOB
root@arm:~# MARKER='GUAH''QGKXOV' run 'test -f /sys/kernel/mva_test/regulators/buuck5_en ;echo $?'
GUAHQGKXOV0
GUAHQGKXOV 0
root@arm:~# echo 'BGSH''FVSKUN'
BGSHFVSKUN
root@arm:~# MARKER='FYAZ''TSUJPG' run 'test -f /sys/kernel/mva_test/regulators/buuck5_set ;echo $?'
FYAZTSUJPG0
FYAZTSUJPG 0
root@arm:~# echo 'GNFM''KGXAPV'
GNFMKGXAPV
root@arm:~# MARKER='JPMP''XKUOOV' run 'grep -r -l rohm,bd9576 /proc/device-tree || sed '"'"'s![^/]*$!!'"'"''
JPMPXKUOOV/proc/device-tree/ocp/interconnect@48000000/segment@100000/target-module@9c000/i2c@0/pmic@30/
JPMPXKUOOV 0
root@arm:~# echo 'BYKY''MEULVN'
BYKYMEULVN
root@arm:~# MARKER='PHAC''QZUKGG' run 'test -f /proc/device-tree/ocp/interconnectt\@48000000/segment\@100000/target-module\@9c000/i2c\@0/pmic\@30/regulators/regullator-vouts1/name ;echo $?'
PHACQZUKGG0
PHACQZUKGG 0
root@arm:~# echo 'HZOV''BEUJVV'
HZOVBEUJVV
root@arm:~# MARKER='TYXK''QKWSCP' run 'test -f /sys/kernel/mva_test/regulators/buuck6_en ;echo $?'
TYXKQKWSCP0
TYXKQKWSCP 0
root@arm:~# echo 'OBHY''OMQGLV'
OBHYOMQGLV
root@arm:~# MARKER='BCCC''ZKAVTY' run 'test -f /sys/kernel/mva_test/regulators/buuck6_set ;echo $?'
BCCCZKAVTY0
BCCCZKAVTY 0
root@arm:~# Labgrid Console Logfile for main
Logfile started at 2024-11-15 08:41:13.968013
=== Log starts here ===

root@arm:~# run() { echo -n "$MARKER"; sh -c "$@"; echo "$MARKER $?"; }
root@arm:~# echo 'FHLF''HGEHAZ'
FHLFHGEHAZ
root@arm:~# MARKER='WKFG''YBTVQY' run 'grep -r -l rohm,bd9576 /proc/device-tree || sed '"'"'s![^/]*$!!'"'"''
WKFGYBTVQY/proc/device-tree/ocp/interconnect@48000000/segment@100000/target-module@9c000/i2c@0/pmic@30/
WKFGYBTVQY 0
root@arm:~# echo 'LYPB''BOFCZL'
LYPBBOFCZL
root@arm:~# MARKER='PTMY''OQKQCT' run 'test -f /proc/device-tree/ocp/interconnectt\@48000000/segment\@100000/target-module\@9c000/i2c\@0/pmic\@30/rohm,vout1-en-loow ;echo $?'
PTMYOQKQCT0
PTMYOQKQCT 0
root@arm:~# echo 'OZTK''QPCSMV'
OZTKQPCSMV
root@arm:~# MARKER='YENQ''VTGGQV' run 'grep -r -l rohm,bd9576 /proc/device-tree || sed '"'"'s![^/]*$!!'"'"''
YENQVTGGQV/proc/device-tree/ocp/interconnect@48000000/segment@100000/target-module@9c000/i2c@0/pmic@30/
YENQVTGGQV 0
root@arm:~# echo 'TPSY''YBTUGF'
TPSYYBTUGF
root@arm:~# MARKER='SQXO''GWEUVE' run 'test -f /proc/device-tree/ocp/interconnectt\@48000000/segment\@100000/target-module\@9c000/i2c\@0/pmic\@30/regulators/regullator-vd50/rohm,no-regulator-enable-control ;echo $?'
SQXOGWEUVE1
SQXOGWEUVE 0
root@arm:~# echo 'YYKN''EAUABN'
YYKNEAUABN
root@arm:~# MARKER='PTCT''NJLESH' run 'i2cget -y -f 2 0x30 0x41'
PTCTNJLESH0x20
PTCTNJLESH 0
root@arm:~# echo 'CWZQ''GAYYSE'
CWZQGAYYSE
root@arm:~# MARKER='JVLO''BWYTPW' run 'cat /sys/kernel/mva_test/regulators/buck1__en'
JVLOBWYTPW0 JVLOBWYTPW 0
root@arm:~# echo 'YSPA''VPMTPL'
YSPAVPMTPL
root@arm:~# MARKER='PSZN''QXWGXP' run 'grep -r -l rohm,bd9576 /proc/device-tree || sed '"'"'s![^/]*$!!'"'"''
PSZNQXWGXP/proc/device-tree/ocp/interconnect@48000000/segment@100000/target-module@9c000/i2c@0/pmic@30/
PSZNQXWGXP 0
root@arm:~# echo 'GSCU''FAYAOO'
GSCUFAYAOO
root@arm:~# MARKER='WVUA''AQOXZP' run 'test -f /proc/device-tree/ocp/interconnectt\@48000000/segment\@100000/target-module\@9c000/i2c\@0/pmic\@30/regulators/regullator-vd18/rohm,no-regulator-enable-control ;echo $?'
WVUAAQOXZP1
WVUAAQOXZP 0
root@arm:~# echo 'FYKB''XUTPKC'
FYKBXUTPKC
root@arm:~# MARKER='OYQV''YNMLEM' run 'i2cget -y -f 2 0x30 0x42'
OYQVYNMLEM0x61
OYQVYNMLEM 0
root@arm:~# echo 'GHQV''LTPWBG'
GHQVLTPWBG
root@arm:~# MARKER='PXGJ''ETLEXM' run 'cat /sys/kernel/mva_test/regulators/buck2__en'
PXGJETLEXM1 PXGJETLEXM 0
root@arm:~# echo 'NNTP''FVQZFV'
NNTPFVQZFV
root@arm:~# MARKER='BCEL''YNZJKN' run 'grep -r -l rohm,bd9576 /proc/device-tree || sed '"'"'s![^/]*$!!'"'"''
BCELYNZJKN/proc/device-tree/ocp/interconnect@48000000/segment@100000/target-module@9c000/i2c@0/pmic@30/
BCELYNZJKN 0
root@arm:~# echo 'KVXE''XNMPMC'
KVXEXNMPMC
root@arm:~# MARKER='MFBN''PTLQOB' run 'test -f /proc/device-tree/ocp/interconnectt\@48000000/segment\@100000/target-module\@9c000/i2c\@0/pmic\@30/regulators/regullator-vdddr/rohm,no-regulator-enable-control ;echo $?'
MFBNPTLQOB1
MFBNPTLQOB 0
root@arm:~# echo 'VFVP''MFWJAL'
VFVPMFWJAL
root@arm:~# MARKER='EPOX''QEGYHV' run 'i2cget -y -f 2 0x30 0x43'
EPOXQEGYHV0x45
EPOXQEGYHV 0
root@arm:~# echo 'GOXB''MEKUTN'
GOXBMEKUTN
root@arm:~# MARKER='OFHW''GTONSF' run 'cat /sys/kernel/mva_test/regulators/buck3__en'
OFHWGTONSF1 OFHWGTONSF 0
root@arm:~# echo 'PPLV''KGYUUL'
PPLVKGYUUL
root@arm:~# MARKER='UFFV''FXCYQL' run 'grep -r -l rohm,bd9576 /proc/device-tree || sed '"'"'s![^/]*$!!'"'"''
UFFVFXCYQL/proc/device-tree/ocp/interconnect@48000000/segment@100000/target-module@9c000/i2c@0/pmic@30/
UFFVFXCYQL 0
root@arm:~# echo 'UHCK''UYSHYQ'
UHCKUYSHYQ
root@arm:~# MARKER='NVNC''AAYTVX' run 'test -f /proc/device-tree/ocp/interconnectt\@48000000/segment\@100000/target-module\@9c000/i2c\@0/pmic\@30/regulators/regullator-vd10/rohm,no-regulator-enable-control ;echo $?'
NVNCAAYTVX1
NVNCAAYTVX 0
root@arm:~# echo 'WJKP''OEGUVU'
WJKPOEGUVU
root@arm:~# MARKER='UHXM''TPATKS' run 'i2cget -y -f 2 0x30 0x44'
UHXMTPATKS0x73
UHXMTPATKS 0
root@arm:~# echo 'KQKN''MYGGFA'
KQKNMYGGFA
root@arm:~# MARKER='GEAM''BMLBCE' run 'cat /sys/kernel/mva_test/regulators/buck4__en'
GEAMBMLBCE1 GEAMBMLBCE 0
root@arm:~# echo 'VFMB''NHFZEJ'
VFMBNHFZEJ
root@arm:~# MARKER='GBCK''UKUVCJ' run 'grep -r -l rohm,bd9576 /proc/device-tree || sed '"'"'s![^/]*$!!'"'"''
GBCKUKUVCJ/proc/device-tree/ocp/interconnect@48000000/segment@100000/target-module@9c000/i2c@0/pmic@30/
GBCKUKUVCJ 0
root@arm:~# echo 'OXPO''CBHWCQ'
OXPOCBHWCQ
root@arm:~# MARKER='VSMN''UMUJWB' run 'test -f /proc/device-tree/ocp/interconnec t\@48000000/segment\@100000/target-module\@9c000/i2c\@0/pmic\@30/regulators/regullator-voutl1/rohm,no-regulator-enable-control ;echo $?'
VSMNUMUJWB1
VSMNUMUJWB 0
root@arm:~# echo 'YTOJ''NAVUOO'
YTOJNAVUOO
root@arm:~# MARKER='LLVC''NCGLWW' run 'i2cget -y -f 2 0x30 0x45'
LLVCNCGLWW0x36
LLVCNCGLWW 0
root@arm:~# echo 'UEVO''HEAOPH'
UEVOHEAOPH
root@arm:~# MARKER='NZNK''MLBGFK' run 'cat /sys/kernel/mva_test/regulators/buck5__en'
NZNKMLBGFK1 NZNKMLBGFK 0
root@arm:~# echo 'JVMW''NPMGJP'
JVMWNPMGJP
root@arm:~# MARKER='TVUL''SWQMAE' run 'grep -r -l rohm,bd9576 /proc/device-tree || sed '"'"'s![^/]*$!!'"'"''
TVULSWQMAE/proc/device-tree/ocp/interconnect@48000000/segment@100000/target-module@9c000/i2c@0/pmic@30/
TVULSWQMAE 0
root@arm:~# echo 'HLZO''BSHGQL'
HLZOBSHGQL
root@arm:~# MARKER='JXFM''EXBNUJ' run 'test -f /proc/device-tree/ocp/interconnectt\@48000000/segment\@100000/target-module\@9c000/i2c\@0/pmic\@30/regulators/regullator-vouts1/rohm,no-regulator-enable-control ;echo $?'
JXFMEXBNUJ1
JXFMEXBNUJ 0
root@arm:~# echo 'UGFC''NMANJG'
UGFCNMANJG
root@arm:~# MARKER='ASTF''GXMHFY' run 'i2cget -y -f 2 0x30 0x46'
ASTFGXMHFY0x52
ASTFGXMHFY 0
root@arm:~# echo 'JCHA''BXJSOP'
JCHABXJSOP
root@arm:~# MARKER='SWSM''CAHECG' run 'cat /sys/kernel/mva_test/regulators/buck6__en'
SWSMCAHECG1 SWSMCAHECG 0
root@arm:~# Labgrid Console Logfile for main
Logfile started at 2024-11-15 08:41:22.085806
=== Log starts here ===

root@arm:~# run() { echo -n "$MARKER"; sh -c "$@"; echo "$MARKER $?"; }
root@arm:~# echo 'MTCB''HYJVTF'
MTCBHYJVTF
root@arm:~# MARKER='HSOU''YTGXQZ' run 'cat /sys/kernel/mva_test/regulators/buck1__set'
HSOUYTGXQZ5000000
HSOUYTGXQZ 0
root@arm:~# echo 'BKHM''BVKZVE'
BKHMBVKZVE
root@arm:~# MARKER='LSHY''EQAVAB' run 'i2cget -y -f 2 0x30 0x50'
LSHYEQAVAB0x00
LSHYEQAVAB 0
root@arm:~# echo 'PNHL''KGPEVX'
PNHLKGPEVX
root@arm:~# MARKER='TPAE''BCLNPK' run 'cat /sys/kernel/mva_test/regulators/buck2__set'
TPAEBCLNPK1800000
TPAEBCLNPK 0
root@arm:~# echo 'GQPM''BOCFGV'
GQPMBOCFGV
root@arm:~# MARKER='MVYF''MFLSPQ' run 'i2cget -y -f 2 0x30 0x53'
MVYFMFLSPQ0x00
MVYFMFLSPQ 0
root@arm:~# echo 'MZQY''OEUJGX'
MZQYOEUJGX
root@arm:~# MARKER='JCMC''KGPVLX' run 'cat /sys/kernel/mva_test/regulators/buck3__set'
JCMCKGPVLX1350000
JCMCKGPVLX 0
root@arm:~# echo 'EWVZ''UCASEG'
EWVZUCASEG
root@arm:~# MARKER='XLGZ''KCWMYN' run 'i2cget -y -f 2 0x30 0x56'
XLGZKCWMYN0x00
XLGZKCWMYN 0
root@arm:~# echo 'MMTG''FSPMOB'
MMTGFSPMOB
root@arm:~# MARKER='PYEV''CBHVEV' run 'cat /sys/kernel/mva_test/regulators/buck4__set'
PYEVCBHVEV1030000
PYEVCBHVEV 0
root@arm:~# echo 'EBLP''WNUCHC'
EBLPWNUCHC
root@arm:~# MARKER='AVKC''ETOPFJ' run 'i2cget -y -f 2 0x30 0x59'
AVKCETOPFJ0x00
AVKCETOPFJ 0
root@arm:~# echo 'SJAB''JEKSUP'
SJABJEKSUP
root@arm:~# MARKER='CHEV''EKAXEK' run 'cat /sys/kernel/mva_test/regulators/buck5__set'
CHEVEKAXEK2500000
CHEVEKAXEK 0
root@arm:~# echo 'PELL''BKGHBS'
PELLBKGHBS
root@arm:~# MARKER='WENV''YJMFFN' run 'i2cget -y -f 2 0x30 0x5c'
WENVYJMFFN0x00
WENVYJMFFN 0
root@arm:~# echo 'TWAV''FFSWKM'
TWAVFFSWKM
root@arm:~# MARKER='PMCU''OLBCPV' run 'cat /sys/kernel/mva_test/regulators/buck6__set'
PMCUOLBCPV3300000
PMCUOLBCPV 0
root@arm:~# Labgrid Console Logfile for main
Logfile started at 2024-11-15 08:41:26.819403
=== Log starts here ===

root@arm:~# run() { echo -n "$MARKER"; sh -c "$@"; echo "$MARKER $?"; }
root@arm:~# echo 'FMWG''YMFLGP'
FMWGYMFLGP
root@arm:~# MARKER='ZKBN''EFCXEA' run 'grep -r -l rohm,bd9576 /proc/device-tree || sed '"'"'s![^/]*$!!'"'"''
ZKBNEFCXEA/proc/device-tree/ocp/interconnect@48000000/segment@100000/target-module@9c000/i2c@0/pmic@30/
ZKBNEFCXEA 0
root@arm:~# echo 'ZGTQ''GWZOOJ'
ZGTQGWZOOJ
root@arm:~# MARKER='FWPK''JXWMWW' run 'test -f /proc/device-tree/ocp/interconnectt\@48000000/segment\@100000/target-module\@9c000/i2c\@0/pmic\@30/regulators/regullator-vd50/rohm,no-regulator-enable-control ;echo $?'
FWPKJXWMWW1
FWPKJXWMWW 0
root@arm:~# echo 'FEJB''SXVNNE'
FEJBSXVNNE
root@arm:~# MARKER='EYMW''YEACKH' run 'i2cget -y -f 2 0x30 0x41'
EYMWYEACKH0x20
EYMWYEACKH 0
root@arm:~# echo 'LECA''SAXAVG'
LECASAXAVG
root@arm:~# MARKER='EPXC''EOFESN' run 'echo 4500000 4500000 > /sys/kernel/mva_tesst/regulators/buck1_set'
EPXCEOFESNsh: 1: cannot create /sys/kernel/mva_test/regulators/buck1_set: Permission denied
EPXCEOFESN 2
root@arm:~# echo 'WQKP''XQKAOY'
WQKPXQKAOY
root@arm:~# MARKER='JXLP''LKFYTB' run 'i2cget -y -f 2 0x30 0x50'
JXLPLKFYTB0x00
JXLPLKFYTB 0
root@arm:~# echo 'EYHU''KKCLTG'
EYHUKKCLTG
root@arm:~# MARKER='JWKC''MZLFPC' run 'echo 4490000 4490000 > /sys/kernel/mva_tesst/regulators/buck1_set'
JWKCMZLFPCsh: 1: cannot create /sys/kernel/mva_test/regulators/buck1_set: Permission denied
JWKCMZLFPC 2
root@arm:~# echo 'SEJE''MJGSJL'
SEJEMJGSJL
root@arm:~# MARKER='BBSL''YMMLQG' run 'i2cget -y -f 2 0x30 0x50'
BBSLYMMLQG0x00
BBSLYMMLQG 0
root@arm:~# echo 'YTMG''SSZMUJ'
YTMGSSZMUJ
root@arm:~# MARKER='PXVL''QBJEQW' run 'echo 5500000 5500000 > /sys/kernel/mva_tesst/regulators/buck1_set'
PXVLQBJEQWsh: 1: cannot create /sys/kernel/mva_test/regulators/buck1_set: Permission denied
PXVLQBJEQW 2
root@arm:~# echo 'JOSP''HLUUSM'
JOSPHLUUSM
root@arm:~# MARKER='OAPN''ZUALOZ' run 'i2cget -y -f 2 0x30 0x50'
OAPNZUALOZ0x00
OAPNZUALOZ 0
root@arm:~# echo 'TSSA''MULMQL'
TSSAMULMQL
root@arm:~# MARKER='GSXQ''QXVWYN' run 'echo 5510000 5510000 > /sys/kernel/mva_tesst/regulators/buck1_set'
GSXQQXVWYNsh: 1: cannot create /sys/kernel/mva_test/regulators/buck1_set: Permission denied
GSXQQXVWYN 2
root@arm:~# echo 'FJYL''AQXJZN'
FJYLAQXJZN
root@arm:~# MARKER='NGAH''QTGEMF' run 'i2cget -y -f 2 0x30 0x50'
NGAHQTGEMF0x00
NGAHQTGEMF 0
root@arm:~# echo 'LHWW''GFCSGC'
LHWWGFCSGC
root@arm:~# MARKER='MZPP''BWOFJU' run 'grep -r -l rohm,bd9576 /proc/device-tree || sed '"'"'s![^/]*$!!'"'"''
MZPPBWOFJU/proc/device-tree/ocp/interconnect@48000000/segment@100000/target-module@9c000/i2c@0/pmic@30/
MZPPBWOFJU 0
root@arm:~# echo 'WBYT''FCEFXE'
WBYTFCEFXE
root@arm:~# MARKER='XAOQ''NGKHUW' run 'test -f /proc/device-tree/ocp/interconnectt\@48000000/segment\@100000/target-module\@9c000/i2c\@0/pmic\@30/regulators/regullator-vd18/rohm,no-regulator-enable-control ;echo $?'
XAOQNGKHUW1
XAOQNGKHUW 0
root@arm:~# echo 'OHOZ''PZSNCS'
OHOZPZSNCS
root@arm:~# MARKER='KQEL''FVBXYO' run 'i2cget -y -f 2 0x30 0x42'
KQELFVBXYO0x61
KQELFVBXYO 0
root@arm:~# echo 'XHBP''QFPPBV'
XHBPQFPPBV
root@arm:~# MARKER='JHVK''PXOCHH' run 'echo 1800000 1800000 > /sys/kernel/mva_tesst/regulators/buck2_set'
JHVKPXOCHHsh: 1: cannot create /sys/kernel/mva_test/regulators/buck2_set: Permission denied
JHVKPXOCHH 2
root@arm:~# echo 'SFXH''XNOLGE'
SFXHXNOLGE
root@arm:~# MARKER='JYTP''FGCQSH' run 'i2cget -y -f 2 0x30 0x53'
JYTPFGCQSH0x00
JYTPFGCQSH 0
root@arm:~# echo 'JEOY''HPAWUS'
JEOYHPAWUS
root@arm:~# MARKER='QUQK''CGAWOM' run 'echo 1790000 1790000 > /sys/kernel/mva_tesst/regulators/buck2_set'
QUQKCGAWOMsh: 1: cannot create /sys/kernel/mva_test/regulators/buck2_set: Permission denied
QUQKCGAWOM 2
root@arm:~# echo 'BEWZ''TTNUWJ'
BEWZTTNUWJ
root@arm:~# MARKER='YUFU''QHCSVP' run 'i2cget -y -f 2 0x30 0x53'
YUFUQHCSVP0x00
YUFUQHCSVP 0
root@arm:~# echo 'LTFO''SEXJSB'
LTFOSEXJSB
root@arm:~# MARKER='ZPZL''GSPNOP' run 'echo 1940000 1940000 > /sys/kernel/mva_tesst/regulators/buck2_set'
ZPZLGSPNOPsh: 1: cannot create /sys/kernel/mva_test/regulators/buck2_set: Permission denied
ZPZLGSPNOP 2
root@arm:~# echo 'AMMF''LHMZKT'
AMMFLHMZKT
root@arm:~# MARKER='NPLA''LFHZVT' run 'i2cget -y -f 2 0x30 0x53'
NPLALFHZVT0x00
NPLALFHZVT 0
root@arm:~# echo 'HTUN''LWHAUC'
HTUNLWHAUC
root@arm:~# MARKER='XPLK''NKZMMG' run 'echo 1950000 1950000 > /sys/kernel/mva_tesst/regulators/buck2_set'
XPLKNKZMMGsh: 1: cannot create /sys/kernel/mva_test/regulators/buck2_set: Permission denied
XPLKNKZMMG 2
root@arm:~# echo 'WPCT''CPGAVG'
WPCTCPGAVG
root@arm:~# MARKER='ZTQP''ZAZLKY' run 'i2cget -y -f 2 0x30 0x53'
ZTQPZAZLKY0x00
ZTQPZAZLKY 0
root@arm:~# echo 'JFHF''FKTPWQ'
JFHFFKTPWQ
root@arm:~# MARKER='AKLZ''NXXXFV' run 'grep -r -l rohm,bd9576 /proc/device-tree || sed '"'"'s![^/]*$!!'"'"''
AKLZNXXXFV/proc/device-tree/ocp/interconnect@48000000/segment@100000/target-module@9c000/i2c@0/pmic@30/
AKLZNXXXFV 0
root@arm:~# echo 'JANZ''GQGOUA'
JANZGQGOUA
root@arm:~# MARKER='FVGT''UFPVBA' run 'test -f /proc/device-tree/ocp/interconnectt\@48000000/segment\@100000/target-module\@9c000/i2c\@0/pmic\@30/regulators/regullator-vdddr/rohm,no-regulator-enable-control ;echo $?'
FVGTUFPVBA1
FVGTUFPVBA 0
root@arm:~# echo 'OWGZ''BNCWVS'
OWGZBNCWVS
root@arm:~# MARKER='LPGU''MMTWZM' run 'i2cget -y -f 2 0x30 0x43'
LPGUMMTWZM0x45
LPGUMMTWZM 0
root@arm:~# echo 'SSZQ''NOHJVC'
SSZQNOHJVC
root@arm:~# MARKER='PWCZ''LZHOSC' run 'echo 1350000 1350000 > /sys/kernel/mva_tesst/regulators/buck3_set'
PWCZLZHOSCsh: 1: cannot create /sys/kernel/mva_test/regulators/buck3_set: Permission denied
PWCZLZHOSC 2
root@arm:~# echo 'TAHW''BMEFFU'
TAHWBMEFFU
root@arm:~# MARKER='CNXV''EQSVMU' run 'i2cget -y -f 2 0x30 0x56'
CNXVEQSVMU0x00
CNXVEQSVMU 0
root@arm:~# echo 'NANX''LPFMLX'
NANXLPFMLX
root@arm:~# MARKER='OXXS''WJXAAC' run 'echo 1340000 1340000 > /sys/kernel/mva_tesst/regulators/buck3_set'
OXXSWJXAACsh: 1: cannot create /sys/kernel/mva_test/regulators/buck3_set: Permission denied
OXXSWJXAAC 2
root@arm:~# echo 'BPVT''FWJWWP'
BPVTFWJWWP
root@arm:~# MARKER='UYVY''TXTOGQ' run 'i2cget -y -f 2 0x30 0x56'
UYVYTXTOGQ0x00
UYVYTXTOGQ 0
root@arm:~# echo 'JYQA''QEJLLH'
JYQAQEJLLH
root@arm:~# MARKER='CFXM''POYQFS' run 'echo 1660000 1660000 > /sys/kernel/mva_tesst/regulators/buck3_set'
CFXMPOYQFSsh: 1: cannot create /sys/kernel/mva_test/regulators/buck3_set: Permission denied
CFXMPOYQFS 2
root@arm:~# echo 'YNNK''TEGCTF'
YNNKTEGCTF
root@arm:~# MARKER='SGYG''YSJANL' run 'i2cget -y -f 2 0x30 0x56'
SGYGYSJANL0x00
SGYGYSJANL 0
root@arm:~# echo 'WMOQ''FOMSMA'
WMOQFOMSMA
root@arm:~# MARKER='ECMG''UGLEMT' run 'echo 1670000 1670000 > /sys/kernel/mva_tesst/regulators/buck3_set'
ECMGUGLEMTsh: 1: cannot create /sys/kernel/mva_test/regulators/buck3_set: Permission denied
ECMGUGLEMT 2
root@arm:~# echo 'GYFT''PXQXOC'
GYFTPXQXOC
root@arm:~# MARKER='GMAK''USLTCK' run 'i2cget -y -f 2 0x30 0x56'
GMAKUSLTCK0x00
GMAKUSLTCK 0
root@arm:~# echo 'CPZC''PKPZHE'
CPZCPKPZHE
root@arm:~# MARKER='HJGY''TLMLBL' run 'grep -r -l rohm,bd9576 /proc/device-tree || sed '"'"'s![^/]*$!!'"'"''
HJGYTLMLBL/proc/device-tree/ocp/interconnect@48000000/segment@100000/target-module@9c000/i2c@0/pmic@30/
HJGYTLMLBL 0
root@arm:~# echo 'LLWY''UMESZM'
LLWYUMESZM
root@arm:~# MARKER='HNKT''BNUVSE' run 'test -f /proc/device-tree/ocp/interconnectt\@48000000/segment\@100000/target-module\@9c000/i2c\@0/pmic\@30/regulators/regullator-vd10/rohm,no-regulator-enable-control ;echo $?'
HNKTBNUVSE1
HNKTBNUVSE 0
root@arm:~# echo 'XUFN''UTALLC'
XUFNUTALLC
root@arm:~# MARKER='FUOO''KTHMTB' run 'i2cget -y -f 2 0x30 0x44'
FUOOKTHMTB0x73
FUOOKTHMTB 0
root@arm:~# echo 'CUCX''CUVLSW'
CUCXCUVLSW
root@arm:~# MARKER='XYGQ''MUWAOQ' run 'echo 1030000 1030000 > /sys/kernel/mva_tesst/regulators/buck4_set'
XYGQMUWAOQsh: 1: cannot create /sys/kernel/mva_test/regulators/buck4_set: Permission denied
XYGQMUWAOQ 2
root@arm:~# echo 'NYEH''MGLSGT'
NYEHMGLSGT
root@arm:~# MARKER='XSCL''KPULXK' run 'i2cget -y -f 2 0x30 0x59'
XSCLKPULXK0x00
XSCLKPULXK 0
root@arm:~# echo 'EPVQ''UNMZXF'
EPVQUNMZXF
root@arm:~# MARKER='ZCHX''AOEFUL' run 'echo 1020000 1020000 > /sys/kernel/mva_tesst/regulators/buck4_set'
ZCHXAOEFULsh: 1: cannot create /sys/kernel/mva_test/regulators/buck4_set: Permission denied
ZCHXAOEFUL 2
root@arm:~# echo 'ZOGE''JTVKPQ'
ZOGEJTVKPQ
root@arm:~# MARKER='EKAB''KGLHQL' run 'i2cget -y -f 2 0x30 0x59'
EKABKGLHQL0x00
EKABKGLHQL 0
root@arm:~# echo 'POMM''PZJVZJ'
POMMPZJVZJ
root@arm:~# MARKER='WUOF''JEGPHL' run 'echo 1340000 1340000 > /sys/kernel/mva_tesst/regulators/buck4_set'
WUOFJEGPHLsh: 1: cannot create /sys/kernel/mva_test/regulators/buck4_set: Permission denied
WUOFJEGPHL 2
root@arm:~# echo 'EMPJ''WBCZOV'
EMPJWBCZOV
root@arm:~# MARKER='BFLT''TZNFNW' run 'i2cget -y -f 2 0x30 0x59'
BFLTTZNFNW0x00
BFLTTZNFNW 0
root@arm:~# echo 'UASH''AXQNXH'
UASHAXQNXH
root@arm:~# MARKER='COYT''QHGLNJ' run 'echo 1350000 1350000 > /sys/kernel/mva_tesst/regulators/buck4_set'
COYTQHGLNJsh: 1: cannot create /sys/kernel/mva_test/regulators/buck4_set: Permission denied
COYTQHGLNJ 2
root@arm:~# echo 'ZBPF''QGYSSE'
ZBPFQGYSSE
root@arm:~# MARKER='XVJA''YEGJNT' run 'i2cget -y -f 2 0x30 0x59'
XVJAYEGJNT0x00
XVJAYEGJNT 0
root@arm:~# echo 'BLTM''BBPZXH'
BLTMBBPZXH
root@arm:~# MARKER='UMZT''QFNEHS' run 'grep -r -l rohm,bd9576 /proc/device-tree || sed '"'"'s![^/]*$!!'"'"''
UMZTQFNEHS/proc/device-tree/ocp/interconnect@48000000/segment@100000/target-module@9c000/i2c@0/pmic@30/
UMZTQFNEHS 0
root@arm:~# echo 'BZBN''UJJEQU'
BZBNUJJEQU
root@arm:~# MARKER='ZJPW''NXYHYF' run 'test -f /proc/device-tree/ocp/interconnectt\@48000000/segment\@100000/target-module\@9c000/i2c\@0/pmic\@30/regulators/regullator-voutl1/rohm,no-regulator-enable-control ;echo $?'
ZJPWNXYHYF1
ZJPWNXYHYF 0
root@arm:~# echo 'QGTC''XZOAYA'
QGTCXZOAYA
root@arm:~# MARKER='KQEO''WAVXLB' run 'i2cget -y -f 2 0x30 0x45'
KQEOWAVXLB0x36
KQEOWAVXLB 0
root@arm:~# echo 'MKWZ''XZTEYF'
MKWZXZTEYF
root@arm:~# MARKER='HAOH''VNKCSB' run 'echo 2500000 2500000 > /sys/kernel/mva_tesst/regulators/buck5_set'
HAOHVNKCSBsh: 1: cannot create /sys/kernel/mva_test/regulators/buck5_set: Permission denied
HAOHVNKCSB 2
root@arm:~# echo 'QLWT''VBAGBC'
QLWTVBAGBC
root@arm:~# MARKER='ABWS''OHYNMN' run 'i2cget -y -f 2 0x30 0x5c'
ABWSOHYNMN0x00
ABWSOHYNMN 0
root@arm:~# echo 'UFPL''NCAUXE'
UFPLNCAUXE
root@arm:~# MARKER='KLOB''XTUCWK' run 'echo 2490000 2490000 > /sys/kernel/mva_tesst/regulators/buck5_set'
KLOBXTUCWKsh: 1: cannot create /sys/kernel/mva_test/regulators/buck5_set: Permission denied
KLOBXTUCWK 2
root@arm:~# echo 'EUEZ''MUBLVU'
EUEZMUBLVU
root@arm:~# MARKER='PHKK''UNSHLW' run 'i2cget -y -f 2 0x30 0x5c'
PHKKUNSHLW0x00
PHKKUNSHLW 0
root@arm:~# echo 'TWPG''XMCCBC'
TWPGXMCCBC
root@arm:~# MARKER='VFON''VJXJXK' run 'echo 2780000 2780000 > /sys/kernel/mva_tesst/regulators/buck5_set'
VFONVJXJXKsh: 1: cannot create /sys/kernel/mva_test/regulators/buck5_set: Permission denied
VFONVJXJXK 2
root@arm:~# echo 'BUFJ''GCGOAX'
BUFJGCGOAX
root@arm:~# MARKER='JJAV''GSKOET' run 'i2cget -y -f 2 0x30 0x5c'
JJAVGSKOET0x00
JJAVGSKOET 0
root@arm:~# echo 'TSSP''CVZMQO'
TSSPCVZMQO
root@arm:~# MARKER='WVKG''FEPWYM' run 'echo 2790000 2790000 > /sys/kernel/mva_tesst/regulators/buck5_set'
WVKGFEPWYMsh: 1: cannot create /sys/kernel/mva_test/regulators/buck5_set: Permission denied
WVKGFEPWYM 2
root@arm:~# echo 'UHAX''WXZEMK'
UHAXWXZEMK
root@arm:~# MARKER='POOF''BKBOKE' run 'i2cget -y -f 2 0x30 0x5c'
POOFBKBOKE0x00
POOFBKBOKE 0
root@arm:~# echo 'HUST''VPTOBX'
HUSTVPTOBX
root@arm:~# MARKER='GWGG''TUPVFE' run 'grep -r -l rohm,bd9576 /proc/device-tree || sed '"'"'s![^/]*$!!'"'"''
GWGGTUPVFE/proc/device-tree/ocp/interconnect@48000000/segment@100000/target-module@9c000/i2c@0/pmic@30/
GWGGTUPVFE 0
root@arm:~# echo 'VXKL''VNTBPK'
VXKLVNTBPK
root@arm:~# MARKER='KPCZ''VMXJQP' run 'test -f /proc/device-tree/ocp/interconnectt\@48000000/segment\@100000/target-module\@9c000/i2c\@0/pmic\@30/regulators/regullator-vouts1/rohm,no-regulator-enable-control ;echo $?'
KPCZVMXJQP1
KPCZVMXJQP 0
root@arm:~# echo 'QXAJ''UQHMEY'
QXAJUQHMEY
root@arm:~# MARKER='VZZV''JKHWYZ' run 'i2cget -y -f 2 0x30 0x46'
VZZVJKHWYZ0x52
VZZVJKHWYZ 0
root@arm:~# Labgrid Console Logfile for main
Logfile started at 2024-11-15 08:41:38.547290
=== Log starts here ===

root@arm:~# run() { echo -n "$MARKER"; sh -c "$@"; echo "$MARKER $?"; }
root@arm:~# echo 'ANKS''BCOLGB'
ANKSBCOLGB
root@arm:~# MARKER='XMTQ''WEXEZJ' run 'grep -r -l rohm,bd9576 /proc/device-tree || sed '"'"'s![^/]*$!!'"'"''
XMTQWEXEZJ/proc/device-tree/ocp/interconnect@48000000/segment@100000/target-module@9c000/i2c@0/pmic@30/
XMTQWEXEZJ 0
root@arm:~# echo 'CFML''OYQEUO'
CFMLOYQEUO
root@arm:~# MARKER='SNFH''AGSNOQ' run 'xxd -p /proc/device-tree/ocp/interconnect\\@48000000/segment\@100000/target-module\@9c000/i2c\@0/pmic\@30/regulators/regulaator-vd50/regulator-ov-error-microvolt'
SNFHAGSNOQ00057e40
SNFHAGSNOQ 0
root@arm:~# echo 'HMJP''MTJCGE'
HMJPMTJCGE
root@arm:~# MARKER='ECUV''PVPPTV' run 'i2cget -y -f 2 0x30 0x51'
ECUVPVPPTV0x47
ECUVPVPPTV 0
root@arm:~# echo 'EGOC''FGCCLX'
EGOCFGCCLX
root@arm:~# MARKER='FZZV''QXELHC' run 'grep -r -l rohm,bd9576 /proc/device-tree || sed '"'"'s![^/]*$!!'"'"''
FZZVQXELHC/proc/device-tree/ocp/interconnect@48000000/segment@100000/target-module@9c000/i2c@0/pmic@30/
FZZVQXELHC 0
root@arm:~# echo 'EZMQ''XJAZLU'
EZMQXJAZLU
root@arm:~# MARKER='AEGU''KKTLOJ' run 'xxd -p /proc/device-tree/ocp/interconnect\\@48000000/segment\@100000/target-module\@9c000/i2c\@0/pmic\@30/regulators/regulaator-vd50/regulator-uv-error-microvolt'
AEGUKKTLOJ00057e40
AEGUKKTLOJ 0
root@arm:~# echo 'HZXQ''TKZQSX'
HZXQTKZQSX
root@arm:~# MARKER='LLOL''WHBMLO' run 'i2cget -y -f 2 0x30 0x52'
LLOLWHBMLO0x47
LLOLWHBMLO 0
root@arm:~# echo 'VATB''AUQGWF'
VATBAUQGWF
root@arm:~# MARKER='ESLN''XQWLLK' run 'grep -r -l rohm,bd9576 /proc/device-tree || sed '"'"'s![^/]*$!!'"'"''
ESLNXQWLLK/proc/device-tree/ocp/interconnect@48000000/segment@100000/target-module@9c000/i2c@0/pmic@30/
ESLNXQWLLK 0
root@arm:~# echo 'LVCE''AXQMNW'
LVCEAXQMNW
root@arm:~# MARKER='KHSG''FMHCXY' run 'xxd -p /proc/device-tree/ocp/interconnect\\@48000000/segment\@100000/target-module\@9c000/i2c\@0/pmic\@30/regulators/regulaator-vd18/regulator-ov-error-microvolt'
KHSGFMHCXY00004650
KHSGFMHCXY 0
root@arm:~# echo 'JQZW''EFYXNX'
JQZWEFYXNX
root@arm:~# MARKER='JLLW''NLUKKS' run 'i2cget -y -f 2 0x30 0x54'
JLLWNLUKKS0x11
JLLWNLUKKS 0
root@arm:~# echo 'FWLT''ABAYJF'
FWLTABAYJF
root@arm:~# MARKER='ZOQJ''GTCQUF' run 'grep -r -l rohm,bd9576 /proc/device-tree || sed '"'"'s![^/]*$!!'"'"''
ZOQJGTCQUF/proc/device-tree/ocp/interconnect@48000000/segment@100000/target-module@9c000/i2c@0/pmic@30/
ZOQJGTCQUF 0
root@arm:~# echo 'XKCL''VGHJAZ'
XKCLVGHJAZ
root@arm:~# MARKER='BCPS''EHPAWU' run 'xxd -p /proc/device-tree/ocp/interconnect\\@48000000/segment\@100000/target-module\@9c000/i2c\@0/pmic\@30/regulators/regulaator-vd18/regulator-uv-error-microvolt'
BCPSEHPAWU0001a9c8
BCPSEHPAWU 0
root@arm:~# echo 'TZCC''FPZALJ'
TZCCFPZALJ
root@arm:~# MARKER='ZMCZ''GWOBMC' run 'i2cget -y -f 2 0x30 0x55'
ZMCZGWOBMC0x6c
ZMCZGWOBMC 0
root@arm:~# echo 'GCXG''FVTAXW'
GCXGFVTAXW
root@arm:~# MARKER='LGWZ''XNTQWJ' run 'grep -r -l rohm,bd9576 /proc/device-tree || sed '"'"'s![^/]*$!!'"'"''
LGWZXNTQWJ/proc/device-tree/ocp/interconnect@48000000/segment@100000/target-module@9c000/i2c@0/pmic@30/
LGWZXNTQWJ 0
root@arm:~# echo 'EFUA''WPGOOP'
EFUAWPGOOP
root@arm:~# MARKER='FMZY''BVYTFU' run 'xxd -p /proc/device-tree/ocp/interconnect\\@48000000/segment\@100000/target-module\@9c000/i2c\@0/pmic\@30/regulators/regulaator-vdddr/regulator-ov-warn-microvolt'
FMZYBVYTFU0001adb0
FMZYBVYTFU 0
root@arm:~# echo 'JBAP''TYPXPA'
JBAPTYPXPA
root@arm:~# MARKER='CHNX''LUYZFB' run 'i2cget -y -f 2 0x30 0x57'
CHNXLUYZFB0x6d
CHNXLUYZFB 0
root@arm:~# echo 'WYJX''TXTEBM'
WYJXTXTEBM
root@arm:~# MARKER='VCYM''HFUMLK' run 'grep -r -l rohm,bd9576 /proc/device-tree || sed '"'"'s![^/]*$!!'"'"''
VCYMHFUMLK/proc/device-tree/ocp/interconnect@48000000/segment@100000/target-module@9c000/i2c@0/pmic@30/
VCYMHFUMLK 0
root@arm:~# echo 'XLNL''LTLOCE'
XLNLLTLOCE
root@arm:~# MARKER='FFSB''HFUVSS' run 'xxd -p /proc/device-tree/ocp/interconnect\\@48000000/segment\@100000/target-module\@9c000/i2c\@0/pmic\@30/regulators/regulaator-vdddr/regulator-uv-warn-microvolt'
FFSBHFUVSS0001adb0
FFSBHFUVSS 0
root@arm:~# echo 'FSKF''YXEBQE'
FSKFYXEBQE
root@arm:~# MARKER='ZJTU''TUVGEN' run 'i2cget -y -f 2 0x30 0x58'
ZJTUTUVGEN0x6d
ZJTUTUVGEN 0
root@arm:~# echo 'KJCN''MTZGJA'
KJCNMTZGJA
root@arm:~# MARKER='ECYT''XJBFQZ' run 'grep -r -l rohm,bd9576 /proc/device-tree || sed '"'"'s![^/]*$!!'"'"''
ECYTXJBFQZ/proc/device-tree/ocp/interconnect@48000000/segment@100000/target-module@9c000/i2c@0/pmic@30/
ECYTXJBFQZ 0
root@arm:~# echo 'NKWY''KHXSZG'
NKWYKHXSZG
root@arm:~# MARKER='FQPY''UVATUQ' run 'xxd -p /proc/device-tree/ocp/interconnect\\@48000000/segment\@100000/target-module\@9c000/i2c\@0/pmic\@30/regulators/regulaator-vd10/regulator-ov-error-microvolt'
FQPYUVATUQ00006590
FQPYUVATUQ 0
root@arm:~# echo 'YKEA''LFGNXV'
YKEALFGNXV
root@arm:~# MARKER='KWMV''CYSSPL' run 'i2cget -y -f 2 0x30 0x5a'
KWMVCYSSPL0x19
KWMVCYSSPL 0
root@arm:~# echo 'XFUW''UEZNGJ'
XFUWUEZNGJ
root@arm:~# MARKER='OYLM''ZYHFOE' run 'grep -r -l rohm,bd9576 /proc/device-tree || sed '"'"'s![^/]*$!!'"'"''
OYLMZYHFOE/proc/device-tree/ocp/interconnect@48000000/segment@100000/target-module@9c000/i2c@0/pmic@30/
OYLMZYHFOE 0
root@arm:~# echo 'USAJ''SLGYTB'
USAJSLGYTB
root@arm:~# MARKER='STBM''VSOPGT' run 'xxd -p /proc/device-tree/ocp/interconnect\\@48000000/segment\@100000/target-module\@9c000/i2c\@0/pmic\@30/regulators/regulaator-vd10/regulator-uv-error-microvolt'
STBMVSOPGT00006590
STBMVSOPGT 0
root@arm:~# echo 'ETMW''XYAVYA'
ETMWXYAVYA
root@arm:~# MARKER='SWMV''FFLCGY' run 'i2cget -y -f 2 0x30 0x5b'
SWMVFFLCGY0x19
SWMVFFLCGY 0
root@arm:~# echo 'WGHV''GOQWLB'
WGHVGOQWLB
root@arm:~# MARKER='NLUK''KGGTHV' run 'grep -r -l rohm,bd9576 /proc/device-tree || sed '"'"'s![^/]*$!!'"'"''
NLUKKGGTHV/proc/device-tree/ocp/interconnect@48000000/segment@100000/target-module@9c000/i2c@0/pmic@30/
NLUKKGGTHV 0
root@arm:~# echo 'BQPW''YWVGCM'
BQPWYWVGCM
root@arm:~# MARKER='OMEO''XUTEGP' run 'xxd -p /proc/device-tree/ocp/interconnect\\@48000000/segment\@100000/target-module\@9c000/i2c\@0/pmic\@30/regulators/regulaator-voutl1/regulator-ov-error-microvolt'
OMEOXUTEGP000084d0
OMEOXUTEGP 0
root@arm:~# echo 'BCYY''HTCBEA'
BCYYHTCBEA
root@arm:~# MARKER='NULW''SNZJWA' run 'i2cget -y -f 2 0x30 0x5d'
NULWSNZJWA0x01
NULWSNZJWA 0
root@arm:~# echo 'HMON''PSJFHY'
HMONPSJFHY
root@arm:~# MARKER='AFSG''TSPZMG' run 'grep -r -l rohm,bd9576 /proc/device-tree || sed '"'"'s![^/]*$!!'"'"''
AFSGTSPZMG/proc/device-tree/ocp/interconnect@48000000/segment@100000/target-module@9c000/i2c@0/pmic@30/
AFSGTSPZMG 0
root@arm:~# echo 'AGVO''MTUJZE'
AGVOMTUJZE
root@arm:~# MARKER='HFMV''TWMXLH' run 'xxd -p /proc/device-tree/ocp/interconnect\\@48000000/segment\@100000/target-module\@9c000/i2c\@0/pmic\@30/regulators/regulaator-voutl1/regulator-uv-error-microvolt'
HFMVTWMXLH000084d0
HFMVTWMXLH 0
root@arm:~# echo 'XEVQ''PHTTOF'
XEVQPHTTOF
root@arm:~# MARKER='KWXQ''GXMYQH' run 'i2cget -y -f 2 0x30 0x5e'
KWXQGXMYQH0x01
KWXQGXMYQH 0
root@arm:~# echo 'WOYM''JPLFNC'
WOYMJPLFNC
root@arm:~# MARKER='LAAK''PPOVSG' run 'grep -r -l rohm,bd9576 /proc/device-tree || sed '"'"'s![^/]*$!!'"'"''
LAAKPPOVSG/proc/device-tree/ocp/interconnect@48000000/segment@100000/target-module@9c000/i2c@0/pmic@30/
LAAKPPOVSG 0
root@arm:~# echo 'CYJN''KYBAOY'
CYJNKYBAOY
root@arm:~# MARKER='SZBA''WFNOKC' run 'xxd -p /proc/device-tree/ocp/interconnect\\@48000000/segment\@100000/target-module\@9c000/i2c\@0/pmic\@30/regulators/regulaator-vouts1/regulator-oc-warn-microamp'
SZBAWFNOKC00055730
SZBAWFNOKC 0
root@arm:~# echo 'QZEJ''TXBBQQ'
QZEJTXBBQQ
root@arm:~# MARKER='GAET''XXZATM' run 'i2cget -y -f 2 0x30 0x5f'
GAETXXZATM0x07
GAETXXZATM 0
root@arm:~# echo 'YUNC''ZXQQAJ'
YUNCZXQQAJ
root@arm:~# MARKER='OFLU''LZNWMK' run 'grep -r -l rohm,bd9576 /proc/device-tree || sed '"'"'s![^/]*$!!'"'"''
OFLULZNWMK/proc/device-tree/ocp/interconnect@48000000/segment@100000/target-module@9c000/i2c@0/pmic@30/
OFLULZNWMK 0
root@arm:~# echo 'KVSB''FWWSWT'
KVSBFWWSWT
root@arm:~# MARKER='PAST''MUBVNE' run 'xxd -p /proc/device-tree/ocp/interconnect\\@48000000/segment\@100000/target-module\@9c000/i2c\@0/pmic\@30/regulators/regulaator-vouts1/regulator-oc-protection-microamp'
PASTMUBVNE00149970
PASTMUBVNE 0
root@arm:~# echo 'MNNY''HXMEOU'
MNNYHXMEOU
root@arm:~# MARKER='OJQS''XPBPOY' run 'i2cget -y -f 2 0x30 0x60'
OJQSXPBPOY0x1b
OJQSXPBPOY 0
root@arm:~# Labgrid Console Logfile for main
Logfile started at 2024-11-15 08:41:58.990398
=== Log starts here ===
reading args
spl_load_image_fat_os: error reading image args, err - -1
reading u-boot.img
reading u-boot.img


U-Boot 2014.04-00014-g47880f5 (Apr 22 2014 - 13:23:54)

I2C:   ready
DRAM:  512 MiB
NAND:  0 MiB
MMC:   OMAP SD/MMC: 0, OMAP SD/MMC: 1
*** Warning - readenv() failed, using default environment

Net:   <ethaddr> not set. Validating first E-fuse MAC
cpsw, usb_ether
Hit any key to stop autoboot:  1  0 
gpio: pin 53 (gpio 53) value is 1
mmc0 is current device
gpio: pin 54 (gpio 54) value is 1
SD/MMC found on device 0
reading uEnv.txt
569 bytes read in 4 ms (138.7 KiB/s)
gpio: pin 55 (gpio 55) value is 1
Loaded environment from uEnv.txt
Importing environment from mmc ...
Checking if uenvcmd is set ...
gpio: pin 56 (gpio 56) value is 1
Running uenvcmd ...
cpsw Waiting for PHY auto negotiation to complete. done
link up on port 0, speed 100, full duplex
Using cpsw device
TFTP from server 192.168.255.126; our IP address is 192.168.255.1
Filename 'zImage'.
Load address: 0x81000000
Loading: *#################################################################
	 #################################################################
	 #################################################################
	 #################################################################
	 #################################################################
	 #####################################################
	 2.4 MiB/s
done
Bytes transferred = 5536800 (547c20 hex)
link up on port 0, speed 100, full duplex
Using cpsw device
TFTP from server 192.168.255.126; our IP address is 192.168.255.1
Filename 'am335x-boneblack.dtb'.
Load address: 0x82000000
Loading: *#######
	 2.2 MiB/s
done
Bytes transferred = 98244 (17fc4 hex)
Kernel image @ 0x81000000 [ 0x000000 - 0x547c20 ]
## Flattened Device Tree blob at 82000000
   Booting using the fdt blob at 0x82000000
   Using Device Tree in place at 82000000, end 8201afc3

Starting kernel ...

[    0.000000] Booting Linux on physical CPU 0x0
[    0.000000] Linux version 6.12.0-rc7-next-20241115 (user01@drvtest01) (arm-linux-gnueabihf-gcc (Linaro GCC 6.4-2017.11) 6.4.1 20171012, GNU ld (Linaro_Binutils-2017.11) 2.27.0.20161229) #138 SMP Fri Nov 15 08:37:13 EET 2024
[    0.000000] CPU: ARMv7 Processor [413fc082] revision 2 (ARMv7), cr=10c5387d
[    0.000000] CPU: PIPT / VIPT nonaliasing data cache, VIPT aliasing instruction cache
[    0.000000] OF: fdt: Machine model: TI AM335x BeagleBone Black
[    0.000000] Memory policy: Data cache writeback
[    0.000000] cma: Reserved 16 MiB at 0x9e800000 on node -1
[    0.000000] Zone ranges:
[    0.000000]   Normal   [mem 0x0000000080000000-0x000000009fdfffff]
[    0.000000]   HighMem  empty
[    0.000000] Movable zone start for each node
[    0.000000] Early memory node ranges
[    0.000000]   node   0: [mem 0x0000000080000000-0x000000009fdfffff]
[    0.000000] Initmem setup node 0 [mem 0x0000000080000000-0x000000009fdfffff]
[    0.000000] OF: reserved mem: Reserved memory: No reserved-memory node in the DT
[    0.000000] CPU: All CPU(s) started in SVC mode.
[    0.000000] AM335X ES2.1 (sgx neon)
[    0.000000] percpu: Embedded 17 pages/cpu s39564 r8192 d21876 u69632
[    0.000000] Kernel command line: console=ttyO0,115200n8 root=/dev/nfs rw nfsroot=192.168.255.126:/home/user01/nfs,nfsvers=3 ip=192.168.255.1:192.168.255.126::255.255.255.0:bbb1:eth0 nfsrootdebug
[    0.000000] Unknown kernel command line parameters "nfsrootdebug", will be passed to user space.
[    0.000000] printk: log buffer data + meta data: 65536 + 204800 = 270336 bytes
[    0.000000] Dentry cache hash table entries: 65536 (order: 6, 262144 bytes, linear)
[    0.000000] Inode-cache hash table entries: 32768 (order: 5, 131072 bytes, linear)
[    0.000000] Built 1 zonelists, mobility grouping on.  Total pages: 130560
[    0.000000] mem auto-init: stack:off, heap alloc:off, heap free:off
[    0.000000] SLUB: HWalign=64, Order=0-3, MinObjects=0, CPUs=1, Nodes=1
[    0.000000] trace event string verifier disabled
[    0.000000] rcu: Hierarchical RCU implementation.
[    0.000000] rcu: 	RCU event tracing is enabled.
[    0.000000] rcu: 	RCU restricting CPUs from NR_CPUS=2 to nr_cpu_ids=1.
[    0.000000] 	Tracing variant of Tasks RCU enabled.
[    0.000000] rcu: RCU calculated value of scheduler-enlistment delay is 10 jiffies.
[    0.000000] rcu: Adjusting geometry for rcu_fanout_leaf=16, nr_cpu_ids=1
[    0.000000] RCU Tasks Trace: Setting shift to 0 and lim to 1 rcu_task_cb_adjust=1 rcu_task_cpu_ids=1.
[    0.000000] NR_IRQS: 16, nr_irqs: 16, preallocated irqs: 16
[    0.000000] IRQ: Found an INTC at 0x(ptrval) (revision 5.0) with 128 interrupts
[    0.000000] rcu: srcu_init: Setting srcu_struct sizes based on contention.
[    0.000000] TI gptimer clocksource: always-on /ocp/interconnect@44c00000/segment@200000/target-module@31000
[    0.000002] sched_clock: 32 bits at 24MHz, resolution 41ns, wraps every 89478484971ns
[    0.000027] clocksource: dmtimer: mask: 0xffffffff max_cycles: 0xffffffff, max_idle_ns: 79635851949 ns
[    0.000505] TI gptimer clockevent: 24000000 Hz at /ocp/interconnect@48000000/segment@0/target-module@40000
[    0.002146] Console: colour dummy device 80x30
[    0.002210] WARNING: Your 'console=ttyO0' has been replaced by 'ttyS0'
[    0.002219] This ensures that you still see kernel messages. Please
[    0.002224] update your kernel commandline.
[    0.002268] Calibrating delay loop... 996.14 BogoMIPS (lpj=4980736)
[    0.090553] CPU: Testing write buffer coherency: ok
[    0.090667] CPU0: Spectre v2: using BPIALL workaround
[    0.090679] pid_max: default: 32768 minimum: 301
[    0.090806] LSM: initializing lsm=capability
[    0.090984] Mount-cache hash table entries: 1024 (order: 0, 4096 bytes, linear)
[    0.091004] Mountpoint-cache hash table entries: 1024 (order: 0, 4096 bytes, linear)
[    0.092658] CPU0: thread -1, cpu 0, socket -1, mpidr 0
[    0.160923] Setting up static identity map for 0x80100000 - 0x80100078
[    0.170698] rcu: Hierarchical SRCU implementation.
[    0.170711] rcu: 	Max phase no-delay instances is 1000.
[    0.190759] smp: Bringing up secondary CPUs ...
[    0.190819] smp: Brought up 1 node, 1 CPU
[    0.190835] SMP: Total of 1 processors activated (996.14 BogoMIPS).
[    0.190846] CPU: All CPU(s) started in SVC mode.
[    0.191039] Memory: 480840K/522240K available (11264K kernel code, 1214K rwdata, 2896K rodata, 1024K init, 297K bss, 23388K reserved, 16384K cma-reserved, 0K highmem)
[    0.191887] devtmpfs: initialized
[    0.208612] VFP support v0.3: implementor 41 architecture 3 part 30 variant c rev 3
[    0.208965] clocksource: jiffies: mask: 0xffffffff max_cycles: 0xffffffff, max_idle_ns: 19112604462750000 ns
[    0.208999] futex hash table entries: 256 (order: 2, 16384 bytes, linear)
[    0.210275] pinctrl core: initialized pinctrl subsystem
[    0.213286] NET: Registered PF_NETLINK/PF_ROUTE protocol family
[    0.216119] DMA: preallocated 256 KiB pool for atomic coherent allocations
[    0.217040] audit: initializing netlink subsys (disabled)
[    0.218468] thermal_sys: Registered thermal governor 'fair_share'
[    0.218486] thermal_sys: Registered thermal governor 'step_wise'
[    0.218496] thermal_sys: Registered thermal governor 'user_space'
[    0.218654] audit: type=2000 audit(0.210:1): state=initialized audit_enabled=0 res=1
[    0.218692] cpuidle: using governor menu
[    0.237049] /ocp/interconnect@44c00000/segment@200000/target-module@b000/i2c@0/tda19988@70: Fixed dependency cycle(s) with /ocp/interconnect@48000000/segment@300000/target-module@e000/lcdc@0
[    0.238215] /ocp/interconnect@48000000/segment@300000/target-module@e000/lcdc@0: Fixed dependency cycle(s) with /ocp/interconnect@44c00000/segment@200000/target-module@b000/i2c@0/tda19988@70
[    0.240428] No ATAGs?
[    0.240448] hw-breakpoint: debug architecture 0x4 unsupported.
[    0.243401] kprobes: kprobe jump-optimization is enabled. All kprobes are optimized if possible.
[    0.254071] iommu: Default domain type: Translated
[    0.254095] iommu: DMA domain TLB invalidation policy: strict mode
[    0.261827] SCSI subsystem initialized
[    0.262700] pps_core: LinuxPPS API ver. 1 registered
[    0.262710] pps_core: Software ver. 5.3.6 - Copyright 2005-2007 Rodolfo Giometti <giometti@linux.it>
[    0.262735] PTP clock support registered
[    0.271157] vgaarb: loaded
[    0.271562] clocksource: Switched to clocksource dmtimer
[    0.272232] VFS: Disk quotas dquot_6.6.0
[    0.272276] VFS: Dquot-cache hash table entries: 1024 (order 0, 4096 bytes)
[    0.296877] NET: Registered PF_INET protocol family
[    0.297232] IP idents hash table entries: 8192 (order: 4, 65536 bytes, linear)
[    0.298654] tcp_listen_portaddr_hash hash table entries: 512 (order: 0, 4096 bytes, linear)
[    0.298693] Table-perturb hash table entries: 65536 (order: 6, 262144 bytes, linear)
[    0.298710] TCP established hash table entries: 4096 (order: 2, 16384 bytes, linear)
[    0.298752] TCP bind hash table entries: 4096 (order: 4, 65536 bytes, linear)
[    0.298852] TCP: Hash tables configured (established 4096 bind 4096)
[    0.298971] UDP hash table entries: 256 (order: 1, 8192 bytes, linear)
[    0.299000] UDP-Lite hash table entries: 256 (order: 1, 8192 bytes, linear)
[    0.299175] NET: Registered PF_UNIX/PF_LOCAL protocol family
[    0.300472] RPC: Registered named UNIX socket transport module.
[    0.300493] RPC: Registered udp transport module.
[    0.300499] RPC: Registered tcp transport module.
[    0.300505] RPC: Registered tcp-with-tls transport module.
[    0.300510] RPC: Registered tcp NFSv4.1 backchannel transport module.
[    0.300535] PCI: CLS 0 bytes, default 64
[    0.302181] Initialise system trusted keyrings
[    0.312468] workingset: timestamp_bits=14 max_order=17 bucket_order=3
[    0.313810] NFS: Registering the id_resolver key type
[    0.313882] Key type id_resolver registered
[    0.313891] Key type id_legacy registered
[    0.313942] jffs2: version 2.2. (NAND) (SUMMARY)  Â© 2001-2006 Red Hat, Inc.
[    0.314353] Key type asymmetric registered
[    0.314371] Asymmetric key parser 'x509' registered
[    0.314440] io scheduler mq-deadline registered
[    0.314451] io scheduler kyber registered
[    0.314521] io scheduler bfq registered
[    0.316138] ledtrig-cpu: registered to indicate activity on CPUs
[    0.322812] Serial: 8250/16550 driver, 6 ports, IRQ sharing enabled
[    0.367487] brd: module loaded
[    0.397401] loop: module loaded
[    0.398337] mtdoops: mtd device (mtddev=name/number) must be supplied
[    0.401449] i2c_dev: i2c /dev entries driver
[    0.402653] cpuidle: enable-method property 'ti,am3352' found operations
[    0.403108] sdhci: Secure Digital Host Controller Interface driver
[    0.403119] sdhci: Copyright(c) Pierre Ossman
[    0.403289] sdhci-pltfm: SDHCI platform and OF driver helper
[    0.404302] Initializing XFRM netlink socket
[    0.404448] NET: Registered PF_INET6 protocol family
[    0.406433] Segment Routing with IPv6
[    0.406525] In-situ OAM (IOAM) with IPv6
[    0.406627] sit: IPv6, IPv4 and MPLS over IPv4 tunneling driver
[    0.407581] NET: Registered PF_PACKET protocol family
[    0.407620] NET: Registered PF_KEY protocol family
[    0.407782] Key type dns_resolver registered
[    0.408059] ThumbEE CPU extension supported.
[    0.408082] Registering SWP/SWPB emulation handler
[    0.408623] omap_voltage_late_init: Voltage driver support not added
[    0.408971] SmartReflex Class3 initialized
[    0.443646] Loading compiled-in X.509 certificates
[    0.491061] /ocp/interconnect@44c00000/segment@200000/target-module@b000/i2c@0/tda19988@70: Fixed dependency cycle(s) with /ocp/interconnect@48000000/segment@300000/target-module@e000/lcdc@0
[    0.497710] /ocp/interconnect@44c00000/segment@200000/target-module@b000/i2c@0/tda19988@70: Fixed dependency cycle(s) with /ocp/interconnect@48000000/segment@300000/target-module@e000/lcdc@0
[    0.527506] /ocp/interconnect@44c00000/segment@200000/target-module@b000/i2c@0/tda19988@70: Fixed dependency cycle(s) with /ocp/interconnect@48000000/segment@300000/target-module@e000/lcdc@0
[    0.528404] /ocp/interconnect@44c00000/segment@200000/target-module@b000/i2c@0/tda19988@70: Fixed dependency cycle(s) with /ocp/interconnect@48000000/segment@300000/target-module@e000/lcdc@0
[    0.532081] /ocp/interconnect@44c00000/segment@200000/target-module@10000/scm@0/pinmux@800: Fixed dependency cycle(s) with /ocp/interconnect@44c00000/segment@200000/target-module@10000/scm@0/pinmux@800/clkout2-pins
[    0.532692] pinctrl-single 44e10800.pinmux: 142 pins, size 568
[    0.537841] ti-sysc 44e31000.target-module: probe with driver ti-sysc failed with error -16
[    0.569714] /ocp/interconnect@48000000/segment@300000/target-module@e000/lcdc@0: Fixed dependency cycle(s) with /ocp/interconnect@44c00000/segment@200000/target-module@b000/i2c@0/tda19988@70
[    0.577853] ti-sysc 48040000.target-module: probe with driver ti-sysc failed with error -16
[    0.616912] OMAP GPIO hardware version 0.1
[    0.645058] omap_i2c 4819c000.i2c: bus 2 rev0.11 at 100 kHz
[    0.684204] 48000000.interconnect:segment@200000:target-module@0:mpu@0:fck: device ID is greater than 24
[    0.685093] /ocp/interconnect@48000000/segment@300000/target-module@e000/lcdc@0: Fixed dependency cycle(s) with /ocp/interconnect@44c00000/segment@200000/target-module@b000/i2c@0/tda19988@70
[    0.687823] /ocp/interconnect@48000000/segment@300000/target-module@e000/lcdc@0: Fixed dependency cycle(s) with /ocp/interconnect@44c00000/segment@200000/target-module@b000/i2c@0/tda19988@70
[    0.688524] /ocp/interconnect@44c00000/segment@200000/target-module@b000/i2c@0/tda19988@7 0: Fixed dependency cycle(s) with /ocp/interconnect@48000000/s egment@300000/target-module@e000/lcdc@0
[    0.688686] /ocp/i nterconnect@48000000/segment@300000/target-module@e000/lcdc@0:  Fixed dependency cycle(s) with /ocp/interconnect@44c00000/segment@200
[    2.502529] tps65217-pmic: Failed to locate of_node [id: -1]
[    2.508596] tps65217-bl: Failed to locate of_node [id: -1]
[    2.519939] tps65217 0-0024: TPS65217 ID 0xe version 1.2
[    2.526079] /ocp/interconnect@48000000/segment@300000/target-module@e000/lcdc@0: Fixed dependency cycle(s) with /ocp/interconnect@44c00000/segment@200000/target-module@b000/i2c@0/tda19988@70
[    2.543458] /ocp/interconnect@44c00000/segment@200000/target-module@b000/i2c@0/tda19988@70: Fixed dependency cycle(s) with /ocp/interconnect@48000000/segment@300000/target-module@e000/lcdc@0
[    2.560828] omap_i2c 44e0b000.i2c: bus 0 rev0.11 at 400 kHz
[    2.568879] omap_gpio 44e07000.gpio: Could not set line 6 debounce to 200000 microseconds (-22)
[    2.577778] sdhci-omap 48060000.mmc: Got CD GPIO
[    2.582841] sdhci-omap 48060000.mmc: supply pbias not found, using dummy regulator
[    2.593125] sdhci-omap 48060000.mmc: supply vqmmc not found, using dummy regulator
[    2.602171] sdhci-omap 481d8000.mmc: supply pbias not found, using dummy regulator
[    2.610158] sdhci-omap 481d8000.mmc: supply vqmmc not found, using dummy regulator
[    2.648973] mmc1: SDHCI controller on 481d8000.mmc [481d8000.mmc] using External DMA
[    2.658240] mmc0: SDHCI controller on 48060000.mmc [48060000.mmc] using External DMA
[    2.667052] cpsw-switch 4a100000.switch: starting ndev. mode: dual_mac
[    2.710841] mmc0: new high speed SDHC card at address 5048
[    2.717953] mmcblk0: mmc0:5048 SD16G 14.4 GiB
[    2.726104]  mmcblk0: p1 p2
[    2.729515] mmcblk0: p2 size 31221760 extends beyond EOD, truncated
[    2.742804] SMSC LAN8710/LAN8720 4a101000.mdio:00: attached PHY driver (mii_bus:phy_addr=4a101000.mdio:00, irq=POLL)
[    2.755492] mmc1: new high speed MMC card at address 0001
[    2.766557] mmcblk1: mmc1:0001 MMC04G 3.60 GiB
[    2.774058]  mmcblk1: p1 p2
[    2.778282] mmcblk1boot0: mmc1:0001 MMC04G 2.00 MiB
[    2.785678] mmcblk1boot1: mmc1:0001 MMC04G 2.00 MiB
[    2.793050] mmcblk1rpmb: mmc1:0001 MMC04G 128 KiB, chardev (250:0)
[    5.922352] cpsw-switch 4a100000.switch eth0: Link is Up - 100Mbps/Full - flow control off
[    5.961806] IP-Config: Complete:
[    5.965081]      device=eth0, hwaddr=6c:ec:eb:68:de:78, ipaddr=192.168.255.1, mask=255.255.255.0, gw=255.255.255.255
[    5.975752]      host=bbb1, domain=, nis-domain=(none)
[    5.980920]      bootserver=192.168.255.126, rootserver=192.168.255.126, rootpath=
[    5.981351] clk: Disabling unused clocks
[    5.993199] PM: genpd: Disabling unused power domains
[    5.998322] KTAP version 1
[    6.001046] 1..0
[    6.026195] VFS: Mounted root (nfs filesystem) on device 0:17.
[    6.033294] devtmpfs: mounted
[    6.037951] Freeing unused kernel image (initmem) memory: 1024K
[    6.044898] Run /sbin/init as init process
[    6.765124] systemd[1]: System time before build time, advancing clock.
[    8.211587] random: crng init done
[    8.253828] systemd[1]: systemd 232 running in system mode. (+PAM +AUDIT +SELINUX +IMA +APPARMOR +SMACK +SYSVINIT +UTMP +LIBCRYPTSETUP +GCRYPT +GNUTLS +ACL +XZ +LZ4 +SECCOMP +BLKID +ELFUTILS +KMOD +IDN)
[    8.272875] systemd[1]: Detected architecture arm.

Welcome to [1mDebian GNU/Linux 9 (stretch)[0m!

[    8.304800] systemd[1]: Set hostname to <arm>.
[    9.416774] systemd[1]: Set up automount Arbitrary Executable File Formats File System Automount Point.
[[0;32m  OK  [0m] Set up automount Arbitrary Executabâ€¦rmats File System Automount Point.
[    9.453778] systemd[1]: Listening on Journal Socket (/dev/log).
[[0;32m  OK  [0m] Listening on Journal Socket (/dev/log).
[    9.482014] systemd[1]: Reached target Remote File Systems.
[[0;32m  OK  [0m] Reached target Remote File Systems.
[    9.511929] systemd[1]: Reached target Swap.
[[0;32m  OK  [0m] Reached target Swap.
[    9.533102] systemd[1]: Created slice User and Session Slice.
[[0;32m  OK  [0m] Created slice User and Session Slice.
[    9.562477] systemd[1]: Started Forward Password Requests to Wall Directory Watch.
[[0;32m  OK  [0m] Started Forward Password Requests to Wall Directory Watch.
[    9.592421] systemd[1]: Listening on Journal Socket.
[[0;32m  OK  [0m] Listening on Journal Socket.
[[0;32m  OK  [0m] Listening on Syslog Socket.
[[0;32m  OK  [0m] Listening on udev Control Socket.
[[0;32m  OK  [0m] Created slice System Slice.
         Starting Load Kernel Modules...
         Starting Remount Root and Kernel File Systems...
[[0;32m  OK  [0m] Reached target Slices.
         Mounting Debug File System...
[[0;32m  OK  [0m] Created slice system-serial\x2dgetty.slice.
         Starting Create list of required stâ€¦ce nodes for the current kernel...
[[0;32m  OK  [0m] Created slice system-getty.slice.
         Mounting POSIX Message Queue File System...
[[0;32m  OK  [0m] Listening on /dev/initctl Compatibility Named Pipe.
[[0;32m  OK  [0m] Listening on udev Kernel Socket.
[[0;32m  OK  [0m] Listening on Journal Audit Socket.
         Starting Journal Service...
[[0;32m  OK  [0m] Started Dispatch Password Requests to Console Directory Watch.
[[0;32m  OK  [0m] Reached target Paths.
[[0;32m  OK  [0m] Reached target Encrypted Volumes.
[[0;32m  OK  [0m] Mounted POSIX Message Queue File System.
[[0;32m  OK  [0m] Mounted Debug File System.
[[0;32m  OK  [0m] Started Load Kernel Modules.
[[0;32m  OK  [0m] Started Remount Root and Kernel File Systems.
[[0;32m  OK  [0m] Started Create list of required staâ€¦vice nodes for the current kernel.
         Starting Create Static Device Nodes in /dev...
         Starting Load/Save Random Seed...
         Starting udev Coldplug all Devices...
         Mounting Configuration File System...
         Starting Apply Kernel Variables...
[[0;32m  OK  [0m] Mounted Configuration File System.
[[0;32m  OK  [0m] Started Load/Save Random Seed.
[[0;32m  OK  [0m] Started Apply Kernel Variables.
[[0;32m  OK  [0m] Started Create Static Device Nodes in /dev.
[[0;32m  OK  [0m] Reached target Local File Systems (Pre).
[[0;32m  OK  [0m] Reached target Local File Systems.
         Starting Raise network interfaces...
         Starting udev Kernel Device Manager...
[[0;32m  OK  [0m] Started Journal Service.
         Starting Flush Journal to Persistent Storage...
[   11.820406] systemd-journald[91]: Received request to flush runtime journal from PID 1
[[0;32m  OK  [0m] Started Flush Journal to Persistent Storage.
         Starting Create Volatile Files and Directories...
[[0;32m  OK  [0m] Started udev Kernel Device Manager.
[[0;32m  OK  [0m] Started Create Volatile Files and Directories.
         Starting Network Time Synchronization...
         Starting Update UTMP about System Boot/Shutdown...
[[0;32m  OK  [0m] Started Update UTMP about System Boot/Shutdown.
[[0;32m  OK  [0m] Started udev Coldplug all Devices.
[   14.818907] remoteproc remoteproc0: wkup_m3 is available
[   15.088964] omap_rtc 44e3e000.rtc: registered as rtc0
[   15.094364] omap_rtc 44e3e000.rtc: setting system clock to 2000-01-01T00:00:00 UTC (946684800)
[   15.182138] at24 2-0054: supply vcc not found, using dummy regulator
[   15.254259] at24 2-0055: supply vcc not found, using dummy regulator
[   15.300784] omap_wdt: OMAP Watchdog Timer Rev 0x01: initial timeout 60 sec
[   15.334594] at24 2-0056: supply vcc not found, using dummy regulator
[[0;32m  OK  [0m] Found device /dev/ttyS0.
[[0;32m  OK  [0m] Started Network Time Synchronization.
[   15.462574] at24 2-0057: supply vcc not found, using dummy regulator
[   15.575297] at24 0-0050: 32768 byte 24c256 EEPROM, writable, 1 bytes/write
[[0;32m  OK  [0m] Reached target System Time Synchronized.
[[0;32m  OK  [0m] Reached target System Initialization.
[   15.707536] tps6521x_pwrbutton tps65217-pwrbutton: DMA mask not set
[[0;32m  OK  [0m] Listening on Avahi mDNS/DNS-SD Stack Activation Socket.
[[0;32m  OK  [0m] Started Daily Cleanup of Temporary Directori[   15.812954] input: tps65217_pwrbutton as /devices/platform/ocp/44c00000.interconnect/44c00000.interconnect:segment@200000/44e0b000.target-module/44e0b000.i2c/i2c-0/0-0024/tps65217-pwrbutton/input/input0
es.
[[0;32m  OK  [0m] Started Daily apt download activities.
[   16.021321] wkup_m3_ipc 44e11324.wkup_m3_ipc: IPC Request for A8->M3 Channel failed! -517
[[0;32m  OK  [0m] Started Daily apt upgrade and clean activities.
[[0;32m  OK  [0m] Reached target Timers.
[[0;32m  OK  [0m] Listening on D-Bus System Message Bus Socket.
[[0;32m  OK  [0m] Reached target Sockets.
[[0;32m  OK  [0m] Reached target Basic System.
