Labgrid Console Logfile for main
Logfile started at 2025-06-04 17:00:29.653855
=== Log starts here ===
reading args
spl_load_image_fat_os: error reading image args, err - -1
reading u-boot.img
reading u-boot.img


U-Boot 2014.04-00014-g47880f5 (Apr 22 2014 - 13:23:54)

I2C:   ready
DRAM:  512 MiB
NAND:  0 MiB
MMC:   OMAP SD/MMC: 0, OMAP SD/MMC: 1
*** Warning - readenv() failed, using default environment

Net:   <ethaddr> not set. Validating first E-fuse MAC
cpsw, usb_ether
Hit any key to stop autoboot:  1  0 
gpio: pin 53 (gpio 53) value is 1
mmc0 is current device
gpio: pin 54 (gpio 54) value is 1
SD/MMC found on device 0
reading uEnv.txt
569 bytes read in 4 ms (138.7 KiB/s)
gpio: pin 55 (gpio 55) value is 1
Loaded environment from uEnv.txt
Importing environment from mmc ...
Checking if uenvcmd is set ...
gpio: pin 56 (gpio 56) value is 1
Running uenvcmd ...
cpsw Waiting for PHY auto negotiation to complete. done
link up on port 0, speed 100, full duplex
Using cpsw device
TFTP from server 192.168.255.126; our IP address is 192.168.255.1
Filename 'zImage'.
Load address: 0x81000000
Loading: *#################################################################
	 #################################################################
	 #################################################################
	 #################################################################
	 #################################################################
	 #######
	 2.4 MiB/s
done
Bytes transferred = 4872672 (4a59e0 hex)
link up on port 0, speed 100, full duplex
Using cpsw device
TFTP from server 192.168.255.126; our IP address is 192.168.255.1
Filename 'am335x-boneblack.dtb'.
Load address: 0x82000000
Loading: *#######
	 2.3 MiB/s
done
Bytes transferred = 94748 (1721c hex)
Kernel image @ 0x81000000 [ 0x000000 - 0x4a59e0 ]
## Flattened Device Tree blob at 82000000
   Booting using the fdt blob at 0x82000000
   Using Device Tree in place at 82000000, end 8201a21b

Starting kernel ...

[    0.000000] Booting Linux on physical CPU 0x0
[    0.000000] Linux version 5.15.185 (user01@drvtest01) (arm-none-eabi-gcc (Arm GNU Toolchain 14.2.Rel1 (Build arm-14.52)) 14.2.1 20241119, GNU ld (Arm GNU Toolchain 14.2.Rel1 (Build arm-14.52)) 2.43.1.20241119) #1 SMP Wed Jun 4 16:48:02 EEST 2025
[    0.000000] CPU: ARMv7 Processor [413fc082] revision 2 (ARMv7), cr=10c5387d
[    0.000000] CPU: PIPT / VIPT nonaliasing data cache, VIPT aliasing instruction cache
[    0.000000] OF: fdt: Machine model: TI AM335x BeagleBone Black
[    0.000000] Memory policy: Data cache writeback
[    0.000000] cma: Reserved 16 MiB at 0x9e800000
[    0.000000] Zone ranges:
[    0.000000]   Normal   [mem 0x0000000080000000-0x000000009fdfffff]
[    0.000000]   HighMem  empty
[    0.000000] Movable zone start for each node
[    0.000000] Early memory node ranges
[    0.000000]   node   0: [mem 0x0000000080000000-0x000000009fdfffff]
[    0.000000] Initmem setup node 0 [mem 0x0000000080000000-0x000000009fdfffff]
[    0.000000] CPU: All CPU(s) started in SVC mode.
[    0.000000] AM335X ES2.1 (sgx neon)
[    0.000000] percpu: Embedded 16 pages/cpu s33804 r8192 d23540 u65536
[    0.000000] Built 1 zonelists, mobility grouping on.  Total pages: 129412
[    0.000000] Kernel command line: console=ttyO0,115200n8 root=/dev/nfs rw nfsroot=192.168.255.126:/home/user01/nfs,nfsvers=3 ip=192.168.255.1:192.168.255.126::255.255.255.0:bbb1:eth0 nfsrootdebug
[    0.000000] Unknown kernel command line parameters "nfsrootdebug", will be passed to user space.
[    0.000000] Dentry cache hash table entries: 65536 (order: 6, 262144 bytes, linear)
[    0.000000] Inode-cache hash table entries: 32768 (order: 5, 131072 bytes, linear)
[    0.000000] mem auto-init: stack:off, heap alloc:off, heap free:off
[    0.000000] Memory: 484756K/522240K available (10240K kernel code, 1079K rwdata, 2392K rodata, 1024K init, 242K bss, 21100K reserved, 16384K cma-reserved, 0K highmem)
[    0.000000] trace event string verifier disabled
[    0.000000] rcu: Hierarchical RCU implementation.
[    0.000000] rcu: 	RCU event tracing is enabled.
[    0.000000] rcu: 	RCU restricting CPUs from NR_CPUS=2 to nr_cpu_ids=1.
[    0.000000] rcu: RCU calculated value of scheduler-enlistment delay is 10 jiffies.
[    0.000000] rcu: Adjusting geometry for rcu_fanout_leaf=16, nr_cpu_ids=1
[    0.000000] NR_IRQS: 16, nr_irqs: 16, preallocated irqs: 16
[    0.000000] IRQ: Found an INTC at 0x(ptrval) (revision 5.0) with 128 interrupts
[    0.000000] TI gptimer clocksource: always-on /ocp/interconnect@44c00000/segment@200000/target-module@31000
[    0.000002] sched_clock: 32 bits at 24MHz, resolution 41ns, wraps every 89478484971ns
[    0.000028] clocksource: dmtimer: mask: 0xffffffff max_cycles: 0xffffffff, max_idle_ns: 79635851949 ns
[    0.000452] TI gptimer clockevent: 24000000 Hz at /ocp/interconnect@48000000/segment@0/target-module@40000
[    0.002294] Console: colour dummy device 80x30
[    0.002353] WARNING: Your 'console=ttyO0' has been replaced by 'ttyS0'
[    0.002365] This ensures that you still see kernel messages. Please
[    0.002373] update your kernel commandline.
[    0.002422] Calibrating delay loop... 996.14 BogoMIPS (lpj=4980736)
[    0.090569] CPU: Testing write buffer coherency: ok
[    0.090662] CPU0: Spectre v2: using BPIALL workaround
[    0.090675] pid_max: default: 32768 minimum: 301
[    0.090815] LSM: Security Framework initializing
[    0.090995] Mount-cache hash table entries: 1024 (order: 0, 4096 bytes, linear)
[    0.091023] Mountpoint-cache hash table entries: 1024 (order: 0, 4096 bytes, linear)
[    0.092588] CPU0: thread -1, cpu 0, socket -1, mpidr 0
[    0.093618] Setting up static identity map for 0x80100000 - 0x80100078
[    0.093847] rcu: Hierarchical SRCU implementation.
[    0.095042] smp: Bringing up secondary CPUs ...
[    0.095070] smp: Brought up 1 node, 1 CPU
[    0.095084] SMP: Total of 1 processors activated (996.14 BogoMIPS).
[    0.095097] CPU: All CPU(s) started in SVC mode.
[    0.095854] devtmpfs: initialized
[    0.110103] VFP support v0.3: implementor 41 architecture 3 part 30 variant c rev 3
[    0.110443] clocksource: jiffies: mask: 0xffffffff max_cycles: 0xffffffff, max_idle_ns: 19112604462750000 ns
[    0.110480] futex hash table entries: 256 (order: 2, 16384 bytes, linear)
[    0.111941] pinctrl core: initialized pinctrl subsystem
[    0.113854] NET: Registered PF_NETLINK/PF_ROUTE protocol family
[    0.116625] DMA: preallocated 256 KiB pool for atomic coherent allocations
[    0.117205] audit: initializing netlink subsys (disabled)
[    0.118381] thermal_sys: Registered thermal governor 'fair_share'
[    0.118400] thermal_sys: Registered thermal governor 'step_wise'
[    0.118416] thermal_sys: Registered thermal governor 'user_space'
[    0.118771] cpuidle: using governor menu
[    0.134977] No ATAGs?
[    0.135016] hw-breakpoint: debug architecture 0x4 unsupported.
[    0.143072] kprobes: kprobe jump-optimization is enabled. All kprobes are optimized if possible.
[    0.143415] audit: type=2000 audit(0.110:1): state=initialized audit_enabled=0 res=1
[    0.149435] iommu: Default domain type: Translated 
[    0.149462] iommu: DMA domain TLB invalidation policy: strict mode 
[    0.150862] vgaarb: loaded
[    0.151392] SCSI subsystem initialized
[    0.152109] pps_core: LinuxPPS API ver. 1 registered
[    0.152130] pps_core: Software ver. 5.3.6 - Copyright 2005-2007 Rodolfo Giometti <giometti@linux.it>
[    0.152158] PTP clock support registered
[    0.153481] clocksource: Switched to clocksource dmtimer
[    0.198669] VFS: Disk quotas dquot_6.6.0
[    0.198791] VFS: Dquot-cache hash table entries: 1024 (order 0, 4096 bytes)
[    0.262316] NET: Registered PF_INET protocol family
[    0.262647] IP idents hash table entries: 8192 (order: 4, 65536 bytes, linear)
[    0.263679] tcp_listen_portaddr_hash hash table entries: 512 (order: 0, 4096 bytes, linear)
[    0.263731] Table-perturb hash table entries: 65536 (order: 6, 262144 bytes, linear)
[    0.263756] TCP established hash table entries: 4096 (order: 2, 16384 bytes, linear)
[    0.263806] TCP bind hash table entries: 4096 (order: 3, 32768 bytes, linear)
[    0.263869] TCP: Hash tables configured (established 4096 bind 4096)
[    0.263994] UDP hash table entries: 256 (order: 1, 8192 bytes, linear)
[    0.264024] UDP-Lite hash table entries: 256 (order: 1, 8192 bytes, linear)
[    0.264210] NET: Registered PF_UNIX/PF_LOCAL protocol family
[    0.285622] RPC: Registered named UNIX socket transport module.
[    0.285660] RPC: Registered udp transport module.
[    0.285669] RPC: Registered tcp transport module.
[    0.285678] RPC: Registered tcp NFSv4.1 backchannel transport module.
[    0.285701] PCI: CLS 0 bytes, default 64
[    0.287074] Initialise system trusted keyrings
[    0.287985] workingset: timestamp_bits=14 max_order=17 bucket_order=3
[    0.289202] NFS: Registering the id_resolver key type
[    0.289306] Key type id_resolver registered
[    0.289318] Key type id_legacy registered
[    0.289373] jffs2: version 2.2. (NAND) (SUMMARY)  Â© 2001-2006 Red Hat, Inc.
[    0.289748] Key type asymmetric registered
[    0.289770] Asymmetric key parser 'x509' registered
[    0.289834] io scheduler mq-deadline registered
[    0.289849] io scheduler kyber registered
[    0.293374] Serial: 8250/16550 driver, 6 ports, IRQ sharing enabled
[    0.317407] brd: module loaded
[    0.342873] loop: module loaded
[    0.343904] mtdoops: mtd device (mtddev=name/number) must be supplied
[    0.346142] i2c_dev: i2c /dev entries driver
[    0.347019] cpuidle: enable-method property 'ti,am3352' found operations
[    0.347410] sdhci: Secure Digital Host Controller Interface driver
[    0.347425] sdhci: Copyright(c) Pierre Ossman
[    0.347590] sdhci-pltfm: SDHCI platform and OF driver helper
[    0.347854] ledtrig-cpu: registered to indicate activity on CPUs
[    0.348408] Initializing XFRM netlink socket
[    0.348626] NET: Registered PF_INET6 protocol family
[    0.350141] Segment Routing with IPv6
[    0.350227] In-situ OAM (IOAM) with IPv6
[    0.350326] sit: IPv6, IPv4 and MPLS over IPv4 tunneling driver
[    0.351118] NET: Registered PF_PACKET protocol family
[    0.351169] NET: Registered PF_KEY protocol family
[    0.351310] Key type dns_resolver registered
[    0.351412] ThumbEE CPU extension supported.
[    0.351434] Registering SWP/SWPB emulation handler
[    0.351940] omap_voltage_late_init: Voltage driver support not added
[    0.352282] SmartReflex Class3 initialized
[    0.353056] Loading compiled-in X.509 certificates
[    0.385510] pinctrl-single 44e10800.pinmux: 142 pins, size 568
[    0.389735] ti-sysc: probe of 44e31000.target-module failed with error -16
[    0.432034] ti-sysc: probe of 48040000.target-module failed with error -16
[    0.455055] OMAP GPIO hardware version 0.1
[    0.486507] omap_i2c 4819c000.i2c: bus 2 rev0.11 at 100 kHz
[    0.526694] sdhci-omap 481d8000.mmc: supply vqmmc not found, using dummy regulator
[    0.587097] davinci_mdio 4a101000.mdio: davinci mdio revision 1.6, bus freq 1000000
[    0.634356] davinci_mdio 4a101000.mdio: phy[0]: device 4a101000.mdio:00, driver SMSC LAN8710/LAN8720
[    0.634846] cpsw-switch 4a100000.switch: initialized cpsw ale version 1.4
[    0.634874] cpsw-switch 4a100000.switch: ALE Table size 1024
[    0.634997] cpsw-switch 4a100000.switch: cpts: overflow check period 500 (jiffies)
[    0.635017] cpsw-switch 4a100000.switch: CPTS: ref_clk_freq:250000000 calc_mult:2147483648 calc_shift:29 error:0 nsec/sec
[    0.635108] cpsw-switch 4a100000.switch: Detected MACID = 6c:ec:eb:68:de:78
[    0.636684] cpsw-switch 4a100000.switch: initialized (regs 0x4a100000, pool size 256) hw_ver:0019010C 1.12 (0)
[    0.645908] debugfs: Directory '49000000.dma' with parent 'dmaengine' already present!
[    0.645965] edma 49000000.dma: TI EDMA DMA engine driver
[    0.693743] hw perfevents: enabled with armv7_cortex_a8 PMU driver, 5 counters available
[    0.700603] l3-aon-clkctrl:0000:0: failed to disable
[    0.702543] 44e09000.serial: ttyS0 at MMIO 0x44e09000 (irq = 18, base_baud = 3000000) is a 8250
[    1.843905] printk: console [ttyS0] enabled
[    1.874269] tps65217-pmic: Failed to locate of_node [id: -1]
[    1.889350] tps65217-bl: Failed to locate of_node [id: -1]
[    1.897810] tps65217 0-0024: TPS65217 ID 0xe version 1.2
[    1.903791] i2c 0-0070: Fixing up cyclic dependency with 4830e000.lcdc
[    1.910658] omap_i2c 44e0b000.i2c: bus 0 rev0.11 at 400 kHz
[    1.918097] omap_gpio 44e07000.gpio: Could not set line 6 debounce to 200000 microseconds (-22)
[    1.926937] sdhci-omap 48060000.mmc: Got CD GPIO
[    1.931888] sdhci-omap 48060000.mmc: supply vqmmc not found, using dummy regulator
[    1.944152] sdhci-omap 481d8000.mmc: supply vqmmc not found, using dummy regulator
[    1.976759] mmc0: SDHCI controller on 48060000.mmc [48060000.mmc] using External DMA
[    1.984810] mmc1: SDHCI controller on 481d8000.mmc [481d8000.mmc] using External DMA
[    1.993263] cpsw-switch 4a100000.switch: starting ndev. mode: dual_mac
[    2.037585] mmc0: new high speed SDHC card at address 5048
[    2.044365] mmcblk0: mmc0:5048 SD16G 14.4 GiB 
[    2.052085]  mmcblk0: p1 p2
[    2.055302] mmcblk0: p2 size 31221760 extends beyond EOD, truncated
[    2.065426] SMSC LAN8710/LAN8720 4a101000.mdio:00: attached PHY driver (mii_bus:phy_addr=4a101000.mdio:00, irq=POLL)
[    2.094306] mmc1: new high speed MMC card at address 0001
[    2.100855] mmcblk1: mmc1:0001 MMC04G 3.60 GiB 
[    2.108098]  mmcblk1: p1 p2
[    2.112091] mmcblk1boot0: mmc1:0001 MMC04G 2.00 MiB 
[    2.119213] mmcblk1boot1: mmc1:0001 MMC04G 2.00 MiB 
[    2.126076] mmcblk1rpmb: mmc1:0001 MMC04G 128 KiB, chardev (250:0)
[    5.204214] cpsw-switch 4a100000.switch eth0: Link is Up - 100Mbps/Full - flow control off
[    5.223530] IPv6: ADDRCONF(NETDEV_CHANGE): eth0: link becomes ready
[    5.253481] IP-Config: Complete:
[    5.256744]      device=eth0, hwaddr=6c:ec:eb:68:de:78, ipaddr=192.168.255.1, mask=255.255.255.0, gw=255.255.255.255
[    5.267351]      host=bbb1, domain=, nis-domain=(none)
[    5.272514]      bootserver=192.168.255.126, rootserver=192.168.255.126, rootpath=
[    5.272892] clk: Disabling unused clocks
[    5.284745] TAP version 14
[    5.287471] 1..0
[    5.310561] VFS: Mounted root (nfs filesystem) on device 0:16.
[    5.317437] devtmpfs: mounted
[    5.321727] Freeing unused kernel image (initmem) memory: 1024K
[    5.328437] Run /sbin/init as init process
[    6.011268] systemd[1]: System time before build time, advancing clock.
[    6.211800] random: systemd: uninitialized urandom read (16 bytes read)
[    6.223929] random: systemd: uninitialized urandom read (16 bytes read)
[    6.234470] systemd[1]: systemd 232 running in system mode. (+PAM +AUDIT +SELINUX +IMA +APPARMOR +SMACK +SYSVINIT +UTMP +LIBCRYPTSETUP +GCRYPT +GNUTLS +ACL +XZ +LZ4 +SECCOMP +BLKID +ELFUTILS +KMOD +IDN)
[    6.253806] systemd[1]: Detected architecture arm.

Welcome to [1mDebian GNU/Linux 9 (stretch)[0m!

[    6.296110] systemd[1]: Set hostname to <arm>.
[    6.682056] random: systemd-cryptse: uninitialized urandom read (16 bytes read)
[    7.214311] random: systemd: uninitialized urandom read (16 bytes read)
[    7.221150] random: systemd: uninitialized urandom read (16 bytes read)
[    7.231471] random: systemd: uninitialized urandom read (16 bytes read)
[    7.289884] systemd[1]: Started Forward Password Requests to Wall Directory Watch.
[[0;32m  OK  [0m] Started Forward Password Requests to Wall Directory Watch.
[    7.335361] systemd[1]: Listening on Journal Socket (/dev/log).
[[0;32m  OK  [0m] Listening on Journal Socket (/dev/log).
[    7.373874] systemd[1]: Reached target Swap.
[[0;32m  OK  [0m] Reached target Swap.
[    7.404581] systemd[1]: Listening on Journal Audit Socket.
[[0;32m  OK  [0m] Listening on Journal Audit Socket.
[    7.445064] systemd[1]: Set up automount Arbitrary Executable File Formats File System Automount Point.
[[0;32m  OK  [0m] Set up automount Arbitrary Executabâ€¦rmats File System Automount Point.
[    7.485402] systemd[1]: Listening on udev Control Socket.
[[0;32m  OK  [0m] Listening on udev Control Socket.
[    7.524371] systemd[1]: Started Dispatch Password Requests to Console Directory Watch.
[[0;32m  OK  [0m] Started Dispatch Password Requests to Console Directory Watch.
[[0;32m  OK  [0m] Listening on /dev/initctl Compatibility Named Pipe.
[[0;32m  OK  [0m] Listening on Syslog Socket.
[[0;32m  OK  [0m] Listening on Journal Socket.
[[0;32m  OK  [0m] Created slice System Slice.
         Mounting Debug File System...
         Starting Remount Root and Kernel File Systems...
         Starting Create list of required stâ€¦ce nodes for the current kernel...
         Starting Load Kernel Modules...
         Starting Journal Service...
[[0;32m  OK  [0m] Reached target Paths.
[[0;32m  OK  [0m] Reached target Encrypted Volumes.
[[0;32m  OK  [0m] Created slice system-getty.slice.
[[0;32m  OK  [0m] Created slice User and Session Slice.
[[0;32m  OK  [0m] Reached target Slices.
[[0;32m  OK  [0m] Reached target Remote File Systems.
[[0;32m  OK  [0m] Listening on udev Kernel Socket.
         Mounting POSIX Message Queue File System...
[[0;32m  OK  [0m] Created slice system-serial\x2dgetty.slice.
[[0;32m  OK  [0m] Mounted Debug File System.
[[0;32m  OK  [0m] Started Remount Root and Kernel File Systems.
[[0;32m  OK  [0m] Started Create list of required staâ€¦vice nodes for the current kernel.
[    8.243020] random: systemd-journal: uninitialized urandom read (16 bytes read)
[    8.262306] random: systemd-journal: uninitialized urandom read (16 bytes read)
[[0;32m  OK  [0m] Started Load Kernel Modules.
[[0;32m  OK  [0m] Mounted POSIX Message Queue File System.
[    8.285753] random: systemd-journal: uninitialized urandom read (16 bytes read)
         Starting Apply Kernel Variables...
         Mounting Configuration File System...
         Starting Create Static Device Nodes in /dev...
         Starting Load/Save Random Seed...
         Starting udev Coldplug all Devices...
[[0;32m  OK  [0m] Mounted Configuration File System.
[[0;32m  OK  [0m] Started Apply Kernel Variables.
[[0;32m  OK  [0m] Started Load/Save Random Seed.
[[0;32m  OK  [0m] Started Create Static Device Nodes in /dev.
         Starting udev Kernel Device Manager...
[[0;32m  OK  [0m] Reached target Local File Systems (Pre).
[[0;32m  OK  [0m] Reached target Local File Systems.
         Starting Raise network interfaces...
[[0;32m  OK  [0m] Started Journal Service.
         Starting Flush Journal to Persistent Storage...
[    9.274019] random: systemd-udevd: uninitialized urandom read (16 bytes read)
[    9.551600] systemd-journald[93]: Received request to flush runtime journal from PID 1
[[0;32m  OK  [0m] Started Flush Journal to Persistent Storage.
         Starting Create Volatile Files and Directories...
[[0;32m  OK  [0m] Started udev Kernel Device Manager.
[[0;32m  OK  [0m] Started Create Volatile Files and Directories.
         Starting Network Time Synchronization...
         Starting Update UTMP about System Boot/Shutdown...
[[0;32m  OK  [0m] Started Update UTMP about System Boot/Shutdown.
[   11.673601] random: crng init done
[   11.677066] random: 406 urandom warning(s) missed due to ratelimiting
[[0;32m  OK  [0m] Started Network Time Synchronization.
[[0;32m  OK  [0m] Reached target System Time Synchronized.
[[0;32m  OK  [0m] Started udev Coldplug all Devices.
[[0;32m  OK  [0m] Reached target System Initialization.
[[0;32m  OK  [0m] Started Daily apt download activities.
[[0;32m  OK  [0m] Listening on D-Bus System Message Bus Socket.
[[0;32m  OK  [0m] Listening on Avahi mDNS/DNS-SD Stack Activation Socket.
[   12.631807] remoteproc remoteproc0: wkup_m3 is available
[[0;32m  OK  [0m] Reached target Sockets.
[[0;32m  OK  [0m] Started Daily Cleanup of Temporary Directories.
[[0;32m  OK  [0m] Started Daily apt upgrade and clean activities.
[[0;32m  OK  [0m] Reached target Timers.
[[0;32m  OK  [0m] Reached target Basic System.
[[0;32m  OK  [0m] Started Regular background program processing daemon.
[   12.885311] at24 2-0054: supply vcc not found, using dummy regulator
         Starting Telephony service...
         Starting Generic Board Startup...
[   13.029466] at24 2-0055: supply vcc not found, using dummy regulator
         Starting System Logging Service...
[   13.206388] at24 2-0056: supply vcc not found, using dummy regulator
         Starting Avahi mDNS/DNS-SD Stack...
[   13.319359] at24 2-0057: supply vcc not found, using dummy regulator
         Starting Cape Manager Service...
[   13.394309] at24 0-0050: supply vcc not found, using dummy regulator
         Starting LSB: Start busybox udhcpd at boot time...
         Starting DUN service...[   13.472356] at24 0-0050: 32768 byte 24c256 EEPROM, writable, 1 bytes/write

[   13.528005] tps6521x_pwrbutton tps65217-pwrbutton: DMA mask not set
[[0;32m  OK  [0m] Started D-Bus System Message Bus.
[   13.599352] input: tps65217_pwrbutton as /devices/platform/ocp/44c00000.interconnect/44c00000.interconnect:segment@200000/44e0b000.target-module/44e0b000.i2c/i2c-0/0-0024/tps65217-pwrbutton/input/input0
[   13.658013] omap_rtc 44e3e000.rtc: registered as rtc0
[   13.663182] omap_rtc 44e3e000.rtc: setting system clock to 2000-01-01T00:00:00 UTC (946684800)
[   13.701182] omap_wdt: OMAP Watchdog Timer Rev 0x01: initial timeout 60 sec
[   13.837841] am335x-phy-driver 47401300.usb-phy: supply vcc not found, using dummy regulator
[   14.459107] am335x-phy-driver 47401b00.usb-phy: supply vcc not found, using dummy regulator
[   14.633290] usbcore: registered new interface driver usbfs
[   14.639043] usbcore: registered new interface driver hub
[   14.644513] usbcore: registered new device driver usb
[   15.291354] omap-mailbox 480c8000.mailbox: omap mailbox rev 0x400
[   15.309533] musb-hdrc musb-hdrc.1: MUSB HDRC host driver
[   15.315061] musb-hdrc musb-hdrc.1: new USB bus registered, assigned bus number 1
[   15.333287] remoteproc remoteproc0: powering up wkup_m3
[   15.465388] remoteproc remoteproc0: Direct firmware load for am335x-pm-firmware.elf failed with error -2
[   15.475061] remoteproc remoteproc0: request_firmware failed: -2
[   15.481016] wkup_m3_ipc 44e11324.wkup_m3_ipc: rproc_boot failed
[   15.500370] usb usb1: New USB device found, idVendor=1d6b, idProduct=0002, bcdDevice= 5.15
[   15.508814] usb usb1: New USB device strings: Mfr=3, Product=2, SerialNumber=1
[   15.516116] usb usb1: Product: MUSB HDRC host driver
[   15.521105] usb usb1: Manufacturer: Linux 5.15.185 musb-hcd
[   15.526724] usb usb1: SerialNumber: musb-hdrc.1
[   15.557795] tda998x 0-0070: found TDA19988
[   16.068134] hub 1-0:1.0: USB hub found
[   16.173036] hub 1-0:1.0: 1 port detected
[[0;32m  OK  [0m] Started DUN service.
[[0;32m  OK  [0m] Started Avahi mDNS/DNS-SD Stack.
[[0;32m  OK  [0m] Started Telephony service.
         Starting Connection service...
         Starting LSB: Load kernel modules needed to enable cpufreq scaling...
         Starting Login Service...
[[0;32m  OK  [0m] Started System Logging Service.
[   17.493093] tilcdc 4830e000.lcdc: bound 0-0070 (ops tda998x_driver_exit [tda998x])
[   17.518402] omap_rng 48310000.rng: Random Number Generator ver. 20
[[0;32m  OK  [0m] Started Cape Manager Service.
[   17.695544] [drm] Initialized tilcdc 1.0.0 20121205 for 4830e000.lcdc on minor 0
[   17.849014] tilcdc 4830e000.lcdc: [drm] Cannot find any crtc or sizes
[   17.877119] tilcdc 4830e000.lcdc: [drm] Cannot find any crtc or sizes
[   18.285296] Bluetooth: Core ver 2.22
[   18.289075] NET: Registered PF_BLUETOOTH protocol family
[   18.294586] Bluetooth: HCI device and connection manager initialized
[   18.300998] Bluetooth: HCI socket layer initialized
[   18.305942] Bluetooth: L2CAP socket layer initialized
[   18.311050] Bluetooth: SCO socket layer initialized
[[0;32m  OK  [0m] Found device /dev/ttyS0.
[   18.954895] PM: Cannot get wkup_m3_ipc handle
[   19.034045] omap-aes 53500000.aes: OMAP AES hw accel rev: 3.2
[   19.187904] omap-sham 53100000.sham: hw accel on OMAP rev 4.3
[   19.251241] omap-aes 53500000.aes: will run requests pump with realtime priority
[   19.347835] omap-sham 53100000.sham: will run requests pump with realtime priority
[   19.489033] PM: Cannot get wkup_m3_ipc handle
[   19.637340] PM: Cannot get wkup_m3_ipc handle
[[0;32m  OK  [0m] Started Raise network interfaces.
[[0;32m  OK  [0m] Started LSB: Start busybox udhcpd at boot time.
[   22.430503] using random self ethernet address
[   22.435148] using random host ethernet address
[   22.790208] PM: Cannot get wkup_m3_ipc handle
[   22.898889] PM: Cannot get wkup_m3_ipc handle
[   22.958176] using random self ethernet address
[   22.962686] using random host ethernet address
[   23.700410] usb0: HOST MAC 1c:ba:8c:a2:ed:6c
[   23.704944] usb0: MAC 1c:ba:8c:a2:ed:70
[   23.709642] usb1: HOST MAC 1c:ba:8c:a2:ed:6c
[   23.714038] usb1: MAC 1c:ba:8c:a2:ed:6d
[[0;32m  OK  [0m] Started LSB: Load kernel modules needed to enable cpufreq scaling.
[[0;32m  OK  [0m] Started Connection service.
[[0;32m  OK  [0m] Started Login Service.
         Starting Hostname Service...
         Starting WPA supplicant...
[[0;32m  OK  [0m] Reached target Sound Card.
         Starting LSB: set CPUFreq kernel parameters...
[[0;32m  OK  [0m] Started WPA supplicant.
[[0;32m  OK  [0m] Started Hostname Service.
         Stopping LSB: Start busybox udhcpd at boot time...
[[0;32m  OK  [0m] Reached target Network.
         Starting OpenBSD Secure Shell server...
         Starting The Apache HTTP Server...
[[0;32m  OK  [0m] Reached target Network is Online.
         Starting LSB: Advanced IEEE 802.11 management daemon...
         Starting Permit User Sessions...
[[0;32m  OK  [0m] Started LSB: set CPUFreq kernel parameters.
[[0;32m  OK  [0m] Started LSB: Advanced IEEE 802.11 management daemon.
[[0;32m  OK  [0m] Started Permit User Sessions.
[[0;32m  OK  [0m] Started Getty on tty1.
[[0;32m  OK  [0m] Started Serial Getty on ttyS0.
[[0;32m  OK  [0m] Reached target Login Prompts.
[[0;32m  OK  [0m] Stopped LSB: Start busybox udhcpd at boot time.
[[0;32m  OK  [0m] Started OpenBSD Secure Shell server.
         Starting dnsmasq - A lightweight DHCP and caching DNS server...
[[0;32m  OK  [0m] Started The Apache HTTP Server.
[[0;32m  OK  [0m] Started dnsmasq - A lightweight DHCP and caching DNS server.
[[0;32m  OK  [0m] Reached target Host and Network Name Lookups.
[[0;32m  OK  [0m] Started Serial Getty on ttyGS0.
[[0;32m  OK  [0m] Started Generic Board Startup.
[[0;32m  OK  [0m] Reached target Multi-User System.
[[0;32m  OK  [0m] Reached target Graphical Interface.
         Starting Update UTMP about System Runlevel Changes...
[[0;32m  OK  [0m] Started Update UTMP about System Runlevel Changes.

Debian GNU/Linux 9 arm ttyS0

default username:password is [debian:temppwd]

arm login: roo
Password: 
Last login: Sat Jan  1 00:00:39 UTC 2000 on ttyS0
root
Linux arm 5.15.185 #1 SMP Wed Jun 4 16:48:02 EEST 2025 armv7l

The programs included with the Debian GNU/Linux system are free software;
the exact distribution terms for each program are described in the
individual files in /usr/share/doc/*/copyright.

Debian GNU/Linux comes with ABSOLUTELY NO WARRANTY, to the extent
permitted by applicable law.
root@arm:~# root
-bash: root: command not found
root@arm:~# dmesg -n 1
root@arm:~# echo 'BEXN''JETZBO'
BEXNJETZBO
root@arm:~# run() { echo -n "$MARKER"; sh -c "$@"; echo "$MARKER $?"; }
root@arm:~# echo 'BYBV''FSVGWC'
BYBVFSVGWC
root@arm:~# MARKER='AUXV''CZTYJB' run 'cat /proc/version'
AUXVCZTYJBLinux version 5.15.185 (user01@drvtest01) (arm-none-eabi-gcc (Arm GNU Toolchain 14.2.Rel1 (Build arm-14.52)) 14.2.1 20241119, GNU ld (Arm GNU Toolchain 14.2.Rel1 (Build arm-14.52)) 2.43.1.20241119) #1 SMP Wed Jun 4 16:48:02 EEST 2025
AUXVCZTYJB 0
root@arm:~# echo 'GOOY''BBPZKT'
GOOYBBPZKT
root@arm:~# MARKER='THKH''QXXKNC' run false
THKHQXXKNCTHKHQXXKNC 1
root@arm:~# Labgrid Console Logfile for main
Logfile started at 2025-06-04 17:01:26.527763
=== Log starts here ===

root@arm:~# run() { echo -n "$MARKER"; sh -c "$@"; echo "$MARKER $?"; }
root@arm:~# echo 'VOZE''XPXPZT'
VOZEXPXPZT
root@arm:~# MARKER='JKOA''CNYVQK' run 'ls /iio_generic_buffer; echo $?'
JKOACNYVQK/iio_generic_buffer
0
JKOACNYVQK 0
root@arm:~# Labgrid Console Logfile for main
Logfile started at 2025-06-04 17:01:29.972584
=== Log starts here ===

root@arm:~# run() { echo -n "$MARKER"; sh -c "$@"; echo "$MARKER $?"; }
root@arm:~# echo 'GPKC''ZOSNEP'
GPKCZOSNEP
root@arm:~# MARKER='EJHS''CPEZUH' run dmesg
EJHSCPEZUH[    0.000000] Booting Linux on physical CPU 0x0
[    0.000000] Linux version 5.15.185 (user01@drvtest01) (arm-none-eabi-gcc (Arm GNU Toolchain 14.2.Rel1 (Build arm-14.52)) 14.2.1 20241119, GNU ld (Arm GNU Toolchain 14.2.Rel1 (Build arm-14.52)) 2.43.1.20241119) #1 SMP Wed Jun 4 16:48:02 EEST 2025
[    0.000000] CPU: ARMv7 Processor [413fc082] revision 2 (ARMv7), cr=10c5387d
[    0.000000] CPU: PIPT / VIPT nonaliasing data cache, VIPT aliasing instruction cache
[    0.000000] OF: fdt: Machine model: TI AM335x BeagleBone Black
[    0.000000] Memory policy: Data cache writeback
[    0.000000] cma: Reserved 16 MiB at 0x9e800000
[    0.000000] Zone ranges:
[    0.000000]   Normal   [mem 0x0000000080000000-0x000000009fdfffff]
[    0.000000]   HighMem  empty
[    0.000000] Movable zone start for each node
[    0.000000] Early memory node ranges
[    0.000000]   node   0: [mem 0x0000000080000000-0x000000009fdfffff]
[    0.000000] Initmem setup node 0 [mem 0x0000000080000000-0x000000009fdfffff]
[    0.000000] CPU: All CPU(s) started in SVC mode.
[    0.000000] AM335X ES2.1 (sgx neon)
[    0.000000] percpu: Embedded 16 pages/cpu s33804 r8192 d23540 u65536
[    0.000000] pcpu-alloc: s33804 r8192 d23540 u65536 alloc=16*4096
[    0.000000] pcpu-alloc: [0] 0 
[    0.000000] Built 1 zonelists, mobility grouping on.  Total pages: 129412
[    0.000000] Kernel command line: console=ttyO0,115200n8 root=/dev/nfs rw nfsroot=192.168.255.126:/home/user01/nfs,nfsvers=3 ip=192.168.255.1:192.168.255.126::255.255.255.0:bbb1:eth0 nfsrootdebug
[    0.000000] Unknown kernel command line parameters "nfsrootdebug", will be passed to user space.
[    0.000000] Dentry cache hash table entries: 65536 (order: 6, 262144 bytes, linear)
[    0.000000] Inode-cache hash table entries: 32768 (order: 5, 131072 bytes, linear)
[    0.000000] mem auto-init: stack:off, heap alloc:off, heap free:off
[    0.000000] Memory: 484756K/522240K available (10240K kernel code, 1079K rwdata, 2392K rodata, 1024K init, 242K bss, 21100K reserved, 16384K cma-reserved, 0K highmem)
[    0.000000] trace event string verifier disabled
[    0.000000] rcu: Hierarchical RCU implementation.
[    0.000000] rcu: 	RCU event tracing is enabled.
[    0.000000] rcu: 	RCU restricting CPUs from NR_CPUS=2 to nr_cpu_ids=1.
[    0.000000] rcu: RCU calculated value of scheduler-enlistment delay is 10 jiffies.
[    0.000000] rcu: Adjusting geometry for rcu_fanout_leaf=16, nr_cpu_ids=1
[    0.000000] NR_IRQS: 16, nr_irqs: 16, preallocated irqs: 16
[    0.000000] IRQ: Found an INTC at 0x(ptrval) (revision 5.0) with 128 interrupts
[    0.000000] TI gptimer clocksource: always-on /ocp/interconnect@44c00000/segment@200000/target-module@31000
[    0.000002] sched_clock: 32 bits at 24MHz, resolution 41ns, wraps every 89478484971ns
[    0.000028] clocksource: dmtimer: mask: 0xffffffff max_cycles: 0xffffffff, max_idle_ns: 79635851949 ns
[    0.000452] TI gptimer clockevent: 24000000 Hz at /ocp/interconnect@48000000/segment@0/target-module@40000
[    0.002294] Console: colour dummy device 80x30
[    0.002353] WARNING: Your 'console=ttyO0' has been replaced by 'ttyS0'
[    0.002365] This ensures that you still see kernel messages. Please
[    0.002373] update your kernel commandline.
[    0.002422] Calibrating delay loop... 996.14 BogoMIPS (lpj=4980736)
[    0.090569] CPU: Testing write buffer coherency: ok
[    0.090662] CPU0: Spectre v2: using BPIALL workaround
[    0.090675] pid_max: default: 32768 minimum: 301
[    0.090815] LSM: Security Framework initializing
[    0.090995] Mount-cache hash table entries: 1024 (order: 0, 4096 bytes, linear)
[    0.091023] Mountpoint-cache hash table entries: 1024 (order: 0, 4096 bytes, linear)
[    0.092588] CPU0: thread -1, cpu 0, socket -1, mpidr 0
[    0.093618] Setting up static identity map for 0x80100000 - 0x80100078
[    0.093847] rcu: Hierarchical SRCU implementation.
[    0.095042] smp: Bringing up secondary CPUs ...
[    0.095070] smp: Brought up 1 node, 1 CPU
[    0.095084] SMP: Total of 1 processors activated (996.14 BogoMIPS).
[    0.095097] CPU: All CPU(s) started in SVC mode.
[    0.095854] devtmpfs: initialized
[    0.110103] VFP support v0.3: implementor 41 architecture 3 part 30 variant c rev 3
[    0.110443] clocksource: jiffies: mask: 0xffffffff max_cycles: 0xffffffff, max_idle_ns: 19112604462750000 ns
[    0.110480] futex hash table entries: 256 (order: 2, 16384 bytes, linear)
[    0.111941] pinctrl core: initialized pinctrl subsystem
[    0.113854] NET: Registered PF_NETLINK/PF_ROUTE protocol family
[    0.116625] DMA: preallocated 256 KiB pool for atomic coherent allocations
[    0.117205] audit: initializing netlink subsys (disabled)
[    0.118381] thermal_sys: Registered thermal governor 'fair_share'
[    0.118400] thermal_sys: Registered thermal governor 'step_wise'
[    0.118416] thermal_sys: Registered thermal governor 'user_space'
[    0.118771] cpuidle: using governor menu
[    0.134977] No ATAGs?
[    0.135016] hw-breakpoint: debug architecture 0x4 unsupported.
[    0.143072] kprobes: kprobe jump-optimization is enabled. All kprobes are optimized if possible.
[    0.143415] audit: type=2000 audit(0.110:1): state=initialized audit_enabled=0 res=1
[    0.148209] reg-fixed-voltage fixedregulator0: GPIO lookup for consumer (null)
[    0.148237] reg-fixed-voltage fixedregulator0: using device tree for GPIO lookup
[    0.148267] of_get_named_gpiod_flags: can't parse 'gpios' property of node '/fixedregulator0[0]'
[    0.148305] of_get_named_gpiod_flags: can't parse 'gpio' property of node '/fixedregulator0[0]'
[    0.148328] reg-fixed-voltage fixedregulator0: using lookup tables for GPIO lookup
[    0.148338] reg-fixed-voltage fixedregulator0: No GPIO consumer (null) found
[    0.149435] iommu: Default domain type: Translated 
[    0.149462] iommu: DMA domain TLB invalidation policy: strict mode 
[    0.150862] vgaarb: loaded
[    0.151392] SCSI subsystem initialized
[    0.151788] libata version 3.00 loaded.
[    0.152109] pps_core: LinuxPPS API ver. 1 registered
[    0.152130] pps_core: Software ver. 5.3.6 - Copyright 2005-2007 Rodolfo Giometti <giometti@linux.it>
[    0.152158] PTP clock support registered
[    0.153481] clocksource: Switched to clocksource dmtimer
[    0.198669] VFS: Disk quotas dquot_6.6.0
[    0.198791] VFS: Dquot-cache hash table entries: 1024 (order 0, 4096 bytes)
[    0.262316] NET: Registered PF_INET protocol family
[    0.262647] IP idents hash table entries: 8192 (order: 4, 65536 bytes, linear)
[    0.263679] tcp_listen_portaddr_hash hash table entries: 512 (order: 0, 4096 bytes, linear)
[    0.263731] Table-perturb hash table entries: 65536 (order: 6, 262144 bytes, linear)
[    0.263756] TCP established hash table entries: 4096 (order: 2, 16384 bytes, linear)
[    0.263806] TCP bind hash table entries: 4096 (order: 3, 32768 bytes, linear)
[    0.263869] TCP: Hash tables configured (established 4096 bind 4096)
[    0.263994] UDP hash table entries: 256 (order: 1, 8192 bytes, linear)
[    0.264024] UDP-Lite hash table entries: 256 (order: 1, 8192 bytes, linear)
[    0.264210] NET: Registered PF_UNIX/PF_LOCAL protocol family
[    0.285622] RPC: Registered named UNIX socket transport module.
[    0.285660] RPC: Registered udp transport module.
[    0.285669] RPC: Registered tcp transport module.
[    0.285678] RPC: Registered tcp NFSv4.1 backchannel transport module.
[    0.285701] PCI: CLS 0 bytes, default 64
[    0.287074] Initialise system trusted keyrings
[    0.287985] workingset: timestamp_bits=14 max_order=17 bucket_order=3
[    0.289202] NFS: Registering the id_resolver key type
[    0.289306] Key type id_resolver registered
[    0.289318] Key type id_legacy registered
[    0.289373] jffs2: version 2.2. (NAND) (SUMMARY)  Â© 2001-2006 Red Hat, Inc.
[    0.289748] Key type asymmetric registered
[    0.289770] Asymmetric key parser 'x509' registered
[    0.289834] io scheduler mq-deadline registered
[    0.289849] io scheduler kyber registered
[    0.293374] Serial: 8250/16550 driver, 6 ports, IRQ sharing enabled
[    0.317407] brd: module loaded
[    0.342873] loop: module loaded
[    0.343904] mtdoops: mtd device (mtddev=name/number) must be supplied
[    0.345116] mdio_bus fixed-0: GPIO lookup for consumer reset
[    0.345140] mdio_bus fixed-0: using lookup tables for GPIO lookup
[    0.345150] mdio_bus fixed-0: No GPIO consumer reset found
[    0.346142] i2c_dev: i2c /dev entries driver
[    0.347019] cpuidle: enable-method property 'ti,am3352' found operations
[    0.347410] sdhci: Secure Digital Host Controller Interface driver
[    0.347425] sdhci: Copyright(c) Pierre Ossman
[    0.347590] sdhci-pltfm: SDHCI platform and OF driver helper
[    0.347854] ledtrig-cpu: registered to indicate activity on CPUs
[    0.348408] Initializing XFRM netlink socket
[    0.348626] NET: Registered PF_INET6 protocol family
[    0.350141] Segment Routing with IPv6
[    0.350227] In-situ OAM (IOAM) with IPv6
[    0.350326] sit: IPv6, IPv4 and MPLS over IPv4 tunneling driver
[    0.351118] NET: Registered PF_PACKET protocol family
[    0.351169] NET: Registered PF_KEY protocol family
[    0.351310] Key type dns_resolver registered
[    0.351412] ThumbEE CPU extension supported.
[    0.351434] Registering SWP/SWPB emulation handler
[    0.351940] omap_voltage_late_init: Voltage driver support not added
[    0.352282] SmartReflex Class3 initialized
[    0.353056] Loading compiled-in X.509 certificates
[    0.385510] pinctrl-single 44e10800.pinmux: 142 pins, size 568
[    0.389735] ti-sysc: probe of 44e31000.target-module failed with error -16
[    0.432034] ti-sysc: probe of 48040000.target-module failed with error -16
[    0.442092] gpio gpiochip0: (gpio-0-31): created GPIO range 0->7 ==> 44e10800.pinmux PIN 0->7
[    0.442134] gpio gpiochip0: (gpio-0-31): created GPIO range 8->11 ==> 44e10800.pinmux PIN 90->93
[    0.442151] gpio gpiochip0: (gpio-0-31): created GPIO range 12->27 ==> 44e10800.pinmux PIN 12->27
[    0.442167] gpio gpiochip0: (gpio-0-31): created GPIO range 28->31 ==> 44e10800.pinmux PIN 30->33
[    0.454820] gpio gpiochip0: (gpio-0-31): added GPIO chardev (254:0)
[    0.454972] gpio gpiochip0: registered GPIOs 0 to 31 on gpio-0-31
[    0.455055] OMAP GPIO hardware version 0.1
[    0.485560] i2c i2c-2: GPIO lookup for consumer scl
[    0.485596] i2c i2c-2: using device tree for GPIO lookup
[    0.485625] of_get_named_gpiod_flags: can't parse 'scl-gpios' property of node '/ocp/interconnect@48000000/segment@100000/target-module@9c000/i2c@0[0]'
[    0.485673] of_get_named_gpiod_flags: can't parse 'scl-gpio' property of node '/ocp/interconnect@48000000/segment@100000/target-module@9c000/i2c@0[0]'
[    0.485715] i2c i2c-2: using lookup tables for GPIO lookup
[    0.485725] i2c i2c-2: No GPIO consumer scl found
[    0.485746] i2c i2c-2: GPIO lookup for consumer sda
[    0.485755] i2c i2c-2: using device tree for GPIO lookup
[    0.485769] of_get_named_gpiod_flags: can't parse 'sda-gpios' property of node '/ocp/interconnect@48000000/segment@100000/target-module@9c000/i2c@0[0]'
[    0.485809] of_get_named_gpiod_flags: can't parse 'sda-gpio' property of node '/ocp/interconnect@48000000/segment@100000/target-module@9c000/i2c@0[0]'
[    0.485845] i2c i2c-2: using lookup tables for GPIO lookup
[    0.485853] i2c i2c-2: No GPIO consumer sda found
[    0.486507] omap_i2c 4819c000.i2c: bus 2 rev0.11 at 100 kHz
[    0.491675] gpio gpiochip1: (gpio-32-63): created GPIO range 0->17 ==> 44e10800.pinmux PIN 34->51
[    0.491713] gpio gpiochip1: (gpio-32-63): created GPIO range 18->21 ==> 44e10800.pinmux PIN 77->80
[    0.491731] gpio gpiochip1: (gpio-32-63): created GPIO range 22->31 ==> 44e10800.pinmux PIN 56->65
[    0.505366] gpio gpiochip1: (gpio-32-63): added GPIO chardev (254:1)
[    0.505496] gpio gpiochip1: registered GPIOs 32 to 63 on gpio-32-63
[    0.507594] gpio gpiochip2: (gpio-64-95): created GPIO range 0->4 ==> 44e10800.pinmux PIN 66->70
[    0.507627] gpio gpiochip2: (gpio-64-95): created GPIO range 5->6 ==> 44e10800.pinmux PIN 98->99
[    0.507644] gpio gpiochip2: (gpio-64-95): created GPIO range 7->8 ==> 44e10800.pinmux PIN 75->76
[    0.507660] gpio gpiochip2: (gpio-64-95): created GPIO range 13->13 ==> 44e10800.pinmux PIN 141->141
[    0.507677] gpio gpiochip2: (gpio-64-95): created GPIO range 14->21 ==> 44e10800.pinmux PIN 100->107
[    0.508097] gpio gpiochip2: (gpio-64-95): added GPIO chardev (254:2)
[    0.508215] gpio gpiochip2: registered GPIOs 64 to 95 on gpio-64-95
[    0.525276] mdio_bus 4a101000.mdio: GPIO lookup for consumer reset
[    0.525312] mdio_bus 4a101000.mdio: using device tree for GPIO lookup
[    0.525337] of_get_named_gpiod_flags: can't parse 'reset-gpios' property of node '/ocp/interconnect@4a000000/segment@0/target-module@100000/switch@0/mdio@1000[0]'
[    0.525388] of_get_named_gpiod_flags: can't parse 'reset-gpio' property of node '/ocp/interconnect@4a000000/segment@0/target-module@100000/switch@0/mdio@1000[0]'
[    0.525436] mdio_bus 4a101000.mdio: using lookup tables for GPIO lookup
[    0.525446] mdio_bus 4a101000.mdio: No GPIO consumer reset found
[    0.526377] sdhci-omap 481d8000.mmc: GPIO lookup for consumer wp
[    0.526402] sdhci-omap 481d8000.mmc: using device tree for GPIO lookup
[    0.526422] of_get_named_gpiod_flags: can't parse 'wp-gpios' property of node '/ocp/interconnect@48000000/segment@100000/target-module@d8000/mmc@0[0]'
[    0.526471] of_get_named_gpiod_flags: can't parse 'wp-gpio' property of node '/ocp/interconnect@48000000/segment@100000/target-module@d8000/mmc@0[0]'
[    0.526509] sdhci-omap 481d8000.mmc: using lookup tables for GPIO lookup
[    0.526520] sdhci-omap 481d8000.mmc: No GPIO consumer wp found
[    0.526694] sdhci-omap 481d8000.mmc: supply vqmmc not found, using dummy regulator
[    0.587097] davinci_mdio 4a101000.mdio: davinci mdio revision 1.6, bus freq 1000000
[    0.607542] mdio_bus 4a101000.mdio:00: GPIO lookup for consumer reset
[    0.607569] mdio_bus 4a101000.mdio:00: using device tree for GPIO lookup
[    0.607594] of_get_named_gpiod_flags: can't parse 'reset-gpios' property of node '/ocp/interconnect@4a000000/segment@0/target-module@100000/switch@0/mdio@1000/ethernet-phy@0[0]'
[    0.607665] of_get_named_gpiod_flags: can't parse 'reset-gpio' property of node '/ocp/interconnect@4a000000/segment@0/target-module@100000/switch@0/mdio@1000/ethernet-phy@0[0]'
[    0.607717] mdio_bus 4a101000.mdio:00: using lookup tables for GPIO lookup
[    0.607727] mdio_bus 4a101000.mdio:00: No GPIO consumer reset found
[    0.634356] davinci_mdio 4a101000.mdio: phy[0]: device 4a101000.mdio:00, driver SMSC LAN8710/LAN8720
[    0.634846] cpsw-switch 4a100000.switch: initialized cpsw ale version 1.4
[    0.634874] cpsw-switch 4a100000.switch: ALE Table size 1024
[    0.634997] cpsw-switch 4a100000.switch: cpts: overflow check period 500 (jiffies)
[    0.635017] cpsw-switch 4a100000.switch: CPTS: ref_clk_freq:250000000 calc_mult:2147483648 calc_shift:29 error:0 nsec/sec
[    0.635108] cpsw-switch 4a100000.switch: Detected MACID = 6c:ec:eb:68:de:78
[    0.636684] cpsw-switch 4a100000.switch: initialized (regs 0x4a100000, pool size 256) hw_ver:0019010C 1.12 (0)
[    0.645908] debugfs: Directory '49000000.dma' with parent 'dmaengine' already present!
[    0.645965] edma 49000000.dma: TI EDMA DMA engine driver
[    0.693743] hw perfevents: enabled with armv7_cortex_a8 PMU driver, 5 counters available
[    0.694255] gpio-clk clk_mcasp0: GPIO lookup for consumer enable
[    0.694277] gpio-clk clk_mcasp0: using device tree for GPIO lookup
[    0.694315] of_get_named_gpiod_flags: parsed 'enable-gpios' property of node '/clk_mcasp0[0]' - status (0)
[    0.694424] gpio gpiochip0: Persistence not supported for GPIO 27
[    0.695158] gpio gpiochip3: (gpio-96-127): created GPIO range 0->7 ==> 44e10800.pinmux PIN 82->89
[    0.695188] gpio gpiochip3: (gpio-96-127): created GPIO range 8->11 ==> 44e10800.pinmux PIN 52->55
[    0.695205] gpio gpiochip3: (gpio-96-127): created GPIO range 12->15 ==> 44e10800.pinmux PIN 94->97
[    0.695222] gpio gpiochip3: (gpio-96-127): created GPIO range 16->17 ==> 44e10800.pinmux PIN 71->72
[    0.695238] gpio gpiochip3: (gpio-96-127): created GPIO range 18->18 ==> 44e10800.pinmux PIN 135->135
[    0.695255] gpio gpiochip3: (gpio-96-127): created GPIO range 19->20 ==> 44e10800.pinmux PIN 108->109
[    0.695272] gpio gpiochip3: (gpio-96-127): created GPIO range 21->21 ==> 44e10800.pinmux PIN 73->73
[    0.695290] gpio gpiochip3: (gpio-96-127): created GPIO range 22->23 ==> 44e10800.pinmux PIN 8->9
[    0.695308] gpio gpiochip3: (gpio-96-127): created GPIO range 26->27 ==> 44e10800.pinmux PIN 10->11
[    0.695327] gpio gpiochip3: (gpio-96-127): created GPIO range 28->28 ==> 44e10800.pinmux PIN 74->74
[    0.695346] gpio gpiochip3: (gpio-96-127): created GPIO range 29->29 ==> 44e10800.pinmux PIN 81->81
[    0.695365] gpio gpiochip3: (gpio-96-127): created GPIO range 30->31 ==> 44e10800.pinmux PIN 28->29
[    0.700603] l3-aon-clkctrl:0000:0: failed to disable
[    0.700854] gpio gpiochip3: (gpio-96-127): added GPIO chardev (254:3)
[    0.700969] gpio gpiochip3: registered GPIOs 96 to 127 on gpio-96-127
[    0.702344] omap8250 44e09000.serial: GPIO lookup for consumer rs485-term
[    0.702370] omap8250 44e09000.serial: using device tree for GPIO lookup
[    0.702393] of_get_named_gpiod_flags: can't parse 'rs485-term-gpios' property of node '/ocp/interconnect@44c00000/segment@200000/target-module@9000/serial@0[0]'
[    0.702446] of_get_named_gpiod_flags: can't parse 'rs485-term-gpio' property of node '/ocp/interconnect@44c00000/segment@200000/target-module@9000/serial@0[0]'
[    0.702489] omap8250 44e09000.serial: using lookup tables for GPIO lookup
[    0.702499] omap8250 44e09000.serial: No GPIO consumer rs485-term found
[    0.702543] 44e09000.serial: ttyS0 at MMIO 0x44e09000 (irq = 18, base_baud = 3000000) is a 8250
[    1.843905] printk: console [ttyS0] enabled
[    1.850342] i2c i2c-0: GPIO lookup for consumer scl
[    1.850373] i2c i2c-0: using device tree for GPIO lookup
[    1.850399] of_get_named_gpiod_flags: can't parse 'scl-gpios' property of node '/ocp/interconnect@44c00000/segment@200000/target-module@b000/i2c@0[0]'
[    1.850446] of_get_named_gpiod_flags: can't parse 'scl-gpio' property of node '/ocp/interconnect@44c00000/segment@200000/target-module@b000/i2c@0[0]'
[    1.850487] i2c i2c-0: using lookup tables for GPIO lookup
[    1.850497] i2c i2c-0: No GPIO consumer scl found
[    1.850519] i2c i2c-0: GPIO lookup for consumer sda
[    1.850528] i2c i2c-0: using device tree for GPIO lookup
[    1.850542] of_get_named_gpiod_flags: can't parse 'sda-gpios' property of node '/ocp/interconnect@44c00000/segment@200000/target-module@b000/i2c@0[0]'
[    1.850582] of_get_named_gpiod_flags: can't parse 'sda-gpio' property of node '/ocp/interconnect@44c00000/segment@200000/target-module@b000/i2c@0[0]'
[    1.850618] i2c i2c-0: using lookup tables for GPIO lookup
[    1.850627] i2c i2c-0: No GPIO consumer sda found
[    1.874269] tps65217-pmic: Failed to locate of_node [id: -1]
[    1.889350] tps65217-bl: Failed to locate of_node [id: -1]
[    1.897810] tps65217 0-0024: TPS65217 ID 0xe version 1.2
[    1.903791] i2c 0-0070: Fixing up cyclic dependency with 4830e000.lcdc
[    1.910658] omap_i2c 44e0b000.i2c: bus 0 rev0.11 at 400 kHz
[    1.917889] sdhci-omap 48060000.mmc: GPIO lookup for consumer cd
[    1.917917] sdhci-omap 48060000.mmc: using device tree for GPIO lookup
[    1.917959] of_get_named_gpiod_flags: parsed 'cd-gpios' property of node '/ocp/interconnect@48000000/segment@0/target-module@60000/mmc@0[0]' - status (0)
[    1.918075] gpio gpiochip3: Persistence not supported for GPIO 6
[    1.918097] omap_gpio 44e07000.gpio: Could not set line 6 debounce to 200000 microseconds (-22)
[    1.926937] sdhci-omap 48060000.mmc: Got CD GPIO
[    1.931581] sdhci-omap 48060000.mmc: GPIO lookup for consumer wp
[    1.931590] sdhci-omap 48060000.mmc: using device tree for GPIO lookup
[    1.931608] of_get_named_gpiod_flags: can't parse 'wp-gpios' property of node '/ocp/interconnect@48000000/segment@0/target-module@60000/mmc@0[0]'
[    1.931653] of_get_named_gpiod_flags: can't parse 'wp-gpio' property of node '/ocp/interconnect@48000000/segment@0/target-module@60000/mmc@0[0]'
[    1.931692] sdhci-omap 48060000.mmc: using lookup tables for GPIO lookup
[    1.931702] sdhci-omap 48060000.mmc: No GPIO consumer wp found
[    1.931888] sdhci-omap 48060000.mmc: supply vqmmc not found, using dummy regulator
[    1.940552] sdhci-omap 481d8000.mmc: GPIO lookup for consumer wp
[    1.940578] sdhci-omap 481d8000.mmc: using device tree for GPIO lookup
[    1.940599] of_get_named_gpiod_flags: can't parse 'wp-gpios' property of node '/ocp/interconnect@48000000/segment@100000/target-module@d8000/mmc@0[0]'
[    1.940652] of_get_named_gpiod_flags: can't parse 'wp-gpio' property of node '/ocp/interconnect@48000000/segment@100000/target-module@d8000/mmc@0[0]'
[    1.940690] sdhci-omap 481d8000.mmc: using lookup tables for GPIO lookup
[    1.940700] sdhci-omap 481d8000.mmc: No GPIO consumer wp found
[    1.944152] sdhci-omap 481d8000.mmc: supply vqmmc not found, using dummy regulator
[    1.976759] mmc0: SDHCI controller on 48060000.mmc [48060000.mmc] using External DMA
[    1.984810] mmc1: SDHCI controller on 481d8000.mmc [481d8000.mmc] using External DMA
[    1.993263] cpsw-switch 4a100000.switch: starting ndev. mode: dual_mac
[    2.037585] mmc0: new high speed SDHC card at address 5048
[    2.044365] mmcblk0: mmc0:5048 SD16G 14.4 GiB 
[    2.052085]  mmcblk0: p1 p2
[    2.055302] mmcblk0: p2 size 31221760 extends beyond EOD, truncated
[    2.065426] SMSC LAN8710/LAN8720 4a101000.mdio:00: attached PHY driver (mii_bus:phy_addr=4a101000.mdio:00, irq=POLL)
[    2.094306] mmc1: new high speed MMC card at address 0001
[    2.100855] mmcblk1: mmc1:0001 MMC04G 3.60 GiB 
[    2.108098]  mmcblk1: p1 p2
[    2.112091] mmcblk1boot0: mmc1:0001 MMC04G 2.00 MiB 
[    2.119213] mmcblk1boot1: mmc1:0001 MMC04G 2.00 MiB 
[    2.126076] mmcblk1rpmb: mmc1:0001 MMC04G 128 KiB, chardev (250:0)
[    5.204214] cpsw-switch 4a100000.switch eth0: Link is Up - 100Mbps/Full - flow control off
[    5.223530] IPv6: ADDRCONF(NETDEV_CHANGE): eth0: link becomes ready
[    5.253481] IP-Config: Complete:
[    5.256744]      device=eth0, hwaddr=6c:ec:eb:68:de:78, ipaddr=192.168.255.1, mask=255.255.255.0, gw=255.255.255.255
[    5.267351]      host=bbb1, domain=, nis-domain=(none)
[    5.272514]      bootserver=192.168.255.126, rootserver=192.168.255.126, rootpath=
[    5.272892] clk: Disabling unused clocks
[    5.284745] TAP version 14
[    5.287471] 1..0
[    5.310561] VFS: Mounted root (nfs filesystem) on device 0:16.
[    5.317437] devtmpfs: mounted
[    5.321727] Freeing unused kernel image (initmem) memory: 1024K
[    5.328437] Run /sbin/init as init process
[    5.332563]   with arguments:
[    5.332573]     /sbin/init
[    5.332580]     nfsrootdebug
[    5.332587]   with environment:
[    5.332592]     HOME=/
[    5.332599]     TERM=linux
[    6.011268] systemd[1]: System time before build time, advancing clock.
[    6.211800] random: systemd: uninitialized urandom read (16 bytes read)
[    6.223929] random: systemd: uninitialized urandom read (16 bytes read)
[    6.234470] systemd[1]: systemd 232 running in system mode. (+PAM +AUDIT +SELINUX +IMA +APPARMOR +SMACK +SYSVINIT +UTMP +LIBCRYPTSETUP +GCRYPT +GNUTLS +ACL +XZ +LZ4 +SECCOMP +BLKID +ELFUTILS +KMOD +IDN)
[    6.253806] systemd[1]: Detected architecture arm.
[    6.296110] systemd[1]: Set hostname to <arm>.
[    6.682056] random: systemd-cryptse: uninitialized urandom read (16 bytes read)
[    7.214311] random: systemd: uninitialized urandom read (16 bytes read)
[    7.221150] random: systemd: uninitialized urandom read (16 bytes read)
[    7.231471] random: systemd: uninitialized urandom read (16 bytes read)
[    7.289884] systemd[1]: Started Forward Password Requests to Wall Directory Watch.
[    7.335361] systemd[1]: Listening on Journal Socket (/dev/log).
[    7.373874] systemd[1]: Reached target Swap.
[    7.404581] systemd[1]: Listening on Journal Audit Socket.
[    7.445064] systemd[1]: Set up automount Arbitrary Executable File Formats File System Automount Point.
[    7.485402] systemd[1]: Listening on udev Control Socket.
[    7.524371] systemd[1]: Started Dispatch Password Requests to Console Directory Watch.
[    8.243020] random: systemd-journal: uninitialized urandom read (16 bytes read)
[    8.262306] random: systemd-journal: uninitialized urandom read (16 bytes read)
[    8.285753] random: systemd-journal: uninitialized urandom read (16 bytes read)
[    9.274019] random: systemd-udevd: uninitialized urandom read (16 bytes read)
[    9.551600] systemd-journald[93]: Received request to flush runtime journal from PID 1
[   11.673601] random: crng init done
[   11.677066] random: 406 urandom warning(s) missed due to ratelimiting
[   12.315598] of_get_named_gpiod_flags: parsed 'gpios' property of node '/leds/led2[0]' - status (0)
[   12.315685] gpio gpiochip0: Persistence not supported for GPIO 21
[   12.315697] gpio-21 (?): no flags found for gpios
[   12.315938] of_get_named_gpiod_flags: parsed 'gpios' property of node '/leds/led3[0]' - status (0)
[   12.315981] gpio gpiochip0: Persistence not supported for GPIO 22
[   12.315990] gpio-22 (?): no flags found for gpios
[   12.316164] of_get_named_gpiod_flags: parsed 'gpios' property of node '/leds/led4[0]' - status (0)
[   12.316197] gpio gpiochip0: Persistence not supported for GPIO 23
[   12.316207] gpio-23 (?): no flags found for gpios
[   12.316365] of_get_named_gpiod_flags: parsed 'gpios' property of node '/leds/led5[0]' - status (0)
[   12.316397] gpio gpiochip0: Persistence not supported for GPIO 24
[   12.316407] gpio-24 (?): no flags found for gpios
[   12.631807] remoteproc remoteproc0: wkup_m3 is available
[   12.885311] at24 2-0054: supply vcc not found, using dummy regulator
[   13.029466] at24 2-0055: supply vcc not found, using dummy regulator
[   13.206388] at24 2-0056: supply vcc not found, using dummy regulator
[   13.319359] at24 2-0057: supply vcc not found, using dummy regulator
[   13.394309] at24 0-0050: supply vcc not found, using dummy regulator
[   13.471901] at24 0-0050: GPIO lookup for consumer wp
[   13.471935] at24 0-0050: using device tree for GPIO lookup
[   13.471969] of_get_named_gpiod_flags: can't parse 'wp-gpios' property of node '/ocp/interconnect@44c00000/segment@200000/target-module@b000/i2c@0/baseboard_eeprom@50[0]'
[   13.472041] of_get_named_gpiod_flags: can't parse 'wp-gpio' property of node '/ocp/interconnect@44c00000/segment@200000/target-module@b000/i2c@0/baseboard_eeprom@50[0]'
[   13.472090] at24 0-0050: using lookup tables for GPIO lookup
[   13.472102] at24 0-0050: No GPIO consumer wp found
[   13.472356] at24 0-0050: 32768 byte 24c256 EEPROM, writable, 1 bytes/write
[   13.528005] tps6521x_pwrbutton tps65217-pwrbutton: DMA mask not set
[   13.599352] input: tps65217_pwrbutton as /devices/platform/ocp/44c00000.interconnect/44c00000.interconnect:segment@200000/44e0b000.target-module/44e0b000.i2c/i2c-0/0-0024/tps65217-pwrbutton/input/input0
[   13.658013] omap_rtc 44e3e000.rtc: registered as rtc0
[   13.663182] omap_rtc 44e3e000.rtc: setting system clock to 2000-01-01T00:00:00 UTC (946684800)
[   13.671963] omap_rtc 44e3e000.rtc: GPIO lookup for consumer wp
[   13.671977] omap_rtc 44e3e000.rtc: using device tree for GPIO lookup
[   13.672006] of_get_named_gpiod_flags: can't parse 'wp-gpios' property of node '/ocp/interconnect@44c00000/segment@200000/target-module@3e000/rtc@0[0]'
[   13.672068] of_get_named_gpiod_flags: can't parse 'wp-gpio' property of node '/ocp/interconnect@44c00000/segment@200000/target-module@3e000/rtc@0[0]'
[   13.672112] omap_rtc 44e3e000.rtc: using lookup tables for GPIO lookup
[   13.672123] omap_rtc 44e3e000.rtc: No GPIO consumer wp found
[   13.701182] omap_wdt: OMAP Watchdog Timer Rev 0x01: initial timeout 60 sec
[   13.837449] am335x-phy-driver 47401300.usb-phy: GPIO lookup for consumer reset
[   13.837491] am335x-phy-driver 47401300.usb-phy: using device tree for GPIO lookup
[   13.837521] of_get_named_gpiod_flags: can't parse 'reset-gpios' property of node '/ocp/target-module@47400000/usb-phy@1300[0]'
[   13.837575] of_get_named_gpiod_flags: can't parse 'reset-gpio' property of node '/ocp/target-module@47400000/usb-phy@1300[0]'
[   13.837608] am335x-phy-driver 47401300.usb-phy: using lookup tables for GPIO lookup
[   13.837619] am335x-phy-driver 47401300.usb-phy: No GPIO consumer reset found
[   13.837629] am335x-phy-driver 47401300.usb-phy: GPIO lookup for consumer vbus-detect
[   13.837638] am335x-phy-driver 47401300.usb-phy: using device tree for GPIO lookup
[   13.837653] of_get_named_gpiod_flags: can't parse 'vbus-detect-gpios' property of node '/ocp/target-module@47400000/usb-phy@1300[0]'
[   13.837684] of_get_named_gpiod_flags: can't parse 'vbus-detect-gpio' property of node '/ocp/target-module@47400000/usb-phy@1300[0]'
[   13.837711] am335x-phy-driver 47401300.usb-phy: using lookup tables for GPIO lookup
[   13.837720] am335x-phy-driver 47401300.usb-phy: No GPIO consumer vbus-detect found
[   13.837841] am335x-phy-driver 47401300.usb-phy: supply vcc not found, using dummy regulator
[   14.458727] am335x-phy-driver 47401b00.usb-phy: GPIO lookup for consumer reset
[   14.458766] am335x-phy-driver 47401b00.usb-phy: using device tree for GPIO lookup
[   14.458795] of_get_named_gpiod_flags: can't parse 'reset-gpios' property of node '/ocp/target-module@47400000/usb-phy@1b00[0]'
[   14.458841] of_get_named_gpiod_flags: can't parse 'reset-gpio' property of node '/ocp/target-module@47400000/usb-phy@1b00[0]'
[   14.458874] am335x-phy-driver 47401b00.usb-phy: using lookup tables for GPIO lookup
[   14.458885] am335x-phy-driver 47401b00.usb-phy: No GPIO consumer reset found
[   14.458895] am335x-phy-driver 47401b00.usb-phy: GPIO lookup for consumer vbus-detect
[   14.458905] am335x-phy-driver 47401b00.usb-phy: using device tree for GPIO lookup
[   14.458919] of_get_named_gpiod_flags: can't parse 'vbus-detect-gpios' property of node '/ocp/target-module@47400000/usb-phy@1b00[0]'
[   14.458949] of_get_named_gpiod_flags: can't parse 'vbus-detect-gpio' property of node '/ocp/target-module@47400000/usb-phy@1b00[0]'
[   14.458976] am335x-phy-driver 47401b00.usb-phy: using lookup tables for GPIO lookup
[   14.458986] am335x-phy-driver 47401b00.usb-phy: No GPIO consumer vbus-detect found
[   14.459107] am335x-phy-driver 47401b00.usb-phy: supply vcc not found, using dummy regulator
[   14.633290] usbcore: registered new interface driver usbfs
[   14.639043] usbcore: registered new interface driver hub
[   14.644513] usbcore: registered new device driver usb
[   15.291354] omap-mailbox 480c8000.mailbox: omap mailbox rev 0x400
[   15.309533] musb-hdrc musb-hdrc.1: MUSB HDRC host driver
[   15.315061] musb-hdrc musb-hdrc.1: new USB bus registered, assigned bus number 1
[   15.333287] remoteproc remoteproc0: powering up wkup_m3
[   15.465388] remoteproc remoteproc0: Direct firmware load for am335x-pm-firmware.elf failed with error -2
[   15.475061] remoteproc remoteproc0: request_firmware failed: -2
[   15.481016] wkup_m3_ipc 44e11324.wkup_m3_ipc: rproc_boot failed
[   15.500370] usb usb1: New USB device found, idVendor=1d6b, idProduct=0002, bcdDevice= 5.15
[   15.508814] usb usb1: New USB device strings: Mfr=3, Product=2, SerialNumber=1
[   15.516116] usb usb1: Product: MUSB HDRC host driver
[   15.521105] usb usb1: Manufacturer: Linux 5.15.185 musb-hcd
[   15.526724] usb usb1: SerialNumber: musb-hdrc.1
[   15.557795] tda998x 0-0070: found TDA19988
[   16.068134] hub 1-0:1.0: USB hub found
[   16.173036] hub 1-0:1.0: 1 port detected
[   17.493093] tilcdc 4830e000.lcdc: bound 0-0070 (ops tda998x_driver_exit [tda998x])
[   17.518402] omap_rng 48310000.rng: Random Number Generator ver. 20
[   17.695544] [drm] Initialized tilcdc 1.0.0 20121205 for 4830e000.lcdc on minor 0
[   17.849014] tilcdc 4830e000.lcdc: [drm] Cannot find any crtc or sizes
[   17.877119] tilcdc 4830e000.lcdc: [drm] Cannot find any crtc or sizes
[   18.285296] Bluetooth: Core ver 2.22
[   18.289075] NET: Registered PF_BLUETOOTH protocol family
[   18.294586] Bluetooth: HCI device and connection manager initialized
[   18.300998] Bluetooth: HCI socket layer initialized
[   18.305942] Bluetooth: L2CAP socket layer initialized
[   18.311050] Bluetooth: SCO socket layer initialized
[   18.954895] PM: Cannot get wkup_m3_ipc handle
[   19.034045] omap-aes 53500000.aes: OMAP AES hw accel rev: 3.2
[   19.187904] omap-sham 53100000.sham: hw accel on OMAP rev 4.3
[   19.251241] omap-aes 53500000.aes: will run requests pump with realtime priority
[   19.347835] omap-sham 53100000.sham: will run requests pump with realtime priority
[   19.489033] PM: Cannot get wkup_m3_ipc handle
[   19.637340] PM: Cannot get wkup_m3_ipc handle
[   22.430503] using random self ethernet address
[   22.435148] using random host ethernet address
[   22.790208] PM: Cannot get wkup_m3_ipc handle
[   22.795972] of_get_named_gpiod_flags: can't parse 'simple-audio-card,hp-det-gpio' property of node '/sound[0]'
[   22.796033] of_get_named_gpiod_flags: can't parse 'simple-audio-card,mic-det-gpio' property of node '/sound[0]'
[   22.898889] PM: Cannot get wkup_m3_ipc handle
[   22.958176] using random self ethernet address
[   22.962686] using random host ethernet address
[   23.353430] userial_init: registered 8 ttyGS* devices
[   23.595916] rndis_register: configNr = 0
[   23.699319] udc musb-hdrc.0: registering UDC driver [g_multi]
[   23.699414] configfs-gadget gadget: adding 'rndis'/dd7b9f94 to config 'c'/2e0ca3af
[   23.700410] usb0: HOST MAC 1c:ba:8c:a2:ed:6c
[   23.704944] usb0: MAC 1c:ba:8c:a2:ed:70
[   23.708849] rndis_set_param_medium: 0 0
[   23.708866] configfs-gadget gadget: RNDIS: dual speed IN/ep1in OUT/ep1out NOTIFY/ep2in
[   23.708880] configfs-gadget gadget: adding 'cdc_ethernet'/e8d0b870 to config 'c'/2e0ca3af
[   23.709642] usb1: HOST MAC 1c:ba:8c:a2:ed:6c
[   23.714038] usb1: MAC 1c:ba:8c:a2:ed:6d
[   23.717918] configfs-gadget gadget: CDC Ethernet: dual speed IN/ep3in OUT/ep2out NOTIFY/ep4in
[   23.717934] configfs-gadget gadget: adding 'acm'/92bc59fd to config 'c'/2e0ca3af
[   23.717962] configfs-gadget gadget: acm ttyGS0: dual speed IN/ep5in OUT/ep3out NOTIFY/ep6in
[   24.911450] usb1: eth_open
[   29.621247] gs_open: ttyGS0 (6de25270,11c8e5b0)
[   29.621384] gs_close: ttyGS0 (6de25270,11c8e5b0) ...
[   29.621403] gs_close: ttyGS0 (6de25270,11c8e5b0) done!
[   29.631344] gs_open: ttyGS0 (b66e7d98,ef02bec8)
[   29.631448] gs_close: ttyGS0 (b66e7d98,ef02bec8) ...
[   29.631464] gs_close: ttyGS0 (b66e7d98,ef02bec8) done!
[   29.735930] gs_open: ttyGS0 (9a0fe6b0,da42d1ed)
[   29.736143] gs_close: ttyGS0 (9a0fe6b0,da42d1ed) ...
[   29.736163] gs_close: ttyGS0 (9a0fe6b0,da42d1ed) done!
[   29.737008] gs_open: ttyGS0 (9a0fe6b0,0a8e97e6)
EJHSCPEZUH 0
root@arm:~# echo 'XYYL''HXKWOH'
XYYLHXKWOH
root@arm:~# MARKER='AUJA''CMPQVM' run 'modprobe test_linear_ranges'
AUJACMPQVMAUJACMPQVM 0
root@arm:~# echo 'PHEC''YAKFVT'
PHECYAKFVT
root@arm:~# MARKER='MQZM''ATZHMN' run dmesg
MQZMATZHMN[    0.000000] Booting Linux on physical CPU 0x0
[    0.000000] Linux version 5.15.185 (user01@drvtest01) (arm-none-eabi-gcc (Arm GNU Toolchain 14.2.Rel1 (Build arm-14.52)) 14.2.1 20241119, GNU ld (Arm GNU Toolchain 14.2.Rel1 (Build arm-14.52)) 2.43.1.20241119) #1 SMP Wed Jun 4 16:48:02 EEST 2025
[    0.000000] CPU: ARMv7 Processor [413fc082] revision 2 (ARMv7), cr=10c5387d
[    0.000000] CPU: PIPT / VIPT nonaliasing data cache, VIPT aliasing instruction cache
[    0.000000] OF: fdt: Machine model: TI AM335x BeagleBone Black
[    0.000000] Memory policy: Data cache writeback
[    0.000000] cma: Reserved 16 MiB at 0x9e800000
[    0.000000] Zone ranges:
[    0.000000]   Normal   [mem 0x0000000080000000-0x000000009fdfffff]
[    0.000000]   HighMem  empty
[    0.000000] Movable zone start for each node
[    0.000000] Early memory node ranges
[    0.000000]   node   0: [mem 0x0000000080000000-0x000000009fdfffff]
[    0.000000] Initmem setup node 0 [mem 0x0000000080000000-0x000000009fdfffff]
[    0.000000] CPU: All CPU(s) started in SVC mode.
[    0.000000] AM335X ES2.1 (sgx neon)
[    0.000000] percpu: Embedded 16 pages/cpu s33804 r8192 d23540 u65536
[    0.000000] pcpu-alloc: s33804 r8192 d23540 u65536 alloc=16*4096
[    0.000000] pcpu-alloc: [0] 0 
[    0.000000] Built 1 zonelists, mobility grouping on.  Total pages: 129412
[    0.000000] Kernel command line: console=ttyO0,115200n8 root=/dev/nfs rw nfsroot=192.168.255.126:/home/user01/nfs,nfsvers=3 ip=192.168.255.1:192.168.255.126::255.255.255.0:bbb1:eth0 nfsrootdebug
[    0.000000] Unknown kernel command line parameters "nfsrootdebug", will be passed to user space.
[    0.000000] Dentry cache hash table entries: 65536 (order: 6, 262144 bytes, linear)
[    0.000000] Inode-cache hash table entries: 32768 (order: 5, 131072 bytes, linear)
[    0.000000] mem auto-init: stack:off, heap alloc:off, heap free:off
[    0.000000] Memory: 484756K/522240K available (10240K kernel code, 1079K rwdata, 2392K rodata, 1024K init, 242K bss, 21100K reserved, 16384K cma-reserved, 0K highmem)
[    0.000000] trace event string verifier disabled
[    0.000000] rcu: Hierarchical RCU implementation.
[    0.000000] rcu: 	RCU event tracing is enabled.
[    0.000000] rcu: 	RCU restricting CPUs from NR_CPUS=2 to nr_cpu_ids=1.
[    0.000000] rcu: RCU calculated value of scheduler-enlistment delay is 10 jiffies.
[    0.000000] rcu: Adjusting geometry for rcu_fanout_leaf=16, nr_cpu_ids=1
[    0.000000] NR_IRQS: 16, nr_irqs: 16, preallocated irqs: 16
[    0.000000] IRQ: Found an INTC at 0x(ptrval) (revision 5.0) with 128 interrupts
[    0.000000] TI gptimer clocksource: always-on /ocp/interconnect@44c00000/segment@200000/target-module@31000
[    0.000002] sched_clock: 32 bits at 24MHz, resolution 41ns, wraps every 89478484971ns
[    0.000028] clocksource: dmtimer: mask: 0xffffffff max_cycles: 0xffffffff, max_idle_ns: 79635851949 ns
[    0.000452] TI gptimer clockevent: 24000000 Hz at /ocp/interconnect@48000000/segment@0/target-module@40000
[    0.002294] Console: colour dummy device 80x30
[    0.002353] WARNING: Your 'console=ttyO0' has been replaced by 'ttyS0'
[    0.002365] This ensures that you still see kernel messages. Please
[    0.002373] update your kernel commandline.
[    0.002422] Calibrating delay loop... 996.14 BogoMIPS (lpj=4980736)
[    0.090569] CPU: Testing write buffer coherency: ok
[    0.090662] CPU0: Spectre v2: using BPIALL workaround
[    0.090675] pid_max: default: 32768 minimum: 301
[    0.090815] LSM: Security Framework initializing
[    0.090995] Mount-cache hash table entries: 1024 (order: 0, 4096 bytes, linear)
[    0.091023] Mountpoint-cache hash table entries: 1024 (order: 0, 4096 bytes, linear)
[    0.092588] CPU0: thread -1, cpu 0, socket -1, mpidr 0
[    0.093618] Setting up static identity map for 0x80100000 - 0x80100078
[    0.093847] rcu: Hierarchical SRCU implementation.
[    0.095042] smp: Bringing up secondary CPUs ...
[    0.095070] smp: Brought up 1 node, 1 CPU
[    0.095084] SMP: Total of 1 processors activated (996.14 BogoMIPS).
[    0.095097] CPU: All CPU(s) started in SVC mode.
[    0.095854] devtmpfs: initialized
[    0.110103] VFP support v0.3: implementor 41 architecture 3 part 30 variant c rev 3
[    0.110443] clocksource: jiffies: mask: 0xffffffff max_cycles: 0xffffffff, max_idle_ns: 19112604462750000 ns
[    0.110480] futex hash table entries: 256 (order: 2, 16384 bytes, linear)
[    0.111941] pinctrl core: initialized pinctrl subsystem
[    0.113854] NET: Registered PF_NETLINK/PF_ROUTE protocol family
[    0.116625] DMA: preallocated 256 KiB pool for atomic coherent allocations
[    0.117205] audit: initializing netlink subsys (disabled)
[    0.118381] thermal_sys: Registered thermal governor 'fair_share'
[    0.118400] thermal_sys: Registered thermal governor 'step_wise'
[    0.118416] thermal_sys: Registered thermal governor 'user_space'
[    0.118771] cpuidle: using governor menu
[    0.134977] No ATAGs?
[    0.135016] hw-breakpoint: debug architecture 0x4 unsupported.
[    0.143072] kprobes: kprobe jump-optimization is enabled. All kprobes are optimized if possible.
[    0.143415] audit: type=2000 audit(0.110:1): state=initialized audit_enabled=0 res=1
[    0.148209] reg-fixed-voltage fixedregulator0: GPIO lookup for consumer (null)
[    0.148237] reg-fixed-voltage fixedregulator0: using device tree for GPIO lookup
[    0.148267] of_get_named_gpiod_flags: can't parse 'gpios' property of node '/fixedregulator0[0]'
[    0.148305] of_get_named_gpiod_flags: can't parse 'gpio' property of node '/fixedregulator0[0]'
[    0.148328] reg-fixed-voltage fixedregulator0: using lookup tables for GPIO lookup
[    0.148338] reg-fixed-voltage fixedregulator0: No GPIO consumer (null) found
[    0.149435] iommu: Default domain type: Translated 
[    0.149462] iommu: DMA domain TLB invalidation policy: strict mode 
[    0.150862] vgaarb: loaded
[    0.151392] SCSI subsystem initialized
[    0.151788] libata version 3.00 loaded.
[    0.152109] pps_core: LinuxPPS API ver. 1 registered
[    0.152130] pps_core: Software ver. 5.3.6 - Copyright 2005-2007 Rodolfo Giometti <giometti@linux.it>
[    0.152158] PTP clock support registered
[    0.153481] clocksource: Switched to clocksource dmtimer
[    0.198669] VFS: Disk quotas dquot_6.6.0
[    0.198791] VFS: Dquot-cache hash table entries: 1024 (order 0, 4096 bytes)
[    0.262316] NET: Registered PF_INET protocol family
[    0.262647] IP idents hash table entries: 8192 (order: 4, 65536 bytes, linear)
[    0.263679] tcp_listen_portaddr_hash hash table entries: 512 (order: 0, 4096 bytes, linear)
[    0.263731] Table-perturb hash table entries: 65536 (order: 6, 262144 bytes, linear)
[    0.263756] TCP established hash table entries: 4096 (order: 2, 16384 bytes, linear)
[    0.263806] TCP bind hash table entries: 4096 (order: 3, 32768 bytes, linear)
[    0.263869] TCP: Hash tables configured (established 4096 bind 4096)
[    0.263994] UDP hash table entries: 256 (order: 1, 8192 bytes, linear)
[    0.264024] UDP-Lite hash table entries: 256 (order: 1, 8192 bytes, linear)
[    0.264210] NET: Registered PF_UNIX/PF_LOCAL protocol family
[    0.285622] RPC: Registered named UNIX socket transport module.
[    0.285660] RPC: Registered udp transport module.
[    0.285669] RPC: Registered tcp transport module.
[    0.285678] RPC: Registered tcp NFSv4.1 backchannel transport module.
[    0.285701] PCI: CLS 0 bytes, default 64
[    0.287074] Initialise system trusted keyrings
[    0.287985] workingset: timestamp_bits=14 max_order=17 bucket_order=3
[    0.289202] NFS: Registering the id_resolver key type
[    0.289306] Key type id_resolver registered
[    0.289318] Key type id_legacy registered
[    0.289373] jffs2: version 2.2. (NAND) (SUMMARY)  Â© 2001-2006 Red Hat, Inc.
[    0.289748] Key type asymmetric registered
[    0.289770] Asymmetric key parser 'x509' registered
[    0.289834] io scheduler mq-deadline registered
[    0.289849] io scheduler kyber registered
[    0.293374] Serial: 8250/16550 driver, 6 ports, IRQ sharing enabled
[    0.317407] brd: module loaded
[    0.342873] loop: module loaded
[    0.343904] mtdoops: mtd device (mtddev=name/number) must be supplied
[    0.345116] mdio_bus fixed-0: GPIO lookup for consumer reset
[    0.345140] mdio_bus fixed-0: using lookup tables for GPIO lookup
[    0.345150] mdio_bus fixed-0: No GPIO consumer reset found
[    0.346142] i2c_dev: i2c /dev entries driver
[    0.347019] cpuidle: enable-method property 'ti,am3352' found operations
[    0.347410] sdhci: Secure Digital Host Controller Interface driver
[    0.347425] sdhci: Copyright(c) Pierre Ossman
[    0.347590] sdhci-pltfm: SDHCI platform and OF driver helper
[    0.347854] ledtrig-cpu: registered to indicate activity on CPUs
[    0.348408] Initializing XFRM netlink socket
[    0.348626] NET: Registered PF_INET6 protocol family
[    0.350141] Segment Routing with IPv6
[    0.350227] In-situ OAM (IOAM) with IPv6
[    0.350326] sit: IPv6, IPv4 and MPLS over IPv4 tunneling driver
[    0.351118] NET: Registered PF_PACKET protocol family
[    0.351169] NET: Registered PF_KEY protocol family
[    0.351310] Key type dns_resolver registered
[    0.351412] ThumbEE CPU extension supported.
[    0.351434] Registering SWP/SWPB emulation handler
[    0.351940] omap_voltage_late_init: Voltage driver support not added
[    0.352282] SmartReflex Class3 initialized
[    0.353056] Loading compiled-in X.509 certificates
[    0.385510] pinctrl-single 44e10800.pinmux: 142 pins, size 568
[    0.389735] ti-sysc: probe of 44e31000.target-module failed with error -16
[    0.432034] ti-sysc: probe of 48040000.target-module failed with error -16
[    0.442092] gpio gpiochip0: (gpio-0-31): created GPIO range 0->7 ==> 44e10800.pinmux PIN 0->7
[    0.442134] gpio gpiochip0: (gpio-0-31): created GPIO range 8->11 ==> 44e10800.pinmux PIN 90->93
[    0.442151] gpio gpiochip0: (gpio-0-31): created GPIO range 12->27 ==> 44e10800.pinmux PIN 12->27
[    0.442167] gpio gpiochip0: (gpio-0-31): created GPIO range 28->31 ==> 44e10800.pinmux PIN 30->33
[    0.454820] gpio gpiochip0: (gpio-0-31): added GPIO chardev (254:0)
[    0.454972] gpio gpiochip0: registered GPIOs 0 to 31 on gpio-0-31
[    0.455055] OMAP GPIO hardware version 0.1
[    0.485560] i2c i2c-2: GPIO lookup for consumer scl
[    0.485596] i2c i2c-2: using device tree for GPIO lookup
[    0.485625] of_get_named_gpiod_flags: can't parse 'scl-gpios' property of node '/ocp/interconnect@48000000/segment@100000/target-module@9c000/i2c@0[0]'
[    0.485673] of_get_named_gpiod_flags: can't parse 'scl-gpio' property of node '/ocp/interconnect@48000000/segment@100000/target-module@9c000/i2c@0[0]'
[    0.485715] i2c i2c-2: using lookup tables for GPIO lookup
[    0.485725] i2c i2c-2: No GPIO consumer scl found
[    0.485746] i2c i2c-2: GPIO lookup for consumer sda
[    0.485755] i2c i2c-2: using device tree for GPIO lookup
[    0.485769] of_get_named_gpiod_flags: can't parse 'sda-gpios' property of node '/ocp/interconnect@48000000/segment@100000/target-module@9c000/i2c@0[0]'
[    0.485809] of_get_named_gpiod_flags: can't parse 'sda-gpio' property of node '/ocp/interconnect@48000000/segment@100000/target-module@9c000/i2c@0[0]'
[    0.485845] i2c i2c-2: using lookup tables for GPIO lookup
[    0.485853] i2c i2c-2: No GPIO consumer sda found
[    0.486507] omap_i2c 4819c000.i2c: bus 2 rev0.11 at 100 kHz
[    0.491675] gpio gpiochip1: (gpio-32-63): created GPIO range 0->17 ==> 44e10800.pinmux PIN 34->51
[    0.491713] gpio gpiochip1: (gpio-32-63): created GPIO range 18->21 ==> 44e10800.pinmux PIN 77->80
[    0.491731] gpio gpiochip1: (gpio-32-63): created GPIO range 22->31 ==> 44e10800.pinmux PIN 56->65
[    0.505366] gpio gpiochip1: (gpio-32-63): added GPIO chardev (254:1)
[    0.505496] gpio gpiochip1: registered GPIOs 32 to 63 on gpio-32-63
[    0.507594] gpio gpiochip2: (gpio-64-95): created GPIO range 0->4 ==> 44e10800.pinmux PIN 66->70
[    0.507627] gpio gpiochip2: (gpio-64-95): created GPIO range 5->6 ==> 44e10800.pinmux PIN 98->99
[    0.507644] gpio gpiochip2: (gpio-64-95): created GPIO range 7->8 ==> 44e10800.pinmux PIN 75->76
[    0.507660] gpio gpiochip2: (gpio-64-95): created GPIO range 13->13 ==> 44e10800.pinmux PIN 141->141
[    0.507677] gpio gpiochip2: (gpio-64-95): created GPIO range 14->21 ==> 44e10800.pinmux PIN 100->107
[    0.508097] gpio gpiochip2: (gpio-64-95): added GPIO chardev (254:2)
[    0.508215] gpio gpiochip2: registered GPIOs 64 to 95 on gpio-64-95
[    0.525276] mdio_bus 4a101000.mdio: GPIO lookup for consumer reset
[    0.525312] mdio_bus 4a101000.mdio: using device tree for GPIO lookup
[    0.525337] of_get_named_gpiod_flags: can't parse 'reset-gpios' property of node '/ocp/interconnect@4a000000/segment@0/target-module@100000/switch@0/mdio@1000[0]'
[    0.525388] of_get_named_gpiod_flags: can't parse 'reset-gpio' property of node '/ocp/interconnect@4a000000/segment@0/target-module@100000/switch@0/mdio@1000[0]'
[    0.525436] mdio_bus 4a101000.mdio: using lookup tables for GPIO lookup
[    0.525446] mdio_bus 4a101000.mdio: No GPIO consumer reset found
[    0.526377] sdhci-omap 481d8000.mmc: GPIO lookup for consumer wp
[    0.526402] sdhci-omap 481d8000.mmc: using device tree for GPIO lookup
[    0.526422] of_get_named_gpiod_flags: can't parse 'wp-gpios' property of node '/ocp/interconnect@48000000/segment@100000/target-module@d8000/mmc@0[0]'
[    0.526471] of_get_named_gpiod_flags: can't parse 'wp-gpio' property of node '/ocp/interconnect@48000000/segment@100000/target-module@d8000/mmc@0[0]'
[    0.526509] sdhci-omap 481d8000.mmc: using lookup tables for GPIO lookup
[    0.526520] sdhci-omap 481d8000.mmc: No GPIO consumer wp found
[    0.526694] sdhci-omap 481d8000.mmc: supply vqmmc not found, using dummy regulator
[    0.587097] davinci_mdio 4a101000.mdio: davinci mdio revision 1.6, bus freq 1000000
[    0.607542] mdio_bus 4a101000.mdio:00: GPIO lookup for consumer reset
[    0.607569] mdio_bus 4a101000.mdio:00: using device tree for GPIO lookup
[    0.607594] of_get_named_gpiod_flags: can't parse 'reset-gpios' property of node '/ocp/interconnect@4a000000/segment@0/target-module@100000/switch@0/mdio@1000/ethernet-phy@0[0]'
[    0.607665] of_get_named_gpiod_flags: can't parse 'reset-gpio' property of node '/ocp/interconnect@4a000000/segment@0/target-module@100000/switch@0/mdio@1000/ethernet-phy@0[0]'
[    0.607717] mdio_bus 4a101000.mdio:00: using lookup tables for GPIO lookup
[    0.607727] mdio_bus 4a101000.mdio:00: No GPIO consumer reset found
[    0.634356] davinci_mdio 4a101000.mdio: phy[0]: device 4a101000.mdio:00, driver SMSC LAN8710/LAN8720
[    0.634846] cpsw-switch 4a100000.switch: initialized cpsw ale version 1.4
[    0.634874] cpsw-switch 4a100000.switch: ALE Table size 1024
[    0.634997] cpsw-switch 4a100000.switch: cpts: overflow check period 500 (jiffies)
[    0.635017] cpsw-switch 4a100000.switch: CPTS: ref_clk_freq:250000000 calc_mult:2147483648 calc_shift:29 error:0 nsec/sec
[    0.635108] cpsw-switch 4a100000.switch: Detected MACID = 6c:ec:eb:68:de:78
[    0.636684] cpsw-switch 4a100000.switch: initialized (regs 0x4a100000, pool size 256) hw_ver:0019010C 1.12 (0)
[    0.645908] debugfs: Directory '49000000.dma' with parent 'dmaengine' already present!
[    0.645965] edma 49000000.dma: TI EDMA DMA engine driver
[    0.693743] hw perfevents: enabled with armv7_cortex_a8 PMU driver, 5 counters available
[    0.694255] gpio-clk clk_mcasp0: GPIO lookup for consumer enable
[    0.694277] gpio-clk clk_mcasp0: using device tree for GPIO lookup
[    0.694315] of_get_named_gpiod_flags: parsed 'enable-gpios' property of node '/clk_mcasp0[0]' - status (0)
[    0.694424] gpio gpiochip0: Persistence not supported for GPIO 27
[    0.695158] gpio gpiochip3: (gpio-96-127): created GPIO range 0->7 ==> 44e10800.pinmux PIN 82->89
[    0.695188] gpio gpiochip3: (gpio-96-127): created GPIO range 8->11 ==> 44e10800.pinmux PIN 52->55
[    0.695205] gpio gpiochip3: (gpio-96-127): created GPIO range 12->15 ==> 44e10800.pinmux PIN 94->97
[    0.695222] gpio gpiochip3: (gpio-96-127): created GPIO range 16->17 ==> 44e10800.pinmux PIN 71->72
[    0.695238] gpio gpiochip3: (gpio-96-127): created GPIO range 18->18 ==> 44e10800.pinmux PIN 135->135
[    0.695255] gpio gpiochip3: (gpio-96-127): created GPIO range 19->20 ==> 44e10800.pinmux PIN 108->109
[    0.695272] gpio gpiochip3: (gpio-96-127): created GPIO range 21->21 ==> 44e10800.pinmux PIN 73->73
[    0.695290] gpio gpiochip3: (gpio-96-127): created GPIO range 22->23 ==> 44e10800.pinmux PIN 8->9
[    0.695308] gpio gpiochip3: (gpio-96-127): created GPIO range 26->27 ==> 44e10800.pinmux PIN 10->11
[    0.695327] gpio gpiochip3: (gpio-96-127): created GPIO range 28->28 ==> 44e10800.pinmux PIN 74->74
[    0.695346] gpio gpiochip3: (gpio-96-127): created GPIO range 29->29 ==> 44e10800.pinmux PIN 81->81
[    0.695365] gpio gpiochip3: (gpio-96-127): created GPIO range 30->31 ==> 44e10800.pinmux PIN 28->29
[    0.700603] l3-aon-clkctrl:0000:0: failed to disable
[    0.700854] gpio gpiochip3: (gpio-96-127): added GPIO chardev (254:3)
[    0.700969] gpio gpiochip3: registered GPIOs 96 to 127 on gpio-96-127
[    0.702344] omap8250 44e09000.serial: GPIO lookup for consumer rs485-term
[    0.702370] omap8250 44e09000.serial: using device tree for GPIO lookup
[    0.702393] of_get_named_gpiod_flags: can't parse 'rs485-term-gpios' property of node '/ocp/interconnect@44c00000/segment@200000/target-module@9000/serial@0[0]'
[    0.702446] of_get_named_gpiod_flags: can't parse 'rs485-term-gpio' property of node '/ocp/interconnect@44c00000/segment@200000/target-module@9000/serial@0[0]'
[    0.702489] omap8250 44e09000.serial: using lookup tables for GPIO lookup
[    0.702499] omap8250 44e09000.serial: No GPIO consumer rs485-term found
[    0.702543] 44e09000.serial: ttyS0 at MMIO 0x44e09000 (irq = 18, base_baud = 3000000) is a 8250
[    1.843905] printk: console [ttyS0] enabled
[    1.850342] i2c i2c-0: GPIO lookup for consumer scl
[    1.850373] i2c i2c-0: using device tree for GPIO lookup
[    1.850399] of_get_named_gpiod_flags: can't parse 'scl-gpios' property of node '/ocp/interconnect@44c00000/segment@200000/target-module@b000/i2c@0[0]'
[    1.850446] of_get_named_gpiod_flags: can't parse 'scl-gpio' property of node '/ocp/interconnect@44c00000/segment@200000/target-module@b000/i2c@0[0]'
[    1.850487] i2c i2c-0: using lookup tables for GPIO lookup
[    1.850497] i2c i2c-0: No GPIO consumer scl found
[    1.850519] i2c i2c-0: GPIO lookup for consumer sda
[    1.850528] i2c i2c-0: using device tree for GPIO lookup
[    1.850542] of_get_named_gpiod_flags: can't parse 'sda-gpios' property of node '/ocp/interconnect@44c00000/segment@200000/target-module@b000/i2c@0[0]'
[    1.850582] of_get_named_gpiod_flags: can't parse 'sda-gpio' property of node '/ocp/interconnect@44c00000/segment@200000/target-module@b000/i2c@0[0]'
[    1.850618] i2c i2c-0: using lookup tables for GPIO lookup
[    1.850627] i2c i2c-0: No GPIO consumer sda found
[    1.874269] tps65217-pmic: Failed to locate of_node [id: -1]
[    1.889350] tps65217-bl: Failed to locate of_node [id: -1]
[    1.897810] tps65217 0-0024: TPS65217 ID 0xe version 1.2
[    1.903791] i2c 0-0070: Fixing up cyclic dependency with 4830e000.lcdc
[    1.910658] omap_i2c 44e0b000.i2c: bus 0 rev0.11 at 400 kHz
[    1.917889] sdhci-omap 48060000.mmc: GPIO lookup for consumer cd
[    1.917917] sdhci-omap 48060000.mmc: using device tree for GPIO lookup
[    1.917959] of_get_named_gpiod_flags: parsed 'cd-gpios' property of node '/ocp/interconnect@48000000/segment@0/target-module@60000/mmc@0[0]' - status (0)
[    1.918075] gpio gpiochip3: Persistence not supported for GPIO 6
[    1.918097] omap_gpio 44e07000.gpio: Could not set line 6 debounce to 200000 microseconds (-22)
[    1.926937] sdhci-omap 48060000.mmc: Got CD GPIO
[    1.931581] sdhci-omap 48060000.mmc: GPIO lookup for consumer wp
[    1.931590] sdhci-omap 48060000.mmc: using device tree for GPIO lookup
[    1.931608] of_get_named_gpiod_flags: can't parse 'wp-gpios' property of node '/ocp/interconnect@48000000/segment@0/target-module@60000/mmc@0[0]'
[    1.931653] of_get_named_gpiod_flags: can't parse 'wp-gpio' property of node '/ocp/interconnect@48000000/segment@0/target-module@60000/mmc@0[0]'
[    1.931692] sdhci-omap 48060000.mmc: using lookup tables for GPIO lookup
[    1.931702] sdhci-omap 48060000.mmc: No GPIO consumer wp found
[    1.931888] sdhci-omap 48060000.mmc: supply vqmmc not found, using dummy regulator
[    1.940552] sdhci-omap 481d8000.mmc: GPIO lookup for consumer wp
[    1.940578] sdhci-omap 481d8000.mmc: using device tree for GPIO lookup
[    1.940599] of_get_named_gpiod_flags: can't parse 'wp-gpios' property of node '/ocp/interconnect@48000000/segment@100000/target-module@d8000/mmc@0[0]'
[    1.940652] of_get_named_gpiod_flags: can't parse 'wp-gpio' property of node '/ocp/interconnect@48000000/segment@100000/target-module@d8000/mmc@0[0]'
[    1.940690] sdhci-omap 481d8000.mmc: using lookup tables for GPIO lookup
[    1.940700] sdhci-omap 481d8000.mmc: No GPIO consumer wp found
[    1.944152] sdhci-omap 481d8000.mmc: supply vqmmc not found, using dummy regulator
[    1.976759] mmc0: SDHCI controller on 48060000.mmc [48060000.mmc] using External DMA
[    1.984810] mmc1: SDHCI controller on 481d8000.mmc [481d8000.mmc] using External DMA
[    1.993263] cpsw-switch 4a100000.switch: starting ndev. mode: dual_mac
[    2.037585] mmc0: new high speed SDHC card at address 5048
[    2.044365] mmcblk0: mmc0:5048 SD16G 14.4 GiB 
[    2.052085]  mmcblk0: p1 p2
[    2.055302] mmcblk0: p2 size 31221760 extends beyond EOD, truncated
[    2.065426] SMSC LAN8710/LAN8720 4a101000.mdio:00: attached PHY driver (mii_bus:phy_addr=4a101000.mdio:00, irq=POLL)
[    2.094306] mmc1: new high speed MMC card at address 0001
[    2.100855] mmcblk1: mmc1:0001 MMC04G 3.60 GiB 
[    2.108098]  mmcblk1: p1 p2
[    2.112091] mmcblk1boot0: mmc1:0001 MMC04G 2.00 MiB 
[    2.119213] mmcblk1boot1: mmc1:0001 MMC04G 2.00 MiB 
[    2.126076] mmcblk1rpmb: mmc1:0001 MMC04G 128 KiB, chardev (250:0)
[    5.204214] cpsw-switch 4a100000.switch eth0: Link is Up - 100Mbps/Full - flow control off
[    5.223530] IPv6: ADDRCONF(NETDEV_CHANGE): eth0: link becomes ready
[    5.253481] IP-Config: Complete:
[    5.256744]      device=eth0, hwaddr=6c:ec:eb:68:de:78, ipaddr=192.168.255.1, mask=255.255.255.0, gw=255.255.255.255
[    5.267351]      host=bbb1, domain=, nis-domain=(none)
[    5.272514]      bootserver=192.168.255.126, rootserver=192.168.255.126, rootpath=
[    5.272892] clk: Disabling unused clocks
[    5.284745] TAP version 14
[    5.287471] 1..0
[    5.310561] VFS: Mounted root (nfs filesystem) on device 0:16.
[    5.317437] devtmpfs: mounted
[    5.321727] Freeing unused kernel image (initmem) memory: 1024K
[    5.328437] Run /sbin/init as init process
[    5.332563]   with arguments:
[    5.332573]     /sbin/init
[    5.332580]     nfsrootdebug
[    5.332587]   with environment:
[    5.332592]     HOME=/
[    5.332599]     TERM=linux
[    6.011268] systemd[1]: System time before build time, advancing clock.
[    6.211800] random: systemd: uninitialized urandom read (16 bytes read)
[    6.223929] random: systemd: uninitialized urandom read (16 bytes read)
[    6.234470] systemd[1]: systemd 232 running in system mode. (+PAM +AUDIT +SELINUX +IMA +APPARMOR +SMACK +SYSVINIT +UTMP +LIBCRYPTSETUP +GCRYPT +GNUTLS +ACL +XZ +LZ4 +SECCOMP +BLKID +ELFUTILS +KMOD +IDN)
[    6.253806] systemd[1]: Detected architecture arm.
[    6.296110] systemd[1]: Set hostname to <arm>.
[    6.682056] random: systemd-cryptse: uninitialized urandom read (16 bytes read)
[    7.214311] random: systemd: uninitialized urandom read (16 bytes read)
[    7.221150] random: systemd: uninitialized urandom read (16 bytes read)
[    7.231471] random: systemd: uninitialized urandom read (16 bytes read)
[    7.289884] systemd[1]: Started Forward Password Requests to Wall Directory Watch.
[    7.335361] systemd[1]: Listening on Journal Socket (/dev/log).
[    7.373874] systemd[1]: Reached target Swap.
[    7.404581] systemd[1]: Listening on Journal Audit Socket.
[    7.445064] systemd[1]: Set up automount Arbitrary Executable File Formats File System Automount Point.
[    7.485402] systemd[1]: Listening on udev Control Socket.
[    7.524371] systemd[1]: Started Dispatch Password Requests to Console Directory Watch.
[    8.243020] random: systemd-journal: uninitialized urandom read (16 bytes read)
[    8.262306] random: systemd-journal: uninitialized urandom read (16 bytes read)
[    8.285753] random: systemd-journal: uninitialized urandom read (16 bytes read)
[    9.274019] random: systemd-udevd: uninitialized urandom read (16 bytes read)
[    9.551600] systemd-journald[93]: Received request to flush runtime journal from PID 1
[   11.673601] random: crng init done
[   11.677066] random: 406 urandom warning(s) missed due to ratelimiting
[   12.315598] of_get_named_gpiod_flags: parsed 'gpios' property of node '/leds/led2[0]' - status (0)
[   12.315685] gpio gpiochip0: Persistence not supported for GPIO 21
[   12.315697] gpio-21 (?): no flags found for gpios
[   12.315938] of_get_named_gpiod_flags: parsed 'gpios' property of node '/leds/led3[0]' - status (0)
[   12.315981] gpio gpiochip0: Persistence not supported for GPIO 22
[   12.315990] gpio-22 (?): no flags found for gpios
[   12.316164] of_get_named_gpiod_flags: parsed 'gpios' property of node '/leds/led4[0]' - status (0)
[   12.316197] gpio gpiochip0: Persistence not supported for GPIO 23
[   12.316207] gpio-23 (?): no flags found for gpios
[   12.316365] of_get_named_gpiod_flags: parsed 'gpios' property of node '/leds/led5[0]' - status (0)
[   12.316397] gpio gpiochip0: Persistence not supported for GPIO 24
[   12.316407] gpio-24 (?): no flags found for gpios
[   12.631807] remoteproc remoteproc0: wkup_m3 is available
[   12.885311] at24 2-0054: supply vcc not found, using dummy regulator
[   13.029466] at24 2-0055: supply vcc not found, using dummy regulator
[   13.206388] at24 2-0056: supply vcc not found, using dummy regulator
[   13.319359] at24 2-0057: supply vcc not found, using dummy regulator
[   13.394309] at24 0-0050: supply vcc not found, using dummy regulator
[   13.471901] at24 0-0050: GPIO lookup for consumer wp
[   13.471935] at24 0-0050: using device tree for GPIO lookup
[   13.471969] of_get_named_gpiod_flags: can't parse 'wp-gpios' property of node '/ocp/interconnect@44c00000/segment@200000/target-module@b000/i2c@0/baseboard_eeprom@50[0]'
[   13.472041] of_get_named_gpiod_flags: can't parse 'wp-gpio' property of node '/ocp/interconnect@44c00000/segment@200000/target-module@b000/i2c@0/baseboard_eeprom@50[0]'
[   13.472090] at24 0-0050: using lookup tables for GPIO lookup
[   13.472102] at24 0-0050: No GPIO consumer wp found
[   13.472356] at24 0-0050: 32768 byte 24c256 EEPROM, writable, 1 bytes/write
[   13.528005] tps6521x_pwrbutton tps65217-pwrbutton: DMA mask not set
[   13.599352] input: tps65217_pwrbutton as /devices/platform/ocp/44c00000.interconnect/44c00000.interconnect:segment@200000/44e0b000.target-module/44e0b000.i2c/i2c-0/0-0024/tps65217-pwrbutton/input/input0
[   13.658013] omap_rtc 44e3e000.rtc: registered as rtc0
[   13.663182] omap_rtc 44e3e000.rtc: setting system clock to 2000-01-01T00:00:00 UTC (946684800)
[   13.671963] omap_rtc 44e3e000.rtc: GPIO lookup for consumer wp
[   13.671977] omap_rtc 44e3e000.rtc: using device tree for GPIO lookup
[   13.672006] of_get_named_gpiod_flags: can't parse 'wp-gpios' property of node '/ocp/interconnect@44c00000/segment@200000/target-module@3e000/rtc@0[0]'
[   13.672068] of_get_named_gpiod_flags: can't parse 'wp-gpio' property of node '/ocp/interconnect@44c00000/segment@200000/target-module@3e000/rtc@0[0]'
[   13.672112] omap_rtc 44e3e000.rtc: using lookup tables for GPIO lookup
[   13.672123] omap_rtc 44e3e000.rtc: No GPIO consumer wp found
[   13.701182] omap_wdt: OMAP Watchdog Timer Rev 0x01: initial timeout 60 sec
[   13.837449] am335x-phy-driver 47401300.usb-phy: GPIO lookup for consumer reset
[   13.837491] am335x-phy-driver 47401300.usb-phy: using device tree for GPIO lookup
[   13.837521] of_get_named_gpiod_flags: can't parse 'reset-gpios' property of node '/ocp/target-module@47400000/usb-phy@1300[0]'
[   13.837575] of_get_named_gpiod_flags: can't parse 'reset-gpio' property of node '/ocp/target-module@47400000/usb-phy@1300[0]'
[   13.837608] am335x-phy-driver 47401300.usb-phy: using lookup tables for GPIO lookup
[   13.837619] am335x-phy-driver 47401300.usb-phy: No GPIO consumer reset found
[   13.837629] am335x-phy-driver 47401300.usb-phy: GPIO lookup for consumer vbus-detect
[   13.837638] am335x-phy-driver 47401300.usb-phy: using device tree for GPIO lookup
[   13.837653] of_get_named_gpiod_flags: can't parse 'vbus-detect-gpios' property of node '/ocp/target-module@47400000/usb-phy@1300[0]'
[   13.837684] of_get_named_gpiod_flags: can't parse 'vbus-detect-gpio' property of node '/ocp/target-module@47400000/usb-phy@1300[0]'
[   13.837711] am335x-phy-driver 47401300.usb-phy: using lookup tables for GPIO lookup
[   13.837720] am335x-phy-driver 47401300.usb-phy: No GPIO consumer vbus-detect found
[   13.837841] am335x-phy-driver 47401300.usb-phy: supply vcc not found, using dummy regulator
[   14.458727] am335x-phy-driver 47401b00.usb-phy: GPIO lookup for consumer reset
[   14.458766] am335x-phy-driver 47401b00.usb-phy: using device tree for GPIO lookup
[   14.458795] of_get_named_gpiod_flags: can't parse 'reset-gpios' property of node '/ocp/target-module@47400000/usb-phy@1b00[0]'
[   14.458841] of_get_named_gpiod_flags: can't parse 'reset-gpio' property of node '/ocp/target-module@47400000/usb-phy@1b00[0]'
[   14.458874] am335x-phy-driver 47401b00.usb-phy: using lookup tables for GPIO lookup
[   14.458885] am335x-phy-driver 47401b00.usb-phy: No GPIO consumer reset found
[   14.458895] am335x-phy-driver 47401b00.usb-phy: GPIO lookup for consumer vbus-detect
[   14.458905] am335x-phy-driver 47401b00.usb-phy: using device tree for GPIO lookup
[   14.458919] of_get_named_gpiod_flags: can't parse 'vbus-detect-gpios' property of node '/ocp/target-module@47400000/usb-phy@1b00[0]'
[   14.458949] of_get_named_gpiod_flags: can't parse 'vbus-detect-gpio' property of node '/ocp/target-module@47400000/usb-phy@1b00[0]'
[   14.458976] am335x-phy-driver 47401b00.usb-phy: using lookup tables for GPIO lookup
[   14.458986] am335x-phy-driver 47401b00.usb-phy: No GPIO consumer vbus-detect found
[   14.459107] am335x-phy-driver 47401b00.usb-phy: supply vcc not found, using dummy regulator
[   14.633290] usbcore: registered new interface driver usbfs
[   14.639043] usbcore: registered new interface driver hub
[   14.644513] usbcore: registered new device driver usb
[   15.291354] omap-mailbox 480c8000.mailbox: omap mailbox rev 0x400
[   15.309533] musb-hdrc musb-hdrc.1: MUSB HDRC host driver
[   15.315061] musb-hdrc musb-hdrc.1: new USB bus registered, assigned bus number 1
[   15.333287] remoteproc remoteproc0: powering up wkup_m3
[   15.465388] remoteproc remoteproc0: Direct firmware load for am335x-pm-firmware.elf failed with error -2
[   15.475061] remoteproc remoteproc0: request_firmware failed: -2
[   15.481016] wkup_m3_ipc 44e11324.wkup_m3_ipc: rproc_boot failed
[   15.500370] usb usb1: New USB device found, idVendor=1d6b, idProduct=0002, bcdDevice= 5.15
[   15.508814] usb usb1: New USB device strings: Mfr=3, Product=2, SerialNumber=1
[   15.516116] usb usb1: Product: MUSB HDRC host driver
[   15.521105] usb usb1: Manufacturer: Linux 5.15.185 musb-hcd
[   15.526724] usb usb1: SerialNumber: musb-hdrc.1
[   15.557795] tda998x 0-0070: found TDA19988
[   16.068134] hub 1-0:1.0: USB hub found
[   16.173036] hub 1-0:1.0: 1 port detected
[   17.493093] tilcdc 4830e000.lcdc: bound 0-0070 (ops tda998x_driver_exit [tda998x])
[   17.518402] omap_rng 48310000.rng: Random Number Generator ver. 20
[   17.695544] [drm] Initialized tilcdc 1.0.0 20121205 for 4830e000.lcdc on minor 0
[   17.849014] tilcdc 4830e000.lcdc: [drm] Cannot find any crtc or sizes
[   17.877119] tilcdc 4830e000.lcdc: [drm] Cannot find any crtc or sizes
[   18.285296] Bluetooth: Core ver 2.22
[   18.289075] NET: Registered PF_BLUETOOTH protocol family
[   18.294586] Bluetooth: HCI device and connection manager initialized
[   18.300998] Bluetooth: HCI socket layer initialized
[   18.305942] Bluetooth: L2CAP socket layer initialized
[   18.311050] Bluetooth: SCO socket layer initialized
[   18.954895] PM: Cannot get wkup_m3_ipc handle
[   19.034045] omap-aes 53500000.aes: OMAP AES hw accel rev: 3.2
[   19.187904] omap-sham 53100000.sham: hw accel on OMAP rev 4.3
[   19.251241] omap-aes 53500000.aes: will run requests pump with realtime priority
[   19.347835] omap-sham 53100000.sham: will run requests pump with realtime priority
[   19.489033] PM: Cannot get wkup_m3_ipc handle
[   19.637340] PM: Cannot get wkup_m3_ipc handle
[   22.430503] using random self ethernet address
[   22.435148] using random host ethernet address
[   22.790208] PM: Cannot get wkup_m3_ipc handle
[   22.795972] of_get_named_gpiod_flags: can't parse 'simple-audio-card,hp-det-gpio' property of node '/sound[0]'
[   22.796033] of_get_named_gpiod_flags: can't parse 'simple-audio-card,mic-det-gpio' property of node '/sound[0]'
[   22.898889] PM: Cannot get wkup_m3_ipc handle
[   22.958176] using random self ethernet address
[   22.962686] using random host ethernet address
[   23.353430] userial_init: registered 8 ttyGS* devices
[   23.595916] rndis_register: configNr = 0
[   23.699319] udc musb-hdrc.0: registering UDC driver [g_multi]
[   23.699414] configfs-gadget gadget: adding 'rndis'/dd7b9f94 to config 'c'/2e0ca3af
[   23.700410] usb0: HOST MAC 1c:ba:8c:a2:ed:6c
[   23.704944] usb0: MAC 1c:ba:8c:a2:ed:70
[   23.708849] rndis_set_param_medium: 0 0
[   23.708866] configfs-gadget gadget: RNDIS: dual speed IN/ep1in OUT/ep1out NOTIFY/ep2in
[   23.708880] configfs-gadget gadget: adding 'cdc_ethernet'/e8d0b870 to config 'c'/2e0ca3af
[   23.709642] usb1: HOST MAC 1c:ba:8c:a2:ed:6c
[   23.714038] usb1: MAC 1c:ba:8c:a2:ed:6d
[   23.717918] configfs-gadget gadget: CDC Ethernet: dual speed IN/ep3in OUT/ep2out NOTIFY/ep4in
[   23.717934] configfs-gadget gadget: adding 'acm'/92bc59fd to config 'c'/2e0ca3af
[   23.717962] configfs-gadget gadget: acm ttyGS0: dual speed IN/ep5in OUT/ep3out NOTIFY/ep6in
