Labgrid Console Logfile for main
Logfile started at 2025-03-13 12:29:15.579176
=== Log starts here ===

U-Boot SPL 2014.04-00014-g47880f5 (Apr 22 2014 - 13:23:54)
reading args
spl_load_image_fat_os: error reading image args, err - -1
reading u-boot.img
reading u-boot.img


U-Boot 2014.04-00014-g47880f5 (Apr 22 2014 - 13:23:54)

I2C:   ready
DRAM:  512 MiB
NAND:  0 MiB
MMC:   OMAP SD/MMC: 0, OMAP SD/MMC: 1
*** Warning - readenv() failed, using default environment

Net:   <ethaddr> not set. Validating first E-fuse MAC
cpsw, usb_ether
Hit any key to stop autoboot:  1  0 
gpio: pin 53 (gpio 53) value is 1
mmc0 is current device
gpio: pin 54 (gpio 54) value is 1
SD/MMC found on device 0
reading uEnv.txt
569 bytes read in 3 ms (184.6 KiB/s)
gpio: pin 55 (gpio 55) value is 1
Loaded environment from uEnv.txt
Importing environment from mmc ...
Checking if uenvcmd is set ...
gpio: pin 56 (gpio 56) value is 1
Running uenvcmd ...
cpsw Waiting for PHY auto negotiation to complete. done
link up on port 0, speed 100, full duplex
Using cpsw device
TFTP from server 192.168.255.126; our IP address is 192.168.255.1
Filename 'zImage'.
Load address: 0x81000000
Loading: *#################################################################
	 #################################################################
	 #################################################################
	 #################################################################
	 #################################################################
	 #####################################################
	 2.4 MiB/s
done
Bytes transferred = 5539808 (5487e0 hex)
link up on port 0, speed 100, full duplex
Using cpsw device
TFTP from server 192.168.255.126; our IP address is 192.168.255.1
Filename 'am335x-boneblack.dtb'.
Load address: 0x82000000
Loading: *#######
	 1.3 MiB/s
done
Bytes transferred = 98244 (17fc4 hex)
Kernel image @ 0x81000000 [ 0x000000 - 0x5487e0 ]
## Flattened Device Tree blob at 82000000
   Booting using the fdt blob at 0x82000000
   Using Device Tree in place at 82000000, end 8201afc3

Starting kernel ...

[    0.000000] Booting Linux on physical CPU 0x0
[    0.000000] Linux version 6.14.0-rc5-gcd62e85b2d7e (user01@drvtest01) (arm-none-eabi-gcc (Arm GNU Toolchain 14.2.Rel1 (Build arm-14.52)) 14.2.1 20241119, GNU ld (Arm GNU Toolchain 14.2.Rel1 (Build arm-14.52)) 2.43.1.20241119) #1 SMP Thu Mar 13 12:27:55 EET 2025
[    0.000000] CPU: ARMv7 Processor [413fc082] revision 2 (ARMv7), cr=10c5387d
[    0.000000] CPU: PIPT / VIPT nonaliasing data cache, VIPT aliasing instruction cache
[    0.000000] OF: fdt: Machine model: TI AM335x BeagleBone Black
[    0.000000] Memory policy: Data cache writeback
[    0.000000] cma: Reserved 16 MiB at 0x9e800000 on node -1
[    0.000000] Zone ranges:
[    0.000000]   Normal   [mem 0x0000000080000000-0x000000009fdfffff]
[    0.000000]   HighMem  empty
[    0.000000] Movable zone start for each node
[    0.000000] Early memory node ranges
[    0.000000]   node   0: [mem 0x0000000080000000-0x000000009fdfffff]
[    0.000000] Initmem setup node 0 [mem 0x0000000080000000-0x000000009fdfffff]
[    0.000000] OF: reserved mem: Reserved memory: No reserved-memory node in the DT
[    0.000000] CPU: All CPU(s) started in SVC mode.
[    0.000000] AM335X ES2.1 (sgx neon)
[    0.000000] percpu: Embedded 17 pages/cpu s39628 r8192 d21812 u69632
[    0.000000] Kernel command line: console=ttyO0,115200n8 root=/dev/nfs rw nfsroot=192.168.255.126:/home/user01/nfs,nfsvers=3 ip=192.168.255.1:192.168.255.126::255.255.255.0:bbb1:eth0 nfsrootdebug
[    0.000000] Unknown kernel command line parameters "nfsrootdebug", will be passed to user space.
[    0.000000] printk: log buffer data + meta data: 65536 + 204800 = 270336 bytes
[    0.000000] Dentry cache hash table entries: 65536 (order: 6, 262144 bytes, linear)
[    0.000000] Inode-cache hash table entries: 32768 (order: 5, 131072 bytes, linear)
[    0.000000] Built 1 zonelists, mobility grouping on.  Total pages: 130560
[    0.000000] mem auto-init: stack:off, heap alloc:off, heap free:off
[    0.000000] SLUB: HWalign=16, Order=0-3, MinObjects=0, CPUs=1, Nodes=1
[    0.000000] rcu: Hierarchical RCU implementation.
[    0.000000] rcu: 	RCU event tracing is enabled.
[    0.000000] rcu: 	RCU restricting CPUs from NR_CPUS=2 to nr_cpu_ids=1.
[    0.000000] 	Tracing variant of Tasks RCU enabled.
[    0.000000] rcu: RCU calculated value of scheduler-enlistment delay is 10 jiffies.
[    0.000000] rcu: Adjusting geometry for rcu_fanout_leaf=16, nr_cpu_ids=1
[    0.000000] RCU Tasks Trace: Setting shift to 0 and lim to 1 rcu_task_cb_adjust=1 rcu_task_cpu_ids=1.
[    0.000000] NR_IRQS: 16, nr_irqs: 16, preallocated irqs: 16
[    0.000000] IRQ: Found an INTC at 0x(ptrval) (revision 5.0) with 128 interrupts
[    0.000000] rcu: srcu_init: Setting srcu_struct sizes based on contention.
[    0.000000] TI gptimer clocksource: always-on /ocp/interconnect@44c00000/segment@200000/target-module@31000
[    0.000003] sched_clock: 32 bits at 24MHz, resolution 41ns, wraps every 89478484971ns
[    0.000026] clocksource: dmtimer: mask: 0xffffffff max_cycles: 0xffffffff, max_idle_ns: 79635851949 ns
[    0.000506] TI gptimer clockevent: 24000000 Hz at /ocp/interconnect@48000000/segment@0/target-module@40000
[    0.002164] Console: colour dummy device 80x30
[    0.002227] WARNING: Your 'console=ttyO0' has been replaced by 'ttyS0'
[    0.002235] This ensures that you still see kernel messages. Please
[    0.002240] update your kernel commandline.
[    0.002283] Calibrating delay loop... 996.14 BogoMIPS (lpj=4980736)
[    0.090555] CPU: Testing write buffer coherency: ok
[    0.090661] CPU0: Spectre v2: using BPIALL workaround
[    0.090672] pid_max: default: 32768 minimum: 301
[    0.090810] LSM: initializing lsm=capability
[    0.090977] Mount-cache hash table entries: 1024 (order: 0, 4096 bytes, linear)
[    0.090996] Mountpoint-cache hash table entries: 1024 (order: 0, 4096 bytes, linear)
[    0.092595] CPU0: thread -1, cpu 0, socket -1, mpidr 0
[    0.092652] cacheinfo: Unable to detect cache hierarchy for CPU 0
[    0.160915] Setting up static identity map for 0x80100000 - 0x80100078
[    0.170709] rcu: Hierarchical SRCU implementation.
[    0.170720] rcu: 	Max phase no-delay instances is 1000.
[    0.190755] smp: Bringing up secondary CPUs ...
[    0.190813] smp: Brought up 1 node, 1 CPU
[    0.190826] SMP: Total of 1 processors activated (996.14 BogoMIPS).
[    0.190837] CPU: All CPU(s) started in SVC mode.
[    0.191005] Memory: 480844K/522240K available (11264K kernel code, 1209K rwdata, 2896K rodata, 1024K init, 291K bss, 23380K reserved, 16384K cma-reserved, 0K highmem)
[    0.191853] devtmpfs: initialized
[    0.208380] VFP support v0.3: implementor 41 architecture 3 part 30 variant c rev 3
[    0.208723] clocksource: jiffies: mask: 0xffffffff max_cycles: 0xffffffff, max_idle_ns: 19112604462750000 ns
[    0.208760] futex hash table entries: 256 (order: 2, 16384 bytes, linear)
[    0.210088] pinctrl core: initialized pinctrl subsystem
[    0.213021] NET: Registered PF_NETLINK/PF_ROUTE protocol family
[    0.215786] DMA: preallocated 256 KiB pool for atomic coherent allocations
[    0.216691] audit: initializing netlink subsys (disabled)
[    0.218025] thermal_sys: Registered thermal governor 'fair_share'
[    0.218040] thermal_sys: Registered thermal governor 'step_wise'
[    0.218049] thermal_sys: Registered thermal governor 'user_space'
[    0.218189] audit: type=2000 audit(0.210:1): state=initialized audit_enabled=0 res=1
[    0.218225] cpuidle: using governor menu
[    0.236026] /ocp/interconnect@44c00000/segment@200000/target-module@b000/i2c@0/tda19988@70: Fixed dependency cycle(s) with /ocp/interconnect@48000000/segment@300000/target-module@e000/lcdc@0
[    0.237138] /ocp/interconnect@48000000/segment@300000/target-module@e000/lcdc@0: Fixed dependency cycle(s) with /ocp/interconnect@44c00000/segment@200000/target-module@b000/i2c@0/tda19988@70
[    0.239286] No ATAGs?
[    0.239328] hw-breakpoint: debug architecture 0x4 unsupported.
[    0.242191] kprobes: kprobe jump-optimization is enabled. All kprobes are optimized if possible.
[    0.253891] iommu: Default domain type: Translated
[    0.253913] iommu: DMA domain TLB invalidation policy: strict mode
[    0.261768] SCSI subsystem initialized
[    0.262601] pps_core: LinuxPPS API ver. 1 registered
[    0.262612] pps_core: Software ver. 5.3.6 - Copyright 2005-2007 Rodolfo Giometti <giometti@linux.it>
[    0.262635] PTP clock support registered
[    0.270873] vgaarb: loaded
[    0.271235] clocksource: Switched to clocksource dmtimer
[    0.271881] VFS: Disk quotas dquot_6.6.0
[    0.271938] VFS: Dquot-cache hash table entries: 1024 (order 0, 4096 bytes)
[    0.296126] NET: Registered PF_INET protocol family
[    0.296469] IP idents hash table entries: 8192 (order: 4, 65536 bytes, linear)
[    0.297898] tcp_listen_portaddr_hash hash table entries: 512 (order: 0, 4096 bytes, linear)
[    0.297933] Table-perturb hash table entries: 65536 (order: 6, 262144 bytes, linear)
[    0.297952] TCP established hash table entries: 4096 (order: 2, 16384 bytes, linear)
[    0.297994] TCP bind hash table entries: 4096 (order: 4, 65536 bytes, linear)
[    0.298093] TCP: Hash tables configured (established 4096 bind 4096)
[    0.298211] UDP hash table entries: 256 (order: 1, 14336 bytes, linear)
[    0.298246] UDP-Lite hash table entries: 256 (order: 1, 14336 bytes, linear)
[    0.298422] NET: Registered PF_UNIX/PF_LOCAL protocol family
[    0.299648] RPC: Registered named UNIX socket transport module.
[    0.299671] RPC: Registered udp transport module.
[    0.299677] RPC: Registered tcp transport module.
[    0.299682] RPC: Registered tcp-with-tls transport module.
[    0.299687] RPC: Registered tcp NFSv4.1 backchannel transport module.
[    0.299713] PCI: CLS 0 bytes, default 64
[    0.301106] Initialise system trusted keyrings
[    0.312214] workingset: timestamp_bits=14 max_order=17 bucket_order=3
[    0.313552] NFS: Registering the id_resolver key type
[    0.313627] Key type id_resolver registered
[    0.313634] Key type id_legacy registered
[    0.313683] jffs2: version 2.2. (NAND) (SUMMARY)  Â© 2001-2006 Red Hat, Inc.
[    0.314076] Key type asymmetric registered
[    0.314093] Asymmetric key parser 'x509' registered
[    0.314163] io scheduler mq-deadline registered
[    0.314172] io scheduler kyber registered
[    0.314241] io scheduler bfq registered
[    0.315782] ledtrig-cpu: registered to indicate activity on CPUs
[    0.321770] Serial: 8250/16550 driver, 6 ports, IRQ sharing enabled
[    0.388567] brd: module loaded
[    0.404087] loop: module loaded
[    0.404988] mtdoops: mtd device (mtddev=name/number) must be supplied
[    0.408024] i2c_dev: i2c /dev entries driver
[    0.408962] cpuidle: enable-method property 'ti,am3352' found operations
[    0.409402] sdhci: Secure Digital Host Controller Interface driver
[    0.409411] sdhci: Copyright(c) Pierre Ossman
[    0.409585] sdhci-pltfm: SDHCI platform and OF driver helper
[    0.410558] Initializing XFRM netlink socket
[    0.410714] NET: Registered PF_INET6 protocol family
[    0.427316] Segment Routing with IPv6
[    0.427402] In-situ OAM (IOAM) with IPv6
[    0.427506] sit: IPv6, IPv4 and MPLS over IPv4 tunneling driver
[    0.428439] NET: Registered PF_PACKET protocol family
[    0.428474] NET: Registered PF_KEY protocol family
[    0.428585] Key type dns_resolver registered
[    0.428812] ThumbEE CPU extension supported.
[    0.428832] Registering SWP/SWPB emulation handler
[    0.429368] omap_voltage_late_init: Voltage driver support not added
[    0.429726] SmartReflex Class3 initialized
[    0.468556] Loading compiled-in X.509 certificates
[    0.505473] OF: /ocp: Read of boolean property 'clocks' with a value.
[    0.508592] /ocp/interconnect@44c00000/segment@200000/target-module@b000/i2c@0/tda19988@70: Fixed dependency cycle(s) with /ocp/interconnect@48000000/segment@300000/target-module@e000/lcdc@0
[    0.509534] OF: /ocp/interconnect@44c00000: Read of boolean property 'clocks' with a value.
[    0.515172] /ocp/interconnect@44c00000/segment@200000/target-module@b000/i2c@0/tda19988@70: Fixed dependency cycle(s) with /ocp/interconnect@48000000/segment@300000/target-module@e000/lcdc@0
[    0.546837] /ocp/interconnect@44c00000/segment@200000/target-module@b000/i2c@0/tda19988@70: Fixed dependency cycle(s) with /ocp/interconnect@48000000/segment@300000/target-module@e000/lcdc@0
[    0.547719] /ocp/interconnect@44c00000/segment@200000/target-module@b000/i2c@0/tda19988@70: Fixed dependency cycle(s) with /ocp/interconnect@48000000/segment@300000/target-module@e000/lcdc@0
[    0.551059] /ocp/interconnect@44c00000/segment@200000/target-module@10000/scm@0/pinmux@800: Fixed dependency cycle(s) with /ocp/interconnect@44c00000/segment@200000/target-module@10000/scm@0/pinmux@800/clkout2-pins
[    0.551859] pinctrl-single 44e10800.pinmux: 142 pins, size 568
[    0.557024] ti-sysc 44e31000.target-module: probe with driver ti-sysc failed with error -16
[    0.595138] /ocp/interconnect@48000000/segment@300000/target-module@e000/lcdc@0: Fixed dependency cycle(s) with /ocp/interconnect@44c00000/segment@200000/target-module@b000/i2c@0/tda19988@70
[    0.595461] OF: /ocp/interconnect@48000000: Read of boolean property 'clocks' with a value.
[    0.603206] ti-sysc 48040000.target-module: probe with driver ti-sysc failed with error -16
[    0.648077] OMAP GPIO hardware version 0.1
[    0.689774] omap_i2c 4819c000.i2c: bus 2 rev0.11 at 100 kHz
[    0.705412] 48000000.interconnect:segment@200000:target-module@0:mpu@0:fck: device ID is greater than 24
[    0.706261] /ocp/interconnect@48000000/segment@300000/target-module@e000/lcdc@0: Fixed dependency cycle(s) with /ocp/interconnect@44c00000/segment@200000/target-module@b000/i2c@0/tda19988@70
[    0.708965] /ocp/interconnect@48000000/segment@300000/target-module@e000/lcdc@0: Fixed dependency cycle(s) with /ocp/interconnect@44c00000/segment@200000/target-module@b000/i2c@0/tda19988@70
[    0.709657] /ocp/interconnect@44c00000/segment@200000/target-module@b000/i2c@0/tda19988@70: Fixed dependency cycle(s) with /ocp/interconnect@48000000/segment@300000/target-module@e000/lcdc@0
[    0.709818] /ocp/interconnect@48000000/segment@300000/target-module@e000/lcdc@0: Fixed dependency cycle(s) with /ocp/interconnect@44c00000/segment@200000/target-module@b000/i2c@0/tda19988@70
[    0.714075] OF: /ocp/interconnect@4a000000: Read of boolean property 'clocks' with a value.
[    0.720679] sdhci-omap 481d8000.mmc: supply pbias not found, using dummy regulator
[    0.721169] sdhci-omap 481d8000.mmc: supply vqmmc not found, using dummy regulator
[    0.762948] davinci_mdio 4a101000.mdio: davinci mdio revision 1.6, bus freq 1000000
[    0.912224] davinci_mdio 4a101000.mdio: phy[0]: device 4a101000.mdio:00, driver SMSC LAN8710/LAN8720
[    0.913008] cpsw-switch 4a100000.switch: initialized cpsw ale version 1.4
[    0.913029] cpsw-switch 4a100000.switch: ALE Table size 1024, Policers 0
[    0.913172] cpsw-switch 4a100000.switch: cpts: overflow check period 500 (jiffies)
[    0.913188] cpsw-switch 4a100000.switch: CPTS: ref_clk_freq:250000000 calc_mult:2147483648 calc_shift:29 error:0 nsec/sec
[    0.913293] cpsw-switch 4a100000.switch: Detected MACID = 6c:ec:eb:68:de:78
[    0.915032] cpsw-switch 4a100000.switch: initialized (regs 0x4a100000, pool size 256) hw_ver:0019010C 1.12 (0)
[    0.925696] debugfs: Directory '49000000.dma' with parent 'dmaengine' already present!
[    0.925739] edma 49000000.dma: TI EDMA DMA engine driver
[    0.967199] target-module@4b000000:target-module@140000:pmu@0:fck: device ID is greater than 24
[    0.995191] hw perfevents: enabled with armv7_cortex_a8 PMU driver, 5 (8000000f) counters available
[    1.002619] l3-aon-clkctrl:0000:0: failed to disable
[    1.005920] 44e09000.serial: ttyS0 at MMIO 0x44e09000 (irq = 34, base_baud = 3000000) is a 8250
[    1.006012] printk: legacy console [ttyS0] enabled
 [    2.462246] tps65217-pmic: Failed to locate of_node [id: -1 ]
[    2.468295] tps65217-bl: Failed to locate of_node [id: -1]
[    2.479607] tps65217 0-0024: TPS65217 ID 0xe version 1.2
[    2.485727] /ocp/interconnect@48000000/segment@300000/target-mod01 MMC04G 128 KiB, chardev (250:0)
[    5.842026] cpsw-switch 4a100000.switch eth0: Link is Up - 100Mbps/Full - flow control off
[    5.881524] IP-Config: Complete:
[    5.884800]      device=eth0, hwaddr=6c:ec:eb:68:de:78, ipaddr=192.168.255.1, mask=255.255.255.0, gw=255.255.255.255
[    5.895465]      host=bbb1, domain=, nis-domain=(none)
[    5.900634]      bootserver=192.168.255.126, rootserver=192.168.255.126, rootpath=
[    5.901063] clk: Disabling unused clocks
[    5.912925] PM: genpd: Disabling unused power domains
[    5.918042] KTAP version 1
[    5.920763] 1..0
[    5.944956] VFS: Mounted root (nfs filesystem) on device 0:17.
[    5.951843] devtmpfs: mounted
[    5.956330] Freeing unused kernel image (initmem) memory: 1024K
[    5.963235] Run /sbin/init as init process
[    6.662183] systemd[1]: System time before build time, advancing clock.
[    8.131258] random: crng init done
[    8.163866] systemd[1]: systemd 232 running in system mode. (+PAM +AUDIT +SELINUX +IMA +APPARMOR +SMACK +SYSVINIT +UTMP +LIBCRYPTSETUP +GCRYPT +GNUTLS +ACL +XZ +LZ4 +SECCOMP +BLKID +ELFUTILS +KMOD +IDN)
[    8.182875] systemd[1]: Detected architecture arm.

Welcome to [1mDebian GNU/Linux 9 (stretch)[0m!

[    8.214401] systemd[1]: Set hostname to <arm>.
[    9.318233] systemd[1]: Listening on Syslog Socket.
[[0;32m  OK  [0m] Listening on Syslog Socket.
[    9.343187] systemd[1]: Listening on /dev/initctl Compatibility Named Pipe.
[[0;32m  OK  [0m] Listening on /dev/initctl Compatibility Named Pipe.
[    9.371643] systemd[1]: Reached target Swap.
[[0;32m  OK  [0m] Reached target Swap.
[    9.392268] systemd[1]: Listening on Journal Socket (/dev/log).
[[0;32m  OK  [0m] Listening on Journal Socket (/dev/log).
[    9.422080] systemd[1]: Listening on Journal Socket.
[[0;32m  OK  [0m] Listening on Journal Socket.
[    9.452239] systemd[1]: Started Dispatch Password Requests to Console Directory Watch.
[[0;32m  OK  [0m] Started Dispatch Password Requests to Console Directory Watch.
[    9.482810] systemd[1]: Created slice User and Session Slice.
[[0;32m  OK  [0m] Created slice User and Session Slice.
[[0;32m  OK  [0m] Listening on udev Control Socket.
[[0;32m  OK  [0m] Started Forward Password Requests to Wall Directory Watch.
[[0;32m  OK  [0m] Reached target Paths.
[[0;32m  OK  [0m] Reached target Encrypted Volumes.
[[0;32m  OK  [0m] Listening on udev Kernel Socket.
[[0;32m  OK  [0m] Listening on Journal Audit Socket.
[[0;32m  OK  [0m] Created slice System Slice.
[[0;32m  OK  [0m] Reached target Slices.
[[0;32m  OK  [0m] Created slice system-serial\x2dgetty.slice.
         Mounting POSIX Message Queue File System...
         Starting Create list of required stâ€¦ce nodes for the current kernel...
         Starting Load Kernel Modules...
         Mounting Debug File System...
         Starting Remount Root and Kernel File Systems...
         Starting Journal Service...
[[0;32m  OK  [0m] Created slice system-getty.slice.
[[0;32m  OK  [0m] Reached target Remote File Systems.
[[0;32m  OK  [0m] Set up automount Arbitrary Executabâ€¦rmats File System Automount Point.
[[0;32m  OK  [0m] Mounted POSIX Message Queue File System.
[[0;32m  OK  [0m] Mounted Debug File System.
[[0;32m  OK  [0m] Started Create list of required staâ€¦vice nodes for the current kernel.
         Starting Create Static Device Nodes in /dev...
[[0;32m  OK  [0m] Started Load Kernel Modules.
[[0;32m  OK  [0m] Started Remount Root and Kernel File Systems.
         Starting Load/Save Random Seed...
         Starting udev Coldplug all Devices...
         Starting Apply Kernel Variables...
         Mounting Configuration File System...
[[0;32m  OK  [0m] Started Load/Save Random Seed.
[[0;32m  OK  [0m] Mounted Configuration File System.
[[0;32m  OK  [0m] Started Apply Kernel Variables.
[[0;32m  OK  [0m] Started Create Static Device Nodes in /dev.
[[0;32m  OK  [0m] Reached target Local File Systems (Pre).
[[0;32m  OK  [0m] Reached target Local File Systems.
         Starting Raise network interfaces...
         Starting udev Kernel Device Manager...
[[0;32m  OK  [0m] Started Journal Service.
         Starting Flush Journal to Persistent Storage...
[   11.768288] systemd-journald[87]: Received request to flush runtime journal from PID 1
[[0;32m  OK  [0m] Started Flush Journal to Persistent Storage.
         Starting Create Volatile Files and Directories...
[[0;32m  OK  [0m] Started udev Kernel Device Manager.
[[0;32m  OK  [0m] Started Create Volatile Files and Directories.
         Starting Network Time Synchronization...
         Starting Update UTMP about System Boot/Shutdown...
[[0;32m  OK  [0m] Started Update UTMP about System Boot/Shutdown.
[[0;32m  OK  [0m] Started udev Coldplug all Devices.
[   14.840777] remoteproc remoteproc0: wkup_m3 is available
[[0;32m  OK  [0m] Started Network Time Synchronization.
[[0;32m  OK  [0m] Reached target System Initialization.
[   15.065823] omap_rtc 44e3e000.rtc: registered as rtc0
[   15.071004] omap_rtc 44e3e000.rtc: setting system clock to 2000-01-01T00:00:00 UTC (946684800)
[[0;32m  OK  [0m] Listening on D-Bus System Message Bus Socket.
[[0;32m  OK  [0m] Started Daily Cleanup of Temporary Directories.
[   15.168112] at24 2-0054: supply vcc not found, using dummy regulator
[[0;32m  OK  [0m] Listening on Avahi mDNS/DNS-SD Stack Activation Socket.
[[0;32m  OK  [0m] Reached target Sockets.[   15.240515] omap_wdt: OMAP Watchdog Timer Rev 0x01: initial timeout 60 sec

[[0;32m  OK  [0m] Reached target Basic System.
[   15.307509] at24 2-0055: supply vcc not found, using dummy regulator
[   15.417817] at24 2-0056: supply vcc not found, using dummy regulator
         Starting LSB: Start busybox udhcpd at boot time...
[   15.464424] tps6521x_pwrbutton tps65217-pwrbutton: DMA mask not set
[   15.539589] at24 2-0057: supply vcc not found, using dummy regulator
[   15.577274] wkup_m3_ipc 44e11324.wkup_m3_ipc: IPC Request for A8->M3 Channel failed! -517
[   15.613028] input: tps65217_pwrbutton as /devices/platform/ocp/44c00000.interconnect/44c00000.interconnect:segment@200000/44e0b000.target-module/44e0b000.i2c/i2c-0/0-0024/tps65217-pwrbutton/input/input0
[   15.632780] wkup_m3_ipc 44e11324.wkup_m3_ipc: IPC Request for A8->M3 Channel failed! -517
[[0;32m  OK  [0m] Started Regular background program processing daemon.
[   15.717797] at24 0-0050: 32768 byte 24c256 EEPROM, writable, 1 bytes/write
[   15.734264] wkup_m3_ipc 44e11324.wkup_m3_ipc: IPC Request for A8->M3 Channel failed! -517
         Starting Telephony service...
[   15.996488] wkup_m3_ipc 44e11324.wkup_m3_ipc: IPC Request for A8->M3 Channel failed! -517
         Starting System Logging Service...
         Starting Cape Manager Service...
[   16.404405] am335x-phy-driver 47401300.usb-phy: dummy supplies not allowed for exclusive requests (id=vbus)
         Starting Login Service...
[   16.594282] am335x-phy-driver 47401b00.usb-phy: dummy supplies not allowed for exclusive requests (id=vbus)
[[0;32m  OK  [0m] Started D-Bus System Message Bus.
[   16.620248] wkup_m3_ipc 44e11324.wkup_m3_ipc: IPC Request for A8->M3 Channel failed! -517
[   16.815046] wkup_m3_ipc 44e11324.wkup_m3_ipc: IPC Request for A8->M3 Channel failed! -517
[   16.900887] usbcore: registered new interface driver usbfs
[   16.907931] usbcore: registered new interface driver hub
[   16.913566] usbcore: registered new device driver usb
[   17.612419] wkup_m3_ipc 44e11324.wkup_m3_ipc: IPC Request for A8->M3 Channel failed! -517
[   17.742505] musb-hdrc musb-hdrc.1: MUSB HDRC host driver
[   17.747923] musb-hdrc musb-hdrc.1: new USB bus registered, assigned bus number 1
[   17.757541] wkup_m3_ipc 44e11324.wkup_m3_ipc: IPC Request for A8->M3 Channel failed! -517
[   17.773197] tda998x 0-0070: found TDA19988
[   17.895615] wkup_m3_ipc 44e11324.wkup_m3_ipc: IPC Request for A8->M3 Channel failed! -517
[   17.999141] usb usb1: New USB device found, idVendor=1d6b, idProduct=0002, bcdDevice= 6.14
[   18.007695] usb usb1: New USB device strings: Mfr=3, Product=2, SerialNumber=1
[   18.015017] usb usb1: Product: MUSB HDRC host driver
[   18.020131] usb usb1: Manufacturer: Linux 6.14.0-rc5-gcd62e85b2d7e musb-hcd
[   18.027193] usb usb1: SerialNumber: musb-hdrc.1
[   18.120619] omap-mailbox 480c8000.mailbox: omap mailbox rev 0x400
[   18.232640] remoteproc remoteproc0: powering up wkup_m3
[   18.443999] remoteproc remoteproc0: Direct firmware load for am335x-pm-firmware.elf failed with error -2
[   18.454022] remoteproc remoteproc0: request_firmware failed: -2
[   18.459985] wkup_m3_ipc 44e11324.wkup_m3_ipc: rproc_boot failed
[   18.475816] hub 1-0:1.0: USB hub found
[   18.525157] hub 1-0:1.0: 1 port detected
[   20.407586] tilcdc 4830e000.lcdc: bound 0-0070 (ops 0xbf0790f8)
[   20.461523] omap_rng 48310000.rng: Random Number Generator ver. 20
[   20.477363] [drm] Initialized tilcdc 1.0.0 for 4830e000.lcdc on minor 0
[   20.531706] tilcdc 4830e000.lcdc: [drm] Cannot find any crtc or sizes
[   20.539709] tilcdc 4830e000.lcdc: [drm] Cannot find any crtc or sizes
[[0;32m  OK  [0m] Started Telephony service.
         Starting Connection service...
         Starting DUN service...
         Starting LSB: Load kernel modules needed to enable cpufreq scaling...
[   21.126875] PM: Cannot get wkup_m3_ipc handle
[   21.166839] omap-sham 53100000.sham: hw accel on OMAP rev 4.3
         Starting Avahi mDNS/DNS-SD Stack...
[   21.319886] omap-sham 53100000.sham: will run requests pump with realtime priority
[   21.336243] PM: Cannot get wkup_m3_ipc handle
         Starting Generic Board Startup...
[[0;32m  OK  [0m] Reached target System Time Synchronized.
[   21.513657] omap-aes 53500000.aes: OMAP AES hw accel rev: 3.2
[[0;32m  OK  [0m] Started Daily apt download activities.
[   21.636413] omap-aes 53500000.aes: will run requests pump with realtime priority
[   21.646003] PM: Cannot get wkup_m3_ipc handle
[[0;32m  OK  [0m] Started Daily apt upgrade and clean activities.
[[0;32m  OK  [0m] Reached target Timers.
[[0;32m  OK  [0m] Started System Logging Service.
[[0;32m  OK  [0m] Started Cape Manager Service.
[[0;32m  OK  [0m] Found device /dev/ttyS0.
[   22.834552] Bluetooth: Core ver 2.22
[   22.838384] NET: Registered PF_BLUETOOTH protocol family
[   22.843893] Bluetooth: HCI device and connection manager initialized
[   22.850308] Bluetooth: HCI socket layer initialized
[   22.855293] Bluetooth: L2CAP socket layer initialized
[   22.860408] Bluetooth: SCO socket layer initialized
[   25.087882] PM: Cannot get wkup_m3_ipc handle
[   25.093333] OF: /sound: Read of boolean property 'simple-audio-card,bitclock-master' with a value.
[   25.102723] OF: /sound: Read of boolean property 'simple-audio-card,frame-master' with a value.
[   25.428755] PM: Cannot get wkup_m3_ipc handle
[[0;32m  OK  [0m] Started LSB: Start busybox udhcpd at boot time.
[[0;32m  OK  [0m] Started Raise network interfaces.
[[0;32m  OK  [0m] Started LSB: Load kernel modules needed to enable cpufreq scaling.
[   28.961987] configfs-gadget.g_multi gadget.0: HOST MAC 1c:ba:8c:a2:ed:6c
[   28.968769] configfs-gadget.g_multi gadget.0: MAC 1c:ba:8c:a2:ed:70
[   28.976079] configfs-gadget.g_multi gadget.0: HOST MAC 1c:ba:8c:a2:ed:6c
[   28.982931] configfs-gadget.g_multi gadget.0: MAC 1c:ba:8c:a2:ed:6d
[   28.990971] PM: Cannot get wkup_m3_ipc handle
[[0;32m  OK  [0m] Started DUN service.
[[0;32m  OK  [0m] Started Avahi mDNS/DNS-SD Stack.
[[0;32m  OK  [0m] Started Connection service.
[[0;32m  OK  [0m] Started Login Service.
[[0;32m  OK  [0m] Reached target Sound Card.
         Starting LSB: set CPUFreq kernel parameters...
[[0;32m  OK  [0m] Reached target Network.
         Starting OpenBSD Secure Shell server...
[[0;32m  OK  [0m] Reached target Network is Online.
         Starting LSB: Advanced IEEE 802.11 management daemon...
         Starting The Apache HTTP Server...
         Starting Permit User Sessions...
[[0;32m  OK  [0m] Started LSB: Advanced IEEE 802.11 management daemon.
[[0;32m  OK  [0m] Started Permit User Sessions.
         Starting Hostname Service...
         Starting WPA supplicant...
[[0;32m  OK  [0m] Started Getty on tty1.
[[0;32m  OK  [0m] Started Serial Getty on ttyS0.
[[0;32m  OK  [0m] Reached target Login Prompts.
[[0;32m  OK  [0m] Started LSB: set CPUFreq kernel parameters.
[[0;32m  OK  [0m] Started WPA supplicant.
[[0;32m  OK  [0m] Started Hostname Service.
[[0;32m  OK  [0m] Started OpenBSD Secure Shell server.
         Stopping LSB: Start busybox udhcpd at boot time...
[[0;32m  OK  [0m] Stopped LSB: Start busybox udhcpd at boot time.
[[0;32m  OK  [0m] Started The Apache HTTP Server.
         Starting dnsmasq - A lightweight DHCP and caching DNS server...
[[0;32m  OK  [0m] Started dnsmasq - A lightweight DHCP and caching DNS server.
[[0;32m  OK  [0m] Reached target Host and Network Name Lookups.
[[0;32m  OK  [0m] Started Serial Getty on ttyGS0.
[[0;32m  OK  [0m] Started Generic Board Startup.
[[0;32m  OK  [0m] Reached target Multi-User System.
[[0;32m  OK  [0m] Reached target Graphical Interface.
         Starting Update UTMP about System Runlevel Changes...
[[0;32m  OK  [0m] Started Update UTMP about System Runlevel Changes.

Debian GNU/Linux 9 arm ttyS0

default username:password is [debian:temppwd]

arm login: root
Password: 
Last login: Sat Jan  1 00:00:38 UTC 2000 on ttyS0
root
Linux arm 6.14.0-rc5-gcd62e85b2d7e #1 SMP Thu Mar 13 12:27:55 EET 2025 armv7l

The programs included with the Debian GNU/Linux system are free software;
the exact distribution terms for each program are described in the
individual files in /usr/share/doc/*/copyright.

Debian GNU/Linux comes with ABSOLUTELY NO WARRANTY, to the extent
permitted by applicable law.
root@arm:~# root
dmesg -n 1
-bash: root: command not found
root@arm:~# dmesg -n 1
root@arm:~# echo 'WEJT''GHSECT'
WEJTGHSECT
root@arm:~# run() { echo -n "$MARKER"; sh -c "$@"; echo "$MARKER $?"; }
root@arm:~# echo 'YFJM''HSMHCK'
YFJMHSMHCK
root@arm:~# MARKER='WSJZ''ZBFVVW' run 'cat /proc/version'
WSJZZBFVVWLinux version 6.14.0-rc5-gcd62e85b2d7e (user01@drvtest01) (arm-none-eabi-gcc (Arm GNU Toolchain 14.2.Rel1 (Build arm-14.52)) 14.2.1 20241119, GNU ld (Arm GNU Toolchain 14.2.Rel1 (Build arm-14.52)) 2.43.1.20241119) #1 SMP Thu Mar 13 12:27:55 EET 2025
WSJZZBFVVW 0
root@arm:~# echo 'TSYH''ZPJNQB'
TSYHZPJNQB
root@arm:~# MARKER='KVOH''FYZWOE' run false
KVOHFYZWOEKVOHFYZWOE 1
root@arm:~# Labgrid Console Logfile for main
Logfile started at 2025-03-13 12:30:14.664308
=== Log starts here ===

root@arm:~# run() { echo -n "$MARKER"; sh -c "$@"; echo "$MARKER $?"; }
root@arm:~# echo 'GENY''YYMQVZ'
GENYYYMQVZ
root@arm:~# MARKER='NVEQ''MCKSYS' run 'ls /iio_generic_buffer; echo $?'
NVEQMCKSYS/iio_generic_buffer
0
NVEQMCKSYS 0
root@arm:~# Labgrid Console Logfile for main
Logfile started at 2025-03-13 12:30:18.086018
=== Log starts here ===

root@arm:~# run() { echo -n "$MARKER"; sh -c "$@"; echo "$MARKER $?"; }
root@arm:~# echo 'MMSC''TBQUKW'
MMSCTBQUKW
root@arm:~# MARKER='ETEQ''PTVYLM' run dmesg
ETEQPTVYLM[    0.000000] Booting Linux on physical CPU 0x0
[    0.000000] Linux version 6.14.0-rc5-gcd62e85b2d7e (user01@drvtest01) (arm-none-eabi-gcc (Arm GNU Toolchain 14.2.Rel1 (Build arm-14.52)) 14.2.1 20241119, GNU ld (Arm GNU Toolchain 14.2.Rel1 (Build arm-14.52)) 2.43.1.20241119) #1 SMP Thu Mar 13 12:27:55 EET 2025
[    0.000000] CPU: ARMv7 Processor [413fc082] revision 2 (ARMv7), cr=10c5387d
[    0.000000] CPU: PIPT / VIPT nonaliasing data cache, VIPT aliasing instruction cache
[    0.000000] OF: fdt: Machine model: TI AM335x BeagleBone Black
[    0.000000] Memory policy: Data cache writeback
[    0.000000] cma: Reserved 16 MiB at 0x9e800000 on node -1
[    0.000000] Zone ranges:
[    0.000000]   Normal   [mem 0x0000000080000000-0x000000009fdfffff]
[    0.000000]   HighMem  empty
[    0.000000] Movable zone start for each node
[    0.000000] Early memory node ranges
[    0.000000]   node   0: [mem 0x0000000080000000-0x000000009fdfffff]
[    0.000000] Initmem setup node 0 [mem 0x0000000080000000-0x000000009fdfffff]
[    0.000000] OF: reserved mem: Reserved memory: No reserved-memory node in the DT
[    0.000000] CPU: All CPU(s) started in SVC mode.
[    0.000000] AM335X ES2.1 (sgx neon)
[    0.000000] percpu: Embedded 17 pages/cpu s39628 r8192 d21812 u69632
[    0.000000] pcpu-alloc: s39628 r8192 d21812 u69632 alloc=17*4096
[    0.000000] pcpu-alloc: [0] 0 
[    0.000000] Kernel command line: console=ttyO0,115200n8 root=/dev/nfs rw nfsroot=192.168.255.126:/home/user01/nfs,nfsvers=3 ip=192.168.255.1:192.168.255.126::255.255.255.0:bbb1:eth0 nfsrootdebug
[    0.000000] Unknown kernel command line parameters "nfsrootdebug", will be passed to user space.
[    0.000000] printk: log buffer data + meta data: 65536 + 204800 = 270336 bytes
[    0.000000] Dentry cache hash table entries: 65536 (order: 6, 262144 bytes, linear)
[    0.000000] Inode-cache hash table entries: 32768 (order: 5, 131072 bytes, linear)
[    0.000000] Built 1 zonelists, mobility grouping on.  Total pages: 130560
[    0.000000] mem auto-init: stack:off, heap alloc:off, heap free:off
[    0.000000] SLUB: HWalign=16, Order=0-3, MinObjects=0, CPUs=1, Nodes=1
[    0.000000] rcu: Hierarchical RCU implementation.
[    0.000000] rcu: 	RCU event tracing is enabled.
[    0.000000] rcu: 	RCU restricting CPUs from NR_CPUS=2 to nr_cpu_ids=1.
[    0.000000] 	Tracing variant of Tasks RCU enabled.
[    0.000000] rcu: RCU calculated value of scheduler-enlistment delay is 10 jiffies.
[    0.000000] rcu: Adjusting geometry for rcu_fanout_leaf=16, nr_cpu_ids=1
[    0.000000] RCU Tasks Trace: Setting shift to 0 and lim to 1 rcu_task_cb_adjust=1 rcu_task_cpu_ids=1.
[    0.000000] NR_IRQS: 16, nr_irqs: 16, preallocated irqs: 16
[    0.000000] IRQ: Found an INTC at 0x(ptrval) (revision 5.0) with 128 interrupts
[    0.000000] rcu: srcu_init: Setting srcu_struct sizes based on contention.
[    0.000000] TI gptimer clocksource: always-on /ocp/interconnect@44c00000/segment@200000/target-module@31000
[    0.000003] sched_clock: 32 bits at 24MHz, resolution 41ns, wraps every 89478484971ns
[    0.000026] clocksource: dmtimer: mask: 0xffffffff max_cycles: 0xffffffff, max_idle_ns: 79635851949 ns
[    0.000506] TI gptimer clockevent: 24000000 Hz at /ocp/interconnect@48000000/segment@0/target-module@40000
[    0.002164] Console: colour dummy device 80x30
[    0.002227] WARNING: Your 'console=ttyO0' has been replaced by 'ttyS0'
[    0.002235] This ensures that you still see kernel messages. Please
[    0.002240] update your kernel commandline.
[    0.002283] Calibrating delay loop... 996.14 BogoMIPS (lpj=4980736)
[    0.090555] CPU: Testing write buffer coherency: ok
[    0.090661] CPU0: Spectre v2: using BPIALL workaround
[    0.090672] pid_max: default: 32768 minimum: 301
[    0.090810] LSM: initializing lsm=capability
[    0.090977] Mount-cache hash table entries: 1024 (order: 0, 4096 bytes, linear)
[    0.090996] Mountpoint-cache hash table entries: 1024 (order: 0, 4096 bytes, linear)
[    0.092595] CPU0: thread -1, cpu 0, socket -1, mpidr 0
[    0.092652] cacheinfo: Unable to detect cache hierarchy for CPU 0
[    0.160915] Setting up static identity map for 0x80100000 - 0x80100078
[    0.170709] rcu: Hierarchical SRCU implementation.
[    0.170720] rcu: 	Max phase no-delay instances is 1000.
[    0.190755] smp: Bringing up secondary CPUs ...
[    0.190813] smp: Brought up 1 node, 1 CPU
[    0.190826] SMP: Total of 1 processors activated (996.14 BogoMIPS).
[    0.190837] CPU: All CPU(s) started in SVC mode.
[    0.191005] Memory: 480844K/522240K available (11264K kernel code, 1209K rwdata, 2896K rodata, 1024K init, 291K bss, 23380K reserved, 16384K cma-reserved, 0K highmem)
[    0.191853] devtmpfs: initialized
[    0.208380] VFP support v0.3: implementor 41 architecture 3 part 30 variant c rev 3
[    0.208723] clocksource: jiffies: mask: 0xffffffff max_cycles: 0xffffffff, max_idle_ns: 19112604462750000 ns
[    0.208760] futex hash table entries: 256 (order: 2, 16384 bytes, linear)
[    0.210088] pinctrl core: initialized pinctrl subsystem
[    0.213021] NET: Registered PF_NETLINK/PF_ROUTE protocol family
[    0.215786] DMA: preallocated 256 KiB pool for atomic coherent allocations
[    0.216691] audit: initializing netlink subsys (disabled)
[    0.218025] thermal_sys: Registered thermal governor 'fair_share'
[    0.218040] thermal_sys: Registered thermal governor 'step_wise'
[    0.218049] thermal_sys: Registered thermal governor 'user_space'
[    0.218189] audit: type=2000 audit(0.210:1): state=initialized audit_enabled=0 res=1
[    0.218225] cpuidle: using governor menu
[    0.236026] /ocp/interconnect@44c00000/segment@200000/target-module@b000/i2c@0/tda19988@70: Fixed dependency cycle(s) with /ocp/interconnect@48000000/segment@300000/target-module@e000/lcdc@0
[    0.237138] /ocp/interconnect@48000000/segment@300000/target-module@e000/lcdc@0: Fixed dependency cycle(s) with /ocp/interconnect@44c00000/segment@200000/target-module@b000/i2c@0/tda19988@70
[    0.239286] No ATAGs?
[    0.239328] hw-breakpoint: debug architecture 0x4 unsupported.
[    0.242191] kprobes: kprobe jump-optimization is enabled. All kprobes are optimized if possible.
[    0.253891] iommu: Default domain type: Translated
[    0.253913] iommu: DMA domain TLB invalidation policy: strict mode
[    0.255540] reg-fixed-voltage fixedregulator0: using DT '/fixedregulator0' for '(default)' GPIO lookup
[    0.255592] of_get_named_gpiod_flags: can't parse 'gpios' property of node '/fixedregulator0[0]'
[    0.255622] of_get_named_gpiod_flags: can't parse 'gpio' property of node '/fixedregulator0[0]'
[    0.255639] reg-fixed-voltage fixedregulator0: using lookup tables for GPIO lookup
[    0.255648] reg-fixed-voltage fixedregulator0: No GPIO consumer (default) found
[    0.261768] SCSI subsystem initialized
[    0.262242] libata version 3.00 loaded.
[    0.262601] pps_core: LinuxPPS API ver. 1 registered
[    0.262612] pps_core: Software ver. 5.3.6 - Copyright 2005-2007 Rodolfo Giometti <giometti@linux.it>
[    0.262635] PTP clock support registered
[    0.270873] vgaarb: loaded
[    0.271235] clocksource: Switched to clocksource dmtimer
[    0.271881] VFS: Disk quotas dquot_6.6.0
[    0.271938] VFS: Dquot-cache hash table entries: 1024 (order 0, 4096 bytes)
[    0.296126] NET: Registered PF_INET protocol family
[    0.296469] IP idents hash table entries: 8192 (order: 4, 65536 bytes, linear)
[    0.297898] tcp_listen_portaddr_hash hash table entries: 512 (order: 0, 4096 bytes, linear)
[    0.297933] Table-perturb hash table entries: 65536 (order: 6, 262144 bytes, linear)
[    0.297952] TCP established hash table entries: 4096 (order: 2, 16384 bytes, linear)
[    0.297994] TCP bind hash table entries: 4096 (order: 4, 65536 bytes, linear)
[    0.298093] TCP: Hash tables configured (established 4096 bind 4096)
[    0.298211] UDP hash table entries: 256 (order: 1, 14336 bytes, linear)
[    0.298246] UDP-Lite hash table entries: 256 (order: 1, 14336 bytes, linear)
[    0.298422] NET: Registered PF_UNIX/PF_LOCAL protocol family
[    0.299648] RPC: Registered named UNIX socket transport module.
[    0.299671] RPC: Registered udp transport module.
[    0.299677] RPC: Registered tcp transport module.
[    0.299682] RPC: Registered tcp-with-tls transport module.
[    0.299687] RPC: Registered tcp NFSv4.1 backchannel transport module.
[    0.299713] PCI: CLS 0 bytes, default 64
[    0.301106] Initialise system trusted keyrings
[    0.312214] workingset: timestamp_bits=14 max_order=17 bucket_order=3
[    0.313552] NFS: Registering the id_resolver key type
[    0.313627] Key type id_resolver registered
[    0.313634] Key type id_legacy registered
[    0.313683] jffs2: version 2.2. (NAND) (SUMMARY)  Â© 2001-2006 Red Hat, Inc.
[    0.314076] Key type asymmetric registered
[    0.314093] Asymmetric key parser 'x509' registered
[    0.314163] io scheduler mq-deadline registered
[    0.314172] io scheduler kyber registered
[    0.314241] io scheduler bfq registered
[    0.315782] ledtrig-cpu: registered to indicate activity on CPUs
[    0.321770] Serial: 8250/16550 driver, 6 ports, IRQ sharing enabled
[    0.388567] brd: module loaded
[    0.404087] loop: module loaded
[    0.404988] mtdoops: mtd device (mtddev=name/number) must be supplied
[    0.406680] mdio_bus fixed-0: using lookup tables for GPIO lookup
[    0.406703] mdio_bus fixed-0: No GPIO consumer reset found
[    0.408024] i2c_dev: i2c /dev entries driver
[    0.408962] cpuidle: enable-method property 'ti,am3352' found operations
[    0.409402] sdhci: Secure Digital Host Controller Interface driver
[    0.409411] sdhci: Copyright(c) Pierre Ossman
[    0.409585] sdhci-pltfm: SDHCI platform and OF driver helper
[    0.410558] Initializing XFRM netlink socket
[    0.410714] NET: Registered PF_INET6 protocol family
[    0.427316] Segment Routing with IPv6
[    0.427402] In-situ OAM (IOAM) with IPv6
[    0.427506] sit: IPv6, IPv4 and MPLS over IPv4 tunneling driver
[    0.428439] NET: Registered PF_PACKET protocol family
[    0.428474] NET: Registered PF_KEY protocol family
[    0.428585] Key type dns_resolver registered
[    0.428812] ThumbEE CPU extension supported.
[    0.428832] Registering SWP/SWPB emulation handler
[    0.429368] omap_voltage_late_init: Voltage driver support not added
[    0.429726] SmartReflex Class3 initialized
[    0.468556] Loading compiled-in X.509 certificates
[    0.505473] OF: /ocp: Read of boolean property 'clocks' with a value.
[    0.508592] /ocp/interconnect@44c00000/segment@200000/target-module@b000/i2c@0/tda19988@70: Fixed dependency cycle(s) with /ocp/interconnect@48000000/segment@300000/target-module@e000/lcdc@0
[    0.509534] OF: /ocp/interconnect@44c00000: Read of boolean property 'clocks' with a value.
[    0.515172] /ocp/interconnect@44c00000/segment@200000/target-module@b000/i2c@0/tda19988@70: Fixed dependency cycle(s) with /ocp/interconnect@48000000/segment@300000/target-module@e000/lcdc@0
[    0.520530] gpiochip_find_base_unlocked: found new base at 512
[    0.546837] /ocp/interconnect@44c00000/segment@200000/target-module@b000/i2c@0/tda19988@70: Fixed dependency cycle(s) with /ocp/interconnect@48000000/segment@300000/target-module@e000/lcdc@0
[    0.547719] /ocp/interconnect@44c00000/segment@200000/target-module@b000/i2c@0/tda19988@70: Fixed dependency cycle(s) with /ocp/interconnect@48000000/segment@300000/target-module@e000/lcdc@0
[    0.551059] /ocp/interconnect@44c00000/segment@200000/target-module@10000/scm@0/pinmux@800: Fixed dependency cycle(s) with /ocp/interconnect@44c00000/segment@200000/target-module@10000/scm@0/pinmux@800/clkout2-pins
[    0.551859] pinctrl-single 44e10800.pinmux: 142 pins, size 568
[    0.557024] ti-sysc 44e31000.target-module: probe with driver ti-sysc failed with error -16
[    0.595138] /ocp/interconnect@48000000/segment@300000/target-module@e000/lcdc@0: Fixed dependency cycle(s) with /ocp/interconnect@44c00000/segment@200000/target-module@b000/i2c@0/tda19988@70
[    0.595461] OF: /ocp/interconnect@48000000: Read of boolean property 'clocks' with a value.
[    0.603206] ti-sysc 48040000.target-module: probe with driver ti-sysc failed with error -16
[    0.614480] gpiochip_find_base_unlocked: found new base at 512
[    0.614579] gpio gpiochip0: (gpio-0-31): created GPIO range 0->7 ==> 44e10800.pinmux PIN 0->7
[    0.614610] gpio gpiochip0: (gpio-0-31): created GPIO range 8->11 ==> 44e10800.pinmux PIN 90->93
[    0.614627] gpio gpiochip0: (gpio-0-31): created GPIO range 12->27 ==> 44e10800.pinmux PIN 12->27
[    0.614642] gpio gpiochip0: (gpio-0-31): created GPIO range 28->31 ==> 44e10800.pinmux PIN 30->33
[    0.647826] gpio gpiochip0: (gpio-0-31): added GPIO chardev (254:0)
[    0.647995] gpio gpiochip0: registered GPIOs 512 to 543 on gpio-0-31
[    0.648077] OMAP GPIO hardware version 0.1
[    0.688798] i2c i2c-2: using DT '/ocp/interconnect@48000000/segment@100000/target-module@9c000/i2c@0' for 'scl' GPIO lookup
[    0.688871] of_get_named_gpiod_flags: can't parse 'scl-gpios' property of node '/ocp/interconnect@48000000/segment@100000/target-module@9c000/i2c@0[0]'
[    0.688912] of_get_named_gpiod_flags: can't parse 'scl-gpio' property of node '/ocp/interconnect@48000000/segment@100000/target-module@9c000/i2c@0[0]'
[    0.688947] i2c i2c-2: using lookup tables for GPIO lookup
[    0.688957] i2c i2c-2: No GPIO consumer scl found
[    0.688978] i2c i2c-2: using DT '/ocp/interconnect@48000000/segment@100000/target-module@9c000/i2c@0' for 'sda' GPIO lookup
[    0.689013] of_get_named_gpiod_flags: can't parse 'sda-gpios' property of node '/ocp/interconnect@48000000/segment@100000/target-module@9c000/i2c@0[0]'
[    0.689049] of_get_named_gpiod_flags: can't parse 'sda-gpio' property of node '/ocp/interconnect@48000000/segment@100000/target-module@9c000/i2c@0[0]'
[    0.689080] i2c i2c-2: using lookup tables for GPIO lookup
[    0.689087] i2c i2c-2: No GPIO consumer sda found
[    0.689774] omap_i2c 4819c000.i2c: bus 2 rev0.11 at 100 kHz
[    0.695535] gpiochip_find_base_unlocked: found new base at 544
[    0.695635] gpio gpiochip1: (gpio-32-63): created GPIO range 0->17 ==> 44e10800.pinmux PIN 34->51
[    0.695657] gpio gpiochip1: (gpio-32-63): created GPIO range 18->21 ==> 44e10800.pinmux PIN 77->80
[    0.695673] gpio gpiochip1: (gpio-32-63): created GPIO range 22->31 ==> 44e10800.pinmux PIN 56->65
[    0.696480] gpio gpiochip1: (gpio-32-63): added GPIO chardev (254:1)
[    0.696626] gpio gpiochip1: registered GPIOs 544 to 575 on gpio-32-63
[    0.698796] gpiochip_find_base_unlocked: found new base at 576
[    0.698885] gpio gpiochip2: (gpio-64-95): created GPIO range 0->4 ==> 44e10800.pinmux PIN 66->70
[    0.698906] gpio gpiochip2: (gpio-64-95): created GPIO range 5->6 ==> 44e10800.pinmux PIN 98->99
[    0.698920] gpio gpiochip2: (gpio-64-95): created GPIO range 7->8 ==> 44e10800.pinmux PIN 75->76
[    0.698936] gpio gpiochip2: (gpio-64-95): created GPIO range 13->13 ==> 44e10800.pinmux PIN 141->141
[    0.698951] gpio gpiochip2: (gpio-64-95): created GPIO range 14->21 ==> 44e10800.pinmux PIN 100->107
[    0.699571] gpio gpiochip2: (gpio-64-95): added GPIO chardev (254:2)
[    0.699702] gpio gpiochip2: registered GPIOs 576 to 607 on gpio-64-95
[    0.705412] 48000000.interconnect:segment@200000:target-module@0:mpu@0:fck: device ID is greater than 24
[    0.706261] /ocp/interconnect@48000000/segment@300000/target-module@e000/lcdc@0: Fixed dependency cycle(s) with /ocp/interconnect@44c00000/segment@200000/target-module@b000/i2c@0/tda19988@70
[    0.708965] /ocp/interconnect@48000000/segment@300000/target-module@e000/lcdc@0: Fixed dependency cycle(s) with /ocp/interconnect@44c00000/segment@200000/target-module@b000/i2c@0/tda19988@70
[    0.709657] /ocp/interconnect@44c00000/segment@200000/target-module@b000/i2c@0/tda19988@70: Fixed dependency cycle(s) with /ocp/interconnect@48000000/segment@300000/target-module@e000/lcdc@0
[    0.709818] /ocp/interconnect@48000000/segment@300000/target-module@e000/lcdc@0: Fixed dependency cycle(s) with /ocp/interconnect@44c00000/segment@200000/target-module@b000/i2c@0/tda19988@70
[    0.714075] OF: /ocp/interconnect@4a000000: Read of boolean property 'clocks' with a value.
[    0.719252] mdio_bus 4a101000.mdio: using DT '/ocp/interconnect@4a000000/segment@0/target-module@100000/switch@0/mdio@1000' for 'reset' GPIO lookup
[    0.719323] of_get_named_gpiod_flags: can't parse 'reset-gpios' property of node '/ocp/interconnect@4a000000/segment@0/target-module@100000/switch@0/mdio@1000[0]'
[    0.719370] of_get_named_gpiod_flags: can't parse 'reset-gpio' property of node '/ocp/interconnect@4a000000/segment@0/target-module@100000/switch@0/mdio@1000[0]'
[    0.719416] mdio_bus 4a101000.mdio: using lookup tables for GPIO lookup
[    0.719426] mdio_bus 4a101000.mdio: No GPIO consumer reset found
[    0.720337] sdhci-omap 481d8000.mmc: using DT '/ocp/interconnect@48000000/segment@100000/target-module@d8000/mmc@0' for 'wp' GPIO lookup
[    0.720398] of_get_named_gpiod_flags: can't parse 'wp-gpios' property of node '/ocp/interconnect@48000000/segment@100000/target-module@d8000/mmc@0[0]'
[    0.720439] of_get_named_gpiod_flags: can't parse 'wp-gpio' property of node '/ocp/interconnect@48000000/segment@100000/target-module@d8000/mmc@0[0]'
[    0.720473] sdhci-omap 481d8000.mmc: using lookup tables for GPIO lookup
[    0.720482] sdhci-omap 481d8000.mmc: No GPIO consumer wp found
[    0.720679] sdhci-omap 481d8000.mmc: supply pbias not found, using dummy regulator
[    0.721169] sdhci-omap 481d8000.mmc: supply vqmmc not found, using dummy regulator
[    0.762948] davinci_mdio 4a101000.mdio: davinci mdio revision 1.6, bus freq 1000000
[    0.784105] mdio_bus 4a101000.mdio:00: using DT '/ocp/interconnect@4a000000/segment@0/target-module@100000/switch@0/mdio@1000/ethernet-phy@0' for 'reset' GPIO lookup
[    0.784207] of_get_named_gpiod_flags: parsed 'reset-gpios' property of node '/ocp/interconnect@4a000000/segment@0/target-module@100000/switch@0/mdio@1000/ethernet-phy@0[0]' - status (0)
[    0.784374] gpio gpiochip0: Persistence not supported for GPIO 8
[    0.912224] davinci_mdio 4a101000.mdio: phy[0]: device 4a101000.mdio:00, driver SMSC LAN8710/LAN8720
[    0.913008] cpsw-switch 4a100000.switch: initialized cpsw ale version 1.4
[    0.913029] cpsw-switch 4a100000.switch: ALE Table size 1024, Policers 0
[    0.913172] cpsw-switch 4a100000.switch: cpts: overflow check period 500 (jiffies)
[    0.913188] cpsw-switch 4a100000.switch: CPTS: ref_clk_freq:250000000 calc_mult:2147483648 calc_shift:29 error:0 nsec/sec
[    0.913293] cpsw-switch 4a100000.switch: Detected MACID = 6c:ec:eb:68:de:78
[    0.915032] cpsw-switch 4a100000.switch: initialized (regs 0x4a100000, pool size 256) hw_ver:0019010C 1.12 (0)
[    0.925696] debugfs: Directory '49000000.dma' with parent 'dmaengine' already present!
[    0.925739] edma 49000000.dma: TI EDMA DMA engine driver
[    0.967199] target-module@4b000000:target-module@140000:pmu@0:fck: device ID is greater than 24
[    0.995191] hw perfevents: enabled with armv7_cortex_a8 PMU driver, 5 (8000000f) counters available
[    0.996092] gpio-clk clk_mcasp0: using DT '/clk_mcasp0' for 'enable' GPIO lookup
[    0.996157] of_get_named_gpiod_flags: parsed 'enable-gpios' property of node '/clk_mcasp0[0]' - status (0)
[    0.996200] gpio gpiochip0: Persistence not supported for GPIO 27
[    0.996997] gpiochip_find_base_unlocked: found new base at 608
[    0.997104] gpio gpiochip3: (gpio-96-127): created GPIO range 0->7 ==> 44e10800.pinmux PIN 82->89
[    0.997123] gpio gpiochip3: (gpio-96-127): created GPIO range 8->11 ==> 44e10800.pinmux PIN 52->55
[    0.997139] gpio gpiochip3: (gpio-96-127): created GPIO range 12->15 ==> 44e10800.pinmux PIN 94->97
[    0.997154] gpio gpiochip3: (gpio-96-127): created GPIO range 16->17 ==> 44e10800.pinmux PIN 71->72
[    0.997170] gpio gpiochip3: (gpio-96-127): created GPIO range 18->18 ==> 44e10800.pinmux PIN 135->135
[    0.997186] gpio gpiochip3: (gpio-96-127): created GPIO range 19->20 ==> 44e10800.pinmux PIN 108->109
[    0.997202] gpio gpiochip3: (gpio-96-127): created GPIO range 21->21 ==> 44e10800.pinmux PIN 73->73
[    0.997219] gpio gpiochip3: (gpio-96-127): created GPIO range 22->23 ==> 44e10800.pinmux PIN 8->9
[    0.997236] gpio gpiochip3: (gpio-96-127): created GPIO range 26->27 ==> 44e10800.pinmux PIN 10->11
[    0.997253] gpio gpiochip3: (gpio-96-127): created GPIO range 28->28 ==> 44e10800.pinmux PIN 74->74
[    0.997271] gpio gpiochip3: (gpio-96-127): created GPIO range 29->29 ==> 44e10800.pinmux PIN 81->81
[    0.997289] gpio gpiochip3: (gpio-96-127): created GPIO range 30->31 ==> 44e10800.pinmux PIN 28->29
[    1.002619] l3-aon-clkctrl:0000:0: failed to disable
[    1.003190] gpio gpiochip3: (gpio-96-127): added GPIO chardev (254:3)
[    1.003325] gpio gpiochip3: registered GPIOs 608 to 639 on gpio-96-127
[    1.005277] omap8250 44e09000.serial: using DT '/ocp/interconnect@44c00000/segment@200000/target-module@9000/serial@0' for 'rs485-term' GPIO lookup
[    1.005348] of_get_named_gpiod_flags: can't parse 'rs485-term-gpios' property of node '/ocp/interconnect@44c00000/segment@200000/target-module@9000/serial@0[0]'
[    1.005391] of_get_named_gpiod_flags: can't parse 'rs485-term-gpio' property of node '/ocp/interconnect@44c00000/segment@200000/target-module@9000/serial@0[0]'
[    1.005426] omap8250 44e09000.serial: using lookup tables for GPIO lookup
[    1.005435] omap8250 44e09000.serial: No GPIO consumer rs485-term found
[    1.005446] omap8250 44e09000.serial: using DT '/ocp/interconnect@44c00000/segment@200000/target-module@9000/serial@0' for 'rs485-rx-during-tx' GPIO lookup
[    1.005481] of_get_named_gpiod_flags: can't parse 'rs485-rx-during-tx-gpios' property of node '/ocp/interconnect@44c00000/segment@200000/target-module@9000/serial@0[0]'
[    1.005518] of_get_named_gpiod_flags: can't parse 'rs485-rx-during-tx-gpio' property of node '/ocp/interconnect@44c00000/segment@200000/target-module@9000/serial@0[0]'
[    1.005549] omap8250 44e09000.serial: using lookup tables for GPIO lookup
[    1.005557] omap8250 44e09000.serial: No GPIO consumer rs485-rx-during-tx found
[    1.005920] 44e09000.serial: ttyS0 at MMIO 0x44e09000 (irq = 34, base_baud = 3000000) is a 8250
[    1.006012] printk: legacy console [ttyS0] enabled
[    2.446347] i2c i2c-0: using DT '/ocp/interconnect@44c00000/segment@200000/target-module@b000/i2c@0' for 'scl' GPIO lookup
[    2.446435] of_get_named_gpiod_flags: can't parse 'scl-gpios' property of node '/ocp/interconnect@44c00000/segment@200000/target-module@b000/i2c@0[0]'
[    2.446481] of_get_named_gpiod_flags: can't parse 'scl-gpio' property of node '/ocp/interconnect@44c00000/segment@200000/target-module@b000/i2c@0[0]'
[    2.446521] i2c i2c-0: using lookup tables for GPIO lookup
[    2.446535] i2c i2c-0: No GPIO consumer scl found
[    2.446559] i2c i2c-0: using DT '/ocp/interconnect@44c00000/segment@200000/target-module@b000/i2c@0' for 'sda' GPIO lookup
[    2.446599] of_get_named_gpiod_flags: can't parse 'sda-gpios' property of node '/ocp/interconnect@44c00000/segment@200000/target-module@b000/i2c@0[0]'
[    2.446639] of_get_named_gpiod_flags: can't parse 'sda-gpio' property of node '/ocp/interconnect@44c00000/segment@200000/target-module@b000/i2c@0[0]'
[    2.446674] i2c i2c-0: using lookup tables for GPIO lookup
[    2.446684] i2c i2c-0: No GPIO consumer sda found
[    2.462246] tps65217-pmic: Failed to locate of_node [id: -1]
[    2.468295] tps65217-bl: Failed to locate of_node [id: -1]
[    2.479607] tps65217 0-0024: TPS65217 ID 0xe version 1.2
[    2.485727] /ocp/interconnect@48000000/segment@300000/target-module@e000/lcdc@0: Fixed dependency cycle(s) with /ocp/interconnect@44c00000/segment@200000/target-module@b000/i2c@0/tda19988@70
[    2.503109] /ocp/interconnect@44c00000/segment@200000/target-module@b000/i2c@0/tda19988@70: Fixed dependency cycle(s) with /ocp/interconnect@48000000/segment@300000/target-module@e000/lcdc@0
[    2.520470] omap_i2c 44e0b000.i2c: bus 0 rev0.11 at 400 kHz
[    2.528224] sdhci-omap 48060000.mmc: using DT '/ocp/interconnect@48000000/segment@0/target-module@60000/mmc@0' for 'cd' GPIO lookup
[    2.528329] of_get_named_gpiod_flags: parsed 'cd-gpios' property of node '/ocp/interconnect@48000000/segment@0/target-module@60000/mmc@0[0]' - status (0)
[    2.528396] gpio gpiochip3: Persistence not supported for GPIO 6
[    2.528421] omap_gpio 44e07000.gpio: Could not set line 6 debounce to 200000 microseconds (-22)
[    2.537301] sdhci-omap 48060000.mmc: Got CD GPIO
[    2.541982] sdhci-omap 48060000.mmc: using DT '/ocp/interconnect@48000000/segment@0/target-module@60000/mmc@0' for 'wp' GPIO lookup
[    2.542030] of_get_named_gpiod_flags: can't parse 'wp-gpios' property of node '/ocp/interconnect@48000000/segment@0/target-module@60000/mmc@0[0]'
[    2.542074] of_get_named_gpiod_flags: can't parse 'wp-gpio' property of node '/ocp/interconnect@48000000/segment@0/target-module@60000/mmc@0[0]'
[    2.542112] sdhci-omap 48060000.mmc: using lookup tables for GPIO lookup
[    2.542126] sdhci-omap 48060000.mmc: No GPIO consumer wp found
[    2.542333] sdhci-omap 48060000.mmc: supply pbias not found, using dummy regulator
[    2.551010] sdhci-omap 481d8000.mmc: using DT '/ocp/interconnect@48000000/segment@100000/target-module@d8000/mmc@0' for 'wp' GPIO lookup
[    2.551084] of_get_named_gpiod_flags: can't parse 'wp-gpios' property of node '/ocp/interconnect@48000000/segment@100000/target-module@d8000/mmc@0[0]'
[    2.551132] of_get_named_gpiod_flags: can't parse 'wp-gpio' property of node '/ocp/interconnect@48000000/segment@100000/target-module@d8000/mmc@0[0]'
[    2.551171] sdhci-omap 481d8000.mmc: using lookup tables for GPIO lookup
[    2.551184] sdhci-omap 481d8000.mmc: No GPIO consumer wp found
[    2.552280] sdhci-omap 48060000.mmc: supply vqmmc not found, using dummy regulator
[    2.560864] sdhci-omap 481d8000.mmc: supply pbias not found, using dummy regulator
[    2.569467] sdhci-omap 481d8000.mmc: supply vqmmc not found, using dummy regulator
[    2.607087] mmc1: SDHCI controller on 481d8000.mmc [481d8000.mmc] using External DMA
[    2.616316] mmc0: SDHCI controller on 48060000.mmc [48060000.mmc] using External DMA
[    2.625040] cpsw-switch 4a100000.switch: starting ndev. mode: dual_mac
[    2.670448] mmc0: new high speed SDHC card at address 5048
[    2.677607] mmcblk0: mmc0:5048 SD16G 14.4 GiB
[    2.685656]  mmcblk0: p1 p2
[    2.689085] mmcblk0: p2 size 31221760 extends beyond EOD, truncated
[    2.702515] SMSC LAN8710/LAN8720 4a101000.mdio:00: attached PHY driver (mii_bus:phy_addr=4a101000.mdio:00, irq=POLL)
[    2.714626] mmc1: new high speed MMC card at address 0001
[    2.721525] mmcblk1: mmc1:0001 MMC04G 3.60 GiB
[    2.733440]  mmcblk1: p1 p2
[    2.737671] mmcblk1boot0: mmc1:0001 MMC04G 2.00 MiB
[    2.745016] mmcblk1boot1: mmc1:0001 MMC04G 2.00 MiB
[    2.752464] mmcblk1rpmb: mmc1:0001 MMC04G 128 KiB, chardev (250:0)
[    5.842026] cpsw-switch 4a100000.switch eth0: Link is Up - 100Mbps/Full - flow control off
[    5.881524] IP-Config: Complete:
[    5.884800]      device=eth0, hwaddr=6c:ec:eb:68:de:78, ipaddr=192.168.255.1, mask=255.255.255.0, gw=255.255.255.255
[    5.895465]      host=bbb1, domain=, nis-domain=(none)
[    5.900634]      bootserver=192.168.255.126, rootserver=192.168.255.126, rootpath=
[    5.901063] clk: Disabling unused clocks
[    5.912925] PM: genpd: Disabling unused power domains
[    5.918042] KTAP version 1
[    5.920763] 1..0
[    5.944956] VFS: Mounted root (nfs filesystem) on device 0:17.
[    5.951843] devtmpfs: mounted
[    5.956330] Freeing unused kernel image (initmem) memory: 1024K
[    5.963235] Run /sbin/init as init process
[    5.967371]   with arguments:
[    5.967384]     /sbin/init
[    5.967393]     nfsrootdebug
[    5.967402]   with environment:
[    5.967410]     HOME=/
[    5.967419]     TERM=linux
[    6.662183] systemd[1]: System time before build time, advancing clock.
[    8.131258] random: crng init done
[    8.163866] systemd[1]: systemd 232 running in system mode. (+PAM +AUDIT +SELINUX +IMA +APPARMOR +SMACK +SYSVINIT +UTMP +LIBCRYPTSETUP +GCRYPT +GNUTLS +ACL +XZ +LZ4 +SECCOMP +BLKID +ELFUTILS +KMOD +IDN)
[    8.182875] systemd[1]: Detected architecture arm.
[    8.214401] systemd[1]: Set hostname to <arm>.
[    9.318233] systemd[1]: Listening on Syslog Socket.
[    9.343187] systemd[1]: Listening on /dev/initctl Compatibility Named Pipe.
[    9.371643] systemd[1]: Reached target Swap.
[    9.392268] systemd[1]: Listening on Journal Socket (/dev/log).
[    9.422080] systemd[1]: Listening on Journal Socket.
[    9.452239] systemd[1]: Started Dispatch Password Requests to Console Directory Watch.
[    9.482810] systemd[1]: Created slice User and Session Slice.
[   11.768288] systemd-journald[87]: Received request to flush runtime journal from PID 1
[   14.447540] leds-gpio leds: using DT '/leds/led2' for '(default)' GPIO lookup
[   14.447646] of_get_named_gpiod_flags: parsed 'gpios' property of node '/leds/led2[0]' - status (0)
[   14.447703] gpio gpiochip0: Persistence not supported for GPIO 21
[   14.447720] gpio-533 (?): no flags found for GPIO (default)
[   14.481509] leds-gpio leds: using DT '/leds/led3' for '(default)' GPIO lookup
[   14.481619] of_get_named_gpiod_flags: parsed 'gpios' property of node '/leds/led3[0]' - status (0)
[   14.481675] gpio gpiochip0: Persistence not supported for GPIO 22
[   14.481691] gpio-534 (?): no flags found for GPIO (default)
[   14.534793] leds-gpio leds: using DT '/leds/led4' for '(default)' GPIO lookup
[   14.535019] of_get_named_gpiod_flags: parsed 'gpios' property of node '/leds/led4[0]' - status (0)
[   14.535075] gpio gpiochip0: Persistence not supported for GPIO 23
[   14.535091] gpio-535 (?): no flags found for GPIO (default)
[   14.561729] leds-gpio leds: using DT '/leds/led5' for '(default)' GPIO lookup
[   14.561826] of_get_named_gpiod_flags: parsed 'gpios' property of node '/leds/led5[0]' - status (0)
[   14.561877] gpio gpiochip0: Persistence not supported for GPIO 24
[   14.561892] gpio-536 (?): no flags found for GPIO (default)
[   14.840777] remoteproc remoteproc0: wkup_m3 is available
[   15.065823] omap_rtc 44e3e000.rtc: registered as rtc0
[   15.071004] omap_rtc 44e3e000.rtc: setting system clock to 2000-01-01T00:00:00 UTC (946684800)
[   15.079876] omap_rtc 44e3e000.rtc: using DT '/ocp/interconnect@44c00000/segment@200000/target-module@3e000/rtc@0' for 'wp' GPIO lookup
[   15.079956] of_get_named_gpiod_flags: can't parse 'wp-gpios' property of node '/ocp/interconnect@44c00000/segment@200000/target-module@3e000/rtc@0[0]'
[   15.080006] of_get_named_gpiod_flags: can't parse 'wp-gpio' property of node '/ocp/interconnect@44c00000/segment@200000/target-module@3e000/rtc@0[0]'
[   15.080047] omap_rtc 44e3e000.rtc: using lookup tables for GPIO lookup
[   15.080061] omap_rtc 44e3e000.rtc: No GPIO consumer wp found
[   15.168112] at24 2-0054: supply vcc not found, using dummy regulator
[   15.240515] omap_wdt: OMAP Watchdog Timer Rev 0x01: initial timeout 60 sec
[   15.307509] at24 2-0055: supply vcc not found, using dummy regulator
[   15.417817] at24 2-0056: supply vcc not found, using dummy regulator
[   15.464424] tps6521x_pwrbutton tps65217-pwrbutton: DMA mask not set
[   15.539589] at24 2-0057: supply vcc not found, using dummy regulator
[   15.577274] wkup_m3_ipc 44e11324.wkup_m3_ipc: IPC Request for A8->M3 Channel failed! -517
[   15.613028] input: tps65217_pwrbutton as /devices/platform/ocp/44c00000.interconnect/44c00000.interconnect:segment@200000/44e0b000.target-module/44e0b000.i2c/i2c-0/0-0024/tps65217-pwrbutton/input/input0
[   15.632780] wkup_m3_ipc 44e11324.wkup_m3_ipc: IPC Request for A8->M3 Channel failed! -517
[   15.716895] at24 0-0050: using DT '/ocp/interconnect@44c00000/segment@200000/target-module@b000/i2c@0/eeprom@50' for 'wp' GPIO lookup
[   15.717045] of_get_named_gpiod_flags: can't parse 'wp-gpios' property of node '/ocp/interconnect@44c00000/segment@200000/target-module@b000/i2c@0/eeprom@50[0]'
[   15.717149] of_get_named_gpiod_flags: can't parse 'wp-gpio' property of node '/ocp/interconnect@44c00000/segment@200000/target-module@b000/i2c@0/eeprom@50[0]'
[   15.717240] at24 0-0050: using lookup tables for GPIO lookup
[   15.717259] at24 0-0050: No GPIO consumer wp found
[   15.717797] at24 0-0050: 32768 byte 24c256 EEPROM, writable, 1 bytes/write
[   15.734264] wkup_m3_ipc 44e11324.wkup_m3_ipc: IPC Request for A8->M3 Channel failed! -517
[   15.996488] wkup_m3_ipc 44e11324.wkup_m3_ipc: IPC Request for A8->M3 Channel failed! -517
[   16.403953] am335x-phy-driver 47401300.usb-phy: using DT '/ocp/target-module@47400000/usb-phy@1300' for 'reset' GPIO lookup
[   16.404048] of_get_named_gpiod_flags: can't parse 'reset-gpios' property of node '/ocp/target-module@47400000/usb-phy@1300[0]'
[   16.404093] of_get_named_gpiod_flags: can't parse 'reset-gpio' property of node '/ocp/target-module@47400000/usb-phy@1300[0]'
[   16.404130] am335x-phy-driver 47401300.usb-phy: using lookup tables for GPIO lookup
[   16.404144] am335x-phy-driver 47401300.usb-phy: No GPIO consumer reset found
[   16.404158] am335x-phy-driver 47401300.usb-phy: using DT '/ocp/target-module@47400000/usb-phy@1300' for 'vbus-detect' GPIO lookup
[   16.404190] of_get_named_gpiod_flags: can't parse 'vbus-detect-gpios' property of node '/ocp/target-module@47400000/usb-phy@1300[0]'
[   16.404220] of_get_named_gpiod_flags: can't parse 'vbus-detect-gpio' property of node '/ocp/target-module@47400000/usb-phy@1300[0]'
[   16.404246] am335x-phy-driver 47401300.usb-phy: using lookup tables for GPIO lookup
[   16.404257] am335x-phy-driver 47401300.usb-phy: No GPIO consumer vbus-detect found
[   16.404405] am335x-phy-driver 47401300.usb-phy: dummy supplies not allowed for exclusive requests (id=vbus)
[   16.593456] am335x-phy-driver 47401b00.usb-phy: using DT '/ocp/target-module@47400000/usb-phy@1b00' for 'reset' GPIO lookup
[   16.593653] of_get_named_gpiod_flags: can't parse 'reset-gpios' property of node '/ocp/target-module@47400000/usb-phy@1b00[0]'
[   16.593706] of_get_named_gpiod_flags: can't parse 'reset-gpio' property of node '/ocp/target-module@47400000/usb-phy@1b00[0]'
[   16.593789] am335x-phy-driver 47401b00.usb-phy: using lookup tables for GPIO lookup
[   16.593804] am335x-phy-driver 47401b00.usb-phy: No GPIO consumer reset found
[   16.593819] am335x-phy-driver 47401b00.usb-phy: using DT '/ocp/target-module@47400000/usb-phy@1b00' for 'vbus-detect' GPIO lookup
[   16.593906] of_get_named_gpiod_flags: can't parse 'vbus-detect-gpios' property of node '/ocp/target-module@47400000/usb-phy@1b00[0]'
[   16.593942] of_get_named_gpiod_flags: can't parse 'vbus-detect-gpio' property of node '/ocp/target-module@47400000/usb-phy@1b00[0]'
[   16.594008] am335x-phy-driver 47401b00.usb-phy: using lookup tables for GPIO lookup
[   16.594023] am335x-phy-driver 47401b00.usb-phy: No GPIO consumer vbus-detect found
[   16.594282] am335x-phy-driver 47401b00.usb-phy: dummy supplies not allowed for exclusive requests (id=vbus)
[   16.620248] wkup_m3_ipc 44e11324.wkup_m3_ipc: IPC Request for A8->M3 Channel failed! -517
[   16.815046] wkup_m3_ipc 44e11324.wkup_m3_ipc: IPC Request for A8->M3 Channel failed! -517
[   16.900887] usbcore: registered new interface driver usbfs
[   16.907931] usbcore: registered new interface driver hub
[   16.913566] usbcore: registered new device driver usb
[   17.612419] wkup_m3_ipc 44e11324.wkup_m3_ipc: IPC Request for A8->M3 Channel failed! -517
[   17.742505] musb-hdrc musb-hdrc.1: MUSB HDRC host driver
[   17.747923] musb-hdrc musb-hdrc.1: new USB bus registered, assigned bus number 1
[   17.757541] wkup_m3_ipc 44e11324.wkup_m3_ipc: IPC Request for A8->M3 Channel failed! -517
[   17.773197] tda998x 0-0070: found TDA19988
[   17.895615] wkup_m3_ipc 44e11324.wkup_m3_ipc: IPC Request for A8->M3 Channel failed! -517
[   17.999141] usb usb1: New USB device found, idVendor=1d6b, idProduct=0002, bcdDevice= 6.14
[   18.007695] usb usb1: New USB device strings: Mfr=3, Product=2, SerialNumber=1
[   18.015017] usb usb1: Product: MUSB HDRC host driver
[   18.020131] usb usb1: Manufacturer: Linux 6.14.0-rc5-gcd62e85b2d7e musb-hcd
[   18.027193] usb usb1: SerialNumber: musb-hdrc.1
[   18.120619] omap-mailbox 480c8000.mailbox: omap mailbox rev 0x400
[   18.232640] remoteproc remoteproc0: powering up wkup_m3
[   18.443999] remoteproc remoteproc0: Direct firmware load for am335x-pm-firmware.elf failed with error -2
[   18.454022] remoteproc remoteproc0: request_firmware failed: -2
[   18.459985] wkup_m3_ipc 44e11324.wkup_m3_ipc: rproc_boot failed
[   18.475816] hub 1-0:1.0: USB hub found
[   18.525157] hub 1-0:1.0: 1 port detected
[   20.407586] tilcdc 4830e000.lcdc: bound 0-0070 (ops 0xbf0790f8)
[   20.461523] omap_rng 48310000.rng: Random Number Generator ver. 20
[   20.477363] [drm] Initialized tilcdc 1.0.0 for 4830e000.lcdc on minor 0
[   20.531706] tilcdc 4830e000.lcdc: [drm] Cannot find any crtc or sizes
[   20.539709] tilcdc 4830e000.lcdc: [drm] Cannot find any crtc or sizes
[   21.126875] PM: Cannot get wkup_m3_ipc handle
[   21.166839] omap-sham 53100000.sham: hw accel on OMAP rev 4.3
[   21.319886] omap-sham 53100000.sham: will run requests pump with realtime priority
[   21.336243] PM: Cannot get wkup_m3_ipc handle
[   21.513657] omap-aes 53500000.aes: OMAP AES hw accel rev: 3.2
[   21.636413] omap-aes 53500000.aes: will run requests pump with realtime priority
[   21.646003] PM: Cannot get wkup_m3_ipc handle
[   22.834552] Bluetooth: Core ver 2.22
[   22.838384] NET: Registered PF_BLUETOOTH protocol family
[   22.843893] Bluetooth: HCI device and connection manager initialized
[   22.850308] Bluetooth: HCI socket layer initialized
[   22.855293] Bluetooth: L2CAP socket layer initialized
[   22.860408] Bluetooth: SCO socket layer initialized
[   25.087882] PM: Cannot get wkup_m3_ipc handle
[   25.093333] OF: /sound: Read of boolean property 'simple-audio-card,bitclock-master' with a value.
[   25.102723] OF: /sound: Read of boolean property 'simple-audio-card,frame-master' with a value.
[   25.111993] asoc-simple-card sound: using DT '/sound' for 'simple-audio-card,hp-det' GPIO lookup
[   25.112043] of_get_named_gpiod_flags: can't parse 'simple-audio-card,hp-det-gpios' property of node '/sound[0]'
[   25.112074] of_get_named_gpiod_flags: can't parse 'simple-audio-card,hp-det-gpio' property of node '/sound[0]'
[   25.112099] asoc-simple-card sound: using lookup tables for GPIO lookup
[   25.112111] asoc-simple-card sound: No GPIO consumer simple-audio-card,hp-det found
[   25.112126] asoc-simple-card sound: using DT '/sound' for 'simple-audio-card,mic-det' GPIO lookup
[   25.112148] of_get_named_gpiod_flags: can't parse 'simple-audio-card,mic-det-gpios' property of node '/sound[0]'
[   25.112173] of_get_named_gpiod_flags: can't parse 'simple-audio-card,mic-det-gpio' property of node '/sound[0]'
[   25.112193] asoc-simple-card sound: using lookup tables for GPIO lookup
[   25.112204] asoc-simple-card sound: No GPIO consumer simple-audio-card,mic-det found
[   25.428755] PM: Cannot get wkup_m3_ipc handle
[   28.697493] userial_init: registered 8 ttyGS* devices
[   28.890035] rndis_register: configNr = 0
[   28.960457] udc musb-hdrc.0: binding gadget driver [g_multi]
[   28.960564] configfs-gadget.g_multi gadget.0: adding 'rndis'/a13f3dce to config 'c'/3ee8943f
[   28.961987] configfs-gadget.g_multi gadget.0: HOST MAC 1c:ba:8c:a2:ed:6c
[   28.968769] configfs-gadget.g_multi gadget.0: MAC 1c:ba:8c:a2:ed:70
[   28.975192] rndis_set_param_medium: 0 0
[   28.975214] configfs-gadget.g_multi gadget.0: RNDIS: IN/ep1in OUT/ep1out NOTIFY/ep2in
[   28.975232] configfs-gadget.g_multi gadget.0: adding 'cdc_ethernet'/c49eb71b to config 'c'/3ee8943f
[   28.976079] configfs-gadget.g_multi gadget.0: HOST MAC 1c:ba:8c:a2:ed:6c
[   28.982931] configfs-gadget.g_multi gadget.0: MAC 1c:ba:8c:a2:ed:6d
[   28.989272] configfs-gadget.g_multi gadget.0: CDC Ethernet: IN/ep3in OUT/ep2out NOTIFY/ep4in
[   28.989291] configfs-gadget.g_multi gadget.0: adding 'acm'/348aede8 to config 'c'/3ee8943f
[   28.989327] configfs-gadget.g_multi gadget.0: acm ttyGS0: IN/ep5in OUT/ep3out NOTIFY/ep6in
[   28.990971] PM: Cannot get wkup_m3_ipc handle
[   31.219692] configfs-gadget.g_multi gadget.0: eth_open
[   35.005959] gs_open: ttyGS0 (f496e94d,dd0abb3d)
[   35.006113] gs_close: ttyGS0 (f496e94d,dd0abb3d) ...
[   35.006135] gs_close: ttyGS0 (f496e94d,dd0abb3d) done!
[   35.024672] gs_open: ttyGS0 (72a47103,ea3a59ea)
[   35.024817] gs_close: ttyGS0 (72a47103,ea3a59ea) ...
[   35.024840] gs_close: ttyGS0 (72a47103,ea3a59ea) done!
[   35.195480] gs_open: ttyGS0 (b0dd778f,c388c270)
[   35.195724] gs_close: ttyGS0 (b0dd778f,c388c270) ...
[   35.195750] gs_close: ttyGS0 (b0dd778f,c388c270) done!
[   35.199467] gs_open: ttyGS0 (b0dd778f,c388c270)
ETEQPTVYLM 0
root@arm:~# echo 'JUCB''XAKLTM'
JUCBXAKLTM
root@arm:~# MARKER='TMAE''GMTTHO' run 'modprobe test_linear_ranges'
TMAEGMTTHOTMAEGMTTHO 0
root@arm:~# echo 'EUOT''LUYUKW'
EUOTLUYUKW
root@arm:~# MARKER='SJUB''UCMBWP' run dmesg
SJUBUCMBWP[    0.000000] Booting Linux on physical CPU 0x0
[    0.000000] Linux version 6.14.0-rc5-gcd62e85b2d7e (user01@drvtest01) (arm-none-eabi-gcc (Arm GNU Toolchain 14.2.Rel1 (Build arm-14.52)) 14.2.1 20241119, GNU ld (Arm GNU Toolchain 14.2.Rel1 (Build arm-14.52)) 2.43.1.20241119) #1 SMP Thu Mar 13 12:27:55 EET 2025
[    0.000000] CPU: ARMv7 Processor [413fc082] revision 2 (ARMv7), cr=10c5387d
[    0.000000] CPU: PIPT / VIPT nonaliasing data cache, VIPT aliasing instruction cache
[    0.000000] OF: fdt: Machine model: TI AM335x BeagleBone Black
[    0.000000] Memory policy: Data cache writeback
[    0.000000] cma: Reserved 16 MiB at 0x9e800000 on node -1
[    0.000000] Zone ranges:
[    0.000000]   Normal   [mem 0x0000000080000000-0x000000009fdfffff]
[    0.000000]   HighMem  empty
[    0.000000] Movable zone start for each node
[    0.000000] Early memory node ranges
[    0.000000]   node   0: [mem 0x0000000080000000-0x000000009fdfffff]
[    0.000000] Initmem setup node 0 [mem 0x0000000080000000-0x000000009fdfffff]
[    0.000000] OF: reserved mem: Reserved memory: No reserved-memory node in the DT
[    0.000000] CPU: All CPU(s) started in SVC mode.
[    0.000000] AM335X ES2.1 (sgx neon)
[    0.000000] percpu: Embedded 17 pages/cpu s39628 r8192 d21812 u69632
[    0.000000] pcpu-alloc: s39628 r8192 d21812 u69632 alloc=17*4096
[    0.000000] pcpu-alloc: [0] 0 
[    0.000000] Kernel command line: console=ttyO0,115200n8 root=/dev/nfs rw nfsroot=192.168.255.126:/home/user01/nfs,nfsvers=3 ip=192.168.255.1:192.168.255.126::255.255.255.0:bbb1:eth0 nfsrootdebug
[    0.000000] Unknown kernel command line parameters "nfsrootdebug", will be passed to user space.
[    0.000000] printk: log buffer data + meta data: 65536 + 204800 = 270336 bytes
[    0.000000] Dentry cache hash table entries: 65536 (order: 6, 262144 bytes, linear)
[    0.000000] Inode-cache hash table entries: 32768 (order: 5, 131072 bytes, linear)
[    0.000000] Built 1 zonelists, mobility grouping on.  Total pages: 130560
[    0.000000] mem auto-init: stack:off, heap alloc:off, heap free:off
[    0.000000] SLUB: HWalign=16, Order=0-3, MinObjects=0, CPUs=1, Nodes=1
[    0.000000] rcu: Hierarchical RCU implementation.
[    0.000000] rcu: 	RCU event tracing is enabled.
[    0.000000] rcu: 	RCU restricting CPUs from NR_CPUS=2 to nr_cpu_ids=1.
[    0.000000] 	Tracing variant of Tasks RCU enabled.
[    0.000000] rcu: RCU calculated value of scheduler-enlistment delay is 10 jiffies.
[    0.000000] rcu: Adjusting geometry for rcu_fanout_leaf=16, nr_cpu_ids=1
[    0.000000] RCU Tasks Trace: Setting shift to 0 and lim to 1 rcu_task_cb_adjust=1 rcu_task_cpu_ids=1.
[    0.000000] NR_IRQS: 16, nr_irqs: 16, preallocated irqs: 16
[    0.000000] IRQ: Found an INTC at 0x(ptrval) (revision 5.0) with 128 interrupts
[    0.000000] rcu: srcu_init: Setting srcu_struct sizes based on contention.
[    0.000000] TI gptimer clocksource: always-on /ocp/interconnect@44c00000/segment@200000/target-module@31000
[    0.000003] sched_clock: 32 bits at 24MHz, resolution 41ns, wraps every 89478484971ns
[    0.000026] clocksource: dmtimer: mask: 0xffffffff max_cycles: 0xffffffff, max_idle_ns: 79635851949 ns
[    0.000506] TI gptimer clockevent: 24000000 Hz at /ocp/interconnect@48000000/segment@0/target-module@40000
[    0.002164] Console: colour dummy device 80x30
[    0.002227] WARNING: Your 'console=ttyO0' has been replaced by 'ttyS0'
[    0.002235] This ensures that you still see kernel messages. Please
[    0.002240] update your kernel commandline.
[    0.002283] Calibrating delay loop... 996.14 BogoMIPS (lpj=4980736)
[    0.090555] CPU: Testing write buffer coherency: ok
[    0.090661] CPU0: Spectre v2: using BPIALL workaround
[    0.090672] pid_max: default: 32768 minimum: 301
[    0.090810] LSM: initializing lsm=capability
[    0.090977] Mount-cache hash table entries: 1024 (order: 0, 4096 bytes, linear)
[    0.090996] Mountpoint-cache hash table entries: 1024 (order: 0, 4096 bytes, linear)
[    0.092595] CPU0: thread -1, cpu 0, socket -1, mpidr 0
[    0.092652] cacheinfo: Unable to detect cache hierarchy for CPU 0
[    0.160915] Setting up static identity map for 0x80100000 - 0x80100078
[    0.170709] rcu: Hierarchical SRCU implementation.
[    0.170720] rcu: 	Max phase no-delay instances is 1000.
[    0.190755] smp: Bringing up secondary CPUs ...
[    0.190813] smp: Brought up 1 node, 1 CPU
[    0.190826] SMP: Total of 1 processors activated (996.14 BogoMIPS).
[    0.190837] CPU: All CPU(s) started in SVC mode.
[    0.191005] Memory: 480844K/522240K available (11264K kernel code, 1209K rwdata, 2896K rodata, 1024K init, 291K bss, 23380K reserved, 16384K cma-reserved, 0K highmem)
[    0.191853] devtmpfs: initialized
[    0.208380] VFP support v0.3: implementor 41 architecture 3 part 30 variant c rev 3
[    0.208723] clocksource: jiffies: mask: 0xffffffff max_cycles: 0xffffffff, max_idle_ns: 19112604462750000 ns
[    0.208760] futex hash table entries: 256 (order: 2, 16384 bytes, linear)
[    0.210088] pinctrl core: initialized pinctrl subsystem
[    0.213021] NET: Registered PF_NETLINK/PF_ROUTE protocol family
[    0.215786] DMA: preallocated 256 KiB pool for atomic coherent allocations
[    0.216691] audit: initializing netlink subsys (disabled)
[    0.218025] thermal_sys: Registered thermal governor 'fair_share'
[    0.218040] thermal_sys: Registered thermal governor 'step_wise'
[    0.218049] thermal_sys: Registered thermal governor 'user_space'
[    0.218189] audit: type=2000 audit(0.210:1): state=initialized audit_enabled=0 res=1
[    0.218225] cpuidle: using governor menu
[    0.236026] /ocp/interconnect@44c00000/segment@200000/target-module@b000/i2c@0/tda19988@70: Fixed dependency cycle(s) with /ocp/interconnect@48000000/segment@300000/target-module@e000/lcdc@0
[    0.237138] /ocp/interconnect@48000000/segment@300000/target-module@e000/lcdc@0: Fixed dependency cycle(s) with /ocp/interconnect@44c00000/segment@200000/target-module@b000/i2c@0/tda19988@70
[    0.239286] No ATAGs?
[    0.239328] hw-breakpoint: debug architecture 0x4 unsupported.
[    0.242191] kprobes: kprobe jump-optimization is enabled. All kprobes are optimized if possible.
[    0.253891] iommu: Default domain type: Translated
[    0.253913] iommu: DMA domain TLB invalidation policy: strict mode
[    0.255540] reg-fixed-voltage fixedregulator0: using DT '/fixedregulator0' for '(default)' GPIO lookup
[    0.255592] of_get_named_gpiod_flags: can't parse 'gpios' property of node '/fixedregulator0[0]'
[    0.255622] of_get_named_gpiod_flags: can't parse 'gpio' property of node '/fixedregulator0[0]'
[    0.255639] reg-fixed-voltage fixedregulator0: using lookup tables for GPIO lookup
[    0.255648] reg-fixed-voltage fixedregulator0: No GPIO consumer (default) found
[    0.261768] SCSI subsystem initialized
[    0.262242] libata version 3.00 loaded.
[    0.262601] pps_core: LinuxPPS API ver. 1 registered
[    0.262612] pps_core: Software ver. 5.3.6 - Copyright 2005-2007 Rodolfo Giometti <giometti@linux.it>
[    0.262635] PTP clock support registered
[    0.270873] vgaarb: loaded
[    0.271235] clocksource: Switched to clocksource dmtimer
[    0.271881] VFS: Disk quotas dquot_6.6.0
[    0.271938] VFS: Dquot-cache hash table entries: 1024 (order 0, 4096 bytes)
[    0.296126] NET: Registered PF_INET protocol family
[    0.296469] IP idents hash table entries: 8192 (order: 4, 65536 bytes, linear)
[    0.297898] tcp_listen_portaddr_hash hash table entries: 512 (order: 0, 4096 bytes, linear)
[    0.297933] Table-perturb hash table entries: 65536 (order: 6, 262144 bytes, linear)
[    0.297952] TCP established hash table entries: 4096 (order: 2, 16384 bytes, linear)
[    0.297994] TCP bind hash table entries: 4096 (order: 4, 65536 bytes, linear)
[    0.298093] TCP: Hash tables configured (established 4096 bind 4096)
[    0.298211] UDP hash table entries: 256 (order: 1, 14336 bytes, linear)
[    0.298246] UDP-Lite hash table entries: 256 (order: 1, 14336 bytes, linear)
[    0.298422] NET: Registered PF_UNIX/PF_LOCAL protocol family
[    0.299648] RPC: Registered named UNIX socket transport module.
[    0.299671] RPC: Registered udp transport module.
[    0.299677] RPC: Registered tcp transport module.
[    0.299682] RPC: Registered tcp-with-tls transport module.
[    0.299687] RPC: Registered tcp NFSv4.1 backchannel transport module.
[    0.299713] PCI: CLS 0 bytes, default 64
[    0.301106] Initialise system trusted keyrings
[    0.312214] workingset: timestamp_bits=14 max_order=17 bucket_order=3
[    0.313552] NFS: Registering the id_resolver key type
[    0.313627] Key type id_resolver registered
[    0.313634] Key type id_legacy registered
[    0.313683] jffs2: version 2.2. (NAND) (SUMMARY)  Â© 2001-2006 Red Hat, Inc.
[    0.314076] Key type asymmetric registered
[    0.314093] Asymmetric key parser 'x509' registered
[    0.314163] io scheduler mq-deadline registered
[    0.314172] io scheduler kyber registered
[    0.314241] io scheduler bfq registered
[    0.315782] ledtrig-cpu: registered to indicate activity on CPUs
[    0.321770] Serial: 8250/16550 driver, 6 ports, IRQ sharing enabled
[    0.388567] brd: module loaded
[    0.404087] loop: module loaded
[    0.404988] mtdoops: mtd device (mtddev=name/number) must be supplied
[    0.406680] mdio_bus fixed-0: using lookup tables for GPIO lookup
[    0.406703] mdio_bus fixed-0: No GPIO consumer reset found
[    0.408024] i2c_dev: i2c /dev entries driver
[    0.408962] cpuidle: enable-method property 'ti,am3352' found operations
[    0.409402] sdhci: Secure Digital Host Controller Interface driver
[    0.409411] sdhci: Copyright(c) Pierre Ossman
[    0.409585] sdhci-pltfm: SDHCI platform and OF driver helper
[    0.410558] Initializing XFRM netlink socket
[    0.410714] NET: Registered PF_INET6 protocol family
[    0.427316] Segment Routing with IPv6
[    0.427402] In-situ OAM (IOAM) with IPv6
[    0.427506] sit: IPv6, IPv4 and MPLS over IPv4 tunneling driver
[    0.428439] NET: Registered PF_PACKET protocol family
[    0.428474] NET: Registered PF_KEY protocol family
[    0.428585] Key type dns_resolver registered
[    0.428812] ThumbEE CPU extension supported.
[    0.428832] Registering SWP/SWPB emulation handler
[    0.429368] omap_voltage_late_init: Voltage driver support not added
[    0.429726] SmartReflex Class3 initialized
[    0.468556] Loading compiled-in X.509 certificates
[    0.505473] OF: /ocp: Read of boolean property 'clocks' with a value.
[    0.508592] /ocp/interconnect@44c00000/segment@200000/target-module@b000/i2c@0/tda19988@70: Fixed dependency cycle(s) with /ocp/interconnect@48000000/segment@300000/target-module@e000/lcdc@0
[    0.509534] OF: /ocp/interconnect@44c00000: Read of boolean property 'clocks' with a value.
[    0.515172] /ocp/interconnect@44c00000/segment@200000/target-module@b000/i2c@0/tda19988@70: Fixed dependency cycle(s) with /ocp/interconnect@48000000/segment@300000/target-module@e000/lcdc@0
[    0.520530] gpiochip_find_base_unlocked: found new base at 512
[    0.546837] /ocp/interconnect@44c00000/segment@200000/target-module@b000/i2c@0/tda19988@70: Fixed dependency cycle(s) with /ocp/interconnect@48000000/segment@300000/target-module@e000/lcdc@0
[    0.547719] /ocp/interconnect@44c00000/segment@200000/target-module@b000/i2c@0/tda19988@70: Fixed dependency cycle(s) with /ocp/interconnect@48000000/segment@300000/target-module@e000/lcdc@0
[    0.551059] /ocp/interconnect@44c00000/segment@200000/target-module@10000/scm@0/pinmux@800: Fixed dependency cycle(s) with /ocp/interconnect@44c00000/segment@200000/target-module@10000/scm@0/pinmux@800/clkout2-pins
[    0.551859] pinctrl-single 44e10800.pinmux: 142 pins, size 568
[    0.557024] ti-sysc 44e31000.target-module: probe with driver ti-sysc failed with error -16
[    0.595138] /ocp/interconnect@48000000/segment@300000/target-module@e000/lcdc@0: Fixed dependency cycle(s) with /ocp/interconnect@44c00000/segment@200000/target-module@b000/i2c@0/tda19988@70
[    0.595461] OF: /ocp/interconnect@48000000: Read of boolean property 'clocks' with a value.
[    0.603206] ti-sysc 48040000.target-module: probe with driver ti-sysc failed with error -16
[    0.614480] gpiochip_find_base_unlocked: found new base at 512
[    0.614579] gpio gpiochip0: (gpio-0-31): created GPIO range 0->7 ==> 44e10800.pinmux PIN 0->7
[    0.614610] gpio gpiochip0: (gpio-0-31): created GPIO range 8->11 ==> 44e10800.pinmux PIN 90->93
[    0.614627] gpio gpiochip0: (gpio-0-31): created GPIO range 12->27 ==> 44e10800.pinmux PIN 12->27
[    0.614642] gpio gpiochip0: (gpio-0-31): created GPIO range 28->31 ==> 44e10800.pinmux PIN 30->33
[    0.647826] gpio gpiochip0: (gpio-0-31): added GPIO chardev (254:0)
[    0.647995] gpio gpiochip0: registered GPIOs 512 to 543 on gpio-0-31
[    0.648077] OMAP GPIO hardware version 0.1
[    0.688798] i2c i2c-2: using DT '/ocp/interconnect@48000000/segment@100000/target-module@9c000/i2c@0' for 'scl' GPIO lookup
[    0.688871] of_get_named_gpiod_flags: can't parse 'scl-gpios' property of node '/ocp/interconnect@48000000/segment@100000/target-module@9c000/i2c@0[0]'
[    0.688912] of_get_named_gpiod_flags: can't parse 'scl-gpio' property of node '/ocp/interconnect@48000000/segment@100000/target-module@9c000/i2c@0[0]'
[    0.688947] i2c i2c-2: using lookup tables for GPIO lookup
[    0.688957] i2c i2c-2: No GPIO consumer scl found
[    0.688978] i2c i2c-2: using DT '/ocp/interconnect@48000000/segment@100000/target-module@9c000/i2c@0' for 'sda' GPIO lookup
[    0.689013] of_get_named_gpiod_flags: can't parse 'sda-gpios' property of node '/ocp/interconnect@48000000/segment@100000/target-module@9c000/i2c@0[0]'
[    0.689049] of_get_named_gpiod_flags: can't parse 'sda-gpio' property of node '/ocp/interconnect@48000000/segment@100000/target-module@9c000/i2c@0[0]'
[    0.689080] i2c i2c-2: using lookup tables for GPIO lookup
[    0.689087] i2c i2c-2: No GPIO consumer sda found
[    0.689774] omap_i2c 4819c000.i2c: bus 2 rev0.11 at 100 kHz
[    0.695535] gpiochip_find_base_unlocked: found new base at 544
[    0.695635] gpio gpiochip1: (gpio-32-63): created GPIO range 0->17 ==> 44e10800.pinmux PIN 34->51
[    0.695657] gpio gpiochip1: (gpio-32-63): created GPIO range 18->21 ==> 44e10800.pinmux PIN 77->80
[    0.695673] gpio gpiochip1: (gpio-32-63): created GPIO range 22->31 ==> 44e10800.pinmux PIN 56->65
[    0.696480] gpio gpiochip1: (gpio-32-63): added GPIO chardev (254:1)
[    0.696626] gpio gpiochip1: registered GPIOs 544 to 575 on gpio-32-63
[    0.698796] gpiochip_find_base_unlocked: found new base at 576
[    0.698885] gpio gpiochip2: (gpio-64-95): created GPIO range 0->4 ==> 44e10800.pinmux PIN 66->70
[    0.698906] gpio gpiochip2: (gpio-64-95): created GPIO range 5->6 ==> 44e10800.pinmux PIN 98->99
[    0.698920] gpio gpiochip2: (gpio-64-95): created GPIO range 7->8 ==> 44e10800.pinmux PIN 75->76
[    0.698936] gpio gpiochip2: (gpio-64-95): created GPIO range 13->13 ==> 44e10800.pinmux PIN 141->141
[    0.698951] gpio gpiochip2: (gpio-64-95): created GPIO range 14->21 ==> 44e10800.pinmux PIN 100->107
[    0.699571] gpio gpiochip2: (gpio-64-95): added GPIO chardev (254:2)
[    0.699702] gpio gpiochip2: registered GPIOs 576 to 607 on gpio-64-95
[    0.705412] 48000000.interconnect:segment@200000:target-module@0:mpu@0:fck: device ID is greater than 24
[    0.706261] /ocp/interconnect@48000000/segment@300000/target-module@e000/lcdc@0: Fixed dependency cycle(s) with /ocp/interconnect@44c00000/segment@200000/target-module@b000/i2c@0/tda19988@70
[    0.708965] /ocp/interconnect@48000000/segment@300000/target-module@e000/lcdc@0: Fixed dependency cycle(s) with /ocp/interconnect@44c00000/segment@200000/target-module@b000/i2c@0/tda19988@70
[    0.709657] /ocp/interconnect@44c00000/segment@200000/target-module@b000/i2c@0/tda19988@70: Fixed dependency cycle(s) with /ocp/interconnect@48000000/segment@300000/target-module@e000/lcdc@0
[    0.709818] /ocp/interconnect@48000000/segment@300000/target-module@e000/lcdc@0: Fixed dependency cycle(s) with /ocp/interconnect@44c00000/segment@200000/target-module@b000/i2c@0/tda19988@70
[    0.714075] OF: /ocp/interconnect@4a000000: Read of boolean property 'clocks' with a value.
[    0.719252] mdio_bus 4a101000.mdio: using DT '/ocp/interconnect@4a000000/segment@0/target-module@100000/switch@0/mdio@1000' for 'reset' GPIO lookup
[    0.719323] of_get_named_gpiod_flags: can't parse 'reset-gpios' property of node '/ocp/interconnect@4a000000/segment@0/target-module@100000/switch@0/mdio@1000[0]'
[    0.719370] of_get_named_gpiod_flags: can't parse 'reset-gpio' property of node '/ocp/interconnect@4a000000/segment@0/target-module@100000/switch@0/mdio@1000[0]'
[    0.719416] mdio_bus 4a101000.mdio: using lookup tables for GPIO lookup
[    0.719426] mdio_bus 4a101000.mdio: No GPIO consumer reset found
[    0.720337] sdhci-omap 481d8000.mmc: using DT '/ocp/interconnect@48000000/segment@100000/target-module@d8000/mmc@0' for 'wp' GPIO lookup
[    0.720398] of_get_named_gpiod_flags: can't parse 'wp-gpios' property of node '/ocp/interconnect@48000000/segment@100000/target-module@d8000/mmc@0[0]'
[    0.720439] of_get_named_gpiod_flags: can't parse 'wp-gpio' property of node '/ocp/interconnect@48000000/segment@100000/target-module@d8000/mmc@0[0]'
[    0.720473] sdhci-omap 481d8000.mmc: using lookup tables for GPIO lookup
[    0.720482] sdhci-omap 481d8000.mmc: No GPIO consumer wp found
[    0.720679] sdhci-omap 481d8000.mmc: supply pbias not found, using dummy regulator
[    0.721169] sdhci-omap 481d8000.mmc: supply vqmmc not found, using dummy regulator
[    0.762948] davinci_mdio 4a101000.mdio: davinci mdio revision 1.6, bus freq 1000000
[    0.784105] mdio_bus 4a101000.mdio:00: using DT '/ocp/interconnect@4a000000/segment@0/target-module@100000/switch@0/mdio@1000/ethernet-phy@0' for 'reset' GPIO lookup
[    0.784207] of_get_named_gpiod_flags: parsed 'reset-gpios' property of node '/ocp/interconnect@4a000000/segment@0/target-module@100000/switch@0/mdio@1000/ethernet-phy@0[0]' - status (0)
[    0.784374] gpio gpiochip0: Persistence not supported for GPIO 8
[    0.912224] davinci_mdio 4a101000.mdio: phy[0]: device 4a101000.mdio:00, driver SMSC LAN8710/LAN8720
[    0.913008] cpsw-switch 4a100000.switch: initialized cpsw ale version 1.4
[    0.913029] cpsw-switch 4a100000.switch: ALE Table size 1024, Policers 0
[    0.913172] cpsw-switch 4a100000.switch: cpts: overflow check period 500 (jiffies)
[    0.913188] cpsw-switch 4a100000.switch: CPTS: ref_clk_freq:250000000 calc_mult:2147483648 calc_shift:29 error:0 nsec/sec
[    0.913293] cpsw-switch 4a100000.switch: Detected MACID = 6c:ec:eb:68:de:78
[    0.915032] cpsw-switch 4a100000.switch: initialized (regs 0x4a100000, pool size 256) hw_ver:0019010C 1.12 (0)
[    0.925696] debugfs: Directory '49000000.dma' with parent 'dmaengine' already present!
[    0.925739] edma 49000000.dma: TI EDMA DMA engine driver
[    0.967199] target-module@4b000000:target-module@140000:pmu@0:fck: device ID is greater than 24
[    0.995191] hw perfevents: enabled with armv7_cortex_a8 PMU driver, 5 (8000000f) counters available
[    0.996092] gpio-clk clk_mcasp0: using DT '/clk_mcasp0' for 'enable' GPIO lookup
[    0.996157] of_get_named_gpiod_flags: parsed 'enable-gpios' property of node '/clk_mcasp0[0]' - status (0)
[    0.996200] gpio gpiochip0: Persistence not supported for GPIO 27
[    0.996997] gpiochip_find_base_unlocked: found new base at 608
[    0.997104] gpio gpiochip3: (gpio-96-127): created GPIO range 0->7 ==> 44e10800.pinmux PIN 82->89
[    0.997123] gpio gpiochip3: (gpio-96-127): created GPIO range 8->11 ==> 44e10800.pinmux PIN 52->55
[    0.997139] gpio gpiochip3: (gpio-96-127): created GPIO range 12->15 ==> 44e10800.pinmux PIN 94->97
[    0.997154] gpio gpiochip3: (gpio-96-127): created GPIO range 16->17 ==> 44e10800.pinmux PIN 71->72
[    0.997170] gpio gpiochip3: (gpio-96-127): created GPIO range 18->18 ==> 44e10800.pinmux PIN 135->135
[    0.997186] gpio gpiochip3: (gpio-96-127): created GPIO range 19->20 ==> 44e10800.pinmux PIN 108->109
[    0.997202] gpio gpiochip3: (gpio-96-127): created GPIO range 21->21 ==> 44e10800.pinmux PIN 73->73
[    0.997219] gpio gpiochip3: (gpio-96-127): created GPIO range 22->23 ==> 44e10800.pinmux PIN 8->9
[    0.997236] gpio gpiochip3: (gpio-96-127): created GPIO range 26->27 ==> 44e10800.pinmux PIN 10->11
[    0.997253] gpio gpiochip3: (gpio-96-127): created GPIO range 28->28 ==> 44e10800.pinmux PIN 74->74
[    0.997271] gpio gpiochip3: (gpio-96-127): created GPIO range 29->29 ==> 44e10800.pinmux PIN 81->81
[    0.997289] gpio gpiochip3: (gpio-96-127): created GPIO range 30->31 ==> 44e10800.pinmux PIN 28->29
[    1.002619] l3-aon-clkctrl:0000:0: failed to disable
[    1.003190] gpio gpiochip3: (gpio-96-127): added GPIO chardev (254:3)
[    1.003325] gpio gpiochip3: registered GPIOs 608 to 639 on gpio-96-127
[    1.005277] omap8250 44e09000.serial: using DT '/ocp/interconnect@44c00000/segment@200000/target-module@9000/serial@0' for 'rs485-term' GPIO lookup
[    1.005348] of_get_named_gpiod_flags: can't parse 'rs485-term-gpios' property of node '/ocp/interconnect@44c00000/segment@200000/target-module@9000/serial@0[0]'
[    1.005391] of_get_named_gpiod_flags: can't parse 'rs485-term-gpio' property of node '/ocp/interconnect@44c00000/segment@200000/target-module@9000/serial@0[0]'
[    1.005426] omap8250 44e09000.serial: using lookup tables for GPIO lookup
[    1.005435] omap8250 44e09000.serial: No GPIO consumer rs485-term found
[    1.005446] omap8250 44e09000.serial: using DT '/ocp/interconnect@44c00000/segment@200000/target-module@9000/serial@0' for 'rs485-rx-during-tx' GPIO lookup
[    1.005481] of_get_named_gpiod_flags: can't parse 'rs485-rx-during-tx-gpios' property of node '/ocp/interconnect@44c00000/segment@200000/target-module@9000/serial@0[0]'
[    1.005518] of_get_named_gpiod_flags: can't parse 'rs485-rx-during-tx-gpio' property of node '/ocp/interconnect@44c00000/segment@200000/target-module@9000/serial@0[0]'
[    1.005549] omap8250 44e09000.serial: using lookup tables for GPIO lookup
[    1.005557] omap8250 44e09000.serial: No GPIO consumer rs485-rx-during-tx found
[    1.005920] 44e09000.serial: ttyS0 at MMIO 0x44e09000 (irq = 34, base_baud = 3000000) is a 8250
[    1.006012] printk: legacy console [ttyS0] enabled
[    2.446347] i2c i2c-0: using DT '/ocp/interconnect@44c00000/segment@200000/target-module@b000/i2c@0' for 'scl' GPIO lookup
[    2.446435] of_get_named_gpiod_flags: can't parse 'scl-gpios' property of node '/ocp/interconnect@44c00000/segment@200000/target-module@b000/i2c@0[0]'
[    2.446481] of_get_named_gpiod_flags: can't parse 'scl-gpio' property of node '/ocp/interconnect@44c00000/segment@200000/target-module@b000/i2c@0[0]'
[    2.446521] i2c i2c-0: using lookup tables for GPIO lookup
[    2.446535] i2c i2c-0: No GPIO consumer scl found
[    2.446559] i2c i2c-0: using DT '/ocp/interconnect@44c00000/segment@200000/target-module@b000/i2c@0' for 'sda' GPIO lookup
[    2.446599] of_get_named_gpiod_flags: can't parse 'sda-gpios' property of node '/ocp/interconnect@44c00000/segment@200000/target-module@b000/i2c@0[0]'
[    2.446639] of_get_named_gpiod_flags: can't parse 'sda-gpio' property of node '/ocp/interconnect@44c00000/segment@200000/target-module@b000/i2c@0[0]'
[    2.446674] i2c i2c-0: using lookup tables for GPIO lookup
[    2.446684] i2c i2c-0: No GPIO consumer sda found
[    2.462246] tps65217-pmic: Failed to locate of_node [id: -1]
[    2.468295] tps65217-bl: Failed to locate of_node [id: -1]
[    2.479607] tps65217 0-0024: TPS65217 ID 0xe version 1.2
[    2.485727] /ocp/interconnect@48000000/segment@300000/target-module@e000/lcdc@0: Fixed dependency cycle(s) with /ocp/interconnect@44c00000/segment@200000/target-module@b000/i2c@0/tda19988@70
[    2.503109] /ocp/interconnect@44c00000/segment@200000/target-module@b000/i2c@0/tda19988@70: Fixed dependency cycle(s) with /ocp/interconnect@48000000/segment@300000/target-module@e000/lcdc@0
[    2.520470] omap_i2c 44e0b000.i2c: bus 0 rev0.11 at 400 kHz
[    2.528224] sdhci-omap 48060000.mmc: using DT '/ocp/interconnect@48000000/segment@0/target-module@60000/mmc@0' for 'cd' GPIO lookup
[    2.528329] of_get_named_gpiod_flags: parsed 'cd-gpios' property of node '/ocp/interconnect@48000000/segment@0/target-module@60000/mmc@0[0]' - status (0)
[    2.528396] gpio gpiochip3: Persistence not supported for GPIO 6
[    2.528421] omap_gpio 44e07000.gpio: Could not set line 6 debounce to 200000 microseconds (-22)
[    2.537301] sdhci-omap 48060000.mmc: Got CD GPIO
[    2.541982] sdhci-omap 48060000.mmc: using DT '/ocp/interconnect@48000000/segment@0/target-module@60000/mmc@0' for 'wp' GPIO lookup
[    2.542030] of_get_named_gpiod_flags: can't parse 'wp-gpios' property of node '/ocp/interconnect@48000000/segment@0/target-module@60000/mmc@0[0]'
[    2.542074] of_get_named_gpiod_flags: can't parse 'wp-gpio' property of node '/ocp/interconnect@48000000/segment@0/target-module@60000/mmc@0[0]'
[    2.542112] sdhci-omap 48060000.mmc: using lookup tables for GPIO lookup
[    2.542126] sdhci-omap 48060000.mmc: No GPIO consumer wp found
[    2.542333] sdhci-omap 48060000.mmc: supply pbias not found, using dummy regulator
[    2.551010] sdhci-omap 481d8000.mmc: using DT '/ocp/interconnect@48000000/segment@100000/target-module@d8000/mmc@0' for 'wp' GPIO lookup
[    2.551084] of_get_named_gpiod_flags: can't parse 'wp-gpios' property of node '/ocp/interconnect@48000000/segment@100000/target-module@d8000/mmc@0[0]'
[    2.551132] of_get_named_gpiod_flags: can't parse 'wp-gpio' property of node '/ocp/interconnect@48000000/segment@100000/target-module@d8000/mmc@0[0]'
[    2.551171] sdhci-omap 481d8000.mmc: using lookup tables for GPIO lookup
[    2.551184] sdhci-omap 481d8000.mmc: No GPIO consumer wp found
[    2.552280] sdhci-omap 48060000.mmc: supply vqmmc not found, using dummy regulator
[    2.560864] sdhci-omap 481d8000.mmc: supply pbias not found, using dummy regulator
[    2.569467] sdhci-omap 481d8000.mmc: supply vqmmc not found, using dummy regulator
