Labgrid Console Logfile for main
Logfile started at 2024-10-21 10:12:26.722465
=== Log starts here ===
reading args
spl_load_image_fat_os: error reading image args, err - -1
reading u-boot.img
reading u-boot.img


U-Boot 2014.04-00014-g47880f5 (Apr 22 2014 - 13:23:54)

I2C:   ready
DRAM:  512 MiB
NAND:  0 MiB
MMC:   OMAP SD/MMC: 0, OMAP SD/MMC: 1
*** Warning - readenv() failed, using default environment

Net:   <ethaddr> not set. Validating first E-fuse MAC
cpsw, usb_ether
Hit any key to stop autoboot:  1  0 
gpio: pin 53 (gpio 53) value is 1
mmc0 is current device
gpio: pin 54 (gpio 54) value is 1
SD/MMC found on device 0
reading uEnv.txt
569 bytes read in 4 ms (138.7 KiB/s)
gpio: pin 55 (gpio 55) value is 1
Loaded environment from uEnv.txt
Importing environment from mmc ...
Checking if uenvcmd is set ...
gpio: pin 56 (gpio 56) value is 1
Running uenvcmd ...
cpsw Waiting for PHY auto negotiation to complete. done
link up on port 0, speed 100, full duplex
Using cpsw device
TFTP from server 192.168.255.126; our IP address is 192.168.255.1
Filename 'zImage'.
Load address: 0x81000000
Loading: *#################################################################
	 #################################################################
	 #################################################################
	 #################################################################
	 #################################################################
	 ###################################################
	 2.4 MiB/s
done
Bytes transferred = 5512872 (541ea8 hex)
link up on port 0, speed 100, full duplex
Using cpsw device
TFTP from server 192.168.255.126; our IP address is 192.168.255.1
Filename 'am335x-boneblack.dtb'.
Load address: 0x82000000
Loading: *#######
	 2.3 MiB/s
done
Bytes transferred = 98244 (17fc4 hex)
Kernel image @ 0x81000000 [ 0x000000 - 0x541ea8 ]
## Flattened Device Tree blob at 82000000
   Booting using the fdt blob at 0x82000000
   Using Device Tree in place at 82000000, end 8201afc3

Starting kernel ...

[    0.000000] Booting Linux on physical CPU 0x0
[    0.000000] Linux version 6.12.0-rc3-next-20241021 (user01@drvtest01) (arm-linux-gnueabihf-gcc (Linaro GCC 6.4-2017.11) 6.4.1 20171012, GNU ld (Linaro_Binutils-2017.11) 2.27.0.20161229) #119 SMP Mon Oct 21 10:11:28 EEST 2024
[    0.000000] CPU: ARMv7 Processor [413fc082] revision 2 (ARMv7), cr=10c5387d
[    0.000000] CPU: PIPT / VIPT nonaliasing data cache, VIPT aliasing instruction cache
[    0.000000] OF: fdt: Machine model: TI AM335x BeagleBone Black
[    0.000000] Memory policy: Data cache writeback
[    0.000000] cma: Reserved 16 MiB at 0x9e800000 on node -1
[    0.000000] Zone ranges:
[    0.000000]   Normal   [mem 0x0000000080000000-0x000000009fdfffff]
[    0.000000]   HighMem  empty
[    0.000000] Movable zone start for each node
[    0.000000] Early memory node ranges
[    0.000000]   node   0: [mem 0x0000000080000000-0x000000009fdfffff]
[    0.000000] Initmem setup node 0 [mem 0x0000000080000000-0x000000009fdfffff]
[    0.000000] OF: reserved mem: Reserved memory: No reserved-memory node in the DT
[    0.000000] CPU: All CPU(s) started in SVC mode.
[    0.000000] AM335X ES2.1 (sgx neon)
[    0.000000] percpu: Embedded 17 pages/cpu s39756 r8192 d21684 u69632
[    0.000000] Kernel command line: console=ttyO0,115200n8 root=/dev/nfs rw nfsroot=192.168.255.126:/home/user01/nfs,nfsvers=3 ip=192.168.255.1:192.168.255.126::255.255.255.0:bbb1:eth0 nfsrootdebug
[    0.000000] Unknown kernel command line parameters "nfsrootdebug", will be passed to user space.
[    0.000000] printk: log buffer data + meta data: 65536 + 204800 = 270336 bytes
[    0.000000] Dentry cache hash table entries: 65536 (order: 6, 262144 bytes, linear)
[    0.000000] Inode-cache hash table entries: 32768 (order: 5, 131072 bytes, linear)
[    0.000000] Built 1 zonelists, mobility grouping on.  Total pages: 130560
[    0.000000] mem auto-init: stack:off, heap alloc:off, heap free:off
[    0.000000] SLUB: HWalign=64, Order=0-3, MinObjects=0, CPUs=1, Nodes=1
[    0.000000] trace event string verifier disabled
[    0.000000] rcu: Hierarchical RCU implementation.
[    0.000000] rcu: 	RCU event tracing is enabled.
[    0.000000] rcu: 	RCU restricting CPUs from NR_CPUS=2 to nr_cpu_ids=1.
[    0.000000] 	Tracing variant of Tasks RCU enabled.
[    0.000000] rcu: RCU calculated value of scheduler-enlistment delay is 10 jiffies.
[    0.000000] rcu: Adjusting geometry for rcu_fanout_leaf=16, nr_cpu_ids=1
[    0.000000] RCU Tasks Trace: Setting shift to 0 and lim to 1 rcu_task_cb_adjust=1 rcu_task_cpu_ids=1.
[    0.000000] NR_IRQS: 16, nr_irqs: 16, preallocated irqs: 16
[    0.000000] IRQ: Found an INTC at 0x(ptrval) (revision 5.0) with 128 interrupts
[    0.000000] rcu: srcu_init: Setting srcu_struct sizes based on contention.
[    0.000000] TI gptimer clocksource: always-on /ocp/interconnect@44c00000/segment@200000/target-module@31000
[    0.000003] sched_clock: 32 bits at 24MHz, resolution 41ns, wraps every 89478484971ns
[    0.000029] clocksource: dmtimer: mask: 0xffffffff max_cycles: 0xffffffff, max_idle_ns: 79635851949 ns
[    0.000503] TI gptimer clockevent: 24000000 Hz at /ocp/interconnect@48000000/segment@0/target-module@40000
[    0.002133] Console: colour dummy device 80x30
[    0.002197] WARNING: Your 'console=ttyO0' has been replaced by 'ttyS0'
[    0.002206] This ensures that you still see kernel messages. Please
[    0.002211] update your kernel commandline.
[    0.002254] Calibrating delay loop... 996.14 BogoMIPS (lpj=4980736)
[    0.090555] CPU: Testing write buffer coherency: ok
[    0.090672] CPU0: Spectre v2: using BPIALL workaround
[    0.090684] pid_max: default: 32768 minimum: 301
[    0.090806] LSM: initializing lsm=capability
[    0.090990] Mount-cache hash table entries: 1024 (order: 0, 4096 bytes, linear)
[    0.091011] Mountpoint-cache hash table entries: 1024 (order: 0, 4096 bytes, linear)
[    0.092669] CPU0: thread -1, cpu 0, socket -1, mpidr 0
[    0.160946] Setting up static identity map for 0x80100000 - 0x80100078
[    0.170718] rcu: Hierarchical SRCU implementation.
[    0.170730] rcu: 	Max phase no-delay instances is 1000.
[    0.190765] smp: Bringing up secondary CPUs ...
[    0.190826] smp: Brought up 1 node, 1 CPU
[    0.190842] SMP: Total of 1 processors activated (996.14 BogoMIPS).
[    0.190854] CPU: All CPU(s) started in SVC mode.
[    0.191046] Memory: 480868K/522240K available (11264K kernel code, 1208K rwdata, 2888K rodata, 1024K init, 298K bss, 23360K reserved, 16384K cma-reserved, 0K highmem)
[    0.191909] devtmpfs: initialized
[    0.209098] VFP support v0.3: implementor 41 architecture 3 part 30 variant c rev 3
[    0.209458] clocksource: jiffies: mask: 0xffffffff max_cycles: 0xffffffff, max_idle_ns: 19112604462750000 ns
[    0.209495] futex hash table entries: 256 (order: 2, 16384 bytes, linear)
[    0.211019] pinctrl core: initialized pinctrl subsystem
[    0.213853] NET: Registered PF_NETLINK/PF_ROUTE protocol family
[    0.216657] DMA: preallocated 256 KiB pool for atomic coherent allocations
[    0.217562] audit: initializing netlink subsys (disabled)
[    0.219004] thermal_sys: Registered thermal governor 'fair_share'
[    0.219021] thermal_sys: Registered thermal governor 'step_wise'
[    0.219030] thermal_sys: Registered thermal governor 'user_space'
[    0.219188] audit: type=2000 audit(0.210:1): state=initialized audit_enabled=0 res=1
[    0.219226] cpuidle: using governor menu
[    0.238263] No ATAGs?
[    0.238290] hw-breakpoint: debug architecture 0x4 unsupported.
[    0.241119] kprobes: kprobe jump-optimization is enabled. All kprobes are optimized if possible.
[    0.254031] iommu: Default domain type: Translated
[    0.254052] iommu: DMA domain TLB invalidation policy: strict mode
[    0.261731] SCSI subsystem initialized
[    0.262581] pps_core: LinuxPPS API ver. 1 registered
[    0.262591] pps_core: Software ver. 5.3.6 - Copyright 2005-2007 Rodolfo Giometti <giometti@linux.it>
[    0.262615] PTP clock support registered
[    0.270843] vgaarb: loaded
[    0.271250] clocksource: Switched to clocksource dmtimer
[    0.271918] VFS: Disk quotas dquot_6.6.0
[    0.271964] VFS: Dquot-cache hash table entries: 1024 (order 0, 4096 bytes)
[    0.296664] NET: Registered PF_INET protocol family
[    0.297014] IP idents hash table entries: 8192 (order: 4, 65536 bytes, linear)
[    0.298416] tcp_listen_portaddr_hash hash table entries: 512 (order: 0, 4096 bytes, linear)
[    0.298452] Table-perturb hash table entries: 65536 (order: 6, 262144 bytes, linear)
[    0.298475] TCP established hash table entries: 4096 (order: 2, 16384 bytes, linear)
[    0.298519] TCP bind hash table entries: 4096 (order: 4, 65536 bytes, linear)
[    0.298619] TCP: Hash tables configured (established 4096 bind 4096)
[    0.298742] UDP hash table entries: 256 (order: 1, 8192 bytes, linear)
[    0.298775] UDP-Lite hash table entries: 256 (order: 1, 8192 bytes, linear)
[    0.298945] NET: Registered PF_UNIX/PF_LOCAL protocol family
[    0.300247] RPC: Registered named UNIX socket transport module.
[    0.300266] RPC: Registered udp transport module.
[    0.300271] RPC: Registered tcp transport module.
[    0.300277] RPC: Registered tcp-with-tls transport module.
[    0.300282] RPC: Registered tcp NFSv4.1 backchannel transport module.
[    0.300307] PCI: CLS 0 bytes, default 64
[    0.301950] Initialise system trusted keyrings
[    0.312034] workingset: timestamp_bits=14 max_order=17 bucket_order=3
[    0.313367] NFS: Registering the id_resolver key type
[    0.313439] Key type id_resolver registered
[    0.313448] Key type id_legacy registered
[    0.313498] jffs2: version 2.2. (NAND) (SUMMARY)  Â© 2001-2006 Red Hat, Inc.
[    0.313902] Key type asymmetric registered
[    0.313917] Asymmetric key parser 'x509' registered
[    0.313982] io scheduler mq-deadline registered
[    0.313993] io scheduler kyber registered
[    0.314061] io scheduler bfq registered
[    0.315701] ledtrig-cpu: registered to indicate activity on CPUs
[    0.321789] Serial: 8250/16550 driver, 6 ports, IRQ sharing enabled
[    0.373890] brd: module loaded
[    0.394050] loop: module loaded
[    0.394990] mtdoops: mtd device (mtddev=name/number) must be supplied
[    0.398143] i2c_dev: i2c /dev entries driver
[    0.399128] cpuidle: enable-method property 'ti,am3352' found operations
[    0.399570] sdhci: Secure Digital Host Controller Interface driver
[    0.399581] sdhci: Copyright(c) Pierre Ossman
[    0.399755] sdhci-pltfm: SDHCI platform and OF driver helper
[    0.400763] Initializing XFRM netlink socket
[    0.400911] NET: Registered PF_INET6 protocol family
[    0.403085] Segment Routing with IPv6
[    0.403177] In-situ OAM (IOAM) with IPv6
[    0.403277] sit: IPv6, IPv4 and MPLS over IPv4 tunneling driver
[    0.404230] NET: Registered PF_PACKET protocol family
[    0.404263] NET: Registered PF_KEY protocol family
[    0.404385] Key type dns_resolver registered
[    0.404668] ThumbEE CPU extension supported.
[    0.404690] Registering SWP/SWPB emulation handler
[    0.405216] omap_voltage_late_init: Voltage driver support not added
[    0.405564] SmartReflex Class3 initialized
[    0.432589] Loading compiled-in X.509 certificates
[    0.503020] platform 44e10800.pinmux: Fixed dependency cycle(s) with /ocp/interconnect@44c00000/segment@200000/target-module@10000/scm@0/pinmux@800/clkout2-pins
[    0.503566] pinctrl-single 44e10800.pinmux: 142 pins, size 568
[    0.508557] ti-sysc 44e31000.target-module: probe with driver ti-sysc failed with error -16
[    0.542342] ti-sysc 48040000.target-module: probe with driver ti-sysc failed with error -16
[    0.605538] OMAP GPIO hardware version 0.1
[    0.619846] omap_i2c 4819c000.i2c: bus 2 rev0.11 at 100 kHz
[    0.658531] 48000000.interconnect:segment@200000:target-module@0:mpu@0:fck: device ID is greater than 24
[    0.662871] platform 4830e000.lcdc: Fixed dependency cycle(s) with /ocp/interconnect@44c00000/segment@200000/target-module@b000/i2c@0/tda19988@70
[    0.673924] sdhci-omap 481d8000.mmc: supply pbias not found, using dummy regulator
[    0.674437] sdhci-omap 481d8000.mmc: supply vqmmc not found, using dummy regulator
[    0.727728] davinci_mdio 4a101000.mdio: davinci mdio revision 1.6, bus freq 1000000
[    0.838927] davinci_mdio 4a101000.mdio: phy[0]: device 4a101000.mdio:00, driver SMSC LAN8710/LAN8720
[    0.839750] cpsw-switch 4a100000.switch: initialized cpsw ale version 1.4
[    0.839773] cpsw-switch 4a100000.switch: ALE Table size 1024, Policers 0
[    0.840093] cpsw-switch 4a100000.switch: cpts: overflow check period 500 (jiffies)
[    0.840113] cpsw-switch 4a100000.switch: CPTS: ref_clk_freq:250000000 calc_mult:2147483648 calc_shift:29 error:0 nsec/sec
[    0.840218] cpsw-switch 4a100000.switch: Detected MACID = 6c:ec:eb:68:de:78
[    0.842272] cpsw-switch 4a100000.switch: initialized (regs 0x4a100000, pool size 256) hw_ver:0019010C 1.12 (0)
[    0.853328] debugfs: Directory '49000000.dma' with parent 'dmaengine' already present!
[    0.853369] edma 49000000.dma: TI EDMA DMA engine driver
[    0.902045] target-module@4b000000:target-module@140000:pmu@0:fck: device ID is greater than 24
[    0.912473] hw perfevents: enabled with armv7_cortex_a8 PMU driver, 5 (8000000f) counters available
[    0.920120] l3-aon-clkctrl:0000:0: failed to disable
[    0.923521] 44e09000.serial: ttyS0 at MMIO 0x44e09000 (irq = 34, base_baud = 3000000) is a 8250
[    0.923611] printk: legacy console [ttyS0] enabled
[    2.302273] tps65217-pmic: Failed to locate of_node [id: -1]
[    2.308352] tps65217-bl: Failed to locate of_node [id: -1]
[    2.319718] tps65217 0-0024: TPS65217 ID 0xe version 1.2
[    2.325866] platform 4830e000.lcdc: Fixed dependency cycle(s) with /ocp/interconnect@44c00000/segment@200000/target-module@b000/i2c@0/tda19988@70
[    2.339314] i2c 0-0070: Fixed dependency cycle(s) with /ocp/interconnect@48000000/segment@300000/target-module@e000/lcdc@0
[    2.350734] omap_i2c 44e0b000.i2c: bus 0 rev0.11 at 400 kHz
[    2.358574] omap_gpio 44e07000.gpio: Could not set line 6 debounce to 200000 microseconds (-22)
[    2.367471] sdhci-omap 48060000.mmc: Got CD GPIO
[    2.372525] sdhci-omap 48060000.mmc: supply pbias not found, using dummy regulator
[    2.382879] sdhci-omap 48060000.mmc: supply vqmmc not found, using dummy regulator
[    2.391896] sdhci-omap 481d8000.mmc: supply pbias not found, using dummy regulator
[    2.399896] sdhci-omap 481d8000.mmc: supply vqmmc not found, using dummy regulator
[    2.437901] mmc1: SDHCI controller on 481d8000.mmc [481d8000.mmc] using External DMA
[    2.447154] mmc0: SDHCI controller on 48060000.mmc [48060000.mmc] using External DMA
[    2.455966] cpsw-switch 4a100000.switch: starting ndev. mode: dual_mac
 [    2.500565] mmc0: new high speed SDHC card at address 5048 
[    2.507663] mmcblk0: mmc0:5048 SD16G 14.4 GiB
[    2.5157 42]  mmcblk0: p1 p2
[    2.519124] mmcblk0: p2 size 31221760  extends beyond EOD, truncated
[    2.532563] SMSC LAN8710/LAN 8720 4a1
[    5.682023] cpsw-switch 4a100000.switch eth0: Link is Up - 100Mbps/Full - flow control off
[    5.711265] IP-Config: Complete:
[    5.714538]      device=eth0, hwaddr=6c:ec:eb:68:de:78, ipaddr=192.168.255.1, mask=255.255.255.0, gw=255.255.255.255
[    5.725176]      host=bbb1, domain=, nis-domain=(none)
[    5.730345]      bootserver=192.168.255.126, rootserver=192.168.255.126, rootpath=
[    5.730792] clk: Disabling unused clocks
[    5.742658] PM: genpd: Disabling unused power domains
[    5.747777] KTAP version 1
[    5.750498] 1..0
[    5.776805] VFS: Mounted root (nfs filesystem) on device 0:17.
[    5.784284] devtmpfs: mounted
[    5.788952] Freeing unused kernel image (initmem) memory: 1024K
[    5.795861] Run /sbin/init as init process
[    6.527444] systemd[1]: System time before build time, advancing clock.
[    7.981271] random: crng init done
[    8.022929] systemd[1]: systemd 232 running in system mode. (+PAM +AUDIT +SELINUX +IMA +APPARMOR +SMACK +SYSVINIT +UTMP +LIBCRYPTSETUP +GCRYPT +GNUTLS +ACL +XZ +LZ4 +SECCOMP +BLKID +ELFUTILS +KMOD +IDN)
[    8.042167] systemd[1]: Detected architecture arm.

Welcome to [1mDebian GNU/Linux 9 (stretch)[0m!

[    8.076761] systemd[1]: Set hostname to <arm>.
[    9.243263] systemd[1]: Listening on /dev/initctl Compatibility Named Pipe.
[[0;32m  OK  [0m] Listening on /dev/initctl Compatibility Named Pipe.
[    9.272209] systemd[1]: Started Dispatch Password Requests to Console Directory Watch.
[[0;32m  OK  [0m] Started Dispatch Password Requests to Console Directory Watch.
[    9.301679] systemd[1]: Reached target Swap.
[[0;32m  OK  [0m] Reached target Swap.
[    9.321603] systemd[1]: Reached target Remote File Systems.
[[0;32m  OK  [0m] Reached target Remote File Systems.
[    9.353481] systemd[1]: Listening on Journal Socket.
[[0;32m  OK  [0m] Listening on Journal Socket.
[    9.382208] systemd[1]: Started Forward Password Requests to Wall Directory Watch.
[[0;32m  OK  [0m] Started Forward Password Requests to Wall Directory Watch.
[    9.412079] systemd[1]: Listening on Journal Socket (/dev/log).
[[0;32m  OK  [0m] Listening on Journal Socket (/dev/log).
[[0;32m  OK  [0m] Set up automount Arbitrary Executabâ€¦rmats File System Automount Point.
[[0;32m  OK  [0m] Listening on udev Control Socket.
[[0;32m  OK  [0m] Reached target Paths.
[[0;32m  OK  [0m] Listening on udev Kernel Socket.
[[0;32m  OK  [0m] Listening on Syslog Socket.
[[0;32m  OK  [0m] Created slice User and Session Slice.
[[0;32m  OK  [0m] Reached target Encrypted Volumes.
[[0;32m  OK  [0m] Listening on Journal Audit Socket.
[[0;32m  OK  [0m] Created slice System Slice.
[[0;32m  OK  [0m] Created slice system-serial\x2dgetty.slice.
         Starting Create list of required stâ€¦ce nodes for the current kernel...
         Starting Load Kernel Modules...
         Starting Remount Root and Kernel File Systems...
         Starting Journal Service...
[[0;32m  OK  [0m] Reached target Slices.
         Mounting Debug File System...
         Mounting POSIX Message Queue File System...
[[0;32m  OK  [0m] Created slice system-getty.slice.
[[0;32m  OK  [0m] Started Create list of required staâ€¦vice nodes for the current kernel.
[[0;32m  OK  [0m] Started Remount Root and Kernel File Systems.
         Starting udev Coldplug all Devices...
         Starting Load/Save Random Seed...
         Starting Create Static Device Nodes in /dev...
[[0;32m  OK  [0m] Mounted POSIX Message Queue File System.
[[0;32m  OK  [0m] Mounted Debug File System.
[[0;32m  OK  [0m] Started Load Kernel Modules.
         Starting Apply Kernel Variables...
         Mounting Configuration File System...
[[0;32m  OK  [0m] Started Load/Save Random Seed.
[[0;32m  OK  [0m] Mounted Configuration File System.
[[0;32m  OK  [0m] Started Apply Kernel Variables.
[[0;32m  OK  [0m] Started Journal Service.
[[0;32m  OK  [0m] Started Create Static Device Nodes in /dev.
[[0;32m  OK  [0m] Reached target Local File Systems (Pre).
[[0;32m  OK  [0m] Reached target Local File Systems.
         Starting Raise network interfaces...
         Starting udev Kernel Device Manager...
         Starting Flush Journal to Persistent Storage...
[   11.742519] systemd-journald[83]: Received request to flush runtime journal from PID 1
[[0;32m  OK  [0m] Started Flush Journal to Persistent Storage.
         Starting Create Volatile Files and Directories...
[[0;32m  OK  [0m] Started udev Kernel Device Manager.
[[0;32m  OK  [0m] Started Create Volatile Files and Directories.
         Starting Update UTMP about System Boot/Shutdown...
         Starting Network Time Synchronization...
[[0;32m  OK  [0m] Started Update UTMP about System Boot/Shutdown.
[[0;32m  OK  [0m] Started udev Coldplug all Devices.
[   14.825811] remoteproc remoteproc0: wkup_m3 is available
[   14.943549] omap_rtc 44e3e000.rtc: registered as rtc0
[   14.948762] omap_rtc 44e3e000.rtc: setting system clock to 2000-01-01T00:00:00 UTC (946684800)
[   15.022010] omap_wdt: OMAP Watchdog Timer Rev 0x01: initial timeout 60 sec
[   15.096582] at24 2-0054: supply vcc not found, using dummy regulator
[   15.214754] at24 2-0055: supply vcc not found, using dummy regulator
[   15.290766] am335x-phy-driver 47401300.usb-phy: dummy supplies not allowed for exclusive requests (id=vbus)
[   15.344210] at24 2-0056: supply vcc not found, using dummy regulator
[   15.445094] usbcore: registered new interface driver usbfs
[   15.450875] usbcore: registered new interface driver hub
[   15.456551] usbcore: registered new device driver usb
[   15.482266] at24 2-0057: supply vcc not found, using dummy regulator
[   15.518833] tps6521x_pwrbutton tps65217-pwrbutton: DMA mask not set
[   15.619930] input: tps65217_pwrbutton as /devices/platform/ocp/44c00000.interconnect/44c00000.interconnect:segment@200000/44e0b000.target-module/44e0b000.i2c/i2c-0/0-0024/tps65217-pwrbutton/input/input0
[[0;32m  OK  [0m] Found device /dev/ttyS0.
[   15.655962] at24 0-0050: 32768 byte 24c256 EEPROM, writable, 1 bytes/write
[   15.719130] am335x-phy-driver 47401b00.usb-phy: dummy supplies not allowed for exclusive requests (id=vbus)
[[0;32m  OK  [0m] Started Network Time Synchronization.
[[0;32m  OK  [0m] Reached target System Initialization.
[[0;32m  OK  [0m] Listening on D-Bus System Message Bus Socket.
[[0;32m  OK  [0m] Started Daily Cleanup of Temporary Directories.
[[0;32m  OK  [0m] Listening on Avahi mDNS/DNS-SD Stack Activation Socket.
[[0;32m  OK  [0m] Reached target Sockets.
[[0;32m  OK  [0m] Reached target Basic System.
[   16.269427] wkup_m3_ipc 44e11324.wkup_m3_ipc: IPC Request for A8->M3 Channel failed! -517
         Starting LSB: Load kernel modules needed to enable cpufreq scaling...
         Starting Generic Board Startup...
         Starting Login Service...
[   16.747399] wkup_m3_ipc 44e11324.wkup_m3_ipc: IPC Request for A8->M3 Channel failed! -517
         Starting DUN service...
[   16.892222] musb-hdrc musb-hdrc.1: MUSB HDRC host driver
[   16.897652] musb-hdrc musb-hdrc.1: new USB bus registered, assigned bus number 1
[   16.906409] wkup_m3_ipc 44e11324.wkup_m3_ipc: IPC Request for A8->M3 Channel failed! -517
         Starting System Logging Service...
[   17.035473] tda998x 0-0070: found TDA19988
         Starting Telephony service...
[   17.215633] wkup_m3_ipc 44e11324.wkup_m3_ipc: IPC Request for A8->M3 Channel failed! -517
[   17.240551] usb usb1: New USB device found, idVendor=1d6b, idProduct=0002, bcdDevice= 6.12
[   17.249066] usb usb1: New USB device strings: Mfr=3, Product=2, SerialNumber=1
[   17.256372] usb usb1: Product: MUSB HDRC host driver
[   17.261398] usb usb1: Manufacturer: Linux 6.12.0-rc3-next-20241021 musb-hcd
[   17.268414] usb usb1: SerialNumber: musb-hdrc.1
[[0;32m  OK  [0m] Started D-Bus System Message Bus.
[   17.606087] omap-mailbox 480c8000.mailbox: omap mailbox rev 0x400
[   17.699400] remoteproc remoteproc0: powering up wkup_m3
[   17.729965] hub 1-0:1.0: USB hub found
[   17.788835] hub 1-0:1.0: 1 port detected
[   17.977209] remoteproc remoteproc0: Direct firmware load for am335x-pm-firmware.elf failed with error -2
[   17.987080] remoteproc remoteproc0: request_firmware failed: -2
[   17.993116] wkup_m3_ipc 44e11324.wkup_m3_ipc: rproc_boot failed
[   19.694716] omap_rng 48310000.rng: Random Number Generator ver. 20
[   20.143088] tilcdc 4830e000.lcdc: bound 0-0070 (ops tda998x_driver_exit [tda998x])
[   20.239008] [drm] Initialized tilcdc 1.0.0 for 4830e000.lcdc on minor 0
[   20.297902] tilcdc 4830e000.lcdc: [drm] Cannot find any crtc or sizes
[   20.306136] tilcdc 4830e000.lcdc: [drm] Cannot find any crtc or sizes
[   21.049503] PM: Cannot get wkup_m3_ipc handle
[   21.087458] omap-sham 53100000.sham: hw accel on OMAP rev 4.3
[[0;32m  OK  [0m] Started DUN service.
[   21.240442] omap-sham 53100000.sham: will run requests pump with realtime priority
[   21.263028] PM: Cannot get wkup_m3_ipc handle
[[0;32m  OK  [0m] Started Telephony service.
[   21.333831] omap-aes 53500000.aes: OMAP AES hw accel rev: 3.2
         Starting Connection service...
[   21.466366] omap-aes 53500000.aes: will run requests pump with realtime priority
[   21.475217] PM: Cannot get wkup_m3_ipc handle
         Starting Avahi mDNS/DNS-SD Stack...
         Starting Cape Manager Service...
         Starting LSB: Start busybox udhcpd at boot time...
[[0;32m  OK  [0m] Started Regular background program processing daemon.
[[0;32m  OK  [0m] Reached target System Time Synchronized.
[[0;32m  OK  [0m] Started Daily apt download activities.
[[0;32m  OK  [0m] Started Daily apt upgrade and clean activities.
[[0;32m  OK  [0m] Reached target Timers.
[[0;32m  OK  [0m] Started System Logging Service.
[   23.192092] Bluetooth: Core ver 2.22
[   23.195925] NET: Registered PF_BLUETOOTH protocol family
[   23.201412] Bluetooth: HCI device and connection manager initialized
[   23.207830] Bluetooth: HCI socket layer initialized
[   23.212781] Bluetooth: L2CAP socket layer initialized
[   23.217896] Bluetooth: SCO socket layer initialized
[[0;32m  OK  [0m] Started Cape Manager Service.
[   25.302510] PM: Cannot get wkup_m3_ipc handle
[   25.403407] PM: Cannot get wkup_m3_ipc handle
[[0;32m  OK  [0m] Started LSB: Start busybox udhcpd at boot time.
[[0;32m  OK  [0m] Started Raise network interfaces.
[   28.306960] configfs-gadget.g_multi gadget.0: HOST MAC 1c:ba:8c:a2:ed:6c
[   28.313970] configfs-gadget.g_multi gadget.0: MAC 1c:ba:8c:a2:ed:70
[   28.321507] configfs-gadget.g_multi gadget.0: HOST MAC 1c:ba:8c:a2:ed:6c
[   28.328276] configfs-gadget.g_multi gadget.0: MAC 1c:ba:8c:a2:ed:6d
[   28.335800] PM: Cannot get wkup_m3_ipc handle
[[0;32m  OK  [0m] Started LSB: Load kernel modules needed to enable cpufreq scaling.
[[0;32m  OK  [0m] Started Avahi mDNS/DNS-SD Stack.
[[0;32m  OK  [0m] Started Connection service.
[[0;32m  OK  [0m] Started Login Service.
[[0;32m  OK  [0m] Reached target Sound Card.
         Starting LSB: set CPUFreq kernel parameters...
[[0;32m  OK  [0m] Reached target Network.
         Starting The Apache HTTP Server...
[[0;32m  OK  [0m] Reached target Network is Online.
         Starting LSB: Advanced IEEE 802.11 management daemon...
         Starting OpenBSD Secure Shell server...
         Starting Permit User Sessions...
[[0;32m  OK  [0m] Started LSB: Advanced IEEE 802.11 management daemon.
[[0;32m  OK  [0m] Started Permit User Sessions.
         Starting Hostname Service...
[[0;32m  OK  [0m] Started Serial Getty on ttyS0.
[[0;32m  OK  [0m] Started Getty on tty1.
[[0;32m  OK  [0m] Reached target Login Prompts.
         Starting WPA supplicant...
[[0;32m  OK  [0m] Started LSB: set CPUFreq kernel parameters.
         Stopping LSB: Start busybox udhcpd at boot time...
[[0;32m  OK  [0m] Started Hostname Service.
[[0;32m  OK  [0m] Started WPA supplicant.
[[0;32m  OK  [0m] Started OpenBSD Secure Shell server.
[[0;32m  OK  [0m] Stopped LSB: Start busybox udhcpd at boot time.
         Starting dnsmasq - A lightweight DHCP and caching DNS server...
[[0;32m  OK  [0m] Started The Apache HTTP Server.
[[0;32m  OK  [0m] Started dnsmasq - A lightweight DHCP and caching DNS server.
[[0;32m  OK  [0m] Reached target Host and Network Name Lookups.
[[0;32m  OK  [0m] Started Serial Getty on ttyGS0.
[[0;32m  OK  [0m] Started Generic Board Startup.
[[0;32m  OK  [0m] Reached target Multi-User System.
[[0;32m  OK  [0m] Reached target Graphical Interface.
         Starting Update UTMP about System Runlevel Changes...
[[0;32m  OK  [0m] Started Update UTMP about System Runlevel Changes.

Debian GNU/Linux 9 arm ttyS0

default username:password is [debian:temppwd]

arm login: root
Password: 
Last login: Sat Jan  1 00:00:33 UTC 2000 on ttyS0
root
Linux arm 6.12.0-rc3-next-20241021 #119 SMP Mon Oct 21 10:11:28 EEST 2024 armv7l

The programs included with the Debian GNU/Linux system are free software;
the exact distribution terms for each program are described in the
individual files in /usr/share/doc/*/copyright.

Debian GNU/Linux comes with ABSOLUTELY NO WARRANTY, to the extent
permitted by applicable law.
root@arm:~# root
-bash: root: command not found
root@arm:~# dmesg -n 1
echo 'NFVU''HGLECO'
root@arm:~# echo 'NFVU''HGLECO'
NFVUHGLECO
root@arm:~# run() { echo -n "$MARKER"; sh -c "$@"; echo "$MARKER $?"; }
root@arm:~# echo 'NYJX''ZNNYAH'
NYJXZNNYAH
root@arm:~# MARKER='VOOX''FYSWQB' run 'cat /proc/version'
VOOXFYSWQBLinux version 6.12.0-rc3-next-20241021 (user01@drvtest01) (arm-linux-gnueabihf-gcc (Linaro GCC 6.4-2017.11) 6.4.1 20171012, GNU ld (Linaro_Binutils-2017.11) 2.27.0.20161229) #119 SMP Mon Oct 21 10:11:28 EEST 2024
VOOXFYSWQB 0
root@arm:~# echo 'SZYZ''LMYQUS'
SZYZLMYQUS
root@arm:~# MARKER='UGKW''SYYLPU' run false
UGKWSYYLPUUGKWSYYLPU 1
root@arm:~# Labgrid Console Logfile for main
Logfile started at 2024-10-21 10:13:31.318810
=== Log starts here ===

root@arm:~# run() { echo -n "$MARKER"; sh -c "$@"; echo "$MARKER $?"; }
root@arm:~# echo 'STHH''ZJASBJ'
STHHZJASBJ
root@arm:~# MARKER='BPAH''TMWCFH' run dmesg
BPAHTMWCFH[    0.000000] Booting Linux on physical CPU 0x0
[    0.000000] Linux version 6.12.0-rc3-next-20241021 (user01@drvtest01) (arm-linux-gnueabihf-gcc (Linaro GCC 6.4-2017.11) 6.4.1 20171012, GNU ld (Linaro_Binutils-2017.11) 2.27.0.20161229) #119 SMP Mon Oct 21 10:11:28 EEST 2024
[    0.000000] CPU: ARMv7 Processor [413fc082] revision 2 (ARMv7), cr=10c5387d
[    0.000000] CPU: PIPT / VIPT nonaliasing data cache, VIPT aliasing instruction cache
[    0.000000] OF: fdt: Machine model: TI AM335x BeagleBone Black
[    0.000000] Memory policy: Data cache writeback
[    0.000000] cma: Reserved 16 MiB at 0x9e800000 on node -1
[    0.000000] Zone ranges:
[    0.000000]   Normal   [mem 0x0000000080000000-0x000000009fdfffff]
[    0.000000]   HighMem  empty
[    0.000000] Movable zone start for each node
[    0.000000] Early memory node ranges
[    0.000000]   node   0: [mem 0x0000000080000000-0x000000009fdfffff]
[    0.000000] Initmem setup node 0 [mem 0x0000000080000000-0x000000009fdfffff]
[    0.000000] OF: reserved mem: Reserved memory: No reserved-memory node in the DT
[    0.000000] CPU: All CPU(s) started in SVC mode.
[    0.000000] AM335X ES2.1 (sgx neon)
[    0.000000] percpu: Embedded 17 pages/cpu s39756 r8192 d21684 u69632
[    0.000000] pcpu-alloc: s39756 r8192 d21684 u69632 alloc=17*4096
[    0.000000] pcpu-alloc: [0] 0 
[    0.000000] Kernel command line: console=ttyO0,115200n8 root=/dev/nfs rw nfsroot=192.168.255.126:/home/user01/nfs,nfsvers=3 ip=192.168.255.1:192.168.255.126::255.255.255.0:bbb1:eth0 nfsrootdebug
[    0.000000] Unknown kernel command line parameters "nfsrootdebug", will be passed to user space.
[    0.000000] printk: log buffer data + meta data: 65536 + 204800 = 270336 bytes
[    0.000000] Dentry cache hash table entries: 65536 (order: 6, 262144 bytes, linear)
[    0.000000] Inode-cache hash table entries: 32768 (order: 5, 131072 bytes, linear)
[    0.000000] Built 1 zonelists, mobility grouping on.  Total pages: 130560
[    0.000000] mem auto-init: stack:off, heap alloc:off, heap free:off
[    0.000000] SLUB: HWalign=64, Order=0-3, MinObjects=0, CPUs=1, Nodes=1
[    0.000000] trace event string verifier disabled
[    0.000000] rcu: Hierarchical RCU implementation.
[    0.000000] rcu: 	RCU event tracing is enabled.
[    0.000000] rcu: 	RCU restricting CPUs from NR_CPUS=2 to nr_cpu_ids=1.
[    0.000000] 	Tracing variant of Tasks RCU enabled.
[    0.000000] rcu: RCU calculated value of scheduler-enlistment delay is 10 jiffies.
[    0.000000] rcu: Adjusting geometry for rcu_fanout_leaf=16, nr_cpu_ids=1
[    0.000000] RCU Tasks Trace: Setting shift to 0 and lim to 1 rcu_task_cb_adjust=1 rcu_task_cpu_ids=1.
[    0.000000] NR_IRQS: 16, nr_irqs: 16, preallocated irqs: 16
[    0.000000] IRQ: Found an INTC at 0x(ptrval) (revision 5.0) with 128 interrupts
[    0.000000] rcu: srcu_init: Setting srcu_struct sizes based on contention.
[    0.000000] TI gptimer clocksource: always-on /ocp/interconnect@44c00000/segment@200000/target-module@31000
[    0.000003] sched_clock: 32 bits at 24MHz, resolution 41ns, wraps every 89478484971ns
[    0.000029] clocksource: dmtimer: mask: 0xffffffff max_cycles: 0xffffffff, max_idle_ns: 79635851949 ns
[    0.000503] TI gptimer clockevent: 24000000 Hz at /ocp/interconnect@48000000/segment@0/target-module@40000
[    0.002133] Console: colour dummy device 80x30
[    0.002197] WARNING: Your 'console=ttyO0' has been replaced by 'ttyS0'
[    0.002206] This ensures that you still see kernel messages. Please
[    0.002211] update your kernel commandline.
[    0.002254] Calibrating delay loop... 996.14 BogoMIPS (lpj=4980736)
[    0.090555] CPU: Testing write buffer coherency: ok
[    0.090672] CPU0: Spectre v2: using BPIALL workaround
[    0.090684] pid_max: default: 32768 minimum: 301
[    0.090806] LSM: initializing lsm=capability
[    0.090990] Mount-cache hash table entries: 1024 (order: 0, 4096 bytes, linear)
[    0.091011] Mountpoint-cache hash table entries: 1024 (order: 0, 4096 bytes, linear)
[    0.092669] CPU0: thread -1, cpu 0, socket -1, mpidr 0
[    0.160946] Setting up static identity map for 0x80100000 - 0x80100078
[    0.170718] rcu: Hierarchical SRCU implementation.
[    0.170730] rcu: 	Max phase no-delay instances is 1000.
[    0.190765] smp: Bringing up secondary CPUs ...
[    0.190826] smp: Brought up 1 node, 1 CPU
[    0.190842] SMP: Total of 1 processors activated (996.14 BogoMIPS).
[    0.190854] CPU: All CPU(s) started in SVC mode.
[    0.191046] Memory: 480868K/522240K available (11264K kernel code, 1208K rwdata, 2888K rodata, 1024K init, 298K bss, 23360K reserved, 16384K cma-reserved, 0K highmem)
[    0.191909] devtmpfs: initialized
[    0.209098] VFP support v0.3: implementor 41 architecture 3 part 30 variant c rev 3
[    0.209458] clocksource: jiffies: mask: 0xffffffff max_cycles: 0xffffffff, max_idle_ns: 19112604462750000 ns
[    0.209495] futex hash table entries: 256 (order: 2, 16384 bytes, linear)
[    0.211019] pinctrl core: initialized pinctrl subsystem
[    0.213853] NET: Registered PF_NETLINK/PF_ROUTE protocol family
[    0.216657] DMA: preallocated 256 KiB pool for atomic coherent allocations
[    0.217562] audit: initializing netlink subsys (disabled)
[    0.219004] thermal_sys: Registered thermal governor 'fair_share'
[    0.219021] thermal_sys: Registered thermal governor 'step_wise'
[    0.219030] thermal_sys: Registered thermal governor 'user_space'
[    0.219188] audit: type=2000 audit(0.210:1): state=initialized audit_enabled=0 res=1
[    0.219226] cpuidle: using governor menu
[    0.238263] No ATAGs?
[    0.238290] hw-breakpoint: debug architecture 0x4 unsupported.
[    0.241119] kprobes: kprobe jump-optimization is enabled. All kprobes are optimized if possible.
[    0.254031] iommu: Default domain type: Translated
[    0.254052] iommu: DMA domain TLB invalidation policy: strict mode
[    0.255719] reg-fixed-voltage fixedregulator0: using DT '/fixedregulator0' for '(default)' GPIO lookup
[    0.255774] of_get_named_gpiod_flags: can't parse 'gpios' property of node '/fixedregulator0[0]'
[    0.255804] of_get_named_gpiod_flags: can't parse 'gpio' property of node '/fixedregulator0[0]'
[    0.255823] reg-fixed-voltage fixedregulator0: using lookup tables for GPIO lookup
[    0.255834] reg-fixed-voltage fixedregulator0: No GPIO consumer (default) found
[    0.261731] SCSI subsystem initialized
[    0.262217] libata version 3.00 loaded.
[    0.262581] pps_core: LinuxPPS API ver. 1 registered
[    0.262591] pps_core: Software ver. 5.3.6 - Copyright 2005-2007 Rodolfo Giometti <giometti@linux.it>
[    0.262615] PTP clock support registered
[    0.270843] vgaarb: loaded
[    0.271250] clocksource: Switched to clocksource dmtimer
[    0.271918] VFS: Disk quotas dquot_6.6.0
[    0.271964] VFS: Dquot-cache hash table entries: 1024 (order 0, 4096 bytes)
[    0.296664] NET: Registered PF_INET protocol family
[    0.297014] IP idents hash table entries: 8192 (order: 4, 65536 bytes, linear)
[    0.298416] tcp_listen_portaddr_hash hash table entries: 512 (order: 0, 4096 bytes, linear)
[    0.298452] Table-perturb hash table entries: 65536 (order: 6, 262144 bytes, linear)
[    0.298475] TCP established hash table entries: 4096 (order: 2, 16384 bytes, linear)
[    0.298519] TCP bind hash table entries: 4096 (order: 4, 65536 bytes, linear)
[    0.298619] TCP: Hash tables configured (established 4096 bind 4096)
[    0.298742] UDP hash table entries: 256 (order: 1, 8192 bytes, linear)
[    0.298775] UDP-Lite hash table entries: 256 (order: 1, 8192 bytes, linear)
[    0.298945] NET: Registered PF_UNIX/PF_LOCAL protocol family
[    0.300247] RPC: Registered named UNIX socket transport module.
[    0.300266] RPC: Registered udp transport module.
[    0.300271] RPC: Registered tcp transport module.
[    0.300277] RPC: Registered tcp-with-tls transport module.
[    0.300282] RPC: Registered tcp NFSv4.1 backchannel transport module.
[    0.300307] PCI: CLS 0 bytes, default 64
[    0.301950] Initialise system trusted keyrings
[    0.312034] workingset: timestamp_bits=14 max_order=17 bucket_order=3
[    0.313367] NFS: Registering the id_resolver key type
[    0.313439] Key type id_resolver registered
[    0.313448] Key type id_legacy registered
[    0.313498] jffs2: version 2.2. (NAND) (SUMMARY)  Â© 2001-2006 Red Hat, Inc.
[    0.313902] Key type asymmetric registered
[    0.313917] Asymmetric key parser 'x509' registered
[    0.313982] io scheduler mq-deadline registered
[    0.313993] io scheduler kyber registered
[    0.314061] io scheduler bfq registered
[    0.315701] ledtrig-cpu: registered to indicate activity on CPUs
[    0.321789] Serial: 8250/16550 driver, 6 ports, IRQ sharing enabled
[    0.373890] brd: module loaded
[    0.394050] loop: module loaded
[    0.394990] mtdoops: mtd device (mtddev=name/number) must be supplied
[    0.396729] mdio_bus fixed-0: using lookup tables for GPIO lookup
[    0.396754] mdio_bus fixed-0: No GPIO consumer reset found
[    0.398143] i2c_dev: i2c /dev entries driver
[    0.399128] cpuidle: enable-method property 'ti,am3352' found operations
[    0.399570] sdhci: Secure Digital Host Controller Interface driver
[    0.399581] sdhci: Copyright(c) Pierre Ossman
[    0.399755] sdhci-pltfm: SDHCI platform and OF driver helper
[    0.400763] Initializing XFRM netlink socket
[    0.400911] NET: Registered PF_INET6 protocol family
[    0.403085] Segment Routing with IPv6
[    0.403177] In-situ OAM (IOAM) with IPv6
[    0.403277] sit: IPv6, IPv4 and MPLS over IPv4 tunneling driver
[    0.404230] NET: Registered PF_PACKET protocol family
[    0.404263] NET: Registered PF_KEY protocol family
[    0.404385] Key type dns_resolver registered
[    0.404668] ThumbEE CPU extension supported.
[    0.404690] Registering SWP/SWPB emulation handler
[    0.405216] omap_voltage_late_init: Voltage driver support not added
[    0.405564] SmartReflex Class3 initialized
[    0.432589] Loading compiled-in X.509 certificates
[    0.480663] gpiochip_find_base_unlocked: found new base at 512
[    0.503020] platform 44e10800.pinmux: Fixed dependency cycle(s) with /ocp/interconnect@44c00000/segment@200000/target-module@10000/scm@0/pinmux@800/clkout2-pins
[    0.503566] pinctrl-single 44e10800.pinmux: 142 pins, size 568
[    0.508557] ti-sysc 44e31000.target-module: probe with driver ti-sysc failed with error -16
[    0.542342] ti-sysc 48040000.target-module: probe with driver ti-sysc failed with error -16
[    0.553323] gpiochip_find_base_unlocked: found new base at 512
[    0.553432] gpio gpiochip0: (gpio-0-31): created GPIO range 0->7 ==> 44e10800.pinmux PIN 0->7
[    0.553451] gpio gpiochip0: (gpio-0-31): created GPIO range 8->11 ==> 44e10800.pinmux PIN 90->93
[    0.553467] gpio gpiochip0: (gpio-0-31): created GPIO range 12->27 ==> 44e10800.pinmux PIN 12->27
[    0.553482] gpio gpiochip0: (gpio-0-31): created GPIO range 28->31 ==> 44e10800.pinmux PIN 30->33
[    0.605278] gpio gpiochip0: (gpio-0-31): added GPIO chardev (254:0)
[    0.605454] gpio gpiochip0: registered GPIOs 512 to 543 on gpio-0-31
[    0.605538] OMAP GPIO hardware version 0.1
[    0.618817] i2c i2c-2: using DT '/ocp/interconnect@48000000/segment@100000/target-module@9c000/i2c@0' for 'scl' GPIO lookup
[    0.618893] of_get_named_gpiod_flags: can't parse 'scl-gpios' property of node '/ocp/interconnect@48000000/segment@100000/target-module@9c000/i2c@0[0]'
[    0.618937] of_get_named_gpiod_flags: can't parse 'scl-gpio' property of node '/ocp/interconnect@48000000/segment@100000/target-module@9c000/i2c@0[0]'
[    0.618974] i2c i2c-2: using lookup tables for GPIO lookup
[    0.618984] i2c i2c-2: No GPIO consumer scl found
[    0.619006] i2c i2c-2: using DT '/ocp/interconnect@48000000/segment@100000/target-module@9c000/i2c@0' for 'sda' GPIO lookup
[    0.619042] of_get_named_gpiod_flags: can't parse 'sda-gpios' property of node '/ocp/interconnect@48000000/segment@100000/target-module@9c000/i2c@0[0]'
[    0.619081] of_get_named_gpiod_flags: can't parse 'sda-gpio' property of node '/ocp/interconnect@48000000/segment@100000/target-module@9c000/i2c@0[0]'
[    0.619113] i2c i2c-2: using lookup tables for GPIO lookup
[    0.619121] i2c i2c-2: No GPIO consumer sda found
[    0.619846] omap_i2c 4819c000.i2c: bus 2 rev0.11 at 100 kHz
[    0.625409] gpiochip_find_base_unlocked: found new base at 544
[    0.625514] gpio gpiochip1: (gpio-32-63): created GPIO range 0->17 ==> 44e10800.pinmux PIN 34->51
[    0.625534] gpio gpiochip1: (gpio-32-63): created GPIO range 18->21 ==> 44e10800.pinmux PIN 77->80
[    0.625550] gpio gpiochip1: (gpio-32-63): created GPIO range 22->31 ==> 44e10800.pinmux PIN 56->65
[    0.649748] gpio gpiochip1: (gpio-32-63): added GPIO chardev (254:1)
[    0.649911] gpio gpiochip1: registered GPIOs 544 to 575 on gpio-32-63
[    0.652269] gpiochip_find_base_unlocked: found new base at 576
[    0.652360] gpio gpiochip2: (gpio-64-95): created GPIO range 0->4 ==> 44e10800.pinmux PIN 66->70
[    0.652379] gpio gpiochip2: (gpio-64-95): created GPIO range 5->6 ==> 44e10800.pinmux PIN 98->99
[    0.652395] gpio gpiochip2: (gpio-64-95): created GPIO range 7->8 ==> 44e10800.pinmux PIN 75->76
[    0.652410] gpio gpiochip2: (gpio-64-95): created GPIO range 13->13 ==> 44e10800.pinmux PIN 141->141
[    0.652426] gpio gpiochip2: (gpio-64-95): created GPIO range 14->21 ==> 44e10800.pinmux PIN 100->107
[    0.653057] gpio gpiochip2: (gpio-64-95): added GPIO chardev (254:2)
[    0.653193] gpio gpiochip2: registered GPIOs 576 to 607 on gpio-64-95
[    0.658531] 48000000.interconnect:segment@200000:target-module@0:mpu@0:fck: device ID is greater than 24
[    0.662871] platform 4830e000.lcdc: Fixed dependency cycle(s) with /ocp/interconnect@44c00000/segment@200000/target-module@b000/i2c@0/tda19988@70
[    0.672217] mdio_bus 4a101000.mdio: using DT '/ocp/interconnect@4a000000/segment@0/target-module@100000/switch@0/mdio@1000' for 'reset' GPIO lookup
[    0.672292] of_get_named_gpiod_flags: can't parse 'reset-gpios' property of node '/ocp/interconnect@4a000000/segment@0/target-module@100000/switch@0/mdio@1000[0]'
[    0.672342] of_get_named_gpiod_flags: can't parse 'reset-gpio' property of node '/ocp/interconnect@4a000000/segment@0/target-module@100000/switch@0/mdio@1000[0]'
[    0.672393] mdio_bus 4a101000.mdio: using lookup tables for GPIO lookup
[    0.672403] mdio_bus 4a101000.mdio: No GPIO consumer reset found
[    0.673574] sdhci-omap 481d8000.mmc: using DT '/ocp/interconnect@48000000/segment@100000/target-module@d8000/mmc@0' for 'wp' GPIO lookup
[    0.673639] of_get_named_gpiod_flags: can't parse 'wp-gpios' property of node '/ocp/interconnect@48000000/segment@100000/target-module@d8000/mmc@0[0]'
[    0.673683] of_get_named_gpiod_flags: can't parse 'wp-gpio' property of node '/ocp/interconnect@48000000/segment@100000/target-module@d8000/mmc@0[0]'
[    0.673719] sdhci-omap 481d8000.mmc: using lookup tables for GPIO lookup
[    0.673729] sdhci-omap 481d8000.mmc: No GPIO consumer wp found
[    0.673924] sdhci-omap 481d8000.mmc: supply pbias not found, using dummy regulator
[    0.674437] sdhci-omap 481d8000.mmc: supply vqmmc not found, using dummy regulator
[    0.727728] davinci_mdio 4a101000.mdio: davinci mdio revision 1.6, bus freq 1000000
[    0.745080] mdio_bus 4a101000.mdio:00: using DT '/ocp/interconnect@4a000000/segment@0/target-module@100000/switch@0/mdio@1000/ethernet-phy@0' for 'reset' GPIO lookup
[    0.745186] of_get_named_gpiod_flags: parsed 'reset-gpios' property of node '/ocp/interconnect@4a000000/segment@0/target-module@100000/switch@0/mdio@1000/ethernet-phy@0[0]' - status (0)
[    0.745355] gpio gpiochip0: Persistence not supported for GPIO 8
[    0.838927] davinci_mdio 4a101000.mdio: phy[0]: device 4a101000.mdio:00, driver SMSC LAN8710/LAN8720
[    0.839750] cpsw-switch 4a100000.switch: initialized cpsw ale version 1.4
[    0.839773] cpsw-switch 4a100000.switch: ALE Table size 1024, Policers 0
[    0.840093] cpsw-switch 4a100000.switch: cpts: overflow check period 500 (jiffies)
[    0.840113] cpsw-switch 4a100000.switch: CPTS: ref_clk_freq:250000000 calc_mult:2147483648 calc_shift:29 error:0 nsec/sec
[    0.840218] cpsw-switch 4a100000.switch: Detected MACID = 6c:ec:eb:68:de:78
[    0.842272] cpsw-switch 4a100000.switch: initialized (regs 0x4a100000, pool size 256) hw_ver:0019010C 1.12 (0)
[    0.853328] debugfs: Directory '49000000.dma' with parent 'dmaengine' already present!
[    0.853369] edma 49000000.dma: TI EDMA DMA engine driver
[    0.902045] target-module@4b000000:target-module@140000:pmu@0:fck: device ID is greater than 24
[    0.912473] hw perfevents: enabled with armv7_cortex_a8 PMU driver, 5 (8000000f) counters available
[    0.913361] gpio-clk clk_mcasp0: using DT '/clk_mcasp0' for 'enable' GPIO lookup
[    0.913431] of_get_named_gpiod_flags: parsed 'enable-gpios' property of node '/clk_mcasp0[0]' - status (0)
[    0.913475] gpio gpiochip0: Persistence not supported for GPIO 27
[    0.914262] gpiochip_find_base_unlocked: found new base at 608
[    0.914393] gpio gpiochip3: (gpio-96-127): created GPIO range 0->7 ==> 44e10800.pinmux PIN 82->89
[    0.914413] gpio gpiochip3: (gpio-96-127): created GPIO range 8->11 ==> 44e10800.pinmux PIN 52->55
[    0.914429] gpio gpiochip3: (gpio-96-127): created GPIO range 12->15 ==> 44e10800.pinmux PIN 94->97
[    0.914445] gpio gpiochip3: (gpio-96-127): created GPIO range 16->17 ==> 44e10800.pinmux PIN 71->72
[    0.914460] gpio gpiochip3: (gpio-96-127): created GPIO range 18->18 ==> 44e10800.pinmux PIN 135->135
[    0.914477] gpio gpiochip3: (gpio-96-127): created GPIO range 19->20 ==> 44e10800.pinmux PIN 108->109
[    0.914493] gpio gpiochip3: (gpio-96-127): created GPIO range 21->21 ==> 44e10800.pinmux PIN 73->73
[    0.914510] gpio gpiochip3: (gpio-96-127): created GPIO range 22->23 ==> 44e10800.pinmux PIN 8->9
[    0.914528] gpio gpiochip3: (gpio-96-127): created GPIO range 26->27 ==> 44e10800.pinmux PIN 10->11
[    0.914545] gpio gpiochip3: (gpio-96-127): created GPIO range 28->28 ==> 44e10800.pinmux PIN 74->74
[    0.914563] gpio gpiochip3: (gpio-96-127): created GPIO range 29->29 ==> 44e10800.pinmux PIN 81->81
[    0.914582] gpio gpiochip3: (gpio-96-127): created GPIO range 30->31 ==> 44e10800.pinmux PIN 28->29
[    0.920120] l3-aon-clkctrl:0000:0: failed to disable
[    0.920416] gpio gpiochip3: (gpio-96-127): added GPIO chardev (254:3)
[    0.920570] gpio gpiochip3: registered GPIOs 608 to 639 on gpio-96-127
[    0.922812] omap8250 44e09000.serial: using DT '/ocp/interconnect@44c00000/segment@200000/target-module@9000/serial@0' for 'rs485-term' GPIO lookup
[    0.922886] of_get_named_gpiod_flags: can't parse 'rs485-term-gpios' property of node '/ocp/interconnect@44c00000/segment@200000/target-module@9000/serial@0[0]'
[    0.922933] of_get_named_gpiod_flags: can't parse 'rs485-term-gpio' property of node '/ocp/interconnect@44c00000/segment@200000/target-module@9000/serial@0[0]'
[    0.922972] omap8250 44e09000.serial: using lookup tables for GPIO lookup
[    0.922982] omap8250 44e09000.serial: No GPIO consumer rs485-term found
[    0.922992] omap8250 44e09000.serial: using DT '/ocp/interconnect@44c00000/segment@200000/target-module@9000/serial@0' for 'rs485-rx-during-tx' GPIO lookup
[    0.923029] of_get_named_gpiod_flags: can't parse 'rs485-rx-during-tx-gpios' property of node '/ocp/interconnect@44c00000/segment@200000/target-module@9000/serial@0[0]'
[    0.923067] of_get_named_gpiod_flags: can't parse 'rs485-rx-during-tx-gpio' property of node '/ocp/interconnect@44c00000/segment@200000/target-module@9000/serial@0[0]'
[    0.923100] omap8250 44e09000.serial: using lookup tables for GPIO lookup
[    0.923109] omap8250 44e09000.serial: No GPIO consumer rs485-rx-during-tx found
[    0.923521] 44e09000.serial: ttyS0 at MMIO 0x44e09000 (irq = 34, base_baud = 3000000) is a 8250
[    0.923611] printk: legacy console [ttyS0] enabled
[    2.281892] i2c i2c-0: using DT '/ocp/interconnect@44c00000/segment@200000/target-module@b000/i2c@0' for 'scl' GPIO lookup
[    2.281985] of_get_named_gpiod_flags: can't parse 'scl-gpios' property of node '/ocp/interconnect@44c00000/segment@200000/target-module@b000/i2c@0[0]'
[    2.282033] of_get_named_gpiod_flags: can't parse 'scl-gpio' property of node '/ocp/interconnect@44c00000/segment@200000/target-module@b000/i2c@0[0]'
[    2.282075] i2c i2c-0: using lookup tables for GPIO lookup
[    2.282089] i2c i2c-0: No GPIO consumer scl found
[    2.282115] i2c i2c-0: using DT '/ocp/interconnect@44c00000/segment@200000/target-module@b000/i2c@0' for 'sda' GPIO lookup
[    2.282155] of_get_named_gpiod_flags: can't parse 'sda-gpios' property of node '/ocp/interconnect@44c00000/segment@200000/target-module@b000/i2c@0[0]'
[    2.282198] of_get_named_gpiod_flags: can't parse 'sda-gpio' property of node '/ocp/interconnect@44c00000/segment@200000/target-module@b000/i2c@0[0]'
[    2.282236] i2c i2c-0: using lookup tables for GPIO lookup
[    2.282248] i2c i2c-0: No GPIO consumer sda found
[    2.302273] tps65217-pmic: Failed to locate of_node [id: -1]
[    2.308352] tps65217-bl: Failed to locate of_node [id: -1]
[    2.319718] tps65217 0-0024: TPS65217 ID 0xe version 1.2
[    2.325866] platform 4830e000.lcdc: Fixed dependency cycle(s) with /ocp/interconnect@44c00000/segment@200000/target-module@b000/i2c@0/tda19988@70
[    2.339314] i2c 0-0070: Fixed dependency cycle(s) with /ocp/interconnect@48000000/segment@300000/target-module@e000/lcdc@0
[    2.350734] omap_i2c 44e0b000.i2c: bus 0 rev0.11 at 400 kHz
[    2.358366] sdhci-omap 48060000.mmc: using DT '/ocp/interconnect@48000000/segment@0/target-module@60000/mmc@0' for 'cd' GPIO lookup
[    2.358478] of_get_named_gpiod_flags: parsed 'cd-gpios' property of node '/ocp/interconnect@48000000/segment@0/target-module@60000/mmc@0[0]' - status (0)
[    2.358546] gpio gpiochip3: Persistence not supported for GPIO 6
[    2.358574] omap_gpio 44e07000.gpio: Could not set line 6 debounce to 200000 microseconds (-22)
[    2.367471] sdhci-omap 48060000.mmc: Got CD GPIO
[    2.372156] sdhci-omap 48060000.mmc: using DT '/ocp/interconnect@48000000/segment@0/target-module@60000/mmc@0' for 'wp' GPIO lookup
[    2.372209] of_get_named_gpiod_flags: can't parse 'wp-gpios' property of node '/ocp/interconnect@48000000/segment@0/target-module@60000/mmc@0[0]'
[    2.372256] of_get_named_gpiod_flags: can't parse 'wp-gpio' property of node '/ocp/interconnect@48000000/segment@0/target-module@60000/mmc@0[0]'
[    2.372298] sdhci-omap 48060000.mmc: using lookup tables for GPIO lookup
[    2.372312] sdhci-omap 48060000.mmc: No GPIO consumer wp found
[    2.372525] sdhci-omap 48060000.mmc: supply pbias not found, using dummy regulator
[    2.381181] sdhci-omap 481d8000.mmc: using DT '/ocp/interconnect@48000000/segment@100000/target-module@d8000/mmc@0' for 'wp' GPIO lookup
[    2.381377] of_get_named_gpiod_flags: can't parse 'wp-gpios' property of node '/ocp/interconnect@48000000/segment@100000/target-module@d8000/mmc@0[0]'
[    2.381431] of_get_named_gpiod_flags: can't parse 'wp-gpio' property of node '/ocp/interconnect@48000000/segment@100000/target-module@d8000/mmc@0[0]'
[    2.381473] sdhci-omap 481d8000.mmc: using lookup tables for GPIO lookup
[    2.381487] sdhci-omap 481d8000.mmc: No GPIO consumer wp found
[    2.382879] sdhci-omap 48060000.mmc: supply vqmmc not found, using dummy regulator
[    2.391896] sdhci-omap 481d8000.mmc: supply pbias not found, using dummy regulator
[    2.399896] sdhci-omap 481d8000.mmc: supply vqmmc not found, using dummy regulator
[    2.437901] mmc1: SDHCI controller on 481d8000.mmc [481d8000.mmc] using External DMA
[    2.447154] mmc0: SDHCI controller on 48060000.mmc [48060000.mmc] using External DMA
[    2.455966] cpsw-switch 4a100000.switch: starting ndev. mode: dual_mac
[    2.500565] mmc0: new high speed SDHC card at address 5048
[    2.507663] mmcblk0: mmc0:5048 SD16G 14.4 GiB
[    2.515742]  mmcblk0: p1 p2
[    2.519124] mmcblk0: p2 size 31221760 extends beyond EOD, truncated
[    2.532563] SMSC LAN8710/LAN8720 4a101000.mdio:00: attached PHY driver (mii_bus:phy_addr=4a101000.mdio:00, irq=POLL)
[    2.545207] mmc1: new high speed MMC card at address 0001
[    2.556397] mmcblk1: mmc1:0001 MMC04G 3.60 GiB
[    2.563938]  mmcblk1: p1 p2
[    2.568194] mmcblk1boot0: mmc1:0001 MMC04G 2.00 MiB
[    2.575589] mmcblk1boot1: mmc1:0001 MMC04G 2.00 MiB
[    2.583036] mmcblk1rpmb: mmc1:0001 MMC04G 128 KiB, chardev (250:0)
[    5.682023] cpsw-switch 4a100000.switch eth0: Link is Up - 100Mbps/Full - flow control off
[    5.711265] IP-Config: Complete:
[    5.714538]      device=eth0, hwaddr=6c:ec:eb:68:de:78, ipaddr=192.168.255.1, mask=255.255.255.0, gw=255.255.255.255
[    5.725176]      host=bbb1, domain=, nis-domain=(none)
[    5.730345]      bootserver=192.168.255.126, rootserver=192.168.255.126, rootpath=
[    5.730792] clk: Disabling unused clocks
[    5.742658] PM: genpd: Disabling unused power domains
[    5.747777] KTAP version 1
[    5.750498] 1..0
[    5.776805] VFS: Mounted root (nfs filesystem) on device 0:17.
[    5.784284] devtmpfs: mounted
[    5.788952] Freeing unused kernel image (initmem) memory: 1024K
[    5.795861] Run /sbin/init as init process
[    5.799996]   with arguments:
[    5.800010]     /sbin/init
[    5.800020]     nfsrootdebug
[    5.800029]   with environment:
[    5.800038]     HOME=/
[    5.800048]     TERM=linux
[    6.527444] systemd[1]: System time before build time, advancing clock.
[    7.981271] random: crng init done
[    8.022929] systemd[1]: systemd 232 running in system mode. (+PAM +AUDIT +SELINUX +IMA +APPARMOR +SMACK +SYSVINIT +UTMP +LIBCRYPTSETUP +GCRYPT +GNUTLS +ACL +XZ +LZ4 +SECCOMP +BLKID +ELFUTILS +KMOD +IDN)
[    8.042167] systemd[1]: Detected architecture arm.
[    8.076761] systemd[1]: Set hostname to <arm>.
[    9.243263] systemd[1]: Listening on /dev/initctl Compatibility Named Pipe.
[    9.272209] systemd[1]: Started Dispatch Password Requests to Console Directory Watch.
[    9.301679] systemd[1]: Reached target Swap.
[    9.321603] systemd[1]: Reached target Remote File Systems.
[    9.353481] systemd[1]: Listening on Journal Socket.
[    9.382208] systemd[1]: Started Forward Password Requests to Wall Directory Watch.
[    9.412079] systemd[1]: Listening on Journal Socket (/dev/log).
[   11.742519] systemd-journald[83]: Received request to flush runtime journal from PID 1
[   14.304220] leds-gpio leds: using DT '/leds/led2' for '(default)' GPIO lookup
[   14.304337] of_get_named_gpiod_flags: parsed 'gpios' property of node '/leds/led2[0]' - status (0)
[   14.304397] gpio gpiochip0: Persistence not supported for GPIO 21
[   14.304413] gpio-533 (?): no flags found for GPIO (default)
[   14.369832] leds-gpio leds: using DT '/leds/led3' for '(default)' GPIO lookup
[   14.369947] of_get_named_gpiod_flags: parsed 'gpios' property of node '/leds/led3[0]' - status (0)
[   14.370004] gpio gpiochip0: Persistence not supported for GPIO 22
[   14.370020] gpio-534 (?): no flags found for GPIO (default)
[   14.392857] leds-gpio leds: using DT '/leds/led4' for '(default)' GPIO lookup
[   14.392974] of_get_named_gpiod_flags: parsed 'gpios' property of node '/leds/led4[0]' - status (0)
[   14.393030] gpio gpiochip0: Persistence not supported for GPIO 23
[   14.393045] gpio-535 (?): no flags found for GPIO (default)
[   14.421737] leds-gpio leds: using DT '/leds/led5' for '(default)' GPIO lookup
[   14.421841] of_get_named_gpiod_flags: parsed 'gpios' property of node '/leds/led5[0]' - status (0)
[   14.421894] gpio gpiochip0: Persistence not supported for GPIO 24
[   14.421910] gpio-536 (?): no flags found for GPIO (default)
[   14.825811] remoteproc remoteproc0: wkup_m3 is available
[   14.943549] omap_rtc 44e3e000.rtc: registered as rtc0
[   14.948762] omap_rtc 44e3e000.rtc: setting system clock to 2000-01-01T00:00:00 UTC (946684800)
[   14.957653] omap_rtc 44e3e000.rtc: using DT '/ocp/interconnect@44c00000/segment@200000/target-module@3e000/rtc@0' for 'wp' GPIO lookup
[   14.957732] of_get_named_gpiod_flags: can't parse 'wp-gpios' property of node '/ocp/interconnect@44c00000/segment@200000/target-module@3e000/rtc@0[0]'
[   14.957786] of_get_named_gpiod_flags: can't parse 'wp-gpio' property of node '/ocp/interconnect@44c00000/segment@200000/target-module@3e000/rtc@0[0]'
[   14.957828] omap_rtc 44e3e000.rtc: using lookup tables for GPIO lookup
[   14.957843] omap_rtc 44e3e000.rtc: No GPIO consumer wp found
[   15.022010] omap_wdt: OMAP Watchdog Timer Rev 0x01: initial timeout 60 sec
[   15.096582] at24 2-0054: supply vcc not found, using dummy regulator
[   15.214754] at24 2-0055: supply vcc not found, using dummy regulator
[   15.290293] am335x-phy-driver 47401300.usb-phy: using DT '/ocp/target-module@47400000/usb-phy@1300' for 'reset' GPIO lookup
[   15.290391] of_get_named_gpiod_flags: can't parse 'reset-gpios' property of node '/ocp/target-module@47400000/usb-phy@1300[0]'
[   15.290439] of_get_named_gpiod_flags: can't parse 'reset-gpio' property of node '/ocp/target-module@47400000/usb-phy@1300[0]'
[   15.290477] am335x-phy-driver 47401300.usb-phy: using lookup tables for GPIO lookup
[   15.290492] am335x-phy-driver 47401300.usb-phy: No GPIO consumer reset found
[   15.290508] am335x-phy-driver 47401300.usb-phy: using DT '/ocp/target-module@47400000/usb-phy@1300' for 'vbus-detect' GPIO lookup
[   15.290540] of_get_named_gpiod_flags: can't parse 'vbus-detect-gpios' property of node '/ocp/target-module@47400000/usb-phy@1300[0]'
[   15.290574] of_get_named_gpiod_flags: can't parse 'vbus-detect-gpio' property of node '/ocp/target-module@47400000/usb-phy@1300[0]'
[   15.290602] am335x-phy-driver 47401300.usb-phy: using lookup tables for GPIO lookup
[   15.290614] am335x-phy-driver 47401300.usb-phy: No GPIO consumer vbus-detect found
[   15.290766] am335x-phy-driver 47401300.usb-phy: dummy supplies not allowed for exclusive requests (id=vbus)
[   15.344210] at24 2-0056: supply vcc not found, using dummy regulator
[   15.445094] usbcore: registered new interface driver usbfs
[   15.450875] usbcore: registered new interface driver hub
[   15.456551] usbcore: registered new device driver usb
[   15.482266] at24 2-0057: supply vcc not found, using dummy regulator
[   15.518833] tps6521x_pwrbutton tps65217-pwrbutton: DMA mask not set
[   15.619930] input: tps65217_pwrbutton as /devices/platform/ocp/44c00000.interconnect/44c00000.interconnect:segment@200000/44e0b000.target-module/44e0b000.i2c/i2c-0/0-0024/tps65217-pwrbutton/input/input0
[   15.655424] at24 0-0050: using DT '/ocp/interconnect@44c00000/segment@200000/target-module@b000/i2c@0/eeprom@50' for 'wp' GPIO lookup
[   15.655538] of_get_named_gpiod_flags: can't parse 'wp-gpios' property of node '/ocp/interconnect@44c00000/segment@200000/target-module@b000/i2c@0/eeprom@50[0]'
[   15.655598] of_get_named_gpiod_flags: can't parse 'wp-gpio' property of node '/ocp/interconnect@44c00000/segment@200000/target-module@b000/i2c@0/eeprom@50[0]'
[   15.655646] at24 0-0050: using lookup tables for GPIO lookup
[   15.655660] at24 0-0050: No GPIO consumer wp found
[   15.655962] at24 0-0050: 32768 byte 24c256 EEPROM, writable, 1 bytes/write
[   15.718664] am335x-phy-driver 47401b00.usb-phy: using DT '/ocp/target-module@47400000/usb-phy@1b00' for 'reset' GPIO lookup
[   15.718758] of_get_named_gpiod_flags: can't parse 'reset-gpios' property of node '/ocp/target-module@47400000/usb-phy@1b00[0]'
[   15.718804] of_get_named_gpiod_flags: can't parse 'reset-gpio' property of node '/ocp/target-module@47400000/usb-phy@1b00[0]'
[   15.718842] am335x-phy-driver 47401b00.usb-phy: using lookup tables for GPIO lookup
[   15.718858] am335x-phy-driver 47401b00.usb-phy: No GPIO consumer reset found
[   15.718874] am335x-phy-driver 47401b00.usb-phy: using DT '/ocp/target-module@47400000/usb-phy@1b00' for 'vbus-detect' GPIO lookup
[   15.718906] of_get_named_gpiod_flags: can't parse 'vbus-detect-gpios' property of node '/ocp/target-module@47400000/usb-phy@1b00[0]'
[   15.718940] of_get_named_gpiod_flags: can't parse 'vbus-detect-gpio' property of node '/ocp/target-module@47400000/usb-phy@1b00[0]'
[   15.718968] am335x-phy-driver 47401b00.usb-phy: using lookup tables for GPIO lookup
[   15.718980] am335x-phy-driver 47401b00.usb-phy: No GPIO consumer vbus-detect found
[   15.719130] am335x-phy-driver 47401b00.usb-phy: dummy supplies not allowed for exclusive requests (id=vbus)
[   16.269427] wkup_m3_ipc 44e11324.wkup_m3_ipc: IPC Request for A8->M3 Channel failed! -517
[   16.747399] wkup_m3_ipc 44e11324.wkup_m3_ipc: IPC Request for A8->M3 Channel failed! -517
[   16.892222] musb-hdrc musb-hdrc.1: MUSB HDRC host driver
[   16.897652] musb-hdrc musb-hdrc.1: new USB bus registered, assigned bus number 1
[   16.906409] wkup_m3_ipc 44e11324.wkup_m3_ipc: IPC Request for A8->M3 Channel failed! -517
[   17.035473] tda998x 0-0070: found TDA19988
[   17.215633] wkup_m3_ipc 44e11324.wkup_m3_ipc: IPC Request for A8->M3 Channel failed! -517
[   17.240551] usb usb1: New USB device found, idVendor=1d6b, idProduct=0002, bcdDevice= 6.12
[   17.249066] usb usb1: New USB device strings: Mfr=3, Product=2, SerialNumber=1
[   17.256372] usb usb1: Product: MUSB HDRC host driver
[   17.261398] usb usb1: Manufacturer: Linux 6.12.0-rc3-next-20241021 musb-hcd
[   17.268414] usb usb1: SerialNumber: musb-hdrc.1
[   17.606087] omap-mailbox 480c8000.mailbox: omap mailbox rev 0x400
[   17.699400] remoteproc remoteproc0: powering up wkup_m3
[   17.729965] hub 1-0:1.0: USB hub found
[   17.788835] hub 1-0:1.0: 1 port detected
[   17.977209] remoteproc remoteproc0: Direct firmware load for am335x-pm-firmware.elf failed with error -2
[   17.987080] remoteproc remoteproc0: request_firmware failed: -2
[   17.993116] wkup_m3_ipc 44e11324.wkup_m3_ipc: rproc_boot failed
[   19.694716] omap_rng 48310000.rng: Random Number Generator ver. 20
[   20.143088] tilcdc 4830e000.lcdc: bound 0-0070 (ops tda998x_driver_exit [tda998x])
[   20.239008] [drm] Initialized tilcdc 1.0.0 for 4830e000.lcdc on minor 0
[   20.297902] tilcdc 4830e000.lcdc: [drm] Cannot find any crtc or sizes
[   20.306136] tilcdc 4830e000.lcdc: [drm] Cannot find any crtc or sizes
[   21.049503] PM: Cannot get wkup_m3_ipc handle
[   21.087458] omap-sham 53100000.sham: hw accel on OMAP rev 4.3
[   21.240442] omap-sham 53100000.sham: will run requests pump with realtime priority
[   21.263028] PM: Cannot get wkup_m3_ipc handle
[   21.333831] omap-aes 53500000.aes: OMAP AES hw accel rev: 3.2
[   21.466366] omap-aes 53500000.aes: will run requests pump with realtime priority
[   21.475217] PM: Cannot get wkup_m3_ipc handle
[   23.192092] Bluetooth: Core ver 2.22
[   23.195925] NET: Registered PF_BLUETOOTH protocol family
[   23.201412] Bluetooth: HCI device and connection manager initialized
[   23.207830] Bluetooth: HCI socket layer initialized
[   23.212781] Bluetooth: L2CAP socket layer initialized
[   23.217896] Bluetooth: SCO socket layer initialized
[   25.302510] PM: Cannot get wkup_m3_ipc handle
[   25.308307] asoc-simple-card sound: using DT '/sound' for 'simple-audio-card,hp-det' GPIO lookup
[   25.308383] of_get_named_gpiod_flags: can't parse 'simple-audio-card,hp-det-gpios' property of node '/sound[0]'
[   25.308420] of_get_named_gpiod_flags: can't parse 'simple-audio-card,hp-det-gpio' property of node '/sound[0]'
[   25.308446] asoc-simple-card sound: using lookup tables for GPIO lookup
[   25.308460] asoc-simple-card sound: No GPIO consumer simple-audio-card,hp-det found
[   25.308476] asoc-simple-card sound: using DT '/sound' for 'simple-audio-card,mic-det' GPIO lookup
[   25.308501] of_get_named_gpiod_flags: can't parse 'simple-audio-card,mic-det-gpios' property of node '/sound[0]'
[   25.308528] of_get_named_gpiod_flags: can't parse 'simple-audio-card,mic-det-gpio' property of node '/sound[0]'
[   25.308548] asoc-simple-card sound: using lookup tables for GPIO lookup
[   25.308560] asoc-simple-card sound: No GPIO consumer simple-audio-card,mic-det found
[   25.403407] PM: Cannot get wkup_m3_ipc handle
[   27.896397] userial_init: registered 8 ttyGS* devices
[   28.185098] rndis_register: configNr = 0
[   28.305658] udc musb-hdrc.0: binding gadget driver [g_multi]
[   28.305756] configfs-gadget.g_multi gadget.0: adding 'rndis'/d65bcd80 to config 'c'/f7bfa2bb
[   28.306960] configfs-gadget.g_multi gadget.0: HOST MAC 1c:ba:8c:a2:ed:6c
[   28.313970] configfs-gadget.g_multi gadget.0: MAC 1c:ba:8c:a2:ed:70
[   28.320354] rndis_set_param_medium: 0 0
[   28.320374] configfs-gadget.g_multi gadget.0: RNDIS: IN/ep1in OUT/ep1out NOTIFY/ep2in
[   28.320392] configfs-gadget.g_multi gadget.0: adding 'cdc_ethernet'/0fa7955a to config 'c'/f7bfa2bb
[   28.321507] configfs-gadget.g_multi gadget.0: HOST MAC 1c:ba:8c:a2:ed:6c
[   28.328276] configfs-gadget.g_multi gadget.0: MAC 1c:ba:8c:a2:ed:6d
[   28.334661] configfs-gadget.g_multi gadget.0: CDC Ethernet: IN/ep3in OUT/ep2out NOTIFY/ep4in
[   28.334681] configfs-gadget.g_multi gadget.0: adding 'acm'/06756c27 to config 'c'/f7bfa2bb
[   28.334718] configfs-gadget.g_multi gadget.0: acm ttyGS0: IN/ep5in OUT/ep3out NOTIFY/ep6in
[   28.335800] PM: Cannot get wkup_m3_ipc handle
[   29.596643] configfs-gadget.g_multi gadget.0: eth_open
[   30.709279] configfs-gadget.g_multi gadget.0: stop stats: rx/tx 0/0, errs 0/0
[   35.097543] gs_open: ttyGS0 (822347a4,629b2296)
[   35.097706] gs_close: ttyGS0 (822347a4,629b2296) ...
[   35.097732] gs_close: ttyGS0 (822347a4,629b2296) done!
[   35.112960] gs_open: ttyGS0 (2b4a7057,629b2296)
[   35.113090] gs_close: ttyGS0 (2b4a7057,629b2296) ...
[   35.113114] gs_close: ttyGS0 (2b4a7057,629b2296) done!
[   35.248380] gs_open: ttyGS0 (822347a4,c4172664)
[   35.248839] gs_close: ttyGS0 (822347a4,c4172664) ...
[   35.248879] gs_close: ttyGS0 (822347a4,c4172664) done!
[   35.254871] gs_open: ttyGS0 (822347a4,b73796e6)
BPAHTMWCFH 0
root@arm:~# echo 'YAMP''QFETQB'
YAMPQFETQB
root@arm:~# MARKER='BYGJ''JSMPJG' run 'modprobe test_linear_ranges'
BYGJJSMPJGBYGJJSMPJG 0
root@arm:~# echo 'GBTB''BCVEJO'
GBTBBCVEJO
root@arm:~# MARKER='ETYQ''AMKMKV' run dmesg
ETYQAMKMKV[    0.000000] Booting Linux on physical CPU 0x0
[    0.000000] Linux version 6.12.0-rc3-next-20241021 (user01@drvtest01) (arm-linux-gnueabihf-gcc (Linaro GCC 6.4-2017.11) 6.4.1 20171012, GNU ld (Linaro_Binutils-2017.11) 2.27.0.20161229) #119 SMP Mon Oct 21 10:11:28 EEST 2024
[    0.000000] CPU: ARMv7 Processor [413fc082] revision 2 (ARMv7), cr=10c5387d
[    0.000000] CPU: PIPT / VIPT nonaliasing data cache, VIPT aliasing instruction cache
[    0.000000] OF: fdt: Machine model: TI AM335x BeagleBone Black
[    0.000000] Memory policy: Data cache writeback
[    0.000000] cma: Reserved 16 MiB at 0x9e800000 on node -1
[    0.000000] Zone ranges:
[    0.000000]   Normal   [mem 0x0000000080000000-0x000000009fdfffff]
[    0.000000]   HighMem  empty
[    0.000000] Movable zone start for each node
[    0.000000] Early memory node ranges
[    0.000000]   node   0: [mem 0x0000000080000000-0x000000009fdfffff]
[    0.000000] Initmem setup node 0 [mem 0x0000000080000000-0x000000009fdfffff]
[    0.000000] OF: reserved mem: Reserved memory: No reserved-memory node in the DT
[    0.000000] CPU: All CPU(s) started in SVC mode.
[    0.000000] AM335X ES2.1 (sgx neon)
[    0.000000] percpu: Embedded 17 pages/cpu s39756 r8192 d21684 u69632
[    0.000000] pcpu-alloc: s39756 r8192 d21684 u69632 alloc=17*4096
[    0.000000] pcpu-alloc: [0] 0 
[    0.000000] Kernel command line: console=ttyO0,115200n8 root=/dev/nfs rw nfsroot=192.168.255.126:/home/user01/nfs,nfsvers=3 ip=192.168.255.1:192.168.255.126::255.255.255.0:bbb1:eth0 nfsrootdebug
[    0.000000] Unknown kernel command line parameters "nfsrootdebug", will be passed to user space.
[    0.000000] printk: log buffer data + meta data: 65536 + 204800 = 270336 bytes
[    0.000000] Dentry cache hash table entries: 65536 (order: 6, 262144 bytes, linear)
[    0.000000] Inode-cache hash table entries: 32768 (order: 5, 131072 bytes, linear)
[    0.000000] Built 1 zonelists, mobility grouping on.  Total pages: 130560
[    0.000000] mem auto-init: stack:off, heap alloc:off, heap free:off
[    0.000000] SLUB: HWalign=64, Order=0-3, MinObjects=0, CPUs=1, Nodes=1
[    0.000000] trace event string verifier disabled
[    0.000000] rcu: Hierarchical RCU implementation.
[    0.000000] rcu: 	RCU event tracing is enabled.
[    0.000000] rcu: 	RCU restricting CPUs from NR_CPUS=2 to nr_cpu_ids=1.
[    0.000000] 	Tracing variant of Tasks RCU enabled.
[    0.000000] rcu: RCU calculated value of scheduler-enlistment delay is 10 jiffies.
[    0.000000] rcu: Adjusting geometry for rcu_fanout_leaf=16, nr_cpu_ids=1
[    0.000000] RCU Tasks Trace: Setting shift to 0 and lim to 1 rcu_task_cb_adjust=1 rcu_task_cpu_ids=1.
[    0.000000] NR_IRQS: 16, nr_irqs: 16, preallocated irqs: 16
[    0.000000] IRQ: Found an INTC at 0x(ptrval) (revision 5.0) with 128 interrupts
[    0.000000] rcu: srcu_init: Setting srcu_struct sizes based on contention.
[    0.000000] TI gptimer clocksource: always-on /ocp/interconnect@44c00000/segment@200000/target-module@31000
[    0.000003] sched_clock: 32 bits at 24MHz, resolution 41ns, wraps every 89478484971ns
[    0.000029] clocksource: dmtimer: mask: 0xffffffff max_cycles: 0xffffffff, max_idle_ns: 79635851949 ns
[    0.000503] TI gptimer clockevent: 24000000 Hz at /ocp/interconnect@48000000/segment@0/target-module@40000
[    0.002133] Console: colour dummy device 80x30
[    0.002197] WARNING: Your 'console=ttyO0' has been replaced by 'ttyS0'
[    0.002206] This ensures that you still see kernel messages. Please
[    0.002211] update your kernel commandline.
[    0.002254] Calibrating delay loop... 996.14 BogoMIPS (lpj=4980736)
[    0.090555] CPU: Testing write buffer coherency: ok
[    0.090672] CPU0: Spectre v2: using BPIALL workaround
[    0.090684] pid_max: default: 32768 minimum: 301
[    0.090806] LSM: initializing lsm=capability
[    0.090990] Mount-cache hash table entries: 1024 (order: 0, 4096 bytes, linear)
[    0.091011] Mountpoint-cache hash table entries: 1024 (order: 0, 4096 bytes, linear)
[    0.092669] CPU0: thread -1, cpu 0, socket -1, mpidr 0
[    0.160946] Setting up static identity map for 0x80100000 - 0x80100078
[    0.170718] rcu: Hierarchical SRCU implementation.
[    0.170730] rcu: 	Max phase no-delay instances is 1000.
[    0.190765] smp: Bringing up secondary CPUs ...
[    0.190826] smp: Brought up 1 node, 1 CPU
[    0.190842] SMP: Total of 1 processors activated (996.14 BogoMIPS).
[    0.190854] CPU: All CPU(s) started in SVC mode.
[    0.191046] Memory: 480868K/522240K available (11264K kernel code, 1208K rwdata, 2888K rodata, 1024K init, 298K bss, 23360K reserved, 16384K cma-reserved, 0K highmem)
[    0.191909] devtmpfs: initialized
[    0.209098] VFP support v0.3: implementor 41 architecture 3 part 30 variant c rev 3
[    0.209458] clocksource: jiffies: mask: 0xffffffff max_cycles: 0xffffffff, max_idle_ns: 19112604462750000 ns
[    0.209495] futex hash table entries: 256 (order: 2, 16384 bytes, linear)
[    0.211019] pinctrl core: initialized pinctrl subsystem
[    0.213853] NET: Registered PF_NETLINK/PF_ROUTE protocol family
[    0.216657] DMA: preallocated 256 KiB pool for atomic coherent allocations
[    0.217562] audit: initializing netlink subsys (disabled)
[    0.219004] thermal_sys: Registered thermal governor 'fair_share'
[    0.219021] thermal_sys: Registered thermal governor 'step_wise'
[    0.219030] thermal_sys: Registered thermal governor 'user_space'
[    0.219188] audit: type=2000 audit(0.210:1): state=initialized audit_enabled=0 res=1
[    0.219226] cpuidle: using governor menu
[    0.238263] No ATAGs?
[    0.238290] hw-breakpoint: debug architecture 0x4 unsupported.
[    0.241119] kprobes: kprobe jump-optimization is enabled. All kprobes are optimized if possible.
[    0.254031] iommu: Default domain type: Translated
[    0.254052] iommu: DMA domain TLB invalidation policy: strict mode
[    0.255719] reg-fixed-voltage fixedregulator0: using DT '/fixedregulator0' for '(default)' GPIO lookup
[    0.255774] of_get_named_gpiod_flags: can't parse 'gpios' property of node '/fixedregulator0[0]'
[    0.255804] of_get_named_gpiod_flags: can't parse 'gpio' property of node '/fixedregulator0[0]'
[    0.255823] reg-fixed-voltage fixedregulator0: using lookup tables for GPIO lookup
[    0.255834] reg-fixed-voltage fixedregulator0: No GPIO consumer (default) found
[    0.261731] SCSI subsystem initialized
[    0.262217] libata version 3.00 loaded.
[    0.262581] pps_core: LinuxPPS API ver. 1 registered
[    0.262591] pps_core: Software ver. 5.3.6 - Copyright 2005-2007 Rodolfo Giometti <giometti@linux.it>
[    0.262615] PTP clock support registered
[    0.270843] vgaarb: loaded
[    0.271250] clocksource: Switched to clocksource dmtimer
[    0.271918] VFS: Disk quotas dquot_6.6.0
[    0.271964] VFS: Dquot-cache hash table entries: 1024 (order 0, 4096 bytes)
[    0.296664] NET: Registered PF_INET protocol family
[    0.297014] IP idents hash table entries: 8192 (order: 4, 65536 bytes, linear)
[    0.298416] tcp_listen_portaddr_hash hash table entries: 512 (order: 0, 4096 bytes, linear)
[    0.298452] Table-perturb hash table entries: 65536 (order: 6, 262144 bytes, linear)
[    0.298475] TCP established hash table entries: 4096 (order: 2, 16384 bytes, linear)
[    0.298519] TCP bind hash table entries: 4096 (order: 4, 65536 bytes, linear)
[    0.298619] TCP: Hash tables configured (established 4096 bind 4096)
[    0.298742] UDP hash table entries: 256 (order: 1, 8192 bytes, linear)
[    0.298775] UDP-Lite hash table entries: 256 (order: 1, 8192 bytes, linear)
[    0.298945] NET: Registered PF_UNIX/PF_LOCAL protocol family
[    0.300247] RPC: Registered named UNIX socket transport module.
[    0.300266] RPC: Registered udp transport module.
[    0.300271] RPC: Registered tcp transport module.
[    0.300277] RPC: Registered tcp-with-tls transport module.
[    0.300282] RPC: Registered tcp NFSv4.1 backchannel transport module.
[    0.300307] PCI: CLS 0 bytes, default 64
[    0.301950] Initialise system trusted keyrings
[    0.312034] workingset: timestamp_bits=14 max_order=17 bucket_order=3
[    0.313367] NFS: Registering the id_resolver key type
[    0.313439] Key type id_resolver registered
[    0.313448] Key type id_legacy registered
[    0.313498] jffs2: version 2.2. (NAND) (SUMMARY)  Â© 2001-2006 Red Hat, Inc.
[    0.313902] Key type asymmetric registered
[    0.313917] Asymmetric key parser 'x509' registered
[    0.313982] io scheduler mq-deadline registered
[    0.313993] io scheduler kyber registered
[    0.314061] io scheduler bfq registered
[    0.315701] ledtrig-cpu: registered to indicate activity on CPUs
[    0.321789] Serial: 8250/16550 driver, 6 ports, IRQ sharing enabled
[    0.373890] brd: module loaded
[    0.394050] loop: module loaded
[    0.394990] mtdoops: mtd device (mtddev=name/number) must be supplied
[    0.396729] mdio_bus fixed-0: using lookup tables for GPIO lookup
[    0.396754] mdio_bus fixed-0: No GPIO consumer reset found
[    0.398143] i2c_dev: i2c /dev entries driver
[    0.399128] cpuidle: enable-method property 'ti,am3352' found operations
[    0.399570] sdhci: Secure Digital Host Controller Interface driver
[    0.399581] sdhci: Copyright(c) Pierre Ossman
[    0.399755] sdhci-pltfm: SDHCI platform and OF driver helper
[    0.400763] Initializing XFRM netlink socket
[    0.400911] NET: Registered PF_INET6 protocol family
[    0.403085] Segment Routing with IPv6
[    0.403177] In-situ OAM (IOAM) with IPv6
[    0.403277] sit: IPv6, IPv4 and MPLS over IPv4 tunneling driver
[    0.404230] NET: Registered PF_PACKET protocol family
[    0.404263] NET: Registered PF_KEY protocol family
[    0.404385] Key type dns_resolver registered
[    0.404668] ThumbEE CPU extension supported.
[    0.404690] Registering SWP/SWPB emulation handler
[    0.405216] omap_voltage_late_init: Voltage driver support not added
[    0.405564] SmartReflex Class3 initialized
[    0.432589] Loading compiled-in X.509 certificates
[    0.480663] gpiochip_find_base_unlocked: found new base at 512
[    0.503020] platform 44e10800.pinmux: Fixed dependency cycle(s) with /ocp/interconnect@44c00000/segment@200000/target-module@10000/scm@0/pinmux@800/clkout2-pins
[    0.503566] pinctrl-single 44e10800.pinmux: 142 pins, size 568
[    0.508557] ti-sysc 44e31000.target-module: probe with driver ti-sysc failed with error -16
[    0.542342] ti-sysc 48040000.target-module: probe with driver ti-sysc failed with error -16
[    0.553323] gpiochip_find_base_unlocked: found new base at 512
[    0.553432] gpio gpiochip0: (gpio-0-31): created GPIO range 0->7 ==> 44e10800.pinmux PIN 0->7
[    0.553451] gpio gpiochip0: (gpio-0-31): created GPIO range 8->11 ==> 44e10800.pinmux PIN 90->93
[    0.553467] gpio gpiochip0: (gpio-0-31): created GPIO range 12->27 ==> 44e10800.pinmux PIN 12->27
[    0.553482] gpio gpiochip0: (gpio-0-31): created GPIO range 28->31 ==> 44e10800.pinmux PIN 30->33
[    0.605278] gpio gpiochip0: (gpio-0-31): added GPIO chardev (254:0)
[    0.605454] gpio gpiochip0: registered GPIOs 512 to 543 on gpio-0-31
[    0.605538] OMAP GPIO hardware version 0.1
[    0.618817] i2c i2c-2: using DT '/ocp/interconnect@48000000/segment@100000/target-module@9c000/i2c@0' for 'scl' GPIO lookup
[    0.618893] of_get_named_gpiod_flags: can't parse 'scl-gpios' property of node '/ocp/interconnect@48000000/segment@100000/target-module@9c000/i2c@0[0]'
[    0.618937] of_get_named_gpiod_flags: can't parse 'scl-gpio' property of node '/ocp/interconnect@48000000/segment@100000/target-module@9c000/i2c@0[0]'
[    0.618974] i2c i2c-2: using lookup tables for GPIO lookup
[    0.618984] i2c i2c-2: No GPIO consumer scl found
[    0.619006] i2c i2c-2: using DT '/ocp/interconnect@48000000/segment@100000/target-module@9c000/i2c@0' for 'sda' GPIO lookup
[    0.619042] of_get_named_gpiod_flags: can't parse 'sda-gpios' property of node '/ocp/interconnect@48000000/segment@100000/target-module@9c000/i2c@0[0]'
[    0.619081] of_get_named_gpiod_flags: can't parse 'sda-gpio' property of node '/ocp/interconnect@48000000/segment@100000/target-module@9c000/i2c@0[0]'
[    0.619113] i2c i2c-2: using lookup tables for GPIO lookup
[    0.619121] i2c i2c-2: No GPIO consumer sda found
[    0.619846] omap_i2c 4819c000.i2c: bus 2 rev0.11 at 100 kHz
[    0.625409] gpiochip_find_base_unlocked: found new base at 544
[    0.625514] gpio gpiochip1: (gpio-32-63): created GPIO range 0->17 ==> 44e10800.pinmux PIN 34->51
[    0.625534] gpio gpiochip1: (gpio-32-63): created GPIO range 18->21 ==> 44e10800.pinmux PIN 77->80
[    0.625550] gpio gpiochip1: (gpio-32-63): created GPIO range 22->31 ==> 44e10800.pinmux PIN 56->65
[    0.649748] gpio gpiochip1: (gpio-32-63): added GPIO chardev (254:1)
[    0.649911] gpio gpiochip1: registered GPIOs 544 to 575 on gpio-32-63
[    0.652269] gpiochip_find_base_unlocked: found new base at 576
[    0.652360] gpio gpiochip2: (gpio-64-95): created GPIO range 0->4 ==> 44e10800.pinmux PIN 66->70
[    0.652379] gpio gpiochip2: (gpio-64-95): created GPIO range 5->6 ==> 44e10800.pinmux PIN 98->99
[    0.652395] gpio gpiochip2: (gpio-64-95): created GPIO range 7->8 ==> 44e10800.pinmux PIN 75->76
[    0.652410] gpio gpiochip2: (gpio-64-95): created GPIO range 13->13 ==> 44e10800.pinmux PIN 141->141
[    0.652426] gpio gpiochip2: (gpio-64-95): created GPIO range 14->21 ==> 44e10800.pinmux PIN 100->107
[    0.653057] gpio gpiochip2: (gpio-64-95): added GPIO chardev (254:2)
[    0.653193] gpio gpiochip2: registered GPIOs 576 to 607 on gpio-64-95
[    0.658531] 48000000.interconnect:segment@200000:target-module@0:mpu@0:fck: device ID is greater than 24
[    0.662871] platform 4830e000.lcdc: Fixed dependency cycle(s) with /ocp/interconnect@44c00000/segment@200000/target-module@b000/i2c@0/tda19988@70
[    0.672217] mdio_bus 4a101000.mdio: using DT '/ocp/interconnect@4a000000/segment@0/target-module@100000/switch@0/mdio@1000' for 'reset' GPIO lookup
[    0.672292] of_get_named_gpiod_flags: can't parse 'reset-gpios' property of node '/ocp/interconnect@4a000000/segment@0/target-module@100000/switch@0/mdio@1000[0]'
[    0.672342] of_get_named_gpiod_flags: can't parse 'reset-gpio' property of node '/ocp/interconnect@4a000000/segment@0/target-module@100000/switch@0/mdio@1000[0]'
[    0.672393] mdio_bus 4a101000.mdio: using lookup tables for GPIO lookup
[    0.672403] mdio_bus 4a101000.mdio: No GPIO consumer reset found
[    0.673574] sdhci-omap 481d8000.mmc: using DT '/ocp/interconnect@48000000/segment@100000/target-module@d8000/mmc@0' for 'wp' GPIO lookup
[    0.673639] of_get_named_gpiod_flags: can't parse 'wp-gpios' property of node '/ocp/interconnect@48000000/segment@100000/target-module@d8000/mmc@0[0]'
[    0.673683] of_get_named_gpiod_flags: can't parse 'wp-gpio' property of node '/ocp/interconnect@48000000/segment@100000/target-module@d8000/mmc@0[0]'
[    0.673719] sdhci-omap 481d8000.mmc: using lookup tables for GPIO lookup
[    0.673729] sdhci-omap 481d8000.mmc: No GPIO consumer wp found
[    0.673924] sdhci-omap 481d8000.mmc: supply pbias not found, using dummy regulator
[    0.674437] sdhci-omap 481d8000.mmc: supply vqmmc not found, using dummy regulator
[    0.727728] davinci_mdio 4a101000.mdio: davinci mdio revision 1.6, bus freq 1000000
[    0.745080] mdio_bus 4a101000.mdio:00: using DT '/ocp/interconnect@4a000000/segment@0/target-module@100000/switch@0/mdio@1000/ethernet-phy@0' for 'reset' GPIO lookup
[    0.745186] of_get_named_gpiod_flags: parsed 'reset-gpios' property of node '/ocp/interconnect@4a000000/segment@0/target-module@100000/switch@0/mdio@1000/ethernet-phy@0[0]' - status (0)
[    0.745355] gpio gpiochip0: Persistence not supported for GPIO 8
[    0.838927] davinci_mdio 4a101000.mdio: phy[0]: device 4a101000.mdio:00, driver SMSC LAN8710/LAN8720
[    0.839750] cpsw-switch 4a100000.switch: initialized cpsw ale version 1.4
[    0.839773] cpsw-switch 4a100000.switch: ALE Table size 1024, Policers 0
[    0.840093] cpsw-switch 4a100000.switch: cpts: overflow check period 500 (jiffies)
[    0.840113] cpsw-switch 4a100000.switch: CPTS: ref_clk_freq:250000000 calc_mult:2147483648 calc_shift:29 error:0 nsec/sec
[    0.840218] cpsw-switch 4a100000.switch: Detected MACID = 6c:ec:eb:68:de:78
[    0.842272] cpsw-switch 4a100000.switch: initialized (regs 0x4a100000, pool size 256) hw_ver:0019010C 1.12 (0)
[    0.853328] debugfs: Directory '49000000.dma' with parent 'dmaengine' already present!
[    0.853369] edma 49000000.dma: TI EDMA DMA engine driver
[    0.902045] target-module@4b000000:target-module@140000:pmu@0:fck: device ID is greater than 24
[    0.912473] hw perfevents: enabled with armv7_cortex_a8 PMU driver, 5 (8000000f) counters available
[    0.913361] gpio-clk clk_mcasp0: using DT '/clk_mcasp0' for 'enable' GPIO lookup
[    0.913431] of_get_named_gpiod_flags: parsed 'enable-gpios' property of node '/clk_mcasp0[0]' - status (0)
[    0.913475] gpio gpiochip0: Persistence not supported for GPIO 27
[    0.914262] gpiochip_find_base_unlocked: found new base at 608
[    0.914393] gpio gpiochip3: (gpio-96-127): created GPIO range 0->7 ==> 44e10800.pinmux PIN 82->89
[    0.914413] gpio gpiochip3: (gpio-96-127): created GPIO range 8->11 ==> 44e10800.pinmux PIN 52->55
[    0.914429] gpio gpiochip3: (gpio-96-127): created GPIO range 12->15 ==> 44e10800.pinmux PIN 94->97
[    0.914445] gpio gpiochip3: (gpio-96-127): created GPIO range 16->17 ==> 44e10800.pinmux PIN 71->72
[    0.914460] gpio gpiochip3: (gpio-96-127): created GPIO range 18->18 ==> 44e10800.pinmux PIN 135->135
[    0.914477] gpio gpiochip3: (gpio-96-127): created GPIO range 19->20 ==> 44e10800.pinmux PIN 108->109
[    0.914493] gpio gpiochip3: (gpio-96-127): created GPIO range 21->21 ==> 44e10800.pinmux PIN 73->73
[    0.914510] gpio gpiochip3: (gpio-96-127): created GPIO range 22->23 ==> 44e10800.pinmux PIN 8->9
[    0.914528] gpio gpiochip3: (gpio-96-127): created GPIO range 26->27 ==> 44e10800.pinmux PIN 10->11
[    0.914545] gpio gpiochip3: (gpio-96-127): created GPIO range 28->28 ==> 44e10800.pinmux PIN 74->74
[    0.914563] gpio gpiochip3: (gpio-96-127): created GPIO range 29->29 ==> 44e10800.pinmux PIN 81->81
[    0.914582] gpio gpiochip3: (gpio-96-127): created GPIO range 30->31 ==> 44e10800.pinmux PIN 28->29
[    0.920120] l3-aon-clkctrl:0000:0: failed to disable
[    0.920416] gpio gpiochip3: (gpio-96-127): added GPIO chardev (254:3)
[    0.920570] gpio gpiochip3: registered GPIOs 608 to 639 on gpio-96-127
[    0.922812] omap8250 44e09000.serial: using DT '/ocp/interconnect@44c00000/segment@200000/target-module@9000/serial@0' for 'rs485-term' GPIO lookup
[    0.922886] of_get_named_gpiod_flags: can't parse 'rs485-term-gpios' property of node '/ocp/interconnect@44c00000/segment@200000/target-module@9000/serial@0[0]'
[    0.922933] of_get_named_gpiod_flags: can't parse 'rs485-term-gpio' property of node '/ocp/interconnect@44c00000/segment@200000/target-module@9000/serial@0[0]'
[    0.922972] omap8250 44e09000.serial: using lookup tables for GPIO lookup
[    0.922982] omap8250 44e09000.serial: No GPIO consumer rs485-term found
[    0.922992] omap8250 44e09000.serial: using DT '/ocp/interconnect@44c00000/segment@200000/target-module@9000/serial@0' for 'rs485-rx-during-tx' GPIO lookup
[    0.923029] of_get_named_gpiod_flags: can't parse 'rs485-rx-during-tx-gpios' property of node '/ocp/interconnect@44c00000/segment@200000/target-module@9000/serial@0[0]'
[    0.923067] of_get_named_gpiod_flags: can't parse 'rs485-rx-during-tx-gpio' property of node '/ocp/interconnect@44c00000/segment@200000/target-module@9000/serial@0[0]'
[    0.923100] omap8250 44e09000.serial: using lookup tables for GPIO lookup
[    0.923109] omap8250 44e09000.serial: No GPIO consumer rs485-rx-during-tx found
[    0.923521] 44e09000.serial: ttyS0 at MMIO 0x44e09000 (irq = 34, base_baud = 3000000) is a 8250
[    0.923611] printk: legacy console [ttyS0] enabled
[    2.281892] i2c i2c-0: using DT '/ocp/interconnect@44c00000/segment@200000/target-module@b000/i2c@0' for 'scl' GPIO lookup
[    2.281985] of_get_named_gpiod_flags: can't parse 'scl-gpios' property of node '/ocp/interconnect@44c00000/segment@200000/target-module@b000/i2c@0[0]'
[    2.282033] of_get_named_gpiod_flags: can't parse 'scl-gpio' property of node '/ocp/interconnect@44c00000/segment@200000/target-module@b000/i2c@0[0]'
[    2.282075] i2c i2c-0: using lookup tables for GPIO lookup
[    2.282089] i2c i2c-0: No GPIO consumer scl found
[    2.282115] i2c i2c-0: using DT '/ocp/interconnect@44c00000/segment@200000/target-module@b000/i2c@0' for 'sda' GPIO lookup
[    2.282155] of_get_named_gpiod_flags: can't parse 'sda-gpios' property of node '/ocp/interconnect@44c00000/segment@200000/target-module@b000/i2c@0[0]'
[    2.282198] of_get_named_gpiod_flags: can't parse 'sda-gpio' property of node '/ocp/interconnect@44c00000/segment@200000/target-module@b000/i2c@0[0]'
[    2.282236] i2c i2c-0: using lookup tables for GPIO lookup
[    2.282248] i2c i2c-0: No GPIO consumer sda found
[    2.302273] tps65217-pmic: Failed to locate of_node [id: -1]
[    2.308352] tps65217-bl: Failed to locate of_node [id: -1]
[    2.319718] tps65217 0-0024: TPS65217 ID 0xe version 1.2
[    2.325866] platform 4830e000.lcdc: Fixed dependency cycle(s) with /ocp/interconnect@44c00000/segment@200000/target-module@b000/i2c@0/tda19988@70
[    2.339314] i2c 0-0070: Fixed dependency cycle(s) with /ocp/interconnect@48000000/segment@300000/target-module@e000/lcdc@0
[    2.350734] omap_i2c 44e0b000.i2c: bus 0 rev0.11 at 400 kHz
[    2.358366] sdhci-omap 48060000.mmc: using DT '/ocp/interconnect@48000000/segment@0/target-module@60000/mmc@0' for 'cd' GPIO lookup
[    2.358478] of_get_named_gpiod_flags: parsed 'cd-gpios' property of node '/ocp/interconnect@48000000/segment@0/target-module@60000/mmc@0[0]' - status (0)
[    2.358546] gpio gpiochip3: Persistence not supported for GPIO 6
[    2.358574] omap_gpio 44e07000.gpio: Could not set line 6 debounce to 200000 microseconds (-22)
[    2.367471] sdhci-omap 48060000.mmc: Got CD GPIO
[    2.372156] sdhci-omap 48060000.mmc: using DT '/ocp/interconnect@48000000/segment@0/target-module@60000/mmc@0' for 'wp' GPIO lookup
[    2.372209] of_get_named_gpiod_flags: can't parse 'wp-gpios' property of node '/ocp/interconnect@48000000/segment@0/target-module@60000/mmc@0[0]'
[    2.372256] of_get_named_gpiod_flags: can't parse 'wp-gpio' property of node '/ocp/interconnect@48000000/segment@0/target-module@60000/mmc@0[0]'
[    2.372298] sdhci-omap 48060000.mmc: using lookup tables for GPIO lookup
[    2.372312] sdhci-omap 48060000.mmc: No GPIO consumer wp found
[    2.372525] sdhci-omap 48060000.mmc: supply pbias not found, using dummy regulator
[    2.381181] sdhci-omap 481d8000.mmc: using DT '/ocp/interconnect@48000000/segment@100000/target-module@d8000/mmc@0' for 'wp' GPIO lookup
[    2.381377] of_get_named_gpiod_flags: can't parse 'wp-gpios' property of node '/ocp/interconnect@48000000/segment@100000/target-module@d8000/mmc@0[0]'
[    2.381431] of_get_named_gpiod_flags: can't parse 'wp-gpio' property of node '/ocp/interconnect@48000000/segment@100000/target-module@d8000/mmc@0[0]'
[    2.381473] sdhci-omap 481d8000.mmc: using lookup tables for GPIO lookup
[    2.381487] sdhci-omap 481d8000.mmc: No GPIO consumer wp found
[    2.382879] sdhci-omap 48060000.mmc: supply vqmmc not found, using dummy regulator
[    2.391896] sdhci-omap 481d8000.mmc: supply pbias not found, using dummy regulator
[    2.399896] sdhci-omap 481d8000.mmc: supply vqmmc not found, using dummy regulator
[    2.437901] mmc1: SDHCI controller on 481d8000.mmc [481d8000.mmc] using External DMA
[    2.447154] mmc0: SDHCI controller on 48060000.mmc [48060000.mmc] using External DMA
[    2.455966] cpsw-switch 4a100000.switch: starting ndev. mode: dual_mac
[    2.500565] mmc0: new high speed SDHC card at address 5048
[    2.507663] mmcblk0: mmc0:5048 SD16G 14.4 GiB
[    2.515742]  mmcblk0: p1 p2
[    2.519124] mmcblk0: p2 size 31221760 extends beyond EOD, truncated
[    2.532563] SMSC LAN8710/LAN8720 4a101000.mdio:00: attached PHY driver (mii_bus:phy_addr=4a101000.mdio:00, irq=POLL)
[    2.545207] mmc1: new high speed MMC card at address 0001
[    2.556397] mmcblk1: mmc1:0001 MMC04G 3.60 GiB
[    2.563938]  mmcblk1: p1 p2
[    2.568194] mmcblk1boot0: mmc1:0001 MMC04G 2.00 MiB
[    2.575589] mmcblk1boot1: mmc1:0001 MMC04G 2.00 MiB
[    2.583036] mmcblk1rpmb: mmc1:0001 MMC04G 128 KiB, chardev (250:0)
[    5.682023] cpsw-switch 4a100000.switch eth0: Link is Up - 100Mbps/Full - flow control off
[    5.711265] IP-Config: Complete:
[    5.714538]      device=eth0, hwaddr=6c:ec:eb:68:de:78, ipaddr=192.168.255.1, mask=255.255.255.0, gw=255.255.255.255
[    5.725176]      host=bbb1, domain=, nis-domain=(none)
[    5.730345]      bootserver=192.168.255.126, rootserver=192.168.255.126, rootpath=
[    5.730792] clk: Disabling unused clocks
[    5.742658] PM: genpd: Disabling unused power domains
[    5.747777] KTAP version 1
[    5.750498] 1..0
[    5.776805] VFS: Mounted root (nfs filesystem) on device 0:17.
[    5.784284] devtmpfs: mounted
[    5.788952] Freeing unused kernel image (initmem) memory: 1024K
[    5.795861] Run /sbin/init as init process
[    5.799996]   with arguments:
[    5.800010]     /sbin/init
[    5.800020]     nfsrootdebug
[    5.800029]   with environment:
[    5.800038]     HOME=/
[    5.800048]     TERM=linux
[    6.527444] systemd[1]: System time before build time, advancing clock.
[    7.981271] random: crng init done
[    8.022929] systemd[1]: systemd 232 running in system mode. (+PAM +AUDIT +SELINUX +IMA +APPARMOR +SMACK +SYSVINIT +UTMP +LIBCRYPTSETUP +GCRYPT +GNUTLS +ACL +XZ +LZ4 +SECCOMP +BLKID +ELFUTILS +KMOD +IDN)
[    8.042167] systemd[1]: Detected architecture arm.
[    8.076761] systemd[1]: Set hostname to <arm>.
[    9.243263] systemd[1]: Listening on /dev/initctl Compatibility Named Pipe.
[    9.272209] systemd[1]: Started Dispatch Password Requests to Console Directory Watch.
[    9.301679] systemd[1]: Reached target Swap.
[    9.321603] systemd[1]: Reached target Remote File Systems.
[    9.353481] systemd[1]: Listening on Journal Socket.
[    9.382208] systemd[1]: Started Forward Password Requests to Wall Directory Watch.
[    9.412079] systemd[1]: Listening on Journal Socket (/dev/log).
[   11.742519] systemd-journald[83]: Received request to flush runtime journal from PID 1
[   14.304220] leds-gpio leds: using DT '/leds/led2' for '(default)' GPIO lookup
[   14.304337] of_get_named_gpiod_flags: parsed 'gpios' property of node '/leds/led2[0]' - status (0)
[   14.304397] gpio gpiochip0: Persistence not supported for GPIO 21
[   14.304413] gpio-533 (?): no flags found for GPIO (default)
[   14.369832] leds-gpio leds: using DT '/leds/led3' for '(default)' GPIO lookup
[   14.369947] of_get_named_gpiod_flags: parsed 'gpios' property of node '/leds/led3[0]' - status (0)
[   14.370004] gpio gpiochip0: Persistence not supported for GPIO 22
[   14.370020] gpio-534 (?): no flags found for GPIO (default)
[   14.392857] leds-gpio leds: using DT '/leds/led4' for '(default)' GPIO lookup
[   14.392974] of_get_named_gpiod_flags: parsed 'gpios' property of node '/leds/led4[0]' - status (0)
[   14.393030] gpio gpiochip0: Persistence not supported for GPIO 23
[   14.393045] gpio-535 (?): no flags found for GPIO (default)
[   14.421737] leds-gpio leds: using DT '/leds/led5' for '(default)' GPIO lookup
[   14.421841] of_get_named_gpiod_flags: parsed 'gpios' property of node '/leds/led5[0]' - status (0)
[   14.421894] gpio gpiochip0: Persistence not supported for GPIO 24
[   14.421910] gpio-536 (?): no flags found for GPIO (default)
[   14.825811] remoteproc remoteproc0: wkup_m3 is available
[   14.943549] omap_rtc 44e3e000.rtc: registered as rtc0
[   14.948762] omap_rtc 44e3e000.rtc: setting system clock to 2000-01-01T00:00:00 UTC (946684800)
[   14.957653] omap_rtc 44e3e000.rtc: using DT '/ocp/interconnect@44c00000/segment@200000/target-module@3e000/rtc@0' for 'wp' GPIO lookup
[   14.957732] of_get_named_gpiod_flags: can't parse 'wp-gpios' property of node '/ocp/interconnect@44c00000/segment@200000/target-module@3e000/rtc@0[0]'
[   14.957786] of_get_named_gpiod_flags: can't parse 'wp-gpio' property of node '/ocp/interconnect@44c00000/segment@200000/target-module@3e000/rtc@0[0]'
[   14.957828] omap_rtc 44e3e000.rtc: using lookup tables for GPIO lookup
[   14.957843] omap_rtc 44e3e000.rtc: No GPIO consumer wp found
[   15.022010] omap_wdt: OMAP Watchdog Timer Rev 0x01: initial timeout 60 sec
[   15.096582] at24 2-0054: supply vcc not found, using dummy regulator
[   15.214754] at24 2-0055: supply vcc not found, using dummy regulator
[   15.290293] am335x-phy-driver 47401300.usb-phy: using DT '/ocp/target-module@47400000/usb-phy@1300' for 'reset' GPIO lookup
[   15.290391] of_get_named_gpiod_flags: can't parse 'reset-gpios' property of node '/ocp/target-module@47400000/usb-phy@1300[0]'
[   15.290439] of_get_named_gpiod_flags: can't parse 'reset-gpio' property of node '/ocp/target-module@47400000/usb-phy@1300[0]'
[   15.290477] am335x-phy-driver 47401300.usb-phy: using lookup tables for GPIO lookup
[   15.290492] am335x-phy-driver 47401300.usb-phy: No GPIO consumer reset found
[   15.290508] am335x-phy-driver 47401300.usb-phy: using DT '/ocp/target-module@47400000/usb-phy@1300' for 'vbus-detect' GPIO lookup
[   15.290540] of_get_named_gpiod_flags: can't parse 'vbus-detect-gpios' property of node '/ocp/target-module@47400000/usb-phy@1300[0]'
[   15.290574] of_get_named_gpiod_flags: can't parse 'vbus-detect-gpio' property of node '/ocp/target-module@47400000/usb-phy@1300[0]'
[   15.290602] am335x-phy-driver 47401300.usb-phy: using lookup tables for GPIO lookup
[   15.290614] am335x-phy-driver 47401300.usb-phy: No GPIO consumer vbus-detect found
[   15.290766] am335x-phy-driver 47401300.usb-phy: dummy supplies not allowed for exclusive requests (id=vbus)
[   15.344210] at24 2-0056: supply vcc not found, using dummy regulator
[   15.445094] usbcore: registered new interface driver usbfs
[   15.450875] usbcore: registered new interface driver hub
[   15.456551] usbcore: registered new device driver usb
[   15.482266] at24 2-0057: supply vcc not found, using dummy regulator
[   15.518833] tps6521x_pwrbutton tps65217-pwrbutton: DMA mask not set
[   15.619930] input: tps65217_pwrbutton as /devices/platform/ocp/44c00000.interconnect/44c00000.interconnect:segment@200000/44e0b000.target-module/44e0b000.i2c/i2c-0/0-0024/tps65217-pwrbutton/input/input0
[   15.655424] at24 0-0050: using DT '/ocp/interconnect@44c00000/segment@200000/target-module@b000/i2c@0/eeprom@50' for 'wp' GPIO lookup
[   15.655538] of_get_named_gpiod_flags: can't parse 'wp-gpios' property of node '/ocp/interconnect@44c00000/segment@200000/target-module@b000/i2c@0/eeprom@50[0]'
[   15.655598] of_get_named_gpiod_flags: can't parse 'wp-gpio' property of node '/ocp/interconnect@44c00000/segment@200000/target-module@b000/i2c@0/eeprom@50[0]'
[   15.655646] at24 0-0050: using lookup tables for GPIO lookup
[   15.655660] at24 0-0050: No GPIO consumer wp found
[   15.655962] at24 0-0050: 32768 byte 24c256 EEPROM, writable, 1 bytes/write
[   15.718664] am335x-phy-driver 47401b00.usb-phy: using DT '/ocp/target-module@47400000/usb-phy@1b00' for 'reset' GPIO lookup
[   15.718758] of_get_named_gpiod_flags: can't parse 'reset-gpios' property of node '/ocp/target-module@47400000/usb-phy@1b00[0]'
