Labgrid Console Logfile for main
Logfile started at 2025-08-06 07:57:28.767091
=== Log starts here ===
reading args
spl_load_image_fat_os: error reading image args, err - -1
reading u-boot.img
reading u-boot.img


U-Boot 2014.04-00014-g47880f5 (Apr 22 2014 - 13:23:54)

I2C:   ready
DRAM:  512 MiB
NAND:  0 MiB
MMC:   OMAP SD/MMC: 0, OMAP SD/MMC: 1
*** Warning - readenv() failed, using default environment

Net:   <ethaddr> not set. Validating first E-fuse MAC
cpsw, usb_ether
Hit any key to stop autoboot:  1  0 
gpio: pin 53 (gpio 53) value is 1
mmc0 is current device
gpio: pin 54 (gpio 54) value is 1
SD/MMC found on device 0
reading uEnv.txt
569 bytes read in 4 ms (138.7 KiB/s)
gpio: pin 55 (gpio 55) value is 1
Loaded environment from uEnv.txt
Importing environment from mmc ...
Checking if uenvcmd is set ...
gpio: pin 56 (gpio 56) value is 1
Running uenvcmd ...
cpsw Waiting for PHY auto negotiation to complete. done
link up on port 0, speed 100, full duplex
Using cpsw device
TFTP from server 192.168.255.126; our IP address is 192.168.255.1
Filename 'zImage'.
Load address: 0x81000000
Loading: *#################################################################
	 #################################################################
	 #################################################################
	 #################################################################
	 #################################################################
	 ############################################################
	 2.4 MiB/s
done
Bytes transferred = 5649056 (5632a0 hex)
link up on port 0, speed 100, full duplex
Using cpsw device
TFTP from server 192.168.255.126; our IP address is 192.168.255.1
Filename 'am335x-boneblack.dtb'.
Load address: 0x82000000
Loading: *#######
	 2.4 MiB/s
done
Bytes transferred = 98244 (17fc4 hex)
Kernel image @ 0x81000000 [ 0x000000 - 0x5632a0 ]
## Flattened Device Tree blob at 82000000
   Booting using the fdt blob at 0x82000000
   Using Device Tree in place at 82000000, end 8201afc3

Starting kernel ...

[    0.000000] Booting Linux on physical CPU 0x0
[    0.000000] Linux version 6.16.0-next-20250806 (user01@drvtest01) (arm-none-eabi-gcc (Arm GNU Toolchain 14.2.Rel1 (Build arm-14.52)) 14.2.1 20241119, GNU ld (Arm GNU Toolchain 14.2.Rel1 (Build arm-14.52)) 2.43.1.20241119) #1 SMP Wed Aug  6 07:54:22 EEST 2025
[    0.000000] CPU: ARMv7 Processor [413fc082] revision 2 (ARMv7), cr=10c5387d
[    0.000000] CPU: PIPT / VIPT nonaliasing data cache, VIPT aliasing instruction cache
[    0.000000] OF: fdt: Machine model: TI AM335x BeagleBone Black
[    0.000000] Memory policy: Data cache writeback
[    0.000000] cma: Reserved 16 MiB at 0x9e800000
[    0.000000] Zone ranges:
[    0.000000]   Normal   [mem 0x0000000080000000-0x000000009fdfffff]
[    0.000000]   HighMem  empty
[    0.000000] Movable zone start for each node
[    0.000000] Early memory node ranges
[    0.000000]   node   0: [mem 0x0000000080000000-0x000000009fdfffff]
[    0.000000] Initmem setup node 0 [mem 0x0000000080000000-0x000000009fdfffff]
[    0.000000] On node 0, zone Normal: 512 pages in unavailable ranges
[    0.000000] OF: reserved mem: Reserved memory: No reserved-memory node in the DT
[    0.000000] CPU: All CPU(s) started in SVC mode.
[    0.000000] AM335X ES2.1 (sgx neon)
[    0.000000] percpu: Embedded 17 pages/cpu s39820 r8192 d21620 u69632
[    0.000000] Kernel command line: console=ttyO0,115200n8 root=/dev/nfs rw nfsroot=192.168.255.126:/home/user01/nfs,nfsvers=3 ip=192.168.255.1:192.168.255.126::255.255.255.0:bbb1:eth0 nfsrootdebug
[    0.000000] Unknown kernel command line parameters "nfsrootdebug", will be passed to user space.
[    0.000000] printk: log buffer data + meta data: 65536 + 204800 = 270336 bytes
[    0.000000] Dentry cache hash table entries: 65536 (order: 6, 262144 bytes, linear)
[    0.000000] Inode-cache hash table entries: 32768 (order: 5, 131072 bytes, linear)
[    0.000000] Built 1 zonelists, mobility grouping on.  Total pages: 130560
[    0.000000] mem auto-init: stack:off, heap alloc:off, heap free:off
[    0.000000] SLUB: HWalign=16, Order=0-3, MinObjects=0, CPUs=1, Nodes=1
[    0.000000] rcu: Hierarchical RCU implementation.
[    0.000000] rcu: 	RCU event tracing is enabled.
[    0.000000] rcu: 	RCU restricting CPUs from NR_CPUS=2 to nr_cpu_ids=1.
[    0.000000] 	Tracing variant of Tasks RCU enabled.
[    0.000000] rcu: RCU calculated value of scheduler-enlistment delay is 10 jiffies.
[    0.000000] rcu: Adjusting geometry for rcu_fanout_leaf=16, nr_cpu_ids=1
[    0.000000] RCU Tasks Trace: Setting shift to 0 and lim to 1 rcu_task_cb_adjust=1 rcu_task_cpu_ids=1.
[    0.000000] NR_IRQS: 16, nr_irqs: 16, preallocated irqs: 16
[    0.000000] IRQ: Found an INTC at 0x(ptrval) (revision 5.0) with 128 interrupts
[    0.000000] rcu: srcu_init: Setting srcu_struct sizes based on contention.
[    0.000000] TI gptimer clocksource: always-on /ocp/interconnect@44c00000/segment@200000/target-module@31000
[    0.000002] sched_clock: 32 bits at 24MHz, resolution 41ns, wraps every 89478484971ns
[    0.000026] clocksource: dmtimer: mask: 0xffffffff max_cycles: 0xffffffff, max_idle_ns: 79635851949 ns
[    0.000525] TI gptimer clockevent: 24000000 Hz at /ocp/interconnect@48000000/segment@0/target-module@40000
[    0.002140] Console: colour dummy device 80x30
[    0.002206] WARNING: Your 'console=ttyO0' has been replaced by 'ttyS0'
[    0.002213] This ensures that you still see kernel messages. Please
[    0.002217] update your kernel commandline.
[    0.002261] Calibrating delay loop... 996.14 BogoMIPS (lpj=4980736)
[    0.090571] CPU: Testing write buffer coherency: ok
[    0.090681] CPU0: Spectre v2: using BPIALL workaround
[    0.090692] pid_max: default: 32768 minimum: 301
[    0.090849] LSM: initializing lsm=capability
[    0.091020] Mount-cache hash table entries: 1024 (order: 0, 4096 bytes, linear)
[    0.091039] Mountpoint-cache hash table entries: 1024 (order: 0, 4096 bytes, linear)
[    0.092618] CPU0: thread -1, cpu 0, socket -1, mpidr 0
[    0.092677] cacheinfo: Unable to detect cache hierarchy for CPU 0
[    0.094665] Setting up static identity map for 0x80100000 - 0x80100078
[    0.094975] rcu: Hierarchical SRCU implementation.
[    0.094987] rcu: 	Max phase no-delay instances is 1000.
[    0.096706] smp: Bringing up secondary CPUs ...
[    0.096758] smp: Brought up 1 node, 1 CPU
[    0.096769] SMP: Total of 1 processors activated (996.14 BogoMIPS).
[    0.096781] CPU: All CPU(s) started in SVC mode.
[    0.096980] Memory: 480856K/522240K available (11264K kernel code, 1218K rwdata, 2936K rodata, 1024K init, 254K bss, 23352K reserved, 16384K cma-reserved, 0K highmem)
[    0.097809] devtmpfs: initialized
[    0.114827] VFP support v0.3: implementor 41 architecture 3 part 30 variant c rev 3
[    0.115473] clocksource: jiffies: mask: 0xffffffff max_cycles: 0xffffffff, max_idle_ns: 19112604462750000 ns
[    0.115532] posixtimers hash table entries: 512 (order: 0, 4096 bytes, linear)
[    0.115560] futex hash table entries: 256 (16384 bytes on 1 NUMA nodes, total 16 KiB, linear).
[    0.116683] pinctrl core: initialized pinctrl subsystem
[    0.118835] NET: Registered PF_NETLINK/PF_ROUTE protocol family
[    0.121979] DMA: preallocated 256 KiB pool for atomic coherent allocations
[    0.122583] audit: initializing netlink subsys (disabled)
[    0.123906] thermal_sys: Registered thermal governor 'fair_share'
[    0.123920] thermal_sys: Registered thermal governor 'step_wise'
[    0.123930] thermal_sys: Registered thermal governor 'user_space'
[    0.124037] audit: type=2000 audit(0.120:1): state=initialized audit_enabled=0 res=1
[    0.124106] cpuidle: using governor menu
[    0.142009] /ocp/interconnect@44c00000/segment@200000/target-module@b000/i2c@0/tda19988@70: Fixed dependency cycle(s) with /ocp/interconnect@48000000/segment@300000/target-module@e000/lcdc@0
[    0.143140] /ocp/interconnect@48000000/segment@300000/target-module@e000/lcdc@0: Fixed dependency cycle(s) with /ocp/interconnect@44c00000/segment@200000/target-module@b000/i2c@0/tda19988@70
[    0.145349] No ATAGs?
[    0.145390] hw-breakpoint: debug architecture 0x4 unsupported.
[    0.148498] kprobes: kprobe jump-optimization is enabled. All kprobes are optimized if possible.
[    0.154236] iommu: Default domain type: Translated
[    0.154259] iommu: DMA domain TLB invalidation policy: strict mode
[    0.161374] SCSI subsystem initialized
[    0.162240] pps_core: LinuxPPS API ver. 1 registered
[    0.162250] pps_core: Software ver. 5.3.6 - Copyright 2005-2007 Rodolfo Giometti <giometti@linux.it>
[    0.162276] PTP clock support registered
[    0.171486] vgaarb: loaded
[    0.171861] clocksource: Switched to clocksource dmtimer
[    0.172544] VFS: Disk quotas dquot_6.6.0
[    0.172601] VFS: Dquot-cache hash table entries: 1024 (order 0, 4096 bytes)
[    0.197830] NET: Registered PF_INET protocol family
[    0.198173] IP idents hash table entries: 8192 (order: 4, 65536 bytes, linear)
[    0.199591] tcp_listen_portaddr_hash hash table entries: 512 (order: 0, 4096 bytes, linear)
[    0.199629] Table-perturb hash table entries: 65536 (order: 6, 262144 bytes, linear)
[    0.199648] TCP established hash table entries: 4096 (order: 2, 16384 bytes, linear)
[    0.199694] TCP bind hash table entries: 4096 (order: 4, 65536 bytes, linear)
[    0.199794] TCP: Hash tables configured (established 4096 bind 4096)
[    0.199916] UDP hash table entries: 256 (order: 1, 14336 bytes, linear)
[    0.199950] UDP-Lite hash table entries: 256 (order: 1, 14336 bytes, linear)
[    0.200147] NET: Registered PF_UNIX/PF_LOCAL protocol family
[    0.201413] RPC: Registered named UNIX socket transport module.
[    0.201433] RPC: Registered udp transport module.
[    0.201439] RPC: Registered tcp transport module.
[    0.201444] RPC: Registered tcp-with-tls transport module.
[    0.201449] RPC: Registered tcp NFSv4.1 backchannel transport module.
[    0.201472] PCI: CLS 0 bytes, default 64
[    0.202999] Initialise system trusted keyrings
[    0.212494] workingset: timestamp_bits=14 max_order=17 bucket_order=3
[    0.213882] NFS: Registering the id_resolver key type
[    0.213969] Key type id_resolver registered
[    0.213976] Key type id_legacy registered
[    0.214081] jffs2: version 2.2. (NAND) (SUMMARY)  Â© 2001-2006 Red Hat, Inc.
[    0.214533] Key type asymmetric registered
[    0.214549] Asymmetric key parser 'x509' registered
[    0.214621] io scheduler mq-deadline registered
[    0.214632] io scheduler kyber registered
[    0.214708] io scheduler bfq registered
[    0.216589] target-module@4b000000:target-module@140000:pmu@0:fck: device ID is greater than 24
[    0.222781] l3-aon-clkctrl:0000:0: failed to disable
[    0.231927] ledtrig-cpu: registered to indicate activity on CPUs
[    0.235686] Serial: 8250/16550 driver, 6 ports, IRQ sharing enabled
[    0.281336] brd: module loaded
[    0.289952] loop: module loaded
[    0.290876] mtdoops: mtd device (mtddev=name/number) must be supplied
[    0.294145] i2c_dev: i2c /dev entries driver
[    0.295144] cpuidle: enable-method property 'ti,am3352' found operations
[    0.295586] sdhci: Secure Digital Host Controller Interface driver
[    0.295596] sdhci: Copyright(c) Pierre Ossman
[    0.295769] sdhci-pltfm: SDHCI platform and OF driver helper
[    0.302366] hw perfevents: enabled with armv7_cortex_a8 PMU driver, 5 (8000000f) counters available
[    0.302898] Initializing XFRM netlink socket
[    0.303087] NET: Registered PF_INET6 protocol family
[    0.308758] l3-aon-clkctrl:0000:0: failed to disable
[    0.310127] Segment Routing with IPv6
[    0.310211] In-situ OAM (IOAM) with IPv6
[    0.310306] sit: IPv6, IPv4 and MPLS over IPv4 tunneling driver
[    0.311259] NET: Registered PF_PACKET protocol family
[    0.311287] NET: Registered PF_KEY protocol family
[    0.311442] Key type dns_resolver registered
[    0.311674] ThumbEE CPU extension supported.
[    0.311693] Registering SWP/SWPB emulation handler
[    0.312425] omap_voltage_late_init: Voltage driver support not added
[    0.313141] SmartReflex Class3 initialized
[    0.344657] Loading compiled-in X.509 certificates
[    0.380963] /ocp/interconnect@44c00000/segment@200000/target-module@b000/i2c@0/tda19988@70: Fixed dependency cycle(s) with /ocp/interconnect@48000000/segment@300000/target-module@e000/lcdc@0
[    0.387557] /ocp/interconnect@44c00000/segment@200000/target-module@b000/i2c@0/tda19988@70: Fixed dependency cycle(s) with /ocp/interconnect@48000000/segment@300000/target-module@e000/lcdc@0
[    0.419784] /ocp/interconnect@44c00000/segment@200000/target-module@b000/i2c@0/tda19988@70: Fixed dependency cycle(s) with /ocp/interconnect@48000000/segment@300000/target-module@e000/lcdc@0
[    0.420665] /ocp/interconnect@44c00000/segment@200000/target-module@b000/i2c@0/tda19988@70: Fixed dependency cycle(s) with /ocp/interconnect@48000000/segment@300000/target-module@e000/lcdc@0
[    0.424487] /ocp/interconnect@44c00000/segment@200000/target-module@10000/scm@0/pinmux@800: Fixed dependency cycle(s) with /ocp/interconnect@44c00000/segment@200000/target-module@10000/scm@0/pinmux@800/clkout2-pins
[    0.425084] pinctrl-single 44e10800.pinmux: 142 pins, size 568
[    0.430415] ti-sysc 44e31000.target-module: probe with driver ti-sysc failed with error -16
[    0.447505] /ocp/interconnect@48000000/segment@300000/target-module@e000/lcdc@0: Fixed dependency cycle(s) with /ocp/interconnect@44c00000/segment@200000/target-module@b000/i2c@0/tda19988@70
[    0.455957] ti-sysc 48040000.target-module: probe with driver ti-sysc failed with error -16
[    0.500377] OMAP GPIO hardware version 0.1
[    0.524662] omap_i2c 4819c000.i2c: bus 2 rev0.11 at 100 kHz
[    0.553573] 48000000.interconnect:segment@200000:target-module@0:mpu@0:fck: device ID is greater than 24
[    0.554504] /ocp/interconnect@48000000/segment@300000/target-module@e000/lcdc@0: Fixed dependency cycle(s) with /ocp/interconnect@44c00000/segment@200000/target-module@b000/i2c@0/tda19988@70
[    0.557357] /ocp/interconnect@48000000/segment@300000/target-module@e000/lcdc@0: Fixed dependency cycle(s) with /ocp/interconnect@44c00000/segment@200000/target-module@b000/i2c@0/tda19988@70
[    0.558068] /ocp/interconnect@44c00000/segment@200000/target-module@b000/i2c@0/tda19988@70: F ixed dependency cycle(s) with /ocp/interconnect@48000000/segment@300000/target-module@e000/lcdc@0
[    0.558232] /ocp/interconnect@48000000/segment@300000/target-module@e000/lcdc@0: Fixed dependency cycle(s) with /ocp/interconnect@44c00000/segment@200000/target-module@b000/i2c@0/tda19988@70
[    0.569815] sdhci-omap 481d8000.mmc: supply pbias not found, using dummy regulator
[    0.570315] sdhci-omap 481d8000.mmc: supply vqmmc not found, using dummy regulator
[    0.624670] davinci_mdio 4a101000.mdio:  davinci mdio revision 1.6, bus freq 1000000
[    0.778099] davinci_mdio 4a101000.mdio: phy[0]: device 4a101000.mdio:00, driver SMSC LAN8710/LAN8720
[    0.778897] cpsw-switch 4a100000.switch: initialized cpsw ale version 1.4
[    0.778919] cpsw-switch 4a100000.switch: ALE Table size 1024, Policers 0
[    0.779061] cpsw-switch 4a100000.switch: cpts: overflow check period 500 (jiffies)
[    0.779079] cpsw-switch 4a100000.switch: CPTS: ref_clk_freq:250000000 calc_mult:2147483648 calc_shift:29 error:0 nsec/sec
[    0.779187] cpsw-switch 4a100000.switch: Detected MACID = 6c:ec:eb:68:de:78
[    0.781023] cpsw-switch 4a100000.switch: initialized (regs 0x4a100000, pool size 256) hw_ver:0019010C 1.12 (0)
[    0.792355] debugfs: '49000000.dma' already exists in 'dmaengine'
[    0.792398] edma 49000000.dma: TI EDMA DMA engine driver
[    0.847352] 44e09000.serial: ttyS0 at MMIO 0x44e09000 (irq = 34, base_baud = 3000000) is a 8250
[    0.847445] printk: legacy console [ttyS0] enabled
[    2.442813] tps65217-pmic: Failed to locate of_node [id: -1]
[    2.448878] tps65217-bl: Failed to locate of_node [id: -1]
[    2.454932] platform tps65217-charger: DMA mask not set
[    2.460968] platform tps65217-pwrbutton: DMA mask not set
[    2.468256] tps65217 0-0024: TPS65217 ID 0xe version 1.2
[    2.474415] /ocp/interconnect@48000000/segment@300000/target-module@e000/lcdc@0: Fixed dependency cycle(s) with /ocp/interconnect@44c00000/segment@200000/target-module@b000/i2c@0/tda19988@70
[    2.491792] /ocp/interconnect
[    5.842632] cpsw-switch 4a100000.switch eth0: Link is Up - 100Mbps/Full - flow control off
[    5.882114] IP-Config: Complete:
[    5.885389]      device=eth0, hwaddr=6c:ec:eb:68:de:78, ipaddr=192.168.255.1, mask=255.255.255.0, gw=255.255.255.255
[    5.896063]      host=bbb1, domain=, nis-domain=(none)
[    5.901232]      bootserver=192.168.255.126, rootserver=192.168.255.126, rootpath=
[    5.901660] clk: Disabling unused clocks
[    5.913562] KTAP version 1
[    5.916294] 1..0
[    5.918909] check access for rdinit=/init failed: -2, ignoring
[    5.954942] VFS: Mounted root (nfs filesystem) on device 0:17.
[    5.961733] devtmpfs: mounted
[    5.966556] Freeing unused kernel image (initmem) memory: 1024K
[    5.973294] Run /sbin/init as init process
[    6.651572] systemd[1]: System time before build time, advancing clock.
[    8.171886] random: crng init done
[    8.184623] systemd[1]: systemd 232 running in system mode. (+PAM +AUDIT +SELINUX +IMA +APPARMOR +SMACK +SYSVINIT +UTMP +LIBCRYPTSETUP +GCRYPT +GNUTLS +ACL +XZ +LZ4 +SECCOMP +BLKID +ELFUTILS +KMOD +IDN)
[    8.203727] systemd[1]: Detected architecture arm.

Welcome to [1mDebian GNU/Linux 9 (stretch)[0m!

[    8.234875] systemd[1]: Set hostname to <arm>.
[    9.380099] systemd[1]: syslog.socket: SO_PASSSEC failed: Operation not supported
[    9.388197] systemd[1]: Listening on Syslog Socket.
[[0;32m  OK  [0m] Listening on Syslog Socket.
[    9.412573] systemd[1]: Listening on udev Kernel Socket.
[[0;32m  OK  [0m] Listening on udev Kernel Socket.
[    9.442606] systemd[1]: systemd-journald.socket: SO_PASSSEC failed: Operation not supported
[    9.451250] systemd[1]: systemd-journald.socket: SO_PASSSEC failed: Operation not supported
[    9.459915] systemd[1]: Listening on Journal Socket.
[[0;32m  OK  [0m] Listening on Journal Socket.
[    9.482294] systemd[1]: Reached target Remote File Systems.
[[0;32m  OK  [0m] Reached target Remote File Systems.
[[0;32m  OK  [0m] Started Forward Password Requests to Wall Directory Watch.
[[0;32m  OK  [0m] Listening on Journal Audit Socket.
[[0;32m  OK  [0m] Listening on /dev/initctl Compatibility Named Pipe.
[[0;32m  OK  [0m] Created slice User and Session Slice.
[[0;32m  OK  [0m] Reached target Swap.
[[0;32m  OK  [0m] Listening on udev Control Socket.
[[0;32m  OK  [0m] Started Dispatch Password Requests to Console Directory Watch.
[[0;32m  OK  [0m] Reached target Paths.
[[0;32m  OK  [0m] Created slice System Slice.
[[0;32m  OK  [0m] Reached target Slices.
[[0;32m  OK  [0m] Created slice system-getty.slice.
         Starting Load Kernel Modules...
[[0;32m  OK  [0m] Created slice system-serial\x2dgetty.slice.
         Starting Create list of required stâ€¦ce nodes for the current kernel...
         Starting Remount Root and Kernel File Systems...
         Mounting Debug File System...
[[0;32m  OK  [0m] Set up automount Arbitrary Executabâ€¦rmats File System Automount Point.
[[0;32m  OK  [0m] Reached target Encrypted Volumes.
         Mounting POSIX Message Queue File System...
[[0;32m  OK  [0m] Listening on Journal Socket (/dev/log).
         Starting Journal Service...
[[0;32m  OK  [0m] Started Load Kernel Modules.
[[0;32m  OK  [0m] Started Create list of required staâ€¦vice nodes for the current kernel.
[[0;32m  OK  [0m] Started Remount Root and Kernel File Systems.
         Starting Load/Save Random Seed...
         Starting udev Coldplug all Devices...
         Starting Create Static Device Nodes in /dev...
         Starting Apply Kernel Variables...
         Mounting Configuration File System...
[[0;32m  OK  [0m] Mounted POSIX Message Queue File System.
[[0;32m  OK  [0m] Mounted Debug File System.
[[0;32m  OK  [0m] Started Load/Save Random Seed.
[[0;32m  OK  [0m] Mounted Configuration File System.
[[0;32m  OK  [0m] Started Apply Kernel Variables.
[[0;32m  OK  [0m] Started Create Static Device Nodes in /dev.
         Starting udev Kernel Device Manager...
[[0;32m  OK  [0m] Reached target Local File Systems (Pre).
[[0;32m  OK  [0m] Reached target Local File Systems.
         Starting Raise network interfaces...
[[0;32m  OK  [0m] Started Journal Service.
         Starting Flush Journal to Persistent Storage...
[   11.901313] systemd-journald[87]: Received request to flush runtime journal from PID 1
[[0;32m  OK  [0m] Started Flush Journal to Persistent Storage.
         Starting Create Volatile Files and Directories...
[[0;32m  OK  [0m] Started udev Kernel Device Manager.
[   12.642390] omap_prm 44e00d00.prm: sync_state() pending due to 44d00000.cpu
[[0;32m  OK  [0m] Started Create Volatile Files and Directories.
         Starting Network Time Synchronization...
         Starting Update UTMP about System Boot/Shutdown...
[[0;32m  OK  [0m] Started udev Coldplug all Devices.
[[0;32m  OK  [0m] Started Update UTMP about System Boot/Shutdown.
[   14.913173] omap_rtc 44e3e000.rtc: registered as rtc0
[   14.918418] omap_rtc 44e3e000.rtc: setting system clock to 2000-01-01T00:00:00 UTC (946684800)
[   15.102498] remoteproc remoteproc0: wkup_m3 is available
[   15.121602] at24 2-0054: supply vcc not found, using dummy regulator
[   15.243362] at24 2-0055: supply vcc not found, using dummy regulator
[   15.292762] am335x-phy-driver 47401300.usb-phy: dummy supplies not allowed for exclusive requests (id=vbus)
[   15.365679] at24 2-0056: supply vcc not found, using dummy regulator
[[0;32m  OK  [0m] Found device /dev/ttyS0.
[   15.478050] am335x-phy-driver 47401b00.usb-phy: dummy supplies not allowed for exclusive requests (id=vbus)
[   15.489393] at24 2-0057: supply vcc not found, using dummy regulator
[[0;32m  OK  [0m] Started Network Time Synchronization.
[   15.601656] input: tps65217_pwrbutton as /devices/platform/ocp/44c00000.interconnect/44c00000.interconnect:segment@200000/44e0b000.target-module/44e0b000.i2c/i2c-0/0-0024/tps65217-pwrbutton/input/input0
[   15.643226] at24 0-0050: 32768 byte 24c256 EEPROM, writable, 1 bytes/write
[[0;32m  OK  [0m] Reached target System Time Synchronized.
[[0;32m  OK  [0m] Reached target System Initialization.
[[0;32m  OK  [0m] Listening on D-Bus System Message Bus Socket.
[[0;32m  OK  [0m] Started Daily Cleanup of Temporary Directories.
[[0;32m  OK  [0m] Listening on Avahi mDNS/DNS-SD Stack Activation Socket.
[[0;32m  OK  [0m] Reached target Sockets.
[   16.357195] omap_wdt: OMAP Watchdog Timer Rev 0x01: initial timeout 60 sec
[[0;32m  OK  [0m] Reached target Basic System.
         Starting DUN service...
         Starting LSB: Start busybox udhcpd at boot time...
         Starting Telephony service...
[   16.932902] usbcore: registered new interface driver usbfs
[   16.938545] usbcore: registered new interface driver hub
[   16.944204] usbcore: registered new device driver usb
         Starting Cape Manager Service...
         Starting System Logging Service...
         Starting Generic Board Startup...
         Starting LSB: Load kernel modules needed to enable cpufreq scaling...
         Starting Login Service...
[[0;32m  OK  [0m] Started Regular background program processing daemon.
[   17.956583] musb-hdrc musb-hdrc.1: MUSB HDRC host driver
[   17.962189] musb-hdrc musb-hdrc.1: new USB bus registered, assigned bus number 1
[   18.060485] tda998x 0-0070: found TDA19988
[[0;32m  OK  [0m] Started D-Bus System Message Bus.
[   18.139657] omap-mailbox 480c8000.mailbox: omap mailbox rev 0x400
[   18.277668] remoteproc remoteproc0: powering up wkup_m3
[   18.295734] usb usb1: New USB device found, idVendor=1d6b, idProduct=0002, bcdDevice= 6.16
[   18.304158] usb usb1: New USB device strings: Mfr=3, Product=2, SerialNumber=1
[   18.311423] usb usb1: Product: MUSB HDRC host driver
[   18.316452] usb usb1: Manufacturer: Linux 6.16.0-next-20250806 musb-hcd
[   18.323146] usb usb1: SerialNumber: musb-hdrc.1
[   18.529124] remoteproc remoteproc0: Direct firmware load for am335x-pm-firmware.elf failed with error -2
[   18.539014] remoteproc remoteproc0: request_firmware failed: -2
[   18.545101] wkup_m3_ipc 44e11324.wkup_m3_ipc: rproc_boot failed
[   18.839392] hub 1-0:1.0: USB hub found
[   18.932097] hub 1-0:1.0: 1 port detected
[   21.256330] omap_rng 48310000.rng: Random Number Generator ver. 20
[   21.300249] tilcdc 4830e000.lcdc: bound 0-0070 (ops tda998x_audio_codec_init [tda998x])
[   21.385357] [drm] Initialized tilcdc 1.0.0 for 4830e000.lcdc on minor 0
[   21.468922] tilcdc 4830e000.lcdc: [drm] Cannot find any crtc or sizes
[   21.534307] tilcdc 4830e000.lcdc: [drm] Cannot find any crtc or sizes
[[0;32m  OK  [0m] Started DUN service.
[[0;32m  OK  [0m] Started Telephony service.
         Starting Connection service...
[   22.346005] PM: Cannot get wkup_m3_ipc handle
         Starting Avahi mDNS/DNS-SD Stack...
[[0;32m  OK  [0m] Started Daily apt download activities.
[   22.469524] omap-sham 53100000.sham: hw accel on OMAP rev 4.3
[[0;32m  OK  [0m] Started Daily apt upgrade and clean activities.
[[0;32m  OK  [0m] Reached target Timers.
[   22.611315] omap-sham 53100000.sham: will run requests pump with realtime priority
[   22.637646] PM: Cannot get wkup_m3_ipc handle
[[0;32m  OK  [0m] Started System Logging Service.
[[0;32m  OK  [0m] Started Cape Manager Service.
[   23.036286] omap-aes 53500000.aes: OMAP AES hw accel rev: 3.2
[   23.151233] omap-aes 53500000.aes: will run requests pump with realtime priority
[   23.160073] PM: Cannot get wkup_m3_ipc handle
[   24.292960] Bluetooth: Core ver 2.22
[   24.297160] NET: Registered PF_BLUETOOTH protocol family
[   24.302718] Bluetooth: HCI device and connection manager initialized
[   24.309134] Bluetooth: HCI socket layer initialized
[   24.314280] Bluetooth: L2CAP socket layer initialized
[   24.319405] Bluetooth: SCO socket layer initialized
[   25.525157] ------------[ cut here ]------------
[   25.529859] WARNING: CPU: 0 PID: 320 at net/8021q/vlan_core.c:236 vlan_for_each+0x114/0x134
[   25.538436] RTNL: assertion failed at net/8021q/vlan_core.c (236)
[   25.544619] Modules linked in: bluetooth omap_aes_driver ecdh_generic snd_soc_simple_card ecc omap_crypto snd_soc_simple_card_utils libaes omap_sham pm33xx crypto_engine ti_emif_sram tilcdc omap_rng rng_core drm_dma_helper drm_client_lib snd_soc_davinci_mcasp snd_soc_ti_udma snd_soc_ti_edma snd_soc_ti_sdma snd_soc_core snd_pcm_dmaengine snd_pcm omap_mailbox snd_timer musb_dsps tda998x snd musb_hdrc cec soundcore udc_core drm_kms_helper usbcore drm omap_wdt watchdog wkup_m3_ipc drm_panel_orientation_quirks tps65218_pwrbutton phy_am335x phy_am335x_control phy_generic at24 wkup_m3_rproc usb_common cppi41 rtc_omap leds_gpio cpufreq_dt led_class autofs4
[   25.602698] CPU: 0 UID: 107 PID: 320 Comm: avahi-daemon Not tainted 6.16.0-next-20250806 #1 NONE 
[   25.602719] Hardware name: Generic AM33XX (Flattened Device Tree)
[   25.602728] Call trace: 
[   25.602744]  unwind_backtrace from show_stack+0x10/0x14
[   25.602782]  show_stack from dump_stack_lvl+0x50/0x64
[   25.602808]  dump_stack_lvl from __warn+0x74/0x12c
[   25.602825]  __warn from warn_slowpath_fmt+0x19c/0x1b0
[   25.602838]  warn_slowpath_fmt from vlan_for_each+0x114/0x134
[   25.602861]  vlan_for_each from cpsw_add_mc_addr+0x40/0xa4
[   25.602890]  cpsw_add_mc_addr from __hw_addr_ref_sync_dev+0x108/0x140
[   25.602922]  __hw_addr_ref_sync_dev from __dev_mc_add+0x7c/0x80
[   25.602945]  __dev_mc_add from igmp6_group_added+0xc8/0xe0
[   25.602974]  igmp6_group_added from __ipv6_dev_mc_inc+0x218/0x364
[   25.602993]  __ipv6_dev_mc_inc from __ipv6_sock_mc_join+0x11c/0x214
[   25.603011]  __ipv6_sock_mc_join from do_ipv6_setsockopt+0x1214/0x1310
[   25.603045]  do_ipv6_setsockopt from ipv6_setsockopt+0x60/0xcc
[   25.603068]  ipv6_setsockopt from udpv6_setsockopt+0x2c/0x6c
[   25.603087]  udpv6_setsockopt from sock_common_setsockopt+0x30/0x40
[   25.603117]  sock_common_setsockopt from do_sock_setsockopt+0x50/0x9c
[   25.603139]  do_sock_setsockopt from __sys_setsockopt+0x70/0xbc
[   25.603160]  __sys_setsockopt from ret_fast_syscall+0x0/0x58
[   25.603178] Exception stack(0xe02f1fa8 to 0xe02f1ff0)
[   25.603192] 1fa0:                   00000014 b6f56ce8 0000000d 00000029 00000014 bed729ec
[   25.603204] 1fc0: 00000014 b6f56ce8 00000014 00000126 0000000d b6effff4 0045e988 00446558
[   25.603212] 1fe0: b6f15088 bed729d8 b6ef2309 b6dc941a
[   25.603220] ---[ end trace 0000000000000000 ]---
[   26.517825] PM: Cannot get wkup_m3_ipc handle
[   26.627479] PM: Cannot get wkup_m3_ipc handle
[   26.644553] gpio-537 (nxp,calib): gpiod_direction_output_nonotify: tried to set a GPIO tied to an IRQ as output
[   26.772054] tda9950 0-0034: TDA9950 CEC interface, hardware version 3.3
[   26.845516] PM: Cannot get wkup_m3_ipc handle
[[0;32m  OK  [0m] Started LSB: Start busybox udhcpd at boot time.
[[0;32m  OK  [0m] Started Raise network interfaces.
[   28.972189] configfs-gadget.g_multi gadget.0: HOST MAC 1c:ba:8c:a2:ed:6c
[   28.978971] configfs-gadget.g_multi gadget.0: MAC 1c:ba:8c:a2:ed:70
[   28.986342] configfs-gadget.g_multi gadget.0: HOST MAC 1c:ba:8c:a2:ed:6c
[   28.993222] configfs-gadget.g_multi gadget.0: MAC 1c:ba:8c:a2:ed:6d
[   29.012602] PM: Cannot get wkup_m3_ipc handle
[[0;32m  OK  [0m] Started LSB: Load kernel modules needed to enable cpufreq scaling.
[[0;32m  OK  [0m] Started Avahi mDNS/DNS-SD Stack.
[[0;32m  OK  [0m] Started Connection service.
[[0;32m  OK  [0m] Started Login Service.
         Starting Hostname Service...
         Starting WPA supplicant...
[[0;32m  OK  [0m] Reached target Sound Card.
         Starting LSB: set CPUFreq kernel parameters...
[[0;32m  OK  [0m] Started WPA supplicant.
[[0;32m  OK  [0m] Started Hostname Service.
[[0;32m  OK  [0m] Reached target Network.
         Starting OpenBSD Secure Shell server...
         Starting The Apache HTTP Server...
[[0;32m  OK  [0m] Reached target Network is Online.
         Starting LSB: Advanced IEEE 802.11 management daemon...
         Starting Permit User Sessions...
[[0;32m  OK  [0m] Started LSB: set CPUFreq kernel parameters.
[[0;32m  OK  [0m] Started LSB: Advanced IEEE 802.11 management daemon.
         Stopping LSB: Start busybox udhcpd at boot time...
[[0;32m  OK  [0m] Started Permit User Sessions.
[[0;32m  OK  [0m] Started Serial Getty on ttyS0.
[[0;32m  OK  [0m] Started Getty on tty1.
[[0;32m  OK  [0m] Reached target Login Prompts.
[[0;32m  OK  [0m] Stopped LSB: Start busybox udhcpd at boot time.
[[0;32m  OK  [0m] Started OpenBSD Secure Shell server.
         Starting dnsmasq - A lightweight DHCP and caching DNS server...
[[0;32m  OK  [0m] Started The Apache HTTP Server.
[[0;32m  OK  [0m] Started dnsmasq - A lightweight DHCP and caching DNS server.
[[0;32m  OK  [0m] Reached target Host and Network Name Lookups.
[[0;32m  OK  [0m] Started Serial Getty on ttyGS0.
[[0;32m  OK  [0m] Started Generic Board Startup.
[[0;32m  OK  [0m] Reached target Multi-User System.
[[0;32m  OK  [0m] Reached target Graphical Interface.
         Starting Update UTMP about System Runlevel Changes...
[[0;32m  OK  [0m] Started Update UTMP about System Runlevel Changes.

Debian GNU/Linux 9 arm ttyS0

default username:password is [debian:temppwd]

arm login: root
Password: 
Last login: Sat Jan  1 00:00:38 UTC 2000 on ttyS0
root
Linux arm 6.16.0-next-20250806 #1 SMP Wed Aug  6 07:54:22 EEST 2025 armv7l

The programs included with the Debian GNU/Linux system are free software;
the exact distribution terms for each program are described in the
individual files in /usr/share/doc/*/copyright.

Debian GNU/Linux comes with ABSOLUTELY NO WARRANTY, to the extent
permitted by applicable law.
root@arm:~# root
dmesg -n 1
-bash: root: command not found
root@arm:~# dmesg -n 1
root@arm:~# echo 'YESN''KOYUMU'
YESNKOYUMU
root@arm:~# run() { echo -n "$MARKER"; sh -c "$@"; echo "$MARKER $?"; }
root@arm:~# echo 'MWUO''OFNEOB'
MWUOOFNEOB
root@arm:~# MARKER='ULXF''ZXALMJ' run 'cat /proc/version'
ULXFZXALMJLinux version 6.16.0-next-20250806 (user01@drvtest01) (arm-none-eabi-gcc (Arm GNU Toolchain 14.2.Rel1 (Build arm-14.52)) 14.2.1 20241119, GNU ld (Arm GNU Toolchain 14.2.Rel1 (Build arm-14.52)) 2.43.1.20241119) #1 SMP Wed Aug  6 07:54:22 EEST 2025
ULXFZXALMJ 0
root@arm:~# echo 'PSZO''VGNYUB'
PSZOVGNYUB
root@arm:~# MARKER='LATT''ASJBJL' run false
LATTASJBJLLATTASJBJL 1
root@arm:~# Labgrid Console Logfile for main
Logfile started at 2025-08-06 07:58:36.659866
=== Log starts here ===

root@arm:~# run() { echo -n "$MARKER"; sh -c "$@"; echo "$MARKER $?"; }
root@arm:~# echo 'UTWV''FXQVCY'
UTWVFXQVCY
root@arm:~# MARKER='NTJL''NAUCMN' run 'ls /iio_generic_buffer; echo $?'
NTJLNAUCMN/iio_generic_buffer
0
NTJLNAUCMN 0
root@arm:~# Labgrid Console Logfile for main
Logfile started at 2025-08-06 07:58:40.218096
=== Log starts here ===

root@arm:~# run() { echo -n "$MARKER"; sh -c "$@"; echo "$MARKER $?"; }
root@arm:~# echo 'VTEU''JVJAYN'
VTEUJVJAYN
root@arm:~# MARKER='TZLL''TOESVK' run dmesg
TZLLTOESVK[    0.000000] Booting Linux on physical CPU 0x0
[    0.000000] Linux version 6.16.0-next-20250806 (user01@drvtest01) (arm-none-eabi-gcc (Arm GNU Toolchain 14.2.Rel1 (Build arm-14.52)) 14.2.1 20241119, GNU ld (Arm GNU Toolchain 14.2.Rel1 (Build arm-14.52)) 2.43.1.20241119) #1 SMP Wed Aug  6 07:54:22 EEST 2025
[    0.000000] CPU: ARMv7 Processor [413fc082] revision 2 (ARMv7), cr=10c5387d
[    0.000000] CPU: PIPT / VIPT nonaliasing data cache, VIPT aliasing instruction cache
[    0.000000] OF: fdt: Machine model: TI AM335x BeagleBone Black
[    0.000000] Memory policy: Data cache writeback
[    0.000000] cma: Reserved 16 MiB at 0x9e800000
[    0.000000] Zone ranges:
[    0.000000]   Normal   [mem 0x0000000080000000-0x000000009fdfffff]
[    0.000000]   HighMem  empty
[    0.000000] Movable zone start for each node
[    0.000000] Early memory node ranges
[    0.000000]   node   0: [mem 0x0000000080000000-0x000000009fdfffff]
[    0.000000] Initmem setup node 0 [mem 0x0000000080000000-0x000000009fdfffff]
[    0.000000] On node 0, zone Normal: 512 pages in unavailable ranges
[    0.000000] OF: reserved mem: Reserved memory: No reserved-memory node in the DT
[    0.000000] CPU: All CPU(s) started in SVC mode.
[    0.000000] AM335X ES2.1 (sgx neon)
[    0.000000] percpu: Embedded 17 pages/cpu s39820 r8192 d21620 u69632
[    0.000000] pcpu-alloc: s39820 r8192 d21620 u69632 alloc=17*4096
[    0.000000] pcpu-alloc: [0] 0 
[    0.000000] Kernel command line: console=ttyO0,115200n8 root=/dev/nfs rw nfsroot=192.168.255.126:/home/user01/nfs,nfsvers=3 ip=192.168.255.1:192.168.255.126::255.255.255.0:bbb1:eth0 nfsrootdebug
[    0.000000] Unknown kernel command line parameters "nfsrootdebug", will be passed to user space.
[    0.000000] printk: log buffer data + meta data: 65536 + 204800 = 270336 bytes
[    0.000000] Dentry cache hash table entries: 65536 (order: 6, 262144 bytes, linear)
[    0.000000] Inode-cache hash table entries: 32768 (order: 5, 131072 bytes, linear)
[    0.000000] Built 1 zonelists, mobility grouping on.  Total pages: 130560
[    0.000000] mem auto-init: stack:off, heap alloc:off, heap free:off
[    0.000000] SLUB: HWalign=16, Order=0-3, MinObjects=0, CPUs=1, Nodes=1
[    0.000000] rcu: Hierarchical RCU implementation.
[    0.000000] rcu: 	RCU event tracing is enabled.
[    0.000000] rcu: 	RCU restricting CPUs from NR_CPUS=2 to nr_cpu_ids=1.
[    0.000000] 	Tracing variant of Tasks RCU enabled.
[    0.000000] rcu: RCU calculated value of scheduler-enlistment delay is 10 jiffies.
[    0.000000] rcu: Adjusting geometry for rcu_fanout_leaf=16, nr_cpu_ids=1
[    0.000000] RCU Tasks Trace: Setting shift to 0 and lim to 1 rcu_task_cb_adjust=1 rcu_task_cpu_ids=1.
[    0.000000] NR_IRQS: 16, nr_irqs: 16, preallocated irqs: 16
[    0.000000] IRQ: Found an INTC at 0x(ptrval) (revision 5.0) with 128 interrupts
[    0.000000] rcu: srcu_init: Setting srcu_struct sizes based on contention.
[    0.000000] TI gptimer clocksource: always-on /ocp/interconnect@44c00000/segment@200000/target-module@31000
[    0.000002] sched_clock: 32 bits at 24MHz, resolution 41ns, wraps every 89478484971ns
[    0.000026] clocksource: dmtimer: mask: 0xffffffff max_cycles: 0xffffffff, max_idle_ns: 79635851949 ns
[    0.000525] TI gptimer clockevent: 24000000 Hz at /ocp/interconnect@48000000/segment@0/target-module@40000
[    0.002140] Console: colour dummy device 80x30
[    0.002206] WARNING: Your 'console=ttyO0' has been replaced by 'ttyS0'
[    0.002213] This ensures that you still see kernel messages. Please
[    0.002217] update your kernel commandline.
[    0.002261] Calibrating delay loop... 996.14 BogoMIPS (lpj=4980736)
[    0.090571] CPU: Testing write buffer coherency: ok
[    0.090681] CPU0: Spectre v2: using BPIALL workaround
[    0.090692] pid_max: default: 32768 minimum: 301
[    0.090849] LSM: initializing lsm=capability
[    0.091020] Mount-cache hash table entries: 1024 (order: 0, 4096 bytes, linear)
[    0.091039] Mountpoint-cache hash table entries: 1024 (order: 0, 4096 bytes, linear)
[    0.092618] CPU0: thread -1, cpu 0, socket -1, mpidr 0
[    0.092677] cacheinfo: Unable to detect cache hierarchy for CPU 0
[    0.094665] Setting up static identity map for 0x80100000 - 0x80100078
[    0.094975] rcu: Hierarchical SRCU implementation.
[    0.094987] rcu: 	Max phase no-delay instances is 1000.
[    0.096706] smp: Bringing up secondary CPUs ...
[    0.096758] smp: Brought up 1 node, 1 CPU
[    0.096769] SMP: Total of 1 processors activated (996.14 BogoMIPS).
[    0.096781] CPU: All CPU(s) started in SVC mode.
[    0.096980] Memory: 480856K/522240K available (11264K kernel code, 1218K rwdata, 2936K rodata, 1024K init, 254K bss, 23352K reserved, 16384K cma-reserved, 0K highmem)
[    0.097809] devtmpfs: initialized
[    0.114827] VFP support v0.3: implementor 41 architecture 3 part 30 variant c rev 3
[    0.115473] clocksource: jiffies: mask: 0xffffffff max_cycles: 0xffffffff, max_idle_ns: 19112604462750000 ns
[    0.115532] posixtimers hash table entries: 512 (order: 0, 4096 bytes, linear)
[    0.115560] futex hash table entries: 256 (16384 bytes on 1 NUMA nodes, total 16 KiB, linear).
[    0.116683] pinctrl core: initialized pinctrl subsystem
[    0.118835] NET: Registered PF_NETLINK/PF_ROUTE protocol family
[    0.121979] DMA: preallocated 256 KiB pool for atomic coherent allocations
[    0.122583] audit: initializing netlink subsys (disabled)
[    0.123906] thermal_sys: Registered thermal governor 'fair_share'
[    0.123920] thermal_sys: Registered thermal governor 'step_wise'
[    0.123930] thermal_sys: Registered thermal governor 'user_space'
[    0.124037] audit: type=2000 audit(0.120:1): state=initialized audit_enabled=0 res=1
[    0.124106] cpuidle: using governor menu
[    0.142009] /ocp/interconnect@44c00000/segment@200000/target-module@b000/i2c@0/tda19988@70: Fixed dependency cycle(s) with /ocp/interconnect@48000000/segment@300000/target-module@e000/lcdc@0
[    0.143140] /ocp/interconnect@48000000/segment@300000/target-module@e000/lcdc@0: Fixed dependency cycle(s) with /ocp/interconnect@44c00000/segment@200000/target-module@b000/i2c@0/tda19988@70
[    0.145349] No ATAGs?
[    0.145390] hw-breakpoint: debug architecture 0x4 unsupported.
[    0.148498] kprobes: kprobe jump-optimization is enabled. All kprobes are optimized if possible.
[    0.154236] iommu: Default domain type: Translated
[    0.154259] iommu: DMA domain TLB invalidation policy: strict mode
[    0.155814] reg-fixed-voltage fixedregulator0: using DT '/fixedregulator0' for '(default)' GPIO lookup
[    0.155870] of_get_named_gpiod_flags: can't parse 'gpios' property of node '/fixedregulator0[0]'
[    0.155899] of_get_named_gpiod_flags: can't parse 'gpio' property of node '/fixedregulator0[0]'
[    0.155917] reg-fixed-voltage fixedregulator0: using lookup tables for GPIO lookup
[    0.155927] reg-fixed-voltage fixedregulator0: No GPIO consumer (default) found
[    0.161374] SCSI subsystem initialized
[    0.161858] libata version 3.00 loaded.
[    0.162240] pps_core: LinuxPPS API ver. 1 registered
[    0.162250] pps_core: Software ver. 5.3.6 - Copyright 2005-2007 Rodolfo Giometti <giometti@linux.it>
[    0.162276] PTP clock support registered
[    0.171486] vgaarb: loaded
[    0.171861] clocksource: Switched to clocksource dmtimer
[    0.172544] VFS: Disk quotas dquot_6.6.0
[    0.172601] VFS: Dquot-cache hash table entries: 1024 (order 0, 4096 bytes)
[    0.197830] NET: Registered PF_INET protocol family
[    0.198173] IP idents hash table entries: 8192 (order: 4, 65536 bytes, linear)
[    0.199591] tcp_listen_portaddr_hash hash table entries: 512 (order: 0, 4096 bytes, linear)
[    0.199629] Table-perturb hash table entries: 65536 (order: 6, 262144 bytes, linear)
[    0.199648] TCP established hash table entries: 4096 (order: 2, 16384 bytes, linear)
[    0.199694] TCP bind hash table entries: 4096 (order: 4, 65536 bytes, linear)
[    0.199794] TCP: Hash tables configured (established 4096 bind 4096)
[    0.199916] UDP hash table entries: 256 (order: 1, 14336 bytes, linear)
[    0.199950] UDP-Lite hash table entries: 256 (order: 1, 14336 bytes, linear)
[    0.200147] NET: Registered PF_UNIX/PF_LOCAL protocol family
[    0.201413] RPC: Registered named UNIX socket transport module.
[    0.201433] RPC: Registered udp transport module.
[    0.201439] RPC: Registered tcp transport module.
[    0.201444] RPC: Registered tcp-with-tls transport module.
[    0.201449] RPC: Registered tcp NFSv4.1 backchannel transport module.
[    0.201472] PCI: CLS 0 bytes, default 64
[    0.202999] Initialise system trusted keyrings
[    0.212494] workingset: timestamp_bits=14 max_order=17 bucket_order=3
[    0.213882] NFS: Registering the id_resolver key type
[    0.213969] Key type id_resolver registered
[    0.213976] Key type id_legacy registered
[    0.214081] jffs2: version 2.2. (NAND) (SUMMARY)  Â© 2001-2006 Red Hat, Inc.
[    0.214533] Key type asymmetric registered
[    0.214549] Asymmetric key parser 'x509' registered
[    0.214621] io scheduler mq-deadline registered
[    0.214632] io scheduler kyber registered
[    0.214708] io scheduler bfq registered
[    0.216589] target-module@4b000000:target-module@140000:pmu@0:fck: device ID is greater than 24
[    0.222781] l3-aon-clkctrl:0000:0: failed to disable
[    0.231927] ledtrig-cpu: registered to indicate activity on CPUs
[    0.235686] Serial: 8250/16550 driver, 6 ports, IRQ sharing enabled
[    0.281336] brd: module loaded
[    0.289952] loop: module loaded
[    0.290876] mtdoops: mtd device (mtddev=name/number) must be supplied
[    0.292709] mdio_bus fixed-0: using lookup tables for GPIO lookup
[    0.292736] mdio_bus fixed-0: No GPIO consumer reset found
[    0.294145] i2c_dev: i2c /dev entries driver
[    0.295144] cpuidle: enable-method property 'ti,am3352' found operations
[    0.295586] sdhci: Secure Digital Host Controller Interface driver
[    0.295596] sdhci: Copyright(c) Pierre Ossman
[    0.295769] sdhci-pltfm: SDHCI platform and OF driver helper
[    0.302366] hw perfevents: enabled with armv7_cortex_a8 PMU driver, 5 (8000000f) counters available
[    0.302898] Initializing XFRM netlink socket
[    0.303087] NET: Registered PF_INET6 protocol family
[    0.308758] l3-aon-clkctrl:0000:0: failed to disable
[    0.310127] Segment Routing with IPv6
[    0.310211] In-situ OAM (IOAM) with IPv6
[    0.310306] sit: IPv6, IPv4 and MPLS over IPv4 tunneling driver
[    0.311259] NET: Registered PF_PACKET protocol family
[    0.311287] NET: Registered PF_KEY protocol family
[    0.311442] Key type dns_resolver registered
[    0.311674] ThumbEE CPU extension supported.
[    0.311693] Registering SWP/SWPB emulation handler
[    0.312425] omap_voltage_late_init: Voltage driver support not added
[    0.313141] SmartReflex Class3 initialized
[    0.344657] Loading compiled-in X.509 certificates
[    0.380963] /ocp/interconnect@44c00000/segment@200000/target-module@b000/i2c@0/tda19988@70: Fixed dependency cycle(s) with /ocp/interconnect@48000000/segment@300000/target-module@e000/lcdc@0
[    0.387557] /ocp/interconnect@44c00000/segment@200000/target-module@b000/i2c@0/tda19988@70: Fixed dependency cycle(s) with /ocp/interconnect@48000000/segment@300000/target-module@e000/lcdc@0
[    0.393286] gpiochip_find_base_unlocked: found new base at 512
[    0.419784] /ocp/interconnect@44c00000/segment@200000/target-module@b000/i2c@0/tda19988@70: Fixed dependency cycle(s) with /ocp/interconnect@48000000/segment@300000/target-module@e000/lcdc@0
[    0.420665] /ocp/interconnect@44c00000/segment@200000/target-module@b000/i2c@0/tda19988@70: Fixed dependency cycle(s) with /ocp/interconnect@48000000/segment@300000/target-module@e000/lcdc@0
[    0.424487] /ocp/interconnect@44c00000/segment@200000/target-module@10000/scm@0/pinmux@800: Fixed dependency cycle(s) with /ocp/interconnect@44c00000/segment@200000/target-module@10000/scm@0/pinmux@800/clkout2-pins
[    0.425084] pinctrl-single 44e10800.pinmux: 142 pins, size 568
[    0.430415] ti-sysc 44e31000.target-module: probe with driver ti-sysc failed with error -16
[    0.447505] /ocp/interconnect@48000000/segment@300000/target-module@e000/lcdc@0: Fixed dependency cycle(s) with /ocp/interconnect@44c00000/segment@200000/target-module@b000/i2c@0/tda19988@70
[    0.455957] ti-sysc 48040000.target-module: probe with driver ti-sysc failed with error -16
[    0.467685] gpiochip_find_base_unlocked: found new base at 512
[    0.467787] gpio gpiochip0: (gpio-0-31): created GPIO range 0->7 ==> 44e10800.pinmux PIN 0->7
[    0.467806] gpio gpiochip0: (gpio-0-31): created GPIO range 8->11 ==> 44e10800.pinmux PIN 90->93
[    0.467823] gpio gpiochip0: (gpio-0-31): created GPIO range 12->27 ==> 44e10800.pinmux PIN 12->27
[    0.467838] gpio gpiochip0: (gpio-0-31): created GPIO range 28->31 ==> 44e10800.pinmux PIN 30->33
[    0.500067] gpio gpiochip0: (gpio-0-31): added GPIO chardev (254:0)
[    0.500292] gpio gpiochip0: registered GPIOs 512 to 543 on gpio-0-31
[    0.500377] OMAP GPIO hardware version 0.1
[    0.523628] i2c i2c-2: using DT '/ocp/interconnect@48000000/segment@100000/target-module@9c000/i2c@0' for 'scl' GPIO lookup
[    0.523709] of_get_named_gpiod_flags: can't parse 'scl-gpios' property of node '/ocp/interconnect@48000000/segment@100000/target-module@9c000/i2c@0[0]'
[    0.523754] of_get_named_gpiod_flags: can't parse 'scl-gpio' property of node '/ocp/interconnect@48000000/segment@100000/target-module@9c000/i2c@0[0]'
[    0.523792] i2c i2c-2: using lookup tables for GPIO lookup
[    0.523802] i2c i2c-2: No GPIO consumer scl found
[    0.523823] i2c i2c-2: using DT '/ocp/interconnect@48000000/segment@100000/target-module@9c000/i2c@0' for 'sda' GPIO lookup
[    0.523860] of_get_named_gpiod_flags: can't parse 'sda-gpios' property of node '/ocp/interconnect@48000000/segment@100000/target-module@9c000/i2c@0[0]'
[    0.523898] of_get_named_gpiod_flags: can't parse 'sda-gpio' property of node '/ocp/interconnect@48000000/segment@100000/target-module@9c000/i2c@0[0]'
[    0.523930] i2c i2c-2: using lookup tables for GPIO lookup
[    0.523938] i2c i2c-2: No GPIO consumer sda found
[    0.524662] omap_i2c 4819c000.i2c: bus 2 rev0.11 at 100 kHz
[    0.530283] gpiochip_find_base_unlocked: found new base at 544
[    0.530384] gpio gpiochip1: (gpio-32-63): created GPIO range 0->17 ==> 44e10800.pinmux PIN 34->51
[    0.530404] gpio gpiochip1: (gpio-32-63): created GPIO range 18->21 ==> 44e10800.pinmux PIN 77->80
[    0.530420] gpio gpiochip1: (gpio-32-63): created GPIO range 22->31 ==> 44e10800.pinmux PIN 56->65
[    0.544031] gpio gpiochip1: (gpio-32-63): added GPIO chardev (254:1)
[    0.544264] gpio gpiochip1: registered GPIOs 544 to 575 on gpio-32-63
[    0.546578] gpiochip_find_base_unlocked: found new base at 576
[    0.546676] gpio gpiochip2: (gpio-64-95): created GPIO range 0->4 ==> 44e10800.pinmux PIN 66->70
[    0.546705] gpio gpiochip2: (gpio-64-95): created GPIO range 5->6 ==> 44e10800.pinmux PIN 98->99
[    0.546721] gpio gpiochip2: (gpio-64-95): created GPIO range 7->8 ==> 44e10800.pinmux PIN 75->76
[    0.546736] gpio gpiochip2: (gpio-64-95): created GPIO range 13->13 ==> 44e10800.pinmux PIN 141->141
[    0.546752] gpio gpiochip2: (gpio-64-95): created GPIO range 14->21 ==> 44e10800.pinmux PIN 100->107
[    0.547393] gpio gpiochip2: (gpio-64-95): added GPIO chardev (254:2)
[    0.547603] gpio gpiochip2: registered GPIOs 576 to 607 on gpio-64-95
[    0.553573] 48000000.interconnect:segment@200000:target-module@0:mpu@0:fck: device ID is greater than 24
[    0.554504] /ocp/interconnect@48000000/segment@300000/target-module@e000/lcdc@0: Fixed dependency cycle(s) with /ocp/interconnect@44c00000/segment@200000/target-module@b000/i2c@0/tda19988@70
[    0.557357] /ocp/interconnect@48000000/segment@300000/target-module@e000/lcdc@0: Fixed dependency cycle(s) with /ocp/interconnect@44c00000/segment@200000/target-module@b000/i2c@0/tda19988@70
[    0.558068] /ocp/interconnect@44c00000/segment@200000/target-module@b000/i2c@0/tda19988@70: Fixed dependency cycle(s) with /ocp/interconnect@48000000/segment@300000/target-module@e000/lcdc@0
[    0.558232] /ocp/interconnect@48000000/segment@300000/target-module@e000/lcdc@0: Fixed dependency cycle(s) with /ocp/interconnect@44c00000/segment@200000/target-module@b000/i2c@0/tda19988@70
[    0.568038] mdio_bus 4a101000.mdio: using DT '/ocp/interconnect@4a000000/segment@0/target-module@100000/switch@0/mdio@1000' for 'reset' GPIO lookup
[    0.568112] of_get_named_gpiod_flags: can't parse 'reset-gpios' property of node '/ocp/interconnect@4a000000/segment@0/target-module@100000/switch@0/mdio@1000[0]'
[    0.568159] of_get_named_gpiod_flags: can't parse 'reset-gpio' property of node '/ocp/interconnect@4a000000/segment@0/target-module@100000/switch@0/mdio@1000[0]'
[    0.568207] mdio_bus 4a101000.mdio: using lookup tables for GPIO lookup
[    0.568218] mdio_bus 4a101000.mdio: No GPIO consumer reset found
[    0.569463] sdhci-omap 481d8000.mmc: using DT '/ocp/interconnect@48000000/segment@100000/target-module@d8000/mmc@0' for 'wp' GPIO lookup
[    0.569530] of_get_named_gpiod_flags: can't parse 'wp-gpios' property of node '/ocp/interconnect@48000000/segment@100000/target-module@d8000/mmc@0[0]'
[    0.569572] of_get_named_gpiod_flags: can't parse 'wp-gpio' property of node '/ocp/interconnect@48000000/segment@100000/target-module@d8000/mmc@0[0]'
[    0.569607] sdhci-omap 481d8000.mmc: using lookup tables for GPIO lookup
[    0.569616] sdhci-omap 481d8000.mmc: No GPIO consumer wp found
[    0.569815] sdhci-omap 481d8000.mmc: supply pbias not found, using dummy regulator
[    0.570315] sdhci-omap 481d8000.mmc: supply vqmmc not found, using dummy regulator
[    0.624670] davinci_mdio 4a101000.mdio: davinci mdio revision 1.6, bus freq 1000000
[    0.642815] mdio_bus 4a101000.mdio:00: using DT '/ocp/interconnect@4a000000/segment@0/target-module@100000/switch@0/mdio@1000/ethernet-phy@0' for 'reset' GPIO lookup
[    0.642917] of_get_named_gpiod_flags: parsed 'reset-gpios' property of node '/ocp/interconnect@4a000000/segment@0/target-module@100000/switch@0/mdio@1000/ethernet-phy@0[0]' - status (0)
[    0.643080] gpio gpiochip0: Persistence not supported for GPIO 8
[    0.778099] davinci_mdio 4a101000.mdio: phy[0]: device 4a101000.mdio:00, driver SMSC LAN8710/LAN8720
[    0.778897] cpsw-switch 4a100000.switch: initialized cpsw ale version 1.4
[    0.778919] cpsw-switch 4a100000.switch: ALE Table size 1024, Policers 0
[    0.779061] cpsw-switch 4a100000.switch: cpts: overflow check period 500 (jiffies)
[    0.779079] cpsw-switch 4a100000.switch: CPTS: ref_clk_freq:250000000 calc_mult:2147483648 calc_shift:29 error:0 nsec/sec
[    0.779187] cpsw-switch 4a100000.switch: Detected MACID = 6c:ec:eb:68:de:78
[    0.781023] cpsw-switch 4a100000.switch: initialized (regs 0x4a100000, pool size 256) hw_ver:0019010C 1.12 (0)
[    0.792355] debugfs: '49000000.dma' already exists in 'dmaengine'
[    0.792398] edma 49000000.dma: TI EDMA DMA engine driver
[    0.824316] gpio-clk clk_mcasp0: using DT '/clk_mcasp0' for 'enable' GPIO lookup
[    0.824395] of_get_named_gpiod_flags: parsed 'enable-gpios' property of node '/clk_mcasp0[0]' - status (0)
[    0.824441] gpio gpiochip0: Persistence not supported for GPIO 27
[    0.825311] gpiochip_find_base_unlocked: found new base at 608
[    0.825422] gpio gpiochip3: (gpio-96-127): created GPIO range 0->7 ==> 44e10800.pinmux PIN 82->89
[    0.825443] gpio gpiochip3: (gpio-96-127): created GPIO range 8->11 ==> 44e10800.pinmux PIN 52->55
[    0.825459] gpio gpiochip3: (gpio-96-127): created GPIO range 12->15 ==> 44e10800.pinmux PIN 94->97
[    0.825475] gpio gpiochip3: (gpio-96-127): created GPIO range 16->17 ==> 44e10800.pinmux PIN 71->72
[    0.825490] gpio gpiochip3: (gpio-96-127): created GPIO range 18->18 ==> 44e10800.pinmux PIN 135->135
[    0.825506] gpio gpiochip3: (gpio-96-127): created GPIO range 19->20 ==> 44e10800.pinmux PIN 108->109
[    0.825522] gpio gpiochip3: (gpio-96-127): created GPIO range 21->21 ==> 44e10800.pinmux PIN 73->73
[    0.825539] gpio gpiochip3: (gpio-96-127): created GPIO range 22->23 ==> 44e10800.pinmux PIN 8->9
[    0.825557] gpio gpiochip3: (gpio-96-127): created GPIO range 26->27 ==> 44e10800.pinmux PIN 10->11
[    0.825574] gpio gpiochip3: (gpio-96-127): created GPIO range 28->28 ==> 44e10800.pinmux PIN 74->74
[    0.825592] gpio gpiochip3: (gpio-96-127): created GPIO range 29->29 ==> 44e10800.pinmux PIN 81->81
[    0.825612] gpio gpiochip3: (gpio-96-127): created GPIO range 30->31 ==> 44e10800.pinmux PIN 28->29
[    0.844492] gpio gpiochip3: (gpio-96-127): added GPIO chardev (254:3)
[    0.844728] gpio gpiochip3: registered GPIOs 608 to 639 on gpio-96-127
[    0.846603] omap8250 44e09000.serial: using DT '/ocp/interconnect@44c00000/segment@200000/target-module@9000/serial@0' for 'rs485-term' GPIO lookup
[    0.846673] of_get_named_gpiod_flags: can't parse 'rs485-term-gpios' property of node '/ocp/interconnect@44c00000/segment@200000/target-module@9000/serial@0[0]'
[    0.846717] of_get_named_gpiod_flags: can't parse 'rs485-term-gpio' property of node '/ocp/interconnect@44c00000/segment@200000/target-module@9000/serial@0[0]'
[    0.846754] omap8250 44e09000.serial: using lookup tables for GPIO lookup
[    0.846765] omap8250 44e09000.serial: No GPIO consumer rs485-term found
[    0.846776] omap8250 44e09000.serial: using DT '/ocp/interconnect@44c00000/segment@200000/target-module@9000/serial@0' for 'rs485-rx-during-tx' GPIO lookup
[    0.846812] of_get_named_gpiod_flags: can't parse 'rs485-rx-during-tx-gpios' property of node '/ocp/interconnect@44c00000/segment@200000/target-module@9000/serial@0[0]'
[    0.846850] of_get_named_gpiod_flags: can't parse 'rs485-rx-during-tx-gpio' property of node '/ocp/interconnect@44c00000/segment@200000/target-module@9000/serial@0[0]'
[    0.846881] omap8250 44e09000.serial: using lookup tables for GPIO lookup
[    0.846889] omap8250 44e09000.serial: No GPIO consumer rs485-rx-during-tx found
[    0.847352] 44e09000.serial: ttyS0 at MMIO 0x44e09000 (irq = 34, base_baud = 3000000) is a 8250
[    0.847445] printk: legacy console [ttyS0] enabled
[    2.420970] i2c i2c-0: using DT '/ocp/interconnect@44c00000/segment@200000/target-module@b000/i2c@0' for 'scl' GPIO lookup
[    2.421060] of_get_named_gpiod_flags: can't parse 'scl-gpios' property of node '/ocp/interconnect@44c00000/segment@200000/target-module@b000/i2c@0[0]'
[    2.421107] of_get_named_gpiod_flags: can't parse 'scl-gpio' property of node '/ocp/interconnect@44c00000/segment@200000/target-module@b000/i2c@0[0]'
[    2.421148] i2c i2c-0: using lookup tables for GPIO lookup
[    2.421162] i2c i2c-0: No GPIO consumer scl found
[    2.421186] i2c i2c-0: using DT '/ocp/interconnect@44c00000/segment@200000/target-module@b000/i2c@0' for 'sda' GPIO lookup
[    2.421226] of_get_named_gpiod_flags: can't parse 'sda-gpios' property of node '/ocp/interconnect@44c00000/segment@200000/target-module@b000/i2c@0[0]'
[    2.421268] of_get_named_gpiod_flags: can't parse 'sda-gpio' property of node '/ocp/interconnect@44c00000/segment@200000/target-module@b000/i2c@0[0]'
[    2.421303] i2c i2c-0: using lookup tables for GPIO lookup
[    2.421315] i2c i2c-0: No GPIO consumer sda found
[    2.442813] tps65217-pmic: Failed to locate of_node [id: -1]
[    2.448878] tps65217-bl: Failed to locate of_node [id: -1]
[    2.454932] platform tps65217-charger: DMA mask not set
[    2.460968] platform tps65217-pwrbutton: DMA mask not set
[    2.468256] tps65217 0-0024: TPS65217 ID 0xe version 1.2
[    2.474415] /ocp/interconnect@48000000/segment@300000/target-module@e000/lcdc@0: Fixed dependency cycle(s) with /ocp/interconnect@44c00000/segment@200000/target-module@b000/i2c@0/tda19988@70
[    2.491792] /ocp/interconnect@44c00000/segment@200000/target-module@b000/i2c@0/tda19988@70: Fixed dependency cycle(s) with /ocp/interconnect@48000000/segment@300000/target-module@e000/lcdc@0
[    2.509198] omap_i2c 44e0b000.i2c: bus 0 rev0.11 at 400 kHz
[    2.516886] sdhci-omap 48060000.mmc: using DT '/ocp/interconnect@48000000/segment@0/target-module@60000/mmc@0' for 'cd' GPIO lookup
[    2.516993] of_get_named_gpiod_flags: parsed 'cd-gpios' property of node '/ocp/interconnect@48000000/segment@0/target-module@60000/mmc@0[0]' - status (0)
[    2.517060] gpio gpiochip3: Persistence not supported for GPIO 6
[    2.517087] omap_gpio 44e07000.gpio: Could not set line 6 debounce to 200000 microseconds (-22)
[    2.526021] sdhci-omap 48060000.mmc: Got CD GPIO
[    2.530674] sdhci-omap 48060000.mmc: using DT '/ocp/interconnect@48000000/segment@0/target-module@60000/mmc@0' for 'wp' GPIO lookup
[    2.530725] of_get_named_gpiod_flags: can't parse 'wp-gpios' property of node '/ocp/interconnect@48000000/segment@0/target-module@60000/mmc@0[0]'
[    2.530769] of_get_named_gpiod_flags: can't parse 'wp-gpio' property of node '/ocp/interconnect@48000000/segment@0/target-module@60000/mmc@0[0]'
[    2.530808] sdhci-omap 48060000.mmc: using lookup tables for GPIO lookup
[    2.530822] sdhci-omap 48060000.mmc: No GPIO consumer wp found
[    2.531034] sdhci-omap 48060000.mmc: supply pbias not found, using dummy regulator
[    2.539855] sdhci-omap 481d8000.mmc: using DT '/ocp/interconnect@48000000/segment@100000/target-module@d8000/mmc@0' for 'wp' GPIO lookup
[    2.539933] of_get_named_gpiod_flags: can't parse 'wp-gpios' property of node '/ocp/interconnect@48000000/segment@100000/target-module@d8000/mmc@0[0]'
[    2.539981] of_get_named_gpiod_flags: can't parse 'wp-gpio' property of node '/ocp/interconnect@48000000/segment@100000/target-module@d8000/mmc@0[0]'
[    2.540021] sdhci-omap 481d8000.mmc: using lookup tables for GPIO lookup
[    2.540035] sdhci-omap 481d8000.mmc: No GPIO consumer wp found
[    2.541072] sdhci-omap 48060000.mmc: supply vqmmc not found, using dummy regulator
[    2.550185] sdhci-omap 481d8000.mmc: supply pbias not found, using dummy regulator
[    2.559741] sdhci-omap 481d8000.mmc: supply vqmmc not found, using dummy regulator
[    2.595563] mmc0: SDHCI controller on 48060000.mmc [48060000.mmc] using External DMA
[    2.603883] mmc1: SDHCI controller on 481d8000.mmc [481d8000.mmc] using External DMA
[    2.612737] cpsw-switch 4a100000.switch: starting ndev. mode: dual_mac
[    2.682196] mmc1: new high speed MMC card at address 0001
[    2.689009] mmcblk1: mmc1:0001 MMC04G 3.60 GiB
[    2.696995]  mmcblk1: p1 p2
[    2.700734] SMSC LAN8710/LAN8720 4a101000.mdio:00: attached PHY driver (mii_bus:phy_addr=4a101000.mdio:00, irq=POLL)
[    2.713321] mmcblk1boot0: mmc1:0001 MMC04G 2.00 MiB
[    2.727055] mmcblk1boot1: mmc1:0001 MMC04G 2.00 MiB
[    2.735747] mmcblk1rpmb: mmc1:0001 MMC04G 128 KiB, chardev (249:0)
[    2.784928] mmc0: new high speed SDHC card at address aaaa
[    2.791755] mmcblk0: mmc0:aaaa SE32G 29.7 GiB
[    2.801046]  mmcblk0: p1 p2
[    5.842632] cpsw-switch 4a100000.switch eth0: Link is Up - 100Mbps/Full - flow control off
[    5.882114] IP-Config: Complete:
[    5.885389]      device=eth0, hwaddr=6c:ec:eb:68:de:78, ipaddr=192.168.255.1, mask=255.255.255.0, gw=255.255.255.255
[    5.896063]      host=bbb1, domain=, nis-domain=(none)
[    5.901232]      bootserver=192.168.255.126, rootserver=192.168.255.126, rootpath=
[    5.901660] clk: Disabling unused clocks
[    5.913562] KTAP version 1
[    5.916294] 1..0
[    5.918909] check access for rdinit=/init failed: -2, ignoring
[    5.954942] VFS: Mounted root (nfs filesystem) on device 0:17.
[    5.961733] devtmpfs: mounted
[    5.966556] Freeing unused kernel image (initmem) memory: 1024K
[    5.973294] Run /sbin/init as init process
[    5.977422]   with arguments:
[    5.977435]     /sbin/init
[    5.977444]     nfsrootdebug
[    5.977453]   with environment:
[    5.977462]     HOME=/
[    5.977471]     TERM=linux
[    6.651572] systemd[1]: System time before build time, advancing clock.
[    8.171886] random: crng init done
[    8.184623] systemd[1]: systemd 232 running in system mode. (+PAM +AUDIT +SELINUX +IMA +APPARMOR +SMACK +SYSVINIT +UTMP +LIBCRYPTSETUP +GCRYPT +GNUTLS +ACL +XZ +LZ4 +SECCOMP +BLKID +ELFUTILS +KMOD +IDN)
[    8.203727] systemd[1]: Detected architecture arm.
[    8.234875] systemd[1]: Set hostname to <arm>.
[    9.380099] systemd[1]: syslog.socket: SO_PASSSEC failed: Operation not supported
[    9.388197] systemd[1]: Listening on Syslog Socket.
[    9.412573] systemd[1]: Listening on udev Kernel Socket.
[    9.442606] systemd[1]: systemd-journald.socket: SO_PASSSEC failed: Operation not supported
[    9.451250] systemd[1]: systemd-journald.socket: SO_PASSSEC failed: Operation not supported
[    9.459915] systemd[1]: Listening on Journal Socket.
[    9.482294] systemd[1]: Reached target Remote File Systems.
[   11.901313] systemd-journald[87]: Received request to flush runtime journal from PID 1
[   12.642390] omap_prm 44e00d00.prm: sync_state() pending due to 44d00000.cpu
[   14.413210] leds-gpio leds: using DT '/leds/led2' for '(default)' GPIO lookup
[   14.413317] of_get_named_gpiod_flags: parsed 'gpios' property of node '/leds/led2[0]' - status (0)
[   14.413375] gpio gpiochip0: Persistence not supported for GPIO 21
[   14.413391] gpio-533 (?): no flags found for GPIO (default)
[   14.447938] leds-gpio leds: using DT '/leds/led3' for '(default)' GPIO lookup
[   14.448051] of_get_named_gpiod_flags: parsed 'gpios' property of node '/leds/led3[0]' - status (0)
[   14.448112] gpio gpiochip0: Persistence not supported for GPIO 22
[   14.448128] gpio-534 (?): no flags found for GPIO (default)
[   14.482425] leds-gpio leds: using DT '/leds/led4' for '(default)' GPIO lookup
[   14.482528] of_get_named_gpiod_flags: parsed 'gpios' property of node '/leds/led4[0]' - status (0)
[   14.482580] gpio gpiochip0: Persistence not supported for GPIO 23
[   14.482595] gpio-535 (?): no flags found for GPIO (default)
[   14.509720] leds-gpio leds: using DT '/leds/led5' for '(default)' GPIO lookup
[   14.509826] of_get_named_gpiod_flags: parsed 'gpios' property of node '/leds/led5[0]' - status (0)
[   14.509883] gpio gpiochip0: Persistence not supported for GPIO 24
[   14.509899] gpio-536 (?): no flags found for GPIO (default)
[   14.913173] omap_rtc 44e3e000.rtc: registered as rtc0
[   14.918418] omap_rtc 44e3e000.rtc: setting system clock to 2000-01-01T00:00:00 UTC (946684800)
[   14.927431] omap_rtc 44e3e000.rtc: using DT '/ocp/interconnect@44c00000/segment@200000/target-module@3e000/rtc@0' for 'wp' GPIO lookup
[   14.927509] of_get_named_gpiod_flags: can't parse 'wp-gpios' property of node '/ocp/interconnect@44c00000/segment@200000/target-module@3e000/rtc@0[0]'
[   14.927561] of_get_named_gpiod_flags: can't parse 'wp-gpio' property of node '/ocp/interconnect@44c00000/segment@200000/target-module@3e000/rtc@0[0]'
[   14.927602] omap_rtc 44e3e000.rtc: using lookup tables for GPIO lookup
[   14.927617] omap_rtc 44e3e000.rtc: No GPIO consumer wp found
[   15.102498] remoteproc remoteproc0: wkup_m3 is available
[   15.121602] at24 2-0054: supply vcc not found, using dummy regulator
[   15.243362] at24 2-0055: supply vcc not found, using dummy regulator
[   15.292296] am335x-phy-driver 47401300.usb-phy: using DT '/ocp/target-module@47400000/usb-phy@1300' for 'reset' GPIO lookup
[   15.292392] of_get_named_gpiod_flags: can't parse 'reset-gpios' property of node '/ocp/target-module@47400000/usb-phy@1300[0]'
[   15.292436] of_get_named_gpiod_flags: can't parse 'reset-gpio' property of node '/ocp/target-module@47400000/usb-phy@1300[0]'
[   15.292474] am335x-phy-driver 47401300.usb-phy: using lookup tables for GPIO lookup
[   15.292490] am335x-phy-driver 47401300.usb-phy: No GPIO consumer reset found
[   15.292505] am335x-phy-driver 47401300.usb-phy: using DT '/ocp/target-module@47400000/usb-phy@1300' for 'vbus-detect' GPIO lookup
[   15.292537] of_get_named_gpiod_flags: can't parse 'vbus-detect-gpios' property of node '/ocp/target-module@47400000/usb-phy@1300[0]'
[   15.292569] of_get_named_gpiod_flags: can't parse 'vbus-detect-gpio' property of node '/ocp/target-module@47400000/usb-phy@1300[0]'
[   15.292596] am335x-phy-driver 47401300.usb-phy: using lookup tables for GPIO lookup
[   15.292608] am335x-phy-driver 47401300.usb-phy: No GPIO consumer vbus-detect found
[   15.292762] am335x-phy-driver 47401300.usb-phy: dummy supplies not allowed for exclusive requests (id=vbus)
[   15.365679] at24 2-0056: supply vcc not found, using dummy regulator
[   15.477576] am335x-phy-driver 47401b00.usb-phy: using DT '/ocp/target-module@47400000/usb-phy@1b00' for 'reset' GPIO lookup
[   15.477683] of_get_named_gpiod_flags: can't parse 'reset-gpios' property of node '/ocp/target-module@47400000/usb-phy@1b00[0]'
[   15.477729] of_get_named_gpiod_flags: can't parse 'reset-gpio' property of node '/ocp/target-module@47400000/usb-phy@1b00[0]'
[   15.477768] am335x-phy-driver 47401b00.usb-phy: using lookup tables for GPIO lookup
[   15.477783] am335x-phy-driver 47401b00.usb-phy: No GPIO consumer reset found
[   15.477797] am335x-phy-driver 47401b00.usb-phy: using DT '/ocp/target-module@47400000/usb-phy@1b00' for 'vbus-detect' GPIO lookup
[   15.477829] of_get_named_gpiod_flags: can't parse 'vbus-detect-gpios' property of node '/ocp/target-module@47400000/usb-phy@1b00[0]'
[   15.477862] of_get_named_gpiod_flags: can't parse 'vbus-detect-gpio' property of node '/ocp/target-module@47400000/usb-phy@1b00[0]'
[   15.477890] am335x-phy-driver 47401b00.usb-phy: using lookup tables for GPIO lookup
[   15.477902] am335x-phy-driver 47401b00.usb-phy: No GPIO consumer vbus-detect found
[   15.478050] am335x-phy-driver 47401b00.usb-phy: dummy supplies not allowed for exclusive requests (id=vbus)
[   15.489393] at24 2-0057: supply vcc not found, using dummy regulator
[   15.601656] input: tps65217_pwrbutton as /devices/platform/ocp/44c00000.interconnect/44c00000.interconnect:segment@200000/44e0b000.target-module/44e0b000.i2c/i2c-0/0-0024/tps65217-pwrbutton/input/input0
[   15.642665] at24 0-0050: using DT '/ocp/interconnect@44c00000/segment@200000/target-module@b000/i2c@0/eeprom@50' for 'wp' GPIO lookup
[   15.642779] of_get_named_gpiod_flags: can't parse 'wp-gpios' property of node '/ocp/interconnect@44c00000/segment@200000/target-module@b000/i2c@0/eeprom@50[0]'
[   15.642840] of_get_named_gpiod_flags: can't parse 'wp-gpio' property of node '/ocp/interconnect@44c00000/segment@200000/target-module@b000/i2c@0/eeprom@50[0]'
[   15.642889] at24 0-0050: using lookup tables for GPIO lookup
[   15.642903] at24 0-0050: No GPIO consumer wp found
[   15.643226] at24 0-0050: 32768 byte 24c256 EEPROM, writable, 1 bytes/write
[   16.357195] omap_wdt: OMAP Watchdog Timer Rev 0x01: initial timeout 60 sec
[   16.932902] usbcore: registered new interface driver usbfs
[   16.938545] usbcore: registered new interface driver hub
[   16.944204] usbcore: registered new device driver usb
[   17.956583] musb-hdrc musb-hdrc.1: MUSB HDRC host driver
[   17.962189] musb-hdrc musb-hdrc.1: new USB bus registered, assigned bus number 1
[   18.060485] tda998x 0-0070: found TDA19988
[   18.139657] omap-mailbox 480c8000.mailbox: omap mailbox rev 0x400
[   18.277668] remoteproc remoteproc0: powering up wkup_m3
[   18.295734] usb usb1: New USB device found, idVendor=1d6b, idProduct=0002, bcdDevice= 6.16
[   18.304158] usb usb1: New USB device strings: Mfr=3, Product=2, SerialNumber=1
[   18.311423] usb usb1: Product: MUSB HDRC host driver
[   18.316452] usb usb1: Manufacturer: Linux 6.16.0-next-20250806 musb-hcd
[   18.323146] usb usb1: SerialNumber: musb-hdrc.1
[   18.529124] remoteproc remoteproc0: Direct firmware load for am335x-pm-firmware.elf failed with error -2
[   18.539014] remoteproc remoteproc0: request_firmware failed: -2
[   18.545101] wkup_m3_ipc 44e11324.wkup_m3_ipc: rproc_boot failed
[   18.839392] hub 1-0:1.0: USB hub found
[   18.932097] hub 1-0:1.0: 1 port detected
[   21.256330] omap_rng 48310000.rng: Random Number Generator ver. 20
[   21.300249] tilcdc 4830e000.lcdc: bound 0-0070 (ops tda998x_audio_codec_init [tda998x])
[   21.385357] [drm] Initialized tilcdc 1.0.0 for 4830e000.lcdc on minor 0
[   21.468922] tilcdc 4830e000.lcdc: [drm] Cannot find any crtc or sizes
[   21.534307] tilcdc 4830e000.lcdc: [drm] Cannot find any crtc or sizes
[   22.346005] PM: Cannot get wkup_m3_ipc handle
[   22.469524] omap-sham 53100000.sham: hw accel on OMAP rev 4.3
[   22.611315] omap-sham 53100000.sham: will run requests pump with realtime priority
[   22.637646] PM: Cannot get wkup_m3_ipc handle
[   23.036286] omap-aes 53500000.aes: OMAP AES hw accel rev: 3.2
[   23.151233] omap-aes 53500000.aes: will run requests pump with realtime priority
[   23.160073] PM: Cannot get wkup_m3_ipc handle
[   24.292960] Bluetooth: Core ver 2.22
[   24.297160] NET: Registered PF_BLUETOOTH protocol family
[   24.302718] Bluetooth: HCI device and connection manager initialized
[   24.309134] Bluetooth: HCI socket layer initialized
[   24.314280] Bluetooth: L2CAP socket layer initialized
[   24.319405] Bluetooth: SCO socket layer initialized
[   25.525157] ------------[ cut here ]------------
[   25.529859] WARNING: CPU: 0 PID: 320 at net/8021q/vlan_core.c:236 vlan_for_each+0x114/0x134
[   25.538436] RTNL: assertion failed at net/8021q/vlan_core.c (236)
[   25.544619] Modules linked in: bluetooth omap_aes_driver ecdh_generic snd_soc_simple_card ecc omap_crypto snd_soc_simple_card_utils libaes omap_sham pm33xx crypto_engine ti_emif_sram tilcdc omap_rng rng_core drm_dma_helper drm_client_lib snd_soc_davinci_mcasp snd_soc_ti_udma snd_soc_ti_edma snd_soc_ti_sdma snd_soc_core snd_pcm_dmaengine snd_pcm omap_mailbox snd_timer musb_dsps tda998x snd musb_hdrc cec soundcore udc_core drm_kms_helper usbcore drm omap_wdt watchdog wkup_m3_ipc drm_panel_orientation_quirks tps65218_pwrbutton phy_am335x phy_am335x_control phy_generic at24 wkup_m3_rproc usb_common cppi41 rtc_omap leds_gpio cpufreq_dt led_class autofs4
[   25.602698] CPU: 0 UID: 107 PID: 320 Comm: avahi-daemon Not tainted 6.16.0-next-20250806 #1 NONE 
[   25.602719] Hardware name: Generic AM33XX (Flattened Device Tree)
[   25.602728] Call trace: 
[   25.602744]  unwind_backtrace from show_stack+0x10/0x14
[   25.602782]  show_stack from dump_stack_lvl+0x50/0x64
[   25.602808]  dump_stack_lvl from __warn+0x74/0x12c
[   25.602825]  __warn from warn_slowpath_fmt+0x19c/0x1b0
[   25.602838]  warn_slowpath_fmt from vlan_for_each+0x114/0x134
[   25.602861]  vlan_for_each from cpsw_add_mc_addr+0x40/0xa4
[   25.602890]  cpsw_add_mc_addr from __hw_addr_ref_sync_dev+0x108/0x140
[   25.602922]  __hw_addr_ref_sync_dev from __dev_mc_add+0x7c/0x80
[   25.602945]  __dev_mc_add from igmp6_group_added+0xc8/0xe0
[   25.602974]  igmp6_group_added from __ipv6_dev_mc_inc+0x218/0x364
[   25.602993]  __ipv6_dev_mc_inc from __ipv6_sock_mc_join+0x11c/0x214
[   25.603011]  __ipv6_sock_mc_join from do_ipv6_setsockopt+0x1214/0x1310
[   25.603045]  do_ipv6_setsockopt from ipv6_setsockopt+0x60/0xcc
[   25.603068]  ipv6_setsockopt from udpv6_setsockopt+0x2c/0x6c
[   25.603087]  udpv6_setsockopt from sock_common_setsockopt+0x30/0x40
[   25.603117]  sock_common_setsockopt from do_sock_setsockopt+0x50/0x9c
[   25.603139]  do_sock_setsockopt from __sys_setsockopt+0x70/0xbc
[   25.603160]  __sys_setsockopt from ret_fast_syscall+0x0/0x58
[   25.603178] Exception stack(0xe02f1fa8 to 0xe02f1ff0)
[   25.603192] 1fa0:                   00000014 b6f56ce8 0000000d 00000029 00000014 bed729ec
[   25.603204] 1fc0: 00000014 b6f56ce8 00000014 00000126 0000000d b6effff4 0045e988 00446558
[   25.603212] 1fe0: b6f15088 bed729d8 b6ef2309 b6dc941a
[   25.603220] ---[ end trace 0000000000000000 ]---
[   26.517825] PM: Cannot get wkup_m3_ipc handle
[   26.523873] asoc-simple-card sound: using DT '/sound' for 'simple-audio-card,hp-det' GPIO lookup
[   26.523949] of_get_named_gpiod_flags: can't parse 'simple-audio-card,hp-det-gpios' property of node '/sound[0]'
[   26.523984] of_get_named_gpiod_flags: can't parse 'simple-audio-card,hp-det-gpio' property of node '/sound[0]'
[   26.524009] asoc-simple-card sound: using lookup tables for GPIO lookup
[   26.524024] asoc-simple-card sound: No GPIO consumer simple-audio-card,hp-det found
[   26.524038] asoc-simple-card sound: using DT '/sound' for 'simple-audio-card,mic-det' GPIO lookup
[   26.524063] of_get_named_gpiod_flags: can't parse 'simple-audio-card,mic-det-gpios' property of node '/sound[0]'
[   26.524088] of_get_named_gpiod_flags: can't parse 'simple-audio-card,mic-det-gpio' property of node '/sound[0]'
[   26.524108] asoc-simple-card sound: using lookup tables for GPIO lookup
[   26.524119] asoc-simple-card sound: No GPIO consumer simple-audio-card,mic-det found
[   26.627479] PM: Cannot get wkup_m3_ipc handle
[   26.633542] tda998x 0-0070: using DT '/ocp/interconnect@44c00000/segment@200000/target-module@b000/i2c@0/tda19988@70' for 'nxp,calib' GPIO lookup
[   26.633666] of_get_named_gpiod_flags: parsed 'nxp,calib-gpios' property of node '/ocp/interconnect@44c00000/segment@200000/target-module@b000/i2c@0/tda19988@70[0]' - status (0)
[   26.633747] gpio gpiochip0: Persistence not supported for GPIO 25
[   26.633763] gpio-537 (nxp,calib): no flags found for GPIO nxp,calib
[   26.644553] gpio-537 (nxp,calib): gpiod_direction_output_nonotify: tried to set a GPIO tied to an IRQ as output
[   26.772054] tda9950 0-0034: TDA9950 CEC interface, hardware version 3.3
[   26.845516] PM: Cannot get wkup_m3_ipc handle
[   28.586422] userial_init: registered 8 ttyGS* devices
[   28.888680] rndis_register: configNr = 0
[   28.970693] udc musb-hdrc.0: binding gadget driver [g_multi]
[   28.970790] configfs-gadget.g_multi gadget.0: adding 'rndis'/89c1c49a to config 'c'/ae2febfc
[   28.972189] configfs-gadget.g_multi gadget.0: HOST MAC 1c:ba:8c:a2:ed:6c
[   28.978971] configfs-gadget.g_multi gadget.0: MAC 1c:ba:8c:a2:ed:70
[   28.985426] rndis_set_param_medium: 0 0
[   28.985449] configfs-gadget.g_multi gadget.0: RNDIS: IN/ep1in OUT/ep1out NOTIFY/ep2in
[   28.985467] configfs-gadget.g_multi gadget.0: adding 'cdc_ethernet'/f6249160 to config 'c'/ae2febfc
[   28.986342] configfs-gadget.g_multi gadget.0: HOST MAC 1c:ba:8c:a2:ed:6c
[   28.993222] configfs-gadget.g_multi gadget.0: MAC 1c:ba:8c:a2:ed:6d
[   28.999557] configfs-gadget.g_multi gadget.0: CDC Ethernet: IN/ep3in OUT/ep2out NOTIFY/ep4in
[   28.999577] configfs-gadget.g_multi gadget.0: adding 'acm'/04e309c7 to config 'c'/ae2febfc
[   28.999611] configfs-gadget.g_multi gadget.0: acm ttyGS0: IN/ep5in OUT/ep3out NOTIFY/ep6in
[   29.012602] PM: Cannot get wkup_m3_ipc handle
[   30.292944] configfs-gadget.g_multi gadget.0: eth_open
[   35.277424] gs_open: ttyGS0 (7ab06d28,980d7c38)
[   35.277567] gs_close: ttyGS0 (7ab06d28,980d7c38) ...
[   35.277588] gs_close: ttyGS0 (7ab06d28,980d7c38) done!
[   35.280031] gs_open: ttyGS0 (e6472c9e,4741436d)
[   35.280155] gs_close: ttyGS0 (e6472c9e,4741436d) ...
[   35.280177] gs_close: ttyGS0 (e6472c9e,4741436d) done!
[   35.465117] gs_open: ttyGS0 (d1a29283,4253df81)
[   35.465359] gs_close: ttyGS0 (d1a29283,4253df81) ...
[   35.465385] gs_close: ttyGS0 (d1a29283,4253df81) done!
[   35.466265] gs_open: ttyGS0 (d1a29283,4253df81)
TZLLTOESVK 0
root@arm:~# echo 'LGUS''NZSTFQ'
LGUSNZSTFQ
root@arm:~# MARKER='GAME''VACWJC' run 'modprobe test_linear_ranges'
GAMEVACWJCGAMEVACWJC 0
root@arm:~# echo 'OSEX''UNNASJ'
OSEXUNNASJ
root@arm:~# MARKER='UGSC''HXOOZY' run dmesg
UGSCHXOOZY[    0.000000] Booting Linux on physical CPU 0x0
[    0.000000] Linux version 6.16.0-next-20250806 (user01@drvtest01) (arm-none-eabi-gcc (Arm GNU Toolchain 14.2.Rel1 (Build arm-14.52)) 14.2.1 20241119, GNU ld (Arm GNU Toolchain 14.2.Rel1 (Build arm-14.52)) 2.43.1.20241119) #1 SMP Wed Aug  6 07:54:22 EEST 2025
[    0.000000] CPU: ARMv7 Processor [413fc082] revision 2 (ARMv7), cr=10c5387d
[    0.000000] CPU: PIPT / VIPT nonaliasing data cache, VIPT aliasing instruction cache
[    0.000000] OF: fdt: Machine model: TI AM335x BeagleBone Black
[    0.000000] Memory policy: Data cache writeback
[    0.000000] cma: Reserved 16 MiB at 0x9e800000
[    0.000000] Zone ranges:
[    0.000000]   Normal   [mem 0x0000000080000000-0x000000009fdfffff]
[    0.000000]   HighMem  empty
[    0.000000] Movable zone start for each node
[    0.000000] Early memory node ranges
[    0.000000]   node   0: [mem 0x0000000080000000-0x000000009fdfffff]
[    0.000000] Initmem setup node 0 [mem 0x0000000080000000-0x000000009fdfffff]
[    0.000000] On node 0, zone Normal: 512 pages in unavailable ranges
[    0.000000] OF: reserved mem: Reserved memory: No reserved-memory node in the DT
[    0.000000] CPU: All CPU(s) started in SVC mode.
[    0.000000] AM335X ES2.1 (sgx neon)
[    0.000000] percpu: Embedded 17 pages/cpu s39820 r8192 d21620 u69632
[    0.000000] pcpu-alloc: s39820 r8192 d21620 u69632 alloc=17*4096
[    0.000000] pcpu-alloc: [0] 0 
[    0.000000] Kernel command line: console=ttyO0,115200n8 root=/dev/nfs rw nfsroot=192.168.255.126:/home/user01/nfs,nfsvers=3 ip=192.168.255.1:192.168.255.126::255.255.255.0:bbb1:eth0 nfsrootdebug
[    0.000000] Unknown kernel command line parameters "nfsrootdebug", will be passed to user space.
[    0.000000] printk: log buffer data + meta data: 65536 + 204800 = 270336 bytes
[    0.000000] Dentry cache hash table entries: 65536 (order: 6, 262144 bytes, linear)
[    0.000000] Inode-cache hash table entries: 32768 (order: 5, 131072 bytes, linear)
[    0.000000] Built 1 zonelists, mobility grouping on.  Total pages: 130560
[    0.000000] mem auto-init: stack:off, heap alloc:off, heap free:off
[    0.000000] SLUB: HWalign=16, Order=0-3, MinObjects=0, CPUs=1, Nodes=1
[    0.000000] rcu: Hierarchical RCU implementation.
[    0.000000] rcu: 	RCU event tracing is enabled.
[    0.000000] rcu: 	RCU restricting CPUs from NR_CPUS=2 to nr_cpu_ids=1.
[    0.000000] 	Tracing variant of Tasks RCU enabled.
[    0.000000] rcu: RCU calculated value of scheduler-enlistment delay is 10 jiffies.
[    0.000000] rcu: Adjusting geometry for rcu_fanout_leaf=16, nr_cpu_ids=1
[    0.000000] RCU Tasks Trace: Setting shift to 0 and lim to 1 rcu_task_cb_adjust=1 rcu_task_cpu_ids=1.
[    0.000000] NR_IRQS: 16, nr_irqs: 16, preallocated irqs: 16
[    0.000000] IRQ: Found an INTC at 0x(ptrval) (revision 5.0) with 128 interrupts
[    0.000000] rcu: srcu_init: Setting srcu_struct sizes based on contention.
[    0.000000] TI gptimer clocksource: always-on /ocp/interconnect@44c00000/segment@200000/target-module@31000
[    0.000002] sched_clock: 32 bits at 24MHz, resolution 41ns, wraps every 89478484971ns
[    0.000026] clocksource: dmtimer: mask: 0xffffffff max_cycles: 0xffffffff, max_idle_ns: 79635851949 ns
[    0.000525] TI gptimer clockevent: 24000000 Hz at /ocp/interconnect@48000000/segment@0/target-module@40000
[    0.002140] Console: colour dummy device 80x30
[    0.002206] WARNING: Your 'console=ttyO0' has been replaced by 'ttyS0'
[    0.002213] This ensures that you still see kernel messages. Please
[    0.002217] update your kernel commandline.
[    0.002261] Calibrating delay loop... 996.14 BogoMIPS (lpj=4980736)
[    0.090571] CPU: Testing write buffer coherency: ok
[    0.090681] CPU0: Spectre v2: using BPIALL workaround
[    0.090692] pid_max: default: 32768 minimum: 301
[    0.090849] LSM: initializing lsm=capability
[    0.091020] Mount-cache hash table entries: 1024 (order: 0, 4096 bytes, linear)
[    0.091039] Mountpoint-cache hash table entries: 1024 (order: 0, 4096 bytes, linear)
[    0.092618] CPU0: thread -1, cpu 0, socket -1, mpidr 0
[    0.092677] cacheinfo: Unable to detect cache hierarchy for CPU 0
[    0.094665] Setting up static identity map for 0x80100000 - 0x80100078
[    0.094975] rcu: Hierarchical SRCU implementation.
[    0.094987] rcu: 	Max phase no-delay instances is 1000.
[    0.096706] smp: Bringing up secondary CPUs ...
[    0.096758] smp: Brought up 1 node, 1 CPU
[    0.096769] SMP: Total of 1 processors activated (996.14 BogoMIPS).
[    0.096781] CPU: All CPU(s) started in SVC mode.
[    0.096980] Memory: 480856K/522240K available (11264K kernel code, 1218K rwdata, 2936K rodata, 1024K init, 254K bss, 23352K reserved, 16384K cma-reserved, 0K highmem)
[    0.097809] devtmpfs: initialized
[    0.114827] VFP support v0.3: implementor 41 architecture 3 part 30 variant c rev 3
[    0.115473] clocksource: jiffies: mask: 0xffffffff max_cycles: 0xffffffff, max_idle_ns: 19112604462750000 ns
[    0.115532] posixtimers hash table entries: 512 (order: 0, 4096 bytes, linear)
[    0.115560] futex hash table entries: 256 (16384 bytes on 1 NUMA nodes, total 16 KiB, linear).
[    0.116683] pinctrl core: initialized pinctrl subsystem
[    0.118835] NET: Registered PF_NETLINK/PF_ROUTE protocol family
[    0.121979] DMA: preallocated 256 KiB pool for atomic coherent allocations
[    0.122583] audit: initializing netlink subsys (disabled)
[    0.123906] thermal_sys: Registered thermal governor 'fair_share'
[    0.123920] thermal_sys: Registered thermal governor 'step_wise'
[    0.123930] thermal_sys: Registered thermal governor 'user_space'
[    0.124037] audit: type=2000 audit(0.120:1): state=initialized audit_enabled=0 res=1
[    0.124106] cpuidle: using governor menu
[    0.142009] /ocp/interconnect@44c00000/segment@200000/target-module@b000/i2c@0/tda19988@70: Fixed dependency cycle(s) with /ocp/interconnect@48000000/segment@300000/target-module@e000/lcdc@0
[    0.143140] /ocp/interconnect@48000000/segment@300000/target-module@e000/lcdc@0: Fixed dependency cycle(s) with /ocp/interconnect@44c00000/segment@200000/target-module@b000/i2c@0/tda19988@70
[    0.145349] No ATAGs?
[    0.145390] hw-breakpoint: debug architecture 0x4 unsupported.
[    0.148498] kprobes: kprobe jump-optimization is enabled. All kprobes are optimized if possible.
[    0.154236] iommu: Default domain type: Translated
[    0.154259] iommu: DMA domain TLB invalidation policy: strict mode
[    0.155814] reg-fixed-voltage fixedregulator0: using DT '/fixedregulator0' for '(default)' GPIO lookup
[    0.155870] of_get_named_gpiod_flags: can't parse 'gpios' property of node '/fixedregulator0[0]'
[    0.155899] of_get_named_gpiod_flags: can't parse 'gpio' property of node '/fixedregulator0[0]'
[    0.155917] reg-fixed-voltage fixedregulator0: using lookup tables for GPIO lookup
[    0.155927] reg-fixed-voltage fixedregulator0: No GPIO consumer (default) found
[    0.161374] SCSI subsystem initialized
[    0.161858] libata version 3.00 loaded.
[    0.162240] pps_core: LinuxPPS API ver. 1 registered
[    0.162250] pps_core: Software ver. 5.3.6 - Copyright 2005-2007 Rodolfo Giometti <giometti@linux.it>
[    0.162276] PTP clock support registered
[    0.171486] vgaarb: loaded
[    0.171861] clocksource: Switched to clocksource dmtimer
[    0.172544] VFS: Disk quotas dquot_6.6.0
[    0.172601] VFS: Dquot-cache hash table entries: 1024 (order 0, 4096 bytes)
[    0.197830] NET: Registered PF_INET protocol family
[    0.198173] IP idents hash table entries: 8192 (order: 4, 65536 bytes, linear)
[    0.199591] tcp_listen_portaddr_hash hash table entries: 512 (order: 0, 4096 bytes, linear)
[    0.199629] Table-perturb hash table entries: 65536 (order: 6, 262144 bytes, linear)
[    0.199648] TCP established hash table entries: 4096 (order: 2, 16384 bytes, linear)
[    0.199694] TCP bind hash table entries: 4096 (order: 4, 65536 bytes, linear)
[    0.199794] TCP: Hash tables configured (established 4096 bind 4096)
[    0.199916] UDP hash table entries: 256 (order: 1, 14336 bytes, linear)
[    0.199950] UDP-Lite hash table entries: 256 (order: 1, 14336 bytes, linear)
[    0.200147] NET: Registered PF_UNIX/PF_LOCAL protocol family
[    0.201413] RPC: Registered named UNIX socket transport module.
[    0.201433] RPC: Registered udp transport module.
[    0.201439] RPC: Registered tcp transport module.
[    0.201444] RPC: Registered tcp-with-tls transport module.
[    0.201449] RPC: Registered tcp NFSv4.1 backchannel transport module.
[    0.201472] PCI: CLS 0 bytes, default 64
[    0.202999] Initialise system trusted keyrings
[    0.212494] workingset: timestamp_bits=14 max_order=17 bucket_order=3
[    0.213882] NFS: Registering the id_resolver key type
[    0.213969] Key type id_resolver registered
[    0.213976] Key type id_legacy registered
[    0.214081] jffs2: version 2.2. (NAND) (SUMMARY)  Â© 2001-2006 Red Hat, Inc.
[    0.214533] Key type asymmetric registered
[    0.214549] Asymmetric key parser 'x509' registered
[    0.214621] io scheduler mq-deadline registered
[    0.214632] io scheduler kyber registered
[    0.214708] io scheduler bfq registered
[    0.216589] target-module@4b000000:target-module@140000:pmu@0:fck: device ID is greater than 24
[    0.222781] l3-aon-clkctrl:0000:0: failed to disable
[    0.231927] ledtrig-cpu: registered to indicate activity on CPUs
[    0.235686] Serial: 8250/16550 driver, 6 ports, IRQ sharing enabled
[    0.281336] brd: module loaded
[    0.289952] loop: module loaded
[    0.290876] mtdoops: mtd device (mtddev=name/number) must be supplied
[    0.292709] mdio_bus fixed-0: using lookup tables for GPIO lookup
[    0.292736] mdio_bus fixed-0: No GPIO consumer reset found
[    0.294145] i2c_dev: i2c /dev entries driver
[    0.295144] cpuidle: enable-method property 'ti,am3352' found operations
[    0.295586] sdhci: Secure Digital Host Controller Interface driver
[    0.295596] sdhci: Copyright(c) Pierre Ossman
[    0.295769] sdhci-pltfm: SDHCI platform and OF driver helper
[    0.302366] hw perfevents: enabled with armv7_cortex_a8 PMU driver, 5 (8000000f) counters available
[    0.302898] Initializing XFRM netlink socket
[    0.303087] NET: Registered PF_INET6 protocol family
[    0.308758] l3-aon-clkctrl:0000:0: failed to disable
[    0.310127] Segment Routing with IPv6
[    0.310211] In-situ OAM (IOAM) with IPv6
[    0.310306] sit: IPv6, IPv4 and MPLS over IPv4 tunneling driver
[    0.311259] NET: Registered PF_PACKET protocol family
[    0.311287] NET: Registered PF_KEY protocol family
[    0.311442] Key type dns_resolver registered
[    0.311674] ThumbEE CPU extension supported.
[    0.311693] Registering SWP/SWPB emulation handler
[    0.312425] omap_voltage_late_init: Voltage driver support not added
[    0.313141] SmartReflex Class3 initialized
[    0.344657] Loading compiled-in X.509 certificates
[    0.380963] /ocp/interconnect@44c00000/segment@200000/target-module@b000/i2c@0/tda19988@70: Fixed dependency cycle(s) with /ocp/interconnect@48000000/segment@300000/target-module@e000/lcdc@0
[    0.387557] /ocp/interconnect@44c00000/segment@200000/target-module@b000/i2c@0/tda19988@70: Fixed dependency cycle(s) with /ocp/interconnect@48000000/segment@300000/target-module@e000/lcdc@0
[    0.393286] gpiochip_find_base_unlocked: found new base at 512
[    0.419784] /ocp/interconnect@44c00000/segment@200000/target-module@b000/i2c@0/tda19988@70: Fixed dependency cycle(s) with /ocp/interconnect@48000000/segment@300000/target-module@e000/lcdc@0
[    0.420665] /ocp/interconnect@44c00000/segment@200000/target-module@b000/i2c@0/tda19988@70: Fixed dependency cycle(s) with /ocp/interconnect@48000000/segment@300000/target-module@e000/lcdc@0
[    0.424487] /ocp/interconnect@44c00000/segment@200000/target-module@10000/scm@0/pinmux@800: Fixed dependency cycle(s) with /ocp/interconnect@44c00000/segment@200000/target-module@10000/scm@0/pinmux@800/clkout2-pins
[    0.425084] pinctrl-single 44e10800.pinmux: 142 pins, size 568
[    0.430415] ti-sysc 44e31000.target-module: probe with driver ti-sysc failed with error -16
[    0.447505] /ocp/interconnect@48000000/segment@300000/target-module@e000/lcdc@0: Fixed dependency cycle(s) with /ocp/interconnect@44c00000/segment@200000/target-module@b000/i2c@0/tda19988@70
[    0.455957] ti-sysc 48040000.target-module: probe with driver ti-sysc failed with error -16
[    0.467685] gpiochip_find_base_unlocked: found new base at 512
[    0.467787] gpio gpiochip0: (gpio-0-31): created GPIO range 0->7 ==> 44e10800.pinmux PIN 0->7
[    0.467806] gpio gpiochip0: (gpio-0-31): created GPIO range 8->11 ==> 44e10800.pinmux PIN 90->93
[    0.467823] gpio gpiochip0: (gpio-0-31): created GPIO range 12->27 ==> 44e10800.pinmux PIN 12->27
[    0.467838] gpio gpiochip0: (gpio-0-31): created GPIO range 28->31 ==> 44e10800.pinmux PIN 30->33
[    0.500067] gpio gpiochip0: (gpio-0-31): added GPIO chardev (254:0)
[    0.500292] gpio gpiochip0: registered GPIOs 512 to 543 on gpio-0-31
[    0.500377] OMAP GPIO hardware version 0.1
[    0.523628] i2c i2c-2: using DT '/ocp/interconnect@48000000/segment@100000/target-module@9c000/i2c@0' for 'scl' GPIO lookup
[    0.523709] of_get_named_gpiod_flags: can't parse 'scl-gpios' property of node '/ocp/interconnect@48000000/segment@100000/target-module@9c000/i2c@0[0]'
[    0.523754] of_get_named_gpiod_flags: can't parse 'scl-gpio' property of node '/ocp/interconnect@48000000/segment@100000/target-module@9c000/i2c@0[0]'
[    0.523792] i2c i2c-2: using lookup tables for GPIO lookup
[    0.523802] i2c i2c-2: No GPIO consumer scl found
[    0.523823] i2c i2c-2: using DT '/ocp/interconnect@48000000/segment@100000/target-module@9c000/i2c@0' for 'sda' GPIO lookup
[    0.523860] of_get_named_gpiod_flags: can't parse 'sda-gpios' property of node '/ocp/interconnect@48000000/segment@100000/target-module@9c000/i2c@0[0]'
[    0.523898] of_get_named_gpiod_flags: can't parse 'sda-gpio' property of node '/ocp/interconnect@48000000/segment@100000/target-module@9c000/i2c@0[0]'
[    0.523930] i2c i2c-2: using lookup tables for GPIO lookup
[    0.523938] i2c i2c-2: No GPIO consumer sda found
[    0.524662] omap_i2c 4819c000.i2c: bus 2 rev0.11 at 100 kHz
[    0.530283] gpiochip_find_base_unlocked: found new base at 544
[    0.530384] gpio gpiochip1: (gpio-32-63): created GPIO range 0->17 ==> 44e10800.pinmux PIN 34->51
[    0.530404] gpio gpiochip1: (gpio-32-63): created GPIO range 18->21 ==> 44e10800.pinmux PIN 77->80
[    0.530420] gpio gpiochip1: (gpio-32-63): created GPIO range 22->31 ==> 44e10800.pinmux PIN 56->65
[    0.544031] gpio gpiochip1: (gpio-32-63): added GPIO chardev (254:1)
[    0.544264] gpio gpiochip1: registered GPIOs 544 to 575 on gpio-32-63
[    0.546578] gpiochip_find_base_unlocked: found new base at 576
[    0.546676] gpio gpiochip2: (gpio-64-95): created GPIO range 0->4 ==> 44e10800.pinmux PIN 66->70
[    0.546705] gpio gpiochip2: (gpio-64-95): created GPIO range 5->6 ==> 44e10800.pinmux PIN 98->99
[    0.546721] gpio gpiochip2: (gpio-64-95): created GPIO range 7->8 ==> 44e10800.pinmux PIN 75->76
[    0.546736] gpio gpiochip2: (gpio-64-95): created GPIO range 13->13 ==> 44e10800.pinmux PIN 141->141
[    0.546752] gpio gpiochip2: (gpio-64-95): created GPIO range 14->21 ==> 44e10800.pinmux PIN 100->107
[    0.547393] gpio gpiochip2: (gpio-64-95): added GPIO chardev (254:2)
[    0.547603] gpio gpiochip2: registered GPIOs 576 to 607 on gpio-64-95
[    0.553573] 48000000.interconnect:segment@200000:target-module@0:mpu@0:fck: device ID is greater than 24
[    0.554504] /ocp/interconnect@48000000/segment@300000/target-module@e000/lcdc@0: Fixed dependency cycle(s) with /ocp/interconnect@44c00000/segment@200000/target-module@b000/i2c@0/tda19988@70
[    0.557357] /ocp/interconnect@48000000/segment@300000/target-module@e000/lcdc@0: Fixed dependency cycle(s) with /ocp/interconnect@44c00000/segment@200000/target-module@b000/i2c@0/tda19988@70
[    0.558068] /ocp/interconnect@44c00000/segment@200000/target-module@b000/i2c@0/tda19988@70: Fixed dependency cycle(s) with /ocp/interconnect@48000000/segment@300000/target-module@e000/lcdc@0
[    0.558232] /ocp/interconnect@48000000/segment@300000/target-module@e000/lcdc@0: Fixed dependency cycle(s) with /ocp/interconnect@44c00000/segment@200000/target-module@b000/i2c@0/tda19988@70
[    0.568038] mdio_bus 4a101000.mdio: using DT '/ocp/interconnect@4a000000/segment@0/target-module@100000/switch@0/mdio@1000' for 'reset' GPIO lookup
[    0.568112] of_get_named_gpiod_flags: can't parse 'reset-gpios' property of node '/ocp/interconnect@4a000000/segment@0/target-module@100000/switch@0/mdio@1000[0]'
[    0.568159] of_get_named_gpiod_flags: can't parse 'reset-gpio' property of node '/ocp/interconnect@4a000000/segment@0/target-module@100000/switch@0/mdio@1000[0]'
[    0.568207] mdio_bus 4a101000.mdio: using lookup tables for GPIO lookup
[    0.568218] mdio_bus 4a101000.mdio: No GPIO consumer reset found
[    0.569463] sdhci-omap 481d8000.mmc: using DT '/ocp/interconnect@48000000/segment@100000/target-module@d8000/mmc@0' for 'wp' GPIO lookup
[    0.569530] of_get_named_gpiod_flags: can't parse 'wp-gpios' property of node '/ocp/interconnect@48000000/segment@100000/target-module@d8000/mmc@0[0]'
[    0.569572] of_get_named_gpiod_flags: can't parse 'wp-gpio' property of node '/ocp/interconnect@48000000/segment@100000/target-module@d8000/mmc@0[0]'
[    0.569607] sdhci-omap 481d8000.mmc: using lookup tables for GPIO lookup
[    0.569616] sdhci-omap 481d8000.mmc: No GPIO consumer wp found
[    0.569815] sdhci-omap 481d8000.mmc: supply pbias not found, using dummy regulator
[    0.570315] sdhci-omap 481d8000.mmc: supply vqmmc not found, using dummy regulator
[    0.624670] davinci_mdio 4a101000.mdio: davinci mdio revision 1.6, bus freq 1000000
[    0.642815] mdio_bus 4a101000.mdio:00: using DT '/ocp/interconnect@4a000000/segment@0/target-module@100000/switch@0/mdio@1000/ethernet-phy@0' for 'reset' GPIO lookup
[    0.642917] of_get_named_gpiod_flags: parsed 'reset-gpios' property of node '/ocp/interconnect@4a000000/segment@0/target-module@100000/switch@0/mdio@1000/ethernet-phy@0[0]' - status (0)
[    0.643080] gpio gpiochip0: Persistence not supported for GPIO 8
[    0.778099] davinci_mdio 4a101000.mdio: phy[0]: device 4a101000.mdio:00, driver SMSC LAN8710/LAN8720
[    0.778897] cpsw-switch 4a100000.switch: initialized cpsw ale version 1.4
[    0.778919] cpsw-switch 4a100000.switch: ALE Table size 1024, Policers 0
[    0.779061] cpsw-switch 4a100000.switch: cpts: overflow check period 500 (jiffies)
[    0.779079] cpsw-switch 4a100000.switch: CPTS: ref_clk_freq:250000000 calc_mult:2147483648 calc_shift:29 error:0 nsec/sec
[    0.779187] cpsw-switch 4a100000.switch: Detected MACID = 6c:ec:eb:68:de:78
[    0.781023] cpsw-switch 4a100000.switch: initialized (regs 0x4a100000, pool size 256) hw_ver:0019010C 1.12 (0)
[    0.792355] debugfs: '49000000.dma' already exists in 'dmaengine'
[    0.792398] edma 49000000.dma: TI EDMA DMA engine driver
[    0.824316] gpio-clk clk_mcasp0: using DT '/clk_mcasp0' for 'enable' GPIO lookup
[    0.824395] of_get_named_gpiod_flags: parsed 'enable-gpios' property of node '/clk_mcasp0[0]' - status (0)
[    0.824441] gpio gpiochip0: Persistence not supported for GPIO 27
[    0.825311] gpiochip_find_base_unlocked: found new base at 608
[    0.825422] gpio gpiochip3: (gpio-96-127): created GPIO range 0->7 ==> 44e10800.pinmux PIN 82->89
[    0.825443] gpio gpiochip3: (gpio-96-127): created GPIO range 8->11 ==> 44e10800.pinmux PIN 52->55
[    0.825459] gpio gpiochip3: (gpio-96-127): created GPIO range 12->15 ==> 44e10800.pinmux PIN 94->97
[    0.825475] gpio gpiochip3: (gpio-96-127): created GPIO range 16->17 ==> 44e10800.pinmux PIN 71->72
[    0.825490] gpio gpiochip3: (gpio-96-127): created GPIO range 18->18 ==> 44e10800.pinmux PIN 135->135
[    0.825506] gpio gpiochip3: (gpio-96-127): created GPIO range 19->20 ==> 44e10800.pinmux PIN 108->109
[    0.825522] gpio gpiochip3: (gpio-96-127): created GPIO range 21->21 ==> 44e10800.pinmux PIN 73->73
[    0.825539] gpio gpiochip3: (gpio-96-127): created GPIO range 22->23 ==> 44e10800.pinmux PIN 8->9
[    0.825557] gpio gpiochip3: (gpio-96-127): created GPIO range 26->27 ==> 44e10800.pinmux PIN 10->11
[    0.825574] gpio gpiochip3: (gpio-96-127): created GPIO range 28->28 ==> 44e10800.pinmux PIN 74->74
[    0.825592] gpio gpiochip3: (gpio-96-127): created GPIO range 29->29 ==> 44e10800.pinmux PIN 81->81
[    0.825612] gpio gpiochip3: (gpio-96-127): created GPIO range 30->31 ==> 44e10800.pinmux PIN 28->29
[    0.844492] gpio gpiochip3: (gpio-96-127): added GPIO chardev (254:3)
[    0.844728] gpio gpiochip3: registered GPIOs 608 to 639 on gpio-96-127
[    0.846603] omap8250 44e09000.serial: using DT '/ocp/interconnect@44c00000/segment@200000/target-module@9000/serial@0' for 'rs485-term' GPIO lookup
[    0.846673] of_get_named_gpiod_flags: can't parse 'rs485-term-gpios' property of node '/ocp/interconnect@44c00000/segment@200000/target-module@9000/serial@0[0]'
[    0.846717] of_get_named_gpiod_flags: can't parse 'rs485-term-gpio' property of node '/ocp/interconnect@44c00000/segment@200000/target-module@9000/serial@0[0]'
[    0.846754] omap8250 44e09000.serial: using lookup tables for GPIO lookup
[    0.846765] omap8250 44e09000.serial: No GPIO consumer rs485-term found
[    0.846776] omap8250 44e09000.serial: using DT '/ocp/interconnect@44c00000/segment@200000/target-module@9000/serial@0' for 'rs485-rx-during-tx' GPIO lookup
[    0.846812] of_get_named_gpiod_flags: can't parse 'rs485-rx-during-tx-gpios' property of node '/ocp/interconnect@44c00000/segment@200000/target-module@9000/serial@0[0]'
[    0.846850] of_get_named_gpiod_flags: can't parse 'rs485-rx-during-tx-gpio' property of node '/ocp/interconnect@44c00000/segment@200000/target-module@9000/serial@0[0]'
