Labgrid Console Logfile for main
Logfile started at 2025-08-28 18:53:06.044416
=== Log starts here ===
reading args
spl_load_image_fat_os: error reading image args, err - -1
reading u-boot.img
reading u-boot.img


U-Boot 2014.04-00014-g47880f5 (Apr 22 2014 - 13:23:54)

I2C:   ready
DRAM:  512 MiB
NAND:  0 MiB
MMC:   OMAP SD/MMC: 0, OMAP SD/MMC: 1
*** Warning - readenv() failed, using default environment

Net:   <ethaddr> not set. Validating first E-fuse MAC
cpsw, usb_ether
Hit any key to stop autoboot:  1  0 
gpio: pin 53 (gpio 53) value is 1
mmc0 is current device
gpio: pin 54 (gpio 54) value is 1
SD/MMC found on device 0
reading uEnv.txt
569 bytes read in 4 ms (138.7 KiB/s)
gpio: pin 55 (gpio 55) value is 1
Loaded environment from uEnv.txt
Importing environment from mmc ...
Checking if uenvcmd is set ...
gpio: pin 56 (gpio 56) value is 1
Running uenvcmd ...
cpsw Waiting for PHY auto negotiation to complete. done
link up on port 0, speed 100, full duplex
Using cpsw device
TFTP from server 192.168.255.126; our IP address is 192.168.255.1
Filename 'zImage'.
Load address: 0x81000000
Loading: *#################################################################
	 #################################################################
	 #################################################################
	 #################################################################
	 #################################################################
	 #############################
	 2.4 MiB/s
done
Bytes transferred = 5185960 (4f21a8 hex)
link up on port 0, speed 100, full duplex
Using cpsw device
TFTP from server 192.168.255.126; our IP address is 192.168.255.1
Filename 'am335x-boneblack.dtb'.
Load address: 0x82000000
Loading: *#######
	 2.4 MiB/s
done
Bytes transferred = 97756 (17ddc hex)
Kernel image @ 0x81000000 [ 0x000000 - 0x4f21a8 ]
## Flattened Device Tree blob at 82000000
   Booting using the fdt blob at 0x82000000
   Using Device Tree in place at 82000000, end 8201addb

Starting kernel ...

[    0.000000] Booting Linux on physical CPU 0x0
[    0.000000] Linux version 6.1.149 (user01@drvtest01) (arm-none-eabi-gcc (Arm GNU Toolchain 14.2.Rel1 (Build arm-14.52)) 14.2.1 20241119, GNU ld (Arm GNU Toolchain 14.2.Rel1 (Build arm-14.52)) 2.43.1.20241119) #1 SMP Thu Aug 28 18:50:06 EEST 2025
[    0.000000] CPU: ARMv7 Processor [413fc082] revision 2 (ARMv7), cr=10c5387d
[    0.000000] CPU: PIPT / VIPT nonaliasing data cache, VIPT aliasing instruction cache
[    0.000000] OF: fdt: Machine model: TI AM335x BeagleBone Black
[    0.000000] Memory policy: Data cache writeback
[    0.000000] cma: Reserved 16 MiB at 0x9ec00000
[    0.000000] Zone ranges:
[    0.000000]   Normal   [mem 0x0000000080000000-0x000000009fdfffff]
[    0.000000]   HighMem  empty
[    0.000000] Movable zone start for each node
[    0.000000] Early memory node ranges
[    0.000000]   node   0: [mem 0x0000000080000000-0x000000009fdfffff]
[    0.000000] Initmem setup node 0 [mem 0x0000000080000000-0x000000009fdfffff]
[    0.000000] CPU: All CPU(s) started in SVC mode.
[    0.000000] AM335X ES2.1 (sgx neon)
[    0.000000] percpu: Embedded 16 pages/cpu s34196 r8192 d23148 u65536
[    0.000000] Built 1 zonelists, mobility grouping on.  Total pages: 129412
[    0.000000] Kernel command line: console=ttyO0,115200n8 root=/dev/nfs rw nfsroot=192.168.255.126:/home/user01/nfs,nfsvers=3 ip=192.168.255.1:192.168.255.126::255.255.255.0:bbb1:eth0 nfsrootdebug
[    0.000000] Unknown kernel command line parameters "nfsrootdebug", will be passed to user space.
[    0.000000] Dentry cache hash table entries: 65536 (order: 6, 262144 bytes, linear)
[    0.000000] Inode-cache hash table entries: 32768 (order: 5, 131072 bytes, linear)
[    0.000000] mem auto-init: stack:off, heap alloc:off, heap free:off
[    0.000000] Memory: 484644K/522240K available (10240K kernel code, 1145K rwdata, 2604K rodata, 1024K init, 286K bss, 21212K reserved, 16384K cma-reserved, 0K highmem)
[    0.000000] SLUB: HWalign=64, Order=0-3, MinObjects=0, CPUs=1, Nodes=1
[    0.000000] trace event string verifier disabled
[    0.000000] rcu: Hierarchical RCU implementation.
[    0.000000] rcu: 	RCU event tracing is enabled.
[    0.000000] rcu: 	RCU restricting CPUs from NR_CPUS=2 to nr_cpu_ids=1.
[    0.000000] rcu: RCU calculated value of scheduler-enlistment delay is 10 jiffies.
[    0.000000] rcu: Adjusting geometry for rcu_fanout_leaf=16, nr_cpu_ids=1
[    0.000000] NR_IRQS: 16, nr_irqs: 16, preallocated irqs: 16
[    0.000000] IRQ: Found an INTC at 0x(ptrval) (revision 5.0) with 128 interrupts
[    0.000000] rcu: srcu_init: Setting srcu_struct sizes based on contention.
[    0.000000] TI gptimer clocksource: always-on /ocp/interconnect@44c00000/segment@200000/target-module@31000
[    0.000002] sched_clock: 32 bits at 24MHz, resolution 41ns, wraps every 89478484971ns
[    0.000027] clocksource: dmtimer: mask: 0xffffffff max_cycles: 0xffffffff, max_idle_ns: 79635851949 ns
[    0.000446] TI gptimer clockevent: 24000000 Hz at /ocp/interconnect@48000000/segment@0/target-module@40000
[    0.001995] Console: colour dummy device 80x30
[    0.002043] WARNING: Your 'console=ttyO0' has been replaced by 'ttyS0'
[    0.002050] This ensures that you still see kernel messages. Please
[    0.002054] update your kernel commandline.
[    0.002095] Calibrating delay loop... 996.14 BogoMIPS (lpj=4980736)
[    0.090493] CPU: Testing write buffer coherency: ok
[    0.090588] CPU0: Spectre v2: using BPIALL workaround
[    0.090600] pid_max: default: 32768 minimum: 301
[    0.090728] LSM: Security Framework initializing
[    0.090903] Mount-cache hash table entries: 1024 (order: 0, 4096 bytes, linear)
[    0.090922] Mountpoint-cache hash table entries: 1024 (order: 0, 4096 bytes, linear)
[    0.092415] CPU0: thread -1, cpu 0, socket -1, mpidr 0
[    0.093670] Setting up static identity map for 0x80100000 - 0x80100078
[    0.093902] rcu: Hierarchical SRCU implementation.
[    0.093912] rcu: 	Max phase no-delay instances is 1000.
[    0.095218] smp: Bringing up secondary CPUs ...
[    0.095235] smp: Brought up 1 node, 1 CPU
[    0.095247] SMP: Total of 1 processors activated (996.14 BogoMIPS).
[    0.095258] CPU: All CPU(s) started in SVC mode.
[    0.096158] devtmpfs: initialized
[    0.111426] VFP support v0.3: implementor 41 architecture 3 part 30 variant c rev 3
[    0.111726] clocksource: jiffies: mask: 0xffffffff max_cycles: 0xffffffff, max_idle_ns: 19112604462750000 ns
[    0.111759] futex hash table entries: 256 (order: 2, 16384 bytes, linear)
[    0.113095] pinctrl core: initialized pinctrl subsystem
[    0.114995] NET: Registered PF_NETLINK/PF_ROUTE protocol family
[    0.116996] DMA: preallocated 256 KiB pool for atomic coherent allocations
[    0.117553] audit: initializing netlink subsys (disabled)
[    0.118727] thermal_sys: Registered thermal governor 'fair_share'
[    0.118748] thermal_sys: Registered thermal governor 'step_wise'
[    0.118753] thermal_sys: Registered thermal governor 'user_space'
[    0.118877] cpuidle: using governor menu
[    0.135447] /ocp/interconnect@44c00000/segment@200000/target-module@b000/i2c@0/tda19988@70: Fixed dependency cycle(s) with /ocp/interconnect@48000000/segment@300000/target-module@e000/lcdc@0
[    0.136481] /ocp/interconnect@48000000/segment@300000/target-module@e000/lcdc@0: Fixed dependency cycle(s) with /ocp/interconnect@44c00000/segment@200000/target-module@b000/i2c@0/tda19988@70
[    0.138456] No ATAGs?
[    0.138473] hw-breakpoint: debug architecture 0x4 unsupported.
[    0.147021] audit: type=2000 audit(0.110:1): state=initialized audit_enabled=0 res=1
[    0.147311] kprobes: kprobe jump-optimization is enabled. All kprobes are optimized if possible.
[    0.164578] iommu: Default domain type: Translated 
[    0.164591] iommu: DMA domain TLB invalidation policy: strict mode 
[    0.166029] SCSI subsystem initialized
[    0.166869] pps_core: LinuxPPS API ver. 1 registered
[    0.166879] pps_core: Software ver. 5.3.6 - Copyright 2005-2007 Rodolfo Giometti <giometti@linux.it>
[    0.166910] PTP clock support registered
[    0.168343] vgaarb: loaded
[    0.180711] clocksource: Switched to clocksource dmtimer
[    0.181350] VFS: Disk quotas dquot_6.6.0
[    0.181422] VFS: Dquot-cache hash table entries: 1024 (order 0, 4096 bytes)
[    0.193125] NET: Registered PF_INET protocol family
[    0.193459] IP idents hash table entries: 8192 (order: 4, 65536 bytes, linear)
[    0.194807] tcp_listen_portaddr_hash hash table entries: 512 (order: 0, 4096 bytes, linear)
[    0.194853] Table-perturb hash table entries: 65536 (order: 6, 262144 bytes, linear)
[    0.194870] TCP established hash table entries: 4096 (order: 2, 16384 bytes, linear)
[    0.194919] TCP bind hash table entries: 4096 (order: 4, 65536 bytes, linear)
[    0.195018] TCP: Hash tables configured (established 4096 bind 4096)
[    0.195134] UDP hash table entries: 256 (order: 1, 8192 bytes, linear)
[    0.195159] UDP-Lite hash table entries: 256 (order: 1, 8192 bytes, linear)
[    0.195339] NET: Registered PF_UNIX/PF_LOCAL protocol family
[    0.196535] RPC: Registered named UNIX socket transport module.
[    0.196554] RPC: Registered udp transport module.
[    0.196559] RPC: Registered tcp transport module.
[    0.196564] RPC: Registered tcp NFSv4.1 backchannel transport module.
[    0.196581] PCI: CLS 0 bytes, default 64
[    0.198009] Initialise system trusted keyrings
[    0.209189] workingset: timestamp_bits=14 max_order=17 bucket_order=3
[    0.218091] NFS: Registering the id_resolver key type
[    0.218211] Key type id_resolver registered
[    0.218220] Key type id_legacy registered
[    0.218272] jffs2: version 2.2. (NAND) (SUMMARY)  Â© 2001-2006 Red Hat, Inc.
[    0.219243] Key type asymmetric registered
[    0.219264] Asymmetric key parser 'x509' registered
[    0.219413] io scheduler mq-deadline registered
[    0.219426] io scheduler kyber registered
[    0.219668] io scheduler bfq registered
[    0.233304] hw perfevents: enabled with armv7_cortex_a8 PMU driver, 5 counters available
[    0.241523] l3-aon-clkctrl:0000:0: failed to disable
[    0.241853] Serial: 8250/16550 driver, 6 ports, IRQ sharing enabled
[    0.291033] brd: module loaded
[    0.298310] loop: module loaded
[    0.299342] mtdoops: mtd device (mtddev=name/number) must be supplied
[    0.301790] i2c_dev: i2c /dev entries driver
[    0.302689] cpuidle: enable-method property 'ti,am3352' found operations
[    0.303115] sdhci: Secure Digital Host Controller Interface driver
[    0.303123] sdhci: Copyright(c) Pierre Ossman
[    0.303298] sdhci-pltfm: SDHCI platform and OF driver helper
[    0.303553] ledtrig-cpu: registered to indicate activity on CPUs
[    0.304288] Initializing XFRM netlink socket
[    0.304842] NET: Registered PF_INET6 protocol family
[    0.316088] Segment Routing with IPv6
[    0.316165] In-situ OAM (IOAM) with IPv6
[    0.316259] sit: IPv6, IPv4 and MPLS over IPv4 tunneling driver
[    0.317124] NET: Registered PF_PACKET protocol family
[    0.317151] NET: Registered PF_KEY protocol family
[    0.317249] Key type dns_resolver registered
[    0.317364] ThumbEE CPU extension supported.
[    0.317380] Registering SWP/SWPB emulation handler
[    0.317888] omap_voltage_late_init: Voltage driver support not added
[    0.318516] SmartReflex Class3 initialized
[    0.319673] Loading compiled-in X.509 certificates
[    0.380142] /ocp/interconnect@44c00000/segment@200000/target-module@b000/i2c@0/tda19988@70: Fixed dependency cycle(s) with /ocp/interconnect@48000000/segment@300000/target-module@e000/lcdc@0
[    0.386096] /ocp/interconnect@44c00000/segment@200000/target-module@b000/i2c@0/tda19988@70: Fixed dependency cycle(s) with /ocp/interconnect@48000000/segment@300000/target-module@e000/lcdc@0
[    0.393831] /ocp/interconnect@44c00000/segment@200000/target-module@b000/i2c@0/tda19988@70: Fixed dependency cycle(s) with /ocp/interconnect@48000000/segment@300000/target-module@e000/lcdc@0
[    0.394622] /ocp/interconnect@44c00000/segment@200000/target-module@b000/i2c@0/tda19988@70: Fixed dependency cycle(s) with /ocp/interconnect@48000000/segment@300000/target-module@e000/lcdc@0
[    0.397653] /ocp/interconnect@44c00000/segment@200000/target-module@10000/scm@0/pinmux@800: Fixed dependency cycle(s) with /ocp/interconnect@44c00000/segment@200000/target-module@10000/scm@0/pinmux@800/pinmux_clkout2_pin
[    0.398233] pinctrl-single 44e10800.pinmux: 142 pins, size 568
[    0.403097] ti-sysc: probe of 44e31000.target-module failed with error -16
[    0.451363] /ocp/interconnect@48000000/segment@300000/target-module@e000/lcdc@0: Fixed dependency cycle(s) with /ocp/interconnect@44c00000/segment@200000/target-module@b000/i2c@0/tda19988@70
[    0.458470] ti-sysc: probe of 48040000.target-module failed with error -16
[    0.469034] gpio gpiochip0: (gpio-0-31): not an immutable chip, please consider fixing it!
[    0.499406] OMAP GPIO hardware version 0.1
[    0.524957] omap_i2c 4819c000.i2c: bus 2 rev0.11 at 100 kHz
[    0.530377] gpio gpiochip1: (gpio-32-63): not an immutable chip, please consider fixing it!
[    0.546348] gpio gpiochip2: (gpio-64-95): not an immutable chip, please consider fixing it!
[    0.552895] /ocp/interconnect@48000000/segment@300000/target-module@e000/lcdc@0: Fixed dependency cycle(s) with /ocp/interconnect@44c00000/segment@200000/target-module@b000/i2c@0/tda19988@70
[    0.555463] /ocp/interconnect@48000000/segment@300000/target-module@e000/lcdc@0: Fixed dependency cycle(s) with /ocp/interconnect@44c00000/segment@200000/target-module@b000/i2c@0/tda19988@70
[    0.556097] /ocp/interconnect@44c00000/segment @200000/target-module@b000/i2c@0/tda19988@70: Fixed dependency cycle(s) with /ocp/interconnect@48000000/segment@300000/target-module@e000/lcdc@0
[    0.556253] /ocp/interconnect@48000000/segment@300000/target-module@e000/lcdc@0: Fixed dependency cycle(s) with /ocp/interconnect@44c00000/segment@200000/target-module@b000/i2c@0/tda19988@70
[    0.566384] sdhci-omap 481d8000.mmc: supply pbias not found, using dummy regulator
[    0.566817] sdhci-omap 481d8000.mmc: supply vqmmc not found, using dummy regula tor
[    0.624198] davinci_mdio 4a101000.mdio: davinci mdio revision 1.6, bus freq 1000000
[    0.795182] davinci_mdio 4a101000.mdio: phy[0]: device 4a101000.mdio:00, driver SMSC LAN8710/LAN8720
[    0.795781] cpsw-switch 4a100000.switch: initialized cpsw ale version 1.4
[    0.795800] cpsw-switch 4a100000.switch: ALE Table size 1024
[    0.809389] cpsw-switch 4a100000.switch: cpts: overflow check period 500 (jiffies)
[    0.809411] cpsw-switch 4a100000.switch: CPTS: ref_clk_freq:250000000 calc_mult:2147483648 calc_shift:29 error:0 nsec/sec
[    0.809509] cpsw-switch 4a100000.switch: Detected MACID = 6c:ec:eb:68:de:78
[    0.811175] cpsw-switch 4a100000.switch: initialized (regs 0x4a100000, pool size 256) hw_ver:0019010C 1.12 (0)
[    0.821123] debugfs: Directory '49000000.dma' with parent 'dmaengine' already present!
[    0.821163] edma 49000000.dma: TI EDMA DMA engine driver
[    0.848260] gpio gpiochip3: (gpio-96-127): not an immutable chip, please consider fixing it!
[    0.864498] 44e09000.serial: ttyS0 at MMIO 0x44e09000 (irq = 34, base_baud = 3000000) is a 8250
[    2.181059] printk: console [ttyS0] enabled
[    2.219451] tps65217-pmic: Failed to locate of_node [id: -1]
[    2.235245] tps65217-bl: Failed to locate of_node [id: -1]
[    2.243841] tps65217 0-0024: TPS65217 ID 0xe version 1.2
[    2.249884] /ocp/interconnect@48000000/segment@300000/target-module@e000/lcdc@0: Fixed dependency cycle(s) with /ocp/interconnect@44c00000/segment@200000/target-module@b000/i2c@0/tda19988@70
[    2.2
[    5.689360] cpsw-switch 4a100000.switch eth0: Link is Up - 100Mbps/Full - flow control off
[    5.697752] IPv6: ADDRCONF(NETDEV_CHANGE): eth0: link becomes ready
[    5.728651] IP-Config: Complete:
[    5.731909]      device=eth0, hwaddr=6c:ec:eb:68:de:78, ipaddr=192.168.255.1, mask=255.255.255.0, gw=255.255.255.255
[    5.742522]      host=bbb1, domain=, nis-domain=(none)
[    5.747686]      bootserver=192.168.255.126, rootserver=192.168.255.126, rootpath=
[    5.748093] clk: Disabling unused clocks
[    5.759962] KTAP version 1
[    5.762690] 1..0
[    5.786165] VFS: Mounted root (nfs filesystem) on device 0:16.
[    5.793165] devtmpfs: mounted
[    5.797508] Freeing unused kernel image (initmem) memory: 1024K
[    5.804151] Run /sbin/init as init process
[    6.472953] systemd[1]: System time before build time, advancing clock.
[    7.948646] random: crng init done
[    8.019753] systemd[1]: systemd 232 running in system mode. (+PAM +AUDIT +SELINUX +IMA +APPARMOR +SMACK +SYSVINIT +UTMP +LIBCRYPTSETUP +GCRYPT +GNUTLS +ACL +XZ +LZ4 +SECCOMP +BLKID +ELFUTILS +KMOD +IDN)
[    8.038922] systemd[1]: Detected architecture arm.

Welcome to [1mDebian GNU/Linux 9 (stretch)[0m!

[    8.081459] systemd[1]: Set hostname to <arm>.
[    9.133154] systemd[1]: Listening on udev Control Socket.
[[0;32m  OK  [0m] Listening on udev Control Socket.
[    9.169045] systemd[1]: Reached target Swap.
[[0;32m  OK  [0m] Reached target Swap.
[    9.200432] systemd[1]: Listening on /dev/initctl Compatibility Named Pipe.
[[0;32m  OK  [0m] Listening on /dev/initctl Compatibility Named Pipe.
[    9.240175] systemd[1]: Created slice User and Session Slice.
[[0;32m  OK  [0m] Created slice User and Session Slice.
[    9.279471] systemd[1]: Started Forward Password Requests to Wall Directory Watch.
[[0;32m  OK  [0m] Started Forward Password Requests to Wall Directory Watch.
[    9.320287] systemd[1]: Set up automount Arbitrary Executable File Formats File System Automount Point.
[[0;32m  OK  [0m] Set up automount Arbitrary Executabâ€¦rmats File System Automount Point.
[    9.360527] systemd[1]: Listening on Syslog Socket.
[[0;32m  OK  [0m] Listening on Syslog Socket.
[[0;32m  OK  [0m] Listening on Journal Audit Socket.
[[0;32m  OK  [0m] Listening on udev Kernel Socket.
[[0;32m  OK  [0m] Listening on Journal Socket.
[[0;32m  OK  [0m] Created slice System Slice.
         Mounting Debug File System...
[[0;32m  OK  [0m] Created slice system-serial\x2dgetty.slice.
         Starting Create list of required stâ€¦ce nodes for the current kernel...
         Mounting POSIX Message Queue File System...
         Starting Remount Root and Kernel File Systems...
[[0;32m  OK  [0m] Created slice system-getty.slice.
[[0;32m  OK  [0m] Reached target Slices.
         Starting Load Kernel Modules...
[[0;32m  OK  [0m] Listening on Journal Socket (/dev/log).
         Starting Journal Service...
[[0;32m  OK  [0m] Reached target Remote File Systems.
[[0;32m  OK  [0m] Started Dispatch Password Requests to Console Directory Watch.
[[0;32m  OK  [0m] Reached target Encrypted Volumes.
[[0;32m  OK  [0m] Reached target Paths.
[[0;32m  OK  [0m] Mounted POSIX Message Queue File System.
[[0;32m  OK  [0m] Mounted Debug File System.
[[0;32m  OK  [0m] Started Create list of required staâ€¦vice nodes for the current kernel.
[[0;32m  OK  [0m] Started Remount Root and Kernel File Systems.
         Starting udev Coldplug all Devices...
         Starting Load/Save Random Seed...
         Starting Create Static Device Nodes in /dev...
[[0;32m  OK  [0m] Started Load Kernel Modules.
         Mounting Configuration File System...
         Starting Apply Kernel Variables...
[[0;32m  OK  [0m] Started Load/Save Random Seed.
[[0;32m  OK  [0m] Mounted Configuration File System.
[[0;32m  OK  [0m] Started Apply Kernel Variables.
[[0;32m  OK  [0m] Started Create Static Device Nodes in /dev.
         Starting udev Kernel Device Manager...
[[0;32m  OK  [0m] Reached target Local File Systems (Pre).
[[0;32m  OK  [0m] Reached target Local File Systems.
         Starting Raise network interfaces...
[[0;32m  OK  [0m] Started Journal Service.
         Starting Flush Journal to Persistent Storage...
[   11.886331] systemd-journald[102]: Received request to flush runtime journal from PID 1
[[0;32m  OK  [0m] Started udev Kernel Device Manager.
[[0;32m  OK  [0m] Started Flush Journal to Persistent Storage.
         Starting Create Volatile Files and Directories...
[[0;32m  OK  [0m] Started Create Volatile Files and Directories.
         Starting Network Time Synchronization...
         Starting Update UTMP about System Boot/Shutdown...
[[0;32m  OK  [0m] Started Update UTMP about System Boot/Shutdown.
[[0;32m  OK  [0m] Started Network Time Synchronization.
[[0;32m  OK  [0m] Reached target System Time Synchronized.
[[0;32m  OK  [0m] Started udev Coldplug all Devices.
[[0;32m  OK  [0m] Reached target System Initialization.
[[0;32m  OK  [0m] Listening on D-Bus System Message Bus Socket.
[[0;32m  OK  [0m] Started Daily Cleanup of Temporary Directories.
[   14.717891] remoteproc remoteproc0: wkup_m3 is available
[[0;32m  OK  [0m] Listening on Avahi mDNS/DNS-SD Stack Activation Socket.
[[0;32m  OK  [0m] Reached target Sockets.
[[0;32m  OK  [0m] Reached target Basic System.
         Starting Cape Manager Service...
         Starting DUN service...
[   15.039440] at24 2-0054: supply vcc not found, using dummy regulator
         Starting LSB: Load kernel modules needed to enable cpufreq scaling...
[   15.198046] at24 2-0055: supply vcc not found, using dummy regulator
[[0;32m  OK  [0m] Started D-Bus System Message Bus.[   15.346933] at24 2-0056: supply vcc not found, using dummy regulator

[   15.450569] at24 2-0057: supply vcc not found, using dummy regulator
[   15.540819] at24 0-0050: 32768 byte 24c256 EEPROM, writable, 1 bytes/write
[   15.861191] tps6521x_pwrbutton tps65217-pwrbutton: DMA mask not set
[   15.883016] omap_rtc 44e3e000.rtc: registered as rtc0
[   15.888186] omap_rtc 44e3e000.rtc: setting system clock to 2000-01-01T00:00:00 UTC (946684800)
[   15.904383] wkup_m3_ipc 44e11324.wkup_m3_ipc: IPC Request for A8->M3 Channel failed! -517
[   15.936580] wkup_m3_ipc 44e11324.wkup_m3_ipc: IPC Request for A8->M3 Channel failed! -517
[   15.954545] input: tps65217_pwrbutton as /devices/platform/ocp/44c00000.interconnect/44c00000.interconnect:segment@200000/44e0b000.target-module/44e0b000.i2c/i2c-0/0-0024/tps65217-pwrbutton/input/input0
[   16.076480] wkup_m3_ipc 44e11324.wkup_m3_ipc: IPC Request for A8->M3 Channel failed! -517
[   16.130826] omap_wdt: OMAP Watchdog Timer Rev 0x01: initial timeout 60 sec
[   16.222680] wkup_m3_ipc 44e11324.wkup_m3_ipc: IPC Request for A8->M3 Channel failed! -517
[   16.339365] am335x-phy-driver 47401300.usb-phy: supply vcc not found, using dummy regulator
[   16.348406] am335x-phy-driver 47401300.usb-phy: dummy supplies not allowed for exclusive requests
[   16.574762] am335x-phy-driver 47401b00.usb-phy: supply vcc not found, using dummy regulator
[   16.583764] am335x-phy-driver 47401b00.usb-phy: dummy supplies not allowed for exclusive requests
[   16.593735] wkup_m3_ipc 44e11324.wkup_m3_ipc: IPC Request for A8->M3 Channel failed! -517
[   16.890177] wkup_m3_ipc 44e11324.wkup_m3_ipc: IPC Request for A8->M3 Channel failed! -517
[   16.976979] usbcore: registered new interface driver usbfs
[   16.982831] usbcore: registered new interface driver hub
[   16.988267] usbcore: registered new device driver usb
[   17.764040] tda998x 0-0070: found TDA19988
[   17.799628] wkup_m3_ipc 44e11324.wkup_m3_ipc: IPC Request for A8->M3 Channel failed! -517
[   17.830651] wkup_m3_ipc 44e11324.wkup_m3_ipc: IPC Request for A8->M3 Channel failed! -517
[   17.899305] musb-hdrc musb-hdrc.1: MUSB HDRC host driver
[   17.904715] musb-hdrc musb-hdrc.1: new USB bus registered, assigned bus number 1
[   17.921113] omap-mailbox 480c8000.mailbox: omap mailbox rev 0x400
[   18.049659] remoteproc remoteproc0: powering up wkup_m3
[   18.159577] remoteproc remoteproc0: Direct firmware load for am335x-pm-firmware.elf failed with error -2
[   18.169360] remoteproc remoteproc0: request_firmware failed: -2
[   18.175321] wkup_m3_ipc 44e11324.wkup_m3_ipc: rproc_boot failed
[   18.249397] usb usb1: New USB device found, idVendor=1d6b, idProduct=0002, bcdDevice= 6.01
[   18.257775] usb usb1: New USB device strings: Mfr=3, Product=2, SerialNumber=1
[   18.265118] usb usb1: Product: MUSB HDRC host driver
[   18.270167] usb usb1: Manufacturer: Linux 6.1.149 musb-hcd
[   18.275681] usb usb1: SerialNumber: musb-hdrc.1
[   18.680522] hub 1-0:1.0: USB hub found
[   18.739046] hub 1-0:1.0: 1 port detected
[[0;32m  OK  [0m] Started DUN service.
         Starting Connection service...
         Starting Telephony service...
         Starting System Logging Service...
[   19.846115] omap_rng 48310000.rng: Random Number Generator ver. 20
[   19.854345] tilcdc 4830e000.lcdc: bound 0-0070 (ops tda998x_audio_codec_init [tda998x])
         Starting Avahi mDNS/DNS-SD Stack...
[   20.064016] [drm] Initialized tilcdc 1.0.0 20121205 for 4830e000.lcdc on minor 0
[[0;32m  OK  [0m] Started Regular background program processing daemon.
[   20.210460] tilcdc 4830e000.lcdc: [drm] Cannot find any crtc or sizes
[   20.222900] tilcdc 4830e000.lcdc: [drm] Cannot find any crtc or sizes
         Starting Generic Board Startup...
         Starting Login Service...
         Starting LSB: Start busybox udhcpd at boot time...
[[0;32m  OK  [0m] Started Daily apt download activities.
[[0;32m  OK  [0m] Started Daily apt upgrade and clean activities.
[[0;32m  OK  [0m] Reached target Timers.
[[0;32m  OK  [0m] Started Cape Manager Service.
[   21.358487] PM: Cannot get wkup_m3_ipc handle
[   21.591455] omap-sham 53100000.sham: hw accel on OMAP rev 4.3
[   21.692212] omap-sham 53100000.sham: will run requests pump with realtime priority
[   21.953140] PM: Cannot get wkup_m3_ipc handle
[[0;32m  OK  [0m] Found device /dev/ttyS0.
[[0;32m  OK  [0m] Started System Logging Service.
[   22.045227] omap-aes 53500000.aes: OMAP AES hw accel rev: 3.2
[   22.186899] omap-aes 53500000.aes: will run requests pump with realtime priority
[   22.456922] PM: Cannot get wkup_m3_ipc handle
[   23.119691] Bluetooth: Core ver 2.22
[   23.123522] NET: Registered PF_BLUETOOTH protocol family
[   23.129052] Bluetooth: HCI device and connection manager initialized
[   23.135470] Bluetooth: HCI socket layer initialized
[   23.140426] Bluetooth: L2CAP socket layer initialized
[   23.145534] Bluetooth: SCO socket layer initialized
[   25.071367] PM: Cannot get wkup_m3_ipc handle
[   25.196046] PM: Cannot get wkup_m3_ipc handle
[[0;32m  OK  [0m] Started Raise network interfaces.
[[0;32m  OK  [0m] Started LSB: Start busybox udhcpd at boot time.
[[0;32m  OK  [0m] Started LSB: Load kernel modules needed to enable cpufreq scaling.
[   28.005725] using random self ethernet address
[   28.010398] using random host ethernet address
[   28.231460] using random self ethernet address
[   28.235973] using random host ethernet address
[[0;32m  OK  [0m] Started Telephony service.
[   28.670561] usb0: HOST MAC 1c:ba:8c:a2:ed:6c
[   28.674885] usb0: MAC 1c:ba:8c:a2:ed:70
[   28.679773] usb1: HOST MAC 1c:ba:8c:a2:ed:6c
[   28.684082] usb1: MAC 1c:ba:8c:a2:ed:6d
[   28.709169] PM: Cannot get wkup_m3_ipc handle
[[0;32m  OK  [0m] Started Avahi mDNS/DNS-SD Stack.
[[0;32m  OK  [0m] Started Connection service.
[[0;32m  OK  [0m] Started Login Service.
         Starting Hostname Service...
         Starting WPA supplicant...
[[0;32m  OK  [0m] Reached target Sound Card.
         Starting LSB: set CPUFreq kernel parameters...
[[0;32m  OK  [0m] Started WPA supplicant.
[[0;32m  OK  [0m] Reached target Network.
         Starting The Apache HTTP Server...
         Starting OpenBSD Secure Shell server...
[[0;32m  OK  [0m] Reached target Network is Online.
         Starting LSB: Advanced IEEE 802.11 management daemon...
         Starting Permit User Sessions...
[[0;32m  OK  [0m] Started LSB: Advanced IEEE 802.11 management daemon.
[[0;32m  OK  [0m] Started Hostname Service.
[[0;32m  OK  [0m] Started Permit User Sessions.
[[0;32m  OK  [0m] Started Serial Getty on ttyS0.
[[0;32m  OK  [0m] Started Getty on tty1.
[[0;32m  OK  [0m] Reached target Login Prompts.
[[0;32m  OK  [0m] Started LSB: set CPUFreq kernel parameters.
[[0;32m  OK  [0m] Started OpenBSD Secure Shell server.
         Stopping LSB: Start busybox udhcpd at boot time...
[[0;32m  OK  [0m] Stopped LSB: Start busybox udhcpd at boot time.
[[0;32m  OK  [0m] Started The Apache HTTP Server.
         Starting dnsmasq - A lightweight DHCP and caching DNS server...
[[0;32m  OK  [0m] Started dnsmasq - A lightweight DHCP and caching DNS server.
[[0;32m  OK  [0m] Reached target Host and Network Name Lookups.
[[0;32m  OK  [0m] Started Serial Getty on ttyGS0.
[[0;32m  OK  [0m] Started Generic Board Startup.
[[0;32m  OK  [0m] Reached target Multi-User System.
[[0;32m  OK  [0m] Reached target Graphical Interface.
         Starting Update UTMP about System Runlevel Changes...
[[0;32m  OK  [0m] Started Update UTMP about System Runlevel Changes.

Debian GNU/Linux 9 arm ttyS0

default username:password is [debian:temppwd]

arm login: roo[
Password: 
Last login: Sat Jan  1 00:00:28 UTC 2000 on ttyS0
root
Linux arm 6.1.149 #1 SMP Thu Aug 28 18:50:06 EEST 2025 armv7l

The programs included with the Debian GNU/Linux system are free software;
the exact distribution terms for each program are described in the
individual files in /usr/share/doc/*/copyright.

Debian GNU/Linux comes with ABSOLUTELY NO WARRANTY, to the extent
permitted by applicable law.
root@arm:~# root
-bash: root: command not found
root@arm:~# dmesg -n 1
root@arm:~# echo 'YMXQ''SUHWOO'
YMXQSUHWOO
root@arm:~# run() { echo -n "$MARKER"; sh -c "$@"; echo "$MARKER $?"; }
root@arm:~# echo 'KMPW''NUASPT'
KMPWNUASPT
root@arm:~# MARKER='GZSN''XANYFJ' run 'cat /proc/version'
GZSNXANYFJLinux version 6.1.149 (user01@drvtest01) (arm-none-eabi-gcc (Arm GNU Toolchain 14.2.Rel1 (Build arm-14.52)) 14.2.1 20241119, GNU ld (Arm GNU Toolchain 14.2.Rel1 (Build arm-14.52)) 2.43.1.20241119) #1 SMP Thu Aug 28 18:50:06 EEST 2025
GZSNXANYFJ 0
root@arm:~# echo 'UFHZ''TJZZAP'
UFHZTJZZAP
root@arm:~# MARKER='OKJK''VBYQJP' run false
OKJKVBYQJPOKJKVBYQJP 1
root@arm:~# Labgrid Console Logfile for main
Logfile started at 2025-08-28 18:54:07.313203
=== Log starts here ===

root@arm:~# run() { echo -n "$MARKER"; sh -c "$@"; echo "$MARKER $?"; }
root@arm:~# echo 'PZGJ''QJHUBW'
PZGJQJHUBW
root@arm:~# MARKER='JGNW''MGBASH' run 'ls /iio_generic_buffer; echo $?'
JGNWMGBASH/iio_generic_buffer
0
JGNWMGBASH 0
root@arm:~# Labgrid Console Logfile for main
Logfile started at 2025-08-28 18:54:10.798942
=== Log starts here ===

root@arm:~# run() { echo -n "$MARKER"; sh -c "$@"; echo "$MARKER $?"; }
root@arm:~# echo 'ZLHB''MOOTHY'
ZLHBMOOTHY
root@arm:~# MARKER='TVYE''OFMNTO' run dmesg
TVYEOFMNTO[    0.000000] Booting Linux on physical CPU 0x0
[    0.000000] Linux version 6.1.149 (user01@drvtest01) (arm-none-eabi-gcc (Arm GNU Toolchain 14.2.Rel1 (Build arm-14.52)) 14.2.1 20241119, GNU ld (Arm GNU Toolchain 14.2.Rel1 (Build arm-14.52)) 2.43.1.20241119) #1 SMP Thu Aug 28 18:50:06 EEST 2025
[    0.000000] CPU: ARMv7 Processor [413fc082] revision 2 (ARMv7), cr=10c5387d
[    0.000000] CPU: PIPT / VIPT nonaliasing data cache, VIPT aliasing instruction cache
[    0.000000] OF: fdt: Machine model: TI AM335x BeagleBone Black
[    0.000000] Memory policy: Data cache writeback
[    0.000000] cma: Reserved 16 MiB at 0x9ec00000
[    0.000000] Zone ranges:
[    0.000000]   Normal   [mem 0x0000000080000000-0x000000009fdfffff]
[    0.000000]   HighMem  empty
[    0.000000] Movable zone start for each node
[    0.000000] Early memory node ranges
[    0.000000]   node   0: [mem 0x0000000080000000-0x000000009fdfffff]
[    0.000000] Initmem setup node 0 [mem 0x0000000080000000-0x000000009fdfffff]
[    0.000000] CPU: All CPU(s) started in SVC mode.
[    0.000000] AM335X ES2.1 (sgx neon)
[    0.000000] percpu: Embedded 16 pages/cpu s34196 r8192 d23148 u65536
[    0.000000] pcpu-alloc: s34196 r8192 d23148 u65536 alloc=16*4096
[    0.000000] pcpu-alloc: [0] 0 
[    0.000000] Built 1 zonelists, mobility grouping on.  Total pages: 129412
[    0.000000] Kernel command line: console=ttyO0,115200n8 root=/dev/nfs rw nfsroot=192.168.255.126:/home/user01/nfs,nfsvers=3 ip=192.168.255.1:192.168.255.126::255.255.255.0:bbb1:eth0 nfsrootdebug
[    0.000000] Unknown kernel command line parameters "nfsrootdebug", will be passed to user space.
[    0.000000] Dentry cache hash table entries: 65536 (order: 6, 262144 bytes, linear)
[    0.000000] Inode-cache hash table entries: 32768 (order: 5, 131072 bytes, linear)
[    0.000000] mem auto-init: stack:off, heap alloc:off, heap free:off
[    0.000000] Memory: 484644K/522240K available (10240K kernel code, 1145K rwdata, 2604K rodata, 1024K init, 286K bss, 21212K reserved, 16384K cma-reserved, 0K highmem)
[    0.000000] SLUB: HWalign=64, Order=0-3, MinObjects=0, CPUs=1, Nodes=1
[    0.000000] trace event string verifier disabled
[    0.000000] rcu: Hierarchical RCU implementation.
[    0.000000] rcu: 	RCU event tracing is enabled.
[    0.000000] rcu: 	RCU restricting CPUs from NR_CPUS=2 to nr_cpu_ids=1.
[    0.000000] rcu: RCU calculated value of scheduler-enlistment delay is 10 jiffies.
[    0.000000] rcu: Adjusting geometry for rcu_fanout_leaf=16, nr_cpu_ids=1
[    0.000000] NR_IRQS: 16, nr_irqs: 16, preallocated irqs: 16
[    0.000000] IRQ: Found an INTC at 0x(ptrval) (revision 5.0) with 128 interrupts
[    0.000000] rcu: srcu_init: Setting srcu_struct sizes based on contention.
[    0.000000] TI gptimer clocksource: always-on /ocp/interconnect@44c00000/segment@200000/target-module@31000
[    0.000002] sched_clock: 32 bits at 24MHz, resolution 41ns, wraps every 89478484971ns
[    0.000027] clocksource: dmtimer: mask: 0xffffffff max_cycles: 0xffffffff, max_idle_ns: 79635851949 ns
[    0.000446] TI gptimer clockevent: 24000000 Hz at /ocp/interconnect@48000000/segment@0/target-module@40000
[    0.001995] Console: colour dummy device 80x30
[    0.002043] WARNING: Your 'console=ttyO0' has been replaced by 'ttyS0'
[    0.002050] This ensures that you still see kernel messages. Please
[    0.002054] update your kernel commandline.
[    0.002095] Calibrating delay loop... 996.14 BogoMIPS (lpj=4980736)
[    0.090493] CPU: Testing write buffer coherency: ok
[    0.090588] CPU0: Spectre v2: using BPIALL workaround
[    0.090600] pid_max: default: 32768 minimum: 301
[    0.090728] LSM: Security Framework initializing
[    0.090903] Mount-cache hash table entries: 1024 (order: 0, 4096 bytes, linear)
[    0.090922] Mountpoint-cache hash table entries: 1024 (order: 0, 4096 bytes, linear)
[    0.092415] CPU0: thread -1, cpu 0, socket -1, mpidr 0
[    0.093670] Setting up static identity map for 0x80100000 - 0x80100078
[    0.093902] rcu: Hierarchical SRCU implementation.
[    0.093912] rcu: 	Max phase no-delay instances is 1000.
[    0.095218] smp: Bringing up secondary CPUs ...
[    0.095235] smp: Brought up 1 node, 1 CPU
[    0.095247] SMP: Total of 1 processors activated (996.14 BogoMIPS).
[    0.095258] CPU: All CPU(s) started in SVC mode.
[    0.096158] devtmpfs: initialized
[    0.111426] VFP support v0.3: implementor 41 architecture 3 part 30 variant c rev 3
[    0.111726] clocksource: jiffies: mask: 0xffffffff max_cycles: 0xffffffff, max_idle_ns: 19112604462750000 ns
[    0.111759] futex hash table entries: 256 (order: 2, 16384 bytes, linear)
[    0.113095] pinctrl core: initialized pinctrl subsystem
[    0.114995] NET: Registered PF_NETLINK/PF_ROUTE protocol family
[    0.116996] DMA: preallocated 256 KiB pool for atomic coherent allocations
[    0.117553] audit: initializing netlink subsys (disabled)
[    0.118727] thermal_sys: Registered thermal governor 'fair_share'
[    0.118748] thermal_sys: Registered thermal governor 'step_wise'
[    0.118753] thermal_sys: Registered thermal governor 'user_space'
[    0.118877] cpuidle: using governor menu
[    0.135447] /ocp/interconnect@44c00000/segment@200000/target-module@b000/i2c@0/tda19988@70: Fixed dependency cycle(s) with /ocp/interconnect@48000000/segment@300000/target-module@e000/lcdc@0
[    0.136481] /ocp/interconnect@48000000/segment@300000/target-module@e000/lcdc@0: Fixed dependency cycle(s) with /ocp/interconnect@44c00000/segment@200000/target-module@b000/i2c@0/tda19988@70
[    0.138456] No ATAGs?
[    0.138473] hw-breakpoint: debug architecture 0x4 unsupported.
[    0.147021] audit: type=2000 audit(0.110:1): state=initialized audit_enabled=0 res=1
[    0.147311] kprobes: kprobe jump-optimization is enabled. All kprobes are optimized if possible.
[    0.163321] reg-fixed-voltage fixedregulator0: GPIO lookup for consumer (null)
[    0.163347] reg-fixed-voltage fixedregulator0: using device tree for GPIO lookup
[    0.163369] of_get_named_gpiod_flags: can't parse 'gpios' property of node '/fixedregulator0[0]'
[    0.163407] of_get_named_gpiod_flags: can't parse 'gpio' property of node '/fixedregulator0[0]'
[    0.163429] reg-fixed-voltage fixedregulator0: using lookup tables for GPIO lookup
[    0.163439] reg-fixed-voltage fixedregulator0: No GPIO consumer (null) found
[    0.164578] iommu: Default domain type: Translated 
[    0.164591] iommu: DMA domain TLB invalidation policy: strict mode 
[    0.166029] SCSI subsystem initialized
[    0.166542] libata version 3.00 loaded.
[    0.166869] pps_core: LinuxPPS API ver. 1 registered
[    0.166879] pps_core: Software ver. 5.3.6 - Copyright 2005-2007 Rodolfo Giometti <giometti@linux.it>
[    0.166910] PTP clock support registered
[    0.168343] vgaarb: loaded
[    0.180711] clocksource: Switched to clocksource dmtimer
[    0.181350] VFS: Disk quotas dquot_6.6.0
[    0.181422] VFS: Dquot-cache hash table entries: 1024 (order 0, 4096 bytes)
[    0.193125] NET: Registered PF_INET protocol family
[    0.193459] IP idents hash table entries: 8192 (order: 4, 65536 bytes, linear)
[    0.194807] tcp_listen_portaddr_hash hash table entries: 512 (order: 0, 4096 bytes, linear)
[    0.194853] Table-perturb hash table entries: 65536 (order: 6, 262144 bytes, linear)
[    0.194870] TCP established hash table entries: 4096 (order: 2, 16384 bytes, linear)
[    0.194919] TCP bind hash table entries: 4096 (order: 4, 65536 bytes, linear)
[    0.195018] TCP: Hash tables configured (established 4096 bind 4096)
[    0.195134] UDP hash table entries: 256 (order: 1, 8192 bytes, linear)
[    0.195159] UDP-Lite hash table entries: 256 (order: 1, 8192 bytes, linear)
[    0.195339] NET: Registered PF_UNIX/PF_LOCAL protocol family
[    0.196535] RPC: Registered named UNIX socket transport module.
[    0.196554] RPC: Registered udp transport module.
[    0.196559] RPC: Registered tcp transport module.
[    0.196564] RPC: Registered tcp NFSv4.1 backchannel transport module.
[    0.196581] PCI: CLS 0 bytes, default 64
[    0.198009] Initialise system trusted keyrings
[    0.209189] workingset: timestamp_bits=14 max_order=17 bucket_order=3
[    0.218091] NFS: Registering the id_resolver key type
[    0.218211] Key type id_resolver registered
[    0.218220] Key type id_legacy registered
[    0.218272] jffs2: version 2.2. (NAND) (SUMMARY)  Â© 2001-2006 Red Hat, Inc.
[    0.219243] Key type asymmetric registered
[    0.219264] Asymmetric key parser 'x509' registered
[    0.219413] io scheduler mq-deadline registered
[    0.219426] io scheduler kyber registered
[    0.219668] io scheduler bfq registered
[    0.233304] hw perfevents: enabled with armv7_cortex_a8 PMU driver, 5 counters available
[    0.241523] l3-aon-clkctrl:0000:0: failed to disable
[    0.241853] Serial: 8250/16550 driver, 6 ports, IRQ sharing enabled
[    0.291033] brd: module loaded
[    0.298310] loop: module loaded
[    0.299342] mtdoops: mtd device (mtddev=name/number) must be supplied
[    0.300678] mdio_bus fixed-0: GPIO lookup for consumer reset
[    0.300696] mdio_bus fixed-0: using lookup tables for GPIO lookup
[    0.300705] mdio_bus fixed-0: No GPIO consumer reset found
[    0.301790] i2c_dev: i2c /dev entries driver
[    0.302689] cpuidle: enable-method property 'ti,am3352' found operations
[    0.303115] sdhci: Secure Digital Host Controller Interface driver
[    0.303123] sdhci: Copyright(c) Pierre Ossman
[    0.303298] sdhci-pltfm: SDHCI platform and OF driver helper
[    0.303553] ledtrig-cpu: registered to indicate activity on CPUs
[    0.304288] Initializing XFRM netlink socket
[    0.304842] NET: Registered PF_INET6 protocol family
[    0.316088] Segment Routing with IPv6
[    0.316165] In-situ OAM (IOAM) with IPv6
[    0.316259] sit: IPv6, IPv4 and MPLS over IPv4 tunneling driver
[    0.317124] NET: Registered PF_PACKET protocol family
[    0.317151] NET: Registered PF_KEY protocol family
[    0.317249] Key type dns_resolver registered
[    0.317364] ThumbEE CPU extension supported.
[    0.317380] Registering SWP/SWPB emulation handler
[    0.317888] omap_voltage_late_init: Voltage driver support not added
[    0.318516] SmartReflex Class3 initialized
[    0.319673] Loading compiled-in X.509 certificates
[    0.380142] /ocp/interconnect@44c00000/segment@200000/target-module@b000/i2c@0/tda19988@70: Fixed dependency cycle(s) with /ocp/interconnect@48000000/segment@300000/target-module@e000/lcdc@0
[    0.386096] /ocp/interconnect@44c00000/segment@200000/target-module@b000/i2c@0/tda19988@70: Fixed dependency cycle(s) with /ocp/interconnect@48000000/segment@300000/target-module@e000/lcdc@0
[    0.393831] /ocp/interconnect@44c00000/segment@200000/target-module@b000/i2c@0/tda19988@70: Fixed dependency cycle(s) with /ocp/interconnect@48000000/segment@300000/target-module@e000/lcdc@0
[    0.394622] /ocp/interconnect@44c00000/segment@200000/target-module@b000/i2c@0/tda19988@70: Fixed dependency cycle(s) with /ocp/interconnect@48000000/segment@300000/target-module@e000/lcdc@0
[    0.397653] /ocp/interconnect@44c00000/segment@200000/target-module@10000/scm@0/pinmux@800: Fixed dependency cycle(s) with /ocp/interconnect@44c00000/segment@200000/target-module@10000/scm@0/pinmux@800/pinmux_clkout2_pin
[    0.398233] pinctrl-single 44e10800.pinmux: 142 pins, size 568
[    0.403097] ti-sysc: probe of 44e31000.target-module failed with error -16
[    0.451363] /ocp/interconnect@48000000/segment@300000/target-module@e000/lcdc@0: Fixed dependency cycle(s) with /ocp/interconnect@44c00000/segment@200000/target-module@b000/i2c@0/tda19988@70
[    0.458470] ti-sysc: probe of 48040000.target-module failed with error -16
[    0.468899] gpio gpiochip0: (gpio-0-31): created GPIO range 0->7 ==> 44e10800.pinmux PIN 0->7
[    0.468934] gpio gpiochip0: (gpio-0-31): created GPIO range 8->11 ==> 44e10800.pinmux PIN 90->93
[    0.468950] gpio gpiochip0: (gpio-0-31): created GPIO range 12->27 ==> 44e10800.pinmux PIN 12->27
[    0.468965] gpio gpiochip0: (gpio-0-31): created GPIO range 28->31 ==> 44e10800.pinmux PIN 30->33
[    0.469034] gpio gpiochip0: (gpio-0-31): not an immutable chip, please consider fixing it!
[    0.499145] gpio gpiochip0: (gpio-0-31): added GPIO chardev (254:0)
[    0.499321] gpio gpiochip0: registered GPIOs 0 to 31 on gpio-0-31
[    0.499406] OMAP GPIO hardware version 0.1
[    0.524044] i2c i2c-2: GPIO lookup for consumer scl
[    0.524073] i2c i2c-2: using device tree for GPIO lookup
[    0.524100] of_get_named_gpiod_flags: can't parse 'scl-gpios' property of node '/ocp/interconnect@48000000/segment@100000/target-module@9c000/i2c@0[0]'
[    0.524142] of_get_named_gpiod_flags: can't parse 'scl-gpio' property of node '/ocp/interconnect@48000000/segment@100000/target-module@9c000/i2c@0[0]'
[    0.524182] i2c i2c-2: using lookup tables for GPIO lookup
[    0.524192] i2c i2c-2: No GPIO consumer scl found
[    0.524213] i2c i2c-2: GPIO lookup for consumer sda
[    0.524221] i2c i2c-2: using device tree for GPIO lookup
[    0.524233] of_get_named_gpiod_flags: can't parse 'sda-gpios' property of node '/ocp/interconnect@48000000/segment@100000/target-module@9c000/i2c@0[0]'
[    0.524269] of_get_named_gpiod_flags: can't parse 'sda-gpio' property of node '/ocp/interconnect@48000000/segment@100000/target-module@9c000/i2c@0[0]'
[    0.524302] i2c i2c-2: using lookup tables for GPIO lookup
[    0.524310] i2c i2c-2: No GPIO consumer sda found
[    0.524957] omap_i2c 4819c000.i2c: bus 2 rev0.11 at 100 kHz
[    0.530265] gpio gpiochip1: (gpio-32-63): created GPIO range 0->17 ==> 44e10800.pinmux PIN 34->51
[    0.530297] gpio gpiochip1: (gpio-32-63): created GPIO range 18->21 ==> 44e10800.pinmux PIN 77->80
[    0.530313] gpio gpiochip1: (gpio-32-63): created GPIO range 22->31 ==> 44e10800.pinmux PIN 56->65
[    0.530377] gpio gpiochip1: (gpio-32-63): not an immutable chip, please consider fixing it!
[    0.544002] gpio gpiochip1: (gpio-32-63): added GPIO chardev (254:1)
[    0.544132] gpio gpiochip1: registered GPIOs 32 to 63 on gpio-32-63
[    0.546209] gpio gpiochip2: (gpio-64-95): created GPIO range 0->4 ==> 44e10800.pinmux PIN 66->70
[    0.546238] gpio gpiochip2: (gpio-64-95): created GPIO range 5->6 ==> 44e10800.pinmux PIN 98->99
[    0.546254] gpio gpiochip2: (gpio-64-95): created GPIO range 7->8 ==> 44e10800.pinmux PIN 75->76
[    0.546269] gpio gpiochip2: (gpio-64-95): created GPIO range 13->13 ==> 44e10800.pinmux PIN 141->141
[    0.546286] gpio gpiochip2: (gpio-64-95): created GPIO range 14->21 ==> 44e10800.pinmux PIN 100->107
[    0.546348] gpio gpiochip2: (gpio-64-95): not an immutable chip, please consider fixing it!
[    0.546795] gpio gpiochip2: (gpio-64-95): added GPIO chardev (254:2)
[    0.546903] gpio gpiochip2: registered GPIOs 64 to 95 on gpio-64-95
[    0.552895] /ocp/interconnect@48000000/segment@300000/target-module@e000/lcdc@0: Fixed dependency cycle(s) with /ocp/interconnect@44c00000/segment@200000/target-module@b000/i2c@0/tda19988@70
[    0.555463] /ocp/interconnect@48000000/segment@300000/target-module@e000/lcdc@0: Fixed dependency cycle(s) with /ocp/interconnect@44c00000/segment@200000/target-module@b000/i2c@0/tda19988@70
[    0.556097] /ocp/interconnect@44c00000/segment@200000/target-module@b000/i2c@0/tda19988@70: Fixed dependency cycle(s) with /ocp/interconnect@48000000/segment@300000/target-module@e000/lcdc@0
[    0.556253] /ocp/interconnect@48000000/segment@300000/target-module@e000/lcdc@0: Fixed dependency cycle(s) with /ocp/interconnect@44c00000/segment@200000/target-module@b000/i2c@0/tda19988@70
[    0.564880] mdio_bus 4a101000.mdio: GPIO lookup for consumer reset
[    0.564907] mdio_bus 4a101000.mdio: using device tree for GPIO lookup
[    0.564930] of_get_named_gpiod_flags: can't parse 'reset-gpios' property of node '/ocp/interconnect@4a000000/segment@0/target-module@100000/switch@0/mdio@1000[0]'
[    0.564977] of_get_named_gpiod_flags: can't parse 'reset-gpio' property of node '/ocp/interconnect@4a000000/segment@0/target-module@100000/switch@0/mdio@1000[0]'
[    0.565020] mdio_bus 4a101000.mdio: using lookup tables for GPIO lookup
[    0.565029] mdio_bus 4a101000.mdio: No GPIO consumer reset found
[    0.566065] sdhci-omap 481d8000.mmc: GPIO lookup for consumer wp
[    0.566087] sdhci-omap 481d8000.mmc: using device tree for GPIO lookup
[    0.566104] of_get_named_gpiod_flags: can't parse 'wp-gpios' property of node '/ocp/interconnect@48000000/segment@100000/target-module@d8000/mmc@0[0]'
[    0.566154] of_get_named_gpiod_flags: can't parse 'wp-gpio' property of node '/ocp/interconnect@48000000/segment@100000/target-module@d8000/mmc@0[0]'
[    0.566191] sdhci-omap 481d8000.mmc: using lookup tables for GPIO lookup
[    0.566200] sdhci-omap 481d8000.mmc: No GPIO consumer wp found
[    0.566384] sdhci-omap 481d8000.mmc: supply pbias not found, using dummy regulator
[    0.566817] sdhci-omap 481d8000.mmc: supply vqmmc not found, using dummy regulator
[    0.624198] davinci_mdio 4a101000.mdio: davinci mdio revision 1.6, bus freq 1000000
[    0.641190] mdio_bus 4a101000.mdio:00: GPIO lookup for consumer reset
[    0.641213] mdio_bus 4a101000.mdio:00: using device tree for GPIO lookup
[    0.641252] of_get_named_gpiod_flags: parsed 'reset-gpios' property of node '/ocp/interconnect@4a000000/segment@0/target-module@100000/switch@0/mdio@1000/ethernet-phy@0[0]' - status (0)
[    0.641417] gpio gpiochip0: Persistence not supported for GPIO 8
[    0.795182] davinci_mdio 4a101000.mdio: phy[0]: device 4a101000.mdio:00, driver SMSC LAN8710/LAN8720
[    0.795781] cpsw-switch 4a100000.switch: initialized cpsw ale version 1.4
[    0.795800] cpsw-switch 4a100000.switch: ALE Table size 1024
[    0.809389] cpsw-switch 4a100000.switch: cpts: overflow check period 500 (jiffies)
[    0.809411] cpsw-switch 4a100000.switch: CPTS: ref_clk_freq:250000000 calc_mult:2147483648 calc_shift:29 error:0 nsec/sec
[    0.809509] cpsw-switch 4a100000.switch: Detected MACID = 6c:ec:eb:68:de:78
[    0.811175] cpsw-switch 4a100000.switch: initialized (regs 0x4a100000, pool size 256) hw_ver:0019010C 1.12 (0)
[    0.821123] debugfs: Directory '49000000.dma' with parent 'dmaengine' already present!
[    0.821163] edma 49000000.dma: TI EDMA DMA engine driver
[    0.846984] gpio-clk clk_mcasp0: GPIO lookup for consumer enable
[    0.847015] gpio-clk clk_mcasp0: using device tree for GPIO lookup
[    0.847052] of_get_named_gpiod_flags: parsed 'enable-gpios' property of node '/clk_mcasp0[0]' - status (0)
[    0.847099] gpio gpiochip0: Persistence not supported for GPIO 27
[    0.847993] gpio gpiochip3: (gpio-96-127): created GPIO range 0->7 ==> 44e10800.pinmux PIN 82->89
[    0.848027] gpio gpiochip3: (gpio-96-127): created GPIO range 8->11 ==> 44e10800.pinmux PIN 52->55
[    0.848043] gpio gpiochip3: (gpio-96-127): created GPIO range 12->15 ==> 44e10800.pinmux PIN 94->97
[    0.848059] gpio gpiochip3: (gpio-96-127): created GPIO range 16->17 ==> 44e10800.pinmux PIN 71->72
[    0.848074] gpio gpiochip3: (gpio-96-127): created GPIO range 18->18 ==> 44e10800.pinmux PIN 135->135
[    0.848089] gpio gpiochip3: (gpio-96-127): created GPIO range 19->20 ==> 44e10800.pinmux PIN 108->109
[    0.848105] gpio gpiochip3: (gpio-96-127): created GPIO range 21->21 ==> 44e10800.pinmux PIN 73->73
[    0.848122] gpio gpiochip3: (gpio-96-127): created GPIO range 22->23 ==> 44e10800.pinmux PIN 8->9
[    0.848138] gpio gpiochip3: (gpio-96-127): created GPIO range 26->27 ==> 44e10800.pinmux PIN 10->11
[    0.848155] gpio gpiochip3: (gpio-96-127): created GPIO range 28->28 ==> 44e10800.pinmux PIN 74->74
[    0.848172] gpio gpiochip3: (gpio-96-127): created GPIO range 29->29 ==> 44e10800.pinmux PIN 81->81
[    0.848190] gpio gpiochip3: (gpio-96-127): created GPIO range 30->31 ==> 44e10800.pinmux PIN 28->29
[    0.848260] gpio gpiochip3: (gpio-96-127): not an immutable chip, please consider fixing it!
[    0.862579] gpio gpiochip3: (gpio-96-127): added GPIO chardev (254:3)
[    0.862719] gpio gpiochip3: registered GPIOs 96 to 127 on gpio-96-127
[    0.864305] omap8250 44e09000.serial: GPIO lookup for consumer rs485-term
[    0.864328] omap8250 44e09000.serial: using device tree for GPIO lookup
[    0.864352] of_get_named_gpiod_flags: can't parse 'rs485-term-gpios' property of node '/ocp/interconnect@44c00000/segment@200000/target-module@9000/serial@0[0]'
[    0.864401] of_get_named_gpiod_flags: can't parse 'rs485-term-gpio' property of node '/ocp/interconnect@44c00000/segment@200000/target-module@9000/serial@0[0]'
[    0.864441] omap8250 44e09000.serial: using lookup tables for GPIO lookup
[    0.864451] omap8250 44e09000.serial: No GPIO consumer rs485-term found
[    0.864498] 44e09000.serial: ttyS0 at MMIO 0x44e09000 (irq = 34, base_baud = 3000000) is a 8250
[    2.181059] printk: console [ttyS0] enabled
[    2.187856] i2c i2c-0: GPIO lookup for consumer scl
[    2.187892] i2c i2c-0: using device tree for GPIO lookup
[    2.187918] of_get_named_gpiod_flags: can't parse 'scl-gpios' property of node '/ocp/interconnect@44c00000/segment@200000/target-module@b000/i2c@0[0]'
[    2.187965] of_get_named_gpiod_flags: can't parse 'scl-gpio' property of node '/ocp/interconnect@44c00000/segment@200000/target-module@b000/i2c@0[0]'
[    2.188006] i2c i2c-0: using lookup tables for GPIO lookup
[    2.188017] i2c i2c-0: No GPIO consumer scl found
[    2.188039] i2c i2c-0: GPIO lookup for consumer sda
[    2.188048] i2c i2c-0: using device tree for GPIO lookup
[    2.188064] of_get_named_gpiod_flags: can't parse 'sda-gpios' property of node '/ocp/interconnect@44c00000/segment@200000/target-module@b000/i2c@0[0]'
[    2.188102] of_get_named_gpiod_flags: can't parse 'sda-gpio' property of node '/ocp/interconnect@44c00000/segment@200000/target-module@b000/i2c@0[0]'
[    2.188136] i2c i2c-0: using lookup tables for GPIO lookup
[    2.188145] i2c i2c-0: No GPIO consumer sda found
[    2.219451] tps65217-pmic: Failed to locate of_node [id: -1]
[    2.235245] tps65217-bl: Failed to locate of_node [id: -1]
[    2.243841] tps65217 0-0024: TPS65217 ID 0xe version 1.2
[    2.249884] /ocp/interconnect@48000000/segment@300000/target-module@e000/lcdc@0: Fixed dependency cycle(s) with /ocp/interconnect@44c00000/segment@200000/target-module@b000/i2c@0/tda19988@70
[    2.267192] /ocp/interconnect@44c00000/segment@200000/target-module@b000/i2c@0/tda19988@70: Fixed dependency cycle(s) with /ocp/interconnect@48000000/segment@300000/target-module@e000/lcdc@0
[    2.284520] omap_i2c 44e0b000.i2c: bus 0 rev0.11 at 400 kHz
[    2.291844] sdhci-omap 48060000.mmc: GPIO lookup for consumer cd
[    2.291871] sdhci-omap 48060000.mmc: using device tree for GPIO lookup
[    2.291911] of_get_named_gpiod_flags: parsed 'cd-gpios' property of node '/ocp/interconnect@48000000/segment@0/target-module@60000/mmc@0[0]' - status (0)
[    2.292032] gpio gpiochip3: Persistence not supported for GPIO 6
[    2.292056] omap_gpio 44e07000.gpio: Could not set line 6 debounce to 200000 microseconds (-22)
[    2.300929] sdhci-omap 48060000.mmc: Got CD GPIO
[    2.305575] sdhci-omap 48060000.mmc: GPIO lookup for consumer wp
[    2.305585] sdhci-omap 48060000.mmc: using device tree for GPIO lookup
[    2.305605] of_get_named_gpiod_flags: can't parse 'wp-gpios' property of node '/ocp/interconnect@48000000/segment@0/target-module@60000/mmc@0[0]'
[    2.305650] of_get_named_gpiod_flags: can't parse 'wp-gpio' property of node '/ocp/interconnect@48000000/segment@0/target-module@60000/mmc@0[0]'
[    2.305690] sdhci-omap 48060000.mmc: using lookup tables for GPIO lookup
[    2.305701] sdhci-omap 48060000.mmc: No GPIO consumer wp found
[    2.305898] sdhci-omap 48060000.mmc: supply pbias not found, using dummy regulator
[    2.314633] sdhci-omap 481d8000.mmc: GPIO lookup for consumer wp
[    2.314663] sdhci-omap 481d8000.mmc: using device tree for GPIO lookup
[    2.314684] of_get_named_gpiod_flags: can't parse 'wp-gpios' property of node '/ocp/interconnect@48000000/segment@100000/target-module@d8000/mmc@0[0]'
[    2.314735] of_get_named_gpiod_flags: can't parse 'wp-gpio' property of node '/ocp/interconnect@48000000/segment@100000/target-module@d8000/mmc@0[0]'
[    2.314773] sdhci-omap 481d8000.mmc: using lookup tables for GPIO lookup
[    2.314784] sdhci-omap 481d8000.mmc: No GPIO consumer wp found
[    2.315370] sdhci-omap 48060000.mmc: supply vqmmc not found, using dummy regulator
[    2.323732] sdhci-omap 481d8000.mmc: supply pbias not found, using dummy regulator
[    2.331868] sdhci-omap 481d8000.mmc: supply vqmmc not found, using dummy regulator
[    2.368680] mmc1: SDHCI controller on 481d8000.mmc [481d8000.mmc] using External DMA
[    2.377483] mmc0: SDHCI controller on 48060000.mmc [48060000.mmc] using External DMA
[    2.386196] cpsw-switch 4a100000.switch: starting ndev. mode: dual_mac
[    2.448914] mmc1: new high speed MMC card at address 0001
[    2.455695] mmcblk1: mmc1:0001 MMC04G 3.60 GiB 
[    2.463240]  mmcblk1: p1 p2
[    2.466667] mmc0: new high speed SDHC card at address aaaa
[    2.473854] mmcblk1boot0: mmc1:0001 MMC04G 2.00 MiB 
[    2.480214] mmcblk0: mmc0:aaaa SE32G 29.7 GiB 
[    2.486581] mmcblk1boot1: mmc1:0001 MMC04G 2.00 MiB 
[    2.494662] mmcblk1rpmb: mmc1:0001 MMC04G 128 KiB, chardev (250:0)
[    2.501375]  mmcblk0: p1 p2
[    2.539800] SMSC LAN8710/LAN8720 4a101000.mdio:00: attached PHY driver (mii_bus:phy_addr=4a101000.mdio:00, irq=POLL)
[    5.689360] cpsw-switch 4a100000.switch eth0: Link is Up - 100Mbps/Full - flow control off
[    5.697752] IPv6: ADDRCONF(NETDEV_CHANGE): eth0: link becomes ready
[    5.728651] IP-Config: Complete:
[    5.731909]      device=eth0, hwaddr=6c:ec:eb:68:de:78, ipaddr=192.168.255.1, mask=255.255.255.0, gw=255.255.255.255
[    5.742522]      host=bbb1, domain=, nis-domain=(none)
[    5.747686]      bootserver=192.168.255.126, rootserver=192.168.255.126, rootpath=
[    5.748093] clk: Disabling unused clocks
[    5.759962] KTAP version 1
[    5.762690] 1..0
[    5.786165] VFS: Mounted root (nfs filesystem) on device 0:16.
[    5.793165] devtmpfs: mounted
[    5.797508] Freeing unused kernel image (initmem) memory: 1024K
[    5.804151] Run /sbin/init as init process
[    5.808275]   with arguments:
[    5.808285]     /sbin/init
[    5.808293]     nfsrootdebug
[    5.808299]   with environment:
[    5.808306]     HOME=/
[    5.808313]     TERM=linux
[    6.472953] systemd[1]: System time before build time, advancing clock.
[    7.948646] random: crng init done
[    8.019753] systemd[1]: systemd 232 running in system mode. (+PAM +AUDIT +SELINUX +IMA +APPARMOR +SMACK +SYSVINIT +UTMP +LIBCRYPTSETUP +GCRYPT +GNUTLS +ACL +XZ +LZ4 +SECCOMP +BLKID +ELFUTILS +KMOD +IDN)
[    8.038922] systemd[1]: Detected architecture arm.
[    8.081459] systemd[1]: Set hostname to <arm>.
[    9.133154] systemd[1]: Listening on udev Control Socket.
[    9.169045] systemd[1]: Reached target Swap.
[    9.200432] systemd[1]: Listening on /dev/initctl Compatibility Named Pipe.
[    9.240175] systemd[1]: Created slice User and Session Slice.
[    9.279471] systemd[1]: Started Forward Password Requests to Wall Directory Watch.
[    9.320287] systemd[1]: Set up automount Arbitrary Executable File Formats File System Automount Point.
[    9.360527] systemd[1]: Listening on Syslog Socket.
[   11.886331] systemd-journald[102]: Received request to flush runtime journal from PID 1
[   14.406597] of_get_named_gpiod_flags: parsed 'gpios' property of node '/leds/led2[0]' - status (0)
[   14.406690] gpio gpiochip0: Persistence not supported for GPIO 21
[   14.406703] gpio-21 (?): no flags found for gpios
[   14.406954] of_get_named_gpiod_flags: parsed 'gpios' property of node '/leds/led3[0]' - status (0)
[   14.406998] gpio gpiochip0: Persistence not supported for GPIO 22
[   14.407008] gpio-22 (?): no flags found for gpios
[   14.419196] of_get_named_gpiod_flags: parsed 'gpios' property of node '/leds/led4[0]' - status (0)
[   14.419277] gpio gpiochip0: Persistence not supported for GPIO 23
[   14.419289] gpio-23 (?): no flags found for gpios
[   14.439190] of_get_named_gpiod_flags: parsed 'gpios' property of node '/leds/led5[0]' - status (0)
[   14.439271] gpio gpiochip0: Persistence not supported for GPIO 24
[   14.439285] gpio-24 (?): no flags found for gpios
[   14.717891] remoteproc remoteproc0: wkup_m3 is available
[   15.039440] at24 2-0054: supply vcc not found, using dummy regulator
[   15.198046] at24 2-0055: supply vcc not found, using dummy regulator
[   15.346933] at24 2-0056: supply vcc not found, using dummy regulator
[   15.450569] at24 2-0057: supply vcc not found, using dummy regulator
[   15.540343] at24 0-0050: GPIO lookup for consumer wp
[   15.540387] at24 0-0050: using device tree for GPIO lookup
[   15.540422] of_get_named_gpiod_flags: can't parse 'wp-gpios' property of node '/ocp/interconnect@44c00000/segment@200000/target-module@b000/i2c@0/baseboard_eeprom@50[0]'
[   15.540495] of_get_named_gpiod_flags: can't parse 'wp-gpio' property of node '/ocp/interconnect@44c00000/segment@200000/target-module@b000/i2c@0/baseboard_eeprom@50[0]'
[   15.540545] at24 0-0050: using lookup tables for GPIO lookup
[   15.540559] at24 0-0050: No GPIO consumer wp found
[   15.540819] at24 0-0050: 32768 byte 24c256 EEPROM, writable, 1 bytes/write
[   15.861191] tps6521x_pwrbutton tps65217-pwrbutton: DMA mask not set
[   15.883016] omap_rtc 44e3e000.rtc: registered as rtc0
[   15.888186] omap_rtc 44e3e000.rtc: setting system clock to 2000-01-01T00:00:00 UTC (946684800)
[   15.897047] omap_rtc 44e3e000.rtc: GPIO lookup for consumer wp
[   15.897064] omap_rtc 44e3e000.rtc: using device tree for GPIO lookup
[   15.897092] of_get_named_gpiod_flags: can't parse 'wp-gpios' property of node '/ocp/interconnect@44c00000/segment@200000/target-module@3e000/rtc@0[0]'
[   15.897148] of_get_named_gpiod_flags: can't parse 'wp-gpio' property of node '/ocp/interconnect@44c00000/segment@200000/target-module@3e000/rtc@0[0]'
[   15.897191] omap_rtc 44e3e000.rtc: using lookup tables for GPIO lookup
[   15.897202] omap_rtc 44e3e000.rtc: No GPIO consumer wp found
[   15.904383] wkup_m3_ipc 44e11324.wkup_m3_ipc: IPC Request for A8->M3 Channel failed! -517
[   15.936580] wkup_m3_ipc 44e11324.wkup_m3_ipc: IPC Request for A8->M3 Channel failed! -517
[   15.954545] input: tps65217_pwrbutton as /devices/platform/ocp/44c00000.interconnect/44c00000.interconnect:segment@200000/44e0b000.target-module/44e0b000.i2c/i2c-0/0-0024/tps65217-pwrbutton/input/input0
[   16.076480] wkup_m3_ipc 44e11324.wkup_m3_ipc: IPC Request for A8->M3 Channel failed! -517
[   16.130826] omap_wdt: OMAP Watchdog Timer Rev 0x01: initial timeout 60 sec
[   16.222680] wkup_m3_ipc 44e11324.wkup_m3_ipc: IPC Request for A8->M3 Channel failed! -517
[   16.338958] am335x-phy-driver 47401300.usb-phy: GPIO lookup for consumer reset
[   16.339002] am335x-phy-driver 47401300.usb-phy: using device tree for GPIO lookup
[   16.339032] of_get_named_gpiod_flags: can't parse 'reset-gpios' property of node '/ocp/target-module@47400000/usb-phy@1300[0]'
[   16.339085] of_get_named_gpiod_flags: can't parse 'reset-gpio' property of node '/ocp/target-module@47400000/usb-phy@1300[0]'
[   16.339118] am335x-phy-driver 47401300.usb-phy: using lookup tables for GPIO lookup
[   16.339131] am335x-phy-driver 47401300.usb-phy: No GPIO consumer reset found
[   16.339142] am335x-phy-driver 47401300.usb-phy: GPIO lookup for consumer vbus-detect
[   16.339152] am335x-phy-driver 47401300.usb-phy: using device tree for GPIO lookup
[   16.339167] of_get_named_gpiod_flags: can't parse 'vbus-detect-gpios' property of node '/ocp/target-module@47400000/usb-phy@1300[0]'
[   16.339196] of_get_named_gpiod_flags: can't parse 'vbus-detect-gpio' property of node '/ocp/target-module@47400000/usb-phy@1300[0]'
[   16.339222] am335x-phy-driver 47401300.usb-phy: using lookup tables for GPIO lookup
[   16.339231] am335x-phy-driver 47401300.usb-phy: No GPIO consumer vbus-detect found
[   16.339365] am335x-phy-driver 47401300.usb-phy: supply vcc not found, using dummy regulator
[   16.348406] am335x-phy-driver 47401300.usb-phy: dummy supplies not allowed for exclusive requests
[   16.574360] am335x-phy-driver 47401b00.usb-phy: GPIO lookup for consumer reset
[   16.574406] am335x-phy-driver 47401b00.usb-phy: using device tree for GPIO lookup
[   16.574436] of_get_named_gpiod_flags: can't parse 'reset-gpios' property of node '/ocp/target-module@47400000/usb-phy@1b00[0]'
[   16.574484] of_get_named_gpiod_flags: can't parse 'reset-gpio' property of node '/ocp/target-module@47400000/usb-phy@1b00[0]'
[   16.574517] am335x-phy-driver 47401b00.usb-phy: using lookup tables for GPIO lookup
[   16.574530] am335x-phy-driver 47401b00.usb-phy: No GPIO consumer reset found
[   16.574541] am335x-phy-driver 47401b00.usb-phy: GPIO lookup for consumer vbus-detect
[   16.574550] am335x-phy-driver 47401b00.usb-phy: using device tree for GPIO lookup
[   16.574566] of_get_named_gpiod_flags: can't parse 'vbus-detect-gpios' property of node '/ocp/target-module@47400000/usb-phy@1b00[0]'
[   16.574596] of_get_named_gpiod_flags: can't parse 'vbus-detect-gpio' property of node '/ocp/target-module@47400000/usb-phy@1b00[0]'
[   16.574621] am335x-phy-driver 47401b00.usb-phy: using lookup tables for GPIO lookup
[   16.574630] am335x-phy-driver 47401b00.usb-phy: No GPIO consumer vbus-detect found
[   16.574762] am335x-phy-driver 47401b00.usb-phy: supply vcc not found, using dummy regulator
[   16.583764] am335x-phy-driver 47401b00.usb-phy: dummy supplies not allowed for exclusive requests
[   16.593735] wkup_m3_ipc 44e11324.wkup_m3_ipc: IPC Request for A8->M3 Channel failed! -517
[   16.890177] wkup_m3_ipc 44e11324.wkup_m3_ipc: IPC Request for A8->M3 Channel failed! -517
[   16.976979] usbcore: registered new interface driver usbfs
[   16.982831] usbcore: registered new interface driver hub
[   16.988267] usbcore: registered new device driver usb
[   17.764040] tda998x 0-0070: found TDA19988
[   17.799628] wkup_m3_ipc 44e11324.wkup_m3_ipc: IPC Request for A8->M3 Channel failed! -517
[   17.830651] wkup_m3_ipc 44e11324.wkup_m3_ipc: IPC Request for A8->M3 Channel failed! -517
[   17.899305] musb-hdrc musb-hdrc.1: MUSB HDRC host driver
[   17.904715] musb-hdrc musb-hdrc.1: new USB bus registered, assigned bus number 1
[   17.921113] omap-mailbox 480c8000.mailbox: omap mailbox rev 0x400
[   18.049659] remoteproc remoteproc0: powering up wkup_m3
[   18.159577] remoteproc remoteproc0: Direct firmware load for am335x-pm-firmware.elf failed with error -2
[   18.169360] remoteproc remoteproc0: request_firmware failed: -2
[   18.175321] wkup_m3_ipc 44e11324.wkup_m3_ipc: rproc_boot failed
[   18.249397] usb usb1: New USB device found, idVendor=1d6b, idProduct=0002, bcdDevice= 6.01
[   18.257775] usb usb1: New USB device strings: Mfr=3, Product=2, SerialNumber=1
[   18.265118] usb usb1: Product: MUSB HDRC host driver
[   18.270167] usb usb1: Manufacturer: Linux 6.1.149 musb-hcd
[   18.275681] usb usb1: SerialNumber: musb-hdrc.1
[   18.680522] hub 1-0:1.0: USB hub found
[   18.739046] hub 1-0:1.0: 1 port detected
[   19.846115] omap_rng 48310000.rng: Random Number Generator ver. 20
[   19.854345] tilcdc 4830e000.lcdc: bound 0-0070 (ops tda998x_audio_codec_init [tda998x])
[   20.064016] [drm] Initialized tilcdc 1.0.0 20121205 for 4830e000.lcdc on minor 0
[   20.210460] tilcdc 4830e000.lcdc: [drm] Cannot find any crtc or sizes
[   20.222900] tilcdc 4830e000.lcdc: [drm] Cannot find any crtc or sizes
[   21.358487] PM: Cannot get wkup_m3_ipc handle
[   21.591455] omap-sham 53100000.sham: hw accel on OMAP rev 4.3
[   21.692212] omap-sham 53100000.sham: will run requests pump with realtime priority
[   21.953140] PM: Cannot get wkup_m3_ipc handle
[   22.045227] omap-aes 53500000.aes: OMAP AES hw accel rev: 3.2
[   22.186899] omap-aes 53500000.aes: will run requests pump with realtime priority
[   22.456922] PM: Cannot get wkup_m3_ipc handle
[   23.119691] Bluetooth: Core ver 2.22
[   23.123522] NET: Registered PF_BLUETOOTH protocol family
[   23.129052] Bluetooth: HCI device and connection manager initialized
[   23.135470] Bluetooth: HCI socket layer initialized
[   23.140426] Bluetooth: L2CAP socket layer initialized
[   23.145534] Bluetooth: SCO socket layer initialized
[   25.071367] PM: Cannot get wkup_m3_ipc handle
[   25.077076] asoc-simple-card sound: GPIO lookup for consumer simple-audio-card,hp-det
[   25.077109] asoc-simple-card sound: using device tree for GPIO lookup
[   25.077142] of_get_named_gpiod_flags: can't parse 'simple-audio-card,hp-det-gpios' property of node '/sound[0]'
[   25.077188] of_get_named_gpiod_flags: can't parse 'simple-audio-card,hp-det-gpio' property of node '/sound[0]'
[   25.077215] asoc-simple-card sound: using lookup tables for GPIO lookup
[   25.077227] asoc-simple-card sound: No GPIO consumer simple-audio-card,hp-det found
[   25.077239] asoc-simple-card sound: GPIO lookup for consumer simple-audio-card,mic-det
[   25.077248] asoc-simple-card sound: using device tree for GPIO lookup
[   25.077266] of_get_named_gpiod_flags: can't parse 'simple-audio-card,mic-det-gpios' property of node '/sound[0]'
[   25.077291] of_get_named_gpiod_flags: can't parse 'simple-audio-card,mic-det-gpio' property of node '/sound[0]'
[   25.077310] asoc-simple-card sound: using lookup tables for GPIO lookup
[   25.077319] asoc-simple-card sound: No GPIO consumer simple-audio-card,mic-det found
[   25.196046] PM: Cannot get wkup_m3_ipc handle
[   28.005725] using random self ethernet address
[   28.010398] using random host ethernet address
[   28.231460] using random self ethernet address
[   28.235973] using random host ethernet address
[   28.453209] userial_init: registered 8 ttyGS* devices
[   28.619506] rndis_register: configNr = 0
[   28.669426] udc musb-hdrc.0: binding gadget driver [g_multi]
[   28.669507] configfs-gadget.g_multi gadget.0: adding 'rndis'/55cdbe2c to config 'c'/a8adc79a
[   28.670561] usb0: HOST MAC 1c:ba:8c:a2:ed:6c
[   28.674885] usb0: MAC 1c:ba:8c:a2:ed:70
[   28.678923] rndis_set_param_medium: 0 0
[   28.678947] configfs-gadget.g_multi gadget.0: RNDIS: dual speed IN/ep1in OUT/ep1out NOTIFY/ep2in
[   28.678962] configfs-gadget.g_multi gadget.0: adding 'cdc_ethernet'/f12bc041 to config 'c'/a8adc79a
[   28.679773] usb1: HOST MAC 1c:ba:8c:a2:ed:6c
[   28.684082] usb1: MAC 1c:ba:8c:a2:ed:6d
[   28.687967] configfs-gadget.g_multi gadget.0: CDC Ethernet: dual speed IN/ep3in OUT/ep2out NOTIFY/ep4in
[   28.687985] configfs-gadget.g_multi gadget.0: adding 'acm'/df3ddc85 to config 'c'/a8adc79a
[   28.688015] configfs-gadget.g_multi gadget.0: acm ttyGS0: dual speed IN/ep5in OUT/ep3out NOTIFY/ep6in
[   28.709169] PM: Cannot get wkup_m3_ipc handle
[   30.597412] usb1: eth_open
[   34.465361] gs_open: ttyGS0 (62f0349f,a9e7b1d6)
[   34.465509] gs_close: ttyGS0 (62f0349f,a9e7b1d6) ...
[   34.465528] gs_close: ttyGS0 (62f0349f,a9e7b1d6) done!
[   34.475883] gs_open: ttyGS0 (62f0349f,c848aaae)
[   34.475973] gs_close: ttyGS0 (62f0349f,c848aaae) ...
[   34.475990] gs_close: ttyGS0 (62f0349f,c848aaae) done!
[   34.634450] gs_open: ttyGS0 (62f0349f,da75e297)
[   34.634669] gs_close: ttyGS0 (62f0349f,da75e297) ...
[   34.634693] gs_close: ttyGS0 (62f0349f,da75e297) done!
[   34.638328] gs_open: ttyGS0 (97d86d50,a6b30e71)
TVYEOFMNTO 0
root@arm:~# echo 'ASJM''MELUKV'
ASJMMELUKV
root@arm:~# MARKER='BPWS''GVLAYY' run 'modprobe test_linear_ranges'
BPWSGVLAYYBPWSGVLAYY 0
root@arm:~# echo 'TVEB''AOSMYE'
TVEBAOSMYE
root@arm:~# MARKER='KPTN''GMWEVO' run dmesg
KPTNGMWEVO[    0.000000] Booting Linux on physical CPU 0x0
[    0.000000] Linux version 6.1.149 (user01@drvtest01) (arm-none-eabi-gcc (Arm GNU Toolchain 14.2.Rel1 (Build arm-14.52)) 14.2.1 20241119, GNU ld (Arm GNU Toolchain 14.2.Rel1 (Build arm-14.52)) 2.43.1.20241119) #1 SMP Thu Aug 28 18:50:06 EEST 2025
[    0.000000] CPU: ARMv7 Processor [413fc082] revision 2 (ARMv7), cr=10c5387d
[    0.000000] CPU: PIPT / VIPT nonaliasing data cache, VIPT aliasing instruction cache
[    0.000000] OF: fdt: Machine model: TI AM335x BeagleBone Black
[    0.000000] Memory policy: Data cache writeback
[    0.000000] cma: Reserved 16 MiB at 0x9ec00000
[    0.000000] Zone ranges:
[    0.000000]   Normal   [mem 0x0000000080000000-0x000000009fdfffff]
[    0.000000]   HighMem  empty
[    0.000000] Movable zone start for each node
[    0.000000] Early memory node ranges
[    0.000000]   node   0: [mem 0x0000000080000000-0x000000009fdfffff]
[    0.000000] Initmem setup node 0 [mem 0x0000000080000000-0x000000009fdfffff]
[    0.000000] CPU: All CPU(s) started in SVC mode.
[    0.000000] AM335X ES2.1 (sgx neon)
[    0.000000] percpu: Embedded 16 pages/cpu s34196 r8192 d23148 u65536
[    0.000000] pcpu-alloc: s34196 r8192 d23148 u65536 alloc=16*4096
[    0.000000] pcpu-alloc: [0] 0 
[    0.000000] Built 1 zonelists, mobility grouping on.  Total pages: 129412
[    0.000000] Kernel command line: console=ttyO0,115200n8 root=/dev/nfs rw nfsroot=192.168.255.126:/home/user01/nfs,nfsvers=3 ip=192.168.255.1:192.168.255.126::255.255.255.0:bbb1:eth0 nfsrootdebug
[    0.000000] Unknown kernel command line parameters "nfsrootdebug", will be passed to user space.
[    0.000000] Dentry cache hash table entries: 65536 (order: 6, 262144 bytes, linear)
[    0.000000] Inode-cache hash table entries: 32768 (order: 5, 131072 bytes, linear)
[    0.000000] mem auto-init: stack:off, heap alloc:off, heap free:off
[    0.000000] Memory: 484644K/522240K available (10240K kernel code, 1145K rwdata, 2604K rodata, 1024K init, 286K bss, 21212K reserved, 16384K cma-reserved, 0K highmem)
[    0.000000] SLUB: HWalign=64, Order=0-3, MinObjects=0, CPUs=1, Nodes=1
[    0.000000] trace event string verifier disabled
[    0.000000] rcu: Hierarchical RCU implementation.
[    0.000000] rcu: 	RCU event tracing is enabled.
[    0.000000] rcu: 	RCU restricting CPUs from NR_CPUS=2 to nr_cpu_ids=1.
[    0.000000] rcu: RCU calculated value of scheduler-enlistment delay is 10 jiffies.
[    0.000000] rcu: Adjusting geometry for rcu_fanout_leaf=16, nr_cpu_ids=1
[    0.000000] NR_IRQS: 16, nr_irqs: 16, preallocated irqs: 16
[    0.000000] IRQ: Found an INTC at 0x(ptrval) (revision 5.0) with 128 interrupts
[    0.000000] rcu: srcu_init: Setting srcu_struct sizes based on contention.
[    0.000000] TI gptimer clocksource: always-on /ocp/interconnect@44c00000/segment@200000/target-module@31000
[    0.000002] sched_clock: 32 bits at 24MHz, resolution 41ns, wraps every 89478484971ns
[    0.000027] clocksource: dmtimer: mask: 0xffffffff max_cycles: 0xffffffff, max_idle_ns: 79635851949 ns
[    0.000446] TI gptimer clockevent: 24000000 Hz at /ocp/interconnect@48000000/segment@0/target-module@40000
[    0.001995] Console: colour dummy device 80x30
[    0.002043] WARNING: Your 'console=ttyO0' has been replaced by 'ttyS0'
[    0.002050] This ensures that you still see kernel messages. Please
[    0.002054] update your kernel commandline.
[    0.002095] Calibrating delay loop... 996.14 BogoMIPS (lpj=4980736)
[    0.090493] CPU: Testing write buffer coherency: ok
[    0.090588] CPU0: Spectre v2: using BPIALL workaround
[    0.090600] pid_max: default: 32768 minimum: 301
[    0.090728] LSM: Security Framework initializing
[    0.090903] Mount-cache hash table entries: 1024 (order: 0, 4096 bytes, linear)
[    0.090922] Mountpoint-cache hash table entries: 1024 (order: 0, 4096 bytes, linear)
[    0.092415] CPU0: thread -1, cpu 0, socket -1, mpidr 0
[    0.093670] Setting up static identity map for 0x80100000 - 0x80100078
[    0.093902] rcu: Hierarchical SRCU implementation.
[    0.093912] rcu: 	Max phase no-delay instances is 1000.
[    0.095218] smp: Bringing up secondary CPUs ...
[    0.095235] smp: Brought up 1 node, 1 CPU
[    0.095247] SMP: Total of 1 processors activated (996.14 BogoMIPS).
[    0.095258] CPU: All CPU(s) started in SVC mode.
[    0.096158] devtmpfs: initialized
[    0.111426] VFP support v0.3: implementor 41 architecture 3 part 30 variant c rev 3
[    0.111726] clocksource: jiffies: mask: 0xffffffff max_cycles: 0xffffffff, max_idle_ns: 19112604462750000 ns
[    0.111759] futex hash table entries: 256 (order: 2, 16384 bytes, linear)
[    0.113095] pinctrl core: initialized pinctrl subsystem
[    0.114995] NET: Registered PF_NETLINK/PF_ROUTE protocol family
[    0.116996] DMA: preallocated 256 KiB pool for atomic coherent allocations
[    0.117553] audit: initializing netlink subsys (disabled)
[    0.118727] thermal_sys: Registered thermal governor 'fair_share'
[    0.118748] thermal_sys: Registered thermal governor 'step_wise'
[    0.118753] thermal_sys: Registered thermal governor 'user_space'
[    0.118877] cpuidle: using governor menu
[    0.135447] /ocp/interconnect@44c00000/segment@200000/target-module@b000/i2c@0/tda19988@70: Fixed dependency cycle(s) with /ocp/interconnect@48000000/segment@300000/target-module@e000/lcdc@0
[    0.136481] /ocp/interconnect@48000000/segment@300000/target-module@e000/lcdc@0: Fixed dependency cycle(s) with /ocp/interconnect@44c00000/segment@200000/target-module@b000/i2c@0/tda19988@70
[    0.138456] No ATAGs?
[    0.138473] hw-breakpoint: debug architecture 0x4 unsupported.
[    0.147021] audit: type=2000 audit(0.110:1): state=initialized audit_enabled=0 res=1
[    0.147311] kprobes: kprobe jump-optimization is enabled. All kprobes are optimized if possible.
[    0.163321] reg-fixed-voltage fixedregulator0: GPIO lookup for consumer (null)
[    0.163347] reg-fixed-voltage fixedregulator0: using device tree for GPIO lookup
[    0.163369] of_get_named_gpiod_flags: can't parse 'gpios' property of node '/fixedregulator0[0]'
[    0.163407] of_get_named_gpiod_flags: can't parse 'gpio' property of node '/fixedregulator0[0]'
[    0.163429] reg-fixed-voltage fixedregulator0: using lookup tables for GPIO lookup
[    0.163439] reg-fixed-voltage fixedregulator0: No GPIO consumer (null) found
[    0.164578] iommu: Default domain type: Translated 
[    0.164591] iommu: DMA domain TLB invalidation policy: strict mode 
[    0.166029] SCSI subsystem initialized
[    0.166542] libata version 3.00 loaded.
[    0.166869] pps_core: LinuxPPS API ver. 1 registered
[    0.166879] pps_core: Software ver. 5.3.6 - Copyright 2005-2007 Rodolfo Giometti <giometti@linux.it>
[    0.166910] PTP clock support registered
[    0.168343] vgaarb: loaded
[    0.180711] clocksource: Switched to clocksource dmtimer
[    0.181350] VFS: Disk quotas dquot_6.6.0
[    0.181422] VFS: Dquot-cache hash table entries: 1024 (order 0, 4096 bytes)
[    0.193125] NET: Registered PF_INET protocol family
[    0.193459] IP idents hash table entries: 8192 (order: 4, 65536 bytes, linear)
[    0.194807] tcp_listen_portaddr_hash hash table entries: 512 (order: 0, 4096 bytes, linear)
[    0.194853] Table-perturb hash table entries: 65536 (order: 6, 262144 bytes, linear)
[    0.194870] TCP established hash table entries: 4096 (order: 2, 16384 bytes, linear)
[    0.194919] TCP bind hash table entries: 4096 (order: 4, 65536 bytes, linear)
[    0.195018] TCP: Hash tables configured (established 4096 bind 4096)
[    0.195134] UDP hash table entries: 256 (order: 1, 8192 bytes, linear)
[    0.195159] UDP-Lite hash table entries: 256 (order: 1, 8192 bytes, linear)
[    0.195339] NET: Registered PF_UNIX/PF_LOCAL protocol family
[    0.196535] RPC: Registered named UNIX socket transport module.
[    0.196554] RPC: Registered udp transport module.
[    0.196559] RPC: Registered tcp transport module.
[    0.196564] RPC: Registered tcp NFSv4.1 backchannel transport module.
[    0.196581] PCI: CLS 0 bytes, default 64
[    0.198009] Initialise system trusted keyrings
[    0.209189] workingset: timestamp_bits=14 max_order=17 bucket_order=3
[    0.218091] NFS: Registering the id_resolver key type
[    0.218211] Key type id_resolver registered
[    0.218220] Key type id_legacy registered
[    0.218272] jffs2: version 2.2. (NAND) (SUMMARY)  Â© 2001-2006 Red Hat, Inc.
[    0.219243] Key type asymmetric registered
[    0.219264] Asymmetric key parser 'x509' registered
[    0.219413] io scheduler mq-deadline registered
[    0.219426] io scheduler kyber registered
[    0.219668] io scheduler bfq registered
[    0.233304] hw perfevents: enabled with armv7_cortex_a8 PMU driver, 5 counters available
[    0.241523] l3-aon-clkctrl:0000:0: failed to disable
[    0.241853] Serial: 8250/16550 driver, 6 ports, IRQ sharing enabled
[    0.291033] brd: module loaded
[    0.298310] loop: module loaded
[    0.299342] mtdoops: mtd device (mtddev=name/number) must be supplied
[    0.300678] mdio_bus fixed-0: GPIO lookup for consumer reset
[    0.300696] mdio_bus fixed-0: using lookup tables for GPIO lookup
[    0.300705] mdio_bus fixed-0: No GPIO consumer reset found
[    0.301790] i2c_dev: i2c /dev entries driver
[    0.302689] cpuidle: enable-method property 'ti,am3352' found operations
[    0.303115] sdhci: Secure Digital Host Controller Interface driver
[    0.303123] sdhci: Copyright(c) Pierre Ossman
[    0.303298] sdhci-pltfm: SDHCI platform and OF driver helper
[    0.303553] ledtrig-cpu: registered to indicate activity on CPUs
[    0.304288] Initializing XFRM netlink socket
[    0.304842] NET: Registered PF_INET6 protocol family
[    0.316088] Segment Routing with IPv6
[    0.316165] In-situ OAM (IOAM) with IPv6
[    0.316259] sit: IPv6, IPv4 and MPLS over IPv4 tunneling driver
[    0.317124] NET: Registered PF_PACKET protocol family
[    0.317151] NET: Registered PF_KEY protocol family
[    0.317249] Key type dns_resolver registered
[    0.317364] ThumbEE CPU extension supported.
[    0.317380] Registering SWP/SWPB emulation handler
[    0.317888] omap_voltage_late_init: Voltage driver support not added
[    0.318516] SmartReflex Class3 initialized
[    0.319673] Loading compiled-in X.509 certificates
[    0.380142] /ocp/interconnect@44c00000/segment@200000/target-module@b000/i2c@0/tda19988@70: Fixed dependency cycle(s) with /ocp/interconnect@48000000/segment@300000/target-module@e000/lcdc@0
[    0.386096] /ocp/interconnect@44c00000/segment@200000/target-module@b000/i2c@0/tda19988@70: Fixed dependency cycle(s) with /ocp/interconnect@48000000/segment@300000/target-module@e000/lcdc@0
[    0.393831] /ocp/interconnect@44c00000/segment@200000/target-module@b000/i2c@0/tda19988@70: Fixed dependency cycle(s) with /ocp/interconnect@48000000/segment@300000/target-module@e000/lcdc@0
[    0.394622] /ocp/interconnect@44c00000/segment@200000/target-module@b000/i2c@0/tda19988@70: Fixed dependency cycle(s) with /ocp/interconnect@48000000/segment@300000/target-module@e000/lcdc@0
[    0.397653] /ocp/interconnect@44c00000/segment@200000/target-module@10000/scm@0/pinmux@800: Fixed dependency cycle(s) with /ocp/interconnect@44c00000/segment@200000/target-module@10000/scm@0/pinmux@800/pinmux_clkout2_pin
[    0.398233] pinctrl-single 44e10800.pinmux: 142 pins, size 568
[    0.403097] ti-sysc: probe of 44e31000.target-module failed with error -16
[    0.451363] /ocp/interconnect@48000000/segment@300000/target-module@e000/lcdc@0: Fixed dependency cycle(s) with /ocp/interconnect@44c00000/segment@200000/target-module@b000/i2c@0/tda19988@70
[    0.458470] ti-sysc: probe of 48040000.target-module failed with error -16
[    0.468899] gpio gpiochip0: (gpio-0-31): created GPIO range 0->7 ==> 44e10800.pinmux PIN 0->7
[    0.468934] gpio gpiochip0: (gpio-0-31): created GPIO range 8->11 ==> 44e10800.pinmux PIN 90->93
[    0.468950] gpio gpiochip0: (gpio-0-31): created GPIO range 12->27 ==> 44e10800.pinmux PIN 12->27
[    0.468965] gpio gpiochip0: (gpio-0-31): created GPIO range 28->31 ==> 44e10800.pinmux PIN 30->33
[    0.469034] gpio gpiochip0: (gpio-0-31): not an immutable chip, please consider fixing it!
[    0.499145] gpio gpiochip0: (gpio-0-31): added GPIO chardev (254:0)
[    0.499321] gpio gpiochip0: registered GPIOs 0 to 31 on gpio-0-31
[    0.499406] OMAP GPIO hardware version 0.1
[    0.524044] i2c i2c-2: GPIO lookup for consumer scl
[    0.524073] i2c i2c-2: using device tree for GPIO lookup
[    0.524100] of_get_named_gpiod_flags: can't parse 'scl-gpios' property of node '/ocp/interconnect@48000000/segment@100000/target-module@9c000/i2c@0[0]'
[    0.524142] of_get_named_gpiod_flags: can't parse 'scl-gpio' property of node '/ocp/interconnect@48000000/segment@100000/target-module@9c000/i2c@0[0]'
[    0.524182] i2c i2c-2: using lookup tables for GPIO lookup
[    0.524192] i2c i2c-2: No GPIO consumer scl found
[    0.524213] i2c i2c-2: GPIO lookup for consumer sda
[    0.524221] i2c i2c-2: using device tree for GPIO lookup
[    0.524233] of_get_named_gpiod_flags: can't parse 'sda-gpios' property of node '/ocp/interconnect@48000000/segment@100000/target-module@9c000/i2c@0[0]'
[    0.524269] of_get_named_gpiod_flags: can't parse 'sda-gpio' property of node '/ocp/interconnect@48000000/segment@100000/target-module@9c000/i2c@0[0]'
[    0.524302] i2c i2c-2: using lookup tables for GPIO lookup
[    0.524310] i2c i2c-2: No GPIO consumer sda found
[    0.524957] omap_i2c 4819c000.i2c: bus 2 rev0.11 at 100 kHz
[    0.530265] gpio gpiochip1: (gpio-32-63): created GPIO range 0->17 ==> 44e10800.pinmux PIN 34->51
[    0.530297] gpio gpiochip1: (gpio-32-63): created GPIO range 18->21 ==> 44e10800.pinmux PIN 77->80
[    0.530313] gpio gpiochip1: (gpio-32-63): created GPIO range 22->31 ==> 44e10800.pinmux PIN 56->65
[    0.530377] gpio gpiochip1: (gpio-32-63): not an immutable chip, please consider fixing it!
[    0.544002] gpio gpiochip1: (gpio-32-63): added GPIO chardev (254:1)
[    0.544132] gpio gpiochip1: registered GPIOs 32 to 63 on gpio-32-63
[    0.546209] gpio gpiochip2: (gpio-64-95): created GPIO range 0->4 ==> 44e10800.pinmux PIN 66->70
[    0.546238] gpio gpiochip2: (gpio-64-95): created GPIO range 5->6 ==> 44e10800.pinmux PIN 98->99
[    0.546254] gpio gpiochip2: (gpio-64-95): created GPIO range 7->8 ==> 44e10800.pinmux PIN 75->76
[    0.546269] gpio gpiochip2: (gpio-64-95): created GPIO range 13->13 ==> 44e10800.pinmux PIN 141->141
[    0.546286] gpio gpiochip2: (gpio-64-95): created GPIO range 14->21 ==> 44e10800.pinmux PIN 100->107
[    0.546348] gpio gpiochip2: (gpio-64-95): not an immutable chip, please consider fixing it!
[    0.546795] gpio gpiochip2: (gpio-64-95): added GPIO chardev (254:2)
[    0.546903] gpio gpiochip2: registered GPIOs 64 to 95 on gpio-64-95
[    0.552895] /ocp/interconnect@48000000/segment@300000/target-module@e000/lcdc@0: Fixed dependency cycle(s) with /ocp/interconnect@44c00000/segment@200000/target-module@b000/i2c@0/tda19988@70
[    0.555463] /ocp/interconnect@48000000/segment@300000/target-module@e000/lcdc@0: Fixed dependency cycle(s) with /ocp/interconnect@44c00000/segment@200000/target-module@b000/i2c@0/tda19988@70
[    0.556097] /ocp/interconnect@44c00000/segment@200000/target-module@b000/i2c@0/tda19988@70: Fixed dependency cycle(s) with /ocp/interconnect@48000000/segment@300000/target-module@e000/lcdc@0
[    0.556253] /ocp/interconnect@48000000/segment@300000/target-module@e000/lcdc@0: Fixed dependency cycle(s) with /ocp/interconnect@44c00000/segment@200000/target-module@b000/i2c@0/tda19988@70
[    0.564880] mdio_bus 4a101000.mdio: GPIO lookup for consumer reset
[    0.564907] mdio_bus 4a101000.mdio: using device tree for GPIO lookup
[    0.564930] of_get_named_gpiod_flags: can't parse 'reset-gpios' property of node '/ocp/interconnect@4a000000/segment@0/target-module@100000/switch@0/mdio@1000[0]'
[    0.564977] of_get_named_gpiod_flags: can't parse 'reset-gpio' property of node '/ocp/interconnect@4a000000/segment@0/target-module@100000/switch@0/mdio@1000[0]'
[    0.565020] mdio_bus 4a101000.mdio: using lookup tables for GPIO lookup
[    0.565029] mdio_bus 4a101000.mdio: No GPIO consumer reset found
[    0.566065] sdhci-omap 481d8000.mmc: GPIO lookup for consumer wp
[    0.566087] sdhci-omap 481d8000.mmc: using device tree for GPIO lookup
[    0.566104] of_get_named_gpiod_flags: can't parse 'wp-gpios' property of node '/ocp/interconnect@48000000/segment@100000/target-module@d8000/mmc@0[0]'
[    0.566154] of_get_named_gpiod_flags: can't parse 'wp-gpio' property of node '/ocp/interconnect@48000000/segment@100000/target-module@d8000/mmc@0[0]'
[    0.566191] sdhci-omap 481d8000.mmc: using lookup tables for GPIO lookup
[    0.566200] sdhci-omap 481d8000.mmc: No GPIO consumer wp found
[    0.566384] sdhci-omap 481d8000.mmc: supply pbias not found, using dummy regulator
[    0.566817] sdhci-omap 481d8000.mmc: supply vqmmc not found, using dummy regulator
[    0.624198] davinci_mdio 4a101000.mdio: davinci mdio revision 1.6, bus freq 1000000
[    0.641190] mdio_bus 4a101000.mdio:00: GPIO lookup for consumer reset
[    0.641213] mdio_bus 4a101000.mdio:00: using device tree for GPIO lookup
[    0.641252] of_get_named_gpiod_flags: parsed 'reset-gpios' property of node '/ocp/interconnect@4a000000/segment@0/target-module@100000/switch@0/mdio@1000/ethernet-phy@0[0]' - status (0)
[    0.641417] gpio gpiochip0: Persistence not supported for GPIO 8
[    0.795182] davinci_mdio 4a101000.mdio: phy[0]: device 4a101000.mdio:00, driver SMSC LAN8710/LAN8720
[    0.795781] cpsw-switch 4a100000.switch: initialized cpsw ale version 1.4
[    0.795800] cpsw-switch 4a100000.switch: ALE Table size 1024
[    0.809389] cpsw-switch 4a100000.switch: cpts: overflow check period 500 (jiffies)
[    0.809411] cpsw-switch 4a100000.switch: CPTS: ref_clk_freq:250000000 calc_mult:2147483648 calc_shift:29 error:0 nsec/sec
[    0.809509] cpsw-switch 4a100000.switch: Detected MACID = 6c:ec:eb:68:de:78
[    0.811175] cpsw-switch 4a100000.switch: initialized (regs 0x4a100000, pool size 256) hw_ver:0019010C 1.12 (0)
[    0.821123] debugfs: Directory '49000000.dma' with parent 'dmaengine' already present!
[    0.821163] edma 49000000.dma: TI EDMA DMA engine driver
[    0.846984] gpio-clk clk_mcasp0: GPIO lookup for consumer enable
[    0.847015] gpio-clk clk_mcasp0: using device tree for GPIO lookup
[    0.847052] of_get_named_gpiod_flags: parsed 'enable-gpios' property of node '/clk_mcasp0[0]' - status (0)
[    0.847099] gpio gpiochip0: Persistence not supported for GPIO 27
[    0.847993] gpio gpiochip3: (gpio-96-127): created GPIO range 0->7 ==> 44e10800.pinmux PIN 82->89
[    0.848027] gpio gpiochip3: (gpio-96-127): created GPIO range 8->11 ==> 44e10800.pinmux PIN 52->55
[    0.848043] gpio gpiochip3: (gpio-96-127): created GPIO range 12->15 ==> 44e10800.pinmux PIN 94->97
[    0.848059] gpio gpiochip3: (gpio-96-127): created GPIO range 16->17 ==> 44e10800.pinmux PIN 71->72
[    0.848074] gpio gpiochip3: (gpio-96-127): created GPIO range 18->18 ==> 44e10800.pinmux PIN 135->135
[    0.848089] gpio gpiochip3: (gpio-96-127): created GPIO range 19->20 ==> 44e10800.pinmux PIN 108->109
[    0.848105] gpio gpiochip3: (gpio-96-127): created GPIO range 21->21 ==> 44e10800.pinmux PIN 73->73
[    0.848122] gpio gpiochip3: (gpio-96-127): created GPIO range 22->23 ==> 44e10800.pinmux PIN 8->9
[    0.848138] gpio gpiochip3: (gpio-96-127): created GPIO range 26->27 ==> 44e10800.pinmux PIN 10->11
[    0.848155] gpio gpiochip3: (gpio-96-127): created GPIO range 28->28 ==> 44e10800.pinmux PIN 74->74
[    0.848172] gpio gpiochip3: (gpio-96-127): created GPIO range 29->29 ==> 44e10800.pinmux PIN 81->81
[    0.848190] gpio gpiochip3: (gpio-96-127): created GPIO range 30->31 ==> 44e10800.pinmux PIN 28->29
[    0.848260] gpio gpiochip3: (gpio-96-127): not an immutable chip, please consider fixing it!
[    0.862579] gpio gpiochip3: (gpio-96-127): added GPIO chardev (254:3)
[    0.862719] gpio gpiochip3: registered GPIOs 96 to 127 on gpio-96-127
[    0.864305] omap8250 44e09000.serial: GPIO lookup for consumer rs485-term
[    0.864328] omap8250 44e09000.serial: using device tree for GPIO lookup
[    0.864352] of_get_named_gpiod_flags: can't parse 'rs485-term-gpios' property of node '/ocp/interconnect@44c00000/segment@200000/target-module@9000/serial@0[0]'
[    0.864401] of_get_named_gpiod_flags: can't parse 'rs485-term-gpio' property of node '/ocp/interconnect@44c00000/segment@200000/target-module@9000/serial@0[0]'
[    0.864441] omap8250 44e09000.serial: using lookup tables for GPIO lookup
[    0.864451] omap8250 44e09000.serial: No GPIO consumer rs485-term found
[    0.864498] 44e09000.serial: ttyS0 at MMIO 0x44e09000 (irq = 34, base_baud = 3000000) is a 8250
[    2.181059] printk: console [ttyS0] enabled
[    2.187856] i2c i2c-0: GPIO lookup for consumer scl
[    2.187892] i2c i2c-0: using device tree for GPIO lookup
[    2.187918] of_get_named_gpiod_flags: can't parse 'scl-gpios' property of node '/ocp/interconnect@44c00000/segment@200000/target-module@b000/i2c@0[0]'
[    2.187965] of_get_named_gpiod_flags: can't parse 'scl-gpio' property of node '/ocp/interconnect@44c00000/segment@200000/target-module@b000/i2c@0[0]'
[    2.188006] i2c i2c-0: using lookup tables for GPIO lookup
[    2.188017] i2c i2c-0: No GPIO consumer scl found
[    2.188039] i2c i2c-0: GPIO lookup for consumer sda
[    2.188048] i2c i2c-0: using device tree for GPIO lookup
[    2.188064] of_get_named_gpiod_flags: can't parse 'sda-gpios' property of node '/ocp/interconnect@44c00000/segment@200000/target-module@b000/i2c@0[0]'
[    2.188102] of_get_named_gpiod_flags: can't parse 'sda-gpio' property of node '/ocp/interconnect@44c00000/segment@200000/target-module@b000/i2c@0[0]'
[    2.188136] i2c i2c-0: using lookup tables for GPIO lookup
[    2.188145] i2c i2c-0: No GPIO consumer sda found
[    2.219451] tps65217-pmic: Failed to locate of_node [id: -1]
[    2.235245] tps65217-bl: Failed to locate of_node [id: -1]
[    2.243841] tps65217 0-0024: TPS65217 ID 0xe version 1.2
[    2.249884] /ocp/interconnect@48000000/segment@300000/target-module@e000/lcdc@0: Fixed dependency cycle(s) with /ocp/interconnect@44c00000/segment@200000/target-module@b000/i2c@0/tda19988@70
[    2.267192] /ocp/interconnect@44c00000/segment@200000/target-module@b000/i2c@0/tda19988@70: Fixed dependency cycle(s) with /ocp/interconnect@48000000/segment@300000/target-module@e000/lcdc@0
[    2.284520] omap_i2c 44e0b000.i2c: bus 0 rev0.11 at 400 kHz
[    2.291844] sdhci-omap 48060000.mmc: GPIO lookup for consumer cd
[    2.291871] sdhci-omap 48060000.mmc: using device tree for GPIO lookup
[    2.291911] of_get_named_gpiod_flags: parsed 'cd-gpios' property of node '/ocp/interconnect@48000000/segment@0/target-module@60000/mmc@0[0]' - status (0)
[    2.292032] gpio gpiochip3: Persistence not supported for GPIO 6
[    2.292056] omap_gpio 44e07000.gpio: Could not set line 6 debounce to 200000 microseconds (-22)
[    2.300929] sdhci-omap 48060000.mmc: Got CD GPIO
[    2.305575] sdhci-omap 48060000.mmc: GPIO lookup for consumer wp
[    2.305585] sdhci-omap 48060000.mmc: using device tree for GPIO lookup
[    2.305605] of_get_named_gpiod_flags: can't parse 'wp-gpios' property of node '/ocp/interconnect@48000000/segment@0/target-module@60000/mmc@0[0]'
[    2.305650] of_get_named_gpiod_flags: can't parse 'wp-gpio' property of node '/ocp/interconnect@48000000/segment@0/target-module@60000/mmc@0[0]'
[    2.305690] sdhci-omap 48060000.mmc: using lookup tables for GPIO lookup
[    2.305701] sdhci-omap 48060000.mmc: No GPIO consumer wp found
[    2.305898] sdhci-omap 48060000.mmc: supply pbias not found, using dummy regulator
[    2.314633] sdhci-omap 481d8000.mmc: GPIO lookup for consumer wp
[    2.314663] sdhci-omap 481d8000.mmc: using device tree for GPIO lookup
[    2.314684] of_get_named_gpiod_flags: can't parse 'wp-gpios' property of node '/ocp/interconnect@48000000/segment@100000/target-module@d8000/mmc@0[0]'
[    2.314735] of_get_named_gpiod_flags: can't parse 'wp-gpio' property of node '/ocp/interconnect@48000000/segment@100000/target-module@d8000/mmc@0[0]'
[    2.314773] sdhci-omap 481d8000.mmc: using lookup tables for GPIO lookup
[    2.314784] sdhci-omap 481d8000.mmc: No GPIO consumer wp found
[    2.315370] sdhci-omap 48060000.mmc: supply vqmmc not found, using dummy regulator
[    2.323732] sdhci-omap 481d8000.mmc: supply pbias not found, using dummy regulator
[    2.331868] sdhci-omap 481d8000.mmc: supply vqmmc not found, using dummy regulator
[    2.368680] mmc1: SDHCI controller on 481d8000.mmc [481d8000.mmc] using External DMA
[    2.377483] mmc0: SDHCI controller on 48060000.mmc [48060000.mmc] using External DMA
[    2.386196] cpsw-switch 4a100000.switch: starting ndev. mode: dual_mac
[    2.448914] mmc1: new high speed MMC card at address 0001
[    2.455695] mmcblk1: mmc1:0001 MMC04G 3.60 GiB 
[    2.463240]  mmcblk1: p1 p2
[    2.466667] mmc0: new high speed SDHC card at address aaaa
[    2.473854] mmcblk1boot0: mmc1:0001 MMC04G 2.00 MiB 
[    2.480214] mmcblk0: mmc0:aaaa SE32G 29.7 GiB 
[    2.486581] mmcblk1boot1: mmc1:0001 MMC04G 2.00 MiB 
[    2.494662] mmcblk1rpmb: mmc1:0001 MMC04G 128 KiB, chardev (250:0)
[    2.501375]  mmcblk0: p1 p2
[    2.539800] SMSC LAN8710/LAN8720 4a101000.mdio:00: attached PHY driver (mii_bus:phy_addr=4a101000.mdio:00, irq=POLL)
[    5.689360] cpsw-switch 4a100000.switch eth0: Link is Up - 100Mbps/Full - flow control off
[    5.697752] IPv6: ADDRCONF(NETDEV_CHANGE): eth0: link becomes ready
[    5.728651] IP-Config: Complete:
[    5.731909]      device=eth0, hwaddr=6c:ec:eb:68:de:78, ipaddr=192.168.255.1, mask=255.255.255.0, gw=255.255.255.255
[    5.742522]      host=bbb1, domain=, nis-domain=(none)
[    5.747686]      bootserver=192.168.255.126, rootserver=192.168.255.126, rootpath=
[    5.748093] clk: Disabling unused clocks
[    5.759962] KTAP version 1
[    5.762690] 1..0
[    5.786165] VFS: Mounted root (nfs filesystem) on device 0:16.
[    5.793165] devtmpfs: mounted
[    5.797508] Freeing unused kernel image (initmem) memory: 1024K
[    5.804151] Run /sbin/init as init process
[    5.808275]   with arguments:
[    5.808285]     /sbin/init
[    5.808293]     nfsrootdebug
[    5.808299]   with environment:
[    5.808306]     HOME=/
[    5.808313]     TERM=linux
[    6.472953] systemd[1]: System time before build time, advancing clock.
[    7.948646] random: crng init done
[    8.019753] systemd[1]: systemd 232 running in system mode. (+PAM +AUDIT +SELINUX +IMA +APPARMOR +SMACK +SYSVINIT +UTMP +LIBCRYPTSETUP +GCRYPT +GNUTLS +ACL +XZ +LZ4 +SECCOMP +BLKID +ELFUTILS +KMOD +IDN)
[    8.038922] systemd[1]: Detected architecture arm.
[    8.081459] systemd[1]: Set hostname to <arm>.
[    9.133154] systemd[1]: Listening on udev Control Socket.
[    9.169045] systemd[1]: Reached target Swap.
[    9.200432] systemd[1]: Listening on /dev/initctl Compatibility Named Pipe.
[    9.240175] systemd[1]: Created slice User and Session Slice.
[    9.279471] systemd[1]: Started Forward Password Requests to Wall Directory Watch.
[    9.320287] systemd[1]: Set up automount Arbitrary Executable File Formats File System Automount Point.
[    9.360527] systemd[1]: Listening on Syslog Socket.
[   11.886331] systemd-journald[102]: Received request to flush runtime journal from PID 1
[   14.406597] of_get_named_gpiod_flags: parsed 'gpios' property of node '/leds/led2[0]' - status (0)
[   14.406690] gpio gpiochip0: Persistence not supported for GPIO 21
[   14.406703] gpio-21 (?): no flags found for gpios
[   14.406954] of_get_named_gpiod_flags: parsed 'gpios' property of node '/leds/led3[0]' - status (0)
[   14.406998] gpio gpiochip0: Persistence not supported for GPIO 22
[   14.407008] gpio-22 (?): no flags found for gpios
[   14.419196] of_get_named_gpiod_flags: parsed 'gpios' property of node '/leds/led4[0]' - status (0)
[   14.419277] gpio gpiochip0: Persistence not supported for GPIO 23
[   14.419289] gpio-23 (?): no flags found for gpios
[   14.439190] of_get_named_gpiod_flags: parsed 'gpios' property of node '/leds/led5[0]' - status (0)
[   14.439271] gpio gpiochip0: Persistence not supported for GPIO 24
[   14.439285] gpio-24 (?): no flags found for gpios
[   14.717891] remoteproc remoteproc0: wkup_m3 is available
