Labgrid Console Logfile for main
Logfile started at 2025-01-06 09:56:38.345366
=== Log starts here ===
reading args
spl_load_image_fat_os: error reading image args, err - -1
reading u-boot.img
reading u-boot.img


U-Boot 2014.04-00014-g47880f5 (Apr 22 2014 - 13:23:54)

I2C:   ready
DRAM:  512 MiB
NAND:  0 MiB
MMC:   OMAP SD/MMC: 0, OMAP SD/MMC: 1
*** Warning - readenv() failed, using default environment

Net:   <ethaddr> not set. Validating first E-fuse MAC
cpsw, usb_ether
Hit any key to stop autoboot:  1  0 
gpio: pin 53 (gpio 53) value is 1
mmc0 is current device
gpio: pin 54 (gpio 54) value is 1
SD/MMC found on device 0
reading uEnv.txt
569 bytes read in 4 ms (138.7 KiB/s)
gpio: pin 55 (gpio 55) value is 1
Loaded environment from uEnv.txt
Importing environment from mmc ...
Checking if uenvcmd is set ...
gpio: pin 56 (gpio 56) value is 1
Running uenvcmd ...
cpsw Waiting for PHY auto negotiation to complete. done
link up on port 0, speed 100, full duplex
Using cpsw device
TFTP from server 192.168.255.126; our IP address is 192.168.255.1
Filename 'zImage'.
Load address: 0x81000000
Loading: *T #################################################################
	 #################################################################
	 #################################################################
	 #################################################################
	 #################################################################
	 #####################################################
	 752.9 KiB/s
done
Bytes transferred = 5545640 (549ea8 hex)
link up on port 0, speed 100, full duplex
Using cpsw device
TFTP from server 192.168.255.126; our IP address is 192.168.255.1
Filename 'am335x-boneblack.dtb'.
Load address: 0x82000000
Loading: *#######
	 1.3 MiB/s
done
Bytes transferred = 98244 (17fc4 hex)
Kernel image @ 0x81000000 [ 0x000000 - 0x549ea8 ]
## Flattened Device Tree blob at 82000000
   Booting using the fdt blob at 0x82000000
   Using Device Tree in place at 82000000, end 8201afc3

Starting kernel ...

[    0.000000] Booting Linux on physical CPU 0x0
[    0.000000] Linux version 6.13.0-rc5-next-20250106 (user01@drvtest01) (arm-linux-gnueabihf-gcc (Linaro GCC 6.4-2017.11) 6.4.1 20171012, GNU ld (Linaro_Binutils-2017.11) 2.27.0.20161229) #3 SMP Mon Jan  6 09:55:46 EET 2025
[    0.000000] CPU: ARMv7 Processor [413fc082] revision 2 (ARMv7), cr=10c5387d
[    0.000000] CPU: PIPT / VIPT nonaliasing data cache, VIPT aliasing instruction cache
[    0.000000] OF: fdt: Machine model: TI AM335x BeagleBone Black
[    0.000000] Memory policy: Data cache writeback
[    0.000000] cma: Reserved 16 MiB at 0x9e800000 on node -1
[    0.000000] Zone ranges:
[    0.000000]   Normal   [mem 0x0000000080000000-0x000000009fdfffff]
[    0.000000]   HighMem  empty
[    0.000000] Movable zone start for each node
[    0.000000] Early memory node ranges
[    0.000000]   node   0: [mem 0x0000000080000000-0x000000009fdfffff]
[    0.000000] Initmem setup node 0 [mem 0x0000000080000000-0x000000009fdfffff]
[    0.000000] OF: reserved mem: Reserved memory: No reserved-memory node in the DT
[    0.000000] CPU: All CPU(s) started in SVC mode.
[    0.000000] AM335X ES2.1 (sgx neon)
[    0.000000] percpu: Embedded 17 pages/cpu s39628 r8192 d21812 u69632
[    0.000000] Kernel command line: console=ttyO0,115200n8 root=/dev/nfs rw nfsroot=192.168.255.126:/home/user01/nfs,nfsvers=3 ip=192.168.255.1:192.168.255.126::255.255.255.0:bbb1:eth0 nfsrootdebug
[    0.000000] Unknown kernel command line parameters "nfsrootdebug", will be passed to user space.
[    0.000000] printk: log buffer data + meta data: 65536 + 204800 = 270336 bytes
[    0.000000] Dentry cache hash table entries: 65536 (order: 6, 262144 bytes, linear)
[    0.000000] Inode-cache hash table entries: 32768 (order: 5, 131072 bytes, linear)
[    0.000000] Built 1 zonelists, mobility grouping on.  Total pages: 130560
[    0.000000] mem auto-init: stack:off, heap alloc:off, heap free:off
[    0.000000] SLUB: HWalign=64, Order=0-3, MinObjects=0, CPUs=1, Nodes=1
[    0.000000] rcu: Hierarchical RCU implementation.
[    0.000000] rcu: 	RCU event tracing is enabled.
[    0.000000] rcu: 	RCU restricting CPUs from NR_CPUS=2 to nr_cpu_ids=1.
[    0.000000] 	Tracing variant of Tasks RCU enabled.
[    0.000000] rcu: RCU calculated value of scheduler-enlistment delay is 10 jiffies.
[    0.000000] rcu: Adjusting geometry for rcu_fanout_leaf=16, nr_cpu_ids=1
[    0.000000] RCU Tasks Trace: Setting shift to 0 and lim to 1 rcu_task_cb_adjust=1 rcu_task_cpu_ids=1.
[    0.000000] NR_IRQS: 16, nr_irqs: 16, preallocated irqs: 16
[    0.000000] IRQ: Found an INTC at 0x(ptrval) (revision 5.0) with 128 interrupts
[    0.000000] rcu: srcu_init: Setting srcu_struct sizes based on contention.
[    0.000000] TI gptimer clocksource: always-on /ocp/interconnect@44c00000/segment@200000/target-module@31000
[    0.000002] sched_clock: 32 bits at 24MHz, resolution 41ns, wraps every 89478484971ns
[    0.000025] clocksource: dmtimer: mask: 0xffffffff max_cycles: 0xffffffff, max_idle_ns: 79635851949 ns
[    0.000513] TI gptimer clockevent: 24000000 Hz at /ocp/interconnect@48000000/segment@0/target-module@40000
[    0.002172] Console: colour dummy device 80x30
[    0.002238] WARNING: Your 'console=ttyO0' has been replaced by 'ttyS0'
[    0.002246] This ensures that you still see kernel messages. Please
[    0.002251] update your kernel commandline.
[    0.002294] Calibrating delay loop... 996.14 BogoMIPS (lpj=4980736)
[    0.090562] CPU: Testing write buffer coherency: ok
[    0.090678] CPU0: Spectre v2: using BPIALL workaround
[    0.090690] pid_max: default: 32768 minimum: 301
[    0.090810] LSM: initializing lsm=capability
[    0.090988] Mount-cache hash table entries: 1024 (order: 0, 4096 bytes, linear)
[    0.091009] Mountpoint-cache hash table entries: 1024 (order: 0, 4096 bytes, linear)
[    0.092695] CPU0: thread -1, cpu 0, socket -1, mpidr 0
[    0.160929] Setting up static identity map for 0x80100000 - 0x80100078
[    0.170716] rcu: Hierarchical SRCU implementation.
[    0.170728] rcu: 	Max phase no-delay instances is 1000.
[    0.172520] smp: Bringing up secondary CPUs ...
[    0.172575] smp: Brought up 1 node, 1 CPU
[    0.172590] SMP: Total of 1 processors activated (996.14 BogoMIPS).
[    0.172600] CPU: All CPU(s) started in SVC mode.
[    0.172780] Memory: 480836K/522240K available (11264K kernel code, 1214K rwdata, 2908K rodata, 1024K init, 296K bss, 23388K reserved, 16384K cma-reserved, 0K highmem)
[    0.173641] devtmpfs: initialized
[    0.191013] VFP support v0.3: implementor 41 architecture 3 part 30 variant c rev 3
[    0.191384] clocksource: jiffies: mask: 0xffffffff max_cycles: 0xffffffff, max_idle_ns: 19112604462750000 ns
[    0.191420] futex hash table entries: 256 (order: 2, 16384 bytes, linear)
[    0.192715] pinctrl core: initialized pinctrl subsystem
[    0.195497] NET: Registered PF_NETLINK/PF_ROUTE protocol family
[    0.198297] DMA: preallocated 256 KiB pool for atomic coherent allocations
[    0.199221] audit: initializing netlink subsys (disabled)
[    0.200811] thermal_sys: Registered thermal governor 'fair_share'
[    0.200829] thermal_sys: Registered thermal governor 'step_wise'
[    0.200839] thermal_sys: Registered thermal governor 'user_space'
[    0.200974] audit: type=2000 audit(0.000:1): state=initialized audit_enabled=0 res=1
[    0.201054] cpuidle: using governor menu
[    0.219326] /ocp/interconnect@44c00000/segment@200000/target-module@b000/i2c@0/tda19988@70: Fixed dependency cycle(s) with /ocp/interconnect@48000000/segment@300000/target-module@e000/lcdc@0
[    0.220477] /ocp/interconnect@48000000/segment@300000/target-module@e000/lcdc@0: Fixed dependency cycle(s) with /ocp/interconnect@44c00000/segment@200000/target-module@b000/i2c@0/tda19988@70
[    0.222848] No ATAGs?
[    0.222870] hw-breakpoint: debug architecture 0x4 unsupported.
[    0.225695] kprobes: kprobe jump-optimization is enabled. All kprobes are optimized if possible.
[    0.234137] iommu: Default domain type: Translated
[    0.234161] iommu: DMA domain TLB invalidation policy: strict mode
[    0.241630] SCSI subsystem initialized
[    0.242498] pps_core: LinuxPPS API ver. 1 registered
[    0.242509] pps_core: Software ver. 5.3.6 - Copyright 2005-2007 Rodolfo Giometti <giometti@linux.it>
[    0.242533] PTP clock support registered
[    0.250895] vgaarb: loaded
[    0.251324] clocksource: Switched to clocksource dmtimer
[    0.252005] VFS: Disk quotas dquot_6.6.0
[    0.252052] VFS: Dquot-cache hash table entries: 1024 (order 0, 4096 bytes)
[    0.275876] NET: Registered PF_INET protocol family
[    0.276237] IP idents hash table entries: 8192 (order: 4, 65536 bytes, linear)
[    0.277656] tcp_listen_portaddr_hash hash table entries: 512 (order: 0, 4096 bytes, linear)
[    0.277697] Table-perturb hash table entries: 65536 (order: 6, 262144 bytes, linear)
[    0.277714] TCP established hash table entries: 4096 (order: 2, 16384 bytes, linear)
[    0.277758] TCP bind hash table entries: 4096 (order: 4, 65536 bytes, linear)
[    0.277859] TCP: Hash tables configured (established 4096 bind 4096)
[    0.277981] UDP hash table entries: 256 (order: 1, 14336 bytes, linear)
[    0.278017] UDP-Lite hash table entries: 256 (order: 1, 14336 bytes, linear)
[    0.278202] NET: Registered PF_UNIX/PF_LOCAL protocol family
[    0.282569] RPC: Registered named UNIX socket transport module.
[    0.282594] RPC: Registered udp transport module.
[    0.282599] RPC: Registered tcp transport module.
[    0.282604] RPC: Registered tcp-with-tls transport module.
[    0.282610] RPC: Registered tcp NFSv4.1 backchannel transport module.
[    0.282634] PCI: CLS 0 bytes, default 64
[    0.284126] Initialise system trusted keyrings
[    0.292122] workingset: timestamp_bits=14 max_order=17 bucket_order=3
[    0.293471] NFS: Registering the id_resolver key type
[    0.293543] Key type id_resolver registered
[    0.293551] Key type id_legacy registered
[    0.293601] jffs2: version 2.2. (NAND) (SUMMARY)  Â© 2001-2006 Red Hat, Inc.
[    0.294005] Key type asymmetric registered
[    0.294023] Asymmetric key parser 'x509' registered
[    0.294091] io scheduler mq-deadline registered
[    0.294102] io scheduler kyber registered
[    0.294171] io scheduler bfq registered
[    0.295779] ledtrig-cpu: registered to indicate activity on CPUs
[    0.301868] Serial: 8250/16550 driver, 6 ports, IRQ sharing enabled
[    0.340212] brd: module loaded
[    0.358279] loop: module loaded
[    0.359205] mtdoops: mtd device (mtddev=name/number) must be supplied
[    0.364043] i2c_dev: i2c /dev entries driver
[    0.365008] cpuidle: enable-method property 'ti,am3352' found operations
[    0.365469] sdhci: Secure Digital Host Controller Interface driver
[    0.365480] sdhci: Copyright(c) Pierre Ossman
[    0.365651] sdhci-pltfm: SDHCI platform and OF driver helper
[    0.366670] Initializing XFRM netlink socket
[    0.366821] NET: Registered PF_INET6 protocol family
[    0.387388] Segment Routing with IPv6
[    0.387481] In-situ OAM (IOAM) with IPv6
[    0.387579] sit: IPv6, IPv4 and MPLS over IPv4 tunneling driver
[    0.388556] NET: Registered PF_PACKET protocol family
[    0.388595] NET: Registered PF_KEY protocol family
[    0.388737] Key type dns_resolver registered
[    0.389011] ThumbEE CPU extension supported.
[    0.389033] Registering SWP/SWPB emulation handler
[    0.389578] omap_voltage_late_init: Voltage driver support not added
[    0.389945] SmartReflex Class3 initialized
[    0.407775] Loading compiled-in X.509 certificates
[    0.455117] /ocp/interconnect@44c00000/segment@200000/target-module@b000/i2c@0/tda19988@70: Fixed dependency cycle(s) with /ocp/interconnect@48000000/segment@300000/target-module@e000/lcdc@0
[    0.461696] /ocp/interconnect@44c00000/segment@200000/target-module@b000/i2c@0/tda19988@70: Fixed dependency cycle(s) with /ocp/interconnect@48000000/segment@300000/target-module@e000/lcdc@0
[    0.489823] /ocp/interconnect@44c00000/segment@200000/target-module@b000/i2c@0/tda19988@70: Fixed dependency cycle(s) with /ocp/interconnect@48000000/segment@300000/target-module@e000/lcdc@0
[    0.490691] /ocp/interconnect@44c00000/segment@200000/target-module@b000/i2c@0/tda19988@70: Fixed dependency cycle(s) with /ocp/interconnect@48000000/segment@300000/target-module@e000/lcdc@0
[    0.494470] /ocp/interconnect@44c00000/segment@200000/target-module@10000/scm@0/pinmux@800: Fixed dependency cycle(s) with /ocp/interconnect@44c00000/segment@200000/target-module@10000/scm@0/pinmux@800/clkout2-pins
[    0.495057] pinctrl-single 44e10800.pinmux: 142 pins, size 568
[    0.500351] ti-sysc 44e31000.target-module: probe with driver ti-sysc failed with error -16
[    0.526709] /ocp/interconnect@48000000/segment@300000/target-module@e000/lcdc@0: Fixed dependency cycle(s) with /ocp/interconnect@44c00000/segment@200000/target-module@b000/i2c@0/tda19988@70
[    0.534890] ti-sysc 48040000.target-module: probe with driver ti-sysc failed with error -16
[    0.574443] OMAP GPIO hardware version 0.1
[    0.613610] omap_i2c 4819c000.i2c: bus 2 rev0.11 at 100 kHz
[    0.642777] 48000000.interconnect:segment@200000:target-module@0:mpu@0:fck: device ID is greater than 24
[    0.643703] /ocp/interconnect@48000000/segment@300000/target-module@e000/lcdc@0: Fixed dependency cycle(s) with /ocp/interconnect@44c00000/segment@200000/target-module@b000/i2c@0/tda19988@70
[    0.646468] /ocp/interconnect@48000000/segment@300000/target-module@e000/lcdc@0: Fixed dependency cycle(s) with /ocp/interconnect@44c00000/segment@200000/target-module@b000/i2c@0/tda19988@70
[    0.647145] /ocp/interconnect@44c00000/segment@200000/target-module@b000/i2c@0/tda19988@70: Fixed dependency cycle(s) with /ocp/interconnect@48000000/segment@300000/target-module@e000/lcdc@0
[    0.647318] /ocp/interconnect@48000000/segment@300000/target-module@e000/lcdc@0: Fixed dependency cycle(s) with /ocp/interconnect@44c00000/segment@200000/target-module@b000/i2c@0/tda19988@70
[    0.658544] sdhci-omap 481d8000.mmc: supply pbias not found, using dummy regulator
[    0.659054] sdhci-omap 481d8000.mmc: supply vqmmc not found, using dummy regulator
[    0.701906] davinci_mdio 4a101000.mdio: davinci mdio revision 1.6, bus freq 1000000
[    0.852522] davinci_mdio 4a101000.mdio: phy[0]: device 4a101000.mdio:00, driver SMSC LAN8710/LAN8720
[    0.853309] cpsw-switch 4a100000.switch: initialized cpsw ale version 1.4
[    0.853333] cpsw-switch 4a100000.switch: ALE Table size 1024, Policers 0
[    0.853485] cpsw-switch 4a100000.switch: cpts: overflow check period 500 (jiffies)
[    0.853502] cpsw-switch 4a100000.switch: CPTS: ref_clk_freq:250000000 calc_mult:2147483648 calc_shift:29 error:0 nsec/sec
[    0.853608] cpsw-switch 4a100000.switch: Detected MACID = 6c:ec:eb:68:de:78
[    0.855430] cpsw-switch 4a100000.switch: initialized (regs 0x4a100000, pool size 256) hw_ver:0019010C 1.12 (0)
[    0.866536] debugfs: Directory '49000000.dma' with parent 'dmaengine' already present!
[    0.866577] edma 49000000.dma: TI EDMA DMA engine driver
[    0.885931] target-module@4b000000:target-module@140000:pmu@0:fck: device ID is greater than 24
[    0.907969] hw perfevents: enabled with armv7_cortex_a8 PMU driver, 5 (8000000f) counters available
[    0.915743] l3-aon-clkctrl:0000:0: failed to disable
[    0.927203] 44e09000.serial: ttyS0 at MMIO 0x44e09000 (irq = 34, base_baud = 3000000) is a 8250
[    0.927293] printk: legacy console [ttyS0] enabled
[    2.472324] tps65217-pmic: Failed to locate of_node [id: -1]
[    2.478399] tps65217-bl: Failed to locate of_node [id: -1]
[    2.489790] tps65217 0-0024: TPS65217 ID 0xe version 1.2
[    2.495943] /ocp/interconnect@48000000/segment@300000/target-module@e000/lcdc@0: Fixed dependency cycle(s) with /ocp/interconnect@44c00000/segment@200000/target-module@b000/i2c@0/tda19988@70
[    2.513311] /ocp/interconnect@44c00000/segment@200000/target-module@b000/i2c@0/tda19988@70: Fixed dependency cycle(s) with /ocp/interconnect@48000000/segment@300000/target-module@e000/lcdc@0
[    2.530678] omap_i2c 44e0b000.i2c: bus 0 rev0.11 at 400 kHz
[    2.538760] omap_gpio 44e07000.gpio: Could not set line 6 debounce to 200000 microseconds (-22)
[    2.547646] sdhci-omap 48060000.mmc: Got CD GPIO
[    2.552693] sdhci-omap 48060000.mmc: supply pbias not found, using dummy regulator
[    2.562985] sdhci-omap 48060000.mmc: supply vqmmc not found, using dummy regulator
[    2.572027] sdhci-omap 481d8000.mmc: supply pbias not found, using dummy regulator
[    2.580023] sdhci-omap 481d8000.mmc: supply vqmmc not found, using dummy regulator
[    2.618869] mmc1: SDHCI controller on 481d8000.mmc [481d8000.mmc] using External DMA
[    2.628143] mmc0: SDHCI controller on 48060000.mmc [48060000.mmc] using External DMA
[    2.637008] cpsw-switch 4a100000.switch: starting ndev. mode: dual_mac
[    2.680617] mmc0: new high speed SDHC card at address 5048
[    2.687726] mmcblk0: mmc0:5048 SD16G 14.4 GiB
[    2.695942]  mmcblk0: p1 p2
[    2.699338] mmcblk0: p2 size 31221760 extends beyond EOD, truncated
[    2.712585] SMSC LAN8710/LAN8720 4a101000.mdio:00: attached PHY driver (mii_bus:phy_addr=4a101000.mdio:00, irq=POLL)
[    2.725212] mmc1: new high speed MMC card at address 0001
[    2.732197] mmcblk1: mmc1:0001 MMC04G 3.60 GiB
[    2.743911]  mmcblk1: p1 p2
[    2.748193] mmcblk1boot0: mmc1:0001 MMC04G 2.00 MiB
[    2.755536] mmcblk1boot1: mmc1:0001 MMC04G 2.00 MiB
[    2.763054] mmcblk1rpmb: mmc1:0001 MMC04G 128 KiB, chardev (250:0)
[    5.922114] cpsw-switch 4a100000.switch eth0: Link is Up - 100Mbps/Full - flow control off
[    5.961575] IP-Config: Complete:
[    5.964851]      device=eth0, hwaddr=6c:ec:eb:68:de:78, ipaddr=192.168.255.1, mask=255.255.255.0, gw=255.255.255.255
[    5.975517]      host=bbb1, domain=, nis-domain=(none)
[    5.980686]      bootserver=192.168.255.126, rootserver=192.168.255.126, rootpath=
[    5.981120] clk: Disabling unused clocks
[    5.992969] PM: genpd: Disabling unused power domains
[    5.998088] KTAP version 1
[    6.000809] 1..0
[    6.065670] VFS: Mounted root (nfs filesystem) on device 0:17.
[    6.072679] devtmpfs: mounted
[    6.077434] Freeing unused kernel image (initmem) memory: 1024K
[    6.084320] Run /sbin/init as init process
[    6.803839] systemd[1]: System time before build time, advancing clock.
[    8.271346] random: crng init done
[    8.313347] systemd[1]: systemd 232 running in system mode. (+PAM +AUDIT +SELINUX +IMA +APPARMOR +SMACK +SYSVINIT +UTMP +LIBCRYPTSETUP +GCRYPT +GNUTLS +ACL +XZ +LZ4 +SECCOMP +BLKID +ELFUTILS +KMOD +IDN)
[    8.332484] systemd[1]: Detected architecture arm.

Welcome to [1mDebian GNU/Linux 9 (stretch)[0m!

[    8.364540] systemd[1]: Set hostname to <arm>.
[    9.468440] systemd[1]: Created slice User and Session Slice.
[[0;32m  OK  [0m] Created slice User and Session Slice.
[    9.492664] systemd[1]: Created slice System Slice.
[[0;32m  OK  [0m] Created slice System Slice.
[    9.523448] systemd[1]: Listening on udev Control Socket.
[[0;32m  OK  [0m] Listening on udev Control Socket.
[    9.553265] systemd[1]: Listening on /dev/initctl Compatibility Named Pipe.
[[0;32m  OK  [0m] Listening on /dev/initctl Compatibility Named Pipe.
[    9.583229] systemd[1]: Listening on Syslog Socket.
[[0;32m  OK  [0m] Listening on Syslog Socket.
[    9.612274] systemd[1]: Started Dispatch Password Requests to Console Directory Watch.
[[0;32m  OK  [0m] Started Dispatch Password Requests to Console Directory Watch.
[    9.642828] systemd[1]: Created slice system-getty.slice.
[[0;32m  OK  [0m] Created slice system-getty.slice.
[[0;32m  OK  [0m] Reached target Swap.
         Mounting POSIX Message Queue File System...
[[0;32m  OK  [0m] Started Forward Password Requests to Wall Directory Watch.
[[0;32m  OK  [0m] Reached target Paths.
[[0;32m  OK  [0m] Reached target Encrypted Volumes.
[[0;32m  OK  [0m] Reached target Remote File Systems.
[[0;32m  OK  [0m] Listening on Journal Socket (/dev/log).
         Mounting Debug File System...
[[0;32m  OK  [0m] Listening on Journal Audit Socket.
[[0;32m  OK  [0m] Reached target Slices.
[[0;32m  OK  [0m] Set up automount Arbitrary Executabâ€¦rmats File System Automount Point.
[[0;32m  OK  [0m] Listening on Journal Socket.
         Starting Remount Root and Kernel File Systems...
         Starting Journal Service...
         Starting Create list of required stâ€¦ce nodes for the current kernel...
         Starting Load Kernel Modules...
[[0;32m  OK  [0m] Listening on udev Kernel Socket.
[[0;32m  OK  [0m] Created slice system-serial\x2dgetty.slice.
[[0;32m  OK  [0m] Mounted POSIX Message Queue File System.
[[0;32m  OK  [0m] Mounted Debug File System.
[[0;32m  OK  [0m] Started Remount Root and Kernel File Systems.
[[0;32m  OK  [0m] Started Create list of required staâ€¦vice nodes for the current kernel.
         Starting Create Static Device Nodes in /dev...
         Starting udev Coldplug all Devices...
         Starting Load/Save Random Seed...
[[0;32m  OK  [0m] Started Load Kernel Modules.
         Mounting Configuration File System...
         Starting Apply Kernel Variables...
[[0;32m  OK  [0m] Mounted Configuration File System.
[[0;32m  OK  [0m] Started Load/Save Random Seed.
[[0;32m  OK  [0m] Started Apply Kernel Variables.
[[0;32m  OK  [0m] Started Create Static Device Nodes in /dev.
         Starting udev Kernel Device Manager...
[[0;32m  OK  [0m] Reached target Local File Systems (Pre).
[[0;32m  OK  [0m] Reached target Local File Systems.
         Starting Raise network interfaces...
[[0;32m  OK  [0m] Started Journal Service.
         Starting Flush Journal to Persistent Storage...
[   11.832084] systemd-journald[90]: Received request to flush runtime journal from PID 1
[[0;32m  OK  [0m] Started Flush Journal to Persistent Storage.
         Starting Create Volatile Files and Directories...
[[0;32m  OK  [0m] Started udev Kernel Device Manager.
[[0;32m  OK  [0m] Started Create Volatile Files and Directories.
         Starting Network Time Synchronization...
         Starting Update UTMP about System Boot/Shutdown...
[[0;32m  OK  [0m] Started Update UTMP about System Boot/Shutdown.
[[0;32m  OK  [0m] Started udev Coldplug all Devices.
[   14.980548] remoteproc remoteproc0: wkup_m3 is available
[[0;32m  OK  [0m] Started Network Time Synchronization.
[   15.225823] omap_wdt: OMAP Watchdog Timer Rev 0x01: initial timeout 60 sec
[[0;32m  OK  [0m] Reached target System Time Synchronized.
[[0;32m  OK  [0m] Reached target System Initialization.
[[0;32m  OK  [0m] Started Daily Cleanup of Temporary Directories.
[[0;32m  OK  [0m] Listening on D-Bus System Message Bus Socket.
[[0;32m  OK  [0m] Listening on Avahi mDNS/DNS-SD Stack Activat[   15.508089] at24 2-0054: supply vcc not found, using dummy regulator
ion Socket.
[[0;32m  OK  [0m] Reached target Sockets.
[[0;32m  OK  [0m] Reached target Basic System.
[   15.612773] usbcore: registered new interface driver usbfs
[   15.618420] usbcore: registered new interface driver hub
[   15.623981] usbcore: registered new device driver usb
[   15.632647] am335x-phy-driver 47401300.usb-phy: dummy supplies not allowed for exclusive requests (id=vbus)
[   15.684438] at24 2-0055: supply vcc not found, using dummy regulator
[   15.771857] at24 2-0056: supply vcc not found, using dummy regulator
         Starting LSB: Load kernel modules needed to enable cpufreq scaling...
[   15.879917] am335x-phy-driver 47401b00.usb-phy: dummy supplies not allowed for exclusive requests (id=vbus)
[   15.902478] at24 2-0057: supply vcc not found, using dummy regulator
         Starting Login Service...
[   16.043196] at24 0-0050: 32768 byte 24c256 EEPROM, writable, 1 bytes/write
[   16.119095] tps6521x_pwrbutton tps65217-pwrbutton: DMA mask not set
         Starting Generic Board Startup...
[   16.241148] input: tps65217_pwrbutton as /devices/platform/ocp/44c00000.interconnect/44c00000.interconnect:segment@200000/44e0b000.target-module/44e0b000.i2c/i2c-0/0-0024/tps65217-pwrbutton/input/input0
         Starting DUN service...
         Starting Cape Manager Service...[   16.406416] omap_rtc 44e3e000.rtc: registered as rtc0

[   16.414092] omap_rtc 44e3e000.rtc: setting system clock to 2000-01-01T00:00:00 UTC (946684800)
[   16.500431] wkup_m3_ipc 44e11324.wkup_m3_ipc: IPC Request for A8->M3 Channel failed! -517
         Starting Avahi mDNS/DNS-SD Stack...
[[0;32m  OK  [0m] Started Daily apt download activities.
[   16.742645] wkup_m3_ipc 44e11324.wkup_m3_ipc: IPC Request for A8->M3 Channel failed! -517
[[0;32m  OK  [0m] Started Daily apt upgrade and clean activities.
[[0;32m  OK  [0m] Reached target Timers.
[   16.893374] musb-hdrc musb-hdrc.1: MUSB HDRC host driver
[   16.898794] musb-hdrc musb-hdrc.1: new USB bus registered, assigned bus number 1
[   16.908361] wkup_m3_ipc 44e11324.wkup_m3_ipc: IPC Request for A8->M3 Channel failed! -517
         Starting System Logging Service...
[   17.122014] usb usb1: New USB device found, idVendor=1d6b, idProduct=0002, bcdDevice= 6.13
[   17.130376] usb usb1: New USB device strings: Mfr=3, Product=2, SerialNumber=1
[   17.137766] usb usb1: Product: MUSB HDRC host driver
[   17.142820] usb usb1: Manufacturer: Linux 6.13.0-rc5-next-20250106 musb-hcd
[   17.149822] usb usb1: SerialNumber: musb-hdrc.1
[[0;32m  OK  [0m] Started Regular background program processing daemon.
         Starting LSB: Start busybox udhcpd at boot time...
[   17.646123] hub 1-0:1.0: USB hub found
         Starting Telephony service...
[   17.732053] hub 1-0:1.0: 1 port detected
[   17.814314] wkup_m3_ipc 44e11324.wkup_m3_ipc: IPC Request for A8->M3 Channel failed! -517
[[0;32m  OK  [0m] Started D-Bus System Message Bus.
[   17.886507] tda998x 0-0070: found TDA19988
[   17.941979] wkup_m3_ipc 44e11324.wkup_m3_ipc: IPC Request for A8->M3 Channel failed! -517
[   18.141063] wkup_m3_ipc 44e11324.wkup_m3_ipc: IPC Request for A8->M3 Channel failed! -517
[   18.164171] omap-mailbox 480c8000.mailbox: omap mailbox rev 0x400
 [   18.456093] remoteproc remoteproc0: powering up wkup_m3
[    18.813482] remoteproc remoteproc0: Direct firmware load for  am335x-pm-firmware.elf failed with error -2
[   18.824157] re moteproc remoteproc0: request_firmware failed: -2
[   18.8302 83] wkup
[   20.927487] tilcdc 4830e000.lcdc: bound 0-0070 (ops 0xbf077030)
[   20.978880] [drm] Initialized tilcdc 1.0.0 for 4830e000.lcdc on minor 0
[   21.043016] tilcdc 4830e000.lcdc: [drm] Cannot find any crtc or sizes
[   21.051047] tilcdc 4830e000.lcdc: [drm] Cannot find any crtc or sizes
[[0;32m  OK  [0m] Started DUN service.
[[0;32m  OK  [0m] Started Avahi mDNS/DNS-SD Stack.
[[0;32m  OK  [0m] Started Telephony service.
         Starting Connection service...
[   21.946250] PM: Cannot get wkup_m3_ipc handle
[   22.038074] omap-sham 53100000.sham: hw accel on OMAP rev 4.3
[   22.160247] omap-sham 53100000.sham: will run requests pump with realtime priority
[   22.169475] PM: Cannot get wkup_m3_ipc handle
[   22.240766] omap-aes 53500000.aes: OMAP AES hw accel rev: 3.2
[[0;32m  OK  [0m] Started System Logging Service.
[   22.381750] omap-aes 53500000.aes: will run requests pump with realtime priority
[   22.393888] PM: Cannot get wkup_m3_ipc handle
[[0;32m  OK  [0m] Started Cape Manager Service.
[[0;32m  OK  [0m] Found device /dev/ttyS0.
[   23.538909] Bluetooth: Core ver 2.22
[   23.543163] NET: Registered PF_BLUETOOTH protocol family
[   23.548521] Bluetooth: HCI device and connection manager initialized
[   23.555105] Bluetooth: HCI socket layer initialized
[   23.560029] Bluetooth: L2CAP socket layer initialized
[   23.565186] Bluetooth: SCO socket layer initialized
[   25.995823] PM: Cannot get wkup_m3_ipc handle
[   26.133368] PM: Cannot get wkup_m3_ipc handle
[[0;32m  OK  [0m] Started LSB: Start busybox udhcpd at boot time.
[[0;32m  OK  [0m] Started Raise network interfaces.
[[0;32m  OK  [0m] Started LSB: Load kernel modules needed to enable cpufreq scaling.
[   28.508868] configfs-gadget.g_multi gadget.0: HOST MAC 1c:ba:8c:a2:ed:6c
[   28.515894] configfs-gadget.g_multi gadget.0: MAC 1c:ba:8c:a2:ed:70
[   28.523336] configfs-gadget.g_multi gadget.0: HOST MAC 1c:ba:8c:a2:ed:6c
[   28.530102] configfs-gadget.g_multi gadget.0: MAC 1c:ba:8c:a2:ed:6d
[   28.537362] PM: Cannot get wkup_m3_ipc handle
[[0;32m  OK  [0m] Started Connection service.
[[0;32m  OK  [0m] Started Login Service.
[[0;32m  OK  [0m] Reached target Sound Card.
         Starting LSB: set CPUFreq kernel parameters...
[[0;32m  OK  [0m] Reached target Network.
[[0;32m  OK  [0m] Reached target Network is Online.
         Starting LSB: Advanced IEEE 802.11 management daemon...
         Starting OpenBSD Secure Shell server...
         Starting The Apache HTTP Server...
         Starting Permit User Sessions...
[[0;32m  OK  [0m] Started LSB: Advanced IEEE 802.11 management daemon.
[[0;32m  OK  [0m] Started Permit User Sessions.
         Starting Hostname Service...
[[0;32m  OK  [0m] Started Getty on tty1.
[[0;32m  OK  [0m] Started Serial Getty on ttyS0.
[[0;32m  OK  [0m] Reached target Login Prompts.
         Starting WPA supplicant...
[[0;32m  OK  [0m] Started LSB: set CPUFreq kernel parameters.
[[0;32m  OK  [0m] Started Hostname Service.
         Stopping LSB: Start busybox udhcpd at boot time...
[[0;32m  OK  [0m] Started WPA supplicant.
[[0;32m  OK  [0m] Started OpenBSD Secure Shell server.
[[0;32m  OK  [0m] Stopped LSB: Start busybox udhcpd at boot time.
         Starting dnsmasq - A lightweight DHCP and caching DNS server...
[[0;32m  OK  [0m] Started The Apache HTTP Server.
[[0;32m  OK  [0m] Started dnsmasq - A lightweight DHCP and caching DNS server.
[[0;32m  OK  [0m] Reached target Host and Network Name Lookups.
[[0;32m  OK  [0m] Started Serial Getty on ttyGS0.
[[0;32m  OK  [0m] Started Generic Board Startup.
[[0;32m  OK  [0m] Reached target Multi-User System.
[[0;32m  OK  [0m] Reached target Graphical Interface.
         Starting Update UTMP about System Runlevel Changes...
[[0;32m  OK  [0m] Started Update UTMP about System Runlevel Changes.

Debian GNU/Linux 9 arm ttyS0

default username:password is [debian:temppwd]

arm login: root
Password: 
Last login: Sat Jan  1 00:00:29 UTC 2000 on ttyS0
root
Linux arm 6.13.0-rc5-next-20250106 #3 SMP Mon Jan  6 09:55:46 EET 2025 armv7l

The programs included with the Debian GNU/Linux system are free software;
the exact distribution terms for each program are described in the
individual files in /usr/share/doc/*/copyright.

Debian GNU/Linux comes with ABSOLUTELY NO WARRANTY, to the extent
permitted by applicable law.
root@arm:~# root
dmesg -n 1
-bash: root: command not found
root@arm:~# dmesg -n 1
root@arm:~# echo 'LKOX''NFFEPP'
LKOXNFFEPP
root@arm:~# run() { echo -n "$MARKER"; sh -c "$@"; echo "$MARKER $?"; }
root@arm:~# echo 'YNXA''QXUCGN'
YNXAQXUCGN
root@arm:~# MARKER='VTQW''YJGAUA' run 'cat /proc/version'
VTQWYJGAUALinux version 6.13.0-rc5-next-20250106 (user01@drvtest01) (arm-linux-gnueabihf-gcc (Linaro GCC 6.4-2017.11) 6.4.1 20171012, GNU ld (Linaro_Binutils-2017.11) 2.27.0.20161229) #3 SMP Mon Jan  6 09:55:46 EET 2025
VTQWYJGAUA 0
root@arm:~# echo 'MKJF''KMKUCX'
MKJFKMKUCX
root@arm:~# MARKER='TTAV''KQJLBM' run false
TTAVKQJLBMTTAVKQJLBM 1
root@arm:~# Labgrid Console Logfile for main
Logfile started at 2025-01-06 09:57:44.206198
=== Log starts here ===

root@arm:~# run() { echo -n "$MARKER"; sh -c "$@"; echo "$MARKER $?"; }
root@arm:~# echo 'OKTB''WCBQGH'
OKTBWCBQGH
root@arm:~# MARKER='YCVO''LHPKZH' run 'ls /iio_generic_buffer; echo $?'
YCVOLHPKZH/iio_generic_buffer
0
YCVOLHPKZH 0
root@arm:~# Labgrid Console Logfile for main
Logfile started at 2025-01-06 09:57:47.645330
=== Log starts here ===

root@arm:~# run() { echo -n "$MARKER"; sh -c "$@"; echo "$MARKER $?"; }
root@arm:~# echo 'FELC''PTWTQC'
FELCPTWTQC
root@arm:~# MARKER='XYQV''MBUOUN' run dmesg
XYQVMBUOUN[    0.000000] Booting Linux on physical CPU 0x0
[    0.000000] Linux version 6.13.0-rc5-next-20250106 (user01@drvtest01) (arm-linux-gnueabihf-gcc (Linaro GCC 6.4-2017.11) 6.4.1 20171012, GNU ld (Linaro_Binutils-2017.11) 2.27.0.20161229) #3 SMP Mon Jan  6 09:55:46 EET 2025
[    0.000000] CPU: ARMv7 Processor [413fc082] revision 2 (ARMv7), cr=10c5387d
[    0.000000] CPU: PIPT / VIPT nonaliasing data cache, VIPT aliasing instruction cache
[    0.000000] OF: fdt: Machine model: TI AM335x BeagleBone Black
[    0.000000] Memory policy: Data cache writeback
[    0.000000] cma: Reserved 16 MiB at 0x9e800000 on node -1
[    0.000000] Zone ranges:
[    0.000000]   Normal   [mem 0x0000000080000000-0x000000009fdfffff]
[    0.000000]   HighMem  empty
[    0.000000] Movable zone start for each node
[    0.000000] Early memory node ranges
[    0.000000]   node   0: [mem 0x0000000080000000-0x000000009fdfffff]
[    0.000000] Initmem setup node 0 [mem 0x0000000080000000-0x000000009fdfffff]
[    0.000000] OF: reserved mem: Reserved memory: No reserved-memory node in the DT
[    0.000000] CPU: All CPU(s) started in SVC mode.
[    0.000000] AM335X ES2.1 (sgx neon)
[    0.000000] percpu: Embedded 17 pages/cpu s39628 r8192 d21812 u69632
[    0.000000] pcpu-alloc: s39628 r8192 d21812 u69632 alloc=17*4096
[    0.000000] pcpu-alloc: [0] 0 
[    0.000000] Kernel command line: console=ttyO0,115200n8 root=/dev/nfs rw nfsroot=192.168.255.126:/home/user01/nfs,nfsvers=3 ip=192.168.255.1:192.168.255.126::255.255.255.0:bbb1:eth0 nfsrootdebug
[    0.000000] Unknown kernel command line parameters "nfsrootdebug", will be passed to user space.
[    0.000000] printk: log buffer data + meta data: 65536 + 204800 = 270336 bytes
[    0.000000] Dentry cache hash table entries: 65536 (order: 6, 262144 bytes, linear)
[    0.000000] Inode-cache hash table entries: 32768 (order: 5, 131072 bytes, linear)
[    0.000000] Built 1 zonelists, mobility grouping on.  Total pages: 130560
[    0.000000] mem auto-init: stack:off, heap alloc:off, heap free:off
[    0.000000] SLUB: HWalign=64, Order=0-3, MinObjects=0, CPUs=1, Nodes=1
[    0.000000] rcu: Hierarchical RCU implementation.
[    0.000000] rcu: 	RCU event tracing is enabled.
[    0.000000] rcu: 	RCU restricting CPUs from NR_CPUS=2 to nr_cpu_ids=1.
[    0.000000] 	Tracing variant of Tasks RCU enabled.
[    0.000000] rcu: RCU calculated value of scheduler-enlistment delay is 10 jiffies.
[    0.000000] rcu: Adjusting geometry for rcu_fanout_leaf=16, nr_cpu_ids=1
[    0.000000] RCU Tasks Trace: Setting shift to 0 and lim to 1 rcu_task_cb_adjust=1 rcu_task_cpu_ids=1.
[    0.000000] NR_IRQS: 16, nr_irqs: 16, preallocated irqs: 16
[    0.000000] IRQ: Found an INTC at 0x(ptrval) (revision 5.0) with 128 interrupts
[    0.000000] rcu: srcu_init: Setting srcu_struct sizes based on contention.
[    0.000000] TI gptimer clocksource: always-on /ocp/interconnect@44c00000/segment@200000/target-module@31000
[    0.000002] sched_clock: 32 bits at 24MHz, resolution 41ns, wraps every 89478484971ns
[    0.000025] clocksource: dmtimer: mask: 0xffffffff max_cycles: 0xffffffff, max_idle_ns: 79635851949 ns
[    0.000513] TI gptimer clockevent: 24000000 Hz at /ocp/interconnect@48000000/segment@0/target-module@40000
[    0.002172] Console: colour dummy device 80x30
[    0.002238] WARNING: Your 'console=ttyO0' has been replaced by 'ttyS0'
[    0.002246] This ensures that you still see kernel messages. Please
[    0.002251] update your kernel commandline.
[    0.002294] Calibrating delay loop... 996.14 BogoMIPS (lpj=4980736)
[    0.090562] CPU: Testing write buffer coherency: ok
[    0.090678] CPU0: Spectre v2: using BPIALL workaround
[    0.090690] pid_max: default: 32768 minimum: 301
[    0.090810] LSM: initializing lsm=capability
[    0.090988] Mount-cache hash table entries: 1024 (order: 0, 4096 bytes, linear)
[    0.091009] Mountpoint-cache hash table entries: 1024 (order: 0, 4096 bytes, linear)
[    0.092695] CPU0: thread -1, cpu 0, socket -1, mpidr 0
[    0.160929] Setting up static identity map for 0x80100000 - 0x80100078
[    0.170716] rcu: Hierarchical SRCU implementation.
[    0.170728] rcu: 	Max phase no-delay instances is 1000.
[    0.172520] smp: Bringing up secondary CPUs ...
[    0.172575] smp: Brought up 1 node, 1 CPU
[    0.172590] SMP: Total of 1 processors activated (996.14 BogoMIPS).
[    0.172600] CPU: All CPU(s) started in SVC mode.
[    0.172780] Memory: 480836K/522240K available (11264K kernel code, 1214K rwdata, 2908K rodata, 1024K init, 296K bss, 23388K reserved, 16384K cma-reserved, 0K highmem)
[    0.173641] devtmpfs: initialized
[    0.191013] VFP support v0.3: implementor 41 architecture 3 part 30 variant c rev 3
[    0.191384] clocksource: jiffies: mask: 0xffffffff max_cycles: 0xffffffff, max_idle_ns: 19112604462750000 ns
[    0.191420] futex hash table entries: 256 (order: 2, 16384 bytes, linear)
[    0.192715] pinctrl core: initialized pinctrl subsystem
[    0.195497] NET: Registered PF_NETLINK/PF_ROUTE protocol family
[    0.198297] DMA: preallocated 256 KiB pool for atomic coherent allocations
[    0.199221] audit: initializing netlink subsys (disabled)
[    0.200811] thermal_sys: Registered thermal governor 'fair_share'
[    0.200829] thermal_sys: Registered thermal governor 'step_wise'
[    0.200839] thermal_sys: Registered thermal governor 'user_space'
[    0.200974] audit: type=2000 audit(0.000:1): state=initialized audit_enabled=0 res=1
[    0.201054] cpuidle: using governor menu
[    0.219326] /ocp/interconnect@44c00000/segment@200000/target-module@b000/i2c@0/tda19988@70: Fixed dependency cycle(s) with /ocp/interconnect@48000000/segment@300000/target-module@e000/lcdc@0
[    0.220477] /ocp/interconnect@48000000/segment@300000/target-module@e000/lcdc@0: Fixed dependency cycle(s) with /ocp/interconnect@44c00000/segment@200000/target-module@b000/i2c@0/tda19988@70
[    0.222848] No ATAGs?
[    0.222870] hw-breakpoint: debug architecture 0x4 unsupported.
[    0.225695] kprobes: kprobe jump-optimization is enabled. All kprobes are optimized if possible.
[    0.234137] iommu: Default domain type: Translated
[    0.234161] iommu: DMA domain TLB invalidation policy: strict mode
[    0.235786] reg-fixed-voltage fixedregulator0: using DT '/fixedregulator0' for '(default)' GPIO lookup
[    0.235840] of_get_named_gpiod_flags: can't parse 'gpios' property of node '/fixedregulator0[0]'
[    0.235869] of_get_named_gpiod_flags: can't parse 'gpio' property of node '/fixedregulator0[0]'
[    0.235887] reg-fixed-voltage fixedregulator0: using lookup tables for GPIO lookup
[    0.235899] reg-fixed-voltage fixedregulator0: No GPIO consumer (default) found
[    0.241630] SCSI subsystem initialized
[    0.242131] libata version 3.00 loaded.
[    0.242498] pps_core: LinuxPPS API ver. 1 registered
[    0.242509] pps_core: Software ver. 5.3.6 - Copyright 2005-2007 Rodolfo Giometti <giometti@linux.it>
[    0.242533] PTP clock support registered
[    0.250895] vgaarb: loaded
[    0.251324] clocksource: Switched to clocksource dmtimer
[    0.252005] VFS: Disk quotas dquot_6.6.0
[    0.252052] VFS: Dquot-cache hash table entries: 1024 (order 0, 4096 bytes)
[    0.275876] NET: Registered PF_INET protocol family
[    0.276237] IP idents hash table entries: 8192 (order: 4, 65536 bytes, linear)
[    0.277656] tcp_listen_portaddr_hash hash table entries: 512 (order: 0, 4096 bytes, linear)
[    0.277697] Table-perturb hash table entries: 65536 (order: 6, 262144 bytes, linear)
[    0.277714] TCP established hash table entries: 4096 (order: 2, 16384 bytes, linear)
[    0.277758] TCP bind hash table entries: 4096 (order: 4, 65536 bytes, linear)
[    0.277859] TCP: Hash tables configured (established 4096 bind 4096)
[    0.277981] UDP hash table entries: 256 (order: 1, 14336 bytes, linear)
[    0.278017] UDP-Lite hash table entries: 256 (order: 1, 14336 bytes, linear)
[    0.278202] NET: Registered PF_UNIX/PF_LOCAL protocol family
[    0.282569] RPC: Registered named UNIX socket transport module.
[    0.282594] RPC: Registered udp transport module.
[    0.282599] RPC: Registered tcp transport module.
[    0.282604] RPC: Registered tcp-with-tls transport module.
[    0.282610] RPC: Registered tcp NFSv4.1 backchannel transport module.
[    0.282634] PCI: CLS 0 bytes, default 64
[    0.284126] Initialise system trusted keyrings
[    0.292122] workingset: timestamp_bits=14 max_order=17 bucket_order=3
[    0.293471] NFS: Registering the id_resolver key type
[    0.293543] Key type id_resolver registered
[    0.293551] Key type id_legacy registered
[    0.293601] jffs2: version 2.2. (NAND) (SUMMARY)  Â© 2001-2006 Red Hat, Inc.
[    0.294005] Key type asymmetric registered
[    0.294023] Asymmetric key parser 'x509' registered
[    0.294091] io scheduler mq-deadline registered
[    0.294102] io scheduler kyber registered
[    0.294171] io scheduler bfq registered
[    0.295779] ledtrig-cpu: registered to indicate activity on CPUs
[    0.301868] Serial: 8250/16550 driver, 6 ports, IRQ sharing enabled
[    0.340212] brd: module loaded
[    0.358279] loop: module loaded
[    0.359205] mtdoops: mtd device (mtddev=name/number) must be supplied
[    0.362644] mdio_bus fixed-0: using lookup tables for GPIO lookup
[    0.362672] mdio_bus fixed-0: No GPIO consumer reset found
[    0.364043] i2c_dev: i2c /dev entries driver
[    0.365008] cpuidle: enable-method property 'ti,am3352' found operations
[    0.365469] sdhci: Secure Digital Host Controller Interface driver
[    0.365480] sdhci: Copyright(c) Pierre Ossman
[    0.365651] sdhci-pltfm: SDHCI platform and OF driver helper
[    0.366670] Initializing XFRM netlink socket
[    0.366821] NET: Registered PF_INET6 protocol family
[    0.387388] Segment Routing with IPv6
[    0.387481] In-situ OAM (IOAM) with IPv6
[    0.387579] sit: IPv6, IPv4 and MPLS over IPv4 tunneling driver
[    0.388556] NET: Registered PF_PACKET protocol family
[    0.388595] NET: Registered PF_KEY protocol family
[    0.388737] Key type dns_resolver registered
[    0.389011] ThumbEE CPU extension supported.
[    0.389033] Registering SWP/SWPB emulation handler
[    0.389578] omap_voltage_late_init: Voltage driver support not added
[    0.389945] SmartReflex Class3 initialized
[    0.407775] Loading compiled-in X.509 certificates
[    0.455117] /ocp/interconnect@44c00000/segment@200000/target-module@b000/i2c@0/tda19988@70: Fixed dependency cycle(s) with /ocp/interconnect@48000000/segment@300000/target-module@e000/lcdc@0
[    0.461696] /ocp/interconnect@44c00000/segment@200000/target-module@b000/i2c@0/tda19988@70: Fixed dependency cycle(s) with /ocp/interconnect@48000000/segment@300000/target-module@e000/lcdc@0
[    0.467302] gpiochip_find_base_unlocked: found new base at 512
[    0.489823] /ocp/interconnect@44c00000/segment@200000/target-module@b000/i2c@0/tda19988@70: Fixed dependency cycle(s) with /ocp/interconnect@48000000/segment@300000/target-module@e000/lcdc@0
[    0.490691] /ocp/interconnect@44c00000/segment@200000/target-module@b000/i2c@0/tda19988@70: Fixed dependency cycle(s) with /ocp/interconnect@48000000/segment@300000/target-module@e000/lcdc@0
[    0.494470] /ocp/interconnect@44c00000/segment@200000/target-module@10000/scm@0/pinmux@800: Fixed dependency cycle(s) with /ocp/interconnect@44c00000/segment@200000/target-module@10000/scm@0/pinmux@800/clkout2-pins
[    0.495057] pinctrl-single 44e10800.pinmux: 142 pins, size 568
[    0.500351] ti-sysc 44e31000.target-module: probe with driver ti-sysc failed with error -16
[    0.526709] /ocp/interconnect@48000000/segment@300000/target-module@e000/lcdc@0: Fixed dependency cycle(s) with /ocp/interconnect@44c00000/segment@200000/target-module@b000/i2c@0/tda19988@70
[    0.534890] ti-sysc 48040000.target-module: probe with driver ti-sysc failed with error -16
[    0.546313] gpiochip_find_base_unlocked: found new base at 512
[    0.546416] gpio gpiochip0: (gpio-0-31): created GPIO range 0->7 ==> 44e10800.pinmux PIN 0->7
[    0.546436] gpio gpiochip0: (gpio-0-31): created GPIO range 8->11 ==> 44e10800.pinmux PIN 90->93
[    0.546453] gpio gpiochip0: (gpio-0-31): created GPIO range 12->27 ==> 44e10800.pinmux PIN 12->27
[    0.546469] gpio gpiochip0: (gpio-0-31): created GPIO range 28->31 ==> 44e10800.pinmux PIN 30->33
[    0.574208] gpio gpiochip0: (gpio-0-31): added GPIO chardev (254:0)
[    0.574355] gpio gpiochip0: registered GPIOs 512 to 543 on gpio-0-31
[    0.574443] OMAP GPIO hardware version 0.1
[    0.612561] i2c i2c-2: using DT '/ocp/interconnect@48000000/segment@100000/target-module@9c000/i2c@0' for 'scl' GPIO lookup
[    0.612636] of_get_named_gpiod_flags: can't parse 'scl-gpios' property of node '/ocp/interconnect@48000000/segment@100000/target-module@9c000/i2c@0[0]'
[    0.612681] of_get_named_gpiod_flags: can't parse 'scl-gpio' property of node '/ocp/interconnect@48000000/segment@100000/target-module@9c000/i2c@0[0]'
[    0.612717] i2c i2c-2: using lookup tables for GPIO lookup
[    0.612729] i2c i2c-2: No GPIO consumer scl found
[    0.612750] i2c i2c-2: using DT '/ocp/interconnect@48000000/segment@100000/target-module@9c000/i2c@0' for 'sda' GPIO lookup
[    0.612787] of_get_named_gpiod_flags: can't parse 'sda-gpios' property of node '/ocp/interconnect@48000000/segment@100000/target-module@9c000/i2c@0[0]'
[    0.612826] of_get_named_gpiod_flags: can't parse 'sda-gpio' property of node '/ocp/interconnect@48000000/segment@100000/target-module@9c000/i2c@0[0]'
[    0.612859] i2c i2c-2: using lookup tables for GPIO lookup
[    0.612867] i2c i2c-2: No GPIO consumer sda found
[    0.613610] omap_i2c 4819c000.i2c: bus 2 rev0.11 at 100 kHz
[    0.619092] gpiochip_find_base_unlocked: found new base at 544
[    0.619197] gpio gpiochip1: (gpio-32-63): created GPIO range 0->17 ==> 44e10800.pinmux PIN 34->51
[    0.619218] gpio gpiochip1: (gpio-32-63): created GPIO range 18->21 ==> 44e10800.pinmux PIN 77->80
[    0.619235] gpio gpiochip1: (gpio-32-63): created GPIO range 22->31 ==> 44e10800.pinmux PIN 56->65
[    0.620030] gpio gpiochip1: (gpio-32-63): added GPIO chardev (254:1)
[    0.620171] gpio gpiochip1: registered GPIOs 544 to 575 on gpio-32-63
[    0.622431] gpiochip_find_base_unlocked: found new base at 576
[    0.622529] gpio gpiochip2: (gpio-64-95): created GPIO range 0->4 ==> 44e10800.pinmux PIN 66->70
[    0.622550] gpio gpiochip2: (gpio-64-95): created GPIO range 5->6 ==> 44e10800.pinmux PIN 98->99
[    0.622566] gpio gpiochip2: (gpio-64-95): created GPIO range 7->8 ==> 44e10800.pinmux PIN 75->76
[    0.622582] gpio gpiochip2: (gpio-64-95): created GPIO range 13->13 ==> 44e10800.pinmux PIN 141->141
[    0.622599] gpio gpiochip2: (gpio-64-95): created GPIO range 14->21 ==> 44e10800.pinmux PIN 100->107
[    0.636763] gpio gpiochip2: (gpio-64-95): added GPIO chardev (254:2)
[    0.636916] gpio gpiochip2: registered GPIOs 576 to 607 on gpio-64-95
[    0.642777] 48000000.interconnect:segment@200000:target-module@0:mpu@0:fck: device ID is greater than 24
[    0.643703] /ocp/interconnect@48000000/segment@300000/target-module@e000/lcdc@0: Fixed dependency cycle(s) with /ocp/interconnect@44c00000/segment@200000/target-module@b000/i2c@0/tda19988@70
[    0.646468] /ocp/interconnect@48000000/segment@300000/target-module@e000/lcdc@0: Fixed dependency cycle(s) with /ocp/interconnect@44c00000/segment@200000/target-module@b000/i2c@0/tda19988@70
[    0.647145] /ocp/interconnect@44c00000/segment@200000/target-module@b000/i2c@0/tda19988@70: Fixed dependency cycle(s) with /ocp/interconnect@48000000/segment@300000/target-module@e000/lcdc@0
[    0.647318] /ocp/interconnect@48000000/segment@300000/target-module@e000/lcdc@0: Fixed dependency cycle(s) with /ocp/interconnect@44c00000/segment@200000/target-module@b000/i2c@0/tda19988@70
[    0.656995] mdio_bus 4a101000.mdio: using DT '/ocp/interconnect@4a000000/segment@0/target-module@100000/switch@0/mdio@1000' for 'reset' GPIO lookup
[    0.657070] of_get_named_gpiod_flags: can't parse 'reset-gpios' property of node '/ocp/interconnect@4a000000/segment@0/target-module@100000/switch@0/mdio@1000[0]'
[    0.657119] of_get_named_gpiod_flags: can't parse 'reset-gpio' property of node '/ocp/interconnect@4a000000/segment@0/target-module@100000/switch@0/mdio@1000[0]'
[    0.657167] mdio_bus 4a101000.mdio: using lookup tables for GPIO lookup
[    0.657178] mdio_bus 4a101000.mdio: No GPIO consumer reset found
[    0.658201] sdhci-omap 481d8000.mmc: using DT '/ocp/interconnect@48000000/segment@100000/target-module@d8000/mmc@0' for 'wp' GPIO lookup
[    0.658261] of_get_named_gpiod_flags: can't parse 'wp-gpios' property of node '/ocp/interconnect@48000000/segment@100000/target-module@d8000/mmc@0[0]'
[    0.658304] of_get_named_gpiod_flags: can't parse 'wp-gpio' property of node '/ocp/interconnect@48000000/segment@100000/target-module@d8000/mmc@0[0]'
[    0.658340] sdhci-omap 481d8000.mmc: using lookup tables for GPIO lookup
[    0.658349] sdhci-omap 481d8000.mmc: No GPIO consumer wp found
[    0.658544] sdhci-omap 481d8000.mmc: supply pbias not found, using dummy regulator
[    0.659054] sdhci-omap 481d8000.mmc: supply vqmmc not found, using dummy regulator
[    0.701906] davinci_mdio 4a101000.mdio: davinci mdio revision 1.6, bus freq 1000000
[    0.722537] mdio_bus 4a101000.mdio:00: using DT '/ocp/interconnect@4a000000/segment@0/target-module@100000/switch@0/mdio@1000/ethernet-phy@0' for 'reset' GPIO lookup
[    0.722645] of_get_named_gpiod_flags: parsed 'reset-gpios' property of node '/ocp/interconnect@4a000000/segment@0/target-module@100000/switch@0/mdio@1000/ethernet-phy@0[0]' - status (0)
[    0.722813] gpio gpiochip0: Persistence not supported for GPIO 8
[    0.852522] davinci_mdio 4a101000.mdio: phy[0]: device 4a101000.mdio:00, driver SMSC LAN8710/LAN8720
[    0.853309] cpsw-switch 4a100000.switch: initialized cpsw ale version 1.4
[    0.853333] cpsw-switch 4a100000.switch: ALE Table size 1024, Policers 0
[    0.853485] cpsw-switch 4a100000.switch: cpts: overflow check period 500 (jiffies)
[    0.853502] cpsw-switch 4a100000.switch: CPTS: ref_clk_freq:250000000 calc_mult:2147483648 calc_shift:29 error:0 nsec/sec
[    0.853608] cpsw-switch 4a100000.switch: Detected MACID = 6c:ec:eb:68:de:78
[    0.855430] cpsw-switch 4a100000.switch: initialized (regs 0x4a100000, pool size 256) hw_ver:0019010C 1.12 (0)
[    0.866536] debugfs: Directory '49000000.dma' with parent 'dmaengine' already present!
[    0.866577] edma 49000000.dma: TI EDMA DMA engine driver
[    0.885931] target-module@4b000000:target-module@140000:pmu@0:fck: device ID is greater than 24
[    0.907969] hw perfevents: enabled with armv7_cortex_a8 PMU driver, 5 (8000000f) counters available
[    0.908942] gpio-clk clk_mcasp0: using DT '/clk_mcasp0' for 'enable' GPIO lookup
[    0.909012] of_get_named_gpiod_flags: parsed 'enable-gpios' property of node '/clk_mcasp0[0]' - status (0)
[    0.909056] gpio gpiochip0: Persistence not supported for GPIO 27
[    0.909866] gpiochip_find_base_unlocked: found new base at 608
[    0.909976] gpio gpiochip3: (gpio-96-127): created GPIO range 0->7 ==> 44e10800.pinmux PIN 82->89
[    0.909997] gpio gpiochip3: (gpio-96-127): created GPIO range 8->11 ==> 44e10800.pinmux PIN 52->55
[    0.910013] gpio gpiochip3: (gpio-96-127): created GPIO range 12->15 ==> 44e10800.pinmux PIN 94->97
[    0.910030] gpio gpiochip3: (gpio-96-127): created GPIO range 16->17 ==> 44e10800.pinmux PIN 71->72
[    0.910046] gpio gpiochip3: (gpio-96-127): created GPIO range 18->18 ==> 44e10800.pinmux PIN 135->135
[    0.910063] gpio gpiochip3: (gpio-96-127): created GPIO range 19->20 ==> 44e10800.pinmux PIN 108->109
[    0.910080] gpio gpiochip3: (gpio-96-127): created GPIO range 21->21 ==> 44e10800.pinmux PIN 73->73
[    0.910098] gpio gpiochip3: (gpio-96-127): created GPIO range 22->23 ==> 44e10800.pinmux PIN 8->9
[    0.910116] gpio gpiochip3: (gpio-96-127): created GPIO range 26->27 ==> 44e10800.pinmux PIN 10->11
[    0.910137] gpio gpiochip3: (gpio-96-127): created GPIO range 28->28 ==> 44e10800.pinmux PIN 74->74
[    0.910161] gpio gpiochip3: (gpio-96-127): created GPIO range 29->29 ==> 44e10800.pinmux PIN 81->81
[    0.910181] gpio gpiochip3: (gpio-96-127): created GPIO range 30->31 ==> 44e10800.pinmux PIN 28->29
[    0.915743] l3-aon-clkctrl:0000:0: failed to disable
[    0.924595] gpio gpiochip3: (gpio-96-127): added GPIO chardev (254:3)
[    0.924756] gpio gpiochip3: registered GPIOs 608 to 639 on gpio-96-127
[    0.926535] omap8250 44e09000.serial: using DT '/ocp/interconnect@44c00000/segment@200000/target-module@9000/serial@0' for 'rs485-term' GPIO lookup
[    0.926602] of_get_named_gpiod_flags: can't parse 'rs485-term-gpios' property of node '/ocp/interconnect@44c00000/segment@200000/target-module@9000/serial@0[0]'
[    0.926649] of_get_named_gpiod_flags: can't parse 'rs485-term-gpio' property of node '/ocp/interconnect@44c00000/segment@200000/target-module@9000/serial@0[0]'
[    0.926687] omap8250 44e09000.serial: using lookup tables for GPIO lookup
[    0.926698] omap8250 44e09000.serial: No GPIO consumer rs485-term found
[    0.926708] omap8250 44e09000.serial: using DT '/ocp/interconnect@44c00000/segment@200000/target-module@9000/serial@0' for 'rs485-rx-during-tx' GPIO lookup
[    0.926745] of_get_named_gpiod_flags: can't parse 'rs485-rx-during-tx-gpios' property of node '/ocp/interconnect@44c00000/segment@200000/target-module@9000/serial@0[0]'
[    0.926784] of_get_named_gpiod_flags: can't parse 'rs485-rx-during-tx-gpio' property of node '/ocp/interconnect@44c00000/segment@200000/target-module@9000/serial@0[0]'
[    0.926817] omap8250 44e09000.serial: using lookup tables for GPIO lookup
[    0.926825] omap8250 44e09000.serial: No GPIO consumer rs485-rx-during-tx found
[    0.927203] 44e09000.serial: ttyS0 at MMIO 0x44e09000 (irq = 34, base_baud = 3000000) is a 8250
[    0.927293] printk: legacy console [ttyS0] enabled
[    2.458381] i2c i2c-0: using DT '/ocp/interconnect@44c00000/segment@200000/target-module@b000/i2c@0' for 'scl' GPIO lookup
[    2.458473] of_get_named_gpiod_flags: can't parse 'scl-gpios' property of node '/ocp/interconnect@44c00000/segment@200000/target-module@b000/i2c@0[0]'
[    2.458522] of_get_named_gpiod_flags: can't parse 'scl-gpio' property of node '/ocp/interconnect@44c00000/segment@200000/target-module@b000/i2c@0[0]'
[    2.458564] i2c i2c-0: using lookup tables for GPIO lookup
[    2.458579] i2c i2c-0: No GPIO consumer scl found
[    2.458604] i2c i2c-0: using DT '/ocp/interconnect@44c00000/segment@200000/target-module@b000/i2c@0' for 'sda' GPIO lookup
[    2.458646] of_get_named_gpiod_flags: can't parse 'sda-gpios' property of node '/ocp/interconnect@44c00000/segment@200000/target-module@b000/i2c@0[0]'
[    2.458689] of_get_named_gpiod_flags: can't parse 'sda-gpio' property of node '/ocp/interconnect@44c00000/segment@200000/target-module@b000/i2c@0[0]'
[    2.458726] i2c i2c-0: using lookup tables for GPIO lookup
[    2.458738] i2c i2c-0: No GPIO consumer sda found
[    2.472324] tps65217-pmic: Failed to locate of_node [id: -1]
[    2.478399] tps65217-bl: Failed to locate of_node [id: -1]
[    2.489790] tps65217 0-0024: TPS65217 ID 0xe version 1.2
[    2.495943] /ocp/interconnect@48000000/segment@300000/target-module@e000/lcdc@0: Fixed dependency cycle(s) with /ocp/interconnect@44c00000/segment@200000/target-module@b000/i2c@0/tda19988@70
[    2.513311] /ocp/interconnect@44c00000/segment@200000/target-module@b000/i2c@0/tda19988@70: Fixed dependency cycle(s) with /ocp/interconnect@48000000/segment@300000/target-module@e000/lcdc@0
[    2.530678] omap_i2c 44e0b000.i2c: bus 0 rev0.11 at 400 kHz
[    2.538550] sdhci-omap 48060000.mmc: using DT '/ocp/interconnect@48000000/segment@0/target-module@60000/mmc@0' for 'cd' GPIO lookup
[    2.538664] of_get_named_gpiod_flags: parsed 'cd-gpios' property of node '/ocp/interconnect@48000000/segment@0/target-module@60000/mmc@0[0]' - status (0)
[    2.538733] gpio gpiochip3: Persistence not supported for GPIO 6
[    2.538760] omap_gpio 44e07000.gpio: Could not set line 6 debounce to 200000 microseconds (-22)
[    2.547646] sdhci-omap 48060000.mmc: Got CD GPIO
[    2.552332] sdhci-omap 48060000.mmc: using DT '/ocp/interconnect@48000000/segment@0/target-module@60000/mmc@0' for 'wp' GPIO lookup
[    2.552384] of_get_named_gpiod_flags: can't parse 'wp-gpios' property of node '/ocp/interconnect@48000000/segment@0/target-module@60000/mmc@0[0]'
[    2.552429] of_get_named_gpiod_flags: can't parse 'wp-gpio' property of node '/ocp/interconnect@48000000/segment@0/target-module@60000/mmc@0[0]'
[    2.552469] sdhci-omap 48060000.mmc: using lookup tables for GPIO lookup
[    2.552483] sdhci-omap 48060000.mmc: No GPIO consumer wp found
[    2.552693] sdhci-omap 48060000.mmc: supply pbias not found, using dummy regulator
[    2.561493] sdhci-omap 481d8000.mmc: using DT '/ocp/interconnect@48000000/segment@100000/target-module@d8000/mmc@0' for 'wp' GPIO lookup
[    2.561569] of_get_named_gpiod_flags: can't parse 'wp-gpios' property of node '/ocp/interconnect@48000000/segment@100000/target-module@d8000/mmc@0[0]'
[    2.561621] of_get_named_gpiod_flags: can't parse 'wp-gpio' property of node '/ocp/interconnect@48000000/segment@100000/target-module@d8000/mmc@0[0]'
[    2.561662] sdhci-omap 481d8000.mmc: using lookup tables for GPIO lookup
[    2.561677] sdhci-omap 481d8000.mmc: No GPIO consumer wp found
[    2.562985] sdhci-omap 48060000.mmc: supply vqmmc not found, using dummy regulator
[    2.572027] sdhci-omap 481d8000.mmc: supply pbias not found, using dummy regulator
[    2.580023] sdhci-omap 481d8000.mmc: supply vqmmc not found, using dummy regulator
[    2.618869] mmc1: SDHCI controller on 481d8000.mmc [481d8000.mmc] using External DMA
[    2.628143] mmc0: SDHCI controller on 48060000.mmc [48060000.mmc] using External DMA
[    2.637008] cpsw-switch 4a100000.switch: starting ndev. mode: dual_mac
[    2.680617] mmc0: new high speed SDHC card at address 5048
[    2.687726] mmcblk0: mmc0:5048 SD16G 14.4 GiB
[    2.695942]  mmcblk0: p1 p2
[    2.699338] mmcblk0: p2 size 31221760 extends beyond EOD, truncated
[    2.712585] SMSC LAN8710/LAN8720 4a101000.mdio:00: attached PHY driver (mii_bus:phy_addr=4a101000.mdio:00, irq=POLL)
[    2.725212] mmc1: new high speed MMC card at address 0001
[    2.732197] mmcblk1: mmc1:0001 MMC04G 3.60 GiB
[    2.743911]  mmcblk1: p1 p2
[    2.748193] mmcblk1boot0: mmc1:0001 MMC04G 2.00 MiB
[    2.755536] mmcblk1boot1: mmc1:0001 MMC04G 2.00 MiB
[    2.763054] mmcblk1rpmb: mmc1:0001 MMC04G 128 KiB, chardev (250:0)
[    5.922114] cpsw-switch 4a100000.switch eth0: Link is Up - 100Mbps/Full - flow control off
[    5.961575] IP-Config: Complete:
[    5.964851]      device=eth0, hwaddr=6c:ec:eb:68:de:78, ipaddr=192.168.255.1, mask=255.255.255.0, gw=255.255.255.255
[    5.975517]      host=bbb1, domain=, nis-domain=(none)
[    5.980686]      bootserver=192.168.255.126, rootserver=192.168.255.126, rootpath=
[    5.981120] clk: Disabling unused clocks
[    5.992969] PM: genpd: Disabling unused power domains
[    5.998088] KTAP version 1
[    6.000809] 1..0
[    6.065670] VFS: Mounted root (nfs filesystem) on device 0:17.
[    6.072679] devtmpfs: mounted
[    6.077434] Freeing unused kernel image (initmem) memory: 1024K
[    6.084320] Run /sbin/init as init process
[    6.088458]   with arguments:
[    6.088470]     /sbin/init
[    6.088480]     nfsrootdebug
[    6.088489]   with environment:
[    6.088499]     HOME=/
[    6.088508]     TERM=linux
[    6.803839] systemd[1]: System time before build time, advancing clock.
[    8.271346] random: crng init done
[    8.313347] systemd[1]: systemd 232 running in system mode. (+PAM +AUDIT +SELINUX +IMA +APPARMOR +SMACK +SYSVINIT +UTMP +LIBCRYPTSETUP +GCRYPT +GNUTLS +ACL +XZ +LZ4 +SECCOMP +BLKID +ELFUTILS +KMOD +IDN)
[    8.332484] systemd[1]: Detected architecture arm.
[    8.364540] systemd[1]: Set hostname to <arm>.
[    9.468440] systemd[1]: Created slice User and Session Slice.
[    9.492664] systemd[1]: Created slice System Slice.
[    9.523448] systemd[1]: Listening on udev Control Socket.
[    9.553265] systemd[1]: Listening on /dev/initctl Compatibility Named Pipe.
[    9.583229] systemd[1]: Listening on Syslog Socket.
[    9.612274] systemd[1]: Started Dispatch Password Requests to Console Directory Watch.
[    9.642828] systemd[1]: Created slice system-getty.slice.
[   11.832084] systemd-journald[90]: Received request to flush runtime journal from PID 1
[   14.550832] leds-gpio leds: using DT '/leds/led2' for '(default)' GPIO lookup
[   14.550941] of_get_named_gpiod_flags: parsed 'gpios' property of node '/leds/led2[0]' - status (0)
[   14.551001] gpio gpiochip0: Persistence not supported for GPIO 21
[   14.551018] gpio-533 (?): no flags found for GPIO (default)
[   14.633958] leds-gpio leds: using DT '/leds/led3' for '(default)' GPIO lookup
[   14.634249] of_get_named_gpiod_flags: parsed 'gpios' property of node '/leds/led3[0]' - status (0)
[   14.634313] gpio gpiochip0: Persistence not supported for GPIO 22
[   14.634330] gpio-534 (?): no flags found for GPIO (default)
[   14.661942] leds-gpio leds: using DT '/leds/led4' for '(default)' GPIO lookup
[   14.662045] of_get_named_gpiod_flags: parsed 'gpios' property of node '/leds/led4[0]' - status (0)
[   14.662095] gpio gpiochip0: Persistence not supported for GPIO 23
[   14.662111] gpio-535 (?): no flags found for GPIO (default)
[   14.711627] leds-gpio leds: using DT '/leds/led5' for '(default)' GPIO lookup
[   14.711735] of_get_named_gpiod_flags: parsed 'gpios' property of node '/leds/led5[0]' - status (0)
[   14.711788] gpio gpiochip0: Persistence not supported for GPIO 24
[   14.711804] gpio-536 (?): no flags found for GPIO (default)
[   14.980548] remoteproc remoteproc0: wkup_m3 is available
[   15.225823] omap_wdt: OMAP Watchdog Timer Rev 0x01: initial timeout 60 sec
[   15.508089] at24 2-0054: supply vcc not found, using dummy regulator
[   15.612773] usbcore: registered new interface driver usbfs
[   15.618420] usbcore: registered new interface driver hub
[   15.623981] usbcore: registered new device driver usb
[   15.632180] am335x-phy-driver 47401300.usb-phy: using DT '/ocp/target-module@47400000/usb-phy@1300' for 'reset' GPIO lookup
[   15.632274] of_get_named_gpiod_flags: can't parse 'reset-gpios' property of node '/ocp/target-module@47400000/usb-phy@1300[0]'
[   15.632321] of_get_named_gpiod_flags: can't parse 'reset-gpio' property of node '/ocp/target-module@47400000/usb-phy@1300[0]'
[   15.632360] am335x-phy-driver 47401300.usb-phy: using lookup tables for GPIO lookup
[   15.632376] am335x-phy-driver 47401300.usb-phy: No GPIO consumer reset found
[   15.632392] am335x-phy-driver 47401300.usb-phy: using DT '/ocp/target-module@47400000/usb-phy@1300' for 'vbus-detect' GPIO lookup
[   15.632423] of_get_named_gpiod_flags: can't parse 'vbus-detect-gpios' property of node '/ocp/target-module@47400000/usb-phy@1300[0]'
[   15.632456] of_get_named_gpiod_flags: can't parse 'vbus-detect-gpio' property of node '/ocp/target-module@47400000/usb-phy@1300[0]'
[   15.632484] am335x-phy-driver 47401300.usb-phy: using lookup tables for GPIO lookup
[   15.632497] am335x-phy-driver 47401300.usb-phy: No GPIO consumer vbus-detect found
[   15.632647] am335x-phy-driver 47401300.usb-phy: dummy supplies not allowed for exclusive requests (id=vbus)
[   15.684438] at24 2-0055: supply vcc not found, using dummy regulator
[   15.771857] at24 2-0056: supply vcc not found, using dummy regulator
[   15.879442] am335x-phy-driver 47401b00.usb-phy: using DT '/ocp/target-module@47400000/usb-phy@1b00' for 'reset' GPIO lookup
[   15.879538] of_get_named_gpiod_flags: can't parse 'reset-gpios' property of node '/ocp/target-module@47400000/usb-phy@1b00[0]'
[   15.879587] of_get_named_gpiod_flags: can't parse 'reset-gpio' property of node '/ocp/target-module@47400000/usb-phy@1b00[0]'
[   15.879627] am335x-phy-driver 47401b00.usb-phy: using lookup tables for GPIO lookup
[   15.879644] am335x-phy-driver 47401b00.usb-phy: No GPIO consumer reset found
[   15.879659] am335x-phy-driver 47401b00.usb-phy: using DT '/ocp/target-module@47400000/usb-phy@1b00' for 'vbus-detect' GPIO lookup
[   15.879692] of_get_named_gpiod_flags: can't parse 'vbus-detect-gpios' property of node '/ocp/target-module@47400000/usb-phy@1b00[0]'
[   15.879726] of_get_named_gpiod_flags: can't parse 'vbus-detect-gpio' property of node '/ocp/target-module@47400000/usb-phy@1b00[0]'
[   15.879753] am335x-phy-driver 47401b00.usb-phy: using lookup tables for GPIO lookup
[   15.879766] am335x-phy-driver 47401b00.usb-phy: No GPIO consumer vbus-detect found
[   15.879917] am335x-phy-driver 47401b00.usb-phy: dummy supplies not allowed for exclusive requests (id=vbus)
[   15.902478] at24 2-0057: supply vcc not found, using dummy regulator
[   16.042627] at24 0-0050: using DT '/ocp/interconnect@44c00000/segment@200000/target-module@b000/i2c@0/eeprom@50' for 'wp' GPIO lookup
[   16.042742] of_get_named_gpiod_flags: can't parse 'wp-gpios' property of node '/ocp/interconnect@44c00000/segment@200000/target-module@b000/i2c@0/eeprom@50[0]'
[   16.042802] of_get_named_gpiod_flags: can't parse 'wp-gpio' property of node '/ocp/interconnect@44c00000/segment@200000/target-module@b000/i2c@0/eeprom@50[0]'
[   16.042851] at24 0-0050: using lookup tables for GPIO lookup
[   16.042866] at24 0-0050: No GPIO consumer wp found
[   16.043196] at24 0-0050: 32768 byte 24c256 EEPROM, writable, 1 bytes/write
[   16.119095] tps6521x_pwrbutton tps65217-pwrbutton: DMA mask not set
[   16.241148] input: tps65217_pwrbutton as /devices/platform/ocp/44c00000.interconnect/44c00000.interconnect:segment@200000/44e0b000.target-module/44e0b000.i2c/i2c-0/0-0024/tps65217-pwrbutton/input/input0
[   16.406416] omap_rtc 44e3e000.rtc: registered as rtc0
[   16.414092] omap_rtc 44e3e000.rtc: setting system clock to 2000-01-01T00:00:00 UTC (946684800)
[   16.422878] omap_rtc 44e3e000.rtc: using DT '/ocp/interconnect@44c00000/segment@200000/target-module@3e000/rtc@0' for 'wp' GPIO lookup
[   16.422952] of_get_named_gpiod_flags: can't parse 'wp-gpios' property of node '/ocp/interconnect@44c00000/segment@200000/target-module@3e000/rtc@0[0]'
[   16.423005] of_get_named_gpiod_flags: can't parse 'wp-gpio' property of node '/ocp/interconnect@44c00000/segment@200000/target-module@3e000/rtc@0[0]'
[   16.423046] omap_rtc 44e3e000.rtc: using lookup tables for GPIO lookup
[   16.423061] omap_rtc 44e3e000.rtc: No GPIO consumer wp found
[   16.500431] wkup_m3_ipc 44e11324.wkup_m3_ipc: IPC Request for A8->M3 Channel failed! -517
[   16.742645] wkup_m3_ipc 44e11324.wkup_m3_ipc: IPC Request for A8->M3 Channel failed! -517
[   16.893374] musb-hdrc musb-hdrc.1: MUSB HDRC host driver
[   16.898794] musb-hdrc musb-hdrc.1: new USB bus registered, assigned bus number 1
[   16.908361] wkup_m3_ipc 44e11324.wkup_m3_ipc: IPC Request for A8->M3 Channel failed! -517
[   17.122014] usb usb1: New USB device found, idVendor=1d6b, idProduct=0002, bcdDevice= 6.13
[   17.130376] usb usb1: New USB device strings: Mfr=3, Product=2, SerialNumber=1
[   17.137766] usb usb1: Product: MUSB HDRC host driver
[   17.142820] usb usb1: Manufacturer: Linux 6.13.0-rc5-next-20250106 musb-hcd
[   17.149822] usb usb1: SerialNumber: musb-hdrc.1
[   17.646123] hub 1-0:1.0: USB hub found
[   17.732053] hub 1-0:1.0: 1 port detected
[   17.814314] wkup_m3_ipc 44e11324.wkup_m3_ipc: IPC Request for A8->M3 Channel failed! -517
[   17.886507] tda998x 0-0070: found TDA19988
[   17.941979] wkup_m3_ipc 44e11324.wkup_m3_ipc: IPC Request for A8->M3 Channel failed! -517
[   18.141063] wkup_m3_ipc 44e11324.wkup_m3_ipc: IPC Request for A8->M3 Channel failed! -517
[   18.164171] omap-mailbox 480c8000.mailbox: omap mailbox rev 0x400
[   18.456093] remoteproc remoteproc0: powering up wkup_m3
[   18.813482] remoteproc remoteproc0: Direct firmware load for am335x-pm-firmware.elf failed with error -2
[   18.824157] remoteproc remoteproc0: request_firmware failed: -2
[   18.830283] wkup_m3_ipc 44e11324.wkup_m3_ipc: rproc_boot failed
[   20.674645] omap_rng 48310000.rng: Random Number Generator ver. 20
[   20.927487] tilcdc 4830e000.lcdc: bound 0-0070 (ops 0xbf077030)
[   20.978880] [drm] Initialized tilcdc 1.0.0 for 4830e000.lcdc on minor 0
[   21.043016] tilcdc 4830e000.lcdc: [drm] Cannot find any crtc or sizes
[   21.051047] tilcdc 4830e000.lcdc: [drm] Cannot find any crtc or sizes
[   21.946250] PM: Cannot get wkup_m3_ipc handle
[   22.038074] omap-sham 53100000.sham: hw accel on OMAP rev 4.3
[   22.160247] omap-sham 53100000.sham: will run requests pump with realtime priority
[   22.169475] PM: Cannot get wkup_m3_ipc handle
[   22.240766] omap-aes 53500000.aes: OMAP AES hw accel rev: 3.2
[   22.381750] omap-aes 53500000.aes: will run requests pump with realtime priority
[   22.393888] PM: Cannot get wkup_m3_ipc handle
[   23.538909] Bluetooth: Core ver 2.22
[   23.543163] NET: Registered PF_BLUETOOTH protocol family
[   23.548521] Bluetooth: HCI device and connection manager initialized
[   23.555105] Bluetooth: HCI socket layer initialized
[   23.560029] Bluetooth: L2CAP socket layer initialized
[   23.565186] Bluetooth: SCO socket layer initialized
[   25.995823] PM: Cannot get wkup_m3_ipc handle
[   26.001964] asoc-simple-card sound: using DT '/sound' for 'simple-audio-card,hp-det' GPIO lookup
[   26.002042] of_get_named_gpiod_flags: can't parse 'simple-audio-card,hp-det-gpios' property of node '/sound[0]'
[   26.002080] of_get_named_gpiod_flags: can't parse 'simple-audio-card,hp-det-gpio' property of node '/sound[0]'
[   26.002106] asoc-simple-card sound: using lookup tables for GPIO lookup
[   26.002121] asoc-simple-card sound: No GPIO consumer simple-audio-card,hp-det found
[   26.002137] asoc-simple-card sound: using DT '/sound' for 'simple-audio-card,mic-det' GPIO lookup
[   26.002163] of_get_named_gpiod_flags: can't parse 'simple-audio-card,mic-det-gpios' property of node '/sound[0]'
[   26.002190] of_get_named_gpiod_flags: can't parse 'simple-audio-card,mic-det-gpio' property of node '/sound[0]'
[   26.002210] asoc-simple-card sound: using lookup tables for GPIO lookup
[   26.002222] asoc-simple-card sound: No GPIO consumer simple-audio-card,mic-det found
[   26.133368] PM: Cannot get wkup_m3_ipc handle
[   28.075802] userial_init: registered 8 ttyGS* devices
[   28.380747] rndis_register: configNr = 0
[   28.507619] udc musb-hdrc.0: binding gadget driver [g_multi]
[   28.507715] configfs-gadget.g_multi gadget.0: adding 'rndis'/812b8ab6 to config 'c'/d7e159ea
[   28.508868] configfs-gadget.g_multi gadget.0: HOST MAC 1c:ba:8c:a2:ed:6c
[   28.515894] configfs-gadget.g_multi gadget.0: MAC 1c:ba:8c:a2:ed:70
[   28.522321] rndis_set_param_medium: 0 0
[   28.522346] configfs-gadget.g_multi gadget.0: RNDIS: IN/ep1in OUT/ep1out NOTIFY/ep2in
[   28.522365] configfs-gadget.g_multi gadget.0: adding 'cdc_ethernet'/f2deb9be to config 'c'/d7e159ea
[   28.523336] configfs-gadget.g_multi gadget.0: HOST MAC 1c:ba:8c:a2:ed:6c
[   28.530102] configfs-gadget.g_multi gadget.0: MAC 1c:ba:8c:a2:ed:6d
[   28.536546] configfs-gadget.g_multi gadget.0: CDC Ethernet: IN/ep3in OUT/ep2out NOTIFY/ep4in
[   28.536568] configfs-gadget.g_multi gadget.0: adding 'acm'/ab3fb642 to config 'c'/d7e159ea
[   28.536617] configfs-gadget.g_multi gadget.0: acm ttyGS0: IN/ep5in OUT/ep3out NOTIFY/ep6in
[   28.537362] PM: Cannot get wkup_m3_ipc handle
[   29.741919] configfs-gadget.g_multi gadget.0: eth_open
[   31.043243] configfs-gadget.g_multi gadget.0: stop stats: rx/tx 0/0, errs 0/0
[   35.186330] gs_open: ttyGS0 (f7c6d55b,4f3eedac)
[   35.186493] gs_close: ttyGS0 (f7c6d55b,4f3eedac) ...
[   35.186518] gs_close: ttyGS0 (f7c6d55b,4f3eedac) done!
[   35.206629] gs_open: ttyGS0 (88a34d5b,511d71c7)
[   35.206787] gs_close: ttyGS0 (88a34d5b,511d71c7) ...
[   35.206811] gs_close: ttyGS0 (88a34d5b,511d71c7) done!
[   35.396149] gs_open: ttyGS0 (b63624a6,664a024d)
[   35.396393] gs_close: ttyGS0 (b63624a6,664a024d) ...
[   35.396421] gs_close: ttyGS0 (b63624a6,664a024d) done!
[   35.396771] gs_open: ttyGS0 (b63624a6,664a024d)
XYQVMBUOUN 0
root@arm:~# echo 'ZSOA''GVUHKC'
ZSOAGVUHKC
root@arm:~# MARKER='ZXEZ''HBBGTY' run 'modprobe test_linear_ranges'
ZXEZHBBGTYZXEZHBBGTY 0
root@arm:~# echo 'ALAT''TEJSWS'
ALATTEJSWS
root@arm:~# MARKER='JXSA''PVWOJK' run dmesg
JXSAPVWOJK[    0.000000] Booting Linux on physical CPU 0x0
[    0.000000] Linux version 6.13.0-rc5-next-20250106 (user01@drvtest01) (arm-linux-gnueabihf-gcc (Linaro GCC 6.4-2017.11) 6.4.1 20171012, GNU ld (Linaro_Binutils-2017.11) 2.27.0.20161229) #3 SMP Mon Jan  6 09:55:46 EET 2025
[    0.000000] CPU: ARMv7 Processor [413fc082] revision 2 (ARMv7), cr=10c5387d
[    0.000000] CPU: PIPT / VIPT nonaliasing data cache, VIPT aliasing instruction cache
[    0.000000] OF: fdt: Machine model: TI AM335x BeagleBone Black
[    0.000000] Memory policy: Data cache writeback
[    0.000000] cma: Reserved 16 MiB at 0x9e800000 on node -1
[    0.000000] Zone ranges:
[    0.000000]   Normal   [mem 0x0000000080000000-0x000000009fdfffff]
[    0.000000]   HighMem  empty
[    0.000000] Movable zone start for each node
[    0.000000] Early memory node ranges
[    0.000000]   node   0: [mem 0x0000000080000000-0x000000009fdfffff]
[    0.000000] Initmem setup node 0 [mem 0x0000000080000000-0x000000009fdfffff]
[    0.000000] OF: reserved mem: Reserved memory: No reserved-memory node in the DT
[    0.000000] CPU: All CPU(s) started in SVC mode.
[    0.000000] AM335X ES2.1 (sgx neon)
[    0.000000] percpu: Embedded 17 pages/cpu s39628 r8192 d21812 u69632
[    0.000000] pcpu-alloc: s39628 r8192 d21812 u69632 alloc=17*4096
[    0.000000] pcpu-alloc: [0] 0 
[    0.000000] Kernel command line: console=ttyO0,115200n8 root=/dev/nfs rw nfsroot=192.168.255.126:/home/user01/nfs,nfsvers=3 ip=192.168.255.1:192.168.255.126::255.255.255.0:bbb1:eth0 nfsrootdebug
[    0.000000] Unknown kernel command line parameters "nfsrootdebug", will be passed to user space.
[    0.000000] printk: log buffer data + meta data: 65536 + 204800 = 270336 bytes
[    0.000000] Dentry cache hash table entries: 65536 (order: 6, 262144 bytes, linear)
[    0.000000] Inode-cache hash table entries: 32768 (order: 5, 131072 bytes, linear)
[    0.000000] Built 1 zonelists, mobility grouping on.  Total pages: 130560
[    0.000000] mem auto-init: stack:off, heap alloc:off, heap free:off
[    0.000000] SLUB: HWalign=64, Order=0-3, MinObjects=0, CPUs=1, Nodes=1
[    0.000000] rcu: Hierarchical RCU implementation.
[    0.000000] rcu: 	RCU event tracing is enabled.
[    0.000000] rcu: 	RCU restricting CPUs from NR_CPUS=2 to nr_cpu_ids=1.
[    0.000000] 	Tracing variant of Tasks RCU enabled.
[    0.000000] rcu: RCU calculated value of scheduler-enlistment delay is 10 jiffies.
[    0.000000] rcu: Adjusting geometry for rcu_fanout_leaf=16, nr_cpu_ids=1
[    0.000000] RCU Tasks Trace: Setting shift to 0 and lim to 1 rcu_task_cb_adjust=1 rcu_task_cpu_ids=1.
[    0.000000] NR_IRQS: 16, nr_irqs: 16, preallocated irqs: 16
[    0.000000] IRQ: Found an INTC at 0x(ptrval) (revision 5.0) with 128 interrupts
[    0.000000] rcu: srcu_init: Setting srcu_struct sizes based on contention.
[    0.000000] TI gptimer clocksource: always-on /ocp/interconnect@44c00000/segment@200000/target-module@31000
[    0.000002] sched_clock: 32 bits at 24MHz, resolution 41ns, wraps every 89478484971ns
[    0.000025] clocksource: dmtimer: mask: 0xffffffff max_cycles: 0xffffffff, max_idle_ns: 79635851949 ns
[    0.000513] TI gptimer clockevent: 24000000 Hz at /ocp/interconnect@48000000/segment@0/target-module@40000
[    0.002172] Console: colour dummy device 80x30
[    0.002238] WARNING: Your 'console=ttyO0' has been replaced by 'ttyS0'
[    0.002246] This ensures that you still see kernel messages. Please
[    0.002251] update your kernel commandline.
[    0.002294] Calibrating delay loop... 996.14 BogoMIPS (lpj=4980736)
[    0.090562] CPU: Testing write buffer coherency: ok
[    0.090678] CPU0: Spectre v2: using BPIALL workaround
[    0.090690] pid_max: default: 32768 minimum: 301
[    0.090810] LSM: initializing lsm=capability
[    0.090988] Mount-cache hash table entries: 1024 (order: 0, 4096 bytes, linear)
[    0.091009] Mountpoint-cache hash table entries: 1024 (order: 0, 4096 bytes, linear)
[    0.092695] CPU0: thread -1, cpu 0, socket -1, mpidr 0
[    0.160929] Setting up static identity map for 0x80100000 - 0x80100078
[    0.170716] rcu: Hierarchical SRCU implementation.
[    0.170728] rcu: 	Max phase no-delay instances is 1000.
[    0.172520] smp: Bringing up secondary CPUs ...
[    0.172575] smp: Brought up 1 node, 1 CPU
[    0.172590] SMP: Total of 1 processors activated (996.14 BogoMIPS).
[    0.172600] CPU: All CPU(s) started in SVC mode.
[    0.172780] Memory: 480836K/522240K available (11264K kernel code, 1214K rwdata, 2908K rodata, 1024K init, 296K bss, 23388K reserved, 16384K cma-reserved, 0K highmem)
[    0.173641] devtmpfs: initialized
[    0.191013] VFP support v0.3: implementor 41 architecture 3 part 30 variant c rev 3
[    0.191384] clocksource: jiffies: mask: 0xffffffff max_cycles: 0xffffffff, max_idle_ns: 19112604462750000 ns
[    0.191420] futex hash table entries: 256 (order: 2, 16384 bytes, linear)
[    0.192715] pinctrl core: initialized pinctrl subsystem
[    0.195497] NET: Registered PF_NETLINK/PF_ROUTE protocol family
[    0.198297] DMA: preallocated 256 KiB pool for atomic coherent allocations
[    0.199221] audit: initializing netlink subsys (disabled)
[    0.200811] thermal_sys: Registered thermal governor 'fair_share'
[    0.200829] thermal_sys: Registered thermal governor 'step_wise'
[    0.200839] thermal_sys: Registered thermal governor 'user_space'
[    0.200974] audit: type=2000 audit(0.000:1): state=initialized audit_enabled=0 res=1
[    0.201054] cpuidle: using governor menu
[    0.219326] /ocp/interconnect@44c00000/segment@200000/target-module@b000/i2c@0/tda19988@70: Fixed dependency cycle(s) with /ocp/interconnect@48000000/segment@300000/target-module@e000/lcdc@0
[    0.220477] /ocp/interconnect@48000000/segment@300000/target-module@e000/lcdc@0: Fixed dependency cycle(s) with /ocp/interconnect@44c00000/segment@200000/target-module@b000/i2c@0/tda19988@70
[    0.222848] No ATAGs?
[    0.222870] hw-breakpoint: debug architecture 0x4 unsupported.
[    0.225695] kprobes: kprobe jump-optimization is enabled. All kprobes are optimized if possible.
[    0.234137] iommu: Default domain type: Translated
[    0.234161] iommu: DMA domain TLB invalidation policy: strict mode
[    0.235786] reg-fixed-voltage fixedregulator0: using DT '/fixedregulator0' for '(default)' GPIO lookup
[    0.235840] of_get_named_gpiod_flags: can't parse 'gpios' property of node '/fixedregulator0[0]'
[    0.235869] of_get_named_gpiod_flags: can't parse 'gpio' property of node '/fixedregulator0[0]'
[    0.235887] reg-fixed-voltage fixedregulator0: using lookup tables for GPIO lookup
[    0.235899] reg-fixed-voltage fixedregulator0: No GPIO consumer (default) found
[    0.241630] SCSI subsystem initialized
[    0.242131] libata version 3.00 loaded.
[    0.242498] pps_core: LinuxPPS API ver. 1 registered
[    0.242509] pps_core: Software ver. 5.3.6 - Copyright 2005-2007 Rodolfo Giometti <giometti@linux.it>
[    0.242533] PTP clock support registered
[    0.250895] vgaarb: loaded
[    0.251324] clocksource: Switched to clocksource dmtimer
[    0.252005] VFS: Disk quotas dquot_6.6.0
[    0.252052] VFS: Dquot-cache hash table entries: 1024 (order 0, 4096 bytes)
[    0.275876] NET: Registered PF_INET protocol family
[    0.276237] IP idents hash table entries: 8192 (order: 4, 65536 bytes, linear)
[    0.277656] tcp_listen_portaddr_hash hash table entries: 512 (order: 0, 4096 bytes, linear)
[    0.277697] Table-perturb hash table entries: 65536 (order: 6, 262144 bytes, linear)
[    0.277714] TCP established hash table entries: 4096 (order: 2, 16384 bytes, linear)
[    0.277758] TCP bind hash table entries: 4096 (order: 4, 65536 bytes, linear)
[    0.277859] TCP: Hash tables configured (established 4096 bind 4096)
[    0.277981] UDP hash table entries: 256 (order: 1, 14336 bytes, linear)
[    0.278017] UDP-Lite hash table entries: 256 (order: 1, 14336 bytes, linear)
[    0.278202] NET: Registered PF_UNIX/PF_LOCAL protocol family
[    0.282569] RPC: Registered named UNIX socket transport module.
[    0.282594] RPC: Registered udp transport module.
[    0.282599] RPC: Registered tcp transport module.
[    0.282604] RPC: Registered tcp-with-tls transport module.
[    0.282610] RPC: Registered tcp NFSv4.1 backchannel transport module.
[    0.282634] PCI: CLS 0 bytes, default 64
[    0.284126] Initialise system trusted keyrings
[    0.292122] workingset: timestamp_bits=14 max_order=17 bucket_order=3
[    0.293471] NFS: Registering the id_resolver key type
[    0.293543] Key type id_resolver registered
[    0.293551] Key type id_legacy registered
[    0.293601] jffs2: version 2.2. (NAND) (SUMMARY)  Â© 2001-2006 Red Hat, Inc.
[    0.294005] Key type asymmetric registered
[    0.294023] Asymmetric key parser 'x509' registered
[    0.294091] io scheduler mq-deadline registered
[    0.294102] io scheduler kyber registered
[    0.294171] io scheduler bfq registered
[    0.295779] ledtrig-cpu: registered to indicate activity on CPUs
[    0.301868] Serial: 8250/16550 driver, 6 ports, IRQ sharing enabled
[    0.340212] brd: module loaded
[    0.358279] loop: module loaded
[    0.359205] mtdoops: mtd device (mtddev=name/number) must be supplied
[    0.362644] mdio_bus fixed-0: using lookup tables for GPIO lookup
[    0.362672] mdio_bus fixed-0: No GPIO consumer reset found
[    0.364043] i2c_dev: i2c /dev entries driver
[    0.365008] cpuidle: enable-method property 'ti,am3352' found operations
[    0.365469] sdhci: Secure Digital Host Controller Interface driver
[    0.365480] sdhci: Copyright(c) Pierre Ossman
[    0.365651] sdhci-pltfm: SDHCI platform and OF driver helper
[    0.366670] Initializing XFRM netlink socket
[    0.366821] NET: Registered PF_INET6 protocol family
[    0.387388] Segment Routing with IPv6
[    0.387481] In-situ OAM (IOAM) with IPv6
[    0.387579] sit: IPv6, IPv4 and MPLS over IPv4 tunneling driver
[    0.388556] NET: Registered PF_PACKET protocol family
[    0.388595] NET: Registered PF_KEY protocol family
[    0.388737] Key type dns_resolver registered
[    0.389011] ThumbEE CPU extension supported.
[    0.389033] Registering SWP/SWPB emulation handler
[    0.389578] omap_voltage_late_init: Voltage driver support not added
[    0.389945] SmartReflex Class3 initialized
[    0.407775] Loading compiled-in X.509 certificates
[    0.455117] /ocp/interconnect@44c00000/segment@200000/target-module@b000/i2c@0/tda19988@70: Fixed dependency cycle(s) with /ocp/interconnect@48000000/segment@300000/target-module@e000/lcdc@0
[    0.461696] /ocp/interconnect@44c00000/segment@200000/target-module@b000/i2c@0/tda19988@70: Fixed dependency cycle(s) with /ocp/interconnect@48000000/segment@300000/target-module@e000/lcdc@0
[    0.467302] gpiochip_find_base_unlocked: found new base at 512
[    0.489823] /ocp/interconnect@44c00000/segment@200000/target-module@b000/i2c@0/tda19988@70: Fixed dependency cycle(s) with /ocp/interconnect@48000000/segment@300000/target-module@e000/lcdc@0
[    0.490691] /ocp/interconnect@44c00000/segment@200000/target-module@b000/i2c@0/tda19988@70: Fixed dependency cycle(s) with /ocp/interconnect@48000000/segment@300000/target-module@e000/lcdc@0
[    0.494470] /ocp/interconnect@44c00000/segment@200000/target-module@10000/scm@0/pinmux@800: Fixed dependency cycle(s) with /ocp/interconnect@44c00000/segment@200000/target-module@10000/scm@0/pinmux@800/clkout2-pins
[    0.495057] pinctrl-single 44e10800.pinmux: 142 pins, size 568
[    0.500351] ti-sysc 44e31000.target-module: probe with driver ti-sysc failed with error -16
[    0.526709] /ocp/interconnect@48000000/segment@300000/target-module@e000/lcdc@0: Fixed dependency cycle(s) with /ocp/interconnect@44c00000/segment@200000/target-module@b000/i2c@0/tda19988@70
[    0.534890] ti-sysc 48040000.target-module: probe with driver ti-sysc failed with error -16
[    0.546313] gpiochip_find_base_unlocked: found new base at 512
[    0.546416] gpio gpiochip0: (gpio-0-31): created GPIO range 0->7 ==> 44e10800.pinmux PIN 0->7
[    0.546436] gpio gpiochip0: (gpio-0-31): created GPIO range 8->11 ==> 44e10800.pinmux PIN 90->93
[    0.546453] gpio gpiochip0: (gpio-0-31): created GPIO range 12->27 ==> 44e10800.pinmux PIN 12->27
[    0.546469] gpio gpiochip0: (gpio-0-31): created GPIO range 28->31 ==> 44e10800.pinmux PIN 30->33
[    0.574208] gpio gpiochip0: (gpio-0-31): added GPIO chardev (254:0)
[    0.574355] gpio gpiochip0: registered GPIOs 512 to 543 on gpio-0-31
[    0.574443] OMAP GPIO hardware version 0.1
[    0.612561] i2c i2c-2: using DT '/ocp/interconnect@48000000/segment@100000/target-module@9c000/i2c@0' for 'scl' GPIO lookup
[    0.612636] of_get_named_gpiod_flags: can't parse 'scl-gpios' property of node '/ocp/interconnect@48000000/segment@100000/target-module@9c000/i2c@0[0]'
[    0.612681] of_get_named_gpiod_flags: can't parse 'scl-gpio' property of node '/ocp/interconnect@48000000/segment@100000/target-module@9c000/i2c@0[0]'
[    0.612717] i2c i2c-2: using lookup tables for GPIO lookup
[    0.612729] i2c i2c-2: No GPIO consumer scl found
[    0.612750] i2c i2c-2: using DT '/ocp/interconnect@48000000/segment@100000/target-module@9c000/i2c@0' for 'sda' GPIO lookup
[    0.612787] of_get_named_gpiod_flags: can't parse 'sda-gpios' property of node '/ocp/interconnect@48000000/segment@100000/target-module@9c000/i2c@0[0]'
[    0.612826] of_get_named_gpiod_flags: can't parse 'sda-gpio' property of node '/ocp/interconnect@48000000/segment@100000/target-module@9c000/i2c@0[0]'
[    0.612859] i2c i2c-2: using lookup tables for GPIO lookup
[    0.612867] i2c i2c-2: No GPIO consumer sda found
[    0.613610] omap_i2c 4819c000.i2c: bus 2 rev0.11 at 100 kHz
[    0.619092] gpiochip_find_base_unlocked: found new base at 544
[    0.619197] gpio gpiochip1: (gpio-32-63): created GPIO range 0->17 ==> 44e10800.pinmux PIN 34->51
[    0.619218] gpio gpiochip1: (gpio-32-63): created GPIO range 18->21 ==> 44e10800.pinmux PIN 77->80
[    0.619235] gpio gpiochip1: (gpio-32-63): created GPIO range 22->31 ==> 44e10800.pinmux PIN 56->65
[    0.620030] gpio gpiochip1: (gpio-32-63): added GPIO chardev (254:1)
[    0.620171] gpio gpiochip1: registered GPIOs 544 to 575 on gpio-32-63
[    0.622431] gpiochip_find_base_unlocked: found new base at 576
[    0.622529] gpio gpiochip2: (gpio-64-95): created GPIO range 0->4 ==> 44e10800.pinmux PIN 66->70
[    0.622550] gpio gpiochip2: (gpio-64-95): created GPIO range 5->6 ==> 44e10800.pinmux PIN 98->99
[    0.622566] gpio gpiochip2: (gpio-64-95): created GPIO range 7->8 ==> 44e10800.pinmux PIN 75->76
[    0.622582] gpio gpiochip2: (gpio-64-95): created GPIO range 13->13 ==> 44e10800.pinmux PIN 141->141
[    0.622599] gpio gpiochip2: (gpio-64-95): created GPIO range 14->21 ==> 44e10800.pinmux PIN 100->107
[    0.636763] gpio gpiochip2: (gpio-64-95): added GPIO chardev (254:2)
[    0.636916] gpio gpiochip2: registered GPIOs 576 to 607 on gpio-64-95
[    0.642777] 48000000.interconnect:segment@200000:target-module@0:mpu@0:fck: device ID is greater than 24
[    0.643703] /ocp/interconnect@48000000/segment@300000/target-module@e000/lcdc@0: Fixed dependency cycle(s) with /ocp/interconnect@44c00000/segment@200000/target-module@b000/i2c@0/tda19988@70
[    0.646468] /ocp/interconnect@48000000/segment@300000/target-module@e000/lcdc@0: Fixed dependency cycle(s) with /ocp/interconnect@44c00000/segment@200000/target-module@b000/i2c@0/tda19988@70
[    0.647145] /ocp/interconnect@44c00000/segment@200000/target-module@b000/i2c@0/tda19988@70: Fixed dependency cycle(s) with /ocp/interconnect@48000000/segment@300000/target-module@e000/lcdc@0
[    0.647318] /ocp/interconnect@48000000/segment@300000/target-module@e000/lcdc@0: Fixed dependency cycle(s) with /ocp/interconnect@44c00000/segment@200000/target-module@b000/i2c@0/tda19988@70
[    0.656995] mdio_bus 4a101000.mdio: using DT '/ocp/interconnect@4a000000/segment@0/target-module@100000/switch@0/mdio@1000' for 'reset' GPIO lookup
[    0.657070] of_get_named_gpiod_flags: can't parse 'reset-gpios' property of node '/ocp/interconnect@4a000000/segment@0/target-module@100000/switch@0/mdio@1000[0]'
[    0.657119] of_get_named_gpiod_flags: can't parse 'reset-gpio' property of node '/ocp/interconnect@4a000000/segment@0/target-module@100000/switch@0/mdio@1000[0]'
[    0.657167] mdio_bus 4a101000.mdio: using lookup tables for GPIO lookup
[    0.657178] mdio_bus 4a101000.mdio: No GPIO consumer reset found
[    0.658201] sdhci-omap 481d8000.mmc: using DT '/ocp/interconnect@48000000/segment@100000/target-module@d8000/mmc@0' for 'wp' GPIO lookup
[    0.658261] of_get_named_gpiod_flags: can't parse 'wp-gpios' property of node '/ocp/interconnect@48000000/segment@100000/target-module@d8000/mmc@0[0]'
[    0.658304] of_get_named_gpiod_flags: can't parse 'wp-gpio' property of node '/ocp/interconnect@48000000/segment@100000/target-module@d8000/mmc@0[0]'
[    0.658340] sdhci-omap 481d8000.mmc: using lookup tables for GPIO lookup
[    0.658349] sdhci-omap 481d8000.mmc: No GPIO consumer wp found
[    0.658544] sdhci-omap 481d8000.mmc: supply pbias not found, using dummy regulator
[    0.659054] sdhci-omap 481d8000.mmc: supply vqmmc not found, using dummy regulator
[    0.701906] davinci_mdio 4a101000.mdio: davinci mdio revision 1.6, bus freq 1000000
[    0.722537] mdio_bus 4a101000.mdio:00: using DT '/ocp/interconnect@4a000000/segment@0/target-module@100000/switch@0/mdio@1000/ethernet-phy@0' for 'reset' GPIO lookup
[    0.722645] of_get_named_gpiod_flags: parsed 'reset-gpios' property of node '/ocp/interconnect@4a000000/segment@0/target-module@100000/switch@0/mdio@1000/ethernet-phy@0[0]' - status (0)
[    0.722813] gpio gpiochip0: Persistence not supported for GPIO 8
[    0.852522] davinci_mdio 4a101000.mdio: phy[0]: device 4a101000.mdio:00, driver SMSC LAN8710/LAN8720
[    0.853309] cpsw-switch 4a100000.switch: initialized cpsw ale version 1.4
[    0.853333] cpsw-switch 4a100000.switch: ALE Table size 1024, Policers 0
[    0.853485] cpsw-switch 4a100000.switch: cpts: overflow check period 500 (jiffies)
[    0.853502] cpsw-switch 4a100000.switch: CPTS: ref_clk_freq:250000000 calc_mult:2147483648 calc_shift:29 error:0 nsec/sec
[    0.853608] cpsw-switch 4a100000.switch: Detected MACID = 6c:ec:eb:68:de:78
[    0.855430] cpsw-switch 4a100000.switch: initialized (regs 0x4a100000, pool size 256) hw_ver:0019010C 1.12 (0)
[    0.866536] debugfs: Directory '49000000.dma' with parent 'dmaengine' already present!
[    0.866577] edma 49000000.dma: TI EDMA DMA engine driver
[    0.885931] target-module@4b000000:target-module@140000:pmu@0:fck: device ID is greater than 24
[    0.907969] hw perfevents: enabled with armv7_cortex_a8 PMU driver, 5 (8000000f) counters available
[    0.908942] gpio-clk clk_mcasp0: using DT '/clk_mcasp0' for 'enable' GPIO lookup
[    0.909012] of_get_named_gpiod_flags: parsed 'enable-gpios' property of node '/clk_mcasp0[0]' - status (0)
[    0.909056] gpio gpiochip0: Persistence not supported for GPIO 27
[    0.909866] gpiochip_find_base_unlocked: found new base at 608
[    0.909976] gpio gpiochip3: (gpio-96-127): created GPIO range 0->7 ==> 44e10800.pinmux PIN 82->89
[    0.909997] gpio gpiochip3: (gpio-96-127): created GPIO range 8->11 ==> 44e10800.pinmux PIN 52->55
[    0.910013] gpio gpiochip3: (gpio-96-127): created GPIO range 12->15 ==> 44e10800.pinmux PIN 94->97
[    0.910030] gpio gpiochip3: (gpio-96-127): created GPIO range 16->17 ==> 44e10800.pinmux PIN 71->72
[    0.910046] gpio gpiochip3: (gpio-96-127): created GPIO range 18->18 ==> 44e10800.pinmux PIN 135->135
[    0.910063] gpio gpiochip3: (gpio-96-127): created GPIO range 19->20 ==> 44e10800.pinmux PIN 108->109
[    0.910080] gpio gpiochip3: (gpio-96-127): created GPIO range 21->21 ==> 44e10800.pinmux PIN 73->73
[    0.910098] gpio gpiochip3: (gpio-96-127): created GPIO range 22->23 ==> 44e10800.pinmux PIN 8->9
[    0.910116] gpio gpiochip3: (gpio-96-127): created GPIO range 26->27 ==> 44e10800.pinmux PIN 10->11
[    0.910137] gpio gpiochip3: (gpio-96-127): created GPIO range 28->28 ==> 44e10800.pinmux PIN 74->74
[    0.910161] gpio gpiochip3: (gpio-96-127): created GPIO range 29->29 ==> 44e10800.pinmux PIN 81->81
[    0.910181] gpio gpiochip3: (gpio-96-127): created GPIO range 30->31 ==> 44e10800.pinmux PIN 28->29
[    0.915743] l3-aon-clkctrl:0000:0: failed to disable
[    0.924595] gpio gpiochip3: (gpio-96-127): added GPIO chardev (254:3)
[    0.924756] gpio gpiochip3: registered GPIOs 608 to 639 on gpio-96-127
[    0.926535] omap8250 44e09000.serial: using DT '/ocp/interconnect@44c00000/segment@200000/target-module@9000/serial@0' for 'rs485-term' GPIO lookup
[    0.926602] of_get_named_gpiod_flags: can't parse 'rs485-term-gpios' property of node '/ocp/interconnect@44c00000/segment@200000/target-module@9000/serial@0[0]'
[    0.926649] of_get_named_gpiod_flags: can't parse 'rs485-term-gpio' property of node '/ocp/interconnect@44c00000/segment@200000/target-module@9000/serial@0[0]'
[    0.926687] omap8250 44e09000.serial: using lookup tables for GPIO lookup
[    0.926698] omap8250 44e09000.serial: No GPIO consumer rs485-term found
[    0.926708] omap8250 44e09000.serial: using DT '/ocp/interconnect@44c00000/segment@200000/target-module@9000/serial@0' for 'rs485-rx-during-tx' GPIO lookup
[    0.926745] of_get_named_gpiod_flags: can't parse 'rs485-rx-during-tx-gpios' property of node '/ocp/interconnect@44c00000/segment@200000/target-module@9000/serial@0[0]'
[    0.926784] of_get_named_gpiod_flags: can't parse 'rs485-rx-during-tx-gpio' property of node '/ocp/interconnect@44c00000/segment@200000/target-module@9000/serial@0[0]'
[    0.926817] omap8250 44e09000.serial: using lookup tables for GPIO lookup
[    0.926825] omap8250 44e09000.serial: No GPIO consumer rs485-rx-during-tx found
[    0.927203] 44e09000.serial: ttyS0 at MMIO 0x44e09000 (irq = 34, base_baud = 3000000) is a 8250
[    0.927293] printk: legacy console [ttyS0] enabled
[    2.458381] i2c i2c-0: using DT '/ocp/interconnect@44c00000/segment@200000/target-module@b000/i2c@0' for 'scl' GPIO lookup
[    2.458473] of_get_named_gpiod_flags: can't parse 'scl-gpios' property of node '/ocp/interconnect@44c00000/segment@200000/target-module@b000/i2c@0[0]'
[    2.458522] of_get_named_gpiod_flags: can't parse 'scl-gpio' property of node '/ocp/interconnect@44c00000/segment@200000/target-module@b000/i2c@0[0]'
[    2.458564] i2c i2c-0: using lookup tables for GPIO lookup
[    2.458579] i2c i2c-0: No GPIO consumer scl found
[    2.458604] i2c i2c-0: using DT '/ocp/interconnect@44c00000/segment@200000/target-module@b000/i2c@0' for 'sda' GPIO lookup
[    2.458646] of_get_named_gpiod_flags: can't parse 'sda-gpios' property of node '/ocp/interconnect@44c00000/segment@200000/target-module@b000/i2c@0[0]'
[    2.458689] of_get_named_gpiod_flags: can't parse 'sda-gpio' property of node '/ocp/interconnect@44c00000/segment@200000/target-module@b000/i2c@0[0]'
[    2.458726] i2c i2c-0: using lookup tables for GPIO lookup
[    2.458738] i2c i2c-0: No GPIO consumer sda found
[    2.472324] tps65217-pmic: Failed to locate of_node [id: -1]
[    2.478399] tps65217-bl: Failed to locate of_node [id: -1]
[    2.489790] tps65217 0-0024: TPS65217 ID 0xe version 1.2
[    2.495943] /ocp/interconnect@48000000/segment@300000/target-module@e000/lcdc@0: Fixed dependency cycle(s) with /ocp/interconnect@44c00000/segment@200000/target-module@b000/i2c@0/tda19988@70
[    2.513311] /ocp/interconnect@44c00000/segment@200000/target-module@b000/i2c@0/tda19988@70: Fixed dependency cycle(s) with /ocp/interconnect@48000000/segment@300000/target-module@e000/lcdc@0
[    2.530678] omap_i2c 44e0b000.i2c: bus 0 rev0.11 at 400 kHz
[    2.538550] sdhci-omap 48060000.mmc: using DT '/ocp/interconnect@48000000/segment@0/target-module@60000/mmc@0' for 'cd' GPIO lookup
[    2.538664] of_get_named_gpiod_flags: parsed 'cd-gpios' property of node '/ocp/interconnect@48000000/segment@0/target-module@60000/mmc@0[0]' - status (0)
[    2.538733] gpio gpiochip3: Persistence not supported for GPIO 6
[    2.538760] omap_gpio 44e07000.gpio: Could not set line 6 debounce to 200000 microseconds (-22)
[    2.547646] sdhci-omap 48060000.mmc: Got CD GPIO
[    2.552332] sdhci-omap 48060000.mmc: using DT '/ocp/interconnect@48000000/segment@0/target-module@60000/mmc@0' for 'wp' GPIO lookup
[    2.552384] of_get_named_gpiod_flags: can't parse 'wp-gpios' property of node '/ocp/interconnect@48000000/segment@0/target-module@60000/mmc@0[0]'
[    2.552429] of_get_named_gpiod_flags: can't parse 'wp-gpio' property of node '/ocp/interconnect@48000000/segment@0/target-module@60000/mmc@0[0]'
[    2.552469] sdhci-omap 48060000.mmc: using lookup tables for GPIO lookup
[    2.552483] sdhci-omap 48060000.mmc: No GPIO consumer wp found
[    2.552693] sdhci-omap 48060000.mmc: supply pbias not found, using dummy regulator
[    2.561493] sdhci-omap 481d8000.mmc: using DT '/ocp/interconnect@48000000/segment@100000/target-module@d8000/mmc@0' for 'wp' GPIO lookup
[    2.561569] of_get_named_gpiod_flags: can't parse 'wp-gpios' property of node '/ocp/interconnect@48000000/segment@100000/target-module@d8000/mmc@0[0]'
[    2.561621] of_get_named_gpiod_flags: can't parse 'wp-gpio' property of node '/ocp/interconnect@48000000/segment@100000/target-module@d8000/mmc@0[0]'
[    2.561662] sdhci-omap 481d8000.mmc: using lookup tables for GPIO lookup
[    2.561677] sdhci-omap 481d8000.mmc: No GPIO consumer wp found
[    2.562985] sdhci-omap 48060000.mmc: supply vqmmc not found, using dummy regulator
[    2.572027] sdhci-omap 481d8000.mmc: supply pbias not found, using dummy regulator
[    2.580023] sdhci-omap 481d8000.mmc: supply vqmmc not found, using dummy regulator
[    2.618869] mmc1: SDHCI controller on 481d8000.mmc [481d8000.mmc] using External DMA
[    2.628143] mmc0: SDHCI controller on 48060000.mmc [48060000.mmc] using External DMA
[    2.637008] cpsw-switch 4a100000.switch: starting ndev. mode: dual_mac
[    2.680617] mmc0: new high speed SDHC card at address 5048
[    2.687726] mmcblk0: mmc0:5048 SD16G 14.4 GiB
[    2.695942]  mmcblk0: p1 p2
[    2.699338] mmcblk0: p2 size 31221760 extends beyond EOD, truncated
[    2.712585] SMSC LAN8710/LAN8720 4a101000.mdio:00: attached PHY driver (mii_bus:phy_addr=4a101000.mdio:00, irq=POLL)
[    2.725212] mmc1: new high speed MMC card at address 0001
[    2.732197] mmcblk1: mmc1:0001 MMC04G 3.60 GiB
[    2.743911]  mmcblk1: p1 p2
