Labgrid Console Logfile for main
Logfile started at 2025-07-18 17:27:52.281985
=== Log starts here ===
reading args
spl_load_image_fat_os: error reading image args, err - -1
reading u-boot.img
reading u-boot.img


U-Boot 2014.04-00014-g47880f5 (Apr 22 2014 - 13:23:54)

I2C:   ready
DRAM:  512 MiB
NAND:  0 MiB
MMC:   OMAP SD/MMC: 0, OMAP SD/MMC: 1
*** Warning - readenv() failed, using default environment

Net:   <ethaddr> not set. Validating first E-fuse MAC
cpsw, usb_ether
Hit any key to stop autoboot:  1  0 
gpio: pin 53 (gpio 53) value is 1
mmc0 is current device
gpio: pin 54 (gpio 54) value is 1
SD/MMC found on device 0
reading uEnv.txt
569 bytes read in 3 ms (184.6 KiB/s)
gpio: pin 55 (gpio 55) value is 1
Loaded environment from uEnv.txt
Importing environment from mmc ...
Checking if uenvcmd is set ...
gpio: pin 56 (gpio 56) value is 1
Running uenvcmd ...
cpsw Waiting for PHY auto negotiation to complete. done
link up on port 0, speed 100, full duplex
Using cpsw device
TFTP from server 192.168.255.126; our IP address is 192.168.255.1
Filename 'zImage'.
Load address: 0x81000000
Loading: *#################################################################
	 #################################################################
	 #################################################################
	 #################################################################
	 #################################################################
	 ############################################################
	 2.4 MiB/s
done
Bytes transferred = 5640128 (560fc0 hex)
link up on port 0, speed 100, full duplex
Using cpsw device
TFTP from server 192.168.255.126; our IP address is 192.168.255.1
Filename 'am335x-boneblack.dtb'.
Load address: 0x82000000
Loading: *#######
	 2.4 MiB/s
done
Bytes transferred = 98244 (17fc4 hex)
Kernel image @ 0x81000000 [ 0x000000 - 0x560fc0 ]
## Flattened Device Tree blob at 82000000
   Booting using the fdt blob at 0x82000000
   Using Device Tree in place at 82000000, end 8201afc3

Starting kernel ...

[    0.000000] Booting Linux on physical CPU 0x0
[    0.000000] Linux version 6.16.0-rc6-next-20250718 (user01@drvtest01) (arm-none-eabi-gcc (Arm GNU Toolchain 14.2.Rel1 (Build arm-14.52)) 14.2.1 20241119, GNU ld (Arm GNU Toolchain 14.2.Rel1 (Build arm-14.52)) 2.43.1.20241119) #1 SMP Fri Jul 18 17:24:55 EEST 2025
[    0.000000] CPU: ARMv7 Processor [413fc082] revision 2 (ARMv7), cr=10c5387d
[    0.000000] CPU: PIPT / VIPT nonaliasing data cache, VIPT aliasing instruction cache
[    0.000000] OF: fdt: Machine model: TI AM335x BeagleBone Black
[    0.000000] Memory policy: Data cache writeback
[    0.000000] cma: Reserved 16 MiB at 0x9e800000
[    0.000000] Zone ranges:
[    0.000000]   Normal   [mem 0x0000000080000000-0x000000009fdfffff]
[    0.000000]   HighMem  empty
[    0.000000] Movable zone start for each node
[    0.000000] Early memory node ranges
[    0.000000]   node   0: [mem 0x0000000080000000-0x000000009fdfffff]
[    0.000000] Initmem setup node 0 [mem 0x0000000080000000-0x000000009fdfffff]
[    0.000000] On node 0, zone Normal: 512 pages in unavailable ranges
[    0.000000] OF: reserved mem: Reserved memory: No reserved-memory node in the DT
[    0.000000] CPU: All CPU(s) started in SVC mode.
[    0.000000] AM335X ES2.1 (sgx neon)
[    0.000000] percpu: Embedded 17 pages/cpu s39820 r8192 d21620 u69632
[    0.000000] Kernel command line: console=ttyO0,115200n8 root=/dev/nfs rw nfsroot=192.168.255.126:/home/user01/nfs,nfsvers=3 ip=192.168.255.1:192.168.255.126::255.255.255.0:bbb1:eth0 nfsrootdebug
[    0.000000] Unknown kernel command line parameters "nfsrootdebug", will be passed to user space.
[    0.000000] printk: log buffer data + meta data: 65536 + 204800 = 270336 bytes
[    0.000000] Dentry cache hash table entries: 65536 (order: 6, 262144 bytes, linear)
[    0.000000] Inode-cache hash table entries: 32768 (order: 5, 131072 bytes, linear)
[    0.000000] Built 1 zonelists, mobility grouping on.  Total pages: 130560
[    0.000000] mem auto-init: stack:off, heap alloc:off, heap free:off
[    0.000000] SLUB: HWalign=16, Order=0-3, MinObjects=0, CPUs=1, Nodes=1
[    0.000000] rcu: Hierarchical RCU implementation.
[    0.000000] rcu: 	RCU event tracing is enabled.
[    0.000000] rcu: 	RCU restricting CPUs from NR_CPUS=2 to nr_cpu_ids=1.
[    0.000000] 	Tracing variant of Tasks RCU enabled.
[    0.000000] rcu: RCU calculated value of scheduler-enlistment delay is 10 jiffies.
[    0.000000] rcu: Adjusting geometry for rcu_fanout_leaf=16, nr_cpu_ids=1
[    0.000000] RCU Tasks Trace: Setting shift to 0 and lim to 1 rcu_task_cb_adjust=1 rcu_task_cpu_ids=1.
[    0.000000] NR_IRQS: 16, nr_irqs: 16, preallocated irqs: 16
[    0.000000] IRQ: Found an INTC at 0x(ptrval) (revision 5.0) with 128 interrupts
[    0.000000] rcu: srcu_init: Setting srcu_struct sizes based on contention.
[    0.000000] TI gptimer clocksource: always-on /ocp/interconnect@44c00000/segment@200000/target-module@31000
[    0.000002] sched_clock: 32 bits at 24MHz, resolution 41ns, wraps every 89478484971ns
[    0.000026] clocksource: dmtimer: mask: 0xffffffff max_cycles: 0xffffffff, max_idle_ns: 79635851949 ns
[    0.000526] TI gptimer clockevent: 24000000 Hz at /ocp/interconnect@48000000/segment@0/target-module@40000
[    0.002151] Console: colour dummy device 80x30
[    0.002220] WARNING: Your 'console=ttyO0' has been replaced by 'ttyS0'
[    0.002227] This ensures that you still see kernel messages. Please
[    0.002232] update your kernel commandline.
[    0.002274] Calibrating delay loop... 996.14 BogoMIPS (lpj=4980736)
[    0.090575] CPU: Testing write buffer coherency: ok
[    0.090686] CPU0: Spectre v2: using BPIALL workaround
[    0.090696] pid_max: default: 32768 minimum: 301
[    0.090856] LSM: initializing lsm=capability
[    0.091023] Mount-cache hash table entries: 1024 (order: 0, 4096 bytes, linear)
[    0.091043] Mountpoint-cache hash table entries: 1024 (order: 0, 4096 bytes, linear)
[    0.092629] CPU0: thread -1, cpu 0, socket -1, mpidr 0
[    0.092687] cacheinfo: Unable to detect cache hierarchy for CPU 0
[    0.094679] Setting up static identity map for 0x80100000 - 0x80100078
[    0.094999] rcu: Hierarchical SRCU implementation.
[    0.095010] rcu: 	Max phase no-delay instances is 1000.
[    0.096723] smp: Bringing up secondary CPUs ...
[    0.096776] smp: Brought up 1 node, 1 CPU
[    0.096788] SMP: Total of 1 processors activated (996.14 BogoMIPS).
[    0.096798] CPU: All CPU(s) started in SVC mode.
[    0.096994] Memory: 480816K/522240K available (11264K kernel code, 1221K rwdata, 2936K rodata, 1024K init, 287K bss, 23388K reserved, 16384K cma-reserved, 0K highmem)
[    0.097821] devtmpfs: initialized
[    0.115258] VFP support v0.3: implementor 41 architecture 3 part 30 variant c rev 3
[    0.115901] clocksource: jiffies: mask: 0xffffffff max_cycles: 0xffffffff, max_idle_ns: 19112604462750000 ns
[    0.115959] posixtimers hash table entries: 512 (order: 0, 4096 bytes, linear)
[    0.115987] futex hash table entries: 256 (16384 bytes on 1 NUMA nodes, total 16 KiB, linear).
[    0.117128] pinctrl core: initialized pinctrl subsystem
[    0.119268] NET: Registered PF_NETLINK/PF_ROUTE protocol family
[    0.122450] DMA: preallocated 256 KiB pool for atomic coherent allocations
[    0.123063] audit: initializing netlink subsys (disabled)
[    0.124385] thermal_sys: Registered thermal governor 'fair_share'
[    0.124401] thermal_sys: Registered thermal governor 'step_wise'
[    0.124410] thermal_sys: Registered thermal governor 'user_space'
[    0.124518] audit: type=2000 audit(0.120:1): state=initialized audit_enabled=0 res=1
[    0.124590] cpuidle: using governor menu
[    0.142745] /ocp/interconnect@44c00000/segment@200000/target-module@b000/i2c@0/tda19988@70: Fixed dependency cycle(s) with /ocp/interconnect@48000000/segment@300000/target-module@e000/lcdc@0
[    0.143859] /ocp/interconnect@48000000/segment@300000/target-module@e000/lcdc@0: Fixed dependency cycle(s) with /ocp/interconnect@44c00000/segment@200000/target-module@b000/i2c@0/tda19988@70
[    0.146066] No ATAGs?
[    0.146109] hw-breakpoint: debug architecture 0x4 unsupported.
[    0.149207] kprobes: kprobe jump-optimization is enabled. All kprobes are optimized if possible.
[    0.153920] iommu: Default domain type: Translated
[    0.153942] iommu: DMA domain TLB invalidation policy: strict mode
[    0.161413] SCSI subsystem initialized
[    0.162275] pps_core: LinuxPPS API ver. 1 registered
[    0.162287] pps_core: Software ver. 5.3.6 - Copyright 2005-2007 Rodolfo Giometti <giometti@linux.it>
[    0.162311] PTP clock support registered
[    0.171434] vgaarb: loaded
[    0.171812] clocksource: Switched to clocksource dmtimer
[    0.172488] VFS: Disk quotas dquot_6.6.0
[    0.172545] VFS: Dquot-cache hash table entries: 1024 (order 0, 4096 bytes)
[    0.197920] NET: Registered PF_INET protocol family
[    0.198261] IP idents hash table entries: 8192 (order: 4, 65536 bytes, linear)
[    0.199676] tcp_listen_portaddr_hash hash table entries: 512 (order: 0, 4096 bytes, linear)
[    0.199713] Table-perturb hash table entries: 65536 (order: 6, 262144 bytes, linear)
[    0.199731] TCP established hash table entries: 4096 (order: 2, 16384 bytes, linear)
[    0.199778] TCP bind hash table entries: 4096 (order: 4, 65536 bytes, linear)
[    0.199878] TCP: Hash tables configured (established 4096 bind 4096)
[    0.199996] UDP hash table entries: 256 (order: 1, 14336 bytes, linear)
[    0.200031] UDP-Lite hash table entries: 256 (order: 1, 14336 bytes, linear)
[    0.200218] NET: Registered PF_UNIX/PF_LOCAL protocol family
[    0.201471] RPC: Registered named UNIX socket transport module.
[    0.201492] RPC: Registered udp transport module.
[    0.201497] RPC: Registered tcp transport module.
[    0.201502] RPC: Registered tcp-with-tls transport module.
[    0.201508] RPC: Registered tcp NFSv4.1 backchannel transport module.
[    0.201533] PCI: CLS 0 bytes, default 64
[    0.203049] Initialise system trusted keyrings
[    0.212629] workingset: timestamp_bits=14 max_order=17 bucket_order=3
[    0.214012] NFS: Registering the id_resolver key type
[    0.214079] Key type id_resolver registered
[    0.214088] Key type id_legacy registered
[    0.214197] jffs2: version 2.2. (NAND) (SUMMARY)  Â© 2001-2006 Red Hat, Inc.
[    0.214645] Key type asymmetric registered
[    0.214662] Asymmetric key parser 'x509' registered
[    0.214735] io scheduler mq-deadline registered
[    0.214747] io scheduler kyber registered
[    0.214823] io scheduler bfq registered
[    0.216692] target-module@4b000000:target-module@140000:pmu@0:fck: device ID is greater than 24
[    0.222886] l3-aon-clkctrl:0000:0: failed to disable
[    0.232198] ledtrig-cpu: registered to indicate activity on CPUs
[    0.235939] Serial: 8250/16550 driver, 6 ports, IRQ sharing enabled
[    0.278040] brd: module loaded
[    0.298376] loop: module loaded
[    0.299305] mtdoops: mtd device (mtddev=name/number) must be supplied
[    0.302636] i2c_dev: i2c /dev entries driver
[    0.303650] cpuidle: enable-method property 'ti,am3352' found operations
[    0.304092] sdhci: Secure Digital Host Controller Interface driver
[    0.304102] sdhci: Copyright(c) Pierre Ossman
[    0.304282] sdhci-pltfm: SDHCI platform and OF driver helper
[    0.312297] hw perfevents: enabled with armv7_cortex_a8 PMU driver, 5 (8000000f) counters available
[    0.312811] Initializing XFRM netlink socket
[    0.312993] NET: Registered PF_INET6 protocol family
[    0.318653] l3-aon-clkctrl:0000:0: failed to disable
[    0.326735] Segment Routing with IPv6
[    0.326822] In-situ OAM (IOAM) with IPv6
[    0.326919] sit: IPv6, IPv4 and MPLS over IPv4 tunneling driver
[    0.327884] NET: Registered PF_PACKET protocol family
[    0.327915] NET: Registered PF_KEY protocol family
[    0.328034] Key type dns_resolver registere d
[    0.328261] ThumbEE CPU extension supported.
[    0.328280] Registering SWP/SWPB emulation handler
[    0.328819] omap_voltage_late_init: Voltage driver support not added
[    0.329484] SmartReflex Class3 initialized
[    0.360468] Loading compiled-in X.509 certificates
[    0.400923] /ocp/interconnect@44c00000/segment@200000/target-module@b000/i2c@0/tda19988@70: Fixed dependency cycle(s) with /ocp/interconnect@48000000/segment@300000/target-module@e000/lcdc@0
[    0.407428] /ocp/interconnect@ 44c00000/segment@200000/target-module@b000/i2c@0/tda19988@70: Fixed dependency cycle(s) with /ocp/interconnect@48000000/segment@300000/target-module@e000/lcdc@0
[    0.436727] /ocp/interconnect@44c00000/segment@200000/target-module@b000/i2c@0/tda19988@70: Fixed dependency cycle(s) with /ocp/interconnect@48000000/segment@300000/target-module@e000/lcdc@0
[    0.437602] /ocp/interconnect@44c00000/segment@200000/target-module@b000/i2c@0/tda19988@70: Fixed dependency cycle(s) with /ocp/interconnect@48000000/segment@300000/target-module@e000/lcdc@0
[    0.441045] /ocp/interconnect@44c00000/segment@200000/target-module@10000/scm@0/pinmux@800: Fixed dependency cycle(s) with /ocp/interconnect@44c00000/segment@200000/target-module@10000/scm@0/pinmux@800/clkout2-pins
[    0.441627] pinctrl-single 44e10800.pinmux: 142 pins, size 568
[    0.447290] ti-sysc 44e31000.target-module: probe with driver ti-sysc failed with error -16
[    0.473311] /ocp/interconnect@48000000/segment@300000/target-module@e000/lcdc@0: Fixed dependency cycle(s) with /ocp/interconnect@44c00000/segment@200000/target-module@b000/i2c@0/tda19988@70
[    0.481350] ti-sysc 48040000.target-module: probe with driver ti-sysc failed with error -16
[    0.526866] OMAP GPIO hardware version 0.1
[    0.570277] omap_i2c 4819c000.i2c: bus 2 rev0.11 at 100 kHz
[    0.596870] 48000000.interconnect:segment@200000:target-module@0:mpu@0:fck: device ID is greater than 24
[    0.597752] /ocp/interconnect@48000000/segment@300000/target-module@e000/lcdc@0: Fixed dep
[    2.392768] tps65217-pmic: Failed to locate of_node [id: -1]
[    2.398835] tps65217-bl: Failed to locate of_node [id: -1]
[    2.404926] platform tps65217-charger: DMA mask not set
[    2.410962] platform tps65217-pwrbutton: DMA mask not set
[    2.418249] tps65217 0-0024: TPS65217 ID 0xe version 1.2
[    2.424375] /ocp/interconnect@48000000/segment@300000/target-module@e000/lcdc@0: Fixed dependency cycle(s) with /ocp/interconnect@44c00000/segment@200000/target-module@b000/i2c@0/tda19988@70
[    2.441761] /ocp/interconnect@44c00000/segment@200000/target-module@b000/i2c@0/tda19988@70: Fixed dependency cycle(s) with /ocp/interconnect@48000000/segment@300000/target-module@e000/lcdc@0
[    2.459152] omap_i2c 44e0b000.i2c: bus 0 rev0.11 at 400 kHz
[    2.467023] omap_gpio 44e07000.gpio: Could not set line 6 debounce to 200000 microseconds (-22)
[    2.475943] sdhci-omap 48060000.mmc: Got CD GPIO
[    2.480958] sdhci-omap 48060000.mmc: supply pbias not found, using dummy regulator
[    2.490942] sdhci-omap 48060000.mmc: supply vqmmc not found, using dummy regulator
[    2.500107] sdhci-omap 481d8000.mmc: supply pbias not found, using dummy regulator
[    2.509748] sdhci-omap 481d8000.mmc: supply vqmmc not found, using dummy regulator
[    2.545525] mmc0: SDHCI controller on 48060000.mmc [48060000.mmc] using External DMA
[    2.553852] mmc1: SDHCI controller on 481d8000.mmc [481d8000.mmc] using External DMA
[    2.562629] cpsw-switch 4a100000.switch: starting ndev. mode: dual_mac
[    2.610896] mmc0: new high speed SDHC card at address 5048
[    2.617963] mmcblk0: mmc0:5048 SD16G 14.4 GiB
[    2.626259]  mmcblk0: p1 p2
[    2.629633] mmcblk0: p2 size 31221760 extends beyond EOD, truncated
[    2.643038] SMSC LAN8710/LAN8720 4a101000.mdio:00: attached PHY driver (mii_bus:phy_addr=4a101000.mdio:00, irq=POLL)
[    2.654030] mmc1: new high speed MMC card at address 0001
[    2.666633] mmcblk1: mmc1:0001 MMC04G 3.60 GiB
[    2.674280]  mmcblk1: p1 p2
[    2.678513] mmcblk1boot0: mmc1:0001 MMC04G 2.00 MiB
[    2.687229] mmcblk1boot1: mmc1:0001 MMC04G 2.00 MiB
[    2.696484] mmcblk1rpmb: mmc1:0001 MMC04G 128 KiB, chardev (249:0)
[    5.842577] cpsw-switch 4a100000.switch eth0: Link is Up - 100Mbps/Full - flow control off
[    5.882053] IP-Config: Complete:
[    5.885330]      device=eth0, hwaddr=6c:ec:eb:68:de:78, ipaddr=192.168.255.1, mask=255.255.255.0, gw=255.255.255.255
[    5.896003]      host=bbb1, domain=, nis-domain=(none)
[    5.901174]      bootserver=192.168.255.126, rootserver=192.168.255.126, rootpath=
[    5.901593] clk: Disabling unused clocks
[    5.913482] KTAP version 1
[    5.916215] 1..0
[    5.918656] check access for rdinit=/init failed: -2, ignoring
[    5.958943] VFS: Mounted root (nfs filesystem) on device 0:17.
[    5.966346] devtmpfs: mounted
[    5.970853] Freeing unused kernel image (initmem) memory: 1024K
[    5.977655] Run /sbin/init as init process
[    6.665513] systemd[1]: System time before build time, advancing clock.
[    8.191833] random: crng init done
[    8.208216] systemd[1]: systemd 232 running in system mode. (+PAM +AUDIT +SELINUX +IMA +APPARMOR +SMACK +SYSVINIT +UTMP +LIBCRYPTSETUP +GCRYPT +GNUTLS +ACL +XZ +LZ4 +SECCOMP +BLKID +ELFUTILS +KMOD +IDN)
[    8.227419] systemd[1]: Detected architecture arm.

Welcome to [1mDebian GNU/Linux 9 (stretch)[0m!

[    8.255258] systemd[1]: Set hostname to <arm>.
[    9.391748] systemd[1]: Started Forward Password Requests to Wall Directory Watch.
[[0;32m  OK  [0m] Started Forward Password Requests to Wall Directory Watch.
[    9.425776] systemd[1]: syslog.socket: SO_PASSSEC failed: Operation not supported
[    9.433758] systemd[1]: Listening on Syslog Socket.
[[0;32m  OK  [0m] Listening on Syslog Socket.
[    9.463751] systemd[1]: Listening on udev Control Socket.
[[0;32m  OK  [0m] Listening on udev Control Socket.
[    9.493583] systemd[1]: Set up automount Arbitrary Executable File Formats File System Automount Point.
[[0;32m  OK  [0m] Set up automount Arbitrary Executabâ€¦rmats File System Automount Point.
[    9.522599] systemd[1]: systemd-journald.socket: SO_PASSSEC failed: Operation not supported
[    9.531229] systemd[1]: systemd-journald.socket: SO_PASSSEC failed: Operation not supported
[[0;32m  OK  [0m] Listening on Journal Socket.
[[0;32m  OK  [0m] Listening on udev Kernel Socket.
[[0;32m  OK  [0m] Created slice System Slice.
         Starting Load Kernel Modules...
         Starting Create list of required stâ€¦ce nodes for the current kernel...
[[0;32m  OK  [0m] Created slice system-getty.slice.
         Starting Remount Root and Kernel File Systems...
[[0;32m  OK  [0m] Listening on /dev/initctl Compatibility Named Pipe.
[[0;32m  OK  [0m] Reached target Swap.
[[0;32m  OK  [0m] Reached target Remote File Systems.
         Mounting POSIX Message Queue File System...
[[0;32m  OK  [0m] Started Dispatch Password Requests to Console Directory Watch.
[[0;32m  OK  [0m] Reached target Encrypted Volumes.
[[0;32m  OK  [0m] Reached target Paths.
         Mounting Debug File System...
[[0;32m  OK  [0m] Listening on Journal Socket (/dev/log).
[[0;32m  OK  [0m] Created slice system-serial\x2dgetty.slice.
[[0;32m  OK  [0m] Listening on Journal Audit Socket.
         Starting Journal Service...
[[0;32m  OK  [0m] Created slice User and Session Slice.
[[0;32m  OK  [0m] Reached target Slices.
[[0;32m  OK  [0m] Started Load Kernel Modules.
[[0;32m  OK  [0m] Started Create list of required staâ€¦vice nodes for the current kernel.
[[0;32m  OK  [0m] Started Remount Root and Kernel File Systems.
[[0;32m  OK  [0m] Mounted POSIX Message Queue File System.
[[0;32m  OK  [0m] Mounted Debug File System.
         Starting udev Coldplug all Devices...
         Starting Load/Save Random Seed...
         Starting Create Static Device Nodes in /dev...
         Mounting Configuration File System...
         Starting Apply Kernel Variables...
[[0;32m  OK  [0m] Mounted Configuration File System.
[[0;32m  OK  [0m] Started Load/Save Random Seed.
[[0;32m  OK  [0m] Started Apply Kernel Variables.
[[0;32m  OK  [0m] Started Create Static Device Nodes in /dev.
         Starting udev Kernel Device Manager...
[[0;32m  OK  [0m] Reached target Local File Systems (Pre).
[[0;32m  OK  [0m] Reached target Local File Systems.
         Starting Raise network interfaces...
[[0;32m  OK  [0m] Started Journal Service.
         Starting Flush Journal to Persistent Storage...
[   11.765819] systemd-journald[88]: Received request to flush runtime journal from PID 1
[[0;32m  OK  [0m] Started Flush Journal to Persistent Storage.
         Starting Create Volatile Files and Directories...
[[0;32m  OK  [0m] Started udev Kernel Device Manager.
[   12.645884] omap_prm 44e00d00.prm: sync_state() pending due to 44d00000.cpu
[[0;32m  OK  [0m] Started Create Volatile Files and Directories.
         Starting Update UTMP about System Boot/Shutdown...
         Starting Network Time Synchronization...
[[0;32m  OK  [0m] Started Update UTMP about System Boot/Shutdown.
[[0;32m  OK  [0m] Started udev Coldplug all Devices.
[   14.653905] remoteproc remoteproc0: wkup_m3 is available
[   14.804249] omap_rtc 44e3e000.rtc: registered as rtc0
[   14.809489] omap_rtc 44e3e000.rtc: setting system clock to 2000-01-01T00:00:00 UTC (946684800)
[   14.874043] at24 2-0054: supply vcc not found, using dummy regulator
[   14.996258] at24 2-0055: supply vcc not found, using dummy regulator
[   15.070998] at24 2-0056: supply vcc not found, using dummy regulator
[   15.160440] at24 2-0057: supply vcc not found, using dummy regulator
[   15.247977] at24 0-0050: 32768 byte 24c256 EEPROM, writable, 1 bytes/write
[[0;32m  OK  [0m] Found device /dev/ttyS0.
[   15.534421] input: tps65217_pwrbutton as /devices/platform/ocp/44c00000.interconnect/44c00000.interconnect:segment@200000/44e0b000.target-module/44e0b000.i2c/i2c-0/0-0024/tps65217-pwrbutton/input/input0
[   15.802855] omap_wdt: OMAP Watchdog Timer Rev 0x01: initial timeout 60 sec
[   15.884418] am335x-phy-driver 47401300.usb-phy: dummy supplies not allowed for exclusive requests (id=vbus)
[[0;32m  OK  [0m] Started Network Time Synchronization.
[[0;32m  OK  [0m] Reached target System Time Synchronized.
[[0;32m  OK  [0m] Reached target System Initialization.
[   16.044577] am335x-phy-driver 47401b00.usb-phy: dummy supplies not allowed for exclusive requests (id=vbus)
[[0;32m  OK  [0m] Listening on D-Bus System Message Bus Socket.
[[0;32m  OK  [0m] Started Daily Cleanup of Temporary Directories.
[   16.352292] usbcore: registered new interface driver usbfs
[   16.358126] usbcore: registered new interface driver hub
[   16.363704] usbcore: registered new device driver usb
[[0;32m  OK  [0m] Started Daily apt download activities.
[[0;32m  OK  [0m] Started Daily apt upgrade and clean activities.
[[0;32m  OK  [0m] Reached target Timers.
[[0;32m  OK  [0m] Listening on Avahi mDNS/DNS-SD Stack Activation Socket.
[[0;32m  OK  [0m] Reached target Sockets.
[[0;32m  OK  [0m] Reached target Basic System.
         Starting Login Service...
         Starting Avahi mDNS/DNS-SD Stack...
[[0;32m  OK  [0m] Started D-Bus System Message Bus.
[   17.211343] musb-hdrc musb-hdrc.1: MUSB HDRC host driver
[   17.217133] musb-hdrc musb-hdrc.1: new USB bus registered, assigned bus number 1
[   17.356699] tda998x 0-0070: found TDA19988
[   17.496020] usb usb1: New USB device found, idVendor=1d6b, idProduct=0002, bcdDevice= 6.16
[   17.504514] usb usb1: New USB device strings: Mfr=3, Product=2, SerialNumber=1
[   17.511845] usb usb1: Product: MUSB HDRC host driver
[   17.516841] usb usb1: Manufacturer: Linux 6.16.0-rc6-next-20250718 musb-hcd
[   17.523893] usb usb1: SerialNumber: musb-hdrc.1
[   17.615058] omap-mailbox 480c8000.mailbox: omap mailbox rev 0x400
[   17.732685] remoteproc remoteproc0: powering up wkup_m3
[   17.901595] hub 1-0:1.0: USB hub found
[   17.930222] remoteproc remoteproc0: Direct firmware load for am335x-pm-firmware.elf failed with error -2
[   17.940021] remoteproc remoteproc0: request_firmware failed: -2
[   17.946038] wkup_m3_ipc 44e11324.wkup_m3_ipc: rproc_boot failed
[   18.003499] hub 1-0:1.0: 1 port detected
[   20.047061] omap_rng 48310000.rng: Random Number Generator ver. 20
[   20.230192] tilcdc 4830e000.lcdc: bound 0-0070 (ops tda998x_audio_codec_init [tda998x])
[   20.323554] [drm] Initialized tilcdc 1.0.0 for 4830e000.lcdc on minor 0
[   20.374796] ------------[ cut here ]------------
[   20.379492] WARNING: net/8021q/vlan_core.c:236 at vlan_for_each+0x114/0x134, CPU#0: avahi-daemon/181
[   20.388853] RTNL: assertion failed at net/8021q/vlan_core.c (236)
[   20.395008] Modules linked in: tilcdc(+) drm_dma_helper omap_rng drm_client_lib rng_core snd_soc_davinci_mcasp snd_soc_ti_udma snd_soc_ti_edma snd_soc_ti_sdma snd_soc_core snd_pcm_dmaengine snd_pcm snd_timer omap_mailbox snd soundcore tda998x musb_dsps cec musb_hdrc udc_core drm_kms_helper usbcore phy_am335x drm phy_generic omap_wdt cppi41 usb_common wkup_m3_ipc watchdog tps65218_pwrbutton phy_am335x_control drm_panel_orientation_quirks at24 rtc_omap wkup_m3_rproc leds_gpio led_class cpufreq_dt ip_tables x_tables autofs4
[   20.441678] CPU: 0 UID: 107 PID: 181 Comm: avahi-daemon Not tainted 6.16.0-rc6-next-20250718 #1 NONE 
[   20.441697] Hardware name: Generic AM33XX (Flattened Device Tree)
[   20.441706] Call trace: 
[   20.441722]  unwind_backtrace from show_stack+0x10/0x14
[   20.441760]  show_stack from dump_stack_lvl+0x50/0x64
[   20.441786]  dump_stack_lvl from __warn+0x88/0x148
[   20.441804]  __warn from warn_slowpath_fmt+0x19c/0x1b0
[   20.441817]  warn_slowpath_fmt from vlan_for_each+0x114/0x134
[   20.441839]  vlan_for_each from cpsw_add_mc_addr+0x40/0xa4
[   20.441867]  cpsw_add_mc_addr from __hw_addr_ref_sync_dev+0x108/0x140
[   20.441899]  __hw_addr_ref_sync_dev from __dev_mc_add+0x7c/0x80
[   20.441922]  __dev_mc_add from igmp6_group_added+0xc8/0xe0
[   20.441951]  igmp6_group_added from __ipv6_dev_mc_inc+0x218/0x364
[   20.441969]  __ipv6_dev_mc_inc from __ipv6_sock_mc_join+0x11c/0x214
[   20.441987]  __ipv6_sock_mc_join from do_ipv6_setsockopt+0x1214/0x1310
[   20.442019]  do_ipv6_setsockopt from ipv6_setsockopt+0x60/0xcc
[   20.442041]  ipv6_setsockopt from udpv6_setsockopt+0x2c/0x6c
[   20.442066]  udpv6_setsockopt from sock_common_setsockopt+0x30/0x40
[   20.442101]  sock_common_setsockopt from do_sock_setsockopt+0x50/0x9c
[   20.442124]  do_sock_setsockopt from __sys_setsockopt+0x70/0xbc
[   20.442144]  __sys_setsockopt from ret_fast_syscall+0x0/0x58
[   20.442162] Exception stack(0xe0125fa8 to 0xe0125ff0)
[   20.442177] 5fa0:                   00000014 b6f8ece8 0000000d 00000029 00000014 bee3c9ec
[   20.442188] 5fc0: 00000014 b6f8ece8 00000014 00000126 0000000d b6f37ff4 0050e988 004f6558
[   20.442197] 5fe0: b6f4d088 bee3c9d8 b6f2a309 b6e0141a
[   20.590992] ---[ end trace 0000000000000000 ]---
[   20.632051] tilcdc 4830e000.lcdc: [drm] Cannot find any crtc or sizes
[   20.657542] tilcdc 4830e000.lcdc: [drm] Cannot find any crtc or sizes
[[0;32m  OK  [0m] Started Avahi mDNS/DNS-SD Stack.
         Starting Connection service...
[[0;32m  OK  [0m] Started Regular background program processing daemon.
         Starting DUN service...
         Starting Generic Board Startup...
         Starting LSB: Start busybox udhcpd at boot time...
         Starting LSB: Load kernel modules needed to enable cpufreq scaling...
         Starting Telephony service...
         Starting System Logging Service...
         Starting Cape Manager Service...
[   21.659203] omap-sham 53100000.sham: hw accel on OMAP rev 4.3
[   21.783956] omap-sham 53100000.sham: will run requests pump with realtime priority
[   21.799425] omap-aes 53500000.aes: OMAP AES hw accel rev: 3.2
[   21.935459] omap-aes 53500000.aes: will run requests pump with realtime priority
[   21.950452] PM: Cannot get wkup_m3_ipc handle
[[0;32m  OK  [0m] Started System Logging Service.
[[0;32m  OK  [0m] Started Cape Manager Service.
[   24.937852] Bluetooth: Core ver 2.22
[   24.941666] NET: Registered PF_BLUETOOTH protocol family
[   24.947254] Bluetooth: HCI device and connection manager initialized
[   24.953722] Bluetooth: HCI socket layer initialized
[   24.958636] Bluetooth: L2CAP socket layer initialized
[   24.963821] Bluetooth: SCO socket layer initialized
[   26.031984] PM: Cannot get wkup_m3_ipc handle
[   26.105095] gpio-537 (nxp,calib): gpiod_direction_output_nonotify: tried to set a GPIO tied to an IRQ as output
[   26.172964] PM: Cannot get wkup_m3_ipc handle
[   26.329203] tda9950 0-0034: TDA9950 CEC interface, hardware version 3.3
[   26.435060] PM: Cannot get wkup_m3_ipc handle
[[0;32m  OK  [0m] Started LSB: Start busybox udhcpd at boot time.
[[0;32m  OK  [0m] Started Raise network interfaces.
[[0;32m  OK  [0m] Started LSB: Load kernel modules needed to enable cpufreq scaling.
[   29.888440] configfs-gadget.g_multi gadget.0: HOST MAC 1c:ba:8c:a2:ed:6c
[   29.895456] configfs-gadget.g_multi gadget.0: MAC 1c:ba:8c:a2:ed:70
[   29.902886] configfs-gadget.g_multi gadget.0: HOST MAC 1c:ba:8c:a2:ed:6c
[   29.909650] configfs-gadget.g_multi gadget.0: MAC 1c:ba:8c:a2:ed:6d
[   29.918939] PM: Cannot get wkup_m3_ipc handle
[[0;32m  OK  [0m] Started DUN service.
[[0;32m  OK  [0m] Started Telephony service.
[[0;32m  OK  [0m] Started Connection service.
[[0;32m  OK  [0m] Started Login Service.
[[0;32m  OK  [0m] Reached target Sound Card.
         Starting LSB: set CPUFreq kernel parameters...
[[0;32m  OK  [0m] Reached target Network.
         Starting OpenBSD Secure Shell server...
         Starting Permit User Sessions...
         Starting The Apache HTTP Server...
[[0;32m  OK  [0m] Reached target Network is Online.
         Starting LSB: Advanced IEEE 802.11 management daemon...
[[0;32m  OK  [0m] Started LSB: Advanced IEEE 802.11 management daemon.
[[0;32m  OK  [0m] Started Permit User Sessions.
         Starting Hostname Service...
         Starting WPA supplicant...
[[0;32m  OK  [0m] Started Getty on tty1.
[[0;32m  OK  [0m] Started Serial Getty on ttyS0.
[[0;32m  OK  [0m] Reached target Login Prompts.
[[0;32m  OK  [0m] Started LSB: set CPUFreq kernel parameters.
[[0;32m  OK  [0m] Started WPA supplicant.
[[0;32m  OK  [0m] Started Hostname Service.
[[0;32m  OK  [0m] Started OpenBSD Secure Shell server.
         Stopping LSB: Start busybox udhcpd at boot time...
[[0;32m  OK  [0m] Stopped LSB: Start busybox udhcpd at boot time.
[[0;32m  OK  [0m] Started The Apache HTTP Server.
         Starting dnsmasq - A lightweight DHCP and caching DNS server...
[[0;32m  OK  [0m] Started dnsmasq - A lightweight DHCP and caching DNS server.
[[0;32m  OK  [0m] Reached target Host and Network Name Lookups.
[[0;32m  OK  [0m] Started Serial Getty on ttyGS0.
[[0;32m  OK  [0m] Started Generic Board Startup.
[[0;32m  OK  [0m] Reached target Multi-User System.
[[0;32m  OK  [0m] Reached target Graphical Interface.
         Starting Update UTMP about System Runlevel Changes...
[[0;32m  OK  [0m] Started Update UTMP about System Runlevel Changes.

Debian GNU/Linux 9 arm ttyS0

default username:password is [debian:temppwd]

arm login: root
Password: 
Last login: Sat Jan  1 00:00:32 UTC 2000 on ttyS0
root
Linux arm 6.16.0-rc6-next-20250718 #1 SMP Fri Jul 18 17:24:55 EEST 2025 armv7l

The programs included with the Debian GNU/Linux system are free software;
the exact distribution terms for each program are described in the
individual files in /usr/share/doc/*/copyright.

Debian GNU/Linux comes with ABSOLUTELY NO WARRANTY, to the extent
permitted by applicable law.
root@arm:~# root
dmesg -n 1
-bash: root: command not found
root@arm:~# dmesg -n 1
root@arm:~# echo 'EHEO''SYUEYT'
EHEOSYUEYT
root@arm:~# run() { echo -n "$MARKER"; sh -c "$@"; echo "$MARKER $?"; }
root@arm:~# echo 'EHZX''YJHXVY'
EHZXYJHXVY
root@arm:~# MARKER='LAYE''SQXJOE' run 'cat /proc/version'
LAYESQXJOELinux version 6.16.0-rc6-next-20250718 (user01@drvtest01) (arm-none-eabi-gcc (Arm GNU Toolchain 14.2.Rel1 (Build arm-14.52)) 14.2.1 20241119, GNU ld (Arm GNU Toolchain 14.2.Rel1 (Build arm-14.52)) 2.43.1.20241119) #1 SMP Fri Jul 18 17:24:55 EEST 2025
LAYESQXJOE 0
root@arm:~# echo 'ZPHM''JGKAQK'
ZPHMJGKAQK
root@arm:~# MARKER='WQQY''CYCPUC' run false
WQQYCYCPUCWQQYCYCPUC 1
root@arm:~# Labgrid Console Logfile for main
Logfile started at 2025-07-18 17:28:55.267007
=== Log starts here ===

root@arm:~# run() { echo -n "$MARKER"; sh -c "$@"; echo "$MARKER $?"; }
root@arm:~# echo 'CTOH''ACEAWF'
CTOHACEAWF
root@arm:~# MARKER='MXWG''LQPYNF' run 'ls /iio_generic_buffer; echo $?'
MXWGLQPYNF/iio_generic_buffer
0
MXWGLQPYNF 0
root@arm:~# Labgrid Console Logfile for main
Logfile started at 2025-07-18 17:28:58.657756
=== Log starts here ===

root@arm:~# run() { echo -n "$MARKER"; sh -c "$@"; echo "$MARKER $?"; }
root@arm:~# echo 'VVHN''VNNXLK'
VVHNVNNXLK
root@arm:~# MARKER='UCJJ''OCFKMG' run dmesg
UCJJOCFKMG[    0.000000] Booting Linux on physical CPU 0x0
[    0.000000] Linux version 6.16.0-rc6-next-20250718 (user01@drvtest01) (arm-none-eabi-gcc (Arm GNU Toolchain 14.2.Rel1 (Build arm-14.52)) 14.2.1 20241119, GNU ld (Arm GNU Toolchain 14.2.Rel1 (Build arm-14.52)) 2.43.1.20241119) #1 SMP Fri Jul 18 17:24:55 EEST 2025
[    0.000000] CPU: ARMv7 Processor [413fc082] revision 2 (ARMv7), cr=10c5387d
[    0.000000] CPU: PIPT / VIPT nonaliasing data cache, VIPT aliasing instruction cache
[    0.000000] OF: fdt: Machine model: TI AM335x BeagleBone Black
[    0.000000] Memory policy: Data cache writeback
[    0.000000] cma: Reserved 16 MiB at 0x9e800000
[    0.000000] Zone ranges:
[    0.000000]   Normal   [mem 0x0000000080000000-0x000000009fdfffff]
[    0.000000]   HighMem  empty
[    0.000000] Movable zone start for each node
[    0.000000] Early memory node ranges
[    0.000000]   node   0: [mem 0x0000000080000000-0x000000009fdfffff]
[    0.000000] Initmem setup node 0 [mem 0x0000000080000000-0x000000009fdfffff]
[    0.000000] On node 0, zone Normal: 512 pages in unavailable ranges
[    0.000000] OF: reserved mem: Reserved memory: No reserved-memory node in the DT
[    0.000000] CPU: All CPU(s) started in SVC mode.
[    0.000000] AM335X ES2.1 (sgx neon)
[    0.000000] percpu: Embedded 17 pages/cpu s39820 r8192 d21620 u69632
[    0.000000] pcpu-alloc: s39820 r8192 d21620 u69632 alloc=17*4096
[    0.000000] pcpu-alloc: [0] 0 
[    0.000000] Kernel command line: console=ttyO0,115200n8 root=/dev/nfs rw nfsroot=192.168.255.126:/home/user01/nfs,nfsvers=3 ip=192.168.255.1:192.168.255.126::255.255.255.0:bbb1:eth0 nfsrootdebug
[    0.000000] Unknown kernel command line parameters "nfsrootdebug", will be passed to user space.
[    0.000000] printk: log buffer data + meta data: 65536 + 204800 = 270336 bytes
[    0.000000] Dentry cache hash table entries: 65536 (order: 6, 262144 bytes, linear)
[    0.000000] Inode-cache hash table entries: 32768 (order: 5, 131072 bytes, linear)
[    0.000000] Built 1 zonelists, mobility grouping on.  Total pages: 130560
[    0.000000] mem auto-init: stack:off, heap alloc:off, heap free:off
[    0.000000] SLUB: HWalign=16, Order=0-3, MinObjects=0, CPUs=1, Nodes=1
[    0.000000] rcu: Hierarchical RCU implementation.
[    0.000000] rcu: 	RCU event tracing is enabled.
[    0.000000] rcu: 	RCU restricting CPUs from NR_CPUS=2 to nr_cpu_ids=1.
[    0.000000] 	Tracing variant of Tasks RCU enabled.
[    0.000000] rcu: RCU calculated value of scheduler-enlistment delay is 10 jiffies.
[    0.000000] rcu: Adjusting geometry for rcu_fanout_leaf=16, nr_cpu_ids=1
[    0.000000] RCU Tasks Trace: Setting shift to 0 and lim to 1 rcu_task_cb_adjust=1 rcu_task_cpu_ids=1.
[    0.000000] NR_IRQS: 16, nr_irqs: 16, preallocated irqs: 16
[    0.000000] IRQ: Found an INTC at 0x(ptrval) (revision 5.0) with 128 interrupts
[    0.000000] rcu: srcu_init: Setting srcu_struct sizes based on contention.
[    0.000000] TI gptimer clocksource: always-on /ocp/interconnect@44c00000/segment@200000/target-module@31000
[    0.000002] sched_clock: 32 bits at 24MHz, resolution 41ns, wraps every 89478484971ns
[    0.000026] clocksource: dmtimer: mask: 0xffffffff max_cycles: 0xffffffff, max_idle_ns: 79635851949 ns
[    0.000526] TI gptimer clockevent: 24000000 Hz at /ocp/interconnect@48000000/segment@0/target-module@40000
[    0.002151] Console: colour dummy device 80x30
[    0.002220] WARNING: Your 'console=ttyO0' has been replaced by 'ttyS0'
[    0.002227] This ensures that you still see kernel messages. Please
[    0.002232] update your kernel commandline.
[    0.002274] Calibrating delay loop... 996.14 BogoMIPS (lpj=4980736)
[    0.090575] CPU: Testing write buffer coherency: ok
[    0.090686] CPU0: Spectre v2: using BPIALL workaround
[    0.090696] pid_max: default: 32768 minimum: 301
[    0.090856] LSM: initializing lsm=capability
[    0.091023] Mount-cache hash table entries: 1024 (order: 0, 4096 bytes, linear)
[    0.091043] Mountpoint-cache hash table entries: 1024 (order: 0, 4096 bytes, linear)
[    0.092629] CPU0: thread -1, cpu 0, socket -1, mpidr 0
[    0.092687] cacheinfo: Unable to detect cache hierarchy for CPU 0
[    0.094679] Setting up static identity map for 0x80100000 - 0x80100078
[    0.094999] rcu: Hierarchical SRCU implementation.
[    0.095010] rcu: 	Max phase no-delay instances is 1000.
[    0.096723] smp: Bringing up secondary CPUs ...
[    0.096776] smp: Brought up 1 node, 1 CPU
[    0.096788] SMP: Total of 1 processors activated (996.14 BogoMIPS).
[    0.096798] CPU: All CPU(s) started in SVC mode.
[    0.096994] Memory: 480816K/522240K available (11264K kernel code, 1221K rwdata, 2936K rodata, 1024K init, 287K bss, 23388K reserved, 16384K cma-reserved, 0K highmem)
[    0.097821] devtmpfs: initialized
[    0.115258] VFP support v0.3: implementor 41 architecture 3 part 30 variant c rev 3
[    0.115901] clocksource: jiffies: mask: 0xffffffff max_cycles: 0xffffffff, max_idle_ns: 19112604462750000 ns
[    0.115959] posixtimers hash table entries: 512 (order: 0, 4096 bytes, linear)
[    0.115987] futex hash table entries: 256 (16384 bytes on 1 NUMA nodes, total 16 KiB, linear).
[    0.117128] pinctrl core: initialized pinctrl subsystem
[    0.119268] NET: Registered PF_NETLINK/PF_ROUTE protocol family
[    0.122450] DMA: preallocated 256 KiB pool for atomic coherent allocations
[    0.123063] audit: initializing netlink subsys (disabled)
[    0.124385] thermal_sys: Registered thermal governor 'fair_share'
[    0.124401] thermal_sys: Registered thermal governor 'step_wise'
[    0.124410] thermal_sys: Registered thermal governor 'user_space'
[    0.124518] audit: type=2000 audit(0.120:1): state=initialized audit_enabled=0 res=1
[    0.124590] cpuidle: using governor menu
[    0.142745] /ocp/interconnect@44c00000/segment@200000/target-module@b000/i2c@0/tda19988@70: Fixed dependency cycle(s) with /ocp/interconnect@48000000/segment@300000/target-module@e000/lcdc@0
[    0.143859] /ocp/interconnect@48000000/segment@300000/target-module@e000/lcdc@0: Fixed dependency cycle(s) with /ocp/interconnect@44c00000/segment@200000/target-module@b000/i2c@0/tda19988@70
[    0.146066] No ATAGs?
[    0.146109] hw-breakpoint: debug architecture 0x4 unsupported.
[    0.149207] kprobes: kprobe jump-optimization is enabled. All kprobes are optimized if possible.
[    0.153920] iommu: Default domain type: Translated
[    0.153942] iommu: DMA domain TLB invalidation policy: strict mode
[    0.155518] reg-fixed-voltage fixedregulator0: using DT '/fixedregulator0' for '(default)' GPIO lookup
[    0.155572] of_get_named_gpiod_flags: can't parse 'gpios' property of node '/fixedregulator0[0]'
[    0.155601] of_get_named_gpiod_flags: can't parse 'gpio' property of node '/fixedregulator0[0]'
[    0.155619] reg-fixed-voltage fixedregulator0: using lookup tables for GPIO lookup
[    0.155630] reg-fixed-voltage fixedregulator0: No GPIO consumer (default) found
[    0.161413] SCSI subsystem initialized
[    0.161896] libata version 3.00 loaded.
[    0.162275] pps_core: LinuxPPS API ver. 1 registered
[    0.162287] pps_core: Software ver. 5.3.6 - Copyright 2005-2007 Rodolfo Giometti <giometti@linux.it>
[    0.162311] PTP clock support registered
[    0.171434] vgaarb: loaded
[    0.171812] clocksource: Switched to clocksource dmtimer
[    0.172488] VFS: Disk quotas dquot_6.6.0
[    0.172545] VFS: Dquot-cache hash table entries: 1024 (order 0, 4096 bytes)
[    0.197920] NET: Registered PF_INET protocol family
[    0.198261] IP idents hash table entries: 8192 (order: 4, 65536 bytes, linear)
[    0.199676] tcp_listen_portaddr_hash hash table entries: 512 (order: 0, 4096 bytes, linear)
[    0.199713] Table-perturb hash table entries: 65536 (order: 6, 262144 bytes, linear)
[    0.199731] TCP established hash table entries: 4096 (order: 2, 16384 bytes, linear)
[    0.199778] TCP bind hash table entries: 4096 (order: 4, 65536 bytes, linear)
[    0.199878] TCP: Hash tables configured (established 4096 bind 4096)
[    0.199996] UDP hash table entries: 256 (order: 1, 14336 bytes, linear)
[    0.200031] UDP-Lite hash table entries: 256 (order: 1, 14336 bytes, linear)
[    0.200218] NET: Registered PF_UNIX/PF_LOCAL protocol family
[    0.201471] RPC: Registered named UNIX socket transport module.
[    0.201492] RPC: Registered udp transport module.
[    0.201497] RPC: Registered tcp transport module.
[    0.201502] RPC: Registered tcp-with-tls transport module.
[    0.201508] RPC: Registered tcp NFSv4.1 backchannel transport module.
[    0.201533] PCI: CLS 0 bytes, default 64
[    0.203049] Initialise system trusted keyrings
[    0.212629] workingset: timestamp_bits=14 max_order=17 bucket_order=3
[    0.214012] NFS: Registering the id_resolver key type
[    0.214079] Key type id_resolver registered
[    0.214088] Key type id_legacy registered
[    0.214197] jffs2: version 2.2. (NAND) (SUMMARY)  Â© 2001-2006 Red Hat, Inc.
[    0.214645] Key type asymmetric registered
[    0.214662] Asymmetric key parser 'x509' registered
[    0.214735] io scheduler mq-deadline registered
[    0.214747] io scheduler kyber registered
[    0.214823] io scheduler bfq registered
[    0.216692] target-module@4b000000:target-module@140000:pmu@0:fck: device ID is greater than 24
[    0.222886] l3-aon-clkctrl:0000:0: failed to disable
[    0.232198] ledtrig-cpu: registered to indicate activity on CPUs
[    0.235939] Serial: 8250/16550 driver, 6 ports, IRQ sharing enabled
[    0.278040] brd: module loaded
[    0.298376] loop: module loaded
[    0.299305] mtdoops: mtd device (mtddev=name/number) must be supplied
[    0.301030] mdio_bus fixed-0: using lookup tables for GPIO lookup
[    0.301056] mdio_bus fixed-0: No GPIO consumer reset found
[    0.302636] i2c_dev: i2c /dev entries driver
[    0.303650] cpuidle: enable-method property 'ti,am3352' found operations
[    0.304092] sdhci: Secure Digital Host Controller Interface driver
[    0.304102] sdhci: Copyright(c) Pierre Ossman
[    0.304282] sdhci-pltfm: SDHCI platform and OF driver helper
[    0.312297] hw perfevents: enabled with armv7_cortex_a8 PMU driver, 5 (8000000f) counters available
[    0.312811] Initializing XFRM netlink socket
[    0.312993] NET: Registered PF_INET6 protocol family
[    0.318653] l3-aon-clkctrl:0000:0: failed to disable
[    0.326735] Segment Routing with IPv6
[    0.326822] In-situ OAM (IOAM) with IPv6
[    0.326919] sit: IPv6, IPv4 and MPLS over IPv4 tunneling driver
[    0.327884] NET: Registered PF_PACKET protocol family
[    0.327915] NET: Registered PF_KEY protocol family
[    0.328034] Key type dns_resolver registered
[    0.328261] ThumbEE CPU extension supported.
[    0.328280] Registering SWP/SWPB emulation handler
[    0.328819] omap_voltage_late_init: Voltage driver support not added
[    0.329484] SmartReflex Class3 initialized
[    0.360468] Loading compiled-in X.509 certificates
[    0.400923] /ocp/interconnect@44c00000/segment@200000/target-module@b000/i2c@0/tda19988@70: Fixed dependency cycle(s) with /ocp/interconnect@48000000/segment@300000/target-module@e000/lcdc@0
[    0.407428] /ocp/interconnect@44c00000/segment@200000/target-module@b000/i2c@0/tda19988@70: Fixed dependency cycle(s) with /ocp/interconnect@48000000/segment@300000/target-module@e000/lcdc@0
[    0.413136] gpiochip_find_base_unlocked: found new base at 512
[    0.436727] /ocp/interconnect@44c00000/segment@200000/target-module@b000/i2c@0/tda19988@70: Fixed dependency cycle(s) with /ocp/interconnect@48000000/segment@300000/target-module@e000/lcdc@0
[    0.437602] /ocp/interconnect@44c00000/segment@200000/target-module@b000/i2c@0/tda19988@70: Fixed dependency cycle(s) with /ocp/interconnect@48000000/segment@300000/target-module@e000/lcdc@0
[    0.441045] /ocp/interconnect@44c00000/segment@200000/target-module@10000/scm@0/pinmux@800: Fixed dependency cycle(s) with /ocp/interconnect@44c00000/segment@200000/target-module@10000/scm@0/pinmux@800/clkout2-pins
[    0.441627] pinctrl-single 44e10800.pinmux: 142 pins, size 568
[    0.447290] ti-sysc 44e31000.target-module: probe with driver ti-sysc failed with error -16
[    0.473311] /ocp/interconnect@48000000/segment@300000/target-module@e000/lcdc@0: Fixed dependency cycle(s) with /ocp/interconnect@44c00000/segment@200000/target-module@b000/i2c@0/tda19988@70
[    0.481350] ti-sysc 48040000.target-module: probe with driver ti-sysc failed with error -16
[    0.493153] gpiochip_find_base_unlocked: found new base at 512
[    0.493255] gpio gpiochip0: (gpio-0-31): created GPIO range 0->7 ==> 44e10800.pinmux PIN 0->7
[    0.493274] gpio gpiochip0: (gpio-0-31): created GPIO range 8->11 ==> 44e10800.pinmux PIN 90->93
[    0.493291] gpio gpiochip0: (gpio-0-31): created GPIO range 12->27 ==> 44e10800.pinmux PIN 12->27
[    0.493306] gpio gpiochip0: (gpio-0-31): created GPIO range 28->31 ==> 44e10800.pinmux PIN 30->33
[    0.526554] gpio gpiochip0: (gpio-0-31): added GPIO chardev (254:0)
[    0.526779] gpio gpiochip0: registered GPIOs 512 to 543 on gpio-0-31
[    0.526866] OMAP GPIO hardware version 0.1
[    0.569231] i2c i2c-2: using DT '/ocp/interconnect@48000000/segment@100000/target-module@9c000/i2c@0' for 'scl' GPIO lookup
[    0.569309] of_get_named_gpiod_flags: can't parse 'scl-gpios' property of node '/ocp/interconnect@48000000/segment@100000/target-module@9c000/i2c@0[0]'
[    0.569352] of_get_named_gpiod_flags: can't parse 'scl-gpio' property of node '/ocp/interconnect@48000000/segment@100000/target-module@9c000/i2c@0[0]'
[    0.569389] i2c i2c-2: using lookup tables for GPIO lookup
[    0.569399] i2c i2c-2: No GPIO consumer scl found
[    0.569421] i2c i2c-2: using DT '/ocp/interconnect@48000000/segment@100000/target-module@9c000/i2c@0' for 'sda' GPIO lookup
[    0.569457] of_get_named_gpiod_flags: can't parse 'sda-gpios' property of node '/ocp/interconnect@48000000/segment@100000/target-module@9c000/i2c@0[0]'
[    0.569494] of_get_named_gpiod_flags: can't parse 'sda-gpio' property of node '/ocp/interconnect@48000000/segment@100000/target-module@9c000/i2c@0[0]'
[    0.569526] i2c i2c-2: using lookup tables for GPIO lookup
[    0.569533] i2c i2c-2: No GPIO consumer sda found
[    0.570277] omap_i2c 4819c000.i2c: bus 2 rev0.11 at 100 kHz
[    0.576201] gpiochip_find_base_unlocked: found new base at 544
[    0.576301] gpio gpiochip1: (gpio-32-63): created GPIO range 0->17 ==> 44e10800.pinmux PIN 34->51
[    0.576321] gpio gpiochip1: (gpio-32-63): created GPIO range 18->21 ==> 44e10800.pinmux PIN 77->80
[    0.576337] gpio gpiochip1: (gpio-32-63): created GPIO range 22->31 ==> 44e10800.pinmux PIN 56->65
[    0.577306] gpio gpiochip1: (gpio-32-63): added GPIO chardev (254:1)
[    0.577518] gpio gpiochip1: registered GPIOs 544 to 575 on gpio-32-63
[    0.579802] gpiochip_find_base_unlocked: found new base at 576
[    0.579894] gpio gpiochip2: (gpio-64-95): created GPIO range 0->4 ==> 44e10800.pinmux PIN 66->70
[    0.579914] gpio gpiochip2: (gpio-64-95): created GPIO range 5->6 ==> 44e10800.pinmux PIN 98->99
[    0.579929] gpio gpiochip2: (gpio-64-95): created GPIO range 7->8 ==> 44e10800.pinmux PIN 75->76
[    0.579949] gpio gpiochip2: (gpio-64-95): created GPIO range 13->13 ==> 44e10800.pinmux PIN 141->141
[    0.579966] gpio gpiochip2: (gpio-64-95): created GPIO range 14->21 ==> 44e10800.pinmux PIN 100->107
[    0.590816] gpio gpiochip2: (gpio-64-95): added GPIO chardev (254:2)
[    0.591039] gpio gpiochip2: registered GPIOs 576 to 607 on gpio-64-95
[    0.596870] 48000000.interconnect:segment@200000:target-module@0:mpu@0:fck: device ID is greater than 24
[    0.597752] /ocp/interconnect@48000000/segment@300000/target-module@e000/lcdc@0: Fixed dependency cycle(s) with /ocp/interconnect@44c00000/segment@200000/target-module@b000/i2c@0/tda19988@70
[    0.600568] /ocp/interconnect@48000000/segment@300000/target-module@e000/lcdc@0: Fixed dependency cycle(s) with /ocp/interconnect@44c00000/segment@200000/target-module@b000/i2c@0/tda19988@70
[    0.601274] /ocp/interconnect@44c00000/segment@200000/target-module@b000/i2c@0/tda19988@70: Fixed dependency cycle(s) with /ocp/interconnect@48000000/segment@300000/target-module@e000/lcdc@0
[    0.601431] /ocp/interconnect@48000000/segment@300000/target-module@e000/lcdc@0: Fixed dependency cycle(s) with /ocp/interconnect@44c00000/segment@200000/target-module@b000/i2c@0/tda19988@70
[    0.611171] mdio_bus 4a101000.mdio: using DT '/ocp/interconnect@4a000000/segment@0/target-module@100000/switch@0/mdio@1000' for 'reset' GPIO lookup
[    0.611245] of_get_named_gpiod_flags: can't parse 'reset-gpios' property of node '/ocp/interconnect@4a000000/segment@0/target-module@100000/switch@0/mdio@1000[0]'
[    0.611292] of_get_named_gpiod_flags: can't parse 'reset-gpio' property of node '/ocp/interconnect@4a000000/segment@0/target-module@100000/switch@0/mdio@1000[0]'
[    0.611339] mdio_bus 4a101000.mdio: using lookup tables for GPIO lookup
[    0.611349] mdio_bus 4a101000.mdio: No GPIO consumer reset found
[    0.612417] sdhci-omap 481d8000.mmc: using DT '/ocp/interconnect@48000000/segment@100000/target-module@d8000/mmc@0' for 'wp' GPIO lookup
[    0.612479] of_get_named_gpiod_flags: can't parse 'wp-gpios' property of node '/ocp/interconnect@48000000/segment@100000/target-module@d8000/mmc@0[0]'
[    0.612522] of_get_named_gpiod_flags: can't parse 'wp-gpio' property of node '/ocp/interconnect@48000000/segment@100000/target-module@d8000/mmc@0[0]'
[    0.612556] sdhci-omap 481d8000.mmc: using lookup tables for GPIO lookup
[    0.612566] sdhci-omap 481d8000.mmc: No GPIO consumer wp found
[    0.612762] sdhci-omap 481d8000.mmc: supply pbias not found, using dummy regulator
[    0.628182] sdhci-omap 481d8000.mmc: supply vqmmc not found, using dummy regulator
[    0.668153] davinci_mdio 4a101000.mdio: davinci mdio revision 1.6, bus freq 1000000
[    0.689362] mdio_bus 4a101000.mdio:00: using DT '/ocp/interconnect@4a000000/segment@0/target-module@100000/switch@0/mdio@1000/ethernet-phy@0' for 'reset' GPIO lookup
[    0.689464] of_get_named_gpiod_flags: parsed 'reset-gpios' property of node '/ocp/interconnect@4a000000/segment@0/target-module@100000/switch@0/mdio@1000/ethernet-phy@0[0]' - status (0)
[    0.689629] gpio gpiochip0: Persistence not supported for GPIO 8
[    0.812666] davinci_mdio 4a101000.mdio: phy[0]: device 4a101000.mdio:00, driver SMSC LAN8710/LAN8720
[    0.813444] cpsw-switch 4a100000.switch: initialized cpsw ale version 1.4
[    0.813469] cpsw-switch 4a100000.switch: ALE Table size 1024, Policers 0
[    0.813622] cpsw-switch 4a100000.switch: cpts: overflow check period 500 (jiffies)
[    0.813639] cpsw-switch 4a100000.switch: CPTS: ref_clk_freq:250000000 calc_mult:2147483648 calc_shift:29 error:0 nsec/sec
[    0.813741] cpsw-switch 4a100000.switch: Detected MACID = 6c:ec:eb:68:de:78
[    0.815585] cpsw-switch 4a100000.switch: initialized (regs 0x4a100000, pool size 256) hw_ver:0019010C 1.12 (0)
[    0.826624] debugfs: '49000000.dma' already exists in 'dmaengine'
[    0.826668] edma 49000000.dma: TI EDMA DMA engine driver
[    0.865045] gpio-clk clk_mcasp0: using DT '/clk_mcasp0' for 'enable' GPIO lookup
[    0.865124] of_get_named_gpiod_flags: parsed 'enable-gpios' property of node '/clk_mcasp0[0]' - status (0)
[    0.865172] gpio gpiochip0: Persistence not supported for GPIO 27
[    0.866028] gpiochip_find_base_unlocked: found new base at 608
[    0.866139] gpio gpiochip3: (gpio-96-127): created GPIO range 0->7 ==> 44e10800.pinmux PIN 82->89
[    0.866161] gpio gpiochip3: (gpio-96-127): created GPIO range 8->11 ==> 44e10800.pinmux PIN 52->55
[    0.866176] gpio gpiochip3: (gpio-96-127): created GPIO range 12->15 ==> 44e10800.pinmux PIN 94->97
[    0.866193] gpio gpiochip3: (gpio-96-127): created GPIO range 16->17 ==> 44e10800.pinmux PIN 71->72
[    0.866209] gpio gpiochip3: (gpio-96-127): created GPIO range 18->18 ==> 44e10800.pinmux PIN 135->135
[    0.866228] gpio gpiochip3: (gpio-96-127): created GPIO range 19->20 ==> 44e10800.pinmux PIN 108->109
[    0.866245] gpio gpiochip3: (gpio-96-127): created GPIO range 21->21 ==> 44e10800.pinmux PIN 73->73
[    0.866262] gpio gpiochip3: (gpio-96-127): created GPIO range 22->23 ==> 44e10800.pinmux PIN 8->9
[    0.866279] gpio gpiochip3: (gpio-96-127): created GPIO range 26->27 ==> 44e10800.pinmux PIN 10->11
[    0.866297] gpio gpiochip3: (gpio-96-127): created GPIO range 28->28 ==> 44e10800.pinmux PIN 74->74
[    0.866315] gpio gpiochip3: (gpio-96-127): created GPIO range 29->29 ==> 44e10800.pinmux PIN 81->81
[    0.866333] gpio gpiochip3: (gpio-96-127): created GPIO range 30->31 ==> 44e10800.pinmux PIN 28->29
[    0.891015] gpio gpiochip3: (gpio-96-127): added GPIO chardev (254:3)
[    0.891277] gpio gpiochip3: registered GPIOs 608 to 639 on gpio-96-127
[    0.904045] omap8250 44e09000.serial: using DT '/ocp/interconnect@44c00000/segment@200000/target-module@9000/serial@0' for 'rs485-term' GPIO lookup
[    0.904119] of_get_named_gpiod_flags: can't parse 'rs485-term-gpios' property of node '/ocp/interconnect@44c00000/segment@200000/target-module@9000/serial@0[0]'
[    0.904164] of_get_named_gpiod_flags: can't parse 'rs485-term-gpio' property of node '/ocp/interconnect@44c00000/segment@200000/target-module@9000/serial@0[0]'
[    0.904201] omap8250 44e09000.serial: using lookup tables for GPIO lookup
[    0.904210] omap8250 44e09000.serial: No GPIO consumer rs485-term found
[    0.904221] omap8250 44e09000.serial: using DT '/ocp/interconnect@44c00000/segment@200000/target-module@9000/serial@0' for 'rs485-rx-during-tx' GPIO lookup
[    0.904256] of_get_named_gpiod_flags: can't parse 'rs485-rx-during-tx-gpios' property of node '/ocp/interconnect@44c00000/segment@200000/target-module@9000/serial@0[0]'
[    0.904293] of_get_named_gpiod_flags: can't parse 'rs485-rx-during-tx-gpio' property of node '/ocp/interconnect@44c00000/segment@200000/target-module@9000/serial@0[0]'
[    0.904324] omap8250 44e09000.serial: using lookup tables for GPIO lookup
[    0.904332] omap8250 44e09000.serial: No GPIO consumer rs485-rx-during-tx found
[    0.904771] 44e09000.serial: ttyS0 at MMIO 0x44e09000 (irq = 34, base_baud = 3000000) is a 8250
[    0.904864] printk: legacy console [ttyS0] enabled
[    2.379772] i2c i2c-0: using DT '/ocp/interconnect@44c00000/segment@200000/target-module@b000/i2c@0' for 'scl' GPIO lookup
[    2.379858] of_get_named_gpiod_flags: can't parse 'scl-gpios' property of node '/ocp/interconnect@44c00000/segment@200000/target-module@b000/i2c@0[0]'
[    2.379905] of_get_named_gpiod_flags: can't parse 'scl-gpio' property of node '/ocp/interconnect@44c00000/segment@200000/target-module@b000/i2c@0[0]'
[    2.379945] i2c i2c-0: using lookup tables for GPIO lookup
[    2.379960] i2c i2c-0: No GPIO consumer scl found
[    2.379985] i2c i2c-0: using DT '/ocp/interconnect@44c00000/segment@200000/target-module@b000/i2c@0' for 'sda' GPIO lookup
[    2.380024] of_get_named_gpiod_flags: can't parse 'sda-gpios' property of node '/ocp/interconnect@44c00000/segment@200000/target-module@b000/i2c@0[0]'
[    2.380065] of_get_named_gpiod_flags: can't parse 'sda-gpio' property of node '/ocp/interconnect@44c00000/segment@200000/target-module@b000/i2c@0[0]'
[    2.380100] i2c i2c-0: using lookup tables for GPIO lookup
[    2.380111] i2c i2c-0: No GPIO consumer sda found
[    2.392768] tps65217-pmic: Failed to locate of_node [id: -1]
[    2.398835] tps65217-bl: Failed to locate of_node [id: -1]
[    2.404926] platform tps65217-charger: DMA mask not set
[    2.410962] platform tps65217-pwrbutton: DMA mask not set
[    2.418249] tps65217 0-0024: TPS65217 ID 0xe version 1.2
[    2.424375] /ocp/interconnect@48000000/segment@300000/target-module@e000/lcdc@0: Fixed dependency cycle(s) with /ocp/interconnect@44c00000/segment@200000/target-module@b000/i2c@0/tda19988@70
[    2.441761] /ocp/interconnect@44c00000/segment@200000/target-module@b000/i2c@0/tda19988@70: Fixed dependency cycle(s) with /ocp/interconnect@48000000/segment@300000/target-module@e000/lcdc@0
[    2.459152] omap_i2c 44e0b000.i2c: bus 0 rev0.11 at 400 kHz
[    2.466823] sdhci-omap 48060000.mmc: using DT '/ocp/interconnect@48000000/segment@0/target-module@60000/mmc@0' for 'cd' GPIO lookup
[    2.466929] of_get_named_gpiod_flags: parsed 'cd-gpios' property of node '/ocp/interconnect@48000000/segment@0/target-module@60000/mmc@0[0]' - status (0)
[    2.466997] gpio gpiochip3: Persistence not supported for GPIO 6
[    2.467023] omap_gpio 44e07000.gpio: Could not set line 6 debounce to 200000 microseconds (-22)
[    2.475943] sdhci-omap 48060000.mmc: Got CD GPIO
[    2.480601] sdhci-omap 48060000.mmc: using DT '/ocp/interconnect@48000000/segment@0/target-module@60000/mmc@0' for 'wp' GPIO lookup
[    2.480652] of_get_named_gpiod_flags: can't parse 'wp-gpios' property of node '/ocp/interconnect@48000000/segment@0/target-module@60000/mmc@0[0]'
[    2.480696] of_get_named_gpiod_flags: can't parse 'wp-gpio' property of node '/ocp/interconnect@48000000/segment@0/target-module@60000/mmc@0[0]'
[    2.480735] sdhci-omap 48060000.mmc: using lookup tables for GPIO lookup
[    2.480748] sdhci-omap 48060000.mmc: No GPIO consumer wp found
[    2.480958] sdhci-omap 48060000.mmc: supply pbias not found, using dummy regulator
[    2.489785] sdhci-omap 481d8000.mmc: using DT '/ocp/interconnect@48000000/segment@100000/target-module@d8000/mmc@0' for 'wp' GPIO lookup
[    2.489862] of_get_named_gpiod_flags: can't parse 'wp-gpios' property of node '/ocp/interconnect@48000000/segment@100000/target-module@d8000/mmc@0[0]'
[    2.489911] of_get_named_gpiod_flags: can't parse 'wp-gpio' property of node '/ocp/interconnect@48000000/segment@100000/target-module@d8000/mmc@0[0]'
[    2.489948] sdhci-omap 481d8000.mmc: using lookup tables for GPIO lookup
[    2.489963] sdhci-omap 481d8000.mmc: No GPIO consumer wp found
[    2.490942] sdhci-omap 48060000.mmc: supply vqmmc not found, using dummy regulator
[    2.500107] sdhci-omap 481d8000.mmc: supply pbias not found, using dummy regulator
[    2.509748] sdhci-omap 481d8000.mmc: supply vqmmc not found, using dummy regulator
[    2.545525] mmc0: SDHCI controller on 48060000.mmc [48060000.mmc] using External DMA
[    2.553852] mmc1: SDHCI controller on 481d8000.mmc [481d8000.mmc] using External DMA
[    2.562629] cpsw-switch 4a100000.switch: starting ndev. mode: dual_mac
[    2.610896] mmc0: new high speed SDHC card at address 5048
[    2.617963] mmcblk0: mmc0:5048 SD16G 14.4 GiB
[    2.626259]  mmcblk0: p1 p2
[    2.629633] mmcblk0: p2 size 31221760 extends beyond EOD, truncated
[    2.643038] SMSC LAN8710/LAN8720 4a101000.mdio:00: attached PHY driver (mii_bus:phy_addr=4a101000.mdio:00, irq=POLL)
[    2.654030] mmc1: new high speed MMC card at address 0001
[    2.666633] mmcblk1: mmc1:0001 MMC04G 3.60 GiB
[    2.674280]  mmcblk1: p1 p2
[    2.678513] mmcblk1boot0: mmc1:0001 MMC04G 2.00 MiB
[    2.687229] mmcblk1boot1: mmc1:0001 MMC04G 2.00 MiB
[    2.696484] mmcblk1rpmb: mmc1:0001 MMC04G 128 KiB, chardev (249:0)
[    5.842577] cpsw-switch 4a100000.switch eth0: Link is Up - 100Mbps/Full - flow control off
[    5.882053] IP-Config: Complete:
[    5.885330]      device=eth0, hwaddr=6c:ec:eb:68:de:78, ipaddr=192.168.255.1, mask=255.255.255.0, gw=255.255.255.255
[    5.896003]      host=bbb1, domain=, nis-domain=(none)
[    5.901174]      bootserver=192.168.255.126, rootserver=192.168.255.126, rootpath=
[    5.901593] clk: Disabling unused clocks
[    5.913482] KTAP version 1
[    5.916215] 1..0
[    5.918656] check access for rdinit=/init failed: -2, ignoring
[    5.958943] VFS: Mounted root (nfs filesystem) on device 0:17.
[    5.966346] devtmpfs: mounted
[    5.970853] Freeing unused kernel image (initmem) memory: 1024K
[    5.977655] Run /sbin/init as init process
[    5.981861]   with arguments:
[    5.981876]     /sbin/init
[    5.981885]     nfsrootdebug
[    5.981894]   with environment:
[    5.981902]     HOME=/
[    5.981911]     TERM=linux
[    6.665513] systemd[1]: System time before build time, advancing clock.
[    8.191833] random: crng init done
[    8.208216] systemd[1]: systemd 232 running in system mode. (+PAM +AUDIT +SELINUX +IMA +APPARMOR +SMACK +SYSVINIT +UTMP +LIBCRYPTSETUP +GCRYPT +GNUTLS +ACL +XZ +LZ4 +SECCOMP +BLKID +ELFUTILS +KMOD +IDN)
[    8.227419] systemd[1]: Detected architecture arm.
[    8.255258] systemd[1]: Set hostname to <arm>.
[    9.391748] systemd[1]: Started Forward Password Requests to Wall Directory Watch.
[    9.425776] systemd[1]: syslog.socket: SO_PASSSEC failed: Operation not supported
[    9.433758] systemd[1]: Listening on Syslog Socket.
[    9.463751] systemd[1]: Listening on udev Control Socket.
[    9.493583] systemd[1]: Set up automount Arbitrary Executable File Formats File System Automount Point.
[    9.522599] systemd[1]: systemd-journald.socket: SO_PASSSEC failed: Operation not supported
[    9.531229] systemd[1]: systemd-journald.socket: SO_PASSSEC failed: Operation not supported
[   11.765819] systemd-journald[88]: Received request to flush runtime journal from PID 1
[   12.645884] omap_prm 44e00d00.prm: sync_state() pending due to 44d00000.cpu
[   14.293573] leds-gpio leds: using DT '/leds/led2' for '(default)' GPIO lookup
[   14.293675] of_get_named_gpiod_flags: parsed 'gpios' property of node '/leds/led2[0]' - status (0)
[   14.293731] gpio gpiochip0: Persistence not supported for GPIO 21
[   14.293747] gpio-533 (?): no flags found for GPIO (default)
[   14.382777] leds-gpio leds: using DT '/leds/led3' for '(default)' GPIO lookup
[   14.382888] of_get_named_gpiod_flags: parsed 'gpios' property of node '/leds/led3[0]' - status (0)
[   14.382946] gpio gpiochip0: Persistence not supported for GPIO 22
[   14.382961] gpio-534 (?): no flags found for GPIO (default)
[   14.399886] leds-gpio leds: using DT '/leds/led4' for '(default)' GPIO lookup
[   14.399985] of_get_named_gpiod_flags: parsed 'gpios' property of node '/leds/led4[0]' - status (0)
[   14.400036] gpio gpiochip0: Persistence not supported for GPIO 23
[   14.400051] gpio-535 (?): no flags found for GPIO (default)
[   14.422454] leds-gpio leds: using DT '/leds/led5' for '(default)' GPIO lookup
[   14.422558] of_get_named_gpiod_flags: parsed 'gpios' property of node '/leds/led5[0]' - status (0)
[   14.422611] gpio gpiochip0: Persistence not supported for GPIO 24
[   14.422625] gpio-536 (?): no flags found for GPIO (default)
[   14.653905] remoteproc remoteproc0: wkup_m3 is available
[   14.804249] omap_rtc 44e3e000.rtc: registered as rtc0
[   14.809489] omap_rtc 44e3e000.rtc: setting system clock to 2000-01-01T00:00:00 UTC (946684800)
[   14.818359] omap_rtc 44e3e000.rtc: using DT '/ocp/interconnect@44c00000/segment@200000/target-module@3e000/rtc@0' for 'wp' GPIO lookup
[   14.818436] of_get_named_gpiod_flags: can't parse 'wp-gpios' property of node '/ocp/interconnect@44c00000/segment@200000/target-module@3e000/rtc@0[0]'
[   14.818487] of_get_named_gpiod_flags: can't parse 'wp-gpio' property of node '/ocp/interconnect@44c00000/segment@200000/target-module@3e000/rtc@0[0]'
[   14.818528] omap_rtc 44e3e000.rtc: using lookup tables for GPIO lookup
[   14.818543] omap_rtc 44e3e000.rtc: No GPIO consumer wp found
[   14.874043] at24 2-0054: supply vcc not found, using dummy regulator
[   14.996258] at24 2-0055: supply vcc not found, using dummy regulator
[   15.070998] at24 2-0056: supply vcc not found, using dummy regulator
[   15.160440] at24 2-0057: supply vcc not found, using dummy regulator
[   15.247472] at24 0-0050: using DT '/ocp/interconnect@44c00000/segment@200000/target-module@b000/i2c@0/eeprom@50' for 'wp' GPIO lookup
[   15.247579] of_get_named_gpiod_flags: can't parse 'wp-gpios' property of node '/ocp/interconnect@44c00000/segment@200000/target-module@b000/i2c@0/eeprom@50[0]'
[   15.247636] of_get_named_gpiod_flags: can't parse 'wp-gpio' property of node '/ocp/interconnect@44c00000/segment@200000/target-module@b000/i2c@0/eeprom@50[0]'
[   15.247682] at24 0-0050: using lookup tables for GPIO lookup
[   15.247697] at24 0-0050: No GPIO consumer wp found
[   15.247977] at24 0-0050: 32768 byte 24c256 EEPROM, writable, 1 bytes/write
[   15.534421] input: tps65217_pwrbutton as /devices/platform/ocp/44c00000.interconnect/44c00000.interconnect:segment@200000/44e0b000.target-module/44e0b000.i2c/i2c-0/0-0024/tps65217-pwrbutton/input/input0
[   15.802855] omap_wdt: OMAP Watchdog Timer Rev 0x01: initial timeout 60 sec
[   15.883959] am335x-phy-driver 47401300.usb-phy: using DT '/ocp/target-module@47400000/usb-phy@1300' for 'reset' GPIO lookup
[   15.884053] of_get_named_gpiod_flags: can't parse 'reset-gpios' property of node '/ocp/target-module@47400000/usb-phy@1300[0]'
[   15.884099] of_get_named_gpiod_flags: can't parse 'reset-gpio' property of node '/ocp/target-module@47400000/usb-phy@1300[0]'
[   15.884137] am335x-phy-driver 47401300.usb-phy: using lookup tables for GPIO lookup
[   15.884152] am335x-phy-driver 47401300.usb-phy: No GPIO consumer reset found
[   15.884167] am335x-phy-driver 47401300.usb-phy: using DT '/ocp/target-module@47400000/usb-phy@1300' for 'vbus-detect' GPIO lookup
[   15.884199] of_get_named_gpiod_flags: can't parse 'vbus-detect-gpios' property of node '/ocp/target-module@47400000/usb-phy@1300[0]'
[   15.884230] of_get_named_gpiod_flags: can't parse 'vbus-detect-gpio' property of node '/ocp/target-module@47400000/usb-phy@1300[0]'
[   15.884256] am335x-phy-driver 47401300.usb-phy: using lookup tables for GPIO lookup
[   15.884268] am335x-phy-driver 47401300.usb-phy: No GPIO consumer vbus-detect found
[   15.884418] am335x-phy-driver 47401300.usb-phy: dummy supplies not allowed for exclusive requests (id=vbus)
[   16.044120] am335x-phy-driver 47401b00.usb-phy: using DT '/ocp/target-module@47400000/usb-phy@1b00' for 'reset' GPIO lookup
[   16.044213] of_get_named_gpiod_flags: can't parse 'reset-gpios' property of node '/ocp/target-module@47400000/usb-phy@1b00[0]'
[   16.044258] of_get_named_gpiod_flags: can't parse 'reset-gpio' property of node '/ocp/target-module@47400000/usb-phy@1b00[0]'
[   16.044296] am335x-phy-driver 47401b00.usb-phy: using lookup tables for GPIO lookup
[   16.044312] am335x-phy-driver 47401b00.usb-phy: No GPIO consumer reset found
[   16.044327] am335x-phy-driver 47401b00.usb-phy: using DT '/ocp/target-module@47400000/usb-phy@1b00' for 'vbus-detect' GPIO lookup
[   16.044358] of_get_named_gpiod_flags: can't parse 'vbus-detect-gpios' property of node '/ocp/target-module@47400000/usb-phy@1b00[0]'
[   16.044389] of_get_named_gpiod_flags: can't parse 'vbus-detect-gpio' property of node '/ocp/target-module@47400000/usb-phy@1b00[0]'
[   16.044415] am335x-phy-driver 47401b00.usb-phy: using lookup tables for GPIO lookup
[   16.044428] am335x-phy-driver 47401b00.usb-phy: No GPIO consumer vbus-detect found
[   16.044577] am335x-phy-driver 47401b00.usb-phy: dummy supplies not allowed for exclusive requests (id=vbus)
[   16.352292] usbcore: registered new interface driver usbfs
[   16.358126] usbcore: registered new interface driver hub
[   16.363704] usbcore: registered new device driver usb
[   17.211343] musb-hdrc musb-hdrc.1: MUSB HDRC host driver
[   17.217133] musb-hdrc musb-hdrc.1: new USB bus registered, assigned bus number 1
[   17.356699] tda998x 0-0070: found TDA19988
[   17.496020] usb usb1: New USB device found, idVendor=1d6b, idProduct=0002, bcdDevice= 6.16
[   17.504514] usb usb1: New USB device strings: Mfr=3, Product=2, SerialNumber=1
[   17.511845] usb usb1: Product: MUSB HDRC host driver
[   17.516841] usb usb1: Manufacturer: Linux 6.16.0-rc6-next-20250718 musb-hcd
[   17.523893] usb usb1: SerialNumber: musb-hdrc.1
[   17.615058] omap-mailbox 480c8000.mailbox: omap mailbox rev 0x400
[   17.732685] remoteproc remoteproc0: powering up wkup_m3
[   17.901595] hub 1-0:1.0: USB hub found
[   17.930222] remoteproc remoteproc0: Direct firmware load for am335x-pm-firmware.elf failed with error -2
[   17.940021] remoteproc remoteproc0: request_firmware failed: -2
[   17.946038] wkup_m3_ipc 44e11324.wkup_m3_ipc: rproc_boot failed
[   18.003499] hub 1-0:1.0: 1 port detected
[   20.047061] omap_rng 48310000.rng: Random Number Generator ver. 20
[   20.230192] tilcdc 4830e000.lcdc: bound 0-0070 (ops tda998x_audio_codec_init [tda998x])
[   20.323554] [drm] Initialized tilcdc 1.0.0 for 4830e000.lcdc on minor 0
[   20.374796] ------------[ cut here ]------------
[   20.379492] WARNING: net/8021q/vlan_core.c:236 at vlan_for_each+0x114/0x134, CPU#0: avahi-daemon/181
[   20.388853] RTNL: assertion failed at net/8021q/vlan_core.c (236)
[   20.395008] Modules linked in: tilcdc(+) drm_dma_helper omap_rng drm_client_lib rng_core snd_soc_davinci_mcasp snd_soc_ti_udma snd_soc_ti_edma snd_soc_ti_sdma snd_soc_core snd_pcm_dmaengine snd_pcm snd_timer omap_mailbox snd soundcore tda998x musb_dsps cec musb_hdrc udc_core drm_kms_helper usbcore phy_am335x drm phy_generic omap_wdt cppi41 usb_common wkup_m3_ipc watchdog tps65218_pwrbutton phy_am335x_control drm_panel_orientation_quirks at24 rtc_omap wkup_m3_rproc leds_gpio led_class cpufreq_dt ip_tables x_tables autofs4
[   20.441678] CPU: 0 UID: 107 PID: 181 Comm: avahi-daemon Not tainted 6.16.0-rc6-next-20250718 #1 NONE 
[   20.441697] Hardware name: Generic AM33XX (Flattened Device Tree)
[   20.441706] Call trace: 
[   20.441722]  unwind_backtrace from show_stack+0x10/0x14
[   20.441760]  show_stack from dump_stack_lvl+0x50/0x64
[   20.441786]  dump_stack_lvl from __warn+0x88/0x148
[   20.441804]  __warn from warn_slowpath_fmt+0x19c/0x1b0
[   20.441817]  warn_slowpath_fmt from vlan_for_each+0x114/0x134
[   20.441839]  vlan_for_each from cpsw_add_mc_addr+0x40/0xa4
[   20.441867]  cpsw_add_mc_addr from __hw_addr_ref_sync_dev+0x108/0x140
[   20.441899]  __hw_addr_ref_sync_dev from __dev_mc_add+0x7c/0x80
[   20.441922]  __dev_mc_add from igmp6_group_added+0xc8/0xe0
[   20.441951]  igmp6_group_added from __ipv6_dev_mc_inc+0x218/0x364
[   20.441969]  __ipv6_dev_mc_inc from __ipv6_sock_mc_join+0x11c/0x214
[   20.441987]  __ipv6_sock_mc_join from do_ipv6_setsockopt+0x1214/0x1310
[   20.442019]  do_ipv6_setsockopt from ipv6_setsockopt+0x60/0xcc
[   20.442041]  ipv6_setsockopt from udpv6_setsockopt+0x2c/0x6c
[   20.442066]  udpv6_setsockopt from sock_common_setsockopt+0x30/0x40
[   20.442101]  sock_common_setsockopt from do_sock_setsockopt+0x50/0x9c
[   20.442124]  do_sock_setsockopt from __sys_setsockopt+0x70/0xbc
[   20.442144]  __sys_setsockopt from ret_fast_syscall+0x0/0x58
[   20.442162] Exception stack(0xe0125fa8 to 0xe0125ff0)
[   20.442177] 5fa0:                   00000014 b6f8ece8 0000000d 00000029 00000014 bee3c9ec
[   20.442188] 5fc0: 00000014 b6f8ece8 00000014 00000126 0000000d b6f37ff4 0050e988 004f6558
[   20.442197] 5fe0: b6f4d088 bee3c9d8 b6f2a309 b6e0141a
[   20.590992] ---[ end trace 0000000000000000 ]---
[   20.632051] tilcdc 4830e000.lcdc: [drm] Cannot find any crtc or sizes
[   20.657542] tilcdc 4830e000.lcdc: [drm] Cannot find any crtc or sizes
[   21.659203] omap-sham 53100000.sham: hw accel on OMAP rev 4.3
[   21.783956] omap-sham 53100000.sham: will run requests pump with realtime priority
[   21.799425] omap-aes 53500000.aes: OMAP AES hw accel rev: 3.2
[   21.935459] omap-aes 53500000.aes: will run requests pump with realtime priority
[   21.950452] PM: Cannot get wkup_m3_ipc handle
[   24.937852] Bluetooth: Core ver 2.22
[   24.941666] NET: Registered PF_BLUETOOTH protocol family
[   24.947254] Bluetooth: HCI device and connection manager initialized
[   24.953722] Bluetooth: HCI socket layer initialized
[   24.958636] Bluetooth: L2CAP socket layer initialized
[   24.963821] Bluetooth: SCO socket layer initialized
[   26.031984] PM: Cannot get wkup_m3_ipc handle
[   26.037779] asoc-simple-card sound: using DT '/sound' for 'simple-audio-card,hp-det' GPIO lookup
[   26.037851] of_get_named_gpiod_flags: can't parse 'simple-audio-card,hp-det-gpios' property of node '/sound[0]'
[   26.037887] of_get_named_gpiod_flags: can't parse 'simple-audio-card,hp-det-gpio' property of node '/sound[0]'
[   26.037914] asoc-simple-card sound: using lookup tables for GPIO lookup
[   26.037927] asoc-simple-card sound: No GPIO consumer simple-audio-card,hp-det found
[   26.037942] asoc-simple-card sound: using DT '/sound' for 'simple-audio-card,mic-det' GPIO lookup
[   26.037967] of_get_named_gpiod_flags: can't parse 'simple-audio-card,mic-det-gpios' property of node '/sound[0]'
[   26.037992] of_get_named_gpiod_flags: can't parse 'simple-audio-card,mic-det-gpio' property of node '/sound[0]'
[   26.038011] asoc-simple-card sound: using lookup tables for GPIO lookup
[   26.038022] asoc-simple-card sound: No GPIO consumer simple-audio-card,mic-det found
[   26.102603] tda998x 0-0070: using DT '/ocp/interconnect@44c00000/segment@200000/target-module@b000/i2c@0/tda19988@70' for 'nxp,calib' GPIO lookup
[   26.102743] of_get_named_gpiod_flags: parsed 'nxp,calib-gpios' property of node '/ocp/interconnect@44c00000/segment@200000/target-module@b000/i2c@0/tda19988@70[0]' - status (0)
[   26.102824] gpio gpiochip0: Persistence not supported for GPIO 25
[   26.102840] gpio-537 (nxp,calib): no flags found for GPIO nxp,calib
[   26.105095] gpio-537 (nxp,calib): gpiod_direction_output_nonotify: tried to set a GPIO tied to an IRQ as output
[   26.172964] PM: Cannot get wkup_m3_ipc handle
[   26.329203] tda9950 0-0034: TDA9950 CEC interface, hardware version 3.3
[   26.435060] PM: Cannot get wkup_m3_ipc handle
[   29.648335] userial_init: registered 8 ttyGS* devices
[   29.823954] rndis_register: configNr = 0
[   29.887174] udc musb-hdrc.0: binding gadget driver [g_multi]
[   29.887270] configfs-gadget.g_multi gadget.0: adding 'rndis'/167405d3 to config 'c'/db449f77
[   29.888440] configfs-gadget.g_multi gadget.0: HOST MAC 1c:ba:8c:a2:ed:6c
[   29.895456] configfs-gadget.g_multi gadget.0: MAC 1c:ba:8c:a2:ed:70
[   29.901895] rndis_set_param_medium: 0 0
[   29.901918] configfs-gadget.g_multi gadget.0: RNDIS: IN/ep1in OUT/ep1out NOTIFY/ep2in
[   29.901935] configfs-gadget.g_multi gadget.0: adding 'cdc_ethernet'/83ee90af to config 'c'/db449f77
[   29.902886] configfs-gadget.g_multi gadget.0: HOST MAC 1c:ba:8c:a2:ed:6c
[   29.909650] configfs-gadget.g_multi gadget.0: MAC 1c:ba:8c:a2:ed:6d
[   29.916069] configfs-gadget.g_multi gadget.0: CDC Ethernet: IN/ep3in OUT/ep2out NOTIFY/ep4in
[   29.916090] configfs-gadget.g_multi gadget.0: adding 'acm'/674b3083 to config 'c'/db449f77
[   29.916125] configfs-gadget.g_multi gadget.0: acm ttyGS0: IN/ep5in OUT/ep3out NOTIFY/ep6in
[   29.918939] PM: Cannot get wkup_m3_ipc handle
[   32.401447] configfs-gadget.g_multi gadget.0: eth_open
[   35.926038] gs_open: ttyGS0 (20970ff7,fe31e5cf)
[   35.926193] gs_close: ttyGS0 (20970ff7,fe31e5cf) ...
[   35.926215] gs_close: ttyGS0 (20970ff7,fe31e5cf) done!
[   35.941627] gs_open: ttyGS0 (20970ff7,d76db061)
[   35.941749] gs_close: ttyGS0 (20970ff7,d76db061) ...
[   35.941771] gs_close: ttyGS0 (20970ff7,d76db061) done!
[   36.078874] gs_open: ttyGS0 (67eef5eb,3654e511)
[   36.079118] gs_close: ttyGS0 (67eef5eb,3654e511) ...
[   36.079144] gs_close: ttyGS0 (67eef5eb,3654e511) done!
[   36.079962] gs_open: ttyGS0 (67eef5eb,3654e511)
UCJJOCFKMG 0
root@arm:~# echo 'YPOQ''VEXTQF'
YPOQVEXTQF
root@arm:~# MARKER='JMMB''ZLKXJN' run 'modprobe test_linear_ranges'
JMMBZLKXJNJMMBZLKXJN 0
root@arm:~# echo 'KABO''HNUTBO'
KABOHNUTBO
root@arm:~# MARKER='AXNJ''JQEJWW' run dmesg
AXNJJQEJWW[    0.000000] Booting Linux on physical CPU 0x0
[    0.000000] Linux version 6.16.0-rc6-next-20250718 (user01@drvtest01) (arm-none-eabi-gcc (Arm GNU Toolchain 14.2.Rel1 (Build arm-14.52)) 14.2.1 20241119, GNU ld (Arm GNU Toolchain 14.2.Rel1 (Build arm-14.52)) 2.43.1.20241119) #1 SMP Fri Jul 18 17:24:55 EEST 2025
[    0.000000] CPU: ARMv7 Processor [413fc082] revision 2 (ARMv7), cr=10c5387d
[    0.000000] CPU: PIPT / VIPT nonaliasing data cache, VIPT aliasing instruction cache
[    0.000000] OF: fdt: Machine model: TI AM335x BeagleBone Black
[    0.000000] Memory policy: Data cache writeback
[    0.000000] cma: Reserved 16 MiB at 0x9e800000
[    0.000000] Zone ranges:
[    0.000000]   Normal   [mem 0x0000000080000000-0x000000009fdfffff]
[    0.000000]   HighMem  empty
[    0.000000] Movable zone start for each node
[    0.000000] Early memory node ranges
[    0.000000]   node   0: [mem 0x0000000080000000-0x000000009fdfffff]
[    0.000000] Initmem setup node 0 [mem 0x0000000080000000-0x000000009fdfffff]
[    0.000000] On node 0, zone Normal: 512 pages in unavailable ranges
[    0.000000] OF: reserved mem: Reserved memory: No reserved-memory node in the DT
[    0.000000] CPU: All CPU(s) started in SVC mode.
[    0.000000] AM335X ES2.1 (sgx neon)
[    0.000000] percpu: Embedded 17 pages/cpu s39820 r8192 d21620 u69632
[    0.000000] pcpu-alloc: s39820 r8192 d21620 u69632 alloc=17*4096
[    0.000000] pcpu-alloc: [0] 0 
[    0.000000] Kernel command line: console=ttyO0,115200n8 root=/dev/nfs rw nfsroot=192.168.255.126:/home/user01/nfs,nfsvers=3 ip=192.168.255.1:192.168.255.126::255.255.255.0:bbb1:eth0 nfsrootdebug
[    0.000000] Unknown kernel command line parameters "nfsrootdebug", will be passed to user space.
[    0.000000] printk: log buffer data + meta data: 65536 + 204800 = 270336 bytes
[    0.000000] Dentry cache hash table entries: 65536 (order: 6, 262144 bytes, linear)
[    0.000000] Inode-cache hash table entries: 32768 (order: 5, 131072 bytes, linear)
[    0.000000] Built 1 zonelists, mobility grouping on.  Total pages: 130560
[    0.000000] mem auto-init: stack:off, heap alloc:off, heap free:off
[    0.000000] SLUB: HWalign=16, Order=0-3, MinObjects=0, CPUs=1, Nodes=1
[    0.000000] rcu: Hierarchical RCU implementation.
[    0.000000] rcu: 	RCU event tracing is enabled.
[    0.000000] rcu: 	RCU restricting CPUs from NR_CPUS=2 to nr_cpu_ids=1.
[    0.000000] 	Tracing variant of Tasks RCU enabled.
[    0.000000] rcu: RCU calculated value of scheduler-enlistment delay is 10 jiffies.
[    0.000000] rcu: Adjusting geometry for rcu_fanout_leaf=16, nr_cpu_ids=1
[    0.000000] RCU Tasks Trace: Setting shift to 0 and lim to 1 rcu_task_cb_adjust=1 rcu_task_cpu_ids=1.
[    0.000000] NR_IRQS: 16, nr_irqs: 16, preallocated irqs: 16
[    0.000000] IRQ: Found an INTC at 0x(ptrval) (revision 5.0) with 128 interrupts
[    0.000000] rcu: srcu_init: Setting srcu_struct sizes based on contention.
[    0.000000] TI gptimer clocksource: always-on /ocp/interconnect@44c00000/segment@200000/target-module@31000
[    0.000002] sched_clock: 32 bits at 24MHz, resolution 41ns, wraps every 89478484971ns
[    0.000026] clocksource: dmtimer: mask: 0xffffffff max_cycles: 0xffffffff, max_idle_ns: 79635851949 ns
[    0.000526] TI gptimer clockevent: 24000000 Hz at /ocp/interconnect@48000000/segment@0/target-module@40000
[    0.002151] Console: colour dummy device 80x30
[    0.002220] WARNING: Your 'console=ttyO0' has been replaced by 'ttyS0'
[    0.002227] This ensures that you still see kernel messages. Please
[    0.002232] update your kernel commandline.
[    0.002274] Calibrating delay loop... 996.14 BogoMIPS (lpj=4980736)
[    0.090575] CPU: Testing write buffer coherency: ok
[    0.090686] CPU0: Spectre v2: using BPIALL workaround
[    0.090696] pid_max: default: 32768 minimum: 301
[    0.090856] LSM: initializing lsm=capability
[    0.091023] Mount-cache hash table entries: 1024 (order: 0, 4096 bytes, linear)
[    0.091043] Mountpoint-cache hash table entries: 1024 (order: 0, 4096 bytes, linear)
[    0.092629] CPU0: thread -1, cpu 0, socket -1, mpidr 0
[    0.092687] cacheinfo: Unable to detect cache hierarchy for CPU 0
[    0.094679] Setting up static identity map for 0x80100000 - 0x80100078
[    0.094999] rcu: Hierarchical SRCU implementation.
[    0.095010] rcu: 	Max phase no-delay instances is 1000.
[    0.096723] smp: Bringing up secondary CPUs ...
[    0.096776] smp: Brought up 1 node, 1 CPU
[    0.096788] SMP: Total of 1 processors activated (996.14 BogoMIPS).
[    0.096798] CPU: All CPU(s) started in SVC mode.
[    0.096994] Memory: 480816K/522240K available (11264K kernel code, 1221K rwdata, 2936K rodata, 1024K init, 287K bss, 23388K reserved, 16384K cma-reserved, 0K highmem)
[    0.097821] devtmpfs: initialized
[    0.115258] VFP support v0.3: implementor 41 architecture 3 part 30 variant c rev 3
[    0.115901] clocksource: jiffies: mask: 0xffffffff max_cycles: 0xffffffff, max_idle_ns: 19112604462750000 ns
[    0.115959] posixtimers hash table entries: 512 (order: 0, 4096 bytes, linear)
[    0.115987] futex hash table entries: 256 (16384 bytes on 1 NUMA nodes, total 16 KiB, linear).
[    0.117128] pinctrl core: initialized pinctrl subsystem
[    0.119268] NET: Registered PF_NETLINK/PF_ROUTE protocol family
[    0.122450] DMA: preallocated 256 KiB pool for atomic coherent allocations
[    0.123063] audit: initializing netlink subsys (disabled)
[    0.124385] thermal_sys: Registered thermal governor 'fair_share'
[    0.124401] thermal_sys: Registered thermal governor 'step_wise'
[    0.124410] thermal_sys: Registered thermal governor 'user_space'
[    0.124518] audit: type=2000 audit(0.120:1): state=initialized audit_enabled=0 res=1
[    0.124590] cpuidle: using governor menu
[    0.142745] /ocp/interconnect@44c00000/segment@200000/target-module@b000/i2c@0/tda19988@70: Fixed dependency cycle(s) with /ocp/interconnect@48000000/segment@300000/target-module@e000/lcdc@0
[    0.143859] /ocp/interconnect@48000000/segment@300000/target-module@e000/lcdc@0: Fixed dependency cycle(s) with /ocp/interconnect@44c00000/segment@200000/target-module@b000/i2c@0/tda19988@70
[    0.146066] No ATAGs?
[    0.146109] hw-breakpoint: debug architecture 0x4 unsupported.
[    0.149207] kprobes: kprobe jump-optimization is enabled. All kprobes are optimized if possible.
[    0.153920] iommu: Default domain type: Translated
[    0.153942] iommu: DMA domain TLB invalidation policy: strict mode
[    0.155518] reg-fixed-voltage fixedregulator0: using DT '/fixedregulator0' for '(default)' GPIO lookup
[    0.155572] of_get_named_gpiod_flags: can't parse 'gpios' property of node '/fixedregulator0[0]'
[    0.155601] of_get_named_gpiod_flags: can't parse 'gpio' property of node '/fixedregulator0[0]'
[    0.155619] reg-fixed-voltage fixedregulator0: using lookup tables for GPIO lookup
[    0.155630] reg-fixed-voltage fixedregulator0: No GPIO consumer (default) found
[    0.161413] SCSI subsystem initialized
[    0.161896] libata version 3.00 loaded.
[    0.162275] pps_core: LinuxPPS API ver. 1 registered
[    0.162287] pps_core: Software ver. 5.3.6 - Copyright 2005-2007 Rodolfo Giometti <giometti@linux.it>
[    0.162311] PTP clock support registered
[    0.171434] vgaarb: loaded
[    0.171812] clocksource: Switched to clocksource dmtimer
[    0.172488] VFS: Disk quotas dquot_6.6.0
[    0.172545] VFS: Dquot-cache hash table entries: 1024 (order 0, 4096 bytes)
[    0.197920] NET: Registered PF_INET protocol family
[    0.198261] IP idents hash table entries: 8192 (order: 4, 65536 bytes, linear)
[    0.199676] tcp_listen_portaddr_hash hash table entries: 512 (order: 0, 4096 bytes, linear)
[    0.199713] Table-perturb hash table entries: 65536 (order: 6, 262144 bytes, linear)
[    0.199731] TCP established hash table entries: 4096 (order: 2, 16384 bytes, linear)
[    0.199778] TCP bind hash table entries: 4096 (order: 4, 65536 bytes, linear)
[    0.199878] TCP: Hash tables configured (established 4096 bind 4096)
[    0.199996] UDP hash table entries: 256 (order: 1, 14336 bytes, linear)
[    0.200031] UDP-Lite hash table entries: 256 (order: 1, 14336 bytes, linear)
[    0.200218] NET: Registered PF_UNIX/PF_LOCAL protocol family
[    0.201471] RPC: Registered named UNIX socket transport module.
[    0.201492] RPC: Registered udp transport module.
[    0.201497] RPC: Registered tcp transport module.
[    0.201502] RPC: Registered tcp-with-tls transport module.
[    0.201508] RPC: Registered tcp NFSv4.1 backchannel transport module.
[    0.201533] PCI: CLS 0 bytes, default 64
[    0.203049] Initialise system trusted keyrings
[    0.212629] workingset: timestamp_bits=14 max_order=17 bucket_order=3
[    0.214012] NFS: Registering the id_resolver key type
[    0.214079] Key type id_resolver registered
[    0.214088] Key type id_legacy registered
[    0.214197] jffs2: version 2.2. (NAND) (SUMMARY)  Â© 2001-2006 Red Hat, Inc.
[    0.214645] Key type asymmetric registered
[    0.214662] Asymmetric key parser 'x509' registered
[    0.214735] io scheduler mq-deadline registered
[    0.214747] io scheduler kyber registered
[    0.214823] io scheduler bfq registered
[    0.216692] target-module@4b000000:target-module@140000:pmu@0:fck: device ID is greater than 24
[    0.222886] l3-aon-clkctrl:0000:0: failed to disable
[    0.232198] ledtrig-cpu: registered to indicate activity on CPUs
[    0.235939] Serial: 8250/16550 driver, 6 ports, IRQ sharing enabled
[    0.278040] brd: module loaded
[    0.298376] loop: module loaded
[    0.299305] mtdoops: mtd device (mtddev=name/number) must be supplied
[    0.301030] mdio_bus fixed-0: using lookup tables for GPIO lookup
[    0.301056] mdio_bus fixed-0: No GPIO consumer reset found
[    0.302636] i2c_dev: i2c /dev entries driver
[    0.303650] cpuidle: enable-method property 'ti,am3352' found operations
[    0.304092] sdhci: Secure Digital Host Controller Interface driver
[    0.304102] sdhci: Copyright(c) Pierre Ossman
[    0.304282] sdhci-pltfm: SDHCI platform and OF driver helper
[    0.312297] hw perfevents: enabled with armv7_cortex_a8 PMU driver, 5 (8000000f) counters available
[    0.312811] Initializing XFRM netlink socket
[    0.312993] NET: Registered PF_INET6 protocol family
[    0.318653] l3-aon-clkctrl:0000:0: failed to disable
[    0.326735] Segment Routing with IPv6
[    0.326822] In-situ OAM (IOAM) with IPv6
[    0.326919] sit: IPv6, IPv4 and MPLS over IPv4 tunneling driver
[    0.327884] NET: Registered PF_PACKET protocol family
[    0.327915] NET: Registered PF_KEY protocol family
[    0.328034] Key type dns_resolver registered
[    0.328261] ThumbEE CPU extension supported.
[    0.328280] Registering SWP/SWPB emulation handler
[    0.328819] omap_voltage_late_init: Voltage driver support not added
[    0.329484] SmartReflex Class3 initialized
[    0.360468] Loading compiled-in X.509 certificates
[    0.400923] /ocp/interconnect@44c00000/segment@200000/target-module@b000/i2c@0/tda19988@70: Fixed dependency cycle(s) with /ocp/interconnect@48000000/segment@300000/target-module@e000/lcdc@0
[    0.407428] /ocp/interconnect@44c00000/segment@200000/target-module@b000/i2c@0/tda19988@70: Fixed dependency cycle(s) with /ocp/interconnect@48000000/segment@300000/target-module@e000/lcdc@0
[    0.413136] gpiochip_find_base_unlocked: found new base at 512
[    0.436727] /ocp/interconnect@44c00000/segment@200000/target-module@b000/i2c@0/tda19988@70: Fixed dependency cycle(s) with /ocp/interconnect@48000000/segment@300000/target-module@e000/lcdc@0
[    0.437602] /ocp/interconnect@44c00000/segment@200000/target-module@b000/i2c@0/tda19988@70: Fixed dependency cycle(s) with /ocp/interconnect@48000000/segment@300000/target-module@e000/lcdc@0
[    0.441045] /ocp/interconnect@44c00000/segment@200000/target-module@10000/scm@0/pinmux@800: Fixed dependency cycle(s) with /ocp/interconnect@44c00000/segment@200000/target-module@10000/scm@0/pinmux@800/clkout2-pins
[    0.441627] pinctrl-single 44e10800.pinmux: 142 pins, size 568
[    0.447290] ti-sysc 44e31000.target-module: probe with driver ti-sysc failed with error -16
[    0.473311] /ocp/interconnect@48000000/segment@300000/target-module@e000/lcdc@0: Fixed dependency cycle(s) with /ocp/interconnect@44c00000/segment@200000/target-module@b000/i2c@0/tda19988@70
[    0.481350] ti-sysc 48040000.target-module: probe with driver ti-sysc failed with error -16
[    0.493153] gpiochip_find_base_unlocked: found new base at 512
[    0.493255] gpio gpiochip0: (gpio-0-31): created GPIO range 0->7 ==> 44e10800.pinmux PIN 0->7
[    0.493274] gpio gpiochip0: (gpio-0-31): created GPIO range 8->11 ==> 44e10800.pinmux PIN 90->93
[    0.493291] gpio gpiochip0: (gpio-0-31): created GPIO range 12->27 ==> 44e10800.pinmux PIN 12->27
[    0.493306] gpio gpiochip0: (gpio-0-31): created GPIO range 28->31 ==> 44e10800.pinmux PIN 30->33
[    0.526554] gpio gpiochip0: (gpio-0-31): added GPIO chardev (254:0)
[    0.526779] gpio gpiochip0: registered GPIOs 512 to 543 on gpio-0-31
[    0.526866] OMAP GPIO hardware version 0.1
[    0.569231] i2c i2c-2: using DT '/ocp/interconnect@48000000/segment@100000/target-module@9c000/i2c@0' for 'scl' GPIO lookup
[    0.569309] of_get_named_gpiod_flags: can't parse 'scl-gpios' property of node '/ocp/interconnect@48000000/segment@100000/target-module@9c000/i2c@0[0]'
[    0.569352] of_get_named_gpiod_flags: can't parse 'scl-gpio' property of node '/ocp/interconnect@48000000/segment@100000/target-module@9c000/i2c@0[0]'
[    0.569389] i2c i2c-2: using lookup tables for GPIO lookup
[    0.569399] i2c i2c-2: No GPIO consumer scl found
[    0.569421] i2c i2c-2: using DT '/ocp/interconnect@48000000/segment@100000/target-module@9c000/i2c@0' for 'sda' GPIO lookup
[    0.569457] of_get_named_gpiod_flags: can't parse 'sda-gpios' property of node '/ocp/interconnect@48000000/segment@100000/target-module@9c000/i2c@0[0]'
[    0.569494] of_get_named_gpiod_flags: can't parse 'sda-gpio' property of node '/ocp/interconnect@48000000/segment@100000/target-module@9c000/i2c@0[0]'
[    0.569526] i2c i2c-2: using lookup tables for GPIO lookup
[    0.569533] i2c i2c-2: No GPIO consumer sda found
[    0.570277] omap_i2c 4819c000.i2c: bus 2 rev0.11 at 100 kHz
[    0.576201] gpiochip_find_base_unlocked: found new base at 544
[    0.576301] gpio gpiochip1: (gpio-32-63): created GPIO range 0->17 ==> 44e10800.pinmux PIN 34->51
[    0.576321] gpio gpiochip1: (gpio-32-63): created GPIO range 18->21 ==> 44e10800.pinmux PIN 77->80
[    0.576337] gpio gpiochip1: (gpio-32-63): created GPIO range 22->31 ==> 44e10800.pinmux PIN 56->65
[    0.577306] gpio gpiochip1: (gpio-32-63): added GPIO chardev (254:1)
[    0.577518] gpio gpiochip1: registered GPIOs 544 to 575 on gpio-32-63
[    0.579802] gpiochip_find_base_unlocked: found new base at 576
[    0.579894] gpio gpiochip2: (gpio-64-95): created GPIO range 0->4 ==> 44e10800.pinmux PIN 66->70
[    0.579914] gpio gpiochip2: (gpio-64-95): created GPIO range 5->6 ==> 44e10800.pinmux PIN 98->99
[    0.579929] gpio gpiochip2: (gpio-64-95): created GPIO range 7->8 ==> 44e10800.pinmux PIN 75->76
[    0.579949] gpio gpiochip2: (gpio-64-95): created GPIO range 13->13 ==> 44e10800.pinmux PIN 141->141
[    0.579966] gpio gpiochip2: (gpio-64-95): created GPIO range 14->21 ==> 44e10800.pinmux PIN 100->107
[    0.590816] gpio gpiochip2: (gpio-64-95): added GPIO chardev (254:2)
[    0.591039] gpio gpiochip2: registered GPIOs 576 to 607 on gpio-64-95
[    0.596870] 48000000.interconnect:segment@200000:target-module@0:mpu@0:fck: device ID is greater than 24
[    0.597752] /ocp/interconnect@48000000/segment@300000/target-module@e000/lcdc@0: Fixed dependency cycle(s) with /ocp/interconnect@44c00000/segment@200000/target-module@b000/i2c@0/tda19988@70
[    0.600568] /ocp/interconnect@48000000/segment@300000/target-module@e000/lcdc@0: Fixed dependency cycle(s) with /ocp/interconnect@44c00000/segment@200000/target-module@b000/i2c@0/tda19988@70
[    0.601274] /ocp/interconnect@44c00000/segment@200000/target-module@b000/i2c@0/tda19988@70: Fixed dependency cycle(s) with /ocp/interconnect@48000000/segment@300000/target-module@e000/lcdc@0
[    0.601431] /ocp/interconnect@48000000/segment@300000/target-module@e000/lcdc@0: Fixed dependency cycle(s) with /ocp/interconnect@44c00000/segment@200000/target-module@b000/i2c@0/tda19988@70
[    0.611171] mdio_bus 4a101000.mdio: using DT '/ocp/interconnect@4a000000/segment@0/target-module@100000/switch@0/mdio@1000' for 'reset' GPIO lookup
[    0.611245] of_get_named_gpiod_flags: can't parse 'reset-gpios' property of node '/ocp/interconnect@4a000000/segment@0/target-module@100000/switch@0/mdio@1000[0]'
[    0.611292] of_get_named_gpiod_flags: can't parse 'reset-gpio' property of node '/ocp/interconnect@4a000000/segment@0/target-module@100000/switch@0/mdio@1000[0]'
[    0.611339] mdio_bus 4a101000.mdio: using lookup tables for GPIO lookup
[    0.611349] mdio_bus 4a101000.mdio: No GPIO consumer reset found
[    0.612417] sdhci-omap 481d8000.mmc: using DT '/ocp/interconnect@48000000/segment@100000/target-module@d8000/mmc@0' for 'wp' GPIO lookup
[    0.612479] of_get_named_gpiod_flags: can't parse 'wp-gpios' property of node '/ocp/interconnect@48000000/segment@100000/target-module@d8000/mmc@0[0]'
[    0.612522] of_get_named_gpiod_flags: can't parse 'wp-gpio' property of node '/ocp/interconnect@48000000/segment@100000/target-module@d8000/mmc@0[0]'
[    0.612556] sdhci-omap 481d8000.mmc: using lookup tables for GPIO lookup
[    0.612566] sdhci-omap 481d8000.mmc: No GPIO consumer wp found
[    0.612762] sdhci-omap 481d8000.mmc: supply pbias not found, using dummy regulator
[    0.628182] sdhci-omap 481d8000.mmc: supply vqmmc not found, using dummy regulator
[    0.668153] davinci_mdio 4a101000.mdio: davinci mdio revision 1.6, bus freq 1000000
[    0.689362] mdio_bus 4a101000.mdio:00: using DT '/ocp/interconnect@4a000000/segment@0/target-module@100000/switch@0/mdio@1000/ethernet-phy@0' for 'reset' GPIO lookup
[    0.689464] of_get_named_gpiod_flags: parsed 'reset-gpios' property of node '/ocp/interconnect@4a000000/segment@0/target-module@100000/switch@0/mdio@1000/ethernet-phy@0[0]' - status (0)
[    0.689629] gpio gpiochip0: Persistence not supported for GPIO 8
[    0.812666] davinci_mdio 4a101000.mdio: phy[0]: device 4a101000.mdio:00, driver SMSC LAN8710/LAN8720
[    0.813444] cpsw-switch 4a100000.switch: initialized cpsw ale version 1.4
[    0.813469] cpsw-switch 4a100000.switch: ALE Table size 1024, Policers 0
[    0.813622] cpsw-switch 4a100000.switch: cpts: overflow check period 500 (jiffies)
[    0.813639] cpsw-switch 4a100000.switch: CPTS: ref_clk_freq:250000000 calc_mult:2147483648 calc_shift:29 error:0 nsec/sec
[    0.813741] cpsw-switch 4a100000.switch: Detected MACID = 6c:ec:eb:68:de:78
[    0.815585] cpsw-switch 4a100000.switch: initialized (regs 0x4a100000, pool size 256) hw_ver:0019010C 1.12 (0)
[    0.826624] debugfs: '49000000.dma' already exists in 'dmaengine'
[    0.826668] edma 49000000.dma: TI EDMA DMA engine driver
[    0.865045] gpio-clk clk_mcasp0: using DT '/clk_mcasp0' for 'enable' GPIO lookup
[    0.865124] of_get_named_gpiod_flags: parsed 'enable-gpios' property of node '/clk_mcasp0[0]' - status (0)
[    0.865172] gpio gpiochip0: Persistence not supported for GPIO 27
[    0.866028] gpiochip_find_base_unlocked: found new base at 608
[    0.866139] gpio gpiochip3: (gpio-96-127): created GPIO range 0->7 ==> 44e10800.pinmux PIN 82->89
[    0.866161] gpio gpiochip3: (gpio-96-127): created GPIO range 8->11 ==> 44e10800.pinmux PIN 52->55
[    0.866176] gpio gpiochip3: (gpio-96-127): created GPIO range 12->15 ==> 44e10800.pinmux PIN 94->97
[    0.866193] gpio gpiochip3: (gpio-96-127): created GPIO range 16->17 ==> 44e10800.pinmux PIN 71->72
[    0.866209] gpio gpiochip3: (gpio-96-127): created GPIO range 18->18 ==> 44e10800.pinmux PIN 135->135
[    0.866228] gpio gpiochip3: (gpio-96-127): created GPIO range 19->20 ==> 44e10800.pinmux PIN 108->109
[    0.866245] gpio gpiochip3: (gpio-96-127): created GPIO range 21->21 ==> 44e10800.pinmux PIN 73->73
[    0.866262] gpio gpiochip3: (gpio-96-127): created GPIO range 22->23 ==> 44e10800.pinmux PIN 8->9
[    0.866279] gpio gpiochip3: (gpio-96-127): created GPIO range 26->27 ==> 44e10800.pinmux PIN 10->11
[    0.866297] gpio gpiochip3: (gpio-96-127): created GPIO range 28->28 ==> 44e10800.pinmux PIN 74->74
[    0.866315] gpio gpiochip3: (gpio-96-127): created GPIO range 29->29 ==> 44e10800.pinmux PIN 81->81
[    0.866333] gpio gpiochip3: (gpio-96-127): created GPIO range 30->31 ==> 44e10800.pinmux PIN 28->29
[    0.891015] gpio gpiochip3: (gpio-96-127): added GPIO chardev (254:3)
[    0.891277] gpio gpiochip3: registered GPIOs 608 to 639 on gpio-96-127
[    0.904045] omap8250 44e09000.serial: using DT '/ocp/interconnect@44c00000/segment@200000/target-module@9000/serial@0' for 'rs485-term' GPIO lookup
[    0.904119] of_get_named_gpiod_flags: can't parse 'rs485-term-gpios' property of node '/ocp/interconnect@44c00000/segment@200000/target-module@9000/serial@0[0]'
[    0.904164] of_get_named_gpiod_flags: can't parse 'rs485-term-gpio' property of node '/ocp/interconnect@44c00000/segment@200000/target-module@9000/serial@0[0]'
[    0.904201] omap8250 44e09000.serial: using lookup tables for GPIO lookup
[    0.904210] omap8250 44e09000.serial: No GPIO consumer rs485-term found
[    0.904221] omap8250 44e09000.serial: using DT '/ocp/interconnect@44c00000/segment@200000/target-module@9000/serial@0' for 'rs485-rx-during-tx' GPIO lookup
[    0.904256] of_get_named_gpiod_flags: can't parse 'rs485-rx-during-tx-gpios' property of node '/ocp/interconnect@44c00000/segment@200000/target-module@9000/serial@0[0]'
[    0.904293] of_get_named_gpiod_flags: can't parse 'rs485-rx-during-tx-gpio' property of node '/ocp/interconnect@44c00000/segment@200000/target-module@9000/serial@0[0]'
[    0.904324] omap8250 44e09000.serial: using lookup tables for GPIO lookup
[    0.904332] omap8250 44e09000.serial: No GPIO consumer rs485-rx-during-tx found
[    0.904771] 44e09000.serial: ttyS0 at MMIO 0x44e09000 (irq = 34, base_baud = 3000000) is a 8250
[    0.904864] printk: legacy console [ttyS0] enabled
[    2.379772] i2c i2c-0: using DT '/ocp/interconnect@44c00000/segment@200000/target-module@b000/i2c@0' for 'scl' GPIO lookup
