Labgrid Console Logfile for main
Logfile started at 2025-09-25 20:09:54.695841
=== Log starts here ===
reading args
spl_load_image_fat_os: error reading image args, err - -1
reading u-boot.img
reading u-boot.img


U-Boot 2014.04-00014-g47880f5 (Apr 22 2014 - 13:23:54)

I2C:   ready
DRAM:  512 MiB
NAND:  0 MiB
MMC:   OMAP SD/MMC: 0, OMAP SD/MMC: 1
*** Warning - readenv() failed, using default environment

Net:   <ethaddr> not set. Validating first E-fuse MAC
cpsw, usb_ether
Hit any key to stop autoboot:  1  0 
gpio: pin 53 (gpio 53) value is 1
mmc0 is current device
gpio: pin 54 (gpio 54) value is 1
SD/MMC found on device 0
reading uEnv.txt
569 bytes read in 4 ms (138.7 KiB/s)
gpio: pin 55 (gpio 55) value is 1
Loaded environment from uEnv.txt
Importing environment from mmc ...
Checking if uenvcmd is set ...
gpio: pin 56 (gpio 56) value is 1
Running uenvcmd ...
cpsw Waiting for PHY auto negotiation to complete. done
link up on port 0, speed 100, full duplex
Using cpsw device
TFTP from server 192.168.255.126; our IP address is 192.168.255.1
Filename 'zImage'.
Load address: 0x81000000
Loading: *#################################################################
	 #################################################################
	 #################################################################
	 #################################################################
	 #################################################################
	 ##############################################################
	 2.4 MiB/s
done
Bytes transferred = 5681032 (56af88 hex)
link up on port 0, speed 100, full duplex
Using cpsw device
TFTP from server 192.168.255.126; our IP address is 192.168.255.1
Filename 'am335x-boneblack.dtb'.
Load address: 0x82000000
Loading: *#######
	 1.5 MiB/s
done
Bytes transferred = 98148 (17f64 hex)
Kernel image @ 0x81000000 [ 0x000000 - 0x56af88 ]
## Flattened Device Tree blob at 82000000
   Booting using the fdt blob at 0x82000000
   Using Device Tree in place at 82000000, end 8201af63

Starting kernel ...

[    0.000000] Booting Linux on physical CPU 0x0
[    0.000000] Linux version 6.17.0-rc7-next-20250925 (user01@drvtest01) (arm-none-eabi-gcc (Arm GNU Toolchain 14.2.Rel1 (Build arm-14.52)) 14.2.1 20241119, GNU ld (Arm GNU Toolchain 14.2.Rel1 (Build arm-14.52)) 2.43.1.20241119) #1 SMP Thu Sep 25 20:08:21 EEST 2025
[    0.000000] CPU: ARMv7 Processor [413fc082] revision 2 (ARMv7), cr=10c5387d
[    0.000000] CPU: PIPT / VIPT nonaliasing data cache, VIPT aliasing instruction cache
[    0.000000] OF: fdt: Machine model: TI AM335x BeagleBone Black
[    0.000000] Memory policy: Data cache writeback
[    0.000000] cma: Reserved 16 MiB at 0x9e800000
[    0.000000] Zone ranges:
[    0.000000]   Normal   [mem 0x0000000080000000-0x000000009fdfffff]
[    0.000000]   HighMem  empty
[    0.000000] Movable zone start for each node
[    0.000000] Early memory node ranges
[    0.000000]   node   0: [mem 0x0000000080000000-0x000000009fdfffff]
[    0.000000] Initmem setup node 0 [mem 0x0000000080000000-0x000000009fdfffff]
[    0.000000] On node 0, zone Normal: 512 pages in unavailable ranges
[    0.000000] OF: reserved mem: Reserved memory: No reserved-memory node in the DT
[    0.000000] CPU: All CPU(s) started in SVC mode.
[    0.000000] AM335X ES2.1 (sgx neon)
[    0.000000] percpu: Embedded 17 pages/cpu s39884 r8192 d21556 u69632
[    0.000000] Kernel command line: console=ttyO0,115200n8 root=/dev/nfs rw nfsroot=192.168.255.126:/home/user01/nfs,nfsvers=3 ip=192.168.255.1:192.168.255.126::255.255.255.0:bbb1:eth0 nfsrootdebug
[    0.000000] Unknown kernel command line parameters "nfsrootdebug", will be passed to user space.
[    0.000000] printk: log buffer data + meta data: 65536 + 204800 = 270336 bytes
[    0.000000] Dentry cache hash table entries: 65536 (order: 6, 262144 bytes, linear)
[    0.000000] Inode-cache hash table entries: 32768 (order: 5, 131072 bytes, linear)
[    0.000000] Built 1 zonelists, mobility grouping on.  Total pages: 130560
[    0.000000] mem auto-init: stack:off, heap alloc:off, heap free:off
[    0.000000] SLUB: HWalign=16, Order=0-3, MinObjects=0, CPUs=1, Nodes=1
[    0.000000] rcu: Hierarchical RCU implementation.
[    0.000000] rcu: 	RCU event tracing is enabled.
[    0.000000] rcu: 	RCU restricting CPUs from NR_CPUS=2 to nr_cpu_ids=1.
[    0.000000] 	Tracing variant of Tasks RCU enabled.
[    0.000000] rcu: RCU calculated value of scheduler-enlistment delay is 10 jiffies.
[    0.000000] rcu: Adjusting geometry for rcu_fanout_leaf=16, nr_cpu_ids=1
[    0.000000] RCU Tasks Trace: Setting shift to 0 and lim to 1 rcu_task_cb_adjust=1 rcu_task_cpu_ids=1.
[    0.000000] NR_IRQS: 16, nr_irqs: 16, preallocated irqs: 16
[    0.000000] IRQ: Found an INTC at 0x(ptrval) (revision 5.0) with 128 interrupts
[    0.000000] rcu: srcu_init: Setting srcu_struct sizes based on contention.
[    0.000000] TI gptimer clocksource: always-on /ocp/interconnect@44c00000/segment@200000/target-module@31000
[    0.000003] sched_clock: 32 bits at 24MHz, resolution 41ns, wraps every 89478484971ns
[    0.000026] clocksource: dmtimer: mask: 0xffffffff max_cycles: 0xffffffff, max_idle_ns: 79635851949 ns
[    0.000494] TI gptimer clockevent: 24000000 Hz at /ocp/interconnect@48000000/segment@0/target-module@40000
[    0.002051] Console: colour dummy device 80x30
[    0.002115] WARNING: Your 'console=ttyO0' has been replaced by 'ttyS0'
[    0.002123] This ensures that you still see kernel messages. Please
[    0.002127] update your kernel commandline.
[    0.002166] Calibrating delay loop... 996.14 BogoMIPS (lpj=4980736)
[    0.090605] CPU: Testing write buffer coherency: ok
[    0.090688] CPU0: Spectre v2: using BPIALL workaround
[    0.090698] pid_max: default: 32768 minimum: 301
[    0.090881] LSM: initializing lsm=capability
[    0.091047] Mount-cache hash table entries: 1024 (order: 0, 4096 bytes, linear)
[    0.091066] Mountpoint-cache hash table entries: 1024 (order: 0, 4096 bytes, linear)
[    0.092652] CPU0: thread -1, cpu 0, socket -1, mpidr 0
[    0.092711] cacheinfo: Unable to detect cache hierarchy for CPU 0
[    0.094709] Setting up static identity map for 0x80100000 - 0x80100078
[    0.095013] rcu: Hierarchical SRCU implementation.
[    0.095024] rcu: 	Max phase no-delay instances is 1000.
[    0.096702] smp: Bringing up secondary CPUs ...
[    0.096756] smp: Brought up 1 node, 1 CPU
[    0.096768] SMP: Total of 1 processors activated (996.14 BogoMIPS).
[    0.096779] CPU: All CPU(s) started in SVC mode.
[    0.096976] Memory: 480868K/522240K available (11264K kernel code, 1226K rwdata, 2948K rodata, 1024K init, 256K bss, 23336K reserved, 16384K cma-reserved, 0K highmem)
[    0.097804] devtmpfs: initialized
[    0.115278] VFP support v0.3: implementor 41 architecture 3 part 30 variant c rev 3
[    0.115926] clocksource: jiffies: mask: 0xffffffff max_cycles: 0xffffffff, max_idle_ns: 19112604462750000 ns
[    0.115984] posixtimers hash table entries: 512 (order: 0, 4096 bytes, linear)
[    0.116010] futex hash table entries: 256 (16384 bytes on 1 NUMA nodes, total 16 KiB, linear).
[    0.117142] pinctrl core: initialized pinctrl subsystem
[    0.119238] NET: Registered PF_NETLINK/PF_ROUTE protocol family
[    0.122294] DMA: preallocated 256 KiB pool for atomic coherent allocations
[    0.122898] audit: initializing netlink subsys (disabled)
[    0.124246] thermal_sys: Registered thermal governor 'fair_share'
[    0.124260] thermal_sys: Registered thermal governor 'step_wise'
[    0.124270] thermal_sys: Registered thermal governor 'user_space'
[    0.124379] audit: type=2000 audit(0.120:1): state=initialized audit_enabled=0 res=1
[    0.124448] cpuidle: using governor menu
[    0.142391] /ocp/interconnect@44c00000/segment@200000/target-module@b000/i2c@0/tda19988@70: Fixed dependency cycle(s) with /ocp/interconnect@48000000/segment@300000/target-module@e000/lcdc@0
[    0.143505] /ocp/interconnect@48000000/segment@300000/target-module@e000/lcdc@0: Fixed dependency cycle(s) with /ocp/interconnect@44c00000/segment@200000/target-module@b000/i2c@0/tda19988@70
[    0.145719] No ATAGs?
[    0.145755] hw-breakpoint: debug architecture 0x4 unsupported.
[    0.148856] kprobes: kprobe jump-optimization is enabled. All kprobes are optimized if possible.
[    0.153868] iommu: Default domain type: Translated
[    0.153891] iommu: DMA domain TLB invalidation policy: strict mode
[    0.161768] SCSI subsystem initialized
[    0.162624] pps_core: LinuxPPS API ver. 1 registered
[    0.162633] pps_core: Software ver. 5.3.6 - Copyright 2005-2007 Rodolfo Giometti <giometti@linux.it>
[    0.162656] PTP clock support registered
[    0.171149] vgaarb: loaded
[    0.171529] clocksource: Switched to clocksource dmtimer
[    0.172215] VFS: Disk quotas dquot_6.6.0
[    0.172276] VFS: Dquot-cache hash table entries: 1024 (order 0, 4096 bytes)
[    0.197568] NET: Registered PF_INET protocol family
[    0.197910] IP idents hash table entries: 8192 (order: 4, 65536 bytes, linear)
[    0.199328] tcp_listen_portaddr_hash hash table entries: 512 (order: 0, 4096 bytes, linear)
[    0.199365] Table-perturb hash table entries: 65536 (order: 6, 262144 bytes, linear)
[    0.199382] TCP established hash table entries: 4096 (order: 2, 16384 bytes, linear)
[    0.199428] TCP bind hash table entries: 4096 (order: 4, 65536 bytes, linear)
[    0.199528] TCP: Hash tables configured (established 4096 bind 4096)
[    0.199648] UDP hash table entries: 256 (order: 1, 14336 bytes, linear)
[    0.199681] UDP-Lite hash table entries: 256 (order: 1, 14336 bytes, linear)
[    0.199895] NET: Registered PF_UNIX/PF_LOCAL protocol family
[    0.212143] RPC: Registered named UNIX socket transport module.
[    0.212166] RPC: Registered udp transport module.
[    0.212171] RPC: Registered tcp transport module.
[    0.212176] RPC: Registered tcp-with-tls transport module.
[    0.212181] RPC: Registered tcp NFSv4.1 backchannel transport module.
[    0.212203] PCI: CLS 0 bytes, default 64
[    0.213628] Initialise system trusted keyrings
[    0.214437] workingset: timestamp_bits=14 max_order=17 bucket_order=3
[    0.216265] NFS: Registering the id_resolver key type
[    0.216361] Key type id_resolver registered
[    0.216369] Key type id_legacy registered
[    0.216487] jffs2: version 2.2. (NAND) (SUMMARY)  Â© 2001-2006 Red Hat, Inc.
[    0.216962] Key type asymmetric registered
[    0.216978] Asymmetric key parser 'x509' registered
[    0.217058] io scheduler mq-deadline registered
[    0.217069] io scheduler kyber registered
[    0.217154] io scheduler bfq registered
[    0.219010] target-module@4b000000:target-module@140000:pmu@0:fck: device ID is greater than 24
[    0.232037] ledtrig-cpu: registered to indicate activity on CPUs
[    0.235809] Serial: 8250/16550 driver, 6 ports, IRQ sharing enabled
[    0.277624] brd: module loaded
[    0.305566] loop: module loaded
[    0.306501] mtdoops: mtd device (mtddev=name/number) must be supplied
[    0.309510] i2c_dev: i2c /dev entries driver
[    0.310526] cpuidle: enable-method property 'ti,am3352' found operations
[    0.310974] sdhci: Secure Digital Host Controller Interface driver
[    0.310983] sdhci: Copyright(c) Pierre Ossman
[    0.311175] sdhci-pltfm: SDHCI platform and OF driver helper
[    0.312878] hw perfevents: enabled with armv7_cortex_a8 PMU driver, 5 (8000000f) counters available
[    0.313404] Initializing XFRM netlink socket
[    0.313572] NET: Registered PF_INET6 protocol family
[    0.315541] Segment Routing with IPv6
[    0.315625] In-situ OAM (IOAM) with IPv6
[    0.315721] sit: IPv6, IPv4 and MPLS over IPv4 tunneling driver
[    0.316697] NET: Registered PF_PACKET protocol family
[    0.316726] NET: Registered PF_KEY protocol family
[    0.316849] Key type dns_resolver registered
[    0.317078] ThumbEE CPU extension supported.
[    0.317101] Registering SWP/SWPB emulation handler
[    0.317627] omap_voltage_late_init: Voltage driver support not added
[    0.318279] SmartReflex Class3 initialized
[    0.352232] Loading compiled-in X.509 certificates
[    0.394818] /ocp/interconnect@44c00000/segment@200000/target-module@b000/i2c@0/tda19988@70: Fixed dependency cycle(s) with /ocp/interconnect@48000000/segment@300000/target-module@e000/lcdc@0
[    0.401217] /ocp/interconnect@44c00000/segment@200000/target-module@b000/i2c@0/tda19988@70: Fixed dependency cycle(s) with /ocp/interconnect@48000000/segment@300000/target-module@e000/lcdc@0
[    0.428629] /ocp/interconnect@44c00000/segment@200000/target-module@b000/i2c@0/tda19988@70: Fixed dependency cycle(s) with /ocp/interconnect@48000000/segment@300000/target-module@e000/lcdc@0
[    0.429519] /ocp/interconnect@44c00000/segment@200000/target-module@b000/i2c@0/tda19988@70: Fixed dependency cycle(s) with /ocp/interconnect@48000000/segment@300000/target-module@e000/lcdc@0
[    0.43328 3] /ocp/interconnect@44c00000/segment@200000/target-module@10000/scm@0/pinmux@800: Fixed dependency cycle(s) with /ocp/interconnect@44c00000/segment@200000/target-module@10000/scm@0/pinmux@800/clkout2-pins
[    0.433881] pinctrl-single 44e10800.pinmux: 142 pins, size 568
[    0.439215] ti-sysc 44e31000.target-module: probe with driver ti-sysc failed with error -16
[    0.477968] /ocp/interconnect@48000000/segment@300000/target-module@e000/lcdc@0: Fixed dependency cycle(s) with /ocp/interconnect@44c0000 0/segment@200000/target-module@b000/i2c@0/tda19988@70
[    0.486348] ti-sysc 48040000.target-module: probe with driver ti-sysc failed with error -16
[    0.525401] OMAP GPIO hardware version 0.1
[    0.561107] omap_i2c 4819c000.i2c: bus 2 rev0.11 at 100 kHz
[    0.595202] 48000000.interconnect:segment@200000:target-module@0:mpu@0:fck: device ID is greater than 24
[    0.596121] /ocp/interconnect@48000000/segment@300000/target-module@e000/lcdc@0: Fixed dependency cycle(s) with /ocp/interconnect@44c00000/segment@200000/target-module@b000/i2c@0/tda19988@70
[    0.598944] /ocp/interconnect@48000000/segment@300000/target-module@e000/lcdc@0: Fixed dependency cycle(s) with /ocp/interconnect@44c00000/segment@200000/target-module@b000/i2c@0/tda19988@70
[    0.599640] /ocp/interconnect@44c00000/segment@200000/target-module@b000/i2c@0/tda19988@70: Fixed dependency cycle(s) with /ocp/interconnect@48000000/segment@300000/target-module@e000/lcdc@0
[    0.599809] /ocp/interconnect@48000000/segment@300000/target-module@e000/lcdc@0: Fixed dependency cycle(s) with /ocp/interconnect@44c00000/segment@200000/target-module@b000/i2c@0/tda19988@70
[    0.607549] sdhci-omap 481d8000.mmc: supply pbias not found, using dummy regulator
[    0.608041] sdhci-omap 481d8000.mmc: supply vqmmc not found, using dummy regulator
[    0.700447] davinci_mdio 4a101000.mdio: davinci mdio revision 1.6, bus freq 1000000
[    0.841079] davinci_mdio 4a101000.mdio: phy[0]: device 4a101000.mdio:00, driver SMSC LAN8710/LAN8720
[    0.841972] cpsw-.506818] omap_gpio 44e07000.gpio: Could not set line 6 debounce to 200000 microseconds (-22)
[    2.515696] sdhci-omap 48060000.mmc: Got CD GPIO
[    2.520703] sdhci-omap 48060000.mmc: supply pbias not found, using dummy regulator
[    2.530927] sdhci-omap 48060000.mmc: supply vqmmc not found, using dummy regulator
[    2.539827] sdhci-omap 481d8000.mmc: supply pbias not found, using dummy regulator
[    2.548502] sdhci-omap 481d8000.mmc: supply vqmmc not found, using dummy regulator
[    2.587138] mmc1: SDHCI controller on 481d8000.mmc [481d8000.mmc] using External DMA
[    2.596195] mmc0: SDHCI controller on 48060000.mmc [48060000.mmc] using External DMA
[    2.605116] cpsw-switch 4a100000.switch: starting ndev. mode: dual_mac
[    2.671803] mmc1: new high speed MMC card at address 0001
[    2.678618] mmcblk1: mmc1:0001 MMC04G 3.60 GiB
[    2.686492]  mmcblk1: p1 p2
[    2.690239] SMSC LAN8710/LAN8720 4a101000.mdio:00: attached PHY driver (mii_bus:phy_addr=4a101000.mdio:00, irq=POLL)
[    2.702829] mmcblk1boot0: mmc1:0001 MMC04G 2.00 MiB
[    2.716743] mmcblk1boot1: mmc1:0001 MMC04G 2.00 MiB
[    2.725420] mmcblk1rpmb: mmc1:0001 MMC04G 128 KiB, chardev (249:0)
[    2.774633] mmc0: new high speed SDHC card at address aaaa
[    2.781454] mmcblk0: mmc0:aaaa SE32G 29.7 GiB
[    2.790736]  mmcblk0: p1 p2
[    5.842288] cpsw-switch 4a100000.switch eth0: Link is Up - 100Mbps/Full - flow control off
[    5.871535] IP-Config: Complete:
[    5.874804]      device=eth0, hwaddr=6c:ec:eb:68:de:78, ipaddr=192.168.255.1, mask=255.255.255.0, gw=255.255.255.255
[    5.885453]      host=bbb1, domain=, nis-domain=(none)
[    5.890621]      bootserver=192.168.255.126, rootserver=192.168.255.126, rootpath=
[    5.891056] clk: Disabling unused clocks
[    5.902910] PM: genpd: Disabling unused power domains
[    5.908058] KTAP version 1
[    5.910781] 1..0
[    5.913522] check access for rdinit=/init failed: -2, ignoring
[    5.941956] VFS: Mounted root (nfs filesystem) on device 0:17.
[    5.948837] devtmpfs: mounted
[    5.953507] Freeing unused kernel image (initmem) memory: 1024K
[    5.960103] Run /sbin/init as init process
[    6.646831] systemd[1]: System time before build time, advancing clock.
[    8.191552] random: crng init done
[    8.224251] systemd[1]: systemd 232 running in system mode. (+PAM +AUDIT +SELINUX +IMA +APPARMOR +SMACK +SYSVINIT +UTMP +LIBCRYPTSETUP +GCRYPT +GNUTLS +ACL +XZ +LZ4 +SECCOMP +BLKID +ELFUTILS +KMOD +IDN)
[    8.243344] systemd[1]: Detected architecture arm.

Welcome to [1mDebian GNU/Linux 9 (stretch)[0m!

[    8.274867] systemd[1]: Set hostname to <arm>.
[    9.419591] systemd[1]: Set up automount Arbitrary Executable File Formats File System Automount Point.
[[0;32m  OK  [0m] Set up automount Arbitrary Executabâ€¦rmats File System Automount Point.
[    9.453087] systemd[1]: Created slice System Slice.
[[0;32m  OK  [0m] Created slice System Slice.
[    9.485574] systemd[1]: systemd-journald.socket: SO_PASSSEC failed: Operation not supported
[    9.494420] systemd[1]: systemd-journald.socket: SO_PASSSEC failed: Operation not supported
[    9.503197] systemd[1]: Listening on Journal Socket.
[[0;32m  OK  [0m] Listening on Journal Socket.
[    9.532843] systemd[1]: Listening on Journal Audit Socket.
[[0;32m  OK  [0m] Listening on Journal Audit Socket.
[    9.563548] systemd[1]: Listening on /dev/initctl Compatibility Named Pipe.
[[0;32m  OK  [0m] Listening on /dev/initctl Compatibility Named Pipe.
         Starting Create list of required stâ€¦ce nodes for the current kernel...
[[0;32m  OK  [0m] Created slice system-getty.slice.
[[0;32m  OK  [0m] Listening on udev Kernel Socket.
[[0;32m  OK  [0m] Reached target Remote File Systems.
[[0;32m  OK  [0m] Reached target Swap.
[[0;32m  OK  [0m] Started Dispatch Password Requests to Console Directory Watch.
[[0;32m  OK  [0m] Listening on Syslog Socket.
[[0;32m  OK  [0m] Started Forward Password Requests to Wall Directory Watch.
[[0;32m  OK  [0m] Listening on udev Control Socket.
[[0;32m  OK  [0m] Created slice User and Session Slice.
[[0;32m  OK  [0m] Reached target Slices.
         Starting Load Kernel Modules...
[[0;32m  OK  [0m] Reached target Paths.
         Mounting POSIX Message Queue File System...
[[0;32m  OK  [0m] Created slice system-serial\x2dgetty.slice.
[[0;32m  OK  [0m] Listening on Journal Socket (/dev/log).
         Starting Journal Service...
         Starting Remount Root and Kernel File Systems...
[[0;32m  OK  [0m] Reached target Encrypted Volumes.
         Mounting Debug File System...
[[0;32m  OK  [0m] Mounted POSIX Message Queue File System.
[[0;32m  OK  [0m] Started Create list of required staâ€¦vice nodes for the current kernel.
[[0;32m  OK  [0m] Started Load Kernel Modules.
[[0;32m  OK  [0m] Mounted Debug File System.
         Mounting Configuration File System...
         Starting Apply Kernel Variables...
         Starting Create Static Device Nodes in /dev...
[[0;32m  OK  [0m] Started Remount Root and Kernel File Systems.
         Starting udev Coldplug all Devices...
         Starting Load/Save Random Seed...
[[0;32m  OK  [0m] Mounted Configuration File System.
[[0;32m  OK  [0m] Started Apply Kernel Variables.
[[0;32m  OK  [0m] Started Load/Save Random Seed.
[[0;32m  OK  [0m] Started Create Static Device Nodes in /dev.
[[0;32m  OK  [0m] Reached target Local File Systems (Pre).
[[0;32m  OK  [0m] Reached target Local File Systems.
         Starting Raise network interfaces...
         Starting udev Kernel Device Manager...
[[0;32m  OK  [0m] Started Journal Service.
         Starting Flush Journal to Persistent Storage...
[   11.818706] systemd-journald[82]: Received request to flush runtime journal from PID 1
[[0;32m  OK  [0m] Started Flush Journal to Persistent Storage.
         Starting Create Volatile Files and Directories...
[[0;32m  OK  [0m] Started udev Kernel Device Manager.
[   12.643059] omap_prm 44e00d00.prm: sync_state() pending due to 44d00000.cpu
[[0;32m  OK  [0m] Started Create Volatile Files and Directories.
         Starting Network Time Synchronization...
         Starting Update UTMP about System Boot/Shutdown...
[[0;32m  OK  [0m] Started Update UTMP about System Boot/Shutdown.
[[0;32m  OK  [0m] Started udev Coldplug all Devices.
[[0;32m  OK  [0m] Started Network Time Synchronization.
[[0;32m  OK  [0m] Reached target System Initialization.
[   15.075214] remoteproc remoteproc0: wkup_m3 is available
[[0;32m  OK  [0m] Listening on D-Bus System Message Bus Socket.
[[0;32m  OK  [0m] Started Daily Cleanup of Temporary Directories.
[[0;32m  OK  [0m] Listening on Avahi mDNS/DNS-SD Stack Activation Socket.
[[0;32m  OK  [0m] Reached target Sockets.
[[0;32m  OK  [0m] Reached target Basic System.
[   15.335589] at24 2-0054: supply vcc not found, using dummy regulator
[   15.384248] am335x-phy-driver 47401300.usb-phy: dummy supplies not allowed for exclusive requests (id=vbus)
[   15.464400] omap_wdt: OMAP Watchdog Timer Rev 0x01: initial timeout 60 sec
[   15.492815] at24 2-0055: supply vcc not found, using dummy regulator
         Starting DUN service...
[   15.627975] am335x-phy-driver 47401b00.usb-phy: dummy supplies not allowed for exclusive requests (id=vbus)
         Starting Login Service...
[   15.672507] at24 2-0056: supply vcc not found, using dummy regulator
         Starting Avahi mDNS/DNS-SD Stack...
[   15.805931] at24 2-0057: supply vcc not found, using dummy regulator
         Starting Telephony service...
[   16.023251] at24 0-0050: 32768 byte 24c256 EEPROM, writable, 1 bytes/write
[[0;32m  OK  [0m] Started D-Bus System Message Bus.
[   16.372600] input: tps65217_pwrbutton as /devices/platform/ocp/44c00000.interconnect/44c00000.interconnect:segment@200000/44e0b000.target-module/44e0b000.i2c/i2c-0/0-0024/tps65217-pwrbutton/input/input0
[   16.592758] omap_rtc 44e3e000.rtc: registered as rtc0
[   16.597940] omap_rtc 44e3e000.rtc: setting system clock to 2000-01-01T00:00:00 UTC (946684800)
[   17.234649] usbcore: registered new interface driver usbfs
[   17.240300] usbcore: registered new interface driver hub
[   17.245996] usbcore: registered new device driver usb
[   17.980872] tda998x 0-0070: found TDA19988
[   18.077894] omap-mailbox 480c8000.mailbox: omap mailbox rev 0x400
[   18.142624] remoteproc remoteproc0: powering up wkup_m3
[   18.211202] musb-hdrc musb-hdrc.1: MUSB HDRC host driver
[   18.216874] musb-hdrc musb-hdrc.1: new USB bus registered, assigned bus number 1
[   18.245684] remoteproc remoteproc0: Direct firmware load for am335x-pm-firmware.elf failed with error -2
[   18.256072] remoteproc remoteproc0: request_firmware failed: -2
[   18.262187] wkup_m3_ipc 44e11324.wkup_m3_ipc: rproc_boot failed
[   18.458467] usb usb1: New USB device found, idVendor=1d6b, idProduct=0002, bcdDevice= 6.17
[   18.467036] usb usb1: New USB device strings: Mfr=3, Product=2, SerialNumber=1
[   18.474371] usb usb1: Product: MUSB HDRC host driver
[   18.479366] usb usb1: Manufacturer: Linux 6.17.0-rc7-next-20250925 musb-hcd
[   18.486534] usb usb1: SerialNumber: musb-hdrc.1
[   18.850642] hub 1-0:1.0: USB hub found
[   18.897351] hub 1-0:1.0: 1 port detected
[   20.391898] omap_rng 48310000.rng: Random Number Generator ver. 20
[   20.648353] tilcdc 4830e000.lcdc: bound 0-0070 (ops tda998x_audio_codec_init [tda998x])
[   20.753312] [drm] Initialized tilcdc 1.0.0 for 4830e000.lcdc on minor 0
[[0;32m  OK  [0m] Started Avahi mDNS/DNS-SD Stack.
[   20.807872] ------------[ cut here ]------------
[   20.813314] WARNING: net/8021q/vlan_core.c:236 at vlan_for_each+0x114/0x134, CPU#0: avahi-daemon/178
[   20.822572] RTNL: assertion failed at net/8021q/vlan_core.c (236)
[   20.828697] Modules linked in: tilcdc(+) drm_dma_helper omap_rng drm_client_lib rng_core snd_soc_davinci_mcasp snd_soc_ti_udma snd_soc_ti_edma snd_soc_ti_sdma snd_soc_core snd_pcm_dmaengine snd_pcm snd_timer musb_dsps snd omap_mailbox musb_hdrc tda998x soundcore cec udc_core drm_kms_helper usbcore drm rtc_omap wkup_m3_ipc tps65218_pwrbutton drm_panel_orientation_quirks omap_wdt phy_am335x at24 watchdog phy_am335x_control phy_generic usb_common wkup_m3_rproc cppi41 leds_gpio cpufreq_dt led_class autofs4
[   20.873736] CPU: 0 UID: 107 PID: 178 Comm: avahi-daemon Not tainted 6.17.0-rc7-next-20250925 #1 NONE 
[   20.873756] Hardware name: Generic AM33XX (Flattened Device Tree)
[   20.873765] Call trace: 
[   20.873781]  unwind_backtrace from show_stack+0x10/0x14
[   20.873817]  show_stack from dump_stack_lvl+0x50/0x64
[   20.873842]  dump_stack_lvl from __warn+0x88/0x148
[   20.873861]  __warn from warn_slowpath_fmt+0x19c/0x1b0
[   20.873874]  warn_slowpath_fmt from vlan_for_each+0x114/0x134
[   20.873894]  vlan_for_each from cpsw_add_mc_addr+0x40/0xa4
[   20.873917]  cpsw_add_mc_addr from __hw_addr_ref_sync_dev+0x108/0x140
[   20.873945]  __hw_addr_ref_sync_dev from __dev_mc_add+0x7c/0x80
[   20.873967]  __dev_mc_add from igmp6_group_added+0xc8/0xe0
[   20.873993]  igmp6_group_added from __ipv6_dev_mc_inc+0x218/0x364
[   20.874011]  __ipv6_dev_mc_inc from __ipv6_sock_mc_join+0x11c/0x1c0
[   20.874027]  __ipv6_sock_mc_join from do_ipv6_setsockopt+0x1214/0x1310
[   20.874056]  do_ipv6_setsockopt from ipv6_setsockopt+0x60/0xcc
[   20.874076]  ipv6_setsockopt from udpv6_setsockopt+0x2c/0x6c
[   20.874100]  udpv6_setsockopt from sock_common_setsockopt+0x30/0x40
[   20.874133]  sock_common_setsockopt from do_sock_setsockopt+0x50/0x9c
[   20.874153]  do_sock_setsockopt from __sys_setsockopt+0x70/0xbc
[   20.874171]  __sys_setsockopt from ret_fast_syscall+0x0/0x58
[   20.874188] Exception stack(0xe011dfa8 to 0xe011dff0)
[   20.874202] dfa0:                   00000014 b6f3cce8 0000000d 00000029 00000014 bec829ec
[   20.874213] dfc0: 00000014 b6f3cce8 00000014 00000126 0000000d b6ee5ff4 004ae988 00496558
[   20.874221] dfe0: b6efb088 bec829d8 b6ed8309 b6daf41a
[   20.874229] ---[ end trace 0000000000000000 ]---
[[0;32m  OK  [0m] Started DUN service.[   21.082767] tilcdc 4830e000.lcdc: [drm] Cannot find any crtc or sizes

[   21.094141] tilcdc 4830e000.lcdc: [drm] Cannot find any crtc or sizes
[[0;32m  OK  [0m] Started Telephony service.
         Starting Connection service...
         Starting LSB: Start busybox udhcpd at boot time...
[[0;32m  OK  [0m] Started Regular background program processing daemon.
         Starting System Logging Service...
         Starting Generic Board Startup...
         Starting LSB: Load kernel modules needed to enable cpufreq scaling...
         Starting Cape Manager Service...
[[0;32m  OK  [0m] Reached target System Time Synchronized.
[[0;32m  OK  [0m] Started Daily apt download activities.
[[0;32m  OK  [0m] Started Daily apt upgrade and clean activities.
[[0;32m  OK  [0m] Reached target Timers.
[   22.820235] omap-sham 53100000.sham: hw accel on OMAP rev 4.3
[   22.908249] PM: Cannot get wkup_m3_ipc handle
[   22.956931] omap-sham 53100000.sham: will run requests pump with realtime priority
[   22.965842] PM: Cannot get wkup_m3_ipc handle
[   23.151709] omap-aes 53500000.aes: OMAP AES hw accel rev: 3.2
[[0;32m  OK  [0m] Found device /dev/ttyS0.
[   23.286254] omap-aes 53500000.aes: will run requests pump with realtime priority
[   23.295210] PM: Cannot get wkup_m3_ipc handle
[   23.544619] Bluetooth: Core ver 2.22
[   23.548444] NET: Registered PF_BLUETOOTH protocol family
[   23.554040] Bluetooth: HCI device and connection manager initialized
[   23.560461] Bluetooth: HCI socket layer initialized
[   23.565593] Bluetooth: L2CAP socket layer initialized
[   23.570718] Bluetooth: SCO socket layer initialized
[[0;32m  OK  [0m] Started System Logging Service.
[[0;32m  OK  [0m] Started Cape Manager Service.
[   26.678585] gpio-537 (nxp,calib): gpiod_direction_output_nonotify: tried to set a GPIO tied to an IRQ as output
[   26.720123] PM: Cannot get wkup_m3_ipc handle
[   26.831248] PM: Cannot get wkup_m3_ipc handle
[   26.989880] tda9950 0-0034: TDA9950 CEC interface, hardware version 3.3
[   27.073551] PM: Cannot get wkup_m3_ipc handle
[[0;32m  OK  [0m] Started LSB: Start busybox udhcpd at boot time.
[[0;32m  OK  [0m] Started Raise network interfaces.
[[0;32m  OK  [0m] Started LSB: Load kernel modules needed to enable cpufreq scaling.
[   30.022194] configfs-gadget.g_multi gadget.0: HOST MAC 1c:ba:8c:a2:ed:6c
[   30.028975] configfs-gadget.g_multi gadget.0: MAC 1c:ba:8c:a2:ed:70
[   30.036348] configfs-gadget.g_multi gadget.0: HOST MAC 1c:ba:8c:a2:ed:6c
[   30.043224] configfs-gadget.g_multi gadget.0: MAC 1c:ba:8c:a2:ed:6d
[   30.054094] PM: Cannot get wkup_m3_ipc handle
[[0;32m  OK  [0m] Started Connection service.
[[0;32m  OK  [0m] Started Login Service.
         Starting Hostname Service...
         Starting WPA supplicant...
[[0;32m  OK  [0m] Reached target Sound Card.
         Starting LSB: set CPUFreq kernel parameters...
[[0;32m  OK  [0m] Started WPA supplicant.
[[0;32m  OK  [0m] Started Hostname Service.
[[0;32m  OK  [0m] Reached target Network.
         Starting Permit User Sessions...
         Starting OpenBSD Secure Shell server...
         Starting The Apache HTTP Server...
[[0;32m  OK  [0m] Reached target Network is Online.
         Starting LSB: Advanced IEEE 802.11 management daemon...
[[0;32m  OK  [0m] Started LSB: set CPUFreq kernel parameters.
[[0;32m  OK  [0m] Started Permit User Sessions.
[[0;32m  OK  [0m] Started Serial Getty on ttyS0.
[[0;32m  OK  [0m] Started Getty on tty1.
[[0;32m  OK  [0m] Reached target Login Prompts.
[[0;32m  OK  [0m] Started LSB: Advanced IEEE 802.11 management daemon.
         Stopping LSB: Start busybox udhcpd at boot time...
[[0;32m  OK  [0m] Started OpenBSD Secure Shell server.
[[0;32m  OK  [0m] Stopped LSB: Start busybox udhcpd at boot time.
         Starting dnsmasq - A lightweight DHCP and caching DNS server...
[[0;32m  OK  [0m] Started The Apache HTTP Server.
[[0;32m  OK  [0m] Started dnsmasq - A lightweight DHCP and caching DNS server.
[[0;32m  OK  [0m] Reached target Host and Network Name Lookups.
[[0;32m  OK  [0m] Started Serial Getty on ttyGS0.
[[0;32m  OK  [0m] Started Generic Board Startup.
[[0;32m  OK  [0m] Reached target Multi-User System.
[[0;32m  OK  [0m] Reached target Graphical Interface.
         Starting Update UTMP about System Runlevel Changes...
[[0;32m  OK  [0m] Started Update UTMP about System Runlevel Changes.

Debian GNU/Linux 9 arm ttyS0

default username:password is [debian:temppwd]

arm login: root
Password: 
Last login: Sat Jan  1 00:00:31 UTC 2000 on ttyS0
root
Linux arm 6.17.0-rc7-next-20250925 #1 SMP Thu Sep 25 20:08:21 EEST 2025 armv7l

The programs included with the Debian GNU/Linux system are free software;
the exact distribution terms for each program are described in the
individual files in /usr/share/doc/*/copyright.

Debian GNU/Linux comes with ABSOLUTELY NO WARRANTY, to the extent
permitted by applicable law.
root@arm:~# root
dmesg -n 1
-bash: root: command not found
root@arm:~# dmesg -n 1
root@arm:~# echo 'NHNZ''TJFOYT'
NHNZTJFOYT
root@arm:~# run() { echo -n "$MARKER"; sh -c "$@"; echo "$MARKER $?"; }
root@arm:~# echo 'PMGB''KTLUQE'
PMGBKTLUQE
root@arm:~# MARKER='AGTO''VQJUPG' run 'cat /proc/version'
AGTOVQJUPGLinux version 6.17.0-rc7-next-20250925 (user01@drvtest01) (arm-none-eabi-gcc (Arm GNU Toolchain 14.2.Rel1 (Build arm-14.52)) 14.2.1 20241119, GNU ld (Arm GNU Toolchain 14.2.Rel1 (Build arm-14.52)) 2.43.1.20241119) #1 SMP Thu Sep 25 20:08:21 EEST 2025
AGTOVQJUPG 0
root@arm:~# echo 'GEZT''HEOSGT'
GEZTHEOSGT
root@arm:~# MARKER='NXCE''FGBAWT' run false
NXCEFGBAWTNXCEFGBAWT 1
root@arm:~# Labgrid Console Logfile for main
Logfile started at 2025-09-25 20:11:04.750381
=== Log starts here ===

root@arm:~# run() { echo -n "$MARKER"; sh -c "$@"; echo "$MARKER $?"; }
root@arm:~# echo 'AQBB''UXTJVX'
AQBBUXTJVX
root@arm:~# MARKER='QOMW''LMVZCZ' run 'ls /iio_generic_buffer; echo $?'
QOMWLMVZCZ/iio_generic_buffer
0
QOMWLMVZCZ 0
root@arm:~# Labgrid Console Logfile for main
Logfile started at 2025-09-25 20:11:08.357472
=== Log starts here ===

root@arm:~# run() { echo -n "$MARKER"; sh -c "$@"; echo "$MARKER $?"; }
root@arm:~# echo 'BWKL''WBNNMT'
BWKLWBNNMT
root@arm:~# MARKER='UWGK''GSAXKU' run dmesg
UWGKGSAXKU[    0.000000] Booting Linux on physical CPU 0x0
[    0.000000] Linux version 6.17.0-rc7-next-20250925 (user01@drvtest01) (arm-none-eabi-gcc (Arm GNU Toolchain 14.2.Rel1 (Build arm-14.52)) 14.2.1 20241119, GNU ld (Arm GNU Toolchain 14.2.Rel1 (Build arm-14.52)) 2.43.1.20241119) #1 SMP Thu Sep 25 20:08:21 EEST 2025
[    0.000000] CPU: ARMv7 Processor [413fc082] revision 2 (ARMv7), cr=10c5387d
[    0.000000] CPU: PIPT / VIPT nonaliasing data cache, VIPT aliasing instruction cache
[    0.000000] OF: fdt: Machine model: TI AM335x BeagleBone Black
[    0.000000] Memory policy: Data cache writeback
[    0.000000] cma: Reserved 16 MiB at 0x9e800000
[    0.000000] Zone ranges:
[    0.000000]   Normal   [mem 0x0000000080000000-0x000000009fdfffff]
[    0.000000]   HighMem  empty
[    0.000000] Movable zone start for each node
[    0.000000] Early memory node ranges
[    0.000000]   node   0: [mem 0x0000000080000000-0x000000009fdfffff]
[    0.000000] Initmem setup node 0 [mem 0x0000000080000000-0x000000009fdfffff]
[    0.000000] On node 0, zone Normal: 512 pages in unavailable ranges
[    0.000000] OF: reserved mem: Reserved memory: No reserved-memory node in the DT
[    0.000000] CPU: All CPU(s) started in SVC mode.
[    0.000000] AM335X ES2.1 (sgx neon)
[    0.000000] percpu: Embedded 17 pages/cpu s39884 r8192 d21556 u69632
[    0.000000] pcpu-alloc: s39884 r8192 d21556 u69632 alloc=17*4096
[    0.000000] pcpu-alloc: [0] 0 
[    0.000000] Kernel command line: console=ttyO0,115200n8 root=/dev/nfs rw nfsroot=192.168.255.126:/home/user01/nfs,nfsvers=3 ip=192.168.255.1:192.168.255.126::255.255.255.0:bbb1:eth0 nfsrootdebug
[    0.000000] Unknown kernel command line parameters "nfsrootdebug", will be passed to user space.
[    0.000000] printk: log buffer data + meta data: 65536 + 204800 = 270336 bytes
[    0.000000] Dentry cache hash table entries: 65536 (order: 6, 262144 bytes, linear)
[    0.000000] Inode-cache hash table entries: 32768 (order: 5, 131072 bytes, linear)
[    0.000000] Built 1 zonelists, mobility grouping on.  Total pages: 130560
[    0.000000] mem auto-init: stack:off, heap alloc:off, heap free:off
[    0.000000] SLUB: HWalign=16, Order=0-3, MinObjects=0, CPUs=1, Nodes=1
[    0.000000] rcu: Hierarchical RCU implementation.
[    0.000000] rcu: 	RCU event tracing is enabled.
[    0.000000] rcu: 	RCU restricting CPUs from NR_CPUS=2 to nr_cpu_ids=1.
[    0.000000] 	Tracing variant of Tasks RCU enabled.
[    0.000000] rcu: RCU calculated value of scheduler-enlistment delay is 10 jiffies.
[    0.000000] rcu: Adjusting geometry for rcu_fanout_leaf=16, nr_cpu_ids=1
[    0.000000] RCU Tasks Trace: Setting shift to 0 and lim to 1 rcu_task_cb_adjust=1 rcu_task_cpu_ids=1.
[    0.000000] NR_IRQS: 16, nr_irqs: 16, preallocated irqs: 16
[    0.000000] IRQ: Found an INTC at 0x(ptrval) (revision 5.0) with 128 interrupts
[    0.000000] rcu: srcu_init: Setting srcu_struct sizes based on contention.
[    0.000000] TI gptimer clocksource: always-on /ocp/interconnect@44c00000/segment@200000/target-module@31000
[    0.000003] sched_clock: 32 bits at 24MHz, resolution 41ns, wraps every 89478484971ns
[    0.000026] clocksource: dmtimer: mask: 0xffffffff max_cycles: 0xffffffff, max_idle_ns: 79635851949 ns
[    0.000494] TI gptimer clockevent: 24000000 Hz at /ocp/interconnect@48000000/segment@0/target-module@40000
[    0.002051] Console: colour dummy device 80x30
[    0.002115] WARNING: Your 'console=ttyO0' has been replaced by 'ttyS0'
[    0.002123] This ensures that you still see kernel messages. Please
[    0.002127] update your kernel commandline.
[    0.002166] Calibrating delay loop... 996.14 BogoMIPS (lpj=4980736)
[    0.090605] CPU: Testing write buffer coherency: ok
[    0.090688] CPU0: Spectre v2: using BPIALL workaround
[    0.090698] pid_max: default: 32768 minimum: 301
[    0.090881] LSM: initializing lsm=capability
[    0.091047] Mount-cache hash table entries: 1024 (order: 0, 4096 bytes, linear)
[    0.091066] Mountpoint-cache hash table entries: 1024 (order: 0, 4096 bytes, linear)
[    0.092652] CPU0: thread -1, cpu 0, socket -1, mpidr 0
[    0.092711] cacheinfo: Unable to detect cache hierarchy for CPU 0
[    0.094709] Setting up static identity map for 0x80100000 - 0x80100078
[    0.095013] rcu: Hierarchical SRCU implementation.
[    0.095024] rcu: 	Max phase no-delay instances is 1000.
[    0.096702] smp: Bringing up secondary CPUs ...
[    0.096756] smp: Brought up 1 node, 1 CPU
[    0.096768] SMP: Total of 1 processors activated (996.14 BogoMIPS).
[    0.096779] CPU: All CPU(s) started in SVC mode.
[    0.096976] Memory: 480868K/522240K available (11264K kernel code, 1226K rwdata, 2948K rodata, 1024K init, 256K bss, 23336K reserved, 16384K cma-reserved, 0K highmem)
[    0.097804] devtmpfs: initialized
[    0.115278] VFP support v0.3: implementor 41 architecture 3 part 30 variant c rev 3
[    0.115926] clocksource: jiffies: mask: 0xffffffff max_cycles: 0xffffffff, max_idle_ns: 19112604462750000 ns
[    0.115984] posixtimers hash table entries: 512 (order: 0, 4096 bytes, linear)
[    0.116010] futex hash table entries: 256 (16384 bytes on 1 NUMA nodes, total 16 KiB, linear).
[    0.117142] pinctrl core: initialized pinctrl subsystem
[    0.119238] NET: Registered PF_NETLINK/PF_ROUTE protocol family
[    0.122294] DMA: preallocated 256 KiB pool for atomic coherent allocations
[    0.122898] audit: initializing netlink subsys (disabled)
[    0.124246] thermal_sys: Registered thermal governor 'fair_share'
[    0.124260] thermal_sys: Registered thermal governor 'step_wise'
[    0.124270] thermal_sys: Registered thermal governor 'user_space'
[    0.124379] audit: type=2000 audit(0.120:1): state=initialized audit_enabled=0 res=1
[    0.124448] cpuidle: using governor menu
[    0.142391] /ocp/interconnect@44c00000/segment@200000/target-module@b000/i2c@0/tda19988@70: Fixed dependency cycle(s) with /ocp/interconnect@48000000/segment@300000/target-module@e000/lcdc@0
[    0.143505] /ocp/interconnect@48000000/segment@300000/target-module@e000/lcdc@0: Fixed dependency cycle(s) with /ocp/interconnect@44c00000/segment@200000/target-module@b000/i2c@0/tda19988@70
[    0.145719] No ATAGs?
[    0.145755] hw-breakpoint: debug architecture 0x4 unsupported.
[    0.148856] kprobes: kprobe jump-optimization is enabled. All kprobes are optimized if possible.
[    0.153868] iommu: Default domain type: Translated
[    0.153891] iommu: DMA domain TLB invalidation policy: strict mode
[    0.155449] reg-fixed-voltage fixedregulator0: using DT '/fixedregulator0' for '(default)' GPIO lookup
[    0.155502] of_get_named_gpiod_flags: can't parse 'gpios' property of node '/fixedregulator0[0]'
[    0.155529] of_get_named_gpiod_flags: can't parse 'gpio' property of node '/fixedregulator0[0]'
[    0.155548] reg-fixed-voltage fixedregulator0: using lookup tables for GPIO lookup
[    0.155558] reg-fixed-voltage fixedregulator0: No GPIO consumer (default) found
[    0.161768] SCSI subsystem initialized
[    0.162237] libata version 3.00 loaded.
[    0.162624] pps_core: LinuxPPS API ver. 1 registered
[    0.162633] pps_core: Software ver. 5.3.6 - Copyright 2005-2007 Rodolfo Giometti <giometti@linux.it>
[    0.162656] PTP clock support registered
[    0.171149] vgaarb: loaded
[    0.171529] clocksource: Switched to clocksource dmtimer
[    0.172215] VFS: Disk quotas dquot_6.6.0
[    0.172276] VFS: Dquot-cache hash table entries: 1024 (order 0, 4096 bytes)
[    0.197568] NET: Registered PF_INET protocol family
[    0.197910] IP idents hash table entries: 8192 (order: 4, 65536 bytes, linear)
[    0.199328] tcp_listen_portaddr_hash hash table entries: 512 (order: 0, 4096 bytes, linear)
[    0.199365] Table-perturb hash table entries: 65536 (order: 6, 262144 bytes, linear)
[    0.199382] TCP established hash table entries: 4096 (order: 2, 16384 bytes, linear)
[    0.199428] TCP bind hash table entries: 4096 (order: 4, 65536 bytes, linear)
[    0.199528] TCP: Hash tables configured (established 4096 bind 4096)
[    0.199648] UDP hash table entries: 256 (order: 1, 14336 bytes, linear)
[    0.199681] UDP-Lite hash table entries: 256 (order: 1, 14336 bytes, linear)
[    0.199895] NET: Registered PF_UNIX/PF_LOCAL protocol family
[    0.212143] RPC: Registered named UNIX socket transport module.
[    0.212166] RPC: Registered udp transport module.
[    0.212171] RPC: Registered tcp transport module.
[    0.212176] RPC: Registered tcp-with-tls transport module.
[    0.212181] RPC: Registered tcp NFSv4.1 backchannel transport module.
[    0.212203] PCI: CLS 0 bytes, default 64
[    0.213628] Initialise system trusted keyrings
[    0.214437] workingset: timestamp_bits=14 max_order=17 bucket_order=3
[    0.216265] NFS: Registering the id_resolver key type
[    0.216361] Key type id_resolver registered
[    0.216369] Key type id_legacy registered
[    0.216487] jffs2: version 2.2. (NAND) (SUMMARY)  Â© 2001-2006 Red Hat, Inc.
[    0.216962] Key type asymmetric registered
[    0.216978] Asymmetric key parser 'x509' registered
[    0.217058] io scheduler mq-deadline registered
[    0.217069] io scheduler kyber registered
[    0.217154] io scheduler bfq registered
[    0.219010] target-module@4b000000:target-module@140000:pmu@0:fck: device ID is greater than 24
[    0.232037] ledtrig-cpu: registered to indicate activity on CPUs
[    0.235809] Serial: 8250/16550 driver, 6 ports, IRQ sharing enabled
[    0.277624] brd: module loaded
[    0.305566] loop: module loaded
[    0.306501] mtdoops: mtd device (mtddev=name/number) must be supplied
[    0.308050] mdio_bus fixed-0: using lookup tables for GPIO lookup
[    0.308072] mdio_bus fixed-0: No GPIO consumer reset found
[    0.309510] i2c_dev: i2c /dev entries driver
[    0.310526] cpuidle: enable-method property 'ti,am3352' found operations
[    0.310974] sdhci: Secure Digital Host Controller Interface driver
[    0.310983] sdhci: Copyright(c) Pierre Ossman
[    0.311175] sdhci-pltfm: SDHCI platform and OF driver helper
[    0.312878] hw perfevents: enabled with armv7_cortex_a8 PMU driver, 5 (8000000f) counters available
[    0.313404] Initializing XFRM netlink socket
[    0.313572] NET: Registered PF_INET6 protocol family
[    0.315541] Segment Routing with IPv6
[    0.315625] In-situ OAM (IOAM) with IPv6
[    0.315721] sit: IPv6, IPv4 and MPLS over IPv4 tunneling driver
[    0.316697] NET: Registered PF_PACKET protocol family
[    0.316726] NET: Registered PF_KEY protocol family
[    0.316849] Key type dns_resolver registered
[    0.317078] ThumbEE CPU extension supported.
[    0.317101] Registering SWP/SWPB emulation handler
[    0.317627] omap_voltage_late_init: Voltage driver support not added
[    0.318279] SmartReflex Class3 initialized
[    0.352232] Loading compiled-in X.509 certificates
[    0.394818] /ocp/interconnect@44c00000/segment@200000/target-module@b000/i2c@0/tda19988@70: Fixed dependency cycle(s) with /ocp/interconnect@48000000/segment@300000/target-module@e000/lcdc@0
[    0.401217] /ocp/interconnect@44c00000/segment@200000/target-module@b000/i2c@0/tda19988@70: Fixed dependency cycle(s) with /ocp/interconnect@48000000/segment@300000/target-module@e000/lcdc@0
[    0.406909] gpiochip_find_base_unlocked: found new base at 512
[    0.428629] /ocp/interconnect@44c00000/segment@200000/target-module@b000/i2c@0/tda19988@70: Fixed dependency cycle(s) with /ocp/interconnect@48000000/segment@300000/target-module@e000/lcdc@0
[    0.429519] /ocp/interconnect@44c00000/segment@200000/target-module@b000/i2c@0/tda19988@70: Fixed dependency cycle(s) with /ocp/interconnect@48000000/segment@300000/target-module@e000/lcdc@0
[    0.433283] /ocp/interconnect@44c00000/segment@200000/target-module@10000/scm@0/pinmux@800: Fixed dependency cycle(s) with /ocp/interconnect@44c00000/segment@200000/target-module@10000/scm@0/pinmux@800/clkout2-pins
[    0.433881] pinctrl-single 44e10800.pinmux: 142 pins, size 568
[    0.439215] ti-sysc 44e31000.target-module: probe with driver ti-sysc failed with error -16
[    0.477968] /ocp/interconnect@48000000/segment@300000/target-module@e000/lcdc@0: Fixed dependency cycle(s) with /ocp/interconnect@44c00000/segment@200000/target-module@b000/i2c@0/tda19988@70
[    0.486348] ti-sysc 48040000.target-module: probe with driver ti-sysc failed with error -16
[    0.497974] gpiochip_find_base_unlocked: found new base at 512
[    0.498073] gpio gpiochip0: (gpio-0-31): created GPIO range 0->7 ==> 44e10800.pinmux PIN 0->7
[    0.498094] gpio gpiochip0: (gpio-0-31): created GPIO range 8->11 ==> 44e10800.pinmux PIN 90->93
[    0.498110] gpio gpiochip0: (gpio-0-31): created GPIO range 12->27 ==> 44e10800.pinmux PIN 12->27
[    0.498125] gpio gpiochip0: (gpio-0-31): created GPIO range 28->31 ==> 44e10800.pinmux PIN 30->33
[    0.525065] gpio gpiochip0: (gpio-0-31): added GPIO chardev (254:0)
[    0.525314] gpio gpiochip0: registered GPIOs 512 to 543 on gpio-0-31
[    0.525401] OMAP GPIO hardware version 0.1
[    0.560066] i2c i2c-2: using DT '/ocp/interconnect@48000000/segment@100000/target-module@9c000/i2c@0' for 'scl' GPIO lookup
[    0.560139] of_get_named_gpiod_flags: can't parse 'scl-gpios' property of node '/ocp/interconnect@48000000/segment@100000/target-module@9c000/i2c@0[0]'
[    0.560181] of_get_named_gpiod_flags: can't parse 'scl-gpio' property of node '/ocp/interconnect@48000000/segment@100000/target-module@9c000/i2c@0[0]'
[    0.560217] i2c i2c-2: using lookup tables for GPIO lookup
[    0.560227] i2c i2c-2: No GPIO consumer scl found
[    0.560249] i2c i2c-2: using DT '/ocp/interconnect@48000000/segment@100000/target-module@9c000/i2c@0' for 'sda' GPIO lookup
[    0.560283] of_get_named_gpiod_flags: can't parse 'sda-gpios' property of node '/ocp/interconnect@48000000/segment@100000/target-module@9c000/i2c@0[0]'
[    0.560320] of_get_named_gpiod_flags: can't parse 'sda-gpio' property of node '/ocp/interconnect@48000000/segment@100000/target-module@9c000/i2c@0[0]'
[    0.560350] i2c i2c-2: using lookup tables for GPIO lookup
[    0.560358] i2c i2c-2: No GPIO consumer sda found
[    0.561107] omap_i2c 4819c000.i2c: bus 2 rev0.11 at 100 kHz
[    0.566917] gpiochip_find_base_unlocked: found new base at 544
[    0.567027] gpio gpiochip1: (gpio-32-63): created GPIO range 0->17 ==> 44e10800.pinmux PIN 34->51
[    0.567047] gpio gpiochip1: (gpio-32-63): created GPIO range 18->21 ==> 44e10800.pinmux PIN 77->80
[    0.567063] gpio gpiochip1: (gpio-32-63): created GPIO range 22->31 ==> 44e10800.pinmux PIN 56->65
[    0.585769] gpio gpiochip1: (gpio-32-63): added GPIO chardev (254:1)
[    0.585993] gpio gpiochip1: registered GPIOs 544 to 575 on gpio-32-63
[    0.588309] gpiochip_find_base_unlocked: found new base at 576
[    0.588397] gpio gpiochip2: (gpio-64-95): created GPIO range 0->4 ==> 44e10800.pinmux PIN 66->70
[    0.588417] gpio gpiochip2: (gpio-64-95): created GPIO range 5->6 ==> 44e10800.pinmux PIN 98->99
[    0.588433] gpio gpiochip2: (gpio-64-95): created GPIO range 7->8 ==> 44e10800.pinmux PIN 75->76
[    0.588448] gpio gpiochip2: (gpio-64-95): created GPIO range 13->13 ==> 44e10800.pinmux PIN 141->141
[    0.588464] gpio gpiochip2: (gpio-64-95): created GPIO range 14->21 ==> 44e10800.pinmux PIN 100->107
[    0.589113] gpio gpiochip2: (gpio-64-95): added GPIO chardev (254:2)
[    0.589309] gpio gpiochip2: registered GPIOs 576 to 607 on gpio-64-95
[    0.595202] 48000000.interconnect:segment@200000:target-module@0:mpu@0:fck: device ID is greater than 24
[    0.596121] /ocp/interconnect@48000000/segment@300000/target-module@e000/lcdc@0: Fixed dependency cycle(s) with /ocp/interconnect@44c00000/segment@200000/target-module@b000/i2c@0/tda19988@70
[    0.598944] /ocp/interconnect@48000000/segment@300000/target-module@e000/lcdc@0: Fixed dependency cycle(s) with /ocp/interconnect@44c00000/segment@200000/target-module@b000/i2c@0/tda19988@70
[    0.599640] /ocp/interconnect@44c00000/segment@200000/target-module@b000/i2c@0/tda19988@70: Fixed dependency cycle(s) with /ocp/interconnect@48000000/segment@300000/target-module@e000/lcdc@0
[    0.599809] /ocp/interconnect@48000000/segment@300000/target-module@e000/lcdc@0: Fixed dependency cycle(s) with /ocp/interconnect@44c00000/segment@200000/target-module@b000/i2c@0/tda19988@70
[    0.607188] sdhci-omap 481d8000.mmc: using DT '/ocp/interconnect@48000000/segment@100000/target-module@d8000/mmc@0' for 'wp' GPIO lookup
[    0.607259] of_get_named_gpiod_flags: can't parse 'wp-gpios' property of node '/ocp/interconnect@48000000/segment@100000/target-module@d8000/mmc@0[0]'
[    0.607302] of_get_named_gpiod_flags: can't parse 'wp-gpio' property of node '/ocp/interconnect@48000000/segment@100000/target-module@d8000/mmc@0[0]'
[    0.607338] sdhci-omap 481d8000.mmc: using lookup tables for GPIO lookup
[    0.607349] sdhci-omap 481d8000.mmc: No GPIO consumer wp found
[    0.607549] sdhci-omap 481d8000.mmc: supply pbias not found, using dummy regulator
[    0.608041] sdhci-omap 481d8000.mmc: supply vqmmc not found, using dummy regulator
[    0.639075] mdio_bus 4a101000.mdio: using DT '/ocp/interconnect@4a000000/segment@0/target-module@100000/switch@0/mdio@1000' for 'reset' GPIO lookup
[    0.639147] of_get_named_gpiod_flags: can't parse 'reset-gpios' property of node '/ocp/interconnect@4a000000/segment@0/target-module@100000/switch@0/mdio@1000[0]'
[    0.639193] of_get_named_gpiod_flags: can't parse 'reset-gpio' property of node '/ocp/interconnect@4a000000/segment@0/target-module@100000/switch@0/mdio@1000[0]'
[    0.639240] mdio_bus 4a101000.mdio: using lookup tables for GPIO lookup
[    0.639250] mdio_bus 4a101000.mdio: No GPIO consumer reset found
[    0.700447] davinci_mdio 4a101000.mdio: davinci mdio revision 1.6, bus freq 1000000
[    0.715392] mdio_bus 4a101000.mdio:00: using DT '/ocp/interconnect@4a000000/segment@0/target-module@100000/switch@0/mdio@1000/ethernet-phy@0' for 'reset' GPIO lookup
[    0.715490] of_get_named_gpiod_flags: parsed 'reset-gpios' property of node '/ocp/interconnect@4a000000/segment@0/target-module@100000/switch@0/mdio@1000/ethernet-phy@0[0]' - status (0)
[    0.715654] gpio gpiochip0: Persistence not supported for GPIO 8
[    0.841079] davinci_mdio 4a101000.mdio: phy[0]: device 4a101000.mdio:00, driver SMSC LAN8710/LAN8720
[    0.841972] cpsw-switch 4a100000.switch: initialized cpsw ale version 1.4
[    0.841994] cpsw-switch 4a100000.switch: ALE Table size 1024, Policers 0
[    0.855884] cpsw-switch 4a100000.switch: cpts: overflow check period 500 (jiffies)
[    0.855908] cpsw-switch 4a100000.switch: CPTS: ref_clk_freq:250000000 calc_mult:2147483648 calc_shift:29 error:0 nsec/sec
[    0.856010] cpsw-switch 4a100000.switch: Detected MACID = 6c:ec:eb:68:de:78
[    0.857899] cpsw-switch 4a100000.switch: initialized (regs 0x4a100000, pool size 256) hw_ver:0019010C 1.12 (0)
[    0.870448] debugfs: '49000000.dma' already exists in 'dmaengine'
[    0.870493] edma 49000000.dma: TI EDMA DMA engine driver
[    0.907561] gpio-clk clk_mcasp0: using DT '/clk_mcasp0' for 'enable' GPIO lookup
[    0.907636] of_get_named_gpiod_flags: parsed 'enable-gpios' property of node '/clk_mcasp0[0]' - status (0)
[    0.907681] gpio gpiochip0: Persistence not supported for GPIO 27
[    0.908423] gpiochip_find_base_unlocked: found new base at 608
[    0.908535] gpio gpiochip3: (gpio-96-127): created GPIO range 0->7 ==> 44e10800.pinmux PIN 82->89
[    0.908557] gpio gpiochip3: (gpio-96-127): created GPIO range 8->11 ==> 44e10800.pinmux PIN 52->55
[    0.908573] gpio gpiochip3: (gpio-96-127): created GPIO range 12->15 ==> 44e10800.pinmux PIN 94->97
[    0.908589] gpio gpiochip3: (gpio-96-127): created GPIO range 16->17 ==> 44e10800.pinmux PIN 71->72
[    0.908605] gpio gpiochip3: (gpio-96-127): created GPIO range 18->18 ==> 44e10800.pinmux PIN 135->135
[    0.908622] gpio gpiochip3: (gpio-96-127): created GPIO range 19->20 ==> 44e10800.pinmux PIN 108->109
[    0.908639] gpio gpiochip3: (gpio-96-127): created GPIO range 21->21 ==> 44e10800.pinmux PIN 73->73
[    0.908656] gpio gpiochip3: (gpio-96-127): created GPIO range 22->23 ==> 44e10800.pinmux PIN 8->9
[    0.908674] gpio gpiochip3: (gpio-96-127): created GPIO range 26->27 ==> 44e10800.pinmux PIN 10->11
[    0.908691] gpio gpiochip3: (gpio-96-127): created GPIO range 28->28 ==> 44e10800.pinmux PIN 74->74
[    0.908709] gpio gpiochip3: (gpio-96-127): created GPIO range 29->29 ==> 44e10800.pinmux PIN 81->81
[    0.908727] gpio gpiochip3: (gpio-96-127): created GPIO range 30->31 ==> 44e10800.pinmux PIN 28->29
[    0.920664] gpio gpiochip3: (gpio-96-127): added GPIO chardev (254:3)
[    0.920907] gpio gpiochip3: registered GPIOs 608 to 639 on gpio-96-127
[    0.933523] omap8250 44e09000.serial: using DT '/ocp/interconnect@44c00000/segment@200000/target-module@9000/serial@0' for 'rs485-term' GPIO lookup
[    0.933597] of_get_named_gpiod_flags: can't parse 'rs485-term-gpios' property of node '/ocp/interconnect@44c00000/segment@200000/target-module@9000/serial@0[0]'
[    0.933640] of_get_named_gpiod_flags: can't parse 'rs485-term-gpio' property of node '/ocp/interconnect@44c00000/segment@200000/target-module@9000/serial@0[0]'
[    0.933676] omap8250 44e09000.serial: using lookup tables for GPIO lookup
[    0.933687] omap8250 44e09000.serial: No GPIO consumer rs485-term found
[    0.933698] omap8250 44e09000.serial: using DT '/ocp/interconnect@44c00000/segment@200000/target-module@9000/serial@0' for 'rs485-rx-during-tx' GPIO lookup
[    0.933732] of_get_named_gpiod_flags: can't parse 'rs485-rx-during-tx-gpios' property of node '/ocp/interconnect@44c00000/segment@200000/target-module@9000/serial@0[0]'
[    0.933768] of_get_named_gpiod_flags: can't parse 'rs485-rx-during-tx-gpio' property of node '/ocp/interconnect@44c00000/segment@200000/target-module@9000/serial@0[0]'
[    0.933799] omap8250 44e09000.serial: using lookup tables for GPIO lookup
[    0.933808] omap8250 44e09000.serial: No GPIO consumer rs485-rx-during-tx found
[    0.934263] 44e09000.serial: ttyS0 at MMIO 0x44e09000 (irq = 34, base_baud = 3000000) is a 8250
[    0.934356] printk: legacy console [ttyS0] enabled
[    2.418207] i2c i2c-0: using DT '/ocp/interconnect@44c00000/segment@200000/target-module@b000/i2c@0' for 'scl' GPIO lookup
[    2.418302] of_get_named_gpiod_flags: can't parse 'scl-gpios' property of node '/ocp/interconnect@44c00000/segment@200000/target-module@b000/i2c@0[0]'
[    2.418348] of_get_named_gpiod_flags: can't parse 'scl-gpio' property of node '/ocp/interconnect@44c00000/segment@200000/target-module@b000/i2c@0[0]'
[    2.418388] i2c i2c-0: using lookup tables for GPIO lookup
[    2.418403] i2c i2c-0: No GPIO consumer scl found
[    2.418428] i2c i2c-0: using DT '/ocp/interconnect@44c00000/segment@200000/target-module@b000/i2c@0' for 'sda' GPIO lookup
[    2.418468] of_get_named_gpiod_flags: can't parse 'sda-gpios' property of node '/ocp/interconnect@44c00000/segment@200000/target-module@b000/i2c@0[0]'
[    2.418509] of_get_named_gpiod_flags: can't parse 'sda-gpio' property of node '/ocp/interconnect@44c00000/segment@200000/target-module@b000/i2c@0[0]'
[    2.418544] i2c i2c-0: using lookup tables for GPIO lookup
[    2.418555] i2c i2c-0: No GPIO consumer sda found
[    2.432482] tps65217-pmic: Failed to locate of_node [id: -1]
[    2.438543] tps65217-bl: Failed to locate of_node [id: -1]
[    2.444608] platform tps65217-charger: DMA mask not set
[    2.450659] platform tps65217-pwrbutton: DMA mask not set
[    2.457913] tps65217 0-0024: TPS65217 ID 0xe version 1.2
[    2.464044] /ocp/interconnect@48000000/segment@300000/target-module@e000/lcdc@0: Fixed dependency cycle(s) with /ocp/interconnect@44c00000/segment@200000/target-module@b000/i2c@0/tda19988@70
[    2.481457] /ocp/interconnect@44c00000/segment@200000/target-module@b000/i2c@0/tda19988@70: Fixed dependency cycle(s) with /ocp/interconnect@48000000/segment@300000/target-module@e000/lcdc@0
[    2.498850] omap_i2c 44e0b000.i2c: bus 0 rev0.11 at 400 kHz
[    2.506621] sdhci-omap 48060000.mmc: using DT '/ocp/interconnect@48000000/segment@0/target-module@60000/mmc@0' for 'cd' GPIO lookup
[    2.506728] of_get_named_gpiod_flags: parsed 'cd-gpios' property of node '/ocp/interconnect@48000000/segment@0/target-module@60000/mmc@0[0]' - status (0)
[    2.506793] gpio gpiochip3: Persistence not supported for GPIO 6
[    2.506818] omap_gpio 44e07000.gpio: Could not set line 6 debounce to 200000 microseconds (-22)
[    2.515696] sdhci-omap 48060000.mmc: Got CD GPIO
[    2.520344] sdhci-omap 48060000.mmc: using DT '/ocp/interconnect@48000000/segment@0/target-module@60000/mmc@0' for 'wp' GPIO lookup
[    2.520392] of_get_named_gpiod_flags: can't parse 'wp-gpios' property of node '/ocp/interconnect@48000000/segment@0/target-module@60000/mmc@0[0]'
[    2.520435] of_get_named_gpiod_flags: can't parse 'wp-gpio' property of node '/ocp/interconnect@48000000/segment@0/target-module@60000/mmc@0[0]'
[    2.520474] sdhci-omap 48060000.mmc: using lookup tables for GPIO lookup
[    2.520488] sdhci-omap 48060000.mmc: No GPIO consumer wp found
[    2.520703] sdhci-omap 48060000.mmc: supply pbias not found, using dummy regulator
[    2.529537] sdhci-omap 481d8000.mmc: using DT '/ocp/interconnect@48000000/segment@100000/target-module@d8000/mmc@0' for 'wp' GPIO lookup
[    2.529612] of_get_named_gpiod_flags: can't parse 'wp-gpios' property of node '/ocp/interconnect@48000000/segment@100000/target-module@d8000/mmc@0[0]'
[    2.529658] of_get_named_gpiod_flags: can't parse 'wp-gpio' property of node '/ocp/interconnect@48000000/segment@100000/target-module@d8000/mmc@0[0]'
[    2.529697] sdhci-omap 481d8000.mmc: using lookup tables for GPIO lookup
[    2.529712] sdhci-omap 481d8000.mmc: No GPIO consumer wp found
[    2.530927] sdhci-omap 48060000.mmc: supply vqmmc not found, using dummy regulator
[    2.539827] sdhci-omap 481d8000.mmc: supply pbias not found, using dummy regulator
[    2.548502] sdhci-omap 481d8000.mmc: supply vqmmc not found, using dummy regulator
[    2.587138] mmc1: SDHCI controller on 481d8000.mmc [481d8000.mmc] using External DMA
[    2.596195] mmc0: SDHCI controller on 48060000.mmc [48060000.mmc] using External DMA
[    2.605116] cpsw-switch 4a100000.switch: starting ndev. mode: dual_mac
[    2.671803] mmc1: new high speed MMC card at address 0001
[    2.678618] mmcblk1: mmc1:0001 MMC04G 3.60 GiB
[    2.686492]  mmcblk1: p1 p2
[    2.690239] SMSC LAN8710/LAN8720 4a101000.mdio:00: attached PHY driver (mii_bus:phy_addr=4a101000.mdio:00, irq=POLL)
[    2.702829] mmcblk1boot0: mmc1:0001 MMC04G 2.00 MiB
[    2.716743] mmcblk1boot1: mmc1:0001 MMC04G 2.00 MiB
[    2.725420] mmcblk1rpmb: mmc1:0001 MMC04G 128 KiB, chardev (249:0)
[    2.774633] mmc0: new high speed SDHC card at address aaaa
[    2.781454] mmcblk0: mmc0:aaaa SE32G 29.7 GiB
[    2.790736]  mmcblk0: p1 p2
[    5.842288] cpsw-switch 4a100000.switch eth0: Link is Up - 100Mbps/Full - flow control off
[    5.871535] IP-Config: Complete:
[    5.874804]      device=eth0, hwaddr=6c:ec:eb:68:de:78, ipaddr=192.168.255.1, mask=255.255.255.0, gw=255.255.255.255
[    5.885453]      host=bbb1, domain=, nis-domain=(none)
[    5.890621]      bootserver=192.168.255.126, rootserver=192.168.255.126, rootpath=
[    5.891056] clk: Disabling unused clocks
[    5.902910] PM: genpd: Disabling unused power domains
[    5.908058] KTAP version 1
[    5.910781] 1..0
[    5.913522] check access for rdinit=/init failed: -2, ignoring
[    5.941956] VFS: Mounted root (nfs filesystem) on device 0:17.
[    5.948837] devtmpfs: mounted
[    5.953507] Freeing unused kernel image (initmem) memory: 1024K
[    5.960103] Run /sbin/init as init process
[    5.964356]   with arguments:
[    5.964372]     /sbin/init
[    5.964382]     nfsrootdebug
[    5.964391]   with environment:
[    5.964400]     HOME=/
[    5.964408]     TERM=linux
[    6.646831] systemd[1]: System time before build time, advancing clock.
[    8.191552] random: crng init done
[    8.224251] systemd[1]: systemd 232 running in system mode. (+PAM +AUDIT +SELINUX +IMA +APPARMOR +SMACK +SYSVINIT +UTMP +LIBCRYPTSETUP +GCRYPT +GNUTLS +ACL +XZ +LZ4 +SECCOMP +BLKID +ELFUTILS +KMOD +IDN)
[    8.243344] systemd[1]: Detected architecture arm.
[    8.274867] systemd[1]: Set hostname to <arm>.
[    9.419591] systemd[1]: Set up automount Arbitrary Executable File Formats File System Automount Point.
[    9.453087] systemd[1]: Created slice System Slice.
[    9.485574] systemd[1]: systemd-journald.socket: SO_PASSSEC failed: Operation not supported
[    9.494420] systemd[1]: systemd-journald.socket: SO_PASSSEC failed: Operation not supported
[    9.503197] systemd[1]: Listening on Journal Socket.
[    9.532843] systemd[1]: Listening on Journal Audit Socket.
[    9.563548] systemd[1]: Listening on /dev/initctl Compatibility Named Pipe.
[   11.818706] systemd-journald[82]: Received request to flush runtime journal from PID 1
[   12.643059] omap_prm 44e00d00.prm: sync_state() pending due to 44d00000.cpu
[   14.564530] leds-gpio leds: using DT '/leds/led2' for '(default)' GPIO lookup
[   14.564630] of_get_named_gpiod_flags: parsed 'gpios' property of node '/leds/led2[0]' - status (0)
[   14.564687] gpio gpiochip0: Persistence not supported for GPIO 21
[   14.564702] gpio-533 (?): no flags found for GPIO (default)
[   14.606882] leds-gpio leds: using DT '/leds/led3' for '(default)' GPIO lookup
[   14.607145] of_get_named_gpiod_flags: parsed 'gpios' property of node '/leds/led3[0]' - status (0)
[   14.607210] gpio gpiochip0: Persistence not supported for GPIO 22
[   14.607226] gpio-534 (?): no flags found for GPIO (default)
[   14.625933] leds-gpio leds: using DT '/leds/led4' for '(default)' GPIO lookup
[   14.626039] of_get_named_gpiod_flags: parsed 'gpios' property of node '/leds/led4[0]' - status (0)
[   14.626093] gpio gpiochip0: Persistence not supported for GPIO 23
[   14.626107] gpio-535 (?): no flags found for GPIO (default)
[   14.693968] leds-gpio leds: using DT '/leds/led5' for '(default)' GPIO lookup
[   14.694068] of_get_named_gpiod_flags: parsed 'gpios' property of node '/leds/led5[0]' - status (0)
[   14.694120] gpio gpiochip0: Persistence not supported for GPIO 24
[   14.694135] gpio-536 (?): no flags found for GPIO (default)
[   15.075214] remoteproc remoteproc0: wkup_m3 is available
[   15.335589] at24 2-0054: supply vcc not found, using dummy regulator
[   15.383791] am335x-phy-driver 47401300.usb-phy: using DT '/ocp/target-module@47400000/usb-phy@1300' for 'reset' GPIO lookup
[   15.383883] of_get_named_gpiod_flags: can't parse 'reset-gpios' property of node '/ocp/target-module@47400000/usb-phy@1300[0]'
[   15.383927] of_get_named_gpiod_flags: can't parse 'reset-gpio' property of node '/ocp/target-module@47400000/usb-phy@1300[0]'
[   15.383966] am335x-phy-driver 47401300.usb-phy: using lookup tables for GPIO lookup
[   15.383982] am335x-phy-driver 47401300.usb-phy: No GPIO consumer reset found
[   15.383997] am335x-phy-driver 47401300.usb-phy: using DT '/ocp/target-module@47400000/usb-phy@1300' for 'vbus-detect' GPIO lookup
[   15.384028] of_get_named_gpiod_flags: can't parse 'vbus-detect-gpios' property of node '/ocp/target-module@47400000/usb-phy@1300[0]'
[   15.384059] of_get_named_gpiod_flags: can't parse 'vbus-detect-gpio' property of node '/ocp/target-module@47400000/usb-phy@1300[0]'
[   15.384086] am335x-phy-driver 47401300.usb-phy: using lookup tables for GPIO lookup
[   15.384098] am335x-phy-driver 47401300.usb-phy: No GPIO consumer vbus-detect found
[   15.384248] am335x-phy-driver 47401300.usb-phy: dummy supplies not allowed for exclusive requests (id=vbus)
[   15.464400] omap_wdt: OMAP Watchdog Timer Rev 0x01: initial timeout 60 sec
[   15.492815] at24 2-0055: supply vcc not found, using dummy regulator
[   15.627520] am335x-phy-driver 47401b00.usb-phy: using DT '/ocp/target-module@47400000/usb-phy@1b00' for 'reset' GPIO lookup
[   15.627611] of_get_named_gpiod_flags: can't parse 'reset-gpios' property of node '/ocp/target-module@47400000/usb-phy@1b00[0]'
[   15.627654] of_get_named_gpiod_flags: can't parse 'reset-gpio' property of node '/ocp/target-module@47400000/usb-phy@1b00[0]'
[   15.627693] am335x-phy-driver 47401b00.usb-phy: using lookup tables for GPIO lookup
[   15.627709] am335x-phy-driver 47401b00.usb-phy: No GPIO consumer reset found
[   15.627723] am335x-phy-driver 47401b00.usb-phy: using DT '/ocp/target-module@47400000/usb-phy@1b00' for 'vbus-detect' GPIO lookup
[   15.627754] of_get_named_gpiod_flags: can't parse 'vbus-detect-gpios' property of node '/ocp/target-module@47400000/usb-phy@1b00[0]'
[   15.627785] of_get_named_gpiod_flags: can't parse 'vbus-detect-gpio' property of node '/ocp/target-module@47400000/usb-phy@1b00[0]'
[   15.627812] am335x-phy-driver 47401b00.usb-phy: using lookup tables for GPIO lookup
[   15.627824] am335x-phy-driver 47401b00.usb-phy: No GPIO consumer vbus-detect found
[   15.627975] am335x-phy-driver 47401b00.usb-phy: dummy supplies not allowed for exclusive requests (id=vbus)
[   15.672507] at24 2-0056: supply vcc not found, using dummy regulator
[   15.805931] at24 2-0057: supply vcc not found, using dummy regulator
[   16.022260] at24 0-0050: using DT '/ocp/interconnect@44c00000/segment@200000/target-module@b000/i2c@0/eeprom@50' for 'wp' GPIO lookup
[   16.022476] of_get_named_gpiod_flags: can't parse 'wp-gpios' property of node '/ocp/interconnect@44c00000/segment@200000/target-module@b000/i2c@0/eeprom@50[0]'
[   16.022543] of_get_named_gpiod_flags: can't parse 'wp-gpio' property of node '/ocp/interconnect@44c00000/segment@200000/target-module@b000/i2c@0/eeprom@50[0]'
[   16.022638] at24 0-0050: using lookup tables for GPIO lookup
[   16.022655] at24 0-0050: No GPIO consumer wp found
[   16.023251] at24 0-0050: 32768 byte 24c256 EEPROM, writable, 1 bytes/write
[   16.372600] input: tps65217_pwrbutton as /devices/platform/ocp/44c00000.interconnect/44c00000.interconnect:segment@200000/44e0b000.target-module/44e0b000.i2c/i2c-0/0-0024/tps65217-pwrbutton/input/input0
[   16.592758] omap_rtc 44e3e000.rtc: registered as rtc0
[   16.597940] omap_rtc 44e3e000.rtc: setting system clock to 2000-01-01T00:00:00 UTC (946684800)
[   16.606766] omap_rtc 44e3e000.rtc: using DT '/ocp/interconnect@44c00000/segment@200000/target-module@3e000/rtc@0' for 'wp' GPIO lookup
[   16.606845] of_get_named_gpiod_flags: can't parse 'wp-gpios' property of node '/ocp/interconnect@44c00000/segment@200000/target-module@3e000/rtc@0[0]'
[   16.606897] of_get_named_gpiod_flags: can't parse 'wp-gpio' property of node '/ocp/interconnect@44c00000/segment@200000/target-module@3e000/rtc@0[0]'
[   16.606938] omap_rtc 44e3e000.rtc: using lookup tables for GPIO lookup
[   16.606954] omap_rtc 44e3e000.rtc: No GPIO consumer wp found
[   17.234649] usbcore: registered new interface driver usbfs
[   17.240300] usbcore: registered new interface driver hub
[   17.245996] usbcore: registered new device driver usb
[   17.980872] tda998x 0-0070: found TDA19988
[   18.077894] omap-mailbox 480c8000.mailbox: omap mailbox rev 0x400
[   18.142624] remoteproc remoteproc0: powering up wkup_m3
[   18.211202] musb-hdrc musb-hdrc.1: MUSB HDRC host driver
[   18.216874] musb-hdrc musb-hdrc.1: new USB bus registered, assigned bus number 1
[   18.245684] remoteproc remoteproc0: Direct firmware load for am335x-pm-firmware.elf failed with error -2
[   18.256072] remoteproc remoteproc0: request_firmware failed: -2
[   18.262187] wkup_m3_ipc 44e11324.wkup_m3_ipc: rproc_boot failed
[   18.458467] usb usb1: New USB device found, idVendor=1d6b, idProduct=0002, bcdDevice= 6.17
[   18.467036] usb usb1: New USB device strings: Mfr=3, Product=2, SerialNumber=1
[   18.474371] usb usb1: Product: MUSB HDRC host driver
[   18.479366] usb usb1: Manufacturer: Linux 6.17.0-rc7-next-20250925 musb-hcd
[   18.486534] usb usb1: SerialNumber: musb-hdrc.1
[   18.850642] hub 1-0:1.0: USB hub found
[   18.897351] hub 1-0:1.0: 1 port detected
[   20.391898] omap_rng 48310000.rng: Random Number Generator ver. 20
[   20.648353] tilcdc 4830e000.lcdc: bound 0-0070 (ops tda998x_audio_codec_init [tda998x])
[   20.753312] [drm] Initialized tilcdc 1.0.0 for 4830e000.lcdc on minor 0
[   20.807872] ------------[ cut here ]------------
[   20.813314] WARNING: net/8021q/vlan_core.c:236 at vlan_for_each+0x114/0x134, CPU#0: avahi-daemon/178
[   20.822572] RTNL: assertion failed at net/8021q/vlan_core.c (236)
[   20.828697] Modules linked in: tilcdc(+) drm_dma_helper omap_rng drm_client_lib rng_core snd_soc_davinci_mcasp snd_soc_ti_udma snd_soc_ti_edma snd_soc_ti_sdma snd_soc_core snd_pcm_dmaengine snd_pcm snd_timer musb_dsps snd omap_mailbox musb_hdrc tda998x soundcore cec udc_core drm_kms_helper usbcore drm rtc_omap wkup_m3_ipc tps65218_pwrbutton drm_panel_orientation_quirks omap_wdt phy_am335x at24 watchdog phy_am335x_control phy_generic usb_common wkup_m3_rproc cppi41 leds_gpio cpufreq_dt led_class autofs4
[   20.873736] CPU: 0 UID: 107 PID: 178 Comm: avahi-daemon Not tainted 6.17.0-rc7-next-20250925 #1 NONE 
[   20.873756] Hardware name: Generic AM33XX (Flattened Device Tree)
[   20.873765] Call trace: 
[   20.873781]  unwind_backtrace from show_stack+0x10/0x14
[   20.873817]  show_stack from dump_stack_lvl+0x50/0x64
[   20.873842]  dump_stack_lvl from __warn+0x88/0x148
[   20.873861]  __warn from warn_slowpath_fmt+0x19c/0x1b0
[   20.873874]  warn_slowpath_fmt from vlan_for_each+0x114/0x134
[   20.873894]  vlan_for_each from cpsw_add_mc_addr+0x40/0xa4
[   20.873917]  cpsw_add_mc_addr from __hw_addr_ref_sync_dev+0x108/0x140
[   20.873945]  __hw_addr_ref_sync_dev from __dev_mc_add+0x7c/0x80
[   20.873967]  __dev_mc_add from igmp6_group_added+0xc8/0xe0
[   20.873993]  igmp6_group_added from __ipv6_dev_mc_inc+0x218/0x364
[   20.874011]  __ipv6_dev_mc_inc from __ipv6_sock_mc_join+0x11c/0x1c0
[   20.874027]  __ipv6_sock_mc_join from do_ipv6_setsockopt+0x1214/0x1310
[   20.874056]  do_ipv6_setsockopt from ipv6_setsockopt+0x60/0xcc
[   20.874076]  ipv6_setsockopt from udpv6_setsockopt+0x2c/0x6c
[   20.874100]  udpv6_setsockopt from sock_common_setsockopt+0x30/0x40
[   20.874133]  sock_common_setsockopt from do_sock_setsockopt+0x50/0x9c
[   20.874153]  do_sock_setsockopt from __sys_setsockopt+0x70/0xbc
[   20.874171]  __sys_setsockopt from ret_fast_syscall+0x0/0x58
[   20.874188] Exception stack(0xe011dfa8 to 0xe011dff0)
[   20.874202] dfa0:                   00000014 b6f3cce8 0000000d 00000029 00000014 bec829ec
[   20.874213] dfc0: 00000014 b6f3cce8 00000014 00000126 0000000d b6ee5ff4 004ae988 00496558
[   20.874221] dfe0: b6efb088 bec829d8 b6ed8309 b6daf41a
[   20.874229] ---[ end trace 0000000000000000 ]---
[   21.082767] tilcdc 4830e000.lcdc: [drm] Cannot find any crtc or sizes
[   21.094141] tilcdc 4830e000.lcdc: [drm] Cannot find any crtc or sizes
[   22.820235] omap-sham 53100000.sham: hw accel on OMAP rev 4.3
[   22.908249] PM: Cannot get wkup_m3_ipc handle
[   22.956931] omap-sham 53100000.sham: will run requests pump with realtime priority
[   22.965842] PM: Cannot get wkup_m3_ipc handle
[   23.151709] omap-aes 53500000.aes: OMAP AES hw accel rev: 3.2
[   23.286254] omap-aes 53500000.aes: will run requests pump with realtime priority
[   23.295210] PM: Cannot get wkup_m3_ipc handle
[   23.544619] Bluetooth: Core ver 2.22
[   23.548444] NET: Registered PF_BLUETOOTH protocol family
[   23.554040] Bluetooth: HCI device and connection manager initialized
[   23.560461] Bluetooth: HCI socket layer initialized
[   23.565593] Bluetooth: L2CAP socket layer initialized
[   23.570718] Bluetooth: SCO socket layer initialized
[   26.646317] tda998x 0-0070: using DT '/ocp/interconnect@44c00000/segment@200000/target-module@b000/i2c@0/tda19988@70' for 'nxp,calib' GPIO lookup
[   26.646459] of_get_named_gpiod_flags: parsed 'nxp,calib-gpios' property of node '/ocp/interconnect@44c00000/segment@200000/target-module@b000/i2c@0/tda19988@70[0]' - status (0)
[   26.646542] gpio gpiochip0: Persistence not supported for GPIO 25
[   26.646557] gpio-537 (nxp,calib): no flags found for GPIO nxp,calib
[   26.678585] gpio-537 (nxp,calib): gpiod_direction_output_nonotify: tried to set a GPIO tied to an IRQ as output
[   26.720123] PM: Cannot get wkup_m3_ipc handle
[   26.726159] asoc-simple-card sound: using DT '/sound' for 'simple-audio-card,hp-det' GPIO lookup
[   26.726229] of_get_named_gpiod_flags: can't parse 'simple-audio-card,hp-det-gpios' property of node '/sound[0]'
[   26.726265] of_get_named_gpiod_flags: can't parse 'simple-audio-card,hp-det-gpio' property of node '/sound[0]'
[   26.726290] asoc-simple-card sound: using lookup tables for GPIO lookup
[   26.726304] asoc-simple-card sound: No GPIO consumer simple-audio-card,hp-det found
[   26.726319] asoc-simple-card sound: using DT '/sound' for 'simple-audio-card,mic-det' GPIO lookup
[   26.726343] of_get_named_gpiod_flags: can't parse 'simple-audio-card,mic-det-gpios' property of node '/sound[0]'
[   26.726369] of_get_named_gpiod_flags: can't parse 'simple-audio-card,mic-det-gpio' property of node '/sound[0]'
[   26.726388] asoc-simple-card sound: using lookup tables for GPIO lookup
[   26.726400] asoc-simple-card sound: No GPIO consumer simple-audio-card,mic-det found
[   26.831248] PM: Cannot get wkup_m3_ipc handle
[   26.989880] tda9950 0-0034: TDA9950 CEC interface, hardware version 3.3
[   27.073551] PM: Cannot get wkup_m3_ipc handle
[   29.773225] userial_init: registered 8 ttyGS* devices
[   29.974122] rndis_register: configNr = 0
[   30.020647] udc musb-hdrc.0: binding gadget driver [g_multi]
[   30.020744] configfs-gadget.g_multi gadget.0: adding 'rndis'/81f47595 to config 'c'/b3dcf4b2
[   30.022194] configfs-gadget.g_multi gadget.0: HOST MAC 1c:ba:8c:a2:ed:6c
[   30.028975] configfs-gadget.g_multi gadget.0: MAC 1c:ba:8c:a2:ed:70
[   30.035417] rndis_set_param_medium: 0 0
[   30.035440] configfs-gadget.g_multi gadget.0: RNDIS: IN/ep1in OUT/ep1out NOTIFY/ep2in
[   30.035458] configfs-gadget.g_multi gadget.0: adding 'cdc_ethernet'/fbac0cc9 to config 'c'/b3dcf4b2
[   30.036348] configfs-gadget.g_multi gadget.0: HOST MAC 1c:ba:8c:a2:ed:6c
[   30.043224] configfs-gadget.g_multi gadget.0: MAC 1c:ba:8c:a2:ed:6d
[   30.049569] configfs-gadget.g_multi gadget.0: CDC Ethernet: IN/ep3in OUT/ep2out NOTIFY/ep4in
[   30.049588] configfs-gadget.g_multi gadget.0: adding 'acm'/56863dd7 to config 'c'/b3dcf4b2
[   30.049625] configfs-gadget.g_multi gadget.0: acm ttyGS0: IN/ep5in OUT/ep3out NOTIFY/ep6in
[   30.054094] PM: Cannot get wkup_m3_ipc handle
[   31.849284] configfs-gadget.g_multi gadget.0: eth_open
[   35.769255] gs_open: ttyGS0 (1b2c8b59,97f84b7f)
[   35.769395] gs_close: ttyGS0 (1b2c8b59,97f84b7f) ...
[   35.769418] gs_close: ttyGS0 (1b2c8b59,97f84b7f) done!
[   35.772013] gs_open: ttyGS0 (1841d487,f6b19348)
[   35.772158] gs_close: ttyGS0 (1841d487,f6b19348) ...
[   35.772181] gs_close: ttyGS0 (1841d487,f6b19348) done!
[   35.946279] gs_open: ttyGS0 (1b2c8b59,80779abf)
[   35.946526] gs_close: ttyGS0 (1b2c8b59,80779abf) ...
[   35.946553] gs_close: ttyGS0 (1b2c8b59,80779abf) done!
[   35.963530] gs_open: ttyGS0 (1b2c8b59,2541e583)
UWGKGSAXKU 0
root@arm:~# echo 'TUCM''ZOFSYX'
TUCMZOFSYX
root@arm:~# MARKER='SSGO''NOZEGL' run 'modprobe test_linear_ranges'
SSGONOZEGLSSGONOZEGL 0
root@arm:~# echo 'EVBO''XGPFWT'
EVBOXGPFWT
root@arm:~# MARKER='TCJF''MGHMZH' run dmesg
TCJFMGHMZH[    0.000000] Booting Linux on physical CPU 0x0
[    0.000000] Linux version 6.17.0-rc7-next-20250925 (user01@drvtest01) (arm-none-eabi-gcc (Arm GNU Toolchain 14.2.Rel1 (Build arm-14.52)) 14.2.1 20241119, GNU ld (Arm GNU Toolchain 14.2.Rel1 (Build arm-14.52)) 2.43.1.20241119) #1 SMP Thu Sep 25 20:08:21 EEST 2025
[    0.000000] CPU: ARMv7 Processor [413fc082] revision 2 (ARMv7), cr=10c5387d
[    0.000000] CPU: PIPT / VIPT nonaliasing data cache, VIPT aliasing instruction cache
[    0.000000] OF: fdt: Machine model: TI AM335x BeagleBone Black
[    0.000000] Memory policy: Data cache writeback
[    0.000000] cma: Reserved 16 MiB at 0x9e800000
[    0.000000] Zone ranges:
[    0.000000]   Normal   [mem 0x0000000080000000-0x000000009fdfffff]
[    0.000000]   HighMem  empty
[    0.000000] Movable zone start for each node
[    0.000000] Early memory node ranges
[    0.000000]   node   0: [mem 0x0000000080000000-0x000000009fdfffff]
[    0.000000] Initmem setup node 0 [mem 0x0000000080000000-0x000000009fdfffff]
[    0.000000] On node 0, zone Normal: 512 pages in unavailable ranges
[    0.000000] OF: reserved mem: Reserved memory: No reserved-memory node in the DT
[    0.000000] CPU: All CPU(s) started in SVC mode.
[    0.000000] AM335X ES2.1 (sgx neon)
[    0.000000] percpu: Embedded 17 pages/cpu s39884 r8192 d21556 u69632
[    0.000000] pcpu-alloc: s39884 r8192 d21556 u69632 alloc=17*4096
[    0.000000] pcpu-alloc: [0] 0 
[    0.000000] Kernel command line: console=ttyO0,115200n8 root=/dev/nfs rw nfsroot=192.168.255.126:/home/user01/nfs,nfsvers=3 ip=192.168.255.1:192.168.255.126::255.255.255.0:bbb1:eth0 nfsrootdebug
[    0.000000] Unknown kernel command line parameters "nfsrootdebug", will be passed to user space.
[    0.000000] printk: log buffer data + meta data: 65536 + 204800 = 270336 bytes
[    0.000000] Dentry cache hash table entries: 65536 (order: 6, 262144 bytes, linear)
[    0.000000] Inode-cache hash table entries: 32768 (order: 5, 131072 bytes, linear)
[    0.000000] Built 1 zonelists, mobility grouping on.  Total pages: 130560
[    0.000000] mem auto-init: stack:off, heap alloc:off, heap free:off
[    0.000000] SLUB: HWalign=16, Order=0-3, MinObjects=0, CPUs=1, Nodes=1
[    0.000000] rcu: Hierarchical RCU implementation.
[    0.000000] rcu: 	RCU event tracing is enabled.
[    0.000000] rcu: 	RCU restricting CPUs from NR_CPUS=2 to nr_cpu_ids=1.
[    0.000000] 	Tracing variant of Tasks RCU enabled.
[    0.000000] rcu: RCU calculated value of scheduler-enlistment delay is 10 jiffies.
[    0.000000] rcu: Adjusting geometry for rcu_fanout_leaf=16, nr_cpu_ids=1
[    0.000000] RCU Tasks Trace: Setting shift to 0 and lim to 1 rcu_task_cb_adjust=1 rcu_task_cpu_ids=1.
[    0.000000] NR_IRQS: 16, nr_irqs: 16, preallocated irqs: 16
[    0.000000] IRQ: Found an INTC at 0x(ptrval) (revision 5.0) with 128 interrupts
[    0.000000] rcu: srcu_init: Setting srcu_struct sizes based on contention.
[    0.000000] TI gptimer clocksource: always-on /ocp/interconnect@44c00000/segment@200000/target-module@31000
[    0.000003] sched_clock: 32 bits at 24MHz, resolution 41ns, wraps every 89478484971ns
[    0.000026] clocksource: dmtimer: mask: 0xffffffff max_cycles: 0xffffffff, max_idle_ns: 79635851949 ns
[    0.000494] TI gptimer clockevent: 24000000 Hz at /ocp/interconnect@48000000/segment@0/target-module@40000
[    0.002051] Console: colour dummy device 80x30
[    0.002115] WARNING: Your 'console=ttyO0' has been replaced by 'ttyS0'
[    0.002123] This ensures that you still see kernel messages. Please
[    0.002127] update your kernel commandline.
[    0.002166] Calibrating delay loop... 996.14 BogoMIPS (lpj=4980736)
[    0.090605] CPU: Testing write buffer coherency: ok
[    0.090688] CPU0: Spectre v2: using BPIALL workaround
[    0.090698] pid_max: default: 32768 minimum: 301
[    0.090881] LSM: initializing lsm=capability
[    0.091047] Mount-cache hash table entries: 1024 (order: 0, 4096 bytes, linear)
[    0.091066] Mountpoint-cache hash table entries: 1024 (order: 0, 4096 bytes, linear)
[    0.092652] CPU0: thread -1, cpu 0, socket -1, mpidr 0
[    0.092711] cacheinfo: Unable to detect cache hierarchy for CPU 0
[    0.094709] Setting up static identity map for 0x80100000 - 0x80100078
[    0.095013] rcu: Hierarchical SRCU implementation.
[    0.095024] rcu: 	Max phase no-delay instances is 1000.
[    0.096702] smp: Bringing up secondary CPUs ...
[    0.096756] smp: Brought up 1 node, 1 CPU
[    0.096768] SMP: Total of 1 processors activated (996.14 BogoMIPS).
[    0.096779] CPU: All CPU(s) started in SVC mode.
[    0.096976] Memory: 480868K/522240K available (11264K kernel code, 1226K rwdata, 2948K rodata, 1024K init, 256K bss, 23336K reserved, 16384K cma-reserved, 0K highmem)
[    0.097804] devtmpfs: initialized
[    0.115278] VFP support v0.3: implementor 41 architecture 3 part 30 variant c rev 3
[    0.115926] clocksource: jiffies: mask: 0xffffffff max_cycles: 0xffffffff, max_idle_ns: 19112604462750000 ns
[    0.115984] posixtimers hash table entries: 512 (order: 0, 4096 bytes, linear)
[    0.116010] futex hash table entries: 256 (16384 bytes on 1 NUMA nodes, total 16 KiB, linear).
[    0.117142] pinctrl core: initialized pinctrl subsystem
[    0.119238] NET: Registered PF_NETLINK/PF_ROUTE protocol family
[    0.122294] DMA: preallocated 256 KiB pool for atomic coherent allocations
[    0.122898] audit: initializing netlink subsys (disabled)
[    0.124246] thermal_sys: Registered thermal governor 'fair_share'
[    0.124260] thermal_sys: Registered thermal governor 'step_wise'
[    0.124270] thermal_sys: Registered thermal governor 'user_space'
[    0.124379] audit: type=2000 audit(0.120:1): state=initialized audit_enabled=0 res=1
[    0.124448] cpuidle: using governor menu
[    0.142391] /ocp/interconnect@44c00000/segment@200000/target-module@b000/i2c@0/tda19988@70: Fixed dependency cycle(s) with /ocp/interconnect@48000000/segment@300000/target-module@e000/lcdc@0
[    0.143505] /ocp/interconnect@48000000/segment@300000/target-module@e000/lcdc@0: Fixed dependency cycle(s) with /ocp/interconnect@44c00000/segment@200000/target-module@b000/i2c@0/tda19988@70
[    0.145719] No ATAGs?
[    0.145755] hw-breakpoint: debug architecture 0x4 unsupported.
[    0.148856] kprobes: kprobe jump-optimization is enabled. All kprobes are optimized if possible.
[    0.153868] iommu: Default domain type: Translated
[    0.153891] iommu: DMA domain TLB invalidation policy: strict mode
[    0.155449] reg-fixed-voltage fixedregulator0: using DT '/fixedregulator0' for '(default)' GPIO lookup
[    0.155502] of_get_named_gpiod_flags: can't parse 'gpios' property of node '/fixedregulator0[0]'
[    0.155529] of_get_named_gpiod_flags: can't parse 'gpio' property of node '/fixedregulator0[0]'
[    0.155548] reg-fixed-voltage fixedregulator0: using lookup tables for GPIO lookup
[    0.155558] reg-fixed-voltage fixedregulator0: No GPIO consumer (default) found
[    0.161768] SCSI subsystem initialized
[    0.162237] libata version 3.00 loaded.
[    0.162624] pps_core: LinuxPPS API ver. 1 registered
[    0.162633] pps_core: Software ver. 5.3.6 - Copyright 2005-2007 Rodolfo Giometti <giometti@linux.it>
[    0.162656] PTP clock support registered
[    0.171149] vgaarb: loaded
[    0.171529] clocksource: Switched to clocksource dmtimer
[    0.172215] VFS: Disk quotas dquot_6.6.0
[    0.172276] VFS: Dquot-cache hash table entries: 1024 (order 0, 4096 bytes)
[    0.197568] NET: Registered PF_INET protocol family
[    0.197910] IP idents hash table entries: 8192 (order: 4, 65536 bytes, linear)
[    0.199328] tcp_listen_portaddr_hash hash table entries: 512 (order: 0, 4096 bytes, linear)
[    0.199365] Table-perturb hash table entries: 65536 (order: 6, 262144 bytes, linear)
[    0.199382] TCP established hash table entries: 4096 (order: 2, 16384 bytes, linear)
[    0.199428] TCP bind hash table entries: 4096 (order: 4, 65536 bytes, linear)
[    0.199528] TCP: Hash tables configured (established 4096 bind 4096)
[    0.199648] UDP hash table entries: 256 (order: 1, 14336 bytes, linear)
[    0.199681] UDP-Lite hash table entries: 256 (order: 1, 14336 bytes, linear)
[    0.199895] NET: Registered PF_UNIX/PF_LOCAL protocol family
[    0.212143] RPC: Registered named UNIX socket transport module.
[    0.212166] RPC: Registered udp transport module.
[    0.212171] RPC: Registered tcp transport module.
[    0.212176] RPC: Registered tcp-with-tls transport module.
[    0.212181] RPC: Registered tcp NFSv4.1 backchannel transport module.
[    0.212203] PCI: CLS 0 bytes, default 64
[    0.213628] Initialise system trusted keyrings
[    0.214437] workingset: timestamp_bits=14 max_order=17 bucket_order=3
[    0.216265] NFS: Registering the id_resolver key type
[    0.216361] Key type id_resolver registered
[    0.216369] Key type id_legacy registered
[    0.216487] jffs2: version 2.2. (NAND) (SUMMARY)  Â© 2001-2006 Red Hat, Inc.
[    0.216962] Key type asymmetric registered
[    0.216978] Asymmetric key parser 'x509' registered
[    0.217058] io scheduler mq-deadline registered
[    0.217069] io scheduler kyber registered
[    0.217154] io scheduler bfq registered
[    0.219010] target-module@4b000000:target-module@140000:pmu@0:fck: device ID is greater than 24
[    0.232037] ledtrig-cpu: registered to indicate activity on CPUs
[    0.235809] Serial: 8250/16550 driver, 6 ports, IRQ sharing enabled
[    0.277624] brd: module loaded
[    0.305566] loop: module loaded
[    0.306501] mtdoops: mtd device (mtddev=name/number) must be supplied
[    0.308050] mdio_bus fixed-0: using lookup tables for GPIO lookup
[    0.308072] mdio_bus fixed-0: No GPIO consumer reset found
[    0.309510] i2c_dev: i2c /dev entries driver
[    0.310526] cpuidle: enable-method property 'ti,am3352' found operations
[    0.310974] sdhci: Secure Digital Host Controller Interface driver
[    0.310983] sdhci: Copyright(c) Pierre Ossman
[    0.311175] sdhci-pltfm: SDHCI platform and OF driver helper
[    0.312878] hw perfevents: enabled with armv7_cortex_a8 PMU driver, 5 (8000000f) counters available
[    0.313404] Initializing XFRM netlink socket
[    0.313572] NET: Registered PF_INET6 protocol family
[    0.315541] Segment Routing with IPv6
[    0.315625] In-situ OAM (IOAM) with IPv6
[    0.315721] sit: IPv6, IPv4 and MPLS over IPv4 tunneling driver
[    0.316697] NET: Registered PF_PACKET protocol family
[    0.316726] NET: Registered PF_KEY protocol family
[    0.316849] Key type dns_resolver registered
[    0.317078] ThumbEE CPU extension supported.
[    0.317101] Registering SWP/SWPB emulation handler
[    0.317627] omap_voltage_late_init: Voltage driver support not added
[    0.318279] SmartReflex Class3 initialized
[    0.352232] Loading compiled-in X.509 certificates
[    0.394818] /ocp/interconnect@44c00000/segment@200000/target-module@b000/i2c@0/tda19988@70: Fixed dependency cycle(s) with /ocp/interconnect@48000000/segment@300000/target-module@e000/lcdc@0
[    0.401217] /ocp/interconnect@44c00000/segment@200000/target-module@b000/i2c@0/tda19988@70: Fixed dependency cycle(s) with /ocp/interconnect@48000000/segment@300000/target-module@e000/lcdc@0
[    0.406909] gpiochip_find_base_unlocked: found new base at 512
[    0.428629] /ocp/interconnect@44c00000/segment@200000/target-module@b000/i2c@0/tda19988@70: Fixed dependency cycle(s) with /ocp/interconnect@48000000/segment@300000/target-module@e000/lcdc@0
[    0.429519] /ocp/interconnect@44c00000/segment@200000/target-module@b000/i2c@0/tda19988@70: Fixed dependency cycle(s) with /ocp/interconnect@48000000/segment@300000/target-module@e000/lcdc@0
[    0.433283] /ocp/interconnect@44c00000/segment@200000/target-module@10000/scm@0/pinmux@800: Fixed dependency cycle(s) with /ocp/interconnect@44c00000/segment@200000/target-module@10000/scm@0/pinmux@800/clkout2-pins
[    0.433881] pinctrl-single 44e10800.pinmux: 142 pins, size 568
[    0.439215] ti-sysc 44e31000.target-module: probe with driver ti-sysc failed with error -16
[    0.477968] /ocp/interconnect@48000000/segment@300000/target-module@e000/lcdc@0: Fixed dependency cycle(s) with /ocp/interconnect@44c00000/segment@200000/target-module@b000/i2c@0/tda19988@70
[    0.486348] ti-sysc 48040000.target-module: probe with driver ti-sysc failed with error -16
[    0.497974] gpiochip_find_base_unlocked: found new base at 512
[    0.498073] gpio gpiochip0: (gpio-0-31): created GPIO range 0->7 ==> 44e10800.pinmux PIN 0->7
[    0.498094] gpio gpiochip0: (gpio-0-31): created GPIO range 8->11 ==> 44e10800.pinmux PIN 90->93
[    0.498110] gpio gpiochip0: (gpio-0-31): created GPIO range 12->27 ==> 44e10800.pinmux PIN 12->27
[    0.498125] gpio gpiochip0: (gpio-0-31): created GPIO range 28->31 ==> 44e10800.pinmux PIN 30->33
[    0.525065] gpio gpiochip0: (gpio-0-31): added GPIO chardev (254:0)
[    0.525314] gpio gpiochip0: registered GPIOs 512 to 543 on gpio-0-31
[    0.525401] OMAP GPIO hardware version 0.1
[    0.560066] i2c i2c-2: using DT '/ocp/interconnect@48000000/segment@100000/target-module@9c000/i2c@0' for 'scl' GPIO lookup
[    0.560139] of_get_named_gpiod_flags: can't parse 'scl-gpios' property of node '/ocp/interconnect@48000000/segment@100000/target-module@9c000/i2c@0[0]'
[    0.560181] of_get_named_gpiod_flags: can't parse 'scl-gpio' property of node '/ocp/interconnect@48000000/segment@100000/target-module@9c000/i2c@0[0]'
[    0.560217] i2c i2c-2: using lookup tables for GPIO lookup
[    0.560227] i2c i2c-2: No GPIO consumer scl found
[    0.560249] i2c i2c-2: using DT '/ocp/interconnect@48000000/segment@100000/target-module@9c000/i2c@0' for 'sda' GPIO lookup
[    0.560283] of_get_named_gpiod_flags: can't parse 'sda-gpios' property of node '/ocp/interconnect@48000000/segment@100000/target-module@9c000/i2c@0[0]'
[    0.560320] of_get_named_gpiod_flags: can't parse 'sda-gpio' property of node '/ocp/interconnect@48000000/segment@100000/target-module@9c000/i2c@0[0]'
[    0.560350] i2c i2c-2: using lookup tables for GPIO lookup
[    0.560358] i2c i2c-2: No GPIO consumer sda found
[    0.561107] omap_i2c 4819c000.i2c: bus 2 rev0.11 at 100 kHz
[    0.566917] gpiochip_find_base_unlocked: found new base at 544
[    0.567027] gpio gpiochip1: (gpio-32-63): created GPIO range 0->17 ==> 44e10800.pinmux PIN 34->51
[    0.567047] gpio gpiochip1: (gpio-32-63): created GPIO range 18->21 ==> 44e10800.pinmux PIN 77->80
[    0.567063] gpio gpiochip1: (gpio-32-63): created GPIO range 22->31 ==> 44e10800.pinmux PIN 56->65
[    0.585769] gpio gpiochip1: (gpio-32-63): added GPIO chardev (254:1)
[    0.585993] gpio gpiochip1: registered GPIOs 544 to 575 on gpio-32-63
[    0.588309] gpiochip_find_base_unlocked: found new base at 576
[    0.588397] gpio gpiochip2: (gpio-64-95): created GPIO range 0->4 ==> 44e10800.pinmux PIN 66->70
[    0.588417] gpio gpiochip2: (gpio-64-95): created GPIO range 5->6 ==> 44e10800.pinmux PIN 98->99
[    0.588433] gpio gpiochip2: (gpio-64-95): created GPIO range 7->8 ==> 44e10800.pinmux PIN 75->76
[    0.588448] gpio gpiochip2: (gpio-64-95): created GPIO range 13->13 ==> 44e10800.pinmux PIN 141->141
[    0.588464] gpio gpiochip2: (gpio-64-95): created GPIO range 14->21 ==> 44e10800.pinmux PIN 100->107
[    0.589113] gpio gpiochip2: (gpio-64-95): added GPIO chardev (254:2)
[    0.589309] gpio gpiochip2: registered GPIOs 576 to 607 on gpio-64-95
[    0.595202] 48000000.interconnect:segment@200000:target-module@0:mpu@0:fck: device ID is greater than 24
[    0.596121] /ocp/interconnect@48000000/segment@300000/target-module@e000/lcdc@0: Fixed dependency cycle(s) with /ocp/interconnect@44c00000/segment@200000/target-module@b000/i2c@0/tda19988@70
[    0.598944] /ocp/interconnect@48000000/segment@300000/target-module@e000/lcdc@0: Fixed dependency cycle(s) with /ocp/interconnect@44c00000/segment@200000/target-module@b000/i2c@0/tda19988@70
[    0.599640] /ocp/interconnect@44c00000/segment@200000/target-module@b000/i2c@0/tda19988@70: Fixed dependency cycle(s) with /ocp/interconnect@48000000/segment@300000/target-module@e000/lcdc@0
[    0.599809] /ocp/interconnect@48000000/segment@300000/target-module@e000/lcdc@0: Fixed dependency cycle(s) with /ocp/interconnect@44c00000/segment@200000/target-module@b000/i2c@0/tda19988@70
[    0.607188] sdhci-omap 481d8000.mmc: using DT '/ocp/interconnect@48000000/segment@100000/target-module@d8000/mmc@0' for 'wp' GPIO lookup
[    0.607259] of_get_named_gpiod_flags: can't parse 'wp-gpios' property of node '/ocp/interconnect@48000000/segment@100000/target-module@d8000/mmc@0[0]'
[    0.607302] of_get_named_gpiod_flags: can't parse 'wp-gpio' property of node '/ocp/interconnect@48000000/segment@100000/target-module@d8000/mmc@0[0]'
[    0.607338] sdhci-omap 481d8000.mmc: using lookup tables for GPIO lookup
[    0.607349] sdhci-omap 481d8000.mmc: No GPIO consumer wp found
[    0.607549] sdhci-omap 481d8000.mmc: supply pbias not found, using dummy regulator
[    0.608041] sdhci-omap 481d8000.mmc: supply vqmmc not found, using dummy regulator
[    0.639075] mdio_bus 4a101000.mdio: using DT '/ocp/interconnect@4a000000/segment@0/target-module@100000/switch@0/mdio@1000' for 'reset' GPIO lookup
[    0.639147] of_get_named_gpiod_flags: can't parse 'reset-gpios' property of node '/ocp/interconnect@4a000000/segment@0/target-module@100000/switch@0/mdio@1000[0]'
[    0.639193] of_get_named_gpiod_flags: can't parse 'reset-gpio' property of node '/ocp/interconnect@4a000000/segment@0/target-module@100000/switch@0/mdio@1000[0]'
[    0.639240] mdio_bus 4a101000.mdio: using lookup tables for GPIO lookup
[    0.639250] mdio_bus 4a101000.mdio: No GPIO consumer reset found
[    0.700447] davinci_mdio 4a101000.mdio: davinci mdio revision 1.6, bus freq 1000000
[    0.715392] mdio_bus 4a101000.mdio:00: using DT '/ocp/interconnect@4a000000/segment@0/target-module@100000/switch@0/mdio@1000/ethernet-phy@0' for 'reset' GPIO lookup
[    0.715490] of_get_named_gpiod_flags: parsed 'reset-gpios' property of node '/ocp/interconnect@4a000000/segment@0/target-module@100000/switch@0/mdio@1000/ethernet-phy@0[0]' - status (0)
[    0.715654] gpio gpiochip0: Persistence not supported for GPIO 8
[    0.841079] davinci_mdio 4a101000.mdio: phy[0]: device 4a101000.mdio:00, driver SMSC LAN8710/LAN8720
[    0.841972] cpsw-switch 4a100000.switch: initialized cpsw ale version 1.4
[    0.841994] cpsw-switch 4a100000.switch: ALE Table size 1024, Policers 0
[    0.855884] cpsw-switch 4a100000.switch: cpts: overflow check period 500 (jiffies)
[    0.855908] cpsw-switch 4a100000.switch: CPTS: ref_clk_freq:250000000 calc_mult:2147483648 calc_shift:29 error:0 nsec/sec
[    0.856010] cpsw-switch 4a100000.switch: Detected MACID = 6c:ec:eb:68:de:78
[    0.857899] cpsw-switch 4a100000.switch: initialized (regs 0x4a100000, pool size 256) hw_ver:0019010C 1.12 (0)
[    0.870448] debugfs: '49000000.dma' already exists in 'dmaengine'
[    0.870493] edma 49000000.dma: TI EDMA DMA engine driver
[    0.907561] gpio-clk clk_mcasp0: using DT '/clk_mcasp0' for 'enable' GPIO lookup
[    0.907636] of_get_named_gpiod_flags: parsed 'enable-gpios' property of node '/clk_mcasp0[0]' - status (0)
[    0.907681] gpio gpiochip0: Persistence not supported for GPIO 27
[    0.908423] gpiochip_find_base_unlocked: found new base at 608
[    0.908535] gpio gpiochip3: (gpio-96-127): created GPIO range 0->7 ==> 44e10800.pinmux PIN 82->89
[    0.908557] gpio gpiochip3: (gpio-96-127): created GPIO range 8->11 ==> 44e10800.pinmux PIN 52->55
[    0.908573] gpio gpiochip3: (gpio-96-127): created GPIO range 12->15 ==> 44e10800.pinmux PIN 94->97
[    0.908589] gpio gpiochip3: (gpio-96-127): created GPIO range 16->17 ==> 44e10800.pinmux PIN 71->72
[    0.908605] gpio gpiochip3: (gpio-96-127): created GPIO range 18->18 ==> 44e10800.pinmux PIN 135->135
[    0.908622] gpio gpiochip3: (gpio-96-127): created GPIO range 19->20 ==> 44e10800.pinmux PIN 108->109
[    0.908639] gpio gpiochip3: (gpio-96-127): created GPIO range 21->21 ==> 44e10800.pinmux PIN 73->73
[    0.908656] gpio gpiochip3: (gpio-96-127): created GPIO range 22->23 ==> 44e10800.pinmux PIN 8->9
[    0.908674] gpio gpiochip3: (gpio-96-127): created GPIO range 26->27 ==> 44e10800.pinmux PIN 10->11
[    0.908691] gpio gpiochip3: (gpio-96-127): created GPIO range 28->28 ==> 44e10800.pinmux PIN 74->74
[    0.908709] gpio gpiochip3: (gpio-96-127): created GPIO range 29->29 ==> 44e10800.pinmux PIN 81->81
[    0.908727] gpio gpiochip3: (gpio-96-127): created GPIO range 30->31 ==> 44e10800.pinmux PIN 28->29
[    0.920664] gpio gpiochip3: (gpio-96-127): added GPIO chardev (254:3)
[    0.920907] gpio gpiochip3: registered GPIOs 608 to 639 on gpio-96-127
[    0.933523] omap8250 44e09000.serial: using DT '/ocp/interconnect@44c00000/segment@200000/target-module@9000/serial@0' for 'rs485-term' GPIO lookup
[    0.933597] of_get_named_gpiod_flags: can't parse 'rs485-term-gpios' property of node '/ocp/interconnect@44c00000/segment@200000/target-module@9000/serial@0[0]'
[    0.933640] of_get_named_gpiod_flags: can't parse 'rs485-term-gpio' property of node '/ocp/interconnect@44c00000/segment@200000/target-module@9000/serial@0[0]'
[    0.933676] omap8250 44e09000.serial: using lookup tables for GPIO lookup
[    0.933687] omap8250 44e09000.serial: No GPIO consumer rs485-term found
[    0.933698] omap8250 44e09000.serial: using DT '/ocp/interconnect@44c00000/segment@200000/target-module@9000/serial@0' for 'rs485-rx-during-tx' GPIO lookup
[    0.933732] of_get_named_gpiod_flags: can't parse 'rs485-rx-during-tx-gpios' property of node '/ocp/interconnect@44c00000/segment@200000/target-module@9000/serial@0[0]'
[    0.933768] of_get_named_gpiod_flags: can't parse 'rs485-rx-during-tx-gpio' property of node '/ocp/interconnect@44c00000/segment@200000/target-module@9000/serial@0[0]'
[    0.933799] omap8250 44e09000.serial: using lookup tables for GPIO lookup
[    0.933808] omap8250 44e09000.serial: No GPIO consumer rs485-rx-during-tx found
[    0.934263] 44e09000.serial: ttyS0 at MMIO 0x44e09000 (irq = 34, base_baud = 3000000) is a 8250
[    0.934356] printk: legacy console [ttyS0] enabled
[    2.418207] i2c i2c-0: using DT '/ocp/interconnect@44c00000/segment@200000/target-module@b000/i2c@0' for 'scl' GPIO lookup
