Labgrid Console Logfile for main
Logfile started at 2024-10-22 18:33:06.084055
=== Log starts here ===
reading args
spl_load_image_fat_os: error reading image args, err - -1
reading u-boot.img
reading u-boot.img


U-Boot 2014.04-00014-g47880f5 (Apr 22 2014 - 13:23:54)

I2C:   ready
DRAM:  512 MiB
NAND:  0 MiB
MMC:   OMAP SD/MMC: 0, OMAP SD/MMC: 1
*** Warning - readenv() failed, using default environment

Net:   <ethaddr> not set. Validating first E-fuse MAC
cpsw, usb_ether
Hit any key to stop autoboot:  1  0 
gpio: pin 53 (gpio 53) value is 1
mmc0 is current device
gpio: pin 54 (gpio 54) value is 1
SD/MMC found on device 0
reading uEnv.txt
569 bytes read in 3 ms (184.6 KiB/s)
gpio: pin 55 (gpio 55) value is 1
Loaded environment from uEnv.txt
Importing environment from mmc ...
Checking if uenvcmd is set ...
gpio: pin 56 (gpio 56) value is 1
Running uenvcmd ...
cpsw Waiting for PHY auto negotiation to complete. done
link up on port 0, speed 100, full duplex
Using cpsw device
TFTP from server 192.168.255.126; our IP address is 192.168.255.1
Filename 'zImage'.
Load address: 0x81000000
Loading: *T #################################################################
	 #################################################################
	 #################################################################
	 #################################################################
	 #################################################################
	 ###############################################
	 744.1 KiB/s
done
Bytes transferred = 5446952 (531d28 hex)
link up on port 0, speed 100, full duplex
Using cpsw device
TFTP from server 192.168.255.126; our IP address is 192.168.255.1
Filename 'am335x-boneblack.dtb'.
Load address: 0x82000000
Loading: *#######
	 2.2 MiB/s
done
Bytes transferred = 97996 (17ecc hex)
Kernel image @ 0x81000000 [ 0x000000 - 0x531d28 ]
## Flattened Device Tree blob at 82000000
   Booting using the fdt blob at 0x82000000
   Using Device Tree in place at 82000000, end 8201aecb

Starting kernel ...

[    0.000000] Booting Linux on physical CPU 0x0
[    0.000000] Linux version 6.11.5 (user01@drvtest01) (arm-linux-gnueabihf-gcc (Linaro GCC 6.4-2017.11) 6.4.1 20171012, GNU ld (Linaro_Binutils-2017.11) 2.27.0.20161229) #4 SMP Tue Oct 22 18:30:38 EEST 2024
[    0.000000] CPU: ARMv7 Processor [413fc082] revision 2 (ARMv7), cr=10c5387d
[    0.000000] CPU: PIPT / VIPT nonaliasing data cache, VIPT aliasing instruction cache
[    0.000000] OF: fdt: Machine model: TI AM335x BeagleBone Black
[    0.000000] Memory policy: Data cache writeback
[    0.000000] cma: Reserved 16 MiB at 0x9e800000 on node -1
[    0.000000] Zone ranges:
[    0.000000]   Normal   [mem 0x0000000080000000-0x000000009fdfffff]
[    0.000000]   HighMem  empty
[    0.000000] Movable zone start for each node
[    0.000000] Early memory node ranges
[    0.000000]   node   0: [mem 0x0000000080000000-0x000000009fdfffff]
[    0.000000] Initmem setup node 0 [mem 0x0000000080000000-0x000000009fdfffff]
[    0.000000] CPU: All CPU(s) started in SVC mode.
[    0.000000] AM335X ES2.1 (sgx neon)
[    0.000000] percpu: Embedded 17 pages/cpu s39628 r8192 d21812 u69632
[    0.000000] Kernel command line: console=ttyO0,115200n8 root=/dev/nfs rw nfsroot=192.168.255.126:/home/user01/nfs,nfsvers=3 ip=192.168.255.1:192.168.255.126::255.255.255.0:bbb1:eth0 nfsrootdebug
[    0.000000] Unknown kernel command line parameters "nfsrootdebug", will be passed to user space.
[    0.000000] Dentry cache hash table entries: 65536 (order: 6, 262144 bytes, linear)
[    0.000000] Inode-cache hash table entries: 32768 (order: 5, 131072 bytes, linear)
[    0.000000] Built 1 zonelists, mobility grouping on.  Total pages: 130560
[    0.000000] mem auto-init: stack:off, heap alloc:off, heap free:off
[    0.000000] SLUB: HWalign=64, Order=0-3, MinObjects=0, CPUs=1, Nodes=1
[    0.000000] trace event string verifier disabled
[    0.000000] rcu: Hierarchical RCU implementation.
[    0.000000] rcu: 	RCU event tracing is enabled.
[    0.000000] rcu: 	RCU restricting CPUs from NR_CPUS=2 to nr_cpu_ids=1.
[    0.000000] rcu: RCU calculated value of scheduler-enlistment delay is 10 jiffies.
[    0.000000] rcu: Adjusting geometry for rcu_fanout_leaf=16, nr_cpu_ids=1
[    0.000000] NR_IRQS: 16, nr_irqs: 16, preallocated irqs: 16
[    0.000000] IRQ: Found an INTC at 0x(ptrval) (revision 5.0) with 128 interrupts
[    0.000000] rcu: srcu_init: Setting srcu_struct sizes based on contention.
[    0.000000] TI gptimer clocksource: always-on /ocp/interconnect@44c00000/segment@200000/target-module@31000
[    0.000003] sched_clock: 32 bits at 24MHz, resolution 41ns, wraps every 89478484971ns
[    0.000027] clocksource: dmtimer: mask: 0xffffffff max_cycles: 0xffffffff, max_idle_ns: 79635851949 ns
[    0.000509] TI gptimer clockevent: 24000000 Hz at /ocp/interconnect@48000000/segment@0/target-module@40000
[    0.002138] Console: colour dummy device 80x30
[    0.002207] WARNING: Your 'console=ttyO0' has been replaced by 'ttyS0'
[    0.002217] This ensures that you still see kernel messages. Please
[    0.002223] update your kernel commandline.
[    0.002266] Calibrating delay loop... 996.14 BogoMIPS (lpj=4980736)
[    0.090567] CPU: Testing write buffer coherency: ok
[    0.090673] CPU0: Spectre v2: using BPIALL workaround
[    0.090686] pid_max: default: 32768 minimum: 301
[    0.090812] LSM: initializing lsm=capability
[    0.090982] Mount-cache hash table entries: 1024 (order: 0, 4096 bytes, linear)
[    0.091005] Mountpoint-cache hash table entries: 1024 (order: 0, 4096 bytes, linear)
[    0.092538] CPU0: thread -1, cpu 0, socket -1, mpidr 0
[    0.094251] Setting up static identity map for 0x80100000 - 0x80100078
[    0.094566] rcu: Hierarchical SRCU implementation.
[    0.094579] rcu: 	Max phase no-delay instances is 1000.
[    0.096255] smp: Bringing up secondary CPUs ...
[    0.096314] smp: Brought up 1 node, 1 CPU
[    0.096331] SMP: Total of 1 processors activated (996.14 BogoMIPS).
[    0.096345] CPU: All CPU(s) started in SVC mode.
[    0.096536] Memory: 480876K/522240K available (11264K kernel code, 1197K rwdata, 2856K rodata, 1024K init, 297K bss, 23344K reserved, 16384K cma-reserved, 0K highmem)
[    0.097326] devtmpfs: initialized
[    0.113716] VFP support v0.3: implementor 41 architecture 3 part 30 variant c rev 3
[    0.114077] clocksource: jiffies: mask: 0xffffffff max_cycles: 0xffffffff, max_idle_ns: 19112604462750000 ns
[    0.114116] futex hash table entries: 256 (order: 2, 16384 bytes, linear)
[    0.115401] pinctrl core: initialized pinctrl subsystem
[    0.118146] NET: Registered PF_NETLINK/PF_ROUTE protocol family
[    0.121134] DMA: preallocated 256 KiB pool for atomic coherent allocations
[    0.122095] audit: initializing netlink subsys (disabled)
[    0.123471] thermal_sys: Registered thermal governor 'fair_share'
[    0.123491] thermal_sys: Registered thermal governor 'step_wise'
[    0.123503] thermal_sys: Registered thermal governor 'user_space'
[    0.123621] audit: type=2000 audit(0.120:1): state=initialized audit_enabled=0 res=1
[    0.123694] cpuidle: using governor menu
[    0.142769] No ATAGs?
[    0.142802] hw-breakpoint: debug architecture 0x4 unsupported.
[    0.145701] kprobes: kprobe jump-optimization is enabled. All kprobes are optimized if possible.
[    0.163975] iommu: Default domain type: Translated
[    0.164001] iommu: DMA domain TLB invalidation policy: strict mode
[    0.171357] SCSI subsystem initialized
[    0.181345] pps_core: LinuxPPS API ver. 1 registered
[    0.181359] pps_core: Software ver. 5.3.6 - Copyright 2005-2007 Rodolfo Giometti <giometti@linux.it>
[    0.181386] PTP clock support registered
[    0.183298] vgaarb: loaded
[    0.183693] clocksource: Switched to clocksource dmtimer
[    0.184289] VFS: Disk quotas dquot_6.6.0
[    0.184336] VFS: Dquot-cache hash table entries: 1024 (order 0, 4096 bytes)
[    0.209802] NET: Registered PF_INET protocol family
[    0.210162] IP idents hash table entries: 8192 (order: 4, 65536 bytes, linear)
[    0.211554] tcp_listen_portaddr_hash hash table entries: 512 (order: 0, 4096 bytes, linear)
[    0.211594] Table-perturb hash table entries: 65536 (order: 6, 262144 bytes, linear)
[    0.211612] TCP established hash table entries: 4096 (order: 2, 16384 bytes, linear)
[    0.211657] TCP bind hash table entries: 4096 (order: 4, 65536 bytes, linear)
[    0.211759] TCP: Hash tables configured (established 4096 bind 4096)
[    0.211880] UDP hash table entries: 256 (order: 1, 8192 bytes, linear)
[    0.211911] UDP-Lite hash table entries: 256 (order: 1, 8192 bytes, linear)
[    0.212086] NET: Registered PF_UNIX/PF_LOCAL protocol family
[    0.224673] RPC: Registered named UNIX socket transport module.
[    0.224703] RPC: Registered udp transport module.
[    0.224710] RPC: Registered tcp transport module.
[    0.224717] RPC: Registered tcp-with-tls transport module.
[    0.224724] RPC: Registered tcp NFSv4.1 backchannel transport module.
[    0.224749] PCI: CLS 0 bytes, default 64
[    0.226197] Initialise system trusted keyrings
[    0.227321] workingset: timestamp_bits=14 max_order=17 bucket_order=3
[    0.228597] NFS: Registering the id_resolver key type
[    0.228684] Key type id_resolver registered
[    0.228694] Key type id_legacy registered
[    0.228745] jffs2: version 2.2. (NAND) (SUMMARY)  Â© 2001-2006 Red Hat, Inc.
[    0.229203] Key type asymmetric registered
[    0.229225] Asymmetric key parser 'x509' registered
[    0.229291] io scheduler mq-deadline registered
[    0.229303] io scheduler kyber registered
[    0.229374] io scheduler bfq registered
[    0.244232] Serial: 8250/16550 driver, 6 ports, IRQ sharing enabled
[    0.306376] brd: module loaded
[    0.332106] loop: module loaded
[    0.333036] mtdoops: mtd device (mtddev=name/number) must be supplied
[    0.336394] i2c_dev: i2c /dev entries driver
[    0.337358] cpuidle: enable-method property 'ti,am3352' found operations
[    0.337809] sdhci: Secure Digital Host Controller Interface driver
[    0.337821] sdhci: Copyright(c) Pierre Ossman
[    0.337996] sdhci-pltfm: SDHCI platform and OF driver helper
[    0.338278] ledtrig-cpu: registered to indicate activity on CPUs
[    0.339208] Initializing XFRM netlink socket
[    0.339341] NET: Registered PF_INET6 protocol family
[    0.360999] Segment Routing with IPv6
[    0.361100] In-situ OAM (IOAM) with IPv6
[    0.361199] sit: IPv6, IPv4 and MPLS over IPv4 tunneling driver
[    0.362141] NET: Registered PF_PACKET protocol family
[    0.362189] NET: Registered PF_KEY protocol family
[    0.362309] Key type dns_resolver registered
[    0.362583] ThumbEE CPU extension supported.
[    0.362607] Registering SWP/SWPB emulation handler
[    0.363133] omap_voltage_late_init: Voltage driver support not added
[    0.363475] SmartReflex Class3 initialized
[    0.387099] Loading compiled-in X.509 certificates
[    0.467796] platform 44e10800.pinmux: Fixed dependency cycle(s) with /ocp/interconnect@44c00000/segment@200000/target-module@10000/scm@0/pinmux@800/clkout2-pins
[    0.468375] pinctrl-single 44e10800.pinmux: 142 pins, size 568
[    0.473374] ti-sysc 44e31000.target-module: probe with driver ti-sysc failed with error -16
[    0.510938] ti-sysc 48040000.target-module: probe with driver ti-sysc failed with error -16
[    0.538376] OMAP GPIO hardware version 0.1
[    0.568881] omap_i2c 4819c000.i2c: bus 2 rev0.11 at 100 kHz
[    0.595820] 48000000.interconnect:segment@200000:target-module@0:mpu@0:fck: device ID is greater than 24
[    0.599954] platform 4830e000.lcdc: Fixed dependency cycle(s) with /ocp/interconnect@44c00000/segment@200000/target-module@b000/i2c@0/tda19988@70
[    0.611773] sdhci-omap 481d8000.mmc: supply pbias not found, using dummy regulator
[    0.612242] sdhci-omap 481d8000.mmc: supply vqmmc not found, using dummy regulator
[    0.688858] davinci_mdio 4a101000.mdio: davinci mdio revision 1.6, bus freq 1000000
[    0.803572] davinci_mdio 4a101000.mdio: phy[0]: device 4a101000.mdio:00, driver SMSC LAN8710/LAN8720
[    0.804282] cpsw-switch 4a100000.switch: initialized cpsw ale version 1.4
[    0.804307] cpsw-switch 4a100000.switch: ALE Table size 1024
[    0.804653] cpsw-switch 4a100000.switch: cpts: overflow check period 500 (jiffies)
[    0.804679] cpsw-switch 4a100000.switch: CPTS: ref_clk_freq:250000000 calc_mult:2147483648 calc_shift:29 error:0 nsec/sec
[    0.804798] cpsw-switch 4a100000.switch: Detected MACID = 6c:ec:eb:68:de:78
[    0.806626] cpsw-switch 4a100000.switch: initialized (regs 0x4a100000, pool size 256) hw_ver:0019010C 1.12 (0)
[    0.817684] debugfs: Directory '49000000.dma' with parent 'dmaengine' already present!
[    0.817732] edma 49000000.dma: TI EDMA DMA engine driver
[    0.869840] target-module@4b000000:target-module@140000:pmu@0:fck: device ID is greater than 24
[    0.893645] hw perfevents: enabled with armv7_cortex_a8 PMU driver, 5 counters available
[    0.901425] l3-aon-clkctrl:0000:0: failed to disable
[    0.920517] 44e09000.serial: ttyS0 at MMIO 0x44e09000 (irq = 34, base_baud = 3000000) is a 8250
[    0.920608] printk: legacy console [ttyS0] enabled
[    2.164805] tps65217-pmic: Failed to locate of_node [id: -1]
[    2.170889] tps65217-bl: Failed to locate of_node [id: -1]
[    2.182094] tps65217 0-0024: TPS65217 ID 0xe version 1.2
[    2.188245] platform 4830e000.lcdc: Fixed dependency cycle(s) with /ocp/interconnect@44c00000/segment@200000/target-module@b000/i2c@0/tda19988@70
[    2.201658] i2c 0-0070: Fixed dependency cycle(s) with /ocp/interconnect@48000000/segment@300000/target-module@e000/lcdc@0
[    2.213047] omap_i2c 44e0b000.i2c: bus 0 rev0.11 at 400 kHz
[    2.221673] omap_gpio 44e07000.gpio: Could not set line 6 debounce to 200000 microseconds (-22)
[    2.230588] sdhci-omap 48060000.mmc: Got CD GPIO
[    2.235648] sdhci-omap 48060000.mmc: supply pbias not found, using dummy regulator
[    2.246080] sdhci-omap 48060000.mmc: supply vqmmc not found, using dummy regulator
[    2.254552] sdhci-omap 481d8000.mmc: supply pbias not found, using dummy regulator
[    2.262546] sdhci-omap 481d8000.mmc: supply vqmmc not found, using dummy regulator
[    2.300618] mmc1: SDHCI controller on 481d8000.mmc [481d8000.mmc] using External DMA
[    2.309830] mmc0: SDHCI controller on 48060000.mmc [48060000.mmc] using External DMA
[    2.318586] cpsw-switch 4a100000.switch: starting ndev. mode: dual_mac
[    2.362880] mmc0: new high speed SDHC card at address 5048
[    2.369917] mmcblk0: mmc0:5048 SD16G 14.4 GiB
[    2.377991]  mmcblk0: p1 p2
[    2.381356] mmcblk0: p2 size 31221760 extends beyond EOD, truncated
[    2.395837] mmc1: new high speed MMC card at address 0001
[    2.402582] mmcblk1: mmc1:0001 MMC04G 3.60 GiB
[    2.410186]  mmcblk1: p1 p2
[    2.413926] SMSC LAN8710/LAN8720 4a101000.mdio:00: attached PHY driver (mii_bus:phy_addr=4a101000.mdio:00, irq=POLL)
[    2.425344] mmcblk1boot0: mmc1:0001 MMC04G 2.00 MiB
[    2.432278] mmcblk1boot1: mmc1:0001 MMC04G 2.00 MiB
[    2.445346] mmcblk1rpmb: mmc1:0001 MMC04G 128 KiB, chardev (250:0)
[    5.604437] cpsw-switch 4a100000.switch eth0: Link is Up - 100Mbps/Full - flow control off
[    5.643929] IP-Config: Complete:
[    5.647200]      device=eth0, hwaddr=6c:ec:eb:68:de:78, ipaddr=192.168.255.1, mask=255.255.255.0, gw=255.255.255.255
[    5.657868]      host=bbb1, domain=, nis-domain=(none)
[    5.663037]      bootserver=192.168.255.126, rootserver=192.168.255.126, rootpath=
[    5.663460] clk: Disabling unused clocks
[    5.675300] PM: genpd: Disabling unused power domains
[    5.680422] KTAP version 1
[    5.683144] 1..0
[    5.707160] VFS: Mounted root (nfs filesystem) on device 0:17.
[    5.714158] devtmpfs: mounted
[    5.718807] Freeing unused kernel image (initmem) memory: 1024K
[    5.725683] Run /sbin/init as init process
[    6.410670] systemd[1]: System time before build time, advancing clock.
[    7.863713] random: crng init done
[    7.926238] systemd[1]: systemd 232 running in system mode. (+PAM +AUDIT +SELINUX +IMA +APPARMOR +SMACK +SYSVINIT +UTMP +LIBCRYPTSETUP +GCRYPT +GNUTLS +ACL +XZ +LZ4 +SECCOMP +BLKID +ELFUTILS +KMOD +IDN)
[    7.945222] systemd[1]: Detected architecture arm.

Welcome to [1mDebian GNU/Linux 9 (stretch)[0m!

[    7.986610] systemd[1]: Set hostname to <arm>.
[    9.049765] systemd[1]: Listening on udev Control Socket.
[[0;32m  OK  [0m] Listening on udev Control Socket.
[    9.084080] systemd[1]: Reached target Swap.
[[0;32m  OK  [0m] Reached target Swap.
[    9.115312] systemd[1]: Created slice System Slice.
[[0;32m  OK  [0m] Created slice System Slice.
[    9.154173] systemd[1]: dev-hugepages.mount: Couldn't determine result for ConditionVirtualization=!private-users, assuming failed: No such file or directory
[    9.169169] systemd[1]: Started Forward Password Requests to Wall Directory Watch.
[[0;32m  OK  [0m] Started Forward Password Requests to Wall Directory Watch.
[    9.205349] systemd[1]: Set up automount Arbitrary Executable File Formats File System Automount Point.
[[0;32m  OK  [0m] Set up automount Arbitrary Executabâ€¦rmats File System Automount Point.
[    9.245720] systemd[1]: Listening on Journal Socket (/dev/log).
[[0;32m  OK  [0m] Listening on Journal Socket (/dev/log).
         Mounting POSIX Message Queue File System...
[[0;32m  OK  [0m] Listening on udev Kernel Socket.
[[0;32m  OK  [0m] Created slice system-serial\x2dgetty.slice.
[[0;32m  OK  [0m] Started Dispatch Password Requests to Console Directory Watch.
[[0;32m  OK  [0m] Reached target Paths.
[[0;32m  OK  [0m] Listening on Syslog Socket.
[[0;32m  OK  [0m] Reached target Encrypted Volumes.
[[0;32m  OK  [0m] Reached target Remote File Systems.
[[0;32m  OK  [0m] Created slice User and Session Slice.
[[0;32m  OK  [0m] Reached target Slices.
[[0;32m  OK  [0m] Listening on /dev/initctl Compatibility Named Pipe.
         Mounting Debug File System...
[[0;32m  OK  [0m] Listening on Journal Audit Socket.
[[0;32m  OK  [0m] Created slice system-getty.slice.
[[0;32m  OK  [0m] Listening on Journal Socket.
         Starting Load Kernel Modules...
         Starting Journal Service...
         Starting Create list of required stâ€¦ce nodes for the current kernel...
         Starting Remount Root and Kernel File Systems...
[[0;32m  OK  [0m] Mounted POSIX Message Queue File System.
[[0;32m  OK  [0m] Mounted Debug File System.
[[0;32m  OK  [0m] Started Load Kernel Modules.
[[0;32m  OK  [0m] Started Create list of required staâ€¦vice nodes for the current kernel.
         Starting Create Static Device Nodes in /dev...
         Mounting Configuration File System...
         Starting Apply Kernel Variables...
[[0;32m  OK  [0m] Started Remount Root and Kernel File Systems.
         Starting Load/Save Random Seed...
         Starting udev Coldplug all Devices...
[[0;32m  OK  [0m] Mounted Configuration File System.
[[0;32m  OK  [0m] Started Apply Kernel Variables.
[[0;32m  OK  [0m] Started Load/Save Random Seed.
[[0;32m  OK  [0m] Started Create Static Device Nodes in /dev.
[[0;32m  OK  [0m] Reached target Local File Systems (Pre).
[[0;32m  OK  [0m] Reached target Local File Systems.
         Starting Raise network interfaces...
         Starting udev Kernel Device Manager...
[[0;32m  OK  [0m] Started Journal Service.
         Starting Flush Journal to Persistent Storage...
[   11.445023] systemd-journald[88]: Received request to flush runtime journal from PID 1
[[0;32m  OK  [0m] Started Flush Journal to Persistent Storage.
         Starting Create Volatile Files and Directories...
[[0;32m  OK  [0m] Started udev Kernel Device Manager.
[[0;32m  OK  [0m] Started Create Volatile Files and Directories.
         Starting Update UTMP about System Boot/Shutdown...
         Starting Network Time Synchronization...
[[0;32m  OK  [0m] Started Update UTMP about System Boot/Shutdown.
[[0;32m  OK  [0m] Started udev Coldplug all Devices.
[   14.481127] remoteproc remoteproc0: wkup_m3 is available
[   14.794359] omap_wdt: OMAP Watchdog Timer Rev 0x01: initial timeout 60 sec
[[0;32m  OK  [0m] Started Network Time Synchronization.
[[0;32m  OK  [0m] Reached target System Initialization.
[   14.939972] wkup_m3_ipc 44e11324.wkup_m3_ipc: IPC Request for A8->M3 Channel failed! -517
[[0;32m  OK  [0m] Listening on Avahi mDNS/DNS-SD Stack Activation Socket.
[   14.999962] at24 2-0054: supply vcc not found, using dummy regulator
[[0;32m  OK  [0m] Listening on D-Bus System Message Bus Socket.
[[0;32m  OK  [0m] Reached target Sockets.
[[0;32m  OK  [0m] Reached target Basic System.
[   15.163110] at24 2-0055: supply vcc not found, using dummy regulator
[   15.302032] at24 2-0056: supply vcc not found, using dummy regulator
         Starting Cape Manager Service...
[   15.409020] at24 2-0057: supply vcc not found, using dummy regulator
[   15.504687] at24 0-0050: 32768 byte 24c256 EEPROM, writable, 1 bytes/write
[   15.517173] wkup_m3_ipc 44e11324.wkup_m3_ipc: IPC Request for A8->M3 Channel failed! -517
[   15.639738] tps6521x_pwrbutton tps65217-pwrbutton: DMA mask not set
[[0;32m  OK  [0m] Started Regular background program processing daemon.
[   15.742430] wkup_m3_ipc 44e11324.wkup_m3_ipc: IPC Request for A8->M3 Channel failed! -517
[   15.755549] omap_rtc 44e3e000.rtc: registered as rtc0
[   15.760757] omap_rtc 44e3e000.rtc: setting system clock to 2000-01-01T00:00:00 UTC (946684800)
[   15.779868] input: tps65217_pwrbutton as /devices/platform/ocp/44c00000.interconnect/44c00000.interconnect:segment@200000/44e0b000.target-module/44e0b000.i2c/i2c-0/0-0024/tps65217-pwrbutton/input/input0
[[0;32m  OK  [0m] Started D-Bus System Message Bus.
[   15.890074] wkup_m3_ipc 44e11324.wkup_m3_ipc: IPC Request for A8->M3 Channel failed! -517
[   15.945680] am335x-phy-driver 47401300.usb-phy: dummy supplies not allowed for exclusive requests (id=vbus)
[   16.158087] am335x-phy-driver 47401b00.usb-phy: dummy supplies not allowed for exclusive requests (id=vbus)
[   16.169246] wkup_m3_ipc 44e11324.wkup_m3_ipc: IPC Request for A8->M3 Channel failed! -517
[   16.315243] usbcore: registered new interface driver usbfs
[   16.320884] usbcore: registered new interface driver hub
[   16.326469] usbcore: registered new device driver usb
[   16.574438] wkup_m3_ipc 44e11324.wkup_m3_ipc: IPC Request for A8->M3 Channel failed! -517
[   16.655607] tda998x 0-0070: found TDA19988
[   16.743330] wkup_m3_ipc 44e11324.wkup_m3_ipc: IPC Request for A8->M3 Channel failed! -517
[   16.958025] wkup_m3_ipc 44e11324.wkup_m3_ipc: IPC Request for A8->M3 Channel failed! -517
[   17.081753] musb-hdrc musb-hdrc.1: MUSB HDRC host driver
[   17.087395] musb-hdrc musb-hdrc.1: new USB bus registered, assigned bus number 1
[   17.118991] wkup_m3_ipc 44e11324.wkup_m3_ipc: IPC Request for A8->M3 Channel failed! -517
[   17.261977] usb usb1: New USB device found, idVendor=1d6b, idProduct=0002, bcdDevice= 6.11
[   17.270491] usb usb1: New USB device strings: Mfr=3, Product=2, SerialNumber=1
[   17.277824] usb usb1: Product: MUSB HDRC host driver
[   17.282817] usb usb1: Manufacturer: Linux 6.11.5 musb-hcd
[   17.288274] usb usb1: SerialNumber: musb-hdrc.1
[   17.502168] hub 1-0:1.0: USB hub found
[   17.550947] hub 1-0:1.0: 1 port detected
[   17.645257] wkup_m3_ipc 44e11324.wkup_m3_ipc: IPC Request for A8->M3 Channel failed! -517
[   17.659972] wkup_m3_ipc 44e11324.wkup_m3_ipc: IPC Request for A8->M3 Channel failed! -517
[   17.739824] omap-mailbox 480c8000.mailbox: omap mailbox rev 0x400
[   17.850420] remoteproc remoteproc0: powering up wkup_m3
[   18.047367] remoteproc remoteproc0: Direct firmware load for am335x-pm-firmware.elf failed with error -2
[   18.057090] remoteproc remoteproc0: request_firmware failed: -2
[   18.063051] wkup_m3_ipc 44e11324.wkup_m3_ipc: rproc_boot failed
[   19.464355] tilcdc 4830e000.lcdc: bound 0-0070 (ops tda998x_driver_exit [tda998x])
[   19.483991] omap_rng 48310000.rng: Random Number Generator ver. 20
[   19.575042] [drm] Initialized tilcdc 1.0.0 for 4830e000.lcdc on minor 0
[   19.625389] tilcdc 4830e000.lcdc: [drm] Cannot find any crtc or sizes
[   19.633381] tilcdc 4830e000.lcdc: [drm] Cannot find any crtc or sizes
         Starting Connection service...
         Starting Telephony service...
         Starting LSB: Load kernel modules needed to enable cpufreq scaling...
         Starting Login Service...
         Starting LSB: Start busybox udhcpd at boot time...
[[0;32m  OK  [0m] Started Daily Cleanup of Temporary Directories.
         Starting Generic Board Startup...
         Starting System Logging Service...
         Starting Avahi mDNS/DNS-SD Stack...
         Starting DUN service...
[[0;32m  OK  [0m] Reached target System Time Synchronized.
[   20.725510] PM: Cannot get wkup_m3_ipc handle
[[0;32m  OK  [0m] Started Daily apt download activities.
[[0;32m  OK  [0m] Started Daily apt upgrade and clean activities.
[[0;32m  OK  [0m] Reached target Timers.
[   21.030354] omap-sham 53100000.sham: hw accel on OMAP rev 4.3
[   21.237757] omap-sham 53100000.sham: will run requests pump with realtime priority
[   21.246958] PM: Cannot get wkup_m3_ipc handle
[[0;32m  OK  [0m] Started Cape Manager Service.
[   21.428434] omap-aes 53500000.aes: OMAP AES hw accel rev: 3.2
[   21.570526] omap-aes 53500000.aes: will run requests pump with realtime priority
[   21.586444] PM: Cannot get wkup_m3_ipc handle
[[0;32m  OK  [0m] Found device /dev/ttyS0.
[[0;32m  OK  [0m] Started System Logging Service.
[   23.171858] Bluetooth: Core ver 2.22
[   23.175878] NET: Registered PF_BLUETOOTH protocol family
[   23.181231] Bluetooth: HCI device and connection manager initialized
[   23.187740] Bluetooth: HCI socket layer initialized
[   23.192656] Bluetooth: L2CAP socket layer initialized
[   23.197819] Bluetooth: SCO socket layer initialized
[   24.847215] PM: Cannot get wkup_m3_ipc handle
[   24.951644] PM: Cannot get wkup_m3_ipc handle
[[0;32m  OK  [0m] Started Raise network interfaces.
[[0;32m  OK  [0m] Started LSB: Start busybox udhcpd at boot time.
[[0;32m  OK  [0m] Started LSB: Load kernel modules needed to enable cpufreq scaling.
[   28.518546] configfs-gadget.g_multi gadget.0: HOST MAC 1c:ba:8c:a2:ed:6c
[   28.525536] configfs-gadget.g_multi gadget.0: MAC 1c:ba:8c:a2:ed:70
[   28.532887] configfs-gadget.g_multi gadget.0: HOST MAC 1c:ba:8c:a2:ed:6c
[   28.539782] configfs-gadget.g_multi gadget.0: MAC 1c:ba:8c:a2:ed:6d
[   28.554427] PM: Cannot get wkup_m3_ipc handle
[[0;32m  OK  [0m] Started Telephony service.
[[0;32m  OK  [0m] Started DUN service.
[[0;32m  OK  [0m] Started Connection service.
[[0;32m  OK  [0m] Started Avahi mDNS/DNS-SD Stack.
[[0;32m  OK  [0m] Started Login Service.
[[0;32m  OK  [0m] Reached target Sound Card.
         Starting LSB: set CPUFreq kernel parameters...
[[0;32m  OK  [0m] Reached target Network.
         Starting The Apache HTTP Server...
         Starting OpenBSD Secure Shell server...
[[0;32m  OK  [0m] Reached target Network is Online.
         Starting LSB: Advanced IEEE 802.11 management daemon...
         Starting Permit User Sessions...
[[0;32m  OK  [0m] Started LSB: Advanced IEEE 802.11 management daemon.
[[0;32m  OK  [0m] Started Permit User Sessions.
         Starting Hostname Service...
[[0;32m  OK  [0m] Started Getty on tty1.
[[0;32m  OK  [0m] Started Serial Getty on ttyS0.
[[0;32m  OK  [0m] Reached target Login Prompts.
         Starting WPA supplicant...
[[0;32m  OK  [0m] Started LSB: set CPUFreq kernel parameters.
[[0;32m  OK  [0m] Started Hostname Service.
[[0;32m  OK  [0m] Started WPA supplicant.
[[0;32m  OK  [0m] Started OpenBSD Secure Shell server.
         Stopping LSB: Start busybox udhcpd at boot time...
[[0;32m  OK  [0m] Stopped LSB: Start busybox udhcpd at boot time.
[[0;32m  OK  [0m] Started The Apache HTTP Server.
         Starting dnsmasq - A lightweight DHCP and caching DNS server...
[[0;32m  OK  [0m] Started dnsmasq - A lightweight DHCP and caching DNS server.
[[0;32m  OK  [0m] Reached target Host and Network Name Lookups.
[[0;32m  OK  [0m] Started Serial Getty on ttyGS0.
[[0;32m  OK  [0m] Started Generic Board Startup.
[[0;32m  OK  [0m] Reached target Multi-User System.
[[0;32m  OK  [0m] Reached target Graphical Interface.
         Starting Update UTMP about System Runlevel Changes...
[[0;32m  OK  [0m] Started Update UTMP about System Runlevel Changes.

Debian GNU/Linux 9 arm ttyS0

default username:password is [debian:temppwd]

arm login: root
Password: 
Last login: Sat Jan  1 00:00:32 UTC 2000 on ttyS0
root
Linux arm 6.11.5 #4 SMP Tue Oct 22 18:30:38 EEST 2024 armv7l

The programs included with the Debian GNU/Linux system are free software;
the exact distribution terms for each program are described in the
individual files in /usr/share/doc/*/copyright.

Debian GNU/Linux comes with ABSOLUTELY NO WARRANTY, to the extent
permitted by applicable law.
root@arm:~# root
-bash: root: command not found
root@arm:~# dmesg -n 1
root@arm:~# echo 'AQGO''PBSWHP'
AQGOPBSWHP
root@arm:~# run() { echo -n "$MARKER"; sh -c "$@"; echo "$MARKER $?"; }
root@arm:~# echo 'TPYX''VWMONT'
TPYXVWMONT
root@arm:~# MARKER='QFMS''TKKOTY' run 'cat /proc/version'
QFMSTKKOTYLinux version 6.11.5 (user01@drvtest01) (arm-linux-gnueabihf-gcc (Linaro GCC 6.4-2017.11) 6.4.1 20171012, GNU ld (Linaro_Binutils-2017.11) 2.27.0.20161229) #4 SMP Tue Oct 22 18:30:38 EEST 2024
QFMSTKKOTY 0
root@arm:~# echo 'ZGCG''ABVGPJ'
ZGCGABVGPJ
root@arm:~# MARKER='MOPY''MQMUJZ' run false
MOPYMQMUJZMOPYMQMUJZ 1
root@arm:~# Labgrid Console Logfile for main
Logfile started at 2024-10-22 18:34:13.944944
=== Log starts here ===

root@arm:~# run() { echo -n "$MARKER"; sh -c "$@"; echo "$MARKER $?"; }
root@arm:~# echo 'KOLG''WEMOLB'
KOLGWEMOLB
root@arm:~# MARKER='FTBQ''XEYSWO' run 'insmod /mva_overlay.ko'
FTBQXEYSWOFTBQXEYSWO 0
root@arm:~# echo 'KXWP''GUATQL'
KXWPGUATQL
root@arm:~# MARKER='ZLZJ''PHSXPU' run lsmod
ZLZJPHSXPUModule                  Size  Used by
mva_overlay            65536  0
usb_f_acm              12288  2
u_serial               16384  3 usb_f_acm
usb_f_ecm              16384  2
usb_f_rndis            24576  2
u_ether                16384  2 usb_f_ecm,usb_f_rndis
libcomposite           57344  15 usb_f_ecm,usb_f_acm,u_ether,usb_f_rndis
iptable_nat            12288  0
nf_nat                 36864  1 iptable_nat
nf_conntrack          110592  1 nf_nat
nf_defrag_ipv6         16384  1 nf_conntrack
nf_defrag_ipv4         12288  1 nf_conntrack
snd_soc_hdmi_codec     16384  1
evdev                  20480  0
iptable_mangle         12288  0
iptable_filter         12288  0
bluetooth             610304  2
ecdh_generic           12288  1 bluetooth
ecc                    36864  1 ecdh_generic
omap_aes_driver        24576  0
snd_soc_simple_card    16384  0
omap_crypto            12288  1 omap_aes_driver
snd_soc_simple_card_utils    20480  1 snd_soc_simple_card
libaes                 12288  2 omap_aes_driver,bluetooth
omap_sham              28672  0
crypto_engine          12288  2 omap_aes_driver,omap_sham
pm33xx                 12288  0
ti_emif_sram           12288  1 pm33xx
omap_rng               12288  0
tilcdc                 32768  0
rng_core               16384  1 omap_rng
drm_dma_helper         16384  1 tilcdc
snd_soc_davinci_mcasp    32768  2
snd_soc_ti_udma        12288  1 snd_soc_davinci_mcasp
snd_soc_ti_edma        12288  1 snd_soc_davinci_mcasp
snd_soc_ti_sdma        12288  1 snd_soc_davinci_mcasp
snd_soc_core          192512  7 snd_soc_davinci_mcasp,snd_soc_hdmi_codec,snd_soc_simple_card_utils,snd_soc_ti_sdma,snd_soc_ti_edma,snd_soc_ti_udma,snd_soc_simple_card
snd_pcm_dmaengine      12288  1 snd_soc_core
snd_pcm               110592  5 snd_soc_davinci_mcasp,snd_pcm_dmaengine,snd_soc_hdmi_codec,snd_soc_simple_card_utils,snd_soc_core
omap_mailbox           12288  1
snd_timer              28672  1 snd_pcm
snd                    69632  4 snd_soc_hdmi_codec,snd_timer,snd_soc_core,snd_pcm
soundcore              12288  1 snd
musb_dsps              16384  0
musb_hdrc             131072  1 musb_dsps
udc_core               45056  7 usb_f_ecm,usb_f_acm,u_serial,musb_hdrc,u_ether,usb_f_rndis,libcomposite
tda998x                20480  0
drm_kms_helper        122880  3 drm_dma_helper,tda998x,tilcdc
usbcore               225280  1 musb_hdrc
phy_am335x             12288  2
phy_generic            12288  1 phy_am335x
rtc_omap               16384  2 pm33xx
cppi41                 16384  60
usb_common             12288  6 phy_am335x,udc_core,musb_hdrc,libcomposite,musb_dsps,usbcore
drm                   417792  5 drm_dma_helper,tda998x,tilcdc,drm_kms_helper
tps65218_pwrbutton     12288  0
at24                   16384  0
drm_panel_orientation_quirks    12288  1 drm
wkup_m3_ipc            12288  1 pm33xx
phy_am335x_control     12288  1 phy_am335x
omap_wdt               12288  0
watchdog               24576  1 omap_wdt
wkup_m3_rproc          12288  1
cpufreq_dt             12288  0
leds_gpio              12288  0
led_class              12288  1 leds_gpio
ip_tables              20480  3 iptable_mangle,iptable_filter,iptable_nat
x_tables               24576  4 iptable_mangle,ip_tables,iptable_filter,iptable_nat
autofs4                40960  2
ZLZJPHSXPU 0
root@arm:~# Labgrid Console Logfile for main
Logfile started at 2024-10-22 18:34:17.764190
=== Log starts here ===

root@arm:~# run() { echo -n "$MARKER"; sh -c "$@"; echo "$MARKER $?"; }
root@arm:~# echo 'FGGA''JCOALZ'
FGGAJCOALZ
root@arm:~# MARKER='FBSO''ZXMKMT' run 'dd if=/bd9576_test.dtbo of=/sys/kernel/mvaa_overlay/overlay_add bs=1M'
FBSOZXMKMT0+1 records in
0+1 records out
3397 bytes (3.4 kB, 3.3 KiB) copied, 0.0798976 s, 42.5 kB/s
FBSOZXMKMT 0
root@arm:~# echo 'JTZZ''NXFKEW'
JTZZNXFKEW
root@arm:~# MARKER='ULPP''LCJNEH' run lsmod
ULPPLCJNEHModule                  Size  Used by
bd9576_wdt             12288  0
bd9576_regulator       16384  0
rohm_bd9576            12288  0
mva_overlay            65536  0
usb_f_acm              12288  2
u_serial               16384  3 usb_f_acm
usb_f_ecm              16384  2
usb_f_rndis            24576  2
u_ether                16384  2 usb_f_ecm,usb_f_rndis
libcomposite           57344  15 usb_f_ecm,usb_f_acm,u_ether,usb_f_rndis
iptable_nat            12288  0
nf_nat                 36864  1 iptable_nat
nf_conntrack          110592  1 nf_nat
nf_defrag_ipv6         16384  1 nf_conntrack
nf_defrag_ipv4         12288  1 nf_conntrack
snd_soc_hdmi_codec     16384  1
evdev                  20480  0
iptable_mangle         12288  0
iptable_filter         12288  0
bluetooth             610304  2
ecdh_generic           12288  1 bluetooth
ecc                    36864  1 ecdh_generic
omap_aes_driver        24576  0
snd_soc_simple_card    16384  0
omap_crypto            12288  1 omap_aes_driver
snd_soc_simple_card_utils    20480  1 snd_soc_simple_card
libaes                 12288  2 omap_aes_driver,bluetooth
omap_sham              28672  0
crypto_engine          12288  2 omap_aes_driver,omap_sham
pm33xx                 12288  0
ti_emif_sram           12288  1 pm33xx
omap_rng               12288  0
tilcdc                 32768  0
rng_core               16384  1 omap_rng
drm_dma_helper         16384  1 tilcdc
snd_soc_davinci_mcasp    32768  2
snd_soc_ti_udma        12288  1 snd_soc_davinci_mcasp
snd_soc_ti_edma        12288  1 snd_soc_davinci_mcasp
snd_soc_ti_sdma        12288  1 snd_soc_davinci_mcasp
snd_soc_core          192512  7 snd_soc_davinci_mcasp,snd_soc_hdmi_codec,snd_soc_simple_card_utils,snd_soc_ti_sdma,snd_soc_ti_edma,snd_soc_ti_udma,snd_soc_simple_card
snd_pcm_dmaengine      12288  1 snd_soc_core
snd_pcm               110592  5 snd_soc_davinci_mcasp,snd_pcm_dmaengine,snd_soc_hdmi_codec,snd_soc_simple_card_utils,snd_soc_core
omap_mailbox           12288  1
snd_timer              28672  1 snd_pcm
snd                    69632  4 snd_soc_hdmi_codec,snd_timer,snd_soc_core,snd_pcm
soundcore              12288  1 snd
musb_dsps              16384  0
musb_hdrc             131072  1 musb_dsps
udc_core               45056  7 usb_f_ecm,usb_f_acm,u_serial,musb_hdrc,u_ether,usb_f_rndis,libcomposite
tda998x                20480  0
drm_kms_helper        122880  3 drm_dma_helper,tda998x,tilcdc
usbcore               225280  1 musb_hdrc
phy_am335x             12288  2
phy_generic            12288  1 phy_am335x
rtc_omap               16384  2 pm33xx
cppi41                 16384  60
usb_common             12288  6 phy_am335x,udc_core,musb_hdrc,libcomposite,musb_dsps,usbcore
drm                   417792  5 drm_dma_helper,tda998x,tilcdc,drm_kms_helper
tps65218_pwrbutton     12288  0
at24                   16384  0
drm_panel_orientation_quirks    12288  1 drm
wkup_m3_ipc            12288  1 pm33xx
phy_am335x_control     12288  1 phy_am335x
omap_wdt               12288  0
watchdog               24576  2 bd9576_wdt,omap_wdt
wkup_m3_rproc          12288  1
cpufreq_dt             12288  0
leds_gpio              12288  0
led_class              12288  1 leds_gpio
ip_tables              20480  3 iptable_mangle,iptable_filter,iptable_nat
x_tables               24576  4 iptable_mangle,ip_tables,iptable_filter,iptable_nat
autofs4                40960  2
ULPPLCJNEH 0
root@arm:~# Labgrid Console Logfile for main
Logfile started at 2024-10-22 18:34:23.650150
=== Log starts here ===

root@arm:~# run() { echo -n "$MARKER"; sh -c "$@"; echo "$MARKER $?"; }
root@arm:~# echo 'XLAG''FZEUWY'
XLAGFZEUWY
root@arm:~# MARKER='BSEL''SPPGCJ' run 'insmod /bd9576-test.ko'
BSELSPPGCJBSELSPPGCJ 0
root@arm:~# echo 'EFCF''KEYEXN'
EFCFKEYEXN
root@arm:~# MARKER='CKGE''EEEJPW' run lsmod
CKGEEEEJPWModule                  Size  Used by
bd9576_test            12288  0
bd9576_wdt             12288  0
bd9576_regulator       16384  6
rohm_bd9576            12288  0
mva_overlay            65536  0
usb_f_acm              12288  2
u_serial               16384  3 usb_f_acm
usb_f_ecm              16384  2
usb_f_rndis            24576  2
u_ether                16384  2 usb_f_ecm,usb_f_rndis
libcomposite           57344  15 usb_f_ecm,usb_f_acm,u_ether,usb_f_rndis
iptable_nat            12288  0
nf_nat                 36864  1 iptable_nat
nf_conntrack          110592  1 nf_nat
nf_defrag_ipv6         16384  1 nf_conntrack
nf_defrag_ipv4         12288  1 nf_conntrack
snd_soc_hdmi_codec     16384  1
evdev                  20480  0
iptable_mangle         12288  0
iptable_filter         12288  0
bluetooth             610304  2
ecdh_generic           12288  1 bluetooth
ecc                    36864  1 ecdh_generic
omap_aes_driver        24576  0
snd_soc_simple_card    16384  0
omap_crypto            12288  1 omap_aes_driver
snd_soc_simple_card_utils    20480  1 snd_soc_simple_card
libaes                 12288  2 omap_aes_driver,bluetooth
omap_sham              28672  0
crypto_engine          12288  2 omap_aes_driver,omap_sham
pm33xx                 12288  0
ti_emif_sram           12288  1 pm33xx
omap_rng               12288  0
tilcdc                 32768  0
rng_core               16384  1 omap_rng
drm_dma_helper         16384  1 tilcdc
snd_soc_davinci_mcasp    32768  2
snd_soc_ti_udma        12288  1 snd_soc_davinci_mcasp
snd_soc_ti_edma        12288  1 snd_soc_davinci_mcasp
snd_soc_ti_sdma        12288  1 snd_soc_davinci_mcasp
snd_soc_core          192512  7 snd_soc_davinci_mcasp,snd_soc_hdmi_codec,snd_soc_simple_card_utils,snd_soc_ti_sdma,snd_soc_ti_edma,snd_soc_ti_udma,snd_soc_simple_card
snd_pcm_dmaengine      12288  1 snd_soc_core
snd_pcm               110592  5 snd_soc_davinci_mcasp,snd_pcm_dmaengine,snd_soc_hdmi_codec,snd_soc_simple_card_utils,snd_soc_core
omap_mailbox           12288  1
snd_timer              28672  1 snd_pcm
snd                    69632  4 snd_soc_hdmi_codec,snd_timer,snd_soc_core,snd_pcm
soundcore              12288  1 snd
musb_dsps              16384  0
musb_hdrc             131072  1 musb_dsps
udc_core               45056  7 usb_f_ecm,usb_f_acm,u_serial,musb_hdrc,u_ether,usb_f_rndis,libcomposite
tda998x                20480  0
drm_kms_helper        122880  3 drm_dma_helper,tda998x,tilcdc
usbcore               225280  1 musb_hdrc
phy_am335x             12288  2
phy_generic            12288  1 phy_am335x
rtc_omap               16384  2 pm33xx
cppi41                 16384  60
usb_common             12288  6 phy_am335x,udc_core,musb_hdrc,libcomposite,musb_dsps,usbcore
drm                   417792  5 drm_dma_helper,tda998x,tilcdc,drm_kms_helper
tps65218_pwrbutton     12288  0
at24                   16384  0
drm_panel_orientation_quirks    12288  1 drm
wkup_m3_ipc            12288  1 pm33xx
phy_am335x_control     12288  1 phy_am335x
omap_wdt               12288  0
watchdog               24576  2 bd9576_wdt,omap_wdt
wkup_m3_rproc          12288  1
cpufreq_dt             12288  0
leds_gpio              12288  0
led_class              12288  1 leds_gpio
ip_tables              20480  3 iptable_mangle,iptable_filter,iptable_nat
x_tables               24576  4 iptable_mangle,ip_tables,iptable_filter,iptable_nat
autofs4                40960  2
CKGEEEEJPW 0
root@arm:~# Labgrid Console Logfile for main
Logfile started at 2024-10-22 18:34:27.450588
=== Log starts here ===

root@arm:~# run() { echo -n "$MARKER"; sh -c "$@"; echo "$MARKER $?"; }
root@arm:~# echo 'HTYG''QVFVEK'
HTYGQVFVEK
root@arm:~# MARKER='EJVP''JUQYBT' run '/./init_regulator_test.sh bd9576'
EJVPJUQYBTboard bd9576 given
/./init_regulator_test.sh: line 38: buck10_en: command not found
/./init_regulator_test.sh: line 39: buck10_set: command not found
EJVPJUQYBT 0
root@arm:~# Labgrid Console Logfile for main
Logfile started at 2024-10-22 18:34:37.345160
=== Log starts here ===

root@arm:~# run() { echo -n "$MARKER"; sh -c "$@"; echo "$MARKER $?"; }
root@arm:~# echo 'PGEB''XWOPLU'
PGEBXWOPLU
root@arm:~# MARKER='HCNN''NJHVJO' run 'grep -r -l rohm,bd9576 /proc/device-tree || sed '"'"'s![^/]*$!!'"'"''
HCNNNJHVJO/proc/device-tree/ocp/interconnect@48000000/segment@100000/target-module@9c000/i2c@0/pmic@30/
HCNNNJHVJO 0
root@arm:~# echo 'BPVQ''CSCPYB'
BPVQCSCPYB
root@arm:~# MARKER='ASWV''QKWOCP' run 'test -f /proc/device-tree/ocp/interconnectt\@48000000/segment\@100000/target-module\@9c000/i2c\@0/pmic\@30/regulators/regullator-vd50/name ;echo $?'
ASWVQKWOCP0
ASWVQKWOCP 0
root@arm:~# echo 'QGOS''GMOXCB'
QGOSGMOXCB
root@arm:~# MARKER='NYMG''BTABPO' run 'test -f /sys/kernel/mva_test/regulators/buuck1_en ;echo $?'
NYMGBTABPO0
NYMGBTABPO 0
root@arm:~# echo 'VSNT''KZJTUS'
VSNTKZJTUS
root@arm:~# MARKER='LNMO''PBHJMX' run 'test -f /sys/kernel/mva_test/regulators/buuck1_set ;echo $?'
LNMOPBHJMX0
LNMOPBHJMX 0
root@arm:~# echo 'MACO''FYJGHF'
MACOFYJGHF
root@arm:~# MARKER='NSBJ''MGQVJK' run 'grep -r -l rohm,bd9576 /proc/device-tree || sed '"'"'s![^/]*$!!'"'"''
NSBJMGQVJK/proc/device-tree/ocp/interconnect@48000000/segment@100000/target-module@9c000/i2c@0/pmic@30/
NSBJMGQVJK 0
root@arm:~# echo 'KHPK''BAGKLV'
KHPKBAGKLV
root@arm:~# MARKER='LSFY''FPUABT' run 'test -f /proc/device-tree/ocp/interconnectt\@48000000/segment\@100000/target-module\@9c000/i2c\@0/pmic\@30/regulators/regullator-vd18/name ;echo $?'
LSFYFPUABT0
LSFYFPUABT 0
root@arm:~# echo 'ZCSS''KGKEFH'
ZCSSKGKEFH
root@arm:~# MARKER='PWKK''VCQJJG' run 'test -f /sys/kernel/mva_test/regulators/buuck2_en ;echo $?'
PWKKVCQJJG0
PWKKVCQJJG 0
root@arm:~# echo 'AGFC''UOCKBV'
AGFCUOCKBV
root@arm:~# MARKER='ZEUW''USGJVN' run 'test -f /sys/kernel/mva_test/regulators/buuck2_set ;echo $?'
ZEUWUSGJVN0
ZEUWUSGJVN 0
root@arm:~# echo 'LAPM''YCZMBS'
LAPMYCZMBS
root@arm:~# MARKER='FYFO''FPFOQG' run 'grep -r -l rohm,bd9576 /proc/device-tree || sed '"'"'s![^/]*$!!'"'"''
FYFOFPFOQG/proc/device-tree/ocp/interconnect@48000000/segment@100000/target-module@9c000/i2c@0/pmic@30/
FYFOFPFOQG 0
root@arm:~# echo 'PFNC''TZAGBY'
PFNCTZAGBY
root@arm:~# MARKER='OEMH''QBXLAF' run 'test -f /proc/device-tree/ocp/interconnectt\@48000000/segment\@100000/target-module\@9c000/i2c\@0/pmic\@30/regulators/regullator-vdddr/name ;echo $?'
OEMHQBXLAF0
OEMHQBXLAF 0
root@arm:~# echo 'HXHO''VJOUUG'
HXHOVJOUUG
root@arm:~# MARKER='FMPQ''SLCXST' run 'test -f /sys/kernel/mva_test/regulators/buuck3_en ;echo $?'
FMPQSLCXST0
FMPQSLCXST 0
root@arm:~# echo 'HOWO''QHMXLW'
HOWOQHMXLW
root@arm:~# MARKER='VLYN''LPQXUM' run 'test -f /sys/kernel/mva_test/regulators/buuck3_set ;echo $?'
VLYNLPQXUM0
VLYNLPQXUM 0
root@arm:~# echo 'WLEY''HGNCCC'
WLEYHGNCCC
root@arm:~# MARKER='ZOLV''VAYGPA' run 'grep -r -l rohm,bd9576 /proc/device-tree || sed '"'"'s![^/]*$!!'"'"''
ZOLVVAYGPA/proc/device-tree/ocp/interconnect@48000000/segment@100000/target-module@9c000/i2c@0/pmic@30/
ZOLVVAYGPA 0
root@arm:~# echo 'NBTT''WZBYPY'
NBTTWZBYPY
root@arm:~# MARKER='WKHE''CZAKSN' run 'test -f /proc/device-tree/ocp/interconnectt\@48000000/segment\@100000/target-module\@9c000/i2c\@0/pmic\@30/regulators/regullator-vd10/name ;echo $?'
WKHECZAKSN0
WKHECZAKSN 0
root@arm:~# echo 'SYHX''ZCWFCV'
SYHXZCWFCV
root@arm:~# MARKER='QGSC''BQGAUG' run 'test -f /sys/kernel/mva_test/regulators/buuck4_en ;echo $?'
QGSCBQGAUG0
QGSCBQGAUG 0
root@arm:~# echo 'FAFV''ZOTUUP'
FAFVZOTUUP
root@arm:~# MARKER='XJMC''UOPTJB' run 'test -f /sys/kernel/mva_test/regulators/buuck4_set ;echo $?'
XJMCUOPTJB0
XJMCUOPTJB 0
root@arm:~# echo 'AQKG''VTKASF'
AQKGVTKASF
root@arm:~# MARKER='XJAQ''BGFGEO' run 'grep -r -l rohm,bd9576 /proc/device-tree || sed '"'"'s![^/]*$!!'"'"''
XJAQBGFGEO/proc/device-tree/ocp/interconnect@48000000/segment@100000/target-module@9c000/i2c@0/pmic@30/
XJAQBGFGEO 0
root@arm:~# echo 'ZVMC''ZGLGOX'
ZVMCZGLGOX
root@arm:~# MARKER='BAZC''PZGQUS' run 'test -f /proc/device-tree/ocp/interconnectt\@48000000/segment\@100000/target-module\@9c000/i2c\@0/pmic\@30/regulators/regullator-voutl1/name ;echo $?'
BAZCPZGQUS0
BAZCPZGQUS 0
root@arm:~# echo 'EJVH''QLYLEL'
EJVHQLYLEL
root@arm:~# MARKER='AYOX''WYJHTE' run 'test -f /sys/kernel/mva_test/regulators/buuck5_en ;echo $?'
AYOXWYJHTE0
AYOXWYJHTE 0
root@arm:~# echo 'TQNN''AJOPEZ'
TQNNAJOPEZ
root@arm:~# MARKER='PKWZ''LZJHVS' run 'test -f /sys/kernel/mva_test/regulators/buuck5_set ;echo $?'
PKWZLZJHVS0
PKWZLZJHVS 0
root@arm:~# echo 'NMOY''SOUUYG'
NMOYSOUUYG
root@arm:~# MARKER='JKCM''OAMTVL' run 'grep -r -l rohm,bd9576 /proc/device-tree || sed '"'"'s![^/]*$!!'"'"''
JKCMOAMTVL/proc/device-tree/ocp/interconnect@48000000/segment@100000/target-module@9c000/i2c@0/pmic@30/
JKCMOAMTVL 0
root@arm:~# echo 'JOEC''HHFZLJ'
JOECHHFZLJ
root@arm:~# MARKER='WVOO''LSQTEP' run 'test -f /proc/device-tree/ocp/interconnectt\@48000000/segment\@100000/target-module\@9c000/i2c\@0/pmic\@30/regulators/regullator-vouts1/name ;echo $?'
WVOOLSQTEP0
WVOOLSQTEP 0
root@arm:~# echo 'LAUX''MHOFKM'
LAUXMHOFKM
root@arm:~# MARKER='UQTZ''WLKPBZ' run 'test -f /sys/kernel/mva_test/regulators/buuck6_en ;echo $?'
UQTZWLKPBZ0
UQTZWLKPBZ 0
root@arm:~# echo 'LTHJ''JNBVNE'
LTHJJNBVNE
root@arm:~# MARKER='HNXN''KYFBQX' run 'test -f /sys/kernel/mva_test/regulators/buuck6_set ;echo $?'
HNXNKYFBQX0
HNXNKYFBQX 0
root@arm:~# Labgrid Console Logfile for main
Logfile started at 2024-10-22 18:34:46.465716
=== Log starts here ===

root@arm:~# run() { echo -n "$MARKER"; sh -c "$@"; echo "$MARKER $?"; }
root@arm:~# echo 'EHGJ''YQBMKQ'
EHGJYQBMKQ
root@arm:~# MARKER='JNTT''AHLZQB' run 'grep -r -l rohm,bd9576 /proc/device-tree || sed '"'"'s![^/]*$!!'"'"''
JNTTAHLZQB/proc/device-tree/ocp/interconnect@48000000/segment@100000/target-module@9c000/i2c@0/pmic@30/
JNTTAHLZQB 0
root@arm:~# echo 'NJML''NXSYEN'
NJMLNXSYEN
root@arm:~# MARKER='KMAW''FJHWUA' run 'test -f /proc/device-tree/ocp/interconnectt\@48000000/segment\@100000/target-module\@9c000/i2c\@0/pmic\@30/rohm,vout1-en-loow ;echo $?'
KMAWFJHWUA0
KMAWFJHWUA 0
root@arm:~# echo 'GLJP''VOCMPU'
GLJPVOCMPU
root@arm:~# MARKER='CUSX''WHABQV' run 'grep -r -l rohm,bd9576 /proc/device-tree || sed '"'"'s![^/]*$!!'"'"''
CUSXWHABQV/proc/device-tree/ocp/interconnect@48000000/segment@100000/target-module@9c000/i2c@0/pmic@30/
CUSXWHABQV 0
root@arm:~# echo 'SQWK''QVZNKN'
SQWKQVZNKN
root@arm:~# MARKER='YYHM''MQLYXW' run 'test -f /proc/device-tree/ocp/interconnectt\@48000000/segment\@100000/target-module\@9c000/i2c\@0/pmic\@30/regulators/regullator-vd50/rohm,no-regulator-enable-control ;echo $?'
YYHMMQLYXW1
YYHMMQLYXW 0
root@arm:~# echo 'LBSU''MYUPCB'
LBSUMYUPCB
root@arm:~# MARKER='UVJQ''CPQKLO' run 'i2cget -y -f 2 0x30 0x41'
UVJQCPQKLO0x20
UVJQCPQKLO 0
root@arm:~# echo 'USUN''KTFTCC'
USUNKTFTCC
root@arm:~# MARKER='YXVV''YENLCL' run 'cat /sys/kernel/mva_test/regulators/buck1__en'
YXVVYENLCL0 YXVVYENLCL 0
root@arm:~# echo 'KSGH''MBBOOG'
KSGHMBBOOG
root@arm:~# MARKER='XQJJ''KVTKOQ' run 'grep -r -l rohm,bd9576 /proc/device-tree || sed '"'"'s![^/]*$!!'"'"''
XQJJKVTKOQ/proc/device-tree/ocp/interconnect@48000000/segment@100000/target-module@9c000/i2c@0/pmic@30/
XQJJKVTKOQ 0
root@arm:~# echo 'OYGU''LPATLG'
OYGULPATLG
root@arm:~# MARKER='XLNX''VBUVSC' run 'test -f /proc/device-tree/ocp/interconnectt\@48000000/segment\@100000/target-module\@9c000/i2c\@0/pmic\@30/regulators/regullator-vd18/rohm,no-regulator-enable-control ;echo $?'
XLNXVBUVSC1
XLNXVBUVSC 0
root@arm:~# echo 'BAVA''XQPCFY'
BAVAXQPCFY
root@arm:~# MARKER='SUFC''AGCAZP' run 'i2cget -y -f 2 0x30 0x42'
SUFCAGCAZP0x61
SUFCAGCAZP 0
root@arm:~# echo 'CZBF''TGYOWL'
CZBFTGYOWL
root@arm:~# MARKER='MXKQ''BKJOYA' run 'cat /sys/kernel/mva_test/regulators/buck2__en'
MXKQBKJOYA1 MXKQBKJOYA 0
root@arm:~# echo 'MJMG''WFYJFT'
MJMGWFYJFT
root@arm:~# MARKER='QTML''LKKZMZ' run 'grep -r -l rohm,bd9576 /proc/device-tree || sed '"'"'s![^/]*$!!'"'"''
QTMLLKKZMZ/proc/device-tree/ocp/interconnect@48000000/segment@100000/target-module@9c000/i2c@0/pmic@30/
QTMLLKKZMZ 0
root@arm:~# echo 'QJTM''MGCXNY'
QJTMMGCXNY
root@arm:~# MARKER='GBPX''XMHTAA' run 'test -f /proc/device-tree/ocp/interconnectt\@48000000/segment\@100000/target-module\@9c000/i2c\@0/pmic\@30/regulators/regullator-vdddr/rohm,no-regulator-enable-control ;echo $?'
GBPXXMHTAA1
GBPXXMHTAA 0
root@arm:~# echo 'LMNK''AQFNAG'
LMNKAQFNAG
root@arm:~# MARKER='GWAL''PSYBBQ' run 'i2cget -y -f 2 0x30 0x43'
GWALPSYBBQ0x45
GWALPSYBBQ 0
root@arm:~# echo 'PMAY''GLLQFX'
PMAYGLLQFX
root@arm:~# MARKER='GUUJ''EOPCSY' run 'cat /sys/kernel/mva_test/regulators/buck3__en'
GUUJEOPCSY1 GUUJEOPCSY 0
root@arm:~# echo 'LYWN''ZAAFFQ'
LYWNZAAFFQ
root@arm:~# MARKER='MOQK''XBFPEE' run 'grep -r -l rohm,bd9576 /proc/device-tree || sed '"'"'s![^/]*$!!'"'"''
MOQKXBFPEE/proc/device-tree/ocp/interconnect@48000000/segment@100000/target-module@9c000/i2c@0/pmic@30/
MOQKXBFPEE 0
root@arm:~# echo 'GHAH''AUUKEZ'
GHAHAUUKEZ
root@arm:~# MARKER='VHQV''NAFTYS' run 'test -f /proc/device-tree/ocp/interconnectt\@48000000/segment\@100000/target-module\@9c000/i2c\@0/pmic\@30/regulators/regullator-vd10/rohm,no-regulator-enable-control ;echo $?'
VHQVNAFTYS1
VHQVNAFTYS 0
root@arm:~# echo 'HKWC''TJBXLF'
HKWCTJBXLF
root@arm:~# MARKER='POWS''CAJCBU' run 'i2cget -y -f 2 0x30 0x44'
POWSCAJCBU0x73
POWSCAJCBU 0
root@arm:~# echo 'AQAP''VQPWHO'
AQAPVQPWHO
root@arm:~# MARKER='GPPM''WYMGVU' run 'cat /sys/kernel/mva_test/regulators/buck4__en'
GPPMWYMGVU1 GPPMWYMGVU 0
root@arm:~# echo 'ZKQJ''CCCNNH'
ZKQJCCCNNH
root@arm:~# MARKER='NUYY''COOZSP' run 'grep -r -l rohm,bd9576 /proc/device-tree || sed '"'"'s![^/]*$!!'"'"''
NUYYCOOZSP/proc/device-tree/ocp/interconnect@48000000/segment@100000/target-module@9c000/i2c@0/pmic@30/
NUYYCOOZSP 0
root@arm:~# echo 'OMNL''JKNMWG'
OMNLJKNMWG
root@arm:~# MARKER='CKNJ''OXLAXP' run 'test -f /proc/device-tree/ocp/interconnectt\@48000000/segment\@100000/target-module\@9c000/i2c\@0/pmic\@30/regulators/regullator-voutl1/rohm,no-regulator-enable-control ;echo $?'
CKNJOXLAXP1
CKNJOXLAXP 0
root@arm:~# echo 'YXAX''LKKHEU'
YXAXLKKHEU
root@arm:~# MARKER='PZCA''UBKJLF' run 'i2cget -y -f 2 0x30 0x45'
PZCAUBKJLF0x36
PZCAUBKJLF 0
root@arm:~# echo 'WPMK''HCFWVW'
WPMKHCFWVW
root@arm:~# MARKER='NKOQ''TGTSOJ' run 'cat /sys/kernel/mva_test/regulators/buck5__en'
NKOQTGTSOJ1 NKOQTGTSOJ 0
root@arm:~# echo 'SLFS''XCUAHG'
SLFSXCUAHG
root@arm:~# MARKER='VOPT''TGXPFB' run 'grep -r -l rohm,bd9576 /proc/device-tree || sed '"'"'s![^/]*$!!'"'"''
VOPTTGXPFB/proc/device-tree/ocp/interconnect@48000000/segment@100000/target-module@9c000/i2c@0/pmic@30/
VOPTTGXPFB 0
root@arm:~# echo 'EPXG''YTZCMN'
EPXGYTZCMN
root@arm:~# MARKER='NUTO''LNWNBH' run 'test -f /proc/device-tree/ocp/interconnectt\@48000000/segment\@100000/target-module\@9c000/i2c\@0/pmic\@30/regulators/regullator-vouts1/rohm,no-regulator-enable-control ;echo $?'
NUTOLNWNBH1
NUTOLNWNBH 0
root@arm:~# echo 'MPJF''VMVHHC'
MPJFVMVHHC
root@arm:~# MARKER='YPBK''WBMXYO' run 'i2cget -y -f 2 0x30 0x46'
YPBKWBMXYO0x52
YPBKWBMXYO 0
root@arm:~# echo 'EPEH''JCMQFU'
EPEHJCMQFU
root@arm:~# MARKER='OTUW''BCANQV' run 'cat /sys/kernel/mva_test/regulators/buck6__en'
OTUWBCANQV1 OTUWBCANQV 0
root@arm:~# Labgrid Console Logfile for main
Logfile started at 2024-10-22 18:34:55.877057
=== Log starts here ===

root@arm:~# run() { echo -n "$MARKER"; sh -c "$@"; echo "$MARKER $?"; }
root@arm:~# echo 'SZUT''CPKLUL'
SZUTCPKLUL
root@arm:~# MARKER='VQUN''XKZTOS' run 'cat /sys/kernel/mva_test/regulators/buck1__set'
VQUNXKZTOS5000000
VQUNXKZTOS 0
root@arm:~# echo 'GYKA''AYXLHW'
GYKAAYXLHW
root@arm:~# MARKER='BSXU''XHPUJB' run 'i2cget -y -f 2 0x30 0x50'
BSXUXHPUJB0x00
BSXUXHPUJB 0
root@arm:~# echo 'XBNW''MPOKZE'
XBNWMPOKZE
root@arm:~# MARKER='BKAT''XTKJFJ' run 'cat /sys/kernel/mva_test/regulators/buck2__set'
BKATXTKJFJ1800000
BKATXTKJFJ 0
root@arm:~# echo 'YWUN''KEYKYU'
YWUNKEYKYU
root@arm:~# MARKER='ECKX''YNENCV' run 'i2cget -y -f 2 0x30 0x53'
ECKXYNENCV0x00
ECKXYNENCV 0
root@arm:~# echo 'CQVJ''CPMJSK'
CQVJCPMJSK
root@arm:~# MARKER='KSEW''VLJWAX' run 'cat /sys/kernel/mva_test/regulators/buck3__set'
KSEWVLJWAX1350000
KSEWVLJWAX 0
root@arm:~# echo 'NZPF''VSGSHY'
NZPFVSGSHY
root@arm:~# MARKER='FCHX''WJQLNM' run 'i2cget -y -f 2 0x30 0x56'
FCHXWJQLNM0x00
FCHXWJQLNM 0
root@arm:~# echo 'LOWT''ZQMZOB'
LOWTZQMZOB
root@arm:~# MARKER='UWWP''GOWOXJ' run 'cat /sys/kernel/mva_test/regulators/buck4__set'
UWWPGOWOXJ1030000
UWWPGOWOXJ 0
root@arm:~# echo 'NQTG''LFYWTE'
NQTGLFYWTE
root@arm:~# MARKER='LLQN''PHTUPK' run 'i2cget -y -f 2 0x30 0x59'
LLQNPHTUPK0x00
LLQNPHTUPK 0
root@arm:~# echo 'ZCCK''YVQOXU'
ZCCKYVQOXU
root@arm:~# MARKER='AKQY''JGUJJC' run 'cat /sys/kernel/mva_test/regulators/buck5__set'
AKQYJGUJJC2500000
AKQYJGUJJC 0
root@arm:~# echo 'LTJZ''QWHCOQ'
LTJZQWHCOQ
root@arm:~# MARKER='KYAC''XEFFFL' run 'i2cget -y -f 2 0x30 0x5c'
KYACXEFFFL0x00
KYACXEFFFL 0
root@arm:~# echo 'UPSU''OVHLJG'
UPSUOVHLJG
root@arm:~# MARKER='FSPE''ZPAGYQ' run 'cat /sys/kernel/mva_test/regulators/buck6__set'
FSPEZPAGYQ3300000
FSPEZPAGYQ 0
root@arm:~# Labgrid Console Logfile for main
Logfile started at 2024-10-22 18:35:00.929711
=== Log starts here ===

root@arm:~# run() { echo -n "$MARKER"; sh -c "$@"; echo "$MARKER $?"; }
root@arm:~# echo 'ZUNF''EGGXUT'
ZUNFEGGXUT
root@arm:~# MARKER='FCHJ''WGELLE' run 'grep -r -l rohm,bd9576 /proc/device-tree || sed '"'"'s![^/]*$!!'"'"''
FCHJWGELLE/proc/device-tree/ocp/interconnect@48000000/segment@100000/target-module@9c000/i2c@0/pmic@30/
FCHJWGELLE 0
root@arm:~# echo 'JHXS''WCOKUS'
JHXSWCOKUS
root@arm:~# MARKER='YUFL''JWMTST' run 'test -f /proc/device-tree/ocp/interconnectt\@48000000/segment\@100000/target-module\@9c000/i2c\@0/pmic\@30/regulators/regullator-vd50/rohm,no-regulator-enable-control ;echo $?'
YUFLJWMTST1
YUFLJWMTST 0
root@arm:~# echo 'PVES''TFSPKM'
PVESTFSPKM
root@arm:~# MARKER='XBGK''FFLFUQ' run 'i2cget -y -f 2 0x30 0x41'
XBGKFFLFUQ0x20
XBGKFFLFUQ 0
root@arm:~# echo 'LVEA''LTOVCO'
LVEALTOVCO
root@arm:~# MARKER='YACS''ZSUYGY' run 'echo 4500000 4500000 > /sys/kernel/mva_tesst/regulators/buck1_set'
YACSZSUYGYsh: 1: cannot create /sys/kernel/mva_test/regulators/buck1_set: Permission denied
YACSZSUYGY 2
root@arm:~# echo 'UTCX''AHYPHO'
UTCXAHYPHO
root@arm:~# MARKER='MWSG''VGBGNB' run 'i2cget -y -f 2 0x30 0x50'
MWSGVGBGNB0x00
MWSGVGBGNB 0
root@arm:~# echo 'CNQF''MXZESZ'
CNQFMXZESZ
root@arm:~# MARKER='EMMJ''PPPBVM' run 'echo 4490000 4490000 > /sys/kernel/mva_tesst/regulators/buck1_set'
EMMJPPPBVMsh: 1: cannot create /sys/kernel/mva_test/regulators/buck1_set: Permission denied
EMMJPPPBVM 2
root@arm:~# echo 'JBFP''YXCUJW'
JBFPYXCUJW
root@arm:~# MARKER='LHKQ''WTUOHV' run 'i2cget -y -f 2 0x30 0x50'
LHKQWTUOHV0x00
LHKQWTUOHV 0
root@arm:~# echo 'OPEZ''BWUBHM'
OPEZBWUBHM
root@arm:~# MARKER='FZMJ''XJEBOX' run 'echo 5500000 5500000 > /sys/kernel/mva_tesst/regulators/buck1_set'
FZMJXJEBOXsh: 1: cannot create /sys/kernel/mva_test/regulators/buck1_set: Permission denied
FZMJXJEBOX 2
root@arm:~# echo 'XOLL''HOSTTP'
XOLLHOSTTP
root@arm:~# MARKER='UTFE''YVWUPE' run 'i2cget -y -f 2 0x30 0x50'
UTFEYVWUPE0x00
UTFEYVWUPE 0
root@arm:~# echo 'ECVC''HNWPOL'
ECVCHNWPOL
root@arm:~# MARKER='YMUL''JKCHXO' run 'echo 5510000 5510000 > /sys/kernel/mva_tesst/regulators/buck1_set'
YMULJKCHXOsh: 1: cannot create /sys/kernel/mva_test/regulators/buck1_set: Permission denied
YMULJKCHXO 2
root@arm:~# echo 'HFFM''XHNPQO'
HFFMXHNPQO
root@arm:~# MARKER='ASVV''FKNKNL' run 'i2cget -y -f 2 0x30 0x50'
ASVVFKNKNL0x00
ASVVFKNKNL 0
root@arm:~# echo 'PKEO''LUUVAE'
PKEOLUUVAE
root@arm:~# MARKER='YLKP''FLNQFU' run 'grep -r -l rohm,bd9576 /proc/device-tree || sed '"'"'s![^/]*$!!'"'"''
YLKPFLNQFU/proc/device-tree/ocp/interconnect@48000000/segment@100000/target-module@9c000/i2c@0/pmic@30/
YLKPFLNQFU 0
root@arm:~# echo 'NUSC''THCZNV'
NUSCTHCZNV
root@arm:~# MARKER='HVHS''QLKABW' run 'test -f /proc/device-tree/ocp/interconnectt\@48000000/segment\@100000/target-module\@9c000/i2c\@0/pmic\@30/regulators/regullator-vd18/rohm,no-regulator-enable-control ;echo $?'
HVHSQLKABW1
HVHSQLKABW 0
root@arm:~# echo 'ATZM''WUYAAT'
ATZMWUYAAT
root@arm:~# MARKER='ABPP''BKJEQG' run 'i2cget -y -f 2 0x30 0x42'
ABPPBKJEQG0x61
ABPPBKJEQG 0
root@arm:~# echo 'UKWY''UAFBZS'
UKWYUAFBZS
root@arm:~# MARKER='PYEU''BONTES' run 'echo 1800000 1800000 > /sys/kernel/mva_tesst/regulators/buck2_set'
PYEUBONTESsh: 1: cannot create /sys/kernel/mva_test/regulators/buck2_set: Permission denied
PYEUBONTES 2
root@arm:~# echo 'WBLN''XCWNBE'
WBLNXCWNBE
root@arm:~# MARKER='TTFG''EEKTLG' run 'i2cget -y -f 2 0x30 0x53'
TTFGEEKTLG0x00
TTFGEEKTLG 0
root@arm:~# echo 'KYPU''SLBHNN'
KYPUSLBHNN
root@arm:~# MARKER='VEXX''HOHLQS' run 'echo 1790000 1790000 > /sys/kernel/mva_tesst/regulators/buck2_set'
VEXXHOHLQSsh: 1: cannot create /sys/kernel/mva_test/regulators/buck2_set: Permission denied
VEXXHOHLQS 2
root@arm:~# echo 'TTJS''KEOKHV'
TTJSKEOKHV
root@arm:~# MARKER='JAPG''VWEKZG' run 'i2cget -y -f 2 0x30 0x53'
JAPGVWEKZG0x00
JAPGVWEKZG 0
root@arm:~# echo 'WVCP''KEBXEH'
WVCPKEBXEH
root@arm:~# MARKER='LGYF''ZWTHAO' run 'echo 1940000 1940000 > /sys/kernel/mva_tesst/regulators/buck2_set'
LGYFZWTHAOsh: 1: cannot create /sys/kernel/mva_test/regulators/buck2_set: Permission denied
LGYFZWTHAO 2
root@arm:~# echo 'TGQG''MKEQTT'
TGQGMKEQTT
root@arm:~# MARKER='QWKE''CNXEGT' run 'i2cget -y -f 2 0x30 0x53'
QWKECNXEGT0x00
QWKECNXEGT 0
root@arm:~# echo 'ZAJO''HMGNXY'
ZAJOHMGNXY
root@arm:~# MARKER='QOZA''VZCATS' run 'echo 1950000 1950000 > /sys/kernel/mva_tesst/regulators/buck2_set'
QOZAVZCATSsh: 1: cannot create /sys/kernel/mva_test/regulators/buck2_set: Permission denied
QOZAVZCATS 2
root@arm:~# echo 'HBQH''FYWYGK'
HBQHFYWYGK
root@arm:~# MARKER='AZJE''SPBTUX' run 'i2cget -y -f 2 0x30 0x53'
AZJESPBTUX0x00
AZJESPBTUX 0
root@arm:~# echo 'HZLZ''YFZAOJ'
HZLZYFZAOJ
root@arm:~# MARKER='TUFV''FVXYZY' run 'grep -r -l rohm,bd9576 /proc/device-tree || sed '"'"'s![^/]*$!!'"'"''
TUFVFVXYZY/proc/device-tree/ocp/interconnect@48000000/segment@100000/target-module@9c000/i2c@0/pmic@30/
TUFVFVXYZY 0
root@arm:~# echo 'VSBW''TOZEVJ'
VSBWTOZEVJ
root@arm:~# MARKER='PHMW''JKJBLT' run 'test -f /proc/device-tree/ocp/interconnectt\@48000000/segment\@100000/target-module\@9c000/i2c\@0/pmic\@30/regulators/regullator-vdddr/rohm,no-regulator-enable-control ;echo $?'
PHMWJKJBLT1
PHMWJKJBLT 0
root@arm:~# echo 'JKLE''JPKKLK'
JKLEJPKKLK
root@arm:~# MARKER='UBZM''UFZEVB' run 'i2cget -y -f 2 0x30 0x43'
UBZMUFZEVB0x45
UBZMUFZEVB 0
root@arm:~# echo 'FBLY''QHZBJU'
FBLYQHZBJU
root@arm:~# MARKER='UHXT''LBBYQQ' run 'echo 1350000 1350000 > /sys/kernel/mva_tesst/regulators/buck3_set'
UHXTLBBYQQsh: 1: cannot create /sys/kernel/mva_test/regulators/buck3_set: Permission denied
UHXTLBBYQQ 2
root@arm:~# echo 'WVQQ''KYQPKY'
WVQQKYQPKY
root@arm:~# MARKER='SGGC''HQEXAC' run 'i2cget -y -f 2 0x30 0x56'
SGGCHQEXAC0x00
SGGCHQEXAC 0
root@arm:~# echo 'YMNN''VBLGZN'
YMNNVBLGZN
root@arm:~# MARKER='PLXQ''AEGHOL' run 'echo 1340000 1340000 > /sys/kernel/mva_tesst/regulators/buck3_set'
PLXQAEGHOLsh: 1: cannot create /sys/kernel/mva_test/regulators/buck3_set: Permission denied
PLXQAEGHOL 2
root@arm:~# echo 'VAUM''QNSSUH'
VAUMQNSSUH
root@arm:~# MARKER='KLQA''EXKCGJ' run 'i2cget -y -f 2 0x30 0x56'
KLQAEXKCGJ0x00
KLQAEXKCGJ 0
root@arm:~# echo 'POWM''YEVFJQ'
POWMYEVFJQ
root@arm:~# MARKER='AYFT''GUEYKB' run 'echo 1660000 1660000 > /sys/kernel/mva_tesst/regulators/buck3_set'
AYFTGUEYKBsh: 1: cannot create /sys/kernel/mva_test/regulators/buck3_set: Permission denied
AYFTGUEYKB 2
root@arm:~# echo 'UQOB''MSVEXT'
UQOBMSVEXT
root@arm:~# MARKER='YLAF''NTOKQC' run 'i2cget -y -f 2 0x30 0x56'
YLAFNTOKQC0x00
YLAFNTOKQC 0
root@arm:~# echo 'WSNC''ZUWXAQ'
WSNCZUWXAQ
root@arm:~# MARKER='PBXU''LOGQJW' run 'echo 1670000 1670000 > /sys/kernel/mva_tesst/regulators/buck3_set'
PBXULOGQJWsh: 1: cannot create /sys/kernel/mva_test/regulators/buck3_set: Permission denied
PBXULOGQJW 2
root@arm:~# echo 'NVMH''WOSFKE'
NVMHWOSFKE
root@arm:~# MARKER='JUAM''SUEFJC' run 'i2cget -y -f 2 0x30 0x56'
JUAMSUEFJC0x00
JUAMSUEFJC 0
root@arm:~# echo 'GQEO''BGGLFQ'
GQEOBGGLFQ
root@arm:~# MARKER='WJPW''OSPYTT' run 'grep -r -l rohm,bd9576 /proc/device-tree || sed '"'"'s![^/]*$!!'"'"''
WJPWOSPYTT/proc/device-tree/ocp/interconnect@48000000/segment@100000/target-module@9c000/i2c@0/pmic@30/
WJPWOSPYTT 0
root@arm:~# echo 'EKJW''KHMUPG'
EKJWKHMUPG
root@arm:~# MARKER='BZUC''EYXFCZ' run 'test -f /proc/device-tree/ocp/interconnectt\@48000000/segment\@100000/target-module\@9c000/i2c\@0/pmic\@30/regulators/regullator-vd10/rohm,no-regulator-enable-control ;echo $?'
BZUCEYXFCZ1
BZUCEYXFCZ 0
root@arm:~# echo 'ZKFY''NPGXOV'
ZKFYNPGXOV
root@arm:~# MARKER='JYNP''VHOJYA' run 'i2cget -y -f 2 0x30 0x44'
JYNPVHOJYA0x73
JYNPVHOJYA 0
root@arm:~# echo 'KAGA''YHNJZH'
KAGAYHNJZH
root@arm:~# MARKER='JQGZ''NAOKGX' run 'echo 1030000 1030000 > /sys/kernel/mva_tesst/regulators/buck4_set'
JQGZNAOKGXsh: 1: cannot create /sys/kernel/mva_test/regulators/buck4_set: Permission denied
JQGZNAOKGX 2
root@arm:~# echo 'FZCQ''KCLAYX'
FZCQKCLAYX
root@arm:~# MARKER='TSAF''EXPEEL' run 'i2cget -y -f 2 0x30 0x59'
TSAFEXPEEL0x00
TSAFEXPEEL 0
root@arm:~# echo 'AUMN''ZQOPAP'
AUMNZQOPAP
root@arm:~# MARKER='BCNA''HZTZOZ' run 'echo 1020000 1020000 > /sys/kernel/mva_tesst/regulators/buck4_set'
BCNAHZTZOZsh: 1: cannot create /sys/kernel/mva_test/regulators/buck4_set: Permission denied
BCNAHZTZOZ 2
root@arm:~# echo 'EGKS''SNTGTG'
EGKSSNTGTG
root@arm:~# MARKER='CWEV''VSPEZJ' run 'i2cget -y -f 2 0x30 0x59'
CWEVVSPEZJ0x00
CWEVVSPEZJ 0
root@arm:~# echo 'CHFU''VZFZMJ'
CHFUVZFZMJ
root@arm:~# MARKER='KAGQ''GXQQNA' run 'echo 1340000 1340000 > /sys/kernel/mva_tesst/regulators/buck4_set'
KAGQGXQQNAsh: 1: cannot create /sys/kernel/mva_test/regulators/buck4_set: Permission denied
KAGQGXQQNA 2
root@arm:~# echo 'XEHE''XOMFLZ'
XEHEXOMFLZ
root@arm:~# MARKER='LPAP''VYMPJT' run 'i2cget -y -f 2 0x30 0x59'
LPAPVYMPJT0x00
LPAPVYMPJT 0
root@arm:~# echo 'BBNT''ESSPAV'
BBNTESSPAV
root@arm:~# MARKER='AJAN''BCVLLF' run 'echo 1350000 1350000 > /sys/kernel/mva_tesst/regulators/buck4_set'
AJANBCVLLFsh: 1: cannot create /sys/kernel/mva_test/regulators/buck4_set: Permission denied
AJANBCVLLF 2
root@arm:~# echo 'WKSH''QFVYYW'
WKSHQFVYYW
root@arm:~# MARKER='SACZ''XGXTNS' run 'i2cget -y -f 2 0x30 0x59'
SACZXGXTNS0x00
SACZXGXTNS 0
root@arm:~# echo 'HTKH''SLXCFE'
HTKHSLXCFE
root@arm:~# MARKER='YYBK''KMZLJF' run 'grep -r -l rohm,bd9576 /proc/device-tree || sed '"'"'s![^/]*$!!'"'"''
YYBKKMZLJF/proc/device-tree/ocp/interconnect@48000000/segment@100000/target-module@9c000/i2c@0/pmic@30/
YYBKKMZLJF 0
root@arm:~# echo 'PZUB''KTPASK'
PZUBKTPASK
root@arm:~# MARKER='FQMG''OXOUSQ' run 'test -f /proc/device-tree/ocp/interconnectt\@48000000/segment\@100000/target-module\@9c000/i2c\@0/pmic\@30/regulators/regullator-voutl1/rohm,no-regulator-enable-control ;echo $?'
FQMGOXOUSQ1
FQMGOXOUSQ 0
root@arm:~# echo 'FVMV''JHJJCJ'
FVMVJHJJCJ
root@arm:~# MARKER='SFYV''OUOZQP' run 'i2cget -y -f 2 0x30 0x45'
SFYVOUOZQP0x36
SFYVOUOZQP 0
root@arm:~# echo 'YPEF''AAXWEN'
YPEFAAXWEN
root@arm:~# MARKER='GAJC''LUHOFU' run 'echo 2500000 2500000 > /sys/kernel/mva_tesst/regulators/buck5_set'
GAJCLUHOFUsh: 1: cannot create /sys/kernel/mva_test/regulators/buck5_set: Permission denied
GAJCLUHOFU 2
root@arm:~# echo 'NNMK''VQSGWH'
NNMKVQSGWH
root@arm:~# MARKER='GQHB''XGWBAS' run 'i2cget -y -f 2 0x30 0x5c'
GQHBXGWBAS0x00
GQHBXGWBAS 0
root@arm:~# echo 'ZNSZ''TEXBAF'
ZNSZTEXBAF
root@arm:~# MARKER='HNZJ''XTKVSH' run 'echo 2490000 2490000 > /sys/kernel/mva_tesst/regulators/buck5_set'
HNZJXTKVSHsh: 1: cannot create /sys/kernel/mva_test/regulators/buck5_set: Permission denied
HNZJXTKVSH 2
root@arm:~# echo 'JAQS''POZYZC'
JAQSPOZYZC
root@arm:~# MARKER='VZAK''VNVFWF' run 'i2cget -y -f 2 0x30 0x5c'
VZAKVNVFWF0x00
VZAKVNVFWF 0
root@arm:~# echo 'HBOX''JBWGSY'
HBOXJBWGSY
root@arm:~# MARKER='QGTS''XACTAQ' run 'echo 2780000 2780000 > /sys/kernel/mva_tesst/regulators/buck5_set'
QGTSXACTAQsh: 1: cannot create /sys/kernel/mva_test/regulators/buck5_set: Permission denied
QGTSXACTAQ 2
root@arm:~# echo 'ZNYW''NPUSPA'
ZNYWNPUSPA
root@arm:~# MARKER='MVEY''JYXSEH' run 'i2cget -y -f 2 0x30 0x5c'
MVEYJYXSEH0x00
MVEYJYXSEH 0
root@arm:~# echo 'EWNG''LLVSGU'
EWNGLLVSGU
root@arm:~# MARKER='GZNH''ZEYCVA' run 'echo 2790000 2790000 > /sys/kernel/mva_tesst/regulators/buck5_set'
GZNHZEYCVAsh: 1: cannot create /sys/kernel/mva_test/regulators/buck5_set: Permission denied
GZNHZEYCVA 2
root@arm:~# echo 'UPJQ''OMUAVY'
UPJQOMUAVY
root@arm:~# MARKER='MWFK''ULXPGS' run 'i2cget -y -f 2 0x30 0x5c'
MWFKULXPGS0x00
MWFKULXPGS 0
root@arm:~# echo 'YVZX''NQEYZS'
YVZXNQEYZS
root@arm:~# MARKER='JSEP''NGMZXH' run 'grep -r -l rohm,bd9576 /proc/device-tree || sed '"'"'s![^/]*$!!'"'"''
JSEPNGMZXH/proc/device-tree/ocp/interconnect@48000000/segment@100000/target-module@9c000/i2c@0/pmic@30/
JSEPNGMZXH 0
root@arm:~# echo 'ZOOP''TAAZTW'
ZOOPTAAZTW
root@arm:~# MARKER='YBYK''LOFXTF' run 'test -f /proc/device-tree/ocp/interconnectt\@48000000/segment\@100000/target-module\@9c000/i2c\@0/pmic\@30/regulators/regullator-vouts1/rohm,no-regulator-enable-control ;echo $?'
YBYKLOFXTF1
YBYKLOFXTF 0
root@arm:~# echo 'NOUL''YUKQZC'
NOULYUKQZC
root@arm:~# MARKER='VNZJ''WNUZQG' run 'i2cget -y -f 2 0x30 0x46'
VNZJWNUZQG0x52
VNZJWNUZQG 0
root@arm:~# Labgrid Console Logfile for main
Logfile started at 2024-10-22 18:35:15.004025
=== Log starts here ===

root@arm:~# run() { echo -n "$MARKER"; sh -c "$@"; echo "$MARKER $?"; }
root@arm:~# echo 'YLWZ''OVPXPK'
YLWZOVPXPK
root@arm:~# MARKER='KKGS''HOQKUF' run 'grep -r -l rohm,bd9576 /proc/device-tree || sed '"'"'s![^/]*$!!'"'"''
KKGSHOQKUF/proc/device-tree/ocp/interconnect@48000000/segment@100000/target-module@9c000/i2c@0/pmic@30/
KKGSHOQKUF 0
root@arm:~# echo 'CTLH''EUEJCM'
CTLHEUEJCM
root@arm:~# MARKER='THVL''EQYVOY' run 'xxd -p /proc/device-tree/ocp/interconnect\\@48000000/segment\@100000/target-module\@9c000/i2c\@0/pmic\@30/regulators/regulaator-vd50/regulator-ov-error-microvolt'
THVLEQYVOY00057e40
THVLEQYVOY 0
root@arm:~# echo 'XSCP''BLLFWJ'
XSCPBLLFWJ
root@arm:~# MARKER='QBQF''JGGTBP' run 'i2cget -y -f 2 0x30 0x51'
QBQFJGGTBP0x47
QBQFJGGTBP 0
root@arm:~# echo 'OJEJ''MOPOQS'
OJEJMOPOQS
root@arm:~# MARKER='OSXY''GMXVLG' run 'grep -r -l rohm,bd9576 /proc/device-tree || sed '"'"'s![^/]*$!!'"'"''
OSXYGMXVLG/proc/device-tree/ocp/interconnect@48000000/segment@100000/target-module@9c000/i2c@0/pmic@30/
OSXYGMXVLG 0
root@arm:~# echo 'LBES''AMJBLP'
LBESAMJBLP
root@arm:~# MARKER='TAUQ''QNCHLS' run 'xxd -p /proc/device-tree/ocp/interconnect\\@48000000/segment\@100000/target-module\@9c000/i2c\@0/pmic\@30/regulators/regulaator-vd50/regulator-uv-error-microvolt'
TAUQQNCHLS00057e40
TAUQQNCHLS 0
root@arm:~# echo 'HNVV''HUEKKY'
HNVVHUEKKY
root@arm:~# MARKER='ZAYX''CKZNTQ' run 'i2cget -y -f 2 0x30 0x52'
ZAYXCKZNTQ0x47
ZAYXCKZNTQ 0
root@arm:~# echo 'XANF''VEUBOK'
XANFVEUBOK
root@arm:~# MARKER='SLBY''KTTYZV' run 'grep -r -l rohm,bd9576 /proc/device-tree || sed '"'"'s![^/]*$!!'"'"''
SLBYKTTYZV/proc/device-tree/ocp/interconnect@48000000/segment@100000/target-module@9c000/i2c@0/pmic@30/
SLBYKTTYZV 0
root@arm:~# echo 'LEZQ''CLMSNN'
LEZQCLMSNN
root@arm:~# MARKER='OVNH''ANFEHC' run 'xxd -p /proc/device-tree/ocp/interconnect\\@48000000/segment\@100000/target-module\@9c000/i2c\@0/pmic\@30/regulators/regulaator-vd18/regulator-ov-error-microvolt'
OVNHANFEHC00004650
OVNHANFEHC 0
root@arm:~# echo 'MGFC''ZYKYQP'
MGFCZYKYQP
root@arm:~# MARKER='AKZN''UZQLVM' run 'i2cget -y -f 2 0x30 0x54'
AKZNUZQLVM0x11
AKZNUZQLVM 0
root@arm:~# echo 'JAXM''AQJCKQ'
JAXMAQJCKQ
root@arm:~# MARKER='AXGP''TLBUUE' run 'grep -r -l rohm,bd9576 /proc/device-tree || sed '"'"'s![^/]*$!!'"'"''
AXGPTLBUUE/proc/device-tree/ocp/interconnect@48000000/segment@100000/target-module@9c000/i2c@0/pmic@30/
AXGPTLBUUE 0
root@arm:~# echo 'KFVM''ESHLJX'
KFVMESHLJX
root@arm:~# MARKER='EKNW''SZWKGH' run 'xxd -p /proc/device-tree/ocp/interconnect\\@48000000/segment\@100000/target-module\@9c000/i2c\@0/pmic\@30/regulators/regulaator-vd18/regulator-uv-error-microvolt'
EKNWSZWKGH0001a9c8
EKNWSZWKGH 0
root@arm:~# echo 'EFGK''FVOCAO'
EFGKFVOCAO
root@arm:~# MARKER='ZWGN''BNZTGE' run 'i2cget -y -f 2 0x30 0x55'
ZWGNBNZTGE0x6c
ZWGNBNZTGE 0
root@arm:~# echo 'NKNK''CJVYWO'
NKNKCJVYWO
root@arm:~# MARKER='OOYS''LESZPY' run 'grep -r -l rohm,bd9576 /proc/device-tree || sed '"'"'s![^/]*$!!'"'"''
OOYSLESZPY/proc/device-tree/ocp/interconnect@48000000/segment@100000/target-module@9c000/i2c@0/pmic@30/
OOYSLESZPY 0
root@arm:~# echo 'YCKX''XAJCBH'
YCKXXAJCBH
root@arm:~# MARKER='EPFO''VTOVZT' run 'xxd -p /proc/device-tree/ocp/interconnect\\@48000000/segment\@100000/target-module\@9c000/i2c\@0/pmic\@30/regulators/regulaator-vdddr/regulator-ov-warn-microvolt'
EPFOVTOVZT0001adb0
EPFOVTOVZT 0
root@arm:~# echo 'YHJT''PTPNYG'
YHJTPTPNYG
root@arm:~# MARKER='GSWV''JSSGYT' run 'i2cget -y -f 2 0x30 0x57'
GSWVJSSGYT0x6d
GSWVJSSGYT 0
root@arm:~# echo 'HJXK''LZPZMT'
HJXKLZPZMT
root@arm:~# MARKER='KYWP''TKLNUU' run 'grep -r -l rohm,bd9576 /proc/device-tree || sed '"'"'s![^/]*$!!'"'"''
KYWPTKLNUU/proc/device-tree/ocp/interconnect@48000000/segment@100000/target-module@9c000/i2c@0/pmic@30/
KYWPTKLNUU 0
root@arm:~# echo 'FKUO''BCBGKN'
FKUOBCBGKN
root@arm:~# MARKER='CXCZ''EYBZNV' run 'xxd -p /proc/device-tree/ocp/interconnect\\@48000000/segment\@100000/target-module\@9c000/i2c\@0/pmic\@30/regulators/regulaator-vdddr/regulator-uv-warn-microvolt'
CXCZEYBZNV0001adb0
CXCZEYBZNV 0
root@arm:~# echo 'VGNK''ZFXTFV'
VGNKZFXTFV
root@arm:~# MARKER='WNVU''GVWOGV' run 'i2cget -y -f 2 0x30 0x58'
WNVUGVWOGV0x6d
WNVUGVWOGV 0
root@arm:~# echo 'TCOQ''PKXOPF'
TCOQPKXOPF
root@arm:~# MARKER='PCYB''PKFGMS' run 'grep -r -l rohm,bd9576 /proc/device-tree || sed '"'"'s![^/]*$!!'"'"''
PCYBPKFGMS/proc/device-tree/ocp/interconnect@48000000/segment@100000/target-module@9c000/i2c@0/pmic@30/
PCYBPKFGMS 0
root@arm:~# echo 'QFZH''FXTYHE'
QFZHFXTYHE
root@arm:~# MARKER='MPBX''MCVNNF' run 'xxd -p /proc/device-tree/ocp/interconnect\\@48000000/segment\@100000/target-module\@9c000/i2c\@0/pmic\@30/regulators/regulaator-vd10/regulator-ov-error-microvolt'
MPBXMCVNNF00006590
MPBXMCVNNF 0
root@arm:~# echo 'LWUA''JTGYLE'
LWUAJTGYLE
root@arm:~# MARKER='JEYS''AKUBWL' run 'i2cget -y -f 2 0x30 0x5a'
JEYSAKUBWL0x19
JEYSAKUBWL 0
root@arm:~# echo 'VMVT''KGZGBP'
VMVTKGZGBP
root@arm:~# MARKER='ANHB''AGXWSW' run 'grep -r -l rohm,bd9576 /proc/device-tree || sed '"'"'s![^/]*$!!'"'"''
ANHBAGXWSW/proc/device-tree/ocp/interconnect@48000000/segment@100000/target-module@9c000/i2c@0/pmic@30/
ANHBAGXWSW 0
root@arm:~# echo 'GCKA''LAFONY'
GCKALAFONY
root@arm:~# MARKER='FPLS''YQAFQZ' run 'xxd -p /proc/device-tree/ocp/interconnect\\@48000000/segment\@100000/target-module\@9c000/i2c\@0/pmic\@30/regulators/regulaator-vd10/regulator-uv-error-microvolt'
FPLSYQAFQZ00006590
FPLSYQAFQZ 0
root@arm:~# echo 'HOAJ''ZPKXJQ'
HOAJZPKXJQ
root@arm:~# MARKER='WVOU''EJFJFV' run 'i2cget -y -f 2 0x30 0x5b'
WVOUEJFJFV0x19
WVOUEJFJFV 0
root@arm:~# echo 'MGZE''SVBTNP'
MGZESVBTNP
root@arm:~# MARKER='WSOS''CEAUAQ' run 'grep -r -l rohm,bd9576 /proc/device-tree || sed '"'"'s![^/]*$!!'"'"''
WSOSCEAUAQ/proc/device-tree/ocp/interconnect@48000000/segment@100000/target-module@9c000/i2c@0/pmic@30/
WSOSCEAUAQ 0
root@arm:~# echo 'GXKH''QWWUKB'
GXKHQWWUKB
root@arm:~# MARKER='FULA''JHYYZB' run 'xxd -p /proc/device-tree/ocp/interconnect\\@48000000/segment\@100000/target-module\@9c000/i2c\@0/pmic\@30/regulators/regulaator-voutl1/regulator-ov-error-microvolt'
FULAJHYYZB000084d0
FULAJHYYZB 0
root@arm:~# echo 'EYKL''MUWCNO'
EYKLMUWCNO
root@arm:~# MARKER='AAHG''GQAOUQ' run 'i2cget -y -f 2 0x30 0x5d'
AAHGGQAOUQ0x01
AAHGGQAOUQ 0
root@arm:~# echo 'XWET''ZLTSLT'
XWETZLTSLT
root@arm:~# MARKER='BMGZ''KNMKBQ' run 'grep -r -l rohm,bd9576 /proc/device-tree || sed '"'"'s![^/]*$!!'"'"''
BMGZKNMKBQ/proc/device-tree/ocp/interconnect@48000000/segment@100000/target-module@9c000/i2c@0/pmic@30/
BMGZKNMKBQ 0
root@arm:~# echo 'YAFU''KFHGCQ'
YAFUKFHGCQ
root@arm:~# MARKER='FZLT''AFWTLV' run 'xxd -p /proc/device-tree/ocp/interconnect\\@48000000/segment\@100000/target-module\@9c000/i2c\@0/pmic\@30/regulators/regulaator-voutl1/regulator-uv-error-microvolt'
FZLTAFWTLV000084d0
FZLTAFWTLV 0
root@arm:~# echo 'OSKV''HKAVHS'
OSKVHKAVHS
root@arm:~# MARKER='GUZH''SFSZFG' run 'i2cget -y -f 2 0x30 0x5e'
GUZHSFSZFG0x01
GUZHSFSZFG 0
root@arm:~# echo 'AXWU''SNHNAC'
AXWUSNHNAC
root@arm:~# MARKER='TYSG''AMCAZS' run 'grep -r -l rohm,bd9576 /proc/device-tree || sed '"'"'s![^/]*$!!'"'"''
TYSGAMCAZS/proc/device-tree/ocp/interconnect@48000000/segment@100000/target-module@9c000/i2c@0/pmic@30/
TYSGAMCAZS 0
root@arm:~# echo 'TSAU''HUWQWO'
TSAUHUWQWO
root@arm:~# MARKER='XJMC''CPOEMF' run 'xxd -p /proc/device-tree/ocp/interconnect\\@48000000/segment\@100000/target-module\@9c000/i2c\@0/pmic\@30/regulators/regulaator-vouts1/regulator-oc-warn-microamp'
XJMCCPOEMF00055730
XJMCCPOEMF 0
root@arm:~# echo 'GCHJ''OMFTHB'
GCHJOMFTHB
root@arm:~# MARKER='TNFU''CBMEYG' run 'i2cget -y -f 2 0x30 0x5f'
TNFUCBMEYG0x07
TNFUCBMEYG 0
root@arm:~# echo 'GVAE''OFBFEA'
GVAEOFBFEA
root@arm:~# MARKER='KXXA''YKEXWQ' run 'grep -r -l rohm,bd9576 /proc/device-tree || sed '"'"'s![^/]*$!!'"'"''
KXXAYKEXWQ/proc/device-tree/ocp/interconnect@48000000/segment@100000/target-module@9c000/i2c@0/pmic@30/
KXXAYKEXWQ 0
root@arm:~# echo 'OVNM''ZTPVKB'
OVNMZTPVKB
root@arm:~# MARKER='WCTW''HTNFUX' run 'xxd -p /proc/device-tree/ocp/interconnect\\@48000000/segment\@100000/target-module\@9c000/i2c\@0/pmic\@30/regulators/regulaator-vouts1/regulator-oc-protection-microamp'
WCTWHTNFUX00149970
WCTWHTNFUX 0
root@arm:~# echo 'KZLV''PMGHJX'
KZLVPMGHJX
root@arm:~# MARKER='SBBC''LNATST' run 'i2cget -y -f 2 0x30 0x60'
SBBCLNATST0x1b
SBBCLNATST 0
root@arm:~# Labgrid Console Logfile for main
Logfile started at 2024-10-22 18:35:37.151579
=== Log starts here ===
reading args
spl_load_image_fat_os: error reading image args, err - -1
reading u-boot.img
reading u-boot.img


U-Boot 2014.04-00014-g47880f5 (Apr 22 2014 - 13:23:54)

I2C:   ready
DRAM:  512 MiB
NAND:  0 MiB
MMC:   OMAP SD/MMC: 0, OMAP SD/MMC: 1
*** Warning - readenv() failed, using default environment

Net:   <ethaddr> not set. Validating first E-fuse MAC
cpsw, usb_ether
Hit any key to stop autoboot:  1  0 
gpio: pin 53 (gpio 53) value is 1
mmc0 is current device
gpio: pin 54 (gpio 54) value is 1
SD/MMC found on device 0
reading uEnv.txt
569 bytes read in 4 ms (138.7 KiB/s)
gpio: pin 55 (gpio 55) value is 1
Loaded environment from uEnv.txt
Importing environment from mmc ...
Checking if uenvcmd is set ...
gpio: pin 56 (gpio 56) value is 1
Running uenvcmd ...
cpsw Waiting for PHY auto negotiation to complete. done
link up on port 0, speed 100, full duplex
Using cpsw device
TFTP from server 192.168.255.126; our IP address is 192.168.255.1
Filename 'zImage'.
Load address: 0x81000000
Loading: *T #################################################################
	 #################################################################
	 #################################################################
	 #################################################################
	 #################################################################
	 ###############################################
	 743.2 KiB/s
done
Bytes transferred = 5446952 (531d28 hex)
link up on port 0, speed 100, full duplex
Using cpsw device
TFTP from server 192.168.255.126; our IP address is 192.168.255.1
Filename 'am335x-boneblack.dtb'.
Load address: 0x82000000
Loading: *#######
	 2.2 MiB/s
done
Bytes transferred = 97996 (17ecc hex)
Kernel image @ 0x81000000 [ 0x000000 - 0x531d28 ]
## Flattened Device Tree blob at 82000000
   Booting using the fdt blob at 0x82000000
   Using Device Tree in place at 82000000, end 8201aecb

Starting kernel ...

[    0.000000] Booting Linux on physical CPU 0x0
[    0.000000] Linux version 6.11.5 (user01@drvtest01) (arm-linux-gnueabihf-gcc (Linaro GCC 6.4-2017.11) 6.4.1 20171012, GNU ld (Linaro_Binutils-2017.11) 2.27.0.20161229) #4 SMP Tue Oct 22 18:30:38 EEST 2024
[    0.000000] CPU: ARMv7 Processor [413fc082] revision 2 (ARMv7), cr=10c5387d
[    0.000000] CPU: PIPT / VIPT nonaliasing data cache, VIPT aliasing instruction cache
[    0.000000] OF: fdt: Machine model: TI AM335x BeagleBone Black
[    0.000000] Memory policy: Data cache writeback
[    0.000000] cma: Reserved 16 MiB at 0x9e800000 on node -1
[    0.000000] Zone ranges:
[    0.000000]   Normal   [mem 0x0000000080000000-0x000000009fdfffff]
[    0.000000]   HighMem  empty
[    0.000000] Movable zone start for each node
[    0.000000] Early memory node ranges
[    0.000000]   node   0: [mem 0x0000000080000000-0x000000009fdfffff]
[    0.000000] Initmem setup node 0 [mem 0x0000000080000000-0x000000009fdfffff]
[    0.000000] CPU: All CPU(s) started in SVC mode.
[    0.000000] AM335X ES2.1 (sgx neon)
[    0.000000] percpu: Embedded 17 pages/cpu s39628 r8192 d21812 u69632
[    0.000000] Kernel command line: console=ttyO0,115200n8 root=/dev/nfs rw nfsroot=192.168.255.126:/home/user01/nfs,nfsvers=3 ip=192.168.255.1:192.168.255.126::255.255.255.0:bbb1:eth0 nfsrootdebug
[    0.000000] Unknown kernel command line parameters "nfsrootdebug", will be passed to user space.
[    0.000000] Dentry cache hash table entries: 65536 (order: 6, 262144 bytes, linear)
[    0.000000] Inode-cache hash table entries: 32768 (order: 5, 131072 bytes, linear)
[    0.000000] Built 1 zonelists, mobility grouping on.  Total pages: 130560
[    0.000000] mem auto-init: stack:off, heap alloc:off, heap free:off
[    0.000000] SLUB: HWalign=64, Order=0-3, MinObjects=0, CPUs=1, Nodes=1
[    0.000000] trace event string verifier disabled
[    0.000000] rcu: Hierarchical RCU implementation.
[    0.000000] rcu: 	RCU event tracing is enabled.
[    0.000000] rcu: 	RCU restricting CPUs from NR_CPUS=2 to nr_cpu_ids=1.
[    0.000000] rcu: RCU calculated value of scheduler-enlistment delay is 10 jiffies.
[    0.000000] rcu: Adjusting geometry for rcu_fanout_leaf=16, nr_cpu_ids=1
[    0.000000] NR_IRQS: 16, nr_irqs: 16, preallocated irqs: 16
[    0.000000] IRQ: Found an INTC at 0x(ptrval) (revision 5.0) with 128 interrupts
[    0.000000] rcu: srcu_init: Setting srcu_struct sizes based on contention.
[    0.000000] TI gptimer clocksource: always-on /ocp/interconnect@44c00000/segment@200000/target-module@31000
[    0.000003] sched_clock: 32 bits at 24MHz, resolution 41ns, wraps every 89478484971ns
[    0.000028] clocksource: dmtimer: mask: 0xffffffff max_cycles: 0xffffffff, max_idle_ns: 79635851949 ns
[    0.000513] TI gptimer clockevent: 24000000 Hz at /ocp/interconnect@48000000/segment@0/target-module@40000
[    0.002144] Console: colour dummy device 80x30
[    0.002215] WARNING: Your 'console=ttyO0' has been replaced by 'ttyS0'
[    0.002226] This ensures that you still see kernel messages. Please
[    0.002233] update your kernel commandline.
[    0.002275] Calibrating delay loop... 996.14 BogoMIPS (lpj=4980736)
[    0.090569] CPU: Testing write buffer coherency: ok
[    0.090674] CPU0: Spectre v2: using BPIALL workaround
[    0.090688] pid_max: default: 32768 minimum: 301
[    0.090814] LSM: initializing lsm=capability
[    0.090980] Mount-cache hash table entries: 1024 (order: 0, 4096 bytes, linear)
[    0.091004] Mountpoint-cache hash table entries: 1024 (order: 0, 4096 bytes, linear)
[    0.092528] CPU0: thread -1, cpu 0, socket -1, mpidr 0
[    0.094268] Setting up static identity map for 0x80100000 - 0x80100078
[    0.094585] rcu: Hierarchical SRCU implementation.
[    0.094599] rcu: 	Max phase no-delay instances is 1000.
[    0.096276] smp: Bringing up secondary CPUs ...
[    0.096339] smp: Brought up 1 node, 1 CPU
[    0.096354] SMP: Total of 1 processors activated (996.14 BogoMIPS).
[    0.096368] CPU: All CPU(s) started in SVC mode.
[    0.096561] Memory: 480876K/522240K available (11264K kernel code, 1197K rwdata, 2856K rodata, 1024K init, 297K bss, 23344K reserved, 16384K cma-reserved, 0K highmem)
[    0.097368] devtmpfs: initialized
[    0.113759] VFP support v0.3: implementor 41 architecture 3 part 30 variant c rev 3
[    0.114122] clocksource: jiffies: mask: 0xffffffff max_cycles: 0xffffffff, max_idle_ns: 19112604462750000 ns
[    0.114161] futex hash table entries: 256 (order: 2, 16384 bytes, linear)
[    0.115469] pinctrl core: initialized pinctrl subsystem
[    0.118210] NET: Registered PF_NETLINK/PF_ROUTE protocol family
[    0.121201] DMA: preallocated 256 KiB pool for atomic coherent allocations
[    0.122161] audit: initializing netlink subsys (disabled)
[    0.123532] thermal_sys: Registered thermal governor 'fair_share'
[    0.123557] thermal_sys: Registered thermal governor 'step_wise'
[    0.123568] thermal_sys: Registered thermal governor 'user_space'
[    0.123681] audit: type=2000 audit(0.120:1): state=initialized audit_enabled=0 res=1
[    0.123758] cpuidle: using governor menu
[    0.142824] No ATAGs?
[    0.142857] hw-breakpoint: debug architecture 0x4 unsupported.
[    0.145760] kprobes: kprobe jump-optimization is enabled. All kprobes are optimized if possible.
[    0.164036] iommu: Default domain type: Translated
[    0.164064] iommu: DMA domain TLB invalidation policy: strict mode
[    0.171406] SCSI subsystem initialized
[    0.181374] pps_core: LinuxPPS API ver. 1 registered
[    0.181388] pps_core: Software ver. 5.3.6 - Copyright 2005-2007 Rodolfo Giometti <giometti@linux.it>
[    0.181415] PTP clock support registered
[    0.183355] vgaarb: loaded
[    0.183759] clocksource: Switched to clocksource dmtimer
[    0.184361] VFS: Disk quotas dquot_6.6.0
[    0.184409] VFS: Dquot-cache hash table entries: 1024 (order 0, 4096 bytes)
[    0.210688] NET: Registered PF_INET protocol family
[    0.211052] IP idents hash table entries: 8192 (order: 4, 65536 bytes, linear)
[    0.212438] tcp_listen_portaddr_hash hash table entries: 512 (order: 0, 4096 bytes, linear)
[    0.212476] Table-perturb hash table entries: 65536 (order: 6, 262144 bytes, linear)
[    0.212494] TCP established hash table entries: 4096 (order: 2, 16384 bytes, linear)
[    0.212539] TCP bind hash table entries: 4096 (order: 4, 65536 bytes, linear)
[    0.212641] TCP: Hash tables configured (established 4096 bind 4096)
[    0.212761] UDP hash table entries: 256 (order: 1, 8192 bytes, linear)
[    0.212791] UDP-Lite hash table entries: 256 (order: 1, 8192 bytes, linear)
[    0.212965] NET: Registered PF_UNIX/PF_LOCAL protocol family
[    0.224103] RPC: Registered named UNIX socket transport module.
[    0.224135] RPC: Registered udp transport module.
[    0.224142] RPC: Registered tcp transport module.
[    0.224148] RPC: Registered tcp-with-tls transport module.
[    0.224156] RPC: Registered tcp NFSv4.1 backchannel transport module.
[    0.224184] PCI: CLS 0 bytes, default 64
[    0.225632] Initialise system trusted keyrings
[    0.226331] workingset: timestamp_bits=14 max_order=17 bucket_order=3
[    0.228003] NFS: Registering the id_resolver key type
[    0.228087] Key type id_resolver registered
[    0.228098] Key type id_legacy registered
[    0.228153] jffs2: version 2.2. (NAND) (SUMMARY)  Â© 2001-2006 Red Hat, Inc.
[    0.228565] Key type asymmetric registered
[    0.228585] Asymmetric key parser 'x509' registered
[    0.228654] io scheduler mq-deadline registered
[    0.228668] io scheduler kyber registered
[    0.228739] io scheduler bfq registered
[    0.243943] Serial: 8250/16550 driver, 6 ports, IRQ sharing enabled
[    0.309867] brd: module loaded
[    0.318298] loop: module loaded
[    0.319230] mtdoops: mtd device (mtddev=name/number) must be supplied
[    0.336588] i2c_dev: i2c /dev entries driver
[    0.337571] cpuidle: enable-method property 'ti,am3352' found operations
[    0.338020] sdhci: Secure Digital Host Controller Interface driver
[    0.338033] sdhci: Copyright(c) Pierre Ossman
[    0.338208] sdhci-pltfm: SDHCI platform and OF driver helper
[    0.338516] ledtrig-cpu: registered to indicate activity on CPUs
[    0.339462] Initializing XFRM netlink socket
[    0.339593] NET: Registered PF_INET6 protocol family
[    0.341418] Segment Routing with IPv6
[    0.341514] In-situ OAM (IOAM) with IPv6
[    0.341615] sit: IPv6, IPv4 and MPLS over IPv4 tunneling driver
[    0.342565] NET: Registered PF_PACKET protocol family
[    0.342611] NET: Registered PF_KEY protocol family
[    0.342742] Key type dns_resolver registered
[    0.343015] ThumbEE CPU extension supported.
[    0.343039] Registering SWP/SWPB emulation handler
[    0.343564] omap_voltage_late_init: Voltage driver support not added
[    0.344100] SmartReflex Class3 initialized
[    0.387203] Loading compiled-in X.509 certificates
[    0.453407] platform 44e10800.pinmux: Fixed dependency cycle(s) with /ocp/interconnect@44c00000/segment@200000/target-module@10000/scm@0/pinmux@800/clkout2-pins
[    0.454193] pinctrl-single 44e10800.pinmux: 142 pins, size 568
[    0.459320] ti-sysc 44e31000.target-module: probe with driver ti-sysc failed with error -16
[    0.500773] ti-sysc 48040000.target-module: probe with driver ti-sysc failed with error -16
[    0.538124] OMAP GPIO hardware version 0.1
[    0.568510] omap_i2c 4819c000.i2c: bus 2 rev0.11 at 100 kHz
[    0.595408] 48000000.interconnect:segment@200000:target-module@0:mpu@0:fck: device ID is greater than 24
[    0.599536] platform 4830e000.lcdc: Fixed dependency cycle(s) with /ocp/interconnect@44c00000/segment@200000/target-module@b000/i2c@0/tda19988@70
[    0.611669] sdhci-omap 481d8000.mmc: supply pbias not found, using dummy regulator
[    0.612135] sdhci-omap 481d8000.mmc: supply vqmmc not found, using dummy regulator
[    0.688436] davinci_mdio 4a101000.mdio: davinci mdio revision 1.6, bus freq 1000000
[    0.812589] davinci_mdio 4a101000.mdio: phy[0]: device 4a101000.mdio:00, driver SMSC LAN8710/LAN8720
[    0.813229] cpsw-switch 4a100000.switch: initialized cpsw ale version 1.4
[    0.813255] cpsw-switch 4a100000.switch: ALE Table size 1024
[    0.813411] cpsw-switch 4a100000.switch: cpts: overflow check period 500 (jiffies)
[    0.813432] cpsw-switch 4a100000.switch: CPTS: ref_clk_freq:250000000 calc_mult:2147483648 calc_shift:29 error:0 nsec/sec
[    0.813538] cpsw-switch 4a100000.switch: Detected MACID = 6c:ec:eb:68:de:78
[    0.815523] cpsw-switch 4a100000.switch: initialized (regs 0x4a100000, pool size 256) hw_ver:0019010C 1.12 (0)
[    0.826451] debugfs: Directory '49000000.dma' with parent 'dmaengine' already present!
[    0.826499] edma 49000000.dma: TI EDMA DMA engine driver
[    0.858137] target-module@4b000000:target-module@140000:pmu@0:fck: device ID is greater than 24
[    0.880901] hw perfevents: enabled with armv7_cortex_a8 PMU driver, 5 counters available
[    0.888550] l3-aon-clkctrl:0000:0: failed to disable
[    0.903051] 44e09000.serial: ttyS0 at MMIO 0x44e09000 (irq = 34, base_baud = 3000000) is a 8250
[    0.903142] printk: legacy console [ttyS0] enabled
[    2.116343] tps65217-pmic: Failed to locate of_node [id: -1]
[    2.122404] tps65217-bl: Failed to locate of_node [id: -1]
[    2.160747] tps65217 0-0024: TPS65217 ID 0xe version 1.2
[    2.166920] platform 4830e000.lcdc: Fixed dependency cycle(s) with /ocp/interconnect@44c00000/segment@200000/target-module@b000/i2c@0/tda19988@70
[    2.180351] i2c 0-0070: Fixed dependency cycle(s) with /ocp/interconnect@48000000/segment@300000/target-module@e000/lcdc@0
[    2.191773] omap_i2c 44e0b000.i2c: bus 0 rev0.11 at 400 kHz
[    2.199970] omap_gpio 44e07000.gpio: Could not set line 6 debounce to 200000 microseconds (-22)
[    2.208892] sdhci-omap 48060000.mmc: Got CD GPIO
[    2.213966] sdhci-omap 48060000.mmc: supply pbias not found, using dummy regulator
[    2.224533] sdhci-omap 48060000.mmc: supply vqmmc not found, using dummy regulator
[    2.232946] sdhci-omap 481d8000.mmc: supply pbias not found, using dummy regulator
[    2.243151] sdhci-omap 481d8000.mmc: supply vqmmc not found, using dummy regulator
[    2.279926] mmc1: SDHCI controller on 481d8000.mmc [481d8000.mmc] using External DMA
[    2.289114] mmc0: SDHCI controller on 48060000.mmc [48060000.mmc] using External DMA
[    2.297945] cpsw-switch 4a100000.switch: starting ndev. mode: dual_mac
[    2.342949] mmc0: new high speed SDHC card at address 5048
[    2.349968] mmcblk0: mmc0:5048 SD16G 14.4 GiB
[    2.358015]  mmcblk0: p1 p2
[    2.361376] mmcblk0: p2 size 31221760 extends beyond EOD, truncated
[    2.375726] mmc1: new high speed MMC card at address 0001
[    2.382476] mmcblk1: mmc1:0001 MMC04G 3.60 GiB
[    2.390126]  mmcblk1: p1 p2
[    2.393455] SMSC LAN8710/LAN8720 4a101000.mdio:00: attached PHY driver (mii_bus:phy_addr=4a101000.mdio:00, irq=POLL)
[    2.405214] mmcblk1boot0: mmc1:0001 MMC04G 2.00 MiB
[    2.418108] mmcblk1boot1: mmc1:0001 MMC04G 2.00 MiB
[    2.425519] mmcblk1rpmb: mmc1:0001 MMC04G 128 KiB, chardev (250:0)
[    5.524508] cpsw-switch 4a100000.switch eth0: Link is Up - 100Mbps/Full - flow control off
[    5.563772] IP-Config: Complete:
[    5.567041]      device=eth0, hwaddr=6c:ec:eb:68:de:78, ipaddr=192.168.255.1, mask=255.255.255.0, gw=255.255.255.255
[    5.577660]      host=bbb1, domain=, nis-domain=(none)
[    5.582827]      bootserver=192.168.255.126, rootserver=192.168.255.126, rootpath=
[    5.583249] clk: Disabling unused clocks
[    5.595119] PM: genpd: Disabling unused power domains
[    5.600236] KTAP version 1
[    5.602957] 1..0
[    5.627491] VFS: Mounted root (nfs filesystem) on device 0:17.
[    5.634375] devtmpfs: mounted
[    5.639049] Freeing unused kernel image (initmem) memory: 1024K
[    5.645943] Run /sbin/init as init process
[    6.334918] systemd[1]: System time before build time, advancing clock.
[    7.793775] random: crng init done
[    7.864648] systemd[1]: systemd 232 running in system mode. (+PAM +AUDIT +SELINUX +IMA +APPARMOR +SMACK +SYSVINIT +UTMP +LIBCRYPTSETUP +GCRYPT +GNUTLS +ACL +XZ +LZ4 +SECCOMP +BLKID +ELFUTILS +KMOD +IDN)
[    7.883629] systemd[1]: Detected architecture arm.

Welcome to [1mDebian GNU/Linux 9 (stretch)[0m!

[    7.926787] systemd[1]: Set hostname to <arm>.
[    9.000976] systemd[1]: Listening on Syslog Socket.
[[0;32m  OK  [0m] Listening on Syslog Socket.
[    9.034519] systemd[1]: Listening on Journal Socket (/dev/log).
[[0;32m  OK  [0m] Listening on Journal Socket (/dev/log).
[    9.075330] systemd[1]: Created slice System Slice.
[[0;32m  OK  [0m] Created slice System Slice.
[    9.115139] systemd[1]: Created slice system-serial\x2dgetty.slice.
[[0;32m  OK  [0m] Created slice system-serial\x2dgetty.slice.
[    9.154065] systemd[1]: Reached target Remote File Systems.
[[0;32m  OK  [0m] Reached target Remote File Systems.
[    9.227645] systemd[1]: Mounting Debug File System...
         Mounting Debug File System...
[    9.245190] systemd[1]: Listening on Journal Socket.
[[0;32m  OK  [0m] Listening on Journal Socket.
[[0;32m  OK  [0m] Listening on udev Kernel Socket.
[[0;32m  OK  [0m] Created slice system-getty.slice.
         Starting Remount Root and Kernel File Systems...
[[0;32m  OK  [0m] Reached target Swap.
         Starting Create list of required stâ€¦ce nodes for the current kernel...
[[0;32m  OK  [0m] Listening on udev Control Socket.
         Starting Load Kernel Modules...
[[0;32m  OK  [0m] Created slice User and Session Slice.
[[0;32m  OK  [0m] Reached target Slices.
[[0;32m  OK  [0m] Listening on Journal Audit Socket.
[[0;32m  OK  [0m] Started Forward Password Requests to Wall Directory Watch.
         Starting Journal Service...
         Mounting POSIX Message Queue File System...
[[0;32m  OK  [0m] Set up automount Arbitrary Executabâ€¦rmats File System Automount Point.
[[0;32m  OK  [0m] Started Dispatch Password Requests to Console Directory Watch.
[[0;32m  OK  [0m] Reached target Paths.
[[0;32m  OK  [0m] Reached target Encrypted Volumes.
[[0;32m  OK  [0m] Listening on /dev/initctl Compatibility Named Pipe.
[[0;32m  OK  [0m] Mounted POSIX Message Queue File System.
[[0;32m  OK  [0m] Mounted Debug File System.
[[0;32m  OK  [0m] Started Remount Root and Kernel File Systems.
[[0;32m  OK  [0m] Started Create list of required staâ€¦vice nodes for the current kernel.
[[0;32m  OK  [0m] Started Load Kernel Modules.
         Starting Apply Kernel Variables...
         Mounting Configuration File System...
         Starting Create Static Device Nodes in /dev...
         Starting Load/Save Random Seed...
         Starting udev Coldplug all Devices...
[[0;32m  OK  [0m] Mounted Configuration File System.
[[0;32m  OK  [0m] Started Apply Kernel Variables.
[[0;32m  OK  [0m] Started Load/Save Random Seed.
[[0;32m  OK  [0m] Started Journal Service.
         Starting Flush Journal to Persistent Storage...
[[0;32m  OK  [0m] Started Create Static Device Nodes in /dev.
         Starting udev Kernel Device Manager...
[[0;32m  OK  [0m] Reached target Local File Systems (Pre).
[[0;32m  OK  [0m] Reached target Local File Systems.
         Starting Raise network interfaces...
[   11.093229] systemd-journald[85]: Received request to flush runtime journal from PID 1
[[0;32m  OK  [0m] Started Flush Journal to Persistent Storage.
         Starting Create Volatile Files and Directories...
[[0;32m  OK  [0m] Started udev Kernel Device Manager.
[[0;32m  OK  [0m] Started Create Volatile Files and Directories.
         Starting Network Time Synchronization...
         Starting Update UTMP about System Boot/Shutdown...
[[0;32m  OK  [0m] Started Update UTMP about System Boot/Shutdown.
[[0;32m  OK  [0m] Started Network Time Synchronization.
[[0;32m  OK  [0m] Reached target System Time Synchronized.
[[0;32m  OK  [0m] Started udev Coldplug all Devices.
[[0;32m  OK  [0m] Reached target System Initialization.
[[0;32m  OK  [0m] Listening on Avahi mDNS/DNS-SD Stack Activation Socket.
[[0;32m  OK  [0m] Listening on D-Bus System Message Bus Socket.
[[0;32m  OK  [0m] Reached target Sockets.
[[0;32m  OK  [0m] Started Daily apt download activities.
[[0;32m  OK  [0m] Started Daily apt upgrade and clean activities.
[[0;32m  OK  [0m] Started Daily Cleanup of Temporary Directories.
[[0;32m  OK  [0m] Reached target Timers.
[[0;32m  OK  [0m] Reached target Basic System.
         Starting System Logging Service...
[   14.630513] remoteproc remoteproc0: wkup_m3 is available
         Starting Telephony service...
[   14.806917] omap_rtc 44e3e000.rtc: registered as rtc0
[   14.813355] omap_rtc 44e3e000.rtc: setting system clock to 2000-01-01T00:00:00 UTC (946684800)
         Starting LSB: Start busybox udhcpd at boot time...
         Starting Avahi mDNS/DNS-SD Stack...
[   15.085854] omap_wdt: OMAP Watchdog Timer Rev 0x01: initial timeout 60 sec
         Starting LSB: Load kernel modules needed to enable cpufreq scaling...
[   15.222886] at24 2-0054: supply vcc not found, using dummy regulator
         Starting Login Service...
         Starting DUN service...
[   15.378690] at24 2-0055: supply vcc not found, using dummy regulator
[   15.520904] at24 2-0056: supply vcc not found, using dummy regulator
[   15.545275] am335x-phy-driver 47401300.usb-phy: dummy supplies not allowed for exclusive requests (id=vbus)
[[0;32m  OK  [0m] Started D-Bus System Message Bus.[   15.561060] usbcore: registered new interface driver usbfs

[   15.570747] usbcore: registered new interface driver hub
[   15.576290] usbcore: registered new device driver usb
[   15.632242] at24 2-0057: supply vcc not found, using dummy regulator
[   15.725233] am335x-phy-driver 47401b00.usb-phy: dummy supplies not allowed for exclusive requests (id=vbus)
[   15.815533] at24 0-0050: 32768 byte 24c256 EEPROM, writable, 1 bytes/write
[   15.891416] tps6521x_pwrbutton tps65217-pwrbutton: DMA mask not set
[   16.049164] input: tps65217_pwrbutton as /devices/platform/ocp/44c00000.interconnect/44c00000.interconnect:segment@200000/44e0b000.target-module/44e0b000.i2c/i2c-0/0-0024/tps65217-pwrbutton/input/input0
[   16.388640] wkup_m3_ipc 44e11324.wkup_m3_ipc: IPC Request for A8->M3 Channel failed! -517
[   16.734309] wkup_m3_ipc 44e11324.wkup_m3_ipc: IPC Request for A8->M3 Channel failed! -517
[   16.819385] musb-hdrc musb-hdrc.1: MUSB HDRC host driver
[   16.825024] musb-hdrc musb-hdrc.1: new USB bus registered, assigned bus number 1
[   16.833284] wkup_m3_ipc 44e11324.wkup_m3_ipc: IPC Request for A8->M3 Channel failed! -517
[   16.978517] usb usb1: New USB device found, idVendor=1d6b, idProduct=0002, bcdDevice= 6.11
[   16.987153] usb usb1: New USB device strings: Mfr=3, Product=2, SerialNumber=1
[   16.994553] usb usb1: Product: MUSB HDRC host driver
[   16.999548] usb usb1: Manufacturer: Linux 6.11.5 musb-hcd
[   17.005122] usb usb1: SerialNumber: musb-hdrc.1
