Labgrid Console Logfile for main
Logfile started at 2025-02-27 09:58:38.896250
=== Log starts here ===

U-Boot SPL 2014.04-00014-g47880f5 (Apr 22 2014 - 13:23:54)
reading args
spl_load_image_fat_os: error reading image args, err - -1
reading u-boot.img
reading u-boot.img


U-Boot 2014.04-00014-g47880f5 (Apr 22 2014 - 13:23:54)

I2C:   ready
DRAM:  512 MiB
NAND:  0 MiB
MMC:   OMAP SD/MMC: 0, OMAP SD/MMC: 1
*** Warning - readenv() failed, using default environment

Net:   <ethaddr> not set. Validating first E-fuse MAC
cpsw, usb_ether
Hit any key to stop autoboot:  1  0 
gpio: pin 53 (gpio 53) value is 1
mmc0 is current device
gpio: pin 54 (gpio 54) value is 1
SD/MMC found on device 0
reading uEnv.txt
569 bytes read in 4 ms (138.7 KiB/s)
gpio: pin 55 (gpio 55) value is 1
Loaded environment from uEnv.txt
Importing environment from mmc ...
Checking if uenvcmd is set ...
gpio: pin 56 (gpio 56) value is 1
Running uenvcmd ...
cpsw Waiting for PHY auto negotiation to complete. done
link up on port 0, speed 100, full duplex
Using cpsw device
TFTP from server 192.168.255.126; our IP address is 192.168.255.1
Filename 'zImage'.
Load address: 0x81000000
Loading: *#################################################################
	 #################################################################
	 #################################################################
	 #################################################################
	 #################################################################
	 #####################################################
	 2.4 MiB/s
done
Bytes transferred = 5548520 (54a9e8 hex)
link up on port 0, speed 100, full duplex
Using cpsw device
TFTP from server 192.168.255.126; our IP address is 192.168.255.1
Filename 'am335x-boneblack.dtb'.
Load address: 0x82000000
Loading: *#######
	 1.3 MiB/s
done
Bytes transferred = 98244 (17fc4 hex)
Kernel image @ 0x81000000 [ 0x000000 - 0x54a9e8 ]
## Flattened Device Tree blob at 82000000
   Booting using the fdt blob at 0x82000000
   Using Device Tree in place at 82000000, end 8201afc3

Starting kernel ...

[    0.000000] Booting Linux on physical CPU 0x0
[    0.000000] Linux version 6.14.0-rc4-next-20250227 (user01@drvtest01) (arm-none-eabi-gcc (Arm GNU Toolchain 14.2.Rel1 (Build arm-14.52)) 14.2.1 20241119, GNU ld (Arm GNU Toolchain 14.2.Rel1 (Build arm-14.52)) 2.43.1.20241119) #1 SMP Thu Feb 27 09:57:19 EET 2025
[    0.000000] CPU: ARMv7 Processor [413fc082] revision 2 (ARMv7), cr=10c5387d
[    0.000000] CPU: PIPT / VIPT nonaliasing data cache, VIPT aliasing instruction cache
[    0.000000] OF: fdt: Machine model: TI AM335x BeagleBone Black
[    0.000000] Memory policy: Data cache writeback
[    0.000000] cma: Reserved 16 MiB at 0x00000000
[    0.000000] Zone ranges:
[    0.000000]   Normal   [mem 0x0000000080000000-0x000000009fdfffff]
[    0.000000]   HighMem  empty
[    0.000000] Movable zone start for each node
[    0.000000] Early memory node ranges
[    0.000000]   node   0: [mem 0x0000000080000000-0x000000009fdfffff]
[    0.000000] Initmem setup node 0 [mem 0x0000000080000000-0x000000009fdfffff]
[    0.000000] OF: reserved mem: Reserved memory: No reserved-memory node in the DT
[    0.000000] CPU: All CPU(s) started in SVC mode.
[    0.000000] AM335X ES2.1 (sgx neon)
[    0.000000] percpu: Embedded 17 pages/cpu s39628 r8192 d21812 u69632
[    0.000000] Kernel command line: console=ttyO0,115200n8 root=/dev/nfs rw nfsroot=192.168.255.126:/home/user01/nfs,nfsvers=3 ip=192.168.255.1:192.168.255.126::255.255.255.0:bbb1:eth0 nfsrootdebug
[    0.000000] Unknown kernel command line parameters "nfsrootdebug", will be passed to user space.
[    0.000000] printk: log buffer data + meta data: 65536 + 204800 = 270336 bytes
[    0.000000] Dentry cache hash table entries: 65536 (order: 6, 262144 bytes, linear)
[    0.000000] Inode-cache hash table entries: 32768 (order: 5, 131072 bytes, linear)
[    0.000000] Built 1 zonelists, mobility grouping on.  Total pages: 130560
[    0.000000] mem auto-init: stack:off, heap alloc:off, heap free:off
[    0.000000] SLUB: HWalign=16, Order=0-3, MinObjects=0, CPUs=1, Nodes=1
[    0.000000] rcu: Hierarchical RCU implementation.
[    0.000000] rcu: 	RCU event tracing is enabled.
[    0.000000] rcu: 	RCU restricting CPUs from NR_CPUS=2 to nr_cpu_ids=1.
[    0.000000] 	Tracing variant of Tasks RCU enabled.
[    0.000000] rcu: RCU calculated value of scheduler-enlistment delay is 10 jiffies.
[    0.000000] rcu: Adjusting geometry for rcu_fanout_leaf=16, nr_cpu_ids=1
[    0.000000] RCU Tasks Trace: Setting shift to 0 and lim to 1 rcu_task_cb_adjust=1 rcu_task_cpu_ids=1.
[    0.000000] NR_IRQS: 16, nr_irqs: 16, preallocated irqs: 16
[    0.000000] IRQ: Found an INTC at 0x(ptrval) (revision 5.0) with 128 interrupts
[    0.000000] rcu: srcu_init: Setting srcu_struct sizes based on contention.
[    0.000000] TI gptimer clocksource: always-on /ocp/interconnect@44c00000/segment@200000/target-module@31000
[    0.000002] sched_clock: 32 bits at 24MHz, resolution 41ns, wraps every 89478484971ns
[    0.000025] clocksource: dmtimer: mask: 0xffffffff max_cycles: 0xffffffff, max_idle_ns: 79635851949 ns
[    0.000496] TI gptimer clockevent: 24000000 Hz at /ocp/interconnect@48000000/segment@0/target-module@40000
[    0.002130] Console: colour dummy device 80x30
[    0.002196] WARNING: Your 'console=ttyO0' has been replaced by 'ttyS0'
[    0.002204] This ensures that you still see kernel messages. Please
[    0.002208] update your kernel commandline.
[    0.002250] Calibrating delay loop... 996.14 BogoMIPS (lpj=4980736)
[    0.090544] CPU: Testing write buffer coherency: ok
[    0.090660] CPU0: Spectre v2: using BPIALL workaround
[    0.090671] pid_max: default: 32768 minimum: 301
[    0.090818] LSM: initializing lsm=capability
[    0.090996] Mount-cache hash table entries: 1024 (order: 0, 4096 bytes, linear)
[    0.091016] Mountpoint-cache hash table entries: 1024 (order: 0, 4096 bytes, linear)
[    0.092587] CPU0: thread -1, cpu 0, socket -1, mpidr 0
[    0.092644] cacheinfo: Unable to detect cache hierarchy for CPU 0
[    0.160743] Setting up static identity map for 0x80100000 - 0x80100078
[    0.170687] rcu: Hierarchical SRCU implementation.
[    0.170699] rcu: 	Max phase no-delay instances is 1000.
[    0.190744] smp: Bringing up secondary CPUs ...
[    0.190800] smp: Brought up 1 node, 1 CPU
[    0.190815] SMP: Total of 1 processors activated (996.14 BogoMIPS).
[    0.190826] CPU: All CPU(s) started in SVC mode.
[    0.191018] Memory: 480832K/522240K available (11264K kernel code, 1213K rwdata, 2896K rodata, 1024K init, 288K bss, 23380K reserved, 16384K cma-reserved, 0K highmem)
[    0.191850] devtmpfs: initialized
[    0.209389] VFP support v0.3: implementor 41 architecture 3 part 30 variant c rev 3
[    0.210042] clocksource: jiffies: mask: 0xffffffff max_cycles: 0xffffffff, max_idle_ns: 19112604462750000 ns
[    0.210083] futex hash table entries: 256 (order: 2, 16384 bytes, linear)
[    0.211400] pinctrl core: initialized pinctrl subsystem
[    0.214135] NET: Registered PF_NETLINK/PF_ROUTE protocol family
[    0.216909] DMA: preallocated 256 KiB pool for atomic coherent allocations
[    0.217864] audit: initializing netlink subsys (disabled)
[    0.219237] thermal_sys: Registered thermal governor 'fair_share'
[    0.219252] thermal_sys: Registered thermal governor 'step_wise'
[    0.219261] thermal_sys: Registered thermal governor 'user_space'
[    0.219407] audit: type=2000 audit(0.210:1): state=initialized audit_enabled=0 res=1
[    0.219444] cpuidle: using governor menu
[    0.237567] /ocp/interconnect@44c00000/segment@200000/target-module@b000/i2c@0/tda19988@70: Fixed dependency cycle(s) with /ocp/interconnect@48000000/segment@300000/target-module@e000/lcdc@0
[    0.238670] /ocp/interconnect@48000000/segment@300000/target-module@e000/lcdc@0: Fixed dependency cycle(s) with /ocp/interconnect@44c00000/segment@200000/target-module@b000/i2c@0/tda19988@70
[    0.240998] No ATAGs?
[    0.241041] hw-breakpoint: debug architecture 0x4 unsupported.
[    0.243770] kprobes: kprobe jump-optimization is enabled. All kprobes are optimized if possible.
[    0.254075] iommu: Default domain type: Translated
[    0.254097] iommu: DMA domain TLB invalidation policy: strict mode
[    0.261522] SCSI subsystem initialized
[    0.262384] pps_core: LinuxPPS API ver. 1 registered
[    0.262396] pps_core: Software ver. 5.3.6 - Copyright 2005-2007 Rodolfo Giometti <giometti@linux.it>
[    0.262421] PTP clock support registered
[    0.270863] vgaarb: loaded
[    0.271222] clocksource: Switched to clocksource dmtimer
[    0.271889] VFS: Disk quotas dquot_6.6.0
[    0.271946] VFS: Dquot-cache hash table entries: 1024 (order 0, 4096 bytes)
[    0.297020] NET: Registered PF_INET protocol family
[    0.297366] IP idents hash table entries: 8192 (order: 4, 65536 bytes, linear)
[    0.298799] tcp_listen_portaddr_hash hash table entries: 512 (order: 0, 4096 bytes, linear)
[    0.298837] Table-perturb hash table entries: 65536 (order: 6, 262144 bytes, linear)
[    0.298855] TCP established hash table entries: 4096 (order: 2, 16384 bytes, linear)
[    0.298898] TCP bind hash table entries: 4096 (order: 4, 65536 bytes, linear)
[    0.298998] TCP: Hash tables configured (established 4096 bind 4096)
[    0.299118] UDP hash table entries: 256 (order: 1, 14336 bytes, linear)
[    0.299154] UDP-Lite hash table entries: 256 (order: 1, 14336 bytes, linear)
[    0.299350] NET: Registered PF_UNIX/PF_LOCAL protocol family
[    0.300618] RPC: Registered named UNIX socket transport module.
[    0.300639] RPC: Registered udp transport module.
[    0.300644] RPC: Registered tcp transport module.
[    0.300649] RPC: Registered tcp-with-tls transport module.
[    0.300654] RPC: Registered tcp NFSv4.1 backchannel transport module.
[    0.300678] PCI: CLS 0 bytes, default 64
[    0.302282] Initialise system trusted keyrings
[    0.312414] workingset: timestamp_bits=14 max_order=17 bucket_order=3
[    0.313794] NFS: Registering the id_resolver key type
[    0.313864] Key type id_resolver registered
[    0.313872] Key type id_legacy registered
[    0.313981] jffs2: version 2.2. (NAND) (SUMMARY)  Â© 2001-2006 Red Hat, Inc.
[    0.314399] Key type asymmetric registered
[    0.314415] Asymmetric key parser 'x509' registered
[    0.314479] io scheduler mq-deadline registered
[    0.314489] io scheduler kyber registered
[    0.314566] io scheduler bfq registered
[    0.316148] ledtrig-cpu: registered to indicate activity on CPUs
[    0.321925] Serial: 8250/16550 driver, 6 ports, IRQ sharing enabled
[    0.360274] brd: module loaded
[    0.386901] loop: module loaded
[    0.387843] mtdoops: mtd device (mtddev=name/number) must be supplied
[    0.391038] i2c_dev: i2c /dev entries driver
[    0.392214] cpuidle: enable-method property 'ti,am3352' found operations
[    0.392676] sdhci: Secure Digital Host Controller Interface driver
[    0.392686] sdhci: Copyright(c) Pierre Ossman
[    0.392864] sdhci-pltfm: SDHCI platform and OF driver helper
[    0.393884] Initializing XFRM netlink socket
[    0.394056] NET: Registered PF_INET6 protocol family
[    0.409047] Segment Routing with IPv6
[    0.409134] In-situ OAM (IOAM) with IPv6
[    0.409239] sit: IPv6, IPv4 and MPLS over IPv4 tunneling driver
[    0.410207] NET: Registered PF_PACKET protocol family
[    0.410242] NET: Registered PF_KEY protocol family
[    0.410396] Key type dns_resolver registered
[    0.410632] ThumbEE CPU extension supported.
[    0.410649] Registering SWP/SWPB emulation handler
[    0.411348] omap_voltage_late_init: Voltage driver support not added
[    0.411707] SmartReflex Class3 initialized
[    0.442603] Loading compiled-in X.509 certificates
[    0.475034] /ocp/interconnect@44c00000/segment@200000/target-module@b000/i2c@0/tda19988@70: Fixed dependency cycle(s) with /ocp/interconnect@48000000/segment@300000/target-module@e000/lcdc@0
[    0.481551] /ocp/interconnect@44c00000/segment@200000/target-module@b000/i2c@0/tda19988@70: Fixed dependency cycle(s) with /ocp/interconnect@48000000/segment@300000/target-module@e000/lcdc@0
[    0.521739] /ocp/interconnect@44c00000/segment@200000/target-module@b000/i2c@0/tda19988@70: Fixed dependency cycle(s) with /ocp/interconnect@48000000/segment@300000/target-module@e000/lcdc@0
[    0.522683] /ocp/interconnect@44c 00000/segment@200000/target-module@b000/i2c@0/tda19988@70: Fixed dependency cycle(s) with /ocp/interconnect@48000000/segment@300000/target-module@e000/lcdc@0
[    0.526074] /ocp/interconnect@44c00000/segment@200000/target-module@10000/scm@0/pinmux@800: Fi not found, using dummy regulator
[    0.668873] sdhci-omap 481d8000.mmc: supply vqmmc not found, using dummy regulator
[    0.726845] davinci_mdio 4a101000.mdio: davinci mdio revision 1.6, bus freq 1000000
[    0.839104] davinci_mdio 4a101000.mdio: phy[0]: device 4a101000.mdio:00, driver SMSC LAN8710/LAN8720
[    0.839915] cpsw-switch 4a100000.switch: initialized cpsw ale version 1.4
[    0.839938] cpsw-switch 4a100000.switch: ALE Table size 1024, Policers 0
[    0.840086] cpsw-switch 4a100000.switch: cpts: overflow check period 500 (jiffies)
[    0.840104] cpsw-switch 4a100000.switch: CPTS: ref_clk_freq:250000000 calc_mult:2147483648 calc_shift:29 error:0 nsec/sec
[    0.840211] cpsw-switch 4a100000.switch: Detected MACID = 6c:ec:eb:68:de:78
[    0.842234] cpsw-switch 4a100000.switch: initialized (regs 0x4a100000, pool size 256) hw_ver:0019010C 1.12 (0)
[    0.853243] debugfs: Directory '49000000.dma' with parent 'dmaengine' already present!
[    0.853283] edma 49000000.dma: TI EDMA DMA engine driver
[    0.894338] target-module@4b000000:target-module@140000:pmu@0:fck: device ID is greater than 24
[    0.923456] hw perfevents: enabled with armv7_cortex_a8 PMU driver, 5 (8000000f) counters available
[    0.931104] l3-aon-clkctrl:0000:0: failed to disable
[    0.934248] 44e09000.serial: ttyS0 at MMIO 0x44e09000 (irq = 34, base_baud = 3000000) is a 8250
[    0.934336] printk: legacy console [ttyS0] enabled
[    2.462251] tps65217-pmic: Failed to locate of_node [id: -1]
[    2.468311] tps65217-bl: Failed to locate of_node [id: -1]
[    2.479688] tps65217 0-0024: TPS65217 ID 0xe version 1.2
[    2.485826] /ocp/interconnect@48000000/segment@300000/target-module@e000/lcdc@0: Fixed dependency cycle(s) with /ocp/interconnect@44c00000/segment@200000/target-module@b000/i2c@0/tda19988@70
[    2.503217] /ocp/interconnect@44c00000/segment@200000/target-module@b000/i2c@0/tda19988@70: Fixed dependency cycle(s) with /ocp/interconnect@48000000/segment@300000/target-module@e000/lcdc@0
[    2.520589] omap_i2c 44e0b000.i2c: bus 0 rev0.11 at 400 kHz
[    2.528578] omap_gpio 44e07000.gpio: Could not set line 6 debounce to 200000 microseconds (-22)
[    2.537461] sdhci-omap 48060000.mmc: Got CD GPIO
[    2.542495] sdhci-omap 48060000.mmc: supply pbias not found, using dummy regulator
[    2.552745] sdhci-omap 48060000.mmc: supply vqmmc not found, using dummy regulator
[    2.561758] sdhci-omap 481d8000.mmc: supply pbias not found, using dummy regulator
[    2.569776] sdhci-omap 481d8000.mmc: supply vqmmc not found, using dummy regulator
 [    2.661254] mmc1: SDHCI controller on 481d8000.mmc [481d800 0.mmc] using External DMA
[    2.670216] mmc0: SDHCI controller on 48060000.mmc [48060000.mmc] using External DMA
[    2.679042] cpsw-switch 4a100000.switch: starting ndev. mode: dual_mac
[  50:0)
[    5.921991] cpsw-switch 4a100000.switch eth0: Link is Up - 100Mbps/Full - flow control off
[    5.951249] IP-Config: Complete:
[    5.954518]      device=eth0, hwaddr=6c:ec:eb:68:de:78, ipaddr=192.168.255.1, mask=255.255.255.0, gw=255.255.255.255
[    5.965161]      host=bbb1, domain=, nis-domain=(none)
[    5.970328]      bootserver=192.168.255.126, rootserver=192.168.255.126, rootpath=
[    5.970728] clk: Disabling unused clocks
[    5.982590] PM: genpd: Disabling unused power domains
[    5.987707] KTAP version 1
[    5.990428] 1..0
[    6.015103] VFS: Mounted root (nfs filesystem) on device 0:17.
[    6.021935] devtmpfs: mounted
[    6.026432] Freeing unused kernel image (initmem) memory: 1024K
[    6.033142] Run /sbin/init as init process
[    6.770774] systemd[1]: System time before build time, advancing clock.
[    8.241242] random: crng init done
[    8.282452] systemd[1]: systemd 232 running in system mode. (+PAM +AUDIT +SELINUX +IMA +APPARMOR +SMACK +SYSVINIT +UTMP +LIBCRYPTSETUP +GCRYPT +GNUTLS +ACL +XZ +LZ4 +SECCOMP +BLKID +ELFUTILS +KMOD +IDN)
[    8.301602] systemd[1]: Detected architecture arm.

Welcome to [1mDebian GNU/Linux 9 (stretch)[0m!

[    8.334394] systemd[1]: Set hostname to <arm>.
[    9.420118] systemd[1]: Listening on /dev/initctl Compatibility Named Pipe.
[[0;32m  OK  [0m] Listening on /dev/initctl Compatibility Named Pipe.
[    9.452143] systemd[1]: Started Dispatch Password Requests to Console Directory Watch.
[[0;32m  OK  [0m] Started Dispatch Password Requests to Console Directory Watch.
[    9.482839] systemd[1]: Created slice System Slice.
[[0;32m  OK  [0m] Created slice System Slice.
[    9.513509] systemd[1]: Listening on Journal Socket.
[[0;32m  OK  [0m] Listening on Journal Socket.
[    9.541673] systemd[1]: Reached target Remote File Systems.
[[0;32m  OK  [0m] Reached target Remote File Systems.
[    9.602326] systemd[1]: Starting Remount Root and Kernel File Systems...
         Starting Remount Root and Kernel File Systems...
[    9.618431] systemd[1]: Listening on udev Control Socket.
[[0;32m  OK  [0m] Listening on udev Control Socket.
[[0;32m  OK  [0m] Created slice User and Session Slice.
[[0;32m  OK  [0m] Started Forward Password Requests to Wall Directory Watch.
[[0;32m  OK  [0m] Reached target Paths.
[[0;32m  OK  [0m] Reached target Slices.
[[0;32m  OK  [0m] Listening on Journal Audit Socket.
[[0;32m  OK  [0m] Listening on Syslog Socket.
         Starting Create list of required stâ€¦ce nodes for the current kernel...
[[0;32m  OK  [0m] Created slice system-getty.slice.
[[0;32m  OK  [0m] Created slice system-serial\x2dgetty.slice.
[[0;32m  OK  [0m] Listening on udev Kernel Socket.
[[0;32m  OK  [0m] Listening on Journal Socket (/dev/log).
         Starting Journal Service...
         Starting Load Kernel Modules...
         Mounting POSIX Message Queue File System...
[[0;32m  OK  [0m] Reached target Encrypted Volumes.
[[0;32m  OK  [0m] Set up automount Arbitrary Executabâ€¦rmats File System Automount Point.
[[0;32m  OK  [0m] Reached target Swap.
         Mounting Debug File System...
[[0;32m  OK  [0m] Started Remount Root and Kernel File Systems.
[[0;32m  OK  [0m] Started Create list of required staâ€¦vice nodes for the current kernel.
[[0;32m  OK  [0m] Mounted POSIX Message Queue File System.
         Starting Create Static Device Nodes in /dev...
         Starting udev Coldplug all Devices...
         Starting Load/Save Random Seed...
[[0;32m  OK  [0m] Mounted Debug File System.
[[0;32m  OK  [0m] Started Load Kernel Modules.
         Mounting Configuration File System...
         Starting Apply Kernel Variables...
[[0;32m  OK  [0m] Mounted Configuration File System.
[[0;32m  OK  [0m] Started Load/Save Random Seed.
[[0;32m  OK  [0m] Started Apply Kernel Variables.
[[0;32m  OK  [0m] Started Create Static Device Nodes in /dev.
         Starting udev Kernel Device Manager...
[[0;32m  OK  [0m] Reached target Local File Systems (Pre).
[[0;32m  OK  [0m] Reached target Local File Systems.
         Starting Raise network interfaces...
[[0;32m  OK  [0m] Started Journal Service.
         Starting Flush Journal to Persistent Storage...
[   11.719542] systemd-journald[84]: Received request to flush runtime journal from PID 1
[[0;32m  OK  [0m] Started Flush Journal to Persistent Storage.
         Starting Create Volatile Files and Directories...
[[0;32m  OK  [0m] Started udev Kernel Device Manager.
[[0;32m  OK  [0m] Started Create Volatile Files and Directories.
         Starting Update UTMP about System Boot/Shutdown...
         Starting Network Time Synchronization...
[[0;32m  OK  [0m] Started udev Coldplug all Devices.
[[0;32m  OK  [0m] Started Update UTMP about System Boot/Shutdown.
[   14.805978] remoteproc remoteproc0: wkup_m3 is available
[   14.877173] at24 2-0054: supply vcc not found, using dummy regulator
[   15.027101] at24 2-0055: supply vcc not found, using dummy regulator
[   15.097952] at24 2-0056: supply vcc not found, using dummy regulator
[[0;32m  OK  [0m] Found device /dev/ttyS0.
[   15.171119] at24 2-0057: supply vcc not found, using dummy regulator
[   15.186767] tps6521x_pwrbutton tps65217-pwrbutton: DMA mask not set
[   15.243914] wkup_m3_ipc 44e11324.wkup_m3_ipc: IPC Request for A8->M3 Channel failed! -517
[   15.310865] omap_rtc 44e3e000.rtc: registered as rtc0
[   15.316313] omap_rtc 44e3e000.rtc: setting system clock to 2000-01-01T00:00:00 UTC (946684800)
[   15.327246] wkup_m3_ipc 44e11324.wkup_m3_ipc: IPC Request for A8->M3 Channel failed! -517
[   15.338122] input: tps65217_pwrbutton as /devices/platform/ocp/44c00000.interconnect/44c00000.interconnect:segment@200000/44e0b000.target-module/44e0b000.i2c/i2c-0/0-0024/tps65217-pwrbutton/input/input0
[   15.376873] at24 0-0050: 32768 byte 24c256 EEPROM, writable, 1 bytes/write
[   15.449348] wkup_m3_ipc 44e11324.wkup_m3_ipc: IPC Request for A8->M3 Channel failed! -517
[   15.571860] omap_wdt: OMAP Watchdog Timer Rev 0x01: initial timeout 60 sec
[   15.603059] wkup_m3_ipc 44e11324.wkup_m3_ipc: IPC Request for A8->M3 Channel failed! -517
[   15.684725] am335x-phy-driver 47401300.usb-phy: dummy supplies not allowed for exclusive requests (id=vbus)
[   15.996266] am335x-phy-driver 47401b00.usb-phy: dummy supplies not allowed for exclusive requests (id=vbus)
[   16.008676] wkup_m3_ipc 44e11324.wkup_m3_ipc: IPC Request for A8->M3 Channel failed! -517
[   16.159488] wkup_m3_ipc 44e11324.wkup_m3_ipc: IPC Request for A8->M3 Channel failed! -517
[   16.462910] usbcore: registered new interface driver usbfs
[   16.468945] usbcore: registered new interface driver hub
[   16.474601] usbcore: registered new device driver usb
[[0;32m  OK  [0m] Started Network Time Synchronization.
[[0;32m  OK  [0m] Reached target System Initialization.
[[0;32m  OK  [0m] Listening on Avahi mDNS/DNS-SD Stack Activation Socket.
[   17.103893] omap-mailbox 480c8000.mailbox: omap mailbox rev 0x400
[[0;32m  OK  [0m] Listening on D-Bus System Message Bus Socket.
[[0;32m  OK  [0m] Reached target Sockets.
[[0;32m  OK  [0m] Started Daily Cleanup of Temporary Directories.
[   17.161182] remoteproc remoteproc0: powering up wkup_m3
[[0;32m  OK  [0m] Reached target Basic System.
         Starting System Logging Service...
[   17.377909] remoteproc remoteproc0: Direct firmware load for am335x-pm-firmware.elf failed with error -2
[   17.387735] remoteproc remoteproc0: request_firmware failed: -2
[   17.393772] wkup_m3_ipc 44e11324.wkup_m3_ipc: rproc_boot failed
[   17.457354] musb-hdrc musb-hdrc.1: MUSB HDRC host driver
[   17.463000] musb-hdrc musb-hdrc.1: new USB bus registered, assigned bus number 1
         Starting Telephony service...
         Starting Avahi mDNS/DNS-SD Stack...
[   17.594627] tda998x 0-0070: found TDA19988
[   17.645065] usb usb1: New USB device found, idVendor=1d6b, idProduct=0002, bcdDevice= 6.14
[   17.653648] usb usb1: New USB device strings: Mfr=3, Product=2, SerialNumber=1
[   17.660920] usb usb1: Product: MUSB HDRC host driver
[   17.666009] usb usb1: Manufacturer: Linux 6.14.0-rc4-next-20250227 musb-hcd
[   17.673046] usb usb1: SerialNumber: musb-hdrc.1
         Starting LSB: Load kernel modules needed to enable cpufreq scaling...
         Starting DUN service...
         Starting Login Service...
[   18.233160] hub 1-0:1.0: USB hub found
[   18.270848] hub 1-0:1.0: 1 port detected
[[0;32m  OK  [0m] Started Regular background program processing daemon.
[[0;32m  OK  [0m] Started D-Bus System Message Bus.
[   20.326696] omap_rng 48310000.rng: Random Number Generator ver. 20
[   20.447810] tilcdc 4830e000.lcdc: bound 0-0070 (ops tda998x_audio_codec_init [tda998x])
[   20.562019] [drm] Initialized tilcdc 1.0.0 for 4830e000.lcdc on minor 0
[   20.619047] tilcdc 4830e000.lcdc: [drm] Cannot find any crtc or sizes
[   20.627302] tilcdc 4830e000.lcdc: [drm] Cannot find any crtc or sizes
[   21.358510] PM: Cannot get wkup_m3_ipc handle
[   21.391900] omap-sham 53100000.sham: hw accel on OMAP rev 4.3
[   21.502959] omap-sham 53100000.sham: will run requests pump with realtime priority
[   21.512244] PM: Cannot get wkup_m3_ipc handle
[[0;32m  OK  [0m] Started DUN service.
[   21.582393] omap-aes 53500000.aes: OMAP AES hw accel rev: 3.2
[[0;32m  OK  [0m] Started Telephony service.
[[0;32m  OK  [0m] Started Avahi mDNS/DNS-SD Stack.
[   21.695027] omap-aes 53500000.aes: will run requests pump with realtime priority
[   21.705416] PM: Cannot get wkup_m3_ipc handle
         Starting Connection service...
         Starting LSB: Start busybox udhcpd at boot time...
         Starting Generic Board Startup...
         Starting Cape Manager Service...
[[0;32m  OK  [0m] Reached target System Time Synchronized.
[[0;32m  OK  [0m] Started Daily apt download activities.
[[0;32m  OK  [0m] Started Daily apt upgrade and clean activities.
[[0;32m  OK  [0m] Reached target Timers.
[[0;32m  OK  [0m] Started System Logging Service.
[   23.290343] Bluetooth: Core ver 2.22
[   23.294415] NET: Registered PF_BLUETOOTH protocol family
[   23.299968] Bluetooth: HCI device and connection manager initialized
[   23.306520] Bluetooth: HCI socket layer initialized
[   23.311484] Bluetooth: L2CAP socket layer initialized
[   23.316606] Bluetooth: SCO socket layer initialized
[[0;32m  OK  [0m] Started Cape Manager Service.
[   25.137208] gpio-537 (nxp,calib): gpiod_direction_output_nonotify: tried to set a GPIO tied to an IRQ as output
[   25.156271] PM: Cannot get wkup_m3_ipc handle
[   25.310373] PM: Cannot get wkup_m3_ipc handle
[   25.436457] tda9950 0-0034: TDA9950 CEC interface, hardware version 3.3
[   25.529942] PM: Cannot get wkup_m3_ipc handle
[[0;32m  OK  [0m] Started Raise network interfaces.
[[0;32m  OK  [0m] Started LSB: Start busybox udhcpd at boot time.
[[0;32m  OK  [0m] Started LSB: Load kernel modules needed to enable cpufreq scaling.
[   29.153977] configfs-gadget.g_multi gadget.0: HOST MAC 1c:ba:8c:a2:ed:6c
[   29.160753] configfs-gadget.g_multi gadget.0: MAC 1c:ba:8c:a2:ed:70
[   29.168220] configfs-gadget.g_multi gadget.0: HOST MAC 1c:ba:8c:a2:ed:6c
[   29.175122] configfs-gadget.g_multi gadget.0: MAC 1c:ba:8c:a2:ed:6d
[   29.186505] PM: Cannot get wkup_m3_ipc handle
[[0;32m  OK  [0m] Started Connection service.
[[0;32m  OK  [0m] Reached target Sound Card.
         Starting LSB: set CPUFreq kernel parameters...
[[0;32m  OK  [0m] Reached target Network.
         Starting The Apache HTTP Server...
         Starting OpenBSD Secure Shell server...
[[0;32m  OK  [0m] Reached target Network is Online.
         Starting LSB: Advanced IEEE 802.11 management daemon...
         Starting Permit User Sessions...
[[0;32m  OK  [0m] Started LSB: Advanced IEEE 802.11 management daemon.
[[0;32m  OK  [0m] Started Login Service.
[[0;32m  OK  [0m] Started Permit User Sessions.
         Starting Hostname Service...
         Starting WPA supplicant...
[[0;32m  OK  [0m] Started Serial Getty on ttyS0.
[[0;32m  OK  [0m] Started Getty on tty1.
[[0;32m  OK  [0m] Reached target Login Prompts.
[[0;32m  OK  [0m] Started LSB: set CPUFreq kernel parameters.
[[0;32m  OK  [0m] Started WPA supplicant.
[[0;32m  OK  [0m] Started Hostname Service.
[[0;32m  OK  [0m] Started OpenBSD Secure Shell server.
         Stopping LSB: Start busybox udhcpd at boot time...
[[0;32m  OK  [0m] Stopped LSB: Start busybox udhcpd at boot time.
[[0;32m  OK  [0m] Started The Apache HTTP Server.
         Starting dnsmasq - A lightweight DHCP and caching DNS server...
[[0;32m  OK  [0m] Started dnsmasq - A lightweight DHCP and caching DNS server.
[[0;32m  OK  [0m] Reached target Host and Network Name Lookups.
[[0;32m  OK  [0m] Started Serial Getty on ttyGS0.
[[0;32m  OK  [0m] Started Generic Board Startup.
[[0;32m  OK  [0m] Reached target Multi-User System.
[[0;32m  OK  [0m] Reached target Graphical Interface.
         Starting Update UTMP about System Runlevel Changes...
[[0;32m  OK  [0m] Started Update UTMP about System Runlevel Changes.

Debian GNU/Linux 9 arm ttyS0

default username:password is [debian:temppwd]

arm login: root
Password: 
Last login: Sat Jan  1 00:00:33 UTC 2000 on ttyS0
root
Linux arm 6.14.0-rc4-next-20250227 #1 SMP Thu Feb 27 09:57:19 EET 2025 armv7l

The programs included with the Debian GNU/Linux system are free software;
the exact distribution terms for each program are described in the
individual files in /usr/share/doc/*/copyright.

Debian GNU/Linux comes with ABSOLUTELY NO WARRANTY, to the extent
permitted by applicable law.
root@arm:~# root
dmesg -n 1
-bash: root: command not found
root@arm:~# dmesg -n 1
root@arm:~# echo 'ASTX''ETLHAT'
ASTXETLHAT
root@arm:~# run() { echo -n "$MARKER"; sh -c "$@"; echo "$MARKER $?"; }
root@arm:~# echo 'YVKT''NVXKKC'
YVKTNVXKKC
root@arm:~# MARKER='KXHJ''ENQXHZ' run 'cat /proc/version'
KXHJENQXHZLinux version 6.14.0-rc4-next-20250227 (user01@drvtest01) (arm-none-eabi-gcc (Arm GNU Toolchain 14.2.Rel1 (Build arm-14.52)) 14.2.1 20241119, GNU ld (Arm GNU Toolchain 14.2.Rel1 (Build arm-14.52)) 2.43.1.20241119) #1 SMP Thu Feb 27 09:57:19 EET 2025
KXHJENQXHZ 0
root@arm:~# echo 'QQMK''TKPGJS'
QQMKTKPGJS
root@arm:~# MARKER='FEXY''XTCZWA' run false
FEXYXTCZWAFEXYXTCZWA 1
root@arm:~# Labgrid Console Logfile for main
Logfile started at 2025-02-27 09:59:44.366200
=== Log starts here ===

root@arm:~# run() { echo -n "$MARKER"; sh -c "$@"; echo "$MARKER $?"; }
root@arm:~# echo 'KZFW''VXSALO'
KZFWVXSALO
root@arm:~# MARKER='TNLJ''WGLNQQ' run 'ls /iio_generic_buffer; echo $?'
TNLJWGLNQQ/iio_generic_buffer
0
TNLJWGLNQQ 0
root@arm:~# Labgrid Console Logfile for main
Logfile started at 2025-02-27 09:59:47.852101
=== Log starts here ===

root@arm:~# run() { echo -n "$MARKER"; sh -c "$@"; echo "$MARKER $?"; }
root@arm:~# echo 'USGG''QCBFAL'
USGGQCBFAL
root@arm:~# MARKER='FFYU''WXPGWE' run dmesg
FFYUWXPGWE[    0.000000] Booting Linux on physical CPU 0x0
[    0.000000] Linux version 6.14.0-rc4-next-20250227 (user01@drvtest01) (arm-none-eabi-gcc (Arm GNU Toolchain 14.2.Rel1 (Build arm-14.52)) 14.2.1 20241119, GNU ld (Arm GNU Toolchain 14.2.Rel1 (Build arm-14.52)) 2.43.1.20241119) #1 SMP Thu Feb 27 09:57:19 EET 2025
[    0.000000] CPU: ARMv7 Processor [413fc082] revision 2 (ARMv7), cr=10c5387d
[    0.000000] CPU: PIPT / VIPT nonaliasing data cache, VIPT aliasing instruction cache
[    0.000000] OF: fdt: Machine model: TI AM335x BeagleBone Black
[    0.000000] Memory policy: Data cache writeback
[    0.000000] cma: Reserved 16 MiB at 0x00000000
[    0.000000] Zone ranges:
[    0.000000]   Normal   [mem 0x0000000080000000-0x000000009fdfffff]
[    0.000000]   HighMem  empty
[    0.000000] Movable zone start for each node
[    0.000000] Early memory node ranges
[    0.000000]   node   0: [mem 0x0000000080000000-0x000000009fdfffff]
[    0.000000] Initmem setup node 0 [mem 0x0000000080000000-0x000000009fdfffff]
[    0.000000] OF: reserved mem: Reserved memory: No reserved-memory node in the DT
[    0.000000] CPU: All CPU(s) started in SVC mode.
[    0.000000] AM335X ES2.1 (sgx neon)
[    0.000000] percpu: Embedded 17 pages/cpu s39628 r8192 d21812 u69632
[    0.000000] pcpu-alloc: s39628 r8192 d21812 u69632 alloc=17*4096
[    0.000000] pcpu-alloc: [0] 0 
[    0.000000] Kernel command line: console=ttyO0,115200n8 root=/dev/nfs rw nfsroot=192.168.255.126:/home/user01/nfs,nfsvers=3 ip=192.168.255.1:192.168.255.126::255.255.255.0:bbb1:eth0 nfsrootdebug
[    0.000000] Unknown kernel command line parameters "nfsrootdebug", will be passed to user space.
[    0.000000] printk: log buffer data + meta data: 65536 + 204800 = 270336 bytes
[    0.000000] Dentry cache hash table entries: 65536 (order: 6, 262144 bytes, linear)
[    0.000000] Inode-cache hash table entries: 32768 (order: 5, 131072 bytes, linear)
[    0.000000] Built 1 zonelists, mobility grouping on.  Total pages: 130560
[    0.000000] mem auto-init: stack:off, heap alloc:off, heap free:off
[    0.000000] SLUB: HWalign=16, Order=0-3, MinObjects=0, CPUs=1, Nodes=1
[    0.000000] rcu: Hierarchical RCU implementation.
[    0.000000] rcu: 	RCU event tracing is enabled.
[    0.000000] rcu: 	RCU restricting CPUs from NR_CPUS=2 to nr_cpu_ids=1.
[    0.000000] 	Tracing variant of Tasks RCU enabled.
[    0.000000] rcu: RCU calculated value of scheduler-enlistment delay is 10 jiffies.
[    0.000000] rcu: Adjusting geometry for rcu_fanout_leaf=16, nr_cpu_ids=1
[    0.000000] RCU Tasks Trace: Setting shift to 0 and lim to 1 rcu_task_cb_adjust=1 rcu_task_cpu_ids=1.
[    0.000000] NR_IRQS: 16, nr_irqs: 16, preallocated irqs: 16
[    0.000000] IRQ: Found an INTC at 0x(ptrval) (revision 5.0) with 128 interrupts
[    0.000000] rcu: srcu_init: Setting srcu_struct sizes based on contention.
[    0.000000] TI gptimer clocksource: always-on /ocp/interconnect@44c00000/segment@200000/target-module@31000
[    0.000002] sched_clock: 32 bits at 24MHz, resolution 41ns, wraps every 89478484971ns
[    0.000025] clocksource: dmtimer: mask: 0xffffffff max_cycles: 0xffffffff, max_idle_ns: 79635851949 ns
[    0.000496] TI gptimer clockevent: 24000000 Hz at /ocp/interconnect@48000000/segment@0/target-module@40000
[    0.002130] Console: colour dummy device 80x30
[    0.002196] WARNING: Your 'console=ttyO0' has been replaced by 'ttyS0'
[    0.002204] This ensures that you still see kernel messages. Please
[    0.002208] update your kernel commandline.
[    0.002250] Calibrating delay loop... 996.14 BogoMIPS (lpj=4980736)
[    0.090544] CPU: Testing write buffer coherency: ok
[    0.090660] CPU0: Spectre v2: using BPIALL workaround
[    0.090671] pid_max: default: 32768 minimum: 301
[    0.090818] LSM: initializing lsm=capability
[    0.090996] Mount-cache hash table entries: 1024 (order: 0, 4096 bytes, linear)
[    0.091016] Mountpoint-cache hash table entries: 1024 (order: 0, 4096 bytes, linear)
[    0.092587] CPU0: thread -1, cpu 0, socket -1, mpidr 0
[    0.092644] cacheinfo: Unable to detect cache hierarchy for CPU 0
[    0.160743] Setting up static identity map for 0x80100000 - 0x80100078
[    0.170687] rcu: Hierarchical SRCU implementation.
[    0.170699] rcu: 	Max phase no-delay instances is 1000.
[    0.190744] smp: Bringing up secondary CPUs ...
[    0.190800] smp: Brought up 1 node, 1 CPU
[    0.190815] SMP: Total of 1 processors activated (996.14 BogoMIPS).
[    0.190826] CPU: All CPU(s) started in SVC mode.
[    0.191018] Memory: 480832K/522240K available (11264K kernel code, 1213K rwdata, 2896K rodata, 1024K init, 288K bss, 23380K reserved, 16384K cma-reserved, 0K highmem)
[    0.191850] devtmpfs: initialized
[    0.209389] VFP support v0.3: implementor 41 architecture 3 part 30 variant c rev 3
[    0.210042] clocksource: jiffies: mask: 0xffffffff max_cycles: 0xffffffff, max_idle_ns: 19112604462750000 ns
[    0.210083] futex hash table entries: 256 (order: 2, 16384 bytes, linear)
[    0.211400] pinctrl core: initialized pinctrl subsystem
[    0.214135] NET: Registered PF_NETLINK/PF_ROUTE protocol family
[    0.216909] DMA: preallocated 256 KiB pool for atomic coherent allocations
[    0.217864] audit: initializing netlink subsys (disabled)
[    0.219237] thermal_sys: Registered thermal governor 'fair_share'
[    0.219252] thermal_sys: Registered thermal governor 'step_wise'
[    0.219261] thermal_sys: Registered thermal governor 'user_space'
[    0.219407] audit: type=2000 audit(0.210:1): state=initialized audit_enabled=0 res=1
[    0.219444] cpuidle: using governor menu
[    0.237567] /ocp/interconnect@44c00000/segment@200000/target-module@b000/i2c@0/tda19988@70: Fixed dependency cycle(s) with /ocp/interconnect@48000000/segment@300000/target-module@e000/lcdc@0
[    0.238670] /ocp/interconnect@48000000/segment@300000/target-module@e000/lcdc@0: Fixed dependency cycle(s) with /ocp/interconnect@44c00000/segment@200000/target-module@b000/i2c@0/tda19988@70
[    0.240998] No ATAGs?
[    0.241041] hw-breakpoint: debug architecture 0x4 unsupported.
[    0.243770] kprobes: kprobe jump-optimization is enabled. All kprobes are optimized if possible.
[    0.254075] iommu: Default domain type: Translated
[    0.254097] iommu: DMA domain TLB invalidation policy: strict mode
[    0.255725] reg-fixed-voltage fixedregulator0: using DT '/fixedregulator0' for '(default)' GPIO lookup
[    0.255780] of_get_named_gpiod_flags: can't parse 'gpios' property of node '/fixedregulator0[0]'
[    0.255808] of_get_named_gpiod_flags: can't parse 'gpio' property of node '/fixedregulator0[0]'
[    0.255826] reg-fixed-voltage fixedregulator0: using lookup tables for GPIO lookup
[    0.255836] reg-fixed-voltage fixedregulator0: No GPIO consumer (default) found
[    0.261522] SCSI subsystem initialized
[    0.262011] libata version 3.00 loaded.
[    0.262384] pps_core: LinuxPPS API ver. 1 registered
[    0.262396] pps_core: Software ver. 5.3.6 - Copyright 2005-2007 Rodolfo Giometti <giometti@linux.it>
[    0.262421] PTP clock support registered
[    0.270863] vgaarb: loaded
[    0.271222] clocksource: Switched to clocksource dmtimer
[    0.271889] VFS: Disk quotas dquot_6.6.0
[    0.271946] VFS: Dquot-cache hash table entries: 1024 (order 0, 4096 bytes)
[    0.297020] NET: Registered PF_INET protocol family
[    0.297366] IP idents hash table entries: 8192 (order: 4, 65536 bytes, linear)
[    0.298799] tcp_listen_portaddr_hash hash table entries: 512 (order: 0, 4096 bytes, linear)
[    0.298837] Table-perturb hash table entries: 65536 (order: 6, 262144 bytes, linear)
[    0.298855] TCP established hash table entries: 4096 (order: 2, 16384 bytes, linear)
[    0.298898] TCP bind hash table entries: 4096 (order: 4, 65536 bytes, linear)
[    0.298998] TCP: Hash tables configured (established 4096 bind 4096)
[    0.299118] UDP hash table entries: 256 (order: 1, 14336 bytes, linear)
[    0.299154] UDP-Lite hash table entries: 256 (order: 1, 14336 bytes, linear)
[    0.299350] NET: Registered PF_UNIX/PF_LOCAL protocol family
[    0.300618] RPC: Registered named UNIX socket transport module.
[    0.300639] RPC: Registered udp transport module.
[    0.300644] RPC: Registered tcp transport module.
[    0.300649] RPC: Registered tcp-with-tls transport module.
[    0.300654] RPC: Registered tcp NFSv4.1 backchannel transport module.
[    0.300678] PCI: CLS 0 bytes, default 64
[    0.302282] Initialise system trusted keyrings
[    0.312414] workingset: timestamp_bits=14 max_order=17 bucket_order=3
[    0.313794] NFS: Registering the id_resolver key type
[    0.313864] Key type id_resolver registered
[    0.313872] Key type id_legacy registered
[    0.313981] jffs2: version 2.2. (NAND) (SUMMARY)  Â© 2001-2006 Red Hat, Inc.
[    0.314399] Key type asymmetric registered
[    0.314415] Asymmetric key parser 'x509' registered
[    0.314479] io scheduler mq-deadline registered
[    0.314489] io scheduler kyber registered
[    0.314566] io scheduler bfq registered
[    0.316148] ledtrig-cpu: registered to indicate activity on CPUs
[    0.321925] Serial: 8250/16550 driver, 6 ports, IRQ sharing enabled
[    0.360274] brd: module loaded
[    0.386901] loop: module loaded
[    0.387843] mtdoops: mtd device (mtddev=name/number) must be supplied
[    0.389611] mdio_bus fixed-0: using lookup tables for GPIO lookup
[    0.389633] mdio_bus fixed-0: No GPIO consumer reset found
[    0.391038] i2c_dev: i2c /dev entries driver
[    0.392214] cpuidle: enable-method property 'ti,am3352' found operations
[    0.392676] sdhci: Secure Digital Host Controller Interface driver
[    0.392686] sdhci: Copyright(c) Pierre Ossman
[    0.392864] sdhci-pltfm: SDHCI platform and OF driver helper
[    0.393884] Initializing XFRM netlink socket
[    0.394056] NET: Registered PF_INET6 protocol family
[    0.409047] Segment Routing with IPv6
[    0.409134] In-situ OAM (IOAM) with IPv6
[    0.409239] sit: IPv6, IPv4 and MPLS over IPv4 tunneling driver
[    0.410207] NET: Registered PF_PACKET protocol family
[    0.410242] NET: Registered PF_KEY protocol family
[    0.410396] Key type dns_resolver registered
[    0.410632] ThumbEE CPU extension supported.
[    0.410649] Registering SWP/SWPB emulation handler
[    0.411348] omap_voltage_late_init: Voltage driver support not added
[    0.411707] SmartReflex Class3 initialized
[    0.442603] Loading compiled-in X.509 certificates
[    0.475034] /ocp/interconnect@44c00000/segment@200000/target-module@b000/i2c@0/tda19988@70: Fixed dependency cycle(s) with /ocp/interconnect@48000000/segment@300000/target-module@e000/lcdc@0
[    0.481551] /ocp/interconnect@44c00000/segment@200000/target-module@b000/i2c@0/tda19988@70: Fixed dependency cycle(s) with /ocp/interconnect@48000000/segment@300000/target-module@e000/lcdc@0
[    0.487027] gpiochip_find_base_unlocked: found new base at 512
[    0.521739] /ocp/interconnect@44c00000/segment@200000/target-module@b000/i2c@0/tda19988@70: Fixed dependency cycle(s) with /ocp/interconnect@48000000/segment@300000/target-module@e000/lcdc@0
[    0.522683] /ocp/interconnect@44c00000/segment@200000/target-module@b000/i2c@0/tda19988@70: Fixed dependency cycle(s) with /ocp/interconnect@48000000/segment@300000/target-module@e000/lcdc@0
[    0.526074] /ocp/interconnect@44c00000/segment@200000/target-module@10000/scm@0/pinmux@800: Fixed dependency cycle(s) with /ocp/interconnect@44c00000/segment@200000/target-module@10000/scm@0/pinmux@800/clkout2-pins
[    0.526666] pinctrl-single 44e10800.pinmux: 142 pins, size 568
[    0.532023] ti-sysc 44e31000.target-module: probe with driver ti-sysc failed with error -16
[    0.556342] /ocp/interconnect@48000000/segment@300000/target-module@e000/lcdc@0: Fixed dependency cycle(s) with /ocp/interconnect@44c00000/segment@200000/target-module@b000/i2c@0/tda19988@70
[    0.564458] ti-sysc 48040000.target-module: probe with driver ti-sysc failed with error -16
[    0.575728] gpiochip_find_base_unlocked: found new base at 512
[    0.575827] gpio gpiochip0: (gpio-0-31): created GPIO range 0->7 ==> 44e10800.pinmux PIN 0->7
[    0.575846] gpio gpiochip0: (gpio-0-31): created GPIO range 8->11 ==> 44e10800.pinmux PIN 90->93
[    0.575862] gpio gpiochip0: (gpio-0-31): created GPIO range 12->27 ==> 44e10800.pinmux PIN 12->27
[    0.575878] gpio gpiochip0: (gpio-0-31): created GPIO range 28->31 ==> 44e10800.pinmux PIN 30->33
[    0.602168] gpio gpiochip0: (gpio-0-31): added GPIO chardev (254:0)
[    0.602329] gpio gpiochip0: registered GPIOs 512 to 543 on gpio-0-31
[    0.602416] OMAP GPIO hardware version 0.1
[    0.624007] i2c i2c-2: using DT '/ocp/interconnect@48000000/segment@100000/target-module@9c000/i2c@0' for 'scl' GPIO lookup
[    0.624080] of_get_named_gpiod_flags: can't parse 'scl-gpios' property of node '/ocp/interconnect@48000000/segment@100000/target-module@9c000/i2c@0[0]'
[    0.624121] of_get_named_gpiod_flags: can't parse 'scl-gpio' property of node '/ocp/interconnect@48000000/segment@100000/target-module@9c000/i2c@0[0]'
[    0.624156] i2c i2c-2: using lookup tables for GPIO lookup
[    0.624166] i2c i2c-2: No GPIO consumer scl found
[    0.624187] i2c i2c-2: using DT '/ocp/interconnect@48000000/segment@100000/target-module@9c000/i2c@0' for 'sda' GPIO lookup
[    0.624223] of_get_named_gpiod_flags: can't parse 'sda-gpios' property of node '/ocp/interconnect@48000000/segment@100000/target-module@9c000/i2c@0[0]'
[    0.624259] of_get_named_gpiod_flags: can't parse 'sda-gpio' property of node '/ocp/interconnect@48000000/segment@100000/target-module@9c000/i2c@0[0]'
[    0.624290] i2c i2c-2: using lookup tables for GPIO lookup
[    0.624297] i2c i2c-2: No GPIO consumer sda found
[    0.625065] omap_i2c 4819c000.i2c: bus 2 rev0.11 at 100 kHz
[    0.630450] gpiochip_find_base_unlocked: found new base at 544
[    0.630559] gpio gpiochip1: (gpio-32-63): created GPIO range 0->17 ==> 44e10800.pinmux PIN 34->51
[    0.630581] gpio gpiochip1: (gpio-32-63): created GPIO range 18->21 ==> 44e10800.pinmux PIN 77->80
[    0.630598] gpio gpiochip1: (gpio-32-63): created GPIO range 22->31 ==> 44e10800.pinmux PIN 56->65
[    0.643445] gpio gpiochip1: (gpio-32-63): added GPIO chardev (254:1)
[    0.643599] gpio gpiochip1: registered GPIOs 544 to 575 on gpio-32-63
[    0.645801] gpiochip_find_base_unlocked: found new base at 576
[    0.645892] gpio gpiochip2: (gpio-64-95): created GPIO range 0->4 ==> 44e10800.pinmux PIN 66->70
[    0.645912] gpio gpiochip2: (gpio-64-95): created GPIO range 5->6 ==> 44e10800.pinmux PIN 98->99
[    0.645928] gpio gpiochip2: (gpio-64-95): created GPIO range 7->8 ==> 44e10800.pinmux PIN 75->76
[    0.645943] gpio gpiochip2: (gpio-64-95): created GPIO range 13->13 ==> 44e10800.pinmux PIN 141->141
[    0.645960] gpio gpiochip2: (gpio-64-95): created GPIO range 14->21 ==> 44e10800.pinmux PIN 100->107
[    0.646601] gpio gpiochip2: (gpio-64-95): added GPIO chardev (254:2)
[    0.646732] gpio gpiochip2: registered GPIOs 576 to 607 on gpio-64-95
[    0.652510] 48000000.interconnect:segment@200000:target-module@0:mpu@0:fck: device ID is greater than 24
[    0.653406] /ocp/interconnect@48000000/segment@300000/target-module@e000/lcdc@0: Fixed dependency cycle(s) with /ocp/interconnect@44c00000/segment@200000/target-module@b000/i2c@0/tda19988@70
[    0.656153] /ocp/interconnect@48000000/segment@300000/target-module@e000/lcdc@0: Fixed dependency cycle(s) with /ocp/interconnect@44c00000/segment@200000/target-module@b000/i2c@0/tda19988@70
[    0.656834] /ocp/interconnect@44c00000/segment@200000/target-module@b000/i2c@0/tda19988@70: Fixed dependency cycle(s) with /ocp/interconnect@48000000/segment@300000/target-module@e000/lcdc@0
[    0.657005] /ocp/interconnect@48000000/segment@300000/target-module@e000/lcdc@0: Fixed dependency cycle(s) with /ocp/interconnect@44c00000/segment@200000/target-module@b000/i2c@0/tda19988@70
[    0.666646] mdio_bus 4a101000.mdio: using DT '/ocp/interconnect@4a000000/segment@0/target-module@100000/switch@0/mdio@1000' for 'reset' GPIO lookup
[    0.666720] of_get_named_gpiod_flags: can't parse 'reset-gpios' property of node '/ocp/interconnect@4a000000/segment@0/target-module@100000/switch@0/mdio@1000[0]'
[    0.666766] of_get_named_gpiod_flags: can't parse 'reset-gpio' property of node '/ocp/interconnect@4a000000/segment@0/target-module@100000/switch@0/mdio@1000[0]'
[    0.666812] mdio_bus 4a101000.mdio: using lookup tables for GPIO lookup
[    0.666822] mdio_bus 4a101000.mdio: No GPIO consumer reset found
[    0.668037] sdhci-omap 481d8000.mmc: using DT '/ocp/interconnect@48000000/segment@100000/target-module@d8000/mmc@0' for 'wp' GPIO lookup
[    0.668097] of_get_named_gpiod_flags: can't parse 'wp-gpios' property of node '/ocp/interconnect@48000000/segment@100000/target-module@d8000/mmc@0[0]'
[    0.668140] of_get_named_gpiod_flags: can't parse 'wp-gpio' property of node '/ocp/interconnect@48000000/segment@100000/target-module@d8000/mmc@0[0]'
[    0.668174] sdhci-omap 481d8000.mmc: using lookup tables for GPIO lookup
[    0.668183] sdhci-omap 481d8000.mmc: No GPIO consumer wp found
[    0.668377] sdhci-omap 481d8000.mmc: supply pbias not found, using dummy regulator
[    0.668873] sdhci-omap 481d8000.mmc: supply vqmmc not found, using dummy regulator
[    0.726845] davinci_mdio 4a101000.mdio: davinci mdio revision 1.6, bus freq 1000000
[    0.728346] mdio_bus 4a101000.mdio:00: using DT '/ocp/interconnect@4a000000/segment@0/target-module@100000/switch@0/mdio@1000/ethernet-phy@0' for 'reset' GPIO lookup
[    0.728449] of_get_named_gpiod_flags: parsed 'reset-gpios' property of node '/ocp/interconnect@4a000000/segment@0/target-module@100000/switch@0/mdio@1000/ethernet-phy@0[0]' - status (0)
[    0.728604] gpio gpiochip0: Persistence not supported for GPIO 8
[    0.839104] davinci_mdio 4a101000.mdio: phy[0]: device 4a101000.mdio:00, driver SMSC LAN8710/LAN8720
[    0.839915] cpsw-switch 4a100000.switch: initialized cpsw ale version 1.4
[    0.839938] cpsw-switch 4a100000.switch: ALE Table size 1024, Policers 0
[    0.840086] cpsw-switch 4a100000.switch: cpts: overflow check period 500 (jiffies)
[    0.840104] cpsw-switch 4a100000.switch: CPTS: ref_clk_freq:250000000 calc_mult:2147483648 calc_shift:29 error:0 nsec/sec
[    0.840211] cpsw-switch 4a100000.switch: Detected MACID = 6c:ec:eb:68:de:78
[    0.842234] cpsw-switch 4a100000.switch: initialized (regs 0x4a100000, pool size 256) hw_ver:0019010C 1.12 (0)
[    0.853243] debugfs: Directory '49000000.dma' with parent 'dmaengine' already present!
[    0.853283] edma 49000000.dma: TI EDMA DMA engine driver
[    0.894338] target-module@4b000000:target-module@140000:pmu@0:fck: device ID is greater than 24
[    0.923456] hw perfevents: enabled with armv7_cortex_a8 PMU driver, 5 (8000000f) counters available
[    0.924350] gpio-clk clk_mcasp0: using DT '/clk_mcasp0' for 'enable' GPIO lookup
[    0.924417] of_get_named_gpiod_flags: parsed 'enable-gpios' property of node '/clk_mcasp0[0]' - status (0)
[    0.924462] gpio gpiochip0: Persistence not supported for GPIO 27
[    0.925250] gpiochip_find_base_unlocked: found new base at 608
[    0.925357] gpio gpiochip3: (gpio-96-127): created GPIO range 0->7 ==> 44e10800.pinmux PIN 82->89
[    0.925376] gpio gpiochip3: (gpio-96-127): created GPIO range 8->11 ==> 44e10800.pinmux PIN 52->55
[    0.925392] gpio gpiochip3: (gpio-96-127): created GPIO range 12->15 ==> 44e10800.pinmux PIN 94->97
[    0.925408] gpio gpiochip3: (gpio-96-127): created GPIO range 16->17 ==> 44e10800.pinmux PIN 71->72
[    0.925424] gpio gpiochip3: (gpio-96-127): created GPIO range 18->18 ==> 44e10800.pinmux PIN 135->135
[    0.925440] gpio gpiochip3: (gpio-96-127): created GPIO range 19->20 ==> 44e10800.pinmux PIN 108->109
[    0.925456] gpio gpiochip3: (gpio-96-127): created GPIO range 21->21 ==> 44e10800.pinmux PIN 73->73
[    0.925474] gpio gpiochip3: (gpio-96-127): created GPIO range 22->23 ==> 44e10800.pinmux PIN 8->9
[    0.925491] gpio gpiochip3: (gpio-96-127): created GPIO range 26->27 ==> 44e10800.pinmux PIN 10->11
[    0.925508] gpio gpiochip3: (gpio-96-127): created GPIO range 28->28 ==> 44e10800.pinmux PIN 74->74
[    0.925526] gpio gpiochip3: (gpio-96-127): created GPIO range 29->29 ==> 44e10800.pinmux PIN 81->81
[    0.925545] gpio gpiochip3: (gpio-96-127): created GPIO range 30->31 ==> 44e10800.pinmux PIN 28->29
[    0.931104] l3-aon-clkctrl:0000:0: failed to disable
[    0.931588] gpio gpiochip3: (gpio-96-127): added GPIO chardev (254:3)
[    0.931740] gpio gpiochip3: registered GPIOs 608 to 639 on gpio-96-127
[    0.933568] omap8250 44e09000.serial: using DT '/ocp/interconnect@44c00000/segment@200000/target-module@9000/serial@0' for 'rs485-term' GPIO lookup
[    0.933644] of_get_named_gpiod_flags: can't parse 'rs485-term-gpios' property of node '/ocp/interconnect@44c00000/segment@200000/target-module@9000/serial@0[0]'
[    0.933687] of_get_named_gpiod_flags: can't parse 'rs485-term-gpio' property of node '/ocp/interconnect@44c00000/segment@200000/target-module@9000/serial@0[0]'
[    0.933723] omap8250 44e09000.serial: using lookup tables for GPIO lookup
[    0.933733] omap8250 44e09000.serial: No GPIO consumer rs485-term found
[    0.933743] omap8250 44e09000.serial: using DT '/ocp/interconnect@44c00000/segment@200000/target-module@9000/serial@0' for 'rs485-rx-during-tx' GPIO lookup
[    0.933778] of_get_named_gpiod_flags: can't parse 'rs485-rx-during-tx-gpios' property of node '/ocp/interconnect@44c00000/segment@200000/target-module@9000/serial@0[0]'
[    0.933814] of_get_named_gpiod_flags: can't parse 'rs485-rx-during-tx-gpio' property of node '/ocp/interconnect@44c00000/segment@200000/target-module@9000/serial@0[0]'
[    0.933845] omap8250 44e09000.serial: using lookup tables for GPIO lookup
[    0.933853] omap8250 44e09000.serial: No GPIO consumer rs485-rx-during-tx found
[    0.934248] 44e09000.serial: ttyS0 at MMIO 0x44e09000 (irq = 34, base_baud = 3000000) is a 8250
[    0.934336] printk: legacy console [ttyS0] enabled
[    2.447756] i2c i2c-0: using DT '/ocp/interconnect@44c00000/segment@200000/target-module@b000/i2c@0' for 'scl' GPIO lookup
[    2.447847] of_get_named_gpiod_flags: can't parse 'scl-gpios' property of node '/ocp/interconnect@44c00000/segment@200000/target-module@b000/i2c@0[0]'
[    2.447893] of_get_named_gpiod_flags: can't parse 'scl-gpio' property of node '/ocp/interconnect@44c00000/segment@200000/target-module@b000/i2c@0[0]'
[    2.447933] i2c i2c-0: using lookup tables for GPIO lookup
[    2.447947] i2c i2c-0: No GPIO consumer scl found
[    2.447972] i2c i2c-0: using DT '/ocp/interconnect@44c00000/segment@200000/target-module@b000/i2c@0' for 'sda' GPIO lookup
[    2.448011] of_get_named_gpiod_flags: can't parse 'sda-gpios' property of node '/ocp/interconnect@44c00000/segment@200000/target-module@b000/i2c@0[0]'
[    2.448051] of_get_named_gpiod_flags: can't parse 'sda-gpio' property of node '/ocp/interconnect@44c00000/segment@200000/target-module@b000/i2c@0[0]'
[    2.448086] i2c i2c-0: using lookup tables for GPIO lookup
[    2.448097] i2c i2c-0: No GPIO consumer sda found
[    2.462251] tps65217-pmic: Failed to locate of_node [id: -1]
[    2.468311] tps65217-bl: Failed to locate of_node [id: -1]
[    2.479688] tps65217 0-0024: TPS65217 ID 0xe version 1.2
[    2.485826] /ocp/interconnect@48000000/segment@300000/target-module@e000/lcdc@0: Fixed dependency cycle(s) with /ocp/interconnect@44c00000/segment@200000/target-module@b000/i2c@0/tda19988@70
[    2.503217] /ocp/interconnect@44c00000/segment@200000/target-module@b000/i2c@0/tda19988@70: Fixed dependency cycle(s) with /ocp/interconnect@48000000/segment@300000/target-module@e000/lcdc@0
[    2.520589] omap_i2c 44e0b000.i2c: bus 0 rev0.11 at 400 kHz
[    2.528377] sdhci-omap 48060000.mmc: using DT '/ocp/interconnect@48000000/segment@0/target-module@60000/mmc@0' for 'cd' GPIO lookup
[    2.528486] of_get_named_gpiod_flags: parsed 'cd-gpios' property of node '/ocp/interconnect@48000000/segment@0/target-module@60000/mmc@0[0]' - status (0)
[    2.528553] gpio gpiochip3: Persistence not supported for GPIO 6
[    2.528578] omap_gpio 44e07000.gpio: Could not set line 6 debounce to 200000 microseconds (-22)
[    2.537461] sdhci-omap 48060000.mmc: Got CD GPIO
[    2.542142] sdhci-omap 48060000.mmc: using DT '/ocp/interconnect@48000000/segment@0/target-module@60000/mmc@0' for 'wp' GPIO lookup
[    2.542192] of_get_named_gpiod_flags: can't parse 'wp-gpios' property of node '/ocp/interconnect@48000000/segment@0/target-module@60000/mmc@0[0]'
[    2.542236] of_get_named_gpiod_flags: can't parse 'wp-gpio' property of node '/ocp/interconnect@48000000/segment@0/target-module@60000/mmc@0[0]'
[    2.542274] sdhci-omap 48060000.mmc: using lookup tables for GPIO lookup
[    2.542287] sdhci-omap 48060000.mmc: No GPIO consumer wp found
[    2.542495] sdhci-omap 48060000.mmc: supply pbias not found, using dummy regulator
[    2.551181] sdhci-omap 481d8000.mmc: using DT '/ocp/interconnect@48000000/segment@100000/target-module@d8000/mmc@0' for 'wp' GPIO lookup
[    2.551359] of_get_named_gpiod_flags: can't parse 'wp-gpios' property of node '/ocp/interconnect@48000000/segment@100000/target-module@d8000/mmc@0[0]'
[    2.551409] of_get_named_gpiod_flags: can't parse 'wp-gpio' property of node '/ocp/interconnect@48000000/segment@100000/target-module@d8000/mmc@0[0]'
[    2.551447] sdhci-omap 481d8000.mmc: using lookup tables for GPIO lookup
[    2.551460] sdhci-omap 481d8000.mmc: No GPIO consumer wp found
[    2.552745] sdhci-omap 48060000.mmc: supply vqmmc not found, using dummy regulator
[    2.561758] sdhci-omap 481d8000.mmc: supply pbias not found, using dummy regulator
[    2.569776] sdhci-omap 481d8000.mmc: supply vqmmc not found, using dummy regulator
[    2.661254] mmc1: SDHCI controller on 481d8000.mmc [481d8000.mmc] using External DMA
[    2.670216] mmc0: SDHCI controller on 48060000.mmc [48060000.mmc] using External DMA
[    2.679042] cpsw-switch 4a100000.switch: starting ndev. mode: dual_mac
[    2.730383] mmc0: new high speed SDHC card at address 5048
[    2.737608] mmcblk0: mmc0:5048 SD16G 14.4 GiB
[    2.745755]  mmcblk0: p1 p2
[    2.749237] mmcblk0: p2 size 31221760 extends beyond EOD, truncated
[    2.760135] mmc1: new high speed MMC card at address 0001
[    2.767193] mmcblk1: mmc1:0001 MMC04G 3.60 GiB
[    2.774802]  mmcblk1: p1 p2
[    2.779015] mmcblk1boot0: mmc1:0001 MMC04G 2.00 MiB
[    2.786114] mmcblk1boot1: mmc1:0001 MMC04G 2.00 MiB
[    2.792187] SMSC LAN8710/LAN8720 4a101000.mdio:00: attached PHY driver (mii_bus:phy_addr=4a101000.mdio:00, irq=POLL)
[    2.804157] mmcblk1rpmb: mmc1:0001 MMC04G 128 KiB, chardev (250:0)
[    5.921991] cpsw-switch 4a100000.switch eth0: Link is Up - 100Mbps/Full - flow control off
[    5.951249] IP-Config: Complete:
[    5.954518]      device=eth0, hwaddr=6c:ec:eb:68:de:78, ipaddr=192.168.255.1, mask=255.255.255.0, gw=255.255.255.255
[    5.965161]      host=bbb1, domain=, nis-domain=(none)
[    5.970328]      bootserver=192.168.255.126, rootserver=192.168.255.126, rootpath=
[    5.970728] clk: Disabling unused clocks
[    5.982590] PM: genpd: Disabling unused power domains
[    5.987707] KTAP version 1
[    5.990428] 1..0
[    6.015103] VFS: Mounted root (nfs filesystem) on device 0:17.
[    6.021935] devtmpfs: mounted
[    6.026432] Freeing unused kernel image (initmem) memory: 1024K
[    6.033142] Run /sbin/init as init process
[    6.037271]   with arguments:
[    6.037283]     /sbin/init
[    6.037293]     nfsrootdebug
[    6.037302]   with environment:
[    6.037311]     HOME=/
[    6.037320]     TERM=linux
[    6.770774] systemd[1]: System time before build time, advancing clock.
[    8.241242] random: crng init done
[    8.282452] systemd[1]: systemd 232 running in system mode. (+PAM +AUDIT +SELINUX +IMA +APPARMOR +SMACK +SYSVINIT +UTMP +LIBCRYPTSETUP +GCRYPT +GNUTLS +ACL +XZ +LZ4 +SECCOMP +BLKID +ELFUTILS +KMOD +IDN)
[    8.301602] systemd[1]: Detected architecture arm.
[    8.334394] systemd[1]: Set hostname to <arm>.
[    9.420118] systemd[1]: Listening on /dev/initctl Compatibility Named Pipe.
[    9.452143] systemd[1]: Started Dispatch Password Requests to Console Directory Watch.
[    9.482839] systemd[1]: Created slice System Slice.
[    9.513509] systemd[1]: Listening on Journal Socket.
[    9.541673] systemd[1]: Reached target Remote File Systems.
[    9.602326] systemd[1]: Starting Remount Root and Kernel File Systems...
[    9.618431] systemd[1]: Listening on udev Control Socket.
[   11.719542] systemd-journald[84]: Received request to flush runtime journal from PID 1
[   14.290959] leds-gpio leds: using DT '/leds/led2' for '(default)' GPIO lookup
[   14.291068] of_get_named_gpiod_flags: parsed 'gpios' property of node '/leds/led2[0]' - status (0)
[   14.291127] gpio gpiochip0: Persistence not supported for GPIO 21
[   14.291143] gpio-533 (?): no flags found for GPIO (default)
[   14.352971] leds-gpio leds: using DT '/leds/led3' for '(default)' GPIO lookup
[   14.353085] of_get_named_gpiod_flags: parsed 'gpios' property of node '/leds/led3[0]' - status (0)
[   14.353147] gpio gpiochip0: Persistence not supported for GPIO 22
[   14.353162] gpio-534 (?): no flags found for GPIO (default)
[   14.385525] leds-gpio leds: using DT '/leds/led4' for '(default)' GPIO lookup
[   14.385812] of_get_named_gpiod_flags: parsed 'gpios' property of node '/leds/led4[0]' - status (0)
[   14.385877] gpio gpiochip0: Persistence not supported for GPIO 23
[   14.385892] gpio-535 (?): no flags found for GPIO (default)
[   14.413082] leds-gpio leds: using DT '/leds/led5' for '(default)' GPIO lookup
[   14.413335] of_get_named_gpiod_flags: parsed 'gpios' property of node '/leds/led5[0]' - status (0)
[   14.413399] gpio gpiochip0: Persistence not supported for GPIO 24
[   14.413415] gpio-536 (?): no flags found for GPIO (default)
[   14.805978] remoteproc remoteproc0: wkup_m3 is available
[   14.877173] at24 2-0054: supply vcc not found, using dummy regulator
[   15.027101] at24 2-0055: supply vcc not found, using dummy regulator
[   15.097952] at24 2-0056: supply vcc not found, using dummy regulator
[   15.171119] at24 2-0057: supply vcc not found, using dummy regulator
[   15.186767] tps6521x_pwrbutton tps65217-pwrbutton: DMA mask not set
[   15.243914] wkup_m3_ipc 44e11324.wkup_m3_ipc: IPC Request for A8->M3 Channel failed! -517
[   15.310865] omap_rtc 44e3e000.rtc: registered as rtc0
[   15.316313] omap_rtc 44e3e000.rtc: setting system clock to 2000-01-01T00:00:00 UTC (946684800)
[   15.325273] omap_rtc 44e3e000.rtc: using DT '/ocp/interconnect@44c00000/segment@200000/target-module@3e000/rtc@0' for 'wp' GPIO lookup
[   15.325349] of_get_named_gpiod_flags: can't parse 'wp-gpios' property of node '/ocp/interconnect@44c00000/segment@200000/target-module@3e000/rtc@0[0]'
[   15.325400] of_get_named_gpiod_flags: can't parse 'wp-gpio' property of node '/ocp/interconnect@44c00000/segment@200000/target-module@3e000/rtc@0[0]'
[   15.325441] omap_rtc 44e3e000.rtc: using lookup tables for GPIO lookup
[   15.325456] omap_rtc 44e3e000.rtc: No GPIO consumer wp found
[   15.327246] wkup_m3_ipc 44e11324.wkup_m3_ipc: IPC Request for A8->M3 Channel failed! -517
[   15.338122] input: tps65217_pwrbutton as /devices/platform/ocp/44c00000.interconnect/44c00000.interconnect:segment@200000/44e0b000.target-module/44e0b000.i2c/i2c-0/0-0024/tps65217-pwrbutton/input/input0
[   15.376172] at24 0-0050: using DT '/ocp/interconnect@44c00000/segment@200000/target-module@b000/i2c@0/eeprom@50' for 'wp' GPIO lookup
[   15.376443] of_get_named_gpiod_flags: can't parse 'wp-gpios' property of node '/ocp/interconnect@44c00000/segment@200000/target-module@b000/i2c@0/eeprom@50[0]'
[   15.376507] of_get_named_gpiod_flags: can't parse 'wp-gpio' property of node '/ocp/interconnect@44c00000/segment@200000/target-module@b000/i2c@0/eeprom@50[0]'
[   15.376556] at24 0-0050: using lookup tables for GPIO lookup
[   15.376570] at24 0-0050: No GPIO consumer wp found
[   15.376873] at24 0-0050: 32768 byte 24c256 EEPROM, writable, 1 bytes/write
[   15.449348] wkup_m3_ipc 44e11324.wkup_m3_ipc: IPC Request for A8->M3 Channel failed! -517
[   15.571860] omap_wdt: OMAP Watchdog Timer Rev 0x01: initial timeout 60 sec
[   15.603059] wkup_m3_ipc 44e11324.wkup_m3_ipc: IPC Request for A8->M3 Channel failed! -517
[   15.684268] am335x-phy-driver 47401300.usb-phy: using DT '/ocp/target-module@47400000/usb-phy@1300' for 'reset' GPIO lookup
[   15.684366] of_get_named_gpiod_flags: can't parse 'reset-gpios' property of node '/ocp/target-module@47400000/usb-phy@1300[0]'
[   15.684410] of_get_named_gpiod_flags: can't parse 'reset-gpio' property of node '/ocp/target-module@47400000/usb-phy@1300[0]'
[   15.684448] am335x-phy-driver 47401300.usb-phy: using lookup tables for GPIO lookup
[   15.684462] am335x-phy-driver 47401300.usb-phy: No GPIO consumer reset found
[   15.684476] am335x-phy-driver 47401300.usb-phy: using DT '/ocp/target-module@47400000/usb-phy@1300' for 'vbus-detect' GPIO lookup
[   15.684506] of_get_named_gpiod_flags: can't parse 'vbus-detect-gpios' property of node '/ocp/target-module@47400000/usb-phy@1300[0]'
[   15.684538] of_get_named_gpiod_flags: can't parse 'vbus-detect-gpio' property of node '/ocp/target-module@47400000/usb-phy@1300[0]'
[   15.684564] am335x-phy-driver 47401300.usb-phy: using lookup tables for GPIO lookup
[   15.684577] am335x-phy-driver 47401300.usb-phy: No GPIO consumer vbus-detect found
[   15.684725] am335x-phy-driver 47401300.usb-phy: dummy supplies not allowed for exclusive requests (id=vbus)
[   15.995131] am335x-phy-driver 47401b00.usb-phy: using DT '/ocp/target-module@47400000/usb-phy@1b00' for 'reset' GPIO lookup
[   15.995338] of_get_named_gpiod_flags: can't parse 'reset-gpios' property of node '/ocp/target-module@47400000/usb-phy@1b00[0]'
[   15.995486] of_get_named_gpiod_flags: can't parse 'reset-gpio' property of node '/ocp/target-module@47400000/usb-phy@1b00[0]'
[   15.995582] am335x-phy-driver 47401b00.usb-phy: using lookup tables for GPIO lookup
[   15.995598] am335x-phy-driver 47401b00.usb-phy: No GPIO consumer reset found
[   15.995682] am335x-phy-driver 47401b00.usb-phy: using DT '/ocp/target-module@47400000/usb-phy@1b00' for 'vbus-detect' GPIO lookup
[   15.995719] of_get_named_gpiod_flags: can't parse 'vbus-detect-gpios' property of node '/ocp/target-module@47400000/usb-phy@1b00[0]'
[   15.995801] of_get_named_gpiod_flags: can't parse 'vbus-detect-gpio' property of node '/ocp/target-module@47400000/usb-phy@1b00[0]'
[   15.995831] am335x-phy-driver 47401b00.usb-phy: using lookup tables for GPIO lookup
[   15.995843] am335x-phy-driver 47401b00.usb-phy: No GPIO consumer vbus-detect found
[   15.996266] am335x-phy-driver 47401b00.usb-phy: dummy supplies not allowed for exclusive requests (id=vbus)
[   16.008676] wkup_m3_ipc 44e11324.wkup_m3_ipc: IPC Request for A8->M3 Channel failed! -517
[   16.159488] wkup_m3_ipc 44e11324.wkup_m3_ipc: IPC Request for A8->M3 Channel failed! -517
[   16.462910] usbcore: registered new interface driver usbfs
[   16.468945] usbcore: registered new interface driver hub
[   16.474601] usbcore: registered new device driver usb
[   17.103893] omap-mailbox 480c8000.mailbox: omap mailbox rev 0x400
[   17.161182] remoteproc remoteproc0: powering up wkup_m3
[   17.377909] remoteproc remoteproc0: Direct firmware load for am335x-pm-firmware.elf failed with error -2
[   17.387735] remoteproc remoteproc0: request_firmware failed: -2
[   17.393772] wkup_m3_ipc 44e11324.wkup_m3_ipc: rproc_boot failed
[   17.457354] musb-hdrc musb-hdrc.1: MUSB HDRC host driver
[   17.463000] musb-hdrc musb-hdrc.1: new USB bus registered, assigned bus number 1
[   17.594627] tda998x 0-0070: found TDA19988
[   17.645065] usb usb1: New USB device found, idVendor=1d6b, idProduct=0002, bcdDevice= 6.14
[   17.653648] usb usb1: New USB device strings: Mfr=3, Product=2, SerialNumber=1
[   17.660920] usb usb1: Product: MUSB HDRC host driver
[   17.666009] usb usb1: Manufacturer: Linux 6.14.0-rc4-next-20250227 musb-hcd
[   17.673046] usb usb1: SerialNumber: musb-hdrc.1
[   18.233160] hub 1-0:1.0: USB hub found
[   18.270848] hub 1-0:1.0: 1 port detected
[   20.326696] omap_rng 48310000.rng: Random Number Generator ver. 20
[   20.447810] tilcdc 4830e000.lcdc: bound 0-0070 (ops tda998x_audio_codec_init [tda998x])
[   20.562019] [drm] Initialized tilcdc 1.0.0 for 4830e000.lcdc on minor 0
[   20.619047] tilcdc 4830e000.lcdc: [drm] Cannot find any crtc or sizes
[   20.627302] tilcdc 4830e000.lcdc: [drm] Cannot find any crtc or sizes
[   21.358510] PM: Cannot get wkup_m3_ipc handle
[   21.391900] omap-sham 53100000.sham: hw accel on OMAP rev 4.3
[   21.502959] omap-sham 53100000.sham: will run requests pump with realtime priority
[   21.512244] PM: Cannot get wkup_m3_ipc handle
[   21.582393] omap-aes 53500000.aes: OMAP AES hw accel rev: 3.2
[   21.695027] omap-aes 53500000.aes: will run requests pump with realtime priority
[   21.705416] PM: Cannot get wkup_m3_ipc handle
[   23.290343] Bluetooth: Core ver 2.22
[   23.294415] NET: Registered PF_BLUETOOTH protocol family
[   23.299968] Bluetooth: HCI device and connection manager initialized
[   23.306520] Bluetooth: HCI socket layer initialized
[   23.311484] Bluetooth: L2CAP socket layer initialized
[   23.316606] Bluetooth: SCO socket layer initialized
[   25.108673] tda998x 0-0070: using DT '/ocp/interconnect@44c00000/segment@200000/target-module@b000/i2c@0/tda19988@70' for 'nxp,calib' GPIO lookup
[   25.109080] of_get_named_gpiod_flags: parsed 'nxp,calib-gpios' property of node '/ocp/interconnect@44c00000/segment@200000/target-module@b000/i2c@0/tda19988@70[0]' - status (0)
[   25.109223] gpio gpiochip0: Persistence not supported for GPIO 25
[   25.109289] gpio-537 (nxp,calib): no flags found for GPIO nxp,calib
[   25.137208] gpio-537 (nxp,calib): gpiod_direction_output_nonotify: tried to set a GPIO tied to an IRQ as output
[   25.156271] PM: Cannot get wkup_m3_ipc handle
[   25.162311] asoc-simple-card sound: using DT '/sound' for 'simple-audio-card,hp-det' GPIO lookup
[   25.162389] of_get_named_gpiod_flags: can't parse 'simple-audio-card,hp-det-gpios' property of node '/sound[0]'
[   25.162424] of_get_named_gpiod_flags: can't parse 'simple-audio-card,hp-det-gpio' property of node '/sound[0]'
[   25.162450] asoc-simple-card sound: using lookup tables for GPIO lookup
[   25.162464] asoc-simple-card sound: No GPIO consumer simple-audio-card,hp-det found
[   25.162479] asoc-simple-card sound: using DT '/sound' for 'simple-audio-card,mic-det' GPIO lookup
[   25.162504] of_get_named_gpiod_flags: can't parse 'simple-audio-card,mic-det-gpios' property of node '/sound[0]'
[   25.162529] of_get_named_gpiod_flags: can't parse 'simple-audio-card,mic-det-gpio' property of node '/sound[0]'
[   25.162549] asoc-simple-card sound: using lookup tables for GPIO lookup
[   25.162561] asoc-simple-card sound: No GPIO consumer simple-audio-card,mic-det found
[   25.310373] PM: Cannot get wkup_m3_ipc handle
[   25.436457] tda9950 0-0034: TDA9950 CEC interface, hardware version 3.3
[   25.529942] PM: Cannot get wkup_m3_ipc handle
[   28.895802] userial_init: registered 8 ttyGS* devices
[   29.085168] rndis_register: configNr = 0
[   29.152683] udc musb-hdrc.0: binding gadget driver [g_multi]
[   29.152780] configfs-gadget.g_multi gadget.0: adding 'rndis'/f7901151 to config 'c'/c785fc7c
[   29.153977] configfs-gadget.g_multi gadget.0: HOST MAC 1c:ba:8c:a2:ed:6c
[   29.160753] configfs-gadget.g_multi gadget.0: MAC 1c:ba:8c:a2:ed:70
[   29.167291] rndis_set_param_medium: 0 0
[   29.167315] configfs-gadget.g_multi gadget.0: RNDIS: IN/ep1in OUT/ep1out NOTIFY/ep2in
[   29.167332] configfs-gadget.g_multi gadget.0: adding 'cdc_ethernet'/0c608f2c to config 'c'/c785fc7c
[   29.168220] configfs-gadget.g_multi gadget.0: HOST MAC 1c:ba:8c:a2:ed:6c
[   29.175122] configfs-gadget.g_multi gadget.0: MAC 1c:ba:8c:a2:ed:6d
[   29.181511] configfs-gadget.g_multi gadget.0: CDC Ethernet: IN/ep3in OUT/ep2out NOTIFY/ep4in
[   29.181531] configfs-gadget.g_multi gadget.0: adding 'acm'/e676d14e to config 'c'/c785fc7c
[   29.181564] configfs-gadget.g_multi gadget.0: acm ttyGS0: IN/ep5in OUT/ep3out NOTIFY/ep6in
[   29.186505] PM: Cannot get wkup_m3_ipc handle
[   31.483261] configfs-gadget.g_multi gadget.0: eth_open
[   35.236942] gs_open: ttyGS0 (2425e5cc,4fd319f9)
[   35.237092] gs_close: ttyGS0 (2425e5cc,4fd319f9) ...
[   35.237113] gs_close: ttyGS0 (2425e5cc,4fd319f9) done!
[   35.239577] gs_open: ttyGS0 (06dc203d,aebaba05)
[   35.239699] gs_close: ttyGS0 (06dc203d,aebaba05) ...
[   35.239719] gs_close: ttyGS0 (06dc203d,aebaba05) done!
[   35.405712] gs_open: ttyGS0 (2425e5cc,37d15e4e)
[   35.406201] gs_close: ttyGS0 (2425e5cc,37d15e4e) ...
[   35.406240] gs_close: ttyGS0 (2425e5cc,37d15e4e) done!
[   35.416763] gs_open: ttyGS0 (2425e5cc,37d15e4e)
FFYUWXPGWE 0
root@arm:~# echo 'ZXJV''ZUGFXF'
ZXJVZUGFXF
root@arm:~# MARKER='HJMO''TTTXCL' run 'modprobe test_linear_ranges'
HJMOTTTXCLHJMOTTTXCL 0
root@arm:~# echo 'ZAFO''FYGWCG'
ZAFOFYGWCG
root@arm:~# MARKER='KTMH''SKCZXX' run dmesg
KTMHSKCZXX[    0.000000] Booting Linux on physical CPU 0x0
[    0.000000] Linux version 6.14.0-rc4-next-20250227 (user01@drvtest01) (arm-none-eabi-gcc (Arm GNU Toolchain 14.2.Rel1 (Build arm-14.52)) 14.2.1 20241119, GNU ld (Arm GNU Toolchain 14.2.Rel1 (Build arm-14.52)) 2.43.1.20241119) #1 SMP Thu Feb 27 09:57:19 EET 2025
[    0.000000] CPU: ARMv7 Processor [413fc082] revision 2 (ARMv7), cr=10c5387d
[    0.000000] CPU: PIPT / VIPT nonaliasing data cache, VIPT aliasing instruction cache
[    0.000000] OF: fdt: Machine model: TI AM335x BeagleBone Black
[    0.000000] Memory policy: Data cache writeback
[    0.000000] cma: Reserved 16 MiB at 0x00000000
[    0.000000] Zone ranges:
[    0.000000]   Normal   [mem 0x0000000080000000-0x000000009fdfffff]
[    0.000000]   HighMem  empty
[    0.000000] Movable zone start for each node
[    0.000000] Early memory node ranges
[    0.000000]   node   0: [mem 0x0000000080000000-0x000000009fdfffff]
[    0.000000] Initmem setup node 0 [mem 0x0000000080000000-0x000000009fdfffff]
[    0.000000] OF: reserved mem: Reserved memory: No reserved-memory node in the DT
[    0.000000] CPU: All CPU(s) started in SVC mode.
[    0.000000] AM335X ES2.1 (sgx neon)
[    0.000000] percpu: Embedded 17 pages/cpu s39628 r8192 d21812 u69632
[    0.000000] pcpu-alloc: s39628 r8192 d21812 u69632 alloc=17*4096
[    0.000000] pcpu-alloc: [0] 0 
[    0.000000] Kernel command line: console=ttyO0,115200n8 root=/dev/nfs rw nfsroot=192.168.255.126:/home/user01/nfs,nfsvers=3 ip=192.168.255.1:192.168.255.126::255.255.255.0:bbb1:eth0 nfsrootdebug
[    0.000000] Unknown kernel command line parameters "nfsrootdebug", will be passed to user space.
[    0.000000] printk: log buffer data + meta data: 65536 + 204800 = 270336 bytes
[    0.000000] Dentry cache hash table entries: 65536 (order: 6, 262144 bytes, linear)
[    0.000000] Inode-cache hash table entries: 32768 (order: 5, 131072 bytes, linear)
[    0.000000] Built 1 zonelists, mobility grouping on.  Total pages: 130560
[    0.000000] mem auto-init: stack:off, heap alloc:off, heap free:off
[    0.000000] SLUB: HWalign=16, Order=0-3, MinObjects=0, CPUs=1, Nodes=1
[    0.000000] rcu: Hierarchical RCU implementation.
[    0.000000] rcu: 	RCU event tracing is enabled.
[    0.000000] rcu: 	RCU restricting CPUs from NR_CPUS=2 to nr_cpu_ids=1.
[    0.000000] 	Tracing variant of Tasks RCU enabled.
[    0.000000] rcu: RCU calculated value of scheduler-enlistment delay is 10 jiffies.
[    0.000000] rcu: Adjusting geometry for rcu_fanout_leaf=16, nr_cpu_ids=1
[    0.000000] RCU Tasks Trace: Setting shift to 0 and lim to 1 rcu_task_cb_adjust=1 rcu_task_cpu_ids=1.
[    0.000000] NR_IRQS: 16, nr_irqs: 16, preallocated irqs: 16
[    0.000000] IRQ: Found an INTC at 0x(ptrval) (revision 5.0) with 128 interrupts
[    0.000000] rcu: srcu_init: Setting srcu_struct sizes based on contention.
[    0.000000] TI gptimer clocksource: always-on /ocp/interconnect@44c00000/segment@200000/target-module@31000
[    0.000002] sched_clock: 32 bits at 24MHz, resolution 41ns, wraps every 89478484971ns
[    0.000025] clocksource: dmtimer: mask: 0xffffffff max_cycles: 0xffffffff, max_idle_ns: 79635851949 ns
[    0.000496] TI gptimer clockevent: 24000000 Hz at /ocp/interconnect@48000000/segment@0/target-module@40000
[    0.002130] Console: colour dummy device 80x30
[    0.002196] WARNING: Your 'console=ttyO0' has been replaced by 'ttyS0'
[    0.002204] This ensures that you still see kernel messages. Please
[    0.002208] update your kernel commandline.
[    0.002250] Calibrating delay loop... 996.14 BogoMIPS (lpj=4980736)
[    0.090544] CPU: Testing write buffer coherency: ok
[    0.090660] CPU0: Spectre v2: using BPIALL workaround
[    0.090671] pid_max: default: 32768 minimum: 301
[    0.090818] LSM: initializing lsm=capability
[    0.090996] Mount-cache hash table entries: 1024 (order: 0, 4096 bytes, linear)
[    0.091016] Mountpoint-cache hash table entries: 1024 (order: 0, 4096 bytes, linear)
[    0.092587] CPU0: thread -1, cpu 0, socket -1, mpidr 0
[    0.092644] cacheinfo: Unable to detect cache hierarchy for CPU 0
[    0.160743] Setting up static identity map for 0x80100000 - 0x80100078
[    0.170687] rcu: Hierarchical SRCU implementation.
[    0.170699] rcu: 	Max phase no-delay instances is 1000.
[    0.190744] smp: Bringing up secondary CPUs ...
[    0.190800] smp: Brought up 1 node, 1 CPU
[    0.190815] SMP: Total of 1 processors activated (996.14 BogoMIPS).
[    0.190826] CPU: All CPU(s) started in SVC mode.
[    0.191018] Memory: 480832K/522240K available (11264K kernel code, 1213K rwdata, 2896K rodata, 1024K init, 288K bss, 23380K reserved, 16384K cma-reserved, 0K highmem)
[    0.191850] devtmpfs: initialized
[    0.209389] VFP support v0.3: implementor 41 architecture 3 part 30 variant c rev 3
[    0.210042] clocksource: jiffies: mask: 0xffffffff max_cycles: 0xffffffff, max_idle_ns: 19112604462750000 ns
[    0.210083] futex hash table entries: 256 (order: 2, 16384 bytes, linear)
[    0.211400] pinctrl core: initialized pinctrl subsystem
[    0.214135] NET: Registered PF_NETLINK/PF_ROUTE protocol family
[    0.216909] DMA: preallocated 256 KiB pool for atomic coherent allocations
[    0.217864] audit: initializing netlink subsys (disabled)
[    0.219237] thermal_sys: Registered thermal governor 'fair_share'
[    0.219252] thermal_sys: Registered thermal governor 'step_wise'
[    0.219261] thermal_sys: Registered thermal governor 'user_space'
[    0.219407] audit: type=2000 audit(0.210:1): state=initialized audit_enabled=0 res=1
[    0.219444] cpuidle: using governor menu
[    0.237567] /ocp/interconnect@44c00000/segment@200000/target-module@b000/i2c@0/tda19988@70: Fixed dependency cycle(s) with /ocp/interconnect@48000000/segment@300000/target-module@e000/lcdc@0
[    0.238670] /ocp/interconnect@48000000/segment@300000/target-module@e000/lcdc@0: Fixed dependency cycle(s) with /ocp/interconnect@44c00000/segment@200000/target-module@b000/i2c@0/tda19988@70
[    0.240998] No ATAGs?
[    0.241041] hw-breakpoint: debug architecture 0x4 unsupported.
[    0.243770] kprobes: kprobe jump-optimization is enabled. All kprobes are optimized if possible.
[    0.254075] iommu: Default domain type: Translated
[    0.254097] iommu: DMA domain TLB invalidation policy: strict mode
[    0.255725] reg-fixed-voltage fixedregulator0: using DT '/fixedregulator0' for '(default)' GPIO lookup
[    0.255780] of_get_named_gpiod_flags: can't parse 'gpios' property of node '/fixedregulator0[0]'
[    0.255808] of_get_named_gpiod_flags: can't parse 'gpio' property of node '/fixedregulator0[0]'
[    0.255826] reg-fixed-voltage fixedregulator0: using lookup tables for GPIO lookup
[    0.255836] reg-fixed-voltage fixedregulator0: No GPIO consumer (default) found
[    0.261522] SCSI subsystem initialized
[    0.262011] libata version 3.00 loaded.
[    0.262384] pps_core: LinuxPPS API ver. 1 registered
[    0.262396] pps_core: Software ver. 5.3.6 - Copyright 2005-2007 Rodolfo Giometti <giometti@linux.it>
[    0.262421] PTP clock support registered
[    0.270863] vgaarb: loaded
[    0.271222] clocksource: Switched to clocksource dmtimer
[    0.271889] VFS: Disk quotas dquot_6.6.0
[    0.271946] VFS: Dquot-cache hash table entries: 1024 (order 0, 4096 bytes)
[    0.297020] NET: Registered PF_INET protocol family
[    0.297366] IP idents hash table entries: 8192 (order: 4, 65536 bytes, linear)
[    0.298799] tcp_listen_portaddr_hash hash table entries: 512 (order: 0, 4096 bytes, linear)
[    0.298837] Table-perturb hash table entries: 65536 (order: 6, 262144 bytes, linear)
[    0.298855] TCP established hash table entries: 4096 (order: 2, 16384 bytes, linear)
[    0.298898] TCP bind hash table entries: 4096 (order: 4, 65536 bytes, linear)
[    0.298998] TCP: Hash tables configured (established 4096 bind 4096)
[    0.299118] UDP hash table entries: 256 (order: 1, 14336 bytes, linear)
[    0.299154] UDP-Lite hash table entries: 256 (order: 1, 14336 bytes, linear)
[    0.299350] NET: Registered PF_UNIX/PF_LOCAL protocol family
[    0.300618] RPC: Registered named UNIX socket transport module.
[    0.300639] RPC: Registered udp transport module.
[    0.300644] RPC: Registered tcp transport module.
[    0.300649] RPC: Registered tcp-with-tls transport module.
[    0.300654] RPC: Registered tcp NFSv4.1 backchannel transport module.
[    0.300678] PCI: CLS 0 bytes, default 64
[    0.302282] Initialise system trusted keyrings
[    0.312414] workingset: timestamp_bits=14 max_order=17 bucket_order=3
[    0.313794] NFS: Registering the id_resolver key type
[    0.313864] Key type id_resolver registered
[    0.313872] Key type id_legacy registered
[    0.313981] jffs2: version 2.2. (NAND) (SUMMARY)  Â© 2001-2006 Red Hat, Inc.
[    0.314399] Key type asymmetric registered
[    0.314415] Asymmetric key parser 'x509' registered
[    0.314479] io scheduler mq-deadline registered
[    0.314489] io scheduler kyber registered
[    0.314566] io scheduler bfq registered
[    0.316148] ledtrig-cpu: registered to indicate activity on CPUs
[    0.321925] Serial: 8250/16550 driver, 6 ports, IRQ sharing enabled
[    0.360274] brd: module loaded
[    0.386901] loop: module loaded
[    0.387843] mtdoops: mtd device (mtddev=name/number) must be supplied
[    0.389611] mdio_bus fixed-0: using lookup tables for GPIO lookup
[    0.389633] mdio_bus fixed-0: No GPIO consumer reset found
[    0.391038] i2c_dev: i2c /dev entries driver
[    0.392214] cpuidle: enable-method property 'ti,am3352' found operations
[    0.392676] sdhci: Secure Digital Host Controller Interface driver
[    0.392686] sdhci: Copyright(c) Pierre Ossman
[    0.392864] sdhci-pltfm: SDHCI platform and OF driver helper
[    0.393884] Initializing XFRM netlink socket
[    0.394056] NET: Registered PF_INET6 protocol family
[    0.409047] Segment Routing with IPv6
[    0.409134] In-situ OAM (IOAM) with IPv6
[    0.409239] sit: IPv6, IPv4 and MPLS over IPv4 tunneling driver
[    0.410207] NET: Registered PF_PACKET protocol family
[    0.410242] NET: Registered PF_KEY protocol family
[    0.410396] Key type dns_resolver registered
[    0.410632] ThumbEE CPU extension supported.
[    0.410649] Registering SWP/SWPB emulation handler
[    0.411348] omap_voltage_late_init: Voltage driver support not added
[    0.411707] SmartReflex Class3 initialized
[    0.442603] Loading compiled-in X.509 certificates
[    0.475034] /ocp/interconnect@44c00000/segment@200000/target-module@b000/i2c@0/tda19988@70: Fixed dependency cycle(s) with /ocp/interconnect@48000000/segment@300000/target-module@e000/lcdc@0
[    0.481551] /ocp/interconnect@44c00000/segment@200000/target-module@b000/i2c@0/tda19988@70: Fixed dependency cycle(s) with /ocp/interconnect@48000000/segment@300000/target-module@e000/lcdc@0
[    0.487027] gpiochip_find_base_unlocked: found new base at 512
[    0.521739] /ocp/interconnect@44c00000/segment@200000/target-module@b000/i2c@0/tda19988@70: Fixed dependency cycle(s) with /ocp/interconnect@48000000/segment@300000/target-module@e000/lcdc@0
[    0.522683] /ocp/interconnect@44c00000/segment@200000/target-module@b000/i2c@0/tda19988@70: Fixed dependency cycle(s) with /ocp/interconnect@48000000/segment@300000/target-module@e000/lcdc@0
[    0.526074] /ocp/interconnect@44c00000/segment@200000/target-module@10000/scm@0/pinmux@800: Fixed dependency cycle(s) with /ocp/interconnect@44c00000/segment@200000/target-module@10000/scm@0/pinmux@800/clkout2-pins
[    0.526666] pinctrl-single 44e10800.pinmux: 142 pins, size 568
[    0.532023] ti-sysc 44e31000.target-module: probe with driver ti-sysc failed with error -16
[    0.556342] /ocp/interconnect@48000000/segment@300000/target-module@e000/lcdc@0: Fixed dependency cycle(s) with /ocp/interconnect@44c00000/segment@200000/target-module@b000/i2c@0/tda19988@70
[    0.564458] ti-sysc 48040000.target-module: probe with driver ti-sysc failed with error -16
[    0.575728] gpiochip_find_base_unlocked: found new base at 512
[    0.575827] gpio gpiochip0: (gpio-0-31): created GPIO range 0->7 ==> 44e10800.pinmux PIN 0->7
[    0.575846] gpio gpiochip0: (gpio-0-31): created GPIO range 8->11 ==> 44e10800.pinmux PIN 90->93
[    0.575862] gpio gpiochip0: (gpio-0-31): created GPIO range 12->27 ==> 44e10800.pinmux PIN 12->27
[    0.575878] gpio gpiochip0: (gpio-0-31): created GPIO range 28->31 ==> 44e10800.pinmux PIN 30->33
[    0.602168] gpio gpiochip0: (gpio-0-31): added GPIO chardev (254:0)
[    0.602329] gpio gpiochip0: registered GPIOs 512 to 543 on gpio-0-31
[    0.602416] OMAP GPIO hardware version 0.1
[    0.624007] i2c i2c-2: using DT '/ocp/interconnect@48000000/segment@100000/target-module@9c000/i2c@0' for 'scl' GPIO lookup
[    0.624080] of_get_named_gpiod_flags: can't parse 'scl-gpios' property of node '/ocp/interconnect@48000000/segment@100000/target-module@9c000/i2c@0[0]'
[    0.624121] of_get_named_gpiod_flags: can't parse 'scl-gpio' property of node '/ocp/interconnect@48000000/segment@100000/target-module@9c000/i2c@0[0]'
[    0.624156] i2c i2c-2: using lookup tables for GPIO lookup
[    0.624166] i2c i2c-2: No GPIO consumer scl found
[    0.624187] i2c i2c-2: using DT '/ocp/interconnect@48000000/segment@100000/target-module@9c000/i2c@0' for 'sda' GPIO lookup
[    0.624223] of_get_named_gpiod_flags: can't parse 'sda-gpios' property of node '/ocp/interconnect@48000000/segment@100000/target-module@9c000/i2c@0[0]'
[    0.624259] of_get_named_gpiod_flags: can't parse 'sda-gpio' property of node '/ocp/interconnect@48000000/segment@100000/target-module@9c000/i2c@0[0]'
[    0.624290] i2c i2c-2: using lookup tables for GPIO lookup
[    0.624297] i2c i2c-2: No GPIO consumer sda found
[    0.625065] omap_i2c 4819c000.i2c: bus 2 rev0.11 at 100 kHz
[    0.630450] gpiochip_find_base_unlocked: found new base at 544
[    0.630559] gpio gpiochip1: (gpio-32-63): created GPIO range 0->17 ==> 44e10800.pinmux PIN 34->51
[    0.630581] gpio gpiochip1: (gpio-32-63): created GPIO range 18->21 ==> 44e10800.pinmux PIN 77->80
[    0.630598] gpio gpiochip1: (gpio-32-63): created GPIO range 22->31 ==> 44e10800.pinmux PIN 56->65
[    0.643445] gpio gpiochip1: (gpio-32-63): added GPIO chardev (254:1)
[    0.643599] gpio gpiochip1: registered GPIOs 544 to 575 on gpio-32-63
[    0.645801] gpiochip_find_base_unlocked: found new base at 576
[    0.645892] gpio gpiochip2: (gpio-64-95): created GPIO range 0->4 ==> 44e10800.pinmux PIN 66->70
[    0.645912] gpio gpiochip2: (gpio-64-95): created GPIO range 5->6 ==> 44e10800.pinmux PIN 98->99
[    0.645928] gpio gpiochip2: (gpio-64-95): created GPIO range 7->8 ==> 44e10800.pinmux PIN 75->76
[    0.645943] gpio gpiochip2: (gpio-64-95): created GPIO range 13->13 ==> 44e10800.pinmux PIN 141->141
[    0.645960] gpio gpiochip2: (gpio-64-95): created GPIO range 14->21 ==> 44e10800.pinmux PIN 100->107
[    0.646601] gpio gpiochip2: (gpio-64-95): added GPIO chardev (254:2)
[    0.646732] gpio gpiochip2: registered GPIOs 576 to 607 on gpio-64-95
[    0.652510] 48000000.interconnect:segment@200000:target-module@0:mpu@0:fck: device ID is greater than 24
[    0.653406] /ocp/interconnect@48000000/segment@300000/target-module@e000/lcdc@0: Fixed dependency cycle(s) with /ocp/interconnect@44c00000/segment@200000/target-module@b000/i2c@0/tda19988@70
[    0.656153] /ocp/interconnect@48000000/segment@300000/target-module@e000/lcdc@0: Fixed dependency cycle(s) with /ocp/interconnect@44c00000/segment@200000/target-module@b000/i2c@0/tda19988@70
[    0.656834] /ocp/interconnect@44c00000/segment@200000/target-module@b000/i2c@0/tda19988@70: Fixed dependency cycle(s) with /ocp/interconnect@48000000/segment@300000/target-module@e000/lcdc@0
[    0.657005] /ocp/interconnect@48000000/segment@300000/target-module@e000/lcdc@0: Fixed dependency cycle(s) with /ocp/interconnect@44c00000/segment@200000/target-module@b000/i2c@0/tda19988@70
[    0.666646] mdio_bus 4a101000.mdio: using DT '/ocp/interconnect@4a000000/segment@0/target-module@100000/switch@0/mdio@1000' for 'reset' GPIO lookup
[    0.666720] of_get_named_gpiod_flags: can't parse 'reset-gpios' property of node '/ocp/interconnect@4a000000/segment@0/target-module@100000/switch@0/mdio@1000[0]'
[    0.666766] of_get_named_gpiod_flags: can't parse 'reset-gpio' property of node '/ocp/interconnect@4a000000/segment@0/target-module@100000/switch@0/mdio@1000[0]'
[    0.666812] mdio_bus 4a101000.mdio: using lookup tables for GPIO lookup
[    0.666822] mdio_bus 4a101000.mdio: No GPIO consumer reset found
[    0.668037] sdhci-omap 481d8000.mmc: using DT '/ocp/interconnect@48000000/segment@100000/target-module@d8000/mmc@0' for 'wp' GPIO lookup
[    0.668097] of_get_named_gpiod_flags: can't parse 'wp-gpios' property of node '/ocp/interconnect@48000000/segment@100000/target-module@d8000/mmc@0[0]'
[    0.668140] of_get_named_gpiod_flags: can't parse 'wp-gpio' property of node '/ocp/interconnect@48000000/segment@100000/target-module@d8000/mmc@0[0]'
[    0.668174] sdhci-omap 481d8000.mmc: using lookup tables for GPIO lookup
[    0.668183] sdhci-omap 481d8000.mmc: No GPIO consumer wp found
[    0.668377] sdhci-omap 481d8000.mmc: supply pbias not found, using dummy regulator
[    0.668873] sdhci-omap 481d8000.mmc: supply vqmmc not found, using dummy regulator
[    0.726845] davinci_mdio 4a101000.mdio: davinci mdio revision 1.6, bus freq 1000000
[    0.728346] mdio_bus 4a101000.mdio:00: using DT '/ocp/interconnect@4a000000/segment@0/target-module@100000/switch@0/mdio@1000/ethernet-phy@0' for 'reset' GPIO lookup
[    0.728449] of_get_named_gpiod_flags: parsed 'reset-gpios' property of node '/ocp/interconnect@4a000000/segment@0/target-module@100000/switch@0/mdio@1000/ethernet-phy@0[0]' - status (0)
[    0.728604] gpio gpiochip0: Persistence not supported for GPIO 8
[    0.839104] davinci_mdio 4a101000.mdio: phy[0]: device 4a101000.mdio:00, driver SMSC LAN8710/LAN8720
[    0.839915] cpsw-switch 4a100000.switch: initialized cpsw ale version 1.4
[    0.839938] cpsw-switch 4a100000.switch: ALE Table size 1024, Policers 0
[    0.840086] cpsw-switch 4a100000.switch: cpts: overflow check period 500 (jiffies)
[    0.840104] cpsw-switch 4a100000.switch: CPTS: ref_clk_freq:250000000 calc_mult:2147483648 calc_shift:29 error:0 nsec/sec
[    0.840211] cpsw-switch 4a100000.switch: Detected MACID = 6c:ec:eb:68:de:78
[    0.842234] cpsw-switch 4a100000.switch: initialized (regs 0x4a100000, pool size 256) hw_ver:0019010C 1.12 (0)
[    0.853243] debugfs: Directory '49000000.dma' with parent 'dmaengine' already present!
[    0.853283] edma 49000000.dma: TI EDMA DMA engine driver
[    0.894338] target-module@4b000000:target-module@140000:pmu@0:fck: device ID is greater than 24
[    0.923456] hw perfevents: enabled with armv7_cortex_a8 PMU driver, 5 (8000000f) counters available
[    0.924350] gpio-clk clk_mcasp0: using DT '/clk_mcasp0' for 'enable' GPIO lookup
[    0.924417] of_get_named_gpiod_flags: parsed 'enable-gpios' property of node '/clk_mcasp0[0]' - status (0)
[    0.924462] gpio gpiochip0: Persistence not supported for GPIO 27
[    0.925250] gpiochip_find_base_unlocked: found new base at 608
[    0.925357] gpio gpiochip3: (gpio-96-127): created GPIO range 0->7 ==> 44e10800.pinmux PIN 82->89
[    0.925376] gpio gpiochip3: (gpio-96-127): created GPIO range 8->11 ==> 44e10800.pinmux PIN 52->55
[    0.925392] gpio gpiochip3: (gpio-96-127): created GPIO range 12->15 ==> 44e10800.pinmux PIN 94->97
[    0.925408] gpio gpiochip3: (gpio-96-127): created GPIO range 16->17 ==> 44e10800.pinmux PIN 71->72
[    0.925424] gpio gpiochip3: (gpio-96-127): created GPIO range 18->18 ==> 44e10800.pinmux PIN 135->135
[    0.925440] gpio gpiochip3: (gpio-96-127): created GPIO range 19->20 ==> 44e10800.pinmux PIN 108->109
[    0.925456] gpio gpiochip3: (gpio-96-127): created GPIO range 21->21 ==> 44e10800.pinmux PIN 73->73
[    0.925474] gpio gpiochip3: (gpio-96-127): created GPIO range 22->23 ==> 44e10800.pinmux PIN 8->9
[    0.925491] gpio gpiochip3: (gpio-96-127): created GPIO range 26->27 ==> 44e10800.pinmux PIN 10->11
[    0.925508] gpio gpiochip3: (gpio-96-127): created GPIO range 28->28 ==> 44e10800.pinmux PIN 74->74
[    0.925526] gpio gpiochip3: (gpio-96-127): created GPIO range 29->29 ==> 44e10800.pinmux PIN 81->81
[    0.925545] gpio gpiochip3: (gpio-96-127): created GPIO range 30->31 ==> 44e10800.pinmux PIN 28->29
[    0.931104] l3-aon-clkctrl:0000:0: failed to disable
[    0.931588] gpio gpiochip3: (gpio-96-127): added GPIO chardev (254:3)
[    0.931740] gpio gpiochip3: registered GPIOs 608 to 639 on gpio-96-127
[    0.933568] omap8250 44e09000.serial: using DT '/ocp/interconnect@44c00000/segment@200000/target-module@9000/serial@0' for 'rs485-term' GPIO lookup
[    0.933644] of_get_named_gpiod_flags: can't parse 'rs485-term-gpios' property of node '/ocp/interconnect@44c00000/segment@200000/target-module@9000/serial@0[0]'
[    0.933687] of_get_named_gpiod_flags: can't parse 'rs485-term-gpio' property of node '/ocp/interconnect@44c00000/segment@200000/target-module@9000/serial@0[0]'
[    0.933723] omap8250 44e09000.serial: using lookup tables for GPIO lookup
[    0.933733] omap8250 44e09000.serial: No GPIO consumer rs485-term found
[    0.933743] omap8250 44e09000.serial: using DT '/ocp/interconnect@44c00000/segment@200000/target-module@9000/serial@0' for 'rs485-rx-during-tx' GPIO lookup
[    0.933778] of_get_named_gpiod_flags: can't parse 'rs485-rx-during-tx-gpios' property of node '/ocp/interconnect@44c00000/segment@200000/target-module@9000/serial@0[0]'
[    0.933814] of_get_named_gpiod_flags: can't parse 'rs485-rx-during-tx-gpio' property of node '/ocp/interconnect@44c00000/segment@200000/target-module@9000/serial@0[0]'
[    0.933845] omap8250 44e09000.serial: using lookup tables for GPIO lookup
[    0.933853] omap8250 44e09000.serial: No GPIO consumer rs485-rx-during-tx found
[    0.934248] 44e09000.serial: ttyS0 at MMIO 0x44e09000 (irq = 34, base_baud = 3000000) is a 8250
[    0.934336] printk: legacy console [ttyS0] enabled
[    2.447756] i2c i2c-0: using DT '/ocp/interconnect@44c00000/segment@200000/target-module@b000/i2c@0' for 'scl' GPIO lookup
[    2.447847] of_get_named_gpiod_flags: can't parse 'scl-gpios' property of node '/ocp/interconnect@44c00000/segment@200000/target-module@b000/i2c@0[0]'
[    2.447893] of_get_named_gpiod_flags: can't parse 'scl-gpio' property of node '/ocp/interconnect@44c00000/segment@200000/target-module@b000/i2c@0[0]'
[    2.447933] i2c i2c-0: using lookup tables for GPIO lookup
[    2.447947] i2c i2c-0: No GPIO consumer scl found
[    2.447972] i2c i2c-0: using DT '/ocp/interconnect@44c00000/segment@200000/target-module@b000/i2c@0' for 'sda' GPIO lookup
[    2.448011] of_get_named_gpiod_flags: can't parse 'sda-gpios' property of node '/ocp/interconnect@44c00000/segment@200000/target-module@b000/i2c@0[0]'
[    2.448051] of_get_named_gpiod_flags: can't parse 'sda-gpio' property of node '/ocp/interconnect@44c00000/segment@200000/target-module@b000/i2c@0[0]'
[    2.448086] i2c i2c-0: using lookup tables for GPIO lookup
[    2.448097] i2c i2c-0: No GPIO consumer sda found
[    2.462251] tps65217-pmic: Failed to locate of_node [id: -1]
[    2.468311] tps65217-bl: Failed to locate of_node [id: -1]
[    2.479688] tps65217 0-0024: TPS65217 ID 0xe version 1.2
[    2.485826] /ocp/interconnect@48000000/segment@300000/target-module@e000/lcdc@0: Fixed dependency cycle(s) with /ocp/interconnect@44c00000/segment@200000/target-module@b000/i2c@0/tda19988@70
[    2.503217] /ocp/interconnect@44c00000/segment@200000/target-module@b000/i2c@0/tda19988@70: Fixed dependency cycle(s) with /ocp/interconnect@48000000/segment@300000/target-module@e000/lcdc@0
[    2.520589] omap_i2c 44e0b000.i2c: bus 0 rev0.11 at 400 kHz
[    2.528377] sdhci-omap 48060000.mmc: using DT '/ocp/interconnect@48000000/segment@0/target-module@60000/mmc@0' for 'cd' GPIO lookup
[    2.528486] of_get_named_gpiod_flags: parsed 'cd-gpios' property of node '/ocp/interconnect@48000000/segment@0/target-module@60000/mmc@0[0]' - status (0)
[    2.528553] gpio gpiochip3: Persistence not supported for GPIO 6
[    2.528578] omap_gpio 44e07000.gpio: Could not set line 6 debounce to 200000 microseconds (-22)
[    2.537461] sdhci-omap 48060000.mmc: Got CD GPIO
[    2.542142] sdhci-omap 48060000.mmc: using DT '/ocp/interconnect@48000000/segment@0/target-module@60000/mmc@0' for 'wp' GPIO lookup
[    2.542192] of_get_named_gpiod_flags: can't parse 'wp-gpios' property of node '/ocp/interconnect@48000000/segment@0/target-module@60000/mmc@0[0]'
[    2.542236] of_get_named_gpiod_flags: can't parse 'wp-gpio' property of node '/ocp/interconnect@48000000/segment@0/target-module@60000/mmc@0[0]'
[    2.542274] sdhci-omap 48060000.mmc: using lookup tables for GPIO lookup
[    2.542287] sdhci-omap 48060000.mmc: No GPIO consumer wp found
[    2.542495] sdhci-omap 48060000.mmc: supply pbias not found, using dummy regulator
[    2.551181] sdhci-omap 481d8000.mmc: using DT '/ocp/interconnect@48000000/segment@100000/target-module@d8000/mmc@0' for 'wp' GPIO lookup
[    2.551359] of_get_named_gpiod_flags: can't parse 'wp-gpios' property of node '/ocp/interconnect@48000000/segment@100000/target-module@d8000/mmc@0[0]'
[    2.551409] of_get_named_gpiod_flags: can't parse 'wp-gpio' property of node '/ocp/interconnect@48000000/segment@100000/target-module@d8000/mmc@0[0]'
[    2.551447] sdhci-omap 481d8000.mmc: using lookup tables for GPIO lookup
[    2.551460] sdhci-omap 481d8000.mmc: No GPIO consumer wp found
[    2.552745] sdhci-omap 48060000.mmc: supply vqmmc not found, using dummy regulator
[    2.561758] sdhci-omap 481d8000.mmc: supply pbias not found, using dummy regulator
[    2.569776] sdhci-omap 481d8000.mmc: supply vqmmc not found, using dummy regulator
[    2.661254] mmc1: SDHCI controller on 481d8000.mmc [481d8000.mmc] using External DMA
[    2.670216] mmc0: SDHCI controller on 48060000.mmc [48060000.mmc] using External DMA
[    2.679042] cpsw-switch 4a100000.switch: starting ndev. mode: dual_mac
[    2.730383] mmc0: new high speed SDHC card at address 5048
[    2.737608] mmcblk0: mmc0:5048 SD16G 14.4 GiB
[    2.745755]  mmcblk0: p1 p2
[    2.749237] mmcblk0: p2 size 31221760 extends beyond EOD, truncated
[    2.760135] mmc1: new high speed MMC card at address 0001
[    2.767193] mmcblk1: mmc1:0001 MMC04G 3.60 GiB
[    2.774802]  mmcblk1: p1 p2
[    2.779015] mmcblk1boot0: mmc1:0001 MMC04G 2.00 MiB
[    2.786114] mmcblk1boot1: mmc1:0001 MMC04G 2.00 MiB
[    2.792187] SMSC LAN8710/LAN8720 4a101000.mdio:00: attached PHY driver (mii_bus:phy_addr=4a101000.mdio:00, irq=POLL)
[    2.804157] mmcblk1rpmb: mmc1:0001 MMC04G 128 KiB, chardev (250:0)
[    5.921991] cpsw-switch 4a100000.switch eth0: Link is Up - 100Mbps/Full - flow control off
[    5.951249] IP-Config: Complete:
[    5.954518]      device=eth0, hwaddr=6c:ec:eb:68:de:78, ipaddr=192.168.255.1, mask=255.255.255.0, gw=255.255.255.255
[    5.965161]      host=bbb1, domain=, nis-domain=(none)
[    5.970328]      bootserver=192.168.255.126, rootserver=192.168.255.126, rootpath=
[    5.970728] clk: Disabling unused clocks
[    5.982590] PM: genpd: Disabling unused power domains
[    5.987707] KTAP version 1
[    5.990428] 1..0
[    6.015103] VFS: Mounted root (nfs filesystem) on device 0:17.
