Labgrid Console Logfile for main
Logfile started at 2025-09-29 19:07:45.523783
=== Log starts here ===
reading args
spl_load_image_fat_os: error reading image args, err - -1
reading u-boot.img
reading u-boot.img


U-Boot 2014.04-00014-g47880f5 (Apr 22 2014 - 13:23:54)

I2C:   ready
DRAM:  512 MiB
NAND:  0 MiB
MMC:   OMAP SD/MMC: 0, OMAP SD/MMC: 1
*** Warning - readenv() failed, using default environment

Net:   <ethaddr> not set. Validating first E-fuse MAC
cpsw, usb_ether
Hit any key to stop autoboot:  1  0 
gpio: pin 53 (gpio 53) value is 1
mmc0 is current device
gpio: pin 54 (gpio 54) value is 1
SD/MMC found on device 0
reading uEnv.txt
569 bytes read in 3 ms (184.6 KiB/s)
gpio: pin 55 (gpio 55) value is 1
Loaded environment from uEnv.txt
Importing environment from mmc ...
Checking if uenvcmd is set ...
gpio: pin 56 (gpio 56) value is 1
Running uenvcmd ...
cpsw Waiting for PHY auto negotiation to complete. done
link up on port 0, speed 100, full duplex
Using cpsw device
TFTP from server 192.168.255.126; our IP address is 192.168.255.1
Filename 'zImage'.
Load address: 0x81000000
Loading: *#################################################################
	 #################################################################
	 #################################################################
	 #################################################################
	 #################################################################
	 ###############################################################
	 2.4 MiB/s
done
Bytes transferred = 5682352 (56b4b0 hex)
link up on port 0, speed 100, full duplex
Using cpsw device
TFTP from server 192.168.255.126; our IP address is 192.168.255.1
Filename 'am335x-boneblack.dtb'.
Load address: 0x82000000
Loading: *#######
	 1.5 MiB/s
done
Bytes transferred = 98148 (17f64 hex)
Kernel image @ 0x81000000 [ 0x000000 - 0x56b4b0 ]
## Flattened Device Tree blob at 82000000
   Booting using the fdt blob at 0x82000000
   Using Device Tree in place at 82000000, end 8201af63

Starting kernel ...

[    0.000000] Booting Linux on physical CPU 0x0
[    0.000000] Linux version 6.17.0-next-20250929 (user01@drvtest01) (arm-none-eabi-gcc (Arm GNU Toolchain 14.2.Rel1 (Build arm-14.52)) 14.2.1 20241119, GNU ld (Arm GNU Toolchain 14.2.Rel1 (Build arm-14.52)) 2.43.1.20241119) #1 SMP Mon Sep 29 19:05:53 EEST 2025
[    0.000000] CPU: ARMv7 Processor [413fc082] revision 2 (ARMv7), cr=10c5387d
[    0.000000] CPU: PIPT / VIPT nonaliasing data cache, VIPT aliasing instruction cache
[    0.000000] OF: fdt: Machine model: TI AM335x BeagleBone Black
[    0.000000] Memory policy: Data cache writeback
[    0.000000] cma: Reserved 16 MiB at 0x9e800000
[    0.000000] Zone ranges:
[    0.000000]   Normal   [mem 0x0000000080000000-0x000000009fdfffff]
[    0.000000]   HighMem  empty
[    0.000000] Movable zone start for each node
[    0.000000] Early memory node ranges
[    0.000000]   node   0: [mem 0x0000000080000000-0x000000009fdfffff]
[    0.000000] Initmem setup node 0 [mem 0x0000000080000000-0x000000009fdfffff]
[    0.000000] On node 0, zone Normal: 512 pages in unavailable ranges
[    0.000000] OF: reserved mem: Reserved memory: No reserved-memory node in the DT
[    0.000000] CPU: All CPU(s) started in SVC mode.
[    0.000000] AM335X ES2.1 (sgx neon)
[    0.000000] percpu: Embedded 17 pages/cpu s39884 r8192 d21556 u69632
[    0.000000] Kernel command line: console=ttyO0,115200n8 root=/dev/nfs rw nfsroot=192.168.255.126:/home/user01/nfs,nfsvers=3 ip=192.168.255.1:192.168.255.126::255.255.255.0:bbb1:eth0 nfsrootdebug
[    0.000000] Unknown kernel command line parameters "nfsrootdebug", will be passed to user space.
[    0.000000] printk: log buffer data + meta data: 65536 + 204800 = 270336 bytes
[    0.000000] Dentry cache hash table entries: 65536 (order: 6, 262144 bytes, linear)
[    0.000000] Inode-cache hash table entries: 32768 (order: 5, 131072 bytes, linear)
[    0.000000] Built 1 zonelists, mobility grouping on.  Total pages: 130560
[    0.000000] mem auto-init: stack:off, heap alloc:off, heap free:off
[    0.000000] SLUB: HWalign=16, Order=0-3, MinObjects=0, CPUs=1, Nodes=1
[    0.000000] rcu: Hierarchical RCU implementation.
[    0.000000] rcu: 	RCU event tracing is enabled.
[    0.000000] rcu: 	RCU restricting CPUs from NR_CPUS=2 to nr_cpu_ids=1.
[    0.000000] 	Tracing variant of Tasks RCU enabled.
[    0.000000] rcu: RCU calculated value of scheduler-enlistment delay is 10 jiffies.
[    0.000000] rcu: Adjusting geometry for rcu_fanout_leaf=16, nr_cpu_ids=1
[    0.000000] RCU Tasks Trace: Setting shift to 0 and lim to 1 rcu_task_cb_adjust=1 rcu_task_cpu_ids=1.
[    0.000000] NR_IRQS: 16, nr_irqs: 16, preallocated irqs: 16
[    0.000000] IRQ: Found an INTC at 0x(ptrval) (revision 5.0) with 128 interrupts
[    0.000000] rcu: srcu_init: Setting srcu_struct sizes based on contention.
[    0.000000] TI gptimer clocksource: always-on /ocp/interconnect@44c00000/segment@200000/target-module@31000
[    0.000002] sched_clock: 32 bits at 24MHz, resolution 41ns, wraps every 89478484971ns
[    0.000025] clocksource: dmtimer: mask: 0xffffffff max_cycles: 0xffffffff, max_idle_ns: 79635851949 ns
[    0.000495] TI gptimer clockevent: 24000000 Hz at /ocp/interconnect@48000000/segment@0/target-module@40000
[    0.002062] Console: colour dummy device 80x30
[    0.002130] WARNING: Your 'console=ttyO0' has been replaced by 'ttyS0'
[    0.002137] This ensures that you still see kernel messages. Please
[    0.002141] update your kernel commandline.
[    0.002186] Calibrating delay loop... 996.14 BogoMIPS (lpj=4980736)
[    0.090607] CPU: Testing write buffer coherency: ok
[    0.090688] CPU0: Spectre v2: using BPIALL workaround
[    0.090698] pid_max: default: 32768 minimum: 301
[    0.090873] LSM: initializing lsm=capability
[    0.091031] Mount-cache hash table entries: 1024 (order: 0, 4096 bytes, linear)
[    0.091051] Mountpoint-cache hash table entries: 1024 (order: 0, 4096 bytes, linear)
[    0.092633] CPU0: thread -1, cpu 0, socket -1, mpidr 0
[    0.092692] cacheinfo: Unable to detect cache hierarchy for CPU 0
[    0.094700] Setting up static identity map for 0x80100000 - 0x80100078
[    0.095012] rcu: Hierarchical SRCU implementation.
[    0.095024] rcu: 	Max phase no-delay instances is 1000.
[    0.096709] smp: Bringing up secondary CPUs ...
[    0.096761] smp: Brought up 1 node, 1 CPU
[    0.096773] SMP: Total of 1 processors activated (996.14 BogoMIPS).
[    0.096784] CPU: All CPU(s) started in SVC mode.
[    0.096982] Memory: 480864K/522240K available (11264K kernel code, 1226K rwdata, 2952K rodata, 1024K init, 256K bss, 23336K reserved, 16384K cma-reserved, 0K highmem)
[    0.097777] devtmpfs: initialized
[    0.115091] VFP support v0.3: implementor 41 architecture 3 part 30 variant c rev 3
[    0.115747] clocksource: jiffies: mask: 0xffffffff max_cycles: 0xffffffff, max_idle_ns: 19112604462750000 ns
[    0.115802] posixtimers hash table entries: 512 (order: 0, 4096 bytes, linear)
[    0.115829] futex hash table entries: 256 (16384 bytes on 1 NUMA nodes, total 16 KiB, linear).
[    0.116963] pinctrl core: initialized pinctrl subsystem
[    0.119041] NET: Registered PF_NETLINK/PF_ROUTE protocol family
[    0.122127] DMA: preallocated 256 KiB pool for atomic coherent allocations
[    0.122720] audit: initializing netlink subsys (disabled)
[    0.124062] thermal_sys: Registered thermal governor 'fair_share'
[    0.124076] thermal_sys: Registered thermal governor 'step_wise'
[    0.124085] thermal_sys: Registered thermal governor 'user_space'
[    0.124198] audit: type=2000 audit(0.120:1): state=initialized audit_enabled=0 res=1
[    0.124268] cpuidle: using governor menu
[    0.142161] /ocp/interconnect@44c00000/segment@200000/target-module@b000/i2c@0/tda19988@70: Fixed dependency cycle(s) with /ocp/interconnect@48000000/segment@300000/target-module@e000/lcdc@0
[    0.143272] /ocp/interconnect@48000000/segment@300000/target-module@e000/lcdc@0: Fixed dependency cycle(s) with /ocp/interconnect@44c00000/segment@200000/target-module@b000/i2c@0/tda19988@70
[    0.145463] No ATAGs?
[    0.145499] hw-breakpoint: debug architecture 0x4 unsupported.
[    0.148587] kprobes: kprobe jump-optimization is enabled. All kprobes are optimized if possible.
[    0.154377] iommu: Default domain type: Translated
[    0.154400] iommu: DMA domain TLB invalidation policy: strict mode
[    0.161562] SCSI subsystem initialized
[    0.162427] pps_core: LinuxPPS API ver. 1 registered
[    0.162438] pps_core: Software ver. 5.3.6 - Copyright 2005-2007 Rodolfo Giometti <giometti@linux.it>
[    0.162462] PTP clock support registered
[    0.170978] vgaarb: loaded
[    0.171361] clocksource: Switched to clocksource dmtimer
[    0.172029] VFS: Disk quotas dquot_6.6.0
[    0.172088] VFS: Dquot-cache hash table entries: 1024 (order 0, 4096 bytes)
[    0.194762] NET: Registered PF_INET protocol family
[    0.195103] IP idents hash table entries: 8192 (order: 4, 65536 bytes, linear)
[    0.196524] tcp_listen_portaddr_hash hash table entries: 512 (order: 0, 4096 bytes, linear)
[    0.196561] Table-perturb hash table entries: 65536 (order: 6, 262144 bytes, linear)
[    0.196578] TCP established hash table entries: 4096 (order: 2, 16384 bytes, linear)
[    0.196624] TCP bind hash table entries: 4096 (order: 4, 65536 bytes, linear)
[    0.196723] TCP: Hash tables configured (established 4096 bind 4096)
[    0.196847] UDP hash table entries: 256 (order: 1, 14336 bytes, linear)
[    0.196880] UDP-Lite hash table entries: 256 (order: 1, 14336 bytes, linear)
[    0.197084] NET: Registered PF_UNIX/PF_LOCAL protocol family
[    0.202180] RPC: Registered named UNIX socket transport module.
[    0.202202] RPC: Registered udp transport module.
[    0.202207] RPC: Registered tcp transport module.
[    0.202212] RPC: Registered tcp-with-tls transport module.
[    0.202216] RPC: Registered tcp NFSv4.1 backchannel transport module.
[    0.202242] PCI: CLS 0 bytes, default 64
[    0.203650] Initialise system trusted keyrings
[    0.211755] workingset: timestamp_bits=14 max_order=17 bucket_order=3
[    0.213218] NFS: Registering the id_resolver key type
[    0.213286] Key type id_resolver registered
[    0.213293] Key type id_legacy registered
[    0.213405] jffs2: version 2.2. (NAND) (SUMMARY)  Â© 2001-2006 Red Hat, Inc.
[    0.213865] Key type asymmetric registered
[    0.213882] Asymmetric key parser 'x509' registered
[    0.213953] io scheduler mq-deadline registered
[    0.213963] io scheduler kyber registered
[    0.214040] io scheduler bfq registered
[    0.215898] target-module@4b000000:target-module@140000:pmu@0:fck: device ID is greater than 24
[    0.221651] ledtrig-cpu: registered to indicate activity on CPUs
[    0.231840] Serial: 8250/16550 driver, 6 ports, IRQ sharing enabled
[    0.265332] brd: module loaded
[    0.292274] loop: module loaded
[    0.293214] mtdoops: mtd device (mtddev=name/number) must be supplied
[    0.296225] i2c_dev: i2c /dev entries driver
[    0.297235] cpuidle: enable-method property 'ti,am3352' found operations
[    0.297686] sdhci: Secure Digital Host Controller Interface driver
[    0.297695] sdhci: Copyright(c) Pierre Ossman
[    0.297879] sdhci-pltfm: SDHCI platform and OF driver helper
[    0.313439] hw perfevents: enabled with armv7_cortex_a8 PMU driver, 5 (8000000f) counters available
[    0.314001] Initializing XFRM netlink socket
[    0.314176] NE T: Registered PF_INET6 protocol family
[    0.316161] Segment Routing with IPv6
[    0.316242] In-situ OAM (IOAM) with IPv6
[    0.316339] sit: IPv6, IPv4 and MPLS over IPv4 tunneling driver
[    0.317304] NET: Registered PF_PACKET protocol family
[    0.317329] NET: Registered PF_KEY protocol family
[    0.317461] Key type dns_resolver registered
[    0.317694] ThumbEE CPU extension supported.
[    0.317713] Registering SWP/SWPB emulation handler
[    0.318237] omap_voltage_late_init: Voltage dr iver support not added
[    0.318911] SmartReflex Class3 initialized
[    0.343244] Loading compiled-in X.509 certificates
[    0.379934] /ocp/interconnect@44c00000/segment@200000/target-module@b000/i2c@0/tda19988@70: Fixed dependency cycle(s) with /ocp/interconnect@48000000/segment@300000/target-module@e000/lcdc@0
[    0.386460] /ocp/interconnect@44c00000/segment@200000/target-module@b000/i2c@0/tda19988@70: Fixed dependency cycle(s) with /ocp/interconnect@48000000/segment@300000/target-module@e000/lcdc@0
[    0.429080] /ocp/interconnect@44c00000/segment@200000/target-module@b000/i2c@0/tda19988@70: Fixed dependency cycle(s) with /ocp/interconnect@48000000/segment@300000/target-module@e000/lcdc@0
[    0.429976] /ocp/interconnect@44c00000/segment@200000/target-module@b000/i2c@0/tda19988@70: Fixed dependency cycle(s) with /ocp/interconnect@48000000/segment@300000/target-module@e000/lcdc@0
[    0.433771] /ocp/interconnect@44c00000/segment@200000/target-module@10000/scm@0/pinmux@800: Fixed dependency cycle(s) with /ocp/interconnect@44c00000/segment@200000/target-module@10000/scm@0/pinmux@800/clkout2-pins
[    0.434358] pinctrl-single 44e10800.pinmux: 142 pins, size 568
[    0.439641] ti-sysc 44e31000.target-module: probe with driver ti-sysc failed with error -16
[    0.468999] /ocp/interconnect@48000000/segment@300000/target-module@e000/lcdc@0: Fixed dependency cycle(s) with /ocp/interconnect@44c00000/segment@200000/target-module@b000/i2c@0/tda19988@70
[    0.477283] ti-sysc 48040000.target-module: probe wiitch 4a100000.switch: Detected MACID = 6c:ec:eb:68:de:78
[    0.857703] cpsw-switch 4a100000.switch: initialized (regs 0x4a100000, pool size 256) hw_ver:0019010C 1.12 (0)
[    0.888014] debugfs: '49000000.dma' already exists in 'dmaengine'
[    0.888059] edma 49000000.dma: TI EDMA DMA engine driver
[    0.956381] 44e09000.serial: ttyS0 at MMIO 0x44e09000 (irq = 34, base_baud = 3000000) is a 8250
[    0.956470] printk: legacy console [ttyS0] enabled
[    2.432394] tps65217-pmic: Failed to locate of_node [id: -1]
[    2.438467] tps65217-bl: Failed to locate of_node [id: -1]
[    2.444563] platform tps65217-charger: DMA mask not set
[    2.450617] platform tps65217-pwrbutton: DMA mask not set
[    2.457867] tps65217 0-0024: TPS65217 ID 0xe version 1.2
[    2.463986] /ocp/interconnect@48000000/segment@300000/target-module@e000/lcdc@0: Fixed dependency cycle(s) with /ocp/interconnect@44c00000/segment@200000/target-module@b000/i2c@0/tda19988@70
[    2.481447] /ocp/interconnect@44c00000/segment@200000/target-module@b000/i2c@0/tda19988@70: Fixed dependency cycle(s) with /ocp/interconnect@48000000/segment@300000/target-module@e000/lcdc@0
[    2.498801] omap_i2c 44e0b000.i2c: bus 0 rev0.11 at 400 kHz
[    2.506786] omap_gpio 44e07000.gpio: Could not set line 6 debounce to 200000 microseconds (-22)
[    2.515667] sdhci-omap 48060000.mmc: Got CD GPIO
[    2.520676] sdhci-omap 48060000.mmc: supply pbias not found, using dummy regulator
[    2.530692] sdhci-omap 48060000.mmc: supply vqmmc not found, using dummy regulator
[    2.539747] sdhci-omap 481d8000.mmc: supply pbias not found, using dummy regulator
[    2.550112] sdhci-omap 481d8000.mmc: supply vqmmc not found, using dummy regulator
[    2.585286] mmc0: SDHCI controller on 48060000.mmc [48060000.mmc] using External DMA
[    2.593544] mmc1: SDHCI controller on 481d8000.mmc [481d8000.mmc] using External DMA
[    2.602318] cpsw-switch 4a100000.switch: starting ndev. mode: dual_mac
[    2.671653] mmc1: new high speed MMC card at address 0001
[    2.678489] mmcblk1: mmc1:0001 MMC04G 3.60 GiB
[    2.686421]  mmcblk1: p1 p2
[    2.690157] SMSC LAN8710/LAN8720 4a101000.mdio:00: attached PHY driver (mii_bus:phy_addr=4a101000.mdio:00, irq=POLL)
[    2.702768] mmcblk1boot0: mmc1:0001 MMC04G 2.00 MiB
[    2.716604] mmcblk1boot1: mmc1:0001 MMC04G 2.00 MiB
[    2.725634] mmcblk1rpmb: mmc1:0001 MMC04G 128 KiB, chardev (249:0)
[    2.774890] mmc0: new high speed SDHC card at address aaaa
[    2.781815] mmcblk0: mmc0:aaaa SE32G 29.7 GiB
[    2.790917]  mmcblk0: p1 p2
[    5.842117] cpsw-switch 4a100000.switch eth0: Link is Up - 100Mbps/Full - flow control off
[    5.871370] IP-Config: Complete:
[    5.874643]      device=eth0, hwaddr=6c:ec:eb:68:de:78, ipaddr=192.168.255.1, mask=255.255.255.0, gw=255.255.255.255
[    5.885288]      host=bbb1, domain=, nis-domain=(none)
[    5.890456]      bootserver=192.168.255.126, rootserver=192.168.255.126, rootpath=
[    5.890887] clk: Disabling unused clocks
[    5.902748] PM: genpd: Disabling unused power domains
[    5.907901] KTAP version 1
[    5.910625] 1..0
[    5.913355] check access for rdinit=/init failed: -2, ignoring
[    5.949601] VFS: Mounted root (nfs filesystem) on device 0:17.
[    5.956618] devtmpfs: mounted
[    5.961106] Freeing unused kernel image (initmem) memory: 1024K
[    5.967997] Run /sbin/init as init process
[    6.645892] systemd[1]: System time before build time, advancing clock.
[    8.171381] random: crng init done
[    8.204081] systemd[1]: systemd 232 running in system mode. (+PAM +AUDIT +SELINUX +IMA +APPARMOR +SMACK +SYSVINIT +UTMP +LIBCRYPTSETUP +GCRYPT +GNUTLS +ACL +XZ +LZ4 +SECCOMP +BLKID +ELFUTILS +KMOD +IDN)
[    8.223186] systemd[1]: Detected architecture arm.

Welcome to [1mDebian GNU/Linux 9 (stretch)[0m!

[    8.254517] systemd[1]: Set hostname to <arm>.
[    9.352107] systemd[1]: syslog.socket: SO_PASSSEC failed: Operation not supported
[    9.359858] systemd[1]: Listening on Syslog Socket.
[[0;32m  OK  [0m] Listening on Syslog Socket.
[    9.382889] systemd[1]: Created slice System Slice.
[[0;32m  OK  [0m] Created slice System Slice.
[    9.412102] systemd[1]: Listening on udev Kernel Socket.
[[0;32m  OK  [0m] Listening on udev Kernel Socket.
[    9.442056] systemd[1]: systemd-journald-dev-log.socket: SO_PASSSEC failed: Operation not supported
[    9.451523] systemd[1]: Listening on Journal Socket (/dev/log).
[[0;32m  OK  [0m] Listening on Journal Socket (/dev/log).
[    9.483376] systemd[1]: Listening on udev Control Socket.
[[0;32m  OK  [0m] Listening on udev Control Socket.
[[0;32m  OK  [0m] Started Forward Password Requests to Wall Directory Watch.
[[0;32m  OK  [0m] Started Dispatch Password Requests to Console Directory Watch.
[[0;32m  OK  [0m] Created slice system-serial\x2dgetty.slice.
[[0;32m  OK  [0m] Listening on /dev/initctl Compatibility Named Pipe.
[[0;32m  OK  [0m] Created slice User and Session Slice.
[[0;32m  OK  [0m] Reached target Slices.
[[0;32m  OK  [0m] Set up automount Arbitrary Executabâ€¦rmats File System Automount Point.
[[0;32m  OK  [0m] Listening on Journal Audit Socket.
[[0;32m  OK  [0m] Reached target Swap.
[[0;32m  OK  [0m] Listening on Journal Socket.
         Starting Remount Root and Kernel File Systems...
[[0;32m  OK  [0m] Created slice system-getty.slice.
         Mounting POSIX Message Queue File System...
[[0;32m  OK  [0m] Reached target Paths.
[[0;32m  OK  [0m] Reached target Encrypted Volumes.
[[0;32m  OK  [0m] Reached target Remote File Systems.
         Starting Load Kernel Modules...
         Mounting Debug File System...
         Starting Create list of required stâ€¦ce nodes for the current kernel...
         Starting Journal Service...
[[0;32m  OK  [0m] Mounted POSIX Message Queue File System.
[[0;32m  OK  [0m] Mounted Debug File System.
[[0;32m  OK  [0m] Started Remount Root and Kernel File Systems.
         Starting Load/Save Random Seed...
         Starting udev Coldplug all Devices...
[[0;32m  OK  [0m] Started Create list of required staâ€¦vice nodes for the current kernel.
         Starting Create Static Device Nodes in /dev...
[[0;32m  OK  [0m] Started Load Kernel Modules.
         Starting Apply Kernel Variables...
         Mounting Configuration File System...
[[0;32m  OK  [0m] Started Load/Save Random Seed.
[[0;32m  OK  [0m] Mounted Configuration File System.
[[0;32m  OK  [0m] Started Apply Kernel Variables.
[[0;32m  OK  [0m] Started Create Static Device Nodes in /dev.
         Starting udev Kernel Device Manager...
[[0;32m  OK  [0m] Reached target Local File Systems (Pre).
[[0;32m  OK  [0m] Reached target Local File Systems.
         Starting Raise network interfaces...
[[0;32m  OK  [0m] Started Journal Service.
         Starting Flush Journal to Persistent Storage...
[   11.880483] systemd-journald[84]: Received request to flush runtime journal from PID 1
[[0;32m  OK  [0m] Started Flush Journal to Persistent Storage.
         Starting Create Volatile Files and Directories...
[[0;32m  OK  [0m] Started udev Kernel Device Manager.
[   12.641994] omap_prm 44e00d00.prm: sync_state() pending due to 44d00000.cpu
[[0;32m  OK  [0m] Started Create Volatile Files and Directories.
         Starting Network Time Synchronization...
         Starting Update UTMP about System Boot/Shutdown...
[[0;32m  OK  [0m] Started udev Coldplug all Devices.
[[0;32m  OK  [0m] Started Update UTMP about System Boot/Shutdown.
[   14.995366] remoteproc remoteproc0: wkup_m3 is available
[   15.155219] am335x-phy-driver 47401300.usb-phy: dummy supplies not allowed for exclusive requests (id=vbus)
[   15.241154] usbcore: registered new interface driver usbfs
[   15.247028] usbcore: registered new interface driver hub
[   15.252575] usbcore: registered new device driver usb
[   15.347785] am335x-phy-driver 47401b00.usb-phy: dummy supplies not allowed for exclusive requests (id=vbus)
[   15.448286] at24 2-0054: supply vcc not found, using dummy regulator
[   15.576933] at24 2-0055: supply vcc not found, using dummy regulator
[[0;32m  OK  [0m] Found device /dev/ttyS0.
[   15.678630] at24 2-0056: supply vcc not found, using dummy regulator
[   15.814849] at24 2-0057: supply vcc not found, using dummy regulator
[   15.863145] musb-hdrc musb-hdrc.1: MUSB HDRC host driver
[   15.868783] musb-hdrc musb-hdrc.1: new USB bus registered, assigned bus number 1
[[0;32m  OK  [0m] Started Network Time Synchronization.[   15.915289] at24 0-0050: 32768 byte 24c256 EEPROM, writable, 1 bytes/write

[   16.036402] input: tps65217_pwrbutton as /devices/platform/ocp/44c00000.interconnect/44c00000.interconnect:segment@200000/44e0b000.target-module/44e0b000.i2c/i2c-0/0-0024/tps65217-pwrbutton/input/input0
[   16.121858] usb usb1: New USB device found, idVendor=1d6b, idProduct=0002, bcdDevice= 6.17
[   16.130338] usb usb1: New USB device strings: Mfr=3, Product=2, SerialNumber=1
[   16.137713] usb usb1: Product: MUSB HDRC host driver
[   16.142736] usb usb1: Manufacturer: Linux 6.17.0-next-20250929 musb-hcd
[   16.149388] usb usb1: SerialNumber: musb-hdrc.1
[[0;32m  OK  [0m] Reached target System Initialization.
[[0;32m  OK  [0m] Started Daily Cleanup of Temporary Directories.
[[0;32m  OK  [0m] Listening on D-Bus System Message Bus Socket.
[[0;32m  OK  [0m] Listening on Avahi mDNS/DNS-SD Stack Activation Socket.
[[0;32m  OK  [0m] Reached target Sockets.
[   16.491933] hub 1-0:1.0: USB hub found
[[0;32m  OK  [0m] Reached target Basic System.
[   16.536280] hub 1-0:1.0: 1 port detected
         Starting LSB: Start busybox udhcpd at boot time...
         Starting Cape Manager Service...
         Starting Telephony service...
         Starting System Logging Service...
[   17.124411] omap_rtc 44e3e000.rtc: registered as rtc0
[   17.129834] omap_rtc 44e3e000.rtc: setting system clock to 2000-01-01T00:00:00 UTC (946684800)
[[0;32m  OK  [0m] Started D-Bus System Message Bus.
[   17.234246] omap_wdt: OMAP Watchdog Timer Rev 0x01: initial timeout 60 sec
[   17.968230] omap-mailbox 480c8000.mailbox: omap mailbox rev 0x400
[   18.100035] remoteproc remoteproc0: powering up wkup_m3
[   18.318095] remoteproc remoteproc0: Direct firmware load for am335x-pm-firmware.elf failed with error -2
[   18.328660] remoteproc remoteproc0: request_firmware failed: -2
[   18.334771] wkup_m3_ipc 44e11324.wkup_m3_ipc: rproc_boot failed
[   18.456961] tda998x 0-0070: found TDA19988
[   20.746340] omap_rng 48310000.rng: Random Number Generator ver. 20
[   20.886657] tilcdc 4830e000.lcdc: bound 0-0070 (ops tda998x_audio_codec_init [tda998x])
[[0;32m  OK  [0m] Started Telephony service.
[   20.993467] [drm] Initialized tilcdc 1.0.0 for 4830e000.lcdc on minor 0
         Starting Connection service...
[   21.079028] tilcdc 4830e000.lcdc: [drm] Cannot find any crtc or sizes
[   21.112597] tilcdc 4830e000.lcdc: [drm] Cannot find any crtc or sizes
         Starting DUN service...
         Starting Generic Board Startup...
         Starting LSB: Load kernel modules needed to enable cpufreq scaling...
         Starting Avahi mDNS/DNS-SD Stack...
         Starting Login Service...
[[0;32m  OK  [0m] Started Regular background program processing daemon.
[[0;32m  OK  [0m] Reached target System Time Synchronized.
[   22.038174] omap-sham 53100000.sham: hw accel on OMAP rev 4.3
[   22.046116] PM: Cannot get wkup_m3_ipc handle
[[0;32m  OK  [0m] Started Daily apt download activities.
[[0;32m  OK  [0m] Started Daily apt upgrade and clean activities.
[[0;32m  OK  [0m] Reached target Timers.
[   22.180422] omap-aes 53500000.aes: OMAP AES hw accel rev: 3.2
[   22.226734] omap-sham 53100000.sham: will run requests pump with realtime priority
[   22.236217] PM: Cannot get wkup_m3_ipc handle
[   22.361594] omap-aes 53500000.aes: will run requests pump with realtime priority
[   22.372607] PM: Cannot get wkup_m3_ipc handle
[[0;32m  OK  [0m] Started System Logging Service.
[[0;32m  OK  [0m] Started Cape Manager Service.
[   23.673439] Bluetooth: Core ver 2.22
[   23.677277] NET: Registered PF_BLUETOOTH protocol family
[   23.682835] Bluetooth: HCI device and connection manager initialized
[   23.689252] Bluetooth: HCI socket layer initialized
[   23.694266] Bluetooth: L2CAP socket layer initialized
[   23.699385] Bluetooth: SCO socket layer initialized
[   24.643286] ------------[ cut here ]------------
[   24.647989] WARNING: net/8021q/vlan_core.c:236 at vlan_for_each+0x114/0x134, CPU#0: avahi-daemon/293
[   24.657334] RTNL: assertion failed at net/8021q/vlan_core.c (236)
[   24.663532] Modules linked in: bluetooth snd_soc_simple_card snd_soc_simple_card_utils ecdh_generic omap_aes_driver ecc pm33xx omap_sham omap_crypto libaes ti_emif_sram crypto_engine tilcdc omap_rng drm_dma_helper drm_client_lib rng_core snd_soc_davinci_mcasp snd_soc_ti_udma snd_soc_ti_edma snd_soc_ti_sdma snd_soc_core snd_pcm_dmaengine snd_pcm snd_timer tda998x snd omap_mailbox soundcore cec drm_kms_helper omap_wdt rtc_omap watchdog drm wkup_m3_ipc drm_panel_orientation_quirks tps65218_pwrbutton musb_dsps musb_hdrc at24 udc_core usbcore phy_am335x phy_am335x_control wkup_m3_rproc phy_generic usb_common cppi41 leds_gpio led_class cpufreq_dt autofs4
[   24.721600] CPU: 0 UID: 107 PID: 293 Comm: avahi-daemon Not tainted 6.17.0-next-20250929 #1 NONE 
[   24.721618] Hardware name: Generic AM33XX (Flattened Device Tree)
[   24.721627] Call trace: 
[   24.721641]  unwind_backtrace from show_stack+0x10/0x14
[   24.721678]  show_stack from dump_stack_lvl+0x50/0x64
[   24.721703]  dump_stack_lvl from __warn+0x88/0x148
[   24.721722]  __warn from warn_slowpath_fmt+0x19c/0x1b0
[   24.721735]  warn_slowpath_fmt from vlan_for_each+0x114/0x134
[   24.721756]  vlan_for_each from cpsw_add_mc_addr+0x40/0xa4
[   24.721780]  cpsw_add_mc_addr from __hw_addr_ref_sync_dev+0x108/0x140
[   24.721810]  __hw_addr_ref_sync_dev from __dev_mc_add+0x7c/0x80
[   24.721832]  __dev_mc_add from igmp6_group_added+0xc8/0xe0
[   24.721860]  igmp6_group_added from __ipv6_dev_mc_inc+0x218/0x364
[   24.721878]  __ipv6_dev_mc_inc from __ipv6_sock_mc_join+0x11c/0x1c0
[   24.721896]  __ipv6_sock_mc_join from do_ipv6_setsockopt+0x1214/0x1310
[   24.721927]  do_ipv6_setsockopt from ipv6_setsockopt+0x60/0xcc
[   24.721948]  ipv6_setsockopt from udpv6_setsockopt+0x2c/0x6c
[   24.721972]  udpv6_setsockopt from sock_common_setsockopt+0x30/0x40
[   24.722005]  sock_common_setsockopt from do_sock_setsockopt+0x50/0x9c
[   24.722026]  do_sock_setsockopt from __sys_setsockopt+0x70/0xbc
[   24.722046]  __sys_setsockopt from ret_fast_syscall+0x0/0x58
[   24.722062] Exception stack(0xe0191fa8 to 0xe0191ff0)
[   24.722077] 1fa0:                   00000014 b6f0ace8 0000000d 00000029 00000014 befa19ec
[   24.722089] 1fc0: 00000014 b6f0ace8 00000014 00000126 0000000d b6eb3ff4 0044e988 00436558
[   24.722097] 1fe0: b6ec9088 befa19d8 b6ea6309 b6d7d41a
[   24.722105] ---[ end trace 0000000000000000 ]---
[   26.154339] PM: Cannot get wkup_m3_ipc handle
[   26.250878] gpio-537 (nxp,calib): gpiod_direction_output_nonotify: tried to set a GPIO tied to an IRQ as output
[   26.305801] PM: Cannot get wkup_m3_ipc handle
[   26.505656] tda9950 0-0034: TDA9950 CEC interface, hardware version 3.3
[   26.607149] PM: Cannot get wkup_m3_ipc handle
[[0;32m  OK  [0m] Started LSB: Start busybox udhcpd at boot time.
[[0;32m  OK  [0m] Started Raise network interfaces.
[[0;32m  OK  [0m] Started LSB: Load kernel modules needed to enable cpufreq scaling.
[   29.809784] configfs-gadget.g_multi gadget.0: HOST MAC 1c:ba:8c:a2:ed:6c
[   29.816827] configfs-gadget.g_multi gadget.0: MAC 1c:ba:8c:a2:ed:70
[   29.824215] configfs-gadget.g_multi gadget.0: HOST MAC 1c:ba:8c:a2:ed:6c
[   29.830977] configfs-gadget.g_multi gadget.0: MAC 1c:ba:8c:a2:ed:6d
[   29.853076] PM: Cannot get wkup_m3_ipc handle
[[0;32m  OK  [0m] Started DUN service.
[[0;32m  OK  [0m] Started Avahi mDNS/DNS-SD Stack.
[[0;32m  OK  [0m] Started Connection service.
[[0;32m  OK  [0m] Started Login Service.
         Starting Hostname Service...
         Starting WPA supplicant...
[[0;32m  OK  [0m] Reached target Sound Card.
         Starting LSB: set CPUFreq kernel parameters...
[[0;32m  OK  [0m] Started WPA supplicant.
[[0;32m  OK  [0m] Reached target Network.
         Starting OpenBSD Secure Shell server...
[[0;32m  OK  [0m] Reached target Network is Online.
         Starting LSB: Advanced IEEE 802.11 management daemon...
         Starting Permit User Sessions...
         Starting The Apache HTTP Server...
[[0;32m  OK  [0m] Started LSB: Advanced IEEE 802.11 management daemon.
[[0;32m  OK  [0m] Started Hostname Service.
[[0;32m  OK  [0m] Started LSB: set CPUFreq kernel parameters.
[[0;32m  OK  [0m] Started Permit User Sessions.
[[0;32m  OK  [0m] Started Getty on tty1.
[[0;32m  OK  [0m] Started Serial Getty on ttyS0.
[[0;32m  OK  [0m] Reached target Login Prompts.
[[0;32m  OK  [0m] Started OpenBSD Secure Shell server.
         Stopping LSB: Start busybox udhcpd at boot time...
[[0;32m  OK  [0m] Stopped LSB: Start busybox udhcpd at boot time.
         Starting dnsmasq - A lightweight DHCP and caching DNS server...
[[0;32m  OK  [0m] Started The Apache HTTP Server.
[[0;32m  OK  [0m] Started dnsmasq - A lightweight DHCP and caching DNS server.
[[0;32m  OK  [0m] Reached target Host and Network Name Lookups.
[[0;32m  OK  [0m] Started Serial Getty on ttyGS0.
[[0;32m  OK  [0m] Started Generic Board Startup.
[[0;32m  OK  [0m] Reached target Multi-User System.
[[0;32m  OK  [0m] Reached target Graphical Interface.
         Starting Update UTMP about System Runlevel Changes...
[[0;32m  OK  [0m] Started Update UTMP about System Runlevel Changes.

Debian GNU/Linux 9 arm ttyS0

default username:password is [debian:temppwd]

arm login: root
Password: 
Last login: Sat Jan  1 00:00:36 UTC 2000 on ttyS0
root
Linux arm 6.17.0-next-20250929 #1 SMP Mon Sep 29 19:05:53 EEST 2025 armv7l

The programs included with the Debian GNU/Linux system are free software;
the exact distribution terms for each program are described in the
individual files in /usr/share/doc/*/copyright.

Debian GNU/Linux comes with ABSOLUTELY NO WARRANTY, to the extent
permitted by applicable law.
root@arm:~# root
dmesg -n 1
-bash: root: command not found
root@arm:~# dmesg -n 1
root@arm:~# echo 'LGCB''TMBZBK'
LGCBTMBZBK
root@arm:~# run() { echo -n "$MARKER"; sh -c "$@"; echo "$MARKER $?"; }
root@arm:~# echo 'JCYM''LFVCBB'
JCYMLFVCBB
root@arm:~# MARKER='SNUC''NEJSYF' run 'cat /proc/version'
SNUCNEJSYFLinux version 6.17.0-next-20250929 (user01@drvtest01) (arm-none-eabi-gcc (Arm GNU Toolchain 14.2.Rel1 (Build arm-14.52)) 14.2.1 20241119, GNU ld (Arm GNU Toolchain 14.2.Rel1 (Build arm-14.52)) 2.43.1.20241119) #1 SMP Mon Sep 29 19:05:53 EEST 2025
SNUCNEJSYF 0
root@arm:~# echo 'UYJB''OKVLTW'
UYJBOKVLTW
root@arm:~# MARKER='JJUU''QWXSXH' run false
JJUUQWXSXHJJUUQWXSXH 1
root@arm:~# Labgrid Console Logfile for main
Logfile started at 2025-09-29 19:08:50.283389
=== Log starts here ===

root@arm:~# run() { echo -n "$MARKER"; sh -c "$@"; echo "$MARKER $?"; }
root@arm:~# echo 'UZOY''PJTKZW'
UZOYPJTKZW
root@arm:~# MARKER='LLEZ''QKGCOS' run 'ls /iio_generic_buffer; echo $?'
LLEZQKGCOS/iio_generic_buffer
0
LLEZQKGCOS 0
root@arm:~# Labgrid Console Logfile for main
Logfile started at 2025-09-29 19:08:53.660227
=== Log starts here ===

root@arm:~# run() { echo -n "$MARKER"; sh -c "$@"; echo "$MARKER $?"; }
root@arm:~# echo 'QTSX''VWOMFQ'
QTSXVWOMFQ
root@arm:~# MARKER='SQES''AQEVNQ' run dmesg
SQESAQEVNQ[    0.000000] Booting Linux on physical CPU 0x0
[    0.000000] Linux version 6.17.0-next-20250929 (user01@drvtest01) (arm-none-eabi-gcc (Arm GNU Toolchain 14.2.Rel1 (Build arm-14.52)) 14.2.1 20241119, GNU ld (Arm GNU Toolchain 14.2.Rel1 (Build arm-14.52)) 2.43.1.20241119) #1 SMP Mon Sep 29 19:05:53 EEST 2025
[    0.000000] CPU: ARMv7 Processor [413fc082] revision 2 (ARMv7), cr=10c5387d
[    0.000000] CPU: PIPT / VIPT nonaliasing data cache, VIPT aliasing instruction cache
[    0.000000] OF: fdt: Machine model: TI AM335x BeagleBone Black
[    0.000000] Memory policy: Data cache writeback
[    0.000000] cma: Reserved 16 MiB at 0x9e800000
[    0.000000] Zone ranges:
[    0.000000]   Normal   [mem 0x0000000080000000-0x000000009fdfffff]
[    0.000000]   HighMem  empty
[    0.000000] Movable zone start for each node
[    0.000000] Early memory node ranges
[    0.000000]   node   0: [mem 0x0000000080000000-0x000000009fdfffff]
[    0.000000] Initmem setup node 0 [mem 0x0000000080000000-0x000000009fdfffff]
[    0.000000] On node 0, zone Normal: 512 pages in unavailable ranges
[    0.000000] OF: reserved mem: Reserved memory: No reserved-memory node in the DT
[    0.000000] CPU: All CPU(s) started in SVC mode.
[    0.000000] AM335X ES2.1 (sgx neon)
[    0.000000] percpu: Embedded 17 pages/cpu s39884 r8192 d21556 u69632
[    0.000000] pcpu-alloc: s39884 r8192 d21556 u69632 alloc=17*4096
[    0.000000] pcpu-alloc: [0] 0 
[    0.000000] Kernel command line: console=ttyO0,115200n8 root=/dev/nfs rw nfsroot=192.168.255.126:/home/user01/nfs,nfsvers=3 ip=192.168.255.1:192.168.255.126::255.255.255.0:bbb1:eth0 nfsrootdebug
[    0.000000] Unknown kernel command line parameters "nfsrootdebug", will be passed to user space.
[    0.000000] printk: log buffer data + meta data: 65536 + 204800 = 270336 bytes
[    0.000000] Dentry cache hash table entries: 65536 (order: 6, 262144 bytes, linear)
[    0.000000] Inode-cache hash table entries: 32768 (order: 5, 131072 bytes, linear)
[    0.000000] Built 1 zonelists, mobility grouping on.  Total pages: 130560
[    0.000000] mem auto-init: stack:off, heap alloc:off, heap free:off
[    0.000000] SLUB: HWalign=16, Order=0-3, MinObjects=0, CPUs=1, Nodes=1
[    0.000000] rcu: Hierarchical RCU implementation.
[    0.000000] rcu: 	RCU event tracing is enabled.
[    0.000000] rcu: 	RCU restricting CPUs from NR_CPUS=2 to nr_cpu_ids=1.
[    0.000000] 	Tracing variant of Tasks RCU enabled.
[    0.000000] rcu: RCU calculated value of scheduler-enlistment delay is 10 jiffies.
[    0.000000] rcu: Adjusting geometry for rcu_fanout_leaf=16, nr_cpu_ids=1
[    0.000000] RCU Tasks Trace: Setting shift to 0 and lim to 1 rcu_task_cb_adjust=1 rcu_task_cpu_ids=1.
[    0.000000] NR_IRQS: 16, nr_irqs: 16, preallocated irqs: 16
[    0.000000] IRQ: Found an INTC at 0x(ptrval) (revision 5.0) with 128 interrupts
[    0.000000] rcu: srcu_init: Setting srcu_struct sizes based on contention.
[    0.000000] TI gptimer clocksource: always-on /ocp/interconnect@44c00000/segment@200000/target-module@31000
[    0.000002] sched_clock: 32 bits at 24MHz, resolution 41ns, wraps every 89478484971ns
[    0.000025] clocksource: dmtimer: mask: 0xffffffff max_cycles: 0xffffffff, max_idle_ns: 79635851949 ns
[    0.000495] TI gptimer clockevent: 24000000 Hz at /ocp/interconnect@48000000/segment@0/target-module@40000
[    0.002062] Console: colour dummy device 80x30
[    0.002130] WARNING: Your 'console=ttyO0' has been replaced by 'ttyS0'
[    0.002137] This ensures that you still see kernel messages. Please
[    0.002141] update your kernel commandline.
[    0.002186] Calibrating delay loop... 996.14 BogoMIPS (lpj=4980736)
[    0.090607] CPU: Testing write buffer coherency: ok
[    0.090688] CPU0: Spectre v2: using BPIALL workaround
[    0.090698] pid_max: default: 32768 minimum: 301
[    0.090873] LSM: initializing lsm=capability
[    0.091031] Mount-cache hash table entries: 1024 (order: 0, 4096 bytes, linear)
[    0.091051] Mountpoint-cache hash table entries: 1024 (order: 0, 4096 bytes, linear)
[    0.092633] CPU0: thread -1, cpu 0, socket -1, mpidr 0
[    0.092692] cacheinfo: Unable to detect cache hierarchy for CPU 0
[    0.094700] Setting up static identity map for 0x80100000 - 0x80100078
[    0.095012] rcu: Hierarchical SRCU implementation.
[    0.095024] rcu: 	Max phase no-delay instances is 1000.
[    0.096709] smp: Bringing up secondary CPUs ...
[    0.096761] smp: Brought up 1 node, 1 CPU
[    0.096773] SMP: Total of 1 processors activated (996.14 BogoMIPS).
[    0.096784] CPU: All CPU(s) started in SVC mode.
[    0.096982] Memory: 480864K/522240K available (11264K kernel code, 1226K rwdata, 2952K rodata, 1024K init, 256K bss, 23336K reserved, 16384K cma-reserved, 0K highmem)
[    0.097777] devtmpfs: initialized
[    0.115091] VFP support v0.3: implementor 41 architecture 3 part 30 variant c rev 3
[    0.115747] clocksource: jiffies: mask: 0xffffffff max_cycles: 0xffffffff, max_idle_ns: 19112604462750000 ns
[    0.115802] posixtimers hash table entries: 512 (order: 0, 4096 bytes, linear)
[    0.115829] futex hash table entries: 256 (16384 bytes on 1 NUMA nodes, total 16 KiB, linear).
[    0.116963] pinctrl core: initialized pinctrl subsystem
[    0.119041] NET: Registered PF_NETLINK/PF_ROUTE protocol family
[    0.122127] DMA: preallocated 256 KiB pool for atomic coherent allocations
[    0.122720] audit: initializing netlink subsys (disabled)
[    0.124062] thermal_sys: Registered thermal governor 'fair_share'
[    0.124076] thermal_sys: Registered thermal governor 'step_wise'
[    0.124085] thermal_sys: Registered thermal governor 'user_space'
[    0.124198] audit: type=2000 audit(0.120:1): state=initialized audit_enabled=0 res=1
[    0.124268] cpuidle: using governor menu
[    0.142161] /ocp/interconnect@44c00000/segment@200000/target-module@b000/i2c@0/tda19988@70: Fixed dependency cycle(s) with /ocp/interconnect@48000000/segment@300000/target-module@e000/lcdc@0
[    0.143272] /ocp/interconnect@48000000/segment@300000/target-module@e000/lcdc@0: Fixed dependency cycle(s) with /ocp/interconnect@44c00000/segment@200000/target-module@b000/i2c@0/tda19988@70
[    0.145463] No ATAGs?
[    0.145499] hw-breakpoint: debug architecture 0x4 unsupported.
[    0.148587] kprobes: kprobe jump-optimization is enabled. All kprobes are optimized if possible.
[    0.154377] iommu: Default domain type: Translated
[    0.154400] iommu: DMA domain TLB invalidation policy: strict mode
[    0.155953] reg-fixed-voltage fixedregulator0: using DT '/fixedregulator0' for '(default)' GPIO lookup
[    0.156007] of_get_named_gpiod_flags: can't parse 'gpios' property of node '/fixedregulator0[0]'
[    0.156035] of_get_named_gpiod_flags: can't parse 'gpio' property of node '/fixedregulator0[0]'
[    0.156054] reg-fixed-voltage fixedregulator0: using lookup tables for GPIO lookup
[    0.156065] reg-fixed-voltage fixedregulator0: No GPIO consumer (default) found
[    0.161562] SCSI subsystem initialized
[    0.162038] libata version 3.00 loaded.
[    0.162427] pps_core: LinuxPPS API ver. 1 registered
[    0.162438] pps_core: Software ver. 5.3.6 - Copyright 2005-2007 Rodolfo Giometti <giometti@linux.it>
[    0.162462] PTP clock support registered
[    0.170978] vgaarb: loaded
[    0.171361] clocksource: Switched to clocksource dmtimer
[    0.172029] VFS: Disk quotas dquot_6.6.0
[    0.172088] VFS: Dquot-cache hash table entries: 1024 (order 0, 4096 bytes)
[    0.194762] NET: Registered PF_INET protocol family
[    0.195103] IP idents hash table entries: 8192 (order: 4, 65536 bytes, linear)
[    0.196524] tcp_listen_portaddr_hash hash table entries: 512 (order: 0, 4096 bytes, linear)
[    0.196561] Table-perturb hash table entries: 65536 (order: 6, 262144 bytes, linear)
[    0.196578] TCP established hash table entries: 4096 (order: 2, 16384 bytes, linear)
[    0.196624] TCP bind hash table entries: 4096 (order: 4, 65536 bytes, linear)
[    0.196723] TCP: Hash tables configured (established 4096 bind 4096)
[    0.196847] UDP hash table entries: 256 (order: 1, 14336 bytes, linear)
[    0.196880] UDP-Lite hash table entries: 256 (order: 1, 14336 bytes, linear)
[    0.197084] NET: Registered PF_UNIX/PF_LOCAL protocol family
[    0.202180] RPC: Registered named UNIX socket transport module.
[    0.202202] RPC: Registered udp transport module.
[    0.202207] RPC: Registered tcp transport module.
[    0.202212] RPC: Registered tcp-with-tls transport module.
[    0.202216] RPC: Registered tcp NFSv4.1 backchannel transport module.
[    0.202242] PCI: CLS 0 bytes, default 64
[    0.203650] Initialise system trusted keyrings
[    0.211755] workingset: timestamp_bits=14 max_order=17 bucket_order=3
[    0.213218] NFS: Registering the id_resolver key type
[    0.213286] Key type id_resolver registered
[    0.213293] Key type id_legacy registered
[    0.213405] jffs2: version 2.2. (NAND) (SUMMARY)  Â© 2001-2006 Red Hat, Inc.
[    0.213865] Key type asymmetric registered
[    0.213882] Asymmetric key parser 'x509' registered
[    0.213953] io scheduler mq-deadline registered
[    0.213963] io scheduler kyber registered
[    0.214040] io scheduler bfq registered
[    0.215898] target-module@4b000000:target-module@140000:pmu@0:fck: device ID is greater than 24
[    0.221651] ledtrig-cpu: registered to indicate activity on CPUs
[    0.231840] Serial: 8250/16550 driver, 6 ports, IRQ sharing enabled
[    0.265332] brd: module loaded
[    0.292274] loop: module loaded
[    0.293214] mtdoops: mtd device (mtddev=name/number) must be supplied
[    0.294795] mdio_bus fixed-0: using lookup tables for GPIO lookup
[    0.294819] mdio_bus fixed-0: No GPIO consumer reset found
[    0.296225] i2c_dev: i2c /dev entries driver
[    0.297235] cpuidle: enable-method property 'ti,am3352' found operations
[    0.297686] sdhci: Secure Digital Host Controller Interface driver
[    0.297695] sdhci: Copyright(c) Pierre Ossman
[    0.297879] sdhci-pltfm: SDHCI platform and OF driver helper
[    0.313439] hw perfevents: enabled with armv7_cortex_a8 PMU driver, 5 (8000000f) counters available
[    0.314001] Initializing XFRM netlink socket
[    0.314176] NET: Registered PF_INET6 protocol family
[    0.316161] Segment Routing with IPv6
[    0.316242] In-situ OAM (IOAM) with IPv6
[    0.316339] sit: IPv6, IPv4 and MPLS over IPv4 tunneling driver
[    0.317304] NET: Registered PF_PACKET protocol family
[    0.317329] NET: Registered PF_KEY protocol family
[    0.317461] Key type dns_resolver registered
[    0.317694] ThumbEE CPU extension supported.
[    0.317713] Registering SWP/SWPB emulation handler
[    0.318237] omap_voltage_late_init: Voltage driver support not added
[    0.318911] SmartReflex Class3 initialized
[    0.343244] Loading compiled-in X.509 certificates
[    0.379934] /ocp/interconnect@44c00000/segment@200000/target-module@b000/i2c@0/tda19988@70: Fixed dependency cycle(s) with /ocp/interconnect@48000000/segment@300000/target-module@e000/lcdc@0
[    0.386460] /ocp/interconnect@44c00000/segment@200000/target-module@b000/i2c@0/tda19988@70: Fixed dependency cycle(s) with /ocp/interconnect@48000000/segment@300000/target-module@e000/lcdc@0
[    0.392136] gpiochip_find_base_unlocked: found new base at 512
[    0.429080] /ocp/interconnect@44c00000/segment@200000/target-module@b000/i2c@0/tda19988@70: Fixed dependency cycle(s) with /ocp/interconnect@48000000/segment@300000/target-module@e000/lcdc@0
[    0.429976] /ocp/interconnect@44c00000/segment@200000/target-module@b000/i2c@0/tda19988@70: Fixed dependency cycle(s) with /ocp/interconnect@48000000/segment@300000/target-module@e000/lcdc@0
[    0.433771] /ocp/interconnect@44c00000/segment@200000/target-module@10000/scm@0/pinmux@800: Fixed dependency cycle(s) with /ocp/interconnect@44c00000/segment@200000/target-module@10000/scm@0/pinmux@800/clkout2-pins
[    0.434358] pinctrl-single 44e10800.pinmux: 142 pins, size 568
[    0.439641] ti-sysc 44e31000.target-module: probe with driver ti-sysc failed with error -16
[    0.468999] /ocp/interconnect@48000000/segment@300000/target-module@e000/lcdc@0: Fixed dependency cycle(s) with /ocp/interconnect@44c00000/segment@200000/target-module@b000/i2c@0/tda19988@70
[    0.477283] ti-sysc 48040000.target-module: probe with driver ti-sysc failed with error -16
[    0.488826] gpiochip_find_base_unlocked: found new base at 512
[    0.488926] gpio gpiochip0: (gpio-0-31): created GPIO range 0->7 ==> 44e10800.pinmux PIN 0->7
[    0.488946] gpio gpiochip0: (gpio-0-31): created GPIO range 8->11 ==> 44e10800.pinmux PIN 90->93
[    0.488961] gpio gpiochip0: (gpio-0-31): created GPIO range 12->27 ==> 44e10800.pinmux PIN 12->27
[    0.488977] gpio gpiochip0: (gpio-0-31): created GPIO range 28->31 ==> 44e10800.pinmux PIN 30->33
[    0.513542] gpio gpiochip0: (gpio-0-31): added GPIO chardev (254:0)
[    0.513778] gpio gpiochip0: registered GPIOs 512 to 543 on gpio-0-31
[    0.513866] OMAP GPIO hardware version 0.1
[    0.560290] i2c i2c-2: using DT '/ocp/interconnect@48000000/segment@100000/target-module@9c000/i2c@0' for 'scl' GPIO lookup
[    0.560363] of_get_named_gpiod_flags: can't parse 'scl-gpios' property of node '/ocp/interconnect@48000000/segment@100000/target-module@9c000/i2c@0[0]'
[    0.560404] of_get_named_gpiod_flags: can't parse 'scl-gpio' property of node '/ocp/interconnect@48000000/segment@100000/target-module@9c000/i2c@0[0]'
[    0.560440] i2c i2c-2: using lookup tables for GPIO lookup
[    0.560450] i2c i2c-2: No GPIO consumer scl found
[    0.560473] i2c i2c-2: using DT '/ocp/interconnect@48000000/segment@100000/target-module@9c000/i2c@0' for 'sda' GPIO lookup
[    0.560507] of_get_named_gpiod_flags: can't parse 'sda-gpios' property of node '/ocp/interconnect@48000000/segment@100000/target-module@9c000/i2c@0[0]'
[    0.560544] of_get_named_gpiod_flags: can't parse 'sda-gpio' property of node '/ocp/interconnect@48000000/segment@100000/target-module@9c000/i2c@0[0]'
[    0.560574] i2c i2c-2: using lookup tables for GPIO lookup
[    0.560582] i2c i2c-2: No GPIO consumer sda found
[    0.561431] omap_i2c 4819c000.i2c: bus 2 rev0.11 at 100 kHz
[    0.567078] gpiochip_find_base_unlocked: found new base at 544
[    0.567190] gpio gpiochip1: (gpio-32-63): created GPIO range 0->17 ==> 44e10800.pinmux PIN 34->51
[    0.567210] gpio gpiochip1: (gpio-32-63): created GPIO range 18->21 ==> 44e10800.pinmux PIN 77->80
[    0.567226] gpio gpiochip1: (gpio-32-63): created GPIO range 22->31 ==> 44e10800.pinmux PIN 56->65
[    0.568038] gpio gpiochip1: (gpio-32-63): added GPIO chardev (254:1)
[    0.568258] gpio gpiochip1: registered GPIOs 544 to 575 on gpio-32-63
[    0.570495] gpiochip_find_base_unlocked: found new base at 576
[    0.570586] gpio gpiochip2: (gpio-64-95): created GPIO range 0->4 ==> 44e10800.pinmux PIN 66->70
[    0.570605] gpio gpiochip2: (gpio-64-95): created GPIO range 5->6 ==> 44e10800.pinmux PIN 98->99
[    0.570621] gpio gpiochip2: (gpio-64-95): created GPIO range 7->8 ==> 44e10800.pinmux PIN 75->76
[    0.570636] gpio gpiochip2: (gpio-64-95): created GPIO range 13->13 ==> 44e10800.pinmux PIN 141->141
[    0.570653] gpio gpiochip2: (gpio-64-95): created GPIO range 14->21 ==> 44e10800.pinmux PIN 100->107
[    0.571273] gpio gpiochip2: (gpio-64-95): added GPIO chardev (254:2)
[    0.571653] gpio gpiochip2: registered GPIOs 576 to 607 on gpio-64-95
[    0.577244] 48000000.interconnect:segment@200000:target-module@0:mpu@0:fck: device ID is greater than 24
[    0.578135] /ocp/interconnect@48000000/segment@300000/target-module@e000/lcdc@0: Fixed dependency cycle(s) with /ocp/interconnect@44c00000/segment@200000/target-module@b000/i2c@0/tda19988@70
[    0.580955] /ocp/interconnect@48000000/segment@300000/target-module@e000/lcdc@0: Fixed dependency cycle(s) with /ocp/interconnect@44c00000/segment@200000/target-module@b000/i2c@0/tda19988@70
[    0.581858] /ocp/interconnect@44c00000/segment@200000/target-module@b000/i2c@0/tda19988@70: Fixed dependency cycle(s) with /ocp/interconnect@48000000/segment@300000/target-module@e000/lcdc@0
[    0.582033] /ocp/interconnect@48000000/segment@300000/target-module@e000/lcdc@0: Fixed dependency cycle(s) with /ocp/interconnect@44c00000/segment@200000/target-module@b000/i2c@0/tda19988@70
[    0.589448] sdhci-omap 481d8000.mmc: using DT '/ocp/interconnect@48000000/segment@100000/target-module@d8000/mmc@0' for 'wp' GPIO lookup
[    0.589518] of_get_named_gpiod_flags: can't parse 'wp-gpios' property of node '/ocp/interconnect@48000000/segment@100000/target-module@d8000/mmc@0[0]'
[    0.589561] of_get_named_gpiod_flags: can't parse 'wp-gpio' property of node '/ocp/interconnect@48000000/segment@100000/target-module@d8000/mmc@0[0]'
[    0.589597] sdhci-omap 481d8000.mmc: using lookup tables for GPIO lookup
[    0.589608] sdhci-omap 481d8000.mmc: No GPIO consumer wp found
[    0.589802] sdhci-omap 481d8000.mmc: supply pbias not found, using dummy regulator
[    0.590288] sdhci-omap 481d8000.mmc: supply vqmmc not found, using dummy regulator
[    0.626007] mdio_bus 4a101000.mdio: using DT '/ocp/interconnect@4a000000/segment@0/target-module@100000/switch@0/mdio@1000' for 'reset' GPIO lookup
[    0.626078] of_get_named_gpiod_flags: can't parse 'reset-gpios' property of node '/ocp/interconnect@4a000000/segment@0/target-module@100000/switch@0/mdio@1000[0]'
[    0.626124] of_get_named_gpiod_flags: can't parse 'reset-gpio' property of node '/ocp/interconnect@4a000000/segment@0/target-module@100000/switch@0/mdio@1000[0]'
[    0.626171] mdio_bus 4a101000.mdio: using lookup tables for GPIO lookup
[    0.626181] mdio_bus 4a101000.mdio: No GPIO consumer reset found
[    0.679062] davinci_mdio 4a101000.mdio: davinci mdio revision 1.6, bus freq 1000000
[    0.714983] mdio_bus 4a101000.mdio:00: using DT '/ocp/interconnect@4a000000/segment@0/target-module@100000/switch@0/mdio@1000/ethernet-phy@0' for 'reset' GPIO lookup
[    0.715083] of_get_named_gpiod_flags: parsed 'reset-gpios' property of node '/ocp/interconnect@4a000000/segment@0/target-module@100000/switch@0/mdio@1000/ethernet-phy@0[0]' - status (0)
[    0.715250] gpio gpiochip0: Persistence not supported for GPIO 8
[    0.840793] davinci_mdio 4a101000.mdio: phy[0]: device 4a101000.mdio:00, driver SMSC LAN8710/LAN8720
[    0.841699] cpsw-switch 4a100000.switch: initialized cpsw ale version 1.4
[    0.841723] cpsw-switch 4a100000.switch: ALE Table size 1024, Policers 0
[    0.855722] cpsw-switch 4a100000.switch: cpts: overflow check period 500 (jiffies)
[    0.855746] cpsw-switch 4a100000.switch: CPTS: ref_clk_freq:250000000 calc_mult:2147483648 calc_shift:29 error:0 nsec/sec
[    0.855851] cpsw-switch 4a100000.switch: Detected MACID = 6c:ec:eb:68:de:78
[    0.857703] cpsw-switch 4a100000.switch: initialized (regs 0x4a100000, pool size 256) hw_ver:0019010C 1.12 (0)
[    0.888014] debugfs: '49000000.dma' already exists in 'dmaengine'
[    0.888059] edma 49000000.dma: TI EDMA DMA engine driver
[    0.938015] gpio-clk clk_mcasp0: using DT '/clk_mcasp0' for 'enable' GPIO lookup
[    0.938092] of_get_named_gpiod_flags: parsed 'enable-gpios' property of node '/clk_mcasp0[0]' - status (0)
[    0.938139] gpio gpiochip0: Persistence not supported for GPIO 27
[    0.938904] gpiochip_find_base_unlocked: found new base at 608
[    0.939018] gpio gpiochip3: (gpio-96-127): created GPIO range 0->7 ==> 44e10800.pinmux PIN 82->89
[    0.939037] gpio gpiochip3: (gpio-96-127): created GPIO range 8->11 ==> 44e10800.pinmux PIN 52->55
[    0.939053] gpio gpiochip3: (gpio-96-127): created GPIO range 12->15 ==> 44e10800.pinmux PIN 94->97
[    0.939069] gpio gpiochip3: (gpio-96-127): created GPIO range 16->17 ==> 44e10800.pinmux PIN 71->72
[    0.939085] gpio gpiochip3: (gpio-96-127): created GPIO range 18->18 ==> 44e10800.pinmux PIN 135->135
[    0.939102] gpio gpiochip3: (gpio-96-127): created GPIO range 19->20 ==> 44e10800.pinmux PIN 108->109
[    0.939118] gpio gpiochip3: (gpio-96-127): created GPIO range 21->21 ==> 44e10800.pinmux PIN 73->73
[    0.939135] gpio gpiochip3: (gpio-96-127): created GPIO range 22->23 ==> 44e10800.pinmux PIN 8->9
[    0.939153] gpio gpiochip3: (gpio-96-127): created GPIO range 26->27 ==> 44e10800.pinmux PIN 10->11
[    0.939170] gpio gpiochip3: (gpio-96-127): created GPIO range 28->28 ==> 44e10800.pinmux PIN 74->74
[    0.939188] gpio gpiochip3: (gpio-96-127): created GPIO range 29->29 ==> 44e10800.pinmux PIN 81->81
[    0.939208] gpio gpiochip3: (gpio-96-127): created GPIO range 30->31 ==> 44e10800.pinmux PIN 28->29
[    0.940259] gpio gpiochip3: (gpio-96-127): added GPIO chardev (254:3)
[    0.940489] gpio gpiochip3: registered GPIOs 608 to 639 on gpio-96-127
[    0.955634] omap8250 44e09000.serial: using DT '/ocp/interconnect@44c00000/segment@200000/target-module@9000/serial@0' for 'rs485-term' GPIO lookup
[    0.955708] of_get_named_gpiod_flags: can't parse 'rs485-term-gpios' property of node '/ocp/interconnect@44c00000/segment@200000/target-module@9000/serial@0[0]'
[    0.955751] of_get_named_gpiod_flags: can't parse 'rs485-term-gpio' property of node '/ocp/interconnect@44c00000/segment@200000/target-module@9000/serial@0[0]'
[    0.955789] omap8250 44e09000.serial: using lookup tables for GPIO lookup
[    0.955799] omap8250 44e09000.serial: No GPIO consumer rs485-term found
[    0.955810] omap8250 44e09000.serial: using DT '/ocp/interconnect@44c00000/segment@200000/target-module@9000/serial@0' for 'rs485-rx-during-tx' GPIO lookup
[    0.955846] of_get_named_gpiod_flags: can't parse 'rs485-rx-during-tx-gpios' property of node '/ocp/interconnect@44c00000/segment@200000/target-module@9000/serial@0[0]'
[    0.955882] of_get_named_gpiod_flags: can't parse 'rs485-rx-during-tx-gpio' property of node '/ocp/interconnect@44c00000/segment@200000/target-module@9000/serial@0[0]'
[    0.955913] omap8250 44e09000.serial: using lookup tables for GPIO lookup
[    0.955921] omap8250 44e09000.serial: No GPIO consumer rs485-rx-during-tx found
[    0.956381] 44e09000.serial: ttyS0 at MMIO 0x44e09000 (irq = 34, base_baud = 3000000) is a 8250
[    0.956470] printk: legacy console [ttyS0] enabled
[    2.418691] i2c i2c-0: using DT '/ocp/interconnect@44c00000/segment@200000/target-module@b000/i2c@0' for 'scl' GPIO lookup
[    2.418779] of_get_named_gpiod_flags: can't parse 'scl-gpios' property of node '/ocp/interconnect@44c00000/segment@200000/target-module@b000/i2c@0[0]'
[    2.418826] of_get_named_gpiod_flags: can't parse 'scl-gpio' property of node '/ocp/interconnect@44c00000/segment@200000/target-module@b000/i2c@0[0]'
[    2.418867] i2c i2c-0: using lookup tables for GPIO lookup
[    2.418881] i2c i2c-0: No GPIO consumer scl found
[    2.418906] i2c i2c-0: using DT '/ocp/interconnect@44c00000/segment@200000/target-module@b000/i2c@0' for 'sda' GPIO lookup
[    2.418945] of_get_named_gpiod_flags: can't parse 'sda-gpios' property of node '/ocp/interconnect@44c00000/segment@200000/target-module@b000/i2c@0[0]'
[    2.418985] of_get_named_gpiod_flags: can't parse 'sda-gpio' property of node '/ocp/interconnect@44c00000/segment@200000/target-module@b000/i2c@0[0]'
[    2.419020] i2c i2c-0: using lookup tables for GPIO lookup
[    2.419032] i2c i2c-0: No GPIO consumer sda found
[    2.432394] tps65217-pmic: Failed to locate of_node [id: -1]
[    2.438467] tps65217-bl: Failed to locate of_node [id: -1]
[    2.444563] platform tps65217-charger: DMA mask not set
[    2.450617] platform tps65217-pwrbutton: DMA mask not set
[    2.457867] tps65217 0-0024: TPS65217 ID 0xe version 1.2
[    2.463986] /ocp/interconnect@48000000/segment@300000/target-module@e000/lcdc@0: Fixed dependency cycle(s) with /ocp/interconnect@44c00000/segment@200000/target-module@b000/i2c@0/tda19988@70
[    2.481447] /ocp/interconnect@44c00000/segment@200000/target-module@b000/i2c@0/tda19988@70: Fixed dependency cycle(s) with /ocp/interconnect@48000000/segment@300000/target-module@e000/lcdc@0
[    2.498801] omap_i2c 44e0b000.i2c: bus 0 rev0.11 at 400 kHz
[    2.506585] sdhci-omap 48060000.mmc: using DT '/ocp/interconnect@48000000/segment@0/target-module@60000/mmc@0' for 'cd' GPIO lookup
[    2.506692] of_get_named_gpiod_flags: parsed 'cd-gpios' property of node '/ocp/interconnect@48000000/segment@0/target-module@60000/mmc@0[0]' - status (0)
[    2.506759] gpio gpiochip3: Persistence not supported for GPIO 6
[    2.506786] omap_gpio 44e07000.gpio: Could not set line 6 debounce to 200000 microseconds (-22)
[    2.515667] sdhci-omap 48060000.mmc: Got CD GPIO
[    2.520317] sdhci-omap 48060000.mmc: using DT '/ocp/interconnect@48000000/segment@0/target-module@60000/mmc@0' for 'wp' GPIO lookup
[    2.520365] of_get_named_gpiod_flags: can't parse 'wp-gpios' property of node '/ocp/interconnect@48000000/segment@0/target-module@60000/mmc@0[0]'
[    2.520408] of_get_named_gpiod_flags: can't parse 'wp-gpio' property of node '/ocp/interconnect@48000000/segment@0/target-module@60000/mmc@0[0]'
[    2.520447] sdhci-omap 48060000.mmc: using lookup tables for GPIO lookup
[    2.520461] sdhci-omap 48060000.mmc: No GPIO consumer wp found
[    2.520676] sdhci-omap 48060000.mmc: supply pbias not found, using dummy regulator
[    2.529532] sdhci-omap 481d8000.mmc: using DT '/ocp/interconnect@48000000/segment@100000/target-module@d8000/mmc@0' for 'wp' GPIO lookup
[    2.529606] of_get_named_gpiod_flags: can't parse 'wp-gpios' property of node '/ocp/interconnect@48000000/segment@100000/target-module@d8000/mmc@0[0]'
[    2.529654] of_get_named_gpiod_flags: can't parse 'wp-gpio' property of node '/ocp/interconnect@48000000/segment@100000/target-module@d8000/mmc@0[0]'
[    2.529693] sdhci-omap 481d8000.mmc: using lookup tables for GPIO lookup
[    2.529708] sdhci-omap 481d8000.mmc: No GPIO consumer wp found
[    2.530692] sdhci-omap 48060000.mmc: supply vqmmc not found, using dummy regulator
[    2.539747] sdhci-omap 481d8000.mmc: supply pbias not found, using dummy regulator
[    2.550112] sdhci-omap 481d8000.mmc: supply vqmmc not found, using dummy regulator
[    2.585286] mmc0: SDHCI controller on 48060000.mmc [48060000.mmc] using External DMA
[    2.593544] mmc1: SDHCI controller on 481d8000.mmc [481d8000.mmc] using External DMA
[    2.602318] cpsw-switch 4a100000.switch: starting ndev. mode: dual_mac
[    2.671653] mmc1: new high speed MMC card at address 0001
[    2.678489] mmcblk1: mmc1:0001 MMC04G 3.60 GiB
[    2.686421]  mmcblk1: p1 p2
[    2.690157] SMSC LAN8710/LAN8720 4a101000.mdio:00: attached PHY driver (mii_bus:phy_addr=4a101000.mdio:00, irq=POLL)
[    2.702768] mmcblk1boot0: mmc1:0001 MMC04G 2.00 MiB
[    2.716604] mmcblk1boot1: mmc1:0001 MMC04G 2.00 MiB
[    2.725634] mmcblk1rpmb: mmc1:0001 MMC04G 128 KiB, chardev (249:0)
[    2.774890] mmc0: new high speed SDHC card at address aaaa
[    2.781815] mmcblk0: mmc0:aaaa SE32G 29.7 GiB
[    2.790917]  mmcblk0: p1 p2
[    5.842117] cpsw-switch 4a100000.switch eth0: Link is Up - 100Mbps/Full - flow control off
[    5.871370] IP-Config: Complete:
[    5.874643]      device=eth0, hwaddr=6c:ec:eb:68:de:78, ipaddr=192.168.255.1, mask=255.255.255.0, gw=255.255.255.255
[    5.885288]      host=bbb1, domain=, nis-domain=(none)
[    5.890456]      bootserver=192.168.255.126, rootserver=192.168.255.126, rootpath=
[    5.890887] clk: Disabling unused clocks
[    5.902748] PM: genpd: Disabling unused power domains
[    5.907901] KTAP version 1
[    5.910625] 1..0
[    5.913355] check access for rdinit=/init failed: -2, ignoring
[    5.949601] VFS: Mounted root (nfs filesystem) on device 0:17.
[    5.956618] devtmpfs: mounted
[    5.961106] Freeing unused kernel image (initmem) memory: 1024K
[    5.967997] Run /sbin/init as init process
[    5.972221]   with arguments:
[    5.972236]     /sbin/init
[    5.972246]     nfsrootdebug
[    5.972255]   with environment:
[    5.972264]     HOME=/
[    5.972273]     TERM=linux
[    6.645892] systemd[1]: System time before build time, advancing clock.
[    8.171381] random: crng init done
[    8.204081] systemd[1]: systemd 232 running in system mode. (+PAM +AUDIT +SELINUX +IMA +APPARMOR +SMACK +SYSVINIT +UTMP +LIBCRYPTSETUP +GCRYPT +GNUTLS +ACL +XZ +LZ4 +SECCOMP +BLKID +ELFUTILS +KMOD +IDN)
[    8.223186] systemd[1]: Detected architecture arm.
[    8.254517] systemd[1]: Set hostname to <arm>.
[    9.352107] systemd[1]: syslog.socket: SO_PASSSEC failed: Operation not supported
[    9.359858] systemd[1]: Listening on Syslog Socket.
[    9.382889] systemd[1]: Created slice System Slice.
[    9.412102] systemd[1]: Listening on udev Kernel Socket.
[    9.442056] systemd[1]: systemd-journald-dev-log.socket: SO_PASSSEC failed: Operation not supported
[    9.451523] systemd[1]: Listening on Journal Socket (/dev/log).
[    9.483376] systemd[1]: Listening on udev Control Socket.
[   11.880483] systemd-journald[84]: Received request to flush runtime journal from PID 1
[   12.641994] omap_prm 44e00d00.prm: sync_state() pending due to 44d00000.cpu
[   14.520413] leds-gpio leds: using DT '/leds/led2' for '(default)' GPIO lookup
[   14.520515] of_get_named_gpiod_flags: parsed 'gpios' property of node '/leds/led2[0]' - status (0)
[   14.520572] gpio gpiochip0: Persistence not supported for GPIO 21
[   14.520587] gpio-533 (?): no flags found for GPIO (default)
[   14.607748] leds-gpio leds: using DT '/leds/led3' for '(default)' GPIO lookup
[   14.607857] of_get_named_gpiod_flags: parsed 'gpios' property of node '/leds/led3[0]' - status (0)
[   14.608016] gpio gpiochip0: Persistence not supported for GPIO 22
[   14.608036] gpio-534 (?): no flags found for GPIO (default)
[   14.644719] leds-gpio leds: using DT '/leds/led4' for '(default)' GPIO lookup
[   14.644830] of_get_named_gpiod_flags: parsed 'gpios' property of node '/leds/led4[0]' - status (0)
[   14.644884] gpio gpiochip0: Persistence not supported for GPIO 23
[   14.644899] gpio-535 (?): no flags found for GPIO (default)
[   14.671689] leds-gpio leds: using DT '/leds/led5' for '(default)' GPIO lookup
[   14.671790] of_get_named_gpiod_flags: parsed 'gpios' property of node '/leds/led5[0]' - status (0)
[   14.671843] gpio gpiochip0: Persistence not supported for GPIO 24
[   14.671859] gpio-536 (?): no flags found for GPIO (default)
[   14.995366] remoteproc remoteproc0: wkup_m3 is available
[   15.154746] am335x-phy-driver 47401300.usb-phy: using DT '/ocp/target-module@47400000/usb-phy@1300' for 'reset' GPIO lookup
[   15.154848] of_get_named_gpiod_flags: can't parse 'reset-gpios' property of node '/ocp/target-module@47400000/usb-phy@1300[0]'
[   15.154895] of_get_named_gpiod_flags: can't parse 'reset-gpio' property of node '/ocp/target-module@47400000/usb-phy@1300[0]'
[   15.154933] am335x-phy-driver 47401300.usb-phy: using lookup tables for GPIO lookup
[   15.154949] am335x-phy-driver 47401300.usb-phy: No GPIO consumer reset found
[   15.154965] am335x-phy-driver 47401300.usb-phy: using DT '/ocp/target-module@47400000/usb-phy@1300' for 'vbus-detect' GPIO lookup
[   15.154997] of_get_named_gpiod_flags: can't parse 'vbus-detect-gpios' property of node '/ocp/target-module@47400000/usb-phy@1300[0]'
[   15.155030] of_get_named_gpiod_flags: can't parse 'vbus-detect-gpio' property of node '/ocp/target-module@47400000/usb-phy@1300[0]'
[   15.155056] am335x-phy-driver 47401300.usb-phy: using lookup tables for GPIO lookup
[   15.155069] am335x-phy-driver 47401300.usb-phy: No GPIO consumer vbus-detect found
[   15.155219] am335x-phy-driver 47401300.usb-phy: dummy supplies not allowed for exclusive requests (id=vbus)
[   15.241154] usbcore: registered new interface driver usbfs
[   15.247028] usbcore: registered new interface driver hub
[   15.252575] usbcore: registered new device driver usb
[   15.347331] am335x-phy-driver 47401b00.usb-phy: using DT '/ocp/target-module@47400000/usb-phy@1b00' for 'reset' GPIO lookup
[   15.347422] of_get_named_gpiod_flags: can't parse 'reset-gpios' property of node '/ocp/target-module@47400000/usb-phy@1b00[0]'
[   15.347464] of_get_named_gpiod_flags: can't parse 'reset-gpio' property of node '/ocp/target-module@47400000/usb-phy@1b00[0]'
[   15.347503] am335x-phy-driver 47401b00.usb-phy: using lookup tables for GPIO lookup
[   15.347519] am335x-phy-driver 47401b00.usb-phy: No GPIO consumer reset found
[   15.347534] am335x-phy-driver 47401b00.usb-phy: using DT '/ocp/target-module@47400000/usb-phy@1b00' for 'vbus-detect' GPIO lookup
[   15.347565] of_get_named_gpiod_flags: can't parse 'vbus-detect-gpios' property of node '/ocp/target-module@47400000/usb-phy@1b00[0]'
[   15.347599] of_get_named_gpiod_flags: can't parse 'vbus-detect-gpio' property of node '/ocp/target-module@47400000/usb-phy@1b00[0]'
[   15.347624] am335x-phy-driver 47401b00.usb-phy: using lookup tables for GPIO lookup
[   15.347637] am335x-phy-driver 47401b00.usb-phy: No GPIO consumer vbus-detect found
[   15.347785] am335x-phy-driver 47401b00.usb-phy: dummy supplies not allowed for exclusive requests (id=vbus)
[   15.448286] at24 2-0054: supply vcc not found, using dummy regulator
[   15.576933] at24 2-0055: supply vcc not found, using dummy regulator
[   15.678630] at24 2-0056: supply vcc not found, using dummy regulator
[   15.814849] at24 2-0057: supply vcc not found, using dummy regulator
[   15.863145] musb-hdrc musb-hdrc.1: MUSB HDRC host driver
[   15.868783] musb-hdrc musb-hdrc.1: new USB bus registered, assigned bus number 1
[   15.914716] at24 0-0050: using DT '/ocp/interconnect@44c00000/segment@200000/target-module@b000/i2c@0/eeprom@50' for 'wp' GPIO lookup
[   15.914829] of_get_named_gpiod_flags: can't parse 'wp-gpios' property of node '/ocp/interconnect@44c00000/segment@200000/target-module@b000/i2c@0/eeprom@50[0]'
[   15.914888] of_get_named_gpiod_flags: can't parse 'wp-gpio' property of node '/ocp/interconnect@44c00000/segment@200000/target-module@b000/i2c@0/eeprom@50[0]'
[   15.914935] at24 0-0050: using lookup tables for GPIO lookup
[   15.914950] at24 0-0050: No GPIO consumer wp found
[   15.915289] at24 0-0050: 32768 byte 24c256 EEPROM, writable, 1 bytes/write
[   16.036402] input: tps65217_pwrbutton as /devices/platform/ocp/44c00000.interconnect/44c00000.interconnect:segment@200000/44e0b000.target-module/44e0b000.i2c/i2c-0/0-0024/tps65217-pwrbutton/input/input0
[   16.121858] usb usb1: New USB device found, idVendor=1d6b, idProduct=0002, bcdDevice= 6.17
[   16.130338] usb usb1: New USB device strings: Mfr=3, Product=2, SerialNumber=1
[   16.137713] usb usb1: Product: MUSB HDRC host driver
[   16.142736] usb usb1: Manufacturer: Linux 6.17.0-next-20250929 musb-hcd
[   16.149388] usb usb1: SerialNumber: musb-hdrc.1
[   16.491933] hub 1-0:1.0: USB hub found
[   16.536280] hub 1-0:1.0: 1 port detected
[   17.124411] omap_rtc 44e3e000.rtc: registered as rtc0
[   17.129834] omap_rtc 44e3e000.rtc: setting system clock to 2000-01-01T00:00:00 UTC (946684800)
[   17.138688] omap_rtc 44e3e000.rtc: using DT '/ocp/interconnect@44c00000/segment@200000/target-module@3e000/rtc@0' for 'wp' GPIO lookup
[   17.138761] of_get_named_gpiod_flags: can't parse 'wp-gpios' property of node '/ocp/interconnect@44c00000/segment@200000/target-module@3e000/rtc@0[0]'
[   17.138811] of_get_named_gpiod_flags: can't parse 'wp-gpio' property of node '/ocp/interconnect@44c00000/segment@200000/target-module@3e000/rtc@0[0]'
[   17.138853] omap_rtc 44e3e000.rtc: using lookup tables for GPIO lookup
[   17.138869] omap_rtc 44e3e000.rtc: No GPIO consumer wp found
[   17.234246] omap_wdt: OMAP Watchdog Timer Rev 0x01: initial timeout 60 sec
[   17.968230] omap-mailbox 480c8000.mailbox: omap mailbox rev 0x400
[   18.100035] remoteproc remoteproc0: powering up wkup_m3
[   18.318095] remoteproc remoteproc0: Direct firmware load for am335x-pm-firmware.elf failed with error -2
[   18.328660] remoteproc remoteproc0: request_firmware failed: -2
[   18.334771] wkup_m3_ipc 44e11324.wkup_m3_ipc: rproc_boot failed
[   18.456961] tda998x 0-0070: found TDA19988
[   20.746340] omap_rng 48310000.rng: Random Number Generator ver. 20
[   20.886657] tilcdc 4830e000.lcdc: bound 0-0070 (ops tda998x_audio_codec_init [tda998x])
[   20.993467] [drm] Initialized tilcdc 1.0.0 for 4830e000.lcdc on minor 0
[   21.079028] tilcdc 4830e000.lcdc: [drm] Cannot find any crtc or sizes
[   21.112597] tilcdc 4830e000.lcdc: [drm] Cannot find any crtc or sizes
[   22.038174] omap-sham 53100000.sham: hw accel on OMAP rev 4.3
[   22.046116] PM: Cannot get wkup_m3_ipc handle
[   22.180422] omap-aes 53500000.aes: OMAP AES hw accel rev: 3.2
[   22.226734] omap-sham 53100000.sham: will run requests pump with realtime priority
[   22.236217] PM: Cannot get wkup_m3_ipc handle
[   22.361594] omap-aes 53500000.aes: will run requests pump with realtime priority
[   22.372607] PM: Cannot get wkup_m3_ipc handle
[   23.673439] Bluetooth: Core ver 2.22
[   23.677277] NET: Registered PF_BLUETOOTH protocol family
[   23.682835] Bluetooth: HCI device and connection manager initialized
[   23.689252] Bluetooth: HCI socket layer initialized
[   23.694266] Bluetooth: L2CAP socket layer initialized
[   23.699385] Bluetooth: SCO socket layer initialized
[   24.643286] ------------[ cut here ]------------
[   24.647989] WARNING: net/8021q/vlan_core.c:236 at vlan_for_each+0x114/0x134, CPU#0: avahi-daemon/293
[   24.657334] RTNL: assertion failed at net/8021q/vlan_core.c (236)
[   24.663532] Modules linked in: bluetooth snd_soc_simple_card snd_soc_simple_card_utils ecdh_generic omap_aes_driver ecc pm33xx omap_sham omap_crypto libaes ti_emif_sram crypto_engine tilcdc omap_rng drm_dma_helper drm_client_lib rng_core snd_soc_davinci_mcasp snd_soc_ti_udma snd_soc_ti_edma snd_soc_ti_sdma snd_soc_core snd_pcm_dmaengine snd_pcm snd_timer tda998x snd omap_mailbox soundcore cec drm_kms_helper omap_wdt rtc_omap watchdog drm wkup_m3_ipc drm_panel_orientation_quirks tps65218_pwrbutton musb_dsps musb_hdrc at24 udc_core usbcore phy_am335x phy_am335x_control wkup_m3_rproc phy_generic usb_common cppi41 leds_gpio led_class cpufreq_dt autofs4
[   24.721600] CPU: 0 UID: 107 PID: 293 Comm: avahi-daemon Not tainted 6.17.0-next-20250929 #1 NONE 
[   24.721618] Hardware name: Generic AM33XX (Flattened Device Tree)
[   24.721627] Call trace: 
[   24.721641]  unwind_backtrace from show_stack+0x10/0x14
[   24.721678]  show_stack from dump_stack_lvl+0x50/0x64
[   24.721703]  dump_stack_lvl from __warn+0x88/0x148
[   24.721722]  __warn from warn_slowpath_fmt+0x19c/0x1b0
[   24.721735]  warn_slowpath_fmt from vlan_for_each+0x114/0x134
[   24.721756]  vlan_for_each from cpsw_add_mc_addr+0x40/0xa4
[   24.721780]  cpsw_add_mc_addr from __hw_addr_ref_sync_dev+0x108/0x140
[   24.721810]  __hw_addr_ref_sync_dev from __dev_mc_add+0x7c/0x80
[   24.721832]  __dev_mc_add from igmp6_group_added+0xc8/0xe0
[   24.721860]  igmp6_group_added from __ipv6_dev_mc_inc+0x218/0x364
[   24.721878]  __ipv6_dev_mc_inc from __ipv6_sock_mc_join+0x11c/0x1c0
[   24.721896]  __ipv6_sock_mc_join from do_ipv6_setsockopt+0x1214/0x1310
[   24.721927]  do_ipv6_setsockopt from ipv6_setsockopt+0x60/0xcc
[   24.721948]  ipv6_setsockopt from udpv6_setsockopt+0x2c/0x6c
[   24.721972]  udpv6_setsockopt from sock_common_setsockopt+0x30/0x40
[   24.722005]  sock_common_setsockopt from do_sock_setsockopt+0x50/0x9c
[   24.722026]  do_sock_setsockopt from __sys_setsockopt+0x70/0xbc
[   24.722046]  __sys_setsockopt from ret_fast_syscall+0x0/0x58
[   24.722062] Exception stack(0xe0191fa8 to 0xe0191ff0)
[   24.722077] 1fa0:                   00000014 b6f0ace8 0000000d 00000029 00000014 befa19ec
[   24.722089] 1fc0: 00000014 b6f0ace8 00000014 00000126 0000000d b6eb3ff4 0044e988 00436558
[   24.722097] 1fe0: b6ec9088 befa19d8 b6ea6309 b6d7d41a
[   24.722105] ---[ end trace 0000000000000000 ]---
[   26.154339] PM: Cannot get wkup_m3_ipc handle
[   26.160143] asoc-simple-card sound: using DT '/sound' for 'simple-audio-card,hp-det' GPIO lookup
[   26.160214] of_get_named_gpiod_flags: can't parse 'simple-audio-card,hp-det-gpios' property of node '/sound[0]'
[   26.160249] of_get_named_gpiod_flags: can't parse 'simple-audio-card,hp-det-gpio' property of node '/sound[0]'
[   26.160275] asoc-simple-card sound: using lookup tables for GPIO lookup
[   26.160289] asoc-simple-card sound: No GPIO consumer simple-audio-card,hp-det found
[   26.160305] asoc-simple-card sound: using DT '/sound' for 'simple-audio-card,mic-det' GPIO lookup
[   26.160329] of_get_named_gpiod_flags: can't parse 'simple-audio-card,mic-det-gpios' property of node '/sound[0]'
[   26.160354] of_get_named_gpiod_flags: can't parse 'simple-audio-card,mic-det-gpio' property of node '/sound[0]'
[   26.160373] asoc-simple-card sound: using lookup tables for GPIO lookup
[   26.160385] asoc-simple-card sound: No GPIO consumer simple-audio-card,mic-det found
[   26.246862] tda998x 0-0070: using DT '/ocp/interconnect@44c00000/segment@200000/target-module@b000/i2c@0/tda19988@70' for 'nxp,calib' GPIO lookup
[   26.246998] of_get_named_gpiod_flags: parsed 'nxp,calib-gpios' property of node '/ocp/interconnect@44c00000/segment@200000/target-module@b000/i2c@0/tda19988@70[0]' - status (0)
[   26.247080] gpio gpiochip0: Persistence not supported for GPIO 25
[   26.247096] gpio-537 (nxp,calib): no flags found for GPIO nxp,calib
[   26.250878] gpio-537 (nxp,calib): gpiod_direction_output_nonotify: tried to set a GPIO tied to an IRQ as output
[   26.305801] PM: Cannot get wkup_m3_ipc handle
[   26.505656] tda9950 0-0034: TDA9950 CEC interface, hardware version 3.3
[   26.607149] PM: Cannot get wkup_m3_ipc handle
[   29.545567] userial_init: registered 8 ttyGS* devices
[   29.755889] rndis_register: configNr = 0
[   29.808513] udc musb-hdrc.0: binding gadget driver [g_multi]
[   29.808609] configfs-gadget.g_multi gadget.0: adding 'rndis'/0e9c6590 to config 'c'/63c0a43b
[   29.809784] configfs-gadget.g_multi gadget.0: HOST MAC 1c:ba:8c:a2:ed:6c
[   29.816827] configfs-gadget.g_multi gadget.0: MAC 1c:ba:8c:a2:ed:70
[   29.823261] rndis_set_param_medium: 0 0
[   29.823283] configfs-gadget.g_multi gadget.0: RNDIS: IN/ep1in OUT/ep1out NOTIFY/ep2in
[   29.823301] configfs-gadget.g_multi gadget.0: adding 'cdc_ethernet'/a4481247 to config 'c'/63c0a43b
[   29.824215] configfs-gadget.g_multi gadget.0: HOST MAC 1c:ba:8c:a2:ed:6c
[   29.830977] configfs-gadget.g_multi gadget.0: MAC 1c:ba:8c:a2:ed:6d
[   29.837423] configfs-gadget.g_multi gadget.0: CDC Ethernet: IN/ep3in OUT/ep2out NOTIFY/ep4in
[   29.837444] configfs-gadget.g_multi gadget.0: adding 'acm'/373329b7 to config 'c'/63c0a43b
[   29.837482] configfs-gadget.g_multi gadget.0: acm ttyGS0: IN/ep5in OUT/ep3out NOTIFY/ep6in
[   29.853076] PM: Cannot get wkup_m3_ipc handle
[   31.703517] configfs-gadget.g_multi gadget.0: eth_open
[   35.565346] gs_open: ttyGS0 (ac537e0d,7209c0b2)
[   35.565504] gs_close: ttyGS0 (ac537e0d,7209c0b2) ...
[   35.565526] gs_close: ttyGS0 (ac537e0d,7209c0b2) done!
[   35.586024] gs_open: ttyGS0 (8e3f855e,0be79ad6)
[   35.586167] gs_close: ttyGS0 (8e3f855e,0be79ad6) ...
[   35.586190] gs_close: ttyGS0 (8e3f855e,0be79ad6) done!
[   35.779301] gs_open: ttyGS0 (60544afe,c38ddea7)
[   35.779527] gs_close: ttyGS0 (60544afe,c38ddea7) ...
[   35.779554] gs_close: ttyGS0 (60544afe,c38ddea7) done!
[   35.780918] gs_open: ttyGS0 (60544afe,0be79ad6)
SQESAQEVNQ 0
root@arm:~# echo 'MAGA''AMSUCF'
MAGAAMSUCF
root@arm:~# MARKER='EVNX''WKBGUE' run 'modprobe test_linear_ranges'
EVNXWKBGUEEVNXWKBGUE 0
root@arm:~# echo 'LQXC''ZKZWGT'
LQXCZKZWGT
root@arm:~# MARKER='KFFK''ELSQTS' run dmesg
KFFKELSQTS[    0.000000] Booting Linux on physical CPU 0x0
[    0.000000] Linux version 6.17.0-next-20250929 (user01@drvtest01) (arm-none-eabi-gcc (Arm GNU Toolchain 14.2.Rel1 (Build arm-14.52)) 14.2.1 20241119, GNU ld (Arm GNU Toolchain 14.2.Rel1 (Build arm-14.52)) 2.43.1.20241119) #1 SMP Mon Sep 29 19:05:53 EEST 2025
[    0.000000] CPU: ARMv7 Processor [413fc082] revision 2 (ARMv7), cr=10c5387d
[    0.000000] CPU: PIPT / VIPT nonaliasing data cache, VIPT aliasing instruction cache
[    0.000000] OF: fdt: Machine model: TI AM335x BeagleBone Black
[    0.000000] Memory policy: Data cache writeback
[    0.000000] cma: Reserved 16 MiB at 0x9e800000
[    0.000000] Zone ranges:
[    0.000000]   Normal   [mem 0x0000000080000000-0x000000009fdfffff]
[    0.000000]   HighMem  empty
[    0.000000] Movable zone start for each node
[    0.000000] Early memory node ranges
[    0.000000]   node   0: [mem 0x0000000080000000-0x000000009fdfffff]
[    0.000000] Initmem setup node 0 [mem 0x0000000080000000-0x000000009fdfffff]
[    0.000000] On node 0, zone Normal: 512 pages in unavailable ranges
[    0.000000] OF: reserved mem: Reserved memory: No reserved-memory node in the DT
[    0.000000] CPU: All CPU(s) started in SVC mode.
[    0.000000] AM335X ES2.1 (sgx neon)
[    0.000000] percpu: Embedded 17 pages/cpu s39884 r8192 d21556 u69632
[    0.000000] pcpu-alloc: s39884 r8192 d21556 u69632 alloc=17*4096
[    0.000000] pcpu-alloc: [0] 0 
[    0.000000] Kernel command line: console=ttyO0,115200n8 root=/dev/nfs rw nfsroot=192.168.255.126:/home/user01/nfs,nfsvers=3 ip=192.168.255.1:192.168.255.126::255.255.255.0:bbb1:eth0 nfsrootdebug
[    0.000000] Unknown kernel command line parameters "nfsrootdebug", will be passed to user space.
[    0.000000] printk: log buffer data + meta data: 65536 + 204800 = 270336 bytes
[    0.000000] Dentry cache hash table entries: 65536 (order: 6, 262144 bytes, linear)
[    0.000000] Inode-cache hash table entries: 32768 (order: 5, 131072 bytes, linear)
[    0.000000] Built 1 zonelists, mobility grouping on.  Total pages: 130560
[    0.000000] mem auto-init: stack:off, heap alloc:off, heap free:off
[    0.000000] SLUB: HWalign=16, Order=0-3, MinObjects=0, CPUs=1, Nodes=1
[    0.000000] rcu: Hierarchical RCU implementation.
[    0.000000] rcu: 	RCU event tracing is enabled.
[    0.000000] rcu: 	RCU restricting CPUs from NR_CPUS=2 to nr_cpu_ids=1.
[    0.000000] 	Tracing variant of Tasks RCU enabled.
[    0.000000] rcu: RCU calculated value of scheduler-enlistment delay is 10 jiffies.
[    0.000000] rcu: Adjusting geometry for rcu_fanout_leaf=16, nr_cpu_ids=1
[    0.000000] RCU Tasks Trace: Setting shift to 0 and lim to 1 rcu_task_cb_adjust=1 rcu_task_cpu_ids=1.
[    0.000000] NR_IRQS: 16, nr_irqs: 16, preallocated irqs: 16
[    0.000000] IRQ: Found an INTC at 0x(ptrval) (revision 5.0) with 128 interrupts
[    0.000000] rcu: srcu_init: Setting srcu_struct sizes based on contention.
[    0.000000] TI gptimer clocksource: always-on /ocp/interconnect@44c00000/segment@200000/target-module@31000
[    0.000002] sched_clock: 32 bits at 24MHz, resolution 41ns, wraps every 89478484971ns
[    0.000025] clocksource: dmtimer: mask: 0xffffffff max_cycles: 0xffffffff, max_idle_ns: 79635851949 ns
[    0.000495] TI gptimer clockevent: 24000000 Hz at /ocp/interconnect@48000000/segment@0/target-module@40000
[    0.002062] Console: colour dummy device 80x30
[    0.002130] WARNING: Your 'console=ttyO0' has been replaced by 'ttyS0'
[    0.002137] This ensures that you still see kernel messages. Please
[    0.002141] update your kernel commandline.
[    0.002186] Calibrating delay loop... 996.14 BogoMIPS (lpj=4980736)
[    0.090607] CPU: Testing write buffer coherency: ok
[    0.090688] CPU0: Spectre v2: using BPIALL workaround
[    0.090698] pid_max: default: 32768 minimum: 301
[    0.090873] LSM: initializing lsm=capability
[    0.091031] Mount-cache hash table entries: 1024 (order: 0, 4096 bytes, linear)
[    0.091051] Mountpoint-cache hash table entries: 1024 (order: 0, 4096 bytes, linear)
[    0.092633] CPU0: thread -1, cpu 0, socket -1, mpidr 0
[    0.092692] cacheinfo: Unable to detect cache hierarchy for CPU 0
[    0.094700] Setting up static identity map for 0x80100000 - 0x80100078
[    0.095012] rcu: Hierarchical SRCU implementation.
[    0.095024] rcu: 	Max phase no-delay instances is 1000.
[    0.096709] smp: Bringing up secondary CPUs ...
[    0.096761] smp: Brought up 1 node, 1 CPU
[    0.096773] SMP: Total of 1 processors activated (996.14 BogoMIPS).
[    0.096784] CPU: All CPU(s) started in SVC mode.
[    0.096982] Memory: 480864K/522240K available (11264K kernel code, 1226K rwdata, 2952K rodata, 1024K init, 256K bss, 23336K reserved, 16384K cma-reserved, 0K highmem)
[    0.097777] devtmpfs: initialized
[    0.115091] VFP support v0.3: implementor 41 architecture 3 part 30 variant c rev 3
[    0.115747] clocksource: jiffies: mask: 0xffffffff max_cycles: 0xffffffff, max_idle_ns: 19112604462750000 ns
[    0.115802] posixtimers hash table entries: 512 (order: 0, 4096 bytes, linear)
[    0.115829] futex hash table entries: 256 (16384 bytes on 1 NUMA nodes, total 16 KiB, linear).
[    0.116963] pinctrl core: initialized pinctrl subsystem
[    0.119041] NET: Registered PF_NETLINK/PF_ROUTE protocol family
[    0.122127] DMA: preallocated 256 KiB pool for atomic coherent allocations
[    0.122720] audit: initializing netlink subsys (disabled)
[    0.124062] thermal_sys: Registered thermal governor 'fair_share'
[    0.124076] thermal_sys: Registered thermal governor 'step_wise'
[    0.124085] thermal_sys: Registered thermal governor 'user_space'
[    0.124198] audit: type=2000 audit(0.120:1): state=initialized audit_enabled=0 res=1
[    0.124268] cpuidle: using governor menu
[    0.142161] /ocp/interconnect@44c00000/segment@200000/target-module@b000/i2c@0/tda19988@70: Fixed dependency cycle(s) with /ocp/interconnect@48000000/segment@300000/target-module@e000/lcdc@0
[    0.143272] /ocp/interconnect@48000000/segment@300000/target-module@e000/lcdc@0: Fixed dependency cycle(s) with /ocp/interconnect@44c00000/segment@200000/target-module@b000/i2c@0/tda19988@70
[    0.145463] No ATAGs?
[    0.145499] hw-breakpoint: debug architecture 0x4 unsupported.
[    0.148587] kprobes: kprobe jump-optimization is enabled. All kprobes are optimized if possible.
[    0.154377] iommu: Default domain type: Translated
[    0.154400] iommu: DMA domain TLB invalidation policy: strict mode
[    0.155953] reg-fixed-voltage fixedregulator0: using DT '/fixedregulator0' for '(default)' GPIO lookup
[    0.156007] of_get_named_gpiod_flags: can't parse 'gpios' property of node '/fixedregulator0[0]'
[    0.156035] of_get_named_gpiod_flags: can't parse 'gpio' property of node '/fixedregulator0[0]'
[    0.156054] reg-fixed-voltage fixedregulator0: using lookup tables for GPIO lookup
[    0.156065] reg-fixed-voltage fixedregulator0: No GPIO consumer (default) found
[    0.161562] SCSI subsystem initialized
[    0.162038] libata version 3.00 loaded.
[    0.162427] pps_core: LinuxPPS API ver. 1 registered
[    0.162438] pps_core: Software ver. 5.3.6 - Copyright 2005-2007 Rodolfo Giometti <giometti@linux.it>
[    0.162462] PTP clock support registered
[    0.170978] vgaarb: loaded
[    0.171361] clocksource: Switched to clocksource dmtimer
[    0.172029] VFS: Disk quotas dquot_6.6.0
[    0.172088] VFS: Dquot-cache hash table entries: 1024 (order 0, 4096 bytes)
[    0.194762] NET: Registered PF_INET protocol family
[    0.195103] IP idents hash table entries: 8192 (order: 4, 65536 bytes, linear)
[    0.196524] tcp_listen_portaddr_hash hash table entries: 512 (order: 0, 4096 bytes, linear)
[    0.196561] Table-perturb hash table entries: 65536 (order: 6, 262144 bytes, linear)
[    0.196578] TCP established hash table entries: 4096 (order: 2, 16384 bytes, linear)
[    0.196624] TCP bind hash table entries: 4096 (order: 4, 65536 bytes, linear)
[    0.196723] TCP: Hash tables configured (established 4096 bind 4096)
[    0.196847] UDP hash table entries: 256 (order: 1, 14336 bytes, linear)
[    0.196880] UDP-Lite hash table entries: 256 (order: 1, 14336 bytes, linear)
[    0.197084] NET: Registered PF_UNIX/PF_LOCAL protocol family
[    0.202180] RPC: Registered named UNIX socket transport module.
[    0.202202] RPC: Registered udp transport module.
[    0.202207] RPC: Registered tcp transport module.
[    0.202212] RPC: Registered tcp-with-tls transport module.
[    0.202216] RPC: Registered tcp NFSv4.1 backchannel transport module.
[    0.202242] PCI: CLS 0 bytes, default 64
[    0.203650] Initialise system trusted keyrings
[    0.211755] workingset: timestamp_bits=14 max_order=17 bucket_order=3
[    0.213218] NFS: Registering the id_resolver key type
[    0.213286] Key type id_resolver registered
[    0.213293] Key type id_legacy registered
[    0.213405] jffs2: version 2.2. (NAND) (SUMMARY)  Â© 2001-2006 Red Hat, Inc.
[    0.213865] Key type asymmetric registered
[    0.213882] Asymmetric key parser 'x509' registered
[    0.213953] io scheduler mq-deadline registered
[    0.213963] io scheduler kyber registered
[    0.214040] io scheduler bfq registered
[    0.215898] target-module@4b000000:target-module@140000:pmu@0:fck: device ID is greater than 24
[    0.221651] ledtrig-cpu: registered to indicate activity on CPUs
[    0.231840] Serial: 8250/16550 driver, 6 ports, IRQ sharing enabled
[    0.265332] brd: module loaded
[    0.292274] loop: module loaded
[    0.293214] mtdoops: mtd device (mtddev=name/number) must be supplied
[    0.294795] mdio_bus fixed-0: using lookup tables for GPIO lookup
[    0.294819] mdio_bus fixed-0: No GPIO consumer reset found
[    0.296225] i2c_dev: i2c /dev entries driver
[    0.297235] cpuidle: enable-method property 'ti,am3352' found operations
[    0.297686] sdhci: Secure Digital Host Controller Interface driver
[    0.297695] sdhci: Copyright(c) Pierre Ossman
[    0.297879] sdhci-pltfm: SDHCI platform and OF driver helper
[    0.313439] hw perfevents: enabled with armv7_cortex_a8 PMU driver, 5 (8000000f) counters available
[    0.314001] Initializing XFRM netlink socket
[    0.314176] NET: Registered PF_INET6 protocol family
[    0.316161] Segment Routing with IPv6
[    0.316242] In-situ OAM (IOAM) with IPv6
[    0.316339] sit: IPv6, IPv4 and MPLS over IPv4 tunneling driver
[    0.317304] NET: Registered PF_PACKET protocol family
[    0.317329] NET: Registered PF_KEY protocol family
[    0.317461] Key type dns_resolver registered
[    0.317694] ThumbEE CPU extension supported.
[    0.317713] Registering SWP/SWPB emulation handler
[    0.318237] omap_voltage_late_init: Voltage driver support not added
[    0.318911] SmartReflex Class3 initialized
[    0.343244] Loading compiled-in X.509 certificates
[    0.379934] /ocp/interconnect@44c00000/segment@200000/target-module@b000/i2c@0/tda19988@70: Fixed dependency cycle(s) with /ocp/interconnect@48000000/segment@300000/target-module@e000/lcdc@0
[    0.386460] /ocp/interconnect@44c00000/segment@200000/target-module@b000/i2c@0/tda19988@70: Fixed dependency cycle(s) with /ocp/interconnect@48000000/segment@300000/target-module@e000/lcdc@0
[    0.392136] gpiochip_find_base_unlocked: found new base at 512
[    0.429080] /ocp/interconnect@44c00000/segment@200000/target-module@b000/i2c@0/tda19988@70: Fixed dependency cycle(s) with /ocp/interconnect@48000000/segment@300000/target-module@e000/lcdc@0
[    0.429976] /ocp/interconnect@44c00000/segment@200000/target-module@b000/i2c@0/tda19988@70: Fixed dependency cycle(s) with /ocp/interconnect@48000000/segment@300000/target-module@e000/lcdc@0
[    0.433771] /ocp/interconnect@44c00000/segment@200000/target-module@10000/scm@0/pinmux@800: Fixed dependency cycle(s) with /ocp/interconnect@44c00000/segment@200000/target-module@10000/scm@0/pinmux@800/clkout2-pins
[    0.434358] pinctrl-single 44e10800.pinmux: 142 pins, size 568
[    0.439641] ti-sysc 44e31000.target-module: probe with driver ti-sysc failed with error -16
[    0.468999] /ocp/interconnect@48000000/segment@300000/target-module@e000/lcdc@0: Fixed dependency cycle(s) with /ocp/interconnect@44c00000/segment@200000/target-module@b000/i2c@0/tda19988@70
[    0.477283] ti-sysc 48040000.target-module: probe with driver ti-sysc failed with error -16
[    0.488826] gpiochip_find_base_unlocked: found new base at 512
[    0.488926] gpio gpiochip0: (gpio-0-31): created GPIO range 0->7 ==> 44e10800.pinmux PIN 0->7
[    0.488946] gpio gpiochip0: (gpio-0-31): created GPIO range 8->11 ==> 44e10800.pinmux PIN 90->93
[    0.488961] gpio gpiochip0: (gpio-0-31): created GPIO range 12->27 ==> 44e10800.pinmux PIN 12->27
[    0.488977] gpio gpiochip0: (gpio-0-31): created GPIO range 28->31 ==> 44e10800.pinmux PIN 30->33
[    0.513542] gpio gpiochip0: (gpio-0-31): added GPIO chardev (254:0)
[    0.513778] gpio gpiochip0: registered GPIOs 512 to 543 on gpio-0-31
[    0.513866] OMAP GPIO hardware version 0.1
[    0.560290] i2c i2c-2: using DT '/ocp/interconnect@48000000/segment@100000/target-module@9c000/i2c@0' for 'scl' GPIO lookup
[    0.560363] of_get_named_gpiod_flags: can't parse 'scl-gpios' property of node '/ocp/interconnect@48000000/segment@100000/target-module@9c000/i2c@0[0]'
[    0.560404] of_get_named_gpiod_flags: can't parse 'scl-gpio' property of node '/ocp/interconnect@48000000/segment@100000/target-module@9c000/i2c@0[0]'
[    0.560440] i2c i2c-2: using lookup tables for GPIO lookup
[    0.560450] i2c i2c-2: No GPIO consumer scl found
[    0.560473] i2c i2c-2: using DT '/ocp/interconnect@48000000/segment@100000/target-module@9c000/i2c@0' for 'sda' GPIO lookup
[    0.560507] of_get_named_gpiod_flags: can't parse 'sda-gpios' property of node '/ocp/interconnect@48000000/segment@100000/target-module@9c000/i2c@0[0]'
[    0.560544] of_get_named_gpiod_flags: can't parse 'sda-gpio' property of node '/ocp/interconnect@48000000/segment@100000/target-module@9c000/i2c@0[0]'
[    0.560574] i2c i2c-2: using lookup tables for GPIO lookup
[    0.560582] i2c i2c-2: No GPIO consumer sda found
[    0.561431] omap_i2c 4819c000.i2c: bus 2 rev0.11 at 100 kHz
[    0.567078] gpiochip_find_base_unlocked: found new base at 544
[    0.567190] gpio gpiochip1: (gpio-32-63): created GPIO range 0->17 ==> 44e10800.pinmux PIN 34->51
[    0.567210] gpio gpiochip1: (gpio-32-63): created GPIO range 18->21 ==> 44e10800.pinmux PIN 77->80
[    0.567226] gpio gpiochip1: (gpio-32-63): created GPIO range 22->31 ==> 44e10800.pinmux PIN 56->65
[    0.568038] gpio gpiochip1: (gpio-32-63): added GPIO chardev (254:1)
[    0.568258] gpio gpiochip1: registered GPIOs 544 to 575 on gpio-32-63
[    0.570495] gpiochip_find_base_unlocked: found new base at 576
[    0.570586] gpio gpiochip2: (gpio-64-95): created GPIO range 0->4 ==> 44e10800.pinmux PIN 66->70
[    0.570605] gpio gpiochip2: (gpio-64-95): created GPIO range 5->6 ==> 44e10800.pinmux PIN 98->99
[    0.570621] gpio gpiochip2: (gpio-64-95): created GPIO range 7->8 ==> 44e10800.pinmux PIN 75->76
[    0.570636] gpio gpiochip2: (gpio-64-95): created GPIO range 13->13 ==> 44e10800.pinmux PIN 141->141
[    0.570653] gpio gpiochip2: (gpio-64-95): created GPIO range 14->21 ==> 44e10800.pinmux PIN 100->107
[    0.571273] gpio gpiochip2: (gpio-64-95): added GPIO chardev (254:2)
[    0.571653] gpio gpiochip2: registered GPIOs 576 to 607 on gpio-64-95
[    0.577244] 48000000.interconnect:segment@200000:target-module@0:mpu@0:fck: device ID is greater than 24
[    0.578135] /ocp/interconnect@48000000/segment@300000/target-module@e000/lcdc@0: Fixed dependency cycle(s) with /ocp/interconnect@44c00000/segment@200000/target-module@b000/i2c@0/tda19988@70
[    0.580955] /ocp/interconnect@48000000/segment@300000/target-module@e000/lcdc@0: Fixed dependency cycle(s) with /ocp/interconnect@44c00000/segment@200000/target-module@b000/i2c@0/tda19988@70
[    0.581858] /ocp/interconnect@44c00000/segment@200000/target-module@b000/i2c@0/tda19988@70: Fixed dependency cycle(s) with /ocp/interconnect@48000000/segment@300000/target-module@e000/lcdc@0
[    0.582033] /ocp/interconnect@48000000/segment@300000/target-module@e000/lcdc@0: Fixed dependency cycle(s) with /ocp/interconnect@44c00000/segment@200000/target-module@b000/i2c@0/tda19988@70
[    0.589448] sdhci-omap 481d8000.mmc: using DT '/ocp/interconnect@48000000/segment@100000/target-module@d8000/mmc@0' for 'wp' GPIO lookup
[    0.589518] of_get_named_gpiod_flags: can't parse 'wp-gpios' property of node '/ocp/interconnect@48000000/segment@100000/target-module@d8000/mmc@0[0]'
[    0.589561] of_get_named_gpiod_flags: can't parse 'wp-gpio' property of node '/ocp/interconnect@48000000/segment@100000/target-module@d8000/mmc@0[0]'
[    0.589597] sdhci-omap 481d8000.mmc: using lookup tables for GPIO lookup
[    0.589608] sdhci-omap 481d8000.mmc: No GPIO consumer wp found
[    0.589802] sdhci-omap 481d8000.mmc: supply pbias not found, using dummy regulator
[    0.590288] sdhci-omap 481d8000.mmc: supply vqmmc not found, using dummy regulator
[    0.626007] mdio_bus 4a101000.mdio: using DT '/ocp/interconnect@4a000000/segment@0/target-module@100000/switch@0/mdio@1000' for 'reset' GPIO lookup
[    0.626078] of_get_named_gpiod_flags: can't parse 'reset-gpios' property of node '/ocp/interconnect@4a000000/segment@0/target-module@100000/switch@0/mdio@1000[0]'
[    0.626124] of_get_named_gpiod_flags: can't parse 'reset-gpio' property of node '/ocp/interconnect@4a000000/segment@0/target-module@100000/switch@0/mdio@1000[0]'
[    0.626171] mdio_bus 4a101000.mdio: using lookup tables for GPIO lookup
[    0.626181] mdio_bus 4a101000.mdio: No GPIO consumer reset found
[    0.679062] davinci_mdio 4a101000.mdio: davinci mdio revision 1.6, bus freq 1000000
[    0.714983] mdio_bus 4a101000.mdio:00: using DT '/ocp/interconnect@4a000000/segment@0/target-module@100000/switch@0/mdio@1000/ethernet-phy@0' for 'reset' GPIO lookup
[    0.715083] of_get_named_gpiod_flags: parsed 'reset-gpios' property of node '/ocp/interconnect@4a000000/segment@0/target-module@100000/switch@0/mdio@1000/ethernet-phy@0[0]' - status (0)
[    0.715250] gpio gpiochip0: Persistence not supported for GPIO 8
[    0.840793] davinci_mdio 4a101000.mdio: phy[0]: device 4a101000.mdio:00, driver SMSC LAN8710/LAN8720
[    0.841699] cpsw-switch 4a100000.switch: initialized cpsw ale version 1.4
[    0.841723] cpsw-switch 4a100000.switch: ALE Table size 1024, Policers 0
[    0.855722] cpsw-switch 4a100000.switch: cpts: overflow check period 500 (jiffies)
[    0.855746] cpsw-switch 4a100000.switch: CPTS: ref_clk_freq:250000000 calc_mult:2147483648 calc_shift:29 error:0 nsec/sec
[    0.855851] cpsw-switch 4a100000.switch: Detected MACID = 6c:ec:eb:68:de:78
[    0.857703] cpsw-switch 4a100000.switch: initialized (regs 0x4a100000, pool size 256) hw_ver:0019010C 1.12 (0)
[    0.888014] debugfs: '49000000.dma' already exists in 'dmaengine'
[    0.888059] edma 49000000.dma: TI EDMA DMA engine driver
[    0.938015] gpio-clk clk_mcasp0: using DT '/clk_mcasp0' for 'enable' GPIO lookup
[    0.938092] of_get_named_gpiod_flags: parsed 'enable-gpios' property of node '/clk_mcasp0[0]' - status (0)
[    0.938139] gpio gpiochip0: Persistence not supported for GPIO 27
[    0.938904] gpiochip_find_base_unlocked: found new base at 608
[    0.939018] gpio gpiochip3: (gpio-96-127): created GPIO range 0->7 ==> 44e10800.pinmux PIN 82->89
[    0.939037] gpio gpiochip3: (gpio-96-127): created GPIO range 8->11 ==> 44e10800.pinmux PIN 52->55
[    0.939053] gpio gpiochip3: (gpio-96-127): created GPIO range 12->15 ==> 44e10800.pinmux PIN 94->97
[    0.939069] gpio gpiochip3: (gpio-96-127): created GPIO range 16->17 ==> 44e10800.pinmux PIN 71->72
[    0.939085] gpio gpiochip3: (gpio-96-127): created GPIO range 18->18 ==> 44e10800.pinmux PIN 135->135
[    0.939102] gpio gpiochip3: (gpio-96-127): created GPIO range 19->20 ==> 44e10800.pinmux PIN 108->109
[    0.939118] gpio gpiochip3: (gpio-96-127): created GPIO range 21->21 ==> 44e10800.pinmux PIN 73->73
[    0.939135] gpio gpiochip3: (gpio-96-127): created GPIO range 22->23 ==> 44e10800.pinmux PIN 8->9
[    0.939153] gpio gpiochip3: (gpio-96-127): created GPIO range 26->27 ==> 44e10800.pinmux PIN 10->11
[    0.939170] gpio gpiochip3: (gpio-96-127): created GPIO range 28->28 ==> 44e10800.pinmux PIN 74->74
[    0.939188] gpio gpiochip3: (gpio-96-127): created GPIO range 29->29 ==> 44e10800.pinmux PIN 81->81
[    0.939208] gpio gpiochip3: (gpio-96-127): created GPIO range 30->31 ==> 44e10800.pinmux PIN 28->29
[    0.940259] gpio gpiochip3: (gpio-96-127): added GPIO chardev (254:3)
[    0.940489] gpio gpiochip3: registered GPIOs 608 to 639 on gpio-96-127
[    0.955634] omap8250 44e09000.serial: using DT '/ocp/interconnect@44c00000/segment@200000/target-module@9000/serial@0' for 'rs485-term' GPIO lookup
[    0.955708] of_get_named_gpiod_flags: can't parse 'rs485-term-gpios' property of node '/ocp/interconnect@44c00000/segment@200000/target-module@9000/serial@0[0]'
[    0.955751] of_get_named_gpiod_flags: can't parse 'rs485-term-gpio' property of node '/ocp/interconnect@44c00000/segment@200000/target-module@9000/serial@0[0]'
[    0.955789] omap8250 44e09000.serial: using lookup tables for GPIO lookup
[    0.955799] omap8250 44e09000.serial: No GPIO consumer rs485-term found
[    0.955810] omap8250 44e09000.serial: using DT '/ocp/interconnect@44c00000/segment@200000/target-module@9000/serial@0' for 'rs485-rx-during-tx' GPIO lookup
[    0.955846] of_get_named_gpiod_flags: can't parse 'rs485-rx-during-tx-gpios' property of node '/ocp/interconnect@44c00000/segment@200000/target-module@9000/serial@0[0]'
[    0.955882] of_get_named_gpiod_flags: can't parse 'rs485-rx-during-tx-gpio' property of node '/ocp/interconnect@44c00000/segment@200000/target-module@9000/serial@0[0]'
[    0.955913] omap8250 44e09000.serial: using lookup tables for GPIO lookup
[    0.955921] omap8250 44e09000.serial: No GPIO consumer rs485-rx-during-tx found
[    0.956381] 44e09000.serial: ttyS0 at MMIO 0x44e09000 (irq = 34, base_baud = 3000000) is a 8250
[    0.956470] printk: legacy console [ttyS0] enabled
[    2.418691] i2c i2c-0: using DT '/ocp/interconnect@44c00000/segment@200000/target-module@b000/i2c@0' for 'scl' GPIO lookup
