Labgrid Console Logfile for main
Logfile started at 2025-06-06 08:48:44.557264
=== Log starts here ===
reading args
spl_load_image_fat_os: error reading image args, err - -1
reading u-boot.img
reading u-boot.img


U-Boot 2014.04-00014-g47880f5 (Apr 22 2014 - 13:23:54)

I2C:   ready
DRAM:  512 MiB
NAND:  0 MiB
MMC:   OMAP SD/MMC: 0, OMAP SD/MMC: 1
*** Warning - readenv() failed, using default environment

Net:   <ethaddr> not set. Validating first E-fuse MAC
cpsw, usb_ether
Hit any key to stop autoboot:  1  0 
gpio: pin 53 (gpio 53) value is 1
mmc0 is current device
gpio: pin 54 (gpio 54) value is 1
SD/MMC found on device 0
reading uEnv.txt
569 bytes read in 4 ms (138.7 KiB/s)
gpio: pin 55 (gpio 55) value is 1
Loaded environment from uEnv.txt
Importing environment from mmc ...
Checking if uenvcmd is set ...
gpio: pin 56 (gpio 56) value is 1
Running uenvcmd ...
cpsw Waiting for PHY auto negotiation to complete. done
link up on port 0, speed 100, full duplex
Using cpsw device
TFTP from server 192.168.255.126; our IP address is 192.168.255.1
Filename 'zImage'.
Load address: 0x81000000
Loading: *#################################################################
	 #################################################################
	 #################################################################
	 #################################################################
	 #################################################################
	 ##########################################################
	 2.4 MiB/s
done
Bytes transferred = 5617104 (55b5d0 hex)
link up on port 0, speed 100, full duplex
Using cpsw device
TFTP from server 192.168.255.126; our IP address is 192.168.255.1
Filename 'am335x-boneblack.dtb'.
Load address: 0x82000000
Loading: *#######
	 1.3 MiB/s
done
Bytes transferred = 98244 (17fc4 hex)
Kernel image @ 0x81000000 [ 0x000000 - 0x55b5d0 ]
## Flattened Device Tree blob at 82000000
   Booting using the fdt blob at 0x82000000
   Using Device Tree in place at 82000000, end 8201afc3

Starting kernel ...

[    0.000000] Booting Linux on physical CPU 0x0
[    0.000000] Linux version 6.15.0-next-20250606 (user01@drvtest01) (arm-none-eabi-gcc (Arm GNU Toolchain 14.2.Rel1 (Build arm-14.52)) 14.2.1 20241119, GNU ld (Arm GNU Toolchain 14.2.Rel1 (Build arm-14.52)) 2.43.1.20241119) #1 SMP Fri Jun  6 08:44:16 EEST 2025
[    0.000000] CPU: ARMv7 Processor [413fc082] revision 2 (ARMv7), cr=10c5387d
[    0.000000] CPU: PIPT / VIPT nonaliasing data cache, VIPT aliasing instruction cache
[    0.000000] OF: fdt: Machine model: TI AM335x BeagleBone Black
[    0.000000] Memory policy: Data cache writeback
[    0.000000] cma: Reserved 16 MiB at 0x9e800000
[    0.000000] Zone ranges:
[    0.000000]   Normal   [mem 0x0000000080000000-0x000000009fdfffff]
[    0.000000]   HighMem  empty
[    0.000000] Movable zone start for each node
[    0.000000] Early memory node ranges
[    0.000000]   node   0: [mem 0x0000000080000000-0x000000009fdfffff]
[    0.000000] Initmem setup node 0 [mem 0x0000000080000000-0x000000009fdfffff]
[    0.000000] On node 0, zone Normal: 512 pages in unavailable ranges
[    0.000000] OF: reserved mem: Reserved memory: No reserved-memory node in the DT
[    0.000000] CPU: All CPU(s) started in SVC mode.
[    0.000000] AM335X ES2.1 (sgx neon)
[    0.000000] percpu: Embedded 17 pages/cpu s39820 r8192 d21620 u69632
[    0.000000] Kernel command line: console=ttyO0,115200n8 root=/dev/nfs rw nfsroot=192.168.255.126:/home/user01/nfs,nfsvers=3 ip=192.168.255.1:192.168.255.126::255.255.255.0:bbb1:eth0 nfsrootdebug
[    0.000000] Unknown kernel command line parameters "nfsrootdebug", will be passed to user space.
[    0.000000] printk: log buffer data + meta data: 65536 + 204800 = 270336 bytes
[    0.000000] Dentry cache hash table entries: 65536 (order: 6, 262144 bytes, linear)
[    0.000000] Inode-cache hash table entries: 32768 (order: 5, 131072 bytes, linear)
[    0.000000] Built 1 zonelists, mobility grouping on.  Total pages: 130560
[    0.000000] mem auto-init: stack:off, heap alloc:off, heap free:off
[    0.000000] SLUB: HWalign=16, Order=0-3, MinObjects=0, CPUs=1, Nodes=1
[    0.000000] rcu: Hierarchical RCU implementation.
[    0.000000] rcu: 	RCU event tracing is enabled.
[    0.000000] rcu: 	RCU restricting CPUs from NR_CPUS=2 to nr_cpu_ids=1.
[    0.000000] 	Tracing variant of Tasks RCU enabled.
[    0.000000] rcu: RCU calculated value of scheduler-enlistment delay is 10 jiffies.
[    0.000000] rcu: Adjusting geometry for rcu_fanout_leaf=16, nr_cpu_ids=1
[    0.000000] RCU Tasks Trace: Setting shift to 0 and lim to 1 rcu_task_cb_adjust=1 rcu_task_cpu_ids=1.
[    0.000000] NR_IRQS: 16, nr_irqs: 16, preallocated irqs: 16
[    0.000000] IRQ: Found an INTC at 0x(ptrval) (revision 5.0) with 128 interrupts
[    0.000000] rcu: srcu_init: Setting srcu_struct sizes based on contention.
[    0.000000] TI gptimer clocksource: always-on /ocp/interconnect@44c00000/segment@200000/target-module@31000
[    0.000003] sched_clock: 32 bits at 24MHz, resolution 41ns, wraps every 89478484971ns
[    0.000026] clocksource: dmtimer: mask: 0xffffffff max_cycles: 0xffffffff, max_idle_ns: 79635851949 ns
[    0.000511] TI gptimer clockevent: 24000000 Hz at /ocp/interconnect@48000000/segment@0/target-module@40000
[    0.002154] Console: colour dummy device 80x30
[    0.002218] WARNING: Your 'console=ttyO0' has been replaced by 'ttyS0'
[    0.002227] This ensures that you still see kernel messages. Please
[    0.002231] update your kernel commandline.
[    0.002272] Calibrating delay loop... 996.14 BogoMIPS (lpj=4980736)
[    0.090557] CPU: Testing write buffer coherency: ok
[    0.090671] CPU0: Spectre v2: using BPIALL workaround
[    0.090680] pid_max: default: 32768 minimum: 301
[    0.090838] LSM: initializing lsm=capability
[    0.091017] Mount-cache hash table entries: 1024 (order: 0, 4096 bytes, linear)
[    0.091034] Mountpoint-cache hash table entries: 1024 (order: 0, 4096 bytes, linear)
[    0.092649] CPU0: thread -1, cpu 0, socket -1, mpidr 0
[    0.092704] cacheinfo: Unable to detect cache hierarchy for CPU 0
[    0.094736] Setting up static identity map for 0x80100000 - 0x80100078
[    0.095058] rcu: Hierarchical SRCU implementation.
[    0.095069] rcu: 	Max phase no-delay instances is 1000.
[    0.096817] smp: Bringing up secondary CPUs ...
[    0.096870] smp: Brought up 1 node, 1 CPU
[    0.096883] SMP: Total of 1 processors activated (996.14 BogoMIPS).
[    0.096894] CPU: All CPU(s) started in SVC mode.
[    0.097080] Memory: 480820K/522240K available (11264K kernel code, 1221K rwdata, 2924K rodata, 1024K init, 287K bss, 23388K reserved, 16384K cma-reserved, 0K highmem)
[    0.097901] devtmpfs: initialized
[    0.115233] VFP support v0.3: implementor 41 architecture 3 part 30 variant c rev 3
[    0.115854] clocksource: jiffies: mask: 0xffffffff max_cycles: 0xffffffff, max_idle_ns: 19112604462750000 ns
[    0.115907] posixtimers hash table entries: 512 (order: 0, 4096 bytes, linear)
[    0.115934] futex hash table entries: 256 (16384 bytes on 1 NUMA nodes, total 16 KiB, linear).
[    0.117059] pinctrl core: initialized pinctrl subsystem
[    0.119118] NET: Registered PF_NETLINK/PF_ROUTE protocol family
[    0.122241] DMA: preallocated 256 KiB pool for atomic coherent allocations
[    0.123197] audit: initializing netlink subsys (disabled)
[    0.124548] thermal_sys: Registered thermal governor 'fair_share'
[    0.124564] thermal_sys: Registered thermal governor 'step_wise'
[    0.124573] thermal_sys: Registered thermal governor 'user_space'
[    0.124686] audit: type=2000 audit(0.120:1): state=initialized audit_enabled=0 res=1
[    0.124760] cpuidle: using governor menu
[    0.142595] /ocp/interconnect@44c00000/segment@200000/target-module@b000/i2c@0/tda19988@70: Fixed dependency cycle(s) with /ocp/interconnect@48000000/segment@300000/target-module@e000/lcdc@0
[    0.143719] /ocp/interconnect@48000000/segment@300000/target-module@e000/lcdc@0: Fixed dependency cycle(s) with /ocp/interconnect@44c00000/segment@200000/target-module@b000/i2c@0/tda19988@70
[    0.145917] No ATAGs?
[    0.145958] hw-breakpoint: debug architecture 0x4 unsupported.
[    0.148697] kprobes: kprobe jump-optimization is enabled. All kprobes are optimized if possible.
[    0.154044] iommu: Default domain type: Translated
[    0.154066] iommu: DMA domain TLB invalidation policy: strict mode
[    0.161403] SCSI subsystem initialized
[    0.162255] pps_core: LinuxPPS API ver. 1 registered
[    0.162265] pps_core: Software ver. 5.3.6 - Copyright 2005-2007 Rodolfo Giometti <giometti@linux.it>
[    0.162297] PTP clock support registered
[    0.171017] vgaarb: loaded
[    0.171392] clocksource: Switched to clocksource dmtimer
[    0.172057] VFS: Disk quotas dquot_6.6.0
[    0.172109] VFS: Dquot-cache hash table entries: 1024 (order 0, 4096 bytes)
[    0.196668] NET: Registered PF_INET protocol family
[    0.197002] IP idents hash table entries: 8192 (order: 4, 65536 bytes, linear)
[    0.198443] tcp_listen_portaddr_hash hash table entries: 512 (order: 0, 4096 bytes, linear)
[    0.198481] Table-perturb hash table entries: 65536 (order: 6, 262144 bytes, linear)
[    0.198500] TCP established hash table entries: 4096 (order: 2, 16384 bytes, linear)
[    0.198545] TCP bind hash table entries: 4096 (order: 4, 65536 bytes, linear)
[    0.198644] TCP: Hash tables configured (established 4096 bind 4096)
[    0.198762] UDP hash table entries: 256 (order: 1, 14336 bytes, linear)
[    0.198798] UDP-Lite hash table entries: 256 (order: 1, 14336 bytes, linear)
[    0.198977] NET: Registered PF_UNIX/PF_LOCAL protocol family
[    0.202019] RPC: Registered named UNIX socket transport module.
[    0.202039] RPC: Registered udp transport module.
[    0.202044] RPC: Registered tcp transport module.
[    0.202049] RPC: Registered tcp-with-tls transport module.
[    0.202054] RPC: Registered tcp NFSv4.1 backchannel transport module.
[    0.202078] PCI: CLS 0 bytes, default 64
[    0.203456] Initialise system trusted keyrings
[    0.212068] workingset: timestamp_bits=14 max_order=17 bucket_order=3
[    0.213409] NFS: Registering the id_resolver key type
[    0.213482] Key type id_resolver registered
[    0.213490] Key type id_legacy registered
[    0.213595] jffs2: version 2.2. (NAND) (SUMMARY)  Â© 2001-2006 Red Hat, Inc.
[    0.214064] Key type asymmetric registered
[    0.214080] Asymmetric key parser 'x509' registered
[    0.214152] io scheduler mq-deadline registered
[    0.214162] io scheduler kyber registered
[    0.214231] io scheduler bfq registered
[    0.216106] target-module@4b000000:target-module@140000:pmu@0:fck: device ID is greater than 24
[    0.222295] l3-aon-clkctrl:0000:0: failed to disable
[    0.231564] ledtrig-cpu: registered to indicate activity on CPUs
[    0.234392] Serial: 8250/16550 driver, 6 ports, IRQ sharing enabled
[    0.273261] brd: module loaded
[    0.287310] loop: module loaded
[    0.288253] mtdoops: mtd device (mtddev=name/number) must be supplied
[    0.302276] i2c_dev: i2c /dev entries driver
[    0.303268] cpuidle: enable-method property 'ti,am3352' found operations
[    0.303717] sdhci: Secure Digital Host Controller Interface driver
[    0.303725] sdhci: Copyright(c) Pierre Ossman
[    0.303904] sdhci-pltfm: SDHCI platform and OF driver helper
[    0.305339] hw perfevents: enabled with armv7_cortex_a8 PMU driver, 5 (8000000f) counters available
[    0.305854] Initializing XFRM netlink socket
[    0.306034] NET: Registered PF_INET6 protocol family
[    0.311681] l3-aon-clkctrl:0000:0: failed to disable
[    0.313285] Segment Routing with IPv6
[    0.313369] In-situ OAM (IOAM) with IPv6
[    0.313467] sit: IPv6, IPv4 and MPLS over IPv4 tunneling driver
[    0.314415] NET: Registered PF_PACKET protocol family
[    0.314443] NET: Registered PF_KEY protocol family
[    0.314555] Key type dns_resolver registered
[    0.314777] ThumbEE CPU extension supported.
[    0.314795] Registering SWP/SWPB emulation handler
[    0.315334] omap_voltage_late_init: Voltage driver support not added
[    0.315995] SmartReflex Class3 initialized
[    0.346014] Loading compiled-in X.509 certificates
[    0.391680] /ocp/interconnect@44c00000/segment@200000/target-module@b000/i2c@0/tda19988@70: Fixed dependency cycle(s) with /ocp/interconnect@48000000/segment@300000/target-module@e000/lcdc@0
[    0.398092] /ocp/interconnect@44c00000/segment@200000/target-module@b000/i2c@0/tda19988@70: Fixed dependency cycle(s) with /ocp/interconnect@48000000/segment@300000/target-module@e000/lcdc@0
[    0.424950] /ocp/interconnect@44c00000/segment@200000/target-module@b000/i2c@0/tda19988@70: Fixed dependency cycle(s) with /ocp/interconnect@48000000/segment@300000/target-module@e000/lcdc@0
[    0.425834] /ocp/interconnect@44c00000/segment@200000/target-module@b000/i2c@0/tda19988@70: Fixed dependency cycle(s) with /ocp/interconnect@48000000/segment@300000/target-module@e000/lcdc@0
[    0.429338] /ocp/interconnect@44c00000/segment@200000/target-module@10000/scm@0/pinmux@800: Fixed dependency cycle(s) with /ocp/interconnect@44c00000/segment@200000/target-module@10000/scm@0/pinmux@800/clkout2-pins
[    0.429924] pinctrl-single 44e10800.pinmux: 142 pins, size 568
[    0.435505] ti-sysc 44e31000.target-module: probe with driver ti-sysc failed with error -16
[    0.473023] /ocp/interconnect@48000000/segment@300000/target-module@e000/lcdc@0: Fixed dependency cycle(s) with /ocp/interconnect@44c00000/segment@200000/target-module@b000/i2c@0/tda19988@70
[    0.481101] ti-sysc 48040000.target-module: probe with driver ti-sysc failed with error -16
[    0.519350] OMAP GPIO hardware version 0.1
[    0.554190] omap_i2c 4819c000.i2c: bus 2 rev0.11 at 100 kHz
[    0.570493] 48000000.interconnect:segment@200000:target-module@0:mpu@0:fck: device ID is greater than 24
[    0.571617] /ocp/interconnect@48000000/segment@300000/target-module@e000/lcdc@0: Fixed dependency cycle(s) with /ocp/interconnect@44c00000/segment@200000/target-module@b000/i2c@0/tda19988@70
[    0.574573] /ocp/interconnect@48000000/segment@300000/target-module@e000/lcdc@0: Fixed dependency cycle(s) with /ocp/interconnect@44c00000/segment@200000/target-module@b000/i2c@0/tda19988@70
[    0.575289] /ocp/interconnect@44c00000/segment@200000/target-module@b000/i2c@0/tda19988@70: Fixed dependency cycle(s) with /ocp/interconnect@48000000/segment@300000/target-module@e000/lcdc@0
[    0.575461] /ocp/interconnect@48000000/segment@300000/target-module@e000/lcdc@0: Fixed dependency cycle(s) with /ocp/interconnect@44c00000/segment@200000/target-module@b000/i2c@0/tda19988@70
[    0.587185] sdhci-omap 481d8000.mmc: supply pbias not found, using dummy regulator
[    0.587682] sdhci-omap 481d8000.mmc: supply vqmmc not found, using dummy regulator
[    0.636008] davinci_mdio 4a101000.mdio: davinci m dio revision 1.6, bus freq 1000000
[    0.807518] davinci_mdio 4a101000.mdio: phy[0]: device 4a101000.mdio:00, driver SMSC LAN8710/LAN8720
[    0.808289] cpsw-switch 4a100000.switch: initialized cpsw ale version 1.4
[    0.808312] cpsw-switch 4a100000.switch: ALE Table size 1024, Policers 0
[    0.808457] cpsw-switch 4a100000.switch: cpts: overflow check period 500 (jiffies)
[    0.808472] cpsw-switch 4a100000.switch: CPTS: ref_clk_freq:250000000 calc_mult:2147483648 calc_shift:29 error:0 nsec/sec
[     0.808589] cpsw-switch 4a100000.switch: Detected MACID = 6c:ec:eb:68:de:78
[    0.810453] cpsw-switch 4a100000.switch: initialized (regs 0x4a100000, pool size 256) hw_ver:0019010C 1.12 (0)
[    0.821689] debugfs: Directory '49000000.dma' with parent 'dmaengine' already present!
[    0.821732] edma 49000000.dma: TI EDMA DMA engine driver
[    0.876334] 44e09000.serial: ttyS0 at MMIO 0x44e09000 (irq = 34, base_baud = 3000000) is a 8250
[    0.876426] printk: legacy console [ttyS0] enabled
[    2.372371] tps65217-pmic: Failed to locate of_node [id: -1]
[    2.378433] tps65217-bl: Failed to locate of_node [id: -1]
[    2.384490] platform tps65217-charger: DMA mask not set
[    2.390543] platform tps65217-pwrbutton: DMA mask not set
[    2.397891] tps65217 0-0024: TPS65217 ID 0xe version 1.2
[    2.404040] /ocp/interconnect@48000000/segment@300000/target-module@e000/lcdc@0: Fixed dependency cycle(s) with /ocp/interconnect@44c00000/segment@200000/target-module@b000/i2c@0/tda19988@70
[    2.421461] /ocp/interconnect@44c00000/segment@200000/target-module@b000/i2c@0/tda19988@70: Fixed dependency cycle(s) with /ocp/interconnect@48000000/segment@300000/target-module@e000/lcdc@0
[    2.438798] omap_i2c 44e0b000.i2c: bus 0 rev0.11 at 400 kHz
[    2.446659] omap_gpio 44e07000.gpio: Could not set line 6 debounce to 200000 microseconds (-22)
[    2.455587] sdhci-omap 48060000.mmc: Got CD GPIO
[    2.460596] sdhci-omap 48060000.mmc: supply pbias not found, using dummy regulator
[    2.470583] sdhci-omap 480600ot found, using dummy regulator
[    2.479746] sdhci-omap 481d8000.mmc: supply pbias not found, using dummy regulator
[    2.490321] sdhci-omap 481d8000.mmc: supply vqmmc not found, using dummy regulator
[    2.525232] mmc0: SDHCI controller on 48060000.mmc [48060000.mmc] using External DMA
[    2.533545] mmc1: SDHCI controller on 481d8000.mmc [481d8000.mmc] using External DMA
[    2.542276] cpsw-switch 4a100000.switch: starting ndev. mode: dual_mac
[    2.590540] mmc0: new high speed SDHC card at address 5048
[    2.597599] mmcblk0: mmc0:5048 SD16G 14.4 GiB
[    2.605873]  mmcblk0: p1 p2
[    2.609259] mmcblk0: p2 size 31221760 extends beyond EOD, truncated
[    2.622699] SMSC LAN8710/LAN8720 4a101000.mdio:00: attached PHY driver (mii_bus:phy_addr=4a101000.mdio:00, irq=POLL)
[    2.633685] mmc1: new high speed MMC card at address 0001
[    2.646254] mmcblk1: mmc1:0001 MMC04G 3.60 GiB
[    2.653886]  mmcblk1: p1 p2
[    2.658096] mmcblk1boot0: mmc1:0001 MMC04G 2.00 MiB
[    2.666829] mmcblk1boot1: mmc1:0001 MMC04G 2.00 MiB
[    2.676087] mmcblk1rpmb: mmc1:0001 MMC04G 128 KiB, chardev (249:0)
[    5.762204] cpsw-switch 4a100000.switch eth0: Link is Up - 100Mbps/Full - flow control off
[    5.801409] IP-Config: Complete:
[    5.804682]      device=eth0, hwaddr=6c:ec:eb:68:de:78, ipaddr=192.168.255.1, mask=255.255.255.0, gw=255.255.255.255
[    5.815301]      host=bbb1, domain=, nis-domain=(none)
[    5.820468]      bootserver=192.168.255.126, rootserver=192.168.255.126, rootpath=
[    5.820914] clk: Disabling unused clocks
[    5.832779] PM: genpd: Disabling unused power domains
[    5.837898] KTAP version 1
[    5.840618] 1..0
[    5.868703] VFS: Mounted root (nfs filesystem) on device 0:17.
[    5.875765] devtmpfs: mounted
[    5.880236] Freeing unused kernel image (initmem) memory: 1024K
[    5.887227] Run /sbin/init as init process
[    6.579872] systemd[1]: System time before build time, advancing clock.
[    8.061413] random: crng init done
[    8.074004] systemd[1]: systemd 232 running in system mode. (+PAM +AUDIT +SELINUX +IMA +APPARMOR +SMACK +SYSVINIT +UTMP +LIBCRYPTSETUP +GCRYPT +GNUTLS +ACL +XZ +LZ4 +SECCOMP +BLKID +ELFUTILS +KMOD +IDN)
[    8.093183] systemd[1]: Detected architecture arm.

Welcome to [1mDebian GNU/Linux 9 (stretch)[0m!

[    8.124583] systemd[1]: Set hostname to <arm>.
[    9.222091] systemd[1]: Reached target Swap.
[[0;32m  OK  [0m] Reached target Swap.
[    9.243401] systemd[1]: Listening on /dev/initctl Compatibility Named Pipe.
[[0;32m  OK  [0m] Listening on /dev/initctl Compatibility Named Pipe.
[    9.273360] systemd[1]: Listening on udev Control Socket.
[[0;32m  OK  [0m] Listening on udev Control Socket.
[    9.303043] systemd[1]: Created slice User and Session Slice.
[[0;32m  OK  [0m] Created slice User and Session Slice.
[    9.333380] systemd[1]: systemd-journald.socket: SO_PASSSEC failed: Operation not supported
[    9.342326] systemd[1]: systemd-journald.socket: SO_PASSSEC failed: Operation not supported
[    9.350908] systemd[1]: Listening on Journal Socket.
[[0;32m  OK  [0m] Listening on Journal Socket.
[[0;32m  OK  [0m] Reached target Remote File Systems.
[[0;32m  OK  [0m] Started Dispatch Password Requests to Console Directory Watch.
[[0;32m  OK  [0m] Started Forward Password Requests to Wall Directory Watch.
[[0;32m  OK  [0m] Reached target Paths.
[[0;32m  OK  [0m] Listening on udev Kernel Socket.
[[0;32m  OK  [0m] Created slice System Slice.
[[0;32m  OK  [0m] Reached target Slices.
         Starting Create list of required stâ€¦ce nodes for the current kernel...
         Mounting POSIX Message Queue File System...
         Starting Load Kernel Modules...
[[0;32m  OK  [0m] Created slice system-serial\x2dgetty.slice.
[[0;32m  OK  [0m] Created slice system-getty.slice.
[[0;32m  OK  [0m] Listening on Syslog Socket.
         Starting Remount Root and Kernel File Systems...
[[0;32m  OK  [0m] Reached target Encrypted Volumes.
[[0;32m  OK  [0m] Listening on Journal Socket (/dev/log).
[[0;32m  OK  [0m] Set up automount Arbitrary Executabâ€¦rmats File System Automount Point.
         Mounting Debug File System...
[[0;32m  OK  [0m] Listening on Journal Audit Socket.
         Starting Journal Service...
[[0;32m  OK  [0m] Mounted POSIX Message Queue File System.
[[0;32m  OK  [0m] Started Create list of required staâ€¦vice nodes for the current kernel.
[[0;32m  OK  [0m] Started Remount Root and Kernel File Systems.
[[0;32m  OK  [0m] Started Load Kernel Modules.
[[0;32m  OK  [0m] Mounted Debug File System.
         Mounting Configuration File System...
         Starting Apply Kernel Variables...
         Starting udev Coldplug all Devices...
         Starting Load/Save Random Seed...
         Starting Create Static Device Nodes in /dev...
[[0;32m  OK  [0m] Mounted Configuration File System.
[[0;32m  OK  [0m] Started Apply Kernel Variables.
[[0;32m  OK  [0m] Started Load/Save Random Seed.
[[0;32m  OK  [0m] Started Create Static Device Nodes in /dev.
         Starting udev Kernel Device Manager...
[[0;32m  OK  [0m] Reached target Local File Systems (Pre).
[[0;32m  OK  [0m] Reached target Local File Systems.
         Starting Raise network interfaces...
[[0;32m  OK  [0m] Started Journal Service.
         Starting Flush Journal to Persistent Storage...
[   11.688122] systemd-journald[87]: Received request to flush runtime journal from PID 1
[[0;32m  OK  [0m] Started Flush Journal to Persistent Storage.
         Starting Create Volatile Files and Directories...
[[0;32m  OK  [0m] Started udev Kernel Device Manager.
[[0;32m  OK  [0m] Started Create Volatile Files and Directories.
         Starting Network Time Synchronization...
         Starting Update UTMP about System Boot/Shutdown...
[[0;32m  OK  [0m] Started udev Coldplug all Devices.
[   14.566253] remoteproc remoteproc0: wkup_m3 is available
[   14.684620] omap_rtc 44e3e000.rtc: registered as rtc0
[   14.689801] omap_rtc 44e3e000.rtc: setting system clock to 2000-01-01T00:00:00 UTC (946684800)
[   14.758649] at24 2-0054: supply vcc not found, using dummy regulator
[   14.791313] omap_wdt: OMAP Watchdog Timer Rev 0x01: initial timeout 60 sec
[   14.896445] at24 2-0055: supply vcc not found, using dummy regulator
[[0;32m  OK  [0m] Found device /dev/ttyS0.
[[0;32m  OK  [0m] Started Update UTMP about System Boot/Shutdown.
[   15.014783] at24 2-0056: supply vcc not found, using dummy regulator
[   15.125053] at24 2-0057: supply vcc not found, using dummy regulator
[   15.154154] input: tps65217_pwrbutton as /devices/platform/ocp/44c00000.interconnect/44c00000.interconnect:segment@200000/44e0b000.target-module/44e0b000.i2c/i2c-0/0-0024/tps65217-pwrbutton/input/input0
[   15.276771] at24 0-0050: 32768 byte 24c256 EEPROM, writable, 1 bytes/write
[   15.777561] am335x-phy-driver 47401300.usb-phy: dummy supplies not allowed for exclusive requests (id=vbus)
[   15.942172] am335x-phy-driver 47401b00.usb-phy: dummy supplies not allowed for exclusive requests (id=vbus)
[   16.206412] usbcore: registered new interface driver usbfs
[   16.212775] usbcore: registered new interface driver hub
[   16.218227] usbcore: registered new device driver usb
[[0;32m  OK  [0m] Started Network Time Synchronization.
[[0;32m  OK  [0m] Reached target System Initialization.
[[0;32m  OK  [0m] Started Daily Cleanup of Temporary Directories.
[[0;32m  OK  [0m] Listening on Avahi mDNS/DNS-SD Stack Activation Socket.
[[0;32m  OK  [0m] Listening on D-Bus System Message Bus Socket.
[[0;32m  OK  [0m] Reached target Sockets.
[[0;32m  OK  [0m] Reached target Basic System.
[   16.965172] omap-mailbox 480c8000.mailbox: omap mailbox rev 0x400
[   16.990615] musb-hdrc musb-hdrc.1: MUSB HDRC host driver
[   16.996175] musb-hdrc musb-hdrc.1: new USB bus registered, assigned bus number 1
[   17.086765] remoteproc remoteproc0: powering up wkup_m3
[[0;32m  OK  [0m] Started Regular background program processing daemon.
         Starting LSB: Load kernel modules needed to enable cpufreq scaling...
[   17.261076] usb usb1: New USB device found, idVendor=1d6b, idProduct=0002, bcdDevice= 6.15
[   17.269627] usb usb1: New USB device strings: Mfr=3, Product=2, SerialNumber=1
[   17.277142] usb usb1: Product: MUSB HDRC host driver
[   17.282194] usb usb1: Manufacturer: Linux 6.15.0-next-20250606 musb-hcd
[   17.288845] usb usb1: SerialNumber: musb-hdrc.1
[   17.321698] tda998x 0-0070: found TDA19988
         Starting Generic Board Startup...
[   17.423487] remoteproc remoteproc0: Direct firmware load for am335x-pm-firmware.elf failed with error -2
[   17.433314] remoteproc remoteproc0: request_firmware failed: -2
[   17.439278] wkup_m3_ipc 44e11324.wkup_m3_ipc: rproc_boot failed
         Starting LSB: Start busybox udhcpd at boot time...
         Starting Cape Manager Service...
[[0;32m  OK  [0m] Started D-Bus System Message Bus.
[   17.824588] hub 1-0:1.0: USB hub found
[   17.864730] hub 1-0:1.0: 1 port detected
[   19.323631] omap_rng 48310000.rng: Random Number Generator ver. 20
[   19.515385] tilcdc 4830e000.lcdc: bound 0-0070 (ops tda998x_audio_codec_init [tda998x])
[   19.645995] [drm] Initialized tilcdc 1.0.0 for 4830e000.lcdc on minor 0
[   19.743652] tilcdc 4830e000.lcdc: [drm] Cannot find any crtc or sizes
[   19.757631] tilcdc 4830e000.lcdc: [drm] Cannot find any crtc or sizes
[   20.573993] PM: Cannot get wkup_m3_ipc handle
[   20.632596] omap-sham 53100000.sham: hw accel on OMAP rev 4.3
[   20.748063] omap-sham 53100000.sham: will run requests pump with realtime priority
[   20.762465] PM: Cannot get wkup_m3_ipc handle
[   20.889576] omap-aes 53500000.aes: OMAP AES hw accel rev: 3.2
[   21.014299] omap-aes 53500000.aes: will run requests pump with realtime priority
[   21.022966] PM: Cannot get wkup_m3_ipc handle
         Starting System Logging Service...
         Starting Telephony service...
         Starting Avahi mDNS/DNS-SD Stack...
         Starting Login Service...
         Starting DUN service...
         Starting Connection service...
[[0;32m  OK  [0m] Reached target System Time Synchronized.
[[0;32m  OK  [0m] Started Daily apt download activities.
[[0;32m  OK  [0m] Started Daily apt upgrade and clean activities.
[[0;32m  OK  [0m] Reached target Timers.
[[0;32m  OK  [0m] Started Cape Manager Service.
[[0;32m  OK  [0m] Started System Logging Service.
[   24.827406] PM: Cannot get wkup_m3_ipc handle
[   24.889386] gpio-537 (nxp,calib): gpiod_direction_output_nonotify: tried to set a GPIO tied to an IRQ as output
[   24.952496] PM: Cannot get wkup_m3_ipc handle
[   24.970962] Bluetooth: Core ver 2.22
[   24.975007] NET: Registered PF_BLUETOOTH protocol family
[   24.980363] Bluetooth: HCI device and connection manager initialized
[   24.986872] Bluetooth: HCI socket layer initialized
[   24.991823] Bluetooth: L2CAP socket layer initialized
[   24.996934] Bluetooth: SCO socket layer initialized
[   25.173293] tda9950 0-0034: TDA9950 CEC interface, hardware version 3.3
[   25.235792] PM: Cannot get wkup_m3_ipc handle
[[0;32m  OK  [0m] Started LSB: Start busybox udhcpd at boot time.
[[0;32m  OK  [0m] Started Raise network interfaces.
[[0;32m  OK  [0m] Started LSB: Load kernel modules needed to enable cpufreq scaling.
[   28.345513] configfs-gadget.g_multi gadget.0: HOST MAC 1c:ba:8c:a2:ed:6c
[   28.352522] configfs-gadget.g_multi gadget.0: MAC 1c:ba:8c:a2:ed:70
[   28.359882] configfs-gadget.g_multi gadget.0: HOST MAC 1c:ba:8c:a2:ed:6c
[   28.366780] configfs-gadget.g_multi gadget.0: MAC 1c:ba:8c:a2:ed:6d
[   28.386304] PM: Cannot get wkup_m3_ipc handle
[[0;32m  OK  [0m] Started DUN service.
[[0;32m  OK  [0m] Started Telephony service.
[[0;32m  OK  [0m] Started Avahi mDNS/DNS-SD Stack.
[[0;32m  OK  [0m] Started Connection service.
[[0;32m  OK  [0m] Started Login Service.
[[0;32m  OK  [0m] Reached target Sound Card.
         Starting LSB: set CPUFreq kernel parameters...
[[0;32m  OK  [0m] Reached target Network.
         Starting Permit User Sessions...
[[0;32m  OK  [0m] Reached target Network is Online.
         Starting LSB: Advanced IEEE 802.11 management daemon...
         Starting OpenBSD Secure Shell server...
         Starting The Apache HTTP Server...
[[0;32m  OK  [0m] Started Permit User Sessions.
[[0;32m  OK  [0m] Started LSB: Advanced IEEE 802.11 management daemon.
         Starting Hostname Service...
         Starting WPA supplicant...
[[0;32m  OK  [0m] Started Serial Getty on ttyS0.
[[0;32m  OK  [0m] Started Getty on tty1.
[[0;32m  OK  [0m] Reached target Login Prompts.
[[0;32m  OK  [0m] Started LSB: set CPUFreq kernel parameters.
[[0;32m  OK  [0m] Started WPA supplicant.
[[0;32m  OK  [0m] Started Hostname Service.
         Stopping LSB: Start busybox udhcpd at boot time...
[[0;32m  OK  [0m] Started OpenBSD Secure Shell server.
[[0;32m  OK  [0m] Stopped LSB: Start busybox udhcpd at boot time.
         Starting dnsmasq - A lightweight DHCP and caching DNS server...
[[0;32m  OK  [0m] Started The Apache HTTP Server.
[[0;32m  OK  [0m] Started dnsmasq - A lightweight DHCP and caching DNS server.
[[0;32m  OK  [0m] Reached target Host and Network Name Lookups.
[[0;32m  OK  [0m] Started Serial Getty on ttyGS0.
[[0;32m  OK  [0m] Started Generic Board Startup.
[[0;32m  OK  [0m] Reached target Multi-User System.
[[0;32m  OK  [0m] Reached target Graphical Interface.
         Starting Update UTMP about System Runlevel Changes...
[[0;32m  OK  [0m] Started Update UTMP about System Runlevel Changes.

Debian GNU/Linux 9 arm ttyS0

default username:password is [debian:temppwd]

arm login: root
Password: 
Last login: Sat Jan  1 00:00:36 UTC 2000 on ttyS0
root
Linux arm 6.15.0-next-20250606 #1 SMP Fri Jun  6 08:44:16 EEST 2025 armv7l

The programs included with the Debian GNU/Linux system are free software;
the exact distribution terms for each program are described in the
individual files in /usr/share/doc/*/copyright.

Debian GNU/Linux comes with ABSOLUTELY NO WARRANTY, to the extent
permitted by applicable law.
root@arm:~# root
-bash: root: command not found
root@arm:~# dmesg -n 1
root@arm:~# echo 'JSGS''JXBVAC'
JSGSJXBVAC
root@arm:~# run() { echo -n "$MARKER"; sh -c "$@"; echo "$MARKER $?"; }
root@arm:~# echo 'VBSE''XPMWHB'
VBSEXPMWHB
root@arm:~# MARKER='JSGT''CMLPCU' run 'cat /proc/version'
JSGTCMLPCULinux version 6.15.0-next-20250606 (user01@drvtest01) (arm-none-eabi-gcc (Arm GNU Toolchain 14.2.Rel1 (Build arm-14.52)) 14.2.1 20241119, GNU ld (Arm GNU Toolchain 14.2.Rel1 (Build arm-14.52)) 2.43.1.20241119) #1 SMP Fri Jun  6 08:44:16 EEST 2025
JSGTCMLPCU 0
root@arm:~# echo 'SZWM''MSZEYP'
SZWMMSZEYP
root@arm:~# MARKER='NVMF''YKEJZA' run false
NVMFYKEJZANVMFYKEJZA 1
root@arm:~# Labgrid Console Logfile for main
Logfile started at 2025-06-06 08:49:46.346442
=== Log starts here ===

root@arm:~# run() { echo -n "$MARKER"; sh -c "$@"; echo "$MARKER $?"; }
root@arm:~# echo 'UEZF''NTQYCB'
UEZFNTQYCB
root@arm:~# MARKER='GFMF''MFAXAN' run 'ls /iio_generic_buffer; echo $?'
GFMFMFAXAN/iio_generic_buffer
0
GFMFMFAXAN 0
root@arm:~# Labgrid Console Logfile for main
Logfile started at 2025-06-06 08:49:49.765518
=== Log starts here ===

root@arm:~# run() { echo -n "$MARKER"; sh -c "$@"; echo "$MARKER $?"; }
root@arm:~# echo 'EVYC''NMMEJF'
EVYCNMMEJF
root@arm:~# MARKER='QYXA''LCVMZO' run dmesg
QYXALCVMZO[    0.000000] Booting Linux on physical CPU 0x0
[    0.000000] Linux version 6.15.0-next-20250606 (user01@drvtest01) (arm-none-eabi-gcc (Arm GNU Toolchain 14.2.Rel1 (Build arm-14.52)) 14.2.1 20241119, GNU ld (Arm GNU Toolchain 14.2.Rel1 (Build arm-14.52)) 2.43.1.20241119) #1 SMP Fri Jun  6 08:44:16 EEST 2025
[    0.000000] CPU: ARMv7 Processor [413fc082] revision 2 (ARMv7), cr=10c5387d
[    0.000000] CPU: PIPT / VIPT nonaliasing data cache, VIPT aliasing instruction cache
[    0.000000] OF: fdt: Machine model: TI AM335x BeagleBone Black
[    0.000000] Memory policy: Data cache writeback
[    0.000000] cma: Reserved 16 MiB at 0x9e800000
[    0.000000] Zone ranges:
[    0.000000]   Normal   [mem 0x0000000080000000-0x000000009fdfffff]
[    0.000000]   HighMem  empty
[    0.000000] Movable zone start for each node
[    0.000000] Early memory node ranges
[    0.000000]   node   0: [mem 0x0000000080000000-0x000000009fdfffff]
[    0.000000] Initmem setup node 0 [mem 0x0000000080000000-0x000000009fdfffff]
[    0.000000] On node 0, zone Normal: 512 pages in unavailable ranges
[    0.000000] OF: reserved mem: Reserved memory: No reserved-memory node in the DT
[    0.000000] CPU: All CPU(s) started in SVC mode.
[    0.000000] AM335X ES2.1 (sgx neon)
[    0.000000] percpu: Embedded 17 pages/cpu s39820 r8192 d21620 u69632
[    0.000000] pcpu-alloc: s39820 r8192 d21620 u69632 alloc=17*4096
[    0.000000] pcpu-alloc: [0] 0 
[    0.000000] Kernel command line: console=ttyO0,115200n8 root=/dev/nfs rw nfsroot=192.168.255.126:/home/user01/nfs,nfsvers=3 ip=192.168.255.1:192.168.255.126::255.255.255.0:bbb1:eth0 nfsrootdebug
[    0.000000] Unknown kernel command line parameters "nfsrootdebug", will be passed to user space.
[    0.000000] printk: log buffer data + meta data: 65536 + 204800 = 270336 bytes
[    0.000000] Dentry cache hash table entries: 65536 (order: 6, 262144 bytes, linear)
[    0.000000] Inode-cache hash table entries: 32768 (order: 5, 131072 bytes, linear)
[    0.000000] Built 1 zonelists, mobility grouping on.  Total pages: 130560
[    0.000000] mem auto-init: stack:off, heap alloc:off, heap free:off
[    0.000000] SLUB: HWalign=16, Order=0-3, MinObjects=0, CPUs=1, Nodes=1
[    0.000000] rcu: Hierarchical RCU implementation.
[    0.000000] rcu: 	RCU event tracing is enabled.
[    0.000000] rcu: 	RCU restricting CPUs from NR_CPUS=2 to nr_cpu_ids=1.
[    0.000000] 	Tracing variant of Tasks RCU enabled.
[    0.000000] rcu: RCU calculated value of scheduler-enlistment delay is 10 jiffies.
[    0.000000] rcu: Adjusting geometry for rcu_fanout_leaf=16, nr_cpu_ids=1
[    0.000000] RCU Tasks Trace: Setting shift to 0 and lim to 1 rcu_task_cb_adjust=1 rcu_task_cpu_ids=1.
[    0.000000] NR_IRQS: 16, nr_irqs: 16, preallocated irqs: 16
[    0.000000] IRQ: Found an INTC at 0x(ptrval) (revision 5.0) with 128 interrupts
[    0.000000] rcu: srcu_init: Setting srcu_struct sizes based on contention.
[    0.000000] TI gptimer clocksource: always-on /ocp/interconnect@44c00000/segment@200000/target-module@31000
[    0.000003] sched_clock: 32 bits at 24MHz, resolution 41ns, wraps every 89478484971ns
[    0.000026] clocksource: dmtimer: mask: 0xffffffff max_cycles: 0xffffffff, max_idle_ns: 79635851949 ns
[    0.000511] TI gptimer clockevent: 24000000 Hz at /ocp/interconnect@48000000/segment@0/target-module@40000
[    0.002154] Console: colour dummy device 80x30
[    0.002218] WARNING: Your 'console=ttyO0' has been replaced by 'ttyS0'
[    0.002227] This ensures that you still see kernel messages. Please
[    0.002231] update your kernel commandline.
[    0.002272] Calibrating delay loop... 996.14 BogoMIPS (lpj=4980736)
[    0.090557] CPU: Testing write buffer coherency: ok
[    0.090671] CPU0: Spectre v2: using BPIALL workaround
[    0.090680] pid_max: default: 32768 minimum: 301
[    0.090838] LSM: initializing lsm=capability
[    0.091017] Mount-cache hash table entries: 1024 (order: 0, 4096 bytes, linear)
[    0.091034] Mountpoint-cache hash table entries: 1024 (order: 0, 4096 bytes, linear)
[    0.092649] CPU0: thread -1, cpu 0, socket -1, mpidr 0
[    0.092704] cacheinfo: Unable to detect cache hierarchy for CPU 0
[    0.094736] Setting up static identity map for 0x80100000 - 0x80100078
[    0.095058] rcu: Hierarchical SRCU implementation.
[    0.095069] rcu: 	Max phase no-delay instances is 1000.
[    0.096817] smp: Bringing up secondary CPUs ...
[    0.096870] smp: Brought up 1 node, 1 CPU
[    0.096883] SMP: Total of 1 processors activated (996.14 BogoMIPS).
[    0.096894] CPU: All CPU(s) started in SVC mode.
[    0.097080] Memory: 480820K/522240K available (11264K kernel code, 1221K rwdata, 2924K rodata, 1024K init, 287K bss, 23388K reserved, 16384K cma-reserved, 0K highmem)
[    0.097901] devtmpfs: initialized
[    0.115233] VFP support v0.3: implementor 41 architecture 3 part 30 variant c rev 3
[    0.115854] clocksource: jiffies: mask: 0xffffffff max_cycles: 0xffffffff, max_idle_ns: 19112604462750000 ns
[    0.115907] posixtimers hash table entries: 512 (order: 0, 4096 bytes, linear)
[    0.115934] futex hash table entries: 256 (16384 bytes on 1 NUMA nodes, total 16 KiB, linear).
[    0.117059] pinctrl core: initialized pinctrl subsystem
[    0.119118] NET: Registered PF_NETLINK/PF_ROUTE protocol family
[    0.122241] DMA: preallocated 256 KiB pool for atomic coherent allocations
[    0.123197] audit: initializing netlink subsys (disabled)
[    0.124548] thermal_sys: Registered thermal governor 'fair_share'
[    0.124564] thermal_sys: Registered thermal governor 'step_wise'
[    0.124573] thermal_sys: Registered thermal governor 'user_space'
[    0.124686] audit: type=2000 audit(0.120:1): state=initialized audit_enabled=0 res=1
[    0.124760] cpuidle: using governor menu
[    0.142595] /ocp/interconnect@44c00000/segment@200000/target-module@b000/i2c@0/tda19988@70: Fixed dependency cycle(s) with /ocp/interconnect@48000000/segment@300000/target-module@e000/lcdc@0
[    0.143719] /ocp/interconnect@48000000/segment@300000/target-module@e000/lcdc@0: Fixed dependency cycle(s) with /ocp/interconnect@44c00000/segment@200000/target-module@b000/i2c@0/tda19988@70
[    0.145917] No ATAGs?
[    0.145958] hw-breakpoint: debug architecture 0x4 unsupported.
[    0.148697] kprobes: kprobe jump-optimization is enabled. All kprobes are optimized if possible.
[    0.154044] iommu: Default domain type: Translated
[    0.154066] iommu: DMA domain TLB invalidation policy: strict mode
[    0.155638] reg-fixed-voltage fixedregulator0: using DT '/fixedregulator0' for '(default)' GPIO lookup
[    0.155693] of_get_named_gpiod_flags: can't parse 'gpios' property of node '/fixedregulator0[0]'
[    0.155721] of_get_named_gpiod_flags: can't parse 'gpio' property of node '/fixedregulator0[0]'
[    0.155738] reg-fixed-voltage fixedregulator0: using lookup tables for GPIO lookup
[    0.155747] reg-fixed-voltage fixedregulator0: No GPIO consumer (default) found
[    0.161403] SCSI subsystem initialized
[    0.161891] libata version 3.00 loaded.
[    0.162255] pps_core: LinuxPPS API ver. 1 registered
[    0.162265] pps_core: Software ver. 5.3.6 - Copyright 2005-2007 Rodolfo Giometti <giometti@linux.it>
[    0.162297] PTP clock support registered
[    0.171017] vgaarb: loaded
[    0.171392] clocksource: Switched to clocksource dmtimer
[    0.172057] VFS: Disk quotas dquot_6.6.0
[    0.172109] VFS: Dquot-cache hash table entries: 1024 (order 0, 4096 bytes)
[    0.196668] NET: Registered PF_INET protocol family
[    0.197002] IP idents hash table entries: 8192 (order: 4, 65536 bytes, linear)
[    0.198443] tcp_listen_portaddr_hash hash table entries: 512 (order: 0, 4096 bytes, linear)
[    0.198481] Table-perturb hash table entries: 65536 (order: 6, 262144 bytes, linear)
[    0.198500] TCP established hash table entries: 4096 (order: 2, 16384 bytes, linear)
[    0.198545] TCP bind hash table entries: 4096 (order: 4, 65536 bytes, linear)
[    0.198644] TCP: Hash tables configured (established 4096 bind 4096)
[    0.198762] UDP hash table entries: 256 (order: 1, 14336 bytes, linear)
[    0.198798] UDP-Lite hash table entries: 256 (order: 1, 14336 bytes, linear)
[    0.198977] NET: Registered PF_UNIX/PF_LOCAL protocol family
[    0.202019] RPC: Registered named UNIX socket transport module.
[    0.202039] RPC: Registered udp transport module.
[    0.202044] RPC: Registered tcp transport module.
[    0.202049] RPC: Registered tcp-with-tls transport module.
[    0.202054] RPC: Registered tcp NFSv4.1 backchannel transport module.
[    0.202078] PCI: CLS 0 bytes, default 64
[    0.203456] Initialise system trusted keyrings
[    0.212068] workingset: timestamp_bits=14 max_order=17 bucket_order=3
[    0.213409] NFS: Registering the id_resolver key type
[    0.213482] Key type id_resolver registered
[    0.213490] Key type id_legacy registered
[    0.213595] jffs2: version 2.2. (NAND) (SUMMARY)  Â© 2001-2006 Red Hat, Inc.
[    0.214064] Key type asymmetric registered
[    0.214080] Asymmetric key parser 'x509' registered
[    0.214152] io scheduler mq-deadline registered
[    0.214162] io scheduler kyber registered
[    0.214231] io scheduler bfq registered
[    0.216106] target-module@4b000000:target-module@140000:pmu@0:fck: device ID is greater than 24
[    0.222295] l3-aon-clkctrl:0000:0: failed to disable
[    0.231564] ledtrig-cpu: registered to indicate activity on CPUs
[    0.234392] Serial: 8250/16550 driver, 6 ports, IRQ sharing enabled
[    0.273261] brd: module loaded
[    0.287310] loop: module loaded
[    0.288253] mtdoops: mtd device (mtddev=name/number) must be supplied
[    0.300716] mdio_bus fixed-0: using lookup tables for GPIO lookup
[    0.300743] mdio_bus fixed-0: No GPIO consumer reset found
[    0.302276] i2c_dev: i2c /dev entries driver
[    0.303268] cpuidle: enable-method property 'ti,am3352' found operations
[    0.303717] sdhci: Secure Digital Host Controller Interface driver
[    0.303725] sdhci: Copyright(c) Pierre Ossman
[    0.303904] sdhci-pltfm: SDHCI platform and OF driver helper
[    0.305339] hw perfevents: enabled with armv7_cortex_a8 PMU driver, 5 (8000000f) counters available
[    0.305854] Initializing XFRM netlink socket
[    0.306034] NET: Registered PF_INET6 protocol family
[    0.311681] l3-aon-clkctrl:0000:0: failed to disable
[    0.313285] Segment Routing with IPv6
[    0.313369] In-situ OAM (IOAM) with IPv6
[    0.313467] sit: IPv6, IPv4 and MPLS over IPv4 tunneling driver
[    0.314415] NET: Registered PF_PACKET protocol family
[    0.314443] NET: Registered PF_KEY protocol family
[    0.314555] Key type dns_resolver registered
[    0.314777] ThumbEE CPU extension supported.
[    0.314795] Registering SWP/SWPB emulation handler
[    0.315334] omap_voltage_late_init: Voltage driver support not added
[    0.315995] SmartReflex Class3 initialized
[    0.346014] Loading compiled-in X.509 certificates
[    0.391680] /ocp/interconnect@44c00000/segment@200000/target-module@b000/i2c@0/tda19988@70: Fixed dependency cycle(s) with /ocp/interconnect@48000000/segment@300000/target-module@e000/lcdc@0
[    0.398092] /ocp/interconnect@44c00000/segment@200000/target-module@b000/i2c@0/tda19988@70: Fixed dependency cycle(s) with /ocp/interconnect@48000000/segment@300000/target-module@e000/lcdc@0
[    0.403819] gpiochip_find_base_unlocked: found new base at 512
[    0.424950] /ocp/interconnect@44c00000/segment@200000/target-module@b000/i2c@0/tda19988@70: Fixed dependency cycle(s) with /ocp/interconnect@48000000/segment@300000/target-module@e000/lcdc@0
[    0.425834] /ocp/interconnect@44c00000/segment@200000/target-module@b000/i2c@0/tda19988@70: Fixed dependency cycle(s) with /ocp/interconnect@48000000/segment@300000/target-module@e000/lcdc@0
[    0.429338] /ocp/interconnect@44c00000/segment@200000/target-module@10000/scm@0/pinmux@800: Fixed dependency cycle(s) with /ocp/interconnect@44c00000/segment@200000/target-module@10000/scm@0/pinmux@800/clkout2-pins
[    0.429924] pinctrl-single 44e10800.pinmux: 142 pins, size 568
[    0.435505] ti-sysc 44e31000.target-module: probe with driver ti-sysc failed with error -16
[    0.473023] /ocp/interconnect@48000000/segment@300000/target-module@e000/lcdc@0: Fixed dependency cycle(s) with /ocp/interconnect@44c00000/segment@200000/target-module@b000/i2c@0/tda19988@70
[    0.481101] ti-sysc 48040000.target-module: probe with driver ti-sysc failed with error -16
[    0.492723] gpiochip_find_base_unlocked: found new base at 512
[    0.492826] gpio gpiochip0: (gpio-0-31): created GPIO range 0->7 ==> 44e10800.pinmux PIN 0->7
[    0.492845] gpio gpiochip0: (gpio-0-31): created GPIO range 8->11 ==> 44e10800.pinmux PIN 90->93
[    0.492860] gpio gpiochip0: (gpio-0-31): created GPIO range 12->27 ==> 44e10800.pinmux PIN 12->27
[    0.492875] gpio gpiochip0: (gpio-0-31): created GPIO range 28->31 ==> 44e10800.pinmux PIN 30->33
[    0.519116] gpio gpiochip0: (gpio-0-31): added GPIO chardev (254:0)
[    0.519264] gpio gpiochip0: registered GPIOs 512 to 543 on gpio-0-31
[    0.519350] OMAP GPIO hardware version 0.1
[    0.553184] i2c i2c-2: using DT '/ocp/interconnect@48000000/segment@100000/target-module@9c000/i2c@0' for 'scl' GPIO lookup
[    0.553255] of_get_named_gpiod_flags: can't parse 'scl-gpios' property of node '/ocp/interconnect@48000000/segment@100000/target-module@9c000/i2c@0[0]'
[    0.553297] of_get_named_gpiod_flags: can't parse 'scl-gpio' property of node '/ocp/interconnect@48000000/segment@100000/target-module@9c000/i2c@0[0]'
[    0.553332] i2c i2c-2: using lookup tables for GPIO lookup
[    0.553341] i2c i2c-2: No GPIO consumer scl found
[    0.553362] i2c i2c-2: using DT '/ocp/interconnect@48000000/segment@100000/target-module@9c000/i2c@0' for 'sda' GPIO lookup
[    0.553398] of_get_named_gpiod_flags: can't parse 'sda-gpios' property of node '/ocp/interconnect@48000000/segment@100000/target-module@9c000/i2c@0[0]'
[    0.553434] of_get_named_gpiod_flags: can't parse 'sda-gpio' property of node '/ocp/interconnect@48000000/segment@100000/target-module@9c000/i2c@0[0]'
[    0.553465] i2c i2c-2: using lookup tables for GPIO lookup
[    0.553472] i2c i2c-2: No GPIO consumer sda found
[    0.554190] omap_i2c 4819c000.i2c: bus 2 rev0.11 at 100 kHz
[    0.559804] gpiochip_find_base_unlocked: found new base at 544
[    0.559903] gpio gpiochip1: (gpio-32-63): created GPIO range 0->17 ==> 44e10800.pinmux PIN 34->51
[    0.559924] gpio gpiochip1: (gpio-32-63): created GPIO range 18->21 ==> 44e10800.pinmux PIN 77->80
[    0.559939] gpio gpiochip1: (gpio-32-63): created GPIO range 22->31 ==> 44e10800.pinmux PIN 56->65
[    0.560733] gpio gpiochip1: (gpio-32-63): added GPIO chardev (254:1)
[    0.560871] gpio gpiochip1: registered GPIOs 544 to 575 on gpio-32-63
[    0.563397] gpiochip_find_base_unlocked: found new base at 576
[    0.563683] gpio gpiochip2: (gpio-64-95): created GPIO range 0->4 ==> 44e10800.pinmux PIN 66->70
[    0.563710] gpio gpiochip2: (gpio-64-95): created GPIO range 5->6 ==> 44e10800.pinmux PIN 98->99
[    0.563726] gpio gpiochip2: (gpio-64-95): created GPIO range 7->8 ==> 44e10800.pinmux PIN 75->76
[    0.563740] gpio gpiochip2: (gpio-64-95): created GPIO range 13->13 ==> 44e10800.pinmux PIN 141->141
[    0.563756] gpio gpiochip2: (gpio-64-95): created GPIO range 14->21 ==> 44e10800.pinmux PIN 100->107
[    0.564637] gpio gpiochip2: (gpio-64-95): added GPIO chardev (254:2)
[    0.564770] gpio gpiochip2: registered GPIOs 576 to 607 on gpio-64-95
[    0.570493] 48000000.interconnect:segment@200000:target-module@0:mpu@0:fck: device ID is greater than 24
[    0.571617] /ocp/interconnect@48000000/segment@300000/target-module@e000/lcdc@0: Fixed dependency cycle(s) with /ocp/interconnect@44c00000/segment@200000/target-module@b000/i2c@0/tda19988@70
[    0.574573] /ocp/interconnect@48000000/segment@300000/target-module@e000/lcdc@0: Fixed dependency cycle(s) with /ocp/interconnect@44c00000/segment@200000/target-module@b000/i2c@0/tda19988@70
[    0.575289] /ocp/interconnect@44c00000/segment@200000/target-module@b000/i2c@0/tda19988@70: Fixed dependency cycle(s) with /ocp/interconnect@48000000/segment@300000/target-module@e000/lcdc@0
[    0.575461] /ocp/interconnect@48000000/segment@300000/target-module@e000/lcdc@0: Fixed dependency cycle(s) with /ocp/interconnect@44c00000/segment@200000/target-module@b000/i2c@0/tda19988@70
[    0.585305] mdio_bus 4a101000.mdio: using DT '/ocp/interconnect@4a000000/segment@0/target-module@100000/switch@0/mdio@1000' for 'reset' GPIO lookup
[    0.585382] of_get_named_gpiod_flags: can't parse 'reset-gpios' property of node '/ocp/interconnect@4a000000/segment@0/target-module@100000/switch@0/mdio@1000[0]'
[    0.585429] of_get_named_gpiod_flags: can't parse 'reset-gpio' property of node '/ocp/interconnect@4a000000/segment@0/target-module@100000/switch@0/mdio@1000[0]'
[    0.585475] mdio_bus 4a101000.mdio: using lookup tables for GPIO lookup
[    0.585484] mdio_bus 4a101000.mdio: No GPIO consumer reset found
[    0.586838] sdhci-omap 481d8000.mmc: using DT '/ocp/interconnect@48000000/segment@100000/target-module@d8000/mmc@0' for 'wp' GPIO lookup
[    0.586903] of_get_named_gpiod_flags: can't parse 'wp-gpios' property of node '/ocp/interconnect@48000000/segment@100000/target-module@d8000/mmc@0[0]'
[    0.586944] of_get_named_gpiod_flags: can't parse 'wp-gpio' property of node '/ocp/interconnect@48000000/segment@100000/target-module@d8000/mmc@0[0]'
[    0.586977] sdhci-omap 481d8000.mmc: using lookup tables for GPIO lookup
[    0.586986] sdhci-omap 481d8000.mmc: No GPIO consumer wp found
[    0.587185] sdhci-omap 481d8000.mmc: supply pbias not found, using dummy regulator
[    0.587682] sdhci-omap 481d8000.mmc: supply vqmmc not found, using dummy regulator
[    0.636008] davinci_mdio 4a101000.mdio: davinci mdio revision 1.6, bus freq 1000000
[    0.667306] mdio_bus 4a101000.mdio:00: using DT '/ocp/interconnect@4a000000/segment@0/target-module@100000/switch@0/mdio@1000/ethernet-phy@0' for 'reset' GPIO lookup
[    0.667409] of_get_named_gpiod_flags: parsed 'reset-gpios' property of node '/ocp/interconnect@4a000000/segment@0/target-module@100000/switch@0/mdio@1000/ethernet-phy@0[0]' - status (0)
[    0.667568] gpio gpiochip0: Persistence not supported for GPIO 8
[    0.807518] davinci_mdio 4a101000.mdio: phy[0]: device 4a101000.mdio:00, driver SMSC LAN8710/LAN8720
[    0.808289] cpsw-switch 4a100000.switch: initialized cpsw ale version 1.4
[    0.808312] cpsw-switch 4a100000.switch: ALE Table size 1024, Policers 0
[    0.808457] cpsw-switch 4a100000.switch: cpts: overflow check period 500 (jiffies)
[    0.808472] cpsw-switch 4a100000.switch: CPTS: ref_clk_freq:250000000 calc_mult:2147483648 calc_shift:29 error:0 nsec/sec
[    0.808589] cpsw-switch 4a100000.switch: Detected MACID = 6c:ec:eb:68:de:78
[    0.810453] cpsw-switch 4a100000.switch: initialized (regs 0x4a100000, pool size 256) hw_ver:0019010C 1.12 (0)
[    0.821689] debugfs: Directory '49000000.dma' with parent 'dmaengine' already present!
[    0.821732] edma 49000000.dma: TI EDMA DMA engine driver
[    0.864518] gpio-clk clk_mcasp0: using DT '/clk_mcasp0' for 'enable' GPIO lookup
[    0.864595] of_get_named_gpiod_flags: parsed 'enable-gpios' property of node '/clk_mcasp0[0]' - status (0)
[    0.864640] gpio gpiochip0: Persistence not supported for GPIO 27
[    0.865491] gpiochip_find_base_unlocked: found new base at 608
[    0.865605] gpio gpiochip3: (gpio-96-127): created GPIO range 0->7 ==> 44e10800.pinmux PIN 82->89
[    0.865624] gpio gpiochip3: (gpio-96-127): created GPIO range 8->11 ==> 44e10800.pinmux PIN 52->55
[    0.865640] gpio gpiochip3: (gpio-96-127): created GPIO range 12->15 ==> 44e10800.pinmux PIN 94->97
[    0.865655] gpio gpiochip3: (gpio-96-127): created GPIO range 16->17 ==> 44e10800.pinmux PIN 71->72
[    0.865671] gpio gpiochip3: (gpio-96-127): created GPIO range 18->18 ==> 44e10800.pinmux PIN 135->135
[    0.865686] gpio gpiochip3: (gpio-96-127): created GPIO range 19->20 ==> 44e10800.pinmux PIN 108->109
[    0.865702] gpio gpiochip3: (gpio-96-127): created GPIO range 21->21 ==> 44e10800.pinmux PIN 73->73
[    0.865720] gpio gpiochip3: (gpio-96-127): created GPIO range 22->23 ==> 44e10800.pinmux PIN 8->9
[    0.865738] gpio gpiochip3: (gpio-96-127): created GPIO range 26->27 ==> 44e10800.pinmux PIN 10->11
[    0.865756] gpio gpiochip3: (gpio-96-127): created GPIO range 28->28 ==> 44e10800.pinmux PIN 74->74
[    0.865774] gpio gpiochip3: (gpio-96-127): created GPIO range 29->29 ==> 44e10800.pinmux PIN 81->81
[    0.865792] gpio gpiochip3: (gpio-96-127): created GPIO range 30->31 ==> 44e10800.pinmux PIN 28->29
[    0.873602] gpio gpiochip3: (gpio-96-127): added GPIO chardev (254:3)
[    0.873770] gpio gpiochip3: registered GPIOs 608 to 639 on gpio-96-127
[    0.875690] omap8250 44e09000.serial: using DT '/ocp/interconnect@44c00000/segment@200000/target-module@9000/serial@0' for 'rs485-term' GPIO lookup
[    0.875759] of_get_named_gpiod_flags: can't parse 'rs485-term-gpios' property of node '/ocp/interconnect@44c00000/segment@200000/target-module@9000/serial@0[0]'
[    0.875801] of_get_named_gpiod_flags: can't parse 'rs485-term-gpio' property of node '/ocp/interconnect@44c00000/segment@200000/target-module@9000/serial@0[0]'
[    0.875837] omap8250 44e09000.serial: using lookup tables for GPIO lookup
[    0.875846] omap8250 44e09000.serial: No GPIO consumer rs485-term found
[    0.875856] omap8250 44e09000.serial: using DT '/ocp/interconnect@44c00000/segment@200000/target-module@9000/serial@0' for 'rs485-rx-during-tx' GPIO lookup
[    0.875893] of_get_named_gpiod_flags: can't parse 'rs485-rx-during-tx-gpios' property of node '/ocp/interconnect@44c00000/segment@200000/target-module@9000/serial@0[0]'
[    0.875930] of_get_named_gpiod_flags: can't parse 'rs485-rx-during-tx-gpio' property of node '/ocp/interconnect@44c00000/segment@200000/target-module@9000/serial@0[0]'
[    0.875961] omap8250 44e09000.serial: using lookup tables for GPIO lookup
[    0.875968] omap8250 44e09000.serial: No GPIO consumer rs485-rx-during-tx found
[    0.876334] 44e09000.serial: ttyS0 at MMIO 0x44e09000 (irq = 34, base_baud = 3000000) is a 8250
[    0.876426] printk: legacy console [ttyS0] enabled
[    2.357962] i2c i2c-0: using DT '/ocp/interconnect@44c00000/segment@200000/target-module@b000/i2c@0' for 'scl' GPIO lookup
[    2.358053] of_get_named_gpiod_flags: can't parse 'scl-gpios' property of node '/ocp/interconnect@44c00000/segment@200000/target-module@b000/i2c@0[0]'
[    2.358099] of_get_named_gpiod_flags: can't parse 'scl-gpio' property of node '/ocp/interconnect@44c00000/segment@200000/target-module@b000/i2c@0[0]'
[    2.358140] i2c i2c-0: using lookup tables for GPIO lookup
[    2.358153] i2c i2c-0: No GPIO consumer scl found
[    2.358179] i2c i2c-0: using DT '/ocp/interconnect@44c00000/segment@200000/target-module@b000/i2c@0' for 'sda' GPIO lookup
[    2.358218] of_get_named_gpiod_flags: can't parse 'sda-gpios' property of node '/ocp/interconnect@44c00000/segment@200000/target-module@b000/i2c@0[0]'
[    2.358258] of_get_named_gpiod_flags: can't parse 'sda-gpio' property of node '/ocp/interconnect@44c00000/segment@200000/target-module@b000/i2c@0[0]'
[    2.358293] i2c i2c-0: using lookup tables for GPIO lookup
[    2.358304] i2c i2c-0: No GPIO consumer sda found
[    2.372371] tps65217-pmic: Failed to locate of_node [id: -1]
[    2.378433] tps65217-bl: Failed to locate of_node [id: -1]
[    2.384490] platform tps65217-charger: DMA mask not set
[    2.390543] platform tps65217-pwrbutton: DMA mask not set
[    2.397891] tps65217 0-0024: TPS65217 ID 0xe version 1.2
[    2.404040] /ocp/interconnect@48000000/segment@300000/target-module@e000/lcdc@0: Fixed dependency cycle(s) with /ocp/interconnect@44c00000/segment@200000/target-module@b000/i2c@0/tda19988@70
[    2.421461] /ocp/interconnect@44c00000/segment@200000/target-module@b000/i2c@0/tda19988@70: Fixed dependency cycle(s) with /ocp/interconnect@48000000/segment@300000/target-module@e000/lcdc@0
[    2.438798] omap_i2c 44e0b000.i2c: bus 0 rev0.11 at 400 kHz
[    2.446459] sdhci-omap 48060000.mmc: using DT '/ocp/interconnect@48000000/segment@0/target-module@60000/mmc@0' for 'cd' GPIO lookup
[    2.446565] of_get_named_gpiod_flags: parsed 'cd-gpios' property of node '/ocp/interconnect@48000000/segment@0/target-module@60000/mmc@0[0]' - status (0)
[    2.446633] gpio gpiochip3: Persistence not supported for GPIO 6
[    2.446659] omap_gpio 44e07000.gpio: Could not set line 6 debounce to 200000 microseconds (-22)
[    2.455587] sdhci-omap 48060000.mmc: Got CD GPIO
[    2.460242] sdhci-omap 48060000.mmc: using DT '/ocp/interconnect@48000000/segment@0/target-module@60000/mmc@0' for 'wp' GPIO lookup
[    2.460290] of_get_named_gpiod_flags: can't parse 'wp-gpios' property of node '/ocp/interconnect@48000000/segment@0/target-module@60000/mmc@0[0]'
[    2.460334] of_get_named_gpiod_flags: can't parse 'wp-gpio' property of node '/ocp/interconnect@48000000/segment@0/target-module@60000/mmc@0[0]'
[    2.460373] sdhci-omap 48060000.mmc: using lookup tables for GPIO lookup
[    2.460387] sdhci-omap 48060000.mmc: No GPIO consumer wp found
[    2.460596] sdhci-omap 48060000.mmc: supply pbias not found, using dummy regulator
[    2.469399] sdhci-omap 481d8000.mmc: using DT '/ocp/interconnect@48000000/segment@100000/target-module@d8000/mmc@0' for 'wp' GPIO lookup
[    2.469476] of_get_named_gpiod_flags: can't parse 'wp-gpios' property of node '/ocp/interconnect@48000000/segment@100000/target-module@d8000/mmc@0[0]'
[    2.469523] of_get_named_gpiod_flags: can't parse 'wp-gpio' property of node '/ocp/interconnect@48000000/segment@100000/target-module@d8000/mmc@0[0]'
[    2.469562] sdhci-omap 481d8000.mmc: using lookup tables for GPIO lookup
[    2.469575] sdhci-omap 481d8000.mmc: No GPIO consumer wp found
[    2.470583] sdhci-omap 48060000.mmc: supply vqmmc not found, using dummy regulator
[    2.479746] sdhci-omap 481d8000.mmc: supply pbias not found, using dummy regulator
[    2.490321] sdhci-omap 481d8000.mmc: supply vqmmc not found, using dummy regulator
[    2.525232] mmc0: SDHCI controller on 48060000.mmc [48060000.mmc] using External DMA
[    2.533545] mmc1: SDHCI controller on 481d8000.mmc [481d8000.mmc] using External DMA
[    2.542276] cpsw-switch 4a100000.switch: starting ndev. mode: dual_mac
[    2.590540] mmc0: new high speed SDHC card at address 5048
[    2.597599] mmcblk0: mmc0:5048 SD16G 14.4 GiB
[    2.605873]  mmcblk0: p1 p2
[    2.609259] mmcblk0: p2 size 31221760 extends beyond EOD, truncated
[    2.622699] SMSC LAN8710/LAN8720 4a101000.mdio:00: attached PHY driver (mii_bus:phy_addr=4a101000.mdio:00, irq=POLL)
[    2.633685] mmc1: new high speed MMC card at address 0001
[    2.646254] mmcblk1: mmc1:0001 MMC04G 3.60 GiB
[    2.653886]  mmcblk1: p1 p2
[    2.658096] mmcblk1boot0: mmc1:0001 MMC04G 2.00 MiB
[    2.666829] mmcblk1boot1: mmc1:0001 MMC04G 2.00 MiB
[    2.676087] mmcblk1rpmb: mmc1:0001 MMC04G 128 KiB, chardev (249:0)
[    5.762204] cpsw-switch 4a100000.switch eth0: Link is Up - 100Mbps/Full - flow control off
[    5.801409] IP-Config: Complete:
[    5.804682]      device=eth0, hwaddr=6c:ec:eb:68:de:78, ipaddr=192.168.255.1, mask=255.255.255.0, gw=255.255.255.255
[    5.815301]      host=bbb1, domain=, nis-domain=(none)
[    5.820468]      bootserver=192.168.255.126, rootserver=192.168.255.126, rootpath=
[    5.820914] clk: Disabling unused clocks
[    5.832779] PM: genpd: Disabling unused power domains
[    5.837898] KTAP version 1
[    5.840618] 1..0
[    5.868703] VFS: Mounted root (nfs filesystem) on device 0:17.
[    5.875765] devtmpfs: mounted
[    5.880236] Freeing unused kernel image (initmem) memory: 1024K
[    5.887227] Run /sbin/init as init process
[    5.891421]   with arguments:
[    5.891436]     /sbin/init
[    5.891446]     nfsrootdebug
[    5.891455]   with environment:
[    5.891464]     HOME=/
[    5.891473]     TERM=linux
[    6.579872] systemd[1]: System time before build time, advancing clock.
[    8.061413] random: crng init done
[    8.074004] systemd[1]: systemd 232 running in system mode. (+PAM +AUDIT +SELINUX +IMA +APPARMOR +SMACK +SYSVINIT +UTMP +LIBCRYPTSETUP +GCRYPT +GNUTLS +ACL +XZ +LZ4 +SECCOMP +BLKID +ELFUTILS +KMOD +IDN)
[    8.093183] systemd[1]: Detected architecture arm.
[    8.124583] systemd[1]: Set hostname to <arm>.
[    9.222091] systemd[1]: Reached target Swap.
[    9.243401] systemd[1]: Listening on /dev/initctl Compatibility Named Pipe.
[    9.273360] systemd[1]: Listening on udev Control Socket.
[    9.303043] systemd[1]: Created slice User and Session Slice.
[    9.333380] systemd[1]: systemd-journald.socket: SO_PASSSEC failed: Operation not supported
[    9.342326] systemd[1]: systemd-journald.socket: SO_PASSSEC failed: Operation not supported
[    9.350908] systemd[1]: Listening on Journal Socket.
[   11.688122] systemd-journald[87]: Received request to flush runtime journal from PID 1
[   14.059556] leds-gpio leds: using DT '/leds/led2' for '(default)' GPIO lookup
[   14.059663] of_get_named_gpiod_flags: parsed 'gpios' property of node '/leds/led2[0]' - status (0)
[   14.059723] gpio gpiochip0: Persistence not supported for GPIO 21
[   14.059739] gpio-533 (?): no flags found for GPIO (default)
[   14.167989] leds-gpio leds: using DT '/leds/led3' for '(default)' GPIO lookup
[   14.168101] of_get_named_gpiod_flags: parsed 'gpios' property of node '/leds/led3[0]' - status (0)
[   14.168160] gpio gpiochip0: Persistence not supported for GPIO 22
[   14.168175] gpio-534 (?): no flags found for GPIO (default)
[   14.192918] leds-gpio leds: using DT '/leds/led4' for '(default)' GPIO lookup
[   14.193027] of_get_named_gpiod_flags: parsed 'gpios' property of node '/leds/led4[0]' - status (0)
[   14.193084] gpio gpiochip0: Persistence not supported for GPIO 23
[   14.193099] gpio-535 (?): no flags found for GPIO (default)
[   14.221961] leds-gpio leds: using DT '/leds/led5' for '(default)' GPIO lookup
[   14.222064] of_get_named_gpiod_flags: parsed 'gpios' property of node '/leds/led5[0]' - status (0)
[   14.222117] gpio gpiochip0: Persistence not supported for GPIO 24
[   14.222132] gpio-536 (?): no flags found for GPIO (default)
[   14.566253] remoteproc remoteproc0: wkup_m3 is available
[   14.684620] omap_rtc 44e3e000.rtc: registered as rtc0
[   14.689801] omap_rtc 44e3e000.rtc: setting system clock to 2000-01-01T00:00:00 UTC (946684800)
[   14.698680] omap_rtc 44e3e000.rtc: using DT '/ocp/interconnect@44c00000/segment@200000/target-module@3e000/rtc@0' for 'wp' GPIO lookup
[   14.698752] of_get_named_gpiod_flags: can't parse 'wp-gpios' property of node '/ocp/interconnect@44c00000/segment@200000/target-module@3e000/rtc@0[0]'
[   14.698799] of_get_named_gpiod_flags: can't parse 'wp-gpio' property of node '/ocp/interconnect@44c00000/segment@200000/target-module@3e000/rtc@0[0]'
[   14.698839] omap_rtc 44e3e000.rtc: using lookup tables for GPIO lookup
[   14.698853] omap_rtc 44e3e000.rtc: No GPIO consumer wp found
[   14.758649] at24 2-0054: supply vcc not found, using dummy regulator
[   14.791313] omap_wdt: OMAP Watchdog Timer Rev 0x01: initial timeout 60 sec
[   14.896445] at24 2-0055: supply vcc not found, using dummy regulator
[   15.014783] at24 2-0056: supply vcc not found, using dummy regulator
[   15.125053] at24 2-0057: supply vcc not found, using dummy regulator
[   15.154154] input: tps65217_pwrbutton as /devices/platform/ocp/44c00000.interconnect/44c00000.interconnect:segment@200000/44e0b000.target-module/44e0b000.i2c/i2c-0/0-0024/tps65217-pwrbutton/input/input0
[   15.276239] at24 0-0050: using DT '/ocp/interconnect@44c00000/segment@200000/target-module@b000/i2c@0/eeprom@50' for 'wp' GPIO lookup
[   15.276348] of_get_named_gpiod_flags: can't parse 'wp-gpios' property of node '/ocp/interconnect@44c00000/segment@200000/target-module@b000/i2c@0/eeprom@50[0]'
[   15.276406] of_get_named_gpiod_flags: can't parse 'wp-gpio' property of node '/ocp/interconnect@44c00000/segment@200000/target-module@b000/i2c@0/eeprom@50[0]'
[   15.276452] at24 0-0050: using lookup tables for GPIO lookup
[   15.276465] at24 0-0050: No GPIO consumer wp found
[   15.276771] at24 0-0050: 32768 byte 24c256 EEPROM, writable, 1 bytes/write
[   15.776864] am335x-phy-driver 47401300.usb-phy: using DT '/ocp/target-module@47400000/usb-phy@1300' for 'reset' GPIO lookup
[   15.777081] of_get_named_gpiod_flags: can't parse 'reset-gpios' property of node '/ocp/target-module@47400000/usb-phy@1300[0]'
[   15.777188] of_get_named_gpiod_flags: can't parse 'reset-gpio' property of node '/ocp/target-module@47400000/usb-phy@1300[0]'
[   15.777273] am335x-phy-driver 47401300.usb-phy: using lookup tables for GPIO lookup
[   15.777289] am335x-phy-driver 47401300.usb-phy: No GPIO consumer reset found
[   15.777304] am335x-phy-driver 47401300.usb-phy: using DT '/ocp/target-module@47400000/usb-phy@1300' for 'vbus-detect' GPIO lookup
[   15.777338] of_get_named_gpiod_flags: can't parse 'vbus-detect-gpios' property of node '/ocp/target-module@47400000/usb-phy@1300[0]'
[   15.777371] of_get_named_gpiod_flags: can't parse 'vbus-detect-gpio' property of node '/ocp/target-module@47400000/usb-phy@1300[0]'
[   15.777398] am335x-phy-driver 47401300.usb-phy: using lookup tables for GPIO lookup
[   15.777410] am335x-phy-driver 47401300.usb-phy: No GPIO consumer vbus-detect found
[   15.777561] am335x-phy-driver 47401300.usb-phy: dummy supplies not allowed for exclusive requests (id=vbus)
[   15.941711] am335x-phy-driver 47401b00.usb-phy: using DT '/ocp/target-module@47400000/usb-phy@1b00' for 'reset' GPIO lookup
[   15.941811] of_get_named_gpiod_flags: can't parse 'reset-gpios' property of node '/ocp/target-module@47400000/usb-phy@1b00[0]'
[   15.941858] of_get_named_gpiod_flags: can't parse 'reset-gpio' property of node '/ocp/target-module@47400000/usb-phy@1b00[0]'
[   15.941895] am335x-phy-driver 47401b00.usb-phy: using lookup tables for GPIO lookup
[   15.941909] am335x-phy-driver 47401b00.usb-phy: No GPIO consumer reset found
[   15.941922] am335x-phy-driver 47401b00.usb-phy: using DT '/ocp/target-module@47400000/usb-phy@1b00' for 'vbus-detect' GPIO lookup
[   15.941953] of_get_named_gpiod_flags: can't parse 'vbus-detect-gpios' property of node '/ocp/target-module@47400000/usb-phy@1b00[0]'
[   15.941984] of_get_named_gpiod_flags: can't parse 'vbus-detect-gpio' property of node '/ocp/target-module@47400000/usb-phy@1b00[0]'
[   15.942010] am335x-phy-driver 47401b00.usb-phy: using lookup tables for GPIO lookup
[   15.942022] am335x-phy-driver 47401b00.usb-phy: No GPIO consumer vbus-detect found
[   15.942172] am335x-phy-driver 47401b00.usb-phy: dummy supplies not allowed for exclusive requests (id=vbus)
[   16.206412] usbcore: registered new interface driver usbfs
[   16.212775] usbcore: registered new interface driver hub
[   16.218227] usbcore: registered new device driver usb
[   16.965172] omap-mailbox 480c8000.mailbox: omap mailbox rev 0x400
[   16.990615] musb-hdrc musb-hdrc.1: MUSB HDRC host driver
[   16.996175] musb-hdrc musb-hdrc.1: new USB bus registered, assigned bus number 1
[   17.086765] remoteproc remoteproc0: powering up wkup_m3
[   17.261076] usb usb1: New USB device found, idVendor=1d6b, idProduct=0002, bcdDevice= 6.15
[   17.269627] usb usb1: New USB device strings: Mfr=3, Product=2, SerialNumber=1
[   17.277142] usb usb1: Product: MUSB HDRC host driver
[   17.282194] usb usb1: Manufacturer: Linux 6.15.0-next-20250606 musb-hcd
[   17.288845] usb usb1: SerialNumber: musb-hdrc.1
[   17.321698] tda998x 0-0070: found TDA19988
[   17.423487] remoteproc remoteproc0: Direct firmware load for am335x-pm-firmware.elf failed with error -2
[   17.433314] remoteproc remoteproc0: request_firmware failed: -2
[   17.439278] wkup_m3_ipc 44e11324.wkup_m3_ipc: rproc_boot failed
[   17.824588] hub 1-0:1.0: USB hub found
[   17.864730] hub 1-0:1.0: 1 port detected
[   19.323631] omap_rng 48310000.rng: Random Number Generator ver. 20
[   19.515385] tilcdc 4830e000.lcdc: bound 0-0070 (ops tda998x_audio_codec_init [tda998x])
[   19.645995] [drm] Initialized tilcdc 1.0.0 for 4830e000.lcdc on minor 0
[   19.743652] tilcdc 4830e000.lcdc: [drm] Cannot find any crtc or sizes
[   19.757631] tilcdc 4830e000.lcdc: [drm] Cannot find any crtc or sizes
[   20.573993] PM: Cannot get wkup_m3_ipc handle
[   20.632596] omap-sham 53100000.sham: hw accel on OMAP rev 4.3
[   20.748063] omap-sham 53100000.sham: will run requests pump with realtime priority
[   20.762465] PM: Cannot get wkup_m3_ipc handle
[   20.889576] omap-aes 53500000.aes: OMAP AES hw accel rev: 3.2
[   21.014299] omap-aes 53500000.aes: will run requests pump with realtime priority
[   21.022966] PM: Cannot get wkup_m3_ipc handle
[   24.827406] PM: Cannot get wkup_m3_ipc handle
[   24.833392] asoc-simple-card sound: using DT '/sound' for 'simple-audio-card,hp-det' GPIO lookup
[   24.833466] of_get_named_gpiod_flags: can't parse 'simple-audio-card,hp-det-gpios' property of node '/sound[0]'
[   24.833501] of_get_named_gpiod_flags: can't parse 'simple-audio-card,hp-det-gpio' property of node '/sound[0]'
[   24.833526] asoc-simple-card sound: using lookup tables for GPIO lookup
[   24.833539] asoc-simple-card sound: No GPIO consumer simple-audio-card,hp-det found
[   24.833554] asoc-simple-card sound: using DT '/sound' for 'simple-audio-card,mic-det' GPIO lookup
[   24.833578] of_get_named_gpiod_flags: can't parse 'simple-audio-card,mic-det-gpios' property of node '/sound[0]'
[   24.833603] of_get_named_gpiod_flags: can't parse 'simple-audio-card,mic-det-gpio' property of node '/sound[0]'
[   24.833623] asoc-simple-card sound: using lookup tables for GPIO lookup
[   24.833635] asoc-simple-card sound: No GPIO consumer simple-audio-card,mic-det found
[   24.882186] tda998x 0-0070: using DT '/ocp/interconnect@44c00000/segment@200000/target-module@b000/i2c@0/tda19988@70' for 'nxp,calib' GPIO lookup
[   24.882330] of_get_named_gpiod_flags: parsed 'nxp,calib-gpios' property of node '/ocp/interconnect@44c00000/segment@200000/target-module@b000/i2c@0/tda19988@70[0]' - status (0)
[   24.882415] gpio gpiochip0: Persistence not supported for GPIO 25
[   24.882432] gpio-537 (nxp,calib): no flags found for GPIO nxp,calib
[   24.889386] gpio-537 (nxp,calib): gpiod_direction_output_nonotify: tried to set a GPIO tied to an IRQ as output
[   24.952496] PM: Cannot get wkup_m3_ipc handle
[   24.970962] Bluetooth: Core ver 2.22
[   24.975007] NET: Registered PF_BLUETOOTH protocol family
[   24.980363] Bluetooth: HCI device and connection manager initialized
[   24.986872] Bluetooth: HCI socket layer initialized
[   24.991823] Bluetooth: L2CAP socket layer initialized
[   24.996934] Bluetooth: SCO socket layer initialized
[   25.173293] tda9950 0-0034: TDA9950 CEC interface, hardware version 3.3
[   25.235792] PM: Cannot get wkup_m3_ipc handle
[   27.981966] userial_init: registered 8 ttyGS* devices
[   28.268067] rndis_register: configNr = 0
[   28.344249] udc musb-hdrc.0: binding gadget driver [g_multi]
[   28.344356] configfs-gadget.g_multi gadget.0: adding 'rndis'/43e10685 to config 'c'/56c7e4bc
[   28.345513] configfs-gadget.g_multi gadget.0: HOST MAC 1c:ba:8c:a2:ed:6c
[   28.352522] configfs-gadget.g_multi gadget.0: MAC 1c:ba:8c:a2:ed:70
[   28.358896] rndis_set_param_medium: 0 0
[   28.358916] configfs-gadget.g_multi gadget.0: RNDIS: IN/ep1in OUT/ep1out NOTIFY/ep2in
[   28.358933] configfs-gadget.g_multi gadget.0: adding 'cdc_ethernet'/3a5ebbd6 to config 'c'/56c7e4bc
[   28.359882] configfs-gadget.g_multi gadget.0: HOST MAC 1c:ba:8c:a2:ed:6c
[   28.366780] configfs-gadget.g_multi gadget.0: MAC 1c:ba:8c:a2:ed:6d
[   28.373168] configfs-gadget.g_multi gadget.0: CDC Ethernet: IN/ep3in OUT/ep2out NOTIFY/ep4in
[   28.373188] configfs-gadget.g_multi gadget.0: adding 'acm'/8feb9b23 to config 'c'/56c7e4bc
[   28.373222] configfs-gadget.g_multi gadget.0: acm ttyGS0: IN/ep5in OUT/ep3out NOTIFY/ep6in
[   28.386304] PM: Cannot get wkup_m3_ipc handle
[   29.520017] configfs-gadget.g_multi gadget.0: eth_open
[   30.441876] configfs-gadget.g_multi gadget.0: stop stats: rx/tx 0/0, errs 0/0
[   34.854840] gs_open: ttyGS0 (d4de767e,7c149d4c)
[   34.854982] gs_close: ttyGS0 (d4de767e,7c149d4c) ...
[   34.855004] gs_close: ttyGS0 (d4de767e,7c149d4c) done!
[   34.855400] gs_open: ttyGS0 (d4de767e,7c149d4c)
[   34.855488] gs_close: ttyGS0 (d4de767e,7c149d4c) ...
[   34.855509] gs_close: ttyGS0 (d4de767e,7c149d4c) done!
[   35.054776] gs_open: ttyGS0 (d4de767e,348006f8)
[   35.055027] gs_close: ttyGS0 (d4de767e,348006f8) ...
[   35.055056] gs_close: ttyGS0 (d4de767e,348006f8) done!
[   35.064272] gs_open: ttyGS0 (d4de767e,348006f8)
QYXALCVMZO 0
root@arm:~# echo 'QMZL''WKEBLV'
QMZLWKEBLV
root@arm:~# MARKER='MTBU''YNTUCN' run 'modprobe test_linear_ranges'
MTBUYNTUCNMTBUYNTUCN 0
root@arm:~# echo 'KZPJ''AYUSQQ'
KZPJAYUSQQ
root@arm:~# MARKER='LUFA''UHZWHN' run dmesg
LUFAUHZWHN[    0.000000] Booting Linux on physical CPU 0x0
[    0.000000] Linux version 6.15.0-next-20250606 (user01@drvtest01) (arm-none-eabi-gcc (Arm GNU Toolchain 14.2.Rel1 (Build arm-14.52)) 14.2.1 20241119, GNU ld (Arm GNU Toolchain 14.2.Rel1 (Build arm-14.52)) 2.43.1.20241119) #1 SMP Fri Jun  6 08:44:16 EEST 2025
[    0.000000] CPU: ARMv7 Processor [413fc082] revision 2 (ARMv7), cr=10c5387d
[    0.000000] CPU: PIPT / VIPT nonaliasing data cache, VIPT aliasing instruction cache
[    0.000000] OF: fdt: Machine model: TI AM335x BeagleBone Black
[    0.000000] Memory policy: Data cache writeback
[    0.000000] cma: Reserved 16 MiB at 0x9e800000
[    0.000000] Zone ranges:
[    0.000000]   Normal   [mem 0x0000000080000000-0x000000009fdfffff]
[    0.000000]   HighMem  empty
[    0.000000] Movable zone start for each node
[    0.000000] Early memory node ranges
[    0.000000]   node   0: [mem 0x0000000080000000-0x000000009fdfffff]
[    0.000000] Initmem setup node 0 [mem 0x0000000080000000-0x000000009fdfffff]
[    0.000000] On node 0, zone Normal: 512 pages in unavailable ranges
[    0.000000] OF: reserved mem: Reserved memory: No reserved-memory node in the DT
[    0.000000] CPU: All CPU(s) started in SVC mode.
[    0.000000] AM335X ES2.1 (sgx neon)
[    0.000000] percpu: Embedded 17 pages/cpu s39820 r8192 d21620 u69632
[    0.000000] pcpu-alloc: s39820 r8192 d21620 u69632 alloc=17*4096
[    0.000000] pcpu-alloc: [0] 0 
[    0.000000] Kernel command line: console=ttyO0,115200n8 root=/dev/nfs rw nfsroot=192.168.255.126:/home/user01/nfs,nfsvers=3 ip=192.168.255.1:192.168.255.126::255.255.255.0:bbb1:eth0 nfsrootdebug
[    0.000000] Unknown kernel command line parameters "nfsrootdebug", will be passed to user space.
[    0.000000] printk: log buffer data + meta data: 65536 + 204800 = 270336 bytes
[    0.000000] Dentry cache hash table entries: 65536 (order: 6, 262144 bytes, linear)
[    0.000000] Inode-cache hash table entries: 32768 (order: 5, 131072 bytes, linear)
[    0.000000] Built 1 zonelists, mobility grouping on.  Total pages: 130560
[    0.000000] mem auto-init: stack:off, heap alloc:off, heap free:off
[    0.000000] SLUB: HWalign=16, Order=0-3, MinObjects=0, CPUs=1, Nodes=1
[    0.000000] rcu: Hierarchical RCU implementation.
[    0.000000] rcu: 	RCU event tracing is enabled.
[    0.000000] rcu: 	RCU restricting CPUs from NR_CPUS=2 to nr_cpu_ids=1.
[    0.000000] 	Tracing variant of Tasks RCU enabled.
[    0.000000] rcu: RCU calculated value of scheduler-enlistment delay is 10 jiffies.
[    0.000000] rcu: Adjusting geometry for rcu_fanout_leaf=16, nr_cpu_ids=1
[    0.000000] RCU Tasks Trace: Setting shift to 0 and lim to 1 rcu_task_cb_adjust=1 rcu_task_cpu_ids=1.
[    0.000000] NR_IRQS: 16, nr_irqs: 16, preallocated irqs: 16
[    0.000000] IRQ: Found an INTC at 0x(ptrval) (revision 5.0) with 128 interrupts
[    0.000000] rcu: srcu_init: Setting srcu_struct sizes based on contention.
[    0.000000] TI gptimer clocksource: always-on /ocp/interconnect@44c00000/segment@200000/target-module@31000
[    0.000003] sched_clock: 32 bits at 24MHz, resolution 41ns, wraps every 89478484971ns
[    0.000026] clocksource: dmtimer: mask: 0xffffffff max_cycles: 0xffffffff, max_idle_ns: 79635851949 ns
[    0.000511] TI gptimer clockevent: 24000000 Hz at /ocp/interconnect@48000000/segment@0/target-module@40000
[    0.002154] Console: colour dummy device 80x30
[    0.002218] WARNING: Your 'console=ttyO0' has been replaced by 'ttyS0'
[    0.002227] This ensures that you still see kernel messages. Please
[    0.002231] update your kernel commandline.
[    0.002272] Calibrating delay loop... 996.14 BogoMIPS (lpj=4980736)
[    0.090557] CPU: Testing write buffer coherency: ok
[    0.090671] CPU0: Spectre v2: using BPIALL workaround
[    0.090680] pid_max: default: 32768 minimum: 301
[    0.090838] LSM: initializing lsm=capability
[    0.091017] Mount-cache hash table entries: 1024 (order: 0, 4096 bytes, linear)
[    0.091034] Mountpoint-cache hash table entries: 1024 (order: 0, 4096 bytes, linear)
[    0.092649] CPU0: thread -1, cpu 0, socket -1, mpidr 0
[    0.092704] cacheinfo: Unable to detect cache hierarchy for CPU 0
[    0.094736] Setting up static identity map for 0x80100000 - 0x80100078
[    0.095058] rcu: Hierarchical SRCU implementation.
[    0.095069] rcu: 	Max phase no-delay instances is 1000.
[    0.096817] smp: Bringing up secondary CPUs ...
[    0.096870] smp: Brought up 1 node, 1 CPU
[    0.096883] SMP: Total of 1 processors activated (996.14 BogoMIPS).
[    0.096894] CPU: All CPU(s) started in SVC mode.
[    0.097080] Memory: 480820K/522240K available (11264K kernel code, 1221K rwdata, 2924K rodata, 1024K init, 287K bss, 23388K reserved, 16384K cma-reserved, 0K highmem)
[    0.097901] devtmpfs: initialized
[    0.115233] VFP support v0.3: implementor 41 architecture 3 part 30 variant c rev 3
[    0.115854] clocksource: jiffies: mask: 0xffffffff max_cycles: 0xffffffff, max_idle_ns: 19112604462750000 ns
[    0.115907] posixtimers hash table entries: 512 (order: 0, 4096 bytes, linear)
[    0.115934] futex hash table entries: 256 (16384 bytes on 1 NUMA nodes, total 16 KiB, linear).
[    0.117059] pinctrl core: initialized pinctrl subsystem
[    0.119118] NET: Registered PF_NETLINK/PF_ROUTE protocol family
[    0.122241] DMA: preallocated 256 KiB pool for atomic coherent allocations
[    0.123197] audit: initializing netlink subsys (disabled)
[    0.124548] thermal_sys: Registered thermal governor 'fair_share'
[    0.124564] thermal_sys: Registered thermal governor 'step_wise'
[    0.124573] thermal_sys: Registered thermal governor 'user_space'
[    0.124686] audit: type=2000 audit(0.120:1): state=initialized audit_enabled=0 res=1
[    0.124760] cpuidle: using governor menu
[    0.142595] /ocp/interconnect@44c00000/segment@200000/target-module@b000/i2c@0/tda19988@70: Fixed dependency cycle(s) with /ocp/interconnect@48000000/segment@300000/target-module@e000/lcdc@0
[    0.143719] /ocp/interconnect@48000000/segment@300000/target-module@e000/lcdc@0: Fixed dependency cycle(s) with /ocp/interconnect@44c00000/segment@200000/target-module@b000/i2c@0/tda19988@70
[    0.145917] No ATAGs?
[    0.145958] hw-breakpoint: debug architecture 0x4 unsupported.
[    0.148697] kprobes: kprobe jump-optimization is enabled. All kprobes are optimized if possible.
[    0.154044] iommu: Default domain type: Translated
[    0.154066] iommu: DMA domain TLB invalidation policy: strict mode
[    0.155638] reg-fixed-voltage fixedregulator0: using DT '/fixedregulator0' for '(default)' GPIO lookup
[    0.155693] of_get_named_gpiod_flags: can't parse 'gpios' property of node '/fixedregulator0[0]'
[    0.155721] of_get_named_gpiod_flags: can't parse 'gpio' property of node '/fixedregulator0[0]'
[    0.155738] reg-fixed-voltage fixedregulator0: using lookup tables for GPIO lookup
[    0.155747] reg-fixed-voltage fixedregulator0: No GPIO consumer (default) found
[    0.161403] SCSI subsystem initialized
[    0.161891] libata version 3.00 loaded.
[    0.162255] pps_core: LinuxPPS API ver. 1 registered
[    0.162265] pps_core: Software ver. 5.3.6 - Copyright 2005-2007 Rodolfo Giometti <giometti@linux.it>
[    0.162297] PTP clock support registered
[    0.171017] vgaarb: loaded
[    0.171392] clocksource: Switched to clocksource dmtimer
[    0.172057] VFS: Disk quotas dquot_6.6.0
[    0.172109] VFS: Dquot-cache hash table entries: 1024 (order 0, 4096 bytes)
[    0.196668] NET: Registered PF_INET protocol family
[    0.197002] IP idents hash table entries: 8192 (order: 4, 65536 bytes, linear)
[    0.198443] tcp_listen_portaddr_hash hash table entries: 512 (order: 0, 4096 bytes, linear)
[    0.198481] Table-perturb hash table entries: 65536 (order: 6, 262144 bytes, linear)
[    0.198500] TCP established hash table entries: 4096 (order: 2, 16384 bytes, linear)
[    0.198545] TCP bind hash table entries: 4096 (order: 4, 65536 bytes, linear)
[    0.198644] TCP: Hash tables configured (established 4096 bind 4096)
[    0.198762] UDP hash table entries: 256 (order: 1, 14336 bytes, linear)
[    0.198798] UDP-Lite hash table entries: 256 (order: 1, 14336 bytes, linear)
[    0.198977] NET: Registered PF_UNIX/PF_LOCAL protocol family
[    0.202019] RPC: Registered named UNIX socket transport module.
[    0.202039] RPC: Registered udp transport module.
[    0.202044] RPC: Registered tcp transport module.
[    0.202049] RPC: Registered tcp-with-tls transport module.
[    0.202054] RPC: Registered tcp NFSv4.1 backchannel transport module.
[    0.202078] PCI: CLS 0 bytes, default 64
[    0.203456] Initialise system trusted keyrings
[    0.212068] workingset: timestamp_bits=14 max_order=17 bucket_order=3
[    0.213409] NFS: Registering the id_resolver key type
[    0.213482] Key type id_resolver registered
[    0.213490] Key type id_legacy registered
[    0.213595] jffs2: version 2.2. (NAND) (SUMMARY)  Â© 2001-2006 Red Hat, Inc.
[    0.214064] Key type asymmetric registered
[    0.214080] Asymmetric key parser 'x509' registered
[    0.214152] io scheduler mq-deadline registered
[    0.214162] io scheduler kyber registered
[    0.214231] io scheduler bfq registered
[    0.216106] target-module@4b000000:target-module@140000:pmu@0:fck: device ID is greater than 24
[    0.222295] l3-aon-clkctrl:0000:0: failed to disable
[    0.231564] ledtrig-cpu: registered to indicate activity on CPUs
[    0.234392] Serial: 8250/16550 driver, 6 ports, IRQ sharing enabled
[    0.273261] brd: module loaded
[    0.287310] loop: module loaded
[    0.288253] mtdoops: mtd device (mtddev=name/number) must be supplied
[    0.300716] mdio_bus fixed-0: using lookup tables for GPIO lookup
[    0.300743] mdio_bus fixed-0: No GPIO consumer reset found
[    0.302276] i2c_dev: i2c /dev entries driver
[    0.303268] cpuidle: enable-method property 'ti,am3352' found operations
[    0.303717] sdhci: Secure Digital Host Controller Interface driver
[    0.303725] sdhci: Copyright(c) Pierre Ossman
[    0.303904] sdhci-pltfm: SDHCI platform and OF driver helper
[    0.305339] hw perfevents: enabled with armv7_cortex_a8 PMU driver, 5 (8000000f) counters available
[    0.305854] Initializing XFRM netlink socket
[    0.306034] NET: Registered PF_INET6 protocol family
[    0.311681] l3-aon-clkctrl:0000:0: failed to disable
[    0.313285] Segment Routing with IPv6
[    0.313369] In-situ OAM (IOAM) with IPv6
[    0.313467] sit: IPv6, IPv4 and MPLS over IPv4 tunneling driver
[    0.314415] NET: Registered PF_PACKET protocol family
[    0.314443] NET: Registered PF_KEY protocol family
[    0.314555] Key type dns_resolver registered
[    0.314777] ThumbEE CPU extension supported.
[    0.314795] Registering SWP/SWPB emulation handler
[    0.315334] omap_voltage_late_init: Voltage driver support not added
[    0.315995] SmartReflex Class3 initialized
[    0.346014] Loading compiled-in X.509 certificates
[    0.391680] /ocp/interconnect@44c00000/segment@200000/target-module@b000/i2c@0/tda19988@70: Fixed dependency cycle(s) with /ocp/interconnect@48000000/segment@300000/target-module@e000/lcdc@0
[    0.398092] /ocp/interconnect@44c00000/segment@200000/target-module@b000/i2c@0/tda19988@70: Fixed dependency cycle(s) with /ocp/interconnect@48000000/segment@300000/target-module@e000/lcdc@0
[    0.403819] gpiochip_find_base_unlocked: found new base at 512
[    0.424950] /ocp/interconnect@44c00000/segment@200000/target-module@b000/i2c@0/tda19988@70: Fixed dependency cycle(s) with /ocp/interconnect@48000000/segment@300000/target-module@e000/lcdc@0
[    0.425834] /ocp/interconnect@44c00000/segment@200000/target-module@b000/i2c@0/tda19988@70: Fixed dependency cycle(s) with /ocp/interconnect@48000000/segment@300000/target-module@e000/lcdc@0
[    0.429338] /ocp/interconnect@44c00000/segment@200000/target-module@10000/scm@0/pinmux@800: Fixed dependency cycle(s) with /ocp/interconnect@44c00000/segment@200000/target-module@10000/scm@0/pinmux@800/clkout2-pins
[    0.429924] pinctrl-single 44e10800.pinmux: 142 pins, size 568
[    0.435505] ti-sysc 44e31000.target-module: probe with driver ti-sysc failed with error -16
[    0.473023] /ocp/interconnect@48000000/segment@300000/target-module@e000/lcdc@0: Fixed dependency cycle(s) with /ocp/interconnect@44c00000/segment@200000/target-module@b000/i2c@0/tda19988@70
[    0.481101] ti-sysc 48040000.target-module: probe with driver ti-sysc failed with error -16
[    0.492723] gpiochip_find_base_unlocked: found new base at 512
[    0.492826] gpio gpiochip0: (gpio-0-31): created GPIO range 0->7 ==> 44e10800.pinmux PIN 0->7
[    0.492845] gpio gpiochip0: (gpio-0-31): created GPIO range 8->11 ==> 44e10800.pinmux PIN 90->93
[    0.492860] gpio gpiochip0: (gpio-0-31): created GPIO range 12->27 ==> 44e10800.pinmux PIN 12->27
[    0.492875] gpio gpiochip0: (gpio-0-31): created GPIO range 28->31 ==> 44e10800.pinmux PIN 30->33
[    0.519116] gpio gpiochip0: (gpio-0-31): added GPIO chardev (254:0)
[    0.519264] gpio gpiochip0: registered GPIOs 512 to 543 on gpio-0-31
[    0.519350] OMAP GPIO hardware version 0.1
[    0.553184] i2c i2c-2: using DT '/ocp/interconnect@48000000/segment@100000/target-module@9c000/i2c@0' for 'scl' GPIO lookup
[    0.553255] of_get_named_gpiod_flags: can't parse 'scl-gpios' property of node '/ocp/interconnect@48000000/segment@100000/target-module@9c000/i2c@0[0]'
[    0.553297] of_get_named_gpiod_flags: can't parse 'scl-gpio' property of node '/ocp/interconnect@48000000/segment@100000/target-module@9c000/i2c@0[0]'
[    0.553332] i2c i2c-2: using lookup tables for GPIO lookup
[    0.553341] i2c i2c-2: No GPIO consumer scl found
[    0.553362] i2c i2c-2: using DT '/ocp/interconnect@48000000/segment@100000/target-module@9c000/i2c@0' for 'sda' GPIO lookup
[    0.553398] of_get_named_gpiod_flags: can't parse 'sda-gpios' property of node '/ocp/interconnect@48000000/segment@100000/target-module@9c000/i2c@0[0]'
[    0.553434] of_get_named_gpiod_flags: can't parse 'sda-gpio' property of node '/ocp/interconnect@48000000/segment@100000/target-module@9c000/i2c@0[0]'
[    0.553465] i2c i2c-2: using lookup tables for GPIO lookup
[    0.553472] i2c i2c-2: No GPIO consumer sda found
[    0.554190] omap_i2c 4819c000.i2c: bus 2 rev0.11 at 100 kHz
[    0.559804] gpiochip_find_base_unlocked: found new base at 544
[    0.559903] gpio gpiochip1: (gpio-32-63): created GPIO range 0->17 ==> 44e10800.pinmux PIN 34->51
[    0.559924] gpio gpiochip1: (gpio-32-63): created GPIO range 18->21 ==> 44e10800.pinmux PIN 77->80
[    0.559939] gpio gpiochip1: (gpio-32-63): created GPIO range 22->31 ==> 44e10800.pinmux PIN 56->65
[    0.560733] gpio gpiochip1: (gpio-32-63): added GPIO chardev (254:1)
[    0.560871] gpio gpiochip1: registered GPIOs 544 to 575 on gpio-32-63
[    0.563397] gpiochip_find_base_unlocked: found new base at 576
[    0.563683] gpio gpiochip2: (gpio-64-95): created GPIO range 0->4 ==> 44e10800.pinmux PIN 66->70
[    0.563710] gpio gpiochip2: (gpio-64-95): created GPIO range 5->6 ==> 44e10800.pinmux PIN 98->99
[    0.563726] gpio gpiochip2: (gpio-64-95): created GPIO range 7->8 ==> 44e10800.pinmux PIN 75->76
[    0.563740] gpio gpiochip2: (gpio-64-95): created GPIO range 13->13 ==> 44e10800.pinmux PIN 141->141
[    0.563756] gpio gpiochip2: (gpio-64-95): created GPIO range 14->21 ==> 44e10800.pinmux PIN 100->107
[    0.564637] gpio gpiochip2: (gpio-64-95): added GPIO chardev (254:2)
[    0.564770] gpio gpiochip2: registered GPIOs 576 to 607 on gpio-64-95
[    0.570493] 48000000.interconnect:segment@200000:target-module@0:mpu@0:fck: device ID is greater than 24
[    0.571617] /ocp/interconnect@48000000/segment@300000/target-module@e000/lcdc@0: Fixed dependency cycle(s) with /ocp/interconnect@44c00000/segment@200000/target-module@b000/i2c@0/tda19988@70
[    0.574573] /ocp/interconnect@48000000/segment@300000/target-module@e000/lcdc@0: Fixed dependency cycle(s) with /ocp/interconnect@44c00000/segment@200000/target-module@b000/i2c@0/tda19988@70
[    0.575289] /ocp/interconnect@44c00000/segment@200000/target-module@b000/i2c@0/tda19988@70: Fixed dependency cycle(s) with /ocp/interconnect@48000000/segment@300000/target-module@e000/lcdc@0
[    0.575461] /ocp/interconnect@48000000/segment@300000/target-module@e000/lcdc@0: Fixed dependency cycle(s) with /ocp/interconnect@44c00000/segment@200000/target-module@b000/i2c@0/tda19988@70
[    0.585305] mdio_bus 4a101000.mdio: using DT '/ocp/interconnect@4a000000/segment@0/target-module@100000/switch@0/mdio@1000' for 'reset' GPIO lookup
[    0.585382] of_get_named_gpiod_flags: can't parse 'reset-gpios' property of node '/ocp/interconnect@4a000000/segment@0/target-module@100000/switch@0/mdio@1000[0]'
[    0.585429] of_get_named_gpiod_flags: can't parse 'reset-gpio' property of node '/ocp/interconnect@4a000000/segment@0/target-module@100000/switch@0/mdio@1000[0]'
[    0.585475] mdio_bus 4a101000.mdio: using lookup tables for GPIO lookup
[    0.585484] mdio_bus 4a101000.mdio: No GPIO consumer reset found
[    0.586838] sdhci-omap 481d8000.mmc: using DT '/ocp/interconnect@48000000/segment@100000/target-module@d8000/mmc@0' for 'wp' GPIO lookup
[    0.586903] of_get_named_gpiod_flags: can't parse 'wp-gpios' property of node '/ocp/interconnect@48000000/segment@100000/target-module@d8000/mmc@0[0]'
[    0.586944] of_get_named_gpiod_flags: can't parse 'wp-gpio' property of node '/ocp/interconnect@48000000/segment@100000/target-module@d8000/mmc@0[0]'
[    0.586977] sdhci-omap 481d8000.mmc: using lookup tables for GPIO lookup
[    0.586986] sdhci-omap 481d8000.mmc: No GPIO consumer wp found
[    0.587185] sdhci-omap 481d8000.mmc: supply pbias not found, using dummy regulator
[    0.587682] sdhci-omap 481d8000.mmc: supply vqmmc not found, using dummy regulator
[    0.636008] davinci_mdio 4a101000.mdio: davinci mdio revision 1.6, bus freq 1000000
[    0.667306] mdio_bus 4a101000.mdio:00: using DT '/ocp/interconnect@4a000000/segment@0/target-module@100000/switch@0/mdio@1000/ethernet-phy@0' for 'reset' GPIO lookup
[    0.667409] of_get_named_gpiod_flags: parsed 'reset-gpios' property of node '/ocp/interconnect@4a000000/segment@0/target-module@100000/switch@0/mdio@1000/ethernet-phy@0[0]' - status (0)
[    0.667568] gpio gpiochip0: Persistence not supported for GPIO 8
[    0.807518] davinci_mdio 4a101000.mdio: phy[0]: device 4a101000.mdio:00, driver SMSC LAN8710/LAN8720
[    0.808289] cpsw-switch 4a100000.switch: initialized cpsw ale version 1.4
[    0.808312] cpsw-switch 4a100000.switch: ALE Table size 1024, Policers 0
[    0.808457] cpsw-switch 4a100000.switch: cpts: overflow check period 500 (jiffies)
[    0.808472] cpsw-switch 4a100000.switch: CPTS: ref_clk_freq:250000000 calc_mult:2147483648 calc_shift:29 error:0 nsec/sec
[    0.808589] cpsw-switch 4a100000.switch: Detected MACID = 6c:ec:eb:68:de:78
[    0.810453] cpsw-switch 4a100000.switch: initialized (regs 0x4a100000, pool size 256) hw_ver:0019010C 1.12 (0)
[    0.821689] debugfs: Directory '49000000.dma' with parent 'dmaengine' already present!
[    0.821732] edma 49000000.dma: TI EDMA DMA engine driver
[    0.864518] gpio-clk clk_mcasp0: using DT '/clk_mcasp0' for 'enable' GPIO lookup
[    0.864595] of_get_named_gpiod_flags: parsed 'enable-gpios' property of node '/clk_mcasp0[0]' - status (0)
[    0.864640] gpio gpiochip0: Persistence not supported for GPIO 27
[    0.865491] gpiochip_find_base_unlocked: found new base at 608
[    0.865605] gpio gpiochip3: (gpio-96-127): created GPIO range 0->7 ==> 44e10800.pinmux PIN 82->89
[    0.865624] gpio gpiochip3: (gpio-96-127): created GPIO range 8->11 ==> 44e10800.pinmux PIN 52->55
[    0.865640] gpio gpiochip3: (gpio-96-127): created GPIO range 12->15 ==> 44e10800.pinmux PIN 94->97
[    0.865655] gpio gpiochip3: (gpio-96-127): created GPIO range 16->17 ==> 44e10800.pinmux PIN 71->72
[    0.865671] gpio gpiochip3: (gpio-96-127): created GPIO range 18->18 ==> 44e10800.pinmux PIN 135->135
[    0.865686] gpio gpiochip3: (gpio-96-127): created GPIO range 19->20 ==> 44e10800.pinmux PIN 108->109
[    0.865702] gpio gpiochip3: (gpio-96-127): created GPIO range 21->21 ==> 44e10800.pinmux PIN 73->73
[    0.865720] gpio gpiochip3: (gpio-96-127): created GPIO range 22->23 ==> 44e10800.pinmux PIN 8->9
[    0.865738] gpio gpiochip3: (gpio-96-127): created GPIO range 26->27 ==> 44e10800.pinmux PIN 10->11
[    0.865756] gpio gpiochip3: (gpio-96-127): created GPIO range 28->28 ==> 44e10800.pinmux PIN 74->74
[    0.865774] gpio gpiochip3: (gpio-96-127): created GPIO range 29->29 ==> 44e10800.pinmux PIN 81->81
[    0.865792] gpio gpiochip3: (gpio-96-127): created GPIO range 30->31 ==> 44e10800.pinmux PIN 28->29
[    0.873602] gpio gpiochip3: (gpio-96-127): added GPIO chardev (254:3)
[    0.873770] gpio gpiochip3: registered GPIOs 608 to 639 on gpio-96-127
[    0.875690] omap8250 44e09000.serial: using DT '/ocp/interconnect@44c00000/segment@200000/target-module@9000/serial@0' for 'rs485-term' GPIO lookup
[    0.875759] of_get_named_gpiod_flags: can't parse 'rs485-term-gpios' property of node '/ocp/interconnect@44c00000/segment@200000/target-module@9000/serial@0[0]'
[    0.875801] of_get_named_gpiod_flags: can't parse 'rs485-term-gpio' property of node '/ocp/interconnect@44c00000/segment@200000/target-module@9000/serial@0[0]'
[    0.875837] omap8250 44e09000.serial: using lookup tables for GPIO lookup
[    0.875846] omap8250 44e09000.serial: No GPIO consumer rs485-term found
[    0.875856] omap8250 44e09000.serial: using DT '/ocp/interconnect@44c00000/segment@200000/target-module@9000/serial@0' for 'rs485-rx-during-tx' GPIO lookup
[    0.875893] of_get_named_gpiod_flags: can't parse 'rs485-rx-during-tx-gpios' property of node '/ocp/interconnect@44c00000/segment@200000/target-module@9000/serial@0[0]'
[    0.875930] of_get_named_gpiod_flags: can't parse 'rs485-rx-during-tx-gpio' property of node '/ocp/interconnect@44c00000/segment@200000/target-module@9000/serial@0[0]'
[    0.875961] omap8250 44e09000.serial: using lookup tables for GPIO lookup
[    0.875968] omap8250 44e09000.serial: No GPIO consumer rs485-rx-during-tx found
[    0.876334] 44e09000.serial: ttyS0 at MMIO 0x44e09000 (irq = 34, base_baud = 3000000) is a 8250
[    0.876426] printk: legacy console [ttyS0] enabled
[    2.357962] i2c i2c-0: using DT '/ocp/interconnect@44c00000/segment@200000/target-module@b000/i2c@0' for 'scl' GPIO lookup
[    2.358053] of_get_named_gpiod_flags: can't parse 'scl-gpios' property of node '/ocp/interconnect@44c00000/segment@200000/target-module@b000/i2c@0[0]'
[    2.358099] of_get_named_gpiod_flags: can't parse 'scl-gpio' property of node '/ocp/interconnect@44c00000/segment@200000/target-module@b000/i2c@0[0]'
[    2.358140] i2c i2c-0: using lookup tables for GPIO lookup
[    2.358153] i2c i2c-0: No GPIO consumer scl found
[    2.358179] i2c i2c-0: using DT '/ocp/interconnect@44c00000/segment@200000/target-module@b000/i2c@0' for 'sda' GPIO lookup
[    2.358218] of_get_named_gpiod_flags: can't parse 'sda-gpios' property of node '/ocp/interconnect@44c00000/segment@200000/target-module@b000/i2c@0[0]'
[    2.358258] of_get_named_gpiod_flags: can't parse 'sda-gpio' property of node '/ocp/interconnect@44c00000/segment@200000/target-module@b000/i2c@0[0]'
[    2.358293] i2c i2c-0: using lookup tables for GPIO lookup
[    2.358304] i2c i2c-0: No GPIO consumer sda found
[    2.372371] tps65217-pmic: Failed to locate of_node [id: -1]
[    2.378433] tps65217-bl: Failed to locate of_node [id: -1]
[    2.384490] platform tps65217-charger: DMA mask not set
[    2.390543] platform tps65217-pwrbutton: DMA mask not set
[    2.397891] tps65217 0-0024: TPS65217 ID 0xe version 1.2
[    2.404040] /ocp/interconnect@48000000/segment@300000/target-module@e000/lcdc@0: Fixed dependency cycle(s) with /ocp/interconnect@44c00000/segment@200000/target-module@b000/i2c@0/tda19988@70
[    2.421461] /ocp/interconnect@44c00000/segment@200000/target-module@b000/i2c@0/tda19988@70: Fixed dependency cycle(s) with /ocp/interconnect@48000000/segment@300000/target-module@e000/lcdc@0
[    2.438798] omap_i2c 44e0b000.i2c: bus 0 rev0.11 at 400 kHz
[    2.446459] sdhci-omap 48060000.mmc: using DT '/ocp/interconnect@48000000/segment@0/target-module@60000/mmc@0' for 'cd' GPIO lookup
[    2.446565] of_get_named_gpiod_flags: parsed 'cd-gpios' property of node '/ocp/interconnect@48000000/segment@0/target-module@60000/mmc@0[0]' - status (0)
[    2.446633] gpio gpiochip3: Persistence not supported for GPIO 6
[    2.446659] omap_gpio 44e07000.gpio: Could not set line 6 debounce to 200000 microseconds (-22)
[    2.455587] sdhci-omap 48060000.mmc: Got CD GPIO
[    2.460242] sdhci-omap 48060000.mmc: using DT '/ocp/interconnect@48000000/segment@0/target-module@60000/mmc@0' for 'wp' GPIO lookup
[    2.460290] of_get_named_gpiod_flags: can't parse 'wp-gpios' property of node '/ocp/interconnect@48000000/segment@0/target-module@60000/mmc@0[0]'
[    2.460334] of_get_named_gpiod_flags: can't parse 'wp-gpio' property of node '/ocp/interconnect@48000000/segment@0/target-module@60000/mmc@0[0]'
[    2.460373] sdhci-omap 48060000.mmc: using lookup tables for GPIO lookup
[    2.460387] sdhci-omap 48060000.mmc: No GPIO consumer wp found
[    2.460596] sdhci-omap 48060000.mmc: supply pbias not found, using dummy regulator
[    2.469399] sdhci-omap 481d8000.mmc: using DT '/ocp/interconnect@48000000/segment@100000/target-module@d8000/mmc@0' for 'wp' GPIO lookup
[    2.469476] of_get_named_gpiod_flags: can't parse 'wp-gpios' property of node '/ocp/interconnect@48000000/segment@100000/target-module@d8000/mmc@0[0]'
