Labgrid Console Logfile for main
Logfile started at 2025-06-04 20:16:16.913955
=== Log starts here ===
reading args
spl_load_image_fat_os: error reading image args, err - -1
reading u-boot.img
reading u-boot.img


U-Boot 2014.04-00014-g47880f5 (Apr 22 2014 - 13:23:54)

I2C:   ready
DRAM:  512 MiB
NAND:  0 MiB
MMC:   OMAP SD/MMC: 0, OMAP SD/MMC: 1
*** Warning - readenv() failed, using default environment

Net:   <ethaddr> not set. Validating first E-fuse MAC
cpsw, usb_ether
Hit any key to stop autoboot:  1  0 
gpio: pin 53 (gpio 53) value is 1
mmc0 is current device
gpio: pin 54 (gpio 54) value is 1
SD/MMC found on device 0
reading uEnv.txt
569 bytes read in 4 ms (138.7 KiB/s)
gpio: pin 55 (gpio 55) value is 1
Loaded environment from uEnv.txt
Importing environment from mmc ...
Checking if uenvcmd is set ...
gpio: pin 56 (gpio 56) value is 1
Running uenvcmd ...
cpsw Waiting for PHY auto negotiation to complete. done
link up on port 0, speed 100, full duplex
Using cpsw device
TFTP from server 192.168.255.126; our IP address is 192.168.255.1
Filename 'zImage'.
Load address: 0x81000000
Loading: *#################################################################
	 #################################################################
	 #################################################################
	 #################################################################
	 #################################################################
	 #####################################################
	 2.4 MiB/s
done
Bytes transferred = 5544056 (549878 hex)
link up on port 0, speed 100, full duplex
Using cpsw device
TFTP from server 192.168.255.126; our IP address is 192.168.255.1
Filename 'am335x-boneblack.dtb'.
Load address: 0x82000000
Loading: *#######
	 1.4 MiB/s
done
Bytes transferred = 98244 (17fc4 hex)
Kernel image @ 0x81000000 [ 0x000000 - 0x549878 ]
## Flattened Device Tree blob at 82000000
   Booting using the fdt blob at 0x82000000
   Using Device Tree in place at 82000000, end 8201afc3

Starting kernel ...

[    0.000000] Booting Linux on physical CPU 0x0
[    0.000000] Linux version 6.14.10-84286-g854a85bbaa94 (user01@drvtest01) (arm-none-eabi-gcc (Arm GNU Toolchain 14.2.Rel1 (Build arm-14.52)) 14.2.1 20241119, GNU ld (Arm GNU Toolchain 14.2.Rel1 (Build arm-14.52)) 2.43.1.20241119) #1 SMP Wed Jun  4 20:12:54 EEST 2025
[    0.000000] CPU: ARMv7 Processor [413fc082] revision 2 (ARMv7), cr=10c5387d
[    0.000000] CPU: PIPT / VIPT nonaliasing data cache, VIPT aliasing instruction cache
[    0.000000] OF: fdt: Machine model: TI AM335x BeagleBone Black
[    0.000000] Memory policy: Data cache writeback
[    0.000000] cma: Reserved 16 MiB at 0x9e800000 on node -1
[    0.000000] Zone ranges:
[    0.000000]   Normal   [mem 0x0000000080000000-0x000000009fdfffff]
[    0.000000]   HighMem  empty
[    0.000000] Movable zone start for each node
[    0.000000] Early memory node ranges
[    0.000000]   node   0: [mem 0x0000000080000000-0x000000009fdfffff]
[    0.000000] Initmem setup node 0 [mem 0x0000000080000000-0x000000009fdfffff]
[    0.000000] OF: reserved mem: Reserved memory: No reserved-memory node in the DT
[    0.000000] CPU: All CPU(s) started in SVC mode.
[    0.000000] AM335X ES2.1 (sgx neon)
[    0.000000] percpu: Embedded 17 pages/cpu s39628 r8192 d21812 u69632
[    0.000000] Kernel command line: console=ttyO0,115200n8 root=/dev/nfs rw nfsroot=192.168.255.126:/home/user01/nfs,nfsvers=3 ip=192.168.255.1:192.168.255.126::255.255.255.0:bbb1:eth0 nfsrootdebug
[    0.000000] Unknown kernel command line parameters "nfsrootdebug", will be passed to user space.
[    0.000000] printk: log buffer data + meta data: 65536 + 204800 = 270336 bytes
[    0.000000] Dentry cache hash table entries: 65536 (order: 6, 262144 bytes, linear)
[    0.000000] Inode-cache hash table entries: 32768 (order: 5, 131072 bytes, linear)
[    0.000000] Built 1 zonelists, mobility grouping on.  Total pages: 130560
[    0.000000] mem auto-init: stack:off, heap alloc:off, heap free:off
[    0.000000] SLUB: HWalign=16, Order=0-3, MinObjects=0, CPUs=1, Nodes=1
[    0.000000] rcu: Hierarchical RCU implementation.
[    0.000000] rcu: 	RCU event tracing is enabled.
[    0.000000] rcu: 	RCU restricting CPUs from NR_CPUS=2 to nr_cpu_ids=1.
[    0.000000] 	Tracing variant of Tasks RCU enabled.
[    0.000000] rcu: RCU calculated value of scheduler-enlistment delay is 10 jiffies.
[    0.000000] rcu: Adjusting geometry for rcu_fanout_leaf=16, nr_cpu_ids=1
[    0.000000] RCU Tasks Trace: Setting shift to 0 and lim to 1 rcu_task_cb_adjust=1 rcu_task_cpu_ids=1.
[    0.000000] NR_IRQS: 16, nr_irqs: 16, preallocated irqs: 16
[    0.000000] IRQ: Found an INTC at 0x(ptrval) (revision 5.0) with 128 interrupts
[    0.000000] rcu: srcu_init: Setting srcu_struct sizes based on contention.
[    0.000000] TI gptimer clocksource: always-on /ocp/interconnect@44c00000/segment@200000/target-module@31000
[    0.000003] sched_clock: 32 bits at 24MHz, resolution 41ns, wraps every 89478484971ns
[    0.000028] clocksource: dmtimer: mask: 0xffffffff max_cycles: 0xffffffff, max_idle_ns: 79635851949 ns
[    0.000513] TI gptimer clockevent: 24000000 Hz at /ocp/interconnect@48000000/segment@0/target-module@40000
[    0.002160] Console: colour dummy device 80x30
[    0.002227] WARNING: Your 'console=ttyO0' has been replaced by 'ttyS0'
[    0.002235] This ensures that you still see kernel messages. Please
[    0.002239] update your kernel commandline.
[    0.002281] Calibrating delay loop... 996.14 BogoMIPS (lpj=4980736)
[    0.090560] CPU: Testing write buffer coherency: ok
[    0.090673] CPU0: Spectre v2: using BPIALL workaround
[    0.090682] pid_max: default: 32768 minimum: 301
[    0.090816] LSM: initializing lsm=capability
[    0.090990] Mount-cache hash table entries: 1024 (order: 0, 4096 bytes, linear)
[    0.091008] Mountpoint-cache hash table entries: 1024 (order: 0, 4096 bytes, linear)
[    0.092619] CPU0: thread -1, cpu 0, socket -1, mpidr 0
[    0.092678] cacheinfo: Unable to detect cache hierarchy for CPU 0
[    0.160927] Setting up static identity map for 0x80100000 - 0x80100078
[    0.170721] rcu: Hierarchical SRCU implementation.
[    0.170732] rcu: 	Max phase no-delay instances is 1000.
[    0.190766] smp: Bringing up secondary CPUs ...
[    0.190823] smp: Brought up 1 node, 1 CPU
[    0.190836] SMP: Total of 1 processors activated (996.14 BogoMIPS).
[    0.190847] CPU: All CPU(s) started in SVC mode.
[    0.191019] Memory: 480844K/522240K available (11264K kernel code, 1210K rwdata, 2896K rodata, 1024K init, 291K bss, 23380K reserved, 16384K cma-reserved, 0K highmem)
[    0.191872] devtmpfs: initialized
[    0.208443] VFP support v0.3: implementor 41 architecture 3 part 30 variant c rev 3
[    0.208785] clocksource: jiffies: mask: 0xffffffff max_cycles: 0xffffffff, max_idle_ns: 19112604462750000 ns
[    0.208820] futex hash table entries: 256 (order: 2, 16384 bytes, linear)
[    0.210151] pinctrl core: initialized pinctrl subsystem
[    0.212578] NET: Registered PF_NETLINK/PF_ROUTE protocol family
[    0.215337] DMA: preallocated 256 KiB pool for atomic coherent allocations
[    0.216238] audit: initializing netlink subsys (disabled)
[    0.217609] thermal_sys: Registered thermal governor 'fair_share'
[    0.217625] thermal_sys: Registered thermal governor 'step_wise'
[    0.217634] thermal_sys: Registered thermal governor 'user_space'
[    0.217774] audit: type=2000 audit(0.210:1): state=initialized audit_enabled=0 res=1
[    0.217813] cpuidle: using governor menu
[    0.235864] /ocp/interconnect@44c00000/segment@200000/target-module@b000/i2c@0/tda19988@70: Fixed dependency cycle(s) with /ocp/interconnect@48000000/segment@300000/target-module@e000/lcdc@0
[    0.236975] /ocp/interconnect@48000000/segment@300000/target-module@e000/lcdc@0: Fixed dependency cycle(s) with /ocp/interconnect@44c00000/segment@200000/target-module@b000/i2c@0/tda19988@70
[    0.239132] No ATAGs?
[    0.239176] hw-breakpoint: debug architecture 0x4 unsupported.
[    0.242047] kprobes: kprobe jump-optimization is enabled. All kprobes are optimized if possible.
[    0.253882] iommu: Default domain type: Translated
[    0.253907] iommu: DMA domain TLB invalidation policy: strict mode
[    0.261884] SCSI subsystem initialized
[    0.262729] pps_core: LinuxPPS API ver. 1 registered
[    0.262739] pps_core: Software ver. 5.3.6 - Copyright 2005-2007 Rodolfo Giometti <giometti@linux.it>
[    0.262764] PTP clock support registered
[    0.270935] vgaarb: loaded
[    0.271296] clocksource: Switched to clocksource dmtimer
[    0.271942] VFS: Disk quotas dquot_6.6.0
[    0.272000] VFS: Dquot-cache hash table entries: 1024 (order 0, 4096 bytes)
[    0.296374] NET: Registered PF_INET protocol family
[    0.296716] IP idents hash table entries: 8192 (order: 4, 65536 bytes, linear)
[    0.298152] tcp_listen_portaddr_hash hash table entries: 512 (order: 0, 4096 bytes, linear)
[    0.298190] Table-perturb hash table entries: 65536 (order: 6, 262144 bytes, linear)
[    0.298209] TCP established hash table entries: 4096 (order: 2, 16384 bytes, linear)
[    0.298254] TCP bind hash table entries: 4096 (order: 4, 65536 bytes, linear)
[    0.298354] TCP: Hash tables configured (established 4096 bind 4096)
[    0.298476] UDP hash table entries: 256 (order: 1, 14336 bytes, linear)
[    0.298512] UDP-Lite hash table entries: 256 (order: 1, 14336 bytes, linear)
[    0.298699] NET: Registered PF_UNIX/PF_LOCAL protocol family
[    0.299985] RPC: Registered named UNIX socket transport module.
[    0.300007] RPC: Registered udp transport module.
[    0.300013] RPC: Registered tcp transport module.
[    0.300017] RPC: Registered tcp-with-tls transport module.
[    0.300022] RPC: Registered tcp NFSv4.1 backchannel transport module.
[    0.300045] PCI: CLS 0 bytes, default 64
[    0.301592] Initialise system trusted keyrings
[    0.312610] workingset: timestamp_bits=14 max_order=17 bucket_order=3
[    0.313963] NFS: Registering the id_resolver key type
[    0.314027] Key type id_resolver registered
[    0.314035] Key type id_legacy registered
[    0.314082] jffs2: version 2.2. (NAND) (SUMMARY)  Â© 2001-2006 Red Hat, Inc.
[    0.314479] Key type asymmetric registered
[    0.314494] Asymmetric key parser 'x509' registered
[    0.314562] io scheduler mq-deadline registered
[    0.314572] io scheduler kyber registered
[    0.314646] io scheduler bfq registered
[    0.316219] ledtrig-cpu: registered to indicate activity on CPUs
[    0.322251] Serial: 8250/16550 driver, 6 ports, IRQ sharing enabled
[    0.376470] brd: module loaded
[    0.384924] loop: module loaded
[    0.385843] mtdoops: mtd device (mtddev=name/number) must be supplied
[    0.395463] i2c_dev: i2c /dev entries driver
[    0.396425] cpuidle: enable-method property 'ti,am3352' found operations
[    0.396856] sdhci: Secure Digital Host Controller Interface driver
[    0.396866] sdhci: Copyright(c) Pierre Ossman
[    0.397035] sdhci-pltfm: SDHCI platform and OF driver helper
[    0.398035] Initializing XFRM netlink socket
[    0.398204] NET: Registered PF_INET6 protocol family
[    0.400220] Segment Routing with IPv6
[    0.400324] In-situ OAM (IOAM) with IPv6
[    0.400425] sit: IPv6, IPv4 and MPLS over IPv4 tunneling driver
[    0.401511] NET: Registered PF_PACKET protocol family
[    0.401554] NET: Registered PF_KEY protocol family
[    0.401681] Key type dns_resolver registered
[    0.401914] ThumbEE CPU extension supported.
[    0.401933] Registering SWP/SWPB emulation handler
[    0.402477] omap_voltage_late_init: Voltage driver support not added
[    0.402841] SmartReflex Class3 initialized
[    0.439857] Loading compiled-in X.509 certificates
[    0.468500] OF: /ocp: Read of boolean property 'clocks' with a value.
[    0.471777] /ocp/interconnect@44c00000/segment@200000/target-module@b000/i2c@0/tda19988@70: Fixed dependency cycle(s) with /ocp/interconnect@48000000/segment@300000/target-module@e000/lcdc@0
[    0.472735] OF: /ocp/interconnect@44c00000: Read of boolean property 'clocks' with a value.
[    0.478082] /ocp/interconnect@44c00000/segment@200000/target-module@b000/i2c@0/tda19988@70: Fixed dependency cycle(s) with /ocp/interconnect@48000000/segment@300000/target-module@e000/lcdc@0
[    0.517241] /ocp/interconnect@44c00000/segment@200000/target-module@b000/i2c@0/tda19988@70: Fixed dependency cycle(s) with /ocp/interconnect@48000000/segment@300000/target-module@e000/lcdc@0
[    0.518129] /ocp/interconnect@44c00000/segment@200000/target-module@b000/i2c@0/tda19988@70: Fixed dependency cycle(s) with /ocp/interconnect@48000000/segment@300000/target-module@e000/lcdc@0
[    0.521720] /ocp/interconnect@44c00000/segment@200000/target-module@10000/scm@0/pinmux@800: Fixed dependency cycle(s) with /ocp/interconnect@44c00000/segment@200000/target-module@10000/scm@0/pinmux@800/clkout2-pins
[    0.522353] pinctrl-single 44e10800.pinmux: 142 pins, size 568
[    0.527542] ti-sysc 44e31000.target-module: probe with driver ti-sysc failed with error -16
[    0.543302] /ocp/interconnect@48000000/segment@300000/target-module@e000/lcdc@0: Fixed dependency cycle(s) with /ocp/interconnect@44c00000/segment@200000/target-module@b000/i2c@0/tda19988@70
[    0.543632] OF: /ocp/interconnect@48000000: Read of boolean property 'clocks' with a value.
[    0.551168] ti-sysc 48040000.target-module: probe with driver ti-sysc failed with error -16
[    0.598023] OMAP GPIO hardware version 0.1
[    0.632497] omap_i2c 4819c000.i2c: bus 2 rev0.11 at 100 kHz
[    0.662200] 48000000.interconnect:segment@200000:target-module@0:mpu@0:fck: device ID is greater than 24
[    0.663128] /ocp/interconnect@48000000/segment@300000/target-module@e000/lcdc@0: Fixed dependency cycle(s) with /ocp/interconnect@44c00000/segment@200000/target-module@b000/i2c@0/tda19988@70
[    0.665872] /ocp/interconnect@48000000/segment@300000/target-module@e000/lcdc@0: Fixed dependency cycle(s) with /ocp/interconnect@44c00000/segment@200000/target-module@b000/i2c@0/tda19988@70
[    0.666554] /ocp/interconnect@44c00000/segment@200000/target-module@b000/i2c@0/tda19988@70: Fixed dependency cycle(s) with /ocp/interconnect@48000000/segment@300000/target-module@e000/lcdc@0
[    0.666722] /ocp/interconnect@48000000/segment@300000/target-module@e000/lcdc@0: Fixed dependency cycle(s) with /ocp/interconnect@44c00000/segment@200000/target-module@b000/i2c@0/tda19988@70
[    0.670821] OF: /ocp/interconnect@4a000000: Read of boolean property 'clocks' with a value.
[    0.677726] sdhci-omap 481d8000.mmc: supply pbias not found, using dummy regulator
[    0.678220] sdhci-omap 481d8000.mmc: supply vqmmc not found, using dummy regulator
[    0.726139] davinci_mdio 4a101000.mdio: davinci mdio revision 1.6, bus freq 1000000
[    0.876783] davinci_mdio 4a101000.mdio: phy[0]: device 4a101000.mdio:00, driver SMSC LAN8710/LAN8720
[    0.877561] cpsw-switch 4a100000.switch: initialized cpsw ale version 1.4
[    0.877584] cpsw-switch 4a100000.switch: ALE Table size 1024, Policers 0
[    0.877739] cpsw-switch 4a100000.switch: cpts: overflow check period 500 (jiffies)
[    0.877756] cpsw-switch 4a100000.switch: CPTS: ref_clk_freq:250000000 calc_mult:2147483648 calc_shift:29 error:0 nsec/sec
[    0.877864] cpsw-switch 4a100000.switch: Detected MACID = 6c:ec:eb:68:de:78
[    0.879674] cpsw-switch 4a100000.switch: initialized (regs 0x4a100000, pool size 256) hw_ver:0019010C 1.12 (0)
[    0.890450] debugfs: Directory '49000000.dma' with parent 'dmaengine' already present!
[    0.890493] edma 49000000.dma: TI EDMA DMA engine driver
[    0.926767] target-module@4b000000:target-module@140000:pmu@0:fck: device ID is greater than 24
[    0.930856] hw perfevents: enabled with armv7_cortex_a8 PMU driver, 5 (8000000f) counters available
[    0.938974] l3-aon-clkctrl:0000:0: failed to disable
[    0.955321] 44e09000.serial: ttyS0 at MMIO 0x44e09000 (irq = 34, base_baud = 3000000) is a 8250
[    0.955413] printk: legacy console [ttyS0] enabled
[    2.462277] tps65217-pmic: Failed to locate of_node [id: -1]
[    2.468330] tps65217-bl: Failed to locate of_node [id: -1]
[    2.479565] tps65217 0-0024: TPS65217 ID 0xe version 1.2
[    2.485702] /ocp/interconnect@48000000/segment@300000/target-module@e000/lcdc@0: Fixed dependency cycle(s) with /ocp/interconnect@44c00000/segment@200000/target-module@b000/i2c@0/tda19988@70
[    2.503055] /ocp/interconnect@44c00000/segment@200000/target-module@b000/i2c@0/tda19988@70: Fixed dependency cycle(s) with /ocp/interconnect@48000000/segment@300000/target-module@e000/lcdc@0
[    2.520420] omap_i2c 44e0b000.i2c: bus 0 rev0.11 at 400 kHz
[    2.528381] omap_gpio 44e07000.gpio: Could not set line 6 debounce to 200000 microseconds (-22)
[    2.537266] sdhci-omap 48060000.mmc: Got CD GPIO
[    2.542322] sdhci-omap 48060000.mmc: supply pbias not found, using dummy regulator
[    2.552302] sdhci-omap 48060000.mmc: supply vqmmc not found, using dummy regulator
[    2.560875] sdhci-omap 481d8000.mmc: supply pbias not found, using dummy regulator
[    2.569402] sdhci-omap 481d8000.mmc: supply vqmmc not found, using dummy regulator
[    2.605040] mmc0: SDHCI controller on 48060000.mmc [48060000.mmc] using External DMA
[    2.613374] mmc1: SDHCI controller on 481d8000.mmc [481d8000.mmc] using External DMA
[    2.622206] cpsw-switch 4a100000.switch: starting ndev. mode: dual_mac
[    2.670442] mmc0: new high speed SDHC card at address 5048
[    2.677486] mmcblk0: mmc0:5048 SD16G 14.4 GiB
[    2.685538]  mmcblk0: p1 p2
[    2.688926] mmcblk0: p2 size 31221760 extends beyond EOD, truncated
[    2.702592] SMSC LAN8710/LAN8720 4a101000.mdio:00: attached PHY driver (mii_bus:phy_addr=4a101000.mdio:00, irq=POLL)
[    2.714662] mmc1: new high speed MMC card at address 0001
[    2.721651] mmcblk1: mmc1:0001 MMC04G 3.60 GiB
[    2.733587]  mmcblk1: p1 p2
[    2.737831] mmcblk1boot0: mmc1:0001 MMC04G 2.00 MiB
[    2.745031] mmcblk1boot1: mmc1:0001 MMC04G 2.00 MiB
[    2.752373] mmcblk1rpmb: mmc1:0001 MMC04G 128 KiB, chardev (250:0)
[    5.842083] cpsw-switch 4a100000.switch eth0: Link is Up - 100Mbps/Full - flow control off
[    5.881553] IP-Config: Complete:
[    5.884830]      device=eth0, hwaddr=6c:ec:eb:68:de:78, ipaddr=192.168.255.1, mask=255.255.255.0, gw=255.255.255.255
[    5.895507]      host=bbb1, domain=, nis-domain=(none)
[    5.900679]      bootserver=192.168.255.126, rootserver=192.168.255.126, rootpath=
[    5.901094] clk: Disabling unused clocks
[    5.912945] PM: genpd: Disabling unused power domains
[    5.918063] KTAP version 1
[    5.920785] 1..0
[    5.945560] VFS: Mounted root (nfs filesystem) on device 0:17.
[    5.952674] devtmpfs: mounted
[    5.957124] Freeing unused kernel image (initmem) memory: 1024K
[    5.964085] Run /sbin/init as init process
[    6.660972] systemd[1]: System time before build time, advancing clock.
[    8.131321] random: crng init done
[    8.163860] systemd[1]: systemd 232 running in system mode. (+PAM +AUDIT +SELINUX +IMA +APPARMOR +SMACK +SYSVINIT +UTMP +LIBCRYPTSETUP +GCRYPT +GNUTLS +ACL +XZ +LZ4 +SECCOMP +BLKID +ELFUTILS +KMOD +IDN)
[    8.182839] systemd[1]: Detected architecture arm.

Welcome to [1mDebian GNU/Linux 9 (stretch)[0m!

[    8.214447] systemd[1]: Set hostname to <arm>.
[    9.314613] systemd[1]: Listening on Journal Socket (/dev/log).
[[0;32m  OK  [0m] Listening on Journal Socket (/dev/log).
[    9.342028] systemd[1]: Listening on Syslog Socket.
[[0;32m  OK  [0m] Listening on Syslog Socket.
[    9.372248] systemd[1]: Started Dispatch Password Requests to Console Directory Watch.
[[0;32m  OK  [0m] Started Dispatch Password Requests to Console Directory Watch.
[    9.401949] systemd[1]: Listening on udev Kernel Socket.
[[0;32m  OK  [0m] Listening on udev Kernel Socket.
[    9.431693] systemd[1]: Reached target Swap.
[[0;32m  OK  [0m] Reached target Swap.
[    9.451619] systemd[1]: Reached target Remote File Systems.
[[0;32m  OK  [0m] Reached target Remote File Systems.
[    9.483340] systemd[1]: Listening on /dev/initctl Compatibility Named Pipe.
[[0;32m  OK  [0m] Listening on /dev/initctl Compatibility Named Pipe.
[[0;32m  OK  [0m] Started Forward Password Requests to Wall Directory Watch.
[[0;32m  OK  [0m] Reached target Encrypted Volumes.
[[0;32m  OK  [0m] Created slice User and Session Slice.
[[0;32m  OK  [0m] Reached target Paths.
[[0;32m  OK  [0m] Set up automount Arbitrary Executabâ€¦rmats File System Automount Point.
[[0;32m  OK  [0m] Created slice System Slice.
[[0;32m  OK  [0m] Created slice system-getty.slice.
[[0;32m  OK  [0m] Reached target Slices.
[[0;32m  OK  [0m] Created slice system-serial\x2dgetty.slice.
         Mounting Debug File System...
         Mounting POSIX Message Queue File System...
[[0;32m  OK  [0m] Listening on udev Control Socket.
[[0;32m  OK  [0m] Listening on Journal Audit Socket.
[[0;32m  OK  [0m] Listening on Journal Socket.
         Starting Load Kernel Modules...
         Starting Remount Root and Kernel File Systems...
         Starting Journal Service...
         Starting Create list of required stâ€¦ce nodes for the current kernel...
[[0;32m  OK  [0m] Mounted POSIX Message Queue File System.
[[0;32m  OK  [0m] Mounted Debug File System.
[[0;32m  OK  [0m] Started Create list of required staâ€¦vice nodes for the current kernel.
[[0;32m  OK  [0m] Started Remount Root and Kernel File Systems.
         Starting Load/Save Random Seed...
         Starting udev Coldplug all Devices...
         Starting Create Static Device Nodes in /dev...
[[0;32m  OK  [0m] Started Load Kernel Modules.
         Mounting Configuration File System...
         Starting Apply Kernel Variables...
[[0;32m  OK  [0m] Started Load/Save Random Seed.
[[0;32m  OK  [0m] Mounted Configuration File System.
[[0;32m  OK  [0m] Started Apply Kernel Variables.
[[0;32m  OK  [0m] Started Create Static Device Nodes in /dev.
         Starting udev Kernel Device Manager...
[[0;32m  OK  [0m] Reached target Local File Systems (Pre).
[[0;32m  OK  [0m] Reached target Local File Systems.
         Starting Raise network interfaces...
[[0;32m  OK  [0m] Started Journal Service.
         Starting Flush Journal to Persistent Storage...
[   11.803937] systemd-journald[92]: Received request to flush runtime journal from PID 1
[[0;32m  OK  [0m] Started Flush Journal to Persistent Storage.
         Starting Create Volatile Files and Directories...
[[0;32m  OK  [0m] Started udev Kernel Device Manager.
[[0;32m  OK  [0m] Started Create Volatile Files and Directories.
         Starting Network Time Synchronization...
         Starting Update UTMP about System Boot/Shutdown...
[[0;32m  OK  [0m] Started udev Coldplug all Devices.
[[0;32m  OK  [0m] Started Update UTMP about System Boot/Shutdown.
[   14.726758] remoteproc remoteproc0: wkup_m3 is available
[   14.870406] at24 2-0054: supply vcc not found, using dummy regulator
[   15.037647] at24 2-0055: supply vcc not found, using dummy regulator
[   15.142586] at24 2-0056: supply vcc not found, using dummy regulator
[   15.254707] at24 2-0057: supply vcc not found, using dummy regulator
[   15.325915] tps6521x_pwrbutton tps65217-pwrbutton: DMA mask not set
[   15.355978] wkup_m3_ipc 44e11324.wkup_m3_ipc: IPC Request for A8->M3 Channel failed! -517
[   15.430968] input: tps65217_pwrbutton as /devices/platform/ocp/44c00000.interconnect/44c00000.interconnect:segment@200000/44e0b000.target-module/44e0b000.i2c/i2c-0/0-0024/tps65217-pwrbutton/input/input0
[   15.456694] wkup_m3_ipc 44e11324.wkup_m3_ipc: IPC Request for A8->M3 Channel failed! -517
[   15.472464] at24 0-0050: 32768 byte 24c256 EEPROM, writable, 1 bytes/write
[[0;32m  OK  [0m] Found device /dev/ttyS0.
[   15.641822] omap_wdt: OMAP Watchdog Timer Rev 0x01: initial timeout 60 sec
[   15.650631] omap_rtc 44e3e000.rtc: registered as rtc0
[   15.656038] omap_rtc 44e3e000.rtc: setting system clock to 2000-01-01T00:00:00 UTC (946684800)
[   15.666575] wkup_m3_ipc 44e11324.wkup_m3_ipc: IPC Request for A8->M3 Channel failed! -517
[   15.859540] wkup_m3_ipc 44e11324.wkup_m3_ipc: IPC Request for A8->M3 Channel failed! -517
[   16.013313] am335x-phy-driver 47401300.usb-phy: dummy supplies not allowed for exclusive requests (id=vbus)
[   16.177153] am335x-phy-driver 47401b00.usb-phy: dummy supplies not allowed for exclusive requests (id=vbus)
[   16.192052] wkup_m3_ipc 44e11324.wkup_m3_ipc: IPC Request for A8->M3 Channel failed! -517
[[0;32m  OK  [0m] Started Network Time Synchronization.
[[0;32m  OK  [0m] Reached target System Initialization.
[[0;32m  OK  [0m] Started Daily Cleanup of Temporary Directori[   16.393319] usbcore: registered new interface driver usbfs
es.
[   16.403824] usbcore: registered new interface driver hub
[   16.409555] usbcore: registered new device driver usb
[   16.416893] wkup_m3_ipc 44e11324.wkup_m3_ipc: IPC Request for A8->M3 Channel failed! -517
[[0;32m  OK  [0m] Listening on Avahi mDNS/DNS-SD Stack Activation Socket.
[[0;32m  OK  [0m] Listening on D-Bus System Message Bus Socket.
[[0;32m  OK  [0m] Reached target Sockets.
[[0;32m  OK  [0m] Reached target Basic System.
[   16.737716] tda998x 0-0070: found TDA19988
[   16.839774] wkup_m3_ipc 44e11324.wkup_m3_ipc: IPC Request for A8->M3 Channel failed! -517
[[0;32m  OK  [0m] Started Regular background program processing daemon.
[   17.022225] wkup_m3_ipc 44e11324.wkup_m3_ipc: IPC Request for A8->M3 Channel failed! -517
         Starting Telephony service...
[   17.121596] musb-hdrc musb-hdrc.1: MUSB HDRC host driver
[   17.127019] musb-hdrc musb-hdrc.1: new USB bus registered, assigned bus number 1
[   17.135694] wkup_m3_ipc 44e11324.wkup_m3_ipc: IPC Request for A8->M3 Channel failed! -517
         Starting Cape Manager Service...
[   17.354341] omap-mailbox 480c8000.mailbox: omap mailbox rev 0x400
         Starting Avahi mDNS/DNS-SD Stack...
[   17.451534] remoteproc remoteproc0: powering up wkup_m3
[   17.473395] usb usb1: New USB device found, idVendor=1d6b, idProduct=0002, bcdDevice= 6.14
[   17.482324] usb usb1: New USB device strings: Mfr=3, Product=2, SerialNumber=1
[   17.489799] usb usb1: Product: MUSB HDRC host driver
[   17.494872] usb usb1: Manufacturer: Linux 6.14.10-84286-g854a85bbaa94 musb-hcd
[   17.502170] usb usb1: SerialNumber: musb-hdrc.1
         Starting Login Service...
[   17.627906] remoteproc remoteproc0: Direct firmware load for am335x-pm-firmware.elf failed with error -2
[   17.637998] remoteproc remoteproc0: request_firmware failed: -2
[   17.644102] wkup_m3_ipc 44e11324.wkup_m3_ipc: rproc_boot failed
         Starting LSB: Start busybox udhcpd at boot time...
         Starting DUN service...
[   18.088133] hub 1-0:1.0: USB hub found
         Starting System Logging Service...
[   18.157635] hub 1-0:1.0: 1 port detected
         Starting Generic Board Startup...
         Starting LSB: Load kernel modules needed to enable cpufreq scaling...
[[0;32m  OK  [0m] Started D-Bus System Message Bus.
[   20.598088] omap_rng 48310000.rng: Random Number Generator ver. 20
[   20.756558] tilcdc 4830e000.lcdc: bound 0-0070 (ops tda998x_audio_codec_init [tda998x])
[   20.833286] [drm] Initialized tilcdc 1.0.0 for 4830e000.lcdc on minor 0
[   20.892973] tilcdc 4830e000.lcdc: [drm] Cannot find any crtc or sizes
[   20.901736] tilcdc 4830e000.lcdc: [drm] Cannot find any crtc or sizes
[   21.430158] PM: Cannot get wkup_m3_ipc handle
[   21.536359] omap-sham 53100000.sham: hw accel on OMAP rev 4.3
[   21.635797] omap-aes 53500000.aes: OMAP AES hw accel rev: 3.2
[   21.671576] omap-sham 53100000.sham: will run requests pump with realtime priority
[   21.681850] PM: Cannot get wkup_m3_ipc handle
[   21.751912] omap-aes 53500000.aes: will run requests pump with realtime priority
[   21.762142] PM: Cannot get wkup_m3_ipc handle
[[0;32m  OK  [0m] Started Avahi mDNS/DNS-SD Stack.
[[0;32m  OK  [0m] Started Telephony service.
[[0;32m  OK  [0m] Started DUN service.
         Starting Connection service...
[[0;32m  OK  [0m] Reached target System Time Synchronized.
[[0;32m  OK  [0m] Started Daily apt download activities.
[[0;32m  OK  [0m] Started Daily apt upgrade and clean activities.
[[0;32m  OK  [0m] Reached target Timers.
[[0;32m  OK  [0m] Started System Logging Service.
[[0;32m  OK  [0m] Started Cape Manager Service.
[   23.583498] Bluetooth: Core ver 2.22
[   23.587321] NET: Registered PF_BLUETOOTH protocol family
[   23.592929] Bluetooth: HCI device and connection manager initialized
[   23.599350] Bluetooth: HCI socket layer initialized
[   23.604320] Bluetooth: L2CAP socket layer initialized
[   23.609444] Bluetooth: SCO socket layer initialized
[   25.310179] PM: Cannot get wkup_m3_ipc handle
[   25.475574] PM: Cannot get wkup_m3_ipc handle
[[0;32m  OK  [0m] Started LSB: Start busybox udhcpd at boot time.
[[0;32m  OK  [0m] Started Raise network interfaces.
[[0;32m  OK  [0m] Started LSB: Load kernel modules needed to enable cpufreq scaling.
[   28.439820] configfs-gadget.g_multi gadget.0: HOST MAC 1c:ba:8c:a2:ed:6c
[   28.446799] configfs-gadget.g_multi gadget.0: MAC 1c:ba:8c:a2:ed:70
[   28.454168] configfs-gadget.g_multi gadget.0: HOST MAC 1c:ba:8c:a2:ed:6c
[   28.460930] configfs-gadget.g_multi gadget.0: MAC 1c:ba:8c:a2:ed:6d
[   28.484659] PM: Cannot get wkup_m3_ipc handle
[[0;32m  OK  [0m] Started Connection service.
[[0;32m  OK  [0m] Started Login Service.
[[0;32m  OK  [0m] Reached target Sound Card.
         Starting LSB: set CPUFreq kernel parameters...
[[0;32m  OK  [0m] Reached target Network.
         Starting OpenBSD Secure Shell server...
[[0;32m  OK  [0m] Reached target Network is Online.
         Starting LSB: Advanced IEEE 802.11 management daemon...
         Starting The Apache HTTP Server...
         Starting Permit User Sessions...
[[0;32m  OK  [0m] Started LSB: Advanced IEEE 802.11 management daemon.
[[0;32m  OK  [0m] Started Permit User Sessions.
         Starting Hostname Service...
[[0;32m  OK  [0m] Started Serial Getty on ttyS0.
[[0;32m  OK  [0m] Started Getty on tty1.
[[0;32m  OK  [0m] Reached target Login Prompts.
         Starting WPA supplicant...
[[0;32m  OK  [0m] Started LSB: set CPUFreq kernel parameters.
[[0;32m  OK  [0m] Started Hostname Service.
[[0;32m  OK  [0m] Started WPA supplicant.
[[0;32m  OK  [0m] Started OpenBSD Secure Shell server.
         Stopping LSB: Start busybox udhcpd at boot time...
[[0;32m  OK  [0m] Stopped LSB: Start busybox udhcpd at boot time.
[[0;32m  OK  [0m] Started The Apache HTTP Server.
         Starting dnsmasq - A lightweight DHCP and caching DNS server...
[[0;32m  OK  [0m] Started dnsmasq - A lightweight DHCP and caching DNS server.
[[0;32m  OK  [0m] Reached target Host and Network Name Lookups.
[[0;32m  OK  [0m] Started Serial Getty on ttyGS0.
[[0;32m  OK  [0m] Started Generic Board Startup.
[[0;32m  OK  [0m] Reached target Multi-User System.
[[0;32m  OK  [0m] Reached target Graphical Interface.
         Starting Update UTMP about System Runlevel Changes...
[[0;32m  OK  [0m] Started Update UTMP about System Runlevel Changes.

Debian GNU/Linux 9 arm ttyS0

default username:password is [debian:temppwd]

arm login: root
Password: 
Last login: Sat Jan  1 00:00:27 UTC 2000 on ttyS0
root
Linux arm 6.14.10-84286-g854a85bbaa94 #1 SMP Wed Jun  4 20:12:54 EEST 2025 armv7l

The programs included with the Debian GNU/Linux system are free software;
the exact distribution terms for each program are described in the
individual files in /usr/share/doc/*/copyright.

Debian GNU/Linux comes with ABSOLUTELY NO WARRANTY, to the extent
permitted by applicable law.
root@arm:~# root
-bash: root: command not found
root@arm:~# dmesg -n 1
root@arm:~# echo 'CPUW''QNVYNX'
CPUWQNVYNX
root@arm:~# run() { echo -n "$MARKER"; sh -c "$@"; echo "$MARKER $?"; }
root@arm:~# echo 'YJGB''GAUQJN'
YJGBGAUQJN
root@arm:~# MARKER='OUFY''HKPUKN' run 'cat /proc/version'
OUFYHKPUKNLinux version 6.14.10-84286-g854a85bbaa94 (user01@drvtest01) (arm-none-eabi-gcc (Arm GNU Toolchain 14.2.Rel1 (Build arm-14.52)) 14.2.1 20241119, GNU ld (Arm GNU Toolchain 14.2.Rel1 (Build arm-14.52)) 2.43.1.20241119) #1 SMP Wed Jun  4 20:12:54 EEST 2025
OUFYHKPUKN 0
root@arm:~# echo 'CEHJ''LYLAQC'
CEHJLYLAQC
root@arm:~# MARKER='OOWV''UBBBXO' run false
OOWVUBBBXOOOWVUBBBXO 1
root@arm:~# Labgrid Console Logfile for main
Logfile started at 2025-06-04 20:17:18.712184
=== Log starts here ===

root@arm:~# run() { echo -n "$MARKER"; sh -c "$@"; echo "$MARKER $?"; }
root@arm:~# echo 'USSK''KKPMXV'
USSKKKPMXV
root@arm:~# MARKER='PXZM''CECWTA' run 'ls /iio_generic_buffer; echo $?'
PXZMCECWTA/iio_generic_buffer
0
PXZMCECWTA 0
root@arm:~# Labgrid Console Logfile for main
Logfile started at 2025-06-04 20:17:22.102990
=== Log starts here ===

root@arm:~# run() { echo -n "$MARKER"; sh -c "$@"; echo "$MARKER $?"; }
root@arm:~# echo 'TQKL''MUNQEA'
TQKLMUNQEA
root@arm:~# MARKER='MPEV''CWSLYN' run dmesg
MPEVCWSLYN[    0.000000] Booting Linux on physical CPU 0x0
[    0.000000] Linux version 6.14.10-84286-g854a85bbaa94 (user01@drvtest01) (arm-none-eabi-gcc (Arm GNU Toolchain 14.2.Rel1 (Build arm-14.52)) 14.2.1 20241119, GNU ld (Arm GNU Toolchain 14.2.Rel1 (Build arm-14.52)) 2.43.1.20241119) #1 SMP Wed Jun  4 20:12:54 EEST 2025
[    0.000000] CPU: ARMv7 Processor [413fc082] revision 2 (ARMv7), cr=10c5387d
[    0.000000] CPU: PIPT / VIPT nonaliasing data cache, VIPT aliasing instruction cache
[    0.000000] OF: fdt: Machine model: TI AM335x BeagleBone Black
[    0.000000] Memory policy: Data cache writeback
[    0.000000] cma: Reserved 16 MiB at 0x9e800000 on node -1
[    0.000000] Zone ranges:
[    0.000000]   Normal   [mem 0x0000000080000000-0x000000009fdfffff]
[    0.000000]   HighMem  empty
[    0.000000] Movable zone start for each node
[    0.000000] Early memory node ranges
[    0.000000]   node   0: [mem 0x0000000080000000-0x000000009fdfffff]
[    0.000000] Initmem setup node 0 [mem 0x0000000080000000-0x000000009fdfffff]
[    0.000000] OF: reserved mem: Reserved memory: No reserved-memory node in the DT
[    0.000000] CPU: All CPU(s) started in SVC mode.
[    0.000000] AM335X ES2.1 (sgx neon)
[    0.000000] percpu: Embedded 17 pages/cpu s39628 r8192 d21812 u69632
[    0.000000] pcpu-alloc: s39628 r8192 d21812 u69632 alloc=17*4096
[    0.000000] pcpu-alloc: [0] 0 
[    0.000000] Kernel command line: console=ttyO0,115200n8 root=/dev/nfs rw nfsroot=192.168.255.126:/home/user01/nfs,nfsvers=3 ip=192.168.255.1:192.168.255.126::255.255.255.0:bbb1:eth0 nfsrootdebug
[    0.000000] Unknown kernel command line parameters "nfsrootdebug", will be passed to user space.
[    0.000000] printk: log buffer data + meta data: 65536 + 204800 = 270336 bytes
[    0.000000] Dentry cache hash table entries: 65536 (order: 6, 262144 bytes, linear)
[    0.000000] Inode-cache hash table entries: 32768 (order: 5, 131072 bytes, linear)
[    0.000000] Built 1 zonelists, mobility grouping on.  Total pages: 130560
[    0.000000] mem auto-init: stack:off, heap alloc:off, heap free:off
[    0.000000] SLUB: HWalign=16, Order=0-3, MinObjects=0, CPUs=1, Nodes=1
[    0.000000] rcu: Hierarchical RCU implementation.
[    0.000000] rcu: 	RCU event tracing is enabled.
[    0.000000] rcu: 	RCU restricting CPUs from NR_CPUS=2 to nr_cpu_ids=1.
[    0.000000] 	Tracing variant of Tasks RCU enabled.
[    0.000000] rcu: RCU calculated value of scheduler-enlistment delay is 10 jiffies.
[    0.000000] rcu: Adjusting geometry for rcu_fanout_leaf=16, nr_cpu_ids=1
[    0.000000] RCU Tasks Trace: Setting shift to 0 and lim to 1 rcu_task_cb_adjust=1 rcu_task_cpu_ids=1.
[    0.000000] NR_IRQS: 16, nr_irqs: 16, preallocated irqs: 16
[    0.000000] IRQ: Found an INTC at 0x(ptrval) (revision 5.0) with 128 interrupts
[    0.000000] rcu: srcu_init: Setting srcu_struct sizes based on contention.
[    0.000000] TI gptimer clocksource: always-on /ocp/interconnect@44c00000/segment@200000/target-module@31000
[    0.000003] sched_clock: 32 bits at 24MHz, resolution 41ns, wraps every 89478484971ns
[    0.000028] clocksource: dmtimer: mask: 0xffffffff max_cycles: 0xffffffff, max_idle_ns: 79635851949 ns
[    0.000513] TI gptimer clockevent: 24000000 Hz at /ocp/interconnect@48000000/segment@0/target-module@40000
[    0.002160] Console: colour dummy device 80x30
[    0.002227] WARNING: Your 'console=ttyO0' has been replaced by 'ttyS0'
[    0.002235] This ensures that you still see kernel messages. Please
[    0.002239] update your kernel commandline.
[    0.002281] Calibrating delay loop... 996.14 BogoMIPS (lpj=4980736)
[    0.090560] CPU: Testing write buffer coherency: ok
[    0.090673] CPU0: Spectre v2: using BPIALL workaround
[    0.090682] pid_max: default: 32768 minimum: 301
[    0.090816] LSM: initializing lsm=capability
[    0.090990] Mount-cache hash table entries: 1024 (order: 0, 4096 bytes, linear)
[    0.091008] Mountpoint-cache hash table entries: 1024 (order: 0, 4096 bytes, linear)
[    0.092619] CPU0: thread -1, cpu 0, socket -1, mpidr 0
[    0.092678] cacheinfo: Unable to detect cache hierarchy for CPU 0
[    0.160927] Setting up static identity map for 0x80100000 - 0x80100078
[    0.170721] rcu: Hierarchical SRCU implementation.
[    0.170732] rcu: 	Max phase no-delay instances is 1000.
[    0.190766] smp: Bringing up secondary CPUs ...
[    0.190823] smp: Brought up 1 node, 1 CPU
[    0.190836] SMP: Total of 1 processors activated (996.14 BogoMIPS).
[    0.190847] CPU: All CPU(s) started in SVC mode.
[    0.191019] Memory: 480844K/522240K available (11264K kernel code, 1210K rwdata, 2896K rodata, 1024K init, 291K bss, 23380K reserved, 16384K cma-reserved, 0K highmem)
[    0.191872] devtmpfs: initialized
[    0.208443] VFP support v0.3: implementor 41 architecture 3 part 30 variant c rev 3
[    0.208785] clocksource: jiffies: mask: 0xffffffff max_cycles: 0xffffffff, max_idle_ns: 19112604462750000 ns
[    0.208820] futex hash table entries: 256 (order: 2, 16384 bytes, linear)
[    0.210151] pinctrl core: initialized pinctrl subsystem
[    0.212578] NET: Registered PF_NETLINK/PF_ROUTE protocol family
[    0.215337] DMA: preallocated 256 KiB pool for atomic coherent allocations
[    0.216238] audit: initializing netlink subsys (disabled)
[    0.217609] thermal_sys: Registered thermal governor 'fair_share'
[    0.217625] thermal_sys: Registered thermal governor 'step_wise'
[    0.217634] thermal_sys: Registered thermal governor 'user_space'
[    0.217774] audit: type=2000 audit(0.210:1): state=initialized audit_enabled=0 res=1
[    0.217813] cpuidle: using governor menu
[    0.235864] /ocp/interconnect@44c00000/segment@200000/target-module@b000/i2c@0/tda19988@70: Fixed dependency cycle(s) with /ocp/interconnect@48000000/segment@300000/target-module@e000/lcdc@0
[    0.236975] /ocp/interconnect@48000000/segment@300000/target-module@e000/lcdc@0: Fixed dependency cycle(s) with /ocp/interconnect@44c00000/segment@200000/target-module@b000/i2c@0/tda19988@70
[    0.239132] No ATAGs?
[    0.239176] hw-breakpoint: debug architecture 0x4 unsupported.
[    0.242047] kprobes: kprobe jump-optimization is enabled. All kprobes are optimized if possible.
[    0.253882] iommu: Default domain type: Translated
[    0.253907] iommu: DMA domain TLB invalidation policy: strict mode
[    0.255529] reg-fixed-voltage fixedregulator0: using DT '/fixedregulator0' for '(default)' GPIO lookup
[    0.255584] of_get_named_gpiod_flags: can't parse 'gpios' property of node '/fixedregulator0[0]'
[    0.255613] of_get_named_gpiod_flags: can't parse 'gpio' property of node '/fixedregulator0[0]'
[    0.255630] reg-fixed-voltage fixedregulator0: using lookup tables for GPIO lookup
[    0.255641] reg-fixed-voltage fixedregulator0: No GPIO consumer (default) found
[    0.261884] SCSI subsystem initialized
[    0.262372] libata version 3.00 loaded.
[    0.262729] pps_core: LinuxPPS API ver. 1 registered
[    0.262739] pps_core: Software ver. 5.3.6 - Copyright 2005-2007 Rodolfo Giometti <giometti@linux.it>
[    0.262764] PTP clock support registered
[    0.270935] vgaarb: loaded
[    0.271296] clocksource: Switched to clocksource dmtimer
[    0.271942] VFS: Disk quotas dquot_6.6.0
[    0.272000] VFS: Dquot-cache hash table entries: 1024 (order 0, 4096 bytes)
[    0.296374] NET: Registered PF_INET protocol family
[    0.296716] IP idents hash table entries: 8192 (order: 4, 65536 bytes, linear)
[    0.298152] tcp_listen_portaddr_hash hash table entries: 512 (order: 0, 4096 bytes, linear)
[    0.298190] Table-perturb hash table entries: 65536 (order: 6, 262144 bytes, linear)
[    0.298209] TCP established hash table entries: 4096 (order: 2, 16384 bytes, linear)
[    0.298254] TCP bind hash table entries: 4096 (order: 4, 65536 bytes, linear)
[    0.298354] TCP: Hash tables configured (established 4096 bind 4096)
[    0.298476] UDP hash table entries: 256 (order: 1, 14336 bytes, linear)
[    0.298512] UDP-Lite hash table entries: 256 (order: 1, 14336 bytes, linear)
[    0.298699] NET: Registered PF_UNIX/PF_LOCAL protocol family
[    0.299985] RPC: Registered named UNIX socket transport module.
[    0.300007] RPC: Registered udp transport module.
[    0.300013] RPC: Registered tcp transport module.
[    0.300017] RPC: Registered tcp-with-tls transport module.
[    0.300022] RPC: Registered tcp NFSv4.1 backchannel transport module.
[    0.300045] PCI: CLS 0 bytes, default 64
[    0.301592] Initialise system trusted keyrings
[    0.312610] workingset: timestamp_bits=14 max_order=17 bucket_order=3
[    0.313963] NFS: Registering the id_resolver key type
[    0.314027] Key type id_resolver registered
[    0.314035] Key type id_legacy registered
[    0.314082] jffs2: version 2.2. (NAND) (SUMMARY)  Â© 2001-2006 Red Hat, Inc.
[    0.314479] Key type asymmetric registered
[    0.314494] Asymmetric key parser 'x509' registered
[    0.314562] io scheduler mq-deadline registered
[    0.314572] io scheduler kyber registered
[    0.314646] io scheduler bfq registered
[    0.316219] ledtrig-cpu: registered to indicate activity on CPUs
[    0.322251] Serial: 8250/16550 driver, 6 ports, IRQ sharing enabled
[    0.376470] brd: module loaded
[    0.384924] loop: module loaded
[    0.385843] mtdoops: mtd device (mtddev=name/number) must be supplied
[    0.394095] mdio_bus fixed-0: using lookup tables for GPIO lookup
[    0.394121] mdio_bus fixed-0: No GPIO consumer reset found
[    0.395463] i2c_dev: i2c /dev entries driver
[    0.396425] cpuidle: enable-method property 'ti,am3352' found operations
[    0.396856] sdhci: Secure Digital Host Controller Interface driver
[    0.396866] sdhci: Copyright(c) Pierre Ossman
[    0.397035] sdhci-pltfm: SDHCI platform and OF driver helper
[    0.398035] Initializing XFRM netlink socket
[    0.398204] NET: Registered PF_INET6 protocol family
[    0.400220] Segment Routing with IPv6
[    0.400324] In-situ OAM (IOAM) with IPv6
[    0.400425] sit: IPv6, IPv4 and MPLS over IPv4 tunneling driver
[    0.401511] NET: Registered PF_PACKET protocol family
[    0.401554] NET: Registered PF_KEY protocol family
[    0.401681] Key type dns_resolver registered
[    0.401914] ThumbEE CPU extension supported.
[    0.401933] Registering SWP/SWPB emulation handler
[    0.402477] omap_voltage_late_init: Voltage driver support not added
[    0.402841] SmartReflex Class3 initialized
[    0.439857] Loading compiled-in X.509 certificates
[    0.468500] OF: /ocp: Read of boolean property 'clocks' with a value.
[    0.471777] /ocp/interconnect@44c00000/segment@200000/target-module@b000/i2c@0/tda19988@70: Fixed dependency cycle(s) with /ocp/interconnect@48000000/segment@300000/target-module@e000/lcdc@0
[    0.472735] OF: /ocp/interconnect@44c00000: Read of boolean property 'clocks' with a value.
[    0.478082] /ocp/interconnect@44c00000/segment@200000/target-module@b000/i2c@0/tda19988@70: Fixed dependency cycle(s) with /ocp/interconnect@48000000/segment@300000/target-module@e000/lcdc@0
[    0.483649] gpiochip_find_base_unlocked: found new base at 512
[    0.517241] /ocp/interconnect@44c00000/segment@200000/target-module@b000/i2c@0/tda19988@70: Fixed dependency cycle(s) with /ocp/interconnect@48000000/segment@300000/target-module@e000/lcdc@0
[    0.518129] /ocp/interconnect@44c00000/segment@200000/target-module@b000/i2c@0/tda19988@70: Fixed dependency cycle(s) with /ocp/interconnect@48000000/segment@300000/target-module@e000/lcdc@0
[    0.521720] /ocp/interconnect@44c00000/segment@200000/target-module@10000/scm@0/pinmux@800: Fixed dependency cycle(s) with /ocp/interconnect@44c00000/segment@200000/target-module@10000/scm@0/pinmux@800/clkout2-pins
[    0.522353] pinctrl-single 44e10800.pinmux: 142 pins, size 568
[    0.527542] ti-sysc 44e31000.target-module: probe with driver ti-sysc failed with error -16
[    0.543302] /ocp/interconnect@48000000/segment@300000/target-module@e000/lcdc@0: Fixed dependency cycle(s) with /ocp/interconnect@44c00000/segment@200000/target-module@b000/i2c@0/tda19988@70
[    0.543632] OF: /ocp/interconnect@48000000: Read of boolean property 'clocks' with a value.
[    0.551168] ti-sysc 48040000.target-module: probe with driver ti-sysc failed with error -16
[    0.562608] gpiochip_find_base_unlocked: found new base at 512
[    0.562711] gpio gpiochip0: (gpio-0-31): created GPIO range 0->7 ==> 44e10800.pinmux PIN 0->7
[    0.562732] gpio gpiochip0: (gpio-0-31): created GPIO range 8->11 ==> 44e10800.pinmux PIN 90->93
[    0.562748] gpio gpiochip0: (gpio-0-31): created GPIO range 12->27 ==> 44e10800.pinmux PIN 12->27
[    0.562763] gpio gpiochip0: (gpio-0-31): created GPIO range 28->31 ==> 44e10800.pinmux PIN 30->33
[    0.597799] gpio gpiochip0: (gpio-0-31): added GPIO chardev (254:0)
[    0.597940] gpio gpiochip0: registered GPIOs 512 to 543 on gpio-0-31
[    0.598023] OMAP GPIO hardware version 0.1
[    0.631462] i2c i2c-2: using DT '/ocp/interconnect@48000000/segment@100000/target-module@9c000/i2c@0' for 'scl' GPIO lookup
[    0.631537] of_get_named_gpiod_flags: can't parse 'scl-gpios' property of node '/ocp/interconnect@48000000/segment@100000/target-module@9c000/i2c@0[0]'
[    0.631580] of_get_named_gpiod_flags: can't parse 'scl-gpio' property of node '/ocp/interconnect@48000000/segment@100000/target-module@9c000/i2c@0[0]'
[    0.631615] i2c i2c-2: using lookup tables for GPIO lookup
[    0.631625] i2c i2c-2: No GPIO consumer scl found
[    0.631646] i2c i2c-2: using DT '/ocp/interconnect@48000000/segment@100000/target-module@9c000/i2c@0' for 'sda' GPIO lookup
[    0.631682] of_get_named_gpiod_flags: can't parse 'sda-gpios' property of node '/ocp/interconnect@48000000/segment@100000/target-module@9c000/i2c@0[0]'
[    0.631719] of_get_named_gpiod_flags: can't parse 'sda-gpio' property of node '/ocp/interconnect@48000000/segment@100000/target-module@9c000/i2c@0[0]'
[    0.631751] i2c i2c-2: using lookup tables for GPIO lookup
[    0.631759] i2c i2c-2: No GPIO consumer sda found
[    0.632497] omap_i2c 4819c000.i2c: bus 2 rev0.11 at 100 kHz
[    0.637993] gpiochip_find_base_unlocked: found new base at 544
[    0.638098] gpio gpiochip1: (gpio-32-63): created GPIO range 0->17 ==> 44e10800.pinmux PIN 34->51
[    0.638118] gpio gpiochip1: (gpio-32-63): created GPIO range 18->21 ==> 44e10800.pinmux PIN 77->80
[    0.638135] gpio gpiochip1: (gpio-32-63): created GPIO range 22->31 ==> 44e10800.pinmux PIN 56->65
[    0.652975] gpio gpiochip1: (gpio-32-63): added GPIO chardev (254:1)
[    0.653125] gpio gpiochip1: registered GPIOs 544 to 575 on gpio-32-63
[    0.655361] gpiochip_find_base_unlocked: found new base at 576
[    0.655453] gpio gpiochip2: (gpio-64-95): created GPIO range 0->4 ==> 44e10800.pinmux PIN 66->70
[    0.655473] gpio gpiochip2: (gpio-64-95): created GPIO range 5->6 ==> 44e10800.pinmux PIN 98->99
[    0.655488] gpio gpiochip2: (gpio-64-95): created GPIO range 7->8 ==> 44e10800.pinmux PIN 75->76
[    0.655504] gpio gpiochip2: (gpio-64-95): created GPIO range 13->13 ==> 44e10800.pinmux PIN 141->141
[    0.655520] gpio gpiochip2: (gpio-64-95): created GPIO range 14->21 ==> 44e10800.pinmux PIN 100->107
[    0.656313] gpio gpiochip2: (gpio-64-95): added GPIO chardev (254:2)
[    0.656452] gpio gpiochip2: registered GPIOs 576 to 607 on gpio-64-95
[    0.662200] 48000000.interconnect:segment@200000:target-module@0:mpu@0:fck: device ID is greater than 24
[    0.663128] /ocp/interconnect@48000000/segment@300000/target-module@e000/lcdc@0: Fixed dependency cycle(s) with /ocp/interconnect@44c00000/segment@200000/target-module@b000/i2c@0/tda19988@70
[    0.665872] /ocp/interconnect@48000000/segment@300000/target-module@e000/lcdc@0: Fixed dependency cycle(s) with /ocp/interconnect@44c00000/segment@200000/target-module@b000/i2c@0/tda19988@70
[    0.666554] /ocp/interconnect@44c00000/segment@200000/target-module@b000/i2c@0/tda19988@70: Fixed dependency cycle(s) with /ocp/interconnect@48000000/segment@300000/target-module@e000/lcdc@0
[    0.666722] /ocp/interconnect@48000000/segment@300000/target-module@e000/lcdc@0: Fixed dependency cycle(s) with /ocp/interconnect@44c00000/segment@200000/target-module@b000/i2c@0/tda19988@70
[    0.670821] OF: /ocp/interconnect@4a000000: Read of boolean property 'clocks' with a value.
[    0.676298] mdio_bus 4a101000.mdio: using DT '/ocp/interconnect@4a000000/segment@0/target-module@100000/switch@0/mdio@1000' for 'reset' GPIO lookup
[    0.676372] of_get_named_gpiod_flags: can't parse 'reset-gpios' property of node '/ocp/interconnect@4a000000/segment@0/target-module@100000/switch@0/mdio@1000[0]'
[    0.676419] of_get_named_gpiod_flags: can't parse 'reset-gpio' property of node '/ocp/interconnect@4a000000/segment@0/target-module@100000/switch@0/mdio@1000[0]'
[    0.676466] mdio_bus 4a101000.mdio: using lookup tables for GPIO lookup
[    0.676477] mdio_bus 4a101000.mdio: No GPIO consumer reset found
[    0.677377] sdhci-omap 481d8000.mmc: using DT '/ocp/interconnect@48000000/segment@100000/target-module@d8000/mmc@0' for 'wp' GPIO lookup
[    0.677444] of_get_named_gpiod_flags: can't parse 'wp-gpios' property of node '/ocp/interconnect@48000000/segment@100000/target-module@d8000/mmc@0[0]'
[    0.677486] of_get_named_gpiod_flags: can't parse 'wp-gpio' property of node '/ocp/interconnect@48000000/segment@100000/target-module@d8000/mmc@0[0]'
[    0.677519] sdhci-omap 481d8000.mmc: using lookup tables for GPIO lookup
[    0.677529] sdhci-omap 481d8000.mmc: No GPIO consumer wp found
[    0.677726] sdhci-omap 481d8000.mmc: supply pbias not found, using dummy regulator
[    0.678220] sdhci-omap 481d8000.mmc: supply vqmmc not found, using dummy regulator
[    0.726139] davinci_mdio 4a101000.mdio: davinci mdio revision 1.6, bus freq 1000000
[    0.743658] mdio_bus 4a101000.mdio:00: using DT '/ocp/interconnect@4a000000/segment@0/target-module@100000/switch@0/mdio@1000/ethernet-phy@0' for 'reset' GPIO lookup
[    0.743762] of_get_named_gpiod_flags: parsed 'reset-gpios' property of node '/ocp/interconnect@4a000000/segment@0/target-module@100000/switch@0/mdio@1000/ethernet-phy@0[0]' - status (0)
[    0.743922] gpio gpiochip0: Persistence not supported for GPIO 8
[    0.876783] davinci_mdio 4a101000.mdio: phy[0]: device 4a101000.mdio:00, driver SMSC LAN8710/LAN8720
[    0.877561] cpsw-switch 4a100000.switch: initialized cpsw ale version 1.4
[    0.877584] cpsw-switch 4a100000.switch: ALE Table size 1024, Policers 0
[    0.877739] cpsw-switch 4a100000.switch: cpts: overflow check period 500 (jiffies)
[    0.877756] cpsw-switch 4a100000.switch: CPTS: ref_clk_freq:250000000 calc_mult:2147483648 calc_shift:29 error:0 nsec/sec
[    0.877864] cpsw-switch 4a100000.switch: Detected MACID = 6c:ec:eb:68:de:78
[    0.879674] cpsw-switch 4a100000.switch: initialized (regs 0x4a100000, pool size 256) hw_ver:0019010C 1.12 (0)
[    0.890450] debugfs: Directory '49000000.dma' with parent 'dmaengine' already present!
[    0.890493] edma 49000000.dma: TI EDMA DMA engine driver
[    0.926767] target-module@4b000000:target-module@140000:pmu@0:fck: device ID is greater than 24
[    0.930856] hw perfevents: enabled with armv7_cortex_a8 PMU driver, 5 (8000000f) counters available
[    0.932012] gpio-clk clk_mcasp0: using DT '/clk_mcasp0' for 'enable' GPIO lookup
[    0.932091] of_get_named_gpiod_flags: parsed 'enable-gpios' property of node '/clk_mcasp0[0]' - status (0)
[    0.932136] gpio gpiochip0: Persistence not supported for GPIO 27
[    0.932941] gpiochip_find_base_unlocked: found new base at 608
[    0.933050] gpio gpiochip3: (gpio-96-127): created GPIO range 0->7 ==> 44e10800.pinmux PIN 82->89
[    0.933069] gpio gpiochip3: (gpio-96-127): created GPIO range 8->11 ==> 44e10800.pinmux PIN 52->55
[    0.933085] gpio gpiochip3: (gpio-96-127): created GPIO range 12->15 ==> 44e10800.pinmux PIN 94->97
[    0.933100] gpio gpiochip3: (gpio-96-127): created GPIO range 16->17 ==> 44e10800.pinmux PIN 71->72
[    0.933116] gpio gpiochip3: (gpio-96-127): created GPIO range 18->18 ==> 44e10800.pinmux PIN 135->135
[    0.933132] gpio gpiochip3: (gpio-96-127): created GPIO range 19->20 ==> 44e10800.pinmux PIN 108->109
[    0.933150] gpio gpiochip3: (gpio-96-127): created GPIO range 21->21 ==> 44e10800.pinmux PIN 73->73
[    0.933172] gpio gpiochip3: (gpio-96-127): created GPIO range 22->23 ==> 44e10800.pinmux PIN 8->9
[    0.933189] gpio gpiochip3: (gpio-96-127): created GPIO range 26->27 ==> 44e10800.pinmux PIN 10->11
[    0.933207] gpio gpiochip3: (gpio-96-127): created GPIO range 28->28 ==> 44e10800.pinmux PIN 74->74
[    0.933225] gpio gpiochip3: (gpio-96-127): created GPIO range 29->29 ==> 44e10800.pinmux PIN 81->81
[    0.933244] gpio gpiochip3: (gpio-96-127): created GPIO range 30->31 ==> 44e10800.pinmux PIN 28->29
[    0.938974] l3-aon-clkctrl:0000:0: failed to disable
[    0.945909] gpio gpiochip3: (gpio-96-127): added GPIO chardev (254:3)
[    0.946063] gpio gpiochip3: registered GPIOs 608 to 639 on gpio-96-127
[    0.954609] omap8250 44e09000.serial: using DT '/ocp/interconnect@44c00000/segment@200000/target-module@9000/serial@0' for 'rs485-term' GPIO lookup
[    0.954684] of_get_named_gpiod_flags: can't parse 'rs485-term-gpios' property of node '/ocp/interconnect@44c00000/segment@200000/target-module@9000/serial@0[0]'
[    0.954730] of_get_named_gpiod_flags: can't parse 'rs485-term-gpio' property of node '/ocp/interconnect@44c00000/segment@200000/target-module@9000/serial@0[0]'
[    0.954766] omap8250 44e09000.serial: using lookup tables for GPIO lookup
[    0.954776] omap8250 44e09000.serial: No GPIO consumer rs485-term found
[    0.954786] omap8250 44e09000.serial: using DT '/ocp/interconnect@44c00000/segment@200000/target-module@9000/serial@0' for 'rs485-rx-during-tx' GPIO lookup
[    0.954822] of_get_named_gpiod_flags: can't parse 'rs485-rx-during-tx-gpios' property of node '/ocp/interconnect@44c00000/segment@200000/target-module@9000/serial@0[0]'
[    0.954860] of_get_named_gpiod_flags: can't parse 'rs485-rx-during-tx-gpio' property of node '/ocp/interconnect@44c00000/segment@200000/target-module@9000/serial@0[0]'
[    0.954892] omap8250 44e09000.serial: using lookup tables for GPIO lookup
[    0.954900] omap8250 44e09000.serial: No GPIO consumer rs485-rx-during-tx found
[    0.955321] 44e09000.serial: ttyS0 at MMIO 0x44e09000 (irq = 34, base_baud = 3000000) is a 8250
[    0.955413] printk: legacy console [ttyS0] enabled
[    2.448671] i2c i2c-0: using DT '/ocp/interconnect@44c00000/segment@200000/target-module@b000/i2c@0' for 'scl' GPIO lookup
[    2.448762] of_get_named_gpiod_flags: can't parse 'scl-gpios' property of node '/ocp/interconnect@44c00000/segment@200000/target-module@b000/i2c@0[0]'
[    2.448810] of_get_named_gpiod_flags: can't parse 'scl-gpio' property of node '/ocp/interconnect@44c00000/segment@200000/target-module@b000/i2c@0[0]'
[    2.448849] i2c i2c-0: using lookup tables for GPIO lookup
[    2.448862] i2c i2c-0: No GPIO consumer scl found
[    2.448888] i2c i2c-0: using DT '/ocp/interconnect@44c00000/segment@200000/target-module@b000/i2c@0' for 'sda' GPIO lookup
[    2.448929] of_get_named_gpiod_flags: can't parse 'sda-gpios' property of node '/ocp/interconnect@44c00000/segment@200000/target-module@b000/i2c@0[0]'
[    2.448970] of_get_named_gpiod_flags: can't parse 'sda-gpio' property of node '/ocp/interconnect@44c00000/segment@200000/target-module@b000/i2c@0[0]'
[    2.449005] i2c i2c-0: using lookup tables for GPIO lookup
[    2.449017] i2c i2c-0: No GPIO consumer sda found
[    2.462277] tps65217-pmic: Failed to locate of_node [id: -1]
[    2.468330] tps65217-bl: Failed to locate of_node [id: -1]
[    2.479565] tps65217 0-0024: TPS65217 ID 0xe version 1.2
[    2.485702] /ocp/interconnect@48000000/segment@300000/target-module@e000/lcdc@0: Fixed dependency cycle(s) with /ocp/interconnect@44c00000/segment@200000/target-module@b000/i2c@0/tda19988@70
[    2.503055] /ocp/interconnect@44c00000/segment@200000/target-module@b000/i2c@0/tda19988@70: Fixed dependency cycle(s) with /ocp/interconnect@48000000/segment@300000/target-module@e000/lcdc@0
[    2.520420] omap_i2c 44e0b000.i2c: bus 0 rev0.11 at 400 kHz
[    2.528166] sdhci-omap 48060000.mmc: using DT '/ocp/interconnect@48000000/segment@0/target-module@60000/mmc@0' for 'cd' GPIO lookup
[    2.528287] of_get_named_gpiod_flags: parsed 'cd-gpios' property of node '/ocp/interconnect@48000000/segment@0/target-module@60000/mmc@0[0]' - status (0)
[    2.528355] gpio gpiochip3: Persistence not supported for GPIO 6
[    2.528381] omap_gpio 44e07000.gpio: Could not set line 6 debounce to 200000 microseconds (-22)
[    2.537266] sdhci-omap 48060000.mmc: Got CD GPIO
[    2.541948] sdhci-omap 48060000.mmc: using DT '/ocp/interconnect@48000000/segment@0/target-module@60000/mmc@0' for 'wp' GPIO lookup
[    2.542004] of_get_named_gpiod_flags: can't parse 'wp-gpios' property of node '/ocp/interconnect@48000000/segment@0/target-module@60000/mmc@0[0]'
[    2.542056] of_get_named_gpiod_flags: can't parse 'wp-gpio' property of node '/ocp/interconnect@48000000/segment@0/target-module@60000/mmc@0[0]'
[    2.542095] sdhci-omap 48060000.mmc: using lookup tables for GPIO lookup
[    2.542109] sdhci-omap 48060000.mmc: No GPIO consumer wp found
[    2.542322] sdhci-omap 48060000.mmc: supply pbias not found, using dummy regulator
[    2.551018] sdhci-omap 481d8000.mmc: using DT '/ocp/interconnect@48000000/segment@100000/target-module@d8000/mmc@0' for 'wp' GPIO lookup
[    2.551092] of_get_named_gpiod_flags: can't parse 'wp-gpios' property of node '/ocp/interconnect@48000000/segment@100000/target-module@d8000/mmc@0[0]'
[    2.551140] of_get_named_gpiod_flags: can't parse 'wp-gpio' property of node '/ocp/interconnect@48000000/segment@100000/target-module@d8000/mmc@0[0]'
[    2.551178] sdhci-omap 481d8000.mmc: using lookup tables for GPIO lookup
[    2.551191] sdhci-omap 481d8000.mmc: No GPIO consumer wp found
[    2.552302] sdhci-omap 48060000.mmc: supply vqmmc not found, using dummy regulator
[    2.560875] sdhci-omap 481d8000.mmc: supply pbias not found, using dummy regulator
[    2.569402] sdhci-omap 481d8000.mmc: supply vqmmc not found, using dummy regulator
[    2.605040] mmc0: SDHCI controller on 48060000.mmc [48060000.mmc] using External DMA
[    2.613374] mmc1: SDHCI controller on 481d8000.mmc [481d8000.mmc] using External DMA
[    2.622206] cpsw-switch 4a100000.switch: starting ndev. mode: dual_mac
[    2.670442] mmc0: new high speed SDHC card at address 5048
[    2.677486] mmcblk0: mmc0:5048 SD16G 14.4 GiB
[    2.685538]  mmcblk0: p1 p2
[    2.688926] mmcblk0: p2 size 31221760 extends beyond EOD, truncated
[    2.702592] SMSC LAN8710/LAN8720 4a101000.mdio:00: attached PHY driver (mii_bus:phy_addr=4a101000.mdio:00, irq=POLL)
[    2.714662] mmc1: new high speed MMC card at address 0001
[    2.721651] mmcblk1: mmc1:0001 MMC04G 3.60 GiB
[    2.733587]  mmcblk1: p1 p2
[    2.737831] mmcblk1boot0: mmc1:0001 MMC04G 2.00 MiB
[    2.745031] mmcblk1boot1: mmc1:0001 MMC04G 2.00 MiB
[    2.752373] mmcblk1rpmb: mmc1:0001 MMC04G 128 KiB, chardev (250:0)
[    5.842083] cpsw-switch 4a100000.switch eth0: Link is Up - 100Mbps/Full - flow control off
[    5.881553] IP-Config: Complete:
[    5.884830]      device=eth0, hwaddr=6c:ec:eb:68:de:78, ipaddr=192.168.255.1, mask=255.255.255.0, gw=255.255.255.255
[    5.895507]      host=bbb1, domain=, nis-domain=(none)
[    5.900679]      bootserver=192.168.255.126, rootserver=192.168.255.126, rootpath=
[    5.901094] clk: Disabling unused clocks
[    5.912945] PM: genpd: Disabling unused power domains
[    5.918063] KTAP version 1
[    5.920785] 1..0
[    5.945560] VFS: Mounted root (nfs filesystem) on device 0:17.
[    5.952674] devtmpfs: mounted
[    5.957124] Freeing unused kernel image (initmem) memory: 1024K
[    5.964085] Run /sbin/init as init process
[    5.968219]   with arguments:
[    5.968232]     /sbin/init
[    5.968241]     nfsrootdebug
[    5.968251]   with environment:
[    5.968259]     HOME=/
[    5.968267]     TERM=linux
[    6.660972] systemd[1]: System time before build time, advancing clock.
[    8.131321] random: crng init done
[    8.163860] systemd[1]: systemd 232 running in system mode. (+PAM +AUDIT +SELINUX +IMA +APPARMOR +SMACK +SYSVINIT +UTMP +LIBCRYPTSETUP +GCRYPT +GNUTLS +ACL +XZ +LZ4 +SECCOMP +BLKID +ELFUTILS +KMOD +IDN)
[    8.182839] systemd[1]: Detected architecture arm.
[    8.214447] systemd[1]: Set hostname to <arm>.
[    9.314613] systemd[1]: Listening on Journal Socket (/dev/log).
[    9.342028] systemd[1]: Listening on Syslog Socket.
[    9.372248] systemd[1]: Started Dispatch Password Requests to Console Directory Watch.
[    9.401949] systemd[1]: Listening on udev Kernel Socket.
[    9.431693] systemd[1]: Reached target Swap.
[    9.451619] systemd[1]: Reached target Remote File Systems.
[    9.483340] systemd[1]: Listening on /dev/initctl Compatibility Named Pipe.
[   11.803937] systemd-journald[92]: Received request to flush runtime journal from PID 1
[   14.299770] leds-gpio leds: using DT '/leds/led2' for '(default)' GPIO lookup
[   14.299874] of_get_named_gpiod_flags: parsed 'gpios' property of node '/leds/led2[0]' - status (0)
[   14.299933] gpio gpiochip0: Persistence not supported for GPIO 21
[   14.299948] gpio-533 (?): no flags found for GPIO (default)
[   14.370176] leds-gpio leds: using DT '/leds/led3' for '(default)' GPIO lookup
[   14.370498] of_get_named_gpiod_flags: parsed 'gpios' property of node '/leds/led3[0]' - status (0)
[   14.370564] gpio gpiochip0: Persistence not supported for GPIO 22
[   14.370580] gpio-534 (?): no flags found for GPIO (default)
[   14.433949] leds-gpio leds: using DT '/leds/led4' for '(default)' GPIO lookup
[   14.434042] of_get_named_gpiod_flags: parsed 'gpios' property of node '/leds/led4[0]' - status (0)
[   14.434093] gpio gpiochip0: Persistence not supported for GPIO 23
[   14.434108] gpio-535 (?): no flags found for GPIO (default)
[   14.472314] leds-gpio leds: using DT '/leds/led5' for '(default)' GPIO lookup
[   14.472416] of_get_named_gpiod_flags: parsed 'gpios' property of node '/leds/led5[0]' - status (0)
[   14.472469] gpio gpiochip0: Persistence not supported for GPIO 24
[   14.472484] gpio-536 (?): no flags found for GPIO (default)
[   14.726758] remoteproc remoteproc0: wkup_m3 is available
[   14.870406] at24 2-0054: supply vcc not found, using dummy regulator
[   15.037647] at24 2-0055: supply vcc not found, using dummy regulator
[   15.142586] at24 2-0056: supply vcc not found, using dummy regulator
[   15.254707] at24 2-0057: supply vcc not found, using dummy regulator
[   15.325915] tps6521x_pwrbutton tps65217-pwrbutton: DMA mask not set
[   15.355978] wkup_m3_ipc 44e11324.wkup_m3_ipc: IPC Request for A8->M3 Channel failed! -517
[   15.430968] input: tps65217_pwrbutton as /devices/platform/ocp/44c00000.interconnect/44c00000.interconnect:segment@200000/44e0b000.target-module/44e0b000.i2c/i2c-0/0-0024/tps65217-pwrbutton/input/input0
[   15.456694] wkup_m3_ipc 44e11324.wkup_m3_ipc: IPC Request for A8->M3 Channel failed! -517
[   15.471869] at24 0-0050: using DT '/ocp/interconnect@44c00000/segment@200000/target-module@b000/i2c@0/eeprom@50' for 'wp' GPIO lookup
[   15.471990] of_get_named_gpiod_flags: can't parse 'wp-gpios' property of node '/ocp/interconnect@44c00000/segment@200000/target-module@b000/i2c@0/eeprom@50[0]'
[   15.472051] of_get_named_gpiod_flags: can't parse 'wp-gpio' property of node '/ocp/interconnect@44c00000/segment@200000/target-module@b000/i2c@0/eeprom@50[0]'
[   15.472098] at24 0-0050: using lookup tables for GPIO lookup
[   15.472111] at24 0-0050: No GPIO consumer wp found
[   15.472464] at24 0-0050: 32768 byte 24c256 EEPROM, writable, 1 bytes/write
[   15.641822] omap_wdt: OMAP Watchdog Timer Rev 0x01: initial timeout 60 sec
[   15.650631] omap_rtc 44e3e000.rtc: registered as rtc0
[   15.656038] omap_rtc 44e3e000.rtc: setting system clock to 2000-01-01T00:00:00 UTC (946684800)
[   15.664785] omap_rtc 44e3e000.rtc: using DT '/ocp/interconnect@44c00000/segment@200000/target-module@3e000/rtc@0' for 'wp' GPIO lookup
[   15.664857] of_get_named_gpiod_flags: can't parse 'wp-gpios' property of node '/ocp/interconnect@44c00000/segment@200000/target-module@3e000/rtc@0[0]'
[   15.664908] of_get_named_gpiod_flags: can't parse 'wp-gpio' property of node '/ocp/interconnect@44c00000/segment@200000/target-module@3e000/rtc@0[0]'
[   15.664948] omap_rtc 44e3e000.rtc: using lookup tables for GPIO lookup
[   15.664962] omap_rtc 44e3e000.rtc: No GPIO consumer wp found
[   15.666575] wkup_m3_ipc 44e11324.wkup_m3_ipc: IPC Request for A8->M3 Channel failed! -517
[   15.859540] wkup_m3_ipc 44e11324.wkup_m3_ipc: IPC Request for A8->M3 Channel failed! -517
[   16.012847] am335x-phy-driver 47401300.usb-phy: using DT '/ocp/target-module@47400000/usb-phy@1300' for 'reset' GPIO lookup
[   16.012944] of_get_named_gpiod_flags: can't parse 'reset-gpios' property of node '/ocp/target-module@47400000/usb-phy@1300[0]'
[   16.012992] of_get_named_gpiod_flags: can't parse 'reset-gpio' property of node '/ocp/target-module@47400000/usb-phy@1300[0]'
[   16.013029] am335x-phy-driver 47401300.usb-phy: using lookup tables for GPIO lookup
[   16.013044] am335x-phy-driver 47401300.usb-phy: No GPIO consumer reset found
[   16.013060] am335x-phy-driver 47401300.usb-phy: using DT '/ocp/target-module@47400000/usb-phy@1300' for 'vbus-detect' GPIO lookup
[   16.013091] of_get_named_gpiod_flags: can't parse 'vbus-detect-gpios' property of node '/ocp/target-module@47400000/usb-phy@1300[0]'
[   16.013123] of_get_named_gpiod_flags: can't parse 'vbus-detect-gpio' property of node '/ocp/target-module@47400000/usb-phy@1300[0]'
[   16.013150] am335x-phy-driver 47401300.usb-phy: using lookup tables for GPIO lookup
[   16.013162] am335x-phy-driver 47401300.usb-phy: No GPIO consumer vbus-detect found
[   16.013313] am335x-phy-driver 47401300.usb-phy: dummy supplies not allowed for exclusive requests (id=vbus)
[   16.176314] am335x-phy-driver 47401b00.usb-phy: using DT '/ocp/target-module@47400000/usb-phy@1b00' for 'reset' GPIO lookup
[   16.176514] of_get_named_gpiod_flags: can't parse 'reset-gpios' property of node '/ocp/target-module@47400000/usb-phy@1b00[0]'
[   16.176567] of_get_named_gpiod_flags: can't parse 'reset-gpio' property of node '/ocp/target-module@47400000/usb-phy@1b00[0]'
[   16.176651] am335x-phy-driver 47401b00.usb-phy: using lookup tables for GPIO lookup
[   16.176667] am335x-phy-driver 47401b00.usb-phy: No GPIO consumer reset found
[   16.176683] am335x-phy-driver 47401b00.usb-phy: using DT '/ocp/target-module@47400000/usb-phy@1b00' for 'vbus-detect' GPIO lookup
[   16.176763] of_get_named_gpiod_flags: can't parse 'vbus-detect-gpios' property of node '/ocp/target-module@47400000/usb-phy@1b00[0]'
[   16.176800] of_get_named_gpiod_flags: can't parse 'vbus-detect-gpio' property of node '/ocp/target-module@47400000/usb-phy@1b00[0]'
[   16.176886] am335x-phy-driver 47401b00.usb-phy: using lookup tables for GPIO lookup
[   16.176900] am335x-phy-driver 47401b00.usb-phy: No GPIO consumer vbus-detect found
[   16.177153] am335x-phy-driver 47401b00.usb-phy: dummy supplies not allowed for exclusive requests (id=vbus)
[   16.192052] wkup_m3_ipc 44e11324.wkup_m3_ipc: IPC Request for A8->M3 Channel failed! -517
[   16.393319] usbcore: registered new interface driver usbfs
[   16.403824] usbcore: registered new interface driver hub
[   16.409555] usbcore: registered new device driver usb
[   16.416893] wkup_m3_ipc 44e11324.wkup_m3_ipc: IPC Request for A8->M3 Channel failed! -517
[   16.737716] tda998x 0-0070: found TDA19988
[   16.839774] wkup_m3_ipc 44e11324.wkup_m3_ipc: IPC Request for A8->M3 Channel failed! -517
[   17.022225] wkup_m3_ipc 44e11324.wkup_m3_ipc: IPC Request for A8->M3 Channel failed! -517
[   17.121596] musb-hdrc musb-hdrc.1: MUSB HDRC host driver
[   17.127019] musb-hdrc musb-hdrc.1: new USB bus registered, assigned bus number 1
[   17.135694] wkup_m3_ipc 44e11324.wkup_m3_ipc: IPC Request for A8->M3 Channel failed! -517
[   17.354341] omap-mailbox 480c8000.mailbox: omap mailbox rev 0x400
[   17.451534] remoteproc remoteproc0: powering up wkup_m3
[   17.473395] usb usb1: New USB device found, idVendor=1d6b, idProduct=0002, bcdDevice= 6.14
[   17.482324] usb usb1: New USB device strings: Mfr=3, Product=2, SerialNumber=1
[   17.489799] usb usb1: Product: MUSB HDRC host driver
[   17.494872] usb usb1: Manufacturer: Linux 6.14.10-84286-g854a85bbaa94 musb-hcd
[   17.502170] usb usb1: SerialNumber: musb-hdrc.1
[   17.627906] remoteproc remoteproc0: Direct firmware load for am335x-pm-firmware.elf failed with error -2
[   17.637998] remoteproc remoteproc0: request_firmware failed: -2
[   17.644102] wkup_m3_ipc 44e11324.wkup_m3_ipc: rproc_boot failed
[   18.088133] hub 1-0:1.0: USB hub found
[   18.157635] hub 1-0:1.0: 1 port detected
[   20.598088] omap_rng 48310000.rng: Random Number Generator ver. 20
[   20.756558] tilcdc 4830e000.lcdc: bound 0-0070 (ops tda998x_audio_codec_init [tda998x])
[   20.833286] [drm] Initialized tilcdc 1.0.0 for 4830e000.lcdc on minor 0
[   20.892973] tilcdc 4830e000.lcdc: [drm] Cannot find any crtc or sizes
[   20.901736] tilcdc 4830e000.lcdc: [drm] Cannot find any crtc or sizes
[   21.430158] PM: Cannot get wkup_m3_ipc handle
[   21.536359] omap-sham 53100000.sham: hw accel on OMAP rev 4.3
[   21.635797] omap-aes 53500000.aes: OMAP AES hw accel rev: 3.2
[   21.671576] omap-sham 53100000.sham: will run requests pump with realtime priority
[   21.681850] PM: Cannot get wkup_m3_ipc handle
[   21.751912] omap-aes 53500000.aes: will run requests pump with realtime priority
[   21.762142] PM: Cannot get wkup_m3_ipc handle
[   23.583498] Bluetooth: Core ver 2.22
[   23.587321] NET: Registered PF_BLUETOOTH protocol family
[   23.592929] Bluetooth: HCI device and connection manager initialized
[   23.599350] Bluetooth: HCI socket layer initialized
[   23.604320] Bluetooth: L2CAP socket layer initialized
[   23.609444] Bluetooth: SCO socket layer initialized
[   25.310179] PM: Cannot get wkup_m3_ipc handle
[   25.316187] asoc-simple-card sound: using DT '/sound' for 'simple-audio-card,hp-det' GPIO lookup
[   25.316259] of_get_named_gpiod_flags: can't parse 'simple-audio-card,hp-det-gpios' property of node '/sound[0]'
[   25.316294] of_get_named_gpiod_flags: can't parse 'simple-audio-card,hp-det-gpio' property of node '/sound[0]'
[   25.316318] asoc-simple-card sound: using lookup tables for GPIO lookup
[   25.316332] asoc-simple-card sound: No GPIO consumer simple-audio-card,hp-det found
[   25.316347] asoc-simple-card sound: using DT '/sound' for 'simple-audio-card,mic-det' GPIO lookup
[   25.316372] of_get_named_gpiod_flags: can't parse 'simple-audio-card,mic-det-gpios' property of node '/sound[0]'
[   25.316399] of_get_named_gpiod_flags: can't parse 'simple-audio-card,mic-det-gpio' property of node '/sound[0]'
[   25.316419] asoc-simple-card sound: using lookup tables for GPIO lookup
[   25.316430] asoc-simple-card sound: No GPIO consumer simple-audio-card,mic-det found
[   25.475574] PM: Cannot get wkup_m3_ipc handle
[   28.038233] userial_init: registered 8 ttyGS* devices
[   28.324531] rndis_register: configNr = 0
[   28.438556] udc musb-hdrc.0: binding gadget driver [g_multi]
[   28.438656] configfs-gadget.g_multi gadget.0: adding 'rndis'/a1225866 to config 'c'/ea2db8db
[   28.439820] configfs-gadget.g_multi gadget.0: HOST MAC 1c:ba:8c:a2:ed:6c
[   28.446799] configfs-gadget.g_multi gadget.0: MAC 1c:ba:8c:a2:ed:70
[   28.453234] rndis_set_param_medium: 0 0
[   28.453260] configfs-gadget.g_multi gadget.0: RNDIS: IN/ep1in OUT/ep1out NOTIFY/ep2in
[   28.453277] configfs-gadget.g_multi gadget.0: adding 'cdc_ethernet'/12129e45 to config 'c'/ea2db8db
[   28.454168] configfs-gadget.g_multi gadget.0: HOST MAC 1c:ba:8c:a2:ed:6c
[   28.460930] configfs-gadget.g_multi gadget.0: MAC 1c:ba:8c:a2:ed:6d
[   28.467403] configfs-gadget.g_multi gadget.0: CDC Ethernet: IN/ep3in OUT/ep2out NOTIFY/ep4in
[   28.467428] configfs-gadget.g_multi gadget.0: adding 'acm'/50c910ea to config 'c'/ea2db8db
[   28.467476] configfs-gadget.g_multi gadget.0: acm ttyGS0: IN/ep5in OUT/ep3out NOTIFY/ep6in
[   28.484659] PM: Cannot get wkup_m3_ipc handle
[   29.644708] configfs-gadget.g_multi gadget.0: eth_open
[   30.738232] configfs-gadget.g_multi gadget.0: stop stats: rx/tx 0/0, errs 0/0
[   35.040005] gs_open: ttyGS0 (484ec826,a5656139)
[   35.040144] gs_close: ttyGS0 (484ec826,a5656139) ...
[   35.040166] gs_close: ttyGS0 (484ec826,a5656139) done!
[   35.043748] gs_open: ttyGS0 (4c2330a6,7afd8b00)
[   35.043896] gs_close: ttyGS0 (4c2330a6,7afd8b00) ...
[   35.043921] gs_close: ttyGS0 (4c2330a6,7afd8b00) done!
[   35.213967] gs_open: ttyGS0 (17cb2c7e,ee714722)
[   35.214215] gs_close: ttyGS0 (17cb2c7e,ee714722) ...
[   35.214240] gs_close: ttyGS0 (17cb2c7e,ee714722) done!
[   35.215051] gs_open: ttyGS0 (17cb2c7e,ee714722)
MPEVCWSLYN 0
root@arm:~# echo 'FQLK''FXVXKP'
FQLKFXVXKP
root@arm:~# MARKER='YPSL''GFTTLH' run 'modprobe test_linear_ranges'
YPSLGFTTLHYPSLGFTTLH 0
root@arm:~# echo 'HVZS''HHUNYY'
HVZSHHUNYY
root@arm:~# MARKER='UXUV''CZLBUZ' run dmesg
UXUVCZLBUZ[    0.000000] Booting Linux on physical CPU 0x0
[    0.000000] Linux version 6.14.10-84286-g854a85bbaa94 (user01@drvtest01) (arm-none-eabi-gcc (Arm GNU Toolchain 14.2.Rel1 (Build arm-14.52)) 14.2.1 20241119, GNU ld (Arm GNU Toolchain 14.2.Rel1 (Build arm-14.52)) 2.43.1.20241119) #1 SMP Wed Jun  4 20:12:54 EEST 2025
[    0.000000] CPU: ARMv7 Processor [413fc082] revision 2 (ARMv7), cr=10c5387d
[    0.000000] CPU: PIPT / VIPT nonaliasing data cache, VIPT aliasing instruction cache
[    0.000000] OF: fdt: Machine model: TI AM335x BeagleBone Black
[    0.000000] Memory policy: Data cache writeback
[    0.000000] cma: Reserved 16 MiB at 0x9e800000 on node -1
[    0.000000] Zone ranges:
[    0.000000]   Normal   [mem 0x0000000080000000-0x000000009fdfffff]
[    0.000000]   HighMem  empty
[    0.000000] Movable zone start for each node
[    0.000000] Early memory node ranges
[    0.000000]   node   0: [mem 0x0000000080000000-0x000000009fdfffff]
[    0.000000] Initmem setup node 0 [mem 0x0000000080000000-0x000000009fdfffff]
[    0.000000] OF: reserved mem: Reserved memory: No reserved-memory node in the DT
[    0.000000] CPU: All CPU(s) started in SVC mode.
[    0.000000] AM335X ES2.1 (sgx neon)
[    0.000000] percpu: Embedded 17 pages/cpu s39628 r8192 d21812 u69632
[    0.000000] pcpu-alloc: s39628 r8192 d21812 u69632 alloc=17*4096
[    0.000000] pcpu-alloc: [0] 0 
[    0.000000] Kernel command line: console=ttyO0,115200n8 root=/dev/nfs rw nfsroot=192.168.255.126:/home/user01/nfs,nfsvers=3 ip=192.168.255.1:192.168.255.126::255.255.255.0:bbb1:eth0 nfsrootdebug
[    0.000000] Unknown kernel command line parameters "nfsrootdebug", will be passed to user space.
[    0.000000] printk: log buffer data + meta data: 65536 + 204800 = 270336 bytes
[    0.000000] Dentry cache hash table entries: 65536 (order: 6, 262144 bytes, linear)
[    0.000000] Inode-cache hash table entries: 32768 (order: 5, 131072 bytes, linear)
[    0.000000] Built 1 zonelists, mobility grouping on.  Total pages: 130560
[    0.000000] mem auto-init: stack:off, heap alloc:off, heap free:off
[    0.000000] SLUB: HWalign=16, Order=0-3, MinObjects=0, CPUs=1, Nodes=1
[    0.000000] rcu: Hierarchical RCU implementation.
[    0.000000] rcu: 	RCU event tracing is enabled.
[    0.000000] rcu: 	RCU restricting CPUs from NR_CPUS=2 to nr_cpu_ids=1.
[    0.000000] 	Tracing variant of Tasks RCU enabled.
[    0.000000] rcu: RCU calculated value of scheduler-enlistment delay is 10 jiffies.
[    0.000000] rcu: Adjusting geometry for rcu_fanout_leaf=16, nr_cpu_ids=1
[    0.000000] RCU Tasks Trace: Setting shift to 0 and lim to 1 rcu_task_cb_adjust=1 rcu_task_cpu_ids=1.
[    0.000000] NR_IRQS: 16, nr_irqs: 16, preallocated irqs: 16
[    0.000000] IRQ: Found an INTC at 0x(ptrval) (revision 5.0) with 128 interrupts
[    0.000000] rcu: srcu_init: Setting srcu_struct sizes based on contention.
[    0.000000] TI gptimer clocksource: always-on /ocp/interconnect@44c00000/segment@200000/target-module@31000
[    0.000003] sched_clock: 32 bits at 24MHz, resolution 41ns, wraps every 89478484971ns
[    0.000028] clocksource: dmtimer: mask: 0xffffffff max_cycles: 0xffffffff, max_idle_ns: 79635851949 ns
[    0.000513] TI gptimer clockevent: 24000000 Hz at /ocp/interconnect@48000000/segment@0/target-module@40000
[    0.002160] Console: colour dummy device 80x30
[    0.002227] WARNING: Your 'console=ttyO0' has been replaced by 'ttyS0'
[    0.002235] This ensures that you still see kernel messages. Please
[    0.002239] update your kernel commandline.
[    0.002281] Calibrating delay loop... 996.14 BogoMIPS (lpj=4980736)
[    0.090560] CPU: Testing write buffer coherency: ok
[    0.090673] CPU0: Spectre v2: using BPIALL workaround
[    0.090682] pid_max: default: 32768 minimum: 301
[    0.090816] LSM: initializing lsm=capability
[    0.090990] Mount-cache hash table entries: 1024 (order: 0, 4096 bytes, linear)
[    0.091008] Mountpoint-cache hash table entries: 1024 (order: 0, 4096 bytes, linear)
[    0.092619] CPU0: thread -1, cpu 0, socket -1, mpidr 0
[    0.092678] cacheinfo: Unable to detect cache hierarchy for CPU 0
[    0.160927] Setting up static identity map for 0x80100000 - 0x80100078
[    0.170721] rcu: Hierarchical SRCU implementation.
[    0.170732] rcu: 	Max phase no-delay instances is 1000.
[    0.190766] smp: Bringing up secondary CPUs ...
[    0.190823] smp: Brought up 1 node, 1 CPU
[    0.190836] SMP: Total of 1 processors activated (996.14 BogoMIPS).
[    0.190847] CPU: All CPU(s) started in SVC mode.
[    0.191019] Memory: 480844K/522240K available (11264K kernel code, 1210K rwdata, 2896K rodata, 1024K init, 291K bss, 23380K reserved, 16384K cma-reserved, 0K highmem)
[    0.191872] devtmpfs: initialized
[    0.208443] VFP support v0.3: implementor 41 architecture 3 part 30 variant c rev 3
[    0.208785] clocksource: jiffies: mask: 0xffffffff max_cycles: 0xffffffff, max_idle_ns: 19112604462750000 ns
[    0.208820] futex hash table entries: 256 (order: 2, 16384 bytes, linear)
[    0.210151] pinctrl core: initialized pinctrl subsystem
[    0.212578] NET: Registered PF_NETLINK/PF_ROUTE protocol family
[    0.215337] DMA: preallocated 256 KiB pool for atomic coherent allocations
[    0.216238] audit: initializing netlink subsys (disabled)
[    0.217609] thermal_sys: Registered thermal governor 'fair_share'
[    0.217625] thermal_sys: Registered thermal governor 'step_wise'
[    0.217634] thermal_sys: Registered thermal governor 'user_space'
[    0.217774] audit: type=2000 audit(0.210:1): state=initialized audit_enabled=0 res=1
[    0.217813] cpuidle: using governor menu
[    0.235864] /ocp/interconnect@44c00000/segment@200000/target-module@b000/i2c@0/tda19988@70: Fixed dependency cycle(s) with /ocp/interconnect@48000000/segment@300000/target-module@e000/lcdc@0
[    0.236975] /ocp/interconnect@48000000/segment@300000/target-module@e000/lcdc@0: Fixed dependency cycle(s) with /ocp/interconnect@44c00000/segment@200000/target-module@b000/i2c@0/tda19988@70
[    0.239132] No ATAGs?
[    0.239176] hw-breakpoint: debug architecture 0x4 unsupported.
[    0.242047] kprobes: kprobe jump-optimization is enabled. All kprobes are optimized if possible.
[    0.253882] iommu: Default domain type: Translated
[    0.253907] iommu: DMA domain TLB invalidation policy: strict mode
[    0.255529] reg-fixed-voltage fixedregulator0: using DT '/fixedregulator0' for '(default)' GPIO lookup
[    0.255584] of_get_named_gpiod_flags: can't parse 'gpios' property of node '/fixedregulator0[0]'
[    0.255613] of_get_named_gpiod_flags: can't parse 'gpio' property of node '/fixedregulator0[0]'
[    0.255630] reg-fixed-voltage fixedregulator0: using lookup tables for GPIO lookup
[    0.255641] reg-fixed-voltage fixedregulator0: No GPIO consumer (default) found
[    0.261884] SCSI subsystem initialized
[    0.262372] libata version 3.00 loaded.
[    0.262729] pps_core: LinuxPPS API ver. 1 registered
[    0.262739] pps_core: Software ver. 5.3.6 - Copyright 2005-2007 Rodolfo Giometti <giometti@linux.it>
[    0.262764] PTP clock support registered
[    0.270935] vgaarb: loaded
[    0.271296] clocksource: Switched to clocksource dmtimer
[    0.271942] VFS: Disk quotas dquot_6.6.0
[    0.272000] VFS: Dquot-cache hash table entries: 1024 (order 0, 4096 bytes)
[    0.296374] NET: Registered PF_INET protocol family
[    0.296716] IP idents hash table entries: 8192 (order: 4, 65536 bytes, linear)
[    0.298152] tcp_listen_portaddr_hash hash table entries: 512 (order: 0, 4096 bytes, linear)
[    0.298190] Table-perturb hash table entries: 65536 (order: 6, 262144 bytes, linear)
[    0.298209] TCP established hash table entries: 4096 (order: 2, 16384 bytes, linear)
[    0.298254] TCP bind hash table entries: 4096 (order: 4, 65536 bytes, linear)
[    0.298354] TCP: Hash tables configured (established 4096 bind 4096)
[    0.298476] UDP hash table entries: 256 (order: 1, 14336 bytes, linear)
[    0.298512] UDP-Lite hash table entries: 256 (order: 1, 14336 bytes, linear)
[    0.298699] NET: Registered PF_UNIX/PF_LOCAL protocol family
[    0.299985] RPC: Registered named UNIX socket transport module.
[    0.300007] RPC: Registered udp transport module.
[    0.300013] RPC: Registered tcp transport module.
[    0.300017] RPC: Registered tcp-with-tls transport module.
[    0.300022] RPC: Registered tcp NFSv4.1 backchannel transport module.
[    0.300045] PCI: CLS 0 bytes, default 64
[    0.301592] Initialise system trusted keyrings
[    0.312610] workingset: timestamp_bits=14 max_order=17 bucket_order=3
[    0.313963] NFS: Registering the id_resolver key type
[    0.314027] Key type id_resolver registered
[    0.314035] Key type id_legacy registered
[    0.314082] jffs2: version 2.2. (NAND) (SUMMARY)  Â© 2001-2006 Red Hat, Inc.
[    0.314479] Key type asymmetric registered
[    0.314494] Asymmetric key parser 'x509' registered
[    0.314562] io scheduler mq-deadline registered
[    0.314572] io scheduler kyber registered
[    0.314646] io scheduler bfq registered
[    0.316219] ledtrig-cpu: registered to indicate activity on CPUs
[    0.322251] Serial: 8250/16550 driver, 6 ports, IRQ sharing enabled
[    0.376470] brd: module loaded
[    0.384924] loop: module loaded
[    0.385843] mtdoops: mtd device (mtddev=name/number) must be supplied
[    0.394095] mdio_bus fixed-0: using lookup tables for GPIO lookup
[    0.394121] mdio_bus fixed-0: No GPIO consumer reset found
[    0.395463] i2c_dev: i2c /dev entries driver
[    0.396425] cpuidle: enable-method property 'ti,am3352' found operations
[    0.396856] sdhci: Secure Digital Host Controller Interface driver
[    0.396866] sdhci: Copyright(c) Pierre Ossman
[    0.397035] sdhci-pltfm: SDHCI platform and OF driver helper
[    0.398035] Initializing XFRM netlink socket
[    0.398204] NET: Registered PF_INET6 protocol family
[    0.400220] Segment Routing with IPv6
[    0.400324] In-situ OAM (IOAM) with IPv6
[    0.400425] sit: IPv6, IPv4 and MPLS over IPv4 tunneling driver
[    0.401511] NET: Registered PF_PACKET protocol family
[    0.401554] NET: Registered PF_KEY protocol family
[    0.401681] Key type dns_resolver registered
[    0.401914] ThumbEE CPU extension supported.
[    0.401933] Registering SWP/SWPB emulation handler
[    0.402477] omap_voltage_late_init: Voltage driver support not added
[    0.402841] SmartReflex Class3 initialized
[    0.439857] Loading compiled-in X.509 certificates
[    0.468500] OF: /ocp: Read of boolean property 'clocks' with a value.
[    0.471777] /ocp/interconnect@44c00000/segment@200000/target-module@b000/i2c@0/tda19988@70: Fixed dependency cycle(s) with /ocp/interconnect@48000000/segment@300000/target-module@e000/lcdc@0
[    0.472735] OF: /ocp/interconnect@44c00000: Read of boolean property 'clocks' with a value.
[    0.478082] /ocp/interconnect@44c00000/segment@200000/target-module@b000/i2c@0/tda19988@70: Fixed dependency cycle(s) with /ocp/interconnect@48000000/segment@300000/target-module@e000/lcdc@0
[    0.483649] gpiochip_find_base_unlocked: found new base at 512
[    0.517241] /ocp/interconnect@44c00000/segment@200000/target-module@b000/i2c@0/tda19988@70: Fixed dependency cycle(s) with /ocp/interconnect@48000000/segment@300000/target-module@e000/lcdc@0
[    0.518129] /ocp/interconnect@44c00000/segment@200000/target-module@b000/i2c@0/tda19988@70: Fixed dependency cycle(s) with /ocp/interconnect@48000000/segment@300000/target-module@e000/lcdc@0
[    0.521720] /ocp/interconnect@44c00000/segment@200000/target-module@10000/scm@0/pinmux@800: Fixed dependency cycle(s) with /ocp/interconnect@44c00000/segment@200000/target-module@10000/scm@0/pinmux@800/clkout2-pins
[    0.522353] pinctrl-single 44e10800.pinmux: 142 pins, size 568
[    0.527542] ti-sysc 44e31000.target-module: probe with driver ti-sysc failed with error -16
[    0.543302] /ocp/interconnect@48000000/segment@300000/target-module@e000/lcdc@0: Fixed dependency cycle(s) with /ocp/interconnect@44c00000/segment@200000/target-module@b000/i2c@0/tda19988@70
[    0.543632] OF: /ocp/interconnect@48000000: Read of boolean property 'clocks' with a value.
[    0.551168] ti-sysc 48040000.target-module: probe with driver ti-sysc failed with error -16
[    0.562608] gpiochip_find_base_unlocked: found new base at 512
[    0.562711] gpio gpiochip0: (gpio-0-31): created GPIO range 0->7 ==> 44e10800.pinmux PIN 0->7
[    0.562732] gpio gpiochip0: (gpio-0-31): created GPIO range 8->11 ==> 44e10800.pinmux PIN 90->93
[    0.562748] gpio gpiochip0: (gpio-0-31): created GPIO range 12->27 ==> 44e10800.pinmux PIN 12->27
[    0.562763] gpio gpiochip0: (gpio-0-31): created GPIO range 28->31 ==> 44e10800.pinmux PIN 30->33
[    0.597799] gpio gpiochip0: (gpio-0-31): added GPIO chardev (254:0)
[    0.597940] gpio gpiochip0: registered GPIOs 512 to 543 on gpio-0-31
[    0.598023] OMAP GPIO hardware version 0.1
[    0.631462] i2c i2c-2: using DT '/ocp/interconnect@48000000/segment@100000/target-module@9c000/i2c@0' for 'scl' GPIO lookup
[    0.631537] of_get_named_gpiod_flags: can't parse 'scl-gpios' property of node '/ocp/interconnect@48000000/segment@100000/target-module@9c000/i2c@0[0]'
[    0.631580] of_get_named_gpiod_flags: can't parse 'scl-gpio' property of node '/ocp/interconnect@48000000/segment@100000/target-module@9c000/i2c@0[0]'
[    0.631615] i2c i2c-2: using lookup tables for GPIO lookup
[    0.631625] i2c i2c-2: No GPIO consumer scl found
[    0.631646] i2c i2c-2: using DT '/ocp/interconnect@48000000/segment@100000/target-module@9c000/i2c@0' for 'sda' GPIO lookup
[    0.631682] of_get_named_gpiod_flags: can't parse 'sda-gpios' property of node '/ocp/interconnect@48000000/segment@100000/target-module@9c000/i2c@0[0]'
[    0.631719] of_get_named_gpiod_flags: can't parse 'sda-gpio' property of node '/ocp/interconnect@48000000/segment@100000/target-module@9c000/i2c@0[0]'
[    0.631751] i2c i2c-2: using lookup tables for GPIO lookup
[    0.631759] i2c i2c-2: No GPIO consumer sda found
[    0.632497] omap_i2c 4819c000.i2c: bus 2 rev0.11 at 100 kHz
[    0.637993] gpiochip_find_base_unlocked: found new base at 544
[    0.638098] gpio gpiochip1: (gpio-32-63): created GPIO range 0->17 ==> 44e10800.pinmux PIN 34->51
[    0.638118] gpio gpiochip1: (gpio-32-63): created GPIO range 18->21 ==> 44e10800.pinmux PIN 77->80
[    0.638135] gpio gpiochip1: (gpio-32-63): created GPIO range 22->31 ==> 44e10800.pinmux PIN 56->65
[    0.652975] gpio gpiochip1: (gpio-32-63): added GPIO chardev (254:1)
[    0.653125] gpio gpiochip1: registered GPIOs 544 to 575 on gpio-32-63
[    0.655361] gpiochip_find_base_unlocked: found new base at 576
[    0.655453] gpio gpiochip2: (gpio-64-95): created GPIO range 0->4 ==> 44e10800.pinmux PIN 66->70
[    0.655473] gpio gpiochip2: (gpio-64-95): created GPIO range 5->6 ==> 44e10800.pinmux PIN 98->99
[    0.655488] gpio gpiochip2: (gpio-64-95): created GPIO range 7->8 ==> 44e10800.pinmux PIN 75->76
[    0.655504] gpio gpiochip2: (gpio-64-95): created GPIO range 13->13 ==> 44e10800.pinmux PIN 141->141
[    0.655520] gpio gpiochip2: (gpio-64-95): created GPIO range 14->21 ==> 44e10800.pinmux PIN 100->107
[    0.656313] gpio gpiochip2: (gpio-64-95): added GPIO chardev (254:2)
[    0.656452] gpio gpiochip2: registered GPIOs 576 to 607 on gpio-64-95
[    0.662200] 48000000.interconnect:segment@200000:target-module@0:mpu@0:fck: device ID is greater than 24
[    0.663128] /ocp/interconnect@48000000/segment@300000/target-module@e000/lcdc@0: Fixed dependency cycle(s) with /ocp/interconnect@44c00000/segment@200000/target-module@b000/i2c@0/tda19988@70
[    0.665872] /ocp/interconnect@48000000/segment@300000/target-module@e000/lcdc@0: Fixed dependency cycle(s) with /ocp/interconnect@44c00000/segment@200000/target-module@b000/i2c@0/tda19988@70
[    0.666554] /ocp/interconnect@44c00000/segment@200000/target-module@b000/i2c@0/tda19988@70: Fixed dependency cycle(s) with /ocp/interconnect@48000000/segment@300000/target-module@e000/lcdc@0
[    0.666722] /ocp/interconnect@48000000/segment@300000/target-module@e000/lcdc@0: Fixed dependency cycle(s) with /ocp/interconnect@44c00000/segment@200000/target-module@b000/i2c@0/tda19988@70
[    0.670821] OF: /ocp/interconnect@4a000000: Read of boolean property 'clocks' with a value.
[    0.676298] mdio_bus 4a101000.mdio: using DT '/ocp/interconnect@4a000000/segment@0/target-module@100000/switch@0/mdio@1000' for 'reset' GPIO lookup
[    0.676372] of_get_named_gpiod_flags: can't parse 'reset-gpios' property of node '/ocp/interconnect@4a000000/segment@0/target-module@100000/switch@0/mdio@1000[0]'
[    0.676419] of_get_named_gpiod_flags: can't parse 'reset-gpio' property of node '/ocp/interconnect@4a000000/segment@0/target-module@100000/switch@0/mdio@1000[0]'
[    0.676466] mdio_bus 4a101000.mdio: using lookup tables for GPIO lookup
[    0.676477] mdio_bus 4a101000.mdio: No GPIO consumer reset found
[    0.677377] sdhci-omap 481d8000.mmc: using DT '/ocp/interconnect@48000000/segment@100000/target-module@d8000/mmc@0' for 'wp' GPIO lookup
[    0.677444] of_get_named_gpiod_flags: can't parse 'wp-gpios' property of node '/ocp/interconnect@48000000/segment@100000/target-module@d8000/mmc@0[0]'
[    0.677486] of_get_named_gpiod_flags: can't parse 'wp-gpio' property of node '/ocp/interconnect@48000000/segment@100000/target-module@d8000/mmc@0[0]'
[    0.677519] sdhci-omap 481d8000.mmc: using lookup tables for GPIO lookup
[    0.677529] sdhci-omap 481d8000.mmc: No GPIO consumer wp found
[    0.677726] sdhci-omap 481d8000.mmc: supply pbias not found, using dummy regulator
[    0.678220] sdhci-omap 481d8000.mmc: supply vqmmc not found, using dummy regulator
[    0.726139] davinci_mdio 4a101000.mdio: davinci mdio revision 1.6, bus freq 1000000
[    0.743658] mdio_bus 4a101000.mdio:00: using DT '/ocp/interconnect@4a000000/segment@0/target-module@100000/switch@0/mdio@1000/ethernet-phy@0' for 'reset' GPIO lookup
[    0.743762] of_get_named_gpiod_flags: parsed 'reset-gpios' property of node '/ocp/interconnect@4a000000/segment@0/target-module@100000/switch@0/mdio@1000/ethernet-phy@0[0]' - status (0)
[    0.743922] gpio gpiochip0: Persistence not supported for GPIO 8
[    0.876783] davinci_mdio 4a101000.mdio: phy[0]: device 4a101000.mdio:00, driver SMSC LAN8710/LAN8720
[    0.877561] cpsw-switch 4a100000.switch: initialized cpsw ale version 1.4
[    0.877584] cpsw-switch 4a100000.switch: ALE Table size 1024, Policers 0
[    0.877739] cpsw-switch 4a100000.switch: cpts: overflow check period 500 (jiffies)
[    0.877756] cpsw-switch 4a100000.switch: CPTS: ref_clk_freq:250000000 calc_mult:2147483648 calc_shift:29 error:0 nsec/sec
[    0.877864] cpsw-switch 4a100000.switch: Detected MACID = 6c:ec:eb:68:de:78
[    0.879674] cpsw-switch 4a100000.switch: initialized (regs 0x4a100000, pool size 256) hw_ver:0019010C 1.12 (0)
[    0.890450] debugfs: Directory '49000000.dma' with parent 'dmaengine' already present!
[    0.890493] edma 49000000.dma: TI EDMA DMA engine driver
[    0.926767] target-module@4b000000:target-module@140000:pmu@0:fck: device ID is greater than 24
[    0.930856] hw perfevents: enabled with armv7_cortex_a8 PMU driver, 5 (8000000f) counters available
[    0.932012] gpio-clk clk_mcasp0: using DT '/clk_mcasp0' for 'enable' GPIO lookup
[    0.932091] of_get_named_gpiod_flags: parsed 'enable-gpios' property of node '/clk_mcasp0[0]' - status (0)
[    0.932136] gpio gpiochip0: Persistence not supported for GPIO 27
[    0.932941] gpiochip_find_base_unlocked: found new base at 608
[    0.933050] gpio gpiochip3: (gpio-96-127): created GPIO range 0->7 ==> 44e10800.pinmux PIN 82->89
[    0.933069] gpio gpiochip3: (gpio-96-127): created GPIO range 8->11 ==> 44e10800.pinmux PIN 52->55
[    0.933085] gpio gpiochip3: (gpio-96-127): created GPIO range 12->15 ==> 44e10800.pinmux PIN 94->97
[    0.933100] gpio gpiochip3: (gpio-96-127): created GPIO range 16->17 ==> 44e10800.pinmux PIN 71->72
[    0.933116] gpio gpiochip3: (gpio-96-127): created GPIO range 18->18 ==> 44e10800.pinmux PIN 135->135
[    0.933132] gpio gpiochip3: (gpio-96-127): created GPIO range 19->20 ==> 44e10800.pinmux PIN 108->109
[    0.933150] gpio gpiochip3: (gpio-96-127): created GPIO range 21->21 ==> 44e10800.pinmux PIN 73->73
[    0.933172] gpio gpiochip3: (gpio-96-127): created GPIO range 22->23 ==> 44e10800.pinmux PIN 8->9
[    0.933189] gpio gpiochip3: (gpio-96-127): created GPIO range 26->27 ==> 44e10800.pinmux PIN 10->11
[    0.933207] gpio gpiochip3: (gpio-96-127): created GPIO range 28->28 ==> 44e10800.pinmux PIN 74->74
[    0.933225] gpio gpiochip3: (gpio-96-127): created GPIO range 29->29 ==> 44e10800.pinmux PIN 81->81
[    0.933244] gpio gpiochip3: (gpio-96-127): created GPIO range 30->31 ==> 44e10800.pinmux PIN 28->29
[    0.938974] l3-aon-clkctrl:0000:0: failed to disable
[    0.945909] gpio gpiochip3: (gpio-96-127): added GPIO chardev (254:3)
[    0.946063] gpio gpiochip3: registered GPIOs 608 to 639 on gpio-96-127
[    0.954609] omap8250 44e09000.serial: using DT '/ocp/interconnect@44c00000/segment@200000/target-module@9000/serial@0' for 'rs485-term' GPIO lookup
[    0.954684] of_get_named_gpiod_flags: can't parse 'rs485-term-gpios' property of node '/ocp/interconnect@44c00000/segment@200000/target-module@9000/serial@0[0]'
[    0.954730] of_get_named_gpiod_flags: can't parse 'rs485-term-gpio' property of node '/ocp/interconnect@44c00000/segment@200000/target-module@9000/serial@0[0]'
[    0.954766] omap8250 44e09000.serial: using lookup tables for GPIO lookup
[    0.954776] omap8250 44e09000.serial: No GPIO consumer rs485-term found
[    0.954786] omap8250 44e09000.serial: using DT '/ocp/interconnect@44c00000/segment@200000/target-module@9000/serial@0' for 'rs485-rx-during-tx' GPIO lookup
[    0.954822] of_get_named_gpiod_flags: can't parse 'rs485-rx-during-tx-gpios' property of node '/ocp/interconnect@44c00000/segment@200000/target-module@9000/serial@0[0]'
[    0.954860] of_get_named_gpiod_flags: can't parse 'rs485-rx-during-tx-gpio' property of node '/ocp/interconnect@44c00000/segment@200000/target-module@9000/serial@0[0]'
[    0.954892] omap8250 44e09000.serial: using lookup tables for GPIO lookup
[    0.954900] omap8250 44e09000.serial: No GPIO consumer rs485-rx-during-tx found
[    0.955321] 44e09000.serial: ttyS0 at MMIO 0x44e09000 (irq = 34, base_baud = 3000000) is a 8250
[    0.955413] printk: legacy console [ttyS0] enabled
[    2.448671] i2c i2c-0: using DT '/ocp/interconnect@44c00000/segment@200000/target-module@b000/i2c@0' for 'scl' GPIO lookup
[    2.448762] of_get_named_gpiod_flags: can't parse 'scl-gpios' property of node '/ocp/interconnect@44c00000/segment@200000/target-module@b000/i2c@0[0]'
[    2.448810] of_get_named_gpiod_flags: can't parse 'scl-gpio' property of node '/ocp/interconnect@44c00000/segment@200000/target-module@b000/i2c@0[0]'
[    2.448849] i2c i2c-0: using lookup tables for GPIO lookup
[    2.448862] i2c i2c-0: No GPIO consumer scl found
[    2.448888] i2c i2c-0: using DT '/ocp/interconnect@44c00000/segment@200000/target-module@b000/i2c@0' for 'sda' GPIO lookup
[    2.448929] of_get_named_gpiod_flags: can't parse 'sda-gpios' property of node '/ocp/interconnect@44c00000/segment@200000/target-module@b000/i2c@0[0]'
[    2.448970] of_get_named_gpiod_flags: can't parse 'sda-gpio' property of node '/ocp/interconnect@44c00000/segment@200000/target-module@b000/i2c@0[0]'
[    2.449005] i2c i2c-0: using lookup tables for GPIO lookup
[    2.449017] i2c i2c-0: No GPIO consumer sda found
[    2.462277] tps65217-pmic: Failed to locate of_node [id: -1]
[    2.468330] tps65217-bl: Failed to locate of_node [id: -1]
[    2.479565] tps65217 0-0024: TPS65217 ID 0xe version 1.2
[    2.485702] /ocp/interconnect@48000000/segment@300000/target-module@e000/lcdc@0: Fixed dependency cycle(s) with /ocp/interconnect@44c00000/segment@200000/target-module@b000/i2c@0/tda19988@70
[    2.503055] /ocp/interconnect@44c00000/segment@200000/target-module@b000/i2c@0/tda19988@70: Fixed dependency cycle(s) with /ocp/interconnect@48000000/segment@300000/target-module@e000/lcdc@0
[    2.520420] omap_i2c 44e0b000.i2c: bus 0 rev0.11 at 400 kHz
[    2.528166] sdhci-omap 48060000.mmc: using DT '/ocp/interconnect@48000000/segment@0/target-module@60000/mmc@0' for 'cd' GPIO lookup
[    2.528287] of_get_named_gpiod_flags: parsed 'cd-gpios' property of node '/ocp/interconnect@48000000/segment@0/target-module@60000/mmc@0[0]' - status (0)
[    2.528355] gpio gpiochip3: Persistence not supported for GPIO 6
[    2.528381] omap_gpio 44e07000.gpio: Could not set line 6 debounce to 200000 microseconds (-22)
[    2.537266] sdhci-omap 48060000.mmc: Got CD GPIO
