Labgrid Console Logfile for main
Logfile started at 2024-11-14 15:28:00.145602
=== Log starts here ===
reading args
spl_load_image_fat_os: error reading image args, err - -1
reading u-boot.img
reading u-boot.img


U-Boot 2014.04-00014-g47880f5 (Apr 22 2014 - 13:23:54)

I2C:   ready
DRAM:  512 MiB
NAND:  0 MiB
MMC:   OMAP SD/MMC: 0, OMAP SD/MMC: 1
*** Warning - readenv() failed, using default environment

Net:   <ethaddr> not set. Validating first E-fuse MAC
cpsw, usb_ether
Hit any key to stop autoboot:  1  0 
gpio: pin 53 (gpio 53) value is 1
mmc0 is current device
gpio: pin 54 (gpio 54) value is 1
SD/MMC found on device 0
reading uEnv.txt
569 bytes read in 3 ms (184.6 KiB/s)
gpio: pin 55 (gpio 55) value is 1
Loaded environment from uEnv.txt
Importing environment from mmc ...
Checking if uenvcmd is set ...
gpio: pin 56 (gpio 56) value is 1
Running uenvcmd ...
cpsw Waiting for PHY auto negotiation to complete. done
link up on port 0, speed 100, full duplex
Using cpsw device
TFTP from server 192.168.255.126; our IP address is 192.168.255.1
Filename 'zImage'.
Load address: 0x81000000
Loading: *T #################################################################
	 #################################################################
	 #################################################################
	 #################################################################
	 #################################################################
	 ###########################
	 717.8 KiB/s
done
Bytes transferred = 5166976 (4ed780 hex)
link up on port 0, speed 100, full duplex
Using cpsw device
TFTP from server 192.168.255.126; our IP address is 192.168.255.1
Filename 'am335x-boneblack.dtb'.
Load address: 0x82000000
Loading: *#######
	 2.2 MiB/s
done
Bytes transferred = 97630 (17d5e hex)
Kernel image @ 0x81000000 [ 0x000000 - 0x4ed780 ]
## Flattened Device Tree blob at 82000000
   Booting using the fdt blob at 0x82000000
   Using Device Tree in place at 82000000, end 8201ad5d

Starting kernel ...

[    0.000000] Booting Linux on physical CPU 0x0
[    0.000000] Linux version 6.1.117 (user01@drvtest01) (arm-linux-gnueabihf-gcc (Linaro GCC 6.4-2017.11) 6.4.1 20171012, GNU ld (Linaro_Binutils-2017.11) 2.27.0.20161229) #8 SMP Thu Nov 14 15:25:44 EET 2024
[    0.000000] CPU: ARMv7 Processor [413fc082] revision 2 (ARMv7), cr=10c5387d
[    0.000000] CPU: PIPT / VIPT nonaliasing data cache, VIPT aliasing instruction cache
[    0.000000] OF: fdt: Machine model: TI AM335x BeagleBone Black
[    0.000000] Memory policy: Data cache writeback
[    0.000000] cma: Reserved 16 MiB at 0x9ec00000
[    0.000000] Zone ranges:
[    0.000000]   Normal   [mem 0x0000000080000000-0x000000009fdfffff]
[    0.000000]   HighMem  empty
[    0.000000] Movable zone start for each node
[    0.000000] Early memory node ranges
[    0.000000]   node   0: [mem 0x0000000080000000-0x000000009fdfffff]
[    0.000000] Initmem setup node 0 [mem 0x0000000080000000-0x000000009fdfffff]
[    0.000000] CPU: All CPU(s) started in SVC mode.
[    0.000000] AM335X ES2.1 (sgx neon)
[    0.000000] percpu: Embedded 16 pages/cpu s34196 r8192 d23148 u65536
[    0.000000] Built 1 zonelists, mobility grouping on.  Total pages: 129412
[    0.000000] Kernel command line: console=ttyO0,115200n8 root=/dev/nfs rw nfsroot=192.168.255.126:/home/user01/nfs,nfsvers=3 ip=192.168.255.1:192.168.255.126::255.255.255.0:bbb1:eth0 nfsrootdebug
[    0.000000] Unknown kernel command line parameters "nfsrootdebug", will be passed to user space.
[    0.000000] Dentry cache hash table entries: 65536 (order: 6, 262144 bytes, linear)
[    0.000000] Inode-cache hash table entries: 32768 (order: 5, 131072 bytes, linear)
[    0.000000] mem auto-init: stack:off, heap alloc:off, heap free:off
[    0.000000] Memory: 484644K/522240K available (10240K kernel code, 1143K rwdata, 2604K rodata, 1024K init, 287K bss, 21212K reserved, 16384K cma-reserved, 0K highmem)
[    0.000000] SLUB: HWalign=64, Order=0-3, MinObjects=0, CPUs=1, Nodes=1
[    0.000000] trace event string verifier disabled
[    0.000000] rcu: Hierarchical RCU implementation.
[    0.000000] rcu: 	RCU event tracing is enabled.
[    0.000000] rcu: 	RCU restricting CPUs from NR_CPUS=2 to nr_cpu_ids=1.
[    0.000000] rcu: RCU calculated value of scheduler-enlistment delay is 10 jiffies.
[    0.000000] rcu: Adjusting geometry for rcu_fanout_leaf=16, nr_cpu_ids=1
[    0.000000] NR_IRQS: 16, nr_irqs: 16, preallocated irqs: 16
[    0.000000] IRQ: Found an INTC at 0x(ptrval) (revision 5.0) with 128 interrupts
[    0.000000] rcu: srcu_init: Setting srcu_struct sizes based on contention.
[    0.000000] TI gptimer clocksource: always-on /ocp/interconnect@44c00000/segment@200000/target-module@31000
[    0.000002] sched_clock: 32 bits at 24MHz, resolution 41ns, wraps every 89478484971ns
[    0.000026] clocksource: dmtimer: mask: 0xffffffff max_cycles: 0xffffffff, max_idle_ns: 79635851949 ns
[    0.000446] TI gptimer clockevent: 24000000 Hz at /ocp/interconnect@48000000/segment@0/target-module@40000
[    0.002023] Console: colour dummy device 80x30
[    0.002075] WARNING: Your 'console=ttyO0' has been replaced by 'ttyS0'
[    0.002083] This ensures that you still see kernel messages. Please
[    0.002087] update your kernel commandline.
[    0.002129] Calibrating delay loop... 996.14 BogoMIPS (lpj=4980736)
[    0.090496] CPU: Testing write buffer coherency: ok
[    0.090595] CPU0: Spectre v2: using BPIALL workaround
[    0.090606] pid_max: default: 32768 minimum: 301
[    0.090743] LSM: Security Framework initializing
[    0.090924] Mount-cache hash table entries: 1024 (order: 0, 4096 bytes, linear)
[    0.090946] Mountpoint-cache hash table entries: 1024 (order: 0, 4096 bytes, linear)
[    0.092517] CPU0: thread -1, cpu 0, socket -1, mpidr 0
[    0.093814] Setting up static identity map for 0x80100000 - 0x80100078
[    0.094057] rcu: Hierarchical SRCU implementation.
[    0.094065] rcu: 	Max phase no-delay instances is 1000.
[    0.095389] smp: Bringing up secondary CPUs ...
[    0.095407] smp: Brought up 1 node, 1 CPU
[    0.095419] SMP: Total of 1 processors activated (996.14 BogoMIPS).
[    0.095430] CPU: All CPU(s) started in SVC mode.
[    0.096369] devtmpfs: initialized
[    0.112538] VFP support v0.3: implementor 41 architecture 3 part 30 variant c rev 3
[    0.112856] clocksource: jiffies: mask: 0xffffffff max_cycles: 0xffffffff, max_idle_ns: 19112604462750000 ns
[    0.112891] futex hash table entries: 256 (order: 2, 16384 bytes, linear)
[    0.114205] pinctrl core: initialized pinctrl subsystem
[    0.116217] NET: Registered PF_NETLINK/PF_ROUTE protocol family
[    0.118267] DMA: preallocated 256 KiB pool for atomic coherent allocations
[    0.118862] audit: initializing netlink subsys (disabled)
[    0.120121] thermal_sys: Registered thermal governor 'fair_share'
[    0.120142] thermal_sys: Registered thermal governor 'step_wise'
[    0.120148] thermal_sys: Registered thermal governor 'user_space'
[    0.120265] cpuidle: using governor menu
[    0.137493] No ATAGs?
[    0.137519] hw-breakpoint: debug architecture 0x4 unsupported.
[    0.146672] audit: type=2000 audit(0.110:1): state=initialized audit_enabled=0 res=1
[    0.146982] kprobes: kprobe jump-optimization is enabled. All kprobes are optimized if possible.
[    0.164743] iommu: Default domain type: Translated 
[    0.164757] iommu: DMA domain TLB invalidation policy: strict mode 
[    0.166235] SCSI subsystem initialized
[    0.167113] pps_core: LinuxPPS API ver. 1 registered
[    0.167124] pps_core: Software ver. 5.3.6 - Copyright 2005-2007 Rodolfo Giometti <giometti@linux.it>
[    0.167149] PTP clock support registered
[    0.180812] vgaarb: loaded
[    0.181181] clocksource: Switched to clocksource dmtimer
[    0.181817] VFS: Disk quotas dquot_6.6.0
[    0.181895] VFS: Dquot-cache hash table entries: 1024 (order 0, 4096 bytes)
[    0.198815] NET: Registered PF_INET protocol family
[    0.199166] IP idents hash table entries: 8192 (order: 4, 65536 bytes, linear)
[    0.200577] tcp_listen_portaddr_hash hash table entries: 512 (order: 0, 4096 bytes, linear)
[    0.200625] Table-perturb hash table entries: 65536 (order: 6, 262144 bytes, linear)
[    0.200646] TCP established hash table entries: 4096 (order: 2, 16384 bytes, linear)
[    0.200693] TCP bind hash table entries: 4096 (order: 4, 65536 bytes, linear)
[    0.200794] TCP: Hash tables configured (established 4096 bind 4096)
[    0.200910] UDP hash table entries: 256 (order: 1, 8192 bytes, linear)
[    0.200936] UDP-Lite hash table entries: 256 (order: 1, 8192 bytes, linear)
[    0.201137] NET: Registered PF_UNIX/PF_LOCAL protocol family
[    0.211934] RPC: Registered named UNIX socket transport module.
[    0.211959] RPC: Registered udp transport module.
[    0.211964] RPC: Registered tcp transport module.
[    0.211969] RPC: Registered tcp NFSv4.1 backchannel transport module.
[    0.211989] PCI: CLS 0 bytes, default 64
[    0.213551] Initialise system trusted keyrings
[    0.214601] workingset: timestamp_bits=14 max_order=17 bucket_order=3
[    0.235571] NFS: Registering the id_resolver key type
[    0.235656] Key type id_resolver registered
[    0.235664] Key type id_legacy registered
[    0.235723] jffs2: version 2.2. (NAND) (SUMMARY)  Â© 2001-2006 Red Hat, Inc.
[    0.236491] Key type asymmetric registered
[    0.236512] Asymmetric key parser 'x509' registered
[    0.236662] io scheduler mq-deadline registered
[    0.236674] io scheduler kyber registered
[    0.236918] io scheduler bfq registered
[    0.256623] Serial: 8250/16550 driver, 6 ports, IRQ sharing enabled
[    0.284231] brd: module loaded
[    0.305277] loop: module loaded
[    0.306176] mtdoops: mtd device (mtddev=name/number) must be supplied
[    0.308732] i2c_dev: i2c /dev entries driver
[    0.309650] cpuidle: enable-method property 'ti,am3352' found operations
[    0.310101] sdhci: Secure Digital Host Controller Interface driver
[    0.310112] sdhci: Copyright(c) Pierre Ossman
[    0.310280] sdhci-pltfm: SDHCI platform and OF driver helper
[    0.310549] ledtrig-cpu: registered to indicate activity on CPUs
[    0.311438] Initializing XFRM netlink socket
[    0.312046] NET: Registered PF_INET6 protocol family
[    0.324607] Segment Routing with IPv6
[    0.324687] In-situ OAM (IOAM) with IPv6
[    0.324793] sit: IPv6, IPv4 and MPLS over IPv4 tunneling driver
[    0.325693] NET: Registered PF_PACKET protocol family
[    0.325720] NET: Registered PF_KEY protocol family
[    0.325848] Key type dns_resolver registered
[    0.326004] ThumbEE CPU extension supported.
[    0.326046] Registering SWP/SWPB emulation handler
[    0.326557] omap_voltage_late_init: Voltage driver support not added
[    0.326898] SmartReflex Class3 initialized
[    0.327824] Loading compiled-in X.509 certificates
[    0.405133] platform 44e10800.pinmux: Fixed dependency cycle(s) with /ocp/interconnect@44c00000/segment@200000/target-module@10000/scm@0/pinmux@800/pinmux_clkout2_pin
[    0.405728] pinctrl-single 44e10800.pinmux: 142 pins, size 568
[    0.410350] ti-sysc: probe of 44e31000.target-module failed with error -16
[    0.458921] ti-sysc: probe of 48040000.target-module failed with error -16
[    0.469447] gpio gpiochip0: (gpio-0-31): not an immutable chip, please consider fixing it!
[    0.498628] OMAP GPIO hardware version 0.1
[    0.522236] omap_i2c 4819c000.i2c: bus 2 rev0.11 at 100 kHz
[    0.527435] gpio gpiochip1: (gpio-32-63): not an immutable chip, please consider fixing it!
[    0.538256] gpio gpiochip2: (gpio-64-95): not an immutable chip, please consider fixing it!
[    0.547922] platform 4830e000.lcdc: Fixed dependency cycle(s) with /ocp/interconnect@44c00000/segment@200000/target-module@b000/i2c@0/tda19988@70
[    0.557811] sdhci-omap 481d8000.mmc: supply pbias not found, using dummy regulator
[    0.558260] sdhci-omap 481d8000.mmc: supply vqmmc not found, using dummy regulator
[    0.616932] davinci_mdio 4a101000.mdio: davinci mdio revision 1.6, bus freq 1000000
[    0.659898] davinci_mdio 4a101000.mdio: phy[0]: device 4a101000.mdio:00, driver SMSC LAN8710/LAN8720
[    0.660407] cpsw-switch 4a100000.switch: initialized cpsw ale version 1.4
[    0.660426] cpsw-switch 4a100000.switch: ALE Table size 1024
[    0.660559] cpsw-switch 4a100000.switch: cpts: overflow check period 500 (jiffies)
[    0.660576] cpsw-switch 4a100000.switch: CPTS: ref_clk_freq:250000000 calc_mult:2147483648 calc_shift:29 error:0 nsec/sec
[    0.660674] cpsw-switch 4a100000.switch: Detected MACID = 6c:ec:eb:68:de:78
[    0.662511] cpsw-switch 4a100000.switch: initialized (regs 0x4a100000, pool size 256) hw_ver:0019010C 1.12 (0)
[    0.672577] debugfs: Directory '49000000.dma' with parent 'dmaengine' already present!
[    0.672617] edma 49000000.dma: TI EDMA DMA engine driver
[    0.722039] hw perfevents: enabled with armv7_cortex_a8 PMU driver, 5 counters available
[    0.724147] gpio gpiochip3: (gpio-96-127): not an immutable chip, please consider fixing it!
[    0.729349] l3-aon-clkctrl:0000:0: failed to disable
[    0.731861] 44e09000.serial: ttyS0 at MMIO 0x44e09000 (irq = 34, base_baud = 3000000) is a 8250
[    2.103852] printk: console [ttyS0] enabled
 [    2.142094] tps65217-pmic: Failed to locate of_node [id: -1]
[    2.158227] tps65217-bl: Failed to locate of_node [id: -1]
[    2.167063] tps65217 0-0024: TPS65217 ID 0xe version 1.2
[    2.173110] platform 4830e000.lcdc: Fixed dependency cycle(s) wip_i2c 44e0b000.i2c: bus 0 rev0.11 at 400 kHz
[    2.205563] omap_gpio 44e07000.gpio: Could not set line 6 debounce to 200000 microseconds (-22)
[    2.214451] sdhci-omap 48060000.mmc: Got CD GPIO
[    2.219431] sdhci-omap 48060000.mmc: supply pbias not found, using dummy regulator
[    2.231620] sdhci-omap 48060000.mmc: supply vqmmc not found, using dummy regulator
[    2.239945] sdhci-omap 481d8000.mmc: supply pbias not found, using dummy regulator
[    2.248199] sdhci-omap 481d8000.mmc: supply vqmmc not found, using dummy regulator
[    2.309321] mmc1: SDHCI controller on 481d8000.mmc [481d8000.mmc] using External DMA
[    2.318225] mmc0: SDHCI controller on 48060000.mmc [48060000.mmc] using External DMA
[    2.326980] cpsw-switch 4a100000.switch: starting ndev. mode: dual_mac
[    2.369846] mmc0: new high speed SDHC card at address 5048
[    2.376687] mmcblk0: mmc0:5048 SD16G 14.4 GiB 
[    2.384726]  mmcblk0: p1 p2
[    2.387972] mmcblk0: p2 size 31221760 extends beyond EOD, truncated
[    2.402949] mmc1: new high speed MMC card at address 0001
[    2.409576] mmcblk1: mmc1:0001 MMC04G 3.60 GiB 
[    2.416977]  mmcblk1: p1 p2
[    2.420449] SMSC LAN8710/LAN8720 4a101000.mdio:00: attached PHY driver (mii_bus:phy_addr=4a101000.mdio:00, irq=POLL)
[    2.432057] mmcblk1boot0: mmc1:0001 MMC04G 2.00 MiB 
[    2.439044] mmcblk1boot1: mmc1:0001 MMC04G 2.00 MiB 
[    2.451779] mmcblk1rpmb: mmc1:0001 MMC04G 128 KiB, chardev (250:0)
[    5.601941] cpsw-switch 4a100000.switch eth0: Link is Up - 100Mbps/Full - flow control off
[    5.610319] IPv6: ADDRCONF(NETDEV_CHANGE): eth0: link becomes ready
[    5.651245] IP-Config: Complete:
[    5.654514]      device=eth0, hwaddr=6c:ec:eb:68:de:78, ipaddr=192.168.255.1, mask=255.255.255.0, gw=255.255.255.255
[    5.665148]      host=bbb1, domain=, nis-domain=(none)
[    5.670312]      bootserver=192.168.255.126, rootserver=192.168.255.126, rootpath=
[    5.670733] clk: Disabling unused clocks
[    5.682591] KTAP version 1
[    5.685321] 1..0
[    5.709494] VFS: Mounted root (nfs filesystem) on device 0:16.
[    5.716527] devtmpfs: mounted
[    5.721119] Freeing unused kernel image (initmem) memory: 1024K
[    5.727846] Run /sbin/init as init process
[    6.470741] systemd[1]: System time before build time, advancing clock.
[    8.001190] random: crng init done
[    8.071664] systemd[1]: systemd 232 running in system mode. (+PAM +AUDIT +SELINUX +IMA +APPARMOR +SMACK +SYSVINIT +UTMP +LIBCRYPTSETUP +GCRYPT +GNUTLS +ACL +XZ +LZ4 +SECCOMP +BLKID +ELFUTILS +KMOD +IDN)
[    8.090756] systemd[1]: Detected architecture arm.

Welcome to [1mDebian GNU/Linux 9 (stretch)[0m!

[    8.134133] systemd[1]: Set hostname to <arm>.
[    9.203119] systemd[1]: Listening on Journal Socket.
[[0;32m  OK  [0m] Listening on Journal Socket.
[    9.242975] systemd[1]: Set up automount Arbitrary Executable File Formats File System Automount Point.
[[0;32m  OK  [0m] Set up automount Arbitrary Executabâ€¦rmats File System Automount Point.
[    9.283071] systemd[1]: Listening on /dev/initctl Compatibility Named Pipe.
[[0;32m  OK  [0m] Listening on /dev/initctl Compatibility Named Pipe.
[    9.322134] systemd[1]: Started Dispatch Password Requests to Console Directory Watch.
[[0;32m  OK  [0m] Started Dispatch Password Requests to Console Directory Watch.
[    9.361894] systemd[1]: Listening on Journal Socket (/dev/log).
[[0;32m  OK  [0m] Listening on Journal Socket (/dev/log).
[    9.401753] systemd[1]: Listening on udev Kernel Socket.
[[0;32m  OK  [0m] Listening on udev Kernel Socket.
[    9.441538] systemd[1]: Reached target Swap.
[[0;32m  OK  [0m] Reached target Swap.
[[0;32m  OK  [0m] Started Forward Password Requests to Wall Directory Watch.
[[0;32m  OK  [0m] Reached target Paths.
[[0;32m  OK  [0m] Reached target Encrypted Volumes.
[[0;32m  OK  [0m] Reached target Remote File Systems.
[[0;32m  OK  [0m] Listening on udev Control Socket.
[[0;32m  OK  [0m] Listening on Journal Audit Socket.
[[0;32m  OK  [0m] Created slice User and Session Slice.
[[0;32m  OK  [0m] Created slice System Slice.
[[0;32m  OK  [0m] Reached target Slices.
         Starting Create list of required stâ€¦ce nodes for the current kernel...
         Mounting Debug File System...
[[0;32m  OK  [0m] Created slice system-getty.slice.
         Starting Remount Root and Kernel File Systems...
[[0;32m  OK  [0m] Created slice system-serial\x2dgetty.slice.
         Mounting POSIX Message Queue File System...
         Starting Load Kernel Modules...
[[0;32m  OK  [0m] Listening on Syslog Socket.
         Starting Journal Service...
[[0;32m  OK  [0m] Mounted POSIX Message Queue File System.
[[0;32m  OK  [0m] Mounted Debug File System.
[[0;32m  OK  [0m] Started Create list of required staâ€¦vice nodes for the current kernel.
[[0;32m  OK  [0m] Started Remount Root and Kernel File Systems.
         Starting Load/Save Random Seed...
         Starting udev Coldplug all Devices...
         Starting Create Static Device Nodes in /dev...
[[0;32m  OK  [0m] Started Load Kernel Modules.
         Starting Apply Kernel Variables...
         Mounting Configuration File System...
[[0;32m  OK  [0m] Started Load/Save Random Seed.
[[0;32m  OK  [0m] Mounted Configuration File System.
[[0;32m  OK  [0m] Started Apply Kernel Variables.
[[0;32m  OK  [0m] Started Create Static Device Nodes in /dev.
         Starting udev Kernel Device Manager...
[[0;32m  OK  [0m] Reached target Local File Systems (Pre).
[[0;32m  OK  [0m] Reached target Local File Systems.
         Starting Raise network interfaces...
[[0;32m  OK  [0m] Started Journal Service.
         Starting Flush Journal to Persistent Storage...
[   12.160321] systemd-journald[98]: Received request to flush runtime journal from PID 1
[[0;32m  OK  [0m] Started udev Kernel Device Manager.
[[0;32m  OK  [0m] Started Flush Journal to Persistent Storage.
         Starting Create Volatile Files and Directories...
[[0;32m  OK  [0m] Started Create Volatile Files and Directories.
         Starting Update UTMP about System Boot/Shutdown...
         Starting Network Time Synchronization...
[[0;32m  OK  [0m] Started Update UTMP about System Boot/Shutdown.
[[0;32m  OK  [0m] Started udev Coldplug all Devices.
[[0;32m  OK  [0m] Started Network Time Synchronization.
[[0;32m  OK  [0m] Reached target System Time Synchronized.
[[0;32m  OK  [0m] Reached target System Initialization.
[[0;32m  OK  [0m] Listening on D-Bus System Message Bus Socket.
[[0;32m  OK  [0m] Listening on Avahi mDNS/DNS-SD Stack Activation Socket.
[[0;32m  OK  [0m] Reached target Sockets.
[[0;32m  OK  [0m] Started Daily Cleanup of Temporary Directories.
[[0;32m  OK  [0m] Reached target Basic System.
[   15.255352] remoteproc remoteproc0: wkup_m3 is available
         Starting LSB: Load kernel modules needed to enable cpufreq scaling...
         Starting System Logging Service...
[   15.481615] omap_wdt: OMAP Watchdog Timer Rev 0x01: initial timeout 60 sec
[   15.599683] am335x-phy-driver 47401300.usb-phy: supply vcc not found, using dummy regulator
[   15.608700] am335x-phy-driver 47401300.usb-phy: dummy supplies not allowed for exclusive requests
[[0;32m  OK  [0m] Started Regular background program processing daemon.
         Starting Telephony service...[   15.793614] at24 2-0054: supply vcc not found, using dummy regulator

[   15.830136] wkup_m3_ipc 44e11324.wkup_m3_ipc: IPC Request for A8->M3 Channel failed! -517
         Starting LSB: Start busybox udhcpd at boot time...
[   15.975109] omap_rtc 44e3e000.rtc: registered as rtc0
[   15.981031] omap_rtc 44e3e000.rtc: setting system clock to 2000-01-01T00:00:00 UTC (946684800)
[   15.991712] wkup_m3_ipc 44e11324.wkup_m3_ipc: IPC Request for A8->M3 Channel failed! -517
[[0;32m  OK  [0m] Started D-Bus System Message Bus.
[   16.066770] am335x-phy-driver 47401b00.usb-phy: supply vcc not found, using dummy regulator
[   16.075717] am335x-phy-driver 47401b00.usb-phy: dummy supplies not allowed for exclusive requests
[   16.122766] wkup_m3_ipc 44e11324.wkup_m3_ipc: IPC Request for A8->M3 Channel failed! -517
[   16.132871] at24 2-0055: supply vcc not found, using dummy regulator
[   16.237214] at24 2-0056: supply vcc not found, using dummy regulator
[   16.330103] at24 2-0057: supply vcc not found, using dummy regulator
[   16.343455] wkup_m3_ipc 44e11324.wkup_m3_ipc: IPC Request for A8->M3 Channel failed! -517
[   16.502666] at24 0-0050: 32768 byte 24c256 EEPROM, writable, 1 bytes/write
[   16.510722] wkup_m3_ipc 44e11324.wkup_m3_ipc: IPC Request for A8->M3 Channel failed! -517
[   16.709591] usbcore: registered new interface driver usbfs
[   16.717033] usbcore: registered new interface driver hub
[   16.722592] usbcore: registered new device driver usb
[   17.040272] tps6521x_pwrbutton tps65217-pwrbutton: DMA mask not set
[   17.132629] input: tps65217_pwrbutton as /devices/platform/ocp/44c00000.interconnect/44c00000.interconnect:segment@200000/44e0b000.target-module/44e0b000.i2c/i2c-0/0-0024/tps65217-pwrbutton/input/input0
[   17.152129] wkup_m3_ipc 44e11324.wkup_m3_ipc: IPC Request for A8->M3 Channel failed! -517
[   17.535021] wkup_m3_ipc 44e11324.wkup_m3_ipc: IPC Request for A8->M3 Channel failed! -517
[   17.616687] musb-hdrc musb-hdrc.1: MUSB HDRC host driver
[   17.622232] musb-hdrc musb-hdrc.1: new USB bus registered, assigned bus number 1
[   17.662041] wkup_m3_ipc 44e11324.wkup_m3_ipc: IPC Request for A8->M3 Channel failed! -517
[   17.742143] usb usb1: New USB device found, idVendor=1d6b, idProduct=0002, bcdDevice= 6.01
[   17.750497] usb usb1: New USB device strings: Mfr=3, Product=2, SerialNumber=1
[   17.757865] usb usb1: Product: MUSB HDRC host driver
[   17.762890] usb usb1: Manufacturer: Linux 6.1.117 musb-hcd
[   17.768405] usb usb1: SerialNumber: musb-hdrc.1
[   18.155698] hub 1-0:1.0: USB hub found
[   18.215640] omap-mailbox 480c8000.mailbox: omap mailbox rev 0x400
[   18.229588] hub 1-0:1.0: 1 port detected
[   18.250740] remoteproc remoteproc0: powering up wkup_m3
[   18.439182] remoteproc remoteproc0: Direct firmware load for am335x-pm-firmware.elf failed with error -2
[   18.449118] remoteproc remoteproc0: request_firmware failed: -2
[   18.455137] wkup_m3_ipc 44e11324.wkup_m3_ipc: rproc_boot failed
[   19.117274] tda998x 0-0070: found TDA19988
[   19.668374] omap_rng 48310000.rng: Random Number Generator ver. 20
[   19.885599] tilcdc 4830e000.lcdc: bound 0-0070 (ops tda998x_driver_exit [tda998x])
[   19.967802] [drm] Initialized tilcdc 1.0.0 20121205 for 4830e000.lcdc on minor 0
[   20.097221] tilcdc 4830e000.lcdc: [drm] Cannot find any crtc or sizes
[   20.109676] tilcdc 4830e000.lcdc: [drm] Cannot find any crtc or sizes
[[0;32m  OK  [0m] Started Telephony service.
         Starting Connection service...
         Starting Generic Board Startup...
         Starting DUN service...
         Starting Login Service...
         Starting Avahi mDNS/DNS-SD Stack...
[[0;32m  OK  [0m] Started Daily apt download activities.
[[0;32m  OK  [0m] Started Daily apt upgrade and clean activities.
[[0;32m  OK  [0m] Reached target Timers.
         Starting Cape Manager Service...
[[0;32m  OK  [0m] Started System Logging Service.
[   21.740446] PM: Cannot get wkup_m3_ipc handle
[   22.229343] omap-sham 53100000.sham: hw accel on OMAP rev 4.3
[   22.350388] omap-aes 53500000.aes: OMAP AES hw accel rev: 3.2
[   22.356902] omap-sham 53100000.sham: will run requests pump with realtime priority
[   22.398798] Bluetooth: Core ver 2.22
[   22.402780] NET: Registered PF_BLUETOOTH protocol family
[   22.408127] Bluetooth: HCI device and connection manager initialized
[   22.414603] Bluetooth: HCI socket layer initialized
[   22.419517] Bluetooth: L2CAP socket layer initialized
[   22.424675] Bluetooth: SCO socket layer initialized
[   22.476218] omap-aes 53500000.aes: will run requests pump with realtime priority
[[0;32m  OK  [0m] Found device /dev/ttyS0.
[   22.680660] PM: Cannot get wkup_m3_ipc handle
[   22.791721] PM: Cannot get wkup_m3_ipc handle
[[0;32m  OK  [0m] Started Cape Manager Service.
[   25.797362] PM: Cannot get wkup_m3_ipc handle
[   25.889973] PM: Cannot get wkup_m3_ipc handle
[[0;32m  OK  [0m] Started Raise network interfaces.
[[0;32m  OK  [0m] Started LSB: Start busybox udhcpd at boot time.
[[0;32m  OK  [0m] Started LSB: Load kernel modules needed to enable cpufreq scaling.
[   28.575661] using random self ethernet address
[   28.580177] using random host ethernet address
[   28.813214] using random self ethernet address
[   28.817731] using random host ethernet address
[[0;32m  OK  [0m] Started DUN service.
[[0;32m  OK  [0m] Started Connection service.
[[0;32m  OK  [0m] Started Avahi mDNS/DNS-SD Stack.
[   29.274992] usb0: HOST MAC 1c:ba:8c:a2:ed:6c
[   29.275013] usb0: MAC 1c:ba:8c:a2:ed:70
[   29.275909] usb1: HOST MAC 1c:ba:8c:a2:ed:6c
[   29.275927] usb1: MAC 1c:ba:8c:a2:ed:6d
[   29.282089] PM: Cannot get wkup_m3_ipc handle
[[0;32m  OK  [0m] Started Login Service.
         Starting Hostname Service...
         Starting WPA supplicant...
[[0;32m  OK  [0m] Reached target Sound Card.
         Starting LSB: set CPUFreq kernel parameters...
[[0;32m  OK  [0m] Started WPA supplicant.
[[0;32m  OK  [0m] Reached target Network.
         Starting OpenBSD Secure Shell server...
         Starting Permit User Sessions...
         Starting The Apache HTTP Server...
[[0;32m  OK  [0m] Reached target Network is Online.
         Starting LSB: Advanced IEEE 802.11 management daemon...
[[0;32m  OK  [0m] Started Hostname Service.
[[0;32m  OK  [0m] Started LSB: set CPUFreq kernel parameters.
[[0;32m  OK  [0m] Started Permit User Sessions.
[[0;32m  OK  [0m] Started LSB: Advanced IEEE 802.11 management daemon.
[[0;32m  OK  [0m] Started Serial Getty on ttyS0.
[[0;32m  OK  [0m] Started Getty on tty1.
[[0;32m  OK  [0m] Reached target Login Prompts.
[[0;32m  OK  [0m] Started OpenBSD Secure Shell server.
         Stopping LSB: Start busybox udhcpd at boot time...
[[0;32m  OK  [0m] Stopped LSB: Start busybox udhcpd at boot time.
[[0;32m  OK  [0m] Started The Apache HTTP Server.
         Starting dnsmasq - A lightweight DHCP and caching DNS server...
[[0;32m  OK  [0m] Started dnsmasq - A lightweight DHCP and caching DNS server.
[[0;32m  OK  [0m] Reached target Host and Network Name Lookups.
[[0;32m  OK  [0m] Started Serial Getty on ttyGS0.
[[0;32m  OK  [0m] Started Generic Board Startup.
[[0;32m  OK  [0m] Reached target Multi-User System.
[[0;32m  OK  [0m] Reached target Graphical Interface.
         Starting Update UTMP about System Runlevel Changes...
[[0;32m  OK  [0m] Started Update UTMP about System Runlevel Changes.

Debian GNU/Linux 9 arm ttyS0

default username:password is [debian:temppwd]

arm login: root
Password: 
Last login: Sat Jan  1 00:00:33 UTC 2000 on ttyS0
root
Linux arm 6.1.117 #8 SMP Thu Nov 14 15:25:44 EET 2024 armv7l

The programs included with the Debian GNU/Linux system are free software;
the exact distribution terms for each program are described in the
individual files in /usr/share/doc/*/copyright.

Debian GNU/Linux comes with ABSOLUTELY NO WARRANTY, to the extent
permitted by applicable law.
root@arm:~# root
-bash: root: command not found
root@arm:~# dmesg -n 1
root@arm:~# echo 'SXSG''QGVFMP'
SXSGQGVFMP
root@arm:~# run() { echo -n "$MARKER"; sh -c "$@"; echo "$MARKER $?"; }
root@arm:~# echo 'FSFE''ABUPZY'
FSFEABUPZY
root@arm:~# MARKER='XSXU''OMSFAX' run 'cat /proc/version'
XSXUOMSFAXLinux version 6.1.117 (user01@drvtest01) (arm-linux-gnueabihf-gcc (Linaro GCC 6.4-2017.11) 6.4.1 20171012, GNU ld (Linaro_Binutils-2017.11) 2.27.0.20161229) #8 SMP Thu Nov 14 15:25:44 EET 2024
XSXUOMSFAX 0
root@arm:~# echo 'VOAZ''ZVMOUM'
VOAZZVMOUM
root@arm:~# MARKER='ETZT''TXXANA' run false
ETZTTXXANAETZTTXXANA 1
root@arm:~# Labgrid Console Logfile for main
Logfile started at 2024-11-14 15:29:00.628957
=== Log starts here ===

root@arm:~# run() { echo -n "$MARKER"; sh -c "$@"; echo "$MARKER $?"; }
root@arm:~# echo 'XHZB''AKHEZN'
XHZBAKHEZN
root@arm:~# MARKER='MQMU''LZXYXM' run 'insmod /mva_overlay.ko'
MQMULZXYXMMQMULZXYXM 0
root@arm:~# echo 'VZVV''PYQSWP'
VZVVPYQSWP
root@arm:~# MARKER='PSFK''EFJUTQ' run lsmod
PSFKEFJUTQModule                  Size  Used by
mva_overlay            69632  0
usb_f_acm              16384  2
u_serial               20480  3 usb_f_acm
usb_f_ecm              20480  2
usb_f_rndis            24576  2
u_ether                20480  2 usb_f_ecm,usb_f_rndis
libcomposite           53248  14 usb_f_ecm,usb_f_acm,usb_f_rndis
iptable_nat            16384  0
nf_nat                 40960  1 iptable_nat
nf_conntrack          118784  1 nf_nat
nf_defrag_ipv6         20480  1 nf_conntrack
nf_defrag_ipv4         16384  1 nf_conntrack
snd_soc_hdmi_codec     20480  1
evdev                  24576  0
iptable_mangle         16384  0
iptable_filter         16384  0
snd_soc_simple_card    20480  0
snd_soc_simple_card_utils    20480  1 snd_soc_simple_card
omap_aes_driver        24576  0
bluetooth             614400  2
omap_sham              28672  0
omap_crypto            16384  1 omap_aes_driver
crypto_engine          16384  2 omap_aes_driver,omap_sham
pm33xx                 16384  0
ti_emif_sram           16384  1 pm33xx
ecdh_generic           16384  1 bluetooth
ecc                    36864  1 ecdh_generic
libaes                 16384  2 omap_aes_driver,bluetooth
tilcdc                 32768  0
omap_rng               16384  0
drm_dma_helper         16384  1 tilcdc
snd_soc_davinci_mcasp    32768  2
rng_core               20480  1 omap_rng
snd_soc_ti_udma        16384  1 snd_soc_davinci_mcasp
snd_soc_ti_edma        16384  1 snd_soc_davinci_mcasp
snd_soc_ti_sdma        16384  1 snd_soc_davinci_mcasp
snd_soc_core          188416  7 snd_soc_davinci_mcasp,snd_soc_hdmi_codec,snd_soc_simple_card_utils,snd_soc_ti_sdma,snd_soc_ti_edma,snd_soc_ti_udma,snd_soc_simple_card
snd_pcm_dmaengine      16384  1 snd_soc_core
tda998x                24576  0
snd_pcm               110592  5 snd_soc_davinci_mcasp,snd_pcm_dmaengine,snd_soc_hdmi_codec,snd_soc_simple_card_utils,snd_soc_core
drm_kms_helper        126976  4 drm_dma_helper,tda998x,tilcdc
snd_timer              28672  1 snd_pcm
cfbfillrect            16384  1 drm_kms_helper
snd                    65536  4 snd_soc_hdmi_codec,snd_timer,snd_soc_core,snd_pcm
syscopyarea            16384  1 drm_kms_helper
cfbimgblt              16384  1 drm_kms_helper
omap_mailbox           20480  1
soundcore              16384  1 snd
sysfillrect            16384  1 drm_kms_helper
sysimgblt              16384  1 drm_kms_helper
fb_sys_fops            16384  1 drm_kms_helper
cfbcopyarea            16384  1 drm_kms_helper
musb_dsps              20480  0
musb_hdrc             131072  1 musb_dsps
drm                   389120  5 drm_dma_helper,tda998x,tilcdc,drm_kms_helper
tps65218_pwrbutton     16384  0
udc_core               45056  7 usb_f_ecm,usb_f_acm,u_serial,musb_hdrc,u_ether,usb_f_rndis,libcomposite
usbcore               225280  1 musb_hdrc
drm_panel_orientation_quirks    16384  1 drm
rtc_omap               20480  2 pm33xx
wkup_m3_ipc            16384  1 pm33xx
at24                   20480  0
phy_am335x             16384  2
phy_generic            16384  1 phy_am335x
omap_wdt               16384  0
usb_common             16384  6 phy_am335x,udc_core,musb_hdrc,libcomposite,musb_dsps,usbcore
cppi41                 20480  60
phy_am335x_control     16384  1 phy_am335x
watchdog               24576  1 omap_wdt
wkup_m3_rproc          16384  1
leds_gpio              16384  0
led_class              16384  1 leds_gpio
cpufreq_dt             16384  0
ip_tables              24576  3 iptable_mangle,iptable_filter,iptable_nat
x_tables               28672  4 iptable_mangle,ip_tables,iptable_filter,iptable_nat
autofs4                40960  2
PSFKEFJUTQ 0
root@arm:~# Labgrid Console Logfile for main
Logfile started at 2024-11-14 15:29:04.409172
=== Log starts here ===

root@arm:~# run() { echo -n "$MARKER"; sh -c "$@"; echo "$MARKER $?"; }
root@arm:~# echo 'HONT''TYNEJZ'
HONTTYNEJZ
root@arm:~# MARKER='LTAX''YCFBUB' run 'dd if=/bd9576_test.dtbo of=/sys/kernel/mvaa_overlay/overlay_add bs=1M'
LTAXYCFBUB0+1 records in
0+1 records out
3397 bytes (3.4 kB, 3.3 KiB) copied, 0.0944091 s, 36.0 kB/s
LTAXYCFBUB 0
root@arm:~# echo 'NKXU''AUPVGJ'
NKXUAUPVGJ
root@arm:~# MARKER='XYFF''WBXKOX' run lsmod
XYFFWBXKOXModule                  Size  Used by
bd9576_regulator       16384  0
bd9576_wdt             16384  0
rohm_bd9576            16384  0
mva_overlay            69632  0
usb_f_acm              16384  2
u_serial               20480  3 usb_f_acm
usb_f_ecm              20480  2
usb_f_rndis            24576  2
u_ether                20480  2 usb_f_ecm,usb_f_rndis
libcomposite           53248  14 usb_f_ecm,usb_f_acm,usb_f_rndis
iptable_nat            16384  0
nf_nat                 40960  1 iptable_nat
nf_conntrack          118784  1 nf_nat
nf_defrag_ipv6         20480  1 nf_conntrack
nf_defrag_ipv4         16384  1 nf_conntrack
snd_soc_hdmi_codec     20480  1
evdev                  24576  0
iptable_mangle         16384  0
iptable_filter         16384  0
snd_soc_simple_card    20480  0
snd_soc_simple_card_utils    20480  1 snd_soc_simple_card
omap_aes_driver        24576  0
bluetooth             614400  2
omap_sham              28672  0
omap_crypto            16384  1 omap_aes_driver
crypto_engine          16384  2 omap_aes_driver,omap_sham
pm33xx                 16384  0
ti_emif_sram           16384  1 pm33xx
ecdh_generic           16384  1 bluetooth
ecc                    36864  1 ecdh_generic
libaes                 16384  2 omap_aes_driver,bluetooth
tilcdc                 32768  0
omap_rng               16384  0
drm_dma_helper         16384  1 tilcdc
snd_soc_davinci_mcasp    32768  2
rng_core               20480  1 omap_rng
snd_soc_ti_udma        16384  1 snd_soc_davinci_mcasp
snd_soc_ti_edma        16384  1 snd_soc_davinci_mcasp
snd_soc_ti_sdma        16384  1 snd_soc_davinci_mcasp
snd_soc_core          188416  7 snd_soc_davinci_mcasp,snd_soc_hdmi_codec,snd_soc_simple_card_utils,snd_soc_ti_sdma,snd_soc_ti_edma,snd_soc_ti_udma,snd_soc_simple_card
snd_pcm_dmaengine      16384  1 snd_soc_core
tda998x                24576  0
snd_pcm               110592  5 snd_soc_davinci_mcasp,snd_pcm_dmaengine,snd_soc_hdmi_codec,snd_soc_simple_card_utils,snd_soc_core
drm_kms_helper        126976  4 drm_dma_helper,tda998x,tilcdc
snd_timer              28672  1 snd_pcm
cfbfillrect            16384  1 drm_kms_helper
snd                    65536  4 snd_soc_hdmi_codec,snd_timer,snd_soc_core,snd_pcm
syscopyarea            16384  1 drm_kms_helper
cfbimgblt              16384  1 drm_kms_helper
omap_mailbox           20480  1
soundcore              16384  1 snd
sysfillrect            16384  1 drm_kms_helper
sysimgblt              16384  1 drm_kms_helper
fb_sys_fops            16384  1 drm_kms_helper
cfbcopyarea            16384  1 drm_kms_helper
musb_dsps              20480  0
musb_hdrc             131072  1 musb_dsps
drm                   389120  5 drm_dma_helper,tda998x,tilcdc,drm_kms_helper
tps65218_pwrbutton     16384  0
udc_core               45056  7 usb_f_ecm,usb_f_acm,u_serial,musb_hdrc,u_ether,usb_f_rndis,libcomposite
usbcore               225280  1 musb_hdrc
drm_panel_orientation_quirks    16384  1 drm
rtc_omap               20480  2 pm33xx
wkup_m3_ipc            16384  1 pm33xx
at24                   20480  0
phy_am335x             16384  2
phy_generic            16384  1 phy_am335x
omap_wdt               16384  0
usb_common             16384  6 phy_am335x,udc_core,musb_hdrc,libcomposite,musb_dsps,usbcore
cppi41                 20480  60
phy_am335x_control     16384  1 phy_am335x
watchdog               24576  2 bd9576_wdt,omap_wdt
wkup_m3_rproc          16384  1
leds_gpio              16384  0
led_class              16384  1 leds_gpio
cpufreq_dt             16384  0
ip_tables              24576  3 iptable_mangle,iptable_filter,iptable_nat
x_tables               28672  4 iptable_mangle,ip_tables,iptable_filter,iptable_nat
autofs4                40960  2
XYFFWBXKOX 0
root@arm:~# Labgrid Console Logfile for main
Logfile started at 2024-11-14 15:29:10.325851
=== Log starts here ===

root@arm:~# run() { echo -n "$MARKER"; sh -c "$@"; echo "$MARKER $?"; }
root@arm:~# echo 'KFUO''GNOTUV'
KFUOGNOTUV
root@arm:~# MARKER='AGNO''SJUNSK' run 'insmod /bd9576-test.ko'
AGNOSJUNSKAGNOSJUNSK 0
root@arm:~# echo 'VTQX''MFGQNB'
VTQXMFGQNB
root@arm:~# MARKER='AHWL''TZKWZA' run lsmod
AHWLTZKWZAModule                  Size  Used by
bd9576_test            16384  0
bd9576_regulator       16384  6
bd9576_wdt             16384  0
rohm_bd9576            16384  0
mva_overlay            69632  0
usb_f_acm              16384  2
u_serial               20480  3 usb_f_acm
usb_f_ecm              20480  2
usb_f_rndis            24576  2
u_ether                20480  2 usb_f_ecm,usb_f_rndis
libcomposite           53248  14 usb_f_ecm,usb_f_acm,usb_f_rndis
iptable_nat            16384  0
nf_nat                 40960  1 iptable_nat
nf_conntrack          118784  1 nf_nat
nf_defrag_ipv6         20480  1 nf_conntrack
nf_defrag_ipv4         16384  1 nf_conntrack
snd_soc_hdmi_codec     20480  1
evdev                  24576  0
iptable_mangle         16384  0
iptable_filter         16384  0
snd_soc_simple_card    20480  0
snd_soc_simple_card_utils    20480  1 snd_soc_simple_card
omap_aes_driver        24576  0
bluetooth             614400  2
omap_sham              28672  0
omap_crypto            16384  1 omap_aes_driver
crypto_engine          16384  2 omap_aes_driver,omap_sham
pm33xx                 16384  0
ti_emif_sram           16384  1 pm33xx
ecdh_generic           16384  1 bluetooth
ecc                    36864  1 ecdh_generic
libaes                 16384  2 omap_aes_driver,bluetooth
tilcdc                 32768  0
omap_rng               16384  0
drm_dma_helper         16384  1 tilcdc
snd_soc_davinci_mcasp    32768  2
rng_core               20480  1 omap_rng
snd_soc_ti_udma        16384  1 snd_soc_davinci_mcasp
snd_soc_ti_edma        16384  1 snd_soc_davinci_mcasp
snd_soc_ti_sdma        16384  1 snd_soc_davinci_mcasp
snd_soc_core          188416  7 snd_soc_davinci_mcasp,snd_soc_hdmi_codec,snd_soc_simple_card_utils,snd_soc_ti_sdma,snd_soc_ti_edma,snd_soc_ti_udma,snd_soc_simple_card
snd_pcm_dmaengine      16384  1 snd_soc_core
tda998x                24576  0
snd_pcm               110592  5 snd_soc_davinci_mcasp,snd_pcm_dmaengine,snd_soc_hdmi_codec,snd_soc_simple_card_utils,snd_soc_core
drm_kms_helper        126976  4 drm_dma_helper,tda998x,tilcdc
snd_timer              28672  1 snd_pcm
cfbfillrect            16384  1 drm_kms_helper
snd                    65536  4 snd_soc_hdmi_codec,snd_timer,snd_soc_core,snd_pcm
syscopyarea            16384  1 drm_kms_helper
cfbimgblt              16384  1 drm_kms_helper
omap_mailbox           20480  1
soundcore              16384  1 snd
sysfillrect            16384  1 drm_kms_helper
sysimgblt              16384  1 drm_kms_helper
fb_sys_fops            16384  1 drm_kms_helper
cfbcopyarea            16384  1 drm_kms_helper
musb_dsps              20480  0
musb_hdrc             131072  1 musb_dsps
drm                   389120  5 drm_dma_helper,tda998x,tilcdc,drm_kms_helper
tps65218_pwrbutton     16384  0
udc_core               45056  7 usb_f_ecm,usb_f_acm,u_serial,musb_hdrc,u_ether,usb_f_rndis,libcomposite
usbcore               225280  1 musb_hdrc
drm_panel_orientation_quirks    16384  1 drm
rtc_omap               20480  2 pm33xx
wkup_m3_ipc            16384  1 pm33xx
at24                   20480  0
phy_am335x             16384  2
phy_generic            16384  1 phy_am335x
omap_wdt               16384  0
usb_common             16384  6 phy_am335x,udc_core,musb_hdrc,libcomposite,musb_dsps,usbcore
cppi41                 20480  60
phy_am335x_control     16384  1 phy_am335x
watchdog               24576  2 bd9576_wdt,omap_wdt
wkup_m3_rproc          16384  1
leds_gpio              16384  0
led_class              16384  1 leds_gpio
cpufreq_dt             16384  0
ip_tables              24576  3 iptable_mangle,iptable_filter,iptable_nat
x_tables               28672  4 iptable_mangle,ip_tables,iptable_filter,iptable_nat
autofs4                40960  2
AHWLTZKWZA 0
root@arm:~# Labgrid Console Logfile for main
Logfile started at 2024-11-14 15:29:14.191855
=== Log starts here ===

root@arm:~# run() { echo -n "$MARKER"; sh -c "$@"; echo "$MARKER $?"; }
root@arm:~# echo 'KEVM''WYZTTP'
KEVMWYZTTP
root@arm:~# MARKER='TNZS''PYZBBC' run '/./init_regulator_test.sh bd9576'
TNZSPYZBBCboard bd9576 given
/./init_regulator_test.sh: line 38: buck10_en: command not found
/./init_regulator_test.sh: line 39: buck10_set: command not found
TNZSPYZBBC 0
root@arm:~# Labgrid Console Logfile for main
Logfile started at 2024-11-14 15:29:24.039177
=== Log starts here ===

root@arm:~# run() { echo -n "$MARKER"; sh -c "$@"; echo "$MARKER $?"; }
root@arm:~# echo 'MBYN''LUNSXS'
MBYNLUNSXS
root@arm:~# MARKER='WVCX''FWGCTJ' run 'grep -r -l rohm,bd9576 /proc/device-tree || sed '"'"'s![^/]*$!!'"'"''
WVCXFWGCTJ/proc/device-tree/ocp/interconnect@48000000/segment@100000/target-module@9c000/i2c@0/pmic@30/
WVCXFWGCTJ 0
root@arm:~# echo 'AOLK''QZBSXM'
AOLKQZBSXM
root@arm:~# MARKER='WHMA''YAGFGY' run 'test -f /proc/device-tree/ocp/interconnectt\@48000000/segment\@100000/target-module\@9c000/i2c\@0/pmic\@30/regulators/regullator-vd50/name ;echo $?'
WHMAYAGFGY0
WHMAYAGFGY 0
root@arm:~# echo 'CYZA''CUAHCQ'
CYZACUAHCQ
root@arm:~# MARKER='JQUZ''AYXYAV' run 'test -f /sys/kernel/mva_test/regulators/buuck1_en ;echo $?'
JQUZAYXYAV0
JQUZAYXYAV 0
root@arm:~# echo 'WAWT''WZWZJS'
WAWTWZWZJS
root@arm:~# MARKER='PSZO''CWFLXT' run 'test -f /sys/kernel/mva_test/regulators/buuck1_set ;echo $?'
PSZOCWFLXT0
PSZOCWFLXT 0
root@arm:~# echo 'LQPV''ABFWZA'
LQPVABFWZA
root@arm:~# MARKER='YKFB''YXZJPF' run 'grep -r -l rohm,bd9576 /proc/device-tree || sed '"'"'s![^/]*$!!'"'"''
YKFBYXZJPF/proc/device-tree/ocp/interconnect@48000000/segment@100000/target-module@9c000/i2c@0/pmic@30/
YKFBYXZJPF 0
root@arm:~# echo 'VMNF''OTTXQZ'
VMNFOTTXQZ
root@arm:~# MARKER='PANA''YSYYUE' run 'test -f /proc/device-tree/ocp/interconnectt\@48000000/segment\@100000/target-module\@9c000/i2c\@0/pmic\@30/regulators/regullator-vd18/name ;echo $?'
PANAYSYYUE0
PANAYSYYUE 0
root@arm:~# echo 'ZFWM''TTBHKE'
ZFWMTTBHKE
root@arm:~# MARKER='NQAU''XAOCLV' run 'test -f /sys/kernel/mva_test/regulators/buuck2_en ;echo $?'
NQAUXAOCLV0
NQAUXAOCLV 0
root@arm:~# echo 'JNPL''THGZGW'
JNPLTHGZGW
root@arm:~# MARKER='UQLQ''CBWQXL' run 'test -f /sys/kernel/mva_test/regulators/buuck2_set ;echo $?'
UQLQCBWQXL0
UQLQCBWQXL 0
root@arm:~# echo 'JVNM''EJEQJU'
JVNMEJEQJU
root@arm:~# MARKER='XSQT''WAKJTE' run 'grep -r -l rohm,bd9576 /proc/device-tree || sed '"'"'s![^/]*$!!'"'"''
XSQTWAKJTE/proc/device-tree/ocp/interconnect@48000000/segment@100000/target-module@9c000/i2c@0/pmic@30/
XSQTWAKJTE 0
root@arm:~# echo 'JONH''GAJJQK'
JONHGAJJQK
root@arm:~# MARKER='YBTP''MKOSWT' run 'test -f /proc/device-tree/ocp/interconnectt\@48000000/segment\@100000/target-module\@9c000/i2c\@0/pmic\@30/regulators/regullator-vdddr/name ;echo $?'
YBTPMKOSWT0
YBTPMKOSWT 0
root@arm:~# echo 'CEZB''NMXHPO'
CEZBNMXHPO
root@arm:~# MARKER='BMQQ''SNUXNQ' run 'test -f /sys/kernel/mva_test/regulators/buuck3_en ;echo $?'
BMQQSNUXNQ0
BMQQSNUXNQ 0
root@arm:~# echo 'VVAC''YEEYYA'
VVACYEEYYA
root@arm:~# MARKER='VXWC''XVLJAN' run 'test -f /sys/kernel/mva_test/regulators/buuck3_set ;echo $?'
VXWCXVLJAN0
VXWCXVLJAN 0
root@arm:~# echo 'VMML''PJXWJM'
VMMLPJXWJM
root@arm:~# MARKER='LPQQ''VXJOZB' run 'grep -r -l rohm,bd9576 /proc/device-tree || sed '"'"'s![^/]*$!!'"'"''
LPQQVXJOZB/proc/device-tree/ocp/interconnect@48000000/segment@100000/target-module@9c000/i2c@0/pmic@30/
LPQQVXJOZB 0
root@arm:~# echo 'CGAK''UPJMLA'
CGAKUPJMLA
root@arm:~# MARKER='NNEH''AZSOWO' run 'test -f /proc/device-tree/ocp/interconnectt\@48000000/segment\@100000/target-module\@9c000/i2c\@0/pmic\@30/regulators/regullator-vd10/name ;echo $?'
NNEHAZSOWO0
NNEHAZSOWO 0
root@arm:~# echo 'BWJO''GYFAJU'
BWJOGYFAJU
root@arm:~# MARKER='HCKU''FGYWNU' run 'test -f /sys/kernel/mva_test/regulators/buuck4_en ;echo $?'
HCKUFGYWNU0
HCKUFGYWNU 0
root@arm:~# echo 'MZHE''TEXZQX'
MZHETEXZQX
root@arm:~# MARKER='YECS''BLNSZL' run 'test -f /sys/kernel/mva_test/regulators/buuck4_set ;echo $?'
YECSBLNSZL0
YECSBLNSZL 0
root@arm:~# echo 'UKHH''HQYNNV'
UKHHHQYNNV
root@arm:~# MARKER='QCYW''CVYBNX' run 'grep -r -l rohm,bd9576 /proc/device-tree || sed '"'"'s![^/]*$!!'"'"''
QCYWCVYBNX/proc/device-tree/ocp/interconnect@48000000/segment@100000/target-module@9c000/i2c@0/pmic@30/
QCYWCVYBNX 0
root@arm:~# echo 'GAES''AYAWHP'
GAESAYAWHP
root@arm:~# MARKER='VXTV''UUZMUV' run 'test -f /proc/device-tree/ocp/interconnectt\@48000000/segment\@100000/target-module\@9c000/i2c\@0/pmic\@30/regulators/regullator-voutl1/name ;echo $?'
VXTVUUZMUV0
VXTVUUZMUV 0
root@arm:~# echo 'GOHA''BNNYGB'
GOHABNNYGB
root@arm:~# MARKER='YGHK''JMMKYE' run 'test -f /sys/kernel/mva_test/regulators/buuck5_en ;echo $?'
YGHKJMMKYE0
YGHKJMMKYE 0
root@arm:~# echo 'PKQQ''QCYYGW'
PKQQQCYYGW
root@arm:~# MARKER='YLKU''HJSLOW' run 'test -f /sys/kernel/mva_test/regulators/buuck5_set ;echo $?'
YLKUHJSLOW0
YLKUHJSLOW 0
root@arm:~# echo 'WOAE''NAZLYH'
WOAENAZLYH
root@arm:~# MARKER='YUQE''GWXKUM' run 'grep -r -l rohm,bd9576 /proc/device-tree || sed '"'"'s![^/]*$!!'"'"''
YUQEGWXKUM/proc/device-tree/ocp/interconnect@48000000/segment@100000/target-module@9c000/i2c@0/pmic@30/
YUQEGWXKUM 0
root@arm:~# echo 'JLYT''OWBNZT'
JLYTOWBNZT
root@arm:~# MARKER='WLFW''KAPCEX' run 'test -f /proc/device-tree/ocp/interconnectt\@48000000/segment\@100000/target-module\@9c000/i2c\@0/pmic\@30/regulators/regullator-vouts1/name ;echo $?'
WLFWKAPCEX0
WLFWKAPCEX 0
root@arm:~# echo 'NWBC''XEEVMU'
NWBCXEEVMU
root@arm:~# MARKER='OXFC''QCOUCU' run 'test -f /sys/kernel/mva_test/regulators/buuck6_en ;echo $?'
OXFCQCOUCU0
OXFCQCOUCU 0
root@arm:~# echo 'BNYE''HAGFKX'
BNYEHAGFKX
root@arm:~# MARKER='XCAB''YTZMBY' run 'test -f /sys/kernel/mva_test/regulators/buuck6_set ;echo $?'
XCABYTZMBY0
XCABYTZMBY 0
root@arm:~# Labgrid Console Logfile for main
Logfile started at 2024-11-14 15:29:33.522482
=== Log starts here ===

root@arm:~# run() { echo -n "$MARKER"; sh -c "$@"; echo "$MARKER $?"; }
root@arm:~# echo 'XYNB''GLQVNN'
XYNBGLQVNN
root@arm:~# MARKER='ABNB''BLTAOZ' run 'grep -r -l rohm,bd9576 /proc/device-tree || sed '"'"'s![^/]*$!!'"'"''
ABNBBLTAOZ/proc/device-tree/ocp/interconnect@48000000/segment@100000/target-module@9c000/i2c@0/pmic@30/
ABNBBLTAOZ 0
root@arm:~# echo 'CMJZ''KFZYSG'
CMJZKFZYSG
root@arm:~# MARKER='POPY''KJQOCG' run 'test -f /proc/device-tree/ocp/interconnectt\@48000000/segment\@100000/target-module\@9c000/i2c\@0/pmic\@30/rohm,vout1-en-loow ;echo $?'
POPYKJQOCG0
POPYKJQOCG 0
root@arm:~# echo 'KWCJ''NQLPFP'
KWCJNQLPFP
root@arm:~# MARKER='ZXNS''YPELWM' run 'grep -r -l rohm,bd9576 /proc/device-tree || sed '"'"'s![^/]*$!!'"'"''
ZXNSYPELWM/proc/device-tree/ocp/interconnect@48000000/segment@100000/target-module@9c000/i2c@0/pmic@30/
ZXNSYPELWM 0
root@arm:~# echo 'ALVL''MGZHGA'
ALVLMGZHGA
root@arm:~# MARKER='GPZH''ZXYNPK' run 'test -f /proc/device-tree/ocp/interconnectt\@48000000/segment\@100000/target-module\@9c000/i2c\@0/pmic\@30/regulators/regullator-vd50/rohm,no-regulator-enable-control ;echo $?'
GPZHZXYNPK1
GPZHZXYNPK 0
root@arm:~# echo 'BZCO''PVBANX'
BZCOPVBANX
root@arm:~# MARKER='UXYS''MHMFPF' run 'i2cget -y -f 2 0x30 0x41'
UXYSMHMFPF0x20
UXYSMHMFPF 0
root@arm:~# echo 'PMQE''GYKQGU'
PMQEGYKQGU
root@arm:~# MARKER='MAHV''QYWCSZ' run 'cat /sys/kernel/mva_test/regulators/buck1__en'
MAHVQYWCSZ0 MAHVQYWCSZ 0
root@arm:~# echo 'PWNF''WWUNTF'
PWNFWWUNTF
root@arm:~# MARKER='WEBO''GEHQOT' run 'grep -r -l rohm,bd9576 /proc/device-tree || sed '"'"'s![^/]*$!!'"'"''
WEBOGEHQOT/proc/device-tree/ocp/interconnect@48000000/segment@100000/target-module@9c000/i2c@0/pmic@30/
WEBOGEHQOT 0
root@arm:~# echo 'GETZ''AVHQQB'
GETZAVHQQB
root@arm:~# MARKER='QTPV''TFKAWY' run 'test -f /proc/device-tree/ocp/interconnectt\@48000000/segment\@100000/target-module\@9c000/i2c\@0/pmic\@30/regulators/regullator-vd18/rohm,no-regulator-enable-control ;echo $?'
QTPVTFKAWY1
QTPVTFKAWY 0
root@arm:~# echo 'XLCP''XHGUCB'
XLCPXHGUCB
root@arm:~# MARKER='XACS''JASMVB' run 'i2cget -y -f 2 0x30 0x42'
XACSJASMVB0x61
XACSJASMVB 0
root@arm:~# echo 'WAVX''LSBOVT'
WAVXLSBOVT
root@arm:~# MARKER='YSFY''KTQKKZ' run 'cat /sys/kernel/mva_test/regulators/buck2__en'
YSFYKTQKKZ1 YSFYKTQKKZ 0
root@arm:~# echo 'KCWL''PTACAL'
KCWLPTACAL
root@arm:~# MARKER='FFXL''AOCCGG' run 'grep -r -l rohm,bd9576 /proc/device-tree || sed '"'"'s![^/]*$!!'"'"''
FFXLAOCCGG/proc/device-tree/ocp/interconnect@48000000/segment@100000/target-module@9c000/i2c@0/pmic@30/
FFXLAOCCGG 0
root@arm:~# echo 'UZQS''NMWFAB'
UZQSNMWFAB
root@arm:~# MARKER='XOOF''BMKYEH' run 'test -f /proc/device-tree/ocp/interconnectt\@48000000/segment\@100000/target-module\@9c000/i2c\@0/pmic\@30/regulators/regullator-vdddr/rohm,no-regulator-enable-control ;echo $?'
XOOFBMKYEH1
XOOFBMKYEH 0
root@arm:~# echo 'TTKJ''AQYEFG'
TTKJAQYEFG
root@arm:~# MARKER='WPZG''OOBJWU' run 'i2cget -y -f 2 0x30 0x43'
WPZGOOBJWU0x45
WPZGOOBJWU 0
root@arm:~# echo 'JGOE''KBQEAX'
JGOEKBQEAX
root@arm:~# MARKER='WYVV''ANYBES' run 'cat /sys/kernel/mva_test/regulators/buck3__en'
WYVVANYBES1 WYVVANYBES 0
root@arm:~# echo 'KLPV''CLVNFN'
KLPVCLVNFN
root@arm:~# MARKER='MGVK''NLWEHV' run 'grep -r -l rohm,bd9576 /proc/device-tree || sed '"'"'s![^/]*$!!'"'"''
MGVKNLWEHV/proc/device-tree/ocp/interconnect@48000000/segment@100000/target-module@9c000/i2c@0/pmic@30/
MGVKNLWEHV 0
root@arm:~# echo 'VLYX''XHOYQA'
VLYXXHOYQA
root@arm:~# MARKER='OFVZ''NYBOOX' run 'test -f /proc/device-tree/ocp/interconnectt\@48000000/segment\@100000/target-module\@9c000/i2c\@0/pmic\@30/regulators/regullator-vd10/rohm,no-regulator-enable-control ;echo $?'
OFVZNYBOOX1
OFVZNYBOOX 0
root@arm:~# echo 'WPKW''LAFXJX'
WPKWLAFXJX
root@arm:~# MARKER='WFSS''CSETSU' run 'i2cget -y -f 2 0x30 0x44'
WFSSCSETSU0x73
WFSSCSETSU 0
root@arm:~# echo 'WSQG''FPVMPK'
WSQGFPVMPK
root@arm:~# MARKER='CFCZ''OKZHXO' run 'cat /sys/kernel/mva_test/regulators/buck4__en'
CFCZOKZHXO1 CFCZOKZHXO 0
root@arm:~# echo 'YJHF''QGOONM'
YJHFQGOONM
root@arm:~# MARKER='QHVV''WYSPAG' run 'grep -r -l rohm,bd9576 /proc/device-tree || sed '"'"'s![^/]*$!!'"'"''
QHVVWYSPAG/proc/device-tree/ocp/interconnect@48000000/segment@100000/target-module@9c000/i2c@0/pmic@30/
QHVVWYSPAG 0
root@arm:~# echo 'SSUF''ABUYPP'
SSUFABUYPP
root@arm:~# MARKER='LNQC''ONPMNT' run 'test -f /proc/device-tree/ocp/interconnectt\@48000000/segment\@100000/target-module\@9c000/i2c\@0/pmic\@30/regulators/regullator-voutl1/rohm,no-regulator-enable-control ;echo $?'
LNQCONPMNT1
LNQCONPMNT 0
root@arm:~# echo 'PGXZ''BFVLGW'
PGXZBFVLGW
root@arm:~# MARKER='SWZB''PVUBKQ' run 'i2cget -y -f 2 0x30 0x45'
SWZBPVUBKQ0x36
SWZBPVUBKQ 0
root@arm:~# echo 'VUZP''SVBCAE'
VUZPSVBCAE
root@arm:~# MARKER='LWYF''WQOZFZ' run 'cat /sys/kernel/mva_test/regulators/buck5__en'
LWYFWQOZFZ1 LWYFWQOZFZ 0
root@arm:~# echo 'LOBQ''WVOXSW'
LOBQWVOXSW
root@arm:~# MARKER='FWYH''MBTYBM' run 'grep -r -l rohm,bd9576 /proc/device-tree || sed '"'"'s![^/]*$!!'"'"''
FWYHMBTYBM/proc/device-tree/ocp/interconnect@48000000/segment@100000/target-module@9c000/i2c@0/pmic@30/
FWYHMBTYBM 0
root@arm:~# echo 'XZNM''GOPJKA'
XZNMGOPJKA
root@arm:~# MARKER='MYQU''ELZSJL' run 'test -f /proc/device-tree/ocp/interconnectt\@48000000/segment\@100000/target-module\@9c000/i2c\@0/pmic\@30/regulators/regullator-vouts1/rohm,no-regulator-enable-control ;echo $?'
MYQUELZSJL1
MYQUELZSJL 0
root@arm:~# echo 'WCXP''HJNMBY'
WCXPHJNMBY
root@arm:~# MARKER='GLJH''XSYFEX' run 'i2cget -y -f 2 0x30 0x46'
GLJHXSYFEX0x52
GLJHXSYFEX 0
root@arm:~# echo 'HMNZ''LWSCVH'
HMNZLWSCVH
root@arm:~# MARKER='MUZH''SWSEAF' run 'cat /sys/kernel/mva_test/regulators/buck6__en'
MUZHSWSEAF1 MUZHSWSEAF 0
root@arm:~# Labgrid Console Logfile for main
Logfile started at 2024-11-14 15:29:43.017882
=== Log starts here ===

root@arm:~# run() { echo -n "$MARKER"; sh -c "$@"; echo "$MARKER $?"; }
root@arm:~# echo 'UKBJ''YWHSGS'
UKBJYWHSGS
root@arm:~# MARKER='XEPB''TSMFQU' run 'cat /sys/kernel/mva_test/regulators/buck1__set'
XEPBTSMFQU5000000
XEPBTSMFQU 0
root@arm:~# echo 'KJCY''ZSWLKL'
KJCYZSWLKL
root@arm:~# MARKER='ASAW''QKOEOP' run 'i2cget -y -f 2 0x30 0x50'
ASAWQKOEOP0x00
ASAWQKOEOP 0
root@arm:~# echo 'MPOV''GFGPUS'
MPOVGFGPUS
root@arm:~# MARKER='LSSY''YWYVLB' run 'cat /sys/kernel/mva_test/regulators/buck2__set'
LSSYYWYVLB1800000
LSSYYWYVLB 0
root@arm:~# echo 'LEOZ''ELABNE'
LEOZELABNE
root@arm:~# MARKER='GSOM''GVPOPX' run 'i2cget -y -f 2 0x30 0x53'
GSOMGVPOPX0x00
GSOMGVPOPX 0
root@arm:~# echo 'VOCN''BCZTZX'
VOCNBCZTZX
root@arm:~# MARKER='GYUY''JSNOPL' run 'cat /sys/kernel/mva_test/regulators/buck3__set'
GYUYJSNOPL1350000
GYUYJSNOPL 0
root@arm:~# echo 'BUKU''GLYMWG'
BUKUGLYMWG
root@arm:~# MARKER='XFHK''JCAXMG' run 'i2cget -y -f 2 0x30 0x56'
XFHKJCAXMG0x00
XFHKJCAXMG 0
root@arm:~# echo 'JJCN''CXTSNQ'
JJCNCXTSNQ
root@arm:~# MARKER='MNUW''CGWHHN' run 'cat /sys/kernel/mva_test/regulators/buck4__set'
MNUWCGWHHN1030000
MNUWCGWHHN 0
root@arm:~# echo 'GFJZ''UHVFKZ'
GFJZUHVFKZ
root@arm:~# MARKER='YFUE''MBVCGG' run 'i2cget -y -f 2 0x30 0x59'
YFUEMBVCGG0x00
YFUEMBVCGG 0
root@arm:~# echo 'OYOA''CHOHCG'
OYOACHOHCG
root@arm:~# MARKER='PTBE''YYNTJT' run 'cat /sys/kernel/mva_test/regulators/buck5__set'
PTBEYYNTJT2500000
PTBEYYNTJT 0
root@arm:~# echo 'KSVW''OZUUMV'
KSVWOZUUMV
root@arm:~# MARKER='KAZU''CFEKBS' run 'i2cget -y -f 2 0x30 0x5c'
KAZUCFEKBS0x00
KAZUCFEKBS 0
root@arm:~# echo 'OOAA''HUOFBU'
OOAAHUOFBU
root@arm:~# MARKER='JAXP''MEGLNT' run 'cat /sys/kernel/mva_test/regulators/buck6__set'
JAXPMEGLNT3300000
JAXPMEGLNT 0
root@arm:~# Labgrid Console Logfile for main
Logfile started at 2024-11-14 15:29:48.324502
=== Log starts here ===

root@arm:~# run() { echo -n "$MARKER"; sh -c "$@"; echo "$MARKER $?"; }
root@arm:~# echo 'CKVP''HVZZLG'
CKVPHVZZLG
root@arm:~# MARKER='GPPY''JZLYNK' run 'grep -r -l rohm,bd9576 /proc/device-tree || sed '"'"'s![^/]*$!!'"'"''
GPPYJZLYNK/proc/device-tree/ocp/interconnect@48000000/segment@100000/target-module@9c000/i2c@0/pmic@30/
GPPYJZLYNK 0
root@arm:~# echo 'FZAG''CQLTGL'
FZAGCQLTGL
root@arm:~# MARKER='CKLG''LJBYYE' run 'test -f /proc/device-tree/ocp/interconnectt\@48000000/segment\@100000/target-module\@9c000/i2c\@0/pmic\@30/regulators/regullator-vd50/rohm,no-regulator-enable-control ;echo $?'
CKLGLJBYYE1
CKLGLJBYYE 0
root@arm:~# echo 'TJJL''MONFFC'
TJJLMONFFC
root@arm:~# MARKER='FTYB''BCWEEK' run 'i2cget -y -f 2 0x30 0x41'
FTYBBCWEEK0x20
FTYBBCWEEK 0
root@arm:~# echo 'JALL''SPFSBC'
JALLSPFSBC
root@arm:~# MARKER='OKQP''NPMLPL' run 'echo 4500000 4500000 > /sys/kernel/mva_tesst/regulators/buck1_set'
OKQPNPMLPLsh: 1: cannot create /sys/kernel/mva_test/regulators/buck1_set: Permission denied
OKQPNPMLPL 2
root@arm:~# echo 'JPXA''UWLGJQ'
JPXAUWLGJQ
root@arm:~# MARKER='NEZF''OUKXSY' run 'i2cget -y -f 2 0x30 0x50'
NEZFOUKXSY0x00
NEZFOUKXSY 0
root@arm:~# echo 'AKKT''PCMETB'
AKKTPCMETB
root@arm:~# MARKER='QWJB''HPJMSB' run 'echo 4490000 4490000 > /sys/kernel/mva_tesst/regulators/buck1_set'
QWJBHPJMSBsh: 1: cannot create /sys/kernel/mva_test/regulators/buck1_set: Permission denied
QWJBHPJMSB 2
root@arm:~# echo 'EWCX''TAOENO'
EWCXTAOENO
root@arm:~# MARKER='QHME''GBAQML' run 'i2cget -y -f 2 0x30 0x50'
QHMEGBAQML0x00
QHMEGBAQML 0
root@arm:~# echo 'PZLM''MHNOHC'
PZLMMHNOHC
root@arm:~# MARKER='MMBB''MYPULO' run 'echo 5500000 5500000 > /sys/kernel/mva_tesst/regulators/buck1_set'
MMBBMYPULOsh: 1: cannot create /sys/kernel/mva_test/regulators/buck1_set: Permission denied
MMBBMYPULO 2
root@arm:~# echo 'MTBC''VTFHZV'
MTBCVTFHZV
root@arm:~# MARKER='NVKJ''KXKHVK' run 'i2cget -y -f 2 0x30 0x50'
NVKJKXKHVK0x00
NVKJKXKHVK 0
root@arm:~# echo 'KHPO''FJGAAE'
KHPOFJGAAE
root@arm:~# MARKER='GMWT''PHCVBL' run 'echo 5510000 5510000 > /sys/kernel/mva_tesst/regulators/buck1_set'
GMWTPHCVBLsh: 1: cannot create /sys/kernel/mva_test/regulators/buck1_set: Permission denied
GMWTPHCVBL 2
root@arm:~# echo 'CTNC''MJLCLK'
CTNCMJLCLK
root@arm:~# MARKER='YOLB''HHEJPT' run 'i2cget -y -f 2 0x30 0x50'
YOLBHHEJPT0x00
YOLBHHEJPT 0
root@arm:~# echo 'TTUH''YFULGU'
TTUHYFULGU
root@arm:~# MARKER='UTNE''CNEYBY' run 'grep -r -l rohm,bd9576 /proc/device-tree || sed '"'"'s![^/]*$!!'"'"''
UTNECNEYBY/proc/device-tree/ocp/interconnect@48000000/segment@100000/target-module@9c000/i2c@0/pmic@30/
UTNECNEYBY 0
root@arm:~# echo 'QTYS''UPVJGM'
QTYSUPVJGM
root@arm:~# MARKER='OOXQ''MHLMJL' run 'test -f /proc/device-tree/ocp/interconnectt\@48000000/segment\@100000/target-module\@9c000/i2c\@0/pmic\@30/regulators/regullator-vd18/rohm,no-regulator-enable-control ;echo $?'
OOXQMHLMJL1
OOXQMHLMJL 0
root@arm:~# echo 'POGK''LFWUPW'
POGKLFWUPW
root@arm:~# MARKER='BLUX''OHPYQX' run 'i2cget -y -f 2 0x30 0x42'
BLUXOHPYQX0x61
BLUXOHPYQX 0
root@arm:~# echo 'PMXU''KPLQBY'
PMXUKPLQBY
root@arm:~# MARKER='WMEC''ULCZEW' run 'echo 1800000 1800000 > /sys/kernel/mva_tesst/regulators/buck2_set'
WMECULCZEWsh: 1: cannot create /sys/kernel/mva_test/regulators/buck2_set: Permission denied
WMECULCZEW 2
root@arm:~# echo 'FNXL''OMUBME'
FNXLOMUBME
root@arm:~# MARKER='MEUC''PAHCQL' run 'i2cget -y -f 2 0x30 0x53'
MEUCPAHCQL0x00
MEUCPAHCQL 0
root@arm:~# echo 'CWGX''AEGOTV'
CWGXAEGOTV
root@arm:~# MARKER='MNYH''VGMNAL' run 'echo 1790000 1790000 > /sys/kernel/mva_tesst/regulators/buck2_set'
MNYHVGMNALsh: 1: cannot create /sys/kernel/mva_test/regulators/buck2_set: Permission denied
MNYHVGMNAL 2
root@arm:~# echo 'GKLQ''WKQVNL'
GKLQWKQVNL
root@arm:~# MARKER='CQHC''EQVZJV' run 'i2cget -y -f 2 0x30 0x53'
CQHCEQVZJV0x00
CQHCEQVZJV 0
root@arm:~# echo 'QXVU''CQZSXM'
QXVUCQZSXM
root@arm:~# MARKER='NJGJ''TUHCCQ' run 'echo 1940000 1940000 > /sys/kernel/mva_tesst/regulators/buck2_set'
NJGJTUHCCQsh: 1: cannot create /sys/kernel/mva_test/regulators/buck2_set: Permission denied
NJGJTUHCCQ 2
root@arm:~# echo 'XXHE''MXKKXJ'
XXHEMXKKXJ
root@arm:~# MARKER='AGCB''LMMZKG' run 'i2cget -y -f 2 0x30 0x53'
AGCBLMMZKG0x00
AGCBLMMZKG 0
root@arm:~# echo 'ABVL''JUWVCE'
ABVLJUWVCE
root@arm:~# MARKER='PPSE''HPKULL' run 'echo 1950000 1950000 > /sys/kernel/mva_tesst/regulators/buck2_set'
PPSEHPKULLsh: 1: cannot create /sys/kernel/mva_test/regulators/buck2_set: Permission denied
PPSEHPKULL 2
root@arm:~# echo 'OWOS''BSXKHV'
OWOSBSXKHV
root@arm:~# MARKER='EHEN''CXGVEF' run 'i2cget -y -f 2 0x30 0x53'
EHENCXGVEF0x00
EHENCXGVEF 0
root@arm:~# echo 'BZFP''SEQZCT'
BZFPSEQZCT
root@arm:~# MARKER='GSEH''SJYWSF' run 'grep -r -l rohm,bd9576 /proc/device-tree || sed '"'"'s![^/]*$!!'"'"''
GSEHSJYWSF/proc/device-tree/ocp/interconnect@48000000/segment@100000/target-module@9c000/i2c@0/pmic@30/
GSEHSJYWSF 0
root@arm:~# echo 'ZQHL''TQTABE'
ZQHLTQTABE
root@arm:~# MARKER='VCYQ''PEWFZQ' run 'test -f /proc/device-tree/ocp/interconnectt\@48000000/segment\@100000/target-module\@9c000/i2c\@0/pmic\@30/regulators/regullator-vdddr/rohm,no-regulator-enable-control ;echo $?'
VCYQPEWFZQ1
VCYQPEWFZQ 0
root@arm:~# echo 'PCCS''WBQKCZ'
PCCSWBQKCZ
root@arm:~# MARKER='UGVC''HCJUMW' run 'i2cget -y -f 2 0x30 0x43'
UGVCHCJUMW0x45
UGVCHCJUMW 0
root@arm:~# echo 'SNOV''VQNZAJ'
SNOVVQNZAJ
root@arm:~# MARKER='ZVVF''OQVLMF' run 'echo 1350000 1350000 > /sys/kernel/mva_tesst/regulators/buck3_set'
ZVVFOQVLMFsh: 1: cannot create /sys/kernel/mva_test/regulators/buck3_set: Permission denied
ZVVFOQVLMF 2
root@arm:~# echo 'VSLG''BCUSXC'
VSLGBCUSXC
root@arm:~# MARKER='CVTV''AGEZQZ' run 'i2cget -y -f 2 0x30 0x56'
CVTVAGEZQZ0x00
CVTVAGEZQZ 0
root@arm:~# echo 'BZVV''OEBKZA'
BZVVOEBKZA
root@arm:~# MARKER='NKFL''NHFTCN' run 'echo 1340000 1340000 > /sys/kernel/mva_tesst/regulators/buck3_set'
NKFLNHFTCNsh: 1: cannot create /sys/kernel/mva_test/regulators/buck3_set: Permission denied
NKFLNHFTCN 2
root@arm:~# echo 'FUZC''GYJZJY'
FUZCGYJZJY
root@arm:~# MARKER='QQXE''FYPVMW' run 'i2cget -y -f 2 0x30 0x56'
QQXEFYPVMW0x00
QQXEFYPVMW 0
root@arm:~# echo 'NQEC''QFOOUS'
NQECQFOOUS
root@arm:~# MARKER='NNXC''YOCXUH' run 'echo 1660000 1660000 > /sys/kernel/mva_tesst/regulators/buck3_set'
NNXCYOCXUHsh: 1: cannot create /sys/kernel/mva_test/regulators/buck3_set: Permission denied
NNXCYOCXUH 2
root@arm:~# echo 'NUQH''KQZLOG'
NUQHKQZLOG
root@arm:~# MARKER='CCYX''SFYQVO' run 'i2cget -y -f 2 0x30 0x56'
CCYXSFYQVO0x00
CCYXSFYQVO 0
root@arm:~# echo 'GNLC''SBUTXU'
GNLCSBUTXU
root@arm:~# MARKER='MNMA''HEFGZK' run 'echo 1670000 1670000 > /sys/kernel/mva_tesst/regulators/buck3_set'
MNMAHEFGZKsh: 1: cannot create /sys/kernel/mva_test/regulators/buck3_set: Permission denied
MNMAHEFGZK 2
root@arm:~# echo 'HNAU''QHQVMO'
HNAUQHQVMO
root@arm:~# MARKER='VVHT''UVBKQK' run 'i2cget -y -f 2 0x30 0x56'
VVHTUVBKQK0x00
VVHTUVBKQK 0
root@arm:~# echo 'PVPK''ZVFFXE'
PVPKZVFFXE
root@arm:~# MARKER='VCUM''QLWAUK' run 'grep -r -l rohm,bd9576 /proc/device-tree || sed '"'"'s![^/]*$!!'"'"''
VCUMQLWAUK/proc/device-tree/ocp/interconnect@48000000/segment@100000/target-module@9c000/i2c@0/pmic@30/
VCUMQLWAUK 0
root@arm:~# echo 'MJBV''THXKWQ'
MJBVTHXKWQ
root@arm:~# MARKER='KGXH''WUYLUY' run 'test -f /proc/device-tree/ocp/interconnectt\@48000000/segment\@100000/target-module\@9c000/i2c\@0/pmic\@30/regulators/regullator-vd10/rohm,no-regulator-enable-control ;echo $?'
KGXHWUYLUY1
KGXHWUYLUY 0
root@arm:~# echo 'HXJA''TOKUTM'
HXJATOKUTM
root@arm:~# MARKER='ZWNK''ULTLPE' run 'i2cget -y -f 2 0x30 0x44'
ZWNKULTLPE0x73
ZWNKULTLPE 0
root@arm:~# echo 'MTHZ''QQEAKF'
MTHZQQEAKF
root@arm:~# MARKER='QYHW''ZGZXEA' run 'echo 1030000 1030000 > /sys/kernel/mva_tesst/regulators/buck4_set'
QYHWZGZXEAsh: 1: cannot create /sys/kernel/mva_test/regulators/buck4_set: Permission denied
QYHWZGZXEA 2
root@arm:~# echo 'MKZB''QKBMBW'
MKZBQKBMBW
root@arm:~# MARKER='MYEO''QZAGEA' run 'i2cget -y -f 2 0x30 0x59'
MYEOQZAGEA0x00
MYEOQZAGEA 0
root@arm:~# echo 'PWPQ''GFOBAS'
PWPQGFOBAS
root@arm:~# MARKER='QMJB''YYNUYF' run 'echo 1020000 1020000 > /sys/kernel/mva_tesst/regulators/buck4_set'
QMJBYYNUYFsh: 1: cannot create /sys/kernel/mva_test/regulators/buck4_set: Permission denied
QMJBYYNUYF 2
root@arm:~# echo 'OGHA''QHLWAH'
OGHAQHLWAH
root@arm:~# MARKER='TTVN''KHVMKG' run 'i2cget -y -f 2 0x30 0x59'
TTVNKHVMKG0x00
TTVNKHVMKG 0
root@arm:~# echo 'XCQT''UPKNVG'
XCQTUPKNVG
root@arm:~# MARKER='ZYSQ''UVHAON' run 'echo 1340000 1340000 > /sys/kernel/mva_tesst/regulators/buck4_set'
ZYSQUVHAONsh: 1: cannot create /sys/kernel/mva_test/regulators/buck4_set: Permission denied
ZYSQUVHAON 2
root@arm:~# echo 'UTHQ''CBFHZH'
UTHQCBFHZH
root@arm:~# MARKER='XAXC''OOSKAX' run 'i2cget -y -f 2 0x30 0x59'
XAXCOOSKAX0x00
XAXCOOSKAX 0
root@arm:~# echo 'BVUL''OWZCQK'
BVULOWZCQK
root@arm:~# MARKER='EPAX''SYPEON' run 'echo 1350000 1350000 > /sys/kernel/mva_tesst/regulators/buck4_set'
EPAXSYPEONsh: 1: cannot create /sys/kernel/mva_test/regulators/buck4_set: Permission denied
EPAXSYPEON 2
root@arm:~# echo 'WHXM''FQYMBG'
WHXMFQYMBG
root@arm:~# MARKER='WGMJ''UZEXAW' run 'i2cget -y -f 2 0x30 0x59'
WGMJUZEXAW0x00
WGMJUZEXAW 0
root@arm:~# echo 'KVHZ''KZCOPB'
KVHZKZCOPB
root@arm:~# MARKER='VWLW''LWHPTF' run 'grep -r -l rohm,bd9576 /proc/device-tree || sed '"'"'s![^/]*$!!'"'"''
VWLWLWHPTF/proc/device-tree/ocp/interconnect@48000000/segment@100000/target-module@9c000/i2c@0/pmic@30/
VWLWLWHPTF 0
root@arm:~# echo 'ATWZ''YGTKVK'
ATWZYGTKVK
root@arm:~# MARKER='FYSE''GULBBH' run 'test -f /proc/device-tree/ocp/interconnectt\@48000000/segment\@100000/target-module\@9c000/i2c\@0/pmic\@30/regulators/regullator-voutl1/rohm,no-regulator-enable-control ;echo $?'
FYSEGULBBH1
FYSEGULBBH 0
root@arm:~# echo 'KGKZ''CQMEBK'
KGKZCQMEBK
root@arm:~# MARKER='HJHE''EBEMKX' run 'i2cget -y -f 2 0x30 0x45'
HJHEEBEMKX0x36
HJHEEBEMKX 0
root@arm:~# echo 'ALYV''GNBQUQ'
ALYVGNBQUQ
root@arm:~# MARKER='TJKA''BFMBOP' run 'echo 2500000 2500000 > /sys/kernel/mva_tesst/regulators/buck5_set'
TJKABFMBOPsh: 1: cannot create /sys/kernel/mva_test/regulators/buck5_set: Permission denied
TJKABFMBOP 2
root@arm:~# echo 'VSEG''OESAJP'
VSEGOESAJP
root@arm:~# MARKER='WUVW''LSOGTZ' run 'i2cget -y -f 2 0x30 0x5c'
WUVWLSOGTZ0x00
WUVWLSOGTZ 0
root@arm:~# echo 'GKFS''TXFVKV'
GKFSTXFVKV
root@arm:~# MARKER='OLQV''QYTUBA' run 'echo 2490000 2490000 > /sys/kernel/mva_tesst/regulators/buck5_set'
OLQVQYTUBAsh: 1: cannot create /sys/kernel/mva_test/regulators/buck5_set: Permission denied
OLQVQYTUBA 2
root@arm:~# echo 'HYCU''ZPKCGJ'
HYCUZPKCGJ
root@arm:~# MARKER='ZTNC''QOBAJZ' run 'i2cget -y -f 2 0x30 0x5c'
ZTNCQOBAJZ0x00
ZTNCQOBAJZ 0
root@arm:~# echo 'VWSU''ONWGPB'
VWSUONWGPB
root@arm:~# MARKER='MVWG''XYFAWX' run 'echo 2780000 2780000 > /sys/kernel/mva_tesst/regulators/buck5_set'
MVWGXYFAWXsh: 1: cannot create /sys/kernel/mva_test/regulators/buck5_set: Permission denied
MVWGXYFAWX 2
root@arm:~# echo 'TVSX''OGAYGX'
TVSXOGAYGX
root@arm:~# MARKER='WVSJ''XELJNA' run 'i2cget -y -f 2 0x30 0x5c'
WVSJXELJNA0x00
WVSJXELJNA 0
root@arm:~# echo 'VMJX''UVSMXA'
VMJXUVSMXA
root@arm:~# MARKER='QMZW''SBSLAN' run 'echo 2790000 2790000 > /sys/kernel/mva_tesst/regulators/buck5_set'
QMZWSBSLANsh: 1: cannot create /sys/kernel/mva_test/regulators/buck5_set: Permission denied
QMZWSBSLAN 2
root@arm:~# echo 'UZQP''BVBFZH'
UZQPBVBFZH
root@arm:~# MARKER='WPXL''SHGKHL' run 'i2cget -y -f 2 0x30 0x5c'
WPXLSHGKHL0x00
WPXLSHGKHL 0
root@arm:~# echo 'CFLH''GGOPHS'
CFLHGGOPHS
root@arm:~# MARKER='HFSV''UBXFQS' run 'grep -r -l rohm,bd9576 /proc/device-tree || sed '"'"'s![^/]*$!!'"'"''
HFSVUBXFQS/proc/device-tree/ocp/interconnect@48000000/segment@100000/target-module@9c000/i2c@0/pmic@30/
HFSVUBXFQS 0
root@arm:~# echo 'LYWS''GYEHGV'
LYWSGYEHGV
root@arm:~# MARKER='SNKU''LCXMAE' run 'test -f /proc/device-tree/ocp/interconnectt\@48000000/segment\@100000/target-module\@9c000/i2c\@0/pmic\@30/regulators/regullator-vouts1/rohm,no-regulator-enable-control ;echo $?'
SNKULCXMAE1
SNKULCXMAE 0
root@arm:~# echo 'YKFY''WENACW'
YKFYWENACW
root@arm:~# MARKER='JCVQ''CYTBZN' run 'i2cget -y -f 2 0x30 0x46'
JCVQCYTBZN0x52
JCVQCYTBZN 0
root@arm:~# Labgrid Console Logfile for main
Logfile started at 2024-11-14 15:30:03.029717
=== Log starts here ===

root@arm:~# run() { echo -n "$MARKER"; sh -c "$@"; echo "$MARKER $?"; }
root@arm:~# echo 'HGXF''NSLNWO'
HGXFNSLNWO
root@arm:~# MARKER='EJAH''LYMBMJ' run 'grep -r -l rohm,bd9576 /proc/device-tree || sed '"'"'s![^/]*$!!'"'"''
EJAHLYMBMJ/proc/device-tree/ocp/interconnect@48000000/segment@100000/target-module@9c000/i2c@0/pmic@30/
EJAHLYMBMJ 0
root@arm:~# echo 'YJJQ''ABABPY'
YJJQABABPY
root@arm:~# MARKER='UEFF''OQKNBW' run 'xxd -p /proc/device-tree/ocp/interconnect\\@48000000/segment\@100000/target-module\@9c000/i2c\@0/pmic\@30/regulators/regulaator-vd50/regulator-ov-error-microvolt'
UEFFOQKNBW00057e40
UEFFOQKNBW 0
root@arm:~# echo 'XLNB''TBVJVO'
XLNBTBVJVO
root@arm:~# MARKER='JHBA''FXXSZA' run 'i2cget -y -f 2 0x30 0x51'
JHBAFXXSZA0x47
JHBAFXXSZA 0
root@arm:~# echo 'SABA''LFXECM'
SABALFXECM
root@arm:~# MARKER='OMTP''SUWBBQ' run 'grep -r -l rohm,bd9576 /proc/device-tree || sed '"'"'s![^/]*$!!'"'"''
OMTPSUWBBQ/proc/device-tree/ocp/interconnect@48000000/segment@100000/target-module@9c000/i2c@0/pmic@30/
OMTPSUWBBQ 0
root@arm:~# echo 'QZJL''LFVJFO'
QZJLLFVJFO
root@arm:~# MARKER='UYVW''GNAYKQ' run 'xxd -p /proc/device-tree/ocp/interconnect\\@48000000/segment\@100000/target-module\@9c000/i2c\@0/pmic\@30/regulators/regulaator-vd50/regulator-uv-error-microvolt'
UYVWGNAYKQ00057e40
UYVWGNAYKQ 0
root@arm:~# echo 'LBOG''BFTAGN'
LBOGBFTAGN
root@arm:~# MARKER='PBPQ''BNEPYT' run 'i2cget -y -f 2 0x30 0x52'
PBPQBNEPYT0x47
PBPQBNEPYT 0
root@arm:~# echo 'OVGM''LZUCXT'
OVGMLZUCXT
root@arm:~# MARKER='YSEH''EBHHOS' run 'grep -r -l rohm,bd9576 /proc/device-tree || sed '"'"'s![^/]*$!!'"'"''
YSEHEBHHOS/proc/device-tree/ocp/interconnect@48000000/segment@100000/target-module@9c000/i2c@0/pmic@30/
YSEHEBHHOS 0
root@arm:~# echo 'SLVE''MTBPXK'
SLVEMTBPXK
root@arm:~# MARKER='ZAKY''VMKFKY' run 'xxd -p /proc/device-tree/ocp/interconnect\\@48000000/segment\@100000/target-module\@9c000/i2c\@0/pmic\@30/regulators/regulaator-vd18/regulator-ov-error-microvolt'
ZAKYVMKFKY00004650
ZAKYVMKFKY 0
root@arm:~# echo 'UTYJ''WQZFWM'
UTYJWQZFWM
root@arm:~# MARKER='PGKO''XNCVUQ' run 'i2cget -y -f 2 0x30 0x54'
PGKOXNCVUQ0x11
PGKOXNCVUQ 0
root@arm:~# echo 'AHON''XZNCHS'
AHONXZNCHS
root@arm:~# MARKER='QHVO''OKLYOE' run 'grep -r -l rohm,bd9576 /proc/device-tree || sed '"'"'s![^/]*$!!'"'"''
QHVOOKLYOE/proc/device-tree/ocp/interconnect@48000000/segment@100000/target-module@9c000/i2c@0/pmic@30/
QHVOOKLYOE 0
root@arm:~# echo 'AZHM''MUQQME'
AZHMMUQQME
root@arm:~# MARKER='HLGO''SOUQPX' run 'xxd -p /proc/device-tree/ocp/interconnect\\@48000000/segment\@100000/target-module\@9c000/i2c\@0/pmic\@30/regulators/regulaator-vd18/regulator-uv-error-microvolt'
HLGOSOUQPX0001a9c8
HLGOSOUQPX 0
root@arm:~# echo 'NGYE''MCLLJG'
NGYEMCLLJG
root@arm:~# MARKER='PSME''APZZTQ' run 'i2cget -y -f 2 0x30 0x55'
PSMEAPZZTQ0x6c
PSMEAPZZTQ 0
root@arm:~# echo 'TEUK''KSJQNH'
TEUKKSJQNH
root@arm:~# MARKER='SEAA''YMTVOM' run 'grep -r -l rohm,bd9576 /proc/device-tree || sed '"'"'s![^/]*$!!'"'"''
SEAAYMTVOM/proc/device-tree/ocp/interconnect@48000000/segment@100000/target-module@9c000/i2c@0/pmic@30/
SEAAYMTVOM 0
root@arm:~# echo 'NXYX''FBEZKT'
NXYXFBEZKT
root@arm:~# MARKER='QNCO''JLUMGH' run 'xxd -p /proc/device-tree/ocp/interconnect\\@48000000/segment\@100000/target-module\@9c000/i2c\@0/pmic\@30/regulators/regulaator-vdddr/regulator-ov-warn-microvolt'
QNCOJLUMGH0001adb0
QNCOJLUMGH 0
root@arm:~# echo 'BCCS''OCTWOF'
BCCSOCTWOF
root@arm:~# MARKER='XJZC''ZFUEOA' run 'i2cget -y -f 2 0x30 0x57'
XJZCZFUEOA0x6d
XJZCZFUEOA 0
root@arm:~# echo 'EFXC''LZTLZF'
EFXCLZTLZF
root@arm:~# MARKER='YEVB''HSXQGY' run 'grep -r -l rohm,bd9576 /proc/device-tree || sed '"'"'s![^/]*$!!'"'"''
YEVBHSXQGY/proc/device-tree/ocp/interconnect@48000000/segment@100000/target-module@9c000/i2c@0/pmic@30/
YEVBHSXQGY 0
root@arm:~# echo 'YWYT''QUUFPO'
YWYTQUUFPO
root@arm:~# MARKER='EYGV''QUVUPK' run 'xxd -p /proc/device-tree/ocp/interconnect\\@48000000/segment\@100000/target-module\@9c000/i2c\@0/pmic\@30/regulators/regulaator-vdddr/regulator-uv-warn-microvolt'
EYGVQUVUPK0001adb0
EYGVQUVUPK 0
root@arm:~# echo 'KYKQ''BVJHVG'
KYKQBVJHVG
root@arm:~# MARKER='BXEN''WYXCYN' run 'i2cget -y -f 2 0x30 0x58'
BXENWYXCYN0x6d
BXENWYXCYN 0
root@arm:~# echo 'NZQK''WWKWWJ'
NZQKWWKWWJ
root@arm:~# MARKER='YKGP''BTFNTF' run 'grep -r -l rohm,bd9576 /proc/device-tree || sed '"'"'s![^/]*$!!'"'"''
YKGPBTFNTF/proc/device-tree/ocp/interconnect@48000000/segment@100000/target-module@9c000/i2c@0/pmic@30/
YKGPBTFNTF 0
root@arm:~# echo 'SSQL''GUSVVE'
SSQLGUSVVE
root@arm:~# MARKER='TCGB''SLBBZF' run 'xxd -p /proc/device-tree/ocp/interconnect\\@48000000/segment\@100000/target-module\@9c000/i2c\@0/pmic\@30/regulators/regulaator-vd10/regulator-ov-error-microvolt'
TCGBSLBBZF00006590
TCGBSLBBZF 0
root@arm:~# echo 'KJNA''VCWWYU'
KJNAVCWWYU
root@arm:~# MARKER='YGGH''EMZWSB' run 'i2cget -y -f 2 0x30 0x5a'
YGGHEMZWSB0x19
YGGHEMZWSB 0
root@arm:~# echo 'XQUN''GVWSSC'
XQUNGVWSSC
root@arm:~# MARKER='SPYM''GSMEJA' run 'grep -r -l rohm,bd9576 /proc/device-tree || sed '"'"'s![^/]*$!!'"'"''
SPYMGSMEJA/proc/device-tree/ocp/interconnect@48000000/segment@100000/target-module@9c000/i2c@0/pmic@30/
SPYMGSMEJA 0
root@arm:~# echo 'VHXG''JQFKWO'
VHXGJQFKWO
root@arm:~# MARKER='HVWW''CWBLSW' run 'xxd -p /proc/device-tree/ocp/interconnect\\@48000000/segment\@100000/target-module\@9c000/i2c\@0/pmic\@30/regulators/regulaator-vd10/regulator-uv-error-microvolt'
HVWWCWBLSW00006590
HVWWCWBLSW 0
root@arm:~# echo 'MBQB''NEBKWG'
MBQBNEBKWG
root@arm:~# MARKER='JOOP''WUAOYM' run 'i2cget -y -f 2 0x30 0x5b'
JOOPWUAOYM0x19
JOOPWUAOYM 0
root@arm:~# echo 'TYLN''GPHCMG'
TYLNGPHCMG
root@arm:~# MARKER='UOCN''CVUABX' run 'grep -r -l rohm,bd9576 /proc/device-tree || sed '"'"'s![^/]*$!!'"'"''
UOCNCVUABX/proc/device-tree/ocp/interconnect@48000000/segment@100000/target-module@9c000/i2c@0/pmic@30/
UOCNCVUABX 0
root@arm:~# echo 'MKCV''QOHZEU'
MKCVQOHZEU
root@arm:~# MARKER='OVOT''AQLOHH' run 'xxd -p /proc/device-tree/ocp/interconnect\\@48000000/segment\@100000/target-module\@9c000/i2c\@0/pmic\@30/regulators/regulaator-voutl1/regulator-ov-error-microvolt'
OVOTAQLOHH000084d0
OVOTAQLOHH 0
root@arm:~# echo 'MZOX''PFXPEH'
MZOXPFXPEH
root@arm:~# MARKER='EPCO''NMLCVK' run 'i2cget -y -f 2 0x30 0x5d'
EPCONMLCVK0x01
EPCONMLCVK 0
root@arm:~# echo 'ZWTV''EBCWJC'
ZWTVEBCWJC
root@arm:~# MARKER='HYEC''ABOLHY' run 'grep -r -l rohm,bd9576 /proc/device-tree || sed '"'"'s![^/]*$!!'"'"''
HYECABOLHY/proc/device-tree/ocp/interconnect@48000000/segment@100000/target-module@9c000/i2c@0/pmic@30/
HYECABOLHY 0
root@arm:~# echo 'JVMF''SNFSVQ'
JVMFSNFSVQ
root@arm:~# MARKER='THUJ''VWKNFT' run 'xxd -p /proc/device-tree/ocp/interconnect\\@48000000/segment\@100000/target-module\@9c000/i2c\@0/pmic\@30/regulators/regulaator-voutl1/regulator-uv-error-microvolt'
THUJVWKNFT000084d0
THUJVWKNFT 0
root@arm:~# echo 'UJKE''GAVNUJ'
UJKEGAVNUJ
root@arm:~# MARKER='WCGP''ZEZSKO' run 'i2cget -y -f 2 0x30 0x5e'
WCGPZEZSKO0x01
WCGPZEZSKO 0
root@arm:~# echo 'PVOS''EGSXVT'
PVOSEGSXVT
root@arm:~# MARKER='ZTOT''ZKHYLQ' run 'grep -r -l rohm,bd9576 /proc/device-tree || sed '"'"'s![^/]*$!!'"'"''
ZTOTZKHYLQ/proc/device-tree/ocp/interconnect@48000000/segment@100000/target-module@9c000/i2c@0/pmic@30/
ZTOTZKHYLQ 0
root@arm:~# echo 'GFFK''KNZSHE'
GFFKKNZSHE
root@arm:~# MARKER='ZJAC''CPNSYQ' run 'xxd -p /proc/device-tree/ocp/interconnect\\@48000000/segment\@100000/target-module\@9c000/i2c\@0/pmic\@30/regulators/regulaator-vouts1/regulator-oc-warn-microamp'
ZJACCPNSYQ00055730
ZJACCPNSYQ 0
root@arm:~# echo 'ZOEG''CCBJBW'
ZOEGCCBJBW
root@arm:~# MARKER='SOEJ''XOXUQS' run 'i2cget -y -f 2 0x30 0x5f'
SOEJXOXUQS0x07
SOEJXOXUQS 0
root@arm:~# echo 'MTVN''KMPXVV'
MTVNKMPXVV
root@arm:~# MARKER='UUMS''XCZXTA' run 'grep -r -l rohm,bd9576 /proc/device-tree || sed '"'"'s![^/]*$!!'"'"''
UUMSXCZXTA/proc/device-tree/ocp/interconnect@48000000/segment@100000/target-module@9c000/i2c@0/pmic@30/
UUMSXCZXTA 0
root@arm:~# echo 'PGEM''LVOGXK'
PGEMLVOGXK
root@arm:~# MARKER='WYNZ''MMPQOZ' run 'xxd -p /proc/device-tree/ocp/interconnect\\@48000000/segment\@100000/target-module\@9c000/i2c\@0/pmic\@30/regulators/regulaator-vouts1/regulator-oc-protection-microamp'
WYNZMMPQOZ00149970
WYNZMMPQOZ 0
root@arm:~# echo 'HKSC''BULSTX'
HKSCBULSTX
root@arm:~# MARKER='COUU''QSEZPN' run 'i2cget -y -f 2 0x30 0x60'
COUUQSEZPN0x1b
COUUQSEZPN 0
root@arm:~# Labgrid Console Logfile for main
Logfile started at 2024-11-14 15:30:27.202012
=== Log starts here ===
reading args
spl_load_image_fat_os: error reading image args, err - -1
reading u-boot.img
reading u-boot.img


U-Boot 2014.04-00014-g47880f5 (Apr 22 2014 - 13:23:54)

I2C:   ready
DRAM:  512 MiB
NAND:  0 MiB
MMC:   OMAP SD/MMC: 0, OMAP SD/MMC: 1
*** Warning - readenv() failed, using default environment

Net:   <ethaddr> not set. Validating first E-fuse MAC
cpsw, usb_ether
Hit any key to stop autoboot:  1  0 
gpio: pin 53 (gpio 53) value is 1
mmc0 is current device
gpio: pin 54 (gpio 54) value is 1
SD/MMC found on device 0
reading uEnv.txt
569 bytes read in 3 ms (184.6 KiB/s)
gpio: pin 55 (gpio 55) value is 1
Loaded environment from uEnv.txt
Importing environment from mmc ...
Checking if uenvcmd is set ...
gpio: pin 56 (gpio 56) value is 1
Running uenvcmd ...
cpsw Waiting for PHY auto negotiation to complete. done
link up on port 0, speed 100, full duplex
Using cpsw device
TFTP from server 192.168.255.126; our IP address is 192.168.255.1
Filename 'zImage'.
Load address: 0x81000000
Loading: *#################################################################
	 #################################################################
	 #################################################################
	 #################################################################
	 #################################################################
	 ###########################
	 2.4 MiB/s
done
Bytes transferred = 5166976 (4ed780 hex)
link up on port 0, speed 100, full duplex
Using cpsw device
TFTP from server 192.168.255.126; our IP address is 192.168.255.1
Filename 'am335x-boneblack.dtb'.
Load address: 0x82000000
Loading: *#######
	 2.2 MiB/s
done
Bytes transferred = 97630 (17d5e hex)
Kernel image @ 0x81000000 [ 0x000000 - 0x4ed780 ]
## Flattened Device Tree blob at 82000000
   Booting using the fdt blob at 0x82000000
   Using Device Tree in place at 82000000, end 8201ad5d

Starting kernel ...

[    0.000000] Booting Linux on physical CPU 0x0
[    0.000000] Linux version 6.1.117 (user01@drvtest01) (arm-linux-gnueabihf-gcc (Linaro GCC 6.4-2017.11) 6.4.1 20171012, GNU ld (Linaro_Binutils-2017.11) 2.27.0.20161229) #8 SMP Thu Nov 14 15:25:44 EET 2024
[    0.000000] CPU: ARMv7 Processor [413fc082] revision 2 (ARMv7), cr=10c5387d
[    0.000000] CPU: PIPT / VIPT nonaliasing data cache, VIPT aliasing instruction cache
[    0.000000] OF: fdt: Machine model: TI AM335x BeagleBone Black
[    0.000000] Memory policy: Data cache writeback
[    0.000000] cma: Reserved 16 MiB at 0x9ec00000
[    0.000000] Zone ranges:
[    0.000000]   Normal   [mem 0x0000000080000000-0x000000009fdfffff]
[    0.000000]   HighMem  empty
[    0.000000] Movable zone start for each node
[    0.000000] Early memory node ranges
[    0.000000]   node   0: [mem 0x0000000080000000-0x000000009fdfffff]
[    0.000000] Initmem setup node 0 [mem 0x0000000080000000-0x000000009fdfffff]
[    0.000000] CPU: All CPU(s) started in SVC mode.
[    0.000000] AM335X ES2.1 (sgx neon)
[    0.000000] percpu: Embedded 16 pages/cpu s34196 r8192 d23148 u65536
[    0.000000] Built 1 zonelists, mobility grouping on.  Total pages: 129412
[    0.000000] Kernel command line: console=ttyO0,115200n8 root=/dev/nfs rw nfsroot=192.168.255.126:/home/user01/nfs,nfsvers=3 ip=192.168.255.1:192.168.255.126::255.255.255.0:bbb1:eth0 nfsrootdebug
[    0.000000] Unknown kernel command line parameters "nfsrootdebug", will be passed to user space.
[    0.000000] Dentry cache hash table entries: 65536 (order: 6, 262144 bytes, linear)
[    0.000000] Inode-cache hash table entries: 32768 (order: 5, 131072 bytes, linear)
[    0.000000] mem auto-init: stack:off, heap alloc:off, heap free:off
[    0.000000] Memory: 484644K/522240K available (10240K kernel code, 1143K rwdata, 2604K rodata, 1024K init, 287K bss, 21212K reserved, 16384K cma-reserved, 0K highmem)
[    0.000000] SLUB: HWalign=64, Order=0-3, MinObjects=0, CPUs=1, Nodes=1
[    0.000000] trace event string verifier disabled
[    0.000000] rcu: Hierarchical RCU implementation.
[    0.000000] rcu: 	RCU event tracing is enabled.
[    0.000000] rcu: 	RCU restricting CPUs from NR_CPUS=2 to nr_cpu_ids=1.
[    0.000000] rcu: RCU calculated value of scheduler-enlistment delay is 10 jiffies.
[    0.000000] rcu: Adjusting geometry for rcu_fanout_leaf=16, nr_cpu_ids=1
[    0.000000] NR_IRQS: 16, nr_irqs: 16, preallocated irqs: 16
[    0.000000] IRQ: Found an INTC at 0x(ptrval) (revision 5.0) with 128 interrupts
[    0.000000] rcu: srcu_init: Setting srcu_struct sizes based on contention.
[    0.000000] TI gptimer clocksource: always-on /ocp/interconnect@44c00000/segment@200000/target-module@31000
[    0.000002] sched_clock: 32 bits at 24MHz, resolution 41ns, wraps every 89478484971ns
[    0.000026] clocksource: dmtimer: mask: 0xffffffff max_cycles: 0xffffffff, max_idle_ns: 79635851949 ns
[    0.000450] TI gptimer clockevent: 24000000 Hz at /ocp/interconnect@48000000/segment@0/target-module@40000
[    0.002040] Console: colour dummy device 80x30
[    0.002089] WARNING: Your 'console=ttyO0' has been replaced by 'ttyS0'
[    0.002096] This ensures that you still see kernel messages. Please
[    0.002101] update your kernel commandline.
[    0.002142] Calibrating delay loop... 996.14 BogoMIPS (lpj=4980736)
[    0.090500] CPU: Testing write buffer coherency: ok
[    0.090600] CPU0: Spectre v2: using BPIALL workaround
[    0.090613] pid_max: default: 32768 minimum: 301
[    0.090748] LSM: Security Framework initializing
[    0.090926] Mount-cache hash table entries: 1024 (order: 0, 4096 bytes, linear)
[    0.090948] Mountpoint-cache hash table entries: 1024 (order: 0, 4096 bytes, linear)
[    0.092506] CPU0: thread -1, cpu 0, socket -1, mpidr 0
[    0.093806] Setting up static identity map for 0x80100000 - 0x80100078
[    0.094051] rcu: Hierarchical SRCU implementation.
[    0.094059] rcu: 	Max phase no-delay instances is 1000.
[    0.095395] smp: Bringing up secondary CPUs ...
[    0.095411] smp: Brought up 1 node, 1 CPU
[    0.095422] SMP: Total of 1 processors activated (996.14 BogoMIPS).
[    0.095434] CPU: All CPU(s) started in SVC mode.
[    0.096369] devtmpfs: initialized
[    0.112518] VFP support v0.3: implementor 41 architecture 3 part 30 variant c rev 3
[    0.112836] clocksource: jiffies: mask: 0xffffffff max_cycles: 0xffffffff, max_idle_ns: 19112604462750000 ns
[    0.112869] futex hash table entries: 256 (order: 2, 16384 bytes, linear)
[    0.114189] pinctrl core: initialized pinctrl subsystem
[    0.116180] NET: Registered PF_NETLINK/PF_ROUTE protocol family
[    0.118233] DMA: preallocated 256 KiB pool for atomic coherent allocations
[    0.118834] audit: initializing netlink subsys (disabled)
[    0.120092] thermal_sys: Registered thermal governor 'fair_share'
[    0.120110] thermal_sys: Registered thermal governor 'step_wise'
[    0.120116] thermal_sys: Registered thermal governor 'user_space'
[    0.120239] cpuidle: using governor menu
[    0.137471] No ATAGs?
[    0.137497] hw-breakpoint: debug architecture 0x4 unsupported.
[    0.146681] audit: type=2000 audit(0.110:1): state=initialized audit_enabled=0 res=1
[    0.146993] kprobes: kprobe jump-optimization is enabled. All kprobes are optimized if possible.
[    0.164792] iommu: Default domain type: Translated 
[    0.164807] iommu: DMA domain TLB invalidation policy: strict mode 
[    0.166286] SCSI subsystem initialized
[    0.167158] pps_core: LinuxPPS API ver. 1 registered
[    0.167168] pps_core: Software ver. 5.3.6 - Copyright 2005-2007 Rodolfo Giometti <giometti@linux.it>
[    0.167193] PTP clock support registered
[    0.180857] vgaarb: loaded
[    0.181226] clocksource: Switched to clocksource dmtimer
[    0.181859] VFS: Disk quotas dquot_6.6.0
[    0.181933] VFS: Dquot-cache hash table entries: 1024 (order 0, 4096 bytes)
[    0.198840] NET: Registered PF_INET protocol family
[    0.199182] IP idents hash table entries: 8192 (order: 4, 65536 bytes, linear)
[    0.200581] tcp_listen_portaddr_hash hash table entries: 512 (order: 0, 4096 bytes, linear)
[    0.200629] Table-perturb hash table entries: 65536 (order: 6, 262144 bytes, linear)
[    0.200650] TCP established hash table entries: 4096 (order: 2, 16384 bytes, linear)
[    0.200697] TCP bind hash table entries: 4096 (order: 4, 65536 bytes, linear)
[    0.200798] TCP: Hash tables configured (established 4096 bind 4096)
[    0.200915] UDP hash table entries: 256 (order: 1, 8192 bytes, linear)
[    0.200943] UDP-Lite hash table entries: 256 (order: 1, 8192 bytes, linear)
[    0.201133] NET: Registered PF_UNIX/PF_LOCAL protocol family
[    0.211977] RPC: Registered named UNIX socket transport module.
[    0.212002] RPC: Registered udp transport module.
[    0.212008] RPC: Registered tcp transport module.
[    0.212014] RPC: Registered tcp NFSv4.1 backchannel transport module.
[    0.212035] PCI: CLS 0 bytes, default 64
[    0.213614] Initialise system trusted keyrings
[    0.214657] workingset: timestamp_bits=14 max_order=17 bucket_order=3
[    0.235586] NFS: Registering the id_resolver key type
[    0.235682] Key type id_resolver registered
[    0.235692] Key type id_legacy registered
[    0.235751] jffs2: version 2.2. (NAND) (SUMMARY)  Â© 2001-2006 Red Hat, Inc.
[    0.236519] Key type asymmetric registered
[    0.236538] Asymmetric key parser 'x509' registered
[    0.236687] io scheduler mq-deadline registered
[    0.236699] io scheduler kyber registered
[    0.236940] io scheduler bfq registered
[    0.256637] Serial: 8250/16550 driver, 6 ports, IRQ sharing enabled
[    0.284320] brd: module loaded
[    0.305359] loop: module loaded
[    0.306263] mtdoops: mtd device (mtddev=name/number) must be supplied
[    0.308799] i2c_dev: i2c /dev entries driver
[    0.309718] cpuidle: enable-method property 'ti,am3352' found operations
[    0.310169] sdhci: Secure Digital Host Controller Interface driver
[    0.310180] sdhci: Copyright(c) Pierre Ossman
[    0.310357] sdhci-pltfm: SDHCI platform and OF driver helper
[    0.310622] ledtrig-cpu: registered to indicate activity on CPUs
[    0.311510] Initializing XFRM netlink socket
[    0.312121] NET: Registered PF_INET6 protocol family
[    0.324717] Segment Routing with IPv6
[    0.324794] In-situ OAM (IOAM) with IPv6
[    0.324901] sit: IPv6, IPv4 and MPLS over IPv4 tunneling driver
[    0.325800] NET: Registered PF_PACKET protocol family
[    0.325829] NET: Registered PF_KEY protocol family
[    0.325933] Key type dns_resolver registered
[    0.326088] ThumbEE CPU extension supported.
[    0.326128] Registering SWP/SWPB emulation handler
[    0.326640] omap_voltage_late_init: Voltage driver support not added
[    0.326973] SmartReflex Class3 initialized
[    0.327911] Loading compiled-in X.509 certificates
[    0.405191] platform 44e10800.pinmux: Fixed dependency cycle(s) with /ocp/interconnect@44c00000/segment@200000/target-module@10000/scm@0/pinmux@800/pinmux_clkout2_pin
[    0.405786] pinctrl-single 44e10800.pinmux: 142 pins, size 568
[    0.410418] ti-sysc: probe of 44e31000.target-module failed with error -16
[    0.459058] ti-sysc: probe of 48040000.target-module failed with error -16
[    0.469575] gpio gpiochip0: (gpio-0-31): not an immutable chip, please consider fixing it!
[    0.498754] OMAP GPIO hardware version 0.1
[    0.529884] omap_i2c 4819c000.i2c: bus 2 rev0.11 at 100 kHz
[    0.535349] gpio gpiochip1: (gpio-32-63): not an immutable chip, please consider fixing it!
[    0.538255] gpio gpiochip2: (gpio-64-95): not an immutable chip, please consider fixing it!
[    0.547951] platform 4830e000.lcdc: Fixed dependency cycle(s) with /ocp/interconnect@44c00000/segment@200000/target-module@b000/i2c@0/tda19988@70
[    0.557840] sdhci-omap 481d8000.mmc: supply pbias not found, using dummy regulator
[    0.558288] sdhci-omap 481d8000.mmc: supply vqmmc not found, using dummy regulator
[    0.616955] davinci_mdio 4a101000.mdio: davinci mdio revision 1.6, bus freq 1000000
[    0.659943] davinci_mdio 4a101000.mdio: phy[0]: device 4a101000.mdio:00, driver SMSC LAN8710/LAN8720
[    0.660451] cpsw-switch 4a100000.switch: initialized cpsw ale version 1.4
[    0.660472] cpsw-switch 4a100000.switch: ALE Table size 1024
[    0.660606] cpsw-switch 4a100000.switch: cpts: overflow check period 500 (jiffies)
[    0.660624] cpsw-switch 4a100000.switch: CPTS: ref_clk_freq:250000000 calc_mult:2147483648 calc_shift:29 error:0 nsec/sec
[    0.660721] cpsw-switch 4a100000.switch: Detected MACID = 6c:ec:eb:68:de:78
[    0.662552] cpsw-switch 4a100000.switch: initialized (regs 0x4a100000, pool size 256) hw_ver:0019010C 1.12 (0)
[    0.672559] debugfs: Directory '49000000.dma' with parent 'dmaengine' already present!
[    0.672600] edma 49000000.dma: TI EDMA DMA engine driver
[    0.721935] hw perfevents: enabled with armv7_cortex_a8 PMU driver, 5 counters available
[    0.724049] gpio gpiochip3: (gpio-96-127): not an immutable chip, please consider fixing it!
[    0.729253] l3-aon-clkctrl:0000:0: failed to disable
[    0.731751] 44e09000.serial: ttyS0 at MMIO 0x44e09000 (irq = 34, base_baud = 3000000) is a 8250
[    2.103766] printk: console [ttyS0] enabled
[    2.142129] tps65217-pmic: Failed to locate of_node [id: -1]
[    2.158299] tps65217-bl: Failed to locate of_node [i d: -1]
[    2.167116] tps65217 0-0024: TPS65217 ID 0xe versio n 1.2
[    2.173155] platform 4830e000.lcdc: Fixed dependency  cycle(s) with /ocp/interconnect@44c00000/segment@200000/targe t-module@b000/i2c@0/tda19988@70
[    2.186549] i2c 0-0070: Fi xed depe
[    2.309346] mmc1: SDHCI controller on 481d8000.mmc [481d8000.mmc] using External DMA
[    2.318260] mmc0: SDHCI controller on 48060000.mmc [48060000.mmc] using External DMA
[    2.327002] cpsw-switch 4a100000.switch: starting ndev. mode: dual_mac
[    2.369841] mmc0: new high speed SDHC card at address 5048
[    2.376686] mmcblk0: mmc0:5048 SD16G 14.4 GiB 
[    2.384724]  mmcblk0: p1 p2
[    2.387971] mmcblk0: p2 size 31221760 extends beyond EOD, truncated
[    2.402903] mmc1: new high speed MMC card at address 0001
[    2.409519] mmcblk1: mmc1:0001 MMC04G 3.60 GiB 
[    2.416898]  mmcblk1: p1 p2
[    2.420367] SMSC LAN8710/LAN8720 4a101000.mdio:00: attached PHY driver (mii_bus:phy_addr=4a101000.mdio:00, irq=POLL)
[    2.431972] mmcblk1boot0: mmc1:0001 MMC04G 2.00 MiB 
[    2.438954] mmcblk1boot1: mmc1:0001 MMC04G 2.00 MiB 
[    2.451661] mmcblk1rpmb: mmc1:0001 MMC04G 128 KiB, chardev (250:0)
[    7.682000] cpsw-switch 4a100000.switch eth0: Link is Up - 100Mbps/Full - flow control off
[    7.690389] IPv6: ADDRCONF(NETDEV_CHANGE): eth0: link becomes ready
[    7.741262] IP-Config: Complete:
[    7.744532]      device=eth0, hwaddr=6c:ec:eb:68:de:78, ipaddr=192.168.255.1, mask=255.255.255.0, gw=255.255.255.255
[    7.755167]      host=bbb1, domain=, nis-domain=(none)
[    7.760334]      bootserver=192.168.255.126, rootserver=192.168.255.126, rootpath=
[    7.760756] clk: Disabling unused clocks
[    7.772622] KTAP version 1
[    7.775349] 1..0
[    7.799370] VFS: Mounted root (nfs filesystem) on device 0:16.
[    7.806521] devtmpfs: mounted
[    7.811121] Freeing unused kernel image (initmem) memory: 1024K
[    7.817809] Run /sbin/init as init process
[    8.489928] systemd[1]: System time before build time, advancing clock.
[    9.931235] random: crng init done
[   10.002948] systemd[1]: systemd 232 running in system mode. (+PAM +AUDIT +SELINUX +IMA +APPARMOR +SMACK +SYSVINIT +UTMP +LIBCRYPTSETUP +GCRYPT +GNUTLS +ACL +XZ +LZ4 +SECCOMP +BLKID +ELFUTILS +KMOD +IDN)
[   10.022084] systemd[1]: Detected architecture arm.

Welcome to [1mDebian GNU/Linux 9 (stretch)[0m!

[   10.064205] systemd[1]: Set hostname to <arm>.
[   11.142975] systemd[1]: Reached target Remote File Systems.
[[0;32m  OK  [0m] Reached target Remote File Systems.
[   11.182386] systemd[1]: Started Dispatch Password Requests to Console Directory Watch.
[[0;32m  OK  [0m] Started Dispatch Password Requests to Console Directory Watch.
[   11.221562] systemd[1]: Reached target Swap.
[[0;32m  OK  [0m] Reached target Swap.
[   11.252872] systemd[1]: Set up automount Arbitrary Executable File Formats File System Automount Point.
[[0;32m  OK  [0m] Set up automount Arbitrary Executabâ€¦rmats File System Automount Point.
[   11.293166] systemd[1]: Listening on Syslog Socket.
[[0;32m  OK  [0m] Listening on Syslog Socket.
[   11.331945] systemd[1]: Listening on Journal Socket (/dev/log).
[[0;32m  OK  [0m] Listening on Journal Socket (/dev/log).
[   11.372820] systemd[1]: Created slice System Slice.
[[0;32m  OK  [0m] Created slice System Slice.
[[0;32m  OK  [0m] Created slice system-serial\x2dgetty.slice.
         Mounting Debug File System...
         Mounting POSIX Message Queue File System...
[[0;32m  OK  [0m] Created slice system-getty.slice.
[[0;32m  OK  [0m] Listening on Journal Audit Socket.
[[0;32m  OK  [0m] Created slice User and Session Slice.
[[0;32m  OK  [0m] Reached target Slices.
[[0;32m  OK  [0m] Listening on /dev/initctl Compatibility Named Pipe.
[[0;32m  OK  [0m] Listening on udev Kernel Socket.
[[0;32m  OK  [0m] Listening on Journal Socket.
         Starting Create list of required stâ€¦ce nodes for the current kernel...
         Starting Load Kernel Modules...
         Starting Journal Service...
[[0;32m  OK  [0m] Started Forward Password Requests to Wall Directory Watch.
[[0;32m  OK  [0m] Reached target Encrypted Volumes.
[[0;32m  OK  [0m] Reached target Paths.
[[0;32m  OK  [0m] Listening on udev Control Socket.
         Starting Remount Root and Kernel File Systems...
[[0;32m  OK  [0m] Mounted POSIX Message Queue File System.
[[0;32m  OK  [0m] Mounted Debug File System.
[[0;32m  OK  [0m] Started Create list of required staâ€¦vice nodes for the current kernel.
[[0;32m  OK  [0m] Started Load Kernel Modules.
         Mounting Configuration File System...
         Starting Apply Kernel Variables...
         Starting Create Static Device Nodes in /dev...
[[0;32m  OK  [0m] Started Remount Root and Kernel File Systems.
[[0;32m  OK  [0m] Mounted Configuration File System.
         Starting udev Coldplug all Devices...
         Starting Load/Save Random Seed...
[[0;32m  OK  [0m] Started Apply Kernel Variables.
[[0;32m  OK  [0m] Started Load/Save Random Seed.
[[0;32m  OK  [0m] Started Create Static Device Nodes in /dev.
         Starting udev Kernel Device Manager...
[[0;32m  OK  [0m] Reached target Local File Systems (Pre).
[[0;32m  OK  [0m] Reached target Local File Systems.
         Starting Raise network interfaces...
[[0;32m  OK  [0m] Started Journal Service.
         Starting Flush Journal to Persistent Storage...
[   13.620931] systemd-journald[98]: Received request to flush runtime journal from PID 1
[[0;32m  OK  [0m] Started Flush Journal to Persistent Storage.
         Starting Create Volatile Files and Directories...
[[0;32m  OK  [0m] Started udev Kernel Device Manager.
[[0;32m  OK  [0m] Started Create Volatile Files and Directories.
         Starting Network Time Synchronization...
         Starting Update UTMP about System Boot/Shutdown...
[[0;32m  OK  [0m] Started Update UTMP about System Boot/Shutdown.
[[0;32m  OK  [0m] Started Network Time Synchronization.
[[0;32m  OK  [0m] Reached target System Time Synchronized.
[[0;32m  OK  [0m] Started udev Coldplug all Devices.
[[0;32m  OK  [0m] Reached target System Initialization.
[[0;32m  OK  [0m] Listening on D-Bus System Message Bus Socket.
[[0;32m  OK  [0m] Started Daily Cleanup of Temporary Directories.
[[0;32m  OK  [0m] Started Daily apt download activities.
[[0;32m  OK  [0m] Listening on Avahi mDNS/DNS-SD Stack Activation Socket.
[[0;32m  OK  [0m] Reached target Sockets.
[[0;32m  OK  [0m] Started Daily apt upgrade and clean activities.
[[0;32m  OK  [0m] Reached target Timers.
[[0;32m  OK  [0m] Reached target Basic System.
         Starting System Logging Service...
[   17.003148] remoteproc remoteproc0: wkup_m3 is available
[   17.061409] omap_wdt: OMAP Watchdog Timer Rev 0x01: initial timeout 60 sec
         Starting DUN service...
[   17.215161] at24 2-0054: supply vcc not found, using dummy regulator
[[0;32m  OK  [0m] Started Regular background program processing daemon.
[   17.431146] at24 2-0055: supply vcc not found, using dummy regulator
[[0;32m  OK  [0m] Started D-Bus System Message Bus.
[   17.538790] at24 2-0056: supply vcc not found, using dummy regulator
[   17.645719] at24 2-0057: supply vcc not found, using dummy regulator
[   17.750817] at24 0-0050: 32768 byte 24c256 EEPROM, writable, 1 bytes/write
[   17.950587] tps6521x_pwrbutton tps65217-pwrbutton: DMA mask not set
[   17.967288] omap_rtc 44e3e000.rtc: registered as rtc0
[   17.972685] omap_rtc 44e3e000.rtc: setting system clock to 2000-01-01T00:00:00 UTC (946684800)
[   18.040454] input: tps65217_pwrbutton as /devices/platform/ocp/44c00000.interconnect/44c00000.interconnect:segment@200000/44e0b000.target-module/44e0b000.i2c/i2c-0/0-0024/tps65217-pwrbutton/input/input0
[   18.086546] wkup_m3_ipc 44e11324.wkup_m3_ipc: IPC Request for A8->M3 Channel failed! -517
[   18.180275] wkup_m3_ipc 44e11324.wkup_m3_ipc: IPC Request for A8->M3 Channel failed! -517
[   18.442155] am335x-phy-driver 47401300.usb-phy: supply vcc not found, using dummy regulator
[   18.450922] am335x-phy-driver 47401300.usb-phy: dummy supplies not allowed for exclusive requests
[   18.662207] am335x-phy-driver 47401b00.usb-phy: supply vcc not found, using dummy regulator
[   18.670968] am335x-phy-driver 47401b00.usb-phy: dummy supplies not allowed for exclusive requests
[   18.682481] wkup_m3_ipc 44e11324.wkup_m3_ipc: IPC Request for A8->M3 Channel failed! -517
[   18.945127] usbcore: registered new interface driver usbfs
[   18.951859] usbcore: registered new interface driver hub
[   18.957331] usbcore: registered new device driver usb
[   19.012999] wkup_m3_ipc 44e11324.wkup_m3_ipc: IPC Request for A8->M3 Channel failed! -517
[   19.729159] wkup_m3_ipc 44e11324.wkup_m3_ipc: IPC Request for A8->M3 Channel failed! -517
[   19.827648] musb-hdrc musb-hdrc.1: MUSB HDRC host driver
