Labgrid Console Logfile for main
Logfile started at 2025-09-11 21:24:16.811568
=== Log starts here ===
reading args
spl_load_image_fat_os: error reading image args, err - -1
reading u-boot.img
reading u-boot.img


U-Boot 2014.04-00014-g47880f5 (Apr 22 2014 - 13:23:54)

I2C:   ready
DRAM:  512 MiB
NAND:  0 MiB
MMC:   OMAP SD/MMC: 0, OMAP SD/MMC: 1
*** Warning - readenv() failed, using default environment

Net:   <ethaddr> not set. Validating first E-fuse MAC
cpsw, usb_ether
Hit any key to stop autoboot:  1  0 
gpio: pin 53 (gpio 53) value is 1
mmc0 is current device
gpio: pin 54 (gpio 54) value is 1
SD/MMC found on device 0
reading uEnv.txt
569 bytes read in 3 ms (184.6 KiB/s)
gpio: pin 55 (gpio 55) value is 1
Loaded environment from uEnv.txt
Importing environment from mmc ...
Checking if uenvcmd is set ...
gpio: pin 56 (gpio 56) value is 1
Running uenvcmd ...
cpsw Waiting for PHY auto negotiation to complete. done
link up on port 0, speed 100, full duplex
Using cpsw device
TFTP from server 192.168.255.126; our IP address is 192.168.255.1
Filename 'zImage'.
Load address: 0x81000000
Loading: *T #################################################################
	 #################################################################
	 #################################################################
	 #################################################################
	 #################################################################
	 ##########################################################
	 760.7 KiB/s
done
Bytes transferred = 5619448 (55bef8 hex)
link up on port 0, speed 100, full duplex
Using cpsw device
TFTP from server 192.168.255.126; our IP address is 192.168.255.1
Filename 'am335x-boneblack.dtb'.
Load address: 0x82000000
Loading: *#######
	 2.1 MiB/s
done
Bytes transferred = 98244 (17fc4 hex)
Kernel image @ 0x81000000 [ 0x000000 - 0x55bef8 ]
## Flattened Device Tree blob at 82000000
   Booting using the fdt blob at 0x82000000
   Using Device Tree in place at 82000000, end 8201afc3

Starting kernel ...

[    0.000000] Booting Linux on physical CPU 0x0
[    0.000000] Linux version 6.16.7-90811-ge4c42304a8cd (user01@drvtest01) (arm-none-eabi-gcc (Arm GNU Toolchain 14.2.Rel1 (Build arm-14.52)) 14.2.1 20241119, GNU ld (Arm GNU Toolchain 14.2.Rel1 (Build arm-14.52)) 2.43.1.20241119) #1 SMP Thu Sep 11 21:22:31 EEST 2025
[    0.000000] CPU: ARMv7 Processor [413fc082] revision 2 (ARMv7), cr=10c5387d
[    0.000000] CPU: PIPT / VIPT nonaliasing data cache, VIPT aliasing instruction cache
[    0.000000] OF: fdt: Machine model: TI AM335x BeagleBone Black
[    0.000000] Memory policy: Data cache writeback
[    0.000000] cma: Reserved 16 MiB at 0x9e800000
[    0.000000] Zone ranges:
[    0.000000]   Normal   [mem 0x0000000080000000-0x000000009fdfffff]
[    0.000000]   HighMem  empty
[    0.000000] Movable zone start for each node
[    0.000000] Early memory node ranges
[    0.000000]   node   0: [mem 0x0000000080000000-0x000000009fdfffff]
[    0.000000] Initmem setup node 0 [mem 0x0000000080000000-0x000000009fdfffff]
[    0.000000] On node 0, zone Normal: 512 pages in unavailable ranges
[    0.000000] OF: reserved mem: Reserved memory: No reserved-memory node in the DT
[    0.000000] CPU: All CPU(s) started in SVC mode.
[    0.000000] AM335X ES2.1 (sgx neon)
[    0.000000] percpu: Embedded 17 pages/cpu s39820 r8192 d21620 u69632
[    0.000000] Kernel command line: console=ttyO0,115200n8 root=/dev/nfs rw nfsroot=192.168.255.126:/home/user01/nfs,nfsvers=3 ip=192.168.255.1:192.168.255.126::255.255.255.0:bbb1:eth0 nfsrootdebug
[    0.000000] Unknown kernel command line parameters "nfsrootdebug", will be passed to user space.
[    0.000000] printk: log buffer data + meta data: 65536 + 204800 = 270336 bytes
[    0.000000] Dentry cache hash table entries: 65536 (order: 6, 262144 bytes, linear)
[    0.000000] Inode-cache hash table entries: 32768 (order: 5, 131072 bytes, linear)
[    0.000000] Built 1 zonelists, mobility grouping on.  Total pages: 130560
[    0.000000] mem auto-init: stack:off, heap alloc:off, heap free:off
[    0.000000] SLUB: HWalign=16, Order=0-3, MinObjects=0, CPUs=1, Nodes=1
[    0.000000] rcu: Hierarchical RCU implementation.
[    0.000000] rcu: 	RCU event tracing is enabled.
[    0.000000] rcu: 	RCU restricting CPUs from NR_CPUS=2 to nr_cpu_ids=1.
[    0.000000] 	Tracing variant of Tasks RCU enabled.
[    0.000000] rcu: RCU calculated value of scheduler-enlistment delay is 10 jiffies.
[    0.000000] rcu: Adjusting geometry for rcu_fanout_leaf=16, nr_cpu_ids=1
[    0.000000] RCU Tasks Trace: Setting shift to 0 and lim to 1 rcu_task_cb_adjust=1 rcu_task_cpu_ids=1.
[    0.000000] NR_IRQS: 16, nr_irqs: 16, preallocated irqs: 16
[    0.000000] IRQ: Found an INTC at 0x(ptrval) (revision 5.0) with 128 interrupts
[    0.000000] rcu: srcu_init: Setting srcu_struct sizes based on contention.
[    0.000000] TI gptimer clocksource: always-on /ocp/interconnect@44c00000/segment@200000/target-module@31000
[    0.000003] sched_clock: 32 bits at 24MHz, resolution 41ns, wraps every 89478484971ns
[    0.000027] clocksource: dmtimer: mask: 0xffffffff max_cycles: 0xffffffff, max_idle_ns: 79635851949 ns
[    0.000512] TI gptimer clockevent: 24000000 Hz at /ocp/interconnect@48000000/segment@0/target-module@40000
[    0.002144] Console: colour dummy device 80x30
[    0.002209] WARNING: Your 'console=ttyO0' has been replaced by 'ttyS0'
[    0.002217] This ensures that you still see kernel messages. Please
[    0.002221] update your kernel commandline.
[    0.002264] Calibrating delay loop... 996.14 BogoMIPS (lpj=4980736)
[    0.090560] CPU: Testing write buffer coherency: ok
[    0.090673] CPU0: Spectre v2: using BPIALL workaround
[    0.090683] pid_max: default: 32768 minimum: 301
[    0.090839] LSM: initializing lsm=capability
[    0.091016] Mount-cache hash table entries: 1024 (order: 0, 4096 bytes, linear)
[    0.091036] Mountpoint-cache hash table entries: 1024 (order: 0, 4096 bytes, linear)
[    0.092668] CPU0: thread -1, cpu 0, socket -1, mpidr 0
[    0.092725] cacheinfo: Unable to detect cache hierarchy for CPU 0
[    0.094752] Setting up static identity map for 0x80100000 - 0x80100078
[    0.095083] rcu: Hierarchical SRCU implementation.
[    0.095093] rcu: 	Max phase no-delay instances is 1000.
[    0.096822] smp: Bringing up secondary CPUs ...
[    0.096877] smp: Brought up 1 node, 1 CPU
[    0.096890] SMP: Total of 1 processors activated (996.14 BogoMIPS).
[    0.096901] CPU: All CPU(s) started in SVC mode.
[    0.097094] Memory: 480820K/522240K available (11264K kernel code, 1221K rwdata, 2924K rodata, 1024K init, 287K bss, 23388K reserved, 16384K cma-reserved, 0K highmem)
[    0.097916] devtmpfs: initialized
[    0.115308] VFP support v0.3: implementor 41 architecture 3 part 30 variant c rev 3
[    0.115948] clocksource: jiffies: mask: 0xffffffff max_cycles: 0xffffffff, max_idle_ns: 19112604462750000 ns
[    0.116007] posixtimers hash table entries: 512 (order: 0, 4096 bytes, linear)
[    0.116030] futex hash table entries: 256 (16384 bytes on 1 NUMA nodes, total 16 KiB, linear).
[    0.117160] pinctrl core: initialized pinctrl subsystem
[    0.119224] NET: Registered PF_NETLINK/PF_ROUTE protocol family
[    0.122349] DMA: preallocated 256 KiB pool for atomic coherent allocations
[    0.123315] audit: initializing netlink subsys (disabled)
[    0.124675] thermal_sys: Registered thermal governor 'fair_share'
[    0.124692] thermal_sys: Registered thermal governor 'step_wise'
[    0.124702] thermal_sys: Registered thermal governor 'user_space'
[    0.124812] audit: type=2000 audit(0.120:1): state=initialized audit_enabled=0 res=1
[    0.124889] cpuidle: using governor menu
[    0.142812] /ocp/interconnect@44c00000/segment@200000/target-module@b000/i2c@0/tda19988@70: Fixed dependency cycle(s) with /ocp/interconnect@48000000/segment@300000/target-module@e000/lcdc@0
[    0.143931] /ocp/interconnect@48000000/segment@300000/target-module@e000/lcdc@0: Fixed dependency cycle(s) with /ocp/interconnect@44c00000/segment@200000/target-module@b000/i2c@0/tda19988@70
[    0.146124] No ATAGs?
[    0.146164] hw-breakpoint: debug architecture 0x4 unsupported.
[    0.148898] kprobes: kprobe jump-optimization is enabled. All kprobes are optimized if possible.
[    0.154241] iommu: Default domain type: Translated
[    0.154264] iommu: DMA domain TLB invalidation policy: strict mode
[    0.161367] SCSI subsystem initialized
[    0.162246] pps_core: LinuxPPS API ver. 1 registered
[    0.162257] pps_core: Software ver. 5.3.6 - Copyright 2005-2007 Rodolfo Giometti <giometti@linux.it>
[    0.162291] PTP clock support registered
[    0.170933] vgaarb: loaded
[    0.171311] clocksource: Switched to clocksource dmtimer
[    0.171981] VFS: Disk quotas dquot_6.6.0
[    0.172039] VFS: Dquot-cache hash table entries: 1024 (order 0, 4096 bytes)
[    0.197314] NET: Registered PF_INET protocol family
[    0.197657] IP idents hash table entries: 8192 (order: 4, 65536 bytes, linear)
[    0.199099] tcp_listen_portaddr_hash hash table entries: 512 (order: 0, 4096 bytes, linear)
[    0.199139] Table-perturb hash table entries: 65536 (order: 6, 262144 bytes, linear)
[    0.199158] TCP established hash table entries: 4096 (order: 2, 16384 bytes, linear)
[    0.199203] TCP bind hash table entries: 4096 (order: 4, 65536 bytes, linear)
[    0.199302] TCP: Hash tables configured (established 4096 bind 4096)
[    0.199425] UDP hash table entries: 256 (order: 1, 14336 bytes, linear)
[    0.199462] UDP-Lite hash table entries: 256 (order: 1, 14336 bytes, linear)
[    0.199647] NET: Registered PF_UNIX/PF_LOCAL protocol family
[    0.200944] RPC: Registered named UNIX socket transport module.
[    0.200963] RPC: Registered udp transport module.
[    0.200968] RPC: Registered tcp transport module.
[    0.200973] RPC: Registered tcp-with-tls transport module.
[    0.200978] RPC: Registered tcp NFSv4.1 backchannel transport module.
[    0.201001] PCI: CLS 0 bytes, default 64
[    0.202534] Initialise system trusted keyrings
[    0.211932] workingset: timestamp_bits=14 max_order=17 bucket_order=3
[    0.213292] NFS: Registering the id_resolver key type
[    0.213368] Key type id_resolver registered
[    0.213375] Key type id_legacy registered
[    0.213486] jffs2: version 2.2. (NAND) (SUMMARY)  Â© 2001-2006 Red Hat, Inc.
[    0.213951] Key type asymmetric registered
[    0.213967] Asymmetric key parser 'x509' registered
[    0.214040] io scheduler mq-deadline registered
[    0.214050] io scheduler kyber registered
[    0.214123] io scheduler bfq registered
[    0.216010] target-module@4b000000:target-module@140000:pmu@0:fck: device ID is greater than 24
[    0.222203] l3-aon-clkctrl:0000:0: failed to disable
[    0.231384] ledtrig-cpu: registered to indicate activity on CPUs
[    0.234248] Serial: 8250/16550 driver, 6 ports, IRQ sharing enabled
[    0.274754] brd: module loaded
[    0.302001] loop: module loaded
[    0.302936] mtdoops: mtd device (mtddev=name/number) must be supplied
[    0.306064] i2c_dev: i2c /dev entries driver
[    0.307052] cpuidle: enable-method property 'ti,am3352' found operations
[    0.307500] sdhci: Secure Digital Host Controller Interface driver
[    0.307510] sdhci: Copyright(c) Pierre Ossman
[    0.307684] sdhci-pltfm: SDHCI platform and OF driver helper
[    0.315983] hw perfevents: enabled with armv7_cortex_a8 PMU driver, 5 (8000000f) counters available
[    0.316514] Initializing XFRM netlink socket
[    0.316700] NET: Registered PF_INET6 protocol family
[    0.322359] l3-aon-clkctrl:0000:0: failed to disable
[    0.337380] Segment Routing with IPv6
[    0.337468] In-situ OAM (IOAM) with IPv6
[    0.337565] sit: IPv6, IPv4 and MPLS over IPv4 tunneling driver
[    0.338535] NET: Registered PF_PACKET protocol family
[    0.338561] NET: Registered PF_KEY protocol family
[    0.338712] Key type dns_resolver registered
[    0.338934] ThumbEE CPU extension supported.
[    0.338956] Registering SWP/SWPB emulation handler
[    0.339492] omap_voltage_late_init: Voltage driver support not added
[    0.340185] SmartReflex Class3 initialized
[    0.366596] Loading compiled-in X.509 certificates
[    0.408240] /ocp/interconnect@44c00000/segment@200000/target-module@b000/i2c@0/tda19988@70: Fixed dependency cycle(s) with /ocp/interconnect@48000000/segment@300000/target-module@e000/lcdc@0
[    0.414834] /ocp/interconnect@44c00000/segment@200000/target-module@b000/i2c@0/tda19988@70: Fixed dependency cycle(s) with /ocp/interconnect@48000000/segment@300000/target-module@e000/lcdc@0
[    0.431655] /ocp/interconnect@44c00000/segment@200000/target-module@b000/i2c@0/tda19988@70: Fixed dependency cycle(s) with /ocp/interconnect@48000000/segment@300000/target-module@e000/lcdc@0
[    0.432602] /ocp/interconnect@44c00000/segment@200000/target-module@b000/i2c@0/tda19988@70: Fixed dependency cycle(s) with /ocp/interconnect@48000000/segment@300000/target-module@e000/lcdc@0
[    0.436180] /ocp/interconnect@44c00000/segment@200000/target-module@10000/scm@0/pinmux@800: Fixed dependency cycle(s) with /ocp/interconnect@44c00000/segment@200000/target-module@10000/scm@0/pinmux@800/clkout2-pins
[    0.436785] pinctrl-single 44e10800.pinmux: 142 pins, size 568
[    0.442282] ti-sysc 44e31000.target-module: probe with driver ti-sysc failed with error -16
[    0.480500] /ocp/interconnect@48000000/segment@300000/target-module@e000/lcdc@0: Fixed dependency cycle(s) with /ocp/interconnect@44c00000/segment@200000/target-module@b000/i2c@0/tda19988@70
[    0.488868] ti-sysc 48040000.target-module: probe with driver ti-sysc failed with error -16
[    0.528420] OMAP GPIO hardware version 0.1
[    0.564269] omap_i2c 4819c000.i2c: bus 2 rev0.11 at 100 kHz
[    0.595337] 48000000.interconnect:segment@200000:target-module@0:mpu@0:fck: device ID is greater than 24
[    0.596251] /ocp/interconnect@48000000/segment@300000/target-module@e000/lcdc@0: Fixed dependency cycle(s) with /ocp/interconnect@44c00000/segment@200000/target-module@b000/i2c@0/tda19988@70
[    0.599087] /ocp/interconnect@48000000/segment@300000/target-module@e000/lcdc@0: Fixed dependency cycle(s) with /ocp/interconnect@44c00000/segment@200000/target-module@b000/i2c@0/tda19988@70
[    0.599793] /ocp/interconnect@44c00000/segment@200000/target-module@b000/i2c@0/tda19988@70: Fixed dependency cycle(s) with /ocp/interconnect@48000000/segment@300000/target-module@e000/lcdc@0
[    0.599965] /ocp/interconnect@48000000/segment@300000/target-module@e000/lcdc@0: Fixed dependency cycle(s) with /ocp/interconnect@44c00000/segment@200000/target-module@b000/i2c@0/tda19988@70
[    0.611437] sdhci-omap 481d8000.mmc: supply pbias not found, using dummy regulator
[    0.611958] sdhci-omap 481d8000.mmc: supply vqmmc not found, using dummy regulator
[    0.661563] davinci_mdio 4a101000.mdio: davinci mdio revision 1.6, bus freq 1000000
[    0.826215] davinci_mdio 4a101000.mdio: phy[0]: device 4a101000.mdio:00, driver SMSC LAN8710/LAN8720
[    0.826978] cpsw-switch 4a100000.switch: initialized cpsw ale version 1.4
[    0.827003] cpsw-switch 4a100000.switch: ALE Table size 1024, Policers 0
[    0.827147] cpsw-switch 4a100000.switch: cpts: overflow check period 500 (jiffies)
[    0.827162] cpsw-switch 4a100000.switch: CPTS: ref_clk_freq:250000000 calc_mult:2147483648 calc_shift:29 error:0 nsec/sec
[    0.827277] cpsw-switch 4a100000.switch: Detected MACID = 6c:ec:eb:68:de:78
[    0.829157] cpsw-switch 4a100000.switch: initialized (regs 0x4a100000, pool size 256) hw_ver:0019010C 1.12 (0)
[    0.840203] debugfs: Directory '49000000.dma' with parent 'dmaengine' already present!
[    0.840245] edma 49000000.dma: TI EDMA DMA engine driver
[    0.907571] 44e09000.serial: ttyS0 at MMIO 0x44e09000 (irq = 34, base_baud = 3000000) is a 8250
[    0.907662] printk: legacy console [ttyS0] enabled
[    2.402287] tps65217-pmic: Failed to locate of_node [id: -1]
[    2.408351] tps65217-bl: Failed to locate of_node [id: -1]
[    2.414408] platform tps65217-charger: DMA mask not set
[    2.420454] platform tps65217-pwrbutton: DMA mask not set
[    2.427841] tps65217 0-0024: TPS65217 ID 0xe version 1.2
[    2.433990] /ocp/interconnect@48000000/segment@300000/target-module@e000/lcdc@0: Fixed dependency cycle(s) with /ocp/interconnect@44c00000/segment@200000/target-module@b000/i2c@0/tda19988@70
[    2.451401] /ocp/interconnect@44c00000/segment@200000/target-module@b000/i2c@0/tda19988@70: Fixed dependency cycle(s) with /ocp/interconnect@48000000/segment@300000/target-module@e000/lcdc@0
[    2.468745] omap_i2c 44e0b000.i2c: bus 0 rev0.11 at 400 kHz
[    2.476618] omap_gpio 44e07000.gpio: Could not set line 6 debounce to 200000 microseconds (-22)
[    2.485562] sdhci-omap 48060000.mmc: Got CD GPIO
[    2.490572] sdhci-omap 48060000.mmc: supply pbias not found, using dummy regulator
[    2.500573] sdhci-omap 48060000.mmc: supply vqmmc not found, using dummy regulator
[    2.509697] sdhci-omap 481d8000.mmc: supply pbias not found, using dummy regulator
[    2.519278] sdhci-omap 481d8000.mmc: supply vqmmc not found, using dummy regulator
[    2.555422] mmc0: SDHCI controller on 48060000.mmc [48060000.mmc] using External DMA
[    2.563745] mmc1: SDHCI controller on 481d8000.mmc [481d8000.mmc] using External DMA
[    2.572499] cpsw-switch 4a100000.switch: starting ndev. mode: dual_mac
[    2.641712] mmc1: new high speed MMC card at address 0001
[    2.648532] mmcblk1: mmc1:0001 MMC04G 3.60 GiB
[    2.656487]  mmcblk1: p1 p2
[    2.660265] SMSC LAN8710/LAN8720 4a101000.mdio:00: attached PHY driver (mii_bus:phy_addr=4a101000.mdio:00, irq=POLL)
[    2.671779] mmcblk1boot0: mmc1:0001 MMC04G 2.00 MiB
[    2.686749] mmcblk1boot1: mmc1:0001 MMC04G 2.00 MiB
[    2.695612] mmcblk1rpmb: mmc1:0001 MMC04G 128 KiB, chardev (250:0)
[    2.744461] mmc0: new high speed SDHC card at address aaaa
[    2.751390] mmcblk0: mmc0:aaaa SE32G 29.7 GiB
[    2.760544]  mmcblk0: p1 p2
[    4.802107] cpsw-switch 4a100000.switch eth0: Link is Up - 100Mbps/Full - flow control off
[    4.841563] IP-Config: Complete:
[    4.844843]      device=eth0, hwaddr=6c:ec:eb:68:de:78, ipaddr=192.168.255.1, mask=255.255.255.0, gw=255.255.255.255
[    4.855511]      host=bbb1, domain=, nis-domain=(none)
[    4.860679]      bootserver=192.168.255.126, rootserver=192.168.255.126, rootpath=
[    4.861101] clk: Disabling unused clocks
[    4.872946] PM: genpd: Disabling unused power domains
[    4.878068] KTAP version 1
[    4.880789] 1..0
[    4.904999] VFS: Mounted root (nfs filesystem) on device 0:17.
[    4.911845] devtmpfs: mounted
[    4.916353] Freeing unused kernel image (initmem) memory: 1024K
[    4.923281] Run /sbin/init as init process
[    5.619740] systemd[1]: System time before build time, advancing clock.
[    7.171330] random: crng init done
[    7.183743] systemd[1]: systemd 232 running in system mode. (+PAM +AUDIT +SELINUX +IMA +APPARMOR +SMACK +SYSVINIT +UTMP +LIBCRYPTSETUP +GCRYPT +GNUTLS +ACL +XZ +LZ4 +SECCOMP +BLKID +ELFUTILS +KMOD +IDN)
[    7.202839] systemd[1]: Detected architecture arm.

Welcome to [1mDebian GNU/Linux 9 (stretch)[0m!

[    7.234356] systemd[1]: Set hostname to <arm>.
[    8.323658] systemd[1]: systemd-journald.socket: SO_PASSSEC failed: Operation not supported
[    8.332620] systemd[1]: systemd-journald.socket: SO_PASSSEC failed: Operation not supported
[    8.341204] systemd[1]: Listening on Journal Socket.
[[0;32m  OK  [0m] Listening on Journal Socket.
[    8.362016] systemd[1]: systemd-journald-dev-log.socket: SO_PASSSEC failed: Operation not supported
[    8.371633] systemd[1]: Listening on Journal Socket (/dev/log).
[[0;32m  OK  [0m] Listening on Journal Socket (/dev/log).
[    8.402918] systemd[1]: Created slice User and Session Slice.
[[0;32m  OK  [0m] Created slice User and Session Slice.
[    8.432233] systemd[1]: Started Forward Password Requests to Wall Directory Watch.
[[0;32m  OK  [0m] Started Forward Password Requests to Wall Directory Watch.
[[0;32m  OK  [0m] Listening on /dev/initctl Compatibility Named Pipe.
[[0;32m  OK  [0m] Started Dispatch Password Requests to Console Directory Watch.
[[0;32m  OK  [0m] Reached target Encrypted Volumes.
[[0;32m  OK  [0m] Reached target Paths.
[[0;32m  OK  [0m] Listening on udev Kernel Socket.
[[0;32m  OK  [0m] Reached target Remote File Systems.
[[0;32m  OK  [0m] Listening on udev Control Socket.
[[0;32m  OK  [0m] Reached target Swap.
[[0;32m  OK  [0m] Listening on Journal Audit Socket.
[[0;32m  OK  [0m] Set up automount Arbitrary Executabâ€¦rmats File System Automount Point.
[[0;32m  OK  [0m] Created slice System Slice.
[[0;32m  OK  [0m] Reached target Slices.
         Starting Create list of required stâ€¦ce nodes for the current kernel...
         Mounting Debug File System...
         Starting Load Kernel Modules...
         Mounting POSIX Message Queue File System...
[[0;32m  OK  [0m] Created slice system-serial\x2dgetty.slice.
         Starting Remount Root and Kernel File Systems...
[[0;32m  OK  [0m] Listening on Syslog Socket.
         Starting Journal Service...
[[0;32m  OK  [0m] Created slice system-getty.slice.
[[0;32m  OK  [0m] Mounted POSIX Message Queue File System.
[[0;32m  OK  [0m] Mounted Debug File System.
[[0;32m  OK  [0m] Started Create list of required staâ€¦vice nodes for the current kernel.
         Starting Create Static Device Nodes in /dev...
[[0;32m  OK  [0m] Started Remount Root and Kernel File Systems.
         Starting udev Coldplug all Devices...
         Starting Load/Save Random Seed...
[[0;32m  OK  [0m] Started Load Kernel Modules.
         Mounting Configuration File System...
         Starting Apply Kernel Variables...
[[0;32m  OK  [0m] Mounted Configuration File System.
[[0;32m  OK  [0m] Started Load/Save Random Seed.
[[0;32m  OK  [0m] Started Apply Kernel Variables.
[[0;32m  OK  [0m] Started Create Static Device Nodes in /dev.
         Starting udev Kernel Device Manager...
[[0;32m  OK  [0m] Reached target Local File Systems (Pre).
[[0;32m  OK  [0m] Reached target Local File Systems.
         Starting Raise network interfaces...
[[0;32m  OK  [0m] Started Journal Service.
         Starting Flush Journal to Persistent Storage...
[   10.836818] systemd-journald[86]: Received request to flush runtime journal from PID 1
[[0;32m  OK  [0m] Started Flush Journal to Persistent Storage.
         Starting Create Volatile Files and Directories...
[[0;32m  OK  [0m] Started udev Kernel Device Manager.
[[0;32m  OK  [0m] Started Create Volatile Files and Directories.
         Starting Update UTMP about System Boot/Shutdown...
         Starting Network Time Synchronization...
[[0;32m  OK  [0m] Started Update UTMP about System Boot/Shutdown.
[[0;32m  OK  [0m] Started udev Coldplug all Devices.
[   13.907052] remoteproc remoteproc0: wkup_m3 is available
[   14.197633] omap_wdt: OMAP Watchdog Timer Rev 0x01: initial timeout 60 sec
[   14.207442] at24 2-0054: supply vcc not found, using dummy regulator
[   14.315353] at24 2-0055: supply vcc not found, using dummy regulator
[   14.464950] at24 2-0056: supply vcc not found, using dummy regulator
[   14.546603] at24 2-0057: supply vcc not found, using dummy regulator
[   14.562410] am335x-phy-driver 47401300.usb-phy: dummy supplies not allowed for exclusive requests (id=vbus)
[[0;32m  OK  [0m] Found device /dev/ttyS0.
[[0;32m  OK  [0m] Started Network Time Synchronization.[   14.654457] input: tps65217_pwrbutton as /devices/platform/ocp/44c00000.interconnect/44c00000.interconnect:segment@200000/44e0b000.target-module/44e0b000.i2c/i2c-0/0-0024/tps65217-pwrbutton/input/input0

[   14.689848] at24 0-0050: 32768 byte 24c256 EEPROM, writable, 1 bytes/write
[   14.702634] usbcore: registered new interface driver usbfs
[   14.708265] usbcore: registered new interface driver hub
[   14.713907] usbcore: registered new device driver usb
[   14.755258] am335x-phy-driver 47401b00.usb-phy: dummy supplies not allowed for exclusive requests (id=vbus)
[   14.922330] omap_rtc 44e3e000.rtc: registered as rtc0
[   14.927510] omap_rtc 44e3e000.rtc: setting system clock to 2000-01-01T00:00:00 UTC (946684800)
[[0;32m  OK  [0m] Reached target System Time Synchronized.
[[0;32m  OK  [0m] Reached target System Initialization.
[[0;32m  OK  [0m] Started Daily apt download activities.
[[0;32m  OK  [0m] Listening on Avahi mDNS/DNS-SD Stack Activation Socket.
[[0;32m  OK  [0m] Listening on D-Bus System Message Bus Socket.
[[0;32m  OK  [0m] Reached target Sockets.
[[0;32m  OK  [0m] Reached target Basic System.
[   15.769410] musb-hdrc musb-hdrc.1: MUSB HDRC host driver
[   15.775054] musb-hdrc musb-hdrc.1: new USB bus registered, assigned bus number 1
         Starting LSB: Load kernel modules needed to enable cpufreq scaling...
         Starting Generic Board Startup...
[   16.064801] usb usb1: New USB device found, idVendor=1d6b, idProduct=0002, bcdDevice= 6.16
[   16.073246] usb usb1: New USB device strings: Mfr=3, Product=2, SerialNumber=1
[   16.080515] usb usb1: Product: MUSB HDRC host driver
[   16.085578] usb usb1: Manufacturer: Linux 6.16.7-90811-ge4c42304a8cd musb-hcd
[   16.092903] usb usb1: SerialNumber: musb-hdrc.1
         Starting System Logging Service...
[   16.288209] omap-mailbox 480c8000.mailbox: omap mailbox rev 0x400
         Starting Login Service...
[   16.411595] remoteproc remoteproc0: powering up wkup_m3
         Starting Cape Manager Service...
         Starting Avahi mDNS/DNS-SD Stack...
[   16.561914] hub 1-0:1.0: USB hub found
[   16.602202] hub 1-0:1.0: 1 port detected
         Starting Telephony service...
         Starting DUN service...
[   16.819928] remoteproc remoteproc0: Direct firmware load for am335x-pm-firmware.elf failed with error -2
[   16.829661] remoteproc remoteproc0: request_firmware failed: -2
[   16.835676] wkup_m3_ipc 44e11324.wkup_m3_ipc: rproc_boot failed
         Starting LSB: Start busybox udhcpd at boot time...
[[0;32m  OK  [0m] Started Daily Cleanup of Temporary Directories.
[[0;32m  OK  [0m] Started D-Bus System Message Bus.
[   17.429222] tda998x 0-0070: found TDA19988
[   19.740683] omap_rng 48310000.rng: Random Number Generator ver. 20
[   19.813899] tilcdc 4830e000.lcdc: bound 0-0070 (ops 0xbf0eb0f8)
[   19.890482] [drm] Initialized tilcdc 1.0.0 for 4830e000.lcdc on minor 0
[   19.956875] tilcdc 4830e000.lcdc: [drm] Cannot find any crtc or sizes
[   19.965215] tilcdc 4830e000.lcdc: [drm] Cannot find any crtc or sizes
[   20.563741] PM: Cannot get wkup_m3_ipc handle
[   20.654517] omap-sham 53100000.sham: hw accel on OMAP rev 4.3
[   20.767817] omap-sham 53100000.sham: will run requests pump with realtime priority
[   20.784013] PM: Cannot get wkup_m3_ipc handle
[   20.924479] omap-aes 53500000.aes: OMAP AES hw accel rev: 3.2
[   21.034598] omap-aes 53500000.aes: will run requests pump with realtime priority
[   21.054908] PM: Cannot get wkup_m3_ipc handle
[[0;32m  OK  [0m] Started DUN service.
[[0;32m  OK  [0m] Started Telephony service.
[[0;32m  OK  [0m] Started Avahi mDNS/DNS-SD Stack.
         Starting Connection service...
[[0;32m  OK  [0m] Started Regular background program processing daemon.
[[0;32m  OK  [0m] Started Daily apt upgrade and clean activities.
[[0;32m  OK  [0m] Reached target Timers.
[[0;32m  OK  [0m] Started System Logging Service.
[[0;32m  OK  [0m] Started Cape Manager Service.
[   23.048414] Bluetooth: Core ver 2.22
[   23.052459] NET: Registered PF_BLUETOOTH protocol family
[   23.057809] Bluetooth: HCI device and connection manager initialized
[   23.064325] Bluetooth: HCI socket layer initialized
[   23.069242] Bluetooth: L2CAP socket layer initialized
[   23.074395] Bluetooth: SCO socket layer initialized
[   24.535187] PM: Cannot get wkup_m3_ipc handle
[   24.543498] gpio-537 (nxp,calib): gpiod_direction_output_nonotify: tried to set a GPIO tied to an IRQ as output
[   24.677520] PM: Cannot get wkup_m3_ipc handle
[   24.828591] tda9950 0-0034: TDA9950 CEC interface, hardware version 3.3
[   24.909817] PM: Cannot get wkup_m3_ipc handle
[[0;32m  OK  [0m] Started LSB: Start busybox udhcpd at boot time.
[[0;32m  OK  [0m] Started Raise network interfaces.
[[0;32m  OK  [0m] Started LSB: Load kernel modules needed to e[   27.489772] configfs-gadget.g_multi gadget.0: HOST MAC 1c:ba:8c:a2:ed:6c
nable cpufreq scaling.
[   27.496840] configfs-gadget.g_multi gadget.0: MAC 1c:ba:8c:a2:ed:70
[   27.506292] configfs-gadget.g_multi gadget.0: HOST MAC 1c:ba:8c:a2:ed:6c
[   27.513168] configfs-gadget.g_multi gadget.0: MAC 1c:ba:8c:a2:ed:6d
[   27.531936] PM: Cannot get wkup_m3_ipc handle
[[0;32m  OK  [0m] Started Connection service.
[[0;32m  OK  [0m] Started Login Service.
[[0;32m  OK  [0m] Reached target Sound Card.
         Starting LSB: set CPUFreq kernel parameters...
[[0;32m  OK  [0m] Reached target Network.
         Starting Permit User Sessions...
[[0;32m  OK  [0m] Reached target Network is Online.
         Starting LSB: Advanced IEEE 802.11 management daemon...
         Starting The Apache HTTP Server...
         Starting OpenBSD Secure Shell server...
[[0;32m  OK  [0m] Started Permit User Sessions.
[[0;32m  OK  [0m] Started LSB: Advanced IEEE 802.11 management daemon.
         Starting Hostname Service...
         Starting WPA supplicant...
[[0;32m  OK  [0m] Started Getty on tty1.
[[0;32m  OK  [0m] Started Serial Getty on ttyS0.
[[0;32m  OK  [0m] Reached target Login Prompts.
[[0;32m  OK  [0m] Started LSB: set CPUFreq kernel parameters.
[[0;32m  OK  [0m] Started Hostname Service.
[[0;32m  OK  [0m] Started WPA supplicant.
         Stopping LSB: Start busybox udhcpd at boot time...
[[0;32m  OK  [0m] Started OpenBSD Secure Shell server.
[[0;32m  OK  [0m] Stopped LSB: Start busybox udhcpd at boot time.
         Starting dnsmasq - A lightweight DHCP and caching DNS server...
[[0;32m  OK  [0m] Started The Apache HTTP Server.
[[0;32m  OK  [0m] Started dnsmasq - A lightweight DHCP and caching DNS server.
[[0;32m  OK  [0m] Reached target Host and Network Name Lookups.
[[0;32m  OK  [0m] Started Serial Getty on ttyGS0.
[[0;32m  OK  [0m] Started Generic Board Startup.
[[0;32m  OK  [0m] Reached target Multi-User System.
[[0;32m  OK  [0m] Reached target Graphical Interface.
         Starting Update UTMP about System Runlevel Changes...
[[0;32m  OK  [0m] Started Update UTMP about System Runlevel Changes.

Debian GNU/Linux 9 arm ttyS0

default username:password is [debian:temppwd]

arm login: root
Password: 
Last login: Sat Jan  1 00:00:30 UTC 2000 on ttyS0
root
Linux arm 6.16.7-90811-ge4c42304a8cd #1 SMP Thu Sep 11 21:22:31 EEST 2025 armv7l

The programs included with the Debian GNU/Linux system are free software;
the exact distribution terms for each program are described in the
individual files in /usr/share/doc/*/copyright.

Debian GNU/Linux comes with ABSOLUTELY NO WARRANTY, to the extent
permitted by applicable law.
root@arm:~# root
dmesg -n 1
-bash: root: command not found
root@arm:~# dmesg -n 1
root@arm:~# echo 'CAVP''PAWOAM'
CAVPPAWOAM
root@arm:~# run() { echo -n "$MARKER"; sh -c "$@"; echo "$MARKER $?"; }
root@arm:~# echo 'MFZE''PEWHHH'
MFZEPEWHHH
root@arm:~# MARKER='LCKN''VHPTEH' run 'cat /proc/version'
LCKNVHPTEHLinux version 6.16.7-90811-ge4c42304a8cd (user01@drvtest01) (arm-none-eabi-gcc (Arm GNU Toolchain 14.2.Rel1 (Build arm-14.52)) 14.2.1 20241119, GNU ld (Arm GNU Toolchain 14.2.Rel1 (Build arm-14.52)) 2.43.1.20241119) #1 SMP Thu Sep 11 21:22:31 EEST 2025
LCKNVHPTEH 0
root@arm:~# echo 'AMOB''GBCJUM'
AMOBGBCJUM
root@arm:~# MARKER='MUHP''NOJUQS' run false
MUHPNOJUQSMUHPNOJUQS 1
root@arm:~# Labgrid Console Logfile for main
Logfile started at 2025-09-11 21:25:25.151286
=== Log starts here ===

root@arm:~# run() { echo -n "$MARKER"; sh -c "$@"; echo "$MARKER $?"; }
root@arm:~# echo 'ZYUB''LPBJAS'
ZYUBLPBJAS
root@arm:~# MARKER='FEMN''UBWJTK' run 'ls /iio_generic_buffer; echo $?'
FEMNUBWJTK/iio_generic_buffer
0
FEMNUBWJTK 0
root@arm:~# Labgrid Console Logfile for main
Logfile started at 2025-09-11 21:25:28.510139
=== Log starts here ===

root@arm:~# run() { echo -n "$MARKER"; sh -c "$@"; echo "$MARKER $?"; }
root@arm:~# echo 'JMZE''BSLUPN'
JMZEBSLUPN
root@arm:~# MARKER='NLMK''FVSYSF' run dmesg
NLMKFVSYSF[    0.000000] Booting Linux on physical CPU 0x0
[    0.000000] Linux version 6.16.7-90811-ge4c42304a8cd (user01@drvtest01) (arm-none-eabi-gcc (Arm GNU Toolchain 14.2.Rel1 (Build arm-14.52)) 14.2.1 20241119, GNU ld (Arm GNU Toolchain 14.2.Rel1 (Build arm-14.52)) 2.43.1.20241119) #1 SMP Thu Sep 11 21:22:31 EEST 2025
[    0.000000] CPU: ARMv7 Processor [413fc082] revision 2 (ARMv7), cr=10c5387d
[    0.000000] CPU: PIPT / VIPT nonaliasing data cache, VIPT aliasing instruction cache
[    0.000000] OF: fdt: Machine model: TI AM335x BeagleBone Black
[    0.000000] Memory policy: Data cache writeback
[    0.000000] cma: Reserved 16 MiB at 0x9e800000
[    0.000000] Zone ranges:
[    0.000000]   Normal   [mem 0x0000000080000000-0x000000009fdfffff]
[    0.000000]   HighMem  empty
[    0.000000] Movable zone start for each node
[    0.000000] Early memory node ranges
[    0.000000]   node   0: [mem 0x0000000080000000-0x000000009fdfffff]
[    0.000000] Initmem setup node 0 [mem 0x0000000080000000-0x000000009fdfffff]
[    0.000000] On node 0, zone Normal: 512 pages in unavailable ranges
[    0.000000] OF: reserved mem: Reserved memory: No reserved-memory node in the DT
[    0.000000] CPU: All CPU(s) started in SVC mode.
[    0.000000] AM335X ES2.1 (sgx neon)
[    0.000000] percpu: Embedded 17 pages/cpu s39820 r8192 d21620 u69632
[    0.000000] pcpu-alloc: s39820 r8192 d21620 u69632 alloc=17*4096
[    0.000000] pcpu-alloc: [0] 0 
[    0.000000] Kernel command line: console=ttyO0,115200n8 root=/dev/nfs rw nfsroot=192.168.255.126:/home/user01/nfs,nfsvers=3 ip=192.168.255.1:192.168.255.126::255.255.255.0:bbb1:eth0 nfsrootdebug
[    0.000000] Unknown kernel command line parameters "nfsrootdebug", will be passed to user space.
[    0.000000] printk: log buffer data + meta data: 65536 + 204800 = 270336 bytes
[    0.000000] Dentry cache hash table entries: 65536 (order: 6, 262144 bytes, linear)
[    0.000000] Inode-cache hash table entries: 32768 (order: 5, 131072 bytes, linear)
[    0.000000] Built 1 zonelists, mobility grouping on.  Total pages: 130560
[    0.000000] mem auto-init: stack:off, heap alloc:off, heap free:off
[    0.000000] SLUB: HWalign=16, Order=0-3, MinObjects=0, CPUs=1, Nodes=1
[    0.000000] rcu: Hierarchical RCU implementation.
[    0.000000] rcu: 	RCU event tracing is enabled.
[    0.000000] rcu: 	RCU restricting CPUs from NR_CPUS=2 to nr_cpu_ids=1.
[    0.000000] 	Tracing variant of Tasks RCU enabled.
[    0.000000] rcu: RCU calculated value of scheduler-enlistment delay is 10 jiffies.
[    0.000000] rcu: Adjusting geometry for rcu_fanout_leaf=16, nr_cpu_ids=1
[    0.000000] RCU Tasks Trace: Setting shift to 0 and lim to 1 rcu_task_cb_adjust=1 rcu_task_cpu_ids=1.
[    0.000000] NR_IRQS: 16, nr_irqs: 16, preallocated irqs: 16
[    0.000000] IRQ: Found an INTC at 0x(ptrval) (revision 5.0) with 128 interrupts
[    0.000000] rcu: srcu_init: Setting srcu_struct sizes based on contention.
[    0.000000] TI gptimer clocksource: always-on /ocp/interconnect@44c00000/segment@200000/target-module@31000
[    0.000003] sched_clock: 32 bits at 24MHz, resolution 41ns, wraps every 89478484971ns
[    0.000027] clocksource: dmtimer: mask: 0xffffffff max_cycles: 0xffffffff, max_idle_ns: 79635851949 ns
[    0.000512] TI gptimer clockevent: 24000000 Hz at /ocp/interconnect@48000000/segment@0/target-module@40000
[    0.002144] Console: colour dummy device 80x30
[    0.002209] WARNING: Your 'console=ttyO0' has been replaced by 'ttyS0'
[    0.002217] This ensures that you still see kernel messages. Please
[    0.002221] update your kernel commandline.
[    0.002264] Calibrating delay loop... 996.14 BogoMIPS (lpj=4980736)
[    0.090560] CPU: Testing write buffer coherency: ok
[    0.090673] CPU0: Spectre v2: using BPIALL workaround
[    0.090683] pid_max: default: 32768 minimum: 301
[    0.090839] LSM: initializing lsm=capability
[    0.091016] Mount-cache hash table entries: 1024 (order: 0, 4096 bytes, linear)
[    0.091036] Mountpoint-cache hash table entries: 1024 (order: 0, 4096 bytes, linear)
[    0.092668] CPU0: thread -1, cpu 0, socket -1, mpidr 0
[    0.092725] cacheinfo: Unable to detect cache hierarchy for CPU 0
[    0.094752] Setting up static identity map for 0x80100000 - 0x80100078
[    0.095083] rcu: Hierarchical SRCU implementation.
[    0.095093] rcu: 	Max phase no-delay instances is 1000.
[    0.096822] smp: Bringing up secondary CPUs ...
[    0.096877] smp: Brought up 1 node, 1 CPU
[    0.096890] SMP: Total of 1 processors activated (996.14 BogoMIPS).
[    0.096901] CPU: All CPU(s) started in SVC mode.
[    0.097094] Memory: 480820K/522240K available (11264K kernel code, 1221K rwdata, 2924K rodata, 1024K init, 287K bss, 23388K reserved, 16384K cma-reserved, 0K highmem)
[    0.097916] devtmpfs: initialized
[    0.115308] VFP support v0.3: implementor 41 architecture 3 part 30 variant c rev 3
[    0.115948] clocksource: jiffies: mask: 0xffffffff max_cycles: 0xffffffff, max_idle_ns: 19112604462750000 ns
[    0.116007] posixtimers hash table entries: 512 (order: 0, 4096 bytes, linear)
[    0.116030] futex hash table entries: 256 (16384 bytes on 1 NUMA nodes, total 16 KiB, linear).
[    0.117160] pinctrl core: initialized pinctrl subsystem
[    0.119224] NET: Registered PF_NETLINK/PF_ROUTE protocol family
[    0.122349] DMA: preallocated 256 KiB pool for atomic coherent allocations
[    0.123315] audit: initializing netlink subsys (disabled)
[    0.124675] thermal_sys: Registered thermal governor 'fair_share'
[    0.124692] thermal_sys: Registered thermal governor 'step_wise'
[    0.124702] thermal_sys: Registered thermal governor 'user_space'
[    0.124812] audit: type=2000 audit(0.120:1): state=initialized audit_enabled=0 res=1
[    0.124889] cpuidle: using governor menu
[    0.142812] /ocp/interconnect@44c00000/segment@200000/target-module@b000/i2c@0/tda19988@70: Fixed dependency cycle(s) with /ocp/interconnect@48000000/segment@300000/target-module@e000/lcdc@0
[    0.143931] /ocp/interconnect@48000000/segment@300000/target-module@e000/lcdc@0: Fixed dependency cycle(s) with /ocp/interconnect@44c00000/segment@200000/target-module@b000/i2c@0/tda19988@70
[    0.146124] No ATAGs?
[    0.146164] hw-breakpoint: debug architecture 0x4 unsupported.
[    0.148898] kprobes: kprobe jump-optimization is enabled. All kprobes are optimized if possible.
[    0.154241] iommu: Default domain type: Translated
[    0.154264] iommu: DMA domain TLB invalidation policy: strict mode
[    0.155844] reg-fixed-voltage fixedregulator0: using DT '/fixedregulator0' for '(default)' GPIO lookup
[    0.155899] of_get_named_gpiod_flags: can't parse 'gpios' property of node '/fixedregulator0[0]'
[    0.155928] of_get_named_gpiod_flags: can't parse 'gpio' property of node '/fixedregulator0[0]'
[    0.155945] reg-fixed-voltage fixedregulator0: using lookup tables for GPIO lookup
[    0.155955] reg-fixed-voltage fixedregulator0: No GPIO consumer (default) found
[    0.161367] SCSI subsystem initialized
[    0.161870] libata version 3.00 loaded.
[    0.162246] pps_core: LinuxPPS API ver. 1 registered
[    0.162257] pps_core: Software ver. 5.3.6 - Copyright 2005-2007 Rodolfo Giometti <giometti@linux.it>
[    0.162291] PTP clock support registered
[    0.170933] vgaarb: loaded
[    0.171311] clocksource: Switched to clocksource dmtimer
[    0.171981] VFS: Disk quotas dquot_6.6.0
[    0.172039] VFS: Dquot-cache hash table entries: 1024 (order 0, 4096 bytes)
[    0.197314] NET: Registered PF_INET protocol family
[    0.197657] IP idents hash table entries: 8192 (order: 4, 65536 bytes, linear)
[    0.199099] tcp_listen_portaddr_hash hash table entries: 512 (order: 0, 4096 bytes, linear)
[    0.199139] Table-perturb hash table entries: 65536 (order: 6, 262144 bytes, linear)
[    0.199158] TCP established hash table entries: 4096 (order: 2, 16384 bytes, linear)
[    0.199203] TCP bind hash table entries: 4096 (order: 4, 65536 bytes, linear)
[    0.199302] TCP: Hash tables configured (established 4096 bind 4096)
[    0.199425] UDP hash table entries: 256 (order: 1, 14336 bytes, linear)
[    0.199462] UDP-Lite hash table entries: 256 (order: 1, 14336 bytes, linear)
[    0.199647] NET: Registered PF_UNIX/PF_LOCAL protocol family
[    0.200944] RPC: Registered named UNIX socket transport module.
[    0.200963] RPC: Registered udp transport module.
[    0.200968] RPC: Registered tcp transport module.
[    0.200973] RPC: Registered tcp-with-tls transport module.
[    0.200978] RPC: Registered tcp NFSv4.1 backchannel transport module.
[    0.201001] PCI: CLS 0 bytes, default 64
[    0.202534] Initialise system trusted keyrings
[    0.211932] workingset: timestamp_bits=14 max_order=17 bucket_order=3
[    0.213292] NFS: Registering the id_resolver key type
[    0.213368] Key type id_resolver registered
[    0.213375] Key type id_legacy registered
[    0.213486] jffs2: version 2.2. (NAND) (SUMMARY)  Â© 2001-2006 Red Hat, Inc.
[    0.213951] Key type asymmetric registered
[    0.213967] Asymmetric key parser 'x509' registered
[    0.214040] io scheduler mq-deadline registered
[    0.214050] io scheduler kyber registered
[    0.214123] io scheduler bfq registered
[    0.216010] target-module@4b000000:target-module@140000:pmu@0:fck: device ID is greater than 24
[    0.222203] l3-aon-clkctrl:0000:0: failed to disable
[    0.231384] ledtrig-cpu: registered to indicate activity on CPUs
[    0.234248] Serial: 8250/16550 driver, 6 ports, IRQ sharing enabled
[    0.274754] brd: module loaded
[    0.302001] loop: module loaded
[    0.302936] mtdoops: mtd device (mtddev=name/number) must be supplied
[    0.304662] mdio_bus fixed-0: using lookup tables for GPIO lookup
[    0.304686] mdio_bus fixed-0: No GPIO consumer reset found
[    0.306064] i2c_dev: i2c /dev entries driver
[    0.307052] cpuidle: enable-method property 'ti,am3352' found operations
[    0.307500] sdhci: Secure Digital Host Controller Interface driver
[    0.307510] sdhci: Copyright(c) Pierre Ossman
[    0.307684] sdhci-pltfm: SDHCI platform and OF driver helper
[    0.315983] hw perfevents: enabled with armv7_cortex_a8 PMU driver, 5 (8000000f) counters available
[    0.316514] Initializing XFRM netlink socket
[    0.316700] NET: Registered PF_INET6 protocol family
[    0.322359] l3-aon-clkctrl:0000:0: failed to disable
[    0.337380] Segment Routing with IPv6
[    0.337468] In-situ OAM (IOAM) with IPv6
[    0.337565] sit: IPv6, IPv4 and MPLS over IPv4 tunneling driver
[    0.338535] NET: Registered PF_PACKET protocol family
[    0.338561] NET: Registered PF_KEY protocol family
[    0.338712] Key type dns_resolver registered
[    0.338934] ThumbEE CPU extension supported.
[    0.338956] Registering SWP/SWPB emulation handler
[    0.339492] omap_voltage_late_init: Voltage driver support not added
[    0.340185] SmartReflex Class3 initialized
[    0.366596] Loading compiled-in X.509 certificates
[    0.408240] /ocp/interconnect@44c00000/segment@200000/target-module@b000/i2c@0/tda19988@70: Fixed dependency cycle(s) with /ocp/interconnect@48000000/segment@300000/target-module@e000/lcdc@0
[    0.414834] /ocp/interconnect@44c00000/segment@200000/target-module@b000/i2c@0/tda19988@70: Fixed dependency cycle(s) with /ocp/interconnect@48000000/segment@300000/target-module@e000/lcdc@0
[    0.420297] gpiochip_find_base_unlocked: found new base at 512
[    0.431655] /ocp/interconnect@44c00000/segment@200000/target-module@b000/i2c@0/tda19988@70: Fixed dependency cycle(s) with /ocp/interconnect@48000000/segment@300000/target-module@e000/lcdc@0
[    0.432602] /ocp/interconnect@44c00000/segment@200000/target-module@b000/i2c@0/tda19988@70: Fixed dependency cycle(s) with /ocp/interconnect@48000000/segment@300000/target-module@e000/lcdc@0
[    0.436180] /ocp/interconnect@44c00000/segment@200000/target-module@10000/scm@0/pinmux@800: Fixed dependency cycle(s) with /ocp/interconnect@44c00000/segment@200000/target-module@10000/scm@0/pinmux@800/clkout2-pins
[    0.436785] pinctrl-single 44e10800.pinmux: 142 pins, size 568
[    0.442282] ti-sysc 44e31000.target-module: probe with driver ti-sysc failed with error -16
[    0.480500] /ocp/interconnect@48000000/segment@300000/target-module@e000/lcdc@0: Fixed dependency cycle(s) with /ocp/interconnect@44c00000/segment@200000/target-module@b000/i2c@0/tda19988@70
[    0.488868] ti-sysc 48040000.target-module: probe with driver ti-sysc failed with error -16
[    0.500368] gpiochip_find_base_unlocked: found new base at 512
[    0.500467] gpio gpiochip0: (gpio-0-31): created GPIO range 0->7 ==> 44e10800.pinmux PIN 0->7
[    0.500487] gpio gpiochip0: (gpio-0-31): created GPIO range 8->11 ==> 44e10800.pinmux PIN 90->93
[    0.500503] gpio gpiochip0: (gpio-0-31): created GPIO range 12->27 ==> 44e10800.pinmux PIN 12->27
[    0.500518] gpio gpiochip0: (gpio-0-31): created GPIO range 28->31 ==> 44e10800.pinmux PIN 30->33
[    0.528187] gpio gpiochip0: (gpio-0-31): added GPIO chardev (254:0)
[    0.528331] gpio gpiochip0: registered GPIOs 512 to 543 on gpio-0-31
[    0.528420] OMAP GPIO hardware version 0.1
[    0.563257] i2c i2c-2: using DT '/ocp/interconnect@48000000/segment@100000/target-module@9c000/i2c@0' for 'scl' GPIO lookup
[    0.563328] of_get_named_gpiod_flags: can't parse 'scl-gpios' property of node '/ocp/interconnect@48000000/segment@100000/target-module@9c000/i2c@0[0]'
[    0.563370] of_get_named_gpiod_flags: can't parse 'scl-gpio' property of node '/ocp/interconnect@48000000/segment@100000/target-module@9c000/i2c@0[0]'
[    0.563405] i2c i2c-2: using lookup tables for GPIO lookup
[    0.563415] i2c i2c-2: No GPIO consumer scl found
[    0.563436] i2c i2c-2: using DT '/ocp/interconnect@48000000/segment@100000/target-module@9c000/i2c@0' for 'sda' GPIO lookup
[    0.563471] of_get_named_gpiod_flags: can't parse 'sda-gpios' property of node '/ocp/interconnect@48000000/segment@100000/target-module@9c000/i2c@0[0]'
[    0.563508] of_get_named_gpiod_flags: can't parse 'sda-gpio' property of node '/ocp/interconnect@48000000/segment@100000/target-module@9c000/i2c@0[0]'
[    0.563539] i2c i2c-2: using lookup tables for GPIO lookup
[    0.563546] i2c i2c-2: No GPIO consumer sda found
[    0.564269] omap_i2c 4819c000.i2c: bus 2 rev0.11 at 100 kHz
[    0.569921] gpiochip_find_base_unlocked: found new base at 544
[    0.570021] gpio gpiochip1: (gpio-32-63): created GPIO range 0->17 ==> 44e10800.pinmux PIN 34->51
[    0.570042] gpio gpiochip1: (gpio-32-63): created GPIO range 18->21 ==> 44e10800.pinmux PIN 77->80
[    0.570059] gpio gpiochip1: (gpio-32-63): created GPIO range 22->31 ==> 44e10800.pinmux PIN 56->65
[    0.585677] gpio gpiochip1: (gpio-32-63): added GPIO chardev (254:1)
[    0.585834] gpio gpiochip1: registered GPIOs 544 to 575 on gpio-32-63
[    0.588138] gpiochip_find_base_unlocked: found new base at 576
[    0.588242] gpio gpiochip2: (gpio-64-95): created GPIO range 0->4 ==> 44e10800.pinmux PIN 66->70
[    0.588262] gpio gpiochip2: (gpio-64-95): created GPIO range 5->6 ==> 44e10800.pinmux PIN 98->99
[    0.588278] gpio gpiochip2: (gpio-64-95): created GPIO range 7->8 ==> 44e10800.pinmux PIN 75->76
[    0.588294] gpio gpiochip2: (gpio-64-95): created GPIO range 13->13 ==> 44e10800.pinmux PIN 141->141
[    0.588310] gpio gpiochip2: (gpio-64-95): created GPIO range 14->21 ==> 44e10800.pinmux PIN 100->107
[    0.588969] gpio gpiochip2: (gpio-64-95): added GPIO chardev (254:2)
[    0.589117] gpio gpiochip2: registered GPIOs 576 to 607 on gpio-64-95
[    0.595337] 48000000.interconnect:segment@200000:target-module@0:mpu@0:fck: device ID is greater than 24
[    0.596251] /ocp/interconnect@48000000/segment@300000/target-module@e000/lcdc@0: Fixed dependency cycle(s) with /ocp/interconnect@44c00000/segment@200000/target-module@b000/i2c@0/tda19988@70
[    0.599087] /ocp/interconnect@48000000/segment@300000/target-module@e000/lcdc@0: Fixed dependency cycle(s) with /ocp/interconnect@44c00000/segment@200000/target-module@b000/i2c@0/tda19988@70
[    0.599793] /ocp/interconnect@44c00000/segment@200000/target-module@b000/i2c@0/tda19988@70: Fixed dependency cycle(s) with /ocp/interconnect@48000000/segment@300000/target-module@e000/lcdc@0
[    0.599965] /ocp/interconnect@48000000/segment@300000/target-module@e000/lcdc@0: Fixed dependency cycle(s) with /ocp/interconnect@44c00000/segment@200000/target-module@b000/i2c@0/tda19988@70
[    0.609766] mdio_bus 4a101000.mdio: using DT '/ocp/interconnect@4a000000/segment@0/target-module@100000/switch@0/mdio@1000' for 'reset' GPIO lookup
[    0.609848] of_get_named_gpiod_flags: can't parse 'reset-gpios' property of node '/ocp/interconnect@4a000000/segment@0/target-module@100000/switch@0/mdio@1000[0]'
[    0.609894] of_get_named_gpiod_flags: can't parse 'reset-gpio' property of node '/ocp/interconnect@4a000000/segment@0/target-module@100000/switch@0/mdio@1000[0]'
[    0.609941] mdio_bus 4a101000.mdio: using lookup tables for GPIO lookup
[    0.609950] mdio_bus 4a101000.mdio: No GPIO consumer reset found
[    0.610943] sdhci-omap 481d8000.mmc: using DT '/ocp/interconnect@48000000/segment@100000/target-module@d8000/mmc@0' for 'wp' GPIO lookup
[    0.611003] of_get_named_gpiod_flags: can't parse 'wp-gpios' property of node '/ocp/interconnect@48000000/segment@100000/target-module@d8000/mmc@0[0]'
[    0.611043] of_get_named_gpiod_flags: can't parse 'wp-gpio' property of node '/ocp/interconnect@48000000/segment@100000/target-module@d8000/mmc@0[0]'
[    0.611077] sdhci-omap 481d8000.mmc: using lookup tables for GPIO lookup
[    0.611086] sdhci-omap 481d8000.mmc: No GPIO consumer wp found
[    0.611437] sdhci-omap 481d8000.mmc: supply pbias not found, using dummy regulator
[    0.611958] sdhci-omap 481d8000.mmc: supply vqmmc not found, using dummy regulator
[    0.661563] davinci_mdio 4a101000.mdio: davinci mdio revision 1.6, bus freq 1000000
[    0.701606] mdio_bus 4a101000.mdio:00: using DT '/ocp/interconnect@4a000000/segment@0/target-module@100000/switch@0/mdio@1000/ethernet-phy@0' for 'reset' GPIO lookup
[    0.701710] of_get_named_gpiod_flags: parsed 'reset-gpios' property of node '/ocp/interconnect@4a000000/segment@0/target-module@100000/switch@0/mdio@1000/ethernet-phy@0[0]' - status (0)
[    0.701872] gpio gpiochip0: Persistence not supported for GPIO 8
[    0.826215] davinci_mdio 4a101000.mdio: phy[0]: device 4a101000.mdio:00, driver SMSC LAN8710/LAN8720
[    0.826978] cpsw-switch 4a100000.switch: initialized cpsw ale version 1.4
[    0.827003] cpsw-switch 4a100000.switch: ALE Table size 1024, Policers 0
[    0.827147] cpsw-switch 4a100000.switch: cpts: overflow check period 500 (jiffies)
[    0.827162] cpsw-switch 4a100000.switch: CPTS: ref_clk_freq:250000000 calc_mult:2147483648 calc_shift:29 error:0 nsec/sec
[    0.827277] cpsw-switch 4a100000.switch: Detected MACID = 6c:ec:eb:68:de:78
[    0.829157] cpsw-switch 4a100000.switch: initialized (regs 0x4a100000, pool size 256) hw_ver:0019010C 1.12 (0)
[    0.840203] debugfs: Directory '49000000.dma' with parent 'dmaengine' already present!
[    0.840245] edma 49000000.dma: TI EDMA DMA engine driver
[    0.890884] gpio-clk clk_mcasp0: using DT '/clk_mcasp0' for 'enable' GPIO lookup
[    0.890968] of_get_named_gpiod_flags: parsed 'enable-gpios' property of node '/clk_mcasp0[0]' - status (0)
[    0.891012] gpio gpiochip0: Persistence not supported for GPIO 27
[    0.892149] gpiochip_find_base_unlocked: found new base at 608
[    0.892264] gpio gpiochip3: (gpio-96-127): created GPIO range 0->7 ==> 44e10800.pinmux PIN 82->89
[    0.892286] gpio gpiochip3: (gpio-96-127): created GPIO range 8->11 ==> 44e10800.pinmux PIN 52->55
[    0.892303] gpio gpiochip3: (gpio-96-127): created GPIO range 12->15 ==> 44e10800.pinmux PIN 94->97
[    0.892318] gpio gpiochip3: (gpio-96-127): created GPIO range 16->17 ==> 44e10800.pinmux PIN 71->72
[    0.892335] gpio gpiochip3: (gpio-96-127): created GPIO range 18->18 ==> 44e10800.pinmux PIN 135->135
[    0.892351] gpio gpiochip3: (gpio-96-127): created GPIO range 19->20 ==> 44e10800.pinmux PIN 108->109
[    0.892367] gpio gpiochip3: (gpio-96-127): created GPIO range 21->21 ==> 44e10800.pinmux PIN 73->73
[    0.892385] gpio gpiochip3: (gpio-96-127): created GPIO range 22->23 ==> 44e10800.pinmux PIN 8->9
[    0.892402] gpio gpiochip3: (gpio-96-127): created GPIO range 26->27 ==> 44e10800.pinmux PIN 10->11
[    0.892419] gpio gpiochip3: (gpio-96-127): created GPIO range 28->28 ==> 44e10800.pinmux PIN 74->74
[    0.892437] gpio gpiochip3: (gpio-96-127): created GPIO range 29->29 ==> 44e10800.pinmux PIN 81->81
[    0.892455] gpio gpiochip3: (gpio-96-127): created GPIO range 30->31 ==> 44e10800.pinmux PIN 28->29
[    0.904770] gpio gpiochip3: (gpio-96-127): added GPIO chardev (254:3)
[    0.904934] gpio gpiochip3: registered GPIOs 608 to 639 on gpio-96-127
[    0.906863] omap8250 44e09000.serial: using DT '/ocp/interconnect@44c00000/segment@200000/target-module@9000/serial@0' for 'rs485-term' GPIO lookup
[    0.906936] of_get_named_gpiod_flags: can't parse 'rs485-term-gpios' property of node '/ocp/interconnect@44c00000/segment@200000/target-module@9000/serial@0[0]'
[    0.906978] of_get_named_gpiod_flags: can't parse 'rs485-term-gpio' property of node '/ocp/interconnect@44c00000/segment@200000/target-module@9000/serial@0[0]'
[    0.907014] omap8250 44e09000.serial: using lookup tables for GPIO lookup
[    0.907024] omap8250 44e09000.serial: No GPIO consumer rs485-term found
[    0.907034] omap8250 44e09000.serial: using DT '/ocp/interconnect@44c00000/segment@200000/target-module@9000/serial@0' for 'rs485-rx-during-tx' GPIO lookup
[    0.907069] of_get_named_gpiod_flags: can't parse 'rs485-rx-during-tx-gpios' property of node '/ocp/interconnect@44c00000/segment@200000/target-module@9000/serial@0[0]'
[    0.907106] of_get_named_gpiod_flags: can't parse 'rs485-rx-during-tx-gpio' property of node '/ocp/interconnect@44c00000/segment@200000/target-module@9000/serial@0[0]'
[    0.907137] omap8250 44e09000.serial: using lookup tables for GPIO lookup
[    0.907146] omap8250 44e09000.serial: No GPIO consumer rs485-rx-during-tx found
[    0.907571] 44e09000.serial: ttyS0 at MMIO 0x44e09000 (irq = 34, base_baud = 3000000) is a 8250
[    0.907662] printk: legacy console [ttyS0] enabled
[    2.388263] i2c i2c-0: using DT '/ocp/interconnect@44c00000/segment@200000/target-module@b000/i2c@0' for 'scl' GPIO lookup
[    2.388353] of_get_named_gpiod_flags: can't parse 'scl-gpios' property of node '/ocp/interconnect@44c00000/segment@200000/target-module@b000/i2c@0[0]'
[    2.388402] of_get_named_gpiod_flags: can't parse 'scl-gpio' property of node '/ocp/interconnect@44c00000/segment@200000/target-module@b000/i2c@0[0]'
[    2.388441] i2c i2c-0: using lookup tables for GPIO lookup
[    2.388455] i2c i2c-0: No GPIO consumer scl found
[    2.388479] i2c i2c-0: using DT '/ocp/interconnect@44c00000/segment@200000/target-module@b000/i2c@0' for 'sda' GPIO lookup
[    2.388520] of_get_named_gpiod_flags: can't parse 'sda-gpios' property of node '/ocp/interconnect@44c00000/segment@200000/target-module@b000/i2c@0[0]'
[    2.388560] of_get_named_gpiod_flags: can't parse 'sda-gpio' property of node '/ocp/interconnect@44c00000/segment@200000/target-module@b000/i2c@0[0]'
[    2.388595] i2c i2c-0: using lookup tables for GPIO lookup
[    2.388606] i2c i2c-0: No GPIO consumer sda found
[    2.402287] tps65217-pmic: Failed to locate of_node [id: -1]
[    2.408351] tps65217-bl: Failed to locate of_node [id: -1]
[    2.414408] platform tps65217-charger: DMA mask not set
[    2.420454] platform tps65217-pwrbutton: DMA mask not set
[    2.427841] tps65217 0-0024: TPS65217 ID 0xe version 1.2
[    2.433990] /ocp/interconnect@48000000/segment@300000/target-module@e000/lcdc@0: Fixed dependency cycle(s) with /ocp/interconnect@44c00000/segment@200000/target-module@b000/i2c@0/tda19988@70
[    2.451401] /ocp/interconnect@44c00000/segment@200000/target-module@b000/i2c@0/tda19988@70: Fixed dependency cycle(s) with /ocp/interconnect@48000000/segment@300000/target-module@e000/lcdc@0
[    2.468745] omap_i2c 44e0b000.i2c: bus 0 rev0.11 at 400 kHz
[    2.476420] sdhci-omap 48060000.mmc: using DT '/ocp/interconnect@48000000/segment@0/target-module@60000/mmc@0' for 'cd' GPIO lookup
[    2.476526] of_get_named_gpiod_flags: parsed 'cd-gpios' property of node '/ocp/interconnect@48000000/segment@0/target-module@60000/mmc@0[0]' - status (0)
[    2.476593] gpio gpiochip3: Persistence not supported for GPIO 6
[    2.476618] omap_gpio 44e07000.gpio: Could not set line 6 debounce to 200000 microseconds (-22)
[    2.485562] sdhci-omap 48060000.mmc: Got CD GPIO
[    2.490219] sdhci-omap 48060000.mmc: using DT '/ocp/interconnect@48000000/segment@0/target-module@60000/mmc@0' for 'wp' GPIO lookup
[    2.490269] of_get_named_gpiod_flags: can't parse 'wp-gpios' property of node '/ocp/interconnect@48000000/segment@0/target-module@60000/mmc@0[0]'
[    2.490315] of_get_named_gpiod_flags: can't parse 'wp-gpio' property of node '/ocp/interconnect@48000000/segment@0/target-module@60000/mmc@0[0]'
[    2.490352] sdhci-omap 48060000.mmc: using lookup tables for GPIO lookup
[    2.490366] sdhci-omap 48060000.mmc: No GPIO consumer wp found
[    2.490572] sdhci-omap 48060000.mmc: supply pbias not found, using dummy regulator
[    2.499374] sdhci-omap 481d8000.mmc: using DT '/ocp/interconnect@48000000/segment@100000/target-module@d8000/mmc@0' for 'wp' GPIO lookup
[    2.499452] of_get_named_gpiod_flags: can't parse 'wp-gpios' property of node '/ocp/interconnect@48000000/segment@100000/target-module@d8000/mmc@0[0]'
[    2.499500] of_get_named_gpiod_flags: can't parse 'wp-gpio' property of node '/ocp/interconnect@48000000/segment@100000/target-module@d8000/mmc@0[0]'
[    2.499537] sdhci-omap 481d8000.mmc: using lookup tables for GPIO lookup
[    2.499550] sdhci-omap 481d8000.mmc: No GPIO consumer wp found
[    2.500573] sdhci-omap 48060000.mmc: supply vqmmc not found, using dummy regulator
[    2.509697] sdhci-omap 481d8000.mmc: supply pbias not found, using dummy regulator
[    2.519278] sdhci-omap 481d8000.mmc: supply vqmmc not found, using dummy regulator
[    2.555422] mmc0: SDHCI controller on 48060000.mmc [48060000.mmc] using External DMA
[    2.563745] mmc1: SDHCI controller on 481d8000.mmc [481d8000.mmc] using External DMA
[    2.572499] cpsw-switch 4a100000.switch: starting ndev. mode: dual_mac
[    2.641712] mmc1: new high speed MMC card at address 0001
[    2.648532] mmcblk1: mmc1:0001 MMC04G 3.60 GiB
[    2.656487]  mmcblk1: p1 p2
[    2.660265] SMSC LAN8710/LAN8720 4a101000.mdio:00: attached PHY driver (mii_bus:phy_addr=4a101000.mdio:00, irq=POLL)
[    2.671779] mmcblk1boot0: mmc1:0001 MMC04G 2.00 MiB
[    2.686749] mmcblk1boot1: mmc1:0001 MMC04G 2.00 MiB
[    2.695612] mmcblk1rpmb: mmc1:0001 MMC04G 128 KiB, chardev (250:0)
[    2.744461] mmc0: new high speed SDHC card at address aaaa
[    2.751390] mmcblk0: mmc0:aaaa SE32G 29.7 GiB
[    2.760544]  mmcblk0: p1 p2
[    4.802107] cpsw-switch 4a100000.switch eth0: Link is Up - 100Mbps/Full - flow control off
[    4.841563] IP-Config: Complete:
[    4.844843]      device=eth0, hwaddr=6c:ec:eb:68:de:78, ipaddr=192.168.255.1, mask=255.255.255.0, gw=255.255.255.255
[    4.855511]      host=bbb1, domain=, nis-domain=(none)
[    4.860679]      bootserver=192.168.255.126, rootserver=192.168.255.126, rootpath=
[    4.861101] clk: Disabling unused clocks
[    4.872946] PM: genpd: Disabling unused power domains
[    4.878068] KTAP version 1
[    4.880789] 1..0
[    4.904999] VFS: Mounted root (nfs filesystem) on device 0:17.
[    4.911845] devtmpfs: mounted
[    4.916353] Freeing unused kernel image (initmem) memory: 1024K
[    4.923281] Run /sbin/init as init process
[    4.927414]   with arguments:
[    4.927427]     /sbin/init
[    4.927436]     nfsrootdebug
[    4.927445]   with environment:
[    4.927454]     HOME=/
[    4.927462]     TERM=linux
[    5.619740] systemd[1]: System time before build time, advancing clock.
[    7.171330] random: crng init done
[    7.183743] systemd[1]: systemd 232 running in system mode. (+PAM +AUDIT +SELINUX +IMA +APPARMOR +SMACK +SYSVINIT +UTMP +LIBCRYPTSETUP +GCRYPT +GNUTLS +ACL +XZ +LZ4 +SECCOMP +BLKID +ELFUTILS +KMOD +IDN)
[    7.202839] systemd[1]: Detected architecture arm.
[    7.234356] systemd[1]: Set hostname to <arm>.
[    8.323658] systemd[1]: systemd-journald.socket: SO_PASSSEC failed: Operation not supported
[    8.332620] systemd[1]: systemd-journald.socket: SO_PASSSEC failed: Operation not supported
[    8.341204] systemd[1]: Listening on Journal Socket.
[    8.362016] systemd[1]: systemd-journald-dev-log.socket: SO_PASSSEC failed: Operation not supported
[    8.371633] systemd[1]: Listening on Journal Socket (/dev/log).
[    8.402918] systemd[1]: Created slice User and Session Slice.
[    8.432233] systemd[1]: Started Forward Password Requests to Wall Directory Watch.
[   10.836818] systemd-journald[86]: Received request to flush runtime journal from PID 1
[   13.479852] leds-gpio leds: using DT '/leds/led2' for '(default)' GPIO lookup
[   13.479960] of_get_named_gpiod_flags: parsed 'gpios' property of node '/leds/led2[0]' - status (0)
[   13.480019] gpio gpiochip0: Persistence not supported for GPIO 21
[   13.480035] gpio-533 (?): no flags found for GPIO (default)
[   13.570209] leds-gpio leds: using DT '/leds/led3' for '(default)' GPIO lookup
[   13.570322] of_get_named_gpiod_flags: parsed 'gpios' property of node '/leds/led3[0]' - status (0)
[   13.570380] gpio gpiochip0: Persistence not supported for GPIO 22
[   13.570395] gpio-534 (?): no flags found for GPIO (default)
[   13.597659] leds-gpio leds: using DT '/leds/led4' for '(default)' GPIO lookup
[   13.597764] of_get_named_gpiod_flags: parsed 'gpios' property of node '/leds/led4[0]' - status (0)
[   13.597817] gpio gpiochip0: Persistence not supported for GPIO 23
[   13.597832] gpio-535 (?): no flags found for GPIO (default)
[   13.660169] leds-gpio leds: using DT '/leds/led5' for '(default)' GPIO lookup
[   13.660270] of_get_named_gpiod_flags: parsed 'gpios' property of node '/leds/led5[0]' - status (0)
[   13.660322] gpio gpiochip0: Persistence not supported for GPIO 24
[   13.660339] gpio-536 (?): no flags found for GPIO (default)
[   13.907052] remoteproc remoteproc0: wkup_m3 is available
[   14.197633] omap_wdt: OMAP Watchdog Timer Rev 0x01: initial timeout 60 sec
[   14.207442] at24 2-0054: supply vcc not found, using dummy regulator
[   14.315353] at24 2-0055: supply vcc not found, using dummy regulator
[   14.464950] at24 2-0056: supply vcc not found, using dummy regulator
[   14.546603] at24 2-0057: supply vcc not found, using dummy regulator
[   14.561940] am335x-phy-driver 47401300.usb-phy: using DT '/ocp/target-module@47400000/usb-phy@1300' for 'reset' GPIO lookup
[   14.562042] of_get_named_gpiod_flags: can't parse 'reset-gpios' property of node '/ocp/target-module@47400000/usb-phy@1300[0]'
[   14.562090] of_get_named_gpiod_flags: can't parse 'reset-gpio' property of node '/ocp/target-module@47400000/usb-phy@1300[0]'
[   14.562128] am335x-phy-driver 47401300.usb-phy: using lookup tables for GPIO lookup
[   14.562142] am335x-phy-driver 47401300.usb-phy: No GPIO consumer reset found
[   14.562156] am335x-phy-driver 47401300.usb-phy: using DT '/ocp/target-module@47400000/usb-phy@1300' for 'vbus-detect' GPIO lookup
[   14.562188] of_get_named_gpiod_flags: can't parse 'vbus-detect-gpios' property of node '/ocp/target-module@47400000/usb-phy@1300[0]'
[   14.562220] of_get_named_gpiod_flags: can't parse 'vbus-detect-gpio' property of node '/ocp/target-module@47400000/usb-phy@1300[0]'
[   14.562246] am335x-phy-driver 47401300.usb-phy: using lookup tables for GPIO lookup
[   14.562258] am335x-phy-driver 47401300.usb-phy: No GPIO consumer vbus-detect found
[   14.562410] am335x-phy-driver 47401300.usb-phy: dummy supplies not allowed for exclusive requests (id=vbus)
[   14.654457] input: tps65217_pwrbutton as /devices/platform/ocp/44c00000.interconnect/44c00000.interconnect:segment@200000/44e0b000.target-module/44e0b000.i2c/i2c-0/0-0024/tps65217-pwrbutton/input/input0
[   14.688672] at24 0-0050: using DT '/ocp/interconnect@44c00000/segment@200000/target-module@b000/i2c@0/eeprom@50' for 'wp' GPIO lookup
[   14.688899] of_get_named_gpiod_flags: can't parse 'wp-gpios' property of node '/ocp/interconnect@44c00000/segment@200000/target-module@b000/i2c@0/eeprom@50[0]'
[   14.689014] of_get_named_gpiod_flags: can't parse 'wp-gpio' property of node '/ocp/interconnect@44c00000/segment@200000/target-module@b000/i2c@0/eeprom@50[0]'
[   14.689111] at24 0-0050: using lookup tables for GPIO lookup
[   14.689126] at24 0-0050: No GPIO consumer wp found
[   14.689848] at24 0-0050: 32768 byte 24c256 EEPROM, writable, 1 bytes/write
[   14.702634] usbcore: registered new interface driver usbfs
[   14.708265] usbcore: registered new interface driver hub
[   14.713907] usbcore: registered new device driver usb
[   14.754807] am335x-phy-driver 47401b00.usb-phy: using DT '/ocp/target-module@47400000/usb-phy@1b00' for 'reset' GPIO lookup
[   14.754900] of_get_named_gpiod_flags: can't parse 'reset-gpios' property of node '/ocp/target-module@47400000/usb-phy@1b00[0]'
[   14.754945] of_get_named_gpiod_flags: can't parse 'reset-gpio' property of node '/ocp/target-module@47400000/usb-phy@1b00[0]'
[   14.754981] am335x-phy-driver 47401b00.usb-phy: using lookup tables for GPIO lookup
[   14.754996] am335x-phy-driver 47401b00.usb-phy: No GPIO consumer reset found
[   14.755010] am335x-phy-driver 47401b00.usb-phy: using DT '/ocp/target-module@47400000/usb-phy@1b00' for 'vbus-detect' GPIO lookup
[   14.755041] of_get_named_gpiod_flags: can't parse 'vbus-detect-gpios' property of node '/ocp/target-module@47400000/usb-phy@1b00[0]'
[   14.755073] of_get_named_gpiod_flags: can't parse 'vbus-detect-gpio' property of node '/ocp/target-module@47400000/usb-phy@1b00[0]'
[   14.755099] am335x-phy-driver 47401b00.usb-phy: using lookup tables for GPIO lookup
[   14.755111] am335x-phy-driver 47401b00.usb-phy: No GPIO consumer vbus-detect found
[   14.755258] am335x-phy-driver 47401b00.usb-phy: dummy supplies not allowed for exclusive requests (id=vbus)
[   14.922330] omap_rtc 44e3e000.rtc: registered as rtc0
[   14.927510] omap_rtc 44e3e000.rtc: setting system clock to 2000-01-01T00:00:00 UTC (946684800)
[   14.936320] omap_rtc 44e3e000.rtc: using DT '/ocp/interconnect@44c00000/segment@200000/target-module@3e000/rtc@0' for 'wp' GPIO lookup
[   14.936397] of_get_named_gpiod_flags: can't parse 'wp-gpios' property of node '/ocp/interconnect@44c00000/segment@200000/target-module@3e000/rtc@0[0]'
[   14.936448] of_get_named_gpiod_flags: can't parse 'wp-gpio' property of node '/ocp/interconnect@44c00000/segment@200000/target-module@3e000/rtc@0[0]'
[   14.936487] omap_rtc 44e3e000.rtc: using lookup tables for GPIO lookup
[   14.936502] omap_rtc 44e3e000.rtc: No GPIO consumer wp found
[   15.769410] musb-hdrc musb-hdrc.1: MUSB HDRC host driver
[   15.775054] musb-hdrc musb-hdrc.1: new USB bus registered, assigned bus number 1
[   16.064801] usb usb1: New USB device found, idVendor=1d6b, idProduct=0002, bcdDevice= 6.16
[   16.073246] usb usb1: New USB device strings: Mfr=3, Product=2, SerialNumber=1
[   16.080515] usb usb1: Product: MUSB HDRC host driver
[   16.085578] usb usb1: Manufacturer: Linux 6.16.7-90811-ge4c42304a8cd musb-hcd
[   16.092903] usb usb1: SerialNumber: musb-hdrc.1
[   16.288209] omap-mailbox 480c8000.mailbox: omap mailbox rev 0x400
[   16.411595] remoteproc remoteproc0: powering up wkup_m3
[   16.561914] hub 1-0:1.0: USB hub found
[   16.602202] hub 1-0:1.0: 1 port detected
[   16.819928] remoteproc remoteproc0: Direct firmware load for am335x-pm-firmware.elf failed with error -2
[   16.829661] remoteproc remoteproc0: request_firmware failed: -2
[   16.835676] wkup_m3_ipc 44e11324.wkup_m3_ipc: rproc_boot failed
[   17.429222] tda998x 0-0070: found TDA19988
[   19.740683] omap_rng 48310000.rng: Random Number Generator ver. 20
[   19.813899] tilcdc 4830e000.lcdc: bound 0-0070 (ops 0xbf0eb0f8)
[   19.890482] [drm] Initialized tilcdc 1.0.0 for 4830e000.lcdc on minor 0
[   19.956875] tilcdc 4830e000.lcdc: [drm] Cannot find any crtc or sizes
[   19.965215] tilcdc 4830e000.lcdc: [drm] Cannot find any crtc or sizes
[   20.563741] PM: Cannot get wkup_m3_ipc handle
[   20.654517] omap-sham 53100000.sham: hw accel on OMAP rev 4.3
[   20.767817] omap-sham 53100000.sham: will run requests pump with realtime priority
[   20.784013] PM: Cannot get wkup_m3_ipc handle
[   20.924479] omap-aes 53500000.aes: OMAP AES hw accel rev: 3.2
[   21.034598] omap-aes 53500000.aes: will run requests pump with realtime priority
[   21.054908] PM: Cannot get wkup_m3_ipc handle
[   23.048414] Bluetooth: Core ver 2.22
[   23.052459] NET: Registered PF_BLUETOOTH protocol family
[   23.057809] Bluetooth: HCI device and connection manager initialized
[   23.064325] Bluetooth: HCI socket layer initialized
[   23.069242] Bluetooth: L2CAP socket layer initialized
[   23.074395] Bluetooth: SCO socket layer initialized
[   24.530539] tda998x 0-0070: using DT '/ocp/interconnect@44c00000/segment@200000/target-module@b000/i2c@0/tda19988@70' for 'nxp,calib' GPIO lookup
[   24.530684] of_get_named_gpiod_flags: parsed 'nxp,calib-gpios' property of node '/ocp/interconnect@44c00000/segment@200000/target-module@b000/i2c@0/tda19988@70[0]' - status (0)
[   24.530768] gpio gpiochip0: Persistence not supported for GPIO 25
[   24.530784] gpio-537 (nxp,calib): no flags found for GPIO nxp,calib
[   24.535187] PM: Cannot get wkup_m3_ipc handle
[   24.540983] asoc-simple-card sound: using DT '/sound' for 'simple-audio-card,hp-det' GPIO lookup
[   24.541062] of_get_named_gpiod_flags: can't parse 'simple-audio-card,hp-det-gpios' property of node '/sound[0]'
[   24.541097] of_get_named_gpiod_flags: can't parse 'simple-audio-card,hp-det-gpio' property of node '/sound[0]'
[   24.541122] asoc-simple-card sound: using lookup tables for GPIO lookup
[   24.541135] asoc-simple-card sound: No GPIO consumer simple-audio-card,hp-det found
[   24.541149] asoc-simple-card sound: using DT '/sound' for 'simple-audio-card,mic-det' GPIO lookup
[   24.541174] of_get_named_gpiod_flags: can't parse 'simple-audio-card,mic-det-gpios' property of node '/sound[0]'
[   24.541199] of_get_named_gpiod_flags: can't parse 'simple-audio-card,mic-det-gpio' property of node '/sound[0]'
[   24.541219] asoc-simple-card sound: using lookup tables for GPIO lookup
[   24.541230] asoc-simple-card sound: No GPIO consumer simple-audio-card,mic-det found
[   24.543498] gpio-537 (nxp,calib): gpiod_direction_output_nonotify: tried to set a GPIO tied to an IRQ as output
[   24.677520] PM: Cannot get wkup_m3_ipc handle
[   24.828591] tda9950 0-0034: TDA9950 CEC interface, hardware version 3.3
[   24.909817] PM: Cannot get wkup_m3_ipc handle
[   27.185155] userial_init: registered 8 ttyGS* devices
[   27.402171] rndis_register: configNr = 0
[   27.488501] udc musb-hdrc.0: binding gadget driver [g_multi]
[   27.488599] configfs-gadget.g_multi gadget.0: adding 'rndis'/3ec854ea to config 'c'/64220584
[   27.489772] configfs-gadget.g_multi gadget.0: HOST MAC 1c:ba:8c:a2:ed:6c
[   27.496840] configfs-gadget.g_multi gadget.0: MAC 1c:ba:8c:a2:ed:70
[   27.505240] rndis_set_param_medium: 0 0
[   27.505262] configfs-gadget.g_multi gadget.0: RNDIS: IN/ep1in OUT/ep1out NOTIFY/ep2in
[   27.505279] configfs-gadget.g_multi gadget.0: adding 'cdc_ethernet'/cd8ef129 to config 'c'/64220584
[   27.506292] configfs-gadget.g_multi gadget.0: HOST MAC 1c:ba:8c:a2:ed:6c
[   27.513168] configfs-gadget.g_multi gadget.0: MAC 1c:ba:8c:a2:ed:6d
[   27.519504] configfs-gadget.g_multi gadget.0: CDC Ethernet: IN/ep3in OUT/ep2out NOTIFY/ep4in
[   27.519522] configfs-gadget.g_multi gadget.0: adding 'acm'/75f3158f to config 'c'/64220584
[   27.519571] configfs-gadget.g_multi gadget.0: acm ttyGS0: IN/ep5in OUT/ep3out NOTIFY/ep6in
[   27.531936] PM: Cannot get wkup_m3_ipc handle
[   28.640202] configfs-gadget.g_multi gadget.0: eth_open
[   29.936749] configfs-gadget.g_multi gadget.0: stop stats: rx/tx 0/0, errs 0/0
[   34.098580] gs_open: ttyGS0 (a33bdcb4,e87adc7e)
[   34.098733] gs_close: ttyGS0 (a33bdcb4,e87adc7e) ...
[   34.098756] gs_close: ttyGS0 (a33bdcb4,e87adc7e) done!
[   34.115926] gs_open: ttyGS0 (a33bdcb4,e87adc7e)
[   34.116042] gs_close: ttyGS0 (a33bdcb4,e87adc7e) ...
[   34.116065] gs_close: ttyGS0 (a33bdcb4,e87adc7e) done!
[   34.288349] gs_open: ttyGS0 (7ee3b4e6,80adc43a)
[   34.290540] gs_close: ttyGS0 (7ee3b4e6,80adc43a) ...
[   34.290603] gs_close: ttyGS0 (7ee3b4e6,80adc43a) done!
[   34.291078] gs_open: ttyGS0 (7ee3b4e6,b517dc2c)
NLMKFVSYSF 0
root@arm:~# echo 'AXHU''HWXOWT'
AXHUHWXOWT
root@arm:~# MARKER='TXNW''WZSTPX' run 'modprobe test_linear_ranges'
TXNWWZSTPXTXNWWZSTPX 0
root@arm:~# echo 'OXAN''BFLOYV'
OXANBFLOYV
root@arm:~# MARKER='NVKL''EXBWHX' run dmesg
NVKLEXBWHX[    0.000000] Booting Linux on physical CPU 0x0
[    0.000000] Linux version 6.16.7-90811-ge4c42304a8cd (user01@drvtest01) (arm-none-eabi-gcc (Arm GNU Toolchain 14.2.Rel1 (Build arm-14.52)) 14.2.1 20241119, GNU ld (Arm GNU Toolchain 14.2.Rel1 (Build arm-14.52)) 2.43.1.20241119) #1 SMP Thu Sep 11 21:22:31 EEST 2025
[    0.000000] CPU: ARMv7 Processor [413fc082] revision 2 (ARMv7), cr=10c5387d
[    0.000000] CPU: PIPT / VIPT nonaliasing data cache, VIPT aliasing instruction cache
[    0.000000] OF: fdt: Machine model: TI AM335x BeagleBone Black
[    0.000000] Memory policy: Data cache writeback
[    0.000000] cma: Reserved 16 MiB at 0x9e800000
[    0.000000] Zone ranges:
[    0.000000]   Normal   [mem 0x0000000080000000-0x000000009fdfffff]
[    0.000000]   HighMem  empty
[    0.000000] Movable zone start for each node
[    0.000000] Early memory node ranges
[    0.000000]   node   0: [mem 0x0000000080000000-0x000000009fdfffff]
[    0.000000] Initmem setup node 0 [mem 0x0000000080000000-0x000000009fdfffff]
[    0.000000] On node 0, zone Normal: 512 pages in unavailable ranges
[    0.000000] OF: reserved mem: Reserved memory: No reserved-memory node in the DT
[    0.000000] CPU: All CPU(s) started in SVC mode.
[    0.000000] AM335X ES2.1 (sgx neon)
[    0.000000] percpu: Embedded 17 pages/cpu s39820 r8192 d21620 u69632
[    0.000000] pcpu-alloc: s39820 r8192 d21620 u69632 alloc=17*4096
[    0.000000] pcpu-alloc: [0] 0 
[    0.000000] Kernel command line: console=ttyO0,115200n8 root=/dev/nfs rw nfsroot=192.168.255.126:/home/user01/nfs,nfsvers=3 ip=192.168.255.1:192.168.255.126::255.255.255.0:bbb1:eth0 nfsrootdebug
[    0.000000] Unknown kernel command line parameters "nfsrootdebug", will be passed to user space.
[    0.000000] printk: log buffer data + meta data: 65536 + 204800 = 270336 bytes
[    0.000000] Dentry cache hash table entries: 65536 (order: 6, 262144 bytes, linear)
[    0.000000] Inode-cache hash table entries: 32768 (order: 5, 131072 bytes, linear)
[    0.000000] Built 1 zonelists, mobility grouping on.  Total pages: 130560
[    0.000000] mem auto-init: stack:off, heap alloc:off, heap free:off
[    0.000000] SLUB: HWalign=16, Order=0-3, MinObjects=0, CPUs=1, Nodes=1
[    0.000000] rcu: Hierarchical RCU implementation.
[    0.000000] rcu: 	RCU event tracing is enabled.
[    0.000000] rcu: 	RCU restricting CPUs from NR_CPUS=2 to nr_cpu_ids=1.
[    0.000000] 	Tracing variant of Tasks RCU enabled.
[    0.000000] rcu: RCU calculated value of scheduler-enlistment delay is 10 jiffies.
[    0.000000] rcu: Adjusting geometry for rcu_fanout_leaf=16, nr_cpu_ids=1
[    0.000000] RCU Tasks Trace: Setting shift to 0 and lim to 1 rcu_task_cb_adjust=1 rcu_task_cpu_ids=1.
[    0.000000] NR_IRQS: 16, nr_irqs: 16, preallocated irqs: 16
[    0.000000] IRQ: Found an INTC at 0x(ptrval) (revision 5.0) with 128 interrupts
[    0.000000] rcu: srcu_init: Setting srcu_struct sizes based on contention.
[    0.000000] TI gptimer clocksource: always-on /ocp/interconnect@44c00000/segment@200000/target-module@31000
[    0.000003] sched_clock: 32 bits at 24MHz, resolution 41ns, wraps every 89478484971ns
[    0.000027] clocksource: dmtimer: mask: 0xffffffff max_cycles: 0xffffffff, max_idle_ns: 79635851949 ns
[    0.000512] TI gptimer clockevent: 24000000 Hz at /ocp/interconnect@48000000/segment@0/target-module@40000
[    0.002144] Console: colour dummy device 80x30
[    0.002209] WARNING: Your 'console=ttyO0' has been replaced by 'ttyS0'
[    0.002217] This ensures that you still see kernel messages. Please
[    0.002221] update your kernel commandline.
[    0.002264] Calibrating delay loop... 996.14 BogoMIPS (lpj=4980736)
[    0.090560] CPU: Testing write buffer coherency: ok
[    0.090673] CPU0: Spectre v2: using BPIALL workaround
[    0.090683] pid_max: default: 32768 minimum: 301
[    0.090839] LSM: initializing lsm=capability
[    0.091016] Mount-cache hash table entries: 1024 (order: 0, 4096 bytes, linear)
[    0.091036] Mountpoint-cache hash table entries: 1024 (order: 0, 4096 bytes, linear)
[    0.092668] CPU0: thread -1, cpu 0, socket -1, mpidr 0
[    0.092725] cacheinfo: Unable to detect cache hierarchy for CPU 0
[    0.094752] Setting up static identity map for 0x80100000 - 0x80100078
[    0.095083] rcu: Hierarchical SRCU implementation.
[    0.095093] rcu: 	Max phase no-delay instances is 1000.
[    0.096822] smp: Bringing up secondary CPUs ...
[    0.096877] smp: Brought up 1 node, 1 CPU
[    0.096890] SMP: Total of 1 processors activated (996.14 BogoMIPS).
[    0.096901] CPU: All CPU(s) started in SVC mode.
[    0.097094] Memory: 480820K/522240K available (11264K kernel code, 1221K rwdata, 2924K rodata, 1024K init, 287K bss, 23388K reserved, 16384K cma-reserved, 0K highmem)
[    0.097916] devtmpfs: initialized
[    0.115308] VFP support v0.3: implementor 41 architecture 3 part 30 variant c rev 3
[    0.115948] clocksource: jiffies: mask: 0xffffffff max_cycles: 0xffffffff, max_idle_ns: 19112604462750000 ns
[    0.116007] posixtimers hash table entries: 512 (order: 0, 4096 bytes, linear)
[    0.116030] futex hash table entries: 256 (16384 bytes on 1 NUMA nodes, total 16 KiB, linear).
[    0.117160] pinctrl core: initialized pinctrl subsystem
[    0.119224] NET: Registered PF_NETLINK/PF_ROUTE protocol family
[    0.122349] DMA: preallocated 256 KiB pool for atomic coherent allocations
[    0.123315] audit: initializing netlink subsys (disabled)
[    0.124675] thermal_sys: Registered thermal governor 'fair_share'
[    0.124692] thermal_sys: Registered thermal governor 'step_wise'
[    0.124702] thermal_sys: Registered thermal governor 'user_space'
[    0.124812] audit: type=2000 audit(0.120:1): state=initialized audit_enabled=0 res=1
[    0.124889] cpuidle: using governor menu
[    0.142812] /ocp/interconnect@44c00000/segment@200000/target-module@b000/i2c@0/tda19988@70: Fixed dependency cycle(s) with /ocp/interconnect@48000000/segment@300000/target-module@e000/lcdc@0
[    0.143931] /ocp/interconnect@48000000/segment@300000/target-module@e000/lcdc@0: Fixed dependency cycle(s) with /ocp/interconnect@44c00000/segment@200000/target-module@b000/i2c@0/tda19988@70
[    0.146124] No ATAGs?
[    0.146164] hw-breakpoint: debug architecture 0x4 unsupported.
[    0.148898] kprobes: kprobe jump-optimization is enabled. All kprobes are optimized if possible.
[    0.154241] iommu: Default domain type: Translated
[    0.154264] iommu: DMA domain TLB invalidation policy: strict mode
[    0.155844] reg-fixed-voltage fixedregulator0: using DT '/fixedregulator0' for '(default)' GPIO lookup
[    0.155899] of_get_named_gpiod_flags: can't parse 'gpios' property of node '/fixedregulator0[0]'
[    0.155928] of_get_named_gpiod_flags: can't parse 'gpio' property of node '/fixedregulator0[0]'
[    0.155945] reg-fixed-voltage fixedregulator0: using lookup tables for GPIO lookup
[    0.155955] reg-fixed-voltage fixedregulator0: No GPIO consumer (default) found
[    0.161367] SCSI subsystem initialized
[    0.161870] libata version 3.00 loaded.
[    0.162246] pps_core: LinuxPPS API ver. 1 registered
[    0.162257] pps_core: Software ver. 5.3.6 - Copyright 2005-2007 Rodolfo Giometti <giometti@linux.it>
[    0.162291] PTP clock support registered
[    0.170933] vgaarb: loaded
[    0.171311] clocksource: Switched to clocksource dmtimer
[    0.171981] VFS: Disk quotas dquot_6.6.0
[    0.172039] VFS: Dquot-cache hash table entries: 1024 (order 0, 4096 bytes)
[    0.197314] NET: Registered PF_INET protocol family
[    0.197657] IP idents hash table entries: 8192 (order: 4, 65536 bytes, linear)
[    0.199099] tcp_listen_portaddr_hash hash table entries: 512 (order: 0, 4096 bytes, linear)
[    0.199139] Table-perturb hash table entries: 65536 (order: 6, 262144 bytes, linear)
[    0.199158] TCP established hash table entries: 4096 (order: 2, 16384 bytes, linear)
[    0.199203] TCP bind hash table entries: 4096 (order: 4, 65536 bytes, linear)
[    0.199302] TCP: Hash tables configured (established 4096 bind 4096)
[    0.199425] UDP hash table entries: 256 (order: 1, 14336 bytes, linear)
[    0.199462] UDP-Lite hash table entries: 256 (order: 1, 14336 bytes, linear)
[    0.199647] NET: Registered PF_UNIX/PF_LOCAL protocol family
[    0.200944] RPC: Registered named UNIX socket transport module.
[    0.200963] RPC: Registered udp transport module.
[    0.200968] RPC: Registered tcp transport module.
[    0.200973] RPC: Registered tcp-with-tls transport module.
[    0.200978] RPC: Registered tcp NFSv4.1 backchannel transport module.
[    0.201001] PCI: CLS 0 bytes, default 64
[    0.202534] Initialise system trusted keyrings
[    0.211932] workingset: timestamp_bits=14 max_order=17 bucket_order=3
[    0.213292] NFS: Registering the id_resolver key type
[    0.213368] Key type id_resolver registered
[    0.213375] Key type id_legacy registered
[    0.213486] jffs2: version 2.2. (NAND) (SUMMARY)  Â© 2001-2006 Red Hat, Inc.
[    0.213951] Key type asymmetric registered
[    0.213967] Asymmetric key parser 'x509' registered
[    0.214040] io scheduler mq-deadline registered
[    0.214050] io scheduler kyber registered
[    0.214123] io scheduler bfq registered
[    0.216010] target-module@4b000000:target-module@140000:pmu@0:fck: device ID is greater than 24
[    0.222203] l3-aon-clkctrl:0000:0: failed to disable
[    0.231384] ledtrig-cpu: registered to indicate activity on CPUs
[    0.234248] Serial: 8250/16550 driver, 6 ports, IRQ sharing enabled
[    0.274754] brd: module loaded
[    0.302001] loop: module loaded
[    0.302936] mtdoops: mtd device (mtddev=name/number) must be supplied
[    0.304662] mdio_bus fixed-0: using lookup tables for GPIO lookup
[    0.304686] mdio_bus fixed-0: No GPIO consumer reset found
[    0.306064] i2c_dev: i2c /dev entries driver
[    0.307052] cpuidle: enable-method property 'ti,am3352' found operations
[    0.307500] sdhci: Secure Digital Host Controller Interface driver
[    0.307510] sdhci: Copyright(c) Pierre Ossman
[    0.307684] sdhci-pltfm: SDHCI platform and OF driver helper
[    0.315983] hw perfevents: enabled with armv7_cortex_a8 PMU driver, 5 (8000000f) counters available
[    0.316514] Initializing XFRM netlink socket
[    0.316700] NET: Registered PF_INET6 protocol family
[    0.322359] l3-aon-clkctrl:0000:0: failed to disable
[    0.337380] Segment Routing with IPv6
[    0.337468] In-situ OAM (IOAM) with IPv6
[    0.337565] sit: IPv6, IPv4 and MPLS over IPv4 tunneling driver
[    0.338535] NET: Registered PF_PACKET protocol family
[    0.338561] NET: Registered PF_KEY protocol family
[    0.338712] Key type dns_resolver registered
[    0.338934] ThumbEE CPU extension supported.
[    0.338956] Registering SWP/SWPB emulation handler
[    0.339492] omap_voltage_late_init: Voltage driver support not added
[    0.340185] SmartReflex Class3 initialized
[    0.366596] Loading compiled-in X.509 certificates
[    0.408240] /ocp/interconnect@44c00000/segment@200000/target-module@b000/i2c@0/tda19988@70: Fixed dependency cycle(s) with /ocp/interconnect@48000000/segment@300000/target-module@e000/lcdc@0
[    0.414834] /ocp/interconnect@44c00000/segment@200000/target-module@b000/i2c@0/tda19988@70: Fixed dependency cycle(s) with /ocp/interconnect@48000000/segment@300000/target-module@e000/lcdc@0
[    0.420297] gpiochip_find_base_unlocked: found new base at 512
[    0.431655] /ocp/interconnect@44c00000/segment@200000/target-module@b000/i2c@0/tda19988@70: Fixed dependency cycle(s) with /ocp/interconnect@48000000/segment@300000/target-module@e000/lcdc@0
[    0.432602] /ocp/interconnect@44c00000/segment@200000/target-module@b000/i2c@0/tda19988@70: Fixed dependency cycle(s) with /ocp/interconnect@48000000/segment@300000/target-module@e000/lcdc@0
[    0.436180] /ocp/interconnect@44c00000/segment@200000/target-module@10000/scm@0/pinmux@800: Fixed dependency cycle(s) with /ocp/interconnect@44c00000/segment@200000/target-module@10000/scm@0/pinmux@800/clkout2-pins
[    0.436785] pinctrl-single 44e10800.pinmux: 142 pins, size 568
[    0.442282] ti-sysc 44e31000.target-module: probe with driver ti-sysc failed with error -16
[    0.480500] /ocp/interconnect@48000000/segment@300000/target-module@e000/lcdc@0: Fixed dependency cycle(s) with /ocp/interconnect@44c00000/segment@200000/target-module@b000/i2c@0/tda19988@70
[    0.488868] ti-sysc 48040000.target-module: probe with driver ti-sysc failed with error -16
[    0.500368] gpiochip_find_base_unlocked: found new base at 512
[    0.500467] gpio gpiochip0: (gpio-0-31): created GPIO range 0->7 ==> 44e10800.pinmux PIN 0->7
[    0.500487] gpio gpiochip0: (gpio-0-31): created GPIO range 8->11 ==> 44e10800.pinmux PIN 90->93
[    0.500503] gpio gpiochip0: (gpio-0-31): created GPIO range 12->27 ==> 44e10800.pinmux PIN 12->27
[    0.500518] gpio gpiochip0: (gpio-0-31): created GPIO range 28->31 ==> 44e10800.pinmux PIN 30->33
[    0.528187] gpio gpiochip0: (gpio-0-31): added GPIO chardev (254:0)
[    0.528331] gpio gpiochip0: registered GPIOs 512 to 543 on gpio-0-31
[    0.528420] OMAP GPIO hardware version 0.1
[    0.563257] i2c i2c-2: using DT '/ocp/interconnect@48000000/segment@100000/target-module@9c000/i2c@0' for 'scl' GPIO lookup
[    0.563328] of_get_named_gpiod_flags: can't parse 'scl-gpios' property of node '/ocp/interconnect@48000000/segment@100000/target-module@9c000/i2c@0[0]'
[    0.563370] of_get_named_gpiod_flags: can't parse 'scl-gpio' property of node '/ocp/interconnect@48000000/segment@100000/target-module@9c000/i2c@0[0]'
[    0.563405] i2c i2c-2: using lookup tables for GPIO lookup
[    0.563415] i2c i2c-2: No GPIO consumer scl found
[    0.563436] i2c i2c-2: using DT '/ocp/interconnect@48000000/segment@100000/target-module@9c000/i2c@0' for 'sda' GPIO lookup
[    0.563471] of_get_named_gpiod_flags: can't parse 'sda-gpios' property of node '/ocp/interconnect@48000000/segment@100000/target-module@9c000/i2c@0[0]'
[    0.563508] of_get_named_gpiod_flags: can't parse 'sda-gpio' property of node '/ocp/interconnect@48000000/segment@100000/target-module@9c000/i2c@0[0]'
[    0.563539] i2c i2c-2: using lookup tables for GPIO lookup
[    0.563546] i2c i2c-2: No GPIO consumer sda found
[    0.564269] omap_i2c 4819c000.i2c: bus 2 rev0.11 at 100 kHz
[    0.569921] gpiochip_find_base_unlocked: found new base at 544
[    0.570021] gpio gpiochip1: (gpio-32-63): created GPIO range 0->17 ==> 44e10800.pinmux PIN 34->51
[    0.570042] gpio gpiochip1: (gpio-32-63): created GPIO range 18->21 ==> 44e10800.pinmux PIN 77->80
[    0.570059] gpio gpiochip1: (gpio-32-63): created GPIO range 22->31 ==> 44e10800.pinmux PIN 56->65
[    0.585677] gpio gpiochip1: (gpio-32-63): added GPIO chardev (254:1)
[    0.585834] gpio gpiochip1: registered GPIOs 544 to 575 on gpio-32-63
[    0.588138] gpiochip_find_base_unlocked: found new base at 576
[    0.588242] gpio gpiochip2: (gpio-64-95): created GPIO range 0->4 ==> 44e10800.pinmux PIN 66->70
[    0.588262] gpio gpiochip2: (gpio-64-95): created GPIO range 5->6 ==> 44e10800.pinmux PIN 98->99
[    0.588278] gpio gpiochip2: (gpio-64-95): created GPIO range 7->8 ==> 44e10800.pinmux PIN 75->76
[    0.588294] gpio gpiochip2: (gpio-64-95): created GPIO range 13->13 ==> 44e10800.pinmux PIN 141->141
[    0.588310] gpio gpiochip2: (gpio-64-95): created GPIO range 14->21 ==> 44e10800.pinmux PIN 100->107
[    0.588969] gpio gpiochip2: (gpio-64-95): added GPIO chardev (254:2)
[    0.589117] gpio gpiochip2: registered GPIOs 576 to 607 on gpio-64-95
[    0.595337] 48000000.interconnect:segment@200000:target-module@0:mpu@0:fck: device ID is greater than 24
[    0.596251] /ocp/interconnect@48000000/segment@300000/target-module@e000/lcdc@0: Fixed dependency cycle(s) with /ocp/interconnect@44c00000/segment@200000/target-module@b000/i2c@0/tda19988@70
[    0.599087] /ocp/interconnect@48000000/segment@300000/target-module@e000/lcdc@0: Fixed dependency cycle(s) with /ocp/interconnect@44c00000/segment@200000/target-module@b000/i2c@0/tda19988@70
[    0.599793] /ocp/interconnect@44c00000/segment@200000/target-module@b000/i2c@0/tda19988@70: Fixed dependency cycle(s) with /ocp/interconnect@48000000/segment@300000/target-module@e000/lcdc@0
[    0.599965] /ocp/interconnect@48000000/segment@300000/target-module@e000/lcdc@0: Fixed dependency cycle(s) with /ocp/interconnect@44c00000/segment@200000/target-module@b000/i2c@0/tda19988@70
[    0.609766] mdio_bus 4a101000.mdio: using DT '/ocp/interconnect@4a000000/segment@0/target-module@100000/switch@0/mdio@1000' for 'reset' GPIO lookup
[    0.609848] of_get_named_gpiod_flags: can't parse 'reset-gpios' property of node '/ocp/interconnect@4a000000/segment@0/target-module@100000/switch@0/mdio@1000[0]'
[    0.609894] of_get_named_gpiod_flags: can't parse 'reset-gpio' property of node '/ocp/interconnect@4a000000/segment@0/target-module@100000/switch@0/mdio@1000[0]'
[    0.609941] mdio_bus 4a101000.mdio: using lookup tables for GPIO lookup
[    0.609950] mdio_bus 4a101000.mdio: No GPIO consumer reset found
[    0.610943] sdhci-omap 481d8000.mmc: using DT '/ocp/interconnect@48000000/segment@100000/target-module@d8000/mmc@0' for 'wp' GPIO lookup
[    0.611003] of_get_named_gpiod_flags: can't parse 'wp-gpios' property of node '/ocp/interconnect@48000000/segment@100000/target-module@d8000/mmc@0[0]'
[    0.611043] of_get_named_gpiod_flags: can't parse 'wp-gpio' property of node '/ocp/interconnect@48000000/segment@100000/target-module@d8000/mmc@0[0]'
[    0.611077] sdhci-omap 481d8000.mmc: using lookup tables for GPIO lookup
[    0.611086] sdhci-omap 481d8000.mmc: No GPIO consumer wp found
[    0.611437] sdhci-omap 481d8000.mmc: supply pbias not found, using dummy regulator
[    0.611958] sdhci-omap 481d8000.mmc: supply vqmmc not found, using dummy regulator
[    0.661563] davinci_mdio 4a101000.mdio: davinci mdio revision 1.6, bus freq 1000000
[    0.701606] mdio_bus 4a101000.mdio:00: using DT '/ocp/interconnect@4a000000/segment@0/target-module@100000/switch@0/mdio@1000/ethernet-phy@0' for 'reset' GPIO lookup
[    0.701710] of_get_named_gpiod_flags: parsed 'reset-gpios' property of node '/ocp/interconnect@4a000000/segment@0/target-module@100000/switch@0/mdio@1000/ethernet-phy@0[0]' - status (0)
[    0.701872] gpio gpiochip0: Persistence not supported for GPIO 8
[    0.826215] davinci_mdio 4a101000.mdio: phy[0]: device 4a101000.mdio:00, driver SMSC LAN8710/LAN8720
[    0.826978] cpsw-switch 4a100000.switch: initialized cpsw ale version 1.4
[    0.827003] cpsw-switch 4a100000.switch: ALE Table size 1024, Policers 0
[    0.827147] cpsw-switch 4a100000.switch: cpts: overflow check period 500 (jiffies)
[    0.827162] cpsw-switch 4a100000.switch: CPTS: ref_clk_freq:250000000 calc_mult:2147483648 calc_shift:29 error:0 nsec/sec
[    0.827277] cpsw-switch 4a100000.switch: Detected MACID = 6c:ec:eb:68:de:78
[    0.829157] cpsw-switch 4a100000.switch: initialized (regs 0x4a100000, pool size 256) hw_ver:0019010C 1.12 (0)
[    0.840203] debugfs: Directory '49000000.dma' with parent 'dmaengine' already present!
[    0.840245] edma 49000000.dma: TI EDMA DMA engine driver
[    0.890884] gpio-clk clk_mcasp0: using DT '/clk_mcasp0' for 'enable' GPIO lookup
[    0.890968] of_get_named_gpiod_flags: parsed 'enable-gpios' property of node '/clk_mcasp0[0]' - status (0)
[    0.891012] gpio gpiochip0: Persistence not supported for GPIO 27
[    0.892149] gpiochip_find_base_unlocked: found new base at 608
[    0.892264] gpio gpiochip3: (gpio-96-127): created GPIO range 0->7 ==> 44e10800.pinmux PIN 82->89
[    0.892286] gpio gpiochip3: (gpio-96-127): created GPIO range 8->11 ==> 44e10800.pinmux PIN 52->55
[    0.892303] gpio gpiochip3: (gpio-96-127): created GPIO range 12->15 ==> 44e10800.pinmux PIN 94->97
[    0.892318] gpio gpiochip3: (gpio-96-127): created GPIO range 16->17 ==> 44e10800.pinmux PIN 71->72
[    0.892335] gpio gpiochip3: (gpio-96-127): created GPIO range 18->18 ==> 44e10800.pinmux PIN 135->135
[    0.892351] gpio gpiochip3: (gpio-96-127): created GPIO range 19->20 ==> 44e10800.pinmux PIN 108->109
[    0.892367] gpio gpiochip3: (gpio-96-127): created GPIO range 21->21 ==> 44e10800.pinmux PIN 73->73
[    0.892385] gpio gpiochip3: (gpio-96-127): created GPIO range 22->23 ==> 44e10800.pinmux PIN 8->9
[    0.892402] gpio gpiochip3: (gpio-96-127): created GPIO range 26->27 ==> 44e10800.pinmux PIN 10->11
[    0.892419] gpio gpiochip3: (gpio-96-127): created GPIO range 28->28 ==> 44e10800.pinmux PIN 74->74
[    0.892437] gpio gpiochip3: (gpio-96-127): created GPIO range 29->29 ==> 44e10800.pinmux PIN 81->81
[    0.892455] gpio gpiochip3: (gpio-96-127): created GPIO range 30->31 ==> 44e10800.pinmux PIN 28->29
[    0.904770] gpio gpiochip3: (gpio-96-127): added GPIO chardev (254:3)
[    0.904934] gpio gpiochip3: registered GPIOs 608 to 639 on gpio-96-127
[    0.906863] omap8250 44e09000.serial: using DT '/ocp/interconnect@44c00000/segment@200000/target-module@9000/serial@0' for 'rs485-term' GPIO lookup
[    0.906936] of_get_named_gpiod_flags: can't parse 'rs485-term-gpios' property of node '/ocp/interconnect@44c00000/segment@200000/target-module@9000/serial@0[0]'
[    0.906978] of_get_named_gpiod_flags: can't parse 'rs485-term-gpio' property of node '/ocp/interconnect@44c00000/segment@200000/target-module@9000/serial@0[0]'
[    0.907014] omap8250 44e09000.serial: using lookup tables for GPIO lookup
[    0.907024] omap8250 44e09000.serial: No GPIO consumer rs485-term found
[    0.907034] omap8250 44e09000.serial: using DT '/ocp/interconnect@44c00000/segment@200000/target-module@9000/serial@0' for 'rs485-rx-during-tx' GPIO lookup
[    0.907069] of_get_named_gpiod_flags: can't parse 'rs485-rx-during-tx-gpios' property of node '/ocp/interconnect@44c00000/segment@200000/target-module@9000/serial@0[0]'
[    0.907106] of_get_named_gpiod_flags: can't parse 'rs485-rx-during-tx-gpio' property of node '/ocp/interconnect@44c00000/segment@200000/target-module@9000/serial@0[0]'
[    0.907137] omap8250 44e09000.serial: using lookup tables for GPIO lookup
[    0.907146] omap8250 44e09000.serial: No GPIO consumer rs485-rx-during-tx found
[    0.907571] 44e09000.serial: ttyS0 at MMIO 0x44e09000 (irq = 34, base_baud = 3000000) is a 8250
[    0.907662] printk: legacy console [ttyS0] enabled
[    2.388263] i2c i2c-0: using DT '/ocp/interconnect@44c00000/segment@200000/target-module@b000/i2c@0' for 'scl' GPIO lookup
[    2.388353] of_get_named_gpiod_flags: can't parse 'scl-gpios' property of node '/ocp/interconnect@44c00000/segment@200000/target-module@b000/i2c@0[0]'
[    2.388402] of_get_named_gpiod_flags: can't parse 'scl-gpio' property of node '/ocp/interconnect@44c00000/segment@200000/target-module@b000/i2c@0[0]'
[    2.388441] i2c i2c-0: using lookup tables for GPIO lookup
[    2.388455] i2c i2c-0: No GPIO consumer scl found
[    2.388479] i2c i2c-0: using DT '/ocp/interconnect@44c00000/segment@200000/target-module@b000/i2c@0' for 'sda' GPIO lookup
[    2.388520] of_get_named_gpiod_flags: can't parse 'sda-gpios' property of node '/ocp/interconnect@44c00000/segment@200000/target-module@b000/i2c@0[0]'
[    2.388560] of_get_named_gpiod_flags: can't parse 'sda-gpio' property of node '/ocp/interconnect@44c00000/segment@200000/target-module@b000/i2c@0[0]'
[    2.388595] i2c i2c-0: using lookup tables for GPIO lookup
[    2.388606] i2c i2c-0: No GPIO consumer sda found
[    2.402287] tps65217-pmic: Failed to locate of_node [id: -1]
[    2.408351] tps65217-bl: Failed to locate of_node [id: -1]
[    2.414408] platform tps65217-charger: DMA mask not set
[    2.420454] platform tps65217-pwrbutton: DMA mask not set
[    2.427841] tps65217 0-0024: TPS65217 ID 0xe version 1.2
[    2.433990] /ocp/interconnect@48000000/segment@300000/target-module@e000/lcdc@0: Fixed dependency cycle(s) with /ocp/interconnect@44c00000/segment@200000/target-module@b000/i2c@0/tda19988@70
[    2.451401] /ocp/interconnect@44c00000/segment@200000/target-module@b000/i2c@0/tda19988@70: Fixed dependency cycle(s) with /ocp/interconnect@48000000/segment@300000/target-module@e000/lcdc@0
[    2.468745] omap_i2c 44e0b000.i2c: bus 0 rev0.11 at 400 kHz
[    2.476420] sdhci-omap 48060000.mmc: using DT '/ocp/interconnect@48000000/segment@0/target-module@60000/mmc@0' for 'cd' GPIO lookup
[    2.476526] of_get_named_gpiod_flags: parsed 'cd-gpios' property of node '/ocp/interconnect@48000000/segment@0/target-module@60000/mmc@0[0]' - status (0)
[    2.476593] gpio gpiochip3: Persistence not supported for GPIO 6
[    2.476618] omap_gpio 44e07000.gpio: Could not set line 6 debounce to 200000 microseconds (-22)
[    2.485562] sdhci-omap 48060000.mmc: Got CD GPIO
[    2.490219] sdhci-omap 48060000.mmc: using DT '/ocp/interconnect@48000000/segment@0/target-module@60000/mmc@0' for 'wp' GPIO lookup
[    2.490269] of_get_named_gpiod_flags: can't parse 'wp-gpios' property of node '/ocp/interconnect@48000000/segment@0/target-module@60000/mmc@0[0]'
[    2.490315] of_get_named_gpiod_flags: can't parse 'wp-gpio' property of node '/ocp/interconnect@48000000/segment@0/target-module@60000/mmc@0[0]'
[    2.490352] sdhci-omap 48060000.mmc: using lookup tables for GPIO lookup
[    2.490366] sdhci-omap 48060000.mmc: No GPIO consumer wp found
[    2.490572] sdhci-omap 48060000.mmc: supply pbias not found, using dummy regulator
[    2.499374] sdhci-omap 481d8000.mmc: using DT '/ocp/interconnect@48000000/segment@100000/target-module@d8000/mmc@0' for 'wp' GPIO lookup
[    2.499452] of_get_named_gpiod_flags: can't parse 'wp-gpios' property of node '/ocp/interconnect@48000000/segment@100000/target-module@d8000/mmc@0[0]'
