Labgrid Console Logfile for main
Logfile started at 2025-08-05 10:57:49.807465
=== Log starts here ===
reading args
spl_load_image_fat_os: error reading image args, err - -1
reading u-boot.img
reading u-boot.img


U-Boot 2014.04-00014-g47880f5 (Apr 22 2014 - 13:23:54)

I2C:   ready
DRAM:  512 MiB
NAND:  0 MiB
MMC:   OMAP SD/MMC: 0, OMAP SD/MMC: 1
*** Warning - readenv() failed, using default environment

Net:   <ethaddr> not set. Validating first E-fuse MAC
cpsw, usb_ether
Hit any key to stop autoboot:  1  0 
gpio: pin 53 (gpio 53) value is 1
mmc0 is current device
gpio: pin 54 (gpio 54) value is 1
SD/MMC found on device 0
reading uEnv.txt
569 bytes read in 3 ms (184.6 KiB/s)
gpio: pin 55 (gpio 55) value is 1
Loaded environment from uEnv.txt
Importing environment from mmc ...
Checking if uenvcmd is set ...
gpio: pin 56 (gpio 56) value is 1
Running uenvcmd ...
cpsw Waiting for PHY auto negotiation to complete. done
link up on port 0, speed 100, full duplex
Using cpsw device
TFTP from server 192.168.255.126; our IP address is 192.168.255.1
Filename 'zImage'.
Load address: 0x81000000
Loading: *#################################################################
	 #################################################################
	 #################################################################
	 #################################################################
	 #################################################################
	 ############################################################
	 2.4 MiB/s
done
Bytes transferred = 5649792 (563580 hex)
link up on port 0, speed 100, full duplex
Using cpsw device
TFTP from server 192.168.255.126; our IP address is 192.168.255.1
Filename 'am335x-boneblack.dtb'.
Load address: 0x82000000
Loading: *#######
	 2.4 MiB/s
done
Bytes transferred = 98244 (17fc4 hex)
Kernel image @ 0x81000000 [ 0x000000 - 0x563580 ]
## Flattened Device Tree blob at 82000000
   Booting using the fdt blob at 0x82000000
   Using Device Tree in place at 82000000, end 8201afc3

Starting kernel ...

[    0.000000] Booting Linux on physical CPU 0x0
[    0.000000] Linux version 6.16.0-next-20250805 (user01@drvtest01) (arm-none-eabi-gcc (Arm GNU Toolchain 14.2.Rel1 (Build arm-14.52)) 14.2.1 20241119, GNU ld (Arm GNU Toolchain 14.2.Rel1 (Build arm-14.52)) 2.43.1.20241119) #1 SMP Tue Aug  5 10:54:09 EEST 2025
[    0.000000] CPU: ARMv7 Processor [413fc082] revision 2 (ARMv7), cr=10c5387d
[    0.000000] CPU: PIPT / VIPT nonaliasing data cache, VIPT aliasing instruction cache
[    0.000000] OF: fdt: Machine model: TI AM335x BeagleBone Black
[    0.000000] Memory policy: Data cache writeback
[    0.000000] cma: Reserved 16 MiB at 0x9e800000
[    0.000000] Zone ranges:
[    0.000000]   Normal   [mem 0x0000000080000000-0x000000009fdfffff]
[    0.000000]   HighMem  empty
[    0.000000] Movable zone start for each node
[    0.000000] Early memory node ranges
[    0.000000]   node   0: [mem 0x0000000080000000-0x000000009fdfffff]
[    0.000000] Initmem setup node 0 [mem 0x0000000080000000-0x000000009fdfffff]
[    0.000000] On node 0, zone Normal: 512 pages in unavailable ranges
[    0.000000] OF: reserved mem: Reserved memory: No reserved-memory node in the DT
[    0.000000] CPU: All CPU(s) started in SVC mode.
[    0.000000] AM335X ES2.1 (sgx neon)
[    0.000000] percpu: Embedded 17 pages/cpu s39820 r8192 d21620 u69632
[    0.000000] Kernel command line: console=ttyO0,115200n8 root=/dev/nfs rw nfsroot=192.168.255.126:/home/user01/nfs,nfsvers=3 ip=192.168.255.1:192.168.255.126::255.255.255.0:bbb1:eth0 nfsrootdebug
[    0.000000] Unknown kernel command line parameters "nfsrootdebug", will be passed to user space.
[    0.000000] printk: log buffer data + meta data: 65536 + 204800 = 270336 bytes
[    0.000000] Dentry cache hash table entries: 65536 (order: 6, 262144 bytes, linear)
[    0.000000] Inode-cache hash table entries: 32768 (order: 5, 131072 bytes, linear)
[    0.000000] Built 1 zonelists, mobility grouping on.  Total pages: 130560
[    0.000000] mem auto-init: stack:off, heap alloc:off, heap free:off
[    0.000000] SLUB: HWalign=16, Order=0-3, MinObjects=0, CPUs=1, Nodes=1
[    0.000000] rcu: Hierarchical RCU implementation.
[    0.000000] rcu: 	RCU event tracing is enabled.
[    0.000000] rcu: 	RCU restricting CPUs from NR_CPUS=2 to nr_cpu_ids=1.
[    0.000000] 	Tracing variant of Tasks RCU enabled.
[    0.000000] rcu: RCU calculated value of scheduler-enlistment delay is 10 jiffies.
[    0.000000] rcu: Adjusting geometry for rcu_fanout_leaf=16, nr_cpu_ids=1
[    0.000000] RCU Tasks Trace: Setting shift to 0 and lim to 1 rcu_task_cb_adjust=1 rcu_task_cpu_ids=1.
[    0.000000] NR_IRQS: 16, nr_irqs: 16, preallocated irqs: 16
[    0.000000] IRQ: Found an INTC at 0x(ptrval) (revision 5.0) with 128 interrupts
[    0.000000] rcu: srcu_init: Setting srcu_struct sizes based on contention.
[    0.000000] TI gptimer clocksource: always-on /ocp/interconnect@44c00000/segment@200000/target-module@31000
[    0.000003] sched_clock: 32 bits at 24MHz, resolution 41ns, wraps every 89478484971ns
[    0.000026] clocksource: dmtimer: mask: 0xffffffff max_cycles: 0xffffffff, max_idle_ns: 79635851949 ns
[    0.000526] TI gptimer clockevent: 24000000 Hz at /ocp/interconnect@48000000/segment@0/target-module@40000
[    0.002137] Console: colour dummy device 80x30
[    0.002201] WARNING: Your 'console=ttyO0' has been replaced by 'ttyS0'
[    0.002209] This ensures that you still see kernel messages. Please
[    0.002213] update your kernel commandline.
[    0.002256] Calibrating delay loop... 996.14 BogoMIPS (lpj=4980736)
[    0.090579] CPU: Testing write buffer coherency: ok
[    0.090690] CPU0: Spectre v2: using BPIALL workaround
[    0.090701] pid_max: default: 32768 minimum: 301
[    0.090859] LSM: initializing lsm=capability
[    0.091025] Mount-cache hash table entries: 1024 (order: 0, 4096 bytes, linear)
[    0.091045] Mountpoint-cache hash table entries: 1024 (order: 0, 4096 bytes, linear)
[    0.092612] CPU0: thread -1, cpu 0, socket -1, mpidr 0
[    0.092671] cacheinfo: Unable to detect cache hierarchy for CPU 0
[    0.094743] Setting up static identity map for 0x80100000 - 0x80100078
[    0.095060] rcu: Hierarchical SRCU implementation.
[    0.095071] rcu: 	Max phase no-delay instances is 1000.
[    0.096812] smp: Bringing up secondary CPUs ...
[    0.096864] smp: Brought up 1 node, 1 CPU
[    0.096876] SMP: Total of 1 processors activated (996.14 BogoMIPS).
[    0.096888] CPU: All CPU(s) started in SVC mode.
[    0.097083] Memory: 480856K/522240K available (11264K kernel code, 1218K rwdata, 2936K rodata, 1024K init, 254K bss, 23352K reserved, 16384K cma-reserved, 0K highmem)
[    0.097905] devtmpfs: initialized
[    0.114974] VFP support v0.3: implementor 41 architecture 3 part 30 variant c rev 3
[    0.115612] clocksource: jiffies: mask: 0xffffffff max_cycles: 0xffffffff, max_idle_ns: 19112604462750000 ns
[    0.115671] posixtimers hash table entries: 512 (order: 0, 4096 bytes, linear)
[    0.115698] futex hash table entries: 256 (16384 bytes on 1 NUMA nodes, total 16 KiB, linear).
[    0.116823] pinctrl core: initialized pinctrl subsystem
[    0.118946] NET: Registered PF_NETLINK/PF_ROUTE protocol family
[    0.122117] DMA: preallocated 256 KiB pool for atomic coherent allocations
[    0.122720] audit: initializing netlink subsys (disabled)
[    0.124048] thermal_sys: Registered thermal governor 'fair_share'
[    0.124063] thermal_sys: Registered thermal governor 'step_wise'
[    0.124073] thermal_sys: Registered thermal governor 'user_space'
[    0.124184] audit: type=2000 audit(0.120:1): state=initialized audit_enabled=0 res=1
[    0.124254] cpuidle: using governor menu
[    0.142228] /ocp/interconnect@44c00000/segment@200000/target-module@b000/i2c@0/tda19988@70: Fixed dependency cycle(s) with /ocp/interconnect@48000000/segment@300000/target-module@e000/lcdc@0
[    0.143378] /ocp/interconnect@48000000/segment@300000/target-module@e000/lcdc@0: Fixed dependency cycle(s) with /ocp/interconnect@44c00000/segment@200000/target-module@b000/i2c@0/tda19988@70
[    0.145597] No ATAGs?
[    0.145640] hw-breakpoint: debug architecture 0x4 unsupported.
[    0.148730] kprobes: kprobe jump-optimization is enabled. All kprobes are optimized if possible.
[    0.153780] iommu: Default domain type: Translated
[    0.153803] iommu: DMA domain TLB invalidation policy: strict mode
[    0.161646] SCSI subsystem initialized
[    0.162527] pps_core: LinuxPPS API ver. 1 registered
[    0.162538] pps_core: Software ver. 5.3.6 - Copyright 2005-2007 Rodolfo Giometti <giometti@linux.it>
[    0.162562] PTP clock support registered
[    0.171051] vgaarb: loaded
[    0.171431] clocksource: Switched to clocksource dmtimer
[    0.172101] VFS: Disk quotas dquot_6.6.0
[    0.172160] VFS: Dquot-cache hash table entries: 1024 (order 0, 4096 bytes)
[    0.196550] NET: Registered PF_INET protocol family
[    0.196890] IP idents hash table entries: 8192 (order: 4, 65536 bytes, linear)
[    0.198310] tcp_listen_portaddr_hash hash table entries: 512 (order: 0, 4096 bytes, linear)
[    0.198346] Table-perturb hash table entries: 65536 (order: 6, 262144 bytes, linear)
[    0.198366] TCP established hash table entries: 4096 (order: 2, 16384 bytes, linear)
[    0.198411] TCP bind hash table entries: 4096 (order: 4, 65536 bytes, linear)
[    0.198511] TCP: Hash tables configured (established 4096 bind 4096)
[    0.198630] UDP hash table entries: 256 (order: 1, 14336 bytes, linear)
[    0.198664] UDP-Lite hash table entries: 256 (order: 1, 14336 bytes, linear)
[    0.198859] NET: Registered PF_UNIX/PF_LOCAL protocol family
[    0.200130] RPC: Registered named UNIX socket transport module.
[    0.200150] RPC: Registered udp transport module.
[    0.200155] RPC: Registered tcp transport module.
[    0.200160] RPC: Registered tcp-with-tls transport module.
[    0.200165] RPC: Registered tcp NFSv4.1 backchannel transport module.
[    0.200191] PCI: CLS 0 bytes, default 64
[    0.201733] Initialise system trusted keyrings
[    0.212054] workingset: timestamp_bits=14 max_order=17 bucket_order=3
[    0.213487] NFS: Registering the id_resolver key type
[    0.213553] Key type id_resolver registered
[    0.213559] Key type id_legacy registered
[    0.213670] jffs2: version 2.2. (NAND) (SUMMARY)  Â© 2001-2006 Red Hat, Inc.
[    0.214125] Key type asymmetric registered
[    0.214142] Asymmetric key parser 'x509' registered
[    0.214211] io scheduler mq-deadline registered
[    0.214221] io scheduler kyber registered
[    0.214299] io scheduler bfq registered
[    0.216195] target-module@4b000000:target-module@140000:pmu@0:fck: device ID is greater than 24
[    0.222394] l3-aon-clkctrl:0000:0: failed to disable
[    0.231585] ledtrig-cpu: registered to indicate activity on CPUs
[    0.235358] Serial: 8250/16550 driver, 6 ports, IRQ sharing enabled
[    0.281790] brd: module loaded
[    0.290220] loop: module loaded
[    0.291153] mtdoops: mtd device (mtddev=name/number) must be supplied
[    0.294455] i2c_dev: i2c /dev entries driver
[    0.295454] cpuidle: enable-method property 'ti,am3352' found operations
[    0.295902] sdhci: Secure Digital Host Controller Interface driver
[    0.295912] sdhci: Copyright(c) Pierre Ossman
[    0.296088] sdhci-pltfm: SDHCI platform and OF driver helper
[    0.316557] hw perfevents: enabled with armv7_cortex_a8 PMU driver, 5 (8000000f) counters available
[    0.317094] Initializing XFRM netlink socket
[    0.317284] NET: Registered PF_INET6 protocol family
[    0.322951] l3-aon-clkctrl:0000:0: failed to disable
[    0.324596] Segment Routing with IPv6
[    0.324683] In-situ OAM (IOAM) with IPv6
[    0.324779] sit: IPv6, IPv4 and MPLS over IPv4 tunneling driver
[    0.325737] NET: Registered PF_PACKET protocol family
[    0.325763] NET: Registered PF_KEY protocol family
[    0.325962] Key type dns_resolver registered
[    0.326184] ThumbEE CPU extension supported.
[    0.326203] Registering SWP/SWPB emulation handler
[    0.326738] omap_voltage_late_init: Voltage driver support not added
[    0.327401] SmartReflex Class3 initialized
[    0.358217] Loading compiled-in X.509 certificates
[    0.403088] /ocp/interconnect@44c00000/segment@200000/target-module@b000/i2c@0/tda19988@70: Fixed dependency cycle(s) with /ocp/interconnect@48000000/segment@300000/target-module@e000/lcdc@0
[    0.409572] /ocp/interconnect@44c00000/segment@200000/target-module@b000/i2c@0/tda19988@70: Fixed dependency cycle(s) with /ocp/interconnect@48000000/segment@300000/target-module@e000/lcdc@0
[    0.430175] /ocp/interconnect@44c00000/segment@200000/target-module@b000/i2c@0/tda19988@70: Fixed dependency cycle(s) with /ocp/interconnect@48000000/segment@300000/target-module@e000/lcdc@0
[    0.431063] /ocp/interconnect@44c00000/segment@200000/target-module@b000/i2c@0/tda19988@70: Fixed dependency cycle(s) with /ocp/interconnect@48000000/segment@300000/target-module@e000/lcdc@0
[    0.434936] /ocp/interconnect@44c00000/segment@200000/target-module@10000/scm@0/pinmux@800: Fixed dependency cycle(s) with /ocp/interconnect@44c00000/segment@200000/target-module@10000/scm@0/pinmux@800/clkout2-pins
[    0.435539] pinctrl-single 44e10800.pinmux: 142 pins, size 568
[    0.440868] ti-sysc 44e31000.target-module: probe with driver ti-sysc failed with error -16
[    0.477309] /ocp/interconnect@48000000/segment@300000/target-module@e000/lcdc@0: Fixed dependency cycle(s) with /ocp/interconnect@44c00000/segment@200000/target-module@b000/i2c@0/tda19988@70
[    0.485827] ti-sysc 48040000.target-module: probe with driver ti-sysc failed with error -16
[    0.522578] OMAP GPIO hardware version 0.1
[    0.558161] omap_i2c 4819c000.i2c: bus 2 rev0.11 at 100 kHz
[    0.588777] 48000000.interconnect:segment@200000:target-module@0:mpu@0:fck: device ID is greater than 24
[    0.589674] /ocp/interconnect@48000000/segment@300000/target-module@e000/lcdc@0: Fixed dependency cycle(s) with /ocp/interconnect@44c00000/segment@200000/target-module@b000/i2c@0/tda19988@70
[    0.592798] /ocp/interconnect@48000000/segment@300000/target-module@e000/lcdc@0: Fixed dependency cycle(s) with /ocp/interconnect@44c00000/segment@200000/target-module@b000/i2c@0/tda19988@70
[    0.593543] /ocp/interconnect@44c00000/segment@200000/target-module@b000/i2c@0/tda19988@70: Fixed dependency cycle(s) with /ocp/interconnect@48000000/segment@300000/target-module@e000/lcdc@0
[    0.593707] /ocp/interconnect@48000000/segment@300000/target-module@e000/lcdc@0: Fixed dependency cycle(s) with /ocp/interconnect@44c00000/segment@200000/target-module@b000/i2c@0/tda19988@70
[    0.605205] sdhci-omap 481d8000.mmc: supply pbias not found, using dummy regulator
[    0.605690] sdhci-omap 481d8000.mmc: supply vqmmc not found, using dummy regulator
[    0.657267] davinci_mdio 4a101000.mdio: davinci mdio revision 1.6, bus freq 1000000
[    0.732714] mdio_bus 4a101000.mdio:00: Resources present before probing
[    0.732753] davinci_mdio 4a101000.mdio: phy[0]: device 4a101000.mdio:00, driver unknown
[    0.733526] cpsw-switch 4a100000.switch: initialized cpsw ale version 1.4
[    0.733546] cpsw-switch 4a100000.switch: ALE Table size 1024, Policers 0
[    0.733861] cpsw-switch 4a100000.switch: cpts: overflow check period 500 (jiffies)
[    0.733881] cpsw-switch 4a100000.switch: CPTS: ref_clk_freq:250000000 calc_mult:2147483648 calc_shift:29 error:0 nsec/sec
[    0.733990] cpsw-switch 4a100000.switch: Detected MACID = 6c:ec:eb:68:de:78
[    0.735834] cpsw-switch 4a100000.switch: initialized (regs 0x4a100000, pool size 256) hw_ver:0019010C 1.12 (0)
[    0.747010] debugfs: '49000000.dma' already exists in 'dmaengine'
[    0.747054] edma 49000000.dma: TI EDMA DMA engine driver
[    0.819341] 44e09000.serial: ttyS0 at MMIO 0x44e09000 (irq = 34, base_baud = 3000000) is a 8250
[    0.819433] printk: legacy console [ttyS0] enabled
[    2.442380] tps65217-pmic: Failed to locate of_node [id: -1]
[    2.448436] tps65217-bl: Failed to locate of_node [id: -1]
[    2.454524] platform tps65217-charger: DMA mask not set
[    2.460569] platform tps65217-pwrbutton: DMA mask not set
[    2.467879] tps65217 0-0024: TPS65217 ID 0xe version 1.2
[    2.474021] /ocp/interconnect@48000000/segment@300000/target-module@e000/lcdc@0: Fixed dependency cycle(s) with /ocp/interconnect@44c00000/segment@200000/target-module@b000/i2c@0/tda19988@70
[    2.491449] /ocp/interconnect@44c00000/segment@200000/target-module@b000/i2c@0/tda19988@70: Fixed dependency cycle(s) with /ocp/interconnect@48000000/segment@300000/target-module@e000/lcdc@0
[    2.508805] omap_i2c 44e0b000.i2c: bus 0 rev0.11 at 400 kHz
[    2.516694] omap_gpio 44e07000.gpio: Could not set line 6 debounce to 200000 microseconds (-22)
[    2.525620] sdhci-omap 48060000.mmc: Got CD GPIO
[    2.530637] sdhci-omap 48060000.mmc: supply pbias not found, using dummy regulator
[    2.540863] sdhci-omap 48060000.mmc: supply vqmmc not found, using dummy regulator
[    2.549947] sdhci-omap 481d8000.mmc: supply pbias not found, using dummy regulator
[    2.559640] sdhci-omap 481d8000.mmc: supply vqmmc not found, using dummy regulator
[    2.595145] mmc0: SDHCI controller on 48060000.mmc [48060000.mmc] using External DMA
[    2.603465] mmc1: SDHCI controller on 481d8000.mmc [481d8000.mmc] using External DMA
[    2.612262] cpsw-switch 4a100000.switch: starting ndev. mode: dual_mac
[    2.625497] Generic PHY 4a101000.mdio:00: attached PHY driver (mii_bus:phy_addr=4a101000.mdio:00, irq=POLL)
[    2.643600] cpsw-switch 4a100000.switch eth0: Link is Up - 100Mbps/Full - flow control off
[    2.681455] IP-Config: Complete:
[    2.684730]      device=eth0, hwaddr=6c:ec:eb:68:de:78, ipaddr=192.168.255.1, mask=255.255.255.0, gw=255.255.255.255
[    2.695348]      host=bbb1, domain=, nis-domain=(none)
[    2.700515]      bootserver=192.168.255.126, rootserver=192.168.255.126, rootpath=
[    2.700945] clk: Disabling unused clocks
[    2.712853] KTAP version 1
[    2.715586] 1..0
[    2.718450] check access for rdinit=/init failed: -2, ignoring
[    2.747533] VFS: Mounted root (nfs filesystem) on device 0:17.
[    2.754716] devtmpfs: mounted
[    2.759308] Freeing unused kernel image (initmem) memory: 1024K
[    2.766396] Run /sbin/init as init process
[    2.774093] mmc1: new high speed MMC card at address 0001
[    2.782401] mmcblk1: mmc1:0001 MMC04G 3.60 GiB
[    2.792335]  mmcblk1: p1 p2
[    2.801326] mmcblk1boot0: mmc1:0001 MMC04G 2.00 MiB
[    2.829524] mmcblk1boot1: mmc1:0001 MMC04G 2.00 MiB
[    2.841907] mmc0: new high speed SDHC card at address aaaa
[    2.856569] mmcblk0: mmc0:aaaa SE32G 29.7 GiB
[    2.870424] mmcblk1rpmb: mmc1:0001 MMC04G 128 KiB, chardev (249:0)
[    2.880471]  mmcblk0: p1 p2
[    3.504287] systemd[1]: System time before build time, advancing clock.
[    5.081452] random: crng init done
[    5.093864] systemd[1]: systemd 232 running in system mode. (+PAM +AUDIT +SELINUX +IMA +APPARMOR +SMACK +SYSVINIT +UTMP +LIBCRYPTSETUP +GCRYPT +GNUTLS +ACL +XZ +LZ4 +SECCOMP +BLKID +ELFUTILS +KMOD +IDN)
[    5.113035] systemd[1]: Detected architecture arm.

Welcome to [1mDebian GNU/Linux 9 (stretch)[0m!

[    5.144685] systemd[1]: Set hostname to <arm>.
[    6.250492] systemd[1]: Reached target Remote File Systems.
[[0;32m  OK  [0m] Reached target Remote File Systems.
[    6.273213] systemd[1]: Set up automount Arbitrary Executable File Formats File System Automount Point.
[[0;32m  OK  [0m] Set up automount Arbitrary Executabâ€¦rmats File System Automount Point.
[    6.302356] systemd[1]: Started Dispatch Password Requests to Console Directory Watch.
[[0;32m  OK  [0m] Started Dispatch Password Requests to Console Directory Watch.
[    6.335490] systemd[1]: Listening on /dev/initctl Compatibility Named Pipe.
[[0;32m  OK  [0m] Listening on /dev/initctl Compatibility Named Pipe.
[    6.363266] systemd[1]: systemd-journald.socket: SO_PASSSEC failed: Operation not supported
[    6.372205] systemd[1]: systemd-journald.socket: SO_PASSSEC failed: Operation not supported
[    6.380787] systemd[1]: Listening on Journal Socket.
[[0;32m  OK  [0m] Listening on Journal Socket.
[[0;32m  OK  [0m] Created slice User and Session Slice.
[[0;32m  OK  [0m] Listening on Syslog Socket.
[[0;32m  OK  [0m] Listening on udev Kernel Socket.
[[0;32m  OK  [0m] Listening on udev Control Socket.
[[0;32m  OK  [0m] Listening on Journal Audit Socket.
[[0;32m  OK  [0m] Reached target Swap.
[[0;32m  OK  [0m] Created slice System Slice.
[[0;32m  OK  [0m] Created slice system-getty.slice.
[[0;32m  OK  [0m] Created slice system-serial\x2dgetty.slice.
         Starting Remount Root and Kernel File Systems...
         Mounting Debug File System...
[[0;32m  OK  [0m] Reached target Slices.
         Starting Load Kernel Modules...
         Starting Create list of required stâ€¦ce nodes for the current kernel...
         Mounting POSIX Message Queue File System...
[[0;32m  OK  [0m] Started Forward Password Requests to Wall Directory Watch.
[[0;32m  OK  [0m] Reached target Paths.
[[0;32m  OK  [0m] Reached target Encrypted Volumes.
[[0;32m  OK  [0m] Listening on Journal Socket (/dev/log).
         Starting Journal Service...
[[0;32m  OK  [0m] Mounted Debug File System.
[[0;32m  OK  [0m] Started Remount Root and Kernel File Systems.
[[0;32m  OK  [0m] Started Create list of required staâ€¦vice nodes for the current kernel.
[[0;32m  OK  [0m] Mounted POSIX Message Queue File System.
         Starting Create Static Device Nodes in /dev...
         Starting Load/Save Random Seed...
         Starting udev Coldplug all Devices...
[[0;32m  OK  [0m] Started Load Kernel Modules.
         Starting Apply Kernel Variables...
         Mounting Configuration File System...
[[0;32m  OK  [0m] Started Load/Save Random Seed.
[[0;32m  OK  [0m] Mounted Configuration File System.
[[0;32m  OK  [0m] Started Apply Kernel Variables.
[[0;32m  OK  [0m] Started Create Static Device Nodes in /dev.
         Starting udev Kernel Device Manager...
[[0;32m  OK  [0m] Reached target Local File Systems (Pre).
[[0;32m  OK  [0m] Reached target Local File Systems.
         Starting Raise network interfaces...
[[0;32m  OK  [0m] Started Journal Service.
         Starting Flush Journal to Persistent Storage...
[    8.721281] systemd-journald[86]: Received request to flush runtime journal from PID 1
[[0;32m  OK  [0m] Started Flush Journal to Persistent Storage.
         Starting Create Volatile Files and Directories...
[[0;32m  OK  [0m] Started udev Kernel Device Manager.
[[0;32m  OK  [0m] Started Create Volatile Files and Directories.
         Starting Update UTMP about System Boot/Shutdown...
         Starting Network Time Synchronization...
[[0;32m  OK  [0m] Started Update UTMP about System Boot/Shutdown.
[[0;32m  OK  [0m] Started udev Coldplug all Devices.
[   12.061059] remoteproc remoteproc0: wkup_m3 is available
[   12.185718] am335x-phy-driver 47401300.usb-phy: dummy supplies not allowed for exclusive requests (id=vbus)
[   12.282633] omap_wdt: OMAP Watchdog Timer Rev 0x01: initial timeout 60 sec
[   12.524299] at24 2-0054: supply vcc not found, using dummy regulator
[[0;32m  OK  [0m] Started Network Time Synchronization.
[   12.570140] am335x-phy-driver 47401b00.usb-phy: dummy supplies not allowed for exclusive requests (id=vbus)
[   12.593023] input: tps65217_pwrbutton as /devices/platform/ocp/44c00000.interconnect/44c00000.interconnect:segment@200000/44e0b000.target-module/44e0b000.i2c/i2c-0/0-0024/tps65217-pwrbutton/input/input0
[   12.693638] at24 2-0055: supply vcc not found, using dummy regulator
[   12.788768] at24 2-0056: supply vcc not found, using dummy regulator
[   12.908516] at24 2-0057: supply vcc not found, using dummy regulator
[[0;32m  OK  [0m] Found device /dev/ttyS0.
[[0;32m  OK  [0m] Reached target System Time Synchronized.
[[0;32m  OK  [0m] Reached target System Initialization.
[   13.084084] at24 0-0050: 32768 byte 24c256 EEPROM, writable, 1 bytes/write
[[0;32m  OK  [0m] Started Daily apt download activities.
[[0;32m  OK  [0m] Started Daily apt upgrade and clean activities.
[[0;32m  OK  [0m] Listening on Avahi mDNS/DNS-SD Stack Activation Socket.
[   13.267896] omap_rtc 44e3e000.rtc: registered as rtc0
[   13.273228] omap_rtc 44e3e000.rtc: setting system clock to 2000-01-01T00:00:00 UTC (946684800)
[[0;32m  OK  [0m] Listening on D-Bus System Message Bus Socket.
[[0;32m  OK  [0m] Reached target Sockets.
[[0;32m  OK  [0m] Reached target Basic System.
         Starting System Logging Service...
         Starting Generic Board Startup...
[   13.885201] usbcore: registered new interface driver usbfs
[   13.890842] usbcore: registered new interface driver hub
[   13.896532] usbcore: registered new device driver usb
[[0;32m  OK  [0m] Started D-Bus System Message Bus.
[   14.662463] omap-mailbox 480c8000.mailbox: omap mailbox rev 0x400
[   14.728344] remoteproc remoteproc0: powering up wkup_m3
[   14.767422] musb-hdrc musb-hdrc.1: MUSB HDRC host driver
[   14.773052] musb-hdrc musb-hdrc.1: new USB bus registered, assigned bus number 1
[   14.883722] usb usb1: New USB device found, idVendor=1d6b, idProduct=0002, bcdDevice= 6.16
[   14.892320] usb usb1: New USB device strings: Mfr=3, Product=2, SerialNumber=1
[   14.899590] usb usb1: Product: MUSB HDRC host driver
[   14.904662] usb usb1: Manufacturer: Linux 6.16.0-next-20250805 musb-hcd
[   14.911315] usb usb1: SerialNumber: musb-hdrc.1
[   14.922787] tda998x 0-0070: found TDA19988
[   14.982435] remoteproc remoteproc0: Direct firmware load for am335x-pm-firmware.elf failed with error -2
[   14.992158] remoteproc remoteproc0: request_firmware failed: -2
[   14.998120] wkup_m3_ipc 44e11324.wkup_m3_ipc: rproc_boot failed
[   15.294525] hub 1-0:1.0: USB hub found
[   15.337286] hub 1-0:1.0: 1 port detected
[   17.469139] tilcdc 4830e000.lcdc: bound 0-0070 (ops tda998x_audio_codec_init [tda998x])
[   17.481676] omap_rng 48310000.rng: Random Number Generator ver. 20
[   17.559502] [drm] Initialized tilcdc 1.0.0 for 4830e000.lcdc on minor 0
[   17.629215] tilcdc 4830e000.lcdc: [drm] Cannot find any crtc or sizes
[   17.638078] tilcdc 4830e000.lcdc: [drm] Cannot find any crtc or sizes
         Starting Connection service...
[[0;32m  OK  [0m] Started Regular background program processing daemon.
         Starting Avahi mDNS/DNS-SD Stack...
         Starting Login Service...
[[0;32m  OK  [0m] Started Daily Cleanup of Temporary Directories.
[[0;32m  OK  [0m] Reached target Timers.
         Starting DUN service...
         Starting Telephony service...
         Starting Cape Manager Service...
         Starting LSB: Load kernel modules needed to enable cpufreq scaling...
         Starting LSB: Start busybox udhcpd at boot time...
[   19.028906] PM: Cannot get wkup_m3_ipc handle
[[0;32m  OK  [0m] Started System Logging Service.
[   19.149398] omap-sham 53100000.sham: hw accel on OMAP rev 4.3
[   19.301836] omap-sham 53100000.sham: will run requests pump with realtime priority
[   19.315717] PM: Cannot get wkup_m3_ipc handle
[   19.464733] omap-aes 53500000.aes: OMAP AES hw accel rev: 3.2
[   19.645060] omap-aes 53500000.aes: will run requests pump with realtime priority
[   19.664572] PM: Cannot get wkup_m3_ipc handle
[   21.419475] ------------[ cut here ]------------
[   21.424313] WARNING: net/8021q/vlan_core.c:236 at vlan_for_each+0x114/0x134, CPU#0: avahi-daemon/307
[   21.433605] RTNL: assertion failed at net/8021q/vlan_core.c (236)
[   21.439733] Modules linked in: ecdh_generic ecc omap_aes_driver snd_soc_simple_card omap_crypto snd_soc_simple_card_utils libaes omap_sham pm33xx crypto_engine ti_emif_sram omap_rng tilcdc rng_core drm_dma_helper drm_client_lib snd_soc_davinci_mcasp snd_soc_ti_udma snd_soc_ti_edma snd_soc_ti_sdma snd_soc_core snd_pcm_dmaengine snd_pcm snd_timer snd tda998x omap_mailbox soundcore musb_dsps cec musb_hdrc drm_kms_helper udc_core usbcore drm rtc_omap wkup_m3_ipc drm_panel_orientation_quirks tps65218_pwrbutton at24 omap_wdt phy_am335x watchdog phy_am335x_control wkup_m3_rproc phy_generic usb_common cppi41 leds_gpio led_class cpufreq_dt autofs4
[   21.496907] CPU: 0 UID: 107 PID: 307 Comm: avahi-daemon Not tainted 6.16.0-next-20250805 #1 NONE 
[   21.496926] Hardware name: Generic AM33XX (Flattened Device Tree)
[   21.496934] Call trace: 
[   21.496950]  unwind_backtrace from show_stack+0x10/0x14
[   21.496987]  show_stack from dump_stack_lvl+0x50/0x64
[   21.497012]  dump_stack_lvl from __warn+0x88/0x148
[   21.497029]  __warn from warn_slowpath_fmt+0x19c/0x1b0
[   21.497042]  warn_slowpath_fmt from vlan_for_each+0x114/0x134
[   21.497064]  vlan_for_each from cpsw_add_mc_addr+0x40/0xa4
[   21.497092]  cpsw_add_mc_addr from __hw_addr_ref_sync_dev+0x108/0x140
[   21.497125]  __hw_addr_ref_sync_dev from __dev_mc_add+0x7c/0x80
[   21.497149]  __dev_mc_add from igmp6_group_added+0xc8/0xe0
[   21.497178]  igmp6_group_added from __ipv6_dev_mc_inc+0x218/0x364
[   21.497196]  __ipv6_dev_mc_inc from __ipv6_sock_mc_join+0x11c/0x214
[   21.497215]  __ipv6_sock_mc_join from do_ipv6_setsockopt+0x1214/0x1310
[   21.497249]  do_ipv6_setsockopt from ipv6_setsockopt+0x60/0xcc
[   21.497272]  ipv6_setsockopt from udpv6_setsockopt+0x2c/0x6c
[   21.497291]  udpv6_setsockopt from sock_common_setsockopt+0x30/0x40
[   21.497323]  sock_common_setsockopt from do_sock_setsockopt+0x50/0x9c
[   21.497345]  do_sock_setsockopt from __sys_setsockopt+0x70/0xbc
[   21.497365]  __sys_setsockopt from ret_fast_syscall+0x0/0x58
[   21.497383] Exception stack(0xe017dfa8 to 0xe017dff0)
[   21.497396] dfa0:                   00000014 b6f56ce8 0000000d 00000029 00000014 bed9d9ec
[   21.497408] dfc0: 00000014 b6f56ce8 00000014 00000126 0000000d b6effff4 0046e990 00456558
[   21.497417] dfe0: b6f15088 bed9d9d8 b6ef2309 b6dc941a
[   21.497424] ---[ end trace 0000000000000000 ]---
[[0;32m  OK  [0m] Started Cape Manager Service.
[   22.792523] Bluetooth: Core ver 2.22
[   22.796342] NET: Registered PF_BLUETOOTH protocol family
[   22.801866] Bluetooth: HCI device and connection manager initialized
[   22.808284] Bluetooth: HCI socket layer initialized
[   22.813250] Bluetooth: L2CAP socket layer initialized
[   22.818364] Bluetooth: SCO socket layer initialized
[   23.222834] PM: Cannot get wkup_m3_ipc handle
[   23.338016] gpio-537 (nxp,calib): gpiod_direction_output_nonotify: tried to set a GPIO tied to an IRQ as output
[   23.379817] PM: Cannot get wkup_m3_ipc handle
[   23.632660] tda9950 0-0034: TDA9950 CEC interface, hardware version 3.3
[   23.734633] PM: Cannot get wkup_m3_ipc handle
[[0;32m  OK  [0m] Started Raise network interfaces.
[[0;32m  OK  [0m] Started LSB: Start busybox udhcpd at boot time.
[   26.075536] configfs-gadget.g_multi gadget.0: HOST MAC 1c:ba:8c:a2:ed:6c
[   26.082592] configfs-gadget.g_multi gadget.0: MAC 1c:ba:8c:a2:ed:70
[   26.089938] configfs-gadget.g_multi gadget.0: HOST MAC 1c:ba:8c:a2:ed:6c
[   26.096813] configfs-gadget.g_multi gadget.0: MAC 1c:ba:8c:a2:ed:6d
[   26.110599] PM: Cannot get wkup_m3_ipc handle
[[0;32m  OK  [0m] Started LSB: Load kernel modules needed to enable cpufreq scaling.
[[0;32m  OK  [0m] Started DUN service.
[[0;32m  OK  [0m] Started Telephony service.
[[0;32m  OK  [0m] Started Avahi mDNS/DNS-SD Stack.
[[0;32m  OK  [0m] Started Connection service.
[[0;32m  OK  [0m] Started Login Service.
         Starting Hostname Service...
         Starting WPA supplicant...
[[0;32m  OK  [0m] Reached target Sound Card.
         Starting LSB: set CPUFreq kernel parameters...
[[0;32m  OK  [0m] Started Hostname Service.
[[0;32m  OK  [0m] Started WPA supplicant.
[[0;32m  OK  [0m] Reached target Network.
[[0;32m  OK  [0m] Reached target Network is Online.
         Starting LSB: Advanced IEEE 802.11 management daemon...
         Starting Permit User Sessions...
         Starting OpenBSD Secure Shell server...
         Starting The Apache HTTP Server...
[[0;32m  OK  [0m] Started LSB: set CPUFreq kernel parameters.
[[0;32m  OK  [0m] Started LSB: Advanced IEEE 802.11 management daemon.
[[0;32m  OK  [0m] Started Permit User Sessions.
[[0;32m  OK  [0m] Started Getty on tty1.
[[0;32m  OK  [0m] Started Serial Getty on ttyS0.
[[0;32m  OK  [0m] Reached target Login Prompts.
         Stopping LSB: Start busybox udhcpd at boot time...
[[0;32m  OK  [0m] Stopped LSB: Start busybox udhcpd at boot time.
[[0;32m  OK  [0m] Started OpenBSD Secure Shell server.
         Starting dnsmasq - A lightweight DHCP and caching DNS server...
[[0;32m  OK  [0m] Started The Apache HTTP Server.
[[0;32m  OK  [0m] Started dnsmasq - A lightweight DHCP and caching DNS server.
[[0;32m  OK  [0m] Reached target Host and Network Name Lookups.
[[0;32m  OK  [0m] Started Serial Getty on ttyGS0.
[[0;32m  OK  [0m] Started Generic Board Startup.
[[0;32m  OK  [0m] Reached target Multi-User System.
[[0;32m  OK  [0m] Reached target Graphical Interface.
         Starting Update UTMP about System Runlevel Changes...
[[0;32m  OK  [0m] Started Update UTMP about System Runlevel Changes.

Debian GNU/Linux 9 arm ttyS0

default username:password is [debian:temppwd]

arm login: [   36.322492] PM: Cannot get wkup_m3_ipc handle
[   36.327205] platform pm33xx: deferred probe pending: (reason unknown)
root
Password: 
Last login: Sat Jan  1 00:00:37 UTC 2000 on ttyS0
root
Linux arm 6.16.0-next-20250805 #1 SMP Tue Aug  5 10:54:09 EEST 2025 armv7l

The programs included with the Debian GNU/Linux system are free software;
the exact distribution terms for each program are described in the
individual files in /usr/share/doc/*/copyright.

Debian GNU/Linux comes with ABSOLUTELY NO WARRANTY, to the extent
permitted by applicable law.
root@arm:~# root
dmesg -n 1
-bash: root: command not found
root@arm:~# dmesg -n 1
root@arm:~# echo 'OAHH''QSMUFN'
OAHHQSMUFN
root@arm:~# run() { echo -n "$MARKER"; sh -c "$@"; echo "$MARKER $?"; }
root@arm:~# echo 'GHKQ''UXXPXQ'
GHKQUXXPXQ
root@arm:~# MARKER='BKNK''HJYUUE' run 'cat /proc/version'
BKNKHJYUUELinux version 6.16.0-next-20250805 (user01@drvtest01) (arm-none-eabi-gcc (Arm GNU Toolchain 14.2.Rel1 (Build arm-14.52)) 14.2.1 20241119, GNU ld (Arm GNU Toolchain 14.2.Rel1 (Build arm-14.52)) 2.43.1.20241119) #1 SMP Tue Aug  5 10:54:09 EEST 2025
BKNKHJYUUE 0
root@arm:~# echo 'JPJK''VZTKJK'
JPJKVZTKJK
root@arm:~# MARKER='OXQK''SGVSHC' run false
OXQKSGVSHCOXQKSGVSHC 1
root@arm:~# Labgrid Console Logfile for main
Logfile started at 2025-08-05 10:58:47.223584
=== Log starts here ===

root@arm:~# run() { echo -n "$MARKER"; sh -c "$@"; echo "$MARKER $?"; }
root@arm:~# echo 'SMLS''YPABWU'
SMLSYPABWU
root@arm:~# MARKER='VEJN''MACCBW' run 'ls /iio_generic_buffer; echo $?'
VEJNMACCBW/iio_generic_buffer
0
VEJNMACCBW 0
root@arm:~# Labgrid Console Logfile for main
Logfile started at 2025-08-05 10:58:50.919344
=== Log starts here ===

root@arm:~# run() { echo -n "$MARKER"; sh -c "$@"; echo "$MARKER $?"; }
root@arm:~# echo 'FJYA''WQVJYB'
FJYAWQVJYB
root@arm:~# MARKER='YPOM''EOMQTX' run dmesg
YPOMEOMQTX[    0.000000] Booting Linux on physical CPU 0x0
[    0.000000] Linux version 6.16.0-next-20250805 (user01@drvtest01) (arm-none-eabi-gcc (Arm GNU Toolchain 14.2.Rel1 (Build arm-14.52)) 14.2.1 20241119, GNU ld (Arm GNU Toolchain 14.2.Rel1 (Build arm-14.52)) 2.43.1.20241119) #1 SMP Tue Aug  5 10:54:09 EEST 2025
[    0.000000] CPU: ARMv7 Processor [413fc082] revision 2 (ARMv7), cr=10c5387d
[    0.000000] CPU: PIPT / VIPT nonaliasing data cache, VIPT aliasing instruction cache
[    0.000000] OF: fdt: Machine model: TI AM335x BeagleBone Black
[    0.000000] Memory policy: Data cache writeback
[    0.000000] cma: Reserved 16 MiB at 0x9e800000
[    0.000000] Zone ranges:
[    0.000000]   Normal   [mem 0x0000000080000000-0x000000009fdfffff]
[    0.000000]   HighMem  empty
[    0.000000] Movable zone start for each node
[    0.000000] Early memory node ranges
[    0.000000]   node   0: [mem 0x0000000080000000-0x000000009fdfffff]
[    0.000000] Initmem setup node 0 [mem 0x0000000080000000-0x000000009fdfffff]
[    0.000000] On node 0, zone Normal: 512 pages in unavailable ranges
[    0.000000] OF: reserved mem: Reserved memory: No reserved-memory node in the DT
[    0.000000] CPU: All CPU(s) started in SVC mode.
[    0.000000] AM335X ES2.1 (sgx neon)
[    0.000000] percpu: Embedded 17 pages/cpu s39820 r8192 d21620 u69632
[    0.000000] pcpu-alloc: s39820 r8192 d21620 u69632 alloc=17*4096
[    0.000000] pcpu-alloc: [0] 0 
[    0.000000] Kernel command line: console=ttyO0,115200n8 root=/dev/nfs rw nfsroot=192.168.255.126:/home/user01/nfs,nfsvers=3 ip=192.168.255.1:192.168.255.126::255.255.255.0:bbb1:eth0 nfsrootdebug
[    0.000000] Unknown kernel command line parameters "nfsrootdebug", will be passed to user space.
[    0.000000] printk: log buffer data + meta data: 65536 + 204800 = 270336 bytes
[    0.000000] Dentry cache hash table entries: 65536 (order: 6, 262144 bytes, linear)
[    0.000000] Inode-cache hash table entries: 32768 (order: 5, 131072 bytes, linear)
[    0.000000] Built 1 zonelists, mobility grouping on.  Total pages: 130560
[    0.000000] mem auto-init: stack:off, heap alloc:off, heap free:off
[    0.000000] SLUB: HWalign=16, Order=0-3, MinObjects=0, CPUs=1, Nodes=1
[    0.000000] rcu: Hierarchical RCU implementation.
[    0.000000] rcu: 	RCU event tracing is enabled.
[    0.000000] rcu: 	RCU restricting CPUs from NR_CPUS=2 to nr_cpu_ids=1.
[    0.000000] 	Tracing variant of Tasks RCU enabled.
[    0.000000] rcu: RCU calculated value of scheduler-enlistment delay is 10 jiffies.
[    0.000000] rcu: Adjusting geometry for rcu_fanout_leaf=16, nr_cpu_ids=1
[    0.000000] RCU Tasks Trace: Setting shift to 0 and lim to 1 rcu_task_cb_adjust=1 rcu_task_cpu_ids=1.
[    0.000000] NR_IRQS: 16, nr_irqs: 16, preallocated irqs: 16
[    0.000000] IRQ: Found an INTC at 0x(ptrval) (revision 5.0) with 128 interrupts
[    0.000000] rcu: srcu_init: Setting srcu_struct sizes based on contention.
[    0.000000] TI gptimer clocksource: always-on /ocp/interconnect@44c00000/segment@200000/target-module@31000
[    0.000003] sched_clock: 32 bits at 24MHz, resolution 41ns, wraps every 89478484971ns
[    0.000026] clocksource: dmtimer: mask: 0xffffffff max_cycles: 0xffffffff, max_idle_ns: 79635851949 ns
[    0.000526] TI gptimer clockevent: 24000000 Hz at /ocp/interconnect@48000000/segment@0/target-module@40000
[    0.002137] Console: colour dummy device 80x30
[    0.002201] WARNING: Your 'console=ttyO0' has been replaced by 'ttyS0'
[    0.002209] This ensures that you still see kernel messages. Please
[    0.002213] update your kernel commandline.
[    0.002256] Calibrating delay loop... 996.14 BogoMIPS (lpj=4980736)
[    0.090579] CPU: Testing write buffer coherency: ok
[    0.090690] CPU0: Spectre v2: using BPIALL workaround
[    0.090701] pid_max: default: 32768 minimum: 301
[    0.090859] LSM: initializing lsm=capability
[    0.091025] Mount-cache hash table entries: 1024 (order: 0, 4096 bytes, linear)
[    0.091045] Mountpoint-cache hash table entries: 1024 (order: 0, 4096 bytes, linear)
[    0.092612] CPU0: thread -1, cpu 0, socket -1, mpidr 0
[    0.092671] cacheinfo: Unable to detect cache hierarchy for CPU 0
[    0.094743] Setting up static identity map for 0x80100000 - 0x80100078
[    0.095060] rcu: Hierarchical SRCU implementation.
[    0.095071] rcu: 	Max phase no-delay instances is 1000.
[    0.096812] smp: Bringing up secondary CPUs ...
[    0.096864] smp: Brought up 1 node, 1 CPU
[    0.096876] SMP: Total of 1 processors activated (996.14 BogoMIPS).
[    0.096888] CPU: All CPU(s) started in SVC mode.
[    0.097083] Memory: 480856K/522240K available (11264K kernel code, 1218K rwdata, 2936K rodata, 1024K init, 254K bss, 23352K reserved, 16384K cma-reserved, 0K highmem)
[    0.097905] devtmpfs: initialized
[    0.114974] VFP support v0.3: implementor 41 architecture 3 part 30 variant c rev 3
[    0.115612] clocksource: jiffies: mask: 0xffffffff max_cycles: 0xffffffff, max_idle_ns: 19112604462750000 ns
[    0.115671] posixtimers hash table entries: 512 (order: 0, 4096 bytes, linear)
[    0.115698] futex hash table entries: 256 (16384 bytes on 1 NUMA nodes, total 16 KiB, linear).
[    0.116823] pinctrl core: initialized pinctrl subsystem
[    0.118946] NET: Registered PF_NETLINK/PF_ROUTE protocol family
[    0.122117] DMA: preallocated 256 KiB pool for atomic coherent allocations
[    0.122720] audit: initializing netlink subsys (disabled)
[    0.124048] thermal_sys: Registered thermal governor 'fair_share'
[    0.124063] thermal_sys: Registered thermal governor 'step_wise'
[    0.124073] thermal_sys: Registered thermal governor 'user_space'
[    0.124184] audit: type=2000 audit(0.120:1): state=initialized audit_enabled=0 res=1
[    0.124254] cpuidle: using governor menu
[    0.142228] /ocp/interconnect@44c00000/segment@200000/target-module@b000/i2c@0/tda19988@70: Fixed dependency cycle(s) with /ocp/interconnect@48000000/segment@300000/target-module@e000/lcdc@0
[    0.143378] /ocp/interconnect@48000000/segment@300000/target-module@e000/lcdc@0: Fixed dependency cycle(s) with /ocp/interconnect@44c00000/segment@200000/target-module@b000/i2c@0/tda19988@70
[    0.145597] No ATAGs?
[    0.145640] hw-breakpoint: debug architecture 0x4 unsupported.
[    0.148730] kprobes: kprobe jump-optimization is enabled. All kprobes are optimized if possible.
[    0.153780] iommu: Default domain type: Translated
[    0.153803] iommu: DMA domain TLB invalidation policy: strict mode
[    0.155375] reg-fixed-voltage fixedregulator0: using DT '/fixedregulator0' for '(default)' GPIO lookup
[    0.155428] of_get_named_gpiod_flags: can't parse 'gpios' property of node '/fixedregulator0[0]'
[    0.155457] of_get_named_gpiod_flags: can't parse 'gpio' property of node '/fixedregulator0[0]'
[    0.155475] reg-fixed-voltage fixedregulator0: using lookup tables for GPIO lookup
[    0.155486] reg-fixed-voltage fixedregulator0: No GPIO consumer (default) found
[    0.161646] SCSI subsystem initialized
[    0.162144] libata version 3.00 loaded.
[    0.162527] pps_core: LinuxPPS API ver. 1 registered
[    0.162538] pps_core: Software ver. 5.3.6 - Copyright 2005-2007 Rodolfo Giometti <giometti@linux.it>
[    0.162562] PTP clock support registered
[    0.171051] vgaarb: loaded
[    0.171431] clocksource: Switched to clocksource dmtimer
[    0.172101] VFS: Disk quotas dquot_6.6.0
[    0.172160] VFS: Dquot-cache hash table entries: 1024 (order 0, 4096 bytes)
[    0.196550] NET: Registered PF_INET protocol family
[    0.196890] IP idents hash table entries: 8192 (order: 4, 65536 bytes, linear)
[    0.198310] tcp_listen_portaddr_hash hash table entries: 512 (order: 0, 4096 bytes, linear)
[    0.198346] Table-perturb hash table entries: 65536 (order: 6, 262144 bytes, linear)
[    0.198366] TCP established hash table entries: 4096 (order: 2, 16384 bytes, linear)
[    0.198411] TCP bind hash table entries: 4096 (order: 4, 65536 bytes, linear)
[    0.198511] TCP: Hash tables configured (established 4096 bind 4096)
[    0.198630] UDP hash table entries: 256 (order: 1, 14336 bytes, linear)
[    0.198664] UDP-Lite hash table entries: 256 (order: 1, 14336 bytes, linear)
[    0.198859] NET: Registered PF_UNIX/PF_LOCAL protocol family
[    0.200130] RPC: Registered named UNIX socket transport module.
[    0.200150] RPC: Registered udp transport module.
[    0.200155] RPC: Registered tcp transport module.
[    0.200160] RPC: Registered tcp-with-tls transport module.
[    0.200165] RPC: Registered tcp NFSv4.1 backchannel transport module.
[    0.200191] PCI: CLS 0 bytes, default 64
[    0.201733] Initialise system trusted keyrings
[    0.212054] workingset: timestamp_bits=14 max_order=17 bucket_order=3
[    0.213487] NFS: Registering the id_resolver key type
[    0.213553] Key type id_resolver registered
[    0.213559] Key type id_legacy registered
[    0.213670] jffs2: version 2.2. (NAND) (SUMMARY)  Â© 2001-2006 Red Hat, Inc.
[    0.214125] Key type asymmetric registered
[    0.214142] Asymmetric key parser 'x509' registered
[    0.214211] io scheduler mq-deadline registered
[    0.214221] io scheduler kyber registered
[    0.214299] io scheduler bfq registered
[    0.216195] target-module@4b000000:target-module@140000:pmu@0:fck: device ID is greater than 24
[    0.222394] l3-aon-clkctrl:0000:0: failed to disable
[    0.231585] ledtrig-cpu: registered to indicate activity on CPUs
[    0.235358] Serial: 8250/16550 driver, 6 ports, IRQ sharing enabled
[    0.281790] brd: module loaded
[    0.290220] loop: module loaded
[    0.291153] mtdoops: mtd device (mtddev=name/number) must be supplied
[    0.293040] mdio_bus fixed-0: using lookup tables for GPIO lookup
[    0.293067] mdio_bus fixed-0: No GPIO consumer reset found
[    0.294455] i2c_dev: i2c /dev entries driver
[    0.295454] cpuidle: enable-method property 'ti,am3352' found operations
[    0.295902] sdhci: Secure Digital Host Controller Interface driver
[    0.295912] sdhci: Copyright(c) Pierre Ossman
[    0.296088] sdhci-pltfm: SDHCI platform and OF driver helper
[    0.316557] hw perfevents: enabled with armv7_cortex_a8 PMU driver, 5 (8000000f) counters available
[    0.317094] Initializing XFRM netlink socket
[    0.317284] NET: Registered PF_INET6 protocol family
[    0.322951] l3-aon-clkctrl:0000:0: failed to disable
[    0.324596] Segment Routing with IPv6
[    0.324683] In-situ OAM (IOAM) with IPv6
[    0.324779] sit: IPv6, IPv4 and MPLS over IPv4 tunneling driver
[    0.325737] NET: Registered PF_PACKET protocol family
[    0.325763] NET: Registered PF_KEY protocol family
[    0.325962] Key type dns_resolver registered
[    0.326184] ThumbEE CPU extension supported.
[    0.326203] Registering SWP/SWPB emulation handler
[    0.326738] omap_voltage_late_init: Voltage driver support not added
[    0.327401] SmartReflex Class3 initialized
[    0.358217] Loading compiled-in X.509 certificates
[    0.403088] /ocp/interconnect@44c00000/segment@200000/target-module@b000/i2c@0/tda19988@70: Fixed dependency cycle(s) with /ocp/interconnect@48000000/segment@300000/target-module@e000/lcdc@0
[    0.409572] /ocp/interconnect@44c00000/segment@200000/target-module@b000/i2c@0/tda19988@70: Fixed dependency cycle(s) with /ocp/interconnect@48000000/segment@300000/target-module@e000/lcdc@0
[    0.415390] gpiochip_find_base_unlocked: found new base at 512
[    0.430175] /ocp/interconnect@44c00000/segment@200000/target-module@b000/i2c@0/tda19988@70: Fixed dependency cycle(s) with /ocp/interconnect@48000000/segment@300000/target-module@e000/lcdc@0
[    0.431063] /ocp/interconnect@44c00000/segment@200000/target-module@b000/i2c@0/tda19988@70: Fixed dependency cycle(s) with /ocp/interconnect@48000000/segment@300000/target-module@e000/lcdc@0
[    0.434936] /ocp/interconnect@44c00000/segment@200000/target-module@10000/scm@0/pinmux@800: Fixed dependency cycle(s) with /ocp/interconnect@44c00000/segment@200000/target-module@10000/scm@0/pinmux@800/clkout2-pins
[    0.435539] pinctrl-single 44e10800.pinmux: 142 pins, size 568
[    0.440868] ti-sysc 44e31000.target-module: probe with driver ti-sysc failed with error -16
[    0.477309] /ocp/interconnect@48000000/segment@300000/target-module@e000/lcdc@0: Fixed dependency cycle(s) with /ocp/interconnect@44c00000/segment@200000/target-module@b000/i2c@0/tda19988@70
[    0.485827] ti-sysc 48040000.target-module: probe with driver ti-sysc failed with error -16
[    0.497539] gpiochip_find_base_unlocked: found new base at 512
[    0.497642] gpio gpiochip0: (gpio-0-31): created GPIO range 0->7 ==> 44e10800.pinmux PIN 0->7
[    0.497663] gpio gpiochip0: (gpio-0-31): created GPIO range 8->11 ==> 44e10800.pinmux PIN 90->93
[    0.497678] gpio gpiochip0: (gpio-0-31): created GPIO range 12->27 ==> 44e10800.pinmux PIN 12->27
[    0.497694] gpio gpiochip0: (gpio-0-31): created GPIO range 28->31 ==> 44e10800.pinmux PIN 30->33
[    0.522285] gpio gpiochip0: (gpio-0-31): added GPIO chardev (254:0)
[    0.522497] gpio gpiochip0: registered GPIOs 512 to 543 on gpio-0-31
[    0.522578] OMAP GPIO hardware version 0.1
[    0.557150] i2c i2c-2: using DT '/ocp/interconnect@48000000/segment@100000/target-module@9c000/i2c@0' for 'scl' GPIO lookup
[    0.557228] of_get_named_gpiod_flags: can't parse 'scl-gpios' property of node '/ocp/interconnect@48000000/segment@100000/target-module@9c000/i2c@0[0]'
[    0.557272] of_get_named_gpiod_flags: can't parse 'scl-gpio' property of node '/ocp/interconnect@48000000/segment@100000/target-module@9c000/i2c@0[0]'
[    0.557309] i2c i2c-2: using lookup tables for GPIO lookup
[    0.557318] i2c i2c-2: No GPIO consumer scl found
[    0.557339] i2c i2c-2: using DT '/ocp/interconnect@48000000/segment@100000/target-module@9c000/i2c@0' for 'sda' GPIO lookup
[    0.557375] of_get_named_gpiod_flags: can't parse 'sda-gpios' property of node '/ocp/interconnect@48000000/segment@100000/target-module@9c000/i2c@0[0]'
[    0.557411] of_get_named_gpiod_flags: can't parse 'sda-gpio' property of node '/ocp/interconnect@48000000/segment@100000/target-module@9c000/i2c@0[0]'
[    0.557443] i2c i2c-2: using lookup tables for GPIO lookup
[    0.557450] i2c i2c-2: No GPIO consumer sda found
[    0.558161] omap_i2c 4819c000.i2c: bus 2 rev0.11 at 100 kHz
[    0.564074] gpiochip_find_base_unlocked: found new base at 544
[    0.564181] gpio gpiochip1: (gpio-32-63): created GPIO range 0->17 ==> 44e10800.pinmux PIN 34->51
[    0.564202] gpio gpiochip1: (gpio-32-63): created GPIO range 18->21 ==> 44e10800.pinmux PIN 77->80
[    0.564218] gpio gpiochip1: (gpio-32-63): created GPIO range 22->31 ==> 44e10800.pinmux PIN 56->65
[    0.577335] gpio gpiochip1: (gpio-32-63): added GPIO chardev (254:1)
[    0.577553] gpio gpiochip1: registered GPIOs 544 to 575 on gpio-32-63
[    0.579855] gpiochip_find_base_unlocked: found new base at 576
[    0.579949] gpio gpiochip2: (gpio-64-95): created GPIO range 0->4 ==> 44e10800.pinmux PIN 66->70
[    0.579979] gpio gpiochip2: (gpio-64-95): created GPIO range 5->6 ==> 44e10800.pinmux PIN 98->99
[    0.579996] gpio gpiochip2: (gpio-64-95): created GPIO range 7->8 ==> 44e10800.pinmux PIN 75->76
[    0.580011] gpio gpiochip2: (gpio-64-95): created GPIO range 13->13 ==> 44e10800.pinmux PIN 141->141
[    0.580028] gpio gpiochip2: (gpio-64-95): created GPIO range 14->21 ==> 44e10800.pinmux PIN 100->107
[    0.582852] gpio gpiochip2: (gpio-64-95): added GPIO chardev (254:2)
[    0.583073] gpio gpiochip2: registered GPIOs 576 to 607 on gpio-64-95
[    0.588777] 48000000.interconnect:segment@200000:target-module@0:mpu@0:fck: device ID is greater than 24
[    0.589674] /ocp/interconnect@48000000/segment@300000/target-module@e000/lcdc@0: Fixed dependency cycle(s) with /ocp/interconnect@44c00000/segment@200000/target-module@b000/i2c@0/tda19988@70
[    0.592798] /ocp/interconnect@48000000/segment@300000/target-module@e000/lcdc@0: Fixed dependency cycle(s) with /ocp/interconnect@44c00000/segment@200000/target-module@b000/i2c@0/tda19988@70
[    0.593543] /ocp/interconnect@44c00000/segment@200000/target-module@b000/i2c@0/tda19988@70: Fixed dependency cycle(s) with /ocp/interconnect@48000000/segment@300000/target-module@e000/lcdc@0
[    0.593707] /ocp/interconnect@48000000/segment@300000/target-module@e000/lcdc@0: Fixed dependency cycle(s) with /ocp/interconnect@44c00000/segment@200000/target-module@b000/i2c@0/tda19988@70
[    0.603503] mdio_bus 4a101000.mdio: using DT '/ocp/interconnect@4a000000/segment@0/target-module@100000/switch@0/mdio@1000' for 'reset' GPIO lookup
[    0.603577] of_get_named_gpiod_flags: can't parse 'reset-gpios' property of node '/ocp/interconnect@4a000000/segment@0/target-module@100000/switch@0/mdio@1000[0]'
[    0.603625] of_get_named_gpiod_flags: can't parse 'reset-gpio' property of node '/ocp/interconnect@4a000000/segment@0/target-module@100000/switch@0/mdio@1000[0]'
[    0.603673] mdio_bus 4a101000.mdio: using lookup tables for GPIO lookup
[    0.603684] mdio_bus 4a101000.mdio: No GPIO consumer reset found
[    0.604858] sdhci-omap 481d8000.mmc: using DT '/ocp/interconnect@48000000/segment@100000/target-module@d8000/mmc@0' for 'wp' GPIO lookup
[    0.604918] of_get_named_gpiod_flags: can't parse 'wp-gpios' property of node '/ocp/interconnect@48000000/segment@100000/target-module@d8000/mmc@0[0]'
[    0.604962] of_get_named_gpiod_flags: can't parse 'wp-gpio' property of node '/ocp/interconnect@48000000/segment@100000/target-module@d8000/mmc@0[0]'
[    0.604997] sdhci-omap 481d8000.mmc: using lookup tables for GPIO lookup
[    0.605007] sdhci-omap 481d8000.mmc: No GPIO consumer wp found
[    0.605205] sdhci-omap 481d8000.mmc: supply pbias not found, using dummy regulator
[    0.605690] sdhci-omap 481d8000.mmc: supply vqmmc not found, using dummy regulator
[    0.657267] davinci_mdio 4a101000.mdio: davinci mdio revision 1.6, bus freq 1000000
[    0.672386] mdio_bus 4a101000.mdio:00: using DT '/ocp/interconnect@4a000000/segment@0/target-module@100000/switch@0/mdio@1000/ethernet-phy@0' for 'reset' GPIO lookup
[    0.672491] of_get_named_gpiod_flags: parsed 'reset-gpios' property of node '/ocp/interconnect@4a000000/segment@0/target-module@100000/switch@0/mdio@1000/ethernet-phy@0[0]' - status (0)
[    0.672652] gpio gpiochip0: Persistence not supported for GPIO 8
[    0.732714] mdio_bus 4a101000.mdio:00: Resources present before probing
[    0.732753] davinci_mdio 4a101000.mdio: phy[0]: device 4a101000.mdio:00, driver unknown
[    0.733526] cpsw-switch 4a100000.switch: initialized cpsw ale version 1.4
[    0.733546] cpsw-switch 4a100000.switch: ALE Table size 1024, Policers 0
[    0.733861] cpsw-switch 4a100000.switch: cpts: overflow check period 500 (jiffies)
[    0.733881] cpsw-switch 4a100000.switch: CPTS: ref_clk_freq:250000000 calc_mult:2147483648 calc_shift:29 error:0 nsec/sec
[    0.733990] cpsw-switch 4a100000.switch: Detected MACID = 6c:ec:eb:68:de:78
[    0.735834] cpsw-switch 4a100000.switch: initialized (regs 0x4a100000, pool size 256) hw_ver:0019010C 1.12 (0)
[    0.747010] debugfs: '49000000.dma' already exists in 'dmaengine'
[    0.747054] edma 49000000.dma: TI EDMA DMA engine driver
[    0.792245] gpio-clk clk_mcasp0: using DT '/clk_mcasp0' for 'enable' GPIO lookup
[    0.792322] of_get_named_gpiod_flags: parsed 'enable-gpios' property of node '/clk_mcasp0[0]' - status (0)
[    0.792368] gpio gpiochip0: Persistence not supported for GPIO 27
[    0.793244] gpiochip_find_base_unlocked: found new base at 608
[    0.793358] gpio gpiochip3: (gpio-96-127): created GPIO range 0->7 ==> 44e10800.pinmux PIN 82->89
[    0.793378] gpio gpiochip3: (gpio-96-127): created GPIO range 8->11 ==> 44e10800.pinmux PIN 52->55
[    0.793399] gpio gpiochip3: (gpio-96-127): created GPIO range 12->15 ==> 44e10800.pinmux PIN 94->97
[    0.793416] gpio gpiochip3: (gpio-96-127): created GPIO range 16->17 ==> 44e10800.pinmux PIN 71->72
[    0.793432] gpio gpiochip3: (gpio-96-127): created GPIO range 18->18 ==> 44e10800.pinmux PIN 135->135
[    0.793448] gpio gpiochip3: (gpio-96-127): created GPIO range 19->20 ==> 44e10800.pinmux PIN 108->109
[    0.793464] gpio gpiochip3: (gpio-96-127): created GPIO range 21->21 ==> 44e10800.pinmux PIN 73->73
[    0.793481] gpio gpiochip3: (gpio-96-127): created GPIO range 22->23 ==> 44e10800.pinmux PIN 8->9
[    0.793498] gpio gpiochip3: (gpio-96-127): created GPIO range 26->27 ==> 44e10800.pinmux PIN 10->11
[    0.793515] gpio gpiochip3: (gpio-96-127): created GPIO range 28->28 ==> 44e10800.pinmux PIN 74->74
[    0.793533] gpio gpiochip3: (gpio-96-127): created GPIO range 29->29 ==> 44e10800.pinmux PIN 81->81
[    0.793551] gpio gpiochip3: (gpio-96-127): created GPIO range 30->31 ==> 44e10800.pinmux PIN 28->29
[    0.816478] gpio gpiochip3: (gpio-96-127): added GPIO chardev (254:3)
[    0.816703] gpio gpiochip3: registered GPIOs 608 to 639 on gpio-96-127
[    0.818601] omap8250 44e09000.serial: using DT '/ocp/interconnect@44c00000/segment@200000/target-module@9000/serial@0' for 'rs485-term' GPIO lookup
[    0.818671] of_get_named_gpiod_flags: can't parse 'rs485-term-gpios' property of node '/ocp/interconnect@44c00000/segment@200000/target-module@9000/serial@0[0]'
[    0.818714] of_get_named_gpiod_flags: can't parse 'rs485-term-gpio' property of node '/ocp/interconnect@44c00000/segment@200000/target-module@9000/serial@0[0]'
[    0.818751] omap8250 44e09000.serial: using lookup tables for GPIO lookup
[    0.818761] omap8250 44e09000.serial: No GPIO consumer rs485-term found
[    0.818771] omap8250 44e09000.serial: using DT '/ocp/interconnect@44c00000/segment@200000/target-module@9000/serial@0' for 'rs485-rx-during-tx' GPIO lookup
[    0.818807] of_get_named_gpiod_flags: can't parse 'rs485-rx-during-tx-gpios' property of node '/ocp/interconnect@44c00000/segment@200000/target-module@9000/serial@0[0]'
[    0.818844] of_get_named_gpiod_flags: can't parse 'rs485-rx-during-tx-gpio' property of node '/ocp/interconnect@44c00000/segment@200000/target-module@9000/serial@0[0]'
[    0.818876] omap8250 44e09000.serial: using lookup tables for GPIO lookup
[    0.818884] omap8250 44e09000.serial: No GPIO consumer rs485-rx-during-tx found
[    0.819341] 44e09000.serial: ttyS0 at MMIO 0x44e09000 (irq = 34, base_baud = 3000000) is a 8250
[    0.819433] printk: legacy console [ttyS0] enabled
[    2.427792] i2c i2c-0: using DT '/ocp/interconnect@44c00000/segment@200000/target-module@b000/i2c@0' for 'scl' GPIO lookup
[    2.427881] of_get_named_gpiod_flags: can't parse 'scl-gpios' property of node '/ocp/interconnect@44c00000/segment@200000/target-module@b000/i2c@0[0]'
[    2.427928] of_get_named_gpiod_flags: can't parse 'scl-gpio' property of node '/ocp/interconnect@44c00000/segment@200000/target-module@b000/i2c@0[0]'
[    2.427968] i2c i2c-0: using lookup tables for GPIO lookup
[    2.427982] i2c i2c-0: No GPIO consumer scl found
[    2.428006] i2c i2c-0: using DT '/ocp/interconnect@44c00000/segment@200000/target-module@b000/i2c@0' for 'sda' GPIO lookup
[    2.428046] of_get_named_gpiod_flags: can't parse 'sda-gpios' property of node '/ocp/interconnect@44c00000/segment@200000/target-module@b000/i2c@0[0]'
[    2.428087] of_get_named_gpiod_flags: can't parse 'sda-gpio' property of node '/ocp/interconnect@44c00000/segment@200000/target-module@b000/i2c@0[0]'
[    2.428123] i2c i2c-0: using lookup tables for GPIO lookup
[    2.428134] i2c i2c-0: No GPIO consumer sda found
[    2.442380] tps65217-pmic: Failed to locate of_node [id: -1]
[    2.448436] tps65217-bl: Failed to locate of_node [id: -1]
[    2.454524] platform tps65217-charger: DMA mask not set
[    2.460569] platform tps65217-pwrbutton: DMA mask not set
[    2.467879] tps65217 0-0024: TPS65217 ID 0xe version 1.2
[    2.474021] /ocp/interconnect@48000000/segment@300000/target-module@e000/lcdc@0: Fixed dependency cycle(s) with /ocp/interconnect@44c00000/segment@200000/target-module@b000/i2c@0/tda19988@70
[    2.491449] /ocp/interconnect@44c00000/segment@200000/target-module@b000/i2c@0/tda19988@70: Fixed dependency cycle(s) with /ocp/interconnect@48000000/segment@300000/target-module@e000/lcdc@0
[    2.508805] omap_i2c 44e0b000.i2c: bus 0 rev0.11 at 400 kHz
[    2.516493] sdhci-omap 48060000.mmc: using DT '/ocp/interconnect@48000000/segment@0/target-module@60000/mmc@0' for 'cd' GPIO lookup
[    2.516601] of_get_named_gpiod_flags: parsed 'cd-gpios' property of node '/ocp/interconnect@48000000/segment@0/target-module@60000/mmc@0[0]' - status (0)
[    2.516668] gpio gpiochip3: Persistence not supported for GPIO 6
[    2.516694] omap_gpio 44e07000.gpio: Could not set line 6 debounce to 200000 microseconds (-22)
[    2.525620] sdhci-omap 48060000.mmc: Got CD GPIO
[    2.530272] sdhci-omap 48060000.mmc: using DT '/ocp/interconnect@48000000/segment@0/target-module@60000/mmc@0' for 'wp' GPIO lookup
[    2.530324] of_get_named_gpiod_flags: can't parse 'wp-gpios' property of node '/ocp/interconnect@48000000/segment@0/target-module@60000/mmc@0[0]'
[    2.530368] of_get_named_gpiod_flags: can't parse 'wp-gpio' property of node '/ocp/interconnect@48000000/segment@0/target-module@60000/mmc@0[0]'
[    2.530406] sdhci-omap 48060000.mmc: using lookup tables for GPIO lookup
[    2.530421] sdhci-omap 48060000.mmc: No GPIO consumer wp found
[    2.530637] sdhci-omap 48060000.mmc: supply pbias not found, using dummy regulator
[    2.539473] sdhci-omap 481d8000.mmc: using DT '/ocp/interconnect@48000000/segment@100000/target-module@d8000/mmc@0' for 'wp' GPIO lookup
[    2.539551] of_get_named_gpiod_flags: can't parse 'wp-gpios' property of node '/ocp/interconnect@48000000/segment@100000/target-module@d8000/mmc@0[0]'
[    2.539599] of_get_named_gpiod_flags: can't parse 'wp-gpio' property of node '/ocp/interconnect@48000000/segment@100000/target-module@d8000/mmc@0[0]'
[    2.539638] sdhci-omap 481d8000.mmc: using lookup tables for GPIO lookup
[    2.539652] sdhci-omap 481d8000.mmc: No GPIO consumer wp found
[    2.540863] sdhci-omap 48060000.mmc: supply vqmmc not found, using dummy regulator
[    2.549947] sdhci-omap 481d8000.mmc: supply pbias not found, using dummy regulator
[    2.559640] sdhci-omap 481d8000.mmc: supply vqmmc not found, using dummy regulator
[    2.595145] mmc0: SDHCI controller on 48060000.mmc [48060000.mmc] using External DMA
[    2.603465] mmc1: SDHCI controller on 481d8000.mmc [481d8000.mmc] using External DMA
[    2.612262] cpsw-switch 4a100000.switch: starting ndev. mode: dual_mac
[    2.625497] Generic PHY 4a101000.mdio:00: attached PHY driver (mii_bus:phy_addr=4a101000.mdio:00, irq=POLL)
[    2.643600] cpsw-switch 4a100000.switch eth0: Link is Up - 100Mbps/Full - flow control off
[    2.681455] IP-Config: Complete:
[    2.684730]      device=eth0, hwaddr=6c:ec:eb:68:de:78, ipaddr=192.168.255.1, mask=255.255.255.0, gw=255.255.255.255
[    2.695348]      host=bbb1, domain=, nis-domain=(none)
[    2.700515]      bootserver=192.168.255.126, rootserver=192.168.255.126, rootpath=
[    2.700945] clk: Disabling unused clocks
[    2.712853] KTAP version 1
[    2.715586] 1..0
[    2.718450] check access for rdinit=/init failed: -2, ignoring
[    2.747533] VFS: Mounted root (nfs filesystem) on device 0:17.
[    2.754716] devtmpfs: mounted
[    2.759308] Freeing unused kernel image (initmem) memory: 1024K
[    2.766396] Run /sbin/init as init process
[    2.770566]   with arguments:
[    2.770580]     /sbin/init
[    2.770590]     nfsrootdebug
[    2.770599]   with environment:
[    2.770608]     HOME=/
[    2.770616]     TERM=linux
[    2.774093] mmc1: new high speed MMC card at address 0001
[    2.782401] mmcblk1: mmc1:0001 MMC04G 3.60 GiB
[    2.792335]  mmcblk1: p1 p2
[    2.801326] mmcblk1boot0: mmc1:0001 MMC04G 2.00 MiB
[    2.829524] mmcblk1boot1: mmc1:0001 MMC04G 2.00 MiB
[    2.841907] mmc0: new high speed SDHC card at address aaaa
[    2.856569] mmcblk0: mmc0:aaaa SE32G 29.7 GiB
[    2.870424] mmcblk1rpmb: mmc1:0001 MMC04G 128 KiB, chardev (249:0)
[    2.880471]  mmcblk0: p1 p2
[    3.504287] systemd[1]: System time before build time, advancing clock.
[    5.081452] random: crng init done
[    5.093864] systemd[1]: systemd 232 running in system mode. (+PAM +AUDIT +SELINUX +IMA +APPARMOR +SMACK +SYSVINIT +UTMP +LIBCRYPTSETUP +GCRYPT +GNUTLS +ACL +XZ +LZ4 +SECCOMP +BLKID +ELFUTILS +KMOD +IDN)
[    5.113035] systemd[1]: Detected architecture arm.
[    5.144685] systemd[1]: Set hostname to <arm>.
[    6.250492] systemd[1]: Reached target Remote File Systems.
[    6.273213] systemd[1]: Set up automount Arbitrary Executable File Formats File System Automount Point.
[    6.302356] systemd[1]: Started Dispatch Password Requests to Console Directory Watch.
[    6.335490] systemd[1]: Listening on /dev/initctl Compatibility Named Pipe.
[    6.363266] systemd[1]: systemd-journald.socket: SO_PASSSEC failed: Operation not supported
[    6.372205] systemd[1]: systemd-journald.socket: SO_PASSSEC failed: Operation not supported
[    6.380787] systemd[1]: Listening on Journal Socket.
[    8.721281] systemd-journald[86]: Received request to flush runtime journal from PID 1
[   11.404691] leds-gpio leds: using DT '/leds/led2' for '(default)' GPIO lookup
[   11.404796] of_get_named_gpiod_flags: parsed 'gpios' property of node '/leds/led2[0]' - status (0)
[   11.404855] gpio gpiochip0: Persistence not supported for GPIO 21
[   11.404870] gpio-533 (?): no flags found for GPIO (default)
[   11.456063] leds-gpio leds: using DT '/leds/led3' for '(default)' GPIO lookup
[   11.456177] of_get_named_gpiod_flags: parsed 'gpios' property of node '/leds/led3[0]' - status (0)
[   11.456236] gpio gpiochip0: Persistence not supported for GPIO 22
[   11.456252] gpio-534 (?): no flags found for GPIO (default)
[   11.467332] leds-gpio leds: using DT '/leds/led4' for '(default)' GPIO lookup
[   11.467628] of_get_named_gpiod_flags: parsed 'gpios' property of node '/leds/led4[0]' - status (0)
[   11.467690] gpio gpiochip0: Persistence not supported for GPIO 23
[   11.467707] gpio-535 (?): no flags found for GPIO (default)
[   11.500732] leds-gpio leds: using DT '/leds/led5' for '(default)' GPIO lookup
[   11.500843] of_get_named_gpiod_flags: parsed 'gpios' property of node '/leds/led5[0]' - status (0)
[   11.500900] gpio gpiochip0: Persistence not supported for GPIO 24
[   11.500914] gpio-536 (?): no flags found for GPIO (default)
[   12.061059] remoteproc remoteproc0: wkup_m3 is available
[   12.185230] am335x-phy-driver 47401300.usb-phy: using DT '/ocp/target-module@47400000/usb-phy@1300' for 'reset' GPIO lookup
[   12.185350] of_get_named_gpiod_flags: can't parse 'reset-gpios' property of node '/ocp/target-module@47400000/usb-phy@1300[0]'
[   12.185397] of_get_named_gpiod_flags: can't parse 'reset-gpio' property of node '/ocp/target-module@47400000/usb-phy@1300[0]'
[   12.185435] am335x-phy-driver 47401300.usb-phy: using lookup tables for GPIO lookup
[   12.185451] am335x-phy-driver 47401300.usb-phy: No GPIO consumer reset found
[   12.185465] am335x-phy-driver 47401300.usb-phy: using DT '/ocp/target-module@47400000/usb-phy@1300' for 'vbus-detect' GPIO lookup
[   12.185495] of_get_named_gpiod_flags: can't parse 'vbus-detect-gpios' property of node '/ocp/target-module@47400000/usb-phy@1300[0]'
[   12.185527] of_get_named_gpiod_flags: can't parse 'vbus-detect-gpio' property of node '/ocp/target-module@47400000/usb-phy@1300[0]'
[   12.185554] am335x-phy-driver 47401300.usb-phy: using lookup tables for GPIO lookup
[   12.185565] am335x-phy-driver 47401300.usb-phy: No GPIO consumer vbus-detect found
[   12.185718] am335x-phy-driver 47401300.usb-phy: dummy supplies not allowed for exclusive requests (id=vbus)
[   12.282633] omap_wdt: OMAP Watchdog Timer Rev 0x01: initial timeout 60 sec
[   12.524299] at24 2-0054: supply vcc not found, using dummy regulator
[   12.569672] am335x-phy-driver 47401b00.usb-phy: using DT '/ocp/target-module@47400000/usb-phy@1b00' for 'reset' GPIO lookup
[   12.569769] of_get_named_gpiod_flags: can't parse 'reset-gpios' property of node '/ocp/target-module@47400000/usb-phy@1b00[0]'
[   12.569818] of_get_named_gpiod_flags: can't parse 'reset-gpio' property of node '/ocp/target-module@47400000/usb-phy@1b00[0]'
[   12.569854] am335x-phy-driver 47401b00.usb-phy: using lookup tables for GPIO lookup
[   12.569870] am335x-phy-driver 47401b00.usb-phy: No GPIO consumer reset found
[   12.569884] am335x-phy-driver 47401b00.usb-phy: using DT '/ocp/target-module@47400000/usb-phy@1b00' for 'vbus-detect' GPIO lookup
[   12.569917] of_get_named_gpiod_flags: can't parse 'vbus-detect-gpios' property of node '/ocp/target-module@47400000/usb-phy@1b00[0]'
[   12.569951] of_get_named_gpiod_flags: can't parse 'vbus-detect-gpio' property of node '/ocp/target-module@47400000/usb-phy@1b00[0]'
[   12.569978] am335x-phy-driver 47401b00.usb-phy: using lookup tables for GPIO lookup
[   12.569990] am335x-phy-driver 47401b00.usb-phy: No GPIO consumer vbus-detect found
[   12.570140] am335x-phy-driver 47401b00.usb-phy: dummy supplies not allowed for exclusive requests (id=vbus)
[   12.593023] input: tps65217_pwrbutton as /devices/platform/ocp/44c00000.interconnect/44c00000.interconnect:segment@200000/44e0b000.target-module/44e0b000.i2c/i2c-0/0-0024/tps65217-pwrbutton/input/input0
[   12.693638] at24 2-0055: supply vcc not found, using dummy regulator
[   12.788768] at24 2-0056: supply vcc not found, using dummy regulator
[   12.908516] at24 2-0057: supply vcc not found, using dummy regulator
[   13.083439] at24 0-0050: using DT '/ocp/interconnect@44c00000/segment@200000/target-module@b000/i2c@0/eeprom@50' for 'wp' GPIO lookup
[   13.083625] of_get_named_gpiod_flags: can't parse 'wp-gpios' property of node '/ocp/interconnect@44c00000/segment@200000/target-module@b000/i2c@0/eeprom@50[0]'
[   13.083688] of_get_named_gpiod_flags: can't parse 'wp-gpio' property of node '/ocp/interconnect@44c00000/segment@200000/target-module@b000/i2c@0/eeprom@50[0]'
[   13.083736] at24 0-0050: using lookup tables for GPIO lookup
[   13.083751] at24 0-0050: No GPIO consumer wp found
[   13.084084] at24 0-0050: 32768 byte 24c256 EEPROM, writable, 1 bytes/write
[   13.267896] omap_rtc 44e3e000.rtc: registered as rtc0
[   13.273228] omap_rtc 44e3e000.rtc: setting system clock to 2000-01-01T00:00:00 UTC (946684800)
[   13.281994] omap_rtc 44e3e000.rtc: using DT '/ocp/interconnect@44c00000/segment@200000/target-module@3e000/rtc@0' for 'wp' GPIO lookup
[   13.282068] of_get_named_gpiod_flags: can't parse 'wp-gpios' property of node '/ocp/interconnect@44c00000/segment@200000/target-module@3e000/rtc@0[0]'
[   13.282118] of_get_named_gpiod_flags: can't parse 'wp-gpio' property of node '/ocp/interconnect@44c00000/segment@200000/target-module@3e000/rtc@0[0]'
[   13.282159] omap_rtc 44e3e000.rtc: using lookup tables for GPIO lookup
[   13.282174] omap_rtc 44e3e000.rtc: No GPIO consumer wp found
[   13.885201] usbcore: registered new interface driver usbfs
[   13.890842] usbcore: registered new interface driver hub
[   13.896532] usbcore: registered new device driver usb
[   14.662463] omap-mailbox 480c8000.mailbox: omap mailbox rev 0x400
[   14.728344] remoteproc remoteproc0: powering up wkup_m3
[   14.767422] musb-hdrc musb-hdrc.1: MUSB HDRC host driver
[   14.773052] musb-hdrc musb-hdrc.1: new USB bus registered, assigned bus number 1
[   14.883722] usb usb1: New USB device found, idVendor=1d6b, idProduct=0002, bcdDevice= 6.16
[   14.892320] usb usb1: New USB device strings: Mfr=3, Product=2, SerialNumber=1
[   14.899590] usb usb1: Product: MUSB HDRC host driver
[   14.904662] usb usb1: Manufacturer: Linux 6.16.0-next-20250805 musb-hcd
[   14.911315] usb usb1: SerialNumber: musb-hdrc.1
[   14.922787] tda998x 0-0070: found TDA19988
[   14.982435] remoteproc remoteproc0: Direct firmware load for am335x-pm-firmware.elf failed with error -2
[   14.992158] remoteproc remoteproc0: request_firmware failed: -2
[   14.998120] wkup_m3_ipc 44e11324.wkup_m3_ipc: rproc_boot failed
[   15.294525] hub 1-0:1.0: USB hub found
[   15.337286] hub 1-0:1.0: 1 port detected
[   17.469139] tilcdc 4830e000.lcdc: bound 0-0070 (ops tda998x_audio_codec_init [tda998x])
[   17.481676] omap_rng 48310000.rng: Random Number Generator ver. 20
[   17.559502] [drm] Initialized tilcdc 1.0.0 for 4830e000.lcdc on minor 0
[   17.629215] tilcdc 4830e000.lcdc: [drm] Cannot find any crtc or sizes
[   17.638078] tilcdc 4830e000.lcdc: [drm] Cannot find any crtc or sizes
[   19.028906] PM: Cannot get wkup_m3_ipc handle
[   19.149398] omap-sham 53100000.sham: hw accel on OMAP rev 4.3
[   19.301836] omap-sham 53100000.sham: will run requests pump with realtime priority
[   19.315717] PM: Cannot get wkup_m3_ipc handle
[   19.464733] omap-aes 53500000.aes: OMAP AES hw accel rev: 3.2
[   19.645060] omap-aes 53500000.aes: will run requests pump with realtime priority
[   19.664572] PM: Cannot get wkup_m3_ipc handle
[   21.419475] ------------[ cut here ]------------
[   21.424313] WARNING: net/8021q/vlan_core.c:236 at vlan_for_each+0x114/0x134, CPU#0: avahi-daemon/307
[   21.433605] RTNL: assertion failed at net/8021q/vlan_core.c (236)
[   21.439733] Modules linked in: ecdh_generic ecc omap_aes_driver snd_soc_simple_card omap_crypto snd_soc_simple_card_utils libaes omap_sham pm33xx crypto_engine ti_emif_sram omap_rng tilcdc rng_core drm_dma_helper drm_client_lib snd_soc_davinci_mcasp snd_soc_ti_udma snd_soc_ti_edma snd_soc_ti_sdma snd_soc_core snd_pcm_dmaengine snd_pcm snd_timer snd tda998x omap_mailbox soundcore musb_dsps cec musb_hdrc drm_kms_helper udc_core usbcore drm rtc_omap wkup_m3_ipc drm_panel_orientation_quirks tps65218_pwrbutton at24 omap_wdt phy_am335x watchdog phy_am335x_control wkup_m3_rproc phy_generic usb_common cppi41 leds_gpio led_class cpufreq_dt autofs4
[   21.496907] CPU: 0 UID: 107 PID: 307 Comm: avahi-daemon Not tainted 6.16.0-next-20250805 #1 NONE 
[   21.496926] Hardware name: Generic AM33XX (Flattened Device Tree)
[   21.496934] Call trace: 
[   21.496950]  unwind_backtrace from show_stack+0x10/0x14
[   21.496987]  show_stack from dump_stack_lvl+0x50/0x64
[   21.497012]  dump_stack_lvl from __warn+0x88/0x148
[   21.497029]  __warn from warn_slowpath_fmt+0x19c/0x1b0
[   21.497042]  warn_slowpath_fmt from vlan_for_each+0x114/0x134
[   21.497064]  vlan_for_each from cpsw_add_mc_addr+0x40/0xa4
[   21.497092]  cpsw_add_mc_addr from __hw_addr_ref_sync_dev+0x108/0x140
[   21.497125]  __hw_addr_ref_sync_dev from __dev_mc_add+0x7c/0x80
[   21.497149]  __dev_mc_add from igmp6_group_added+0xc8/0xe0
[   21.497178]  igmp6_group_added from __ipv6_dev_mc_inc+0x218/0x364
[   21.497196]  __ipv6_dev_mc_inc from __ipv6_sock_mc_join+0x11c/0x214
[   21.497215]  __ipv6_sock_mc_join from do_ipv6_setsockopt+0x1214/0x1310
[   21.497249]  do_ipv6_setsockopt from ipv6_setsockopt+0x60/0xcc
[   21.497272]  ipv6_setsockopt from udpv6_setsockopt+0x2c/0x6c
[   21.497291]  udpv6_setsockopt from sock_common_setsockopt+0x30/0x40
[   21.497323]  sock_common_setsockopt from do_sock_setsockopt+0x50/0x9c
[   21.497345]  do_sock_setsockopt from __sys_setsockopt+0x70/0xbc
[   21.497365]  __sys_setsockopt from ret_fast_syscall+0x0/0x58
[   21.497383] Exception stack(0xe017dfa8 to 0xe017dff0)
[   21.497396] dfa0:                   00000014 b6f56ce8 0000000d 00000029 00000014 bed9d9ec
[   21.497408] dfc0: 00000014 b6f56ce8 00000014 00000126 0000000d b6effff4 0046e990 00456558
[   21.497417] dfe0: b6f15088 bed9d9d8 b6ef2309 b6dc941a
[   21.497424] ---[ end trace 0000000000000000 ]---
[   22.792523] Bluetooth: Core ver 2.22
[   22.796342] NET: Registered PF_BLUETOOTH protocol family
[   22.801866] Bluetooth: HCI device and connection manager initialized
[   22.808284] Bluetooth: HCI socket layer initialized
[   22.813250] Bluetooth: L2CAP socket layer initialized
[   22.818364] Bluetooth: SCO socket layer initialized
[   23.222834] PM: Cannot get wkup_m3_ipc handle
[   23.228617] asoc-simple-card sound: using DT '/sound' for 'simple-audio-card,hp-det' GPIO lookup
[   23.228695] of_get_named_gpiod_flags: can't parse 'simple-audio-card,hp-det-gpios' property of node '/sound[0]'
[   23.228731] of_get_named_gpiod_flags: can't parse 'simple-audio-card,hp-det-gpio' property of node '/sound[0]'
[   23.228756] asoc-simple-card sound: using lookup tables for GPIO lookup
[   23.228770] asoc-simple-card sound: No GPIO consumer simple-audio-card,hp-det found
[   23.228785] asoc-simple-card sound: using DT '/sound' for 'simple-audio-card,mic-det' GPIO lookup
[   23.228810] of_get_named_gpiod_flags: can't parse 'simple-audio-card,mic-det-gpios' property of node '/sound[0]'
[   23.228835] of_get_named_gpiod_flags: can't parse 'simple-audio-card,mic-det-gpio' property of node '/sound[0]'
[   23.228855] asoc-simple-card sound: using lookup tables for GPIO lookup
[   23.228867] asoc-simple-card sound: No GPIO consumer simple-audio-card,mic-det found
[   23.320415] tda998x 0-0070: using DT '/ocp/interconnect@44c00000/segment@200000/target-module@b000/i2c@0/tda19988@70' for 'nxp,calib' GPIO lookup
[   23.320554] of_get_named_gpiod_flags: parsed 'nxp,calib-gpios' property of node '/ocp/interconnect@44c00000/segment@200000/target-module@b000/i2c@0/tda19988@70[0]' - status (0)
[   23.320636] gpio gpiochip0: Persistence not supported for GPIO 25
[   23.320651] gpio-537 (nxp,calib): no flags found for GPIO nxp,calib
[   23.338016] gpio-537 (nxp,calib): gpiod_direction_output_nonotify: tried to set a GPIO tied to an IRQ as output
[   23.379817] PM: Cannot get wkup_m3_ipc handle
[   23.632660] tda9950 0-0034: TDA9950 CEC interface, hardware version 3.3
[   23.734633] PM: Cannot get wkup_m3_ipc handle
[   25.728738] userial_init: registered 8 ttyGS* devices
[   25.986904] rndis_register: configNr = 0
[   26.074245] udc musb-hdrc.0: binding gadget driver [g_multi]
[   26.074342] configfs-gadget.g_multi gadget.0: adding 'rndis'/e99352dc to config 'c'/3aa30e7a
[   26.075536] configfs-gadget.g_multi gadget.0: HOST MAC 1c:ba:8c:a2:ed:6c
[   26.082592] configfs-gadget.g_multi gadget.0: MAC 1c:ba:8c:a2:ed:70
[   26.088960] rndis_set_param_medium: 0 0
[   26.088980] configfs-gadget.g_multi gadget.0: RNDIS: IN/ep1in OUT/ep1out NOTIFY/ep2in
[   26.088996] configfs-gadget.g_multi gadget.0: adding 'cdc_ethernet'/0fe68e1e to config 'c'/3aa30e7a
[   26.089938] configfs-gadget.g_multi gadget.0: HOST MAC 1c:ba:8c:a2:ed:6c
[   26.096813] configfs-gadget.g_multi gadget.0: MAC 1c:ba:8c:a2:ed:6d
[   26.103180] configfs-gadget.g_multi gadget.0: CDC Ethernet: IN/ep3in OUT/ep2out NOTIFY/ep4in
[   26.103198] configfs-gadget.g_multi gadget.0: adding 'acm'/234e9f29 to config 'c'/3aa30e7a
[   26.103232] configfs-gadget.g_multi gadget.0: acm ttyGS0: IN/ep5in OUT/ep3out NOTIFY/ep6in
[   26.110599] PM: Cannot get wkup_m3_ipc handle
[   27.389815] configfs-gadget.g_multi gadget.0: eth_open
[   32.306260] gs_open: ttyGS0 (a1e659a9,3face31a)
[   32.306388] gs_close: ttyGS0 (a1e659a9,3face31a) ...
[   32.306410] gs_close: ttyGS0 (a1e659a9,3face31a) done!
[   32.318753] gs_open: ttyGS0 (43882771,be6386dc)
[   32.318879] gs_close: ttyGS0 (43882771,be6386dc) ...
[   32.318901] gs_close: ttyGS0 (43882771,be6386dc) done!
[   32.488960] gs_open: ttyGS0 (f53229ac,c581c6b9)
[   32.489204] gs_close: ttyGS0 (f53229ac,c581c6b9) ...
[   32.489230] gs_close: ttyGS0 (f53229ac,c581c6b9) done!
[   32.494165] gs_open: ttyGS0 (f53229ac,c581c6b9)
[   36.322492] PM: Cannot get wkup_m3_ipc handle
[   36.327205] platform pm33xx: deferred probe pending: (reason unknown)
YPOMEOMQTX 0
root@arm:~# echo 'POYB''WYSLCO'
POYBWYSLCO
root@arm:~# MARKER='SBYC''VKBZWS' run 'modprobe test_linear_ranges'
SBYCVKBZWSSBYCVKBZWS 0
root@arm:~# echo 'JXBH''WBGWPG'
JXBHWBGWPG
root@arm:~# MARKER='LXJS''CBYXGA' run dmesg
LXJSCBYXGA[    0.000000] Booting Linux on physical CPU 0x0
[    0.000000] Linux version 6.16.0-next-20250805 (user01@drvtest01) (arm-none-eabi-gcc (Arm GNU Toolchain 14.2.Rel1 (Build arm-14.52)) 14.2.1 20241119, GNU ld (Arm GNU Toolchain 14.2.Rel1 (Build arm-14.52)) 2.43.1.20241119) #1 SMP Tue Aug  5 10:54:09 EEST 2025
[    0.000000] CPU: ARMv7 Processor [413fc082] revision 2 (ARMv7), cr=10c5387d
[    0.000000] CPU: PIPT / VIPT nonaliasing data cache, VIPT aliasing instruction cache
[    0.000000] OF: fdt: Machine model: TI AM335x BeagleBone Black
[    0.000000] Memory policy: Data cache writeback
[    0.000000] cma: Reserved 16 MiB at 0x9e800000
[    0.000000] Zone ranges:
[    0.000000]   Normal   [mem 0x0000000080000000-0x000000009fdfffff]
[    0.000000]   HighMem  empty
[    0.000000] Movable zone start for each node
[    0.000000] Early memory node ranges
[    0.000000]   node   0: [mem 0x0000000080000000-0x000000009fdfffff]
[    0.000000] Initmem setup node 0 [mem 0x0000000080000000-0x000000009fdfffff]
[    0.000000] On node 0, zone Normal: 512 pages in unavailable ranges
[    0.000000] OF: reserved mem: Reserved memory: No reserved-memory node in the DT
[    0.000000] CPU: All CPU(s) started in SVC mode.
[    0.000000] AM335X ES2.1 (sgx neon)
[    0.000000] percpu: Embedded 17 pages/cpu s39820 r8192 d21620 u69632
[    0.000000] pcpu-alloc: s39820 r8192 d21620 u69632 alloc=17*4096
[    0.000000] pcpu-alloc: [0] 0 
[    0.000000] Kernel command line: console=ttyO0,115200n8 root=/dev/nfs rw nfsroot=192.168.255.126:/home/user01/nfs,nfsvers=3 ip=192.168.255.1:192.168.255.126::255.255.255.0:bbb1:eth0 nfsrootdebug
[    0.000000] Unknown kernel command line parameters "nfsrootdebug", will be passed to user space.
[    0.000000] printk: log buffer data + meta data: 65536 + 204800 = 270336 bytes
[    0.000000] Dentry cache hash table entries: 65536 (order: 6, 262144 bytes, linear)
[    0.000000] Inode-cache hash table entries: 32768 (order: 5, 131072 bytes, linear)
[    0.000000] Built 1 zonelists, mobility grouping on.  Total pages: 130560
[    0.000000] mem auto-init: stack:off, heap alloc:off, heap free:off
[    0.000000] SLUB: HWalign=16, Order=0-3, MinObjects=0, CPUs=1, Nodes=1
[    0.000000] rcu: Hierarchical RCU implementation.
[    0.000000] rcu: 	RCU event tracing is enabled.
[    0.000000] rcu: 	RCU restricting CPUs from NR_CPUS=2 to nr_cpu_ids=1.
[    0.000000] 	Tracing variant of Tasks RCU enabled.
[    0.000000] rcu: RCU calculated value of scheduler-enlistment delay is 10 jiffies.
[    0.000000] rcu: Adjusting geometry for rcu_fanout_leaf=16, nr_cpu_ids=1
[    0.000000] RCU Tasks Trace: Setting shift to 0 and lim to 1 rcu_task_cb_adjust=1 rcu_task_cpu_ids=1.
[    0.000000] NR_IRQS: 16, nr_irqs: 16, preallocated irqs: 16
[    0.000000] IRQ: Found an INTC at 0x(ptrval) (revision 5.0) with 128 interrupts
[    0.000000] rcu: srcu_init: Setting srcu_struct sizes based on contention.
[    0.000000] TI gptimer clocksource: always-on /ocp/interconnect@44c00000/segment@200000/target-module@31000
[    0.000003] sched_clock: 32 bits at 24MHz, resolution 41ns, wraps every 89478484971ns
[    0.000026] clocksource: dmtimer: mask: 0xffffffff max_cycles: 0xffffffff, max_idle_ns: 79635851949 ns
[    0.000526] TI gptimer clockevent: 24000000 Hz at /ocp/interconnect@48000000/segment@0/target-module@40000
[    0.002137] Console: colour dummy device 80x30
[    0.002201] WARNING: Your 'console=ttyO0' has been replaced by 'ttyS0'
[    0.002209] This ensures that you still see kernel messages. Please
[    0.002213] update your kernel commandline.
[    0.002256] Calibrating delay loop... 996.14 BogoMIPS (lpj=4980736)
[    0.090579] CPU: Testing write buffer coherency: ok
[    0.090690] CPU0: Spectre v2: using BPIALL workaround
[    0.090701] pid_max: default: 32768 minimum: 301
[    0.090859] LSM: initializing lsm=capability
[    0.091025] Mount-cache hash table entries: 1024 (order: 0, 4096 bytes, linear)
[    0.091045] Mountpoint-cache hash table entries: 1024 (order: 0, 4096 bytes, linear)
[    0.092612] CPU0: thread -1, cpu 0, socket -1, mpidr 0
[    0.092671] cacheinfo: Unable to detect cache hierarchy for CPU 0
[    0.094743] Setting up static identity map for 0x80100000 - 0x80100078
[    0.095060] rcu: Hierarchical SRCU implementation.
[    0.095071] rcu: 	Max phase no-delay instances is 1000.
[    0.096812] smp: Bringing up secondary CPUs ...
[    0.096864] smp: Brought up 1 node, 1 CPU
[    0.096876] SMP: Total of 1 processors activated (996.14 BogoMIPS).
[    0.096888] CPU: All CPU(s) started in SVC mode.
[    0.097083] Memory: 480856K/522240K available (11264K kernel code, 1218K rwdata, 2936K rodata, 1024K init, 254K bss, 23352K reserved, 16384K cma-reserved, 0K highmem)
[    0.097905] devtmpfs: initialized
[    0.114974] VFP support v0.3: implementor 41 architecture 3 part 30 variant c rev 3
[    0.115612] clocksource: jiffies: mask: 0xffffffff max_cycles: 0xffffffff, max_idle_ns: 19112604462750000 ns
[    0.115671] posixtimers hash table entries: 512 (order: 0, 4096 bytes, linear)
[    0.115698] futex hash table entries: 256 (16384 bytes on 1 NUMA nodes, total 16 KiB, linear).
[    0.116823] pinctrl core: initialized pinctrl subsystem
[    0.118946] NET: Registered PF_NETLINK/PF_ROUTE protocol family
[    0.122117] DMA: preallocated 256 KiB pool for atomic coherent allocations
[    0.122720] audit: initializing netlink subsys (disabled)
[    0.124048] thermal_sys: Registered thermal governor 'fair_share'
[    0.124063] thermal_sys: Registered thermal governor 'step_wise'
[    0.124073] thermal_sys: Registered thermal governor 'user_space'
[    0.124184] audit: type=2000 audit(0.120:1): state=initialized audit_enabled=0 res=1
[    0.124254] cpuidle: using governor menu
[    0.142228] /ocp/interconnect@44c00000/segment@200000/target-module@b000/i2c@0/tda19988@70: Fixed dependency cycle(s) with /ocp/interconnect@48000000/segment@300000/target-module@e000/lcdc@0
[    0.143378] /ocp/interconnect@48000000/segment@300000/target-module@e000/lcdc@0: Fixed dependency cycle(s) with /ocp/interconnect@44c00000/segment@200000/target-module@b000/i2c@0/tda19988@70
[    0.145597] No ATAGs?
[    0.145640] hw-breakpoint: debug architecture 0x4 unsupported.
[    0.148730] kprobes: kprobe jump-optimization is enabled. All kprobes are optimized if possible.
[    0.153780] iommu: Default domain type: Translated
[    0.153803] iommu: DMA domain TLB invalidation policy: strict mode
[    0.155375] reg-fixed-voltage fixedregulator0: using DT '/fixedregulator0' for '(default)' GPIO lookup
[    0.155428] of_get_named_gpiod_flags: can't parse 'gpios' property of node '/fixedregulator0[0]'
[    0.155457] of_get_named_gpiod_flags: can't parse 'gpio' property of node '/fixedregulator0[0]'
[    0.155475] reg-fixed-voltage fixedregulator0: using lookup tables for GPIO lookup
[    0.155486] reg-fixed-voltage fixedregulator0: No GPIO consumer (default) found
[    0.161646] SCSI subsystem initialized
[    0.162144] libata version 3.00 loaded.
[    0.162527] pps_core: LinuxPPS API ver. 1 registered
[    0.162538] pps_core: Software ver. 5.3.6 - Copyright 2005-2007 Rodolfo Giometti <giometti@linux.it>
[    0.162562] PTP clock support registered
[    0.171051] vgaarb: loaded
[    0.171431] clocksource: Switched to clocksource dmtimer
[    0.172101] VFS: Disk quotas dquot_6.6.0
[    0.172160] VFS: Dquot-cache hash table entries: 1024 (order 0, 4096 bytes)
[    0.196550] NET: Registered PF_INET protocol family
[    0.196890] IP idents hash table entries: 8192 (order: 4, 65536 bytes, linear)
[    0.198310] tcp_listen_portaddr_hash hash table entries: 512 (order: 0, 4096 bytes, linear)
[    0.198346] Table-perturb hash table entries: 65536 (order: 6, 262144 bytes, linear)
[    0.198366] TCP established hash table entries: 4096 (order: 2, 16384 bytes, linear)
[    0.198411] TCP bind hash table entries: 4096 (order: 4, 65536 bytes, linear)
[    0.198511] TCP: Hash tables configured (established 4096 bind 4096)
[    0.198630] UDP hash table entries: 256 (order: 1, 14336 bytes, linear)
[    0.198664] UDP-Lite hash table entries: 256 (order: 1, 14336 bytes, linear)
[    0.198859] NET: Registered PF_UNIX/PF_LOCAL protocol family
[    0.200130] RPC: Registered named UNIX socket transport module.
[    0.200150] RPC: Registered udp transport module.
[    0.200155] RPC: Registered tcp transport module.
[    0.200160] RPC: Registered tcp-with-tls transport module.
[    0.200165] RPC: Registered tcp NFSv4.1 backchannel transport module.
[    0.200191] PCI: CLS 0 bytes, default 64
[    0.201733] Initialise system trusted keyrings
[    0.212054] workingset: timestamp_bits=14 max_order=17 bucket_order=3
[    0.213487] NFS: Registering the id_resolver key type
[    0.213553] Key type id_resolver registered
[    0.213559] Key type id_legacy registered
[    0.213670] jffs2: version 2.2. (NAND) (SUMMARY)  Â© 2001-2006 Red Hat, Inc.
[    0.214125] Key type asymmetric registered
[    0.214142] Asymmetric key parser 'x509' registered
[    0.214211] io scheduler mq-deadline registered
[    0.214221] io scheduler kyber registered
[    0.214299] io scheduler bfq registered
[    0.216195] target-module@4b000000:target-module@140000:pmu@0:fck: device ID is greater than 24
[    0.222394] l3-aon-clkctrl:0000:0: failed to disable
[    0.231585] ledtrig-cpu: registered to indicate activity on CPUs
[    0.235358] Serial: 8250/16550 driver, 6 ports, IRQ sharing enabled
[    0.281790] brd: module loaded
[    0.290220] loop: module loaded
[    0.291153] mtdoops: mtd device (mtddev=name/number) must be supplied
[    0.293040] mdio_bus fixed-0: using lookup tables for GPIO lookup
[    0.293067] mdio_bus fixed-0: No GPIO consumer reset found
[    0.294455] i2c_dev: i2c /dev entries driver
[    0.295454] cpuidle: enable-method property 'ti,am3352' found operations
[    0.295902] sdhci: Secure Digital Host Controller Interface driver
[    0.295912] sdhci: Copyright(c) Pierre Ossman
[    0.296088] sdhci-pltfm: SDHCI platform and OF driver helper
[    0.316557] hw perfevents: enabled with armv7_cortex_a8 PMU driver, 5 (8000000f) counters available
[    0.317094] Initializing XFRM netlink socket
[    0.317284] NET: Registered PF_INET6 protocol family
[    0.322951] l3-aon-clkctrl:0000:0: failed to disable
[    0.324596] Segment Routing with IPv6
[    0.324683] In-situ OAM (IOAM) with IPv6
[    0.324779] sit: IPv6, IPv4 and MPLS over IPv4 tunneling driver
[    0.325737] NET: Registered PF_PACKET protocol family
[    0.325763] NET: Registered PF_KEY protocol family
[    0.325962] Key type dns_resolver registered
[    0.326184] ThumbEE CPU extension supported.
[    0.326203] Registering SWP/SWPB emulation handler
[    0.326738] omap_voltage_late_init: Voltage driver support not added
[    0.327401] SmartReflex Class3 initialized
[    0.358217] Loading compiled-in X.509 certificates
[    0.403088] /ocp/interconnect@44c00000/segment@200000/target-module@b000/i2c@0/tda19988@70: Fixed dependency cycle(s) with /ocp/interconnect@48000000/segment@300000/target-module@e000/lcdc@0
[    0.409572] /ocp/interconnect@44c00000/segment@200000/target-module@b000/i2c@0/tda19988@70: Fixed dependency cycle(s) with /ocp/interconnect@48000000/segment@300000/target-module@e000/lcdc@0
[    0.415390] gpiochip_find_base_unlocked: found new base at 512
[    0.430175] /ocp/interconnect@44c00000/segment@200000/target-module@b000/i2c@0/tda19988@70: Fixed dependency cycle(s) with /ocp/interconnect@48000000/segment@300000/target-module@e000/lcdc@0
[    0.431063] /ocp/interconnect@44c00000/segment@200000/target-module@b000/i2c@0/tda19988@70: Fixed dependency cycle(s) with /ocp/interconnect@48000000/segment@300000/target-module@e000/lcdc@0
[    0.434936] /ocp/interconnect@44c00000/segment@200000/target-module@10000/scm@0/pinmux@800: Fixed dependency cycle(s) with /ocp/interconnect@44c00000/segment@200000/target-module@10000/scm@0/pinmux@800/clkout2-pins
[    0.435539] pinctrl-single 44e10800.pinmux: 142 pins, size 568
[    0.440868] ti-sysc 44e31000.target-module: probe with driver ti-sysc failed with error -16
[    0.477309] /ocp/interconnect@48000000/segment@300000/target-module@e000/lcdc@0: Fixed dependency cycle(s) with /ocp/interconnect@44c00000/segment@200000/target-module@b000/i2c@0/tda19988@70
[    0.485827] ti-sysc 48040000.target-module: probe with driver ti-sysc failed with error -16
[    0.497539] gpiochip_find_base_unlocked: found new base at 512
[    0.497642] gpio gpiochip0: (gpio-0-31): created GPIO range 0->7 ==> 44e10800.pinmux PIN 0->7
[    0.497663] gpio gpiochip0: (gpio-0-31): created GPIO range 8->11 ==> 44e10800.pinmux PIN 90->93
[    0.497678] gpio gpiochip0: (gpio-0-31): created GPIO range 12->27 ==> 44e10800.pinmux PIN 12->27
[    0.497694] gpio gpiochip0: (gpio-0-31): created GPIO range 28->31 ==> 44e10800.pinmux PIN 30->33
[    0.522285] gpio gpiochip0: (gpio-0-31): added GPIO chardev (254:0)
[    0.522497] gpio gpiochip0: registered GPIOs 512 to 543 on gpio-0-31
[    0.522578] OMAP GPIO hardware version 0.1
[    0.557150] i2c i2c-2: using DT '/ocp/interconnect@48000000/segment@100000/target-module@9c000/i2c@0' for 'scl' GPIO lookup
[    0.557228] of_get_named_gpiod_flags: can't parse 'scl-gpios' property of node '/ocp/interconnect@48000000/segment@100000/target-module@9c000/i2c@0[0]'
[    0.557272] of_get_named_gpiod_flags: can't parse 'scl-gpio' property of node '/ocp/interconnect@48000000/segment@100000/target-module@9c000/i2c@0[0]'
[    0.557309] i2c i2c-2: using lookup tables for GPIO lookup
[    0.557318] i2c i2c-2: No GPIO consumer scl found
[    0.557339] i2c i2c-2: using DT '/ocp/interconnect@48000000/segment@100000/target-module@9c000/i2c@0' for 'sda' GPIO lookup
[    0.557375] of_get_named_gpiod_flags: can't parse 'sda-gpios' property of node '/ocp/interconnect@48000000/segment@100000/target-module@9c000/i2c@0[0]'
[    0.557411] of_get_named_gpiod_flags: can't parse 'sda-gpio' property of node '/ocp/interconnect@48000000/segment@100000/target-module@9c000/i2c@0[0]'
[    0.557443] i2c i2c-2: using lookup tables for GPIO lookup
[    0.557450] i2c i2c-2: No GPIO consumer sda found
[    0.558161] omap_i2c 4819c000.i2c: bus 2 rev0.11 at 100 kHz
[    0.564074] gpiochip_find_base_unlocked: found new base at 544
[    0.564181] gpio gpiochip1: (gpio-32-63): created GPIO range 0->17 ==> 44e10800.pinmux PIN 34->51
[    0.564202] gpio gpiochip1: (gpio-32-63): created GPIO range 18->21 ==> 44e10800.pinmux PIN 77->80
[    0.564218] gpio gpiochip1: (gpio-32-63): created GPIO range 22->31 ==> 44e10800.pinmux PIN 56->65
[    0.577335] gpio gpiochip1: (gpio-32-63): added GPIO chardev (254:1)
[    0.577553] gpio gpiochip1: registered GPIOs 544 to 575 on gpio-32-63
[    0.579855] gpiochip_find_base_unlocked: found new base at 576
[    0.579949] gpio gpiochip2: (gpio-64-95): created GPIO range 0->4 ==> 44e10800.pinmux PIN 66->70
[    0.579979] gpio gpiochip2: (gpio-64-95): created GPIO range 5->6 ==> 44e10800.pinmux PIN 98->99
[    0.579996] gpio gpiochip2: (gpio-64-95): created GPIO range 7->8 ==> 44e10800.pinmux PIN 75->76
[    0.580011] gpio gpiochip2: (gpio-64-95): created GPIO range 13->13 ==> 44e10800.pinmux PIN 141->141
[    0.580028] gpio gpiochip2: (gpio-64-95): created GPIO range 14->21 ==> 44e10800.pinmux PIN 100->107
[    0.582852] gpio gpiochip2: (gpio-64-95): added GPIO chardev (254:2)
[    0.583073] gpio gpiochip2: registered GPIOs 576 to 607 on gpio-64-95
[    0.588777] 48000000.interconnect:segment@200000:target-module@0:mpu@0:fck: device ID is greater than 24
[    0.589674] /ocp/interconnect@48000000/segment@300000/target-module@e000/lcdc@0: Fixed dependency cycle(s) with /ocp/interconnect@44c00000/segment@200000/target-module@b000/i2c@0/tda19988@70
[    0.592798] /ocp/interconnect@48000000/segment@300000/target-module@e000/lcdc@0: Fixed dependency cycle(s) with /ocp/interconnect@44c00000/segment@200000/target-module@b000/i2c@0/tda19988@70
[    0.593543] /ocp/interconnect@44c00000/segment@200000/target-module@b000/i2c@0/tda19988@70: Fixed dependency cycle(s) with /ocp/interconnect@48000000/segment@300000/target-module@e000/lcdc@0
[    0.593707] /ocp/interconnect@48000000/segment@300000/target-module@e000/lcdc@0: Fixed dependency cycle(s) with /ocp/interconnect@44c00000/segment@200000/target-module@b000/i2c@0/tda19988@70
[    0.603503] mdio_bus 4a101000.mdio: using DT '/ocp/interconnect@4a000000/segment@0/target-module@100000/switch@0/mdio@1000' for 'reset' GPIO lookup
[    0.603577] of_get_named_gpiod_flags: can't parse 'reset-gpios' property of node '/ocp/interconnect@4a000000/segment@0/target-module@100000/switch@0/mdio@1000[0]'
[    0.603625] of_get_named_gpiod_flags: can't parse 'reset-gpio' property of node '/ocp/interconnect@4a000000/segment@0/target-module@100000/switch@0/mdio@1000[0]'
[    0.603673] mdio_bus 4a101000.mdio: using lookup tables for GPIO lookup
[    0.603684] mdio_bus 4a101000.mdio: No GPIO consumer reset found
[    0.604858] sdhci-omap 481d8000.mmc: using DT '/ocp/interconnect@48000000/segment@100000/target-module@d8000/mmc@0' for 'wp' GPIO lookup
[    0.604918] of_get_named_gpiod_flags: can't parse 'wp-gpios' property of node '/ocp/interconnect@48000000/segment@100000/target-module@d8000/mmc@0[0]'
[    0.604962] of_get_named_gpiod_flags: can't parse 'wp-gpio' property of node '/ocp/interconnect@48000000/segment@100000/target-module@d8000/mmc@0[0]'
[    0.604997] sdhci-omap 481d8000.mmc: using lookup tables for GPIO lookup
[    0.605007] sdhci-omap 481d8000.mmc: No GPIO consumer wp found
[    0.605205] sdhci-omap 481d8000.mmc: supply pbias not found, using dummy regulator
[    0.605690] sdhci-omap 481d8000.mmc: supply vqmmc not found, using dummy regulator
[    0.657267] davinci_mdio 4a101000.mdio: davinci mdio revision 1.6, bus freq 1000000
[    0.672386] mdio_bus 4a101000.mdio:00: using DT '/ocp/interconnect@4a000000/segment@0/target-module@100000/switch@0/mdio@1000/ethernet-phy@0' for 'reset' GPIO lookup
[    0.672491] of_get_named_gpiod_flags: parsed 'reset-gpios' property of node '/ocp/interconnect@4a000000/segment@0/target-module@100000/switch@0/mdio@1000/ethernet-phy@0[0]' - status (0)
[    0.672652] gpio gpiochip0: Persistence not supported for GPIO 8
[    0.732714] mdio_bus 4a101000.mdio:00: Resources present before probing
[    0.732753] davinci_mdio 4a101000.mdio: phy[0]: device 4a101000.mdio:00, driver unknown
[    0.733526] cpsw-switch 4a100000.switch: initialized cpsw ale version 1.4
[    0.733546] cpsw-switch 4a100000.switch: ALE Table size 1024, Policers 0
[    0.733861] cpsw-switch 4a100000.switch: cpts: overflow check period 500 (jiffies)
[    0.733881] cpsw-switch 4a100000.switch: CPTS: ref_clk_freq:250000000 calc_mult:2147483648 calc_shift:29 error:0 nsec/sec
[    0.733990] cpsw-switch 4a100000.switch: Detected MACID = 6c:ec:eb:68:de:78
[    0.735834] cpsw-switch 4a100000.switch: initialized (regs 0x4a100000, pool size 256) hw_ver:0019010C 1.12 (0)
[    0.747010] debugfs: '49000000.dma' already exists in 'dmaengine'
[    0.747054] edma 49000000.dma: TI EDMA DMA engine driver
[    0.792245] gpio-clk clk_mcasp0: using DT '/clk_mcasp0' for 'enable' GPIO lookup
[    0.792322] of_get_named_gpiod_flags: parsed 'enable-gpios' property of node '/clk_mcasp0[0]' - status (0)
[    0.792368] gpio gpiochip0: Persistence not supported for GPIO 27
[    0.793244] gpiochip_find_base_unlocked: found new base at 608
[    0.793358] gpio gpiochip3: (gpio-96-127): created GPIO range 0->7 ==> 44e10800.pinmux PIN 82->89
[    0.793378] gpio gpiochip3: (gpio-96-127): created GPIO range 8->11 ==> 44e10800.pinmux PIN 52->55
[    0.793399] gpio gpiochip3: (gpio-96-127): created GPIO range 12->15 ==> 44e10800.pinmux PIN 94->97
[    0.793416] gpio gpiochip3: (gpio-96-127): created GPIO range 16->17 ==> 44e10800.pinmux PIN 71->72
[    0.793432] gpio gpiochip3: (gpio-96-127): created GPIO range 18->18 ==> 44e10800.pinmux PIN 135->135
