Labgrid Console Logfile for main
Logfile started at 2025-04-03 09:46:11.634237
=== Log starts here ===

U-Boot SPL 2014.04-00014-g47880f5 (Apr 22 2014 - 13:23:54)
reading args
spl_load_image_fat_os: error reading image args, err - -1
reading u-boot.img
reading u-boot.img


U-Boot 2014.04-00014-g47880f5 (Apr 22 2014 - 13:23:54)

I2C:   ready
DRAM:  512 MiB
NAND:  0 MiB
MMC:   OMAP SD/MMC: 0, OMAP SD/MMC: 1
*** Warning - readenv() failed, using default environment

Net:   <ethaddr> not set. Validating first E-fuse MAC
cpsw, usb_ether
Hit any key to stop autoboot:  1  0 
gpio: pin 53 (gpio 53) value is 1
mmc0 is current device
gpio: pin 54 (gpio 54) value is 1
SD/MMC found on device 0
reading uEnv.txt
569 bytes read in 3 ms (184.6 KiB/s)
gpio: pin 55 (gpio 55) value is 1
Loaded environment from uEnv.txt
Importing environment from mmc ...
Checking if uenvcmd is set ...
gpio: pin 56 (gpio 56) value is 1
Running uenvcmd ...
cpsw Waiting for PHY auto negotiation to complete. done
link up on port 0, speed 100, full duplex
Using cpsw device
TFTP from server 192.168.255.126; our IP address is 192.168.255.1
Filename 'zImage'.
Load address: 0x81000000
Loading: *#################################################################
	 #################################################################
	 #################################################################
	 #################################################################
	 #################################################################
	 ###########################################################
	 2.4 MiB/s
done
Bytes transferred = 5634624 (55fa40 hex)
link up on port 0, speed 100, full duplex
Using cpsw device
TFTP from server 192.168.255.126; our IP address is 192.168.255.1
Filename 'am335x-boneblack.dtb'.
Load address: 0x82000000
Loading: *#######
	 2.2 MiB/s
done
Bytes transferred = 98244 (17fc4 hex)
Kernel image @ 0x81000000 [ 0x000000 - 0x55fa40 ]
## Flattened Device Tree blob at 82000000
   Booting using the fdt blob at 0x82000000
   Using Device Tree in place at 82000000, end 8201afc3

Starting kernel ...

[    0.000000] Booting Linux on physical CPU 0x0
[    0.000000] Linux version 6.14.0-next-20250403 (user01@drvtest01) (arm-none-eabi-gcc (Arm GNU Toolchain 14.2.Rel1 (Build arm-14.52)) 14.2.1 20241119, GNU ld (Arm GNU Toolchain 14.2.Rel1 (Build arm-14.52)) 2.43.1.20241119) #1 SMP Thu Apr  3 09:44:51 EEST 2025
[    0.000000] CPU: ARMv7 Processor [413fc082] revision 2 (ARMv7), cr=10c5387d
[    0.000000] CPU: PIPT / VIPT nonaliasing data cache, VIPT aliasing instruction cache
[    0.000000] OF: fdt: Machine model: TI AM335x BeagleBone Black
[    0.000000] Memory policy: Data cache writeback
[    0.000000] cma: Reserved 16 MiB at 0x00000000
[    0.000000] Zone ranges:
[    0.000000]   Normal   [mem 0x0000000080000000-0x000000009fdfffff]
[    0.000000]   HighMem  empty
[    0.000000] Movable zone start for each node
[    0.000000] Early memory node ranges
[    0.000000]   node   0: [mem 0x0000000080000000-0x000000009fdfffff]
[    0.000000] Initmem setup node 0 [mem 0x0000000080000000-0x000000009fdfffff]
[    0.000000] On node 0, zone Normal: 512 pages in unavailable ranges
[    0.000000] OF: reserved mem: Reserved memory: No reserved-memory node in the DT
[    0.000000] CPU: All CPU(s) started in SVC mode.
[    0.000000] AM335X ES2.1 (sgx neon)
[    0.000000] percpu: Embedded 17 pages/cpu s39692 r8192 d21748 u69632
[    0.000000] Kernel command line: console=ttyO0,115200n8 root=/dev/nfs rw nfsroot=192.168.255.126:/home/user01/nfs,nfsvers=3 ip=192.168.255.1:192.168.255.126::255.255.255.0:bbb1:eth0 nfsrootdebug
[    0.000000] Unknown kernel command line parameters "nfsrootdebug", will be passed to user space.
[    0.000000] printk: log buffer data + meta data: 65536 + 204800 = 270336 bytes
[    0.000000] Dentry cache hash table entries: 65536 (order: 6, 262144 bytes, linear)
[    0.000000] Inode-cache hash table entries: 32768 (order: 5, 131072 bytes, linear)
[    0.000000] Built 1 zonelists, mobility grouping on.  Total pages: 130560
[    0.000000] mem auto-init: stack:off, heap alloc:off, heap free:off
[    0.000000] SLUB: HWalign=16, Order=0-3, MinObjects=0, CPUs=1, Nodes=1
[    0.000000] rcu: Hierarchical RCU implementation.
[    0.000000] rcu: 	RCU event tracing is enabled.
[    0.000000] rcu: 	RCU restricting CPUs from NR_CPUS=2 to nr_cpu_ids=1.
[    0.000000] 	Tracing variant of Tasks RCU enabled.
[    0.000000] rcu: RCU calculated value of scheduler-enlistment delay is 10 jiffies.
[    0.000000] rcu: Adjusting geometry for rcu_fanout_leaf=16, nr_cpu_ids=1
[    0.000000] RCU Tasks Trace: Setting shift to 0 and lim to 1 rcu_task_cb_adjust=1 rcu_task_cpu_ids=1.
[    0.000000] NR_IRQS: 16, nr_irqs: 16, preallocated irqs: 16
[    0.000000] IRQ: Found an INTC at 0x(ptrval) (revision 5.0) with 128 interrupts
[    0.000000] rcu: srcu_init: Setting srcu_struct sizes based on contention.
[    0.000000] TI gptimer clocksource: always-on /ocp/interconnect@44c00000/segment@200000/target-module@31000
[    0.000002] sched_clock: 32 bits at 24MHz, resolution 41ns, wraps every 89478484971ns
[    0.000027] clocksource: dmtimer: mask: 0xffffffff max_cycles: 0xffffffff, max_idle_ns: 79635851949 ns
[    0.000509] TI gptimer clockevent: 24000000 Hz at /ocp/interconnect@48000000/segment@0/target-module@40000
[    0.002136] Console: colour dummy device 80x30
[    0.002201] WARNING: Your 'console=ttyO0' has been replaced by 'ttyS0'
[    0.002208] This ensures that you still see kernel messages. Please
[    0.002212] update your kernel commandline.
[    0.002254] Calibrating delay loop... 996.14 BogoMIPS (lpj=4980736)
[    0.090554] CPU: Testing write buffer coherency: ok
[    0.090664] CPU0: Spectre v2: using BPIALL workaround
[    0.090674] pid_max: default: 32768 minimum: 301
[    0.090831] LSM: initializing lsm=capability
[    0.091019] Mount-cache hash table entries: 1024 (order: 0, 4096 bytes, linear)
[    0.091038] Mountpoint-cache hash table entries: 1024 (order: 0, 4096 bytes, linear)
[    0.092655] CPU0: thread -1, cpu 0, socket -1, mpidr 0
[    0.092715] cacheinfo: Unable to detect cache hierarchy for CPU 0
[    0.160740] Setting up static identity map for 0x80100000 - 0x80100078
[    0.170691] rcu: Hierarchical SRCU implementation.
[    0.170705] rcu: 	Max phase no-delay instances is 1000.
[    0.172462] smp: Bringing up secondary CPUs ...
[    0.172517] smp: Brought up 1 node, 1 CPU
[    0.172529] SMP: Total of 1 processors activated (996.14 BogoMIPS).
[    0.172541] CPU: All CPU(s) started in SVC mode.
[    0.172731] Memory: 480824K/522240K available (11264K kernel code, 1216K rwdata, 2972K rodata, 1024K init, 288K bss, 23384K reserved, 16384K cma-reserved, 0K highmem)
[    0.173569] devtmpfs: initialized
[    0.190901] VFP support v0.3: implementor 41 architecture 3 part 30 variant c rev 3
[    0.191592] clocksource: jiffies: mask: 0xffffffff max_cycles: 0xffffffff, max_idle_ns: 19112604462750000 ns
[    0.191634] posixtimers hash table entries: 512 (order: 0, 4096 bytes, linear)
[    0.191653] futex hash table entries: 256 (order: 2, 16384 bytes, linear)
[    0.192802] pinctrl core: initialized pinctrl subsystem
[    0.194886] NET: Registered PF_NETLINK/PF_ROUTE protocol family
[    0.197696] DMA: preallocated 256 KiB pool for atomic coherent allocations
[    0.198639] audit: initializing netlink subsys (disabled)
[    0.200037] thermal_sys: Registered thermal governor 'fair_share'
[    0.200054] thermal_sys: Registered thermal governor 'step_wise'
[    0.200062] thermal_sys: Registered thermal governor 'user_space'
[    0.200173] audit: type=2000 audit(0.000:1): state=initialized audit_enabled=0 res=1
[    0.200244] cpuidle: using governor menu
[    0.218525] /ocp/interconnect@44c00000/segment@200000/target-module@b000/i2c@0/tda19988@70: Fixed dependency cycle(s) with /ocp/interconnect@48000000/segment@300000/target-module@e000/lcdc@0
[    0.219704] /ocp/interconnect@48000000/segment@300000/target-module@e000/lcdc@0: Fixed dependency cycle(s) with /ocp/interconnect@44c00000/segment@200000/target-module@b000/i2c@0/tda19988@70
[    0.222088] No ATAGs?
[    0.222133] hw-breakpoint: debug architecture 0x4 unsupported.
[    0.224832] kprobes: kprobe jump-optimization is enabled. All kprobes are optimized if possible.
[    0.233996] iommu: Default domain type: Translated
[    0.234019] iommu: DMA domain TLB invalidation policy: strict mode
[    0.241550] SCSI subsystem initialized
[    0.242422] pps_core: LinuxPPS API ver. 1 registered
[    0.242433] pps_core: Software ver. 5.3.6 - Copyright 2005-2007 Rodolfo Giometti <giometti@linux.it>
[    0.242458] PTP clock support registered
[    0.250879] vgaarb: loaded
[    0.251240] clocksource: Switched to clocksource dmtimer
[    0.251920] VFS: Disk quotas dquot_6.6.0
[    0.251982] VFS: Dquot-cache hash table entries: 1024 (order 0, 4096 bytes)
[    0.276017] NET: Registered PF_INET protocol family
[    0.276354] IP idents hash table entries: 8192 (order: 4, 65536 bytes, linear)
[    0.277776] tcp_listen_portaddr_hash hash table entries: 512 (order: 0, 4096 bytes, linear)
[    0.277815] Table-perturb hash table entries: 65536 (order: 6, 262144 bytes, linear)
[    0.277836] TCP established hash table entries: 4096 (order: 2, 16384 bytes, linear)
[    0.277880] TCP bind hash table entries: 4096 (order: 4, 65536 bytes, linear)
[    0.277980] TCP: Hash tables configured (established 4096 bind 4096)
[    0.278099] UDP hash table entries: 256 (order: 1, 14336 bytes, linear)
[    0.278132] UDP-Lite hash table entries: 256 (order: 1, 14336 bytes, linear)
[    0.278315] NET: Registered PF_UNIX/PF_LOCAL protocol family
[    0.282058] RPC: Registered named UNIX socket transport module.
[    0.282082] RPC: Registered udp transport module.
[    0.282088] RPC: Registered tcp transport module.
[    0.282092] RPC: Registered tcp-with-tls transport module.
[    0.282097] RPC: Registered tcp NFSv4.1 backchannel transport module.
[    0.282120] PCI: CLS 0 bytes, default 64
[    0.283526] Initialise system trusted keyrings
[    0.291786] workingset: timestamp_bits=14 max_order=17 bucket_order=3
[    0.293140] NFS: Registering the id_resolver key type
[    0.293212] Key type id_resolver registered
[    0.293219] Key type id_legacy registered
[    0.293331] jffs2: version 2.2. (NAND) (SUMMARY)  Â© 2001-2006 Red Hat, Inc.
[    0.293758] Key type asymmetric registered
[    0.293777] Asymmetric key parser 'x509' registered
[    0.293838] io scheduler mq-deadline registered
[    0.293849] io scheduler kyber registered
[    0.293926] io scheduler bfq registered
[    0.295511] ledtrig-cpu: registered to indicate activity on CPUs
[    0.301743] Serial: 8250/16550 driver, 6 ports, IRQ sharing enabled
[    0.340103] brd: module loaded
[    0.358736] loop: module loaded
[    0.359653] mtdoops: mtd device (mtddev=name/number) must be supplied
[    0.362911] i2c_dev: i2c /dev entries driver
[    0.363909] cpuidle: enable-method property 'ti,am3352' found operations
[    0.364361] sdhci: Secure Digital Host Controller Interface driver
[    0.364371] sdhci: Copyright(c) Pierre Ossman
[    0.364535] sdhci-pltfm: SDHCI platform and OF driver helper
[    0.365541] Initializing XFRM netlink socket
[    0.365714] NET: Registered PF_INET6 protocol family
[    0.377596] Segment Routing with IPv6
[    0.377686] In-situ OAM (IOAM) with IPv6
[    0.377786] sit: IPv6, IPv4 and MPLS over IPv4 tunneling driver
[    0.378757] NET: Registered PF_PACKET protocol family
[    0.378791] NET: Registered PF_KEY protocol family
[    0.378916] Key type dns_resolver registered
[    0.379136] ThumbEE CPU extension supported.
[    0.379157] Registering SWP/SWPB emulation handler
[    0.379695] omap_voltage_late_init: Voltage driver support not added
[    0.380045] SmartReflex Class3 initialized
[    0.412719] Loading compiled-in X.509 certificates
[    0.456210] /ocp/interconnect@44c00000/segment@200000/target-module@b000/i2c@0/tda19988@70: Fixed dependency cycle(s) with /ocp/interconnect@48000000/segment@300000/target-module@e000/lcdc@0
[    0.462989] /ocp/interconnect@44c00000/segment@200000/target-module@b000/i2c@0/tda19988@70: Fixed dependency cycle(s) with /ocp/interconnect@48000000/segment@300000/target-module@e000/lcdc@0
[    0.502503] /ocp/interconnect@44c00000/segment@200000/target-module@b000/i2c@0/tda19988@70: Fixed dependency cycle(s) with /ocp/interconnect@48000000/segment@300000/target-module@e000/lcdc@0
[    0.503443] /ocp/interconnect@44c00000/segment@200000/target-module@b000/i2c@0/tda19988@70: Fixed dependency cycle(s) with /ocp/interconnect@48000000/segment@300000/target-module@e000/lcdc@0
[    0.506922] /ocp/interconnect@44c00000/segment@200000/target-module@10000/scm@0/pinmux@800: Fixed dependency cycle(s) with /ocp/interconnect@44c00000/segment@200000/target-module@10000/scm@0/pinmux@800/clkout2-pins
[    0.507538] pinctrl-single 44e10800.pinmux: 142 pins, size 568
[    0.513102] ti-sysc 44e31000.target-module: probe with driver ti-sysc failed with error -16
[    0.539253] /ocp/interconnect@48000000/segment@300000/target-module@e000/lcdc@0: Fixed dependency cycle(s) with /ocp/interconnect@44c00000/segment@200000/target-module@b000/i2c@0/tda19988@70
[    0.547626] ti-sysc 48040000.target-module: probe with driver ti-sysc failed with error -16
[    0.604445] OMAP GPIO hardware version 0.1
[    0.619070] omap_i2c 4819c000.i2c: bus 2 rev0.11 at 100 kHz
[    0.659204] 48000000.interconnect:segment@200000:target-module@0:mpu@0:fck: device ID is greater than 24
[    0.660125] /ocp/interconnect@48000000/segment@300000/target-module@e000/lcdc@0: Fixed dependency cycle(s) with /ocp/interconnect@44c00000/segment@200000/target-module@b000/i2c@0/tda19988@70
[    0.663207] /ocp/interconnect@48000000/segment@300000/target-module@e000/lcdc@0: Fixed dependency cycle(s) with /ocp/interconnect@44c00000/segment@200000/target-module@b000/i2c@0/tda19988@70
[    0.663931] /ocp/interconnect@44c00000/segment@200000/target-module@b000/i2c@0/tda19988@70: Fixed dependency cycle(s) with /ocp/interconnect@48000000/segment@300000/target-module@e000/lcdc@0
[    0.664112] /ocp/interconnect@48000000/segment@300000/target-module@e000/lcdc@0: Fixed dependency cycle(s) with /ocp/interconnect@44c00000/segment@200000/target-module@b000/i2c@0/tda19988@70
 [    0.675602] sdhci-omap 481d8000.mmc: supply pbias not found , using dummy regulator
[    0.676097] sdhci-omap 481d8000.mmc: supply vqmmc not found, using dummy regulator
[    0.741266] davinci_mdio 4a101000.mdio: davinci mdio revision 1.6, bus freq 100.890554] cpsw-switch 4a100000.switch: initialized (regs 0x4a100000, pool size 256) hw_ver:0019010C 1.12 (0)
[    0.901763] debugfs: Directory '49000000.dma' with parent 'dmaengine' already present!
[    0.901806] edma 49000000.dma: TI EDMA DMA engine driver
[    0.935463] target-module@4b000000:target-module@140000:pmu@0:fck: device ID is greater than 24
[    0.958805] hw perfevents: enabled with armv7_cortex_a8 PMU driver, 5 (8000000f) counters available
[    0.966619] l3-aon-clkctrl:0000:0: failed to disable
[    0.969633] 44e09000.serial: ttyS0 at MMIO 0x44e09000 (irq = 34, base_baud = 3000000) is a 8250
[    0.969722] printk: legacy console [ttyS0] enabled
[    2.442207] tps65217-pmic: Failed to locate of_node [id: -1]
[    2.448289] tps65217-bl: Failed to locate of_node [id: -1]
[    2.455722] platform tps65217-charger: DMA mask not set
[    2.463054] platform tps65217-pwrbutton: DMA mask not set
[    2.470893] tps65217 0-0024: TPS65217 ID 0xe version 1.2
[    2.477042] /ocp/interconnect@48000000/segment@300000/target-module@e000/lcdc@0: Fixed dependency cycle(s) with /ocp/interconnect@44c00000/segment@200000/target-module@b000/i2c@0/tda19988@70
[    2.494420] /ocp/interconnect@44c00000/segment@200000/target-module@b000/i2c@0/tda19988@70: Fixed dependency cycle(s) with /ocp/interconnect@48000000/segment@300000/target-module@e000/lcdc@0
[    2.511814] omap_i2c 44e0b000.i2c: bus 0 rev0.11 at 400 kHz
[    2.519738] omap_gpio 44e07000.gpio: Could not set line 6 debounce to 200000 microseconds (-22)
[    2.528604] sdhci-omap 48060000.mmc: Got CD GPIO
[    2.533635] sdhci-omap 48060000.mmc: supply pbias not found, using dummy regulator
[    2.543612] sdhci-omap 48060000.mmc: supply vqmmc not found, using dummy regulator
[    2.552654] sdhci-omap 481d8000.mmc: supply pbias not found, using dummy regulator
[    2.560673] sdhci-omap 481d8000.mmc: supply vqmmc not found, using dummy regulator
[    2.598766] mmc1: SDHCI controller on 481d8000.mmc [481d8000.mmc] using External DMA
[    2.607817] mmc0: SDHCI controller on 48060000.mmc [48060000.mmc] using External DMA
[    2.616747] cpsw-switch 4a100000.switch: starting ndev. mode: dual_mac
[    2.660416] mmc0: new high speed SDHC card at address 5048
[    2.667520] mmcblk0: mmc0:5048 SD16G 14.4 GiB
[    2.675560]  mmcblk0: p1 p2
[    2.678979] mmcblk0: p2 size 31221760 extends beyond EOD, truncated
[    2.692489] SMSC LAN8710/LAN8720 4a101000.mdio:00: attached PHY driver (mii_bus:phy_addr=4a101000.mdio:00, irq=POLL)
[    2.705052] mmc1: new high speed MMC card at address 0001
[    2.712016] mmcblk1: mmc1:0001 MMC04G 3.60 GiB
[    2.723615]  mmcblk1: p1 p2
[    2.727889] mmcblk1boot0: mmc1:0001 MMC04G 2.00 MiB
[    2.735227] mmcblk1boot1: mmc1:0001 MMC04G 2.00 MiB
[    2.742600] mmcblk1rpmb: mmc1:0001 MMC04G 128 KiB, chardev (250:0)
[    5.842026] cpsw-switch 4a100000.switch eth0: Link is Up - 100Mbps/Full - flow control off
[    5.881510] IP-Config: Complete:
[    5.884787]      device=eth0, hwaddr=6c:ec:eb:68:de:78, ipaddr=192.168.255.1, mask=255.255.255.0, gw=255.255.255.255
[    5.895450]      host=bbb1, domain=, nis-domain=(none)
[    5.900618]      bootserver=192.168.255.126, rootserver=192.168.255.126, rootpath=
[    5.901052] clk: Disabling unused clocks
[    5.912915] PM: genpd: Disabling unused power domains
[    5.918035] KTAP version 1
[    5.920756] 1..0
[    5.945690] VFS: Mounted root (nfs filesystem) on device 0:17.
[    5.952851] devtmpfs: mounted
[    5.957332] Freeing unused kernel image (initmem) memory: 1024K
[    5.964288] Run /sbin/init as init process
[    6.659272] systemd[1]: System time before build time, advancing clock.
[    8.111266] random: crng init done
[    8.152897] systemd[1]: systemd 232 running in system mode. (+PAM +AUDIT +SELINUX +IMA +APPARMOR +SMACK +SYSVINIT +UTMP +LIBCRYPTSETUP +GCRYPT +GNUTLS +ACL +XZ +LZ4 +SECCOMP +BLKID +ELFUTILS +KMOD +IDN)
[    8.171999] systemd[1]: Detected architecture arm.

Welcome to [1mDebian GNU/Linux 9 (stretch)[0m!

[    8.204401] systemd[1]: Set hostname to <arm>.
[    9.314467] systemd[1]: Listening on Journal Audit Socket.
[[0;32m  OK  [0m] Listening on Journal Audit Socket.
[    9.333464] systemd[1]: Listening on Journal Socket.
[[0;32m  OK  [0m] Listening on Journal Socket.
[    9.362928] systemd[1]: Created slice System Slice.
[[0;32m  OK  [0m] Created slice System Slice.
[    9.422454] systemd[1]: Starting Load Kernel Modules...
         Starting Load Kernel Modules...
[    9.444575] systemd[1]: Starting Remount Root and Kernel File Systems...
         Starting Remount Root and Kernel File Systems...
[    9.477011] systemd[1]: Started Dispatch Password Requests to Console Directory Watch.
[[0;32m  OK  [0m] Started Dispatch Password Requests to Console Directory Watch.
[    9.543270] systemd[1]: Created slice system-serial\x2dgetty.slice.
[[0;32m  OK  [0m] Created slice system-serial\x2dgetty.slice.
         Starting Create list of required stâ€¦ce nodes for the current kernel...
[[0;32m  OK  [0m] Created slice system-getty.slice.
[[0;32m  OK  [0m] Listening on udev Kernel Socket.
[[0;32m  OK  [0m] Reached target Remote File Systems.
[[0;32m  OK  [0m] Set up automount Arbitrary Executabâ€¦rmats File System Automount Point.
[[0;32m  OK  [0m] Listening on Syslog Socket.
         Mounting POSIX Message Queue File System...
[[0;32m  OK  [0m] Listening on Journal Socket (/dev/log).
         Starting Journal Service...
[[0;32m  OK  [0m] Listening on udev Control Socket.
[[0;32m  OK  [0m] Reached target Swap.
[[0;32m  OK  [0m] Created slice User and Session Slice.
[[0;32m  OK  [0m] Reached target Slices.
         Mounting Debug File System...
[[0;32m  OK  [0m] Started Forward Password Requests to Wall Directory Watch.
[[0;32m  OK  [0m] Reached target Paths.
[[0;32m  OK  [0m] Reached target Encrypted Volumes.
[[0;32m  OK  [0m] Listening on /dev/initctl Compatibility Named Pipe.
[[0;32m  OK  [0m] Mounted POSIX Message Queue File System.
[[0;32m  OK  [0m] Mounted Debug File System.
[[0;32m  OK  [0m] Started Load Kernel Modules.
[[0;32m  OK  [0m] Started Remount Root and Kernel File Systems.
[[0;32m  OK  [0m] Started Create list of required staâ€¦vice nodes for the current kernel.
         Starting Create Static Device Nodes in /dev...
         Starting Load/Save Random Seed...
         Starting udev Coldplug all Devices...
         Mounting Configuration File System...
         Starting Apply Kernel Variables...
[[0;32m  OK  [0m] Mounted Configuration File System.
[[0;32m  OK  [0m] Started Load/Save Random Seed.
[[0;32m  OK  [0m] Started Apply Kernel Variables.
[[0;32m  OK  [0m] Started Journal Service.
         Starting Flush Journal to Persistent Storage...
[[0;32m  OK  [0m] Started Create Static Device Nodes in /dev.
         Starting udev Kernel Device Manager...
[[0;32m  OK  [0m] Reached target Local File Systems (Pre).
[[0;32m  OK  [0m] Reached target Local File Systems.
         Starting Raise network interfaces...
[   11.312879] systemd-journald[88]: Received request to flush runtime journal from PID 1
[[0;32m  OK  [0m] Started Flush Journal to Persistent Storage.
         Starting Create Volatile Files and Directories...
[[0;32m  OK  [0m] Started udev Kernel Device Manager.
[[0;32m  OK  [0m] Started Create Volatile Files and Directories.
         Starting Update UTMP about System Boot/Shutdown...
         Starting Network Time Synchronization...
[[0;32m  OK  [0m] Started Update UTMP about System Boot/Shutdown.
[[0;32m  OK  [0m] Started udev Coldplug all Devices.
[   14.663928] remoteproc remoteproc0: wkup_m3 is available
[   14.971643] omap_wdt: OMAP Watchdog Timer Rev 0x01: initial timeout 60 sec
[   15.033193] at24 2-0054: supply vcc not found, using dummy regulator
[   15.163211] wkup_m3_ipc 44e11324.wkup_m3_ipc: IPC Request for A8->M3 Channel failed! -517
[   15.178187] at24 2-0055: supply vcc not found, using dummy regulator
[[0;32m  OK  [0m] Found device /dev/ttyS0.
[[0;32m  OK  [0m] Started Network Time Synchronization.
[   15.274099] at24 2-0056: supply vcc not found, using dummy regulator
[   15.386512] at24 2-0057: supply vcc not found, using dummy regulator
[   15.505246] at24 0-0050: 32768 byte 24c256 EEPROM, writable, 1 bytes/write
[   15.513555] wkup_m3_ipc 44e11324.wkup_m3_ipc: IPC Request for A8->M3 Channel failed! -517
[[0;32m  OK  [0m] Reached target System Initialization.
[   15.662946] input: tps65217_pwrbutton as /devices/platform/ocp/44c00000.interconnect/44c00000.interconnect:segment@200000/44e0b000.target-module/44e0b000.i2c/i2c-0/0-0024/tps65217-pwrbutton/input/input0
[   15.684927] wkup_m3_ipc 44e11324.wkup_m3_ipc: IPC Request for A8->M3 Channel failed! -517
[   15.694188] omap_rtc 44e3e000.rtc: registered as rtc0
[   15.699342] omap_rtc 44e3e000.rtc: setting system clock to 2000-01-01T00:00:00 UTC (946684800)
[   15.781888] wkup_m3_ipc 44e11324.wkup_m3_ipc: IPC Request for A8->M3 Channel failed! -517
[[0;32m  OK  [0m] Listening on D-Bus System Message Bus Socket[   15.947019] wkup_m3_ipc 44e11324.wkup_m3_ipc: IPC Request for A8->M3 Channel failed! -517
.
[[0;32m  OK  [0m] Listening on Avahi mDNS/DNS-SD Stack Activation Socket.
[[0;32m  OK  [0m] Reached target Sockets.
[[0;32m  OK  [0m] Reached target Basic System.
         Starting Avahi mDNS/DNS-SD Stack...
[   16.265558] am335x-phy-driver 47401300.usb-phy: dummy supplies not allowed for exclusive requests (id=vbus)
         Starting Cape Manager Service...
         Starting System Logging Service...
[   16.490422] am335x-phy-driver 47401b00.usb-phy: dummy supplies not allowed for exclusive requests (id=vbus)
[   16.501627] wkup_m3_ipc 44e11324.wkup_m3_ipc: IPC Request for A8->M3 Channel failed! -517
[   16.549658] usbcore: registered new interface driver usbfs
[   16.555492] usbcore: registered new interface driver hub
[   16.560942] usbcore: registered new device driver usb
         Starting Generic Board Startup...
[   16.691813] wkup_m3_ipc 44e11324.wkup_m3_ipc: IPC Request for A8->M3 Channel failed! -517
         Starting LSB: Load kernel modules needed to enable cpufreq scaling...
         Starting Telephony service...
         Starting DUN service...
[   17.287036] tda998x 0-0070: found TDA19988
[[0;32m  OK  [0m] Started Regular background program processing daemon.
[   17.391792] wkup_m3_ipc 44e11324.wkup_m3_ipc: IPC Request for A8->M3 Channel failed! -517
         Starting LSB: Start busybox udhcpd at boot time...
[   17.546402] wkup_m3_ipc 44e11324.wkup_m3_ipc: IPC Request for A8->M3 Channel failed! -517
[[0;32m  OK  [0m] Started D-Bus System Message Bus.
[   17.705204] musb-hdrc musb-hdrc.1: MUSB HDRC host driver
[   17.710626] musb-hdrc musb-hdrc.1: new USB bus registered, assigned bus number 1
[   17.723017] wkup_m3_ipc 44e11324.wkup_m3_ipc: IPC Request for A8->M3 Channel failed! -517
[   17.866473] omap-mailbox 480c8000.mailbox: omap mailbox rev 0x400
[   17.960402] remoteproc remoteproc0: powering up wkup_m3
[   18.003635] usb usb1: New USB device found, idVendor=1d6b, idProduct=0002, bcdDevice= 6.14
[   18.012213] usb usb1: New USB device strings: Mfr=3, Product=2, SerialNumber=1
[   18.019484] usb usb1: Product: MUSB HDRC host driver
[   18.024548] usb usb1: Manufacturer: Linux 6.14.0-next-20250403 musb-hcd
[   18.031249] usb usb1: SerialNumber: musb-hdrc.1
 [   18.233508] remoteproc remoteproc0: Direct firmware load fo r am335x-pm-firmware.elf failed with error -2
[   18.243232]  remoteproc remoteproc0: request_firmware failed: -2
[   18.24 9195] wkup_m3_ipc 44e11324.wkup_m3_ipc: rproc_boot failed
[    18.5342
[   20.665341] omap_rng 48310000.rng: Random Number Generator ver. 20
[   20.891851] tilcdc 4830e000.lcdc: bound 0-0070 (ops tda998x_audio_codec_init [tda998x])
[   20.996227] [drm] Initialized tilcdc 1.0.0 for 4830e000.lcdc on minor 0
[   21.033288] tilcdc 4830e000.lcdc: [drm] Cannot find any crtc or sizes
[   21.041447] tilcdc 4830e000.lcdc: [drm] Cannot find any crtc or sizes
[   21.599844] PM: Cannot get wkup_m3_ipc handle
[[0;32m  OK  [0m] Started Avahi mDNS/DNS-SD Stack.
[[0;32m  OK  [0m] Started Telephony service.
[   21.888180] omap-sham 53100000.sham: hw accel on OMAP rev 4.3
[[0;32m  OK  [0m] Started DUN service.
[   22.011616] omap-sham 53100000.sham: will run requests pump with realtime priority
[   22.022423] PM: Cannot get wkup_m3_ipc handle
         Starting Connection service...
[[0;32m  OK  [0m] Started Daily Cleanup of Temporary Directories.
[   22.084374] omap-aes 53500000.aes: OMAP AES hw accel rev: 3.2
         Starting Login Service...
[   22.200358] omap-aes 53500000.aes: will run requests pump with realtime priority
[   22.209321] PM: Cannot get wkup_m3_ipc handle
[[0;32m  OK  [0m] Reached target System Time Synchronized.
[[0;32m  OK  [0m] Started Daily apt download activities.
[[0;32m  OK  [0m] Started Daily apt upgrade and clean activities.
[[0;32m  OK  [0m] Reached target Timers.
[[0;32m  OK  [0m] Started System Logging Service.
[[0;32m  OK  [0m] Started Cape Manager Service.
[   23.699723] Bluetooth: Core ver 2.22
[   23.703750] NET: Registered PF_BLUETOOTH protocol family
[   23.709107] Bluetooth: HCI device and connection manager initialized
[   23.715624] Bluetooth: HCI socket layer initialized
[   23.720542] Bluetooth: L2CAP socket layer initialized
[   23.725737] Bluetooth: SCO socket layer initialized
[   25.508514] gpio-537 (nxp,calib): gpiod_direction_output_nonotify: tried to set a GPIO tied to an IRQ as output
[   25.528153] PM: Cannot get wkup_m3_ipc handle
[   25.661597] PM: Cannot get wkup_m3_ipc handle
[   25.790468] tda9950 0-0034: TDA9950 CEC interface, hardware version 3.3
[   25.903625] PM: Cannot get wkup_m3_ipc handle
[[0;32m  OK  [0m] Started LSB: Start busybox udhcpd at boot time.
[[0;32m  OK  [0m] Started Raise network interfaces.
[[0;32m  OK  [0m] Started LSB: Load kernel modules needed to enable cpufreq scaling.
[   28.519964] configfs-gadget.g_multi gadget.0: HOST MAC 1c:ba:8c:a2:ed:6c
[   28.526962] configfs-gadget.g_multi gadget.0: MAC 1c:ba:8c:a2:ed:70
[   28.534365] configfs-gadget.g_multi gadget.0: HOST MAC 1c:ba:8c:a2:ed:6c
[   28.541129] configfs-gadget.g_multi gadget.0: MAC 1c:ba:8c:a2:ed:6d
[   28.549031] PM: Cannot get wkup_m3_ipc handle
[[0;32m  OK  [0m] Started Connection service.
[[0;32m  OK  [0m] Reached target Sound Card.
         Starting LSB: set CPUFreq kernel parameters...
[[0;32m  OK  [0m] Reached target Network.
         Starting The Apache HTTP Server...
         Starting OpenBSD Secure Shell server...
         Starting Permit User Sessions...
[[0;32m  OK  [0m] Reached target Network is Online.
         Starting LSB: Advanced IEEE 802.11 management daemon...
[[0;32m  OK  [0m] Started LSB: Advanced IEEE 802.11 management daemon.
[[0;32m  OK  [0m] Started Permit User Sessions.
[[0;32m  OK  [0m] Started Login Service.
[[0;32m  OK  [0m] Started Serial Getty on ttyS0.
[[0;32m  OK  [0m] Started Getty on tty1.
[[0;32m  OK  [0m] Reached target Login Prompts.
[[0;32m  OK  [0m] Started LSB: set CPUFreq kernel parameters.
         Starting Hostname Service...
         Starting WPA supplicant...
         Stopping LSB: Start busybox udhcpd at boot time...
[[0;32m  OK  [0m] Started WPA supplicant.
[[0;32m  OK  [0m] Started Hostname Service.
[[0;32m  OK  [0m] Started OpenBSD Secure Shell server.
[[0;32m  OK  [0m] Stopped LSB: Start busybox udhcpd at boot time.
[[0;32m  OK  [0m] Started The Apache HTTP Server.
         Starting dnsmasq - A lightweight DHCP and caching DNS server...
[[0;32m  OK  [0m] Started dnsmasq - A lightweight DHCP and caching DNS server.
[[0;32m  OK  [0m] Reached target Host and Network Name Lookups.
[[0;32m  OK  [0m] Started Serial Getty on ttyGS0.
[[0;32m  OK  [0m] Started Generic Board Startup.
[[0;32m  OK  [0m] Reached target Multi-User System.
[[0;32m  OK  [0m] Reached target Graphical Interface.
         Starting Update UTMP about System Runlevel Changes...
[[0;32m  OK  [0m] Started Update UTMP about System Runlevel Changes.

Debian GNU/Linux 9 arm ttyS0

default username:password is [debian:temppwd]

arm login: root
Password: 
Last login: Sat Dec  9 19:10:29 UTC 2017 on ttyS0
root
Linux arm 6.14.0-next-20250403 #1 SMP Thu Apr  3 09:44:51 EEST 2025 armv7l

The programs included with the Debian GNU/Linux system are free software;
the exact distribution terms for each program are described in the
individual files in /usr/share/doc/*/copyright.

Debian GNU/Linux comes with ABSOLUTELY NO WARRANTY, to the extent
permitted by applicable law.
root@arm:~# root
dmesg -n 1
-bash: root: command not found
root@arm:~# dmesg -n 1
root@arm:~# echo 'BGVK''XHLBHV'
BGVKXHLBHV
root@arm:~# run() { echo -n "$MARKER"; sh -c "$@"; echo "$MARKER $?"; }
root@arm:~# echo 'NPQV''PCHNOH'
NPQVPCHNOH
root@arm:~# MARKER='WUTC''YGZAQF' run 'cat /proc/version'
WUTCYGZAQFLinux version 6.14.0-next-20250403 (user01@drvtest01) (arm-none-eabi-gcc (Arm GNU Toolchain 14.2.Rel1 (Build arm-14.52)) 14.2.1 20241119, GNU ld (Arm GNU Toolchain 14.2.Rel1 (Build arm-14.52)) 2.43.1.20241119) #1 SMP Thu Apr  3 09:44:51 EEST 2025
WUTCYGZAQF 0
root@arm:~# echo 'QECL''WSYOMV'
QECLWSYOMV
root@arm:~# MARKER='UWHU''SHWPEC' run false
UWHUSHWPECUWHUSHWPEC 1
root@arm:~# Labgrid Console Logfile for main
Logfile started at 2025-04-03 09:47:11.507453
=== Log starts here ===

root@arm:~# run() { echo -n "$MARKER"; sh -c "$@"; echo "$MARKER $?"; }
root@arm:~# echo 'LOPM''QKZLVH'
LOPMQKZLVH
root@arm:~# MARKER='GCQY''ANNANM' run 'ls /iio_generic_buffer; echo $?'
GCQYANNANM/iio_generic_buffer
0
GCQYANNANM 0
root@arm:~# Labgrid Console Logfile for main
Logfile started at 2025-04-03 09:47:14.898332
=== Log starts here ===

root@arm:~# run() { echo -n "$MARKER"; sh -c "$@"; echo "$MARKER $?"; }
root@arm:~# echo 'XKXZ''BSSFZZ'
XKXZBSSFZZ
root@arm:~# MARKER='LCWZ''FYXMJN' run dmesg
LCWZFYXMJN[    0.000000] Booting Linux on physical CPU 0x0
[    0.000000] Linux version 6.14.0-next-20250403 (user01@drvtest01) (arm-none-eabi-gcc (Arm GNU Toolchain 14.2.Rel1 (Build arm-14.52)) 14.2.1 20241119, GNU ld (Arm GNU Toolchain 14.2.Rel1 (Build arm-14.52)) 2.43.1.20241119) #1 SMP Thu Apr  3 09:44:51 EEST 2025
[    0.000000] CPU: ARMv7 Processor [413fc082] revision 2 (ARMv7), cr=10c5387d
[    0.000000] CPU: PIPT / VIPT nonaliasing data cache, VIPT aliasing instruction cache
[    0.000000] OF: fdt: Machine model: TI AM335x BeagleBone Black
[    0.000000] Memory policy: Data cache writeback
[    0.000000] cma: Reserved 16 MiB at 0x00000000
[    0.000000] Zone ranges:
[    0.000000]   Normal   [mem 0x0000000080000000-0x000000009fdfffff]
[    0.000000]   HighMem  empty
[    0.000000] Movable zone start for each node
[    0.000000] Early memory node ranges
[    0.000000]   node   0: [mem 0x0000000080000000-0x000000009fdfffff]
[    0.000000] Initmem setup node 0 [mem 0x0000000080000000-0x000000009fdfffff]
[    0.000000] On node 0, zone Normal: 512 pages in unavailable ranges
[    0.000000] OF: reserved mem: Reserved memory: No reserved-memory node in the DT
[    0.000000] CPU: All CPU(s) started in SVC mode.
[    0.000000] AM335X ES2.1 (sgx neon)
[    0.000000] percpu: Embedded 17 pages/cpu s39692 r8192 d21748 u69632
[    0.000000] pcpu-alloc: s39692 r8192 d21748 u69632 alloc=17*4096
[    0.000000] pcpu-alloc: [0] 0 
[    0.000000] Kernel command line: console=ttyO0,115200n8 root=/dev/nfs rw nfsroot=192.168.255.126:/home/user01/nfs,nfsvers=3 ip=192.168.255.1:192.168.255.126::255.255.255.0:bbb1:eth0 nfsrootdebug
[    0.000000] Unknown kernel command line parameters "nfsrootdebug", will be passed to user space.
[    0.000000] printk: log buffer data + meta data: 65536 + 204800 = 270336 bytes
[    0.000000] Dentry cache hash table entries: 65536 (order: 6, 262144 bytes, linear)
[    0.000000] Inode-cache hash table entries: 32768 (order: 5, 131072 bytes, linear)
[    0.000000] Built 1 zonelists, mobility grouping on.  Total pages: 130560
[    0.000000] mem auto-init: stack:off, heap alloc:off, heap free:off
[    0.000000] SLUB: HWalign=16, Order=0-3, MinObjects=0, CPUs=1, Nodes=1
[    0.000000] rcu: Hierarchical RCU implementation.
[    0.000000] rcu: 	RCU event tracing is enabled.
[    0.000000] rcu: 	RCU restricting CPUs from NR_CPUS=2 to nr_cpu_ids=1.
[    0.000000] 	Tracing variant of Tasks RCU enabled.
[    0.000000] rcu: RCU calculated value of scheduler-enlistment delay is 10 jiffies.
[    0.000000] rcu: Adjusting geometry for rcu_fanout_leaf=16, nr_cpu_ids=1
[    0.000000] RCU Tasks Trace: Setting shift to 0 and lim to 1 rcu_task_cb_adjust=1 rcu_task_cpu_ids=1.
[    0.000000] NR_IRQS: 16, nr_irqs: 16, preallocated irqs: 16
[    0.000000] IRQ: Found an INTC at 0x(ptrval) (revision 5.0) with 128 interrupts
[    0.000000] rcu: srcu_init: Setting srcu_struct sizes based on contention.
[    0.000000] TI gptimer clocksource: always-on /ocp/interconnect@44c00000/segment@200000/target-module@31000
[    0.000002] sched_clock: 32 bits at 24MHz, resolution 41ns, wraps every 89478484971ns
[    0.000027] clocksource: dmtimer: mask: 0xffffffff max_cycles: 0xffffffff, max_idle_ns: 79635851949 ns
[    0.000509] TI gptimer clockevent: 24000000 Hz at /ocp/interconnect@48000000/segment@0/target-module@40000
[    0.002136] Console: colour dummy device 80x30
[    0.002201] WARNING: Your 'console=ttyO0' has been replaced by 'ttyS0'
[    0.002208] This ensures that you still see kernel messages. Please
[    0.002212] update your kernel commandline.
[    0.002254] Calibrating delay loop... 996.14 BogoMIPS (lpj=4980736)
[    0.090554] CPU: Testing write buffer coherency: ok
[    0.090664] CPU0: Spectre v2: using BPIALL workaround
[    0.090674] pid_max: default: 32768 minimum: 301
[    0.090831] LSM: initializing lsm=capability
[    0.091019] Mount-cache hash table entries: 1024 (order: 0, 4096 bytes, linear)
[    0.091038] Mountpoint-cache hash table entries: 1024 (order: 0, 4096 bytes, linear)
[    0.092655] CPU0: thread -1, cpu 0, socket -1, mpidr 0
[    0.092715] cacheinfo: Unable to detect cache hierarchy for CPU 0
[    0.160740] Setting up static identity map for 0x80100000 - 0x80100078
[    0.170691] rcu: Hierarchical SRCU implementation.
[    0.170705] rcu: 	Max phase no-delay instances is 1000.
[    0.172462] smp: Bringing up secondary CPUs ...
[    0.172517] smp: Brought up 1 node, 1 CPU
[    0.172529] SMP: Total of 1 processors activated (996.14 BogoMIPS).
[    0.172541] CPU: All CPU(s) started in SVC mode.
[    0.172731] Memory: 480824K/522240K available (11264K kernel code, 1216K rwdata, 2972K rodata, 1024K init, 288K bss, 23384K reserved, 16384K cma-reserved, 0K highmem)
[    0.173569] devtmpfs: initialized
[    0.190901] VFP support v0.3: implementor 41 architecture 3 part 30 variant c rev 3
[    0.191592] clocksource: jiffies: mask: 0xffffffff max_cycles: 0xffffffff, max_idle_ns: 19112604462750000 ns
[    0.191634] posixtimers hash table entries: 512 (order: 0, 4096 bytes, linear)
[    0.191653] futex hash table entries: 256 (order: 2, 16384 bytes, linear)
[    0.192802] pinctrl core: initialized pinctrl subsystem
[    0.194886] NET: Registered PF_NETLINK/PF_ROUTE protocol family
[    0.197696] DMA: preallocated 256 KiB pool for atomic coherent allocations
[    0.198639] audit: initializing netlink subsys (disabled)
[    0.200037] thermal_sys: Registered thermal governor 'fair_share'
[    0.200054] thermal_sys: Registered thermal governor 'step_wise'
[    0.200062] thermal_sys: Registered thermal governor 'user_space'
[    0.200173] audit: type=2000 audit(0.000:1): state=initialized audit_enabled=0 res=1
[    0.200244] cpuidle: using governor menu
[    0.218525] /ocp/interconnect@44c00000/segment@200000/target-module@b000/i2c@0/tda19988@70: Fixed dependency cycle(s) with /ocp/interconnect@48000000/segment@300000/target-module@e000/lcdc@0
[    0.219704] /ocp/interconnect@48000000/segment@300000/target-module@e000/lcdc@0: Fixed dependency cycle(s) with /ocp/interconnect@44c00000/segment@200000/target-module@b000/i2c@0/tda19988@70
[    0.222088] No ATAGs?
[    0.222133] hw-breakpoint: debug architecture 0x4 unsupported.
[    0.224832] kprobes: kprobe jump-optimization is enabled. All kprobes are optimized if possible.
[    0.233996] iommu: Default domain type: Translated
[    0.234019] iommu: DMA domain TLB invalidation policy: strict mode
[    0.235584] reg-fixed-voltage fixedregulator0: using DT '/fixedregulator0' for '(default)' GPIO lookup
[    0.235641] of_get_named_gpiod_flags: can't parse 'gpios' property of node '/fixedregulator0[0]'
[    0.235669] of_get_named_gpiod_flags: can't parse 'gpio' property of node '/fixedregulator0[0]'
[    0.235686] reg-fixed-voltage fixedregulator0: using lookup tables for GPIO lookup
[    0.235695] reg-fixed-voltage fixedregulator0: No GPIO consumer (default) found
[    0.241550] SCSI subsystem initialized
[    0.242049] libata version 3.00 loaded.
[    0.242422] pps_core: LinuxPPS API ver. 1 registered
[    0.242433] pps_core: Software ver. 5.3.6 - Copyright 2005-2007 Rodolfo Giometti <giometti@linux.it>
[    0.242458] PTP clock support registered
[    0.250879] vgaarb: loaded
[    0.251240] clocksource: Switched to clocksource dmtimer
[    0.251920] VFS: Disk quotas dquot_6.6.0
[    0.251982] VFS: Dquot-cache hash table entries: 1024 (order 0, 4096 bytes)
[    0.276017] NET: Registered PF_INET protocol family
[    0.276354] IP idents hash table entries: 8192 (order: 4, 65536 bytes, linear)
[    0.277776] tcp_listen_portaddr_hash hash table entries: 512 (order: 0, 4096 bytes, linear)
[    0.277815] Table-perturb hash table entries: 65536 (order: 6, 262144 bytes, linear)
[    0.277836] TCP established hash table entries: 4096 (order: 2, 16384 bytes, linear)
[    0.277880] TCP bind hash table entries: 4096 (order: 4, 65536 bytes, linear)
[    0.277980] TCP: Hash tables configured (established 4096 bind 4096)
[    0.278099] UDP hash table entries: 256 (order: 1, 14336 bytes, linear)
[    0.278132] UDP-Lite hash table entries: 256 (order: 1, 14336 bytes, linear)
[    0.278315] NET: Registered PF_UNIX/PF_LOCAL protocol family
[    0.282058] RPC: Registered named UNIX socket transport module.
[    0.282082] RPC: Registered udp transport module.
[    0.282088] RPC: Registered tcp transport module.
[    0.282092] RPC: Registered tcp-with-tls transport module.
[    0.282097] RPC: Registered tcp NFSv4.1 backchannel transport module.
[    0.282120] PCI: CLS 0 bytes, default 64
[    0.283526] Initialise system trusted keyrings
[    0.291786] workingset: timestamp_bits=14 max_order=17 bucket_order=3
[    0.293140] NFS: Registering the id_resolver key type
[    0.293212] Key type id_resolver registered
[    0.293219] Key type id_legacy registered
[    0.293331] jffs2: version 2.2. (NAND) (SUMMARY)  Â© 2001-2006 Red Hat, Inc.
[    0.293758] Key type asymmetric registered
[    0.293777] Asymmetric key parser 'x509' registered
[    0.293838] io scheduler mq-deadline registered
[    0.293849] io scheduler kyber registered
[    0.293926] io scheduler bfq registered
[    0.295511] ledtrig-cpu: registered to indicate activity on CPUs
[    0.301743] Serial: 8250/16550 driver, 6 ports, IRQ sharing enabled
[    0.340103] brd: module loaded
[    0.358736] loop: module loaded
[    0.359653] mtdoops: mtd device (mtddev=name/number) must be supplied
[    0.361510] mdio_bus fixed-0: using lookup tables for GPIO lookup
[    0.361535] mdio_bus fixed-0: No GPIO consumer reset found
[    0.362911] i2c_dev: i2c /dev entries driver
[    0.363909] cpuidle: enable-method property 'ti,am3352' found operations
[    0.364361] sdhci: Secure Digital Host Controller Interface driver
[    0.364371] sdhci: Copyright(c) Pierre Ossman
[    0.364535] sdhci-pltfm: SDHCI platform and OF driver helper
[    0.365541] Initializing XFRM netlink socket
[    0.365714] NET: Registered PF_INET6 protocol family
[    0.377596] Segment Routing with IPv6
[    0.377686] In-situ OAM (IOAM) with IPv6
[    0.377786] sit: IPv6, IPv4 and MPLS over IPv4 tunneling driver
[    0.378757] NET: Registered PF_PACKET protocol family
[    0.378791] NET: Registered PF_KEY protocol family
[    0.378916] Key type dns_resolver registered
[    0.379136] ThumbEE CPU extension supported.
[    0.379157] Registering SWP/SWPB emulation handler
[    0.379695] omap_voltage_late_init: Voltage driver support not added
[    0.380045] SmartReflex Class3 initialized
[    0.412719] Loading compiled-in X.509 certificates
[    0.456210] /ocp/interconnect@44c00000/segment@200000/target-module@b000/i2c@0/tda19988@70: Fixed dependency cycle(s) with /ocp/interconnect@48000000/segment@300000/target-module@e000/lcdc@0
[    0.462989] /ocp/interconnect@44c00000/segment@200000/target-module@b000/i2c@0/tda19988@70: Fixed dependency cycle(s) with /ocp/interconnect@48000000/segment@300000/target-module@e000/lcdc@0
[    0.468661] gpiochip_find_base_unlocked: found new base at 512
[    0.502503] /ocp/interconnect@44c00000/segment@200000/target-module@b000/i2c@0/tda19988@70: Fixed dependency cycle(s) with /ocp/interconnect@48000000/segment@300000/target-module@e000/lcdc@0
[    0.503443] /ocp/interconnect@44c00000/segment@200000/target-module@b000/i2c@0/tda19988@70: Fixed dependency cycle(s) with /ocp/interconnect@48000000/segment@300000/target-module@e000/lcdc@0
[    0.506922] /ocp/interconnect@44c00000/segment@200000/target-module@10000/scm@0/pinmux@800: Fixed dependency cycle(s) with /ocp/interconnect@44c00000/segment@200000/target-module@10000/scm@0/pinmux@800/clkout2-pins
[    0.507538] pinctrl-single 44e10800.pinmux: 142 pins, size 568
[    0.513102] ti-sysc 44e31000.target-module: probe with driver ti-sysc failed with error -16
[    0.539253] /ocp/interconnect@48000000/segment@300000/target-module@e000/lcdc@0: Fixed dependency cycle(s) with /ocp/interconnect@44c00000/segment@200000/target-module@b000/i2c@0/tda19988@70
[    0.547626] ti-sysc 48040000.target-module: probe with driver ti-sysc failed with error -16
[    0.559151] gpiochip_find_base_unlocked: found new base at 512
[    0.559255] gpio gpiochip0: (gpio-0-31): created GPIO range 0->7 ==> 44e10800.pinmux PIN 0->7
[    0.559274] gpio gpiochip0: (gpio-0-31): created GPIO range 8->11 ==> 44e10800.pinmux PIN 90->93
[    0.559291] gpio gpiochip0: (gpio-0-31): created GPIO range 12->27 ==> 44e10800.pinmux PIN 12->27
[    0.559306] gpio gpiochip0: (gpio-0-31): created GPIO range 28->31 ==> 44e10800.pinmux PIN 30->33
[    0.604212] gpio gpiochip0: (gpio-0-31): added GPIO chardev (254:0)
[    0.604360] gpio gpiochip0: registered GPIOs 512 to 543 on gpio-0-31
[    0.604445] OMAP GPIO hardware version 0.1
[    0.618073] i2c i2c-2: using DT '/ocp/interconnect@48000000/segment@100000/target-module@9c000/i2c@0' for 'scl' GPIO lookup
[    0.618147] of_get_named_gpiod_flags: can't parse 'scl-gpios' property of node '/ocp/interconnect@48000000/segment@100000/target-module@9c000/i2c@0[0]'
[    0.618187] of_get_named_gpiod_flags: can't parse 'scl-gpio' property of node '/ocp/interconnect@48000000/segment@100000/target-module@9c000/i2c@0[0]'
[    0.618222] i2c i2c-2: using lookup tables for GPIO lookup
[    0.618231] i2c i2c-2: No GPIO consumer scl found
[    0.618252] i2c i2c-2: using DT '/ocp/interconnect@48000000/segment@100000/target-module@9c000/i2c@0' for 'sda' GPIO lookup
[    0.618287] of_get_named_gpiod_flags: can't parse 'sda-gpios' property of node '/ocp/interconnect@48000000/segment@100000/target-module@9c000/i2c@0[0]'
[    0.618322] of_get_named_gpiod_flags: can't parse 'sda-gpio' property of node '/ocp/interconnect@48000000/segment@100000/target-module@9c000/i2c@0[0]'
[    0.618352] i2c i2c-2: using lookup tables for GPIO lookup
[    0.618360] i2c i2c-2: No GPIO consumer sda found
[    0.619070] omap_i2c 4819c000.i2c: bus 2 rev0.11 at 100 kHz
[    0.624900] gpiochip_find_base_unlocked: found new base at 544
[    0.625008] gpio gpiochip1: (gpio-32-63): created GPIO range 0->17 ==> 44e10800.pinmux PIN 34->51
[    0.625027] gpio gpiochip1: (gpio-32-63): created GPIO range 18->21 ==> 44e10800.pinmux PIN 77->80
[    0.625043] gpio gpiochip1: (gpio-32-63): created GPIO range 22->31 ==> 44e10800.pinmux PIN 56->65
[    0.649954] gpio gpiochip1: (gpio-32-63): added GPIO chardev (254:1)
[    0.650152] gpio gpiochip1: registered GPIOs 544 to 575 on gpio-32-63
[    0.652596] gpiochip_find_base_unlocked: found new base at 576
[    0.652695] gpio gpiochip2: (gpio-64-95): created GPIO range 0->4 ==> 44e10800.pinmux PIN 66->70
[    0.652715] gpio gpiochip2: (gpio-64-95): created GPIO range 5->6 ==> 44e10800.pinmux PIN 98->99
[    0.652731] gpio gpiochip2: (gpio-64-95): created GPIO range 7->8 ==> 44e10800.pinmux PIN 75->76
[    0.652746] gpio gpiochip2: (gpio-64-95): created GPIO range 13->13 ==> 44e10800.pinmux PIN 141->141
[    0.652763] gpio gpiochip2: (gpio-64-95): created GPIO range 14->21 ==> 44e10800.pinmux PIN 100->107
[    0.653428] gpio gpiochip2: (gpio-64-95): added GPIO chardev (254:2)
[    0.653564] gpio gpiochip2: registered GPIOs 576 to 607 on gpio-64-95
[    0.659204] 48000000.interconnect:segment@200000:target-module@0:mpu@0:fck: device ID is greater than 24
[    0.660125] /ocp/interconnect@48000000/segment@300000/target-module@e000/lcdc@0: Fixed dependency cycle(s) with /ocp/interconnect@44c00000/segment@200000/target-module@b000/i2c@0/tda19988@70
[    0.663207] /ocp/interconnect@48000000/segment@300000/target-module@e000/lcdc@0: Fixed dependency cycle(s) with /ocp/interconnect@44c00000/segment@200000/target-module@b000/i2c@0/tda19988@70
[    0.663931] /ocp/interconnect@44c00000/segment@200000/target-module@b000/i2c@0/tda19988@70: Fixed dependency cycle(s) with /ocp/interconnect@48000000/segment@300000/target-module@e000/lcdc@0
[    0.664112] /ocp/interconnect@48000000/segment@300000/target-module@e000/lcdc@0: Fixed dependency cycle(s) with /ocp/interconnect@44c00000/segment@200000/target-module@b000/i2c@0/tda19988@70
[    0.673904] mdio_bus 4a101000.mdio: using DT '/ocp/interconnect@4a000000/segment@0/target-module@100000/switch@0/mdio@1000' for 'reset' GPIO lookup
[    0.673976] of_get_named_gpiod_flags: can't parse 'reset-gpios' property of node '/ocp/interconnect@4a000000/segment@0/target-module@100000/switch@0/mdio@1000[0]'
[    0.674022] of_get_named_gpiod_flags: can't parse 'reset-gpio' property of node '/ocp/interconnect@4a000000/segment@0/target-module@100000/switch@0/mdio@1000[0]'
[    0.674068] mdio_bus 4a101000.mdio: using lookup tables for GPIO lookup
[    0.674077] mdio_bus 4a101000.mdio: No GPIO consumer reset found
[    0.675263] sdhci-omap 481d8000.mmc: using DT '/ocp/interconnect@48000000/segment@100000/target-module@d8000/mmc@0' for 'wp' GPIO lookup
[    0.675328] of_get_named_gpiod_flags: can't parse 'wp-gpios' property of node '/ocp/interconnect@48000000/segment@100000/target-module@d8000/mmc@0[0]'
[    0.675369] of_get_named_gpiod_flags: can't parse 'wp-gpio' property of node '/ocp/interconnect@48000000/segment@100000/target-module@d8000/mmc@0[0]'
[    0.675402] sdhci-omap 481d8000.mmc: using lookup tables for GPIO lookup
[    0.675411] sdhci-omap 481d8000.mmc: No GPIO consumer wp found
[    0.675602] sdhci-omap 481d8000.mmc: supply pbias not found, using dummy regulator
[    0.676097] sdhci-omap 481d8000.mmc: supply vqmmc not found, using dummy regulator
[    0.741266] davinci_mdio 4a101000.mdio: davinci mdio revision 1.6, bus freq 1000000
[    0.758765] mdio_bus 4a101000.mdio:00: using DT '/ocp/interconnect@4a000000/segment@0/target-module@100000/switch@0/mdio@1000/ethernet-phy@0' for 'reset' GPIO lookup
[    0.758870] of_get_named_gpiod_flags: parsed 'reset-gpios' property of node '/ocp/interconnect@4a000000/segment@0/target-module@100000/switch@0/mdio@1000/ethernet-phy@0[0]' - status (0)
[    0.759034] gpio gpiochip0: Persistence not supported for GPIO 8
[    0.887620] davinci_mdio 4a101000.mdio: phy[0]: device 4a101000.mdio:00, driver SMSC LAN8710/LAN8720
[    0.888399] cpsw-switch 4a100000.switch: initialized cpsw ale version 1.4
[    0.888423] cpsw-switch 4a100000.switch: ALE Table size 1024, Policers 0
[    0.888578] cpsw-switch 4a100000.switch: cpts: overflow check period 500 (jiffies)
[    0.888594] cpsw-switch 4a100000.switch: CPTS: ref_clk_freq:250000000 calc_mult:2147483648 calc_shift:29 error:0 nsec/sec
[    0.888705] cpsw-switch 4a100000.switch: Detected MACID = 6c:ec:eb:68:de:78
[    0.890554] cpsw-switch 4a100000.switch: initialized (regs 0x4a100000, pool size 256) hw_ver:0019010C 1.12 (0)
[    0.901763] debugfs: Directory '49000000.dma' with parent 'dmaengine' already present!
[    0.901806] edma 49000000.dma: TI EDMA DMA engine driver
[    0.935463] target-module@4b000000:target-module@140000:pmu@0:fck: device ID is greater than 24
[    0.958805] hw perfevents: enabled with armv7_cortex_a8 PMU driver, 5 (8000000f) counters available
[    0.959712] gpio-clk clk_mcasp0: using DT '/clk_mcasp0' for 'enable' GPIO lookup
[    0.959785] of_get_named_gpiod_flags: parsed 'enable-gpios' property of node '/clk_mcasp0[0]' - status (0)
[    0.959831] gpio gpiochip0: Persistence not supported for GPIO 27
[    0.960631] gpiochip_find_base_unlocked: found new base at 608
[    0.960740] gpio gpiochip3: (gpio-96-127): created GPIO range 0->7 ==> 44e10800.pinmux PIN 82->89
[    0.960760] gpio gpiochip3: (gpio-96-127): created GPIO range 8->11 ==> 44e10800.pinmux PIN 52->55
[    0.960776] gpio gpiochip3: (gpio-96-127): created GPIO range 12->15 ==> 44e10800.pinmux PIN 94->97
[    0.960792] gpio gpiochip3: (gpio-96-127): created GPIO range 16->17 ==> 44e10800.pinmux PIN 71->72
[    0.960807] gpio gpiochip3: (gpio-96-127): created GPIO range 18->18 ==> 44e10800.pinmux PIN 135->135
[    0.960823] gpio gpiochip3: (gpio-96-127): created GPIO range 19->20 ==> 44e10800.pinmux PIN 108->109
[    0.960839] gpio gpiochip3: (gpio-96-127): created GPIO range 21->21 ==> 44e10800.pinmux PIN 73->73
[    0.960856] gpio gpiochip3: (gpio-96-127): created GPIO range 22->23 ==> 44e10800.pinmux PIN 8->9
[    0.960873] gpio gpiochip3: (gpio-96-127): created GPIO range 26->27 ==> 44e10800.pinmux PIN 10->11
[    0.960890] gpio gpiochip3: (gpio-96-127): created GPIO range 28->28 ==> 44e10800.pinmux PIN 74->74
[    0.960908] gpio gpiochip3: (gpio-96-127): created GPIO range 29->29 ==> 44e10800.pinmux PIN 81->81
[    0.960926] gpio gpiochip3: (gpio-96-127): created GPIO range 30->31 ==> 44e10800.pinmux PIN 28->29
[    0.966619] l3-aon-clkctrl:0000:0: failed to disable
[    0.966969] gpio gpiochip3: (gpio-96-127): added GPIO chardev (254:3)
[    0.967128] gpio gpiochip3: registered GPIOs 608 to 639 on gpio-96-127
[    0.968986] omap8250 44e09000.serial: using DT '/ocp/interconnect@44c00000/segment@200000/target-module@9000/serial@0' for 'rs485-term' GPIO lookup
[    0.969062] of_get_named_gpiod_flags: can't parse 'rs485-term-gpios' property of node '/ocp/interconnect@44c00000/segment@200000/target-module@9000/serial@0[0]'
[    0.969104] of_get_named_gpiod_flags: can't parse 'rs485-term-gpio' property of node '/ocp/interconnect@44c00000/segment@200000/target-module@9000/serial@0[0]'
[    0.969140] omap8250 44e09000.serial: using lookup tables for GPIO lookup
[    0.969149] omap8250 44e09000.serial: No GPIO consumer rs485-term found
[    0.969159] omap8250 44e09000.serial: using DT '/ocp/interconnect@44c00000/segment@200000/target-module@9000/serial@0' for 'rs485-rx-during-tx' GPIO lookup
[    0.969195] of_get_named_gpiod_flags: can't parse 'rs485-rx-during-tx-gpios' property of node '/ocp/interconnect@44c00000/segment@200000/target-module@9000/serial@0[0]'
[    0.969231] of_get_named_gpiod_flags: can't parse 'rs485-rx-during-tx-gpio' property of node '/ocp/interconnect@44c00000/segment@200000/target-module@9000/serial@0[0]'
[    0.969261] omap8250 44e09000.serial: using lookup tables for GPIO lookup
[    0.969269] omap8250 44e09000.serial: No GPIO consumer rs485-rx-during-tx found
[    0.969633] 44e09000.serial: ttyS0 at MMIO 0x44e09000 (irq = 34, base_baud = 3000000) is a 8250
[    0.969722] printk: legacy console [ttyS0] enabled
[    2.424727] i2c i2c-0: using DT '/ocp/interconnect@44c00000/segment@200000/target-module@b000/i2c@0' for 'scl' GPIO lookup
[    2.424822] of_get_named_gpiod_flags: can't parse 'scl-gpios' property of node '/ocp/interconnect@44c00000/segment@200000/target-module@b000/i2c@0[0]'
[    2.424871] of_get_named_gpiod_flags: can't parse 'scl-gpio' property of node '/ocp/interconnect@44c00000/segment@200000/target-module@b000/i2c@0[0]'
[    2.424910] i2c i2c-0: using lookup tables for GPIO lookup
[    2.424923] i2c i2c-0: No GPIO consumer scl found
[    2.424948] i2c i2c-0: using DT '/ocp/interconnect@44c00000/segment@200000/target-module@b000/i2c@0' for 'sda' GPIO lookup
[    2.424988] of_get_named_gpiod_flags: can't parse 'sda-gpios' property of node '/ocp/interconnect@44c00000/segment@200000/target-module@b000/i2c@0[0]'
[    2.425029] of_get_named_gpiod_flags: can't parse 'sda-gpio' property of node '/ocp/interconnect@44c00000/segment@200000/target-module@b000/i2c@0[0]'
[    2.425063] i2c i2c-0: using lookup tables for GPIO lookup
[    2.425074] i2c i2c-0: No GPIO consumer sda found
[    2.442207] tps65217-pmic: Failed to locate of_node [id: -1]
[    2.448289] tps65217-bl: Failed to locate of_node [id: -1]
[    2.455722] platform tps65217-charger: DMA mask not set
[    2.463054] platform tps65217-pwrbutton: DMA mask not set
[    2.470893] tps65217 0-0024: TPS65217 ID 0xe version 1.2
[    2.477042] /ocp/interconnect@48000000/segment@300000/target-module@e000/lcdc@0: Fixed dependency cycle(s) with /ocp/interconnect@44c00000/segment@200000/target-module@b000/i2c@0/tda19988@70
[    2.494420] /ocp/interconnect@44c00000/segment@200000/target-module@b000/i2c@0/tda19988@70: Fixed dependency cycle(s) with /ocp/interconnect@48000000/segment@300000/target-module@e000/lcdc@0
[    2.511814] omap_i2c 44e0b000.i2c: bus 0 rev0.11 at 400 kHz
[    2.519536] sdhci-omap 48060000.mmc: using DT '/ocp/interconnect@48000000/segment@0/target-module@60000/mmc@0' for 'cd' GPIO lookup
[    2.519645] of_get_named_gpiod_flags: parsed 'cd-gpios' property of node '/ocp/interconnect@48000000/segment@0/target-module@60000/mmc@0[0]' - status (0)
[    2.519712] gpio gpiochip3: Persistence not supported for GPIO 6
[    2.519738] omap_gpio 44e07000.gpio: Could not set line 6 debounce to 200000 microseconds (-22)
[    2.528604] sdhci-omap 48060000.mmc: Got CD GPIO
[    2.533281] sdhci-omap 48060000.mmc: using DT '/ocp/interconnect@48000000/segment@0/target-module@60000/mmc@0' for 'wp' GPIO lookup
[    2.533331] of_get_named_gpiod_flags: can't parse 'wp-gpios' property of node '/ocp/interconnect@48000000/segment@0/target-module@60000/mmc@0[0]'
[    2.533374] of_get_named_gpiod_flags: can't parse 'wp-gpio' property of node '/ocp/interconnect@48000000/segment@0/target-module@60000/mmc@0[0]'
[    2.533412] sdhci-omap 48060000.mmc: using lookup tables for GPIO lookup
[    2.533425] sdhci-omap 48060000.mmc: No GPIO consumer wp found
[    2.533635] sdhci-omap 48060000.mmc: supply pbias not found, using dummy regulator
[    2.542428] sdhci-omap 481d8000.mmc: using DT '/ocp/interconnect@48000000/segment@100000/target-module@d8000/mmc@0' for 'wp' GPIO lookup
[    2.542504] of_get_named_gpiod_flags: can't parse 'wp-gpios' property of node '/ocp/interconnect@48000000/segment@100000/target-module@d8000/mmc@0[0]'
[    2.542553] of_get_named_gpiod_flags: can't parse 'wp-gpio' property of node '/ocp/interconnect@48000000/segment@100000/target-module@d8000/mmc@0[0]'
[    2.542590] sdhci-omap 481d8000.mmc: using lookup tables for GPIO lookup
[    2.542602] sdhci-omap 481d8000.mmc: No GPIO consumer wp found
[    2.543612] sdhci-omap 48060000.mmc: supply vqmmc not found, using dummy regulator
[    2.552654] sdhci-omap 481d8000.mmc: supply pbias not found, using dummy regulator
[    2.560673] sdhci-omap 481d8000.mmc: supply vqmmc not found, using dummy regulator
[    2.598766] mmc1: SDHCI controller on 481d8000.mmc [481d8000.mmc] using External DMA
[    2.607817] mmc0: SDHCI controller on 48060000.mmc [48060000.mmc] using External DMA
[    2.616747] cpsw-switch 4a100000.switch: starting ndev. mode: dual_mac
[    2.660416] mmc0: new high speed SDHC card at address 5048
[    2.667520] mmcblk0: mmc0:5048 SD16G 14.4 GiB
[    2.675560]  mmcblk0: p1 p2
[    2.678979] mmcblk0: p2 size 31221760 extends beyond EOD, truncated
[    2.692489] SMSC LAN8710/LAN8720 4a101000.mdio:00: attached PHY driver (mii_bus:phy_addr=4a101000.mdio:00, irq=POLL)
[    2.705052] mmc1: new high speed MMC card at address 0001
[    2.712016] mmcblk1: mmc1:0001 MMC04G 3.60 GiB
[    2.723615]  mmcblk1: p1 p2
[    2.727889] mmcblk1boot0: mmc1:0001 MMC04G 2.00 MiB
[    2.735227] mmcblk1boot1: mmc1:0001 MMC04G 2.00 MiB
[    2.742600] mmcblk1rpmb: mmc1:0001 MMC04G 128 KiB, chardev (250:0)
[    5.842026] cpsw-switch 4a100000.switch eth0: Link is Up - 100Mbps/Full - flow control off
[    5.881510] IP-Config: Complete:
[    5.884787]      device=eth0, hwaddr=6c:ec:eb:68:de:78, ipaddr=192.168.255.1, mask=255.255.255.0, gw=255.255.255.255
[    5.895450]      host=bbb1, domain=, nis-domain=(none)
[    5.900618]      bootserver=192.168.255.126, rootserver=192.168.255.126, rootpath=
[    5.901052] clk: Disabling unused clocks
[    5.912915] PM: genpd: Disabling unused power domains
[    5.918035] KTAP version 1
[    5.920756] 1..0
[    5.945690] VFS: Mounted root (nfs filesystem) on device 0:17.
[    5.952851] devtmpfs: mounted
[    5.957332] Freeing unused kernel image (initmem) memory: 1024K
[    5.964288] Run /sbin/init as init process
[    5.968423]   with arguments:
[    5.968434]     /sbin/init
[    5.968443]     nfsrootdebug
[    5.968452]   with environment:
[    5.968460]     HOME=/
[    5.968468]     TERM=linux
[    6.659272] systemd[1]: System time before build time, advancing clock.
[    8.111266] random: crng init done
[    8.152897] systemd[1]: systemd 232 running in system mode. (+PAM +AUDIT +SELINUX +IMA +APPARMOR +SMACK +SYSVINIT +UTMP +LIBCRYPTSETUP +GCRYPT +GNUTLS +ACL +XZ +LZ4 +SECCOMP +BLKID +ELFUTILS +KMOD +IDN)
[    8.171999] systemd[1]: Detected architecture arm.
[    8.204401] systemd[1]: Set hostname to <arm>.
[    9.314467] systemd[1]: Listening on Journal Audit Socket.
[    9.333464] systemd[1]: Listening on Journal Socket.
[    9.362928] systemd[1]: Created slice System Slice.
[    9.422454] systemd[1]: Starting Load Kernel Modules...
[    9.444575] systemd[1]: Starting Remount Root and Kernel File Systems...
[    9.477011] systemd[1]: Started Dispatch Password Requests to Console Directory Watch.
[    9.543270] systemd[1]: Created slice system-serial\x2dgetty.slice.
[   11.312879] systemd-journald[88]: Received request to flush runtime journal from PID 1
[   14.281073] leds-gpio leds: using DT '/leds/led2' for '(default)' GPIO lookup
[   14.281180] of_get_named_gpiod_flags: parsed 'gpios' property of node '/leds/led2[0]' - status (0)
[   14.281495] gpio gpiochip0: Persistence not supported for GPIO 21
[   14.281514] gpio-533 (?): no flags found for GPIO (default)
[   14.352270] leds-gpio leds: using DT '/leds/led3' for '(default)' GPIO lookup
[   14.352532] of_get_named_gpiod_flags: parsed 'gpios' property of node '/leds/led3[0]' - status (0)
[   14.352595] gpio gpiochip0: Persistence not supported for GPIO 22
[   14.352611] gpio-534 (?): no flags found for GPIO (default)
[   14.381729] leds-gpio leds: using DT '/leds/led4' for '(default)' GPIO lookup
[   14.381830] of_get_named_gpiod_flags: parsed 'gpios' property of node '/leds/led4[0]' - status (0)
[   14.381881] gpio gpiochip0: Persistence not supported for GPIO 23
[   14.381895] gpio-535 (?): no flags found for GPIO (default)
[   14.427943] leds-gpio leds: using DT '/leds/led5' for '(default)' GPIO lookup
[   14.428061] of_get_named_gpiod_flags: parsed 'gpios' property of node '/leds/led5[0]' - status (0)
[   14.428117] gpio gpiochip0: Persistence not supported for GPIO 24
[   14.428131] gpio-536 (?): no flags found for GPIO (default)
[   14.663928] remoteproc remoteproc0: wkup_m3 is available
[   14.971643] omap_wdt: OMAP Watchdog Timer Rev 0x01: initial timeout 60 sec
[   15.033193] at24 2-0054: supply vcc not found, using dummy regulator
[   15.163211] wkup_m3_ipc 44e11324.wkup_m3_ipc: IPC Request for A8->M3 Channel failed! -517
[   15.178187] at24 2-0055: supply vcc not found, using dummy regulator
[   15.274099] at24 2-0056: supply vcc not found, using dummy regulator
[   15.386512] at24 2-0057: supply vcc not found, using dummy regulator
[   15.504678] at24 0-0050: using DT '/ocp/interconnect@44c00000/segment@200000/target-module@b000/i2c@0/eeprom@50' for 'wp' GPIO lookup
[   15.504793] of_get_named_gpiod_flags: can't parse 'wp-gpios' property of node '/ocp/interconnect@44c00000/segment@200000/target-module@b000/i2c@0/eeprom@50[0]'
[   15.504855] of_get_named_gpiod_flags: can't parse 'wp-gpio' property of node '/ocp/interconnect@44c00000/segment@200000/target-module@b000/i2c@0/eeprom@50[0]'
[   15.504899] at24 0-0050: using lookup tables for GPIO lookup
[   15.504912] at24 0-0050: No GPIO consumer wp found
[   15.505246] at24 0-0050: 32768 byte 24c256 EEPROM, writable, 1 bytes/write
[   15.513555] wkup_m3_ipc 44e11324.wkup_m3_ipc: IPC Request for A8->M3 Channel failed! -517
[   15.662946] input: tps65217_pwrbutton as /devices/platform/ocp/44c00000.interconnect/44c00000.interconnect:segment@200000/44e0b000.target-module/44e0b000.i2c/i2c-0/0-0024/tps65217-pwrbutton/input/input0
[   15.684927] wkup_m3_ipc 44e11324.wkup_m3_ipc: IPC Request for A8->M3 Channel failed! -517
[   15.694188] omap_rtc 44e3e000.rtc: registered as rtc0
[   15.699342] omap_rtc 44e3e000.rtc: setting system clock to 2000-01-01T00:00:00 UTC (946684800)
[   15.708160] omap_rtc 44e3e000.rtc: using DT '/ocp/interconnect@44c00000/segment@200000/target-module@3e000/rtc@0' for 'wp' GPIO lookup
[   15.708241] of_get_named_gpiod_flags: can't parse 'wp-gpios' property of node '/ocp/interconnect@44c00000/segment@200000/target-module@3e000/rtc@0[0]'
[   15.708291] of_get_named_gpiod_flags: can't parse 'wp-gpio' property of node '/ocp/interconnect@44c00000/segment@200000/target-module@3e000/rtc@0[0]'
[   15.708330] omap_rtc 44e3e000.rtc: using lookup tables for GPIO lookup
[   15.708344] omap_rtc 44e3e000.rtc: No GPIO consumer wp found
[   15.781888] wkup_m3_ipc 44e11324.wkup_m3_ipc: IPC Request for A8->M3 Channel failed! -517
[   15.947019] wkup_m3_ipc 44e11324.wkup_m3_ipc: IPC Request for A8->M3 Channel failed! -517
[   16.265101] am335x-phy-driver 47401300.usb-phy: using DT '/ocp/target-module@47400000/usb-phy@1300' for 'reset' GPIO lookup
[   16.265200] of_get_named_gpiod_flags: can't parse 'reset-gpios' property of node '/ocp/target-module@47400000/usb-phy@1300[0]'
[   16.265246] of_get_named_gpiod_flags: can't parse 'reset-gpio' property of node '/ocp/target-module@47400000/usb-phy@1300[0]'
[   16.265283] am335x-phy-driver 47401300.usb-phy: using lookup tables for GPIO lookup
[   16.265298] am335x-phy-driver 47401300.usb-phy: No GPIO consumer reset found
[   16.265311] am335x-phy-driver 47401300.usb-phy: using DT '/ocp/target-module@47400000/usb-phy@1300' for 'vbus-detect' GPIO lookup
[   16.265342] of_get_named_gpiod_flags: can't parse 'vbus-detect-gpios' property of node '/ocp/target-module@47400000/usb-phy@1300[0]'
[   16.265374] of_get_named_gpiod_flags: can't parse 'vbus-detect-gpio' property of node '/ocp/target-module@47400000/usb-phy@1300[0]'
[   16.265399] am335x-phy-driver 47401300.usb-phy: using lookup tables for GPIO lookup
[   16.265410] am335x-phy-driver 47401300.usb-phy: No GPIO consumer vbus-detect found
[   16.265558] am335x-phy-driver 47401300.usb-phy: dummy supplies not allowed for exclusive requests (id=vbus)
[   16.489975] am335x-phy-driver 47401b00.usb-phy: using DT '/ocp/target-module@47400000/usb-phy@1b00' for 'reset' GPIO lookup
[   16.490070] of_get_named_gpiod_flags: can't parse 'reset-gpios' property of node '/ocp/target-module@47400000/usb-phy@1b00[0]'
[   16.490113] of_get_named_gpiod_flags: can't parse 'reset-gpio' property of node '/ocp/target-module@47400000/usb-phy@1b00[0]'
[   16.490148] am335x-phy-driver 47401b00.usb-phy: using lookup tables for GPIO lookup
[   16.490162] am335x-phy-driver 47401b00.usb-phy: No GPIO consumer reset found
[   16.490177] am335x-phy-driver 47401b00.usb-phy: using DT '/ocp/target-module@47400000/usb-phy@1b00' for 'vbus-detect' GPIO lookup
[   16.490207] of_get_named_gpiod_flags: can't parse 'vbus-detect-gpios' property of node '/ocp/target-module@47400000/usb-phy@1b00[0]'
[   16.490238] of_get_named_gpiod_flags: can't parse 'vbus-detect-gpio' property of node '/ocp/target-module@47400000/usb-phy@1b00[0]'
[   16.490263] am335x-phy-driver 47401b00.usb-phy: using lookup tables for GPIO lookup
[   16.490274] am335x-phy-driver 47401b00.usb-phy: No GPIO consumer vbus-detect found
[   16.490422] am335x-phy-driver 47401b00.usb-phy: dummy supplies not allowed for exclusive requests (id=vbus)
[   16.501627] wkup_m3_ipc 44e11324.wkup_m3_ipc: IPC Request for A8->M3 Channel failed! -517
[   16.549658] usbcore: registered new interface driver usbfs
[   16.555492] usbcore: registered new interface driver hub
[   16.560942] usbcore: registered new device driver usb
[   16.691813] wkup_m3_ipc 44e11324.wkup_m3_ipc: IPC Request for A8->M3 Channel failed! -517
[   17.287036] tda998x 0-0070: found TDA19988
[   17.391792] wkup_m3_ipc 44e11324.wkup_m3_ipc: IPC Request for A8->M3 Channel failed! -517
[   17.546402] wkup_m3_ipc 44e11324.wkup_m3_ipc: IPC Request for A8->M3 Channel failed! -517
[   17.705204] musb-hdrc musb-hdrc.1: MUSB HDRC host driver
[   17.710626] musb-hdrc musb-hdrc.1: new USB bus registered, assigned bus number 1
[   17.723017] wkup_m3_ipc 44e11324.wkup_m3_ipc: IPC Request for A8->M3 Channel failed! -517
[   17.866473] omap-mailbox 480c8000.mailbox: omap mailbox rev 0x400
[   17.960402] remoteproc remoteproc0: powering up wkup_m3
[   18.003635] usb usb1: New USB device found, idVendor=1d6b, idProduct=0002, bcdDevice= 6.14
[   18.012213] usb usb1: New USB device strings: Mfr=3, Product=2, SerialNumber=1
[   18.019484] usb usb1: Product: MUSB HDRC host driver
[   18.024548] usb usb1: Manufacturer: Linux 6.14.0-next-20250403 musb-hcd
[   18.031249] usb usb1: SerialNumber: musb-hdrc.1
[   18.233508] remoteproc remoteproc0: Direct firmware load for am335x-pm-firmware.elf failed with error -2
[   18.243232] remoteproc remoteproc0: request_firmware failed: -2
[   18.249195] wkup_m3_ipc 44e11324.wkup_m3_ipc: rproc_boot failed
[   18.534270] hub 1-0:1.0: USB hub found
[   18.596454] hub 1-0:1.0: 1 port detected
[   20.665341] omap_rng 48310000.rng: Random Number Generator ver. 20
[   20.891851] tilcdc 4830e000.lcdc: bound 0-0070 (ops tda998x_audio_codec_init [tda998x])
[   20.996227] [drm] Initialized tilcdc 1.0.0 for 4830e000.lcdc on minor 0
[   21.033288] tilcdc 4830e000.lcdc: [drm] Cannot find any crtc or sizes
[   21.041447] tilcdc 4830e000.lcdc: [drm] Cannot find any crtc or sizes
[   21.599844] PM: Cannot get wkup_m3_ipc handle
[   21.888180] omap-sham 53100000.sham: hw accel on OMAP rev 4.3
[   22.011616] omap-sham 53100000.sham: will run requests pump with realtime priority
[   22.022423] PM: Cannot get wkup_m3_ipc handle
[   22.084374] omap-aes 53500000.aes: OMAP AES hw accel rev: 3.2
[   22.200358] omap-aes 53500000.aes: will run requests pump with realtime priority
[   22.209321] PM: Cannot get wkup_m3_ipc handle
[   23.699723] Bluetooth: Core ver 2.22
[   23.703750] NET: Registered PF_BLUETOOTH protocol family
[   23.709107] Bluetooth: HCI device and connection manager initialized
[   23.715624] Bluetooth: HCI socket layer initialized
[   23.720542] Bluetooth: L2CAP socket layer initialized
[   23.725737] Bluetooth: SCO socket layer initialized
[   25.499352] tda998x 0-0070: using DT '/ocp/interconnect@44c00000/segment@200000/target-module@b000/i2c@0/tda19988@70' for 'nxp,calib' GPIO lookup
[   25.499498] of_get_named_gpiod_flags: parsed 'nxp,calib-gpios' property of node '/ocp/interconnect@44c00000/segment@200000/target-module@b000/i2c@0/tda19988@70[0]' - status (0)
[   25.499581] gpio gpiochip0: Persistence not supported for GPIO 25
[   25.499598] gpio-537 (nxp,calib): no flags found for GPIO nxp,calib
[   25.508514] gpio-537 (nxp,calib): gpiod_direction_output_nonotify: tried to set a GPIO tied to an IRQ as output
[   25.528153] PM: Cannot get wkup_m3_ipc handle
[   25.534136] asoc-simple-card sound: using DT '/sound' for 'simple-audio-card,hp-det' GPIO lookup
[   25.534213] of_get_named_gpiod_flags: can't parse 'simple-audio-card,hp-det-gpios' property of node '/sound[0]'
[   25.534248] of_get_named_gpiod_flags: can't parse 'simple-audio-card,hp-det-gpio' property of node '/sound[0]'
[   25.534272] asoc-simple-card sound: using lookup tables for GPIO lookup
[   25.534285] asoc-simple-card sound: No GPIO consumer simple-audio-card,hp-det found
[   25.534299] asoc-simple-card sound: using DT '/sound' for 'simple-audio-card,mic-det' GPIO lookup
[   25.534324] of_get_named_gpiod_flags: can't parse 'simple-audio-card,mic-det-gpios' property of node '/sound[0]'
[   25.534348] of_get_named_gpiod_flags: can't parse 'simple-audio-card,mic-det-gpio' property of node '/sound[0]'
[   25.534366] asoc-simple-card sound: using lookup tables for GPIO lookup
[   25.534378] asoc-simple-card sound: No GPIO consumer simple-audio-card,mic-det found
[   25.661597] PM: Cannot get wkup_m3_ipc handle
[   25.790468] tda9950 0-0034: TDA9950 CEC interface, hardware version 3.3
[   25.903625] PM: Cannot get wkup_m3_ipc handle
[   28.215494] userial_init: registered 8 ttyGS* devices
[   28.447688] rndis_register: configNr = 0
[   28.518717] udc musb-hdrc.0: binding gadget driver [g_multi]
[   28.518820] configfs-gadget.g_multi gadget.0: adding 'rndis'/aee7cceb to config 'c'/89c9768c
[   28.519964] configfs-gadget.g_multi gadget.0: HOST MAC 1c:ba:8c:a2:ed:6c
[   28.526962] configfs-gadget.g_multi gadget.0: MAC 1c:ba:8c:a2:ed:70
[   28.533393] rndis_set_param_medium: 0 0
[   28.533415] configfs-gadget.g_multi gadget.0: RNDIS: IN/ep1in OUT/ep1out NOTIFY/ep2in
[   28.533432] configfs-gadget.g_multi gadget.0: adding 'cdc_ethernet'/b16b0e81 to config 'c'/89c9768c
[   28.534365] configfs-gadget.g_multi gadget.0: HOST MAC 1c:ba:8c:a2:ed:6c
[   28.541129] configfs-gadget.g_multi gadget.0: MAC 1c:ba:8c:a2:ed:6d
[   28.547583] configfs-gadget.g_multi gadget.0: CDC Ethernet: IN/ep3in OUT/ep2out NOTIFY/ep4in
[   28.547603] configfs-gadget.g_multi gadget.0: adding 'acm'/f102f5b6 to config 'c'/89c9768c
[   28.547645] configfs-gadget.g_multi gadget.0: acm ttyGS0: IN/ep5in OUT/ep3out NOTIFY/ep6in
[   28.549031] PM: Cannot get wkup_m3_ipc handle
[   29.701778] configfs-gadget.g_multi gadget.0: eth_open
[   31.310330] configfs-gadget.g_multi gadget.0: stop stats: rx/tx 0/0, errs 0/0
[   35.117748] gs_open: ttyGS0 (eb108ef4,8f185bde)
[   35.117910] gs_close: ttyGS0 (eb108ef4,8f185bde) ...
[   35.117934] gs_close: ttyGS0 (eb108ef4,8f185bde) done!
[   35.135834] gs_open: ttyGS0 (eb108ef4,24678fed)
[   35.135972] gs_close: ttyGS0 (eb108ef4,24678fed) ...
[   35.135994] gs_close: ttyGS0 (eb108ef4,24678fed) done!
[   35.322719] gs_open: ttyGS0 (c683305f,8f185bde)
[   35.323277] gs_close: ttyGS0 (c683305f,8f185bde) ...
[   35.323315] gs_close: ttyGS0 (c683305f,8f185bde) done!
[   35.330377] gs_open: ttyGS0 (c683305f,24678fed)
LCWZFYXMJN 0
root@arm:~# echo 'WZFM''FGXENS'
WZFMFGXENS
root@arm:~# MARKER='FSVX''EYMLFL' run 'modprobe test_linear_ranges'
FSVXEYMLFLFSVXEYMLFL 0
root@arm:~# echo 'GKWZ''XYSVHA'
GKWZXYSVHA
root@arm:~# MARKER='JBSF''KLVHPX' run dmesg
JBSFKLVHPX[    0.000000] Booting Linux on physical CPU 0x0
[    0.000000] Linux version 6.14.0-next-20250403 (user01@drvtest01) (arm-none-eabi-gcc (Arm GNU Toolchain 14.2.Rel1 (Build arm-14.52)) 14.2.1 20241119, GNU ld (Arm GNU Toolchain 14.2.Rel1 (Build arm-14.52)) 2.43.1.20241119) #1 SMP Thu Apr  3 09:44:51 EEST 2025
[    0.000000] CPU: ARMv7 Processor [413fc082] revision 2 (ARMv7), cr=10c5387d
[    0.000000] CPU: PIPT / VIPT nonaliasing data cache, VIPT aliasing instruction cache
[    0.000000] OF: fdt: Machine model: TI AM335x BeagleBone Black
[    0.000000] Memory policy: Data cache writeback
[    0.000000] cma: Reserved 16 MiB at 0x00000000
[    0.000000] Zone ranges:
[    0.000000]   Normal   [mem 0x0000000080000000-0x000000009fdfffff]
[    0.000000]   HighMem  empty
[    0.000000] Movable zone start for each node
[    0.000000] Early memory node ranges
[    0.000000]   node   0: [mem 0x0000000080000000-0x000000009fdfffff]
[    0.000000] Initmem setup node 0 [mem 0x0000000080000000-0x000000009fdfffff]
[    0.000000] On node 0, zone Normal: 512 pages in unavailable ranges
[    0.000000] OF: reserved mem: Reserved memory: No reserved-memory node in the DT
[    0.000000] CPU: All CPU(s) started in SVC mode.
[    0.000000] AM335X ES2.1 (sgx neon)
[    0.000000] percpu: Embedded 17 pages/cpu s39692 r8192 d21748 u69632
[    0.000000] pcpu-alloc: s39692 r8192 d21748 u69632 alloc=17*4096
[    0.000000] pcpu-alloc: [0] 0 
[    0.000000] Kernel command line: console=ttyO0,115200n8 root=/dev/nfs rw nfsroot=192.168.255.126:/home/user01/nfs,nfsvers=3 ip=192.168.255.1:192.168.255.126::255.255.255.0:bbb1:eth0 nfsrootdebug
[    0.000000] Unknown kernel command line parameters "nfsrootdebug", will be passed to user space.
[    0.000000] printk: log buffer data + meta data: 65536 + 204800 = 270336 bytes
[    0.000000] Dentry cache hash table entries: 65536 (order: 6, 262144 bytes, linear)
[    0.000000] Inode-cache hash table entries: 32768 (order: 5, 131072 bytes, linear)
[    0.000000] Built 1 zonelists, mobility grouping on.  Total pages: 130560
[    0.000000] mem auto-init: stack:off, heap alloc:off, heap free:off
[    0.000000] SLUB: HWalign=16, Order=0-3, MinObjects=0, CPUs=1, Nodes=1
[    0.000000] rcu: Hierarchical RCU implementation.
[    0.000000] rcu: 	RCU event tracing is enabled.
[    0.000000] rcu: 	RCU restricting CPUs from NR_CPUS=2 to nr_cpu_ids=1.
[    0.000000] 	Tracing variant of Tasks RCU enabled.
[    0.000000] rcu: RCU calculated value of scheduler-enlistment delay is 10 jiffies.
[    0.000000] rcu: Adjusting geometry for rcu_fanout_leaf=16, nr_cpu_ids=1
[    0.000000] RCU Tasks Trace: Setting shift to 0 and lim to 1 rcu_task_cb_adjust=1 rcu_task_cpu_ids=1.
[    0.000000] NR_IRQS: 16, nr_irqs: 16, preallocated irqs: 16
[    0.000000] IRQ: Found an INTC at 0x(ptrval) (revision 5.0) with 128 interrupts
[    0.000000] rcu: srcu_init: Setting srcu_struct sizes based on contention.
[    0.000000] TI gptimer clocksource: always-on /ocp/interconnect@44c00000/segment@200000/target-module@31000
[    0.000002] sched_clock: 32 bits at 24MHz, resolution 41ns, wraps every 89478484971ns
[    0.000027] clocksource: dmtimer: mask: 0xffffffff max_cycles: 0xffffffff, max_idle_ns: 79635851949 ns
[    0.000509] TI gptimer clockevent: 24000000 Hz at /ocp/interconnect@48000000/segment@0/target-module@40000
[    0.002136] Console: colour dummy device 80x30
[    0.002201] WARNING: Your 'console=ttyO0' has been replaced by 'ttyS0'
[    0.002208] This ensures that you still see kernel messages. Please
[    0.002212] update your kernel commandline.
[    0.002254] Calibrating delay loop... 996.14 BogoMIPS (lpj=4980736)
[    0.090554] CPU: Testing write buffer coherency: ok
[    0.090664] CPU0: Spectre v2: using BPIALL workaround
[    0.090674] pid_max: default: 32768 minimum: 301
[    0.090831] LSM: initializing lsm=capability
[    0.091019] Mount-cache hash table entries: 1024 (order: 0, 4096 bytes, linear)
[    0.091038] Mountpoint-cache hash table entries: 1024 (order: 0, 4096 bytes, linear)
[    0.092655] CPU0: thread -1, cpu 0, socket -1, mpidr 0
[    0.092715] cacheinfo: Unable to detect cache hierarchy for CPU 0
[    0.160740] Setting up static identity map for 0x80100000 - 0x80100078
[    0.170691] rcu: Hierarchical SRCU implementation.
[    0.170705] rcu: 	Max phase no-delay instances is 1000.
[    0.172462] smp: Bringing up secondary CPUs ...
[    0.172517] smp: Brought up 1 node, 1 CPU
[    0.172529] SMP: Total of 1 processors activated (996.14 BogoMIPS).
[    0.172541] CPU: All CPU(s) started in SVC mode.
[    0.172731] Memory: 480824K/522240K available (11264K kernel code, 1216K rwdata, 2972K rodata, 1024K init, 288K bss, 23384K reserved, 16384K cma-reserved, 0K highmem)
[    0.173569] devtmpfs: initialized
[    0.190901] VFP support v0.3: implementor 41 architecture 3 part 30 variant c rev 3
[    0.191592] clocksource: jiffies: mask: 0xffffffff max_cycles: 0xffffffff, max_idle_ns: 19112604462750000 ns
[    0.191634] posixtimers hash table entries: 512 (order: 0, 4096 bytes, linear)
[    0.191653] futex hash table entries: 256 (order: 2, 16384 bytes, linear)
[    0.192802] pinctrl core: initialized pinctrl subsystem
[    0.194886] NET: Registered PF_NETLINK/PF_ROUTE protocol family
[    0.197696] DMA: preallocated 256 KiB pool for atomic coherent allocations
[    0.198639] audit: initializing netlink subsys (disabled)
[    0.200037] thermal_sys: Registered thermal governor 'fair_share'
[    0.200054] thermal_sys: Registered thermal governor 'step_wise'
[    0.200062] thermal_sys: Registered thermal governor 'user_space'
[    0.200173] audit: type=2000 audit(0.000:1): state=initialized audit_enabled=0 res=1
[    0.200244] cpuidle: using governor menu
[    0.218525] /ocp/interconnect@44c00000/segment@200000/target-module@b000/i2c@0/tda19988@70: Fixed dependency cycle(s) with /ocp/interconnect@48000000/segment@300000/target-module@e000/lcdc@0
[    0.219704] /ocp/interconnect@48000000/segment@300000/target-module@e000/lcdc@0: Fixed dependency cycle(s) with /ocp/interconnect@44c00000/segment@200000/target-module@b000/i2c@0/tda19988@70
[    0.222088] No ATAGs?
[    0.222133] hw-breakpoint: debug architecture 0x4 unsupported.
[    0.224832] kprobes: kprobe jump-optimization is enabled. All kprobes are optimized if possible.
[    0.233996] iommu: Default domain type: Translated
[    0.234019] iommu: DMA domain TLB invalidation policy: strict mode
[    0.235584] reg-fixed-voltage fixedregulator0: using DT '/fixedregulator0' for '(default)' GPIO lookup
[    0.235641] of_get_named_gpiod_flags: can't parse 'gpios' property of node '/fixedregulator0[0]'
[    0.235669] of_get_named_gpiod_flags: can't parse 'gpio' property of node '/fixedregulator0[0]'
[    0.235686] reg-fixed-voltage fixedregulator0: using lookup tables for GPIO lookup
[    0.235695] reg-fixed-voltage fixedregulator0: No GPIO consumer (default) found
[    0.241550] SCSI subsystem initialized
[    0.242049] libata version 3.00 loaded.
[    0.242422] pps_core: LinuxPPS API ver. 1 registered
[    0.242433] pps_core: Software ver. 5.3.6 - Copyright 2005-2007 Rodolfo Giometti <giometti@linux.it>
[    0.242458] PTP clock support registered
[    0.250879] vgaarb: loaded
[    0.251240] clocksource: Switched to clocksource dmtimer
[    0.251920] VFS: Disk quotas dquot_6.6.0
[    0.251982] VFS: Dquot-cache hash table entries: 1024 (order 0, 4096 bytes)
[    0.276017] NET: Registered PF_INET protocol family
[    0.276354] IP idents hash table entries: 8192 (order: 4, 65536 bytes, linear)
[    0.277776] tcp_listen_portaddr_hash hash table entries: 512 (order: 0, 4096 bytes, linear)
[    0.277815] Table-perturb hash table entries: 65536 (order: 6, 262144 bytes, linear)
[    0.277836] TCP established hash table entries: 4096 (order: 2, 16384 bytes, linear)
[    0.277880] TCP bind hash table entries: 4096 (order: 4, 65536 bytes, linear)
[    0.277980] TCP: Hash tables configured (established 4096 bind 4096)
[    0.278099] UDP hash table entries: 256 (order: 1, 14336 bytes, linear)
[    0.278132] UDP-Lite hash table entries: 256 (order: 1, 14336 bytes, linear)
[    0.278315] NET: Registered PF_UNIX/PF_LOCAL protocol family
[    0.282058] RPC: Registered named UNIX socket transport module.
[    0.282082] RPC: Registered udp transport module.
[    0.282088] RPC: Registered tcp transport module.
[    0.282092] RPC: Registered tcp-with-tls transport module.
[    0.282097] RPC: Registered tcp NFSv4.1 backchannel transport module.
[    0.282120] PCI: CLS 0 bytes, default 64
[    0.283526] Initialise system trusted keyrings
[    0.291786] workingset: timestamp_bits=14 max_order=17 bucket_order=3
[    0.293140] NFS: Registering the id_resolver key type
[    0.293212] Key type id_resolver registered
[    0.293219] Key type id_legacy registered
[    0.293331] jffs2: version 2.2. (NAND) (SUMMARY)  Â© 2001-2006 Red Hat, Inc.
[    0.293758] Key type asymmetric registered
[    0.293777] Asymmetric key parser 'x509' registered
[    0.293838] io scheduler mq-deadline registered
[    0.293849] io scheduler kyber registered
[    0.293926] io scheduler bfq registered
[    0.295511] ledtrig-cpu: registered to indicate activity on CPUs
[    0.301743] Serial: 8250/16550 driver, 6 ports, IRQ sharing enabled
[    0.340103] brd: module loaded
[    0.358736] loop: module loaded
[    0.359653] mtdoops: mtd device (mtddev=name/number) must be supplied
[    0.361510] mdio_bus fixed-0: using lookup tables for GPIO lookup
[    0.361535] mdio_bus fixed-0: No GPIO consumer reset found
[    0.362911] i2c_dev: i2c /dev entries driver
[    0.363909] cpuidle: enable-method property 'ti,am3352' found operations
[    0.364361] sdhci: Secure Digital Host Controller Interface driver
[    0.364371] sdhci: Copyright(c) Pierre Ossman
[    0.364535] sdhci-pltfm: SDHCI platform and OF driver helper
[    0.365541] Initializing XFRM netlink socket
[    0.365714] NET: Registered PF_INET6 protocol family
[    0.377596] Segment Routing with IPv6
[    0.377686] In-situ OAM (IOAM) with IPv6
[    0.377786] sit: IPv6, IPv4 and MPLS over IPv4 tunneling driver
[    0.378757] NET: Registered PF_PACKET protocol family
[    0.378791] NET: Registered PF_KEY protocol family
[    0.378916] Key type dns_resolver registered
[    0.379136] ThumbEE CPU extension supported.
[    0.379157] Registering SWP/SWPB emulation handler
[    0.379695] omap_voltage_late_init: Voltage driver support not added
[    0.380045] SmartReflex Class3 initialized
[    0.412719] Loading compiled-in X.509 certificates
[    0.456210] /ocp/interconnect@44c00000/segment@200000/target-module@b000/i2c@0/tda19988@70: Fixed dependency cycle(s) with /ocp/interconnect@48000000/segment@300000/target-module@e000/lcdc@0
[    0.462989] /ocp/interconnect@44c00000/segment@200000/target-module@b000/i2c@0/tda19988@70: Fixed dependency cycle(s) with /ocp/interconnect@48000000/segment@300000/target-module@e000/lcdc@0
[    0.468661] gpiochip_find_base_unlocked: found new base at 512
[    0.502503] /ocp/interconnect@44c00000/segment@200000/target-module@b000/i2c@0/tda19988@70: Fixed dependency cycle(s) with /ocp/interconnect@48000000/segment@300000/target-module@e000/lcdc@0
[    0.503443] /ocp/interconnect@44c00000/segment@200000/target-module@b000/i2c@0/tda19988@70: Fixed dependency cycle(s) with /ocp/interconnect@48000000/segment@300000/target-module@e000/lcdc@0
[    0.506922] /ocp/interconnect@44c00000/segment@200000/target-module@10000/scm@0/pinmux@800: Fixed dependency cycle(s) with /ocp/interconnect@44c00000/segment@200000/target-module@10000/scm@0/pinmux@800/clkout2-pins
[    0.507538] pinctrl-single 44e10800.pinmux: 142 pins, size 568
[    0.513102] ti-sysc 44e31000.target-module: probe with driver ti-sysc failed with error -16
[    0.539253] /ocp/interconnect@48000000/segment@300000/target-module@e000/lcdc@0: Fixed dependency cycle(s) with /ocp/interconnect@44c00000/segment@200000/target-module@b000/i2c@0/tda19988@70
[    0.547626] ti-sysc 48040000.target-module: probe with driver ti-sysc failed with error -16
[    0.559151] gpiochip_find_base_unlocked: found new base at 512
[    0.559255] gpio gpiochip0: (gpio-0-31): created GPIO range 0->7 ==> 44e10800.pinmux PIN 0->7
[    0.559274] gpio gpiochip0: (gpio-0-31): created GPIO range 8->11 ==> 44e10800.pinmux PIN 90->93
[    0.559291] gpio gpiochip0: (gpio-0-31): created GPIO range 12->27 ==> 44e10800.pinmux PIN 12->27
[    0.559306] gpio gpiochip0: (gpio-0-31): created GPIO range 28->31 ==> 44e10800.pinmux PIN 30->33
[    0.604212] gpio gpiochip0: (gpio-0-31): added GPIO chardev (254:0)
[    0.604360] gpio gpiochip0: registered GPIOs 512 to 543 on gpio-0-31
[    0.604445] OMAP GPIO hardware version 0.1
[    0.618073] i2c i2c-2: using DT '/ocp/interconnect@48000000/segment@100000/target-module@9c000/i2c@0' for 'scl' GPIO lookup
[    0.618147] of_get_named_gpiod_flags: can't parse 'scl-gpios' property of node '/ocp/interconnect@48000000/segment@100000/target-module@9c000/i2c@0[0]'
[    0.618187] of_get_named_gpiod_flags: can't parse 'scl-gpio' property of node '/ocp/interconnect@48000000/segment@100000/target-module@9c000/i2c@0[0]'
[    0.618222] i2c i2c-2: using lookup tables for GPIO lookup
[    0.618231] i2c i2c-2: No GPIO consumer scl found
[    0.618252] i2c i2c-2: using DT '/ocp/interconnect@48000000/segment@100000/target-module@9c000/i2c@0' for 'sda' GPIO lookup
[    0.618287] of_get_named_gpiod_flags: can't parse 'sda-gpios' property of node '/ocp/interconnect@48000000/segment@100000/target-module@9c000/i2c@0[0]'
[    0.618322] of_get_named_gpiod_flags: can't parse 'sda-gpio' property of node '/ocp/interconnect@48000000/segment@100000/target-module@9c000/i2c@0[0]'
[    0.618352] i2c i2c-2: using lookup tables for GPIO lookup
[    0.618360] i2c i2c-2: No GPIO consumer sda found
[    0.619070] omap_i2c 4819c000.i2c: bus 2 rev0.11 at 100 kHz
[    0.624900] gpiochip_find_base_unlocked: found new base at 544
[    0.625008] gpio gpiochip1: (gpio-32-63): created GPIO range 0->17 ==> 44e10800.pinmux PIN 34->51
[    0.625027] gpio gpiochip1: (gpio-32-63): created GPIO range 18->21 ==> 44e10800.pinmux PIN 77->80
[    0.625043] gpio gpiochip1: (gpio-32-63): created GPIO range 22->31 ==> 44e10800.pinmux PIN 56->65
[    0.649954] gpio gpiochip1: (gpio-32-63): added GPIO chardev (254:1)
[    0.650152] gpio gpiochip1: registered GPIOs 544 to 575 on gpio-32-63
[    0.652596] gpiochip_find_base_unlocked: found new base at 576
[    0.652695] gpio gpiochip2: (gpio-64-95): created GPIO range 0->4 ==> 44e10800.pinmux PIN 66->70
[    0.652715] gpio gpiochip2: (gpio-64-95): created GPIO range 5->6 ==> 44e10800.pinmux PIN 98->99
[    0.652731] gpio gpiochip2: (gpio-64-95): created GPIO range 7->8 ==> 44e10800.pinmux PIN 75->76
[    0.652746] gpio gpiochip2: (gpio-64-95): created GPIO range 13->13 ==> 44e10800.pinmux PIN 141->141
[    0.652763] gpio gpiochip2: (gpio-64-95): created GPIO range 14->21 ==> 44e10800.pinmux PIN 100->107
[    0.653428] gpio gpiochip2: (gpio-64-95): added GPIO chardev (254:2)
[    0.653564] gpio gpiochip2: registered GPIOs 576 to 607 on gpio-64-95
[    0.659204] 48000000.interconnect:segment@200000:target-module@0:mpu@0:fck: device ID is greater than 24
[    0.660125] /ocp/interconnect@48000000/segment@300000/target-module@e000/lcdc@0: Fixed dependency cycle(s) with /ocp/interconnect@44c00000/segment@200000/target-module@b000/i2c@0/tda19988@70
[    0.663207] /ocp/interconnect@48000000/segment@300000/target-module@e000/lcdc@0: Fixed dependency cycle(s) with /ocp/interconnect@44c00000/segment@200000/target-module@b000/i2c@0/tda19988@70
[    0.663931] /ocp/interconnect@44c00000/segment@200000/target-module@b000/i2c@0/tda19988@70: Fixed dependency cycle(s) with /ocp/interconnect@48000000/segment@300000/target-module@e000/lcdc@0
[    0.664112] /ocp/interconnect@48000000/segment@300000/target-module@e000/lcdc@0: Fixed dependency cycle(s) with /ocp/interconnect@44c00000/segment@200000/target-module@b000/i2c@0/tda19988@70
[    0.673904] mdio_bus 4a101000.mdio: using DT '/ocp/interconnect@4a000000/segment@0/target-module@100000/switch@0/mdio@1000' for 'reset' GPIO lookup
[    0.673976] of_get_named_gpiod_flags: can't parse 'reset-gpios' property of node '/ocp/interconnect@4a000000/segment@0/target-module@100000/switch@0/mdio@1000[0]'
[    0.674022] of_get_named_gpiod_flags: can't parse 'reset-gpio' property of node '/ocp/interconnect@4a000000/segment@0/target-module@100000/switch@0/mdio@1000[0]'
[    0.674068] mdio_bus 4a101000.mdio: using lookup tables for GPIO lookup
[    0.674077] mdio_bus 4a101000.mdio: No GPIO consumer reset found
[    0.675263] sdhci-omap 481d8000.mmc: using DT '/ocp/interconnect@48000000/segment@100000/target-module@d8000/mmc@0' for 'wp' GPIO lookup
[    0.675328] of_get_named_gpiod_flags: can't parse 'wp-gpios' property of node '/ocp/interconnect@48000000/segment@100000/target-module@d8000/mmc@0[0]'
[    0.675369] of_get_named_gpiod_flags: can't parse 'wp-gpio' property of node '/ocp/interconnect@48000000/segment@100000/target-module@d8000/mmc@0[0]'
[    0.675402] sdhci-omap 481d8000.mmc: using lookup tables for GPIO lookup
[    0.675411] sdhci-omap 481d8000.mmc: No GPIO consumer wp found
[    0.675602] sdhci-omap 481d8000.mmc: supply pbias not found, using dummy regulator
[    0.676097] sdhci-omap 481d8000.mmc: supply vqmmc not found, using dummy regulator
[    0.741266] davinci_mdio 4a101000.mdio: davinci mdio revision 1.6, bus freq 1000000
[    0.758765] mdio_bus 4a101000.mdio:00: using DT '/ocp/interconnect@4a000000/segment@0/target-module@100000/switch@0/mdio@1000/ethernet-phy@0' for 'reset' GPIO lookup
[    0.758870] of_get_named_gpiod_flags: parsed 'reset-gpios' property of node '/ocp/interconnect@4a000000/segment@0/target-module@100000/switch@0/mdio@1000/ethernet-phy@0[0]' - status (0)
[    0.759034] gpio gpiochip0: Persistence not supported for GPIO 8
[    0.887620] davinci_mdio 4a101000.mdio: phy[0]: device 4a101000.mdio:00, driver SMSC LAN8710/LAN8720
[    0.888399] cpsw-switch 4a100000.switch: initialized cpsw ale version 1.4
[    0.888423] cpsw-switch 4a100000.switch: ALE Table size 1024, Policers 0
[    0.888578] cpsw-switch 4a100000.switch: cpts: overflow check period 500 (jiffies)
[    0.888594] cpsw-switch 4a100000.switch: CPTS: ref_clk_freq:250000000 calc_mult:2147483648 calc_shift:29 error:0 nsec/sec
[    0.888705] cpsw-switch 4a100000.switch: Detected MACID = 6c:ec:eb:68:de:78
[    0.890554] cpsw-switch 4a100000.switch: initialized (regs 0x4a100000, pool size 256) hw_ver:0019010C 1.12 (0)
[    0.901763] debugfs: Directory '49000000.dma' with parent 'dmaengine' already present!
[    0.901806] edma 49000000.dma: TI EDMA DMA engine driver
[    0.935463] target-module@4b000000:target-module@140000:pmu@0:fck: device ID is greater than 24
[    0.958805] hw perfevents: enabled with armv7_cortex_a8 PMU driver, 5 (8000000f) counters available
[    0.959712] gpio-clk clk_mcasp0: using DT '/clk_mcasp0' for 'enable' GPIO lookup
[    0.959785] of_get_named_gpiod_flags: parsed 'enable-gpios' property of node '/clk_mcasp0[0]' - status (0)
[    0.959831] gpio gpiochip0: Persistence not supported for GPIO 27
[    0.960631] gpiochip_find_base_unlocked: found new base at 608
[    0.960740] gpio gpiochip3: (gpio-96-127): created GPIO range 0->7 ==> 44e10800.pinmux PIN 82->89
[    0.960760] gpio gpiochip3: (gpio-96-127): created GPIO range 8->11 ==> 44e10800.pinmux PIN 52->55
[    0.960776] gpio gpiochip3: (gpio-96-127): created GPIO range 12->15 ==> 44e10800.pinmux PIN 94->97
[    0.960792] gpio gpiochip3: (gpio-96-127): created GPIO range 16->17 ==> 44e10800.pinmux PIN 71->72
[    0.960807] gpio gpiochip3: (gpio-96-127): created GPIO range 18->18 ==> 44e10800.pinmux PIN 135->135
[    0.960823] gpio gpiochip3: (gpio-96-127): created GPIO range 19->20 ==> 44e10800.pinmux PIN 108->109
[    0.960839] gpio gpiochip3: (gpio-96-127): created GPIO range 21->21 ==> 44e10800.pinmux PIN 73->73
[    0.960856] gpio gpiochip3: (gpio-96-127): created GPIO range 22->23 ==> 44e10800.pinmux PIN 8->9
[    0.960873] gpio gpiochip3: (gpio-96-127): created GPIO range 26->27 ==> 44e10800.pinmux PIN 10->11
[    0.960890] gpio gpiochip3: (gpio-96-127): created GPIO range 28->28 ==> 44e10800.pinmux PIN 74->74
[    0.960908] gpio gpiochip3: (gpio-96-127): created GPIO range 29->29 ==> 44e10800.pinmux PIN 81->81
[    0.960926] gpio gpiochip3: (gpio-96-127): created GPIO range 30->31 ==> 44e10800.pinmux PIN 28->29
[    0.966619] l3-aon-clkctrl:0000:0: failed to disable
[    0.966969] gpio gpiochip3: (gpio-96-127): added GPIO chardev (254:3)
[    0.967128] gpio gpiochip3: registered GPIOs 608 to 639 on gpio-96-127
[    0.968986] omap8250 44e09000.serial: using DT '/ocp/interconnect@44c00000/segment@200000/target-module@9000/serial@0' for 'rs485-term' GPIO lookup
[    0.969062] of_get_named_gpiod_flags: can't parse 'rs485-term-gpios' property of node '/ocp/interconnect@44c00000/segment@200000/target-module@9000/serial@0[0]'
[    0.969104] of_get_named_gpiod_flags: can't parse 'rs485-term-gpio' property of node '/ocp/interconnect@44c00000/segment@200000/target-module@9000/serial@0[0]'
[    0.969140] omap8250 44e09000.serial: using lookup tables for GPIO lookup
[    0.969149] omap8250 44e09000.serial: No GPIO consumer rs485-term found
[    0.969159] omap8250 44e09000.serial: using DT '/ocp/interconnect@44c00000/segment@200000/target-module@9000/serial@0' for 'rs485-rx-during-tx' GPIO lookup
[    0.969195] of_get_named_gpiod_flags: can't parse 'rs485-rx-during-tx-gpios' property of node '/ocp/interconnect@44c00000/segment@200000/target-module@9000/serial@0[0]'
[    0.969231] of_get_named_gpiod_flags: can't parse 'rs485-rx-during-tx-gpio' property of node '/ocp/interconnect@44c00000/segment@200000/target-module@9000/serial@0[0]'
[    0.969261] omap8250 44e09000.serial: using lookup tables for GPIO lookup
[    0.969269] omap8250 44e09000.serial: No GPIO consumer rs485-rx-during-tx found
[    0.969633] 44e09000.serial: ttyS0 at MMIO 0x44e09000 (irq = 34, base_baud = 3000000) is a 8250
[    0.969722] printk: legacy console [ttyS0] enabled
[    2.424727] i2c i2c-0: using DT '/ocp/interconnect@44c00000/segment@200000/target-module@b000/i2c@0' for 'scl' GPIO lookup
[    2.424822] of_get_named_gpiod_flags: can't parse 'scl-gpios' property of node '/ocp/interconnect@44c00000/segment@200000/target-module@b000/i2c@0[0]'
[    2.424871] of_get_named_gpiod_flags: can't parse 'scl-gpio' property of node '/ocp/interconnect@44c00000/segment@200000/target-module@b000/i2c@0[0]'
[    2.424910] i2c i2c-0: using lookup tables for GPIO lookup
[    2.424923] i2c i2c-0: No GPIO consumer scl found
[    2.424948] i2c i2c-0: using DT '/ocp/interconnect@44c00000/segment@200000/target-module@b000/i2c@0' for 'sda' GPIO lookup
[    2.424988] of_get_named_gpiod_flags: can't parse 'sda-gpios' property of node '/ocp/interconnect@44c00000/segment@200000/target-module@b000/i2c@0[0]'
[    2.425029] of_get_named_gpiod_flags: can't parse 'sda-gpio' property of node '/ocp/interconnect@44c00000/segment@200000/target-module@b000/i2c@0[0]'
[    2.425063] i2c i2c-0: using lookup tables for GPIO lookup
[    2.425074] i2c i2c-0: No GPIO consumer sda found
[    2.442207] tps65217-pmic: Failed to locate of_node [id: -1]
[    2.448289] tps65217-bl: Failed to locate of_node [id: -1]
[    2.455722] platform tps65217-charger: DMA mask not set
[    2.463054] platform tps65217-pwrbutton: DMA mask not set
[    2.470893] tps65217 0-0024: TPS65217 ID 0xe version 1.2
[    2.477042] /ocp/interconnect@48000000/segment@300000/target-module@e000/lcdc@0: Fixed dependency cycle(s) with /ocp/interconnect@44c00000/segment@200000/target-module@b000/i2c@0/tda19988@70
[    2.494420] /ocp/interconnect@44c00000/segment@200000/target-module@b000/i2c@0/tda19988@70: Fixed dependency cycle(s) with /ocp/interconnect@48000000/segment@300000/target-module@e000/lcdc@0
[    2.511814] omap_i2c 44e0b000.i2c: bus 0 rev0.11 at 400 kHz
[    2.519536] sdhci-omap 48060000.mmc: using DT '/ocp/interconnect@48000000/segment@0/target-module@60000/mmc@0' for 'cd' GPIO lookup
[    2.519645] of_get_named_gpiod_flags: parsed 'cd-gpios' property of node '/ocp/interconnect@48000000/segment@0/target-module@60000/mmc@0[0]' - status (0)
[    2.519712] gpio gpiochip3: Persistence not supported for GPIO 6
[    2.519738] omap_gpio 44e07000.gpio: Could not set line 6 debounce to 200000 microseconds (-22)
