Labgrid Console Logfile for main
Logfile started at 2024-11-30 20:35:47.509013
=== Log starts here ===

root@arm:~# run() { echo -n "$MARKER"; sh -c "$@"; echo "$MARKER $?"; }
root@arm:~# echo 'LGUB''LFPOTJ'
LGUBLFPOTJ
root@arm:~# MARKER='BZVS''NGOCZG' run 'cat /proc/version'
BZVSNGOCZGLinux version 6.12.0-gdbdb5011a7e2 (kale@latitude5580) (arm-linux-gnueabihf-gcc (Linaro GCC 6.4-2017.11) 6.4.1 20171012, GNU ld (Linaro_Binutils-2017.11) 2.27.0.20161229) #6 SMP Tue Nov 26 13:46:15 EET 2024
BZVSNGOCZG 0
root@arm:~# echo 'MBUY''AULYOH'
MBUYAULYOH
root@arm:~# MARKER='WVEG''XYGAGV' run false
WVEGXYGAGVWVEGXYGAGV 1
root@arm:~# Labgrid Console Logfile for main
Logfile started at 2024-11-30 20:35:50.909553
=== Log starts here ===

root@arm:~# run() { echo -n "$MARKER"; sh -c "$@"; echo "$MARKER $?"; }
root@arm:~# echo 'WZBJ''AKNPBJ'
WZBJAKNPBJ
root@arm:~# MARKER='UTJJ''PBXGFG' run 'ls /joo/iio_generic_buffer; echo $?'
UTJJPBXGFGls: cannot access '/joo/iio_generic_buffer': No such file or directory
2
UTJJPBXGFG 0
root@arm:~# 