Labgrid Console Logfile for main
Logfile started at 2025-10-02 17:39:52.006266
=== Log starts here ===
reading args
spl_load_image_fat_os: error reading image args, err - -1
reading u-boot.img
reading u-boot.img


U-Boot 2014.04-00014-g47880f5 (Apr 22 2014 - 13:23:54)

I2C:   ready
DRAM:  512 MiB
NAND:  0 MiB
MMC:   OMAP SD/MMC: 0, OMAP SD/MMC: 1
*** Warning - readenv() failed, using default environment

Net:   <ethaddr> not set. Validating first E-fuse MAC
cpsw, usb_ether
Hit any key to stop autoboot:  1  0 
gpio: pin 53 (gpio 53) value is 1
mmc0 is current device
gpio: pin 54 (gpio 54) value is 1
SD/MMC found on device 0
reading uEnv.txt
569 bytes read in 4 ms (138.7 KiB/s)
gpio: pin 55 (gpio 55) value is 1
Loaded environment from uEnv.txt
Importing environment from mmc ...
Checking if uenvcmd is set ...
gpio: pin 56 (gpio 56) value is 1
Running uenvcmd ...
cpsw Waiting for PHY auto negotiation to complete. done
link up on port 0, speed 100, full duplex
Using cpsw device
TFTP from server 192.168.255.126; our IP address is 192.168.255.1
Filename 'zImage'.
Load address: 0x81000000
Loading: *#################################################################
	 #################################################################
	 #################################################################
	 #################################################################
	 #################################################################
	 ########################################
	 2.4 MiB/s
done
Bytes transferred = 5355232 (51b6e0 hex)
link up on port 0, speed 100, full duplex
Using cpsw device
TFTP from server 192.168.255.126; our IP address is 192.168.255.1
Filename 'am335x-boneblack.dtb'.
Load address: 0x82000000
Loading: *#######
	 1.2 MiB/s
done
Bytes transferred = 97772 (17dec hex)
Kernel image @ 0x81000000 [ 0x000000 - 0x51b6e0 ]
## Flattened Device Tree blob at 82000000
   Booting using the fdt blob at 0x82000000
   Using Device Tree in place at 82000000, end 8201adeb

Starting kernel ...

[    0.000000] Booting Linux on physical CPU 0x0
[    0.000000] Linux version 6.6.109 (user01@drvtest01) (arm-none-eabi-gcc (Arm GNU Toolchain 14.2.Rel1 (Build arm-14.52)) 14.2.1 20241119, GNU ld (Arm GNU Toolchain 14.2.Rel1 (Build arm-14.52)) 2.43.1.20241119) #1 SMP Thu Oct  2 17:38:11 EEST 2025
[    0.000000] CPU: ARMv7 Processor [413fc082] revision 2 (ARMv7), cr=10c5387d
[    0.000000] CPU: PIPT / VIPT nonaliasing data cache, VIPT aliasing instruction cache
[    0.000000] OF: fdt: Machine model: TI AM335x BeagleBone Black
[    0.000000] Memory policy: Data cache writeback
[    0.000000] cma: Reserved 16 MiB at 0x9e800000 on node -1
[    0.000000] Zone ranges:
[    0.000000]   Normal   [mem 0x0000000080000000-0x000000009fdfffff]
[    0.000000]   HighMem  empty
[    0.000000] Movable zone start for each node
[    0.000000] Early memory node ranges
[    0.000000]   node   0: [mem 0x0000000080000000-0x000000009fdfffff]
[    0.000000] Initmem setup node 0 [mem 0x0000000080000000-0x000000009fdfffff]
[    0.000000] CPU: All CPU(s) started in SVC mode.
[    0.000000] AM335X ES2.1 (sgx neon)
[    0.000000] percpu: Embedded 16 pages/cpu s36116 r8192 d21228 u65536
[    0.000000] Kernel command line: console=ttyO0,115200n8 root=/dev/nfs rw nfsroot=192.168.255.126:/home/user01/nfs,nfsvers=3 ip=192.168.255.1:192.168.255.126::255.255.255.0:bbb1:eth0 nfsrootdebug
[    0.000000] Unknown kernel command line parameters "nfsrootdebug", will be passed to user space.
[    0.000000] Dentry cache hash table entries: 65536 (order: 6, 262144 bytes, linear)
[    0.000000] Inode-cache hash table entries: 32768 (order: 5, 131072 bytes, linear)
[    0.000000] Built 1 zonelists, mobility grouping on.  Total pages: 129412
[    0.000000] mem auto-init: stack:off, heap alloc:off, heap free:off
[    0.000000] Memory: 483604K/522240K available (11264K kernel code, 1165K rwdata, 2704K rodata, 1024K init, 282K bss, 22252K reserved, 16384K cma-reserved, 0K highmem)
[    0.000000] SLUB: HWalign=64, Order=0-3, MinObjects=0, CPUs=1, Nodes=1
[    0.000000] rcu: Hierarchical RCU implementation.
[    0.000000] rcu: 	RCU event tracing is enabled.
[    0.000000] rcu: 	RCU restricting CPUs from NR_CPUS=2 to nr_cpu_ids=1.
[    0.000000] rcu: RCU calculated value of scheduler-enlistment delay is 10 jiffies.
[    0.000000] rcu: Adjusting geometry for rcu_fanout_leaf=16, nr_cpu_ids=1
[    0.000000] NR_IRQS: 16, nr_irqs: 16, preallocated irqs: 16
[    0.000000] IRQ: Found an INTC at 0x(ptrval) (revision 5.0) with 128 interrupts
[    0.000000] rcu: srcu_init: Setting srcu_struct sizes based on contention.
[    0.000000] TI gptimer clocksource: always-on /ocp/interconnect@44c00000/segment@200000/target-module@31000
[    0.000003] sched_clock: 32 bits at 24MHz, resolution 41ns, wraps every 89478484971ns
[    0.000027] clocksource: dmtimer: mask: 0xffffffff max_cycles: 0xffffffff, max_idle_ns: 79635851949 ns
[    0.000528] TI gptimer clockevent: 24000000 Hz at /ocp/interconnect@48000000/segment@0/target-module@40000
[    0.002092] Console: colour dummy device 80x30
[    0.002143] WARNING: Your 'console=ttyO0' has been replaced by 'ttyS0'
[    0.002151] This ensures that you still see kernel messages. Please
[    0.002156] update your kernel commandline.
[    0.002195] Calibrating delay loop... 996.14 BogoMIPS (lpj=4980736)
[    0.090577] CPU: Testing write buffer coherency: ok
[    0.090679] CPU0: Spectre v2: using BPIALL workaround
[    0.090691] pid_max: default: 32768 minimum: 301
[    0.090807] LSM: initializing lsm=capability,integrity
[    0.090972] Mount-cache hash table entries: 1024 (order: 0, 4096 bytes, linear)
[    0.090991] Mountpoint-cache hash table entries: 1024 (order: 0, 4096 bytes, linear)
[    0.092468] CPU0: thread -1, cpu 0, socket -1, mpidr 0
[    0.094051] Setting up static identity map for 0x80100000 - 0x80100078
[    0.094333] rcu: Hierarchical SRCU implementation.
[    0.094343] rcu: 	Max phase no-delay instances is 1000.
[    0.095713] smp: Bringing up secondary CPUs ...
[    0.095767] smp: Brought up 1 node, 1 CPU
[    0.095782] SMP: Total of 1 processors activated (996.14 BogoMIPS).
[    0.095793] CPU: All CPU(s) started in SVC mode.
[    0.096674] devtmpfs: initialized
[    0.113387] VFP support v0.3: implementor 41 architecture 3 part 30 variant c rev 3
[    0.113743] clocksource: jiffies: mask: 0xffffffff max_cycles: 0xffffffff, max_idle_ns: 19112604462750000 ns
[    0.113777] futex hash table entries: 256 (order: 2, 16384 bytes, linear)
[    0.115070] pinctrl core: initialized pinctrl subsystem
[    0.117217] NET: Registered PF_NETLINK/PF_ROUTE protocol family
[    0.119750] DMA: preallocated 256 KiB pool for atomic coherent allocations
[    0.120361] audit: initializing netlink subsys (disabled)
[    0.121895] thermal_sys: Registered thermal governor 'fair_share'
[    0.121916] thermal_sys: Registered thermal governor 'step_wise'
[    0.121922] thermal_sys: Registered thermal governor 'user_space'
[    0.122029] audit: type=2000 audit(0.120:1): state=initialized audit_enabled=0 res=1
[    0.122112] cpuidle: using governor menu
[    0.138415] /ocp/interconnect@44c00000/segment@200000/target-module@b000/i2c@0/tda19988@70: Fixed dependency cycle(s) with /ocp/interconnect@48000000/segment@300000/target-module@e000/lcdc@0
[    0.139480] /ocp/interconnect@48000000/segment@300000/target-module@e000/lcdc@0: Fixed dependency cycle(s) with /ocp/interconnect@44c00000/segment@200000/target-module@b000/i2c@0/tda19988@70
[    0.141748] No ATAGs?
[    0.141769] hw-breakpoint: debug architecture 0x4 unsupported.
[    0.144777] kprobes: kprobe jump-optimization is enabled. All kprobes are optimized if possible.
[    0.148097] iommu: Default domain type: Translated
[    0.148115] iommu: DMA domain TLB invalidation policy: strict mode
[    0.149540] SCSI subsystem initialized
[    0.161658] pps_core: LinuxPPS API ver. 1 registered
[    0.161670] pps_core: Software ver. 5.3.6 - Copyright 2005-2007 Rodolfo Giometti <giometti@linux.it>
[    0.161697] PTP clock support registered
[    0.164581] vgaarb: loaded
[    0.164927] clocksource: Switched to clocksource dmtimer
[    0.165533] VFS: Disk quotas dquot_6.6.0
[    0.165592] VFS: Dquot-cache hash table entries: 1024 (order 0, 4096 bytes)
[    0.191372] NET: Registered PF_INET protocol family
[    0.191711] IP idents hash table entries: 8192 (order: 4, 65536 bytes, linear)
[    0.193047] tcp_listen_portaddr_hash hash table entries: 512 (order: 0, 4096 bytes, linear)
[    0.193087] Table-perturb hash table entries: 65536 (order: 6, 262144 bytes, linear)
[    0.193106] TCP established hash table entries: 4096 (order: 2, 16384 bytes, linear)
[    0.193150] TCP bind hash table entries: 4096 (order: 4, 65536 bytes, linear)
[    0.193250] TCP: Hash tables configured (established 4096 bind 4096)
[    0.193382] UDP hash table entries: 256 (order: 1, 8192 bytes, linear)
[    0.193411] UDP-Lite hash table entries: 256 (order: 1, 8192 bytes, linear)
[    0.193582] NET: Registered PF_UNIX/PF_LOCAL protocol family
[    0.205756] RPC: Registered named UNIX socket transport module.
[    0.205778] RPC: Registered udp transport module.
[    0.205784] RPC: Registered tcp transport module.
[    0.205789] RPC: Registered tcp-with-tls transport module.
[    0.205794] RPC: Registered tcp NFSv4.1 backchannel transport module.
[    0.205821] PCI: CLS 0 bytes, default 64
[    0.207409] Initialise system trusted keyrings
[    0.208067] workingset: timestamp_bits=14 max_order=17 bucket_order=3
[    0.209624] NFS: Registering the id_resolver key type
[    0.209713] Key type id_resolver registered
[    0.209721] Key type id_legacy registered
[    0.209780] jffs2: version 2.2. (NAND) (SUMMARY)  Â© 2001-2006 Red Hat, Inc.
[    0.210180] Key type asymmetric registered
[    0.210196] Asymmetric key parser 'x509' registered
[    0.210272] io scheduler mq-deadline registered
[    0.210283] io scheduler kyber registered
[    0.210351] io scheduler bfq registered
[    0.215916] hw perfevents: enabled with armv7_cortex_a8 PMU driver, 5 counters available
[    0.224248] l3-aon-clkctrl:0000:0: failed to disable
[    0.235313] Serial: 8250/16550 driver, 6 ports, IRQ sharing enabled
[    0.273225] brd: module loaded
[    0.293238] loop: module loaded
[    0.294165] mtdoops: mtd device (mtddev=name/number) must be supplied
[    0.297125] i2c_dev: i2c /dev entries driver
[    0.298110] cpuidle: enable-method property 'ti,am3352' found operations
[    0.298571] sdhci: Secure Digital Host Controller Interface driver
[    0.298583] sdhci: Copyright(c) Pierre Ossman
[    0.298773] sdhci-pltfm: SDHCI platform and OF driver helper
[    0.305082] ledtrig-cpu: registered to indicate activity on CPUs
[    0.305913] Initializing XFRM netlink socket
[    0.306041] NET: Registered PF_INET6 protocol family
[    0.307828] Segment Routing with IPv6
[    0.307900] In-situ OAM (IOAM) with IPv6
[    0.308004] sit: IPv6, IPv4 and MPLS over IPv4 tunneling driver
[    0.308960] NET: Registered PF_PACKET protocol family
[    0.308989] NET: Registered PF_KEY protocol family
[    0.309121] Key type dns_resolver registered
[    0.309342] ThumbEE CPU extension supported.
[    0.309364] Registering SWP/SWPB emulation handler
[    0.309874] omap_voltage_late_init: Voltage driver support not added
[    0.310516] SmartReflex Class3 initialized
[    0.348376] Loading compiled-in X.509 certificates
[    0.398670] /ocp/interconnect@44c00000/segment@200000/target-module@b000/i2c@0/tda19988@70: Fixed dependency cycle(s) with /ocp/interconnect@48000000/segment@300000/target-module@e000/lcdc@0
[    0.404759] /ocp/interconnect@44c00000/segment@200000/target-module@b000/i2c@0/tda19988@70: Fixed dependency cycle(s) with /ocp/interconnect@48000000/segment@300000/target-module@e000/lcdc@0
[    0.412736] /ocp/interconnect@44c00000/segment@200000/target-module@b000/i2c@0/tda19988@70: Fixed dependency cycle(s) with /ocp/interconnect@48000000/segment@300000/target-module@e000/lcdc@0
[    0.413586] /ocp/interconnect@44c00000/segment@200000/target-module@b000/i2c@0/tda19988@70: Fixed dependency cycle(s) with /ocp/interconnect@48000000/segment@300000/target-module@e000/lcdc@0
[    0.417094] /ocp/interconnect@44c00000/segment@200000/target-module@10000/scm@0/pinmux@800: Fixed dependency cycle(s) with /ocp/interconnect@44c00000/segment@200000/target-module@10000/scm@0/pinmux@800/clkout2-pins
 [    0.417694] pinctrl-single 44e10800.pinmux: 142 pins, size 568
[    0.422708] ti-sysc: probe of 44e31000.target-module failed with error -16
[    0.449220] /ocp/interconnect@48000000/segment@300000/target-module@e000/lcdc@0: Fixed dependency cycle(s) with /ocp/interconnect@44c00000/segment@200000/target-module@b000/i2c@0/tda19988@70
[    0.457025] ti-sysc: probe of 48040000.target-module failed with error -16
[    0.489357] OMAP GPIO hardware version 0.1
[    0.536010] omap_i2c 4819c000.i2c: bus 2  rev0.11 at 100 kHz
[    0.551584] /ocp/interconnect@48000000/segment@300000/target-module@e000/lcdc@0: Fixed dependency cycle(s) with /ocp/interconnect@44c00000/segment@200000/target-module@b000/i2c@0/tda19988@70
[    0.554249] /ocp/interconnect@48000000/segment@300000/target-module@e000/lcdc@0: Fixed dependency cycle(s) with /ocp/interconnect@44c00000/segment@200000/target-module@b000/i2c@0/tda19988@70
[    0.555161] /ocp/interconnect@44c00000/segment@200000/target-module@b000/i2c@0/tda19988@70: Fixed dependency cycle(s) with /ocp/interconnect@48000000/segment@300000/target-module@e000/lcdc@0
[    0.555348] /ocp/interconnect@48000000/segment@300000/target-module@e000/lcdc@0: Fixed dependency cycle(s) with /ocp/interconnect@44c00000/segment@200000/target-module@b000/i2c@0/tda19988@70
[    0.566138] sdhci-omap 481d8000.mmc: supply pbias not found, using dummy regulator
[    0.568214] sdhci-omap 481d8000.mmc: supply vqmmc not found, using dummy regulator
[    0.635428] davinci_mdio 4a101000.mdio: davinci mdio revision 1.6, bus freq 1000000
[    0.829354] davinci_mdio 4a101000.mdio: phy[0]: device 4a101000.mdio:00, driver SMSC LAN8710/LAN8720
[    0.829981] cpsw-switch 4a100000.switch: initialized cpsw ale version 1.4
[    0.830002] cpsw-switch 4a100000.switch: ALE Table size 1024
[    0.830144] cpsw-switch 4a100000.switch: cpts: overflow check period 500 (jiffies)
[    0.830160] cpsw-switch 4a100000.switch: CPTS: ref_clk_freq:250000000 calc_mult:2147483648 calc_shift:29 error:0 nsec/sec
[    0.830253]
[    2.395197] mmc1: new high speed MMC card at address 0001
[    2.402079] mmcblk1: mmc1:0001 MMC04G 3.60 GiB
[    2.409464]  mmcblk1: p1 p2
[    2.412968] mmc0: new high speed SDHC card at address aaaa
[    2.419998] mmcblk1boot0: mmc1:0001 MMC04G 2.00 MiB
[    2.426555] mmcblk0: mmc0:aaaa SE32G 29.7 GiB
[    2.434464] mmcblk1boot1: mmc1:0001 MMC04G 2.00 MiB
[    2.440633]  mmcblk0: p1 p2
[    2.445686] mmcblk1rpmb: mmc1:0001 MMC04G 128 KiB, chardev (250:0)
[    2.516110] SMSC LAN8710/LAN8720 4a101000.mdio:00: attached PHY driver (mii_bus:phy_addr=4a101000.mdio:00, irq=POLL)
[    5.685667] cpsw-switch 4a100000.switch eth0: Link is Up - 100Mbps/Full - flow control off
[    5.734965] IP-Config: Complete:
[    5.738232]      device=eth0, hwaddr=6c:ec:eb:68:de:78, ipaddr=192.168.255.1, mask=255.255.255.0, gw=255.255.255.255
[    5.748848]      host=bbb1, domain=, nis-domain=(none)
[    5.754012]      bootserver=192.168.255.126, rootserver=192.168.255.126, rootpath=
[    5.754437] clk: Disabling unused clocks
[    5.766290] KTAP version 1
[    5.769016] 1..0
[    5.791877] VFS: Mounted root (nfs filesystem) on device 0:16.
[    5.798843] devtmpfs: mounted
[    5.803461] Freeing unused kernel image (initmem) memory: 1024K
[    5.810316] Run /sbin/init as init process
[    6.483476] systemd[1]: System time before build time, advancing clock.
[    7.924941] random: crng init done
[    7.996043] systemd[1]: systemd 232 running in system mode. (+PAM +AUDIT +SELINUX +IMA +APPARMOR +SMACK +SYSVINIT +UTMP +LIBCRYPTSETUP +GCRYPT +GNUTLS +ACL +XZ +LZ4 +SECCOMP +BLKID +ELFUTILS +KMOD +IDN)
[    8.015184] systemd[1]: Detected architecture arm.

Welcome to [1mDebian GNU/Linux 9 (stretch)[0m!

[    8.057895] systemd[1]: Set hostname to <arm>.
[    9.121114] systemd[1]: Reached target Remote File Systems.
[[0;32m  OK  [0m] Reached target Remote File Systems.
[    9.155484] systemd[1]: Reached target Swap.
[[0;32m  OK  [0m] Reached target Swap.
[    9.186430] systemd[1]: Created slice User and Session Slice.
[[0;32m  OK  [0m] Created slice User and Session Slice.
[    9.226873] systemd[1]: Listening on Syslog Socket.
[[0;32m  OK  [0m] Listening on Syslog Socket.
[    9.266631] systemd[1]: Set up automount Arbitrary Executable File Formats File System Automount Point.
[[0;32m  OK  [0m] Set up automount Arbitrary Executabâ€¦rmats File System Automount Point.
[    9.305785] systemd[1]: Listening on Journal Socket.
[[0;32m  OK  [0m] Listening on Journal Socket.
[    9.345941] systemd[1]: Listening on Journal Audit Socket.
[[0;32m  OK  [0m] Listening on Journal Audit Socket.
[[0;32m  OK  [0m] Listening on udev Control Socket.
[[0;32m  OK  [0m] Listening on udev Kernel Socket.
[[0;32m  OK  [0m] Listening on Journal Socket (/dev/log).
[[0;32m  OK  [0m] Created slice System Slice.
         Starting Load Kernel Modules...
         Starting Remount Root and Kernel File Systems...
         Mounting Debug File System...
[[0;32m  OK  [0m] Created slice system-getty.slice.
[[0;32m  OK  [0m] Started Forward Password Requests to Wall Directory Watch.
[[0;32m  OK  [0m] Started Dispatch Password Requests to Console Directory Watch.
[[0;32m  OK  [0m] Reached target Paths.
         Starting Create list of required stâ€¦ce nodes for the current kernel...
[[0;32m  OK  [0m] Reached target Encrypted Volumes.
[[0;32m  OK  [0m] Listening on /dev/initctl Compatibility Named Pipe.
[[0;32m  OK  [0m] Reached target Slices.
         Starting Journal Service...
[[0;32m  OK  [0m] Created slice system-serial\x2dgetty.slice.
         Mounting POSIX Message Queue File System...
[[0;32m  OK  [0m] Mounted Debug File System.
[[0;32m  OK  [0m] Mounted POSIX Message Queue File System.
[[0;32m  OK  [0m] Started Load Kernel Modules.
[[0;32m  OK  [0m] Started Remount Root and Kernel File Systems.
[[0;32m  OK  [0m] Started Create list of required staâ€¦vice nodes for the current kernel.
         Starting Create Static Device Nodes in /dev...
         Starting udev Coldplug all Devices...
         Starting Load/Save Random Seed...
         Mounting Configuration File System...
         Starting Apply Kernel Variables...
[[0;32m  OK  [0m] Mounted Configuration File System.
[[0;32m  OK  [0m] Started Load/Save Random Seed.
[[0;32m  OK  [0m] Started Journal Service.
[[0;32m  OK  [0m] Started Apply Kernel Variables.
         Starting Flush Journal to Persistent Storage...
[[0;32m  OK  [0m] Started Create Static Device Nodes in /dev.
         Starting udev Kernel Device Manager...
[[0;32m  OK  [0m] Reached target Local File Systems (Pre).
[[0;32m  OK  [0m] Reached target Local File Systems.
         Starting Raise network interfaces...
[   11.340108] systemd-journald[82]: Received request to flush runtime journal from PID 1
[[0;32m  OK  [0m] Started Flush Journal to Persistent Storage.
         Starting Create Volatile Files and Directories...
[[0;32m  OK  [0m] Started udev Kernel Device Manager.
[[0;32m  OK  [0m] Started Create Volatile Files and Directories.
         Starting Network Time Synchronization...
         Starting Update UTMP about System Boot/Shutdown...
[[0;32m  OK  [0m] Started Update UTMP about System Boot/Shutdown.
[[0;32m  OK  [0m] Started Network Time Synchronization.
[[0;32m  OK  [0m] Reached target System Time Synchronized.
[[0;32m  OK  [0m] Started udev Coldplug all Devices.
[[0;32m  OK  [0m] Reached target System Initialization.
[[0;32m  OK  [0m] Started Daily apt download activities.
[[0;32m  OK  [0m] Started Daily apt upgrade and clean activities.
[[0;32m  OK  [0m] Listening on D-Bus System Message Bus Socket[   14.768230] remoteproc remoteproc0: wkup_m3 is available
.
[[0;32m  OK  [0m] Started Daily Cleanup of Temporary Directories.
[[0;32m  OK  [0m] Reached target Timers.
[[0;32m  OK  [0m] Listening on Avahi mDNS/DNS-SD Stack Activation Socket.
[[0;32m  OK  [0m] Reached target Sockets.
[[0;32m  OK  [0m] Reached target Basic System.
         Starting Login Service...
[   15.051224] omap_rtc 44e3e000.rtc: registered as rtc0
[   15.056594] omap_rtc 44e3e000.rtc: setting system clock to 2000-01-01T00:00:00 UTC (946684800)
         Starting Telephony service...
[   15.347926] at24 2-0054: supply vcc not found, using dummy regulator
         Starting LSB: Load kernel modules needed to enable cpufreq scaling...
[   15.524781] at24 2-0055: supply vcc not found, using dummy regulator
[[0;32m  OK  [0m] Started Regular background program processing daemon.
[   15.676172] at24 2-0056: supply vcc not found, using dummy regulator
         Starting System Logging Service...
         Starting Avahi mDNS/DNS-SD Stack...
[   15.780124] tps6521x_pwrbutton tps65217-pwrbutton: DMA mask not set
[   15.819820] at24 2-0057: supply vcc not found, using dummy regulator
[   15.851324] input: tps65217_pwrbutton as /devices/platform/ocp/44c00000.interconnect/44c00000.interconnect:segment@200000/44e0b000.target-module/44e0b000.i2c/i2c-0/0-0024/tps65217-pwrbutton/input/input0
         Starting DUN service...
[   15.940750] at24 0-0050: 32768 byte 24c256 EEPROM, writable, 1 bytes/write
         Starting Cape Manager Service...
[   16.225651] wkup_m3_ipc 44e11324.wkup_m3_ipc: IPC Request for A8->M3 Channel failed! -517
[   16.274743] wkup_m3_ipc 44e11324.wkup_m3_ipc: IPC Request for A8->M3 Channel failed! -517
[   16.421434] omap_wdt: OMAP Watchdog Timer Rev 0x01: initial timeout 60 sec
[   16.467370] wkup_m3_ipc 44e11324.wkup_m3_ipc: IPC Request for A8->M3 Channel failed! -517
         Starting Generic Board Startup...
         Starting LSB: Start busybox udhcpd at boot time...
[   16.712926] am335x-phy-driver 47401300.usb-phy: dummy supplies not allowed for exclusive requests
[[0;32m  OK  [0m] Started D-Bus System Message Bus.
[   16.953119] usbcore: registered new interface driver usbfs
[   16.958907] usbcore: registered new interface driver hub
[   16.964365] usbcore: registered new device driver usb
[   17.468731] am335x-phy-driver 47401b00.usb-phy: dummy supplies not allowed for exclusive requests
[   17.483461] wkup_m3_ipc 44e11324.wkup_m3_ipc: IPC Request for A8->M3 Channel failed! -517
[   17.593152] wkup_m3_ipc 44e11324.wkup_m3_ipc: IPC Request for A8->M3 Channel failed! -517
[   17.845693] wkup_m3_ipc 44e11324.wkup_m3_ipc: IPC Request for A8->M3 Channel failed! -517
[   17.948208] musb-hdrc musb-hdrc.1: MUSB HDRC host driver
[   17.953623] musb-hdrc musb-hdrc.1: new USB bus registered, assigned bus number 1
[   17.962115] wkup_m3_ipc 44e11324.wkup_m3_ipc: IPC Request for A8->M3 Channel failed! -517
[   17.972807] tda998x 0-0070: found TDA19988
[   18.120915] wkup_m3_ipc 44e11324.wkup_m3_ipc: IPC Request for A8->M3 Channel failed! -517
[   18.195376] usb usb1: New USB device found, idVendor=1d6b, idProduct=0002, bcdDevice= 6.06
[   18.203735] usb usb1: New USB device strings: Mfr=3, Product=2, SerialNumber=1
[   18.211059] usb usb1: Product: MUSB HDRC host driver
[   18.216210] usb usb1: Manufacturer: Linux 6.6.109 musb-hcd
[   18.221729] usb usb1: SerialNumber: musb-hdrc.1
[   18.409364] hub 1-0:1.0: USB hub found
[   18.446739] hub 1-0:1.0: 1 port detected
[   18.501145] wkup_m3_ipc 44e11324.wkup_m3_ipc: IPC Request for A8->M3 Channel failed! -517
[   18.582517] omap-mailbox 480c8000.mailbox: omap mailbox rev 0x400
[   18.688300] remoteproc remoteproc0: powering up wkup_m3
[   18.815319] remoteproc remoteproc0: Direct firmware load for am335x-pm-firmware.elf failed with error -2
[   18.825022] remoteproc remoteproc0: request_firmware failed: -2
[   18.830980] wkup_m3_ipc 44e11324.wkup_m3_ipc: rproc_boot failed
[   20.836260] omap_rng 48310000.rng: Random Number Generator ver. 20
[   21.011327] tilcdc 4830e000.lcdc: bound 0-0070 (ops tda998x_audio_codec_init [tda998x])
[[0;32m  OK  [0m] Started Avahi mDNS/DNS-SD Stack.
[[0;32m  OK  [0m] Started Telephony service.
[[0;32m  OK  [0m] Started DUN service.
[   21.154236] [drm] Initialized tilcdc 1.0.0 20121205 for 4830e000.lcdc on minor 0
         Starting Connection service...
[   21.255451] tilcdc 4830e000.lcdc: [drm] Cannot find any crtc or sizes
[   21.263482] tilcdc 4830e000.lcdc: [drm] Cannot find any crtc or sizes
[[0;32m  OK  [0m] Started System Logging Service.
[[0;32m  OK  [0m] Started Cape Manager Service.
[[0;32m  OK  [0m] Found device /dev/ttyS0.
[   22.118373] omap-sham 53100000.sham: hw accel on OMAP rev 4.3
[   22.235235] omap-sham 53100000.sham: will run requests pump with realtime priority
[   22.332314] PM: Cannot get wkup_m3_ipc handle
[   22.342880] omap-aes 53500000.aes: OMAP AES hw accel rev: 3.2
[   22.502857] omap-aes 53500000.aes: will run requests pump with realtime priority
[   22.512800] PM: Cannot get wkup_m3_ipc handle
[   22.935773] Bluetooth: Core ver 2.22
[   22.939574] NET: Registered PF_BLUETOOTH protocol family
[   22.945122] Bluetooth: HCI device and connection manager initialized
[   22.951539] Bluetooth: HCI socket layer initialized
[   22.956514] Bluetooth: L2CAP socket layer initialized
[   22.961627] Bluetooth: SCO socket layer initialized
[   26.003086] PM: Cannot get wkup_m3_ipc handle
[   26.122126] PM: Cannot get wkup_m3_ipc handle
[[0;32m  OK  [0m] Started Raise network interfaces.
[[0;32m  OK  [0m] Started LSB: Start busybox udhcpd at boot time.
[[0;32m  OK  [0m] Started LSB: Load kernel modules needed to enable cpufreq scaling.
[   28.282976] configfs-gadget.g_multi gadget.0: HOST MAC 1c:ba:8c:a2:ed:6c
[   28.289975] configfs-gadget.g_multi gadget.0: MAC 1c:ba:8c:a2:ed:70
[   28.297641] configfs-gadget.g_multi gadget.0: HOST MAC 1c:ba:8c:a2:ed:6c
[   28.304404] configfs-gadget.g_multi gadget.0: MAC 1c:ba:8c:a2:ed:6d
[   28.311972] PM: Cannot get wkup_m3_ipc handle
[[0;32m  OK  [0m] Started Connection service.
[[0;32m  OK  [0m] Reached target Sound Card.
         Starting LSB: set CPUFreq kernel parameters...
[[0;32m  OK  [0m] Reached target Network.
[[0;32m  OK  [0m] Reached target Network is Online.
         Starting LSB: Advanced IEEE 802.11 management daemon...
         Starting OpenBSD Secure Shell server...
         Starting The Apache HTTP Server...
         Starting Permit User Sessions...
[[0;32m  OK  [0m] Started LSB: Advanced IEEE 802.11 management daemon.
[[0;32m  OK  [0m] Started Login Service.
[[0;32m  OK  [0m] Started Permit User Sessions.
         Starting Hostname Service...
[[0;32m  OK  [0m] Started Getty on tty1.
[[0;32m  OK  [0m] Started Serial Getty on ttyS0.
[[0;32m  OK  [0m] Reached target Login Prompts.
         Starting WPA supplicant...
[[0;32m  OK  [0m] Started LSB: set CPUFreq kernel parameters.
[[0;32m  OK  [0m] Started Hostname Service.
[[0;32m  OK  [0m] Started WPA supplicant.
[[0;32m  OK  [0m] Started OpenBSD Secure Shell server.
         Stopping LSB: Start busybox udhcpd at boot time...
[[0;32m  OK  [0m] Stopped LSB: Start busybox udhcpd at boot time.
[[0;32m  OK  [0m] Started The Apache HTTP Server.
         Starting dnsmasq - A lightweight DHCP and caching DNS server...
[[0;32m  OK  [0m] Started dnsmasq - A lightweight DHCP and caching DNS server.
[[0;32m  OK  [0m] Reached target Host and Network Name Lookups.
[[0;32m  OK  [0m] Started Serial Getty on ttyGS0.
[[0;32m  OK  [0m] Started Generic Board Startup.
[[0;32m  OK  [0m] Reached target Multi-User System.
[[0;32m  OK  [0m] Reached target Graphical Interface.
         Starting Update UTMP about System Runlevel Changes...
[[0;32m  OK  [0m] Started Update UTMP about System Runlevel Changes.

Debian GNU/Linux 9 arm ttyS0

default username:password is [debian:temppwd]

arm login: root
Password: 
Last login: Sat Dec  9 19:10:37 UTC 2017 on ttyS0
root
Linux arm 6.6.109 #1 SMP Thu Oct  2 17:38:11 EEST 2025 armv7l

The programs included with the Debian GNU/Linux system are free software;
the exact distribution terms for each program are described in the
individual files in /usr/share/doc/*/copyright.

Debian GNU/Linux comes with ABSOLUTELY NO WARRANTY, to the extent
permitted by applicable law.
root@arm:~# root
-bash: root: command not found
root@arm:~# dmesg -n 1
root@arm:~# echo 'JWOW''QNPPUK'
JWOWQNPPUK
root@arm:~# run() { echo -n "$MARKER"; sh -c "$@"; echo "$MARKER $?"; }
root@arm:~# echo 'FNEL''ZZABJZ'
FNELZZABJZ
root@arm:~# MARKER='YJNM''PCPSHE' run 'cat /proc/version'
YJNMPCPSHELinux version 6.6.109 (user01@drvtest01) (arm-none-eabi-gcc (Arm GNU Toolchain 14.2.Rel1 (Build arm-14.52)) 14.2.1 20241119, GNU ld (Arm GNU Toolchain 14.2.Rel1 (Build arm-14.52)) 2.43.1.20241119) #1 SMP Thu Oct  2 17:38:11 EEST 2025
YJNMPCPSHE 0
root@arm:~# echo 'UZWJ''GUAKUA'
UZWJGUAKUA
root@arm:~# MARKER='MZNG''SNBZMC' run false
MZNGSNBZMCMZNGSNBZMC 1
root@arm:~# Labgrid Console Logfile for main
Logfile started at 2025-10-02 17:40:50.290187
=== Log starts here ===

root@arm:~# run() { echo -n "$MARKER"; sh -c "$@"; echo "$MARKER $?"; }
root@arm:~# echo 'UZQT''VCVLXM'
UZQTVCVLXM
root@arm:~# MARKER='HJYA''JNWXOZ' run 'ls /iio_generic_buffer; echo $?'
HJYAJNWXOZ/iio_generic_buffer
0
HJYAJNWXOZ 0
root@arm:~# Labgrid Console Logfile for main
Logfile started at 2025-10-02 17:40:53.696865
=== Log starts here ===

root@arm:~# run() { echo -n "$MARKER"; sh -c "$@"; echo "$MARKER $?"; }
root@arm:~# echo 'OKKZ''NMNGZO'
OKKZNMNGZO
root@arm:~# MARKER='CWJV''LOKEYG' run dmesg
CWJVLOKEYG[    0.000000] Booting Linux on physical CPU 0x0
[    0.000000] Linux version 6.6.109 (user01@drvtest01) (arm-none-eabi-gcc (Arm GNU Toolchain 14.2.Rel1 (Build arm-14.52)) 14.2.1 20241119, GNU ld (Arm GNU Toolchain 14.2.Rel1 (Build arm-14.52)) 2.43.1.20241119) #1 SMP Thu Oct  2 17:38:11 EEST 2025
[    0.000000] CPU: ARMv7 Processor [413fc082] revision 2 (ARMv7), cr=10c5387d
[    0.000000] CPU: PIPT / VIPT nonaliasing data cache, VIPT aliasing instruction cache
[    0.000000] OF: fdt: Machine model: TI AM335x BeagleBone Black
[    0.000000] Memory policy: Data cache writeback
[    0.000000] cma: Reserved 16 MiB at 0x9e800000 on node -1
[    0.000000] Zone ranges:
[    0.000000]   Normal   [mem 0x0000000080000000-0x000000009fdfffff]
[    0.000000]   HighMem  empty
[    0.000000] Movable zone start for each node
[    0.000000] Early memory node ranges
[    0.000000]   node   0: [mem 0x0000000080000000-0x000000009fdfffff]
[    0.000000] Initmem setup node 0 [mem 0x0000000080000000-0x000000009fdfffff]
[    0.000000] CPU: All CPU(s) started in SVC mode.
[    0.000000] AM335X ES2.1 (sgx neon)
[    0.000000] percpu: Embedded 16 pages/cpu s36116 r8192 d21228 u65536
[    0.000000] pcpu-alloc: s36116 r8192 d21228 u65536 alloc=16*4096
[    0.000000] pcpu-alloc: [0] 0 
[    0.000000] Kernel command line: console=ttyO0,115200n8 root=/dev/nfs rw nfsroot=192.168.255.126:/home/user01/nfs,nfsvers=3 ip=192.168.255.1:192.168.255.126::255.255.255.0:bbb1:eth0 nfsrootdebug
[    0.000000] Unknown kernel command line parameters "nfsrootdebug", will be passed to user space.
[    0.000000] Dentry cache hash table entries: 65536 (order: 6, 262144 bytes, linear)
[    0.000000] Inode-cache hash table entries: 32768 (order: 5, 131072 bytes, linear)
[    0.000000] Built 1 zonelists, mobility grouping on.  Total pages: 129412
[    0.000000] mem auto-init: stack:off, heap alloc:off, heap free:off
[    0.000000] Memory: 483604K/522240K available (11264K kernel code, 1165K rwdata, 2704K rodata, 1024K init, 282K bss, 22252K reserved, 16384K cma-reserved, 0K highmem)
[    0.000000] SLUB: HWalign=64, Order=0-3, MinObjects=0, CPUs=1, Nodes=1
[    0.000000] rcu: Hierarchical RCU implementation.
[    0.000000] rcu: 	RCU event tracing is enabled.
[    0.000000] rcu: 	RCU restricting CPUs from NR_CPUS=2 to nr_cpu_ids=1.
[    0.000000] rcu: RCU calculated value of scheduler-enlistment delay is 10 jiffies.
[    0.000000] rcu: Adjusting geometry for rcu_fanout_leaf=16, nr_cpu_ids=1
[    0.000000] NR_IRQS: 16, nr_irqs: 16, preallocated irqs: 16
[    0.000000] IRQ: Found an INTC at 0x(ptrval) (revision 5.0) with 128 interrupts
[    0.000000] rcu: srcu_init: Setting srcu_struct sizes based on contention.
[    0.000000] TI gptimer clocksource: always-on /ocp/interconnect@44c00000/segment@200000/target-module@31000
[    0.000003] sched_clock: 32 bits at 24MHz, resolution 41ns, wraps every 89478484971ns
[    0.000027] clocksource: dmtimer: mask: 0xffffffff max_cycles: 0xffffffff, max_idle_ns: 79635851949 ns
[    0.000528] TI gptimer clockevent: 24000000 Hz at /ocp/interconnect@48000000/segment@0/target-module@40000
[    0.002092] Console: colour dummy device 80x30
[    0.002143] WARNING: Your 'console=ttyO0' has been replaced by 'ttyS0'
[    0.002151] This ensures that you still see kernel messages. Please
[    0.002156] update your kernel commandline.
[    0.002195] Calibrating delay loop... 996.14 BogoMIPS (lpj=4980736)
[    0.090577] CPU: Testing write buffer coherency: ok
[    0.090679] CPU0: Spectre v2: using BPIALL workaround
[    0.090691] pid_max: default: 32768 minimum: 301
[    0.090807] LSM: initializing lsm=capability,integrity
[    0.090972] Mount-cache hash table entries: 1024 (order: 0, 4096 bytes, linear)
[    0.090991] Mountpoint-cache hash table entries: 1024 (order: 0, 4096 bytes, linear)
[    0.092468] CPU0: thread -1, cpu 0, socket -1, mpidr 0
[    0.094051] Setting up static identity map for 0x80100000 - 0x80100078
[    0.094333] rcu: Hierarchical SRCU implementation.
[    0.094343] rcu: 	Max phase no-delay instances is 1000.
[    0.095713] smp: Bringing up secondary CPUs ...
[    0.095767] smp: Brought up 1 node, 1 CPU
[    0.095782] SMP: Total of 1 processors activated (996.14 BogoMIPS).
[    0.095793] CPU: All CPU(s) started in SVC mode.
[    0.096674] devtmpfs: initialized
[    0.113387] VFP support v0.3: implementor 41 architecture 3 part 30 variant c rev 3
[    0.113743] clocksource: jiffies: mask: 0xffffffff max_cycles: 0xffffffff, max_idle_ns: 19112604462750000 ns
[    0.113777] futex hash table entries: 256 (order: 2, 16384 bytes, linear)
[    0.115070] pinctrl core: initialized pinctrl subsystem
[    0.117217] NET: Registered PF_NETLINK/PF_ROUTE protocol family
[    0.119750] DMA: preallocated 256 KiB pool for atomic coherent allocations
[    0.120361] audit: initializing netlink subsys (disabled)
[    0.121895] thermal_sys: Registered thermal governor 'fair_share'
[    0.121916] thermal_sys: Registered thermal governor 'step_wise'
[    0.121922] thermal_sys: Registered thermal governor 'user_space'
[    0.122029] audit: type=2000 audit(0.120:1): state=initialized audit_enabled=0 res=1
[    0.122112] cpuidle: using governor menu
[    0.138415] /ocp/interconnect@44c00000/segment@200000/target-module@b000/i2c@0/tda19988@70: Fixed dependency cycle(s) with /ocp/interconnect@48000000/segment@300000/target-module@e000/lcdc@0
[    0.139480] /ocp/interconnect@48000000/segment@300000/target-module@e000/lcdc@0: Fixed dependency cycle(s) with /ocp/interconnect@44c00000/segment@200000/target-module@b000/i2c@0/tda19988@70
[    0.141748] No ATAGs?
[    0.141769] hw-breakpoint: debug architecture 0x4 unsupported.
[    0.144777] kprobes: kprobe jump-optimization is enabled. All kprobes are optimized if possible.
[    0.148097] iommu: Default domain type: Translated
[    0.148115] iommu: DMA domain TLB invalidation policy: strict mode
[    0.149540] SCSI subsystem initialized
[    0.161276] libata version 3.00 loaded.
[    0.161658] pps_core: LinuxPPS API ver. 1 registered
[    0.161670] pps_core: Software ver. 5.3.6 - Copyright 2005-2007 Rodolfo Giometti <giometti@linux.it>
[    0.161697] PTP clock support registered
[    0.163999] reg-fixed-voltage fixedregulator0: using DT '/fixedregulator0' for '(null)' GPIO lookup
[    0.164057] of_get_named_gpiod_flags: can't parse 'gpios' property of node '/fixedregulator0[0]'
[    0.164089] of_get_named_gpiod_flags: can't parse 'gpio' property of node '/fixedregulator0[0]'
[    0.164108] reg-fixed-voltage fixedregulator0: using lookup tables for GPIO lookup
[    0.164118] reg-fixed-voltage fixedregulator0: No GPIO consumer (null) found
[    0.164581] vgaarb: loaded
[    0.164927] clocksource: Switched to clocksource dmtimer
[    0.165533] VFS: Disk quotas dquot_6.6.0
[    0.165592] VFS: Dquot-cache hash table entries: 1024 (order 0, 4096 bytes)
[    0.191372] NET: Registered PF_INET protocol family
[    0.191711] IP idents hash table entries: 8192 (order: 4, 65536 bytes, linear)
[    0.193047] tcp_listen_portaddr_hash hash table entries: 512 (order: 0, 4096 bytes, linear)
[    0.193087] Table-perturb hash table entries: 65536 (order: 6, 262144 bytes, linear)
[    0.193106] TCP established hash table entries: 4096 (order: 2, 16384 bytes, linear)
[    0.193150] TCP bind hash table entries: 4096 (order: 4, 65536 bytes, linear)
[    0.193250] TCP: Hash tables configured (established 4096 bind 4096)
[    0.193382] UDP hash table entries: 256 (order: 1, 8192 bytes, linear)
[    0.193411] UDP-Lite hash table entries: 256 (order: 1, 8192 bytes, linear)
[    0.193582] NET: Registered PF_UNIX/PF_LOCAL protocol family
[    0.205756] RPC: Registered named UNIX socket transport module.
[    0.205778] RPC: Registered udp transport module.
[    0.205784] RPC: Registered tcp transport module.
[    0.205789] RPC: Registered tcp-with-tls transport module.
[    0.205794] RPC: Registered tcp NFSv4.1 backchannel transport module.
[    0.205821] PCI: CLS 0 bytes, default 64
[    0.207409] Initialise system trusted keyrings
[    0.208067] workingset: timestamp_bits=14 max_order=17 bucket_order=3
[    0.209624] NFS: Registering the id_resolver key type
[    0.209713] Key type id_resolver registered
[    0.209721] Key type id_legacy registered
[    0.209780] jffs2: version 2.2. (NAND) (SUMMARY)  Â© 2001-2006 Red Hat, Inc.
[    0.210180] Key type asymmetric registered
[    0.210196] Asymmetric key parser 'x509' registered
[    0.210272] io scheduler mq-deadline registered
[    0.210283] io scheduler kyber registered
[    0.210351] io scheduler bfq registered
[    0.215916] hw perfevents: enabled with armv7_cortex_a8 PMU driver, 5 counters available
[    0.224248] l3-aon-clkctrl:0000:0: failed to disable
[    0.235313] Serial: 8250/16550 driver, 6 ports, IRQ sharing enabled
[    0.273225] brd: module loaded
[    0.293238] loop: module loaded
[    0.294165] mtdoops: mtd device (mtddev=name/number) must be supplied
[    0.295854] mdio_bus fixed-0: using lookup tables for GPIO lookup
[    0.295879] mdio_bus fixed-0: No GPIO consumer reset found
[    0.297125] i2c_dev: i2c /dev entries driver
[    0.298110] cpuidle: enable-method property 'ti,am3352' found operations
[    0.298571] sdhci: Secure Digital Host Controller Interface driver
[    0.298583] sdhci: Copyright(c) Pierre Ossman
[    0.298773] sdhci-pltfm: SDHCI platform and OF driver helper
[    0.305082] ledtrig-cpu: registered to indicate activity on CPUs
[    0.305913] Initializing XFRM netlink socket
[    0.306041] NET: Registered PF_INET6 protocol family
[    0.307828] Segment Routing with IPv6
[    0.307900] In-situ OAM (IOAM) with IPv6
[    0.308004] sit: IPv6, IPv4 and MPLS over IPv4 tunneling driver
[    0.308960] NET: Registered PF_PACKET protocol family
[    0.308989] NET: Registered PF_KEY protocol family
[    0.309121] Key type dns_resolver registered
[    0.309342] ThumbEE CPU extension supported.
[    0.309364] Registering SWP/SWPB emulation handler
[    0.309874] omap_voltage_late_init: Voltage driver support not added
[    0.310516] SmartReflex Class3 initialized
[    0.348376] Loading compiled-in X.509 certificates
[    0.398670] /ocp/interconnect@44c00000/segment@200000/target-module@b000/i2c@0/tda19988@70: Fixed dependency cycle(s) with /ocp/interconnect@48000000/segment@300000/target-module@e000/lcdc@0
[    0.404759] /ocp/interconnect@44c00000/segment@200000/target-module@b000/i2c@0/tda19988@70: Fixed dependency cycle(s) with /ocp/interconnect@48000000/segment@300000/target-module@e000/lcdc@0
[    0.410275] gpiochip_find_base: found new base at 512
[    0.412736] /ocp/interconnect@44c00000/segment@200000/target-module@b000/i2c@0/tda19988@70: Fixed dependency cycle(s) with /ocp/interconnect@48000000/segment@300000/target-module@e000/lcdc@0
[    0.413586] /ocp/interconnect@44c00000/segment@200000/target-module@b000/i2c@0/tda19988@70: Fixed dependency cycle(s) with /ocp/interconnect@48000000/segment@300000/target-module@e000/lcdc@0
[    0.417094] /ocp/interconnect@44c00000/segment@200000/target-module@10000/scm@0/pinmux@800: Fixed dependency cycle(s) with /ocp/interconnect@44c00000/segment@200000/target-module@10000/scm@0/pinmux@800/clkout2-pins
[    0.417694] pinctrl-single 44e10800.pinmux: 142 pins, size 568
[    0.422708] ti-sysc: probe of 44e31000.target-module failed with error -16
[    0.449220] /ocp/interconnect@48000000/segment@300000/target-module@e000/lcdc@0: Fixed dependency cycle(s) with /ocp/interconnect@44c00000/segment@200000/target-module@b000/i2c@0/tda19988@70
[    0.457025] ti-sysc: probe of 48040000.target-module failed with error -16
[    0.468209] gpiochip_find_base: found new base at 512
[    0.468281] gpio gpiochip0: (gpio-0-31): created GPIO range 0->7 ==> 44e10800.pinmux PIN 0->7
[    0.468301] gpio gpiochip0: (gpio-0-31): created GPIO range 8->11 ==> 44e10800.pinmux PIN 90->93
[    0.468317] gpio gpiochip0: (gpio-0-31): created GPIO range 12->27 ==> 44e10800.pinmux PIN 12->27
[    0.468333] gpio gpiochip0: (gpio-0-31): created GPIO range 28->31 ==> 44e10800.pinmux PIN 30->33
[    0.489106] gpio gpiochip0: (gpio-0-31): added GPIO chardev (254:0)
[    0.489272] gpio gpiochip0: registered GPIOs 512 to 543 on gpio-0-31
[    0.489357] OMAP GPIO hardware version 0.1
[    0.534883] i2c i2c-2: using DT '/ocp/interconnect@48000000/segment@100000/target-module@9c000/i2c@0' for 'scl' GPIO lookup
[    0.535062] of_get_named_gpiod_flags: can't parse 'scl-gpios' property of node '/ocp/interconnect@48000000/segment@100000/target-module@9c000/i2c@0[0]'
[    0.535111] of_get_named_gpiod_flags: can't parse 'scl-gpio' property of node '/ocp/interconnect@48000000/segment@100000/target-module@9c000/i2c@0[0]'
[    0.535148] i2c i2c-2: using lookup tables for GPIO lookup
[    0.535159] i2c i2c-2: No GPIO consumer scl found
[    0.535181] i2c i2c-2: using DT '/ocp/interconnect@48000000/segment@100000/target-module@9c000/i2c@0' for 'sda' GPIO lookup
[    0.535217] of_get_named_gpiod_flags: can't parse 'sda-gpios' property of node '/ocp/interconnect@48000000/segment@100000/target-module@9c000/i2c@0[0]'
[    0.535255] of_get_named_gpiod_flags: can't parse 'sda-gpio' property of node '/ocp/interconnect@48000000/segment@100000/target-module@9c000/i2c@0[0]'
[    0.535286] i2c i2c-2: using lookup tables for GPIO lookup
[    0.535294] i2c i2c-2: No GPIO consumer sda found
[    0.536010] omap_i2c 4819c000.i2c: bus 2 rev0.11 at 100 kHz
[    0.541293] gpiochip_find_base: found new base at 544
[    0.541363] gpio gpiochip1: (gpio-32-63): created GPIO range 0->17 ==> 44e10800.pinmux PIN 34->51
[    0.541383] gpio gpiochip1: (gpio-32-63): created GPIO range 18->21 ==> 44e10800.pinmux PIN 77->80
[    0.541399] gpio gpiochip1: (gpio-32-63): created GPIO range 22->31 ==> 44e10800.pinmux PIN 56->65
[    0.542139] gpio gpiochip1: (gpio-32-63): added GPIO chardev (254:1)
[    0.542274] gpio gpiochip1: registered GPIOs 544 to 575 on gpio-32-63
[    0.544381] gpiochip_find_base: found new base at 576
[    0.544445] gpio gpiochip2: (gpio-64-95): created GPIO range 0->4 ==> 44e10800.pinmux PIN 66->70
[    0.544464] gpio gpiochip2: (gpio-64-95): created GPIO range 5->6 ==> 44e10800.pinmux PIN 98->99
[    0.544481] gpio gpiochip2: (gpio-64-95): created GPIO range 7->8 ==> 44e10800.pinmux PIN 75->76
[    0.544497] gpio gpiochip2: (gpio-64-95): created GPIO range 13->13 ==> 44e10800.pinmux PIN 141->141
[    0.544513] gpio gpiochip2: (gpio-64-95): created GPIO range 14->21 ==> 44e10800.pinmux PIN 100->107
[    0.545251] gpio gpiochip2: (gpio-64-95): added GPIO chardev (254:2)
[    0.545384] gpio gpiochip2: registered GPIOs 576 to 607 on gpio-64-95
[    0.551584] /ocp/interconnect@48000000/segment@300000/target-module@e000/lcdc@0: Fixed dependency cycle(s) with /ocp/interconnect@44c00000/segment@200000/target-module@b000/i2c@0/tda19988@70
[    0.554249] /ocp/interconnect@48000000/segment@300000/target-module@e000/lcdc@0: Fixed dependency cycle(s) with /ocp/interconnect@44c00000/segment@200000/target-module@b000/i2c@0/tda19988@70
[    0.555161] /ocp/interconnect@44c00000/segment@200000/target-module@b000/i2c@0/tda19988@70: Fixed dependency cycle(s) with /ocp/interconnect@48000000/segment@300000/target-module@e000/lcdc@0
[    0.555348] /ocp/interconnect@48000000/segment@300000/target-module@e000/lcdc@0: Fixed dependency cycle(s) with /ocp/interconnect@44c00000/segment@200000/target-module@b000/i2c@0/tda19988@70
[    0.564547] mdio_bus 4a101000.mdio: using DT '/ocp/interconnect@4a000000/segment@0/target-module@100000/switch@0/mdio@1000' for 'reset' GPIO lookup
[    0.564620] of_get_named_gpiod_flags: can't parse 'reset-gpios' property of node '/ocp/interconnect@4a000000/segment@0/target-module@100000/switch@0/mdio@1000[0]'
[    0.564667] of_get_named_gpiod_flags: can't parse 'reset-gpio' property of node '/ocp/interconnect@4a000000/segment@0/target-module@100000/switch@0/mdio@1000[0]'
[    0.564716] mdio_bus 4a101000.mdio: using lookup tables for GPIO lookup
[    0.564727] mdio_bus 4a101000.mdio: No GPIO consumer reset found
[    0.565798] sdhci-omap 481d8000.mmc: using DT '/ocp/interconnect@48000000/segment@100000/target-module@d8000/mmc@0' for 'wp' GPIO lookup
[    0.565862] of_get_named_gpiod_flags: can't parse 'wp-gpios' property of node '/ocp/interconnect@48000000/segment@100000/target-module@d8000/mmc@0[0]'
[    0.565906] of_get_named_gpiod_flags: can't parse 'wp-gpio' property of node '/ocp/interconnect@48000000/segment@100000/target-module@d8000/mmc@0[0]'
[    0.565940] sdhci-omap 481d8000.mmc: using lookup tables for GPIO lookup
[    0.565949] sdhci-omap 481d8000.mmc: No GPIO consumer wp found
[    0.566138] sdhci-omap 481d8000.mmc: supply pbias not found, using dummy regulator
[    0.568214] sdhci-omap 481d8000.mmc: supply vqmmc not found, using dummy regulator
[    0.635428] davinci_mdio 4a101000.mdio: davinci mdio revision 1.6, bus freq 1000000
[    0.649115] mdio_bus 4a101000.mdio:00: using DT '/ocp/interconnect@4a000000/segment@0/target-module@100000/switch@0/mdio@1000/ethernet-phy@0' for 'reset' GPIO lookup
[    0.649220] of_get_named_gpiod_flags: parsed 'reset-gpios' property of node '/ocp/interconnect@4a000000/segment@0/target-module@100000/switch@0/mdio@1000/ethernet-phy@0[0]' - status (0)
[    0.649384] gpio gpiochip0: Persistence not supported for GPIO 8
[    0.829354] davinci_mdio 4a101000.mdio: phy[0]: device 4a101000.mdio:00, driver SMSC LAN8710/LAN8720
[    0.829981] cpsw-switch 4a100000.switch: initialized cpsw ale version 1.4
[    0.830002] cpsw-switch 4a100000.switch: ALE Table size 1024
[    0.830144] cpsw-switch 4a100000.switch: cpts: overflow check period 500 (jiffies)
[    0.830160] cpsw-switch 4a100000.switch: CPTS: ref_clk_freq:250000000 calc_mult:2147483648 calc_shift:29 error:0 nsec/sec
[    0.830253] cpsw-switch 4a100000.switch: Detected MACID = 6c:ec:eb:68:de:78
[    0.832113] cpsw-switch 4a100000.switch: initialized (regs 0x4a100000, pool size 256) hw_ver:0019010C 1.12 (0)
[    0.842887] debugfs: Directory '49000000.dma' with parent 'dmaengine' already present!
[    0.842930] edma 49000000.dma: TI EDMA DMA engine driver
[    0.883006] gpio-clk clk_mcasp0: using DT '/clk_mcasp0' for 'enable' GPIO lookup
[    0.883082] of_get_named_gpiod_flags: parsed 'enable-gpios' property of node '/clk_mcasp0[0]' - status (0)
[    0.883122] gpio gpiochip0: Persistence not supported for GPIO 27
[    0.883976] gpiochip_find_base: found new base at 608
[    0.884041] gpio gpiochip3: (gpio-96-127): created GPIO range 0->7 ==> 44e10800.pinmux PIN 82->89
[    0.884061] gpio gpiochip3: (gpio-96-127): created GPIO range 8->11 ==> 44e10800.pinmux PIN 52->55
[    0.884076] gpio gpiochip3: (gpio-96-127): created GPIO range 12->15 ==> 44e10800.pinmux PIN 94->97
[    0.884092] gpio gpiochip3: (gpio-96-127): created GPIO range 16->17 ==> 44e10800.pinmux PIN 71->72
[    0.884108] gpio gpiochip3: (gpio-96-127): created GPIO range 18->18 ==> 44e10800.pinmux PIN 135->135
[    0.884125] gpio gpiochip3: (gpio-96-127): created GPIO range 19->20 ==> 44e10800.pinmux PIN 108->109
[    0.884142] gpio gpiochip3: (gpio-96-127): created GPIO range 21->21 ==> 44e10800.pinmux PIN 73->73
[    0.884159] gpio gpiochip3: (gpio-96-127): created GPIO range 22->23 ==> 44e10800.pinmux PIN 8->9
[    0.884177] gpio gpiochip3: (gpio-96-127): created GPIO range 26->27 ==> 44e10800.pinmux PIN 10->11
[    0.884195] gpio gpiochip3: (gpio-96-127): created GPIO range 28->28 ==> 44e10800.pinmux PIN 74->74
[    0.884213] gpio gpiochip3: (gpio-96-127): created GPIO range 29->29 ==> 44e10800.pinmux PIN 81->81
[    0.884231] gpio gpiochip3: (gpio-96-127): created GPIO range 30->31 ==> 44e10800.pinmux PIN 28->29
[    0.896815] gpio gpiochip3: (gpio-96-127): added GPIO chardev (254:3)
[    0.896976] gpio gpiochip3: registered GPIOs 608 to 639 on gpio-96-127
[    0.898919] omap8250 44e09000.serial: using DT '/ocp/interconnect@44c00000/segment@200000/target-module@9000/serial@0' for 'rs485-term' GPIO lookup
[    0.898993] of_get_named_gpiod_flags: can't parse 'rs485-term-gpios' property of node '/ocp/interconnect@44c00000/segment@200000/target-module@9000/serial@0[0]'
[    0.899038] of_get_named_gpiod_flags: can't parse 'rs485-term-gpio' property of node '/ocp/interconnect@44c00000/segment@200000/target-module@9000/serial@0[0]'
[    0.899074] omap8250 44e09000.serial: using lookup tables for GPIO lookup
[    0.899085] omap8250 44e09000.serial: No GPIO consumer rs485-term found
[    0.899096] omap8250 44e09000.serial: using DT '/ocp/interconnect@44c00000/segment@200000/target-module@9000/serial@0' for 'rs485-rx-during-tx' GPIO lookup
[    0.899132] of_get_named_gpiod_flags: can't parse 'rs485-rx-during-tx-gpios' property of node '/ocp/interconnect@44c00000/segment@200000/target-module@9000/serial@0[0]'
[    0.899170] of_get_named_gpiod_flags: can't parse 'rs485-rx-during-tx-gpio' property of node '/ocp/interconnect@44c00000/segment@200000/target-module@9000/serial@0[0]'
[    0.899201] omap8250 44e09000.serial: using lookup tables for GPIO lookup
[    0.899210] omap8250 44e09000.serial: No GPIO consumer rs485-rx-during-tx found
[    0.899586] 44e09000.serial: ttyS0 at MMIO 0x44e09000 (irq = 34, base_baud = 3000000) is a 8250
[    0.899671] printk: console [ttyS0] enabled
[    2.134320] i2c i2c-0: using DT '/ocp/interconnect@44c00000/segment@200000/target-module@b000/i2c@0' for 'scl' GPIO lookup
[    2.134405] of_get_named_gpiod_flags: can't parse 'scl-gpios' property of node '/ocp/interconnect@44c00000/segment@200000/target-module@b000/i2c@0[0]'
[    2.134450] of_get_named_gpiod_flags: can't parse 'scl-gpio' property of node '/ocp/interconnect@44c00000/segment@200000/target-module@b000/i2c@0[0]'
[    2.134489] i2c i2c-0: using lookup tables for GPIO lookup
[    2.134501] i2c i2c-0: No GPIO consumer scl found
[    2.134524] i2c i2c-0: using DT '/ocp/interconnect@44c00000/segment@200000/target-module@b000/i2c@0' for 'sda' GPIO lookup
[    2.134563] of_get_named_gpiod_flags: can't parse 'sda-gpios' property of node '/ocp/interconnect@44c00000/segment@200000/target-module@b000/i2c@0[0]'
[    2.134603] of_get_named_gpiod_flags: can't parse 'sda-gpio' property of node '/ocp/interconnect@44c00000/segment@200000/target-module@b000/i2c@0[0]'
[    2.134637] i2c i2c-0: using lookup tables for GPIO lookup
[    2.134647] i2c i2c-0: No GPIO consumer sda found
[    2.165873] tps65217-pmic: Failed to locate of_node [id: -1]
[    2.171921] tps65217-bl: Failed to locate of_node [id: -1]
[    2.182874] tps65217 0-0024: TPS65217 ID 0xe version 1.2
[    2.189014] /ocp/interconnect@48000000/segment@300000/target-module@e000/lcdc@0: Fixed dependency cycle(s) with /ocp/interconnect@44c00000/segment@200000/target-module@b000/i2c@0/tda19988@70
[    2.206349] /ocp/interconnect@44c00000/segment@200000/target-module@b000/i2c@0/tda19988@70: Fixed dependency cycle(s) with /ocp/interconnect@48000000/segment@300000/target-module@e000/lcdc@0
[    2.223693] omap_i2c 44e0b000.i2c: bus 0 rev0.11 at 400 kHz
[    2.231377] sdhci-omap 48060000.mmc: using DT '/ocp/interconnect@48000000/segment@0/target-module@60000/mmc@0' for 'cd' GPIO lookup
[    2.231475] of_get_named_gpiod_flags: parsed 'cd-gpios' property of node '/ocp/interconnect@48000000/segment@0/target-module@60000/mmc@0[0]' - status (0)
[    2.231598] gpio gpiochip3: Persistence not supported for GPIO 6
[    2.231623] omap_gpio 44e07000.gpio: Could not set line 6 debounce to 200000 microseconds (-22)
[    2.240491] sdhci-omap 48060000.mmc: Got CD GPIO
[    2.245166] sdhci-omap 48060000.mmc: using DT '/ocp/interconnect@48000000/segment@0/target-module@60000/mmc@0' for 'wp' GPIO lookup
[    2.245216] of_get_named_gpiod_flags: can't parse 'wp-gpios' property of node '/ocp/interconnect@48000000/segment@0/target-module@60000/mmc@0[0]'
[    2.245259] of_get_named_gpiod_flags: can't parse 'wp-gpio' property of node '/ocp/interconnect@48000000/segment@0/target-module@60000/mmc@0[0]'
[    2.245296] sdhci-omap 48060000.mmc: using lookup tables for GPIO lookup
[    2.245308] sdhci-omap 48060000.mmc: No GPIO consumer wp found
[    2.245505] sdhci-omap 48060000.mmc: supply pbias not found, using dummy regulator
[    2.254476] sdhci-omap 481d8000.mmc: using DT '/ocp/interconnect@48000000/segment@100000/target-module@d8000/mmc@0' for 'wp' GPIO lookup
[    2.254555] of_get_named_gpiod_flags: can't parse 'wp-gpios' property of node '/ocp/interconnect@48000000/segment@100000/target-module@d8000/mmc@0[0]'
[    2.254605] of_get_named_gpiod_flags: can't parse 'wp-gpio' property of node '/ocp/interconnect@48000000/segment@100000/target-module@d8000/mmc@0[0]'
[    2.254642] sdhci-omap 481d8000.mmc: using lookup tables for GPIO lookup
[    2.254654] sdhci-omap 481d8000.mmc: No GPIO consumer wp found
[    2.255643] sdhci-omap 48060000.mmc: supply vqmmc not found, using dummy regulator
[    2.264333] sdhci-omap 481d8000.mmc: supply pbias not found, using dummy regulator
[    2.273274] sdhci-omap 481d8000.mmc: supply vqmmc not found, using dummy regulator
[    2.312643] mmc1: SDHCI controller on 481d8000.mmc [481d8000.mmc] using External DMA
[    2.321622] mmc0: SDHCI controller on 48060000.mmc [48060000.mmc] using External DMA
[    2.330313] cpsw-switch 4a100000.switch: starting ndev. mode: dual_mac
[    2.395197] mmc1: new high speed MMC card at address 0001
[    2.402079] mmcblk1: mmc1:0001 MMC04G 3.60 GiB
[    2.409464]  mmcblk1: p1 p2
[    2.412968] mmc0: new high speed SDHC card at address aaaa
[    2.419998] mmcblk1boot0: mmc1:0001 MMC04G 2.00 MiB
[    2.426555] mmcblk0: mmc0:aaaa SE32G 29.7 GiB
[    2.434464] mmcblk1boot1: mmc1:0001 MMC04G 2.00 MiB
[    2.440633]  mmcblk0: p1 p2
[    2.445686] mmcblk1rpmb: mmc1:0001 MMC04G 128 KiB, chardev (250:0)
[    2.516110] SMSC LAN8710/LAN8720 4a101000.mdio:00: attached PHY driver (mii_bus:phy_addr=4a101000.mdio:00, irq=POLL)
[    5.685667] cpsw-switch 4a100000.switch eth0: Link is Up - 100Mbps/Full - flow control off
[    5.734965] IP-Config: Complete:
[    5.738232]      device=eth0, hwaddr=6c:ec:eb:68:de:78, ipaddr=192.168.255.1, mask=255.255.255.0, gw=255.255.255.255
[    5.748848]      host=bbb1, domain=, nis-domain=(none)
[    5.754012]      bootserver=192.168.255.126, rootserver=192.168.255.126, rootpath=
[    5.754437] clk: Disabling unused clocks
[    5.766290] KTAP version 1
[    5.769016] 1..0
[    5.791877] VFS: Mounted root (nfs filesystem) on device 0:16.
[    5.798843] devtmpfs: mounted
[    5.803461] Freeing unused kernel image (initmem) memory: 1024K
[    5.810316] Run /sbin/init as init process
[    5.814444]   with arguments:
[    5.814454]     /sbin/init
[    5.814463]     nfsrootdebug
[    5.814470]   with environment:
[    5.814477]     HOME=/
[    5.814485]     TERM=linux
[    6.483476] systemd[1]: System time before build time, advancing clock.
[    7.924941] random: crng init done
[    7.996043] systemd[1]: systemd 232 running in system mode. (+PAM +AUDIT +SELINUX +IMA +APPARMOR +SMACK +SYSVINIT +UTMP +LIBCRYPTSETUP +GCRYPT +GNUTLS +ACL +XZ +LZ4 +SECCOMP +BLKID +ELFUTILS +KMOD +IDN)
[    8.015184] systemd[1]: Detected architecture arm.
[    8.057895] systemd[1]: Set hostname to <arm>.
[    9.121114] systemd[1]: Reached target Remote File Systems.
[    9.155484] systemd[1]: Reached target Swap.
[    9.186430] systemd[1]: Created slice User and Session Slice.
[    9.226873] systemd[1]: Listening on Syslog Socket.
[    9.266631] systemd[1]: Set up automount Arbitrary Executable File Formats File System Automount Point.
[    9.305785] systemd[1]: Listening on Journal Socket.
[    9.345941] systemd[1]: Listening on Journal Audit Socket.
[   11.340108] systemd-journald[82]: Received request to flush runtime journal from PID 1
[   14.511977] leds-gpio leds: using DT '/leds/led2' for '(null)' GPIO lookup
[   14.512086] of_get_named_gpiod_flags: parsed 'gpios' property of node '/leds/led2[0]' - status (0)
[   14.512141] gpio gpiochip0: Persistence not supported for GPIO 21
[   14.512155] gpio-533 (?): no flags found for (null)
[   14.512436] leds-gpio leds: using DT '/leds/led3' for '(null)' GPIO lookup
[   14.512484] of_get_named_gpiod_flags: parsed 'gpios' property of node '/leds/led3[0]' - status (0)
[   14.512517] gpio gpiochip0: Persistence not supported for GPIO 22
[   14.512529] gpio-534 (?): no flags found for (null)
[   14.583591] leds-gpio leds: using DT '/leds/led4' for '(null)' GPIO lookup
[   14.583688] of_get_named_gpiod_flags: parsed 'gpios' property of node '/leds/led4[0]' - status (0)
[   14.583734] gpio gpiochip0: Persistence not supported for GPIO 23
[   14.583748] gpio-535 (?): no flags found for (null)
[   14.596799] leds-gpio leds: using DT '/leds/led5' for '(null)' GPIO lookup
[   14.597090] of_get_named_gpiod_flags: parsed 'gpios' property of node '/leds/led5[0]' - status (0)
[   14.597145] gpio gpiochip0: Persistence not supported for GPIO 24
[   14.597159] gpio-536 (?): no flags found for (null)
[   14.768230] remoteproc remoteproc0: wkup_m3 is available
[   15.051224] omap_rtc 44e3e000.rtc: registered as rtc0
[   15.056594] omap_rtc 44e3e000.rtc: setting system clock to 2000-01-01T00:00:00 UTC (946684800)
[   15.065356] omap_rtc 44e3e000.rtc: using DT '/ocp/interconnect@44c00000/segment@200000/target-module@3e000/rtc@0' for 'wp' GPIO lookup
[   15.065430] of_get_named_gpiod_flags: can't parse 'wp-gpios' property of node '/ocp/interconnect@44c00000/segment@200000/target-module@3e000/rtc@0[0]'
[   15.065480] of_get_named_gpiod_flags: can't parse 'wp-gpio' property of node '/ocp/interconnect@44c00000/segment@200000/target-module@3e000/rtc@0[0]'
[   15.065518] omap_rtc 44e3e000.rtc: using lookup tables for GPIO lookup
[   15.065530] omap_rtc 44e3e000.rtc: No GPIO consumer wp found
[   15.347926] at24 2-0054: supply vcc not found, using dummy regulator
[   15.524781] at24 2-0055: supply vcc not found, using dummy regulator
[   15.676172] at24 2-0056: supply vcc not found, using dummy regulator
[   15.780124] tps6521x_pwrbutton tps65217-pwrbutton: DMA mask not set
[   15.819820] at24 2-0057: supply vcc not found, using dummy regulator
[   15.851324] input: tps65217_pwrbutton as /devices/platform/ocp/44c00000.interconnect/44c00000.interconnect:segment@200000/44e0b000.target-module/44e0b000.i2c/i2c-0/0-0024/tps65217-pwrbutton/input/input0
[   15.939808] at24 0-0050: using DT '/ocp/interconnect@44c00000/segment@200000/target-module@b000/i2c@0/baseboard_eeprom@50' for 'wp' GPIO lookup
[   15.940029] of_get_named_gpiod_flags: can't parse 'wp-gpios' property of node '/ocp/interconnect@44c00000/segment@200000/target-module@b000/i2c@0/baseboard_eeprom@50[0]'
[   15.940147] of_get_named_gpiod_flags: can't parse 'wp-gpio' property of node '/ocp/interconnect@44c00000/segment@200000/target-module@b000/i2c@0/baseboard_eeprom@50[0]'
[   15.940238] at24 0-0050: using lookup tables for GPIO lookup
[   15.940254] at24 0-0050: No GPIO consumer wp found
[   15.940750] at24 0-0050: 32768 byte 24c256 EEPROM, writable, 1 bytes/write
[   16.225651] wkup_m3_ipc 44e11324.wkup_m3_ipc: IPC Request for A8->M3 Channel failed! -517
[   16.274743] wkup_m3_ipc 44e11324.wkup_m3_ipc: IPC Request for A8->M3 Channel failed! -517
[   16.421434] omap_wdt: OMAP Watchdog Timer Rev 0x01: initial timeout 60 sec
[   16.467370] wkup_m3_ipc 44e11324.wkup_m3_ipc: IPC Request for A8->M3 Channel failed! -517
[   16.712106] am335x-phy-driver 47401300.usb-phy: using DT '/ocp/target-module@47400000/usb-phy@1300' for 'reset' GPIO lookup
[   16.712253] of_get_named_gpiod_flags: can't parse 'reset-gpios' property of node '/ocp/target-module@47400000/usb-phy@1300[0]'
[   16.712352] of_get_named_gpiod_flags: can't parse 'reset-gpio' property of node '/ocp/target-module@47400000/usb-phy@1300[0]'
[   16.712440] am335x-phy-driver 47401300.usb-phy: using lookup tables for GPIO lookup
[   16.712455] am335x-phy-driver 47401300.usb-phy: No GPIO consumer reset found
[   16.712468] am335x-phy-driver 47401300.usb-phy: using DT '/ocp/target-module@47400000/usb-phy@1300' for 'vbus-detect' GPIO lookup
[   16.712561] of_get_named_gpiod_flags: can't parse 'vbus-detect-gpios' property of node '/ocp/target-module@47400000/usb-phy@1300[0]'
[   16.712598] of_get_named_gpiod_flags: can't parse 'vbus-detect-gpio' property of node '/ocp/target-module@47400000/usb-phy@1300[0]'
[   16.712664] am335x-phy-driver 47401300.usb-phy: using lookup tables for GPIO lookup
[   16.712676] am335x-phy-driver 47401300.usb-phy: No GPIO consumer vbus-detect found
[   16.712926] am335x-phy-driver 47401300.usb-phy: dummy supplies not allowed for exclusive requests
[   16.953119] usbcore: registered new interface driver usbfs
[   16.958907] usbcore: registered new interface driver hub
[   16.964365] usbcore: registered new device driver usb
[   17.467887] am335x-phy-driver 47401b00.usb-phy: using DT '/ocp/target-module@47400000/usb-phy@1b00' for 'reset' GPIO lookup
[   17.468097] of_get_named_gpiod_flags: can't parse 'reset-gpios' property of node '/ocp/target-module@47400000/usb-phy@1b00[0]'
[   17.468146] of_get_named_gpiod_flags: can't parse 'reset-gpio' property of node '/ocp/target-module@47400000/usb-phy@1b00[0]'
[   17.468237] am335x-phy-driver 47401b00.usb-phy: using lookup tables for GPIO lookup
[   17.468252] am335x-phy-driver 47401b00.usb-phy: No GPIO consumer reset found
[   17.468308] am335x-phy-driver 47401b00.usb-phy: using DT '/ocp/target-module@47400000/usb-phy@1b00' for 'vbus-detect' GPIO lookup
[   17.468345] of_get_named_gpiod_flags: can't parse 'vbus-detect-gpios' property of node '/ocp/target-module@47400000/usb-phy@1b00[0]'
[   17.468378] of_get_named_gpiod_flags: can't parse 'vbus-detect-gpio' property of node '/ocp/target-module@47400000/usb-phy@1b00[0]'
[   17.468472] am335x-phy-driver 47401b00.usb-phy: using lookup tables for GPIO lookup
[   17.468485] am335x-phy-driver 47401b00.usb-phy: No GPIO consumer vbus-detect found
[   17.468731] am335x-phy-driver 47401b00.usb-phy: dummy supplies not allowed for exclusive requests
[   17.483461] wkup_m3_ipc 44e11324.wkup_m3_ipc: IPC Request for A8->M3 Channel failed! -517
[   17.593152] wkup_m3_ipc 44e11324.wkup_m3_ipc: IPC Request for A8->M3 Channel failed! -517
[   17.845693] wkup_m3_ipc 44e11324.wkup_m3_ipc: IPC Request for A8->M3 Channel failed! -517
[   17.948208] musb-hdrc musb-hdrc.1: MUSB HDRC host driver
[   17.953623] musb-hdrc musb-hdrc.1: new USB bus registered, assigned bus number 1
[   17.962115] wkup_m3_ipc 44e11324.wkup_m3_ipc: IPC Request for A8->M3 Channel failed! -517
[   17.972807] tda998x 0-0070: found TDA19988
[   18.120915] wkup_m3_ipc 44e11324.wkup_m3_ipc: IPC Request for A8->M3 Channel failed! -517
[   18.195376] usb usb1: New USB device found, idVendor=1d6b, idProduct=0002, bcdDevice= 6.06
[   18.203735] usb usb1: New USB device strings: Mfr=3, Product=2, SerialNumber=1
[   18.211059] usb usb1: Product: MUSB HDRC host driver
[   18.216210] usb usb1: Manufacturer: Linux 6.6.109 musb-hcd
[   18.221729] usb usb1: SerialNumber: musb-hdrc.1
[   18.409364] hub 1-0:1.0: USB hub found
[   18.446739] hub 1-0:1.0: 1 port detected
[   18.501145] wkup_m3_ipc 44e11324.wkup_m3_ipc: IPC Request for A8->M3 Channel failed! -517
[   18.582517] omap-mailbox 480c8000.mailbox: omap mailbox rev 0x400
[   18.688300] remoteproc remoteproc0: powering up wkup_m3
[   18.815319] remoteproc remoteproc0: Direct firmware load for am335x-pm-firmware.elf failed with error -2
[   18.825022] remoteproc remoteproc0: request_firmware failed: -2
[   18.830980] wkup_m3_ipc 44e11324.wkup_m3_ipc: rproc_boot failed
[   20.836260] omap_rng 48310000.rng: Random Number Generator ver. 20
[   21.011327] tilcdc 4830e000.lcdc: bound 0-0070 (ops tda998x_audio_codec_init [tda998x])
[   21.154236] [drm] Initialized tilcdc 1.0.0 20121205 for 4830e000.lcdc on minor 0
[   21.255451] tilcdc 4830e000.lcdc: [drm] Cannot find any crtc or sizes
[   21.263482] tilcdc 4830e000.lcdc: [drm] Cannot find any crtc or sizes
[   22.118373] omap-sham 53100000.sham: hw accel on OMAP rev 4.3
[   22.235235] omap-sham 53100000.sham: will run requests pump with realtime priority
[   22.332314] PM: Cannot get wkup_m3_ipc handle
[   22.342880] omap-aes 53500000.aes: OMAP AES hw accel rev: 3.2
[   22.502857] omap-aes 53500000.aes: will run requests pump with realtime priority
[   22.512800] PM: Cannot get wkup_m3_ipc handle
[   22.935773] Bluetooth: Core ver 2.22
[   22.939574] NET: Registered PF_BLUETOOTH protocol family
[   22.945122] Bluetooth: HCI device and connection manager initialized
[   22.951539] Bluetooth: HCI socket layer initialized
[   22.956514] Bluetooth: L2CAP socket layer initialized
[   22.961627] Bluetooth: SCO socket layer initialized
[   26.003086] PM: Cannot get wkup_m3_ipc handle
[   26.009016] asoc-simple-card sound: using DT '/sound' for 'simple-audio-card,hp-det' GPIO lookup
[   26.009092] of_get_named_gpiod_flags: can't parse 'simple-audio-card,hp-det-gpios' property of node '/sound[0]'
[   26.009128] of_get_named_gpiod_flags: can't parse 'simple-audio-card,hp-det-gpio' property of node '/sound[0]'
[   26.009151] asoc-simple-card sound: using lookup tables for GPIO lookup
[   26.009164] asoc-simple-card sound: No GPIO consumer simple-audio-card,hp-det found
[   26.009177] asoc-simple-card sound: using DT '/sound' for 'simple-audio-card,mic-det' GPIO lookup
[   26.009199] of_get_named_gpiod_flags: can't parse 'simple-audio-card,mic-det-gpios' property of node '/sound[0]'
[   26.009224] of_get_named_gpiod_flags: can't parse 'simple-audio-card,mic-det-gpio' property of node '/sound[0]'
[   26.009242] asoc-simple-card sound: using lookup tables for GPIO lookup
[   26.009252] asoc-simple-card sound: No GPIO consumer simple-audio-card,mic-det found
[   26.122126] PM: Cannot get wkup_m3_ipc handle
[   28.036212] userial_init: registered 8 ttyGS* devices
[   28.216977] rndis_register: configNr = 0
[   28.281743] udc musb-hdrc.0: binding gadget driver [g_multi]
[   28.281843] configfs-gadget.g_multi gadget.0: adding 'rndis'/ee1dc53e to config 'c'/94541ab9
[   28.282976] configfs-gadget.g_multi gadget.0: HOST MAC 1c:ba:8c:a2:ed:6c
[   28.289975] configfs-gadget.g_multi gadget.0: MAC 1c:ba:8c:a2:ed:70
[   28.296622] rndis_set_param_medium: 0 0
[   28.296647] configfs-gadget.g_multi gadget.0: RNDIS: IN/ep1in OUT/ep1out NOTIFY/ep2in
[   28.296662] configfs-gadget.g_multi gadget.0: adding 'cdc_ethernet'/616358ef to config 'c'/94541ab9
[   28.297641] configfs-gadget.g_multi gadget.0: HOST MAC 1c:ba:8c:a2:ed:6c
[   28.304404] configfs-gadget.g_multi gadget.0: MAC 1c:ba:8c:a2:ed:6d
[   28.310825] configfs-gadget.g_multi gadget.0: CDC Ethernet: IN/ep3in OUT/ep2out NOTIFY/ep4in
[   28.310845] configfs-gadget.g_multi gadget.0: adding 'acm'/7bf64f7f to config 'c'/94541ab9
[   28.310878] configfs-gadget.g_multi gadget.0: acm ttyGS0: IN/ep5in OUT/ep3out NOTIFY/ep6in
[   28.311972] PM: Cannot get wkup_m3_ipc handle
[   29.512187] configfs-gadget.g_multi gadget.0: eth_open
[   30.443347] configfs-gadget.g_multi gadget.0: stop stats: rx/tx 0/0, errs 0/0
[   34.710179] gs_open: ttyGS0 (ea4c1f81,7f3f97ec)
[   34.710334] gs_close: ttyGS0 (ea4c1f81,7f3f97ec) ...
[   34.710357] gs_close: ttyGS0 (ea4c1f81,7f3f97ec) done!
[   34.724164] gs_open: ttyGS0 (b7f49b4b,294b6c27)
[   34.724304] gs_close: ttyGS0 (b7f49b4b,294b6c27) ...
[   34.724324] gs_close: ttyGS0 (b7f49b4b,294b6c27) done!
[   34.897712] gs_open: ttyGS0 (a0916ea5,8f2f340c)
[   34.897935] gs_close: ttyGS0 (a0916ea5,8f2f340c) ...
[   34.897959] gs_close: ttyGS0 (a0916ea5,8f2f340c) done!
[   34.898257] gs_open: ttyGS0 (a0916ea5,da76a832)
CWJVLOKEYG 0
root@arm:~# echo 'JLTK''ACPXMX'
JLTKACPXMX
root@arm:~# MARKER='VQYA''HWOWUO' run 'modprobe test_linear_ranges'
VQYAHWOWUOVQYAHWOWUO 0
root@arm:~# echo 'ONBC''FQXWZM'
ONBCFQXWZM
root@arm:~# MARKER='TFWB''SQTNYQ' run dmesg
TFWBSQTNYQ[    0.000000] Booting Linux on physical CPU 0x0
[    0.000000] Linux version 6.6.109 (user01@drvtest01) (arm-none-eabi-gcc (Arm GNU Toolchain 14.2.Rel1 (Build arm-14.52)) 14.2.1 20241119, GNU ld (Arm GNU Toolchain 14.2.Rel1 (Build arm-14.52)) 2.43.1.20241119) #1 SMP Thu Oct  2 17:38:11 EEST 2025
[    0.000000] CPU: ARMv7 Processor [413fc082] revision 2 (ARMv7), cr=10c5387d
[    0.000000] CPU: PIPT / VIPT nonaliasing data cache, VIPT aliasing instruction cache
[    0.000000] OF: fdt: Machine model: TI AM335x BeagleBone Black
[    0.000000] Memory policy: Data cache writeback
[    0.000000] cma: Reserved 16 MiB at 0x9e800000 on node -1
[    0.000000] Zone ranges:
[    0.000000]   Normal   [mem 0x0000000080000000-0x000000009fdfffff]
[    0.000000]   HighMem  empty
[    0.000000] Movable zone start for each node
[    0.000000] Early memory node ranges
[    0.000000]   node   0: [mem 0x0000000080000000-0x000000009fdfffff]
[    0.000000] Initmem setup node 0 [mem 0x0000000080000000-0x000000009fdfffff]
[    0.000000] CPU: All CPU(s) started in SVC mode.
[    0.000000] AM335X ES2.1 (sgx neon)
[    0.000000] percpu: Embedded 16 pages/cpu s36116 r8192 d21228 u65536
[    0.000000] pcpu-alloc: s36116 r8192 d21228 u65536 alloc=16*4096
[    0.000000] pcpu-alloc: [0] 0 
[    0.000000] Kernel command line: console=ttyO0,115200n8 root=/dev/nfs rw nfsroot=192.168.255.126:/home/user01/nfs,nfsvers=3 ip=192.168.255.1:192.168.255.126::255.255.255.0:bbb1:eth0 nfsrootdebug
[    0.000000] Unknown kernel command line parameters "nfsrootdebug", will be passed to user space.
[    0.000000] Dentry cache hash table entries: 65536 (order: 6, 262144 bytes, linear)
[    0.000000] Inode-cache hash table entries: 32768 (order: 5, 131072 bytes, linear)
[    0.000000] Built 1 zonelists, mobility grouping on.  Total pages: 129412
[    0.000000] mem auto-init: stack:off, heap alloc:off, heap free:off
[    0.000000] Memory: 483604K/522240K available (11264K kernel code, 1165K rwdata, 2704K rodata, 1024K init, 282K bss, 22252K reserved, 16384K cma-reserved, 0K highmem)
[    0.000000] SLUB: HWalign=64, Order=0-3, MinObjects=0, CPUs=1, Nodes=1
[    0.000000] rcu: Hierarchical RCU implementation.
[    0.000000] rcu: 	RCU event tracing is enabled.
[    0.000000] rcu: 	RCU restricting CPUs from NR_CPUS=2 to nr_cpu_ids=1.
[    0.000000] rcu: RCU calculated value of scheduler-enlistment delay is 10 jiffies.
[    0.000000] rcu: Adjusting geometry for rcu_fanout_leaf=16, nr_cpu_ids=1
[    0.000000] NR_IRQS: 16, nr_irqs: 16, preallocated irqs: 16
[    0.000000] IRQ: Found an INTC at 0x(ptrval) (revision 5.0) with 128 interrupts
[    0.000000] rcu: srcu_init: Setting srcu_struct sizes based on contention.
[    0.000000] TI gptimer clocksource: always-on /ocp/interconnect@44c00000/segment@200000/target-module@31000
[    0.000003] sched_clock: 32 bits at 24MHz, resolution 41ns, wraps every 89478484971ns
[    0.000027] clocksource: dmtimer: mask: 0xffffffff max_cycles: 0xffffffff, max_idle_ns: 79635851949 ns
[    0.000528] TI gptimer clockevent: 24000000 Hz at /ocp/interconnect@48000000/segment@0/target-module@40000
[    0.002092] Console: colour dummy device 80x30
[    0.002143] WARNING: Your 'console=ttyO0' has been replaced by 'ttyS0'
[    0.002151] This ensures that you still see kernel messages. Please
[    0.002156] update your kernel commandline.
[    0.002195] Calibrating delay loop... 996.14 BogoMIPS (lpj=4980736)
[    0.090577] CPU: Testing write buffer coherency: ok
[    0.090679] CPU0: Spectre v2: using BPIALL workaround
[    0.090691] pid_max: default: 32768 minimum: 301
[    0.090807] LSM: initializing lsm=capability,integrity
[    0.090972] Mount-cache hash table entries: 1024 (order: 0, 4096 bytes, linear)
[    0.090991] Mountpoint-cache hash table entries: 1024 (order: 0, 4096 bytes, linear)
[    0.092468] CPU0: thread -1, cpu 0, socket -1, mpidr 0
[    0.094051] Setting up static identity map for 0x80100000 - 0x80100078
[    0.094333] rcu: Hierarchical SRCU implementation.
[    0.094343] rcu: 	Max phase no-delay instances is 1000.
[    0.095713] smp: Bringing up secondary CPUs ...
[    0.095767] smp: Brought up 1 node, 1 CPU
[    0.095782] SMP: Total of 1 processors activated (996.14 BogoMIPS).
[    0.095793] CPU: All CPU(s) started in SVC mode.
[    0.096674] devtmpfs: initialized
[    0.113387] VFP support v0.3: implementor 41 architecture 3 part 30 variant c rev 3
[    0.113743] clocksource: jiffies: mask: 0xffffffff max_cycles: 0xffffffff, max_idle_ns: 19112604462750000 ns
[    0.113777] futex hash table entries: 256 (order: 2, 16384 bytes, linear)
[    0.115070] pinctrl core: initialized pinctrl subsystem
[    0.117217] NET: Registered PF_NETLINK/PF_ROUTE protocol family
[    0.119750] DMA: preallocated 256 KiB pool for atomic coherent allocations
[    0.120361] audit: initializing netlink subsys (disabled)
[    0.121895] thermal_sys: Registered thermal governor 'fair_share'
[    0.121916] thermal_sys: Registered thermal governor 'step_wise'
[    0.121922] thermal_sys: Registered thermal governor 'user_space'
[    0.122029] audit: type=2000 audit(0.120:1): state=initialized audit_enabled=0 res=1
[    0.122112] cpuidle: using governor menu
[    0.138415] /ocp/interconnect@44c00000/segment@200000/target-module@b000/i2c@0/tda19988@70: Fixed dependency cycle(s) with /ocp/interconnect@48000000/segment@300000/target-module@e000/lcdc@0
[    0.139480] /ocp/interconnect@48000000/segment@300000/target-module@e000/lcdc@0: Fixed dependency cycle(s) with /ocp/interconnect@44c00000/segment@200000/target-module@b000/i2c@0/tda19988@70
[    0.141748] No ATAGs?
[    0.141769] hw-breakpoint: debug architecture 0x4 unsupported.
[    0.144777] kprobes: kprobe jump-optimization is enabled. All kprobes are optimized if possible.
[    0.148097] iommu: Default domain type: Translated
[    0.148115] iommu: DMA domain TLB invalidation policy: strict mode
[    0.149540] SCSI subsystem initialized
[    0.161276] libata version 3.00 loaded.
[    0.161658] pps_core: LinuxPPS API ver. 1 registered
[    0.161670] pps_core: Software ver. 5.3.6 - Copyright 2005-2007 Rodolfo Giometti <giometti@linux.it>
[    0.161697] PTP clock support registered
[    0.163999] reg-fixed-voltage fixedregulator0: using DT '/fixedregulator0' for '(null)' GPIO lookup
[    0.164057] of_get_named_gpiod_flags: can't parse 'gpios' property of node '/fixedregulator0[0]'
[    0.164089] of_get_named_gpiod_flags: can't parse 'gpio' property of node '/fixedregulator0[0]'
[    0.164108] reg-fixed-voltage fixedregulator0: using lookup tables for GPIO lookup
[    0.164118] reg-fixed-voltage fixedregulator0: No GPIO consumer (null) found
[    0.164581] vgaarb: loaded
[    0.164927] clocksource: Switched to clocksource dmtimer
[    0.165533] VFS: Disk quotas dquot_6.6.0
[    0.165592] VFS: Dquot-cache hash table entries: 1024 (order 0, 4096 bytes)
[    0.191372] NET: Registered PF_INET protocol family
[    0.191711] IP idents hash table entries: 8192 (order: 4, 65536 bytes, linear)
[    0.193047] tcp_listen_portaddr_hash hash table entries: 512 (order: 0, 4096 bytes, linear)
[    0.193087] Table-perturb hash table entries: 65536 (order: 6, 262144 bytes, linear)
[    0.193106] TCP established hash table entries: 4096 (order: 2, 16384 bytes, linear)
[    0.193150] TCP bind hash table entries: 4096 (order: 4, 65536 bytes, linear)
[    0.193250] TCP: Hash tables configured (established 4096 bind 4096)
[    0.193382] UDP hash table entries: 256 (order: 1, 8192 bytes, linear)
[    0.193411] UDP-Lite hash table entries: 256 (order: 1, 8192 bytes, linear)
[    0.193582] NET: Registered PF_UNIX/PF_LOCAL protocol family
[    0.205756] RPC: Registered named UNIX socket transport module.
[    0.205778] RPC: Registered udp transport module.
[    0.205784] RPC: Registered tcp transport module.
[    0.205789] RPC: Registered tcp-with-tls transport module.
[    0.205794] RPC: Registered tcp NFSv4.1 backchannel transport module.
[    0.205821] PCI: CLS 0 bytes, default 64
[    0.207409] Initialise system trusted keyrings
[    0.208067] workingset: timestamp_bits=14 max_order=17 bucket_order=3
[    0.209624] NFS: Registering the id_resolver key type
[    0.209713] Key type id_resolver registered
[    0.209721] Key type id_legacy registered
[    0.209780] jffs2: version 2.2. (NAND) (SUMMARY)  Â© 2001-2006 Red Hat, Inc.
[    0.210180] Key type asymmetric registered
[    0.210196] Asymmetric key parser 'x509' registered
[    0.210272] io scheduler mq-deadline registered
[    0.210283] io scheduler kyber registered
[    0.210351] io scheduler bfq registered
[    0.215916] hw perfevents: enabled with armv7_cortex_a8 PMU driver, 5 counters available
[    0.224248] l3-aon-clkctrl:0000:0: failed to disable
[    0.235313] Serial: 8250/16550 driver, 6 ports, IRQ sharing enabled
[    0.273225] brd: module loaded
[    0.293238] loop: module loaded
[    0.294165] mtdoops: mtd device (mtddev=name/number) must be supplied
[    0.295854] mdio_bus fixed-0: using lookup tables for GPIO lookup
[    0.295879] mdio_bus fixed-0: No GPIO consumer reset found
[    0.297125] i2c_dev: i2c /dev entries driver
[    0.298110] cpuidle: enable-method property 'ti,am3352' found operations
[    0.298571] sdhci: Secure Digital Host Controller Interface driver
[    0.298583] sdhci: Copyright(c) Pierre Ossman
[    0.298773] sdhci-pltfm: SDHCI platform and OF driver helper
[    0.305082] ledtrig-cpu: registered to indicate activity on CPUs
[    0.305913] Initializing XFRM netlink socket
[    0.306041] NET: Registered PF_INET6 protocol family
[    0.307828] Segment Routing with IPv6
[    0.307900] In-situ OAM (IOAM) with IPv6
[    0.308004] sit: IPv6, IPv4 and MPLS over IPv4 tunneling driver
[    0.308960] NET: Registered PF_PACKET protocol family
[    0.308989] NET: Registered PF_KEY protocol family
[    0.309121] Key type dns_resolver registered
[    0.309342] ThumbEE CPU extension supported.
[    0.309364] Registering SWP/SWPB emulation handler
[    0.309874] omap_voltage_late_init: Voltage driver support not added
[    0.310516] SmartReflex Class3 initialized
[    0.348376] Loading compiled-in X.509 certificates
[    0.398670] /ocp/interconnect@44c00000/segment@200000/target-module@b000/i2c@0/tda19988@70: Fixed dependency cycle(s) with /ocp/interconnect@48000000/segment@300000/target-module@e000/lcdc@0
[    0.404759] /ocp/interconnect@44c00000/segment@200000/target-module@b000/i2c@0/tda19988@70: Fixed dependency cycle(s) with /ocp/interconnect@48000000/segment@300000/target-module@e000/lcdc@0
[    0.410275] gpiochip_find_base: found new base at 512
[    0.412736] /ocp/interconnect@44c00000/segment@200000/target-module@b000/i2c@0/tda19988@70: Fixed dependency cycle(s) with /ocp/interconnect@48000000/segment@300000/target-module@e000/lcdc@0
[    0.413586] /ocp/interconnect@44c00000/segment@200000/target-module@b000/i2c@0/tda19988@70: Fixed dependency cycle(s) with /ocp/interconnect@48000000/segment@300000/target-module@e000/lcdc@0
[    0.417094] /ocp/interconnect@44c00000/segment@200000/target-module@10000/scm@0/pinmux@800: Fixed dependency cycle(s) with /ocp/interconnect@44c00000/segment@200000/target-module@10000/scm@0/pinmux@800/clkout2-pins
[    0.417694] pinctrl-single 44e10800.pinmux: 142 pins, size 568
[    0.422708] ti-sysc: probe of 44e31000.target-module failed with error -16
[    0.449220] /ocp/interconnect@48000000/segment@300000/target-module@e000/lcdc@0: Fixed dependency cycle(s) with /ocp/interconnect@44c00000/segment@200000/target-module@b000/i2c@0/tda19988@70
[    0.457025] ti-sysc: probe of 48040000.target-module failed with error -16
[    0.468209] gpiochip_find_base: found new base at 512
[    0.468281] gpio gpiochip0: (gpio-0-31): created GPIO range 0->7 ==> 44e10800.pinmux PIN 0->7
[    0.468301] gpio gpiochip0: (gpio-0-31): created GPIO range 8->11 ==> 44e10800.pinmux PIN 90->93
[    0.468317] gpio gpiochip0: (gpio-0-31): created GPIO range 12->27 ==> 44e10800.pinmux PIN 12->27
[    0.468333] gpio gpiochip0: (gpio-0-31): created GPIO range 28->31 ==> 44e10800.pinmux PIN 30->33
[    0.489106] gpio gpiochip0: (gpio-0-31): added GPIO chardev (254:0)
[    0.489272] gpio gpiochip0: registered GPIOs 512 to 543 on gpio-0-31
[    0.489357] OMAP GPIO hardware version 0.1
[    0.534883] i2c i2c-2: using DT '/ocp/interconnect@48000000/segment@100000/target-module@9c000/i2c@0' for 'scl' GPIO lookup
[    0.535062] of_get_named_gpiod_flags: can't parse 'scl-gpios' property of node '/ocp/interconnect@48000000/segment@100000/target-module@9c000/i2c@0[0]'
[    0.535111] of_get_named_gpiod_flags: can't parse 'scl-gpio' property of node '/ocp/interconnect@48000000/segment@100000/target-module@9c000/i2c@0[0]'
[    0.535148] i2c i2c-2: using lookup tables for GPIO lookup
[    0.535159] i2c i2c-2: No GPIO consumer scl found
[    0.535181] i2c i2c-2: using DT '/ocp/interconnect@48000000/segment@100000/target-module@9c000/i2c@0' for 'sda' GPIO lookup
[    0.535217] of_get_named_gpiod_flags: can't parse 'sda-gpios' property of node '/ocp/interconnect@48000000/segment@100000/target-module@9c000/i2c@0[0]'
[    0.535255] of_get_named_gpiod_flags: can't parse 'sda-gpio' property of node '/ocp/interconnect@48000000/segment@100000/target-module@9c000/i2c@0[0]'
[    0.535286] i2c i2c-2: using lookup tables for GPIO lookup
[    0.535294] i2c i2c-2: No GPIO consumer sda found
[    0.536010] omap_i2c 4819c000.i2c: bus 2 rev0.11 at 100 kHz
[    0.541293] gpiochip_find_base: found new base at 544
[    0.541363] gpio gpiochip1: (gpio-32-63): created GPIO range 0->17 ==> 44e10800.pinmux PIN 34->51
[    0.541383] gpio gpiochip1: (gpio-32-63): created GPIO range 18->21 ==> 44e10800.pinmux PIN 77->80
[    0.541399] gpio gpiochip1: (gpio-32-63): created GPIO range 22->31 ==> 44e10800.pinmux PIN 56->65
[    0.542139] gpio gpiochip1: (gpio-32-63): added GPIO chardev (254:1)
[    0.542274] gpio gpiochip1: registered GPIOs 544 to 575 on gpio-32-63
[    0.544381] gpiochip_find_base: found new base at 576
[    0.544445] gpio gpiochip2: (gpio-64-95): created GPIO range 0->4 ==> 44e10800.pinmux PIN 66->70
[    0.544464] gpio gpiochip2: (gpio-64-95): created GPIO range 5->6 ==> 44e10800.pinmux PIN 98->99
[    0.544481] gpio gpiochip2: (gpio-64-95): created GPIO range 7->8 ==> 44e10800.pinmux PIN 75->76
[    0.544497] gpio gpiochip2: (gpio-64-95): created GPIO range 13->13 ==> 44e10800.pinmux PIN 141->141
[    0.544513] gpio gpiochip2: (gpio-64-95): created GPIO range 14->21 ==> 44e10800.pinmux PIN 100->107
[    0.545251] gpio gpiochip2: (gpio-64-95): added GPIO chardev (254:2)
[    0.545384] gpio gpiochip2: registered GPIOs 576 to 607 on gpio-64-95
[    0.551584] /ocp/interconnect@48000000/segment@300000/target-module@e000/lcdc@0: Fixed dependency cycle(s) with /ocp/interconnect@44c00000/segment@200000/target-module@b000/i2c@0/tda19988@70
[    0.554249] /ocp/interconnect@48000000/segment@300000/target-module@e000/lcdc@0: Fixed dependency cycle(s) with /ocp/interconnect@44c00000/segment@200000/target-module@b000/i2c@0/tda19988@70
[    0.555161] /ocp/interconnect@44c00000/segment@200000/target-module@b000/i2c@0/tda19988@70: Fixed dependency cycle(s) with /ocp/interconnect@48000000/segment@300000/target-module@e000/lcdc@0
[    0.555348] /ocp/interconnect@48000000/segment@300000/target-module@e000/lcdc@0: Fixed dependency cycle(s) with /ocp/interconnect@44c00000/segment@200000/target-module@b000/i2c@0/tda19988@70
[    0.564547] mdio_bus 4a101000.mdio: using DT '/ocp/interconnect@4a000000/segment@0/target-module@100000/switch@0/mdio@1000' for 'reset' GPIO lookup
[    0.564620] of_get_named_gpiod_flags: can't parse 'reset-gpios' property of node '/ocp/interconnect@4a000000/segment@0/target-module@100000/switch@0/mdio@1000[0]'
[    0.564667] of_get_named_gpiod_flags: can't parse 'reset-gpio' property of node '/ocp/interconnect@4a000000/segment@0/target-module@100000/switch@0/mdio@1000[0]'
[    0.564716] mdio_bus 4a101000.mdio: using lookup tables for GPIO lookup
[    0.564727] mdio_bus 4a101000.mdio: No GPIO consumer reset found
[    0.565798] sdhci-omap 481d8000.mmc: using DT '/ocp/interconnect@48000000/segment@100000/target-module@d8000/mmc@0' for 'wp' GPIO lookup
[    0.565862] of_get_named_gpiod_flags: can't parse 'wp-gpios' property of node '/ocp/interconnect@48000000/segment@100000/target-module@d8000/mmc@0[0]'
[    0.565906] of_get_named_gpiod_flags: can't parse 'wp-gpio' property of node '/ocp/interconnect@48000000/segment@100000/target-module@d8000/mmc@0[0]'
[    0.565940] sdhci-omap 481d8000.mmc: using lookup tables for GPIO lookup
[    0.565949] sdhci-omap 481d8000.mmc: No GPIO consumer wp found
[    0.566138] sdhci-omap 481d8000.mmc: supply pbias not found, using dummy regulator
[    0.568214] sdhci-omap 481d8000.mmc: supply vqmmc not found, using dummy regulator
[    0.635428] davinci_mdio 4a101000.mdio: davinci mdio revision 1.6, bus freq 1000000
[    0.649115] mdio_bus 4a101000.mdio:00: using DT '/ocp/interconnect@4a000000/segment@0/target-module@100000/switch@0/mdio@1000/ethernet-phy@0' for 'reset' GPIO lookup
[    0.649220] of_get_named_gpiod_flags: parsed 'reset-gpios' property of node '/ocp/interconnect@4a000000/segment@0/target-module@100000/switch@0/mdio@1000/ethernet-phy@0[0]' - status (0)
[    0.649384] gpio gpiochip0: Persistence not supported for GPIO 8
[    0.829354] davinci_mdio 4a101000.mdio: phy[0]: device 4a101000.mdio:00, driver SMSC LAN8710/LAN8720
[    0.829981] cpsw-switch 4a100000.switch: initialized cpsw ale version 1.4
[    0.830002] cpsw-switch 4a100000.switch: ALE Table size 1024
[    0.830144] cpsw-switch 4a100000.switch: cpts: overflow check period 500 (jiffies)
[    0.830160] cpsw-switch 4a100000.switch: CPTS: ref_clk_freq:250000000 calc_mult:2147483648 calc_shift:29 error:0 nsec/sec
[    0.830253] cpsw-switch 4a100000.switch: Detected MACID = 6c:ec:eb:68:de:78
[    0.832113] cpsw-switch 4a100000.switch: initialized (regs 0x4a100000, pool size 256) hw_ver:0019010C 1.12 (0)
[    0.842887] debugfs: Directory '49000000.dma' with parent 'dmaengine' already present!
[    0.842930] edma 49000000.dma: TI EDMA DMA engine driver
[    0.883006] gpio-clk clk_mcasp0: using DT '/clk_mcasp0' for 'enable' GPIO lookup
[    0.883082] of_get_named_gpiod_flags: parsed 'enable-gpios' property of node '/clk_mcasp0[0]' - status (0)
[    0.883122] gpio gpiochip0: Persistence not supported for GPIO 27
[    0.883976] gpiochip_find_base: found new base at 608
[    0.884041] gpio gpiochip3: (gpio-96-127): created GPIO range 0->7 ==> 44e10800.pinmux PIN 82->89
[    0.884061] gpio gpiochip3: (gpio-96-127): created GPIO range 8->11 ==> 44e10800.pinmux PIN 52->55
[    0.884076] gpio gpiochip3: (gpio-96-127): created GPIO range 12->15 ==> 44e10800.pinmux PIN 94->97
[    0.884092] gpio gpiochip3: (gpio-96-127): created GPIO range 16->17 ==> 44e10800.pinmux PIN 71->72
[    0.884108] gpio gpiochip3: (gpio-96-127): created GPIO range 18->18 ==> 44e10800.pinmux PIN 135->135
[    0.884125] gpio gpiochip3: (gpio-96-127): created GPIO range 19->20 ==> 44e10800.pinmux PIN 108->109
[    0.884142] gpio gpiochip3: (gpio-96-127): created GPIO range 21->21 ==> 44e10800.pinmux PIN 73->73
[    0.884159] gpio gpiochip3: (gpio-96-127): created GPIO range 22->23 ==> 44e10800.pinmux PIN 8->9
[    0.884177] gpio gpiochip3: (gpio-96-127): created GPIO range 26->27 ==> 44e10800.pinmux PIN 10->11
[    0.884195] gpio gpiochip3: (gpio-96-127): created GPIO range 28->28 ==> 44e10800.pinmux PIN 74->74
[    0.884213] gpio gpiochip3: (gpio-96-127): created GPIO range 29->29 ==> 44e10800.pinmux PIN 81->81
[    0.884231] gpio gpiochip3: (gpio-96-127): created GPIO range 30->31 ==> 44e10800.pinmux PIN 28->29
[    0.896815] gpio gpiochip3: (gpio-96-127): added GPIO chardev (254:3)
[    0.896976] gpio gpiochip3: registered GPIOs 608 to 639 on gpio-96-127
[    0.898919] omap8250 44e09000.serial: using DT '/ocp/interconnect@44c00000/segment@200000/target-module@9000/serial@0' for 'rs485-term' GPIO lookup
[    0.898993] of_get_named_gpiod_flags: can't parse 'rs485-term-gpios' property of node '/ocp/interconnect@44c00000/segment@200000/target-module@9000/serial@0[0]'
[    0.899038] of_get_named_gpiod_flags: can't parse 'rs485-term-gpio' property of node '/ocp/interconnect@44c00000/segment@200000/target-module@9000/serial@0[0]'
[    0.899074] omap8250 44e09000.serial: using lookup tables for GPIO lookup
[    0.899085] omap8250 44e09000.serial: No GPIO consumer rs485-term found
[    0.899096] omap8250 44e09000.serial: using DT '/ocp/interconnect@44c00000/segment@200000/target-module@9000/serial@0' for 'rs485-rx-during-tx' GPIO lookup
[    0.899132] of_get_named_gpiod_flags: can't parse 'rs485-rx-during-tx-gpios' property of node '/ocp/interconnect@44c00000/segment@200000/target-module@9000/serial@0[0]'
[    0.899170] of_get_named_gpiod_flags: can't parse 'rs485-rx-during-tx-gpio' property of node '/ocp/interconnect@44c00000/segment@200000/target-module@9000/serial@0[0]'
[    0.899201] omap8250 44e09000.serial: using lookup tables for GPIO lookup
[    0.899210] omap8250 44e09000.serial: No GPIO consumer rs485-rx-during-tx found
[    0.899586] 44e09000.serial: ttyS0 at MMIO 0x44e09000 (irq = 34, base_baud = 3000000) is a 8250
[    0.899671] printk: console [ttyS0] enabled
[    2.134320] i2c i2c-0: using DT '/ocp/interconnect@44c00000/segment@200000/target-module@b000/i2c@0' for 'scl' GPIO lookup
[    2.134405] of_get_named_gpiod_flags: can't parse 'scl-gpios' property of node '/ocp/interconnect@44c00000/segment@200000/target-module@b000/i2c@0[0]'
[    2.134450] of_get_named_gpiod_flags: can't parse 'scl-gpio' property of node '/ocp/interconnect@44c00000/segment@200000/target-module@b000/i2c@0[0]'
[    2.134489] i2c i2c-0: using lookup tables for GPIO lookup
[    2.134501] i2c i2c-0: No GPIO consumer scl found
[    2.134524] i2c i2c-0: using DT '/ocp/interconnect@44c00000/segment@200000/target-module@b000/i2c@0' for 'sda' GPIO lookup
[    2.134563] of_get_named_gpiod_flags: can't parse 'sda-gpios' property of node '/ocp/interconnect@44c00000/segment@200000/target-module@b000/i2c@0[0]'
[    2.134603] of_get_named_gpiod_flags: can't parse 'sda-gpio' property of node '/ocp/interconnect@44c00000/segment@200000/target-module@b000/i2c@0[0]'
[    2.134637] i2c i2c-0: using lookup tables for GPIO lookup
[    2.134647] i2c i2c-0: No GPIO consumer sda found
[    2.165873] tps65217-pmic: Failed to locate of_node [id: -1]
[    2.171921] tps65217-bl: Failed to locate of_node [id: -1]
[    2.182874] tps65217 0-0024: TPS65217 ID 0xe version 1.2
[    2.189014] /ocp/interconnect@48000000/segment@300000/target-module@e000/lcdc@0: Fixed dependency cycle(s) with /ocp/interconnect@44c00000/segment@200000/target-module@b000/i2c@0/tda19988@70
[    2.206349] /ocp/interconnect@44c00000/segment@200000/target-module@b000/i2c@0/tda19988@70: Fixed dependency cycle(s) with /ocp/interconnect@48000000/segment@300000/target-module@e000/lcdc@0
[    2.223693] omap_i2c 44e0b000.i2c: bus 0 rev0.11 at 400 kHz
[    2.231377] sdhci-omap 48060000.mmc: using DT '/ocp/interconnect@48000000/segment@0/target-module@60000/mmc@0' for 'cd' GPIO lookup
[    2.231475] of_get_named_gpiod_flags: parsed 'cd-gpios' property of node '/ocp/interconnect@48000000/segment@0/target-module@60000/mmc@0[0]' - status (0)
[    2.231598] gpio gpiochip3: Persistence not supported for GPIO 6
[    2.231623] omap_gpio 44e07000.gpio: Could not set line 6 debounce to 200000 microseconds (-22)
[    2.240491] sdhci-omap 48060000.mmc: Got CD GPIO
[    2.245166] sdhci-omap 48060000.mmc: using DT '/ocp/interconnect@48000000/segment@0/target-module@60000/mmc@0' for 'wp' GPIO lookup
[    2.245216] of_get_named_gpiod_flags: can't parse 'wp-gpios' property of node '/ocp/interconnect@48000000/segment@0/target-module@60000/mmc@0[0]'
[    2.245259] of_get_named_gpiod_flags: can't parse 'wp-gpio' property of node '/ocp/interconnect@48000000/segment@0/target-module@60000/mmc@0[0]'
[    2.245296] sdhci-omap 48060000.mmc: using lookup tables for GPIO lookup
[    2.245308] sdhci-omap 48060000.mmc: No GPIO consumer wp found
[    2.245505] sdhci-omap 48060000.mmc: supply pbias not found, using dummy regulator
[    2.254476] sdhci-omap 481d8000.mmc: using DT '/ocp/interconnect@48000000/segment@100000/target-module@d8000/mmc@0' for 'wp' GPIO lookup
[    2.254555] of_get_named_gpiod_flags: can't parse 'wp-gpios' property of node '/ocp/interconnect@48000000/segment@100000/target-module@d8000/mmc@0[0]'
[    2.254605] of_get_named_gpiod_flags: can't parse 'wp-gpio' property of node '/ocp/interconnect@48000000/segment@100000/target-module@d8000/mmc@0[0]'
[    2.254642] sdhci-omap 481d8000.mmc: using lookup tables for GPIO lookup
[    2.254654] sdhci-omap 481d8000.mmc: No GPIO consumer wp found
[    2.255643] sdhci-omap 48060000.mmc: supply vqmmc not found, using dummy regulator
[    2.264333] sdhci-omap 481d8000.mmc: supply pbias not found, using dummy regulator
[    2.273274] sdhci-omap 481d8000.mmc: supply vqmmc not found, using dummy regulator
[    2.312643] mmc1: SDHCI controller on 481d8000.mmc [481d8000.mmc] using External DMA
[    2.321622] mmc0: SDHCI controller on 48060000.mmc [48060000.mmc] using External DMA
[    2.330313] cpsw-switch 4a100000.switch: starting ndev. mode: dual_mac
[    2.395197] mmc1: new high speed MMC card at address 0001
[    2.402079] mmcblk1: mmc1:0001 MMC04G 3.60 GiB
[    2.409464]  mmcblk1: p1 p2
[    2.412968] mmc0: new high speed SDHC card at address aaaa
[    2.419998] mmcblk1boot0: mmc1:0001 MMC04G 2.00 MiB
[    2.426555] mmcblk0: mmc0:aaaa SE32G 29.7 GiB
[    2.434464] mmcblk1boot1: mmc1:0001 MMC04G 2.00 MiB
[    2.440633]  mmcblk0: p1 p2
[    2.445686] mmcblk1rpmb: mmc1:0001 MMC04G 128 KiB, chardev (250:0)
[    2.516110] SMSC LAN8710/LAN8720 4a101000.mdio:00: attached PHY driver (mii_bus:phy_addr=4a101000.mdio:00, irq=POLL)
[    5.685667] cpsw-switch 4a100000.switch eth0: Link is Up - 100Mbps/Full - flow control off
[    5.734965] IP-Config: Complete:
[    5.738232]      device=eth0, hwaddr=6c:ec:eb:68:de:78, ipaddr=192.168.255.1, mask=255.255.255.0, gw=255.255.255.255
[    5.748848]      host=bbb1, domain=, nis-domain=(none)
[    5.754012]      bootserver=192.168.255.126, rootserver=192.168.255.126, rootpath=
[    5.754437] clk: Disabling unused clocks
[    5.766290] KTAP version 1
[    5.769016] 1..0
[    5.791877] VFS: Mounted root (nfs filesystem) on device 0:16.
[    5.798843] devtmpfs: mounted
[    5.803461] Freeing unused kernel image (initmem) memory: 1024K
[    5.810316] Run /sbin/init as init process
[    5.814444]   with arguments:
[    5.814454]     /sbin/init
[    5.814463]     nfsrootdebug
[    5.814470]   with environment:
[    5.814477]     HOME=/
[    5.814485]     TERM=linux
[    6.483476] systemd[1]: System time before build time, advancing clock.
[    7.924941] random: crng init done
[    7.996043] systemd[1]: systemd 232 running in system mode. (+PAM +AUDIT +SELINUX +IMA +APPARMOR +SMACK +SYSVINIT +UTMP +LIBCRYPTSETUP +GCRYPT +GNUTLS +ACL +XZ +LZ4 +SECCOMP +BLKID +ELFUTILS +KMOD +IDN)
[    8.015184] systemd[1]: Detected architecture arm.
[    8.057895] systemd[1]: Set hostname to <arm>.
[    9.121114] systemd[1]: Reached target Remote File Systems.
[    9.155484] systemd[1]: Reached target Swap.
[    9.186430] systemd[1]: Created slice User and Session Slice.
[    9.226873] systemd[1]: Listening on Syslog Socket.
[    9.266631] systemd[1]: Set up automount Arbitrary Executable File Formats File System Automount Point.
[    9.305785] systemd[1]: Listening on Journal Socket.
[    9.345941] systemd[1]: Listening on Journal Audit Socket.
[   11.340108] systemd-journald[82]: Received request to flush runtime journal from PID 1
[   14.511977] leds-gpio leds: using DT '/leds/led2' for '(null)' GPIO lookup
[   14.512086] of_get_named_gpiod_flags: parsed 'gpios' property of node '/leds/led2[0]' - status (0)
[   14.512141] gpio gpiochip0: Persistence not supported for GPIO 21
[   14.512155] gpio-533 (?): no flags found for (null)
[   14.512436] leds-gpio leds: using DT '/leds/led3' for '(null)' GPIO lookup
[   14.512484] of_get_named_gpiod_flags: parsed 'gpios' property of node '/leds/led3[0]' - status (0)
[   14.512517] gpio gpiochip0: Persistence not supported for GPIO 22
[   14.512529] gpio-534 (?): no flags found for (null)
[   14.583591] leds-gpio leds: using DT '/leds/led4' for '(null)' GPIO lookup
[   14.583688] of_get_named_gpiod_flags: parsed 'gpios' property of node '/leds/led4[0]' - status (0)
[   14.583734] gpio gpiochip0: Persistence not supported for GPIO 23
[   14.583748] gpio-535 (?): no flags found for (null)
[   14.596799] leds-gpio leds: using DT '/leds/led5' for '(null)' GPIO lookup
[   14.597090] of_get_named_gpiod_flags: parsed 'gpios' property of node '/leds/led5[0]' - status (0)
[   14.597145] gpio gpiochip0: Persistence not supported for GPIO 24
[   14.597159] gpio-536 (?): no flags found for (null)
[   14.768230] remoteproc remoteproc0: wkup_m3 is available
[   15.051224] omap_rtc 44e3e000.rtc: registered as rtc0
