Labgrid Console Logfile for main
Logfile started at 2025-08-14 07:02:48.429226
=== Log starts here ===
reading args
spl_load_image_fat_os: error reading image args, err - -1
reading u-boot.img
reading u-boot.img


U-Boot 2014.04-00014-g47880f5 (Apr 22 2014 - 13:23:54)

I2C:   ready
DRAM:  512 MiB
NAND:  0 MiB
MMC:   OMAP SD/MMC: 0, OMAP SD/MMC: 1
*** Warning - readenv() failed, using default environment

Net:   <ethaddr> not set. Validating first E-fuse MAC
cpsw, usb_ether
Hit any key to stop autoboot:  1  0 
gpio: pin 53 (gpio 53) value is 1
mmc0 is current device
gpio: pin 54 (gpio 54) value is 1
SD/MMC found on device 0
reading uEnv.txt
569 bytes read in 4 ms (138.7 KiB/s)
gpio: pin 55 (gpio 55) value is 1
Loaded environment from uEnv.txt
Importing environment from mmc ...
Checking if uenvcmd is set ...
gpio: pin 56 (gpio 56) value is 1
Running uenvcmd ...
cpsw Waiting for PHY auto negotiation to complete. done
link up on port 0, speed 100, full duplex
Using cpsw device
TFTP from server 192.168.255.126; our IP address is 192.168.255.1
Filename 'zImage'.
Load address: 0x81000000
Loading: *#################################################################
	 #################################################################
	 #################################################################
	 #################################################################
	 #################################################################
	 ############################################################
	 2.4 MiB/s
done
Bytes transferred = 5647784 (562da8 hex)
link up on port 0, speed 100, full duplex
Using cpsw device
TFTP from server 192.168.255.126; our IP address is 192.168.255.1
Filename 'am335x-boneblack.dtb'.
Load address: 0x82000000
Loading: *#######
	 2.4 MiB/s
done
Bytes transferred = 98244 (17fc4 hex)
Kernel image @ 0x81000000 [ 0x000000 - 0x562da8 ]
## Flattened Device Tree blob at 82000000
   Booting using the fdt blob at 0x82000000
   Using Device Tree in place at 82000000, end 8201afc3

Starting kernel ...

[    0.000000] Booting Linux on physical CPU 0x0
[    0.000000] Linux version 6.17.0-rc1-next-20250814 (user01@drvtest01) (arm-none-eabi-gcc (Arm GNU Toolchain 14.2.Rel1 (Build arm-14.52)) 14.2.1 20241119, GNU ld (Arm GNU Toolchain 14.2.Rel1 (Build arm-14.52)) 2.43.1.20241119) #1 SMP Thu Aug 14 06:59:41 EEST 2025
[    0.000000] CPU: ARMv7 Processor [413fc082] revision 2 (ARMv7), cr=10c5387d
[    0.000000] CPU: PIPT / VIPT nonaliasing data cache, VIPT aliasing instruction cache
[    0.000000] OF: fdt: Machine model: TI AM335x BeagleBone Black
[    0.000000] Memory policy: Data cache writeback
[    0.000000] cma: Reserved 16 MiB at 0x9e800000
[    0.000000] Zone ranges:
[    0.000000]   Normal   [mem 0x0000000080000000-0x000000009fdfffff]
[    0.000000]   HighMem  empty
[    0.000000] Movable zone start for each node
[    0.000000] Early memory node ranges
[    0.000000]   node   0: [mem 0x0000000080000000-0x000000009fdfffff]
[    0.000000] Initmem setup node 0 [mem 0x0000000080000000-0x000000009fdfffff]
[    0.000000] On node 0, zone Normal: 512 pages in unavailable ranges
[    0.000000] OF: reserved mem: Reserved memory: No reserved-memory node in the DT
[    0.000000] CPU: All CPU(s) started in SVC mode.
[    0.000000] AM335X ES2.1 (sgx neon)
[    0.000000] percpu: Embedded 17 pages/cpu s39820 r8192 d21620 u69632
[    0.000000] Kernel command line: console=ttyO0,115200n8 root=/dev/nfs rw nfsroot=192.168.255.126:/home/user01/nfs,nfsvers=3 ip=192.168.255.1:192.168.255.126::255.255.255.0:bbb1:eth0 nfsrootdebug
[    0.000000] Unknown kernel command line parameters "nfsrootdebug", will be passed to user space.
[    0.000000] printk: log buffer data + meta data: 65536 + 204800 = 270336 bytes
[    0.000000] Dentry cache hash table entries: 65536 (order: 6, 262144 bytes, linear)
[    0.000000] Inode-cache hash table entries: 32768 (order: 5, 131072 bytes, linear)
[    0.000000] Built 1 zonelists, mobility grouping on.  Total pages: 130560
[    0.000000] mem auto-init: stack:off, heap alloc:off, heap free:off
[    0.000000] SLUB: HWalign=16, Order=0-3, MinObjects=0, CPUs=1, Nodes=1
[    0.000000] rcu: Hierarchical RCU implementation.
[    0.000000] rcu: 	RCU event tracing is enabled.
[    0.000000] rcu: 	RCU restricting CPUs from NR_CPUS=2 to nr_cpu_ids=1.
[    0.000000] 	Tracing variant of Tasks RCU enabled.
[    0.000000] rcu: RCU calculated value of scheduler-enlistment delay is 10 jiffies.
[    0.000000] rcu: Adjusting geometry for rcu_fanout_leaf=16, nr_cpu_ids=1
[    0.000000] RCU Tasks Trace: Setting shift to 0 and lim to 1 rcu_task_cb_adjust=1 rcu_task_cpu_ids=1.
[    0.000000] NR_IRQS: 16, nr_irqs: 16, preallocated irqs: 16
[    0.000000] IRQ: Found an INTC at 0x(ptrval) (revision 5.0) with 128 interrupts
[    0.000000] rcu: srcu_init: Setting srcu_struct sizes based on contention.
[    0.000000] TI gptimer clocksource: always-on /ocp/interconnect@44c00000/segment@200000/target-module@31000
[    0.000002] sched_clock: 32 bits at 24MHz, resolution 41ns, wraps every 89478484971ns
[    0.000025] clocksource: dmtimer: mask: 0xffffffff max_cycles: 0xffffffff, max_idle_ns: 79635851949 ns
[    0.000520] TI gptimer clockevent: 24000000 Hz at /ocp/interconnect@48000000/segment@0/target-module@40000
[    0.002100] Console: colour dummy device 80x30
[    0.002170] WARNING: Your 'console=ttyO0' has been replaced by 'ttyS0'
[    0.002177] This ensures that you still see kernel messages. Please
[    0.002182] update your kernel commandline.
[    0.002225] Calibrating delay loop... 996.14 BogoMIPS (lpj=4980736)
[    0.090636] CPU: Testing write buffer coherency: ok
[    0.090722] CPU0: Spectre v2: using BPIALL workaround
[    0.090731] pid_max: default: 32768 minimum: 301
[    0.090885] LSM: initializing lsm=capability
[    0.091045] Mount-cache hash table entries: 1024 (order: 0, 4096 bytes, linear)
[    0.091063] Mountpoint-cache hash table entries: 1024 (order: 0, 4096 bytes, linear)
[    0.092637] CPU0: thread -1, cpu 0, socket -1, mpidr 0
[    0.092697] cacheinfo: Unable to detect cache hierarchy for CPU 0
[    0.094690] Setting up static identity map for 0x80100000 - 0x80100078
[    0.095033] rcu: Hierarchical SRCU implementation.
[    0.095045] rcu: 	Max phase no-delay instances is 1000.
[    0.096728] smp: Bringing up secondary CPUs ...
[    0.096784] smp: Brought up 1 node, 1 CPU
[    0.096797] SMP: Total of 1 processors activated (996.14 BogoMIPS).
[    0.096808] CPU: All CPU(s) started in SVC mode.
[    0.097006] Memory: 480856K/522240K available (11264K kernel code, 1219K rwdata, 2936K rodata, 1024K init, 253K bss, 23352K reserved, 16384K cma-reserved, 0K highmem)
[    0.097827] devtmpfs: initialized
[    0.114804] VFP support v0.3: implementor 41 architecture 3 part 30 variant c rev 3
[    0.115451] clocksource: jiffies: mask: 0xffffffff max_cycles: 0xffffffff, max_idle_ns: 19112604462750000 ns
[    0.115508] posixtimers hash table entries: 512 (order: 0, 4096 bytes, linear)
[    0.115534] futex hash table entries: 256 (16384 bytes on 1 NUMA nodes, total 16 KiB, linear).
[    0.116651] pinctrl core: initialized pinctrl subsystem
[    0.118776] NET: Registered PF_NETLINK/PF_ROUTE protocol family
[    0.121832] DMA: preallocated 256 KiB pool for atomic coherent allocations
[    0.122430] audit: initializing netlink subsys (disabled)
[    0.123743] thermal_sys: Registered thermal governor 'fair_share'
[    0.123758] thermal_sys: Registered thermal governor 'step_wise'
[    0.123769] thermal_sys: Registered thermal governor 'user_space'
[    0.123877] audit: type=2000 audit(0.120:1): state=initialized audit_enabled=0 res=1
[    0.123947] cpuidle: using governor menu
[    0.142078] /ocp/interconnect@44c00000/segment@200000/target-module@b000/i2c@0/tda19988@70: Fixed dependency cycle(s) with /ocp/interconnect@48000000/segment@300000/target-module@e000/lcdc@0
[    0.143197] /ocp/interconnect@48000000/segment@300000/target-module@e000/lcdc@0: Fixed dependency cycle(s) with /ocp/interconnect@44c00000/segment@200000/target-module@b000/i2c@0/tda19988@70
[    0.145420] No ATAGs?
[    0.145464] hw-breakpoint: debug architecture 0x4 unsupported.
[    0.148560] kprobes: kprobe jump-optimization is enabled. All kprobes are optimized if possible.
[    0.154256] iommu: Default domain type: Translated
[    0.154279] iommu: DMA domain TLB invalidation policy: strict mode
[    0.161373] SCSI subsystem initialized
[    0.162233] pps_core: LinuxPPS API ver. 1 registered
[    0.162244] pps_core: Software ver. 5.3.6 - Copyright 2005-2007 Rodolfo Giometti <giometti@linux.it>
[    0.162267] PTP clock support registered
[    0.171483] vgaarb: loaded
[    0.171866] clocksource: Switched to clocksource dmtimer
[    0.172539] VFS: Disk quotas dquot_6.6.0
[    0.172596] VFS: Dquot-cache hash table entries: 1024 (order 0, 4096 bytes)
[    0.197838] NET: Registered PF_INET protocol family
[    0.198172] IP idents hash table entries: 8192 (order: 4, 65536 bytes, linear)
[    0.199596] tcp_listen_portaddr_hash hash table entries: 512 (order: 0, 4096 bytes, linear)
[    0.199637] Table-perturb hash table entries: 65536 (order: 6, 262144 bytes, linear)
[    0.199655] TCP established hash table entries: 4096 (order: 2, 16384 bytes, linear)
[    0.199701] TCP bind hash table entries: 4096 (order: 4, 65536 bytes, linear)
[    0.199801] TCP: Hash tables configured (established 4096 bind 4096)
[    0.199922] UDP hash table entries: 256 (order: 1, 14336 bytes, linear)
[    0.199958] UDP-Lite hash table entries: 256 (order: 1, 14336 bytes, linear)
[    0.200147] NET: Registered PF_UNIX/PF_LOCAL protocol family
[    0.202918] RPC: Registered named UNIX socket transport module.
[    0.202940] RPC: Registered udp transport module.
[    0.202945] RPC: Registered tcp transport module.
[    0.202950] RPC: Registered tcp-with-tls transport module.
[    0.202955] RPC: Registered tcp NFSv4.1 backchannel transport module.
[    0.202979] PCI: CLS 0 bytes, default 64
[    0.204380] Initialise system trusted keyrings
[    0.212577] workingset: timestamp_bits=14 max_order=17 bucket_order=3
[    0.213959] NFS: Registering the id_resolver key type
[    0.214088] Key type id_resolver registered
[    0.214095] Key type id_legacy registered
[    0.214203] jffs2: version 2.2. (NAND) (SUMMARY)  Â© 2001-2006 Red Hat, Inc.
[    0.214662] Key type asymmetric registered
[    0.214678] Asymmetric key parser 'x509' registered
[    0.214751] io scheduler mq-deadline registered
[    0.214762] io scheduler kyber registered
[    0.214839] io scheduler bfq registered
[    0.216719] target-module@4b000000:target-module@140000:pmu@0:fck: device ID is greater than 24
[    0.222914] l3-aon-clkctrl:0000:0: failed to disable
[    0.232056] ledtrig-cpu: registered to indicate activity on CPUs
[    0.235804] Serial: 8250/16550 driver, 6 ports, IRQ sharing enabled
[    0.281317] brd: module loaded
[    0.289809] loop: module loaded
[    0.290737] mtdoops: mtd device (mtddev=name/number) must be supplied
[    0.294000] i2c_dev: i2c /dev entries driver
[    0.295011] cpuidle: enable-method property 'ti,am3352' found operations
[    0.295445] sdhci: Secure Digital Host Controller Interface driver
[    0.295455] sdhci: Copyright(c) Pierre Ossman
[    0.295626] sdhci-pltfm: SDHCI platform and OF driver helper
[    0.302258] hw perfevents: enabled with armv7_cortex_a8 PMU driver, 5 (8000000f) counters available
[    0.302808] Initializing XFRM netlink socket
[    0.302978] NET: Registered PF_INET6 protocol family
[    0.308631] l3-aon-clkctrl:0000:0: failed to disable
[    0.312547] Segment Routing with IPv6
[    0.312633] In-situ OAM (IOAM) with IPv6
[    0.312729] sit: IPv6, IPv4 and MPLS over IPv4 tunneling driver
[    0.313681] NET: Registered PF_PACKET protocol family
[    0.313709] NET: Registered PF_KEY protocol family
[    0.313833] Key type dns_resolver registered
[    0.314063] ThumbEE CPU extension supported.
[    0.314085] Registering SWP/SWPB emulation handler
[    0.314621] omap_voltage_late_init: Voltage driver support not added
[    0.315320] SmartReflex Class3 initialized
[    0.344711] Loading compiled-in X.509 certificates
[    0.380580] /ocp/interconnect@44c00000/segment@200000/target-module@b000/i2c@0/tda19988@70: Fixed dependency cycle(s) with /ocp/interconnect@48000000/segment@300000/target-module@e000/lcdc@0
[    0.387141] /ocp/interconnect@44c00000/segment@200000/target-module@b000/i2c@0/tda19988@70: Fixed dependency cycle(s) with /ocp/interconnect@48000000/segment@300000/target-module@e000/lcdc@0
[    0.429878] /ocp/interconnect@44c00000/segment@200000/target-module@b000/i2c@0/tda19988@70: Fixed dependency cycle(s) with /ocp/interconnect@48000000/segment@300000/target-module@e000/lcdc@0
[    0.430759] /ocp/interconnect@44c00000/segment@200000/target-module@b000/i2c@0/tda19988@70: Fixed dependency cycle(s) with /ocp/interconnect@48000000/segment@300000/target-module@e000/lcdc@0
[    0.434561] /ocp/interconnect@44c00000/segment@200000/target-module@10000/scm@0/pinmux@800: Fixed dependency cycle(s) with /ocp/interconnect@44c00000/segment@200000/target-module@10000/scm@0/pinmux@800/clkout2-pins
[    0.435152] pinctrl-single 44e10800.pinmux: 142 pins, size 568
[    0.4404 31] ti-sysc 44e31000.target-module: probe with driver ti-sysc failed with error -16
[    0.467353] /ocp/interconnect@48000000/segment@300000/target-module@e000/lcdc@0: Fixed dependency cycle(s) with /ocp/interconnect@44c00000/segment@200000/target-module@b000/i2c@0/tda19988@70
[    0.475798] ti-sysc 48040000.target-module: probe with driver ti-sysc failed with error -16
[    0.509454] OMAP GPIO hardware version 0.1
[    0.536573] omap_i2c 4819c000.i2c: bus 2 rev0.11 at 100 kHz
[    0.566599] 48000000 .interconnect:segment@200000:target-module@0:mpu@0:fck: device ID is greater than 24
[    0.567490] /ocp/interconnect@48000000/segment@300000/target-module@e000/lcdc@0: Fixed dependency cycle(s) with /ocp/interconnect@44c00000/segment@200000/target-module@b000/i2c@0/tda19988@70
[    0.570367] /ocp/interconnect@48000000/segment@300000/target-module@e000/lcdc@0: Fixed dependency cycle(s) with /ocp/interconnect@44c00000/segment@200000/target-module@b000/i2c@0/tda19988@70
[    0.571081] /ocp/interconnect@44c00000/segment@200000/target-module@b000/i2c@0/tda19988@70: Fixed dependency cycle(s) with /ocp/interconnect@48000000/segment@300000/target-module@e000/lcdc@0
[    0.571236] /ocp/interconnect@48000000/segment@300000/target-module@e000/lcdc@0: Fixed dependency cycle(s) with /ocp/interconnect@44c00000/segment@200000/target-module@b000/i2c@0/tda19988@70
[    0.582633] sdhci-omap 481d8000.mmc: supply pbias not found, using dummy regulator
[    0.583651] sdhci-omap 481d8000.mmc: supply vqmmc not found, using dummy regulator
[    0.649627] davinci_mdio 4a101000.mdio: davinci mdio revision 1.6, bus freq 1000000
[    0.790579] davinci_mdio 4a101000.mdio: phy[0]: device 4a101000.mdio:00, driver SMSC LAN8710/LAN8720
[    0.791354] cpsw-switch 4a100000.switch: initialized cpsw ale version 1.4
[    0.791376] cpsw-switch 4a100000.switch: ALE Table size 1024, Policers 0
[    0.791516] cpsw-switch 4a100000.switch: cpts: overflow check period 500 (jiffies)
[    0.791533] cpsw-switch 4a100000.switch: CPTS: ref_clk_freq:00000/target-module@e000/lcdc@0: Fixed dependency cycle(s) with /ocp/interconnect@44c00000/segment@200000/target-module@b000/i2c@0/tda19988@70
[    2.511792] /ocp/interconnect@44c00000/segment@200000/target-module@b000/i2c@0/tda19988@70: Fixed dependency cycle(s) with /ocp/interconnect@48000000/segment@300000/target-module@e000/lcdc@0
[    2.529178] omap_i2c 44e0b000.i2c: bus 0 rev0.11 at 400 kHz
[    2.537176] omap_gpio 44e07000.gpio: Could not set line 6 debounce to 200000 microseconds (-22)
[    2.546056] sdhci-omap 48060000.mmc: Got CD GPIO
[    2.551061] sdhci-omap 48060000.mmc: supply pbias not found, using dummy regulator
[    2.561164] sdhci-omap 48060000.mmc: supply vqmmc not found, using dummy regulator
[    2.569929] sdhci-omap 481d8000.mmc: supply pbias not found, using dummy regulator
[    2.605050] sdhci-omap 481d8000.mmc: supply vqmmc not found, using dummy regulator
[    2.722404] mmc1: SDHCI controller on 481d8000.mmc [481d8000.mmc] using External DMA
[    2.730718] mmc0: SDHCI controller on 48060000.mmc [48060000.mmc] using External DMA
[    2.739571] cpsw-switch 4a100000.switch: starting ndev. mode: dual_mac
[    2.802147] mmc1: new high speed MMC card at address 0001
[    2.808992] mmcblk1: mmc1:0001 MMC04G 3.60 GiB
[    2.816851]  mmcblk1: p1 p2
[    2.820614] SMSC LAN8710/LAN8720 4a101000.mdio:00: attached PHY driver (mii_bus:phy_addr=4a101000.mdio:00, irq=POLL)
[    2.833223] mmcblk1boot0: mmc1:0001 MMC04G 2.00 MiB
[    2.847075] mmcblk1boot1: mmc1:0001 MMC04G 2.00 MiB
[    2.856011] mmcblk1rpmb: mmc1:0001 MMC04G 128 KiB, chardev (249:0)
[    2.904942] mmc0: new high speed SDHC card at address aaaa
[    2.911768] mmcblk0: mmc0:aaaa SE32G 29.7 GiB
[    2.921029]  mmcblk0: p1 p2
[    6.002636] cpsw-switch 4a100000.switch eth0: Link is Up - 100Mbps/Full - flow control off
[    6.042115] IP-Config: Complete:
[    6.045391]      device=eth0, hwaddr=6c:ec:eb:68:de:78, ipaddr=192.168.255.1, mask=255.255.255.0, gw=255.255.255.255
[    6.056055]      host=bbb1, domain=, nis-domain=(none)
[    6.061224]      bootserver=192.168.255.126, rootserver=192.168.255.126, rootpath=
[    6.061636] clk: Disabling unused clocks
[    6.073536] KTAP version 1
[    6.076267] 1..0
[    6.078698] check access for rdinit=/init failed: -2, ignoring
[    6.107405] VFS: Mounted root (nfs filesystem) on device 0:17.
[    6.114475] devtmpfs: mounted
[    6.118947] Freeing unused kernel image (initmem) memory: 1024K
[    6.125883] Run /sbin/init as init process
[    6.789934] systemd[1]: System time before build time, advancing clock.
[    8.301885] random: crng init done
[    8.314577] systemd[1]: systemd 232 running in system mode. (+PAM +AUDIT +SELINUX +IMA +APPARMOR +SMACK +SYSVINIT +UTMP +LIBCRYPTSETUP +GCRYPT +GNUTLS +ACL +XZ +LZ4 +SECCOMP +BLKID +ELFUTILS +KMOD +IDN)
[    8.333667] systemd[1]: Detected architecture arm.

Welcome to [1mDebian GNU/Linux 9 (stretch)[0m!

[    8.365003] systemd[1]: Set hostname to <arm>.
[    9.466234] systemd[1]: Listening on Journal Audit Socket.
[[0;32m  OK  [0m] Listening on Journal Audit Socket.
[    9.493826] systemd[1]: Listening on udev Control Socket.
[[0;32m  OK  [0m] Listening on udev Control Socket.
[    9.522261] systemd[1]: Reached target Remote File Systems.
[[0;32m  OK  [0m] Reached target Remote File Systems.
[    9.552263] systemd[1]: Reached target Swap.
[[0;32m  OK  [0m] Reached target Swap.
[    9.573707] systemd[1]: syslog.socket: SO_PASSSEC failed: Operation not supported
[    9.581432] systemd[1]: Listening on Syslog Socket.
[[0;32m  OK  [0m] Listening on Syslog Socket.
[    9.603601] systemd[1]: Set up automount Arbitrary Executable File Formats File System Automount Point.
[[0;32m  OK  [0m] Set up automount Arbitrary Executabâ€¦rmats File System Automount Point.
[[0;32m  OK  [0m] Listening on udev Kernel Socket.
[[0;32m  OK  [0m] Created slice System Slice.
[[0;32m  OK  [0m] Created slice system-serial\x2dgetty.slice.
         Mounting POSIX Message Queue File System...
         Mounting Debug File System...
[[0;32m  OK  [0m] Listening on Journal Socket.
         Starting Load Kernel Modules...
         Starting Remount Root and Kernel File Systems...
         Starting Create list of required stâ€¦ce nodes for the current kernel...
[[0;32m  OK  [0m] Started Dispatch Password Requests to Console Directory Watch.
[[0;32m  OK  [0m] Started Forward Password Requests to Wall Directory Watch.
[[0;32m  OK  [0m] Reached target Paths.
[[0;32m  OK  [0m] Reached target Encrypted Volumes.
[[0;32m  OK  [0m] Listening on Journal Socket (/dev/log).
         Starting Journal Service...
[[0;32m  OK  [0m] Created slice User and Session Slice.
[[0;32m  OK  [0m] Reached target Slices.
[[0;32m  OK  [0m] Listening on /dev/initctl Compatibility Named Pipe.
[[0;32m  OK  [0m] Created slice system-getty.slice.
[[0;32m  OK  [0m] Mounted POSIX Message Queue File System.
[[0;32m  OK  [0m] Mounted Debug File System.
[[0;32m  OK  [0m] Started Remount Root and Kernel File Systems.
[[0;32m  OK  [0m] Started Create list of required staâ€¦vice nodes for the current kernel.
[[0;32m  OK  [0m] Started Load Kernel Modules.
         Starting Apply Kernel Variables...
         Mounting Configuration File System...
         Starting Create Static Device Nodes in /dev...
         Starting Load/Save Random Seed...
         Starting udev Coldplug all Devices...
[[0;32m  OK  [0m] Mounted Configuration File System.
[[0;32m  OK  [0m] Started Apply Kernel Variables.
[[0;32m  OK  [0m] Started Load/Save Random Seed.
[[0;32m  OK  [0m] Started Create Static Device Nodes in /dev.
[[0;32m  OK  [0m] Reached target Local File Systems (Pre).
[[0;32m  OK  [0m] Reached target Local File Systems.
         Starting Raise network interfaces...
         Starting udev Kernel Device Manager...
[[0;32m  OK  [0m] Started Journal Service.
         Starting Flush Journal to Persistent Storage...
[   11.761658] systemd-journald[93]: Received request to flush runtime journal from PID 1
[[0;32m  OK  [0m] Started Flush Journal to Persistent Storage.
         Starting Create Volatile Files and Directories...
[[0;32m  OK  [0m] Started udev Kernel Device Manager.
[[0;32m  OK  [0m] Started Create Volatile Files and Directories.
         Starting Update UTMP about System Boot/Shutdown...
[   13.283895] omap_prm 44e00d00.prm: sync_state() pending due to 44d00000.cpu
         Starting Network Time Synchronization...
[[0;32m  OK  [0m] Started Update UTMP about System Boot/Shutdown.
[[0;32m  OK  [0m] Started udev Coldplug all Devices.
[[0;32m  OK  [0m] Started Network Time Synchronization.
[   15.034968] remoteproc remoteproc0: wkup_m3 is available
[[0;32m  OK  [0m] Reached target System Initialization.
[[0;32m  OK  [0m] Started Daily Cleanup of Temporary Directories.
[[0;32m  OK  [0m] Listening on Avahi mDNS/DNS-SD Stack Activat[   15.219916] at24 2-0054: supply vcc not found, using dummy regulator
ion Socket.
[[0;32m  OK  [0m] Listening on D-Bus System Message Bus Socket.
[[0;32m  OK  [0m] Reached target Sockets.
[[0;32m  OK  [0m] Reached target Basic System.
[   15.384619] at24 2-0055: supply vcc not found, using dummy regulator
         Starting Cape Manager Service...
[   15.518007] at24 2-0056: supply vcc not found, using dummy regulator
         Starting LSB: Load kernel modules needed to enable cpufreq scaling...
         Starting LSB: Start busybox udhcpd at boot time...
[   15.631706] at24 2-0057: supply vcc not found, using dummy regulator
[   15.733542] at24 0-0050: 32768 byte 24c256 EEPROM, writable, 1 bytes/write
         Starting System Logging Service...
[[0;32m  OK  [0m] Started D-Bus System Message Bus.
[   16.030761] input: tps65217_pwrbutton as /devices/platform/ocp/44c00000.interconnect/44c00000.interconnect:segment@200000/44e0b000.target-module/44e0b000.i2c/i2c-0/0-0024/tps65217-pwrbutton/input/input0
[   16.233449] omap_rtc 44e3e000.rtc: registered as rtc0
[   16.239341] omap_rtc 44e3e000.rtc: setting system clock to 2000-01-01T00:00:00 UTC (946684800)
[   16.574182] omap_wdt: OMAP Watchdog Timer Rev 0x01: initial timeout 60 sec
[   16.656691] am335x-phy-driver 47401300.usb-phy: dummy supplies not allowed for exclusive requests (id=vbus)
[   16.836986] am335x-phy-driver 47401b00.usb-phy: dummy supplies not allowed for exclusive requests (id=vbus)
[   17.320703] usbcore: registered new interface driver usbfs
[   17.326618] usbcore: registered new interface driver hub
[   17.332195] usbcore: registered new device driver usb
[   17.728062] tda998x 0-0070: found TDA19988
[   18.081644] musb-hdrc musb-hdrc.1: MUSB HDRC host driver
[   18.087309] musb-hdrc musb-hdrc.1: new USB bus registered, assigned bus number 1
[   18.272887] omap-mailbox 480c8000.mailbox: omap mailbox rev 0x400
[   18.318308] usb usb1: New USB device found, idVendor=1d6b, idProduct=0002, bcdDevice= 6.17
[   18.326843] usb usb1: New USB device strings: Mfr=3, Product=2, SerialNumber=1
[   18.334297] usb usb1: Product: MUSB HDRC host driver
[   18.339295] usb usb1: Manufacturer: Linux 6.17.0-rc1-next-20250814 musb-hcd
[   18.346358] usb usb1: SerialNumber: musb-hdrc.1
[   18.478493] remoteproc remoteproc0: powering up wkup_m3
[   18.583136] remoteproc remoteproc0: Direct firmware load for am335x-pm-firmware.elf failed with error -2
[   18.593590] remoteproc remoteproc0: request_firmware failed: -2
[   18.599559] wkup_m3_ipc 44e11324.wkup_m3_ipc: rproc_boot failed
[   18.714422] hub 1-0:1.0: USB hub found
[   18.744937] hub 1-0:1.0: 1 port detected
         Starting Connection service...
         Starting Avahi mDNS/DNS-SD Stack...
         Starting Login Service...
         Starting Telephony service...
[[0;32m  OK  [0m] Started Regular background program processing daemon.
         Starting Generic Board Startup...
         Starting DUN service...
[[0;32m  OK  [0m] Reached target System Time Synchronized.
[[0;32m  OK  [0m] Started Daily apt download activities.
[[0;32m  OK  [0m] Started Daily apt upgrade and clean activities.
[[0;32m  OK  [0m] Reached target Timers.
[   21.437517] omap_rng 48310000.rng: Random Number Generator ver. 20
[[0;32m  OK  [0m] Started System Logging Service.
[[0;32m  OK  [0m] Started Cape Manager Service.
[   21.732730] tilcdc 4830e000.lcdc: bound 0-0070 (ops 0xbf12c0f8)
[   21.844095] [drm] Initialized tilcdc 1.0.0 for 4830e000.lcdc on minor 0
[   21.934308] tilcdc 4830e000.lcdc: [drm] Cannot find any crtc or sizes
[   21.951643] tilcdc 4830e000.lcdc: [drm] Cannot find any crtc or sizes
[[0;32m  OK  [0m] Found device /dev/ttyS0.
[   23.194268] PM: Cannot get wkup_m3_ipc handle
[   23.205800] ------------[ cut here ]------------
[   23.210494] WARNING: net/8021q/vlan_core.c:236 at vlan_for_each+0x114/0x134, CPU#0: avahi-daemon/296
[   23.219901] RTNL: assertion failed at net/8021q/vlan_core.c (236)
[   23.226059] Modules linked in: pm33xx crypto_engine ecdh_generic ti_emif_sram ecc libaes tilcdc drm_dma_helper omap_rng drm_client_lib rng_core snd_soc_davinci_mcasp snd_soc_ti_udma snd_soc_ti_edma snd_soc_ti_sdma snd_soc_core snd_pcm_dmaengine snd_pcm snd_timer omap_mailbox snd soundcore musb_dsps musb_hdrc tda998x udc_core usbcore cec drm_kms_helper phy_am335x phy_generic omap_wdt drm usb_common watchdog cppi41 wkup_m3_ipc rtc_omap tps65218_pwrbutton phy_am335x_control drm_panel_orientation_quirks at24 wkup_m3_rproc leds_gpio cpufreq_dt led_class autofs4
[   23.275896] CPU: 0 UID: 107 PID: 296 Comm: avahi-daemon Not tainted 6.17.0-rc1-next-20250814 #1 NONE 
[   23.275915] Hardware name: Generic AM33XX (Flattened Device Tree)
[   23.275924] Call trace: 
[   23.275940]  unwind_backtrace from show_stack+0x10/0x14
[   23.275981]  show_stack from dump_stack_lvl+0x50/0x64
[   23.276006]  dump_stack_lvl from __warn+0x88/0x148
[   23.276024]  __warn from warn_slowpath_fmt+0x19c/0x1b0
[   23.276037]  warn_slowpath_fmt from vlan_for_each+0x114/0x134
[   23.276060]  vlan_for_each from cpsw_add_mc_addr+0x40/0xa4
[   23.276089]  cpsw_add_mc_addr from __hw_addr_ref_sync_dev+0x108/0x140
[   23.276121]  __hw_addr_ref_sync_dev from __dev_mc_add+0x7c/0x80
[   23.276145]  __dev_mc_add from igmp6_group_added+0xc8/0xe0
[   23.276173]  igmp6_group_added from __ipv6_dev_mc_inc+0x218/0x364
[   23.276192]  __ipv6_dev_mc_inc from __ipv6_sock_mc_join+0x11c/0x214
[   23.276210]  __ipv6_sock_mc_join from do_ipv6_setsockopt+0x1214/0x1310
[   23.276243]  do_ipv6_setsockopt from ipv6_setsockopt+0x60/0xcc
[   23.276265]  ipv6_setsockopt from udpv6_setsockopt+0x2c/0x6c
[   23.276284]  udpv6_setsockopt from sock_common_setsockopt+0x30/0x40
[   23.276314]  sock_common_setsockopt from do_sock_setsockopt+0x50/0x9c
[   23.276336]  do_sock_setsockopt from __sys_setsockopt+0x70/0xbc
[   23.276356]  __sys_setsockopt from ret_fast_syscall+0x0/0x58
[   23.276375] Exception stack(0xe0319fa8 to 0xe0319ff0)
[   23.276389] 9fa0:                   00000014 b6ff0ce8 0000000d 00000029 00000014 bedeb9ec
[   23.276401] 9fc0: 00000014 b6ff0ce8 00000014 00000126 0000000d b6f99ff4 0050e988 004f6558
[   23.276409] 9fe0: b6faf088 bedeb9d8 b6f8c309 b6e6341a
[   23.276417] ---[ end trace 0000000000000000 ]---
[   23.559863] omap-sham 53100000.sham: hw accel on OMAP rev 4.3
[   23.782455] omap-sham 53100000.sham: will run requests pump with realtime priority
[   23.803858] PM: Cannot get wkup_m3_ipc handle
[   23.885636] omap-aes 53500000.aes: OMAP AES hw accel rev: 3.2
[   24.062306] omap-aes 53500000.aes: will run requests pump with realtime priority
[   24.076620] PM: Cannot get wkup_m3_ipc handle
[   24.837371] Bluetooth: Core ver 2.22
[   24.841199] NET: Registered PF_BLUETOOTH protocol family
[   24.846773] Bluetooth: HCI device and connection manager initialized
[   24.853272] Bluetooth: HCI socket layer initialized
[   24.858189] Bluetooth: L2CAP socket layer initialized
[   24.863336] Bluetooth: SCO socket layer initialized
[[0;32m  OK  [0m] Started LSB: Start busybox udhcpd at boot time.
[[0;32m  OK  [0m] Started Raise network interfaces.
[   28.198880] gpio-537 (nxp,calib): gpiod_direction_output_nonotify: tried to set a GPIO tied to an IRQ as output
[   28.321054] PM: Cannot get wkup_m3_ipc handle
[   28.428136] tda9950 0-0034: TDA9950 CEC interface, hardware version 3.3
[   28.510714] PM: Cannot get wkup_m3_ipc handle
[   28.594754] PM: Cannot get wkup_m3_ipc handle
[[0;32m  OK  [0m] Started LSB: Load kernel modules needed to enable cpufreq scaling.
[[0;32m  OK  [0m] Started DUN service.
[   30.679193] configfs-gadget.g_multi gadget.0: HOST MAC 1c:ba:8c:a2:ed:6c
[   30.686245] configfs-gadget.g_multi gadget.0: MAC 1c:ba:8c:a2:ed:70
[   30.693605] configfs-gadget.g_multi gadget.0: HOST MAC 1c:ba:8c:a2:ed:6c
[   30.700369] configfs-gadget.g_multi gadget.0: MAC 1c:ba:8c:a2:ed:6d
[[0;32m  OK  [0m] Started Telephony service.[   30.726458] PM: Cannot get wkup_m3_ipc handle

[[0;32m  OK  [0m] Started Avahi mDNS/DNS-SD Stack.
[[0;32m  OK  [0m] Started Connection service.
[[0;32m  OK  [0m] Started Login Service.
         Starting Hostname Service...
         Starting WPA supplicant...
[[0;32m  OK  [0m] Reached target Sound Card.
         Starting LSB: set CPUFreq kernel parameters...
[[0;32m  OK  [0m] Started WPA supplicant.
[[0;32m  OK  [0m] Started Hostname Service.
[[0;32m  OK  [0m] Reached target Network.
         Starting Permit User Sessions...
         Starting OpenBSD Secure Shell server...
[[0;32m  OK  [0m] Reached target Network is Online.
         Starting LSB: Advanced IEEE 802.11 management daemon...
         Starting The Apache HTTP Server...
[[0;32m  OK  [0m] Started LSB: Advanced IEEE 802.11 management daemon.
[[0;32m  OK  [0m] Started Permit User Sessions.
[[0;32m  OK  [0m] Started LSB: set CPUFreq kernel parameters.
[[0;32m  OK  [0m] Started Getty on tty1.
[[0;32m  OK  [0m] Started Serial Getty on ttyS0.
[[0;32m  OK  [0m] Reached target Login Prompts.
[[0;32m  OK  [0m] Started OpenBSD Secure Shell server.
         Stopping LSB: Start busybox udhcpd at boot time...
[[0;32m  OK  [0m] Stopped LSB: Start busybox udhcpd at boot time.
         Starting dnsmasq - A lightweight DHCP and caching DNS server...
[[0;32m  OK  [0m] Started The Apache HTTP Server.
[[0;32m  OK  [0m] Started dnsmasq - A lightweight DHCP and caching DNS server.
[[0;32m  OK  [0m] Reached target Host and Network Name Lookups.
[[0;32m  OK  [0m] Started Serial Getty on ttyGS0.
[[0;32m  OK  [0m] Started Generic Board Startup.
[[0;32m  OK  [0m] Reached target Multi-User System.
[[0;32m  OK  [0m] Reached target Graphical Interface.
         Starting Update UTMP about System Runlevel Changes...
[[0;32m  OK  [0m] Started Update UTMP about System Runlevel Changes.

Debian GNU/Linux 9 arm ttyS0

default username:password is [debian:temppwd]

arm login: root
Password: 
Last login: Sat Jan  1 00:00:34 UTC 2000 on ttyS0
root
Linux arm 6.17.0-rc1-next-20250814 #1 SMP Thu Aug 14 06:59:41 EEST 2025 armv7l

The programs included with the Debian GNU/Linux system are free software;
the exact distribution terms for each program are described in the
individual files in /usr/share/doc/*/copyright.

Debian GNU/Linux comes with ABSOLUTELY NO WARRANTY, to the extent
permitted by applicable law.
root@arm:~# root
dmesg -n 1
-bash: root: command not found
root@arm:~# dmesg -n 1
root@arm:~# echo 'GGLG''KHFFGT'
GGLGKHFFGT
root@arm:~# run() { echo -n "$MARKER"; sh -c "$@"; echo "$MARKER $?"; }
root@arm:~# echo 'WZOX''GFCKJX'
WZOXGFCKJX
root@arm:~# MARKER='QLYL''TXBNMM' run 'cat /proc/version'
QLYLTXBNMMLinux version 6.17.0-rc1-next-20250814 (user01@drvtest01) (arm-none-eabi-gcc (Arm GNU Toolchain 14.2.Rel1 (Build arm-14.52)) 14.2.1 20241119, GNU ld (Arm GNU Toolchain 14.2.Rel1 (Build arm-14.52)) 2.43.1.20241119) #1 SMP Thu Aug 14 06:59:41 EEST 2025
QLYLTXBNMM 0
root@arm:~# echo 'QACN''VFXYKG'
QACNVFXYKG
root@arm:~# MARKER='MATS''LEEUPS' run false
MATSLEEUPSMATSLEEUPS 1
root@arm:~# Labgrid Console Logfile for main
Logfile started at 2025-08-14 07:03:58.655792
=== Log starts here ===

root@arm:~# run() { echo -n "$MARKER"; sh -c "$@"; echo "$MARKER $?"; }
root@arm:~# echo 'YUZY''OWBOHB'
YUZYOWBOHB
root@arm:~# MARKER='SZUU''TWEYYF' run 'ls /iio_generic_buffer; echo $?'
SZUUTWEYYF/iio_generic_buffer
0
SZUUTWEYYF 0
root@arm:~# Labgrid Console Logfile for main
Logfile started at 2025-08-14 07:04:02.096640
=== Log starts here ===

root@arm:~# run() { echo -n "$MARKER"; sh -c "$@"; echo "$MARKER $?"; }
root@arm:~# echo 'BASL''CHYJJC'
BASLCHYJJC
root@arm:~# MARKER='SPHZ''VZOMNW' run dmesg
SPHZVZOMNW[    0.000000] Booting Linux on physical CPU 0x0
[    0.000000] Linux version 6.17.0-rc1-next-20250814 (user01@drvtest01) (arm-none-eabi-gcc (Arm GNU Toolchain 14.2.Rel1 (Build arm-14.52)) 14.2.1 20241119, GNU ld (Arm GNU Toolchain 14.2.Rel1 (Build arm-14.52)) 2.43.1.20241119) #1 SMP Thu Aug 14 06:59:41 EEST 2025
[    0.000000] CPU: ARMv7 Processor [413fc082] revision 2 (ARMv7), cr=10c5387d
[    0.000000] CPU: PIPT / VIPT nonaliasing data cache, VIPT aliasing instruction cache
[    0.000000] OF: fdt: Machine model: TI AM335x BeagleBone Black
[    0.000000] Memory policy: Data cache writeback
[    0.000000] cma: Reserved 16 MiB at 0x9e800000
[    0.000000] Zone ranges:
[    0.000000]   Normal   [mem 0x0000000080000000-0x000000009fdfffff]
[    0.000000]   HighMem  empty
[    0.000000] Movable zone start for each node
[    0.000000] Early memory node ranges
[    0.000000]   node   0: [mem 0x0000000080000000-0x000000009fdfffff]
[    0.000000] Initmem setup node 0 [mem 0x0000000080000000-0x000000009fdfffff]
[    0.000000] On node 0, zone Normal: 512 pages in unavailable ranges
[    0.000000] OF: reserved mem: Reserved memory: No reserved-memory node in the DT
[    0.000000] CPU: All CPU(s) started in SVC mode.
[    0.000000] AM335X ES2.1 (sgx neon)
[    0.000000] percpu: Embedded 17 pages/cpu s39820 r8192 d21620 u69632
[    0.000000] pcpu-alloc: s39820 r8192 d21620 u69632 alloc=17*4096
[    0.000000] pcpu-alloc: [0] 0 
[    0.000000] Kernel command line: console=ttyO0,115200n8 root=/dev/nfs rw nfsroot=192.168.255.126:/home/user01/nfs,nfsvers=3 ip=192.168.255.1:192.168.255.126::255.255.255.0:bbb1:eth0 nfsrootdebug
[    0.000000] Unknown kernel command line parameters "nfsrootdebug", will be passed to user space.
[    0.000000] printk: log buffer data + meta data: 65536 + 204800 = 270336 bytes
[    0.000000] Dentry cache hash table entries: 65536 (order: 6, 262144 bytes, linear)
[    0.000000] Inode-cache hash table entries: 32768 (order: 5, 131072 bytes, linear)
[    0.000000] Built 1 zonelists, mobility grouping on.  Total pages: 130560
[    0.000000] mem auto-init: stack:off, heap alloc:off, heap free:off
[    0.000000] SLUB: HWalign=16, Order=0-3, MinObjects=0, CPUs=1, Nodes=1
[    0.000000] rcu: Hierarchical RCU implementation.
[    0.000000] rcu: 	RCU event tracing is enabled.
[    0.000000] rcu: 	RCU restricting CPUs from NR_CPUS=2 to nr_cpu_ids=1.
[    0.000000] 	Tracing variant of Tasks RCU enabled.
[    0.000000] rcu: RCU calculated value of scheduler-enlistment delay is 10 jiffies.
[    0.000000] rcu: Adjusting geometry for rcu_fanout_leaf=16, nr_cpu_ids=1
[    0.000000] RCU Tasks Trace: Setting shift to 0 and lim to 1 rcu_task_cb_adjust=1 rcu_task_cpu_ids=1.
[    0.000000] NR_IRQS: 16, nr_irqs: 16, preallocated irqs: 16
[    0.000000] IRQ: Found an INTC at 0x(ptrval) (revision 5.0) with 128 interrupts
[    0.000000] rcu: srcu_init: Setting srcu_struct sizes based on contention.
[    0.000000] TI gptimer clocksource: always-on /ocp/interconnect@44c00000/segment@200000/target-module@31000
[    0.000002] sched_clock: 32 bits at 24MHz, resolution 41ns, wraps every 89478484971ns
[    0.000025] clocksource: dmtimer: mask: 0xffffffff max_cycles: 0xffffffff, max_idle_ns: 79635851949 ns
[    0.000520] TI gptimer clockevent: 24000000 Hz at /ocp/interconnect@48000000/segment@0/target-module@40000
[    0.002100] Console: colour dummy device 80x30
[    0.002170] WARNING: Your 'console=ttyO0' has been replaced by 'ttyS0'
[    0.002177] This ensures that you still see kernel messages. Please
[    0.002182] update your kernel commandline.
[    0.002225] Calibrating delay loop... 996.14 BogoMIPS (lpj=4980736)
[    0.090636] CPU: Testing write buffer coherency: ok
[    0.090722] CPU0: Spectre v2: using BPIALL workaround
[    0.090731] pid_max: default: 32768 minimum: 301
[    0.090885] LSM: initializing lsm=capability
[    0.091045] Mount-cache hash table entries: 1024 (order: 0, 4096 bytes, linear)
[    0.091063] Mountpoint-cache hash table entries: 1024 (order: 0, 4096 bytes, linear)
[    0.092637] CPU0: thread -1, cpu 0, socket -1, mpidr 0
[    0.092697] cacheinfo: Unable to detect cache hierarchy for CPU 0
[    0.094690] Setting up static identity map for 0x80100000 - 0x80100078
[    0.095033] rcu: Hierarchical SRCU implementation.
[    0.095045] rcu: 	Max phase no-delay instances is 1000.
[    0.096728] smp: Bringing up secondary CPUs ...
[    0.096784] smp: Brought up 1 node, 1 CPU
[    0.096797] SMP: Total of 1 processors activated (996.14 BogoMIPS).
[    0.096808] CPU: All CPU(s) started in SVC mode.
[    0.097006] Memory: 480856K/522240K available (11264K kernel code, 1219K rwdata, 2936K rodata, 1024K init, 253K bss, 23352K reserved, 16384K cma-reserved, 0K highmem)
[    0.097827] devtmpfs: initialized
[    0.114804] VFP support v0.3: implementor 41 architecture 3 part 30 variant c rev 3
[    0.115451] clocksource: jiffies: mask: 0xffffffff max_cycles: 0xffffffff, max_idle_ns: 19112604462750000 ns
[    0.115508] posixtimers hash table entries: 512 (order: 0, 4096 bytes, linear)
[    0.115534] futex hash table entries: 256 (16384 bytes on 1 NUMA nodes, total 16 KiB, linear).
[    0.116651] pinctrl core: initialized pinctrl subsystem
[    0.118776] NET: Registered PF_NETLINK/PF_ROUTE protocol family
[    0.121832] DMA: preallocated 256 KiB pool for atomic coherent allocations
[    0.122430] audit: initializing netlink subsys (disabled)
[    0.123743] thermal_sys: Registered thermal governor 'fair_share'
[    0.123758] thermal_sys: Registered thermal governor 'step_wise'
[    0.123769] thermal_sys: Registered thermal governor 'user_space'
[    0.123877] audit: type=2000 audit(0.120:1): state=initialized audit_enabled=0 res=1
[    0.123947] cpuidle: using governor menu
[    0.142078] /ocp/interconnect@44c00000/segment@200000/target-module@b000/i2c@0/tda19988@70: Fixed dependency cycle(s) with /ocp/interconnect@48000000/segment@300000/target-module@e000/lcdc@0
[    0.143197] /ocp/interconnect@48000000/segment@300000/target-module@e000/lcdc@0: Fixed dependency cycle(s) with /ocp/interconnect@44c00000/segment@200000/target-module@b000/i2c@0/tda19988@70
[    0.145420] No ATAGs?
[    0.145464] hw-breakpoint: debug architecture 0x4 unsupported.
[    0.148560] kprobes: kprobe jump-optimization is enabled. All kprobes are optimized if possible.
[    0.154256] iommu: Default domain type: Translated
[    0.154279] iommu: DMA domain TLB invalidation policy: strict mode
[    0.155844] reg-fixed-voltage fixedregulator0: using DT '/fixedregulator0' for '(default)' GPIO lookup
[    0.155897] of_get_named_gpiod_flags: can't parse 'gpios' property of node '/fixedregulator0[0]'
[    0.155924] of_get_named_gpiod_flags: can't parse 'gpio' property of node '/fixedregulator0[0]'
[    0.155942] reg-fixed-voltage fixedregulator0: using lookup tables for GPIO lookup
[    0.155952] reg-fixed-voltage fixedregulator0: No GPIO consumer (default) found
[    0.161373] SCSI subsystem initialized
[    0.161855] libata version 3.00 loaded.
[    0.162233] pps_core: LinuxPPS API ver. 1 registered
[    0.162244] pps_core: Software ver. 5.3.6 - Copyright 2005-2007 Rodolfo Giometti <giometti@linux.it>
[    0.162267] PTP clock support registered
[    0.171483] vgaarb: loaded
[    0.171866] clocksource: Switched to clocksource dmtimer
[    0.172539] VFS: Disk quotas dquot_6.6.0
[    0.172596] VFS: Dquot-cache hash table entries: 1024 (order 0, 4096 bytes)
[    0.197838] NET: Registered PF_INET protocol family
[    0.198172] IP idents hash table entries: 8192 (order: 4, 65536 bytes, linear)
[    0.199596] tcp_listen_portaddr_hash hash table entries: 512 (order: 0, 4096 bytes, linear)
[    0.199637] Table-perturb hash table entries: 65536 (order: 6, 262144 bytes, linear)
[    0.199655] TCP established hash table entries: 4096 (order: 2, 16384 bytes, linear)
[    0.199701] TCP bind hash table entries: 4096 (order: 4, 65536 bytes, linear)
[    0.199801] TCP: Hash tables configured (established 4096 bind 4096)
[    0.199922] UDP hash table entries: 256 (order: 1, 14336 bytes, linear)
[    0.199958] UDP-Lite hash table entries: 256 (order: 1, 14336 bytes, linear)
[    0.200147] NET: Registered PF_UNIX/PF_LOCAL protocol family
[    0.202918] RPC: Registered named UNIX socket transport module.
[    0.202940] RPC: Registered udp transport module.
[    0.202945] RPC: Registered tcp transport module.
[    0.202950] RPC: Registered tcp-with-tls transport module.
[    0.202955] RPC: Registered tcp NFSv4.1 backchannel transport module.
[    0.202979] PCI: CLS 0 bytes, default 64
[    0.204380] Initialise system trusted keyrings
[    0.212577] workingset: timestamp_bits=14 max_order=17 bucket_order=3
[    0.213959] NFS: Registering the id_resolver key type
[    0.214088] Key type id_resolver registered
[    0.214095] Key type id_legacy registered
[    0.214203] jffs2: version 2.2. (NAND) (SUMMARY)  Â© 2001-2006 Red Hat, Inc.
[    0.214662] Key type asymmetric registered
[    0.214678] Asymmetric key parser 'x509' registered
[    0.214751] io scheduler mq-deadline registered
[    0.214762] io scheduler kyber registered
[    0.214839] io scheduler bfq registered
[    0.216719] target-module@4b000000:target-module@140000:pmu@0:fck: device ID is greater than 24
[    0.222914] l3-aon-clkctrl:0000:0: failed to disable
[    0.232056] ledtrig-cpu: registered to indicate activity on CPUs
[    0.235804] Serial: 8250/16550 driver, 6 ports, IRQ sharing enabled
[    0.281317] brd: module loaded
[    0.289809] loop: module loaded
[    0.290737] mtdoops: mtd device (mtddev=name/number) must be supplied
[    0.292568] mdio_bus fixed-0: using lookup tables for GPIO lookup
[    0.292592] mdio_bus fixed-0: No GPIO consumer reset found
[    0.294000] i2c_dev: i2c /dev entries driver
[    0.295011] cpuidle: enable-method property 'ti,am3352' found operations
[    0.295445] sdhci: Secure Digital Host Controller Interface driver
[    0.295455] sdhci: Copyright(c) Pierre Ossman
[    0.295626] sdhci-pltfm: SDHCI platform and OF driver helper
[    0.302258] hw perfevents: enabled with armv7_cortex_a8 PMU driver, 5 (8000000f) counters available
[    0.302808] Initializing XFRM netlink socket
[    0.302978] NET: Registered PF_INET6 protocol family
[    0.308631] l3-aon-clkctrl:0000:0: failed to disable
[    0.312547] Segment Routing with IPv6
[    0.312633] In-situ OAM (IOAM) with IPv6
[    0.312729] sit: IPv6, IPv4 and MPLS over IPv4 tunneling driver
[    0.313681] NET: Registered PF_PACKET protocol family
[    0.313709] NET: Registered PF_KEY protocol family
[    0.313833] Key type dns_resolver registered
[    0.314063] ThumbEE CPU extension supported.
[    0.314085] Registering SWP/SWPB emulation handler
[    0.314621] omap_voltage_late_init: Voltage driver support not added
[    0.315320] SmartReflex Class3 initialized
[    0.344711] Loading compiled-in X.509 certificates
[    0.380580] /ocp/interconnect@44c00000/segment@200000/target-module@b000/i2c@0/tda19988@70: Fixed dependency cycle(s) with /ocp/interconnect@48000000/segment@300000/target-module@e000/lcdc@0
[    0.387141] /ocp/interconnect@44c00000/segment@200000/target-module@b000/i2c@0/tda19988@70: Fixed dependency cycle(s) with /ocp/interconnect@48000000/segment@300000/target-module@e000/lcdc@0
[    0.392848] gpiochip_find_base_unlocked: found new base at 512
[    0.429878] /ocp/interconnect@44c00000/segment@200000/target-module@b000/i2c@0/tda19988@70: Fixed dependency cycle(s) with /ocp/interconnect@48000000/segment@300000/target-module@e000/lcdc@0
[    0.430759] /ocp/interconnect@44c00000/segment@200000/target-module@b000/i2c@0/tda19988@70: Fixed dependency cycle(s) with /ocp/interconnect@48000000/segment@300000/target-module@e000/lcdc@0
[    0.434561] /ocp/interconnect@44c00000/segment@200000/target-module@10000/scm@0/pinmux@800: Fixed dependency cycle(s) with /ocp/interconnect@44c00000/segment@200000/target-module@10000/scm@0/pinmux@800/clkout2-pins
[    0.435152] pinctrl-single 44e10800.pinmux: 142 pins, size 568
[    0.440431] ti-sysc 44e31000.target-module: probe with driver ti-sysc failed with error -16
[    0.467353] /ocp/interconnect@48000000/segment@300000/target-module@e000/lcdc@0: Fixed dependency cycle(s) with /ocp/interconnect@44c00000/segment@200000/target-module@b000/i2c@0/tda19988@70
[    0.475798] ti-sysc 48040000.target-module: probe with driver ti-sysc failed with error -16
[    0.487448] gpiochip_find_base_unlocked: found new base at 512
[    0.487548] gpio gpiochip0: (gpio-0-31): created GPIO range 0->7 ==> 44e10800.pinmux PIN 0->7
[    0.487568] gpio gpiochip0: (gpio-0-31): created GPIO range 8->11 ==> 44e10800.pinmux PIN 90->93
[    0.487584] gpio gpiochip0: (gpio-0-31): created GPIO range 12->27 ==> 44e10800.pinmux PIN 12->27
[    0.487599] gpio gpiochip0: (gpio-0-31): created GPIO range 28->31 ==> 44e10800.pinmux PIN 30->33
[    0.509149] gpio gpiochip0: (gpio-0-31): added GPIO chardev (254:0)
[    0.509367] gpio gpiochip0: registered GPIOs 512 to 543 on gpio-0-31
[    0.509454] OMAP GPIO hardware version 0.1
[    0.535558] i2c i2c-2: using DT '/ocp/interconnect@48000000/segment@100000/target-module@9c000/i2c@0' for 'scl' GPIO lookup
[    0.535644] of_get_named_gpiod_flags: can't parse 'scl-gpios' property of node '/ocp/interconnect@48000000/segment@100000/target-module@9c000/i2c@0[0]'
[    0.535688] of_get_named_gpiod_flags: can't parse 'scl-gpio' property of node '/ocp/interconnect@48000000/segment@100000/target-module@9c000/i2c@0[0]'
[    0.535725] i2c i2c-2: using lookup tables for GPIO lookup
[    0.535736] i2c i2c-2: No GPIO consumer scl found
[    0.535757] i2c i2c-2: using DT '/ocp/interconnect@48000000/segment@100000/target-module@9c000/i2c@0' for 'sda' GPIO lookup
[    0.535792] of_get_named_gpiod_flags: can't parse 'sda-gpios' property of node '/ocp/interconnect@48000000/segment@100000/target-module@9c000/i2c@0[0]'
[    0.535828] of_get_named_gpiod_flags: can't parse 'sda-gpio' property of node '/ocp/interconnect@48000000/segment@100000/target-module@9c000/i2c@0[0]'
[    0.535860] i2c i2c-2: using lookup tables for GPIO lookup
[    0.535868] i2c i2c-2: No GPIO consumer sda found
[    0.536573] omap_i2c 4819c000.i2c: bus 2 rev0.11 at 100 kHz
[    0.542373] gpiochip_find_base_unlocked: found new base at 544
[    0.542476] gpio gpiochip1: (gpio-32-63): created GPIO range 0->17 ==> 44e10800.pinmux PIN 34->51
[    0.542496] gpio gpiochip1: (gpio-32-63): created GPIO range 18->21 ==> 44e10800.pinmux PIN 77->80
[    0.542512] gpio gpiochip1: (gpio-32-63): created GPIO range 22->31 ==> 44e10800.pinmux PIN 56->65
[    0.557016] gpio gpiochip1: (gpio-32-63): added GPIO chardev (254:1)
[    0.557253] gpio gpiochip1: registered GPIOs 544 to 575 on gpio-32-63
[    0.559630] gpiochip_find_base_unlocked: found new base at 576
[    0.559725] gpio gpiochip2: (gpio-64-95): created GPIO range 0->4 ==> 44e10800.pinmux PIN 66->70
[    0.559745] gpio gpiochip2: (gpio-64-95): created GPIO range 5->6 ==> 44e10800.pinmux PIN 98->99
[    0.559760] gpio gpiochip2: (gpio-64-95): created GPIO range 7->8 ==> 44e10800.pinmux PIN 75->76
[    0.559775] gpio gpiochip2: (gpio-64-95): created GPIO range 13->13 ==> 44e10800.pinmux PIN 141->141
[    0.559791] gpio gpiochip2: (gpio-64-95): created GPIO range 14->21 ==> 44e10800.pinmux PIN 100->107
[    0.560450] gpio gpiochip2: (gpio-64-95): added GPIO chardev (254:2)
[    0.560654] gpio gpiochip2: registered GPIOs 576 to 607 on gpio-64-95
[    0.566599] 48000000.interconnect:segment@200000:target-module@0:mpu@0:fck: device ID is greater than 24
[    0.567490] /ocp/interconnect@48000000/segment@300000/target-module@e000/lcdc@0: Fixed dependency cycle(s) with /ocp/interconnect@44c00000/segment@200000/target-module@b000/i2c@0/tda19988@70
[    0.570367] /ocp/interconnect@48000000/segment@300000/target-module@e000/lcdc@0: Fixed dependency cycle(s) with /ocp/interconnect@44c00000/segment@200000/target-module@b000/i2c@0/tda19988@70
[    0.571081] /ocp/interconnect@44c00000/segment@200000/target-module@b000/i2c@0/tda19988@70: Fixed dependency cycle(s) with /ocp/interconnect@48000000/segment@300000/target-module@e000/lcdc@0
[    0.571236] /ocp/interconnect@48000000/segment@300000/target-module@e000/lcdc@0: Fixed dependency cycle(s) with /ocp/interconnect@44c00000/segment@200000/target-module@b000/i2c@0/tda19988@70
[    0.581025] mdio_bus 4a101000.mdio: using DT '/ocp/interconnect@4a000000/segment@0/target-module@100000/switch@0/mdio@1000' for 'reset' GPIO lookup
[    0.581098] of_get_named_gpiod_flags: can't parse 'reset-gpios' property of node '/ocp/interconnect@4a000000/segment@0/target-module@100000/switch@0/mdio@1000[0]'
[    0.581144] of_get_named_gpiod_flags: can't parse 'reset-gpio' property of node '/ocp/interconnect@4a000000/segment@0/target-module@100000/switch@0/mdio@1000[0]'
[    0.581191] mdio_bus 4a101000.mdio: using lookup tables for GPIO lookup
[    0.581201] mdio_bus 4a101000.mdio: No GPIO consumer reset found
[    0.582290] sdhci-omap 481d8000.mmc: using DT '/ocp/interconnect@48000000/segment@100000/target-module@d8000/mmc@0' for 'wp' GPIO lookup
[    0.582351] of_get_named_gpiod_flags: can't parse 'wp-gpios' property of node '/ocp/interconnect@48000000/segment@100000/target-module@d8000/mmc@0[0]'
[    0.582393] of_get_named_gpiod_flags: can't parse 'wp-gpio' property of node '/ocp/interconnect@48000000/segment@100000/target-module@d8000/mmc@0[0]'
[    0.582426] sdhci-omap 481d8000.mmc: using lookup tables for GPIO lookup
[    0.582436] sdhci-omap 481d8000.mmc: No GPIO consumer wp found
[    0.582633] sdhci-omap 481d8000.mmc: supply pbias not found, using dummy regulator
[    0.583651] sdhci-omap 481d8000.mmc: supply vqmmc not found, using dummy regulator
[    0.649627] davinci_mdio 4a101000.mdio: davinci mdio revision 1.6, bus freq 1000000
[    0.661565] mdio_bus 4a101000.mdio:00: using DT '/ocp/interconnect@4a000000/segment@0/target-module@100000/switch@0/mdio@1000/ethernet-phy@0' for 'reset' GPIO lookup
[    0.661670] of_get_named_gpiod_flags: parsed 'reset-gpios' property of node '/ocp/interconnect@4a000000/segment@0/target-module@100000/switch@0/mdio@1000/ethernet-phy@0[0]' - status (0)
[    0.661979] gpio gpiochip0: Persistence not supported for GPIO 8
[    0.790579] davinci_mdio 4a101000.mdio: phy[0]: device 4a101000.mdio:00, driver SMSC LAN8710/LAN8720
[    0.791354] cpsw-switch 4a100000.switch: initialized cpsw ale version 1.4
[    0.791376] cpsw-switch 4a100000.switch: ALE Table size 1024, Policers 0
[    0.791516] cpsw-switch 4a100000.switch: cpts: overflow check period 500 (jiffies)
[    0.791533] cpsw-switch 4a100000.switch: CPTS: ref_clk_freq:250000000 calc_mult:2147483648 calc_shift:29 error:0 nsec/sec
[    0.791647] cpsw-switch 4a100000.switch: Detected MACID = 6c:ec:eb:68:de:78
[    0.793650] cpsw-switch 4a100000.switch: initialized (regs 0x4a100000, pool size 256) hw_ver:0019010C 1.12 (0)
[    0.804720] debugfs: '49000000.dma' already exists in 'dmaengine'
[    0.804764] edma 49000000.dma: TI EDMA DMA engine driver
[    0.850854] gpio-clk clk_mcasp0: using DT '/clk_mcasp0' for 'enable' GPIO lookup
[    0.850930] of_get_named_gpiod_flags: parsed 'enable-gpios' property of node '/clk_mcasp0[0]' - status (0)
[    0.850976] gpio gpiochip0: Persistence not supported for GPIO 27
[    0.852089] gpiochip_find_base_unlocked: found new base at 608
[    0.852205] gpio gpiochip3: (gpio-96-127): created GPIO range 0->7 ==> 44e10800.pinmux PIN 82->89
[    0.852224] gpio gpiochip3: (gpio-96-127): created GPIO range 8->11 ==> 44e10800.pinmux PIN 52->55
[    0.852240] gpio gpiochip3: (gpio-96-127): created GPIO range 12->15 ==> 44e10800.pinmux PIN 94->97
[    0.852255] gpio gpiochip3: (gpio-96-127): created GPIO range 16->17 ==> 44e10800.pinmux PIN 71->72
[    0.852271] gpio gpiochip3: (gpio-96-127): created GPIO range 18->18 ==> 44e10800.pinmux PIN 135->135
[    0.852289] gpio gpiochip3: (gpio-96-127): created GPIO range 19->20 ==> 44e10800.pinmux PIN 108->109
[    0.852305] gpio gpiochip3: (gpio-96-127): created GPIO range 21->21 ==> 44e10800.pinmux PIN 73->73
[    0.852322] gpio gpiochip3: (gpio-96-127): created GPIO range 22->23 ==> 44e10800.pinmux PIN 8->9
[    0.852339] gpio gpiochip3: (gpio-96-127): created GPIO range 26->27 ==> 44e10800.pinmux PIN 10->11
[    0.852357] gpio gpiochip3: (gpio-96-127): created GPIO range 28->28 ==> 44e10800.pinmux PIN 74->74
[    0.852380] gpio gpiochip3: (gpio-96-127): created GPIO range 29->29 ==> 44e10800.pinmux PIN 81->81
[    0.852400] gpio gpiochip3: (gpio-96-127): created GPIO range 30->31 ==> 44e10800.pinmux PIN 28->29
[    0.854544] gpio gpiochip3: (gpio-96-127): added GPIO chardev (254:3)
[    0.854773] gpio gpiochip3: registered GPIOs 608 to 639 on gpio-96-127
[    0.857835] omap8250 44e09000.serial: using DT '/ocp/interconnect@44c00000/segment@200000/target-module@9000/serial@0' for 'rs485-term' GPIO lookup
[    0.857916] of_get_named_gpiod_flags: can't parse 'rs485-term-gpios' property of node '/ocp/interconnect@44c00000/segment@200000/target-module@9000/serial@0[0]'
[    0.857961] of_get_named_gpiod_flags: can't parse 'rs485-term-gpio' property of node '/ocp/interconnect@44c00000/segment@200000/target-module@9000/serial@0[0]'
[    0.857997] omap8250 44e09000.serial: using lookup tables for GPIO lookup
[    0.858007] omap8250 44e09000.serial: No GPIO consumer rs485-term found
[    0.858017] omap8250 44e09000.serial: using DT '/ocp/interconnect@44c00000/segment@200000/target-module@9000/serial@0' for 'rs485-rx-during-tx' GPIO lookup
[    0.858051] of_get_named_gpiod_flags: can't parse 'rs485-rx-during-tx-gpios' property of node '/ocp/interconnect@44c00000/segment@200000/target-module@9000/serial@0[0]'
[    0.858088] of_get_named_gpiod_flags: can't parse 'rs485-rx-during-tx-gpio' property of node '/ocp/interconnect@44c00000/segment@200000/target-module@9000/serial@0[0]'
[    0.858119] omap8250 44e09000.serial: using lookup tables for GPIO lookup
[    0.858127] omap8250 44e09000.serial: No GPIO consumer rs485-rx-during-tx found
[    0.858598] 44e09000.serial: ttyS0 at MMIO 0x44e09000 (irq = 34, base_baud = 3000000) is a 8250
[    0.858691] printk: legacy console [ttyS0] enabled
[    2.449690] i2c i2c-0: using DT '/ocp/interconnect@44c00000/segment@200000/target-module@b000/i2c@0' for 'scl' GPIO lookup
[    2.449790] of_get_named_gpiod_flags: can't parse 'scl-gpios' property of node '/ocp/interconnect@44c00000/segment@200000/target-module@b000/i2c@0[0]'
[    2.449836] of_get_named_gpiod_flags: can't parse 'scl-gpio' property of node '/ocp/interconnect@44c00000/segment@200000/target-module@b000/i2c@0[0]'
[    2.449876] i2c i2c-0: using lookup tables for GPIO lookup
[    2.449891] i2c i2c-0: No GPIO consumer scl found
[    2.449916] i2c i2c-0: using DT '/ocp/interconnect@44c00000/segment@200000/target-module@b000/i2c@0' for 'sda' GPIO lookup
[    2.449955] of_get_named_gpiod_flags: can't parse 'sda-gpios' property of node '/ocp/interconnect@44c00000/segment@200000/target-module@b000/i2c@0[0]'
[    2.449995] of_get_named_gpiod_flags: can't parse 'sda-gpio' property of node '/ocp/interconnect@44c00000/segment@200000/target-module@b000/i2c@0[0]'
[    2.450030] i2c i2c-0: using lookup tables for GPIO lookup
[    2.450042] i2c i2c-0: No GPIO consumer sda found
[    2.462834] tps65217-pmic: Failed to locate of_node [id: -1]
[    2.468904] tps65217-bl: Failed to locate of_node [id: -1]
[    2.474956] platform tps65217-charger: DMA mask not set
[    2.481014] platform tps65217-pwrbutton: DMA mask not set
[    2.488261] tps65217 0-0024: TPS65217 ID 0xe version 1.2
[    2.494365] /ocp/interconnect@48000000/segment@300000/target-module@e000/lcdc@0: Fixed dependency cycle(s) with /ocp/interconnect@44c00000/segment@200000/target-module@b000/i2c@0/tda19988@70
[    2.511792] /ocp/interconnect@44c00000/segment@200000/target-module@b000/i2c@0/tda19988@70: Fixed dependency cycle(s) with /ocp/interconnect@48000000/segment@300000/target-module@e000/lcdc@0
[    2.529178] omap_i2c 44e0b000.i2c: bus 0 rev0.11 at 400 kHz
[    2.536975] sdhci-omap 48060000.mmc: using DT '/ocp/interconnect@48000000/segment@0/target-module@60000/mmc@0' for 'cd' GPIO lookup
[    2.537083] of_get_named_gpiod_flags: parsed 'cd-gpios' property of node '/ocp/interconnect@48000000/segment@0/target-module@60000/mmc@0[0]' - status (0)
[    2.537150] gpio gpiochip3: Persistence not supported for GPIO 6
[    2.537176] omap_gpio 44e07000.gpio: Could not set line 6 debounce to 200000 microseconds (-22)
[    2.546056] sdhci-omap 48060000.mmc: Got CD GPIO
[    2.550707] sdhci-omap 48060000.mmc: using DT '/ocp/interconnect@48000000/segment@0/target-module@60000/mmc@0' for 'wp' GPIO lookup
[    2.550755] of_get_named_gpiod_flags: can't parse 'wp-gpios' property of node '/ocp/interconnect@48000000/segment@0/target-module@60000/mmc@0[0]'
[    2.550798] of_get_named_gpiod_flags: can't parse 'wp-gpio' property of node '/ocp/interconnect@48000000/segment@0/target-module@60000/mmc@0[0]'
[    2.550836] sdhci-omap 48060000.mmc: using lookup tables for GPIO lookup
[    2.550850] sdhci-omap 48060000.mmc: No GPIO consumer wp found
[    2.551061] sdhci-omap 48060000.mmc: supply pbias not found, using dummy regulator
[    2.559856] sdhci-omap 481d8000.mmc: using DT '/ocp/interconnect@48000000/segment@100000/target-module@d8000/mmc@0' for 'wp' GPIO lookup
[    2.559933] of_get_named_gpiod_flags: can't parse 'wp-gpios' property of node '/ocp/interconnect@48000000/segment@100000/target-module@d8000/mmc@0[0]'
[    2.559980] of_get_named_gpiod_flags: can't parse 'wp-gpio' property of node '/ocp/interconnect@48000000/segment@100000/target-module@d8000/mmc@0[0]'
[    2.560018] sdhci-omap 481d8000.mmc: using lookup tables for GPIO lookup
[    2.560032] sdhci-omap 481d8000.mmc: No GPIO consumer wp found
[    2.561164] sdhci-omap 48060000.mmc: supply vqmmc not found, using dummy regulator
[    2.569929] sdhci-omap 481d8000.mmc: supply pbias not found, using dummy regulator
[    2.605050] sdhci-omap 481d8000.mmc: supply vqmmc not found, using dummy regulator
[    2.722404] mmc1: SDHCI controller on 481d8000.mmc [481d8000.mmc] using External DMA
[    2.730718] mmc0: SDHCI controller on 48060000.mmc [48060000.mmc] using External DMA
[    2.739571] cpsw-switch 4a100000.switch: starting ndev. mode: dual_mac
[    2.802147] mmc1: new high speed MMC card at address 0001
[    2.808992] mmcblk1: mmc1:0001 MMC04G 3.60 GiB
[    2.816851]  mmcblk1: p1 p2
[    2.820614] SMSC LAN8710/LAN8720 4a101000.mdio:00: attached PHY driver (mii_bus:phy_addr=4a101000.mdio:00, irq=POLL)
[    2.833223] mmcblk1boot0: mmc1:0001 MMC04G 2.00 MiB
[    2.847075] mmcblk1boot1: mmc1:0001 MMC04G 2.00 MiB
[    2.856011] mmcblk1rpmb: mmc1:0001 MMC04G 128 KiB, chardev (249:0)
[    2.904942] mmc0: new high speed SDHC card at address aaaa
[    2.911768] mmcblk0: mmc0:aaaa SE32G 29.7 GiB
[    2.921029]  mmcblk0: p1 p2
[    6.002636] cpsw-switch 4a100000.switch eth0: Link is Up - 100Mbps/Full - flow control off
[    6.042115] IP-Config: Complete:
[    6.045391]      device=eth0, hwaddr=6c:ec:eb:68:de:78, ipaddr=192.168.255.1, mask=255.255.255.0, gw=255.255.255.255
[    6.056055]      host=bbb1, domain=, nis-domain=(none)
[    6.061224]      bootserver=192.168.255.126, rootserver=192.168.255.126, rootpath=
[    6.061636] clk: Disabling unused clocks
[    6.073536] KTAP version 1
[    6.076267] 1..0
[    6.078698] check access for rdinit=/init failed: -2, ignoring
[    6.107405] VFS: Mounted root (nfs filesystem) on device 0:17.
[    6.114475] devtmpfs: mounted
[    6.118947] Freeing unused kernel image (initmem) memory: 1024K
[    6.125883] Run /sbin/init as init process
[    6.130018]   with arguments:
[    6.130030]     /sbin/init
[    6.130039]     nfsrootdebug
[    6.130048]   with environment:
[    6.130057]     HOME=/
[    6.130066]     TERM=linux
[    6.789934] systemd[1]: System time before build time, advancing clock.
[    8.301885] random: crng init done
[    8.314577] systemd[1]: systemd 232 running in system mode. (+PAM +AUDIT +SELINUX +IMA +APPARMOR +SMACK +SYSVINIT +UTMP +LIBCRYPTSETUP +GCRYPT +GNUTLS +ACL +XZ +LZ4 +SECCOMP +BLKID +ELFUTILS +KMOD +IDN)
[    8.333667] systemd[1]: Detected architecture arm.
[    8.365003] systemd[1]: Set hostname to <arm>.
[    9.466234] systemd[1]: Listening on Journal Audit Socket.
[    9.493826] systemd[1]: Listening on udev Control Socket.
[    9.522261] systemd[1]: Reached target Remote File Systems.
[    9.552263] systemd[1]: Reached target Swap.
[    9.573707] systemd[1]: syslog.socket: SO_PASSSEC failed: Operation not supported
[    9.581432] systemd[1]: Listening on Syslog Socket.
[    9.603601] systemd[1]: Set up automount Arbitrary Executable File Formats File System Automount Point.
[   11.761658] systemd-journald[93]: Received request to flush runtime journal from PID 1
[   13.283895] omap_prm 44e00d00.prm: sync_state() pending due to 44d00000.cpu
[   14.583789] leds-gpio leds: using DT '/leds/led2' for '(default)' GPIO lookup
[   14.583899] of_get_named_gpiod_flags: parsed 'gpios' property of node '/leds/led2[0]' - status (0)
[   14.583959] gpio gpiochip0: Persistence not supported for GPIO 21
[   14.583973] gpio-533 (?): no flags found for GPIO (default)
[   14.623998] leds-gpio leds: using DT '/leds/led3' for '(default)' GPIO lookup
[   14.624266] of_get_named_gpiod_flags: parsed 'gpios' property of node '/leds/led3[0]' - status (0)
[   14.624334] gpio gpiochip0: Persistence not supported for GPIO 22
[   14.624349] gpio-534 (?): no flags found for GPIO (default)
[   14.682151] leds-gpio leds: using DT '/leds/led4' for '(default)' GPIO lookup
[   14.682251] of_get_named_gpiod_flags: parsed 'gpios' property of node '/leds/led4[0]' - status (0)
[   14.682304] gpio gpiochip0: Persistence not supported for GPIO 23
[   14.682320] gpio-535 (?): no flags found for GPIO (default)
[   14.742307] leds-gpio leds: using DT '/leds/led5' for '(default)' GPIO lookup
[   14.742405] of_get_named_gpiod_flags: parsed 'gpios' property of node '/leds/led5[0]' - status (0)
[   14.742458] gpio gpiochip0: Persistence not supported for GPIO 24
[   14.742472] gpio-536 (?): no flags found for GPIO (default)
[   15.034968] remoteproc remoteproc0: wkup_m3 is available
[   15.219916] at24 2-0054: supply vcc not found, using dummy regulator
[   15.384619] at24 2-0055: supply vcc not found, using dummy regulator
[   15.518007] at24 2-0056: supply vcc not found, using dummy regulator
[   15.631706] at24 2-0057: supply vcc not found, using dummy regulator
[   15.733009] at24 0-0050: using DT '/ocp/interconnect@44c00000/segment@200000/target-module@b000/i2c@0/eeprom@50' for 'wp' GPIO lookup
[   15.733120] of_get_named_gpiod_flags: can't parse 'wp-gpios' property of node '/ocp/interconnect@44c00000/segment@200000/target-module@b000/i2c@0/eeprom@50[0]'
[   15.733176] of_get_named_gpiod_flags: can't parse 'wp-gpio' property of node '/ocp/interconnect@44c00000/segment@200000/target-module@b000/i2c@0/eeprom@50[0]'
[   15.733222] at24 0-0050: using lookup tables for GPIO lookup
[   15.733237] at24 0-0050: No GPIO consumer wp found
[   15.733542] at24 0-0050: 32768 byte 24c256 EEPROM, writable, 1 bytes/write
[   16.030761] input: tps65217_pwrbutton as /devices/platform/ocp/44c00000.interconnect/44c00000.interconnect:segment@200000/44e0b000.target-module/44e0b000.i2c/i2c-0/0-0024/tps65217-pwrbutton/input/input0
[   16.233449] omap_rtc 44e3e000.rtc: registered as rtc0
[   16.239341] omap_rtc 44e3e000.rtc: setting system clock to 2000-01-01T00:00:00 UTC (946684800)
[   16.248247] omap_rtc 44e3e000.rtc: using DT '/ocp/interconnect@44c00000/segment@200000/target-module@3e000/rtc@0' for 'wp' GPIO lookup
[   16.248323] of_get_named_gpiod_flags: can't parse 'wp-gpios' property of node '/ocp/interconnect@44c00000/segment@200000/target-module@3e000/rtc@0[0]'
[   16.248374] of_get_named_gpiod_flags: can't parse 'wp-gpio' property of node '/ocp/interconnect@44c00000/segment@200000/target-module@3e000/rtc@0[0]'
[   16.248414] omap_rtc 44e3e000.rtc: using lookup tables for GPIO lookup
[   16.248429] omap_rtc 44e3e000.rtc: No GPIO consumer wp found
[   16.574182] omap_wdt: OMAP Watchdog Timer Rev 0x01: initial timeout 60 sec
[   16.656233] am335x-phy-driver 47401300.usb-phy: using DT '/ocp/target-module@47400000/usb-phy@1300' for 'reset' GPIO lookup
[   16.656328] of_get_named_gpiod_flags: can't parse 'reset-gpios' property of node '/ocp/target-module@47400000/usb-phy@1300[0]'
[   16.656372] of_get_named_gpiod_flags: can't parse 'reset-gpio' property of node '/ocp/target-module@47400000/usb-phy@1300[0]'
[   16.656410] am335x-phy-driver 47401300.usb-phy: using lookup tables for GPIO lookup
[   16.656425] am335x-phy-driver 47401300.usb-phy: No GPIO consumer reset found
[   16.656440] am335x-phy-driver 47401300.usb-phy: using DT '/ocp/target-module@47400000/usb-phy@1300' for 'vbus-detect' GPIO lookup
[   16.656471] of_get_named_gpiod_flags: can't parse 'vbus-detect-gpios' property of node '/ocp/target-module@47400000/usb-phy@1300[0]'
[   16.656505] of_get_named_gpiod_flags: can't parse 'vbus-detect-gpio' property of node '/ocp/target-module@47400000/usb-phy@1300[0]'
[   16.656531] am335x-phy-driver 47401300.usb-phy: using lookup tables for GPIO lookup
[   16.656543] am335x-phy-driver 47401300.usb-phy: No GPIO consumer vbus-detect found
[   16.656691] am335x-phy-driver 47401300.usb-phy: dummy supplies not allowed for exclusive requests (id=vbus)
[   16.836515] am335x-phy-driver 47401b00.usb-phy: using DT '/ocp/target-module@47400000/usb-phy@1b00' for 'reset' GPIO lookup
[   16.836632] of_get_named_gpiod_flags: can't parse 'reset-gpios' property of node '/ocp/target-module@47400000/usb-phy@1b00[0]'
[   16.836675] of_get_named_gpiod_flags: can't parse 'reset-gpio' property of node '/ocp/target-module@47400000/usb-phy@1b00[0]'
[   16.836713] am335x-phy-driver 47401b00.usb-phy: using lookup tables for GPIO lookup
[   16.836728] am335x-phy-driver 47401b00.usb-phy: No GPIO consumer reset found
[   16.836741] am335x-phy-driver 47401b00.usb-phy: using DT '/ocp/target-module@47400000/usb-phy@1b00' for 'vbus-detect' GPIO lookup
[   16.836771] of_get_named_gpiod_flags: can't parse 'vbus-detect-gpios' property of node '/ocp/target-module@47400000/usb-phy@1b00[0]'
[   16.836804] of_get_named_gpiod_flags: can't parse 'vbus-detect-gpio' property of node '/ocp/target-module@47400000/usb-phy@1b00[0]'
[   16.836830] am335x-phy-driver 47401b00.usb-phy: using lookup tables for GPIO lookup
[   16.836841] am335x-phy-driver 47401b00.usb-phy: No GPIO consumer vbus-detect found
[   16.836986] am335x-phy-driver 47401b00.usb-phy: dummy supplies not allowed for exclusive requests (id=vbus)
[   17.320703] usbcore: registered new interface driver usbfs
[   17.326618] usbcore: registered new interface driver hub
[   17.332195] usbcore: registered new device driver usb
[   17.728062] tda998x 0-0070: found TDA19988
[   18.081644] musb-hdrc musb-hdrc.1: MUSB HDRC host driver
[   18.087309] musb-hdrc musb-hdrc.1: new USB bus registered, assigned bus number 1
[   18.272887] omap-mailbox 480c8000.mailbox: omap mailbox rev 0x400
[   18.318308] usb usb1: New USB device found, idVendor=1d6b, idProduct=0002, bcdDevice= 6.17
[   18.326843] usb usb1: New USB device strings: Mfr=3, Product=2, SerialNumber=1
[   18.334297] usb usb1: Product: MUSB HDRC host driver
[   18.339295] usb usb1: Manufacturer: Linux 6.17.0-rc1-next-20250814 musb-hcd
[   18.346358] usb usb1: SerialNumber: musb-hdrc.1
[   18.478493] remoteproc remoteproc0: powering up wkup_m3
[   18.583136] remoteproc remoteproc0: Direct firmware load for am335x-pm-firmware.elf failed with error -2
[   18.593590] remoteproc remoteproc0: request_firmware failed: -2
[   18.599559] wkup_m3_ipc 44e11324.wkup_m3_ipc: rproc_boot failed
[   18.714422] hub 1-0:1.0: USB hub found
[   18.744937] hub 1-0:1.0: 1 port detected
[   21.437517] omap_rng 48310000.rng: Random Number Generator ver. 20
[   21.732730] tilcdc 4830e000.lcdc: bound 0-0070 (ops 0xbf12c0f8)
[   21.844095] [drm] Initialized tilcdc 1.0.0 for 4830e000.lcdc on minor 0
[   21.934308] tilcdc 4830e000.lcdc: [drm] Cannot find any crtc or sizes
[   21.951643] tilcdc 4830e000.lcdc: [drm] Cannot find any crtc or sizes
[   23.194268] PM: Cannot get wkup_m3_ipc handle
[   23.205800] ------------[ cut here ]------------
[   23.210494] WARNING: net/8021q/vlan_core.c:236 at vlan_for_each+0x114/0x134, CPU#0: avahi-daemon/296
[   23.219901] RTNL: assertion failed at net/8021q/vlan_core.c (236)
[   23.226059] Modules linked in: pm33xx crypto_engine ecdh_generic ti_emif_sram ecc libaes tilcdc drm_dma_helper omap_rng drm_client_lib rng_core snd_soc_davinci_mcasp snd_soc_ti_udma snd_soc_ti_edma snd_soc_ti_sdma snd_soc_core snd_pcm_dmaengine snd_pcm snd_timer omap_mailbox snd soundcore musb_dsps musb_hdrc tda998x udc_core usbcore cec drm_kms_helper phy_am335x phy_generic omap_wdt drm usb_common watchdog cppi41 wkup_m3_ipc rtc_omap tps65218_pwrbutton phy_am335x_control drm_panel_orientation_quirks at24 wkup_m3_rproc leds_gpio cpufreq_dt led_class autofs4
[   23.275896] CPU: 0 UID: 107 PID: 296 Comm: avahi-daemon Not tainted 6.17.0-rc1-next-20250814 #1 NONE 
[   23.275915] Hardware name: Generic AM33XX (Flattened Device Tree)
[   23.275924] Call trace: 
[   23.275940]  unwind_backtrace from show_stack+0x10/0x14
[   23.275981]  show_stack from dump_stack_lvl+0x50/0x64
[   23.276006]  dump_stack_lvl from __warn+0x88/0x148
[   23.276024]  __warn from warn_slowpath_fmt+0x19c/0x1b0
[   23.276037]  warn_slowpath_fmt from vlan_for_each+0x114/0x134
[   23.276060]  vlan_for_each from cpsw_add_mc_addr+0x40/0xa4
[   23.276089]  cpsw_add_mc_addr from __hw_addr_ref_sync_dev+0x108/0x140
[   23.276121]  __hw_addr_ref_sync_dev from __dev_mc_add+0x7c/0x80
[   23.276145]  __dev_mc_add from igmp6_group_added+0xc8/0xe0
[   23.276173]  igmp6_group_added from __ipv6_dev_mc_inc+0x218/0x364
[   23.276192]  __ipv6_dev_mc_inc from __ipv6_sock_mc_join+0x11c/0x214
[   23.276210]  __ipv6_sock_mc_join from do_ipv6_setsockopt+0x1214/0x1310
[   23.276243]  do_ipv6_setsockopt from ipv6_setsockopt+0x60/0xcc
[   23.276265]  ipv6_setsockopt from udpv6_setsockopt+0x2c/0x6c
[   23.276284]  udpv6_setsockopt from sock_common_setsockopt+0x30/0x40
[   23.276314]  sock_common_setsockopt from do_sock_setsockopt+0x50/0x9c
[   23.276336]  do_sock_setsockopt from __sys_setsockopt+0x70/0xbc
[   23.276356]  __sys_setsockopt from ret_fast_syscall+0x0/0x58
[   23.276375] Exception stack(0xe0319fa8 to 0xe0319ff0)
[   23.276389] 9fa0:                   00000014 b6ff0ce8 0000000d 00000029 00000014 bedeb9ec
[   23.276401] 9fc0: 00000014 b6ff0ce8 00000014 00000126 0000000d b6f99ff4 0050e988 004f6558
[   23.276409] 9fe0: b6faf088 bedeb9d8 b6f8c309 b6e6341a
[   23.276417] ---[ end trace 0000000000000000 ]---
[   23.559863] omap-sham 53100000.sham: hw accel on OMAP rev 4.3
[   23.782455] omap-sham 53100000.sham: will run requests pump with realtime priority
[   23.803858] PM: Cannot get wkup_m3_ipc handle
[   23.885636] omap-aes 53500000.aes: OMAP AES hw accel rev: 3.2
[   24.062306] omap-aes 53500000.aes: will run requests pump with realtime priority
[   24.076620] PM: Cannot get wkup_m3_ipc handle
[   24.837371] Bluetooth: Core ver 2.22
[   24.841199] NET: Registered PF_BLUETOOTH protocol family
[   24.846773] Bluetooth: HCI device and connection manager initialized
[   24.853272] Bluetooth: HCI socket layer initialized
[   24.858189] Bluetooth: L2CAP socket layer initialized
[   24.863336] Bluetooth: SCO socket layer initialized
[   28.169030] tda998x 0-0070: using DT '/ocp/interconnect@44c00000/segment@200000/target-module@b000/i2c@0/tda19988@70' for 'nxp,calib' GPIO lookup
[   28.169174] of_get_named_gpiod_flags: parsed 'nxp,calib-gpios' property of node '/ocp/interconnect@44c00000/segment@200000/target-module@b000/i2c@0/tda19988@70[0]' - status (0)
[   28.169259] gpio gpiochip0: Persistence not supported for GPIO 25
[   28.169274] gpio-537 (nxp,calib): no flags found for GPIO nxp,calib
[   28.198880] gpio-537 (nxp,calib): gpiod_direction_output_nonotify: tried to set a GPIO tied to an IRQ as output
[   28.321054] PM: Cannot get wkup_m3_ipc handle
[   28.328004] asoc-simple-card sound: using DT '/sound' for 'simple-audio-card,hp-det' GPIO lookup
[   28.328080] of_get_named_gpiod_flags: can't parse 'simple-audio-card,hp-det-gpios' property of node '/sound[0]'
[   28.328116] of_get_named_gpiod_flags: can't parse 'simple-audio-card,hp-det-gpio' property of node '/sound[0]'
[   28.328141] asoc-simple-card sound: using lookup tables for GPIO lookup
[   28.328155] asoc-simple-card sound: No GPIO consumer simple-audio-card,hp-det found
[   28.328169] asoc-simple-card sound: using DT '/sound' for 'simple-audio-card,mic-det' GPIO lookup
[   28.328195] of_get_named_gpiod_flags: can't parse 'simple-audio-card,mic-det-gpios' property of node '/sound[0]'
[   28.328221] of_get_named_gpiod_flags: can't parse 'simple-audio-card,mic-det-gpio' property of node '/sound[0]'
[   28.328241] asoc-simple-card sound: using lookup tables for GPIO lookup
[   28.328252] asoc-simple-card sound: No GPIO consumer simple-audio-card,mic-det found
[   28.428136] tda9950 0-0034: TDA9950 CEC interface, hardware version 3.3
[   28.510714] PM: Cannot get wkup_m3_ipc handle
[   28.594754] PM: Cannot get wkup_m3_ipc handle
[   30.410474] userial_init: registered 8 ttyGS* devices
[   30.636243] rndis_register: configNr = 0
[   30.677953] udc musb-hdrc.0: binding gadget driver [g_multi]
[   30.678048] configfs-gadget.g_multi gadget.0: adding 'rndis'/a3a6c403 to config 'c'/eff15104
[   30.679193] configfs-gadget.g_multi gadget.0: HOST MAC 1c:ba:8c:a2:ed:6c
[   30.686245] configfs-gadget.g_multi gadget.0: MAC 1c:ba:8c:a2:ed:70
[   30.692671] rndis_set_param_medium: 0 0
[   30.692693] configfs-gadget.g_multi gadget.0: RNDIS: IN/ep1in OUT/ep1out NOTIFY/ep2in
[   30.692711] configfs-gadget.g_multi gadget.0: adding 'cdc_ethernet'/04805ba3 to config 'c'/eff15104
[   30.693605] configfs-gadget.g_multi gadget.0: HOST MAC 1c:ba:8c:a2:ed:6c
[   30.700369] configfs-gadget.g_multi gadget.0: MAC 1c:ba:8c:a2:ed:6d
[   30.706803] configfs-gadget.g_multi gadget.0: CDC Ethernet: IN/ep3in OUT/ep2out NOTIFY/ep4in
[   30.706825] configfs-gadget.g_multi gadget.0: adding 'acm'/cb81a177 to config 'c'/eff15104
[   30.706859] configfs-gadget.g_multi gadget.0: acm ttyGS0: IN/ep5in OUT/ep3out NOTIFY/ep6in
[   30.726458] PM: Cannot get wkup_m3_ipc handle
[   32.620783] configfs-gadget.g_multi gadget.0: eth_open
[   36.388110] gs_open: ttyGS0 (567c1492,41e9e625)
[   36.388270] gs_close: ttyGS0 (567c1492,41e9e625) ...
[   36.388292] gs_close: ttyGS0 (567c1492,41e9e625) done!
[   36.401812] gs_open: ttyGS0 (567c1492,41e9e625)
[   36.402733] gs_close: ttyGS0 (567c1492,41e9e625) ...
[   36.402780] gs_close: ttyGS0 (567c1492,41e9e625) done!
[   36.577531] gs_open: ttyGS0 (19a576ab,8f03bd85)
[   36.580174] gs_close: ttyGS0 (19a576ab,8f03bd85) ...
[   36.580244] gs_close: ttyGS0 (19a576ab,8f03bd85) done!
[   36.586004] gs_open: ttyGS0 (19a576ab,8f03bd85)
SPHZVZOMNW 0
root@arm:~# echo 'JWBB''XZHJFB'
JWBBXZHJFB
root@arm:~# MARKER='AULJ''UBMOGM' run 'modprobe test_linear_ranges'
AULJUBMOGMAULJUBMOGM 0
root@arm:~# echo 'ZGOT''GBPCPN'
ZGOTGBPCPN
root@arm:~# MARKER='FWTX''SZXPHA' run dmesg
FWTXSZXPHA[    0.000000] Booting Linux on physical CPU 0x0
[    0.000000] Linux version 6.17.0-rc1-next-20250814 (user01@drvtest01) (arm-none-eabi-gcc (Arm GNU Toolchain 14.2.Rel1 (Build arm-14.52)) 14.2.1 20241119, GNU ld (Arm GNU Toolchain 14.2.Rel1 (Build arm-14.52)) 2.43.1.20241119) #1 SMP Thu Aug 14 06:59:41 EEST 2025
[    0.000000] CPU: ARMv7 Processor [413fc082] revision 2 (ARMv7), cr=10c5387d
[    0.000000] CPU: PIPT / VIPT nonaliasing data cache, VIPT aliasing instruction cache
[    0.000000] OF: fdt: Machine model: TI AM335x BeagleBone Black
[    0.000000] Memory policy: Data cache writeback
[    0.000000] cma: Reserved 16 MiB at 0x9e800000
[    0.000000] Zone ranges:
[    0.000000]   Normal   [mem 0x0000000080000000-0x000000009fdfffff]
[    0.000000]   HighMem  empty
[    0.000000] Movable zone start for each node
[    0.000000] Early memory node ranges
[    0.000000]   node   0: [mem 0x0000000080000000-0x000000009fdfffff]
[    0.000000] Initmem setup node 0 [mem 0x0000000080000000-0x000000009fdfffff]
[    0.000000] On node 0, zone Normal: 512 pages in unavailable ranges
[    0.000000] OF: reserved mem: Reserved memory: No reserved-memory node in the DT
[    0.000000] CPU: All CPU(s) started in SVC mode.
[    0.000000] AM335X ES2.1 (sgx neon)
[    0.000000] percpu: Embedded 17 pages/cpu s39820 r8192 d21620 u69632
[    0.000000] pcpu-alloc: s39820 r8192 d21620 u69632 alloc=17*4096
[    0.000000] pcpu-alloc: [0] 0 
[    0.000000] Kernel command line: console=ttyO0,115200n8 root=/dev/nfs rw nfsroot=192.168.255.126:/home/user01/nfs,nfsvers=3 ip=192.168.255.1:192.168.255.126::255.255.255.0:bbb1:eth0 nfsrootdebug
[    0.000000] Unknown kernel command line parameters "nfsrootdebug", will be passed to user space.
[    0.000000] printk: log buffer data + meta data: 65536 + 204800 = 270336 bytes
[    0.000000] Dentry cache hash table entries: 65536 (order: 6, 262144 bytes, linear)
[    0.000000] Inode-cache hash table entries: 32768 (order: 5, 131072 bytes, linear)
[    0.000000] Built 1 zonelists, mobility grouping on.  Total pages: 130560
[    0.000000] mem auto-init: stack:off, heap alloc:off, heap free:off
[    0.000000] SLUB: HWalign=16, Order=0-3, MinObjects=0, CPUs=1, Nodes=1
[    0.000000] rcu: Hierarchical RCU implementation.
[    0.000000] rcu: 	RCU event tracing is enabled.
[    0.000000] rcu: 	RCU restricting CPUs from NR_CPUS=2 to nr_cpu_ids=1.
[    0.000000] 	Tracing variant of Tasks RCU enabled.
[    0.000000] rcu: RCU calculated value of scheduler-enlistment delay is 10 jiffies.
[    0.000000] rcu: Adjusting geometry for rcu_fanout_leaf=16, nr_cpu_ids=1
[    0.000000] RCU Tasks Trace: Setting shift to 0 and lim to 1 rcu_task_cb_adjust=1 rcu_task_cpu_ids=1.
[    0.000000] NR_IRQS: 16, nr_irqs: 16, preallocated irqs: 16
[    0.000000] IRQ: Found an INTC at 0x(ptrval) (revision 5.0) with 128 interrupts
[    0.000000] rcu: srcu_init: Setting srcu_struct sizes based on contention.
[    0.000000] TI gptimer clocksource: always-on /ocp/interconnect@44c00000/segment@200000/target-module@31000
[    0.000002] sched_clock: 32 bits at 24MHz, resolution 41ns, wraps every 89478484971ns
[    0.000025] clocksource: dmtimer: mask: 0xffffffff max_cycles: 0xffffffff, max_idle_ns: 79635851949 ns
[    0.000520] TI gptimer clockevent: 24000000 Hz at /ocp/interconnect@48000000/segment@0/target-module@40000
[    0.002100] Console: colour dummy device 80x30
[    0.002170] WARNING: Your 'console=ttyO0' has been replaced by 'ttyS0'
[    0.002177] This ensures that you still see kernel messages. Please
[    0.002182] update your kernel commandline.
[    0.002225] Calibrating delay loop... 996.14 BogoMIPS (lpj=4980736)
[    0.090636] CPU: Testing write buffer coherency: ok
[    0.090722] CPU0: Spectre v2: using BPIALL workaround
[    0.090731] pid_max: default: 32768 minimum: 301
[    0.090885] LSM: initializing lsm=capability
[    0.091045] Mount-cache hash table entries: 1024 (order: 0, 4096 bytes, linear)
[    0.091063] Mountpoint-cache hash table entries: 1024 (order: 0, 4096 bytes, linear)
[    0.092637] CPU0: thread -1, cpu 0, socket -1, mpidr 0
[    0.092697] cacheinfo: Unable to detect cache hierarchy for CPU 0
[    0.094690] Setting up static identity map for 0x80100000 - 0x80100078
[    0.095033] rcu: Hierarchical SRCU implementation.
[    0.095045] rcu: 	Max phase no-delay instances is 1000.
[    0.096728] smp: Bringing up secondary CPUs ...
[    0.096784] smp: Brought up 1 node, 1 CPU
[    0.096797] SMP: Total of 1 processors activated (996.14 BogoMIPS).
[    0.096808] CPU: All CPU(s) started in SVC mode.
[    0.097006] Memory: 480856K/522240K available (11264K kernel code, 1219K rwdata, 2936K rodata, 1024K init, 253K bss, 23352K reserved, 16384K cma-reserved, 0K highmem)
[    0.097827] devtmpfs: initialized
[    0.114804] VFP support v0.3: implementor 41 architecture 3 part 30 variant c rev 3
[    0.115451] clocksource: jiffies: mask: 0xffffffff max_cycles: 0xffffffff, max_idle_ns: 19112604462750000 ns
[    0.115508] posixtimers hash table entries: 512 (order: 0, 4096 bytes, linear)
[    0.115534] futex hash table entries: 256 (16384 bytes on 1 NUMA nodes, total 16 KiB, linear).
[    0.116651] pinctrl core: initialized pinctrl subsystem
[    0.118776] NET: Registered PF_NETLINK/PF_ROUTE protocol family
[    0.121832] DMA: preallocated 256 KiB pool for atomic coherent allocations
[    0.122430] audit: initializing netlink subsys (disabled)
[    0.123743] thermal_sys: Registered thermal governor 'fair_share'
[    0.123758] thermal_sys: Registered thermal governor 'step_wise'
[    0.123769] thermal_sys: Registered thermal governor 'user_space'
[    0.123877] audit: type=2000 audit(0.120:1): state=initialized audit_enabled=0 res=1
[    0.123947] cpuidle: using governor menu
[    0.142078] /ocp/interconnect@44c00000/segment@200000/target-module@b000/i2c@0/tda19988@70: Fixed dependency cycle(s) with /ocp/interconnect@48000000/segment@300000/target-module@e000/lcdc@0
[    0.143197] /ocp/interconnect@48000000/segment@300000/target-module@e000/lcdc@0: Fixed dependency cycle(s) with /ocp/interconnect@44c00000/segment@200000/target-module@b000/i2c@0/tda19988@70
[    0.145420] No ATAGs?
[    0.145464] hw-breakpoint: debug architecture 0x4 unsupported.
[    0.148560] kprobes: kprobe jump-optimization is enabled. All kprobes are optimized if possible.
[    0.154256] iommu: Default domain type: Translated
[    0.154279] iommu: DMA domain TLB invalidation policy: strict mode
[    0.155844] reg-fixed-voltage fixedregulator0: using DT '/fixedregulator0' for '(default)' GPIO lookup
[    0.155897] of_get_named_gpiod_flags: can't parse 'gpios' property of node '/fixedregulator0[0]'
[    0.155924] of_get_named_gpiod_flags: can't parse 'gpio' property of node '/fixedregulator0[0]'
[    0.155942] reg-fixed-voltage fixedregulator0: using lookup tables for GPIO lookup
[    0.155952] reg-fixed-voltage fixedregulator0: No GPIO consumer (default) found
[    0.161373] SCSI subsystem initialized
[    0.161855] libata version 3.00 loaded.
[    0.162233] pps_core: LinuxPPS API ver. 1 registered
[    0.162244] pps_core: Software ver. 5.3.6 - Copyright 2005-2007 Rodolfo Giometti <giometti@linux.it>
[    0.162267] PTP clock support registered
[    0.171483] vgaarb: loaded
[    0.171866] clocksource: Switched to clocksource dmtimer
[    0.172539] VFS: Disk quotas dquot_6.6.0
[    0.172596] VFS: Dquot-cache hash table entries: 1024 (order 0, 4096 bytes)
[    0.197838] NET: Registered PF_INET protocol family
[    0.198172] IP idents hash table entries: 8192 (order: 4, 65536 bytes, linear)
[    0.199596] tcp_listen_portaddr_hash hash table entries: 512 (order: 0, 4096 bytes, linear)
[    0.199637] Table-perturb hash table entries: 65536 (order: 6, 262144 bytes, linear)
[    0.199655] TCP established hash table entries: 4096 (order: 2, 16384 bytes, linear)
[    0.199701] TCP bind hash table entries: 4096 (order: 4, 65536 bytes, linear)
[    0.199801] TCP: Hash tables configured (established 4096 bind 4096)
[    0.199922] UDP hash table entries: 256 (order: 1, 14336 bytes, linear)
[    0.199958] UDP-Lite hash table entries: 256 (order: 1, 14336 bytes, linear)
[    0.200147] NET: Registered PF_UNIX/PF_LOCAL protocol family
[    0.202918] RPC: Registered named UNIX socket transport module.
[    0.202940] RPC: Registered udp transport module.
[    0.202945] RPC: Registered tcp transport module.
[    0.202950] RPC: Registered tcp-with-tls transport module.
[    0.202955] RPC: Registered tcp NFSv4.1 backchannel transport module.
[    0.202979] PCI: CLS 0 bytes, default 64
[    0.204380] Initialise system trusted keyrings
[    0.212577] workingset: timestamp_bits=14 max_order=17 bucket_order=3
[    0.213959] NFS: Registering the id_resolver key type
[    0.214088] Key type id_resolver registered
[    0.214095] Key type id_legacy registered
[    0.214203] jffs2: version 2.2. (NAND) (SUMMARY)  Â© 2001-2006 Red Hat, Inc.
[    0.214662] Key type asymmetric registered
[    0.214678] Asymmetric key parser 'x509' registered
[    0.214751] io scheduler mq-deadline registered
[    0.214762] io scheduler kyber registered
[    0.214839] io scheduler bfq registered
[    0.216719] target-module@4b000000:target-module@140000:pmu@0:fck: device ID is greater than 24
[    0.222914] l3-aon-clkctrl:0000:0: failed to disable
[    0.232056] ledtrig-cpu: registered to indicate activity on CPUs
[    0.235804] Serial: 8250/16550 driver, 6 ports, IRQ sharing enabled
[    0.281317] brd: module loaded
[    0.289809] loop: module loaded
[    0.290737] mtdoops: mtd device (mtddev=name/number) must be supplied
[    0.292568] mdio_bus fixed-0: using lookup tables for GPIO lookup
[    0.292592] mdio_bus fixed-0: No GPIO consumer reset found
[    0.294000] i2c_dev: i2c /dev entries driver
[    0.295011] cpuidle: enable-method property 'ti,am3352' found operations
[    0.295445] sdhci: Secure Digital Host Controller Interface driver
[    0.295455] sdhci: Copyright(c) Pierre Ossman
[    0.295626] sdhci-pltfm: SDHCI platform and OF driver helper
[    0.302258] hw perfevents: enabled with armv7_cortex_a8 PMU driver, 5 (8000000f) counters available
[    0.302808] Initializing XFRM netlink socket
[    0.302978] NET: Registered PF_INET6 protocol family
[    0.308631] l3-aon-clkctrl:0000:0: failed to disable
[    0.312547] Segment Routing with IPv6
[    0.312633] In-situ OAM (IOAM) with IPv6
[    0.312729] sit: IPv6, IPv4 and MPLS over IPv4 tunneling driver
[    0.313681] NET: Registered PF_PACKET protocol family
[    0.313709] NET: Registered PF_KEY protocol family
[    0.313833] Key type dns_resolver registered
[    0.314063] ThumbEE CPU extension supported.
[    0.314085] Registering SWP/SWPB emulation handler
[    0.314621] omap_voltage_late_init: Voltage driver support not added
[    0.315320] SmartReflex Class3 initialized
[    0.344711] Loading compiled-in X.509 certificates
[    0.380580] /ocp/interconnect@44c00000/segment@200000/target-module@b000/i2c@0/tda19988@70: Fixed dependency cycle(s) with /ocp/interconnect@48000000/segment@300000/target-module@e000/lcdc@0
[    0.387141] /ocp/interconnect@44c00000/segment@200000/target-module@b000/i2c@0/tda19988@70: Fixed dependency cycle(s) with /ocp/interconnect@48000000/segment@300000/target-module@e000/lcdc@0
[    0.392848] gpiochip_find_base_unlocked: found new base at 512
[    0.429878] /ocp/interconnect@44c00000/segment@200000/target-module@b000/i2c@0/tda19988@70: Fixed dependency cycle(s) with /ocp/interconnect@48000000/segment@300000/target-module@e000/lcdc@0
[    0.430759] /ocp/interconnect@44c00000/segment@200000/target-module@b000/i2c@0/tda19988@70: Fixed dependency cycle(s) with /ocp/interconnect@48000000/segment@300000/target-module@e000/lcdc@0
[    0.434561] /ocp/interconnect@44c00000/segment@200000/target-module@10000/scm@0/pinmux@800: Fixed dependency cycle(s) with /ocp/interconnect@44c00000/segment@200000/target-module@10000/scm@0/pinmux@800/clkout2-pins
[    0.435152] pinctrl-single 44e10800.pinmux: 142 pins, size 568
[    0.440431] ti-sysc 44e31000.target-module: probe with driver ti-sysc failed with error -16
[    0.467353] /ocp/interconnect@48000000/segment@300000/target-module@e000/lcdc@0: Fixed dependency cycle(s) with /ocp/interconnect@44c00000/segment@200000/target-module@b000/i2c@0/tda19988@70
[    0.475798] ti-sysc 48040000.target-module: probe with driver ti-sysc failed with error -16
[    0.487448] gpiochip_find_base_unlocked: found new base at 512
[    0.487548] gpio gpiochip0: (gpio-0-31): created GPIO range 0->7 ==> 44e10800.pinmux PIN 0->7
[    0.487568] gpio gpiochip0: (gpio-0-31): created GPIO range 8->11 ==> 44e10800.pinmux PIN 90->93
[    0.487584] gpio gpiochip0: (gpio-0-31): created GPIO range 12->27 ==> 44e10800.pinmux PIN 12->27
[    0.487599] gpio gpiochip0: (gpio-0-31): created GPIO range 28->31 ==> 44e10800.pinmux PIN 30->33
[    0.509149] gpio gpiochip0: (gpio-0-31): added GPIO chardev (254:0)
[    0.509367] gpio gpiochip0: registered GPIOs 512 to 543 on gpio-0-31
[    0.509454] OMAP GPIO hardware version 0.1
[    0.535558] i2c i2c-2: using DT '/ocp/interconnect@48000000/segment@100000/target-module@9c000/i2c@0' for 'scl' GPIO lookup
[    0.535644] of_get_named_gpiod_flags: can't parse 'scl-gpios' property of node '/ocp/interconnect@48000000/segment@100000/target-module@9c000/i2c@0[0]'
[    0.535688] of_get_named_gpiod_flags: can't parse 'scl-gpio' property of node '/ocp/interconnect@48000000/segment@100000/target-module@9c000/i2c@0[0]'
[    0.535725] i2c i2c-2: using lookup tables for GPIO lookup
[    0.535736] i2c i2c-2: No GPIO consumer scl found
[    0.535757] i2c i2c-2: using DT '/ocp/interconnect@48000000/segment@100000/target-module@9c000/i2c@0' for 'sda' GPIO lookup
[    0.535792] of_get_named_gpiod_flags: can't parse 'sda-gpios' property of node '/ocp/interconnect@48000000/segment@100000/target-module@9c000/i2c@0[0]'
[    0.535828] of_get_named_gpiod_flags: can't parse 'sda-gpio' property of node '/ocp/interconnect@48000000/segment@100000/target-module@9c000/i2c@0[0]'
[    0.535860] i2c i2c-2: using lookup tables for GPIO lookup
[    0.535868] i2c i2c-2: No GPIO consumer sda found
[    0.536573] omap_i2c 4819c000.i2c: bus 2 rev0.11 at 100 kHz
[    0.542373] gpiochip_find_base_unlocked: found new base at 544
[    0.542476] gpio gpiochip1: (gpio-32-63): created GPIO range 0->17 ==> 44e10800.pinmux PIN 34->51
[    0.542496] gpio gpiochip1: (gpio-32-63): created GPIO range 18->21 ==> 44e10800.pinmux PIN 77->80
[    0.542512] gpio gpiochip1: (gpio-32-63): created GPIO range 22->31 ==> 44e10800.pinmux PIN 56->65
[    0.557016] gpio gpiochip1: (gpio-32-63): added GPIO chardev (254:1)
[    0.557253] gpio gpiochip1: registered GPIOs 544 to 575 on gpio-32-63
[    0.559630] gpiochip_find_base_unlocked: found new base at 576
[    0.559725] gpio gpiochip2: (gpio-64-95): created GPIO range 0->4 ==> 44e10800.pinmux PIN 66->70
[    0.559745] gpio gpiochip2: (gpio-64-95): created GPIO range 5->6 ==> 44e10800.pinmux PIN 98->99
[    0.559760] gpio gpiochip2: (gpio-64-95): created GPIO range 7->8 ==> 44e10800.pinmux PIN 75->76
[    0.559775] gpio gpiochip2: (gpio-64-95): created GPIO range 13->13 ==> 44e10800.pinmux PIN 141->141
[    0.559791] gpio gpiochip2: (gpio-64-95): created GPIO range 14->21 ==> 44e10800.pinmux PIN 100->107
[    0.560450] gpio gpiochip2: (gpio-64-95): added GPIO chardev (254:2)
[    0.560654] gpio gpiochip2: registered GPIOs 576 to 607 on gpio-64-95
[    0.566599] 48000000.interconnect:segment@200000:target-module@0:mpu@0:fck: device ID is greater than 24
[    0.567490] /ocp/interconnect@48000000/segment@300000/target-module@e000/lcdc@0: Fixed dependency cycle(s) with /ocp/interconnect@44c00000/segment@200000/target-module@b000/i2c@0/tda19988@70
[    0.570367] /ocp/interconnect@48000000/segment@300000/target-module@e000/lcdc@0: Fixed dependency cycle(s) with /ocp/interconnect@44c00000/segment@200000/target-module@b000/i2c@0/tda19988@70
[    0.571081] /ocp/interconnect@44c00000/segment@200000/target-module@b000/i2c@0/tda19988@70: Fixed dependency cycle(s) with /ocp/interconnect@48000000/segment@300000/target-module@e000/lcdc@0
[    0.571236] /ocp/interconnect@48000000/segment@300000/target-module@e000/lcdc@0: Fixed dependency cycle(s) with /ocp/interconnect@44c00000/segment@200000/target-module@b000/i2c@0/tda19988@70
[    0.581025] mdio_bus 4a101000.mdio: using DT '/ocp/interconnect@4a000000/segment@0/target-module@100000/switch@0/mdio@1000' for 'reset' GPIO lookup
[    0.581098] of_get_named_gpiod_flags: can't parse 'reset-gpios' property of node '/ocp/interconnect@4a000000/segment@0/target-module@100000/switch@0/mdio@1000[0]'
[    0.581144] of_get_named_gpiod_flags: can't parse 'reset-gpio' property of node '/ocp/interconnect@4a000000/segment@0/target-module@100000/switch@0/mdio@1000[0]'
[    0.581191] mdio_bus 4a101000.mdio: using lookup tables for GPIO lookup
[    0.581201] mdio_bus 4a101000.mdio: No GPIO consumer reset found
[    0.582290] sdhci-omap 481d8000.mmc: using DT '/ocp/interconnect@48000000/segment@100000/target-module@d8000/mmc@0' for 'wp' GPIO lookup
[    0.582351] of_get_named_gpiod_flags: can't parse 'wp-gpios' property of node '/ocp/interconnect@48000000/segment@100000/target-module@d8000/mmc@0[0]'
[    0.582393] of_get_named_gpiod_flags: can't parse 'wp-gpio' property of node '/ocp/interconnect@48000000/segment@100000/target-module@d8000/mmc@0[0]'
[    0.582426] sdhci-omap 481d8000.mmc: using lookup tables for GPIO lookup
[    0.582436] sdhci-omap 481d8000.mmc: No GPIO consumer wp found
[    0.582633] sdhci-omap 481d8000.mmc: supply pbias not found, using dummy regulator
[    0.583651] sdhci-omap 481d8000.mmc: supply vqmmc not found, using dummy regulator
[    0.649627] davinci_mdio 4a101000.mdio: davinci mdio revision 1.6, bus freq 1000000
[    0.661565] mdio_bus 4a101000.mdio:00: using DT '/ocp/interconnect@4a000000/segment@0/target-module@100000/switch@0/mdio@1000/ethernet-phy@0' for 'reset' GPIO lookup
[    0.661670] of_get_named_gpiod_flags: parsed 'reset-gpios' property of node '/ocp/interconnect@4a000000/segment@0/target-module@100000/switch@0/mdio@1000/ethernet-phy@0[0]' - status (0)
[    0.661979] gpio gpiochip0: Persistence not supported for GPIO 8
[    0.790579] davinci_mdio 4a101000.mdio: phy[0]: device 4a101000.mdio:00, driver SMSC LAN8710/LAN8720
[    0.791354] cpsw-switch 4a100000.switch: initialized cpsw ale version 1.4
[    0.791376] cpsw-switch 4a100000.switch: ALE Table size 1024, Policers 0
[    0.791516] cpsw-switch 4a100000.switch: cpts: overflow check period 500 (jiffies)
[    0.791533] cpsw-switch 4a100000.switch: CPTS: ref_clk_freq:250000000 calc_mult:2147483648 calc_shift:29 error:0 nsec/sec
[    0.791647] cpsw-switch 4a100000.switch: Detected MACID = 6c:ec:eb:68:de:78
[    0.793650] cpsw-switch 4a100000.switch: initialized (regs 0x4a100000, pool size 256) hw_ver:0019010C 1.12 (0)
[    0.804720] debugfs: '49000000.dma' already exists in 'dmaengine'
[    0.804764] edma 49000000.dma: TI EDMA DMA engine driver
[    0.850854] gpio-clk clk_mcasp0: using DT '/clk_mcasp0' for 'enable' GPIO lookup
[    0.850930] of_get_named_gpiod_flags: parsed 'enable-gpios' property of node '/clk_mcasp0[0]' - status (0)
[    0.850976] gpio gpiochip0: Persistence not supported for GPIO 27
[    0.852089] gpiochip_find_base_unlocked: found new base at 608
[    0.852205] gpio gpiochip3: (gpio-96-127): created GPIO range 0->7 ==> 44e10800.pinmux PIN 82->89
[    0.852224] gpio gpiochip3: (gpio-96-127): created GPIO range 8->11 ==> 44e10800.pinmux PIN 52->55
[    0.852240] gpio gpiochip3: (gpio-96-127): created GPIO range 12->15 ==> 44e10800.pinmux PIN 94->97
[    0.852255] gpio gpiochip3: (gpio-96-127): created GPIO range 16->17 ==> 44e10800.pinmux PIN 71->72
[    0.852271] gpio gpiochip3: (gpio-96-127): created GPIO range 18->18 ==> 44e10800.pinmux PIN 135->135
[    0.852289] gpio gpiochip3: (gpio-96-127): created GPIO range 19->20 ==> 44e10800.pinmux PIN 108->109
[    0.852305] gpio gpiochip3: (gpio-96-127): created GPIO range 21->21 ==> 44e10800.pinmux PIN 73->73
[    0.852322] gpio gpiochip3: (gpio-96-127): created GPIO range 22->23 ==> 44e10800.pinmux PIN 8->9
[    0.852339] gpio gpiochip3: (gpio-96-127): created GPIO range 26->27 ==> 44e10800.pinmux PIN 10->11
[    0.852357] gpio gpiochip3: (gpio-96-127): created GPIO range 28->28 ==> 44e10800.pinmux PIN 74->74
[    0.852380] gpio gpiochip3: (gpio-96-127): created GPIO range 29->29 ==> 44e10800.pinmux PIN 81->81
[    0.852400] gpio gpiochip3: (gpio-96-127): created GPIO range 30->31 ==> 44e10800.pinmux PIN 28->29
[    0.854544] gpio gpiochip3: (gpio-96-127): added GPIO chardev (254:3)
[    0.854773] gpio gpiochip3: registered GPIOs 608 to 639 on gpio-96-127
[    0.857835] omap8250 44e09000.serial: using DT '/ocp/interconnect@44c00000/segment@200000/target-module@9000/serial@0' for 'rs485-term' GPIO lookup
[    0.857916] of_get_named_gpiod_flags: can't parse 'rs485-term-gpios' property of node '/ocp/interconnect@44c00000/segment@200000/target-module@9000/serial@0[0]'
[    0.857961] of_get_named_gpiod_flags: can't parse 'rs485-term-gpio' property of node '/ocp/interconnect@44c00000/segment@200000/target-module@9000/serial@0[0]'
[    0.857997] omap8250 44e09000.serial: using lookup tables for GPIO lookup
[    0.858007] omap8250 44e09000.serial: No GPIO consumer rs485-term found
