Labgrid Console Logfile for main
Logfile started at 2025-09-04 17:47:41.167304
=== Log starts here ===
reading args
spl_load_image_fat_os: error reading image args, err - -1
reading u-boot.img
reading u-boot.img


U-Boot 2014.04-00014-g47880f5 (Apr 22 2014 - 13:23:54)

I2C:   ready
DRAM:  512 MiB
NAND:  0 MiB
MMC:   OMAP SD/MMC: 0, OMAP SD/MMC: 1
*** Warning - readenv() failed, using default environment

Net:   <ethaddr> not set. Validating first E-fuse MAC
cpsw, usb_ether
Hit any key to stop autoboot:  1  0 
gpio: pin 53 (gpio 53) value is 1
mmc0 is current device
gpio: pin 54 (gpio 54) value is 1
SD/MMC found on device 0
reading uEnv.txt
569 bytes read in 3 ms (184.6 KiB/s)
gpio: pin 55 (gpio 55) value is 1
Loaded environment from uEnv.txt
Importing environment from mmc ...
Checking if uenvcmd is set ...
gpio: pin 56 (gpio 56) value is 1
Running uenvcmd ...
cpsw Waiting for PHY auto negotiation to complete. done
link up on port 0, speed 100, full duplex
Using cpsw device
TFTP from server 192.168.255.126; our IP address is 192.168.255.1
Filename 'zImage'.
Load address: 0x81000000
Loading: *#################################################################
	 #################################################################
	 #################################################################
	 #################################################################
	 #################################################################
	 ########################################
	 2.4 MiB/s
done
Bytes transferred = 5352544 (51ac60 hex)
link up on port 0, speed 100, full duplex
Using cpsw device
TFTP from server 192.168.255.126; our IP address is 192.168.255.1
Filename 'am335x-boneblack.dtb'.
Load address: 0x82000000
Loading: *#######
	 1.2 MiB/s
done
Bytes transferred = 97772 (17dec hex)
Kernel image @ 0x81000000 [ 0x000000 - 0x51ac60 ]
## Flattened Device Tree blob at 82000000
   Booting using the fdt blob at 0x82000000
   Using Device Tree in place at 82000000, end 8201adeb

Starting kernel ...

[    0.000000] Booting Linux on physical CPU 0x0
[    0.000000] Linux version 6.6.104 (user01@drvtest01) (arm-none-eabi-gcc (Arm GNU Toolchain 14.2.Rel1 (Build arm-14.52)) 14.2.1 20241119, GNU ld (Arm GNU Toolchain 14.2.Rel1 (Build arm-14.52)) 2.43.1.20241119) #1 SMP Thu Sep  4 17:45:55 EEST 2025
[    0.000000] CPU: ARMv7 Processor [413fc082] revision 2 (ARMv7), cr=10c5387d
[    0.000000] CPU: PIPT / VIPT nonaliasing data cache, VIPT aliasing instruction cache
[    0.000000] OF: fdt: Machine model: TI AM335x BeagleBone Black
[    0.000000] Memory policy: Data cache writeback
[    0.000000] cma: Reserved 16 MiB at 0x9e800000 on node -1
[    0.000000] Zone ranges:
[    0.000000]   Normal   [mem 0x0000000080000000-0x000000009fdfffff]
[    0.000000]   HighMem  empty
[    0.000000] Movable zone start for each node
[    0.000000] Early memory node ranges
[    0.000000]   node   0: [mem 0x0000000080000000-0x000000009fdfffff]
[    0.000000] Initmem setup node 0 [mem 0x0000000080000000-0x000000009fdfffff]
[    0.000000] CPU: All CPU(s) started in SVC mode.
[    0.000000] AM335X ES2.1 (sgx neon)
[    0.000000] percpu: Embedded 16 pages/cpu s36116 r8192 d21228 u65536
[    0.000000] Kernel command line: console=ttyO0,115200n8 root=/dev/nfs rw nfsroot=192.168.255.126:/home/user01/nfs,nfsvers=3 ip=192.168.255.1:192.168.255.126::255.255.255.0:bbb1:eth0 nfsrootdebug
[    0.000000] Unknown kernel command line parameters "nfsrootdebug", will be passed to user space.
[    0.000000] Dentry cache hash table entries: 65536 (order: 6, 262144 bytes, linear)
[    0.000000] Inode-cache hash table entries: 32768 (order: 5, 131072 bytes, linear)
[    0.000000] Built 1 zonelists, mobility grouping on.  Total pages: 129412
[    0.000000] mem auto-init: stack:off, heap alloc:off, heap free:off
[    0.000000] Memory: 483604K/522240K available (11264K kernel code, 1165K rwdata, 2704K rodata, 1024K init, 282K bss, 22252K reserved, 16384K cma-reserved, 0K highmem)
[    0.000000] SLUB: HWalign=64, Order=0-3, MinObjects=0, CPUs=1, Nodes=1
[    0.000000] rcu: Hierarchical RCU implementation.
[    0.000000] rcu: 	RCU event tracing is enabled.
[    0.000000] rcu: 	RCU restricting CPUs from NR_CPUS=2 to nr_cpu_ids=1.
[    0.000000] rcu: RCU calculated value of scheduler-enlistment delay is 10 jiffies.
[    0.000000] rcu: Adjusting geometry for rcu_fanout_leaf=16, nr_cpu_ids=1
[    0.000000] NR_IRQS: 16, nr_irqs: 16, preallocated irqs: 16
[    0.000000] IRQ: Found an INTC at 0x(ptrval) (revision 5.0) with 128 interrupts
[    0.000000] rcu: srcu_init: Setting srcu_struct sizes based on contention.
[    0.000000] TI gptimer clocksource: always-on /ocp/interconnect@44c00000/segment@200000/target-module@31000
[    0.000003] sched_clock: 32 bits at 24MHz, resolution 41ns, wraps every 89478484971ns
[    0.000028] clocksource: dmtimer: mask: 0xffffffff max_cycles: 0xffffffff, max_idle_ns: 79635851949 ns
[    0.000512] TI gptimer clockevent: 24000000 Hz at /ocp/interconnect@48000000/segment@0/target-module@40000
[    0.002073] Console: colour dummy device 80x30
[    0.002124] WARNING: Your 'console=ttyO0' has been replaced by 'ttyS0'
[    0.002132] This ensures that you still see kernel messages. Please
[    0.002137] update your kernel commandline.
[    0.002176] Calibrating delay loop... 996.14 BogoMIPS (lpj=4980736)
[    0.090564] CPU: Testing write buffer coherency: ok
[    0.090661] CPU0: Spectre v2: using BPIALL workaround
[    0.090672] pid_max: default: 32768 minimum: 301
[    0.090788] LSM: initializing lsm=capability,integrity
[    0.090956] Mount-cache hash table entries: 1024 (order: 0, 4096 bytes, linear)
[    0.090978] Mountpoint-cache hash table entries: 1024 (order: 0, 4096 bytes, linear)
[    0.092438] CPU0: thread -1, cpu 0, socket -1, mpidr 0
[    0.094043] Setting up static identity map for 0x80100000 - 0x80100078
[    0.094325] rcu: Hierarchical SRCU implementation.
[    0.094337] rcu: 	Max phase no-delay instances is 1000.
[    0.095706] smp: Bringing up secondary CPUs ...
[    0.095763] smp: Brought up 1 node, 1 CPU
[    0.095777] SMP: Total of 1 processors activated (996.14 BogoMIPS).
[    0.095788] CPU: All CPU(s) started in SVC mode.
[    0.096674] devtmpfs: initialized
[    0.112975] VFP support v0.3: implementor 41 architecture 3 part 30 variant c rev 3
[    0.113331] clocksource: jiffies: mask: 0xffffffff max_cycles: 0xffffffff, max_idle_ns: 19112604462750000 ns
[    0.113366] futex hash table entries: 256 (order: 2, 16384 bytes, linear)
[    0.114650] pinctrl core: initialized pinctrl subsystem
[    0.116784] NET: Registered PF_NETLINK/PF_ROUTE protocol family
[    0.119304] DMA: preallocated 256 KiB pool for atomic coherent allocations
[    0.119915] audit: initializing netlink subsys (disabled)
[    0.121432] thermal_sys: Registered thermal governor 'fair_share'
[    0.121452] thermal_sys: Registered thermal governor 'step_wise'
[    0.121458] thermal_sys: Registered thermal governor 'user_space'
[    0.121672] audit: type=2000 audit(0.110:1): state=initialized audit_enabled=0 res=1
[    0.121707] cpuidle: using governor menu
[    0.138003] /ocp/interconnect@44c00000/segment@200000/target-module@b000/i2c@0/tda19988@70: Fixed dependency cycle(s) with /ocp/interconnect@48000000/segment@300000/target-module@e000/lcdc@0
[    0.139068] /ocp/interconnect@48000000/segment@300000/target-module@e000/lcdc@0: Fixed dependency cycle(s) with /ocp/interconnect@44c00000/segment@200000/target-module@b000/i2c@0/tda19988@70
[    0.141286] No ATAGs?
[    0.141305] hw-breakpoint: debug architecture 0x4 unsupported.
[    0.144305] kprobes: kprobe jump-optimization is enabled. All kprobes are optimized if possible.
[    0.163654] iommu: Default domain type: Translated
[    0.163675] iommu: DMA domain TLB invalidation policy: strict mode
[    0.165122] SCSI subsystem initialized
[    0.166946] pps_core: LinuxPPS API ver. 1 registered
[    0.166959] pps_core: Software ver. 5.3.6 - Copyright 2005-2007 Rodolfo Giometti <giometti@linux.it>
[    0.166984] PTP clock support registered
[    0.170821] vgaarb: loaded
[    0.171155] clocksource: Switched to clocksource dmtimer
[    0.171760] VFS: Disk quotas dquot_6.6.0
[    0.171818] VFS: Dquot-cache hash table entries: 1024 (order 0, 4096 bytes)
[    0.203682] NET: Registered PF_INET protocol family
[    0.204021] IP idents hash table entries: 8192 (order: 4, 65536 bytes, linear)
[    0.205359] tcp_listen_portaddr_hash hash table entries: 512 (order: 0, 4096 bytes, linear)
[    0.205397] Table-perturb hash table entries: 65536 (order: 6, 262144 bytes, linear)
[    0.205413] TCP established hash table entries: 4096 (order: 2, 16384 bytes, linear)
[    0.205460] TCP bind hash table entries: 4096 (order: 4, 65536 bytes, linear)
[    0.205561] TCP: Hash tables configured (established 4096 bind 4096)
[    0.205693] UDP hash table entries: 256 (order: 1, 8192 bytes, linear)
[    0.205723] UDP-Lite hash table entries: 256 (order: 1, 8192 bytes, linear)
[    0.205894] NET: Registered PF_UNIX/PF_LOCAL protocol family
[    0.207069] RPC: Registered named UNIX socket transport module.
[    0.207089] RPC: Registered udp transport module.
[    0.207095] RPC: Registered tcp transport module.
[    0.207100] RPC: Registered tcp-with-tls transport module.
[    0.207105] RPC: Registered tcp NFSv4.1 backchannel transport module.
[    0.207129] PCI: CLS 0 bytes, default 64
[    0.208694] Initialise system trusted keyrings
[    0.211933] workingset: timestamp_bits=14 max_order=17 bucket_order=3
[    0.221712] NFS: Registering the id_resolver key type
[    0.221785] Key type id_resolver registered
[    0.221793] Key type id_legacy registered
[    0.221847] jffs2: version 2.2. (NAND) (SUMMARY)  Â© 2001-2006 Red Hat, Inc.
[    0.222252] Key type asymmetric registered
[    0.222268] Asymmetric key parser 'x509' registered
[    0.222341] io scheduler mq-deadline registered
[    0.222352] io scheduler kyber registered
[    0.222422] io scheduler bfq registered
[    0.225128] hw perfevents: enabled with armv7_cortex_a8 PMU driver, 5 counters available
[    0.233424] l3-aon-clkctrl:0000:0: failed to disable
[    0.241366] Serial: 8250/16550 driver, 6 ports, IRQ sharing enabled
[    0.292678] brd: module loaded
[    0.300549] loop: module loaded
[    0.301644] mtdoops: mtd device (mtddev=name/number) must be supplied
[    0.304401] i2c_dev: i2c /dev entries driver
[    0.305376] cpuidle: enable-method property 'ti,am3352' found operations
[    0.305832] sdhci: Secure Digital Host Controller Interface driver
[    0.305843] sdhci: Copyright(c) Pierre Ossman
[    0.306040] sdhci-pltfm: SDHCI platform and OF driver helper
[    0.317605] ledtrig-cpu: registered to indicate activity on CPUs
[    0.318445] Initializing XFRM netlink socket
[    0.318571] NET: Registered PF_INET6 protocol family
[    0.320346] Segment Routing with IPv6
[    0.320419] In-situ OAM (IOAM) with IPv6
[    0.320528] sit: IPv6, IPv4 and MPLS over IPv4 tunneling driver
[    0.321676] NET: Registered PF_PACKET protocol family
[    0.321708] NET: Registered PF_KEY protocol family
[     0.321850] Key type dns_resolver registered
[    0.322082] ThumbEE CPU extension supported.
[    0.322102] Registering SWP/SWPB emulation handler
[    0.322612] omap_voltage_late_init: Voltage driver support not added
[    0.323260] SmartReflex Class3 initialized
[    0.358394] Loading compiled-in X.509 certificates
[    0.416208] /ocp/interconnect@44c00000/segment@200000/target-module@b000/i2c@0/tda19988@70: Fixed dependency cycle(s) with /ocp/interconnect@48000000/segment@300000/target-module@e 000/lcdc@0
[    0.422506] /ocp/interconnect@44c00000/segment@200000/target-module@b000/i2c@0/tda19988@70: Fixed dependency cycle(s) with /ocp/interconnect@48000000/segment@300000/target-module@e000/lcdc@0
[    0.430262] /ocp/interconnect@44c00000/segment@200000/target-module@b000/i2c@0/tda19988@70: Fixed dependency cycle(s) with /ocp/interconnect@48000000/segment@300000/target-module@e000/lcdc@0
[    0.431103] /ocp/interconnect@44c00000/segment@200000/target-module@b000/i2c@0/tda19988@70: Fixed dependency cycle(s) with /ocp/interconnect@48000000/segment@300000/target-module@e000/lcdc@0
[    0.434586] /ocp/interconnect@44c00000/segment@200000/target-module@10000/scm@0/pinmux@800: Fixed dependency cycle(s) with /ocp/interconnect@44c00000/segment@200000/target-module@10000/scm@0/pinmux@800/clkout2-pins
[    0.435200] pinctrl-single 44e10800.pinmux: 142 pins, size 568
[    0.440140] ti-sysc: probe of 44e31000.target-module failed with error -16
[    0.478440] /ocp/interconnect@48000000/segment@300000/target-module@e000/lcdc@0: Fixed dependency cycle(s) with /ocp/interconnect@44c00000/segment@200000/target-module@b000/i2c@0/tda19988@70
[    0.486345] ti-sysc: probe of 48040000.target-module failed with error -16
[    0.519713] OMAP GPIO hardware version 0.1
[    0.546056] omap_i2c 4819c000.i2c: bus 2 rev0.11 at 100 kHz
[    0.575287] /ocp/interconnect@48000000/segment@300000/target-module@e000/lcdc@0: Fixed dependency cycle(s) with /ocp/interconnect@44c00000/segment@200000/target-module@b000/i2c@0/tda19988@nect@48000000/segment@300000/target-module@e000/lcdc@0
[    0.578808] /ocp/interconnect@48000000/segment@300000/target-module@e000/lcdc@0: Fixed dependency cycle(s) with /ocp/interconnect@44c00000/segment@200000/target-module@b000/i2c@0/tda19988@70
[    0.589598] sdhci-omap 481d8000.mmc: supply pbias not found, using dummy regulator
[    0.590073] sdhci-omap 481d8000.mmc: supply vqmmc not found, using dummy regulator
[    0.668155] davinci_mdio 4a101000.mdio: davinci mdio revision 1.6, bus freq 1000000
[    0.873049] davinci_mdio 4a101000.mdio: phy[0]: device 4a101000.mdio:00, driver SMSC LAN8710/LAN8720
[    0.873680] cpsw-switch 4a100000.switch: initialized cpsw ale version 1.4
[    0.873701] cpsw-switch 4a100000.switch: ALE Table size 1024
[    0.874001] cpsw-switch 4a100000.switch: cpts: overflow check period 500 (jiffies)
[    0.874022] cpsw-switch 4a100000.switch: CPTS: ref_clk_freq:250000000 calc_mult:2147483648 calc_shift:29 error:0 nsec/sec
[    0.874122] cpsw-switch 4a100000.switch: Detected MACID = 6c:ec:eb:68:de:78
[    0.875965] cpsw-switch 4a100000.switch: initialized (regs 0x4a100000, pool size 256) hw_ver:0019010C 1.12 (0)
[    0.886703] debugfs: Directory '49000000.dma' with parent 'dmaengine' already present!
[    0.886745] edma 49000000.dma: TI EDMA DMA engine driver
[    0.944741] 44e09000.serial: ttyS0 at MMIO 0x44e09000 (irq = 34, base_baud = 3000000) is a 8250
[    0.944825] printk: console [ttyS0] enabled
[    2.162082] tps65217-pmic: Failed to locate of_node [id: -1]
[    2.168120] tps65217-bl: Failed to locate of_node [id: -1]
[    2.179101] tps65217 0-0024: TPS65217 ID 0xe version 1.2
[    2.185236] /ocp/interconnect@48000000/segment@300000/target-module@e000/lcdc@0: Fixed dependency cycle(s) with /ocp/interconnect@44c00000/segment@200000/target-module@b000/i2c@0/tda19988@70
[    2.202591] /ocp/interconnect@44c00000/segment@200000/target-module@b000/i2c@0/tda19988@70: Fixed dependency cycle(s) with /ocp/interconnect@48000000/segment@300000/target-module@e000/lcdc@0
[    2.219938] omap_i2c 44e0b000.i2c: bus 0 rev0.11 at 400 kHz
[    2.227874] omap_gpio 44e07000.gpio: Could not set line 6 debounce to 200000 microseconds (-22)
[    2.236742] sdhci-omap 48060000.mmc: Got CD GPIO
[    2.241752] sdhci-omap 48060000.mmc: supply pbias not found, using dummy regulator
[    2.251974] sdhci-omap 48060000.mmc: supply vqmmc not found, using dummy regulator
[    2.260639] sdhci-omap 481d8000.mmc: supply pbias not found, using dummy regulator
[    2.269648] sdhci-omap 481d8000.mmc: supply vqmmc not found, using dummy regulator
[    2.309344] mmc1: SDHCI controller on 481d8000.mmc [481d8000.mmc] using External DMA
[    2.317803] mmc0: SDHCI controller on 48060000.mmc [48060000.mmc] using External DMA
[    2.326433] cpsw-switch 4a100000.switch: starting ndev. mode: dual_mac
[    2.391436] mmc1: new high speed MMC card at address 0001
[    2.398333] mmcblk1: mmc1:0001 MMC04G 3.60 GiB
[    2.405872]  mmcblk1: p1 p2
[    2.409173] mmc0: new high speed SDHC card at address aaaa
[    2.415891] mmcblk0: mmc0:aaaa SE32G 29.7 GiB
[    2.423666] mmcblk1boot0: mmc1:0001 MMC04G 2.00 MiB
[    2.429627]  mmcblk0: p1 p2
[    2.434851] mmcblk1boot1: mmc1:0001 MMC04G 2.00 MiB
[    2.441763] mmcblk1rpmb: mmc1:0001 MMC04G 128 KiB, chardev (250:0)
[    2.482340] SMSC LAN8710/LAN8720 4a101000.mdio:00: attached PHY driver (mii_bus:phy_addr=4a101000.mdio:00, irq=POLL)
[    5.601886] cpsw-switch 4a100000.switch eth0: Link is Up - 100Mbps/Full - flow control off
[    5.641377] IP-Config: Complete:
[    5.644645]      device=eth0, hwaddr=6c:ec:eb:68:de:78, ipaddr=192.168.255.1, mask=255.255.255.0, gw=255.255.255.255
[    5.655301]      host=bbb1, domain=, nis-domain=(none)
[    5.660467]      bootserver=192.168.255.126, rootserver=192.168.255.126, rootpath=
[    5.660883] clk: Disabling unused clocks
[    5.672738] KTAP version 1
[    5.675468] 1..0
[    5.699216] VFS: Mounted root (nfs filesystem) on device 0:16.
[    5.706300] devtmpfs: mounted
[    5.710912] Freeing unused kernel image (initmem) memory: 1024K
[    5.717689] Run /sbin/init as init process
[    6.402211] systemd[1]: System time before build time, advancing clock.
[    7.871174] random: crng init done
[    7.942099] systemd[1]: systemd 232 running in system mode. (+PAM +AUDIT +SELINUX +IMA +APPARMOR +SMACK +SYSVINIT +UTMP +LIBCRYPTSETUP +GCRYPT +GNUTLS +ACL +XZ +LZ4 +SECCOMP +BLKID +ELFUTILS +KMOD +IDN)
[    7.961083] systemd[1]: Detected architecture arm.

Welcome to [1mDebian GNU/Linux 9 (stretch)[0m!

[    8.004123] systemd[1]: Set hostname to <arm>.
[    9.081917] systemd[1]: Reached target Remote File Systems.
[[0;32m  OK  [0m] Reached target Remote File Systems.
[    9.123260] systemd[1]: Listening on Syslog Socket.
[[0;32m  OK  [0m] Listening on Syslog Socket.
[    9.162046] systemd[1]: Started Dispatch Password Requests to Console Directory Watch.
[[0;32m  OK  [0m] Started Dispatch Password Requests to Console Directory Watch.
[    9.201905] systemd[1]: Started Forward Password Requests to Wall Directory Watch.
[[0;32m  OK  [0m] Started Forward Password Requests to Wall Directory Watch.
[    9.241448] systemd[1]: Reached target Encrypted Volumes.
[[0;32m  OK  [0m] Reached target Encrypted Volumes.
[    9.282621] systemd[1]: Created slice User and Session Slice.
[[0;32m  OK  [0m] Created slice User and Session Slice.
[    9.321880] systemd[1]: Listening on Journal Socket (/dev/log).
[[0;32m  OK  [0m] Listening on Journal Socket (/dev/log).
[[0;32m  OK  [0m] Created slice System Slice.
[[0;32m  OK  [0m] Reached target Slices.
         Mounting Debug File System...
         Mounting POSIX Message Queue File System...
[[0;32m  OK  [0m] Created slice system-getty.slice.
[[0;32m  OK  [0m] Listening on /dev/initctl Compatibility Named Pipe.
[[0;32m  OK  [0m] Listening on udev Control Socket.
[[0;32m  OK  [0m] Reached target Paths.
[[0;32m  OK  [0m] Listening on Journal Socket.
         Starting Create list of required stâ€¦ce nodes for the current kernel...
         Starting Load Kernel Modules...
         Starting Remount Root and Kernel File Systems...
[[0;32m  OK  [0m] Set up automount Arbitrary Executabâ€¦rmats File System Automount Point.
[[0;32m  OK  [0m] Listening on Journal Audit Socket.
         Starting Journal Service...
[[0;32m  OK  [0m] Reached target Swap.
[[0;32m  OK  [0m] Listening on udev Kernel Socket.
[[0;32m  OK  [0m] Created slice system-serial\x2dgetty.slice.
[[0;32m  OK  [0m] Mounted POSIX Message Queue File System.
[[0;32m  OK  [0m] Mounted Debug File System.
[[0;32m  OK  [0m] Started Create list of required staâ€¦vice nodes for the current kernel.
[[0;32m  OK  [0m] Started Load Kernel Modules.
[[0;32m  OK  [0m] Started Remount Root and Kernel File Systems.
         Starting Load/Save Random Seed...
         Starting udev Coldplug all Devices...
         Mounting Configuration File System...
         Starting Apply Kernel Variables...
         Starting Create Static Device Nodes in /dev...
[[0;32m  OK  [0m] Mounted Configuration File System.
[[0;32m  OK  [0m] Started Load/Save Random Seed.
[[0;32m  OK  [0m] Started Apply Kernel Variables.
[[0;32m  OK  [0m] Started Journal Service.
         Starting Flush Journal to Persistent Storage...
[[0;32m  OK  [0m] Started Create Static Device Nodes in /dev.
[[0;32m  OK  [0m] Reached target Local File Systems (Pre).[   11.155689] systemd-journald[84]: Received request to flush runtime journal from PID 1

[[0;32m  OK  [0m] Reached target Local File Systems.
         Starting Raise network interfaces...
         Starting udev Kernel Device Manager...
[[0;32m  OK  [0m] Started Flush Journal to Persistent Storage.
         Starting Create Volatile Files and Directories...
[[0;32m  OK  [0m] Started udev Kernel Device Manager.
[[0;32m  OK  [0m] Started Create Volatile Files and Directories.
         Starting Update UTMP about System Boot/Shutdown...
         Starting Network Time Synchronization...
[[0;32m  OK  [0m] Started Update UTMP about System Boot/Shutdown.
[[0;32m  OK  [0m] Started udev Coldplug all Devices.
[[0;32m  OK  [0m] Started Network Time Synchronization.
[[0;32m  OK  [0m] Reached target System Initialization.
[[0;32m  OK  [0m] Listening on D-Bus System Message Bus Socket.
[[0;32m  OK  [0m] Started Daily Cleanup of Temporary Directories.
[[0;32m  OK  [0m] Listening on Avahi mDNS/DNS-SD Stack Activation Socket.
[[0;32m  OK  [0m] Reached target Sockets.
[[0;32m  OK  [0m] Reached target Basic System.
[   14.604676] remoteproc remoteproc0: wkup_m3 is available
         Starting Login Service...
         Starting DUN service...
[[0;32m  OK  [0m] Started D-Bus System Message Bus.
[   15.224019] omap_wdt: OMAP Watchdog Timer Rev 0x01: initial timeout 60 sec
[   15.324586] at24 2-0054: supply vcc not found, using dummy regulator
[   15.383968] am335x-phy-driver 47401300.usb-phy: dummy supplies not allowed for exclusive requests
[   15.451984] usbcore: registered new interface driver usbfs
[   15.457609] usbcore: registered new interface driver hub
[   15.463158] usbcore: registered new device driver usb
[   15.520024] at24 2-0055: supply vcc not found, using dummy regulator
[   15.549076] am335x-phy-driver 47401b00.usb-phy: dummy supplies not allowed for exclusive requests
[   15.639808] at24 2-0056: supply vcc not found, using dummy regulator
[   15.733041] tps6521x_pwrbutton tps65217-pwrbutton: DMA mask not set
[   15.752295] at24 2-0057: supply vcc not found, using dummy regulator
[   15.852646] input: tps65217_pwrbutton as /devices/platform/ocp/44c00000.interconnect/44c00000.interconnect:segment@200000/44e0b000.target-module/44e0b000.i2c/i2c-0/0-0024/tps65217-pwrbutton/input/input0
[   15.895802] at24 0-0050: 32768 byte 24c256 EEPROM, writable, 1 bytes/write
[   16.087193] wkup_m3_ipc 44e11324.wkup_m3_ipc: IPC Request for A8->M3 Channel failed! -517
[   16.284491] omap_rtc 44e3e000.rtc: registered as rtc0
[   16.289666] omap_rtc 44e3e000.rtc: setting system clock to 2000-01-01T00:00:00 UTC (946684800)
[   16.317600] wkup_m3_ipc 44e11324.wkup_m3_ipc: IPC Request for A8->M3 Channel failed! -517
[   16.502139] wkup_m3_ipc 44e11324.wkup_m3_ipc: IPC Request for A8->M3 Channel failed! -517
[   16.625200] musb-hdrc musb-hdrc.1: MUSB HDRC host driver
[   16.630611] musb-hdrc musb-hdrc.1: new USB bus registered, assigned bus number 1
[   16.642247] wkup_m3_ipc 44e11324.wkup_m3_ipc: IPC Request for A8->M3 Channel failed! -517
[   16.746461] usb usb1: New USB device found, idVendor=1d6b, idProduct=0002, bcdDevice= 6.06
[   16.755047] usb usb1: New USB device strings: Mfr=3, Product=2, SerialNumber=1
[   16.762468] usb usb1: Product: MUSB HDRC host driver
[   16.767462] usb usb1: Manufacturer: Linux 6.6.104 musb-hcd
[   16.773027] usb usb1: SerialNumber: musb-hdrc.1
[   16.904382] hub 1-0:1.0: USB hub found
[   16.971418] hub 1-0:1.0: 1 port detected
[   17.033677] wkup_m3_ipc 44e11324.wkup_m3_ipc: IPC Request for A8->M3 Channel failed! -517
[   17.162666] wkup_m3_ipc 44e11324.wkup_m3_ipc: IPC Request for A8->M3 Channel failed! -517
[   17.388803] omap-mailbox 480c8000.mailbox: omap mailbox rev 0x400
[   17.471847] remoteproc remoteproc0: powering up wkup_m3
[   17.480106] tda998x 0-0070: found TDA19988
[   17.584766] remoteproc remoteproc0: Direct firmware load for am335x-pm-firmware.elf failed with error -2
[   17.594555] remoteproc remoteproc0: request_firmware failed: -2
[   17.600518] wkup_m3_ipc 44e11324.wkup_m3_ipc: rproc_boot failed
[[0;32m  OK  [0m] Started DUN service.
         Starting Connection service...
         Starting LSB: Load kernel modules needed to enable cpufreq scaling...
         Starting Cape Manager Service...
         Starting Avahi mDNS/DNS-SD Stack...
         Starting Telephony service...
[   19.558824] tilcdc 4830e000.lcdc: bound 0-0070 (ops tda998x_audio_codec_init [tda998x])
         Starting System Logging Service...
[   19.665129] omap_rng 48310000.rng: Random Number Generator ver. 20
[   19.696287] [drm] Initialized tilcdc 1.0.0 20121205 for 4830e000.lcdc on minor 0
[   19.809209] tilcdc 4830e000.lcdc: [drm] Cannot find any crtc or sizes
         Starting LSB: Start busybox udhcpd at boot time...
         Starting Generic Board Startup...
[[0;32m  OK  [0m] Started Regular background program processing daemon.
[   20.104289] tilcdc 4830e000.lcdc: [drm] Cannot find any crtc or sizes
[[0;32m  OK  [0m] Reached target System Time Synchronized.
[[0;32m  OK  [0m] Started Daily apt download activities.
[[0;32m  OK  [0m] Started Daily apt upgrade and clean activities.
[[0;32m  OK  [0m] Reached target Timers.
[[0;32m  OK  [0m] Found device /dev/ttyS0.
[   21.110125] omap-sham 53100000.sham: hw accel on OMAP rev 4.3
[   21.145695] PM: Cannot get wkup_m3_ipc handle
[   21.271991] omap-aes 53500000.aes: OMAP AES hw accel rev: 3.2
[   21.318204] omap-sham 53100000.sham: will run requests pump with realtime priority
[   21.332840] PM: Cannot get wkup_m3_ipc handle
[   21.419515] omap-aes 53500000.aes: will run requests pump with realtime priority
[   21.428429] PM: Cannot get wkup_m3_ipc handle
[[0;32m  OK  [0m] Started System Logging Service.
[[0;32m  OK  [0m] Started Cape Manager Service.
[   23.087799] Bluetooth: Core ver 2.22
[   23.091804] NET: Registered PF_BLUETOOTH protocol family
[   23.097152] Bluetooth: HCI device and connection manager initialized
[   23.103664] Bluetooth: HCI socket layer initialized
[   23.108579] Bluetooth: L2CAP socket layer initialized
[   23.113721] Bluetooth: SCO socket layer initialized
[   25.249368] PM: Cannot get wkup_m3_ipc handle
[   25.495534] PM: Cannot get wkup_m3_ipc handle
[[0;32m  OK  [0m] Started LSB: Start busybox udhcpd at boot time.
[[0;32m  OK  [0m] Started LSB: Load kernel modules needed to enable cpufreq scaling.
[[0;32m  OK  [0m] Started Raise network interfaces.
[   28.500328] configfs-gadget.g_multi gadget.0: HOST MAC 1c:ba:8c:a2:ed:6c
[   28.507313] configfs-gadget.g_multi gadget.0: MAC 1c:ba:8c:a2:ed:70
[   28.514737] configfs-gadget.g_multi gadget.0: HOST MAC 1c:ba:8c:a2:ed:6c
[   28.521592] configfs-gadget.g_multi gadget.0: MAC 1c:ba:8c:a2:ed:6d
[   28.533628] PM: Cannot get wkup_m3_ipc handle
[[0;32m  OK  [0m] Started Telephony service.
[[0;32m  OK  [0m] Started Connection service.
[[0;32m  OK  [0m] Started Avahi mDNS/DNS-SD Stack.
[[0;32m  OK  [0m] Started Login Service.
         Starting Hostname Service...
         Starting WPA supplicant...
[[0;32m  OK  [0m] Reached target Sound Card.
         Starting LSB: set CPUFreq kernel parameters...
[[0;32m  OK  [0m] Started Hostname Service.
[[0;32m  OK  [0m] Started WPA supplicant.
[[0;32m  OK  [0m] Reached target Network.
         Starting The Apache HTTP Server...
         Starting OpenBSD Secure Shell server...
         Starting Permit User Sessions...
[[0;32m  OK  [0m] Reached target Network is Online.
         Starting LSB: Advanced IEEE 802.11 management daemon...
[[0;32m  OK  [0m] Started LSB: set CPUFreq kernel parameters.
[[0;32m  OK  [0m] Started LSB: Advanced IEEE 802.11 management daemon.
[[0;32m  OK  [0m] Started Permit User Sessions.
[[0;32m  OK  [0m] Started Serial Getty on ttyS0.
[[0;32m  OK  [0m] Started Getty on tty1.
[[0;32m  OK  [0m] Reached target Login Prompts.
[[0;32m  OK  [0m] Started OpenBSD Secure Shell server.
         Stopping LSB: Start busybox udhcpd at boot time...
[[0;32m  OK  [0m] Stopped LSB: Start busybox udhcpd at boot time.
[[0;32m  OK  [0m] Started The Apache HTTP Server.
         Starting dnsmasq - A lightweight DHCP and caching DNS server...
[[0;32m  OK  [0m] Started dnsmasq - A lightweight DHCP and caching DNS server.
[[0;32m  OK  [0m] Reached target Host and Network Name Lookups.
[[0;32m  OK  [0m] Started Serial Getty on ttyGS0.
[[0;32m  OK  [0m] Started Generic Board Startup.
[[0;32m  OK  [0m] Reached target Multi-User System.
[[0;32m  OK  [0m] Reached target Graphical Interface.
         Starting Update UTMP about System Runlevel Changes...
[[0;32m  OK  [0m] Started Update UTMP about System Runlevel Changes.

Debian GNU/Linux 9 arm ttyS0

default username:password is [debian:temppwd]

arm login: root
Password: 
Last login: Sat Jan  1 00:00:34 UTC 2000 on ttyS0
root
Linux arm 6.6.104 #1 SMP Thu Sep  4 17:45:55 EEST 2025 armv7l

The programs included with the Debian GNU/Linux system are free software;
the exact distribution terms for each program are described in the
individual files in /usr/share/doc/*/copyright.

Debian GNU/Linux comes with ABSOLUTELY NO WARRANTY, to the extent
permitted by applicable law.
root@arm:~# root
-bash: root: command not found
root@arm:~# dmesg -n 1
root@arm:~# echo 'ZMUL''UNVYCL'
ZMULUNVYCL
root@arm:~# run() { echo -n "$MARKER"; sh -c "$@"; echo "$MARKER $?"; }
root@arm:~# echo 'HFXG''CEYTLG'
HFXGCEYTLG
root@arm:~# MARKER='CNJU''UQUQLY' run 'cat /proc/version'
CNJUUQUQLYLinux version 6.6.104 (user01@drvtest01) (arm-none-eabi-gcc (Arm GNU Toolchain 14.2.Rel1 (Build arm-14.52)) 14.2.1 20241119, GNU ld (Arm GNU Toolchain 14.2.Rel1 (Build arm-14.52)) 2.43.1.20241119) #1 SMP Thu Sep  4 17:45:55 EEST 2025
CNJUUQUQLY 0
root@arm:~# echo 'AJTH''GEZKFW'
AJTHGEZKFW
root@arm:~# MARKER='JTVB''TBWBUO' run false
JTVBTBWBUOJTVBTBWBUO 1
root@arm:~# Labgrid Console Logfile for main
Logfile started at 2025-09-04 17:48:39.650651
=== Log starts here ===

root@arm:~# run() { echo -n "$MARKER"; sh -c "$@"; echo "$MARKER $?"; }
root@arm:~# echo 'SVZF''LECMVL'
SVZFLECMVL
root@arm:~# MARKER='ZMLX''NBNLWM' run 'ls /iio_generic_buffer; echo $?'
ZMLXNBNLWM/iio_generic_buffer
0
ZMLXNBNLWM 0
root@arm:~# Labgrid Console Logfile for main
Logfile started at 2025-09-04 17:48:43.046433
=== Log starts here ===

root@arm:~# run() { echo -n "$MARKER"; sh -c "$@"; echo "$MARKER $?"; }
root@arm:~# echo 'TNXJ''YFJWCY'
TNXJYFJWCY
root@arm:~# MARKER='EEWB''MJTEOQ' run dmesg
EEWBMJTEOQ[    0.000000] Booting Linux on physical CPU 0x0
[    0.000000] Linux version 6.6.104 (user01@drvtest01) (arm-none-eabi-gcc (Arm GNU Toolchain 14.2.Rel1 (Build arm-14.52)) 14.2.1 20241119, GNU ld (Arm GNU Toolchain 14.2.Rel1 (Build arm-14.52)) 2.43.1.20241119) #1 SMP Thu Sep  4 17:45:55 EEST 2025
[    0.000000] CPU: ARMv7 Processor [413fc082] revision 2 (ARMv7), cr=10c5387d
[    0.000000] CPU: PIPT / VIPT nonaliasing data cache, VIPT aliasing instruction cache
[    0.000000] OF: fdt: Machine model: TI AM335x BeagleBone Black
[    0.000000] Memory policy: Data cache writeback
[    0.000000] cma: Reserved 16 MiB at 0x9e800000 on node -1
[    0.000000] Zone ranges:
[    0.000000]   Normal   [mem 0x0000000080000000-0x000000009fdfffff]
[    0.000000]   HighMem  empty
[    0.000000] Movable zone start for each node
[    0.000000] Early memory node ranges
[    0.000000]   node   0: [mem 0x0000000080000000-0x000000009fdfffff]
[    0.000000] Initmem setup node 0 [mem 0x0000000080000000-0x000000009fdfffff]
[    0.000000] CPU: All CPU(s) started in SVC mode.
[    0.000000] AM335X ES2.1 (sgx neon)
[    0.000000] percpu: Embedded 16 pages/cpu s36116 r8192 d21228 u65536
[    0.000000] pcpu-alloc: s36116 r8192 d21228 u65536 alloc=16*4096
[    0.000000] pcpu-alloc: [0] 0 
[    0.000000] Kernel command line: console=ttyO0,115200n8 root=/dev/nfs rw nfsroot=192.168.255.126:/home/user01/nfs,nfsvers=3 ip=192.168.255.1:192.168.255.126::255.255.255.0:bbb1:eth0 nfsrootdebug
[    0.000000] Unknown kernel command line parameters "nfsrootdebug", will be passed to user space.
[    0.000000] Dentry cache hash table entries: 65536 (order: 6, 262144 bytes, linear)
[    0.000000] Inode-cache hash table entries: 32768 (order: 5, 131072 bytes, linear)
[    0.000000] Built 1 zonelists, mobility grouping on.  Total pages: 129412
[    0.000000] mem auto-init: stack:off, heap alloc:off, heap free:off
[    0.000000] Memory: 483604K/522240K available (11264K kernel code, 1165K rwdata, 2704K rodata, 1024K init, 282K bss, 22252K reserved, 16384K cma-reserved, 0K highmem)
[    0.000000] SLUB: HWalign=64, Order=0-3, MinObjects=0, CPUs=1, Nodes=1
[    0.000000] rcu: Hierarchical RCU implementation.
[    0.000000] rcu: 	RCU event tracing is enabled.
[    0.000000] rcu: 	RCU restricting CPUs from NR_CPUS=2 to nr_cpu_ids=1.
[    0.000000] rcu: RCU calculated value of scheduler-enlistment delay is 10 jiffies.
[    0.000000] rcu: Adjusting geometry for rcu_fanout_leaf=16, nr_cpu_ids=1
[    0.000000] NR_IRQS: 16, nr_irqs: 16, preallocated irqs: 16
[    0.000000] IRQ: Found an INTC at 0x(ptrval) (revision 5.0) with 128 interrupts
[    0.000000] rcu: srcu_init: Setting srcu_struct sizes based on contention.
[    0.000000] TI gptimer clocksource: always-on /ocp/interconnect@44c00000/segment@200000/target-module@31000
[    0.000003] sched_clock: 32 bits at 24MHz, resolution 41ns, wraps every 89478484971ns
[    0.000028] clocksource: dmtimer: mask: 0xffffffff max_cycles: 0xffffffff, max_idle_ns: 79635851949 ns
[    0.000512] TI gptimer clockevent: 24000000 Hz at /ocp/interconnect@48000000/segment@0/target-module@40000
[    0.002073] Console: colour dummy device 80x30
[    0.002124] WARNING: Your 'console=ttyO0' has been replaced by 'ttyS0'
[    0.002132] This ensures that you still see kernel messages. Please
[    0.002137] update your kernel commandline.
[    0.002176] Calibrating delay loop... 996.14 BogoMIPS (lpj=4980736)
[    0.090564] CPU: Testing write buffer coherency: ok
[    0.090661] CPU0: Spectre v2: using BPIALL workaround
[    0.090672] pid_max: default: 32768 minimum: 301
[    0.090788] LSM: initializing lsm=capability,integrity
[    0.090956] Mount-cache hash table entries: 1024 (order: 0, 4096 bytes, linear)
[    0.090978] Mountpoint-cache hash table entries: 1024 (order: 0, 4096 bytes, linear)
[    0.092438] CPU0: thread -1, cpu 0, socket -1, mpidr 0
[    0.094043] Setting up static identity map for 0x80100000 - 0x80100078
[    0.094325] rcu: Hierarchical SRCU implementation.
[    0.094337] rcu: 	Max phase no-delay instances is 1000.
[    0.095706] smp: Bringing up secondary CPUs ...
[    0.095763] smp: Brought up 1 node, 1 CPU
[    0.095777] SMP: Total of 1 processors activated (996.14 BogoMIPS).
[    0.095788] CPU: All CPU(s) started in SVC mode.
[    0.096674] devtmpfs: initialized
[    0.112975] VFP support v0.3: implementor 41 architecture 3 part 30 variant c rev 3
[    0.113331] clocksource: jiffies: mask: 0xffffffff max_cycles: 0xffffffff, max_idle_ns: 19112604462750000 ns
[    0.113366] futex hash table entries: 256 (order: 2, 16384 bytes, linear)
[    0.114650] pinctrl core: initialized pinctrl subsystem
[    0.116784] NET: Registered PF_NETLINK/PF_ROUTE protocol family
[    0.119304] DMA: preallocated 256 KiB pool for atomic coherent allocations
[    0.119915] audit: initializing netlink subsys (disabled)
[    0.121432] thermal_sys: Registered thermal governor 'fair_share'
[    0.121452] thermal_sys: Registered thermal governor 'step_wise'
[    0.121458] thermal_sys: Registered thermal governor 'user_space'
[    0.121672] audit: type=2000 audit(0.110:1): state=initialized audit_enabled=0 res=1
[    0.121707] cpuidle: using governor menu
[    0.138003] /ocp/interconnect@44c00000/segment@200000/target-module@b000/i2c@0/tda19988@70: Fixed dependency cycle(s) with /ocp/interconnect@48000000/segment@300000/target-module@e000/lcdc@0
[    0.139068] /ocp/interconnect@48000000/segment@300000/target-module@e000/lcdc@0: Fixed dependency cycle(s) with /ocp/interconnect@44c00000/segment@200000/target-module@b000/i2c@0/tda19988@70
[    0.141286] No ATAGs?
[    0.141305] hw-breakpoint: debug architecture 0x4 unsupported.
[    0.144305] kprobes: kprobe jump-optimization is enabled. All kprobes are optimized if possible.
[    0.163654] iommu: Default domain type: Translated
[    0.163675] iommu: DMA domain TLB invalidation policy: strict mode
[    0.165122] SCSI subsystem initialized
[    0.165949] reg-fixed-voltage fixedregulator0: using DT '/fixedregulator0' for '(null)' GPIO lookup
[    0.166001] of_get_named_gpiod_flags: can't parse 'gpios' property of node '/fixedregulator0[0]'
[    0.166032] of_get_named_gpiod_flags: can't parse 'gpio' property of node '/fixedregulator0[0]'
[    0.166050] reg-fixed-voltage fixedregulator0: using lookup tables for GPIO lookup
[    0.166060] reg-fixed-voltage fixedregulator0: No GPIO consumer (null) found
[    0.166591] libata version 3.00 loaded.
[    0.166946] pps_core: LinuxPPS API ver. 1 registered
[    0.166959] pps_core: Software ver. 5.3.6 - Copyright 2005-2007 Rodolfo Giometti <giometti@linux.it>
[    0.166984] PTP clock support registered
[    0.170821] vgaarb: loaded
[    0.171155] clocksource: Switched to clocksource dmtimer
[    0.171760] VFS: Disk quotas dquot_6.6.0
[    0.171818] VFS: Dquot-cache hash table entries: 1024 (order 0, 4096 bytes)
[    0.203682] NET: Registered PF_INET protocol family
[    0.204021] IP idents hash table entries: 8192 (order: 4, 65536 bytes, linear)
[    0.205359] tcp_listen_portaddr_hash hash table entries: 512 (order: 0, 4096 bytes, linear)
[    0.205397] Table-perturb hash table entries: 65536 (order: 6, 262144 bytes, linear)
[    0.205413] TCP established hash table entries: 4096 (order: 2, 16384 bytes, linear)
[    0.205460] TCP bind hash table entries: 4096 (order: 4, 65536 bytes, linear)
[    0.205561] TCP: Hash tables configured (established 4096 bind 4096)
[    0.205693] UDP hash table entries: 256 (order: 1, 8192 bytes, linear)
[    0.205723] UDP-Lite hash table entries: 256 (order: 1, 8192 bytes, linear)
[    0.205894] NET: Registered PF_UNIX/PF_LOCAL protocol family
[    0.207069] RPC: Registered named UNIX socket transport module.
[    0.207089] RPC: Registered udp transport module.
[    0.207095] RPC: Registered tcp transport module.
[    0.207100] RPC: Registered tcp-with-tls transport module.
[    0.207105] RPC: Registered tcp NFSv4.1 backchannel transport module.
[    0.207129] PCI: CLS 0 bytes, default 64
[    0.208694] Initialise system trusted keyrings
[    0.211933] workingset: timestamp_bits=14 max_order=17 bucket_order=3
[    0.221712] NFS: Registering the id_resolver key type
[    0.221785] Key type id_resolver registered
[    0.221793] Key type id_legacy registered
[    0.221847] jffs2: version 2.2. (NAND) (SUMMARY)  Â© 2001-2006 Red Hat, Inc.
[    0.222252] Key type asymmetric registered
[    0.222268] Asymmetric key parser 'x509' registered
[    0.222341] io scheduler mq-deadline registered
[    0.222352] io scheduler kyber registered
[    0.222422] io scheduler bfq registered
[    0.225128] hw perfevents: enabled with armv7_cortex_a8 PMU driver, 5 counters available
[    0.233424] l3-aon-clkctrl:0000:0: failed to disable
[    0.241366] Serial: 8250/16550 driver, 6 ports, IRQ sharing enabled
[    0.292678] brd: module loaded
[    0.300549] loop: module loaded
[    0.301644] mtdoops: mtd device (mtddev=name/number) must be supplied
[    0.303148] mdio_bus fixed-0: using lookup tables for GPIO lookup
[    0.303172] mdio_bus fixed-0: No GPIO consumer reset found
[    0.304401] i2c_dev: i2c /dev entries driver
[    0.305376] cpuidle: enable-method property 'ti,am3352' found operations
[    0.305832] sdhci: Secure Digital Host Controller Interface driver
[    0.305843] sdhci: Copyright(c) Pierre Ossman
[    0.306040] sdhci-pltfm: SDHCI platform and OF driver helper
[    0.317605] ledtrig-cpu: registered to indicate activity on CPUs
[    0.318445] Initializing XFRM netlink socket
[    0.318571] NET: Registered PF_INET6 protocol family
[    0.320346] Segment Routing with IPv6
[    0.320419] In-situ OAM (IOAM) with IPv6
[    0.320528] sit: IPv6, IPv4 and MPLS over IPv4 tunneling driver
[    0.321676] NET: Registered PF_PACKET protocol family
[    0.321708] NET: Registered PF_KEY protocol family
[    0.321850] Key type dns_resolver registered
[    0.322082] ThumbEE CPU extension supported.
[    0.322102] Registering SWP/SWPB emulation handler
[    0.322612] omap_voltage_late_init: Voltage driver support not added
[    0.323260] SmartReflex Class3 initialized
[    0.358394] Loading compiled-in X.509 certificates
[    0.416208] /ocp/interconnect@44c00000/segment@200000/target-module@b000/i2c@0/tda19988@70: Fixed dependency cycle(s) with /ocp/interconnect@48000000/segment@300000/target-module@e000/lcdc@0
[    0.422506] /ocp/interconnect@44c00000/segment@200000/target-module@b000/i2c@0/tda19988@70: Fixed dependency cycle(s) with /ocp/interconnect@48000000/segment@300000/target-module@e000/lcdc@0
[    0.427821] gpiochip_find_base: found new base at 512
[    0.430262] /ocp/interconnect@44c00000/segment@200000/target-module@b000/i2c@0/tda19988@70: Fixed dependency cycle(s) with /ocp/interconnect@48000000/segment@300000/target-module@e000/lcdc@0
[    0.431103] /ocp/interconnect@44c00000/segment@200000/target-module@b000/i2c@0/tda19988@70: Fixed dependency cycle(s) with /ocp/interconnect@48000000/segment@300000/target-module@e000/lcdc@0
[    0.434586] /ocp/interconnect@44c00000/segment@200000/target-module@10000/scm@0/pinmux@800: Fixed dependency cycle(s) with /ocp/interconnect@44c00000/segment@200000/target-module@10000/scm@0/pinmux@800/clkout2-pins
[    0.435200] pinctrl-single 44e10800.pinmux: 142 pins, size 568
[    0.440140] ti-sysc: probe of 44e31000.target-module failed with error -16
[    0.478440] /ocp/interconnect@48000000/segment@300000/target-module@e000/lcdc@0: Fixed dependency cycle(s) with /ocp/interconnect@44c00000/segment@200000/target-module@b000/i2c@0/tda19988@70
[    0.486345] ti-sysc: probe of 48040000.target-module failed with error -16
[    0.497440] gpiochip_find_base: found new base at 512
[    0.497510] gpio gpiochip0: (gpio-0-31): created GPIO range 0->7 ==> 44e10800.pinmux PIN 0->7
[    0.497530] gpio gpiochip0: (gpio-0-31): created GPIO range 8->11 ==> 44e10800.pinmux PIN 90->93
[    0.497546] gpio gpiochip0: (gpio-0-31): created GPIO range 12->27 ==> 44e10800.pinmux PIN 12->27
[    0.497562] gpio gpiochip0: (gpio-0-31): created GPIO range 28->31 ==> 44e10800.pinmux PIN 30->33
[    0.519464] gpio gpiochip0: (gpio-0-31): added GPIO chardev (254:0)
[    0.519632] gpio gpiochip0: registered GPIOs 512 to 543 on gpio-0-31
[    0.519713] OMAP GPIO hardware version 0.1
[    0.545075] i2c i2c-2: using DT '/ocp/interconnect@48000000/segment@100000/target-module@9c000/i2c@0' for 'scl' GPIO lookup
[    0.545149] of_get_named_gpiod_flags: can't parse 'scl-gpios' property of node '/ocp/interconnect@48000000/segment@100000/target-module@9c000/i2c@0[0]'
[    0.545193] of_get_named_gpiod_flags: can't parse 'scl-gpio' property of node '/ocp/interconnect@48000000/segment@100000/target-module@9c000/i2c@0[0]'
[    0.545228] i2c i2c-2: using lookup tables for GPIO lookup
[    0.545239] i2c i2c-2: No GPIO consumer scl found
[    0.545260] i2c i2c-2: using DT '/ocp/interconnect@48000000/segment@100000/target-module@9c000/i2c@0' for 'sda' GPIO lookup
[    0.545296] of_get_named_gpiod_flags: can't parse 'sda-gpios' property of node '/ocp/interconnect@48000000/segment@100000/target-module@9c000/i2c@0[0]'
[    0.545334] of_get_named_gpiod_flags: can't parse 'sda-gpio' property of node '/ocp/interconnect@48000000/segment@100000/target-module@9c000/i2c@0[0]'
[    0.545366] i2c i2c-2: using lookup tables for GPIO lookup
[    0.545374] i2c i2c-2: No GPIO consumer sda found
[    0.546056] omap_i2c 4819c000.i2c: bus 2 rev0.11 at 100 kHz
[    0.551512] gpiochip_find_base: found new base at 544
[    0.551581] gpio gpiochip1: (gpio-32-63): created GPIO range 0->17 ==> 44e10800.pinmux PIN 34->51
[    0.551601] gpio gpiochip1: (gpio-32-63): created GPIO range 18->21 ==> 44e10800.pinmux PIN 77->80
[    0.551617] gpio gpiochip1: (gpio-32-63): created GPIO range 22->31 ==> 44e10800.pinmux PIN 56->65
[    0.565634] gpio gpiochip1: (gpio-32-63): added GPIO chardev (254:1)
[    0.565796] gpio gpiochip1: registered GPIOs 544 to 575 on gpio-32-63
[    0.568016] gpiochip_find_base: found new base at 576
[    0.568076] gpio gpiochip2: (gpio-64-95): created GPIO range 0->4 ==> 44e10800.pinmux PIN 66->70
[    0.568096] gpio gpiochip2: (gpio-64-95): created GPIO range 5->6 ==> 44e10800.pinmux PIN 98->99
[    0.568112] gpio gpiochip2: (gpio-64-95): created GPIO range 7->8 ==> 44e10800.pinmux PIN 75->76
[    0.568127] gpio gpiochip2: (gpio-64-95): created GPIO range 13->13 ==> 44e10800.pinmux PIN 141->141
[    0.568143] gpio gpiochip2: (gpio-64-95): created GPIO range 14->21 ==> 44e10800.pinmux PIN 100->107
[    0.568718] gpio gpiochip2: (gpio-64-95): added GPIO chardev (254:2)
[    0.568841] gpio gpiochip2: registered GPIOs 576 to 607 on gpio-64-95
[    0.575287] /ocp/interconnect@48000000/segment@300000/target-module@e000/lcdc@0: Fixed dependency cycle(s) with /ocp/interconnect@44c00000/segment@200000/target-module@b000/i2c@0/tda19988@70
[    0.577959] /ocp/interconnect@48000000/segment@300000/target-module@e000/lcdc@0: Fixed dependency cycle(s) with /ocp/interconnect@44c00000/segment@200000/target-module@b000/i2c@0/tda19988@70
[    0.578643] /ocp/interconnect@44c00000/segment@200000/target-module@b000/i2c@0/tda19988@70: Fixed dependency cycle(s) with /ocp/interconnect@48000000/segment@300000/target-module@e000/lcdc@0
[    0.578808] /ocp/interconnect@48000000/segment@300000/target-module@e000/lcdc@0: Fixed dependency cycle(s) with /ocp/interconnect@44c00000/segment@200000/target-module@b000/i2c@0/tda19988@70
[    0.588178] mdio_bus 4a101000.mdio: using DT '/ocp/interconnect@4a000000/segment@0/target-module@100000/switch@0/mdio@1000' for 'reset' GPIO lookup
[    0.588252] of_get_named_gpiod_flags: can't parse 'reset-gpios' property of node '/ocp/interconnect@4a000000/segment@0/target-module@100000/switch@0/mdio@1000[0]'
[    0.588299] of_get_named_gpiod_flags: can't parse 'reset-gpio' property of node '/ocp/interconnect@4a000000/segment@0/target-module@100000/switch@0/mdio@1000[0]'
[    0.588347] mdio_bus 4a101000.mdio: using lookup tables for GPIO lookup
[    0.588359] mdio_bus 4a101000.mdio: No GPIO consumer reset found
[    0.589266] sdhci-omap 481d8000.mmc: using DT '/ocp/interconnect@48000000/segment@100000/target-module@d8000/mmc@0' for 'wp' GPIO lookup
[    0.589326] of_get_named_gpiod_flags: can't parse 'wp-gpios' property of node '/ocp/interconnect@48000000/segment@100000/target-module@d8000/mmc@0[0]'
[    0.589371] of_get_named_gpiod_flags: can't parse 'wp-gpio' property of node '/ocp/interconnect@48000000/segment@100000/target-module@d8000/mmc@0[0]'
[    0.589405] sdhci-omap 481d8000.mmc: using lookup tables for GPIO lookup
[    0.589415] sdhci-omap 481d8000.mmc: No GPIO consumer wp found
[    0.589598] sdhci-omap 481d8000.mmc: supply pbias not found, using dummy regulator
[    0.590073] sdhci-omap 481d8000.mmc: supply vqmmc not found, using dummy regulator
[    0.668155] davinci_mdio 4a101000.mdio: davinci mdio revision 1.6, bus freq 1000000
[    0.694918] mdio_bus 4a101000.mdio:00: using DT '/ocp/interconnect@4a000000/segment@0/target-module@100000/switch@0/mdio@1000/ethernet-phy@0' for 'reset' GPIO lookup
[    0.695027] of_get_named_gpiod_flags: parsed 'reset-gpios' property of node '/ocp/interconnect@4a000000/segment@0/target-module@100000/switch@0/mdio@1000/ethernet-phy@0[0]' - status (0)
[    0.695190] gpio gpiochip0: Persistence not supported for GPIO 8
[    0.873049] davinci_mdio 4a101000.mdio: phy[0]: device 4a101000.mdio:00, driver SMSC LAN8710/LAN8720
[    0.873680] cpsw-switch 4a100000.switch: initialized cpsw ale version 1.4
[    0.873701] cpsw-switch 4a100000.switch: ALE Table size 1024
[    0.874001] cpsw-switch 4a100000.switch: cpts: overflow check period 500 (jiffies)
[    0.874022] cpsw-switch 4a100000.switch: CPTS: ref_clk_freq:250000000 calc_mult:2147483648 calc_shift:29 error:0 nsec/sec
[    0.874122] cpsw-switch 4a100000.switch: Detected MACID = 6c:ec:eb:68:de:78
[    0.875965] cpsw-switch 4a100000.switch: initialized (regs 0x4a100000, pool size 256) hw_ver:0019010C 1.12 (0)
[    0.886703] debugfs: Directory '49000000.dma' with parent 'dmaengine' already present!
[    0.886745] edma 49000000.dma: TI EDMA DMA engine driver
[    0.928517] gpio-clk clk_mcasp0: using DT '/clk_mcasp0' for 'enable' GPIO lookup
[    0.928596] of_get_named_gpiod_flags: parsed 'enable-gpios' property of node '/clk_mcasp0[0]' - status (0)
[    0.928638] gpio gpiochip0: Persistence not supported for GPIO 27
[    0.929490] gpiochip_find_base: found new base at 608
[    0.929549] gpio gpiochip3: (gpio-96-127): created GPIO range 0->7 ==> 44e10800.pinmux PIN 82->89
[    0.929569] gpio gpiochip3: (gpio-96-127): created GPIO range 8->11 ==> 44e10800.pinmux PIN 52->55
[    0.929586] gpio gpiochip3: (gpio-96-127): created GPIO range 12->15 ==> 44e10800.pinmux PIN 94->97
[    0.929601] gpio gpiochip3: (gpio-96-127): created GPIO range 16->17 ==> 44e10800.pinmux PIN 71->72
[    0.929618] gpio gpiochip3: (gpio-96-127): created GPIO range 18->18 ==> 44e10800.pinmux PIN 135->135
[    0.929634] gpio gpiochip3: (gpio-96-127): created GPIO range 19->20 ==> 44e10800.pinmux PIN 108->109
[    0.929651] gpio gpiochip3: (gpio-96-127): created GPIO range 21->21 ==> 44e10800.pinmux PIN 73->73
[    0.929668] gpio gpiochip3: (gpio-96-127): created GPIO range 22->23 ==> 44e10800.pinmux PIN 8->9
[    0.929685] gpio gpiochip3: (gpio-96-127): created GPIO range 26->27 ==> 44e10800.pinmux PIN 10->11
[    0.929703] gpio gpiochip3: (gpio-96-127): created GPIO range 28->28 ==> 44e10800.pinmux PIN 74->74
[    0.929721] gpio gpiochip3: (gpio-96-127): created GPIO range 29->29 ==> 44e10800.pinmux PIN 81->81
[    0.929740] gpio gpiochip3: (gpio-96-127): created GPIO range 30->31 ==> 44e10800.pinmux PIN 28->29
[    0.941980] gpio gpiochip3: (gpio-96-127): added GPIO chardev (254:3)
[    0.942135] gpio gpiochip3: registered GPIOs 608 to 639 on gpio-96-127
[    0.944081] omap8250 44e09000.serial: using DT '/ocp/interconnect@44c00000/segment@200000/target-module@9000/serial@0' for 'rs485-term' GPIO lookup
[    0.944153] of_get_named_gpiod_flags: can't parse 'rs485-term-gpios' property of node '/ocp/interconnect@44c00000/segment@200000/target-module@9000/serial@0[0]'
[    0.944198] of_get_named_gpiod_flags: can't parse 'rs485-term-gpio' property of node '/ocp/interconnect@44c00000/segment@200000/target-module@9000/serial@0[0]'
[    0.944233] omap8250 44e09000.serial: using lookup tables for GPIO lookup
[    0.944244] omap8250 44e09000.serial: No GPIO consumer rs485-term found
[    0.944254] omap8250 44e09000.serial: using DT '/ocp/interconnect@44c00000/segment@200000/target-module@9000/serial@0' for 'rs485-rx-during-tx' GPIO lookup
[    0.944290] of_get_named_gpiod_flags: can't parse 'rs485-rx-during-tx-gpios' property of node '/ocp/interconnect@44c00000/segment@200000/target-module@9000/serial@0[0]'
[    0.944327] of_get_named_gpiod_flags: can't parse 'rs485-rx-during-tx-gpio' property of node '/ocp/interconnect@44c00000/segment@200000/target-module@9000/serial@0[0]'
[    0.944359] omap8250 44e09000.serial: using lookup tables for GPIO lookup
[    0.944367] omap8250 44e09000.serial: No GPIO consumer rs485-rx-during-tx found
[    0.944741] 44e09000.serial: ttyS0 at MMIO 0x44e09000 (irq = 34, base_baud = 3000000) is a 8250
[    0.944825] printk: console [ttyS0] enabled
[    2.132746] i2c i2c-0: using DT '/ocp/interconnect@44c00000/segment@200000/target-module@b000/i2c@0' for 'scl' GPIO lookup
[    2.132832] of_get_named_gpiod_flags: can't parse 'scl-gpios' property of node '/ocp/interconnect@44c00000/segment@200000/target-module@b000/i2c@0[0]'
[    2.132878] of_get_named_gpiod_flags: can't parse 'scl-gpio' property of node '/ocp/interconnect@44c00000/segment@200000/target-module@b000/i2c@0[0]'
[    2.132916] i2c i2c-0: using lookup tables for GPIO lookup
[    2.132929] i2c i2c-0: No GPIO consumer scl found
[    2.132952] i2c i2c-0: using DT '/ocp/interconnect@44c00000/segment@200000/target-module@b000/i2c@0' for 'sda' GPIO lookup
[    2.132989] of_get_named_gpiod_flags: can't parse 'sda-gpios' property of node '/ocp/interconnect@44c00000/segment@200000/target-module@b000/i2c@0[0]'
[    2.133029] of_get_named_gpiod_flags: can't parse 'sda-gpio' property of node '/ocp/interconnect@44c00000/segment@200000/target-module@b000/i2c@0[0]'
[    2.133063] i2c i2c-0: using lookup tables for GPIO lookup
[    2.133073] i2c i2c-0: No GPIO consumer sda found
[    2.162082] tps65217-pmic: Failed to locate of_node [id: -1]
[    2.168120] tps65217-bl: Failed to locate of_node [id: -1]
[    2.179101] tps65217 0-0024: TPS65217 ID 0xe version 1.2
[    2.185236] /ocp/interconnect@48000000/segment@300000/target-module@e000/lcdc@0: Fixed dependency cycle(s) with /ocp/interconnect@44c00000/segment@200000/target-module@b000/i2c@0/tda19988@70
[    2.202591] /ocp/interconnect@44c00000/segment@200000/target-module@b000/i2c@0/tda19988@70: Fixed dependency cycle(s) with /ocp/interconnect@48000000/segment@300000/target-module@e000/lcdc@0
[    2.219938] omap_i2c 44e0b000.i2c: bus 0 rev0.11 at 400 kHz
[    2.227624] sdhci-omap 48060000.mmc: using DT '/ocp/interconnect@48000000/segment@0/target-module@60000/mmc@0' for 'cd' GPIO lookup
[    2.227723] of_get_named_gpiod_flags: parsed 'cd-gpios' property of node '/ocp/interconnect@48000000/segment@0/target-module@60000/mmc@0[0]' - status (0)
[    2.227847] gpio gpiochip3: Persistence not supported for GPIO 6
[    2.227874] omap_gpio 44e07000.gpio: Could not set line 6 debounce to 200000 microseconds (-22)
[    2.236742] sdhci-omap 48060000.mmc: Got CD GPIO
[    2.241416] sdhci-omap 48060000.mmc: using DT '/ocp/interconnect@48000000/segment@0/target-module@60000/mmc@0' for 'wp' GPIO lookup
[    2.241466] of_get_named_gpiod_flags: can't parse 'wp-gpios' property of node '/ocp/interconnect@48000000/segment@0/target-module@60000/mmc@0[0]'
[    2.241508] of_get_named_gpiod_flags: can't parse 'wp-gpio' property of node '/ocp/interconnect@48000000/segment@0/target-module@60000/mmc@0[0]'
[    2.241544] sdhci-omap 48060000.mmc: using lookup tables for GPIO lookup
[    2.241558] sdhci-omap 48060000.mmc: No GPIO consumer wp found
[    2.241752] sdhci-omap 48060000.mmc: supply pbias not found, using dummy regulator
[    2.250726] sdhci-omap 481d8000.mmc: using DT '/ocp/interconnect@48000000/segment@100000/target-module@d8000/mmc@0' for 'wp' GPIO lookup
[    2.250814] of_get_named_gpiod_flags: can't parse 'wp-gpios' property of node '/ocp/interconnect@48000000/segment@100000/target-module@d8000/mmc@0[0]'
[    2.250864] of_get_named_gpiod_flags: can't parse 'wp-gpio' property of node '/ocp/interconnect@48000000/segment@100000/target-module@d8000/mmc@0[0]'
[    2.250902] sdhci-omap 481d8000.mmc: using lookup tables for GPIO lookup
[    2.250913] sdhci-omap 481d8000.mmc: No GPIO consumer wp found
[    2.251974] sdhci-omap 48060000.mmc: supply vqmmc not found, using dummy regulator
[    2.260639] sdhci-omap 481d8000.mmc: supply pbias not found, using dummy regulator
[    2.269648] sdhci-omap 481d8000.mmc: supply vqmmc not found, using dummy regulator
[    2.309344] mmc1: SDHCI controller on 481d8000.mmc [481d8000.mmc] using External DMA
[    2.317803] mmc0: SDHCI controller on 48060000.mmc [48060000.mmc] using External DMA
[    2.326433] cpsw-switch 4a100000.switch: starting ndev. mode: dual_mac
[    2.391436] mmc1: new high speed MMC card at address 0001
[    2.398333] mmcblk1: mmc1:0001 MMC04G 3.60 GiB
[    2.405872]  mmcblk1: p1 p2
[    2.409173] mmc0: new high speed SDHC card at address aaaa
[    2.415891] mmcblk0: mmc0:aaaa SE32G 29.7 GiB
[    2.423666] mmcblk1boot0: mmc1:0001 MMC04G 2.00 MiB
[    2.429627]  mmcblk0: p1 p2
[    2.434851] mmcblk1boot1: mmc1:0001 MMC04G 2.00 MiB
[    2.441763] mmcblk1rpmb: mmc1:0001 MMC04G 128 KiB, chardev (250:0)
[    2.482340] SMSC LAN8710/LAN8720 4a101000.mdio:00: attached PHY driver (mii_bus:phy_addr=4a101000.mdio:00, irq=POLL)
[    5.601886] cpsw-switch 4a100000.switch eth0: Link is Up - 100Mbps/Full - flow control off
[    5.641377] IP-Config: Complete:
[    5.644645]      device=eth0, hwaddr=6c:ec:eb:68:de:78, ipaddr=192.168.255.1, mask=255.255.255.0, gw=255.255.255.255
[    5.655301]      host=bbb1, domain=, nis-domain=(none)
[    5.660467]      bootserver=192.168.255.126, rootserver=192.168.255.126, rootpath=
[    5.660883] clk: Disabling unused clocks
[    5.672738] KTAP version 1
[    5.675468] 1..0
[    5.699216] VFS: Mounted root (nfs filesystem) on device 0:16.
[    5.706300] devtmpfs: mounted
[    5.710912] Freeing unused kernel image (initmem) memory: 1024K
[    5.717689] Run /sbin/init as init process
[    5.721901]   with arguments:
[    5.721915]     /sbin/init
[    5.721924]     nfsrootdebug
[    5.721931]   with environment:
[    5.721938]     HOME=/
[    5.721946]     TERM=linux
[    6.402211] systemd[1]: System time before build time, advancing clock.
[    7.871174] random: crng init done
[    7.942099] systemd[1]: systemd 232 running in system mode. (+PAM +AUDIT +SELINUX +IMA +APPARMOR +SMACK +SYSVINIT +UTMP +LIBCRYPTSETUP +GCRYPT +GNUTLS +ACL +XZ +LZ4 +SECCOMP +BLKID +ELFUTILS +KMOD +IDN)
[    7.961083] systemd[1]: Detected architecture arm.
[    8.004123] systemd[1]: Set hostname to <arm>.
[    9.081917] systemd[1]: Reached target Remote File Systems.
[    9.123260] systemd[1]: Listening on Syslog Socket.
[    9.162046] systemd[1]: Started Dispatch Password Requests to Console Directory Watch.
[    9.201905] systemd[1]: Started Forward Password Requests to Wall Directory Watch.
[    9.241448] systemd[1]: Reached target Encrypted Volumes.
[    9.282621] systemd[1]: Created slice User and Session Slice.
[    9.321880] systemd[1]: Listening on Journal Socket (/dev/log).
[   11.155689] systemd-journald[84]: Received request to flush runtime journal from PID 1
[   14.166814] leds-gpio leds: using DT '/leds/led2' for '(null)' GPIO lookup
[   14.166916] of_get_named_gpiod_flags: parsed 'gpios' property of node '/leds/led2[0]' - status (0)
[   14.166968] gpio gpiochip0: Persistence not supported for GPIO 21
[   14.166981] gpio-533 (?): no flags found for (null)
[   14.167274] leds-gpio leds: using DT '/leds/led3' for '(null)' GPIO lookup
[   14.167324] of_get_named_gpiod_flags: parsed 'gpios' property of node '/leds/led3[0]' - status (0)
[   14.167358] gpio gpiochip0: Persistence not supported for GPIO 22
[   14.167369] gpio-534 (?): no flags found for (null)
[   14.240701] leds-gpio leds: using DT '/leds/led4' for '(null)' GPIO lookup
[   14.240799] of_get_named_gpiod_flags: parsed 'gpios' property of node '/leds/led4[0]' - status (0)
[   14.240847] gpio gpiochip0: Persistence not supported for GPIO 23
[   14.240859] gpio-535 (?): no flags found for (null)
[   14.251648] leds-gpio leds: using DT '/leds/led5' for '(null)' GPIO lookup
[   14.251746] of_get_named_gpiod_flags: parsed 'gpios' property of node '/leds/led5[0]' - status (0)
[   14.251795] gpio gpiochip0: Persistence not supported for GPIO 24
[   14.251809] gpio-536 (?): no flags found for (null)
[   14.604676] remoteproc remoteproc0: wkup_m3 is available
[   15.224019] omap_wdt: OMAP Watchdog Timer Rev 0x01: initial timeout 60 sec
[   15.324586] at24 2-0054: supply vcc not found, using dummy regulator
[   15.383525] am335x-phy-driver 47401300.usb-phy: using DT '/ocp/target-module@47400000/usb-phy@1300' for 'reset' GPIO lookup
[   15.383618] of_get_named_gpiod_flags: can't parse 'reset-gpios' property of node '/ocp/target-module@47400000/usb-phy@1300[0]'
[   15.383662] of_get_named_gpiod_flags: can't parse 'reset-gpio' property of node '/ocp/target-module@47400000/usb-phy@1300[0]'
[   15.383698] am335x-phy-driver 47401300.usb-phy: using lookup tables for GPIO lookup
[   15.383713] am335x-phy-driver 47401300.usb-phy: No GPIO consumer reset found
[   15.383725] am335x-phy-driver 47401300.usb-phy: using DT '/ocp/target-module@47400000/usb-phy@1300' for 'vbus-detect' GPIO lookup
[   15.383755] of_get_named_gpiod_flags: can't parse 'vbus-detect-gpios' property of node '/ocp/target-module@47400000/usb-phy@1300[0]'
[   15.383786] of_get_named_gpiod_flags: can't parse 'vbus-detect-gpio' property of node '/ocp/target-module@47400000/usb-phy@1300[0]'
[   15.383811] am335x-phy-driver 47401300.usb-phy: using lookup tables for GPIO lookup
[   15.383822] am335x-phy-driver 47401300.usb-phy: No GPIO consumer vbus-detect found
[   15.383968] am335x-phy-driver 47401300.usb-phy: dummy supplies not allowed for exclusive requests
[   15.451984] usbcore: registered new interface driver usbfs
[   15.457609] usbcore: registered new interface driver hub
[   15.463158] usbcore: registered new device driver usb
[   15.520024] at24 2-0055: supply vcc not found, using dummy regulator
[   15.548640] am335x-phy-driver 47401b00.usb-phy: using DT '/ocp/target-module@47400000/usb-phy@1b00' for 'reset' GPIO lookup
[   15.548729] of_get_named_gpiod_flags: can't parse 'reset-gpios' property of node '/ocp/target-module@47400000/usb-phy@1b00[0]'
[   15.548770] of_get_named_gpiod_flags: can't parse 'reset-gpio' property of node '/ocp/target-module@47400000/usb-phy@1b00[0]'
[   15.548808] am335x-phy-driver 47401b00.usb-phy: using lookup tables for GPIO lookup
[   15.548822] am335x-phy-driver 47401b00.usb-phy: No GPIO consumer reset found
[   15.548834] am335x-phy-driver 47401b00.usb-phy: using DT '/ocp/target-module@47400000/usb-phy@1b00' for 'vbus-detect' GPIO lookup
[   15.548862] of_get_named_gpiod_flags: can't parse 'vbus-detect-gpios' property of node '/ocp/target-module@47400000/usb-phy@1b00[0]'
[   15.548894] of_get_named_gpiod_flags: can't parse 'vbus-detect-gpio' property of node '/ocp/target-module@47400000/usb-phy@1b00[0]'
[   15.548918] am335x-phy-driver 47401b00.usb-phy: using lookup tables for GPIO lookup
[   15.548928] am335x-phy-driver 47401b00.usb-phy: No GPIO consumer vbus-detect found
[   15.549076] am335x-phy-driver 47401b00.usb-phy: dummy supplies not allowed for exclusive requests
[   15.639808] at24 2-0056: supply vcc not found, using dummy regulator
[   15.733041] tps6521x_pwrbutton tps65217-pwrbutton: DMA mask not set
[   15.752295] at24 2-0057: supply vcc not found, using dummy regulator
[   15.852646] input: tps65217_pwrbutton as /devices/platform/ocp/44c00000.interconnect/44c00000.interconnect:segment@200000/44e0b000.target-module/44e0b000.i2c/i2c-0/0-0024/tps65217-pwrbutton/input/input0
[   15.895363] at24 0-0050: using DT '/ocp/interconnect@44c00000/segment@200000/target-module@b000/i2c@0/baseboard_eeprom@50' for 'wp' GPIO lookup
[   15.895465] of_get_named_gpiod_flags: can't parse 'wp-gpios' property of node '/ocp/interconnect@44c00000/segment@200000/target-module@b000/i2c@0/baseboard_eeprom@50[0]'
[   15.895524] of_get_named_gpiod_flags: can't parse 'wp-gpio' property of node '/ocp/interconnect@44c00000/segment@200000/target-module@b000/i2c@0/baseboard_eeprom@50[0]'
[   15.895568] at24 0-0050: using lookup tables for GPIO lookup
[   15.895581] at24 0-0050: No GPIO consumer wp found
[   15.895802] at24 0-0050: 32768 byte 24c256 EEPROM, writable, 1 bytes/write
[   16.087193] wkup_m3_ipc 44e11324.wkup_m3_ipc: IPC Request for A8->M3 Channel failed! -517
[   16.284491] omap_rtc 44e3e000.rtc: registered as rtc0
[   16.289666] omap_rtc 44e3e000.rtc: setting system clock to 2000-01-01T00:00:00 UTC (946684800)
[   16.298552] omap_rtc 44e3e000.rtc: using DT '/ocp/interconnect@44c00000/segment@200000/target-module@3e000/rtc@0' for 'wp' GPIO lookup
[   16.298624] of_get_named_gpiod_flags: can't parse 'wp-gpios' property of node '/ocp/interconnect@44c00000/segment@200000/target-module@3e000/rtc@0[0]'
[   16.298674] of_get_named_gpiod_flags: can't parse 'wp-gpio' property of node '/ocp/interconnect@44c00000/segment@200000/target-module@3e000/rtc@0[0]'
[   16.298712] omap_rtc 44e3e000.rtc: using lookup tables for GPIO lookup
[   16.298727] omap_rtc 44e3e000.rtc: No GPIO consumer wp found
[   16.317600] wkup_m3_ipc 44e11324.wkup_m3_ipc: IPC Request for A8->M3 Channel failed! -517
[   16.502139] wkup_m3_ipc 44e11324.wkup_m3_ipc: IPC Request for A8->M3 Channel failed! -517
[   16.625200] musb-hdrc musb-hdrc.1: MUSB HDRC host driver
[   16.630611] musb-hdrc musb-hdrc.1: new USB bus registered, assigned bus number 1
[   16.642247] wkup_m3_ipc 44e11324.wkup_m3_ipc: IPC Request for A8->M3 Channel failed! -517
[   16.746461] usb usb1: New USB device found, idVendor=1d6b, idProduct=0002, bcdDevice= 6.06
[   16.755047] usb usb1: New USB device strings: Mfr=3, Product=2, SerialNumber=1
[   16.762468] usb usb1: Product: MUSB HDRC host driver
[   16.767462] usb usb1: Manufacturer: Linux 6.6.104 musb-hcd
[   16.773027] usb usb1: SerialNumber: musb-hdrc.1
[   16.904382] hub 1-0:1.0: USB hub found
[   16.971418] hub 1-0:1.0: 1 port detected
[   17.033677] wkup_m3_ipc 44e11324.wkup_m3_ipc: IPC Request for A8->M3 Channel failed! -517
[   17.162666] wkup_m3_ipc 44e11324.wkup_m3_ipc: IPC Request for A8->M3 Channel failed! -517
[   17.388803] omap-mailbox 480c8000.mailbox: omap mailbox rev 0x400
[   17.471847] remoteproc remoteproc0: powering up wkup_m3
[   17.480106] tda998x 0-0070: found TDA19988
[   17.584766] remoteproc remoteproc0: Direct firmware load for am335x-pm-firmware.elf failed with error -2
[   17.594555] remoteproc remoteproc0: request_firmware failed: -2
[   17.600518] wkup_m3_ipc 44e11324.wkup_m3_ipc: rproc_boot failed
[   19.558824] tilcdc 4830e000.lcdc: bound 0-0070 (ops tda998x_audio_codec_init [tda998x])
[   19.665129] omap_rng 48310000.rng: Random Number Generator ver. 20
[   19.696287] [drm] Initialized tilcdc 1.0.0 20121205 for 4830e000.lcdc on minor 0
[   19.809209] tilcdc 4830e000.lcdc: [drm] Cannot find any crtc or sizes
[   20.104289] tilcdc 4830e000.lcdc: [drm] Cannot find any crtc or sizes
[   21.110125] omap-sham 53100000.sham: hw accel on OMAP rev 4.3
[   21.145695] PM: Cannot get wkup_m3_ipc handle
[   21.271991] omap-aes 53500000.aes: OMAP AES hw accel rev: 3.2
[   21.318204] omap-sham 53100000.sham: will run requests pump with realtime priority
[   21.332840] PM: Cannot get wkup_m3_ipc handle
[   21.419515] omap-aes 53500000.aes: will run requests pump with realtime priority
[   21.428429] PM: Cannot get wkup_m3_ipc handle
[   23.087799] Bluetooth: Core ver 2.22
[   23.091804] NET: Registered PF_BLUETOOTH protocol family
[   23.097152] Bluetooth: HCI device and connection manager initialized
[   23.103664] Bluetooth: HCI socket layer initialized
[   23.108579] Bluetooth: L2CAP socket layer initialized
[   23.113721] Bluetooth: SCO socket layer initialized
[   25.249368] PM: Cannot get wkup_m3_ipc handle
[   25.256882] asoc-simple-card sound: using DT '/sound' for 'simple-audio-card,hp-det' GPIO lookup
[   25.256956] of_get_named_gpiod_flags: can't parse 'simple-audio-card,hp-det-gpios' property of node '/sound[0]'
[   25.256992] of_get_named_gpiod_flags: can't parse 'simple-audio-card,hp-det-gpio' property of node '/sound[0]'
[   25.257015] asoc-simple-card sound: using lookup tables for GPIO lookup
[   25.257028] asoc-simple-card sound: No GPIO consumer simple-audio-card,hp-det found
[   25.257040] asoc-simple-card sound: using DT '/sound' for 'simple-audio-card,mic-det' GPIO lookup
[   25.257063] of_get_named_gpiod_flags: can't parse 'simple-audio-card,mic-det-gpios' property of node '/sound[0]'
[   25.257086] of_get_named_gpiod_flags: can't parse 'simple-audio-card,mic-det-gpio' property of node '/sound[0]'
[   25.257104] asoc-simple-card sound: using lookup tables for GPIO lookup
[   25.257114] asoc-simple-card sound: No GPIO consumer simple-audio-card,mic-det found
[   25.495534] PM: Cannot get wkup_m3_ipc handle
[   28.233318] userial_init: registered 8 ttyGS* devices
[   28.420351] rndis_register: configNr = 0
[   28.499112] udc musb-hdrc.0: binding gadget driver [g_multi]
[   28.499203] configfs-gadget.g_multi gadget.0: adding 'rndis'/a6e9e7dd to config 'c'/3d93c818
[   28.500328] configfs-gadget.g_multi gadget.0: HOST MAC 1c:ba:8c:a2:ed:6c
[   28.507313] configfs-gadget.g_multi gadget.0: MAC 1c:ba:8c:a2:ed:70
[   28.513754] rndis_set_param_medium: 0 0
[   28.513775] configfs-gadget.g_multi gadget.0: RNDIS: IN/ep1in OUT/ep1out NOTIFY/ep2in
[   28.513790] configfs-gadget.g_multi gadget.0: adding 'cdc_ethernet'/c807347c to config 'c'/3d93c818
[   28.514737] configfs-gadget.g_multi gadget.0: HOST MAC 1c:ba:8c:a2:ed:6c
[   28.521592] configfs-gadget.g_multi gadget.0: MAC 1c:ba:8c:a2:ed:6d
[   28.527926] configfs-gadget.g_multi gadget.0: CDC Ethernet: IN/ep3in OUT/ep2out NOTIFY/ep4in
[   28.527942] configfs-gadget.g_multi gadget.0: adding 'acm'/53d5f641 to config 'c'/3d93c818
[   28.527975] configfs-gadget.g_multi gadget.0: acm ttyGS0: IN/ep5in OUT/ep3out NOTIFY/ep6in
[   28.533628] PM: Cannot get wkup_m3_ipc handle
[   30.059223] configfs-gadget.g_multi gadget.0: eth_open
[   34.614744] gs_open: ttyGS0 (6bd5e911,ec68840a)
[   34.614914] gs_close: ttyGS0 (6bd5e911,ec68840a) ...
[   34.614944] gs_close: ttyGS0 (6bd5e911,ec68840a) done!
[   34.618758] gs_open: ttyGS0 (d3b2d0c9,751cf786)
[   34.618922] gs_close: ttyGS0 (d3b2d0c9,751cf786) ...
[   34.618954] gs_close: ttyGS0 (d3b2d0c9,751cf786) done!
[   34.795747] gs_open: ttyGS0 (6bd5e911,f30843cb)
[   34.797158] gs_close: ttyGS0 (6bd5e911,f30843cb) ...
[   34.797208] gs_close: ttyGS0 (6bd5e911,f30843cb) done!
[   34.797673] gs_open: ttyGS0 (b8daea3a,a3067443)
EEWBMJTEOQ 0
root@arm:~# echo 'WKTU''TLSKJC'
WKTUTLSKJC
root@arm:~# MARKER='QXCX''THJXSU' run 'modprobe test_linear_ranges'
QXCXTHJXSUQXCXTHJXSU 0
root@arm:~# echo 'LLOF''OKLWWE'
LLOFOKLWWE
root@arm:~# MARKER='LSQO''PZYPVJ' run dmesg
LSQOPZYPVJ[    0.000000] Booting Linux on physical CPU 0x0
[    0.000000] Linux version 6.6.104 (user01@drvtest01) (arm-none-eabi-gcc (Arm GNU Toolchain 14.2.Rel1 (Build arm-14.52)) 14.2.1 20241119, GNU ld (Arm GNU Toolchain 14.2.Rel1 (Build arm-14.52)) 2.43.1.20241119) #1 SMP Thu Sep  4 17:45:55 EEST 2025
[    0.000000] CPU: ARMv7 Processor [413fc082] revision 2 (ARMv7), cr=10c5387d
[    0.000000] CPU: PIPT / VIPT nonaliasing data cache, VIPT aliasing instruction cache
[    0.000000] OF: fdt: Machine model: TI AM335x BeagleBone Black
[    0.000000] Memory policy: Data cache writeback
[    0.000000] cma: Reserved 16 MiB at 0x9e800000 on node -1
[    0.000000] Zone ranges:
[    0.000000]   Normal   [mem 0x0000000080000000-0x000000009fdfffff]
[    0.000000]   HighMem  empty
[    0.000000] Movable zone start for each node
[    0.000000] Early memory node ranges
[    0.000000]   node   0: [mem 0x0000000080000000-0x000000009fdfffff]
[    0.000000] Initmem setup node 0 [mem 0x0000000080000000-0x000000009fdfffff]
[    0.000000] CPU: All CPU(s) started in SVC mode.
[    0.000000] AM335X ES2.1 (sgx neon)
[    0.000000] percpu: Embedded 16 pages/cpu s36116 r8192 d21228 u65536
[    0.000000] pcpu-alloc: s36116 r8192 d21228 u65536 alloc=16*4096
[    0.000000] pcpu-alloc: [0] 0 
[    0.000000] Kernel command line: console=ttyO0,115200n8 root=/dev/nfs rw nfsroot=192.168.255.126:/home/user01/nfs,nfsvers=3 ip=192.168.255.1:192.168.255.126::255.255.255.0:bbb1:eth0 nfsrootdebug
[    0.000000] Unknown kernel command line parameters "nfsrootdebug", will be passed to user space.
[    0.000000] Dentry cache hash table entries: 65536 (order: 6, 262144 bytes, linear)
[    0.000000] Inode-cache hash table entries: 32768 (order: 5, 131072 bytes, linear)
[    0.000000] Built 1 zonelists, mobility grouping on.  Total pages: 129412
[    0.000000] mem auto-init: stack:off, heap alloc:off, heap free:off
[    0.000000] Memory: 483604K/522240K available (11264K kernel code, 1165K rwdata, 2704K rodata, 1024K init, 282K bss, 22252K reserved, 16384K cma-reserved, 0K highmem)
[    0.000000] SLUB: HWalign=64, Order=0-3, MinObjects=0, CPUs=1, Nodes=1
[    0.000000] rcu: Hierarchical RCU implementation.
[    0.000000] rcu: 	RCU event tracing is enabled.
[    0.000000] rcu: 	RCU restricting CPUs from NR_CPUS=2 to nr_cpu_ids=1.
[    0.000000] rcu: RCU calculated value of scheduler-enlistment delay is 10 jiffies.
[    0.000000] rcu: Adjusting geometry for rcu_fanout_leaf=16, nr_cpu_ids=1
[    0.000000] NR_IRQS: 16, nr_irqs: 16, preallocated irqs: 16
[    0.000000] IRQ: Found an INTC at 0x(ptrval) (revision 5.0) with 128 interrupts
[    0.000000] rcu: srcu_init: Setting srcu_struct sizes based on contention.
[    0.000000] TI gptimer clocksource: always-on /ocp/interconnect@44c00000/segment@200000/target-module@31000
[    0.000003] sched_clock: 32 bits at 24MHz, resolution 41ns, wraps every 89478484971ns
[    0.000028] clocksource: dmtimer: mask: 0xffffffff max_cycles: 0xffffffff, max_idle_ns: 79635851949 ns
[    0.000512] TI gptimer clockevent: 24000000 Hz at /ocp/interconnect@48000000/segment@0/target-module@40000
[    0.002073] Console: colour dummy device 80x30
[    0.002124] WARNING: Your 'console=ttyO0' has been replaced by 'ttyS0'
[    0.002132] This ensures that you still see kernel messages. Please
[    0.002137] update your kernel commandline.
[    0.002176] Calibrating delay loop... 996.14 BogoMIPS (lpj=4980736)
[    0.090564] CPU: Testing write buffer coherency: ok
[    0.090661] CPU0: Spectre v2: using BPIALL workaround
[    0.090672] pid_max: default: 32768 minimum: 301
[    0.090788] LSM: initializing lsm=capability,integrity
[    0.090956] Mount-cache hash table entries: 1024 (order: 0, 4096 bytes, linear)
[    0.090978] Mountpoint-cache hash table entries: 1024 (order: 0, 4096 bytes, linear)
[    0.092438] CPU0: thread -1, cpu 0, socket -1, mpidr 0
[    0.094043] Setting up static identity map for 0x80100000 - 0x80100078
[    0.094325] rcu: Hierarchical SRCU implementation.
[    0.094337] rcu: 	Max phase no-delay instances is 1000.
[    0.095706] smp: Bringing up secondary CPUs ...
[    0.095763] smp: Brought up 1 node, 1 CPU
[    0.095777] SMP: Total of 1 processors activated (996.14 BogoMIPS).
[    0.095788] CPU: All CPU(s) started in SVC mode.
[    0.096674] devtmpfs: initialized
[    0.112975] VFP support v0.3: implementor 41 architecture 3 part 30 variant c rev 3
[    0.113331] clocksource: jiffies: mask: 0xffffffff max_cycles: 0xffffffff, max_idle_ns: 19112604462750000 ns
[    0.113366] futex hash table entries: 256 (order: 2, 16384 bytes, linear)
[    0.114650] pinctrl core: initialized pinctrl subsystem
[    0.116784] NET: Registered PF_NETLINK/PF_ROUTE protocol family
[    0.119304] DMA: preallocated 256 KiB pool for atomic coherent allocations
[    0.119915] audit: initializing netlink subsys (disabled)
[    0.121432] thermal_sys: Registered thermal governor 'fair_share'
[    0.121452] thermal_sys: Registered thermal governor 'step_wise'
[    0.121458] thermal_sys: Registered thermal governor 'user_space'
[    0.121672] audit: type=2000 audit(0.110:1): state=initialized audit_enabled=0 res=1
[    0.121707] cpuidle: using governor menu
[    0.138003] /ocp/interconnect@44c00000/segment@200000/target-module@b000/i2c@0/tda19988@70: Fixed dependency cycle(s) with /ocp/interconnect@48000000/segment@300000/target-module@e000/lcdc@0
[    0.139068] /ocp/interconnect@48000000/segment@300000/target-module@e000/lcdc@0: Fixed dependency cycle(s) with /ocp/interconnect@44c00000/segment@200000/target-module@b000/i2c@0/tda19988@70
[    0.141286] No ATAGs?
[    0.141305] hw-breakpoint: debug architecture 0x4 unsupported.
[    0.144305] kprobes: kprobe jump-optimization is enabled. All kprobes are optimized if possible.
[    0.163654] iommu: Default domain type: Translated
[    0.163675] iommu: DMA domain TLB invalidation policy: strict mode
[    0.165122] SCSI subsystem initialized
[    0.165949] reg-fixed-voltage fixedregulator0: using DT '/fixedregulator0' for '(null)' GPIO lookup
[    0.166001] of_get_named_gpiod_flags: can't parse 'gpios' property of node '/fixedregulator0[0]'
[    0.166032] of_get_named_gpiod_flags: can't parse 'gpio' property of node '/fixedregulator0[0]'
[    0.166050] reg-fixed-voltage fixedregulator0: using lookup tables for GPIO lookup
[    0.166060] reg-fixed-voltage fixedregulator0: No GPIO consumer (null) found
[    0.166591] libata version 3.00 loaded.
[    0.166946] pps_core: LinuxPPS API ver. 1 registered
[    0.166959] pps_core: Software ver. 5.3.6 - Copyright 2005-2007 Rodolfo Giometti <giometti@linux.it>
[    0.166984] PTP clock support registered
[    0.170821] vgaarb: loaded
[    0.171155] clocksource: Switched to clocksource dmtimer
[    0.171760] VFS: Disk quotas dquot_6.6.0
[    0.171818] VFS: Dquot-cache hash table entries: 1024 (order 0, 4096 bytes)
[    0.203682] NET: Registered PF_INET protocol family
[    0.204021] IP idents hash table entries: 8192 (order: 4, 65536 bytes, linear)
[    0.205359] tcp_listen_portaddr_hash hash table entries: 512 (order: 0, 4096 bytes, linear)
[    0.205397] Table-perturb hash table entries: 65536 (order: 6, 262144 bytes, linear)
[    0.205413] TCP established hash table entries: 4096 (order: 2, 16384 bytes, linear)
[    0.205460] TCP bind hash table entries: 4096 (order: 4, 65536 bytes, linear)
[    0.205561] TCP: Hash tables configured (established 4096 bind 4096)
[    0.205693] UDP hash table entries: 256 (order: 1, 8192 bytes, linear)
[    0.205723] UDP-Lite hash table entries: 256 (order: 1, 8192 bytes, linear)
[    0.205894] NET: Registered PF_UNIX/PF_LOCAL protocol family
[    0.207069] RPC: Registered named UNIX socket transport module.
[    0.207089] RPC: Registered udp transport module.
[    0.207095] RPC: Registered tcp transport module.
[    0.207100] RPC: Registered tcp-with-tls transport module.
[    0.207105] RPC: Registered tcp NFSv4.1 backchannel transport module.
[    0.207129] PCI: CLS 0 bytes, default 64
[    0.208694] Initialise system trusted keyrings
[    0.211933] workingset: timestamp_bits=14 max_order=17 bucket_order=3
[    0.221712] NFS: Registering the id_resolver key type
[    0.221785] Key type id_resolver registered
[    0.221793] Key type id_legacy registered
[    0.221847] jffs2: version 2.2. (NAND) (SUMMARY)  Â© 2001-2006 Red Hat, Inc.
[    0.222252] Key type asymmetric registered
[    0.222268] Asymmetric key parser 'x509' registered
[    0.222341] io scheduler mq-deadline registered
[    0.222352] io scheduler kyber registered
[    0.222422] io scheduler bfq registered
[    0.225128] hw perfevents: enabled with armv7_cortex_a8 PMU driver, 5 counters available
[    0.233424] l3-aon-clkctrl:0000:0: failed to disable
[    0.241366] Serial: 8250/16550 driver, 6 ports, IRQ sharing enabled
[    0.292678] brd: module loaded
[    0.300549] loop: module loaded
[    0.301644] mtdoops: mtd device (mtddev=name/number) must be supplied
[    0.303148] mdio_bus fixed-0: using lookup tables for GPIO lookup
[    0.303172] mdio_bus fixed-0: No GPIO consumer reset found
[    0.304401] i2c_dev: i2c /dev entries driver
[    0.305376] cpuidle: enable-method property 'ti,am3352' found operations
[    0.305832] sdhci: Secure Digital Host Controller Interface driver
[    0.305843] sdhci: Copyright(c) Pierre Ossman
[    0.306040] sdhci-pltfm: SDHCI platform and OF driver helper
[    0.317605] ledtrig-cpu: registered to indicate activity on CPUs
[    0.318445] Initializing XFRM netlink socket
[    0.318571] NET: Registered PF_INET6 protocol family
[    0.320346] Segment Routing with IPv6
[    0.320419] In-situ OAM (IOAM) with IPv6
[    0.320528] sit: IPv6, IPv4 and MPLS over IPv4 tunneling driver
[    0.321676] NET: Registered PF_PACKET protocol family
[    0.321708] NET: Registered PF_KEY protocol family
[    0.321850] Key type dns_resolver registered
[    0.322082] ThumbEE CPU extension supported.
[    0.322102] Registering SWP/SWPB emulation handler
[    0.322612] omap_voltage_late_init: Voltage driver support not added
[    0.323260] SmartReflex Class3 initialized
[    0.358394] Loading compiled-in X.509 certificates
[    0.416208] /ocp/interconnect@44c00000/segment@200000/target-module@b000/i2c@0/tda19988@70: Fixed dependency cycle(s) with /ocp/interconnect@48000000/segment@300000/target-module@e000/lcdc@0
[    0.422506] /ocp/interconnect@44c00000/segment@200000/target-module@b000/i2c@0/tda19988@70: Fixed dependency cycle(s) with /ocp/interconnect@48000000/segment@300000/target-module@e000/lcdc@0
[    0.427821] gpiochip_find_base: found new base at 512
[    0.430262] /ocp/interconnect@44c00000/segment@200000/target-module@b000/i2c@0/tda19988@70: Fixed dependency cycle(s) with /ocp/interconnect@48000000/segment@300000/target-module@e000/lcdc@0
[    0.431103] /ocp/interconnect@44c00000/segment@200000/target-module@b000/i2c@0/tda19988@70: Fixed dependency cycle(s) with /ocp/interconnect@48000000/segment@300000/target-module@e000/lcdc@0
[    0.434586] /ocp/interconnect@44c00000/segment@200000/target-module@10000/scm@0/pinmux@800: Fixed dependency cycle(s) with /ocp/interconnect@44c00000/segment@200000/target-module@10000/scm@0/pinmux@800/clkout2-pins
[    0.435200] pinctrl-single 44e10800.pinmux: 142 pins, size 568
[    0.440140] ti-sysc: probe of 44e31000.target-module failed with error -16
[    0.478440] /ocp/interconnect@48000000/segment@300000/target-module@e000/lcdc@0: Fixed dependency cycle(s) with /ocp/interconnect@44c00000/segment@200000/target-module@b000/i2c@0/tda19988@70
[    0.486345] ti-sysc: probe of 48040000.target-module failed with error -16
[    0.497440] gpiochip_find_base: found new base at 512
[    0.497510] gpio gpiochip0: (gpio-0-31): created GPIO range 0->7 ==> 44e10800.pinmux PIN 0->7
[    0.497530] gpio gpiochip0: (gpio-0-31): created GPIO range 8->11 ==> 44e10800.pinmux PIN 90->93
[    0.497546] gpio gpiochip0: (gpio-0-31): created GPIO range 12->27 ==> 44e10800.pinmux PIN 12->27
[    0.497562] gpio gpiochip0: (gpio-0-31): created GPIO range 28->31 ==> 44e10800.pinmux PIN 30->33
[    0.519464] gpio gpiochip0: (gpio-0-31): added GPIO chardev (254:0)
[    0.519632] gpio gpiochip0: registered GPIOs 512 to 543 on gpio-0-31
[    0.519713] OMAP GPIO hardware version 0.1
[    0.545075] i2c i2c-2: using DT '/ocp/interconnect@48000000/segment@100000/target-module@9c000/i2c@0' for 'scl' GPIO lookup
[    0.545149] of_get_named_gpiod_flags: can't parse 'scl-gpios' property of node '/ocp/interconnect@48000000/segment@100000/target-module@9c000/i2c@0[0]'
[    0.545193] of_get_named_gpiod_flags: can't parse 'scl-gpio' property of node '/ocp/interconnect@48000000/segment@100000/target-module@9c000/i2c@0[0]'
[    0.545228] i2c i2c-2: using lookup tables for GPIO lookup
[    0.545239] i2c i2c-2: No GPIO consumer scl found
[    0.545260] i2c i2c-2: using DT '/ocp/interconnect@48000000/segment@100000/target-module@9c000/i2c@0' for 'sda' GPIO lookup
[    0.545296] of_get_named_gpiod_flags: can't parse 'sda-gpios' property of node '/ocp/interconnect@48000000/segment@100000/target-module@9c000/i2c@0[0]'
[    0.545334] of_get_named_gpiod_flags: can't parse 'sda-gpio' property of node '/ocp/interconnect@48000000/segment@100000/target-module@9c000/i2c@0[0]'
[    0.545366] i2c i2c-2: using lookup tables for GPIO lookup
[    0.545374] i2c i2c-2: No GPIO consumer sda found
[    0.546056] omap_i2c 4819c000.i2c: bus 2 rev0.11 at 100 kHz
[    0.551512] gpiochip_find_base: found new base at 544
[    0.551581] gpio gpiochip1: (gpio-32-63): created GPIO range 0->17 ==> 44e10800.pinmux PIN 34->51
[    0.551601] gpio gpiochip1: (gpio-32-63): created GPIO range 18->21 ==> 44e10800.pinmux PIN 77->80
[    0.551617] gpio gpiochip1: (gpio-32-63): created GPIO range 22->31 ==> 44e10800.pinmux PIN 56->65
[    0.565634] gpio gpiochip1: (gpio-32-63): added GPIO chardev (254:1)
[    0.565796] gpio gpiochip1: registered GPIOs 544 to 575 on gpio-32-63
[    0.568016] gpiochip_find_base: found new base at 576
[    0.568076] gpio gpiochip2: (gpio-64-95): created GPIO range 0->4 ==> 44e10800.pinmux PIN 66->70
[    0.568096] gpio gpiochip2: (gpio-64-95): created GPIO range 5->6 ==> 44e10800.pinmux PIN 98->99
[    0.568112] gpio gpiochip2: (gpio-64-95): created GPIO range 7->8 ==> 44e10800.pinmux PIN 75->76
[    0.568127] gpio gpiochip2: (gpio-64-95): created GPIO range 13->13 ==> 44e10800.pinmux PIN 141->141
[    0.568143] gpio gpiochip2: (gpio-64-95): created GPIO range 14->21 ==> 44e10800.pinmux PIN 100->107
[    0.568718] gpio gpiochip2: (gpio-64-95): added GPIO chardev (254:2)
[    0.568841] gpio gpiochip2: registered GPIOs 576 to 607 on gpio-64-95
[    0.575287] /ocp/interconnect@48000000/segment@300000/target-module@e000/lcdc@0: Fixed dependency cycle(s) with /ocp/interconnect@44c00000/segment@200000/target-module@b000/i2c@0/tda19988@70
[    0.577959] /ocp/interconnect@48000000/segment@300000/target-module@e000/lcdc@0: Fixed dependency cycle(s) with /ocp/interconnect@44c00000/segment@200000/target-module@b000/i2c@0/tda19988@70
[    0.578643] /ocp/interconnect@44c00000/segment@200000/target-module@b000/i2c@0/tda19988@70: Fixed dependency cycle(s) with /ocp/interconnect@48000000/segment@300000/target-module@e000/lcdc@0
[    0.578808] /ocp/interconnect@48000000/segment@300000/target-module@e000/lcdc@0: Fixed dependency cycle(s) with /ocp/interconnect@44c00000/segment@200000/target-module@b000/i2c@0/tda19988@70
[    0.588178] mdio_bus 4a101000.mdio: using DT '/ocp/interconnect@4a000000/segment@0/target-module@100000/switch@0/mdio@1000' for 'reset' GPIO lookup
[    0.588252] of_get_named_gpiod_flags: can't parse 'reset-gpios' property of node '/ocp/interconnect@4a000000/segment@0/target-module@100000/switch@0/mdio@1000[0]'
[    0.588299] of_get_named_gpiod_flags: can't parse 'reset-gpio' property of node '/ocp/interconnect@4a000000/segment@0/target-module@100000/switch@0/mdio@1000[0]'
[    0.588347] mdio_bus 4a101000.mdio: using lookup tables for GPIO lookup
[    0.588359] mdio_bus 4a101000.mdio: No GPIO consumer reset found
[    0.589266] sdhci-omap 481d8000.mmc: using DT '/ocp/interconnect@48000000/segment@100000/target-module@d8000/mmc@0' for 'wp' GPIO lookup
[    0.589326] of_get_named_gpiod_flags: can't parse 'wp-gpios' property of node '/ocp/interconnect@48000000/segment@100000/target-module@d8000/mmc@0[0]'
[    0.589371] of_get_named_gpiod_flags: can't parse 'wp-gpio' property of node '/ocp/interconnect@48000000/segment@100000/target-module@d8000/mmc@0[0]'
[    0.589405] sdhci-omap 481d8000.mmc: using lookup tables for GPIO lookup
[    0.589415] sdhci-omap 481d8000.mmc: No GPIO consumer wp found
[    0.589598] sdhci-omap 481d8000.mmc: supply pbias not found, using dummy regulator
[    0.590073] sdhci-omap 481d8000.mmc: supply vqmmc not found, using dummy regulator
[    0.668155] davinci_mdio 4a101000.mdio: davinci mdio revision 1.6, bus freq 1000000
[    0.694918] mdio_bus 4a101000.mdio:00: using DT '/ocp/interconnect@4a000000/segment@0/target-module@100000/switch@0/mdio@1000/ethernet-phy@0' for 'reset' GPIO lookup
[    0.695027] of_get_named_gpiod_flags: parsed 'reset-gpios' property of node '/ocp/interconnect@4a000000/segment@0/target-module@100000/switch@0/mdio@1000/ethernet-phy@0[0]' - status (0)
[    0.695190] gpio gpiochip0: Persistence not supported for GPIO 8
[    0.873049] davinci_mdio 4a101000.mdio: phy[0]: device 4a101000.mdio:00, driver SMSC LAN8710/LAN8720
[    0.873680] cpsw-switch 4a100000.switch: initialized cpsw ale version 1.4
[    0.873701] cpsw-switch 4a100000.switch: ALE Table size 1024
[    0.874001] cpsw-switch 4a100000.switch: cpts: overflow check period 500 (jiffies)
[    0.874022] cpsw-switch 4a100000.switch: CPTS: ref_clk_freq:250000000 calc_mult:2147483648 calc_shift:29 error:0 nsec/sec
[    0.874122] cpsw-switch 4a100000.switch: Detected MACID = 6c:ec:eb:68:de:78
[    0.875965] cpsw-switch 4a100000.switch: initialized (regs 0x4a100000, pool size 256) hw_ver:0019010C 1.12 (0)
[    0.886703] debugfs: Directory '49000000.dma' with parent 'dmaengine' already present!
[    0.886745] edma 49000000.dma: TI EDMA DMA engine driver
[    0.928517] gpio-clk clk_mcasp0: using DT '/clk_mcasp0' for 'enable' GPIO lookup
[    0.928596] of_get_named_gpiod_flags: parsed 'enable-gpios' property of node '/clk_mcasp0[0]' - status (0)
[    0.928638] gpio gpiochip0: Persistence not supported for GPIO 27
[    0.929490] gpiochip_find_base: found new base at 608
[    0.929549] gpio gpiochip3: (gpio-96-127): created GPIO range 0->7 ==> 44e10800.pinmux PIN 82->89
[    0.929569] gpio gpiochip3: (gpio-96-127): created GPIO range 8->11 ==> 44e10800.pinmux PIN 52->55
[    0.929586] gpio gpiochip3: (gpio-96-127): created GPIO range 12->15 ==> 44e10800.pinmux PIN 94->97
[    0.929601] gpio gpiochip3: (gpio-96-127): created GPIO range 16->17 ==> 44e10800.pinmux PIN 71->72
[    0.929618] gpio gpiochip3: (gpio-96-127): created GPIO range 18->18 ==> 44e10800.pinmux PIN 135->135
[    0.929634] gpio gpiochip3: (gpio-96-127): created GPIO range 19->20 ==> 44e10800.pinmux PIN 108->109
[    0.929651] gpio gpiochip3: (gpio-96-127): created GPIO range 21->21 ==> 44e10800.pinmux PIN 73->73
[    0.929668] gpio gpiochip3: (gpio-96-127): created GPIO range 22->23 ==> 44e10800.pinmux PIN 8->9
[    0.929685] gpio gpiochip3: (gpio-96-127): created GPIO range 26->27 ==> 44e10800.pinmux PIN 10->11
[    0.929703] gpio gpiochip3: (gpio-96-127): created GPIO range 28->28 ==> 44e10800.pinmux PIN 74->74
[    0.929721] gpio gpiochip3: (gpio-96-127): created GPIO range 29->29 ==> 44e10800.pinmux PIN 81->81
[    0.929740] gpio gpiochip3: (gpio-96-127): created GPIO range 30->31 ==> 44e10800.pinmux PIN 28->29
[    0.941980] gpio gpiochip3: (gpio-96-127): added GPIO chardev (254:3)
[    0.942135] gpio gpiochip3: registered GPIOs 608 to 639 on gpio-96-127
[    0.944081] omap8250 44e09000.serial: using DT '/ocp/interconnect@44c00000/segment@200000/target-module@9000/serial@0' for 'rs485-term' GPIO lookup
[    0.944153] of_get_named_gpiod_flags: can't parse 'rs485-term-gpios' property of node '/ocp/interconnect@44c00000/segment@200000/target-module@9000/serial@0[0]'
[    0.944198] of_get_named_gpiod_flags: can't parse 'rs485-term-gpio' property of node '/ocp/interconnect@44c00000/segment@200000/target-module@9000/serial@0[0]'
[    0.944233] omap8250 44e09000.serial: using lookup tables for GPIO lookup
[    0.944244] omap8250 44e09000.serial: No GPIO consumer rs485-term found
[    0.944254] omap8250 44e09000.serial: using DT '/ocp/interconnect@44c00000/segment@200000/target-module@9000/serial@0' for 'rs485-rx-during-tx' GPIO lookup
[    0.944290] of_get_named_gpiod_flags: can't parse 'rs485-rx-during-tx-gpios' property of node '/ocp/interconnect@44c00000/segment@200000/target-module@9000/serial@0[0]'
[    0.944327] of_get_named_gpiod_flags: can't parse 'rs485-rx-during-tx-gpio' property of node '/ocp/interconnect@44c00000/segment@200000/target-module@9000/serial@0[0]'
[    0.944359] omap8250 44e09000.serial: using lookup tables for GPIO lookup
[    0.944367] omap8250 44e09000.serial: No GPIO consumer rs485-rx-during-tx found
[    0.944741] 44e09000.serial: ttyS0 at MMIO 0x44e09000 (irq = 34, base_baud = 3000000) is a 8250
[    0.944825] printk: console [ttyS0] enabled
[    2.132746] i2c i2c-0: using DT '/ocp/interconnect@44c00000/segment@200000/target-module@b000/i2c@0' for 'scl' GPIO lookup
[    2.132832] of_get_named_gpiod_flags: can't parse 'scl-gpios' property of node '/ocp/interconnect@44c00000/segment@200000/target-module@b000/i2c@0[0]'
[    2.132878] of_get_named_gpiod_flags: can't parse 'scl-gpio' property of node '/ocp/interconnect@44c00000/segment@200000/target-module@b000/i2c@0[0]'
[    2.132916] i2c i2c-0: using lookup tables for GPIO lookup
[    2.132929] i2c i2c-0: No GPIO consumer scl found
[    2.132952] i2c i2c-0: using DT '/ocp/interconnect@44c00000/segment@200000/target-module@b000/i2c@0' for 'sda' GPIO lookup
[    2.132989] of_get_named_gpiod_flags: can't parse 'sda-gpios' property of node '/ocp/interconnect@44c00000/segment@200000/target-module@b000/i2c@0[0]'
[    2.133029] of_get_named_gpiod_flags: can't parse 'sda-gpio' property of node '/ocp/interconnect@44c00000/segment@200000/target-module@b000/i2c@0[0]'
[    2.133063] i2c i2c-0: using lookup tables for GPIO lookup
[    2.133073] i2c i2c-0: No GPIO consumer sda found
[    2.162082] tps65217-pmic: Failed to locate of_node [id: -1]
[    2.168120] tps65217-bl: Failed to locate of_node [id: -1]
[    2.179101] tps65217 0-0024: TPS65217 ID 0xe version 1.2
[    2.185236] /ocp/interconnect@48000000/segment@300000/target-module@e000/lcdc@0: Fixed dependency cycle(s) with /ocp/interconnect@44c00000/segment@200000/target-module@b000/i2c@0/tda19988@70
[    2.202591] /ocp/interconnect@44c00000/segment@200000/target-module@b000/i2c@0/tda19988@70: Fixed dependency cycle(s) with /ocp/interconnect@48000000/segment@300000/target-module@e000/lcdc@0
[    2.219938] omap_i2c 44e0b000.i2c: bus 0 rev0.11 at 400 kHz
[    2.227624] sdhci-omap 48060000.mmc: using DT '/ocp/interconnect@48000000/segment@0/target-module@60000/mmc@0' for 'cd' GPIO lookup
[    2.227723] of_get_named_gpiod_flags: parsed 'cd-gpios' property of node '/ocp/interconnect@48000000/segment@0/target-module@60000/mmc@0[0]' - status (0)
[    2.227847] gpio gpiochip3: Persistence not supported for GPIO 6
[    2.227874] omap_gpio 44e07000.gpio: Could not set line 6 debounce to 200000 microseconds (-22)
[    2.236742] sdhci-omap 48060000.mmc: Got CD GPIO
[    2.241416] sdhci-omap 48060000.mmc: using DT '/ocp/interconnect@48000000/segment@0/target-module@60000/mmc@0' for 'wp' GPIO lookup
[    2.241466] of_get_named_gpiod_flags: can't parse 'wp-gpios' property of node '/ocp/interconnect@48000000/segment@0/target-module@60000/mmc@0[0]'
[    2.241508] of_get_named_gpiod_flags: can't parse 'wp-gpio' property of node '/ocp/interconnect@48000000/segment@0/target-module@60000/mmc@0[0]'
[    2.241544] sdhci-omap 48060000.mmc: using lookup tables for GPIO lookup
[    2.241558] sdhci-omap 48060000.mmc: No GPIO consumer wp found
[    2.241752] sdhci-omap 48060000.mmc: supply pbias not found, using dummy regulator
[    2.250726] sdhci-omap 481d8000.mmc: using DT '/ocp/interconnect@48000000/segment@100000/target-module@d8000/mmc@0' for 'wp' GPIO lookup
[    2.250814] of_get_named_gpiod_flags: can't parse 'wp-gpios' property of node '/ocp/interconnect@48000000/segment@100000/target-module@d8000/mmc@0[0]'
[    2.250864] of_get_named_gpiod_flags: can't parse 'wp-gpio' property of node '/ocp/interconnect@48000000/segment@100000/target-module@d8000/mmc@0[0]'
[    2.250902] sdhci-omap 481d8000.mmc: using lookup tables for GPIO lookup
[    2.250913] sdhci-omap 481d8000.mmc: No GPIO consumer wp found
[    2.251974] sdhci-omap 48060000.mmc: supply vqmmc not found, using dummy regulator
[    2.260639] sdhci-omap 481d8000.mmc: supply pbias not found, using dummy regulator
[    2.269648] sdhci-omap 481d8000.mmc: supply vqmmc not found, using dummy regulator
[    2.309344] mmc1: SDHCI controller on 481d8000.mmc [481d8000.mmc] using External DMA
[    2.317803] mmc0: SDHCI controller on 48060000.mmc [48060000.mmc] using External DMA
[    2.326433] cpsw-switch 4a100000.switch: starting ndev. mode: dual_mac
[    2.391436] mmc1: new high speed MMC card at address 0001
[    2.398333] mmcblk1: mmc1:0001 MMC04G 3.60 GiB
[    2.405872]  mmcblk1: p1 p2
[    2.409173] mmc0: new high speed SDHC card at address aaaa
[    2.415891] mmcblk0: mmc0:aaaa SE32G 29.7 GiB
[    2.423666] mmcblk1boot0: mmc1:0001 MMC04G 2.00 MiB
[    2.429627]  mmcblk0: p1 p2
[    2.434851] mmcblk1boot1: mmc1:0001 MMC04G 2.00 MiB
[    2.441763] mmcblk1rpmb: mmc1:0001 MMC04G 128 KiB, chardev (250:0)
[    2.482340] SMSC LAN8710/LAN8720 4a101000.mdio:00: attached PHY driver (mii_bus:phy_addr=4a101000.mdio:00, irq=POLL)
[    5.601886] cpsw-switch 4a100000.switch eth0: Link is Up - 100Mbps/Full - flow control off
[    5.641377] IP-Config: Complete:
[    5.644645]      device=eth0, hwaddr=6c:ec:eb:68:de:78, ipaddr=192.168.255.1, mask=255.255.255.0, gw=255.255.255.255
[    5.655301]      host=bbb1, domain=, nis-domain=(none)
[    5.660467]      bootserver=192.168.255.126, rootserver=192.168.255.126, rootpath=
[    5.660883] clk: Disabling unused clocks
[    5.672738] KTAP version 1
[    5.675468] 1..0
[    5.699216] VFS: Mounted root (nfs filesystem) on device 0:16.
[    5.706300] devtmpfs: mounted
[    5.710912] Freeing unused kernel image (initmem) memory: 1024K
[    5.717689] Run /sbin/init as init process
[    5.721901]   with arguments:
[    5.721915]     /sbin/init
[    5.721924]     nfsrootdebug
[    5.721931]   with environment:
[    5.721938]     HOME=/
[    5.721946]     TERM=linux
[    6.402211] systemd[1]: System time before build time, advancing clock.
[    7.871174] random: crng init done
[    7.942099] systemd[1]: systemd 232 running in system mode. (+PAM +AUDIT +SELINUX +IMA +APPARMOR +SMACK +SYSVINIT +UTMP +LIBCRYPTSETUP +GCRYPT +GNUTLS +ACL +XZ +LZ4 +SECCOMP +BLKID +ELFUTILS +KMOD +IDN)
[    7.961083] systemd[1]: Detected architecture arm.
[    8.004123] systemd[1]: Set hostname to <arm>.
[    9.081917] systemd[1]: Reached target Remote File Systems.
[    9.123260] systemd[1]: Listening on Syslog Socket.
[    9.162046] systemd[1]: Started Dispatch Password Requests to Console Directory Watch.
[    9.201905] systemd[1]: Started Forward Password Requests to Wall Directory Watch.
[    9.241448] systemd[1]: Reached target Encrypted Volumes.
[    9.282621] systemd[1]: Created slice User and Session Slice.
[    9.321880] systemd[1]: Listening on Journal Socket (/dev/log).
[   11.155689] systemd-journald[84]: Received request to flush runtime journal from PID 1
[   14.166814] leds-gpio leds: using DT '/leds/led2' for '(null)' GPIO lookup
[   14.166916] of_get_named_gpiod_flags: parsed 'gpios' property of node '/leds/led2[0]' - status (0)
[   14.166968] gpio gpiochip0: Persistence not supported for GPIO 21
[   14.166981] gpio-533 (?): no flags found for (null)
