Labgrid Console Logfile for main
Logfile started at 2025-07-17 20:04:55.494822
=== Log starts here ===
reading args
spl_load_image_fat_os: error reading image args, err - -1
reading u-boot.img
reading u-boot.img


U-Boot 2014.04-00014-g47880f5 (Apr 22 2014 - 13:23:54)

I2C:   ready
DRAM:  512 MiB
NAND:  0 MiB
MMC:   OMAP SD/MMC: 0, OMAP SD/MMC: 1
*** Warning - readenv() failed, using default environment

Net:   <ethaddr> not set. Validating first E-fuse MAC
cpsw, usb_ether
Hit any key to stop autoboot:  1  0 
gpio: pin 53 (gpio 53) value is 1
mmc0 is current device
gpio: pin 54 (gpio 54) value is 1
SD/MMC found on device 0
reading uEnv.txt
569 bytes read in 4 ms (138.7 KiB/s)
gpio: pin 55 (gpio 55) value is 1
Loaded environment from uEnv.txt
Importing environment from mmc ...
Checking if uenvcmd is set ...
gpio: pin 56 (gpio 56) value is 1
Running uenvcmd ...
cpsw Waiting for PHY auto negotiation to complete. done
link up on port 0, speed 100, full duplex
Using cpsw device
TFTP from server 192.168.255.126; our IP address is 192.168.255.1
Filename 'zImage'.
Load address: 0x81000000
Loading: *#################################################################
	 #################################################################
	 #################################################################
	 #################################################################
	 #################################################################
	 #######
	 2.4 MiB/s
done
Bytes transferred = 4873456 (4a5cf0 hex)
link up on port 0, speed 100, full duplex
Using cpsw device
TFTP from server 192.168.255.126; our IP address is 192.168.255.1
Filename 'am335x-boneblack.dtb'.
Load address: 0x82000000
Loading: *#######
	 2.4 MiB/s
done
Bytes transferred = 94874 (1729a hex)
Kernel image @ 0x81000000 [ 0x000000 - 0x4a5cf0 ]
## Flattened Device Tree blob at 82000000
   Booting using the fdt blob at 0x82000000
   Using Device Tree in place at 82000000, end 8201a299

Starting kernel ...

[    0.000000] Booting Linux on physical CPU 0x0
[    0.000000] Linux version 5.15.189 (user01@drvtest01) (arm-none-eabi-gcc (Arm GNU Toolchain 14.2.Rel1 (Build arm-14.52)) 14.2.1 20241119, GNU ld (Arm GNU Toolchain 14.2.Rel1 (Build arm-14.52)) 2.43.1.20241119) #1 SMP Thu Jul 17 19:52:29 EEST 2025
[    0.000000] CPU: ARMv7 Processor [413fc082] revision 2 (ARMv7), cr=10c5387d
[    0.000000] CPU: PIPT / VIPT nonaliasing data cache, VIPT aliasing instruction cache
[    0.000000] OF: fdt: Machine model: TI AM335x BeagleBone Black
[    0.000000] Memory policy: Data cache writeback
[    0.000000] cma: Reserved 16 MiB at 0x9e800000
[    0.000000] Zone ranges:
[    0.000000]   Normal   [mem 0x0000000080000000-0x000000009fdfffff]
[    0.000000]   HighMem  empty
[    0.000000] Movable zone start for each node
[    0.000000] Early memory node ranges
[    0.000000]   node   0: [mem 0x0000000080000000-0x000000009fdfffff]
[    0.000000] Initmem setup node 0 [mem 0x0000000080000000-0x000000009fdfffff]
[    0.000000] CPU: All CPU(s) started in SVC mode.
[    0.000000] AM335X ES2.1 (sgx neon)
[    0.000000] percpu: Embedded 16 pages/cpu s33804 r8192 d23540 u65536
[    0.000000] Built 1 zonelists, mobility grouping on.  Total pages: 129412
[    0.000000] Kernel command line: console=ttyO0,115200n8 root=/dev/nfs rw nfsroot=192.168.255.126:/home/user01/nfs,nfsvers=3 ip=192.168.255.1:192.168.255.126::255.255.255.0:bbb1:eth0 nfsrootdebug
[    0.000000] Unknown kernel command line parameters "nfsrootdebug", will be passed to user space.
[    0.000000] Dentry cache hash table entries: 65536 (order: 6, 262144 bytes, linear)
[    0.000000] Inode-cache hash table entries: 32768 (order: 5, 131072 bytes, linear)
[    0.000000] mem auto-init: stack:off, heap alloc:off, heap free:off
[    0.000000] Memory: 484756K/522240K available (10240K kernel code, 1079K rwdata, 2392K rodata, 1024K init, 242K bss, 21100K reserved, 16384K cma-reserved, 0K highmem)
[    0.000000] trace event string verifier disabled
[    0.000000] rcu: Hierarchical RCU implementation.
[    0.000000] rcu: 	RCU event tracing is enabled.
[    0.000000] rcu: 	RCU restricting CPUs from NR_CPUS=2 to nr_cpu_ids=1.
[    0.000000] rcu: RCU calculated value of scheduler-enlistment delay is 10 jiffies.
[    0.000000] rcu: Adjusting geometry for rcu_fanout_leaf=16, nr_cpu_ids=1
[    0.000000] NR_IRQS: 16, nr_irqs: 16, preallocated irqs: 16
[    0.000000] IRQ: Found an INTC at 0x(ptrval) (revision 5.0) with 128 interrupts
[    0.000000] TI gptimer clocksource: always-on /ocp/interconnect@44c00000/segment@200000/target-module@31000
[    0.000002] sched_clock: 32 bits at 24MHz, resolution 41ns, wraps every 89478484971ns
[    0.000027] clocksource: dmtimer: mask: 0xffffffff max_cycles: 0xffffffff, max_idle_ns: 79635851949 ns
[    0.000456] TI gptimer clockevent: 24000000 Hz at /ocp/interconnect@48000000/segment@0/target-module@40000
[    0.002315] Console: colour dummy device 80x30
[    0.002375] WARNING: Your 'console=ttyO0' has been replaced by 'ttyS0'
[    0.002387] This ensures that you still see kernel messages. Please
[    0.002396] update your kernel commandline.
[    0.002445] Calibrating delay loop... 996.14 BogoMIPS (lpj=4980736)
[    0.090573] CPU: Testing write buffer coherency: ok
[    0.090660] CPU0: Spectre v2: using BPIALL workaround
[    0.090675] pid_max: default: 32768 minimum: 301
[    0.090820] LSM: Security Framework initializing
[    0.091002] Mount-cache hash table entries: 1024 (order: 0, 4096 bytes, linear)
[    0.091027] Mountpoint-cache hash table entries: 1024 (order: 0, 4096 bytes, linear)
[    0.092601] CPU0: thread -1, cpu 0, socket -1, mpidr 0
[    0.093644] Setting up static identity map for 0x80100000 - 0x80100078
[    0.093868] rcu: Hierarchical SRCU implementation.
[    0.095069] smp: Bringing up secondary CPUs ...
[    0.095099] smp: Brought up 1 node, 1 CPU
[    0.095115] SMP: Total of 1 processors activated (996.14 BogoMIPS).
[    0.095128] CPU: All CPU(s) started in SVC mode.
[    0.095904] devtmpfs: initialized
[    0.110335] VFP support v0.3: implementor 41 architecture 3 part 30 variant c rev 3
[    0.110755] clocksource: jiffies: mask: 0xffffffff max_cycles: 0xffffffff, max_idle_ns: 19112604462750000 ns
[    0.110791] futex hash table entries: 256 (order: 2, 16384 bytes, linear)
[    0.112182] pinctrl core: initialized pinctrl subsystem
[    0.114100] NET: Registered PF_NETLINK/PF_ROUTE protocol family
[    0.116854] DMA: preallocated 256 KiB pool for atomic coherent allocations
[    0.117429] audit: initializing netlink subsys (disabled)
[    0.118606] thermal_sys: Registered thermal governor 'fair_share'
[    0.118625] thermal_sys: Registered thermal governor 'step_wise'
[    0.118640] thermal_sys: Registered thermal governor 'user_space'
[    0.118995] cpuidle: using governor menu
[    0.135270] No ATAGs?
[    0.135308] hw-breakpoint: debug architecture 0x4 unsupported.
[    0.143346] kprobes: kprobe jump-optimization is enabled. All kprobes are optimized if possible.
[    0.143696] audit: type=2000 audit(0.110:1): state=initialized audit_enabled=0 res=1
[    0.149764] iommu: Default domain type: Translated 
[    0.149786] iommu: DMA domain TLB invalidation policy: strict mode 
[    0.151196] vgaarb: loaded
[    0.151725] SCSI subsystem initialized
[    0.152445] pps_core: LinuxPPS API ver. 1 registered
[    0.152463] pps_core: Software ver. 5.3.6 - Copyright 2005-2007 Rodolfo Giometti <giometti@linux.it>
[    0.152492] PTP clock support registered
[    0.153801] clocksource: Switched to clocksource dmtimer
[    0.199566] VFS: Disk quotas dquot_6.6.0
[    0.199685] VFS: Dquot-cache hash table entries: 1024 (order 0, 4096 bytes)
[    0.262857] NET: Registered PF_INET protocol family
[    0.263185] IP idents hash table entries: 8192 (order: 4, 65536 bytes, linear)
[    0.264239] tcp_listen_portaddr_hash hash table entries: 512 (order: 0, 4096 bytes, linear)
[    0.264294] Table-perturb hash table entries: 65536 (order: 6, 262144 bytes, linear)
[    0.264322] TCP established hash table entries: 4096 (order: 2, 16384 bytes, linear)
[    0.264371] TCP bind hash table entries: 4096 (order: 3, 32768 bytes, linear)
[    0.264435] TCP: Hash tables configured (established 4096 bind 4096)
[    0.264563] UDP hash table entries: 256 (order: 1, 8192 bytes, linear)
[    0.264592] UDP-Lite hash table entries: 256 (order: 1, 8192 bytes, linear)
[    0.264772] NET: Registered PF_UNIX/PF_LOCAL protocol family
[    0.274575] RPC: Registered named UNIX socket transport module.
[    0.274613] RPC: Registered udp transport module.
[    0.274623] RPC: Registered tcp transport module.
[    0.274632] RPC: Registered tcp NFSv4.1 backchannel transport module.
[    0.274653] PCI: CLS 0 bytes, default 64
[    0.276029] Initialise system trusted keyrings
[    0.276951] workingset: timestamp_bits=14 max_order=17 bucket_order=3
[    0.278168] NFS: Registering the id_resolver key type
[    0.278259] Key type id_resolver registered
[    0.278270] Key type id_legacy registered
[    0.278325] jffs2: version 2.2. (NAND) (SUMMARY)  Â© 2001-2006 Red Hat, Inc.
[    0.278693] Key type asymmetric registered
[    0.278714] Asymmetric key parser 'x509' registered
[    0.278776] io scheduler mq-deadline registered
[    0.278792] io scheduler kyber registered
[    0.281373] hw perfevents: enabled with armv7_cortex_a8 PMU driver, 5 counters available
[    0.289447] l3-aon-clkctrl:0000:0: failed to disable
[    0.301260] Serial: 8250/16550 driver, 6 ports, IRQ sharing enabled
[    0.331013] brd: module loaded
[    0.350317] loop: module loaded
[    0.351244] mtdoops: mtd device (mtddev=name/number) must be supplied
[    0.353542] i2c_dev: i2c /dev entries driver
[    0.354600] cpuidle: enable-method property 'ti,am3352' found operations
[    0.355011] sdhci: Secure Digital Host Controller Interface driver
[    0.355026] sdhci: Copyright(c) Pierre Ossman
[    0.355196] sdhci-pltfm: SDHCI platform and OF driver helper
[    0.355414] ledtrig-cpu: registered to indicate activity on CPUs
[    0.355955] Initializing XFRM netlink socket
[    0.356167] NET: Registered PF_INET6 protocol family
[    0.357687] Segment Routing with IPv6
[    0.357769] In-situ OAM (IOAM) with IPv6
[    0.357867] sit: IPv6, IPv4 and MPLS over IPv4 tunneling driver
[    0.358674] NET: Registered PF_PACKET protocol family
[    0.358723] NET: Registered PF_KEY protocol family
[    0.358834] Key type dns_resolver registered
[    0.358934] ThumbEE CPU extension supported.
[    0.358956] Registering SWP/SWPB emulation handler
[    0.359459] omap_voltage_late_init: Voltage driver support not added
[    0.360095] SmartReflex Class3 initialized
[    0.360905] Loading compiled-in X.509 certificates
[    0.393333] pinctrl-single 44e10800.pinmux: 142 pins, size 568
[    0.397864] ti-sysc: probe of 44e31000.target-module failed with error -16
[    0.430155] ti-sysc: probe of 48040000.target-module failed with error -16
[    0.482055] OMAP GPIO hardware version 0.1
[    0.507384] omap_i2c 4819c000.i2c: bus 2 rev0.11 at 100 kHz
[    0.551078] sdhci-omap 481d8000.mmc: supply vqmmc not found, using dummy regulator
[    0.604974] davinci_mdio 4a101000.mdio: davinci mdio revision 1.6, bus freq 1000000
[    0.785924] davinci_mdio 4a101000.mdio: phy[0]: device 4a101000.mdio:00, driver SMSC LAN8710/LAN8720
[    0.786512] cpsw-switch 4a100000.switch: initialized cpsw ale version 1.4
[    0.786540] cpsw-switch 4a100000.switch: ALE Table size 1024
[    0.786660] cpsw-switch 4a100000.switch: cpts: overflow check period 500 (jiffies)
[    0.786680] cpsw-switch 4a100000.switch: CPTS: ref_clk_freq:250000000 calc_mult:2147483648 calc_shift:29 error:0 nsec/sec
[    0.786788] cpsw-switch 4a100000.switch: Detected MACID = 6c:ec:eb:68:de:78
[    0.788357] cpsw-switch 4a100000.switch: initialized (regs 0x4a100000, pool size 256) hw_ver:0019010C 1.12 (0)
[    0.797708] debugfs: Directory '49000000.dma' with parent 'dmaengine' already present!
[    0.797766] edma 49000000.dma: TI EDMA DMA engine driver
[    0.847497] 44e09000.serial: ttyS0 at MMIO 0x44e09000 (irq = 19, base_baud = 3000000) is a 8250
[    1.844929] printk: console [ttyS0] enabled
[    1.874577] tps65217-pmic: Failed to locate of_node [id: -1]
[    1.889728] tps65217-bl: Failed to locate of_node [id: -1]
[    1.898182] tps65217 0-0024: TPS65217 ID 0xe version 1.2
[    1.904173] i2c 0-0070: Fixing up cyclic dependency with 4830e000.lcdc
[    1.911025] omap_i2c 44e0b000.i2c: bus 0 rev0.11 at 400 kHz
[    1.918464] omap_gpio 44e07000.gpio: Could not set line 6 debounce to 200000 microseconds (-22)
[    1.927303] sdhci-omap 48060000.mmc: Got CD GPIO
[    1.932260] sdhci-omap 48060000.mmc: supply vqmmc not found, using dummy regulator
[    1.944515] sdhci-omap 481d8000.mmc: supply vqmmc not found, using dummy regulator
[    1.977076] mmc0: SDHCI controller on 48060000.mmc [48060000.mmc] using External DMA
[    1.985134] mmc1: SDHCI controller on 481d8000.mmc [481d8000.mmc] using External DMA
[    1.993597] cpsw-switch 4a100000.switch: starting ndev. mode: dual_mac
[    2.037929] mmc0: new high speed SDHC card at address 5048
[    2.044720] mmcblk0: mmc0:5048 SD16G 14.4 GiB 
[    2.052446]  mmcblk0: p1 p2
[    2.055627] mmcblk0: p2 size 31221760 extends beyond EOD, truncated
[    2.084049] mmc1: new high speed MMC card at address 0001
[    2.090614] mmcblk1: mmc1:0001 MMC04G 3.60 GiB 
[    2.097787]  mmcblk1: p1 p2
[    2.101777] mmcblk1boot0: mmc1:0001 MMC04G 2.00 MiB 
[    2.108904] mmcblk1boot1: mmc1:0001 MMC04G 2.00 MiB 
[    2.115717] mmcblk1rpmb: mmc1:0001 MMC04G 128 KiB, chardev (250:0)
[    2.155612] SMSC LAN8710/LAN8720 4a101000.mdio:00: attached PHY driver (mii_bus:phy_addr=4a101000.mdio:00, irq=POLL)
[    7.364534] cpsw-switch 4a100000.switch eth0: Link is Up - 100Mbps/Full - flow control off
[    7.383846] IPv6: ADDRCONF(NETDEV_CHANGE): eth0: link becomes ready
[    7.413814] IP-Config: Complete:
[    7.417075]      device=eth0, hwaddr=6c:ec:eb:68:de:78, ipaddr=192.168.255.1, mask=255.255.255.0, gw=255.255.255.255
[    7.427687]      host=bbb1, domain=, nis-domain=(none)
[    7.432849]      bootserver=192.168.255.126, rootserver=192.168.255.126, rootpath=
[    7.433225] clk: Disabling unused clocks
[    7.445076] TAP version 14
[    7.447799] 1..0
[    7.474915] VFS: Mounted root (nfs filesystem) on device 0:16.
[    7.481652] devtmpfs: mounted
[    7.486145] Freeing unused kernel image (initmem) memory: 1024K
[    7.492633] Run /sbin/init as init process
[    8.178760] systemd[1]: System time before build time, advancing clock.
[    8.378005] random: systemd: uninitialized urandom read (16 bytes read)
[    8.389875] random: systemd: uninitialized urandom read (16 bytes read)
[    8.400403] systemd[1]: systemd 232 running in system mode. (+PAM +AUDIT +SELINUX +IMA +APPARMOR +SMACK +SYSVINIT +UTMP +LIBCRYPTSETUP +GCRYPT +GNUTLS +ACL +XZ +LZ4 +SECCOMP +BLKID +ELFUTILS +KMOD +IDN)
[    8.419818] systemd[1]: Detected architecture arm.

Welcome to [1mDebian GNU/Linux 9 (stretch)[0m!

[    8.456476] systemd[1]: Set hostname to <arm>.
[    8.828694] random: systemd-cryptse: uninitialized urandom read (16 bytes read)
[    9.408054] random: systemd: uninitialized urandom read (16 bytes read)
[    9.415318] random: systemd: uninitialized urandom read (16 bytes read)
[    9.422373] random: systemd: uninitialized urandom read (16 bytes read)
[    9.434993] systemd[1]: Listening on udev Kernel Socket.
[[0;32m  OK  [0m] Listening on udev Kernel Socket.
[    9.474415] systemd[1]: Reached target Swap.
[[0;32m  OK  [0m] Reached target Swap.
[    9.505594] systemd[1]: Listening on Journal Socket (/dev/log).
[[0;32m  OK  [0m] Listening on Journal Socket (/dev/log).
[    9.545303] systemd[1]: Created slice User and Session Slice.
[[0;32m  OK  [0m] Created slice User and Session Slice.
[    9.584198] systemd[1]: Reached target Remote File Systems.
[[0;32m  OK  [0m] Reached target Remote File Systems.
[    9.625401] systemd[1]: Set up automount Arbitrary Executable File Formats File System Automount Point.
[[0;32m  OK  [0m] Set up automount Arbitrary Executabâ€¦rmats File System Automount Point.
[    9.664708] systemd[1]: Started Dispatch Password Requests to Console Directory Watch.
[[0;32m  OK  [0m] Started Dispatch Password Requests to Console Directory Watch.
[[0;32m  OK  [0m] Listening on /dev/initctl Compatibility Named Pipe.
[[0;32m  OK  [0m] Created slice System Slice.
         Mounting POSIX Message Queue File System...
         Mounting Debug File System...
[[0;32m  OK  [0m] Created slice system-getty.slice.
[[0;32m  OK  [0m] Started Forward Password Requests to Wall Directory Watch.
[[0;32m  OK  [0m] Reached target Encrypted Volumes.
[[0;32m  OK  [0m] Reached target Slices.
[[0;32m  OK  [0m] Listening on Syslog Socket.
[[0;32m  OK  [0m] Created slice system-serial\x2dgetty.slice.
[[0;32m  OK  [0m] Listening on Journal Socket.
         Starting Remount Root and Kernel File Systems...
         Starting Load Kernel Modules...
[[0;32m  OK  [0m] Listening on udev Control Socket.
         Starting Create list of required stâ€¦ce nodes for the current kernel...
[[0;32m  OK  [0m] Reached target Paths.
[[0;32m  OK  [0m] Listening on Journal Audit Socket.
         Starting Journal Service...
[[0;32m  OK  [0m] Mounted POSIX Message Queue File System.
[[0;32m  OK  [0m] Mounted Debug File System.
[[0;32m  OK  [0m] Started Remount Root and Kernel File Systems.
[[0;32m  OK  [0m] Started Load Kernel Modules.
[[0;32m  OK  [0m] Started Create list of required staâ€¦vice nodes for the current kernel.
         Starting Create Static Device Nodes in /dev...
[   10.416075] random: systemd-journal: uninitialized urandom read (16 bytes read)
[   10.430935] random: systemd-journal: uninitialized urandom read (16 bytes read)
[   10.440745] random: systemd: uninitialized urandom read (16 bytes read)
         Starting Apply Kernel Variables...
         Mounting Configuration File System...
         Starting Load/Save Random Seed...
         Starting udev Coldplug all Devices...
[[0;32m  OK  [0m] Mounted Configuration File System.
[[0;32m  OK  [0m] Started Apply Kernel Variables.
[[0;32m  OK  [0m] Started Create Static Device Nodes in /dev.
[[0;32m  OK  [0m] Reached target Local File Systems (Pre).
[[0;32m  OK  [0m] Reached target Local File Systems.
         Starting Raise network interfaces...
         Starting udev Kernel Device Manager...
[[0;32m  OK  [0m] Started Load/Save Random Seed.
[[0;32m  OK  [0m] Started Journal Service.
[   11.446387] random: systemd: uninitialized urandom read (16 bytes read)
         Starting Flush Journal to Persistent Storage...
[   11.786977] systemd-journald[99]: Received request to flush runtime journal from PID 1
[[0;32m  OK  [0m] Started Flush Journal to Persistent Storage.
         Starting Create Volatile Files and Directories...
[[0;32m  OK  [0m] Started udev Kernel Device Manager.
[[0;32m  OK  [0m] Started Create Volatile Files and Directories.
         Starting Update UTMP about System Boot/Shutdown...
         Starting Network Time Synchronization...
[[0;32m  OK  [0m] Started Update UTMP about System Boot/Shutdown.
[[0;32m  OK  [0m] Started Network Time Synchronization.
[[0;32m  OK  [0m] Reached target System Time Synchronized.
[   14.294078] random: crng init done
[   14.297542] random: 550 urandom warning(s) missed due to ratelimiting
[[0;32m  OK  [0m] Started udev Coldplug all Devices.
[[0;32m  OK  [0m] Reached target System Initialization.
[[0;32m  OK  [0m] Started Daily apt download activities.
[[0;32m  OK  [0m] Listening on Avahi mDNS/DNS-SD Stack Activation Socket.
[[0;32m  OK  [0m] Started Daily apt upgrade and clean activities.
[[0;32m  OK  [0m] Started Daily Cleanup of Temporary Directories.
[[0;32m  OK  [0m] Reached target Timers.
[   14.693998] remoteproc remoteproc0: wkup_m3 is available
[[0;32m  OK  [0m] Listening on D-Bus System Message Bus Socket.
[[0;32m  OK  [0m] Reached target Sockets.
[[0;32m  OK  [0m] Reached target Basic System.
[[0;32m  OK  [0m] Started Regular background program processing daemon.
         Starting Cape Manager Service...
[   15.141252] at24 2-0054: supply vcc not found, using dummy regulator
         Starting System Logging Service...
         Starting LSB: Load kernel modules needed to enable cpufreq scaling...
[   15.366409] omap_wdt: OMAP Watchdog Timer Rev 0x01: initial timeout 60 sec
[   15.398824] at24 2-0055: supply vcc not found, using dummy regulator
         Starting LSB: Start busybox udhcpd at boot time...
[   15.553210] at24 2-0056: supply vcc not found, using dummy regulator
         Starting DUN service...
[[0;32m  OK  [0m] Started D-Bus System Message Bus.
[   15.688563] at24 2-0057: supply vcc not found, using dummy regulator
[   15.806706] at24 0-0050: supply vcc not found, using dummy regulator
[   15.832158] tps6521x_pwrbutton tps65217-pwrbutton: DMA mask not set
[   15.867893] at24 0-0050: 32768 byte 24c256 EEPROM, writable, 1 bytes/write
[   15.887442] input: tps65217_pwrbutton as /devices/platform/ocp/44c00000.interconnect/44c00000.interconnect:segment@200000/44e0b000.target-module/44e0b000.i2c/i2c-0/0-0024/tps65217-pwrbutton/input/input0
[   15.971241] omap_rtc 44e3e000.rtc: registered as rtc0
[   15.976539] omap_rtc 44e3e000.rtc: setting system clock to 2000-01-01T00:00:00 UTC (946684800)
[   16.186355] am335x-phy-driver 47401300.usb-phy: supply vcc not found, using dummy regulator
[   16.297861] am335x-phy-driver 47401b00.usb-phy: supply vcc not found, using dummy regulator
[   16.508056] usbcore: registered new interface driver usbfs
[   16.513659] usbcore: registered new interface driver hub
[   16.519175] usbcore: registered new device driver usb
[   17.201112] musb-hdrc musb-hdrc.1: MUSB HDRC host driver
[   17.206646] musb-hdrc musb-hdrc.1: new USB bus registered, assigned bus number 1
[   17.295144] omap-mailbox 480c8000.mailbox: omap mailbox rev 0x400
[   17.324261] remoteproc remoteproc0: powering up wkup_m3
[   17.470627] remoteproc remoteproc0: Direct firmware load for am335x-pm-firmware.elf failed with error -2
[   17.480531] remoteproc remoteproc0: request_firmware failed: -2
[   17.486556] wkup_m3_ipc 44e11324.wkup_m3_ipc: rproc_boot failed
[   17.552539] usb usb1: New USB device found, idVendor=1d6b, idProduct=0002, bcdDevice= 5.15
[   17.562687] usb usb1: New USB device strings: Mfr=3, Product=2, SerialNumber=1
[   17.570916] usb usb1: Product: MUSB HDRC host driver
[   17.575992] usb usb1: Manufacturer: Linux 5.15.189 musb-hcd
[   17.581593] usb usb1: SerialNumber: musb-hdrc.1
[   17.601670] tda998x 0-0070: found TDA19988
[   18.145565] hub 1-0:1.0: USB hub found
[   18.224617] hub 1-0:1.0: 1 port detected
[[0;32m  OK  [0m] Started DUN service.
         Starting Connection service...
         Starting Avahi mDNS/DNS-SD Stack...
         Starting Telephony service...
[   19.014126] tilcdc 4830e000.lcdc: bound 0-0070 (ops tda998x_driver_exit [tda998x])
[   19.022185] omap_rng 48310000.rng: Random Number Generator ver. 20
         Starting Generic Board Startup...
         Starting Login Service...
[   19.175375] [drm] Initialized tilcdc 1.0.0 20121205 for 4830e000.lcdc on minor 0
[[0;32m  OK  [0m] Started System Logging Service.
[   19.298330] tilcdc 4830e000.lcdc: [drm] Cannot find any crtc or sizes
[   19.320191] tilcdc 4830e000.lcdc: [drm] Cannot find any crtc or sizes
[[0;32m  OK  [0m] Started Raise network interfaces.
[[0;32m  OK  [0m] Started Cape Manager Service.
[[0;32m  OK  [0m] Found device /dev/ttyS0.
[   20.431257] omap-sham 53100000.sham: hw accel on OMAP rev 4.3
[   20.442073] PM: Cannot get wkup_m3_ipc handle
[   20.558714] omap-aes 53500000.aes: OMAP AES hw accel rev: 3.2
[   20.574443] omap-sham 53100000.sham: will run requests pump with realtime priority
[   20.664092] omap-aes 53500000.aes: will run requests pump with realtime priority
[   20.815304] PM: Cannot get wkup_m3_ipc handle
[   20.873472] PM: Cannot get wkup_m3_ipc handle
[   21.646236] Bluetooth: Core ver 2.22
[   21.650051] NET: Registered PF_BLUETOOTH protocol family
[   21.655551] Bluetooth: HCI device and connection manager initialized
[   21.661963] Bluetooth: HCI socket layer initialized
[   21.666914] Bluetooth: L2CAP socket layer initialized
[   21.672022] Bluetooth: SCO socket layer initialized
[[0;32m  OK  [0m] Started LSB: Start busybox udhcpd at boot time.
[   24.247782] PM: Cannot get wkup_m3_ipc handle
[   24.387366] PM: Cannot get wkup_m3_ipc handle
[[0;32m  OK  [0m] Started LSB: Load kernel modules needed to enable cpufreq scaling.
[   25.804722] using random self ethernet address
[   25.809364] using random host ethernet address
[   26.013941] using random self ethernet address
[   26.018449] using random host ethernet address
[[0;32m  OK  [0m] Started Telephony service.
[   26.369563] usb0: HOST MAC 1c:ba:8c:a2:ed:6c
[   26.374129] usb0: MAC 1c:ba:8c:a2:ed:70
[   26.378875] usb1: HOST MAC 1c:ba:8c:a2:ed:6c
[   26.383183] usb1: MAC 1c:ba:8c:a2:ed:6d
[[0;32m  OK  [0m] Started Avahi mDNS/DNS-SD Stack.
[[0;32m  OK  [0m] Started Connection service.
[[0;32m  OK  [0m] Started Login Service.
         Starting Hostname Service...
         Starting WPA supplicant...
[[0;32m  OK  [0m] Reached target Sound Card.
         Starting LSB: set CPUFreq kernel parameters...
[[0;32m  OK  [0m] Started WPA supplicant.
[[0;32m  OK  [0m] Started Hostname Service.
[[0;32m  OK  [0m] Reached target Network.
[[0;32m  OK  [0m] Reached target Network is Online.
         Starting LSB: Advanced IEEE 802.11 management daemon...
         Starting The Apache HTTP Server...
         Starting Permit User Sessions...
         Starting OpenBSD Secure Shell server...
[[0;32m  OK  [0m] Started LSB: set CPUFreq kernel parameters.
[[0;32m  OK  [0m] Started LSB: Advanced IEEE 802.11 management daemon.
[[0;32m  OK  [0m] Started Permit User Sessions.
[[0;32m  OK  [0m] Started Serial Getty on ttyS0.
[[0;32m  OK  [0m] Started Getty on tty1.
[[0;32m  OK  [0m] Reached target Login Prompts.
         Stopping LSB: Start busybox udhcpd at boot time...
[[0;32m  OK  [0m] Started OpenBSD Secure Shell server.
[[0;32m  OK  [0m] Stopped LSB: Start busybox udhcpd at boot time.
[[0;32m  OK  [0m] Started The Apache HTTP Server.
         Starting dnsmasq - A lightweight DHCP and caching DNS server...
[[0;32m  OK  [0m] Started dnsmasq - A lightweight DHCP and caching DNS server.
[[0;32m  OK  [0m] Reached target Host and Network Name Lookups.
[[0;32m  OK  [0m] Started Serial Getty on ttyGS0.
[[0;32m  OK  [0m] Started Generic Board Startup.
[[0;32m  OK  [0m] Reached target Multi-User System.
[[0;32m  OK  [0m] Reached target Graphical Interface.
         Starting Update UTMP about System Runlevel Changes...
[[0;32m  OK  [0m] Started Update UTMP about System Runlevel Changes.

Debian GNU/Linux 9 arm ttyS0

default username:password is [debian:temppwd]

arm login: roo
Password: 
Last login: Sat Jan  1 00:00:32 UTC 2000 on ttyS0
root
Linux arm 5.15.189 #1 SMP Thu Jul 17 19:52:29 EEST 2025 armv7l

The programs included with the Debian GNU/Linux system are free software;
the exact distribution terms for each program are described in the
individual files in /usr/share/doc/*/copyright.

Debian GNU/Linux comes with ABSOLUTELY NO WARRANTY, to the extent
permitted by applicable law.
root@arm:~# root
-bash: root: command not found
root@arm:~# dmesg -n 1
root@arm:~# echo 'FGBC''GFZVNS'
FGBCGFZVNS
root@arm:~# run() { echo -n "$MARKER"; sh -c "$@"; echo "$MARKER $?"; }
root@arm:~# echo 'KMJC''TTEJBS'
KMJCTTEJBS
root@arm:~# MARKER='HYLT''FPBFKX' run 'cat /proc/version'
HYLTFPBFKXLinux version 5.15.189 (user01@drvtest01) (arm-none-eabi-gcc (Arm GNU Toolchain 14.2.Rel1 (Build arm-14.52)) 14.2.1 20241119, GNU ld (Arm GNU Toolchain 14.2.Rel1 (Build arm-14.52)) 2.43.1.20241119) #1 SMP Thu Jul 17 19:52:29 EEST 2025
HYLTFPBFKX 0
root@arm:~# echo 'YTMO''OVAACA'
YTMOOVAACA
root@arm:~# MARKER='JZGH''LCABCS' run false
JZGHLCABCSJZGHLCABCS 1
root@arm:~# Labgrid Console Logfile for main
Logfile started at 2025-07-17 20:05:48.745676
=== Log starts here ===

root@arm:~# run() { echo -n "$MARKER"; sh -c "$@"; echo "$MARKER $?"; }
root@arm:~# echo 'NANJ''ECZXUO'
NANJECZXUO
root@arm:~# MARKER='UQHS''ZBGZEH' run 'ls /iio_generic_buffer; echo $?'
UQHSZBGZEH/iio_generic_buffer
0
UQHSZBGZEH 0
root@arm:~# Labgrid Console Logfile for main
Logfile started at 2025-07-17 20:05:52.183970
=== Log starts here ===

root@arm:~# run() { echo -n "$MARKER"; sh -c "$@"; echo "$MARKER $?"; }
root@arm:~# echo 'CNVJ''HAUNHE'
CNVJHAUNHE
root@arm:~# MARKER='SJAY''YMTLSJ' run dmesg
SJAYYMTLSJ[    0.000000] Booting Linux on physical CPU 0x0
[    0.000000] Linux version 5.15.189 (user01@drvtest01) (arm-none-eabi-gcc (Arm GNU Toolchain 14.2.Rel1 (Build arm-14.52)) 14.2.1 20241119, GNU ld (Arm GNU Toolchain 14.2.Rel1 (Build arm-14.52)) 2.43.1.20241119) #1 SMP Thu Jul 17 19:52:29 EEST 2025
[    0.000000] CPU: ARMv7 Processor [413fc082] revision 2 (ARMv7), cr=10c5387d
[    0.000000] CPU: PIPT / VIPT nonaliasing data cache, VIPT aliasing instruction cache
[    0.000000] OF: fdt: Machine model: TI AM335x BeagleBone Black
[    0.000000] Memory policy: Data cache writeback
[    0.000000] cma: Reserved 16 MiB at 0x9e800000
[    0.000000] Zone ranges:
[    0.000000]   Normal   [mem 0x0000000080000000-0x000000009fdfffff]
[    0.000000]   HighMem  empty
[    0.000000] Movable zone start for each node
[    0.000000] Early memory node ranges
[    0.000000]   node   0: [mem 0x0000000080000000-0x000000009fdfffff]
[    0.000000] Initmem setup node 0 [mem 0x0000000080000000-0x000000009fdfffff]
[    0.000000] CPU: All CPU(s) started in SVC mode.
[    0.000000] AM335X ES2.1 (sgx neon)
[    0.000000] percpu: Embedded 16 pages/cpu s33804 r8192 d23540 u65536
[    0.000000] pcpu-alloc: s33804 r8192 d23540 u65536 alloc=16*4096
[    0.000000] pcpu-alloc: [0] 0 
[    0.000000] Built 1 zonelists, mobility grouping on.  Total pages: 129412
[    0.000000] Kernel command line: console=ttyO0,115200n8 root=/dev/nfs rw nfsroot=192.168.255.126:/home/user01/nfs,nfsvers=3 ip=192.168.255.1:192.168.255.126::255.255.255.0:bbb1:eth0 nfsrootdebug
[    0.000000] Unknown kernel command line parameters "nfsrootdebug", will be passed to user space.
[    0.000000] Dentry cache hash table entries: 65536 (order: 6, 262144 bytes, linear)
[    0.000000] Inode-cache hash table entries: 32768 (order: 5, 131072 bytes, linear)
[    0.000000] mem auto-init: stack:off, heap alloc:off, heap free:off
[    0.000000] Memory: 484756K/522240K available (10240K kernel code, 1079K rwdata, 2392K rodata, 1024K init, 242K bss, 21100K reserved, 16384K cma-reserved, 0K highmem)
[    0.000000] trace event string verifier disabled
[    0.000000] rcu: Hierarchical RCU implementation.
[    0.000000] rcu: 	RCU event tracing is enabled.
[    0.000000] rcu: 	RCU restricting CPUs from NR_CPUS=2 to nr_cpu_ids=1.
[    0.000000] rcu: RCU calculated value of scheduler-enlistment delay is 10 jiffies.
[    0.000000] rcu: Adjusting geometry for rcu_fanout_leaf=16, nr_cpu_ids=1
[    0.000000] NR_IRQS: 16, nr_irqs: 16, preallocated irqs: 16
[    0.000000] IRQ: Found an INTC at 0x(ptrval) (revision 5.0) with 128 interrupts
[    0.000000] TI gptimer clocksource: always-on /ocp/interconnect@44c00000/segment@200000/target-module@31000
[    0.000002] sched_clock: 32 bits at 24MHz, resolution 41ns, wraps every 89478484971ns
[    0.000027] clocksource: dmtimer: mask: 0xffffffff max_cycles: 0xffffffff, max_idle_ns: 79635851949 ns
[    0.000456] TI gptimer clockevent: 24000000 Hz at /ocp/interconnect@48000000/segment@0/target-module@40000
[    0.002315] Console: colour dummy device 80x30
[    0.002375] WARNING: Your 'console=ttyO0' has been replaced by 'ttyS0'
[    0.002387] This ensures that you still see kernel messages. Please
[    0.002396] update your kernel commandline.
[    0.002445] Calibrating delay loop... 996.14 BogoMIPS (lpj=4980736)
[    0.090573] CPU: Testing write buffer coherency: ok
[    0.090660] CPU0: Spectre v2: using BPIALL workaround
[    0.090675] pid_max: default: 32768 minimum: 301
[    0.090820] LSM: Security Framework initializing
[    0.091002] Mount-cache hash table entries: 1024 (order: 0, 4096 bytes, linear)
[    0.091027] Mountpoint-cache hash table entries: 1024 (order: 0, 4096 bytes, linear)
[    0.092601] CPU0: thread -1, cpu 0, socket -1, mpidr 0
[    0.093644] Setting up static identity map for 0x80100000 - 0x80100078
[    0.093868] rcu: Hierarchical SRCU implementation.
[    0.095069] smp: Bringing up secondary CPUs ...
[    0.095099] smp: Brought up 1 node, 1 CPU
[    0.095115] SMP: Total of 1 processors activated (996.14 BogoMIPS).
[    0.095128] CPU: All CPU(s) started in SVC mode.
[    0.095904] devtmpfs: initialized
[    0.110335] VFP support v0.3: implementor 41 architecture 3 part 30 variant c rev 3
[    0.110755] clocksource: jiffies: mask: 0xffffffff max_cycles: 0xffffffff, max_idle_ns: 19112604462750000 ns
[    0.110791] futex hash table entries: 256 (order: 2, 16384 bytes, linear)
[    0.112182] pinctrl core: initialized pinctrl subsystem
[    0.114100] NET: Registered PF_NETLINK/PF_ROUTE protocol family
[    0.116854] DMA: preallocated 256 KiB pool for atomic coherent allocations
[    0.117429] audit: initializing netlink subsys (disabled)
[    0.118606] thermal_sys: Registered thermal governor 'fair_share'
[    0.118625] thermal_sys: Registered thermal governor 'step_wise'
[    0.118640] thermal_sys: Registered thermal governor 'user_space'
[    0.118995] cpuidle: using governor menu
[    0.135270] No ATAGs?
[    0.135308] hw-breakpoint: debug architecture 0x4 unsupported.
[    0.143346] kprobes: kprobe jump-optimization is enabled. All kprobes are optimized if possible.
[    0.143696] audit: type=2000 audit(0.110:1): state=initialized audit_enabled=0 res=1
[    0.148537] reg-fixed-voltage fixedregulator0: GPIO lookup for consumer (null)
[    0.148567] reg-fixed-voltage fixedregulator0: using device tree for GPIO lookup
[    0.148587] of_get_named_gpiod_flags: can't parse 'gpios' property of node '/fixedregulator0[0]'
[    0.148625] of_get_named_gpiod_flags: can't parse 'gpio' property of node '/fixedregulator0[0]'
[    0.148647] reg-fixed-voltage fixedregulator0: using lookup tables for GPIO lookup
[    0.148658] reg-fixed-voltage fixedregulator0: No GPIO consumer (null) found
[    0.149764] iommu: Default domain type: Translated 
[    0.149786] iommu: DMA domain TLB invalidation policy: strict mode 
[    0.151196] vgaarb: loaded
[    0.151725] SCSI subsystem initialized
[    0.152121] libata version 3.00 loaded.
[    0.152445] pps_core: LinuxPPS API ver. 1 registered
[    0.152463] pps_core: Software ver. 5.3.6 - Copyright 2005-2007 Rodolfo Giometti <giometti@linux.it>
[    0.152492] PTP clock support registered
[    0.153801] clocksource: Switched to clocksource dmtimer
[    0.199566] VFS: Disk quotas dquot_6.6.0
[    0.199685] VFS: Dquot-cache hash table entries: 1024 (order 0, 4096 bytes)
[    0.262857] NET: Registered PF_INET protocol family
[    0.263185] IP idents hash table entries: 8192 (order: 4, 65536 bytes, linear)
[    0.264239] tcp_listen_portaddr_hash hash table entries: 512 (order: 0, 4096 bytes, linear)
[    0.264294] Table-perturb hash table entries: 65536 (order: 6, 262144 bytes, linear)
[    0.264322] TCP established hash table entries: 4096 (order: 2, 16384 bytes, linear)
[    0.264371] TCP bind hash table entries: 4096 (order: 3, 32768 bytes, linear)
[    0.264435] TCP: Hash tables configured (established 4096 bind 4096)
[    0.264563] UDP hash table entries: 256 (order: 1, 8192 bytes, linear)
[    0.264592] UDP-Lite hash table entries: 256 (order: 1, 8192 bytes, linear)
[    0.264772] NET: Registered PF_UNIX/PF_LOCAL protocol family
[    0.274575] RPC: Registered named UNIX socket transport module.
[    0.274613] RPC: Registered udp transport module.
[    0.274623] RPC: Registered tcp transport module.
[    0.274632] RPC: Registered tcp NFSv4.1 backchannel transport module.
[    0.274653] PCI: CLS 0 bytes, default 64
[    0.276029] Initialise system trusted keyrings
[    0.276951] workingset: timestamp_bits=14 max_order=17 bucket_order=3
[    0.278168] NFS: Registering the id_resolver key type
[    0.278259] Key type id_resolver registered
[    0.278270] Key type id_legacy registered
[    0.278325] jffs2: version 2.2. (NAND) (SUMMARY)  Â© 2001-2006 Red Hat, Inc.
[    0.278693] Key type asymmetric registered
[    0.278714] Asymmetric key parser 'x509' registered
[    0.278776] io scheduler mq-deadline registered
[    0.278792] io scheduler kyber registered
[    0.281373] hw perfevents: enabled with armv7_cortex_a8 PMU driver, 5 counters available
[    0.289447] l3-aon-clkctrl:0000:0: failed to disable
[    0.301260] Serial: 8250/16550 driver, 6 ports, IRQ sharing enabled
[    0.331013] brd: module loaded
[    0.350317] loop: module loaded
[    0.351244] mtdoops: mtd device (mtddev=name/number) must be supplied
[    0.352485] mdio_bus fixed-0: GPIO lookup for consumer reset
[    0.352509] mdio_bus fixed-0: using lookup tables for GPIO lookup
[    0.352521] mdio_bus fixed-0: No GPIO consumer reset found
[    0.353542] i2c_dev: i2c /dev entries driver
[    0.354600] cpuidle: enable-method property 'ti,am3352' found operations
[    0.355011] sdhci: Secure Digital Host Controller Interface driver
[    0.355026] sdhci: Copyright(c) Pierre Ossman
[    0.355196] sdhci-pltfm: SDHCI platform and OF driver helper
[    0.355414] ledtrig-cpu: registered to indicate activity on CPUs
[    0.355955] Initializing XFRM netlink socket
[    0.356167] NET: Registered PF_INET6 protocol family
[    0.357687] Segment Routing with IPv6
[    0.357769] In-situ OAM (IOAM) with IPv6
[    0.357867] sit: IPv6, IPv4 and MPLS over IPv4 tunneling driver
[    0.358674] NET: Registered PF_PACKET protocol family
[    0.358723] NET: Registered PF_KEY protocol family
[    0.358834] Key type dns_resolver registered
[    0.358934] ThumbEE CPU extension supported.
[    0.358956] Registering SWP/SWPB emulation handler
[    0.359459] omap_voltage_late_init: Voltage driver support not added
[    0.360095] SmartReflex Class3 initialized
[    0.360905] Loading compiled-in X.509 certificates
[    0.393333] pinctrl-single 44e10800.pinmux: 142 pins, size 568
[    0.397864] ti-sysc: probe of 44e31000.target-module failed with error -16
[    0.430155] ti-sysc: probe of 48040000.target-module failed with error -16
[    0.440466] gpio gpiochip0: (gpio-0-31): created GPIO range 0->7 ==> 44e10800.pinmux PIN 0->7
[    0.440508] gpio gpiochip0: (gpio-0-31): created GPIO range 8->11 ==> 44e10800.pinmux PIN 90->93
[    0.440525] gpio gpiochip0: (gpio-0-31): created GPIO range 12->27 ==> 44e10800.pinmux PIN 12->27
[    0.440541] gpio gpiochip0: (gpio-0-31): created GPIO range 28->31 ==> 44e10800.pinmux PIN 30->33
[    0.481790] gpio gpiochip0: (gpio-0-31): added GPIO chardev (254:0)
[    0.481964] gpio gpiochip0: registered GPIOs 0 to 31 on gpio-0-31
[    0.482055] OMAP GPIO hardware version 0.1
[    0.506441] i2c i2c-2: GPIO lookup for consumer scl
[    0.506475] i2c i2c-2: using device tree for GPIO lookup
[    0.506500] of_get_named_gpiod_flags: can't parse 'scl-gpios' property of node '/ocp/interconnect@48000000/segment@100000/target-module@9c000/i2c@0[0]'
[    0.506547] of_get_named_gpiod_flags: can't parse 'scl-gpio' property of node '/ocp/interconnect@48000000/segment@100000/target-module@9c000/i2c@0[0]'
[    0.506589] i2c i2c-2: using lookup tables for GPIO lookup
[    0.506600] i2c i2c-2: No GPIO consumer scl found
[    0.506621] i2c i2c-2: GPIO lookup for consumer sda
[    0.506630] i2c i2c-2: using device tree for GPIO lookup
[    0.506644] of_get_named_gpiod_flags: can't parse 'sda-gpios' property of node '/ocp/interconnect@48000000/segment@100000/target-module@9c000/i2c@0[0]'
[    0.506683] of_get_named_gpiod_flags: can't parse 'sda-gpio' property of node '/ocp/interconnect@48000000/segment@100000/target-module@9c000/i2c@0[0]'
[    0.506718] i2c i2c-2: using lookup tables for GPIO lookup
[    0.506727] i2c i2c-2: No GPIO consumer sda found
[    0.507384] omap_i2c 4819c000.i2c: bus 2 rev0.11 at 100 kHz
[    0.512629] gpio gpiochip1: (gpio-32-63): created GPIO range 0->17 ==> 44e10800.pinmux PIN 34->51
[    0.512668] gpio gpiochip1: (gpio-32-63): created GPIO range 18->21 ==> 44e10800.pinmux PIN 77->80
[    0.512685] gpio gpiochip1: (gpio-32-63): created GPIO range 22->31 ==> 44e10800.pinmux PIN 56->65
[    0.529091] gpio gpiochip1: (gpio-32-63): added GPIO chardev (254:1)
[    0.529230] gpio gpiochip1: registered GPIOs 32 to 63 on gpio-32-63
[    0.531346] gpio gpiochip2: (gpio-64-95): created GPIO range 0->4 ==> 44e10800.pinmux PIN 66->70
[    0.531380] gpio gpiochip2: (gpio-64-95): created GPIO range 5->6 ==> 44e10800.pinmux PIN 98->99
[    0.531396] gpio gpiochip2: (gpio-64-95): created GPIO range 7->8 ==> 44e10800.pinmux PIN 75->76
[    0.531412] gpio gpiochip2: (gpio-64-95): created GPIO range 13->13 ==> 44e10800.pinmux PIN 141->141
[    0.531429] gpio gpiochip2: (gpio-64-95): created GPIO range 14->21 ==> 44e10800.pinmux PIN 100->107
[    0.531837] gpio gpiochip2: (gpio-64-95): added GPIO chardev (254:2)
[    0.531955] gpio gpiochip2: registered GPIOs 64 to 95 on gpio-64-95
[    0.549632] mdio_bus 4a101000.mdio: GPIO lookup for consumer reset
[    0.549669] mdio_bus 4a101000.mdio: using device tree for GPIO lookup
[    0.549695] of_get_named_gpiod_flags: can't parse 'reset-gpios' property of node '/ocp/interconnect@4a000000/segment@0/target-module@100000/switch@0/mdio@1000[0]'
[    0.549746] of_get_named_gpiod_flags: can't parse 'reset-gpio' property of node '/ocp/interconnect@4a000000/segment@0/target-module@100000/switch@0/mdio@1000[0]'
[    0.549792] mdio_bus 4a101000.mdio: using lookup tables for GPIO lookup
[    0.549803] mdio_bus 4a101000.mdio: No GPIO consumer reset found
[    0.550765] sdhci-omap 481d8000.mmc: GPIO lookup for consumer wp
[    0.550789] sdhci-omap 481d8000.mmc: using device tree for GPIO lookup
[    0.550809] of_get_named_gpiod_flags: can't parse 'wp-gpios' property of node '/ocp/interconnect@48000000/segment@100000/target-module@d8000/mmc@0[0]'
[    0.550859] of_get_named_gpiod_flags: can't parse 'wp-gpio' property of node '/ocp/interconnect@48000000/segment@100000/target-module@d8000/mmc@0[0]'
[    0.550897] sdhci-omap 481d8000.mmc: using lookup tables for GPIO lookup
[    0.550908] sdhci-omap 481d8000.mmc: No GPIO consumer wp found
[    0.551078] sdhci-omap 481d8000.mmc: supply vqmmc not found, using dummy regulator
[    0.604974] davinci_mdio 4a101000.mdio: davinci mdio revision 1.6, bus freq 1000000
[    0.634547] mdio_bus 4a101000.mdio:00: GPIO lookup for consumer reset
[    0.634577] mdio_bus 4a101000.mdio:00: using device tree for GPIO lookup
[    0.634618] of_get_named_gpiod_flags: parsed 'reset-gpios' property of node '/ocp/interconnect@4a000000/segment@0/target-module@100000/switch@0/mdio@1000/ethernet-phy@0[0]' - status (0)
[    0.634782] gpio gpiochip0: Persistence not supported for GPIO 8
[    0.785924] davinci_mdio 4a101000.mdio: phy[0]: device 4a101000.mdio:00, driver SMSC LAN8710/LAN8720
[    0.786512] cpsw-switch 4a100000.switch: initialized cpsw ale version 1.4
[    0.786540] cpsw-switch 4a100000.switch: ALE Table size 1024
[    0.786660] cpsw-switch 4a100000.switch: cpts: overflow check period 500 (jiffies)
[    0.786680] cpsw-switch 4a100000.switch: CPTS: ref_clk_freq:250000000 calc_mult:2147483648 calc_shift:29 error:0 nsec/sec
[    0.786788] cpsw-switch 4a100000.switch: Detected MACID = 6c:ec:eb:68:de:78
[    0.788357] cpsw-switch 4a100000.switch: initialized (regs 0x4a100000, pool size 256) hw_ver:0019010C 1.12 (0)
[    0.797708] debugfs: Directory '49000000.dma' with parent 'dmaengine' already present!
[    0.797766] edma 49000000.dma: TI EDMA DMA engine driver
[    0.834510] gpio-clk clk_mcasp0: GPIO lookup for consumer enable
[    0.834548] gpio-clk clk_mcasp0: using device tree for GPIO lookup
[    0.834588] of_get_named_gpiod_flags: parsed 'enable-gpios' property of node '/clk_mcasp0[0]' - status (0)
[    0.834632] gpio gpiochip0: Persistence not supported for GPIO 27
[    0.835384] gpio gpiochip3: (gpio-96-127): created GPIO range 0->7 ==> 44e10800.pinmux PIN 82->89
[    0.835414] gpio gpiochip3: (gpio-96-127): created GPIO range 8->11 ==> 44e10800.pinmux PIN 52->55
[    0.835431] gpio gpiochip3: (gpio-96-127): created GPIO range 12->15 ==> 44e10800.pinmux PIN 94->97
[    0.835447] gpio gpiochip3: (gpio-96-127): created GPIO range 16->17 ==> 44e10800.pinmux PIN 71->72
[    0.835463] gpio gpiochip3: (gpio-96-127): created GPIO range 18->18 ==> 44e10800.pinmux PIN 135->135
[    0.835480] gpio gpiochip3: (gpio-96-127): created GPIO range 19->20 ==> 44e10800.pinmux PIN 108->109
[    0.835497] gpio gpiochip3: (gpio-96-127): created GPIO range 21->21 ==> 44e10800.pinmux PIN 73->73
[    0.835515] gpio gpiochip3: (gpio-96-127): created GPIO range 22->23 ==> 44e10800.pinmux PIN 8->9
[    0.835532] gpio gpiochip3: (gpio-96-127): created GPIO range 26->27 ==> 44e10800.pinmux PIN 10->11
[    0.835551] gpio gpiochip3: (gpio-96-127): created GPIO range 28->28 ==> 44e10800.pinmux PIN 74->74
[    0.835569] gpio gpiochip3: (gpio-96-127): created GPIO range 29->29 ==> 44e10800.pinmux PIN 81->81
[    0.835588] gpio gpiochip3: (gpio-96-127): created GPIO range 30->31 ==> 44e10800.pinmux PIN 28->29
[    0.845726] gpio gpiochip3: (gpio-96-127): added GPIO chardev (254:3)
[    0.845867] gpio gpiochip3: registered GPIOs 96 to 127 on gpio-96-127
[    0.847290] omap8250 44e09000.serial: GPIO lookup for consumer rs485-term
[    0.847321] omap8250 44e09000.serial: using device tree for GPIO lookup
[    0.847345] of_get_named_gpiod_flags: can't parse 'rs485-term-gpios' property of node '/ocp/interconnect@44c00000/segment@200000/target-module@9000/serial@0[0]'
[    0.847397] of_get_named_gpiod_flags: can't parse 'rs485-term-gpio' property of node '/ocp/interconnect@44c00000/segment@200000/target-module@9000/serial@0[0]'
[    0.847438] omap8250 44e09000.serial: using lookup tables for GPIO lookup
[    0.847449] omap8250 44e09000.serial: No GPIO consumer rs485-term found
[    0.847497] 44e09000.serial: ttyS0 at MMIO 0x44e09000 (irq = 19, base_baud = 3000000) is a 8250
[    1.844929] printk: console [ttyS0] enabled
[    1.851365] i2c i2c-0: GPIO lookup for consumer scl
[    1.851396] i2c i2c-0: using device tree for GPIO lookup
[    1.851422] of_get_named_gpiod_flags: can't parse 'scl-gpios' property of node '/ocp/interconnect@44c00000/segment@200000/target-module@b000/i2c@0[0]'
[    1.851468] of_get_named_gpiod_flags: can't parse 'scl-gpio' property of node '/ocp/interconnect@44c00000/segment@200000/target-module@b000/i2c@0[0]'
[    1.851510] i2c i2c-0: using lookup tables for GPIO lookup
[    1.851521] i2c i2c-0: No GPIO consumer scl found
[    1.851542] i2c i2c-0: GPIO lookup for consumer sda
[    1.851551] i2c i2c-0: using device tree for GPIO lookup
[    1.851564] of_get_named_gpiod_flags: can't parse 'sda-gpios' property of node '/ocp/interconnect@44c00000/segment@200000/target-module@b000/i2c@0[0]'
[    1.851604] of_get_named_gpiod_flags: can't parse 'sda-gpio' property of node '/ocp/interconnect@44c00000/segment@200000/target-module@b000/i2c@0[0]'
[    1.851639] i2c i2c-0: using lookup tables for GPIO lookup
[    1.851648] i2c i2c-0: No GPIO consumer sda found
[    1.874577] tps65217-pmic: Failed to locate of_node [id: -1]
[    1.889728] tps65217-bl: Failed to locate of_node [id: -1]
[    1.898182] tps65217 0-0024: TPS65217 ID 0xe version 1.2
[    1.904173] i2c 0-0070: Fixing up cyclic dependency with 4830e000.lcdc
[    1.911025] omap_i2c 44e0b000.i2c: bus 0 rev0.11 at 400 kHz
[    1.918255] sdhci-omap 48060000.mmc: GPIO lookup for consumer cd
[    1.918283] sdhci-omap 48060000.mmc: using device tree for GPIO lookup
[    1.918325] of_get_named_gpiod_flags: parsed 'cd-gpios' property of node '/ocp/interconnect@48000000/segment@0/target-module@60000/mmc@0[0]' - status (0)
[    1.918442] gpio gpiochip3: Persistence not supported for GPIO 6
[    1.918464] omap_gpio 44e07000.gpio: Could not set line 6 debounce to 200000 microseconds (-22)
[    1.927303] sdhci-omap 48060000.mmc: Got CD GPIO
[    1.931950] sdhci-omap 48060000.mmc: GPIO lookup for consumer wp
[    1.931960] sdhci-omap 48060000.mmc: using device tree for GPIO lookup
[    1.931977] of_get_named_gpiod_flags: can't parse 'wp-gpios' property of node '/ocp/interconnect@48000000/segment@0/target-module@60000/mmc@0[0]'
[    1.932020] of_get_named_gpiod_flags: can't parse 'wp-gpio' property of node '/ocp/interconnect@48000000/segment@0/target-module@60000/mmc@0[0]'
[    1.932059] sdhci-omap 48060000.mmc: using lookup tables for GPIO lookup
[    1.932071] sdhci-omap 48060000.mmc: No GPIO consumer wp found
[    1.932260] sdhci-omap 48060000.mmc: supply vqmmc not found, using dummy regulator
[    1.940929] sdhci-omap 481d8000.mmc: GPIO lookup for consumer wp
[    1.940955] sdhci-omap 481d8000.mmc: using device tree for GPIO lookup
[    1.940975] of_get_named_gpiod_flags: can't parse 'wp-gpios' property of node '/ocp/interconnect@48000000/segment@100000/target-module@d8000/mmc@0[0]'
[    1.941030] of_get_named_gpiod_flags: can't parse 'wp-gpio' property of node '/ocp/interconnect@48000000/segment@100000/target-module@d8000/mmc@0[0]'
[    1.941069] sdhci-omap 481d8000.mmc: using lookup tables for GPIO lookup
[    1.941080] sdhci-omap 481d8000.mmc: No GPIO consumer wp found
[    1.944515] sdhci-omap 481d8000.mmc: supply vqmmc not found, using dummy regulator
[    1.977076] mmc0: SDHCI controller on 48060000.mmc [48060000.mmc] using External DMA
[    1.985134] mmc1: SDHCI controller on 481d8000.mmc [481d8000.mmc] using External DMA
[    1.993597] cpsw-switch 4a100000.switch: starting ndev. mode: dual_mac
[    2.037929] mmc0: new high speed SDHC card at address 5048
[    2.044720] mmcblk0: mmc0:5048 SD16G 14.4 GiB 
[    2.052446]  mmcblk0: p1 p2
[    2.055627] mmcblk0: p2 size 31221760 extends beyond EOD, truncated
[    2.084049] mmc1: new high speed MMC card at address 0001
[    2.090614] mmcblk1: mmc1:0001 MMC04G 3.60 GiB 
[    2.097787]  mmcblk1: p1 p2
[    2.101777] mmcblk1boot0: mmc1:0001 MMC04G 2.00 MiB 
[    2.108904] mmcblk1boot1: mmc1:0001 MMC04G 2.00 MiB 
[    2.115717] mmcblk1rpmb: mmc1:0001 MMC04G 128 KiB, chardev (250:0)
[    2.155612] SMSC LAN8710/LAN8720 4a101000.mdio:00: attached PHY driver (mii_bus:phy_addr=4a101000.mdio:00, irq=POLL)
[    7.364534] cpsw-switch 4a100000.switch eth0: Link is Up - 100Mbps/Full - flow control off
[    7.383846] IPv6: ADDRCONF(NETDEV_CHANGE): eth0: link becomes ready
[    7.413814] IP-Config: Complete:
[    7.417075]      device=eth0, hwaddr=6c:ec:eb:68:de:78, ipaddr=192.168.255.1, mask=255.255.255.0, gw=255.255.255.255
[    7.427687]      host=bbb1, domain=, nis-domain=(none)
[    7.432849]      bootserver=192.168.255.126, rootserver=192.168.255.126, rootpath=
[    7.433225] clk: Disabling unused clocks
[    7.445076] TAP version 14
[    7.447799] 1..0
[    7.474915] VFS: Mounted root (nfs filesystem) on device 0:16.
[    7.481652] devtmpfs: mounted
[    7.486145] Freeing unused kernel image (initmem) memory: 1024K
[    7.492633] Run /sbin/init as init process
[    7.496825]   with arguments:
[    7.496838]     /sbin/init
[    7.496845]     nfsrootdebug
[    7.496852]   with environment:
[    7.496859]     HOME=/
[    7.496865]     TERM=linux
[    8.178760] systemd[1]: System time before build time, advancing clock.
[    8.378005] random: systemd: uninitialized urandom read (16 bytes read)
[    8.389875] random: systemd: uninitialized urandom read (16 bytes read)
[    8.400403] systemd[1]: systemd 232 running in system mode. (+PAM +AUDIT +SELINUX +IMA +APPARMOR +SMACK +SYSVINIT +UTMP +LIBCRYPTSETUP +GCRYPT +GNUTLS +ACL +XZ +LZ4 +SECCOMP +BLKID +ELFUTILS +KMOD +IDN)
[    8.419818] systemd[1]: Detected architecture arm.
[    8.456476] systemd[1]: Set hostname to <arm>.
[    8.828694] random: systemd-cryptse: uninitialized urandom read (16 bytes read)
[    9.408054] random: systemd: uninitialized urandom read (16 bytes read)
[    9.415318] random: systemd: uninitialized urandom read (16 bytes read)
[    9.422373] random: systemd: uninitialized urandom read (16 bytes read)
[    9.434993] systemd[1]: Listening on udev Kernel Socket.
[    9.474415] systemd[1]: Reached target Swap.
[    9.505594] systemd[1]: Listening on Journal Socket (/dev/log).
[    9.545303] systemd[1]: Created slice User and Session Slice.
[    9.584198] systemd[1]: Reached target Remote File Systems.
[    9.625401] systemd[1]: Set up automount Arbitrary Executable File Formats File System Automount Point.
[    9.664708] systemd[1]: Started Dispatch Password Requests to Console Directory Watch.
[   10.416075] random: systemd-journal: uninitialized urandom read (16 bytes read)
[   10.430935] random: systemd-journal: uninitialized urandom read (16 bytes read)
[   10.440745] random: systemd: uninitialized urandom read (16 bytes read)
[   11.446387] random: systemd: uninitialized urandom read (16 bytes read)
[   11.786977] systemd-journald[99]: Received request to flush runtime journal from PID 1
[   14.294078] random: crng init done
[   14.297542] random: 550 urandom warning(s) missed due to ratelimiting
[   14.494160] of_get_named_gpiod_flags: parsed 'gpios' property of node '/leds/led2[0]' - status (0)
[   14.494246] gpio gpiochip0: Persistence not supported for GPIO 21
[   14.494259] gpio-21 (?): no flags found for gpios
[   14.494511] of_get_named_gpiod_flags: parsed 'gpios' property of node '/leds/led3[0]' - status (0)
[   14.494550] gpio gpiochip0: Persistence not supported for GPIO 22
[   14.494560] gpio-22 (?): no flags found for gpios
[   14.494733] of_get_named_gpiod_flags: parsed 'gpios' property of node '/leds/led4[0]' - status (0)
[   14.494767] gpio gpiochip0: Persistence not supported for GPIO 23
[   14.494777] gpio-23 (?): no flags found for gpios
[   14.494935] of_get_named_gpiod_flags: parsed 'gpios' property of node '/leds/led5[0]' - status (0)
[   14.494967] gpio gpiochip0: Persistence not supported for GPIO 24
[   14.494976] gpio-24 (?): no flags found for gpios
[   14.693998] remoteproc remoteproc0: wkup_m3 is available
[   15.141252] at24 2-0054: supply vcc not found, using dummy regulator
[   15.366409] omap_wdt: OMAP Watchdog Timer Rev 0x01: initial timeout 60 sec
[   15.398824] at24 2-0055: supply vcc not found, using dummy regulator
[   15.553210] at24 2-0056: supply vcc not found, using dummy regulator
[   15.688563] at24 2-0057: supply vcc not found, using dummy regulator
[   15.806706] at24 0-0050: supply vcc not found, using dummy regulator
[   15.832158] tps6521x_pwrbutton tps65217-pwrbutton: DMA mask not set
[   15.867418] at24 0-0050: GPIO lookup for consumer wp
[   15.867459] at24 0-0050: using device tree for GPIO lookup
[   15.867491] of_get_named_gpiod_flags: can't parse 'wp-gpios' property of node '/ocp/interconnect@44c00000/segment@200000/target-module@b000/i2c@0/baseboard_eeprom@50[0]'
[   15.867566] of_get_named_gpiod_flags: can't parse 'wp-gpio' property of node '/ocp/interconnect@44c00000/segment@200000/target-module@b000/i2c@0/baseboard_eeprom@50[0]'
[   15.867616] at24 0-0050: using lookup tables for GPIO lookup
[   15.867628] at24 0-0050: No GPIO consumer wp found
[   15.867893] at24 0-0050: 32768 byte 24c256 EEPROM, writable, 1 bytes/write
[   15.887442] input: tps65217_pwrbutton as /devices/platform/ocp/44c00000.interconnect/44c00000.interconnect:segment@200000/44e0b000.target-module/44e0b000.i2c/i2c-0/0-0024/tps65217-pwrbutton/input/input0
[   15.971241] omap_rtc 44e3e000.rtc: registered as rtc0
[   15.976539] omap_rtc 44e3e000.rtc: setting system clock to 2000-01-01T00:00:00 UTC (946684800)
[   15.985260] omap_rtc 44e3e000.rtc: GPIO lookup for consumer wp
[   15.985272] omap_rtc 44e3e000.rtc: using device tree for GPIO lookup
[   15.985302] of_get_named_gpiod_flags: can't parse 'wp-gpios' property of node '/ocp/interconnect@44c00000/segment@200000/target-module@3e000/rtc@0[0]'
[   15.985363] of_get_named_gpiod_flags: can't parse 'wp-gpio' property of node '/ocp/interconnect@44c00000/segment@200000/target-module@3e000/rtc@0[0]'
[   15.985407] omap_rtc 44e3e000.rtc: using lookup tables for GPIO lookup
[   15.985419] omap_rtc 44e3e000.rtc: No GPIO consumer wp found
[   16.185962] am335x-phy-driver 47401300.usb-phy: GPIO lookup for consumer reset
[   16.186005] am335x-phy-driver 47401300.usb-phy: using device tree for GPIO lookup
[   16.186035] of_get_named_gpiod_flags: can't parse 'reset-gpios' property of node '/ocp/target-module@47400000/usb-phy@1300[0]'
[   16.186086] of_get_named_gpiod_flags: can't parse 'reset-gpio' property of node '/ocp/target-module@47400000/usb-phy@1300[0]'
[   16.186117] am335x-phy-driver 47401300.usb-phy: using lookup tables for GPIO lookup
[   16.186130] am335x-phy-driver 47401300.usb-phy: No GPIO consumer reset found
[   16.186142] am335x-phy-driver 47401300.usb-phy: GPIO lookup for consumer vbus-detect
[   16.186151] am335x-phy-driver 47401300.usb-phy: using device tree for GPIO lookup
[   16.186165] of_get_named_gpiod_flags: can't parse 'vbus-detect-gpios' property of node '/ocp/target-module@47400000/usb-phy@1300[0]'
[   16.186195] of_get_named_gpiod_flags: can't parse 'vbus-detect-gpio' property of node '/ocp/target-module@47400000/usb-phy@1300[0]'
[   16.186221] am335x-phy-driver 47401300.usb-phy: using lookup tables for GPIO lookup
[   16.186231] am335x-phy-driver 47401300.usb-phy: No GPIO consumer vbus-detect found
[   16.186355] am335x-phy-driver 47401300.usb-phy: supply vcc not found, using dummy regulator
[   16.297475] am335x-phy-driver 47401b00.usb-phy: GPIO lookup for consumer reset
[   16.297515] am335x-phy-driver 47401b00.usb-phy: using device tree for GPIO lookup
[   16.297544] of_get_named_gpiod_flags: can't parse 'reset-gpios' property of node '/ocp/target-module@47400000/usb-phy@1b00[0]'
[   16.297590] of_get_named_gpiod_flags: can't parse 'reset-gpio' property of node '/ocp/target-module@47400000/usb-phy@1b00[0]'
[   16.297624] am335x-phy-driver 47401b00.usb-phy: using lookup tables for GPIO lookup
[   16.297636] am335x-phy-driver 47401b00.usb-phy: No GPIO consumer reset found
[   16.297648] am335x-phy-driver 47401b00.usb-phy: GPIO lookup for consumer vbus-detect
[   16.297657] am335x-phy-driver 47401b00.usb-phy: using device tree for GPIO lookup
[   16.297671] of_get_named_gpiod_flags: can't parse 'vbus-detect-gpios' property of node '/ocp/target-module@47400000/usb-phy@1b00[0]'
[   16.297702] of_get_named_gpiod_flags: can't parse 'vbus-detect-gpio' property of node '/ocp/target-module@47400000/usb-phy@1b00[0]'
[   16.297728] am335x-phy-driver 47401b00.usb-phy: using lookup tables for GPIO lookup
[   16.297737] am335x-phy-driver 47401b00.usb-phy: No GPIO consumer vbus-detect found
[   16.297861] am335x-phy-driver 47401b00.usb-phy: supply vcc not found, using dummy regulator
[   16.508056] usbcore: registered new interface driver usbfs
[   16.513659] usbcore: registered new interface driver hub
[   16.519175] usbcore: registered new device driver usb
[   17.201112] musb-hdrc musb-hdrc.1: MUSB HDRC host driver
[   17.206646] musb-hdrc musb-hdrc.1: new USB bus registered, assigned bus number 1
[   17.295144] omap-mailbox 480c8000.mailbox: omap mailbox rev 0x400
[   17.324261] remoteproc remoteproc0: powering up wkup_m3
[   17.470627] remoteproc remoteproc0: Direct firmware load for am335x-pm-firmware.elf failed with error -2
[   17.480531] remoteproc remoteproc0: request_firmware failed: -2
[   17.486556] wkup_m3_ipc 44e11324.wkup_m3_ipc: rproc_boot failed
[   17.552539] usb usb1: New USB device found, idVendor=1d6b, idProduct=0002, bcdDevice= 5.15
[   17.562687] usb usb1: New USB device strings: Mfr=3, Product=2, SerialNumber=1
[   17.570916] usb usb1: Product: MUSB HDRC host driver
[   17.575992] usb usb1: Manufacturer: Linux 5.15.189 musb-hcd
[   17.581593] usb usb1: SerialNumber: musb-hdrc.1
[   17.601670] tda998x 0-0070: found TDA19988
[   18.145565] hub 1-0:1.0: USB hub found
[   18.224617] hub 1-0:1.0: 1 port detected
[   19.014126] tilcdc 4830e000.lcdc: bound 0-0070 (ops tda998x_driver_exit [tda998x])
[   19.022185] omap_rng 48310000.rng: Random Number Generator ver. 20
[   19.175375] [drm] Initialized tilcdc 1.0.0 20121205 for 4830e000.lcdc on minor 0
[   19.298330] tilcdc 4830e000.lcdc: [drm] Cannot find any crtc or sizes
[   19.320191] tilcdc 4830e000.lcdc: [drm] Cannot find any crtc or sizes
[   20.431257] omap-sham 53100000.sham: hw accel on OMAP rev 4.3
[   20.442073] PM: Cannot get wkup_m3_ipc handle
[   20.558714] omap-aes 53500000.aes: OMAP AES hw accel rev: 3.2
[   20.574443] omap-sham 53100000.sham: will run requests pump with realtime priority
[   20.664092] omap-aes 53500000.aes: will run requests pump with realtime priority
[   20.815304] PM: Cannot get wkup_m3_ipc handle
[   20.873472] PM: Cannot get wkup_m3_ipc handle
[   21.646236] Bluetooth: Core ver 2.22
[   21.650051] NET: Registered PF_BLUETOOTH protocol family
[   21.655551] Bluetooth: HCI device and connection manager initialized
[   21.661963] Bluetooth: HCI socket layer initialized
[   21.666914] Bluetooth: L2CAP socket layer initialized
[   21.672022] Bluetooth: SCO socket layer initialized
[   24.247782] PM: Cannot get wkup_m3_ipc handle
[   24.253410] of_get_named_gpiod_flags: can't parse 'simple-audio-card,hp-det-gpio' property of node '/sound[0]'
[   24.253468] of_get_named_gpiod_flags: can't parse 'simple-audio-card,mic-det-gpio' property of node '/sound[0]'
[   24.387366] PM: Cannot get wkup_m3_ipc handle
[   25.804722] using random self ethernet address
[   25.809364] using random host ethernet address
[   26.013941] using random self ethernet address
[   26.018449] using random host ethernet address
[   26.203370] userial_init: registered 8 ttyGS* devices
[   26.336049] rndis_register: configNr = 0
[   26.368465] udc musb-hdrc.0: registering UDC driver [g_multi]
[   26.368562] configfs-gadget gadget: adding 'rndis'/f5693827 to config 'c'/7420e97f
[   26.369563] usb0: HOST MAC 1c:ba:8c:a2:ed:6c
[   26.374129] usb0: MAC 1c:ba:8c:a2:ed:70
[   26.378038] rndis_set_param_medium: 0 0
[   26.378056] configfs-gadget gadget: RNDIS: dual speed IN/ep1in OUT/ep1out NOTIFY/ep2in
[   26.378071] configfs-gadget gadget: adding 'cdc_ethernet'/7bf9b3c7 to config 'c'/7420e97f
[   26.378875] usb1: HOST MAC 1c:ba:8c:a2:ed:6c
[   26.383183] usb1: MAC 1c:ba:8c:a2:ed:6d
[   26.387139] configfs-gadget gadget: CDC Ethernet: dual speed IN/ep3in OUT/ep2out NOTIFY/ep4in
[   26.387156] configfs-gadget gadget: adding 'acm'/08d0aee7 to config 'c'/7420e97f
[   26.387184] configfs-gadget gadget: acm ttyGS0: dual speed IN/ep5in OUT/ep3out NOTIFY/ep6in
[   27.881308] usb1: eth_open
[   31.480078] gs_open: ttyGS0 (c30b8ee3,906a1032)
[   31.480217] gs_close: ttyGS0 (c30b8ee3,906a1032) ...
[   31.480234] gs_close: ttyGS0 (c30b8ee3,906a1032) done!
[   31.489648] gs_open: ttyGS0 (c30b8ee3,73332ef5)
[   31.489734] gs_close: ttyGS0 (c30b8ee3,73332ef5) ...
[   31.489749] gs_close: ttyGS0 (c30b8ee3,73332ef5) done!
[   31.600521] gs_open: ttyGS0 (c30b8ee3,26d19238)
[   31.600740] gs_close: ttyGS0 (c30b8ee3,26d19238) ...
[   31.600765] gs_close: ttyGS0 (c30b8ee3,26d19238) done!
[   31.602879] gs_open: ttyGS0 (c30b8ee3,56ac5d93)
SJAYYMTLSJ 0
root@arm:~# echo 'HBOS''NMANQM'
HBOSNMANQM
root@arm:~# MARKER='NZWS''JYQUNA' run 'modprobe test_linear_ranges'
NZWSJYQUNANZWSJYQUNA 0
root@arm:~# echo 'TPVY''JKYGAZ'
TPVYJKYGAZ
root@arm:~# MARKER='MZXT''GVEUMU' run dmesg
MZXTGVEUMU[    0.000000] Booting Linux on physical CPU 0x0
[    0.000000] Linux version 5.15.189 (user01@drvtest01) (arm-none-eabi-gcc (Arm GNU Toolchain 14.2.Rel1 (Build arm-14.52)) 14.2.1 20241119, GNU ld (Arm GNU Toolchain 14.2.Rel1 (Build arm-14.52)) 2.43.1.20241119) #1 SMP Thu Jul 17 19:52:29 EEST 2025
[    0.000000] CPU: ARMv7 Processor [413fc082] revision 2 (ARMv7), cr=10c5387d
[    0.000000] CPU: PIPT / VIPT nonaliasing data cache, VIPT aliasing instruction cache
[    0.000000] OF: fdt: Machine model: TI AM335x BeagleBone Black
[    0.000000] Memory policy: Data cache writeback
[    0.000000] cma: Reserved 16 MiB at 0x9e800000
[    0.000000] Zone ranges:
[    0.000000]   Normal   [mem 0x0000000080000000-0x000000009fdfffff]
[    0.000000]   HighMem  empty
[    0.000000] Movable zone start for each node
[    0.000000] Early memory node ranges
[    0.000000]   node   0: [mem 0x0000000080000000-0x000000009fdfffff]
[    0.000000] Initmem setup node 0 [mem 0x0000000080000000-0x000000009fdfffff]
[    0.000000] CPU: All CPU(s) started in SVC mode.
[    0.000000] AM335X ES2.1 (sgx neon)
[    0.000000] percpu: Embedded 16 pages/cpu s33804 r8192 d23540 u65536
[    0.000000] pcpu-alloc: s33804 r8192 d23540 u65536 alloc=16*4096
[    0.000000] pcpu-alloc: [0] 0 
[    0.000000] Built 1 zonelists, mobility grouping on.  Total pages: 129412
[    0.000000] Kernel command line: console=ttyO0,115200n8 root=/dev/nfs rw nfsroot=192.168.255.126:/home/user01/nfs,nfsvers=3 ip=192.168.255.1:192.168.255.126::255.255.255.0:bbb1:eth0 nfsrootdebug
[    0.000000] Unknown kernel command line parameters "nfsrootdebug", will be passed to user space.
[    0.000000] Dentry cache hash table entries: 65536 (order: 6, 262144 bytes, linear)
[    0.000000] Inode-cache hash table entries: 32768 (order: 5, 131072 bytes, linear)
[    0.000000] mem auto-init: stack:off, heap alloc:off, heap free:off
[    0.000000] Memory: 484756K/522240K available (10240K kernel code, 1079K rwdata, 2392K rodata, 1024K init, 242K bss, 21100K reserved, 16384K cma-reserved, 0K highmem)
[    0.000000] trace event string verifier disabled
[    0.000000] rcu: Hierarchical RCU implementation.
[    0.000000] rcu: 	RCU event tracing is enabled.
[    0.000000] rcu: 	RCU restricting CPUs from NR_CPUS=2 to nr_cpu_ids=1.
[    0.000000] rcu: RCU calculated value of scheduler-enlistment delay is 10 jiffies.
[    0.000000] rcu: Adjusting geometry for rcu_fanout_leaf=16, nr_cpu_ids=1
[    0.000000] NR_IRQS: 16, nr_irqs: 16, preallocated irqs: 16
[    0.000000] IRQ: Found an INTC at 0x(ptrval) (revision 5.0) with 128 interrupts
[    0.000000] TI gptimer clocksource: always-on /ocp/interconnect@44c00000/segment@200000/target-module@31000
[    0.000002] sched_clock: 32 bits at 24MHz, resolution 41ns, wraps every 89478484971ns
[    0.000027] clocksource: dmtimer: mask: 0xffffffff max_cycles: 0xffffffff, max_idle_ns: 79635851949 ns
[    0.000456] TI gptimer clockevent: 24000000 Hz at /ocp/interconnect@48000000/segment@0/target-module@40000
[    0.002315] Console: colour dummy device 80x30
[    0.002375] WARNING: Your 'console=ttyO0' has been replaced by 'ttyS0'
[    0.002387] This ensures that you still see kernel messages. Please
[    0.002396] update your kernel commandline.
[    0.002445] Calibrating delay loop... 996.14 BogoMIPS (lpj=4980736)
[    0.090573] CPU: Testing write buffer coherency: ok
[    0.090660] CPU0: Spectre v2: using BPIALL workaround
[    0.090675] pid_max: default: 32768 minimum: 301
[    0.090820] LSM: Security Framework initializing
[    0.091002] Mount-cache hash table entries: 1024 (order: 0, 4096 bytes, linear)
[    0.091027] Mountpoint-cache hash table entries: 1024 (order: 0, 4096 bytes, linear)
[    0.092601] CPU0: thread -1, cpu 0, socket -1, mpidr 0
[    0.093644] Setting up static identity map for 0x80100000 - 0x80100078
[    0.093868] rcu: Hierarchical SRCU implementation.
[    0.095069] smp: Bringing up secondary CPUs ...
[    0.095099] smp: Brought up 1 node, 1 CPU
[    0.095115] SMP: Total of 1 processors activated (996.14 BogoMIPS).
[    0.095128] CPU: All CPU(s) started in SVC mode.
[    0.095904] devtmpfs: initialized
[    0.110335] VFP support v0.3: implementor 41 architecture 3 part 30 variant c rev 3
[    0.110755] clocksource: jiffies: mask: 0xffffffff max_cycles: 0xffffffff, max_idle_ns: 19112604462750000 ns
[    0.110791] futex hash table entries: 256 (order: 2, 16384 bytes, linear)
[    0.112182] pinctrl core: initialized pinctrl subsystem
[    0.114100] NET: Registered PF_NETLINK/PF_ROUTE protocol family
[    0.116854] DMA: preallocated 256 KiB pool for atomic coherent allocations
[    0.117429] audit: initializing netlink subsys (disabled)
[    0.118606] thermal_sys: Registered thermal governor 'fair_share'
[    0.118625] thermal_sys: Registered thermal governor 'step_wise'
[    0.118640] thermal_sys: Registered thermal governor 'user_space'
[    0.118995] cpuidle: using governor menu
[    0.135270] No ATAGs?
[    0.135308] hw-breakpoint: debug architecture 0x4 unsupported.
[    0.143346] kprobes: kprobe jump-optimization is enabled. All kprobes are optimized if possible.
[    0.143696] audit: type=2000 audit(0.110:1): state=initialized audit_enabled=0 res=1
[    0.148537] reg-fixed-voltage fixedregulator0: GPIO lookup for consumer (null)
[    0.148567] reg-fixed-voltage fixedregulator0: using device tree for GPIO lookup
[    0.148587] of_get_named_gpiod_flags: can't parse 'gpios' property of node '/fixedregulator0[0]'
[    0.148625] of_get_named_gpiod_flags: can't parse 'gpio' property of node '/fixedregulator0[0]'
[    0.148647] reg-fixed-voltage fixedregulator0: using lookup tables for GPIO lookup
[    0.148658] reg-fixed-voltage fixedregulator0: No GPIO consumer (null) found
[    0.149764] iommu: Default domain type: Translated 
[    0.149786] iommu: DMA domain TLB invalidation policy: strict mode 
[    0.151196] vgaarb: loaded
[    0.151725] SCSI subsystem initialized
[    0.152121] libata version 3.00 loaded.
[    0.152445] pps_core: LinuxPPS API ver. 1 registered
[    0.152463] pps_core: Software ver. 5.3.6 - Copyright 2005-2007 Rodolfo Giometti <giometti@linux.it>
[    0.152492] PTP clock support registered
[    0.153801] clocksource: Switched to clocksource dmtimer
[    0.199566] VFS: Disk quotas dquot_6.6.0
[    0.199685] VFS: Dquot-cache hash table entries: 1024 (order 0, 4096 bytes)
[    0.262857] NET: Registered PF_INET protocol family
[    0.263185] IP idents hash table entries: 8192 (order: 4, 65536 bytes, linear)
[    0.264239] tcp_listen_portaddr_hash hash table entries: 512 (order: 0, 4096 bytes, linear)
[    0.264294] Table-perturb hash table entries: 65536 (order: 6, 262144 bytes, linear)
[    0.264322] TCP established hash table entries: 4096 (order: 2, 16384 bytes, linear)
[    0.264371] TCP bind hash table entries: 4096 (order: 3, 32768 bytes, linear)
[    0.264435] TCP: Hash tables configured (established 4096 bind 4096)
[    0.264563] UDP hash table entries: 256 (order: 1, 8192 bytes, linear)
[    0.264592] UDP-Lite hash table entries: 256 (order: 1, 8192 bytes, linear)
[    0.264772] NET: Registered PF_UNIX/PF_LOCAL protocol family
[    0.274575] RPC: Registered named UNIX socket transport module.
[    0.274613] RPC: Registered udp transport module.
[    0.274623] RPC: Registered tcp transport module.
[    0.274632] RPC: Registered tcp NFSv4.1 backchannel transport module.
[    0.274653] PCI: CLS 0 bytes, default 64
[    0.276029] Initialise system trusted keyrings
[    0.276951] workingset: timestamp_bits=14 max_order=17 bucket_order=3
[    0.278168] NFS: Registering the id_resolver key type
[    0.278259] Key type id_resolver registered
[    0.278270] Key type id_legacy registered
[    0.278325] jffs2: version 2.2. (NAND) (SUMMARY)  Â© 2001-2006 Red Hat, Inc.
[    0.278693] Key type asymmetric registered
[    0.278714] Asymmetric key parser 'x509' registered
[    0.278776] io scheduler mq-deadline registered
[    0.278792] io scheduler kyber registered
[    0.281373] hw perfevents: enabled with armv7_cortex_a8 PMU driver, 5 counters available
[    0.289447] l3-aon-clkctrl:0000:0: failed to disable
[    0.301260] Serial: 8250/16550 driver, 6 ports, IRQ sharing enabled
[    0.331013] brd: module loaded
[    0.350317] loop: module loaded
[    0.351244] mtdoops: mtd device (mtddev=name/number) must be supplied
[    0.352485] mdio_bus fixed-0: GPIO lookup for consumer reset
[    0.352509] mdio_bus fixed-0: using lookup tables for GPIO lookup
[    0.352521] mdio_bus fixed-0: No GPIO consumer reset found
[    0.353542] i2c_dev: i2c /dev entries driver
[    0.354600] cpuidle: enable-method property 'ti,am3352' found operations
[    0.355011] sdhci: Secure Digital Host Controller Interface driver
[    0.355026] sdhci: Copyright(c) Pierre Ossman
[    0.355196] sdhci-pltfm: SDHCI platform and OF driver helper
[    0.355414] ledtrig-cpu: registered to indicate activity on CPUs
[    0.355955] Initializing XFRM netlink socket
[    0.356167] NET: Registered PF_INET6 protocol family
[    0.357687] Segment Routing with IPv6
[    0.357769] In-situ OAM (IOAM) with IPv6
[    0.357867] sit: IPv6, IPv4 and MPLS over IPv4 tunneling driver
[    0.358674] NET: Registered PF_PACKET protocol family
[    0.358723] NET: Registered PF_KEY protocol family
[    0.358834] Key type dns_resolver registered
[    0.358934] ThumbEE CPU extension supported.
[    0.358956] Registering SWP/SWPB emulation handler
[    0.359459] omap_voltage_late_init: Voltage driver support not added
[    0.360095] SmartReflex Class3 initialized
[    0.360905] Loading compiled-in X.509 certificates
[    0.393333] pinctrl-single 44e10800.pinmux: 142 pins, size 568
[    0.397864] ti-sysc: probe of 44e31000.target-module failed with error -16
[    0.430155] ti-sysc: probe of 48040000.target-module failed with error -16
[    0.440466] gpio gpiochip0: (gpio-0-31): created GPIO range 0->7 ==> 44e10800.pinmux PIN 0->7
[    0.440508] gpio gpiochip0: (gpio-0-31): created GPIO range 8->11 ==> 44e10800.pinmux PIN 90->93
[    0.440525] gpio gpiochip0: (gpio-0-31): created GPIO range 12->27 ==> 44e10800.pinmux PIN 12->27
[    0.440541] gpio gpiochip0: (gpio-0-31): created GPIO range 28->31 ==> 44e10800.pinmux PIN 30->33
[    0.481790] gpio gpiochip0: (gpio-0-31): added GPIO chardev (254:0)
[    0.481964] gpio gpiochip0: registered GPIOs 0 to 31 on gpio-0-31
[    0.482055] OMAP GPIO hardware version 0.1
[    0.506441] i2c i2c-2: GPIO lookup for consumer scl
[    0.506475] i2c i2c-2: using device tree for GPIO lookup
[    0.506500] of_get_named_gpiod_flags: can't parse 'scl-gpios' property of node '/ocp/interconnect@48000000/segment@100000/target-module@9c000/i2c@0[0]'
[    0.506547] of_get_named_gpiod_flags: can't parse 'scl-gpio' property of node '/ocp/interconnect@48000000/segment@100000/target-module@9c000/i2c@0[0]'
[    0.506589] i2c i2c-2: using lookup tables for GPIO lookup
[    0.506600] i2c i2c-2: No GPIO consumer scl found
[    0.506621] i2c i2c-2: GPIO lookup for consumer sda
[    0.506630] i2c i2c-2: using device tree for GPIO lookup
[    0.506644] of_get_named_gpiod_flags: can't parse 'sda-gpios' property of node '/ocp/interconnect@48000000/segment@100000/target-module@9c000/i2c@0[0]'
[    0.506683] of_get_named_gpiod_flags: can't parse 'sda-gpio' property of node '/ocp/interconnect@48000000/segment@100000/target-module@9c000/i2c@0[0]'
[    0.506718] i2c i2c-2: using lookup tables for GPIO lookup
[    0.506727] i2c i2c-2: No GPIO consumer sda found
[    0.507384] omap_i2c 4819c000.i2c: bus 2 rev0.11 at 100 kHz
[    0.512629] gpio gpiochip1: (gpio-32-63): created GPIO range 0->17 ==> 44e10800.pinmux PIN 34->51
[    0.512668] gpio gpiochip1: (gpio-32-63): created GPIO range 18->21 ==> 44e10800.pinmux PIN 77->80
[    0.512685] gpio gpiochip1: (gpio-32-63): created GPIO range 22->31 ==> 44e10800.pinmux PIN 56->65
[    0.529091] gpio gpiochip1: (gpio-32-63): added GPIO chardev (254:1)
[    0.529230] gpio gpiochip1: registered GPIOs 32 to 63 on gpio-32-63
[    0.531346] gpio gpiochip2: (gpio-64-95): created GPIO range 0->4 ==> 44e10800.pinmux PIN 66->70
[    0.531380] gpio gpiochip2: (gpio-64-95): created GPIO range 5->6 ==> 44e10800.pinmux PIN 98->99
[    0.531396] gpio gpiochip2: (gpio-64-95): created GPIO range 7->8 ==> 44e10800.pinmux PIN 75->76
[    0.531412] gpio gpiochip2: (gpio-64-95): created GPIO range 13->13 ==> 44e10800.pinmux PIN 141->141
[    0.531429] gpio gpiochip2: (gpio-64-95): created GPIO range 14->21 ==> 44e10800.pinmux PIN 100->107
[    0.531837] gpio gpiochip2: (gpio-64-95): added GPIO chardev (254:2)
[    0.531955] gpio gpiochip2: registered GPIOs 64 to 95 on gpio-64-95
[    0.549632] mdio_bus 4a101000.mdio: GPIO lookup for consumer reset
[    0.549669] mdio_bus 4a101000.mdio: using device tree for GPIO lookup
[    0.549695] of_get_named_gpiod_flags: can't parse 'reset-gpios' property of node '/ocp/interconnect@4a000000/segment@0/target-module@100000/switch@0/mdio@1000[0]'
[    0.549746] of_get_named_gpiod_flags: can't parse 'reset-gpio' property of node '/ocp/interconnect@4a000000/segment@0/target-module@100000/switch@0/mdio@1000[0]'
[    0.549792] mdio_bus 4a101000.mdio: using lookup tables for GPIO lookup
[    0.549803] mdio_bus 4a101000.mdio: No GPIO consumer reset found
[    0.550765] sdhci-omap 481d8000.mmc: GPIO lookup for consumer wp
[    0.550789] sdhci-omap 481d8000.mmc: using device tree for GPIO lookup
[    0.550809] of_get_named_gpiod_flags: can't parse 'wp-gpios' property of node '/ocp/interconnect@48000000/segment@100000/target-module@d8000/mmc@0[0]'
[    0.550859] of_get_named_gpiod_flags: can't parse 'wp-gpio' property of node '/ocp/interconnect@48000000/segment@100000/target-module@d8000/mmc@0[0]'
[    0.550897] sdhci-omap 481d8000.mmc: using lookup tables for GPIO lookup
[    0.550908] sdhci-omap 481d8000.mmc: No GPIO consumer wp found
[    0.551078] sdhci-omap 481d8000.mmc: supply vqmmc not found, using dummy regulator
[    0.604974] davinci_mdio 4a101000.mdio: davinci mdio revision 1.6, bus freq 1000000
[    0.634547] mdio_bus 4a101000.mdio:00: GPIO lookup for consumer reset
[    0.634577] mdio_bus 4a101000.mdio:00: using device tree for GPIO lookup
[    0.634618] of_get_named_gpiod_flags: parsed 'reset-gpios' property of node '/ocp/interconnect@4a000000/segment@0/target-module@100000/switch@0/mdio@1000/ethernet-phy@0[0]' - status (0)
[    0.634782] gpio gpiochip0: Persistence not supported for GPIO 8
[    0.785924] davinci_mdio 4a101000.mdio: phy[0]: device 4a101000.mdio:00, driver SMSC LAN8710/LAN8720
[    0.786512] cpsw-switch 4a100000.switch: initialized cpsw ale version 1.4
[    0.786540] cpsw-switch 4a100000.switch: ALE Table size 1024
[    0.786660] cpsw-switch 4a100000.switch: cpts: overflow check period 500 (jiffies)
[    0.786680] cpsw-switch 4a100000.switch: CPTS: ref_clk_freq:250000000 calc_mult:2147483648 calc_shift:29 error:0 nsec/sec
[    0.786788] cpsw-switch 4a100000.switch: Detected MACID = 6c:ec:eb:68:de:78
[    0.788357] cpsw-switch 4a100000.switch: initialized (regs 0x4a100000, pool size 256) hw_ver:0019010C 1.12 (0)
[    0.797708] debugfs: Directory '49000000.dma' with parent 'dmaengine' already present!
[    0.797766] edma 49000000.dma: TI EDMA DMA engine driver
[    0.834510] gpio-clk clk_mcasp0: GPIO lookup for consumer enable
[    0.834548] gpio-clk clk_mcasp0: using device tree for GPIO lookup
[    0.834588] of_get_named_gpiod_flags: parsed 'enable-gpios' property of node '/clk_mcasp0[0]' - status (0)
[    0.834632] gpio gpiochip0: Persistence not supported for GPIO 27
[    0.835384] gpio gpiochip3: (gpio-96-127): created GPIO range 0->7 ==> 44e10800.pinmux PIN 82->89
[    0.835414] gpio gpiochip3: (gpio-96-127): created GPIO range 8->11 ==> 44e10800.pinmux PIN 52->55
[    0.835431] gpio gpiochip3: (gpio-96-127): created GPIO range 12->15 ==> 44e10800.pinmux PIN 94->97
[    0.835447] gpio gpiochip3: (gpio-96-127): created GPIO range 16->17 ==> 44e10800.pinmux PIN 71->72
[    0.835463] gpio gpiochip3: (gpio-96-127): created GPIO range 18->18 ==> 44e10800.pinmux PIN 135->135
[    0.835480] gpio gpiochip3: (gpio-96-127): created GPIO range 19->20 ==> 44e10800.pinmux PIN 108->109
[    0.835497] gpio gpiochip3: (gpio-96-127): created GPIO range 21->21 ==> 44e10800.pinmux PIN 73->73
[    0.835515] gpio gpiochip3: (gpio-96-127): created GPIO range 22->23 ==> 44e10800.pinmux PIN 8->9
[    0.835532] gpio gpiochip3: (gpio-96-127): created GPIO range 26->27 ==> 44e10800.pinmux PIN 10->11
[    0.835551] gpio gpiochip3: (gpio-96-127): created GPIO range 28->28 ==> 44e10800.pinmux PIN 74->74
[    0.835569] gpio gpiochip3: (gpio-96-127): created GPIO range 29->29 ==> 44e10800.pinmux PIN 81->81
[    0.835588] gpio gpiochip3: (gpio-96-127): created GPIO range 30->31 ==> 44e10800.pinmux PIN 28->29
[    0.845726] gpio gpiochip3: (gpio-96-127): added GPIO chardev (254:3)
[    0.845867] gpio gpiochip3: registered GPIOs 96 to 127 on gpio-96-127
[    0.847290] omap8250 44e09000.serial: GPIO lookup for consumer rs485-term
[    0.847321] omap8250 44e09000.serial: using device tree for GPIO lookup
[    0.847345] of_get_named_gpiod_flags: can't parse 'rs485-term-gpios' property of node '/ocp/interconnect@44c00000/segment@200000/target-module@9000/serial@0[0]'
[    0.847397] of_get_named_gpiod_flags: can't parse 'rs485-term-gpio' property of node '/ocp/interconnect@44c00000/segment@200000/target-module@9000/serial@0[0]'
[    0.847438] omap8250 44e09000.serial: using lookup tables for GPIO lookup
[    0.847449] omap8250 44e09000.serial: No GPIO consumer rs485-term found
[    0.847497] 44e09000.serial: ttyS0 at MMIO 0x44e09000 (irq = 19, base_baud = 3000000) is a 8250
[    1.844929] printk: console [ttyS0] enabled
[    1.851365] i2c i2c-0: GPIO lookup for consumer scl
[    1.851396] i2c i2c-0: using device tree for GPIO lookup
[    1.851422] of_get_named_gpiod_flags: can't parse 'scl-gpios' property of node '/ocp/interconnect@44c00000/segment@200000/target-module@b000/i2c@0[0]'
[    1.851468] of_get_named_gpiod_flags: can't parse 'scl-gpio' property of node '/ocp/interconnect@44c00000/segment@200000/target-module@b000/i2c@0[0]'
[    1.851510] i2c i2c-0: using lookup tables for GPIO lookup
[    1.851521] i2c i2c-0: No GPIO consumer scl found
[    1.851542] i2c i2c-0: GPIO lookup for consumer sda
[    1.851551] i2c i2c-0: using device tree for GPIO lookup
[    1.851564] of_get_named_gpiod_flags: can't parse 'sda-gpios' property of node '/ocp/interconnect@44c00000/segment@200000/target-module@b000/i2c@0[0]'
[    1.851604] of_get_named_gpiod_flags: can't parse 'sda-gpio' property of node '/ocp/interconnect@44c00000/segment@200000/target-module@b000/i2c@0[0]'
[    1.851639] i2c i2c-0: using lookup tables for GPIO lookup
[    1.851648] i2c i2c-0: No GPIO consumer sda found
[    1.874577] tps65217-pmic: Failed to locate of_node [id: -1]
[    1.889728] tps65217-bl: Failed to locate of_node [id: -1]
[    1.898182] tps65217 0-0024: TPS65217 ID 0xe version 1.2
[    1.904173] i2c 0-0070: Fixing up cyclic dependency with 4830e000.lcdc
[    1.911025] omap_i2c 44e0b000.i2c: bus 0 rev0.11 at 400 kHz
[    1.918255] sdhci-omap 48060000.mmc: GPIO lookup for consumer cd
[    1.918283] sdhci-omap 48060000.mmc: using device tree for GPIO lookup
[    1.918325] of_get_named_gpiod_flags: parsed 'cd-gpios' property of node '/ocp/interconnect@48000000/segment@0/target-module@60000/mmc@0[0]' - status (0)
[    1.918442] gpio gpiochip3: Persistence not supported for GPIO 6
[    1.918464] omap_gpio 44e07000.gpio: Could not set line 6 debounce to 200000 microseconds (-22)
[    1.927303] sdhci-omap 48060000.mmc: Got CD GPIO
[    1.931950] sdhci-omap 48060000.mmc: GPIO lookup for consumer wp
[    1.931960] sdhci-omap 48060000.mmc: using device tree for GPIO lookup
[    1.931977] of_get_named_gpiod_flags: can't parse 'wp-gpios' property of node '/ocp/interconnect@48000000/segment@0/target-module@60000/mmc@0[0]'
[    1.932020] of_get_named_gpiod_flags: can't parse 'wp-gpio' property of node '/ocp/interconnect@48000000/segment@0/target-module@60000/mmc@0[0]'
[    1.932059] sdhci-omap 48060000.mmc: using lookup tables for GPIO lookup
[    1.932071] sdhci-omap 48060000.mmc: No GPIO consumer wp found
[    1.932260] sdhci-omap 48060000.mmc: supply vqmmc not found, using dummy regulator
[    1.940929] sdhci-omap 481d8000.mmc: GPIO lookup for consumer wp
[    1.940955] sdhci-omap 481d8000.mmc: using device tree for GPIO lookup
[    1.940975] of_get_named_gpiod_flags: can't parse 'wp-gpios' property of node '/ocp/interconnect@48000000/segment@100000/target-module@d8000/mmc@0[0]'
[    1.941030] of_get_named_gpiod_flags: can't parse 'wp-gpio' property of node '/ocp/interconnect@48000000/segment@100000/target-module@d8000/mmc@0[0]'
[    1.941069] sdhci-omap 481d8000.mmc: using lookup tables for GPIO lookup
[    1.941080] sdhci-omap 481d8000.mmc: No GPIO consumer wp found
[    1.944515] sdhci-omap 481d8000.mmc: supply vqmmc not found, using dummy regulator
[    1.977076] mmc0: SDHCI controller on 48060000.mmc [48060000.mmc] using External DMA
[    1.985134] mmc1: SDHCI controller on 481d8000.mmc [481d8000.mmc] using External DMA
[    1.993597] cpsw-switch 4a100000.switch: starting ndev. mode: dual_mac
[    2.037929] mmc0: new high speed SDHC card at address 5048
[    2.044720] mmcblk0: mmc0:5048 SD16G 14.4 GiB 
[    2.052446]  mmcblk0: p1 p2
[    2.055627] mmcblk0: p2 size 31221760 extends beyond EOD, truncated
[    2.084049] mmc1: new high speed MMC card at address 0001
[    2.090614] mmcblk1: mmc1:0001 MMC04G 3.60 GiB 
[    2.097787]  mmcblk1: p1 p2
[    2.101777] mmcblk1boot0: mmc1:0001 MMC04G 2.00 MiB 
[    2.108904] mmcblk1boot1: mmc1:0001 MMC04G 2.00 MiB 
[    2.115717] mmcblk1rpmb: mmc1:0001 MMC04G 128 KiB, chardev (250:0)
[    2.155612] SMSC LAN8710/LAN8720 4a101000.mdio:00: attached PHY driver (mii_bus:phy_addr=4a101000.mdio:00, irq=POLL)
[    7.364534] cpsw-switch 4a100000.switch eth0: Link is Up - 100Mbps/Full - flow control off
[    7.383846] IPv6: ADDRCONF(NETDEV_CHANGE): eth0: link becomes ready
[    7.413814] IP-Config: Complete:
[    7.417075]      device=eth0, hwaddr=6c:ec:eb:68:de:78, ipaddr=192.168.255.1, mask=255.255.255.0, gw=255.255.255.255
[    7.427687]      host=bbb1, domain=, nis-domain=(none)
[    7.432849]      bootserver=192.168.255.126, rootserver=192.168.255.126, rootpath=
[    7.433225] clk: Disabling unused clocks
[    7.445076] TAP version 14
[    7.447799] 1..0
[    7.474915] VFS: Mounted root (nfs filesystem) on device 0:16.
[    7.481652] devtmpfs: mounted
[    7.486145] Freeing unused kernel image (initmem) memory: 1024K
[    7.492633] Run /sbin/init as init process
[    7.496825]   with arguments:
[    7.496838]     /sbin/init
[    7.496845]     nfsrootdebug
[    7.496852]   with environment:
[    7.496859]     HOME=/
[    7.496865]     TERM=linux
[    8.178760] systemd[1]: System time before build time, advancing clock.
[    8.378005] random: systemd: uninitialized urandom read (16 bytes read)
[    8.389875] random: systemd: uninitialized urandom read (16 bytes read)
[    8.400403] systemd[1]: systemd 232 running in system mode. (+PAM +AUDIT +SELINUX +IMA +APPARMOR +SMACK +SYSVINIT +UTMP +LIBCRYPTSETUP +GCRYPT +GNUTLS +ACL +XZ +LZ4 +SECCOMP +BLKID +ELFUTILS +KMOD +IDN)
[    8.419818] systemd[1]: Detected architecture arm.
[    8.456476] systemd[1]: Set hostname to <arm>.
[    8.828694] random: systemd-cryptse: uninitialized urandom read (16 bytes read)
[    9.408054] random: systemd: uninitialized urandom read (16 bytes read)
[    9.415318] random: systemd: uninitialized urandom read (16 bytes read)
[    9.422373] random: systemd: uninitialized urandom read (16 bytes read)
[    9.434993] systemd[1]: Listening on udev Kernel Socket.
[    9.474415] systemd[1]: Reached target Swap.
[    9.505594] systemd[1]: Listening on Journal Socket (/dev/log).
[    9.545303] systemd[1]: Created slice User and Session Slice.
[    9.584198] systemd[1]: Reached target Remote File Systems.
[    9.625401] systemd[1]: Set up automount Arbitrary Executable File Formats File System Automount Point.
[    9.664708] systemd[1]: Started Dispatch Password Requests to Console Directory Watch.
[   10.416075] random: systemd-journal: uninitialized urandom read (16 bytes read)
[   10.430935] random: systemd-journal: uninitialized urandom read (16 bytes read)
[   10.440745] random: systemd: uninitialized urandom read (16 bytes read)
[   11.446387] random: systemd: uninitialized urandom read (16 bytes read)
[   11.786977] systemd-journald[99]: Received request to flush runtime journal from PID 1
[   14.294078] random: crng init done
[   14.297542] random: 550 urandom warning(s) missed due to ratelimiting
[   14.494160] of_get_named_gpiod_flags: parsed 'gpios' property of node '/leds/led2[0]' - status (0)
[   14.494246] gpio gpiochip0: Persistence not supported for GPIO 21
[   14.494259] gpio-21 (?): no flags found for gpios
[   14.494511] of_get_named_gpiod_flags: parsed 'gpios' property of node '/leds/led3[0]' - status (0)
[   14.494550] gpio gpiochip0: Persistence not supported for GPIO 22
[   14.494560] gpio-22 (?): no flags found for gpios
[   14.494733] of_get_named_gpiod_flags: parsed 'gpios' property of node '/leds/led4[0]' - status (0)
[   14.494767] gpio gpiochip0: Persistence not supported for GPIO 23
[   14.494777] gpio-23 (?): no flags found for gpios
[   14.494935] of_get_named_gpiod_flags: parsed 'gpios' property of node '/leds/led5[0]' - status (0)
[   14.494967] gpio gpiochip0: Persistence not supported for GPIO 24
[   14.494976] gpio-24 (?): no flags found for gpios
[   14.693998] remoteproc remoteproc0: wkup_m3 is available
[   15.141252] at24 2-0054: supply vcc not found, using dummy regulator
[   15.366409] omap_wdt: OMAP Watchdog Timer Rev 0x01: initial timeout 60 sec
[   15.398824] at24 2-0055: supply vcc not found, using dummy regulator
[   15.553210] at24 2-0056: supply vcc not found, using dummy regulator
[   15.688563] at24 2-0057: supply vcc not found, using dummy regulator
[   15.806706] at24 0-0050: supply vcc not found, using dummy regulator
[   15.832158] tps6521x_pwrbutton tps65217-pwrbutton: DMA mask not set
[   15.867418] at24 0-0050: GPIO lookup for consumer wp
[   15.867459] at24 0-0050: using device tree for GPIO lookup
[   15.867491] of_get_named_gpiod_flags: can't parse 'wp-gpios' property of node '/ocp/interconnect@44c00000/segment@200000/target-module@b000/i2c@0/baseboard_eeprom@50[0]'
[   15.867566] of_get_named_gpiod_flags: can't parse 'wp-gpio' property of node '/ocp/interconnect@44c00000/segment@200000/target-module@b000/i2c@0/baseboard_eeprom@50[0]'
[   15.867616] at24 0-0050: using lookup tables for GPIO lookup
[   15.867628] at24 0-0050: No GPIO consumer wp found
[   15.867893] at24 0-0050: 32768 byte 24c256 EEPROM, writable, 1 bytes/write
[   15.887442] input: tps65217_pwrbutton as /devices/platform/ocp/44c00000.interconnect/44c00000.interconnect:segment@200000/44e0b000.target-module/44e0b000.i2c/i2c-0/0-0024/tps65217-pwrbutton/input/input0
[   15.971241] omap_rtc 44e3e000.rtc: registered as rtc0
[   15.976539] omap_rtc 44e3e000.rtc: setting system clock to 2000-01-01T00:00:00 UTC (946684800)
[   15.985260] omap_rtc 44e3e000.rtc: GPIO lookup for consumer wp
[   15.985272] omap_rtc 44e3e000.rtc: using device tree for GPIO lookup
[   15.985302] of_get_named_gpiod_flags: can't parse 'wp-gpios' property of node '/ocp/interconnect@44c00000/segment@200000/target-module@3e000/rtc@0[0]'
[   15.985363] of_get_named_gpiod_flags: can't parse 'wp-gpio' property of node '/ocp/interconnect@44c00000/segment@200000/target-module@3e000/rtc@0[0]'
[   15.985407] omap_rtc 44e3e000.rtc: using lookup tables for GPIO lookup
[   15.985419] omap_rtc 44e3e000.rtc: No GPIO consumer wp found
[   16.185962] am335x-phy-driver 47401300.usb-phy: GPIO lookup for consumer reset
[   16.186005] am335x-phy-driver 47401300.usb-phy: using device tree for GPIO lookup
[   16.186035] of_get_named_gpiod_flags: can't parse 'reset-gpios' property of node '/ocp/target-module@47400000/usb-phy@1300[0]'
[   16.186086] of_get_named_gpiod_flags: can't parse 'reset-gpio' property of node '/ocp/target-module@47400000/usb-phy@1300[0]'
[   16.186117] am335x-phy-driver 47401300.usb-phy: using lookup tables for GPIO lookup
[   16.186130] am335x-phy-driver 47401300.usb-phy: No GPIO consumer reset found
[   16.186142] am335x-phy-driver 47401300.usb-phy: GPIO lookup for consumer vbus-detect
[   16.186151] am335x-phy-driver 47401300.usb-phy: using device tree for GPIO lookup
[   16.186165] of_get_named_gpiod_flags: can't parse 'vbus-detect-gpios' property of node '/ocp/target-module@47400000/usb-phy@1300[0]'
[   16.186195] of_get_named_gpiod_flags: can't parse 'vbus-detect-gpio' property of node '/ocp/target-module@47400000/usb-phy@1300[0]'
[   16.186221] am335x-phy-driver 47401300.usb-phy: using lookup tables for GPIO lookup
[   16.186231] am335x-phy-driver 47401300.usb-phy: No GPIO consumer vbus-detect found
[   16.186355] am335x-phy-driver 47401300.usb-phy: supply vcc not found, using dummy regulator
[   16.297475] am335x-phy-driver 47401b00.usb-phy: GPIO lookup for consumer reset
[   16.297515] am335x-phy-driver 47401b00.usb-phy: using device tree for GPIO lookup
[   16.297544] of_get_named_gpiod_flags: can't parse 'reset-gpios' property of node '/ocp/target-module@47400000/usb-phy@1b00[0]'
[   16.297590] of_get_named_gpiod_flags: can't parse 'reset-gpio' property of node '/ocp/target-module@47400000/usb-phy@1b00[0]'
[   16.297624] am335x-phy-driver 47401b00.usb-phy: using lookup tables for GPIO lookup
[   16.297636] am335x-phy-driver 47401b00.usb-phy: No GPIO consumer reset found
[   16.297648] am335x-phy-driver 47401b00.usb-phy: GPIO lookup for consumer vbus-detect
[   16.297657] am335x-phy-driver 47401b00.usb-phy: using device tree for GPIO lookup
[   16.297671] of_get_named_gpiod_flags: can't parse 'vbus-detect-gpios' property of node '/ocp/target-module@47400000/usb-phy@1b00[0]'
[   16.297702] of_get_named_gpiod_flags: can't parse 'vbus-detect-gpio' property of node '/ocp/target-module@47400000/usb-phy@1b00[0]'
[   16.297728] am335x-phy-driver 47401b00.usb-phy: using lookup tables for GPIO lookup
[   16.297737] am335x-phy-driver 47401b00.usb-phy: No GPIO consumer vbus-detect found
[   16.297861] am335x-phy-driver 47401b00.usb-phy: supply vcc not found, using dummy regulator
[   16.508056] usbcore: registered new interface driver usbfs
[   16.513659] usbcore: registered new interface driver hub
[   16.519175] usbcore: registered new device driver usb
[   17.201112] musb-hdrc musb-hdrc.1: MUSB HDRC host driver
[   17.206646] musb-hdrc musb-hdrc.1: new USB bus registered, assigned bus number 1
[   17.295144] omap-mailbox 480c8000.mailbox: omap mailbox rev 0x400
[   17.324261] remoteproc remoteproc0: powering up wkup_m3
[   17.470627] remoteproc remoteproc0: Direct firmware load for am335x-pm-firmware.elf failed with error -2
[   17.480531] remoteproc remoteproc0: request_firmware failed: -2
[   17.486556] wkup_m3_ipc 44e11324.wkup_m3_ipc: rproc_boot failed
[   17.552539] usb usb1: New USB device found, idVendor=1d6b, idProduct=0002, bcdDevice= 5.15
[   17.562687] usb usb1: New USB device strings: Mfr=3, Product=2, SerialNumber=1
[   17.570916] usb usb1: Product: MUSB HDRC host driver
[   17.575992] usb usb1: Manufacturer: Linux 5.15.189 musb-hcd
[   17.581593] usb usb1: SerialNumber: musb-hdrc.1
[   17.601670] tda998x 0-0070: found TDA19988
[   18.145565] hub 1-0:1.0: USB hub found
[   18.224617] hub 1-0:1.0: 1 port detected
[   19.014126] tilcdc 4830e000.lcdc: bound 0-0070 (ops tda998x_driver_exit [tda998x])
[   19.022185] omap_rng 48310000.rng: Random Number Generator ver. 20
[   19.175375] [drm] Initialized tilcdc 1.0.0 20121205 for 4830e000.lcdc on minor 0
[   19.298330] tilcdc 4830e000.lcdc: [drm] Cannot find any crtc or sizes
[   19.320191] tilcdc 4830e000.lcdc: [drm] Cannot find any crtc or sizes
[   20.431257] omap-sham 53100000.sham: hw accel on OMAP rev 4.3
[   20.442073] PM: Cannot get wkup_m3_ipc handle
[   20.558714] omap-aes 53500000.aes: OMAP AES hw accel rev: 3.2
[   20.574443] omap-sham 53100000.sham: will run requests pump with realtime priority
[   20.664092] omap-aes 53500000.aes: will run requests pump with realtime priority
[   20.815304] PM: Cannot get wkup_m3_ipc handle
[   20.873472] PM: Cannot get wkup_m3_ipc handle
[   21.646236] Bluetooth: Core ver 2.22
[   21.650051] NET: Registered PF_BLUETOOTH protocol family
[   21.655551] Bluetooth: HCI device and connection manager initialized
[   21.661963] Bluetooth: HCI socket layer initialized
[   21.666914] Bluetooth: L2CAP socket layer initialized
[   21.672022] Bluetooth: SCO socket layer initialized
[   24.247782] PM: Cannot get wkup_m3_ipc handle
[   24.253410] of_get_named_gpiod_flags: can't parse 'simple-audio-card,hp-det-gpio' property of node '/sound[0]'
[   24.253468] of_get_named_gpiod_flags: can't parse 'simple-audio-card,mic-det-gpio' property of node '/sound[0]'
[   24.387366] PM: Cannot get wkup_m3_ipc handle
[   25.804722] using random self ethernet address
[   25.809364] using random host ethernet address
[   26.013941] using random self ethernet address
[   26.018449] using random host ethernet address
[   26.203370] userial_init: registered 8 ttyGS* devices
[   26.336049] rndis_register: configNr = 0
[   26.368465] udc musb-hdrc.0: registering UDC driver [g_multi]
[   26.368562] configfs-gadget gadget: adding 'rndis'/f5693827 to config 'c'/7420e97f
[   26.369563] usb0: HOST MAC 1c:ba:8c:a2:ed:6c
[   26.374129] usb0: MAC 1c:ba:8c:a2:ed:70
[   26.378038] rndis_set_param_medium: 0 0
[   26.378056] configfs-gadget gadget: RNDIS: dual speed IN/ep1in OUT/ep1out NOTIFY/ep2in
[   26.378071] configfs-gadget gadget: adding 'cdc_ethernet'/7bf9b3c7 to config 'c'/7420e97f
[   26.378875] usb1: HOST MAC 1c:ba:8c:a2:ed:6c
[   26.383183] usb1: MAC 1c:ba:8c:a2:ed:6d
[   26.387139] configfs-gadget gadget: CDC Ethernet: dual speed IN/ep3in OUT/ep2out NOTIFY/ep4in
[   26.387156] configfs-gadget gadget: adding 'acm'/08d0aee7 to config 'c'/7420e97f
[   26.387184] configfs-gadget gadget: acm ttyGS0: dual speed IN/ep5in OUT/ep3out NOTIFY/ep6in
[   27.881308] usb1: eth_open
[   31.480078] gs_open: ttyGS0 (c30b8ee3,906a1032)
[   31.480217] gs_close: ttyGS0 (c30b8ee3,906a1032) ...
[   31.480234] gs_close: ttyGS0 (c30b8ee3,906a1032) done!
[   31.489648] gs_open: ttyGS0 (c30b8ee3,73332ef5)
[   31.489734] gs_close: ttyGS0 (c30b8ee3,73332ef5) ...
[   31.489749] gs_close: ttyGS0 (c30b8ee3,73332ef5) done!
[   31.600521] gs_open: ttyGS0 (c30b8ee3,26d19238)
[   31.600740] gs_close: ttyGS0 (c30b8ee3,26d19238) ...
[   31.600765] gs_close: ttyGS0 (c30b8ee3,26d19238) done!
[   31.602879] gs_open: ttyGS0 (c30b8ee3,56ac5d93)
[   52.561357]     # Subtest: linear-ranges-test
