Labgrid Console Logfile for main
Logfile started at 2024-10-03 07:23:38.543880
=== Log starts here ===
reading args
spl_load_image_fat_os: error reading image args, err - -1
reading u-boot.img
reading u-boot.img


U-Boot 2014.04-00014-g47880f5 (Apr 22 2014 - 13:23:54)

I2C:   ready
DRAM:  512 MiB
NAND:  0 MiB
MMC:   OMAP SD/MMC: 0, OMAP SD/MMC: 1
*** Warning - readenv() failed, using default environment

Net:   <ethaddr> not set. Validating first E-fuse MAC
cpsw, usb_ether
Hit any key to stop autoboot:  1  0 
gpio: pin 53 (gpio 53) value is 1
mmc0 is current device
gpio: pin 54 (gpio 54) value is 1
SD/MMC found on device 0
reading uEnv.txt
569 bytes read in 3 ms (184.6 KiB/s)
gpio: pin 55 (gpio 55) value is 1
Loaded environment from uEnv.txt
Importing environment from mmc ...
Checking if uenvcmd is set ...
gpio: pin 56 (gpio 56) value is 1
Running uenvcmd ...
cpsw Waiting for PHY auto negotiation to complete. done
link up on port 0, speed 100, full duplex
Using cpsw device
TFTP from server 192.168.255.126; our IP address is 192.168.255.1
Filename 'zImage'.
Load address: 0x81000000
Loading: *#################################################################
	 #################################################################
	 #################################################################
	 #################################################################
	 #################################################################
	 ##################################################
	 2.4 MiB/s
done
Bytes transferred = 5501864 (53f3a8 hex)
link up on port 0, speed 100, full duplex
Using cpsw device
TFTP from server 192.168.255.126; our IP address is 192.168.255.1
Filename 'am335x-boneblack.dtb'.
Load address: 0x82000000
Loading: *#######
	 2.2 MiB/s
done
Bytes transferred = 98336 (18020 hex)
Kernel image @ 0x81000000 [ 0x000000 - 0x53f3a8 ]
## Flattened Device Tree blob at 82000000
   Booting using the fdt blob at 0x82000000
   Using Device Tree in place at 82000000, end 8201b01f

Starting kernel ...

[    0.000000] Booting Linux on physical CPU 0x0
[    0.000000] Linux version 6.12.0-rc1-next-20241003 (user01@drvtest01) (arm-linux-gnueabihf-gcc (Linaro GCC 6.4-2017.11) 6.4.1 20171012, GNU ld (Linaro_Binutils-2017.11) 2.27.0.20161229) #109 SMP Thu Oct  3 07:21:20 EEST 2024
[    0.000000] CPU: ARMv7 Processor [413fc082] revision 2 (ARMv7), cr=10c5387d
[    0.000000] CPU: PIPT / VIPT nonaliasing data cache, VIPT aliasing instruction cache
[    0.000000] OF: fdt: Machine model: TI AM335x BeagleBone Black
[    0.000000] Memory policy: Data cache writeback
[    0.000000] cma: Reserved 16 MiB at 0x9e800000 on node -1
[    0.000000] Zone ranges:
[    0.000000]   Normal   [mem 0x0000000080000000-0x000000009fdfffff]
[    0.000000]   HighMem  empty
[    0.000000] Movable zone start for each node
[    0.000000] Early memory node ranges
[    0.000000]   node   0: [mem 0x0000000080000000-0x000000009fdfffff]
[    0.000000] Initmem setup node 0 [mem 0x0000000080000000-0x000000009fdfffff]
[    0.000000] CPU: All CPU(s) started in SVC mode.
[    0.000000] AM335X ES2.1 (sgx neon)
[    0.000000] percpu: Embedded 17 pages/cpu s40268 r8192 d21172 u69632
[    0.000000] Kernel command line: console=ttyO0,115200n8 root=/dev/nfs rw nfsroot=192.168.255.126:/home/user01/nfs,nfsvers=3 ip=192.168.255.1:192.168.255.126::255.255.255.0:bbb1:eth0 nfsrootdebug
[    0.000000] Unknown kernel command line parameters "nfsrootdebug", will be passed to user space.
[    0.000000] Dentry cache hash table entries: 65536 (order: 6, 262144 bytes, linear)
[    0.000000] Inode-cache hash table entries: 32768 (order: 5, 131072 bytes, linear)
[    0.000000] Built 1 zonelists, mobility grouping on.  Total pages: 130560
[    0.000000] mem auto-init: stack:off, heap alloc:off, heap free:off
[    0.000000] SLUB: HWalign=64, Order=0-3, MinObjects=0, CPUs=1, Nodes=1
[    0.000000] trace event string verifier disabled
[    0.000000] rcu: Hierarchical RCU implementation.
[    0.000000] rcu: 	RCU event tracing is enabled.
[    0.000000] rcu: 	RCU restricting CPUs from NR_CPUS=2 to nr_cpu_ids=1.
[    0.000000] rcu: RCU calculated value of scheduler-enlistment delay is 10 jiffies.
[    0.000000] rcu: Adjusting geometry for rcu_fanout_leaf=16, nr_cpu_ids=1
[    0.000000] NR_IRQS: 16, nr_irqs: 16, preallocated irqs: 16
[    0.000000] IRQ: Found an INTC at 0x(ptrval) (revision 5.0) with 128 interrupts
[    0.000000] rcu: srcu_init: Setting srcu_struct sizes based on contention.
[    0.000000] TI gptimer clocksource: always-on /ocp/interconnect@44c00000/segment@200000/target-module@31000
[    0.000002] sched_clock: 32 bits at 24MHz, resolution 41ns, wraps every 89478484971ns
[    0.000028] clocksource: dmtimer: mask: 0xffffffff max_cycles: 0xffffffff, max_idle_ns: 79635851949 ns
[    0.000503] TI gptimer clockevent: 24000000 Hz at /ocp/interconnect@48000000/segment@0/target-module@40000
[    0.002143] Console: colour dummy device 80x30
[    0.002206] WARNING: Your 'console=ttyO0' has been replaced by 'ttyS0'
[    0.002215] This ensures that you still see kernel messages. Please
[    0.002220] update your kernel commandline.
[    0.002264] Calibrating delay loop... 996.14 BogoMIPS (lpj=4980736)
[    0.090557] CPU: Testing write buffer coherency: ok
[    0.090653] CPU0: Spectre v2: using BPIALL workaround
[    0.090665] pid_max: default: 32768 minimum: 301
[    0.090790] LSM: initializing lsm=capability
[    0.090965] Mount-cache hash table entries: 1024 (order: 0, 4096 bytes, linear)
[    0.090984] Mountpoint-cache hash table entries: 1024 (order: 0, 4096 bytes, linear)
[    0.092632] CPU0: thread -1, cpu 0, socket -1, mpidr 0
[    0.150730] Setting up static identity map for 0x80100000 - 0x80100078
[    0.160713] rcu: Hierarchical SRCU implementation.
[    0.160727] rcu: 	Max phase no-delay instances is 1000.
[    0.180761] smp: Bringing up secondary CPUs ...
[    0.180819] smp: Brought up 1 node, 1 CPU
[    0.180835] SMP: Total of 1 processors activated (996.14 BogoMIPS).
[    0.180846] CPU: All CPU(s) started in SVC mode.
[    0.181029] Memory: 480860K/522240K available (11264K kernel code, 1215K rwdata, 2876K rodata, 1024K init, 299K bss, 23368K reserved, 16384K cma-reserved, 0K highmem)
[    0.181881] devtmpfs: initialized
[    0.198751] VFP support v0.3: implementor 41 architecture 3 part 30 variant c rev 3
[    0.199104] clocksource: jiffies: mask: 0xffffffff max_cycles: 0xffffffff, max_idle_ns: 19112604462750000 ns
[    0.199139] futex hash table entries: 256 (order: 2, 16384 bytes, linear)
[    0.200390] pinctrl core: initialized pinctrl subsystem
[    0.203423] NET: Registered PF_NETLINK/PF_ROUTE protocol family
[    0.206224] DMA: preallocated 256 KiB pool for atomic coherent allocations
[    0.207130] audit: initializing netlink subsys (disabled)
[    0.208581] thermal_sys: Registered thermal governor 'fair_share'
[    0.208595] thermal_sys: Registered thermal governor 'step_wise'
[    0.208605] thermal_sys: Registered thermal governor 'user_space'
[    0.208756] audit: type=2000 audit(0.200:1): state=initialized audit_enabled=0 res=1
[    0.208792] cpuidle: using governor menu
[    0.227838] No ATAGs?
[    0.227863] hw-breakpoint: debug architecture 0x4 unsupported.
[    0.230714] kprobes: kprobe jump-optimization is enabled. All kprobes are optimized if possible.
[    0.244085] iommu: Default domain type: Translated
[    0.244109] iommu: DMA domain TLB invalidation policy: strict mode
[    0.251355] SCSI subsystem initialized
[    0.252237] pps_core: LinuxPPS API ver. 1 registered
[    0.252248] pps_core: Software ver. 5.3.6 - Copyright 2005-2007 Rodolfo Giometti <giometti@linux.it>
[    0.252273] PTP clock support registered
[    0.260924] vgaarb: loaded
[    0.261323] clocksource: Switched to clocksource dmtimer
[    0.261985] VFS: Disk quotas dquot_6.6.0
[    0.262030] VFS: Dquot-cache hash table entries: 1024 (order 0, 4096 bytes)
[    0.287311] NET: Registered PF_INET protocol family
[    0.287667] IP idents hash table entries: 8192 (order: 4, 65536 bytes, linear)
[    0.289063] tcp_listen_portaddr_hash hash table entries: 512 (order: 0, 4096 bytes, linear)
[    0.289101] Table-perturb hash table entries: 65536 (order: 6, 262144 bytes, linear)
[    0.289119] TCP established hash table entries: 4096 (order: 2, 16384 bytes, linear)
[    0.289163] TCP bind hash table entries: 4096 (order: 4, 65536 bytes, linear)
[    0.289264] TCP: Hash tables configured (established 4096 bind 4096)
[    0.289384] UDP hash table entries: 256 (order: 1, 8192 bytes, linear)
[    0.289414] UDP-Lite hash table entries: 256 (order: 1, 8192 bytes, linear)
[    0.289596] NET: Registered PF_UNIX/PF_LOCAL protocol family
[    0.290901] RPC: Registered named UNIX socket transport module.
[    0.290923] RPC: Registered udp transport module.
[    0.290928] RPC: Registered tcp transport module.
[    0.290934] RPC: Registered tcp-with-tls transport module.
[    0.290939] RPC: Registered tcp NFSv4.1 backchannel transport module.
[    0.290965] PCI: CLS 0 bytes, default 64
[    0.292581] Initialise system trusted keyrings
[    0.302317] workingset: timestamp_bits=14 max_order=17 bucket_order=3
[    0.303644] NFS: Registering the id_resolver key type
[    0.303713] Key type id_resolver registered
[    0.303722] Key type id_legacy registered
[    0.303770] jffs2: version 2.2. (NAND) (SUMMARY)  Â© 2001-2006 Red Hat, Inc.
[    0.304182] Key type asymmetric registered
[    0.304196] Asymmetric key parser 'x509' registered
[    0.304262] io scheduler mq-deadline registered
[    0.304272] io scheduler kyber registered
[    0.304343] io scheduler bfq registered
[    0.305997] ledtrig-cpu: registered to indicate activity on CPUs
[    0.312036] Serial: 8250/16550 driver, 6 ports, IRQ sharing enabled
[    0.362041] brd: module loaded
[    0.383154] loop: module loaded
[    0.384103] mtdoops: mtd device (mtddev=name/number) must be supplied
[    0.387302] i2c_dev: i2c /dev entries driver
[    0.388303] cpuidle: enable-method property 'ti,am3352' found operations
[    0.388744] sdhci: Secure Digital Host Controller Interface driver
[    0.388754] sdhci: Copyright(c) Pierre Ossman
[    0.388929] sdhci-pltfm: SDHCI platform and OF driver helper
[    0.389976] Initializing XFRM netlink socket
[    0.390108] NET: Registered PF_INET6 protocol family
[    0.408040] Segment Routing with IPv6
[    0.408136] In-situ OAM (IOAM) with IPv6
[    0.408236] sit: IPv6, IPv4 and MPLS over IPv4 tunneling driver
[    0.409181] NET: Registered PF_PACKET protocol family
[    0.409218] NET: Registered PF_KEY protocol family
[    0.409373] Key type dns_resolver registered
[    0.409656] ThumbEE CPU extension supported.
[    0.409676] Registering SWP/SWPB emulation handler
[    0.410205] omap_voltage_late_init: Voltage driver support not added
[    0.410566] SmartReflex Class3 initialized
[    0.445469] Loading compiled-in X.509 certificates
[    0.526765] platform 44e10800.pinmux: Fixed dependency cycle(s) with /ocp/interconnect@44c00000/segment@200000/target-module@10000/scm@0/pinmux@800/clkout2-pins
[    0.527331] pinctrl-single 44e10800.pinmux: 142 pins, size 568
[    0.532701] ti-sysc 44e31000.target-module: probe with driver ti-sysc failed with error -16
[    0.568157] ti-sysc 48040000.target-module: probe with driver ti-sysc failed with error -16
[    0.609237] OMAP GPIO hardware version 0.1
[    0.623525] omap_i2c 4819c000.i2c: bus 2 rev0.11 at 100 kHz
[    0.662634] 48000000.interconnect:segment@200000:target-module@0:mpu@0:fck: device ID is greater than 24
[    0.666818] platform 4830e000.lcdc: Fixed dependency cycle(s) with /ocp/interconnect@44c00000/segment@200000/target-module@b000/i2c@0/tda19988@70
[    0.677845] sdhci-omap 481d8000.mmc: supply pbias not found, using dummy regulator
[    0.678372] sdhci-omap 481d8000.mmc: supply vqmmc not found, using dummy regulator
[    0.726479] davinci_mdio 4a101000.mdio: davinci mdio revision 1.6, bus freq 1000000
[    0.842013] davinci_mdio 4a101000.mdio: phy[0]: device 4a101000.mdio:00, driver SMSC LAN8710/LAN8720
[    0.842815] cpsw-switch 4a100000.switch: initialized cpsw ale version 1.4
[    0.842838] cpsw-switch 4a100000.switch: ALE Table size 1024, Policers 0
[    0.843095] cpsw-switch 4a100000.switch: cpts: overflow check period 500 (jiffies)
[    0.843116] cpsw-switch 4a100000.switch: CPTS: ref_clk_freq:250000000 calc_mult:2147483648 calc_shift:29 error:0 nsec/sec
[    0.843221] cpsw-switch 4a100000.switch: Detected MACID = 6c:ec:eb:68:de:78
[    0.845058] cpsw-switch 4a100000.switch: initialized (regs 0x4a100000, pool size 256) hw_ver:0019010C 1.12 (0)
[    0.856169] debugfs: Directory '49000000.dma' with parent 'dmaengine' already present!
[    0.856210] edma 49000000.dma: TI EDMA DMA engine driver
[    0.874720] target-module@4b000000:target-module@140000:pmu@0:fck: device ID is greater than 24
[    0.896485] hw perfevents: enabled with armv7_cortex_a8 PMU driver, 5 (8000000f) counters available
[    0.905890] l3-aon-clkctrl:0000:0: failed to disable
[    0.907159] 44e09000.serial: ttyS0 at MMIO 0x44e09000 (irq = 34, base_baud = 3000000) is a 8250
[    0.907246] printk: legacy console [ttyS0] enabled
[    2.262367] tps65217-pmic: Failed to locate of_node [id: -1]
[    2.268433] tps65217-bl: Failed to locate of_node [id: -1]
[    2.279944] tps65217 0-0024: TPS65217 ID 0xe version 1.2
[    2.286082] platform 4830e000.lcdc: Fixed dependency cycle(s) with /ocp/interconnect@44c00000/segment@200000/target-module@b000/i2c@0/tda19988@70
[    2.299518] i2c 0-0070: Fixed dependency cycle(s) with /ocp/interconnect@48000000/segment@300000/target-module@e000/lcdc@0
[    2.310931] omap_i2c 44e0b000.i2c: bus 0 rev0.11 at 400 kHz
[    2.318737] omap_gpio 44e07000.gpio: Could not set line 6 debounce to 200000 microseconds (-22)
[    2.327632] sdhci-omap 48060000.mmc: Got CD GPIO
[    2.332679] sdhci-omap 48060000.mmc: supply pbias not found, using dummy regulator
[    2.343011] sdhci-omap 48060000.mmc: supply vqmmc not found, using dummy regulator
[    2.352078] sdhci-omap 481d8000.mmc: supply pbias not found, using dummy regulator
[    2.360100] sdhci-omap 481d8000.mmc: supply vqmmc not found, using dummy regulator
[    2.398837] mmc1: SDHCI controller on 481d8000.mmc [481d8000.mmc] using External DMA
[    2.408070] mmc0: SDHCI controller on 48060000.mmc [48060000.mmc] using External DMA
[    2.416940] cpsw-switch 4a100000.switch: starting ndev. mode: dual_mac
[    2.460524] mmc0: new high speed SDHC card at address 5048
[    2.467663] mmcblk0: mmc0:5048 SD16G 14.4 GiB
[    2.475810]  mmcblk0: p1 p2
[    2.479187] mmcblk0: p2 size 31221760 extends beyond EOD, truncated
[    2.492672] SMSC LAN8710/LAN8720 4a101000.mdio:00: attached PHY driver (mii_bus:phy_addr=4a101000.mdio:00, irq=POLL)
[    2.504897] mmc1: new high speed MMC card at address 0001
[    2.511860] mmcblk1: mmc1:0001 MMC04G 3.60 GiB
[    2.523922]  mmcblk1: p1 p2
[    2.528209] mmcblk1boot0: mmc1:0001 MMC04G 2.00 MiB
[    2.535392] mmcblk1boot1: mmc1:0001 MMC04G 2.00 MiB
[    2.542810] mmcblk1rpmb: mmc1:0001 MMC04G 128 KiB, chardev (250:0)
[    5.682118] cpsw-switch 4a100000.switch eth0: Link is Up - 100Mbps/Full - flow control off
[    5.721575] IP-Config: Complete:
[    5.724849]      device=eth0, hwaddr=6c:ec:eb:68:de:78, ipaddr=192.168.255.1, mask=255.255.255.0, gw=255.255.255.255
[    5.735528]      host=bbb1, domain=, nis-domain=(none)
[    5.740696]      bootserver=192.168.255.126, rootserver=192.168.255.126, rootpath=
[    5.741136] clk: Disabling unused clocks
[    5.752971] PM: genpd: Disabling unused power domains
[    5.758092] KTAP version 1
[    5.760812] 1..0
[    5.786491] VFS: Mounted root (nfs filesystem) on device 0:17.
[    5.793655] devtmpfs: mounted
[    5.798319] Freeing unused kernel image (initmem) memory: 1024K
[    5.805362] Run /sbin/init as init process
[    6.519456] systemd[1]: System time before build time, advancing clock.
[    7.981354] random: crng init done
[    8.022820] systemd[1]: systemd 232 running in system mode. (+PAM +AUDIT +SELINUX +IMA +APPARMOR +SMACK +SYSVINIT +UTMP +LIBCRYPTSETUP +GCRYPT +GNUTLS +ACL +XZ +LZ4 +SECCOMP +BLKID +ELFUTILS +KMOD +IDN)
[    8.042024] systemd[1]: Detected architecture arm.

Welcome to [1mDebian GNU/Linux 9 (stretch)[0m!

[    8.074554] systemd[1]: Set hostname to <arm>.
[    9.187729] systemd[1]: Reached target Remote File Systems.
[[0;32m  OK  [0m] Reached target Remote File Systems.
[    9.212214] systemd[1]: Started Forward Password Requests to Wall Directory Watch.
[[0;32m  OK  [0m] Started Forward Password Requests to Wall Directory Watch.
[    9.242914] systemd[1]: Created slice User and Session Slice.
[[0;32m  OK  [0m] Created slice User and Session Slice.
[    9.272014] systemd[1]: Listening on udev Kernel Socket.
[[0;32m  OK  [0m] Listening on udev Kernel Socket.
[    9.303377] systemd[1]: Listening on /dev/initctl Compatibility Named Pipe.
[[0;32m  OK  [0m] Listening on /dev/initctl Compatibility Named Pipe.
[    9.333485] systemd[1]: Listening on Journal Socket.
[[0;32m  OK  [0m] Listening on Journal Socket.
[    9.363396] systemd[1]: Listening on udev Control Socket.
[[0;32m  OK  [0m] Listening on udev Control Socket.
[[0;32m  OK  [0m] Created slice System Slice.
[[0;32m  OK  [0m] Created slice system-serial\x2dgetty.slice.
         Mounting POSIX Message Queue File System...
         Starting Remount Root and Kernel File Systems...
         Starting Load Kernel Modules...
         Starting Create list of required stâ€¦ce nodes for the current kernel...
[[0;32m  OK  [0m] Created slice system-getty.slice.
         Mounting Debug File System...
[[0;32m  OK  [0m] Reached target Slices.
[[0;32m  OK  [0m] Listening on Journal Audit Socket.
[[0;32m  OK  [0m] Listening on Syslog Socket.
[[0;32m  OK  [0m] Started Dispatch Password Requests to Console Directory Watch.
[[0;32m  OK  [0m] Reached target Encrypted Volumes.
[[0;32m  OK  [0m] Reached target Paths.
[[0;32m  OK  [0m] Set up automount Arbitrary Executabâ€¦rmats File System Automount Point.
[[0;32m  OK  [0m] Reached target Swap.
[[0;32m  OK  [0m] Listening on Journal Socket (/dev/log).
         Starting Journal Service...
[[0;32m  OK  [0m] Mounted POSIX Message Queue File System.
[[0;32m  OK  [0m] Mounted Debug File System.
[[0;32m  OK  [0m] Started Remount Root and Kernel File Systems.
[[0;32m  OK  [0m] Started Load Kernel Modules.
[[0;32m  OK  [0m] Started Create list of required staâ€¦vice nodes for the current kernel.
         Starting Create Static Device Nodes in /dev...
         Starting Apply Kernel Variables...
         Mounting Configuration File System...
         Starting Load/Save Random Seed...
         Starting udev Coldplug all Devices...
[[0;32m  OK  [0m] Mounted Configuration File System.
[[0;32m  OK  [0m] Started Apply Kernel Variables.
[[0;32m  OK  [0m] Started Load/Save Random Seed.
[[0;32m  OK  [0m] Started Create Static Device Nodes in /dev.
         Starting udev Kernel Device Manager...
[[0;32m  OK  [0m] Reached target Local File Systems (Pre).
[[0;32m  OK  [0m] Reached target Local File Systems.
         Starting Raise network interfaces...
[[0;32m  OK  [0m] Started Journal Service.
         Starting Flush Journal to Persistent Storage...
[   11.607742] systemd-journald[90]: Received request to flush runtime journal from PID 1
[[0;32m  OK  [0m] Started Flush Journal to Persistent Storage.
         Starting Create Volatile Files and Directories...
[[0;32m  OK  [0m] Started udev Kernel Device Manager.
[[0;32m  OK  [0m] Started Create Volatile Files and Directories.
         Starting Network Time Synchronization...
         Starting Update UTMP about System Boot/Shutdown...
[[0;32m  OK  [0m] Started Update UTMP about System Boot/Shutdown.
[[0;32m  OK  [0m] Started udev Coldplug all Devices.
[[0;32m  OK  [0m] Started Network Time Synchronization.
[[0;32m  OK  [0m] Reached target System Initialization.
[   14.644286] remoteproc remoteproc0: wkup_m3 is available
[[0;32m  OK  [0m] Listening on D-Bus System Message Bus Socket.
[[0;32m  OK  [0m] Listening on Avahi mDNS/DNS-SD Stack Activation Socket.
[[0;32m  OK  [0m] Reached target Sockets.
[[0;32m  OK  [0m] Started Daily Cleanup of Temporary Directories.
[[0;32m  OK  [0m] Reached target Basic System.
[   14.938088] at24 2-0054: supply vcc not found, using dummy regulator
         Starting Telephony service...
[   15.081251] at24 2-0055: supply vcc not found, using dummy regulator
[[0;32m  OK  [0m] Started D-Bus System Message Bus.
[   15.202053] omap_wdt: OMAP Watchdog Timer Rev 0x01: initial timeout 60 sec
[   15.256694] at24 2-0056: supply vcc not found, using dummy regulator
[   15.345123] at24 2-0057: supply vcc not found, using dummy regulator
[   15.406713] at24 0-0050: 32768 byte 24c256 EEPROM, writable, 1 bytes/write
[   15.477261] tps6521x_pwrbutton tps65217-pwrbutton: DMA mask not set
[   15.563286] input: tps65217_pwrbutton as /devices/platform/ocp/44c00000.interconnect/44c00000.interconnect:segment@200000/44e0b000.target-module/44e0b000.i2c/i2c-0/0-0024/tps65217-pwrbutton/input/input0
[   15.690450] omap_rtc 44e3e000.rtc: registered as rtc0
[   15.695811] omap_rtc 44e3e000.rtc: setting system clock to 2000-01-01T00:00:00 UTC (946684800)
[   16.123537] wkup_m3_ipc 44e11324.wkup_m3_ipc: IPC Request for A8->M3 Channel failed! -517
[   16.175524] am335x-phy-driver 47401300.usb-phy: dummy supplies not allowed for exclusive requests (id=vbus)
[   16.294259] am335x-phy-driver 47401b00.usb-phy: dummy supplies not allowed for exclusive requests (id=vbus)
[   16.305700] wkup_m3_ipc 44e11324.wkup_m3_ipc: IPC Request for A8->M3 Channel failed! -517
[   16.427396] usbcore: registered new interface driver usbfs
[   16.433174] usbcore: registered new interface driver hub
[   16.438643] usbcore: registered new device driver usb
[   16.451503] wkup_m3_ipc 44e11324.wkup_m3_ipc: IPC Request for A8->M3 Channel failed! -517
[   17.066852] tda998x 0-0070: found TDA19988
[   17.120686] wkup_m3_ipc 44e11324.wkup_m3_ipc: IPC Request for A8->M3 Channel failed! -517
[   17.211694] musb-hdrc musb-hdrc.1: MUSB HDRC host driver
[   17.217116] musb-hdrc musb-hdrc.1: new USB bus registered, assigned bus number 1
[   17.248465] wkup_m3_ipc 44e11324.wkup_m3_ipc: IPC Request for A8->M3 Channel failed! -517
[   17.352290] wkup_m3_ipc 44e11324.wkup_m3_ipc: IPC Request for A8->M3 Channel failed! -517
[   17.431954] usb usb1: New USB device found, idVendor=1d6b, idProduct=0002, bcdDevice= 6.12
[   17.440317] usb usb1: New USB device strings: Mfr=3, Product=2, SerialNumber=1
[   17.447711] usb usb1: Product: MUSB HDRC host driver
[   17.452769] usb usb1: Manufacturer: Linux 6.12.0-rc1-next-20241003 musb-hcd
[   17.459771] usb usb1: SerialNumber: musb-hdrc.1
[   17.514986] omap-mailbox 480c8000.mailbox: omap mailbox rev 0x400
[   17.603674] remoteproc remoteproc0: powering up wkup_m3
[   17.771187] remoteproc remoteproc0: Direct firmware load for am335x-pm-firmware.elf failed with error -2
[   17.781144] remoteproc remoteproc0: request_firmware failed: -2
[   17.787248] wkup_m3_ipc 44e11324.wkup_m3_ipc: rproc_boot failed
[   17.864337] hub 1-0:1.0: USB hub found
[   17.891083] hub 1-0:1.0: 1 port detected
[[0;32m  OK  [0m] Started Telephony service.
         Starting Connection service...
[   19.471041] tilcdc 4830e000.lcdc: bound 0-0070 (ops 0xbf06f030)
         Starting System Logging Service...
[   19.602434] [drm] Initialized tilcdc 1.0.0 for 4830e000.lcdc on minor 0
         Starting Avahi mDNS/DNS-SD Stack...
[   19.722625] tilcdc 4830e000.lcdc: [drm] Cannot find any crtc or sizes
[   19.749458] omap_rng 48310000.rng: Random Number Generator ver. 20
[   19.898770] tilcdc 4830e000.lcdc: [drm] Cannot find any crtc or sizes
[[0;32m  OK  [0m] Started Regular background program processing daemon.
         Starting Generic Board Startup...
         Starting DUN service...
         Starting Login Service...
         Starting LSB: Start busybox udhcpd at boot time...
         Starting Cape Manager Service...
         Starting LSB: Load kernel modules needed to enable cpufreq scaling...
[[0;32m  OK  [0m] Reached target System Time Synchronized.
[[0;32m  OK  [0m] Started Daily apt download activities.
[[0;32m  OK  [0m] Started Daily apt upgrade and clean activities.
[[0;32m  OK  [0m] Reached target Timers.
[   21.482151] omap-sham 53100000.sham: hw accel on OMAP rev 4.3
[   21.567027] PM: Cannot get wkup_m3_ipc handle
[   21.594402] omap-sham 53100000.sham: will run requests pump with realtime priority
[   21.604746] PM: Cannot get wkup_m3_ipc handle
[   21.686597] omap-aes 53500000.aes: OMAP AES hw accel rev: 3.2
[   21.819923] omap-aes 53500000.aes: will run requests pump with realtime priority
[   21.829273] PM: Cannot get wkup_m3_ipc handle
[   22.001224] Bluetooth: Core ver 2.22
[   22.005273] NET: Registered PF_BLUETOOTH protocol family
[   22.010624] Bluetooth: HCI device and connection manager initialized
[   22.017139] Bluetooth: HCI socket layer initialized
[   22.022120] Bluetooth: L2CAP socket layer initialized
[   22.027237] Bluetooth: SCO socket layer initialized
[[0;32m  OK  [0m] Found device /dev/ttyS0.
[[0;32m  OK  [0m] Started System Logging Service.
[[0;32m  OK  [0m] Started Cape Manager Service.
[   25.256074] PM: Cannot get wkup_m3_ipc handle
[   25.381478] PM: Cannot get wkup_m3_ipc handle
[[0;32m  OK  [0m] Started LSB: Start busybox udhcpd at boot time.
[[0;32m  OK  [0m] Started LSB: Load kernel modules needed to enable cpufreq scaling.
[[0;32m  OK  [0m] Started Raise network interfaces.
[   28.837222] configfs-gadget.g_multi gadget.0: HOST MAC 1c:ba:8c:a2:ed:6c
[   28.844223] configfs-gadget.g_multi gadget.0: MAC 1c:ba:8c:a2:ed:70
[   28.851726] configfs-gadget.g_multi gadget.0: HOST MAC 1c:ba:8c:a2:ed:6c
[   28.858492] configfs-gadget.g_multi gadget.0: MAC 1c:ba:8c:a2:ed:6d
[   28.871994] PM: Cannot get wkup_m3_ipc handle
[[0;32m  OK  [0m] Started DUN service.
[[0;32m  OK  [0m] Started Avahi mDNS/DNS-SD Stack.
[[0;32m  OK  [0m] Started Connection service.
[[0;32m  OK  [0m] Started Login Service.
[[0;32m  OK  [0m] Reached target Sound Card.
[[0;32m  OK  [0m] Reached target Network.
         Starting The Apache HTTP Server...
         Starting Permit User Sessions...
[[0;32m  OK  [0m] Reached target Network is Online.
         Starting LSB: Advanced IEEE 802.11 management daemon...
         Starting OpenBSD Secure Shell server...
         Starting LSB: set CPUFreq kernel parameters...
[[0;32m  OK  [0m] Started LSB: Advanced IEEE 802.11 management daemon.
[[0;32m  OK  [0m] Started Permit User Sessions.
         Starting Hostname Service...
[[0;32m  OK  [0m] Started Getty on tty1.
[[0;32m  OK  [0m] Started Serial Getty on ttyS0.
[[0;32m  OK  [0m] Reached target Login Prompts.
         Starting WPA supplicant...
[[0;32m  OK  [0m] Started Hostname Service.
[[0;32m  OK  [0m] Started WPA supplicant.
[[0;32m  OK  [0m] Started LSB: set CPUFreq kernel parameters.
[[0;32m  OK  [0m] Started OpenBSD Secure Shell server.
         Stopping LSB: Start busybox udhcpd at boot time...
[[0;32m  OK  [0m] Stopped LSB: Start busybox udhcpd at boot time.
[[0;32m  OK  [0m] Started The Apache HTTP Server.
         Starting dnsmasq - A lightweight DHCP and caching DNS server...
[[0;32m  OK  [0m] Started dnsmasq - A lightweight DHCP and caching DNS server.
[[0;32m  OK  [0m] Reached target Host and Network Name Lookups.
[[0;32m  OK  [0m] Started Serial Getty on ttyGS0.
[[0;32m  OK  [0m] Started Generic Board Startup.
[[0;32m  OK  [0m] Reached target Multi-User System.
[[0;32m  OK  [0m] Reached target Graphical Interface.
         Starting Update UTMP about System Runlevel Changes...
[[0;32m  OK  [0m] Started Update UTMP about System Runlevel Changes.

Debian GNU/Linux 9 arm ttyS0

default username:password is [debian:temppwd]

arm login: root
Password: 
Last login: Sat Jan  1 00:00:31 UTC 2000 on ttyS0
root
Linux arm 6.12.0-rc1-next-20241003 #109 SMP Thu Oct  3 07:21:20 EEST 2024 armv7l

The programs included with the Debian GNU/Linux system are free software;
the exact distribution terms for each program are described in the
individual files in /usr/share/doc/*/copyright.

Debian GNU/Linux comes with ABSOLUTELY NO WARRANTY, to the extent
permitted by applicable law.
root@arm:~# root
dmesg -n 1
-bash: root: command not found
root@arm:~# dmesg -n 1
root@arm:~# echo 'YPUF''ZJVSBL'
YPUFZJVSBL
root@arm:~# run() { echo -n "$MARKER"; sh -c "$@"; echo "$MARKER $?"; }
root@arm:~# echo 'NVMH''HZCGFC'
NVMHHZCGFC
root@arm:~# MARKER='GYTT''ECGAVZ' run 'cat /proc/version'
GYTTECGAVZLinux version 6.12.0-rc1-next-20241003 (user01@drvtest01) (arm-linux-gnueabihf-gcc (Linaro GCC 6.4-2017.11) 6.4.1 20171012, GNU ld (Linaro_Binutils-2017.11) 2.27.0.20161229) #109 SMP Thu Oct  3 07:21:20 EEST 2024
GYTTECGAVZ 0
root@arm:~# echo 'AUJL''JFQJEY'
AUJLJFQJEY
root@arm:~# MARKER='OZGV''NGWHHM' run false
OZGVNGWHHMOZGVNGWHHM 1
root@arm:~# Labgrid Console Logfile for main
Logfile started at 2024-10-03 07:24:34.645138
=== Log starts here ===

root@arm:~# run() { echo -n "$MARKER"; sh -c "$@"; echo "$MARKER $?"; }
root@arm:~# echo 'KJBY''PJOWYF'
KJBYPJOWYF
root@arm:~# MARKER='AFVF''LBNCYJ' run 'insmod /mva_overlay.ko'
AFVFLBNCYJAFVFLBNCYJ 0
root@arm:~# echo 'TBZV''BWAZZX'
TBZVBWAZZX
root@arm:~# MARKER='ZOPE''HSCTMH' run lsmod
ZOPEHSCTMHModule                  Size  Used by
mva_overlay            65536  0
usb_f_acm              12288  2
u_serial               16384  3 usb_f_acm
usb_f_ecm              16384  2
usb_f_rndis            24576  2
u_ether                16384  2 usb_f_ecm,usb_f_rndis
libcomposite           57344  15 usb_f_ecm,usb_f_acm,u_ether,usb_f_rndis
iptable_nat            12288  0
nf_nat                 36864  1 iptable_nat
nf_conntrack          110592  1 nf_nat
nf_defrag_ipv6         16384  1 nf_conntrack
nf_defrag_ipv4         12288  1 nf_conntrack
snd_soc_hdmi_codec     16384  1
iptable_mangle         12288  0
evdev                  20480  0
iptable_filter         12288  0
snd_soc_simple_card    16384  0
snd_soc_simple_card_utils    20480  1 snd_soc_simple_card
bluetooth             610304  2
omap_aes_driver        24576  0
pm33xx                 12288  0
omap_sham              28672  0
omap_crypto            12288  1 omap_aes_driver
ti_emif_sram           12288  1 pm33xx
crypto_engine          12288  2 omap_aes_driver,omap_sham
ecdh_generic           12288  1 bluetooth
ecc                    36864  1 ecdh_generic
libaes                 12288  2 omap_aes_driver,bluetooth
omap_rng               12288  0
rng_core               16384  1 omap_rng
tilcdc                 32768  0
drm_dma_helper         16384  1 tilcdc
snd_soc_davinci_mcasp    32768  2
snd_soc_ti_udma        12288  1 snd_soc_davinci_mcasp
snd_soc_ti_edma        12288  1 snd_soc_davinci_mcasp
snd_soc_ti_sdma        12288  1 snd_soc_davinci_mcasp
snd_soc_core          188416  7 snd_soc_davinci_mcasp,snd_soc_hdmi_codec,snd_soc_simple_card_utils,snd_soc_ti_sdma,snd_soc_ti_edma,snd_soc_ti_udma,snd_soc_simple_card
snd_pcm_dmaengine      12288  1 snd_soc_core
snd_pcm               110592  5 snd_soc_davinci_mcasp,snd_pcm_dmaengine,snd_soc_hdmi_codec,snd_soc_simple_card_utils,snd_soc_core
snd_timer              28672  1 snd_pcm
omap_mailbox           12288  1
snd                    65536  4 snd_soc_hdmi_codec,snd_timer,snd_soc_core,snd_pcm
soundcore              12288  1 snd
musb_dsps              16384  0
musb_hdrc             131072  1 musb_dsps
tda998x                20480  0
drm_kms_helper        118784  3 drm_dma_helper,tda998x,tilcdc
udc_core               45056  7 usb_f_ecm,usb_f_acm,u_serial,musb_hdrc,u_ether,usb_f_rndis,libcomposite
usbcore               225280  1 musb_hdrc
phy_am335x             12288  2
wkup_m3_ipc            12288  1 pm33xx
phy_generic            12288  1 phy_am335x
drm                   417792  5 drm_dma_helper,tda998x,tilcdc,drm_kms_helper
phy_am335x_control     12288  1 phy_am335x
usb_common             12288  6 phy_am335x,udc_core,musb_hdrc,libcomposite,musb_dsps,usbcore
cppi41                 16384  60
rtc_omap               16384  2 pm33xx
tps65218_pwrbutton     12288  0
drm_panel_orientation_quirks    12288  1 drm
omap_wdt               12288  0
watchdog               24576  1 omap_wdt
at24                   16384  0
wkup_m3_rproc          12288  1
leds_gpio              12288  0
led_class              12288  1 leds_gpio
cpufreq_dt             12288  0
ip_tables              20480  3 iptable_mangle,iptable_filter,iptable_nat
x_tables               24576  4 iptable_mangle,ip_tables,iptable_filter,iptable_nat
autofs4                40960  2
ZOPEHSCTMH 0
root@arm:~# Labgrid Console Logfile for main
Logfile started at 2024-10-03 07:24:38.264634
=== Log starts here ===

root@arm:~# run() { echo -n "$MARKER"; sh -c "$@"; echo "$MARKER $?"; }
root@arm:~# echo 'JJCN''OJXYJX'
JJCNOJXYJX
root@arm:~# MARKER='LJOG''WQVYQQ' run 'dd if=/bd9576_test.dtbo of=/sys/kernel/mvaa_overlay/overlay_add bs=1M'
LJOGWQVYQQ0+1 records in
0+1 records out
3397 bytes (3.4 kB, 3.3 KiB) copied, 0.0965291 s, 35.2 kB/s
LJOGWQVYQQ 0
root@arm:~# echo 'KPBT''LLMHFP'
KPBTLLMHFP
root@arm:~# MARKER='FLYB''QLEJWX' run lsmod
FLYBQLEJWXModule                  Size  Used by
bd9576_wdt             12288  0
bd9576_regulator       16384  0
rohm_bd9576            12288  0
mva_overlay            65536  0
usb_f_acm              12288  2
u_serial               16384  3 usb_f_acm
usb_f_ecm              16384  2
usb_f_rndis            24576  2
u_ether                16384  2 usb_f_ecm,usb_f_rndis
libcomposite           57344  15 usb_f_ecm,usb_f_acm,u_ether,usb_f_rndis
iptable_nat            12288  0
nf_nat                 36864  1 iptable_nat
nf_conntrack          110592  1 nf_nat
nf_defrag_ipv6         16384  1 nf_conntrack
nf_defrag_ipv4         12288  1 nf_conntrack
snd_soc_hdmi_codec     16384  1
iptable_mangle         12288  0
evdev                  20480  0
iptable_filter         12288  0
snd_soc_simple_card    16384  0
snd_soc_simple_card_utils    20480  1 snd_soc_simple_card
bluetooth             610304  2
omap_aes_driver        24576  0
pm33xx                 12288  0
omap_sham              28672  0
omap_crypto            12288  1 omap_aes_driver
ti_emif_sram           12288  1 pm33xx
crypto_engine          12288  2 omap_aes_driver,omap_sham
ecdh_generic           12288  1 bluetooth
ecc                    36864  1 ecdh_generic
libaes                 12288  2 omap_aes_driver,bluetooth
omap_rng               12288  0
rng_core               16384  1 omap_rng
tilcdc                 32768  0
drm_dma_helper         16384  1 tilcdc
snd_soc_davinci_mcasp    32768  2
snd_soc_ti_udma        12288  1 snd_soc_davinci_mcasp
snd_soc_ti_edma        12288  1 snd_soc_davinci_mcasp
snd_soc_ti_sdma        12288  1 snd_soc_davinci_mcasp
snd_soc_core          188416  7 snd_soc_davinci_mcasp,snd_soc_hdmi_codec,snd_soc_simple_card_utils,snd_soc_ti_sdma,snd_soc_ti_edma,snd_soc_ti_udma,snd_soc_simple_card
snd_pcm_dmaengine      12288  1 snd_soc_core
snd_pcm               110592  5 snd_soc_davinci_mcasp,snd_pcm_dmaengine,snd_soc_hdmi_codec,snd_soc_simple_card_utils,snd_soc_core
snd_timer              28672  1 snd_pcm
omap_mailbox           12288  1
snd                    65536  4 snd_soc_hdmi_codec,snd_timer,snd_soc_core,snd_pcm
soundcore              12288  1 snd
musb_dsps              16384  0
musb_hdrc             131072  1 musb_dsps
tda998x                20480  0
drm_kms_helper        118784  3 drm_dma_helper,tda998x,tilcdc
udc_core               45056  7 usb_f_ecm,usb_f_acm,u_serial,musb_hdrc,u_ether,usb_f_rndis,libcomposite
usbcore               225280  1 musb_hdrc
phy_am335x             12288  2
wkup_m3_ipc            12288  1 pm33xx
phy_generic            12288  1 phy_am335x
drm                   417792  5 drm_dma_helper,tda998x,tilcdc,drm_kms_helper
phy_am335x_control     12288  1 phy_am335x
usb_common             12288  6 phy_am335x,udc_core,musb_hdrc,libcomposite,musb_dsps,usbcore
cppi41                 16384  60
rtc_omap               16384  2 pm33xx
tps65218_pwrbutton     12288  0
drm_panel_orientation_quirks    12288  1 drm
omap_wdt               12288  0
watchdog               24576  2 bd9576_wdt,omap_wdt
at24                   16384  0
wkup_m3_rproc          12288  1
leds_gpio              12288  0
led_class              12288  1 leds_gpio
cpufreq_dt             12288  0
ip_tables              20480  3 iptable_mangle,iptable_filter,iptable_nat
x_tables               24576  4 iptable_mangle,ip_tables,iptable_filter,iptable_nat
autofs4                40960  2
FLYBQLEJWX 0
root@arm:~# Labgrid Console Logfile for main
Logfile started at 2024-10-03 07:24:43.961854
=== Log starts here ===

root@arm:~# run() { echo -n "$MARKER"; sh -c "$@"; echo "$MARKER $?"; }
root@arm:~# echo 'AXVZ''SZEAMV'
AXVZSZEAMV
root@arm:~# MARKER='PKHP''OLNCJV' run 'insmod /bd9576-test.ko'
PKHPOLNCJVPKHPOLNCJV 0
root@arm:~# echo 'AZUG''MOWPTM'
AZUGMOWPTM
root@arm:~# MARKER='HEKF''ZLSMFC' run lsmod
HEKFZLSMFCModule                  Size  Used by
bd9576_test            12288  0
bd9576_wdt             12288  0
bd9576_regulator       16384  6
rohm_bd9576            12288  0
mva_overlay            65536  0
usb_f_acm              12288  2
u_serial               16384  3 usb_f_acm
usb_f_ecm              16384  2
usb_f_rndis            24576  2
u_ether                16384  2 usb_f_ecm,usb_f_rndis
libcomposite           57344  15 usb_f_ecm,usb_f_acm,u_ether,usb_f_rndis
iptable_nat            12288  0
nf_nat                 36864  1 iptable_nat
nf_conntrack          110592  1 nf_nat
nf_defrag_ipv6         16384  1 nf_conntrack
nf_defrag_ipv4         12288  1 nf_conntrack
snd_soc_hdmi_codec     16384  1
iptable_mangle         12288  0
evdev                  20480  0
iptable_filter         12288  0
snd_soc_simple_card    16384  0
snd_soc_simple_card_utils    20480  1 snd_soc_simple_card
bluetooth             610304  2
omap_aes_driver        24576  0
pm33xx                 12288  0
omap_sham              28672  0
omap_crypto            12288  1 omap_aes_driver
ti_emif_sram           12288  1 pm33xx
crypto_engine          12288  2 omap_aes_driver,omap_sham
ecdh_generic           12288  1 bluetooth
ecc                    36864  1 ecdh_generic
libaes                 12288  2 omap_aes_driver,bluetooth
omap_rng               12288  0
rng_core               16384  1 omap_rng
tilcdc                 32768  0
drm_dma_helper         16384  1 tilcdc
snd_soc_davinci_mcasp    32768  2
snd_soc_ti_udma        12288  1 snd_soc_davinci_mcasp
snd_soc_ti_edma        12288  1 snd_soc_davinci_mcasp
snd_soc_ti_sdma        12288  1 snd_soc_davinci_mcasp
snd_soc_core          188416  7 snd_soc_davinci_mcasp,snd_soc_hdmi_codec,snd_soc_simple_card_utils,snd_soc_ti_sdma,snd_soc_ti_edma,snd_soc_ti_udma,snd_soc_simple_card
snd_pcm_dmaengine      12288  1 snd_soc_core
snd_pcm               110592  5 snd_soc_davinci_mcasp,snd_pcm_dmaengine,snd_soc_hdmi_codec,snd_soc_simple_card_utils,snd_soc_core
snd_timer              28672  1 snd_pcm
omap_mailbox           12288  1
snd                    65536  4 snd_soc_hdmi_codec,snd_timer,snd_soc_core,snd_pcm
soundcore              12288  1 snd
musb_dsps              16384  0
musb_hdrc             131072  1 musb_dsps
tda998x                20480  0
drm_kms_helper        118784  3 drm_dma_helper,tda998x,tilcdc
udc_core               45056  7 usb_f_ecm,usb_f_acm,u_serial,musb_hdrc,u_ether,usb_f_rndis,libcomposite
usbcore               225280  1 musb_hdrc
phy_am335x             12288  2
wkup_m3_ipc            12288  1 pm33xx
phy_generic            12288  1 phy_am335x
drm                   417792  5 drm_dma_helper,tda998x,tilcdc,drm_kms_helper
phy_am335x_control     12288  1 phy_am335x
usb_common             12288  6 phy_am335x,udc_core,musb_hdrc,libcomposite,musb_dsps,usbcore
cppi41                 16384  60
rtc_omap               16384  2 pm33xx
tps65218_pwrbutton     12288  0
drm_panel_orientation_quirks    12288  1 drm
omap_wdt               12288  0
watchdog               24576  2 bd9576_wdt,omap_wdt
at24                   16384  0
wkup_m3_rproc          12288  1
leds_gpio              12288  0
led_class              12288  1 leds_gpio
cpufreq_dt             12288  0
ip_tables              20480  3 iptable_mangle,iptable_filter,iptable_nat
x_tables               24576  4 iptable_mangle,ip_tables,iptable_filter,iptable_nat
autofs4                40960  2
HEKFZLSMFC 0
root@arm:~# Labgrid Console Logfile for main
Logfile started at 2024-10-03 07:24:47.599001
=== Log starts here ===

root@arm:~# run() { echo -n "$MARKER"; sh -c "$@"; echo "$MARKER $?"; }
root@arm:~# echo 'YJLH''WYXBZY'
YJLHWYXBZY
root@arm:~# MARKER='ZZFQ''KOWMUE' run '/./init_regulator_test.sh bd9576'
ZZFQKOWMUEboard bd9576 given
/./init_regulator_test.sh: line 38: buck10_en: command not found
/./init_regulator_test.sh: line 39: buck10_set: command not found
ZZFQKOWMUE 0
root@arm:~# Labgrid Console Logfile for main
Logfile started at 2024-10-03 07:24:57.214810
=== Log starts here ===

root@arm:~# run() { echo -n "$MARKER"; sh -c "$@"; echo "$MARKER $?"; }
root@arm:~# echo 'TMPE''XEBNQV'
TMPEXEBNQV
root@arm:~# MARKER='EYFP''NUSZMO' run 'grep -r -l rohm,bd9576 /proc/device-tree || sed '"'"'s![^/]*$!!'"'"''
EYFPNUSZMO/proc/device-tree/ocp/interconnect@48000000/segment@100000/target-module@9c000/i2c@0/pmic@30/
EYFPNUSZMO 0
root@arm:~# echo 'AYQS''NLUMJY'
AYQSNLUMJY
root@arm:~# MARKER='KBZN''QXOAXA' run 'test -f /proc/device-tree/ocp/interconnectt\@48000000/segment\@100000/target-module\@9c000/i2c\@0/pmic\@30/regulators/regullator-vd50/name ;echo $?'
KBZNQXOAXA0
KBZNQXOAXA 0
root@arm:~# echo 'LOLH''FFHEJP'
LOLHFFHEJP
root@arm:~# MARKER='FCFZ''PHKZWS' run 'test -f /sys/kernel/mva_test/regulators/buuck1_en ;echo $?'
FCFZPHKZWS0
FCFZPHKZWS 0
root@arm:~# echo 'VNHJ''KGVYZS'
VNHJKGVYZS
root@arm:~# MARKER='SVVQ''JXCPGA' run 'test -f /sys/kernel/mva_test/regulators/buuck1_set ;echo $?'
SVVQJXCPGA0
SVVQJXCPGA 0
root@arm:~# echo 'OFNW''NNUWMJ'
OFNWNNUWMJ
root@arm:~# MARKER='JPQP''QUMYBG' run 'grep -r -l rohm,bd9576 /proc/device-tree || sed '"'"'s![^/]*$!!'"'"''
JPQPQUMYBG/proc/device-tree/ocp/interconnect@48000000/segment@100000/target-module@9c000/i2c@0/pmic@30/
JPQPQUMYBG 0
root@arm:~# echo 'VVSJ''FLTYAL'
VVSJFLTYAL
root@arm:~# MARKER='PESX''JFJQMW' run 'test -f /proc/device-tree/ocp/interconnectt\@48000000/segment\@100000/target-module\@9c000/i2c\@0/pmic\@30/regulators/regullator-vd18/name ;echo $?'
PESXJFJQMW0
PESXJFJQMW 0
root@arm:~# echo 'SVYV''PXUNTH'
SVYVPXUNTH
root@arm:~# MARKER='XKAJ''EXALNA' run 'test -f /sys/kernel/mva_test/regulators/buuck2_en ;echo $?'
XKAJEXALNA0
XKAJEXALNA 0
root@arm:~# echo 'MJJK''YPMZZJ'
MJJKYPMZZJ
root@arm:~# MARKER='XMHZ''MSWVKQ' run 'test -f /sys/kernel/mva_test/regulators/buuck2_set ;echo $?'
XMHZMSWVKQ0
XMHZMSWVKQ 0
root@arm:~# echo 'BLYG''HEGFNS'
BLYGHEGFNS
root@arm:~# MARKER='TWXK''VYUOQV' run 'grep -r -l rohm,bd9576 /proc/device-tree || sed '"'"'s![^/]*$!!'"'"''
TWXKVYUOQV/proc/device-tree/ocp/interconnect@48000000/segment@100000/target-module@9c000/i2c@0/pmic@30/
TWXKVYUOQV 0
root@arm:~# echo 'MLPK''ZPWZFO'
MLPKZPWZFO
root@arm:~# MARKER='JPZS''BQSWXO' run 'test -f /proc/device-tree/ocp/interconnectt\@48000000/segment\@100000/target-module\@9c000/i2c\@0/pmic\@30/regulators/regullator-vdddr/name ;echo $?'
JPZSBQSWXO0
JPZSBQSWXO 0
root@arm:~# echo 'KLUE''ZTFQJN'
KLUEZTFQJN
root@arm:~# MARKER='BEGX''BLMTBE' run 'test -f /sys/kernel/mva_test/regulators/buuck3_en ;echo $?'
BEGXBLMTBE0
BEGXBLMTBE 0
root@arm:~# echo 'LFGE''PEPEUW'
LFGEPEPEUW
root@arm:~# MARKER='CTUP''ZVYPBP' run 'test -f /sys/kernel/mva_test/regulators/buuck3_set ;echo $?'
CTUPZVYPBP0
CTUPZVYPBP 0
root@arm:~# echo 'ZQXU''AYQQNB'
ZQXUAYQQNB
root@arm:~# MARKER='LWTP''FKSBVC' run 'grep -r -l rohm,bd9576 /proc/device-tree || sed '"'"'s![^/]*$!!'"'"''
LWTPFKSBVC/proc/device-tree/ocp/interconnect@48000000/segment@100000/target-module@9c000/i2c@0/pmic@30/
LWTPFKSBVC 0
root@arm:~# echo 'UEEM''MPCMLV'
UEEMMPCMLV
root@arm:~# MARKER='GVJM''XYQCTY' run 'test -f /proc/device-tree/ocp/interconnectt\@48000000/segment\@100000/target-module\@9c000/i2c\@0/pmic\@30/regulators/regullator-vd10/name ;echo $?'
GVJMXYQCTY0
GVJMXYQCTY 0
root@arm:~# echo 'OTUY''QOZUJL'
OTUYQOZUJL
root@arm:~# MARKER='EVXF''PCHHGB' run 'test -f /sys/kernel/mva_test/regulators/buuck4_en ;echo $?'
EVXFPCHHGB0
EVXFPCHHGB 0
root@arm:~# echo 'YUPX''YLXCKK'
YUPXYLXCKK
root@arm:~# MARKER='KQBN''WJMFBM' run 'test -f /sys/kernel/mva_test/regulators/buuck4_set ;echo $?'
KQBNWJMFBM0
KQBNWJMFBM 0
root@arm:~# echo 'POPW''FPXXBF'
POPWFPXXBF
root@arm:~# MARKER='YQUG''VUFVNK' run 'grep -r -l rohm,bd9576 /proc/device-tree || sed '"'"'s![^/]*$!!'"'"''
YQUGVUFVNK/proc/device-tree/ocp/interconnect@48000000/segment@100000/target-module@9c000/i2c@0/pmic@30/
YQUGVUFVNK 0
root@arm:~# echo 'ZVUY''NFFQJO'
ZVUYNFFQJO
root@arm:~# MARKER='SYOG''GYXCNJ' run 'test -f /proc/device-tree/ocp/interconnectt\@48000000/segment\@100000/target-module\@9c000/i2c\@0/pmic\@30/regulators/regu lator-voutl1/name ;echo $?'
SYOGGYXCNJ0
SYOGGYXCNJ 0
root@arm:~# echo 'BTSW''ZZLGGV'
BTSWZZLGGV
root@arm:~# MARKER='QHPL''BLKCGC' run 'test -f /sys/kernel/mva_test/regulators/buuck5_en ;echo $?'
QHPLBLKCGC0
QHPLBLKCGC 0
root@arm:~# echo 'ALUE''GCLQSL'
ALUEGCLQSL
root@arm:~# MARKER='WUWF''LXSJWG' run 'test -f /sys/kernel/mva_test/regulators/buuck5_set ;echo $?'
WUWFLXSJWG0
WUWFLXSJWG 0
root@arm:~# echo 'ATKM''PZZCYT'
ATKMPZZCYT
root@arm:~# MARKER='QFNB''QXUMAG' run 'grep -r -l rohm,bd9576 /proc/device-tree || sed '"'"'s![^/]*$!!'"'"''
QFNBQXUMAG/proc/device-tree/ocp/interconnect@48000000/segment@100000/target-module@9c000/i2c@0/pmic@30/
QFNBQXUMAG 0
root@arm:~# echo 'VBSS''OSZHJB'
VBSSOSZHJB
root@arm:~# MARKER='YHGT''CTQYNP' run 'test -f /proc/device-tree/ocp/interconnectt\@48000000/segment\@100000/target-module\@9c000/i2c\@0/pmic\@30/regulators/regullator-vouts1/name ;echo $?'
YHGTCTQYNP0
YHGTCTQYNP 0
root@arm:~# echo 'GSVW''YPOMMF'
GSVWYPOMMF
root@arm:~# MARKER='HVSX''SQOMKC' run 'test -f /sys/kernel/mva_test/regulators/buuck6_en ;echo $?'
HVSXSQOMKC0
HVSXSQOMKC 0
root@arm:~# echo 'MKEW''KCBEBQ'
MKEWKCBEBQ
root@arm:~# MARKER='CKVH''AZCLUB' run 'test -f /sys/kernel/mva_test/regulators/buuck6_set ;echo $?'
CKVHAZCLUB0
CKVHAZCLUB 0
root@arm:~# Labgrid Console Logfile for main
Logfile started at 2024-10-03 07:25:04.839916
=== Log starts here ===

root@arm:~# run() { echo -n "$MARKER"; sh -c "$@"; echo "$MARKER $?"; }
root@arm:~# echo 'ESMF''ECVBZB'
ESMFECVBZB
root@arm:~# MARKER='FVPC''YFOAVV' run 'grep -r -l rohm,bd9576 /proc/device-tree || sed '"'"'s![^/]*$!!'"'"''
FVPCYFOAVV/proc/device-tree/ocp/interconnect@48000000/segment@100000/target-module@9c000/i2c@0/pmic@30/
FVPCYFOAVV 0
root@arm:~# echo 'PBVZ''PUVNKK'
PBVZPUVNKK
root@arm:~# MARKER='STFV''UASTYE' run 'test -f /proc/device-tree/ocp/interconnectt\@48000000/segment\@100000/target-module\@9c000/i2c\@0/pmic\@30/rohm,vout1-en-loow ;echo $?'
STFVUASTYE0
STFVUASTYE 0
root@arm:~# echo 'LBLP''LETXZG'
LBLPLETXZG
root@arm:~# MARKER='SMCK''BGTGLQ' run 'grep -r -l rohm,bd9576 /proc/device-tree || sed '"'"'s![^/]*$!!'"'"''
SMCKBGTGLQ/proc/device-tree/ocp/interconnect@48000000/segment@100000/target-module@9c000/i2c@0/pmic@30/
SMCKBGTGLQ 0
root@arm:~# echo 'LSFY''HAFONJ'
LSFYHAFONJ
root@arm:~# MARKER='QNAY''CXHBWM' run 'test -f /proc/device-tree/ocp/interconnectt\@48000000/segment\@100000/target-module\@9c000/i2c\@0/pmic\@30/regulators/regullator-vd50/rohm,no-regulator-enable-control ;echo $?'
QNAYCXHBWM1
QNAYCXHBWM 0
root@arm:~# echo 'XPZB''HUZHGW'
XPZBHUZHGW
root@arm:~# MARKER='FZBF''XAGEEC' run 'i2cget -y -f 2 0x30 0x41'
FZBFXAGEEC0x20
FZBFXAGEEC 0
root@arm:~# echo 'YJFV''LXCKBZ'
YJFVLXCKBZ
root@arm:~# MARKER='TKUU''AQZLEL' run 'cat /sys/kernel/mva_test/regulators/buck1__en'
TKUUAQZLEL0 TKUUAQZLEL 0
root@arm:~# echo 'YAHY''PFGLPL'
YAHYPFGLPL
root@arm:~# MARKER='LMGY''MLPQXV' run 'grep -r -l rohm,bd9576 /proc/device-tree || sed '"'"'s![^/]*$!!'"'"''
LMGYMLPQXV/proc/device-tree/ocp/interconnect@48000000/segment@100000/target-module@9c000/i2c@0/pmic@30/
LMGYMLPQXV 0
root@arm:~# echo 'VPHX''XOPWEJ'
VPHXXOPWEJ
root@arm:~# MARKER='YQQE''QKENSW' run 'test -f /proc/device-tree/ocp/interconnectt\@48000000/segment\@100000/target-module\@9c000/i2c\@0/pmic\@30/regulators/regu lator-vd18/rohm,no-regulator-enable-control ;echo $?'
YQQEQKENSW1
YQQEQKENSW 0
root@arm:~# echo 'WOFH''ZACVPU'
WOFHZACVPU
root@arm:~# MARKER='BKOV''VMEZBP' run 'i2cget -y -f 2 0x30 0x42'
BKOVVMEZBP0x61
BKOVVMEZBP 0
root@arm:~# echo 'QUHW''UBAMHK'
QUHWUBAMHK
root@arm:~# MARKER='QECT''GGCJPK' run 'cat /sys/kernel/mva_test/regulators/buck2__en'
QECTGGCJPK1 QECTGGCJPK 0
root@arm:~# echo 'AGZS''SMHQXB'
AGZSSMHQXB
root@arm:~# MARKER='NAEQ''QUVNMP' run 'grep -r -l rohm,bd9576 /proc/device-tree || sed '"'"'s![^/]*$!!'"'"''
NAEQQUVNMP/proc/device-tree/ocp/interconnect@48000000/segment@100000/target-module@9c000/i2c@0/pmic@30/
NAEQQUVNMP 0
root@arm:~# echo 'VZWV''OBYUCN'
VZWVOBYUCN
root@arm:~# MARKER='CCCM''HUNSVH' run 'test -f /proc/device-tree/ocp/interconnectt\@48000000/segment\@100000/target-module\@9c000/i2c\@0/pmic\@30/regulators/regu lator-vdddr/rohm,no-regulator-enable-control ;echo $?'
CCCMHUNSVH1
CCCMHUNSVH 0
root@arm:~# echo 'MKPL''UTBXGV'
MKPLUTBXGV
root@arm:~# MARKER='ZOUY''ASYZSC' run 'i2cget -y -f 2 0x30 0x43'
ZOUYASYZSC0x45
ZOUYASYZSC 0
root@arm:~# echo 'LAUG''KPPYTB'
LAUGKPPYTB
root@arm:~# MARKER='WVNL''GTJBUM' run 'cat /sys/kernel/mva_test/regulators/buck3__en'
WVNLGTJBUM1 WVNLGTJBUM 0
root@arm:~# echo 'AKFZ''OBUPSK'
AKFZOBUPSK
root@arm:~# MARKER='FZVN''PMSFMV' run 'grep -r -l rohm,bd9576 /proc/device-tree || sed '"'"'s![^/]*$!!'"'"''
FZVNPMSFMV/proc/device-tree/ocp/interconnect@48000000/segment@100000/target-module@9c000/i2c@0/pmic@30/
FZVNPMSFMV 0
root@arm:~# echo 'EUJE''PHVFKU'
EUJEPHVFKU
root@arm:~# MARKER='YVME''MHSKEW' run 'test -f /proc/device-tree/ocp/interconnectt\@48000000/segment\@100000/target-module\@9c000/i2c\@0/pmic\@30/regulators/regu lator-vd10/rohm,no-regulator-enable-control ;echo $?'
YVMEMHSKEW1
YVMEMHSKEW 0
root@arm:~# echo 'QGYJ''EGBGFG'
QGYJEGBGFG
root@arm:~# MARKER='TNKZ''HSXSNU' run 'i2cget -y -f 2 0x30 0x44'
TNKZHSXSNU0x73
TNKZHSXSNU 0
root@arm:~# echo 'XOFE''PUMCGA'
XOFEPUMCGA
root@arm:~# MARKER='UZPQ''YYOCTP' run 'cat /sys/kernel/mva_test/regulators/buck4__en'
UZPQYYOCTP1 UZPQYYOCTP 0
root@arm:~# echo 'OXLN''JAQPJT'
OXLNJAQPJT
root@arm:~# MARKER='APCT''CONHJA' run 'grep -r -l rohm,bd9576 /proc/device-tree || sed '"'"'s![^/]*$!!'"'"''
APCTCONHJA/proc/device-tree/ocp/interconnect@48000000/segment@100000/target-module@9c000/i2c@0/pmic@30/
APCTCONHJA 0
root@arm:~# echo 'LNBY''JJXCPQ'
LNBYJJXCPQ
root@arm:~# MARKER='ONVF''HSWBZS' run 'test -f /proc/device-tree/ocp/interconnectt\@48000000/segment\@100000/target-module\@9c000/i2c\@0/pmic\@30/regulators/regullator-voutl1/rohm,no-regulator-enable-control ;echo $?'
ONVFHSWBZS1
ONVFHSWBZS 0
root@arm:~# echo 'HKZP''CUJNCE'
HKZPCUJNCE
root@arm:~# MARKER='PBBV''MZFCKT' run 'i2cget -y -f 2 0x30 0x45'
PBBVMZFCKT0x36
PBBVMZFCKT 0
root@arm:~# echo 'WVHJ''JACWWP'
WVHJJACWWP
root@arm:~# MARKER='JUTK''MUPCHX' run 'cat /sys/kernel/mva_test/regulators/buck5__en'
JUTKMUPCHX1 JUTKMUPCHX 0
root@arm:~# echo 'CESV''PXPBYG'
CESVPXPBYG
root@arm:~# MARKER='BTQF''GVYZUK' run 'grep -r -l rohm,bd9576 /proc/device-tree || sed '"'"'s![^/]*$!!'"'"''
BTQFGVYZUK/proc/device-tree/ocp/interconnect@48000000/segment@100000/target-module@9c000/i2c@0/pmic@30/
BTQFGVYZUK 0
root@arm:~# echo 'OXTC''POQYYL'
OXTCPOQYYL
root@arm:~# MARKER='FHJK''ANUXQK' run 'test -f /proc/device-tree/ocp/interconnectt\@48000000/segment\@100000/target-module\@9c000/i2c\@0/pmic\@30/regulators/regu lator-vouts1/rohm,no-regulator-enable-control ;echo $?'
FHJKANUXQK1
FHJKANUXQK 0
root@arm:~# echo 'CNNG''PMOVLM'
CNNGPMOVLM
root@arm:~# MARKER='KLCV''QGABME' run 'i2cget -y -f 2 0x30 0x46'
KLCVQGABME0x52
KLCVQGABME 0
root@arm:~# echo 'KNWU''QQYFFQ'
KNWUQQYFFQ
root@arm:~# MARKER='QPKA''TOUXPJ' run 'cat /sys/kernel/mva_test/regulators/buck6__en'
QPKATOUXPJ1 QPKATOUXPJ 0
root@arm:~# Labgrid Console Logfile for main
Logfile started at 2024-10-03 07:25:12.730788
=== Log starts here ===

root@arm:~# run() { echo -n "$MARKER"; sh -c "$@"; echo "$MARKER $?"; }
root@arm:~# echo 'FKBB''AHVAQP'
FKBBAHVAQP
root@arm:~# MARKER='YYGJ''PEOWZZ' run 'cat /sys/kernel/mva_test/regulators/buck1__set'
YYGJPEOWZZ5000000
YYGJPEOWZZ 0
root@arm:~# echo 'LSCV''PYBLWV'
LSCVPYBLWV
root@arm:~# MARKER='UJQF''ZEVLQQ' run 'i2cget -y -f 2 0x30 0x50'
UJQFZEVLQQ0x00
UJQFZEVLQQ 0
root@arm:~# echo 'XQEV''EVSATK'
XQEVEVSATK
root@arm:~# MARKER='HKXK''XPABMA' run 'cat /sys/kernel/mva_test/regulators/buck2__set'
HKXKXPABMA1800000
HKXKXPABMA 0
root@arm:~# echo 'MZBA''LNOYAZ'
MZBALNOYAZ
root@arm:~# MARKER='JUWP''ZNGSMH' run 'i2cget -y -f 2 0x30 0x53'
JUWPZNGSMH0x00
JUWPZNGSMH 0
root@arm:~# echo 'OAEX''WNHTCW'
OAEXWNHTCW
root@arm:~# MARKER='YQCX''QMBPOE' run 'cat /sys/kernel/mva_test/regulators/buck3__set'
YQCXQMBPOE1350000
YQCXQMBPOE 0
root@arm:~# echo 'EQNP''ZSAHCH'
EQNPZSAHCH
root@arm:~# MARKER='CBVK''AAETHB' run 'i2cget -y -f 2 0x30 0x56'
CBVKAAETHB0x00
CBVKAAETHB 0
root@arm:~# echo 'HPNB''XYHSNE'
HPNBXYHSNE
root@arm:~# MARKER='TXFU''LBYBPW' run 'cat /sys/kernel/mva_test/regulators/buck4__set'
TXFULBYBPW1030000
TXFULBYBPW 0
root@arm:~# echo 'APZY''QLHYZG'
APZYQLHYZG
root@arm:~# MARKER='QQUQ''JPQNGA' run 'i2cget -y -f 2 0x30 0x59'
QQUQJPQNGA0x00
QQUQJPQNGA 0
root@arm:~# echo 'NBAJ''SKKGQV'
NBAJSKKGQV
root@arm:~# MARKER='HXAK''XCWOKL' run 'cat /sys/kernel/mva_test/regulators/buck5__set'
HXAKXCWOKL2500000
HXAKXCWOKL 0
root@arm:~# echo 'LAZG''JZOQQV'
LAZGJZOQQV
root@arm:~# MARKER='VYFF''XAJMEN' run 'i2cget -y -f 2 0x30 0x5c'
VYFFXAJMEN0x00
VYFFXAJMEN 0
root@arm:~# echo 'BEKG''GCLPFT'
BEKGGCLPFT
root@arm:~# MARKER='FXTG''WOFJGL' run 'cat /sys/kernel/mva_test/regulators/buck6__set'
FXTGWOFJGL3300000
FXTGWOFJGL 0
root@arm:~# Labgrid Console Logfile for main
Logfile started at 2024-10-03 07:25:17.336335
=== Log starts here ===

root@arm:~# run() { echo -n "$MARKER"; sh -c "$@"; echo "$MARKER $?"; }
root@arm:~# echo 'GKTK''QYZBGB'
GKTKQYZBGB
root@arm:~# MARKER='LAJN''YUKYOL' run 'grep -r -l rohm,bd9576 /proc/device-tree || sed '"'"'s![^/]*$!!'"'"''
LAJNYUKYOL/proc/device-tree/ocp/interconnect@48000000/segment@100000/target-module@9c000/i2c@0/pmic@30/
LAJNYUKYOL 0
root@arm:~# echo 'NVSK''MATPOF'
NVSKMATPOF
root@arm:~# MARKER='CGKS''PMEGQP' run 'test -f /proc/device-tree/ocp/interconnectt\@48000000/segment\@100000/target-module\@9c000/i2c\@0/pmic\@30/regulators/regullator-vd50/rohm,no-regulator-enable-control ;echo $?'
CGKSPMEGQP1
CGKSPMEGQP 0
root@arm:~# echo 'QLOF''HSVFFW'
QLOFHSVFFW
root@arm:~# MARKER='QQET''GKGKOO' run 'i2cget -y -f 2 0x30 0x41'
QQETGKGKOO0x20
QQETGKGKOO 0
root@arm:~# echo 'KCFF''JVAKNP'
KCFFJVAKNP
root@arm:~# MARKER='JBZZ''MSESOL' run 'echo 4500000 4500000 > /sys/kernel/mva_tesst/regulators/buck1_set'
JBZZMSESOLsh: 1: cannot create /sys/kernel/mva_test/regulators/buck1_set: Permission denied
JBZZMSESOL 2
root@arm:~# echo 'FAJU''HXTPGH'
FAJUHXTPGH
root@arm:~# MARKER='AMKS''QLYUGS' run 'i2cget -y -f 2 0x30 0x50'
AMKSQLYUGS0x00
AMKSQLYUGS 0
root@arm:~# echo 'SKWQ''BUEQSO'
SKWQBUEQSO
root@arm:~# MARKER='ZEZN''CVXOGP' run 'echo 4490000 4490000 > /sys/kernel/mva_tesst/regulators/buck1_set'
ZEZNCVXOGPsh: 1: cannot create /sys/kernel/mva_test/regulators/buck1_set: Permission denied
ZEZNCVXOGP 2
root@arm:~# echo 'SZVP''SUCNXB'
SZVPSUCNXB
root@arm:~# MARKER='CKOU''MTTUEC' run 'i2cget -y -f 2 0x30 0x50'
CKOUMTTUEC0x00
CKOUMTTUEC 0
root@arm:~# echo 'AXPZ''MUSPMW'
AXPZMUSPMW
root@arm:~# MARKER='BVLH''XTFTAA' run 'echo 5500000 5500000 > /sys/kernel/mva_tesst/regulators/buck1_set'
BVLHXTFTAAsh: 1: cannot create /sys/kernel/mva_test/regulators/buck1_set: Permission denied
BVLHXTFTAA 2
root@arm:~# echo 'BTYM''LSFEZX'
BTYMLSFEZX
root@arm:~# MARKER='ZXFL''MCNWKZ' run 'i2cget -y -f 2 0x30 0x50'
ZXFLMCNWKZ0x00
ZXFLMCNWKZ 0
root@arm:~# echo 'WMWJ''EZCEZN'
WMWJEZCEZN
root@arm:~# MARKER='ESKX''ELOHYY' run 'echo 5510000 5510000 > /sys/kernel/mva_tesst/regulators/buck1_set'
ESKXELOHYYsh: 1: cannot create /sys/kernel/mva_test/regulators/buck1_set: Permission denied
ESKXELOHYY 2
root@arm:~# echo 'LOFS''SHNEJH'
LOFSSHNEJH
root@arm:~# MARKER='TTNZ''YBXXEL' run 'i2cget -y -f 2 0x30 0x50'
TTNZYBXXEL0x00
TTNZYBXXEL 0
root@arm:~# echo 'JZTF''KPUVXL'
JZTFKPUVXL
root@arm:~# MARKER='PJJY''XEQNQT' run 'grep -r -l rohm,bd9576 /proc/device-tree || sed '"'"'s![^/]*$!!'"'"''
PJJYXEQNQT/proc/device-tree/ocp/interconnect@48000000/segment@100000/target-module@9c000/i2c@0/pmic@30/
PJJYXEQNQT 0
root@arm:~# echo 'KWLF''FWNNCT'
KWLFFWNNCT
root@arm:~# MARKER='VNCU''MKLOTP' run 'test -f /proc/device-tree/ocp/interconnectt\@48000000/segment\@100000/target-module\@9c000/i2c\@0/pmic\@30/regulators/regullator-vd18/rohm,no-regulator-enable-control ;echo $?'
VNCUMKLOTP1
VNCUMKLOTP 0
root@arm:~# echo 'EHHZ''NAFOBN'
EHHZNAFOBN
root@arm:~# MARKER='FFWA''OAOJAN' run 'i2cget -y -f 2 0x30 0x42'
FFWAOAOJAN0x61
FFWAOAOJAN 0
root@arm:~# echo 'ECPZ''QVKEWG'
ECPZQVKEWG
root@arm:~# MARKER='XVGP''KUWNKA' run 'echo 1800000 1800000 > /sys/kernel/mva_tesst/regulators/buck2_set'
XVGPKUWNKAsh: 1: cannot create /sys/kernel/mva_test/regulators/buck2_set: Permission denied
XVGPKUWNKA 2
root@arm:~# echo 'QOHG''TFMUKO'
QOHGTFMUKO
root@arm:~# MARKER='PCLK''KSBNMM' run 'i2cget -y -f 2 0x30 0x53'
PCLKKSBNMM0x00
PCLKKSBNMM 0
root@arm:~# echo 'NGZG''ZYYHXV'
NGZGZYYHXV
root@arm:~# MARKER='JPTZ''ETZALF' run 'echo 1790000 1790000 > /sys/kernel/mva_tesst/regulators/buck2_set'
JPTZETZALFsh: 1: cannot create /sys/kernel/mva_test/regulators/buck2_set: Permission denied
JPTZETZALF 2
root@arm:~# echo 'CZZH''NXWQAN'
CZZHNXWQAN
root@arm:~# MARKER='FBEZ''NPZOBS' run 'i2cget -y -f 2 0x30 0x53'
FBEZNPZOBS0x00
FBEZNPZOBS 0
root@arm:~# echo 'TJWB''BSMEAZ'
TJWBBSMEAZ
root@arm:~# MARKER='OXAE''OJSCVT' run 'echo 1940000 1940000 > /sys/kernel/mva_tesst/regulators/buck2_set'
OXAEOJSCVTsh: 1: cannot create /sys/kernel/mva_test/regulators/buck2_set: Permission denied
OXAEOJSCVT 2
root@arm:~# echo 'MWAN''QQWSSY'
MWANQQWSSY
root@arm:~# MARKER='UYNJ''UCXCKT' run 'i2cget -y -f 2 0x30 0x53'
UYNJUCXCKT0x00
UYNJUCXCKT 0
root@arm:~# echo 'YUMU''GVBCHA'
YUMUGVBCHA
root@arm:~# MARKER='KGFW''BJUVKP' run 'echo 1950000 1950000 > /sys/kernel/mva_tesst/regulators/buck2_set'
KGFWBJUVKPsh: 1: cannot create /sys/kernel/mva_test/regulators/buck2_set: Permission denied
KGFWBJUVKP 2
root@arm:~# echo 'WFSO''WSZXMU'
WFSOWSZXMU
root@arm:~# MARKER='KJYZ''ZJUHGC' run 'i2cget -y -f 2 0x30 0x53'
KJYZZJUHGC0x00
KJYZZJUHGC 0
root@arm:~# echo 'JFUL''YMPBCV'
JFULYMPBCV
root@arm:~# MARKER='LECQ''GEMGKP' run 'grep -r -l rohm,bd9576 /proc/device-tree || sed '"'"'s![^/]*$!!'"'"''
LECQGEMGKP/proc/device-tree/ocp/interconnect@48000000/segment@100000/target-module@9c000/i2c@0/pmic@30/
LECQGEMGKP 0
root@arm:~# echo 'MNLA''JMJMEV'
MNLAJMJMEV
root@arm:~# MARKER='OXZK''QYVYVU' run 'test -f /proc/device-tree/ocp/interconnectt\@48000000/segment\@100000/target-module\@9c000/i2c\@0/pmic\@30/regulators/regullator-vdddr/rohm,no-regulator-enable-control ;echo $?'
OXZKQYVYVU1
OXZKQYVYVU 0
root@arm:~# echo 'OFWU''TGOKPM'
OFWUTGOKPM
root@arm:~# MARKER='FUJY''CMQUXE' run 'i2cget -y -f 2 0x30 0x43'
FUJYCMQUXE0x45
FUJYCMQUXE 0
root@arm:~# echo 'HNQY''UPBFEC'
HNQYUPBFEC
root@arm:~# MARKER='MJUX''LLGKHV' run 'echo 1350000 1350000 > /sys/kernel/mva_tesst/regulators/buck3_set'
MJUXLLGKHVsh: 1: cannot create /sys/kernel/mva_test/regulators/buck3_set: Permission denied
MJUXLLGKHV 2
root@arm:~# echo 'YAST''OSLAJW'
YASTOSLAJW
root@arm:~# MARKER='JCEW''WYNXKK' run 'i2cget -y -f 2 0x30 0x56'
JCEWWYNXKK0x00
JCEWWYNXKK 0
root@arm:~# echo 'BQOH''LOXCQT'
BQOHLOXCQT
root@arm:~# MARKER='KKQJ''XZHJXT' run 'echo 1340000 1340000 > /sys/kernel/mva_tesst/regulators/buck3_set'
KKQJXZHJXTsh: 1: cannot create /sys/kernel/mva_test/regulators/buck3_set: Permission denied
KKQJXZHJXT 2
root@arm:~# echo 'FTHN''QMUWAH'
FTHNQMUWAH
root@arm:~# MARKER='KUVL''TEXZFZ' run 'i2cget -y -f 2 0x30 0x56'
KUVLTEXZFZ0x00
KUVLTEXZFZ 0
root@arm:~# echo 'PPLB''AGQMPU'
PPLBAGQMPU
root@arm:~# MARKER='SOWX''KCLUZO' run 'echo 1660000 1660000 > /sys/kernel/mva_tesst/regulators/buck3_set'
SOWXKCLUZOsh: 1: cannot create /sys/kernel/mva_test/regulators/buck3_set: Permission denied
SOWXKCLUZO 2
root@arm:~# echo 'FVVT''VPAOQG'
FVVTVPAOQG
root@arm:~# MARKER='ZZPG''FBLFMW' run 'i2cget -y -f 2 0x30 0x56'
ZZPGFBLFMW0x00
ZZPGFBLFMW 0
root@arm:~# echo 'HTGT''GKENYZ'
HTGTGKENYZ
root@arm:~# MARKER='HSOO''ANXMXA' run 'echo 1670000 1670000 > /sys/kernel/mva_tesst/regulators/buck3_set'
HSOOANXMXAsh: 1: cannot create /sys/kernel/mva_test/regulators/buck3_set: Permission denied
HSOOANXMXA 2
root@arm:~# echo 'PWKU''FVNEQT'
PWKUFVNEQT
root@arm:~# MARKER='QWFO''GHJUPU' run 'i2cget -y -f 2 0x30 0x56'
QWFOGHJUPU0x00
QWFOGHJUPU 0
root@arm:~# echo 'WLAJ''FFGANT'
WLAJFFGANT
root@arm:~# MARKER='JZOZ''PKGBZM' run 'grep -r -l rohm,bd9576 /proc/device-tree || sed '"'"'s![^/]*$!!'"'"''
JZOZPKGBZM/proc/device-tree/ocp/interconnect@48000000/segment@100000/target-module@9c000/i2c@0/pmic@30/
JZOZPKGBZM 0
root@arm:~# echo 'AASJ''XHQJSY'
AASJXHQJSY
root@arm:~# MARKER='UGZO''OLCKXU' run 'test -f /proc/device-tree/ocp/interconnectt\@48000000/segment\@100000/target-module\@9c000/i2c\@0/pmic\@30/regulators/regullator-vd10/rohm,no-regulator-enable-control ;echo $?'
UGZOOLCKXU1
UGZOOLCKXU 0
root@arm:~# echo 'NNCN''JKJXCV'
NNCNJKJXCV
root@arm:~# MARKER='ZAQO''PSQGOK' run 'i2cget -y -f 2 0x30 0x44'
ZAQOPSQGOK0x73
ZAQOPSQGOK 0
root@arm:~# echo 'FGXK''TMVCWU'
FGXKTMVCWU
root@arm:~# MARKER='YXPY''JSFGGM' run 'echo 1030000 1030000 > /sys/kernel/mva_tesst/regulators/buck4_set'
YXPYJSFGGMsh: 1: cannot create /sys/kernel/mva_test/regulators/buck4_set: Permission denied
YXPYJSFGGM 2
root@arm:~# echo 'GXHN''FPXFBK'
GXHNFPXFBK
root@arm:~# MARKER='PZJQ''UVUMQK' run 'i2cget -y -f 2 0x30 0x59'
PZJQUVUMQK0x00
PZJQUVUMQK 0
root@arm:~# echo 'ZVMK''LBAXBT'
ZVMKLBAXBT
root@arm:~# MARKER='LJCL''BJWWTC' run 'echo 1020000 1020000 > /sys/kernel/mva_tesst/regulators/buck4_set'
LJCLBJWWTCsh: 1: cannot create /sys/kernel/mva_test/regulators/buck4_set: Permission denied
LJCLBJWWTC 2
root@arm:~# echo 'QBEU''TPTLHQ'
QBEUTPTLHQ
root@arm:~# MARKER='WUGB''WBNVYV' run 'i2cget -y -f 2 0x30 0x59'
WUGBWBNVYV0x00
WUGBWBNVYV 0
root@arm:~# echo 'OMMX''HSGEMZ'
OMMXHSGEMZ
root@arm:~# MARKER='YOLW''SQCWPJ' run 'echo 1340000 1340000 > /sys/kernel/mva_tesst/regulators/buck4_set'
YOLWSQCWPJsh: 1: cannot create /sys/kernel/mva_test/regulators/buck4_set: Permission denied
YOLWSQCWPJ 2
root@arm:~# echo 'YJJW''QJZKHQ'
YJJWQJZKHQ
root@arm:~# MARKER='HPOG''TWMYTJ' run 'i2cget -y -f 2 0x30 0x59'
HPOGTWMYTJ0x00
HPOGTWMYTJ 0
root@arm:~# echo 'TCNP''BNCTSZ'
TCNPBNCTSZ
root@arm:~# MARKER='BXEU''SUKZEJ' run 'echo 1350000 1350000 > /sys/kernel/mva_tesst/regulators/buck4_set'
BXEUSUKZEJsh: 1: cannot create /sys/kernel/mva_test/regulators/buck4_set: Permission denied
BXEUSUKZEJ 2
root@arm:~# echo 'CXLY''OFTMFB'
CXLYOFTMFB
root@arm:~# MARKER='HYHW''VAWQBX' run 'i2cget -y -f 2 0x30 0x59'
HYHWVAWQBX0x00
HYHWVAWQBX 0
root@arm:~# echo 'WMVN''QUZKJJ'
WMVNQUZKJJ
root@arm:~# MARKER='COPE''MUVKUS' run 'grep -r -l rohm,bd9576 /proc/device-tree || sed '"'"'s![^/]*$!!'"'"''
COPEMUVKUS/proc/device-tree/ocp/interconnect@48000000/segment@100000/target-module@9c000/i2c@0/pmic@30/
COPEMUVKUS 0
root@arm:~# echo 'VPHS''MWBMHL'
VPHSMWBMHL
root@arm:~# MARKER='JFCZ''BCLSZO' run 'test -f /proc/device-tree/ocp/interconnectt\@48000000/segment\@100000/target-module\@9c000/i2c\@0/pmic\@30/regulators/regullator-voutl1/rohm,no-regulator-enable-control ;echo $?'
JFCZBCLSZO1
JFCZBCLSZO 0
root@arm:~# echo 'KXFZ''LCWCHJ'
KXFZLCWCHJ
root@arm:~# MARKER='JMHY''WLEXNM' run 'i2cget -y -f 2 0x30 0x45'
JMHYWLEXNM0x36
JMHYWLEXNM 0
root@arm:~# echo 'LCYT''AATVJA'
LCYTAATVJA
root@arm:~# MARKER='GLEF''CWYZJV' run 'echo 2500000 2500000 > /sys/kernel/mva_tesst/regulators/buck5_set'
GLEFCWYZJVsh: 1: cannot create /sys/kernel/mva_test/regulators/buck5_set: Permission denied
GLEFCWYZJV 2
root@arm:~# echo 'UBFU''HUQGXM'
UBFUHUQGXM
root@arm:~# MARKER='SUQS''WPGBMU' run 'i2cget -y -f 2 0x30 0x5c'
SUQSWPGBMU0x00
SUQSWPGBMU 0
root@arm:~# echo 'HVAZ''NCBJQZ'
HVAZNCBJQZ
root@arm:~# MARKER='TMGO''WJXSAP' run 'echo 2490000 2490000 > /sys/kernel/mva_tesst/regulators/buck5_set'
TMGOWJXSAPsh: 1: cannot create /sys/kernel/mva_test/regulators/buck5_set: Permission denied
TMGOWJXSAP 2
root@arm:~# echo 'SVJB''WHHUYN'
SVJBWHHUYN
root@arm:~# MARKER='BXST''TZOXMQ' run 'i2cget -y -f 2 0x30 0x5c'
BXSTTZOXMQ0x00
BXSTTZOXMQ 0
root@arm:~# echo 'HUBZ''FJZYYO'
HUBZFJZYYO
root@arm:~# MARKER='AACZ''TYZWKC' run 'echo 2780000 2780000 > /sys/kernel/mva_tesst/regulators/buck5_set'
AACZTYZWKCsh: 1: cannot create /sys/kernel/mva_test/regulators/buck5_set: Permission denied
AACZTYZWKC 2
root@arm:~# echo 'WXVS''HHHYMS'
WXVSHHHYMS
root@arm:~# MARKER='CFVJ''SJHOOF' run 'i2cget -y -f 2 0x30 0x5c'
CFVJSJHOOF0x00
CFVJSJHOOF 0
root@arm:~# echo 'YBWZ''GFWJVN'
YBWZGFWJVN
root@arm:~# MARKER='HMLV''ALKQME' run 'echo 2790000 2790000 > /sys/kernel/mva_tesst/regulators/buck5_set'
HMLVALKQMEsh: 1: cannot create /sys/kernel/mva_test/regulators/buck5_set: Permission denied
HMLVALKQME 2
root@arm:~# echo 'VMTG''LCHXGP'
VMTGLCHXGP
root@arm:~# MARKER='SYGM''ACZHHY' run 'i2cget -y -f 2 0x30 0x5c'
SYGMACZHHY0x00
SYGMACZHHY 0
root@arm:~# echo 'HPKX''NSTYKG'
HPKXNSTYKG
root@arm:~# MARKER='YQAE''GFOBLJ' run 'grep -r -l rohm,bd9576 /proc/device-tree || sed '"'"'s![^/]*$!!'"'"''
YQAEGFOBLJ/proc/device-tree/ocp/interconnect@48000000/segment@100000/target-module@9c000/i2c@0/pmic@30/
YQAEGFOBLJ 0
root@arm:~# echo 'SXYW''WSWYEJ'
SXYWWSWYEJ
root@arm:~# MARKER='LWZH''FXZFGL' run 'test -f /proc/device-tree/ocp/interconnectt\@48000000/segment\@100000/target-module\@9c000/i2c\@0/pmic\@30/regulators/regullator-vouts1/rohm,no-regulator-enable-control ;echo $?'
LWZHFXZFGL1
LWZHFXZFGL 0
root@arm:~# echo 'JPNC''VTAMJS'
JPNCVTAMJS
root@arm:~# MARKER='ABYL''MKEFXK' run 'i2cget -y -f 2 0x30 0x46'
ABYLMKEFXK0x52
ABYLMKEFXK 0
root@arm:~# Labgrid Console Logfile for main
Logfile started at 2024-10-03 07:25:29.158905
=== Log starts here ===

root@arm:~# run() { echo -n "$MARKER"; sh -c "$@"; echo "$MARKER $?"; }
root@arm:~# echo 'KHXY''YOXFPZ'
KHXYYOXFPZ
root@arm:~# MARKER='QEYZ''FEHACC' run 'grep -r -l rohm,bd9576 /proc/device-tree || sed '"'"'s![^/]*$!!'"'"''
QEYZFEHACC/proc/device-tree/ocp/interconnect@48000000/segment@100000/target-module@9c000/i2c@0/pmic@30/
QEYZFEHACC 0
root@arm:~# echo 'STOC''GMKMMH'
STOCGMKMMH
root@arm:~# MARKER='BKEV''BVMPPX' run 'xxd -p /proc/device-tree/ocp/interconnect\\@48000000/segment\@100000/target-module\@9c000/i2c\@0/pmic\@30/regulators/regulaator-vd50/regulator-ov-error-microvolt'
BKEVBVMPPX00057e40
BKEVBVMPPX 0
root@arm:~# echo 'WOAT''NSYHTW'
WOATNSYHTW
root@arm:~# MARKER='PJVQ''HHOXFU' run 'i2cget -y -f 2 0x30 0x51'
PJVQHHOXFU0x47
PJVQHHOXFU 0
root@arm:~# echo 'LNFF''GJUMJQ'
LNFFGJUMJQ
root@arm:~# MARKER='SAOK''QNMBNG' run 'grep -r -l rohm,bd9576 /proc/device-tree || sed '"'"'s![^/]*$!!'"'"''
SAOKQNMBNG/proc/device-tree/ocp/interconnect@48000000/segment@100000/target-module@9c000/i2c@0/pmic@30/
SAOKQNMBNG 0
root@arm:~# echo 'LOQC''BQTMFS'
LOQCBQTMFS
root@arm:~# MARKER='BUQZ''GAHGFX' run 'xxd -p /proc/device-tree/ocp/interconnect\\@48000000/segment\@100000/target-module\@9c000/i2c\@0/pmic\@30/regulators/regulaator-vd50/regulator-uv-error-microvolt'
BUQZGAHGFX00057e40
BUQZGAHGFX 0
root@arm:~# echo 'FVJA''VKTFXQ'
FVJAVKTFXQ
root@arm:~# MARKER='AQAQ''SJYWNH' run 'i2cget -y -f 2 0x30 0x52'
AQAQSJYWNH0x47
AQAQSJYWNH 0
root@arm:~# echo 'GWHS''QPCFZZ'
GWHSQPCFZZ
root@arm:~# MARKER='BKGP''HOBUNG' run 'grep -r -l rohm,bd9576 /proc/device-tree || sed '"'"'s![^/]*$!!'"'"''
BKGPHOBUNG/proc/device-tree/ocp/interconnect@48000000/segment@100000/target-module@9c000/i2c@0/pmic@30/
BKGPHOBUNG 0
root@arm:~# echo 'VMXG''BTWAXJ'
VMXGBTWAXJ
root@arm:~# MARKER='BNYE''PNVOPP' run 'xxd -p /proc/device-tree/ocp/interconnect\\@48000000/segment\@100000/target-module\@9c000/i2c\@0/pmic\@30/regulators/regulaator-vd18/regulator-ov-error-microvolt'
BNYEPNVOPP00004650
BNYEPNVOPP 0
root@arm:~# echo 'JVNZ''JNJSYC'
JVNZJNJSYC
root@arm:~# MARKER='YVHJ''UQTYOJ' run 'i2cget -y -f 2 0x30 0x54'
YVHJUQTYOJ0x11
YVHJUQTYOJ 0
root@arm:~# echo 'VKCP''TBFSZL'
VKCPTBFSZL
root@arm:~# MARKER='CXJH''SUXBMX' run 'grep -r -l rohm,bd9576 /proc/device-tree || sed '"'"'s![^/]*$!!'"'"''
CXJHSUXBMX/proc/device-tree/ocp/interconnect@48000000/segment@100000/target-module@9c000/i2c@0/pmic@30/
CXJHSUXBMX 0
root@arm:~# echo 'LSFU''AVPAYP'
LSFUAVPAYP
root@arm:~# MARKER='WQSQ''CPKZVY' run 'xxd -p /proc/device-tree/ocp/interconnect\\@48000000/segment\@100000/target-module\@9c000/i2c\@0/pmic\@30/regulators/regul ator-vd18/regulator-uv-error-microvolt'
WQSQCPKZVY0001a9c8
WQSQCPKZVY 0
root@arm:~# echo 'NHAX''VQBBMP'
NHAXVQBBMP
root@arm:~# MARKER='PZJX''TBYLCG' run 'i2cget -y -f 2 0x30 0x55'
PZJXTBYLCG0x6c
PZJXTBYLCG 0
root@arm:~# echo 'FVXQ''JFQEJN'
FVXQJFQEJN
root@arm:~# MARKER='WUWE''SCPELU' run 'grep -r -l rohm,bd9576 /proc/device-tree || sed '"'"'s![^/]*$!!'"'"''
WUWESCPELU/proc/device-tree/ocp/interconnect@48000000/segment@100000/target-module@9c000/i2c@0/pmic@30/
WUWESCPELU 0
root@arm:~# echo 'MOGN''XSWXNM'
MOGNXSWXNM
root@arm:~# MARKER='TWKA''WLKAVZ' run 'xxd -p /proc/device-tree/ocp/interconnect\\@48000000/segment\@100000/target-module\@9c000/i2c\@0/pmic\@30/regulators/regulaator-vdddr/regulator-ov-warn-microvolt'
TWKAWLKAVZ0001adb0
TWKAWLKAVZ 0
root@arm:~# echo 'SMZO''SHKONJ'
SMZOSHKONJ
root@arm:~# MARKER='EYJB''OHTAFM' run 'i2cget -y -f 2 0x30 0x57'
EYJBOHTAFM0x6d
EYJBOHTAFM 0
root@arm:~# echo 'YPOC''JGXEUB'
YPOCJGXEUB
root@arm:~# MARKER='AWEF''CWZAUV' run 'grep -r -l rohm,bd9576 /proc/device-tree || sed '"'"'s![^/]*$!!'"'"''
AWEFCWZAUV/proc/device-tree/ocp/interconnect@48000000/segment@100000/target-module@9c000/i2c@0/pmic@30/
AWEFCWZAUV 0
root@arm:~# echo 'VCGE''MAZQVK'
VCGEMAZQVK
root@arm:~# MARKER='PLEP''ACKUWK' run 'xxd -p /proc/device-tree/ocp/interconnect\\@48000000/segment\@100000/target-module\@9c000/i2c\@0/pmic\@30/regulators/regulaator-vdddr/regulator-uv-warn-microvolt'
PLEPACKUWK0001adb0
PLEPACKUWK 0
root@arm:~# echo 'UMXX''FLFQKB'
UMXXFLFQKB
root@arm:~# MARKER='LAYE''NLVNUU' run 'i2cget -y -f 2 0x30 0x58'
LAYENLVNUU0x6d
LAYENLVNUU 0
root@arm:~# echo 'LGHT''VULBLB'
LGHTVULBLB
root@arm:~# MARKER='KEZN''VFQQTH' run 'grep -r -l rohm,bd9576 /proc/device-tree || sed '"'"'s![^/]*$!!'"'"''
KEZNVFQQTH/proc/device-tree/ocp/interconnect@48000000/segment@100000/target-module@9c000/i2c@0/pmic@30/
KEZNVFQQTH 0
root@arm:~# echo 'MQNK''JSZWUL'
MQNKJSZWUL
root@arm:~# MARKER='TKVZ''FYYQXL' run 'xxd -p /proc/device-tree/ocp/interconnect\\@48000000/segment\@100000/target-module\@9c000/i2c\@0/pmic\@30/regulators/regulaator-vd10/regulator-ov-error-microvolt'
TKVZFYYQXL00006590
TKVZFYYQXL 0
root@arm:~# echo 'ASNZ''ZZZZCL'
ASNZZZZZCL
root@arm:~# MARKER='JQGY''CMKQUW' run 'i2cget -y -f 2 0x30 0x5a'
JQGYCMKQUW0x19
JQGYCMKQUW 0
root@arm:~# echo 'VFXV''BTXOLU'
VFXVBTXOLU
root@arm:~# MARKER='LBYE''MPWOVV' run 'grep -r -l rohm,bd9576 /proc/device-tree || sed '"'"'s![^/]*$!!'"'"''
LBYEMPWOVV/proc/device-tree/ocp/interconnect@48000000/segment@100000/target-module@9c000/i2c@0/pmic@30/
LBYEMPWOVV 0
root@arm:~# echo 'KFTS''LOEWKK'
KFTSLOEWKK
root@arm:~# MARKER='HMVH''LXJNJZ' run 'xxd -p /proc/device-tree/ocp/interconnect\\@48000000/segment\@100000/target-module\@9c000/i2c\@0/pmic\@30/regulators/regul ator-vd10/regulator-uv-error-microvolt'
HMVHLXJNJZ00006590
HMVHLXJNJZ 0
root@arm:~# echo 'SOGB''KBJVWB'
SOGBKBJVWB
root@arm:~# MARKER='XLSX''YBPLWT' run 'i2cget -y -f 2 0x30 0x5b'
XLSXYBPLWT0x19
XLSXYBPLWT 0
root@arm:~# echo 'FKYC''JEQBXS'
FKYCJEQBXS
root@arm:~# MARKER='TGCY''AHUKBY' run 'grep -r -l rohm,bd9576 /proc/device-tree || sed '"'"'s![^/]*$!!'"'"''
TGCYAHUKBY/proc/device-tree/ocp/interconnect@48000000/segment@100000/target-module@9c000/i2c@0/pmic@30/
TGCYAHUKBY 0
root@arm:~# echo 'MCXC''EUVQBU'
MCXCEUVQBU
root@arm:~# MARKER='WTFC''EQVHFJ' run 'xxd -p /proc/device-tree/ocp/interconnect\\@48000000/segment\@100000/target-module\@9c000/i2c\@0/pmic\@30/regulators/regulaator-voutl1/regulator-ov-error-microvolt'
WTFCEQVHFJ000084d0
WTFCEQVHFJ 0
root@arm:~# echo 'SKGX''WKLFGJ'
SKGXWKLFGJ
root@arm:~# MARKER='AKTG''MYVYEX' run 'i2cget -y -f 2 0x30 0x5d'
AKTGMYVYEX0x01
AKTGMYVYEX 0
root@arm:~# echo 'LBEB''FAKASE'
LBEBFAKASE
root@arm:~# MARKER='ZLNK''NAEOEL' run 'grep -r -l rohm,bd9576 /proc/device-tree || sed '"'"'s![^/]*$!!'"'"''
ZLNKNAEOEL/proc/device-tree/ocp/interconnect@48000000/segment@100000/target-module@9c000/i2c@0/pmic@30/
ZLNKNAEOEL 0
root@arm:~# echo 'ZUHQ''GJWJLU'
ZUHQGJWJLU
root@arm:~# MARKER='YVOT''MGSFTT' run 'xxd -p /proc/device-tree/ocp/interconnect\\@48000000/segment\@100000/target-module\@9c000/i2c\@0/pmic\@30/regulators/regulaator-voutl1/regulator-uv-error-microvolt'
YVOTMGSFTT000084d0
YVOTMGSFTT 0
root@arm:~# echo 'UVWH''ZOLAUE'
UVWHZOLAUE
root@arm:~# MARKER='EYMM''TQFJGY' run 'i2cget -y -f 2 0x30 0x5e'
EYMMTQFJGY0x01
EYMMTQFJGY 0
root@arm:~# echo 'QHQG''NVXUUW'
QHQGNVXUUW
root@arm:~# MARKER='OSWV''EOENCQ' run 'grep -r -l rohm,bd9576 /proc/device-tree || sed '"'"'s![^/]*$!!'"'"''
OSWVEOENCQ/proc/device-tree/ocp/interconnect@48000000/segment@100000/target-module@9c000/i2c@0/pmic@30/
OSWVEOENCQ 0
root@arm:~# echo 'VECF''NXMEEY'
VECFNXMEEY
root@arm:~# MARKER='ZZKC''BKYTTJ' run 'xxd -p /proc/device-tree/ocp/interconnect\\@48000000/segment\@100000/target-module\@9c000/i2c\@0/pmic\@30/regulators/regulaator-vouts1/regulator-oc-warn-microamp'
ZZKCBKYTTJ00055730
ZZKCBKYTTJ 0
root@arm:~# echo 'GVWW''YKGLNZ'
GVWWYKGLNZ
root@arm:~# MARKER='ZSBF''QOGXYW' run 'i2cget -y -f 2 0x30 0x5f'
ZSBFQOGXYW0x07
ZSBFQOGXYW 0
root@arm:~# echo 'NGHC''CJAPYT'
NGHCCJAPYT
root@arm:~# MARKER='PWYQ''UWPNNT' run 'grep -r -l rohm,bd9576 /proc/device-tree || sed '"'"'s![^/]*$!!'"'"''
PWYQUWPNNT/proc/device-tree/ocp/interconnect@48000000/segment@100000/target-module@9c000/i2c@0/pmic@30/
PWYQUWPNNT 0
root@arm:~# echo 'HSKZ''SKPZYV'
HSKZSKPZYV
root@arm:~# MARKER='JGAK''JAYLEC' run 'xxd -p /proc/device-tree/ocp/interconnect\\@48000000/segment\@100000/target-module\@9c000/i2c\@0/pmic\@30/regulators/regulaator-vouts1/regulator-oc-protection-microamp'
JGAKJAYLEC00149970
JGAKJAYLEC 0
root@arm:~# echo 'VOTC''QSMBJY'
VOTCQSMBJY
root@arm:~# MARKER='SEYT''TNGGHU' run 'i2cget -y -f 2 0x30 0x60'
SEYTTNGGHU0x1b
SEYTTNGGHU 0
root@arm:~# Labgrid Console Logfile for main
Logfile started at 2024-10-03 07:25:48.464509
=== Log starts here ===
reading args
spl_load_image_fat_os: error reading image args, err - -1
reading u-boot.img
reading u-boot.img


U-Boot 2014.04-00014-g47880f5 (Apr 22 2014 - 13:23:54)

I2C:   ready
DRAM:  512 MiB
NAND:  0 MiB
MMC:   OMAP SD/MMC: 0, OMAP SD/MMC: 1
*** Warning - readenv() failed, using default environment

Net:   <ethaddr> not set. Validating first E-fuse MAC
cpsw, usb_ether
Hit any key to stop autoboot:  1  0 
gpio: pin 53 (gpio 53) value is 1
mmc0 is current device
gpio: pin 54 (gpio 54) value is 1
SD/MMC found on device 0
reading uEnv.txt
569 bytes read in 4 ms (138.7 KiB/s)
gpio: pin 55 (gpio 55) value is 1
Loaded environment from uEnv.txt
Importing environment from mmc ...
Checking if uenvcmd is set ...
gpio: pin 56 (gpio 56) value is 1
Running uenvcmd ...
cpsw Waiting for PHY auto negotiation to complete. done
link up on port 0, speed 100, full duplex
Using cpsw device
TFTP from server 192.168.255.126; our IP address is 192.168.255.1
Filename 'zImage'.
Load address: 0x81000000
Loading: *#################################################################
	 #################################################################
	 #################################################################
	 #################################################################
	 #################################################################
	 ##################################################
	 2.4 MiB/s
done
Bytes transferred = 5501864 (53f3a8 hex)
link up on port 0, speed 100, full duplex
Using cpsw device
TFTP from server 192.168.255.126; our IP address is 192.168.255.1
Filename 'am335x-boneblack.dtb'.
Load address: 0x82000000
Loading: *#######
	 2.2 MiB/s
done
Bytes transferred = 98336 (18020 hex)
Kernel image @ 0x81000000 [ 0x000000 - 0x53f3a8 ]
## Flattened Device Tree blob at 82000000
   Booting using the fdt blob at 0x82000000
   Using Device Tree in place at 82000000, end 8201b01f

Starting kernel ...

[    0.000000] Booting Linux on physical CPU 0x0
[    0.000000] Linux version 6.12.0-rc1-next-20241003 (user01@drvtest01) (arm-linux-gnueabihf-gcc (Linaro GCC 6.4-2017.11) 6.4.1 20171012, GNU ld (Linaro_Binutils-2017.11) 2.27.0.20161229) #109 SMP Thu Oct  3 07:21:20 EEST 2024
[    0.000000] CPU: ARMv7 Processor [413fc082] revision 2 (ARMv7), cr=10c5387d
[    0.000000] CPU: PIPT / VIPT nonaliasing data cache, VIPT aliasing instruction cache
[    0.000000] OF: fdt: Machine model: TI AM335x BeagleBone Black
[    0.000000] Memory policy: Data cache writeback
[    0.000000] cma: Reserved 16 MiB at 0x9e800000 on node -1
[    0.000000] Zone ranges:
[    0.000000]   Normal   [mem 0x0000000080000000-0x000000009fdfffff]
[    0.000000]   HighMem  empty
[    0.000000] Movable zone start for each node
[    0.000000] Early memory node ranges
[    0.000000]   node   0: [mem 0x0000000080000000-0x000000009fdfffff]
[    0.000000] Initmem setup node 0 [mem 0x0000000080000000-0x000000009fdfffff]
[    0.000000] CPU: All CPU(s) started in SVC mode.
[    0.000000] AM335X ES2.1 (sgx neon)
[    0.000000] percpu: Embedded 17 pages/cpu s40268 r8192 d21172 u69632
[    0.000000] Kernel command line: console=ttyO0,115200n8 root=/dev/nfs rw nfsroot=192.168.255.126:/home/user01/nfs,nfsvers=3 ip=192.168.255.1:192.168.255.126::255.255.255.0:bbb1:eth0 nfsrootdebug
[    0.000000] Unknown kernel command line parameters "nfsrootdebug", will be passed to user space.
[    0.000000] Dentry cache hash table entries: 65536 (order: 6, 262144 bytes, linear)
[    0.000000] Inode-cache hash table entries: 32768 (order: 5, 131072 bytes, linear)
[    0.000000] Built 1 zonelists, mobility grouping on.  Total pages: 130560
[    0.000000] mem auto-init: stack:off, heap alloc:off, heap free:off
[    0.000000] SLUB: HWalign=64, Order=0-3, MinObjects=0, CPUs=1, Nodes=1
[    0.000000] trace event string verifier disabled
[    0.000000] rcu: Hierarchical RCU implementation.
[    0.000000] rcu: 	RCU event tracing is enabled.
[    0.000000] rcu: 	RCU restricting CPUs from NR_CPUS=2 to nr_cpu_ids=1.
[    0.000000] rcu: RCU calculated value of scheduler-enlistment delay is 10 jiffies.
[    0.000000] rcu: Adjusting geometry for rcu_fanout_leaf=16, nr_cpu_ids=1
[    0.000000] NR_IRQS: 16, nr_irqs: 16, preallocated irqs: 16
[    0.000000] IRQ: Found an INTC at 0x(ptrval) (revision 5.0) with 128 interrupts
[    0.000000] rcu: srcu_init: Setting srcu_struct sizes based on contention.
[    0.000000] TI gptimer clocksource: always-on /ocp/interconnect@44c00000/segment@200000/target-module@31000
[    0.000002] sched_clock: 32 bits at 24MHz, resolution 41ns, wraps every 89478484971ns
[    0.000026] clocksource: dmtimer: mask: 0xffffffff max_cycles: 0xffffffff, max_idle_ns: 79635851949 ns
[    0.000497] TI gptimer clockevent: 24000000 Hz at /ocp/interconnect@48000000/segment@0/target-module@40000
[    0.002138] Console: colour dummy device 80x30
[    0.002202] WARNING: Your 'console=ttyO0' has been replaced by 'ttyS0'
[    0.002211] This ensures that you still see kernel messages. Please
[    0.002215] update your kernel commandline.
[    0.002257] Calibrating delay loop... 996.14 BogoMIPS (lpj=4980736)
[    0.090548] CPU: Testing write buffer coherency: ok
[    0.090649] CPU0: Spectre v2: using BPIALL workaround
[    0.090660] pid_max: default: 32768 minimum: 301
[    0.090788] LSM: initializing lsm=capability
[    0.090962] Mount-cache hash table entries: 1024 (order: 0, 4096 bytes, linear)
[    0.090983] Mountpoint-cache hash table entries: 1024 (order: 0, 4096 bytes, linear)
[    0.092626] CPU0: thread -1, cpu 0, socket -1, mpidr 0
[    0.150719] Setting up static identity map for 0x80100000 - 0x80100078
[    0.160711] rcu: Hierarchical SRCU implementation.
[    0.160724] rcu: 	Max phase no-delay instances is 1000.
[    0.180754] smp: Bringing up secondary CPUs ...
[    0.180810] smp: Brought up 1 node, 1 CPU
[    0.180826] SMP: Total of 1 processors activated (996.14 BogoMIPS).
[    0.180838] CPU: All CPU(s) started in SVC mode.
[    0.181030] Memory: 480860K/522240K available (11264K kernel code, 1215K rwdata, 2876K rodata, 1024K init, 299K bss, 23368K reserved, 16384K cma-reserved, 0K highmem)
[    0.181890] devtmpfs: initialized
[    0.198753] VFP support v0.3: implementor 41 architecture 3 part 30 variant c rev 3
[    0.199108] clocksource: jiffies: mask: 0xffffffff max_cycles: 0xffffffff, max_idle_ns: 19112604462750000 ns
[    0.199144] futex hash table entries: 256 (order: 2, 16384 bytes, linear)
[    0.200457] pinctrl core: initialized pinctrl subsystem
[    0.203463] NET: Registered PF_NETLINK/PF_ROUTE protocol family
[    0.206266] DMA: preallocated 256 KiB pool for atomic coherent allocations
[    0.207172] audit: initializing netlink subsys (disabled)
[    0.208591] thermal_sys: Registered thermal governor 'fair_share'
[    0.208605] thermal_sys: Registered thermal governor 'step_wise'
[    0.208615] thermal_sys: Registered thermal governor 'user_space'
[    0.208768] audit: type=2000 audit(0.200:1): state=initialized audit_enabled=0 res=1
[    0.208806] cpuidle: using governor menu
[    0.227854] No ATAGs?
[    0.227880] hw-breakpoint: debug architecture 0x4 unsupported.
[    0.230738] kprobes: kprobe jump-optimization is enabled. All kprobes are optimized if possible.
[    0.244009] iommu: Default domain type: Translated
[    0.244030] iommu: DMA domain TLB invalidation policy: strict mode
[    0.251368] SCSI subsystem initialized
[    0.252242] pps_core: LinuxPPS API ver. 1 registered
[    0.252253] pps_core: Software ver. 5.3.6 - Copyright 2005-2007 Rodolfo Giometti <giometti@linux.it>
[    0.252277] PTP clock support registered
[    0.260936] vgaarb: loaded
[    0.261343] clocksource: Switched to clocksource dmtimer
[    0.262006] VFS: Disk quotas dquot_6.6.0
[    0.262052] VFS: Dquot-cache hash table entries: 1024 (order 0, 4096 bytes)
[    0.287010] NET: Registered PF_INET protocol family
[    0.287366] IP idents hash table entries: 8192 (order: 4, 65536 bytes, linear)
[    0.288751] tcp_listen_portaddr_hash hash table entries: 512 (order: 0, 4096 bytes, linear)
[    0.288791] Table-perturb hash table entries: 65536 (order: 6, 262144 bytes, linear)
[    0.288808] TCP established hash table entries: 4096 (order: 2, 16384 bytes, linear)
[    0.288852] TCP bind hash table entries: 4096 (order: 4, 65536 bytes, linear)
[    0.288953] TCP: Hash tables configured (established 4096 bind 4096)
[    0.289072] UDP hash table entries: 256 (order: 1, 8192 bytes, linear)
[    0.289100] UDP-Lite hash table entries: 256 (order: 1, 8192 bytes, linear)
[    0.289281] NET: Registered PF_UNIX/PF_LOCAL protocol family
[    0.302513] RPC: Registered named UNIX socket transport module.
[    0.302535] RPC: Registered udp transport module.
[    0.302542] RPC: Registered tcp transport module.
[    0.302547] RPC: Registered tcp-with-tls transport module.
[    0.302552] RPC: Registered tcp NFSv4.1 backchannel transport module.
[    0.302579] PCI: CLS 0 bytes, default 64
[    0.304080] Initialise system trusted keyrings
[    0.304657] workingset: timestamp_bits=14 max_order=17 bucket_order=3
[    0.306085] NFS: Registering the id_resolver key type
[    0.306152] Key type id_resolver registered
[    0.306161] Key type id_legacy registered
[    0.306208] jffs2: version 2.2. (NAND) (SUMMARY)  Â© 2001-2006 Red Hat, Inc.
[    0.306613] Key type asymmetric registered
[    0.306627] Asymmetric key parser 'x509' registered
[    0.306690] io scheduler mq-deadline registered
[    0.306700] io scheduler kyber registered
[    0.306772] io scheduler bfq registered
[    0.308841] ledtrig-cpu: registered to indicate activity on CPUs
[    0.321887] Serial: 8250/16550 driver, 6 ports, IRQ sharing enabled
[    0.354426] brd: module loaded
[    0.382420] loop: module loaded
[    0.383372] mtdoops: mtd device (mtddev=name/number) must be supplied
[    0.386558] i2c_dev: i2c /dev entries driver
[    0.387552] cpuidle: enable-method property 'ti,am3352' found operations
[    0.388001] sdhci: Secure Digital Host Controller Interface driver
[    0.388011] sdhci: Copyright(c) Pierre Ossman
[    0.388186] sdhci-pltfm: SDHCI platform and OF driver helper
[    0.389223] Initializing XFRM netlink socket
[    0.389355] NET: Registered PF_INET6 protocol family
[    0.391455] Segment Routing with IPv6
[    0.391562] In-situ OAM (IOAM) with IPv6
[    0.391666] sit: IPv6, IPv4 and MPLS over IPv4 tunneling driver
[    0.392624] NET: Registered PF_PACKET protocol family
[    0.392658] NET: Registered PF_KEY protocol family
[    0.392780] Key type dns_resolver registered
[    0.393061] ThumbEE CPU extension supported.
[    0.393083] Registering SWP/SWPB emulation handler
[    0.393613] omap_voltage_late_init: Voltage driver support not added
[    0.393978] SmartReflex Class3 initialized
[    0.445241] Loading compiled-in X.509 certificates
[    0.510915] platform 44e10800.pinmux: Fixed dependency cycle(s) with /ocp/interconnect@44c00000/segment@200000/target-module@10000/scm@0/pinmux@800/clkout2-pins
[    0.511681] pinctrl-single 44e10800.pinmux: 142 pins, size 568
[    0.516834] ti-sysc 44e31000.target-module: probe with driver ti-sysc failed with error -16
[    0.531059] ti-sysc 48040000.target-module: probe with driver ti-sysc failed with error -16
[    0.580869] OMAP GPIO hardware version 0.1
[    0.609251] omap_i2c 4819c000.i2c: bus 2 rev0.11 at 100 kHz
[    0.648568] 48000000.interconnect:segment@200000:target-module@0:mpu@0:fck: device ID is greater than 24
[    0.652972] platform 4830e000.lcdc: Fixed dependency cycle(s) with /ocp/interconnect@44c00000/segment@200000/target-module@b000/i2c@0/tda19988@70
[    0.664117] sdhci-omap 481d8000.mmc: supply pbias not found, using dummy regulator
[    0.664638] sdhci-omap 481d8000.mmc: supply vqmmc not found, using dummy regulator
[    0.726400] davinci_mdio 4a101000.mdio: davinci mdio revision 1.6, bus freq 1000000
[    0.841891] davinci_mdio 4a101000.mdio: phy[0]: device 4a101000.mdio:00, driver SMSC LAN8710/LAN8720
[    0.842703] cpsw-switch 4a100000.switch: initialized cpsw ale version 1.4
[    0.842726] cpsw-switch 4a100000.switch: ALE Table size 1024, Policers 0
[    0.842872] cpsw-switch 4a100000.switch: cpts: overflow check period 500 (jiffies)
[    0.842890] cpsw-switch 4a100000.switch: CPTS: ref_clk_freq:250000000 calc_mult:2147483648 calc_shift:29 error:0 nsec/sec
[    0.842997] cpsw-switch 4a100000.switch: Detected MACID = 6c:ec:eb:68:de:78
[    0.844836] cpsw-switch 4a100000.switch: initialized (regs 0x4a100000, pool size 256) hw_ver:0019010C 1.12 (0)
[    0.855944] debugfs: Directory '49000000.dma' with parent 'dmaengine' already present!
[    0.855984] edma 49000000.dma: TI EDMA DMA engine driver
[    0.875442] target-module@4b000000:target-module@140000:pmu@0:fck: device ID is greater than 24
[    0.896598] hw perfevents: enabled with armv7_cortex_a8 PMU driver, 5 (8000000f) counters available
[    0.904330] l3-aon-clkctrl:0000:0: failed to disable
[    0.907267] 44e09000.serial: ttyS0 at MMIO 0x44e09000 (irq = 34, base_baud = 3000000) is a 8250
[    0.907355] printk: legacy console [ttyS0] enabled
 [    2.262345] tps65217-pmic: Failed to locate of_node [id: -1]
[    2.268411] tps65217-bl: Failed to locate of_node [id: -1]
[    2.279919] tps65217 0-0024: TPS65217 ID 0xe version 1.2
[    2.286064] platform 4830e000.lcdc: Fixed dependency cycle(s) wier on 48060000.mmc [48060000.mmc] using External DMA
[    2.416861] cpsw-switch 4a100000.switch: starting ndev. mode: dual_mac
[    2.460571] mmc0: new high speed SDHC card at address 5048
[    2.467679] mmcblk0: mmc0:5048 SD16G 14.4 GiB
[    2.475816]  mmcblk0: p1 p2
[    2.479202] mmcblk0: p2 size 31221760 extends beyond EOD, truncated
[    2.492688] SMSC LAN8710/LAN8720 4a101000.mdio:00: attached PHY driver (mii_bus:phy_addr=4a101000.mdio:00, irq=POLL)
[    2.504926] mmc1: new high speed MMC card at address 0001
[    2.511865] mmcblk1: mmc1:0001 MMC04G 3.60 GiB
[    2.523909]  mmcblk1: p1 p2
[    2.528188] mmcblk1boot0: mmc1:0001 MMC04G 2.00 MiB
[    2.535382] mmcblk1boot1: mmc1:0001 MMC04G 2.00 MiB
[    2.542779] mmcblk1rpmb: mmc1:0001 MMC04G 128 KiB, chardev (250:0)
[    5.682130] cpsw-switch 4a100000.switch eth0: Link is Up - 100Mbps/Full - flow control off
[    5.721587] IP-Config: Complete:
[    5.724864]      device=eth0, hwaddr=6c:ec:eb:68:de:78, ipaddr=192.168.255.1, mask=255.255.255.0, gw=255.255.255.255
[    5.735541]      host=bbb1, domain=, nis-domain=(none)
[    5.740712]      bootserver=192.168.255.126, rootserver=192.168.255.126, rootpath=
[    5.741151] clk: Disabling unused clocks
[    5.752992] PM: genpd: Disabling unused power domains
[    5.758114] KTAP version 1
[    5.760836] 1..0
[    5.786260] VFS: Mounted root (nfs filesystem) on device 0:17.
[    5.793418] devtmpfs: mounted
[    5.798087] Freeing unused kernel image (initmem) memory: 1024K
[    5.805071] Run /sbin/init as init process
[    6.513544] systemd[1]: System time before build time, advancing clock.
[    8.001367] random: crng init done
[    8.042649] systemd[1]: systemd 232 running in system mode. (+PAM +AUDIT +SELINUX +IMA +APPARMOR +SMACK +SYSVINIT +UTMP +LIBCRYPTSETUP +GCRYPT +GNUTLS +ACL +XZ +LZ4 +SECCOMP +BLKID +ELFUTILS +KMOD +IDN)
[    8.061869] systemd[1]: Detected architecture arm.

Welcome to [1mDebian GNU/Linux 9 (stretch)[0m!

[    8.094555] systemd[1]: Set hostname to <arm>.
[    9.214115] systemd[1]: Listening on udev Kernel Socket.
[[0;32m  OK  [0m] Listening on udev Kernel Socket.
[    9.233330] systemd[1]: Listening on /dev/initctl Compatibility Named Pipe.
[[0;32m  OK  [0m] Listening on /dev/initctl Compatibility Named Pipe.
[    9.263469] systemd[1]: Listening on Journal Socket.
[[0;32m  OK  [0m] Listening on Journal Socket.
[    9.292275] systemd[1]: Listening on Journal Socket (/dev/log).
[[0;32m  OK  [0m] Listening on Journal Socket (/dev/log).
[    9.321750] systemd[1]: Reached target Remote File Systems.
[[0;32m  OK  [0m] Reached target Remote File Systems.
[    9.352199] systemd[1]: Started Forward Password Requests to Wall Directory Watch.
[[0;32m  OK  [0m] Started Forward Password Requests to Wall Directory Watch.
[    9.382356] systemd[1]: Listening on Journal Audit Socket.
[[0;32m  OK  [0m] Listening on Journal Audit Socket.
[[0;32m  OK  [0m] Listening on udev Control Socket.
[[0;32m  OK  [0m] Created slice System Slice.
         Mounting POSIX Message Queue File System...
         Starting Create list of required stâ€¦ce nodes for the current kernel...
         Mounting Debug File System...
[[0;32m  OK  [0m] Created slice system-serial\x2dgetty.slice.
         Starting Remount Root and Kernel File Systems...
[[0;32m  OK  [0m] Set up automount Arbitrary Executabâ€¦rmats File System Automount Point.
[[0;32m  OK  [0m] Created slice User and Session Slice.
[[0;32m  OK  [0m] Created slice system-getty.slice.
         Starting Load Kernel Modules...
[[0;32m  OK  [0m] Started Dispatch Password Requests to Console Directory Watch.
[[0;32m  OK  [0m] Reached target Encrypted Volumes.
[[0;32m  OK  [0m] Listening on Syslog Socket.
[[0;32m  OK  [0m] Reached target Paths.
[[0;32m  OK  [0m] Reached target Swap.
         Starting Journal Service...
[[0;32m  OK  [0m] Reached target Slices.
[[0;32m  OK  [0m] Mounted POSIX Message Queue File System.
[[0;32m  OK  [0m] Mounted Debug File System.
[[0;32m  OK  [0m] Started Create list of required staâ€¦vice nodes for the current kernel.
[[0;32m  OK  [0m] Started Remount Root and Kernel File Systems.
[[0;32m  OK  [0m] Started Load Kernel Modules.
         Mounting Configuration File System...
         Starting Apply Kernel Variables...
         Starting udev Coldplug all Devices...
         Starting Load/Save Random Seed...
         Starting Create Static Device Nodes in /dev...
[[0;32m  OK  [0m] Mounted Configuration File System.
[[0;32m  OK  [0m] Started Apply Kernel Variables.
[[0;32m  OK  [0m] Started Load/Save Random Seed.
[[0;32m  OK  [0m] Started Create Static Device Nodes in /dev.
         Starting udev Kernel Device Manager...
[[0;32m  OK  [0m] Reached target Local File Systems (Pre).
[[0;32m  OK  [0m] Reached target Local File Systems.
         Starting Raise network interfaces...
[[0;32m  OK  [0m] Started Journal Service.
         Starting Flush Journal to Persistent Storage...
[   11.688265] systemd-journald[93]: Received request to flush runtime journal from PID 1
[[0;32m  OK  [0m] Started Flush Journal to Persistent Storage.
         Starting Create Volatile Files and Directories...
[[0;32m  OK  [0m] Started udev Kernel Device Manager.
[[0;32m  OK  [0m] Started Create Volatile Files and Directories.
         Starting Update UTMP about System Boot/Shutdown...
         Starting Network Time Synchronization...
[[0;32m  OK  [0m] Started Update UTMP about System Boot/Shutdown.
[[0;32m  OK  [0m] Started udev Coldplug all Devices.
[   14.664203] remoteproc remoteproc0: wkup_m3 is available
[   14.853821] omap_wdt: OMAP Watchdog Timer Rev 0x01: initial timeout 60 sec
[   15.073414] am335x-phy-driver 47401300.usb-phy: dummy supplies not allowed for exclusive requests (id=vbus)
[   15.141575] at24 2-0054: supply vcc not found, using dummy regulator
[[0;32m  OK  [0m] Found device /dev/ttyS0.
[   15.202044] at24 2-0055: supply vcc not found, using dummy regulator
[   15.243064] usbcore: registered new interface driver usbfs
[   15.248833] usbcore: registered new interface driver hub
[   15.254503] usbcore: registered new device driver usb
[   15.304355] am335x-phy-driver 47401b00.usb-phy: dummy supplies not allowed for exclusive requests (id=vbus)
[   15.320617] at24 2-0056: supply vcc not found, using dummy regulator
[   15.420230] at24 2-0057: supply vcc not found, using dummy regulator
[   15.436570] tps6521x_pwrbutton tps65217-pwrbutton: DMA mask not set
[   15.553657] input: tps65217_pwrbutton as /devices/platform/ocp/44c00000.interconnect/44c00000.interconnect:segment@200000/44e0b000.target-module/44e0b000.i2c/i2c-0/0-0024/tps65217-pwrbutton/input/input0
[   15.583215] at24 0-0050: 32768 byte 24c256 EEPROM, writable, 1 bytes/write
[   15.890888] omap_rtc 44e3e000.rtc: registered as rtc0
[   15.896280] omap_rtc 44e3e000.rtc: setting system clock to 2000-01-01T00:00:00 UTC (946684800)
[   15.996412] wkup_m3_ipc 44e11324.wkup_m3_ipc: IPC Request for A8->M3 Channel failed! -517
[   16.162020] wkup_m3_ipc 44e11324.wkup_m3_ipc: IPC Request for A8->M3 Channel failed! -517
[   16.277758] musb-hdrc musb-hdrc.1: MUSB HDRC host driver
[   16.283437] musb-hdrc musb-hdrc.1: new USB bus registered, assigned bus number 1
[   16.296928] wkup_m3_ipc 44e11324.wkup_m3_ipc: IPC Request for A8->M3 Channel failed! -517
[   16.532688] usb usb1: New USB device found, idVendor=1d6b, idProduct=0002, bcdDevice= 6.12
[   16.541050] usb usb1: New USB device strings: Mfr=3, Product=2, SerialNumber=1
[   16.548424] usb usb1: Product: MUSB HDRC host driver
[   16.553488] usb usb1: Manufacturer: Linux 6.12.0-rc1-next-20241003 musb-hcd
[   16.560489] usb usb1: SerialNumber: musb-hdrc.1
[[0;32m  OK  [0m] Started Network Time Synchronization.
[   16.826630] tda998x 0-0070: found TDA19988
[[0;32m  OK  [0m] Reached target System Time Synchronized.
[[0;32m  OK  [0m] Reached target System Initialization.
[   16.955152] wkup_m3_ipc 44e11324.wkup_m3_ipc: IPC Request for A8->M3 Channel failed! -517
[   16.970969] hub 1-0:1.0: USB hub found
[[0;32m  OK  [0m] Started Daily apt download activities.
[   17.036816] hub 1-0:1.0: 1 port detected
[[0;32m  OK  [0m] Listening on Avahi mDNS/DNS-SD Stack Activation Socket.
[[0;32m  OK  [0m] Started Daily apt upgrade and clean activities.
[   17.095681] wkup_m3_ipc 44e11324.wkup_m3_ipc: IPC Request for A8->M3 Channel failed! -517
[[0;32m  OK  [0m] Started Daily Cleanup of Temporary Directories.
[[0;32m  OK  [0m] Reached target Timers.
[   17.209533] omap-mailbox 480c8000.mailbox: omap mailbox rev 0x400
[[0;32m  OK  [0m] Listening on D-Bus System Message Bus Socket.
[[0;32m  OK  [0m] Reached target Sockets.
[[0;32m  OK  [0m] Reached target Basic System.
[   17.402985] remoteproc remoteproc0: powering up wkup_m3
         Starting System Logging Service...
[   17.593821] remoteproc remoteproc0: Direct firmware load for am335x-pm-firmware.elf failed with error -2
[   17.603607] remoteproc remoteproc0: request_firmware failed: -2
[   17.609571] wkup_m3_ipc 44e11324.wkup_m3_ipc: rproc_boot failed
         Starting LSB: Start busybox udhcpd at boot time...
         Starting Login Service...
[[0;32m  OK  [0m] Started Regular background program processing daemon.
         Starting LSB: Load kernel modules needed to enable cpufreq scaling...
         Starting Cape Manager Service...
         Starting Generic Board Startup...
         Starting Telephony service...
[[0;32m  OK  [0m] Started D-Bus System Message Bus.
[   20.041843] tilcdc 4830e000.lcdc: bound 0-0070 (ops 0xbf0d8030)
[   20.118839] [drm] Initialized tilcdc 1.0.0 for 4830e000.lcdc on minor 0
[   20.154704] omap_rng 48310000.rng: Random Number Generator ver. 20
[   20.189801] tilcdc 4830e000.lcdc: [drm] Cannot find any crtc or sizes
[   20.212373] tilcdc 4830e000.lcdc: [drm] Cannot find any crtc or sizes
[   21.145743] PM: Cannot get wkup_m3_ipc handle
