Labgrid Console Logfile for main
Logfile started at 2024-12-14 22:52:20.984651
=== Log starts here ===

** Unable to use mmc 0:1 for loading the env **
Board: BeagleBone Black
<ethaddr> not set. Validating first E-fuse MAC
BeagleBone Black:
BeagleBone: cape eeprom: i2c_probe: 0x54:
BeagleBone: cape eeprom: i2c_probe: 0x55:
BeagleBone: cape eeprom: i2c_probe: 0x56:
BeagleBone: cape eeprom: i2c_probe: 0x57:
Net:   eth0: MII MODE
cpsw, usb_ether
Press SPACE to abort autoboot in 0 seconds
board_name=[A335BNLT] ...
board_rev=[00C0] ...
switch to partitions #0, OK
mmc0 is current device
SD/MMC found on device 0
switch to partitions #0, OK
mmc0 is current device
Scanning mmc 0:1...
gpio: pin 56 (gpio 56) value is 0
gpio: pin 55 (gpio 55) value is 0
gpio: pin 54 (gpio 54) value is 0
gpio: pin 53 (gpio 53) value is 1
switch to partitions #0, OK
mmc0 is current device
gpio: pin 54 (gpio 54) value is 1
Checking for: /uEnv.txt ...
584 bytes read in 2 ms (285.2 KiB/s)
gpio: pin 55 (gpio 55) value is 1
Loaded environment from /uEnv.txt
Importing environment from mmc ...
Checking if uenvcmd is set ...
gpio: pin 56 (gpio 56) value is 1
Running uenvcmd ...
cpsw Waiting for PHY auto negotiation to complete.. done
link up on port 0, speed 100, full duplex
Using cpsw device
TFTP from server 192.168.255.126; our IP address is 192.168.255.3
Filename 'zImage'.
Load address: 0x81000000
Loading: *#################################################################
	 #################################################################
	 #################################################################
	 #################################################################
	 #################################################################
	 ############################
	 3 MiB/s
done
Bytes transferred = 5170864 (4ee6b0 hex)
link up on port 0, speed 100, full duplex
Using cpsw device
TFTP from server 192.168.255.126; our IP address is 192.168.255.3
Filename 'am335x-boneblack.dtb'.
Load address: 0x82000000
Loading: *#######
	 2.9 MiB/s
done
Bytes transferred = 97630 (17d5e hex)
## Flattened Device Tree blob at 82000000
   Booting using the fdt blob at 0x82000000
   Loading Device Tree to 8ffe5000, end 8ffffd5d ... OK

Starting kernel ...

[    0.000000] Booting Linux on physical CPU 0x0
[    0.000000] Linux version 6.1.120 (user01@drvtest01) (arm-linux-gnueabihf-gcc (Linaro GCC 6.4-2017.11) 6.4.1 20171012, GNU ld (Linaro_Binutils-2017.11) 2.27.0.20161229) #11 SMP Sat Dec 14 22:11:15 EET 2024
[    0.000000] CPU: ARMv7 Processor [413fc082] revision 2 (ARMv7), cr=10c5387d
[    0.000000] CPU: PIPT / VIPT nonaliasing data cache, VIPT aliasing instruction cache
[    0.000000] OF: fdt: Machine model: TI AM335x BeagleBone Black
[    0.000000] earlycon: omap8250 at MMIO 0x44e09000 (options '')
[    0.000000] printk: bootconsole [omap8250] enabled
[    0.000000] Memory policy: Data cache writeback
[    0.000000] cma: Reserved 16 MiB at 0x9ec00000
[    0.000000] Zone ranges:
[    0.000000]   Normal   [mem 0x0000000080000000-0x000000009fdfffff]
[    0.000000]   HighMem  empty
[    0.000000] Movable zone start for each node
[    0.000000] Early memory node ranges
[    0.000000]   node   0: [mem 0x0000000080000000-0x000000009fdfffff]
[    0.000000] Initmem setup node 0 [mem 0x0000000080000000-0x000000009fdfffff]
[    0.000000] CPU: All CPU(s) started in SVC mode.
[    0.000000] AM335X ES2.1 (sgx neon)
[    0.000000] percpu: Embedded 16 pages/cpu s34196 r8192 d23148 u65536
[    0.000000] pcpu-alloc: s34196 r8192 d23148 u65536 alloc=16*4096
[    0.000000] pcpu-alloc: [0] 0 
[    0.000000] Built 1 zonelists, mobility grouping on.  Total pages: 129412
[    0.000000] Kernel command line: console=ttyO0,115200n8 debug earlycon root=/dev/nfs rw nfsroot=192.168.255.126:/home/user01/nfs,nfsvers=3 ip=192.168.255.3:192.168.255.126::255.255.255.0:bbb1:eth0 nfsrootdebug
[    0.000000] Unknown kernel command line parameters "nfsrootdebug", will be passed to user space.
[    0.000000] Dentry cache hash table entries: 65536 (order: 6, 262144 bytes, linear)
[    0.000000] Inode-cache hash table entries: 32768 (order: 5, 131072 bytes, linear)
[    0.000000] mem auto-init: stack:off, heap alloc:off, heap free:off
[    0.000000] Memory: 484644K/522240K available (10240K kernel code, 1143K rwdata, 2604K rodata, 1024K init, 287K bss, 21212K reserved, 16384K cma-reserved, 0K highmem)
[    0.000000] SLUB: HWalign=64, Order=0-3, MinObjects=0, CPUs=1, Nodes=1
[    0.000000] trace event string verifier disabled
[    0.000000] rcu: Hierarchical RCU implementation.
[    0.000000] rcu: 	RCU event tracing is enabled.
[    0.000000] rcu: 	RCU restricting CPUs from NR_CPUS=2 to nr_cpu_ids=1.
[    0.000000] rcu: RCU calculated value of scheduler-enlistment delay is 10 jiffies.
[    0.000000] rcu: Adjusting geometry for rcu_fanout_leaf=16, nr_cpu_ids=1
[    0.000000] NR_IRQS: 16, nr_irqs: 16, preallocated irqs: 16
[    0.000000] IRQ: Found an INTC at 0x(ptrval) (revision 5.0) with 128 interrupts
[    0.000000] rcu: srcu_init: Setting srcu_struct sizes based on contention.
[    0.000000] TI gptimer clocksource: always-on /ocp/interconnect@44c00000/segment@200000/target-module@31000
[    0.000003] sched_clock: 32 bits at 24MHz, resolution 41ns, wraps every 89478484971ns
[    0.008072] clocksource: dmtimer: mask: 0xffffffff max_cycles: 0xffffffff, max_idle_ns: 79635851949 ns
[    0.018069] TI gptimer clockevent: 24000000 Hz at /ocp/interconnect@48000000/segment@0/target-module@40000
[    0.029577] Console: colour dummy device 80x30
[    0.034199] WARNING: Your 'console=ttyO0' has been replaced by 'ttyS0'
[    0.041011] This ensures that you still see kernel messages. Please
[    0.047461] update your kernel commandline.
[    0.051815] Calibrating delay loop... 996.14 BogoMIPS (lpj=4980736)
[    0.094553] CPU: Testing write buffer coherency: ok
[    0.099668] CPU0: Spectre v2: using BPIALL workaround
[    0.104868] pid_max: default: 32768 minimum: 301
[    0.109757] LSM: Security Framework initializing
[    0.114682] Mount-cache hash table entries: 1024 (order: 0, 4096 bytes, linear)
[    0.122248] Mountpoint-cache hash table entries: 1024 (order: 0, 4096 bytes, linear)
[    0.131772] CPU0: thread -1, cpu 0, socket -1, mpidr 0
[    0.138491] Setting up static identity map for 0x80100000 - 0x80100078
[    0.145461] rcu: Hierarchical SRCU implementation.
[    0.150441] rcu: 	Max phase no-delay instances is 1000.
[    0.157179] smp: Bringing up secondary CPUs ...
[    0.161938] smp: Brought up 1 node, 1 CPU
[    0.166068] SMP: Total of 1 processors activated (996.14 BogoMIPS).
[    0.172539] CPU: All CPU(s) started in SVC mode.
[    0.178308] devtmpfs: initialized
[    0.197142] VFP support v0.3: implementor 41 architecture 3 part 30 variant c rev 3
[    0.205477] clocksource: jiffies: mask: 0xffffffff max_cycles: 0xffffffff, max_idle_ns: 19112604462750000 ns
[    0.215666] futex hash table entries: 256 (order: 2, 16384 bytes, linear)
[    0.224017] pinctrl core: initialized pinctrl subsystem
[    0.231621] NET: Registered PF_NETLINK/PF_ROUTE protocol family
[    0.239843] DMA: preallocated 256 KiB pool for atomic coherent allocations
[    0.247516] audit: initializing netlink subsys (disabled)
[    0.254424] thermal_sys: Registered thermal governor 'fair_share'
[    0.254446] thermal_sys: Registered thermal governor 'step_wise'
[    0.260803] thermal_sys: Registered thermal governor 'user_space'
[    0.267076] audit: type=2000 audit(0.220:1): state=initialized audit_enabled=0 res=1
[    0.281426] cpuidle: using governor menu
[    0.302127] /ocp/interconnect@44c00000/segment@200000/target-module@b000/i2c@0/tda19988@70: Fixed dependency cycle(s) with /ocp/interconnect@48000000/segment@300000/target-module@e000/lcdc@0
[    0.320774] /ocp/interconnect@48000000/segment@300000/target-module@e000/lcdc@0: Fixed dependency cycle(s) with /ocp/interconnect@44c00000/segment@200000/target-module@b000/i2c@0/tda19988@70
[    0.340349] No ATAGs?
[    0.342707] hw-breakpoint: debug architecture 0x4 unsupported.
[    0.358181] kprobes: kprobe jump-optimization is enabled. All kprobes are optimized if possible.
[    0.390977] reg-fixed-voltage fixedregulator0: GPIO lookup for consumer (null)
[    0.398535] reg-fixed-voltage fixedregulator0: using device tree for GPIO lookup
[    0.406163] of_get_named_gpiod_flags: can't parse 'gpios' property of node '/fixedregulator0[0]'
[    0.415258] of_get_named_gpiod_flags: can't parse 'gpio' property of node '/fixedregulator0[0]'
[    0.424244] reg-fixed-voltage fixedregulator0: using lookup tables for GPIO lookup
[    0.432053] reg-fixed-voltage fixedregulator0: No GPIO consumer (null) found
[    0.440549] iommu: Default domain type: Translated 
[    0.445581] iommu: DMA domain TLB invalidation policy: strict mode 
[    0.453580] SCSI subsystem initialized
[    0.524816] libata version 3.00 loaded.
[    0.529180] pps_core: LinuxPPS API ver. 1 registered
[    0.534293] pps_core: Software ver. 5.3.6 - Copyright 2005-2007 Rodolfo Giometti <giometti@linux.it>
[    0.543757] PTP clock support registered
[    0.580785] vgaarb: loaded
[    0.583956] clocksource: Switched to clocksource dmtimer
[    0.590137] VFS: Disk quotas dquot_6.6.0
[    0.594331] VFS: Dquot-cache hash table entries: 1024 (order 0, 4096 bytes)
[    0.646520] NET: Registered PF_INET protocol family
[    0.651896] IP idents hash table entries: 8192 (order: 4, 65536 bytes, linear)
[    0.660793] tcp_listen_portaddr_hash hash table entries: 512 (order: 0, 4096 bytes, linear)
[    0.669480] Table-perturb hash table entries: 65536 (order: 6, 262144 bytes, linear)
[    0.677491] TCP established hash table entries: 4096 (order: 2, 16384 bytes, linear)
[    0.685523] TCP bind hash table entries: 4096 (order: 4, 65536 bytes, linear)
[    0.692958] TCP: Hash tables configured (established 4096 bind 4096)
[    0.699635] UDP hash table entries: 256 (order: 1, 8192 bytes, linear)
[    0.706405] UDP-Lite hash table entries: 256 (order: 1, 8192 bytes, linear)
[    0.713770] NET: Registered PF_UNIX/PF_LOCAL protocol family
[    0.787970] RPC: Registered named UNIX socket transport module.
[    0.794153] RPC: Registered udp transport module.
[    0.798994] RPC: Registered tcp transport module.
[    0.803830] RPC: Registered tcp NFSv4.1 backchannel transport module.
[    0.810492] PCI: CLS 0 bytes, default 64
[    0.816130] Initialise system trusted keyrings
[    0.860264] workingset: timestamp_bits=14 max_order=17 bucket_order=3
[    0.898608] NFS: Registering the id_resolver key type
[    0.903914] Key type id_resolver registered
[    0.908334] Key type id_legacy registered
[    0.912521] jffs2: version 2.2. (NAND) (SUMMARY)  Â© 2001-2006 Red Hat, Inc.
[    0.939095] Key type asymmetric registered
[    0.943335] Asymmetric key parser 'x509' registered
[    0.948582] io scheduler mq-deadline registered
[    0.953251] io scheduler kyber registered
[    0.957663] io scheduler bfq registered
[    1.000253] Serial: 8250/16550 driver, 6 ports, IRQ sharing enabled
[    1.047700] brd: module loaded
[    1.078648] loop: module loaded
[    1.082802] mtdoops: mtd device (mtddev=name/number) must be supplied
[    1.090983] mdio_bus fixed-0: GPIO lookup for consumer reset
[    1.096930] mdio_bus fixed-0: using lookup tables for GPIO lookup
[    1.103208] mdio_bus fixed-0: No GPIO consumer reset found
[    1.110028] i2c_dev: i2c /dev entries driver
[    1.115441] cpuidle: enable-method property 'ti,am3352' found operations
[    1.122790] sdhci: Secure Digital Host Controller Interface driver
[    1.129243] sdhci: Copyright(c) Pierre Ossman
[    1.133917] sdhci-pltfm: SDHCI platform and OF driver helper
[    1.197286] ledtrig-cpu: registered to indicate activity on CPUs
[    1.204370] Initializing XFRM netlink socket
[    1.209362] NET: Registered PF_INET6 protocol family
[    1.238477] Segment Routing with IPv6
[    1.242338] In-situ OAM (IOAM) with IPv6
[    1.246543] sit: IPv6, IPv4 and MPLS over IPv4 tunneling driver
[    1.253550] NET: Registered PF_PACKET protocol family
[    1.258852] NET: Registered PF_KEY protocol family
[    1.263913] Key type dns_resolver registered
[    1.268511] ThumbEE CPU extension supported.
[    1.272944] Registering SWP/SWPB emulation handler
[    1.278413] omap_voltage_late_init: Voltage driver support not added
[    1.285362] SmartReflex Class3 initialized
[    1.345396] Loading compiled-in X.509 certificates
[    1.425610] /ocp/interconnect@44c00000/segment@200000/target-module@b000/i2c@0/tda19988@70: Fixed dependency cycle(s) with /ocp/interconnect@48000000/segment@300000/target-module@e000/lcdc@0
[    1.449304] /ocp/interconnect@44c00000/segment@200000/target-module@b000/i2c@0/tda19988@70: Fixed dependency cycle(s) with /ocp/interconnect@48000000/segment@300000/target-module@e000/lcdc@0
[    1.474699] /ocp/interconnect@44c00000/segment@200000/target-module@b000/i2c@0/tda19988@70: Fixed dependency cycle(s) with /ocp/interconnect@48000000/segment@300000/target-module@e000/lcdc@0
[    1.493108] /ocp/interconnect@44c00000/segment@200000/target-module@b000/i2c@0/tda19988@70: Fixed dependency cycle(s) with /ocp/interconnect@48000000/segment@300000/target-module@e000/lcdc@0
[    1.513805] /ocp/interconnect@44c00000/segment@200000/target-module@10000/scm@0/pinmux@800: Fixed dependency cycle(s) with /ocp/interconnect@44c00000/segment@200000/target-module@10000/scm@0/pinmux@800/pinmux_clkout2_pin
[    1.534694] pinctrl-single 44e10800.pinmux: 142 pins, size 568
[    1.545744] ti-sysc: probe of 44e31000.target-module failed with error -16
[    1.707067] /ocp/interconnect@48000000/segment@300000/target-module@e000/lcdc@0: Fixed dependency cycle(s) with /ocp/interconnect@44c00000/segment@200000/target-module@b000/i2c@0/tda19988@70
[    1.731902] ti-sysc: probe of 48040000.target-module failed with error -16
[    1.749707] gpio gpiochip0: (gpio-0-31): created GPIO range 0->7 ==> 44e10800.pinmux PIN 0->7
[    1.758676] gpio gpiochip0: (gpio-0-31): created GPIO range 8->11 ==> 44e10800.pinmux PIN 90->93
[    1.767760] gpio gpiochip0: (gpio-0-31): created GPIO range 12->27 ==> 44e10800.pinmux PIN 12->27
[    1.776924] gpio gpiochip0: (gpio-0-31): created GPIO range 28->31 ==> 44e10800.pinmux PIN 30->33
[    1.786139] gpio gpiochip0: (gpio-0-31): not an immutable chip, please consider fixing it!
[    1.796116] gpio gpiochip0: (gpio-0-31): added GPIO chardev (254:0)
[    1.802717] gpio gpiochip0: registered GPIOs 0 to 31 on gpio-0-31
[    1.809131] OMAP GPIO hardware version 0.1
[    1.825274] i2c i2c-2: GPIO lookup for consumer scl
[    1.830334] i2c i2c-2: using device tree for GPIO lookup
[    1.835900] of_get_named_gpiod_flags: can't parse 'scl-gpios' property of node '/ocp/interconnect@48000000/segment@100000/target-module@9c000/i2c@0[0]'
[    1.849927] of_get_named_gpiod_flags: can't parse 'scl-gpio' property of node '/ocp/interconnect@48000000/segment@100000/target-module@9c000/i2c@0[0]'
[    1.863864] i2c i2c-2: using lookup tables for GPIO lookup
[    1.869547] i2c i2c-2: No GPIO consumer scl found
[    1.874424] i2c i2c-2: GPIO lookup for consumer sda
[    1.879442] i2c i2c-2: using device tree for GPIO lookup
[    1.884935] of_get_named_gpiod_flags: can't parse 'sda-gpios' property of node '/ocp/interconnect@48000000/segment@100000/target-module@9c000/i2c@0[0]'
[    1.898948] of_get_named_gpiod_flags: can't parse 'sda-gpio' property of node '/ocp/interconnect@48000000/segment@100000/target-module@9c000/i2c@0[0]'
[    1.912866] i2c i2c-2: using lookup tables for GPIO lookup
[    1.918531] i2c i2c-2: No GPIO consumer sda found
[    1.924118] omap_i2c 4819c000.i2c: bus 2 rev0.11 at 100 kHz
[    1.935108] gpio gpiochip1: (gpio-32-63): created GPIO range 0->17 ==> 44e10800.pinmux PIN 34->51
[    1.944355] gpio gpiochip1: (gpio-32-63): created GPIO range 18->21 ==> 44e10800.pinmux PIN 77->80
[    1.953587] gpio gpiochip1: (gpio-32-63): created GPIO range 22->31 ==> 44e10800.pinmux PIN 56->65
[    1.962892] gpio gpiochip1:  (gpio-32-63): not an immutable chip, please consider fixing it!
[    1.972089] gpio gpiochip1: (gpio-32-63): added GPIO chardev (254:1)
[    1.978860] gpio gpiochip1: registered GPIOs 32 to 63 on gpio-32-63
[    1.987447] gpio gpiochip2: (gpio-64-95): created GPIO range 0->4 ==> 44e10800.pinmux PIN 66->70
[    1.996614] gpio gpiochip2: (gpio-64-95): created GPIO range 5->6 ==> 44e10800.pinmux PIN 98->99
[    2.005693] gpio gpiochip2: (gpio-64-95): created GPIO range 7->8 ==> 44e10800.pinmux PIN 75->76
[    2.014764]   2.626101] gpio gpiochip3: (gpio-96-127): not an immutable chip, please consider fixing it!
[    2.639986] l3-aon-clkctrl:0000:0: failed to disable
[    2.645733] gpio gpiochip3: (gpio-96-127): added GPIO chardev (254:3)
[    2.652490] gpio gpiochip3: registered GPIOs 96 to 127 on gpio-96-127
[    2.660764] omap8250 44e09000.serial: GPIO lookup for consumer rs485-term
[    2.667903] omap8250 44e09000.serial: using device tree for GPIO lookup
[    2.674764] of_get_named_gpiod_flags: can't parse 'rs485-term-gpios' property of node '/ocp/interconnect@44c00000/segment@200000/target-module@9000/serial@0[0]'
[    2.689596] of_get_named_gpiod_flags: can't parse 'rs485-term-gpio' property of node '/ocp/interconnect@44c00000/segment@200000/target-module@9000/serial@0[0]'
[    2.704327] omap8250 44e09000.serial: using lookup tables for GPIO lookup
[    2.711316] omap8250 44e09000.serial: No GPIO consumer rs485-term found
[    2.718191] 44e09000.serial: ttyS0 at MMIO 0x44e09000 (irq = 34, base_baud = 3000000) is a 8250
[    2.727252] printk: console [ttyS0] enabled
[    2.727252] printk: console [ttyS0] enabled
[    2.735784] printk: bootconsole [omap8250] disabled
[    2.735784] printk: bootconsole [omap8250] disabled
[    2.748114] i2c i2c-0: GPIO lookup for consumer scl
[    2.753051] i2c i2c-0: using device tree for GPIO lookup
[    2.758565] of_get_named_gpiod_flags: can't parse 'scl-gpios' property of node '/ocp/interconnect@44c00000/segment@200000/target-module@b000/i2c@0[0]'
[    2.772204] of_get_named_gpiod_flags: can't parse 'scl-gpio' property of node '/ocp/interconnect@44c00000/segment@200000/target-module@b000/i2c@0[0]'
[    2.785719] i2c i2c-0: using lookup tables for GPIO lookup
[    2.791233] i2c i2c-0: No GPIO consumer scl found
[    2.795994] i2c i2c-0: GPIO lookup for consumer sda
[    2.800896] i2c i2c-0: using device tree for GPIO lookup
[    2.806260] of_get_named_gpiod_flags: can't parse 'sda-gpios' property of node '/ocp/interconnect@44c00000/segment@200000/target-module@b000/i2c@0[0]'
[    2.819851] of_get_named_gpiod_flags: can't parse 'sda-gpio' property of node '/ocp/interconnect@44c00000/segment@200000/target-module@b000/i2c@0[0]'
[    2.833358] i2c i2c-0: using lookup tables for GPIO lookup
[    2.838893] i2c i2c-0: No GPIO consumer sda found
[    2.874869] tps65217-pmic: Failed to locate of_node [id: -1]
[    2.890976] tps65217-bl: Failed to locate of_node [id: -1]
[    2.899717] tps65217 0-0024: TPS65217 ID 0xe version 1.2
[    2.905748] /ocp/interconnect@48000000/segment@300000/target-module@e000/lcdc@0: Fixed dependency cycle(s) with /ocp/interconnect@44c00000/segment@200000/target-module@b000/i2c@0/tda19988@70
[    2.923058] /ocp/interconnect@44c00000/segment@200000/target-module@b000/i2c@0/tda19988@70: Fixed dependency cycle(s) with /ocp/interconnect@48000000/segment@300000/target-module@e000/lcdc@0
[    2.940416] omap_i2c 44e0b000.i2c: bus 0 rev0.11 at 400 kHz
[    2.947843] sdhci-omap 48060000.mmc: GPIO lookup for consumer cd
[    2.953912] sdhci-omap 48060000.mmc: using device tree for GPIO lookup
[    2.960609] of_get_named_gpiod_flags: parsed 'cd-gpios' property of node '/ocp/interconnect@48000000/segment@0/target-module@60000/mmc@0[0]' - status (0)
[    2.974557] gpio gpiochip3: Persistence not supported for GPIO 6
[    2.980608] omap_gpio 44e07000.gpio: Could not set line 6 debounce to 200000 microseconds (-22)
[    2.989408] sdhci-omap 48060000.mmc: Got CD GPIO
[    2.994079] sdhci-omap 48060000.mmc: GPIO lookup for consumer wp
[    3.000116] sdhci-omap 48060000.mmc: using device tree for GPIO lookup
[    3.006710] of_get_named_gpiod_flags: can't parse 'wp-gpios' property of node '/ocp/interconnect@48000000/segment@0/target-module@60000/mmc@0[0]'
[    3.019873] of_get_named_gpiod_flags: can't parse 'wp-gpio' property of node '/ocp/interconnect@48000000/segment@0/target-module@60000/mmc@ 0[0]'
[    3.032941] sdhci-omap 48060000.mmc: using lookup tables for GPIO lookup
[    3.039698] sdhci-omap 48060000.mmc: No GPIO consumer wp found
[    3.045762] sdhci-omap 48060000.mmc: supply pbias not found, using dummy regulator
[    3.054575] sdhci-omap 481d8000.mmc: GPIO lookup for consumer wp
[    3.060637] sdhci-omap 481d8000.mmc: using device tree for GPIO lookup
[    3.067282] of_get_named_gpiod_flags: can't parse 'wp-gpios' property of node '/ocp/interconnect@48000000/segment@100000/target-module@d8000/mm
[    6.454718] cpsw-switch 4a100000.switch eth0: Link is Up - 100Mbps/Full - flow control off
[    6.463110] IPv6: ADDRCONF(NETDEV_CHANGE): eth0: link becomes ready
[    6.504024] IP-Config: Complete:
[    6.507292]      device=eth0, hwaddr=64:8c:bb:ca:c5:75, ipaddr=192.168.255.3, mask=255.255.255.0, gw=255.255.255.255
[    6.517926]      host=bbb1, domain=, nis-domain=(none)
[    6.523090]      bootserver=192.168.255.126, rootserver=192.168.255.126, rootpath=
[    6.523524] clk: Disabling unused clocks
[    6.535399] KTAP version 1
[    6.538126] 1..0
[    6.562033] VFS: Mounted root (nfs filesystem) on device 0:16.
[    6.569040] devtmpfs: mounted
[    6.573646] Freeing unused kernel image (initmem) memory: 1024K
[    6.580362] Run /sbin/init as init process
[    6.584556]   with arguments:
[    6.587543]     /sbin/init
[    6.590261]     nfsrootdebug
[    6.593153]   with environment:
[    6.596372]     HOME=/
[    6.598745]     TERM=linux
[    7.350167] systemd[1]: System time before build time, advancing clock.
[    8.843966] random: crng init done
[    8.853257] systemd[1]: Mounting cgroup to /sys/fs/cgroup/memory of type cgroup with options memory.
[    8.884569] systemd[1]: Mounting cgroup to /sys/fs/cgroup/blkio of type cgroup with options blkio.
[    8.914431] systemd[1]: Mounting cgroup to /sys/fs/cgroup/net_cls of type cgroup with options net_cls.
[    8.924495] systemd[1]: Mounting cgroup to /sys/fs/cgroup/cpu,cpuacct of type cgroup with options cpu,cpuacct.
[    8.935345] systemd[1]: Mounting cgroup to /sys/fs/cgroup/perf_event of type cgroup with options perf_event.
[    8.945896] systemd[1]: Mounting cgroup to /sys/fs/cgroup/devices of type cgroup with options devices.
[    8.955866] systemd[1]: Mounting cgroup to /sys/fs/cgroup/cpuset of type cgroup with options cpuset.
[    8.965807] systemd[1]: Mounting cgroup to /sys/fs/cgroup/freezer of type cgroup with options freezer.
[    8.975743] systemd[1]: systemd 232 running in system mode. (+PAM +AUDIT +SELINUX +IMA +APPARMOR +SMACK +SYSVINIT +UTMP +LIBCRYPTSETUP +GCRYPT +GNUTLS +ACL +XZ +LZ4 +SECCOMP +BLKID +ELFUTILS +KMOD +IDN)
[    8.994226] systemd[1]: No virtualization found in DMI

Welcome to [1mDebian GNU/Linux 9 (stretch)[0m!

 [    9.459434] systemd-fstab-generator[85]: Parsing /etc/fstab
[    9.507630] systemd-getty-generator[87]: Automatically adding serial getty for /dev/ttyS0.
[    9.520347] systemd-gpt-auto-generator[82]: Neither root nor /usr file system are on a (single) block device.
[    9.562191] systemd-sysv-generator[90]: Native unit for sudo.service already exists, skipping.
[    9.573247] systemd-sysv-generator[90]: Native unit for apache-htcacheclean.service already exists, skipping.
[    9.588644] systemd-sysv-generator[90]:ice System Slice.
         Mounting POSIX Message Queue File System...[   10.478085] systemd[91]: dev-mqueue.mount: Executing: /bin/mount mqueue /dev/mqueue -t mqueue

[[0;32m  OK  [0m] Created slice system-serial\x2dgetty.slice.
[[0;32m  OK  [0m] Listening on udev Control Socket.
[[0;32m  OK  [0m] Listening on /dev/initctl Compatibility Named Pipe.
[[0;32m  OK  [0m] Listening on Journal Socket.
         Starting Remount Root and Kernel File Systems...
         Starting Create list of required stâ€¦ce nodes for the current kernel...
[[0;32m  OK  [0m] Created slice system-getty.slice.
[[0;32m  OK  [0m] Started Forward Password Requests to Wall Directory Watch.
         Starting Load Kernel Modules...
[[0;32m  OK  [0m] Reached target Remote File Systems.
         Starting Journal Service...
[[0;32m  OK  [0m] Reached target Swap.
[[0;32m  OK  [0m] Started Dispatch Password Requests to Console Directory Watch.
[[0;32m  OK  [0m] Reached target Paths.
[[0;32m  OK  [0m] Reached target Encrypted Volumes.
[[0;32m  OK  [0m] Reached target Slices.
         Mounting Debug File System...
[[0;32m  OK  [0m] Mounted POSIX Message Queue File System.
[[0;32m  OK  [0m] Started Remount Root and Kernel File Systems[   11.073232] systemd-journald[97]: Fixed min_use=1.0M max_use=24.5M max_size=3.0M min_size=512.0K keep_free=36.7M n_max_files=100
.
[[0;32m  OK  [0m] Started Create list of required staâ€¦vice nodes for the current kernel.
[   11.118186] systemd-journald[97]: Reserving 5582 entries in hash table.
[[0;32m  OK  [0m] Started Load Kernel Modules.
[[0;32m  OK  [0m] Mounted Debug File System.
[   11.151111] systemd-journald[97]: Vacuuming...
[   11.159020] systemd-journald[97]: Vacuuming done, freed 0B of archived journals from /run/log/journal/c2029cc3b8b4efd6445bffc4386d43a0.
[   11.186025] systemd-journald[97]: Flushing /dev/kmsg...
         Mounting Configuration File System...
         Starting Apply Kernel Variables...
         Starting Create Static Device Nodes in /dev...
         Starting Load/Save Random Seed...
         Starting udev Coldplug all Devices...
[[0;32m  OK  [0m] Mounted Configuration File System.
[[0;32m  OK  [0m] Started Apply Kernel Variables.
[[0;32m  OK  [0m] Started Load/Save Random Seed.
[[0;32m  OK  [0m] Started Create Static Device Nodes in /dev.
         Starting udev Kernel Device Manager...
[[0;32m  OK  [0m] Reached target Local File Systems (Pre).
[[0;32m  OK  [0m] Reached target Local File Systems.
         Starting Raise network interfaces...
[   12.301441] systemd-journald[97]: systemd-journald running as pid 97
[[0;32m  OK  [0m] Started Journal Service.[   12.387687] systemd-journald[97]: Sent READY=1 notification.

         Starting Flush Journal to Persistent Storage...
[   12.437851] systemd-journald[97]: Sent WATCHDOG=1 notification.
[   12.547808] systemd-journald[97]: Successfully sent stream file descriptor to service manager.
[   12.644374] systemd-journald[97]: Successfully sent stream file descriptor to service manager.
[[0;32m  OK  [0m] Started Flush Journal to Persistent Storage.
         Starting Create Volatile Files and Directories...
[[0;32m  OK  [0m] Started udev Kernel Device Manager.
[   14.574266] systemd[1]: Got message type=method_call sender=n/a destination=org.freedesktop.systemd1 object=/org/freedesktop/systemd1/unit/upstart_2eservice interface=org.freedesktop.DBus.Properties member=GetAll cookie=1 reply_cookie=0 error=n/a
 [   14.664274] systemd[1]: upstart.service: Failed to load configuration: No such file or directory
[   14.724501] systemd[1]: Sent message type=method_return sender=n/a destination=n/a object=n/a interface=n/a member=n/a cookie=1 reply_cookie=1 error=n/a
[   14.804462] systemd[1]: upstart.service: Collecting.
[   14.825238] systemd[1]: upstart.service: Failed to send unit change signal for upstart.service: Connection reset by peer
[   14.894357] systemd[1]: upstart.service: Failed to send unit remove signal for upstar
[[0;32m  OK  [0m] Started Create Volatile Files and Directories.
[   17.763495] systemd-journald[97]: Successfully sent stream file descriptor to service manager.
         Starting Network Time Synchronization...
[   17.866990] systemd-journald[97]: Successfully sent stream file descriptor to service manager.
         Starting Update UTMP about System Boot/Shutdown...
[   18.187994] systemd-journald[97]: /run/log/journal/c2029cc3b8b4efd6445bffc4386d43a0/system.journal: Journal header limits reached or header out-of-date, rotating.
[   18.206399] systemd-journald[97]: Rotating...
[   18.225655] systemd-journald[97]: Reserving 5582 entries in hash table.
[   18.245665] systemd-journald[97]: Vacuuming...
[   18.250759] systemd-journald[97]: Vacuuming done, freed 0B of archived journals from /run/log/journal/c2029cc3b8b4efd6445bffc4386d43a0.
[   18.276022] systemd-journald[97]: /run/log/journal/c2029cc3b8b4efd6445bffc4386d43a0/system.journal: Journal header limits reached or header out-of-date, rotating.
[   18.291315] systemd-journald[97]: Rotating...
[   18.300638] systemd-journald[97]: Reserving 5582 entries in hash table.
[[0;32m  OK  [0m] Started Update UTMP about System Boot/Shutdown.
[[0;32m  OK  [0m] Started Network Time Synchronization.
[[0;32m  OK  [0m] Reached target System Time Synchronized.
[[0;32m  OK  [0m] Reached target System Initialization.
[[0;32m  OK  [0m] Listening on Avahi mDNS/DNS-SD Stack Activation Socket.
[[0;32m  OK  [0m] Listening on D-Bus System Message Bus Socket.
[[0;32m  OK  [0m] Reached target Sockets.
[[0;32m  OK  [0m] Reached target Basic System.
         Starting Telephony service...
         Starting LSB: Load kernel modules needed to enable cpufreq scaling...
         Starting Avahi mDNS/DNS-SD Stack...
[   19.584355] systemd[1]: udhcpd.service: Forked /etc/init.d/udhcpd as 186
[   19.625652] systemd[1]: udhcpd.service: Changed dead -> start
         Starting LSB: Start busybox udhcpd at boot time...
[   19.715505] systemd[1]: cron.service: Passing 0 fds to service
[   19.784305] systemd[1]: cron.service: Forked /usr/sbin/cron as 188
[   19.834268] systemd[1]: cron.service: Changed dead -> running
[   19.866762] systemd[1]: cron.service: Job cron.service/start finished, result=done
[[0;32m  OK  [0m] Started Regular background program processing daemon.
[   20.004353] systemd[1]: dundee.service: Passing 0 fds to service
[   20.044420] systemd[1]: dundee.service: Forked /usr/sbin/dundee as 191
[   20.114277] systemd[1]: dundee.service: Changed dead -> start
         Starting DUN service...
[   20.184841] systemd[1]: dbus.service: Passing 1 fds to service
[[0;32m  OK  [0m] Started D-Bus System Message Bus.
[   20.333251] of_get_named_gpiod_flags: parsed 'gpios' property of node '/leds/led2[0]' - status (0)
[   20.342557] gpio gpiochip0: Persistence not supported for GPIO 21
[   20.348730] gpio-21 (?): no flags found for gpios
[   20.353727] of_get_named_gpiod_flags: parsed 'gpios' property of node '/leds/led3[0]' - status (0)
[   20.362859] gpio gpiochip0: Persistence not supported for GPIO 22
[   20.369015] gpio-22 (?): no flags found for gpios
[   20.494279] of_get_named_gpiod_flags: parsed 'gpios' property of node '/leds/led4[0]' - status (0)
[   20.503385] gpio gpiochip0: Persistence not supported for GPIO 23
[   20.509574] gpio-23 (?): no flags found for gpios
[   20.573780] of_get_named_gpiod_flags: parsed 'gpios' property of node '/leds/led5[0]' - status (0)
[   20.583180] gpio gpiochip0: Persistence not supported for GPIO 24
[   20.589359] gpio-24 (?): no flags found for gpios
 [[0;32m  OK  [0m] Started DUN service.
[   21.273073] Bluetooth: Core ver 2.22
[   21.277070] NET: Registered PF_BLUETOOTH protocol family
[   21.282419] Bluetooth: HCI device and connection manager initialized
[   21.288904] Bluetooth: HCI socket layer initialized
[   21.293817] Bluetooth: L2CAP socket layer initialized
[   21.298971] Bluetooth: SCO socket layer initialized
[[0;32m  OK  [0m] Started Avahi mDNS/DNS-SD Stack.
[[0;32m  OK  [0m] Started Telephony service.
         Starting Connection service...
[[0;32m  OK  [0m] Started LSB: Load kernel modules needed to enable cpufreq scaling.
[   27.568023] tda998x 0-0070: found TDA19988
[   27.651173] userial_init: registered 8 ttyGS* devices
[[0;32m  OK  [0m] Started LSB: Advanced IEEE 802.11 management daemon.
[[0;32m  OK  [0m] Started Permit User Sessions.
[   28.153428] rndis_register: configNr = 0
[[0;32m  OK  [0m] Started Login Service.
[   29.352438] systemd-journald[97]: Successfully sent stream file descriptor to service manager.
[   29.624285] systemd[1]: systemd-hostnamed.service: Passing 0 fds to service
[   29.674504] systemd[1]: systemd-hostnamed.service: Forked /lib/systemd/systemd-hostnamed as 366
[   29.736589] systemd-journald[97]: Successfully sent stream file descriptor to service manager.
[   29.746151] systemd[1]: systemd-hostnamed.service: Changed dead -> start
         Starting Hostname Service...
[   29.804234] systemd[1]: wpa_supplicant.service: Passing 0 fds to service
[   29.874260] systemd[1]: wpa_supplicant.service: Forked /sbin/wpa_supplicant as 367
[   29.916817] systemd-journald[97]: Successfully sent stream file descriptor to service manager.
[   29.944385] systemd[1]: wpa_supplicant.service: Changed dead -> start
         Starting WPA supplicant...
[   30.024331] systemd[1]: getty@tty1.service: ConditionPathExists=/dev/tty0 succeeded.
[   30.114325] systemd[1]: getty@tty1.service: Passing 0 fds to service
[   30.174353] systemd[1]: getty@tty1.service: Forked /sbin/agetty as 368
[   30.254407] systemd[1]: getty@tty1.service: Changed dead -> running
[[0;32m  OK  [0m] Started Getty on tty1.
[[0;32m  OK  [0m] Started Serial Getty on ttyS0.
[[0;32m  OK  [0m] Reached target Login Prompts.
[   30.757941] systemd-journald[97]: Successfully sent stream file descriptor to service manager.
         Starting LSB: set CPUFreq kernel parameters...
[   31.058210] tps6521x_pwrbutton tps65217-pwrbutton: DMA mask not set
[   31.083283] input: tps65217_pwrbutton as /devices/platform/ocp/44c00000.interconnect/44c00000.interconnect:segment@200000/44e0b000.target-module/44e0b000.i2c/i2c-0/0-0024/tps65217-pwrbutton/input/input0
[[0;32m  OK  [0m] Started OpenBSD Secure Shell server.
[   31.427116] wkup_m3_ipc 44e11324.wkup_m3_ipc: IPC Request for A8->M3 Channel failed! -517
[[0;32m  OK  [0m] Started The Apache HTTP Server.
[[0;32m  OK  [0m] Started WPA supplicant.
[   31.858482] omap_wdt: OMAP Watchdog Timer Rev 0x01: initial timeout 60 sec
[   31.869743] wkup_m3_ipc 44e11324.wkup_m3_ipc: IPC Request for A8->M3 Channel failed! -517
[   31.944925] omap_rtc 44e3e000.rtc: registered as rtc0
[   31.950093] omap_rtc 44e3e000.rtc: setting system clock to 2000-01-01T00:00:00 UTC (946684800)
[   31.958938] omap_rtc 44e3e000.rtc: GPIO lookup for consumer wp
[   31.964867] omap_rtc 44e3e000.rtc: using device tree for GPIO lookup
[   31.971277] of_get_named_gpiod_flags: can't parse 'wp-gpios' property of node '/ocp/interconnect@44c00000/segment@200000/target-module@3e000/rtc@0[0]'
[   31.984912] of_get_named_gpiod_flags: can't parse 'wp-gpio' property of node '/ocp/interconnect@44c00000/segment@200000/target-module@3e000/rtc@0[0]'
[   31.998430] omap_rtc 44e3e000.rtc: using lookup tables for GPIO lookup
[   32.005020] omap_rtc 44e3e000.rtc: No GPIO consumer wp found
[   32.012243] wkup_m3_ipc 44e11324.wkup_m3_ipc: IPC Request for A8->M3 Channel failed! -517
[   32.024643] systemd-journald[97]: Time jumped backwards, rotating.
[   32.030918] systemd-journald[97]: Rotating...
[   32.040413] systemd-journald[97]: Reserving 5582 entries in hash table.
[   32.057715] systemd-journald[97]: Vacuuming...
[   32.063076] systemd-journald[97]: Vacuuming done, freed 0B of archived journals from /run/log/journal/c2029cc3b8b4efd6445bffc4386d43a0.
 [[0;32m  OK  [0m] Started Hostname Service.
[   32.261363] wkup_m3_ipc 44e11324.wkup_m3_ipc: IPC Request for A8->M3 Channel failed! -517
[   32.349783] am335x-phy-driver 47401300.usb-phy: GPIO lookup for consumer reset
[   32.357328] am335x-phy-driver 47401300.usb-phy: using device tree for GPIO lookup
[   32.364958] of_get_named_gpiod_flags: can't parse 'reset-gpios' property of node '/ocp/target-module@47400000/usb-phy@1300[0]'
[   32.376482] of_get_named_gpiod_flags: can't parse 'reset-gpio' property of node '/oc
[   40.464286] systemd[1]: Sent message type=signal sender=n/a destination=n/a object=/org/freedesktop/systemd1 interface=org.freedesktop.systemd1.Manager member=UnitNew cookie=135 reply_cookie=0 error=n/a
[   41.394659] systemd[1]: sys-devices-virtual-block-ram0.device: Changed dead -> plugged
[   41.574365] systemd[1]: dev-ram10.device: Changed dead -> plugged
[   41.604434] systemd[1]: Sent message type=signal sender=n/a destination=n/a object=/org/freedesktop/systemd1 interface=org.freedesktop.systemd1.Manager member=UnitNew cookie=151 reply_cookie=0 error=n/a
[   42.284230] systemd[1]: sys-devices-virtual-block-ram4.device: Changed dead -> plugged
[   43.394283] systemd[1]: sys-devices-virtual-net-sit0.device: Changed dead -> plugged
[   46.818254] PM: Cannot get wkup_m3_ipc handle
[   46.824242] asoc-simple-card sound: GPIO lookup for consumer simple-audio-card,hp-det
[   46.832144] asoc-simple-card sound: using device tree for GPIO lookup
[   46.838692] of_get_named_gpiod_flags: can't parse 'simple-audio-card,hp-det-gpios' property of node '/sound[0]'
[   46.848928] of_get_named_gpiod_flags: can't parse 'simple-audio-card,hp-det-gpio' property of node '/sound[0]'
[   46.859026] asoc-simple-card sound: using lookup tables for GPIO lookup
[   46.865701] asoc-simple-card sound: No GPIO consumer simple-audio-card,hp-det found
[   46.873398] asoc-simple-card sound: GPIO lookup for consumer simple-audio-card,mic-det
[   46.881377] asoc-simple-card sound: using device tree for GPIO lookup
[   46.887879] of_get_named_gpiod_flags: can't parse 'simple-audio-card,mic-det-gpios' property of node '/sound[0]'
[   46.898144] of_get_named_gpiod_flags: can't parse 'simple-audio-card,mic-det-gpio' property of node '/sound[0]'
[   46.908315] asoc-simple-card sound: using lookup tables for GPIO lookup
[   46.914986] asoc-simple-card sound: No GPIO consumer simple-audio-card,mic-det found
[   46.929446] PM: Cannot get wkup_m3_ipc handle
[   47.554318] systemd[1]: dev-ttyGS0.device: Changed dead -> plugged
[   47.584355] systemd[1]: Sent message type=signal sender=n/a destination=n/a object=/org/freedesktop/systemd1 interface=org.freedesktop.systemd1.Manager member=UnitNew cookie=181 reply_cookie=0 error=n/a
[   48.964252] systemd[1]: systemd-timesyncd.service: Got notification message from PID 176 (STATUS=Idle.)
[   49.004335] systemd[1]: systemd-timesyncd.service: Got notification message from PID 176 (STATUS=Idle.)
[   49.044302] systemd[1]: systemd-timesyncd.service: Got notification message from PID 176 (STATUS=Idle.)
[   49.094254] systemd[1]: systemd-timesyncd.service: Got notification message from PID 176 (STATUS=Idle.)
[   49.134307] systemd[1]: systemd-timesyncd.service: Got notification message from PID 176 (STATUS=Idle.)
[   49.174392] systemd[1]: systemd-timesyncd.service: Got notification message from PID 176 (STATUS=Idle.)
[   49.224200] systemd[1]: systemd-timesyncd.service: Got notification message from PID 176 (STATUS=Idle.)
[   49.274279] systemd[1]: systemd-timesyncd.service: Got notification message from PID 176 (STATUS=Idle.)
 [   49.818688] systemd-journald[97]: Data hash table of /run/log/journal/c2029cc3b8b4efd6445bffc4386d43a0/system.journal has a fill level at 75.0 (4187 of 5582 items, 3215360 file size, 767 bytes per hash table item), suggesting rotation.
[   49.840304] systemd-journald[97]: /run/log/journal/c2029cc3b8b4efd6445bffc4386d43a0/system.journal: Journal header limits reached or header out-of-date, rotating.
[   49.855222] systemd-journald[97]: Rotating...
[   49.864639] systemd-journald[97]: Reserving 5582 entries in hash tab
Labgrid Console Logfile for main
Logfile started at 2024-12-14 22:54:01.006139
=== Log starts here ===
ready
DRAM:  512 MiB
No match for driver 'omap_hsmmc'
No match for driver 'omap_hsmmc'
Some drivers were not found
Reset Source: Power-on reset has occurred.
RTC 32KCLK Source: External.
MMC:   OMAP SD/MMC: 0, OMAP SD/MMC: 1
Loading Environment from EXT4... 
** Unable to use mmc 0:1 for loading the env **
Board: BeagleBone Black
<ethaddr> not set. Validating first E-fuse MAC
BeagleBone Black:
BeagleBone: cape eeprom: i2c_probe: 0x54:
BeagleBone: cape eeprom: i2c_probe: 0x55:
BeagleBone: cape eeprom: i2c_probe: 0x56:
BeagleBone: cape eeprom: i2c_probe: 0x57:
Net:   eth0: MII MODE
cpsw, usb_ether
Press SPACE to abort autoboot in 0 seconds
board_name=[A335BNLT] ...
board_rev=[00C0] ...
switch to partitions #0, OK
mmc0 is current device
SD/MMC found on device 0
switch to partitions #0, OK
mmc0 is current device
Scanning mmc 0:1...
gpio: pin 56 (gpio 56) value is 0
gpio: pin 55 (gpio 55) value is 0
gpio: pin 54 (gpio 54) value is 0
gpio: pin 53 (gpio 53) value is 1
switch to partitions #0, OK
mmc0 is current device
gpio: pin 54 (gpio 54) value is 1
Checking for: /uEnv.txt ...
584 bytes read in 2 ms (285.2 KiB/s)
gpio: pin 55 (gpio 55) value is 1
Loaded environment from /uEnv.txt
Importing environment from mmc ...
Checking if uenvcmd is set ...
gpio: pin 56 (gpio 56) value is 1
Running uenvcmd ...
cpsw Waiting for PHY auto negotiation to complete.. done
link up on port 0, speed 100, full duplex
Using cpsw device
TFTP from server 192.168.255.126; our IP address is 192.168.255.3
Filename 'zImage'.
Load address: 0x81000000
Loading: *#################################################################
	 #################################################################
	 #################################################################
	 #################################################################
	 #################################################################
	 ############################
	 3 MiB/s
done
Bytes transferred = 5170864 (4ee6b0 hex)
link up on port 0, speed 100, full duplex
Using cpsw device
TFTP from server 192.168.255.126; our IP address is 192.168.255.3
Filename 'am335x-boneblack.dtb'.
Load address: 0x82000000
Loading: *#######
	 2.7 MiB/s
done
Bytes transferred = 97630 (17d5e hex)
## Flattened Device Tree blob at 82000000
   Booting using the fdt blob at 0x82000000
   Loading Device Tree to 8ffe5000, end 8ffffd5d ... OK

Starting kernel ...

[    0.000000] Booting Linux on physical CPU 0x0
[    0.000000] Linux version 6.1.120 (user01@drvtest01) (arm-linux-gnueabihf-gcc (Linaro GCC 6.4-2017.11) 6.4.1 20171012, GNU ld (Linaro_Binutils-2017.11) 2.27.0.20161229) #11 SMP Sat Dec 14 22:11:15 EET 2024
[    0.000000] CPU: ARMv7 Processor [413fc082] revision 2 (ARMv7), cr=10c5387d
[    0.000000] CPU: PIPT / VIPT nonaliasing data cache, VIPT aliasing instruction cache
[    0.000000] OF: fdt: Machine model: TI AM335x BeagleBone Black
[    0.000000] earlycon: omap8250 at MMIO 0x44e09000 (options '')
[    0.000000] printk: bootconsole [omap8250] enabled
[    0.000000] Memory policy: Data cache writeback
[    0.000000] cma: Reserved 16 MiB at 0x9ec00000
[    0.000000] Zone ranges:
[    0.000000]   Normal   [mem 0x0000000080000000-0x000000009fdfffff]
[    0.000000]   HighMem  empty
[    0.000000] Movable zone start for each node
[    0.000000] Early memory node ranges
[    0.000000]   node   0: [mem 0x0000000080000000-0x000000009fdfffff]
[    0.000000] Initmem setup node 0 [mem 0x0000000080000000-0x000000009fdfffff]
[    0.000000] CPU: All CPU(s) started in SVC mode.
[    0.000000] AM335X ES2.1 (sgx neon)
[    0.000000] percpu: Embedded 16 pages/cpu s34196 r8192 d23148 u65536
[    0.000000] pcpu-alloc: s34196 r8192 d23148 u65536 alloc=16*4096
[    0.000000] pcpu-alloc: [0] 0 
[    0.000000] Built 1 zonelists, mobility grouping on.  Total pages: 129412
[    0.000000] Kernel command line: console=ttyO0,115200n8 debug earlycon root=/dev/nfs rw nfsroot=192.168.255.126:/home/user01/nfs,nfsvers=3 ip=192.168.255.3:192.168.255.126::255.255.255.0:bbb1:eth0 nfsrootdebug
[    0.000000] Unknown kernel command line parameters "nfsrootdebug", will be passed to user space.
[    0.000000] Dentry cache hash table entries: 65536 (order: 6, 262144 bytes, linear)
[    0.000000] Inode-cache hash table entries: 32768 (order: 5, 131072 bytes, linear)
[    0.000000] mem auto-init: stack:off, heap alloc:off, heap free:off
[    0.000000] Memory: 484644K/522240K available (10240K kernel code, 1143K rwdata, 2604K rodata, 1024K init, 287K bss, 21212K reserved, 16384K cma-reserved, 0K highmem)
[    0.000000] SLUB: HWalign=64, Order=0-3, MinObjects=0, CPUs=1, Nodes=1
[    0.000000] trace event string verifier disabled
[    0.000000] rcu: Hierarchical RCU implementation.
[    0.000000] rcu: 	RCU event tracing is enabled.
[    0.000000] rcu: 	RCU restricting CPUs from NR_CPUS=2 to nr_cpu_ids=1.
[    0.000000] rcu: RCU calculated value of scheduler-enlistment delay is 10 jiffies.
[    0.000000] rcu: Adjusting geometry for rcu_fanout_leaf=16, nr_cpu_ids=1
[    0.000000] NR_IRQS: 16, nr_irqs: 16, preallocated irqs: 16
[    0.000000] IRQ: Found an INTC at 0x(ptrval) (revision 5.0) with 128 interrupts
[    0.000000] rcu: srcu_init: Setting srcu_struct sizes based on contention.
[    0.000000] TI gptimer clocksource: always-on /ocp/interconnect@44c00000/segment@200000/target-module@31000
[    0.000002] sched_clock: 32 bits at 24MHz, resolution 41ns, wraps every 89478484971ns
[    0.008071] clocksource: dmtimer: mask: 0xffffffff max_cycles: 0xffffffff, max_idle_ns: 79635851949 ns
[    0.018062] TI gptimer clockevent: 24000000 Hz at /ocp/interconnect@48000000/segment@0/target-module@40000
[    0.029570] Console: colour dummy device 80x30
[    0.034190] WARNING: Your 'console=ttyO0' has been replaced by 'ttyS0'
[    0.041000] This ensures that you still see kernel messages. Please
[    0.047449] update your kernel commandline.
[    0.051801] Calibrating delay loop... 996.14 BogoMIPS (lpj=4980736)
[    0.094543] CPU: Testing write buffer coherency: ok
[    0.099658] CPU0: Spectre v2: using BPIALL workaround
[    0.104857] pid_max: default: 32768 minimum: 301
[    0.109750] LSM: Security Framework initializing
[    0.114677] Mount-cache hash table entries: 1024 (order: 0, 4096 bytes, linear)
[    0.122252] Mountpoint-cache hash table entries: 1024 (order: 0, 4096 bytes, linear)
[    0.131785] CPU0: thread -1, cpu 0, socket -1, mpidr 0
[    0.138496] Setting up static identity map for 0x80100000 - 0x80100078
[    0.145473] rcu: Hierarchical SRCU implementation.
[    0.150457] rcu: 	Max phase no-delay instances is 1000.
[    0.157192] smp: Bringing up secondary CPUs ...
[    0.161949] smp: Brought up 1 node, 1 CPU
[    0.166080] SMP: Total of 1 processors activated (996.14 BogoMIPS).
[    0.172549] CPU: All CPU(s) started in SVC mode.
[    0.178311] devtmpfs: initialized
[    0.197155] VFP support v0.3: implementor 41 architecture 3 part 30 variant c rev 3
[    0.205499] clocksource: jiffies: mask: 0xffffffff max_cycles: 0xffffffff, max_idle_ns: 19112604462750000 ns
[    0.215691] futex hash table entries: 256 (order: 2, 16384 bytes, linear)
[    0.224014] pinctrl core: initialized pinctrl subsystem
[    0.231617] NET: Registered PF_NETLINK/PF_ROUTE protocol family
[    0.239838] DMA: preallocated 256 KiB pool for atomic coherent allocations
[    0.247509] audit: initializing netlink subsys (disabled)
[    0.254412] thermal_sys: Registered thermal governor 'fair_share'
[    0.254434] thermal_sys: Registered thermal governor 'step_wise'
[    0.260790] thermal_sys: Registered thermal governor 'user_space'
[    0.267066] audit: type=2000 audit(0.220:1): state=initialized audit_enabled=0 res=1
[    0.281422] cpuidle: using governor menu
[    0.302087] /ocp/interconnect@44c00000/segment@200000/target-module@b000/i2c@0/tda19988@70: Fixed dependency cycle(s) with /ocp/interconnect@48000000/segment@300000/target-module@e000/lcdc@0
[    0.320739] /ocp/interconnect@48000000/segment@300000/target-module@e000/lcdc@0: Fixed dependency cycle(s) with /ocp/interconnect@44c00000/segment@200000/target-module@b000/i2c@0/tda19988@70
[    0.340313] No ATAGs?
[    0.342669] hw-breakpoint: debug architecture 0x4 unsupported.
[    0.358030] kprobes: kprobe jump-optimization is enabled. All kprobes are optimized if possible.
[    0.390938] reg-fixed-voltage fixedregulator0: GPIO lookup for consumer (null)
[    0.398496] reg-fixed-voltage fixedregulator0: using device tree for GPIO lookup
[    0.406125] of_get_named_gpiod_flags: can't parse 'gpios' property of node '/fixedregulator0[0]'
[    0.415220] of_get_named_gpiod_flags: can't parse 'gpio' property of node '/fixedregulator0[0]'
[    0.424207] reg-fixed-voltage fixedregulator0: using lookup tables for GPIO lookup
[    0.432016] reg-fixed-voltage fixedregulator0: No GPIO consumer (null) found
[    0.440523] iommu: Default domain type: Translated 
[    0.445556] iommu: DMA domain TLB invalidation policy: strict mode 
[    0.453558] SCSI subsystem initialized
[    0.524793] libata version 3.00 loaded.
[    0.529152] pps_core: LinuxPPS API ver. 1 registered
[    0.534266] pps_core: Software ver. 5.3.6 - Copyright 2005-2007 Rodolfo Giometti <giometti@linux.it>
[    0.543725] PTP clock support registered
[    0.580748] vgaarb: loaded
[    0.583919] clocksource: Switched to clocksource dmtimer
[    0.590097] VFS: Disk quotas dquot_6.6.0
[    0.594292] VFS: Dquot-cache hash table entries: 1024 (order 0, 4096 bytes)
[    0.646454] NET: Registered PF_INET protocol family
[    0.651831] IP idents hash table entries: 8192 (order: 4, 65536 bytes, linear)
[    0.660747] tcp_listen_portaddr_hash hash table entries: 512 (order: 0, 4096 bytes, linear)
[    0.669435] Table-perturb hash table entries: 65536 (order: 6, 262144 bytes, linear)
[    0.677445] TCP established hash table entries: 4096 (order: 2, 16384 bytes, linear)
[    0.685478] TCP bind hash table entries: 4096 (order: 4, 65536 bytes, linear)
[    0.692913] TCP: Hash tables configured (established 4096 bind 4096)
[    0.699591] UDP hash table entries: 256 (order: 1, 8192 bytes, linear)
[    0.706364] UDP-Lite hash table entries: 256 (order: 1, 8192 bytes, linear)
[    0.713731] NET: Registered PF_UNIX/PF_LOCAL protocol family
[    0.787919] RPC: Registered named UNIX socket transport module.
[    0.794102] RPC: Registered udp transport module.
[    0.798943] RPC: Registered tcp transport module.
[    0.803779] RPC: Registered tcp NFSv4.1 backchannel transport module.
[    0.810440] PCI: CLS 0 bytes, default 64
[    0.816069] Initialise system trusted keyrings
[    0.860219] workingset: timestamp_bits=14 max_order=17 bucket_order=3
[    0.898606] NFS: Registering the id_resolver key type
[    0.904013] Key type id_resolver registered
[    0.908322] Key type id_legacy registered
[    0.912508] jffs2: version 2.2. (NAND) (SUMMARY)  Â© 2001-2006 Red Hat, Inc.
[    0.939084] Key type asymmetric registered
[    0.943321] Asymmetric key parser 'x509' registered
[    0.948563] io scheduler mq-deadline registered
[    0.953232] io scheduler kyber registered
[    0.957647] io scheduler bfq registered
[    1.000247] Serial: 8250/16550 driver, 6 ports, IRQ sharing enabled
[    1.047684] brd: module loaded
[    1.078675] loop: module loaded
[    1.082828] mtdoops: mtd device (mtddev=name/number) must be supplied
[    1.091016] mdio_bus fixed-0: GPIO lookup for consumer reset
[    1.096962] mdio_bus fixed-0: using lookup tables for GPIO lookup
[    1.103238] mdio_bus fixed-0: No GPIO consumer reset found
[    1.110053] i2c_dev: i2c /dev entries driver
[    1.115467] cpuidle: enable-method property 'ti,am3352' found operations
[    1.122817] sdhci: Secure Digital Host Controller Interface driver
[    1.129269] sdhci: Copyright(c) Pierre Ossman
[    1.133990] sdhci-pltfm: SDHCI platform and OF driver helper
[    1.197323] ledtrig-cpu: registered to indicate activity on CPUs
[    1.204409] Initializing XFRM netlink socket
[    1.209407] NET: Registered PF_INET6 protocol family
[    1.238498] Segment Routing with IPv6
[    1.242357] In-situ OAM (IOAM) with IPv6
[    1.246566] sit: IPv6, IPv4 and MPLS over IPv4 tunneling driver
[    1.253562] NET: Registered PF_PACKET protocol family
[    1.258872] NET: Registered PF_KEY protocol family
[    1.263940] Key type dns_resolver registered
[    1.268504] ThumbEE CPU extension supported.
[    1.272936] Registering SWP/SWPB emulation handler
[    1.278409] omap_voltage_late_init: Voltage driver support not added
[    1.285361] SmartReflex Class3 initialized
[    1.345371] Loading compiled-in X.509 certificates
[    1.425482] /ocp/interconnect@44c00000/segment@200000/target-module@b000/i2c@0/tda19988@70: Fixed dependency cycle(s) with /ocp/interconnect@48000000/segment@300000/target-module@e000/lcdc@0
[    1.449209] /ocp/interconnect@44c00000/segment@200000/target-module@b000/i2c@0/tda19988@70: Fixed dependency cycle(s) with /ocp/interconnect@48000000/segment@300000/target-module@e000/lcdc@0
[    1.474613] /ocp/interconnect@44c00000/segment@200000/target-module@b000/i2c@0/tda19988@70: Fixed dependency cycle(s) with /ocp/interconnect@48000000/segment@300000/target-module@e000/lcdc@0
[    1.493014] /ocp/interconnect@44c00000/segment@200000/target-module@b000/i2c@0/tda19988@70: Fixed dependency cycle(s) with /ocp/interconnect@48000000/segment@300000/target-module@e000/lcdc@0
[    1.513693] /ocp/interconnect@44c00000/segment@200000/target-module@10000/scm@0/pinmux@800: Fixed dependency cycle(s) with /ocp/interconnect@44c00000/segment@200000/target-module@10000/scm@0/pinmux@800/pinmux_clkout2_pin
[    1.534593] pinctrl-single 44e10800.pinmux: 142 pins, size 568
[    1.545658] ti-sysc: probe of 44e31000.target-module failed with error -16
[    1.706986] /ocp/interconnect@48000000/segment@300000/target-module@e000/lcdc@0: Fixed dependency cycle(s) with /ocp/interconnect@44c00000/segment@200000/target-module@b000/i2c@0/tda19988@70
[    1.731826] ti-sysc: probe of 48040000.target-module failed with error -16
[    1.749592] gpio gpiochip0: (gpio-0-31): created GPIO range 0->7 ==> 44e10800.pinmux PIN 0->7
[    1.758559] gpio gpiochip0: (gpio-0-31): created GPIO range 8->11 ==> 44e10800.pinmux PIN 90->93
[    1.767644] gpio gpiochip0: (gpio-0-31): created GPIO range 12->27 ==> 44e10800.pinmux PIN 12->27
[    1.776807] gpio gpiochip0: (gpio-0-31): created GPIO range 28->31 ==> 44e10800.pinmux PIN 30->33
[    1.786023] gpio gpiochip0: (gpio-0-31): not an immutable chip, please consider fixing it!
[    1.796028] gpio gpiochip0: (gpio-0-31): added GPIO chardev (254:0)
[    1.802628] gpio gpiochip0: registered GPIOs 0 to 31 on gpio-0-31
[    1.809046] OMAP GPIO hardware version 0.1
[    1.825205] i2c i2c-2: GPIO lookup for consumer scl
[    1.830264] i2c i2c-2: using device tree for GPIO lookup
[    1.835829] of_get_named_gpiod_flags: can't parse 'scl-gpios' property of node '/ocp/interconnect@48000000/segment@100000/target-module@9c000/i2c@0[0]'
[    1.849866] of_get_named_gpiod_flags: can't parse 'scl-gpio' property of node '/ocp/interconnect@48000000/segment@100000/target-module@9c000/i2c@0[0]'
[    1.863799] i2c i2c-2: using lookup tables for GPIO lookup
[    1.869482] i2c i2c-2: No GPIO consumer scl found
[    1.874360] i2c i2c-2: GPIO lookup for consumer sda
[    1.879379] i2c i2c-2: using device tree for GPIO lookup
[    1.884870] of_get_named_gpiod_flags: can't parse 'sda-gpios' property of node '/ocp/interconnect@48000000/segment@100000/target-module@9c000/i2c@0[0]'
[    1.898882] of_get_named_gpiod_flags: can't parse 'sda-gpio' property of node '/ocp/interconnect@48000000/segment@100000/target-module@9c000/i2c@0[0]'
[    1.912799] i2c i2c-2: using lookup tables for GPIO lookup
[    1.918463] i2c i2c-2: No GPIO consumer sda found
[    1.924046] omap_i2c 4819c000.i2c: bus 2 rev0.11 at 100 kHz
[    1.935037] gpio gpiochip1: (gpio-32-63): created GPIO range 0->17 ==> 44e10800.pinmux PIN 34->51
[    1.944281] gpio gpiochip1: (gpio-32-63): created GPIO range 18->21 ==> 44e10800.pinmux PIN 77->80
[    1.953511] gpio gpiochip1: (gpio-32-63): created GPIO range 22->31 ==> 44e10800.pinmux PIN 56->65
[    1.962817] gpio gpiochip1: (gpio-32-63): not an immutable chip, please consider fixing it!
[    1.972019] gpio gpiochip1: (gpio-32-63): added GPIO chardev (254:1)
[    1.978797] gpio gpiochip1: registered GPIOs 32 to 63 on gpio-32-63
[    1.987382] gpio gpiochip2: (gpio-64-95): created GPIO range 0->4 ==> 44e10800.pinmux PIN 66->70
[    1.996547] gpio gpiochip2: (gpio-64-95): created GPIO range 5->6 ==> 44e10800.pinmux PIN 98->99
[    2.005625] gpio gpiochip2: (gpio-64-95): created GPIO range 7->8 ==> 44e10800.pinmux PIN 75->76
[    2.014698] gpio gpiochip2: (gpio-64-95): created GPIO range 13->13 ==> 44e10800.pinmux PIN 141->141
[    2.024126] gpio gpiochip2: (gpio-64-95): created GPIO range 14->21 ==> 44e10800.pinmux PIN 100->107
[    2.033585] gpio gpiochip2: (gpio-64-95): not an immutable chip, please consider fixing it!
[    2.042640] gpio gpiochip2: (gpio-64-95): added GPIO chardev (254:2)
[    2.049359] gpio gpiochip2: registered GPIOs 64 to 95 on gpio-64-95
[    2.061794] /ocp/interconnect@48000000/segment@300000/target-module@e000/lcdc@0: Fixed dependency cycle(s) with /ocp/interconnect@44c00000/segment@200000/target-module@b000/i2c@0/tda19988@70
[    2.082093] /ocp/interconnect@48000000/segment@300000/target-module@e000/lcdc@0: Fixed dependency cycle(s) with /ocp/interconnect@44c00000/segment@200000/target-module@b000/i2c@0/tda19988@70
[    2.100401] /ocp/interconnect@44c00000/segment@200000/target-module@b000/i2c@0/tda19988@70: Fixed dependency cycle(s) with /oc p/interconnect@48000000/segment@300000/target-module@e000/lcdc@0
[    2.118074] /ocp/interconnect@48000000/segment@300000/target-module@e000/lcdc@0: Fixed dependency cycle(s) with /ocp/interconnect@44c00000/segment@200000/target-module@b000/i2c@0/tda19988@70
[    2.144116] mdio_bus 4a101000.mdio: GPIO lookup for consumer reset
[    2.150512] mdio_bus 4a101000.mdio: using device tree for GPIO lookup
[    2.157193] of_get_named_gpiod_flags: can't parse 'reset-gpios' property of node '/ocp/interconnect@4a000000/segment@0/No GPIO consumer reset found
[    2.370287] davinci_mdio 4a101000.mdio: phy[0]: device 4a101000.mdio:00, driver SMSC LAN8710/LAN8720
[    2.380288] cpsw-switch 4a100000.switch: initialized cpsw ale version 1.4
[    2.387398] cpsw-switch 4a100000.switch: ALE Table size 1024
[    2.393403] cpsw-switch 4a100000.switch: cpts: overflow check period 500 (jiffies)
[    2.401274] cpsw-switch 4a100000.switch: CPTS: ref_clk_freq:250000000 calc_mult:2147483648 calc_shift:29 error:0 nsec/sec
[    2.412681] cpsw-switch 4a100000.switch: Detected MACID = 64:8c:bb:ca:c5:75
[    2.421566] cpsw-switch 4a100000.switch: initialized (regs 0x4a100000, pool size 256) hw_ver:0019010C 1.12 (0)
[    2.442057] debugfs: Directory '49000000.dma' with parent 'dmaengine' already present!
[    2.450397] edma 49000000.dma: TI EDMA DMA engine driver
[    2.474703] hw perfevents: enabled with armv7_cortex_a8 PMU driver, 5 counters available
[    2.483864] gpio-clk clk_mcasp0: GPIO lookup for consumer enable
[    2.490172] gpio-clk clk_mcasp0: using device tree for GPIO lookup
[    2.496616] of_get_named_gpiod_flags: parsed 'enable-gpios' property of node '/clk_mcasp0[0]' - status (0)
[    2.506691] gpio gpiochip0: Persistence not supported for GPIO 27
[    2.513806] gpio gpiochip3: (gpio-96-127): created GPIO range 0->7 ==> 44e10800.pinmux PIN 82->89
[    2.523055] gpio gpiochip3: (gpio-96-127): created GPIO range 8->11 ==> 44e10800.pinmux PIN 52->55
[    2.532314] gpio gpiochip3: (gpio-96-127): created GPIO range 12->15 ==> 44e10800.pinmux PIN 94->97
[    2.541679] gpio gpiochip3: (gpio-96-127): created GPIO range 16->17 ==> 44e10800.pinmux PIN 71->72
[    2.551022] gpio gpiochip3: (gpio-96-127): created GPIO range 18->18 ==> 44e10800.pinmux PIN 135->135
[    2.560542] gpio gpiochip3: (gpio-96-127): created GPIO range 19->20 ==> 44e10800.pinmux PIN 108->109
[    2.570061] gpio gpiochip3: (gpio-96-127): created GPIO range 21->21 ==> 44e10800.pinmux PIN 73->73
[    2.579400] gpio gpiochip3: (gpio-96-127): created GPIO range 22->23 ==> 44e10800.pinmux PIN 8->9
[    2.588571] gpio gpiochip3: (gpio-96-127): created GPIO range 26->27 ==> 44e10800.pinmux PIN 10->11
[    2.597913] gpio gpiochip3: (gpio-96-127): created GPIO range 28->28 ==> 44e10800.pinmux PIN 74->74
[    2.607253] gpio gpiochip3: (gpio-96-127): created GPIO range 29->29 ==> 44e10800.pinmux PIN 81->81
[    2.616628] gpio gpiochip3: (gpio-96-127): created GPIO range 30->31 ==> 44e10800.pinmux PIN 28->29
[    2.626028] gpio gpiochip3: (gpio-96-127): not an immutable chip, please consider fixing it!
[    2.639917] l3-aon-clkctrl:0000:0: failed to disable
[    2.645658] gpio gpiochip3: (gpio-96-127): added GPIO chardev (254:3)
[    2.652416] gpio gpiochip3: registered GPIOs 96 to 127 on gpio-96-127
[    2.660687] omap8250 44e09000.serial: GPIO lookup for consumer rs485-term
[    2.667831] omap8250 44e09000.serial: using device tree for GPIO lookup
[    2.674690] of_get_named_gpiod_flags: can't parse 'rs485-term-gpios' property of node '/ocp/interconnect@44c00000/segment@200000/target-module@9000/serial@0[0]'
[    2.689521] of_get_named_gpiod_flags: can't parse 'rs485-term-gpio' property of node '/ocp/interconnect@44c00000/segment@200000/target-module@9000/serial@0[0]'
[    2.704253] omap8250 44e09000.s erial: using lookup tables for GPIO lookup
[    2.711240] omap8250 44e09000.serial: No GPIO consumer rs485-term found
[    2.718113] 44e09000.serial: ttyS0 at MMIO 0x44e09000 (irq = 34, base_baud = 3000000) is a 8250
[    2.727178] printk: console [ttyS0] enabled
[    2.727178] printk: console [ttyS0] enabled
[    2.735713] printk: bootconsole [omap8250] disabled
[    2.735713] printk: bootconsole [omap8250] disabled
[    2.748058] i2c i2c-0: GPIO lookup for consumer scl
[    2.752996] i2c i2c-0: using device tree 
[    6.454680] cpsw-switch 4a100000.switch eth0: Link is Up - 100Mbps/Full - flow control off
[    6.463072] IPv6: ADDRCONF(NETDEV_CHANGE): eth0: link becomes ready
[    6.503995] IP-Config: Complete:
[    6.507265]      device=eth0, hwaddr=64:8c:bb:ca:c5:75, ipaddr=192.168.255.3, mask=255.255.255.0, gw=255.255.255.255
[    6.517899]      host=bbb1, domain=, nis-domain=(none)
[    6.523064]      bootserver=192.168.255.126, rootserver=192.168.255.126, rootpath=
[    6.523500] clk: Disabling unused clocks
[    6.535363] KTAP version 1
[    6.538088] 1..0
[    6.562079] VFS: Mounted root (nfs filesystem) on device 0:16.
[    6.569107] devtmpfs: mounted
[    6.573712] Freeing unused kernel image (initmem) memory: 1024K
[    6.580519] Run /sbin/init as init process
[    6.584721]   with arguments:
[    6.587707]     /sbin/init
[    6.590424]     nfsrootdebug
[    6.593315]   with environment:
[    6.596500]     HOME=/
[    6.598872]     TERM=linux
[    7.346479] systemd[1]: System time before build time, advancing clock.
[    8.813928] random: crng init done
[    8.823396] systemd[1]: Mounting cgroup to /sys/fs/cgroup/freezer of type cgroup with options freezer.
[    8.833717] systemd[1]: Mounting cgroup to /sys/fs/cgroup/cpu,cpuacct of type cgroup with options cpu,cpuacct.
[    8.844742] systemd[1]: Mounting cgroup to /sys/fs/cgroup/cpuset of type cgroup with options cpuset.
[    8.854868] systemd[1]: Mounting cgroup to /sys/fs/cgroup/net_cls of type cgroup with options net_cls.
[    8.864919] systemd[1]: Mounting cgroup to /sys/fs/cgroup/blkio of type cgroup with options blkio.
[    8.904353] systemd[1]: Mounting cgroup to /sys/fs/cgroup/devices of type cgroup with options devices.
[    8.914363] systemd[1]: Mounting cgroup to /sys/fs/cgroup/perf_event of type cgroup with options perf_event.
[    8.924839] systemd[1]: Mounting cgroup to /sys/fs/cgroup/memory of type cgroup with options memory.
[    8.964423] systemd[1]: systemd 232 running in system mode. (+PAM +AUDIT +SELINUX +IMA +APPARMOR +SMACK +SYSVINIT +UTMP +LIBCRYPTSETUP +GCRYPT +GNUTLS +ACL +XZ +LZ4 +SECCOMP +BLKID +ELFUTILS +KMOD +IDN)
[    8.982806] systemd[1]: No virtualization found in DMI

Welcome to [1mDebian GNU/Linux 9 (stretch)[0m!

[    9.413205] systemd-fstab-generator[84]: Parsing /etc/fstab
[    9.499423] systemd-getty-generator[86]: Automatically adding serial getty for /dev/ttyS0.
[    9.509354] systemd-gpt-auto-generator[81]: Neither root nor /usr file system are on a (single) block device.
[    9.551467] systemd-sysv-generator[89]: Native unit for sudo.service already exists, skipping.
[    9.562887] systemd-sysv-generator[89]: Native unit for apache-htcacheclean.service already exists, skipping.
[    9.578209] systemd-sysv-generator[89]: Native unit for kmod.service already exists, skipping.
[    9.589124] systemd-sysv-generator[89]: Native unit for dbus.service already exists, skipping.
[    9.600604] systemd-sysv-generator[89]: Cannot find unit hostapd.service.
[    9. 609610] systemd-sysv-generator[89]: Cannot find unit loadcpufreq.service.
[    9.618964] systemd-sysv-generator[89]: Native unit for ofono.service already exists, skipping.
[    9.629896] systemd-sysv-generator[89]: Native unit for avahi-daemon.service already exists, skipping.
[    9.641396] systemd-sysv-generator[89]: Native unit for cron.service already exists, skipping.
[    9.653015] systemd-sysv-generator[89]: Native unit for hwclock.service already exists, skipping.
[    9.727322] printk: systemd-sysv-ge: 61 ou
[[0;32m  OK  [0m] Mounted Configuration File System.
[[0;32m  OK  [0m] Started Load/Save Random Seed.
[[0;32m  OK  [0m] Started Apply Kernel Variables.
[[0;32m  OK  [0m] Started Create Static Device Nodes in /dev.
         Starting udev Kernel Device Manager...
[[0;32m  OK  [0m] Reached target Local File Systems (Pre).
[[0;32m  OK  [0m] Reached target Local File Systems.
         Starting Raise network interfaces...
[   12.409586] systemd-journald[96]: systemd-journald running as pid 96
[[0;32m  OK  [0m] Started Journal Service.
[   12.529559] systemd-journald[96]: Sent READY=1 notification.
         Starting Flush Journal to Persistent Storage...
[   12.581395] systemd-journald[96]: Sent WATCHDOG=1 notification.
[   12.656147] systemd-journald[96]: Successfully sent stream file descriptor to service manager.
[   12.751793] systemd-journald[96]: Successfully sent stream file descriptor to service manager.
[[0;32m  OK  [0m] Started Flush Journal to Persistent Storage.
         Starting Create Volatile Files and Directories...
[[0;32m  OK  [0m] Started udev Kernel Device Manager.
[   14.634267] systemd[1]: Accepted new private connection.
[   14.664325] systemd[1]: Got message type=method_call sender=n/a destination=org.freedesktop.systemd1 object=/org/freedesktop/systemd1/unit/upstart_2eservice interface=org.freedesktop.DBus.Properties member=GetAll cookie=1 reply_cookie=0 error=n/a
[   14.744271] systemd[1]: upstart.service: Failed to load configuration: No such file or directory
[   14.814875] systemd[1]: Sent message type=method_return sender=n/a destination=n/a object=n/a interface=n/a member=n/a cookie=1 reply_cookie=1 error=n/a
[   14.884265] systemd[1]: upstart.service: Collecting.
[   14.904196] systemd[1]: upstart.service: Failed to send unit change signal for upstart.service: Connection reset by peer
[   14.974244] systemd[1]: upstart.service: Failed to send unit remove signal for upstart.service: Transport endpoint is not connected
[   15.024244] systemd[1]: Received SIGCHLD from PID 114 (udevadm).
[   15.044206] systemd[1]: Child 114 (udevadm) died (code=exited, status=0/SUCCESS)
[   15.068266] systemd[1]: systemd-udev-trigger.service: Child 114 belongs to systemd-udev-trigger.service
[[0;32m  OK  [0m] Started udev Coldplug all Devices.
[[0;32m  OK  [0m] Started Raise network interfaces.
[[0;32m  OK  [0m] Started Create Volatile Files and Directories.
[   17.706414] systemd-journald[96]: Successfully sent stream file descriptor to service manager.
         Starting Update UTMP about System Boot/Shutdown...
[   17.936914] systemd-journald[96]: Successfully sent stream file descriptor to service manager.
         Starting Network Time Synchronization...
[[0;32m  OK  [0m] Started Update UTMP about System Boot/Shutdown.
[   18.358260] systemd-journald[96]: /run/log/journal/c2029cc3b8b4efd6445bffc4386d43a0/system.journal: Journal header limits reached or header out-of-date, rotating.
[   18.374122] systemd-journald[96]: Rotating...
[   18.383196] systemd-journald[96]: Reserving 5582 entries in hash table.
[   18.391988] systemd-journald[96]: Vacuuming...
[   18.397812] systemd-journald[96]: Vacuuming done, freed 0B of archived journals from /run/log/journal/c2029cc3b8b4efd6445bffc4386d43a0.
[   18.414737] systemd-journald[96]: /run/log/journal/c2029cc3b8b4efd6445bffc4386d43a0/system.journal: Journal header limits reached or header out-of-date, rotating.
[   18.431206] systemd-journald[96]: Rotating...
[   18.440538] systemd-journald[96]: Reserving 5582 entries in hash table.
[[0;32m  OK  [0m] Started Network Time Synchronization.
[[0;32m  OK  [0m] Reached target System Time Synchronized.
[[0;32m  OK  [0m] Reached target System Initialization.
[[0;32m  OK  [0m] Listening on D-Bus System Message Bus Socket.
[[0;32m  OK  [0m] Listening on Avahi mDNS/DNS-SD Stack Activation Socket.
[[0;32m  OK  [0m] Reached target Sockets.
[[0;32m  OK  [0m] Reached target Basic System.
         Starting Login Service...
         Starting Generic Board Startup...
[[0;32m  OK  [0m] Started Regular background program processing daemon.
[   19.664212] systemd[1]: dbus.service: Forked /usr/bin/dbus-daemon as 188
[   19.714258] systemd[1]: dbus.service: Changed dead -> running
[   19.734688] systemd[1]: dbus.service: Job dbus.service/start finished, result=done
[[0;32m  OK  [0m] Started D-Bus System Message Bus.
[   19.844412] systemd[1]: dbus.socket: Changed listening -> running
[   19.875499] systemd[1]: Successfully connected to system bus.
[   20.125005] of_get_named_gpiod_flags: parsed 'gpios' property of node '/leds/led2[0]' - status (0)
[   20.134274] gpio gpiochip0: Persistence not supported for GPIO 21
[   20.140405] gpio-21 (?): no flags found for gpios
[   20.145464] of_get_named_gpiod_flags: parsed 'gpios' property of node '/leds/led3[0]' - status (0)
[   20.154573] gpio gpiochip0: Persistence not supported for GPIO 22
[   20.160698] gpio-22 (?): no flags found for gpios
[   20.361055] of_get_named_gpiod_flags: parsed 'gpios' property of node '/leds/led4[0]' - status (0)
[   20.370474] gpio gpiochip0: Persistence not supported for GPIO 23
[   20.376653] gpio-23 (?): no flags found for gpios
[   20.443139] of_get_named_gpiod_flags: parsed 'gpios' property of node '/leds/led5[0]' - status (0)
[   20.452417] gpio gpiochip0: Persistence not supported for GPIO 24
[   20.458592] gpio-24 (?): no flags found for gpios
[   20.574352] systemd[1]: Sent message type=method_call sender=n/a destination=org.freedesktop.DBus object=/org/freedesktop/DBus interface=org.freedesktop.DBus member=Hello cookie=1 reply_cookie=0 error=n/a
[   20.644492] systemd[1]: Got message type=method_return sender=org.freedesktop.DBus destination=:1.1 object=n/a interface=n/a member=n/a cookie=1 reply_cookie=1 error=n/a
[   20.714231] systemd[1]: Sent message type=method_call sender=n/a destination=org.freedesktop.DBus object=/org/freedesktop/DBus interface=org.freedesktop.DBus member=AddMatch cookie=2 reply_cookie=0 error=n/a
[   20.804235] systemd[1]: Got message type=method_return sender=org.freedesktop.DBus destination=:1.1 object=n/a interface=n/a member=n/a cookie=3 reply_cookie=2 error=n/a
[   20.884344] systemd[1]: Sent message type=method_call sender=n/a destination=org.freedesktop.DBus object=/org/freedesktop/DBus interface=org.freedesktop.DBus member=AddMatch cookie=3 reply_cookie=0 error=n/a
         Starting Connection service...
         Starting System Logging Service...
         Starting Telephony service...
[[0;32m  OK  [0m] Started Daily Cleanup of Temporary Directories.
         Starting LSB: Start busybox udhcpd at boot time...
[   21.940816] using random self ethernet address
[   21.945609] using random host ethernet address
         Starting DUN service...
[[0;32m  OK  [0m] Started Daily apt download activities.
         Starting LSB: Load kernel modules needed to enable cpufreq scaling...
[[0;32m  OK  [0m] Started Daily apt upgrade and clean activities.
[   22.594656] using random self ethernet address
[   22.599171] using random host ethernet address
 [[0;32m  OK  [0m] Reached target Timers.
         Starting Cape Manager Service...
[   22.915570] remoteproc remoteproc0: wkup_m3 is available
[   23.001409] systemd-journald[96]: Successfully sent stream file descriptor to service manager.
         Starting Avahi mDNS/DNS-SD Stack...
[   23.102774] systemd-journald[96]: Successfully sent stream file descriptor to service manager.
[   23.313232] userial_init: registered 8 ttyGS* devices
[   23.589181] Bluetooth: Core ver 2.22
[   23.593004] NET: Registered PF_BLU
[   30.786131] wkup_m3_ipc 44e11324.wkup_m3_ipc: IPC Request for A8->M3 Channel failed! -517
[   31.176856] systemd-journald[96]: Successfully sent stream file descriptor to service manager.
[[0;32m  OK  [0m] Started LSB: Advanced IEEE 802.11 management daemon.
[[0;32m  OK  [0m] Started Permit User Sessions.
[   31.749872] omap_wdt: OMAP Watchdog Timer Rev 0x01: initial timeout 60 sec
[   31.759001] wkup_m3_ipc 44e11324.wkup_m3_ipc: IPC Request for A8->M3 Channel failed! -517
[[0;32m  OK  [0m] Started OpenBSD Secure Shell server.
[   31.989555] omap_rtc 44e3e000.rtc: registered as rtc0
[   31.994900] omap_rtc 44e3e000.rtc: setting system clock to 2000-01-01T00:00:00 UTC (946684800)
[   32.003597] omap_rtc 44e3e000.rtc: GPIO lookup for consumer wp
[   32.009525] omap_rtc 44e3e000.rtc: using device tree for GPIO lookup
[   32.015977] of_get_named_gpiod_flags: can't parse 'wp-gpios' property of node '/ocp/interconnect@44c00000/segment@200000/target-module@3e000/rtc@0[0]'
[   32.029599] of_get_named_gpiod_flags: can't parse 'wp-gpio' property of node '/ocp/interconnect@44c00000/segment@200000/target-module@3e000/rtc@0[0]'
[   32.043114] omap_rtc 44e3e000.rtc: using lookup tables for GPIO lookup
[   32.049701] omap_rtc 44e3e000.rtc: No GPIO consumer wp found
[   32.059497] wkup_m3_ipc 44e11324.wkup_m3_ipc: IPC Request for A8->M3 Channel failed! -517
[   32.105838] systemd-journald[96]: Time jumped backwards, rotating.
[   32.112122] systemd-journald[96]: Rotating...
[   32.590118] wkup_m3_ipc 44e11324.wkup_m3_ipc: IPC Request for A8->M3 Channel failed! -517
[   32.723764] am335x-phy-driver 47401300.usb-phy: GPIO lookup for consumer reset
[   32.731272] am335x-phy-driver 47401300.usb-phy: using device tree for GPIO lookup
[   32.738901] of_get_named_gpiod_flags: can't parse 'reset-gpios' property of node '/ocp/target-module@47400000/usb-phy@1300[0]'
[   32.750424] of_get_named_gpiod_flags: can't parse 'reset-gpio' property of node '/ocp/target-module@47400000/usb-phy@1300[0]'
[   32.761836] am335x-phy-driver 47401300.usb-phy: using lookup tables for GPIO lookup
[   32.769700] am335x-phy-driver 47401300.usb-phy: No GPIO consumer reset found
[   32.776833] am335x-phy-driver 47401300.usb-phy: GPIO lookup for consumer vbus-detect
[   32.784639] am335x-phy-driver 47401300.usb-phy: using device tree for GPIO lookup
[   32.792169] of_get_named_gpiod_flags: can't parse 'vbus-detect-gpios' property of node '/ocp/target-module@47400000/usb-phy@1300[0]'
[   32.804190] of_get_named_gpiod_flags: can't parse 'vbus-detect-gpio' property of node '/ocp/target-module@47400000/usb-phy@1300[0]'
[   32.816117] am335x-phy-driver 47401300.usb-phy: using lookup tables for GPIO lookup
[   32.823811] am335x-phy-driver 47401300.usb-phy: No GPIO consumer vbus-detect found
[   32.831568] am335x-phy-driver 47401300.usb-phy: supply vcc not found, using dummy regulator
[   32.840358] am335x-phy-driver 47401300.usb-phy: dummy supplies not allowed for exclusive requests
[   32.861517] am335x-phy-driver 47401b00.usb-phy: GPIO lookup for consumer reset
[   32.869067] am335x-phy-driver 47401b00.usb-phy: using device tree for GPIO lookup
[   32.876685] of_get_named_gpiod_flags: can't parse 'reset-gpios' property of node '/ocp/target-module@47400000/usb-phy@1b00[0]'
[   32.888205] of_get_named_gpiod_flags: can't parse 'reset-gpio' property of node '/ocp/target-module@47400000/usb-phy@1b00[0]'
[   32.899617] am335x-phy-driver 47401b00.usb-phy: using lookup tables for GPIO lookup
[   32.907340] am335x-phy-driver 47401b00.usb-phy: No GPIO consumer reset found
[   32.914447] am335x-phy-driver 47401b00.usb-phy: GPIO lookup for consumer vbus-detect
[   32.922228] am335x-phy-driver 47401b00.usb-phy: using device tree for GPIO lookup
[   32.929778] of_get_named_gpiod_flags: can't parse 'vbus-detect-gpios' property of node '/ocp/target-module@47400000/usb-phy@1b00[0]'
[   32.941795] of_get_named_gpiod_flags: can't parse 'vbus-detect-gpio' property of node '/ocp/target-module@47400000/usb-phy@1b00[0]'
[   32.953718] am335x-phy-driver 47401b00.usb-phy: using lookup tables for GPIO lookup
[   32.961457] am335x-phy-driver 47401b00.usb-phy: No GPIO consumer vbus-detect found
[   32.969216] am335x-phy-driver 47401b00.usb-phy: supply vcc not found, using dummy regulator
[   32.978006] am335x-phy-driver 47401b00.usb-phy: dummy supplies not allowed for exclusive requests
[   32.987961] wkup_m3_ipc 44e11324.wkup_m3_ipc: IPC Request for A8- >M3 Channel failed! -517
[   33.014390] wkup_m3_ipc 44e11324.wkup_m3_ipc: IPC Request for A8->M3 Channel failed! -517
[   33.227911] usbcore: registered new interface driver usbfs
[   33.233558] usbcore: registered new interface driver hub
[   33.239252] usbcore: registered new device driver usb
[   33.420889] wkup_m3_ipc 44e11324.wkup_m3_ipc: IPC Request for A8->M3 Channel failed! -517
[   33.447523] musb-hdrc musb-hdrc.1: MUSB HDRC host driver
[   33.452932] musb-hdrc musb-hdrc.1: new USB bus registered, assigned 
[   46.634229] systemd[1]: dev-ttyGS0.device: Changed dead -> plugged
[   46.654248] systemd[1]: sys-devices-virtual-tty-ttyGS0.device: Changed dead -> plugged
[   46.684212] systemd[1]: Sent message type=signal sender=n/a destination=n/a object=/org/freedesktop/systemd1 interface=org.freedesktop.systemd1.Manager member=UnitNew cookie=198 reply_cookie=0 error=n/a
[   47.952330] PM: Cannot get wkup_m3_ipc handle
[   47.958332] asoc-simple-card sound: GPIO lookup for consumer simple-audio-card,hp-det
[   47.966383] asoc-simple-card sound: using device tree for GPIO lookup
[   47.972879] of_get_named_gpiod_flags: can't parse 'simple-audio-card,hp-det-gpios' property of node '/sound[0]'
[   47.983083] of_get_named_gpiod_flags: can't parse 'simple-audio-card,hp-det-gpio' property of node '/sound[0]'
[   47.993177] asoc-simple-card sound: using lookup tables for GPIO lookup
[   47.999854] asoc-simple-card sound: No GPIO consumer simple-audio-card,hp-det found
[   48.007574] asoc-simple-card sound: GPIO lookup for consumer simple-audio-card,mic-det
[   48.015555] asoc-simple-card sound: using device tree for GPIO lookup
[   48.022036] of_get_named_gpiod_flags: can't parse 'simple-audio-card,mic-det-gpios' property of node '/sound[0]'
[   48.032321] of_get_named_gpiod_flags: can't parse 'simple-audio-card,mic-det-gpio' property of node '/sound[0]'
[   48.042499] asoc-simple-card sound: using lookup tables for GPIO lookup
[   48.049170] asoc-simple-card sound: No GPIO consumer simple-audio-card,mic-det found
[   48.075411] PM: Cannot get wkup_m3_ipc handle
[   49.274216] systemd[1]: systemd-timesyncd.service: Got notification message from PID 177 (STATUS=Idle.)
[   49.314240] systemd[1]: systemd-timesyncd.service: Got notification message from PID 177 (STATUS=Idle.)
[   49.364192] systemd[1]: systemd-timesyncd.service: Got notification message from PID 177 (STATUS=Idle.)
[   49.414225] systemd[1]: systemd-timesyncd.service: Got notification message from PID 177 (STATUS=Idle.)
[   49.454215] systemd[1]: systemd-timesyncd.service: Got notification message from PID 177 (STATUS=Idle.)
[   49.494295] systemd[1]: systemd-timesyncd.service: Got notification message from PID 177 (STATUS=Idle.)
[   49.544153] systemd[1]: systemd-timesyncd.service: Got notification message from PID 177 (STATUS=Idle.)
[   49.594294] systemd[1]: systemd-timesyncd.service: Got notification message from PID 177 (STATUS=Idle.)
[   49.644214] systemd[1]: systemd-timesyncd.service: Got notification message from PID 177 (STATUS=Idle.)
[   49.684231] systemd[1]: systemd-timesyncd.service: GLabgrid Console Logfile for main
Logfile started at 2024-12-14 22:55:27.635762
=== Log starts here ===
ready
DRAM:  512 MiB
No match for driver 'omap_hsmmc'
No match for driver 'omap_hsmmc'
Some drivers were not found
Reset Source: Power-on reset has occurred.
RTC 32KCLK Source: External.
MMC:   OMAP SD/MMC: 0, OMAP SD/MMC: 1
Loading Environment from EXT4... 
** Unable to use mmc 0:1 for loading the env **
Board: BeagleBone Black
<ethaddr> not set. Validating first E-fuse MAC
BeagleBone Black:
BeagleBone: cape eeprom: i2c_probe: 0x54:
BeagleBone: cape eeprom: i2c_probe: 0x55:
BeagleBone: cape eeprom: i2c_probe: 0x56:
BeagleBone: cape eeprom: i2c_probe: 0x57:
Net:   eth0: MII MODE
cpsw, usb_ether
Press SPACE to abort autoboot in 0 seconds
board_name=[A335BNLT] ...
board_rev=[00C0] ...
switch to partitions #0, OK
mmc0 is current device
SD/MMC found on device 0
switch to partitions #0, OK
mmc0 is current device
Scanning mmc 0:1...
gpio: pin 56 (gpio 56) value is 0
gpio: pin 55 (gpio 55) value is 0
gpio: pin 54 (gpio 54) value is 0
gpio: pin 53 (gpio 53) value is 1
switch to partitions #0, OK
mmc0 is current device
gpio: pin 54 (gpio 54) value is 1
Checking for: /uEnv.txt ...
584 bytes read in 2 ms (285.2 KiB/s)
gpio: pin 55 (gpio 55) value is 1
Loaded environment from /uEnv.txt
Importing environment from mmc ...
Checking if uenvcmd is set ...
gpio: pin 56 (gpio 56) value is 1
Running uenvcmd ...
cpsw Waiting for PHY auto negotiation to complete.... done
link up on port 0, speed 100, full duplex
Using cpsw device
TFTP from server 192.168.255.126; our IP address is 192.168.255.3
Filename 'zImage'.
Load address: 0x81000000
Loading: *#################################################################
	 #################################################################
	 #################################################################
	 #################################################################
	 #################################################################
	 ############################
	 3 MiB/s
done
Bytes transferred = 5170864 (4ee6b0 hex)
link up on port 0, speed 100, full duplex
Using cpsw device
TFTP from server 192.168.255.126; our IP address is 192.168.255.3
Filename 'am335x-boneblack.dtb'.
Load address: 0x82000000
Loading: *#######
	 2.7 MiB/s
done
Bytes transferred = 97630 (17d5e hex)
## Flattened Device Tree blob at 82000000
   Booting using the fdt blob at 0x82000000
   Loading Device Tree to 8ffe5000, end 8ffffd5d ... OK

Starting kernel ...

[    0.000000] Booting Linux on physical CPU 0x0
[    0.000000] Linux version 6.1.120 (user01@drvtest01) (arm-linux-gnueabihf-gcc (Linaro GCC 6.4-2017.11) 6.4.1 20171012, GNU ld (Linaro_Binutils-2017.11) 2.27.0.20161229) #11 SMP Sat Dec 14 22:11:15 EET 2024
[    0.000000] CPU: ARMv7 Processor [413fc082] revision 2 (ARMv7), cr=10c5387d
[    0.000000] CPU: PIPT / VIPT nonaliasing data cache, VIPT aliasing instruction cache
[    0.000000] OF: fdt: Machine model: TI AM335x BeagleBone Black
[    0.000000] earlycon: omap8250 at MMIO 0x44e09000 (options '')
[    0.000000] printk: bootconsole [omap8250] enabled
[    0.000000] Memory policy: Data cache writeback
[    0.000000] cma: Reserved 16 MiB at 0x9ec00000
[    0.000000] Zone ranges:
[    0.000000]   Normal   [mem 0x0000000080000000-0x000000009fdfffff]
[    0.000000]   HighMem  empty
[    0.000000] Movable zone start for each node
[    0.000000] Early memory node ranges
[    0.000000]   node   0: [mem 0x0000000080000000-0x000000009fdfffff]
[    0.000000] Initmem setup node 0 [mem 0x0000000080000000-0x000000009fdfffff]
[    0.000000] CPU: All CPU(s) started in SVC mode.
[    0.000000] AM335X ES2.1 (sgx neon)
[    0.000000] percpu: Embedded 16 pages/cpu s34196 r8192 d23148 u65536
[    0.000000] pcpu-alloc: s34196 r8192 d23148 u65536 alloc=16*4096
[    0.000000] pcpu-alloc: [0] 0 
[    0.000000] Built 1 zonelists, mobility grouping on.  Total pages: 129412
[    0.000000] Kernel command line: console=ttyO0,115200n8 debug earlycon root=/dev/nfs rw nfsroot=192.168.255.126:/home/user01/nfs,nfsvers=3 ip=192.168.255.3:192.168.255.126::255.255.255.0:bbb1:eth0 nfsrootdebug
[    0.000000] Unknown kernel command line parameters "nfsrootdebug", will be passed to user space.
[    0.000000] Dentry cache hash table entries: 65536 (order: 6, 262144 bytes, linear)
[    0.000000] Inode-cache hash table entries: 32768 (order: 5, 131072 bytes, linear)
[    0.000000] mem auto-init: stack:off, heap alloc:off, heap free:off
[    0.000000] Memory: 484644K/522240K available (10240K kernel code, 1143K rwdata, 2604K rodata, 1024K init, 287K bss, 21212K reserved, 16384K cma-reserved, 0K highmem)
[    0.000000] SLUB: HWalign=64, Order=0-3, MinObjects=0, CPUs=1, Nodes=1
[    0.000000] trace event string verifier disabled
[    0.000000] rcu: Hierarchical RCU implementation.
[    0.000000] rcu: 	RCU event tracing is enabled.
[    0.000000] rcu: 	RCU restricting CPUs from NR_CPUS=2 to nr_cpu_ids=1.
[    0.000000] rcu: RCU calculated value of scheduler-enlistment delay is 10 jiffies.
[    0.000000] rcu: Adjusting geometry for rcu_fanout_leaf=16, nr_cpu_ids=1
[    0.000000] NR_IRQS: 16, nr_irqs: 16, preallocated irqs: 16
[    0.000000] IRQ: Found an INTC at 0x(ptrval) (revision 5.0) with 128 interrupts
[    0.000000] rcu: srcu_init: Setting srcu_struct sizes based on contention.
[    0.000000] TI gptimer clocksource: always-on /ocp/interconnect@44c00000/segment@200000/target-module@31000
[    0.000002] sched_clock: 32 bits at 24MHz, resolution 41ns, wraps every 89478484971ns
[    0.008071] clocksource: dmtimer: mask: 0xffffffff max_cycles: 0xffffffff, max_idle_ns: 79635851949 ns
[    0.018067] TI gptimer clockevent: 24000000 Hz at /ocp/interconnect@48000000/segment@0/target-module@40000
[    0.029575] Console: colour dummy device 80x30
[    0.034196] WARNING: Your 'console=ttyO0' has been replaced by 'ttyS0'
[    0.041004] This ensures that you still see kernel messages. Please
[    0.047453] update your kernel commandline.
[    0.051809] Calibrating delay loop... 996.14 BogoMIPS (lpj=4980736)
[    0.094551] CPU: Testing write buffer coherency: ok
[    0.099667] CPU0: Spectre v2: using BPIALL workaround
[    0.104869] pid_max: default: 32768 minimum: 301
[    0.109758] LSM: Security Framework initializing
[    0.114687] Mount-cache hash table entries: 1024 (order: 0, 4096 bytes, linear)
[    0.122257] Mountpoint-cache hash table entries: 1024 (order: 0, 4096 bytes, linear)
[    0.131791] CPU0: thread -1, cpu 0, socket -1, mpidr 0
[    0.138503] Setting up static identity map for 0x80100000 - 0x80100078
[    0.145481] rcu: Hierarchical SRCU implementation.
[    0.150462] rcu: 	Max phase no-delay instances is 1000.
[    0.157188] smp: Bringing up secondary CPUs ...
[    0.161942] smp: Brought up 1 node, 1 CPU
[    0.166073] SMP: Total of 1 processors activated (996.14 BogoMIPS).
[    0.172543] CPU: All CPU(s) started in SVC mode.
[    0.178306] devtmpfs: initialized
[    0.197136] VFP support v0.3: implementor 41 architecture 3 part 30 variant c rev 3
[    0.205476] clocksource: jiffies: mask: 0xffffffff max_cycles: 0xffffffff, max_idle_ns: 19112604462750000 ns
[    0.215671] futex hash table entries: 256 (order: 2, 16384 bytes, linear)
[    0.223998] pinctrl core: initialized pinctrl subsystem
[    0.231610] NET: Registered PF_NETLINK/PF_ROUTE protocol family
[    0.239841] DMA: preallocated 256 KiB pool for atomic coherent allocations
[    0.247519] audit: initializing netlink subsys (disabled)
[    0.254409] thermal_sys: Registered thermal governor 'fair_share'
[    0.254433] thermal_sys: Registered thermal governor 'step_wise'
[    0.260785] thermal_sys: Registered thermal governor 'user_space'
[    0.267063] audit: type=2000 audit(0.220:1): state=initialized audit_enabled=0 res=1
[    0.281417] cpuidle: using governor menu
[    0.302054] /ocp/interconnect@44c00000/segment@200000/target-module@b000/i2c@0/tda19988@70: Fixed dependency cycle(s) with /ocp/interconnect@48000000/segment@300000/target-module@e000/lcdc@0
[    0.320710] /ocp/interconnect@48000000/segment@300000/target-module@e000/lcdc@0: Fixed dependency cycle(s) with /ocp/interconnect@44c00000/segment@200000/target-module@b000/i2c@0/tda19988@70
[    0.340287] No ATAGs?
[    0.342644] hw-breakpoint: debug architecture 0x4 unsupported.
[    0.357997] kprobes: kprobe jump-optimization is enabled. All kprobes are optimized if possible.
[    0.381162] reg-fixed-voltage fixedregulator0: GPIO lookup for consumer (null)
[    0.388772] reg-fixed-voltage fixedregulator0: using device tree for GPIO lookup
[    0.396403] of_get_named_gpiod_flags: can't parse 'gpios' property of node '/fixedregulator0[0]'
[    0.405503] of_get_named_gpiod_flags: can't parse 'gpio' property of node '/fixedregulator0[0]'
[    0.414493] reg-fixed-voltage fixedregulator0: using lookup tables for GPIO lookup
[    0.422302] reg-fixed-voltage fixedregulator0: No GPIO consumer (null) found
[    0.430811] iommu: Default domain type: Translated 
[    0.435840] iommu: DMA domain TLB invalidation policy: strict mode 
[    0.443837] SCSI subsystem initialized
[    0.524743] libata version 3.00 loaded.
[    0.529115] pps_core: LinuxPPS API ver. 1 registered
[    0.534232] pps_core: Software ver. 5.3.6 - Copyright 2005-2007 Rodolfo Giometti <giometti@linux.it>
[    0.543697] PTP clock support registered
[    0.580726] vgaarb: loaded
[    0.583904] clocksource: Switched to clocksource dmtimer
[    0.590090] VFS: Disk quotas dquot_6.6.0
[    0.594286] VFS: Dquot-cache hash table entries: 1024 (order 0, 4096 bytes)
[    0.658679] NET: Registered PF_INET protocol family
[    0.664149] IP idents hash table entries: 8192 (order: 4, 65536 bytes, linear)
[    0.672961] tcp_listen_portaddr_hash hash table entries: 512 (order: 0, 4096 bytes, linear)
[    0.681656] Table-perturb hash table entries: 65536 (order: 6, 262144 bytes, linear)
[    0.689667] TCP established hash table entries: 4096 (order: 2, 16384 bytes, linear)
[    0.697700] TCP bind hash table entries: 4096 (order: 4, 65536 bytes, linear)
[    0.705157] TCP: Hash tables configured (established 4096 bind 4096)
[    0.711812] UDP hash table entries: 256 (order: 1, 8192 bytes, linear)
[    0.718581] UDP-Lite hash table entries: 256 (order: 1, 8192 bytes, linear)
[    0.725968] NET: Registered PF_UNIX/PF_LOCAL protocol family
[    0.787860] RPC: Registered named UNIX socket transport module.
[    0.794041] RPC: Registered udp transport module.
[    0.798879] RPC: Registered tcp transport module.
[    0.803716] RPC: Registered tcp NFSv4.1 backchannel transport module.
[    0.810376] PCI: CLS 0 bytes, default 64
[    0.816005] Initialise system trusted keyrings
[    0.860178] workingset: timestamp_bits=14 max_order=17 bucket_order=3
[    0.898600] NFS: Registering the id_resolver key type
[    0.903977] Key type id_resolver registered
[    0.908287] Key type id_legacy registered
[    0.912467] jffs2: version 2.2. (NAND) (SUMMARY)  Â© 2001-2006 Red Hat, Inc.
[    0.946631] Key type asymmetric registered
[    0.950869] Asymmetric key parser 'x509' registered
[    0.956107] io scheduler mq-deadline registered
[    0.960776] io scheduler kyber registered
[    0.965179] io scheduler bfq registered
[    1.000107] Serial: 8250/16550 driver, 6 ports, IRQ sharing enabled
[    1.047769] brd: module loaded
[    1.078737] loop: module loaded
[    1.082888] mtdoops: mtd device (mtddev=name/number) must be supplied
[    1.091068] mdio_bus fixed-0: GPIO lookup for consumer reset
[    1.096989] mdio_bus fixed-0: using lookup tables for GPIO lookup
[    1.103265] mdio_bus fixed-0: No GPIO consumer reset found
[    1.110108] i2c_dev: i2c /dev entries driver
[    1.115524] cpuidle: enable-method property 'ti,am3352' found operations
[    1.122880] sdhci: Secure Digital Host Controller Interface driver
[    1.129333] sdhci: Copyright(c) Pierre Ossman
[    1.134040] sdhci-pltfm: SDHCI platform and OF driver helper
[    1.197369] ledtrig-cpu: registered to indicate activity on CPUs
[    1.204435] Initializing XFRM netlink socket
[    1.209422] NET: Registered PF_INET6 protocol family
[    1.238548] Segment Routing with IPv6
[    1.242411] In-situ OAM (IOAM) with IPv6
[    1.246618] sit: IPv6, IPv4 and MPLS over IPv4 tunneling driver
[    1.253630] NET: Registered PF_PACKET protocol family
[    1.258937] NET: Registered PF_KEY protocol family
[    1.263995] Key type dns_resolver registered
[    1.268560] ThumbEE CPU extension supported.
[    1.272990] Registering SWP/SWPB emulation handler
[    1.278466] omap_voltage_late_init: Voltage driver support not added
[    1.285419] SmartReflex Class3 initialized
[    1.345452] Loading compiled-in X.509 certificates
[    1.425651] /ocp/interconnect@44c00000/segment@200000/target-module@b000/i2c@0/tda19988@70: Fixed dependency cycle(s) with /ocp/interconnect@48000000/segment@300000/target-module@e000/lcdc@0
[    1.449373] /ocp/interconnect@44c00000/segment@200000/target-module@b000/i2c@0/tda19988@70: Fixed dependency cycle(s) with /ocp/interconnect@48000000/segment@300000/target-module@e000/lcdc@0
[    1.474804] /ocp/interconnect@44c00000/segment@200000/target-module@b000/i2c@0/tda19988@70: Fixed dependency cycle(s) with /ocp/interconnect@48000000/segment@300000/target-module@e000/lcdc@0
[    1.493211] /ocp/interconnect@44c00000/segment@200000/target-module@b000/i2c@0/tda19988@70: Fixed dependency cycle(s) with /ocp/interconnect@48000000/segment@300000/target-module@e000/lcdc@0
[    1.513980] /ocp/interconnect@44c00000/segment@200000/target-module@10000/scm@0/pinmux@800: Fixed dependency cycle(s) with /ocp/interconnect@44c00000/segment@200000/target-module@10000/scm@0/pinmux@800/pinmux_clkout2_pin
[    1.534768] pinctrl-single 44e10800.pinmux: 142 pins, size 568
[    1.545872] ti-sysc: probe of 44e31000.target-module failed with error -16
[    1.707144] /ocp/interconnect@48000000/segment@300000/target-module@e000/lcdc@0: Fixed dependency cycle(s) with /ocp/interconnect@44c00000/segment@200000/target-module@b000/i2c@0/tda19988@70
[    1.732014] ti-sysc: probe of 48040000.target-module failed with error -16
[    1.749769] gpio gpiochip0: (gpio-0-31): created GPIO range 0->7 ==> 44e10800.pinmux PIN 0->7
[    1.758708] gpio gpiochip0: (gpio-0-31): created GPIO range 8->11 ==> 44e10800.pinmux PIN 90->93
[    1.767815] gpio gpiochip0: (gpio-0-31): created GPIO range 12->27 ==> 44e10800.pinmux PIN 12->27
[    1.776981] gpio gpiochip0: (gpio-0-31): created GPIO range 28->31 ==> 44e10800.pinmux PIN 30->33
[    1.786196] gpio gpiochip0: (gpio-0-31): not an immutable chip, please consider fixing it!
[    1.796207] gpio gpiochip0: (gpio-0-31): added GPIO chardev (254:0)
[    1.802806] gpio gpiochip0: registered GPIOs 0 to 31 on gpio-0-31
[    1.809220] OMAP GPIO hardware version 0.1
[    1.825351] i2c i2c-2: GPIO lookup for consumer scl
[    1.830411] i2c i2c-2: using device tree for GPIO lookup
[    1.835975] of_get_named_gpiod_flags: can't parse 'scl-gpios' property of node '/ocp/interconnect@48000000/segment@100000/target-module@9c000/i2c@0[0]'
[    1.850014] of_get_named_gpiod_flags: can't parse 'scl-gpio' property of node '/ocp/interconnect@48000000/segment@100000/target-module@9c000/i2c@0[0]'
[    1.863944] i2c i2c-2: using lookup tables for GPIO lookup
[    1.869592] i2c i2c-2: No GPIO consumer scl found
[    1.874481] i2c i2c-2: GPIO lookup for consumer sda
[    1.879501] i2c i2c-2: using device tree for GPIO lookup
[    1.884995] of_get_named_gpiod_flags: can't parse 'sda-gpios' property of node '/ocp/interconnect@48000000/segment@100000/target-module@9c000/i2c@0[0]'
[    1.899007] of_get_named_gpiod_flags: can't parse 'sda-gpio' property of node '/ocp/interconnect@48000000/segment@100000/target-module@9c000/i2c@0[0]'
[    1.912924] i2c i2c-2: using lookup tables for GPIO lookup
[    1.918613] i2c i2c-2: No GPIO consumer sda found
[    1.924213] omap_i2c 4819c000.i2c: bus 2 rev0.11 at 100 kHz
[    1.935201] gpio gpiochip1: (gpio-32-63): created GPIO range 0->17 ==> 44e10800.pinmux PIN 34->51
[    1.944452] gpio gpiochip1: (gpio-32-63): created GPIO range 18->21 ==> 44e10800.pinmux PIN 77->80
[    1.953684] gpio gpiochip1: (gpio-32-63): created GPIO range 22->31 ==> 44e10800.pinmux PIN 56->65
[    1.962989] gpio gpiochip1: (gpio-32-63): not an immutable chip, please consider fixing it!
[    1.972235] gpio gpiochip1: (gpio-32-63): added GPIO chardev (254:1)
[    1.978992] gpio gpiochip1: registered GPIOs 32 to 63 on gpio-32-63
[    1.987585] gpio gpiochip2: (gpio-64-95): created GPIO range 0->4 ==> 44e10800.pinmux PIN 66->70
[    1.996758] gpio gpiochip2: (gpio-64-95): created GPIO range 5->6 ==> 44e10800.pinmux PIN 98->99
[    2.005838] gpio gpiochip2: (gpio-64-95): created GPIO range 7->8 ==> 44e10800.pinmux PIN 75->76
[    2.014909] gpio gpiochip2: (gpio-64-95): created GPIO range 13->13 ==> 44e10800.pinmux PIN 141->141
[    2.024338] gpio gpiochip2: (gpio-64-95): created GPIO range 14->21 ==> 44e10800.pinmux PIN 100->107
[    2.033797] gpio gpiochip2: (gpio-64-95): not an immutable chip, please consider fixing it!
[    2.042865] gpio gpiochip2: (gpio-64-95): added GPIO chardev (254:2)
[    2.049575] gpio gpiochip2: registered GPIOs 64 to 95 on gpio-64-95
[    2.062014] /ocp/interconnect@48000000/segment@300000/target-module@e000/lcdc@0: Fixed dependency cycle(s) with /ocp/interconnect@44c00000/segment@200000/target-module@b000/i2c@0/tda19988@70
[    2.082255] /ocp/interconnect@48000000/segment@300000/target-module@e000/lcdc@0: Fixed dependency cycle(s) with /ocp/interconnect@44c00000/segment@200000/target-module@b000/i2c@0/tda19988@70
[    2.100572] /ocp/interconnect@44c00000/segment@200000/target-module@b000/i2c@0/tda19988@70: Fixed dependency cycle(s) with /ocp/interconnect@480000 00/segment@300000/target-module@e000/lcdc@0
[    2.118251] /ocp/interconnect@48000000/segment@300000/target-module@e000/lcdc@0: Fixed dependency cycle(s) with /ocp/interconnect@44c00000/segment@200000/target-module@b000/i2c@0/tda19988@70
