Labgrid Console Logfile for main
Logfile started at 2024-12-13 09:23:35.863758
=== Log starts here ===
No match for driver 'omap_hsmmc'
No match for driver 'omap_hsmmc'
Some drivers were not found
Reset Source: Power-on reset has occurred.
RTC 32KCLK Source: External.
MMC:   OMAP SD/MMC: 0, OMAP SD/MMC: 1
Loading Environment from EXT4... 
** Unable to use mmc 0:1 for loading the env **
Board: BeagleBone Black
<ethaddr> not set. Validating first E-fuse MAC
BeagleBone Black:
BeagleBone: cape eeprom: i2c_probe: 0x54:
BeagleBone: cape eeprom: i2c_probe: 0x55:
BeagleBone: cape eeprom: i2c_probe: 0x56:
BeagleBone: cape eeprom: i2c_probe: 0x57:
Net:   eth0: MII MODE
cpsw, usb_ether
Press SPACE to abort autoboot in 0 seconds
board_name=[A335BNLT] ...
board_rev=[00C0] ...
switch to partitions #0, OK
mmc0 is current device
SD/MMC found on device 0
switch to partitions #0, OK
mmc0 is current device
Scanning mmc 0:1...
gpio: pin 56 (gpio 56) value is 0
gpio: pin 55 (gpio 55) value is 0
gpio: pin 54 (gpio 54) value is 0
gpio: pin 53 (gpio 53) value is 1
switch to partitions #0, OK
mmc0 is current device
gpio: pin 54 (gpio 54) value is 1
Checking for: /uEnv.txt ...
584 bytes read in 2 ms (285.2 KiB/s)
gpio: pin 55 (gpio 55) value is 1
Loaded environment from /uEnv.txt
Importing environment from mmc ...
Checking if uenvcmd is set ...
gpio: pin 56 (gpio 56) value is 1
Running uenvcmd ...
cpsw Waiting for PHY auto negotiation to complete.. done
link up on port 0, speed 100, full duplex
Using cpsw device
TFTP from server 192.168.255.126; our IP address is 192.168.255.3
Filename 'zImage'.
Load address: 0x81000000
Loading: *#################################################################
	 #################################################################
	 #################################################################
	 #################################################################
	 #################################################################
	 #####################################################
	 3 MiB/s
done
Bytes transferred = 5542168 (549118 hex)
link up on port 0, speed 100, full duplex
Using cpsw device
TFTP from server 192.168.255.126; our IP address is 192.168.255.3
Filename 'am335x-boneblack.dtb'.
Load address: 0x82000000
Loading: *#######
	 2.7 MiB/s
done
Bytes transferred = 98244 (17fc4 hex)
## Flattened Device Tree blob at 82000000
   Booting using the fdt blob at 0x82000000
   Loading Device Tree to 8ffe5000, end 8fffffc3 ... OK

Starting kernel ...

[    0.000000] Booting Linux on physical CPU 0x0
[    0.000000] Linux version 6.13.0-rc2-next-20241213 (user01@drvtest01) (arm-linux-gnueabihf-gcc (Linaro GCC 6.4-2017.11) 6.4.1 20171012, GNU ld (Linaro_Binutils-2017.11) 2.27.0.20161229) #156 SMP Fri Dec 13 07:18:58 EET 2024
[    0.000000] CPU: ARMv7 Processor [413fc082] revision 2 (ARMv7), cr=10c5387d
[    0.000000] CPU: PIPT / VIPT nonaliasing data cache, VIPT aliasing instruction cache
[    0.000000] OF: fdt: Machine model: TI AM335x BeagleBone Black
[    0.000000] earlycon: omap8250 at MMIO 0x44e09000 (options '')
[    0.000000] printk: legacy bootconsole [omap8250] enabled
[    0.000000] Memory policy: Data cache writeback
[    0.000000] cma: Reserved 16 MiB at 0x9e800000 on node -1
[    0.000000] Zone ranges:
[    0.000000]   Normal   [mem 0x0000000080000000-0x000000009fdfffff]
[    0.000000]   HighMem  empty
[    0.000000] Movable zone start for each node
[    0.000000] Early memory node ranges
[    0.000000]   node   0: [mem 0x0000000080000000-0x000000009fdfffff]
[    0.000000] Initmem setup node 0 [mem 0x0000000080000000-0x000000009fdfffff]
[    0.000000] OF: reserved mem: Reserved memory: No reserved-memory node in the DT
[    0.000000] CPU: All CPU(s) started in SVC mode.
[    0.000000] AM335X ES2.1 (sgx neon)
[    0.000000] percpu: Embedded 17 pages/cpu s39628 r8192 d21812 u69632
[    0.000000] pcpu-alloc: s39628 r8192 d21812 u69632 alloc=17*4096
[    0.000000] pcpu-alloc: [0] 0 
[    0.000000] Kernel command line: console=ttyO0,115200n8 debug earlycon root=/dev/nfs rw nfsroot=192.168.255.126:/home/user01/nfs,nfsvers=3 ip=192.168.255.3:192.168.255.126::255.255.255.0:bbb1:eth0 nfsrootdebug
[    0.000000] Unknown kernel command line parameters "nfsrootdebug", will be passed to user space.
[    0.000000] printk: log buffer data + meta data: 65536 + 204800 = 270336 bytes
[    0.000000] Dentry cache hash table entries: 65536 (order: 6, 262144 bytes, linear)
[    0.000000] Inode-cache hash table entries: 32768 (order: 5, 131072 bytes, linear)
[    0.000000] Built 1 zonelists, mobility grouping on.  Total pages: 130560
[    0.000000] mem auto-init: stack:off, heap alloc:off, heap free:off
[    0.000000] SLUB: HWalign=64, Order=0-3, MinObjects=0, CPUs=1, Nodes=1
[    0.000000] trace event string verifier disabled
[    0.000000] rcu: Hierarchical RCU implementation.
[    0.000000] rcu: 	RCU event tracing is enabled.
[    0.000000] rcu: 	RCU restricting CPUs from NR_CPUS=2 to nr_cpu_ids=1.
[    0.000000] 	Tracing variant of Tasks RCU enabled.
[    0.000000] rcu: RCU calculated value of scheduler-enlistment delay is 10 jiffies.
[    0.000000] rcu: Adjusting geometry for rcu_fanout_leaf=16, nr_cpu_ids=1
[    0.000000] RCU Tasks Trace: Setting shift to 0 and lim to 1 rcu_task_cb_adjust=1 rcu_task_cpu_ids=1.
[    0.000000] NR_IRQS: 16, nr_irqs: 16, preallocated irqs: 16
[    0.000000] IRQ: Found an INTC at 0x(ptrval) (revision 5.0) with 128 interrupts
[    0.000000] rcu: srcu_init: Setting srcu_struct sizes based on contention.
[    0.000000] TI gptimer clocksource: always-on /ocp/interconnect@44c00000/segment@200000/target-module@31000
[    0.000002] sched_clock: 32 bits at 24MHz, resolution 41ns, wraps every 89478484971ns
[    0.008077] clocksource: dmtimer: mask: 0xffffffff max_cycles: 0xffffffff, max_idle_ns: 79635851949 ns
[    0.018138] TI gptimer clockevent: 24000000 Hz at /ocp/interconnect@48000000/segment@0/target-module@40000
[    0.029740] Console: colour dummy device 80x30
[    0.034384] WARNING: Your 'console=ttyO0' has been replaced by 'ttyS0'
[    0.041191] This ensures that you still see kernel messages. Please
[    0.047642] update your kernel commandline.
[    0.051997] Calibrating delay loop... 996.14 BogoMIPS (lpj=4980736)
[    0.094627] CPU: Testing write buffer coherency: ok
[    0.099761] CPU0: Spectre v2: using BPIALL workaround
[    0.104964] pid_max: default: 32768 minimum: 301
[    0.109838] LSM: initializing lsm=capability
[    0.114414] Mount-cache hash table entries: 1024 (order: 0, 4096 bytes, linear)
[    0.121984] Mountpoint-cache hash table entries: 1024 (order: 0, 4096 bytes, linear)
[    0.131673] CPU0: thread -1, cpu 0, socket -1, mpidr 0
[    0.139351] Setting up static identity map for 0x80100000 - 0x80100078
[    0.146422] rcu: Hierarchical SRCU implementation.
[    0.151421] rcu: 	Max phase no-delay instances is 1000.
[    0.158766] smp: Bringing up secondary CPUs ...
[    0.163501] smp: Brought up 1 node, 1 CPU
[    0.167636] SMP: Total of 1 processors activated (996.14 BogoMIPS).
[    0.174187] CPU: All CPU(s) started in SVC mode.
[    0.179135] Memory: 480840K/522240K available (11264K kernel code, 1215K rwdata, 2904K rodata, 1024K init, 295K bss, 23388K reserved, 16384K cma-reserved, 0K highmem)
[    0.195440] devtmpfs: initialized
[    0.215661] VFP support v0.3: implementor 41 architecture 3 part 30 variant c rev 3
[    0.224044] clocksource: jiffies: mask: 0xffffffff max_cycles: 0xffffffff, max_idle_ns: 19112604462750000 ns
[    0.234253] futex hash table entries: 256 (order: 2, 16384 bytes, linear)
[    0.242529] pinctrl core: initialized pinctrl subsystem
[    0.250919] NET: Registered PF_NETLINK/PF_ROUTE protocol family
[    0.259975] DMA: preallocated 256 KiB pool for atomic coherent allocations
[    0.267974] audit: initializing netlink subsys (disabled)
[    0.275079] thermal_sys: Registered thermal governor 'fair_share'
[    0.275106] thermal_sys: Registered thermal governor 'step_wise'
[    0.281477] thermal_sys: Registered thermal governor 'user_space'
[    0.287789] audit: type=2000 audit(0.240:1): state=initialized audit_enabled=0 res=1
[    0.302173] cpuidle: using governor menu
[    0.324621] /ocp/interconnect@44c00000/segment@200000/target-module@b000/i2c@0/tda19988@70: Fixed dependency cycle(s) with /ocp/interconnect@48000000/segment@300000/target-module@e000/lcdc@0
[    0.343391] /ocp/interconnect@48000000/segment@300000/target-module@e000/lcdc@0: Fixed dependency cycle(s) with /ocp/interconnect@44c00000/segment@200000/target-module@b000/i2c@0/tda19988@70
[    0.363212] No ATAGs?
[    0.365580] hw-breakpoint: debug architecture 0x4 unsupported.
[    0.374547] kprobes: kprobe jump-optimization is enabled. All kprobes are optimized if possible.
[    0.402093] iommu: Default domain type: Translated
[    0.407053] iommu: DMA domain TLB invalidation policy: strict mode
[    0.415251] reg-fixed-voltage fixedregulator0: using DT '/fixedregulator0' for '(default)' GPIO lookup
[    0.424986] of_get_named_gpiod_flags: can't parse 'gpios' property of node '/fixedregulator0[0]'
[    0.434086] of_get_named_gpiod_flags: can't parse 'gpio' property of node '/fixedregulator0[0]'
[    0.443086] reg-fixed-voltage fixedregulator0: using lookup tables for GPIO lookup
[    0.450901] reg-fixed-voltage fixedregulator0: No GPIO consumer (default) found
[    0.479123] SCSI subsystem initialized
[    0.498739] libata version 3.00 loaded.
[    0.503083] pps_core: LinuxPPS API ver. 1 registered
[    0.508254] pps_core: Software ver. 5.3.6 - Copyright 2005-2007 Rodolfo Giometti <giometti@linux.it>
[    0.517682] PTP clock support registered
[    0.538337] vgaarb: loaded
[    0.548210] clocksource: Switched to clocksource dmtimer
[    0.554399] VFS: Disk quotas dquot_6.6.0
[    0.558616] VFS: Dquot-cache hash table entries: 1024 (order 0, 4096 bytes)
[    0.601791] NET: Registered PF_INET protocol family
[    0.607183] IP idents hash table entries: 8192 (order: 4, 65536 bytes, linear)
[    0.616091] tcp_listen_portaddr_hash hash table entries: 512 (order: 0, 4096 bytes, linear)
[    0.624789] Table-perturb hash table entries: 65536 (order: 6, 262144 bytes, linear)
[    0.632810] TCP established hash table entries: 4096 (order: 2, 16384 bytes, linear)
[    0.640819] TCP bind hash table entries: 4096 (order: 4, 65536 bytes, linear)
[    0.648279] TCP: Hash tables configured (established 4096 bind 4096)
[    0.654965] UDP hash table entries: 256 (order: 1, 14336 bytes, linear)
[    0.661843] UDP-Lite hash table entries: 256 (order: 1, 14336 bytes, linear)
[    0.669289] NET: Registered PF_UNIX/PF_LOCAL protocol family
[    0.753572] RPC: Registered named UNIX socket transport module.
[    0.759705] RPC: Registered udp transport module.
[    0.764619] RPC: Registered tcp transport module.
[    0.769463] RPC: Registered tcp-with-tls transport module.
[    0.775132] RPC: Registered tcp NFSv4.1 backchannel transport module.
[    0.781802] PCI: CLS 0 bytes, default 64
[    0.787393] Initialise system trusted keyrings
[    0.854269] workingset: timestamp_bits=14 max_order=17 bucket_order=3
[    0.878230] NFS: Registering the id_resolver key type
[    0.883633] Key type id_resolver registered
[    0.887943] Key type id_legacy registered
[    0.892155] jffs2: version 2.2. (NAND) (SUMMARY)  © 2001-2006 Red Hat, Inc.
[    0.927921] Key type asymmetric registered
[    0.932227] Asymmetric key parser 'x509' registered
[    0.937319] io scheduler mq-deadline registered
[    0.942036] io scheduler kyber registered
[    0.946237] io scheduler bfq registered
[    0.968226] ledtrig-cpu: registered to indicate activity on CPUs
[    0.994146] Serial: 8250/16550 driver, 6 ports, IRQ sharing enabled
[    1.044844] brd: module loaded
[    1.077014] loop: module loaded
[    1.081212] mtdoops: mtd device (mtddev=name/number) must be supplied
[    1.106385] mdio_bus fixed-0: using lookup tables for GPIO lookup
[    1.112789] mdio_bus fixed-0: No GPIO consumer reset found
[    1.119831] i2c_dev: i2c /dev entries driver
[    1.125326] cpuidle: enable-method property 'ti,am3352' found operations
[    1.132811] sdhci: Secure Digital Host Controller Interface driver
[    1.139185] sdhci: Copyright(c) Pierre Ossman
[    1.143917] sdhci-pltfm: SDHCI platform and OF driver helper
[    1.150812] Initializing XFRM netlink socket
[    1.155453] NET: Registered PF_INET6 protocol family
[    1.215909] Segment Routing with IPv6
[    1.219796] In-situ OAM (IOAM) with IPv6
[    1.224026] sit: IPv6, IPv4 and MPLS over IPv4 tunneling driver
[    1.231112] NET: Registered PF_PACKET protocol family
[    1.236447] NET: Registered PF_KEY protocol family
[    1.241500] Key type dns_resolver registered
[    1.246231] ThumbEE CPU extension supported.
[    1.250648] Registering SWP/SWPB emulation handler
[    1.256165] omap_voltage_late_init: Voltage driver support not added
[    1.263183] SmartReflex Class3 initialized
[    1.352806] Loading compiled-in X.509 certificates
[    1.396629] /ocp/interconnect@44c00000/segment@200000/target-module@b000/i2c@0/tda19988@70: Fixed dependency cycle(s) with /ocp/interconnect@48000000/segment@300000/target-module@e000/lcdc@0
[    1.420768] /ocp/interconnect@44c00000/segment@200000/target-module@b000/i2c@0/tda19988@70: Fixed dependency cycle(s) with /ocp/interconnect@48000000/segment@300000/target-module@e000/lcdc@0
[    1.444239] gpiochip_find_base_unlocked: found new base at 512
[    1.506563] /ocp/interconnect@44c00000/segment@200000/target-module@b000/i2c@0/tda19988@70: Fixed dependency cycle(s) with /ocp/interconnect@48000000/segment@300000/target-module@e000/lcdc@0
[    1.525191] /ocp/interconnect@44c00000/segment@200000/target-module@b000/i2c@0/tda19988@70: Fixed dependency cycle(s) with /ocp/interconnect@48000000/segment@300000/target-module@e000/lcdc@0
[    1.546330] /ocp/interconnect@44c00000/segment@200000/target-module@10000/scm@0/pinmux@800: Fixed dependency cycle(s) with /ocp/interconnect@44c00000/segment@200000/target-module@10000/scm@0/pinmux@800/clkout2-pins
[    1.566678] pinctrl-single 44e10800.pinmux: 142 pins, size 568
[    1.578082] ti-sysc 44e31000.target-module: probe with driver ti-sysc failed with error -16
[    1.681414] /ocp/interconnect@48000000/segment@300000/target-module@e000/lcdc@0: Fixed dependency cycle(s) with /ocp/interconnect@44c00000/segment@200000/target-module@b000/i2c@0/tda19988@70
[    1.707314] ti-sysc 48040000.target-module: probe with driver ti-sysc failed with error -16
[    1.727718] gpiochip_find_base_unlocked: found new base at 512
[    1.733988] gpio gpiochip0: (gpio-0-31): created GPIO range 0->7 ==> 44e10800.pinmux PIN 0->7
[    1.742830] gpio gpiochip0: (gpio-0-31): created GPIO range 8->11 ==> 44e10800.pinmux PIN 90->93
[    1.751911] gpio gpiochip0: (gpio-0-31): created GPIO range 12->27 ==> 44e10800.pinmux PIN 12->27
[    1.761053] gpio gpiochip0: (gpio-0-31): created GPIO range 28->31 ==> 44e10800.pinmux PIN 30->33
[    1.862854] gpio gpiochip0: (gpio-0-31): added GPIO chardev (254:0)
[    1.869483] gpio gpiochip0: registered GPIOs 512 to 543 on gpio-0-31
[    1.876207] OMAP GPIO hardware version 0.1
[    1.919117] i2c i2c-2: using DT '/ocp/interconnect@48000000/segment@100000/target-module@9c000/i2c@0' for 'scl' GPIO lookup
[    1.930790] of_get_named_gpiod_flags: can't parse 'scl-gpios' property of node '/ocp/interconnect@48000000/segment@100000/target-module@9c000/i2c@0[0]'
[    1.944853] of_get_named_gpiod_flags: can't parse 'scl-gpio' property of node '/ocp/interconnect@48000000/segment@100000/target-module@9c000/i2c@0[0]'
[    1.958792] i2c i2c-2: using lookup tables for GPIO lookup
[    1.964466] i2c i2c-2: No GPIO consumer scl found
[    1.969325] i2c i2c-2: using DT '/ocp/interconnect@48000000/segment@100000/target-module@9c000/i2c@0' for 'sda' GPIO lookup
[    1.980876] of_get_named_gpiod_flags: can't parse 'sda-gpios' property of node '/ocp/interconnect@48000000/segment@100000/target-module@9c000/i2c@0[0]'
[    1.994900] of_get_named_gpiod_flags: can't parse 'sda-gpio' property of node '/ocp/interconnect@48000000/segment@100000/target-module@9c000/i2c@0[0]'
[    2.008821] i2c i2c-2: using lookup tables for GPIO lookup
[    2.014490] i2c i2c-2: No GPIO consumer sda found
[    2.020085] omap_i2c 4819c000.i2c: bus 2 rev0.11 at 100 kHz
[    2.031458] gpiochip_find_base_unlocked: found new base at 544
[    2.037780] gpio gpiochip1: (gpio-32-63): created GPIO range 0->17 ==> 44e10800.pinmux PIN 34->51
[    2.046985] gpio gpiochip1: (gpio-32-63): created GPIO range 18->21 ==> 44e10800.pinmux PIN 77->80
[    2.056267] gpio gpiochip1: (gpio-32-63): created GPIO range 22->31 ==> 44e10800.pinmux PIN 56->65
[    2.066411] gpio gpiochip1: (gpio-32-63): added GPIO chardev (254:1)
[    2.073216] gpio gpiochip1: registered GPIOs 544 to 575 on gpio-32-63
[    2.082279] gpiochip_find_base_unlocked: found new base at 576
[    2.088390] gpio gpiochip2: (gpio-64-95): created GPIO range 0->4 ==> 44e10800.pinmux PIN 66->70
[    2.097544] gpio gpiochip2: (gpio-64-95): created GPIO range 5->6 ==> 44e10800.pinmux PIN 98->99
[    2.106633] gpio gpiochip2: (gpio-64-95): created GPIO range 7->8 ==> 44e10800.pinmux PIN 75->76
[    2.115711] gpio gpiochip2: (gpio-64-95): created GPIO range 13->13 ==> 44e10800.pinmux PIN 141->141
[    2.125144] gpio gpiochip2: (gpio-64-95): created GPIO range 14->21 ==> 44e10800.pinmux PIN 100->107
[    2.135336] gpio gpiochip2: (gpio-64-95): added GPIO chardev (254:2)
[    2.142174] gpio gpiochip2: registered GPIOs 576 to 607 on gpio-64-95
[    2.154656] 48000000.interconnect:segment@200000:target-module@0:mpu@0:fck: device ID is greater than 24
[    2.165524] /ocp/interconnect@48000000/segment@300000/target-module@e000/lcdc@0: Fixed dependency cycle(s) with /ocp/interconnect@44c00000/segment@200000/target-module@b000/i2c@0/tda19988@70
[    2.186007] /ocp/interconnect@48000000/segment@300000/target-module@e000/lcdc@0: Fixed dependency cycle(s) with /ocp/interconnect@44c00000/segment@200000/target-module@b000/i2c@0/tda19988@70
[    2.204343] /ocp/interconnect@44c00000/segment@200000/target-module@b000/i2c@0/tda19988@70: Fixed dependency cycle(s) with /ocp/interconnect@48000000/segment@300000/target-module@e000/lcdc@0
[    2.222063] /ocp/interconnect@48000000/segment@300000/target-module@e000/lcdc@0: Fixed dependency cycle(s) with /ocp/interconnect@44c00000/segment@200000/target-module@b000/i2c@0/tda19988@70
[    2.249366] mdio_bus 4a101000.mdio: using DT '/ocp/interconnect@4a000000/segment@0/target-module@100000/switch@0/mdio@1000' for 'reset' GPIO lookup
[    2.263217] of_get_named_gpiod_flags: can't parse 'reset-gpios' property of node '/ocp/interconnect@4a000000/segment@0/target-module@100000/switch@0/mdio@1000[0]'
[    2.278274] of_get_named_gpiod_flags: can't parse 'reset-gpio' property of node '/ocp/interconnect@4a000000/segment@0/target-module@100000/switch@0/mdio@1000[0]'
[    2.293202] mdio_bus 4a101000.mdio: using lookup tables for GPIO lookup
[    2.300016] mdio_bus 4a101000.mdio: No GPIO consumer reset found
[    2.307502] sdhci-omap 481d8000.mmc: using DT '/ocp/interconnect@48000000/segment@100000/target-module@d8000/mmc@0' for 'wp' GPIO lookup
[    2.320374] of_get_named_gpiod_flags: can't parse 'wp-gpios' property of node '/ocp/interconnect@48000000/segment@100000/target-module@d8000/mmc@0[0]'
[    2.334341] of_get_named_gpiod_flags: can't parse 'wp-gpio' property of node '/ocp/interconnect@48000000/segment@100000/target-module@d8000/mmc@0[0]'
[    2.348186] sdhci-omap 481d8000.mmc: using lookup tables for GPIO lookup
[    2.355128] sdhci-omap 481d8000.mmc: No GPIO consumer wp found
[    2.361335] sdhci-omap 481d8000.mmc: supply pbias not found, using dummy regulator
[    2.369870] sdhci-omap 481d8000.mmc: supply vqmmc not found, using dummy regulator
[    2.381733] davinci_mdio 4a101000.mdio: davinci mdio revision 1.6, bus freq 1000000
[    2.390963] mdio_bus 4a101000.mdio:00: using DT '/ocp/interconnect@4a000000/segment@0/target-module@100000/switch@0/mdio@1000/ethernet-phy@0' for 'reset' GPIO lookup
[    2.406444] of_get_named_gpiod_flags: parsed 'reset-gpios' property of node '/ocp/interconnect@4a000000/segment@0/target-module@100000/switch@0/mdio@1000/ethernet-phy@0[0]' - status (0)
[    2.423672] gpio gpiochip0: Persistence not supported for GPIO 8
 [    2.483965] davinci_mdio 4a101000.mdio: phy[0]: device 4a101000.mdio:00, driver SMSC LAN8710/LAN8720
[    2.494269] cpsw-switch 4a100000.switch: initialized cpsw ale version 1.4
[    2.501286] cpsw-switch 4a100000.switch: ALE Table size 1024, Policers 0
[    2.508631] cpsw-switch 4a100000.switch: cpts: overflow check period 500 (jiffies)
[    2.516535] cpsw-switch 4a100000.switch: CPTS: ref_clk_freq:250000000 calc_mult:2147483648 calc_shift:29 error:0 nsec/sec
[    2.527958] cpsw-switch 4a100000.switch: Detected MA
Labgrid Console Logfile for main
Logfile started at 2024-12-13 09:25:00.912276
=== Log starts here ===
ready
DRAM:  512 MiB
No match for driver 'omap_hsmmc'
No match for driver 'omap_hsmmc'
Some drivers were not found
Reset Source: Power-on reset has occurred.
RTC 32KCLK Source: External.
MMC:   OMAP SD/MMC: 0, OMAP SD/MMC: 1
Loading Environment from EXT4... 
** Unable to use mmc 0:1 for loading the env **
Board: BeagleBone Black
<ethaddr> not set. Validating first E-fuse MAC
BeagleBone Black:
BeagleBone: cape eeprom: i2c_probe: 0x54:
BeagleBone: cape eeprom: i2c_probe: 0x55:
BeagleBone: cape eeprom: i2c_probe: 0x56:
BeagleBone: cape eeprom: i2c_probe: 0x57:
Net:   eth0: MII MODE
cpsw, usb_ether
Press SPACE to abort autoboot in 0 seconds
board_name=[A335BNLT] ...
board_rev=[00C0] ...
switch to partitions #0, OK
mmc0 is current device
SD/MMC found on device 0
switch to partitions #0, OK
mmc0 is current device
Scanning mmc 0:1...
gpio: pin 56 (gpio 56) value is 0
gpio: pin 55 (gpio 55) value is 0
gpio: pin 54 (gpio 54) value is 0
gpio: pin 53 (gpio 53) value is 1
switch to partitions #0, OK
mmc0 is current device
gpio: pin 54 (gpio 54) value is 1
Checking for: /uEnv.txt ...
584 bytes read in 2 ms (285.2 KiB/s)
gpio: pin 55 (gpio 55) value is 1
Loaded environment from /uEnv.txt
Importing environment from mmc ...
Checking if uenvcmd is set ...
gpio: pin 56 (gpio 56) value is 1
Running uenvcmd ...
cpsw Waiting for PHY auto negotiation to complete.... done
link up on port 0, speed 100, full duplex
Using cpsw device
TFTP from server 192.168.255.126; our IP address is 192.168.255.3
Filename 'zImage'.
Load address: 0x81000000
Loading: *#################################################################
	 #################################################################
	 #################################################################
	 #################################################################
	 #################################################################
	 #####################################################
	 801.8 KiB/s
done
Bytes transferred = 5542168 (549118 hex)
link up on port 0, speed 100, full duplex
Using cpsw device
TFTP from server 192.168.255.126; our IP address is 192.168.255.3
Filename 'am335x-boneblack.dtb'.
Load address: 0x82000000
Loading: *#######
	 2.5 MiB/s
done
Bytes transferred = 98244 (17fc4 hex)
## Flattened Device Tree blob at 82000000
   Booting using the fdt blob at 0x82000000
   Loading Device Tree to 8ffe5000, end 8fffffc3 ... OK

Starting kernel ...

[    0.000000] Booting Linux on physical CPU 0x0
[    0.000000] Linux version 6.13.0-rc2-next-20241213 (user01@drvtest01) (arm-linux-gnueabihf-gcc (Linaro GCC 6.4-2017.11) 6.4.1 20171012, GNU ld (Linaro_Binutils-2017.11) 2.27.0.20161229) #156 SMP Fri Dec 13 07:18:58 EET 2024
[    0.000000] CPU: ARMv7 Processor [413fc082] revision 2 (ARMv7), cr=10c5387d
[    0.000000] CPU: PIPT / VIPT nonaliasing data cache, VIPT aliasing instruction cache
[    0.000000] OF: fdt: Machine model: TI AM335x BeagleBone Black
[    0.000000] earlycon: omap8250 at MMIO 0x44e09000 (options '')
[    0.000000] printk: legacy bootconsole [omap8250] enabled
[    0.000000] Memory policy: Data cache writeback
[    0.000000] cma: Reserved 16 MiB at 0x9e800000 on node -1
[    0.000000] Zone ranges:
[    0.000000]   Normal   [mem 0x0000000080000000-0x000000009fdfffff]
[    0.000000]   HighMem  empty
[    0.000000] Movable zone start for each node
[    0.000000] Early memory node ranges
[    0.000000]   node   0: [mem 0x0000000080000000-0x000000009fdfffff]
[    0.000000] Initmem setup node 0 [mem 0x0000000080000000-0x000000009fdfffff]
[    0.000000] OF: reserved mem: Reserved memory: No reserved-memory node in the DT
[    0.000000] CPU: All CPU(s) started in SVC mode.
[    0.000000] AM335X ES2.1 (sgx neon)
[    0.000000] percpu: Embedded 17 pages/cpu s39628 r8192 d21812 u69632
[    0.000000] pcpu-alloc: s39628 r8192 d21812 u69632 alloc=17*4096
[    0.000000] pcpu-alloc: [0] 0 
[    0.000000] Kernel command line: console=ttyO0,115200n8 debug earlycon root=/dev/nfs rw nfsroot=192.168.255.126:/home/user01/nfs,nfsvers=3 ip=192.168.255.3:192.168.255.126::255.255.255.0:bbb1:eth0 nfsrootdebug
[    0.000000] Unknown kernel command line parameters "nfsrootdebug", will be passed to user space.
[    0.000000] printk: log buffer data + meta data: 65536 + 204800 = 270336 bytes
[    0.000000] Dentry cache hash table entries: 65536 (order: 6, 262144 bytes, linear)
[    0.000000] Inode-cache hash table entries: 32768 (order: 5, 131072 bytes, linear)
[    0.000000] Built 1 zonelists, mobility grouping on.  Total pages: 130560
[    0.000000] mem auto-init: stack:off, heap alloc:off, heap free:off
[    0.000000] SLUB: HWalign=64, Order=0-3, MinObjects=0, CPUs=1, Nodes=1
[    0.000000] trace event string verifier disabled
[    0.000000] rcu: Hierarchical RCU implementation.
[    0.000000] rcu: 	RCU event tracing is enabled.
[    0.000000] rcu: 	RCU restricting CPUs from NR_CPUS=2 to nr_cpu_ids=1.
[    0.000000] 	Tracing variant of Tasks RCU enabled.
[    0.000000] rcu: RCU calculated value of scheduler-enlistment delay is 10 jiffies.
[    0.000000] rcu: Adjusting geometry for rcu_fanout_leaf=16, nr_cpu_ids=1
[    0.000000] RCU Tasks Trace: Setting shift to 0 and lim to 1 rcu_task_cb_adjust=1 rcu_task_cpu_ids=1.
[    0.000000] NR_IRQS: 16, nr_irqs: 16, preallocated irqs: 16
[    0.000000] IRQ: Found an INTC at 0x(ptrval) (revision 5.0) with 128 interrupts
[    0.000000] rcu: srcu_init: Setting srcu_struct sizes based on contention.
[    0.000000] TI gptimer clocksource: always-on /ocp/interconnect@44c00000/segment@200000/target-module@31000
[    0.000002] sched_clock: 32 bits at 24MHz, resolution 41ns, wraps every 89478484971ns
[    0.008076] clocksource: dmtimer: mask: 0xffffffff max_cycles: 0xffffffff, max_idle_ns: 79635851949 ns
[    0.018128] TI gptimer clockevent: 24000000 Hz at /ocp/interconnect@48000000/segment@0/target-module@40000
[    0.029718] Console: colour dummy device 80x30
[    0.034364] WARNING: Your 'console=ttyO0' has been replaced by 'ttyS0'
[    0.041174] This ensures that you still see kernel messages. Please
[    0.047626] update your kernel commandline.
[    0.051981] Calibrating delay loop... 996.14 BogoMIPS (lpj=4980736)
[    0.094616] CPU: Testing write buffer coherency: ok
[    0.099748] CPU0: Spectre v2: using BPIALL workaround
[    0.104951] pid_max: default: 32768 minimum: 301
[    0.109823] LSM: initializing lsm=capability
[    0.114397] Mount-cache hash table entries: 1024 (order: 0, 4096 bytes, linear)
[    0.121966] Mountpoint-cache hash table entries: 1024 (order: 0, 4096 bytes, linear)
[    0.131649] CPU0: thread -1, cpu 0, socket -1, mpidr 0
[    0.139308] Setting up static identity map for 0x80100000 - 0x80100078
[    0.146368] rcu: Hierarchical SRCU implementation.
[    0.151371] rcu: 	Max phase no-delay instances is 1000.
[    0.158727] smp: Bringing up secondary CPUs ...
[    0.163460] smp: Brought up 1 node, 1 CPU
[    0.167594] SMP: Total of 1 processors activated (996.14 BogoMIPS).
[    0.174150] CPU: All CPU(s) started in SVC mode.
[    0.179100] Memory: 480840K/522240K available (11264K kernel code, 1215K rwdata, 2904K rodata, 1024K init, 295K bss, 23388K reserved, 16384K cma-reserved, 0K highmem)
[    0.195402] devtmpfs: initialized
[    0.215593] VFP support v0.3: implementor 41 architecture 3 part 30 variant c rev 3
[    0.223962] clocksource: jiffies: mask: 0xffffffff max_cycles: 0xffffffff, max_idle_ns: 19112604462750000 ns
[    0.234173] futex hash table entries: 256 (order: 2, 16384 bytes, linear)
[    0.242427] pinctrl core: initialized pinctrl subsystem
[    0.250788] NET: Registered PF_NETLINK/PF_ROUTE protocol family
[    0.259840] DMA: preallocated 256 KiB pool for atomic coherent allocations
[    0.267842] audit: initializing netlink subsys (disabled)
[    0.274965] thermal_sys: Registered thermal governor 'fair_share'
[    0.274995] thermal_sys: Registered thermal governor 'step_wise'
[    0.281373] thermal_sys: Registered thermal governor 'user_space'
[    0.287682] audit: type=2000 audit(0.240:1): state=initialized audit_enabled=0 res=1
[    0.302062] cpuidle: using governor menu
[    0.324487] /ocp/interconnect@44c00000/segment@200000/target-module@b000/i2c@0/tda19988@70: Fixed dependency cycle(s) with /ocp/interconnect@48000000/segment@300000/target-module@e000/lcdc@0
[    0.343241] /ocp/interconnect@48000000/segment@300000/target-module@e000/lcdc@0: Fixed dependency cycle(s) with /ocp/interconnect@44c00000/segment@200000/target-module@b000/i2c@0/tda19988@70
[    0.363057] No ATAGs?
[    0.365426] hw-breakpoint: debug architecture 0x4 unsupported.
[    0.374375] kprobes: kprobe jump-optimization is enabled. All kprobes are optimized if possible.
[    0.401878] iommu: Default domain type: Translated
[    0.406839] iommu: DMA domain TLB invalidation policy: strict mode
[    0.415024] reg-fixed-voltage fixedregulator0: using DT '/fixedregulator0' for '(default)' GPIO lookup
[    0.424759] of_get_named_gpiod_flags: can't parse 'gpios' property of node '/fixedregulator0[0]'
[    0.433858] of_get_named_gpiod_flags: can't parse 'gpio' property of node '/fixedregulator0[0]'
[    0.442855] reg-fixed-voltage fixedregulator0: using lookup tables for GPIO lookup
[    0.450671] reg-fixed-voltage fixedregulator0: No GPIO consumer (default) found
[    0.478898] SCSI subsystem initialized
[    0.488773] libata version 3.00 loaded.
[    0.493110] pps_core: LinuxPPS API ver. 1 registered
[    0.498287] pps_core: Software ver. 5.3.6 - Copyright 2005-2007 Rodolfo Giometti <giometti@linux.it>
[    0.507719] PTP clock support registered
[    0.538267] vgaarb: loaded
[    0.548211] clocksource: Switched to clocksource dmtimer
[    0.554401] VFS: Disk quotas dquot_6.6.0
[    0.558616] VFS: Dquot-cache hash table entries: 1024 (order 0, 4096 bytes)
[    0.601445] NET: Registered PF_INET protocol family
[    0.606958] IP idents hash table entries: 8192 (order: 4, 65536 bytes, linear)
[    0.615858] tcp_listen_portaddr_hash hash table entries: 512 (order: 0, 4096 bytes, linear)
[    0.624563] Table-perturb hash table entries: 65536 (order: 6, 262144 bytes, linear)
[    0.632579] TCP established hash table entries: 4096 (order: 2, 16384 bytes, linear)
[    0.640588] TCP bind hash table entries: 4096 (order: 4, 65536 bytes, linear)
[    0.648049] TCP: Hash tables configured (established 4096 bind 4096)
[    0.654733] UDP hash table entries: 256 (order: 1, 14336 bytes, linear)
[    0.661608] UDP-Lite hash table entries: 256 (order: 1, 14336 bytes, linear)
[    0.669052] NET: Registered PF_UNIX/PF_LOCAL protocol family
[    0.753349] RPC: Registered named UNIX socket transport module.
[    0.759484] RPC: Registered udp transport module.
[    0.764395] RPC: Registered tcp transport module.
[    0.769239] RPC: Registered tcp-with-tls transport module.
[    0.774907] RPC: Registered tcp NFSv4.1 backchannel transport module.
[    0.781588] PCI: CLS 0 bytes, default 64
[    0.787194] Initialise system trusted keyrings
[    0.854059] workingset: timestamp_bits=14 max_order=17 bucket_order=3
[    0.862253] NFS: Registering the id_resolver key type
[    0.867541] Key type id_resolver registered
[    0.871923] Key type id_legacy registered
[    0.876105] jffs2: version 2.2. (NAND) (SUMMARY)  © 2001-2006 Red Hat, Inc.
[    0.911096] Key type asymmetric registered
[    0.915453] Asymmetric key parser 'x509' registered
[    0.920550] io scheduler mq-deadline registered
[    0.925259] io scheduler kyber registered
[    0.929459] io scheduler bfq registered
[    0.959715] ledtrig-cpu: registered to indicate activity on CPUs
[    0.968971] Serial: 8250/16550 driver, 6 ports, IRQ sharing enabled
[    1.032521] brd: module loaded
[    1.056776] loop: module loaded
[    1.060977] mtdoops: mtd device (mtddev=name/number) must be supplied
[    1.081077] mdio_bus fixed-0: using lookup tables for GPIO lookup
[    1.087484] mdio_bus fixed-0: No GPIO consumer reset found
[    1.094579] i2c_dev: i2c /dev entries driver
[    1.099983] cpuidle: enable-method property 'ti,am3352' found operations
[    1.107485] sdhci: Secure Digital Host Controller Interface driver
[    1.113914] sdhci: Copyright(c) Pierre Ossman
[    1.118593] sdhci-pltfm: SDHCI platform and OF driver helper
[    1.125531] Initializing XFRM netlink socket
[    1.130086] NET: Registered PF_INET6 protocol family
[    1.206839] Segment Routing with IPv6
[    1.210723] In-situ OAM (IOAM) with IPv6
[    1.214957] sit: IPv6, IPv4 and MPLS over IPv4 tunneling driver
[    1.222117] NET: Registered PF_PACKET protocol family
[    1.227362] NET: Registered PF_KEY protocol family
[    1.232479] Key type dns_resolver registered
[    1.237170] ThumbEE CPU extension supported.
[    1.241646] Registering SWP/SWPB emulation handler
[    1.247115] omap_voltage_late_init: Voltage driver support not added
[    1.254124] SmartReflex Class3 initialized
[    1.332555] Loading compiled-in X.509 certificates
[    1.387931] /ocp/interconnect@44c00000/segment@200000/target-module@b000/i2c@0/tda19988@70: Fixed dependency cycle(s) with /ocp/interconnect@48000000/segment@300000/target-module@e000/lcdc@0
[    1.412243] /ocp/interconnect@44c00000/segment@200000/target-module@b000/i2c@0/tda19988@70: Fixed dependency cycle(s) with /ocp/interconnect@48000000/segment@300000/target-module@e000/lcdc@0
[    1.435520] gpiochip_find_base_unlocked: found new base at 512
[    1.505757] /ocp/interconnect@44c00000/segment@200000/target-module@b000/i2c@0/tda19988@70: Fixed dependency cycle(s) with /ocp/interconnect@48000000/segment@300000/target-module@e000/lcdc@0
[    1.524404] /ocp/interconnect@44c00000/segment@200000/target-module@b000/i2c@0/tda19988@70: Fixed dependency cycle(s) with /ocp/interconnect@48000000/segment@300000/target-module@e000/lcdc@0
[    1.545531] /ocp/interconnect@44c00000/segment@200000/target-module@10000/scm@0/pinmux@800: Fixed dependency cycle(s) with /ocp/interconnect@44c00000/segment@200000/target-module@10000/scm@0/pinmux@800/clkout2-pins
[    1.565874] pinctrl-single 44e10800.pinmux: 142 pins, size 568
[    1.577234] ti-sysc 44e31000.target-module: probe with driver ti-sysc failed with error -16
[    1.680555] /ocp/interconnect@48000000/segment@300000/target-module@e000/lcdc@0: Fixed dependency cycle(s) with /ocp/interconnect@44c00000/segment@200000/target-module@b000/i2c@0/tda19988@70
[    1.706541] ti-sysc 48040000.target-module: probe with driver ti-sysc failed with error -16
[    1.726982] gpiochip_find_base_unlocked: found new base at 512
[    1.733251] gpio gpiochip0: (gpio-0-31): created GPIO range 0->7 ==> 44e10800.pinmux PIN 0->7
[    1.742090] gpio gpiochip0: (gpio-0-31): created GPIO range 8->11 ==> 44e10800.pinmux PIN 90->93
[    1.751145] gpio gpiochip0: (gpio-0-31): created GPIO range 12->27 ==> 44e10800.pinmux PIN 12->27
[    1.760328] gpio gpiochip0: (gpio-0-31): created GPIO range 28->31 ==> 44e10800.pinmux PIN 30->33
[    1.871734] gpio gpiochip0: (gpio-0-31): added GPIO chardev (254:0)
[    1.878373] gpio gpiochip0: registered GPIOs 512 to 543 on gpio-0-31
[    1.885057] OMAP GPIO hardware version 0.1
[    1.918222] i2c i2c-2: using DT '/ocp/interconnect@48000000/segment@100000/target-module@9c000/i2c@0' for 'scl' GPIO lookup
[    1.929957] of_get_named_gpiod_flags: can't parse 'scl-gpios' property of node '/ocp/interconnect@48000000/segment@100000/target-module@9c000/i2c@0[0]'
[    1.944028] of_get_named_gpiod_flags: can't parse 'scl-gpio' property of node '/ocp/interconnect@48000000/segment@100000/target-module@9c000/i2c@0[0]'
[    1.957981] i2c i2c-2: using lookup tables for GPIO lookup
[    1.963672] i2c i2c-2: No GPIO consumer scl found
[    1.968531] i2c i2c-2: using DT '/ocp/interconnect@48000000/segment@100000/target-module@9c000/i2c@0' for 'sda' GPIO lookup
[    1.980048] of_get_named_gpiod_flags: can't parse 'sda-gpios' property of node '/ocp/interconnect@48000000/segment@100000/target-module@9c000/i2c@0[0]'
[    1.994065] of_get_named_gpiod_flags: can't parse 'sda-gpio' property of node '/ocp/interconnect@48000000/segment@100000/target-module@9c000/i2c@0[0]'
[    2.007987] i2c i2c-2: using lookup tables for GPIO lookup
[    2.013660] i2c i2c-2: No GPIO consumer sda found
[    2.019260] omap_i2c 4819c000.i2c: bus 2 rev0.11 at 100 kHz
[    2.030556] gpiochip_find_base_unlocked: found new base at 544
[    2.036805] gpio gpiochip1: (gpio-32-63): created GPIO range 0->17 ==> 44e10800.pinmux PIN 34->51
[    2.046001] gpio gpiochip1: (gpio-32-63): created GPIO range 18->21 ==> 44e10800.pinmux PIN 77->80
[    2.055286] gpio gpiochip1: (gpio-32-63): created GPIO range 22->31 ==> 44e10800.pinmux PIN 56->65
[    2.065477] gpio gpiochip1: (gpio-32-63): added GPIO chardev (254:1)
[    2.072339] gpio gpiochip1: registered GPIOs 544 to 575 on gpio-32-63
[    2.081240] gpiochip_find_base_unlocked: found new base at 576
[    2.087507] gpio gpiochip2: (gpio-64-95): created GPIO range 0->4 ==> 44e10800.pinmux PIN 66->70
[    2.096632] gpio gpiochip2: (gpio-64-95): created GPIO range 5->6 ==> 44e10800.pinmux PIN 98->99
[    2.105730] gpio gpiochip2: (gpio-64-95):  created GPIO range 7->8 ==> 44e10800.pinmux PIN 75->76
[    2.114839] gpio gpiochip2: (gpio-64-95): created GPIO range 13->13 ==> 44e10800.pinmux PIN 141->141
[    2.124291] gpio gpiochip2: (gpio-64-95): created GPIO range 14->21 ==> 44e10800.pinmux PIN 100->107
[    2.134564] gpio gpiochip2: (gpio-64-95): added GPIO chardev (254:2)
[    2.141249] gpio gpiochip2: registered GPIOs 576 to 607 on gpio-64-95
[    2.153829] 48000000.interconnect:segment@200000:target-module@0:mpu@0:fck: device ID is greater than 24
[    interconnect@48000000/segment@300000/target-module@e000/lcdc@0: Fixed dependency cycle(s) with /ocp/interconnect@44c00000/segment@200000/target-module@b000/i2c@0/tda19988@70
[    2.248500] mdio_bus 4a101000.mdio: using DT '/ocp/interconnect@4a000000/segment@0/target-module@100000/switch@0/mdio@1000' for 'reset' GPIO lookup
[    2.262338] of_get_named_gpiod_flags: can't parse 'reset-gpios' property of node '/ocp/interconnect@4a000000/segment@0/target-module@100000/switch@0/mdio@1000[0]'
[    2.277389] of_get_named_gpiod_flags: can't parse 'reset-gpio' property of node '/ocp/interconnect@4a000000/segment@0/target-module@100000/switch@0/mdio@1000[0]'
[    2.292329] mdio_bus 4a101000.mdio: using lookup tables for GPIO lookup
[    2.299142] mdio_bus 4a101000.mdio: No GPIO consumer reset found
[    2.306564] sdhci-omap 481d8000.mmc: using DT '/ocp/interconnect@48000000/segment@100000/target-module@d8000/mmc@0' for 'wp' GPIO lookup
[    2.319364] of_get_named_gpiod_flags: can't parse 'wp-gpios' property of node '/ocp/interconnect@48000000/segment@100000/target-module@d8000/mmc@0[0]'
[    2.333314] of_get_named_gpiod_flags: can't parse 'wp-gpio' property of node '/ocp/interconnect@48000000/segment@100000/target-module@d8000/mmc@0[0]'
[    2.347164] sdhci-omap 481d8000.mmc: using lookup tables for GPIO lookup
[    2.354115] sdhci-omap 481d8000.mmc: No GPIO consumer wp found
[    2.360320] sdhci-omap 481d8000.mmc: supply pbias not found, using dummy regulator
[    2.368936] sdhci-omap 481d8000.mmc: supply vqmmc not found, using dummy regulator
[    2.380405] davinci_mdio 4a101000.mdio: davinci mdio revision 1.6, bus freq 1000000
[    2.389837] mdio_bus 4a101000.mdio:00: using DT '/ocp/interconnect@4a000000/segment@0/target-module@100000/switch@0/mdio@1000/ethernet-phy@0' for 'reset' GPIO lookup
[    2.405338] of_get_named_gpiod_flags: parsed 'reset-gpios' property of node '/ocp/interconnect@4a000000/segment@0/target-module@100000/switch@0/mdio@1000/ethernet-phy@0[0]' - status (0)
[    2.422568] gpio gpiochip0: Persistence not supported for GPIO 8
[    2.483905] davinci_mdio 4a101000.mdio: phy[0]: device 4a101000.mdio:00, driver SMSC LAN8710/LAN8720
[    2.494213] cpsw-switch 4a100000.switch: initialized cpsw ale version 1.4
[    2.501227] cpsw-switch 4a100000.switch: ALE Table size 1024, Policers 0
[    2.508561] cpsw-switch 4a100000.switch: cpts: overflow check period 500 (jiffies)
[    2.516479] cpsw-switch 4a100000.switch: CPTS: ref_clk_freq:250000000 calc_mult:2147483648 calc_shift:29 error:0 nsec/sec
[    2.527907] cpsw-switch 4a100000.switch: Detected MACID = 64:8c:bb:ca:c5:75
[    2.536948] cpsw-switch 4a100000.switch: initialized (regs 0x4a100000, pool size 256) hw_ver:0019010C 1.12 (0)
[    2.558431] debugfs: Directory '49000000.dma' with parent 'dmaengine' already present!
[    2.566792] edma 49000000.dma: TI EDMA DMA engine driver
 [    2.592775] target-module@4b000000:target-module@140000:pmu@0:fck: device ID is greater than 24
[    2.604250] hw perfevents: enabled with armv7_cortex_a8 PMU driver, 5 (8000000f) counters available
[    2.614620] gpio-clk clk_mcasp0: using DT '/clk_mcasp0' for 'enable' GPIO lookup
[    2.622442] of_get_named_gpiod_flags: parsed 'enable-gpios' property of node '/clk_mcasp0[0]' - status (0)
[    2.632461] gpio gpiochip0: Persistence not supported for GPIO 27
[    2.639239] ------------[ cut here ]------------
[    
Labgrid Console Logfile for main
Logfile started at 2024-12-13 09:26:23.274028
=== Log starts here ===
ready
DRAM:  512 MiB
No match for driver 'omap_hsmmc'
No match for driver 'omap_hsmmc'
Some drivers were not found
Reset Source: Power-on reset has occurred.
RTC 32KCLK Source: External.
MMC:   OMAP SD/MMC: 0, OMAP SD/MMC: 1
Loading Environment from EXT4... 
** Unable to use mmc 0:1 for loading the env **
Board: BeagleBone Black
<ethaddr> not set. Validating first E-fuse MAC
BeagleBone Black:
BeagleBone: cape eeprom: i2c_probe: 0x54:
BeagleBone: cape eeprom: i2c_probe: 0x55:
BeagleBone: cape eeprom: i2c_probe: 0x56:
BeagleBone: cape eeprom: i2c_probe: 0x57:
Net:   eth0: MII MODE
cpsw, usb_ether
Press SPACE to abort autoboot in 0 seconds
board_name=[A335BNLT] ...
board_rev=[00C0] ...
switch to partitions #0, OK
mmc0 is current device
SD/MMC found on device 0
switch to partitions #0, OK
mmc0 is current device
Scanning mmc 0:1...
gpio: pin 56 (gpio 56) value is 0
gpio: pin 55 (gpio 55) value is 0
gpio: pin 54 (gpio 54) value is 0
gpio: pin 53 (gpio 53) value is 1
switch to partitions #0, OK
mmc0 is current device
gpio: pin 54 (gpio 54) value is 1
Checking for: /uEnv.txt ...
584 bytes read in 2 ms (285.2 KiB/s)
gpio: pin 55 (gpio 55) value is 1
Loaded environment from /uEnv.txt
Importing environment from mmc ...
Checking if uenvcmd is set ...
gpio: pin 56 (gpio 56) value is 1
Running uenvcmd ...
cpsw Waiting for PHY auto negotiation to complete.... done
link up on port 0, speed 100, full duplex
Using cpsw device
TFTP from server 192.168.255.126; our IP address is 192.168.255.3
Filename 'zImage'.
Load address: 0x81000000
Loading: *#################################################################
	 #################################################################
	 #################################################################
	 #################################################################
	 #################################################################
	 #####################################################
	 800.8 KiB/s
done
Bytes transferred = 5542168 (549118 hex)
link up on port 0, speed 100, full duplex
Using cpsw device
TFTP from server 192.168.255.126; our IP address is 192.168.255.3
Filename 'am335x-boneblack.dtb'.
Load address: 0x82000000
Loading: *#######
	 2.5 MiB/s
done
Bytes transferred = 98244 (17fc4 hex)
## Flattened Device Tree blob at 82000000
   Booting using the fdt blob at 0x82000000
   Loading Device Tree to 8ffe5000, end 8fffffc3 ... OK

Starting kernel ...

[    0.000000] Booting Linux on physical CPU 0x0
[    0.000000] Linux version 6.13.0-rc2-next-20241213 (user01@drvtest01) (arm-linux-gnueabihf-gcc (Linaro GCC 6.4-2017.11) 6.4.1 20171012, GNU ld (Linaro_Binutils-2017.11) 2.27.0.20161229) #156 SMP Fri Dec 13 07:18:58 EET 2024
[    0.000000] CPU: ARMv7 Processor [413fc082] revision 2 (ARMv7), cr=10c5387d
[    0.000000] CPU: PIPT / VIPT nonaliasing data cache, VIPT aliasing instruction cache
[    0.000000] OF: fdt: Machine model: TI AM335x BeagleBone Black
[    0.000000] earlycon: omap8250 at MMIO 0x44e09000 (options '')
[    0.000000] printk: legacy bootconsole [omap8250] enabled
[    0.000000] Memory policy: Data cache writeback
[    0.000000] cma: Reserved 16 MiB at 0x9e800000 on node -1
[    0.000000] Zone ranges:
[    0.000000]   Normal   [mem 0x0000000080000000-0x000000009fdfffff]
[    0.000000]   HighMem  empty
[    0.000000] Movable zone start for each node
[    0.000000] Early memory node ranges
[    0.000000]   node   0: [mem 0x0000000080000000-0x000000009fdfffff]
[    0.000000] Initmem setup node 0 [mem 0x0000000080000000-0x000000009fdfffff]
[    0.000000] OF: reserved mem: Reserved memory: No reserved-memory node in the DT
[    0.000000] CPU: All CPU(s) started in SVC mode.
[    0.000000] AM335X ES2.1 (sgx neon)
[    0.000000] percpu: Embedded 17 pages/cpu s39628 r8192 d21812 u69632
[    0.000000] pcpu-alloc: s39628 r8192 d21812 u69632 alloc=17*4096
[    0.000000] pcpu-alloc: [0] 0 
[    0.000000] Kernel command line: console=ttyO0,115200n8 debug earlycon root=/dev/nfs rw nfsroot=192.168.255.126:/home/user01/nfs,nfsvers=3 ip=192.168.255.3:192.168.255.126::255.255.255.0:bbb1:eth0 nfsrootdebug
[    0.000000] Unknown kernel command line parameters "nfsrootdebug", will be passed to user space.
[    0.000000] printk: log buffer data + meta data: 65536 + 204800 = 270336 bytes
[    0.000000] Dentry cache hash table entries: 65536 (order: 6, 262144 bytes, linear)
[    0.000000] Inode-cache hash table entries: 32768 (order: 5, 131072 bytes, linear)
[    0.000000] Built 1 zonelists, mobility grouping on.  Total pages: 130560
[    0.000000] mem auto-init: stack:off, heap alloc:off, heap free:off
[    0.000000] SLUB: HWalign=64, Order=0-3, MinObjects=0, CPUs=1, Nodes=1
[    0.000000] trace event string verifier disabled
[    0.000000] rcu: Hierarchical RCU implementation.
[    0.000000] rcu: 	RCU event tracing is enabled.
[    0.000000] rcu: 	RCU restricting CPUs from NR_CPUS=2 to nr_cpu_ids=1.
[    0.000000] 	Tracing variant of Tasks RCU enabled.
[    0.000000] rcu: RCU calculated value of scheduler-enlistment delay is 10 jiffies.
[    0.000000] rcu: Adjusting geometry for rcu_fanout_leaf=16, nr_cpu_ids=1
[    0.000000] RCU Tasks Trace: Setting shift to 0 and lim to 1 rcu_task_cb_adjust=1 rcu_task_cpu_ids=1.
[    0.000000] NR_IRQS: 16, nr_irqs: 16, preallocated irqs: 16
[    0.000000] IRQ: Found an INTC at 0x(ptrval) (revision 5.0) with 128 interrupts
[    0.000000] rcu: srcu_init: Setting srcu_struct sizes based on contention.
[    0.000000] TI gptimer clocksource: always-on /ocp/interconnect@44c00000/segment@200000/target-module@31000
[    0.000003] sched_clock: 32 bits at 24MHz, resolution 41ns, wraps every 89478484971ns
[    0.008077] clocksource: dmtimer: mask: 0xffffffff max_cycles: 0xffffffff, max_idle_ns: 79635851949 ns
[    0.018133] TI gptimer clockevent: 24000000 Hz at /ocp/interconnect@48000000/segment@0/target-module@40000
[    0.029722] Console: colour dummy device 80x30
[    0.034369] WARNING: Your 'console=ttyO0' has been replaced by 'ttyS0'
[    0.041179] This ensures that you still see kernel messages. Please
[    0.047629] update your kernel commandline.
[    0.051986] Calibrating delay loop... 996.14 BogoMIPS (lpj=4980736)
[    0.094621] CPU: Testing write buffer coherency: ok
[    0.099756] CPU0: Spectre v2: using BPIALL workaround
[    0.104961] pid_max: default: 32768 minimum: 301
[    0.109834] LSM: initializing lsm=capability
[    0.114405] Mount-cache hash table entries: 1024 (order: 0, 4096 bytes, linear)
[    0.121974] Mountpoint-cache hash table entries: 1024 (order: 0, 4096 bytes, linear)
[    0.131677] CPU0: thread -1, cpu 0, socket -1, mpidr 0
[    0.139338] Setting up static identity map for 0x80100000 - 0x80100078
[    0.146398] rcu: Hierarchical SRCU implementation.
[    0.151401] rcu: 	Max phase no-delay instances is 1000.
[    0.158748] smp: Bringing up secondary CPUs ...
[    0.163480] smp: Brought up 1 node, 1 CPU
[    0.167613] SMP: Total of 1 processors activated (996.14 BogoMIPS).
[    0.174170] CPU: All CPU(s) started in SVC mode.
[    0.179118] Memory: 480840K/522240K available (11264K kernel code, 1215K rwdata, 2904K rodata, 1024K init, 295K bss, 23388K reserved, 16384K cma-reserved, 0K highmem)
[    0.195417] devtmpfs: initialized
[    0.215660] VFP support v0.3: implementor 41 architecture 3 part 30 variant c rev 3
[    0.224039] clocksource: jiffies: mask: 0xffffffff max_cycles: 0xffffffff, max_idle_ns: 19112604462750000 ns
[    0.234245] futex hash table entries: 256 (order: 2, 16384 bytes, linear)
[    0.242539] pinctrl core: initialized pinctrl subsystem
[    0.250920] NET: Registered PF_NETLINK/PF_ROUTE protocol family
[    0.259984] DMA: preallocated 256 KiB pool for atomic coherent allocations
[    0.267989] audit: initializing netlink subsys (disabled)
[    0.275104] thermal_sys: Registered thermal governor 'fair_share'
[    0.275134] thermal_sys: Registered thermal governor 'step_wise'
[    0.281510] thermal_sys: Registered thermal governor 'user_space'
[    0.287817] audit: type=2000 audit(0.240:1): state=initialized audit_enabled=0 res=1
[    0.302197] cpuidle: using governor menu
[    0.324606] /ocp/interconnect@44c00000/segment@200000/target-module@b000/i2c@0/tda19988@70: Fixed dependency cycle(s) with /ocp/interconnect@48000000/segment@300000/target-module@e000/lcdc@0
[    0.343372] /ocp/interconnect@48000000/segment@300000/target-module@e000/lcdc@0: Fixed dependency cycle(s) with /ocp/interconnect@44c00000/segment@200000/target-module@b000/i2c@0/tda19988@70
[    0.363182] No ATAGs?
[    0.365552] hw-breakpoint: debug architecture 0x4 unsupported.
[    0.374534] kprobes: kprobe jump-optimization is enabled. All kprobes are optimized if possible.
[    0.402048] iommu: Default domain type: Translated
[    0.407008] iommu: DMA domain TLB invalidation policy: strict mode
[    0.415183] reg-fixed-voltage fixedregulator0: using DT '/fixedregulator0' for '(default)' GPIO lookup
[    0.424917] of_get_named_gpiod_flags: can't parse 'gpios' property of node '/fixedregulator0[0]'
[    0.434013] of_get_named_gpiod_flags: can't parse 'gpio' property of node '/fixedregulator0[0]'
[    0.443013] reg-fixed-voltage fixedregulator0: using lookup tables for GPIO lookup
[    0.450830] reg-fixed-voltage fixedregulator0: No GPIO consumer (default) found
[    0.479061] SCSI subsystem initialized
[    0.488937] libata version 3.00 loaded.
[    0.493273] pps_core: LinuxPPS API ver. 1 registered
[    0.498448] pps_core: Software ver. 5.3.6 - Copyright 2005-2007 Rodolfo Giometti <giometti@linux.it>
[    0.507879] PTP clock support registered
[    0.538272] vgaarb: loaded
[    0.548202] clocksource: Switched to clocksource dmtimer
[    0.554399] VFS: Disk quotas dquot_6.6.0
[    0.558615] VFS: Dquot-cache hash table entries: 1024 (order 0, 4096 bytes)
[    0.601662] NET: Registered PF_INET protocol family
[    0.607055] IP idents hash table entries: 8192 (order: 4, 65536 bytes, linear)
[    0.615960] tcp_listen_portaddr_hash hash table entries: 512 (order: 0, 4096 bytes, linear)
[    0.624666] Table-perturb hash table entries: 65536 (order: 6, 262144 bytes, linear)
[    0.632678] TCP established hash table entries: 4096 (order: 2, 16384 bytes, linear)
[    0.640687] TCP bind hash table entries: 4096 (order: 4, 65536 bytes, linear)
[    0.648149] TCP: Hash tables configured (established 4096 bind 4096)
[    0.654835] UDP hash table entries: 256 (order: 1, 14336 bytes, linear)
[    0.661714] UDP-Lite hash table entries: 256 (order: 1, 14336 bytes, linear)
[    0.669156] NET: Registered PF_UNIX/PF_LOCAL protocol family
[    0.753426] RPC: Registered named UNIX socket transport module.
[    0.759559] RPC: Registered udp transport module.
[    0.764473] RPC: Registered tcp transport module.
[    0.769316] RPC: Registered tcp-with-tls transport module.
[    0.774983] RPC: Registered tcp NFSv4.1 backchannel transport module.
[    0.781662] PCI: CLS 0 bytes, default 64
[    0.787240] Initialise system trusted keyrings
[    0.854159] workingset: timestamp_bits=14 max_order=17 bucket_order=3
[    0.878087] NFS: Registering the id_resolver key type
[    0.883466] Key type id_resolver registered
[    0.887777] Key type id_legacy registered
[    0.891998] jffs2: version 2.2. (NAND) (SUMMARY)  © 2001-2006 Red Hat, Inc.
[    0.919567] Key type asymmetric registered
[    0.923883] Asymmetric key parser 'x509' registered
[    0.928980] io scheduler mq-deadline registered
[    0.933683] io scheduler kyber registered
[    0.937882] io scheduler bfq registered
[    0.968075] ledtrig-cpu: registered to indicate activity on CPUs
[    0.994011] Serial: 8250/16550 driver, 6 ports, IRQ sharing enabled
[    1.044620] brd: module loaded
[    1.076754] loop: module loaded
[    1.080958] mtdoops: mtd device (mtddev=name/number) must be supplied
[    1.106097] mdio_bus fixed-0: using lookup tables for GPIO lookup
[    1.112493] mdio_bus fixed-0: No GPIO consumer reset found
[    1.119539] i2c_dev: i2c /dev entries driver
[    1.125033] cpuidle: enable-method property 'ti,am3352' found operations
[    1.132511] sdhci: Secure Digital Host Controller Interface driver
[    1.138885] sdhci: Copyright(c) Pierre Ossman
[    1.143616] sdhci-pltfm: SDHCI platform and OF driver helper
[    1.150514] Initializing XFRM netlink socket
[    1.155156] NET: Registered PF_INET6 protocol family
[    1.215606] Segment Routing with IPv6
[    1.219491] In-situ OAM (IOAM) with IPv6
[    1.223723] sit: IPv6, IPv4 and MPLS over IPv4 tunneling driver
[    1.230805] NET: Registered PF_PACKET protocol family
[    1.236140] NET: Registered PF_KEY protocol family
[    1.241206] Key type dns_resolver registered
[    1.245943] ThumbEE CPU extension supported.
[    1.250358] Registering SWP/SWPB emulation handler
[    1.255878] omap_voltage_late_init: Voltage driver support not added
[    1.262894] SmartReflex Class3 initialized
[    1.352404] Loading compiled-in X.509 certificates
[    1.388250] /ocp/interconnect@44c00000/segment@200000/target-module@b000/i2c@0/tda19988@70: Fixed dependency cycle(s) with /ocp/interconnect@48000000/segment@300000/target-module@e000/lcdc@0
[    1.412542] /ocp/interconnect@44c00000/segment@200000/target-module@b000/i2c@0/tda19988@70: Fixed dependency cycle(s) with /ocp/interconnect@48000000/segment@300000/target-module@e000/lcdc@0
[    1.435902] gpiochip_find_base_unlocked: found new base at 512
[    1.506050] /ocp/interconnect@44c00000/segment@200000/target-module@b000/i2c@0/tda19988@70: Fixed dependency cycle(s) with /ocp/interconnect@48000000/segment@300000/target-module@e000/lcdc@0
[    1.524677] /ocp/interconnect@44c00000/segment@200000/target-module@b000/i2c@0/tda19988@70: Fixed dependency cycle(s) with /ocp/interconnect@48000000/segment@300000/target-module@e000/lcdc@0
[    1.545815] /ocp/interconnect@44c00000/segment@200000/target-module@10000/scm@0/pinmux@800: Fixed dependency cycle(s) with /ocp/interconnect@44c00000/segment@200000/target-module@10000/scm@0/pinmux@800/clkout2-pins
[    1.566178] pinctrl-single 44e10800.pinmux: 142 pins, size 568
[    1.577534] ti-sysc 44e31000.target-module: probe with driver ti-sysc failed with error -16
[    1.680915] /ocp/interconnect@48000000/segment@300000/target-module@e000/lcdc@0: Fixed dependency cycle(s) with /ocp/interconnect@44c00000/segment@200000/target-module@b000/i2c@0/tda19988@70
[    1.706827] ti-sysc 48040000.target-module: probe with driver ti-sysc failed with error -16
[    1.727300] gpiochip_find_base_unlocked: found new base at 512
[    1.733571] gpio gpiochip0: (gpio-0-31): created GPIO range 0->7 ==> 44e10800.pinmux PIN 0->7
[    1.742406] gpio gpiochip0: (gpio-0-31): created GPIO range 8->11 ==> 44e10800.pinmux PIN 90->93
[    1.751460] gpio gpiochip0: (gpio-0-31): created GPIO range 12->27 ==> 44e10800.pinmux PIN 12->27
[    1.760627] gpio gpiochip0: (gpio-0-31): created GPIO range 28->31 ==> 44e10800.pinmux PIN 30->33
[    1.872341] gpio gpiochip0: (gpio-0-31): added GPIO chardev (254:0)
[    1.878964] gpio gpiochip0: registered GPIOs 512 to 543 on gpio-0-31
[    1.885681] OMAP GPIO hardware version 0.1
[    1.918741] i2c i2c-2: using DT '/ocp/interconnect@48000000/segment@100000/target-module@9c000/i2c@0' for 'scl' GPIO lookup
[    1.930541] of_get_named_gpiod_flags: can't parse 'scl-gpios' property of node '/ocp/interconnect@48000000/segment@100000/target-module@9c000/i2c@0[0]'
[    1.944612] of_get_named_gpiod_flags: can't parse 'scl-gpio' property of node '/ocp/interconnect@48000000/segment@100000/target-module@9c000/i2c@0[0]'
[    1.958547] i2c i2c-2: using lookup tables for GPIO lookup
[    1.964250] i2c i2c-2: No GPIO consumer scl found
[    1.969109] i2c i2c-2: using DT '/ocp/interconnect@48000000/segment@100000/target-module@9c000/i2c@0' for 'sda' GPIO lookup
[    1.980635] of_get_named_gpiod_flags: can't parse 'sda-gpios' property of node '/ocp/interconnect@48000000/segment@100000/target-module@9c000/i2c@0[0]'
[    1.994654] of_get_named_gpiod_flags: can't parse 'sda-gpio' property of node '/ocp/interconnect@48000000/segment@100000/target-module@9c000/i2c@0[0]'
[    2.008575] i2c i2c-2: using lookup tables for GPIO lookup
[    2.014244] i2c i2c-2: No GPIO consumer sda found
[    2.019823] omap_i2c 4819c000.i2c: bus 2 rev0.11 at 100 kHz
[    2.031169] gpiochip_find_base_unlocked: found new base at 544
[    2.037485] gpio gpiochip1: (gpio-32-63): created GPIO range 0->17 ==> 44e10800.pinmux PIN 34->51
[    2.046686] gpio gpiochip1: (gpio-32-63): created GPIO range 18->21 ==> 44e10800.pinmux PIN 77->80
[    2.055964] gpio gpiochip1: (gpio-32-63): created GPIO range 22->31 ==> 44e10800.pinmux PIN 56->65
[    2.066101] gpio gpiochip1: (gpio-32-63): added GPIO chardev (254:1)
[    2.072913] gpio gpiochip1: registered GPIOs 544 to 575 on gpio-32-63
[    2.081981] gpiochip_find_base_unlocked: found new base at 576
[    2.088093] gpio gpiochip2: (gpio-64-95): created GPIO range 0->4 ==> 44e10800.pinmux PIN 66->70
[    2.097234] gpio gpiochip2: (gpio-64-95): created GPIO range 5->6 ==> 44e10800.pinmux PIN 98->99
[    2.106319] gpio gpiochip2: (gpio-64-95): created GPIO range 7->8 ==> 44e10800.pinmux PIN 75->76
[    2.115396] gpio gpiochip2: (gpio-64-95): created GPIO range 13->13 ==> 44e10800.pinmux PIN 141->141
[    2.124829] gpio gpiochip2: (gpio-64-95): created GPIO range 14->21 ==> 44e10800.pinmux PIN 100->107
[    2.135029] gpio gpiochip2: (gpio-64-95): added GPIO chardev (254:2)
[    2.141870] gpio gpiochip2: registered GPIOs 576 to 607 on gpio-64-95
[    2.154344] 48000000.interconnect:segment@200000:target-module@0:mpu@0:fck: device ID is greater than 24
[    2.165205] /ocp/interconnect@48000000/segment@300000/target-module@e000/lcdc@0: Fixed dependency cycle(s) with /ocp/interconnect@44c00000/segment@200000/target-module@b000/i2c@0/tda19988@70
[    2.185667] /ocp/interconnect@48000000/segment@300000/target-module@e000/lcdc@0: Fixed dependency cycle(s) with /ocp/interconnect@44c00000/segment@200000/target-module@b000/i2c@0/tda19988@70
[    2.204000] /ocp/interconnect@44c00000/segment@200000/target-module@b000/i2c@0/tda19988@70: Fixed dependency cycle(s) with /ocp/interconnect@48000000/segment@300000/target-module@e000/lcdc@0
[    2.221723] /ocp/interconnect@48000000/segment@300000/target-module@e000/lcdc@0: Fixed dependency cycle(s) with /ocp/interconnect@44c00000/segment@200000/target-module@b000/i2c@0/tda19988@70
[    2.248998] mdio_bus 4a101000.mdio: using DT '/ocp/interconnect@4a000000/segment@0/target-module@100000/switch@0/mdio@1000' for 'reset' GPIO lookup
[    2.262846] of_get_named_gpiod_flags: can't parse 'reset-gpios' property of node '/ocp/interconnect@4a000000/segment@0/target-module@100000/switch@0/mdio@1000[0]'
[    2.277902] of_get_named_gpiod_flags: can't parse 'reset-gpio' property of node '/ocp/interconnect@4a000000/segment@0/target-module@100000/switch@0/mdio@1000[0]'
[    2.292835] mdio_bus 4a101000.mdio: using lookup tables for GPIO lookup
[    2.299648] mdio_bus 4a101000.mdio: No GPIO consumer reset found
[    2.307128] sdhci-omap 481d8000.mmc: using DT '/ocp/interconnect@48000000/segment@100000/target-module@d8000/mmc@0' for 'wp' GPIO lookup
[    2.319995] of_get_named_gpiod_flags: can't parse 'wp-gpios' property of node '/ocp/interconnect@48000000/segment@100000/target-module@d8000/mmc@0[0]'
[    2.333959] of_get_named_gpiod_flags: can't parse 'wp-gpio' property of node '/ocp/interconnect@48000000/segment@100000/target-module@d8000/mmc@0[0]'
[    2.347802] sdhci-omap 481d8000.mmc: using lookup tables for GPIO lookup
[    2.354742] sdhci- omap 481d8000.mmc: No GPIO consumer wp found
[    2.360944] sdhci-omap 481d8000.mmc: supply pbias not found, using dummy regulator
[    2.369534] sdhci-omap 481d8000.mmc: supply vqmmc not found, using dummy regulator
[    2.381152] davinci_mdio 4a101000.mdio: davinci mdio revision 1.6, bus freq 1000000
[    2.390541] mdio_bus 4a101000.mdio:00: using DT '/ocp/interconnect@4a000000/segment@0/target-module@100000/switch@0/mdio@1000/ethernet-phy@0' for 'reset' GPIO lookup
[    2.406026] of_get_named_gpiod_flags: parsed 'r
Labgrid Console Logfile for main
Logfile started at 2024-12-13 09:27:45.364579
=== Log starts here ===
ready
DRAM:  512 MiB
No match for driver 'omap_hsmmc'
No match for driver 'omap_hsmmc'
Some drivers were not found
Reset Source: Power-on reset has occurred.
RTC 32KCLK Source: External.
MMC:   OMAP SD/MMC: 0, OMAP SD/MMC: 1
Loading Environment from EXT4... 
** Unable to use mmc 0:1 for loading the env **
Board: BeagleBone Black
<ethaddr> not set. Validating first E-fuse MAC
BeagleBone Black:
BeagleBone: cape eeprom: i2c_probe: 0x54:
BeagleBone: cape eeprom: i2c_probe: 0x55:
BeagleBone: cape eeprom: i2c_probe: 0x56:
BeagleBone: cape eeprom: i2c_probe: 0x57:
Net:   eth0: MII MODE
cpsw, usb_ether
Press SPACE to abort autoboot in 0 seconds
board_name=[A335BNLT] ...
board_rev=[00C0] ...
switch to partitions #0, OK
mmc0 is current device
SD/MMC found on device 0
switch to partitions #0, OK
mmc0 is current device
Scanning mmc 0:1...
gpio: pin 56 (gpio 56) value is 0
gpio: pin 55 (gpio 55) value is 0
gpio: pin 54 (gpio 54) value is 0
gpio: pin 53 (gpio 53) value is 1
switch to partitions #0, OK
mmc0 is current device
gpio: pin 54 (gpio 54) value is 1
Checking for: /uEnv.txt ...
584 bytes read in 2 ms (285.2 KiB/s)
gpio: pin 55 (gpio 55) value is 1
Loaded environment from /uEnv.txt
Importing environment from mmc ...
Checking if uenvcmd is set ...
gpio: pin 56 (gpio 56) value is 1
Running uenvcmd ...
cpsw Waiting for PHY auto negotiation to complete.... done
link up on port 0, speed 100, full duplex
Using cpsw device
TFTP from server 192.168.255.126; our IP address is 192.168.255.3
Filename 'zImage'.
Load address: 0x81000000
Loading: *#################################################################
	 #################################################################
	 #################################################################
	 #################################################################
	 #################################################################
	 #####################################################
	 3 MiB/s
done
Bytes transferred = 5542168 (549118 hex)
link up on port 0, speed 100, full duplex
Using cpsw device
TFTP from server 192.168.255.126; our IP address is 192.168.255.3
Filename 'am335x-boneblack.dtb'.
Load address: 0x82000000
Loading: *#######
	 2.6 MiB/s
done
Bytes transferred = 98244 (17fc4 hex)
## Flattened Device Tree blob at 82000000
   Booting using the fdt blob at 0x82000000
   Loading Device Tree to 8ffe5000, end 8fffffc3 ... OK

Starting kernel ...

[    0.000000] Booting Linux on physical CPU 0x0
[    0.000000] Linux version 6.13.0-rc2-next-20241213 (user01@drvtest01) (arm-linux-gnueabihf-gcc (Linaro GCC 6.4-2017.11) 6.4.1 20171012, GNU ld (Linaro_Binutils-2017.11) 2.27.0.20161229) #156 SMP Fri Dec 13 07:18:58 EET 2024
[    0.000000] CPU: ARMv7 Processor [413fc082] revision 2 (ARMv7), cr=10c5387d
[    0.000000] CPU: PIPT / VIPT nonaliasing data cache, VIPT aliasing instruction cache
[    0.000000] OF: fdt: Machine model: TI AM335x BeagleBone Black
[    0.000000] earlycon: omap8250 at MMIO 0x44e09000 (options '')
[    0.000000] printk: legacy bootconsole [omap8250] enabled
[    0.000000] Memory policy: Data cache writeback
[    0.000000] cma: Reserved 16 MiB at 0x9e800000 on node -1
[    0.000000] Zone ranges:
[    0.000000]   Normal   [mem 0x0000000080000000-0x000000009fdfffff]
[    0.000000]   HighMem  empty
[    0.000000] Movable zone start for each node
[    0.000000] Early memory node ranges
[    0.000000]   node   0: [mem 0x0000000080000000-0x000000009fdfffff]
[    0.000000] Initmem setup node 0 [mem 0x0000000080000000-0x000000009fdfffff]
[    0.000000] OF: reserved mem: Reserved memory: No reserved-memory node in the DT
[    0.000000] CPU: All CPU(s) started in SVC mode.
[    0.000000] AM335X ES2.1 (sgx neon)
[    0.000000] percpu: Embedded 17 pages/cpu s39628 r8192 d21812 u69632
[    0.000000] pcpu-alloc: s39628 r8192 d21812 u69632 alloc=17*4096
[    0.000000] pcpu-alloc: [0] 0 
[    0.000000] Kernel command line: console=ttyO0,115200n8 debug earlycon root=/dev/nfs rw nfsroot=192.168.255.126:/home/user01/nfs,nfsvers=3 ip=192.168.255.3:192.168.255.126::255.255.255.0:bbb1:eth0 nfsrootdebug
[    0.000000] Unknown kernel command line parameters "nfsrootdebug", will be passed to user space.
[    0.000000] printk: log buffer data + meta data: 65536 + 204800 = 270336 bytes
[    0.000000] Dentry cache hash table entries: 65536 (order: 6, 262144 bytes, linear)
[    0.000000] Inode-cache hash table entries: 32768 (order: 5, 131072 bytes, linear)
[    0.000000] Built 1 zonelists, mobility grouping on.  Total pages: 130560
[    0.000000] mem auto-init: stack:off, heap alloc:off, heap free:off
[    0.000000] SLUB: HWalign=64, Order=0-3, MinObjects=0, CPUs=1, Nodes=1
[    0.000000] trace event string verifier disabled
[    0.000000] rcu: Hierarchical RCU implementation.
[    0.000000] rcu: 	RCU event tracing is enabled.
[    0.000000] rcu: 	RCU restricting CPUs from NR_CPUS=2 to nr_cpu_ids=1.
[    0.000000] 	Tracing variant of Tasks RCU enabled.
[    0.000000] rcu: RCU calculated value of scheduler-enlistment delay is 10 jiffies.
[    0.000000] rcu: Adjusting geometry for rcu_fanout_leaf=16, nr_cpu_ids=1
[    0.000000] RCU Tasks Trace: Setting shift to 0 and lim to 1 rcu_task_cb_adjust=1 rcu_task_cpu_ids=1.
[    0.000000] NR_IRQS: 16, nr_irqs: 16, preallocated irqs: 16
[    0.000000] IRQ: Found an INTC at 0x(ptrval) (revision 5.0) with 128 interrupts
[    0.000000] rcu: srcu_init: Setting srcu_struct sizes based on contention.
[    0.000000] TI gptimer clocksource: always-on /ocp/interconnect@44c00000/segment@200000/target-module@31000
[    0.000003] sched_clock: 32 bits at 24MHz, resolution 41ns, wraps every 89478484971ns
[    0.008077] clocksource: dmtimer: mask: 0xffffffff max_cycles: 0xffffffff, max_idle_ns: 79635851949 ns
[    0.018136] TI gptimer clockevent: 24000000 Hz at /ocp/interconnect@48000000/segment@0/target-module@40000
[    0.029724] Console: colour dummy device 80x30
[    0.034369] WARNING: Your 'console=ttyO0' has been replaced by 'ttyS0'
[    0.041178] This ensures that you still see kernel messages. Please
[    0.047630] update your kernel commandline.
[    0.051986] Calibrating delay loop... 996.14 BogoMIPS (lpj=4980736)
[    0.094620] CPU: Testing write buffer coherency: ok
[    0.099748] CPU0: Spectre v2: using BPIALL workaround
[    0.104951] pid_max: default: 32768 minimum: 301
[    0.109825] LSM: initializing lsm=capability
[    0.114397] Mount-cache hash table entries: 1024 (order: 0, 4096 bytes, linear)
[    0.121966] Mountpoint-cache hash table entries: 1024 (order: 0, 4096 bytes, linear)
[    0.131638] CPU0: thread -1, cpu 0, socket -1, mpidr 0
[    0.139294] Setting up static identity map for 0x80100000 - 0x80100078
[    0.146356] rcu: Hierarchical SRCU implementation.
[    0.151356] rcu: 	Max phase no-delay instances is 1000.
[    0.158670] smp: Bringing up secondary CPUs ...
[    0.163403] smp: Brought up 1 node, 1 CPU
[    0.167537] SMP: Total of 1 processors activated (996.14 BogoMIPS).
[    0.174087] CPU: All CPU(s) started in SVC mode.
[    0.179034] Memory: 480840K/522240K available (11264K kernel code, 1215K rwdata, 2904K rodata, 1024K init, 295K bss, 23388K reserved, 16384K cma-reserved, 0K highmem)
[    0.195332] devtmpfs: initialized
[    0.215535] VFP support v0.3: implementor 41 architecture 3 part 30 variant c rev 3
[    0.223907] clocksource: jiffies: mask: 0xffffffff max_cycles: 0xffffffff, max_idle_ns: 19112604462750000 ns
[    0.234114] futex hash table entries: 256 (order: 2, 16384 bytes, linear)
[    0.242383] pinctrl core: initialized pinctrl subsystem
[    0.250760] NET: Registered PF_NETLINK/PF_ROUTE protocol family
[    0.259796] DMA: preallocated 256 KiB pool for atomic coherent allocations
[    0.267793] audit: initializing netlink subsys (disabled)
[    0.274899] thermal_sys: Registered thermal governor 'fair_share'
[    0.274929] thermal_sys: Registered thermal governor 'step_wise'
[    0.281304] thermal_sys: Registered thermal governor 'user_space'
[    0.287617] audit: type=2000 audit(0.240:1): state=initialized audit_enabled=0 res=1
[    0.301993] cpuidle: using governor menu
[    0.324441] /ocp/interconnect@44c00000/segment@200000/target-module@b000/i2c@0/tda19988@70: Fixed dependency cycle(s) with /ocp/interconnect@48000000/segment@300000/target-module@e000/lcdc@0
[    0.343205] /ocp/interconnect@48000000/segment@300000/target-module@e000/lcdc@0: Fixed dependency cycle(s) with /ocp/interconnect@44c00000/segment@200000/target-module@b000/i2c@0/tda19988@70
[    0.363024] No ATAGs?
[    0.365391] hw-breakpoint: debug architecture 0x4 unsupported.
[    0.374357] kprobes: kprobe jump-optimization is enabled. All kprobes are optimized if possible.
[    0.401894] iommu: Default domain type: Translated
[    0.406856] iommu: DMA domain TLB invalidation policy: strict mode
[    0.415049] reg-fixed-voltage fixedregulator0: using DT '/fixedregulator0' for '(default)' GPIO lookup
[    0.424784] of_get_named_gpiod_flags: can't parse 'gpios' property of node '/fixedregulator0[0]'
[    0.433881] of_get_named_gpiod_flags: can't parse 'gpio' property of node '/fixedregulator0[0]'
[    0.442879] reg-fixed-voltage fixedregulator0: using lookup tables for GPIO lookup
[    0.450694] reg-fixed-voltage fixedregulator0: No GPIO consumer (default) found
[    0.478908] SCSI subsystem initialized
[    0.488787] libata version 3.00 loaded.
[    0.493119] pps_core: LinuxPPS API ver. 1 registered
[    0.498294] pps_core: Software ver. 5.3.6 - Copyright 2005-2007 Rodolfo Giometti <giometti@linux.it>
[    0.507726] PTP clock support registered
[    0.538264] vgaarb: loaded
[    0.548199] clocksource: Switched to clocksource dmtimer
[    0.554390] VFS: Disk quotas dquot_6.6.0
[    0.558601] VFS: Dquot-cache hash table entries: 1024 (order 0, 4096 bytes)
[    0.601378] NET: Registered PF_INET protocol family
[    0.606903] IP idents hash table entries: 8192 (order: 4, 65536 bytes, linear)
[    0.615807] tcp_listen_portaddr_hash hash table entries: 512 (order: 0, 4096 bytes, linear)
[    0.624513] Table-perturb hash table entries: 65536 (order: 6, 262144 bytes, linear)
[    0.632524] TCP established hash table entries: 4096 (order: 2, 16384 bytes, linear)
[    0.640532] TCP bind hash table entries: 4096 (order: 4, 65536 bytes, linear)
[    0.647994] TCP: Hash tables configured (established 4096 bind 4096)
[    0.654678] UDP hash table entries: 256 (order: 1, 14336 bytes, linear)
[    0.661555] UDP-Lite hash table entries: 256 (order: 1, 14336 bytes, linear)
[    0.669001] NET: Registered PF_UNIX/PF_LOCAL protocol family
[    0.753264] RPC: Registered named UNIX socket transport module.
[    0.759398] RPC: Registered udp transport module.
[    0.764314] RPC: Registered tcp transport module.
[    0.769156] RPC: Registered tcp-with-tls transport module.
[    0.774823] RPC: Registered tcp NFSv4.1 backchannel transport module.
[    0.781471] PCI: CLS 0 bytes, default 64
[    0.787092] Initialise system trusted keyrings
[    0.854014] workingset: timestamp_bits=14 max_order=17 bucket_order=3
[    0.862205] NFS: Registering the id_resolver key type
[    0.867494] Key type id_resolver registered
[    0.871879] Key type id_legacy registered
[    0.876063] jffs2: version 2.2. (NAND) (SUMMARY)  © 2001-2006 Red Hat, Inc.
[    0.911056] Key type asymmetric registered
[    0.915417] Asymmetric key parser 'x509' registered
[    0.920517] io scheduler mq-deadline registered
[    0.925229] io scheduler kyber registered
[    0.929427] io scheduler bfq registered
[    0.959684] ledtrig-cpu: registered to indicate activity on CPUs
[    0.968956] Serial: 8250/16550 driver, 6 ports, IRQ sharing enabled
[    1.032554] brd: module loaded
[    1.056885] loop: module loaded
[    1.061079] mtdoops: mtd device (mtddev=name/number) must be supplied
[    1.081204] mdio_bus fixed-0: using lookup tables for GPIO lookup
[    1.087611] mdio_bus fixed-0: No GPIO consumer reset found
[    1.094687] i2c_dev: i2c /dev entries driver
[    1.100089] cpuidle: enable-method property 'ti,am3352' found operations
[    1.107602] sdhci: Secure Digital Host Controller Interface driver
[    1.114032] sdhci: Copyright(c) Pierre Ossman
[    1.118709] sdhci-pltfm: SDHCI platform and OF driver helper
[    1.125654] Initializing XFRM netlink socket
[    1.130207] NET: Registered PF_INET6 protocol family
[    1.206952] Segment Routing with IPv6
[    1.210832] In-situ OAM (IOAM) with IPv6
[    1.215077] sit: IPv6, IPv4 and MPLS over IPv4 tunneling driver
[    1.222235] NET: Registered PF_PACKET protocol family
[    1.227477] NET: Registered PF_KEY protocol family
[    1.232599] Key type dns_resolver registered
[    1.237293] ThumbEE CPU extension supported.
[    1.241769] Registering SWP/SWPB emulation handler
[    1.247240] omap_voltage_late_init: Voltage driver support not added
[    1.254238] SmartReflex Class3 initialized
[    1.332706] Loading compiled-in X.509 certificates
[    1.388091] /ocp/interconnect@44c00000/segment@200000/target-module@b000/i2c@0/tda19988@70: Fixed dependency cycle(s) with /ocp/interconnect@48000000/segment@300000/target-module@e000/lcdc@0
[    1.412353] /ocp/interconnect@44c00000/segment@200000/target-module@b000/i2c@0/tda19988@70: Fixed dependency cycle(s) with /ocp/interconnect@48000000/segment@300000/target-module@e000/lcdc@0
[    1.435663] gpiochip_find_base_unlocked: found new base at 512
[    1.505893] /ocp/interconnect@44c00000/segment@200000/target-module@b000/i2c@0/tda19988@70: Fixed dependency cycle(s) with /ocp/interconnect@48000000/segment@300000/target-module@e000/lcdc@0
[    1.524536] /ocp/interconnect@44c00000/segment@200000/target-module@b000/i2c@0/tda19988@70: Fixed dependency cycle(s) with /ocp/interconnect@48000000/segment@300000/target-module@e000/lcdc@0
[    1.545667] /ocp/interconnect@44c00000/segment@200000/target-module@10000/scm@0/pinmux@800: Fixed dependency cycle(s) with /ocp/interconnect@44c00000/segment@200000/target-module@10000/scm@0/pinmux@800/clkout2-pins
[    1.566012] pinctrl-single 44e10800.pinmux: 142 pins, size 568
[    1.577384] ti-sysc 44e31000.target-module: probe with driver ti-sysc failed with error -16
[    1.680707] /ocp/interconnect@48000000/segment@300000/target-module@e000/lcdc@0: Fixed dependency cycle(s) with /ocp/interconnect@44c00000/segment@200000/target-module@b000/i2c@0/tda19988@70
[    1.706596] ti-sysc 48040000.target-module: probe with driver ti-sysc failed with error -16
[    1.727036] gpiochip_find_base_unlocked: found new base at 512
[    1.733302] gpio gpiochip0: (gpio-0-31): created GPIO range 0->7 ==> 44e10800.pinmux PIN 0->7
[    1.742137] gpio gpiochip0: (gpio-0-31): created GPIO range 8->11 ==> 44e10800.pinmux PIN 90->93
[    1.751191] gpio gpiochip0: (gpio-0-31): created GPIO range 12->27 ==> 44e10800.pinmux PIN 12->27
[    1.760359] gpio gpiochip0: (gpio-0-31): created GPIO range 28->31 ==> 44e10800.pinmux PIN 30->33
[    1.874261] gpio gpiochip0: (gpio-0-31): added GPIO chardev (254:0)
[    1.880882] gpio gpiochip0: registered GPIOs 512 to 543 on gpio-0-31
[    1.887593] OMAP GPIO hardware version 0.1
[    1.918042] i2c i2c-2: using DT '/ocp/interconnect@48000000/segment@100000/target-module@9c000/i2c@0' for 'scl' GPIO lookup
[    1.929823] of_get_named_gpiod_flags: can't parse 'scl-gpios' property of node '/ocp/interconnect@48000000/segment@100000/target-module@9c000/i2c@0[0]'
[    1.943919] of_get_named_gpiod_flags: can't parse 'scl-gpio' property of node '/ocp/interconnect@48000000/segment@100000/target-module@9c000/i2c@0[0]'
[    1.957892] i2c i2c-2: using lookup tables for GPIO lookup
[    1.963588] i2c i2c-2: No GPIO consumer scl found
[    1.968448] i2c i2c-2: using DT '/ocp/interconnect@48000000/segment@100000/target-module@9c000/i2c@0' for 'sda' GPIO lookup
[    1.979993] of_get_named_gpiod_flags: can't parse 'sda-gpios' property of node '/ocp/interconnect@48000000/segment@100000/target-module@9c000/i2c@0[0]'
[    1.994030] of_get_named_gpiod_flags: can't parse 'sda-gpio' property of node '/ocp/interconnect@48000000/segment@100000/target-module@9c000/i2c@0[0]'
[    2.007965] i2c i2c-2: using lookup tables for GPIO lookup
[    2.013650] i2c i2c-2: No GPIO consumer sda found
[    2.019235] omap_i2c 4819c000.i2c: bus 2 rev0.11 at 100 kHz
[    2.030608] gpiochip_find_base_unlocked: found new base at 544
[    2.036893] gpio gpiochip1: (gpio-32-63): created GPIO range 0->17 ==> 44e10800.pinmux PIN 34->51
[    2.046096] gpio gpiochip1: (gpio-32-63): created GPIO range 18->21 ==> 44e10800.pinmux PIN 77->80
[    2.055377] gpio gpiochip1: (gpio-32-63): created GPIO range 22->31 ==> 44e10800.pinmux PIN 56->65
[    2.065558] gpio gpiochip1: (gpio-32-63): added GPIO chardev (254:1)
[    2.072391] gpio gpiochip1: registered GPIOs 544 to 575 on gpio-32-63
[    2.081330] gpiochip_find_base_unlocked: found new base at 576
[    2.087582] gpio gpiochip2: (gpio-64-95): created GPIO range 0->4 ==> 44e10800.pinmux PIN 66->70
[    2.096686] gpio gpiochip2: (gpio-64-95): created GPIO range 5->6 ==> 44e10800.pinmux PIN 98->99
[    2.105766] gpio gpiochip2: (gpio-64-95): cre ated GPIO range 7->8 ==> 44e10800.pinmux PIN 75->76
[    2.114844] gpio gpiochip2: (gpio-64-95): created GPIO range 13->13 ==> 44e10800.pinmux PIN 141->141
[    2.124279] gpio gpiochip2: (gpio-64-95): created GPIO range 14->21 ==> 44e10800.pinmux PIN 100->107
[    2.134475] gpio gpiochip2: (gpio-64-95): added GPIO chardev (254:2)
[    2.141169] gpio gpiochip2: registered GPIOs 576 to 607 on gpio-64-95
[    2.153764] 48000000.interconnect:segment@200000:target-module@0:mpu@0:fck: device ID is greater than 24
[    2.16
[    2.953952]  rpm_callback from rpm_resume+0x614/0x660
[    2.959157]  rpm_resume from __pm_runtime_resume+0x4c/0x64
[    2.964809]  __pm_runtime_resume from __device_attach+0xd0/0x1b4
[    2.970998]  __device_attach from bus_probe_device+0x88/0x8c
[    2.976829]  bus_probe_device from deferred_probe_work_func+0x3c/0xdc
[    2.983463]  deferred_probe_work_func from process_scheduled_works+0xec/0x430
[    2.990814]  process_scheduled_works from worker_thread+0x130/0x2f8
[    2.997270]  worker_thread from kthread+0x188/0x24c
[    3.002302]  kthread from ret_from_fork+0x14/0x20
[    3.007151] Exception stack(0xe0091fb0 to 0xe0091ff8)
[    3.012351] 1fa0:                                     00000000 00000000 00000000 00000000
[    3.020768] 1fc0: 00000000 00000000 00000000 00000000 00000000 00000000 00000000 00000000
[    3.029186] 1fe0: 00000000 00000000 00000000 00000000 00000013 00000000
[    3.035991] ---[ end trace 0000000000000000 ]---
[    3.041106] 8<--- cut here ---
[    3.044264] Unhandled fault: external abort on non-linefetch (0x1028) at 0xf9e07034
[    3.052147] [f9e07034] *pgd=44e11452(bad)
[    3.056293] Internal error: : 1028 [#1] SMP ARM
[    3.060960] Modules linked in:
[    3.064110] CPU: 0 UID: 0 PID: 34 Comm: kworker/u4:3 Tainted: G        W          6.13.0-rc2-next-20241213 #156
[    3.074499] Tainted: [W]=WARN
[    3.077549] Hardware name: Generic AM33XX (Flattened Device Tree)
[    3.083820] Workqueue: events_unbound deferred_probe_work_func
[    3.089837] PC is at omap_gpio_probe+0x14c/0x5c0
[    3.094596] LR is at 0x20
[    3.097292] pc : [<c06b92bc>]    lr : [<00000020>]    psr: 20000013
[    3.103740] sp : e0091db8  ip : 00000000  fp : c1219e40
[    3.109115] r10: c12292d8  r9 : df9429f4  r8 : c1d14400
[    3.114490] r7 : c1d14410  r6 : 00000000  r5 : 00000000  r4 : c2814a40
[    3.121206] r3 : ffffffff  r2 : c0c4a31c  r1 : f9e07000  r0 : f9e07034
[    3.127923] Flags: nzCv  IRQs on  FIQs on  Mode SVC_32  ISA ARM  Segment none
[    3.135269] Control: 10c5387d  Table: 80004019  DAC: 00000051
[    3.141180] Register r0 information: 0-page vmalloc region starting at 0xf9c00000 allocated at iotable_init+0x0/0xf4
[    3.152031] Register r1 information: 0-page vmalloc region starting at 0xf9c00000 allocated at iotable_init+0x0/0xf4
[    3.162871] Register r2 information: non-slab/vmalloc memory
[    3.168703] Register r3 information: non-paged memory
[    3.173904] Register r4 information: slab kmalloc-512 start c2814a00 pointer offset 64 size 512
[    3.182888] Register r5 information: NULL pointer
[    3.187732] Register r6 information: NULL pointer
[    3.192575] Register r7 information: slab kmalloc-1k start c1d14400 pointer offset 16 size 1024
[    3.201553] Register r8 information: slab kmalloc-1k start c1d14400 pointer offset 0 size 1024
[    3.210441] Register r9 information: non-slab/vmalloc memory
[    3.216269] Register r10 information: non-slab/vmalloc memory
[    3.222186] Register r11 information: non-slab/vmalloc memory
[    3.228103] Register r12 information: NULL pointer
[    3.233036] Process kworker/u4:3 (pid: 34, stack limit = 0x(ptrval))
[    3.239577] Stack: (0xe0091db8 to 0xe0092000)
[    3.244061] 1da0:                                                       00000000 b53e50bb
[    3.252479] 1dc0: c1fce000 c1d14410 00000000 c1d14410 00000000 c11ca754 00000000 c12292d8
[    3.260898] 1de0 : c0e0d4f8 c079958c c1d14410 00000000 c11ca754 00000000 c12292d8 c07968a8
[    3.269317] 1e00: 00000000 0000005c c1d14410 c11ca754 c1d14410 0000005c c1105348 c0796b9c
[    3.277735] 1e20: c127480c c0c49fb8 60000013 c1272acc 00000001 c1d14410 0000005c c1105348
[    3.286153] 1e40: c0e0d4f8 c0796d50 c11ca754 00000001 e0091ea4 c1d14410 c1105348 c0796eac
[    3.294572] 1e60: 00000000 e0091ea4 c0796df8 c19fc000 c1105348 c0794898 c0e0d4f8 c19fc06c
[    3.302991] 1e80: c1a05538 b53e50bb c1d14410 c1105348 c1d14454 c19fc000 00
Labgrid Console Logfile for main
Logfile started at 2024-12-13 09:29:09.728889
=== Log starts here ===
ready
DRAM:  512 MiB
No match for driver 'omap_hsmmc'
No match for driver 'omap_hsmmc'
Some drivers were not found
Reset Source: Power-on reset has occurred.
RTC 32KCLK Source: External.
MMC:   OMAP SD/MMC: 0, OMAP SD/MMC: 1
Loading Environment from EXT4... 
** Unable to use mmc 0:1 for loading the env **
Board: BeagleBone Black
<ethaddr> not set. Validating first E-fuse MAC
BeagleBone Black:
BeagleBone: cape eeprom: i2c_probe: 0x54:
BeagleBone: cape eeprom: i2c_probe: 0x55:
BeagleBone: cape eeprom: i2c_probe: 0x56:
BeagleBone: cape eeprom: i2c_probe: 0x57:
Net:   eth0: MII MODE
cpsw, usb_ether
Press SPACE to abort autoboot in 0 seconds
board_name=[A335BNLT] ...
board_rev=[00C0] ...
switch to partitions #0, OK
mmc0 is current device
SD/MMC found on device 0
switch to partitions #0, OK
mmc0 is current device
Scanning mmc 0:1...
gpio: pin 56 (gpio 56) value is 0
gpio: pin 55 (gpio 55) value is 0
gpio: pin 54 (gpio 54) value is 0
gpio: pin 53 (gpio 53) value is 1
switch to partitions #0, OK
mmc0 is current device
gpio: pin 54 (gpio 54) value is 1
Checking for: /uEnv.txt ...
584 bytes read in 2 ms (285.2 KiB/s)
gpio: pin 55 (gpio 55) value is 1
Loaded environment from /uEnv.txt
Importing environment from mmc ...
Checking if uenvcmd is set ...
gpio: pin 56 (gpio 56) value is 1
Running uenvcmd ...
cpsw Waiting for PHY auto negotiation to complete.... done
link up on port 0, speed 100, full duplex
Using cpsw device
TFTP from server 192.168.255.126; our IP address is 192.168.255.3
Filename 'zImage'.
Load address: 0x81000000
Loading: *#################################################################
	 #################################################################
	 #################################################################
	 #################################################################
	 #################################################################
	 #####################################################
	 3 MiB/s
done
Bytes transferred = 5542168 (549118 hex)
link up on port 0, speed 100, full duplex
Using cpsw device
TFTP from server 192.168.255.126; our IP address is 192.168.255.3
Filename 'am335x-boneblack.dtb'.
Load address: 0x82000000
Loading: *#######
	 2.6 MiB/s
done
Bytes transferred = 98244 (17fc4 hex)
## Flattened Device Tree blob at 82000000
   Booting using the fdt blob at 0x82000000
   Loading Device Tree to 8ffe5000, end 8fffffc3 ... OK

Starting kernel ...

[    0.000000] Booting Linux on physical CPU 0x0
[    0.000000] Linux version 6.13.0-rc2-next-20241213 (user01@drvtest01) (arm-linux-gnueabihf-gcc (Linaro GCC 6.4-2017.11) 6.4.1 20171012, GNU ld (Linaro_Binutils-2017.11) 2.27.0.20161229) #156 SMP Fri Dec 13 07:18:58 EET 2024
[    0.000000] CPU: ARMv7 Processor [413fc082] revision 2 (ARMv7), cr=10c5387d
[    0.000000] CPU: PIPT / VIPT nonaliasing data cache, VIPT aliasing instruction cache
[    0.000000] OF: fdt: Machine model: TI AM335x BeagleBone Black
[    0.000000] earlycon: omap8250 at MMIO 0x44e09000 (options '')
[    0.000000] printk: legacy bootconsole [omap8250] enabled
[    0.000000] Memory policy: Data cache writeback
[    0.000000] cma: Reserved 16 MiB at 0x9e800000 on node -1
[    0.000000] Zone ranges:
[    0.000000]   Normal   [mem 0x0000000080000000-0x000000009fdfffff]
[    0.000000]   HighMem  empty
[    0.000000] Movable zone start for each node
[    0.000000] Early memory node ranges
[    0.000000]   node   0: [mem 0x0000000080000000-0x000000009fdfffff]
[    0.000000] Initmem setup node 0 [mem 0x0000000080000000-0x000000009fdfffff]
[    0.000000] OF: reserved mem: Reserved memory: No reserved-memory node in the DT
[    0.000000] CPU: All CPU(s) started in SVC mode.
[    0.000000] AM335X ES2.1 (sgx neon)
[    0.000000] percpu: Embedded 17 pages/cpu s39628 r8192 d21812 u69632
[    0.000000] pcpu-alloc: s39628 r8192 d21812 u69632 alloc=17*4096
[    0.000000] pcpu-alloc: [0] 0 
[    0.000000] Kernel command line: console=ttyO0,115200n8 debug earlycon root=/dev/nfs rw nfsroot=192.168.255.126:/home/user01/nfs,nfsvers=3 ip=192.168.255.3:192.168.255.126::255.255.255.0:bbb1:eth0 nfsrootdebug
[    0.000000] Unknown kernel command line parameters "nfsrootdebug", will be passed to user space.
[    0.000000] printk: log buffer data + meta data: 65536 + 204800 = 270336 bytes
[    0.000000] Dentry cache hash table entries: 65536 (order: 6, 262144 bytes, linear)
[    0.000000] Inode-cache hash table entries: 32768 (order: 5, 131072 bytes, linear)
[    0.000000] Built 1 zonelists, mobility grouping on.  Total pages: 130560
[    0.000000] mem auto-init: stack:off, heap alloc:off, heap free:off
[    0.000000] SLUB: HWalign=64, Order=0-3, MinObjects=0, CPUs=1, Nodes=1
[    0.000000] trace event string verifier disabled
[    0.000000] rcu: Hierarchical RCU implementation.
[    0.000000] rcu: 	RCU event tracing is enabled.
[    0.000000] rcu: 	RCU restricting CPUs from NR_CPUS=2 to nr_cpu_ids=1.
[    0.000000] 	Tracing variant of Tasks RCU enabled.
[    0.000000] rcu: RCU calculated value of scheduler-enlistment delay is 10 jiffies.
[    0.000000] rcu: Adjusting geometry for rcu_fanout_leaf=16, nr_cpu_ids=1
[    0.000000] RCU Tasks Trace: Setting shift to 0 and lim to 1 rcu_task_cb_adjust=1 rcu_task_cpu_ids=1.
[    0.000000] NR_IRQS: 16, nr_irqs: 16, preallocated irqs: 16
[    0.000000] IRQ: Found an INTC at 0x(ptrval) (revision 5.0) with 128 interrupts
[    0.000000] rcu: srcu_init: Setting srcu_struct sizes based on contention.
[    0.000000] TI gptimer clocksource: always-on /ocp/interconnect@44c00000/segment@200000/target-module@31000
[    0.000003] sched_clock: 32 bits at 24MHz, resolution 41ns, wraps every 89478484971ns
[    0.008076] clocksource: dmtimer: mask: 0xffffffff max_cycles: 0xffffffff, max_idle_ns: 79635851949 ns
[    0.018134] TI gptimer clockevent: 24000000 Hz at /ocp/interconnect@48000000/segment@0/target-module@40000
[    0.029736] Console: colour dummy device 80x30
[    0.034379] WARNING: Your 'console=ttyO0' has been replaced by 'ttyS0'
[    0.041189] This ensures that you still see kernel messages. Please
[    0.047640] update your kernel commandline.
[    0.051996] Calibrating delay loop... 996.14 BogoMIPS (lpj=4980736)
[    0.094624] CPU: Testing write buffer coherency: ok
[    0.099758] CPU0: Spectre v2: using BPIALL workaround
[    0.104962] pid_max: default: 32768 minimum: 301
[    0.109837] LSM: initializing lsm=capability
[    0.114411] Mount-cache hash table entries: 1024 (order: 0, 4096 bytes, linear)
[    0.121985] Mountpoint-cache hash table entries: 1024 (order: 0, 4096 bytes, linear)
[    0.131674] CPU0: thread -1, cpu 0, socket -1, mpidr 0
[    0.139341] Setting up static identity map for 0x80100000 - 0x80100078
[    0.146406] rcu: Hierarchical SRCU implementation.
[    0.151406] rcu: 	Max phase no-delay instances is 1000.
[    0.158747] smp: Bringing up secondary CPUs ...
[    0.163478] smp: Brought up 1 node, 1 CPU
[    0.167611] SMP: Total of 1 processors activated (996.14 BogoMIPS).
[    0.174168] CPU: All CPU(s) started in SVC mode.
[    0.179116] Memory: 480840K/522240K available (11264K kernel code, 1215K rwdata, 2904K rodata, 1024K init, 295K bss, 23388K reserved, 16384K cma-reserved, 0K highmem)
[    0.195415] devtmpfs: initialized
[    0.215628] VFP support v0.3: implementor 41 architecture 3 part 30 variant c rev 3
[    0.224006] clocksource: jiffies: mask: 0xffffffff max_cycles: 0xffffffff, max_idle_ns: 19112604462750000 ns
[    0.234215] futex hash table entries: 256 (order: 2, 16384 bytes, linear)
[    0.242541] pinctrl core: initialized pinctrl subsystem
[    0.250912] NET: Registered PF_NETLINK/PF_ROUTE protocol family
[    0.259969] DMA: preallocated 256 KiB pool for atomic coherent allocations
[    0.267975] audit: initializing netlink subsys (disabled)
[    0.275093] thermal_sys: Registered thermal governor 'fair_share'
[    0.275122] thermal_sys: Registered thermal governor 'step_wise'
[    0.281499] thermal_sys: Registered thermal governor 'user_space'
[    0.287806] audit: type=2000 audit(0.240:1): state=initialized audit_enabled=0 res=1
[    0.302190] cpuidle: using governor menu
[    0.324625] /ocp/interconnect@44c00000/segment@200000/target-module@b000/i2c@0/tda19988@70: Fixed dependency cycle(s) with /ocp/interconnect@48000000/segment@300000/target-module@e000/lcdc@0
[    0.343392] /ocp/interconnect@48000000/segment@300000/target-module@e000/lcdc@0: Fixed dependency cycle(s) with /ocp/interconnect@44c00000/segment@200000/target-module@b000/i2c@0/tda19988@70
[    0.363200] No ATAGs?
[    0.365569] hw-breakpoint: debug architecture 0x4 unsupported.
[    0.374561] kprobes: kprobe jump-optimization is enabled. All kprobes are optimized if possible.
[    0.402118] iommu: Default domain type: Translated
[    0.407078] iommu: DMA domain TLB invalidation policy: strict mode
[    0.415273] reg-fixed-voltage fixedregulator0: using DT '/fixedregulator0' for '(default)' GPIO lookup
[    0.425005] of_get_named_gpiod_flags: can't parse 'gpios' property of node '/fixedregulator0[0]'
[    0.434099] of_get_named_gpiod_flags: can't parse 'gpio' property of node '/fixedregulator0[0]'
[    0.443097] reg-fixed-voltage fixedregulator0: using lookup tables for GPIO lookup
[    0.450914] reg-fixed-voltage fixedregulator0: No GPIO consumer (default) found
[    0.479133] SCSI subsystem initialized
[    0.498750] libata version 3.00 loaded.
[    0.503091] pps_core: LinuxPPS API ver. 1 registered
[    0.508263] pps_core: Software ver. 5.3.6 - Copyright 2005-2007 Rodolfo Giometti <giometti@linux.it>
[    0.517697] PTP clock support registered
[    0.558683] vgaarb: loaded
[    0.561965] clocksource: Switched to clocksource dmtimer
[    0.568120] VFS: Disk quotas dquot_6.6.0
[    0.572393] VFS: Dquot-cache hash table entries: 1024 (order 0, 4096 bytes)
[    0.609457] NET: Registered PF_INET protocol family
[    0.614934] IP idents hash table entries: 8192 (order: 4, 65536 bytes, linear)
[    0.623847] tcp_listen_portaddr_hash hash table entries: 512 (order: 0, 4096 bytes, linear)
[    0.632539] Table-perturb hash table entries: 65536 (order: 6, 262144 bytes, linear)
[    0.640528] TCP established hash table entries: 4096 (order: 2, 16384 bytes, linear)
[    0.648562] TCP bind hash table entries: 4096 (order: 4, 65536 bytes, linear)
[    0.656025] TCP: Hash tables configured (established 4096 bind 4096)
[    0.662709] UDP hash table entries: 256 (order: 1, 14336 bytes, linear)
[    0.669551] UDP-Lite hash table entries: 256 (order: 1, 14336 bytes, linear)
[    0.677038] NET: Registered PF_UNIX/PF_LOCAL protocol family
[    0.753544] RPC: Registered named UNIX socket transport module.
[    0.759679] RPC: Registered udp transport module.
[    0.764599] RPC: Registered tcp transport module.
[    0.769443] RPC: Registered tcp-with-tls transport module.
[    0.775110] RPC: Registered tcp NFSv4.1 backchannel transport module.
[    0.781761] PCI: CLS 0 bytes, default 64
[    0.787384] Initialise system trusted keyrings
[    0.854262] workingset: timestamp_bits=14 max_order=17 bucket_order=3
[    0.862464] NFS: Registering the id_resolver key type
[    0.867764] Key type id_resolver registered
[    0.872137] Key type id_legacy registered
[    0.876320] jffs2: version 2.2. (NAND) (SUMMARY)  © 2001-2006 Red Hat, Inc.
[    0.911322] Key type asymmetric registered
[    0.915682] Asymmetric key parser 'x509' registered
[    0.920781] io scheduler mq-deadline registered
[    0.925492] io scheduler kyber registered
[    0.929695] io scheduler bfq registered
[    0.959964] ledtrig-cpu: registered to indicate activity on CPUs
[    0.969267] Serial: 8250/16550 driver, 6 ports, IRQ sharing enabled
[    1.056503] brd: module loaded
[    1.077053] loop: module loaded
[    1.081256] mtdoops: mtd device (mtddev=name/number) must be supplied
[    1.098171] mdio_bus fixed-0: using lookup tables for GPIO lookup
[    1.104576] mdio_bus fixed-0: No GPIO consumer reset found
[    1.111628] i2c_dev: i2c /dev entries driver
[    1.117112] cpuidle: enable-method property 'ti,am3352' found operations
[    1.124591] sdhci: Secure Digital Host Controller Interface driver
[    1.130963] sdhci: Copyright(c) Pierre Ossman
[    1.135696] sdhci-pltfm: SDHCI platform and OF driver helper
[    1.142646] Initializing XFRM netlink socket
[    1.147209] NET: Registered PF_INET6 protocol family
[    1.228668] Segment Routing with IPv6
[    1.232654] In-situ OAM (IOAM) with IPv6
[    1.236799] sit: IPv6, IPv4 and MPLS over IPv4 tunneling driver
[    1.243945] NET: Registered PF_PACKET protocol family
[    1.249190] NET: Registered PF_KEY protocol family
[    1.254362] Key type dns_resolver registered
[    1.259056] ThumbEE CPU extension supported.
[    1.263545] Registering SWP/SWPB emulation handler
[    1.269022] omap_voltage_late_init: Voltage driver support not added
[    1.276026] SmartReflex Class3 initialized
[    1.352844] Loading compiled-in X.509 certificates
[    1.396677] /ocp/interconnect@44c00000/segment@200000/target-module@b000/i2c@0/tda19988@70: Fixed dependency cycle(s) with /ocp/interconnect@48000000/segment@300000/target-module@e000/lcdc@0
[    1.420806] /ocp/interconnect@44c00000/segment@200000/target-module@b000/i2c@0/tda19988@70: Fixed dependency cycle(s) with /ocp/interconnect@48000000/segment@300000/target-module@e000/lcdc@0
[    1.444278] gpiochip_find_base_unlocked: found new base at 512
[    1.506667] /ocp/interconnect@44c00000/segment@200000/target-module@b000/i2c@0/tda19988@70: Fixed dependency cycle(s) with /ocp/interconnect@48000000/segment@300000/target-module@e000/lcdc@0
[    1.525313] /ocp/interconnect@44c00000/segment@200000/target-module@b000/i2c@0/tda19988@70: Fixed dependency cycle(s) with /ocp/interconnect@48000000/segment@300000/target-module@e000/lcdc@0
[    1.546476] /ocp/interconnect@44c00000/segment@200000/target-module@10000/scm@0/pinmux@800: Fixed dependency cycle(s) with /ocp/interconnect@44c00000/segment@200000/target-module@10000/scm@0/pinmux@800/clkout2-pins
[    1.566838] pinctrl-single 44e10800.pinmux: 142 pins, size 568
[    1.578197] ti-sysc 44e31000.target-module: probe with driver ti-sysc failed with error -16
[    1.681560] /ocp/interconnect@48000000/segment@300000/target-module@e000/lcdc@0: Fixed dependency cycle(s) with /ocp/interconnect@44c00000/segment@200000/target-module@b000/i2c@0/tda19988@70
[    1.707518] ti-sysc 48040000.target-module: probe with driver ti-sysc failed with error -16
[    1.727951] gpiochip_find_base_unlocked: found new base at 512
[    1.734221] gpio gpiochip0: (gpio-0-31): created GPIO range 0->7 ==> 44e10800.pinmux PIN 0->7
